[0.003s][info][gc] Using Parallel
[0.004s][info][gc,init] Version: 17.0.5+8-LTS (release)
[0.004s][info][gc,init] CPUs: 8 total, 8 available
[0.004s][info][gc,init] Memory: 32112M
[0.004s][info][gc,init] Large Page Support: Disabled
[0.004s][info][gc,init] NUMA Support: Disabled
[0.004s][info][gc,init] Compressed Oops: Enabled (Zero based)
[0.004s][info][gc,init] Alignments: Space 512K, Generation 512K, Heap 2M
[0.004s][info][gc,init] Heap Min Capacity: 2054M
[0.004s][info][gc,init] Heap Initial Capacity: 2054M
[0.004s][info][gc,init] Heap Max Capacity: 3G
[0.004s][info][gc,init] Pre-touch: Disabled
[0.004s][info][gc,init] Parallel Workers: 4
[0.004s][info][gc,metaspace] CDS archive(s) mapped at: [0x0000000800000000-0x0000000800be1000-0x0000000800be1000), size 12455936, SharedBaseAddress: 0x0000000800000000, ArchiveRelocationMode: 0.
[0.004s][info][gc,metaspace] Compressed class space mapped at: 0x0000000800c00000-0x0000000840c00000, reserved size: 1073741824
[0.004s][info][gc,metaspace] Narrow klass base: 0x0000000800000000, Narrow klass shift: 0, Narrow klass range: 0x100000000
[0.617s][info][safepoint   ] Safepoint "ICBufferFull", Time since last: 606985788 ns, Reaching safepoint: 140799 ns, At safepoint: 7100 ns, Total: 147899 ns
[0.994s][info][safepoint   ] Safepoint "ICBufferFull", Time since last: 376300870 ns, Reaching safepoint: 256998 ns, At safepoint: 1500 ns, Total: 258498 ns
[1.416s][info][gc,start    ] GC(0) Pause Young (Metadata GC Threshold)
[1.427s][debug][gc,phases   ] GC(0) Scavenge 11.381ms
[1.427s][debug][gc,ref      ] GC(0) Skipped phase 1 of Reference Processing: no references
[1.428s][debug][gc,ref      ] GC(0) ReferenceProcessor::execute queues: 2, RefProcThreadModel::Multi, marks_oops_alive: false
[1.428s][debug][gc,ref      ] GC(0) Skipped phase 3 of Reference Processing: no references
[1.428s][debug][gc,ref      ] GC(0) ReferenceProcessor::execute queues: 1, RefProcThreadModel::Single, marks_oops_alive: false
[1.428s][debug][gc,phases   ] GC(0) Reference Processing 0.204ms
[1.428s][debug][gc,phases   ] GC(0)   VM Weak                        Min:  0.0, Avg:  0.0, Max:  0.0, Diff:  0.0, Sum:  0.0, Workers: 4
[1.428s][debug][gc,phases   ] GC(0)     Dead                           Min: 0, Avg:  0.0, Max: 0, Diff: 0, Sum: 0, Workers: 4
[1.428s][debug][gc,phases   ] GC(0)     Total                          Min: 0, Avg: 54.5, Max: 154, Diff: 154, Sum: 218, Workers: 4
[1.428s][debug][gc,phases   ] GC(0)   ObjectSynchronizer Weak        Min:  0.0, Avg:  0.0, Max:  0.0, Diff:  0.0, Sum:  0.0, Workers: 4
[1.428s][debug][gc,phases   ] GC(0)     Dead                           Min: 0, Avg:  1.0, Max: 4, Diff: 4, Sum: 4, Workers: 4
[1.428s][debug][gc,phases   ] GC(0)     Total                          Min: 0, Avg:  2.0, Max: 8, Diff: 8, Sum: 8, Workers: 4
[1.428s][debug][gc,phases   ] GC(0)   JVMTI Tag Weak OopStorage      Min:  0.0, Avg:  0.0, Max:  0.0, Diff:  0.0, Sum:  0.0, Workers: 4
[1.428s][debug][gc,phases   ] GC(0)     Dead                           Min: 0, Avg:  0.0, Max: 0, Diff: 0, Sum: 0, Workers: 4
[1.428s][debug][gc,phases   ] GC(0)     Total                          Min: 0, Avg:  0.0, Max: 0, Diff: 0, Sum: 0, Workers: 4
[1.428s][debug][gc,phases   ] GC(0)   StringTable Weak               Min:  0.1, Avg:  0.1, Max:  0.1, Diff:  0.0, Sum:  0.3, Workers: 4
[1.428s][debug][gc,phases   ] GC(0)     Dead                           Min: 0, Avg:  8.2, Max: 20, Diff: 20, Sum: 33, Workers: 4
[1.428s][debug][gc,phases   ] GC(0)     Total                          Min: 3200, Avg: 3741.8, Max: 4215, Diff: 1015, Sum: 14967, Workers: 4
[1.428s][debug][gc,phases   ] GC(0)   ResolvedMethodTable Weak       Min:  0.0, Avg:  0.0, Max:  0.0, Diff:  0.0, Sum:  0.0, Workers: 4
[1.428s][debug][gc,phases   ] GC(0)     Dead                           Min: 9, Avg: 18.0, Max: 28, Diff: 19, Sum: 72, Workers: 4
[1.428s][debug][gc,phases   ] GC(0)     Total                          Min: 256, Avg: 322.8, Max: 384, Diff: 128, Sum: 1291, Workers: 4
[1.428s][debug][gc,phases   ] GC(0)   JNI Weak                       Min:  0.0, Avg:  0.0, Max:  0.0, Diff:  0.0, Sum:  0.0, Workers: 4
[1.428s][debug][gc,phases   ] GC(0)     Dead                           Min: 0, Avg:  0.0, Max: 0, Diff: 0, Sum: 0, Workers: 4
[1.428s][debug][gc,phases   ] GC(0)     Total                          Min: 0, Avg:  0.0, Max: 0, Diff: 0, Sum: 0, Workers: 4
[1.428s][debug][gc,phases   ] GC(0)   StringDedup Table Weak         Min:  0.0, Avg:  0.0, Max:  0.0, Diff:  0.0, Sum:  0.0, Workers: 4
[1.428s][debug][gc,phases   ] GC(0)     Dead                           Min: 0, Avg:  0.0, Max: 0, Diff: 0, Sum: 0, Workers: 4
[1.428s][debug][gc,phases   ] GC(0)     Total                          Min: 0, Avg:  0.0, Max: 0, Diff: 0, Sum: 0, Workers: 4
[1.428s][debug][gc,phases   ] GC(0)   StringDedup Requests0 Weak     Min:  0.0, Avg:  0.0, Max:  0.0, Diff:  0.0, Sum:  0.0, Workers: 4
[1.428s][debug][gc,phases   ] GC(0)     Dead                           Min: 0, Avg:  0.0, Max: 0, Diff: 0, Sum: 0, Workers: 4
[1.428s][debug][gc,phases   ] GC(0)     Total                          Min: 0, Avg:  0.0, Max: 0, Diff: 0, Sum: 0, Workers: 4
[1.428s][debug][gc,phases   ] GC(0)   StringDedup Requests1 Weak     Min:  0.0, Avg:  0.0, Max:  0.0, Diff:  0.0, Sum:  0.0, Workers: 4
[1.428s][debug][gc,phases   ] GC(0)     Dead                           Min: 0, Avg:  0.0, Max: 0, Diff: 0, Sum: 0, Workers: 4
[1.428s][debug][gc,phases   ] GC(0)     Total                          Min: 0, Avg:  0.0, Max: 0, Diff: 0, Sum: 0, Workers: 4
[1.428s][debug][gc,phases   ] GC(0)   Weak JFR Old Object Samples    Min:  0.0, Avg:  0.0, Max:  0.0, Diff:  0.0, Sum:  0.0, Workers: 4
[1.428s][debug][gc,phases   ] GC(0)     Dead                           Min: 0, Avg:  0.0, Max: 0, Diff: 0, Sum: 0, Workers: 4
[1.428s][debug][gc,phases   ] GC(0)     Total                          Min: 0, Avg:  0.0, Max: 0, Diff: 0, Sum: 0, Workers: 4
[1.428s][debug][gc,phases   ] GC(0) Weak Processing 0.230ms
[1.428s][debug][gc,age      ] GC(0) Desired survivor size 536870912 bytes, new threshold 7 (max threshold 15)
[1.428s][info ][gc,heap     ] GC(0) PSYoungGen: 261915K(1572864K)->29599K(1572864K) Eden: 261915K(1048576K)->0K(1048576K) From: 0K(524288K)->29599K(524288K)
[1.428s][info ][gc,heap     ] GC(0) ParOldGen: 0K(6144K)->96K(6144K)
[1.428s][info ][gc,metaspace] GC(0) Metaspace: 21147K(21504K)->21147K(21504K) NonClass: 18519K(18688K)->18519K(18688K) Class: 2627K(2816K)->2627K(2816K)
[1.428s][info ][gc          ] GC(0) Pause Young (Metadata GC Threshold) 255M->28M(1542M) 12.116ms
[1.428s][info ][gc,cpu      ] GC(0) User=0.02s Sys=0.03s Real=0.02s
[1.428s][debug][gc,phases   ] GC(1) Pre Compact 0.009ms
[1.428s][info ][gc,start    ] GC(1) Pause Full (Metadata GC Threshold)
[1.428s][info ][gc,phases,start] GC(1) Marking Phase
[1.433s][debug][gc,phases      ] GC(1) Par Mark 5.405ms
[1.433s][debug][gc,ref         ] GC(1) Skipped phase 1 of Reference Processing: no references
[1.433s][debug][gc,ref         ] GC(1) ReferenceProcessor::execute queues: 2, RefProcThreadModel::Multi, marks_oops_alive: false
[1.434s][debug][gc,ref         ] GC(1) Skipped phase 3 of Reference Processing: no references
[1.434s][debug][gc,ref         ] GC(1) ReferenceProcessor::execute queues: 1, RefProcThreadModel::Single, marks_oops_alive: false
[1.434s][debug][gc,phases      ] GC(1) Reference Processing 0.073ms
[1.434s][debug][gc,phases      ] GC(1)   VM Weak                        Min:  0.0, Avg:  0.0, Max:  0.0, Diff:  0.0, Sum:  0.0, Workers: 4
[1.434s][debug][gc,phases      ] GC(1)     Dead                           Min: 0, Avg:  0.0, Max: 0, Diff: 0, Sum: 0, Workers: 4
[1.434s][debug][gc,phases      ] GC(1)     Total                          Min: 0, Avg: 54.5, Max: 218, Diff: 218, Sum: 218, Workers: 4
[1.434s][debug][gc,phases      ] GC(1)   ObjectSynchronizer Weak        Min:  0.0, Avg:  0.0, Max:  0.0, Diff:  0.0, Sum:  0.0, Workers: 4
[1.434s][debug][gc,phases      ] GC(1)     Dead                           Min: 0, Avg:  0.0, Max: 0, Diff: 0, Sum: 0, Workers: 4
[1.434s][debug][gc,phases      ] GC(1)     Total                          Min: 0, Avg:  2.0, Max: 8, Diff: 8, Sum: 8, Workers: 4
[1.434s][debug][gc,phases      ] GC(1)   JVMTI Tag Weak OopStorage      Min:  0.0, Avg:  0.0, Max:  0.0, Diff:  0.0, Sum:  0.0, Workers: 4
[1.434s][debug][gc,phases      ] GC(1)     Dead                           Min: 0, Avg:  0.0, Max: 0, Diff: 0, Sum: 0, Workers: 4
[1.434s][debug][gc,phases      ] GC(1)     Total                          Min: 0, Avg:  0.0, Max: 0, Diff: 0, Sum: 0, Workers: 4
[1.434s][debug][gc,phases      ] GC(1)   StringTable Weak               Min:  0.0, Avg:  0.0, Max:  0.0, Diff:  0.0, Sum:  0.2, Workers: 4
[1.434s][debug][gc,phases      ] GC(1)     Dead                           Min: 0, Avg:  0.0, Max: 0, Diff: 0, Sum: 0, Workers: 4
[1.434s][debug][gc,phases      ] GC(1)     Total                          Min: 3127, Avg: 3741.8, Max: 4224, Diff: 1097, Sum: 14967, Workers: 4
[1.434s][debug][gc,phases      ] GC(1)   ResolvedMethodTable Weak       Min:  0.0, Avg:  0.0, Max:  0.0, Diff:  0.0, Sum:  0.0, Workers: 4
[1.434s][debug][gc,phases      ] GC(1)     Dead                           Min: 0, Avg:  0.0, Max: 0, Diff: 0, Sum: 0, Workers: 4
[1.434s][debug][gc,phases      ] GC(1)     Total                          Min: 267, Avg: 322.8, Max: 384, Diff: 117, Sum: 1291, Workers: 4
[1.434s][debug][gc,phases      ] GC(1)   JNI Weak                       Min:  0.0, Avg:  0.0, Max:  0.0, Diff:  0.0, Sum:  0.0, Workers: 4
[1.434s][debug][gc,phases      ] GC(1)     Dead                           Min: 0, Avg:  0.0, Max: 0, Diff: 0, Sum: 0, Workers: 4
[1.434s][debug][gc,phases      ] GC(1)     Total                          Min: 0, Avg:  0.0, Max: 0, Diff: 0, Sum: 0, Workers: 4
[1.434s][debug][gc,phases      ] GC(1)   StringDedup Table Weak         Min:  0.0, Avg:  0.0, Max:  0.0, Diff:  0.0, Sum:  0.0, Workers: 4
[1.434s][debug][gc,phases      ] GC(1)     Dead                           Min: 0, Avg:  0.0, Max: 0, Diff: 0, Sum: 0, Workers: 4
[1.434s][debug][gc,phases      ] GC(1)     Total                          Min: 0, Avg:  0.0, Max: 0, Diff: 0, Sum: 0, Workers: 4
[1.434s][debug][gc,phases      ] GC(1)   StringDedup Requests0 Weak     Min:  0.0, Avg:  0.0, Max:  0.0, Diff:  0.0, Sum:  0.0, Workers: 4
[1.434s][debug][gc,phases      ] GC(1)     Dead                           Min: 0, Avg:  0.0, Max: 0, Diff: 0, Sum: 0, Workers: 4
[1.434s][debug][gc,phases      ] GC(1)     Total                          Min: 0, Avg:  0.0, Max: 0, Diff: 0, Sum: 0, Workers: 4
[1.434s][debug][gc,phases      ] GC(1)   StringDedup Requests1 Weak     Min:  0.0, Avg:  0.0, Max:  0.0, Diff:  0.0, Sum:  0.0, Workers: 4
[1.434s][debug][gc,phases      ] GC(1)     Dead                           Min: 0, Avg:  0.0, Max: 0, Diff: 0, Sum: 0, Workers: 4
[1.434s][debug][gc,phases      ] GC(1)     Total                          Min: 0, Avg:  0.0, Max: 0, Diff: 0, Sum: 0, Workers: 4
[1.434s][debug][gc,phases      ] GC(1)   Weak JFR Old Object Samples    Min:  0.0, Avg:  0.0, Max:  0.0, Diff:  0.0, Sum:  0.0, Workers: 4
[1.434s][debug][gc,phases      ] GC(1)     Dead                           Min: 0, Avg:  0.0, Max: 0, Diff: 0, Sum: 0, Workers: 4
[1.434s][debug][gc,phases      ] GC(1)     Total                          Min: 0, Avg:  0.0, Max: 0, Diff: 0, Sum: 0, Workers: 4
[1.434s][debug][gc,phases      ] GC(1) Weak Processing 0.181ms
[1.434s][debug][gc,phases      ] GC(1) ClassLoaderData 0.007ms
[1.434s][debug][gc,phases      ] GC(1) Trigger cleanups 0.000ms
[1.436s][debug][gc,phases      ] GC(1) Class Unloading 2.475ms
[1.436s][info ][gc,phases      ] GC(1) Marking Phase 8.197ms
[1.436s][info ][gc,phases,start] GC(1) Summary Phase
[1.436s][info ][gc,phases      ] GC(1) Summary Phase 0.006ms
[1.436s][info ][gc,phases,start] GC(1) Adjust Roots
[1.439s][info ][gc,phases      ] GC(1) Adjust Roots 2.927ms
[1.439s][info ][gc,phases,start] GC(1) Compaction Phase
[1.451s][info ][gc,phases      ] GC(1) Compaction Phase 11.420ms
[1.451s][info ][gc,phases,start] GC(1) Post Compact
[1.451s][info ][gc,phases      ] GC(1) Post Compact 0.686ms
[1.451s][info ][gc,heap        ] GC(1) PSYoungGen: 29599K(1572864K)->23894K(1572864K) Eden: 0K(1048576K)->0K(1048576K) From: 29599K(524288K)->23894K(524288K)
[1.451s][info ][gc,heap        ] GC(1) ParOldGen: 96K(6144K)->5688K(6144K)
[1.451s][info ][gc,metaspace   ] GC(1) Metaspace: 21147K(21504K)->21147K(21504K) NonClass: 18519K(18688K)->18519K(18688K) Class: 2627K(2816K)->2627K(2816K)
[1.451s][info ][gc             ] GC(1) Pause Full (Metadata GC Threshold) 28M->28M(1542M) 23.324ms
[1.451s][info ][gc,cpu         ] GC(1) User=0.07s Sys=0.00s Real=0.02s
[1.451s][info ][safepoint      ] Safepoint "CollectForMetadataAllocation", Time since last: 422007980 ns, Reaching safepoint: 139599 ns, At safepoint: 35533695 ns, Total: 35673294 ns
[1.535s][info ][safepoint      ] Safepoint "ICBufferFull", Time since last: 83570983 ns, Reaching safepoint: 138099 ns, At safepoint: 4500 ns, Total: 142599 ns
[1.621s][info ][safepoint      ] Safepoint "ICBufferFull", Time since last: 85683665 ns, Reaching safepoint: 126599 ns, At safepoint: 4300 ns, Total: 130899 ns
[1.757s][info ][safepoint      ] Safepoint "ICBufferFull", Time since last: 136006433 ns, Reaching safepoint: 147799 ns, At safepoint: 2000 ns, Total: 149799 ns
[2.122s][info ][safepoint      ] Safepoint "ICBufferFull", Time since last: 365175570 ns, Reaching safepoint: 207998 ns, At safepoint: 10600 ns, Total: 218598 ns
[2.445s][info ][safepoint      ] Safepoint "ICBufferFull", Time since last: 322041640 ns, Reaching safepoint: 203898 ns, At safepoint: 8300 ns, Total: 212198 ns
[2.594s][info ][safepoint      ] Safepoint "ICBufferFull", Time since last: 149202421 ns, Reaching safepoint: 141999 ns, At safepoint: 3900 ns, Total: 145899 ns
[2.781s][info ][gc,start       ] GC(2) Pause Young (Metadata GC Threshold)
[2.824s][debug][gc,phases      ] GC(2) Scavenge 42.642ms
[2.824s][debug][gc,ref         ] GC(2) Skipped phase 1 of Reference Processing: no references
[2.824s][debug][gc,ref         ] GC(2) ReferenceProcessor::execute queues: 3, RefProcThreadModel::Multi, marks_oops_alive: false
[2.824s][debug][gc,ref         ] GC(2) Skipped phase 3 of Reference Processing: no references
[2.824s][debug][gc,ref         ] GC(2) ReferenceProcessor::execute queues: 2, RefProcThreadModel::Multi, marks_oops_alive: false
[2.824s][debug][gc,phases      ] GC(2) Reference Processing 0.276ms
[2.825s][debug][gc,phases      ] GC(2)   VM Weak                        Min:  0.0, Avg:  0.0, Max:  0.0, Diff:  0.0, Sum:  0.0, Workers: 4
[2.825s][debug][gc,phases      ] GC(2)     Dead                           Min: 0, Avg:  0.0, Max: 0, Diff: 0, Sum: 0, Workers: 4
[2.825s][debug][gc,phases      ] GC(2)     Total                          Min: 0, Avg: 82.2, Max: 265, Diff: 265, Sum: 329, Workers: 4
[2.825s][debug][gc,phases      ] GC(2)   ObjectSynchronizer Weak        Min:  0.0, Avg:  0.0, Max:  0.0, Diff:  0.0, Sum:  0.0, Workers: 4
[2.825s][debug][gc,phases      ] GC(2)     Dead                           Min: 0, Avg:  0.0, Max: 0, Diff: 0, Sum: 0, Workers: 4
[2.825s][debug][gc,phases      ] GC(2)     Total                          Min: 0, Avg:  2.0, Max: 8, Diff: 8, Sum: 8, Workers: 4
[2.825s][debug][gc,phases      ] GC(2)   JVMTI Tag Weak OopStorage      Min:  0.0, Avg:  0.0, Max:  0.0, Diff:  0.0, Sum:  0.0, Workers: 4
[2.825s][debug][gc,phases      ] GC(2)     Dead                           Min: 0, Avg:  0.0, Max: 0, Diff: 0, Sum: 0, Workers: 4
[2.825s][debug][gc,phases      ] GC(2)     Total                          Min: 0, Avg:  0.0, Max: 0, Diff: 0, Sum: 0, Workers: 4
[2.825s][debug][gc,phases      ] GC(2)   StringTable Weak               Min:  0.2, Avg:  0.2, Max:  0.2, Diff:  0.0, Sum:  0.8, Workers: 4
[2.825s][debug][gc,phases      ] GC(2)     Dead                           Min: 0, Avg:  2.0, Max: 4, Diff: 4, Sum: 8, Workers: 4
[2.825s][debug][gc,phases      ] GC(2)     Total                          Min: 6976, Avg: 7416.8, Max: 7843, Diff: 867, Sum: 29667, Workers: 4
[2.825s][debug][gc,phases      ] GC(2)   ResolvedMethodTable Weak       Min:  0.0, Avg:  0.0, Max:  0.0, Diff:  0.0, Sum:  0.1, Workers: 4
[2.825s][debug][gc,phases      ] GC(2)     Dead                           Min: 6, Avg: 13.8, Max: 25, Diff: 19, Sum: 55, Workers: 4
[2.825s][debug][gc,phases      ] GC(2)     Total                          Min: 640, Avg: 750.5, Max: 896, Diff: 256, Sum: 3002, Workers: 4
[2.825s][debug][gc,phases      ] GC(2)   JNI Weak                       Min:  0.0, Avg:  0.0, Max:  0.0, Diff:  0.0, Sum:  0.0, Workers: 4
[2.825s][debug][gc,phases      ] GC(2)     Dead                           Min: 0, Avg:  0.0, Max: 0, Diff: 0, Sum: 0, Workers: 4
[2.825s][debug][gc,phases      ] GC(2)     Total                          Min: 0, Avg:  0.5, Max: 2, Diff: 2, Sum: 2, Workers: 4
[2.825s][debug][gc,phases      ] GC(2)   StringDedup Table Weak         Min:  0.0, Avg:  0.0, Max:  0.0, Diff:  0.0, Sum:  0.0, Workers: 4
[2.825s][debug][gc,phases      ] GC(2)     Dead                           Min: 0, Avg:  0.0, Max: 0, Diff: 0, Sum: 0, Workers: 4
[2.825s][debug][gc,phases      ] GC(2)     Total                          Min: 0, Avg:  0.0, Max: 0, Diff: 0, Sum: 0, Workers: 4
[2.825s][debug][gc,phases      ] GC(2)   StringDedup Requests0 Weak     Min:  0.0, Avg:  0.0, Max:  0.0, Diff:  0.0, Sum:  0.0, Workers: 4
[2.825s][debug][gc,phases      ] GC(2)     Dead                           Min: 0, Avg:  0.0, Max: 0, Diff: 0, Sum: 0, Workers: 4
[2.825s][debug][gc,phases      ] GC(2)     Total                          Min: 0, Avg:  0.0, Max: 0, Diff: 0, Sum: 0, Workers: 4
[2.825s][debug][gc,phases      ] GC(2)   StringDedup Requests1 Weak     Min:  0.0, Avg:  0.0, Max:  0.0, Diff:  0.0, Sum:  0.0, Workers: 4
[2.825s][debug][gc,phases      ] GC(2)     Dead                           Min: 0, Avg:  0.0, Max: 0, Diff: 0, Sum: 0, Workers: 4
[2.825s][debug][gc,phases      ] GC(2)     Total                          Min: 0, Avg:  0.0, Max: 0, Diff: 0, Sum: 0, Workers: 4
[2.825s][debug][gc,phases      ] GC(2)   Weak JFR Old Object Samples    Min:  0.0, Avg:  0.0, Max:  0.0, Diff:  0.0, Sum:  0.0, Workers: 4
[2.825s][debug][gc,phases      ] GC(2)     Dead                           Min: 0, Avg:  0.0, Max: 0, Diff: 0, Sum: 0, Workers: 4
[2.825s][debug][gc,phases      ] GC(2)     Total                          Min: 0, Avg:  0.0, Max: 0, Diff: 0, Sum: 0, Workers: 4
[2.825s][debug][gc,phases      ] GC(2) Weak Processing 0.371ms
[2.825s][debug][gc,age         ] GC(2) Desired survivor size 536870912 bytes, new threshold 7 (max threshold 15)
[2.825s][info ][gc,heap        ] GC(2) PSYoungGen: 464313K(1572864K)->78453K(1572864K) Eden: 440418K(1048576K)->0K(1048576K) From: 23894K(524288K)->78453K(524288K)
[2.825s][info ][gc,heap        ] GC(2) ParOldGen: 5688K(6144K)->5696K(6144K)
[2.825s][info ][gc,metaspace   ] GC(2) Metaspace: 35342K(35840K)->35342K(35840K) NonClass: 30138K(30400K)->30138K(30400K) Class: 5204K(5440K)->5204K(5440K)
[2.825s][info ][gc             ] GC(2) Pause Young (Metadata GC Threshold) 458M->82M(1542M) 43.385ms
[2.825s][info ][gc,cpu         ] GC(2) User=0.16s Sys=0.02s Real=0.04s
[2.825s][debug][gc,phases      ] GC(3) Pre Compact 0.008ms
[2.825s][info ][gc,start       ] GC(3) Pause Full (Metadata GC Threshold)
[2.825s][info ][gc,phases,start] GC(3) Marking Phase
[2.852s][debug][gc,phases      ] GC(3) Par Mark 26.944ms
[2.852s][debug][gc,ref         ] GC(3) Skipped phase 1 of Reference Processing: no references
[2.852s][debug][gc,ref         ] GC(3) ReferenceProcessor::execute queues: 3, RefProcThreadModel::Multi, marks_oops_alive: false
[2.852s][debug][gc,ref         ] GC(3) Skipped phase 3 of Reference Processing: no references
[2.852s][debug][gc,ref         ] GC(3) ReferenceProcessor::execute queues: 1, RefProcThreadModel::Single, marks_oops_alive: false
[2.852s][debug][gc,phases      ] GC(3) Reference Processing 0.170ms
[2.852s][debug][gc,phases      ] GC(3)   VM Weak                        Min:  0.0, Avg:  0.0, Max:  0.0, Diff:  0.0, Sum:  0.0, Workers: 4
[2.852s][debug][gc,phases      ] GC(3)     Dead                           Min: 0, Avg:  0.0, Max: 0, Diff: 0, Sum: 0, Workers: 4
[2.852s][debug][gc,phases      ] GC(3)     Total                          Min: 0, Avg: 82.2, Max: 201, Diff: 201, Sum: 329, Workers: 4
[2.852s][debug][gc,phases      ] GC(3)   ObjectSynchronizer Weak        Min:  0.0, Avg:  0.0, Max:  0.0, Diff:  0.0, Sum:  0.0, Workers: 4
[2.852s][debug][gc,phases      ] GC(3)     Dead                           Min: 0, Avg:  0.0, Max: 0, Diff: 0, Sum: 0, Workers: 4
[2.852s][debug][gc,phases      ] GC(3)     Total                          Min: 0, Avg:  2.0, Max: 8, Diff: 8, Sum: 8, Workers: 4
[2.852s][debug][gc,phases      ] GC(3)   JVMTI Tag Weak OopStorage      Min:  0.0, Avg:  0.0, Max:  0.0, Diff:  0.0, Sum:  0.0, Workers: 4
[2.852s][debug][gc,phases      ] GC(3)     Dead                           Min: 0, Avg:  0.0, Max: 0, Diff: 0, Sum: 0, Workers: 4
[2.852s][debug][gc,phases      ] GC(3)     Total                          Min: 0, Avg:  0.0, Max: 0, Diff: 0, Sum: 0, Workers: 4
[2.852s][debug][gc,phases      ] GC(3)   StringTable Weak               Min:  0.1, Avg:  0.1, Max:  0.1, Diff:  0.0, Sum:  0.3, Workers: 4
[2.852s][debug][gc,phases      ] GC(3)     Dead                           Min: 0, Avg:  0.0, Max: 0, Diff: 0, Sum: 0, Workers: 4
[2.852s][debug][gc,phases      ] GC(3)     Total                          Min: 6848, Avg: 7416.8, Max: 7872, Diff: 1024, Sum: 29667, Workers: 4
[2.852s][debug][gc,phases      ] GC(3)   ResolvedMethodTable Weak       Min:  0.0, Avg:  0.0, Max:  0.0, Diff:  0.0, Sum:  0.0, Workers: 4
[2.852s][debug][gc,phases      ] GC(3)     Dead                           Min: 0, Avg:  0.0, Max: 0, Diff: 0, Sum: 0, Workers: 4
[2.852s][debug][gc,phases      ] GC(3)     Total                          Min: 704, Avg: 750.5, Max: 826, Diff: 122, Sum: 3002, Workers: 4
[2.852s][debug][gc,phases      ] GC(3)   JNI Weak                       Min:  0.0, Avg:  0.0, Max:  0.0, Diff:  0.0, Sum:  0.0, Workers: 4
[2.852s][debug][gc,phases      ] GC(3)     Dead                           Min: 0, Avg:  0.0, Max: 0, Diff: 0, Sum: 0, Workers: 4
[2.852s][debug][gc,phases      ] GC(3)     Total                          Min: 0, Avg:  0.5, Max: 2, Diff: 2, Sum: 2, Workers: 4
[2.852s][debug][gc,phases      ] GC(3)   StringDedup Table Weak         Min:  0.0, Avg:  0.0, Max:  0.0, Diff:  0.0, Sum:  0.0, Workers: 4
[2.852s][debug][gc,phases      ] GC(3)     Dead                           Min: 0, Avg:  0.0, Max: 0, Diff: 0, Sum: 0, Workers: 4
[2.852s][debug][gc,phases      ] GC(3)     Total                          Min: 0, Avg:  0.0, Max: 0, Diff: 0, Sum: 0, Workers: 4
[2.852s][debug][gc,phases      ] GC(3)   StringDedup Requests0 Weak     Min:  0.0, Avg:  0.0, Max:  0.0, Diff:  0.0, Sum:  0.0, Workers: 4
[2.852s][debug][gc,phases      ] GC(3)     Dead                           Min: 0, Avg:  0.0, Max: 0, Diff: 0, Sum: 0, Workers: 4
[2.852s][debug][gc,phases      ] GC(3)     Total                          Min: 0, Avg:  0.0, Max: 0, Diff: 0, Sum: 0, Workers: 4
[2.852s][debug][gc,phases      ] GC(3)   StringDedup Requests1 Weak     Min:  0.0, Avg:  0.0, Max:  0.0, Diff:  0.0, Sum:  0.0, Workers: 4
[2.852s][debug][gc,phases      ] GC(3)     Dead                           Min: 0, Avg:  0.0, Max: 0, Diff: 0, Sum: 0, Workers: 4
[2.852s][debug][gc,phases      ] GC(3)     Total                          Min: 0, Avg:  0.0, Max: 0, Diff: 0, Sum: 0, Workers: 4
[2.852s][debug][gc,phases      ] GC(3)   Weak JFR Old Object Samples    Min:  0.0, Avg:  0.0, Max:  0.0, Diff:  0.0, Sum:  0.0, Workers: 4
[2.852s][debug][gc,phases      ] GC(3)     Dead                           Min: 0, Avg:  0.0, Max: 0, Diff: 0, Sum: 0, Workers: 4
[2.852s][debug][gc,phases      ] GC(3)     Total                          Min: 0, Avg:  0.0, Max: 0, Diff: 0, Sum: 0, Workers: 4
[2.852s][debug][gc,phases      ] GC(3) Weak Processing 0.240ms
[2.852s][debug][gc,phases      ] GC(3) ClassLoaderData 0.037ms
[2.852s][debug][gc,phases      ] GC(3) Trigger cleanups 0.000ms
[2.856s][debug][gc,phases      ] GC(3) Class Unloading 3.980ms
[2.856s][info ][gc,phases      ] GC(3) Marking Phase 31.427ms
[2.856s][info ][gc,phases,start] GC(3) Summary Phase
[2.856s][info ][gc,phases      ] GC(3) Summary Phase 0.006ms
[2.856s][info ][gc,phases,start] GC(3) Adjust Roots
[2.861s][info ][gc,phases      ] GC(3) Adjust Roots 4.672ms
[2.861s][info ][gc,phases,start] GC(3) Compaction Phase
[3.173s][info ][gc,phases      ] GC(3) Compaction Phase 312.255ms
[3.173s][info ][gc,phases,start] GC(3) Post Compact
[3.174s][info ][gc,phases      ] GC(3) Post Compact 0.499ms
[3.174s][info ][gc,heap        ] GC(3) PSYoungGen: 78453K(1572864K)->77688K(1572864K) Eden: 0K(1048576K)->0K(1048576K) From: 78453K(524288K)->77688K(524288K)
[3.174s][info ][gc,heap        ] GC(3) ParOldGen: 5696K(6144K)->6068K(6144K)
[3.174s][info ][gc,metaspace   ] GC(3) Metaspace: 35342K(35840K)->35342K(35840K) NonClass: 30138K(30400K)->30138K(30400K) Class: 5204K(5440K)->5204K(5440K)
[3.174s][info ][gc             ] GC(3) Pause Full (Metadata GC Threshold) 82M->81M(1542M) 348.952ms
[3.174s][info ][gc,cpu         ] GC(3) User=0.77s Sys=0.00s Real=0.35s
[3.174s][info ][safepoint      ] Safepoint "CollectForMetadataAllocation", Time since last: 187242195 ns, Reaching safepoint: 84299 ns, At safepoint: 392450940 ns, Total: 392535239 ns
[3.588s][info ][safepoint      ] Safepoint "ICBufferFull", Time since last: 413699357 ns, Reaching safepoint: 133999 ns, At safepoint: 4300 ns, Total: 138299 ns
[3.856s][info ][safepoint      ] Safepoint "ICBufferFull", Time since last: 268611201 ns, Reaching safepoint: 154498 ns, At safepoint: 9700 ns, Total: 164198 ns
[3.891s][info ][safepoint      ] Safepoint "ICBufferFull", Time since last: 34262107 ns, Reaching safepoint: 114199 ns, At safepoint: 8500 ns, Total: 122699 ns
[3.942s][info ][safepoint      ] Safepoint "ICBufferFull", Time since last: 51192462 ns, Reaching safepoint: 128599 ns, At safepoint: 6000 ns, Total: 134599 ns
[3.974s][info ][safepoint      ] Safepoint "ICBufferFull", Time since last: 31458131 ns, Reaching safepoint: 275097 ns, At safepoint: 8100 ns, Total: 283197 ns
[4.037s][info ][safepoint      ] Safepoint "ICBufferFull", Time since last: 62674864 ns, Reaching safepoint: 228598 ns, At safepoint: 10300 ns, Total: 238898 ns
[4.124s][info ][safepoint      ] Safepoint "ICBufferFull", Time since last: 87511451 ns, Reaching safepoint: 148599 ns, At safepoint: 1600 ns, Total: 150199 ns
[4.477s][info ][safepoint      ] Safepoint "ICBufferFull", Time since last: 352089988 ns, Reaching safepoint: 168199 ns, At safepoint: 13899 ns, Total: 182098 ns
[4.625s][info ][safepoint      ] Safepoint "ICBufferFull", Time since last: 147948235 ns, Reaching safepoint: 227598 ns, At safepoint: 19400 ns, Total: 246998 ns
[4.625s][info ][safepoint      ] Safepoint "ICBufferFull", Time since last: 50299 ns, Reaching safepoint: 84600 ns, At safepoint: 19899 ns, Total: 104499 ns
[4.849s][info ][safepoint      ] Safepoint "ICBufferFull", Time since last: 223718287 ns, Reaching safepoint: 138599 ns, At safepoint: 5400 ns, Total: 143999 ns
[4.988s][info ][safepoint      ] Safepoint "ICBufferFull", Time since last: 138711714 ns, Reaching safepoint: 136599 ns, At safepoint: 9500 ns, Total: 146099 ns
[5.094s][info ][safepoint      ] Safepoint "ICBufferFull", Time since last: 105766096 ns, Reaching safepoint: 171898 ns, At safepoint: 2800 ns, Total: 174698 ns
[5.103s][info ][safepoint      ] Safepoint "ICBufferFull", Time since last: 8649827 ns, Reaching safepoint: 227498 ns, At safepoint: 5800 ns, Total: 233298 ns
[5.216s][info ][safepoint      ] Safepoint "ICBufferFull", Time since last: 113477030 ns, Reaching safepoint: 161798 ns, At safepoint: 7100 ns, Total: 168898 ns
[5.409s][info ][safepoint      ] Safepoint "ICBufferFull", Time since last: 192476655 ns, Reaching safepoint: 165099 ns, At safepoint: 7500 ns, Total: 172599 ns
[5.676s][info ][safepoint      ] Safepoint "ICBufferFull", Time since last: 266495522 ns, Reaching safepoint: 165698 ns, At safepoint: 5900 ns, Total: 171598 ns
[5.865s][info ][safepoint      ] Safepoint "ICBufferFull", Time since last: 189417582 ns, Reaching safepoint: 238198 ns, At safepoint: 8800 ns, Total: 246998 ns
[6.235s][info ][safepoint      ] Safepoint "ICBufferFull", Time since last: 368938350 ns, Reaching safepoint: 382296 ns, At safepoint: 18500 ns, Total: 400796 ns
[6.406s][info ][safepoint      ] Safepoint "ICBufferFull", Time since last: 171401637 ns, Reaching safepoint: 234698 ns, At safepoint: 15299 ns, Total: 249997 ns
[6.503s][debug][gc,phases      ] GC(4) Pre Compact 0.026ms
[6.503s][info ][gc,start       ] GC(4) Pause Full (Ergonomics)
[6.503s][info ][gc,phases,start] GC(4) Marking Phase
[6.599s][debug][gc,phases      ] GC(4) Par Mark 96.268ms
[6.599s][debug][gc,ref         ] GC(4) Skipped phase 1 of Reference Processing: no references
[6.600s][debug][gc,ref         ] GC(4) ReferenceProcessor::execute queues: 4, RefProcThreadModel::Multi, marks_oops_alive: false
[6.600s][debug][gc,ref         ] GC(4) Skipped phase 3 of Reference Processing: no references
[6.600s][debug][gc,ref         ] GC(4) ReferenceProcessor::execute queues: 4, RefProcThreadModel::Multi, marks_oops_alive: false
[6.600s][debug][gc,phases      ] GC(4) Reference Processing 1.192ms
[6.601s][debug][gc,phases      ] GC(4)   VM Weak                        Min:  0.0, Avg:  0.0, Max:  0.0, Diff:  0.0, Sum:  0.0, Workers: 4
[6.601s][debug][gc,phases      ] GC(4)     Dead                           Min: 0, Avg:  1.5, Max: 5, Diff: 5, Sum: 6, Workers: 4
[6.601s][debug][gc,phases      ] GC(4)     Total                          Min: 0, Avg: 135.2, Max: 320, Diff: 320, Sum: 541, Workers: 4
[6.601s][debug][gc,phases      ] GC(4)   ObjectSynchronizer Weak        Min:  0.0, Avg:  0.0, Max:  0.0, Diff:  0.0, Sum:  0.0, Workers: 4
[6.601s][debug][gc,phases      ] GC(4)     Dead                           Min: 0, Avg:  6.2, Max: 25, Diff: 25, Sum: 25, Workers: 4
[6.601s][debug][gc,phases      ] GC(4)     Total                          Min: 0, Avg: 16.5, Max: 64, Diff: 64, Sum: 66, Workers: 4
[6.601s][debug][gc,phases      ] GC(4)   JVMTI Tag Weak OopStorage      Min:  0.0, Avg:  0.0, Max:  0.0, Diff:  0.0, Sum:  0.0, Workers: 4
[6.601s][debug][gc,phases      ] GC(4)     Dead                           Min: 0, Avg:  0.0, Max: 0, Diff: 0, Sum: 0, Workers: 4
[6.601s][debug][gc,phases      ] GC(4)     Total                          Min: 0, Avg:  0.0, Max: 0, Diff: 0, Sum: 0, Workers: 4
[6.601s][debug][gc,phases      ] GC(4)   StringTable Weak               Min:  0.1, Avg:  0.1, Max:  0.1, Diff:  0.0, Sum:  0.6, Workers: 4
[6.601s][debug][gc,phases      ] GC(4)     Dead                           Min: 5, Avg:  6.8, Max: 11, Diff: 6, Sum: 27, Workers: 4
[6.601s][debug][gc,phases      ] GC(4)     Total                          Min: 9984, Avg: 10662.2, Max: 11545, Diff: 1561, Sum: 42649, Workers: 4
[6.601s][debug][gc,phases      ] GC(4)   ResolvedMethodTable Weak       Min:  0.0, Avg:  0.0, Max:  0.0, Diff:  0.0, Sum:  0.1, Workers: 4
[6.601s][debug][gc,phases      ] GC(4)     Dead                           Min: 51, Avg: 107.2, Max: 174, Diff: 123, Sum: 429, Workers: 4
[6.601s][debug][gc,phases      ] GC(4)     Total                          Min: 1536, Avg: 1727.8, Max: 2111, Diff: 575, Sum: 6911, Workers: 4
[6.601s][debug][gc,phases      ] GC(4)   JNI Weak                       Min:  0.0, Avg:  0.0, Max:  0.0, Diff:  0.0, Sum:  0.0, Workers: 4
[6.601s][debug][gc,phases      ] GC(4)     Dead                           Min: 0, Avg:  0.0, Max: 0, Diff: 0, Sum: 0, Workers: 4
[6.601s][debug][gc,phases      ] GC(4)     Total                          Min: 0, Avg: 10.8, Max: 43, Diff: 43, Sum: 43, Workers: 4
[6.601s][debug][gc,phases      ] GC(4)   StringDedup Table Weak         Min:  0.0, Avg:  0.0, Max:  0.0, Diff:  0.0, Sum:  0.0, Workers: 4
[6.601s][debug][gc,phases      ] GC(4)     Dead                           Min: 0, Avg:  0.0, Max: 0, Diff: 0, Sum: 0, Workers: 4
[6.601s][debug][gc,phases      ] GC(4)     Total                          Min: 0, Avg:  0.0, Max: 0, Diff: 0, Sum: 0, Workers: 4
[6.601s][debug][gc,phases      ] GC(4)   StringDedup Requests0 Weak     Min:  0.0, Avg:  0.0, Max:  0.0, Diff:  0.0, Sum:  0.0, Workers: 4
[6.601s][debug][gc,phases      ] GC(4)     Dead                           Min: 0, Avg:  0.0, Max: 0, Diff: 0, Sum: 0, Workers: 4
[6.601s][debug][gc,phases      ] GC(4)     Total                          Min: 0, Avg:  0.0, Max: 0, Diff: 0, Sum: 0, Workers: 4
[6.601s][debug][gc,phases      ] GC(4)   StringDedup Requests1 Weak     Min:  0.0, Avg:  0.0, Max:  0.0, Diff:  0.0, Sum:  0.0, Workers: 4
[6.601s][debug][gc,phases      ] GC(4)     Dead                           Min: 0, Avg:  0.0, Max: 0, Diff: 0, Sum: 0, Workers: 4
[6.601s][debug][gc,phases      ] GC(4)     Total                          Min: 0, Avg:  0.0, Max: 0, Diff: 0, Sum: 0, Workers: 4
[6.601s][debug][gc,phases      ] GC(4)   Weak JFR Old Object Samples    Min:  0.0, Avg:  0.0, Max:  0.0, Diff:  0.0, Sum:  0.0, Workers: 4
[6.601s][debug][gc,phases      ] GC(4)     Dead                           Min: 0, Avg:  0.0, Max: 0, Diff: 0, Sum: 0, Workers: 4
[6.601s][debug][gc,phases      ] GC(4)     Total                          Min: 0, Avg:  0.0, Max: 0, Diff: 0, Sum: 0, Workers: 4
[6.601s][debug][gc,phases      ] GC(4) Weak Processing 0.393ms
[6.601s][debug][gc,phases      ] GC(4) ClassLoaderData 0.175ms
[6.601s][debug][gc,phases      ] GC(4) Trigger cleanups 0.002ms
[6.612s][debug][gc,phases      ] GC(4) Class Unloading 11.664ms
[6.612s][info ][gc,phases      ] GC(4) Marking Phase 109.671ms
[6.612s][info ][gc,phases,start] GC(4) Summary Phase
[6.612s][info ][gc,phases      ] GC(4) Summary Phase 0.024ms
[6.612s][info ][gc,phases,start] GC(4) Adjust Roots
[6.621s][info ][gc,phases      ] GC(4) Adjust Roots 8.629ms
[6.621s][info ][gc,phases,start] GC(4) Compaction Phase
[6.876s][info ][gc,phases      ] GC(4) Compaction Phase 254.520ms
[6.876s][info ][gc,phases,start] GC(4) Post Compact
[6.879s][info ][gc,phases      ] GC(4) Post Compact 3.083ms
[6.879s][info ][gc,heap        ] GC(4) PSYoungGen: 1126264K(1572864K)->257116K(1572864K) Eden: 1048576K(1048576K)->257116K(1048576K) From: 77688K(524288K)->0K(524288K)
[6.879s][info ][gc,heap        ] GC(4) ParOldGen: 6068K(6144K)->6116K(18432K)
[6.879s][info ][gc,metaspace   ] GC(4) Metaspace: 58583K(59264K)->58572K(59264K) NonClass: 49723K(50112K)->49715K(50112K) Class: 8859K(9152K)->8856K(9152K)
[6.879s][info ][gc             ] GC(4) Pause Full (Ergonomics) 1105M->257M(1554M) 376.084ms
[6.879s][info ][gc,cpu         ] GC(4) User=1.46s Sys=0.00s Real=0.38s
[6.879s][info ][safepoint      ] Safepoint "ParallelGCFailedAllocation", Time since last: 96286078 ns, Reaching safepoint: 126599 ns, At safepoint: 376192589 ns, Total: 376319188 ns
[7.434s][info ][safepoint      ] Safepoint "ICBufferFull", Time since last: 554894566 ns, Reaching safepoint: 132098 ns, At safepoint: 2500 ns, Total: 134598 ns
[7.636s][info ][safepoint      ] Safepoint "ICBufferFull", Time since last: 202116176 ns, Reaching safepoint: 153799 ns, At safepoint: 2200 ns, Total: 155999 ns
[7.991s][info ][safepoint      ] Safepoint "ICBufferFull", Time since last: 354690475 ns, Reaching safepoint: 161999 ns, At safepoint: 13300 ns, Total: 175299 ns
[8.281s][info ][gc,start       ] GC(5) Pause Young (Allocation Failure)
[8.564s][debug][gc,phases      ] GC(5) Scavenge 282.225ms
[8.564s][debug][gc,ref         ] GC(5) Skipped phase 1 of Reference Processing: no references
[8.564s][debug][gc,ref         ] GC(5) ReferenceProcessor::execute queues: 4, RefProcThreadModel::Multi, marks_oops_alive: false
[8.564s][debug][gc,ref         ] GC(5) Skipped phase 3 of Reference Processing: no references
[8.564s][debug][gc,ref         ] GC(5) ReferenceProcessor::execute queues: 1, RefProcThreadModel::Single, marks_oops_alive: false
[8.564s][debug][gc,phases      ] GC(5) Reference Processing 0.292ms
[8.564s][debug][gc,phases      ] GC(5)   VM Weak                        Min:  0.0, Avg:  0.0, Max:  0.0, Diff:  0.0, Sum:  0.0, Workers: 4
[8.564s][debug][gc,phases      ] GC(5)     Dead                           Min: 0, Avg:  0.0, Max: 0, Diff: 0, Sum: 0, Workers: 4
[8.564s][debug][gc,phases      ] GC(5)     Total                          Min: 0, Avg: 139.5, Max: 372, Diff: 372, Sum: 558, Workers: 4
[8.564s][debug][gc,phases      ] GC(5)   ObjectSynchronizer Weak        Min:  0.0, Avg:  0.0, Max:  0.0, Diff:  0.0, Sum:  0.0, Workers: 4
[8.564s][debug][gc,phases      ] GC(5)     Dead                           Min: 0, Avg:  0.0, Max: 0, Diff: 0, Sum: 0, Workers: 4
[8.564s][debug][gc,phases      ] GC(5)     Total                          Min: 0, Avg: 16.5, Max: 64, Diff: 64, Sum: 66, Workers: 4
[8.564s][debug][gc,phases      ] GC(5)   JVMTI Tag Weak OopStorage      Min:  0.0, Avg:  0.0, Max:  0.0, Diff:  0.0, Sum:  0.0, Workers: 4
[8.564s][debug][gc,phases      ] GC(5)     Dead                           Min: 0, Avg:  0.0, Max: 0, Diff: 0, Sum: 0, Workers: 4
[8.564s][debug][gc,phases      ] GC(5)     Total                          Min: 0, Avg:  0.0, Max: 0, Diff: 0, Sum: 0, Workers: 4
[8.564s][debug][gc,phases      ] GC(5)   StringTable Weak               Min:  0.3, Avg:  0.3, Max:  0.3, Diff:  0.0, Sum:  1.0, Workers: 4
[8.564s][debug][gc,phases      ] GC(5)     Dead                           Min: 0, Avg:  1.2, Max: 5, Diff: 5, Sum: 5, Workers: 4
[8.564s][debug][gc,phases      ] GC(5)     Total                          Min: 9472, Avg: 10727.5, Max: 12416, Diff: 2944, Sum: 42910, Workers: 4
[8.564s][debug][gc,phases      ] GC(5)   ResolvedMethodTable Weak       Min:  0.0, Avg:  0.0, Max:  0.0, Diff:  0.0, Sum:  0.2, Workers: 4
[8.564s][debug][gc,phases      ] GC(5)     Dead                           Min: 1, Avg:  8.5, Max: 19, Diff: 18, Sum: 34, Workers: 4
[8.564s][debug][gc,phases      ] GC(5)     Total                          Min: 1402, Avg: 1675.0, Max: 2245, Diff: 843, Sum: 6700, Workers: 4
[8.564s][debug][gc,phases      ] GC(5)   JNI Weak                       Min:  0.0, Avg:  0.0, Max:  0.0, Diff:  0.0, Sum:  0.0, Workers: 4
[8.564s][debug][gc,phases      ] GC(5)     Dead                           Min: 0, Avg:  0.0, Max: 0, Diff: 0, Sum: 0, Workers: 4
[8.564s][debug][gc,phases      ] GC(5)     Total                          Min: 0, Avg:  9.8, Max: 39, Diff: 39, Sum: 39, Workers: 4
[8.564s][debug][gc,phases      ] GC(5)   StringDedup Table Weak         Min:  0.0, Avg:  0.0, Max:  0.0, Diff:  0.0, Sum:  0.0, Workers: 4
[8.564s][debug][gc,phases      ] GC(5)     Dead                           Min: 0, Avg:  0.0, Max: 0, Diff: 0, Sum: 0, Workers: 4
[8.564s][debug][gc,phases      ] GC(5)     Total                          Min: 0, Avg:  0.0, Max: 0, Diff: 0, Sum: 0, Workers: 4
[8.564s][debug][gc,phases      ] GC(5)   StringDedup Requests0 Weak     Min:  0.0, Avg:  0.0, Max:  0.0, Diff:  0.0, Sum:  0.0, Workers: 4
[8.564s][debug][gc,phases      ] GC(5)     Dead                           Min: 0, Avg:  0.0, Max: 0, Diff: 0, Sum: 0, Workers: 4
[8.564s][debug][gc,phases      ] GC(5)     Total                          Min: 0, Avg:  0.0, Max: 0, Diff: 0, Sum: 0, Workers: 4
[8.564s][debug][gc,phases      ] GC(5)   StringDedup Requests1 Weak     Min:  0.0, Avg:  0.0, Max:  0.0, Diff:  0.0, Sum:  0.0, Workers: 4
[8.564s][debug][gc,phases      ] GC(5)     Dead                           Min: 0, Avg:  0.0, Max: 0, Diff: 0, Sum: 0, Workers: 4
[8.564s][debug][gc,phases      ] GC(5)     Total                          Min: 0, Avg:  0.0, Max: 0, Diff: 0, Sum: 0, Workers: 4
[8.564s][debug][gc,phases      ] GC(5)   Weak JFR Old Object Samples    Min:  0.0, Avg:  0.0, Max:  0.0, Diff:  0.0, Sum:  0.0, Workers: 4
[8.564s][debug][gc,phases      ] GC(5)     Dead                           Min: 0, Avg:  0.0, Max: 0, Diff: 0, Sum: 0, Workers: 4
[8.564s][debug][gc,phases      ] GC(5)     Total                          Min: 0, Avg:  0.0, Max: 0, Diff: 0, Sum: 0, Workers: 4
[8.564s][debug][gc,phases      ] GC(5) Weak Processing 0.477ms
[8.564s][debug][gc,age         ] GC(5) Desired survivor size 536870912 bytes, new threshold 7 (max threshold 15)
[8.564s][info ][gc,heap        ] GC(5) PSYoungGen: 1048432K(1572864K)->522420K(1572864K) Eden: 1048432K(1048576K)->0K(1048576K) From: 0K(524288K)->522420K(524288K)
[8.564s][info ][gc,heap        ] GC(5) ParOldGen: 6116K(18432K)->6149K(18432K)
[8.564s][info ][gc,metaspace   ] GC(5) Metaspace: 59630K(60352K)->59630K(60352K) NonClass: 50641K(51008K)->50641K(51008K) Class: 8989K(9344K)->8989K(9344K)
[8.564s][info ][gc             ] GC(5) Pause Young (Allocation Failure) 1029M->516M(1554M) 283.103ms
[8.564s][info ][gc,cpu         ] GC(5) User=1.23s Sys=0.18s Real=0.28s
[8.564s][info ][safepoint      ] Safepoint "ParallelGCFailedAllocation", Time since last: 290174527 ns, Reaching safepoint: 156898 ns, At safepoint: 283164787 ns, Total: 283321685 ns
[9.147s][info ][safepoint      ] Safepoint "ICBufferFull", Time since last: 581978342 ns, Reaching safepoint: 231098 ns, At safepoint: 16700 ns, Total: 247798 ns
[9.338s][info ][safepoint      ] Safepoint "ICBufferFull", Time since last: 190971974 ns, Reaching safepoint: 251798 ns, At safepoint: 25000 ns, Total: 276798 ns
[9.692s][info ][safepoint      ] Safepoint "ICBufferFull", Time since last: 353616888 ns, Reaching safepoint: 212599 ns, At safepoint: 17299 ns, Total: 229898 ns
[9.982s][info ][safepoint      ] Safepoint "ICBufferFull", Time since last: 290297130 ns, Reaching safepoint: 156299 ns, At safepoint: 5199 ns, Total: 161498 ns
[10.451s][info ][safepoint      ] Safepoint "ICBufferFull", Time since last: 468552514 ns, Reaching safepoint: 152399 ns, At safepoint: 11200 ns, Total: 163599 ns
[10.851s][info ][safepoint      ] Safepoint "ICBufferFull", Time since last: 399617600 ns, Reaching safepoint: 225199 ns, At safepoint: 7699 ns, Total: 232898 ns
[11.269s][info ][safepoint      ] Safepoint "ICBufferFull", Time since last: 417488052 ns, Reaching safepoint: 245198 ns, At safepoint: 7800 ns, Total: 252998 ns
[11.781s][info ][safepoint      ] Safepoint "ICBufferFull", Time since last: 512007548 ns, Reaching safepoint: 127899 ns, At safepoint: 11700 ns, Total: 139599 ns
[11.903s][info ][gc,start       ] GC(6) Pause Young (Allocation Failure)
[11.971s][debug][gc,phases      ] GC(6) Scavenge 68.633ms
[11.972s][debug][gc,ref         ] GC(6) Skipped phase 1 of Reference Processing: no references
[11.972s][debug][gc,ref         ] GC(6) ReferenceProcessor::execute queues: 4, RefProcThreadModel::Multi, marks_oops_alive: false
[11.972s][debug][gc,ref         ] GC(6) Skipped phase 3 of Reference Processing: no references
[11.972s][debug][gc,ref         ] GC(6) ReferenceProcessor::execute queues: 1, RefProcThreadModel::Single, marks_oops_alive: false
[11.972s][debug][gc,phases      ] GC(6) Reference Processing 0.294ms
[11.972s][debug][gc,phases      ] GC(6)   VM Weak                        Min:  0.0, Avg:  0.0, Max:  0.0, Diff:  0.0, Sum:  0.0, Workers: 4
[11.972s][debug][gc,phases      ] GC(6)     Dead                           Min: 0, Avg:  0.0, Max: 0, Diff: 0, Sum: 0, Workers: 4
[11.972s][debug][gc,phases      ] GC(6)     Total                          Min: 0, Avg: 146.0, Max: 456, Diff: 456, Sum: 584, Workers: 4
[11.972s][debug][gc,phases      ] GC(6)   ObjectSynchronizer Weak        Min:  0.0, Avg:  0.0, Max:  0.0, Diff:  0.0, Sum:  0.0, Workers: 4
[11.972s][debug][gc,phases      ] GC(6)     Dead                           Min: 0, Avg:  0.2, Max: 1, Diff: 1, Sum: 1, Workers: 4
[11.972s][debug][gc,phases      ] GC(6)     Total                          Min: 0, Avg: 16.8, Max: 64, Diff: 64, Sum: 67, Workers: 4
[11.972s][debug][gc,phases      ] GC(6)   JVMTI Tag Weak OopStorage      Min:  0.0, Avg:  0.0, Max:  0.0, Diff:  0.0, Sum:  0.0, Workers: 4
[11.972s][debug][gc,phases      ] GC(6)     Dead                           Min: 0, Avg:  0.0, Max: 0, Diff: 0, Sum: 0, Workers: 4
[11.972s][debug][gc,phases      ] GC(6)     Total                          Min: 0, Avg:  0.0, Max: 0, Diff: 0, Sum: 0, Workers: 4
[11.972s][debug][gc,phases      ] GC(6)   StringTable Weak               Min:  0.3, Avg:  0.3, Max:  0.3, Diff:  0.0, Sum:  1.0, Workers: 4
[11.972s][debug][gc,phases      ] GC(6)     Dead                           Min: 0, Avg:  1.8, Max: 6, Diff: 6, Sum: 7, Workers: 4
[11.972s][debug][gc,phases      ] GC(6)     Total                          Min: 8960, Avg: 11425.0, Max: 14464, Diff: 5504, Sum: 45700, Workers: 4
[11.972s][debug][gc,phases      ] GC(6)   ResolvedMethodTable Weak       Min:  0.0, Avg:  0.0, Max:  0.0, Diff:  0.0, Sum:  0.2, Workers: 4
[11.972s][debug][gc,phases      ] GC(6)     Dead                           Min: 0, Avg: 23.0, Max: 53, Diff: 53, Sum: 92, Workers: 4
[11.972s][debug][gc,phases      ] GC(6)     Total                          Min: 1280, Avg: 1803.2, Max: 2368, Diff: 1088, Sum: 7213, Workers: 4
[11.972s][debug][gc,phases      ] GC(6)   JNI Weak                       Min:  0.0, Avg:  0.0, Max:  0.0, Diff:  0.0, Sum:  0.0, Workers: 4
[11.972s][debug][gc,phases      ] GC(6)     Dead                           Min: 0, Avg:  0.0, Max: 0, Diff: 0, Sum: 0, Workers: 4
[11.972s][debug][gc,phases      ] GC(6)     Total                          Min: 0, Avg:  0.8, Max: 3, Diff: 3, Sum: 3, Workers: 4
[11.972s][debug][gc,phases      ] GC(6)   StringDedup Table Weak         Min:  0.0, Avg:  0.0, Max:  0.0, Diff:  0.0, Sum:  0.0, Workers: 4
[11.972s][debug][gc,phases      ] GC(6)     Dead                           Min: 0, Avg:  0.0, Max: 0, Diff: 0, Sum: 0, Workers: 4
[11.972s][debug][gc,phases      ] GC(6)     Total                          Min: 0, Avg:  0.0, Max: 0, Diff: 0, Sum: 0, Workers: 4
[11.972s][debug][gc,phases      ] GC(6)   StringDedup Requests0 Weak     Min:  0.0, Avg:  0.0, Max:  0.0, Diff:  0.0, Sum:  0.0, Workers: 4
[11.972s][debug][gc,phases      ] GC(6)     Dead                           Min: 0, Avg:  0.0, Max: 0, Diff: 0, Sum: 0, Workers: 4
[11.972s][debug][gc,phases      ] GC(6)     Total                          Min: 0, Avg:  0.0, Max: 0, Diff: 0, Sum: 0, Workers: 4
[11.972s][debug][gc,phases      ] GC(6)   StringDedup Requests1 Weak     Min:  0.0, Avg:  0.0, Max:  0.0, Diff:  0.0, Sum:  0.0, Workers: 4
[11.972s][debug][gc,phases      ] GC(6)     Dead                           Min: 0, Avg:  0.0, Max: 0, Diff: 0, Sum: 0, Workers: 4
[11.972s][debug][gc,phases      ] GC(6)     Total                          Min: 0, Avg:  0.0, Max: 0, Diff: 0, Sum: 0, Workers: 4
[11.972s][debug][gc,phases      ] GC(6)   Weak JFR Old Object Samples    Min:  0.0, Avg:  0.0, Max:  0.0, Diff:  0.0, Sum:  0.0, Workers: 4
[11.972s][debug][gc,phases      ] GC(6)     Dead                           Min: 0, Avg:  0.0, Max: 0, Diff: 0, Sum: 0, Workers: 4
[11.972s][debug][gc,phases      ] GC(6)     Total                          Min: 0, Avg:  0.0, Max: 0, Diff: 0, Sum: 0, Workers: 4
[11.972s][debug][gc,phases      ] GC(6) Weak Processing 0.456ms
[11.972s][debug][gc,age         ] GC(6) Desired survivor size 536870912 bytes, new threshold 7 (max threshold 15)
[11.972s][info ][gc,heap        ] GC(6) PSYoungGen: 1570996K(1572864K)->200346K(1572864K) Eden: 1048576K(1048576K)->0K(1048576K) From: 522420K(524288K)->200346K(524288K)
[11.972s][info ][gc,heap        ] GC(6) ParOldGen: 6149K(18432K)->6157K(18432K)
[11.972s][info ][gc,metaspace   ] GC(6) Metaspace: 66966K(67712K)->66966K(67712K) NonClass: 56989K(57344K)->56989K(57344K) Class: 9977K(10368K)->9977K(10368K)
[11.972s][info ][gc             ] GC(6) Pause Young (Allocation Failure) 1540M->201M(1554M) 69.495ms
[11.972s][info ][gc,cpu         ] GC(6) User=0.22s Sys=0.05s Real=0.07s
[11.972s][info ][safepoint      ] Safepoint "ParallelGCFailedAllocation", Time since last: 121969164 ns, Reaching safepoint: 72499 ns, At safepoint: 69566409 ns, Total: 69638908 ns
[12.139s][info ][safepoint      ] Safepoint "ICBufferFull", Time since last: 166055390 ns, Reaching safepoint: 225198 ns, At safepoint: 7000 ns, Total: 232198 ns
[12.200s][info ][safepoint      ] Safepoint "ICBufferFull", Time since last: 61418879 ns, Reaching safepoint: 221498 ns, At safepoint: 16400 ns, Total: 237898 ns
[12.262s][info ][safepoint      ] Safepoint "ICBufferFull", Time since last: 61753575 ns, Reaching safepoint: 162799 ns, At safepoint: 14100 ns, Total: 176899 ns
[12.327s][info ][safepoint      ] Safepoint "ICBufferFull", Time since last: 64376353 ns, Reaching safepoint: 142599 ns, At safepoint: 8800 ns, Total: 151399 ns
[12.586s][info ][safepoint      ] Safepoint "ICBufferFull", Time since last: 258652303 ns, Reaching safepoint: 226098 ns, At safepoint: 19800 ns, Total: 245898 ns
[12.848s][info ][safepoint      ] Safepoint "ICBufferFull", Time since last: 262071375 ns, Reaching safepoint: 258998 ns, At safepoint: 11900 ns, Total: 270898 ns
[12.966s][info ][safepoint      ] Safepoint "ICBufferFull", Time since last: 117383204 ns, Reaching safepoint: 222398 ns, At safepoint: 5800 ns, Total: 228198 ns
[13.549s][info ][safepoint      ] Safepoint "ICBufferFull", Time since last: 583092353 ns, Reaching safepoint: 220998 ns, At safepoint: 4800 ns, Total: 225798 ns
[14.135s][info ][safepoint      ] Safepoint "ICBufferFull", Time since last: 585917931 ns, Reaching safepoint: 161299 ns, At safepoint: 4200 ns, Total: 165499 ns
[14.304s][info ][safepoint      ] Safepoint "ICBufferFull", Time since last: 168840169 ns, Reaching safepoint: 168398 ns, At safepoint: 6100 ns, Total: 174498 ns
[15.304s][info ][safepoint      ] Safepoint "Cleanup", Time since last: 1000097027 ns, Reaching safepoint: 209098 ns, At safepoint: 11800 ns, Total: 220898 ns
[16.015s][info ][safepoint      ] Safepoint "ICBufferFull", Time since last: 710509185 ns, Reaching safepoint: 159598 ns, At safepoint: 6400 ns, Total: 165998 ns
[16.549s][info ][safepoint      ] Safepoint "ICBufferFull", Time since last: 533411187 ns, Reaching safepoint: 164099 ns, At safepoint: 9200 ns, Total: 173299 ns
[17.549s][info ][safepoint      ] Safepoint "Cleanup", Time since last: 1000118843 ns, Reaching safepoint: 233198 ns, At safepoint: 12100 ns, Total: 245298 ns
[18.549s][info ][safepoint      ] Safepoint "Cleanup", Time since last: 1000109152 ns, Reaching safepoint: 89599 ns, At safepoint: 14300 ns, Total: 103899 ns
[19.149s][info ][gc,start       ] GC(7) Pause Young (Allocation Failure)
[19.207s][debug][gc,phases      ] GC(7) Scavenge 57.983ms
[19.207s][debug][gc,ref         ] GC(7) Skipped phase 1 of Reference Processing: no references
[19.207s][debug][gc,ref         ] GC(7) ReferenceProcessor::execute queues: 4, RefProcThreadModel::Multi, marks_oops_alive: false
[19.207s][debug][gc,ref         ] GC(7) ReferenceProcessor::execute queues: 4, RefProcThreadModel::Multi, marks_oops_alive: true
[19.207s][debug][gc,ref         ] GC(7) ReferenceProcessor::execute queues: 1, RefProcThreadModel::Single, marks_oops_alive: false
[19.207s][debug][gc,phases      ] GC(7) Reference Processing 0.351ms
[19.208s][debug][gc,phases      ] GC(7)   VM Weak                        Min:  0.0, Avg:  0.0, Max:  0.0, Diff:  0.0, Sum:  0.0, Workers: 4
[19.208s][debug][gc,phases      ] GC(7)     Dead                           Min: 0, Avg:  0.0, Max: 0, Diff: 0, Sum: 0, Workers: 4
[19.208s][debug][gc,phases      ] GC(7)     Total                          Min: 64, Avg: 151.5, Max: 256, Diff: 192, Sum: 606, Workers: 4
[19.208s][debug][gc,phases      ] GC(7)   ObjectSynchronizer Weak        Min:  0.0, Avg:  0.0, Max:  0.0, Diff:  0.0, Sum:  0.0, Workers: 4
[19.208s][debug][gc,phases      ] GC(7)     Dead                           Min: 0, Avg:  0.2, Max: 1, Diff: 1, Sum: 1, Workers: 4
[19.208s][debug][gc,phases      ] GC(7)     Total                          Min: 0, Avg: 18.0, Max: 64, Diff: 64, Sum: 72, Workers: 4
[19.208s][debug][gc,phases      ] GC(7)   JVMTI Tag Weak OopStorage      Min:  0.0, Avg:  0.0, Max:  0.0, Diff:  0.0, Sum:  0.0, Workers: 4
[19.208s][debug][gc,phases      ] GC(7)     Dead                           Min: 0, Avg:  0.0, Max: 0, Diff: 0, Sum: 0, Workers: 4
[19.208s][debug][gc,phases      ] GC(7)     Total                          Min: 0, Avg:  0.0, Max: 0, Diff: 0, Sum: 0, Workers: 4
[19.208s][debug][gc,phases      ] GC(7)   StringTable Weak               Min:  0.3, Avg:  0.3, Max:  0.3, Diff:  0.0, Sum:  1.1, Workers: 4
[19.208s][debug][gc,phases      ] GC(7)     Dead                           Min: 0, Avg:  2.0, Max: 4, Diff: 4, Sum: 8, Workers: 4
[19.208s][debug][gc,phases      ] GC(7)     Total                          Min: 9544, Avg: 11778.0, Max: 13376, Diff: 3832, Sum: 47112, Workers: 4
[19.208s][debug][gc,phases      ] GC(7)   ResolvedMethodTable Weak       Min:  0.0, Avg:  0.0, Max:  0.1, Diff:  0.0, Sum:  0.2, Workers: 4
[19.208s][debug][gc,phases      ] GC(7)     Dead                           Min: 1, Avg: 21.5, Max: 70, Diff: 69, Sum: 86, Workers: 4
[19.208s][debug][gc,phases      ] GC(7)     Total                          Min: 1344, Avg: 1907.8, Max: 2496, Diff: 1152, Sum: 7631, Workers: 4
[19.208s][debug][gc,phases      ] GC(7)   JNI Weak                       Min:  0.0, Avg:  0.0, Max:  0.0, Diff:  0.0, Sum:  0.0, Workers: 4
[19.208s][debug][gc,phases      ] GC(7)     Dead                           Min: 0, Avg:  0.0, Max: 0, Diff: 0, Sum: 0, Workers: 4
[19.208s][debug][gc,phases      ] GC(7)     Total                          Min: 0, Avg:  0.0, Max: 0, Diff: 0, Sum: 0, Workers: 4
[19.208s][debug][gc,phases      ] GC(7)   StringDedup Table Weak         Min:  0.0, Avg:  0.0, Max:  0.0, Diff:  0.0, Sum:  0.0, Workers: 4
[19.208s][debug][gc,phases      ] GC(7)     Dead                           Min: 0, Avg:  0.0, Max: 0, Diff: 0, Sum: 0, Workers: 4
[19.208s][debug][gc,phases      ] GC(7)     Total                          Min: 0, Avg:  0.0, Max: 0, Diff: 0, Sum: 0, Workers: 4
[19.208s][debug][gc,phases      ] GC(7)   StringDedup Requests0 Weak     Min:  0.0, Avg:  0.0, Max:  0.0, Diff:  0.0, Sum:  0.0, Workers: 4
[19.208s][debug][gc,phases      ] GC(7)     Dead                           Min: 0, Avg:  0.0, Max: 0, Diff: 0, Sum: 0, Workers: 4
[19.208s][debug][gc,phases      ] GC(7)     Total                          Min: 0, Avg:  0.0, Max: 0, Diff: 0, Sum: 0, Workers: 4
[19.208s][debug][gc,phases      ] GC(7)   StringDedup Requests1 Weak     Min:  0.0, Avg:  0.0, Max:  0.0, Diff:  0.0, Sum:  0.0, Workers: 4
[19.208s][debug][gc,phases      ] GC(7)     Dead                           Min: 0, Avg:  0.0, Max: 0, Diff: 0, Sum: 0, Workers: 4
[19.208s][debug][gc,phases      ] GC(7)     Total                          Min: 0, Avg:  0.0, Max: 0, Diff: 0, Sum: 0, Workers: 4
[19.208s][debug][gc,phases      ] GC(7)   Weak JFR Old Object Samples    Min:  0.0, Avg:  0.0, Max:  0.0, Diff:  0.0, Sum:  0.0, Workers: 4
[19.208s][debug][gc,phases      ] GC(7)     Dead                           Min: 0, Avg:  0.0, Max: 0, Diff: 0, Sum: 0, Workers: 4
[19.208s][debug][gc,phases      ] GC(7)     Total                          Min: 0, Avg:  0.0, Max: 0, Diff: 0, Sum: 0, Workers: 4
[19.208s][debug][gc,phases      ] GC(7) Weak Processing 0.488ms
[19.208s][debug][gc,age         ] GC(7) Desired survivor size 428867584 bytes, new threshold 8 (max threshold 15)
[19.208s][info ][gc,heap        ] GC(7) PSYoungGen: 1248922K(1572864K)->217253K(1678336K) Eden: 1048576K(1048576K)->0K(1154048K) From: 200346K(524288K)->217253K(524288K)
[19.208s][info ][gc,heap        ] GC(7) ParOldGen: 6157K(18432K)->6201K(18432K)
[19.208s][info ][gc,metaspace   ] GC(7) Metaspace: 71170K(71936K)->71170K(71936K) NonClass: 60821K(61248K)->60821K(61248K) Class: 10349K(10688K)->10349K(10688K)
[19.208s][info ][gc             ] GC(7) Pause Young (Allocation Failure) 1225M->218M(1657M) 58.928ms
[19.208s][info ][gc,cpu         ] GC(7) User=0.23s Sys=0.00s Real=0.06s
[19.208s][info ][safepoint      ] Safepoint "ParallelGCFailedAllocation", Time since last: 599761437 ns, Reaching safepoint: 69900 ns, At safepoint: 58997402 ns, Total: 59067302 ns
[20.208s][info ][safepoint      ] Safepoint "Cleanup", Time since last: 1000079465 ns, Reaching safepoint: 76099 ns, At safepoint: 7100 ns, Total: 83199 ns
[21.208s][info ][safepoint      ] Safepoint "Cleanup", Time since last: 1000094072 ns, Reaching safepoint: 85199 ns, At safepoint: 7600 ns, Total: 92799 ns
[22.209s][info ][safepoint      ] Safepoint "Cleanup", Time since last: 1000086980 ns, Reaching safepoint: 80899 ns, At safepoint: 5400 ns, Total: 86299 ns
[23.209s][info ][safepoint      ] Safepoint "Cleanup", Time since last: 1000096088 ns, Reaching safepoint: 56999 ns, At safepoint: 5100 ns, Total: 62099 ns
[24.209s][info ][safepoint      ] Safepoint "Cleanup", Time since last: 1000101495 ns, Reaching safepoint: 73800 ns, At safepoint: 11399 ns, Total: 85199 ns
[25.215s][info ][safepoint      ] Safepoint "Cleanup", Time since last: 1006269851 ns, Reaching safepoint: 149699 ns, At safepoint: 9000 ns, Total: 158699 ns
[26.215s][info ][safepoint      ] Safepoint "Cleanup", Time since last: 1000098110 ns, Reaching safepoint: 65200 ns, At safepoint: 8500 ns, Total: 73700 ns
[28.028s][info ][safepoint      ] Safepoint "Cleanup", Time since last: 1812111617 ns, Reaching safepoint: 205998 ns, At safepoint: 11100 ns, Total: 217098 ns
[29.028s][info ][safepoint      ] Safepoint "Cleanup", Time since last: 1000100832 ns, Reaching safepoint: 47299 ns, At safepoint: 6900 ns, Total: 54199 ns
[30.028s][info ][safepoint      ] Safepoint "Cleanup", Time since last: 1000091839 ns, Reaching safepoint: 49600 ns, At safepoint: 6200 ns, Total: 55800 ns
[31.028s][info ][safepoint      ] Safepoint "Cleanup", Time since last: 1000094447 ns, Reaching safepoint: 57399 ns, At safepoint: 5200 ns, Total: 62599 ns
[31.351s][info ][gc,start       ] GC(8) Pause Young (Allocation Failure)
[31.441s][debug][gc,phases      ] GC(8) Scavenge 90.522ms
[31.441s][debug][gc,ref         ] GC(8) Skipped phase 1 of Reference Processing: no references
[31.441s][debug][gc,ref         ] GC(8) ReferenceProcessor::execute queues: 1, RefProcThreadModel::Single, marks_oops_alive: false
[31.441s][debug][gc,ref         ] GC(8) ReferenceProcessor::execute queues: 4, RefProcThreadModel::Multi, marks_oops_alive: true
[31.441s][debug][gc,ref         ] GC(8) ReferenceProcessor::execute queues: 1, RefProcThreadModel::Single, marks_oops_alive: false
[31.441s][debug][gc,phases      ] GC(8) Reference Processing 0.250ms
[31.442s][debug][gc,phases      ] GC(8)   VM Weak                        Min:  0.0, Avg:  0.0, Max:  0.0, Diff:  0.0, Sum:  0.0, Workers: 4
[31.442s][debug][gc,phases      ] GC(8)     Dead                           Min: 0, Avg:  0.0, Max: 0, Diff: 0, Sum: 0, Workers: 4
[31.442s][debug][gc,phases      ] GC(8)     Total                          Min: 0, Avg: 151.5, Max: 414, Diff: 414, Sum: 606, Workers: 4
[31.442s][debug][gc,phases      ] GC(8)   ObjectSynchronizer Weak        Min:  0.0, Avg:  0.0, Max:  0.0, Diff:  0.0, Sum:  0.0, Workers: 4
[31.442s][debug][gc,phases      ] GC(8)     Dead                           Min: 0, Avg:  0.0, Max: 0, Diff: 0, Sum: 0, Workers: 4
[31.442s][debug][gc,phases      ] GC(8)     Total                          Min: 0, Avg: 18.0, Max: 64, Diff: 64, Sum: 72, Workers: 4
[31.442s][debug][gc,phases      ] GC(8)   JVMTI Tag Weak OopStorage      Min:  0.0, Avg:  0.0, Max:  0.0, Diff:  0.0, Sum:  0.0, Workers: 4
[31.442s][debug][gc,phases      ] GC(8)     Dead                           Min: 0, Avg:  0.0, Max: 0, Diff: 0, Sum: 0, Workers: 4
[31.442s][debug][gc,phases      ] GC(8)     Total                          Min: 0, Avg:  0.0, Max: 0, Diff: 0, Sum: 0, Workers: 4
[31.442s][debug][gc,phases      ] GC(8)   StringTable Weak               Min:  0.3, Avg:  0.3, Max:  0.3, Diff:  0.0, Sum:  1.3, Workers: 4
[31.442s][debug][gc,phases      ] GC(8)     Dead                           Min: 0, Avg:  0.2, Max: 1, Diff: 1, Sum: 1, Workers: 4
[31.442s][debug][gc,phases      ] GC(8)     Total                          Min: 11456, Avg: 11853.0, Max: 12020, Diff: 564, Sum: 47412, Workers: 4
[31.442s][debug][gc,phases      ] GC(8)   ResolvedMethodTable Weak       Min:  0.1, Avg:  0.1, Max:  0.1, Diff:  0.0, Sum:  0.2, Workers: 4
[31.442s][debug][gc,phases      ] GC(8)     Dead                           Min: 0, Avg:  0.0, Max: 0, Diff: 0, Sum: 0, Workers: 4
[31.442s][debug][gc,phases      ] GC(8)     Total                          Min: 1746, Avg: 1908.5, Max: 2176, Diff: 430, Sum: 7634, Workers: 4
[31.442s][debug][gc,phases      ] GC(8)   JNI Weak                       Min:  0.0, Avg:  0.0, Max:  0.0, Diff:  0.0, Sum:  0.0, Workers: 4
[31.442s][debug][gc,phases      ] GC(8)     Dead                           Min: 0, Avg:  0.0, Max: 0, Diff: 0, Sum: 0, Workers: 4
[31.442s][debug][gc,phases      ] GC(8)     Total                          Min: 0, Avg:  0.0, Max: 0, Diff: 0, Sum: 0, Workers: 4
[31.442s][debug][gc,phases      ] GC(8)   StringDedup Table Weak         Min:  0.0, Avg:  0.0, Max:  0.0, Diff:  0.0, Sum:  0.0, Workers: 4
[31.442s][debug][gc,phases      ] GC(8)     Dead                           Min: 0, Avg:  0.0, Max: 0, Diff: 0, Sum: 0, Workers: 4
[31.442s][debug][gc,phases      ] GC(8)     Total                          Min: 0, Avg:  0.0, Max: 0, Diff: 0, Sum: 0, Workers: 4
[31.442s][debug][gc,phases      ] GC(8)   StringDedup Requests0 Weak     Min:  0.0, Avg:  0.0, Max:  0.0, Diff:  0.0, Sum:  0.0, Workers: 4
[31.442s][debug][gc,phases      ] GC(8)     Dead                           Min: 0, Avg:  0.0, Max: 0, Diff: 0, Sum: 0, Workers: 4
[31.442s][debug][gc,phases      ] GC(8)     Total                          Min: 0, Avg:  0.0, Max: 0, Diff: 0, Sum: 0, Workers: 4
[31.442s][debug][gc,phases      ] GC(8)   StringDedup Requests1 Weak     Min:  0.0, Avg:  0.0, Max:  0.0, Diff:  0.0, Sum:  0.0, Workers: 4
[31.442s][debug][gc,phases      ] GC(8)     Dead                           Min: 0, Avg:  0.0, Max: 0, Diff: 0, Sum: 0, Workers: 4
[31.442s][debug][gc,phases      ] GC(8)     Total                          Min: 0, Avg:  0.0, Max: 0, Diff: 0, Sum: 0, Workers: 4
[31.442s][debug][gc,phases      ] GC(8)   Weak JFR Old Object Samples    Min:  0.0, Avg:  0.0, Max:  0.0, Diff:  0.0, Sum:  0.0, Workers: 4
[31.442s][debug][gc,phases      ] GC(8)     Dead                           Min: 0, Avg:  0.0, Max: 0, Diff: 0, Sum: 0, Workers: 4
[31.442s][debug][gc,phases      ] GC(8)     Total                          Min: 0, Avg:  0.0, Max: 0, Diff: 0, Sum: 0, Workers: 4
[31.442s][debug][gc,phases      ] GC(8) Weak Processing 0.552ms
[31.442s][debug][gc,age         ] GC(8) Desired survivor size 399507456 bytes, new threshold 9 (max threshold 15)
[31.442s][info ][gc,heap        ] GC(8) PSYoungGen: 1371301K(1678336K)->217302K(1572864K) Eden: 1154048K(1154048K)->0K(1154048K) From: 217253K(524288K)->217302K(418816K)
[31.442s][info ][gc,heap        ] GC(8) ParOldGen: 6201K(18432K)->6209K(18432K)
[31.442s][info ][gc,metaspace   ] GC(8) Metaspace: 71497K(72192K)->71497K(72192K) NonClass: 61136K(61504K)->61136K(61504K) Class: 10360K(10688K)->10360K(10688K)
[31.442s][info ][gc             ] GC(8) Pause Young (Allocation Failure) 1345M->218M(1554M) 91.441ms
[31.442s][info ][gc,cpu         ] GC(8) User=0.25s Sys=0.05s Real=0.09s
[31.442s][info ][safepoint      ] Safepoint "ParallelGCFailedAllocation", Time since last: 322192111 ns, Reaching safepoint: 40799 ns, At safepoint: 91518036 ns, Total: 91558835 ns
[32.442s][info ][safepoint      ] Safepoint "Cleanup", Time since last: 1000079658 ns, Reaching safepoint: 83699 ns, At safepoint: 7700 ns, Total: 91399 ns
[33.442s][info ][safepoint      ] Safepoint "Cleanup", Time since last: 1000106965 ns, Reaching safepoint: 70399 ns, At safepoint: 5200 ns, Total: 75599 ns
[34.446s][info ][safepoint      ] Safepoint "Cleanup", Time since last: 1003908141 ns, Reaching safepoint: 52999 ns, At safepoint: 8300 ns, Total: 61299 ns
[35.446s][info ][safepoint      ] Safepoint "Cleanup", Time since last: 1000095180 ns, Reaching safepoint: 49399 ns, At safepoint: 3200 ns, Total: 52599 ns
[36.447s][info ][safepoint      ] Safepoint "Cleanup", Time since last: 1000095887 ns, Reaching safepoint: 66300 ns, At safepoint: 6800 ns, Total: 73100 ns
[37.447s][info ][safepoint      ] Safepoint "Cleanup", Time since last: 1000098294 ns, Reaching safepoint: 63800 ns, At safepoint: 8100 ns, Total: 71900 ns
[38.447s][info ][safepoint      ] Safepoint "Cleanup", Time since last: 1000095402 ns, Reaching safepoint: 56699 ns, At safepoint: 20200 ns, Total: 76899 ns
[39.262s][info ][safepoint      ] Safepoint "ICBufferFull", Time since last: 814462348 ns, Reaching safepoint: 185398 ns, At safepoint: 8700 ns, Total: 194098 ns
[41.247s][info ][safepoint      ] Safepoint "Cleanup", Time since last: 1985362661 ns, Reaching safepoint: 227198 ns, At safepoint: 13600 ns, Total: 240798 ns
[42.247s][info ][safepoint      ] Safepoint "Cleanup", Time since last: 1000103630 ns, Reaching safepoint: 50599 ns, At safepoint: 10500 ns, Total: 61099 ns
[42.901s][info ][gc,start       ] GC(9) Pause Young (Allocation Failure)
[43.017s][debug][gc,phases      ] GC(9) Scavenge 116.017ms
[43.017s][debug][gc,ref         ] GC(9) Skipped phase 1 of Reference Processing: no references
[43.017s][debug][gc,ref         ] GC(9) ReferenceProcessor::execute queues: 4, RefProcThreadModel::Multi, marks_oops_alive: false
[43.017s][debug][gc,ref         ] GC(9) Skipped phase 3 of Reference Processing: no references
[43.017s][debug][gc,ref         ] GC(9) ReferenceProcessor::execute queues: 1, RefProcThreadModel::Single, marks_oops_alive: false
[43.017s][debug][gc,phases      ] GC(9) Reference Processing 0.422ms
[43.018s][debug][gc,phases      ] GC(9)   VM Weak                        Min:  0.0, Avg:  0.0, Max:  0.0, Diff:  0.0, Sum:  0.0, Workers: 4
[43.018s][debug][gc,phases      ] GC(9)     Dead                           Min: 0, Avg:  0.0, Max: 0, Diff: 0, Sum: 0, Workers: 4
[43.018s][debug][gc,phases      ] GC(9)     Total                          Min: 0, Avg: 153.5, Max: 358, Diff: 358, Sum: 614, Workers: 4
[43.018s][debug][gc,phases      ] GC(9)   ObjectSynchronizer Weak        Min:  0.0, Avg:  0.0, Max:  0.0, Diff:  0.0, Sum:  0.0, Workers: 4
[43.018s][debug][gc,phases      ] GC(9)     Dead                           Min: 0, Avg:  0.2, Max: 1, Diff: 1, Sum: 1, Workers: 4
[43.018s][debug][gc,phases      ] GC(9)     Total                          Min: 0, Avg: 18.2, Max: 64, Diff: 64, Sum: 73, Workers: 4
[43.018s][debug][gc,phases      ] GC(9)   JVMTI Tag Weak OopStorage      Min:  0.0, Avg:  0.0, Max:  0.0, Diff:  0.0, Sum:  0.0, Workers: 4
[43.018s][debug][gc,phases      ] GC(9)     Dead                           Min: 0, Avg:  0.0, Max: 0, Diff: 0, Sum: 0, Workers: 4
[43.018s][debug][gc,phases      ] GC(9)     Total                          Min: 0, Avg:  0.0, Max: 0, Diff: 0, Sum: 0, Workers: 4
[43.018s][debug][gc,phases      ] GC(9)   StringTable Weak               Min:  0.0, Avg:  0.3, Max:  0.5, Diff:  0.5, Sum:  1.2, Workers: 4
[43.018s][debug][gc,phases      ] GC(9)     Dead                           Min: 0, Avg:  0.8, Max: 2, Diff: 2, Sum: 3, Workers: 4
[43.018s][debug][gc,phases      ] GC(9)     Total                          Min: 0, Avg: 11888.2, Max: 21185, Diff: 21185, Sum: 47553, Workers: 4
[43.018s][debug][gc,phases      ] GC(9)   ResolvedMethodTable Weak       Min:  0.0, Avg:  0.1, Max:  0.1, Diff:  0.1, Sum:  0.2, Workers: 4
[43.018s][debug][gc,phases      ] GC(9)     Dead                           Min: 0, Avg:  4.2, Max: 17, Diff: 17, Sum: 17, Workers: 4
[43.018s][debug][gc,phases      ] GC(9)     Total                          Min: 0, Avg: 1927.2, Max: 2816, Diff: 2816, Sum: 7709, Workers: 4
[43.018s][debug][gc,phases      ] GC(9)   JNI Weak                       Min:  0.0, Avg:  0.0, Max:  0.0, Diff:  0.0, Sum:  0.0, Workers: 4
[43.018s][debug][gc,phases      ] GC(9)     Dead                           Min: 0, Avg:  0.0, Max: 0, Diff: 0, Sum: 0, Workers: 4
[43.018s][debug][gc,phases      ] GC(9)     Total                          Min: 0, Avg:  0.2, Max: 1, Diff: 1, Sum: 1, Workers: 4
[43.018s][debug][gc,phases      ] GC(9)   StringDedup Table Weak         Min:  0.0, Avg:  0.0, Max:  0.0, Diff:  0.0, Sum:  0.0, Workers: 4
[43.018s][debug][gc,phases      ] GC(9)     Dead                           Min: 0, Avg:  0.0, Max: 0, Diff: 0, Sum: 0, Workers: 4
[43.018s][debug][gc,phases      ] GC(9)     Total                          Min: 0, Avg:  0.0, Max: 0, Diff: 0, Sum: 0, Workers: 4
[43.018s][debug][gc,phases      ] GC(9)   StringDedup Requests0 Weak     Min:  0.0, Avg:  0.0, Max:  0.0, Diff:  0.0, Sum:  0.0, Workers: 4
[43.018s][debug][gc,phases      ] GC(9)     Dead                           Min: 0, Avg:  0.0, Max: 0, Diff: 0, Sum: 0, Workers: 4
[43.018s][debug][gc,phases      ] GC(9)     Total                          Min: 0, Avg:  0.0, Max: 0, Diff: 0, Sum: 0, Workers: 4
[43.018s][debug][gc,phases      ] GC(9)   StringDedup Requests1 Weak     Min:  0.0, Avg:  0.0, Max:  0.0, Diff:  0.0, Sum:  0.0, Workers: 4
[43.018s][debug][gc,phases      ] GC(9)     Dead                           Min: 0, Avg:  0.0, Max: 0, Diff: 0, Sum: 0, Workers: 4
[43.018s][debug][gc,phases      ] GC(9)     Total                          Min: 0, Avg:  0.0, Max: 0, Diff: 0, Sum: 0, Workers: 4
[43.018s][debug][gc,phases      ] GC(9)   Weak JFR Old Object Samples    Min:  0.0, Avg:  0.0, Max:  0.0, Diff:  0.0, Sum:  0.0, Workers: 4
[43.018s][debug][gc,phases      ] GC(9)     Dead                           Min: 0, Avg:  0.0, Max: 0, Diff: 0, Sum: 0, Workers: 4
[43.018s][debug][gc,phases      ] GC(9)     Total                          Min: 0, Avg:  0.0, Max: 0, Diff: 0, Sum: 0, Workers: 4
[43.018s][debug][gc,phases      ] GC(9) Weak Processing 0.837ms
[43.018s][debug][gc,age         ] GC(9) Desired survivor size 377487360 bytes, new threshold 10 (max threshold 15)
[43.018s][info ][gc,heap        ] GC(9) PSYoungGen: 1371350K(1572864K)->217289K(1728512K) Eden: 1154048K(1154048K)->0K(1338368K) From: 217302K(418816K)->217289K(390144K)
[43.018s][info ][gc,heap        ] GC(9) ParOldGen: 6209K(18432K)->6217K(18432K)
[43.018s][info ][gc,metaspace   ] GC(9) Metaspace: 71914K(72704K)->71914K(72704K) NonClass: 61505K(61952K)->61505K(61952K) Class: 10408K(10752K)->10408K(10752K)
[43.018s][info ][gc             ] GC(9) Pause Young (Allocation Failure) 1345M->218M(1706M) 117.400ms
[43.018s][info ][gc,cpu         ] GC(9) User=0.25s Sys=0.00s Real=0.11s
[43.018s][info ][safepoint      ] Safepoint "ParallelGCFailedAllocation", Time since last: 652962004 ns, Reaching safepoint: 125699 ns, At safepoint: 117498630 ns, Total: 117624329 ns
[44.022s][info ][safepoint      ] Safepoint "Cleanup", Time since last: 1000135443 ns, Reaching safepoint: 4124966 ns, At safepoint: 13000 ns, Total: 4137966 ns
[45.022s][info ][safepoint      ] Safepoint "Cleanup", Time since last: 1000093150 ns, Reaching safepoint: 97199 ns, At safepoint: 5900 ns, Total: 103099 ns
[46.023s][info ][safepoint      ] Safepoint "Cleanup", Time since last: 1000103658 ns, Reaching safepoint: 56499 ns, At safepoint: 9300 ns, Total: 65799 ns
[47.023s][info ][safepoint      ] Safepoint "Cleanup", Time since last: 1000093665 ns, Reaching safepoint: 49700 ns, At safepoint: 4400 ns, Total: 54100 ns
[48.023s][info ][safepoint      ] Safepoint "Cleanup", Time since last: 1000051572 ns, Reaching safepoint: 51700 ns, At safepoint: 7300 ns, Total: 59000 ns
[49.023s][info ][safepoint      ] Safepoint "Cleanup", Time since last: 1000097879 ns, Reaching safepoint: 51400 ns, At safepoint: 7400 ns, Total: 58800 ns
[50.023s][info ][safepoint      ] Safepoint "Cleanup", Time since last: 1000091386 ns, Reaching safepoint: 47800 ns, At safepoint: 11200 ns, Total: 59000 ns
[51.023s][info ][safepoint      ] Safepoint "Cleanup", Time since last: 1000095094 ns, Reaching safepoint: 50799 ns, At safepoint: 4800 ns, Total: 55599 ns
[52.023s][info ][safepoint      ] Safepoint "Cleanup", Time since last: 1000093902 ns, Reaching safepoint: 38799 ns, At safepoint: 10900 ns, Total: 49699 ns
[53.024s][info ][safepoint      ] Safepoint "Cleanup", Time since last: 1000093309 ns, Reaching safepoint: 40999 ns, At safepoint: 3000 ns, Total: 43999 ns
[54.024s][info ][safepoint      ] Safepoint "Cleanup", Time since last: 1000064916 ns, Reaching safepoint: 63100 ns, At safepoint: 15299 ns, Total: 78399 ns
[55.657s][info ][safepoint      ] Safepoint "Cleanup", Time since last: 1633081751 ns, Reaching safepoint: 45400 ns, At safepoint: 6800 ns, Total: 52200 ns
[56.657s][info ][safepoint      ] Safepoint "Cleanup", Time since last: 1000103334 ns, Reaching safepoint: 117099 ns, At safepoint: 4700 ns, Total: 121799 ns
[56.900s][info ][gc,start       ] GC(10) Pause Young (Allocation Failure)
[56.981s][debug][gc,phases      ] GC(10) Scavenge 80.881ms
[56.981s][debug][gc,ref         ] GC(10) Skipped phase 1 of Reference Processing: no references
[56.981s][debug][gc,ref         ] GC(10) ReferenceProcessor::execute queues: 4, RefProcThreadModel::Multi, marks_oops_alive: false
[56.981s][debug][gc,ref         ] GC(10) Skipped phase 3 of Reference Processing: no references
[56.981s][debug][gc,ref         ] GC(10) ReferenceProcessor::execute queues: 1, RefProcThreadModel::Single, marks_oops_alive: false
[56.981s][debug][gc,phases      ] GC(10) Reference Processing 0.405ms
[56.982s][debug][gc,phases      ] GC(10)   VM Weak                        Min:  0.0, Avg:  0.0, Max:  0.0, Diff:  0.0, Sum:  0.0, Workers: 4
[56.982s][debug][gc,phases      ] GC(10)     Dead                           Min: 0, Avg:  0.0, Max: 0, Diff: 0, Sum: 0, Workers: 4
[56.982s][debug][gc,phases      ] GC(10)     Total                          Min: 0, Avg: 153.8, Max: 576, Diff: 576, Sum: 615, Workers: 4
[56.982s][debug][gc,phases      ] GC(10)   ObjectSynchronizer Weak        Min:  0.0, Avg:  0.0, Max:  0.0, Diff:  0.0, Sum:  0.0, Workers: 4
[56.982s][debug][gc,phases      ] GC(10)     Dead                           Min: 0, Avg:  0.0, Max: 0, Diff: 0, Sum: 0, Workers: 4
[56.982s][debug][gc,phases      ] GC(10)     Total                          Min: 0, Avg: 18.2, Max: 64, Diff: 64, Sum: 73, Workers: 4
[56.982s][debug][gc,phases      ] GC(10)   JVMTI Tag Weak OopStorage      Min:  0.0, Avg:  0.0, Max:  0.0, Diff:  0.0, Sum:  0.0, Workers: 4
[56.982s][debug][gc,phases      ] GC(10)     Dead                           Min: 0, Avg:  0.0, Max: 0, Diff: 0, Sum: 0, Workers: 4
[56.982s][debug][gc,phases      ] GC(10)     Total                          Min: 0, Avg:  0.0, Max: 0, Diff: 0, Sum: 0, Workers: 4
[56.982s][debug][gc,phases      ] GC(10)   StringTable Weak               Min:  0.3, Avg:  0.3, Max:  0.3, Diff:  0.0, Sum:  1.3, Workers: 4
[56.982s][debug][gc,phases      ] GC(10)     Dead                           Min: 0, Avg:  0.2, Max: 1, Diff: 1, Sum: 1, Workers: 4
[56.982s][debug][gc,phases      ] GC(10)     Total                          Min: 10707, Avg: 11892.8, Max: 12928, Diff: 2221, Sum: 47571, Workers: 4
[56.982s][debug][gc,phases      ] GC(10)   ResolvedMethodTable Weak       Min:  0.1, Avg:  0.1, Max:  0.1, Diff:  0.0, Sum:  0.3, Workers: 4
[56.982s][debug][gc,phases      ] GC(10)     Dead                           Min: 0, Avg:  0.0, Max: 0, Diff: 0, Sum: 0, Workers: 4
[56.982s][debug][gc,phases      ] GC(10)     Total                          Min: 997, Avg: 1929.2, Max: 2944, Diff: 1947, Sum: 7717, Workers: 4
[56.982s][debug][gc,phases      ] GC(10)   JNI Weak                       Min:  0.0, Avg:  0.0, Max:  0.0, Diff:  0.0, Sum:  0.0, Workers: 4
[56.982s][debug][gc,phases      ] GC(10)     Dead                           Min: 0, Avg:  0.0, Max: 0, Diff: 0, Sum: 0, Workers: 4
[56.982s][debug][gc,phases      ] GC(10)     Total                          Min: 0, Avg:  0.0, Max: 0, Diff: 0, Sum: 0, Workers: 4
[56.982s][debug][gc,phases      ] GC(10)   StringDedup Table Weak         Min:  0.0, Avg:  0.0, Max:  0.0, Diff:  0.0, Sum:  0.0, Workers: 4
[56.982s][debug][gc,phases      ] GC(10)     Dead                           Min: 0, Avg:  0.0, Max: 0, Diff: 0, Sum: 0, Workers: 4
[56.982s][debug][gc,phases      ] GC(10)     Total                          Min: 0, Avg:  0.0, Max: 0, Diff: 0, Sum: 0, Workers: 4
[56.982s][debug][gc,phases      ] GC(10)   StringDedup Requests0 Weak     Min:  0.0, Avg:  0.0, Max:  0.0, Diff:  0.0, Sum:  0.0, Workers: 4
[56.982s][debug][gc,phases      ] GC(10)     Dead                           Min: 0, Avg:  0.0, Max: 0, Diff: 0, Sum: 0, Workers: 4
[56.982s][debug][gc,phases      ] GC(10)     Total                          Min: 0, Avg:  0.0, Max: 0, Diff: 0, Sum: 0, Workers: 4
[56.982s][debug][gc,phases      ] GC(10)   StringDedup Requests1 Weak     Min:  0.0, Avg:  0.0, Max:  0.0, Diff:  0.0, Sum:  0.0, Workers: 4
[56.982s][debug][gc,phases      ] GC(10)     Dead                           Min: 0, Avg:  0.0, Max: 0, Diff: 0, Sum: 0, Workers: 4
[56.982s][debug][gc,phases      ] GC(10)     Total                          Min: 0, Avg:  0.0, Max: 0, Diff: 0, Sum: 0, Workers: 4
[56.982s][debug][gc,phases      ] GC(10)   Weak JFR Old Object Samples    Min:  0.0, Avg:  0.0, Max:  0.0, Diff:  0.0, Sum:  0.0, Workers: 4
[56.982s][debug][gc,phases      ] GC(10)     Dead                           Min: 0, Avg:  0.0, Max: 0, Diff: 0, Sum: 0, Workers: 4
[56.982s][debug][gc,phases      ] GC(10)     Total                          Min: 0, Avg:  0.0, Max: 0, Diff: 0, Sum: 0, Workers: 4
[56.982s][debug][gc,phases      ] GC(10) Weak Processing 0.641ms
[56.982s][debug][gc,age         ] GC(10) Desired survivor size 360710144 bytes, new threshold 11 (max threshold 15)
[56.982s][info ][gc,heap        ] GC(10) PSYoungGen: 1555657K(1728512K)->217243K(1707008K) Eden: 1338368K(1338368K)->0K(1338368K) From: 217289K(390144K)->217243K(368640K)
[56.982s][info ][gc,heap        ] GC(10) ParOldGen: 6217K(18432K)->6225K(18432K)
[56.982s][info ][gc,metaspace   ] GC(10) Metaspace: 71981K(72704K)->71981K(72704K) NonClass: 61568K(61952K)->61568K(61952K) Class: 10413K(10752K)->10413K(10752K)
[56.982s][info ][gc             ] GC(10) Pause Young (Allocation Failure) 1525M->218M(1685M) 82.095ms
[56.982s][info ][gc,cpu         ] GC(10) User=0.22s Sys=0.10s Real=0.08s
[56.982s][info ][safepoint      ] Safepoint "ParallelGCFailedAllocation", Time since last: 242814719 ns, Reaching safepoint: 35299 ns, At safepoint: 82190030 ns, Total: 82225329 ns
[57.982s][info ][safepoint      ] Safepoint "Cleanup", Time since last: 1000074744 ns, Reaching safepoint: 39800 ns, At safepoint: 9400 ns, Total: 49200 ns
[58.982s][info ][safepoint      ] Safepoint "Cleanup", Time since last: 1000113350 ns, Reaching safepoint: 54400 ns, At safepoint: 8100 ns, Total: 62500 ns
[59.983s][info ][safepoint      ] Safepoint "Cleanup", Time since last: 1000108458 ns, Reaching safepoint: 71699 ns, At safepoint: 6500 ns, Total: 78199 ns
[60.983s][info ][safepoint      ] Safepoint "Cleanup", Time since last: 1000106265 ns, Reaching safepoint: 50700 ns, At safepoint: 5600 ns, Total: 56300 ns
[61.983s][info ][safepoint      ] Safepoint "Cleanup", Time since last: 1000100872 ns, Reaching safepoint: 43700 ns, At safepoint: 5200 ns, Total: 48900 ns
[62.983s][info ][safepoint      ] Safepoint "Cleanup", Time since last: 1000096379 ns, Reaching safepoint: 69200 ns, At safepoint: 7500 ns, Total: 76700 ns
[63.983s][info ][safepoint      ] Safepoint "Cleanup", Time since last: 1000095586 ns, Reaching safepoint: 62900 ns, At safepoint: 7300 ns, Total: 70200 ns
[64.984s][info ][safepoint      ] Safepoint "Cleanup", Time since last: 1000100293 ns, Reaching safepoint: 81799 ns, At safepoint: 10700 ns, Total: 92499 ns
[66.449s][info ][safepoint      ] Safepoint "Cleanup", Time since last: 1465459435 ns, Reaching safepoint: 223098 ns, At safepoint: 14300 ns, Total: 237398 ns
[67.449s][info ][safepoint      ] Safepoint "Cleanup", Time since last: 1000115110 ns, Reaching safepoint: 134399 ns, At safepoint: 15100 ns, Total: 149499 ns
[68.450s][info ][safepoint      ] Safepoint "Cleanup", Time since last: 1000100918 ns, Reaching safepoint: 110399 ns, At safepoint: 10600 ns, Total: 120999 ns
[69.450s][info ][safepoint      ] Safepoint "Cleanup", Time since last: 1000106825 ns, Reaching safepoint: 123399 ns, At safepoint: 10299 ns, Total: 133698 ns
[70.100s][info ][gc,start       ] GC(11) Pause Young (Allocation Failure)
[70.153s][debug][gc,phases      ] GC(11) Scavenge 52.375ms
[70.153s][debug][gc,ref         ] GC(11) Skipped phase 1 of Reference Processing: no references
[70.153s][debug][gc,ref         ] GC(11) ReferenceProcessor::execute queues: 4, RefProcThreadModel::Multi, marks_oops_alive: false
[70.153s][debug][gc,ref         ] GC(11) Skipped phase 3 of Reference Processing: no references
[70.153s][debug][gc,ref         ] GC(11) ReferenceProcessor::execute queues: 1, RefProcThreadModel::Single, marks_oops_alive: false
[70.153s][debug][gc,phases      ] GC(11) Reference Processing 0.300ms
[70.153s][debug][gc,phases      ] GC(11)   VM Weak                        Min:  0.0, Avg:  0.0, Max:  0.0, Diff:  0.0, Sum:  0.0, Workers: 4
[70.153s][debug][gc,phases      ] GC(11)     Dead                           Min: 0, Avg:  0.0, Max: 0, Diff: 0, Sum: 0, Workers: 4
[70.153s][debug][gc,phases      ] GC(11)     Total                          Min: 0, Avg: 153.8, Max: 384, Diff: 384, Sum: 615, Workers: 4
[70.153s][debug][gc,phases      ] GC(11)   ObjectSynchronizer Weak        Min:  0.0, Avg:  0.0, Max:  0.0, Diff:  0.0, Sum:  0.0, Workers: 4
[70.153s][debug][gc,phases      ] GC(11)     Dead                           Min: 0, Avg:  0.0, Max: 0, Diff: 0, Sum: 0, Workers: 4
[70.153s][debug][gc,phases      ] GC(11)     Total                          Min: 0, Avg: 18.2, Max: 64, Diff: 64, Sum: 73, Workers: 4
[70.153s][debug][gc,phases      ] GC(11)   JVMTI Tag Weak OopStorage      Min:  0.0, Avg:  0.0, Max:  0.0, Diff:  0.0, Sum:  0.0, Workers: 4
[70.153s][debug][gc,phases      ] GC(11)     Dead                           Min: 0, Avg:  0.0, Max: 0, Diff: 0, Sum: 0, Workers: 4
[70.153s][debug][gc,phases      ] GC(11)     Total                          Min: 0, Avg:  0.0, Max: 0, Diff: 0, Sum: 0, Workers: 4
[70.153s][debug][gc,phases      ] GC(11)   StringTable Weak               Min:  0.3, Avg:  0.3, Max:  0.3, Diff:  0.0, Sum:  1.2, Workers: 4
[70.153s][debug][gc,phases      ] GC(11)     Dead                           Min: 0, Avg:  0.0, Max: 0, Diff: 0, Sum: 0, Workers: 4
[70.153s][debug][gc,phases      ] GC(11)     Total                          Min: 7859, Avg: 11900.8, Max: 17472, Diff: 9613, Sum: 47603, Workers: 4
[70.153s][debug][gc,phases      ] GC(11)   ResolvedMethodTable Weak       Min:  0.1, Avg:  0.1, Max:  0.1, Diff:  0.0, Sum:  0.2, Workers: 4
[70.153s][debug][gc,phases      ] GC(11)     Dead                           Min: 0, Avg:  0.0, Max: 0, Diff: 0, Sum: 0, Workers: 4
[70.153s][debug][gc,phases      ] GC(11)     Total                          Min: 1664, Avg: 1929.2, Max: 2725, Diff: 1061, Sum: 7717, Workers: 4
[70.153s][debug][gc,phases      ] GC(11)   JNI Weak                       Min:  0.0, Avg:  0.0, Max:  0.0, Diff:  0.0, Sum:  0.0, Workers: 4
[70.153s][debug][gc,phases      ] GC(11)     Dead                           Min: 0, Avg:  0.0, Max: 0, Diff: 0, Sum: 0, Workers: 4
[70.153s][debug][gc,phases      ] GC(11)     Total                          Min: 0, Avg:  0.0, Max: 0, Diff: 0, Sum: 0, Workers: 4
[70.153s][debug][gc,phases      ] GC(11)   StringDedup Table Weak         Min:  0.0, Avg:  0.0, Max:  0.0, Diff:  0.0, Sum:  0.0, Workers: 4
[70.153s][debug][gc,phases      ] GC(11)     Dead                           Min: 0, Avg:  0.0, Max: 0, Diff: 0, Sum: 0, Workers: 4
[70.153s][debug][gc,phases      ] GC(11)     Total                          Min: 0, Avg:  0.0, Max: 0, Diff: 0, Sum: 0, Workers: 4
[70.153s][debug][gc,phases      ] GC(11)   StringDedup Requests0 Weak     Min:  0.0, Avg:  0.0, Max:  0.0, Diff:  0.0, Sum:  0.0, Workers: 4
[70.153s][debug][gc,phases      ] GC(11)     Dead                           Min: 0, Avg:  0.0, Max: 0, Diff: 0, Sum: 0, Workers: 4
[70.153s][debug][gc,phases      ] GC(11)     Total                          Min: 0, Avg:  0.0, Max: 0, Diff: 0, Sum: 0, Workers: 4
[70.153s][debug][gc,phases      ] GC(11)   StringDedup Requests1 Weak     Min:  0.0, Avg:  0.0, Max:  0.0, Diff:  0.0, Sum:  0.0, Workers: 4
[70.153s][debug][gc,phases      ] GC(11)     Dead                           Min: 0, Avg:  0.0, Max: 0, Diff: 0, Sum: 0, Workers: 4
[70.153s][debug][gc,phases      ] GC(11)     Total                          Min: 0, Avg:  0.0, Max: 0, Diff: 0, Sum: 0, Workers: 4
[70.153s][debug][gc,phases      ] GC(11)   Weak JFR Old Object Samples    Min:  0.0, Avg:  0.0, Max:  0.0, Diff:  0.0, Sum:  0.0, Workers: 4
[70.153s][debug][gc,phases      ] GC(11)     Dead                           Min: 0, Avg:  0.0, Max: 0, Diff: 0, Sum: 0, Workers: 4
[70.153s][debug][gc,phases      ] GC(11)     Total                          Min: 0, Avg:  0.0, Max: 0, Diff: 0, Sum: 0, Workers: 4
[70.154s][debug][gc,phases      ] GC(11) Weak Processing 0.514ms
[70.154s][debug][gc,age         ] GC(11) Desired survivor size 347078656 bytes, new threshold 12 (max threshold 15)
[70.154s][info ][gc,heap        ] GC(11) PSYoungGen: 1555611K(1707008K)->217183K(1758208K) Eden: 1338368K(1338368K)->0K(1405952K) From: 217243K(368640K)->217183K(352256K)
[70.154s][info ][gc,heap        ] GC(11) ParOldGen: 6225K(18432K)->6233K(18432K)
[70.154s][info ][gc,metaspace   ] GC(11) Metaspace: 72039K(72768K)->72039K(72768K) NonClass: 61625K(62016K)->61625K(62016K) Class: 10413K(10752K)->10413K(10752K)
[70.154s][info ][gc             ] GC(11) Pause Young (Allocation Failure) 1525M->218M(1735M) 53.310ms
[70.154s][info ][gc,cpu         ] GC(11) User=0.21s Sys=0.00s Real=0.05s
[70.154s][info ][safepoint      ] Safepoint "ParallelGCFailedAllocation", Time since last: 650236554 ns, Reaching safepoint: 39400 ns, At safepoint: 53383469 ns, Total: 53422869 ns
[71.154s][info ][safepoint      ] Safepoint "Cleanup", Time since last: 1000081937 ns, Reaching safepoint: 110099 ns, At safepoint: 7500 ns, Total: 117599 ns
[72.154s][info ][safepoint      ] Safepoint "Cleanup", Time since last: 1000098043 ns, Reaching safepoint: 46300 ns, At safepoint: 2600 ns, Total: 48900 ns
[73.154s][info ][safepoint      ] Safepoint "Cleanup", Time since last: 1000100050 ns, Reaching safepoint: 41800 ns, At safepoint: 2500 ns, Total: 44300 ns
[76.154s][info ][safepoint      ] Safepoint "Cleanup", Time since last: 3000225793 ns, Reaching safepoint: 44500 ns, At safepoint: 6500 ns, Total: 51000 ns
[77.154s][info ][safepoint      ] Safepoint "Cleanup", Time since last: 1000101078 ns, Reaching safepoint: 34800 ns, At safepoint: 2300 ns, Total: 37100 ns
[78.155s][info ][safepoint      ] Safepoint "Cleanup", Time since last: 1000097185 ns, Reaching safepoint: 39199 ns, At safepoint: 7800 ns, Total: 46999 ns
[79.155s][info ][safepoint      ] Safepoint "Cleanup", Time since last: 1000096892 ns, Reaching safepoint: 46700 ns, At safepoint: 8000 ns, Total: 54700 ns
[80.155s][info ][safepoint      ] Safepoint "Cleanup", Time since last: 1000109898 ns, Reaching safepoint: 52300 ns, At safepoint: 2200 ns, Total: 54500 ns
[81.155s][info ][safepoint      ] Safepoint "Cleanup", Time since last: 1000091005 ns, Reaching safepoint: 66600 ns, At safepoint: 5100 ns, Total: 71700 ns
[82.155s][info ][safepoint      ] Safepoint "Cleanup", Time since last: 1000109912 ns, Reaching safepoint: 46199 ns, At safepoint: 2800 ns, Total: 48999 ns
[83.155s][info ][safepoint      ] Safepoint "Cleanup", Time since last: 1000110419 ns, Reaching safepoint: 55600 ns, At safepoint: 5900 ns, Total: 61500 ns
[83.749s][info ][gc,start       ] GC(12) Pause Young (Allocation Failure)
[83.804s][debug][gc,phases      ] GC(12) Scavenge 54.948ms
[83.804s][debug][gc,ref         ] GC(12) Skipped phase 1 of Reference Processing: no references
[83.804s][debug][gc,ref         ] GC(12) ReferenceProcessor::execute queues: 4, RefProcThreadModel::Multi, marks_oops_alive: false
[83.804s][debug][gc,ref         ] GC(12) Skipped phase 3 of Reference Processing: no references
[83.804s][debug][gc,ref         ] GC(12) ReferenceProcessor::execute queues: 1, RefProcThreadModel::Single, marks_oops_alive: false
[83.804s][debug][gc,phases      ] GC(12) Reference Processing 0.305ms
[83.805s][debug][gc,phases      ] GC(12)   VM Weak                        Min:  0.0, Avg:  0.0, Max:  0.0, Diff:  0.0, Sum:  0.0, Workers: 4
[83.805s][debug][gc,phases      ] GC(12)     Dead                           Min: 0, Avg:  0.0, Max: 0, Diff: 0, Sum: 0, Workers: 4
[83.805s][debug][gc,phases      ] GC(12)     Total                          Min: 0, Avg: 153.8, Max: 384, Diff: 384, Sum: 615, Workers: 4
[83.805s][debug][gc,phases      ] GC(12)   ObjectSynchronizer Weak        Min:  0.0, Avg:  0.0, Max:  0.0, Diff:  0.0, Sum:  0.0, Workers: 4
[83.805s][debug][gc,phases      ] GC(12)     Dead                           Min: 0, Avg:  0.0, Max: 0, Diff: 0, Sum: 0, Workers: 4
[83.805s][debug][gc,phases      ] GC(12)     Total                          Min: 0, Avg: 18.2, Max: 64, Diff: 64, Sum: 73, Workers: 4
[83.805s][debug][gc,phases      ] GC(12)   JVMTI Tag Weak OopStorage      Min:  0.0, Avg:  0.0, Max:  0.0, Diff:  0.0, Sum:  0.0, Workers: 4
[83.805s][debug][gc,phases      ] GC(12)     Dead                           Min: 0, Avg:  0.0, Max: 0, Diff: 0, Sum: 0, Workers: 4
[83.805s][debug][gc,phases      ] GC(12)     Total                          Min: 0, Avg:  0.0, Max: 0, Diff: 0, Sum: 0, Workers: 4
[83.805s][debug][gc,phases      ] GC(12)   StringTable Weak               Min:  0.3, Avg:  0.3, Max:  0.3, Diff:  0.0, Sum:  1.0, Workers: 4
[83.805s][debug][gc,phases      ] GC(12)     Dead                           Min: 0, Avg:  0.0, Max: 0, Diff: 0, Sum: 0, Workers: 4
[83.805s][debug][gc,phases      ] GC(12)     Total                          Min: 9414, Avg: 11905.5, Max: 14592, Diff: 5178, Sum: 47622, Workers: 4
[83.805s][debug][gc,phases      ] GC(12)   ResolvedMethodTable Weak       Min:  0.0, Avg:  0.0, Max:  0.0, Diff:  0.0, Sum:  0.2, Workers: 4
[83.805s][debug][gc,phases      ] GC(12)     Dead                           Min: 0, Avg:  0.2, Max: 1, Diff: 1, Sum: 1, Workers: 4
[83.805s][debug][gc,phases      ] GC(12)     Total                          Min: 1344, Avg: 1929.0, Max: 2430, Diff: 1086, Sum: 7716, Workers: 4
[83.805s][debug][gc,phases      ] GC(12)   JNI Weak                       Min:  0.0, Avg:  0.0, Max:  0.0, Diff:  0.0, Sum:  0.0, Workers: 4
[83.805s][debug][gc,phases      ] GC(12)     Dead                           Min: 0, Avg:  0.0, Max: 0, Diff: 0, Sum: 0, Workers: 4
[83.805s][debug][gc,phases      ] GC(12)     Total                          Min: 0, Avg:  0.0, Max: 0, Diff: 0, Sum: 0, Workers: 4
[83.805s][debug][gc,phases      ] GC(12)   StringDedup Table Weak         Min:  0.0, Avg:  0.0, Max:  0.0, Diff:  0.0, Sum:  0.0, Workers: 4
[83.805s][debug][gc,phases      ] GC(12)     Dead                           Min: 0, Avg:  0.0, Max: 0, Diff: 0, Sum: 0, Workers: 4
[83.805s][debug][gc,phases      ] GC(12)     Total                          Min: 0, Avg:  0.0, Max: 0, Diff: 0, Sum: 0, Workers: 4
[83.805s][debug][gc,phases      ] GC(12)   StringDedup Requests0 Weak     Min:  0.0, Avg:  0.0, Max:  0.0, Diff:  0.0, Sum:  0.0, Workers: 4
[83.805s][debug][gc,phases      ] GC(12)     Dead                           Min: 0, Avg:  0.0, Max: 0, Diff: 0, Sum: 0, Workers: 4
[83.805s][debug][gc,phases      ] GC(12)     Total                          Min: 0, Avg:  0.0, Max: 0, Diff: 0, Sum: 0, Workers: 4
[83.805s][debug][gc,phases      ] GC(12)   StringDedup Requests1 Weak     Min:  0.0, Avg:  0.0, Max:  0.0, Diff:  0.0, Sum:  0.0, Workers: 4
[83.805s][debug][gc,phases      ] GC(12)     Dead                           Min: 0, Avg:  0.0, Max: 0, Diff: 0, Sum: 0, Workers: 4
[83.805s][debug][gc,phases      ] GC(12)     Total                          Min: 0, Avg:  0.0, Max: 0, Diff: 0, Sum: 0, Workers: 4
[83.805s][debug][gc,phases      ] GC(12)   Weak JFR Old Object Samples    Min:  0.0, Avg:  0.0, Max:  0.0, Diff:  0.0, Sum:  0.0, Workers: 4
[83.805s][debug][gc,phases      ] GC(12)     Dead                           Min: 0, Avg:  0.0, Max: 0, Diff: 0, Sum: 0, Workers: 4
[83.805s][debug][gc,phases      ] GC(12)     Total                          Min: 0, Avg:  0.0, Max: 0, Diff: 0, Sum: 0, Workers: 4
[83.805s][debug][gc,phases      ] GC(12) Weak Processing 0.469ms
[83.805s][debug][gc,age         ] GC(12) Desired survivor size 336068608 bytes, new threshold 13 (max threshold 15)
[83.805s][info ][gc,heap        ] GC(12) PSYoungGen: 1623135K(1758208K)->217329K(1744896K) Eden: 1405952K(1405952K)->0K(1405952K) From: 217183K(352256K)->217329K(338944K)
[83.805s][info ][gc,heap        ] GC(12) ParOldGen: 6233K(18432K)->6241K(18432K)
[83.805s][info ][gc,metaspace   ] GC(12) Metaspace: 72056K(72768K)->72056K(72768K) NonClass: 61642K(62016K)->61642K(62016K) Class: 10414K(10752K)->10414K(10752K)
[83.805s][info ][gc             ] GC(12) Pause Young (Allocation Failure) 1591M->218M(1722M) 55.842ms
[83.805s][info ][gc,cpu         ] GC(12) User=0.22s Sys=0.00s Real=0.05s
[83.805s][info ][safepoint      ] Safepoint "ParallelGCFailedAllocation", Time since last: 593410867 ns, Reaching safepoint: 39999 ns, At safepoint: 55907955 ns, Total: 55947954 ns
[87.805s][info ][safepoint      ] Safepoint "Cleanup", Time since last: 4000273262 ns, Reaching safepoint: 42599 ns, At safepoint: 3800 ns, Total: 46399 ns
[88.805s][info ][safepoint      ] Safepoint "Cleanup", Time since last: 1000105257 ns, Reaching safepoint: 46700 ns, At safepoint: 5400 ns, Total: 52100 ns
[89.805s][info ][safepoint      ] Safepoint "Cleanup", Time since last: 1000102464 ns, Reaching safepoint: 47199 ns, At safepoint: 4900 ns, Total: 52099 ns
[90.806s][info ][safepoint      ] Safepoint "Cleanup", Time since last: 1000097071 ns, Reaching safepoint: 45700 ns, At safepoint: 8200 ns, Total: 53900 ns
[91.806s][info ][safepoint      ] Safepoint "Cleanup", Time since last: 1000073477 ns, Reaching safepoint: 44000 ns, At safepoint: 2800 ns, Total: 46800 ns
[92.806s][info ][safepoint      ] Safepoint "Cleanup", Time since last: 1000112183 ns, Reaching safepoint: 48900 ns, At safepoint: 4000 ns, Total: 52900 ns
[93.806s][info ][safepoint      ] Safepoint "Cleanup", Time since last: 1000111990 ns, Reaching safepoint: 43000 ns, At safepoint: 3400 ns, Total: 46400 ns
[94.806s][info ][safepoint      ] Safepoint "Cleanup", Time since last: 1000080497 ns, Reaching safepoint: 43100 ns, At safepoint: 8000 ns, Total: 51100 ns
[95.806s][info ][safepoint      ] Safepoint "Cleanup", Time since last: 1000102204 ns, Reaching safepoint: 45299 ns, At safepoint: 6300 ns, Total: 51599 ns
[96.806s][info ][safepoint      ] Safepoint "Cleanup", Time since last: 1000096211 ns, Reaching safepoint: 45699 ns, At safepoint: 7900 ns, Total: 53599 ns
[97.807s][info ][safepoint      ] Safepoint "Cleanup", Time since last: 1000107917 ns, Reaching safepoint: 46300 ns, At safepoint: 7300 ns, Total: 53600 ns
[98.749s][info ][gc,start       ] GC(13) Pause Young (Allocation Failure)
[98.801s][debug][gc,phases      ] GC(13) Scavenge 52.285ms
[98.801s][debug][gc,ref         ] GC(13) Skipped phase 1 of Reference Processing: no references
[98.801s][debug][gc,ref         ] GC(13) ReferenceProcessor::execute queues: 4, RefProcThreadModel::Multi, marks_oops_alive: false
[98.801s][debug][gc,ref         ] GC(13) Skipped phase 3 of Reference Processing: no references
[98.801s][debug][gc,ref         ] GC(13) ReferenceProcessor::execute queues: 1, RefProcThreadModel::Single, marks_oops_alive: false
[98.801s][debug][gc,phases      ] GC(13) Reference Processing 0.465ms
[98.802s][debug][gc,phases      ] GC(13)   VM Weak                        Min:  0.0, Avg:  0.0, Max:  0.0, Diff:  0.0, Sum:  0.0, Workers: 4
[98.802s][debug][gc,phases      ] GC(13)     Dead                           Min: 0, Avg:  0.0, Max: 0, Diff: 0, Sum: 0, Workers: 4
[98.802s][debug][gc,phases      ] GC(13)     Total                          Min: 0, Avg: 153.8, Max: 359, Diff: 359, Sum: 615, Workers: 4
[98.802s][debug][gc,phases      ] GC(13)   ObjectSynchronizer Weak        Min:  0.0, Avg:  0.0, Max:  0.0, Diff:  0.0, Sum:  0.0, Workers: 4
[98.802s][debug][gc,phases      ] GC(13)     Dead                           Min: 0, Avg:  0.0, Max: 0, Diff: 0, Sum: 0, Workers: 4
[98.802s][debug][gc,phases      ] GC(13)     Total                          Min: 0, Avg: 18.2, Max: 64, Diff: 64, Sum: 73, Workers: 4
[98.802s][debug][gc,phases      ] GC(13)   JVMTI Tag Weak OopStorage      Min:  0.0, Avg:  0.0, Max:  0.0, Diff:  0.0, Sum:  0.0, Workers: 4
[98.802s][debug][gc,phases      ] GC(13)     Dead                           Min: 0, Avg:  0.0, Max: 0, Diff: 0, Sum: 0, Workers: 4
[98.802s][debug][gc,phases      ] GC(13)     Total                          Min: 0, Avg:  0.0, Max: 0, Diff: 0, Sum: 0, Workers: 4
[98.802s][debug][gc,phases      ] GC(13)   StringTable Weak               Min:  0.3, Avg:  0.3, Max:  0.3, Diff:  0.0, Sum:  1.3, Workers: 4
[98.802s][debug][gc,phases      ] GC(13)     Dead                           Min: 0, Avg:  0.0, Max: 0, Diff: 0, Sum: 0, Workers: 4
[98.802s][debug][gc,phases      ] GC(13)     Total                          Min: 11392, Avg: 11907.2, Max: 12621, Diff: 1229, Sum: 47629, Workers: 4
[98.802s][debug][gc,phases      ] GC(13)   ResolvedMethodTable Weak       Min:  0.1, Avg:  0.1, Max:  0.1, Diff:  0.0, Sum:  0.3, Workers: 4
[98.802s][debug][gc,phases      ] GC(13)     Dead                           Min: 0, Avg:  0.0, Max: 0, Diff: 0, Sum: 0, Workers: 4
[98.802s][debug][gc,phases      ] GC(13)     Total                          Min: 1024, Avg: 1929.0, Max: 2304, Diff: 1280, Sum: 7716, Workers: 4
[98.802s][debug][gc,phases      ] GC(13)   JNI Weak                       Min:  0.0, Avg:  0.0, Max:  0.0, Diff:  0.0, Sum:  0.0, Workers: 4
[98.802s][debug][gc,phases      ] GC(13)     Dead                           Min: 0, Avg:  0.0, Max: 0, Diff: 0, Sum: 0, Workers: 4
[98.802s][debug][gc,phases      ] GC(13)     Total                          Min: 0, Avg:  0.0, Max: 0, Diff: 0, Sum: 0, Workers: 4
[98.802s][debug][gc,phases      ] GC(13)   StringDedup Table Weak         Min:  0.0, Avg:  0.0, Max:  0.0, Diff:  0.0, Sum:  0.0, Workers: 4
[98.802s][debug][gc,phases      ] GC(13)     Dead                           Min: 0, Avg:  0.0, Max: 0, Diff: 0, Sum: 0, Workers: 4
[98.802s][debug][gc,phases      ] GC(13)     Total                          Min: 0, Avg:  0.0, Max: 0, Diff: 0, Sum: 0, Workers: 4
[98.802s][debug][gc,phases      ] GC(13)   StringDedup Requests0 Weak     Min:  0.0, Avg:  0.0, Max:  0.0, Diff:  0.0, Sum:  0.0, Workers: 4
[98.802s][debug][gc,phases      ] GC(13)     Dead                           Min: 0, Avg:  0.0, Max: 0, Diff: 0, Sum: 0, Workers: 4
[98.802s][debug][gc,phases      ] GC(13)     Total                          Min: 0, Avg:  0.0, Max: 0, Diff: 0, Sum: 0, Workers: 4
[98.802s][debug][gc,phases      ] GC(13)   StringDedup Requests1 Weak     Min:  0.0, Avg:  0.0, Max:  0.0, Diff:  0.0, Sum:  0.0, Workers: 4
[98.802s][debug][gc,phases      ] GC(13)     Dead                           Min: 0, Avg:  0.0, Max: 0, Diff: 0, Sum: 0, Workers: 4
[98.802s][debug][gc,phases      ] GC(13)     Total                          Min: 0, Avg:  0.0, Max: 0, Diff: 0, Sum: 0, Workers: 4
[98.802s][debug][gc,phases      ] GC(13)   Weak JFR Old Object Samples    Min:  0.0, Avg:  0.0, Max:  0.0, Diff:  0.0, Sum:  0.0, Workers: 4
[98.802s][debug][gc,phases      ] GC(13)     Dead                           Min: 0, Avg:  0.0, Max: 0, Diff: 0, Sum: 0, Workers: 4
[98.802s][debug][gc,phases      ] GC(13)     Total                          Min: 0, Avg:  0.0, Max: 0, Diff: 0, Sum: 0, Workers: 4
[98.802s][debug][gc,phases      ] GC(13) Weak Processing 0.681ms
[98.802s][debug][gc,age         ] GC(13) Desired survivor size 326107136 bytes, new threshold 14 (max threshold 15)
[98.802s][info ][gc,heap        ] GC(13) PSYoungGen: 1623281K(1744896K)->217250K(1778688K) Eden: 1405952K(1405952K)->0K(1450496K) From: 217329K(338944K)->217250K(328192K)
[98.802s][info ][gc,heap        ] GC(13) ParOldGen: 6241K(18432K)->6249K(18432K)
[98.802s][info ][gc,metaspace   ] GC(13) Metaspace: 72084K(72832K)->72084K(72832K) NonClass: 61668K(62080K)->61668K(62080K) Class: 10415K(10752K)->10415K(10752K)
[98.802s][info ][gc             ] GC(13) Pause Young (Allocation Failure) 1591M->218M(1755M) 53.556ms
[98.802s][info ][gc,cpu         ] GC(13) User=0.21s Sys=0.00s Real=0.05s
[98.802s][info ][safepoint      ] Safepoint "ParallelGCFailedAllocation", Time since last: 941847682 ns, Reaching safepoint: 72499 ns, At safepoint: 53640578 ns, Total: 53713077 ns
[99.802s][info ][safepoint      ] Safepoint "Cleanup", Time since last: 1000075630 ns, Reaching safepoint: 80600 ns, At safepoint: 14100 ns, Total: 94700 ns
[101.803s][info ][safepoint      ] Safepoint "Cleanup", Time since last: 2000157280 ns, Reaching safepoint: 66999 ns, At safepoint: 8200 ns, Total: 75199 ns
[102.803s][info ][safepoint      ] Safepoint "Cleanup", Time since last: 1000108250 ns, Reaching safepoint: 117999 ns, At safepoint: 19400 ns, Total: 137399 ns
[103.804s][info ][safepoint      ] Safepoint "Cleanup", Time since last: 1000592853 ns, Reaching safepoint: 172598 ns, At safepoint: 11900 ns, Total: 184498 ns
[105.652s][info ][safepoint      ] Safepoint "Cleanup", Time since last: 1848523320 ns, Reaching safepoint: 123599 ns, At safepoint: 12300 ns, Total: 135899 ns
[106.652s][info ][safepoint      ] Safepoint "Cleanup", Time since last: 1000100174 ns, Reaching safepoint: 44700 ns, At safepoint: 5700 ns, Total: 50400 ns
[107.653s][info ][safepoint      ] Safepoint "Cleanup", Time since last: 1000107481 ns, Reaching safepoint: 45800 ns, At safepoint: 8000 ns, Total: 53800 ns
[108.653s][info ][safepoint      ] Safepoint "Cleanup", Time since last: 1000075188 ns, Reaching safepoint: 49399 ns, At safepoint: 5400 ns, Total: 54799 ns
[110.147s][info ][safepoint      ] Safepoint "Cleanup", Time since last: 1494042642 ns, Reaching safepoint: 190999 ns, At safepoint: 11500 ns, Total: 202499 ns
[110.159s][info ][safepoint      ] Safepoint "ParallelGCFailedAllocation", Time since last: 11510310 ns, Reaching safepoint: 120799 ns, At safepoint: 26000 ns, Total: 146799 ns
[110.160s][info ][gc,start       ] GC(14) Pause Young (GCLocker Initiated GC)
[110.231s][debug][gc,phases      ] GC(14) Scavenge 70.960ms
[110.231s][debug][gc,ref         ] GC(14) Skipped phase 1 of Reference Processing: no references
[110.231s][debug][gc,ref         ] GC(14) ReferenceProcessor::execute queues: 1, RefProcThreadModel::Single, marks_oops_alive: false
[110.231s][debug][gc,ref         ] GC(14) Skipped phase 3 of Reference Processing: no references
[110.231s][debug][gc,ref         ] GC(14) ReferenceProcessor::execute queues: 1, RefProcThreadModel::Single, marks_oops_alive: false
[110.231s][debug][gc,phases      ] GC(14) Reference Processing 0.153ms
[110.232s][debug][gc,phases      ] GC(14)   VM Weak                        Min:  0.0, Avg:  0.0, Max:  0.0, Diff:  0.0, Sum:  0.0, Workers: 4
[110.232s][debug][gc,phases      ] GC(14)     Dead                           Min: 0, Avg:  0.0, Max: 0, Diff: 0, Sum: 0, Workers: 4
[110.232s][debug][gc,phases      ] GC(14)     Total                          Min: 40, Avg: 154.0, Max: 320, Diff: 280, Sum: 616, Workers: 4
[110.232s][debug][gc,phases      ] GC(14)   ObjectSynchronizer Weak        Min:  0.0, Avg:  0.0, Max:  0.0, Diff:  0.0, Sum:  0.0, Workers: 4
[110.232s][debug][gc,phases      ] GC(14)     Dead                           Min: 0, Avg:  0.0, Max: 0, Diff: 0, Sum: 0, Workers: 4
[110.232s][debug][gc,phases      ] GC(14)     Total                          Min: 0, Avg: 18.5, Max: 64, Diff: 64, Sum: 74, Workers: 4
[110.232s][debug][gc,phases      ] GC(14)   JVMTI Tag Weak OopStorage      Min:  0.0, Avg:  0.0, Max:  0.0, Diff:  0.0, Sum:  0.0, Workers: 4
[110.232s][debug][gc,phases      ] GC(14)     Dead                           Min: 0, Avg:  0.0, Max: 0, Diff: 0, Sum: 0, Workers: 4
[110.232s][debug][gc,phases      ] GC(14)     Total                          Min: 0, Avg:  0.0, Max: 0, Diff: 0, Sum: 0, Workers: 4
[110.232s][debug][gc,phases      ] GC(14)   StringTable Weak               Min:  0.3, Avg:  0.3, Max:  0.3, Diff:  0.0, Sum:  1.3, Workers: 4
[110.232s][debug][gc,phases      ] GC(14)     Dead                           Min: 0, Avg:  0.5, Max: 2, Diff: 2, Sum: 2, Workers: 4
[110.232s][debug][gc,phases      ] GC(14)     Total                          Min: 11392, Avg: 11926.5, Max: 12698, Diff: 1306, Sum: 47706, Workers: 4
[110.232s][debug][gc,phases      ] GC(14)   ResolvedMethodTable Weak       Min:  0.1, Avg:  0.1, Max:  0.1, Diff:  0.0, Sum:  0.2, Workers: 4
[110.232s][debug][gc,phases      ] GC(14)     Dead                           Min: 0, Avg:  0.0, Max: 0, Diff: 0, Sum: 0, Workers: 4
[110.232s][debug][gc,phases      ] GC(14)     Total                          Min: 1792, Avg: 1935.8, Max: 2112, Diff: 320, Sum: 7743, Workers: 4
[110.232s][debug][gc,phases      ] GC(14)   JNI Weak                       Min:  0.0, Avg:  0.0, Max:  0.0, Diff:  0.0, Sum:  0.0, Workers: 4
[110.232s][debug][gc,phases      ] GC(14)     Dead                           Min: 0, Avg:  0.0, Max: 0, Diff: 0, Sum: 0, Workers: 4
[110.232s][debug][gc,phases      ] GC(14)     Total                          Min: 0, Avg:  7.0, Max: 28, Diff: 28, Sum: 28, Workers: 4
[110.232s][debug][gc,phases      ] GC(14)   StringDedup Table Weak         Min:  0.0, Avg:  0.0, Max:  0.0, Diff:  0.0, Sum:  0.0, Workers: 4
[110.232s][debug][gc,phases      ] GC(14)     Dead                           Min: 0, Avg:  0.0, Max: 0, Diff: 0, Sum: 0, Workers: 4
[110.232s][debug][gc,phases      ] GC(14)     Total                          Min: 0, Avg:  0.0, Max: 0, Diff: 0, Sum: 0, Workers: 4
[110.232s][debug][gc,phases      ] GC(14)   StringDedup Requests0 Weak     Min:  0.0, Avg:  0.0, Max:  0.0, Diff:  0.0, Sum:  0.0, Workers: 4
[110.232s][debug][gc,phases      ] GC(14)     Dead                           Min: 0, Avg:  0.0, Max: 0, Diff: 0, Sum: 0, Workers: 4
[110.232s][debug][gc,phases      ] GC(14)     Total                          Min: 0, Avg:  0.0, Max: 0, Diff: 0, Sum: 0, Workers: 4
[110.232s][debug][gc,phases      ] GC(14)   StringDedup Requests1 Weak     Min:  0.0, Avg:  0.0, Max:  0.0, Diff:  0.0, Sum:  0.0, Workers: 4
[110.232s][debug][gc,phases      ] GC(14)     Dead                           Min: 0, Avg:  0.0, Max: 0, Diff: 0, Sum: 0, Workers: 4
[110.232s][debug][gc,phases      ] GC(14)     Total                          Min: 0, Avg:  0.0, Max: 0, Diff: 0, Sum: 0, Workers: 4
[110.232s][debug][gc,phases      ] GC(14)   Weak JFR Old Object Samples    Min:  0.0, Avg:  0.0, Max:  0.0, Diff:  0.0, Sum:  0.0, Workers: 4
[110.232s][debug][gc,phases      ] GC(14)     Dead                           Min: 0, Avg:  0.0, Max: 0, Diff: 0, Sum: 0, Workers: 4
[110.232s][debug][gc,phases      ] GC(14)     Total                          Min: 0, Avg:  0.0, Max: 0, Diff: 0, Sum: 0, Workers: 4
[110.232s][debug][gc,phases      ] GC(14) Weak Processing 0.541ms
[110.232s][debug][gc,age         ] GC(14) Desired survivor size 324534272 bytes, new threshold 15 (max threshold 15)
[110.232s][info ][gc,heap        ] GC(14) PSYoungGen: 1667746K(1778688K)->237407K(1768960K) Eden: 1450496K(1450496K)->0K(1450496K) From: 217250K(328192K)->237407K(318464K)
[110.232s][info ][gc,heap        ] GC(14) ParOldGen: 6393K(18432K)->6393K(18432K)
[110.232s][info ][gc,metaspace   ] GC(14) Metaspace: 72220K(72896K)->72220K(72896K) NonClass: 61783K(62144K)->61783K(62144K) Class: 10437K(10752K)->10437K(10752K)
[110.232s][info ][gc             ] GC(14) Pause Young (GCLocker Initiated GC) 1634M->238M(1745M) 71.750ms
[110.232s][info ][gc,cpu         ] GC(14) User=0.29s Sys=0.00s Real=0.07s
[110.232s][info ][safepoint      ] Safepoint "ParallelGCSystemGC", Time since last: 838793 ns, Reaching safepoint: 566696 ns, At safepoint: 71827040 ns, Total: 72393736 ns
[110.608s][info ][safepoint      ] Safepoint "ICBufferFull", Time since last: 376267766 ns, Reaching safepoint: 212698 ns, At safepoint: 4600 ns, Total: 217298 ns
[111.760s][info ][safepoint      ] Safepoint "Cleanup", Time since last: 1151562727 ns, Reaching safepoint: 170098 ns, At safepoint: 12100 ns, Total: 182198 ns
[112.760s][info ][safepoint      ] Safepoint "Cleanup", Time since last: 1000087315 ns, Reaching safepoint: 231998 ns, At safepoint: 12900 ns, Total: 244898 ns
[113.761s][info ][safepoint      ] Safepoint "Cleanup", Time since last: 1000089120 ns, Reaching safepoint: 115099 ns, At safepoint: 10400 ns, Total: 125499 ns
[114.102s][info ][gc,start       ] GC(15) Pause Young (Allocation Failure)
[114.171s][debug][gc,phases      ] GC(15) Scavenge 68.832ms
[114.171s][debug][gc,ref         ] GC(15) Skipped phase 1 of Reference Processing: no references
[114.171s][debug][gc,ref         ] GC(15) ReferenceProcessor::execute queues: 4, RefProcThreadModel::Multi, marks_oops_alive: false
[114.171s][debug][gc,ref         ] GC(15) Skipped phase 3 of Reference Processing: no references
[114.171s][debug][gc,ref         ] GC(15) ReferenceProcessor::execute queues: 1, RefProcThreadModel::Single, marks_oops_alive: false
[114.171s][debug][gc,phases      ] GC(15) Reference Processing 0.303ms
[114.172s][debug][gc,phases      ] GC(15)   VM Weak                        Min:  0.0, Avg:  0.0, Max:  0.0, Diff:  0.0, Sum:  0.0, Workers: 4
[114.172s][debug][gc,phases      ] GC(15)     Dead                           Min: 0, Avg:  0.0, Max: 0, Diff: 0, Sum: 0, Workers: 4
[114.172s][debug][gc,phases      ] GC(15)     Total                          Min: 0, Avg: 154.5, Max: 426, Diff: 426, Sum: 618, Workers: 4
[114.172s][debug][gc,phases      ] GC(15)   ObjectSynchronizer Weak        Min:  0.0, Avg:  0.0, Max:  0.0, Diff:  0.0, Sum:  0.0, Workers: 4
[114.172s][debug][gc,phases      ] GC(15)     Dead                           Min: 0, Avg:  1.5, Max: 6, Diff: 6, Sum: 6, Workers: 4
[114.172s][debug][gc,phases      ] GC(15)     Total                          Min: 0, Avg: 20.0, Max: 64, Diff: 64, Sum: 80, Workers: 4
[114.172s][debug][gc,phases      ] GC(15)   JVMTI Tag Weak OopStorage      Min:  0.0, Avg:  0.0, Max:  0.0, Diff:  0.0, Sum:  0.0, Workers: 4
[114.172s][debug][gc,phases      ] GC(15)     Dead                           Min: 0, Avg:  0.0, Max: 0, Diff: 0, Sum: 0, Workers: 4
[114.172s][debug][gc,phases      ] GC(15)     Total                          Min: 0, Avg:  0.0, Max: 0, Diff: 0, Sum: 0, Workers: 4
[114.172s][debug][gc,phases      ] GC(15)   StringTable Weak               Min:  0.3, Avg:  0.3, Max:  0.3, Diff:  0.0, Sum:  1.0, Workers: 4
[114.172s][debug][gc,phases      ] GC(15)     Dead                           Min: 0, Avg:  0.5, Max: 1, Diff: 1, Sum: 2, Workers: 4
[114.172s][debug][gc,phases      ] GC(15)     Total                          Min: 9472, Avg: 11966.8, Max: 14720, Diff: 5248, Sum: 47867, Workers: 4
[114.172s][debug][gc,phases      ] GC(15)   ResolvedMethodTable Weak       Min:  0.0, Avg:  0.0, Max:  0.1, Diff:  0.0, Sum:  0.2, Workers: 4
[114.172s][debug][gc,phases      ] GC(15)     Dead                           Min: 0, Avg:  4.0, Max: 16, Diff: 16, Sum: 16, Workers: 4
[114.172s][debug][gc,phases      ] GC(15)     Total                          Min: 1536, Avg: 1950.5, Max: 2624, Diff: 1088, Sum: 7802, Workers: 4
[114.172s][debug][gc,phases      ] GC(15)   JNI Weak                       Min:  0.0, Avg:  0.0, Max:  0.0, Diff:  0.0, Sum:  0.0, Workers: 4
[114.172s][debug][gc,phases      ] GC(15)     Dead                           Min: 0, Avg:  0.0, Max: 0, Diff: 0, Sum: 0, Workers: 4
[114.172s][debug][gc,phases      ] GC(15)     Total                          Min: 0, Avg:  0.0, Max: 0, Diff: 0, Sum: 0, Workers: 4
[114.172s][debug][gc,phases      ] GC(15)   StringDedup Table Weak         Min:  0.0, Avg:  0.0, Max:  0.0, Diff:  0.0, Sum:  0.0, Workers: 4
[114.172s][debug][gc,phases      ] GC(15)     Dead                           Min: 0, Avg:  0.0, Max: 0, Diff: 0, Sum: 0, Workers: 4
[114.172s][debug][gc,phases      ] GC(15)     Total                          Min: 0, Avg:  0.0, Max: 0, Diff: 0, Sum: 0, Workers: 4
[114.172s][debug][gc,phases      ] GC(15)   StringDedup Requests0 Weak     Min:  0.0, Avg:  0.0, Max:  0.0, Diff:  0.0, Sum:  0.0, Workers: 4
[114.172s][debug][gc,phases      ] GC(15)     Dead                           Min: 0, Avg:  0.0, Max: 0, Diff: 0, Sum: 0, Workers: 4
[114.172s][debug][gc,phases      ] GC(15)     Total                          Min: 0, Avg:  0.0, Max: 0, Diff: 0, Sum: 0, Workers: 4
[114.172s][debug][gc,phases      ] GC(15)   StringDedup Requests1 Weak     Min:  0.0, Avg:  0.0, Max:  0.0, Diff:  0.0, Sum:  0.0, Workers: 4
[114.172s][debug][gc,phases      ] GC(15)     Dead                           Min: 0, Avg:  0.0, Max: 0, Diff: 0, Sum: 0, Workers: 4
[114.172s][debug][gc,phases      ] GC(15)     Total                          Min: 0, Avg:  0.0, Max: 0, Diff: 0, Sum: 0, Workers: 4
[114.172s][debug][gc,phases      ] GC(15)   Weak JFR Old Object Samples    Min:  0.0, Avg:  0.0, Max:  0.0, Diff:  0.0, Sum:  0.0, Workers: 4
[114.172s][debug][gc,phases      ] GC(15)     Dead                           Min: 0, Avg:  0.0, Max: 0, Diff: 0, Sum: 0, Workers: 4
[114.172s][debug][gc,phases      ] GC(15)     Total                          Min: 0, Avg:  0.0, Max: 0, Diff: 0, Sum: 0, Workers: 4
[114.172s][debug][gc,phases      ] GC(15) Weak Processing 0.476ms
[114.172s][debug][gc,age         ] GC(15) Desired survivor size 337641472 bytes, new threshold 15 (max threshold 15)
[114.172s][info ][gc,heap        ] GC(15) PSYoungGen: 1687903K(1768960K)->278042K(1754624K) Eden: 1450496K(1450496K)->0K(1437696K) From: 237407K(318464K)->278042K(316928K)
[114.172s][info ][gc,heap        ] GC(15) ParOldGen: 6395K(18432K)->6403K(18432K)
[114.172s][info ][gc,metaspace   ] GC(15) Metaspace: 72640K(73408K)->72640K(73408K) NonClass: 62156K(62592K)->62156K(62592K) Class: 10484K(10816K)->10484K(10816K)
[114.172s][info ][gc             ] GC(15) Pause Young (Allocation Failure) 1654M->277M(1731M) 69.723ms
[114.172s][info ][gc,cpu         ] GC(15) User=0.28s Sys=0.00s Real=0.07s
[114.172s][info ][safepoint      ] Safepoint "ParallelGCFailedAllocation", Time since last: 341408547 ns, Reaching safepoint: 31199 ns, At safepoint: 69780158 ns, Total: 69811357 ns
[115.172s][info ][safepoint      ] Safepoint "Cleanup", Time since last: 1000082430 ns, Reaching safepoint: 57999 ns, At safepoint: 5900 ns, Total: 63899 ns
[116.172s][info ][safepoint      ] Safepoint "Cleanup", Time since last: 1000121636 ns, Reaching safepoint: 51000 ns, At safepoint: 6500 ns, Total: 57500 ns
[117.625s][info ][safepoint      ] Safepoint "Cleanup", Time since last: 1453015831 ns, Reaching safepoint: 223598 ns, At safepoint: 16600 ns, Total: 240198 ns
[118.626s][info ][safepoint      ] Safepoint "Cleanup", Time since last: 1000110651 ns, Reaching safepoint: 72900 ns, At safepoint: 9699 ns, Total: 82599 ns
[119.626s][info ][safepoint      ] Safepoint "Cleanup", Time since last: 1000111858 ns, Reaching safepoint: 103299 ns, At safepoint: 13600 ns, Total: 116899 ns
[120.626s][info ][safepoint      ] Safepoint "Cleanup", Time since last: 1000069065 ns, Reaching safepoint: 71299 ns, At safepoint: 5800 ns, Total: 77099 ns
[121.959s][info ][safepoint      ] Safepoint "Cleanup", Time since last: 1333143098 ns, Reaching safepoint: 101299 ns, At safepoint: 8100 ns, Total: 109399 ns
[122.959s][info ][safepoint      ] Safepoint "Cleanup", Time since last: 1000089379 ns, Reaching safepoint: 64900 ns, At safepoint: 7500 ns, Total: 72400 ns
[123.960s][info ][safepoint      ] Safepoint "Cleanup", Time since last: 1000051685 ns, Reaching safepoint: 68300 ns, At safepoint: 5300 ns, Total: 73600 ns
[124.960s][info ][safepoint      ] Safepoint "Cleanup", Time since last: 1000094991 ns, Reaching safepoint: 49800 ns, At safepoint: 2100 ns, Total: 51900 ns
[125.960s][info ][safepoint      ] Safepoint "Cleanup", Time since last: 1000101897 ns, Reaching safepoint: 92999 ns, At safepoint: 9000 ns, Total: 101999 ns
[126.960s][info ][safepoint      ] Safepoint "Cleanup", Time since last: 1000093904 ns, Reaching safepoint: 65500 ns, At safepoint: 5500 ns, Total: 71000 ns
[127.350s][info ][gc,start       ] GC(16) Pause Young (Allocation Failure)
[127.403s][debug][gc,phases      ] GC(16) Scavenge 53.106ms
[127.403s][debug][gc,ref         ] GC(16) Skipped phase 1 of Reference Processing: no references
[127.403s][debug][gc,ref         ] GC(16) ReferenceProcessor::execute queues: 2, RefProcThreadModel::Multi, marks_oops_alive: false
[127.403s][debug][gc,ref         ] GC(16) Skipped phase 3 of Reference Processing: no references
[127.403s][debug][gc,ref         ] GC(16) ReferenceProcessor::execute queues: 1, RefProcThreadModel::Single, marks_oops_alive: false
[127.403s][debug][gc,phases      ] GC(16) Reference Processing 0.222ms
[127.403s][debug][gc,phases      ] GC(16)   VM Weak                        Min:  0.0, Avg:  0.0, Max:  0.0, Diff:  0.0, Sum:  0.0, Workers: 4
[127.403s][debug][gc,phases      ] GC(16)     Dead                           Min: 0, Avg:  0.0, Max: 0, Diff: 0, Sum: 0, Workers: 4
[127.403s][debug][gc,phases      ] GC(16)     Total                          Min: 0, Avg: 156.5, Max: 512, Diff: 512, Sum: 626, Workers: 4
[127.403s][debug][gc,phases      ] GC(16)   ObjectSynchronizer Weak        Min:  0.0, Avg:  0.0, Max:  0.0, Diff:  0.0, Sum:  0.0, Workers: 4
[127.403s][debug][gc,phases      ] GC(16)     Dead                           Min: 0, Avg:  0.0, Max: 0, Diff: 0, Sum: 0, Workers: 4
[127.403s][debug][gc,phases      ] GC(16)     Total                          Min: 0, Avg: 20.0, Max: 64, Diff: 64, Sum: 80, Workers: 4
[127.403s][debug][gc,phases      ] GC(16)   JVMTI Tag Weak OopStorage      Min:  0.0, Avg:  0.0, Max:  0.0, Diff:  0.0, Sum:  0.0, Workers: 4
[127.403s][debug][gc,phases      ] GC(16)     Dead                           Min: 0, Avg:  0.0, Max: 0, Diff: 0, Sum: 0, Workers: 4
[127.403s][debug][gc,phases      ] GC(16)     Total                          Min: 0, Avg:  0.0, Max: 0, Diff: 0, Sum: 0, Workers: 4
[127.403s][debug][gc,phases      ] GC(16)   StringTable Weak               Min:  0.3, Avg:  0.3, Max:  0.3, Diff:  0.0, Sum:  1.3, Workers: 4
[127.403s][debug][gc,phases      ] GC(16)     Dead                           Min: 0, Avg:  0.8, Max: 3, Diff: 3, Sum: 3, Workers: 4
[127.403s][debug][gc,phases      ] GC(16)     Total                          Min: 10944, Avg: 11994.2, Max: 12713, Diff: 1769, Sum: 47977, Workers: 4
[127.403s][debug][gc,phases      ] GC(16)   ResolvedMethodTable Weak       Min:  0.1, Avg:  0.1, Max:  0.1, Diff:  0.0, Sum:  0.3, Workers: 4
[127.403s][debug][gc,phases      ] GC(16)     Dead                           Min: 0, Avg:  4.5, Max: 18, Diff: 18, Sum: 18, Workers: 4
[127.403s][debug][gc,phases      ] GC(16)     Total                          Min: 1726, Avg: 1964.8, Max: 2234, Diff: 508, Sum: 7859, Workers: 4
[127.403s][debug][gc,phases      ] GC(16)   JNI Weak                       Min:  0.0, Avg:  0.0, Max:  0.0, Diff:  0.0, Sum:  0.0, Workers: 4
[127.403s][debug][gc,phases      ] GC(16)     Dead                           Min: 0, Avg:  0.0, Max: 0, Diff: 0, Sum: 0, Workers: 4
[127.403s][debug][gc,phases      ] GC(16)     Total                          Min: 0, Avg:  0.0, Max: 0, Diff: 0, Sum: 0, Workers: 4
[127.403s][debug][gc,phases      ] GC(16)   StringDedup Table Weak         Min:  0.0, Avg:  0.0, Max:  0.0, Diff:  0.0, Sum:  0.0, Workers: 4
[127.403s][debug][gc,phases      ] GC(16)     Dead                           Min: 0, Avg:  0.0, Max: 0, Diff: 0, Sum: 0, Workers: 4
[127.403s][debug][gc,phases      ] GC(16)     Total                          Min: 0, Avg:  0.0, Max: 0, Diff: 0, Sum: 0, Workers: 4
[127.403s][debug][gc,phases      ] GC(16)   StringDedup Requests0 Weak     Min:  0.0, Avg:  0.0, Max:  0.0, Diff:  0.0, Sum:  0.0, Workers: 4
[127.403s][debug][gc,phases      ] GC(16)     Dead                           Min: 0, Avg:  0.0, Max: 0, Diff: 0, Sum: 0, Workers: 4
[127.403s][debug][gc,phases      ] GC(16)     Total                          Min: 0, Avg:  0.0, Max: 0, Diff: 0, Sum: 0, Workers: 4
[127.403s][debug][gc,phases      ] GC(16)   StringDedup Requests1 Weak     Min:  0.0, Avg:  0.0, Max:  0.0, Diff:  0.0, Sum:  0.0, Workers: 4
[127.403s][debug][gc,phases      ] GC(16)     Dead                           Min: 0, Avg:  0.0, Max: 0, Diff: 0, Sum: 0, Workers: 4
[127.404s][debug][gc,phases      ] GC(16)     Total                          Min: 0, Avg:  0.0, Max: 0, Diff: 0, Sum: 0, Workers: 4
[127.404s][debug][gc,phases      ] GC(16)   Weak JFR Old Object Samples    Min:  0.0, Avg:  0.0, Max:  0.0, Diff:  0.0, Sum:  0.0, Workers: 4
[127.404s][debug][gc,phases      ] GC(16)     Dead                           Min: 0, Avg:  0.0, Max: 0, Diff: 0, Sum: 0, Workers: 4
[127.404s][debug][gc,phases      ] GC(16)     Total                          Min: 0, Avg:  0.0, Max: 0, Diff: 0, Sum: 0, Workers: 4
[127.404s][debug][gc,phases      ] GC(16) Weak Processing 0.559ms
[127.404s][debug][gc,age         ] GC(16) Desired survivor size 348127232 bytes, new threshold 15 (max threshold 15)
[127.404s][info ][gc,heap        ] GC(16) PSYoungGen: 1715738K(1754624K)->278471K(1716224K) Eden: 1437696K(1437696K)->0K(1437696K) From: 278042K(316928K)->278471K(278528K)
[127.404s][info ][gc,heap        ] GC(16) ParOldGen: 6403K(18432K)->6411K(18432K)
[127.404s][info ][gc,metaspace   ] GC(16) Metaspace: 72917K(73728K)->72917K(73728K) NonClass: 62403K(62848K)->62403K(62848K) Class: 10514K(10880K)->10514K(10880K)
[127.404s][info ][gc             ] GC(16) Pause Young (Allocation Failure) 1681M->278M(1694M) 54.013ms
[127.404s][info ][gc,cpu         ] GC(16) User=0.22s Sys=0.00s Real=0.05s
[127.404s][info ][safepoint      ] Safepoint "ParallelGCFailedAllocation", Time since last: 389362005 ns, Reaching safepoint: 113600 ns, At safepoint: 54084584 ns, Total: 54198184 ns
[129.305s][info ][safepoint      ] Safepoint "Cleanup", Time since last: 1901669988 ns, Reaching safepoint: 163099 ns, At safepoint: 10800 ns, Total: 173899 ns
[130.306s][info ][safepoint      ] Safepoint "Cleanup", Time since last: 1000093324 ns, Reaching safepoint: 104200 ns, At safepoint: 8000 ns, Total: 112200 ns
[132.252s][info ][safepoint      ] Safepoint "Cleanup", Time since last: 1946190481 ns, Reaching safepoint: 147699 ns, At safepoint: 11500 ns, Total: 159199 ns
[133.252s][info ][safepoint      ] Safepoint "Cleanup", Time since last: 1000103543 ns, Reaching safepoint: 131099 ns, At safepoint: 7900 ns, Total: 138999 ns
[134.253s][info ][safepoint      ] Safepoint "Cleanup", Time since last: 1000105049 ns, Reaching safepoint: 136398 ns, At safepoint: 18100 ns, Total: 154498 ns
[135.253s][info ][safepoint      ] Safepoint "Cleanup", Time since last: 1000118755 ns, Reaching safepoint: 115099 ns, At safepoint: 10700 ns, Total: 125799 ns
[136.253s][info ][safepoint      ] Safepoint "Cleanup", Time since last: 1000099762 ns, Reaching safepoint: 106999 ns, At safepoint: 5000 ns, Total: 111999 ns
[137.253s][info ][safepoint      ] Safepoint "Cleanup", Time since last: 1000094067 ns, Reaching safepoint: 108899 ns, At safepoint: 10700 ns, Total: 119599 ns
[138.253s][info ][safepoint      ] Safepoint "Cleanup", Time since last: 1000101974 ns, Reaching safepoint: 109299 ns, At safepoint: 6000 ns, Total: 115299 ns
[139.254s][info ][safepoint      ] Safepoint "Cleanup", Time since last: 1000105579 ns, Reaching safepoint: 112999 ns, At safepoint: 8200 ns, Total: 121199 ns
[140.254s][info ][safepoint      ] Safepoint "Cleanup", Time since last: 1000105586 ns, Reaching safepoint: 160099 ns, At safepoint: 9800 ns, Total: 169899 ns
[141.254s][info ][safepoint      ] Safepoint "Cleanup", Time since last: 1000089391 ns, Reaching safepoint: 49400 ns, At safepoint: 5200 ns, Total: 54600 ns
[142.254s][info ][safepoint      ] Safepoint "Cleanup", Time since last: 1000101198 ns, Reaching safepoint: 124299 ns, At safepoint: 17100 ns, Total: 141399 ns
[143.254s][info ][safepoint      ] Safepoint "Cleanup", Time since last: 1000087603 ns, Reaching safepoint: 57900 ns, At safepoint: 5500 ns, Total: 63400 ns
[143.702s][info ][gc,start       ] GC(17) Pause Young (Allocation Failure)
[143.756s][debug][gc,phases      ] GC(17) Scavenge 54.543ms
[143.756s][debug][gc,ref         ] GC(17) Skipped phase 1 of Reference Processing: no references
[143.756s][debug][gc,ref         ] GC(17) ReferenceProcessor::execute queues: 3, RefProcThreadModel::Multi, marks_oops_alive: false
[143.756s][debug][gc,ref         ] GC(17) Skipped phase 3 of Reference Processing: no references
[143.756s][debug][gc,ref         ] GC(17) ReferenceProcessor::execute queues: 1, RefProcThreadModel::Single, marks_oops_alive: false
[143.756s][debug][gc,phases      ] GC(17) Reference Processing 0.318ms
[143.757s][debug][gc,phases      ] GC(17)   VM Weak                        Min:  0.0, Avg:  0.0, Max:  0.0, Diff:  0.0, Sum:  0.0, Workers: 4
[143.757s][debug][gc,phases      ] GC(17)     Dead                           Min: 0, Avg:  0.0, Max: 0, Diff: 0, Sum: 0, Workers: 4
[143.757s][debug][gc,phases      ] GC(17)     Total                          Min: 0, Avg: 157.0, Max: 372, Diff: 372, Sum: 628, Workers: 4
[143.757s][debug][gc,phases      ] GC(17)   ObjectSynchronizer Weak        Min:  0.0, Avg:  0.0, Max:  0.0, Diff:  0.0, Sum:  0.0, Workers: 4
[143.757s][debug][gc,phases      ] GC(17)     Dead                           Min: 0, Avg:  0.0, Max: 0, Diff: 0, Sum: 0, Workers: 4
[143.757s][debug][gc,phases      ] GC(17)     Total                          Min: 0, Avg: 20.0, Max: 64, Diff: 64, Sum: 80, Workers: 4
[143.757s][debug][gc,phases      ] GC(17)   JVMTI Tag Weak OopStorage      Min:  0.0, Avg:  0.0, Max:  0.0, Diff:  0.0, Sum:  0.0, Workers: 4
[143.757s][debug][gc,phases      ] GC(17)     Dead                           Min: 0, Avg:  0.0, Max: 0, Diff: 0, Sum: 0, Workers: 4
[143.757s][debug][gc,phases      ] GC(17)     Total                          Min: 0, Avg:  0.0, Max: 0, Diff: 0, Sum: 0, Workers: 4
[143.757s][debug][gc,phases      ] GC(17)   StringTable Weak               Min:  0.2, Avg:  0.2, Max:  0.2, Diff:  0.0, Sum:  1.0, Workers: 4
[143.757s][debug][gc,phases      ] GC(17)     Dead                           Min: 0, Avg:  0.8, Max: 2, Diff: 2, Sum: 3, Workers: 4
[143.757s][debug][gc,phases      ] GC(17)     Total                          Min: 8256, Avg: 12002.5, Max: 13888, Diff: 5632, Sum: 48010, Workers: 4
[143.757s][debug][gc,phases      ] GC(17)   ResolvedMethodTable Weak       Min:  0.0, Avg:  0.0, Max:  0.0, Diff:  0.0, Sum:  0.2, Workers: 4
[143.757s][debug][gc,phases      ] GC(17)     Dead                           Min: 0, Avg:  0.0, Max: 0, Diff: 0, Sum: 0, Workers: 4
[143.757s][debug][gc,phases      ] GC(17)     Total                          Min: 1344, Avg: 1971.0, Max: 2252, Diff: 908, Sum: 7884, Workers: 4
[143.757s][debug][gc,phases      ] GC(17)   JNI Weak                       Min:  0.0, Avg:  0.0, Max:  0.0, Diff:  0.0, Sum:  0.0, Workers: 4
[143.757s][debug][gc,phases      ] GC(17)     Dead                           Min: 0, Avg:  0.0, Max: 0, Diff: 0, Sum: 0, Workers: 4
[143.757s][debug][gc,phases      ] GC(17)     Total                          Min: 0, Avg:  0.0, Max: 0, Diff: 0, Sum: 0, Workers: 4
[143.757s][debug][gc,phases      ] GC(17)   StringDedup Table Weak         Min:  0.0, Avg:  0.0, Max:  0.0, Diff:  0.0, Sum:  0.0, Workers: 4
[143.757s][debug][gc,phases      ] GC(17)     Dead                           Min: 0, Avg:  0.0, Max: 0, Diff: 0, Sum: 0, Workers: 4
[143.757s][debug][gc,phases      ] GC(17)     Total                          Min: 0, Avg:  0.0, Max: 0, Diff: 0, Sum: 0, Workers: 4
[143.757s][debug][gc,phases      ] GC(17)   StringDedup Requests0 Weak     Min:  0.0, Avg:  0.0, Max:  0.0, Diff:  0.0, Sum:  0.0, Workers: 4
[143.757s][debug][gc,phases      ] GC(17)     Dead                           Min: 0, Avg:  0.0, Max: 0, Diff: 0, Sum: 0, Workers: 4
[143.757s][debug][gc,phases      ] GC(17)     Total                          Min: 0, Avg:  0.0, Max: 0, Diff: 0, Sum: 0, Workers: 4
[143.757s][debug][gc,phases      ] GC(17)   StringDedup Requests1 Weak     Min:  0.0, Avg:  0.0, Max:  0.0, Diff:  0.0, Sum:  0.0, Workers: 4
[143.757s][debug][gc,phases      ] GC(17)     Dead                           Min: 0, Avg:  0.0, Max: 0, Diff: 0, Sum: 0, Workers: 4
[143.757s][debug][gc,phases      ] GC(17)     Total                          Min: 0, Avg:  0.0, Max: 0, Diff: 0, Sum: 0, Workers: 4
[143.757s][debug][gc,phases      ] GC(17)   Weak JFR Old Object Samples    Min:  0.0, Avg:  0.0, Max:  0.0, Diff:  0.0, Sum:  0.0, Workers: 4
[143.757s][debug][gc,phases      ] GC(17)     Dead                           Min: 0, Avg:  0.0, Max: 0, Diff: 0, Sum: 0, Workers: 4
[143.757s][debug][gc,phases      ] GC(17)     Total                          Min: 0, Avg:  0.0, Max: 0, Diff: 0, Sum: 0, Workers: 4
[143.757s][debug][gc,phases      ] GC(17) Weak Processing 0.454ms
[143.757s][debug][gc,age         ] GC(17) Desired survivor size 355991552 bytes, new threshold 15 (max threshold 15)
[143.757s][info ][gc,heap        ] GC(17) PSYoungGen: 1716167K(1716224K)->278401K(1741824K) Eden: 1437696K(1437696K)->0K(1401856K) From: 278471K(278528K)->278401K(339968K)
[143.757s][info ][gc,heap        ] GC(17) ParOldGen: 6411K(18432K)->6411K(18432K)
[143.757s][info ][gc,metaspace   ] GC(17) Metaspace: 73115K(73920K)->73115K(73920K) NonClass: 62592K(63040K)->62592K(63040K) Class: 10523K(10880K)->10523K(10880K)
[143.757s][info ][gc             ] GC(17) Pause Young (Allocation Failure) 1682M->278M(1719M) 55.430ms
[143.757s][info ][gc,cpu         ] GC(17) User=0.22s Sys=0.00s Real=0.05s
[143.757s][info ][safepoint      ] Safepoint "ParallelGCFailedAllocation", Time since last: 447053106 ns, Reaching safepoint: 35800 ns, At safepoint: 55505978 ns, Total: 55541778 ns
[144.757s][info ][safepoint      ] Safepoint "Cleanup", Time since last: 1000077013 ns, Reaching safepoint: 46800 ns, At safepoint: 2200 ns, Total: 49000 ns
[145.757s][info ][safepoint      ] Safepoint "Cleanup", Time since last: 1000103219 ns, Reaching safepoint: 106299 ns, At safepoint: 10000 ns, Total: 116299 ns
[146.758s][info ][safepoint      ] Safepoint "Cleanup", Time since last: 1000098925 ns, Reaching safepoint: 63899 ns, At safepoint: 4900 ns, Total: 68799 ns
[147.758s][info ][safepoint      ] Safepoint "Cleanup", Time since last: 1000091331 ns, Reaching safepoint: 56899 ns, At safepoint: 9900 ns, Total: 66799 ns
[148.758s][info ][safepoint      ] Safepoint "Cleanup", Time since last: 1000099437 ns, Reaching safepoint: 50400 ns, At safepoint: 10700 ns, Total: 61100 ns
[149.758s][info ][safepoint      ] Safepoint "Cleanup", Time since last: 1000094843 ns, Reaching safepoint: 57999 ns, At safepoint: 7100 ns, Total: 65099 ns
[151.243s][info ][safepoint      ] Safepoint "Cleanup", Time since last: 1484935291 ns, Reaching safepoint: 139599 ns, At safepoint: 8100 ns, Total: 147699 ns
[152.243s][info ][safepoint      ] Safepoint "Cleanup", Time since last: 1000101757 ns, Reaching safepoint: 58300 ns, At safepoint: 12400 ns, Total: 70700 ns
[153.243s][info ][safepoint      ] Safepoint "Cleanup", Time since last: 1000104763 ns, Reaching safepoint: 52200 ns, At safepoint: 8200 ns, Total: 60400 ns
[154.244s][info ][safepoint      ] Safepoint "Cleanup", Time since last: 1000105169 ns, Reaching safepoint: 51300 ns, At safepoint: 6700 ns, Total: 58000 ns
[155.244s][info ][safepoint      ] Safepoint "Cleanup", Time since last: 1000098575 ns, Reaching safepoint: 47299 ns, At safepoint: 2600 ns, Total: 49899 ns
[156.244s][info ][safepoint      ] Safepoint "Cleanup", Time since last: 1000106882 ns, Reaching safepoint: 47699 ns, At safepoint: 5800 ns, Total: 53499 ns
[157.244s][info ][safepoint      ] Safepoint "Cleanup", Time since last: 1000101787 ns, Reaching safepoint: 48400 ns, At safepoint: 2700 ns, Total: 51100 ns
[158.244s][info ][safepoint      ] Safepoint "Cleanup", Time since last: 1000091193 ns, Reaching safepoint: 46799 ns, At safepoint: 5700 ns, Total: 52499 ns
[159.210s][info ][gc,start       ] GC(18) Pause Young (Allocation Failure)
[159.282s][debug][gc,phases      ] GC(18) Scavenge 71.911ms
[159.282s][debug][gc,ref         ] GC(18) Skipped phase 1 of Reference Processing: no references
[159.282s][debug][gc,ref         ] GC(18) ReferenceProcessor::execute queues: 4, RefProcThreadModel::Multi, marks_oops_alive: false
[159.282s][debug][gc,ref         ] GC(18) Skipped phase 3 of Reference Processing: no references
[159.282s][debug][gc,ref         ] GC(18) ReferenceProcessor::execute queues: 1, RefProcThreadModel::Single, marks_oops_alive: false
[159.282s][debug][gc,phases      ] GC(18) Reference Processing 0.299ms
[159.283s][debug][gc,phases      ] GC(18)   VM Weak                        Min:  0.0, Avg:  0.0, Max:  0.0, Diff:  0.0, Sum:  0.0, Workers: 4
[159.283s][debug][gc,phases      ] GC(18)     Dead                           Min: 0, Avg:  0.0, Max: 0, Diff: 0, Sum: 0, Workers: 4
[159.283s][debug][gc,phases      ] GC(18)     Total                          Min: 0, Avg: 159.5, Max: 384, Diff: 384, Sum: 638, Workers: 4
[159.283s][debug][gc,phases      ] GC(18)   ObjectSynchronizer Weak        Min:  0.0, Avg:  0.0, Max:  0.0, Diff:  0.0, Sum:  0.0, Workers: 4
[159.283s][debug][gc,phases      ] GC(18)     Dead                           Min: 0, Avg:  0.0, Max: 0, Diff: 0, Sum: 0, Workers: 4
[159.283s][debug][gc,phases      ] GC(18)     Total                          Min: 0, Avg: 20.0, Max: 64, Diff: 64, Sum: 80, Workers: 4
[159.283s][debug][gc,phases      ] GC(18)   JVMTI Tag Weak OopStorage      Min:  0.0, Avg:  0.0, Max:  0.0, Diff:  0.0, Sum:  0.0, Workers: 4
[159.283s][debug][gc,phases      ] GC(18)     Dead                           Min: 0, Avg:  0.0, Max: 0, Diff: 0, Sum: 0, Workers: 4
[159.283s][debug][gc,phases      ] GC(18)     Total                          Min: 0, Avg:  0.0, Max: 0, Diff: 0, Sum: 0, Workers: 4
[159.283s][debug][gc,phases      ] GC(18)   StringTable Weak               Min:  0.3, Avg:  0.3, Max:  0.3, Diff:  0.0, Sum:  1.1, Workers: 4
[159.283s][debug][gc,phases      ] GC(18)     Dead                           Min: 0, Avg:  0.5, Max: 2, Diff: 2, Sum: 2, Workers: 4
[159.283s][debug][gc,phases      ] GC(18)     Total                          Min: 9792, Avg: 12015.2, Max: 14400, Diff: 4608, Sum: 48061, Workers: 4
[159.283s][debug][gc,phases      ] GC(18)   ResolvedMethodTable Weak       Min:  0.0, Avg:  0.0, Max:  0.0, Diff:  0.0, Sum:  0.2, Workers: 4
[159.283s][debug][gc,phases      ] GC(18)     Dead                           Min: 0, Avg:  0.0, Max: 0, Diff: 0, Sum: 0, Workers: 4
[159.283s][debug][gc,phases      ] GC(18)     Total                          Min: 1408, Avg: 1980.5, Max: 2546, Diff: 1138, Sum: 7922, Workers: 4
[159.283s][debug][gc,phases      ] GC(18)   JNI Weak                       Min:  0.0, Avg:  0.0, Max:  0.0, Diff:  0.0, Sum:  0.0, Workers: 4
[159.283s][debug][gc,phases      ] GC(18)     Dead                           Min: 0, Avg:  0.0, Max: 0, Diff: 0, Sum: 0, Workers: 4
[159.283s][debug][gc,phases      ] GC(18)     Total                          Min: 0, Avg:  0.0, Max: 0, Diff: 0, Sum: 0, Workers: 4
[159.283s][debug][gc,phases      ] GC(18)   StringDedup Table Weak         Min:  0.0, Avg:  0.0, Max:  0.0, Diff:  0.0, Sum:  0.0, Workers: 4
[159.283s][debug][gc,phases      ] GC(18)     Dead                           Min: 0, Avg:  0.0, Max: 0, Diff: 0, Sum: 0, Workers: 4
[159.283s][debug][gc,phases      ] GC(18)     Total                          Min: 0, Avg:  0.0, Max: 0, Diff: 0, Sum: 0, Workers: 4
[159.283s][debug][gc,phases      ] GC(18)   StringDedup Requests0 Weak     Min:  0.0, Avg:  0.0, Max:  0.0, Diff:  0.0, Sum:  0.0, Workers: 4
[159.283s][debug][gc,phases      ] GC(18)     Dead                           Min: 0, Avg:  0.0, Max: 0, Diff: 0, Sum: 0, Workers: 4
[159.283s][debug][gc,phases      ] GC(18)     Total                          Min: 0, Avg:  0.0, Max: 0, Diff: 0, Sum: 0, Workers: 4
[159.283s][debug][gc,phases      ] GC(18)   StringDedup Requests1 Weak     Min:  0.0, Avg:  0.0, Max:  0.0, Diff:  0.0, Sum:  0.0, Workers: 4
[159.283s][debug][gc,phases      ] GC(18)     Dead                           Min: 0, Avg:  0.0, Max: 0, Diff: 0, Sum: 0, Workers: 4
[159.283s][debug][gc,phases      ] GC(18)     Total                          Min: 0, Avg:  0.0, Max: 0, Diff: 0, Sum: 0, Workers: 4
[159.283s][debug][gc,phases      ] GC(18)   Weak JFR Old Object Samples    Min:  0.0, Avg:  0.0, Max:  0.0, Diff:  0.0, Sum:  0.0, Workers: 4
[159.283s][debug][gc,phases      ] GC(18)     Dead                           Min: 0, Avg:  0.0, Max: 0, Diff: 0, Sum: 0, Workers: 4
[159.283s][debug][gc,phases      ] GC(18)     Total                          Min: 0, Avg:  0.0, Max: 0, Diff: 0, Sum: 0, Workers: 4
[159.283s][debug][gc,phases      ] GC(18) Weak Processing 0.483ms
[159.283s][debug][gc,age         ] GC(18) Desired survivor size 352845824 bytes, new threshold 15 (max threshold 15)
[159.283s][info ][gc,heap        ] GC(18) PSYoungGen: 1680257K(1741824K)->256130K(1749504K) Eden: 1401856K(1401856K)->0K(1401856K) From: 278401K(339968K)->256130K(347648K)
[159.283s][info ][gc,heap        ] GC(18) ParOldGen: 6411K(18432K)->29049K(29184K)
[159.283s][info ][gc,metaspace   ] GC(18) Metaspace: 73215K(73984K)->73215K(73984K) NonClass: 62675K(63104K)->62675K(63104K) Class: 10540K(10880K)->10540K(10880K)
[159.283s][info ][gc             ] GC(18) Pause Young (Allocation Failure) 1647M->278M(1737M) 72.810ms
[159.283s][info ][gc,cpu         ] GC(18) User=0.28s Sys=0.01s Real=0.07s
[159.283s][debug][gc,phases      ] GC(19) Pre Compact 0.015ms
[159.283s][info ][gc,start       ] GC(19) Pause Full (Ergonomics)
[159.283s][info ][gc,phases,start] GC(19) Marking Phase
[159.355s][debug][gc,phases      ] GC(19) Par Mark 72.326ms
[159.355s][debug][gc,ref         ] GC(19) Skipped phase 1 of Reference Processing: no references
[159.356s][debug][gc,ref         ] GC(19) ReferenceProcessor::execute queues: 4, RefProcThreadModel::Multi, marks_oops_alive: false
[159.356s][debug][gc,ref         ] GC(19) Skipped phase 3 of Reference Processing: no references
[159.356s][debug][gc,ref         ] GC(19) ReferenceProcessor::execute queues: 1, RefProcThreadModel::Single, marks_oops_alive: false
[159.356s][debug][gc,phases      ] GC(19) Reference Processing 0.319ms
[159.356s][debug][gc,phases      ] GC(19)   VM Weak                        Min:  0.0, Avg:  0.0, Max:  0.0, Diff:  0.0, Sum:  0.0, Workers: 4
[159.356s][debug][gc,phases      ] GC(19)     Dead                           Min: 0, Avg:  0.0, Max: 0, Diff: 0, Sum: 0, Workers: 4
[159.356s][debug][gc,phases      ] GC(19)     Total                          Min: 0, Avg: 159.5, Max: 638, Diff: 638, Sum: 638, Workers: 4
[159.356s][debug][gc,phases      ] GC(19)   ObjectSynchronizer Weak        Min:  0.0, Avg:  0.0, Max:  0.0, Diff:  0.0, Sum:  0.0, Workers: 4
[159.356s][debug][gc,phases      ] GC(19)     Dead                           Min: 0, Avg:  0.0, Max: 0, Diff: 0, Sum: 0, Workers: 4
[159.356s][debug][gc,phases      ] GC(19)     Total                          Min: 0, Avg: 20.0, Max: 64, Diff: 64, Sum: 80, Workers: 4
[159.356s][debug][gc,phases      ] GC(19)   JVMTI Tag Weak OopStorage      Min:  0.0, Avg:  0.0, Max:  0.0, Diff:  0.0, Sum:  0.0, Workers: 4
[159.356s][debug][gc,phases      ] GC(19)     Dead                           Min: 0, Avg:  0.0, Max: 0, Diff: 0, Sum: 0, Workers: 4
[159.356s][debug][gc,phases      ] GC(19)     Total                          Min: 0, Avg:  0.0, Max: 0, Diff: 0, Sum: 0, Workers: 4
[159.356s][debug][gc,phases      ] GC(19)   StringTable Weak               Min:  0.1, Avg:  0.1, Max:  0.1, Diff:  0.0, Sum:  0.6, Workers: 4
[159.356s][debug][gc,phases      ] GC(19)     Dead                           Min: 0, Avg:  0.0, Max: 0, Diff: 0, Sum: 0, Workers: 4
[159.356s][debug][gc,phases      ] GC(19)     Total                          Min: 11261, Avg: 12015.2, Max: 13184, Diff: 1923, Sum: 48061, Workers: 4
[159.356s][debug][gc,phases      ] GC(19)   ResolvedMethodTable Weak       Min:  0.0, Avg:  0.0, Max:  0.0, Diff:  0.0, Sum:  0.1, Workers: 4
[159.356s][debug][gc,phases      ] GC(19)     Dead                           Min: 0, Avg:  0.0, Max: 0, Diff: 0, Sum: 0, Workers: 4
[159.356s][debug][gc,phases      ] GC(19)     Total                          Min: 1778, Avg: 1980.5, Max: 2304, Diff: 526, Sum: 7922, Workers: 4
[159.356s][debug][gc,phases      ] GC(19)   JNI Weak                       Min:  0.0, Avg:  0.0, Max:  0.0, Diff:  0.0, Sum:  0.0, Workers: 4
[159.356s][debug][gc,phases      ] GC(19)     Dead                           Min: 0, Avg:  0.0, Max: 0, Diff: 0, Sum: 0, Workers: 4
[159.356s][debug][gc,phases      ] GC(19)     Total                          Min: 0, Avg:  0.0, Max: 0, Diff: 0, Sum: 0, Workers: 4
[159.356s][debug][gc,phases      ] GC(19)   StringDedup Table Weak         Min:  0.0, Avg:  0.0, Max:  0.0, Diff:  0.0, Sum:  0.0, Workers: 4
[159.356s][debug][gc,phases      ] GC(19)     Dead                           Min: 0, Avg:  0.0, Max: 0, Diff: 0, Sum: 0, Workers: 4
[159.356s][debug][gc,phases      ] GC(19)     Total                          Min: 0, Avg:  0.0, Max: 0, Diff: 0, Sum: 0, Workers: 4
[159.356s][debug][gc,phases      ] GC(19)   StringDedup Requests0 Weak     Min:  0.0, Avg:  0.0, Max:  0.0, Diff:  0.0, Sum:  0.0, Workers: 4
[159.356s][debug][gc,phases      ] GC(19)     Dead                           Min: 0, Avg:  0.0, Max: 0, Diff: 0, Sum: 0, Workers: 4
[159.356s][debug][gc,phases      ] GC(19)     Total                          Min: 0, Avg:  0.0, Max: 0, Diff: 0, Sum: 0, Workers: 4
[159.356s][debug][gc,phases      ] GC(19)   StringDedup Requests1 Weak     Min:  0.0, Avg:  0.0, Max:  0.0, Diff:  0.0, Sum:  0.0, Workers: 4
[159.356s][debug][gc,phases      ] GC(19)     Dead                           Min: 0, Avg:  0.0, Max: 0, Diff: 0, Sum: 0, Workers: 4
[159.356s][debug][gc,phases      ] GC(19)     Total                          Min: 0, Avg:  0.0, Max: 0, Diff: 0, Sum: 0, Workers: 4
[159.356s][debug][gc,phases      ] GC(19)   Weak JFR Old Object Samples    Min:  0.0, Avg:  0.0, Max:  0.0, Diff:  0.0, Sum:  0.0, Workers: 4
[159.356s][debug][gc,phases      ] GC(19)     Dead                           Min: 0, Avg:  0.0, Max: 0, Diff: 0, Sum: 0, Workers: 4
[159.356s][debug][gc,phases      ] GC(19)     Total                          Min: 0, Avg:  0.0, Max: 0, Diff: 0, Sum: 0, Workers: 4
[159.356s][debug][gc,phases      ] GC(19) Weak Processing 0.339ms
[159.356s][debug][gc,phases      ] GC(19) ClassLoaderData 0.081ms
[159.356s][debug][gc,phases      ] GC(19) Trigger cleanups 0.000ms
[159.370s][debug][gc,phases      ] GC(19) Class Unloading 13.938ms
[159.370s][info ][gc,phases      ] GC(19) Marking Phase 87.062ms
[159.370s][info ][gc,phases,start] GC(19) Summary Phase
[159.370s][info ][gc,phases      ] GC(19) Summary Phase 0.008ms
[159.370s][info ][gc,phases,start] GC(19) Adjust Roots
[159.385s][info ][gc,phases      ] GC(19) Adjust Roots 15.384ms
[159.385s][info ][gc,phases,start] GC(19) Compaction Phase
[160.082s][info ][gc,phases      ] GC(19) Compaction Phase 696.136ms
[160.082s][info ][gc,phases,start] GC(19) Post Compact
[160.084s][info ][gc,phases      ] GC(19) Post Compact 2.466ms
[160.084s][info ][gc,heap        ] GC(19) PSYoungGen: 256130K(1749504K)->254301K(1749504K) Eden: 0K(1401856K)->0K(1401856K) From: 256130K(347648K)->254301K(347648K)
[160.084s][info ][gc,heap        ] GC(19) ParOldGen: 29049K(29184K)->28765K(59904K)
[160.084s][info ][gc,metaspace   ] GC(19) Metaspace: 73215K(73984K)->73215K(73984K) NonClass: 62675K(63104K)->62675K(63104K) Class: 10540K(10880K)->10540K(10880K)
[160.084s][info ][gc             ] GC(19) Pause Full (Ergonomics) 278M->276M(1767M) 801.226ms
[160.084s][info ][gc,cpu         ] GC(19) User=2.06s Sys=0.00s Real=0.80s
[160.084s][info ][safepoint      ] Safepoint "ParallelGCFailedAllocation", Time since last: 965780756 ns, Reaching safepoint: 113000 ns, At safepoint: 874172147 ns, Total: 874285147 ns
[161.084s][info ][safepoint      ] Safepoint "Cleanup", Time since last: 1000091010 ns, Reaching safepoint: 46600 ns, At safepoint: 9599 ns, Total: 56199 ns
[162.085s][info ][safepoint      ] Safepoint "Cleanup", Time since last: 1000111616 ns, Reaching safepoint: 39599 ns, At safepoint: 2800 ns, Total: 42399 ns
[163.085s][info ][safepoint      ] Safepoint "Cleanup", Time since last: 1000092222 ns, Reaching safepoint: 40399 ns, At safepoint: 2300 ns, Total: 42699 ns
[164.085s][info ][safepoint      ] Safepoint "Cleanup", Time since last: 1000098427 ns, Reaching safepoint: 46000 ns, At safepoint: 4900 ns, Total: 50900 ns
[165.085s][info ][safepoint      ] Safepoint "Cleanup", Time since last: 1000079233 ns, Reaching safepoint: 67899 ns, At safepoint: 5200 ns, Total: 73099 ns
[166.085s][info ][safepoint      ] Safepoint "Cleanup", Time since last: 1000059139 ns, Reaching safepoint: 64599 ns, At safepoint: 6200 ns, Total: 70799 ns
[167.085s][info ][safepoint      ] Safepoint "Cleanup", Time since last: 1000098445 ns, Reaching safepoint: 53699 ns, At safepoint: 5000 ns, Total: 58699 ns
[168.085s][info ][safepoint      ] Safepoint "Cleanup", Time since last: 1000093950 ns, Reaching safepoint: 63800 ns, At safepoint: 5100 ns, Total: 68900 ns
[169.086s][info ][safepoint      ] Safepoint "Cleanup", Time since last: 1000094956 ns, Reaching safepoint: 47699 ns, At safepoint: 5400 ns, Total: 53099 ns
[170.086s][info ][safepoint      ] Safepoint "Cleanup", Time since last: 1000062362 ns, Reaching safepoint: 45600 ns, At safepoint: 5500 ns, Total: 51100 ns
[171.086s][info ][safepoint      ] Safepoint "Cleanup", Time since last: 1000103567 ns, Reaching safepoint: 51799 ns, At safepoint: 6300 ns, Total: 58099 ns
[172.705s][info ][safepoint      ] Safepoint "Cleanup", Time since last: 1618961780 ns, Reaching safepoint: 67799 ns, At safepoint: 6200 ns, Total: 73999 ns
[173.705s][info ][safepoint      ] Safepoint "Cleanup", Time since last: 1000105682 ns, Reaching safepoint: 63700 ns, At safepoint: 8900 ns, Total: 72600 ns
[174.650s][info ][gc,start       ] GC(20) Pause Young (Allocation Failure)
[174.723s][debug][gc,phases      ] GC(20) Scavenge 73.147ms
[174.724s][debug][gc,ref         ] GC(20) Skipped phase 1 of Reference Processing: no references
[174.724s][debug][gc,ref         ] GC(20) ReferenceProcessor::execute queues: 4, RefProcThreadModel::Multi, marks_oops_alive: false
[174.724s][debug][gc,ref         ] GC(20) Skipped phase 3 of Reference Processing: no references
[174.724s][debug][gc,ref         ] GC(20) ReferenceProcessor::execute queues: 1, RefProcThreadModel::Single, marks_oops_alive: false
[174.724s][debug][gc,phases      ] GC(20) Reference Processing 0.305ms
[174.724s][debug][gc,phases      ] GC(20)   VM Weak                        Min:  0.0, Avg:  0.0, Max:  0.0, Diff:  0.0, Sum:  0.0, Workers: 4
[174.724s][debug][gc,phases      ] GC(20)     Dead                           Min: 0, Avg:  0.0, Max: 0, Diff: 0, Sum: 0, Workers: 4
[174.724s][debug][gc,phases      ] GC(20)     Total                          Min: 0, Avg: 159.5, Max: 574, Diff: 574, Sum: 638, Workers: 4
[174.724s][debug][gc,phases      ] GC(20)   ObjectSynchronizer Weak        Min:  0.0, Avg:  0.0, Max:  0.0, Diff:  0.0, Sum:  0.0, Workers: 4
[174.724s][debug][gc,phases      ] GC(20)     Dead                           Min: 0, Avg:  0.0, Max: 0, Diff: 0, Sum: 0, Workers: 4
[174.724s][debug][gc,phases      ] GC(20)     Total                          Min: 0, Avg: 20.0, Max: 64, Diff: 64, Sum: 80, Workers: 4
[174.724s][debug][gc,phases      ] GC(20)   JVMTI Tag Weak OopStorage      Min:  0.0, Avg:  0.0, Max:  0.0, Diff:  0.0, Sum:  0.0, Workers: 4
[174.724s][debug][gc,phases      ] GC(20)     Dead                           Min: 0, Avg:  0.0, Max: 0, Diff: 0, Sum: 0, Workers: 4
[174.724s][debug][gc,phases      ] GC(20)     Total                          Min: 0, Avg:  0.0, Max: 0, Diff: 0, Sum: 0, Workers: 4
[174.724s][debug][gc,phases      ] GC(20)   StringTable Weak               Min:  0.2, Avg:  0.2, Max:  0.2, Diff:  0.0, Sum:  0.9, Workers: 4
[174.724s][debug][gc,phases      ] GC(20)     Dead                           Min: 0, Avg:  0.2, Max: 1, Diff: 1, Sum: 1, Workers: 4
[174.724s][debug][gc,phases      ] GC(20)     Total                          Min: 9344, Avg: 12022.8, Max: 15552, Diff: 6208, Sum: 48091, Workers: 4
[174.724s][debug][gc,phases      ] GC(20)   ResolvedMethodTable Weak       Min:  0.0, Avg:  0.0, Max:  0.0, Diff:  0.0, Sum:  0.2, Workers: 4
[174.724s][debug][gc,phases      ] GC(20)     Dead                           Min: 0, Avg:  4.2, Max: 14, Diff: 14, Sum: 17, Workers: 4
[174.724s][debug][gc,phases      ] GC(20)     Total                          Min: 1280, Avg: 1982.5, Max: 2618, Diff: 1338, Sum: 7930, Workers: 4
[174.724s][debug][gc,phases      ] GC(20)   JNI Weak                       Min:  0.0, Avg:  0.0, Max:  0.0, Diff:  0.0, Sum:  0.0, Workers: 4
[174.724s][debug][gc,phases      ] GC(20)     Dead                           Min: 0, Avg:  0.0, Max: 0, Diff: 0, Sum: 0, Workers: 4
[174.724s][debug][gc,phases      ] GC(20)     Total                          Min: 0, Avg:  0.0, Max: 0, Diff: 0, Sum: 0, Workers: 4
[174.724s][debug][gc,phases      ] GC(20)   StringDedup Table Weak         Min:  0.0, Avg:  0.0, Max:  0.0, Diff:  0.0, Sum:  0.0, Workers: 4
[174.724s][debug][gc,phases      ] GC(20)     Dead                           Min: 0, Avg:  0.0, Max: 0, Diff: 0, Sum: 0, Workers: 4
[174.724s][debug][gc,phases      ] GC(20)     Total                          Min: 0, Avg:  0.0, Max: 0, Diff: 0, Sum: 0, Workers: 4
[174.724s][debug][gc,phases      ] GC(20)   StringDedup Requests0 Weak     Min:  0.0, Avg:  0.0, Max:  0.0, Diff:  0.0, Sum:  0.0, Workers: 4
[174.724s][debug][gc,phases      ] GC(20)     Dead                           Min: 0, Avg:  0.0, Max: 0, Diff: 0, Sum: 0, Workers: 4
[174.724s][debug][gc,phases      ] GC(20)     Total                          Min: 0, Avg:  0.0, Max: 0, Diff: 0, Sum: 0, Workers: 4
[174.724s][debug][gc,phases      ] GC(20)   StringDedup Requests1 Weak     Min:  0.0, Avg:  0.0, Max:  0.0, Diff:  0.0, Sum:  0.0, Workers: 4
[174.724s][debug][gc,phases      ] GC(20)     Dead                           Min: 0, Avg:  0.0, Max: 0, Diff: 0, Sum: 0, Workers: 4
[174.724s][debug][gc,phases      ] GC(20)     Total                          Min: 0, Avg:  0.0, Max: 0, Diff: 0, Sum: 0, Workers: 4
[174.724s][debug][gc,phases      ] GC(20)   Weak JFR Old Object Samples    Min:  0.0, Avg:  0.0, Max:  0.0, Diff:  0.0, Sum:  0.0, Workers: 4
[174.724s][debug][gc,phases      ] GC(20)     Dead                           Min: 0, Avg:  0.0, Max: 0, Diff: 0, Sum: 0, Workers: 4
[174.724s][debug][gc,phases      ] GC(20)     Total                          Min: 0, Avg:  0.0, Max: 0, Diff: 0, Sum: 0, Workers: 4
[174.724s][debug][gc,phases      ] GC(20) Weak Processing 0.438ms
[174.724s][debug][gc,age         ] GC(20) Desired survivor size 347602944 bytes, new threshold 15 (max threshold 15)
[174.724s][info ][gc,heap        ] GC(20) PSYoungGen: 1656157K(1749504K)->201740K(1757696K) Eden: 1401856K(1401856K)->0K(1413120K) From: 254301K(347648K)->201740K(344576K)
[174.724s][info ][gc,heap        ] GC(20) ParOldGen: 28765K(59904K)->83000K(83456K)
[174.724s][info ][gc,metaspace   ] GC(20) Metaspace: 73233K(73984K)->73233K(73984K) NonClass: 62691K(63104K)->62691K(63104K) Class: 10542K(10880K)->10542K(10880K)
[174.724s][info ][gc             ] GC(20) Pause Young (Allocation Failure) 1645M->278M(1798M) 74.011ms
[174.724s][info ][gc,cpu         ] GC(20) User=0.29s Sys=0.00s Real=0.07s
[174.724s][debug][gc,phases      ] GC(21) Pre Compact 0.009ms
[174.724s][info ][gc,start       ] GC(21) Pause Full (Ergonomics)
[174.724s][info ][gc,phases,start] GC(21) Marking Phase
[174.794s][debug][gc,phases      ] GC(21) Par Mark 69.246ms
[174.794s][debug][gc,ref         ] GC(21) Skipped phase 1 of Reference Processing: no references
[174.794s][debug][gc,ref         ] GC(21) ReferenceProcessor::execute queues: 4, RefProcThreadModel::Multi, marks_oops_alive: false
[174.794s][debug][gc,ref         ] GC(21) Skipped phase 3 of Reference Processing: no references
[174.794s][debug][gc,ref         ] GC(21) ReferenceProcessor::execute queues: 1, RefProcThreadModel::Single, marks_oops_alive: false
[174.794s][debug][gc,phases      ] GC(21) Reference Processing 0.381ms
[174.794s][debug][gc,phases      ] GC(21)   VM Weak                        Min:  0.0, Avg:  0.0, Max:  0.0, Diff:  0.0, Sum:  0.0, Workers: 4
[174.794s][debug][gc,phases      ] GC(21)     Dead                           Min: 0, Avg:  0.0, Max: 0, Diff: 0, Sum: 0, Workers: 4
[174.794s][debug][gc,phases      ] GC(21)     Total                          Min: 0, Avg: 159.5, Max: 384, Diff: 384, Sum: 638, Workers: 4
[174.794s][debug][gc,phases      ] GC(21)   ObjectSynchronizer Weak        Min:  0.0, Avg:  0.0, Max:  0.0, Diff:  0.0, Sum:  0.0, Workers: 4
[174.794s][debug][gc,phases      ] GC(21)     Dead                           Min: 0, Avg:  0.0, Max: 0, Diff: 0, Sum: 0, Workers: 4
[174.794s][debug][gc,phases      ] GC(21)     Total                          Min: 0, Avg: 20.0, Max: 64, Diff: 64, Sum: 80, Workers: 4
[174.794s][debug][gc,phases      ] GC(21)   JVMTI Tag Weak OopStorage      Min:  0.0, Avg:  0.0, Max:  0.0, Diff:  0.0, Sum:  0.0, Workers: 4
[174.794s][debug][gc,phases      ] GC(21)     Dead                           Min: 0, Avg:  0.0, Max: 0, Diff: 0, Sum: 0, Workers: 4
[174.794s][debug][gc,phases      ] GC(21)     Total                          Min: 0, Avg:  0.0, Max: 0, Diff: 0, Sum: 0, Workers: 4
[174.794s][debug][gc,phases      ] GC(21)   StringTable Weak               Min:  0.2, Avg:  0.2, Max:  0.2, Diff:  0.0, Sum:  0.7, Workers: 4
[174.794s][debug][gc,phases      ] GC(21)     Dead                           Min: 0, Avg:  0.0, Max: 0, Diff: 0, Sum: 0, Workers: 4
[174.794s][debug][gc,phases      ] GC(21)     Total                          Min: 10816, Avg: 12022.8, Max: 14016, Diff: 3200, Sum: 48091, Workers: 4
[174.794s][debug][gc,phases      ] GC(21)   ResolvedMethodTable Weak       Min:  0.0, Avg:  0.0, Max:  0.0, Diff:  0.0, Sum:  0.1, Workers: 4
[174.794s][debug][gc,phases      ] GC(21)     Dead                           Min: 0, Avg:  0.0, Max: 0, Diff: 0, Sum: 0, Workers: 4
[174.794s][debug][gc,phases      ] GC(21)     Total                          Min: 1792, Avg: 1982.5, Max: 2304, Diff: 512, Sum: 7930, Workers: 4
[174.794s][debug][gc,phases      ] GC(21)   JNI Weak                       Min:  0.0, Avg:  0.0, Max:  0.0, Diff:  0.0, Sum:  0.0, Workers: 4
[174.794s][debug][gc,phases      ] GC(21)     Dead                           Min: 0, Avg:  0.0, Max: 0, Diff: 0, Sum: 0, Workers: 4
[174.794s][debug][gc,phases      ] GC(21)     Total                          Min: 0, Avg:  0.0, Max: 0, Diff: 0, Sum: 0, Workers: 4
[174.794s][debug][gc,phases      ] GC(21)   StringDedup Table Weak         Min:  0.0, Avg:  0.0, Max:  0.0, Diff:  0.0, Sum:  0.0, Workers: 4
[174.794s][debug][gc,phases      ] GC(21)     Dead                           Min: 0, Avg:  0.0, Max: 0, Diff: 0, Sum: 0, Workers: 4
[174.794s][debug][gc,phases      ] GC(21)     Total                          Min: 0, Avg:  0.0, Max: 0, Diff: 0, Sum: 0, Workers: 4
[174.794s][debug][gc,phases      ] GC(21)   StringDedup Requests0 Weak     Min:  0.0, Avg:  0.0, Max:  0.0, Diff:  0.0, Sum:  0.0, Workers: 4
[174.794s][debug][gc,phases      ] GC(21)     Dead                           Min: 0, Avg:  0.0, Max: 0, Diff: 0, Sum: 0, Workers: 4
[174.794s][debug][gc,phases      ] GC(21)     Total                          Min: 0, Avg:  0.0, Max: 0, Diff: 0, Sum: 0, Workers: 4
[174.794s][debug][gc,phases      ] GC(21)   StringDedup Requests1 Weak     Min:  0.0, Avg:  0.0, Max:  0.0, Diff:  0.0, Sum:  0.0, Workers: 4
[174.794s][debug][gc,phases      ] GC(21)     Dead                           Min: 0, Avg:  0.0, Max: 0, Diff: 0, Sum: 0, Workers: 4
[174.794s][debug][gc,phases      ] GC(21)     Total                          Min: 0, Avg:  0.0, Max: 0, Diff: 0, Sum: 0, Workers: 4
[174.794s][debug][gc,phases      ] GC(21)   Weak JFR Old Object Samples    Min:  0.0, Avg:  0.0, Max:  0.0, Diff:  0.0, Sum:  0.0, Workers: 4
[174.794s][debug][gc,phases      ] GC(21)     Dead                           Min: 0, Avg:  0.0, Max: 0, Diff: 0, Sum: 0, Workers: 4
[174.794s][debug][gc,phases      ] GC(21)     Total                          Min: 0, Avg:  0.0, Max: 0, Diff: 0, Sum: 0, Workers: 4
[174.794s][debug][gc,phases      ] GC(21) Weak Processing 0.348ms
[174.795s][debug][gc,phases      ] GC(21) ClassLoaderData 0.077ms
[174.795s][debug][gc,phases      ] GC(21) Trigger cleanups 0.001ms
[174.808s][debug][gc,phases      ] GC(21) Class Unloading 13.117ms
[174.808s][info ][gc,phases      ] GC(21) Marking Phase 83.233ms
[174.808s][info ][gc,phases,start] GC(21) Summary Phase
[174.808s][info ][gc,phases      ] GC(21) Summary Phase 0.008ms
[174.808s][info ][gc,phases,start] GC(21) Adjust Roots
[174.821s][info ][gc,phases      ] GC(21) Adjust Roots 12.982ms
[174.821s][info ][gc,phases,start] GC(21) Compaction Phase
[175.187s][info ][gc,phases      ] GC(21) Compaction Phase 366.601ms
[175.187s][info ][gc,phases,start] GC(21) Post Compact
[175.189s][info ][gc,phases      ] GC(21) Post Compact 1.769ms
[175.189s][info ][gc,heap        ] GC(21) PSYoungGen: 201740K(1757696K)->199667K(1757696K) Eden: 0K(1413120K)->0K(1413120K) From: 201740K(344576K)->199667K(344576K)
[175.189s][info ][gc,heap        ] GC(21) ParOldGen: 83000K(83456K)->83233K(145408K)
[175.189s][info ][gc,metaspace   ] GC(21) Metaspace: 73233K(73984K)->73233K(73984K) NonClass: 62691K(63104K)->62691K(63104K) Class: 10542K(10880K)->10542K(10880K)
[175.189s][info ][gc             ] GC(21) Pause Full (Ergonomics) 278M->276M(1858M) 464.798ms
[175.189s][info ][gc,cpu         ] GC(21) User=1.43s Sys=0.00s Real=0.47s
[175.189s][info ][safepoint      ] Safepoint "ParallelGCFailedAllocation", Time since last: 945027796 ns, Reaching safepoint: 130299 ns, At safepoint: 538939008 ns, Total: 539069307 ns
[176.189s][info ][safepoint      ] Safepoint "Cleanup", Time since last: 1000089996 ns, Reaching safepoint: 60100 ns, At safepoint: 7900 ns, Total: 68000 ns
[177.190s][info ][safepoint      ] Safepoint "Cleanup", Time since last: 1000090402 ns, Reaching safepoint: 57999 ns, At safepoint: 1800 ns, Total: 59799 ns
[178.190s][info ][safepoint      ] Safepoint "Cleanup", Time since last: 1000107508 ns, Reaching safepoint: 63399 ns, At safepoint: 6700 ns, Total: 70099 ns
[179.190s][info ][safepoint      ] Safepoint "Cleanup", Time since last: 1000087513 ns, Reaching safepoint: 38500 ns, At safepoint: 2200 ns, Total: 40700 ns
[180.190s][info ][safepoint      ] Safepoint "Cleanup", Time since last: 1000097719 ns, Reaching safepoint: 111999 ns, At safepoint: 6300 ns, Total: 118299 ns
[181.190s][info ][safepoint      ] Safepoint "Cleanup", Time since last: 1000089725 ns, Reaching safepoint: 43599 ns, At safepoint: 2300 ns, Total: 45899 ns
[184.190s][info ][safepoint      ] Safepoint "Cleanup", Time since last: 3000231707 ns, Reaching safepoint: 38900 ns, At safepoint: 13000 ns, Total: 51900 ns
[185.191s][info ][safepoint      ] Safepoint "Cleanup", Time since last: 1000090747 ns, Reaching safepoint: 33700 ns, At safepoint: 2600 ns, Total: 36300 ns
[186.191s][info ][safepoint      ] Safepoint "Cleanup", Time since last: 1000102052 ns, Reaching safepoint: 34799 ns, At safepoint: 5100 ns, Total: 39899 ns
[187.220s][info ][safepoint      ] Safepoint "Cleanup", Time since last: 1028934947 ns, Reaching safepoint: 44999 ns, At safepoint: 6500 ns, Total: 51499 ns
[189.220s][info ][safepoint      ] Safepoint "Cleanup", Time since last: 2000160233 ns, Reaching safepoint: 55200 ns, At safepoint: 8700 ns, Total: 63900 ns
[190.220s][info ][safepoint      ] Safepoint "Cleanup", Time since last: 1000096674 ns, Reaching safepoint: 36400 ns, At safepoint: 3000 ns, Total: 39400 ns
[190.902s][info ][gc,start       ] GC(22) Pause Young (Allocation Failure)
[190.969s][debug][gc,phases      ] GC(22) Scavenge 66.660ms
[190.969s][debug][gc,ref         ] GC(22) Skipped phase 1 of Reference Processing: no references
[190.969s][debug][gc,ref         ] GC(22) ReferenceProcessor::execute queues: 2, RefProcThreadModel::Multi, marks_oops_alive: false
[190.969s][debug][gc,ref         ] GC(22) Skipped phase 3 of Reference Processing: no references
[190.969s][debug][gc,ref         ] GC(22) ReferenceProcessor::execute queues: 1, RefProcThreadModel::Single, marks_oops_alive: false
[190.969s][debug][gc,phases      ] GC(22) Reference Processing 0.200ms
[190.969s][debug][gc,phases      ] GC(22)   VM Weak                        Min:  0.0, Avg:  0.0, Max:  0.0, Diff:  0.0, Sum:  0.0, Workers: 4
[190.969s][debug][gc,phases      ] GC(22)     Dead                           Min: 0, Avg:  0.0, Max: 0, Diff: 0, Sum: 0, Workers: 4
[190.969s][debug][gc,phases      ] GC(22)     Total                          Min: 0, Avg: 159.5, Max: 320, Diff: 320, Sum: 638, Workers: 4
[190.969s][debug][gc,phases      ] GC(22)   ObjectSynchronizer Weak        Min:  0.0, Avg:  0.0, Max:  0.0, Diff:  0.0, Sum:  0.0, Workers: 4
[190.969s][debug][gc,phases      ] GC(22)     Dead                           Min: 0, Avg:  0.0, Max: 0, Diff: 0, Sum: 0, Workers: 4
[190.969s][debug][gc,phases      ] GC(22)     Total                          Min: 0, Avg: 20.0, Max: 64, Diff: 64, Sum: 80, Workers: 4
[190.969s][debug][gc,phases      ] GC(22)   JVMTI Tag Weak OopStorage      Min:  0.0, Avg:  0.0, Max:  0.0, Diff:  0.0, Sum:  0.0, Workers: 4
[190.969s][debug][gc,phases      ] GC(22)     Dead                           Min: 0, Avg:  0.0, Max: 0, Diff: 0, Sum: 0, Workers: 4
[190.969s][debug][gc,phases      ] GC(22)     Total                          Min: 0, Avg:  0.0, Max: 0, Diff: 0, Sum: 0, Workers: 4
[190.969s][debug][gc,phases      ] GC(22)   StringTable Weak               Min:  0.2, Avg:  0.2, Max:  0.2, Diff:  0.0, Sum:  0.7, Workers: 4
[190.969s][debug][gc,phases      ] GC(22)     Dead                           Min: 0, Avg:  0.0, Max: 0, Diff: 0, Sum: 0, Workers: 4
[190.969s][debug][gc,phases      ] GC(22)     Total                          Min: 9472, Avg: 12025.2, Max: 14629, Diff: 5157, Sum: 48101, Workers: 4
[190.969s][debug][gc,phases      ] GC(22)   ResolvedMethodTable Weak       Min:  0.0, Avg:  0.0, Max:  0.0, Diff:  0.0, Sum:  0.1, Workers: 4
[190.969s][debug][gc,phases      ] GC(22)     Dead                           Min: 0, Avg:  0.0, Max: 0, Diff: 0, Sum: 0, Workers: 4
[190.969s][debug][gc,phases      ] GC(22)     Total                          Min: 1536, Avg: 1982.5, Max: 2496, Diff: 960, Sum: 7930, Workers: 4
[190.969s][debug][gc,phases      ] GC(22)   JNI Weak                       Min:  0.0, Avg:  0.0, Max:  0.0, Diff:  0.0, Sum:  0.0, Workers: 4
[190.969s][debug][gc,phases      ] GC(22)     Dead                           Min: 0, Avg:  0.0, Max: 0, Diff: 0, Sum: 0, Workers: 4
[190.969s][debug][gc,phases      ] GC(22)     Total                          Min: 0, Avg:  0.0, Max: 0, Diff: 0, Sum: 0, Workers: 4
[190.969s][debug][gc,phases      ] GC(22)   StringDedup Table Weak         Min:  0.0, Avg:  0.0, Max:  0.0, Diff:  0.0, Sum:  0.0, Workers: 4
[190.969s][debug][gc,phases      ] GC(22)     Dead                           Min: 0, Avg:  0.0, Max: 0, Diff: 0, Sum: 0, Workers: 4
[190.969s][debug][gc,phases      ] GC(22)     Total                          Min: 0, Avg:  0.0, Max: 0, Diff: 0, Sum: 0, Workers: 4
[190.969s][debug][gc,phases      ] GC(22)   StringDedup Requests0 Weak     Min:  0.0, Avg:  0.0, Max:  0.0, Diff:  0.0, Sum:  0.0, Workers: 4
[190.969s][debug][gc,phases      ] GC(22)     Dead                           Min: 0, Avg:  0.0, Max: 0, Diff: 0, Sum: 0, Workers: 4
[190.969s][debug][gc,phases      ] GC(22)     Total                          Min: 0, Avg:  0.0, Max: 0, Diff: 0, Sum: 0, Workers: 4
[190.969s][debug][gc,phases      ] GC(22)   StringDedup Requests1 Weak     Min:  0.0, Avg:  0.0, Max:  0.0, Diff:  0.0, Sum:  0.0, Workers: 4
[190.969s][debug][gc,phases      ] GC(22)     Dead                           Min: 0, Avg:  0.0, Max: 0, Diff: 0, Sum: 0, Workers: 4
[190.969s][debug][gc,phases      ] GC(22)     Total                          Min: 0, Avg:  0.0, Max: 0, Diff: 0, Sum: 0, Workers: 4
[190.969s][debug][gc,phases      ] GC(22)   Weak JFR Old Object Samples    Min:  0.0, Avg:  0.0, Max:  0.0, Diff:  0.0, Sum:  0.0, Workers: 4
[190.969s][debug][gc,phases      ] GC(22)     Dead                           Min: 0, Avg:  0.0, Max: 0, Diff: 0, Sum: 0, Workers: 4
[190.969s][debug][gc,phases      ] GC(22)     Total                          Min: 0, Avg:  0.0, Max: 0, Diff: 0, Sum: 0, Workers: 4
[190.969s][debug][gc,phases      ] GC(22) Weak Processing 0.360ms
[190.969s][debug][gc,age         ] GC(22) Desired survivor size 356515840 bytes, new threshold 15 (max threshold 15)
[190.969s][info ][gc,heap        ] GC(22) PSYoungGen: 1612787K(1757696K)->116426K(1529856K) Eden: 1413120K(1413120K)->0K(1413120K) From: 199667K(344576K)->116426K(116736K)
[190.969s][info ][gc,heap        ] GC(22) ParOldGen: 83233K(145408K)->170344K(170496K)
[190.969s][info ][gc,metaspace   ] GC(22) Metaspace: 73249K(74048K)->73249K(74048K) NonClass: 62706K(63168K)->62706K(63168K) Class: 10542K(10880K)->10542K(10880K)
[190.969s][info ][gc             ] GC(22) Pause Young (Allocation Failure) 1656M->280M(1660M) 67.330ms
[190.969s][info ][gc,cpu         ] GC(22) User=0.23s Sys=0.04s Real=0.07s
[190.969s][debug][gc,phases      ] GC(23) Pre Compact 0.009ms
[190.969s][info ][gc,start       ] GC(23) Pause Full (Ergonomics)
[190.969s][info ][gc,phases,start] GC(23) Marking Phase
[191.039s][debug][gc,phases      ] GC(23) Par Mark 69.415ms
[191.039s][debug][gc,ref         ] GC(23) Skipped phase 1 of Reference Processing: no references
[191.039s][debug][gc,ref         ] GC(23) ReferenceProcessor::execute queues: 4, RefProcThreadModel::Multi, marks_oops_alive: false
[191.039s][debug][gc,ref         ] GC(23) Skipped phase 3 of Reference Processing: no references
[191.039s][debug][gc,ref         ] GC(23) ReferenceProcessor::execute queues: 1, RefProcThreadModel::Single, marks_oops_alive: false
[191.039s][debug][gc,phases      ] GC(23) Reference Processing 0.604ms
[191.040s][debug][gc,phases      ] GC(23)   VM Weak                        Min:  0.0, Avg:  0.0, Max:  0.0, Diff:  0.0, Sum:  0.0, Workers: 4
[191.040s][debug][gc,phases      ] GC(23)     Dead                           Min: 0, Avg:  0.0, Max: 0, Diff: 0, Sum: 0, Workers: 4
[191.040s][debug][gc,phases      ] GC(23)     Total                          Min: 0, Avg: 159.5, Max: 382, Diff: 382, Sum: 638, Workers: 4
[191.040s][debug][gc,phases      ] GC(23)   ObjectSynchronizer Weak        Min:  0.0, Avg:  0.0, Max:  0.0, Diff:  0.0, Sum:  0.0, Workers: 4
[191.040s][debug][gc,phases      ] GC(23)     Dead                           Min: 0, Avg:  0.0, Max: 0, Diff: 0, Sum: 0, Workers: 4
[191.040s][debug][gc,phases      ] GC(23)     Total                          Min: 0, Avg: 20.0, Max: 64, Diff: 64, Sum: 80, Workers: 4
[191.040s][debug][gc,phases      ] GC(23)   JVMTI Tag Weak OopStorage      Min:  0.0, Avg:  0.0, Max:  0.0, Diff:  0.0, Sum:  0.0, Workers: 4
[191.040s][debug][gc,phases      ] GC(23)     Dead                           Min: 0, Avg:  0.0, Max: 0, Diff: 0, Sum: 0, Workers: 4
[191.040s][debug][gc,phases      ] GC(23)     Total                          Min: 0, Avg:  0.0, Max: 0, Diff: 0, Sum: 0, Workers: 4
[191.040s][debug][gc,phases      ] GC(23)   StringTable Weak               Min:  0.1, Avg:  0.1, Max:  0.1, Diff:  0.0, Sum:  0.6, Workers: 4
[191.040s][debug][gc,phases      ] GC(23)     Dead                           Min: 0, Avg:  0.0, Max: 0, Diff: 0, Sum: 0, Workers: 4
[191.040s][debug][gc,phases      ] GC(23)     Total                          Min: 10944, Avg: 12025.2, Max: 12608, Diff: 1664, Sum: 48101, Workers: 4
[191.040s][debug][gc,phases      ] GC(23)   ResolvedMethodTable Weak       Min:  0.0, Avg:  0.0, Max:  0.0, Diff:  0.0, Sum:  0.1, Workers: 4
[191.040s][debug][gc,phases      ] GC(23)     Dead                           Min: 0, Avg:  0.0, Max: 0, Diff: 0, Sum: 0, Workers: 4
[191.040s][debug][gc,phases      ] GC(23)     Total                          Min: 1728, Avg: 1982.5, Max: 2234, Diff: 506, Sum: 7930, Workers: 4
[191.040s][debug][gc,phases      ] GC(23)   JNI Weak                       Min:  0.0, Avg:  0.0, Max:  0.0, Diff:  0.0, Sum:  0.0, Workers: 4
[191.040s][debug][gc,phases      ] GC(23)     Dead                           Min: 0, Avg:  0.0, Max: 0, Diff: 0, Sum: 0, Workers: 4
[191.040s][debug][gc,phases      ] GC(23)     Total                          Min: 0, Avg:  0.0, Max: 0, Diff: 0, Sum: 0, Workers: 4
[191.040s][debug][gc,phases      ] GC(23)   StringDedup Table Weak         Min:  0.0, Avg:  0.0, Max:  0.0, Diff:  0.0, Sum:  0.0, Workers: 4
[191.040s][debug][gc,phases      ] GC(23)     Dead                           Min: 0, Avg:  0.0, Max: 0, Diff: 0, Sum: 0, Workers: 4
[191.040s][debug][gc,phases      ] GC(23)     Total                          Min: 0, Avg:  0.0, Max: 0, Diff: 0, Sum: 0, Workers: 4
[191.040s][debug][gc,phases      ] GC(23)   StringDedup Requests0 Weak     Min:  0.0, Avg:  0.0, Max:  0.0, Diff:  0.0, Sum:  0.0, Workers: 4
[191.040s][debug][gc,phases      ] GC(23)     Dead                           Min: 0, Avg:  0.0, Max: 0, Diff: 0, Sum: 0, Workers: 4
[191.040s][debug][gc,phases      ] GC(23)     Total                          Min: 0, Avg:  0.0, Max: 0, Diff: 0, Sum: 0, Workers: 4
[191.040s][debug][gc,phases      ] GC(23)   StringDedup Requests1 Weak     Min:  0.0, Avg:  0.0, Max:  0.0, Diff:  0.0, Sum:  0.0, Workers: 4
[191.040s][debug][gc,phases      ] GC(23)     Dead                           Min: 0, Avg:  0.0, Max: 0, Diff: 0, Sum: 0, Workers: 4
[191.040s][debug][gc,phases      ] GC(23)     Total                          Min: 0, Avg:  0.0, Max: 0, Diff: 0, Sum: 0, Workers: 4
[191.040s][debug][gc,phases      ] GC(23)   Weak JFR Old Object Samples    Min:  0.0, Avg:  0.0, Max:  0.0, Diff:  0.0, Sum:  0.0, Workers: 4
[191.040s][debug][gc,phases      ] GC(23)     Dead                           Min: 0, Avg:  0.0, Max: 0, Diff: 0, Sum: 0, Workers: 4
[191.040s][debug][gc,phases      ] GC(23)     Total                          Min: 0, Avg:  0.0, Max: 0, Diff: 0, Sum: 0, Workers: 4
[191.040s][debug][gc,phases      ] GC(23) Weak Processing 0.320ms
[191.040s][debug][gc,phases      ] GC(23) ClassLoaderData 0.073ms
[191.040s][debug][gc,phases      ] GC(23) Trigger cleanups 0.000ms
[191.053s][debug][gc,phases      ] GC(23) Class Unloading 13.164ms
[191.053s][info ][gc,phases      ] GC(23) Marking Phase 83.644ms
[191.053s][info ][gc,phases,start] GC(23) Summary Phase
[191.053s][info ][gc,phases      ] GC(23) Summary Phase 0.008ms
[191.053s][info ][gc,phases,start] GC(23) Adjust Roots
[191.064s][info ][gc,phases      ] GC(23) Adjust Roots 11.375ms
[191.064s][info ][gc,phases,start] GC(23) Compaction Phase
[191.328s][info ][gc,phases      ] GC(23) Compaction Phase 263.729ms
[191.328s][info ][gc,phases,start] GC(23) Post Compact
[191.329s][info ][gc,phases      ] GC(23) Post Compact 0.900ms
[191.329s][info ][gc,heap        ] GC(23) PSYoungGen: 116426K(1529856K)->115557K(1529856K) Eden: 0K(1413120K)->0K(1413120K) From: 116426K(116736K)->115557K(116736K)
[191.329s][info ][gc,heap        ] GC(23) ParOldGen: 170344K(170496K)->167231K(275456K)
[191.329s][info ][gc,metaspace   ] GC(23) Metaspace: 73249K(74048K)->73249K(74048K) NonClass: 62706K(63168K)->62706K(63168K) Class: 10542K(10880K)->10542K(10880K)
[191.329s][info ][gc             ] GC(23) Pause Full (Ergonomics) 280M->276M(1763M) 359.909ms
[191.329s][info ][gc,cpu         ] GC(23) User=1.08s Sys=0.00s Real=0.36s
[191.329s][info ][safepoint      ] Safepoint "ParallelGCFailedAllocation", Time since last: 681780509 ns, Reaching safepoint: 43099 ns, At safepoint: 427382074 ns, Total: 427425173 ns
[192.329s][info ][safepoint      ] Safepoint "Cleanup", Time since last: 1000081986 ns, Reaching safepoint: 54999 ns, At safepoint: 4700 ns, Total: 59699 ns
[193.330s][info ][safepoint      ] Safepoint "Cleanup", Time since last: 1000102392 ns, Reaching safepoint: 44800 ns, At safepoint: 2100 ns, Total: 46900 ns
[196.330s][info ][safepoint      ] Safepoint "Cleanup", Time since last: 3000224908 ns, Reaching safepoint: 50899 ns, At safepoint: 9100 ns, Total: 59999 ns
[197.330s][info ][safepoint      ] Safepoint "Cleanup", Time since last: 1000103914 ns, Reaching safepoint: 44799 ns, At safepoint: 6100 ns, Total: 50899 ns
[198.330s][info ][safepoint      ] Safepoint "Cleanup", Time since last: 1000059219 ns, Reaching safepoint: 42700 ns, At safepoint: 3300 ns, Total: 46000 ns
[199.330s][info ][safepoint      ] Safepoint "Cleanup", Time since last: 1000100824 ns, Reaching safepoint: 69700 ns, At safepoint: 5600 ns, Total: 75300 ns
[201.330s][info ][safepoint      ] Safepoint "Cleanup", Time since last: 2000154765 ns, Reaching safepoint: 50099 ns, At safepoint: 5900 ns, Total: 55999 ns
[202.331s][info ][safepoint      ] Safepoint "Cleanup", Time since last: 1000096341 ns, Reaching safepoint: 40599 ns, At safepoint: 5500 ns, Total: 46099 ns
[205.331s][info ][safepoint      ] Safepoint "Cleanup", Time since last: 3000225254 ns, Reaching safepoint: 40000 ns, At safepoint: 6600 ns, Total: 46600 ns
[206.331s][info ][safepoint      ] Safepoint "Cleanup", Time since last: 1000098762 ns, Reaching safepoint: 53699 ns, At safepoint: 19200 ns, Total: 72899 ns
[206.477s][info ][gc,start       ] GC(24) Pause Young (Allocation Failure)
[206.523s][debug][gc,phases      ] GC(24) Scavenge 46.374ms
[206.523s][debug][gc,ref         ] GC(24) Skipped phase 1 of Reference Processing: no references
[206.523s][debug][gc,ref         ] GC(24) ReferenceProcessor::execute queues: 1, RefProcThreadModel::Single, marks_oops_alive: false
[206.523s][debug][gc,ref         ] GC(24) Skipped phase 3 of Reference Processing: no references
[206.523s][debug][gc,ref         ] GC(24) ReferenceProcessor::execute queues: 1, RefProcThreadModel::Single, marks_oops_alive: false
[206.523s][debug][gc,phases      ] GC(24) Reference Processing 0.126ms
[206.524s][debug][gc,phases      ] GC(24)   VM Weak                        Min:  0.0, Avg:  0.0, Max:  0.0, Diff:  0.0, Sum:  0.0, Workers: 4
[206.524s][debug][gc,phases      ] GC(24)     Dead                           Min: 0, Avg:  0.0, Max: 0, Diff: 0, Sum: 0, Workers: 4
[206.524s][debug][gc,phases      ] GC(24)     Total                          Min: 0, Avg: 159.5, Max: 510, Diff: 510, Sum: 638, Workers: 4
[206.524s][debug][gc,phases      ] GC(24)   ObjectSynchronizer Weak        Min:  0.0, Avg:  0.0, Max:  0.0, Diff:  0.0, Sum:  0.0, Workers: 4
[206.524s][debug][gc,phases      ] GC(24)     Dead                           Min: 0, Avg:  0.0, Max: 0, Diff: 0, Sum: 0, Workers: 4
[206.524s][debug][gc,phases      ] GC(24)     Total                          Min: 0, Avg: 20.0, Max: 80, Diff: 80, Sum: 80, Workers: 4
[206.524s][debug][gc,phases      ] GC(24)   JVMTI Tag Weak OopStorage      Min:  0.0, Avg:  0.0, Max:  0.0, Diff:  0.0, Sum:  0.0, Workers: 4
[206.524s][debug][gc,phases      ] GC(24)     Dead                           Min: 0, Avg:  0.0, Max: 0, Diff: 0, Sum: 0, Workers: 4
[206.524s][debug][gc,phases      ] GC(24)     Total                          Min: 0, Avg:  0.0, Max: 0, Diff: 0, Sum: 0, Workers: 4
[206.524s][debug][gc,phases      ] GC(24)   StringTable Weak               Min:  0.1, Avg:  0.1, Max:  0.1, Diff:  0.0, Sum:  0.4, Workers: 4
[206.524s][debug][gc,phases      ] GC(24)     Dead                           Min: 0, Avg:  0.0, Max: 0, Diff: 0, Sum: 0, Workers: 4
[206.524s][debug][gc,phases      ] GC(24)     Total                          Min: 10112, Avg: 12029.0, Max: 14912, Diff: 4800, Sum: 48116, Workers: 4
[206.524s][debug][gc,phases      ] GC(24)   ResolvedMethodTable Weak       Min:  0.0, Avg:  0.0, Max:  0.0, Diff:  0.0, Sum:  0.1, Workers: 4
[206.524s][debug][gc,phases      ] GC(24)     Dead                           Min: 0, Avg:  0.0, Max: 0, Diff: 0, Sum: 0, Workers: 4
[206.524s][debug][gc,phases      ] GC(24)     Total                          Min: 1728, Avg: 1982.5, Max: 2304, Diff: 576, Sum: 7930, Workers: 4
[206.524s][debug][gc,phases      ] GC(24)   JNI Weak                       Min:  0.0, Avg:  0.0, Max:  0.0, Diff:  0.0, Sum:  0.0, Workers: 4
[206.524s][debug][gc,phases      ] GC(24)     Dead                           Min: 0, Avg:  0.0, Max: 0, Diff: 0, Sum: 0, Workers: 4
[206.524s][debug][gc,phases      ] GC(24)     Total                          Min: 0, Avg:  0.0, Max: 0, Diff: 0, Sum: 0, Workers: 4
[206.524s][debug][gc,phases      ] GC(24)   StringDedup Table Weak         Min:  0.0, Avg:  0.0, Max:  0.0, Diff:  0.0, Sum:  0.0, Workers: 4
[206.524s][debug][gc,phases      ] GC(24)     Dead                           Min: 0, Avg:  0.0, Max: 0, Diff: 0, Sum: 0, Workers: 4
[206.524s][debug][gc,phases      ] GC(24)     Total                          Min: 0, Avg:  0.0, Max: 0, Diff: 0, Sum: 0, Workers: 4
[206.524s][debug][gc,phases      ] GC(24)   StringDedup Requests0 Weak     Min:  0.0, Avg:  0.0, Max:  0.0, Diff:  0.0, Sum:  0.0, Workers: 4
[206.524s][debug][gc,phases      ] GC(24)     Dead                           Min: 0, Avg:  0.0, Max: 0, Diff: 0, Sum: 0, Workers: 4
[206.524s][debug][gc,phases      ] GC(24)     Total                          Min: 0, Avg:  0.0, Max: 0, Diff: 0, Sum: 0, Workers: 4
[206.524s][debug][gc,phases      ] GC(24)   StringDedup Requests1 Weak     Min:  0.0, Avg:  0.0, Max:  0.0, Diff:  0.0, Sum:  0.0, Workers: 4
[206.524s][debug][gc,phases      ] GC(24)     Dead                           Min: 0, Avg:  0.0, Max: 0, Diff: 0, Sum: 0, Workers: 4
[206.524s][debug][gc,phases      ] GC(24)     Total                          Min: 0, Avg:  0.0, Max: 0, Diff: 0, Sum: 0, Workers: 4
[206.524s][debug][gc,phases      ] GC(24)   Weak JFR Old Object Samples    Min:  0.0, Avg:  0.0, Max:  0.0, Diff:  0.0, Sum:  0.0, Workers: 4
[206.524s][debug][gc,phases      ] GC(24)     Dead                           Min: 0, Avg:  0.0, Max: 0, Diff: 0, Sum: 0, Workers: 4
[206.524s][debug][gc,phases      ] GC(24)     Total                          Min: 0, Avg:  0.0, Max: 0, Diff: 0, Sum: 0, Workers: 4
[206.524s][debug][gc,phases      ] GC(24) Weak Processing 0.298ms
[206.524s][debug][gc,age         ] GC(24) Desired survivor size 367525888 bytes, new threshold 15 (max threshold 15)
[206.524s][info ][gc,heap        ] GC(24) PSYoungGen: 1528677K(1529856K)->81355K(1727488K) Eden: 1413120K(1413120K)->0K(1379328K) From: 115557K(116736K)->81355K(348160K)
[206.524s][info ][gc,heap        ] GC(24) ParOldGen: 167231K(275456K)->203051K(275456K)
[206.524s][info ][gc,metaspace   ] GC(24) Metaspace: 73268K(74048K)->73268K(74048K) NonClass: 62726K(63168K)->62726K(63168K) Class: 10542K(10880K)->10542K(10880K)
[206.524s][info ][gc             ] GC(24) Pause Young (Allocation Failure) 1656M->277M(1956M) 46.911ms
[206.524s][info ][gc,cpu         ] GC(24) User=0.18s Sys=0.00s Real=0.05s
[206.524s][info ][safepoint      ] Safepoint "ParallelGCFailedAllocation", Time since last: 145618947 ns, Reaching safepoint: 33699 ns, At safepoint: 46980761 ns, Total: 47014460 ns
[207.524s][info ][safepoint      ] Safepoint "Cleanup", Time since last: 1000080268 ns, Reaching safepoint: 43700 ns, At safepoint: 4899 ns, Total: 48599 ns
[214.524s][info ][safepoint      ] Safepoint "Cleanup", Time since last: 7000480428 ns, Reaching safepoint: 76699 ns, At safepoint: 12100 ns, Total: 88799 ns
[216.525s][info ][safepoint      ] Safepoint "Cleanup", Time since last: 2000158326 ns, Reaching safepoint: 42500 ns, At safepoint: 7100 ns, Total: 49600 ns
[217.525s][info ][safepoint      ] Safepoint "Cleanup", Time since last: 1000095921 ns, Reaching safepoint: 47199 ns, At safepoint: 5000 ns, Total: 52199 ns
[219.525s][info ][safepoint      ] Safepoint "Cleanup", Time since last: 2000159458 ns, Reaching safepoint: 36300 ns, At safepoint: 2400 ns, Total: 38700 ns
[221.525s][info ][safepoint      ] Safepoint "Cleanup", Time since last: 2000174178 ns, Reaching safepoint: 43400 ns, At safepoint: 5700 ns, Total: 49100 ns
[221.998s][info ][gc,start       ] GC(25) Pause Young (Allocation Failure)
[222.015s][debug][gc,phases      ] GC(25) Scavenge 16.807ms
[222.015s][debug][gc,ref         ] GC(25) Skipped phase 1 of Reference Processing: no references
[222.015s][debug][gc,ref         ] GC(25) ReferenceProcessor::execute queues: 1, RefProcThreadModel::Single, marks_oops_alive: false
[222.015s][debug][gc,ref         ] GC(25) Skipped phase 3 of Reference Processing: no references
[222.015s][debug][gc,ref         ] GC(25) ReferenceProcessor::execute queues: 1, RefProcThreadModel::Single, marks_oops_alive: false
[222.015s][debug][gc,phases      ] GC(25) Reference Processing 0.117ms
[222.016s][debug][gc,phases      ] GC(25)   VM Weak                        Min:  0.0, Avg:  0.0, Max:  0.0, Diff:  0.0, Sum:  0.0, Workers: 4
[222.016s][debug][gc,phases      ] GC(25)     Dead                           Min: 0, Avg:  0.0, Max: 0, Diff: 0, Sum: 0, Workers: 4
[222.016s][debug][gc,phases      ] GC(25)     Total                          Min: 0, Avg: 159.5, Max: 574, Diff: 574, Sum: 638, Workers: 4
[222.016s][debug][gc,phases      ] GC(25)   ObjectSynchronizer Weak        Min:  0.0, Avg:  0.0, Max:  0.0, Diff:  0.0, Sum:  0.0, Workers: 4
[222.016s][debug][gc,phases      ] GC(25)     Dead                           Min: 0, Avg:  0.0, Max: 0, Diff: 0, Sum: 0, Workers: 4
[222.016s][debug][gc,phases      ] GC(25)     Total                          Min: 0, Avg: 20.0, Max: 64, Diff: 64, Sum: 80, Workers: 4
[222.016s][debug][gc,phases      ] GC(25)   JVMTI Tag Weak OopStorage      Min:  0.0, Avg:  0.0, Max:  0.0, Diff:  0.0, Sum:  0.0, Workers: 4
[222.016s][debug][gc,phases      ] GC(25)     Dead                           Min: 0, Avg:  0.0, Max: 0, Diff: 0, Sum: 0, Workers: 4
[222.016s][debug][gc,phases      ] GC(25)     Total                          Min: 0, Avg:  0.0, Max: 0, Diff: 0, Sum: 0, Workers: 4
[222.016s][debug][gc,phases      ] GC(25)   StringTable Weak               Min:  0.1, Avg:  0.1, Max:  0.1, Diff:  0.0, Sum:  0.4, Workers: 4
[222.016s][debug][gc,phases      ] GC(25)     Dead                           Min: 0, Avg:  0.0, Max: 0, Diff: 0, Sum: 0, Workers: 4
[222.016s][debug][gc,phases      ] GC(25)     Total                          Min: 8256, Avg: 12029.5, Max: 15040, Diff: 6784, Sum: 48118, Workers: 4
[222.016s][debug][gc,phases      ] GC(25)   ResolvedMethodTable Weak       Min:  0.0, Avg:  0.0, Max:  0.0, Diff:  0.0, Sum:  0.1, Workers: 4
[222.016s][debug][gc,phases      ] GC(25)     Dead                           Min: 0, Avg:  0.0, Max: 0, Diff: 0, Sum: 0, Workers: 4
[222.016s][debug][gc,phases      ] GC(25)     Total                          Min: 1536, Avg: 1982.5, Max: 2432, Diff: 896, Sum: 7930, Workers: 4
[222.016s][debug][gc,phases      ] GC(25)   JNI Weak                       Min:  0.0, Avg:  0.0, Max:  0.0, Diff:  0.0, Sum:  0.0, Workers: 4
[222.016s][debug][gc,phases      ] GC(25)     Dead                           Min: 0, Avg:  0.0, Max: 0, Diff: 0, Sum: 0, Workers: 4
[222.016s][debug][gc,phases      ] GC(25)     Total                          Min: 0, Avg:  0.0, Max: 0, Diff: 0, Sum: 0, Workers: 4
[222.016s][debug][gc,phases      ] GC(25)   StringDedup Table Weak         Min:  0.0, Avg:  0.0, Max:  0.0, Diff:  0.0, Sum:  0.0, Workers: 4
[222.016s][debug][gc,phases      ] GC(25)     Dead                           Min: 0, Avg:  0.0, Max: 0, Diff: 0, Sum: 0, Workers: 4
[222.016s][debug][gc,phases      ] GC(25)     Total                          Min: 0, Avg:  0.0, Max: 0, Diff: 0, Sum: 0, Workers: 4
[222.016s][debug][gc,phases      ] GC(25)   StringDedup Requests0 Weak     Min:  0.0, Avg:  0.0, Max:  0.0, Diff:  0.0, Sum:  0.0, Workers: 4
[222.016s][debug][gc,phases      ] GC(25)     Dead                           Min: 0, Avg:  0.0, Max: 0, Diff: 0, Sum: 0, Workers: 4
[222.016s][debug][gc,phases      ] GC(25)     Total                          Min: 0, Avg:  0.0, Max: 0, Diff: 0, Sum: 0, Workers: 4
[222.016s][debug][gc,phases      ] GC(25)   StringDedup Requests1 Weak     Min:  0.0, Avg:  0.0, Max:  0.0, Diff:  0.0, Sum:  0.0, Workers: 4
[222.016s][debug][gc,phases      ] GC(25)     Dead                           Min: 0, Avg:  0.0, Max: 0, Diff: 0, Sum: 0, Workers: 4
[222.016s][debug][gc,phases      ] GC(25)     Total                          Min: 0, Avg:  0.0, Max: 0, Diff: 0, Sum: 0, Workers: 4
[222.016s][debug][gc,phases      ] GC(25)   Weak JFR Old Object Samples    Min:  0.0, Avg:  0.0, Max:  0.0, Diff:  0.0, Sum:  0.0, Workers: 4
[222.016s][debug][gc,phases      ] GC(25)     Dead                           Min: 0, Avg:  0.0, Max: 0, Diff: 0, Sum: 0, Workers: 4
[222.016s][debug][gc,phases      ] GC(25)     Total                          Min: 0, Avg:  0.0, Max: 0, Diff: 0, Sum: 0, Workers: 4
[222.016s][debug][gc,phases      ] GC(25) Weak Processing 0.296ms
[222.016s][debug][gc,age         ] GC(25) Desired survivor size 376963072 bytes, new threshold 15 (max threshold 15)
[222.016s][info ][gc,heap        ] GC(25) PSYoungGen: 1460683K(1727488K)->64528K(1444352K) Eden: 1379328K(1379328K)->0K(1379328K) From: 81355K(348160K)->64528K(65024K)
[222.016s][info ][gc,heap        ] GC(25) ParOldGen: 203051K(275456K)->220078K(275456K)
[222.016s][info ][gc,metaspace   ] GC(25) Metaspace: 73313K(74112K)->73313K(74112K) NonClass: 62770K(63232K)->62770K(63232K) Class: 10542K(10880K)->10542K(10880K)
[222.016s][info ][gc             ] GC(25) Pause Young (Allocation Failure) 1624M->277M(1679M) 17.351ms
[222.016s][info ][gc,cpu         ] GC(25) User=0.07s Sys=0.00s Real=0.01s
[222.016s][info ][safepoint      ] Safepoint "ParallelGCFailedAllocation", Time since last: 473142915 ns, Reaching safepoint: 35900 ns, At safepoint: 17432975 ns, Total: 17468875 ns
[223.016s][info ][safepoint      ] Safepoint "Cleanup", Time since last: 1000076450 ns, Reaching safepoint: 97699 ns, At safepoint: 5800 ns, Total: 103499 ns
[226.016s][info ][safepoint      ] Safepoint "Cleanup", Time since last: 3000227479 ns, Reaching safepoint: 70000 ns, At safepoint: 5700 ns, Total: 75700 ns
[227.016s][info ][safepoint      ] Safepoint "Cleanup", Time since last: 1000101370 ns, Reaching safepoint: 39400 ns, At safepoint: 5000 ns, Total: 44400 ns
[228.017s][info ][safepoint      ] Safepoint "Cleanup", Time since last: 1000096075 ns, Reaching safepoint: 37399 ns, At safepoint: 7500 ns, Total: 44899 ns
[231.017s][info ][safepoint      ] Safepoint "Cleanup", Time since last: 3000226157 ns, Reaching safepoint: 138399 ns, At safepoint: 12400 ns, Total: 150799 ns
[231.144s][info ][gc,start       ] GC(26) Pause Young (Allocation Failure)
[231.164s][debug][gc,phases      ] GC(26) Scavenge 20.057ms
[231.164s][debug][gc,ref         ] GC(26) Skipped phase 1 of Reference Processing: no references
[231.164s][debug][gc,ref         ] GC(26) ReferenceProcessor::execute queues: 1, RefProcThreadModel::Single, marks_oops_alive: false
[231.164s][debug][gc,ref         ] GC(26) Skipped phase 3 of Reference Processing: no references
[231.164s][debug][gc,ref         ] GC(26) ReferenceProcessor::execute queues: 1, RefProcThreadModel::Single, marks_oops_alive: false
[231.164s][debug][gc,phases      ] GC(26) Reference Processing 0.092ms
[231.165s][debug][gc,phases      ] GC(26)   VM Weak                        Min:  0.0, Avg:  0.0, Max:  0.0, Diff:  0.0, Sum:  0.0, Workers: 4
[231.165s][debug][gc,phases      ] GC(26)     Dead                           Min: 0, Avg:  0.0, Max: 0, Diff: 0, Sum: 0, Workers: 4
[231.165s][debug][gc,phases      ] GC(26)     Total                          Min: 0, Avg: 159.5, Max: 446, Diff: 446, Sum: 638, Workers: 4
[231.165s][debug][gc,phases      ] GC(26)   ObjectSynchronizer Weak        Min:  0.0, Avg:  0.0, Max:  0.0, Diff:  0.0, Sum:  0.0, Workers: 4
[231.165s][debug][gc,phases      ] GC(26)     Dead                           Min: 0, Avg:  0.0, Max: 0, Diff: 0, Sum: 0, Workers: 4
[231.165s][debug][gc,phases      ] GC(26)     Total                          Min: 0, Avg: 20.0, Max: 80, Diff: 80, Sum: 80, Workers: 4
[231.165s][debug][gc,phases      ] GC(26)   JVMTI Tag Weak OopStorage      Min:  0.0, Avg:  0.0, Max:  0.0, Diff:  0.0, Sum:  0.0, Workers: 4
[231.165s][debug][gc,phases      ] GC(26)     Dead                           Min: 0, Avg:  0.0, Max: 0, Diff: 0, Sum: 0, Workers: 4
[231.165s][debug][gc,phases      ] GC(26)     Total                          Min: 0, Avg:  0.0, Max: 0, Diff: 0, Sum: 0, Workers: 4
[231.165s][debug][gc,phases      ] GC(26)   StringTable Weak               Min:  0.1, Avg:  0.1, Max:  0.1, Diff:  0.0, Sum:  0.5, Workers: 4
[231.165s][debug][gc,phases      ] GC(26)     Dead                           Min: 0, Avg:  0.5, Max: 2, Diff: 2, Sum: 2, Workers: 4
[231.165s][debug][gc,phases      ] GC(26)     Total                          Min: 11776, Avg: 12036.0, Max: 12304, Diff: 528, Sum: 48144, Workers: 4
[231.165s][debug][gc,phases      ] GC(26)   ResolvedMethodTable Weak       Min:  0.0, Avg:  0.0, Max:  0.0, Diff:  0.0, Sum:  0.1, Workers: 4
[231.165s][debug][gc,phases      ] GC(26)     Dead                           Min: 0, Avg:  0.0, Max: 0, Diff: 0, Sum: 0, Workers: 4
[231.165s][debug][gc,phases      ] GC(26)     Total                          Min: 1728, Avg: 1989.0, Max: 2112, Diff: 384, Sum: 7956, Workers: 4
[231.165s][debug][gc,phases      ] GC(26)   JNI Weak                       Min:  0.0, Avg:  0.0, Max:  0.0, Diff:  0.0, Sum:  0.0, Workers: 4
[231.165s][debug][gc,phases      ] GC(26)     Dead                           Min: 0, Avg:  0.0, Max: 0, Diff: 0, Sum: 0, Workers: 4
[231.165s][debug][gc,phases      ] GC(26)     Total                          Min: 0, Avg:  5.5, Max: 22, Diff: 22, Sum: 22, Workers: 4
[231.165s][debug][gc,phases      ] GC(26)   StringDedup Table Weak         Min:  0.0, Avg:  0.0, Max:  0.0, Diff:  0.0, Sum:  0.0, Workers: 4
[231.165s][debug][gc,phases      ] GC(26)     Dead                           Min: 0, Avg:  0.0, Max: 0, Diff: 0, Sum: 0, Workers: 4
[231.165s][debug][gc,phases      ] GC(26)     Total                          Min: 0, Avg:  0.0, Max: 0, Diff: 0, Sum: 0, Workers: 4
[231.165s][debug][gc,phases      ] GC(26)   StringDedup Requests0 Weak     Min:  0.0, Avg:  0.0, Max:  0.0, Diff:  0.0, Sum:  0.0, Workers: 4
[231.165s][debug][gc,phases      ] GC(26)     Dead                           Min: 0, Avg:  0.0, Max: 0, Diff: 0, Sum: 0, Workers: 4
[231.165s][debug][gc,phases      ] GC(26)     Total                          Min: 0, Avg:  0.0, Max: 0, Diff: 0, Sum: 0, Workers: 4
[231.165s][debug][gc,phases      ] GC(26)   StringDedup Requests1 Weak     Min:  0.0, Avg:  0.0, Max:  0.0, Diff:  0.0, Sum:  0.0, Workers: 4
[231.165s][debug][gc,phases      ] GC(26)     Dead                           Min: 0, Avg:  0.0, Max: 0, Diff: 0, Sum: 0, Workers: 4
[231.165s][debug][gc,phases      ] GC(26)     Total                          Min: 0, Avg:  0.0, Max: 0, Diff: 0, Sum: 0, Workers: 4
[231.165s][debug][gc,phases      ] GC(26)   Weak JFR Old Object Samples    Min:  0.0, Avg:  0.0, Max:  0.0, Diff:  0.0, Sum:  0.0, Workers: 4
[231.165s][debug][gc,phases      ] GC(26)     Dead                           Min: 0, Avg:  0.0, Max: 0, Diff: 0, Sum: 0, Workers: 4
[231.165s][debug][gc,phases      ] GC(26)     Total                          Min: 0, Avg:  0.0, Max: 0, Diff: 0, Sum: 0, Workers: 4
[231.165s][debug][gc,phases      ] GC(26) Weak Processing 0.288ms
[231.165s][debug][gc,age         ] GC(26) Desired survivor size 383254528 bytes, new threshold 15 (max threshold 15)
[231.165s][info ][gc,heap        ] GC(26) PSYoungGen: 1443856K(1444352K)->52561K(1716736K) Eden: 1379328K(1379328K)->0K(1348608K) From: 64528K(65024K)->52561K(368128K)
[231.165s][info ][gc,heap        ] GC(26) ParOldGen: 220078K(275456K)->220134K(275456K)
[231.165s][info ][gc,metaspace   ] GC(26) Metaspace: 73409K(74176K)->73409K(74176K) NonClass: 62853K(63296K)->62853K(63296K) Class: 10556K(10880K)->10556K(10880K)
[231.165s][info ][gc             ] GC(26) Pause Young (Allocation Failure) 1624M->266M(1945M) 20.538ms
[231.165s][info ][gc,cpu         ] GC(26) User=0.08s Sys=0.00s Real=0.02s
[231.165s][info ][safepoint      ] Safepoint "ParallelGCFailedAllocation", Time since last: 127102796 ns, Reaching safepoint: 136299 ns, At safepoint: 20608954 ns, Total: 20745253 ns
[232.175s][info ][safepoint      ] Safepoint "Cleanup", Time since last: 1009643828 ns, Reaching safepoint: 117200 ns, At safepoint: 8600 ns, Total: 125800 ns
[233.175s][info ][safepoint      ] Safepoint "Cleanup", Time since last: 1000099201 ns, Reaching safepoint: 38700 ns, At safepoint: 2200 ns, Total: 40900 ns
[234.175s][info ][safepoint      ] Safepoint "Cleanup", Time since last: 1000095806 ns, Reaching safepoint: 84199 ns, At safepoint: 10400 ns, Total: 94599 ns
[235.175s][info ][safepoint      ] Safepoint "Cleanup", Time since last: 1000104512 ns, Reaching safepoint: 45099 ns, At safepoint: 2400 ns, Total: 47499 ns
[237.175s][info ][safepoint      ] Safepoint "Cleanup", Time since last: 2000163839 ns, Reaching safepoint: 40899 ns, At safepoint: 2400 ns, Total: 43299 ns
[238.175s][info ][safepoint      ] Safepoint "Cleanup", Time since last: 1000102127 ns, Reaching safepoint: 62199 ns, At safepoint: 12600 ns, Total: 74799 ns
[238.915s][info ][gc,start       ] GC(27) Pause Young (Allocation Failure)
[238.931s][debug][gc,phases      ] GC(27) Scavenge 15.975ms
[238.931s][debug][gc,ref         ] GC(27) Skipped phase 1 of Reference Processing: no references
[238.931s][debug][gc,ref         ] GC(27) ReferenceProcessor::execute queues: 1, RefProcThreadModel::Single, marks_oops_alive: false
[238.931s][debug][gc,ref         ] GC(27) Skipped phase 3 of Reference Processing: no references
[238.931s][debug][gc,ref         ] GC(27) ReferenceProcessor::execute queues: 1, RefProcThreadModel::Single, marks_oops_alive: false
[238.931s][debug][gc,phases      ] GC(27) Reference Processing 0.106ms
[238.931s][debug][gc,phases      ] GC(27)   VM Weak                        Min:  0.0, Avg:  0.0, Max:  0.0, Diff:  0.0, Sum:  0.0, Workers: 4
[238.931s][debug][gc,phases      ] GC(27)     Dead                           Min: 0, Avg:  0.0, Max: 0, Diff: 0, Sum: 0, Workers: 4
[238.931s][debug][gc,phases      ] GC(27)     Total                          Min: 0, Avg: 159.5, Max: 574, Diff: 574, Sum: 638, Workers: 4
[238.931s][debug][gc,phases      ] GC(27)   ObjectSynchronizer Weak        Min:  0.0, Avg:  0.0, Max:  0.0, Diff:  0.0, Sum:  0.0, Workers: 4
[238.931s][debug][gc,phases      ] GC(27)     Dead                           Min: 0, Avg:  0.0, Max: 0, Diff: 0, Sum: 0, Workers: 4
[238.931s][debug][gc,phases      ] GC(27)     Total                          Min: 0, Avg: 20.0, Max: 64, Diff: 64, Sum: 80, Workers: 4
[238.931s][debug][gc,phases      ] GC(27)   JVMTI Tag Weak OopStorage      Min:  0.0, Avg:  0.0, Max:  0.0, Diff:  0.0, Sum:  0.0, Workers: 4
[238.931s][debug][gc,phases      ] GC(27)     Dead                           Min: 0, Avg:  0.0, Max: 0, Diff: 0, Sum: 0, Workers: 4
[238.931s][debug][gc,phases      ] GC(27)     Total                          Min: 0, Avg:  0.0, Max: 0, Diff: 0, Sum: 0, Workers: 4
[238.931s][debug][gc,phases      ] GC(27)   StringTable Weak               Min:  0.1, Avg:  0.1, Max:  0.1, Diff:  0.0, Sum:  0.3, Workers: 4
[238.931s][debug][gc,phases      ] GC(27)     Dead                           Min: 0, Avg:  0.0, Max: 0, Diff: 0, Sum: 0, Workers: 4
[238.931s][debug][gc,phases      ] GC(27)     Total                          Min: 10432, Avg: 12038.0, Max: 13464, Diff: 3032, Sum: 48152, Workers: 4
[238.931s][debug][gc,phases      ] GC(27)   ResolvedMethodTable Weak       Min:  0.0, Avg:  0.0, Max:  0.0, Diff:  0.0, Sum:  0.1, Workers: 4
[238.931s][debug][gc,phases      ] GC(27)     Dead                           Min: 0, Avg:  0.0, Max: 0, Diff: 0, Sum: 0, Workers: 4
[238.931s][debug][gc,phases      ] GC(27)     Total                          Min: 1876, Avg: 1989.0, Max: 2112, Diff: 236, Sum: 7956, Workers: 4
[238.931s][debug][gc,phases      ] GC(27)   JNI Weak                       Min:  0.0, Avg:  0.0, Max:  0.0, Diff:  0.0, Sum:  0.0, Workers: 4
[238.931s][debug][gc,phases      ] GC(27)     Dead                           Min: 0, Avg:  0.0, Max: 0, Diff: 0, Sum: 0, Workers: 4
[238.931s][debug][gc,phases      ] GC(27)     Total                          Min: 0, Avg:  0.0, Max: 0, Diff: 0, Sum: 0, Workers: 4
[238.931s][debug][gc,phases      ] GC(27)   StringDedup Table Weak         Min:  0.0, Avg:  0.0, Max:  0.0, Diff:  0.0, Sum:  0.0, Workers: 4
[238.931s][debug][gc,phases      ] GC(27)     Dead                           Min: 0, Avg:  0.0, Max: 0, Diff: 0, Sum: 0, Workers: 4
[238.931s][debug][gc,phases      ] GC(27)     Total                          Min: 0, Avg:  0.0, Max: 0, Diff: 0, Sum: 0, Workers: 4
[238.931s][debug][gc,phases      ] GC(27)   StringDedup Requests0 Weak     Min:  0.0, Avg:  0.0, Max:  0.0, Diff:  0.0, Sum:  0.0, Workers: 4
[238.931s][debug][gc,phases      ] GC(27)     Dead                           Min: 0, Avg:  0.0, Max: 0, Diff: 0, Sum: 0, Workers: 4
[238.931s][debug][gc,phases      ] GC(27)     Total                          Min: 0, Avg:  0.0, Max: 0, Diff: 0, Sum: 0, Workers: 4
[238.931s][debug][gc,phases      ] GC(27)   StringDedup Requests1 Weak     Min:  0.0, Avg:  0.0, Max:  0.0, Diff:  0.0, Sum:  0.0, Workers: 4
[238.931s][debug][gc,phases      ] GC(27)     Dead                           Min: 0, Avg:  0.0, Max: 0, Diff: 0, Sum: 0, Workers: 4
[238.931s][debug][gc,phases      ] GC(27)     Total                          Min: 0, Avg:  0.0, Max: 0, Diff: 0, Sum: 0, Workers: 4
[238.931s][debug][gc,phases      ] GC(27)   Weak JFR Old Object Samples    Min:  0.0, Avg:  0.0, Max:  0.0, Diff:  0.0, Sum:  0.0, Workers: 4
[238.931s][debug][gc,phases      ] GC(27)     Dead                           Min: 0, Avg:  0.0, Max: 0, Diff: 0, Sum: 0, Workers: 4
[238.931s][debug][gc,phases      ] GC(27)     Total                          Min: 0, Avg:  0.0, Max: 0, Diff: 0, Sum: 0, Workers: 4
[238.931s][debug][gc,phases      ] GC(27) Weak Processing 0.251ms
[238.931s][debug][gc,age         ] GC(27) Desired survivor size 383254528 bytes, new threshold 15 (max threshold 15)
[238.931s][info ][gc,heap        ] GC(27) PSYoungGen: 1401169K(1716736K)->61409K(1722880K) Eden: 1348608K(1348608K)->0K(1348608K) From: 52561K(368128K)->61409K(374272K)
[238.931s][info ][gc,heap        ] GC(27) ParOldGen: 220134K(275456K)->220242K(275456K)
[238.931s][info ][gc,metaspace   ] GC(27) Metaspace: 73440K(74176K)->73440K(74176K) NonClass: 62884K(63296K)->62884K(63296K) Class: 10556K(10880K)->10556K(10880K)
[238.931s][info ][gc             ] GC(27) Pause Young (Allocation Failure) 1583M->275M(1951M) 16.443ms
[238.931s][info ][gc,cpu         ] GC(27) User=0.06s Sys=0.00s Real=0.02s
[238.931s][info ][safepoint      ] Safepoint "ParallelGCFailedAllocation", Time since last: 739375474 ns, Reaching safepoint: 113299 ns, At safepoint: 16512283 ns, Total: 16625582 ns
[239.932s][info ][safepoint      ] Safepoint "Cleanup", Time since last: 1000078136 ns, Reaching safepoint: 42299 ns, At safepoint: 7600 ns, Total: 49899 ns
[240.932s][info ][safepoint      ] Safepoint "Cleanup", Time since last: 1000104140 ns, Reaching safepoint: 37900 ns, At safepoint: 2100 ns, Total: 40000 ns
[241.932s][info ][safepoint      ] Safepoint "Cleanup", Time since last: 1000106245 ns, Reaching safepoint: 40500 ns, At safepoint: 2400 ns, Total: 42900 ns
[242.932s][info ][safepoint      ] Safepoint "Cleanup", Time since last: 1000099850 ns, Reaching safepoint: 44000 ns, At safepoint: 5100 ns, Total: 49100 ns
[243.932s][info ][safepoint      ] Safepoint "Cleanup", Time since last: 1000104155 ns, Reaching safepoint: 37100 ns, At safepoint: 5700 ns, Total: 42800 ns
[245.932s][info ][safepoint      ] Safepoint "Cleanup", Time since last: 2000157025 ns, Reaching safepoint: 42900 ns, At safepoint: 7300 ns, Total: 50200 ns
[246.932s][info ][safepoint      ] Safepoint "Cleanup", Time since last: 1000058470 ns, Reaching safepoint: 41000 ns, At safepoint: 6100 ns, Total: 47100 ns
[247.933s][info ][safepoint      ] Safepoint "Cleanup", Time since last: 1000060775 ns, Reaching safepoint: 57800 ns, At safepoint: 7200 ns, Total: 65000 ns
[249.933s][info ][safepoint      ] Safepoint "Cleanup", Time since last: 2000170864 ns, Reaching safepoint: 55100 ns, At safepoint: 5100 ns, Total: 60200 ns
[250.933s][info ][safepoint      ] Safepoint "Cleanup", Time since last: 1000058390 ns, Reaching safepoint: 44200 ns, At safepoint: 5900 ns, Total: 50100 ns
[251.933s][info ][safepoint      ] Safepoint "Cleanup", Time since last: 1000105194 ns, Reaching safepoint: 53800 ns, At safepoint: 5400 ns, Total: 59200 ns
[252.362s][info ][gc,start       ] GC(28) Pause Young (Allocation Failure)
[252.375s][debug][gc,phases      ] GC(28) Scavenge 12.961ms
[252.375s][debug][gc,ref         ] GC(28) Skipped phase 1 of Reference Processing: no references
[252.375s][debug][gc,ref         ] GC(28) ReferenceProcessor::execute queues: 1, RefProcThreadModel::Single, marks_oops_alive: false
[252.375s][debug][gc,ref         ] GC(28) Skipped phase 3 of Reference Processing: no references
[252.375s][debug][gc,ref         ] GC(28) ReferenceProcessor::execute queues: 1, RefProcThreadModel::Single, marks_oops_alive: false
[252.375s][debug][gc,phases      ] GC(28) Reference Processing 0.132ms
[252.375s][debug][gc,phases      ] GC(28)   VM Weak                        Min:  0.0, Avg:  0.0, Max:  0.0, Diff:  0.0, Sum:  0.0, Workers: 4
[252.375s][debug][gc,phases      ] GC(28)     Dead                           Min: 0, Avg:  0.0, Max: 0, Diff: 0, Sum: 0, Workers: 4
[252.375s][debug][gc,phases      ] GC(28)     Total                          Min: 0, Avg: 159.5, Max: 384, Diff: 384, Sum: 638, Workers: 4
[252.375s][debug][gc,phases      ] GC(28)   ObjectSynchronizer Weak        Min:  0.0, Avg:  0.0, Max:  0.0, Diff:  0.0, Sum:  0.0, Workers: 4
[252.375s][debug][gc,phases      ] GC(28)     Dead                           Min: 0, Avg:  0.0, Max: 0, Diff: 0, Sum: 0, Workers: 4
[252.375s][debug][gc,phases      ] GC(28)     Total                          Min: 0, Avg: 20.0, Max: 64, Diff: 64, Sum: 80, Workers: 4
[252.375s][debug][gc,phases      ] GC(28)   JVMTI Tag Weak OopStorage      Min:  0.0, Avg:  0.0, Max:  0.0, Diff:  0.0, Sum:  0.0, Workers: 4
[252.375s][debug][gc,phases      ] GC(28)     Dead                           Min: 0, Avg:  0.0, Max: 0, Diff: 0, Sum: 0, Workers: 4
[252.375s][debug][gc,phases      ] GC(28)     Total                          Min: 0, Avg:  0.0, Max: 0, Diff: 0, Sum: 0, Workers: 4
[252.375s][debug][gc,phases      ] GC(28)   StringTable Weak               Min:  0.1, Avg:  0.1, Max:  0.1, Diff:  0.0, Sum:  0.4, Workers: 4
[252.375s][debug][gc,phases      ] GC(28)     Dead                           Min: 0, Avg:  0.0, Max: 0, Diff: 0, Sum: 0, Workers: 4
[252.375s][debug][gc,phases      ] GC(28)     Total                          Min: 9664, Avg: 12038.2, Max: 15001, Diff: 5337, Sum: 48153, Workers: 4
[252.375s][debug][gc,phases      ] GC(28)   ResolvedMethodTable Weak       Min:  0.0, Avg:  0.0, Max:  0.0, Diff:  0.0, Sum:  0.1, Workers: 4
[252.375s][debug][gc,phases      ] GC(28)     Dead                           Min: 0, Avg:  0.0, Max: 0, Diff: 0, Sum: 0, Workers: 4
[252.375s][debug][gc,phases      ] GC(28)     Total                          Min: 1792, Avg: 1989.5, Max: 2176, Diff: 384, Sum: 7958, Workers: 4
[252.375s][debug][gc,phases      ] GC(28)   JNI Weak                       Min:  0.0, Avg:  0.0, Max:  0.0, Diff:  0.0, Sum:  0.0, Workers: 4
[252.375s][debug][gc,phases      ] GC(28)     Dead                           Min: 0, Avg:  0.0, Max: 0, Diff: 0, Sum: 0, Workers: 4
[252.375s][debug][gc,phases      ] GC(28)     Total                          Min: 0, Avg:  0.0, Max: 0, Diff: 0, Sum: 0, Workers: 4
[252.375s][debug][gc,phases      ] GC(28)   StringDedup Table Weak         Min:  0.0, Avg:  0.0, Max:  0.0, Diff:  0.0, Sum:  0.0, Workers: 4
[252.375s][debug][gc,phases      ] GC(28)     Dead                           Min: 0, Avg:  0.0, Max: 0, Diff: 0, Sum: 0, Workers: 4
[252.375s][debug][gc,phases      ] GC(28)     Total                          Min: 0, Avg:  0.0, Max: 0, Diff: 0, Sum: 0, Workers: 4
[252.375s][debug][gc,phases      ] GC(28)   StringDedup Requests0 Weak     Min:  0.0, Avg:  0.0, Max:  0.0, Diff:  0.0, Sum:  0.0, Workers: 4
[252.375s][debug][gc,phases      ] GC(28)     Dead                           Min: 0, Avg:  0.0, Max: 0, Diff: 0, Sum: 0, Workers: 4
[252.375s][debug][gc,phases      ] GC(28)     Total                          Min: 0, Avg:  0.0, Max: 0, Diff: 0, Sum: 0, Workers: 4
[252.375s][debug][gc,phases      ] GC(28)   StringDedup Requests1 Weak     Min:  0.0, Avg:  0.0, Max:  0.0, Diff:  0.0, Sum:  0.0, Workers: 4
[252.375s][debug][gc,phases      ] GC(28)     Dead                           Min: 0, Avg:  0.0, Max: 0, Diff: 0, Sum: 0, Workers: 4
[252.375s][debug][gc,phases      ] GC(28)     Total                          Min: 0, Avg:  0.0, Max: 0, Diff: 0, Sum: 0, Workers: 4
[252.375s][debug][gc,phases      ] GC(28)   Weak JFR Old Object Samples    Min:  0.0, Avg:  0.0, Max:  0.0, Diff:  0.0, Sum:  0.0, Workers: 4
[252.375s][debug][gc,phases      ] GC(28)     Dead                           Min: 0, Avg:  0.0, Max: 0, Diff: 0, Sum: 0, Workers: 4
[252.375s][debug][gc,phases      ] GC(28)     Total                          Min: 0, Avg:  0.0, Max: 0, Diff: 0, Sum: 0, Workers: 4
[252.375s][debug][gc,phases      ] GC(28) Weak Processing 0.298ms
[252.375s][debug][gc,age         ] GC(28) Desired survivor size 380633088 bytes, new threshold 15 (max threshold 15)
[252.375s][info ][gc,heap        ] GC(28) PSYoungGen: 1410017K(1722880K)->59008K(1725440K) Eden: 1348608K(1348608K)->0K(1351168K) From: 61409K(374272K)->59008K(374272K)
[252.375s][info ][gc,heap        ] GC(28) ParOldGen: 220242K(275456K)->220306K(275456K)
[252.375s][info ][gc,metaspace   ] GC(28) Metaspace: 73470K(74240K)->73470K(74240K) NonClass: 62914K(63360K)->62914K(63360K) Class: 10556K(10880K)->10556K(10880K)
[252.375s][info ][gc             ] GC(28) Pause Young (Allocation Failure) 1592M->272M(1954M) 13.499ms
[252.375s][info ][gc,cpu         ] GC(28) User=0.06s Sys=0.00s Real=0.01s
[252.375s][info ][safepoint      ] Safepoint "ParallelGCFailedAllocation", Time since last: 428367301 ns, Reaching safepoint: 95199 ns, At safepoint: 13579405 ns, Total: 13674604 ns
[253.676s][info ][safepoint      ] Safepoint "Cleanup", Time since last: 1300829898 ns, Reaching safepoint: 44899 ns, At safepoint: 12700 ns, Total: 57599 ns
[255.211s][info ][safepoint      ] Safepoint "Cleanup", Time since last: 1534605274 ns, Reaching safepoint: 88199 ns, At safepoint: 7800 ns, Total: 95999 ns
[256.211s][info ][safepoint      ] Safepoint "Cleanup", Time since last: 1000110615 ns, Reaching safepoint: 42600 ns, At safepoint: 5300 ns, Total: 47900 ns
[257.211s][info ][safepoint      ] Safepoint "Cleanup", Time since last: 1000103720 ns, Reaching safepoint: 43800 ns, At safepoint: 2600 ns, Total: 46400 ns
[258.211s][info ][safepoint      ] Safepoint "Cleanup", Time since last: 1000102225 ns, Reaching safepoint: 42299 ns, At safepoint: 2200 ns, Total: 44499 ns
[259.211s][info ][safepoint      ] Safepoint "Cleanup", Time since last: 1000108730 ns, Reaching safepoint: 38700 ns, At safepoint: 2600 ns, Total: 41300 ns
[260.211s][info ][safepoint      ] Safepoint "Cleanup", Time since last: 1000102034 ns, Reaching safepoint: 49800 ns, At safepoint: 8100 ns, Total: 57900 ns
[262.212s][info ][safepoint      ] Safepoint "Cleanup", Time since last: 2000163184 ns, Reaching safepoint: 37399 ns, At safepoint: 2100 ns, Total: 39499 ns
[263.212s][info ][safepoint      ] Safepoint "Cleanup", Time since last: 1000095749 ns, Reaching safepoint: 42200 ns, At safepoint: 2300 ns, Total: 44500 ns
[265.212s][info ][safepoint      ] Safepoint "Cleanup", Time since last: 2000175212 ns, Reaching safepoint: 49700 ns, At safepoint: 7500 ns, Total: 57200 ns
[266.051s][info ][gc,start       ] GC(29) Pause Young (Allocation Failure)
[266.064s][debug][gc,phases      ] GC(29) Scavenge 12.645ms
[266.064s][debug][gc,ref         ] GC(29) Skipped phase 1 of Reference Processing: no references
[266.064s][debug][gc,ref         ] GC(29) ReferenceProcessor::execute queues: 1, RefProcThreadModel::Single, marks_oops_alive: false
[266.064s][debug][gc,ref         ] GC(29) Skipped phase 3 of Reference Processing: no references
[266.064s][debug][gc,ref         ] GC(29) ReferenceProcessor::execute queues: 1, RefProcThreadModel::Single, marks_oops_alive: false
[266.064s][debug][gc,phases      ] GC(29) Reference Processing 0.113ms
[266.064s][debug][gc,phases      ] GC(29)   VM Weak                        Min:  0.0, Avg:  0.0, Max:  0.0, Diff:  0.0, Sum:  0.0, Workers: 4
[266.064s][debug][gc,phases      ] GC(29)     Dead                           Min: 0, Avg:  0.0, Max: 0, Diff: 0, Sum: 0, Workers: 4
[266.064s][debug][gc,phases      ] GC(29)     Total                          Min: 0, Avg: 160.2, Max: 640, Diff: 640, Sum: 641, Workers: 4
[266.064s][debug][gc,phases      ] GC(29)   ObjectSynchronizer Weak        Min:  0.0, Avg:  0.0, Max:  0.0, Diff:  0.0, Sum:  0.0, Workers: 4
[266.064s][debug][gc,phases      ] GC(29)     Dead                           Min: 0, Avg:  0.0, Max: 0, Diff: 0, Sum: 0, Workers: 4
[266.064s][debug][gc,phases      ] GC(29)     Total                          Min: 0, Avg: 20.5, Max: 64, Diff: 64, Sum: 82, Workers: 4
[266.064s][debug][gc,phases      ] GC(29)   JVMTI Tag Weak OopStorage      Min:  0.0, Avg:  0.0, Max:  0.0, Diff:  0.0, Sum:  0.0, Workers: 4
[266.064s][debug][gc,phases      ] GC(29)     Dead                           Min: 0, Avg:  0.0, Max: 0, Diff: 0, Sum: 0, Workers: 4
[266.064s][debug][gc,phases      ] GC(29)     Total                          Min: 0, Avg:  0.0, Max: 0, Diff: 0, Sum: 0, Workers: 4
[266.064s][debug][gc,phases      ] GC(29)   StringTable Weak               Min:  0.1, Avg:  0.1, Max:  0.1, Diff:  0.0, Sum:  0.4, Workers: 4
[266.064s][debug][gc,phases      ] GC(29)     Dead                           Min: 0, Avg:  0.2, Max: 1, Diff: 1, Sum: 1, Workers: 4
[266.064s][debug][gc,phases      ] GC(29)     Total                          Min: 9701, Avg: 12041.2, Max: 14464, Diff: 4763, Sum: 48165, Workers: 4
[266.064s][debug][gc,phases      ] GC(29)   ResolvedMethodTable Weak       Min:  0.0, Avg:  0.0, Max:  0.0, Diff:  0.0, Sum:  0.1, Workers: 4
[266.064s][debug][gc,phases      ] GC(29)     Dead                           Min: 0, Avg:  0.5, Max: 2, Diff: 2, Sum: 2, Workers: 4
[266.064s][debug][gc,phases      ] GC(29)     Total                          Min: 1572, Avg: 1993.0, Max: 2944, Diff: 1372, Sum: 7972, Workers: 4
[266.064s][debug][gc,phases      ] GC(29)   JNI Weak                       Min:  0.0, Avg:  0.0, Max:  0.0, Diff:  0.0, Sum:  0.0, Workers: 4
[266.064s][debug][gc,phases      ] GC(29)     Dead                           Min: 0, Avg:  0.0, Max: 0, Diff: 0, Sum: 0, Workers: 4
[266.064s][debug][gc,phases      ] GC(29)     Total                          Min: 0, Avg:  0.0, Max: 0, Diff: 0, Sum: 0, Workers: 4
[266.064s][debug][gc,phases      ] GC(29)   StringDedup Table Weak         Min:  0.0, Avg:  0.0, Max:  0.0, Diff:  0.0, Sum:  0.0, Workers: 4
[266.064s][debug][gc,phases      ] GC(29)     Dead                           Min: 0, Avg:  0.0, Max: 0, Diff: 0, Sum: 0, Workers: 4
[266.064s][debug][gc,phases      ] GC(29)     Total                          Min: 0, Avg:  0.0, Max: 0, Diff: 0, Sum: 0, Workers: 4
[266.064s][debug][gc,phases      ] GC(29)   StringDedup Requests0 Weak     Min:  0.0, Avg:  0.0, Max:  0.0, Diff:  0.0, Sum:  0.0, Workers: 4
[266.064s][debug][gc,phases      ] GC(29)     Dead                           Min: 0, Avg:  0.0, Max: 0, Diff: 0, Sum: 0, Workers: 4
[266.064s][debug][gc,phases      ] GC(29)     Total                          Min: 0, Avg:  0.0, Max: 0, Diff: 0, Sum: 0, Workers: 4
[266.064s][debug][gc,phases      ] GC(29)   StringDedup Requests1 Weak     Min:  0.0, Avg:  0.0, Max:  0.0, Diff:  0.0, Sum:  0.0, Workers: 4
[266.064s][debug][gc,phases      ] GC(29)     Dead                           Min: 0, Avg:  0.0, Max: 0, Diff: 0, Sum: 0, Workers: 4
[266.064s][debug][gc,phases      ] GC(29)     Total                          Min: 0, Avg:  0.0, Max: 0, Diff: 0, Sum: 0, Workers: 4
[266.064s][debug][gc,phases      ] GC(29)   Weak JFR Old Object Samples    Min:  0.0, Avg:  0.0, Max:  0.0, Diff:  0.0, Sum:  0.0, Workers: 4
[266.064s][debug][gc,phases      ] GC(29)     Dead                           Min: 0, Avg:  0.0, Max: 0, Diff: 0, Sum: 0, Workers: 4
[266.064s][debug][gc,phases      ] GC(29)     Total                          Min: 0, Avg:  0.0, Max: 0, Diff: 0, Sum: 0, Workers: 4
[266.064s][debug][gc,phases      ] GC(29) Weak Processing 0.259ms
[266.064s][debug][gc,age         ] GC(29) Desired survivor size 375390208 bytes, new threshold 15 (max threshold 15)
[266.064s][info ][gc,heap        ] GC(29) PSYoungGen: 1410176K(1725440K)->58657K(1722880K) Eden: 1351168K(1351168K)->0K(1351168K) From: 59008K(374272K)->58657K(371712K)
[266.064s][info ][gc,heap        ] GC(29) ParOldGen: 220306K(275456K)->220418K(275456K)
[266.064s][info ][gc,metaspace   ] GC(29) Metaspace: 73553K(74368K)->73553K(74368K) NonClass: 62987K(63424K)->62987K(63424K) Class: 10565K(10944K)->10565K(10944K)
[266.064s][info ][gc             ] GC(29) Pause Young (Allocation Failure) 1592M->272M(1951M) 13.119ms
[266.064s][info ][gc,cpu         ] GC(29) User=0.05s Sys=0.00s Real=0.01s
[266.064s][info ][safepoint      ] Safepoint "ParallelGCFailedAllocation", Time since last: 839030180 ns, Reaching safepoint: 114399 ns, At safepoint: 13202109 ns, Total: 13316508 ns
[267.065s][info ][safepoint      ] Safepoint "Cleanup", Time since last: 1000082967 ns, Reaching safepoint: 34200 ns, At safepoint: 2300 ns, Total: 36500 ns
[268.065s][info ][safepoint      ] Safepoint "Cleanup", Time since last: 1000095172 ns, Reaching safepoint: 44499 ns, At safepoint: 4800 ns, Total: 49299 ns
[269.065s][info ][safepoint      ] Safepoint "Cleanup", Time since last: 1000071377 ns, Reaching safepoint: 45300 ns, At safepoint: 5900 ns, Total: 51200 ns
[270.065s][info ][safepoint      ] Safepoint "Cleanup", Time since last: 1000062282 ns, Reaching safepoint: 50799 ns, At safepoint: 7500 ns, Total: 58299 ns
[274.065s][info ][safepoint      ] Safepoint "Cleanup", Time since last: 4000285874 ns, Reaching safepoint: 56899 ns, At safepoint: 6000 ns, Total: 62899 ns
[275.195s][info ][safepoint      ] Safepoint "Cleanup", Time since last: 1129942610 ns, Reaching safepoint: 182899 ns, At safepoint: 21800 ns, Total: 204699 ns
[276.196s][info ][safepoint      ] Safepoint "Cleanup", Time since last: 1000109610 ns, Reaching safepoint: 40800 ns, At safepoint: 6100 ns, Total: 46900 ns
[278.196s][info ][safepoint      ] Safepoint "Cleanup", Time since last: 2000171034 ns, Reaching safepoint: 50000 ns, At safepoint: 2800 ns, Total: 52800 ns
[279.196s][info ][safepoint      ] Safepoint "Cleanup", Time since last: 1000118524 ns, Reaching safepoint: 55999 ns, At safepoint: 8500 ns, Total: 64499 ns
[279.658s][info ][safepoint      ] Safepoint "ParallelGCFailedAllocation", Time since last: 461769227 ns, Reaching safepoint: 27499 ns, At safepoint: 9000 ns, Total: 36499 ns
[279.658s][info ][gc,start       ] GC(30) Pause Young (GCLocker Initiated GC)
[279.671s][debug][gc,phases      ] GC(30) Scavenge 13.052ms
[279.671s][debug][gc,ref         ] GC(30) Skipped phase 1 of Reference Processing: no references
[279.671s][debug][gc,ref         ] GC(30) ReferenceProcessor::execute queues: 1, RefProcThreadModel::Single, marks_oops_alive: false
[279.671s][debug][gc,ref         ] GC(30) Skipped phase 3 of Reference Processing: no references
[279.671s][debug][gc,ref         ] GC(30) ReferenceProcessor::execute queues: 1, RefProcThreadModel::Single, marks_oops_alive: false
[279.671s][debug][gc,phases      ] GC(30) Reference Processing 0.091ms
[279.671s][debug][gc,phases      ] GC(30)   VM Weak                        Min:  0.0, Avg:  0.0, Max:  0.0, Diff:  0.0, Sum:  0.0, Workers: 4
[279.671s][debug][gc,phases      ] GC(30)     Dead                           Min: 0, Avg:  0.0, Max: 0, Diff: 0, Sum: 0, Workers: 4
[279.671s][debug][gc,phases      ] GC(30)     Total                          Min: 0, Avg: 160.2, Max: 641, Diff: 641, Sum: 641, Workers: 4
[279.671s][debug][gc,phases      ] GC(30)   ObjectSynchronizer Weak        Min:  0.0, Avg:  0.0, Max:  0.0, Diff:  0.0, Sum:  0.0, Workers: 4
[279.671s][debug][gc,phases      ] GC(30)     Dead                           Min: 0, Avg:  0.0, Max: 0, Diff: 0, Sum: 0, Workers: 4
[279.671s][debug][gc,phases      ] GC(30)     Total                          Min: 0, Avg: 20.5, Max: 64, Diff: 64, Sum: 82, Workers: 4
[279.671s][debug][gc,phases      ] GC(30)   JVMTI Tag Weak OopStorage      Min:  0.0, Avg:  0.0, Max:  0.0, Diff:  0.0, Sum:  0.0, Workers: 4
[279.671s][debug][gc,phases      ] GC(30)     Dead                           Min: 0, Avg:  0.0, Max: 0, Diff: 0, Sum: 0, Workers: 4
[279.671s][debug][gc,phases      ] GC(30)     Total                          Min: 0, Avg:  0.0, Max: 0, Diff: 0, Sum: 0, Workers: 4
[279.671s][debug][gc,phases      ] GC(30)   StringTable Weak               Min:  0.1, Avg:  0.1, Max:  0.1, Diff:  0.0, Sum:  0.4, Workers: 4
[279.671s][debug][gc,phases      ] GC(30)     Dead                           Min: 0, Avg:  0.0, Max: 0, Diff: 0, Sum: 0, Workers: 4
[279.671s][debug][gc,phases      ] GC(30)     Total                          Min: 9664, Avg: 12043.0, Max: 15488, Diff: 5824, Sum: 48172, Workers: 4
[279.671s][debug][gc,phases      ] GC(30)   ResolvedMethodTable Weak       Min:  0.0, Avg:  0.0, Max:  0.0, Diff:  0.0, Sum:  0.1, Workers: 4
[279.671s][debug][gc,phases      ] GC(30)     Dead                           Min: 0, Avg:  0.0, Max: 0, Diff: 0, Sum: 0, Workers: 4
[279.671s][debug][gc,phases      ] GC(30)     Total                          Min: 1728, Avg: 1993.0, Max: 2304, Diff: 576, Sum: 7972, Workers: 4
[279.671s][debug][gc,phases      ] GC(30)   JNI Weak                       Min:  0.0, Avg:  0.0, Max:  0.0, Diff:  0.0, Sum:  0.0, Workers: 4
[279.671s][debug][gc,phases      ] GC(30)     Dead                           Min: 0, Avg:  0.0, Max: 0, Diff: 0, Sum: 0, Workers: 4
[279.671s][debug][gc,phases      ] GC(30)     Total                          Min: 0, Avg:  0.0, Max: 0, Diff: 0, Sum: 0, Workers: 4
[279.671s][debug][gc,phases      ] GC(30)   StringDedup Table Weak         Min:  0.0, Avg:  0.0, Max:  0.0, Diff:  0.0, Sum:  0.0, Workers: 4
[279.671s][debug][gc,phases      ] GC(30)     Dead                           Min: 0, Avg:  0.0, Max: 0, Diff: 0, Sum: 0, Workers: 4
[279.671s][debug][gc,phases      ] GC(30)     Total                          Min: 0, Avg:  0.0, Max: 0, Diff: 0, Sum: 0, Workers: 4
[279.671s][debug][gc,phases      ] GC(30)   StringDedup Requests0 Weak     Min:  0.0, Avg:  0.0, Max:  0.0, Diff:  0.0, Sum:  0.0, Workers: 4
[279.671s][debug][gc,phases      ] GC(30)     Dead                           Min: 0, Avg:  0.0, Max: 0, Diff: 0, Sum: 0, Workers: 4
[279.671s][debug][gc,phases      ] GC(30)     Total                          Min: 0, Avg:  0.0, Max: 0, Diff: 0, Sum: 0, Workers: 4
[279.671s][debug][gc,phases      ] GC(30)   StringDedup Requests1 Weak     Min:  0.0, Avg:  0.0, Max:  0.0, Diff:  0.0, Sum:  0.0, Workers: 4
[279.671s][debug][gc,phases      ] GC(30)     Dead                           Min: 0, Avg:  0.0, Max: 0, Diff: 0, Sum: 0, Workers: 4
[279.671s][debug][gc,phases      ] GC(30)     Total                          Min: 0, Avg:  0.0, Max: 0, Diff: 0, Sum: 0, Workers: 4
[279.671s][debug][gc,phases      ] GC(30)   Weak JFR Old Object Samples    Min:  0.0, Avg:  0.0, Max:  0.0, Diff:  0.0, Sum:  0.0, Workers: 4
[279.671s][debug][gc,phases      ] GC(30)     Dead                           Min: 0, Avg:  0.0, Max: 0, Diff: 0, Sum: 0, Workers: 4
[279.671s][debug][gc,phases      ] GC(30)     Total                          Min: 0, Avg:  0.0, Max: 0, Diff: 0, Sum: 0, Workers: 4
[279.671s][debug][gc,phases      ] GC(30) Weak Processing 0.264ms
[279.671s][debug][gc,age         ] GC(30) Desired survivor size 368050176 bytes, new threshold 15 (max threshold 15)
[279.671s][info ][gc,heap        ] GC(30) PSYoungGen: 1409825K(1722880K)->58657K(1737728K) Eden: 1351168K(1351168K)->0K(1371136K) From: 58657K(371712K)->58657K(366592K)
[279.671s][info ][gc,heap        ] GC(30) ParOldGen: 220546K(275456K)->220762K(275456K)
[279.671s][info ][gc,metaspace   ] GC(30) Metaspace: 73570K(74368K)->73570K(74368K) NonClass: 63004K(63424K)->63004K(63424K) Class: 10565K(10944K)->10565K(10944K)
[279.671s][info ][gc             ] GC(30) Pause Young (GCLocker Initiated GC) 1592M->272M(1966M) 13.500ms
[279.671s][info ][gc,cpu         ] GC(30) User=0.05s Sys=0.00s Real=0.02s
[279.671s][info ][safepoint      ] Safepoint "ParallelGCSystemGC", Time since last: 56400 ns, Reaching safepoint: 20700 ns, At safepoint: 13569907 ns, Total: 13590607 ns
[280.672s][info ][safepoint      ] Safepoint "Cleanup", Time since last: 1000070631 ns, Reaching safepoint: 39599 ns, At safepoint: 6000 ns, Total: 45599 ns
[281.672s][info ][safepoint      ] Safepoint "Cleanup", Time since last: 1000100636 ns, Reaching safepoint: 45099 ns, At safepoint: 4900 ns, Total: 49999 ns
[282.672s][info ][safepoint      ] Safepoint "Cleanup", Time since last: 1000101140 ns, Reaching safepoint: 38300 ns, At safepoint: 2700 ns, Total: 41000 ns
[283.672s][info ][safepoint      ] Safepoint "Cleanup", Time since last: 1000092445 ns, Reaching safepoint: 37000 ns, At safepoint: 3100 ns, Total: 40100 ns
[284.672s][info ][safepoint      ] Safepoint "Cleanup", Time since last: 1000096949 ns, Reaching safepoint: 40500 ns, At safepoint: 4800 ns, Total: 45300 ns
[285.672s][info ][safepoint      ] Safepoint "Cleanup", Time since last: 1000095753 ns, Reaching safepoint: 40000 ns, At safepoint: 6000 ns, Total: 46000 ns
[287.672s][info ][safepoint      ] Safepoint "Cleanup", Time since last: 2000171422 ns, Reaching safepoint: 42399 ns, At safepoint: 2600 ns, Total: 44999 ns
[291.673s][info ][safepoint      ] Safepoint "Cleanup", Time since last: 4000294598 ns, Reaching safepoint: 26300 ns, At safepoint: 2700 ns, Total: 29000 ns
[292.673s][info ][safepoint      ] Safepoint "Cleanup", Time since last: 1000100985 ns, Reaching safepoint: 37600 ns, At safepoint: 3200 ns, Total: 40800 ns
[293.805s][info ][gc,start       ] GC(31) Pause Young (Allocation Failure)
[293.817s][debug][gc,phases      ] GC(31) Scavenge 12.462ms
[293.817s][debug][gc,ref         ] GC(31) Skipped phase 1 of Reference Processing: no references
[293.818s][debug][gc,ref         ] GC(31) ReferenceProcessor::execute queues: 1, RefProcThreadModel::Single, marks_oops_alive: false
[293.818s][debug][gc,ref         ] GC(31) Skipped phase 3 of Reference Processing: no references
[293.818s][debug][gc,ref         ] GC(31) ReferenceProcessor::execute queues: 1, RefProcThreadModel::Single, marks_oops_alive: false
[293.818s][debug][gc,phases      ] GC(31) Reference Processing 0.113ms
[293.818s][debug][gc,phases      ] GC(31)   VM Weak                        Min:  0.0, Avg:  0.0, Max:  0.0, Diff:  0.0, Sum:  0.0, Workers: 4
[293.818s][debug][gc,phases      ] GC(31)     Dead                           Min: 0, Avg:  0.0, Max: 0, Diff: 0, Sum: 0, Workers: 4
[293.818s][debug][gc,phases      ] GC(31)     Total                          Min: 0, Avg: 160.2, Max: 321, Diff: 321, Sum: 641, Workers: 4
[293.818s][debug][gc,phases      ] GC(31)   ObjectSynchronizer Weak        Min:  0.0, Avg:  0.0, Max:  0.0, Diff:  0.0, Sum:  0.0, Workers: 4
[293.818s][debug][gc,phases      ] GC(31)     Dead                           Min: 0, Avg:  0.0, Max: 0, Diff: 0, Sum: 0, Workers: 4
[293.818s][debug][gc,phases      ] GC(31)     Total                          Min: 0, Avg: 20.5, Max: 64, Diff: 64, Sum: 82, Workers: 4
[293.818s][debug][gc,phases      ] GC(31)   JVMTI Tag Weak OopStorage      Min:  0.0, Avg:  0.0, Max:  0.0, Diff:  0.0, Sum:  0.0, Workers: 4
[293.818s][debug][gc,phases      ] GC(31)     Dead                           Min: 0, Avg:  0.0, Max: 0, Diff: 0, Sum: 0, Workers: 4
[293.818s][debug][gc,phases      ] GC(31)     Total                          Min: 0, Avg:  0.0, Max: 0, Diff: 0, Sum: 0, Workers: 4
[293.818s][debug][gc,phases      ] GC(31)   StringTable Weak               Min:  0.1, Avg:  0.1, Max:  0.1, Diff:  0.0, Sum:  0.4, Workers: 4
[293.818s][debug][gc,phases      ] GC(31)     Dead                           Min: 0, Avg:  0.0, Max: 0, Diff: 0, Sum: 0, Workers: 4
[293.818s][debug][gc,phases      ] GC(31)     Total                          Min: 9708, Avg: 12043.0, Max: 14976, Diff: 5268, Sum: 48172, Workers: 4
[293.818s][debug][gc,phases      ] GC(31)   ResolvedMethodTable Weak       Min:  0.0, Avg:  0.0, Max:  0.0, Diff:  0.0, Sum:  0.1, Workers: 4
[293.818s][debug][gc,phases      ] GC(31)     Dead                           Min: 0, Avg:  0.0, Max: 0, Diff: 0, Sum: 0, Workers: 4
[293.818s][debug][gc,phases      ] GC(31)     Total                          Min: 1600, Avg: 1993.0, Max: 2368, Diff: 768, Sum: 7972, Workers: 4
[293.818s][debug][gc,phases      ] GC(31)   JNI Weak                       Min:  0.0, Avg:  0.0, Max:  0.0, Diff:  0.0, Sum:  0.0, Workers: 4
[293.818s][debug][gc,phases      ] GC(31)     Dead                           Min: 0, Avg:  0.0, Max: 0, Diff: 0, Sum: 0, Workers: 4
[293.818s][debug][gc,phases      ] GC(31)     Total                          Min: 0, Avg:  0.0, Max: 0, Diff: 0, Sum: 0, Workers: 4
[293.818s][debug][gc,phases      ] GC(31)   StringDedup Table Weak         Min:  0.0, Avg:  0.0, Max:  0.0, Diff:  0.0, Sum:  0.0, Workers: 4
[293.818s][debug][gc,phases      ] GC(31)     Dead                           Min: 0, Avg:  0.0, Max: 0, Diff: 0, Sum: 0, Workers: 4
[293.818s][debug][gc,phases      ] GC(31)     Total                          Min: 0, Avg:  0.0, Max: 0, Diff: 0, Sum: 0, Workers: 4
[293.818s][debug][gc,phases      ] GC(31)   StringDedup Requests0 Weak     Min:  0.0, Avg:  0.0, Max:  0.0, Diff:  0.0, Sum:  0.0, Workers: 4
[293.818s][debug][gc,phases      ] GC(31)     Dead                           Min: 0, Avg:  0.0, Max: 0, Diff: 0, Sum: 0, Workers: 4
[293.818s][debug][gc,phases      ] GC(31)     Total                          Min: 0, Avg:  0.0, Max: 0, Diff: 0, Sum: 0, Workers: 4
[293.818s][debug][gc,phases      ] GC(31)   StringDedup Requests1 Weak     Min:  0.0, Avg:  0.0, Max:  0.0, Diff:  0.0, Sum:  0.0, Workers: 4
[293.818s][debug][gc,phases      ] GC(31)     Dead                           Min: 0, Avg:  0.0, Max: 0, Diff: 0, Sum: 0, Workers: 4
[293.818s][debug][gc,phases      ] GC(31)     Total                          Min: 0, Avg:  0.0, Max: 0, Diff: 0, Sum: 0, Workers: 4
[293.818s][debug][gc,phases      ] GC(31)   Weak JFR Old Object Samples    Min:  0.0, Avg:  0.0, Max:  0.0, Diff:  0.0, Sum:  0.0, Workers: 4
[293.818s][debug][gc,phases      ] GC(31)     Dead                           Min: 0, Avg:  0.0, Max: 0, Diff: 0, Sum: 0, Workers: 4
[293.818s][debug][gc,phases      ] GC(31)     Total                          Min: 0, Avg:  0.0, Max: 0, Diff: 0, Sum: 0, Workers: 4
[293.818s][debug][gc,phases      ] GC(31) Weak Processing 0.284ms
[293.818s][debug][gc,age         ] GC(31) Desired survivor size 359137280 bytes, new threshold 15 (max threshold 15)
[293.818s][info ][gc,heap        ] GC(31) PSYoungGen: 1429793K(1737728K)->58528K(1730560K) Eden: 1371136K(1371136K)->0K(1371136K) From: 58657K(366592K)->58528K(359424K)
[293.818s][info ][gc,heap        ] GC(31) ParOldGen: 220764K(275456K)->220796K(275456K)
[293.818s][info ][gc,metaspace   ] GC(31) Metaspace: 73575K(74368K)->73575K(74368K) NonClass: 63009K(63424K)->63009K(63424K) Class: 10565K(10944K)->10565K(10944K)
[293.818s][info ][gc             ] GC(31) Pause Young (Allocation Failure) 1611M->272M(1959M) 12.965ms
[293.818s][info ][gc,cpu         ] GC(31) User=0.05s Sys=0.00s Real=0.01s
[293.818s][info ][safepoint      ] Safepoint "ParallelGCFailedAllocation", Time since last: 1131877193 ns, Reaching safepoint: 100099 ns, At safepoint: 13041612 ns, Total: 13141711 ns
[295.818s][info ][safepoint      ] Safepoint "Cleanup", Time since last: 2000152495 ns, Reaching safepoint: 49400 ns, At safepoint: 2799 ns, Total: 52199 ns
[301.819s][info ][safepoint      ] Safepoint "Cleanup", Time since last: 6000410294 ns, Reaching safepoint: 39599 ns, At safepoint: 2800 ns, Total: 42399 ns
[305.819s][info ][safepoint      ] Safepoint "Cleanup", Time since last: 4000288551 ns, Reaching safepoint: 39599 ns, At safepoint: 2000 ns, Total: 41599 ns
[306.819s][info ][safepoint      ] Safepoint "Cleanup", Time since last: 1000073549 ns, Reaching safepoint: 34600 ns, At safepoint: 2500 ns, Total: 37100 ns
[307.702s][info ][gc,start       ] GC(32) Pause Young (Allocation Failure)
[307.715s][debug][gc,phases      ] GC(32) Scavenge 13.405ms
[307.715s][debug][gc,ref         ] GC(32) Skipped phase 1 of Reference Processing: no references
[307.715s][debug][gc,ref         ] GC(32) ReferenceProcessor::execute queues: 1, RefProcThreadModel::Single, marks_oops_alive: false
[307.715s][debug][gc,ref         ] GC(32) Skipped phase 3 of Reference Processing: no references
[307.715s][debug][gc,ref         ] GC(32) ReferenceProcessor::execute queues: 1, RefProcThreadModel::Single, marks_oops_alive: false
[307.715s][debug][gc,phases      ] GC(32) Reference Processing 0.104ms
[307.715s][debug][gc,phases      ] GC(32)   VM Weak                        Min:  0.0, Avg:  0.0, Max:  0.0, Diff:  0.0, Sum:  0.0, Workers: 4
[307.715s][debug][gc,phases      ] GC(32)     Dead                           Min: 0, Avg:  0.0, Max: 0, Diff: 0, Sum: 0, Workers: 4
[307.715s][debug][gc,phases      ] GC(32)     Total                          Min: 0, Avg: 160.2, Max: 321, Diff: 321, Sum: 641, Workers: 4
[307.715s][debug][gc,phases      ] GC(32)   ObjectSynchronizer Weak        Min:  0.0, Avg:  0.0, Max:  0.0, Diff:  0.0, Sum:  0.0, Workers: 4
[307.715s][debug][gc,phases      ] GC(32)     Dead                           Min: 0, Avg:  0.0, Max: 0, Diff: 0, Sum: 0, Workers: 4
[307.715s][debug][gc,phases      ] GC(32)     Total                          Min: 0, Avg: 20.5, Max: 64, Diff: 64, Sum: 82, Workers: 4
[307.715s][debug][gc,phases      ] GC(32)   JVMTI Tag Weak OopStorage      Min:  0.0, Avg:  0.0, Max:  0.0, Diff:  0.0, Sum:  0.0, Workers: 4
[307.715s][debug][gc,phases      ] GC(32)     Dead                           Min: 0, Avg:  0.0, Max: 0, Diff: 0, Sum: 0, Workers: 4
[307.715s][debug][gc,phases      ] GC(32)     Total                          Min: 0, Avg:  0.0, Max: 0, Diff: 0, Sum: 0, Workers: 4
[307.715s][debug][gc,phases      ] GC(32)   StringTable Weak               Min:  0.1, Avg:  0.1, Max:  0.1, Diff:  0.0, Sum:  0.4, Workers: 4
[307.715s][debug][gc,phases      ] GC(32)     Dead                           Min: 0, Avg:  0.0, Max: 0, Diff: 0, Sum: 0, Workers: 4
[307.715s][debug][gc,phases      ] GC(32)     Total                          Min: 9728, Avg: 12043.5, Max: 14144, Diff: 4416, Sum: 48174, Workers: 4
[307.715s][debug][gc,phases      ] GC(32)   ResolvedMethodTable Weak       Min:  0.0, Avg:  0.0, Max:  0.0, Diff:  0.0, Sum:  0.1, Workers: 4
[307.715s][debug][gc,phases      ] GC(32)     Dead                           Min: 0, Avg:  0.0, Max: 0, Diff: 0, Sum: 0, Workers: 4
[307.715s][debug][gc,phases      ] GC(32)     Total                          Min: 1572, Avg: 1993.0, Max: 2368, Diff: 796, Sum: 7972, Workers: 4
[307.715s][debug][gc,phases      ] GC(32)   JNI Weak                       Min:  0.0, Avg:  0.0, Max:  0.0, Diff:  0.0, Sum:  0.0, Workers: 4
[307.715s][debug][gc,phases      ] GC(32)     Dead                           Min: 0, Avg:  0.0, Max: 0, Diff: 0, Sum: 0, Workers: 4
[307.715s][debug][gc,phases      ] GC(32)     Total                          Min: 0, Avg:  0.0, Max: 0, Diff: 0, Sum: 0, Workers: 4
[307.715s][debug][gc,phases      ] GC(32)   StringDedup Table Weak         Min:  0.0, Avg:  0.0, Max:  0.0, Diff:  0.0, Sum:  0.0, Workers: 4
[307.715s][debug][gc,phases      ] GC(32)     Dead                           Min: 0, Avg:  0.0, Max: 0, Diff: 0, Sum: 0, Workers: 4
[307.715s][debug][gc,phases      ] GC(32)     Total                          Min: 0, Avg:  0.0, Max: 0, Diff: 0, Sum: 0, Workers: 4
[307.715s][debug][gc,phases      ] GC(32)   StringDedup Requests0 Weak     Min:  0.0, Avg:  0.0, Max:  0.0, Diff:  0.0, Sum:  0.0, Workers: 4
[307.715s][debug][gc,phases      ] GC(32)     Dead                           Min: 0, Avg:  0.0, Max: 0, Diff: 0, Sum: 0, Workers: 4
[307.715s][debug][gc,phases      ] GC(32)     Total                          Min: 0, Avg:  0.0, Max: 0, Diff: 0, Sum: 0, Workers: 4
[307.715s][debug][gc,phases      ] GC(32)   StringDedup Requests1 Weak     Min:  0.0, Avg:  0.0, Max:  0.0, Diff:  0.0, Sum:  0.0, Workers: 4
[307.715s][debug][gc,phases      ] GC(32)     Dead                           Min: 0, Avg:  0.0, Max: 0, Diff: 0, Sum: 0, Workers: 4
[307.715s][debug][gc,phases      ] GC(32)     Total                          Min: 0, Avg:  0.0, Max: 0, Diff: 0, Sum: 0, Workers: 4
[307.715s][debug][gc,phases      ] GC(32)   Weak JFR Old Object Samples    Min:  0.0, Avg:  0.0, Max:  0.0, Diff:  0.0, Sum:  0.0, Workers: 4
[307.715s][debug][gc,phases      ] GC(32)     Dead                           Min: 0, Avg:  0.0, Max: 0, Diff: 0, Sum: 0, Workers: 4
[307.715s][debug][gc,phases      ] GC(32)     Total                          Min: 0, Avg:  0.0, Max: 0, Diff: 0, Sum: 0, Workers: 4
[307.715s][debug][gc,phases      ] GC(32) Weak Processing 0.262ms
[307.715s][debug][gc,age         ] GC(32) Desired survivor size 350224384 bytes, new threshold 15 (max threshold 15)
[307.715s][info ][gc,heap        ] GC(32) PSYoungGen: 1429664K(1730560K)->52448K(1755136K) Eden: 1371136K(1371136K)->0K(1404416K) From: 58528K(359424K)->52448K(350720K)
[307.715s][info ][gc,heap        ] GC(32) ParOldGen: 220796K(275456K)->227188K(275456K)
[307.715s][info ][gc,metaspace   ] GC(32) Metaspace: 73578K(74368K)->73578K(74368K) NonClass: 63012K(63424K)->63012K(63424K) Class: 10565K(10944K)->10565K(10944K)
[307.715s][info ][gc             ] GC(32) Pause Young (Allocation Failure) 1611M->273M(1983M) 13.887ms
[307.715s][info ][gc,cpu         ] GC(32) User=0.05s Sys=0.00s Real=0.01s
[307.716s][info ][safepoint      ] Safepoint "ParallelGCFailedAllocation", Time since last: 882457046 ns, Reaching safepoint: 26000 ns, At safepoint: 13982406 ns, Total: 14008406 ns
[308.716s][info ][safepoint      ] Safepoint "Cleanup", Time since last: 1000083956 ns, Reaching safepoint: 36700 ns, At safepoint: 2800 ns, Total: 39500 ns
[309.716s][info ][safepoint      ] Safepoint "Cleanup", Time since last: 1000092861 ns, Reaching safepoint: 36000 ns, At safepoint: 2300 ns, Total: 38300 ns
[310.716s][info ][safepoint      ] Safepoint "Cleanup", Time since last: 1000094466 ns, Reaching safepoint: 113799 ns, At safepoint: 10300 ns, Total: 124099 ns
[311.716s][info ][safepoint      ] Safepoint "Cleanup", Time since last: 1000102969 ns, Reaching safepoint: 45700 ns, At safepoint: 5600 ns, Total: 51300 ns
[312.716s][info ][safepoint      ] Safepoint "Cleanup", Time since last: 1000102474 ns, Reaching safepoint: 41200 ns, At safepoint: 7400 ns, Total: 48600 ns
[313.716s][info ][safepoint      ] Safepoint "Cleanup", Time since last: 1000098178 ns, Reaching safepoint: 41900 ns, At safepoint: 6000 ns, Total: 47900 ns
[316.717s][info ][safepoint      ] Safepoint "Cleanup", Time since last: 3000225962 ns, Reaching safepoint: 43099 ns, At safepoint: 3000 ns, Total: 46099 ns
[317.717s][info ][safepoint      ] Safepoint "Cleanup", Time since last: 1000076596 ns, Reaching safepoint: 37400 ns, At safepoint: 3200 ns, Total: 40600 ns
[318.717s][info ][safepoint      ] Safepoint "Cleanup", Time since last: 1000106100 ns, Reaching safepoint: 42100 ns, At safepoint: 2000 ns, Total: 44100 ns
[320.717s][info ][safepoint      ] Safepoint "Cleanup", Time since last: 2000167413 ns, Reaching safepoint: 45699 ns, At safepoint: 7000 ns, Total: 52699 ns
[321.701s][info ][gc,start       ] GC(33) Pause Young (Allocation Failure)
[321.714s][debug][gc,phases      ] GC(33) Scavenge 13.187ms
[321.714s][debug][gc,ref         ] GC(33) Skipped phase 1 of Reference Processing: no references
[321.715s][debug][gc,ref         ] GC(33) ReferenceProcessor::execute queues: 1, RefProcThreadModel::Single, marks_oops_alive: false
[321.715s][debug][gc,ref         ] GC(33) Skipped phase 3 of Reference Processing: no references
[321.715s][debug][gc,ref         ] GC(33) ReferenceProcessor::execute queues: 1, RefProcThreadModel::Single, marks_oops_alive: false
[321.715s][debug][gc,phases      ] GC(33) Reference Processing 0.119ms
[321.715s][debug][gc,phases      ] GC(33)   VM Weak                        Min:  0.0, Avg:  0.0, Max:  0.0, Diff:  0.0, Sum:  0.0, Workers: 4
[321.715s][debug][gc,phases      ] GC(33)     Dead                           Min: 0, Avg:  0.0, Max: 0, Diff: 0, Sum: 0, Workers: 4
[321.715s][debug][gc,phases      ] GC(33)     Total                          Min: 0, Avg: 160.5, Max: 640, Diff: 640, Sum: 642, Workers: 4
[321.715s][debug][gc,phases      ] GC(33)   ObjectSynchronizer Weak        Min:  0.0, Avg:  0.0, Max:  0.0, Diff:  0.0, Sum:  0.0, Workers: 4
[321.715s][debug][gc,phases      ] GC(33)     Dead                           Min: 0, Avg:  0.0, Max: 0, Diff: 0, Sum: 0, Workers: 4
[321.715s][debug][gc,phases      ] GC(33)     Total                          Min: 0, Avg: 20.5, Max: 64, Diff: 64, Sum: 82, Workers: 4
[321.715s][debug][gc,phases      ] GC(33)   JVMTI Tag Weak OopStorage      Min:  0.0, Avg:  0.0, Max:  0.0, Diff:  0.0, Sum:  0.0, Workers: 4
[321.715s][debug][gc,phases      ] GC(33)     Dead                           Min: 0, Avg:  0.0, Max: 0, Diff: 0, Sum: 0, Workers: 4
[321.715s][debug][gc,phases      ] GC(33)     Total                          Min: 0, Avg:  0.0, Max: 0, Diff: 0, Sum: 0, Workers: 4
[321.715s][debug][gc,phases      ] GC(33)   StringTable Weak               Min:  0.1, Avg:  0.1, Max:  0.1, Diff:  0.0, Sum:  0.4, Workers: 4
[321.715s][debug][gc,phases      ] GC(33)     Dead                           Min: 0, Avg:  0.5, Max: 2, Diff: 2, Sum: 2, Workers: 4
[321.715s][debug][gc,phases      ] GC(33)     Total                          Min: 9472, Avg: 12048.8, Max: 15555, Diff: 6083, Sum: 48195, Workers: 4
[321.715s][debug][gc,phases      ] GC(33)   ResolvedMethodTable Weak       Min:  0.0, Avg:  0.0, Max:  0.0, Diff:  0.0, Sum:  0.1, Workers: 4
[321.715s][debug][gc,phases      ] GC(33)     Dead                           Min: 0, Avg:  0.0, Max: 0, Diff: 0, Sum: 0, Workers: 4
[321.715s][debug][gc,phases      ] GC(33)     Total                          Min: 1536, Avg: 1997.5, Max: 2550, Diff: 1014, Sum: 7990, Workers: 4
[321.715s][debug][gc,phases      ] GC(33)   JNI Weak                       Min:  0.0, Avg:  0.0, Max:  0.0, Diff:  0.0, Sum:  0.0, Workers: 4
[321.715s][debug][gc,phases      ] GC(33)     Dead                           Min: 0, Avg:  0.0, Max: 0, Diff: 0, Sum: 0, Workers: 4
[321.715s][debug][gc,phases      ] GC(33)     Total                          Min: 0, Avg:  0.0, Max: 0, Diff: 0, Sum: 0, Workers: 4
[321.715s][debug][gc,phases      ] GC(33)   StringDedup Table Weak         Min:  0.0, Avg:  0.0, Max:  0.0, Diff:  0.0, Sum:  0.0, Workers: 4
[321.715s][debug][gc,phases      ] GC(33)     Dead                           Min: 0, Avg:  0.0, Max: 0, Diff: 0, Sum: 0, Workers: 4
[321.715s][debug][gc,phases      ] GC(33)     Total                          Min: 0, Avg:  0.0, Max: 0, Diff: 0, Sum: 0, Workers: 4
[321.715s][debug][gc,phases      ] GC(33)   StringDedup Requests0 Weak     Min:  0.0, Avg:  0.0, Max:  0.0, Diff:  0.0, Sum:  0.0, Workers: 4
[321.715s][debug][gc,phases      ] GC(33)     Dead                           Min: 0, Avg:  0.0, Max: 0, Diff: 0, Sum: 0, Workers: 4
[321.715s][debug][gc,phases      ] GC(33)     Total                          Min: 0, Avg:  0.0, Max: 0, Diff: 0, Sum: 0, Workers: 4
[321.715s][debug][gc,phases      ] GC(33)   StringDedup Requests1 Weak     Min:  0.0, Avg:  0.0, Max:  0.0, Diff:  0.0, Sum:  0.0, Workers: 4
[321.715s][debug][gc,phases      ] GC(33)     Dead                           Min: 0, Avg:  0.0, Max: 0, Diff: 0, Sum: 0, Workers: 4
[321.715s][debug][gc,phases      ] GC(33)     Total                          Min: 0, Avg:  0.0, Max: 0, Diff: 0, Sum: 0, Workers: 4
[321.715s][debug][gc,phases      ] GC(33)   Weak JFR Old Object Samples    Min:  0.0, Avg:  0.0, Max:  0.0, Diff:  0.0, Sum:  0.0, Workers: 4
[321.715s][debug][gc,phases      ] GC(33)     Dead                           Min: 0, Avg:  0.0, Max: 0, Diff: 0, Sum: 0, Workers: 4
[321.715s][debug][gc,phases      ] GC(33)     Total                          Min: 0, Avg:  0.0, Max: 0, Diff: 0, Sum: 0, Workers: 4
[321.715s][debug][gc,phases      ] GC(33) Weak Processing 0.277ms
[321.715s][debug][gc,age         ] GC(33) Desired survivor size 340262912 bytes, new threshold 15 (max threshold 15)
[321.715s][info ][gc,heap        ] GC(33) PSYoungGen: 1456864K(1755136K)->47776K(1746432K) Eden: 1404416K(1404416K)->0K(1404416K) From: 52448K(350720K)->47776K(342016K)
[321.715s][info ][gc,heap        ] GC(33) ParOldGen: 227188K(275456K)->232149K(275456K)
[321.715s][info ][gc,metaspace   ] GC(33) Metaspace: 73664K(74496K)->73664K(74496K) NonClass: 63089K(63552K)->63089K(63552K) Class: 10574K(10944K)->10574K(10944K)
[321.715s][info ][gc             ] GC(33) Pause Young (Allocation Failure) 1644M->273M(1974M) 13.693ms
[321.715s][info ][gc,cpu         ] GC(33) User=0.06s Sys=0.00s Real=0.01s
[321.715s][info ][safepoint      ] Safepoint "ParallelGCFailedAllocation", Time since last: 983834122 ns, Reaching safepoint: 119299 ns, At safepoint: 13763208 ns, Total: 13882507 ns
[322.715s][info ][safepoint      ] Safepoint "Cleanup", Time since last: 1000085317 ns, Reaching safepoint: 49300 ns, At safepoint: 2600 ns, Total: 51900 ns
[324.715s][info ][safepoint      ] Safepoint "Cleanup", Time since last: 2000126647 ns, Reaching safepoint: 38300 ns, At safepoint: 2200 ns, Total: 40500 ns
[325.715s][info ][safepoint      ] Safepoint "Cleanup", Time since last: 1000053530 ns, Reaching safepoint: 43699 ns, At safepoint: 6500 ns, Total: 50199 ns
[326.715s][info ][safepoint      ] Safepoint "Cleanup", Time since last: 1000103334 ns, Reaching safepoint: 42500 ns, At safepoint: 4200 ns, Total: 46700 ns
[327.716s][info ][safepoint      ] Safepoint "Cleanup", Time since last: 1000069638 ns, Reaching safepoint: 38700 ns, At safepoint: 4000 ns, Total: 42700 ns
[331.716s][info ][safepoint      ] Safepoint "Cleanup", Time since last: 4000294195 ns, Reaching safepoint: 40800 ns, At safepoint: 5800 ns, Total: 46600 ns
[336.302s][info ][gc,start       ] GC(34) Pause Young (Allocation Failure)
[336.313s][debug][gc,phases      ] GC(34) Scavenge 11.573ms
[336.313s][debug][gc,ref         ] GC(34) Skipped phase 1 of Reference Processing: no references
[336.313s][debug][gc,ref         ] GC(34) ReferenceProcessor::execute queues: 1, RefProcThreadModel::Single, marks_oops_alive: false
[336.313s][debug][gc,ref         ] GC(34) Skipped phase 3 of Reference Processing: no references
[336.313s][debug][gc,ref         ] GC(34) ReferenceProcessor::execute queues: 1, RefProcThreadModel::Single, marks_oops_alive: false
[336.313s][debug][gc,phases      ] GC(34) Reference Processing 0.096ms
[336.314s][debug][gc,phases      ] GC(34)   VM Weak                        Min:  0.0, Avg:  0.0, Max:  0.0, Diff:  0.0, Sum:  0.0, Workers: 4
[336.314s][debug][gc,phases      ] GC(34)     Dead                           Min: 0, Avg:  0.0, Max: 0, Diff: 0, Sum: 0, Workers: 4
[336.314s][debug][gc,phases      ] GC(34)     Total                          Min: 0, Avg: 160.5, Max: 576, Diff: 576, Sum: 642, Workers: 4
[336.314s][debug][gc,phases      ] GC(34)   ObjectSynchronizer Weak        Min:  0.0, Avg:  0.0, Max:  0.0, Diff:  0.0, Sum:  0.0, Workers: 4
[336.314s][debug][gc,phases      ] GC(34)     Dead                           Min: 0, Avg:  0.0, Max: 0, Diff: 0, Sum: 0, Workers: 4
[336.314s][debug][gc,phases      ] GC(34)     Total                          Min: 0, Avg: 20.5, Max: 64, Diff: 64, Sum: 82, Workers: 4
[336.314s][debug][gc,phases      ] GC(34)   JVMTI Tag Weak OopStorage      Min:  0.0, Avg:  0.0, Max:  0.0, Diff:  0.0, Sum:  0.0, Workers: 4
[336.314s][debug][gc,phases      ] GC(34)     Dead                           Min: 0, Avg:  0.0, Max: 0, Diff: 0, Sum: 0, Workers: 4
[336.314s][debug][gc,phases      ] GC(34)     Total                          Min: 0, Avg:  0.0, Max: 0, Diff: 0, Sum: 0, Workers: 4
[336.314s][debug][gc,phases      ] GC(34)   StringTable Weak               Min:  0.1, Avg:  0.1, Max:  0.1, Diff:  0.0, Sum:  0.4, Workers: 4
[336.314s][debug][gc,phases      ] GC(34)     Dead                           Min: 0, Avg:  0.0, Max: 0, Diff: 0, Sum: 0, Workers: 4
[336.314s][debug][gc,phases      ] GC(34)     Total                          Min: 9728, Avg: 12048.8, Max: 14912, Diff: 5184, Sum: 48195, Workers: 4
[336.314s][debug][gc,phases      ] GC(34)   ResolvedMethodTable Weak       Min:  0.0, Avg:  0.0, Max:  0.0, Diff:  0.0, Sum:  0.1, Workers: 4
[336.314s][debug][gc,phases      ] GC(34)     Dead                           Min: 0, Avg:  0.0, Max: 0, Diff: 0, Sum: 0, Workers: 4
[336.314s][debug][gc,phases      ] GC(34)     Total                          Min: 1536, Avg: 1997.5, Max: 2432, Diff: 896, Sum: 7990, Workers: 4
[336.314s][debug][gc,phases      ] GC(34)   JNI Weak                       Min:  0.0, Avg:  0.0, Max:  0.0, Diff:  0.0, Sum:  0.0, Workers: 4
[336.314s][debug][gc,phases      ] GC(34)     Dead                           Min: 0, Avg:  0.0, Max: 0, Diff: 0, Sum: 0, Workers: 4
[336.314s][debug][gc,phases      ] GC(34)     Total                          Min: 0, Avg:  0.0, Max: 0, Diff: 0, Sum: 0, Workers: 4
[336.314s][debug][gc,phases      ] GC(34)   StringDedup Table Weak         Min:  0.0, Avg:  0.0, Max:  0.0, Diff:  0.0, Sum:  0.0, Workers: 4
[336.314s][debug][gc,phases      ] GC(34)     Dead                           Min: 0, Avg:  0.0, Max: 0, Diff: 0, Sum: 0, Workers: 4
[336.314s][debug][gc,phases      ] GC(34)     Total                          Min: 0, Avg:  0.0, Max: 0, Diff: 0, Sum: 0, Workers: 4
[336.314s][debug][gc,phases      ] GC(34)   StringDedup Requests0 Weak     Min:  0.0, Avg:  0.0, Max:  0.0, Diff:  0.0, Sum:  0.0, Workers: 4
[336.314s][debug][gc,phases      ] GC(34)     Dead                           Min: 0, Avg:  0.0, Max: 0, Diff: 0, Sum: 0, Workers: 4
[336.314s][debug][gc,phases      ] GC(34)     Total                          Min: 0, Avg:  0.0, Max: 0, Diff: 0, Sum: 0, Workers: 4
[336.314s][debug][gc,phases      ] GC(34)   StringDedup Requests1 Weak     Min:  0.0, Avg:  0.0, Max:  0.0, Diff:  0.0, Sum:  0.0, Workers: 4
[336.314s][debug][gc,phases      ] GC(34)     Dead                           Min: 0, Avg:  0.0, Max: 0, Diff: 0, Sum: 0, Workers: 4
[336.314s][debug][gc,phases      ] GC(34)     Total                          Min: 0, Avg:  0.0, Max: 0, Diff: 0, Sum: 0, Workers: 4
[336.314s][debug][gc,phases      ] GC(34)   Weak JFR Old Object Samples    Min:  0.0, Avg:  0.0, Max:  0.0, Diff:  0.0, Sum:  0.0, Workers: 4
[336.314s][debug][gc,phases      ] GC(34)     Dead                           Min: 0, Avg:  0.0, Max: 0, Diff: 0, Sum: 0, Workers: 4
[336.314s][debug][gc,phases      ] GC(34)     Total                          Min: 0, Avg:  0.0, Max: 0, Diff: 0, Sum: 0, Workers: 4
[336.314s][debug][gc,phases      ] GC(34) Weak Processing 0.262ms
[336.314s][debug][gc,age         ] GC(34) Desired survivor size 329777152 bytes, new threshold 15 (max threshold 15)
[336.314s][info ][gc,heap        ] GC(34) PSYoungGen: 1452192K(1746432K)->47696K(1775104K) Eden: 1404416K(1404416K)->0K(1442816K) From: 47776K(342016K)->47696K(332288K)
[336.314s][info ][gc,heap        ] GC(34) ParOldGen: 232149K(275456K)->232357K(275456K)
[336.314s][info ][gc,metaspace   ] GC(34) Metaspace: 73699K(74560K)->73699K(74560K) NonClass: 63125K(63616K)->63125K(63616K) Class: 10574K(10944K)->10574K(10944K)
[336.314s][info ][gc             ] GC(34) Pause Young (Allocation Failure) 1644M->273M(2002M) 12.038ms
[336.314s][info ][gc,cpu         ] GC(34) User=0.05s Sys=0.00s Real=0.01s
[336.314s][info ][safepoint      ] Safepoint "ParallelGCFailedAllocation", Time since last: 4585727384 ns, Reaching safepoint: 39600 ns, At safepoint: 12109620 ns, Total: 12149220 ns
[338.314s][info ][safepoint      ] Safepoint "Cleanup", Time since last: 2000150360 ns, Reaching safepoint: 45300 ns, At safepoint: 5200 ns, Total: 50500 ns
[340.314s][info ][safepoint      ] Safepoint "Cleanup", Time since last: 2000156977 ns, Reaching safepoint: 44800 ns, At safepoint: 1900 ns, Total: 46700 ns
[346.315s][info ][safepoint      ] Safepoint "Cleanup", Time since last: 6000423730 ns, Reaching safepoint: 39700 ns, At safepoint: 4100 ns, Total: 43800 ns
[347.315s][info ][safepoint      ] Safepoint "Cleanup", Time since last: 1000101119 ns, Reaching safepoint: 46399 ns, At safepoint: 5300 ns, Total: 51699 ns
[350.315s][info ][safepoint      ] Safepoint "Cleanup", Time since last: 3000229482 ns, Reaching safepoint: 42900 ns, At safepoint: 4900 ns, Total: 47800 ns
[351.254s][info ][gc,start       ] GC(35) Pause Young (Allocation Failure)
[351.265s][debug][gc,phases      ] GC(35) Scavenge 11.197ms
[351.265s][debug][gc,ref         ] GC(35) Skipped phase 1 of Reference Processing: no references
[351.265s][debug][gc,ref         ] GC(35) ReferenceProcessor::execute queues: 1, RefProcThreadModel::Single, marks_oops_alive: false
[351.265s][debug][gc,ref         ] GC(35) Skipped phase 3 of Reference Processing: no references
[351.265s][debug][gc,ref         ] GC(35) ReferenceProcessor::execute queues: 1, RefProcThreadModel::Single, marks_oops_alive: false
[351.265s][debug][gc,phases      ] GC(35) Reference Processing 0.088ms
[351.265s][debug][gc,phases      ] GC(35)   VM Weak                        Min:  0.0, Avg:  0.0, Max:  0.0, Diff:  0.0, Sum:  0.0, Workers: 4
[351.265s][debug][gc,phases      ] GC(35)     Dead                           Min: 0, Avg:  0.0, Max: 0, Diff: 0, Sum: 0, Workers: 4
[351.265s][debug][gc,phases      ] GC(35)     Total                          Min: 0, Avg: 160.5, Max: 448, Diff: 448, Sum: 642, Workers: 4
[351.265s][debug][gc,phases      ] GC(35)   ObjectSynchronizer Weak        Min:  0.0, Avg:  0.0, Max:  0.0, Diff:  0.0, Sum:  0.0, Workers: 4
[351.265s][debug][gc,phases      ] GC(35)     Dead                           Min: 0, Avg:  0.0, Max: 0, Diff: 0, Sum: 0, Workers: 4
[351.265s][debug][gc,phases      ] GC(35)     Total                          Min: 0, Avg: 20.5, Max: 64, Diff: 64, Sum: 82, Workers: 4
[351.265s][debug][gc,phases      ] GC(35)   JVMTI Tag Weak OopStorage      Min:  0.0, Avg:  0.0, Max:  0.0, Diff:  0.0, Sum:  0.0, Workers: 4
[351.265s][debug][gc,phases      ] GC(35)     Dead                           Min: 0, Avg:  0.0, Max: 0, Diff: 0, Sum: 0, Workers: 4
[351.265s][debug][gc,phases      ] GC(35)     Total                          Min: 0, Avg:  0.0, Max: 0, Diff: 0, Sum: 0, Workers: 4
[351.265s][debug][gc,phases      ] GC(35)   StringTable Weak               Min:  0.1, Avg:  0.1, Max:  0.1, Diff:  0.0, Sum:  0.4, Workers: 4
[351.265s][debug][gc,phases      ] GC(35)     Dead                           Min: 0, Avg:  0.0, Max: 0, Diff: 0, Sum: 0, Workers: 4
[351.265s][debug][gc,phases      ] GC(35)     Total                          Min: 9664, Avg: 12052.5, Max: 14528, Diff: 4864, Sum: 48210, Workers: 4
[351.265s][debug][gc,phases      ] GC(35)   ResolvedMethodTable Weak       Min:  0.0, Avg:  0.0, Max:  0.0, Diff:  0.0, Sum:  0.1, Workers: 4
[351.265s][debug][gc,phases      ] GC(35)     Dead                           Min: 0, Avg:  0.0, Max: 0, Diff: 0, Sum: 0, Workers: 4
[351.265s][debug][gc,phases      ] GC(35)     Total                          Min: 1590, Avg: 1997.5, Max: 2432, Diff: 842, Sum: 7990, Workers: 4
[351.265s][debug][gc,phases      ] GC(35)   JNI Weak                       Min:  0.0, Avg:  0.0, Max:  0.0, Diff:  0.0, Sum:  0.0, Workers: 4
[351.265s][debug][gc,phases      ] GC(35)     Dead                           Min: 0, Avg:  0.0, Max: 0, Diff: 0, Sum: 0, Workers: 4
[351.265s][debug][gc,phases      ] GC(35)     Total                          Min: 0, Avg:  0.0, Max: 0, Diff: 0, Sum: 0, Workers: 4
[351.265s][debug][gc,phases      ] GC(35)   StringDedup Table Weak         Min:  0.0, Avg:  0.0, Max:  0.0, Diff:  0.0, Sum:  0.0, Workers: 4
[351.265s][debug][gc,phases      ] GC(35)     Dead                           Min: 0, Avg:  0.0, Max: 0, Diff: 0, Sum: 0, Workers: 4
[351.265s][debug][gc,phases      ] GC(35)     Total                          Min: 0, Avg:  0.0, Max: 0, Diff: 0, Sum: 0, Workers: 4
[351.265s][debug][gc,phases      ] GC(35)   StringDedup Requests0 Weak     Min:  0.0, Avg:  0.0, Max:  0.0, Diff:  0.0, Sum:  0.0, Workers: 4
[351.265s][debug][gc,phases      ] GC(35)     Dead                           Min: 0, Avg:  0.0, Max: 0, Diff: 0, Sum: 0, Workers: 4
[351.265s][debug][gc,phases      ] GC(35)     Total                          Min: 0, Avg:  0.0, Max: 0, Diff: 0, Sum: 0, Workers: 4
[351.265s][debug][gc,phases      ] GC(35)   StringDedup Requests1 Weak     Min:  0.0, Avg:  0.0, Max:  0.0, Diff:  0.0, Sum:  0.0, Workers: 4
[351.265s][debug][gc,phases      ] GC(35)     Dead                           Min: 0, Avg:  0.0, Max: 0, Diff: 0, Sum: 0, Workers: 4
[351.265s][debug][gc,phases      ] GC(35)     Total                          Min: 0, Avg:  0.0, Max: 0, Diff: 0, Sum: 0, Workers: 4
[351.265s][debug][gc,phases      ] GC(35)   Weak JFR Old Object Samples    Min:  0.0, Avg:  0.0, Max:  0.0, Diff:  0.0, Sum:  0.0, Workers: 4
[351.265s][debug][gc,phases      ] GC(35)     Dead                           Min: 0, Avg:  0.0, Max: 0, Diff: 0, Sum: 0, Workers: 4
[351.265s][debug][gc,phases      ] GC(35)     Total                          Min: 0, Avg:  0.0, Max: 0, Diff: 0, Sum: 0, Workers: 4
[351.265s][debug][gc,phases      ] GC(35) Weak Processing 0.260ms
[351.265s][debug][gc,age         ] GC(35) Desired survivor size 318242816 bytes, new threshold 15 (max threshold 15)
[351.265s][info ][gc,heap        ] GC(35) PSYoungGen: 1490512K(1775104K)->47648K(1764864K) Eden: 1442816K(1442816K)->0K(1442816K) From: 47696K(332288K)->47648K(322048K)
[351.265s][info ][gc,heap        ] GC(35) ParOldGen: 232357K(275456K)->232405K(275456K)
[351.265s][info ][gc,metaspace   ] GC(35) Metaspace: 73705K(74560K)->73705K(74560K) NonClass: 63130K(63616K)->63130K(63616K) Class: 10575K(10944K)->10575K(10944K)
[351.265s][info ][gc             ] GC(35) Pause Young (Allocation Failure) 1682M->273M(1992M) 11.665ms
[351.265s][info ][gc,cpu         ] GC(35) User=0.04s Sys=0.00s Real=0.01s
[351.265s][info ][safepoint      ] Safepoint "ParallelGCFailedAllocation", Time since last: 938504439 ns, Reaching safepoint: 96300 ns, At safepoint: 11740623 ns, Total: 11836923 ns
[354.266s][info ][safepoint      ] Safepoint "Cleanup", Time since last: 3000214729 ns, Reaching safepoint: 41000 ns, At safepoint: 2100 ns, Total: 43100 ns
[355.266s][info ][safepoint      ] Safepoint "Cleanup", Time since last: 1000060951 ns, Reaching safepoint: 45100 ns, At safepoint: 6700 ns, Total: 51800 ns
[357.266s][info ][safepoint      ] Safepoint "Cleanup", Time since last: 2000166914 ns, Reaching safepoint: 43800 ns, At safepoint: 2200 ns, Total: 46000 ns
[360.266s][info ][safepoint      ] Safepoint "Cleanup", Time since last: 3000220101 ns, Reaching safepoint: 63399 ns, At safepoint: 8800 ns, Total: 72199 ns
[363.267s][info ][safepoint      ] Safepoint "Cleanup", Time since last: 3000208237 ns, Reaching safepoint: 30100 ns, At safepoint: 4600 ns, Total: 34700 ns
[365.401s][info ][gc,start       ] GC(36) Pause Young (Allocation Failure)
[365.405s][debug][gc,phases      ] GC(36) Scavenge 3.867ms
[365.405s][debug][gc,ref         ] GC(36) Skipped phase 1 of Reference Processing: no references
[365.405s][debug][gc,ref         ] GC(36) ReferenceProcessor::execute queues: 1, RefProcThreadModel::Single, marks_oops_alive: false
[365.405s][debug][gc,ref         ] GC(36) Skipped phase 3 of Reference Processing: no references
[365.405s][debug][gc,ref         ] GC(36) ReferenceProcessor::execute queues: 1, RefProcThreadModel::Single, marks_oops_alive: false
[365.405s][debug][gc,phases      ] GC(36) Reference Processing 0.086ms
[365.405s][debug][gc,phases      ] GC(36)   VM Weak                        Min:  0.0, Avg:  0.0, Max:  0.0, Diff:  0.0, Sum:  0.0, Workers: 4
[365.405s][debug][gc,phases      ] GC(36)     Dead                           Min: 0, Avg:  0.0, Max: 0, Diff: 0, Sum: 0, Workers: 4
[365.405s][debug][gc,phases      ] GC(36)     Total                          Min: 0, Avg: 160.5, Max: 386, Diff: 386, Sum: 642, Workers: 4
[365.405s][debug][gc,phases      ] GC(36)   ObjectSynchronizer Weak        Min:  0.0, Avg:  0.0, Max:  0.0, Diff:  0.0, Sum:  0.0, Workers: 4
[365.405s][debug][gc,phases      ] GC(36)     Dead                           Min: 0, Avg:  0.0, Max: 0, Diff: 0, Sum: 0, Workers: 4
[365.405s][debug][gc,phases      ] GC(36)     Total                          Min: 0, Avg: 20.5, Max: 64, Diff: 64, Sum: 82, Workers: 4
[365.405s][debug][gc,phases      ] GC(36)   JVMTI Tag Weak OopStorage      Min:  0.0, Avg:  0.0, Max:  0.0, Diff:  0.0, Sum:  0.0, Workers: 4
[365.405s][debug][gc,phases      ] GC(36)     Dead                           Min: 0, Avg:  0.0, Max: 0, Diff: 0, Sum: 0, Workers: 4
[365.405s][debug][gc,phases      ] GC(36)     Total                          Min: 0, Avg:  0.0, Max: 0, Diff: 0, Sum: 0, Workers: 4
[365.405s][debug][gc,phases      ] GC(36)   StringTable Weak               Min:  0.1, Avg:  0.1, Max:  0.1, Diff:  0.0, Sum:  0.3, Workers: 4
[365.405s][debug][gc,phases      ] GC(36)     Dead                           Min: 0, Avg:  0.0, Max: 0, Diff: 0, Sum: 0, Workers: 4
[365.405s][debug][gc,phases      ] GC(36)     Total                          Min: 11648, Avg: 12052.5, Max: 12416, Diff: 768, Sum: 48210, Workers: 4
[365.405s][debug][gc,phases      ] GC(36)   ResolvedMethodTable Weak       Min:  0.0, Avg:  0.0, Max:  0.0, Diff:  0.0, Sum:  0.1, Workers: 4
[365.405s][debug][gc,phases      ] GC(36)     Dead                           Min: 0, Avg:  0.0, Max: 0, Diff: 0, Sum: 0, Workers: 4
[365.405s][debug][gc,phases      ] GC(36)     Total                          Min: 1856, Avg: 1997.5, Max: 2176, Diff: 320, Sum: 7990, Workers: 4
[365.405s][debug][gc,phases      ] GC(36)   JNI Weak                       Min:  0.0, Avg:  0.0, Max:  0.0, Diff:  0.0, Sum:  0.0, Workers: 4
[365.405s][debug][gc,phases      ] GC(36)     Dead                           Min: 0, Avg:  0.0, Max: 0, Diff: 0, Sum: 0, Workers: 4
[365.405s][debug][gc,phases      ] GC(36)     Total                          Min: 0, Avg:  0.0, Max: 0, Diff: 0, Sum: 0, Workers: 4
[365.405s][debug][gc,phases      ] GC(36)   StringDedup Table Weak         Min:  0.0, Avg:  0.0, Max:  0.0, Diff:  0.0, Sum:  0.0, Workers: 4
[365.405s][debug][gc,phases      ] GC(36)     Dead                           Min: 0, Avg:  0.0, Max: 0, Diff: 0, Sum: 0, Workers: 4
[365.405s][debug][gc,phases      ] GC(36)     Total                          Min: 0, Avg:  0.0, Max: 0, Diff: 0, Sum: 0, Workers: 4
[365.405s][debug][gc,phases      ] GC(36)   StringDedup Requests0 Weak     Min:  0.0, Avg:  0.0, Max:  0.0, Diff:  0.0, Sum:  0.0, Workers: 4
[365.405s][debug][gc,phases      ] GC(36)     Dead                           Min: 0, Avg:  0.0, Max: 0, Diff: 0, Sum: 0, Workers: 4
[365.405s][debug][gc,phases      ] GC(36)     Total                          Min: 0, Avg:  0.0, Max: 0, Diff: 0, Sum: 0, Workers: 4
[365.405s][debug][gc,phases      ] GC(36)   StringDedup Requests1 Weak     Min:  0.0, Avg:  0.0, Max:  0.0, Diff:  0.0, Sum:  0.0, Workers: 4
[365.405s][debug][gc,phases      ] GC(36)     Dead                           Min: 0, Avg:  0.0, Max: 0, Diff: 0, Sum: 0, Workers: 4
[365.405s][debug][gc,phases      ] GC(36)     Total                          Min: 0, Avg:  0.0, Max: 0, Diff: 0, Sum: 0, Workers: 4
[365.405s][debug][gc,phases      ] GC(36)   Weak JFR Old Object Samples    Min:  0.0, Avg:  0.0, Max:  0.0, Diff:  0.0, Sum:  0.0, Workers: 4
[365.405s][debug][gc,phases      ] GC(36)     Dead                           Min: 0, Avg:  0.0, Max: 0, Diff: 0, Sum: 0, Workers: 4
[365.405s][debug][gc,phases      ] GC(36)     Total                          Min: 0, Avg:  0.0, Max: 0, Diff: 0, Sum: 0, Workers: 4
[365.405s][debug][gc,phases      ] GC(36) Weak Processing 0.246ms
[365.405s][debug][gc,age         ] GC(36) Desired survivor size 313524224 bytes, new threshold 15 (max threshold 15)
[365.405s][info ][gc,heap        ] GC(36) PSYoungGen: 1490464K(1764864K)->6128K(1790976K) Eden: 1442816K(1442816K)->0K(1480192K) From: 47648K(322048K)->6128K(310784K)
[365.405s][info ][gc,heap        ] GC(36) ParOldGen: 232405K(275456K)->232469K(275456K)
[365.405s][info ][gc,metaspace   ] GC(36) Metaspace: 73708K(74560K)->73708K(74560K) NonClass: 63133K(63616K)->63133K(63616K) Class: 10575K(10944K)->10575K(10944K)
[365.405s][info ][gc             ] GC(36) Pause Young (Allocation Failure) 1682M->233M(2018M) 4.294ms
[365.405s][info ][gc,cpu         ] GC(36) User=0.01s Sys=0.00s Real=0.00s
[365.405s][info ][safepoint      ] Safepoint "ParallelGCFailedAllocation", Time since last: 2134142405 ns, Reaching safepoint: 35000 ns, At safepoint: 4358471 ns, Total: 4393471 ns
[367.405s][info ][safepoint      ] Safepoint "Cleanup", Time since last: 2000141395 ns, Reaching safepoint: 45999 ns, At safepoint: 7700 ns, Total: 53699 ns
[373.406s][info ][safepoint      ] Safepoint "Cleanup", Time since last: 6000402676 ns, Reaching safepoint: 70699 ns, At safepoint: 2700 ns, Total: 73399 ns
[374.406s][info ][safepoint      ] Safepoint "Cleanup", Time since last: 1000097126 ns, Reaching safepoint: 44000 ns, At safepoint: 5500 ns, Total: 49500 ns
[376.406s][info ][safepoint      ] Safepoint "Cleanup", Time since last: 2000155063 ns, Reaching safepoint: 41000 ns, At safepoint: 5100 ns, Total: 46100 ns
[377.406s][info ][safepoint      ] Safepoint "Cleanup", Time since last: 1000097537 ns, Reaching safepoint: 107400 ns, At safepoint: 8299 ns, Total: 115699 ns
[378.407s][info ][safepoint      ] Safepoint "Cleanup", Time since last: 1000097042 ns, Reaching safepoint: 103099 ns, At safepoint: 7300 ns, Total: 110399 ns
[380.056s][info ][safepoint      ] Safepoint "Cleanup", Time since last: 1649455856 ns, Reaching safepoint: 102699 ns, At safepoint: 23000 ns, Total: 125699 ns
[381.056s][info ][safepoint      ] Safepoint "Cleanup", Time since last: 1000063951 ns, Reaching safepoint: 79600 ns, At safepoint: 14900 ns, Total: 94500 ns
[383.056s][info ][safepoint      ] Safepoint "Cleanup", Time since last: 2000156714 ns, Reaching safepoint: 40400 ns, At safepoint: 2300 ns, Total: 42700 ns
[384.057s][info ][safepoint      ] Safepoint "Cleanup", Time since last: 1000095762 ns, Reaching safepoint: 43100 ns, At safepoint: 7200 ns, Total: 50300 ns
[384.100s][info ][gc,start       ] GC(37) Pause Young (Allocation Failure)
[384.103s][debug][gc,phases      ] GC(37) Scavenge 3.256ms
[384.103s][debug][gc,ref         ] GC(37) Skipped phase 1 of Reference Processing: no references
[384.103s][debug][gc,ref         ] GC(37) ReferenceProcessor::execute queues: 1, RefProcThreadModel::Single, marks_oops_alive: false
[384.103s][debug][gc,ref         ] GC(37) ReferenceProcessor::execute queues: 4, RefProcThreadModel::Multi, marks_oops_alive: true
[384.104s][debug][gc,ref         ] GC(37) ReferenceProcessor::execute queues: 1, RefProcThreadModel::Single, marks_oops_alive: false
[384.104s][debug][gc,phases      ] GC(37) Reference Processing 0.180ms
[384.104s][debug][gc,phases      ] GC(37)   VM Weak                        Min:  0.0, Avg:  0.0, Max:  0.0, Diff:  0.0, Sum:  0.0, Workers: 4
[384.104s][debug][gc,phases      ] GC(37)     Dead                           Min: 0, Avg:  0.0, Max: 0, Diff: 0, Sum: 0, Workers: 4
[384.104s][debug][gc,phases      ] GC(37)     Total                          Min: 0, Avg: 160.8, Max: 323, Diff: 323, Sum: 643, Workers: 4
[384.104s][debug][gc,phases      ] GC(37)   ObjectSynchronizer Weak        Min:  0.0, Avg:  0.0, Max:  0.0, Diff:  0.0, Sum:  0.0, Workers: 4
[384.104s][debug][gc,phases      ] GC(37)     Dead                           Min: 0, Avg:  0.0, Max: 0, Diff: 0, Sum: 0, Workers: 4
[384.104s][debug][gc,phases      ] GC(37)     Total                          Min: 0, Avg: 20.8, Max: 64, Diff: 64, Sum: 83, Workers: 4
[384.104s][debug][gc,phases      ] GC(37)   JVMTI Tag Weak OopStorage      Min:  0.0, Avg:  0.0, Max:  0.0, Diff:  0.0, Sum:  0.0, Workers: 4
[384.104s][debug][gc,phases      ] GC(37)     Dead                           Min: 0, Avg:  0.0, Max: 0, Diff: 0, Sum: 0, Workers: 4
[384.104s][debug][gc,phases      ] GC(37)     Total                          Min: 0, Avg:  0.0, Max: 0, Diff: 0, Sum: 0, Workers: 4
[384.104s][debug][gc,phases      ] GC(37)   StringTable Weak               Min:  0.0, Avg:  0.1, Max:  0.2, Diff:  0.2, Sum:  0.4, Workers: 4
[384.104s][debug][gc,phases      ] GC(37)     Dead                           Min: 0, Avg:  0.0, Max: 0, Diff: 0, Sum: 0, Workers: 4
[384.104s][debug][gc,phases      ] GC(37)     Total                          Min: 0, Avg: 12057.2, Max: 25061, Diff: 25061, Sum: 48229, Workers: 4
[384.104s][debug][gc,phases      ] GC(37)   ResolvedMethodTable Weak       Min:  0.0, Avg:  0.0, Max:  0.0, Diff:  0.0, Sum:  0.1, Workers: 4
[384.104s][debug][gc,phases      ] GC(37)     Dead                           Min: 0, Avg:  0.2, Max: 1, Diff: 1, Sum: 1, Workers: 4
[384.104s][debug][gc,phases      ] GC(37)     Total                          Min: 0, Avg: 1997.5, Max: 4087, Diff: 4087, Sum: 7990, Workers: 4
[384.104s][debug][gc,phases      ] GC(37)   JNI Weak                       Min:  0.0, Avg:  0.0, Max:  0.0, Diff:  0.0, Sum:  0.0, Workers: 4
[384.104s][debug][gc,phases      ] GC(37)     Dead                           Min: 0, Avg:  0.0, Max: 0, Diff: 0, Sum: 0, Workers: 4
[384.104s][debug][gc,phases      ] GC(37)     Total                          Min: 0, Avg:  0.0, Max: 0, Diff: 0, Sum: 0, Workers: 4
[384.104s][debug][gc,phases      ] GC(37)   StringDedup Table Weak         Min:  0.0, Avg:  0.0, Max:  0.0, Diff:  0.0, Sum:  0.0, Workers: 4
[384.104s][debug][gc,phases      ] GC(37)     Dead                           Min: 0, Avg:  0.0, Max: 0, Diff: 0, Sum: 0, Workers: 4
[384.104s][debug][gc,phases      ] GC(37)     Total                          Min: 0, Avg:  0.0, Max: 0, Diff: 0, Sum: 0, Workers: 4
[384.104s][debug][gc,phases      ] GC(37)   StringDedup Requests0 Weak     Min:  0.0, Avg:  0.0, Max:  0.0, Diff:  0.0, Sum:  0.0, Workers: 4
[384.104s][debug][gc,phases      ] GC(37)     Dead                           Min: 0, Avg:  0.0, Max: 0, Diff: 0, Sum: 0, Workers: 4
[384.104s][debug][gc,phases      ] GC(37)     Total                          Min: 0, Avg:  0.0, Max: 0, Diff: 0, Sum: 0, Workers: 4
[384.104s][debug][gc,phases      ] GC(37)   StringDedup Requests1 Weak     Min:  0.0, Avg:  0.0, Max:  0.0, Diff:  0.0, Sum:  0.0, Workers: 4
[384.104s][debug][gc,phases      ] GC(37)     Dead                           Min: 0, Avg:  0.0, Max: 0, Diff: 0, Sum: 0, Workers: 4
[384.104s][debug][gc,phases      ] GC(37)     Total                          Min: 0, Avg:  0.0, Max: 0, Diff: 0, Sum: 0, Workers: 4
[384.104s][debug][gc,phases      ] GC(37)   Weak JFR Old Object Samples    Min:  0.0, Avg:  0.0, Max:  0.0, Diff:  0.0, Sum:  0.0, Workers: 4
[384.104s][debug][gc,phases      ] GC(37)     Dead                           Min: 0, Avg:  0.0, Max: 0, Diff: 0, Sum: 0, Workers: 4
[384.104s][debug][gc,phases      ] GC(37)     Total                          Min: 0, Avg:  0.0, Max: 0, Diff: 0, Sum: 0, Workers: 4
[384.104s][debug][gc,phases      ] GC(37) Weak Processing 0.446ms
[384.104s][debug][gc,age         ] GC(37) Desired survivor size 306708480 bytes, new threshold 15 (max threshold 15)
[384.104s][info ][gc,heap        ] GC(37) PSYoungGen: 1486320K(1790976K)->5712K(1786368K) Eden: 1480192K(1480192K)->0K(1480192K) From: 6128K(310784K)->5712K(306176K)
[384.104s][info ][gc,heap        ] GC(37) ParOldGen: 232469K(275456K)->232509K(275456K)
[384.104s][info ][gc,metaspace   ] GC(37) Metaspace: 73764K(74624K)->73764K(74624K) NonClass: 63185K(63680K)->63185K(63680K) Class: 10579K(10944K)->10579K(10944K)
[384.104s][info ][gc             ] GC(37) Pause Young (Allocation Failure) 1678M->232M(2013M) 3.988ms
[384.104s][info ][gc,cpu         ] GC(37) User=0.02s Sys=0.00s Real=0.00s
[384.104s][info ][safepoint      ] Safepoint "ParallelGCFailedAllocation", Time since last: 43355621 ns, Reaching safepoint: 26900 ns, At safepoint: 4058374 ns, Total: 4085274 ns
[389.104s][info ][safepoint      ] Safepoint "Cleanup", Time since last: 5000323471 ns, Reaching safepoint: 43899 ns, At safepoint: 13100 ns, Total: 56999 ns
[392.105s][info ][safepoint      ] Safepoint "Cleanup", Time since last: 3000238168 ns, Reaching safepoint: 62999 ns, At safepoint: 8400 ns, Total: 71399 ns
[398.105s][info ][safepoint      ] Safepoint "Cleanup", Time since last: 6000445335 ns, Reaching safepoint: 42899 ns, At safepoint: 3200 ns, Total: 46099 ns
[402.106s][info ][safepoint      ] Safepoint "Cleanup", Time since last: 4000293697 ns, Reaching safepoint: 27900 ns, At safepoint: 3500 ns, Total: 31400 ns
[405.106s][info ][safepoint      ] Safepoint "Cleanup", Time since last: 3000239110 ns, Reaching safepoint: 41500 ns, At safepoint: 3300 ns, Total: 44800 ns
[410.300s][info ][gc,start       ] GC(38) Pause Young (Allocation Failure)
[410.303s][debug][gc,phases      ] GC(38) Scavenge 2.232ms
[410.303s][debug][gc,ref         ] GC(38) Skipped phase 1 of Reference Processing: no references
[410.303s][debug][gc,ref         ] GC(38) ReferenceProcessor::execute queues: 1, RefProcThreadModel::Single, marks_oops_alive: false
[410.303s][debug][gc,ref         ] GC(38) ReferenceProcessor::execute queues: 4, RefProcThreadModel::Multi, marks_oops_alive: true
[410.303s][debug][gc,ref         ] GC(38) ReferenceProcessor::execute queues: 1, RefProcThreadModel::Single, marks_oops_alive: false
[410.303s][debug][gc,phases      ] GC(38) Reference Processing 0.193ms
[410.303s][debug][gc,phases      ] GC(38)   VM Weak                        Min:  0.0, Avg:  0.0, Max:  0.0, Diff:  0.0, Sum:  0.0, Workers: 4
[410.303s][debug][gc,phases      ] GC(38)     Dead                           Min: 0, Avg:  0.0, Max: 0, Diff: 0, Sum: 0, Workers: 4
[410.303s][debug][gc,phases      ] GC(38)     Total                          Min: 0, Avg: 161.0, Max: 644, Diff: 644, Sum: 644, Workers: 4
[410.303s][debug][gc,phases      ] GC(38)   ObjectSynchronizer Weak        Min:  0.0, Avg:  0.0, Max:  0.0, Diff:  0.0, Sum:  0.0, Workers: 4
[410.303s][debug][gc,phases      ] GC(38)     Dead                           Min: 0, Avg:  0.8, Max: 3, Diff: 3, Sum: 3, Workers: 4
[410.303s][debug][gc,phases      ] GC(38)     Total                          Min: 0, Avg: 21.5, Max: 64, Diff: 64, Sum: 86, Workers: 4
[410.303s][debug][gc,phases      ] GC(38)   JVMTI Tag Weak OopStorage      Min:  0.0, Avg:  0.0, Max:  0.0, Diff:  0.0, Sum:  0.0, Workers: 4
[410.303s][debug][gc,phases      ] GC(38)     Dead                           Min: 0, Avg:  0.0, Max: 0, Diff: 0, Sum: 0, Workers: 4
[410.303s][debug][gc,phases      ] GC(38)     Total                          Min: 0, Avg:  0.0, Max: 0, Diff: 0, Sum: 0, Workers: 4
[410.303s][debug][gc,phases      ] GC(38)   StringTable Weak               Min:  0.1, Avg:  0.1, Max:  0.1, Diff:  0.0, Sum:  0.3, Workers: 4
[410.303s][debug][gc,phases      ] GC(38)     Dead                           Min: 0, Avg:  0.8, Max: 2, Diff: 2, Sum: 3, Workers: 4
[410.303s][debug][gc,phases      ] GC(38)     Total                          Min: 10515, Avg: 12068.8, Max: 12992, Diff: 2477, Sum: 48275, Workers: 4
[410.303s][debug][gc,phases      ] GC(38)   ResolvedMethodTable Weak       Min:  0.0, Avg:  0.0, Max:  0.0, Diff:  0.0, Sum:  0.1, Workers: 4
[410.303s][debug][gc,phases      ] GC(38)     Dead                           Min: 0, Avg:  0.0, Max: 0, Diff: 0, Sum: 0, Workers: 4
[410.303s][debug][gc,phases      ] GC(38)     Total                          Min: 1920, Avg: 2005.5, Max: 2070, Diff: 150, Sum: 8022, Workers: 4
[410.303s][debug][gc,phases      ] GC(38)   JNI Weak                       Min:  0.0, Avg:  0.0, Max:  0.0, Diff:  0.0, Sum:  0.0, Workers: 4
[410.303s][debug][gc,phases      ] GC(38)     Dead                           Min: 0, Avg:  0.0, Max: 0, Diff: 0, Sum: 0, Workers: 4
[410.303s][debug][gc,phases      ] GC(38)     Total                          Min: 0, Avg:  0.0, Max: 0, Diff: 0, Sum: 0, Workers: 4
[410.303s][debug][gc,phases      ] GC(38)   StringDedup Table Weak         Min:  0.0, Avg:  0.0, Max:  0.0, Diff:  0.0, Sum:  0.0, Workers: 4
[410.303s][debug][gc,phases      ] GC(38)     Dead                           Min: 0, Avg:  0.0, Max: 0, Diff: 0, Sum: 0, Workers: 4
[410.303s][debug][gc,phases      ] GC(38)     Total                          Min: 0, Avg:  0.0, Max: 0, Diff: 0, Sum: 0, Workers: 4
[410.303s][debug][gc,phases      ] GC(38)   StringDedup Requests0 Weak     Min:  0.0, Avg:  0.0, Max:  0.0, Diff:  0.0, Sum:  0.0, Workers: 4
[410.303s][debug][gc,phases      ] GC(38)     Dead                           Min: 0, Avg:  0.0, Max: 0, Diff: 0, Sum: 0, Workers: 4
[410.303s][debug][gc,phases      ] GC(38)     Total                          Min: 0, Avg:  0.0, Max: 0, Diff: 0, Sum: 0, Workers: 4
[410.303s][debug][gc,phases      ] GC(38)   StringDedup Requests1 Weak     Min:  0.0, Avg:  0.0, Max:  0.0, Diff:  0.0, Sum:  0.0, Workers: 4
[410.303s][debug][gc,phases      ] GC(38)     Dead                           Min: 0, Avg:  0.0, Max: 0, Diff: 0, Sum: 0, Workers: 4
[410.303s][debug][gc,phases      ] GC(38)     Total                          Min: 0, Avg:  0.0, Max: 0, Diff: 0, Sum: 0, Workers: 4
[410.303s][debug][gc,phases      ] GC(38)   Weak JFR Old Object Samples    Min:  0.0, Avg:  0.0, Max:  0.0, Diff:  0.0, Sum:  0.0, Workers: 4
[410.303s][debug][gc,phases      ] GC(38)     Dead                           Min: 0, Avg:  0.0, Max: 0, Diff: 0, Sum: 0, Workers: 4
[410.303s][debug][gc,phases      ] GC(38)     Total                          Min: 0, Avg:  0.0, Max: 0, Diff: 0, Sum: 0, Workers: 4
[410.303s][debug][gc,phases      ] GC(38) Weak Processing 0.247ms
[410.303s][debug][gc,age         ] GC(38) Desired survivor size 297795584 bytes, new threshold 15 (max threshold 15)
[410.303s][info ][gc,heap        ] GC(38) PSYoungGen: 1485904K(1786368K)->5776K(1806336K) Eden: 1480192K(1480192K)->0K(1506816K) From: 5712K(306176K)->5776K(299520K)
[410.303s][info ][gc,heap        ] GC(38) ParOldGen: 232509K(275456K)->232533K(275456K)
[410.303s][info ][gc,metaspace   ] GC(38) Metaspace: 73900K(74688K)->73900K(74688K) NonClass: 63295K(63744K)->63295K(63744K) Class: 10605K(10944K)->10605K(10944K)
[410.303s][info ][gc             ] GC(38) Pause Young (Allocation Failure) 1678M->232M(2033M) 2.769ms
[410.303s][info ][gc,cpu         ] GC(38) User=0.01s Sys=0.00s Real=0.00s
[410.303s][info ][safepoint      ] Safepoint "ParallelGCFailedAllocation", Time since last: 5194520525 ns, Reaching safepoint: 40400 ns, At safepoint: 2836782 ns, Total: 2877182 ns
[411.303s][info ][safepoint      ] Safepoint "Cleanup", Time since last: 1000078563 ns, Reaching safepoint: 28999 ns, At safepoint: 7800 ns, Total: 36799 ns
[416.304s][info ][safepoint      ] Safepoint "Cleanup", Time since last: 5000311868 ns, Reaching safepoint: 41699 ns, At safepoint: 9100 ns, Total: 50799 ns
[420.304s][info ][safepoint      ] Safepoint "Cleanup", Time since last: 4000280658 ns, Reaching safepoint: 42199 ns, At safepoint: 7400 ns, Total: 49599 ns
[421.304s][info ][safepoint      ] Safepoint "Cleanup", Time since last: 1000071398 ns, Reaching safepoint: 43700 ns, At safepoint: 16100 ns, Total: 59800 ns
[422.304s][info ][safepoint      ] Safepoint "Cleanup", Time since last: 1000099902 ns, Reaching safepoint: 110799 ns, At safepoint: 12500 ns, Total: 123299 ns
[423.305s][info ][safepoint      ] Safepoint "Cleanup", Time since last: 1000100705 ns, Reaching safepoint: 44099 ns, At safepoint: 8700 ns, Total: 52799 ns
[428.305s][info ][safepoint      ] Safepoint "Cleanup", Time since last: 5000366078 ns, Reaching safepoint: 44300 ns, At safepoint: 4500 ns, Total: 48800 ns
[431.305s][info ][safepoint      ] Safepoint "Cleanup", Time since last: 3000226388 ns, Reaching safepoint: 40399 ns, At safepoint: 21400 ns, Total: 61799 ns
[433.949s][info ][gc,start       ] GC(39) Pause Young (Allocation Failure)
[433.952s][debug][gc,phases      ] GC(39) Scavenge 2.479ms
[433.952s][debug][gc,ref         ] GC(39) Skipped phase 1 of Reference Processing: no references
[433.952s][debug][gc,ref         ] GC(39) ReferenceProcessor::execute queues: 1, RefProcThreadModel::Single, marks_oops_alive: false
[433.952s][debug][gc,ref         ] GC(39) Skipped phase 3 of Reference Processing: no references
[433.952s][debug][gc,ref         ] GC(39) ReferenceProcessor::execute queues: 1, RefProcThreadModel::Single, marks_oops_alive: false
[433.952s][debug][gc,phases      ] GC(39) Reference Processing 0.084ms
[433.952s][debug][gc,phases      ] GC(39)   VM Weak                        Min:  0.0, Avg:  0.0, Max:  0.0, Diff:  0.0, Sum:  0.0, Workers: 4
[433.952s][debug][gc,phases      ] GC(39)     Dead                           Min: 0, Avg:  0.0, Max: 0, Diff: 0, Sum: 0, Workers: 4
[433.952s][debug][gc,phases      ] GC(39)     Total                          Min: 0, Avg: 161.0, Max: 324, Diff: 324, Sum: 644, Workers: 4
[433.952s][debug][gc,phases      ] GC(39)   ObjectSynchronizer Weak        Min:  0.0, Avg:  0.0, Max:  0.0, Diff:  0.0, Sum:  0.0, Workers: 4
[433.952s][debug][gc,phases      ] GC(39)     Dead                           Min: 0, Avg:  0.0, Max: 0, Diff: 0, Sum: 0, Workers: 4
[433.952s][debug][gc,phases      ] GC(39)     Total                          Min: 0, Avg: 21.5, Max: 64, Diff: 64, Sum: 86, Workers: 4
[433.952s][debug][gc,phases      ] GC(39)   JVMTI Tag Weak OopStorage      Min:  0.0, Avg:  0.0, Max:  0.0, Diff:  0.0, Sum:  0.0, Workers: 4
[433.952s][debug][gc,phases      ] GC(39)     Dead                           Min: 0, Avg:  0.0, Max: 0, Diff: 0, Sum: 0, Workers: 4
[433.952s][debug][gc,phases      ] GC(39)     Total                          Min: 0, Avg:  0.0, Max: 0, Diff: 0, Sum: 0, Workers: 4
[433.952s][debug][gc,phases      ] GC(39)   StringTable Weak               Min:  0.1, Avg:  0.1, Max:  0.1, Diff:  0.0, Sum:  0.3, Workers: 4
[433.952s][debug][gc,phases      ] GC(39)     Dead                           Min: 0, Avg:  0.0, Max: 0, Diff: 0, Sum: 0, Workers: 4
[433.952s][debug][gc,phases      ] GC(39)     Total                          Min: 9152, Avg: 12069.2, Max: 15424, Diff: 6272, Sum: 48277, Workers: 4
[433.952s][debug][gc,phases      ] GC(39)   ResolvedMethodTable Weak       Min:  0.0, Avg:  0.0, Max:  0.0, Diff:  0.0, Sum:  0.1, Workers: 4
[433.952s][debug][gc,phases      ] GC(39)     Dead                           Min: 0, Avg:  0.0, Max: 0, Diff: 0, Sum: 0, Workers: 4
[433.952s][debug][gc,phases      ] GC(39)     Total                          Min: 1664, Avg: 2005.5, Max: 2454, Diff: 790, Sum: 8022, Workers: 4
[433.952s][debug][gc,phases      ] GC(39)   JNI Weak                       Min:  0.0, Avg:  0.0, Max:  0.0, Diff:  0.0, Sum:  0.0, Workers: 4
[433.952s][debug][gc,phases      ] GC(39)     Dead                           Min: 0, Avg:  0.0, Max: 0, Diff: 0, Sum: 0, Workers: 4
[433.952s][debug][gc,phases      ] GC(39)     Total                          Min: 0, Avg:  0.0, Max: 0, Diff: 0, Sum: 0, Workers: 4
[433.952s][debug][gc,phases      ] GC(39)   StringDedup Table Weak         Min:  0.0, Avg:  0.0, Max:  0.0, Diff:  0.0, Sum:  0.0, Workers: 4
[433.952s][debug][gc,phases      ] GC(39)     Dead                           Min: 0, Avg:  0.0, Max: 0, Diff: 0, Sum: 0, Workers: 4
[433.952s][debug][gc,phases      ] GC(39)     Total                          Min: 0, Avg:  0.0, Max: 0, Diff: 0, Sum: 0, Workers: 4
[433.952s][debug][gc,phases      ] GC(39)   StringDedup Requests0 Weak     Min:  0.0, Avg:  0.0, Max:  0.0, Diff:  0.0, Sum:  0.0, Workers: 4
[433.952s][debug][gc,phases      ] GC(39)     Dead                           Min: 0, Avg:  0.0, Max: 0, Diff: 0, Sum: 0, Workers: 4
[433.952s][debug][gc,phases      ] GC(39)     Total                          Min: 0, Avg:  0.0, Max: 0, Diff: 0, Sum: 0, Workers: 4
[433.952s][debug][gc,phases      ] GC(39)   StringDedup Requests1 Weak     Min:  0.0, Avg:  0.0, Max:  0.0, Diff:  0.0, Sum:  0.0, Workers: 4
[433.952s][debug][gc,phases      ] GC(39)     Dead                           Min: 0, Avg:  0.0, Max: 0, Diff: 0, Sum: 0, Workers: 4
[433.952s][debug][gc,phases      ] GC(39)     Total                          Min: 0, Avg:  0.0, Max: 0, Diff: 0, Sum: 0, Workers: 4
[433.952s][debug][gc,phases      ] GC(39)   Weak JFR Old Object Samples    Min:  0.0, Avg:  0.0, Max:  0.0, Diff:  0.0, Sum:  0.0, Workers: 4
[433.952s][debug][gc,phases      ] GC(39)     Dead                           Min: 0, Avg:  0.0, Max: 0, Diff: 0, Sum: 0, Workers: 4
[433.952s][debug][gc,phases      ] GC(39)     Total                          Min: 0, Avg:  0.0, Max: 0, Diff: 0, Sum: 0, Workers: 4
[433.952s][debug][gc,phases      ] GC(39) Weak Processing 0.262ms
[433.952s][debug][gc,age         ] GC(39) Desired survivor size 288358400 bytes, new threshold 15 (max threshold 15)
[433.952s][info ][gc,heap        ] GC(39) PSYoungGen: 1512592K(1806336K)->5712K(1797632K) Eden: 1506816K(1506816K)->0K(1506816K) From: 5776K(299520K)->5712K(290816K)
[433.952s][info ][gc,heap        ] GC(39) ParOldGen: 232533K(275456K)->232565K(275456K)
[433.952s][info ][gc,metaspace   ] GC(39) Metaspace: 73912K(74688K)->73912K(74688K) NonClass: 63306K(63744K)->63306K(63744K) Class: 10605K(10944K)->10605K(10944K)
[433.952s][info ][gc             ] GC(39) Pause Young (Allocation Failure) 1704M->232M(2024M) 2.913ms
[433.952s][info ][gc,cpu         ] GC(39) User=0.02s Sys=0.00s Real=0.00s
[433.952s][info ][safepoint      ] Safepoint "ParallelGCFailedAllocation", Time since last: 2644037547 ns, Reaching safepoint: 99300 ns, At safepoint: 2982081 ns, Total: 3081381 ns
[442.953s][info ][safepoint      ] Safepoint "Cleanup", Time since last: 9000556730 ns, Reaching safepoint: 47100 ns, At safepoint: 3500 ns, Total: 50600 ns
[453.451s][info ][gc,start       ] GC(40) Pause Young (Allocation Failure)
[453.453s][debug][gc,phases      ] GC(40) Scavenge 2.455ms
[453.453s][debug][gc,ref         ] GC(40) Skipped phase 1 of Reference Processing: no references
[453.453s][debug][gc,ref         ] GC(40) ReferenceProcessor::execute queues: 1, RefProcThreadModel::Single, marks_oops_alive: false
[453.453s][debug][gc,ref         ] GC(40) Skipped phase 3 of Reference Processing: no references
[453.453s][debug][gc,ref         ] GC(40) ReferenceProcessor::execute queues: 1, RefProcThreadModel::Single, marks_oops_alive: false
[453.453s][debug][gc,phases      ] GC(40) Reference Processing 0.091ms
[453.453s][debug][gc,phases      ] GC(40)   VM Weak                        Min:  0.0, Avg:  0.0, Max:  0.0, Diff:  0.0, Sum:  0.0, Workers: 4
[453.453s][debug][gc,phases      ] GC(40)     Dead                           Min: 0, Avg:  0.0, Max: 0, Diff: 0, Sum: 0, Workers: 4
[453.453s][debug][gc,phases      ] GC(40)     Total                          Min: 0, Avg: 161.0, Max: 644, Diff: 644, Sum: 644, Workers: 4
[453.453s][debug][gc,phases      ] GC(40)   ObjectSynchronizer Weak        Min:  0.0, Avg:  0.0, Max:  0.0, Diff:  0.0, Sum:  0.0, Workers: 4
[453.453s][debug][gc,phases      ] GC(40)     Dead                           Min: 0, Avg:  0.0, Max: 0, Diff: 0, Sum: 0, Workers: 4
[453.453s][debug][gc,phases      ] GC(40)     Total                          Min: 0, Avg: 21.5, Max: 86, Diff: 86, Sum: 86, Workers: 4
[453.453s][debug][gc,phases      ] GC(40)   JVMTI Tag Weak OopStorage      Min:  0.0, Avg:  0.0, Max:  0.0, Diff:  0.0, Sum:  0.0, Workers: 4
[453.453s][debug][gc,phases      ] GC(40)     Dead                           Min: 0, Avg:  0.0, Max: 0, Diff: 0, Sum: 0, Workers: 4
[453.453s][debug][gc,phases      ] GC(40)     Total                          Min: 0, Avg:  0.0, Max: 0, Diff: 0, Sum: 0, Workers: 4
[453.453s][debug][gc,phases      ] GC(40)   StringTable Weak               Min:  0.1, Avg:  0.1, Max:  0.1, Diff:  0.0, Sum:  0.4, Workers: 4
[453.453s][debug][gc,phases      ] GC(40)     Dead                           Min: 0, Avg:  0.0, Max: 0, Diff: 0, Sum: 0, Workers: 4
[453.453s][debug][gc,phases      ] GC(40)     Total                          Min: 10176, Avg: 12069.2, Max: 15552, Diff: 5376, Sum: 48277, Workers: 4
[453.453s][debug][gc,phases      ] GC(40)   ResolvedMethodTable Weak       Min:  0.0, Avg:  0.0, Max:  0.0, Diff:  0.0, Sum:  0.1, Workers: 4
[453.453s][debug][gc,phases      ] GC(40)     Dead                           Min: 0, Avg:  0.0, Max: 0, Diff: 0, Sum: 0, Workers: 4
[453.453s][debug][gc,phases      ] GC(40)     Total                          Min: 1536, Avg: 2005.5, Max: 2432, Diff: 896, Sum: 8022, Workers: 4
[453.453s][debug][gc,phases      ] GC(40)   JNI Weak                       Min:  0.0, Avg:  0.0, Max:  0.0, Diff:  0.0, Sum:  0.0, Workers: 4
[453.453s][debug][gc,phases      ] GC(40)     Dead                           Min: 0, Avg:  0.0, Max: 0, Diff: 0, Sum: 0, Workers: 4
[453.453s][debug][gc,phases      ] GC(40)     Total                          Min: 0, Avg:  0.0, Max: 0, Diff: 0, Sum: 0, Workers: 4
[453.453s][debug][gc,phases      ] GC(40)   StringDedup Table Weak         Min:  0.0, Avg:  0.0, Max:  0.0, Diff:  0.0, Sum:  0.0, Workers: 4
[453.453s][debug][gc,phases      ] GC(40)     Dead                           Min: 0, Avg:  0.0, Max: 0, Diff: 0, Sum: 0, Workers: 4
[453.453s][debug][gc,phases      ] GC(40)     Total                          Min: 0, Avg:  0.0, Max: 0, Diff: 0, Sum: 0, Workers: 4
[453.453s][debug][gc,phases      ] GC(40)   StringDedup Requests0 Weak     Min:  0.0, Avg:  0.0, Max:  0.0, Diff:  0.0, Sum:  0.0, Workers: 4
[453.453s][debug][gc,phases      ] GC(40)     Dead                           Min: 0, Avg:  0.0, Max: 0, Diff: 0, Sum: 0, Workers: 4
[453.453s][debug][gc,phases      ] GC(40)     Total                          Min: 0, Avg:  0.0, Max: 0, Diff: 0, Sum: 0, Workers: 4
[453.453s][debug][gc,phases      ] GC(40)   StringDedup Requests1 Weak     Min:  0.0, Avg:  0.0, Max:  0.0, Diff:  0.0, Sum:  0.0, Workers: 4
[453.453s][debug][gc,phases      ] GC(40)     Dead                           Min: 0, Avg:  0.0, Max: 0, Diff: 0, Sum: 0, Workers: 4
[453.453s][debug][gc,phases      ] GC(40)     Total                          Min: 0, Avg:  0.0, Max: 0, Diff: 0, Sum: 0, Workers: 4
[453.453s][debug][gc,phases      ] GC(40)   Weak JFR Old Object Samples    Min:  0.0, Avg:  0.0, Max:  0.0, Diff:  0.0, Sum:  0.0, Workers: 4
[453.453s][debug][gc,phases      ] GC(40)     Dead                           Min: 0, Avg:  0.0, Max: 0, Diff: 0, Sum: 0, Workers: 4
[453.454s][debug][gc,phases      ] GC(40)     Total                          Min: 0, Avg:  0.0, Max: 0, Diff: 0, Sum: 0, Workers: 4
[453.454s][debug][gc,phases      ] GC(40) Weak Processing 0.261ms
[453.454s][debug][gc,age         ] GC(40) Desired survivor size 277348352 bytes, new threshold 15 (max threshold 15)
[453.454s][info ][gc,heap        ] GC(40) PSYoungGen: 1512528K(1797632K)->5744K(1826304K) Eden: 1506816K(1506816K)->0K(1544704K) From: 5712K(290816K)->5744K(281600K)
[453.454s][info ][gc,heap        ] GC(40) ParOldGen: 232565K(275456K)->232597K(275456K)
[453.454s][info ][gc,metaspace   ] GC(40) Metaspace: 73937K(74752K)->73937K(74752K) NonClass: 63331K(63808K)->63331K(63808K) Class: 10605K(10944K)->10605K(10944K)
[453.454s][info ][gc             ] GC(40) Pause Young (Allocation Failure) 1704M->232M(2052M) 2.888ms
[453.454s][info ][gc,cpu         ] GC(40) User=0.01s Sys=0.00s Real=0.00s
[453.454s][info ][safepoint      ] Safepoint "ParallelGCFailedAllocation", Time since last: 10497580731 ns, Reaching safepoint: 28800 ns, At safepoint: 2963981 ns, Total: 2992781 ns
[468.455s][info ][safepoint      ] Safepoint "Cleanup", Time since last: 15000986201 ns, Reaching safepoint: 52000 ns, At safepoint: 9099 ns, Total: 61099 ns
[469.455s][info ][safepoint      ] Safepoint "Cleanup", Time since last: 1000097759 ns, Reaching safepoint: 42200 ns, At safepoint: 3300 ns, Total: 45500 ns
[470.455s][info ][safepoint      ] Safepoint "Cleanup", Time since last: 1000102562 ns, Reaching safepoint: 48300 ns, At safepoint: 11300 ns, Total: 59600 ns
[475.455s][info ][safepoint      ] Safepoint "Cleanup", Time since last: 5000352859 ns, Reaching safepoint: 37700 ns, At safepoint: 3100 ns, Total: 40800 ns
[476.455s][info ][safepoint      ] Safepoint "Cleanup", Time since last: 1000059081 ns, Reaching safepoint: 59200 ns, At safepoint: 10400 ns, Total: 69600 ns
[488.699s][info ][gc,start       ] GC(41) Pause Young (Allocation Failure)
[488.701s][debug][gc,phases      ] GC(41) Scavenge 2.560ms
[488.701s][debug][gc,ref         ] GC(41) Skipped phase 1 of Reference Processing: no references
[488.701s][debug][gc,ref         ] GC(41) ReferenceProcessor::execute queues: 1, RefProcThreadModel::Single, marks_oops_alive: false
[488.701s][debug][gc,ref         ] GC(41) ReferenceProcessor::execute queues: 4, RefProcThreadModel::Multi, marks_oops_alive: true
[488.701s][debug][gc,ref         ] GC(41) ReferenceProcessor::execute queues: 1, RefProcThreadModel::Single, marks_oops_alive: false
[488.701s][debug][gc,phases      ] GC(41) Reference Processing 0.166ms
[488.702s][debug][gc,phases      ] GC(41)   VM Weak                        Min:  0.0, Avg:  0.0, Max:  0.0, Diff:  0.0, Sum:  0.0, Workers: 4
[488.702s][debug][gc,phases      ] GC(41)     Dead                           Min: 0, Avg:  0.0, Max: 0, Diff: 0, Sum: 0, Workers: 4
[488.702s][debug][gc,phases      ] GC(41)     Total                          Min: 0, Avg: 161.0, Max: 324, Diff: 324, Sum: 644, Workers: 4
[488.702s][debug][gc,phases      ] GC(41)   ObjectSynchronizer Weak        Min:  0.0, Avg:  0.0, Max:  0.0, Diff:  0.0, Sum:  0.0, Workers: 4
[488.702s][debug][gc,phases      ] GC(41)     Dead                           Min: 0, Avg:  0.2, Max: 1, Diff: 1, Sum: 1, Workers: 4
[488.702s][debug][gc,phases      ] GC(41)     Total                          Min: 0, Avg: 21.8, Max: 64, Diff: 64, Sum: 87, Workers: 4
[488.702s][debug][gc,phases      ] GC(41)   JVMTI Tag Weak OopStorage      Min:  0.0, Avg:  0.0, Max:  0.0, Diff:  0.0, Sum:  0.0, Workers: 4
[488.702s][debug][gc,phases      ] GC(41)     Dead                           Min: 0, Avg:  0.0, Max: 0, Diff: 0, Sum: 0, Workers: 4
[488.702s][debug][gc,phases      ] GC(41)     Total                          Min: 0, Avg:  0.0, Max: 0, Diff: 0, Sum: 0, Workers: 4
[488.702s][debug][gc,phases      ] GC(41)   StringTable Weak               Min:  0.1, Avg:  0.1, Max:  0.1, Diff:  0.0, Sum:  0.3, Workers: 4
[488.702s][debug][gc,phases      ] GC(41)     Dead                           Min: 0, Avg:  0.0, Max: 0, Diff: 0, Sum: 0, Workers: 4
[488.702s][debug][gc,phases      ] GC(41)     Total                          Min: 8433, Avg: 12076.2, Max: 13632, Diff: 5199, Sum: 48305, Workers: 4
[488.702s][debug][gc,phases      ] GC(41)   ResolvedMethodTable Weak       Min:  0.0, Avg:  0.0, Max:  0.0, Diff:  0.0, Sum:  0.1, Workers: 4
[488.702s][debug][gc,phases      ] GC(41)     Dead                           Min: 0, Avg:  0.0, Max: 0, Diff: 0, Sum: 0, Workers: 4
[488.702s][debug][gc,phases      ] GC(41)     Total                          Min: 1472, Avg: 2005.5, Max: 2560, Diff: 1088, Sum: 8022, Workers: 4
[488.702s][debug][gc,phases      ] GC(41)   JNI Weak                       Min:  0.0, Avg:  0.0, Max:  0.0, Diff:  0.0, Sum:  0.0, Workers: 4
[488.702s][debug][gc,phases      ] GC(41)     Dead                           Min: 0, Avg:  0.0, Max: 0, Diff: 0, Sum: 0, Workers: 4
[488.702s][debug][gc,phases      ] GC(41)     Total                          Min: 0, Avg:  0.0, Max: 0, Diff: 0, Sum: 0, Workers: 4
[488.702s][debug][gc,phases      ] GC(41)   StringDedup Table Weak         Min:  0.0, Avg:  0.0, Max:  0.0, Diff:  0.0, Sum:  0.0, Workers: 4
[488.702s][debug][gc,phases      ] GC(41)     Dead                           Min: 0, Avg:  0.0, Max: 0, Diff: 0, Sum: 0, Workers: 4
[488.702s][debug][gc,phases      ] GC(41)     Total                          Min: 0, Avg:  0.0, Max: 0, Diff: 0, Sum: 0, Workers: 4
[488.702s][debug][gc,phases      ] GC(41)   StringDedup Requests0 Weak     Min:  0.0, Avg:  0.0, Max:  0.0, Diff:  0.0, Sum:  0.0, Workers: 4
[488.702s][debug][gc,phases      ] GC(41)     Dead                           Min: 0, Avg:  0.0, Max: 0, Diff: 0, Sum: 0, Workers: 4
[488.702s][debug][gc,phases      ] GC(41)     Total                          Min: 0, Avg:  0.0, Max: 0, Diff: 0, Sum: 0, Workers: 4
[488.702s][debug][gc,phases      ] GC(41)   StringDedup Requests1 Weak     Min:  0.0, Avg:  0.0, Max:  0.0, Diff:  0.0, Sum:  0.0, Workers: 4
[488.702s][debug][gc,phases      ] GC(41)     Dead                           Min: 0, Avg:  0.0, Max: 0, Diff: 0, Sum: 0, Workers: 4
[488.702s][debug][gc,phases      ] GC(41)     Total                          Min: 0, Avg:  0.0, Max: 0, Diff: 0, Sum: 0, Workers: 4
[488.702s][debug][gc,phases      ] GC(41)   Weak JFR Old Object Samples    Min:  0.0, Avg:  0.0, Max:  0.0, Diff:  0.0, Sum:  0.0, Workers: 4
[488.702s][debug][gc,phases      ] GC(41)     Dead                           Min: 0, Avg:  0.0, Max: 0, Diff: 0, Sum: 0, Workers: 4
[488.702s][debug][gc,phases      ] GC(41)     Total                          Min: 0, Avg:  0.0, Max: 0, Diff: 0, Sum: 0, Workers: 4
[488.702s][debug][gc,phases      ] GC(41) Weak Processing 0.245ms
[488.702s][debug][gc,age         ] GC(41) Desired survivor size 266338304 bytes, new threshold 15 (max threshold 15)
[488.702s][info ][gc,heap        ] GC(41) PSYoungGen: 1550448K(1826304K)->2896K(1815552K) Eden: 1544704K(1544704K)->0K(1544704K) From: 5744K(281600K)->2896K(270848K)
[488.702s][info ][gc,heap        ] GC(41) ParOldGen: 232597K(275456K)->235653K(275456K)
[488.702s][info ][gc,metaspace   ] GC(41) Metaspace: 73971K(74752K)->73971K(74752K) NonClass: 63365K(63808K)->63365K(63808K) Class: 10605K(10944K)->10605K(10944K)
[488.702s][info ][gc             ] GC(41) Pause Young (Allocation Failure) 1741M->232M(2042M) 3.066ms
[488.702s][info ][gc,cpu         ] GC(41) User=0.00s Sys=0.00s Real=0.00s
[488.702s][info ][safepoint      ] Safepoint "ParallelGCFailedAllocation", Time since last: 12243084946 ns, Reaching safepoint: 77099 ns, At safepoint: 3134581 ns, Total: 3211680 ns
[490.702s][info ][safepoint      ] Safepoint "Cleanup", Time since last: 2000145748 ns, Reaching safepoint: 30200 ns, At safepoint: 3200 ns, Total: 33400 ns
[493.702s][info ][safepoint      ] Safepoint "Cleanup", Time since last: 3000233194 ns, Reaching safepoint: 43400 ns, At safepoint: 2400 ns, Total: 45800 ns
[494.030s][info ][gc,heap,exit   ] Heap
[494.030s][info ][gc,heap,exit   ]  PSYoungGen      total 1815552K, used 240100K [0x0000000780000000, 0x0000000800000000, 0x0000000800000000)
[494.030s][info ][gc,heap,exit   ]   eden space 1544704K, 15% used [0x0000000780000000,0x000000078e7a5228,0x00000007de480000)
[494.030s][info ][gc,heap,exit   ]   from space 270848K, 1% used [0x00000007de480000,0x00000007de7540d8,0x00000007eed00000)
[494.030s][info ][gc,heap,exit   ]   to   space 260096K, 0% used [0x00000007f0200000,0x00000007f0200000,0x0000000800000000)
[494.031s][info ][gc,heap,exit   ]  ParOldGen       total 275456K, used 235653K [0x0000000740000000, 0x0000000750d00000, 0x0000000780000000)
[494.031s][info ][gc,heap,exit   ]   object space 275456K, 85% used [0x0000000740000000,0x000000074e6215c8,0x0000000750d00000)
[494.031s][info ][gc,heap,exit   ]  Metaspace       used 74081K, committed 74944K, reserved 1114112K
[494.031s][info ][gc,heap,exit   ]   class space    used 10628K, committed 11008K, reserved 1048576K
