[0.003s][info][gc] Using Parallel
[0.004s][info][gc,init] Version: 17.0.9+8-LTS (release)
[0.004s][info][gc,init] CPUs: 4 total, 4 available
[0.004s][info][gc,init] Memory: 15991M
[0.004s][info][gc,init] Large Page Support: Disabled
[0.004s][info][gc,init] NUMA Support: Disabled
[0.004s][info][gc,init] Compressed Oops: Enabled (Zero based)
[0.004s][info][gc,init] Alignments: Space 512K, Generation 512K, Heap 2M
[0.004s][info][gc,init] Heap Min Capacity: 2054M
[0.004s][info][gc,init] Heap Initial Capacity: 2054M
[0.004s][info][gc,init] Heap Max Capacity: 5G
[0.004s][info][gc,init] Pre-touch: Disabled
[0.004s][info][gc,init] Parallel Workers: 4
[0.009s][info][gc,metaspace] CDS archive(s) mapped at: [0x00007feae5000000-0x00007feae5bc6000-0x00007feae5bc6000), size 12345344, SharedBaseAddress: 0x00007feae5000000, ArchiveRelocationMode: 1.
[0.009s][info][gc,metaspace] Compressed class space mapped at: 0x00007feae6000000-0x00007feb26000000, reserved size: 1073741824
[0.009s][info][gc,metaspace] Narrow klass base: 0x00007feae5000000, Narrow klass shift: 0, Narrow klass range: 0x100000000
[0.808s][info][safepoint   ] Safepoint "ICBufferFull", Time since last: 792976722 ns, Reaching safepoint: 2400 ns, Cleanup: 112400 ns, At safepoint: 1700 ns, Total: 116500 ns
[1.160s][info][safepoint   ] Safepoint "ICBufferFull", Time since last: 351896541 ns, Reaching safepoint: 2600 ns, Cleanup: 252101 ns, At safepoint: 3700 ns, Total: 258401 ns
[1.742s][info][safepoint   ] Safepoint "ICBufferFull", Time since last: 581900818 ns, Reaching safepoint: 2600 ns, Cleanup: 132100 ns, At safepoint: 4600 ns, Total: 139300 ns
[1.758s][info][gc,start    ] GC(0) Pause Young (Metadata GC Threshold)
[1.771s][debug][gc,phases   ] GC(0) Scavenge 12.911ms
[1.771s][debug][gc,ref      ] GC(0) Skipped phase 1 of Reference Processing: no references
[1.771s][debug][gc,ref      ] GC(0) ReferenceProcessor::execute queues: 4, RefProcThreadModel::Multi, marks_oops_alive: false
[1.771s][debug][gc,ref      ] GC(0) Skipped phase 3 of Reference Processing: no references
[1.771s][debug][gc,ref      ] GC(0) ReferenceProcessor::execute queues: 1, RefProcThreadModel::Single, marks_oops_alive: false
[1.771s][debug][gc,phases   ] GC(0) Reference Processing 0.272ms
[1.772s][debug][gc,phases   ] GC(0)   VM Weak                        Min:  0.0, Avg:  0.0, Max:  0.0, Diff:  0.0, Sum:  0.0, Workers: 4
[1.772s][debug][gc,phases   ] GC(0)     Dead                           Min: 0, Avg:  0.0, Max: 0, Diff: 0, Sum: 0, Workers: 4
[1.772s][debug][gc,phases   ] GC(0)     Total                          Min: 0, Avg: 56.5, Max: 162, Diff: 162, Sum: 226, Workers: 4
[1.772s][debug][gc,phases   ] GC(0)   ObjectSynchronizer Weak        Min:  0.0, Avg:  0.0, Max:  0.0, Diff:  0.0, Sum:  0.0, Workers: 4
[1.772s][debug][gc,phases   ] GC(0)     Dead                           Min: 0, Avg:  0.8, Max: 3, Diff: 3, Sum: 3, Workers: 4
[1.772s][debug][gc,phases   ] GC(0)     Total                          Min: 0, Avg:  2.0, Max: 8, Diff: 8, Sum: 8, Workers: 4
[1.772s][debug][gc,phases   ] GC(0)   JVMTI Tag Weak OopStorage      Min:  0.0, Avg:  0.0, Max:  0.0, Diff:  0.0, Sum:  0.0, Workers: 4
[1.772s][debug][gc,phases   ] GC(0)     Dead                           Min: 0, Avg:  0.0, Max: 0, Diff: 0, Sum: 0, Workers: 4
[1.772s][debug][gc,phases   ] GC(0)     Total                          Min: 0, Avg:  0.0, Max: 0, Diff: 0, Sum: 0, Workers: 4
[1.772s][debug][gc,phases   ] GC(0)   StringTable Weak               Min:  0.0, Avg:  0.1, Max:  0.1, Diff:  0.1, Sum:  0.2, Workers: 4
[1.772s][debug][gc,phases   ] GC(0)     Dead                           Min: 0, Avg:  6.8, Max active: 17, Diff: 20, Sum: 27, Workers: 4
[1.772s][debug][gc,phases   ] GC(0)     Total                          Min: 0, Avg: 3314.8, Max: 5707, Diff: 5707, Sum: 13259, Workers: 4
[1.772s][debug][gc,phases   ] GC(0)   ResolvedMethodTable Weak       Min:  0.0, Avg:  0.0, Max:  0.0, Diff:  0.0, Sum:  0.0, Workers: 4
[1.772s][debug][gc,phases   ] GC(0)     Dead                           Min: 0, Avg: 18.5, Max: 32, Diff: 32, Sum: 74, Workers: 4
[1.772s][debug][gc,phases   ] GC(0)     Total                          Min: 0, Avg: 316.5, Max: 562, Diff: 562, Sum: 1266, Workers: 4
[1.772s][debug][gc,phases   ] GC(0)   JNI Weak                       Min:  0.0, Avg:  0.0, Max:  0.0, Diff:  0.0, Sum:  0.0, Workers: 4
[1.772s][debug][gc,phases   ] GC(0)     Dead                           Min: 0, Avg:  0.0, Max: 0, Diff: 0, Sum: 0, Workers: 4
[1.772s][debug][gc,phases   ] GC(0)     Total                          Min: 0, Avg: 11.2, Max: 45, Diff: 45, Sum: 45, Workers: 4
[1.772s][debug][gc,phases   ] GC(0)   StringDedup Table Weak         Min:  0.0, Avg:  0.0, Max:  0.0, Diff:  0.0, Sum:  0.0, Workers: 4
[1.772s][debug][gc,phases   ] GC(0)     Dead                           Min: 0, Avg:  0.0, Max: 0, Diff: 0, Sum: 0, Workers: 4
[1.772s][debug][gc,phases   ] GC(0)     Total                          Min: 0, Avg:  0.0, Max: 0, Diff: 0, Sum: 0, Workers: 4
[1.772s][debug][gc,phases   ] GC(0)   StringDedup Requests0 Weak     Min:  0.0, Avg:  0.0, Max:  0.0, Diff:  0.0, Sum:  0.0, Workers: 4
[1.772s][debug][gc,phases   ] GC(0)     Dead                           Min: 0, Avg:  0.0, Max: 0, Diff: 0, Sum: 0, Workers: 4
[1.772s][debug][gc,phases   ] GC(0)     Total                          Min: 0, Avg:  0.0, Max: 0, Diff: 0, Sum: 0, Workers: 4
[1.772s][debug][gc,phases   ] GC(0)   StringDedup Requests1 Weak     Min:  0.0, Avg:  0.0, Max:  0.0, Diff:  0.0, Sum:  0.0, Workers: 4
[1.772s][debug][gc,phases   ] GC(0)     Dead                           Min: 0, Avg:  0.0, Max: 0, Diff: 0, Sum: 0, Workers: 4
[1.772s][debug][gc,phases   ] GC(0)     Total                          Min: 0, Avg:  0.0, Max: 0, Diff: 0, Sum: 0, Workers: 4
[1.772s][debug][gc,phases   ] GC(0)   Weak JFR Old Object Samples    Min:  0.0, Avg:  0.0, Max:  0.0, Diff:  0.0, Sum:  0.0, Workers: 4
[1.772s][debug][gc,phases   ] GC(0)     Dead                           Min: 0, Avg:  0.0, Max: 0, Diff: 0, Sum: 0, Workers: 4
[1.772s][debug][gc,phases   ] GC(0)     Total                          Min: 0, Avg:  0.0, Max: 0, Diff: 0, Sum: 0, Workers: 4
[1.772s][debug][gc,phases   ] GC(0) Weak Processing 0.252ms
[1.772s][debug][gc,age      ] GC(0) Desired survivor size 536870912 bytes, new threshold 7 (max threshold 15)
[1.772s][info ][gc,heap     ] GC(0) PSYoungGen: 242272K(1572864K)->32681K(1572864K) Eden: 242272K(1048576K)->0K(1048576K) From: 0K(524288K)->32681K(524288K)
[1.772s][info ][gc,heap     ] GC(0) ParOldGen: 0K(6144K)->96K(6144K)
[1.772s][info ][gc,metaspace] GC(0) Metaspace: 21122K(21504K)->21122K(21504K) NonClass: 18692K(18880K)->18692K(18880K) Class: 2430K(2624K)->2430K(2624K)
[1.772s][info ][gc          ] GC(0) Pause Young (Metadata GC Threshold) 236M->32M(1542M) 13.737ms
[1.772s][info ][gc,cpu      ] GC(0) User=0.04s Sys=0.00s Real=0.01s
[1.772s][debug][gc,phases   ] GC(1) Pre Compact 0.010ms
[1.772s][info ][gc,start    ] GC(1) Pause Full (Metadata GC Threshold)
[1.772s][info ][gc,phases,start] GC(1) Marking Phase
[1.778s][debug][gc,phases      ] GC(1) Par Mark 6.398ms
[1.778s][debug][gc,ref         ] GC(1) Skipped phase 1 of Reference Processing: no references
[1.778s][debug][gc,ref         ] GC(1) ReferenceProcessor::execute queues: 1, RefProcThreadModel::Single, marks_oops_alive: false
[1.778s][debug][gc,ref         ] GC(1) Skipped phase 3 of Reference Processing: no references
[1.778s][debug][gc,ref         ] GC(1) ReferenceProcessor::execute queues: 1, RefProcThreadModel::Single, marks_oops_alive: false
[1.778s][debug][gc,phases      ] GC(1) Reference Processing 0.034ms
[1.778s][debug][gc,phases      ] GC(1)   VM Weak                        Min:  0.0, Avg:  0.0, Max:  0.0, Diff:  0.0, Sum:  0.0, Workers: 4
[1.778s][debug][gc,phases      ] GC(1)     Dead                           Min: 0, Avg:  0.0, Max: 0, Diff: 0, Sum: 0, Workers: 4
[1.778s][debug][gc,phases      ] GC(1)     Total                          Min: 0, Avg: 56.5, Max: 226, Diff: 226, Sum: 226, Workers: 4
[1.778s][debug][gc,phases      ] GC(1)   ObjectSynchronizer Weak        Min:  0.0, Avg:  0.0, Max:  0.0, Diff:  0.0, Sum:  0.0, Workers: 4
[1.778s][debug][gc,phases      ] GC(1)     Dead                           Min: 0, Avg:  0.0, Max: 0, Diff: 0, Sum: 0, Workers: 4
[1.778s][debug][gc,phases      ] GC(1)     Total                          Min: 0, Avg:  2.0, Max: 8, Diff: 8, Sum: 8, Workers: 4
[1.778s][debug][gc,phases      ] GC(1)   JVMTI Tag Weak OopStorage      Min:  0.0, Avg:  0.0, Max:  0.0, Diff:  0.0, Sum:  0.0, Workers: 4
[1.778s][debug][gc,phases      ] GC(1)     Dead                           Min: 0, Avg:  0.0, Max: 0, Diff: 0, Sum: 0, Workers: 4
[1.778s][debug][gc,phases      ] GC(1)     Total                          Min: 0, Avg:  0.0, Max: 0, Diff: 0, Sum: 0, Workers: 4
[1.778s][debug][gc,phases      ] GC(1)   StringTable Weak               Min:  0.0, Avg:  0.0, Max:  0.0, Diff:  0.0, Sum:  0.1, Workers: 4
[1.778s][debug][gc,phases      ] GC(1)     Dead                           Min: 0, Avg:  0.0, Max: 0, Diff: 0, Sum: 0, Workers: 4
[1.778s][debug][gc,phases      ] GC(1)     Total                          Min: 3072, Avg: 3314.8, Max: 3840, Diff: 768, Sum: 13259, Workers: 4
[1.778s][debug][gc,phases      ] GC(1)   ResolvedMethodTable Weak       Min:  0.0, Avg:  0.0, Max:  0.0, Diff:  0.0, Sum:  0.0, Workers: 4
[1.778s][debug][gc,phases      ] GC(1)     Dead                           Min: 0, Avg:  0.0, Max: 0, Diff: 0, Sum: 0, Workers: 4
[1.778s][debug][gc,phases      ] GC(1)     Total                          Min: 256, Avg: 316.5, Max: 384, Diff: 128, Sum: 1266, Workers: 4
[1.778s][debug][gc,phases      ] GC(1)   JNI Weak                       Min:  0.0, Avg:  0.0, Max:  0.0, Diff:  0.0, Sum:  0.0, Workers: 4
[1.778s][debug][gc,phases      ] GC(1)     Dead                           Min: 0, Avg:  0.0, Max: 0, Diff: 0, Sum: 0, Workers: 4
[1.778s][debug][gc,phases      ] GC(1)     Total                          Min: 0, Avg: 11.2, Max: 45, Diff: 45, Sum: 45, Workers: 4
[1.778s][debug][gc,phases      ] GC(1)   StringDedup Table Weak         Min:  0.0, Avg:  0.0, Max:  0.0, Diff:  0.0, Sum:  0.0, Workers: 4
[1.778s][debug][gc,phases      ] GC(1)     Dead                           Min: 0, Avg:  0.0, Max: 0, Diff: 0, Sum: 0, Workers: 4
[1.778s][debug][gc,phases      ] GC(1)     Total                          Min: 0, Avg:  0.0, Max: 0, Diff: 0, Sum: 0, Workers: 4
[1.778s][debug][gc,phases      ] GC(1)   StringDedup Requests0 Weak     Min:  0.0, Avg:  0.0, Max:  0.0, Diff:  0.0, Sum:  0.0, Workers: 4
[1.778s][debug][gc,phases      ] GC(1)     Dead                           Min: 0, Avg:  0.0, Max: 0, Diff: 0, Sum: 0, Workers: 4
[1.778s][debug][gc,phases      ] GC(1)     Total                          Min: 0, Avg:  0.0, Max: 0, Diff: 0, Sum: 0, Workers: 4
[1.778s][debug][gc,phases      ] GC(1)   StringDedup Requests1 Weak     Min:  0.0, Avg:  0.0, Max:  0.0, Diff:  0.0, Sum:  0.0, Workers: 4
[1.778s][debug][gc,phases      ] GC(1)     Dead                           Min: 0, Avg:  0.0, Max: 0, Diff: 0, Sum: 0, Workers: 4
[1.778s][debug][gc,phases      ] GC(1)     Total                          Min: 0, Avg:  0.0, Max: 0, Diff: 0, Sum: 0, Workers: 4
[1.778s][debug][gc,phases      ] GC(1)   Weak JFR Old Object Samples    Min:  0.0, Avg:  0.0, Max:  0.0, Diff:  0.0, Sum:  0.0, Workers: 4
[1.778s][debug][gc,phases      ] GC(1)     Dead                           Min: 0, Avg:  0.0, Max: 0, Diff: 0, Sum: 0, Workers: 4
[1.778s][debug][gc,phases      ] GC(1)     Total                          Min: 0, Avg:  0.0, Max: 0, Diff: 0, Sum: 0, Workers: 4
[1.778s][debug][gc,phases      ] GC(1) Weak Processing 0.174ms
[1.778s][debug][gc,phases      ] GC(1) ClassLoaderData 0.007ms
[1.778s][debug][gc,phases      ] GC(1) Trigger cleanups 0.000ms
[1.781s][debug][gc,phases      ] GC(1) Class Unloading 2.386ms
[1.781s][debug][gc,phases      ] GC(1) Report Object Count 0.001ms
[1.781s][info ][gc,phases      ] GC(1) Marking Phase 9.055ms
[1.781s][info ][gc,phases,start] GC(1) Summary Phase
[1.781s][info ][gc,phases      ] GC(1) Summary Phase 0.005ms
[1.781s][info ][gc,phases,start] GC(1) Adjust Roots
[1.783s][info ][gc,phases      ] GC(1) Adjust Roots 2.561ms
[1.783s][info ][gc,phases,start] GC(1) Compaction Phase
[1.807s][info ][gc,phases      ] GC(1) Compaction Phase 23.103ms
[1.807s][info ][gc,phases,start] GC(1) Post Compact
[1.808s][info ][gc,phases      ] GC(1) Post Compact 1.047ms
[1.808s][info ][gc,heap        ] GC(1) PSYoungGen: 32681K(1572864K)->26963K(1572864K) Eden: 0K(1048576K)->0K(1048576K) From: 32681K(524288K)->26963K(524288K)
[1.808s][info ][gc,heap        ] GC(1) ParOldGen: 96K(6144K)->5691K(6144K)
[1.808s][info ][gc,metaspace   ] GC(1) Metaspace: 21122K(21504K)->21122K(21504K) NonClass: 18692K(18880K)->18692K(18880K) Class: 2430K(2624K)->2430K(2624K)
[1.808s][info ][gc             ] GC(1) Pause Full (Metadata GC Threshold) 32M->31M(1542M) 35.900ms
[1.808s][info ][gc,cpu         ] GC(1) User=0.08s Sys=0.01s Real=0.04s
[1.808s][info ][safepoint      ] Safepoint "CollectForMetadataAllocation", Time since last: 15999361 ns, Reaching safepoint: 1700 ns, Cleanup: 15400 ns, At safepoint: 49757490 ns, Total: 49774590 ns
[1.988s][info ][safepoint      ] Safepoint "ICBufferFull", Time since last: 179703985 ns, Reaching safepoint: 1800 ns, Cleanup: 114900 ns, At safepoint: 1300 ns, Total: 118000 ns
[2.109s][info ][safepoint      ] Safepoint "ICBufferFull", Time since last: 121746564 ns, Reaching safepoint: 2800 ns, Cleanup: 112701 ns, At safepoint: 1900 ns, Total: 117401 ns
[2.218s][info ][safepoint      ] Safepoint "ICBufferFull", Time since last: 108693814 ns, Reaching safepoint: 34500 ns, Cleanup: 115900 ns, At safepoint: 9901 ns, Total: 160301 ns
[2.391s][info ][safepoint      ] Safepoint "ICBufferFull", Time since last: 172665757 ns, Reaching safepoint: 2201 ns, Cleanup: 129500 ns, At safepoint: 1700 ns, Total: 133401 ns
[2.672s][info ][safepoint      ] Safepoint "ICBufferFull", Time since last: 280697670 ns, Reaching safepoint: 2800 ns, Cleanup: 165600 ns, At safepoint: 2300 ns, Total: 170700 ns
[2.942s][info ][safepoint      ] Safepoint "ICBufferFull", Time since last: 270075329 ns, Reaching safepoint: 74101 ns, Cleanup: 140900 ns, At safepoint: 9300 ns, Total: 224301 ns
[3.033s][info ][safepoint      ] Safepoint "ICBufferFull", Time since last: 90776046 ns, Reaching safepoint: 69201 ns, Cleanup: 117000 ns, At safepoint: 5300 ns, Total: 191501 ns
[3.157s][info ][safepoint      ] Safepoint "ICBufferFull", Time since last: 123539171 ns, Reaching safepoint: 2200 ns, Cleanup: 121600 ns, At safepoint: 1100 ns, Total: 124900 ns
[3.251s][info ][safepoint      ] Safepoint "ICBufferFull", Time since last: 94068659 ns, Reaching safepoint: 73700 ns, Cleanup: 120400 ns, At safepoint: 5800 ns, Total: 199900 ns
[3.349s][info ][safepoint      ] Safepoint "ICBufferFull", Time since last: 98233975 ns, Reaching safepoint: 2300 ns, Cleanup: 128100 ns, At safepoint: 1500 ns, Total: 131900 ns
[3.560s][info ][safepoint      ] Safepoint "ICBufferFull", Time since last: 210771504 ns, Reaching safepoint: 2500 ns, Cleanup: 133100 ns, At safepoint: 4300 ns, Total: 139900 ns
[3.703s][info ][safepoint      ] Safepoint "ICBufferFull", Time since last: 142079141 ns, Reaching safepoint: 75701 ns, Cleanup: 121800 ns, At safepoint: 7800 ns, Total: 205301 ns
[3.860s][info ][safepoint      ] Safepoint "ICBufferFull", Time since last: 156960298 ns, Reaching safepoint: 2600 ns, Cleanup: 132301 ns, At safepoint: 1900 ns, Total: 136801 ns
[3.875s][info ][gc,start       ] GC(2) Pause Young (Metadata GC Threshold)
[3.929s][debug][gc,phases      ] GC(2) Scavenge 53.862ms
[3.929s][debug][gc,ref         ] GC(2) Skipped phase 1 of Reference Processing: no references
[3.929s][debug][gc,ref         ] GC(2) ReferenceProcessor::execute queues: 4, RefProcThreadModel::Multi, marks_oops_alive: false
[3.929s][debug][gc,ref         ] GC(2) Skipped phase 3 of Reference Processing: no references
[3.929s][debug][gc,ref         ] GC(2) ReferenceProcessor::execute queues: 2, RefProcThreadModel::Multi, marks_oops_alive: false
[3.929s][debug][gc,phases      ] GC(2) Reference Processing 0.505ms
[3.930s][debug][gc,phases      ] GC(2)   VM Weak                        Min:  0.0, Avg:  0.0, Max:  0.0, Diff:  0.0, Sum:  0.0, Workers: 4
[3.930s][debug][gc,phases      ] GC(2)     Dead                           Min: 0, Avg:  0.0, Max: 0, Diff: 0, Sum: 0, Workers: 4
[3.930s][debug][gc,phases      ] GC(2)     Total                          Min: 0, Avg: 85.8, Max: 151, Diff: 151, Sum: 343, Workers: 4
[3.930s][debug][gc,phases      ] GC(2)   ObjectSynchronizer Weak        Min:  0.0, Avg:  0.0, Max:  0.0, Diff:  0.0, Sum:  0.0, Workers: 4
[3.930s][debug][gc,phases      ] GC(2)     Dead                           Min: 0, Avg:  0.0, Max: 0, Diff: 0, Sum: 0, Workers: 4
[3.930s][debug][gc,phases      ] GC(2)     Total                          Min: 0, Avg:  2.0, Max: 8, Diff: 8, Sum: 8, Workers: 4
[3.930s][debug][gc,phases      ] GC(2)   JVMTI Tag Weak OopStorage      Min:  0.0, Avg:  0.0, Max:  0.0, Diff:  0.0, Sum:  0.0, Workers: 4
[3.930s][debug][gc,phases      ] GC(2)     Dead                           Min: 0, Avg:  0.0, Max: 0, Diff: 0, Sum: 0, Workers: 4
[3.930s][debug][gc,phases      ] GC(2)     Total                          Min: 0, Avg:  0.0, Max: 0, Diff: 0, Sum: 0, Workers: 4
[3.930s][debug][gc,phases      ] GC(2)   StringTable Weak               Min:  0.1, Avg:  0.2, Max:  0.3, Diff:  0.2, Sum:  0.9, Workers: 4
[3.930s][debug][gc,phases      ] GC(2)     Dead                           Min: 0, Avg:  2.2, Max: 6, Diff: 6, Sum: 9, Workers: 4
[3.930s][debug][gc,phases      ] GC(2)     Total                          Min: 3840, Avg: 6648.0, Max: 9728, Diff: 5888, Sum: 26592, Workers: 4
[3.930s][debug][gc,phases      ] GC(2)   ResolvedMethodTable Weak       Min:  0.0, Avg:  0.0, Max:  0.0, Diff:  0.0, Sum:  0.1, Workers: 4
[3.930s][debug][gc,phases      ] GC(2)     Dead                           Min: 0, Avg: 14.0, Max: 29, Diff: 29, Sum: 56, Workers: 4
[3.930s][debug][gc,phases      ] GC(2)     Total                          Min: 0, Avg: 704.0, Max: 1024, Diff: 1024, Sum: 2816, Workers: 4
[3.930s][debug][gc,phases      ] GC(2)   JNI Weak                       Min:  0.0, Avg:  0.0, Max:  0.0, Diff:  0.0, Sum:  0.0, Workers: 4
[3.930s][debug][gc,phases      ] GC(2)     Dead                           Min: 0, Avg:  0.0, Max: 0, Diff: 0, Sum: 0, Workers: 4
[3.930s][debug][gc,phases      ] GC(2)     Total                          Min: 0, Avg: 14.0, Max: 45, Diff: 45, Sum: 56, Workers: 4
[3.930s][debug][gc,phases      ] GC(2)   StringDedup Table Weak         Min:  0.0, Avg:  0.0, Max:  0.0, Diff:  0.0, Sum:  0.0, Workers: 4
[3.930s][debug][gc,phases      ] GC(2)     Dead                           Min: 0, Avg:  0.0, Max: 0, Diff: 0, Sum: 0, Workers: 4
[3.930s][debug][gc,phases      ] GC(2)     Total                          Min: 0, Avg:  0.0, Max: 0, Diff: 0, Sum: 0, Workers: 4
[3.930s][debug][gc,phases      ] GC(2)   StringDedup Requests0 Weak     Min:  0.0, Avg:  0.0, Max:  0.0, Diff:  0.0, Sum:  0.0, Workers: 4
[3.930s][debug][gc,phases      ] GC(2)     Dead                           Min: 0, Avg:  0.0, Max: 0, Diff: 0, Sum: 0, Workers: 4
[3.930s][debug][gc,phases      ] GC(2)     Total                          Min: 0, Avg:  0.0, Max: 0, Diff: 0, Sum: 0, Workers: 4
[3.930s][debug][gc,phases      ] GC(2)   StringDedup Requests1 Weak     Min:  0.0, Avg:  0.0, Max:  0.0, Diff:  0.0, Sum:  0.0, Workers: 4
[3.930s][debug][gc,phases      ] GC(2)     Dead                           Min: 0, Avg:  0.0, Max: 0, Diff: 0, Sum: 0, Workers: 4
[3.930s][debug][gc,phases      ] GC(2)     Total                          Min: 0, Avg:  0.0, Max: 0, Diff: 0, Sum: 0, Workers: 4
[3.930s][debug][gc,phases      ] GC(2)   Weak JFR Old Object Samples    Min:  0.0, Avg:  0.0, Max:  0.0, Diff:  0.0, Sum:  0.0, Workers: 4
[3.930s][debug][gc,phases      ] GC(2)     Dead                           Min: 0, Avg:  0.0, Max: 0, Diff: 0, Sum: 0, Workers: 4
[3.930s][debug][gc,phases      ] GC(2)     Total                          Min: 0, Avg:  0.0, Max: 0, Diff: 0, Sum: 0, Workers: 4
[3.930s][debug][gc,phases      ] GC(2) Weak Processing 0.546ms
[3.930s][debug][gc,age         ] GC(2) Desired survivor size 536870912 bytes, new threshold 7 (max threshold 15)
[3.930s][info ][gc,heap        ] GC(2) PSYoungGen: 593219K(1572864K)->89658K(1572864K) Eden: 566255K(1048576K)->0K(1048576K) From: 26963K(524288K)->89658K(524288K)
[3.930s][info ][gc,heap        ] GC(2) ParOldGen: 5691K(6144K)->5715K(6144K)
[3.930s][info ][gc,metaspace   ] GC(2) Metaspace: 35426K(35840K)->35426K(35840K) NonClass: 30877K(31104K)->30877K(31104K) Class: 4548K(4736K)->4548K(4736K)
[3.930s][info ][gc             ] GC(2) Pause Young (Metadata GC Threshold) 584M->93M(1542M) 55.022ms
[3.930s][info ][gc,cpu         ] GC(2) User=0.16s Sys=0.04s Real=0.06s
[3.930s][debug][gc,phases      ] GC(3) Pre Compact 0.025ms
[3.930s][info ][gc,start       ] GC(3) Pause Full (Metadata GC Threshold)
[3.930s][info ][gc,phases,start] GC(3) Marking Phase
[3.966s][debug][gc,phases      ] GC(3) Par Mark 35.970ms
[3.966s][debug][gc,ref         ] GC(3) Skipped phase 1 of Reference Processing: no references
[3.966s][debug][gc,ref         ] GC(3) ReferenceProcessor::execute queues: 3, RefProcThreadModel::Multi, marks_oops_alive: false
[3.966s][debug][gc,ref         ] GC(3) Skipped phase 3 of Reference Processing: no references
[3.966s][debug][gc,ref         ] GC(3) ReferenceProcessor::execute queues: 1, RefProcThreadModel::Single, marks_oops_alive: false
[3.966s][debug][gc,phases      ] GC(3) Reference Processing 0.348ms
[3.966s][debug][gc,phases      ] GC(3)   VM Weak                        Min:  0.0, Avg:  0.0, Max:  0.0, Diff:  0.0, Sum:  0.0, Workers: 4
[3.966s][debug][gc,phases      ] GC(3)     Dead                           Min: 0, Avg:  0.0, Max: 0, Diff: 0, Sum: 0, Workers: 4
[3.966s][debug][gc,phases      ] GC(3)     Total                          Min: 0, Avg: 85.8, Max: 256, Diff: 256, Sum: 343, Workers: 4
[3.967s][debug][gc,phases      ] GC(3)   ObjectSynchronizer Weak        Min:  0.0, Avg:  0.0, Max:  0.0, Diff:  0.0, Sum:  0.0, Workers: 4
[3.967s][debug][gc,phases      ] GC(3)     Dead                           Min: 0, Avg:  0.0, Max: 0, Diff: 0, Sum: 0, Workers: 4
[3.967s][debug][gc,phases      ] GC(3)     Total                          Min: 0, Avg:  2.0, Max: 8, Diff: 8, Sum: 8, Workers: 4
[3.967s][debug][gc,phases      ] GC(3)   JVMTI Tag Weak OopStorage      Min:  0.0, Avg:  0.0, Max:  0.0, Diff:  0.0, Sum:  0.0, Workers: 4
[3.967s][debug][gc,phases      ] GC(3)     Dead                           Min: 0, Avg:  0.0, Max: 0, Diff: 0, Sum: 0, Workers: 4
[3.967s][debug][gc,phases      ] GC(3)     Total                          Min: 0, Avg:  0.0, Max: 0, Diff: 0, Sum: 0, Workers: 4
[3.967s][debug][gc,phases      ] GC(3)   StringTable Weak               Min:  0.0, Avg:  0.1, Max:  0.1, Diff:  0.1, Sum:  0.3, Workers: 4
[3.967s][debug][gc,phases      ] GC(3)     Dead                           Min: 0, Avg:  0.0, Max: 0, Diff: 0, Sum: 0, Workers: 4
[3.967s][debug][gc,phases      ] GC(3)     Total                          Min: 0, Avg: 6648.0, Max: 9920, Diff: 9920, Sum: 26592, Workers: 4
[3.967s][debug][gc,phases      ] GC(3)   ResolvedMethodTable Weak       Min:  0.0, Avg:  0.0, Max:  0.0, Diff:  0.0, Sum:  0.0, Workers: 4
[3.967s][debug][gc,phases      ] GC(3)     Dead                           Min: 0, Avg:  0.0, Max: 0, Diff: 0, Sum: 0, Workers: 4
[3.967s][debug][gc,phases      ] GC(3)     Total                          Min: 0, Avg: 704.0, Max: 1088, Diff: 1088, Sum: 2816, Workers: 4
[3.967s][debug][gc,phases      ] GC(3)   JNI Weak                       Min:  0.0, Avg:  0.0, Max:  0.0, Diff:  0.0, Sum:  0.0, Workers: 4
[3.967s][debug][gc,phases      ] GC(3)     Dead                           Min: 0, Avg:  0.0, Max: 0, Diff: 0, Sum: 0, Workers: 4
[3.967s][debug][gc,phases      ] GC(3)     Total                          Min: 0, Avg: 14.0, Max: 45, Diff: 45, Sum: 56, Workers: 4
[3.967s][debug][gc,phases      ] GC(3)   StringDedup Table Weak         Min:  0.0, Avg:  0.0, Max:  0.0, Diff:  0.0, Sum:  0.0, Workers: 4
[3.967s][debug][gc,phases      ] GC(3)     Dead                           Min: 0, Avg:  0.0, Max: 0, Diff: 0, Sum: 0, Workers: 4
[3.967s][debug][gc,phases      ] GC(3)     Total                          Min: 0, Avg:  0.0, Max: 0, Diff: 0, Sum: 0, Workers: 4
[3.967s][debug][gc,phases      ] GC(3)   StringDedup Requests0 Weak     Min:  0.0, Avg:  0.0, Max:  0.0, Diff:  0.0, Sum:  0.0, Workers: 4
[3.967s][debug][gc,phases      ] GC(3)     Dead                           Min: 0, Avg:  0.0, Max: 0, Diff: 0, Sum: 0, Workers: 4
[3.967s][debug][gc,phases      ] GC(3)     Total                          Min: 0, Avg:  0.0, Max: 0, Diff: 0, Sum: 0, Workers: 4
[3.967s][debug][gc,phases      ] GC(3)   StringDedup Requests1 Weak     Min:  0.0, Avg:  0.0, Max:  0.0, Diff:  0.0, Sum:  0.0, Workers: 4
[3.967s][debug][gc,phases      ] GC(3)     Dead                           Min: 0, Avg:  0.0, Max: 0, Diff: 0, Sum: 0, Workers: 4
[3.967s][debug][gc,phases      ] GC(3)     Total                          Min: 0, Avg:  0.0, Max: 0, Diff: 0, Sum: 0, Workers: 4
[3.967s][debug][gc,phases      ] GC(3)   Weak JFR Old Object Samples    Min:  0.0, Avg:  0.0, Max:  0.0, Diff:  0.0, Sum:  0.0, Workers: 4
[3.967s][debug][gc,phases      ] GC(3)     Dead                           Min: 0, Avg:  0.0, Max: 0, Diff: 0, Sum: 0, Workers: 4
[3.967s][debug][gc,phases      ] GC(3)     Total                          Min: 0, Avg:  0.0, Max: 0, Diff: 0, Sum: 0, Workers: 4
[3.967s][debug][gc,phases      ] GC(3) Weak Processing 0.281ms
[3.967s][debug][gc,phases      ] GC(3) ClassLoaderData 0.036ms
[3.967s][debug][gc,phases      ] GC(3) Trigger cleanups 0.000ms
[3.970s][debug][gc,phases      ] GC(3) Class Unloading 3.675ms
[3.970s][debug][gc,phases      ] GC(3) Report Object Count 0.001ms
[3.970s][info ][gc,phases      ] GC(3) Marking Phase 40.375ms
[3.970s][info ][gc,phases,start] GC(3) Summary Phase
[3.970s][info ][gc,phases      ] GC(3) Summary Phase 0.005ms
[3.970s][info ][gc,phases,start] GC(3) Adjust Roots
[3.975s][info ][gc,phases      ] GC(3) Adjust Roots 4.577ms
[3.975s][info ][gc,phases,start] GC(3) Compaction Phase
[4.343s][info ][gc,phases      ] GC(3) Compaction Phase 367.664ms
[4.343s][info ][gc,phases,start] GC(3) Post Compact
[4.343s][info ][gc,phases      ] GC(3) Post Compact 0.825ms
[4.343s][info ][gc,heap        ] GC(3) PSYoungGen: 89658K(1572864K)->88915K(1572864K) Eden: 0K(1048576K)->0K(1048576K) From: 89658K(524288K)->88915K(524288K)
[4.343s][info ][gc,heap        ] GC(3) ParOldGen: 5715K(6144K)->6006K(6144K)
[4.343s][info ][gc,metaspace   ] GC(3) Metaspace: 35426K(35840K)->35426K(35840K) NonClass: 30877K(31104K)->30877K(31104K) Class: 4548K(4736K)->4548K(4736K)
[4.343s][info ][gc             ] GC(3) Pause Full (Metadata GC Threshold) 93M->92M(1542M) 413.562ms
[4.343s][info ][gc,cpu         ] GC(3) User=0.89s Sys=0.00s Real=0.41s
[4.344s][info ][safepoint      ] Safepoint "CollectForMetadataAllocation", Time since last: 15007857 ns, Reaching safepoint: 1700 ns, Cleanup: 9700 ns, At safepoint: 468709786 ns, Total: 468721186 ns
[4.772s][info ][safepoint      ] Safepoint "ICBufferFull", Time since last: 428444933 ns, Reaching safepoint: 47500 ns, Cleanup: 141201 ns, At safepoint: 4600 ns, Total: 193301 ns
[5.322s][info ][safepoint      ] Safepoint "ICBufferFull", Time since last: 549363093 ns, Reaching safepoint: 2200 ns, Cleanup: 134901 ns, At safepoint: 1800 ns, Total: 138901 ns
[5.583s][info ][safepoint      ] Safepoint "ICBufferFull", Time since last: 260723993 ns, Reaching safepoint: 147501 ns, Cleanup: 115200 ns, At safepoint: 9700 ns, Total: 272401 ns
[5.682s][info ][safepoint      ] Safepoint "ICBufferFull", Time since last: 98657876 ns, Reaching safepoint: 76201 ns, Cleanup: 118000 ns, At safepoint: 7000 ns, Total: 201201 ns
[5.771s][info ][safepoint      ] Safepoint "ICBufferFull", Time since last: 89696542 ns, Reaching safepoint: 2800 ns, Cleanup: 124700 ns, At safepoint: 9100 ns, Total: 136600 ns
[5.862s][info ][safepoint      ] Safepoint "ICBufferFull", Time since last: 90728546 ns, Reaching safepoint: 3100 ns, Cleanup: 131701 ns, At safepoint: 4500 ns, Total: 139301 ns
[6.026s][info ][safepoint      ] Safepoint "ICBufferFull", Time since last: 163235922 ns, Reaching safepoint: 2300 ns, Cleanup: 126800 ns, At safepoint: 2000 ns, Total: 131100 ns
[6.169s][info ][safepoint      ] Safepoint "ICBufferFull", Time since last: 143687748 ns, Reaching safepoint: 2500 ns, Cleanup: 64400 ns, At safepoint: 4700 ns, Total: 71600 ns
[6.198s][info ][gc,start       ] GC(4) Pause Young (Metadata GC Threshold)
[6.257s][debug][gc,phases      ] GC(4) Scavenge 58.212ms
[6.257s][debug][gc,ref         ] GC(4) Skipped phase 1 of Reference Processing: no references
[6.257s][debug][gc,ref         ] GC(4) ReferenceProcessor::execute queues: 4, RefProcThreadModel::Multi, marks_oops_alive: false
[6.257s][debug][gc,ref         ] GC(4) Skipped phase 3 of Reference Processing: no references
[6.257s][debug][gc,ref         ] GC(4) ReferenceProcessor::execute queues: 4, RefProcThreadModel::Multi, marks_oops_alive: false
[6.258s][debug][gc,phases      ] GC(4) Reference Processing 0.964ms
[6.258s][debug][gc,phases      ] GC(4)   VM Weak                        Min:  0.0, Avg:  0.0, Max:  0.0, Diff:  0.0, Sum:  0.0, Workers: 4
[6.258s][debug][gc,phases      ] GC(4)     Dead                           Min: 0, Avg:  0.0, Max: 0, Diff: 0, Sum: 0, Workers: 4
[6.258s][debug][gc,phases      ] GC(4)     Total                          Min: 0, Avg: 129.0, Max: 320, Diff: 320, Sum: 516, Workers: 4
[6.258s][debug][gc,phases      ] GC(4)   ObjectSynchronizer Weak        Min:  0.0, Avg:  0.0, Max:  0.0, Diff:  0.0, Sum:  0.0, Workers: 4
[6.258s][debug][gc,phases      ] GC(4)     Dead                           Min: 0, Avg:  0.0, Max: 0, Diff: 0, Sum: 0, Workers: 4
[6.258s][debug][gc,phases      ] GC(4)     Total                          Min: 0, Avg:  2.5, Max: 10, Diff: 10, Sum: 10, Workers: 4
[6.258s][debug][gc,phases      ] GC(4)   JVMTI Tag Weak OopStorage      Min:  0.0, Avg:  0.0, Max:  0.0, Diff:  0.0, Sum:  0.0, Workers: 4
[6.258s][debug][gc,phases      ] GC(4)     Dead                           Min: 0, Avg:  0.0, Max: 0, Diff: 0, Sum: 0, Workers: 4
[6.258s][debug][gc,phases      ] GC(4)     Total                          Min: 0, Avg:  0.0, Max: 0, Diff: 0, Sum: 0, Workers: 4
[6.258s][debug][gc,phases      ] GC(4)   StringTable Weak               Min:  0.0, Avg:  0.2, Max:  0.4, Diff:  0.4, Sum:  0.8, Workers: 4
[6.258s][debug][gc,phases      ] GC(4)     Dead                           Min: 0, Avg:  4.5, Max: 12, Diff: 12, Sum: 18, Workers: 4
[6.258s][debug][gc,phases      ] GC(4)     Total                          Min: 0, Avg: 9022.0, Max: 18552, Diff: 18552, Sum: 36088, Workers: 4
[6.258s][debug][gc,phases      ] GC(4)   ResolvedMethodTable Weak       Min:  0.0, Avg:  0.1, Max:  0.1, Diff:  0.1, Sum:  0.2, Workers: 4
[6.258s][debug][gc,phases      ] GC(4)     Dead                           Min: 0, Avg: 47.2, Max: 115, Diff: 115, Sum: 189, Workers: 4
[6.258s][debug][gc,phases      ] GC(4)     Total                          Min: 0, Avg: 1616.2, Max: 3328, Diff: 3328, Sum: 6465, Workers: 4
[6.258s][debug][gc,phases      ] GC(4)   JNI Weak                       Min:  0.0, Avg:  0.0, Max:  0.0, Diff:  0.0, Sum:  0.0, Workers: 4
[6.258s][debug][gc,phases      ] GC(4)     Dead                           Min: 0, Avg:  0.0, Max: 0, Diff: 0, Sum: 0, Workers: 4
[6.258s][debug][gc,phases      ] GC(4)     Total                          Min: 0, Avg: 11.2, Max: 45, Diff: 45, Sum: 45, Workers: 4
[6.258s][debug][gc,phases      ] GC(4)   StringDedup Table Weak         Min:  0.0, Avg:  0.0, Max:  0.0, Diff:  0.0, Sum:  0.0, Workers: 4
[6.258s][debug][gc,phases      ] GC(4)     Dead                           Min: 0, Avg:  0.0, Max: 0, Diff: 0, Sum: 0, Workers: 4
[6.258s][debug][gc,phases      ] GC(4)     Total                          Min: 0, Avg:  0.0, Max: 0, Diff: 0, Sum: 0, Workers: 4
[6.258s][debug][gc,phases      ] GC(4)   StringDedup Requests0 Weak     Min:  0.0, Avg:  0.0, Max:  0.0, Diff:  0.0, Sum:  0.0, Workers: 4
[6.258s][debug][gc,phases      ] GC(4)     Dead                           Min: 0, Avg:  0.0, Max: 0, Diff: 0, Sum: 0, Workers: 4
[6.258s][debug][gc,phases      ] GC(4)     Total                          Min: 0, Avg:  0.0, Max: 0, Diff: 0, Sum: 0, Workers: 4
[6.258s][debug][gc,phases      ] GC(4)   StringDedup Requests1 Weak     Min:  0.0, Avg:  0.0, Max:  0.0, Diff:  0.0, Sum:  0.0, Workers: 4
[6.258s][debug][gc,phases      ] GC(4)     Dead                           Min: 0, Avg:  0.0, Max: 0, Diff: 0, Sum: 0, Workers: 4
[6.258s][debug][gc,phases      ] GC(4)     Total                          Min: 0, Avg:  0.0, Max: 0, Diff: 0, Sum: 0, Workers: 4
[6.258s][debug][gc,phases      ] GC(4)   Weak JFR Old Object Samples    Min:  0.0, Avg:  0.0, Max:  0.0, Diff:  0.0, Sum:  0.0, Workers: 4
[6.258s][debug][gc,phases      ] GC(4)     Dead                           Min: 0, Avg:  0.0, Max: 0, Diff: 0, Sum: 0, Workers: 4
[6.258s][debug][gc,phases      ] GC(4)     Total                          Min: 0, Avg:  0.0, Max: 0, Diff: 0, Sum: 0, Workers: 4
[6.258s][debug][gc,phases      ] GC(4) Weak Processing 0.664ms
[6.258s][debug][gc,age         ] GC(4) Desired survivor size 536870912 bytes, new threshold 7 (max threshold 15)
[6.258s][info ][gc,heap        ] GC(4) PSYoungGen: 520950K(1572864K)->114671K(1572864K) Eden: 432034K(1048576K)->0K(1048576K) From: 88915K(524288K)->114671K(524288K)
[6.258s][info ][gc,heap        ] GC(4) ParOldGen: 6006K(6144K)->6022K(6144K)
[6.258s][info ][gc,metaspace   ] GC(4) Metaspace: 59073K(59776K)->59073K(59776K) NonClass: 50122K(50496K)->50122K(50496K) Class: 8951K(9280K)->8951K(9280K)
[6.258s][info ][gc             ] GC(4) Pause Young (Metadata GC Threshold) 514M->117M(1542M) 59.936ms
[6.258s][info ][gc,cpu         ] GC(4) User=0.16s Sys=0.04s Real=0.06s
[6.258s][debug][gc,phases      ] GC(5) Pre Compact 0.007ms
[6.258s][info ][gc,start       ] GC(5) Pause Full (Metadata GC Threshold)
[6.258s][info ][gc,phases,start] GC(5) Marking Phase
[6.309s][debug][gc,phases      ] GC(5) Par Mark 50.492ms
[6.309s][debug][gc,ref         ] GC(5) Skipped phase 1 of Reference Processing: no references
[6.309s][debug][gc,ref         ] GC(5) ReferenceProcessor::execute queues: 4, RefProcThreadModel::Multi, marks_oops_alive: false
[6.310s][debug][gc,ref         ] GC(5) Skipped phase 3 of Reference Processing: no references
[6.310s][debug][gc,ref         ] GC(5) ReferenceProcessor::execute queues: 1, RefProcThreadModel::Single, marks_oops_alive: false
[6.310s][debug][gc,phases      ] GC(5) Reference Processing 0.616ms
[6.310s][debug][gc,phases      ] GC(5)   VM Weak                        Min:  0.0, Avg:  0.0, Max:  0.0, Diff:  0.0, Sum:  0.0, Workers: 4
[6.310s][debug][gc,phases      ] GC(5)     Dead                           Min: 0, Avg:  0.0, Max: 0, Diff: 0, Sum: 0, Workers: 4
[6.310s][debug][gc,phases      ] GC(5)     Total                          Min: 0, Avg: 129.0, Max: 196, Diff: 196, Sum: 516, Workers: 4
[6.310s][debug][gc,phases      ] GC(5)   ObjectSynchronizer Weak        Min:  0.0, Avg:  0.0, Max:  0.0, Diff:  0.0, Sum:  0.0, Workers: 4
[6.310s][debug][gc,phases      ] GC(5)     Dead                           Min: 0, Avg:  0.2, Max: 1, Diff: 1, Sum: 1, Workers: 4
[6.310s][debug][gc,phases      ] GC(5)     Total                          Min: 0, Avg:  2.5, Max: 10, Diff: 10, Sum: 10, Workers: 4
[6.310s][debug][gc,phases      ] GC(5)   JVMTI Tag Weak OopStorage      Min:  0.0, Avg:  0.0, Max:  0.0, Diff:  0.0, Sum:  0.0, Workers: 4
[6.310s][debug][gc,phases      ] GC(5)     Dead                           Min: 0, Avg:  0.0, Max: 0, Diff: 0, Sum: 0, Workers: 4
[6.310s][debug][gc,phases      ] GC(5)     Total                          Min: 0, Avg:  0.0, Max: 0, Diff: 0, Sum: 0, Workers: 4
[6.310s][debug][gc,phases      ] GC(5)   StringTable Weak               Min:  0.0, Avg:  0.1, Max:  0.1, Diff:  0.1, Sum:  0.4, Workers: 4
[6.310s][debug][gc,phases      ] GC(5)     Dead                           Min: 0, Avg:  0.0, Max: 0, Diff: 0, Sum: 0, Workers: 4
[6.310s][debug][gc,phases      ] GC(5)     Total                          Min: 0, Avg: 9022.0, Max: 12216, Diff: 12216, Sum: 36088, Workers: 4
[6.310s][debug][gc,phases      ] GC(5)   ResolvedMethodTable Weak       Min:  0.0, Avg:  0.0, Max:  0.0, Diff:  0.0, Sum:  0.1, Workers: 4
[6.310s][debug][gc,phases      ] GC(5)     Dead                           Min: 0, Avg:  0.0, Max: 0, Diff: 0, Sum: 0, Workers: 4
[6.310s][debug][gc,phases      ] GC(5)     Total                          Min: 0, Avg: 1616.2, Max: 2240, Diff: 2240, Sum: 6465, Workers: 4
[6.310s][debug][gc,phases      ] GC(5)   JNI Weak                       Min:  0.0, Avg:  0.0, Max:  0.0, Diff:  0.0, Sum:  0.0, Workers: 4
[6.310s][debug][gc,phases      ] GC(5)     Dead                           Min: 0, Avg:  0.0, Max: 0, Diff: 0, Sum: 0, Workers: 4
[6.310s][debug][gc,phases      ] GC(5)     Total                          Min: 0, Avg: 11.2, Max: 45, Diff: 45, Sum: 45, Workers: 4
[6.310s][debug][gc,phases      ] GC(5)   StringDedup Table Weak         Min:  0.0, Avg:  0.0, Max:  0.0, Diff:  0.0, Sum:  0.0, Workers: 4
[6.310s][debug][gc,phases      ] GC(5)     Dead                           Min: 0, Avg:  0.0, Max: 0, Diff: 0, Sum: 0, Workers: 4
[6.310s][debug][gc,phases      ] GC(5)     Total                          Min: 0, Avg:  0.0, Max: 0, Diff: 0, Sum: 0, Workers: 4
[6.310s][debug][gc,phases      ] GC(5)   StringDedup Requests0 Weak     Min:  0.0, Avg:  0.0, Max:  0.0, Diff:  0.0, Sum:  0.0, Workers: 4
[6.310s][debug][gc,phases      ] GC(5)     Dead                           Min: 0, Avg:  0.0, Max: 0, Diff: 0, Sum: 0, Workers: 4
[6.310s][debug][gc,phases      ] GC(5)     Total                          Min: 0, Avg:  0.0, Max: 0, Diff: 0, Sum: 0, Workers: 4
[6.310s][debug][gc,phases      ] GC(5)   StringDedup Requests1 Weak     Min:  0.0, Avg:  0.0, Max:  0.0, Diff:  0.0, Sum:  0.0, Workers: 4
[6.310s][debug][gc,phases      ] GC(5)     Dead                           Min: 0, Avg:  0.0, Max: 0, Diff: 0, Sum: 0, Workers: 4
[6.310s][debug][gc,phases      ] GC(5)     Total                          Min: 0, Avg:  0.0, Max: 0, Diff: 0, Sum: 0, Workers: 4
[6.310s][debug][gc,phases      ] GC(5)   Weak JFR Old Object Samples    Min:  0.0, Avg:  0.0, Max:  0.0, Diff:  0.0, Sum:  0.0, Workers: 4
[6.310s][debug][gc,phases      ] GC(5)     Dead                           Min: 0, Avg:  0.0, Max: 0, Diff: 0, Sum: 0, Workers: 4
[6.310s][debug][gc,phases      ] GC(5)     Total                          Min: 0, Avg:  0.0, Max: 0, Diff: 0, Sum: 0, Workers: 4
[6.310s][debug][gc,phases      ] GC(5) Weak Processing 0.314ms
[6.310s][debug][gc,phases      ] GC(5) ClassLoaderData 0.053ms
[6.310s][debug][gc,phases      ] GC(5) Trigger cleanups 0.000ms
[6.316s][debug][gc,phases      ] GC(5) Class Unloading 6.257ms
[6.316s][debug][gc,phases      ] GC(5) Report Object Count 0.001ms
[6.316s][info ][gc,phases      ] GC(5) Marking Phase 57.793ms
[6.316s][info ][gc,phases,start] GC(5) Summary Phase
[6.316s][info ][gc,phases      ] GC(5) Summary Phase 0.006ms
[6.316s][info ][gc,phases,start] GC(5) Adjust Roots
[6.325s][info ][gc,phases      ] GC(5) Adjust Roots 8.548ms
[6.325s][info ][gc,phases,start] GC(5) Compaction Phase
[6.842s][info ][gc,phases      ] GC(5) Compaction Phase 517.502ms
[6.842s][info ][gc,phases,start] GC(5) Post Compact
[6.843s][info ][gc,phases      ] GC(5) Post Compact 1.014ms
[6.843s][info ][gc,heap        ] GC(5) PSYoungGen: 114671K(1572864K)->114404K(1572864K) Eden: 0K(1048576K)->0K(1048576K) From: 114671K(524288K)->114404K(524288K)
[6.843s][info ][gc,heap        ] GC(5) ParOldGen: 6022K(6144K)->5853K(6144K)
[6.843s][info ][gc,metaspace   ] GC(5) Metaspace: 59073K(59776K)->59073K(59776K) NonClass: 50122K(50496K)->50122K(50496K) Class: 8951K(9280K)->8951K(9280K)
[6.843s][info ][gc             ] GC(5) Pause Full (Metadata GC Threshold) 117M->117M(1542M) 584.946ms
[6.843s][info ][gc,cpu         ] GC(5) User=1.21s Sys=0.01s Real=0.58s
[6.843s][info ][safepoint      ] Safepoint "CollectForMetadataAllocation", Time since last: 28947210 ns, Reaching safepoint: 2000 ns, Cleanup: 46600 ns, At safepoint: 644980158 ns, Total: 645028758 ns
[7.137s][info ][safepoint      ] Safepoint "ICBufferFull", Time since last: 293769217 ns, Reaching safepoint: 73700 ns, Cleanup: 135301 ns, At safepoint: 9600 ns, Total: 218601 ns
[7.444s][info ][safepoint      ] Safepoint "ICBufferFull", Time since last: 306124658 ns, Reaching safepoint: 74700 ns, Cleanup: 150801 ns, At safepoint: 10600 ns, Total: 236101 ns
[7.623s][info ][safepoint      ] Safepoint "ICBufferFull", Time since last: 178837077 ns, Reaching safepoint: 78400 ns, Cleanup: 137701 ns, At safepoint: 4900 ns, Total: 221001 ns
[7.750s][info ][safepoint      ] Safepoint "ICBufferFull", Time since last: 127549082 ns, Reaching safepoint: 2100 ns, Cleanup: 132401 ns, At safepoint: 1400 ns, Total: 135901 ns
[8.513s][info ][safepoint      ] Safepoint "ICBufferFull", Time since last: 762749185 ns, Reaching safepoint: 2700 ns, Cleanup: 143301 ns, At safepoint: 1100 ns, Total: 147101 ns
[8.691s][info ][safepoint      ] Safepoint "ICBufferFull", Time since last: 177833273 ns, Reaching safepoint: 3600 ns, Cleanup: 125400 ns, At safepoint: 7700 ns, Total: 136700 ns
[9.151s][info ][gc,start       ] GC(6) Pause Young (Allocation Failure)
[9.359s][debug][gc,phases      ] GC(6) Scavenge 208.477ms
[9.359s][debug][gc,ref         ] GC(6) Skipped phase 1 of Reference Processing: no references
[9.359s][debug][gc,ref         ] GC(6) ReferenceProcessor::execute queues: 4, RefProcThreadModel::Multi, marks_oops_alive: false
[9.360s][debug][gc,ref         ] GC(6) Skipped phase 3 of Reference Processing: no references
[9.360s][debug][gc,ref         ] GC(6) ReferenceProcessor::execute queues: 2, RefProcThreadModel::Multi, marks_oops_alive: false
[9.360s][debug][gc,phases      ] GC(6) Reference Processing 0.956ms
[9.361s][debug][gc,phases      ] GC(6)   VM Weak                        Min:  0.0, Avg:  0.0, Max:  0.0, Diff:  0.0, Sum:  0.0, Workers: 4
[9.361s][debug][gc,phases      ] GC(6)     Dead                           Min: 0, Avg:  0.0, Max: 0, Diff: 0, Sum: 0, Workers: 4
[9.361s][debug][gc,phases      ] GC(6)     Total                          Min: 0, Avg: 153.2, Max: 448, Diff: 448, Sum: 613, Workers: 4
[9.361s][debug][gc,phases      ] GC(6)   ObjectSynchronizer Weak        Min:  0.0, Avg:  0.0, Max:  0.0, Diff:  0.0, Sum:  0.0, Workers: 4
[9.361s][debug][gc,phases      ] GC(6)     Dead                           Min: 0, Avg:  2.0, Max: 8, Diff: 8, Sum: 8, Workers: 4
[9.361s][debug][gc,phases      ] GC(6)     Total                          Min: 0, Avg:  8.2, Max: 33, Diff: 33, Sum: 33, Workers: 4
[9.361s][debug][gc,phases      ] GC(6)   JVMTI Tag Weak OopStorage      Min:  0.0, Avg:  0.0, Max:  0.0, Diff:  0.0, Sum:  0.0, Workers: 4
[9.361s][debug][gc,phases      ] GC(6)     Dead                           Min: 0, Avg:  0.0, Max: 0, Diff: 0, Sum: 0, Workers: 4
[9.361s][debug][gc,phases      ] GC(6)     Total                          Min: 0, Avg:  0.0, Max: 0, Diff: 0, Sum: 0, Workers: 4
[9.361s][debug][gc,phases      ] GC(6)   StringTable Weak               Min:  0.0, Avg:  0.2, Max:  0.4, Diff:  0.4, Sum:  0.9, Workers: 4
[9.361s][debug][gc,phases      ] GC(6)     Dead                           Min: 0, Avg:  4.0, Max: 13, Diff: 13, Sum: 16, Workers: 4
[9.361s][debug][gc,phases      ] GC(6)     Total                          Min: 0, Avg: 9928.5, Max: 25570, Diff: 25570, Sum: 39714, Workers: 4
[9.361s][debug][gc,phases      ] GC(6)   ResolvedMethodTable Weak       Min:  0.0, Avg:  0.1, Max:  0.1, Diff:  0.1, Sum:  0.2, Workers: 4
[9.361s][debug][gc,phases      ] GC(6)     Dead                           Min: 0, Avg: 53.0, Max: 143, Diff: 143, Sum: 212, Workers: 4
[9.361s][debug][gc,phases      ] GC(6)     Total                          Min: 0, Avg: 2141.5, Max: 5430, Diff: 5430, Sum: 8566, Workers: 4
[9.361s][debug][gc,phases      ] GC(6)   JNI Weak                       Min:  0.0, Avg:  0.0, Max:  0.0, Diff:  0.0, Sum:  0.0, Workers: 4
[9.361s][debug][gc,phases      ] GC(6)     Dead                           Min: 0, Avg:  0.0, Max: 0, Diff: 0, Sum: 0, Workers: 4
[9.361s][debug][gc,phases      ] GC(6)     Total                          Min: 0, Avg: 16.5, Max: 47, Diff: 47, Sum: 66, Workers: 4
[9.361s][debug][gc,phases      ] GC(6)   StringDedup Table Weak         Min:  0.0, Avg:  0.0, Max:  0.0, Diff:  0.0, Sum:  0.0, Workers: 4
[9.361s][debug][gc,phases      ] GC(6)     Dead                           Min: 0, Avg:  0.0, Max: 0, Diff: 0, Sum: 0, Workers: 4
[9.361s][debug][gc,phases      ] GC(6)     Total                          Min: 0, Avg:  0.0, Max: 0, Diff: 0, Sum: 0, Workers: 4
[9.361s][debug][gc,phases      ] GC(6)   StringDedup Requests0 Weak     Min:  0.0, Avg:  0.0, Max:  0.0, Diff:  0.0, Sum:  0.0, Workers: 4
[9.361s][debug][gc,phases      ] GC(6)     Dead                           Min: 0, Avg:  0.0, Max: 0, Diff: 0, Sum: 0, Workers: 4
[9.361s][debug][gc,phases      ] GC(6)     Total                          Min: 0, Avg:  0.0, Max: 0, Diff: 0, Sum: 0, Workers: 4
[9.361s][debug][gc,phases      ] GC(6)   StringDedup Requests1 Weak     Min:  0.0, Avg:  0.0, Max:  0.0, Diff:  0.0, Sum:  0.0, Workers: 4
[9.361s][debug][gc,phases      ] GC(6)     Dead                           Min: 0, Avg:  0.0, Max: 0, Diff: 0, Sum: 0, Workers: 4
[9.361s][debug][gc,phases      ] GC(6)     Total                          Min: 0, Avg:  0.0, Max: 0, Diff: 0, Sum: 0, Workers: 4
[9.361s][debug][gc,phases      ] GC(6)   Weak JFR Old Object Samples    Min:  0.0, Avg:  0.0, Max:  0.0, Diff:  0.0, Sum:  0.0, Workers: 4
[9.361s][debug][gc,phases      ] GC(6)     Dead                           Min: 0, Avg:  0.0, Max: 0, Diff: 0, Sum: 0, Workers: 4
[9.361s][debug][gc,phases      ] GC(6)     Total                          Min: 0, Avg:  0.0, Max: 0, Diff: 0, Sum: 0, Workers: 4
[9.361s][debug][gc,phases      ] GC(6) Weak Processing 0.719ms
[9.361s][debug][gc,age         ] GC(6) Desired survivor size 536870912 bytes, new threshold 7 (max threshold 15)
[9.361s][info ][gc,heap        ] GC(6) PSYoungGen: 1162980K(1572864K)->352199K(1572864K) Eden: 1048576K(1048576K)->0K(1048576K) From: 114404K(524288K)->352199K(524288K)
[9.361s][info ][gc,heap        ] GC(6) ParOldGen: 5853K(6144K)->5902K(6144K)
[9.361s][info ][gc,metaspace   ] GC(6) Metaspace: 71538K(72320K)->71538K(72320K) NonClass: 60667K(61056K)->60667K(61056K) Class: 10871K(11264K)->10871K(11264K)
[9.361s][info ][gc             ] GC(6) Pause Young (Allocation Failure) 1141M->349M(1542M) 210.269ms
[9.361s][info ][gc,cpu         ] GC(6) User=0.61s Sys=0.09s Real=0.21s
[9.361s][info ][safepoint      ] Safepoint "ParallelGCFailedAllocation", Time since last: 459193138 ns, Reaching safepoint: 84300 ns, Cleanup: 107300 ns, At safepoint: 210346996 ns, Total: 210538596 ns
[9.742s][info ][safepoint      ] Safepoint "ICBufferFull", Time since last: 380709441 ns, Reaching safepoint: 3500 ns, Cleanup: 125900 ns, At safepoint: 7500 ns, Total: 136900 ns
[9.832s][info ][safepoint      ] Safepoint "ICBufferFull", Time since last: 89459839 ns, Reaching safepoint: 72100 ns, Cleanup: 123900 ns, At safepoint: 8800 ns, Total: 204800 ns
[10.178s][info ][safepoint      ] Safepoint "ICBufferFull", Time since last: 346225210 ns, Reaching safepoint: 4100 ns, Cleanup: 155001 ns, At safepoint: 5000 ns, Total: 164101 ns
[10.817s][info ][safepoint      ] Safepoint "ICBufferFull", Time since last: 639454419 ns, Reaching safepoint: 3600 ns, Cleanup: 99801 ns, At safepoint: 4700 ns, Total: 108101 ns
[11.063s][info ][safepoint      ] Safepoint "ICBufferFull", Time since last: 245778430 ns, Reaching safepoint: 75100 ns, Cleanup: 114100 ns, At safepoint: 7800 ns, Total: 197000 ns
[11.566s][info ][safepoint      ] Safepoint "ICBufferFull", Time since last: 501911899 ns, Reaching safepoint: 3400 ns, Cleanup: 138501 ns, At safepoint: 7700 ns, Total: 149601 ns
[11.614s][info ][gc,start       ] GC(7) Pause Young (Allocation Failure)
[11.720s][debug][gc,phases      ] GC(7) Scavenge 106.128ms
[11.720s][debug][gc,ref         ] GC(7) Skipped phase 1 of Reference Processing: no references
[11.720s][debug][gc,ref         ] GC(7) ReferenceProcessor::execute queues: 4, RefProcThreadModel::Multi, marks_oops_alive: false
[11.721s][debug][gc,ref         ] GC(7) Skipped phase 3 of Reference Processing: no references
[11.721s][debug][gc,ref         ] GC(7) ReferenceProcessor::execute queues: 1, RefProcThreadModel::Single, marks_oops_alive: false
[11.721s][debug][gc,phases      ] GC(7) Reference Processing 0.713ms
[11.721s][debug][gc,phases      ] GC(7)   VM Weak                        Min:  0.0, Avg:  0.0, Max:  0.0, Diff:  0.0, Sum:  0.0, Workers: 4
[11.721s][debug][gc,phases      ] GC(7)     Dead                           Min: 0, Avg:  0.0, Max: 0, Diff: 0, Sum: 0, Workers: 4
[11.721s][debug][gc,phases      ] GC(7)     Total                          Min: 0, Avg: 161.2, Max: 261, Diff: 261, Sum: 645, Workers: 4
[11.721s][debug][gc,phases      ] GC(7)   ObjectSynchronizer Weak        Min:  0.0, Avg:  0.0, Max:  0.0, Diff:  0.0, Sum:  0.0, Workers: 4
[11.721s][debug][gc,phases      ] GC(7)     Dead                           Min: 0, Avg:  0.0, Max: 0, Diff: 0, Sum: 0, Workers: 4
[11.721s][debug][gc,phases      ] GC(7)     Total                          Min: 0, Avg:  8.2, Max: 33, Diff: 33, Sum: 33, Workers: 4
[11.721s][debug][gc,phases      ] GC(7)   JVMTI Tag Weak OopStorage      Min:  0.0, Avg:  0.0, Max:  0.0, Diff:  0.0, Sum:  0.0, Workers: 4
[11.721s][debug][gc,phases      ] GC(7)     Dead                           Min: 0, Avg:  0.0, Max: 0, Diff: 0, Sum: 0, Workers: 4
[11.721s][debug][gc,phases      ] GC(7)     Total                          Min: 0, Avg:  0.0, Max: 0, Diff: 0, Sum: 0, Workers: 4
[11.721s][debug][gc,phases      ] GC(7)   StringTable Weak               Min:  0.0, Avg:  0.2, Max:  0.3, Diff:  0.3, Sum:  0.9, Workers: 4
[11.721s][debug][gc,phases      ] GC(7)     Dead                           Min: 0, Avg:  2.0, Max: 5, Diff: 5, Sum: 8, Workers: 4
[11.721s][debug][gc,phases      ] GC(7)     Total                          Min: 0, Avg: 10109.5, Max: 16758, Diff: 16758, Sum: 40438, Workers: 4
[11.721s][debug][gc,phases      ] GC(7)   ResolvedMethodTable Weak       Min:  0.0, Avg:  0.1, Max:  0.1, Diff:  0.1, Sum:  0.2, Workers: 4
[11.721s][debug][gc,phases      ] GC(7)     Dead                           Min: 0, Avg: 16.8, Max: 34, Diff: 34, Sum: 67, Workers: 4
[11.721s][debug][gc,phases      ] GC(7)     Total                          Min: 0, Avg: 2214.5, Max: 3712, Diff: 3712, Sum: 8858, Workers: 4
[11.721s][debug][gc,phases      ] GC(7)   JNI Weak                       Min:  0.0, Avg:  0.0, Max:  0.0, Diff:  0.0, Sum:  0.0, Workers: 4
[11.721s][debug][gc,phases      ] GC(7)     Dead                           Min: 0, Avg:  0.0, Max: 0, Diff: 0, Sum: 0, Workers: 4
[11.721s][debug][gc,phases      ] GC(7)     Total                          Min: 0, Avg: 13.0, Max: 52, Diff: 52, Sum: 52, Workers: 4
[11.721s][debug][gc,phases      ] GC(7)   StringDedup Table Weak         Min:  0.0, Avg:  0.0, Max:  0.0, Diff:  0.0, Sum:  0.0, Workers: 4
[11.721s][debug][gc,phases      ] GC(7)     Dead                           Min: 0, Avg:  0.0, Max: 0, Diff: 0, Sum: 0, Workers: 4
[11.721s][debug][gc,phases      ] GC(7)     Total                          Min: 0, Avg:  0.0, Max: 0, Diff: 0, Sum: 0, Workers: 4
[11.721s][debug][gc,phases      ] GC(7)   StringDedup Requests0 Weak     Min:  0.0, Avg:  0.0, Max:  0.0, Diff:  0.0, Sum:  0.0, Workers: 4
[11.721s][debug][gc,phases      ] GC(7)     Dead                           Min: 0, Avg:  0.0, Max: 0, Diff: 0, Sum: 0, Workers: 4
[11.721s][debug][gc,phases      ] GC(7)     Total                          Min: 0, Avg:  0.0, Max: 0, Diff: 0, Sum: 0, Workers: 4
[11.721s][debug][gc,phases      ] GC(7)   StringDedup Requests1 Weak     Min:  0.0, Avg:  0.0, Max:  0.0, Diff:  0.0, Sum:  0.0, Workers: 4
[11.721s][debug][gc,phases      ] GC(7)     Dead                           Min: 0, Avg:  0.0, Max: 0, Diff: 0, Sum: 0, Workers: 4
[11.721s][debug][gc,phases      ] GC(7)     Total                          Min: 0, Avg:  0.0, Max: 0, Diff: 0, Sum: 0, Workers: 4
[11.721s][debug][gc,phases      ] GC(7)   Weak JFR Old Object Samples    Min:  0.0, Avg:  0.0, Max:  0.0, Diff:  0.0, Sum:  0.0, Workers: 4
[11.721s][debug][gc,phases      ] GC(7)     Dead                           Min: 0, Avg:  0.0, Max: 0, Diff: 0, Sum: 0, Workers: 4
[11.721s][debug][gc,phases      ] GC(7)     Total                          Min: 0, Avg:  0.0, Max: 0, Diff: 0, Sum: 0, Workers: 4
[11.721s][debug][gc,phases      ] GC(7) Weak Processing 0.554ms
[11.721s][debug][gc,age         ] GC(7) Desired survivor size 378535936 bytes, new threshold 6 (max threshold 15)
[11.721s][info ][gc,heap        ] GC(7) PSYoungGen: 1400775K(1572864K)->236696K(1572864K) Eden: 1048576K(1048576K)->0K(1048576K) From: 352199K(524288K)->236696K(524288K)
[11.721s][info ][gc,heap        ] GC(7) ParOldGen: 5902K(6144K)->5918K(6144K)
[11.721s][info ][gc,metaspace   ] GC(7) Metaspace: 73928K(74752K)->73928K(74752K) NonClass: 62726K(63168K)->62726K(63168K) Class: 11202K(11584K)->11202K(11584K)
[11.721s][info ][gc             ] GC(7) Pause Young (Allocation Failure) 1373M->236M(1542M) 107.507ms
[11.721s][info ][gc,cpu         ] GC(7) User=0.32s Sys=0.04s Real=0.11s
[11.722s][info ][safepoint      ] Safepoint "ParallelGCFailedAllocation", Time since last: 48273983 ns, Reaching safepoint: 70000 ns, Cleanup: 89400 ns, At safepoint: 107585807 ns, Total: 107745207 ns
[11.808s][info ][safepoint      ] Safepoint "ICBufferFull", Time since last: 86251827 ns, Reaching safepoint: 3700 ns, Cleanup: 140400 ns, At safepoint: 2000 ns, Total: 146100 ns
[11.953s][info ][safepoint      ] Safepoint "ICBufferFull", Time since last: 145344950 ns, Reaching safepoint: 3900 ns, Cleanup: 130601 ns, At safepoint: 2000 ns, Total: 136501 ns
[12.322s][info ][safepoint      ] Safepoint "ICBufferFull", Time since last: 368227893 ns, Reaching safepoint: 3500 ns, Cleanup: 136000 ns, At safepoint: 2000 ns, Total: 141500 ns
[12.807s][info ][safepoint      ] Safepoint "ICBufferFull", Time since last: 485194936 ns, Reaching safepoint: 86300 ns, Cleanup: 118401 ns, At safepoint: 9600 ns, Total: 214301 ns
[13.807s][info ][safepoint      ] Safepoint "Cleanup", Time since last: 1000088884 ns, Reaching safepoint: 4300 ns, Cleanup: 123600 ns, At safepoint: 2100 ns, Total: 130000 ns
[14.808s][info ][safepoint      ] Safepoint "Cleanup", Time since last: 1000101284 ns, Reaching safepoint: 3800 ns, Cleanup: 35900 ns, At safepoint: 1600 ns, Total: 41300 ns
[15.063s][info ][safepoint      ] Safepoint "ICBufferFull", Time since last: 255457666 ns, Reaching safepoint: 81700 ns, Cleanup: 126201 ns, At safepoint: 9900 ns, Total: 217801 ns
[15.107s][info ][safepoint      ] Safepoint "ICBufferFull", Time since last: 43800863 ns, Reaching safepoint: 3700 ns, Cleanup: 150101 ns, At safepoint: 7200 ns, Total: 161001 ns
[15.295s][info ][safepoint      ] Safepoint "ICBufferFull", Time since last: 187160199 ns, Reaching safepoint: 2800 ns, Cleanup: 155001 ns, At safepoint: 5300 ns, Total: 163101 ns
[15.428s][info ][safepoint      ] Safepoint "ICBufferFull", Time since last: 133134098 ns, Reaching safepoint: 3900 ns, Cleanup: 151600 ns, At safepoint: 7500 ns, Total: 163000 ns
[15.429s][info ][safepoint      ] Safepoint "ICBufferFull", Time since last: 1062104 ns, Reaching safepoint: 2000 ns, Cleanup: 1300 ns, At safepoint: 4900 ns, Total: 8200 ns
[15.432s][info ][safepoint      ] Safepoint "ICBufferFull", Time since last: 2760811 ns, Reaching safepoint: 75400 ns, Cleanup: 7700 ns, At safepoint: 8100 ns, Total: 91200 ns
[15.583s][info ][safepoint      ] Safepoint "ICBufferFull", Time since last: 151281865 ns, Reaching safepoint: 4000 ns, Cleanup: 184201 ns, At safepoint: 11200 ns, Total: 199401 ns
[15.755s][info ][safepoint      ] Safepoint "ICBufferFull", Time since last: 171558741 ns, Reaching safepoint: 4100 ns, Cleanup: 162501 ns, At safepoint: 2300 ns, Total: 168901 ns
[15.978s][info ][safepoint      ] Safepoint "ICBufferFull", Time since last: 222695832 ns, Reaching safepoint: 3800 ns, Cleanup: 164901 ns, At safepoint: 3100 ns, Total: 171801 ns
[16.520s][info ][safepoint      ] Safepoint "ICBufferFull", Time since last: 541764924 ns, Reaching safepoint: 40200 ns, Cleanup: 166501 ns, At safepoint: 2700 ns, Total: 209401 ns
[17.302s][info ][safepoint      ] Safepoint "ICBufferFull", Time since last: 781999922 ns, Reaching safepoint: 3900 ns, Cleanup: 136001 ns, At safepoint: 7900 ns, Total: 147801 ns
[17.621s][info ][safepoint      ] Safepoint "ICBufferFull", Time since last: 318384090 ns, Reaching safepoint: 73900 ns, Cleanup: 141601 ns, At safepoint: 6000 ns, Total: 221501 ns
[17.906s][info ][gc,start       ] GC(8) Pause Young (Allocation Failure)
[17.995s][debug][gc,phases      ] GC(8) Scavenge 88.458ms
[17.995s][debug][gc,ref         ] GC(8) Skipped phase 1 of Reference Processing: no references
[17.995s][debug][gc,ref         ] GC(8) ReferenceProcessor::execute queues: 4, RefProcThreadModel::Multi, marks_oops_alive: false
[17.995s][debug][gc,ref         ] GC(8) ReferenceProcessor::execute queues: 4, RefProcThreadModel::Multi, marks_oops_alive: true
[17.995s][debug][gc,ref         ] GC(8) ReferenceProcessor::execute queues: 1, RefProcThreadModel::Single, marks_oops_alive: false
[17.996s][debug][gc,phases      ] GC(8) Reference Processing 0.854ms
[17.996s][debug][gc,phases      ] GC(8)   VM Weak                        Min:  0.0, Avg:  0.0, Max:  0.0, Diff:  0.0, Sum:  0.0, Workers: 4
[17.996s][debug][gc,phases      ] GC(8)     Dead                           Min: 0, Avg:  0.0, Max: 0, Diff: 0, Sum: 0, Workers: 4
[17.996s][debug][gc,phases      ] GC(8)     Total                          Min: 0, Avg: 176.0, Max: 384, Diff: 384, Sum: 704, Workers: 4
[17.996s][debug][gc,phases      ] GC(8)   ObjectSynchronizer Weak        Min:  0.0, Avg:  0.0, Max:  0.0, Diff:  0.0, Sum:  0.0, Workers: 4
[17.996s][debug][gc,phases      ] GC(8)     Dead                           Min: 0, Avg:  0.2, Max: 1, Diff: 1, Sum: 1, Workers: 4
[17.996s][debug][gc,phases      ] GC(8)     Total                          Min: 0, Avg:  9.0, Max: 36, Diff: 36, Sum: 36, Workers: 4
[17.996s][debug][gc,phases      ] GC(8)   JVMTI Tag Weak OopStorage      Min:  0.0, Avg:  0.0, Max:  0.0, Diff:  0.0, Sum:  0.0, Workers: 4
[17.996s][debug][gc,phases      ] GC(8)     Dead                           Min: 0, Avg:  0.0, Max: 0, Diff: 0, Sum: 0, Workers: 4
[17.996s][debug][gc,phases      ] GC(8)     Total                          Min: 0, Avg:  0.0, Max: 0, Diff: 0, Sum: 0, Workers: 4
[17.996s][debug][gc,phases      ] GC(8)   StringTable Weak               Min:  0.0, Avg:  0.3, Max:  0.3, Diff:  0.3, Sum:  1.0, Workers: 4
[17.996s][debug][gc,phases      ] GC(8)     Dead                           Min: 0, Avg:  2.8, Max: 6, Diff: 6, Sum: 11, Workers: 4
[17.996s][debug][gc,phases      ] GC(8)     Total                          Min: 0, Avg: 10559.8, Max: 16896, Diff: 16896, Sum: 42239, Workers: 4
[17.996s][debug][gc,phases      ] GC(8)   ResolvedMethodTable Weak       Min:  0.0, Avg:  0.1, Max:  0.1, Diff:  0.1, Sum:  0.3, Workers: 4
[17.996s][debug][gc,phases      ] GC(8)     Dead                           Min: 0, Avg: 42.2, Max: 94, Diff: 94, Sum: 169, Workers: 4
[17.996s][debug][gc,phases      ] GC(8)     Total                          Min: 0, Avg: 2464.5, Max: 4284, Diff: 4284, Sum: 9858, Workers: 4
[17.996s][debug][gc,phases      ] GC(8)   JNI Weak                       Min:  0.0, Avg:  0.0, Max:  0.0, Diff:  0.0, Sum:  0.0, Workers: 4
[17.996s][debug][gc,phases      ] GC(8)     Dead                           Min: 0, Avg:  0.0, Max: 0, Diff: 0, Sum: 0, Workers: 4
[17.996s][debug][gc,phases      ] GC(8)     Total                          Min: 0, Avg: 17.5, Max: 45, Diff: 45, Sum: 70, Workers: 4
[17.996s][debug][gc,phases      ] GC(8)   StringDedup Table Weak         Min:  0.0, Avg:  0.0, Max:  0.0, Diff:  0.0, Sum:  0.0, Workers: 4
[17.996s][debug][gc,phases      ] GC(8)     Dead                           Min: 0, Avg:  0.0, Max: 0, Diff: 0, Sum: 0, Workers: 4
[17.996s][debug][gc,phases      ] GC(8)     Total                          Min: 0, Avg:  0.0, Max: 0, Diff: 0, Sum: 0, Workers: 4
[17.996s][debug][gc,phases      ] GC(8)   StringDedup Requests0 Weak     Min:  0.0, Avg:  0.0, Max:  0.0, Diff:  0.0, Sum:  0.0, Workers: 4
[17.996s][debug][gc,phases      ] GC(8)     Dead                           Min: 0, Avg:  0.0, Max: 0, Diff: 0, Sum: 0, Workers: 4
[17.996s][debug][gc,phases      ] GC(8)     Total                          Min: 0, Avg:  0.0, Max: 0, Diff: 0, Sum: 0, Workers: 4
[17.996s][debug][gc,phases      ] GC(8)   StringDedup Requests1 Weak     Min:  0.0, Avg:  0.0, Max:  0.0, Diff:  0.0, Sum:  0.0, Workers: 4
[17.996s][debug][gc,phases      ] GC(8)     Dead                           Min: 0, Avg:  0.0, Max: 0, Diff: 0, Sum: 0, Workers: 4
[17.996s][debug][gc,phases      ] GC(8)     Total                          Min: 0, Avg:  0.0, Max: 0, Diff: 0, Sum: 0, Workers: 4
[17.996s][debug][gc,phases      ] GC(8)   Weak JFR Old Object Samples    Min:  0.0, Avg:  0.0, Max:  0.0, Diff:  0.0, Sum:  0.0, Workers: 4
[17.996s][debug][gc,phases      ] GC(8)     Dead                           Min: 0, Avg:  0.0, Max: 0, Diff: 0, Sum: 0, Workers: 4
[17.996s][debug][gc,phases      ] GC(8)     Total                          Min: 0, Avg:  0.0, Max: 0, Diff: 0, Sum: 0, Workers: 4
[17.996s][debug][gc,phases      ] GC(8) Weak Processing 0.605ms
[17.996s][debug][gc,age         ] GC(8) Desired survivor size 391118848 bytes, new threshold 5 (max threshold 15)
[17.996s][info ][gc,heap        ] GC(8) PSYoungGen: 1285272K(1572864K)->244297K(1702912K) Eden: 1048576K(1048576K)->0K(1333248K) From: 236696K(524288K)->244297K(369664K)
[17.996s][info ][gc,heap        ] GC(8) ParOldGen: 5918K(6144K)->6198K(6656K)
[17.996s][info ][gc,metaspace   ] GC(8) Metaspace: 80661K(81536K)->80661K(81536K) NonClass: 68549K(69056K)->68549K(69056K) Class: 12112K(12480K)->12112K(12480K)
[17.996s][info ][gc             ] GC(8) Pause Young (Allocation Failure) 1260M->244M(1669M) 90.036ms
[17.996s][info ][gc,cpu         ] GC(8) User=0.30s Sys=0.01s Real=0.10s
[17.996s][info ][safepoint      ] Safepoint "ParallelGCFailedAllocation", Time since last: 285510967 ns, Reaching safepoint: 3800 ns, Cleanup: 63500 ns, At safepoint: 90108637 ns, Total: 90175937 ns
[18.996s][info ][safepoint      ] Safepoint "Cleanup", Time since last: 1000100337 ns, Reaching safepoint: 4300 ns, Cleanup: 103700 ns, At safepoint: 8201 ns, Total: 116201 ns
[19.997s][info ][safepoint      ] Safepoint "Cleanup", Time since last: 1000102737 ns, Reaching safepoint: 3500 ns, Cleanup: 87200 ns, At safepoint: 6100 ns, Total: 96800 ns
[20.997s][info ][safepoint      ] Safepoint "Cleanup", Time since last: 1000100638 ns, Reaching safepoint: 3600 ns, Cleanup: 76400 ns, At safepoint: 1800 ns, Total: 81800 ns
[21.564s][info ][safepoint      ] Safepoint "ICBufferFull", Time since last: 566810218 ns, Reaching safepoint: 3000 ns, Cleanup: 139301 ns, At safepoint: 2400 ns, Total: 144701 ns
[21.564s][info ][safepoint      ] Safepoint "ICBufferFull", Time since last: 64100 ns, Reaching safepoint: 69400 ns, Cleanup: 2700 ns, At safepoint: 3500 ns, Total: 75600 ns
[22.210s][info ][safepoint      ] Safepoint "ICBufferFull", Time since last: 645880914 ns, Reaching safepoint: 5000 ns, Cleanup: 170701 ns, At safepoint: 6400 ns, Total: 182101 ns
[23.210s][info ][safepoint      ] Safepoint "Cleanup", Time since last: 1000085128 ns, Reaching safepoint: 3500 ns, Cleanup: 92600 ns, At safepoint: 4600 ns, Total: 100700 ns
[24.210s][info ][safepoint      ] Safepoint "Cleanup", Time since last: 1000107176 ns, Reaching safepoint: 74001 ns, Cleanup: 158600 ns, At safepoint: 3000 ns, Total: 235601 ns
[25.019s][info ][safepoint      ] Safepoint "ICBufferFull", Time since last: 808552172 ns, Reaching safepoint: 81800 ns, Cleanup: 144401 ns, At safepoint: 7400 ns, Total: 233601 ns
[25.410s][info ][safepoint      ] Safepoint "ICBufferFull", Time since last: 390934737 ns, Reaching safepoint: 4000 ns, Cleanup: 154200 ns, At safepoint: 1900 ns, Total: 160100 ns
[26.304s][info ][gc,start       ] GC(9) Pause Young (Allocation Failure)
[26.424s][debug][gc,phases      ] GC(9) Scavenge 119.894ms
[26.424s][debug][gc,ref         ] GC(9) Skipped phase 1 of Reference Processing: no references
[26.424s][debug][gc,ref         ] GC(9) ReferenceProcessor::execute queues: 4, RefProcThreadModel::Multi, marks_oops_alive: false
[26.424s][debug][gc,ref         ] GC(9) ReferenceProcessor::execute queues: 4, RefProcThreadModel::Multi, marks_oops_alive: true
[26.424s][debug][gc,ref         ] GC(9) ReferenceProcessor::execute queues: 1, RefProcThreadModel::Single, marks_oops_alive: false
[26.424s][debug][gc,phases      ] GC(9) Reference Processing 0.667ms
[26.425s][debug][gc,phases      ] GC(9)   VM Weak                        Min:  0.0, Avg:  0.0, Max:  0.0, Diff:  0.0, Sum:  0.0, Workers: 4
[26.425s][debug][gc,phases      ] GC(9)     Dead                           Min: 0, Avg:  0.0, Max: 0, Diff: 0, Sum: 0, Workers: 4
[26.425s][debug][gc,phases      ] GC(9)     Total                          Min: 64, Avg: 177.8, Max: 320, Diff: 256, Sum: 711, Workers: 4
[26.425s][debug][gc,phases      ] GC(9)   ObjectSynchronizer Weak        Min:  0.0, Avg:  0.0, Max:  0.0, Diff:  0.0, Sum:  0.0, Workers: 4
[26.425s][debug][gc,phases      ] GC(9)     Dead                           Min: 0, Avg:  0.0, Max: 0, Diff: 0, Sum: 0, Workers: 4
[26.425s][debug][gc,phases      ] GC(9)     Total                          Min: 0, Avg:  9.0, Max: 36, Diff: 36, Sum: 36, Workers: 4
[26.425s][debug][gc,phases      ] GC(9)   JVMTI Tag Weak OopStorage      Min:  0.0, Avg:  0.0, Max:  0.0, Diff:  0.0, Sum:  0.0, Workers: 4
[26.425s][debug][gc,phases      ] GC(9)     Dead                           Min: 0, Avg:  0.0, Max: 0, Diff: 0, Sum: 0, Workers: 4
[26.425s][debug][gc,phases      ] GC(9)     Total                          Min: 0, Avg:  0.0, Max: 0, Diff: 0, Sum: 0, Workers: 4
[26.425s][debug][gc,phases      ] GC(9)   StringTable Weak               Min:  0.3, Avg:  0.3, Max:  0.3, Diff:  0.0, Sum:  1.1, Workers: 4
[26.425s][debug][gc,phases      ] GC(9)     Dead                           Min: 0, Avg:  1.0, Max: 2, Diff: 2, Sum: 4, Workers: 4
[26.425s][debug][gc,phases      ] GC(9)     Total                          Min: 10240, Avg: 10677.8, Max: 11095, Diff: 855, Sum: 42711, Workers: 4
[26.425s][debug][gc,phases      ] GC(9)   ResolvedMethodTable Weak       Min:  0.1, Avg:  0.1, Max:  0.1, Diff:  0.0, Sum:  0.3, Workers: 4
[26.425s][debug][gc,phases      ] GC(9)     Dead                           Min: 0, Avg:  0.0, Max: 0, Diff: 0, Sum: 0, Workers: 4
[26.425s][debug][gc,phases      ] GC(9)     Total                          Min: 2335, Avg: 2487.8, Max: 2624, Diff: 289, Sum: 9951, Workers: 4
[26.425s][debug][gc,phases      ] GC(9)   JNI Weak                       Min:  0.0, Avg:  0.0, Max:  0.0, Diff:  0.0, Sum:  0.0, Workers: 4
[26.425s][debug][gc,phases      ] GC(9)     Dead                           Min: 0, Avg:  0.0, Max: 0, Diff: 0, Sum: 0, Workers: 4
[26.425s][debug][gc,phases      ] GC(9)     Total                          Min: 0, Avg: 11.5, Max: 46, Diff: 46, Sum: 46, Workers: 4
[26.425s][debug][gc,phases      ] GC(9)   StringDedup Table Weak         Min:  0.0, Avg:  0.0, Max:  0.0, Diff:  0.0, Sum:  0.0, Workers: 4
[26.425s][debug][gc,phases      ] GC(9)     Dead                           Min: 0, Avg:  0.0, Max: 0, Diff: 0, Sum: 0, Workers: 4
[26.425s][debug][gc,phases      ] GC(9)     Total                          Min: 0, Avg:  0.0, Max: 0, Diff: 0, Sum: 0, Workers: 4
[26.425s][debug][gc,phases      ] GC(9)   StringDedup Requests0 Weak     Min:  0.0, Avg:  0.0, Max:  0.0, Diff:  0.0, Sum:  0.0, Workers: 4
[26.425s][debug][gc,phases      ] GC(9)     Dead                           Min: 0, Avg:  0.0, Max: 0, Diff: 0, Sum: 0, Workers: 4
[26.425s][debug][gc,phases      ] GC(9)     Total                          Min: 0, Avg:  0.0, Max: 0, Diff: 0, Sum: 0, Workers: 4
[26.425s][debug][gc,phases      ] GC(9)   StringDedup Requests1 Weak     Min:  0.0, Avg:  0.0, Max:  0.0, Diff:  0.0, Sum:  0.0, Workers: 4
[26.425s][debug][gc,phases      ] GC(9)     Dead                           Min: 0, Avg:  0.0, Max: 0, Diff: 0, Sum: 0, Workers: 4
[26.425s][debug][gc,phases      ] GC(9)     Total                          Min: 0, Avg:  0.0, Max: 0, Diff: 0, Sum: 0, Workers: 4
[26.425s][debug][gc,phases      ] GC(9)   Weak JFR Old Object Samples    Min:  0.0, Avg:  0.0, Max:  0.0, Diff:  0.0, Sum:  0.0, Workers: 4
[26.425s][debug][gc,phases      ] GC(9)     Dead                           Min: 0, Avg:  0.0, Max: 0, Diff: 0, Sum: 0, Workers: 4
[26.425s][debug][gc,phases      ] GC(9)     Total                          Min: 0, Avg:  0.0, Max: 0, Diff: 0, Sum: 0, Workers: 4
[26.425s][debug][gc,phases      ] GC(9) Weak Processing 0.534ms
[26.425s][debug][gc,age         ] GC(9) Desired survivor size 365953024 bytes, new threshold 4 (max threshold 15)
[26.425s][info ][gc,heap        ] GC(9) PSYoungGen: 1577545K(1702912K)->158694K(1715200K) Eden: 1333248K(1333248K)->0K(1333248K) From: 244297K(369664K)->158694K(381952K)
[26.425s][info ][gc,heap        ] GC(9) ParOldGen: 6198K(6656K)->92529K(92672K)
[26.425s][info ][gc,metaspace   ] GC(9) Metaspace: 81582K(82432K)->81582K(82432K) NonClass: 69411K(69888K)->69411K(69888K) Class: 12171K(12544K)->12171K(12544K)
[26.425s][info ][gc             ] GC(9) Pause Young (Allocation Failure) 1546M->245M(1765M) 121.219ms
[26.425s][info ][gc,cpu         ] GC(9) User=0.32s Sys=0.10s Real=0.12s
[26.425s][debug][gc,phases      ] GC(10) Pre Compact 0.009ms
[26.425s][info ][gc,start       ] GC(10) Pause Full (Ergonomics)
[26.425s][info ][gc,phases,start] GC(10) Marking Phase
[26.513s][debug][gc,phases      ] GC(10) Par Mark 87.592ms
[26.513s][debug][gc,ref         ] GC(10) Skipped phase 1 of Reference Processing: no references
[26.513s][debug][gc,ref         ] GC(10) ReferenceProcessor::execute queues: 4, RefProcThreadModel::Multi, marks_oops_alive: false
[26.513s][debug][gc,ref         ] GC(10) Skipped phase 3 of Reference Processing: no references
[26.513s][debug][gc,ref         ] GC(10) ReferenceProcessor::execute queues: 1, RefProcThreadModel::Single, marks_oops_alive: false
[26.513s][debug][gc,phases      ] GC(10) Reference Processing 0.372ms
[26.513s][debug][gc,phases      ] GC(10)   VM Weak                        Min:  0.0, Avg:  0.0, Max:  0.0, Diff:  0.0, Sum:  0.0, Workers: 4
[26.513s][debug][gc,phases      ] GC(10)     Dead                           Min: 0, Avg:  0.0, Max: 0, Diff: 0, Sum: 0, Workers: 4
[26.513s][debug][gc,phases      ] GC(10)     Total                          Min: 7, Avg: 177.8, Max: 320, Diff: 313, Sum: 711, Workers: 4
[26.513s][debug][gc,phases      ] GC(10)   ObjectSynchronizer Weak        Min:  0.0, Avg:  0.0, Max:  0.0, Diff:  0.0, Sum:  0.0, Workers: 4
[26.513s][debug][gc,phases      ] GC(10)     Dead                           Min: 0, Avg:  0.0, Max: 0, Diff: 0, Sum: 0, Workers: 4
[26.513s][debug][gc,phases      ] GC(10)     Total                          Min: 0, Avg:  9.0, Max: 36, Diff: 36, Sum: 36, Workers: 4
[26.513s][debug][gc,phases      ] GC(10)   JVMTI Tag Weak OopStorage      Min:  0.0, Avg:  0.0, Max:  0.0, Diff:  0.0, Sum:  0.0, Workers: 4
[26.513s][debug][gc,phases      ] GC(10)     Dead                           Min: 0, Avg:  0.0, Max: 0, Diff: 0, Sum: 0, Workers: 4
[26.513s][debug][gc,phases      ] GC(10)     Total                          Min: 0, Avg:  0.0, Max: 0, Diff: 0, Sum: 0, Workers: 4
[26.513s][debug][gc,phases      ] GC(10)   StringTable Weak               Min:  0.1, Avg:  0.1, Max:  0.1, Diff:  0.0, Sum:  0.6, Workers: 4
[26.513s][debug][gc,phases      ] GC(10)     Dead                           Min: 0, Avg:  0.0, Max: 0, Diff: 0, Sum: 0, Workers: 4
[26.513s][debug][gc,phases      ] GC(10)     Total                          Min: 9344, Avg: 10677.8, Max: 11456, Diff: 2112, Sum: 42711, Workers: 4
[26.513s][debug][gc,phases      ] GC(10)   ResolvedMethodTable Weak       Min:  0.0, Avg:  0.0, Max:  0.0, Diff:  0.0, Sum:  0.1, Workers: 4
[26.513s][debug][gc,phases      ] GC(10)     Dead                           Min: 0, Avg:  0.2, Max: 1, Diff: 1, Sum: 1, Workers: 4
[26.513s][debug][gc,phases      ] GC(10)     Total                          Min: 2399, Avg: 2487.8, Max: 2624, Diff: 225, Sum: 9951, Workers: 4
[26.513s][debug][gc,phases      ] GC(10)   JNI Weak                       Min:  0.0, Avg:  0.0, Max:  0.0, Diff:  0.0, Sum:  0.0, Workers: 4
[26.513s][debug][gc,phases      ] GC(10)     Dead                           Min: 0, Avg:  0.0, Max: 0, Diff: 0, Sum: 0, Workers: 4
[26.513s][debug][gc,phases      ] GC(10)     Total                          Min: 0, Avg: 11.5, Max: 46, Diff: 46, Sum: 46, Workers: 4
[26.513s][debug][gc,phases      ] GC(10)   StringDedup Table Weak         Min:  0.0, Avg:  0.0, Max:  0.0, Diff:  0.0, Sum:  0.0, Workers: 4
[26.513s][debug][gc,phases      ] GC(10)     Dead                           Min: 0, Avg:  0.0, Max: 0, Diff: 0, Sum: 0, Workers: 4
[26.513s][debug][gc,phases      ] GC(10)     Total                          Min: 0, Avg:  0.0, Max: 0, Diff: 0, Sum: 0, Workers: 4
[26.513s][debug][gc,phases      ] GC(10)   StringDedup Requests0 Weak     Min:  0.0, Avg:  0.0, Max:  0.0, Diff:  0.0, Sum:  0.0, Workers: 4
[26.513s][debug][gc,phases      ] GC(10)     Dead                           Min: 0, Avg:  0.0, Max: 0, Diff: 0, Sum: 0, Workers: 4
[26.513s][debug][gc,phases      ] GC(10)     Total                          Min: 0, Avg:  0.0, Max: 0, Diff: 0, Sum: 0, Workers: 4
[26.513s][debug][gc,phases      ] GC(10)   StringDedup Requests1 Weak     Min:  0.0, Avg:  0.0, Max:  0.0, Diff:  0.0, Sum:  0.0, Workers: 4
[26.513s][debug][gc,phases      ] GC(10)     Dead                           Min: 0, Avg:  0.0, Max: 0, Diff: 0, Sum: 0, Workers: 4
[26.513s][debug][gc,phases      ] GC(10)     Total                          Min: 0, Avg:  0.0, Max: 0, Diff: 0, Sum: 0, Workers: 4
[26.513s][debug][gc,phases      ] GC(10)   Weak JFR Old Object Samples    Min:  0.0, Avg:  0.0, Max:  0.0, Diff:  0.0, Sum:  0.0, Workers: 4
[26.513s][debug][gc,phases      ] GC(10)     Dead                           Min: 0, Avg:  0.0, Max: 0, Diff: 0, Sum: 0, Workers: 4
[26.513s][debug][gc,phases      ] GC(10)     Total                          Min: 0, Avg:  0.0, Max: 0, Diff: 0, Sum: 0, Workers: 4
[26.513s][debug][gc,phases      ] GC(10) Weak Processing 0.319ms
[26.513s][debug][gc,phases      ] GC(10) ClassLoaderData 0.079ms
[26.513s][debug][gc,phases      ] GC(10) Trigger cleanups 0.000ms
[26.527s][debug][gc,phases      ] GC(10) Class Unloading 13.435ms
[26.527s][debug][gc,phases      ] GC(10) Report Object Count 0.001ms
[26.527s][info ][gc,phases      ] GC(10) Marking Phase 101.859ms
[26.527s][info ][gc,phases,start] GC(10) Summary Phase
[26.527s][info ][gc,phases      ] GC(10) Summary Phase 0.007ms
[26.527s][info ][gc,phases,start] GC(10) Adjust Roots
[26.545s][info ][gc,phases      ] GC(10) Adjust Roots 17.907ms
[26.545s][info ][gc,phases,start] GC(10) Compaction Phase
[27.079s][info ][gc,phases      ] GC(10) Compaction Phase 534.626ms
[27.079s][info ][gc,phases,start] GC(10) Post Compact
[27.082s][info ][gc,phases      ] GC(10) Post Compact 2.441ms
[27.082s][info ][gc,heap        ] GC(10) PSYoungGen: 158694K(1715200K)->157142K(1715200K) Eden: 0K(1333248K)->0K(1333248K) From: 158694K(381952K)->157142K(381952K)
[27.082s][info ][gc,heap        ] GC(10) ParOldGen: 92529K(92672K)->92552K(145920K)
[27.082s][info ][gc,metaspace   ] GC(10) Metaspace: 81582K(82432K)->81582K(82432K) NonClass: 69411K(69888K)->69411K(69888K) Class: 12171K(12544K)->12171K(12544K)
[27.082s][info ][gc             ] GC(10) Pause Full (Ergonomics) 245M->243M(1817M) 657.039ms
[27.082s][info ][gc,cpu         ] GC(10) User=1.84s Sys=0.01s Real=0.66s
[27.082s][info ][safepoint      ] Safepoint "ParallelGCFailedAllocation", Time since last: 893041983 ns, Reaching safepoint: 3100 ns, Cleanup: 113300 ns, At safepoint: 778948163 ns, Total: 779064563 ns
[28.057s][info ][safepoint      ] Safepoint "ICBufferFull", Time since last: 974471882 ns, Reaching safepoint: 4300 ns, Cleanup: 156801 ns, At safepoint: 2500 ns, Total: 163601 ns
[29.057s][info ][safepoint      ] Safepoint "Cleanup", Time since last: 1000117176 ns, Reaching safepoint: 3200 ns, Cleanup: 45200 ns, At safepoint: 1600 ns, Total: 50000 ns
[30.058s][info ][safepoint      ] Safepoint "Cleanup", Time since last: 1000119876 ns, Reaching safepoint: 87000 ns, Cleanup: 114201 ns, At safepoint: 12300 ns, Total: 213501 ns
[31.059s][info ][safepoint      ] Safepoint "ICBufferFull", Time since last: 1000926479 ns, Reaching safepoint: 3900 ns, Cleanup: 165900 ns, At safepoint: 1600 ns, Total: 171400 ns
[32.060s][info ][safepoint      ] Safepoint "Cleanup", Time since last: 1000922667 ns, Reaching safepoint: 5000 ns, Cleanup: 98700 ns, At safepoint: 2100 ns, Total: 105800 ns
[33.060s][info ][safepoint      ] Safepoint "Cleanup", Time since last: 1000062263 ns, Reaching safepoint: 3800 ns, Cleanup: 25100 ns, At safepoint: 1500 ns, Total: 30400 ns
[34.060s][info ][safepoint      ] Safepoint "Cleanup", Time since last: 1000096564 ns, Reaching safepoint: 4100 ns, Cleanup: 19400 ns, At safepoint: 1600 ns, Total: 25100 ns
[34.903s][info ][gc,start       ] GC(11) Pause Young (Allocation Failure)
[34.988s][debug][gc,phases      ] GC(11) Scavenge 84.559ms
[34.988s][debug][gc,ref         ] GC(11) Skipped phase 1 of Reference Processing: no references
[34.988s][debug][gc,ref         ] GC(11) ReferenceProcessor::execute queues: 1, RefProcThreadModel::Single, marks_oops_alive: false
[34.988s][debug][gc,ref         ] GC(11) Skipped phase 3 of Reference Processing: no references
[34.988s][debug][gc,ref         ] GC(11) ReferenceProcessor::execute queues: 1, RefProcThreadModel::Single, marks_oops_alive: false
[34.988s][debug][gc,phases      ] GC(11) Reference Processing 0.110ms
[34.988s][debug][gc,phases      ] GC(11)   VM Weak                        Min:  0.0, Avg:  0.0, Max:  0.0, Diff:  0.0, Sum:  0.0, Workers: 4
[34.988s][debug][gc,phases      ] GC(11)     Dead                           Min: 0, Avg:  0.0, Max: 0, Diff: 0, Sum: 0, Workers: 4
[34.988s][debug][gc,phases      ] GC(11)     Total                          Min: 0, Avg: 178.2, Max: 448, Diff: 448, Sum: 713, Workers: 4
[34.988s][debug][gc,phases      ] GC(11)   ObjectSynchronizer Weak        Min:  0.0, Avg:  0.0, Max:  0.0, Diff:  0.0, Sum:  0.0, Workers: 4
[34.988s][debug][gc,phases      ] GC(11)     Dead                           Min: 0, Avg:  0.0, Max: 0, Diff: 0, Sum: 0, Workers: 4
[34.988s][debug][gc,phases      ] GC(11)     Total                          Min: 0, Avg:  9.0, Max: 36, Diff: 36, Sum: 36, Workers: 4
[34.988s][debug][gc,phases      ] GC(11)   JVMTI Tag Weak OopStorage      Min:  0.0, Avg:  0.0, Max:  0.0, Diff:  0.0, Sum:  0.0, Workers: 4
[34.988s][debug][gc,phases      ] GC(11)     Dead                           Min: 0, Avg:  0.0, Max: 0, Diff: 0, Sum: 0, Workers: 4
[34.988s][debug][gc,phases      ] GC(11)     Total                          Min: 0, Avg:  0.0, Max: 0, Diff: 0, Sum: 0, Workers: 4
[34.988s][debug][gc,phases      ] GC(11)   StringTable Weak               Min:  0.1, Avg:  0.2, Max:  0.3, Diff:  0.2, Sum:  0.8, Workers: 4
[34.988s][debug][gc,phases      ] GC(11)     Dead                           Min: 0, Avg:  0.5, Max: 1, Diff: 1, Sum: 2, Workers: 4
[34.988s][debug][gc,phases      ] GC(11)     Total                          Min: 1955, Avg: 10728.8, Max: 18944, Diff: 16989, Sum: 42915, Workers: 4
[34.988s][debug][gc,phases      ] GC(11)   ResolvedMethodTable Weak       Min:  0.0, Avg:  0.1, Max:  0.1, Diff:  0.1, Sum:  0.2, Workers: 4
[34.988s][debug][gc,phases      ] GC(11)     Dead                           Min: 0, Avg:  4.0, Max: 15, Diff: 15, Sum: 16, Workers: 4
[34.988s][debug][gc,phases      ] GC(11)     Total                          Min: 0, Avg: 2504.8, Max: 4516, Diff: 4516, Sum: 10019, Workers: 4
[34.988s][debug][gc,phases      ] GC(11)   JNI Weak                       Min:  0.0, Avg:  0.0, Max:  0.0, Diff:  0.0, Sum:  0.0, Workers: 4
[34.988s][debug][gc,phases      ] GC(11)     Dead                           Min: 0, Avg:  0.0, Max: 0, Diff: 0, Sum: 0, Workers: 4
[34.988s][debug][gc,phases      ] GC(11)     Total                          Min: 0, Avg: 11.2, Max: 45, Diff: 45, Sum: 45, Workers: 4
[34.988s][debug][gc,phases      ] GC(11)   StringDedup Table Weak         Min:  0.0, Avg:  0.0, Max:  0.0, Diff:  0.0, Sum:  0.0, Workers: 4
[34.988s][debug][gc,phases      ] GC(11)     Dead                           Min: 0, Avg:  0.0, Max: 0, Diff: 0, Sum: 0, Workers: 4
[34.988s][debug][gc,phases      ] GC(11)     Total                          Min: 0, Avg:  0.0, Max: 0, Diff: 0, Sum: 0, Workers: 4
[34.988s][debug][gc,phases      ] GC(11)   StringDedup Requests0 Weak     Min:  0.0, Avg:  0.0, Max:  0.0, Diff:  0.0, Sum:  0.0, Workers: 4
[34.988s][debug][gc,phases      ] GC(11)     Dead                           Min: 0, Avg:  0.0, Max: 0, Diff: 0, Sum: 0, Workers: 4
[34.988s][debug][gc,phases      ] GC(11)     Total                          Min: 0, Avg:  0.0, Max: 0, Diff: 0, Sum: 0, Workers: 4
[34.988s][debug][gc,phases      ] GC(11)   StringDedup Requests1 Weak     Min:  0.0, Avg:  0.0, Max:  0.0, Diff:  0.0, Sum:  0.0, Workers: 4
[34.989s][debug][gc,phases      ] GC(11)     Dead                           Min: 0, Avg:  0.0, Max: 0, Diff: 0, Sum: 0, Workers: 4
[34.989s][debug][gc,phases      ] GC(11)     Total                          Min: 0, Avg:  0.0, Max: 0, Diff: 0, Sum: 0, Workers: 4
[34.989s][debug][gc,phases      ] GC(11)   Weak JFR Old Object Samples    Min:  0.0, Avg:  0.0, Max:  0.0, Diff:  0.0, Sum:  0.0, Workers: 4
[34.989s][debug][gc,phases      ] GC(11)     Dead                           Min: 0, Avg:  0.0, Max: 0, Diff: 0, Sum: 0, Workers: 4
[34.989s][debug][gc,phases      ] GC(11)     Total                          Min: 0, Avg:  0.0, Max: 0, Diff: 0, Sum: 0, Workers: 4
[34.989s][debug][gc,phases      ] GC(11) Weak Processing 0.453ms
[34.989s][debug][gc,age         ] GC(11) Desired survivor size 352845824 bytes, new threshold 5 (max threshold 15)
[34.989s][info ][gc,heap        ] GC(11) PSYoungGen: 1490390K(1715200K)->129617K(1752576K) Eden: 1333248K(1333248K)->0K(1395200K) From: 157142K(381952K)->129617K(357376K)
[34.989s][info ][gc,heap        ] GC(11) ParOldGen: 92552K(145920K)->165179K(165376K)
[34.989s][info ][gc,metaspace   ] GC(11) Metaspace: 81913K(82816K)->81913K(82816K) NonClass: 69711K(70208K)->69711K(70208K) Class: 12201K(12608K)->12201K(12608K)
[34.989s][info ][gc             ] GC(11) Pause Young (Allocation Failure) 1545M->287M(1873M) 85.225ms
[34.989s][info ][gc,cpu         ] GC(11) User=0.25s Sys=0.03s Real=0.09s
[34.989s][debug][gc,phases      ] GC(12) Pre Compact 0.008ms
[34.989s][info ][gc,start       ] GC(12) Pause Full (Ergonomics)
[34.989s][info ][gc,phases,start] GC(12) Marking Phase
[35.090s][debug][gc,phases      ] GC(12) Par Mark 101.158ms
[35.090s][debug][gc,ref         ] GC(12) Skipped phase 1 of Reference Processing: no references
[35.090s][debug][gc,ref         ] GC(12) ReferenceProcessor::execute queues: 4, RefProcThreadModel::Multi, marks_oops_alive: false
[35.091s][debug][gc,ref         ] GC(12) Skipped phase 3 of Reference Processing: no references
[35.091s][debug][gc,ref         ] GC(12) ReferenceProcessor::execute queues: 1, RefProcThreadModel::Single, marks_oops_alive: false
[35.091s][debug][gc,phases      ] GC(12) Reference Processing 0.694ms
[35.091s][debug][gc,phases      ] GC(12)   VM Weak                        Min:  0.0, Avg:  0.0, Max:  0.0, Diff:  0.0, Sum:  0.0, Workers: 4
[35.091s][debug][gc,phases      ] GC(12)     Dead                           Min: 0, Avg:  0.0, Max: 0, Diff: 0, Sum: 0, Workers: 4
[35.091s][debug][gc,phases      ] GC(12)     Total                          Min: 64, Avg: 178.2, Max: 265, Diff: 201, Sum: 713, Workers: 4
[35.091s][debug][gc,phases      ] GC(12)   ObjectSynchronizer Weak        Min:  0.0, Avg:  0.0, Max:  0.0, Diff:  0.0, Sum:  0.0, Workers: 4
[35.091s][debug][gc,phases      ] GC(12)     Dead                           Min: 0, Avg:  0.0, Max: 0, Diff: 0, Sum: 0, Workers: 4
[35.091s][debug][gc,phases      ] GC(12)     Total                          Min: 0, Avg:  9.0, Max: 36, Diff: 36, Sum: 36, Workers: 4
[35.091s][debug][gc,phases      ] GC(12)   JVMTI Tag Weak OopStorage      Min:  0.0, Avg:  0.0, Max:  0.0, Diff:  0.0, Sum:  0.0, Workers: 4
[35.091s][debug][gc,phases      ] GC(12)     Dead                           Min: 0, Avg:  0.0, Max: 0, Diff: 0, Sum: 0, Workers: 4
[35.091s][debug][gc,phases      ] GC(12)     Total                          Min: 0, Avg:  0.0, Max: 0, Diff: 0, Sum: 0, Workers: 4
[35.091s][debug][gc,phases      ] GC(12)   StringTable Weak               Min:  0.1, Avg:  0.1, Max:  0.1, Diff:  0.0, Sum:  0.6, Workers: 4
[35.091s][debug][gc,phases      ] GC(12)     Dead                           Min: 0, Avg:  0.0, Max: 0, Diff: 0, Sum: 0, Workers: 4
[35.091s][debug][gc,phases      ] GC(12)     Total                          Min: 9344, Avg: 10728.8, Max: 11455, Diff: 2111, Sum: 42915, Workers: 4
[35.091s][debug][gc,phases      ] GC(12)   ResolvedMethodTable Weak       Min:  0.0, Avg:  0.0, Max:  0.0, Diff:  0.0, Sum:  0.1, Workers: 4
[35.091s][debug][gc,phases      ] GC(12)     Dead                           Min: 0, Avg:  0.0, Max: 0, Diff: 0, Sum: 0, Workers: 4
[35.091s][debug][gc,phases      ] GC(12)     Total                          Min: 2367, Avg: 2504.8, Max: 2624, Diff: 257, Sum: 10019, Workers: 4
[35.091s][debug][gc,phases      ] GC(12)   JNI Weak                       Min:  0.0, Avg:  0.0, Max:  0.0, Diff:  0.0, Sum:  0.0, Workers: 4
[35.091s][debug][gc,phases      ] GC(12)     Dead                           Min: 0, Avg:  0.0, Max: 0, Diff: 0, Sum: 0, Workers: 4
[35.091s][debug][gc,phases      ] GC(12)     Total                          Min: 0, Avg: 11.2, Max: 45, Diff: 45, Sum: 45, Workers: 4
[35.091s][debug][gc,phases      ] GC(12)   StringDedup Table Weak         Min:  0.0, Avg:  0.0, Max:  0.0, Diff:  0.0, Sum:  0.0, Workers: 4
[35.091s][debug][gc,phases      ] GC(12)     Dead                           Min: 0, Avg:  0.0, Max: 0, Diff: 0, Sum: 0, Workers: 4
[35.091s][debug][gc,phases      ] GC(12)     Total                          Min: 0, Avg:  0.0, Max: 0, Diff: 0, Sum: 0, Workers: 4
[35.091s][debug][gc,phases      ] GC(12)   StringDedup Requests0 Weak     Min:  0.0, Avg:  0.0, Max:  0.0, Diff:  0.0, Sum:  0.0, Workers: 4
[35.091s][debug][gc,phases      ] GC(12)     Dead                           Min: 0, Avg:  0.0, Max: 0, Diff: 0, Sum: 0, Workers: 4
[35.091s][debug][gc,phases      ] GC(12)     Total                          Min: 0, Avg:  0.0, Max: 0, Diff: 0, Sum: 0, Workers: 4
[35.091s][debug][gc,phases      ] GC(12)   StringDedup Requests1 Weak     Min:  0.0, Avg:  0.0, Max:  0.0, Diff:  0.0, Sum:  0.0, Workers: 4
[35.091s][debug][gc,phases      ] GC(12)     Dead                           Min: 0, Avg:  0.0, Max: 0, Diff: 0, Sum: 0, Workers: 4
[35.091s][debug][gc,phases      ] GC(12)     Total                          Min: 0, Avg:  0.0, Max: 0, Diff: 0, Sum: 0, Workers: 4
[35.091s][debug][gc,phases      ] GC(12)   Weak JFR Old Object Samples    Min:  0.0, Avg:  0.0, Max:  0.0, Diff:  0.0, Sum:  0.0, Workers: 4
[35.091s][debug][gc,phases      ] GC(12)     Dead                           Min: 0, Avg:  0.0, Max: 0, Diff: 0, Sum: 0, Workers: 4
[35.091s][debug][gc,phases      ] GC(12)     Total                          Min: 0, Avg:  0.0, Max: 0, Diff: 0, Sum: 0, Workers: 4
[35.091s][debug][gc,phases      ] GC(12) Weak Processing 0.344ms
[35.091s][debug][gc,phases      ] GC(12) ClassLoaderData 0.080ms
[35.091s][debug][gc,phases      ] GC(12) Trigger cleanups 0.000ms
[35.106s][debug][gc,phases      ] GC(12) Class Unloading 14.602ms
[35.106s][debug][gc,phases      ] GC(12) Report Object Count 0.001ms
[35.106s][info ][gc,phases      ] GC(12) Marking Phase 116.942ms
[35.106s][info ][gc,phases,start] GC(12) Summary Phase
[35.106s][info ][gc,phases      ] GC(12) Summary Phase 0.008ms
[35.106s][info ][gc,phases,start] GC(12) Adjust Roots
[35.118s][info ][gc,phases      ] GC(12) Adjust Roots 12.415ms
[35.118s][info ][gc,phases,start] GC(12) Compaction Phase
[35.373s][info ][gc,phases      ] GC(12) Compaction Phase 254.850ms
[35.373s][info ][gc,phases,start] GC(12) Post Compact
[35.374s][info ][gc,phases      ] GC(12) Post Compact 1.419ms
[35.374s][info ][gc,heap        ] GC(12) PSYoungGen: 129617K(1752576K)->128186K(1752576K) Eden: 0K(1395200K)->0K(1395200K) From: 129617K(357376K)->128186K(357376K)
[35.374s][info ][gc,heap        ] GC(12) ParOldGen: 165179K(165376K)->163511K(246272K)
[35.374s][info ][gc,metaspace   ] GC(12) Metaspace: 81913K(82816K)->81913K(82816K) NonClass: 69711K(70208K)->69711K(70208K) Class: 12201K(12608K)->12201K(12608K)
[35.374s][info ][gc             ] GC(12) Pause Full (Ergonomics) 287M->284M(1952M) 385.852ms
[35.374s][info ][gc,cpu         ] GC(12) User=1.17s Sys=0.00s Real=0.38s
[35.375s][info ][safepoint      ] Safepoint "ParallelGCFailedAllocation", Time since last: 843301889 ns, Reaching safepoint: 3400 ns, Cleanup: 41500 ns, At safepoint: 471482827 ns, Total: 471527727 ns
[36.375s][info ][safepoint      ] Safepoint "Cleanup", Time since last: 1000083963 ns, Reaching safepoint: 4300 ns, Cleanup: 44900 ns, At safepoint: 1700 ns, Total: 50900 ns
[37.375s][info ][safepoint      ] Safepoint "Cleanup", Time since last: 1000088963 ns, Reaching safepoint: 3900 ns, Cleanup: 44101 ns, At safepoint: 1500 ns, Total: 49501 ns
[39.257s][info ][safepoint      ] Safepoint "Cleanup", Time since last: 1881970079 ns, Reaching safepoint: 72000 ns, Cleanup: 82201 ns, At safepoint: 5400 ns, Total: 159601 ns
[40.257s][info ][safepoint      ] Safepoint "Cleanup", Time since last: 1000106486 ns, Reaching safepoint: 75100 ns, Cleanup: 43501 ns, At safepoint: 7800 ns, Total: 126401 ns
[41.308s][info ][safepoint      ] Safepoint "Cleanup", Time since last: 1050027565 ns, Reaching safepoint: 80601 ns, Cleanup: 38600 ns, At safepoint: 10000 ns, Total: 129201 ns
[42.308s][info ][safepoint      ] Safepoint "Cleanup", Time since last: 1000120586 ns, Reaching safepoint: 78401 ns, Cleanup: 89600 ns, At safepoint: 7800 ns, Total: 175801 ns
[43.308s][info ][safepoint      ] Safepoint "Cleanup", Time since last: 1000106387 ns, Reaching safepoint: 3700 ns, Cleanup: 41500 ns, At safepoint: 1500 ns, Total: 46700 ns
[44.308s][info ][safepoint      ] Safepoint "Cleanup", Time since last: 1000099687 ns, Reaching safepoint: 75300 ns, Cleanup: 21200 ns, At safepoint: 9900 ns, Total: 106400 ns
[45.308s][info ][safepoint      ] Safepoint "Cleanup", Time since last: 1000086186 ns, Reaching safepoint: 3500 ns, Cleanup: 23201 ns, At safepoint: 1400 ns, Total: 28101 ns
[46.308s][info ][safepoint      ] Safepoint "Cleanup", Time since last: 1000098886 ns, Reaching safepoint: 3700 ns, Cleanup: 20900 ns, At safepoint: 1700 ns, Total: 26300 ns
[47.309s][info ][safepoint      ] Safepoint "Cleanup", Time since last: 1000105148 ns, Reaching safepoint: 74600 ns, Cleanup: 20200 ns, At safepoint: 8400 ns, Total: 103200 ns
[47.553s][info ][gc,start       ] GC(13) Pause Young (Allocation Failure)
[47.627s][debug][gc,phases      ] GC(13) Scavenge 73.473ms
[47.627s][debug][gc,ref         ] GC(13) Skipped phase 1 of Reference Processing: no references
[47.627s][debug][gc,ref         ] GC(13) ReferenceProcessor::execute queues: 1, RefProcThreadModel::Single, marks_oops_alive: false
[47.627s][debug][gc,ref         ] GC(13) Skipped phase 3 of Reference Processing: no references
[47.627s][debug][gc,ref         ] GC(13) ReferenceProcessor::execute queues: 1, RefProcThreadModel::Single, marks_oops_alive: false
[47.627s][debug][gc,phases      ] GC(13) Reference Processing 0.144ms
[47.627s][debug][gc,phases      ] GC(13)   VM Weak                        Min:  0.0, Avg:  0.0, Max:  0.0, Diff:  0.0, Sum:  0.0, Workers: 4
[47.627s][debug][gc,phases      ] GC(13)     Dead                           Min: 0, Avg:  0.0, Max: 0, Diff: 0, Sum: 0, Workers: 4
[47.627s][debug][gc,phases      ] GC(13)     Total                          Min: 0, Avg: 178.2, Max: 640, Diff: 640, Sum: 713, Workers: 4
[47.627s][debug][gc,phases      ] GC(13)   ObjectSynchronizer Weak        Min:  0.0, Avg:  0.0, Max:  0.0, Diff:  0.0, Sum:  0.0, Workers: 4
[47.627s][debug][gc,phases      ] GC(13)     Dead                           Min: 0, Avg:  0.0, Max: 0, Diff: 0, Sum: 0, Workers: 4
[47.627s][debug][gc,phases      ] GC(13)     Total                          Min: 0, Avg:  9.0, Max: 36, Diff: 36, Sum: 36, Workers: 4
[47.627s][debug][gc,phases      ] GC(13)   JVMTI Tag Weak OopStorage      Min:  0.0, Avg:  0.0, Max:  0.0, Diff:  0.0, Sum:  0.0, Workers: 4
[47.627s][debug][gc,phases      ] GC(13)     Dead                           Min: 0, Avg:  0.0, Max: 0, Diff: 0, Sum: 0, Workers: 4
[47.627s][debug][gc,phases      ] GC(13)     Total                          Min: 0, Avg:  0.0, Max: 0, Diff: 0, Sum: 0, Workers: 4
[47.627s][debug][gc,phases      ] GC(13)   StringTable Weak               Min:  0.1, Avg:  0.1, Max:  0.1, Diff:  0.0, Sum:  0.5, Workers: 4
[47.627s][debug][gc,phases      ] GC(13)     Dead                           Min: 0, Avg:  0.2, Max: 1, Diff: 1, Sum: 1, Workers: 4
[47.627s][debug][gc,phases      ] GC(13)     Total                          Min: 9151, Avg: 10742.2, Max: 11802, Diff: 2651, Sum: 42969, Workers: 4
[47.627s][debug][gc,phases      ] GC(13)   ResolvedMethodTable Weak       Min:  0.0, Avg:  0.0, Max:  0.0, Diff:  0.0, Sum:  0.1, Workers: 4
[47.627s][debug][gc,phases      ] GC(13)     Dead                           Min: 0, Avg:  0.0, Max: 0, Diff: 0, Sum: 0, Workers: 4
[47.627s][debug][gc,phases      ] GC(13)     Total                          Min: 2303, Avg: 2505.2, Max: 2752, Diff: 449, Sum: 10021, Workers: 4
[47.627s][debug][gc,phases      ] GC(13)   JNI Weak                       Min:  0.0, Avg:  0.0, Max:  0.0, Diff:  0.0, Sum:  0.0, Workers: 4
[47.627s][debug][gc,phases      ] GC(13)     Dead                           Min: 0, Avg:  0.0, Max: 0, Diff: 0, Sum: 0, Workers: 4
[47.627s][debug][gc,phases      ] GC(13)     Total                          Min: 0, Avg: 11.2, Max: 45, Diff: 45, Sum: 45, Workers: 4
[47.627s][debug][gc,phases      ] GC(13)   StringDedup Table Weak         Min:  0.0, Avg:  0.0, Max:  0.0, Diff:  0.0, Sum:  0.0, Workers: 4
[47.627s][debug][gc,phases      ] GC(13)     Dead                           Min: 0, Avg:  0.0, Max: 0, Diff: 0, Sum: 0, Workers: 4
[47.627s][debug][gc,phases      ] GC(13)     Total                          Min: 0, Avg:  0.0, Max: 0, Diff: 0, Sum: 0, Workers: 4
[47.627s][debug][gc,phases      ] GC(13)   StringDedup Requests0 Weak     Min:  0.0, Avg:  0.0, Max:  0.0, Diff:  0.0, Sum:  0.0, Workers: 4
[47.627s][debug][gc,phases      ] GC(13)     Dead                           Min: 0, Avg:  0.0, Max: 0, Diff: 0, Sum: 0, Workers: 4
[47.627s][debug][gc,phases      ] GC(13)     Total                          Min: 0, Avg:  0.0, Max: 0, Diff: 0, Sum: 0, Workers: 4
[47.627s][debug][gc,phases      ] GC(13)   StringDedup Requests1 Weak     Min:  0.0, Avg:  0.0, Max:  0.0, Diff:  0.0, Sum:  0.0, Workers: 4
[47.627s][debug][gc,phases      ] GC(13)     Dead                           Min: 0, Avg:  0.0, Max: 0, Diff: 0, Sum: 0, Workers: 4
[47.627s][debug][gc,phases      ] GC(13)     Total                          Min: 0, Avg:  0.0, Max: 0, Diff: 0, Sum: 0, Workers: 4
[47.627s][debug][gc,phases      ] GC(13)   Weak JFR Old Object Samples    Min:  0.0, Avg:  0.0, Max:  0.0, Diff:  0.0, Sum:  0.0, Workers: 4
[47.627s][debug][gc,phases      ] GC(13)     Dead                           Min: 0, Avg:  0.0, Max: 0, Diff: 0, Sum: 0, Workers: 4
[47.627s][debug][gc,phases      ] GC(13)     Total                          Min: 0, Avg:  0.0, Max: 0, Diff: 0, Sum: 0, Workers: 4
[47.627s][debug][gc,phases      ] GC(13) Weak Processing 0.334ms
[47.627s][debug][gc,age         ] GC(13) Desired survivor size 336592896 bytes, new threshold 6 (max threshold 15)
[47.627s][info ][gc,heap        ] GC(13) PSYoungGen: 1523386K(1752576K)->150065K(1739776K) Eden: 1395200K(1395200K)->0K(1395200K) From: 128186K(357376K)->150065K(344576K)
[47.627s][info ][gc,heap        ] GC(13) ParOldGen: 163511K(246272K)->163519K(246272K)
[47.627s][info ][gc,metaspace   ] GC(13) Metaspace: 82083K(82944K)->82083K(82944K) NonClass: 69880K(70336K)->69880K(70336K) Class: 12202K(12608K)->12202K(12608K)
[47.627s][info ][gc             ] GC(13) Pause Young (Allocation Failure) 1647M->306M(1939M) 74.063ms
[47.627s][info ][gc,cpu         ] GC(13) User=0.25s Sys=0.01s Real=0.07s
[47.627s][info ][safepoint      ] Safepoint "ParallelGCFailedAllocation", Time since last: 244645699 ns, Reaching safepoint: 4100 ns, Cleanup: 17300 ns, At safepoint: 74135160 ns, Total: 74156560 ns
[48.628s][info ][safepoint      ] Safepoint "Cleanup", Time since last: 1000042313 ns, Reaching safepoint: 3600 ns, Cleanup: 61900 ns, At safepoint: 1600 ns, Total: 67100 ns
[49.628s][info ][safepoint      ] Safepoint "Cleanup", Time since last: 1000145528 ns, Reaching safepoint: 16300 ns, Cleanup: 56500 ns, At safepoint: 2300 ns, Total: 75100 ns
[49.991s][info ][safepoint      ] Safepoint "ICBufferFull", Time since last: 362472542 ns, Reaching safepoint: 76100 ns, Cleanup: 124801 ns, At safepoint: 9800 ns, Total: 210701 ns
[50.083s][info ][safepoint      ] Safepoint "ICBufferFull", Time since last: 92200616 ns, Reaching safepoint: 80800 ns, Cleanup: 167600 ns, At safepoint: 9100 ns, Total: 257500 ns
[50.362s][info ][safepoint      ] Safepoint "ICBufferFull", Time since last: 279084456 ns, Reaching safepoint: 4900 ns, Cleanup: 124801 ns, At safepoint: 6400 ns, Total: 136101 ns
[51.362s][info ][safepoint      ] Safepoint "Cleanup", Time since last: 1000081326 ns, Reaching safepoint: 3500 ns, Cleanup: 49900 ns, At safepoint: 1400 ns, Total: 54800 ns
[52.362s][info ][safepoint      ] Safepoint "Cleanup", Time since last: 1000047126 ns, Reaching safepoint: 5900 ns, Cleanup: 25100 ns, At safepoint: 2000 ns, Total: 33000 ns
[53.362s][info ][safepoint      ] Safepoint "Cleanup", Time since last: 1000064525 ns, Reaching safepoint: 3300 ns, Cleanup: 26200 ns, At safepoint: 1300 ns, Total: 30800 ns
[53.463s][info ][gc,start       ] GC(14) Pause Young (Allocation Failure)
[53.513s][debug][gc,phases      ] GC(14) Scavenge 50.571ms
[53.513s][debug][gc,ref         ] GC(14) Skipped phase 1 of Reference Processing: no references
[53.513s][debug][gc,ref         ] GC(14) ReferenceProcessor::execute queues: 1, RefProcThreadModel::Single, marks_oops_alive: false
[53.513s][debug][gc,ref         ] GC(14) Skipped phase 3 of Reference Processing: no references
[53.513s][debug][gc,ref         ] GC(14) ReferenceProcessor::execute queues: 1, RefProcThreadModel::Single, marks_oops_alive: false
[53.513s][debug][gc,phases      ] GC(14) Reference Processing 0.150ms
[53.514s][debug][gc,phases      ] GC(14)   VM Weak                        Min:  0.0, Avg:  0.0, Max:  0.0, Diff:  0.0, Sum:  0.0, Workers: 4
[53.514s][debug][gc,phases      ] GC(14)     Dead                           Min: 0, Avg:  0.0, Max: 0, Diff: 0, Sum: 0, Workers: 4
[53.514s][debug][gc,phases      ] GC(14)     Total                          Min: 0, Avg: 180.2, Max: 320, Diff: 320, Sum: 721, Workers: 4
[53.514s][debug][gc,phases      ] GC(14)   ObjectSynchronizer Weak        Min:  0.0, Avg:  0.0, Max:  0.0, Diff:  0.0, Sum:  0.0, Workers: 4
[53.514s][debug][gc,phases      ] GC(14)     Dead                           Min: 0, Avg:  2.5, Max: 8, Diff: 8, Sum: 10, Workers: 4
[53.514s][debug][gc,phases      ] GC(14)     Total                          Min: 0, Avg: 17.8, Max: 64, Diff: 64, Sum: 71, Workers: 4
[53.514s][debug][gc,phases      ] GC(14)   JVMTI Tag Weak OopStorage      Min:  0.0, Avg:  0.0, Max:  0.0, Diff:  0.0, Sum:  0.0, Workers: 4
[53.514s][debug][gc,phases      ] GC(14)     Dead                           Min: 0, Avg:  0.0, Max: 0, Diff: 0, Sum: 0, Workers: 4
[53.514s][debug][gc,phases      ] GC(14)     Total                          Min: 0, Avg:  0.0, Max: 0, Diff: 0, Sum: 0, Workers: 4
[53.514s][debug][gc,phases      ] GC(14)   StringTable Weak               Min:  0.0, Avg:  0.1, Max:  0.1, Diff:  0.1, Sum:  0.4, Workers: 4
[53.514s][debug][gc,phases      ] GC(14)     Dead                           Min: 0, Avg:  0.8, Max: 2, Diff: 2, Sum: 3, Workers: 4
[53.514s][debug][gc,phases      ] GC(14)     Total                          Min: 0, Avg: 10820.0, Max active: 17600, Diff: 17600, Sum: 43280, Workers: 4
[53.514s][debug][gc,phases      ] GC(14)   ResolvedMethodTable Weak       Min:  0.0, Avg:  0.0, Max:  0.0, Diff:  0.0, Sum:  0.1, Workers: 4
[53.514s][debug][gc,phases      ] GC(14)     Dead                           Min: 0, Avg: 12.2, Max: 28, Diff: 28, Sum: 49, Workers: 4
[53.514s][debug][gc,phases      ] GC(14)     Total                          Min: 0, Avg: 2560.0, Max: 4160, Diff: 4160, Sum: 10240, Workers: 4
[53.514s][debug][gc,phases      ] GC(14)   JNI Weak                       Min:  0.0, Avg:  0.0, Max:  0.0, Diff:  0.0, Sum:  0.0, Workers: 4
[53.514s][debug][gc,phases      ] GC(14)     Dead                           Min: 0, Avg:  0.0, Max: 0, Diff: 0, Sum: 0, Workers: 4
[53.514s][debug][gc,phases      ] GC(14)     Total                          Min: 0, Avg: 11.2, Max: 45, Diff: 45, Sum: 45, Workers: 4
[53.514s][debug][gc,phases      ] GC(14)   StringDedup Table Weak         Min:  0.0, Avg:  0.0, Max:  0.0, Diff:  0.0, Sum:  0.0, Workers: 4
[53.514s][debug][gc,phases      ] GC(14)     Dead                           Min: 0, Avg:  0.0, Max: 0, Diff: 0, Sum: 0, Workers: 4
[53.514s][debug][gc,phases      ] GC(14)     Total                          Min: 0, Avg:  0.0, Max: 0, Diff: 0, Sum: 0, Workers: 4
[53.514s][debug][gc,phases      ] GC(14)   StringDedup Requests0 Weak     Min:  0.0, Avg:  0.0, Max:  0.0, Diff:  0.0, Sum:  0.0, Workers: 4
[53.514s][debug][gc,phases      ] GC(14)     Dead                           Min: 0, Avg:  0.0, Max: 0, Diff: 0, Sum: 0, Workers: 4
[53.514s][debug][gc,phases      ] GC(14)     Total                          Min: 0, Avg:  0.0, Max: 0, Diff: 0, Sum: 0, Workers: 4
[53.514s][debug][gc,phases      ] GC(14)   StringDedup Requests1 Weak     Min:  0.0, Avg:  0.0, Max:  0.0, Diff:  0.0, Sum:  0.0, Workers: 4
[53.514s][debug][gc,phases      ] GC(14)     Dead                           Min: 0, Avg:  0.0, Max: 0, Diff: 0, Sum: 0, Workers: 4
[53.514s][debug][gc,phases      ] GC(14)     Total                          Min: 0, Avg:  0.0, Max: 0, Diff: 0, Sum: 0, Workers: 4
[53.514s][debug][gc,phases      ] GC(14)   Weak JFR Old Object Samples    Min:  0.0, Avg:  0.0, Max:  0.0, Diff:  0.0, Sum:  0.0, Workers: 4
[53.514s][debug][gc,phases      ] GC(14)     Dead                           Min: 0, Avg:  0.0, Max: 0, Diff: 0, Sum: 0, Workers: 4
[53.514s][debug][gc,phases      ] GC(14)     Total                          Min: 0, Avg:  0.0, Max: 0, Diff: 0, Sum: 0, Workers: 4
[53.514s][debug][gc,phases      ] GC(14) Weak Processing 0.351ms
[53.514s][debug][gc,age         ] GC(14) Desired survivor size 321388544 bytes, new threshold 7 (max threshold 15)
[53.514s][info ][gc,heap        ] GC(14) PSYoungGen: 1545265K(1739776K)->160465K(1783296K) Eden: 1395200K(1395200K)->0K(1454592K) From: 150065K(344576K)->160465K(328704K)
[53.514s][info ][gc,heap        ] GC(14) ParOldGen: 163519K(246272K)->163527K(246272K)
[53.514s][info ][gc,metaspace   ] GC(14) Metaspace: 83119K(84032K)->83119K(84032K) NonClass: 70738K(71232K)->70738K(71232K) Class: 12381K(12800K)->12381K(12800K)
[53.514s][info ][gc             ] GC(14) Pause Young (Allocation Failure) 1668M->316M(1982M) 51.178ms
[53.514s][info ][gc,cpu         ] GC(14) User=0.18s Sys=0.00s Real=0.05s
[53.514s][info ][safepoint      ] Safepoint "ParallelGCFailedAllocation", Time since last: 99990043 ns, Reaching safepoint: 74500 ns, Cleanup: 3000 ns, At safepoint: 51257676 ns, Total: 51335176 ns
[54.514s][info ][safepoint      ] Safepoint "Cleanup", Time since last: 1000086126 ns, Reaching safepoint: 77600 ns, Cleanup: 88300 ns, At safepoint: 9600 ns, Total: 175500 ns
[55.514s][info ][safepoint      ] Safepoint "Cleanup", Time since last: 1000091559 ns, Reaching safepoint: 3300 ns, Cleanup: 16300 ns, At safepoint: 5100 ns, Total: 24700 ns
[56.514s][info ][safepoint      ] Safepoint "Cleanup", Time since last: 1000086137 ns, Reaching safepoint: 4200 ns, Cleanup: 14200 ns, At safepoint: 1600 ns, Total: 20000 ns
[57.514s][info ][safepoint      ] Safepoint "Cleanup", Time since last: 1000089937 ns, Reaching safepoint: 3800 ns, Cleanup: 12600 ns, At safepoint: 1900 ns, Total: 18300 ns
[58.515s][info ][safepoint      ] Safepoint "Cleanup", Time since last: 1000082237 ns, Reaching safepoint: 3000 ns, Cleanup: 15800 ns, At safepoint: 1600 ns, Total: 20400 ns
[59.515s][info ][safepoint      ] Safepoint "Cleanup", Time since last: 1000089091 ns, Reaching safepoint: 3900 ns, Cleanup: 13100 ns, At safepoint: 1700 ns, Total: 18700 ns
[61.034s][info ][safepoint      ] Safepoint "Cleanup", Time since last: 1519154341 ns, Reaching safepoint: 3700 ns, Cleanup: 14000 ns, At safepoint: 1700 ns, Total: 19400 ns
[62.034s][info ][safepoint      ] Safepoint "Cleanup", Time since last: 1000088752 ns, Reaching safepoint: 3800 ns, Cleanup: 8400 ns, At safepoint: 2100 ns, Total: 14300 ns
[63.034s][info ][safepoint      ] Safepoint "Cleanup", Time since last: 1000087952 ns, Reaching safepoint: 3900 ns, Cleanup: 22400 ns, At safepoint: 2300 ns, Total: 28600 ns
[64.034s][info ][safepoint      ] Safepoint "Cleanup", Time since last: 1000078575 ns, Reaching safepoint: 3400 ns, Cleanup: 10600 ns, At safepoint: 1400 ns, Total: 15400 ns
[65.034s][info ][safepoint      ] Safepoint "Cleanup", Time since last: 1000090518 ns, Reaching safepoint: 3600 ns, Cleanup: 10600 ns, At safepoint: 1800 ns, Total: 16000 ns
[66.101s][info ][safepoint      ] Safepoint "Cleanup", Time since last: 1066433884 ns, Reaching safepoint: 2800 ns, Cleanup: 156601 ns, At safepoint: 8600 ns, Total: 168001 ns
[67.101s][info ][safepoint      ] Safepoint "Cleanup", Time since last: 1000113818 ns, Reaching safepoint: 5000 ns, Cleanup: 34900 ns, At safepoint: 7200 ns, Total: 47100 ns
[68.101s][info ][safepoint      ] Safepoint "Cleanup", Time since last: 1000115718 ns, Reaching safepoint: 4800 ns, Cleanup: 14900 ns, At safepoint: 2200 ns, Total: 21900 ns
[69.952s][info ][safepoint      ] Safepoint "Cleanup", Time since last: 1851151328 ns, Reaching safepoint: 71400 ns, Cleanup: 27301 ns, At safepoint: 4800 ns, Total: 103501 ns
[70.953s][info ][safepoint      ] Safepoint "Cleanup", Time since last: 1000094584 ns, Reaching safepoint: 73901 ns, Cleanup: 12600 ns, At safepoint: 5600 ns, Total: 92101 ns
[71.511s][info ][gc,start       ] GC(15) Pause Young (Allocation Failure)
[71.560s][debug][gc,phases      ] GC(15) Scavenge 49.046ms
[71.560s][debug][gc,ref         ] GC(15) Skipped phase 1 of Reference Processing: no references
[71.560s][debug][gc,ref         ] GC(15) ReferenceProcessor::execute queues: 1, RefProcThreadModel::Single, marks_oops_alive: false
[71.560s][debug][gc,ref         ] GC(15) Skipped phase 3 of Reference Processing: no references
[71.560s][debug][gc,ref         ] GC(15) ReferenceProcessor::execute queues: 1, RefProcThreadModel::Single, marks_oops_alive: false
[71.560s][debug][gc,phases      ] GC(15) Reference Processing 0.194ms
[71.560s][debug][gc,phases      ] GC(15)   VM Weak                        Min:  0.0, Avg:  0.0, Max:  0.0, Diff:  0.0, Sum:  0.0, Workers: 4
[71.560s][debug][gc,phases      ] GC(15)     Dead                           Min: 0, Avg:  0.0, Max: 0, Diff: 0, Sum: 0, Workers: 4
[71.560s][debug][gc,phases      ] GC(15)     Total                          Min: 0, Avg: 185.5, Max: 384, Diff: 384, Sum: 742, Workers: 4
[71.560s][debug][gc,phases      ] GC(15)   ObjectSynchronizer Weak        Min:  0.0, Avg:  0.0, Max:  0.0, Diff:  0.0, Sum:  0.0, Workers: 4
[71.560s][debug][gc,phases      ] GC(15)     Dead                           Min: 0, Avg:  0.0, Max: 0, Diff: 0, Sum: 0, Workers: 4
[71.560s][debug][gc,phases      ] GC(15)     Total                          Min: 0, Avg:  1.2, Max: 5, Diff: 5, Sum: 5, Workers: 4
[71.560s][debug][gc,phases      ] GC(15)   JVMTI Tag Weak OopStorage      Min:  0.0, Avg:  0.0, Max:  0.0, Diff:  0.0, Sum:  0.0, Workers: 4
[71.560s][debug][gc,phases      ] GC(15)     Dead                           Min: 0, Avg:  0.0, Max: 0, Diff: 0, Sum: 0, Workers: 4
[71.560s][debug][gc,phases      ] GC(15)     Total                          Min: 0, Avg:  0.0, Max: 0, Diff: 0, Sum: 0, Workers: 4
[71.560s][debug][gc,phases      ] GC(15)   StringTable Weak               Min:  0.0, Avg:  0.1, Max:  0.2, Diff:  0.2, Sum:  0.5, Workers: 4
[71.560s][debug][gc,phases      ] GC(15)     Dead                           Min: 0, Avg:  0.5, Max: 1, Diff: 1, Sum: 2, Workers: 4
[71.560s][debug][gc,phases      ] GC(15)     Total                          Min: 0, Avg: 10877.5, Max: 14647, Diff: 14647, Sum: 43510, Workers: 4
[71.560s][debug][gc,phases      ] GC(15)   ResolvedMethodTable Weak       Min:  0.0, Avg:  0.0, Max:  0.0, Diff:  0.0, Sum:  0.1, Workers: 4
[71.560s][debug][gc,phases      ] GC(15)     Dead                           Min: 0, Avg:  0.0, Max: 0, Diff: 0, Sum: 0, Workers: 4
[71.560s][debug][gc,phases      ] GC(15)     Total                          Min: 0, Avg: 2594.5, Max: 3648, Diff: 3648, Sum: 10378, Workers: 4
[71.560s][debug][gc,phases      ] GC(15)   JNI Weak                       Min:  0.0, Avg:  0.0, Max:  0.0, Diff:  0.0, Sum:  0.0, Workers: 4
[71.560s][debug][gc,phases      ] GC(15)     Dead                           Min: 0, Avg:  0.0, Max: 0, Diff: 0, Sum: 0, Workers: 4
[71.560s][debug][gc,phases      ] GC(15)     Total                          Min: 0, Avg: 11.2, Max: 45, Diff: 45, Sum: 45, Workers: 4
[71.560s][debug][gc,phases      ] GC(15)   StringDedup Table Weak         Min:  0.0, Avg:  0.0, Max:  0.0, Diff:  0.0, Sum:  0.0, Workers: 4
[71.560s][debug][gc,phases      ] GC(15)     Dead                           Min: 0, Avg:  0.0, Max: 0, Diff: 0, Sum: 0, Workers: 4
[71.560s][debug][gc,phases      ] GC(15)     Total                          Min: 0, Avg:  0.0, Max: 0, Diff: 0, Sum: 0, Workers: 4
[71.560s][debug][gc,phases      ] GC(15)   StringDedup Requests0 Weak     Min:  0.0, Avg:  0.0, Max:  0.0, Diff:  0.0, Sum:  0.0, Workers: 4
[71.560s][debug][gc,phases      ] GC(15)     Dead                           Min: 0, Avg:  0.0, Max: 0, Diff: 0, Sum: 0, Workers: 4
[71.560s][debug][gc,phases      ] GC(15)     Total                          Min: 0, Avg:  0.0, Max: 0, Diff: 0, Sum: 0, Workers: 4
[71.560s][debug][gc,phases      ] GC(15)   StringDedup Requests1 Weak     Min:  0.0, Avg:  0.0, Max:  0.0, Diff:  0.0, Sum:  0.0, Workers: 4
[71.560s][debug][gc,phases      ] GC(15)     Dead                           Min: 0, Avg:  0.0, Max: 0, Diff: 0, Sum: 0, Workers: 4
[71.560s][debug][gc,phases      ] GC(15)     Total                          Min: 0, Avg:  0.0, Max: 0, Diff: 0, Sum: 0, Workers: 4
[71.560s][debug][gc,phases      ] GC(15)   Weak JFR Old Object Samples    Min:  0.0, Avg:  0.0, Max:  0.0, Diff:  0.0, Sum:  0.0, Workers: 4
[71.560s][debug][gc,phases      ] GC(15)     Dead                           Min: 0, Avg:  0.0, Max: 0, Diff: 0, Sum: 0, Workers: 4
[71.560s][debug][gc,phases      ] GC(15)     Total                          Min: 0, Avg:  0.0, Max: 0, Diff: 0, Sum: 0, Workers: 4
[71.560s][debug][gc,phases      ] GC(15) Weak Processing 0.460ms
[71.560s][debug][gc,age         ] GC(15) Desired survivor size 310902784 bytes, new threshold 8 (max threshold 15)
[71.560s][info ][gc,heap        ] GC(15) PSYoungGen: 1615057K(1783296K)->141275K(1768448K) Eden: 1454592K(1454592K)->0K(1454592K) From: 160465K(328704K)->141275K(313856K)
[71.560s][info ][gc,heap        ] GC(15) ParOldGen: 163527K(246272K)->163535K(246272K)
[71.560s][info ][gc,metaspace   ] GC(15) Metaspace: 83651K(84544K)->83651K(84544K) NonClass: 71177K(71680K)->71177K(71680K) Class: 12474K(12864K)->12474K(12864K)
[71.561s][info ][gc             ] GC(15) Pause Young (Allocation Failure) 1736M->297M(1967M) 49.840ms
[71.561s][info ][gc,cpu         ] GC(15) User=0.16s Sys=0.00s Real=0.05s
[71.561s][info ][safepoint      ] Safepoint "ParallelGCFailedAllocation", Time since last: 557995674 ns, Reaching safepoint: 76800 ns, Cleanup: 6300 ns, At safepoint: 49916993 ns, Total: 50000093 ns
[72.561s][info ][safepoint      ] Safepoint "Cleanup", Time since last: 1000082870 ns, Reaching safepoint: 4000 ns, Cleanup: 16100 ns, At safepoint: 1700 ns, Total: 21800 ns
[74.561s][info ][safepoint      ] Safepoint "Cleanup", Time since last: 2000163038 ns, Reaching safepoint: 4400 ns, Cleanup: 21700 ns, At safepoint: 1801 ns, Total: 27901 ns
[75.561s][info ][safepoint      ] Safepoint "Cleanup", Time since last: 1000095969 ns, Reaching safepoint: 3300 ns, Cleanup: 38900 ns, At safepoint: 1800 ns, Total: 44000 ns
[76.561s][info ][safepoint      ] Safepoint "Cleanup", Time since last: 1000089870 ns, Reaching safepoint: 3700 ns, Cleanup: 10800 ns, At safepoint: 1300 ns, Total: 15800 ns
[77.561s][info ][safepoint      ] Safepoint "Cleanup", Time since last: 1000105469 ns, Reaching safepoint: 3900 ns, Cleanup: 11100 ns, At safepoint: 1800 ns, Total: 16800 ns
[78.561s][info ][safepoint      ] Safepoint "Cleanup", Time since last: 1000099270 ns, Reaching safepoint: 4000 ns, Cleanup: 22300 ns, At safepoint: 1800 ns, Total: 28100 ns
[79.561s][info ][safepoint      ] Safepoint "Cleanup", Time since last: 1000097650 ns, Reaching safepoint: 3900 ns, Cleanup: 19100 ns, At safepoint: 1500 ns, Total: 24500 ns
[80.562s][info ][safepoint      ] Safepoint "Cleanup", Time since last: 1000092607 ns, Reaching safepoint: 4000 ns, Cleanup: 14100 ns, At safepoint: 1700 ns, Total: 19800 ns
[82.562s][info ][safepoint      ] Safepoint "Cleanup", Time since last: 2000162114 ns, Reaching safepoint: 3900 ns, Cleanup: 16900 ns, At safepoint: 1600 ns, Total: 22400 ns
[83.562s][info ][safepoint      ] Safepoint "Cleanup", Time since last: 1000063707 ns, Reaching safepoint: 4100 ns, Cleanup: 7900 ns, At safepoint: 1500 ns, Total: 13500 ns
[84.562s][info ][safepoint      ] Safepoint "Cleanup", Time since last: 1000105807 ns, Reaching safepoint: 4100 ns, Cleanup: 11000 ns, At safepoint: 1600 ns, Total: 16700 ns
[88.562s][info ][safepoint      ] Safepoint "Cleanup", Time since last: 4000289668 ns, Reaching safepoint: 5700 ns, Cleanup: 7000 ns, At safepoint: 2000 ns, Total: 14700 ns
[89.562s][info ][safepoint      ] Safepoint "Cleanup", Time since last: 1000088166 ns, Reaching safepoint: 3800 ns, Cleanup: 8600 ns, At safepoint: 1600 ns, Total: 14000 ns
[90.562s][info ][safepoint      ] Safepoint "Cleanup", Time since last: 1000075166 ns, Reaching safepoint: 4900 ns, Cleanup: 8000 ns, At safepoint: 2800 ns, Total: 15700 ns
[92.563s][info ][safepoint      ] Safepoint "Cleanup", Time since last: 2000171133 ns, Reaching safepoint: 3900 ns, Cleanup: 10200 ns, At safepoint: 2500 ns, Total: 16600 ns
[93.563s][info ][safepoint      ] Safepoint "Cleanup", Time since last: 1000107066 ns, Reaching safepoint: 3900 ns, Cleanup: 12300 ns, At safepoint: 2100 ns, Total: 18300 ns
[94.563s][info ][safepoint      ] Safepoint "Cleanup", Time since last: 1000108166 ns, Reaching safepoint: 5200 ns, Cleanup: 9000 ns, At safepoint: 1700 ns, Total: 15900 ns
[95.563s][info ][safepoint      ] Safepoint "Cleanup", Time since last: 1000099244 ns, Reaching safepoint: 3600 ns, Cleanup: 10700 ns, At safepoint: 1600 ns, Total: 15900 ns
[95.656s][info ][gc,start       ] GC(16) Pause Young (Allocation Failure)
[95.700s][debug][gc,phases      ] GC(16) Scavenge 44.148ms
[95.700s][debug][gc,ref         ] GC(16) Skipped phase 1 of Reference Processing: no references
[95.700s][debug][gc,ref         ] GC(16) ReferenceProcessor::execute queues: 2, RefProcThreadModel::Multi, marks_oops_alive: false
[95.700s][debug][gc,ref         ] GC(16) Skipped phase 3 of Reference Processing: no references
[95.700s][debug][gc,ref         ] GC(16) ReferenceProcessor::execute queues: 1, RefProcThreadModel::Single, marks_oops_alive: false
[95.700s][debug][gc,phases      ] GC(16) Reference Processing 0.189ms
[95.700s][debug][gc,phases      ] GC(16)   VM Weak                        Min:  0.0, Avg:  0.0, Max:  0.0, Diff:  0.0, Sum:  0.0, Workers: 4
[95.700s][debug][gc,phases      ] GC(16)     Dead                           Min: 0, Avg:  0.0, Max: 0, Diff: 0, Sum: 0, Workers: 4
[95.700s][debug][gc,phases      ] GC(16)     Total                          Min: 0, Avg: 185.8, Max: 512, Diff: 512, Sum: 743, Workers: 4
[95.700s][debug][gc,phases      ] GC(16)   ObjectSynchronizer Weak        Min:  0.0, Avg:  0.0, Max:  0.0, Diff:  0.0, Sum:  0.0, Workers: 4
[95.700s][debug][gc,phases      ] GC(16)     Dead                           Min: 0, Avg:  0.0, Max: 0, Diff: 0, Sum: 0, Workers: 4
[95.700s][debug][gc,phases      ] GC(16)     Total                          Min: 0, Avg:  1.2, Max: 5, Diff: 5, Sum: 5, Workers: 4
[95.700s][debug][gc,phases      ] GC(16)   JVMTI Tag Weak OopStorage      Min:  0.0, Avg:  0.0, Max:  0.0, Diff:  0.0, Sum:  0.0, Workers: 4
[95.700s][debug][gc,phases      ] GC(16)     Dead                           Min: 0, Avg:  0.0, Max: 0, Diff: 0, Sum: 0, Workers: 4
[95.700s][debug][gc,phases      ] GC(16)     Total                          Min: 0, Avg:  0.0, Max: 0, Diff: 0, Sum: 0, Workers: 4
[95.700s][debug][gc,phases      ] GC(16)   StringTable Weak               Min:  0.0, Avg:  0.2, Max:  0.3, Diff:  0.3, Sum:  0.7, Workers: 4
[95.700s][debug][gc,phases      ] GC(16)     Dead                           Min: 0, Avg:  0.0, Max: 0, Diff: 0, Sum: 0, Workers: 4
[95.700s][debug][gc,phases      ] GC(16)     Total                          Min: 0, Avg: 10912.2, Max: 16896, Diff: 16896, Sum: 43649, Workers: 4
[95.700s][debug][gc,phases      ] GC(16)   ResolvedMethodTable Weak       Min:  0.0, Avg:  0.0, Max:  0.1, Diff:  0.1, Sum:  0.1, Workers: 4
[95.700s][debug][gc,phases      ] GC(16)     Dead                           Min: 0, Avg:  0.2, Max: 1, Diff: 1, Sum: 1, Workers: 4
[95.700s][debug][gc,phases      ] GC(16)     Total                          Min: 0, Avg: 2595.8, Max: 5263, Diff: 5263, Sum: 10383, Workers: 4
[95.700s][debug][gc,phases      ] GC(16)   JNI Weak                       Min:  0.0, Avg:  0.0, Max:  0.0, Diff:  0.0, Sum:  0.0, Workers: 4
[95.700s][debug][gc,phases      ] GC(16)     Dead                           Min: 0, Avg:  0.0, Max: 0, Diff: 0, Sum: 0, Workers: 4
[95.700s][debug][gc,phases      ] GC(16)     Total                          Min: 0, Avg: 11.2, Max: 45, Diff: 45, Sum: 45, Workers: 4
[95.700s][debug][gc,phases      ] GC(16)   StringDedup Table Weak         Min:  0.0, Avg:  0.0, Max:  0.0, Diff:  0.0, Sum:  0.0, Workers: 4
[95.700s][debug][gc,phases      ] GC(16)     Dead                           Min: 0, Avg:  0.0, Max: 0, Diff: 0, Sum: 0, Workers: 4
[95.700s][debug][gc,phases      ] GC(16)     Total                          Min: 0, Avg:  0.0, Max: 0, Diff: 0, Sum: 0, Workers: 4
[95.700s][debug][gc,phases      ] GC(16)   StringDedup Requests0 Weak     Min:  0.0, Avg:  0.0, Max:  0.0, Diff:  0.0, Sum:  0.0, Workers: 4
[95.701s][debug][gc,phases      ] GC(16)     Dead                           Min: 0, Avg:  0.0, Max: 0, Diff: 0, Sum: 0, Workers: 4
[95.701s][debug][gc,phases      ] GC(16)     Total                          Min: 0, Avg:  0.0, Max: 0, Diff: 0, Sum: 0, Workers: 4
[95.701s][debug][gc,phases      ] GC(16)   StringDedup Requests1 Weak     Min:  0.0, Avg:  0.0, Max:  0.0, Diff:  0.0, Sum:  0.0, Workers: 4
[95.701s][debug][gc,phases      ] GC(16)     Dead                           Min: 0, Avg:  0.0, Max: 0, Diff: 0, Sum: 0, Workers: 4
[95.701s][debug][gc,phases      ] GC(16)     Total                          Min: 0, Avg:  0.0, Max: 0, Diff: 0, Sum: 0, Workers: 4
[95.701s][debug][gc,phases      ] GC(16)   Weak JFR Old Object Samples    Min:  0.0, Avg:  0.0, Max:  0.0, Diff:  0.0, Sum:  0.0, Workers: 4
[95.701s][debug][gc,phases      ] GC(16)     Dead                           Min: 0, Avg:  0.0, Max: 0, Diff: 0, Sum: 0, Workers: 4
[95.701s][debug][gc,phases      ] GC(16)     Total                          Min: 0, Avg:  0.0, Max: 0, Diff: 0, Sum: 0, Workers: 4
[95.701s][debug][gc,phases      ] GC(16) Weak Processing 0.529ms
[95.701s][debug][gc,age         ] GC(16) Desired survivor size 300941312 bytes, new threshold 9 (max threshold 15)
[95.701s][info ][gc,heap        ] GC(16) PSYoungGen: 1595867K(1768448K)->139483K(1803264K) Eden: 1454592K(1454592K)->0K(1499648K) From: 141275K(313856K)->139483K(303616K)
[95.701s][info ][gc,heap        ] GC(16) ParOldGen: 163535K(246272K)->163543K(246272K)
[95.701s][info ][gc,metaspace   ] GC(16) Metaspace: 83689K(84608K)->83689K(84608K) NonClass: 71211K(71744K)->71211K(71744K) Class: 12478K(12864K)->12478K(12864K)
[95.701s][info ][gc             ] GC(16) Pause Young (Allocation Failure) 1718M->295M(2001M) 44.987ms
[95.701s][info ][gc,cpu         ] GC(16) User=0.15s Sys=0.00s Real=0.05s
[95.701s][info ][safepoint      ] Safepoint "ParallelGCFailedAllocation", Time since last: 92486007 ns, Reaching safepoint: 76300 ns, Cleanup: 2800 ns, At safepoint: 45067450 ns, Total: 45146550 ns
[97.701s][info ][safepoint      ] Safepoint "Cleanup", Time since last: 2000142832 ns, Reaching safepoint: 3400 ns, Cleanup: 14600 ns, At safepoint: 1600 ns, Total: 19600 ns
[98.701s][info ][safepoint      ] Safepoint "Cleanup", Time since last: 1000104017 ns, Reaching safepoint: 70300 ns, Cleanup: 11000 ns, At safepoint: 4100 ns, Total: 85400 ns
[99.701s][info ][safepoint      ] Safepoint "Cleanup", Time since last: 1000104216 ns, Reaching safepoint: 5400 ns, Cleanup: 7600 ns, At safepoint: 1800 ns, Total: 14800 ns
[100.701s][info ][safepoint      ] Safepoint "Cleanup", Time since last: 1000105817 ns, Reaching safepoint: 4900 ns, Cleanup: 8000 ns, At safepoint: 2200 ns, Total: 15100 ns
[102.701s][info ][safepoint      ] Safepoint "Cleanup", Time since last: 2000173232 ns, Reaching safepoint: 4100 ns, Cleanup: 9100 ns, At safepoint: 1400 ns, Total: 14600 ns
[104.702s][info ][safepoint      ] Safepoint "Cleanup", Time since last: 2000173523 ns, Reaching safepoint: 72900 ns, Cleanup: 10300 ns, At safepoint: 4300 ns, Total: 87500 ns
[105.702s][info ][safepoint      ] Safepoint "Cleanup", Time since last: 1000109293 ns, Reaching safepoint: 77101 ns, Cleanup: 13100 ns, At safepoint: 6400 ns, Total: 96601 ns
[106.702s][info ][safepoint      ] Safepoint "Cleanup", Time since last: 1000113492 ns, Reaching safepoint: 77501 ns, Cleanup: 18200 ns, At safepoint: 8800 ns, Total: 104501 ns
[107.702s][info ][safepoint      ] Safepoint "Cleanup", Time since last: 1000106793 ns, Reaching safepoint: 73700 ns, Cleanup: 11400 ns, At safepoint: 9000 ns, Total: 94100 ns
[108.702s][info ][safepoint      ] Safepoint "Cleanup", Time since last: 1000099693 ns, Reaching safepoint: 70800 ns, Cleanup: 9400 ns, At safepoint: 4600 ns, Total: 84800 ns
[109.703s][info ][safepoint      ] Safepoint "Cleanup", Time since last: 1000104493 ns, Reaching safepoint: 79400 ns, Cleanup: 11800 ns, At safepoint: 7200 ns, Total: 98400 ns
[110.703s][info ][safepoint      ] Safepoint "Cleanup", Time since last: 1000115495 ns, Reaching safepoint: 75600 ns, Cleanup: 8200 ns, At safepoint: 5100 ns, Total: 88900 ns
[111.703s][info ][safepoint      ] Safepoint "Cleanup", Time since last: 1000115434 ns, Reaching safepoint: 82500 ns, Cleanup: 13500 ns, At safepoint: 7800 ns, Total: 103800 ns
[112.703s][info ][safepoint      ] Safepoint "Cleanup", Time since last: 1000113030 ns, Reaching safepoint: 74501 ns, Cleanup: 12100 ns, At safepoint: 5400 ns, Total: 92001 ns
[113.704s][info ][safepoint      ] Safepoint "Cleanup", Time since last: 1000113630 ns, Reaching safepoint: 73000 ns, Cleanup: 20200 ns, At safepoint: 4600 ns, Total: 97800 ns
[114.704s][info ][safepoint      ] Safepoint "Cleanup", Time since last: 1000097731 ns, Reaching safepoint: 74000 ns, Cleanup: 7000 ns, At safepoint: 5500 ns, Total: 86500 ns
[115.704s][info ][safepoint      ] Safepoint "Cleanup", Time since last: 1000113131 ns, Reaching safepoint: 74500 ns, Cleanup: 9900 ns, At safepoint: 5500 ns, Total: 89900 ns
[116.704s][info ][safepoint      ] Safepoint "Cleanup", Time since last: 1000118230 ns, Reaching safepoint: 75601 ns, Cleanup: 12700 ns, At safepoint: 8000 ns, Total: 96301 ns
[119.704s][info ][safepoint      ] Safepoint "Cleanup", Time since last: 3000252622 ns, Reaching safepoint: 71700 ns, Cleanup: 9400 ns, At safepoint: 4500 ns, Total: 85600 ns
[120.404s][info ][gc,start       ] GC(17) Pause Young (Allocation Failure)
[120.445s][debug][gc,phases      ] GC(17) Scavenge 40.744ms
[120.445s][debug][gc,ref         ] GC(17) Skipped phase 1 of Reference Processing: no references
[120.445s][debug][gc,ref         ] GC(17) ReferenceProcessor::execute queues: 2, RefProcThreadModel::Multi, marks_oops_alive: false
[120.445s][debug][gc,ref         ] GC(17) Skipped phase 3 of Reference Processing: no references
[120.445s][debug][gc,ref         ] GC(17) ReferenceProcessor::execute queues: 1, RefProcThreadModel::Single, marks_oops_alive: false
[120.445s][debug][gc,phases      ] GC(17) Reference Processing 0.167ms
[120.445s][debug][gc,phases      ] GC(17)   VM Weak                        Min:  0.0, Avg:  0.0, Max:  0.0, Diff:  0.0, Sum:  0.0, Workers: 4
[120.445s][debug][gc,phases      ] GC(17)     Dead                           Min: 0, Avg:  0.0, Max: 0, Diff: 0, Sum: 0, Workers: 4
[120.445s][debug][gc,phases      ] GC(17)     Total                          Min: 64, Avg: 185.8, Max: 423, Diff: 359, Sum: 743, Workers: 4
[120.445s][debug][gc,phases      ] GC(17)   ObjectSynchronizer Weak        Min:  0.0, Avg:  0.0, Max:  0.0, Diff:  0.0, Sum:  0.0, Workers: 4
[120.445s][debug][gc,phases      ] GC(17)     Dead                           Min: 0, Avg:  0.0, Max: 0, Diff: 0, Sum: 0, Workers: 4
[120.445s][debug][gc,phases      ] GC(17)     Total                          Min: 0, Avg:  1.0, Max: 4, Diff: 4, Sum: 4, Workers: 4
[120.445s][debug][gc,phases      ] GC(17)   JVMTI Tag Weak OopStorage      Min:  0.0, Avg:  0.0, Max:  0.0, Diff:  0.0, Sum:  0.0, Workers: 4
[120.445s][debug][gc,phases      ] GC(17)     Dead                           Min: 0, Avg:  0.0, Max: 0, Diff: 0, Sum: 0, Workers: 4
[120.445s][debug][gc,phases      ] GC(17)     Total                          Min: 0, Avg:  0.0, Max: 0, Diff: 0, Sum: 0, Workers: 4
[120.445s][debug][gc,phases      ] GC(17)   StringTable Weak               Min:  0.1, Avg:  0.1, Max:  0.1, Diff:  0.0, Sum:  0.5, Workers: 4
[120.445s][debug][gc,phases      ] GC(17)     Dead                           Min: 0, Avg:  0.0, Max: 0, Diff: 0, Sum: 0, Workers: 4
[120.445s][debug][gc,phases      ] GC(17)     Total                          Min: 9408, Avg: 10915.2, Max: 11725, Diff: 2317, Sum: 43661, Workers: 4
[120.445s][debug][gc,phases      ] GC(17)   ResolvedMethodTable Weak       Min:  0.0, Avg:  0.0, Max:  0.0, Diff:  0.0, Sum:  0.1, Workers: 4
[120.445s][debug][gc,phases      ] GC(17)     Dead                           Min: 0, Avg:  0.0, Max: 0, Diff: 0, Sum: 0, Workers: 4
[120.445s][debug][gc,phases      ] GC(17)     Total                          Min: 2368, Avg: 2595.8, Max: 2831, Diff: 463, Sum: 10383, Workers: 4
[120.445s][debug][gc,phases      ] GC(17)   JNI Weak                       Min:  0.0, Avg:  0.0, Max:  0.0, Diff:  0.0, Sum:  0.0, Workers: 4
[120.445s][debug][gc,phases      ] GC(17)     Dead                           Min: 0, Avg:  0.0, Max: 0, Diff: 0, Sum: 0, Workers: 4
[120.445s][debug][gc,phases      ] GC(17)     Total                          Min: 0, Avg: 11.2, Max: 45, Diff: 45, Sum: 45, Workers: 4
[120.445s][debug][gc,phases      ] GC(17)   StringDedup Table Weak         Min:  0.0, Avg:  0.0, Max:  0.0, Diff:  0.0, Sum:  0.0, Workers: 4
[120.445s][debug][gc,phases      ] GC(17)     Dead                           Min: 0, Avg:  0.0, Max: 0, Diff: 0, Sum: 0, Workers: 4
[120.445s][debug][gc,phases      ] GC(17)     Total                          Min: 0, Avg:  0.0, Max: 0, Diff: 0, Sum: 0, Workers: 4
[120.445s][debug][gc,phases      ] GC(17)   StringDedup Requests0 Weak     Min:  0.0, Avg:  0.0, Max:  0.0, Diff:  0.0, Sum:  0.0, Workers: 4
[120.445s][debug][gc,phases      ] GC(17)     Dead                           Min: 0, Avg:  0.0, Max: 0, Diff: 0, Sum: 0, Workers: 4
[120.445s][debug][gc,phases      ] GC(17)     Total                          Min: 0, Avg:  0.0, Max: 0, Diff: 0, Sum: 0, Workers: 4
[120.445s][debug][gc,phases      ] GC(17)   StringDedup Requests1 Weak     Min:  0.0, Avg:  0.0, Max:  0.0, Diff:  0.0, Sum:  0.0, Workers: 4
[120.445s][debug][gc,phases      ] GC(17)     Dead                           Min: 0, Avg:  0.0, Max: 0, Diff: 0, Sum: 0, Workers: 4
[120.445s][debug][gc,phases      ] GC(17)     Total                          Min: 0, Avg:  0.0, Max: 0, Diff: 0, Sum: 0, Workers: 4
[120.445s][debug][gc,phases      ] GC(17)   Weak JFR Old Object Samples    Min:  0.0, Avg:  0.0, Max:  0.0, Diff:  0.0, Sum:  0.0, Workers: 4
[120.445s][debug][gc,phases      ] GC(17)     Dead                           Min: 0, Avg:  0.0, Max: 0, Diff: 0, Sum: 0, Workers: 4
[120.445s][debug][gc,phases      ] GC(17)     Total                          Min: 0, Avg:  0.0, Max: 0, Diff: 0, Sum: 0, Workers: 4
[120.445s][debug][gc,phases      ] GC(17) Weak Processing 0.314ms
[120.445s][debug][gc,age         ] GC(17) Desired survivor size 291504128 bytes, new threshold 10 (max threshold 15)
[120.445s][info ][gc,heap        ] GC(17) PSYoungGen: 1639131K(1803264K)->137371K(1793536K) Eden: 1499648K(1499648K)->0K(1499648K) From: 139483K(303616K)->137371K(293888K)
[120.445s][info ][gc,heap        ] GC(17) ParOldGen: 163543K(246272K)->163551K(246272K)
[120.445s][info ][gc,metaspace   ] GC(17) Metaspace: 83716K(84608K)->83716K(84608K) NonClass: 71238K(71744K)->71238K(71744K) Class: 12478K(12864K)->12478K(12864K)
[120.445s][info ][gc             ] GC(17) Pause Young (Allocation Failure) 1760M->293M(1992M) 41.340ms
[120.445s][info ][gc,cpu         ] GC(17) User=0.14s Sys=0.00s Real=0.04s
[120.445s][info ][safepoint      ] Safepoint "ParallelGCFailedAllocation", Time since last: 699218925 ns, Reaching safepoint: 5100 ns, Cleanup: 9300 ns, At safepoint: 41408796 ns, Total: 41423196 ns
[121.445s][info ][safepoint      ] Safepoint "Cleanup", Time since last: 1000077724 ns, Reaching safepoint: 4100 ns, Cleanup: 10300 ns, At safepoint: 1500 ns, Total: 15900 ns
[122.445s][info ][safepoint      ] Safepoint "Cleanup", Time since last: 1000111424 ns, Reaching safepoint: 4100 ns, Cleanup: 9300 ns, At safepoint: 1800 ns, Total: 15200 ns
[123.445s][info ][safepoint      ] Safepoint "Cleanup", Time since last: 1000104958 ns, Reaching safepoint: 4300 ns, Cleanup: 8100 ns, At safepoint: 1600 ns, Total: 14000 ns
[124.446s][info ][safepoint      ] Safepoint "Cleanup", Time since last: 1000095035 ns, Reaching safepoint: 4300 ns, Cleanup: 9900 ns, At safepoint: 1600 ns, Total: 15800 ns
[125.446s][info ][safepoint      ] Safepoint "Cleanup", Time since last: 1000093636 ns, Reaching safepoint: 3500 ns, Cleanup: 20000 ns, At safepoint: 1300 ns, Total: 24800 ns
[126.446s][info ][safepoint      ] Safepoint "Cleanup", Time since last: 1000089936 ns, Reaching safepoint: 3100 ns, Cleanup: 38400 ns, At safepoint: 4600 ns, Total: 46100 ns
[127.446s][info ][safepoint      ] Safepoint "Cleanup", Time since last: 1000104296 ns, Reaching safepoint: 3400 ns, Cleanup: 10400 ns, At safepoint: 1900 ns, Total: 15700 ns
[128.446s][info ][safepoint      ] Safepoint "Cleanup", Time since last: 1000070503 ns, Reaching safepoint: 4400 ns, Cleanup: 7300 ns, At safepoint: 5900 ns, Total: 17600 ns
[129.446s][info ][safepoint      ] Safepoint "Cleanup", Time since last: 1000104204 ns, Reaching safepoint: 4000 ns, Cleanup: 8400 ns, At safepoint: 1600 ns, Total: 14000 ns
[130.446s][info ][safepoint      ] Safepoint "Cleanup", Time since last: 1000102204 ns, Reaching safepoint: 4000 ns, Cleanup: 7100 ns, At safepoint: 1400 ns, Total: 12500 ns
[131.446s][info ][safepoint      ] Safepoint "Cleanup", Time since last: 1000096904 ns, Reaching safepoint: 3400 ns, Cleanup: 12800 ns, At safepoint: 1500 ns, Total: 17700 ns
[132.446s][info ][safepoint      ] Safepoint "Cleanup", Time since last: 1000057403 ns, Reaching safepoint: 3600 ns, Cleanup: 10100 ns, At safepoint: 1600 ns, Total: 15300 ns
[133.447s][info ][safepoint      ] Safepoint "Cleanup", Time since last: 1000094404 ns, Reaching safepoint: 3800 ns, Cleanup: 8900 ns, At safepoint: 1500 ns, Total: 14200 ns
[137.447s][info ][safepoint      ] Safepoint "Cleanup", Time since last: 4000301339 ns, Reaching safepoint: 4800 ns, Cleanup: 10200 ns, At safepoint: 2000 ns, Total: 17000 ns
[138.447s][info ][safepoint      ] Safepoint "Cleanup", Time since last: 1000102759 ns, Reaching safepoint: 3400 ns, Cleanup: 6800 ns, At safepoint: 1600 ns, Total: 11800 ns
[143.447s][info ][safepoint      ] Safepoint "Cleanup", Time since last: 5000371930 ns, Reaching safepoint: 5100 ns, Cleanup: 7500 ns, At safepoint: 2000 ns, Total: 14600 ns
[143.702s][info ][gc,start       ] GC(18) Pause Young (Allocation Failure)
[143.740s][debug][gc,phases      ] GC(18) Scavenge 37.873ms
[143.740s][debug][gc,ref         ] GC(18) Skipped phase 1 of Reference Processing: no references
[143.740s][debug][gc,ref         ] GC(18) ReferenceProcessor::execute queues: 2, RefProcThreadModel::Multi, marks_oops_alive: false
[143.740s][debug][gc,ref         ] GC(18) Skipped phase 3 of Reference Processing: no references
[143.740s][debug][gc,ref         ] GC(18) ReferenceProcessor::execute queues: 1, RefProcThreadModel::Single, marks_oops_alive: false
[143.740s][debug][gc,phases      ] GC(18) Reference Processing 0.183ms
[143.740s][debug][gc,phases      ] GC(18)   VM Weak                        Min:  0.0, Avg:  0.0, Max:  0.0, Diff:  0.0, Sum:  0.0, Workers: 4
[143.740s][debug][gc,phases      ] GC(18)     Dead                           Min: 0, Avg:  0.0, Max: 0, Diff: 0, Sum: 0, Workers: 4
[143.740s][debug][gc,phases      ] GC(18)     Total                          Min: 0, Avg: 185.8, Max: 679, Diff: 679, Sum: 743, Workers: 4
[143.740s][debug][gc,phases      ] GC(18)   ObjectSynchronizer Weak        Min:  0.0, Avg:  0.0, Max:  0.0, Diff:  0.0, Sum:  0.0, Workers: 4
[143.740s][debug][gc,phases      ] GC(18)     Dead                           Min: 0, Avg:  0.0, Max: 0, Diff: 0, Sum: 0, Workers: 4
[143.740s][debug][gc,phases      ] GC(18)     Total                          Min: 0, Avg:  1.2, Max: 5, Diff: 5, Sum: 5, Workers: 4
[143.740s][debug][gc,phases      ] GC(18)   JVMTI Tag Weak OopStorage      Min:  0.0, Avg:  0.0, Max:  0.0, Diff:  0.0, Sum:  0.0, Workers: 4
[143.740s][debug][gc,phases      ] GC(18)     Dead                           Min: 0, Avg:  0.0, Max: 0, Diff: 0, Sum: 0, Workers: 4
[143.740s][debug][gc,phases      ] GC(18)     Total                          Min: 0, Avg:  0.0, Max: 0, Diff: 0, Sum: 0, Workers: 4
[143.740s][debug][gc,phases      ] GC(18)   StringTable Weak               Min:  0.0, Avg:  0.1, Max:  0.1, Diff:  0.1, Sum:  0.4, Workers: 4
[143.740s][debug][gc,phases      ] GC(18)     Dead                           Min: 0, Avg:  0.0, Max: 0, Diff: 0, Sum: 0, Workers: 4
[143.740s][debug][gc,phases      ] GC(18)     Total                          Min: 0, Avg: 10919.8, Max: 18143, Diff: 18143, Sum: 43679, Workers: 4
[143.740s][debug][gc,phases      ] GC(18)   ResolvedMethodTable Weak       Min:  0.0, Avg:  0.0, Max:  0.0, Diff:  0.0, Sum:  0.1, Workers: 4
[143.740s][debug][gc,phases      ] GC(18)     Dead                           Min: 0, Avg:  0.0, Max: 0, Diff: 0, Sum: 0, Workers: 4
[143.740s][debug][gc,phases      ] GC(18)     Total                          Min: 0, Avg: 2595.8, Max: 4096, Diff: 4096, Sum: 10383, Workers: 4
[143.740s][debug][gc,phases      ] GC(18)   JNI Weak                       Min:  0.0, Avg:  0.0, Max:  0.0, Diff:  0.0, Sum:  0.0, Workers: 4
[143.740s][debug][gc,phases      ] GC(18)     Dead                           Min: 0, Avg:  0.0, Max: 0, Diff: 0, Sum: 0, Workers: 4
[143.740s][debug][gc,phases      ] GC(18)     Total                          Min: 0, Avg: 11.2, Max: 45, Diff: 45, Sum: 45, Workers: 4
[143.740s][debug][gc,phases      ] GC(18)   StringDedup Table Weak         Min:  0.0, Avg:  0.0, Max:  0.0, Diff:  0.0, Sum:  0.0, Workers: 4
[143.740s][debug][gc,phases      ] GC(18)     Dead                           Min: 0, Avg:  0.0, Max: 0, Diff: 0, Sum: 0, Workers: 4
[143.740s][debug][gc,phases      ] GC(18)     Total                          Min: 0, Avg:  0.0, Max: 0, Diff: 0, Sum: 0, Workers: 4
[143.740s][debug][gc,phases      ] GC(18)   StringDedup Requests0 Weak     Min:  0.0, Avg:  0.0, Max:  0.0, Diff:  0.0, Sum:  0.0, Workers: 4
[143.740s][debug][gc,phases      ] GC(18)     Dead                           Min: 0, Avg:  0.0, Max: 0, Diff: 0, Sum: 0, Workers: 4
[143.740s][debug][gc,phases      ] GC(18)     Total                          Min: 0, Avg:  0.0, Max: 0, Diff: 0, Sum: 0, Workers: 4
[143.740s][debug][gc,phases      ] GC(18)   StringDedup Requests1 Weak     Min:  0.0, Avg:  0.0, Max:  0.0, Diff:  0.0, Sum:  0.0, Workers: 4
[143.740s][debug][gc,phases      ] GC(18)     Dead                           Min: 0, Avg:  0.0, Max: 0, Diff: 0, Sum: 0, Workers: 4
[143.740s][debug][gc,phases      ] GC(18)     Total                          Min: 0, Avg:  0.0, Max: 0, Diff: 0, Sum: 0, Workers: 4
[143.740s][debug][gc,phases      ] GC(18)   Weak JFR Old Object Samples    Min:  0.0, Avg:  0.0, Max:  0.0, Diff:  0.0, Sum:  0.0, Workers: 4
[143.740s][debug][gc,phases      ] GC(18)     Dead                           Min: 0, Avg:  0.0, Max: 0, Diff: 0, Sum: 0, Workers: 4
[143.740s][debug][gc,phases      ] GC(18)     Total                          Min: 0, Avg:  0.0, Max: 0, Diff: 0, Sum: 0, Workers: 4
[143.740s][debug][gc,phases      ] GC(18) Weak Processing 0.340ms
[143.740s][debug][gc,age         ] GC(18) Desired survivor size 284164096 bytes, new threshold 11 (max threshold 15)
[143.740s][info ][gc,heap        ] GC(18) PSYoungGen: 1637019K(1793536K)->129601K(1819648K) Eden: 1499648K(1499648K)->0K(1534976K) From: 137371K(293888K)->129601K(284672K)
[143.740s][info ][gc,heap        ] GC(18) ParOldGen: 163551K(246272K)->163551K(246272K)
[143.740s][info ][gc,metaspace   ] GC(18) Metaspace: 83743K(84672K)->83743K(84672K) NonClass: 71263K(71808K)->71263K(71808K) Class: 12479K(12864K)->12479K(12864K)
[143.740s][info ][gc             ] GC(18) Pause Young (Allocation Failure) 1758M->286M(2017M) 38.500ms
[143.740s][info ][gc,cpu         ] GC(18) User=0.14s Sys=0.00s Real=0.04s
[143.740s][info ][safepoint      ] Safepoint "ParallelGCFailedAllocation", Time since last: 254390350 ns, Reaching safepoint: 3600 ns, Cleanup: 3600 ns, At safepoint: 38561914 ns, Total: 38569114 ns
[144.740s][info ][safepoint      ] Safepoint "Cleanup", Time since last: 1000075749 ns, Reaching safepoint: 3900 ns, Cleanup: 7600 ns, At safepoint: 1500 ns, Total: 13000 ns
[147.741s][info ][safepoint      ] Safepoint "Cleanup", Time since last: 3000189947 ns, Reaching safepoint: 3600 ns, Cleanup: 12400 ns, At safepoint: 1800 ns, Total: 17800 ns
[149.065s][info ][safepoint      ] Safepoint "Cleanup", Time since last: 1324369905 ns, Reaching safepoint: 3800 ns, Cleanup: 63401 ns, At safepoint: 1900 ns, Total: 69101 ns
[150.065s][info ][safepoint      ] Safepoint "Cleanup", Time since last: 1000095859 ns, Reaching safepoint: 3400 ns, Cleanup: 12001 ns, At safepoint: 1500 ns, Total: 16901 ns
[155.066s][info ][safepoint      ] Safepoint "Cleanup", Time since last: 5000303709 ns, Reaching safepoint: 3200 ns, Cleanup: 10600 ns, At safepoint: 1500 ns, Total: 15300 ns
[167.066s][info ][safepoint      ] Safepoint "Cleanup", Time since last: 12000789811 ns, Reaching safepoint: 3800 ns, Cleanup: 5700 ns, At safepoint: 1500 ns, Total: 11000 ns
[168.453s][info ][gc,start       ] GC(19) Pause Young (Allocation Failure)
[168.490s][debug][gc,phases      ] GC(19) Scavenge 36.377ms
[168.490s][debug][gc,ref         ] GC(19) Skipped phase 1 of Reference Processing: no references
[168.490s][debug][gc,ref         ] GC(19) ReferenceProcessor::execute queues: 2, RefProcThreadModel::Multi, marks_oops_alive: false
[168.490s][debug][gc,ref         ] GC(19) Skipped phase 3 of Reference Processing: no references
[168.490s][debug][gc,ref         ] GC(19) ReferenceProcessor::execute queues: 1, RefProcThreadModel::Single, marks_oops_alive: false
[168.490s][debug][gc,phases      ] GC(19) Reference Processing 0.217ms
[168.490s][debug][gc,phases      ] GC(19)   VM Weak                        Min:  0.0, Avg:  0.0, Max:  0.0, Diff:  0.0, Sum:  0.0, Workers: 4
[168.490s][debug][gc,phases      ] GC(19)     Dead                           Min: 0, Avg:  0.0, Max: 0, Diff: 0, Sum: 0, Workers: 4
[168.490s][debug][gc,phases      ] GC(19)     Total                          Min: 0, Avg: 185.8, Max: 384, Diff: 384, Sum: 743, Workers: 4
[168.490s][debug][gc,phases      ] GC(19)   ObjectSynchronizer Weak        Min:  0.0, Avg:  0.0, Max:  0.0, Diff:  0.0, Sum:  0.0, Workers: 4
[168.490s][debug][gc,phases      ] GC(19)     Dead                           Min: 0, Avg:  0.0, Max: 0, Diff: 0, Sum: 0, Workers: 4
[168.490s][debug][gc,phases      ] GC(19)     Total                          Min: 0, Avg:  1.2, Max: 5, Diff: 5, Sum: 5, Workers: 4
[168.490s][debug][gc,phases      ] GC(19)   JVMTI Tag Weak OopStorage      Min:  0.0, Avg:  0.0, Max:  0.0, Diff:  0.0, Sum:  0.0, Workers: 4
[168.490s][debug][gc,phases      ] GC(19)     Dead                           Min: 0, Avg:  0.0, Max: 0, Diff: 0, Sum: 0, Workers: 4
[168.490s][debug][gc,phases      ] GC(19)     Total                          Min: 0, Avg:  0.0, Max: 0, Diff: 0, Sum: 0, Workers: 4
[168.490s][debug][gc,phases      ] GC(19)   StringTable Weak               Min:  0.1, Avg:  0.1, Max:  0.1, Diff:  0.0, Sum:  0.5, Workers: 4
[168.490s][debug][gc,phases      ] GC(19)     Dead                           Min: 0, Avg:  0.0, Max: 0, Diff: 0, Sum: 0, Workers: 4
[168.490s][debug][gc,phases      ] GC(19)     Total                          Min: 7872, Avg: 10922.8, Max: 12800, Diff: 4928, Sum: 43691, Workers: 4
[168.490s][debug][gc,phases      ] GC(19)   ResolvedMethodTable Weak       Min:  0.0, Avg:  0.0, Max:  0.0, Diff:  0.0, Sum:  0.1, Workers: 4
[168.490s][debug][gc,phases      ] GC(19)     Dead                           Min: 0, Avg:  0.0, Max: 0, Diff: 0, Sum: 0, Workers: 4
[168.490s][debug][gc,phases      ] GC(19)     Total                          Min: 2432, Avg: 2595.8, Max: 2816, Diff: 384, Sum: 10383, Workers: 4
[168.490s][debug][gc,phases      ] GC(19)   JNI Weak                       Min:  0.0, Avg:  0.0, Max:  0.0, Diff:  0.0, Sum:  0.0, Workers: 4
[168.490s][debug][gc,phases      ] GC(19)     Dead                           Min: 0, Avg:  0.0, Max: 0, Diff: 0, Sum: 0, Workers: 4
[168.490s][debug][gc,phases      ] GC(19)     Total                          Min: 0, Avg: 11.2, Max: 45, Diff: 45, Sum: 45, Workers: 4
[168.490s][debug][gc,phases      ] GC(19)   StringDedup Table Weak         Min:  0.0, Avg:  0.0, Max:  0.0, Diff:  0.0, Sum:  0.0, Workers: 4
[168.490s][debug][gc,phases      ] GC(19)     Dead                           Min: 0, Avg:  0.0, Max: 0, Diff: 0, Sum: 0, Workers: 4
[168.490s][debug][gc,phases      ] GC(19)     Total                          Min: 0, Avg:  0.0, Max: 0, Diff: 0, Sum: 0, Workers: 4
[168.490s][debug][gc,phases      ] GC(19)   StringDedup Requests0 Weak     Min:  0.0, Avg:  0.0, Max:  0.0, Diff:  0.0, Sum:  0.0, Workers: 4
[168.490s][debug][gc,phases      ] GC(19)     Dead                           Min: 0, Avg:  0.0, Max: 0, Diff: 0, Sum: 0, Workers: 4
[168.490s][debug][gc,phases      ] GC(19)     Total                          Min: 0, Avg:  0.0, Max: 0, Diff: 0, Sum: 0, Workers: 4
[168.490s][debug][gc,phases      ] GC(19)   StringDedup Requests1 Weak     Min:  0.0, Avg:  0.0, Max:  0.0, Diff:  0.0, Sum:  0.0, Workers: 4
[168.490s][debug][gc,phases      ] GC(19)     Dead                           Min: 0, Avg:  0.0, Max: 0, Diff: 0, Sum: 0, Workers: 4
[168.490s][debug][gc,phases      ] GC(19)     Total                          Min: 0, Avg:  0.0, Max: 0, Diff: 0, Sum: 0, Workers: 4
[168.490s][debug][gc,phases      ] GC(19)   Weak JFR Old Object Samples    Min:  0.0, Avg:  0.0, Max:  0.0, Diff:  0.0, Sum:  0.0, Workers: 4
[168.490s][debug][gc,phases      ] GC(19)     Dead                           Min: 0, Avg:  0.0, Max: 0, Diff: 0, Sum: 0, Workers: 4
[168.490s][debug][gc,phases      ] GC(19)     Total                          Min: 0, Avg:  0.0, Max: 0, Diff: 0, Sum: 0, Workers: 4
[168.490s][debug][gc,phases      ] GC(19) Weak Processing 0.347ms
[168.490s][debug][gc,age         ] GC(19) Desired survivor size 276299776 bytes, new threshold 12 (max threshold 15)
[168.490s][info ][gc,heap        ] GC(19) PSYoungGen: 1664577K(1819648K)->129579K(1812480K) Eden: 1534976K(1534976K)->0K(1534976K) From: 129601K(284672K)->129579K(277504K)
[168.490s][info ][gc,heap        ] GC(19) ParOldGen: 163551K(246272K)->163551K(246272K)
[168.490s][info ][gc,metaspace   ] GC(19) Metaspace: 83745K(84672K)->83745K(84672K) NonClass: 71265K(71808K)->71265K(71808K) Class: 12479K(12864K)->12479K(12864K)
[168.490s][info ][gc             ] GC(19) Pause Young (Allocation Failure) 1785M->286M(2010M) 37.046ms
[168.490s][info ][gc,cpu         ] GC(19) User=0.14s Sys=0.00s Real=0.04s
[168.490s][info ][safepoint      ] Safepoint "ParallelGCFailedAllocation", Time since last: 1386946880 ns, Reaching safepoint: 3300 ns, Cleanup: 3600 ns, At safepoint: 37105715 ns, Total: 37112615 ns
[175.491s][info ][safepoint      ] Safepoint "Cleanup", Time since last: 7000443391 ns, Reaching safepoint: 3300 ns, Cleanup: 13500 ns, At safepoint: 5800 ns, Total: 22600 ns
[178.491s][info ][safepoint      ] Safepoint "Cleanup", Time since last: 3000233557 ns, Reaching safepoint: 4000 ns, Cleanup: 19200 ns, At safepoint: 1700 ns, Total: 24900 ns
[191.064s][info ][safepoint      ] Safepoint "Cleanup", Time since last: 12572767211 ns, Reaching safepoint: 4500 ns, Cleanup: 9500 ns, At safepoint: 2100 ns, Total: 16100 ns
[192.064s][info ][safepoint      ] Safepoint "Cleanup", Time since last: 1000099776 ns, Reaching safepoint: 3800 ns, Cleanup: 8800 ns, At safepoint: 1700 ns, Total: 14300 ns
[193.252s][info ][gc,start       ] GC(20) Pause Young (Allocation Failure)
[193.290s][debug][gc,phases      ] GC(20) Scavenge 38.394ms
[193.290s][debug][gc,ref         ] GC(20) Skipped phase 1 of Reference Processing: no references
[193.291s][debug][gc,ref         ] GC(20) ReferenceProcessor::execute queues: 2, RefProcThreadModel::Multi, marks_oops_alive: false
[193.291s][debug][gc,ref         ] GC(20) Skipped phase 3 of Reference Processing: no references
[193.291s][debug][gc,ref         ] GC(20) ReferenceProcessor::execute queues: 1, RefProcThreadModel::Single, marks_oops_alive: false
[193.291s][debug][gc,phases      ] GC(20) Reference Processing 0.198ms
[193.291s][debug][gc,phases      ] GC(20)   VM Weak                        Min:  0.0, Avg:  0.0, Max:  0.0, Diff:  0.0, Sum:  0.0, Workers: 4
[193.291s][debug][gc,phases      ] GC(20)     Dead                           Min: 0, Avg:  0.0, Max: 0, Diff: 0, Sum: 0, Workers: 4
[193.291s][debug][gc,phases      ] GC(20)     Total                          Min: 0, Avg: 185.8, Max: 448, Diff: 448, Sum: 743, Workers: 4
[193.291s][debug][gc,phases      ] GC(20)   ObjectSynchronizer Weak        Min:  0.0, Avg:  0.0, Max:  0.0, Diff:  0.0, Sum:  0.0, Workers: 4
[193.291s][debug][gc,phases      ] GC(20)     Dead                           Min: 0, Avg:  0.0, Max: 0, Diff: 0, Sum: 0, Workers: 4
[193.291s][debug][gc,phases      ] GC(20)     Total                          Min: 0, Avg:  1.0, Max: 4, Diff: 4, Sum: 4, Workers: 4
[193.291s][debug][gc,phases      ] GC(20)   JVMTI Tag Weak OopStorage      Min:  0.0, Avg:  0.0, Max:  0.0, Diff:  0.0, Sum:  0.0, Workers: 4
[193.291s][debug][gc,phases      ] GC(20)     Dead                           Min: 0, Avg:  0.0, Max: 0, Diff: 0, Sum: 0, Workers: 4
[193.291s][debug][gc,phases      ] GC(20)     Total                          Min: 0, Avg:  0.0, Max: 0, Diff: 0, Sum: 0, Workers: 4
[193.291s][debug][gc,phases      ] GC(20)   StringTable Weak               Min:  0.1, Avg:  0.1, Max:  0.1, Diff:  0.0, Sum:  0.5, Workers: 4
[193.291s][debug][gc,phases      ] GC(20)     Dead                           Min: 0, Avg:  0.0, Max: 0, Diff: 0, Sum: 0, Workers: 4
[193.291s][debug][gc,phases      ] GC(20)     Total                          Min: 7664, Avg: 10924.0, Max: 12416, Diff: 4752, Sum: 43696, Workers: 4
[193.291s][debug][gc,phases      ] GC(20)   ResolvedMethodTable Weak       Min:  0.0, Avg:  0.0, Max:  0.0, Diff:  0.0, Sum:  0.1, Workers: 4
[193.291s][debug][gc,phases      ] GC(20)     Dead                           Min: 0, Avg:  0.0, Max: 0, Diff: 0, Sum: 0, Workers: 4
[193.291s][debug][gc,phases      ] GC(20)     Total                          Min: 2432, Avg: 2595.8, Max: 2816, Diff: 384, Sum: 10383, Workers: 4
[193.291s][debug][gc,phases      ] GC(20)   JNI Weak                       Min:  0.0, Avg:  0.0, Max:  0.0, Diff:  0.0, Sum:  0.0, Workers: 4
[193.291s][debug][gc,phases      ] GC(20)     Dead                           Min: 0, Avg:  0.0, Max: 0, Diff: 0, Sum: 0, Workers: 4
[193.291s][debug][gc,phases      ] GC(20)     Total                          Min: 0, Avg: 11.2, Max: 45, Diff: 45, Sum: 45, Workers: 4
[193.291s][debug][gc,phases      ] GC(20)   StringDedup Table Weak         Min:  0.0, Avg:  0.0, Max:  0.0, Diff:  0.0, Sum:  0.0, Workers: 4
[193.291s][debug][gc,phases      ] GC(20)     Dead                           Min: 0, Avg:  0.0, Max: 0, Diff: 0, Sum: 0, Workers: 4
[193.291s][debug][gc,phases      ] GC(20)     Total                          Min: 0, Avg:  0.0, Max: 0, Diff: 0, Sum: 0, Workers: 4
[193.291s][debug][gc,phases      ] GC(20)   StringDedup Requests0 Weak     Min:  0.0, Avg:  0.0, Max:  0.0, Diff:  0.0, Sum:  0.0, Workers: 4
[193.291s][debug][gc,phases      ] GC(20)     Dead                           Min: 0, Avg:  0.0, Max: 0, Diff: 0, Sum: 0, Workers: 4
[193.291s][debug][gc,phases      ] GC(20)     Total                          Min: 0, Avg:  0.0, Max: 0, Diff: 0, Sum: 0, Workers: 4
[193.291s][debug][gc,phases      ] GC(20)   StringDedup Requests1 Weak     Min:  0.0, Avg:  0.0, Max:  0.0, Diff:  0.0, Sum:  0.0, Workers: 4
[193.291s][debug][gc,phases      ] GC(20)     Dead                           Min: 0, Avg:  0.0, Max: 0, Diff: 0, Sum: 0, Workers: 4
[193.291s][debug][gc,phases      ] GC(20)     Total                          Min: 0, Avg:  0.0, Max: 0, Diff: 0, Sum: 0, Workers: 4
[193.291s][debug][gc,phases      ] GC(20)   Weak JFR Old Object Samples    Min:  0.0, Avg:  0.0, Max:  0.0, Diff:  0.0, Sum:  0.0, Workers: 4
[193.291s][debug][gc,phases      ] GC(20)     Dead                           Min: 0, Avg:  0.0, Max: 0, Diff: 0, Sum: 0, Workers: 4
[193.291s][debug][gc,phases      ] GC(20)     Total                          Min: 0, Avg:  0.0, Max: 0, Diff: 0, Sum: 0, Workers: 4
[193.291s][debug][gc,phases      ] GC(20) Weak Processing 0.348ms
[193.291s][debug][gc,age         ] GC(20) Desired survivor size 268435456 bytes, new threshold 13 (max threshold 15)
[193.291s][info ][gc,heap        ] GC(20) PSYoungGen: 1664555K(1812480K)->129579K(1835008K) Eden: 1534976K(1534976K)->0K(1565184K) From: 129579K(277504K)->129579K(269824K)
[193.291s][info ][gc,heap        ] GC(20) ParOldGen: 163551K(246272K)->163559K(246272K)
[193.291s][info ][gc,metaspace   ] GC(20) Metaspace: 83747K(84672K)->83747K(84672K) NonClass: 71267K(71808K)->71267K(71808K) Class: 12479K(12864K)->12479K(12864K)
[193.291s][info ][gc             ] GC(20) Pause Young (Allocation Failure) 1785M->286M(2032M) 39.050ms
[193.291s][info ][gc,cpu         ] GC(20) User=0.14s Sys=0.00s Real=0.04s
[193.291s][info ][safepoint      ] Safepoint "ParallelGCFailedAllocation", Time since last: 1187979658 ns, Reaching safepoint: 4000 ns, Cleanup: 7700 ns, At safepoint: 39112321 ns, Total: 39124021 ns
[205.292s][info ][safepoint      ] Safepoint "Cleanup", Time since last: 12000764703 ns, Reaching safepoint: 4200 ns, Cleanup: 7600 ns, At safepoint: 1700 ns, Total: 13500 ns
[206.292s][info ][safepoint      ] Safepoint "Cleanup", Time since last: 1000110323 ns, Reaching safepoint: 4600 ns, Cleanup: 9200 ns, At safepoint: 1700 ns, Total: 15500 ns
[213.292s][info ][safepoint      ] Safepoint "Cleanup", Time since last: 7000417188 ns, Reaching safepoint: 5300 ns, Cleanup: 7500 ns, At safepoint: 1800 ns, Total: 14600 ns
[218.404s][info ][gc,start       ] GC(21) Pause Young (Allocation Failure)
[218.445s][debug][gc,phases      ] GC(21) Scavenge 41.082ms
[218.445s][debug][gc,ref         ] GC(21) Skipped phase 1 of Reference Processing: no references
[218.445s][debug][gc,ref         ] GC(21) ReferenceProcessor::execute queues: 2, RefProcThreadModel::Multi, marks_oops_alive: false
[218.445s][debug][gc,ref         ] GC(21) Skipped phase 3 of Reference Processing: no references
[218.445s][debug][gc,ref         ] GC(21) ReferenceProcessor::execute queues: 1, RefProcThreadModel::Single, marks_oops_alive: false
[218.445s][debug][gc,phases      ] GC(21) Reference Processing 0.183ms
[218.446s][debug][gc,phases      ] GC(21)   VM Weak                        Min:  0.0, Avg:  0.0, Max:  0.0, Diff:  0.0, Sum:  0.0, Workers: 4
[218.446s][debug][gc,phases      ] GC(21)     Dead                           Min: 0, Avg:  0.0, Max: 0, Diff: 0, Sum: 0, Workers: 4
[218.446s][debug][gc,phases      ] GC(21)     Total                          Min: 0, Avg: 185.8, Max: 448, Diff: 448, Sum: 743, Workers: 4
[218.446s][debug][gc,phases      ] GC(21)   ObjectSynchronizer Weak        Min:  0.0, Avg:  0.0, Max:  0.0, Diff:  0.0, Sum:  0.0, Workers: 4
[218.446s][debug][gc,phases      ] GC(21)     Dead                           Min: 0, Avg:  0.0, Max: 0, Diff: 0, Sum: 0, Workers: 4
[218.446s][debug][gc,phases      ] GC(21)     Total                          Min: 0, Avg:  1.0, Max: 4, Diff: 4, Sum: 4, Workers: 4
[218.446s][debug][gc,phases      ] GC(21)   JVMTI Tag Weak OopStorage      Min:  0.0, Avg:  0.0, Max:  0.0, Diff:  0.0, Sum:  0.0, Workers: 4
[218.446s][debug][gc,phases      ] GC(21)     Dead                           Min: 0, Avg:  0.0, Max: 0, Diff: 0, Sum: 0, Workers: 4
[218.446s][debug][gc,phases      ] GC(21)     Total                          Min: 0, Avg:  0.0, Max: 0, Diff: 0, Sum: 0, Workers: 4
[218.446s][debug][gc,phases      ] GC(21)   StringTable Weak               Min:  0.0, Avg:  0.1, Max:  0.1, Diff:  0.1, Sum:  0.4, Workers: 4
[218.446s][debug][gc,phases      ] GC(21)     Dead                           Min: 0, Avg:  0.0, Max: 0, Diff: 0, Sum: 0, Workers: 4
[218.446s][debug][gc,phases      ] GC(21)     Total                          Min: 0, Avg: 10924.8, Max: 19123, Diff: 19123, Sum: 43699, Workers: 4
[218.446s][debug][gc,phases      ] GC(21)   ResolvedMethodTable Weak       Min:  0.0, Avg:  0.0, Max:  0.0, Diff:  0.0, Sum:  0.1, Workers: 4
[218.446s][debug][gc,phases      ] GC(21)     Dead                           Min: 0, Avg:  0.0, Max: 0, Diff: 0, Sum: 0, Workers: 4
[218.446s][debug][gc,phases      ] GC(21)     Total                          Min: 0, Avg: 2595.8, Max: 4224, Diff: 4224, Sum: 10383, Workers: 4
[218.446s][debug][gc,phases      ] GC(21)   JNI Weak                       Min:  0.0, Avg:  0.0, Max:  0.0, Diff:  0.0, Sum:  0.0, Workers: 4
[218.446s][debug][gc,phases      ] GC(21)     Dead                           Min: 0, Avg:  0.0, Max: 0, Diff: 0, Sum: 0, Workers: 4
[218.446s][debug][gc,phases      ] GC(21)     Total                          Min: 0, Avg: 11.2, Max: 45, Diff: 45, Sum: 45, Workers: 4
[218.446s][debug][gc,phases      ] GC(21)   StringDedup Table Weak         Min:  0.0, Avg:  0.0, Max:  0.0, Diff:  0.0, Sum:  0.0, Workers: 4
[218.446s][debug][gc,phases      ] GC(21)     Dead                           Min: 0, Avg:  0.0, Max: 0, Diff: 0, Sum: 0, Workers: 4
[218.446s][debug][gc,phases      ] GC(21)     Total                          Min: 0, Avg:  0.0, Max: 0, Diff: 0, Sum: 0, Workers: 4
[218.446s][debug][gc,phases      ] GC(21)   StringDedup Requests0 Weak     Min:  0.0, Avg:  0.0, Max:  0.0, Diff:  0.0, Sum:  0.0, Workers: 4
[218.446s][debug][gc,phases      ] GC(21)     Dead                           Min: 0, Avg:  0.0, Max: 0, Diff: 0, Sum: 0, Workers: 4
[218.446s][debug][gc,phases      ] GC(21)     Total                          Min: 0, Avg:  0.0, Max: 0, Diff: 0, Sum: 0, Workers: 4
[218.446s][debug][gc,phases      ] GC(21)   StringDedup Requests1 Weak     Min:  0.0, Avg:  0.0, Max:  0.0, Diff:  0.0, Sum:  0.0, Workers: 4
[218.446s][debug][gc,phases      ] GC(21)     Dead                           Min: 0, Avg:  0.0, Max: 0, Diff: 0, Sum: 0, Workers: 4
[218.446s][debug][gc,phases      ] GC(21)     Total                          Min: 0, Avg:  0.0, Max: 0, Diff: 0, Sum: 0, Workers: 4
[218.446s][debug][gc,phases      ] GC(21)   Weak JFR Old Object Samples    Min:  0.0, Avg:  0.0, Max:  0.0, Diff:  0.0, Sum:  0.0, Workers: 4
[218.446s][debug][gc,phases      ] GC(21)     Dead                           Min: 0, Avg:  0.0, Max: 0, Diff: 0, Sum: 0, Workers: 4
[218.446s][debug][gc,phases      ] GC(21)     Total                          Min: 0, Avg:  0.0, Max: 0, Diff: 0, Sum: 0, Workers: 4
[218.446s][debug][gc,phases      ] GC(21) Weak Processing 0.362ms
[218.446s][debug][gc,age         ] GC(21) Desired survivor size 261095424 bytes, new threshold 14 (max threshold 15)
[218.446s][info ][gc,heap        ] GC(21) PSYoungGen: 1694763K(1835008K)->129579K(1827328K) Eden: 1565184K(1565184K)->0K(1565184K) From: 129579K(269824K)->129579K(262144K)
[218.446s][info ][gc,heap        ] GC(21) ParOldGen: 163559K(246272K)->163559K(246272K)
[218.446s][info ][gc,metaspace   ] GC(21) Metaspace: 83753K(84672K)->83753K(84672K) NonClass: 71270K(71808K)->71270K(71808K) Class: 12483K(12864K)->12483K(12864K)
[218.446s][info ][gc             ] GC(21) Pause Young (Allocation Failure) 1814M->286M(2025M) 41.736ms
[218.446s][info ][gc,cpu         ] GC(21) User=0.13s Sys=0.00s Real=0.04s
[218.446s][info ][safepoint      ] Safepoint "ParallelGCFailedAllocation", Time since last: 5111663028 ns, Reaching safepoint: 3300 ns, Cleanup: 3700 ns, At safepoint: 41795815 ns, Total: 41802815 ns
[242.447s][info ][safepoint      ] Safepoint "Cleanup", Time since last: 24001539346 ns, Reaching safepoint: 3800 ns, Cleanup: 7500 ns, At safepoint: 1600 ns, Total: 12900 ns
[243.504s][info ][gc,start       ] GC(22) Pause Young (Allocation Failure)
[243.543s][debug][gc,phases      ] GC(22) Scavenge 39.046ms
[243.543s][debug][gc,ref         ] GC(22) Skipped phase 1 of Reference Processing: no references
[243.543s][debug][gc,ref         ] GC(22) ReferenceProcessor::execute queues: 1, RefProcThreadModel::Single, marks_oops_alive: false
[243.543s][debug][gc,ref         ] GC(22) Skipped phase 3 of Reference Processing: no references
[243.543s][debug][gc,ref         ] GC(22) ReferenceProcessor::execute queues: 1, RefProcThreadModel::Single, marks_oops_alive: false
[243.543s][debug][gc,phases      ] GC(22) Reference Processing 0.148ms
[243.543s][debug][gc,phases      ] GC(22)   VM Weak                        Min:  0.0, Avg:  0.0, Max:  0.0, Diff:  0.0, Sum:  0.0, Workers: 4
[243.543s][debug][gc,phases      ] GC(22)     Dead                           Min: 0, Avg:  0.0, Max: 0, Diff: 0, Sum: 0, Workers: 4
[243.543s][debug][gc,phases      ] GC(22)     Total                          Min: 0, Avg: 185.8, Max: 640, Diff: 640, Sum: 743, Workers: 4
[243.543s][debug][gc,phases      ] GC(22)   ObjectSynchronizer Weak        Min:  0.0, Avg:  0.0, Max:  0.0, Diff:  0.0, Sum:  0.0, Workers: 4
[243.543s][debug][gc,phases      ] GC(22)     Dead                           Min: 0, Avg:  0.0, Max: 0, Diff: 0, Sum: 0, Workers: 4
[243.543s][debug][gc,phases      ] GC(22)     Total                          Min: 0, Avg:  1.0, Max: 4, Diff: 4, Sum: 4, Workers: 4
[243.543s][debug][gc,phases      ] GC(22)   JVMTI Tag Weak OopStorage      Min:  0.0, Avg:  0.0, Max:  0.0, Diff:  0.0, Sum:  0.0, Workers: 4
[243.543s][debug][gc,phases      ] GC(22)     Dead                           Min: 0, Avg:  0.0, Max: 0, Diff: 0, Sum: 0, Workers: 4
[243.543s][debug][gc,phases      ] GC(22)     Total                          Min: 0, Avg:  0.0, Max: 0, Diff: 0, Sum: 0, Workers: 4
[243.543s][debug][gc,phases      ] GC(22)   StringTable Weak               Min:  0.0, Avg:  0.1, Max:  0.1, Diff:  0.1, Sum:  0.4, Workers: 4
[243.543s][debug][gc,phases      ] GC(22)     Dead                           Min: 0, Avg:  0.0, Max: 0, Diff: 0, Sum: 0, Workers: 4
[243.543s][debug][gc,phases      ] GC(22)     Total                          Min: 0, Avg: 10926.0, Max: 19008, Diff: 19008, Sum: 43704, Workers: 4
[243.543s][debug][gc,phases      ] GC(22)   ResolvedMethodTable Weak       Min:  0.0, Avg:  0.0, Max:  0.0, Diff:  0.0, Sum:  0.1, Workers: 4
[243.543s][debug][gc,phases      ] GC(22)     Dead                           Min: 0, Avg:  0.0, Max: 0, Diff: 0, Sum: 0, Workers: 4
[243.543s][debug][gc,phases      ] GC(22)     Total                          Min: 1999, Avg: 2595.8, Max: 2944, Diff: 945, Sum: 10383, Workers: 4
[243.543s][debug][gc,phases      ] GC(22)   JNI Weak                       Min:  0.0, Avg:  0.0, Max:  0.0, Diff:  0.0, Sum:  0.0, Workers: 4
[243.543s][debug][gc,phases      ] GC(22)     Dead                           Min: 0, Avg:  0.0, Max: 0, Diff: 0, Sum: 0, Workers: 4
[243.543s][debug][gc,phases      ] GC(22)     Total                          Min: 0, Avg: 11.2, Max: 45, Diff: 45, Sum: 45, Workers: 4
[243.543s][debug][gc,phases      ] GC(22)   StringDedup Table Weak         Min:  0.0, Avg:  0.0, Max:  0.0, Diff:  0.0, Sum:  0.0, Workers: 4
[243.543s][debug][gc,phases      ] GC(22)     Dead                           Min: 0, Avg:  0.0, Max: 0, Diff: 0, Sum: 0, Workers: 4
[243.543s][debug][gc,phases      ] GC(22)     Total                          Min: 0, Avg:  0.0, Max: 0, Diff: 0, Sum: 0, Workers: 4
[243.543s][debug][gc,phases      ] GC(22)   StringDedup Requests0 Weak     Min:  0.0, Avg:  0.0, Max:  0.0, Diff:  0.0, Sum:  0.0, Workers: 4
[243.543s][debug][gc,phases      ] GC(22)     Dead                           Min: 0, Avg:  0.0, Max: 0, Diff: 0, Sum: 0, Workers: 4
[243.543s][debug][gc,phases      ] GC(22)     Total                          Min: 0, Avg:  0.0, Max: 0, Diff: 0, Sum: 0, Workers: 4
[243.543s][debug][gc,phases      ] GC(22)   StringDedup Requests1 Weak     Min:  0.0, Avg:  0.0, Max:  0.0, Diff:  0.0, Sum:  0.0, Workers: 4
[243.543s][debug][gc,phases      ] GC(22)     Dead                           Min: 0, Avg:  0.0, Max: 0, Diff: 0, Sum: 0, Workers: 4
[243.543s][debug][gc,phases      ] GC(22)     Total                          Min: 0, Avg:  0.0, Max: 0, Diff: 0, Sum: 0, Workers: 4
[243.543s][debug][gc,phases      ] GC(22)   Weak JFR Old Object Samples    Min:  0.0, Avg:  0.0, Max:  0.0, Diff:  0.0, Sum:  0.0, Workers: 4
[243.543s][debug][gc,phases      ] GC(22)     Dead                           Min: 0, Avg:  0.0, Max: 0, Diff: 0, Sum: 0, Workers: 4
[243.543s][debug][gc,phases      ] GC(22)     Total                          Min: 0, Avg:  0.0, Max: 0, Diff: 0, Sum: 0, Workers: 4
[243.543s][debug][gc,phases      ] GC(22) Weak Processing 0.358ms
[243.543s][debug][gc,age         ] GC(22) Desired survivor size 253755392 bytes, new threshold 15 (max threshold 15)
[243.543s][info ][gc,heap        ] GC(22) PSYoungGen: 1694763K(1827328K)->129595K(1849344K) Eden: 1565184K(1565184K)->0K(1594368K) From: 129579K(262144K)->129595K(254976K)
[243.543s][info ][gc,heap        ] GC(22) ParOldGen: 163559K(246272K)->163567K(246272K)
[243.543s][info ][gc,metaspace   ] GC(22) Metaspace: 83753K(84672K)->83753K(84672K) NonClass: 71270K(71808K)->71270K(71808K) Class: 12483K(12864K)->12483K(12864K)
[243.543s][info ][gc             ] GC(22) Pause Young (Allocation Failure) 1814M->286M(2046M) 39.668ms
[243.543s][info ][gc,cpu         ] GC(22) User=0.13s Sys=0.01s Real=0.04s
[243.543s][info ][safepoint      ] Safepoint "ParallelGCFailedAllocation", Time since last: 1056062796 ns, Reaching safepoint: 71500 ns, Cleanup: 3100 ns, At safepoint: 39743320 ns, Total: 39817920 ns
[250.544s][info ][safepoint      ] Safepoint "Cleanup", Time since last: 7000456729 ns, Reaching safepoint: 3700 ns, Cleanup: 8800 ns, At safepoint: 1800 ns, Total: 14300 ns
[252.544s][info ][safepoint      ] Safepoint "Cleanup", Time since last: 2000163319 ns, Reaching safepoint: 3100 ns, Cleanup: 7800 ns, At safepoint: 2000 ns, Total: 12900 ns
[257.544s][info ][safepoint      ] Safepoint "Cleanup", Time since last: 5000339447 ns, Reaching safepoint: 3500 ns, Cleanup: 10200 ns, At safepoint: 1800 ns, Total: 15500 ns
[268.545s][info ][safepoint      ] Safepoint "Cleanup", Time since last: 11000716840 ns, Reaching safepoint: 3500 ns, Cleanup: 5600 ns, At safepoint: 1500 ns, Total: 10600 ns
[269.254s][info ][gc,start       ] GC(23) Pause Young (Allocation Failure)
[269.292s][debug][gc,phases      ] GC(23) Scavenge 37.968ms
[269.292s][debug][gc,ref         ] GC(23) Skipped phase 1 of Reference Processing: no references
[269.292s][debug][gc,ref         ] GC(23) ReferenceProcessor::execute queues: 2, RefProcThreadModel::Multi, marks_oops_alive: false
[269.292s][debug][gc,ref         ] GC(23) Skipped phase 3 of Reference Processing: no references
[269.292s][debug][gc,ref         ] GC(23) ReferenceProcessor::execute queues: 1, RefProcThreadModel::Single, marks_oops_alive: false
[269.292s][debug][gc,phases      ] GC(23) Reference Processing 0.173ms
[269.292s][debug][gc,phases      ] GC(23)   VM Weak                        Min:  0.0, Avg:  0.0, Max:  0.0, Diff:  0.0, Sum:  0.0, Workers: 4
[269.292s][debug][gc,phases      ] GC(23)     Dead                           Min: 0, Avg:  0.0, Max: 0, Diff: 0, Sum: 0, Workers: 4
[269.292s][debug][gc,phases      ] GC(23)     Total                          Min: 0, Avg: 185.8, Max: 423, Diff: 423, Sum: 743, Workers: 4
[269.292s][debug][gc,phases      ] GC(23)   ObjectSynchronizer Weak        Min:  0.0, Avg:  0.0, Max:  0.0, Diff:  0.0, Sum:  0.0, Workers: 4
[269.292s][debug][gc,phases      ] GC(23)     Dead                           Min: 0, Avg:  0.0, Max: 0, Diff: 0, Sum: 0, Workers: 4
[269.292s][debug][gc,phases      ] GC(23)     Total                          Min: 0, Avg:  1.0, Max: 4, Diff: 4, Sum: 4, Workers: 4
[269.292s][debug][gc,phases      ] GC(23)   JVMTI Tag Weak OopStorage      Min:  0.0, Avg:  0.0, Max:  0.0, Diff:  0.0, Sum:  0.0, Workers: 4
[269.292s][debug][gc,phases      ] GC(23)     Dead                           Min: 0, Avg:  0.0, Max: 0, Diff: 0, Sum: 0, Workers: 4
[269.292s][debug][gc,phases      ] GC(23)     Total                          Min: 0, Avg:  0.0, Max: 0, Diff: 0, Sum: 0, Workers: 4
[269.292s][debug][gc,phases      ] GC(23)   StringTable Weak               Min:  0.0, Avg:  0.1, Max:  0.1, Diff:  0.1, Sum:  0.4, Workers: 4
[269.292s][debug][gc,phases      ] GC(23)     Dead                           Min: 0, Avg:  0.0, Max: 0, Diff: 0, Sum: 0, Workers: 4
[269.292s][debug][gc,phases      ] GC(23)     Total                          Min: 0, Avg: 10926.0, Max: 19008, Diff: 19008, Sum: 43704, Workers: 4
[269.292s][debug][gc,phases      ] GC(23)   ResolvedMethodTable Weak       Min:  0.0, Avg:  0.0, Max:  0.0, Diff:  0.0, Sum:  0.1, Workers: 4
[269.292s][debug][gc,phases      ] GC(23)     Dead                           Min: 0, Avg:  0.0, Max: 0, Diff: 0, Sum: 0, Workers: 4
[269.292s][debug][gc,phases      ] GC(23)     Total                          Min: 0, Avg: 2595.8, Max: 4160, Diff: 4160, Sum: 10383, Workers: 4
[269.292s][debug][gc,phases      ] GC(23)   JNI Weak                       Min:  0.0, Avg:  0.0, Max:  0.0, Diff:  0.0, Sum:  0.0, Workers: 4
[269.292s][debug][gc,phases      ] GC(23)     Dead                           Min: 0, Avg:  0.0, Max: 0, Diff: 0, Sum: 0, Workers: 4
[269.292s][debug][gc,phases      ] GC(23)     Total                          Min: 0, Avg: 11.2, Max: 45, Diff: 45, Sum: 45, Workers: 4
[269.292s][debug][gc,phases      ] GC(23)   StringDedup Table Weak         Min:  0.0, Avg:  0.0, Max:  0.0, Diff:  0.0, Sum:  0.0, Workers: 4
[269.292s][debug][gc,phases      ] GC(23)     Dead                           Min: 0, Avg:  0.0, Max: 0, Diff: 0, Sum: 0, Workers: 4
[269.292s][debug][gc,phases      ] GC(23)     Total                          Min: 0, Avg:  0.0, Max: 0, Diff: 0, Sum: 0, Workers: 4
[269.292s][debug][gc,phases      ] GC(23)   StringDedup Requests0 Weak     Min:  0.0, Avg:  0.0, Max:  0.0, Diff:  0.0, Sum:  0.0, Workers: 4
[269.292s][debug][gc,phases      ] GC(23)     Dead                           Min: 0, Avg:  0.0, Max: 0, Diff: 0, Sum: 0, Workers: 4
[269.292s][debug][gc,phases      ] GC(23)     Total                          Min: 0, Avg:  0.0, Max: 0, Diff: 0, Sum: 0, Workers: 4
[269.292s][debug][gc,phases      ] GC(23)   StringDedup Requests1 Weak     Min:  0.0, Avg:  0.0, Max:  0.0, Diff:  0.0, Sum:  0.0, Workers: 4
[269.292s][debug][gc,phases      ] GC(23)     Dead                           Min: 0, Avg:  0.0, Max: 0, Diff: 0, Sum: 0, Workers: 4
[269.292s][debug][gc,phases      ] GC(23)     Total                          Min: 0, Avg:  0.0, Max: 0, Diff: 0, Sum: 0, Workers: 4
[269.292s][debug][gc,phases      ] GC(23)   Weak JFR Old Object Samples    Min:  0.0, Avg:  0.0, Max:  0.0, Diff:  0.0, Sum:  0.0, Workers: 4
[269.292s][debug][gc,phases      ] GC(23)     Dead                           Min: 0, Avg:  0.0, Max: 0, Diff: 0, Sum: 0, Workers: 4
[269.292s][debug][gc,phases      ] GC(23)     Total                          Min: 0, Avg:  0.0, Max: 0, Diff: 0, Sum: 0, Workers: 4
[269.292s][debug][gc,phases      ] GC(23) Weak Processing 0.363ms
[269.292s][debug][gc,age         ] GC(23) Desired survivor size 246415360 bytes, new threshold 15 (max threshold 15)
[269.292s][info ][gc,heap        ] GC(23) PSYoungGen: 1723963K(1849344K)->129627K(1842176K) Eden: 1594368K(1594368K)->0K(1594368K) From: 129595K(254976K)->129627K(247808K)
[269.292s][info ][gc,heap        ] GC(23) ParOldGen: 163567K(246272K)->163567K(246272K)
[269.292s][info ][gc,metaspace   ] GC(23) Metaspace: 83755K(84672K)->83755K(84672K) NonClass: 71272K(71808K)->71272K(71808K) Class: 12483K(12864K)->12483K(12864K)
[269.292s][info ][gc             ] GC(23) Pause Young (Allocation Failure) 1843M->286M(2039M) 38.626ms
[269.292s][info ][gc,cpu         ] GC(23) User=0.15s Sys=0.00s Real=0.04s
[269.292s][info ][safepoint      ] Safepoint "ParallelGCFailedAllocation", Time since last: 708734337 ns, Reaching safepoint: 3500 ns, Cleanup: 3600 ns, At safepoint: 38695617 ns, Total: 38702717 ns
[270.293s][info ][safepoint      ] Safepoint "Cleanup", Time since last: 1000081716 ns, Reaching safepoint: 3200 ns, Cleanup: 7700 ns, At safepoint: 11500 ns, Total: 22400 ns
[277.293s][info ][safepoint      ] Safepoint "Cleanup", Time since last: 7000434305 ns, Reaching safepoint: 3700 ns, Cleanup: 6901 ns, At safepoint: 1800 ns, Total: 12401 ns
[282.293s][info ][safepoint      ] Safepoint "Cleanup", Time since last: 5000336060 ns, Reaching safepoint: 3400 ns, Cleanup: 6200 ns, At safepoint: 2100 ns, Total: 11700 ns
[286.294s][info ][safepoint      ] Safepoint "Cleanup", Time since last: 4000281186 ns, Reaching safepoint: 3700 ns, Cleanup: 5700 ns, At safepoint: 5100 ns, Total: 14500 ns
[288.294s][info ][safepoint      ] Safepoint "Cleanup", Time since last: 2000167529 ns, Reaching safepoint: 3700 ns, Cleanup: 5600 ns, At safepoint: 1600 ns, Total: 10900 ns
[291.294s][info ][safepoint      ] Safepoint "Cleanup", Time since last: 3000233022 ns, Reaching safepoint: 4100 ns, Cleanup: 11100 ns, At safepoint: 2200 ns, Total: 17400 ns
[294.952s][info ][gc,start       ] GC(24) Pause Young (Allocation Failure)
[295.011s][debug][gc,phases      ] GC(24) Scavenge 58.668ms
[295.011s][debug][gc,ref         ] GC(24) Skipped phase 1 of Reference Processing: no references
[295.011s][debug][gc,ref         ] GC(24) ReferenceProcessor::execute queues: 2, RefProcThreadModel::Multi, marks_oops_alive: false
[295.011s][debug][gc,ref         ] GC(24) Skipped phase 3 of Reference Processing: no references
[295.011s][debug][gc,ref         ] GC(24) ReferenceProcessor::execute queues: 1, RefProcThreadModel::Single, marks_oops_alive: false
[295.011s][debug][gc,phases      ] GC(24) Reference Processing 0.167ms
[295.012s][debug][gc,phases      ] GC(24)   VM Weak                        Min:  0.0, Avg:  0.0, Max:  0.0, Diff:  0.0, Sum:  0.0, Workers: 4
[295.012s][debug][gc,phases      ] GC(24)     Dead                           Min: 0, Avg:  0.0, Max: 0, Diff: 0, Sum: 0, Workers: 4
[295.012s][debug][gc,phases      ] GC(24)     Total                          Min: 0, Avg: 185.8, Max: 448, Diff: 448, Sum: 743, Workers: 4
[295.012s][debug][gc,phases      ] GC(24)   ObjectSynchronizer Weak        Min:  0.0, Avg:  0.0, Max:  0.0, Diff:  0.0, Sum:  0.0, Workers: 4
[295.012s][debug][gc,phases      ] GC(24)     Dead                           Min: 0, Avg:  0.0, Max: 0, Diff: 0, Sum: 0, Workers: 4
[295.012s][debug][gc,phases      ] GC(24)     Total                          Min: 0, Avg:  1.0, Max: 4, Diff: 4, Sum: 4, Workers: 4
[295.012s][debug][gc,phases      ] GC(24)   JVMTI Tag Weak OopStorage      Min:  0.0, Avg:  0.0, Max:  0.0, Diff:  0.0, Sum:  0.0, Workers: 4
[295.012s][debug][gc,phases      ] GC(24)     Dead                           Min: 0, Avg:  0.0, Max: 0, Diff: 0, Sum: 0, Workers: 4
[295.012s][debug][gc,phases      ] GC(24)     Total                          Min: 0, Avg:  0.0, Max: 0, Diff: 0, Sum: 0, Workers: 4
[295.012s][debug][gc,phases      ] GC(24)   StringTable Weak               Min:  0.1, Avg:  0.1, Max:  0.1, Diff:  0.0, Sum:  0.5, Workers: 4
[295.012s][debug][gc,phases      ] GC(24)     Dead                           Min: 0, Avg:  0.0, Max: 0, Diff: 0, Sum: 0, Workers: 4
[295.012s][debug][gc,phases      ] GC(24)     Total                          Min: 10496, Avg: 10939.0, Max: 11500, Diff: 1004, Sum: 43756, Workers: 4
[295.012s][debug][gc,phases      ] GC(24)   ResolvedMethodTable Weak       Min:  0.0, Avg:  0.0, Max:  0.0, Diff:  0.0, Sum:  0.1, Workers: 4
[295.012s][debug][gc,phases      ] GC(24)     Dead                           Min: 0, Avg:  0.0, Max: 0, Diff: 0, Sum: 0, Workers: 4
[295.012s][debug][gc,phases      ] GC(24)     Total                          Min: 2432, Avg: 2595.8, Max: 2816, Diff: 384, Sum: 10383, Workers: 4
[295.012s][debug][gc,phases      ] GC(24)   JNI Weak                       Min:  0.0, Avg:  0.0, Max:  0.0, Diff:  0.0, Sum:  0.0, Workers: 4
[295.012s][debug][gc,phases      ] GC(24)     Dead                           Min: 0, Avg:  0.0, Max: 0, Diff: 0, Sum: 0, Workers: 4
[295.012s][debug][gc,phases      ] GC(24)     Total                          Min: 0, Avg: 11.2, Max: 45, Diff: 45, Sum: 45, Workers: 4
[295.012s][debug][gc,phases      ] GC(24)   StringDedup Table Weak         Min:  0.0, Avg:  0.0, Max:  0.0, Diff:  0.0, Sum:  0.0, Workers: 4
[295.012s][debug][gc,phases      ] GC(24)     Dead                           Min: 0, Avg:  0.0, Max: 0, Diff: 0, Sum: 0, Workers: 4
[295.012s][debug][gc,phases      ] GC(24)     Total                          Min: 0, Avg:  0.0, Max: 0, Diff: 0, Sum: 0, Workers: 4
[295.012s][debug][gc,phases      ] GC(24)   StringDedup Requests0 Weak     Min:  0.0, Avg:  0.0, Max:  0.0, Diff:  0.0, Sum:  0.0, Workers: 4
[295.012s][debug][gc,phases      ] GC(24)     Dead                           Min: 0, Avg:  0.0, Max: 0, Diff: 0, Sum: 0, Workers: 4
[295.012s][debug][gc,phases      ] GC(24)     Total                          Min: 0, Avg:  0.0, Max: 0, Diff: 0, Sum: 0, Workers: 4
[295.012s][debug][gc,phases      ] GC(24)   StringDedup Requests1 Weak     Min:  0.0, Avg:  0.0, Max:  0.0, Diff:  0.0, Sum:  0.0, Workers: 4
[295.012s][debug][gc,phases      ] GC(24)     Dead                           Min: 0, Avg:  0.0, Max: 0, Diff: 0, Sum: 0, Workers: 4
[295.012s][debug][gc,phases      ] GC(24)     Total                          Min: 0, Avg:  0.0, Max: 0, Diff: 0, Sum: 0, Workers: 4
[295.012s][debug][gc,phases      ] GC(24)   Weak JFR Old Object Samples    Min:  0.0, Avg:  0.0, Max:  0.0, Diff:  0.0, Sum:  0.0, Workers: 4
[295.012s][debug][gc,phases      ] GC(24)     Dead                           Min: 0, Avg:  0.0, Max: 0, Diff: 0, Sum: 0, Workers: 4
[295.012s][debug][gc,phases      ] GC(24)     Total                          Min: 0, Avg:  0.0, Max: 0, Diff: 0, Sum: 0, Workers: 4
[295.012s][debug][gc,phases      ] GC(24) Weak Processing 0.356ms
[295.012s][debug][gc,age         ] GC(24) Desired survivor size 252182528 bytes, new threshold 15 (max threshold 15)
[295.012s][info ][gc,heap        ] GC(24) PSYoungGen: 1723995K(1842176K)->55841K(1845248K) Eden: 1594368K(1594368K)->0K(1604608K) From: 129627K(247808K)->55841K(240640K)
[295.012s][info ][gc,heap        ] GC(24) ParOldGen: 163567K(246272K)->239167K(246272K)
[295.012s][info ][gc,metaspace   ] GC(24) Metaspace: 83755K(84672K)->83755K(84672K) NonClass: 71272K(71808K)->71272K(71808K) Class: 12483K(12864K)->12483K(12864K)
[295.012s][info ][gc             ] GC(24) Pause Young (Allocation Failure) 1843M->288M(2042M) 59.309ms
[295.012s][info ][gc,cpu         ] GC(24) User=0.17s Sys=0.03s Real=0.06s
[295.012s][debug][gc,phases      ] GC(25) Pre Compact 0.008ms
[295.012s][info ][gc,start       ] GC(25) Pause Full (Ergonomics)
[295.012s][info ][gc,phases,start] GC(25) Marking Phase
[295.106s][debug][gc,phases      ] GC(25) Par Mark 93.774ms
[295.106s][debug][gc,ref         ] GC(25) Skipped phase 1 of Reference Processing: no references
[295.106s][debug][gc,ref         ] GC(25) ReferenceProcessor::execute queues: 4, RefProcThreadModel::Multi, marks_oops_alive: false
[295.106s][debug][gc,ref         ] GC(25) Skipped phase 3 of Reference Processing: no references
[295.106s][debug][gc,ref         ] GC(25) ReferenceProcessor::execute queues: 1, RefProcThreadModel::Single, marks_oops_alive: false
[295.106s][debug][gc,phases      ] GC(25) Reference Processing 0.663ms
[295.107s][debug][gc,phases      ] GC(25)   VM Weak                        Min:  0.0, Avg:  0.0, Max:  0.0, Diff:  0.0, Sum:  0.0, Workers: 4
[295.107s][debug][gc,phases      ] GC(25)     Dead                           Min: 0, Avg:  1.2, Max: 5, Diff: 5, Sum: 5, Workers: 4
[295.107s][debug][gc,phases      ] GC(25)     Total                          Min: 0, Avg: 185.8, Max: 320, Diff: 320, Sum: 743, Workers: 4
[295.107s][debug][gc,phases      ] GC(25)   ObjectSynchronizer Weak        Min:  0.0, Avg:  0.0, Max:  0.0, Diff:  0.0, Sum:  0.0, Workers: 4
[295.107s][debug][gc,phases      ] GC(25)     Dead                           Min: 0, Avg:  0.0, Max: 0, Diff: 0, Sum: 0, Workers: 4
[295.107s][debug][gc,phases      ] GC(25)     Total                          Min: 0, Avg:  1.0, Max: 4, Diff: 4, Sum: 4, Workers: 4
[295.107s][debug][gc,phases      ] GC(25)   JVMTI Tag Weak OopStorage      Min:  0.0, Avg:  0.0, Max:  0.0, Diff:  0.0, Sum:  0.0, Workers: 4
[295.107s][debug][gc,phases      ] GC(25)     Dead                           Min: 0, Avg:  0.0, Max: 0, Diff: 0, Sum: 0, Workers: 4
[295.107s][debug][gc,phases      ] GC(25)     Total                          Min: 0, Avg:  0.0, Max: 0, Diff: 0, Sum: 0, Workers: 4
[295.107s][debug][gc,phases      ] GC(25)   StringTable Weak               Min:  0.0, Avg:  0.1, Max:  0.2, Diff:  0.2, Sum:  0.5, Workers: 4
[295.107s][debug][gc,phases      ] GC(25)     Dead                           Min: 0, Avg:  0.0, Max: 0, Diff: 0, Sum: 0, Workers: 4
[295.107s][debug][gc,phases      ] GC(25)     Total                          Min: 0, Avg: 10939.0, Max: 15424, Diff: 15424, Sum: 43756, Workers: 4
[295.107s][debug][gc,phases      ] GC(25)   ResolvedMethodTable Weak       Min:  0.0, Avg:  0.0, Max:  0.0, Diff:  0.0, Sum:  0.1, Workers: 4
[295.107s][debug][gc,phases      ] GC(25)     Dead                           Min: 0, Avg:  1.2, Max: 5, Diff: 5, Sum: 5, Workers: 4
[295.107s][debug][gc,phases      ] GC(25)     Total                          Min: 0, Avg: 2595.8, Max: 3520, Diff: 3520, Sum: 10383, Workers: 4
[295.107s][debug][gc,phases      ] GC(25)   JNI Weak                       Min:  0.0, Avg:  0.0, Max:  0.0, Diff:  0.0, Sum:  0.0, Workers: 4
[295.107s][debug][gc,phases      ] GC(25)     Dead                           Min: 0, Avg:  0.0, Max: 0, Diff: 0, Sum: 0, Workers: 4
[295.107s][debug][gc,phases      ] GC(25)     Total                          Min: 0, Avg: 11.2, Max: 45, Diff: 45, Sum: 45, Workers: 4
[295.107s][debug][gc,phases      ] GC(25)   StringDedup Table Weak         Min:  0.0, Avg:  0.0, Max:  0.0, Diff:  0.0, Sum:  0.0, Workers: 4
[295.107s][debug][gc,phases      ] GC(25)     Dead                           Min: 0, Avg:  0.0, Max: 0, Diff: 0, Sum: 0, Workers: 4
[295.107s][debug][gc,phases      ] GC(25)     Total                          Min: 0, Avg:  0.0, Max: 0, Diff: 0, Sum: 0, Workers: 4
[295.107s][debug][gc,phases      ] GC(25)   StringDedup Requests0 Weak     Min:  0.0, Avg:  0.0, Max:  0.0, Diff:  0.0, Sum:  0.0, Workers: 4
[295.107s][debug][gc,phases      ] GC(25)     Dead                           Min: 0, Avg:  0.0, Max: 0, Diff: 0, Sum: 0, Workers: 4
[295.107s][debug][gc,phases      ] GC(25)     Total                          Min: 0, Avg:  0.0, Max: 0, Diff: 0, Sum: 0, Workers: 4
[295.107s][debug][gc,phases      ] GC(25)   StringDedup Requests1 Weak     Min:  0.0, Avg:  0.0, Max:  0.0, Diff:  0.0, Sum:  0.0, Workers: 4
[295.107s][debug][gc,phases      ] GC(25)     Dead                           Min: 0, Avg:  0.0, Max: 0, Diff: 0, Sum: 0, Workers: 4
[295.107s][debug][gc,phases      ] GC(25)     Total                          Min: 0, Avg:  0.0, Max: 0, Diff: 0, Sum: 0, Workers: 4
[295.107s][debug][gc,phases      ] GC(25)   Weak JFR Old Object Samples    Min:  0.0, Avg:  0.0, Max:  0.0, Diff:  0.0, Sum:  0.0, Workers: 4
[295.107s][debug][gc,phases      ] GC(25)     Dead                           Min: 0, Avg:  0.0, Max: 0, Diff: 0, Sum: 0, Workers: 4
[295.107s][debug][gc,phases      ] GC(25)     Total                          Min: 0, Avg:  0.0, Max: 0, Diff: 0, Sum: 0, Workers: 4
[295.107s][debug][gc,phases      ] GC(25) Weak Processing 0.463ms
[295.107s][debug][gc,phases      ] GC(25) ClassLoaderData 0.204ms
[295.107s][debug][gc,phases      ] GC(25) Trigger cleanups 0.007ms
[295.134s][debug][gc,phases      ] GC(25) Class Unloading 27.463ms
[295.134s][debug][gc,phases      ] GC(25) Report Object Count 0.002ms
[295.134s][info ][gc,phases      ] GC(25) Marking Phase 122.530ms
[295.134s][info ][gc,phases,start] GC(25) Summary Phase
[295.134s][info ][gc,phases      ] GC(25) Summary Phase 0.008ms
[295.134s][info ][gc,phases,start] GC(25) Adjust Roots
[295.147s][info ][gc,phases      ] GC(25) Adjust Roots 13.056ms
[295.147s][info ][gc,phases,start] GC(25) Compaction Phase
[295.318s][info ][gc,phases      ] GC(25) Compaction Phase 170.661ms
[295.318s][info ][gc,phases,start] GC(25) Post Compact
[295.319s][info ][gc,phases      ] GC(25) Post Compact 1.338ms
[295.320s][info ][gc,heap        ] GC(25) PSYoungGen: 55841K(1845248K)->46104K(1845248K) Eden: 0K(1604608K)->0K(1604608K) From: 55841K(240640K)->46104K(240640K)
[295.320s][info ][gc,heap        ] GC(25) ParOldGen: 239167K(246272K)->246036K(340480K)
[295.320s][info ][gc,metaspace   ] GC(25) Metaspace: 83755K(84672K)->83747K(84672K) NonClass: 71272K(71808K)->71266K(71808K) Class: 12483K(12864K)->12480K(12864K)
[295.320s][info ][gc             ] GC(25) Pause Full (Ergonomics) 288M->285M(2134M) 307.836ms
[295.320s][info ][gc,cpu         ] GC(25) User=1.00s Sys=0.01s Real=0.31s
[295.320s][info ][safepoint      ] Safepoint "ParallelGCFailedAllocation", Time since last: 3658189635 ns, Reaching safepoint: 79800 ns, Cleanup: 4100 ns, At safepoint: 367269233 ns, Total: 367353133 ns
[296.320s][info ][safepoint      ] Safepoint "Cleanup", Time since last: 1000044392 ns, Reaching safepoint: 4000 ns, Cleanup: 5900 ns, At safepoint: 1400 ns, Total: 11300 ns
[304.320s][info ][safepoint      ] Safepoint "Cleanup", Time since last: 8000528081 ns, Reaching safepoint: 3100 ns, Cleanup: 9101 ns, At safepoint: 1900 ns, Total: 14101 ns
[307.320s][info ][safepoint      ] Safepoint "Cleanup", Time since last: 3000216556 ns, Reaching safepoint: 2800 ns, Cleanup: 7600 ns, At safepoint: 1500 ns, Total: 11900 ns
[308.321s][info ][safepoint      ] Safepoint "Cleanup", Time since last: 1000088352 ns, Reaching safepoint: 3400 ns, Cleanup: 9800 ns, At safepoint: 2200 ns, Total: 15400 ns
[311.512s][info ][safepoint      ] Safepoint "Cleanup", Time since last: 3191554889 ns, Reaching safepoint: 1900 ns, Cleanup: 8600 ns, At safepoint: 3300 ns, Total: 13800 ns
[312.513s][info ][safepoint      ] Safepoint "Cleanup", Time since last: 1000561852 ns, Reaching safepoint: 5000 ns, Cleanup: 79500 ns, At safepoint: 4700 ns, Total: 89200 ns
[316.802s][info ][safepoint      ] Safepoint "Cleanup", Time since last: 4288897044 ns, Reaching safepoint: 73800 ns, Cleanup: 25700 ns, At safepoint: 8900 ns, Total: 108400 ns
[320.653s][info ][gc,start       ] GC(26) Pause Young (Allocation Failure)
[320.693s][debug][gc,phases      ] GC(26) Scavenge 40.277ms
[320.693s][debug][gc,ref         ] GC(26) Skipped phase 1 of Reference Processing: no references
[320.693s][debug][gc,ref         ] GC(26) ReferenceProcessor::execute queues: 1, RefProcThreadModel::Single, marks_oops_alive: false
[320.693s][debug][gc,ref         ] GC(26) Skipped phase 3 of Reference Processing: no references
[320.693s][debug][gc,ref         ] GC(26) ReferenceProcessor::execute queues: 1, RefProcThreadModel::Single, marks_oops_alive: false
[320.693s][debug][gc,phases      ] GC(26) Reference Processing 0.177ms
[320.694s][debug][gc,phases      ] GC(26)   VM Weak                        Min:  0.0, Avg:  0.0, Max:  0.0, Diff:  0.0, Sum:  0.0, Workers: 4
[320.694s][debug][gc,phases      ] GC(26)     Dead                           Min: 0, Avg:  0.0, Max: 0, Diff: 0, Sum: 0, Workers: 4
[320.694s][debug][gc,phases      ] GC(26)     Total                          Min: 0, Avg: 184.8, Max: 704, Diff: 704, Sum: 739, Workers: 4
[320.694s][debug][gc,phases      ] GC(26)   ObjectSynchronizer Weak        Min:  0.0, Avg:  0.0, Max:  0.0, Diff:  0.0, Sum:  0.0, Workers: 4
[320.694s][debug][gc,phases      ] GC(26)     Dead                           Min: 0, Avg:  0.2, Max: 1, Diff: 1, Sum: 1, Workers: 4
[320.694s][debug][gc,phases      ] GC(26)     Total                          Min: 0, Avg:  1.2, Max: 5, Diff: 5, Sum: 5, Workers: 4
[320.694s][debug][gc,phases      ] GC(26)   JVMTI Tag Weak OopStorage      Min:  0.0, Avg:  0.0, Max:  0.0, Diff:  0.0, Sum:  0.0, Workers: 4
[320.694s][debug][gc,phases      ] GC(26)     Dead                           Min: 0, Avg:  0.0, Max: 0, Diff: 0, Sum: 0, Workers: 4
[320.694s][debug][gc,phases      ] GC(26)     Total                          Min: 0, Avg:  0.0, Max: 0, Diff: 0, Sum: 0, Workers: 4
[320.694s][debug][gc,phases      ] GC(26)   StringTable Weak               Min:  0.0, Avg:  0.1, Max:  0.1, Diff:  0.1, Sum:  0.4, Workers: 4
[320.694s][debug][gc,phases      ] GC(26)     Dead                           Min: 0, Avg:  0.5, Max: 2, Diff: 2, Sum: 2, Workers: 4
[320.694s][debug][gc,phases      ] GC(26)     Total                          Min: 0, Avg: 10948.5, Max active: 17984, Diff: 17984, Sum: 43794, Workers: 4
[320.694s][debug][gc,phases      ] GC(26)   ResolvedMethodTable Weak       Min:  0.0, Avg:  0.0, Max:  0.0, Diff:  0.0, Sum:  0.1, Workers: 4
[320.694s][debug][gc,phases      ] GC(26)     Dead                           Min: 0, Avg:  0.0, Max: 0, Diff: 0, Sum: 0, Workers: 4
[320.694s][debug][gc,phases      ] GC(26)     Total                          Min: 0, Avg: 2603.8, Max: 3712, Diff: 3712, Sum: 10415, Workers: 4
[320.694s][debug][gc,phases      ] GC(26)   JNI Weak                       Min:  0.0, Avg:  0.0, Max:  0.0, Diff:  0.0, Sum:  0.0, Workers: 4
[320.694s][debug][gc,phases      ] GC(26)     Dead                           Min: 0, Avg:  0.0, Max: 0, Diff: 0, Sum: 0, Workers: 4
[320.694s][debug][gc,phases      ] GC(26)     Total                          Min: 0, Avg: 11.2, Max: 45, Diff: 45, Sum: 45, Workers: 4
[320.694s][debug][gc,phases      ] GC(26)   StringDedup Table Weak         Min:  0.0, Avg:  0.0, Max:  0.0, Diff:  0.0, Sum:  0.0, Workers: 4
[320.694s][debug][gc,phases      ] GC(26)     Dead                           Min: 0, Avg:  0.0, Max: 0, Diff: 0, Sum: 0, Workers: 4
[320.694s][debug][gc,phases      ] GC(26)     Total                          Min: 0, Avg:  0.0, Max: 0, Diff: 0, Sum: 0, Workers: 4
[320.694s][debug][gc,phases      ] GC(26)   StringDedup Requests0 Weak     Min:  0.0, Avg:  0.0, Max:  0.0, Diff:  0.0, Sum:  0.0, Workers: 4
[320.694s][debug][gc,phases      ] GC(26)     Dead                           Min: 0, Avg:  0.0, Max: 0, Diff: 0, Sum: 0, Workers: 4
[320.694s][debug][gc,phases      ] GC(26)     Total                          Min: 0, Avg:  0.0, Max: 0, Diff: 0, Sum: 0, Workers: 4
[320.694s][debug][gc,phases      ] GC(26)   StringDedup Requests1 Weak     Min:  0.0, Avg:  0.0, Max:  0.0, Diff:  0.0, Sum:  0.0, Workers: 4
[320.694s][debug][gc,phases      ] GC(26)     Dead                           Min: 0, Avg:  0.0, Max: 0, Diff: 0, Sum: 0, Workers: 4
[320.694s][debug][gc,phases      ] GC(26)     Total                          Min: 0, Avg:  0.0, Max: 0, Diff: 0, Sum: 0, Workers: 4
[320.694s][debug][gc,phases      ] GC(26)   Weak JFR Old Object Samples    Min:  0.0, Avg:  0.0, Max:  0.0, Diff:  0.0, Sum:  0.0, Workers: 4
[320.694s][debug][gc,phases      ] GC(26)     Dead                           Min: 0, Avg:  0.0, Max: 0, Diff: 0, Sum: 0, Workers: 4
[320.694s][debug][gc,phases      ] GC(26)     Total                          Min: 0, Avg:  0.0, Max: 0, Diff: 0, Sum: 0, Workers: 4
[320.694s][debug][gc,phases      ] GC(26) Weak Processing 0.369ms
[320.694s][debug][gc,age         ] GC(26) Desired survivor size 257949696 bytes, new threshold 15 (max threshold 15)
[320.694s][info ][gc,heap        ] GC(26) PSYoungGen: 1650712K(1845248K)->40288K(1645056K) Eden: 1604608K(1604608K)->0K(1604608K) From: 46104K(240640K)->40288K(40448K)
[320.694s][info ][gc,heap        ] GC(26) ParOldGen: 246036K(340480K)->252928K(340480K)
[320.694s][info ][gc,metaspace   ] GC(26) Metaspace: 83907K(84800K)->83907K(84800K) NonClass: 71400K(71872K)->71400K(71872K) Class: 12506K(12928K)->12506K(12928K)
[320.694s][info ][gc             ] GC(26) Pause Young (Allocation Failure) 1852M->286M(1939M) 40.924ms
[320.694s][info ][gc,cpu         ] GC(26) User=0.15s Sys=0.00s Real=0.04s
[320.694s][info ][safepoint      ] Safepoint "ParallelGCFailedAllocation", Time since last: 3850910558 ns, Reaching safepoint: 6000 ns, Cleanup: 8700 ns, At safepoint: 41000244 ns, Total: 41014944 ns
[322.694s][info ][safepoint      ] Safepoint "Cleanup", Time since last: 2000134715 ns, Reaching safepoint: 3100 ns, Cleanup: 7900 ns, At safepoint: 2200 ns, Total: 13200 ns
[332.694s][info ][safepoint      ] Safepoint "Cleanup", Time since last: 10000582163 ns, Reaching safepoint: 3500 ns, Cleanup: 9100 ns, At safepoint: 1600 ns, Total: 14200 ns
[333.695s][info ][safepoint      ] Safepoint "Cleanup", Time since last: 1000089760 ns, Reaching safepoint: 3200 ns, Cleanup: 6400 ns, At safepoint: 1600 ns, Total: 11200 ns
[337.695s][info ][safepoint      ] Safepoint "Cleanup", Time since last: 4000257214 ns, Reaching safepoint: 3500 ns, Cleanup: 8400 ns, At safepoint: 1700 ns, Total: 13600 ns
[341.207s][info ][safepoint      ] Safepoint "Cleanup", Time since last: 3512117848 ns, Reaching safepoint: 3100 ns, Cleanup: 7000 ns, At safepoint: 1500 ns, Total: 11600 ns
[346.452s][info ][gc,start       ] GC(27) Pause Young (Allocation Failure)
[346.467s][debug][gc,phases      ] GC(27) Scavenge 15.109ms
[346.467s][debug][gc,ref         ] GC(27) Skipped phase 1 of Reference Processing: no references
[346.467s][debug][gc,ref         ] GC(27) ReferenceProcessor::execute queues: 1, RefProcThreadModel::Single, marks_oops_alive: false
[346.467s][debug][gc,ref         ] GC(27) Skipped phase 3 of Reference Processing: no references
[346.467s][debug][gc,ref         ] GC(27) Skipped phase 4 of Reference Processing: no references
[346.467s][debug][gc,phases      ] GC(27) Reference Processing 0.105ms
[346.468s][debug][gc,phases      ] GC(27)   VM Weak                        Min:  0.0, Avg:  0.0, Max:  0.0, Diff:  0.0, Sum:  0.0, Workers: 4
[346.468s][debug][gc,phases      ] GC(27)     Dead                           Min: 0, Avg:  0.0, Max: 0, Diff: 0, Sum: 0, Workers: 4
[346.468s][debug][gc,phases      ] GC(27)     Total                          Min: 0, Avg: 184.8, Max: 739, Diff: 739, Sum: 739, Workers: 4
[346.468s][debug][gc,phases      ] GC(27)   ObjectSynchronizer Weak        Min:  0.0, Avg:  0.0, Max:  0.0, Diff:  0.0, Sum:  0.0, Workers: 4
[346.468s][debug][gc,phases      ] GC(27)     Dead                           Min: 0, Avg:  0.0, Max: 0, Diff: 0, Sum: 0, Workers: 4
[346.468s][debug][gc,phases      ] GC(27)     Total                          Min: 0, Avg:  1.2, Max: 5, Diff: 5, Sum: 5, Workers: 4
[346.468s][debug][gc,phases      ] GC(27)   JVMTI Tag Weak OopStorage      Min:  0.0, Avg:  0.0, Max:  0.0, Diff:  0.0, Sum:  0.0, Workers: 4
[346.468s][debug][gc,phases      ] GC(27)     Dead                           Min: 0, Avg:  0.0, Max: 0, Diff: 0, Sum: 0, Workers: 4
[346.468s][debug][gc,phases      ] GC(27)     Total                          Min: 0, Avg:  0.0, Max: 0, Diff: 0, Sum: 0, Workers: 4
[346.468s][debug][gc,phases      ] GC(27)   StringTable Weak               Min:  0.0, Avg:  0.1, Max:  0.1, Diff:  0.1, Sum:  0.4, Workers: 4
[346.468s][debug][gc,phases      ] GC(27)     Dead                           Min: 0, Avg:  0.0, Max: 0, Diff: 0, Sum: 0, Workers: 4
[346.468s][debug][gc,phases      ] GC(27)     Total                          Min: 0, Avg: 10949.2, Max: 18773, Diff: 18773, Sum: 43797, Workers: 4
[346.468s][debug][gc,phases      ] GC(27)   ResolvedMethodTable Weak       Min:  0.0, Avg:  0.0, Max:  0.0, Diff:  0.0, Sum:  0.1, Workers: 4
[346.468s][debug][gc,phases      ] GC(27)     Dead                           Min: 0, Avg:  0.0, Max: 0, Diff: 0, Sum: 0, Workers: 4
[346.468s][debug][gc,phases      ] GC(27)     Total                          Min: 0, Avg: 2603.8, Max: 3904, Diff: 3904, Sum: 10415, Workers: 4
[346.468s][debug][gc,phases      ] GC(27)   JNI Weak                       Min:  0.0, Avg:  0.0, Max:  0.0, Diff:  0.0, Sum:  0.0, Workers: 4
[346.468s][debug][gc,phases      ] GC(27)     Dead                           Min: 0, Avg:  0.0, Max: 0, Diff: 0, Sum: 0, Workers: 4
[346.468s][debug][gc,phases      ] GC(27)     Total                          Min: 0, Avg: 11.2, Max: 45, Diff: 45, Sum: 45, Workers: 4
[346.468s][debug][gc,phases      ] GC(27)   StringDedup Table Weak         Min:  0.0, Avg:  0.0, Max:  0.0, Diff:  0.0, Sum:  0.0, Workers: 4
[346.468s][debug][gc,phases      ] GC(27)     Dead                           Min: 0, Avg:  0.0, Max: 0, Diff: 0, Sum: 0, Workers: 4
[346.468s][debug][gc,phases      ] GC(27)     Total                          Min: 0, Avg:  0.0, Max: 0, Diff: 0, Sum: 0, Workers: 4
[346.468s][debug][gc,phases      ] GC(27)   StringDedup Requests0 Weak     Min:  0.0, Avg:  0.0, Max:  0.0, Diff:  0.0, Sum:  0.0, Workers: 4
[346.468s][debug][gc,phases      ] GC(27)     Dead                           Min: 0, Avg:  0.0, Max: 0, Diff: 0, Sum: 0, Workers: 4
[346.468s][debug][gc,phases      ] GC(27)     Total                          Min: 0, Avg:  0.0, Max: 0, Diff: 0, Sum: 0, Workers: 4
[346.468s][debug][gc,phases      ] GC(27)   StringDedup Requests1 Weak     Min:  0.0, Avg:  0.0, Max:  0.0, Diff:  0.0, Sum:  0.0, Workers: 4
[346.468s][debug][gc,phases      ] GC(27)     Dead                           Min: 0, Avg:  0.0, Max: 0, Diff: 0, Sum: 0, Workers: 4
[346.468s][debug][gc,phases      ] GC(27)     Total                          Min: 0, Avg:  0.0, Max: 0, Diff: 0, Sum: 0, Workers: 4
[346.468s][debug][gc,phases      ] GC(27)   Weak JFR Old Object Samples    Min:  0.0, Avg:  0.0, Max:  0.0, Diff:  0.0, Sum:  0.0, Workers: 4
[346.468s][debug][gc,phases      ] GC(27)     Dead                           Min: 0, Avg:  0.0, Max: 0, Diff: 0, Sum: 0, Workers: 4
[346.468s][debug][gc,phases      ] GC(27)     Total                          Min: 0, Avg:  0.0, Max: 0, Diff: 0, Sum: 0, Workers: 4
[346.468s][debug][gc,phases      ] GC(27) Weak Processing 0.360ms
[346.468s][debug][gc,age         ] GC(27) Desired survivor size 260571136 bytes, new threshold 15 (max threshold 15)
[346.468s][info ][gc,heap        ] GC(27) PSYoungGen: 1644896K(1645056K)->38000K(1840128K) Eden: 1604608K(1604608K)->0K(1588224K) From: 40288K(40448K)->38000K(251904K)
[346.468s][info ][gc,heap        ] GC(27) ParOldGen: 252928K(340480K)->255609K(340480K)
[346.468s][info ][gc,metaspace   ] GC(27) Metaspace: 83911K(84800K)->83911K(84800K) NonClass: 71405K(71872K)->71405K(71872K) Class: 12506K(12928K)->12506K(12928K)
[346.468s][info ][gc             ] GC(27) Pause Young (Allocation Failure) 1853M->286M(2129M) 15.695ms
[346.468s][info ][gc,cpu         ] GC(27) User=0.05s Sys=0.01s Real=0.02s
[346.468s][info ][safepoint      ] Safepoint "ParallelGCFailedAllocation", Time since last: 5244994013 ns, Reaching safepoint: 81400 ns, Cleanup: 4200 ns, At safepoint: 15761648 ns, Total: 15847248 ns
[369.107s][info ][safepoint      ] Safepoint "Cleanup", Time since last: 22638744503 ns, Reaching safepoint: 3200 ns, Cleanup: 8200 ns, At safepoint: 1700 ns, Total: 13100 ns
[371.906s][info ][gc,start       ] GC(28) Pause Young (Allocation Failure)
[371.923s][debug][gc,phases      ] GC(28) Scavenge 17.114ms
[371.923s][debug][gc,ref         ] GC(28) Skipped phase 1 of Reference Processing: no references
[371.924s][debug][gc,ref         ] GC(28) ReferenceProcessor::execute queues: 1, RefProcThreadModel::Single, marks_oops_alive: false
[371.924s][debug][gc,ref         ] GC(28) Skipped phase 3 of Reference Processing: no references
[371.924s][debug][gc,ref         ] GC(28) Skipped phase 4 of Reference Processing: no references
[371.924s][debug][gc,phases      ] GC(28) Reference Processing 0.126ms
[371.924s][debug][gc,phases      ] GC(28)   VM Weak                        Min:  0.0, Avg:  0.0, Max:  0.0, Diff:  0.0, Sum:  0.0, Workers: 4
[371.924s][debug][gc,phases      ] GC(28)     Dead                           Min: 0, Avg:  0.0, Max: 0, Diff: 0, Sum: 0, Workers: 4
[371.924s][debug][gc,phases      ] GC(28)     Total                          Min: 0, Avg: 184.8, Max: 512, Diff: 512, Sum: 739, Workers: 4
[371.924s][debug][gc,phases      ] GC(28)   ObjectSynchronizer Weak        Min:  0.0, Avg:  0.0, Max:  0.0, Diff:  0.0, Sum:  0.0, Workers: 4
[371.924s][debug][gc,phases      ] GC(28)     Dead                           Min: 0, Avg:  0.0, Max: 0, Diff: 0, Sum: 0, Workers: 4
[371.924s][debug][gc,phases      ] GC(28)     Total                          Min: 0, Avg:  1.0, Max: 4, Diff: 4, Sum: 4, Workers: 4
[371.924s][debug][gc,phases      ] GC(28)   JVMTI Tag Weak OopStorage      Min:  0.0, Avg:  0.0, Max:  0.0, Diff:  0.0, Sum:  0.0, Workers: 4
[371.924s][debug][gc,phases      ] GC(28)     Dead                           Min: 0, Avg:  0.0, Max: 0, Diff: 0, Sum: 0, Workers: 4
[371.924s][debug][gc,phases      ] GC(28)     Total                          Min: 0, Avg:  0.0, Max: 0, Diff: 0, Sum: 0, Workers: 4
[371.924s][debug][gc,phases      ] GC(28)   StringTable Weak               Min:  0.1, Avg:  0.1, Max:  0.1, Diff:  0.0, Sum:  0.5, Workers: 4
[371.924s][debug][gc,phases      ] GC(28)     Dead                           Min: 0, Avg:  0.0, Max: 0, Diff: 0, Sum: 0, Workers: 4
[371.924s][debug][gc,phases      ] GC(28)     Total                          Min: 9856, Avg: 10949.2, Max: 11904, Diff: 2048, Sum: 43797, Workers: 4
[371.924s][debug][gc,phases      ] GC(28)   ResolvedMethodTable Weak       Min:  0.0, Avg:  0.0, Max:  0.0, Diff:  0.0, Sum:  0.1, Workers: 4
[371.924s][debug][gc,phases      ] GC(28)     Dead                           Min: 0, Avg:  0.0, Max: 0, Diff: 0, Sum: 0, Workers: 4
[371.924s][debug][gc,phases      ] GC(28)     Total                          Min: 2368, Avg: 2603.8, Max: 2880, Diff: 512, Sum: 10415, Workers: 4
[371.924s][debug][gc,phases      ] GC(28)   JNI Weak                       Min:  0.0, Avg:  0.0, Max:  0.0, Diff:  0.0, Sum:  0.0, Workers: 4
[371.924s][debug][gc,phases      ] GC(28)     Dead                           Min: 0, Avg:  0.0, Max: 0, Diff: 0, Sum: 0, Workers: 4
[371.924s][debug][gc,phases      ] GC(28)     Total                          Min: 0, Avg: 11.2, Max: 45, Diff: 45, Sum: 45, Workers: 4
[371.924s][debug][gc,phases      ] GC(28)   StringDedup Table Weak         Min:  0.0, Avg:  0.0, Max:  0.0, Diff:  0.0, Sum:  0.0, Workers: 4
[371.924s][debug][gc,phases      ] GC(28)     Dead                           Min: 0, Avg:  0.0, Max: 0, Diff: 0, Sum: 0, Workers: 4
[371.924s][debug][gc,phases      ] GC(28)     Total                          Min: 0, Avg:  0.0, Max: 0, Diff: 0, Sum: 0, Workers: 4
[371.924s][debug][gc,phases      ] GC(28)   StringDedup Requests0 Weak     Min:  0.0, Avg:  0.0, Max:  0.0, Diff:  0.0, Sum:  0.0, Workers: 4
[371.924s][debug][gc,phases      ] GC(28)     Dead                           Min: 0, Avg:  0.0, Max: 0, Diff: 0, Sum: 0, Workers: 4
[371.924s][debug][gc,phases      ] GC(28)     Total                          Min: 0, Avg:  0.0, Max: 0, Diff: 0, Sum: 0, Workers: 4
[371.924s][debug][gc,phases      ] GC(28)   StringDedup Requests1 Weak     Min:  0.0, Avg:  0.0, Max:  0.0, Diff:  0.0, Sum:  0.0, Workers: 4
[371.924s][debug][gc,phases      ] GC(28)     Dead                           Min: 0, Avg:  0.0, Max: 0, Diff: 0, Sum: 0, Workers: 4
[371.924s][debug][gc,phases      ] GC(28)     Total                          Min: 0, Avg:  0.0, Max: 0, Diff: 0, Sum: 0, Workers: 4
[371.924s][debug][gc,phases      ] GC(28)   Weak JFR Old Object Samples    Min:  0.0, Avg:  0.0, Max:  0.0, Diff:  0.0, Sum:  0.0, Workers: 4
[371.924s][debug][gc,phases      ] GC(28)     Dead                           Min: 0, Avg:  0.0, Max: 0, Diff: 0, Sum: 0, Workers: 4
[371.924s][debug][gc,phases      ] GC(28)     Total                          Min: 0, Avg:  0.0, Max: 0, Diff: 0, Sum: 0, Workers: 4
[371.924s][debug][gc,phases      ] GC(28) Weak Processing 0.313ms
[371.924s][debug][gc,age         ] GC(28) Desired survivor size 264241152 bytes, new threshold 15 (max threshold 15)
[371.924s][info ][gc,heap        ] GC(28) PSYoungGen: 1626224K(1840128K)->17088K(1605632K) Eden: 1588224K(1588224K)->0K(1588224K) From: 38000K(251904K)->17088K(17408K)
[371.924s][info ][gc,heap        ] GC(28) ParOldGen: 255609K(340480K)->277481K(340480K)
[371.924s][info ][gc,metaspace   ] GC(28) Metaspace: 83911K(84800K)->83911K(84800K) NonClass: 71405K(71872K)->71405K(71872K) Class: 12506K(12928K)->12506K(12928K)
[371.924s][info ][gc             ] GC(28) Pause Young (Allocation Failure) 1837M->287M(1900M) 17.663ms
[371.924s][info ][gc,cpu         ] GC(28) User=0.06s Sys=0.00s Real=0.02s
[371.924s][info ][safepoint      ] Safepoint "ParallelGCFailedAllocation", Time since last: 2799617933 ns, Reaching safepoint: 71500 ns, Cleanup: 3400 ns, At safepoint: 17724051 ns, Total: 17798951 ns
[384.925s][info ][safepoint      ] Safepoint "Cleanup", Time since last: 13000787931 ns, Reaching safepoint: 3700 ns, Cleanup: 8000 ns, At safepoint: 1700 ns, Total: 13400 ns
[397.602s][info ][gc,start       ] GC(29) Pause Young (Allocation Failure)
[397.610s][debug][gc,phases      ] GC(29) Scavenge 8.360ms
[397.610s][debug][gc,ref         ] GC(29) Skipped phase 1 of Reference Processing: no references
[397.610s][debug][gc,ref         ] GC(29) ReferenceProcessor::execute queues: 1, RefProcThreadModel::Single, marks_oops_alive: false
[397.610s][debug][gc,ref         ] GC(29) Skipped phase 3 of Reference Processing: no references
[397.610s][debug][gc,ref         ] GC(29) Skipped phase 4 of Reference Processing: no references
[397.610s][debug][gc,phases      ] GC(29) Reference Processing 0.102ms
[397.611s][debug][gc,phases      ] GC(29)   VM Weak                        Min:  0.0, Avg:  0.0, Max:  0.0, Diff:  0.0, Sum:  0.0, Workers: 4
[397.611s][debug][gc,phases      ] GC(29)     Dead                           Min: 0, Avg:  0.0, Max: 0, Diff: 0, Sum: 0, Workers: 4
[397.611s][debug][gc,phases      ] GC(29)     Total                          Min: 0, Avg: 184.8, Max: 483, Diff: 483, Sum: 739, Workers: 4
[397.611s][debug][gc,phases      ] GC(29)   ObjectSynchronizer Weak        Min:  0.0, Avg:  0.0, Max:  0.0, Diff:  0.0, Sum:  0.0, Workers: 4
[397.611s][debug][gc,phases      ] GC(29)     Dead                           Min: 0, Avg:  0.0, Max: 0, Diff: 0, Sum: 0, Workers: 4
[397.611s][debug][gc,phases      ] GC(29)     Total                          Min: 0, Avg:  1.0, Max: 4, Diff: 4, Sum: 4, Workers: 4
[397.611s][debug][gc,phases      ] GC(29)   JVMTI Tag Weak OopStorage      Min:  0.0, Avg:  0.0, Max:  0.0, Diff:  0.0, Sum:  0.0, Workers: 4
[397.611s][debug][gc,phases      ] GC(29)     Dead                           Min: 0, Avg:  0.0, Max: 0, Diff: 0, Sum: 0, Workers: 4
[397.611s][debug][gc,phases      ] GC(29)     Total                          Min: 0, Avg:  0.0, Max: 0, Diff: 0, Sum: 0, Workers: 4
[397.611s][debug][gc,phases      ] GC(29)   StringTable Weak               Min:  0.0, Avg:  0.1, Max:  0.1, Diff:  0.1, Sum:  0.4, Workers: 4
[397.611s][debug][gc,phases      ] GC(29)     Dead                           Min: 0, Avg:  0.0, Max: 0, Diff: 0, Sum: 0, Workers: 4
[397.611s][debug][gc,phases      ] GC(29)     Total                          Min: 469, Avg: 10949.2, Max: 15616, Diff: 15147, Sum: 43797, Workers: 4
[397.611s][debug][gc,phases      ] GC(29)   ResolvedMethodTable Weak       Min:  0.0, Avg:  0.0, Max:  0.0, Diff:  0.0, Sum:  0.1, Workers: 4
[397.611s][debug][gc,phases      ] GC(29)     Dead                           Min: 0, Avg:  0.0, Max: 0, Diff: 0, Sum: 0, Workers: 4
[397.611s][debug][gc,phases      ] GC(29)     Total                          Min: 2240, Avg: 2603.8, Max: 2991, Diff: 751, Sum: 10415, Workers: 4
[397.611s][debug][gc,phases      ] GC(29)   JNI Weak                       Min:  0.0, Avg:  0.0, Max:  0.0, Diff:  0.0, Sum:  0.0, Workers: 4
[397.611s][debug][gc,phases      ] GC(29)     Dead                           Min: 0, Avg:  0.0, Max: 0, Diff: 0, Sum: 0, Workers: 4
[397.611s][debug][gc,phases      ] GC(29)     Total                          Min: 0, Avg: 11.2, Max: 45, Diff: 45, Sum: 45, Workers: 4
[397.611s][debug][gc,phases      ] GC(29)   StringDedup Table Weak         Min:  0.0, Avg:  0.0, Max:  0.0, Diff:  0.0, Sum:  0.0, Workers: 4
[397.611s][debug][gc,phases      ] GC(29)     Dead                           Min: 0, Avg:  0.0, Max: 0, Diff: 0, Sum: 0, Workers: 4
[397.611s][debug][gc,phases      ] GC(29)     Total                          Min: 0, Avg:  0.0, Max: 0, Diff: 0, Sum: 0, Workers: 4
[397.611s][debug][gc,phases      ] GC(29)   StringDedup Requests0 Weak     Min:  0.0, Avg:  0.0, Max:  0.0, Diff:  0.0, Sum:  0.0, Workers: 4
[397.611s][debug][gc,phases      ] GC(29)     Dead                           Min: 0, Avg:  0.0, Max: 0, Diff: 0, Sum: 0, Workers: 4
[397.611s][debug][gc,phases      ] GC(29)     Total                          Min: 0, Avg:  0.0, Max: 0, Diff: 0, Sum: 0, Workers: 4
[397.611s][debug][gc,phases      ] GC(29)   StringDedup Requests1 Weak     Min:  0.0, Avg:  0.0, Max:  0.0, Diff:  0.0, Sum:  0.0, Workers: 4
[397.611s][debug][gc,phases      ] GC(29)     Dead                           Min: 0, Avg:  0.0, Max: 0, Diff: 0, Sum: 0, Workers: 4
[397.611s][debug][gc,phases      ] GC(29)     Total                          Min: 0, Avg:  0.0, Max: 0, Diff: 0, Sum: 0, Workers: 4
[397.611s][debug][gc,phases      ] GC(29)   Weak JFR Old Object Samples    Min:  0.0, Avg:  0.0, Max:  0.0, Diff:  0.0, Sum:  0.0, Workers: 4
[397.611s][debug][gc,phases      ] GC(29)     Dead                           Min: 0, Avg:  0.0, Max: 0, Diff: 0, Sum: 0, Workers: 4
[397.611s][debug][gc,phases      ] GC(29)     Total                          Min: 0, Avg:  0.0, Max: 0, Diff: 0, Sum: 0, Workers: 4
[397.611s][debug][gc,phases      ] GC(29) Weak Processing 0.331ms
[397.611s][debug][gc,age         ] GC(29) Desired survivor size 265289728 bytes, new threshold 15 (max threshold 15)
[397.611s][info ][gc,heap        ] GC(29) PSYoungGen: 1605312K(1605632K)->13648K(1837056K) Eden: 1588224K(1588224K)->0K(1579008K) From: 17088K(17408K)->13648K(258048K)
[397.611s][info ][gc,heap        ] GC(29) ParOldGen: 277481K(340480K)->281145K(340480K)
[397.611s][info ][gc,metaspace   ] GC(29) Metaspace: 83911K(84800K)->83911K(84800K) NonClass: 71405K(71872K)->71405K(71872K) Class: 12506K(12928K)->12506K(12928K)
[397.611s][info ][gc             ] GC(29) Pause Young (Allocation Failure) 1838M->287M(2126M) 8.908ms
[397.611s][info ][gc,cpu         ] GC(29) User=0.03s Sys=0.00s Real=0.01s
[397.611s][info ][safepoint      ] Safepoint "ParallelGCFailedAllocation", Time since last: 12677014755 ns, Reaching safepoint: 3600 ns, Cleanup: 3900 ns, At safepoint: 8974825 ns, Total: 8982325 ns
[399.611s][info ][safepoint      ] Safepoint "Cleanup", Time since last: 2000143353 ns, Reaching safepoint: 5100 ns, Cleanup: 10100 ns, At safepoint: 5800 ns, Total: 21000 ns
[423.102s][info ][gc,start       ] GC(30) Pause Young (Allocation Failure)
[423.108s][debug][gc,phases      ] GC(30) Scavenge 6.374ms
[423.108s][debug][gc,ref         ] GC(30) Skipped phase 1 of Reference Processing: no references
[423.109s][debug][gc,ref         ] GC(30) ReferenceProcessor::execute queues: 1, RefProcThreadModel::Single, marks_oops_alive: false
[423.109s][debug][gc,ref         ] GC(30) Skipped phase 3 of Reference Processing: no references
[423.109s][debug][gc,ref         ] GC(30) Skipped phase 4 of Reference Processing: no references
[423.109s][debug][gc,phases      ] GC(30) Reference Processing 0.094ms
[423.109s][debug][gc,phases      ] GC(30)   VM Weak                        Min:  0.0, Avg:  0.0, Max:  0.0, Diff:  0.0, Sum:  0.0, Workers: 4
[423.109s][debug][gc,phases      ] GC(30)     Dead                           Min: 0, Avg:  0.0, Max: 0, Diff: 0, Sum: 0, Workers: 4
[423.109s][debug][gc,phases      ] GC(30)     Total                          Min: 0, Avg: 184.8, Max: 640, Diff: 640, Sum: 739, Workers: 4
[423.109s][debug][gc,phases      ] GC(30)   ObjectSynchronizer Weak        Min:  0.0, Avg:  0.0, Max:  0.0, Diff:  0.0, Sum:  0.0, Workers: 4
[423.109s][debug][gc,phases      ] GC(30)     Dead                           Min: 0, Avg:  0.0, Max: 0, Diff: 0, Sum: 0, Workers: 4
[423.109s][debug][gc,phases      ] GC(30)     Total                          Min: 0, Avg:  1.0, Max: 4, Diff: 4, Sum: 4, Workers: 4
[423.109s][debug][gc,phases      ] GC(30)   JVMTI Tag Weak OopStorage      Min:  0.0, Avg:  0.0, Max:  0.0, Diff:  0.0, Sum:  0.0, Workers: 4
[423.109s][debug][gc,phases      ] GC(30)     Dead                           Min: 0, Avg:  0.0, Max: 0, Diff: 0, Sum: 0, Workers: 4
[423.109s][debug][gc,phases      ] GC(30)     Total                          Min: 0, Avg:  0.0, Max: 0, Diff: 0, Sum: 0, Workers: 4
[423.109s][debug][gc,phases      ] GC(30)   StringTable Weak               Min:  0.0, Avg:  0.1, Max:  0.1, Diff:  0.1, Sum:  0.4, Workers: 4
[423.109s][debug][gc,phases      ] GC(30)     Dead                           Min: 0, Avg:  0.0, Max: 0, Diff: 0, Sum: 0, Workers: 4
[423.109s][debug][gc,phases      ] GC(30)     Total                          Min: 0, Avg: 10949.2, Max: 14784, Diff: 14784, Sum: 43797, Workers: 4
[423.109s][debug][gc,phases      ] GC(30)   ResolvedMethodTable Weak       Min:  0.0, Avg:  0.0, Max:  0.1, Diff:  0.1, Sum:  0.2, Workers: 4
[423.109s][debug][gc,phases      ] GC(30)     Dead                           Min: 0, Avg:  0.0, Max: 0, Diff: 0, Sum: 0, Workers: 4
[423.109s][debug][gc,phases      ] GC(30)     Total                          Min: 0, Avg: 2603.8, Max: 3631, Diff: 3631, Sum: 10415, Workers: 4
[423.109s][debug][gc,phases      ] GC(30)   JNI Weak                       Min:  0.0, Avg:  0.0, Max:  0.0, Diff:  0.0, Sum:  0.0, Workers: 4
[423.109s][debug][gc,phases      ] GC(30)     Dead                           Min: 0, Avg:  0.0, Max: 0, Diff: 0, Sum: 0, Workers: 4
[423.109s][debug][gc,phases      ] GC(30)     Total                          Min: 0, Avg: 11.2, Max: 45, Diff: 45, Sum: 45, Workers: 4
[423.109s][debug][gc,phases      ] GC(30)   StringDedup Table Weak         Min:  0.0, Avg:  0.0, Max:  0.0, Diff:  0.0, Sum:  0.0, Workers: 4
[423.109s][debug][gc,phases      ] GC(30)     Dead                           Min: 0, Avg:  0.0, Max: 0, Diff: 0, Sum: 0, Workers: 4
[423.109s][debug][gc,phases      ] GC(30)     Total                          Min: 0, Avg:  0.0, Max: 0, Diff: 0, Sum: 0, Workers: 4
[423.109s][debug][gc,phases      ] GC(30)   StringDedup Requests0 Weak     Min:  0.0, Avg:  0.0, Max:  0.0, Diff:  0.0, Sum:  0.0, Workers: 4
[423.109s][debug][gc,phases      ] GC(30)     Dead                           Min: 0, Avg:  0.0, Max: 0, Diff: 0, Sum: 0, Workers: 4
[423.109s][debug][gc,phases      ] GC(30)     Total                          Min: 0, Avg:  0.0, Max: 0, Diff: 0, Sum: 0, Workers: 4
[423.109s][debug][gc,phases      ] GC(30)   StringDedup Requests1 Weak     Min:  0.0, Avg:  0.0, Max:  0.0, Diff:  0.0, Sum:  0.0, Workers: 4
[423.109s][debug][gc,phases      ] GC(30)     Dead                           Min: 0, Avg:  0.0, Max: 0, Diff: 0, Sum: 0, Workers: 4
[423.109s][debug][gc,phases      ] GC(30)     Total                          Min: 0, Avg:  0.0, Max: 0, Diff: 0, Sum: 0, Workers: 4
[423.109s][debug][gc,phases      ] GC(30)   Weak JFR Old Object Samples    Min:  0.0, Avg:  0.0, Max:  0.0, Diff:  0.0, Sum:  0.0, Workers: 4
[423.109s][debug][gc,phases      ] GC(30)     Dead                           Min: 0, Avg:  0.0, Max: 0, Diff: 0, Sum: 0, Workers: 4
[423.109s][debug][gc,phases      ] GC(30)     Total                          Min: 0, Avg:  0.0, Max: 0, Diff: 0, Sum: 0, Workers: 4
[423.109s][debug][gc,phases      ] GC(30) Weak Processing 0.405ms
[423.109s][debug][gc,age         ] GC(30) Desired survivor size 264765440 bytes, new threshold 15 (max threshold 15)
[423.109s][info ][gc,heap        ] GC(30) PSYoungGen: 1592656K(1837056K)->5536K(1838080K) Eden: 1579008K(1579008K)->0K(1579008K) From: 13648K(258048K)->5536K(259072K)
[423.109s][info ][gc,heap        ] GC(30) ParOldGen: 281145K(340480K)->289529K(340480K)
[423.109s][info ][gc,metaspace   ] GC(30) Metaspace: 83911K(84800K)->83911K(84800K) NonClass: 71405K(71872K)->71405K(71872K) Class: 12506K(12928K)->12506K(12928K)
[423.109s][info ][gc             ] GC(30) Pause Young (Allocation Failure) 1829M->288M(2127M) 6.981ms
[423.109s][info ][gc,cpu         ] GC(30) User=0.02s Sys=0.00s Real=0.01s
[423.109s][debug][gc,phases      ] GC(31) Pre Compact 0.008ms
[423.109s][info ][gc,start       ] GC(31) Pause Full (Ergonomics)
[423.109s][info ][gc,phases,start] GC(31) Marking Phase
[423.202s][debug][gc,phases      ] GC(31) Par Mark 92.834ms
[423.202s][debug][gc,ref         ] GC(31) Skipped phase 1 of Reference Processing: no references
[423.202s][debug][gc,ref         ] GC(31) ReferenceProcessor::execute queues: 4, RefProcThreadModel::Multi, marks_oops_alive: false
[423.203s][debug][gc,ref         ] GC(31) Skipped phase 3 of Reference Processing: no references
[423.203s][debug][gc,ref         ] GC(31) ReferenceProcessor::execute queues: 1, RefProcThreadModel::Single, marks_oops_alive: false
[423.203s][debug][gc,phases      ] GC(31) Reference Processing 0.827ms
[423.203s][debug][gc,phases      ] GC(31)   VM Weak                        Min:  0.0, Avg:  0.0, Max:  0.0, Diff:  0.0, Sum:  0.0, Workers: 4
[423.203s][debug][gc,phases      ] GC(31)     Dead                           Min: 0, Avg:  0.0, Max: 0, Diff: 0, Sum: 0, Workers: 4
[423.203s][debug][gc,phases      ] GC(31)     Total                          Min: 0, Avg: 184.8, Max: 419, Diff: 419, Sum: 739, Workers: 4
[423.203s][debug][gc,phases      ] GC(31)   ObjectSynchronizer Weak        Min:  0.0, Avg:  0.0, Max:  0.0, Diff:  0.0, Sum:  0.0, Workers: 4
[423.203s][debug][gc,phases      ] GC(31)     Dead                           Min: 0, Avg:  0.0, Max: 0, Diff: 0, Sum: 0, Workers: 4
[423.203s][debug][gc,phases      ] GC(31)     Total                          Min: 0, Avg:  1.0, Max: 4, Diff: 4, Sum: 4, Workers: 4
[423.203s][debug][gc,phases      ] GC(31)   JVMTI Tag Weak OopStorage      Min:  0.0, Avg:  0.0, Max:  0.0, Diff:  0.0, Sum:  0.0, Workers: 4
[423.203s][debug][gc,phases      ] GC(31)     Dead                           Min: 0, Avg:  0.0, Max: 0, Diff: 0, Sum: 0, Workers: 4
[423.203s][debug][gc,phases      ] GC(31)     Total                          Min: 0, Avg:  0.0, Max: 0, Diff: 0, Sum: 0, Workers: 4
[423.203s][debug][gc,phases      ] GC(31)   StringTable Weak               Min:  0.0, Avg:  0.1, Max:  0.3, Diff:  0.3, Sum:  0.6, Workers: 4
[423.203s][debug][gc,phases      ] GC(31)     Dead                           Min: 0, Avg:  0.0, Max: 0, Diff: 0, Sum: 0, Workers: 4
[423.203s][debug][gc,phases      ] GC(31)     Total                          Min: 0, Avg: 10949.2, Max: 26816, Diff: 26816, Sum: 43797, Workers: 4
[423.203s][debug][gc,phases      ] GC(31)   ResolvedMethodTable Weak       Min:  0.0, Avg:  0.0, Max:  0.1, Diff:  0.1, Sum:  0.1, Workers: 4
[423.203s][debug][gc,phases      ] GC(31)     Dead                           Min: 0, Avg:  0.0, Max: 0, Diff: 0, Sum: 0, Workers: 4
[423.203s][debug][gc,phases      ] GC(31)     Total                          Min: 0, Avg: 2603.8, Max: 5551, Diff: 5551, Sum: 10415, Workers: 4
[423.203s][debug][gc,phases      ] GC(31)   JNI Weak                       Min:  0.0, Avg:  0.0, Max:  0.0, Diff:  0.0, Sum:  0.0, Workers: 4
[423.203s][debug][gc,phases      ] GC(31)     Dead                           Min: 0, Avg:  0.0, Max: 0, Diff: 0, Sum: 0, Workers: 4
[423.203s][debug][gc,phases      ] GC(31)     Total                          Min: 0, Avg: 11.2, Max: 45, Diff: 45, Sum: 45, Workers: 4
[423.203s][debug][gc,phases      ] GC(31)   StringDedup Table Weak         Min:  0.0, Avg:  0.0, Max:  0.0, Diff:  0.0, Sum:  0.0, Workers: 4
[423.203s][debug][gc,phases      ] GC(31)     Dead                           Min: 0, Avg:  0.0, Max: 0, Diff: 0, Sum: 0, Workers: 4
[423.203s][debug][gc,phases      ] GC(31)     Total                          Min: 0, Avg:  0.0, Max: 0, Diff: 0, Sum: 0, Workers: 4
[423.203s][debug][gc,phases      ] GC(31)   StringDedup Requests0 Weak     Min:  0.0, Avg:  0.0, Max:  0.0, Diff:  0.0, Sum:  0.0, Workers: 4
[423.203s][debug][gc,phases      ] GC(31)     Dead                           Min: 0, Avg:  0.0, Max: 0, Diff: 0, Sum: 0, Workers: 4
[423.203s][debug][gc,phases      ] GC(31)     Total                          Min: 0, Avg:  0.0, Max: 0, Diff: 0, Sum: 0, Workers: 4
[423.203s][debug][gc,phases      ] GC(31)   StringDedup Requests1 Weak     Min:  0.0, Avg:  0.0, Max:  0.0, Diff:  0.0, Sum:  0.0, Workers: 4
[423.203s][debug][gc,phases      ] GC(31)     Dead                           Min: 0, Avg:  0.0, Max: 0, Diff: 0, Sum: 0, Workers: 4
[423.203s][debug][gc,phases      ] GC(31)     Total                          Min: 0, Avg:  0.0, Max: 0, Diff: 0, Sum: 0, Workers: 4
[423.203s][debug][gc,phases      ] GC(31)   Weak JFR Old Object Samples    Min:  0.0, Avg:  0.0, Max:  0.0, Diff:  0.0, Sum:  0.0, Workers: 4
[423.203s][debug][gc,phases      ] GC(31)     Dead                           Min: 0, Avg:  0.0, Max: 0, Diff: 0, Sum: 0, Workers: 4
[423.203s][debug][gc,phases      ] GC(31)     Total                          Min: 0, Avg:  0.0, Max: 0, Diff: 0, Sum: 0, Workers: 4
[423.203s][debug][gc,phases      ] GC(31) Weak Processing 0.531ms
[423.203s][debug][gc,phases      ] GC(31) ClassLoaderData 0.083ms
[423.203s][debug][gc,phases      ] GC(31) Trigger cleanups 0.000ms
[423.218s][debug][gc,phases      ] GC(31) Class Unloading 14.644ms
[423.218s][debug][gc,phases      ] GC(31) Report Object Count 0.001ms
[423.218s][info ][gc,phases      ] GC(31) Marking Phase 108.981ms
[423.218s][info ][gc,phases,start] GC(31) Summary Phase
[423.218s][info ][gc,phases      ] GC(31) Summary Phase 0.009ms
[423.218s][info ][gc,phases,start] GC(31) Adjust Roots
[423.228s][info ][gc,phases      ] GC(31) Adjust Roots 9.541ms
[423.228s][info ][gc,phases,start] GC(31) Compaction Phase
[423.316s][info ][gc,phases      ] GC(31) Compaction Phase 88.068ms
[423.316s][info ][gc,phases,start] GC(31) Post Compact
[423.317s][info ][gc,phases      ] GC(31) Post Compact 0.907ms
[423.317s][info ][gc,heap        ] GC(31) PSYoungGen: 5536K(1838080K)->0K(1838592K) Eden: 0K(1579008K)->0K(1580032K) From: 5536K(259072K)->0K(258560K)
[423.317s][info ][gc,heap        ] GC(31) ParOldGen: 289529K(340480K)->292486K(386048K)
[423.317s][info ][gc,metaspace   ] GC(31) Metaspace: 83911K(84800K)->83911K(84800K) NonClass: 71405K(71872K)->71405K(71872K) Class: 12506K(12928K)->12506K(12928K)
[423.317s][info ][gc             ] GC(31) Pause Full (Ergonomics) 288M->285M(2172M) 207.709ms
[423.317s][info ][gc,cpu         ] GC(31) User=0.66s Sys=0.01s Real=0.21s
[423.317s][info ][safepoint      ] Safepoint "ParallelGCFailedAllocation", Time since last: 23491027450 ns, Reaching safepoint: 3700 ns, Cleanup: 3200 ns, At safepoint: 214796601 ns, Total: 214803501 ns
[442.318s][info ][safepoint      ] Safepoint "Cleanup", Time since last: 19001152839 ns, Reaching safepoint: 3400 ns, Cleanup: 6000 ns, At safepoint: 1500 ns, Total: 10900 ns
[443.318s][info ][safepoint      ] Safepoint "Cleanup", Time since last: 1000088548 ns, Reaching safepoint: 3200 ns, Cleanup: 7000 ns, At safepoint: 1300 ns, Total: 11500 ns
[448.605s][info ][gc,start       ] GC(32) Pause Young (Allocation Failure)
[448.606s][debug][gc,phases      ] GC(32) Scavenge 1.071ms
[448.606s][debug][gc,ref         ] GC(32) Skipped phase 1 of Reference Processing: no references
[448.606s][debug][gc,ref         ] GC(32) Skipped phase 2 of Reference Processing: no references
[448.606s][debug][gc,ref         ] GC(32) Skipped phase 3 of Reference Processing: no references
[448.606s][debug][gc,ref         ] GC(32) Skipped phase 4 of Reference Processing: no references
[448.606s][debug][gc,phases      ] GC(32) Reference Processing 0.020ms
[448.606s][debug][gc,phases      ] GC(32)   VM Weak                        Min:  0.0, Avg:  0.0, Max:  0.0, Diff:  0.0, Sum:  0.0, Workers: 4
[448.606s][debug][gc,phases      ] GC(32)     Dead                           Min: 0, Avg:  0.0, Max: 0, Diff: 0, Sum: 0, Workers: 4
[448.606s][debug][gc,phases      ] GC(32)     Total                          Min: 0, Avg: 184.8, Max: 576, Diff: 576, Sum: 739, Workers: 4
[448.607s][debug][gc,phases      ] GC(32)   ObjectSynchronizer Weak        Min:  0.0, Avg:  0.0, Max:  0.0, Diff:  0.0, Sum:  0.0, Workers: 4
[448.607s][debug][gc,phases      ] GC(32)     Dead                           Min: 0, Avg:  0.0, Max: 0, Diff: 0, Sum: 0, Workers: 4
[448.607s][debug][gc,phases      ] GC(32)     Total                          Min: 0, Avg:  1.0, Max: 4, Diff: 4, Sum: 4, Workers: 4
[448.607s][debug][gc,phases      ] GC(32)   JVMTI Tag Weak OopStorage      Min:  0.0, Avg:  0.0, Max:  0.0, Diff:  0.0, Sum:  0.0, Workers: 4
[448.607s][debug][gc,phases      ] GC(32)     Dead                           Min: 0, Avg:  0.0, Max: 0, Diff: 0, Sum: 0, Workers: 4
[448.607s][debug][gc,phases      ] GC(32)     Total                          Min: 0, Avg:  0.0, Max: 0, Diff: 0, Sum: 0, Workers: 4
[448.607s][debug][gc,phases      ] GC(32)   StringTable Weak               Min:  0.0, Avg:  0.1, Max:  0.2, Diff:  0.2, Sum:  0.3, Workers: 4
[448.607s][debug][gc,phases      ] GC(32)     Dead                           Min: 0, Avg:  0.0, Max: 0, Diff: 0, Sum: 0, Workers: 4
[448.607s][debug][gc,phases      ] GC(32)     Total                          Min: 0, Avg: 10949.8, Max: 27543, Diff: 27543, Sum: 43799, Workers: 4
[448.607s][debug][gc,phases      ] GC(32)   ResolvedMethodTable Weak       Min:  0.0, Avg:  0.0, Max:  0.0, Diff:  0.0, Sum:  0.1, Workers: 4
[448.607s][debug][gc,phases      ] GC(32)     Dead                           Min: 0, Avg:  0.0, Max: 0, Diff: 0, Sum: 0, Workers: 4
[448.607s][debug][gc,phases      ] GC(32)     Total                          Min: 0, Avg: 2603.8, Max: 6080, Diff: 6080, Sum: 10415, Workers: 4
[448.607s][debug][gc,phases      ] GC(32)   JNI Weak                       Min:  0.0, Avg:  0.0, Max:  0.0, Diff:  0.0, Sum:  0.0, Workers: 4
[448.607s][debug][gc,phases      ] GC(32)     Dead                           Min: 0, Avg:  0.0, Max: 0, Diff: 0, Sum: 0, Workers: 4
[448.607s][debug][gc,phases      ] GC(32)     Total                          Min: 0, Avg: 11.2, Max: 45, Diff: 45, Sum: 45, Workers: 4
[448.607s][debug][gc,phases      ] GC(32)   StringDedup Table Weak         Min:  0.0, Avg:  0.0, Max:  0.0, Diff:  0.0, Sum:  0.0, Workers: 4
[448.607s][debug][gc,phases      ] GC(32)     Dead                           Min: 0, Avg:  0.0, Max: 0, Diff: 0, Sum: 0, Workers: 4
[448.607s][debug][gc,phases      ] GC(32)     Total                          Min: 0, Avg:  0.0, Max: 0, Diff: 0, Sum: 0, Workers: 4
[448.607s][debug][gc,phases      ] GC(32)   StringDedup Requests0 Weak     Min:  0.0, Avg:  0.0, Max:  0.0, Diff:  0.0, Sum:  0.0, Workers: 4
[448.607s][debug][gc,phases      ] GC(32)     Dead                           Min: 0, Avg:  0.0, Max: 0, Diff: 0, Sum: 0, Workers: 4
[448.607s][debug][gc,phases      ] GC(32)     Total                          Min: 0, Avg:  0.0, Max: 0, Diff: 0, Sum: 0, Workers: 4
[448.607s][debug][gc,phases      ] GC(32)   StringDedup Requests1 Weak     Min:  0.0, Avg:  0.0, Max:  0.0, Diff:  0.0, Sum:  0.0, Workers: 4
[448.607s][debug][gc,phases      ] GC(32)     Dead                           Min: 0, Avg:  0.0, Max: 0, Diff: 0, Sum: 0, Workers: 4
[448.607s][debug][gc,phases      ] GC(32)     Total                          Min: 0, Avg:  0.0, Max: 0, Diff: 0, Sum: 0, Workers: 4
[448.607s][debug][gc,phases      ] GC(32)   Weak JFR Old Object Samples    Min:  0.0, Avg:  0.0, Max:  0.0, Diff:  0.0, Sum:  0.0, Workers: 4
[448.607s][debug][gc,phases      ] GC(32)     Dead                           Min: 0, Avg:  0.0, Max: 0, Diff: 0, Sum: 0, Workers: 4
[448.607s][debug][gc,phases      ] GC(32)     Total                          Min: 0, Avg:  0.0, Max: 0, Diff: 0, Sum: 0, Workers: 4
[448.607s][debug][gc,phases      ] GC(32) Weak Processing 0.387ms
[448.607s][debug][gc,age         ] GC(32) Desired survivor size 263192576 bytes, new threshold 15 (max threshold 15)
[448.607s][info ][gc,heap        ] GC(32) PSYoungGen: 1580032K(1838592K)->96K(1838592K) Eden: 1580032K(1580032K)->0K(1580032K) From: 0K(258560K)->96K(258560K)
[448.607s][info ][gc,heap        ] GC(32) ParOldGen: 292486K(386048K)->292486K(386048K)
[448.607s][info ][gc,metaspace   ] GC(32) Metaspace: 83915K(84800K)->83915K(84800K) NonClass: 71408K(71872K)->71408K(71872K) Class: 12506K(12928K)->12506K(12928K)
[448.607s][info ][gc             ] GC(32) Pause Young (Allocation Failure) 1828M->285M(2172M) 1.569ms
[448.607s][info ][gc,cpu         ] GC(32) User=0.00s Sys=0.00s Real=0.00s
[448.607s][info ][safepoint      ] Safepoint "ParallelGCFailedAllocation", Time since last: 5286983987 ns, Reaching safepoint: 3900 ns, Cleanup: 3600 ns, At safepoint: 1619905 ns, Total: 1627405 ns
[474.152s][info ][gc,start       ] GC(33) Pause Young (Allocation Failure)
[474.153s][debug][gc,phases      ] GC(33) Scavenge 0.980ms
[474.153s][debug][gc,ref         ] GC(33) Skipped phase 1 of Reference Processing: no references
[474.153s][debug][gc,ref         ] GC(33) Skipped phase 2 of Reference Processing: no references
[474.153s][debug][gc,ref         ] GC(33) Skipped phase 3 of Reference Processing: no references
[474.153s][debug][gc,ref         ] GC(33) Skipped phase 4 of Reference Processing: no references
[474.153s][debug][gc,phases      ] GC(33) Reference Processing 0.029ms
[474.154s][debug][gc,phases      ] GC(33)   VM Weak                        Min:  0.0, Avg:  0.0, Max:  0.0, Diff:  0.0, Sum:  0.0, Workers: 4
[474.154s][debug][gc,phases      ] GC(33)     Dead                           Min: 0, Avg:  0.0, Max: 0, Diff: 0, Sum: 0, Workers: 4
[474.154s][debug][gc,phases      ] GC(33)     Total                          Min: 0, Avg: 184.8, Max: 448, Diff: 448, Sum: 739, Workers: 4
[474.154s][debug][gc,phases      ] GC(33)   ObjectSynchronizer Weak        Min:  0.0, Avg:  0.0, Max:  0.0, Diff:  0.0, Sum:  0.0, Workers: 4
[474.154s][debug][gc,phases      ] GC(33)     Dead                           Min: 0, Avg:  0.0, Max: 0, Diff: 0, Sum: 0, Workers: 4
[474.154s][debug][gc,phases      ] GC(33)     Total                          Min: 0, Avg:  1.0, Max: 4, Diff: 4, Sum: 4, Workers: 4
[474.154s][debug][gc,phases      ] GC(33)   JVMTI Tag Weak OopStorage      Min:  0.0, Avg:  0.0, Max:  0.0, Diff:  0.0, Sum:  0.0, Workers: 4
[474.154s][debug][gc,phases      ] GC(33)     Dead                           Min: 0, Avg:  0.0, Max: 0, Diff: 0, Sum: 0, Workers: 4
[474.154s][debug][gc,phases      ] GC(33)     Total                          Min: 0, Avg:  0.0, Max: 0, Diff: 0, Sum: 0, Workers: 4
[474.154s][debug][gc,phases      ] GC(33)   StringTable Weak               Min:  0.0, Avg:  0.1, Max:  0.1, Diff:  0.1, Sum:  0.3, Workers: 4
[474.154s][debug][gc,phases      ] GC(33)     Dead                           Min: 0, Avg:  0.0, Max: 0, Diff: 0, Sum: 0, Workers: 4
[474.154s][debug][gc,phases      ] GC(33)     Total                          Min: 0, Avg: 10949.8, Max: 18327, Diff: 18327, Sum: 43799, Workers: 4
[474.154s][debug][gc,phases      ] GC(33)   ResolvedMethodTable Weak       Min:  0.0, Avg:  0.0, Max:  0.0, Diff:  0.0, Sum:  0.1, Workers: 4
[474.154s][debug][gc,phases      ] GC(33)     Dead                           Min: 0, Avg:  0.0, Max: 0, Diff: 0, Sum: 0, Workers: 4
[474.154s][debug][gc,phases      ] GC(33)     Total                          Min: 0, Avg: 2603.8, Max: 3759, Diff: 3759, Sum: 10415, Workers: 4
[474.154s][debug][gc,phases      ] GC(33)   JNI Weak                       Min:  0.0, Avg:  0.0, Max:  0.0, Diff:  0.0, Sum:  0.0, Workers: 4
[474.154s][debug][gc,phases      ] GC(33)     Dead                           Min: 0, Avg:  0.0, Max: 0, Diff: 0, Sum: 0, Workers: 4
[474.154s][debug][gc,phases      ] GC(33)     Total                          Min: 0, Avg: 11.2, Max: 45, Diff: 45, Sum: 45, Workers: 4
[474.154s][debug][gc,phases      ] GC(33)   StringDedup Table Weak         Min:  0.0, Avg:  0.0, Max:  0.0, Diff:  0.0, Sum:  0.0, Workers: 4
[474.154s][debug][gc,phases      ] GC(33)     Dead                           Min: 0, Avg:  0.0, Max: 0, Diff: 0, Sum: 0, Workers: 4
[474.154s][debug][gc,phases      ] GC(33)     Total                          Min: 0, Avg:  0.0, Max: 0, Diff: 0, Sum: 0, Workers: 4
[474.154s][debug][gc,phases      ] GC(33)   StringDedup Requests0 Weak     Min:  0.0, Avg:  0.0, Max:  0.0, Diff:  0.0, Sum:  0.0, Workers: 4
[474.154s][debug][gc,phases      ] GC(33)     Dead                           Min: 0, Avg:  0.0, Max: 0, Diff: 0, Sum: 0, Workers: 4
[474.154s][debug][gc,phases      ] GC(33)     Total                          Min: 0, Avg:  0.0, Max: 0, Diff: 0, Sum: 0, Workers: 4
[474.154s][debug][gc,phases      ] GC(33)   StringDedup Requests1 Weak     Min:  0.0, Avg:  0.0, Max:  0.0, Diff:  0.0, Sum:  0.0, Workers: 4
[474.154s][debug][gc,phases      ] GC(33)     Dead                           Min: 0, Avg:  0.0, Max: 0, Diff: 0, Sum: 0, Workers: 4
[474.154s][debug][gc,phases      ] GC(33)     Total                          Min: 0, Avg:  0.0, Max: 0, Diff: 0, Sum: 0, Workers: 4
[474.154s][debug][gc,phases      ] GC(33)   Weak JFR Old Object Samples    Min:  0.0, Avg:  0.0, Max:  0.0, Diff:  0.0, Sum:  0.0, Workers: 4
[474.154s][debug][gc,phases      ] GC(33)     Dead                           Min: 0, Avg:  0.0, Max: 0, Diff: 0, Sum: 0, Workers: 4
[474.154s][debug][gc,phases      ] GC(33)     Total                          Min: 0, Avg:  0.0, Max: 0, Diff: 0, Sum: 0, Workers: 4
[474.154s][debug][gc,phases      ] GC(33) Weak Processing 0.312ms
[474.154s][debug][gc,age         ] GC(33) Desired survivor size 258998272 bytes, new threshold 15 (max threshold 15)
[474.154s][info ][gc,heap        ] GC(33) PSYoungGen: 1580128K(1838592K)->128K(1844224K) Eden: 1580032K(1580032K)->0K(1587200K) From: 96K(258560K)->128K(257024K)
[474.154s][info ][gc,heap        ] GC(33) ParOldGen: 292486K(386048K)->292486K(386048K)
[474.154s][info ][gc,metaspace   ] GC(33) Metaspace: 83915K(84800K)->83915K(84800K) NonClass: 71408K(71872K)->71408K(71872K) Class: 12506K(12928K)->12506K(12928K)
[474.154s][info ][gc             ] GC(33) Pause Young (Allocation Failure) 1828M->285M(2178M) 1.423ms
[474.154s][info ][gc,cpu         ] GC(33) User=0.00s Sys=0.00s Real=0.00s
[474.154s][info ][safepoint      ] Safepoint "ParallelGCFailedAllocation", Time since last: 25545656335 ns, Reaching safepoint: 3100 ns, Cleanup: 3000 ns, At safepoint: 1474904 ns, Total: 1481004 ns
[482.154s][info ][safepoint      ] Safepoint "Cleanup", Time since last: 8000544560 ns, Reaching safepoint: 75500 ns, Cleanup: 9600 ns, At safepoint: 3800 ns, Total: 88900 ns
[498.156s][info ][safepoint      ] Safepoint "Cleanup", Time since last: 16001068613 ns, Reaching safepoint: 73200 ns, Cleanup: 9300 ns, At safepoint: 7300 ns, Total: 89800 ns
[499.803s][info ][gc,start       ] GC(34) Pause Young (Allocation Failure)
[499.804s][debug][gc,phases      ] GC(34) Scavenge 0.928ms
[499.804s][debug][gc,ref         ] GC(34) Skipped phase 1 of Reference Processing: no references
[499.804s][debug][gc,ref         ] GC(34) Skipped phase 2 of Reference Processing: no references
[499.804s][debug][gc,ref         ] GC(34) Skipped phase 3 of Reference Processing: no references
[499.804s][debug][gc,ref         ] GC(34) Skipped phase 4 of Reference Processing: no references
[499.804s][debug][gc,phases      ] GC(34) Reference Processing 0.028ms
[499.804s][debug][gc,phases      ] GC(34)   VM Weak                        Min:  0.0, Avg:  0.0, Max:  0.0, Diff:  0.0, Sum:  0.0, Workers: 4
[499.804s][debug][gc,phases      ] GC(34)     Dead                           Min: 0, Avg:  0.0, Max: 0, Diff: 0, Sum: 0, Workers: 4
[499.804s][debug][gc,phases      ] GC(34)     Total                          Min: 0, Avg: 184.8, Max: 483, Diff: 483, Sum: 739, Workers: 4
[499.804s][debug][gc,phases      ] GC(34)   ObjectSynchronizer Weak        Min:  0.0, Avg:  0.0, Max:  0.0, Diff:  0.0, Sum:  0.0, Workers: 4
[499.804s][debug][gc,phases      ] GC(34)     Dead                           Min: 0, Avg:  0.0, Max: 0, Diff: 0, Sum: 0, Workers: 4
[499.804s][debug][gc,phases      ] GC(34)     Total                          Min: 0, Avg:  1.0, Max: 4, Diff: 4, Sum: 4, Workers: 4
[499.804s][debug][gc,phases      ] GC(34)   JVMTI Tag Weak OopStorage      Min:  0.0, Avg:  0.0, Max:  0.0, Diff:  0.0, Sum:  0.0, Workers: 4
[499.804s][debug][gc,phases      ] GC(34)     Dead                           Min: 0, Avg:  0.0, Max: 0, Diff: 0, Sum: 0, Workers: 4
[499.804s][debug][gc,phases      ] GC(34)     Total                          Min: 0, Avg:  0.0, Max: 0, Diff: 0, Sum: 0, Workers: 4
[499.804s][debug][gc,phases      ] GC(34)   StringTable Weak               Min:  0.0, Avg:  0.1, Max:  0.1, Diff:  0.1, Sum:  0.4, Workers: 4
[499.804s][debug][gc,phases      ] GC(34)     Dead                           Min: 0, Avg:  0.0, Max: 0, Diff: 0, Sum: 0, Workers: 4
[499.804s][debug][gc,phases      ] GC(34)     Total                          Min: 0, Avg: 10949.8, Max: 14976, Diff: 14976, Sum: 43799, Workers: 4
[499.804s][debug][gc,phases      ] GC(34)   ResolvedMethodTable Weak       Min:  0.0, Avg:  0.0, Max:  0.0, Diff:  0.0, Sum:  0.1, Workers: 4
[499.804s][debug][gc,phases      ] GC(34)     Dead                           Min: 0, Avg:  0.0, Max: 0, Diff: 0, Sum: 0, Workers: 4
[499.804s][debug][gc,phases      ] GC(34)     Total                          Min: 0, Avg: 2603.8, Max: 3648, Diff: 3648, Sum: 10415, Workers: 4
[499.804s][debug][gc,phases      ] GC(34)   JNI Weak                       Min:  0.0, Avg:  0.0, Max:  0.0, Diff:  0.0, Sum:  0.0, Workers: 4
[499.804s][debug][gc,phases      ] GC(34)     Dead                           Min: 0, Avg:  0.0, Max: 0, Diff: 0, Sum: 0, Workers: 4
[499.804s][debug][gc,phases      ] GC(34)     Total                          Min: 0, Avg: 11.2, Max: 45, Diff: 45, Sum: 45, Workers: 4
[499.804s][debug][gc,phases      ] GC(34)   StringDedup Table Weak         Min:  0.0, Avg:  0.0, Max:  0.0, Diff:  0.0, Sum:  0.0, Workers: 4
[499.804s][debug][gc,phases      ] GC(34)     Dead                           Min: 0, Avg:  0.0, Max: 0, Diff: 0, Sum: 0, Workers: 4
[499.804s][debug][gc,phases      ] GC(34)     Total                          Min: 0, Avg:  0.0, Max: 0, Diff: 0, Sum: 0, Workers: 4
[499.804s][debug][gc,phases      ] GC(34)   StringDedup Requests0 Weak     Min:  0.0, Avg:  0.0, Max:  0.0, Diff:  0.0, Sum:  0.0, Workers: 4
[499.804s][debug][gc,phases      ] GC(34)     Dead                           Min: 0, Avg:  0.0, Max: 0, Diff: 0, Sum: 0, Workers: 4
[499.804s][debug][gc,phases      ] GC(34)     Total                          Min: 0, Avg:  0.0, Max: 0, Diff: 0, Sum: 0, Workers: 4
[499.804s][debug][gc,phases      ] GC(34)   StringDedup Requests1 Weak     Min:  0.0, Avg:  0.0, Max:  0.0, Diff:  0.0, Sum:  0.0, Workers: 4
[499.804s][debug][gc,phases      ] GC(34)     Dead                           Min: 0, Avg:  0.0, Max: 0, Diff: 0, Sum: 0, Workers: 4
[499.804s][debug][gc,phases      ] GC(34)     Total                          Min: 0, Avg:  0.0, Max: 0, Diff: 0, Sum: 0, Workers: 4
[499.804s][debug][gc,phases      ] GC(34)   Weak JFR Old Object Samples    Min:  0.0, Avg:  0.0, Max:  0.0, Diff:  0.0, Sum:  0.0, Workers: 4
[499.804s][debug][gc,phases      ] GC(34)     Dead                           Min: 0, Avg:  0.0, Max: 0, Diff: 0, Sum: 0, Workers: 4
[499.804s][debug][gc,phases      ] GC(34)     Total                          Min: 0, Avg:  0.0, Max: 0, Diff: 0, Sum: 0, Workers: 4
[499.804s][debug][gc,phases      ] GC(34) Weak Processing 0.385ms
[499.804s][debug][gc,age         ] GC(34) Desired survivor size 253231104 bytes, new threshold 15 (max threshold 15)
[499.804s][info ][gc,heap        ] GC(34) PSYoungGen: 1587328K(1844224K)->128K(1840128K) Eden: 1587200K(1587200K)->0K(1587200K) From: 128K(257024K)->128K(252928K)
[499.804s][info ][gc,heap        ] GC(34) ParOldGen: 292486K(386048K)->292486K(386048K)
[499.804s][info ][gc,metaspace   ] GC(34) Metaspace: 83915K(84800K)->83915K(84800K) NonClass: 71408K(71872K)->71408K(71872K) Class: 12506K(12928K)->12506K(12928K)
[499.804s][info ][gc             ] GC(34) Pause Young (Allocation Failure) 1835M->285M(2174M) 1.436ms
[499.804s][info ][gc,cpu         ] GC(34) User=0.00s Sys=0.00s Real=0.00s
[499.804s][info ][safepoint      ] Safepoint "ParallelGCFailedAllocation", Time since last: 1647351054 ns, Reaching safepoint: 4300 ns, Cleanup: 3900 ns, At safepoint: 1499804 ns, Total: 1508004 ns
[503.805s][info ][safepoint      ] Safepoint "Cleanup", Time since last: 4000293822 ns, Reaching safepoint: 73303 ns, Cleanup: 11100 ns, At safepoint: 7800 ns, Total: 92203 ns
[525.452s][info ][gc,start       ] GC(35) Pause Young (Allocation Failure)
[525.453s][debug][gc,phases      ] GC(35) Scavenge 0.786ms
[525.453s][debug][gc,ref         ] GC(35) Skipped phase 1 of Reference Processing: no references
[525.453s][debug][gc,ref         ] GC(35) Skipped phase 2 of Reference Processing: no references
[525.453s][debug][gc,ref         ] GC(35) Skipped phase 3 of Reference Processing: no references
[525.453s][debug][gc,ref         ] GC(35) Skipped phase 4 of Reference Processing: no references
[525.453s][debug][gc,phases      ] GC(35) Reference Processing 0.020ms
[525.453s][debug][gc,phases      ] GC(35)   VM Weak                        Min:  0.0, Avg:  0.0, Max:  0.0, Diff:  0.0, Sum:  0.0, Workers: 4
[525.453s][debug][gc,phases      ] GC(35)     Dead                           Min: 0, Avg:  0.0, Max: 0, Diff: 0, Sum: 0, Workers: 4
[525.453s][debug][gc,phases      ] GC(35)     Total                          Min: 0, Avg: 184.8, Max: 739, Diff: 739, Sum: 739, Workers: 4
[525.453s][debug][gc,phases      ] GC(35)   ObjectSynchronizer Weak        Min:  0.0, Avg:  0.0, Max:  0.0, Diff:  0.0, Sum:  0.0, Workers: 4
[525.453s][debug][gc,phases      ] GC(35)     Dead                           Min: 0, Avg:  0.0, Max: 0, Diff: 0, Sum: 0, Workers: 4
[525.453s][debug][gc,phases      ] GC(35)     Total                          Min: 0, Avg:  1.0, Max: 4, Diff: 4, Sum: 4, Workers: 4
[525.453s][debug][gc,phases      ] GC(35)   JVMTI Tag Weak OopStorage      Min:  0.0, Avg:  0.0, Max:  0.0, Diff:  0.0, Sum:  0.0, Workers: 4
[525.453s][debug][gc,phases      ] GC(35)     Dead                           Min: 0, Avg:  0.0, Max: 0, Diff: 0, Sum: 0, Workers: 4
[525.453s][debug][gc,phases      ] GC(35)     Total                          Min: 0, Avg:  0.0, Max: 0, Diff: 0, Sum: 0, Workers: 4
[525.453s][debug][gc,phases      ] GC(35)   StringTable Weak               Min:  0.1, Avg:  0.1, Max:  0.1, Diff:  0.0, Sum:  0.4, Workers: 4
[525.453s][debug][gc,phases      ] GC(35)     Dead                           Min: 0, Avg:  0.0, Max: 0, Diff: 0, Sum: 0, Workers: 4
[525.453s][debug][gc,phases      ] GC(35)     Total                          Min: 10560, Avg: 10949.8, Max: 11671, Diff: 1111, Sum: 43799, Workers: 4
[525.453s][debug][gc,phases      ] GC(35)   ResolvedMethodTable Weak       Min:  0.0, Avg:  0.0, Max:  0.0, Diff:  0.0, Sum:  0.1, Workers: 4
[525.453s][debug][gc,phases      ] GC(35)     Dead                           Min: 0, Avg:  0.0, Max: 0, Diff: 0, Sum: 0, Workers: 4
[525.453s][debug][gc,phases      ] GC(35)     Total                          Min: 2432, Avg: 2603.8, Max: 2863, Diff: 431, Sum: 10415, Workers: 4
[525.453s][debug][gc,phases      ] GC(35)   JNI Weak                       Min:  0.0, Avg:  0.0, Max:  0.0, Diff:  0.0, Sum:  0.0, Workers: 4
[525.453s][debug][gc,phases      ] GC(35)     Dead                           Min: 0, Avg:  0.0, Max: 0, Diff: 0, Sum: 0, Workers: 4
[525.453s][debug][gc,phases      ] GC(35)     Total                          Min: 0, Avg: 11.2, Max: 45, Diff: 45, Sum: 45, Workers: 4
[525.453s][debug][gc,phases      ] GC(35)   StringDedup Table Weak         Min:  0.0, Avg:  0.0, Max:  0.0, Diff:  0.0, Sum:  0.0, Workers: 4
[525.453s][debug][gc,phases      ] GC(35)     Dead                           Min: 0, Avg:  0.0, Max: 0, Diff: 0, Sum: 0, Workers: 4
[525.453s][debug][gc,phases      ] GC(35)     Total                          Min: 0, Avg:  0.0, Max: 0, Diff: 0, Sum: 0, Workers: 4
[525.453s][debug][gc,phases      ] GC(35)   StringDedup Requests0 Weak     Min:  0.0, Avg:  0.0, Max:  0.0, Diff:  0.0, Sum:  0.0, Workers: 4
[525.453s][debug][gc,phases      ] GC(35)     Dead                           Min: 0, Avg:  0.0, Max: 0, Diff: 0, Sum: 0, Workers: 4
[525.453s][debug][gc,phases      ] GC(35)     Total                          Min: 0, Avg:  0.0, Max: 0, Diff: 0, Sum: 0, Workers: 4
[525.453s][debug][gc,phases      ] GC(35)   StringDedup Requests1 Weak     Min:  0.0, Avg:  0.0, Max:  0.0, Diff:  0.0, Sum:  0.0, Workers: 4
[525.453s][debug][gc,phases      ] GC(35)     Dead                           Min: 0, Avg:  0.0, Max: 0, Diff: 0, Sum: 0, Workers: 4
[525.453s][debug][gc,phases      ] GC(35)     Total                          Min: 0, Avg:  0.0, Max: 0, Diff: 0, Sum: 0, Workers: 4
[525.453s][debug][gc,phases      ] GC(35)   Weak JFR Old Object Samples    Min:  0.0, Avg:  0.0, Max:  0.0, Diff:  0.0, Sum:  0.0, Workers: 4
[525.453s][debug][gc,phases      ] GC(35)     Dead                           Min: 0, Avg:  0.0, Max: 0, Diff: 0, Sum: 0, Workers: 4
[525.453s][debug][gc,phases      ] GC(35)     Total                          Min: 0, Avg:  0.0, Max: 0, Diff: 0, Sum: 0, Workers: 4
[525.453s][debug][gc,phases      ] GC(35) Weak Processing 0.297ms
[525.453s][debug][gc,age         ] GC(35) Desired survivor size 245891072 bytes, new threshold 15 (max threshold 15)
[525.453s][info ][gc,heap        ] GC(35) PSYoungGen: 1587328K(1840128K)->128K(1857024K) Eden: 1587200K(1587200K)->0K(1609728K) From: 128K(252928K)->128K(247296K)
[525.453s][info ][gc,heap        ] GC(35) ParOldGen: 292486K(386048K)->292486K(386048K)
[525.453s][info ][gc,metaspace   ] GC(35) Metaspace: 83915K(84800K)->83915K(84800K) NonClass: 71408K(71872K)->71408K(71872K) Class: 12506K(12928K)->12506K(12928K)
[525.453s][info ][gc             ] GC(35) Pause Young (Allocation Failure) 1835M->285M(2190M) 1.187ms
[525.453s][info ][gc,cpu         ] GC(35) User=0.00s Sys=0.00s Real=0.00s
[525.453s][info ][safepoint      ] Safepoint "ParallelGCFailedAllocation", Time since last: 21646956665 ns, Reaching safepoint: 3900 ns, Cleanup: 3700 ns, At safepoint: 1239805 ns, Total: 1247405 ns
[551.453s][info ][gc,start       ] GC(36) Pause Young (Allocation Failure)
[551.453s][debug][gc,phases      ] GC(36) Scavenge 0.788ms
[551.453s][debug][gc,ref         ] GC(36) Skipped phase 1 of Reference Processing: no references
[551.454s][debug][gc,ref         ] GC(36) Skipped phase 2 of Reference Processing: no references
[551.454s][debug][gc,ref         ] GC(36) Skipped phase 3 of Reference Processing: no references
[551.454s][debug][gc,ref         ] GC(36) Skipped phase 4 of Reference Processing: no references
[551.454s][debug][gc,phases      ] GC(36) Reference Processing 0.032ms
[551.454s][debug][gc,phases      ] GC(36)   VM Weak                        Min:  0.0, Avg:  0.0, Max:  0.0, Diff:  0.0, Sum:  0.0, Workers: 4
[551.454s][debug][gc,phases      ] GC(36)     Dead                           Min: 0, Avg:  0.0, Max: 0, Diff: 0, Sum: 0, Workers: 4
[551.454s][debug][gc,phases      ] GC(36)     Total                          Min: 0, Avg: 184.8, Max: 739, Diff: 739, Sum: 739, Workers: 4
[551.454s][debug][gc,phases      ] GC(36)   ObjectSynchronizer Weak        Min:  0.0, Avg:  0.0, Max:  0.0, Diff:  0.0, Sum:  0.0, Workers: 4
[551.454s][debug][gc,phases      ] GC(36)     Dead                           Min: 0, Avg:  0.0, Max: 0, Diff: 0, Sum: 0, Workers: 4
[551.454s][debug][gc,phases      ] GC(36)     Total                          Min: 0, Avg:  1.0, Max: 4, Diff: 4, Sum: 4, Workers: 4
[551.454s][debug][gc,phases      ] GC(36)   JVMTI Tag Weak OopStorage      Min:  0.0, Avg:  0.0, Max:  0.0, Diff:  0.0, Sum:  0.0, Workers: 4
[551.454s][debug][gc,phases      ] GC(36)     Dead                           Min: 0, Avg:  0.0, Max: 0, Diff: 0, Sum: 0, Workers: 4
[551.454s][debug][gc,phases      ] GC(36)     Total                          Min: 0, Avg:  0.0, Max: 0, Diff: 0, Sum: 0, Workers: 4
[551.454s][debug][gc,phases      ] GC(36)   StringTable Weak               Min:  0.0, Avg:  0.1, Max:  0.1, Diff:  0.1, Sum:  0.4, Workers: 4
[551.454s][debug][gc,phases      ] GC(36)     Dead                           Min: 0, Avg:  0.0, Max: 0, Diff: 0, Sum: 0, Workers: 4
[551.454s][debug][gc,phases      ] GC(36)     Total                          Min: 0, Avg: 10949.8, Max: 18816, Diff: 18816, Sum: 43799, Workers: 4
[551.454s][debug][gc,phases      ] GC(36)   ResolvedMethodTable Weak       Min:  0.0, Avg:  0.0, Max:  0.0, Diff:  0.0, Sum:  0.1, Workers: 4
[551.454s][debug][gc,phases      ] GC(36)     Dead                           Min: 0, Avg:  0.0, Max: 0, Diff: 0, Sum: 0, Workers: 4
[551.454s][debug][gc,phases      ] GC(36)     Total                          Min: 0, Avg: 2603.8, Max: 4416, Diff: 4416, Sum: 10415, Workers: 4
[551.454s][debug][gc,phases      ] GC(36)   JNI Weak                       Min:  0.0, Avg:  0.0, Max:  0.0, Diff:  0.0, Sum:  0.0, Workers: 4
[551.454s][debug][gc,phases      ] GC(36)     Dead                           Min: 0, Avg:  0.0, Max: 0, Diff: 0, Sum: 0, Workers: 4
[551.454s][debug][gc,phases      ] GC(36)     Total                          Min: 0, Avg: 11.2, Max: 45, Diff: 45, Sum: 45, Workers: 4
[551.454s][debug][gc,phases      ] GC(36)   StringDedup Table Weak         Min:  0.0, Avg:  0.0, Max:  0.0, Diff:  0.0, Sum:  0.0, Workers: 4
[551.454s][debug][gc,phases      ] GC(36)     Dead                           Min: 0, Avg:  0.0, Max: 0, Diff: 0, Sum: 0, Workers: 4
[551.454s][debug][gc,phases      ] GC(36)     Total                          Min: 0, Avg:  0.0, Max: 0, Diff: 0, Sum: 0, Workers: 4
[551.454s][debug][gc,phases      ] GC(36)   StringDedup Requests0 Weak     Min:  0.0, Avg:  0.0, Max:  0.0, Diff:  0.0, Sum:  0.0, Workers: 4
[551.454s][debug][gc,phases      ] GC(36)     Dead                           Min: 0, Avg:  0.0, Max: 0, Diff: 0, Sum: 0, Workers: 4
[551.454s][debug][gc,phases      ] GC(36)     Total                          Min: 0, Avg:  0.0, Max: 0, Diff: 0, Sum: 0, Workers: 4
[551.454s][debug][gc,phases      ] GC(36)   StringDedup Requests1 Weak     Min:  0.0, Avg:  0.0, Max:  0.0, Diff:  0.0, Sum:  0.0, Workers: 4
[551.454s][debug][gc,phases      ] GC(36)     Dead                           Min: 0, Avg:  0.0, Max: 0, Diff: 0, Sum: 0, Workers: 4
[551.454s][debug][gc,phases      ] GC(36)     Total                          Min: 0, Avg:  0.0, Max: 0, Diff: 0, Sum: 0, Workers: 4
[551.454s][debug][gc,phases      ] GC(36)   Weak JFR Old Object Samples    Min:  0.0, Avg:  0.0, Max:  0.0, Diff:  0.0, Sum:  0.0, Workers: 4
[551.454s][debug][gc,phases      ] GC(36)     Dead                           Min: 0, Avg:  0.0, Max: 0, Diff: 0, Sum: 0, Workers: 4
[551.454s][debug][gc,phases      ] GC(36)     Total                          Min: 0, Avg:  0.0, Max: 0, Diff: 0, Sum: 0, Workers: 4
[551.454s][debug][gc,phases      ] GC(36) Weak Processing 0.317ms
[551.454s][debug][gc,age         ] GC(36) Desired survivor size 237502464 bytes, new threshold 15 (max threshold 15)
[551.454s][info ][gc,heap        ] GC(36) PSYoungGen: 1609856K(1857024K)->128K(1849856K) Eden: 1609728K(1609728K)->0K(1609728K) From: 128K(247296K)->128K(240128K)
[551.454s][info ][gc,heap        ] GC(36) ParOldGen: 292486K(386048K)->292486K(386048K)
[551.454s][info ][gc,metaspace   ] GC(36) Metaspace: 83915K(84800K)->83915K(84800K) NonClass: 71408K(71872K)->71408K(71872K) Class: 12506K(12928K)->12506K(12928K)
[551.454s][info ][gc             ] GC(36) Pause Young (Allocation Failure) 1857M->285M(2183M) 1.217ms
[551.454s][info ][gc,cpu         ] GC(36) User=0.00s Sys=0.00s Real=0.00s
[551.454s][info ][safepoint      ] Safepoint "ParallelGCFailedAllocation", Time since last: 25999551221 ns, Reaching safepoint: 3900 ns, Cleanup: 3600 ns, At safepoint: 1283110 ns, Total: 1290610 ns
[577.453s][info ][gc,start       ] GC(37) Pause Young (Allocation Failure)
[577.453s][debug][gc,phases      ] GC(37) Scavenge 0.555ms
[577.453s][debug][gc,ref         ] GC(37) Skipped phase 1 of Reference Processing: no references
[577.453s][debug][gc,ref         ] GC(37) Skipped phase 2 of Reference Processing: no references
[577.453s][debug][gc,ref         ] GC(37) Skipped phase 3 of Reference Processing: no references
[577.453s][debug][gc,ref         ] GC(37) Skipped phase 4 of Reference Processing: no references
[577.453s][debug][gc,phases      ] GC(37) Reference Processing 0.023ms
[577.454s][debug][gc,phases      ] GC(37)   VM Weak                        Min:  0.0, Avg:  0.0, Max:  0.0, Diff:  0.0, Sum:  0.0, Workers: 4
[577.454s][debug][gc,phases      ] GC(37)     Dead                           Min: 0, Avg:  0.0, Max: 0, Diff: 0, Sum: 0, Workers: 4
[577.454s][debug][gc,phases      ] GC(37)     Total                          Min: 0, Avg: 184.8, Max: 419, Diff: 419, Sum: 739, Workers: 4
[577.454s][debug][gc,phases      ] GC(37)   ObjectSynchronizer Weak        Min:  0.0, Avg:  0.0, Max:  0.0, Diff:  0.0, Sum:  0.0, Workers: 4
[577.454s][debug][gc,phases      ] GC(37)     Dead                           Min: 0, Avg:  0.0, Max: 0, Diff: 0, Sum: 0, Workers: 4
[577.454s][debug][gc,phases      ] GC(37)     Total                          Min: 0, Avg:  1.0, Max: 4, Diff: 4, Sum: 4, Workers: 4
[577.454s][debug][gc,phases      ] GC(37)   JVMTI Tag Weak OopStorage      Min:  0.0, Avg:  0.0, Max:  0.0, Diff:  0.0, Sum:  0.0, Workers: 4
[577.454s][debug][gc,phases      ] GC(37)     Dead                           Min: 0, Avg:  0.0, Max: 0, Diff: 0, Sum: 0, Workers: 4
[577.454s][debug][gc,phases      ] GC(37)     Total                          Min: 0, Avg:  0.0, Max: 0, Diff: 0, Sum: 0, Workers: 4
[577.454s][debug][gc,phases      ] GC(37)   StringTable Weak               Min:  0.1, Avg:  0.1, Max:  0.1, Diff:  0.0, Sum:  0.5, Workers: 4
[577.454s][debug][gc,phases      ] GC(37)     Dead                           Min: 0, Avg:  0.0, Max: 0, Diff: 0, Sum: 0, Workers: 4
[577.454s][debug][gc,phases      ] GC(37)     Total                          Min: 10071, Avg: 10949.8, Max: 11840, Diff: 1769, Sum: 43799, Workers: 4
[577.454s][debug][gc,phases      ] GC(37)   ResolvedMethodTable Weak       Min:  0.0, Avg:  0.0, Max:  0.0, Diff:  0.0, Sum:  0.1, Workers: 4
[577.454s][debug][gc,phases      ] GC(37)     Dead                           Min: 0, Avg:  0.0, Max: 0, Diff: 0, Sum: 0, Workers: 4
[577.454s][debug][gc,phases      ] GC(37)     Total                          Min: 2368, Avg: 2603.8, Max: 2816, Diff: 448, Sum: 10415, Workers: 4
[577.454s][debug][gc,phases      ] GC(37)   JNI Weak                       Min:  0.0, Avg:  0.0, Max:  0.0, Diff:  0.0, Sum:  0.0, Workers: 4
[577.454s][debug][gc,phases      ] GC(37)     Dead                           Min: 0, Avg:  0.0, Max: 0, Diff: 0, Sum: 0, Workers: 4
[577.454s][debug][gc,phases      ] GC(37)     Total                          Min: 0, Avg: 11.2, Max: 45, Diff: 45, Sum: 45, Workers: 4
[577.454s][debug][gc,phases      ] GC(37)   StringDedup Table Weak         Min:  0.0, Avg:  0.0, Max:  0.0, Diff:  0.0, Sum:  0.0, Workers: 4
[577.454s][debug][gc,phases      ] GC(37)     Dead                           Min: 0, Avg:  0.0, Max: 0, Diff: 0, Sum: 0, Workers: 4
[577.454s][debug][gc,phases      ] GC(37)     Total                          Min: 0, Avg:  0.0, Max: 0, Diff: 0, Sum: 0, Workers: 4
[577.454s][debug][gc,phases      ] GC(37)   StringDedup Requests0 Weak     Min:  0.0, Avg:  0.0, Max:  0.0, Diff:  0.0, Sum:  0.0, Workers: 4
[577.454s][debug][gc,phases      ] GC(37)     Dead                           Min: 0, Avg:  0.0, Max: 0, Diff: 0, Sum: 0, Workers: 4
[577.454s][debug][gc,phases      ] GC(37)     Total                          Min: 0, Avg:  0.0, Max: 0, Diff: 0, Sum: 0, Workers: 4
[577.454s][debug][gc,phases      ] GC(37)   StringDedup Requests1 Weak     Min:  0.0, Avg:  0.0, Max:  0.0, Diff:  0.0, Sum:  0.0, Workers: 4
[577.454s][debug][gc,phases      ] GC(37)     Dead                           Min: 0, Avg:  0.0, Max: 0, Diff: 0, Sum: 0, Workers: 4
[577.454s][debug][gc,phases      ] GC(37)     Total                          Min: 0, Avg:  0.0, Max: 0, Diff: 0, Sum: 0, Workers: 4
[577.454s][debug][gc,phases      ] GC(37)   Weak JFR Old Object Samples    Min:  0.0, Avg:  0.0, Max:  0.0, Diff:  0.0, Sum:  0.0, Workers: 4
[577.454s][debug][gc,phases      ] GC(37)     Dead                           Min: 0, Avg:  0.0, Max: 0, Diff: 0, Sum: 0, Workers: 4
[577.454s][debug][gc,phases      ] GC(37)     Total                          Min: 0, Avg:  0.0, Max: 0, Diff: 0, Sum: 0, Workers: 4
[577.454s][debug][gc,phases      ] GC(37) Weak Processing 0.323ms
[577.454s][debug][gc,age         ] GC(37) Desired survivor size 228065280 bytes, new threshold 15 (max threshold 15)
[577.454s][info ][gc,heap        ] GC(37) PSYoungGen: 1609856K(1849856K)->128K(1874432K) Eden: 1609728K(1609728K)->0K(1642496K) From: 128K(240128K)->128K(231936K)
[577.454s][info ][gc,heap        ] GC(37) ParOldGen: 292486K(386048K)->292486K(386048K)
[577.454s][info ][gc,metaspace   ] GC(37) Metaspace: 83915K(84800K)->83915K(84800K) NonClass: 71408K(71872K)->71408K(71872K) Class: 12506K(12928K)->12506K(12928K)
[577.454s][info ][gc             ] GC(37) Pause Young (Allocation Failure) 1857M->285M(2207M) 0.977ms
[577.454s][info ][gc,cpu         ] GC(37) User=0.01s Sys=0.00s Real=0.00s
[577.454s][info ][safepoint      ] Safepoint "ParallelGCFailedAllocation", Time since last: 25998746720 ns, Reaching safepoint: 4600 ns, Cleanup: 3400 ns, At safepoint: 1039608 ns, Total: 1047608 ns
[603.553s][info ][gc,start       ] GC(38) Pause Young (Allocation Failure)
[603.554s][debug][gc,phases      ] GC(38) Scavenge 0.725ms
[603.554s][debug][gc,ref         ] GC(38) Skipped phase 1 of Reference Processing: no references
[603.554s][debug][gc,ref         ] GC(38) Skipped phase 2 of Reference Processing: no references
[603.554s][debug][gc,ref         ] GC(38) Skipped phase 3 of Reference Processing: no references
[603.554s][debug][gc,ref         ] GC(38) Skipped phase 4 of Reference Processing: no references
[603.554s][debug][gc,phases      ] GC(38) Reference Processing 0.020ms
[603.554s][debug][gc,phases      ] GC(38)   VM Weak                        Min:  0.0, Avg:  0.0, Max:  0.0, Diff:  0.0, Sum:  0.0, Workers: 4
[603.554s][debug][gc,phases      ] GC(38)     Dead                           Min: 0, Avg:  0.0, Max: 0, Diff: 0, Sum: 0, Workers: 4
[603.554s][debug][gc,phases      ] GC(38)     Total                          Min: 0, Avg: 184.8, Max: 675, Diff: 675, Sum: 739, Workers: 4
[603.554s][debug][gc,phases      ] GC(38)   ObjectSynchronizer Weak        Min:  0.0, Avg:  0.0, Max:  0.0, Diff:  0.0, Sum:  0.0, Workers: 4
[603.554s][debug][gc,phases      ] GC(38)     Dead                           Min: 0, Avg:  0.0, Max: 0, Diff: 0, Sum: 0, Workers: 4
[603.554s][debug][gc,phases      ] GC(38)     Total                          Min: 0, Avg:  1.0, Max: 4, Diff: 4, Sum: 4, Workers: 4
[603.554s][debug][gc,phases      ] GC(38)   JVMTI Tag Weak OopStorage      Min:  0.0, Avg:  0.0, Max:  0.0, Diff:  0.0, Sum:  0.0, Workers: 4
[603.554s][debug][gc,phases      ] GC(38)     Dead                           Min: 0, Avg:  0.0, Max: 0, Diff: 0, Sum: 0, Workers: 4
[603.554s][debug][gc,phases      ] GC(38)     Total                          Min: 0, Avg:  0.0, Max: 0, Diff: 0, Sum: 0, Workers: 4
[603.554s][debug][gc,phases      ] GC(38)   StringTable Weak               Min:  0.0, Avg:  0.1, Max:  0.1, Diff:  0.1, Sum:  0.4, Workers: 4
[603.554s][debug][gc,phases      ] GC(38)     Dead                           Min: 0, Avg:  0.0, Max: 0, Diff: 0, Sum: 0, Workers: 4
[603.554s][debug][gc,phases      ] GC(38)     Total                          Min: 0, Avg: 10950.0, Max: 19480, Diff: 19480, Sum: 43800, Workers: 4
[603.554s][debug][gc,phases      ] GC(38)   ResolvedMethodTable Weak       Min:  0.0, Avg:  0.0, Max:  0.0, Diff:  0.0, Sum:  0.1, Workers: 4
[603.554s][debug][gc,phases      ] GC(38)     Dead                           Min: 0, Avg:  0.0, Max: 0, Diff: 0, Sum: 0, Workers: 4
[603.554s][debug][gc,phases      ] GC(38)     Total                          Min: 0, Avg: 2603.8, Max: 4416, Diff: 4416, Sum: 10415, Workers: 4
[603.554s][debug][gc,phases      ] GC(38)   JNI Weak                       Min:  0.0, Avg:  0.0, Max:  0.0, Diff:  0.0, Sum:  0.0, Workers: 4
[603.554s][debug][gc,phases      ] GC(38)     Dead                           Min: 0, Avg:  0.0, Max: 0, Diff: 0, Sum: 0, Workers: 4
[603.554s][debug][gc,phases      ] GC(38)     Total                          Min: 0, Avg: 11.2, Max: 45, Diff: 45, Sum: 45, Workers: 4
[603.554s][debug][gc,phases      ] GC(38)   StringDedup Table Weak         Min:  0.0, Avg:  0.0, Max:  0.0, Diff:  0.0, Sum:  0.0, Workers: 4
[603.554s][debug][gc,phases      ] GC(38)     Dead                           Min: 0, Avg:  0.0, Max: 0, Diff: 0, Sum: 0, Workers: 4
[603.554s][debug][gc,phases      ] GC(38)     Total                          Min: 0, Avg:  0.0, Max: 0, Diff: 0, Sum: 0, Workers: 4
[603.554s][debug][gc,phases      ] GC(38)   StringDedup Requests0 Weak     Min:  0.0, Avg:  0.0, Max:  0.0, Diff:  0.0, Sum:  0.0, Workers: 4
[603.554s][debug][gc,phases      ] GC(38)     Dead                           Min: 0, Avg:  0.0, Max: 0, Diff: 0, Sum: 0, Workers: 4
[603.554s][debug][gc,phases      ] GC(38)     Total                          Min: 0, Avg:  0.0, Max: 0, Diff: 0, Sum: 0, Workers: 4
[603.554s][debug][gc,phases      ] GC(38)   StringDedup Requests1 Weak     Min:  0.0, Avg:  0.0, Max:  0.0, Diff:  0.0, Sum:  0.0, Workers: 4
[603.554s][debug][gc,phases      ] GC(38)     Dead                           Min: 0, Avg:  0.0, Max: 0, Diff: 0, Sum: 0, Workers: 4
[603.554s][debug][gc,phases      ] GC(38)     Total                          Min: 0, Avg:  0.0, Max: 0, Diff: 0, Sum: 0, Workers: 4
[603.554s][debug][gc,phases      ] GC(38)   Weak JFR Old Object Samples    Min:  0.0, Avg:  0.0, Max:  0.0, Diff:  0.0, Sum:  0.0, Workers: 4
[603.554s][debug][gc,phases      ] GC(38)     Dead                           Min: 0, Avg:  0.0, Max: 0, Diff: 0, Sum: 0, Workers: 4
[603.554s][debug][gc,phases      ] GC(38)     Total                          Min: 0, Avg:  0.0, Max: 0, Diff: 0, Sum: 0, Workers: 4
[603.554s][debug][gc,phases      ] GC(38) Weak Processing 0.317ms
[603.554s][debug][gc,age         ] GC(38) Desired survivor size 218628096 bytes, new threshold 15 (max threshold 15)
[603.554s][info ][gc,heap        ] GC(38) PSYoungGen: 1642624K(1874432K)->96K(1865216K) Eden: 1642496K(1642496K)->0K(1642496K) From: 128K(231936K)->96K(222720K)
[603.554s][info ][gc,heap        ] GC(38) ParOldGen: 292486K(386048K)->292486K(386048K)
[603.554s][info ][gc,metaspace   ] GC(38) Metaspace: 83915K(84800K)->83915K(84800K) NonClass: 71408K(71872K)->71408K(71872K) Class: 12506K(12928K)->12506K(12928K)
[603.554s][info ][gc             ] GC(38) Pause Young (Allocation Failure) 1889M->285M(2198M) 1.141ms
[603.554s][info ][gc,cpu         ] GC(38) User=0.00s Sys=0.00s Real=0.00s
[603.554s][info ][safepoint      ] Safepoint "ParallelGCFailedAllocation", Time since last: 26099226586 ns, Reaching safepoint: 76601 ns, Cleanup: 3200 ns, At safepoint: 1192308 ns, Total: 1272109 ns
[611.555s][info ][safepoint      ] Safepoint "Cleanup", Time since last: 8000510772 ns, Reaching safepoint: 3800 ns, Cleanup: 17900 ns, At safepoint: 1400 ns, Total: 23100 ns
[612.555s][info ][safepoint      ] Safepoint "Cleanup", Time since last: 1000091228 ns, Reaching safepoint: 3501 ns, Cleanup: 39600 ns, At safepoint: 5500 ns, Total: 48601 ns
[613.555s][info ][safepoint      ] Safepoint "Cleanup", Time since last: 1000099128 ns, Reaching safepoint: 3600 ns, Cleanup: 11500 ns, At safepoint: 1700 ns, Total: 16800 ns
[629.904s][info ][gc,start       ] GC(39) Pause Young (Allocation Failure)
[629.904s][debug][gc,phases      ] GC(39) Scavenge 0.499ms
[629.904s][debug][gc,ref         ] GC(39) Skipped phase 1 of Reference Processing: no references
[629.904s][debug][gc,ref         ] GC(39) Skipped phase 2 of Reference Processing: no references
[629.904s][debug][gc,ref         ] GC(39) Skipped phase 3 of Reference Processing: no references
[629.904s][debug][gc,ref         ] GC(39) Skipped phase 4 of Reference Processing: no references
[629.904s][debug][gc,phases      ] GC(39) Reference Processing 0.019ms
[629.904s][debug][gc,phases      ] GC(39)   VM Weak                        Min:  0.0, Avg:  0.0, Max:  0.0, Diff:  0.0, Sum:  0.0, Workers: 4
[629.904s][debug][gc,phases      ] GC(39)     Dead                           Min: 0, Avg:  0.0, Max: 0, Diff: 0, Sum: 0, Workers: 4
[629.904s][debug][gc,phases      ] GC(39)     Total                          Min: 0, Avg: 184.8, Max: 576, Diff: 576, Sum: 739, Workers: 4
[629.904s][debug][gc,phases      ] GC(39)   ObjectSynchronizer Weak        Min:  0.0, Avg:  0.0, Max:  0.0, Diff:  0.0, Sum:  0.0, Workers: 4
[629.904s][debug][gc,phases      ] GC(39)     Dead                           Min: 0, Avg:  0.0, Max: 0, Diff: 0, Sum: 0, Workers: 4
[629.904s][debug][gc,phases      ] GC(39)     Total                          Min: 0, Avg:  1.0, Max: 4, Diff: 4, Sum: 4, Workers: 4
[629.904s][debug][gc,phases      ] GC(39)   JVMTI Tag Weak OopStorage      Min:  0.0, Avg:  0.0, Max:  0.0, Diff:  0.0, Sum:  0.0, Workers: 4
[629.904s][debug][gc,phases      ] GC(39)     Dead                           Min: 0, Avg:  0.0, Max: 0, Diff: 0, Sum: 0, Workers: 4
[629.904s][debug][gc,phases      ] GC(39)     Total                          Min: 0, Avg:  0.0, Max: 0, Diff: 0, Sum: 0, Workers: 4
[629.904s][debug][gc,phases      ] GC(39)   StringTable Weak               Min:  0.0, Avg:  0.1, Max:  0.1, Diff:  0.1, Sum:  0.3, Workers: 4
[629.904s][debug][gc,phases      ] GC(39)     Dead                           Min: 0, Avg:  0.0, Max: 0, Diff: 0, Sum: 0, Workers: 4
[629.904s][debug][gc,phases      ] GC(39)     Total                          Min: 0, Avg: 10951.0, Max: 19008, Diff: 19008, Sum: 43804, Workers: 4
[629.904s][debug][gc,phases      ] GC(39)   ResolvedMethodTable Weak       Min:  0.0, Avg:  0.0, Max:  0.0, Diff:  0.0, Sum:  0.1, Workers: 4
[629.904s][debug][gc,phases      ] GC(39)     Dead                           Min: 0, Avg:  0.0, Max: 0, Diff: 0, Sum: 0, Workers: 4
[629.904s][debug][gc,phases      ] GC(39)     Total                          Min: 0, Avg: 2603.8, Max: 4207, Diff: 4207, Sum: 10415, Workers: 4
[629.904s][debug][gc,phases      ] GC(39)   JNI Weak                       Min:  0.0, Avg:  0.0, Max:  0.0, Diff:  0.0, Sum:  0.0, Workers: 4
[629.904s][debug][gc,phases      ] GC(39)     Dead                           Min: 0, Avg:  0.0, Max: 0, Diff: 0, Sum: 0, Workers: 4
[629.904s][debug][gc,phases      ] GC(39)     Total                          Min: 0, Avg: 11.2, Max: 45, Diff: 45, Sum: 45, Workers: 4
[629.904s][debug][gc,phases      ] GC(39)   StringDedup Table Weak         Min:  0.0, Avg:  0.0, Max:  0.0, Diff:  0.0, Sum:  0.0, Workers: 4
[629.905s][debug][gc,phases      ] GC(39)     Dead                           Min: 0, Avg:  0.0, Max: 0, Diff: 0, Sum: 0, Workers: 4
[629.905s][debug][gc,phases      ] GC(39)     Total                          Min: 0, Avg:  0.0, Max: 0, Diff: 0, Sum: 0, Workers: 4
[629.905s][debug][gc,phases      ] GC(39)   StringDedup Requests0 Weak     Min:  0.0, Avg:  0.0, Max:  0.0, Diff:  0.0, Sum:  0.0, Workers: 4
[629.905s][debug][gc,phases      ] GC(39)     Dead                           Min: 0, Avg:  0.0, Max: 0, Diff: 0, Sum: 0, Workers: 4
[629.905s][debug][gc,phases      ] GC(39)     Total                          Min: 0, Avg:  0.0, Max: 0, Diff: 0, Sum: 0, Workers: 4
[629.905s][debug][gc,phases      ] GC(39)   StringDedup Requests1 Weak     Min:  0.0, Avg:  0.0, Max:  0.0, Diff:  0.0, Sum:  0.0, Workers: 4
[629.905s][debug][gc,phases      ] GC(39)     Dead                           Min: 0, Avg:  0.0, Max: 0, Diff: 0, Sum: 0, Workers: 4
[629.905s][debug][gc,phases      ] GC(39)     Total                          Min: 0, Avg:  0.0, Max: 0, Diff: 0, Sum: 0, Workers: 4
[629.905s][debug][gc,phases      ] GC(39)   Weak JFR Old Object Samples    Min:  0.0, Avg:  0.0, Max:  0.0, Diff:  0.0, Sum:  0.0, Workers: 4
[629.905s][debug][gc,phases      ] GC(39)     Dead                           Min: 0, Avg:  0.0, Max: 0, Diff: 0, Sum: 0, Workers: 4
[629.905s][debug][gc,phases      ] GC(39)     Total                          Min: 0, Avg:  0.0, Max: 0, Diff: 0, Sum: 0, Workers: 4
[629.905s][debug][gc,phases      ] GC(39) Weak Processing 0.314ms
[629.905s][debug][gc,age         ] GC(39) Desired survivor size 208666624 bytes, new threshold 15 (max threshold 15)
[629.905s][info ][gc,heap        ] GC(39) PSYoungGen: 1642592K(1865216K)->96K(1893376K) Eden: 1642496K(1642496K)->0K(1679872K) From: 96K(222720K)->96K(213504K)
[629.905s][info ][gc,heap        ] GC(39) ParOldGen: 292486K(386048K)->292486K(386048K)
[629.905s][info ][gc,metaspace   ] GC(39) Metaspace: 83925K(84800K)->83925K(84800K) NonClass: 71418K(71872K)->71418K(71872K) Class: 12506K(12928K)->12506K(12928K)
[629.905s][info ][gc             ] GC(39) Pause Young (Allocation Failure) 1889M->285M(2226M) 0.910ms
[629.905s][info ][gc,cpu         ] GC(39) User=0.01s Sys=0.00s Real=0.00s
[629.905s][info ][safepoint      ] Safepoint "ParallelGCFailedAllocation", Time since last: 16348642604 ns, Reaching safepoint: 3800 ns, Cleanup: 3200 ns, At safepoint: 978807 ns, Total: 985807 ns
[656.953s][info ][gc,start       ] GC(40) Pause Young (Allocation Failure)
[656.954s][debug][gc,phases      ] GC(40) Scavenge 0.549ms
[656.954s][debug][gc,ref         ] GC(40) Skipped phase 1 of Reference Processing: no references
[656.954s][debug][gc,ref         ] GC(40) Skipped phase 2 of Reference Processing: no references
[656.954s][debug][gc,ref         ] GC(40) Skipped phase 3 of Reference Processing: no references
[656.954s][debug][gc,ref         ] GC(40) Skipped phase 4 of Reference Processing: no references
[656.954s][debug][gc,phases      ] GC(40) Reference Processing 0.018ms
[656.954s][debug][gc,phases      ] GC(40)   VM Weak                        Min:  0.0, Avg:  0.0, Max:  0.0, Diff:  0.0, Sum:  0.0, Workers: 4
[656.954s][debug][gc,phases      ] GC(40)     Dead                           Min: 0, Avg:  0.0, Max: 0, Diff: 0, Sum: 0, Workers: 4
[656.954s][debug][gc,phases      ] GC(40)     Total                          Min: 0, Avg: 184.8, Max: 547, Diff: 547, Sum: 739, Workers: 4
[656.954s][debug][gc,phases      ] GC(40)   ObjectSynchronizer Weak        Min:  0.0, Avg:  0.0, Max:  0.0, Diff:  0.0, Sum:  0.0, Workers: 4
[656.954s][debug][gc,phases      ] GC(40)     Dead                           Min: 0, Avg:  0.0, Max: 0, Diff: 0, Sum: 0, Workers: 4
[656.954s][debug][gc,phases      ] GC(40)     Total                          Min: 0, Avg:  1.0, Max: 4, Diff: 4, Sum: 4, Workers: 4
[656.954s][debug][gc,phases      ] GC(40)   JVMTI Tag Weak OopStorage      Min:  0.0, Avg:  0.0, Max:  0.0, Diff:  0.0, Sum:  0.0, Workers: 4
[656.954s][debug][gc,phases      ] GC(40)     Dead                           Min: 0, Avg:  0.0, Max: 0, Diff: 0, Sum: 0, Workers: 4
[656.954s][debug][gc,phases      ] GC(40)     Total                          Min: 0, Avg:  0.0, Max: 0, Diff: 0, Sum: 0, Workers: 4
[656.954s][debug][gc,phases      ] GC(40)   StringTable Weak               Min:  0.1, Avg:  0.1, Max:  0.1, Diff:  0.0, Sum:  0.4, Workers: 4
[656.954s][debug][gc,phases      ] GC(40)     Dead                           Min: 0, Avg:  0.0, Max: 0, Diff: 0, Sum: 0, Workers: 4
[656.954s][debug][gc,phases      ] GC(40)     Total                          Min: 10496, Avg: 10951.0, Max: 11200, Diff: 704, Sum: 43804, Workers: 4
[656.954s][debug][gc,phases      ] GC(40)   ResolvedMethodTable Weak       Min:  0.0, Avg:  0.0, Max:  0.0, Diff:  0.0, Sum:  0.1, Workers: 4
[656.954s][debug][gc,phases      ] GC(40)     Dead                           Min: 0, Avg:  0.0, Max: 0, Diff: 0, Sum: 0, Workers: 4
[656.954s][debug][gc,phases      ] GC(40)     Total                          Min: 2479, Avg: 2603.8, Max: 2880, Diff: 401, Sum: 10415, Workers: 4
[656.954s][debug][gc,phases      ] GC(40)   JNI Weak                       Min:  0.0, Avg:  0.0, Max:  0.0, Diff:  0.0, Sum:  0.0, Workers: 4
[656.954s][debug][gc,phases      ] GC(40)     Dead                           Min: 0, Avg:  0.0, Max: 0, Diff: 0, Sum: 0, Workers: 4
[656.954s][debug][gc,phases      ] GC(40)     Total                          Min: 0, Avg: 11.2, Max: 45, Diff: 45, Sum: 45, Workers: 4
[656.954s][debug][gc,phases      ] GC(40)   StringDedup Table Weak         Min:  0.0, Avg:  0.0, Max:  0.0, Diff:  0.0, Sum:  0.0, Workers: 4
[656.954s][debug][gc,phases      ] GC(40)     Dead                           Min: 0, Avg:  0.0, Max: 0, Diff: 0, Sum: 0, Workers: 4
[656.954s][debug][gc,phases      ] GC(40)     Total                          Min: 0, Avg:  0.0, Max: 0, Diff: 0, Sum: 0, Workers: 4
[656.954s][debug][gc,phases      ] GC(40)   StringDedup Requests0 Weak     Min:  0.0, Avg:  0.0, Max:  0.0, Diff:  0.0, Sum:  0.0, Workers: 4
[656.954s][debug][gc,phases      ] GC(40)     Dead                           Min: 0, Avg:  0.0, Max: 0, Diff: 0, Sum: 0, Workers: 4
[656.954s][debug][gc,phases      ] GC(40)     Total                          Min: 0, Avg:  0.0, Max: 0, Diff: 0, Sum: 0, Workers: 4
[656.954s][debug][gc,phases      ] GC(40)   StringDedup Requests1 Weak     Min:  0.0, Avg:  0.0, Max:  0.0, Diff:  0.0, Sum:  0.0, Workers: 4
[656.954s][debug][gc,phases      ] GC(40)     Dead                           Min: 0, Avg:  0.0, Max: 0, Diff: 0, Sum: 0, Workers: 4
[656.954s][debug][gc,phases      ] GC(40)     Total                          Min: 0, Avg:  0.0, Max: 0, Diff: 0, Sum: 0, Workers: 4
[656.954s][debug][gc,phases      ] GC(40)   Weak JFR Old Object Samples    Min:  0.0, Avg:  0.0, Max:  0.0, Diff:  0.0, Sum:  0.0, Workers: 4
[656.954s][debug][gc,phases      ] GC(40)     Dead                           Min: 0, Avg:  0.0, Max: 0, Diff: 0, Sum: 0, Workers: 4
[656.954s][debug][gc,phases      ] GC(40)     Total                          Min: 0, Avg:  0.0, Max: 0, Diff: 0, Sum: 0, Workers: 4
[656.954s][debug][gc,phases      ] GC(40) Weak Processing 0.277ms
[656.954s][debug][gc,age         ] GC(40) Desired survivor size 198180864 bytes, new threshold 15 (max threshold 15)
[656.954s][info ][gc,heap        ] GC(40) PSYoungGen: 1679968K(1893376K)->128K(1883648K) Eden: 1679872K(1679872K)->0K(1679872K) From: 96K(213504K)->128K(203776K)
[656.954s][info ][gc,heap        ] GC(40) ParOldGen: 292486K(386048K)->292486K(386048K)
[656.954s][info ][gc,metaspace   ] GC(40) Metaspace: 83925K(84800K)->83925K(84800K) NonClass: 71418K(71872K)->71418K(71872K) Class: 12506K(12928K)->12506K(12928K)
[656.954s][info ][gc             ] GC(40) Pause Young (Allocation Failure) 1926M->285M(2216M) 0.920ms
[656.954s][info ][gc,cpu         ] GC(40) User=0.00s Sys=0.00s Real=0.00s
[656.954s][info ][safepoint      ] Safepoint "ParallelGCFailedAllocation", Time since last: 27048289700 ns, Reaching safepoint: 71200 ns, Cleanup: 3400 ns, At safepoint: 970702 ns, Total: 1045302 ns
[684.102s][info ][gc,start       ] GC(41) Pause Young (Allocation Failure)
[684.103s][debug][gc,phases      ] GC(41) Scavenge 0.555ms
[684.103s][debug][gc,ref         ] GC(41) Skipped phase 1 of Reference Processing: no references
[684.103s][debug][gc,ref         ] GC(41) Skipped phase 2 of Reference Processing: no references
[684.103s][debug][gc,ref         ] GC(41) Skipped phase 3 of Reference Processing: no references
[684.103s][debug][gc,ref         ] GC(41) Skipped phase 4 of Reference Processing: no references
[684.103s][debug][gc,phases      ] GC(41) Reference Processing 0.019ms
[684.103s][debug][gc,phases      ] GC(41)   VM Weak                        Min:  0.0, Avg:  0.0, Max:  0.0, Diff:  0.0, Sum:  0.0, Workers: 4
[684.103s][debug][gc,phases      ] GC(41)     Dead                           Min: 0, Avg:  0.0, Max: 0, Diff: 0, Sum: 0, Workers: 4
[684.103s][debug][gc,phases      ] GC(41)     Total                          Min: 0, Avg: 184.8, Max: 675, Diff: 675, Sum: 739, Workers: 4
[684.103s][debug][gc,phases      ] GC(41)   ObjectSynchronizer Weak        Min:  0.0, Avg:  0.0, Max:  0.0, Diff:  0.0, Sum:  0.0, Workers: 4
[684.103s][debug][gc,phases      ] GC(41)     Dead                           Min: 0, Avg:  0.0, Max: 0, Diff: 0, Sum: 0, Workers: 4
[684.103s][debug][gc,phases      ] GC(41)     Total                          Min: 0, Avg:  1.0, Max: 4, Diff: 4, Sum: 4, Workers: 4
[684.103s][debug][gc,phases      ] GC(41)   JVMTI Tag Weak OopStorage      Min:  0.0, Avg:  0.0, Max:  0.0, Diff:  0.0, Sum:  0.0, Workers: 4
[684.103s][debug][gc,phases      ] GC(41)     Dead                           Min: 0, Avg:  0.0, Max: 0, Diff: 0, Sum: 0, Workers: 4
[684.103s][debug][gc,phases      ] GC(41)     Total                          Min: 0, Avg:  0.0, Max: 0, Diff: 0, Sum: 0, Workers: 4
[684.103s][debug][gc,phases      ] GC(41)   StringTable Weak               Min:  0.1, Avg:  0.1, Max:  0.1, Diff:  0.0, Sum:  0.4, Workers: 4
[684.103s][debug][gc,phases      ] GC(41)     Dead                           Min: 0, Avg:  0.0, Max: 0, Diff: 0, Sum: 0, Workers: 4
[684.103s][debug][gc,phases      ] GC(41)     Total                          Min: 10496, Avg: 10951.2, Max: 11456, Diff: 960, Sum: 43805, Workers: 4
[684.103s][debug][gc,phases      ] GC(41)   ResolvedMethodTable Weak       Min:  0.0, Avg:  0.0, Max:  0.0, Diff:  0.0, Sum:  0.1, Workers: 4
[684.103s][debug][gc,phases      ] GC(41)     Dead                           Min: 0, Avg:  0.0, Max: 0, Diff: 0, Sum: 0, Workers: 4
[684.103s][debug][gc,phases      ] GC(41)     Total                          Min: 2432, Avg: 2603.8, Max: 2816, Diff: 384, Sum: 10415, Workers: 4
[684.103s][debug][gc,phases      ] GC(41)   JNI Weak                       Min:  0.0, Avg:  0.0, Max:  0.0, Diff:  0.0, Sum:  0.0, Workers: 4
[684.103s][debug][gc,phases      ] GC(41)     Dead                           Min: 0, Avg:  0.0, Max: 0, Diff: 0, Sum: 0, Workers: 4
[684.103s][debug][gc,phases      ] GC(41)     Total                          Min: 0, Avg: 11.2, Max: 45, Diff: 45, Sum: 45, Workers: 4
[684.103s][debug][gc,phases      ] GC(41)   StringDedup Table Weak         Min:  0.0, Avg:  0.0, Max:  0.0, Diff:  0.0, Sum:  0.0, Workers: 4
[684.103s][debug][gc,phases      ] GC(41)     Dead                           Min: 0, Avg:  0.0, Max: 0, Diff: 0, Sum: 0, Workers: 4
[684.103s][debug][gc,phases      ] GC(41)     Total                          Min: 0, Avg:  0.0, Max: 0, Diff: 0, Sum: 0, Workers: 4
[684.103s][debug][gc,phases      ] GC(41)   StringDedup Requests0 Weak     Min:  0.0, Avg:  0.0, Max:  0.0, Diff:  0.0, Sum:  0.0, Workers: 4
[684.103s][debug][gc,phases      ] GC(41)     Dead                           Min: 0, Avg:  0.0, Max: 0, Diff: 0, Sum: 0, Workers: 4
[684.103s][debug][gc,phases      ] GC(41)     Total                          Min: 0, Avg:  0.0, Max: 0, Diff: 0, Sum: 0, Workers: 4
[684.103s][debug][gc,phases      ] GC(41)   StringDedup Requests1 Weak     Min:  0.0, Avg:  0.0, Max:  0.0, Diff:  0.0, Sum:  0.0, Workers: 4
[684.103s][debug][gc,phases      ] GC(41)     Dead                           Min: 0, Avg:  0.0, Max: 0, Diff: 0, Sum: 0, Workers: 4
[684.103s][debug][gc,phases      ] GC(41)     Total                          Min: 0, Avg:  0.0, Max: 0, Diff: 0, Sum: 0, Workers: 4
[684.103s][debug][gc,phases      ] GC(41)   Weak JFR Old Object Samples    Min:  0.0, Avg:  0.0, Max:  0.0, Diff:  0.0, Sum:  0.0, Workers: 4
[684.103s][debug][gc,phases      ] GC(41)     Dead                           Min: 0, Avg:  0.0, Max: 0, Diff: 0, Sum: 0, Workers: 4
[684.103s][debug][gc,phases      ] GC(41)     Total                          Min: 0, Avg:  0.0, Max: 0, Diff: 0, Sum: 0, Workers: 4
[684.103s][debug][gc,phases      ] GC(41) Weak Processing 0.305ms
[684.103s][debug][gc,age         ] GC(41) Desired survivor size 188219392 bytes, new threshold 15 (max threshold 15)
[684.103s][info ][gc,heap        ] GC(41) PSYoungGen: 1680000K(1883648K)->96K(1913344K) Eden: 1679872K(1679872K)->0K(1719808K) From: 128K(203776K)->96K(193536K)
[684.103s][info ][gc,heap        ] GC(41) ParOldGen: 292486K(386048K)->292494K(386048K)
[684.103s][info ][gc,metaspace   ] GC(41) Metaspace: 83927K(84800K)->83927K(84800K) NonClass: 71420K(71872K)->71420K(71872K) Class: 12506K(12928K)->12506K(12928K)
[684.103s][info ][gc             ] GC(41) Pause Young (Allocation Failure) 1926M->285M(2245M) 0.960ms
[684.103s][info ][gc,cpu         ] GC(41) User=0.00s Sys=0.00s Real=0.00s
[684.103s][info ][safepoint      ] Safepoint "ParallelGCFailedAllocation", Time since last: 27148069554 ns, Reaching safepoint: 3800 ns, Cleanup: 4000 ns, At safepoint: 1012905 ns, Total: 1020705 ns
[711.902s][info ][gc,start       ] GC(42) Pause Young (Allocation Failure)
[711.903s][debug][gc,phases      ] GC(42) Scavenge 0.533ms
[711.903s][debug][gc,ref         ] GC(42) Skipped phase 1 of Reference Processing: no references
[711.903s][debug][gc,ref         ] GC(42) Skipped phase 2 of Reference Processing: no references
[711.903s][debug][gc,ref         ] GC(42) Skipped phase 3 of Reference Processing: no references
[711.903s][debug][gc,ref         ] GC(42) Skipped phase 4 of Reference Processing: no references
[711.903s][debug][gc,phases      ] GC(42) Reference Processing 0.021ms
[711.903s][debug][gc,phases      ] GC(42)   VM Weak                        Min:  0.0, Avg:  0.0, Max:  0.0, Diff:  0.0, Sum:  0.0, Workers: 4
[711.903s][debug][gc,phases      ] GC(42)     Dead                           Min: 0, Avg:  0.0, Max: 0, Diff: 0, Sum: 0, Workers: 4
[711.903s][debug][gc,phases      ] GC(42)     Total                          Min: 0, Avg: 184.8, Max: 675, Diff: 675, Sum: 739, Workers: 4
[711.903s][debug][gc,phases      ] GC(42)   ObjectSynchronizer Weak        Min:  0.0, Avg:  0.0, Max:  0.0, Diff:  0.0, Sum:  0.0, Workers: 4
[711.903s][debug][gc,phases      ] GC(42)     Dead                           Min: 0, Avg:  0.0, Max: 0, Diff: 0, Sum: 0, Workers: 4
[711.903s][debug][gc,phases      ] GC(42)     Total                          Min: 0, Avg:  1.0, Max: 4, Diff: 4, Sum: 4, Workers: 4
[711.903s][debug][gc,phases      ] GC(42)   JVMTI Tag Weak OopStorage      Min:  0.0, Avg:  0.0, Max:  0.0, Diff:  0.0, Sum:  0.0, Workers: 4
[711.903s][debug][gc,phases      ] GC(42)     Dead                           Min: 0, Avg:  0.0, Max: 0, Diff: 0, Sum: 0, Workers: 4
[711.903s][debug][gc,phases      ] GC(42)     Total                          Min: 0, Avg:  0.0, Max: 0, Diff: 0, Sum: 0, Workers: 4
[711.903s][debug][gc,phases      ] GC(42)   StringTable Weak               Min:  0.0, Avg:  0.1, Max:  0.1, Diff:  0.1, Sum:  0.3, Workers: 4
[711.903s][debug][gc,phases      ] GC(42)     Dead                           Min: 0, Avg:  0.0, Max: 0, Diff: 0, Sum: 0, Workers: 4
[711.903s][debug][gc,phases      ] GC(42)     Total                          Min: 0, Avg: 10951.2, Max active: 17117, Diff: 17117, Sum: 43805, Workers: 4
[711.903s][debug][gc,phases      ] GC(42)   ResolvedMethodTable Weak       Min:  0.0, Avg:  0.0, Max:  0.0, Diff:  0.0, Sum:  0.1, Workers: 4
[711.903s][debug][gc,phases      ] GC(42)     Dead                           Min: 0, Avg:  0.0, Max: 0, Diff: 0, Sum: 0, Workers: 4
[711.903s][debug][gc,phases      ] GC(42)     Total                          Min: 0, Avg: 2603.8, Max: 4207, Diff: 4207, Sum: 10415, Workers: 4
[711.903s][debug][gc,phases      ] GC(42)   JNI Weak                       Min:  0.0, Avg:  0.0, Max:  0.0, Diff:  0.0, Sum:  0.0, Workers: 4
[711.903s][debug][gc,phases      ] GC(42)     Dead                           Min: 0, Avg:  0.0, Max: 0, Diff: 0, Sum: 0, Workers: 4
[711.903s][debug][gc,phases      ] GC(42)     Total                          Min: 0, Avg: 11.2, Max: 45, Diff: 45, Sum: 45, Workers: 4
[711.903s][debug][gc,phases      ] GC(42)   StringDedup Table Weak         Min:  0.0, Avg:  0.0, Max:  0.0, Diff:  0.0, Sum:  0.0, Workers: 4
[711.903s][debug][gc,phases      ] GC(42)     Dead                           Min: 0, Avg:  0.0, Max: 0, Diff: 0, Sum: 0, Workers: 4
[711.903s][debug][gc,phases      ] GC(42)     Total                          Min: 0, Avg:  0.0, Max: 0, Diff: 0, Sum: 0, Workers: 4
[711.903s][debug][gc,phases      ] GC(42)   StringDedup Requests0 Weak     Min:  0.0, Avg:  0.0, Max:  0.0, Diff:  0.0, Sum:  0.0, Workers: 4
[711.903s][debug][gc,phases      ] GC(42)     Dead                           Min: 0, Avg:  0.0, Max: 0, Diff: 0, Sum: 0, Workers: 4
[711.903s][debug][gc,phases      ] GC(42)     Total                          Min: 0, Avg:  0.0, Max: 0, Diff: 0, Sum: 0, Workers: 4
[711.903s][debug][gc,phases      ] GC(42)   StringDedup Requests1 Weak     Min:  0.0, Avg:  0.0, Max:  0.0, Diff:  0.0, Sum:  0.0, Workers: 4
[711.903s][debug][gc,phases      ] GC(42)     Dead                           Min: 0, Avg:  0.0, Max: 0, Diff: 0, Sum: 0, Workers: 4
[711.903s][debug][gc,phases      ] GC(42)     Total                          Min: 0, Avg:  0.0, Max: 0, Diff: 0, Sum: 0, Workers: 4
[711.903s][debug][gc,phases      ] GC(42)   Weak JFR Old Object Samples    Min:  0.0, Avg:  0.0, Max:  0.0, Diff:  0.0, Sum:  0.0, Workers: 4
[711.903s][debug][gc,phases      ] GC(42)     Dead                           Min: 0, Avg:  0.0, Max: 0, Diff: 0, Sum: 0, Workers: 4
[711.903s][debug][gc,phases      ] GC(42)     Total                          Min: 0, Avg:  0.0, Max: 0, Diff: 0, Sum: 0, Workers: 4
[711.903s][debug][gc,phases      ] GC(42) Weak Processing 0.331ms
[711.903s][debug][gc,age         ] GC(42) Desired survivor size 177733632 bytes, new threshold 15 (max threshold 15)
[711.903s][info ][gc,heap        ] GC(42) PSYoungGen: 1719904K(1913344K)->128K(1903616K) Eden: 1719808K(1719808K)->0K(1719808K) From: 96K(193536K)->128K(183808K)
[711.903s][info ][gc,heap        ] GC(42) ParOldGen: 292494K(386048K)->292494K(386048K)
[711.903s][info ][gc,metaspace   ] GC(42) Metaspace: 83927K(84800K)->83927K(84800K) NonClass: 71420K(71872K)->71420K(71872K) Class: 12506K(12928K)->12506K(12928K)
[711.903s][info ][gc             ] GC(42) Pause Young (Allocation Failure) 1965M->285M(2236M) 0.965ms
[711.903s][info ][gc,cpu         ] GC(42) User=0.00s Sys=0.00s Real=0.00s
[711.903s][info ][safepoint      ] Safepoint "ParallelGCFailedAllocation", Time since last: 27798948750 ns, Reaching safepoint: 3800 ns, Cleanup: 3500 ns, At safepoint: 1015003 ns, Total: 1022303 ns
[739.654s][info ][gc,start       ] GC(43) Pause Young (Allocation Failure)
[739.654s][debug][gc,phases      ] GC(43) Scavenge 0.496ms
[739.654s][debug][gc,ref         ] GC(43) Skipped phase 1 of Reference Processing: no references
[739.654s][debug][gc,ref         ] GC(43) Skipped phase 2 of Reference Processing: no references
[739.654s][debug][gc,ref         ] GC(43) Skipped phase 3 of Reference Processing: no references
[739.654s][debug][gc,ref         ] GC(43) Skipped phase 4 of Reference Processing: no references
[739.654s][debug][gc,phases      ] GC(43) Reference Processing 0.018ms
[739.654s][debug][gc,phases      ] GC(43)   VM Weak                        Min:  0.0, Avg:  0.0, Max:  0.0, Diff:  0.0, Sum:  0.0, Workers: 4
[739.654s][debug][gc,phases      ] GC(43)     Dead                           Min: 0, Avg:  0.0, Max: 0, Diff: 0, Sum: 0, Workers: 4
[739.654s][debug][gc,phases      ] GC(43)     Total                          Min: 0, Avg: 184.8, Max: 419, Diff: 419, Sum: 739, Workers: 4
[739.654s][debug][gc,phases      ] GC(43)   ObjectSynchronizer Weak        Min:  0.0, Avg:  0.0, Max:  0.0, Diff:  0.0, Sum:  0.0, Workers: 4
[739.654s][debug][gc,phases      ] GC(43)     Dead                           Min: 0, Avg:  0.0, Max: 0, Diff: 0, Sum: 0, Workers: 4
[739.654s][debug][gc,phases      ] GC(43)     Total                          Min: 0, Avg:  1.0, Max: 4, Diff: 4, Sum: 4, Workers: 4
[739.654s][debug][gc,phases      ] GC(43)   JVMTI Tag Weak OopStorage      Min:  0.0, Avg:  0.0, Max:  0.0, Diff:  0.0, Sum:  0.0, Workers: 4
[739.654s][debug][gc,phases      ] GC(43)     Dead                           Min: 0, Avg:  0.0, Max: 0, Diff: 0, Sum: 0, Workers: 4
[739.654s][debug][gc,phases      ] GC(43)     Total                          Min: 0, Avg:  0.0, Max: 0, Diff: 0, Sum: 0, Workers: 4
[739.654s][debug][gc,phases      ] GC(43)   StringTable Weak               Min:  0.1, Avg:  0.1, Max:  0.1, Diff:  0.0, Sum:  0.4, Workers: 4
[739.654s][debug][gc,phases      ] GC(43)     Dead                           Min: 0, Avg:  0.0, Max: 0, Diff: 0, Sum: 0, Workers: 4
[739.654s][debug][gc,phases      ] GC(43)     Total                          Min: 10397, Avg: 10951.2, Max: 11520, Diff: 1123, Sum: 43805, Workers: 4
[739.654s][debug][gc,phases      ] GC(43)   ResolvedMethodTable Weak       Min:  0.0, Avg:  0.0, Max:  0.0, Diff:  0.0, Sum:  0.1, Workers: 4
[739.654s][debug][gc,phases      ] GC(43)     Dead                           Min: 0, Avg:  0.0, Max: 0, Diff: 0, Sum: 0, Workers: 4
[739.654s][debug][gc,phases      ] GC(43)     Total                          Min: 2368, Avg: 2603.8, Max: 2880, Diff: 512, Sum: 10415, Workers: 4
[739.654s][debug][gc,phases      ] GC(43)   JNI Weak                       Min:  0.0, Avg:  0.0, Max:  0.0, Diff:  0.0, Sum:  0.0, Workers: 4
[739.654s][debug][gc,phases      ] GC(43)     Dead                           Min: 0, Avg:  0.0, Max: 0, Diff: 0, Sum: 0, Workers: 4
[739.654s][debug][gc,phases      ] GC(43)     Total                          Min: 0, Avg: 11.2, Max: 45, Diff: 45, Sum: 45, Workers: 4
[739.654s][debug][gc,phases      ] GC(43)   StringDedup Table Weak         Min:  0.0, Avg:  0.0, Max:  0.0, Diff:  0.0, Sum:  0.0, Workers: 4
[739.654s][debug][gc,phases      ] GC(43)     Dead                           Min: 0, Avg:  0.0, Max: 0, Diff: 0, Sum: 0, Workers: 4
[739.654s][debug][gc,phases      ] GC(43)     Total                          Min: 0, Avg:  0.0, Max: 0, Diff: 0, Sum: 0, Workers: 4
[739.654s][debug][gc,phases      ] GC(43)   StringDedup Requests0 Weak     Min:  0.0, Avg:  0.0, Max:  0.0, Diff:  0.0, Sum:  0.0, Workers: 4
[739.654s][debug][gc,phases      ] GC(43)     Dead                           Min: 0, Avg:  0.0, Max: 0, Diff: 0, Sum: 0, Workers: 4
[739.654s][debug][gc,phases      ] GC(43)     Total                          Min: 0, Avg:  0.0, Max: 0, Diff: 0, Sum: 0, Workers: 4
[739.654s][debug][gc,phases      ] GC(43)   StringDedup Requests1 Weak     Min:  0.0, Avg:  0.0, Max:  0.0, Diff:  0.0, Sum:  0.0, Workers: 4
[739.654s][debug][gc,phases      ] GC(43)     Dead                           Min: 0, Avg:  0.0, Max: 0, Diff: 0, Sum: 0, Workers: 4
[739.654s][debug][gc,phases      ] GC(43)     Total                          Min: 0, Avg:  0.0, Max: 0, Diff: 0, Sum: 0, Workers: 4
[739.654s][debug][gc,phases      ] GC(43)   Weak JFR Old Object Samples    Min:  0.0, Avg:  0.0, Max:  0.0, Diff:  0.0, Sum:  0.0, Workers: 4
[739.654s][debug][gc,phases      ] GC(43)     Dead                           Min: 0, Avg:  0.0, Max: 0, Diff: 0, Sum: 0, Workers: 4
[739.654s][debug][gc,phases      ] GC(43)     Total                          Min: 0, Avg:  0.0, Max: 0, Diff: 0, Sum: 0, Workers: 4
[739.654s][debug][gc,phases      ] GC(43) Weak Processing 0.282ms
[739.654s][debug][gc,age         ] GC(43) Desired survivor size 167772160 bytes, new threshold 15 (max threshold 15)
[739.654s][info ][gc,heap        ] GC(43) PSYoungGen: 1719936K(1903616K)->96K(1933312K) Eden: 1719808K(1719808K)->0K(1759744K) From: 128K(183808K)->96K(173568K)
[739.654s][info ][gc,heap        ] GC(43) ParOldGen: 292494K(386048K)->292494K(386048K)
[739.654s][info ][gc,metaspace   ] GC(43) Metaspace: 83927K(84800K)->83927K(84800K) NonClass: 71420K(71872K)->71420K(71872K) Class: 12506K(12928K)->12506K(12928K)
[739.654s][info ][gc             ] GC(43) Pause Young (Allocation Failure) 1965M->285M(2265M) 0.869ms
[739.654s][info ][gc,cpu         ] GC(43) User=0.01s Sys=0.00s Real=0.00s
[739.654s][info ][safepoint      ] Safepoint "ParallelGCFailedAllocation", Time since last: 27750558707 ns, Reaching safepoint: 3700 ns, Cleanup: 3300 ns, At safepoint: 933504 ns, Total: 940504 ns
[768.102s][info ][gc,start       ] GC(44) Pause Young (Allocation Failure)
[768.103s][debug][gc,phases      ] GC(44) Scavenge 0.558ms
[768.103s][debug][gc,ref         ] GC(44) Skipped phase 1 of Reference Processing: no references
[768.103s][debug][gc,ref         ] GC(44) Skipped phase 2 of Reference Processing: no references
[768.103s][debug][gc,ref         ] GC(44) Skipped phase 3 of Reference Processing: no references
[768.103s][debug][gc,ref         ] GC(44) Skipped phase 4 of Reference Processing: no references
[768.103s][debug][gc,phases      ] GC(44) Reference Processing 0.020ms
[768.103s][debug][gc,phases      ] GC(44)   VM Weak                        Min:  0.0, Avg:  0.0, Max:  0.0, Diff:  0.0, Sum:  0.0, Workers: 4
[768.103s][debug][gc,phases      ] GC(44)     Dead                           Min: 0, Avg:  0.0, Max: 0, Diff: 0, Sum: 0, Workers: 4
[768.103s][debug][gc,phases      ] GC(44)     Total                          Min: 0, Avg: 184.8, Max: 640, Diff: 640, Sum: 739, Workers: 4
[768.103s][debug][gc,phases      ] GC(44)   ObjectSynchronizer Weak        Min:  0.0, Avg:  0.0, Max:  0.0, Diff:  0.0, Sum:  0.0, Workers: 4
[768.103s][debug][gc,phases      ] GC(44)     Dead                           Min: 0, Avg:  0.0, Max: 0, Diff: 0, Sum: 0, Workers: 4
[768.103s][debug][gc,phases      ] GC(44)     Total                          Min: 0, Avg:  1.0, Max: 4, Diff: 4, Sum: 4, Workers: 4
[768.103s][debug][gc,phases      ] GC(44)   JVMTI Tag Weak OopStorage      Min:  0.0, Avg:  0.0, Max:  0.0, Diff:  0.0, Sum:  0.0, Workers: 4
[768.103s][debug][gc,phases      ] GC(44)     Dead                           Min: 0, Avg:  0.0, Max: 0, Diff: 0, Sum: 0, Workers: 4
[768.103s][debug][gc,phases      ] GC(44)     Total                          Min: 0, Avg:  0.0, Max: 0, Diff: 0, Sum: 0, Workers: 4
[768.103s][debug][gc,phases      ] GC(44)   StringTable Weak               Min:  0.0, Avg:  0.1, Max:  0.1, Diff:  0.1, Sum:  0.4, Workers: 4
[768.103s][debug][gc,phases      ] GC(44)     Dead                           Min: 0, Avg:  0.0, Max: 0, Diff: 0, Sum: 0, Workers: 4
[768.103s][debug][gc,phases      ] GC(44)     Total                          Min: 0, Avg: 10951.2, Max: 18816, Diff: 18816, Sum: 43805, Workers: 4
[768.103s][debug][gc,phases      ] GC(44)   ResolvedMethodTable Weak       Min:  0.0, Avg:  0.0, Max:  0.0, Diff:  0.0, Sum:  0.1, Workers: 4
[768.103s][debug][gc,phases      ] GC(44)     Dead                           Min: 0, Avg:  0.0, Max: 0, Diff: 0, Sum: 0, Workers: 4
[768.103s][debug][gc,phases      ] GC(44)     Total                          Min: 0, Avg: 2603.8, Max: 4335, Diff: 4335, Sum: 10415, Workers: 4
[768.103s][debug][gc,phases      ] GC(44)   JNI Weak                       Min:  0.0, Avg:  0.0, Max:  0.0, Diff:  0.0, Sum:  0.0, Workers: 4
[768.103s][debug][gc,phases      ] GC(44)     Dead                           Min: 0, Avg:  0.0, Max: 0, Diff: 0, Sum: 0, Workers: 4
[768.103s][debug][gc,phases      ] GC(44)     Total                          Min: 0, Avg: 11.2, Max: 45, Diff: 45, Sum: 45, Workers: 4
[768.103s][debug][gc,phases      ] GC(44)   StringDedup Table Weak         Min:  0.0, Avg:  0.0, Max:  0.0, Diff:  0.0, Sum:  0.0, Workers: 4
[768.103s][debug][gc,phases      ] GC(44)     Dead                           Min: 0, Avg:  0.0, Max: 0, Diff: 0, Sum: 0, Workers: 4
[768.103s][debug][gc,phases      ] GC(44)     Total                          Min: 0, Avg:  0.0, Max: 0, Diff: 0, Sum: 0, Workers: 4
[768.103s][debug][gc,phases      ] GC(44)   StringDedup Requests0 Weak     Min:  0.0, Avg:  0.0, Max:  0.0, Diff:  0.0, Sum:  0.0, Workers: 4
[768.103s][debug][gc,phases      ] GC(44)     Dead                           Min: 0, Avg:  0.0, Max: 0, Diff: 0, Sum: 0, Workers: 4
[768.103s][debug][gc,phases      ] GC(44)     Total                          Min: 0, Avg:  0.0, Max: 0, Diff: 0, Sum: 0, Workers: 4
[768.103s][debug][gc,phases      ] GC(44)   StringDedup Requests1 Weak     Min:  0.0, Avg:  0.0, Max:  0.0, Diff:  0.0, Sum:  0.0, Workers: 4
[768.103s][debug][gc,phases      ] GC(44)     Dead                           Min: 0, Avg:  0.0, Max: 0, Diff: 0, Sum: 0, Workers: 4
[768.103s][debug][gc,phases      ] GC(44)     Total                          Min: 0, Avg:  0.0, Max: 0, Diff: 0, Sum: 0, Workers: 4
[768.103s][debug][gc,phases      ] GC(44)   Weak JFR Old Object Samples    Min:  0.0, Avg:  0.0, Max:  0.0, Diff:  0.0, Sum:  0.0, Workers: 4
[768.103s][debug][gc,phases      ] GC(44)     Dead                           Min: 0, Avg:  0.0, Max: 0, Diff: 0, Sum: 0, Workers: 4
[768.103s][debug][gc,phases      ] GC(44)     Total                          Min: 0, Avg:  0.0, Max: 0, Diff: 0, Sum: 0, Workers: 4
[768.103s][debug][gc,phases      ] GC(44) Weak Processing 0.317ms
[768.103s][debug][gc,age         ] GC(44) Desired survivor size 157810688 bytes, new threshold 15 (max threshold 15)
[768.103s][info ][gc,heap        ] GC(44) PSYoungGen: 1759840K(1933312K)->128K(1923584K) Eden: 1759744K(1759744K)->0K(1759744K) From: 96K(173568K)->128K(163840K)
[768.103s][info ][gc,heap        ] GC(44) ParOldGen: 292494K(386048K)->292494K(386048K)
[768.103s][info ][gc,metaspace   ] GC(44) Metaspace: 83927K(84800K)->83927K(84800K) NonClass: 71420K(71872K)->71420K(71872K) Class: 12506K(12928K)->12506K(12928K)
[768.103s][info ][gc             ] GC(44) Pause Young (Allocation Failure) 2004M->285M(2255M) 0.971ms
[768.103s][info ][gc,cpu         ] GC(44) User=0.01s Sys=0.00s Real=0.00s
[768.103s][info ][safepoint      ] Safepoint "ParallelGCFailedAllocation", Time since last: 28447296325 ns, Reaching safepoint: 70901 ns, Cleanup: 3300 ns, At safepoint: 1046605 ns, Total: 1120806 ns
[796.503s][info ][gc,start       ] GC(45) Pause Young (Allocation Failure)
[796.504s][debug][gc,phases      ] GC(45) Scavenge 0.757ms
[796.504s][debug][gc,ref         ] GC(45) Skipped phase 1 of Reference Processing: no references
[796.504s][debug][gc,ref         ] GC(45) Skipped phase 2 of Reference Processing: no references
[796.504s][debug][gc,ref         ] GC(45) Skipped phase 3 of Reference Processing: no references
[796.504s][debug][gc,ref         ] GC(45) Skipped phase 4 of Reference Processing: no references
[796.504s][debug][gc,phases      ] GC(45) Reference Processing 0.018ms
[796.504s][debug][gc,phases      ] GC(45)   VM Weak                        Min:  0.0, Avg:  0.0, Max:  0.0, Diff:  0.0, Sum:  0.0, Workers: 4
[796.504s][debug][gc,phases      ] GC(45)     Dead                           Min: 0, Avg:  0.0, Max: 0, Diff: 0, Sum: 0, Workers: 4
[796.504s][debug][gc,phases      ] GC(45)     Total                          Min: 0, Avg: 184.8, Max: 576, Diff: 576, Sum: 739, Workers: 4
[796.504s][debug][gc,phases      ] GC(45)   ObjectSynchronizer Weak        Min:  0.0, Avg:  0.0, Max:  0.0, Diff:  0.0, Sum:  0.0, Workers: 4
[796.504s][debug][gc,phases      ] GC(45)     Dead                           Min: 0, Avg:  0.0, Max: 0, Diff: 0, Sum: 0, Workers: 4
[796.504s][debug][gc,phases      ] GC(45)     Total                          Min: 0, Avg:  1.0, Max: 4, Diff: 4, Sum: 4, Workers: 4
[796.504s][debug][gc,phases      ] GC(45)   JVMTI Tag Weak OopStorage      Min:  0.0, Avg:  0.0, Max:  0.0, Diff:  0.0, Sum:  0.0, Workers: 4
[796.504s][debug][gc,phases      ] GC(45)     Dead                           Min: 0, Avg:  0.0, Max: 0, Diff: 0, Sum: 0, Workers: 4
[796.504s][debug][gc,phases      ] GC(45)     Total                          Min: 0, Avg:  0.0, Max: 0, Diff: 0, Sum: 0, Workers: 4
[796.504s][debug][gc,phases      ] GC(45)   StringTable Weak               Min:  0.0, Avg:  0.1, Max:  0.1, Diff:  0.1, Sum:  0.3, Workers: 4
[796.504s][debug][gc,phases      ] GC(45)     Dead                           Min: 0, Avg:  0.0, Max: 0, Diff: 0, Sum: 0, Workers: 4
[796.504s][debug][gc,phases      ] GC(45)     Total                          Min: 0, Avg: 10951.2, Max: 18909, Diff: 18909, Sum: 43805, Workers: 4
[796.504s][debug][gc,phases      ] GC(45)   ResolvedMethodTable Weak       Min:  0.0, Avg:  0.0, Max:  0.0, Diff:  0.0, Sum:  0.1, Workers: 4
[796.504s][debug][gc,phases      ] GC(45)     Dead                           Min: 0, Avg:  0.0, Max: 0, Diff: 0, Sum: 0, Workers: 4
[796.504s][debug][gc,phases      ] GC(45)     Total                          Min: 0, Avg: 2603.8, Max: 4416, Diff: 4416, Sum: 10415, Workers: 4
[796.504s][debug][gc,phases      ] GC(45)   JNI Weak                       Min:  0.0, Avg:  0.0, Max:  0.0, Diff:  0.0, Sum:  0.0, Workers: 4
[796.504s][debug][gc,phases      ] GC(45)     Dead                           Min: 0, Avg:  0.0, Max: 0, Diff: 0, Sum: 0, Workers: 4
[796.504s][debug][gc,phases      ] GC(45)     Total                          Min: 0, Avg: 11.2, Max: 45, Diff: 45, Sum: 45, Workers: 4
[796.504s][debug][gc,phases      ] GC(45)   StringDedup Table Weak         Min:  0.0, Avg:  0.0, Max:  0.0, Diff:  0.0, Sum:  0.0, Workers: 4
[796.504s][debug][gc,phases      ] GC(45)     Dead                           Min: 0, Avg:  0.0, Max: 0, Diff: 0, Sum: 0, Workers: 4
[796.504s][debug][gc,phases      ] GC(45)     Total                          Min: 0, Avg:  0.0, Max: 0, Diff: 0, Sum: 0, Workers: 4
[796.504s][debug][gc,phases      ] GC(45)   StringDedup Requests0 Weak     Min:  0.0, Avg:  0.0, Max:  0.0, Diff:  0.0, Sum:  0.0, Workers: 4
[796.504s][debug][gc,phases      ] GC(45)     Dead                           Min: 0, Avg:  0.0, Max: 0, Diff: 0, Sum: 0, Workers: 4
[796.504s][debug][gc,phases      ] GC(45)     Total                          Min: 0, Avg:  0.0, Max: 0, Diff: 0, Sum: 0, Workers: 4
[796.504s][debug][gc,phases      ] GC(45)   StringDedup Requests1 Weak     Min:  0.0, Avg:  0.0, Max:  0.0, Diff:  0.0, Sum:  0.0, Workers: 4
[796.504s][debug][gc,phases      ] GC(45)     Dead                           Min: 0, Avg:  0.0, Max: 0, Diff: 0, Sum: 0, Workers: 4
[796.504s][debug][gc,phases      ] GC(45)     Total                          Min: 0, Avg:  0.0, Max: 0, Diff: 0, Sum: 0, Workers: 4
[796.504s][debug][gc,phases      ] GC(45)   Weak JFR Old Object Samples    Min:  0.0, Avg:  0.0, Max:  0.0, Diff:  0.0, Sum:  0.0, Workers: 4
[796.504s][debug][gc,phases      ] GC(45)     Dead                           Min: 0, Avg:  0.0, Max: 0, Diff: 0, Sum: 0, Workers: 4
[796.504s][debug][gc,phases      ] GC(45)     Total                          Min: 0, Avg:  0.0, Max: 0, Diff: 0, Sum: 0, Workers: 4
[796.504s][debug][gc,phases      ] GC(45) Weak Processing 0.298ms
[796.504s][debug][gc,age         ] GC(45) Desired survivor size 148373504 bytes, new threshold 15 (max threshold 15)
[796.504s][info ][gc,heap        ] GC(45) PSYoungGen: 1759872K(1923584K)->128K(1952256K) Eden: 1759744K(1759744K)->0K(1798144K) From: 128K(163840K)->128K(154112K)
[796.504s][info ][gc,heap        ] GC(45) ParOldGen: 292494K(386048K)->292494K(386048K)
[796.504s][info ][gc,metaspace   ] GC(45) Metaspace: 83928K(84800K)->83928K(84800K) NonClass: 71422K(71872K)->71422K(71872K) Class: 12506K(12928K)->12506K(12928K)
[796.504s][info ][gc             ] GC(45) Pause Young (Allocation Failure) 2004M->285M(2283M) 1.149ms
[796.504s][info ][gc,cpu         ] GC(45) User=0.00s Sys=0.00s Real=0.00s
[796.504s][info ][safepoint      ] Safepoint "ParallelGCFailedAllocation", Time since last: 28400149808 ns, Reaching safepoint: 4100 ns, Cleanup: 2900 ns, At safepoint: 1195006 ns, Total: 1202006 ns
[825.553s][info ][gc,start       ] GC(46) Pause Young (Allocation Failure)
[825.554s][debug][gc,phases      ] GC(46) Scavenge 0.589ms
[825.554s][debug][gc,ref         ] GC(46) Skipped phase 1 of Reference Processing: no references
[825.554s][debug][gc,ref         ] GC(46) Skipped phase 2 of Reference Processing: no references
[825.554s][debug][gc,ref         ] GC(46) Skipped phase 3 of Reference Processing: no references
[825.554s][debug][gc,ref         ] GC(46) Skipped phase 4 of Reference Processing: no references
[825.554s][debug][gc,phases      ] GC(46) Reference Processing 0.031ms
[825.554s][debug][gc,phases      ] GC(46)   VM Weak                        Min:  0.0, Avg:  0.0, Max:  0.0, Diff:  0.0, Sum:  0.0, Workers: 4
[825.554s][debug][gc,phases      ] GC(46)     Dead                           Min: 0, Avg:  0.0, Max: 0, Diff: 0, Sum: 0, Workers: 4
[825.554s][debug][gc,phases      ] GC(46)     Total                          Min: 0, Avg: 184.8, Max: 739, Diff: 739, Sum: 739, Workers: 4
[825.554s][debug][gc,phases      ] GC(46)   ObjectSynchronizer Weak        Min:  0.0, Avg:  0.0, Max:  0.0, Diff:  0.0, Sum:  0.0, Workers: 4
[825.554s][debug][gc,phases      ] GC(46)     Dead                           Min: 0, Avg:  0.0, Max: 0, Diff: 0, Sum: 0, Workers: 4
[825.554s][debug][gc,phases      ] GC(46)     Total                          Min: 0, Avg:  1.0, Max: 4, Diff: 4, Sum: 4, Workers: 4
[825.554s][debug][gc,phases      ] GC(46)   JVMTI Tag Weak OopStorage      Min:  0.0, Avg:  0.0, Max:  0.0, Diff:  0.0, Sum:  0.0, Workers: 4
[825.554s][debug][gc,phases      ] GC(46)     Dead                           Min: 0, Avg:  0.0, Max: 0, Diff: 0, Sum: 0, Workers: 4
[825.554s][debug][gc,phases      ] GC(46)     Total                          Min: 0, Avg:  0.0, Max: 0, Diff: 0, Sum: 0, Workers: 4
[825.554s][debug][gc,phases      ] GC(46)   StringTable Weak               Min:  0.0, Avg:  0.1, Max:  0.1, Diff:  0.1, Sum:  0.4, Workers: 4
[825.554s][debug][gc,phases      ] GC(46)     Dead                           Min: 0, Avg:  0.0, Max: 0, Diff: 0, Sum: 0, Workers: 4
[825.554s][debug][gc,phases      ] GC(46)     Total                          Min: 0, Avg: 10951.2, Max: 22557, Diff: 22557, Sum: 43805, Workers: 4
[825.554s][debug][gc,phases      ] GC(46)   ResolvedMethodTable Weak       Min:  0.0, Avg:  0.0, Max:  0.0, Diff:  0.0, Sum:  0.1, Workers: 4
[825.554s][debug][gc,phases      ] GC(46)     Dead                           Min: 0, Avg:  0.0, Max: 0, Diff: 0, Sum: 0, Workers: 4
[825.554s][debug][gc,phases      ] GC(46)     Total                          Min: 0, Avg: 2603.8, Max: 4783, Diff: 4783, Sum: 10415, Workers: 4
[825.554s][debug][gc,phases      ] GC(46)   JNI Weak                       Min:  0.0, Avg:  0.0, Max:  0.0, Diff:  0.0, Sum:  0.0, Workers: 4
[825.554s][debug][gc,phases      ] GC(46)     Dead                           Min: 0, Avg:  0.0, Max: 0, Diff: 0, Sum: 0, Workers: 4
[825.554s][debug][gc,phases      ] GC(46)     Total                          Min: 0, Avg: 11.2, Max: 45, Diff: 45, Sum: 45, Workers: 4
[825.554s][debug][gc,phases      ] GC(46)   StringDedup Table Weak         Min:  0.0, Avg:  0.0, Max:  0.0, Diff:  0.0, Sum:  0.0, Workers: 4
[825.554s][debug][gc,phases      ] GC(46)     Dead                           Min: 0, Avg:  0.0, Max: 0, Diff: 0, Sum: 0, Workers: 4
[825.554s][debug][gc,phases      ] GC(46)     Total                          Min: 0, Avg:  0.0, Max: 0, Diff: 0, Sum: 0, Workers: 4
[825.554s][debug][gc,phases      ] GC(46)   StringDedup Requests0 Weak     Min:  0.0, Avg:  0.0, Max:  0.0, Diff:  0.0, Sum:  0.0, Workers: 4
[825.554s][debug][gc,phases      ] GC(46)     Dead                           Min: 0, Avg:  0.0, Max: 0, Diff: 0, Sum: 0, Workers: 4
[825.554s][debug][gc,phases      ] GC(46)     Total                          Min: 0, Avg:  0.0, Max: 0, Diff: 0, Sum: 0, Workers: 4
[825.554s][debug][gc,phases      ] GC(46)   StringDedup Requests1 Weak     Min:  0.0, Avg:  0.0, Max:  0.0, Diff:  0.0, Sum:  0.0, Workers: 4
[825.554s][debug][gc,phases      ] GC(46)     Dead                           Min: 0, Avg:  0.0, Max: 0, Diff: 0, Sum: 0, Workers: 4
[825.554s][debug][gc,phases      ] GC(46)     Total                          Min: 0, Avg:  0.0, Max: 0, Diff: 0, Sum: 0, Workers: 4
[825.554s][debug][gc,phases      ] GC(46)   Weak JFR Old Object Samples    Min:  0.0, Avg:  0.0, Max:  0.0, Diff:  0.0, Sum:  0.0, Workers: 4
[825.554s][debug][gc,phases      ] GC(46)     Dead                           Min: 0, Avg:  0.0, Max: 0, Diff: 0, Sum: 0, Workers: 4
[825.554s][debug][gc,phases      ] GC(46)     Total                          Min: 0, Avg:  0.0, Max: 0, Diff: 0, Sum: 0, Workers: 4
[825.554s][debug][gc,phases      ] GC(46) Weak Processing 0.343ms
[825.554s][debug][gc,age         ] GC(46) Desired survivor size 139460608 bytes, new threshold 15 (max threshold 15)
[825.555s][info ][gc,heap        ] GC(46) PSYoungGen: 1798272K(1952256K)->128K(1943040K) Eden: 1798144K(1798144K)->0K(1798144K) From: 128K(154112K)->128K(144896K)
[825.555s][info ][gc,heap        ] GC(46) ParOldGen: 292494K(386048K)->292494K(386048K)
[825.555s][info ][gc,metaspace   ] GC(46) Metaspace: 83933K(84800K)->83933K(84800K) NonClass: 71427K(71872K)->71427K(71872K) Class: 12506K(12928K)->12506K(12928K)
[825.555s][info ][gc             ] GC(46) Pause Young (Allocation Failure) 2041M->285M(2274M) 1.040ms
[825.555s][info ][gc,cpu         ] GC(46) User=0.00s Sys=0.01s Real=0.00s
[825.555s][info ][safepoint      ] Safepoint "ParallelGCFailedAllocation", Time since last: 29049160737 ns, Reaching safepoint: 3600 ns, Cleanup: 3100 ns, At safepoint: 1106505 ns, Total: 1113205 ns
[843.556s][info ][safepoint      ] Safepoint "Cleanup", Time since last: 18001223440 ns, Reaching safepoint: 3400 ns, Cleanup: 10000 ns, At safepoint: 1800 ns, Total: 15200 ns
[854.603s][info ][gc,start       ] GC(47) Pause Young (Allocation Failure)
[854.604s][debug][gc,phases      ] GC(47) Scavenge 0.643ms
[854.604s][debug][gc,ref         ] GC(47) Skipped phase 1 of Reference Processing: no references
[854.604s][debug][gc,ref         ] GC(47) Skipped phase 2 of Reference Processing: no references
[854.604s][debug][gc,ref         ] GC(47) Skipped phase 3 of Reference Processing: no references
[854.604s][debug][gc,ref         ] GC(47) Skipped phase 4 of Reference Processing: no references
[854.604s][debug][gc,phases      ] GC(47) Reference Processing 0.019ms
[854.604s][debug][gc,phases      ] GC(47)   VM Weak                        Min:  0.0, Avg:  0.0, Max:  0.0, Diff:  0.0, Sum:  0.0, Workers: 4
[854.604s][debug][gc,phases      ] GC(47)     Dead                           Min: 0, Avg:  0.0, Max: 0, Diff: 0, Sum: 0, Workers: 4
[854.604s][debug][gc,phases      ] GC(47)     Total                          Min: 0, Avg: 184.8, Max: 739, Diff: 739, Sum: 739, Workers: 4
[854.604s][debug][gc,phases      ] GC(47)   ObjectSynchronizer Weak        Min:  0.0, Avg:  0.0, Max:  0.0, Diff:  0.0, Sum:  0.0, Workers: 4
[854.604s][debug][gc,phases      ] GC(47)     Dead                           Min: 0, Avg:  0.0, Max: 0, Diff: 0, Sum: 0, Workers: 4
[854.604s][debug][gc,phases      ] GC(47)     Total                          Min: 0, Avg:  1.0, Max: 4, Diff: 4, Sum: 4, Workers: 4
[854.604s][debug][gc,phases      ] GC(47)   JVMTI Tag Weak OopStorage      Min:  0.0, Avg:  0.0, Max:  0.0, Diff:  0.0, Sum:  0.0, Workers: 4
[854.604s][debug][gc,phases      ] GC(47)     Dead                           Min: 0, Avg:  0.0, Max: 0, Diff: 0, Sum: 0, Workers: 4
[854.604s][debug][gc,phases      ] GC(47)     Total                          Min: 0, Avg:  0.0, Max: 0, Diff: 0, Sum: 0, Workers: 4
[854.604s][debug][gc,phases      ] GC(47)   StringTable Weak               Min:  0.0, Avg:  0.1, Max:  0.1, Diff:  0.1, Sum:  0.4, Workers: 4
[854.604s][debug][gc,phases      ] GC(47)     Dead                           Min: 0, Avg:  0.0, Max: 0, Diff: 0, Sum: 0, Workers: 4
[854.604s][debug][gc,phases      ] GC(47)     Total                          Min: 0, Avg: 10952.2, Max: 19520, Diff: 19520, Sum: 43809, Workers: 4
[854.604s][debug][gc,phases      ] GC(47)   ResolvedMethodTable Weak       Min:  0.0, Avg:  0.0, Max:  0.0, Diff:  0.0, Sum:  0.1, Workers: 4
[854.604s][debug][gc,phases      ] GC(47)     Dead                           Min: 0, Avg:  0.0, Max: 0, Diff: 0, Sum: 0, Workers: 4
[854.604s][debug][gc,phases      ] GC(47)     Total                          Min: 0, Avg: 2603.8, Max: 4480, Diff: 4480, Sum: 10415, Workers: 4
[854.604s][debug][gc,phases      ] GC(47)   JNI Weak                       Min:  0.0, Avg:  0.0, Max:  0.0, Diff:  0.0, Sum:  0.0, Workers: 4
[854.604s][debug][gc,phases      ] GC(47)     Dead                           Min: 0, Avg:  0.0, Max: 0, Diff: 0, Sum: 0, Workers: 4
[854.604s][debug][gc,phases      ] GC(47)     Total                          Min: 0, Avg: 11.2, Max: 45, Diff: 45, Sum: 45, Workers: 4
[854.604s][debug][gc,phases      ] GC(47)   StringDedup Table Weak         Min:  0.0, Avg:  0.0, Max:  0.0, Diff:  0.0, Sum:  0.0, Workers: 4
[854.604s][debug][gc,phases      ] GC(47)     Dead                           Min: 0, Avg:  0.0, Max: 0, Diff: 0, Sum: 0, Workers: 4
[854.604s][debug][gc,phases      ] GC(47)     Total                          Min: 0, Avg:  0.0, Max: 0, Diff: 0, Sum: 0, Workers: 4
[854.604s][debug][gc,phases      ] GC(47)   StringDedup Requests0 Weak     Min:  0.0, Avg:  0.0, Max:  0.0, Diff:  0.0, Sum:  0.0, Workers: 4
[854.604s][debug][gc,phases      ] GC(47)     Dead                           Min: 0, Avg:  0.0, Max: 0, Diff: 0, Sum: 0, Workers: 4
[854.604s][debug][gc,phases      ] GC(47)     Total                          Min: 0, Avg:  0.0, Max: 0, Diff: 0, Sum: 0, Workers: 4
[854.604s][debug][gc,phases      ] GC(47)   StringDedup Requests1 Weak     Min:  0.0, Avg:  0.0, Max:  0.0, Diff:  0.0, Sum:  0.0, Workers: 4
[854.604s][debug][gc,phases      ] GC(47)     Dead                           Min: 0, Avg:  0.0, Max: 0, Diff: 0, Sum: 0, Workers: 4
[854.604s][debug][gc,phases      ] GC(47)     Total                          Min: 0, Avg:  0.0, Max: 0, Diff: 0, Sum: 0, Workers: 4
[854.604s][debug][gc,phases      ] GC(47)   Weak JFR Old Object Samples    Min:  0.0, Avg:  0.0, Max:  0.0, Diff:  0.0, Sum:  0.0, Workers: 4
[854.604s][debug][gc,phases      ] GC(47)     Dead                           Min: 0, Avg:  0.0, Max: 0, Diff: 0, Sum: 0, Workers: 4
[854.604s][debug][gc,phases      ] GC(47)     Total                          Min: 0, Avg:  0.0, Max: 0, Diff: 0, Sum: 0, Workers: 4
[854.604s][debug][gc,phases      ] GC(47) Weak Processing 0.325ms
[854.604s][debug][gc,age         ] GC(47) Desired survivor size 130547712 bytes, new threshold 15 (max threshold 15)
[854.604s][info ][gc,heap        ] GC(47) PSYoungGen: 1798272K(1943040K)->96K(1969664K) Eden: 1798144K(1798144K)->0K(1833472K) From: 128K(144896K)->96K(136192K)
[854.604s][info ][gc,heap        ] GC(47) ParOldGen: 292494K(386048K)->292510K(386048K)
[854.604s][info ][gc,metaspace   ] GC(47) Metaspace: 83933K(84800K)->83933K(84800K) NonClass: 71427K(71872K)->71427K(71872K) Class: 12506K(12928K)->12506K(12928K)
[854.604s][info ][gc             ] GC(47) Pause Young (Allocation Failure) 2041M->285M(2300M) 1.065ms
[854.604s][info ][gc,cpu         ] GC(47) User=0.00s Sys=0.00s Real=0.00s
[854.604s][info ][safepoint      ] Safepoint "ParallelGCFailedAllocation", Time since last: 11047427794 ns, Reaching safepoint: 4000 ns, Cleanup: 3200 ns, At safepoint: 1135105 ns, Total: 1142305 ns
[876.606s][info ][safepoint      ] Safepoint "Cleanup", Time since last: 22001442248 ns, Reaching safepoint: 3500 ns, Cleanup: 12501 ns, At safepoint: 1400 ns, Total: 17401 ns
[877.606s][info ][safepoint      ] Safepoint "Cleanup", Time since last: 1000094651 ns, Reaching safepoint: 3300 ns, Cleanup: 6700 ns, At safepoint: 1600 ns, Total: 11600 ns
[884.252s][info ][gc,start       ] GC(48) Pause Young (Allocation Failure)
[884.252s][debug][gc,phases      ] GC(48) Scavenge 0.518ms
[884.252s][debug][gc,ref         ] GC(48) Skipped phase 1 of Reference Processing: no references
[884.252s][debug][gc,ref         ] GC(48) Skipped phase 2 of Reference Processing: no references
[884.252s][debug][gc,ref         ] GC(48) Skipped phase 3 of Reference Processing: no references
[884.253s][debug][gc,ref         ] GC(48) Skipped phase 4 of Reference Processing: no references
[884.253s][debug][gc,phases      ] GC(48) Reference Processing 0.031ms
[884.253s][debug][gc,phases      ] GC(48)   VM Weak                        Min:  0.0, Avg:  0.0, Max:  0.0, Diff:  0.0, Sum:  0.0, Workers: 4
[884.253s][debug][gc,phases      ] GC(48)     Dead                           Min: 0, Avg:  0.0, Max: 0, Diff: 0, Sum: 0, Workers: 4
[884.253s][debug][gc,phases      ] GC(48)     Total                          Min: 0, Avg: 184.8, Max: 675, Diff: 675, Sum: 739, Workers: 4
[884.253s][debug][gc,phases      ] GC(48)   ObjectSynchronizer Weak        Min:  0.0, Avg:  0.0, Max:  0.0, Diff:  0.0, Sum:  0.0, Workers: 4
[884.253s][debug][gc,phases      ] GC(48)     Dead                           Min: 0, Avg:  0.0, Max: 0, Diff: 0, Sum: 0, Workers: 4
[884.253s][debug][gc,phases      ] GC(48)     Total                          Min: 0, Avg:  1.0, Max: 4, Diff: 4, Sum: 4, Workers: 4
[884.253s][debug][gc,phases      ] GC(48)   JVMTI Tag Weak OopStorage      Min:  0.0, Avg:  0.0, Max:  0.0, Diff:  0.0, Sum:  0.0, Workers: 4
[884.253s][debug][gc,phases      ] GC(48)     Dead                           Min: 0, Avg:  0.0, Max: 0, Diff: 0, Sum: 0, Workers: 4
[884.253s][debug][gc,phases      ] GC(48)     Total                          Min: 0, Avg:  0.0, Max: 0, Diff: 0, Sum: 0, Workers: 4
[884.253s][debug][gc,phases      ] GC(48)   StringTable Weak               Min:  0.0, Avg:  0.1, Max:  0.1, Diff:  0.1, Sum:  0.4, Workers: 4
[884.253s][debug][gc,phases      ] GC(48)     Dead                           Min: 0, Avg:  0.0, Max: 0, Diff: 0, Sum: 0, Workers: 4
[884.253s][debug][gc,phases      ] GC(48)     Total                          Min: 0, Avg: 10952.5, Max: 18530, Diff: 18530, Sum: 43810, Workers: 4
[884.253s][debug][gc,phases      ] GC(48)   ResolvedMethodTable Weak       Min:  0.0, Avg:  0.0, Max:  0.0, Diff:  0.0, Sum:  0.1, Workers: 4
[884.253s][debug][gc,phases      ] GC(48)     Dead                           Min: 0, Avg:  0.0, Max: 0, Diff: 0, Sum: 0, Workers: 4
[884.253s][debug][gc,phases      ] GC(48)     Total                          Min: 0, Avg: 2603.8, Max: 4399, Diff: 4399, Sum: 10415, Workers: 4
[884.253s][debug][gc,phases      ] GC(48)   JNI Weak                       Min:  0.0, Avg:  0.0, Max:  0.0, Diff:  0.0, Sum:  0.0, Workers: 4
[884.253s][debug][gc,phases      ] GC(48)     Dead                           Min: 0, Avg:  0.0, Max: 0, Diff: 0, Sum: 0, Workers: 4
[884.253s][debug][gc,phases      ] GC(48)     Total                          Min: 0, Avg: 11.2, Max: 45, Diff: 45, Sum: 45, Workers: 4
[884.253s][debug][gc,phases      ] GC(48)   StringDedup Table Weak         Min:  0.0, Avg:  0.0, Max:  0.0, Diff:  0.0, Sum:  0.0, Workers: 4
[884.253s][debug][gc,phases      ] GC(48)     Dead                           Min: 0, Avg:  0.0, Max: 0, Diff: 0, Sum: 0, Workers: 4
[884.253s][debug][gc,phases      ] GC(48)     Total                          Min: 0, Avg:  0.0, Max: 0, Diff: 0, Sum: 0, Workers: 4
[884.253s][debug][gc,phases      ] GC(48)   StringDedup Requests0 Weak     Min:  0.0, Avg:  0.0, Max:  0.0, Diff:  0.0, Sum:  0.0, Workers: 4
[884.253s][debug][gc,phases      ] GC(48)     Dead                           Min: 0, Avg:  0.0, Max: 0, Diff: 0, Sum: 0, Workers: 4
[884.253s][debug][gc,phases      ] GC(48)     Total                          Min: 0, Avg:  0.0, Max: 0, Diff: 0, Sum: 0, Workers: 4
[884.253s][debug][gc,phases      ] GC(48)   StringDedup Requests1 Weak     Min:  0.0, Avg:  0.0, Max:  0.0, Diff:  0.0, Sum:  0.0, Workers: 4
[884.253s][debug][gc,phases      ] GC(48)     Dead                           Min: 0, Avg:  0.0, Max: 0, Diff: 0, Sum: 0, Workers: 4
[884.253s][debug][gc,phases      ] GC(48)     Total                          Min: 0, Avg:  0.0, Max: 0, Diff: 0, Sum: 0, Workers: 4
[884.253s][debug][gc,phases      ] GC(48)   Weak JFR Old Object Samples    Min:  0.0, Avg:  0.0, Max:  0.0, Diff:  0.0, Sum:  0.0, Workers: 4
[884.253s][debug][gc,phases      ] GC(48)     Dead                           Min: 0, Avg:  0.0, Max: 0, Diff: 0, Sum: 0, Workers: 4
[884.253s][debug][gc,phases      ] GC(48)     Total                          Min: 0, Avg:  0.0, Max: 0, Diff: 0, Sum: 0, Workers: 4
[884.253s][debug][gc,phases      ] GC(48) Weak Processing 0.299ms
[884.253s][debug][gc,age         ] GC(48) Desired survivor size 122159104 bytes, new threshold 15 (max threshold 15)
[884.253s][info ][gc,heap        ] GC(48) PSYoungGen: 1833568K(1969664K)->96K(1960960K) Eden: 1833472K(1833472K)->0K(1833472K) From: 96K(136192K)->96K(127488K)
[884.253s][info ][gc,heap        ] GC(48) ParOldGen: 292510K(386048K)->292518K(386048K)
[884.253s][info ][gc,metaspace   ] GC(48) Metaspace: 83933K(84800K)->83933K(84800K) NonClass: 71427K(71872K)->71427K(71872K) Class: 12506K(12928K)->12506K(12928K)
[884.253s][info ][gc             ] GC(48) Pause Young (Allocation Failure) 2076M->285M(2292M) 1.071ms
[884.253s][info ][gc,cpu         ] GC(48) User=0.00s Sys=0.00s Real=0.00s
[884.253s][info ][safepoint      ] Safepoint "ParallelGCFailedAllocation", Time since last: 6645825627 ns, Reaching safepoint: 3400 ns, Cleanup: 3700 ns, At safepoint: 1119904 ns, Total: 1127004 ns
[912.255s][info ][safepoint      ] Safepoint "Cleanup", Time since last: 28001962002 ns, Reaching safepoint: 3600 ns, Cleanup: 24900 ns, At safepoint: 2000 ns, Total: 30500 ns
[913.654s][info ][gc,start       ] GC(49) Pause Young (Allocation Failure)
[913.655s][debug][gc,phases      ] GC(49) Scavenge 0.917ms
[913.655s][debug][gc,ref         ] GC(49) Skipped phase 1 of Reference Processing: no references
[913.655s][debug][gc,ref         ] GC(49) Skipped phase 2 of Reference Processing: no references
[913.655s][debug][gc,ref         ] GC(49) Skipped phase 3 of Reference Processing: no references
[913.655s][debug][gc,ref         ] GC(49) Skipped phase 4 of Reference Processing: no references
[913.655s][debug][gc,phases      ] GC(49) Reference Processing 0.022ms
[913.655s][debug][gc,phases      ] GC(49)   VM Weak                        Min:  0.0, Avg:  0.0, Max:  0.0, Diff:  0.0, Sum:  0.0, Workers: 4
[913.655s][debug][gc,phases      ] GC(49)     Dead                           Min: 0, Avg:  0.0, Max: 0, Diff: 0, Sum: 0, Workers: 4
[913.655s][debug][gc,phases      ] GC(49)     Total                          Min: 0, Avg: 184.8, Max: 611, Diff: 611, Sum: 739, Workers: 4
[913.655s][debug][gc,phases      ] GC(49)   ObjectSynchronizer Weak        Min:  0.0, Avg:  0.0, Max:  0.0, Diff:  0.0, Sum:  0.0, Workers: 4
[913.655s][debug][gc,phases      ] GC(49)     Dead                           Min: 0, Avg:  0.0, Max: 0, Diff: 0, Sum: 0, Workers: 4
[913.655s][debug][gc,phases      ] GC(49)     Total                          Min: 0, Avg:  1.0, Max: 4, Diff: 4, Sum: 4, Workers: 4
[913.655s][debug][gc,phases      ] GC(49)   JVMTI Tag Weak OopStorage      Min:  0.0, Avg:  0.0, Max:  0.0, Diff:  0.0, Sum:  0.0, Workers: 4
[913.655s][debug][gc,phases      ] GC(49)     Dead                           Min: 0, Avg:  0.0, Max: 0, Diff: 0, Sum: 0, Workers: 4
[913.655s][debug][gc,phases      ] GC(49)     Total                          Min: 0, Avg:  0.0, Max: 0, Diff: 0, Sum: 0, Workers: 4
[913.655s][debug][gc,phases      ] GC(49)   StringTable Weak               Min:  0.1, Avg:  0.1, Max:  0.1, Diff:  0.0, Sum:  0.4, Workers: 4
[913.655s][debug][gc,phases      ] GC(49)     Dead                           Min: 0, Avg:  0.0, Max: 0, Diff: 0, Sum: 0, Workers: 4
[913.655s][debug][gc,phases      ] GC(49)     Total                          Min: 10496, Avg: 10952.5, Max: 11426, Diff: 930, Sum: 43810, Workers: 4
[913.655s][debug][gc,phases      ] GC(49)   ResolvedMethodTable Weak       Min:  0.0, Avg:  0.0, Max:  0.0, Diff:  0.0, Sum:  0.1, Workers: 4
[913.655s][debug][gc,phases      ] GC(49)     Dead                           Min: 0, Avg:  0.0, Max: 0, Diff: 0, Sum: 0, Workers: 4
[913.655s][debug][gc,phases      ] GC(49)     Total                          Min: 2432, Avg: 2603.8, Max: 2816, Diff: 384, Sum: 10415, Workers: 4
[913.655s][debug][gc,phases      ] GC(49)   JNI Weak                       Min:  0.0, Avg:  0.0, Max:  0.0, Diff:  0.0, Sum:  0.0, Workers: 4
[913.655s][debug][gc,phases      ] GC(49)     Dead                           Min: 0, Avg:  0.0, Max: 0, Diff: 0, Sum: 0, Workers: 4
[913.655s][debug][gc,phases      ] GC(49)     Total                          Min: 0, Avg: 11.2, Max: 45, Diff: 45, Sum: 45, Workers: 4
[913.655s][debug][gc,phases      ] GC(49)   StringDedup Table Weak         Min:  0.0, Avg:  0.0, Max:  0.0, Diff:  0.0, Sum:  0.0, Workers: 4
[913.655s][debug][gc,phases      ] GC(49)     Dead                           Min: 0, Avg:  0.0, Max: 0, Diff: 0, Sum: 0, Workers: 4
[913.655s][debug][gc,phases      ] GC(49)     Total                          Min: 0, Avg:  0.0, Max: 0, Diff: 0, Sum: 0, Workers: 4
[913.655s][debug][gc,phases      ] GC(49)   StringDedup Requests0 Weak     Min:  0.0, Avg:  0.0, Max:  0.0, Diff:  0.0, Sum:  0.0, Workers: 4
[913.655s][debug][gc,phases      ] GC(49)     Dead                           Min: 0, Avg:  0.0, Max: 0, Diff: 0, Sum: 0, Workers: 4
[913.655s][debug][gc,phases      ] GC(49)     Total                          Min: 0, Avg:  0.0, Max: 0, Diff: 0, Sum: 0, Workers: 4
[913.655s][debug][gc,phases      ] GC(49)   StringDedup Requests1 Weak     Min:  0.0, Avg:  0.0, Max:  0.0, Diff:  0.0, Sum:  0.0, Workers: 4
[913.655s][debug][gc,phases      ] GC(49)     Dead                           Min: 0, Avg:  0.0, Max: 0, Diff: 0, Sum: 0, Workers: 4
[913.655s][debug][gc,phases      ] GC(49)     Total                          Min: 0, Avg:  0.0, Max: 0, Diff: 0, Sum: 0, Workers: 4
[913.655s][debug][gc,phases      ] GC(49)   Weak JFR Old Object Samples    Min:  0.0, Avg:  0.0, Max:  0.0, Diff:  0.0, Sum:  0.0, Workers: 4
[913.655s][debug][gc,phases      ] GC(49)     Dead                           Min: 0, Avg:  0.0, Max: 0, Diff: 0, Sum: 0, Workers: 4
[913.655s][debug][gc,phases      ] GC(49)     Total                          Min: 0, Avg:  0.0, Max: 0, Diff: 0, Sum: 0, Workers: 4
[913.655s][debug][gc,phases      ] GC(49) Weak Processing 0.308ms
[913.655s][debug][gc,age         ] GC(49) Desired survivor size 113770496 bytes, new threshold 15 (max threshold 15)
[913.655s][info ][gc,heap        ] GC(49) PSYoungGen: 1833568K(1960960K)->128K(1986048K) Eden: 1833472K(1833472K)->0K(1866752K) From: 96K(127488K)->128K(119296K)
[913.655s][info ][gc,heap        ] GC(49) ParOldGen: 292518K(386048K)->292526K(386048K)
[913.655s][info ][gc,metaspace   ] GC(49) Metaspace: 83955K(84864K)->83955K(84864K) NonClass: 71449K(71936K)->71449K(71936K) Class: 12506K(12928K)->12506K(12928K)
[913.655s][info ][gc             ] GC(49) Pause Young (Allocation Failure) 2076M->285M(2316M) 1.333ms
[913.655s][info ][gc,cpu         ] GC(49) User=0.00s Sys=0.00s Real=0.00s
[913.655s][info ][safepoint      ] Safepoint "ParallelGCFailedAllocation", Time since last: 1399071481 ns, Reaching safepoint: 3600 ns, Cleanup: 3200 ns, At safepoint: 1383803 ns, Total: 1390603 ns
[943.852s][info ][gc,start       ] GC(50) Pause Young (Allocation Failure)
[943.853s][debug][gc,phases      ] GC(50) Scavenge 0.794ms
[943.853s][debug][gc,ref         ] GC(50) Skipped phase 1 of Reference Processing: no references
[943.853s][debug][gc,ref         ] GC(50) Skipped phase 2 of Reference Processing: no references
[943.853s][debug][gc,ref         ] GC(50) Skipped phase 3 of Reference Processing: no references
[943.853s][debug][gc,ref         ] GC(50) Skipped phase 4 of Reference Processing: no references
[943.853s][debug][gc,phases      ] GC(50) Reference Processing 0.020ms
[943.853s][debug][gc,phases      ] GC(50)   VM Weak                        Min:  0.0, Avg:  0.0, Max:  0.0, Diff:  0.0, Sum:  0.0, Workers: 4
[943.853s][debug][gc,phases      ] GC(50)     Dead                           Min: 0, Avg:  0.0, Max: 0, Diff: 0, Sum: 0, Workers: 4
[943.853s][debug][gc,phases      ] GC(50)     Total                          Min: 0, Avg: 184.8, Max: 512, Diff: 512, Sum: 739, Workers: 4
[943.853s][debug][gc,phases      ] GC(50)   ObjectSynchronizer Weak        Min:  0.0, Avg:  0.0, Max:  0.0, Diff:  0.0, Sum:  0.0, Workers: 4
[943.853s][debug][gc,phases      ] GC(50)     Dead                           Min: 0, Avg:  0.0, Max: 0, Diff: 0, Sum: 0, Workers: 4
[943.853s][debug][gc,phases      ] GC(50)     Total                          Min: 0, Avg:  1.0, Max: 4, Diff: 4, Sum: 4, Workers: 4
[943.853s][debug][gc,phases      ] GC(50)   JVMTI Tag Weak OopStorage      Min:  0.0, Avg:  0.0, Max:  0.0, Diff:  0.0, Sum:  0.0, Workers: 4
[943.853s][debug][gc,phases      ] GC(50)     Dead                           Min: 0, Avg:  0.0, Max: 0, Diff: 0, Sum: 0, Workers: 4
[943.853s][debug][gc,phases      ] GC(50)     Total                          Min: 0, Avg:  0.0, Max: 0, Diff: 0, Sum: 0, Workers: 4
[943.853s][debug][gc,phases      ] GC(50)   StringTable Weak               Min:  0.0, Avg:  0.1, Max:  0.1, Diff:  0.1, Sum:  0.4, Workers: 4
[943.853s][debug][gc,phases      ] GC(50)     Dead                           Min: 0, Avg:  0.0, Max: 0, Diff: 0, Sum: 0, Workers: 4
[943.853s][debug][gc,phases      ] GC(50)     Total                          Min: 0, Avg: 10952.5, Max: 19490, Diff: 19490, Sum: 43810, Workers: 4
[943.853s][debug][gc,phases      ] GC(50)   ResolvedMethodTable Weak       Min:  0.0, Avg:  0.0, Max:  0.0, Diff:  0.0, Sum:  0.1, Workers: 4
[943.853s][debug][gc,phases      ] GC(50)     Dead                           Min: 0, Avg:  0.0, Max: 0, Diff: 0, Sum: 0, Workers: 4
[943.853s][debug][gc,phases      ] GC(50)     Total                          Min: 0, Avg: 2603.8, Max: 4527, Diff: 4527, Sum: 10415, Workers: 4
[943.853s][debug][gc,phases      ] GC(50)   JNI Weak                       Min:  0.0, Avg:  0.0, Max:  0.0, Diff:  0.0, Sum:  0.0, Workers: 4
[943.853s][debug][gc,phases      ] GC(50)     Dead                           Min: 0, Avg:  0.0, Max: 0, Diff: 0, Sum: 0, Workers: 4
[943.853s][debug][gc,phases      ] GC(50)     Total                          Min: 0, Avg: 11.2, Max: 45, Diff: 45, Sum: 45, Workers: 4
[943.853s][debug][gc,phases      ] GC(50)   StringDedup Table Weak         Min:  0.0, Avg:  0.0, Max:  0.0, Diff:  0.0, Sum:  0.0, Workers: 4
[943.853s][debug][gc,phases      ] GC(50)     Dead                           Min: 0, Avg:  0.0, Max: 0, Diff: 0, Sum: 0, Workers: 4
[943.853s][debug][gc,phases      ] GC(50)     Total                          Min: 0, Avg:  0.0, Max: 0, Diff: 0, Sum: 0, Workers: 4
[943.853s][debug][gc,phases      ] GC(50)   StringDedup Requests0 Weak     Min:  0.0, Avg:  0.0, Max:  0.0, Diff:  0.0, Sum:  0.0, Workers: 4
[943.853s][debug][gc,phases      ] GC(50)     Dead                           Min: 0, Avg:  0.0, Max: 0, Diff: 0, Sum: 0, Workers: 4
[943.853s][debug][gc,phases      ] GC(50)     Total                          Min: 0, Avg:  0.0, Max: 0, Diff: 0, Sum: 0, Workers: 4
[943.853s][debug][gc,phases      ] GC(50)   StringDedup Requests1 Weak     Min:  0.0, Avg:  0.0, Max:  0.0, Diff:  0.0, Sum:  0.0, Workers: 4
[943.853s][debug][gc,phases      ] GC(50)     Dead                           Min: 0, Avg:  0.0, Max: 0, Diff: 0, Sum: 0, Workers: 4
[943.853s][debug][gc,phases      ] GC(50)     Total                          Min: 0, Avg:  0.0, Max: 0, Diff: 0, Sum: 0, Workers: 4
[943.853s][debug][gc,phases      ] GC(50)   Weak JFR Old Object Samples    Min:  0.0, Avg:  0.0, Max:  0.0, Diff:  0.0, Sum:  0.0, Workers: 4
[943.853s][debug][gc,phases      ] GC(50)     Dead                           Min: 0, Avg:  0.0, Max: 0, Diff: 0, Sum: 0, Workers: 4
[943.853s][debug][gc,phases      ] GC(50)     Total                          Min: 0, Avg:  0.0, Max: 0, Diff: 0, Sum: 0, Workers: 4
[943.853s][debug][gc,phases      ] GC(50) Weak Processing 0.317ms
[943.853s][debug][gc,age         ] GC(50) Desired survivor size 106430464 bytes, new threshold 15 (max threshold 15)
[943.853s][info ][gc,heap        ] GC(50) PSYoungGen: 1866880K(1986048K)->96K(1977856K) Eden: 1866752K(1866752K)->0K(1866752K) From: 128K(119296K)->96K(111104K)
[943.853s][info ][gc,heap        ] GC(50) ParOldGen: 292526K(386048K)->292534K(386048K)
[943.853s][info ][gc,metaspace   ] GC(50) Metaspace: 83956K(84864K)->83956K(84864K) NonClass: 71449K(71936K)->71449K(71936K) Class: 12506K(12928K)->12506K(12928K)
[943.853s][info ][gc             ] GC(50) Pause Young (Allocation Failure) 2108M->285M(2308M) 1.216ms
[943.853s][info ][gc,cpu         ] GC(50) User=0.00s Sys=0.00s Real=0.00s
[943.853s][info ][safepoint      ] Safepoint "ParallelGCFailedAllocation", Time since last: 30196597298 ns, Reaching safepoint: 3700 ns, Cleanup: 3700 ns, At safepoint: 1266504 ns, Total: 1273904 ns
[968.855s][info ][safepoint      ] Safepoint "Cleanup", Time since last: 25001734165 ns, Reaching safepoint: 3200 ns, Cleanup: 8800 ns, At safepoint: 1500 ns, Total: 13500 ns
[974.003s][info ][gc,start       ] GC(51) Pause Young (Allocation Failure)
[974.003s][debug][gc,phases      ] GC(51) Scavenge 0.863ms
[974.003s][debug][gc,ref         ] GC(51) Skipped phase 1 of Reference Processing: no references
[974.003s][debug][gc,ref         ] GC(51) Skipped phase 2 of Reference Processing: no references
[974.003s][debug][gc,ref         ] GC(51) Skipped phase 3 of Reference Processing: no references
[974.003s][debug][gc,ref         ] GC(51) Skipped phase 4 of Reference Processing: no references
[974.003s][debug][gc,phases      ] GC(51) Reference Processing 0.021ms
[974.004s][debug][gc,phases      ] GC(51)   VM Weak                        Min:  0.0, Avg:  0.0, Max:  0.0, Diff:  0.0, Sum:  0.0, Workers: 4
[974.004s][debug][gc,phases      ] GC(51)     Dead                           Min: 0, Avg:  0.0, Max: 0, Diff: 0, Sum: 0, Workers: 4
[974.004s][debug][gc,phases      ] GC(51)     Total                          Min: 0, Avg: 184.8, Max: 576, Diff: 576, Sum: 739, Workers: 4
[974.004s][debug][gc,phases      ] GC(51)   ObjectSynchronizer Weak        Min:  0.0, Avg:  0.0, Max:  0.0, Diff:  0.0, Sum:  0.0, Workers: 4
[974.004s][debug][gc,phases      ] GC(51)     Dead                           Min: 0, Avg:  0.0, Max: 0, Diff: 0, Sum: 0, Workers: 4
[974.004s][debug][gc,phases      ] GC(51)     Total                          Min: 0, Avg:  1.0, Max: 4, Diff: 4, Sum: 4, Workers: 4
[974.004s][debug][gc,phases      ] GC(51)   JVMTI Tag Weak OopStorage      Min:  0.0, Avg:  0.0, Max:  0.0, Diff:  0.0, Sum:  0.0, Workers: 4
[974.004s][debug][gc,phases      ] GC(51)     Dead                           Min: 0, Avg:  0.0, Max: 0, Diff: 0, Sum: 0, Workers: 4
[974.004s][debug][gc,phases      ] GC(51)     Total                          Min: 0, Avg:  0.0, Max: 0, Diff: 0, Sum: 0, Workers: 4
[974.004s][debug][gc,phases      ] GC(51)   StringTable Weak               Min:  0.0, Avg:  0.1, Max:  0.1, Diff:  0.1, Sum:  0.4, Workers: 4
[974.004s][debug][gc,phases      ] GC(51)     Dead                           Min: 0, Avg:  0.0, Max: 0, Diff: 0, Sum: 0, Workers: 4
[974.004s][debug][gc,phases      ] GC(51)     Total                          Min: 0, Avg: 10952.5, Max: 19234, Diff: 19234, Sum: 43810, Workers: 4
[974.004s][debug][gc,phases      ] GC(51)   ResolvedMethodTable Weak       Min:  0.0, Avg:  0.0, Max:  0.0, Diff:  0.0, Sum:  0.1, Workers: 4
[974.004s][debug][gc,phases      ] GC(51)     Dead                           Min: 0, Avg:  0.0, Max: 0, Diff: 0, Sum: 0, Workers: 4
[974.004s][debug][gc,phases      ] GC(51)     Total                          Min: 0, Avg: 2603.8, Max: 4288, Diff: 4288, Sum: 10415, Workers: 4
[974.004s][debug][gc,phases      ] GC(51)   JNI Weak                       Min:  0.0, Avg:  0.0, Max:  0.0, Diff:  0.0, Sum:  0.0, Workers: 4
[974.004s][debug][gc,phases      ] GC(51)     Dead                           Min: 0, Avg:  0.0, Max: 0, Diff: 0, Sum: 0, Workers: 4
[974.004s][debug][gc,phases      ] GC(51)     Total                          Min: 0, Avg: 11.2, Max: 45, Diff: 45, Sum: 45, Workers: 4
[974.004s][debug][gc,phases      ] GC(51)   StringDedup Table Weak         Min:  0.0, Avg:  0.0, Max:  0.0, Diff:  0.0, Sum:  0.0, Workers: 4
[974.004s][debug][gc,phases      ] GC(51)     Dead                           Min: 0, Avg:  0.0, Max: 0, Diff: 0, Sum: 0, Workers: 4
[974.004s][debug][gc,phases      ] GC(51)     Total                          Min: 0, Avg:  0.0, Max: 0, Diff: 0, Sum: 0, Workers: 4
[974.004s][debug][gc,phases      ] GC(51)   StringDedup Requests0 Weak     Min:  0.0, Avg:  0.0, Max:  0.0, Diff:  0.0, Sum:  0.0, Workers: 4
[974.004s][debug][gc,phases      ] GC(51)     Dead                           Min: 0, Avg:  0.0, Max: 0, Diff: 0, Sum: 0, Workers: 4
[974.004s][debug][gc,phases      ] GC(51)     Total                          Min: 0, Avg:  0.0, Max: 0, Diff: 0, Sum: 0, Workers: 4
[974.004s][debug][gc,phases      ] GC(51)   StringDedup Requests1 Weak     Min:  0.0, Avg:  0.0, Max:  0.0, Diff:  0.0, Sum:  0.0, Workers: 4
[974.004s][debug][gc,phases      ] GC(51)     Dead                           Min: 0, Avg:  0.0, Max: 0, Diff: 0, Sum: 0, Workers: 4
[974.004s][debug][gc,phases      ] GC(51)     Total                          Min: 0, Avg:  0.0, Max: 0, Diff: 0, Sum: 0, Workers: 4
[974.004s][debug][gc,phases      ] GC(51)   Weak JFR Old Object Samples    Min:  0.0, Avg:  0.0, Max:  0.0, Diff:  0.0, Sum:  0.0, Workers: 4
[974.004s][debug][gc,phases      ] GC(51)     Dead                           Min: 0, Avg:  0.0, Max: 0, Diff: 0, Sum: 0, Workers: 4
[974.004s][debug][gc,phases      ] GC(51)     Total                          Min: 0, Avg:  0.0, Max: 0, Diff: 0, Sum: 0, Workers: 4
[974.004s][debug][gc,phases      ] GC(51) Weak Processing 0.332ms
[974.004s][debug][gc,age         ] GC(51) Desired survivor size 99090432 bytes, new threshold 15 (max threshold 15)
[974.004s][info ][gc,heap        ] GC(51) PSYoungGen: 1866848K(1977856K)->128K(2000384K) Eden: 1866752K(1866752K)->0K(1896448K) From: 96K(111104K)->128K(103936K)
[974.004s][info ][gc,heap        ] GC(51) ParOldGen: 292534K(386048K)->292542K(386048K)
[974.004s][info ][gc,metaspace   ] GC(51) Metaspace: 83957K(84864K)->83957K(84864K) NonClass: 71450K(71936K)->71450K(71936K) Class: 12506K(12928K)->12506K(12928K)
[974.004s][info ][gc             ] GC(51) Pause Young (Allocation Failure) 2108M->285M(2330M) 1.292ms
[974.004s][info ][gc,cpu         ] GC(51) User=0.00s Sys=0.00s Real=0.00s
[974.004s][info ][safepoint      ] Safepoint "ParallelGCFailedAllocation", Time since last: 5147552565 ns, Reaching safepoint: 3100 ns, Cleanup: 3500 ns, At safepoint: 1342205 ns, Total: 1348805 ns
[1004.652s][info ][gc,start       ] GC(52) Pause Young (Allocation Failure)
[1004.653s][debug][gc,phases      ] GC(52) Scavenge 0.534ms
[1004.653s][debug][gc,ref         ] GC(52) Skipped phase 1 of Reference Processing: no references
[1004.653s][debug][gc,ref         ] GC(52) Skipped phase 2 of Reference Processing: no references
[1004.653s][debug][gc,ref         ] GC(52) Skipped phase 3 of Reference Processing: no references
[1004.653s][debug][gc,ref         ] GC(52) Skipped phase 4 of Reference Processing: no references
[1004.653s][debug][gc,phases      ] GC(52) Reference Processing 0.019ms
[1004.653s][debug][gc,phases      ] GC(52)   VM Weak                        Min:  0.0, Avg:  0.0, Max:  0.0, Diff:  0.0, Sum:  0.0, Workers: 4
[1004.653s][debug][gc,phases      ] GC(52)     Dead                           Min: 0, Avg:  0.0, Max: 0, Diff: 0, Sum: 0, Workers: 4
[1004.653s][debug][gc,phases      ] GC(52)     Total                          Min: 0, Avg: 184.8, Max: 448, Diff: 448, Sum: 739, Workers: 4
[1004.653s][debug][gc,phases      ] GC(52)   ObjectSynchronizer Weak        Min:  0.0, Avg:  0.0, Max:  0.0, Diff:  0.0, Sum:  0.0, Workers: 4
[1004.653s][debug][gc,phases      ] GC(52)     Dead                           Min: 0, Avg:  0.0, Max: 0, Diff: 0, Sum: 0, Workers: 4
[1004.653s][debug][gc,phases      ] GC(52)     Total                          Min: 0, Avg:  1.0, Max: 4, Diff: 4, Sum: 4, Workers: 4
[1004.653s][debug][gc,phases      ] GC(52)   JVMTI Tag Weak OopStorage      Min:  0.0, Avg:  0.0, Max:  0.0, Diff:  0.0, Sum:  0.0, Workers: 4
[1004.653s][debug][gc,phases      ] GC(52)     Dead                           Min: 0, Avg:  0.0, Max: 0, Diff: 0, Sum: 0, Workers: 4
[1004.653s][debug][gc,phases      ] GC(52)     Total                          Min: 0, Avg:  0.0, Max: 0, Diff: 0, Sum: 0, Workers: 4
[1004.653s][debug][gc,phases      ] GC(52)   StringTable Weak               Min:  0.0, Avg:  0.1, Max:  0.1, Diff:  0.1, Sum:  0.3, Workers: 4
[1004.653s][debug][gc,phases      ] GC(52)     Dead                           Min: 0, Avg:  0.0, Max: 0, Diff: 0, Sum: 0, Workers: 4
[1004.653s][debug][gc,phases      ] GC(52)     Total                          Min: 0, Avg: 10952.5, Max: 18850, Diff: 18850, Sum: 43810, Workers: 4
[1004.653s][debug][gc,phases      ] GC(52)   ResolvedMethodTable Weak       Min:  0.0, Avg:  0.0, Max:  0.0, Diff:  0.0, Sum:  0.1, Workers: 4
[1004.653s][debug][gc,phases      ] GC(52)     Dead                           Min: 0, Avg:  0.0, Max: 0, Diff: 0, Sum: 0, Workers: 4
[1004.653s][debug][gc,phases      ] GC(52)     Total                          Min: 0, Avg: 2603.8, Max: 4224, Diff: 4224, Sum: 10415, Workers: 4
[1004.653s][debug][gc,phases      ] GC(52)   JNI Weak                       Min:  0.0, Avg:  0.0, Max:  0.0, Diff:  0.0, Sum:  0.0, Workers: 4
[1004.653s][debug][gc,phases      ] GC(52)     Dead                           Min: 0, Avg:  0.0, Max: 0, Diff: 0, Sum: 0, Workers: 4
[1004.653s][debug][gc,phases      ] GC(52)     Total                          Min: 0, Avg: 11.2, Max: 45, Diff: 45, Sum: 45, Workers: 4
[1004.653s][debug][gc,phases      ] GC(52)   StringDedup Table Weak         Min:  0.0, Avg:  0.0, Max:  0.0, Diff:  0.0, Sum:  0.0, Workers: 4
[1004.653s][debug][gc,phases      ] GC(52)     Dead                           Min: 0, Avg:  0.0, Max: 0, Diff: 0, Sum: 0, Workers: 4
[1004.653s][debug][gc,phases      ] GC(52)     Total                          Min: 0, Avg:  0.0, Max: 0, Diff: 0, Sum: 0, Workers: 4
[1004.653s][debug][gc,phases      ] GC(52)   StringDedup Requests0 Weak     Min:  0.0, Avg:  0.0, Max:  0.0, Diff:  0.0, Sum:  0.0, Workers: 4
[1004.653s][debug][gc,phases      ] GC(52)     Dead                           Min: 0, Avg:  0.0, Max: 0, Diff: 0, Sum: 0, Workers: 4
[1004.653s][debug][gc,phases      ] GC(52)     Total                          Min: 0, Avg:  0.0, Max: 0, Diff: 0, Sum: 0, Workers: 4
[1004.653s][debug][gc,phases      ] GC(52)   StringDedup Requests1 Weak     Min:  0.0, Avg:  0.0, Max:  0.0, Diff:  0.0, Sum:  0.0, Workers: 4
[1004.653s][debug][gc,phases      ] GC(52)     Dead                           Min: 0, Avg:  0.0, Max: 0, Diff: 0, Sum: 0, Workers: 4
[1004.653s][debug][gc,phases      ] GC(52)     Total                          Min: 0, Avg:  0.0, Max: 0, Diff: 0, Sum: 0, Workers: 4
[1004.653s][debug][gc,phases      ] GC(52)   Weak JFR Old Object Samples    Min:  0.0, Avg:  0.0, Max:  0.0, Diff:  0.0, Sum:  0.0, Workers: 4
[1004.653s][debug][gc,phases      ] GC(52)     Dead                           Min: 0, Avg:  0.0, Max: 0, Diff: 0, Sum: 0, Workers: 4
[1004.653s][debug][gc,phases      ] GC(52)     Total                          Min: 0, Avg:  0.0, Max: 0, Diff: 0, Sum: 0, Workers: 4
[1004.653s][debug][gc,phases      ] GC(52) Weak Processing 0.315ms
[1004.653s][debug][gc,age         ] GC(52) Desired survivor size 92274688 bytes, new threshold 15 (max threshold 15)
[1004.653s][info ][gc,heap        ] GC(52) PSYoungGen: 1896576K(2000384K)->128K(1993216K) Eden: 1896448K(1896448K)->0K(1896448K) From: 128K(103936K)->128K(96768K)
[1004.653s][info ][gc,heap        ] GC(52) ParOldGen: 292542K(386048K)->292550K(386048K)
[1004.653s][info ][gc,metaspace   ] GC(52) Metaspace: 83959K(84864K)->83959K(84864K) NonClass: 71452K(71936K)->71452K(71936K) Class: 12506K(12928K)->12506K(12928K)
[1004.653s][info ][gc             ] GC(52) Pause Young (Allocation Failure) 2137M->285M(2323M) 0.942ms
[1004.653s][info ][gc,cpu         ] GC(52) User=0.00s Sys=0.00s Real=0.00s
[1004.653s][info ][safepoint      ] Safepoint "ParallelGCFailedAllocation", Time since last: 30648377255 ns, Reaching safepoint: 4200 ns, Cleanup: 3100 ns, At safepoint: 1010303 ns, Total: 1017603 ns
[1006.653s][info ][safepoint      ] Safepoint "Cleanup", Time since last: 2000144647 ns, Reaching safepoint: 71401 ns, Cleanup: 7900 ns, At safepoint: 5600 ns, Total: 84901 ns
[1035.302s][info ][gc,start       ] GC(53) Pause Young (Allocation Failure)
[1035.303s][debug][gc,phases      ] GC(53) Scavenge 0.833ms
[1035.303s][debug][gc,ref         ] GC(53) Skipped phase 1 of Reference Processing: no references
[1035.303s][debug][gc,ref         ] GC(53) Skipped phase 2 of Reference Processing: no references
[1035.303s][debug][gc,ref         ] GC(53) Skipped phase 3 of Reference Processing: no references
[1035.303s][debug][gc,ref         ] GC(53) Skipped phase 4 of Reference Processing: no references
[1035.303s][debug][gc,phases      ] GC(53) Reference Processing 0.019ms
[1035.303s][debug][gc,phases      ] GC(53)   VM Weak                        Min:  0.0, Avg:  0.0, Max:  0.0, Diff:  0.0, Sum:  0.0, Workers: 4
[1035.303s][debug][gc,phases      ] GC(53)     Dead                           Min: 0, Avg:  0.0, Max: 0, Diff: 0, Sum: 0, Workers: 4
[1035.303s][debug][gc,phases      ] GC(53)     Total                          Min: 0, Avg: 184.8, Max: 448, Diff: 448, Sum: 739, Workers: 4
[1035.303s][debug][gc,phases      ] GC(53)   ObjectSynchronizer Weak        Min:  0.0, Avg:  0.0, Max:  0.0, Diff:  0.0, Sum:  0.0, Workers: 4
[1035.303s][debug][gc,phases      ] GC(53)     Dead                           Min: 0, Avg:  0.0, Max: 0, Diff: 0, Sum: 0, Workers: 4
[1035.303s][debug][gc,phases      ] GC(53)     Total                          Min: 0, Avg:  1.0, Max: 4, Diff: 4, Sum: 4, Workers: 4
[1035.303s][debug][gc,phases      ] GC(53)   JVMTI Tag Weak OopStorage      Min:  0.0, Avg:  0.0, Max:  0.0, Diff:  0.0, Sum:  0.0, Workers: 4
[1035.303s][debug][gc,phases      ] GC(53)     Dead                           Min: 0, Avg:  0.0, Max: 0, Diff: 0, Sum: 0, Workers: 4
[1035.303s][debug][gc,phases      ] GC(53)     Total                          Min: 0, Avg:  0.0, Max: 0, Diff: 0, Sum: 0, Workers: 4
[1035.303s][debug][gc,phases      ] GC(53)   StringTable Weak               Min:  0.1, Avg:  0.1, Max:  0.1, Diff:  0.0, Sum:  0.4, Workers: 4
[1035.303s][debug][gc,phases      ] GC(53)     Dead                           Min: 0, Avg:  0.0, Max: 0, Diff: 0, Sum: 0, Workers: 4
[1035.303s][debug][gc,phases      ] GC(53)     Total                          Min: 10496, Avg: 10952.5, Max: 11520, Diff: 1024, Sum: 43810, Workers: 4
[1035.303s][debug][gc,phases      ] GC(53)   ResolvedMethodTable Weak       Min:  0.0, Avg:  0.0, Max:  0.0, Diff:  0.0, Sum:  0.1, Workers: 4
[1035.303s][debug][gc,phases      ] GC(53)     Dead                           Min: 0, Avg:  0.0, Max: 0, Diff: 0, Sum: 0, Workers: 4
[1035.303s][debug][gc,phases      ] GC(53)     Total                          Min: 2496, Avg: 2603.8, Max: 2863, Diff: 367, Sum: 10415, Workers: 4
[1035.303s][debug][gc,phases      ] GC(53)   JNI Weak                       Min:  0.0, Avg:  0.0, Max:  0.0, Diff:  0.0, Sum:  0.0, Workers: 4
[1035.303s][debug][gc,phases      ] GC(53)     Dead                           Min: 0, Avg:  0.0, Max: 0, Diff: 0, Sum: 0, Workers: 4
[1035.303s][debug][gc,phases      ] GC(53)     Total                          Min: 0, Avg: 11.2, Max: 45, Diff: 45, Sum: 45, Workers: 4
[1035.303s][debug][gc,phases      ] GC(53)   StringDedup Table Weak         Min:  0.0, Avg:  0.0, Max:  0.0, Diff:  0.0, Sum:  0.0, Workers: 4
[1035.303s][debug][gc,phases      ] GC(53)     Dead                           Min: 0, Avg:  0.0, Max: 0, Diff: 0, Sum: 0, Workers: 4
[1035.303s][debug][gc,phases      ] GC(53)     Total                          Min: 0, Avg:  0.0, Max: 0, Diff: 0, Sum: 0, Workers: 4
[1035.303s][debug][gc,phases      ] GC(53)   StringDedup Requests0 Weak     Min:  0.0, Avg:  0.0, Max:  0.0, Diff:  0.0, Sum:  0.0, Workers: 4
[1035.303s][debug][gc,phases      ] GC(53)     Dead                           Min: 0, Avg:  0.0, Max: 0, Diff: 0, Sum: 0, Workers: 4
[1035.303s][debug][gc,phases      ] GC(53)     Total                          Min: 0, Avg:  0.0, Max: 0, Diff: 0, Sum: 0, Workers: 4
[1035.303s][debug][gc,phases      ] GC(53)   StringDedup Requests1 Weak     Min:  0.0, Avg:  0.0, Max:  0.0, Diff:  0.0, Sum:  0.0, Workers: 4
[1035.303s][debug][gc,phases      ] GC(53)     Dead                           Min: 0, Avg:  0.0, Max: 0, Diff: 0, Sum: 0, Workers: 4
[1035.303s][debug][gc,phases      ] GC(53)     Total                          Min: 0, Avg:  0.0, Max: 0, Diff: 0, Sum: 0, Workers: 4
[1035.303s][debug][gc,phases      ] GC(53)   Weak JFR Old Object Samples    Min:  0.0, Avg:  0.0, Max:  0.0, Diff:  0.0, Sum:  0.0, Workers: 4
[1035.303s][debug][gc,phases      ] GC(53)     Dead                           Min: 0, Avg:  0.0, Max: 0, Diff: 0, Sum: 0, Workers: 4
[1035.303s][debug][gc,phases      ] GC(53)     Total                          Min: 0, Avg:  0.0, Max: 0, Diff: 0, Sum: 0, Workers: 4
[1035.303s][debug][gc,phases      ] GC(53) Weak Processing 0.298ms
[1035.303s][debug][gc,age         ] GC(53) Desired survivor size 85458944 bytes, new threshold 15 (max threshold 15)
[1035.303s][info ][gc,heap        ] GC(53) PSYoungGen: 1896576K(1993216K)->128K(2013696K) Eden: 1896448K(1896448K)->0K(1923584K) From: 128K(96768K)->128K(90112K)
[1035.303s][info ][gc,heap        ] GC(53) ParOldGen: 292550K(386048K)->292558K(386048K)
[1035.303s][info ][gc,metaspace   ] GC(53) Metaspace: 83959K(84864K)->83959K(84864K) NonClass: 71453K(71936K)->71453K(71936K) Class: 12506K(12928K)->12506K(12928K)
[1035.303s][info ][gc             ] GC(53) Pause Young (Allocation Failure) 2137M->285M(2343M) 1.234ms
[1035.303s][info ][gc,cpu         ] GC(53) User=0.00s Sys=0.00s Real=0.00s
[1035.303s][info ][safepoint      ] Safepoint "ParallelGCFailedAllocation", Time since last: 28648470083 ns, Reaching safepoint: 3000 ns, Cleanup: 3100 ns, At safepoint: 1283203 ns, Total: 1289303 ns
[1066.353s][info ][gc,start       ] GC(54) Pause Young (Allocation Failure)
[1066.354s][debug][gc,phases      ] GC(54) Scavenge 0.525ms
[1066.354s][debug][gc,ref         ] GC(54) Skipped phase 1 of Reference Processing: no references
[1066.354s][debug][gc,ref         ] GC(54) Skipped phase 2 of Reference Processing: no references
[1066.354s][debug][gc,ref         ] GC(54) Skipped phase 3 of Reference Processing: no references
[1066.354s][debug][gc,ref         ] GC(54) Skipped phase 4 of Reference Processing: no references
[1066.354s][debug][gc,phases      ] GC(54) Reference Processing 0.021ms
[1066.354s][debug][gc,phases      ] GC(54)   VM Weak                        Min:  0.0, Avg:  0.0, Max:  0.0, Diff:  0.0, Sum:  0.0, Workers: 4
[1066.354s][debug][gc,phases      ] GC(54)     Dead                           Min: 0, Avg:  0.0, Max: 0, Diff: 0, Sum: 0, Workers: 4
[1066.354s][debug][gc,phases      ] GC(54)     Total                          Min: 0, Avg: 184.8, Max: 448, Diff: 448, Sum: 739, Workers: 4
[1066.354s][debug][gc,phases      ] GC(54)   ObjectSynchronizer Weak        Min:  0.0, Avg:  0.0, Max:  0.0, Diff:  0.0, Sum:  0.0, Workers: 4
[1066.354s][debug][gc,phases      ] GC(54)     Dead                           Min: 0, Avg:  0.0, Max: 0, Diff: 0, Sum: 0, Workers: 4
[1066.354s][debug][gc,phases      ] GC(54)     Total                          Min: 0, Avg:  1.0, Max: 4, Diff: 4, Sum: 4, Workers: 4
[1066.354s][debug][gc,phases      ] GC(54)   JVMTI Tag Weak OopStorage      Min:  0.0, Avg:  0.0, Max:  0.0, Diff:  0.0, Sum:  0.0, Workers: 4
[1066.354s][debug][gc,phases      ] GC(54)     Dead                           Min: 0, Avg:  0.0, Max: 0, Diff: 0, Sum: 0, Workers: 4
[1066.354s][debug][gc,phases      ] GC(54)     Total                          Min: 0, Avg:  0.0, Max: 0, Diff: 0, Sum: 0, Workers: 4
[1066.354s][debug][gc,phases      ] GC(54)   StringTable Weak               Min:  0.0, Avg:  0.1, Max:  0.1, Diff:  0.1, Sum:  0.4, Workers: 4
[1066.354s][debug][gc,phases      ] GC(54)     Dead                           Min: 0, Avg:  0.0, Max: 0, Diff: 0, Sum: 0, Workers: 4
[1066.354s][debug][gc,phases      ] GC(54)     Total                          Min: 0, Avg: 10952.5, Max: 19042, Diff: 19042, Sum: 43810, Workers: 4
[1066.354s][debug][gc,phases      ] GC(54)   ResolvedMethodTable Weak       Min:  0.0, Avg:  0.0, Max:  0.0, Diff:  0.0, Sum:  0.1, Workers: 4
[1066.354s][debug][gc,phases      ] GC(54)     Dead                           Min: 0, Avg:  0.0, Max: 0, Diff: 0, Sum: 0, Workers: 4
[1066.354s][debug][gc,phases      ] GC(54)     Total                          Min: 0, Avg: 2603.8, Max: 4399, Diff: 4399, Sum: 10415, Workers: 4
[1066.354s][debug][gc,phases      ] GC(54)   JNI Weak                       Min:  0.0, Avg:  0.0, Max:  0.0, Diff:  0.0, Sum:  0.0, Workers: 4
[1066.354s][debug][gc,phases      ] GC(54)     Dead                           Min: 0, Avg:  0.0, Max: 0, Diff: 0, Sum: 0, Workers: 4
[1066.354s][debug][gc,phases      ] GC(54)     Total                          Min: 0, Avg: 11.2, Max: 45, Diff: 45, Sum: 45, Workers: 4
[1066.354s][debug][gc,phases      ] GC(54)   StringDedup Table Weak         Min:  0.0, Avg:  0.0, Max:  0.0, Diff:  0.0, Sum:  0.0, Workers: 4
[1066.354s][debug][gc,phases      ] GC(54)     Dead                           Min: 0, Avg:  0.0, Max: 0, Diff: 0, Sum: 0, Workers: 4
[1066.354s][debug][gc,phases      ] GC(54)     Total                          Min: 0, Avg:  0.0, Max: 0, Diff: 0, Sum: 0, Workers: 4
[1066.354s][debug][gc,phases      ] GC(54)   StringDedup Requests0 Weak     Min:  0.0, Avg:  0.0, Max:  0.0, Diff:  0.0, Sum:  0.0, Workers: 4
[1066.354s][debug][gc,phases      ] GC(54)     Dead                           Min: 0, Avg:  0.0, Max: 0, Diff: 0, Sum: 0, Workers: 4
[1066.354s][debug][gc,phases      ] GC(54)     Total                          Min: 0, Avg:  0.0, Max: 0, Diff: 0, Sum: 0, Workers: 4
[1066.354s][debug][gc,phases      ] GC(54)   StringDedup Requests1 Weak     Min:  0.0, Avg:  0.0, Max:  0.0, Diff:  0.0, Sum:  0.0, Workers: 4
[1066.354s][debug][gc,phases      ] GC(54)     Dead                           Min: 0, Avg:  0.0, Max: 0, Diff: 0, Sum: 0, Workers: 4
[1066.354s][debug][gc,phases      ] GC(54)     Total                          Min: 0, Avg:  0.0, Max: 0, Diff: 0, Sum: 0, Workers: 4
[1066.354s][debug][gc,phases      ] GC(54)   Weak JFR Old Object Samples    Min:  0.0, Avg:  0.0, Max:  0.0, Diff:  0.0, Sum:  0.0, Workers: 4
[1066.354s][debug][gc,phases      ] GC(54)     Dead                           Min: 0, Avg:  0.0, Max: 0, Diff: 0, Sum: 0, Workers: 4
[1066.354s][debug][gc,phases      ] GC(54)     Total                          Min: 0, Avg:  0.0, Max: 0, Diff: 0, Sum: 0, Workers: 4
[1066.354s][debug][gc,phases      ] GC(54) Weak Processing 0.318ms
[1066.354s][debug][gc,age         ] GC(54) Desired survivor size 79691776 bytes, new threshold 15 (max threshold 15)
[1066.354s][info ][gc,heap        ] GC(54) PSYoungGen: 1923712K(2013696K)->96K(2007040K) Eden: 1923584K(1923584K)->0K(1923584K) From: 128K(90112K)->96K(83456K)
[1066.354s][info ][gc,heap        ] GC(54) ParOldGen: 292558K(386048K)->292574K(386048K)
[1066.354s][info ][gc,metaspace   ] GC(54) Metaspace: 83962K(84864K)->83962K(84864K) NonClass: 71455K(71936K)->71455K(71936K) Class: 12506K(12928K)->12506K(12928K)
[1066.354s][info ][gc             ] GC(54) Pause Young (Allocation Failure) 2164M->285M(2337M) 0.946ms
[1066.354s][info ][gc,cpu         ] GC(54) User=0.00s Sys=0.00s Real=0.00s
[1066.354s][info ][safepoint      ] Safepoint "ParallelGCFailedAllocation", Time since last: 31050095041 ns, Reaching safepoint: 3900 ns, Cleanup: 3000 ns, At safepoint: 995403 ns, Total: 1002303 ns
[1097.453s][info ][gc,start       ] GC(55) Pause Young (Allocation Failure)
[1097.454s][debug][gc,phases      ] GC(55) Scavenge 1.135ms
[1097.454s][debug][gc,ref         ] GC(55) Skipped phase 1 of Reference Processing: no references
[1097.454s][debug][gc,ref         ] GC(55) Skipped phase 2 of Reference Processing: no references
[1097.454s][debug][gc,ref         ] GC(55) Skipped phase 3 of Reference Processing: no references
[1097.454s][debug][gc,ref         ] GC(55) Skipped phase 4 of Reference Processing: no references
[1097.454s][debug][gc,phases      ] GC(55) Reference Processing 0.021ms
[1097.454s][debug][gc,phases      ] GC(55)   VM Weak                        Min:  0.0, Avg:  0.0, Max:  0.0, Diff:  0.0, Sum:  0.0, Workers: 4
[1097.454s][debug][gc,phases      ] GC(55)     Dead                           Min: 0, Avg:  0.0, Max: 0, Diff: 0, Sum: 0, Workers: 4
[1097.454s][debug][gc,phases      ] GC(55)     Total                          Min: 0, Avg: 184.8, Max: 547, Diff: 547, Sum: 739, Workers: 4
[1097.454s][debug][gc,phases      ] GC(55)   ObjectSynchronizer Weak        Min:  0.0, Avg:  0.0, Max:  0.0, Diff:  0.0, Sum:  0.0, Workers: 4
[1097.454s][debug][gc,phases      ] GC(55)     Dead                           Min: 0, Avg:  0.0, Max: 0, Diff: 0, Sum: 0, Workers: 4
[1097.454s][debug][gc,phases      ] GC(55)     Total                          Min: 0, Avg:  1.0, Max: 4, Diff: 4, Sum: 4, Workers: 4
[1097.454s][debug][gc,phases      ] GC(55)   JVMTI Tag Weak OopStorage      Min:  0.0, Avg:  0.0, Max:  0.0, Diff:  0.0, Sum:  0.0, Workers: 4
[1097.454s][debug][gc,phases      ] GC(55)     Dead                           Min: 0, Avg:  0.0, Max: 0, Diff: 0, Sum: 0, Workers: 4
[1097.454s][debug][gc,phases      ] GC(55)     Total                          Min: 0, Avg:  0.0, Max: 0, Diff: 0, Sum: 0, Workers: 4
[1097.454s][debug][gc,phases      ] GC(55)   StringTable Weak               Min:  0.0, Avg:  0.1, Max:  0.1, Diff:  0.1, Sum:  0.4, Workers: 4
[1097.454s][debug][gc,phases      ] GC(55)     Dead                           Min: 0, Avg:  0.0, Max: 0, Diff: 0, Sum: 0, Workers: 4
[1097.454s][debug][gc,phases      ] GC(55)     Total                          Min: 0, Avg: 10952.5, Max: 19234, Diff: 19234, Sum: 43810, Workers: 4
[1097.454s][debug][gc,phases      ] GC(55)   ResolvedMethodTable Weak       Min:  0.0, Avg:  0.0, Max:  0.0, Diff:  0.0, Sum:  0.1, Workers: 4
[1097.454s][debug][gc,phases      ] GC(55)     Dead                           Min: 0, Avg:  0.0, Max: 0, Diff: 0, Sum: 0, Workers: 4
[1097.454s][debug][gc,phases      ] GC(55)     Total                          Min: 0, Avg: 2603.8, Max: 4480, Diff: 4480, Sum: 10415, Workers: 4
[1097.454s][debug][gc,phases      ] GC(55)   JNI Weak                       Min:  0.0, Avg:  0.0, Max:  0.0, Diff:  0.0, Sum:  0.0, Workers: 4
[1097.454s][debug][gc,phases      ] GC(55)     Dead                           Min: 0, Avg:  0.0, Max: 0, Diff: 0, Sum: 0, Workers: 4
[1097.454s][debug][gc,phases      ] GC(55)     Total                          Min: 0, Avg: 11.2, Max: 45, Diff: 45, Sum: 45, Workers: 4
[1097.454s][debug][gc,phases      ] GC(55)   StringDedup Table Weak         Min:  0.0, Avg:  0.0, Max:  0.0, Diff:  0.0, Sum:  0.0, Workers: 4
[1097.454s][debug][gc,phases      ] GC(55)     Dead                           Min: 0, Avg:  0.0, Max: 0, Diff: 0, Sum: 0, Workers: 4
[1097.454s][debug][gc,phases      ] GC(55)     Total                          Min: 0, Avg:  0.0, Max: 0, Diff: 0, Sum: 0, Workers: 4
[1097.454s][debug][gc,phases      ] GC(55)   StringDedup Requests0 Weak     Min:  0.0, Avg:  0.0, Max:  0.0, Diff:  0.0, Sum:  0.0, Workers: 4
[1097.454s][debug][gc,phases      ] GC(55)     Dead                           Min: 0, Avg:  0.0, Max: 0, Diff: 0, Sum: 0, Workers: 4
[1097.454s][debug][gc,phases      ] GC(55)     Total                          Min: 0, Avg:  0.0, Max: 0, Diff: 0, Sum: 0, Workers: 4
[1097.454s][debug][gc,phases      ] GC(55)   StringDedup Requests1 Weak     Min:  0.0, Avg:  0.0, Max:  0.0, Diff:  0.0, Sum:  0.0, Workers: 4
[1097.454s][debug][gc,phases      ] GC(55)     Dead                           Min: 0, Avg:  0.0, Max: 0, Diff: 0, Sum: 0, Workers: 4
[1097.454s][debug][gc,phases      ] GC(55)     Total                          Min: 0, Avg:  0.0, Max: 0, Diff: 0, Sum: 0, Workers: 4
[1097.454s][debug][gc,phases      ] GC(55)   Weak JFR Old Object Samples    Min:  0.0, Avg:  0.0, Max:  0.0, Diff:  0.0, Sum:  0.0, Workers: 4
[1097.454s][debug][gc,phases      ] GC(55)     Dead                           Min: 0, Avg:  0.0, Max: 0, Diff: 0, Sum: 0, Workers: 4
[1097.454s][debug][gc,phases      ] GC(55)     Total                          Min: 0, Avg:  0.0, Max: 0, Diff: 0, Sum: 0, Workers: 4
[1097.454s][debug][gc,phases      ] GC(55) Weak Processing 0.315ms
[1097.454s][debug][gc,age         ] GC(55) Desired survivor size 73924608 bytes, new threshold 15 (max threshold 15)
[1097.454s][info ][gc,heap        ] GC(55) PSYoungGen: 1923680K(2007040K)->128K(2024960K) Eden: 1923584K(1923584K)->0K(1947136K) From: 96K(83456K)->128K(77824K)
[1097.454s][info ][gc,heap        ] GC(55) ParOldGen: 292574K(386048K)->292582K(386048K)
[1097.454s][info ][gc,metaspace   ] GC(55) Metaspace: 83962K(84864K)->83962K(84864K) NonClass: 71455K(71936K)->71455K(71936K) Class: 12506K(12928K)->12506K(12928K)
[1097.454s][info ][gc             ] GC(55) Pause Young (Allocation Failure) 2164M->285M(2354M) 1.554ms
[1097.454s][info ][gc,cpu         ] GC(55) User=0.00s Sys=0.00s Real=0.00s
[1097.454s][info ][safepoint      ] Safepoint "ParallelGCFailedAllocation", Time since last: 31098175717 ns, Reaching safepoint: 3800 ns, Cleanup: 3200 ns, At safepoint: 1606505 ns, Total: 1613505 ns
[1123.456s][info ][safepoint      ] Safepoint "Cleanup", Time since last: 26001921371 ns, Reaching safepoint: 4000 ns, Cleanup: 7700 ns, At safepoint: 2000 ns, Total: 13700 ns
[1128.903s][info ][gc,start       ] GC(56) Pause Young (Allocation Failure)
[1128.904s][debug][gc,phases      ] GC(56) Scavenge 0.550ms
[1128.904s][debug][gc,ref         ] GC(56) Skipped phase 1 of Reference Processing: no references
[1128.904s][debug][gc,ref         ] GC(56) Skipped phase 2 of Reference Processing: no references
[1128.904s][debug][gc,ref         ] GC(56) Skipped phase 3 of Reference Processing: no references
[1128.904s][debug][gc,ref         ] GC(56) Skipped phase 4 of Reference Processing: no references
[1128.904s][debug][gc,phases      ] GC(56) Reference Processing 0.021ms
[1128.904s][debug][gc,phases      ] GC(56)   VM Weak                        Min:  0.0, Avg:  0.0, Max:  0.0, Diff:  0.0, Sum:  0.0, Workers: 4
[1128.904s][debug][gc,phases      ] GC(56)     Dead                           Min: 0, Avg:  0.0, Max: 0, Diff: 0, Sum: 0, Workers: 4
[1128.904s][debug][gc,phases      ] GC(56)     Total                          Min: 0, Avg: 184.8, Max: 640, Diff: 640, Sum: 739, Workers: 4
[1128.904s][debug][gc,phases      ] GC(56)   ObjectSynchronizer Weak        Min:  0.0, Avg:  0.0, Max:  0.0, Diff:  0.0, Sum:  0.0, Workers: 4
[1128.904s][debug][gc,phases      ] GC(56)     Dead                           Min: 0, Avg:  0.0, Max: 0, Diff: 0, Sum: 0, Workers: 4
[1128.904s][debug][gc,phases      ] GC(56)     Total                          Min: 0, Avg:  1.0, Max: 4, Diff: 4, Sum: 4, Workers: 4
[1128.904s][debug][gc,phases      ] GC(56)   JVMTI Tag Weak OopStorage      Min:  0.0, Avg:  0.0, Max:  0.0, Diff:  0.0, Sum:  0.0, Workers: 4
[1128.904s][debug][gc,phases      ] GC(56)     Dead                           Min: 0, Avg:  0.0, Max: 0, Diff: 0, Sum: 0, Workers: 4
[1128.904s][debug][gc,phases      ] GC(56)     Total                          Min: 0, Avg:  0.0, Max: 0, Diff: 0, Sum: 0, Workers: 4
[1128.904s][debug][gc,phases      ] GC(56)   StringTable Weak               Min:  0.0, Avg:  0.1, Max:  0.1, Diff:  0.1, Sum:  0.4, Workers: 4
[1128.904s][debug][gc,phases      ] GC(56)     Dead                           Min: 0, Avg:  0.0, Max: 0, Diff: 0, Sum: 0, Workers: 4
[1128.904s][debug][gc,phases      ] GC(56)     Total                          Min: 0, Avg: 10952.5, Max: 19584, Diff: 19584, Sum: 43810, Workers: 4
[1128.904s][debug][gc,phases      ] GC(56)   ResolvedMethodTable Weak       Min:  0.0, Avg:  0.0, Max:  0.0, Diff:  0.0, Sum:  0.1, Workers: 4
[1128.904s][debug][gc,phases      ] GC(56)     Dead                           Min: 0, Avg:  0.0, Max: 0, Diff: 0, Sum: 0, Workers: 4
[1128.904s][debug][gc,phases      ] GC(56)     Total                          Min: 0, Avg: 2603.8, Max: 4480, Diff: 4480, Sum: 10415, Workers: 4
[1128.904s][debug][gc,phases      ] GC(56)   JNI Weak                       Min:  0.0, Avg:  0.0, Max:  0.0, Diff:  0.0, Sum:  0.0, Workers: 4
[1128.904s][debug][gc,phases      ] GC(56)     Dead                           Min: 0, Avg:  0.0, Max: 0, Diff: 0, Sum: 0, Workers: 4
[1128.904s][debug][gc,phases      ] GC(56)     Total                          Min: 0, Avg: 11.2, Max: 45, Diff: 45, Sum: 45, Workers: 4
[1128.904s][debug][gc,phases      ] GC(56)   StringDedup Table Weak         Min:  0.0, Avg:  0.0, Max:  0.0, Diff:  0.0, Sum:  0.0, Workers: 4
[1128.904s][debug][gc,phases      ] GC(56)     Dead                           Min: 0, Avg:  0.0, Max: 0, Diff: 0, Sum: 0, Workers: 4
[1128.904s][debug][gc,phases      ] GC(56)     Total                          Min: 0, Avg:  0.0, Max: 0, Diff: 0, Sum: 0, Workers: 4
[1128.904s][debug][gc,phases      ] GC(56)   StringDedup Requests0 Weak     Min:  0.0, Avg:  0.0, Max:  0.0, Diff:  0.0, Sum:  0.0, Workers: 4
[1128.904s][debug][gc,phases      ] GC(56)     Dead                           Min: 0, Avg:  0.0, Max: 0, Diff: 0, Sum: 0, Workers: 4
[1128.904s][debug][gc,phases      ] GC(56)     Total                          Min: 0, Avg:  0.0, Max: 0, Diff: 0, Sum: 0, Workers: 4
[1128.904s][debug][gc,phases      ] GC(56)   StringDedup Requests1 Weak     Min:  0.0, Avg:  0.0, Max:  0.0, Diff:  0.0, Sum:  0.0, Workers: 4
[1128.904s][debug][gc,phases      ] GC(56)     Dead                           Min: 0, Avg:  0.0, Max: 0, Diff: 0, Sum: 0, Workers: 4
[1128.904s][debug][gc,phases      ] GC(56)     Total                          Min: 0, Avg:  0.0, Max: 0, Diff: 0, Sum: 0, Workers: 4
[1128.904s][debug][gc,phases      ] GC(56)   Weak JFR Old Object Samples    Min:  0.0, Avg:  0.0, Max:  0.0, Diff:  0.0, Sum:  0.0, Workers: 4
[1128.904s][debug][gc,phases      ] GC(56)     Dead                           Min: 0, Avg:  0.0, Max: 0, Diff: 0, Sum: 0, Workers: 4
[1128.904s][debug][gc,phases      ] GC(56)     Total                          Min: 0, Avg:  0.0, Max: 0, Diff: 0, Sum: 0, Workers: 4
[1128.904s][debug][gc,phases      ] GC(56) Weak Processing 0.315ms
[1128.904s][debug][gc,age         ] GC(56) Desired survivor size 68681728 bytes, new threshold 15 (max threshold 15)
[1128.904s][info ][gc,heap        ] GC(56) PSYoungGen: 1947264K(2024960K)->128K(2019328K) Eden: 1947136K(1947136K)->0K(1947136K) From: 128K(77824K)->128K(72192K)
[1128.904s][info ][gc,heap        ] GC(56) ParOldGen: 292582K(386048K)->292598K(386048K)
[1128.904s][info ][gc,metaspace   ] GC(56) Metaspace: 83962K(84864K)->83962K(84864K) NonClass: 71455K(71936K)->71455K(71936K) Class: 12506K(12928K)->12506K(12928K)
[1128.904s][info ][gc             ] GC(56) Pause Young (Allocation Failure) 2187M->285M(2349M) 0.977ms
[1128.904s][info ][gc,cpu         ] GC(56) User=0.00s Sys=0.00s Real=0.00s
[1128.904s][info ][safepoint      ] Safepoint "ParallelGCFailedAllocation", Time since last: 5447185745 ns, Reaching safepoint: 3800 ns, Cleanup: 3600 ns, At safepoint: 1031004 ns, Total: 1038404 ns
[1160.354s][info ][gc,start       ] GC(57) Pause Young (Allocation Failure)
[1160.355s][debug][gc,phases      ] GC(57) Scavenge 1.139ms
[1160.355s][debug][gc,ref         ] GC(57) Skipped phase 1 of Reference Processing: no references
[1160.355s][debug][gc,ref         ] GC(57) Skipped phase 2 of Reference Processing: no references
[1160.355s][debug][gc,ref         ] GC(57) Skipped phase 3 of Reference Processing: no references
[1160.355s][debug][gc,ref         ] GC(57) Skipped phase 4 of Reference Processing: no references
[1160.355s][debug][gc,phases      ] GC(57) Reference Processing 0.021ms
[1160.355s][debug][gc,phases      ] GC(57)   VM Weak                        Min:  0.0, Avg:  0.0, Max:  0.0, Diff:  0.0, Sum:  0.0, Workers: 4
[1160.355s][debug][gc,phases      ] GC(57)     Dead                           Min: 0, Avg:  0.0, Max: 0, Diff: 0, Sum: 0, Workers: 4
[1160.355s][debug][gc,phases      ] GC(57)     Total                          Min: 0, Avg: 184.8, Max: 384, Diff: 384, Sum: 739, Workers: 4
[1160.355s][debug][gc,phases      ] GC(57)   ObjectSynchronizer Weak        Min:  0.0, Avg:  0.0, Max:  0.0, Diff:  0.0, Sum:  0.0, Workers: 4
[1160.355s][debug][gc,phases      ] GC(57)     Dead                           Min: 0, Avg:  0.0, Max: 0, Diff: 0, Sum: 0, Workers: 4
[1160.355s][debug][gc,phases      ] GC(57)     Total                          Min: 0, Avg:  1.0, Max: 4, Diff: 4, Sum: 4, Workers: 4
[1160.355s][debug][gc,phases      ] GC(57)   JVMTI Tag Weak OopStorage      Min:  0.0, Avg:  0.0, Max:  0.0, Diff:  0.0, Sum:  0.0, Workers: 4
[1160.355s][debug][gc,phases      ] GC(57)     Dead                           Min: 0, Avg:  0.0, Max: 0, Diff: 0, Sum: 0, Workers: 4
[1160.355s][debug][gc,phases      ] GC(57)     Total                          Min: 0, Avg:  0.0, Max: 0, Diff: 0, Sum: 0, Workers: 4
[1160.355s][debug][gc,phases      ] GC(57)   StringTable Weak               Min:  0.0, Avg:  0.1, Max:  0.1, Diff:  0.1, Sum:  0.4, Workers: 4
[1160.355s][debug][gc,phases      ] GC(57)     Dead                           Min: 0, Avg:  0.0, Max: 0, Diff: 0, Sum: 0, Workers: 4
[1160.355s][debug][gc,phases      ] GC(57)     Total                          Min: 0, Avg: 10952.5, Max: 19072, Diff: 19072, Sum: 43810, Workers: 4
[1160.355s][debug][gc,phases      ] GC(57)   ResolvedMethodTable Weak       Min:  0.0, Avg:  0.0, Max:  0.0, Diff:  0.0, Sum:  0.1, Workers: 4
[1160.355s][debug][gc,phases      ] GC(57)     Dead                           Min: 0, Avg:  0.0, Max: 0, Diff: 0, Sum: 0, Workers: 4
[1160.355s][debug][gc,phases      ] GC(57)     Total                          Min: 0, Avg: 2603.8, Max: 4288, Diff: 4288, Sum: 10415, Workers: 4
[1160.355s][debug][gc,phases      ] GC(57)   JNI Weak                       Min:  0.0, Avg:  0.0, Max:  0.0, Diff:  0.0, Sum:  0.0, Workers: 4
[1160.355s][debug][gc,phases      ] GC(57)     Dead                           Min: 0, Avg:  0.0, Max: 0, Diff: 0, Sum: 0, Workers: 4
[1160.355s][debug][gc,phases      ] GC(57)     Total                          Min: 0, Avg: 11.2, Max: 45, Diff: 45, Sum: 45, Workers: 4
[1160.355s][debug][gc,phases      ] GC(57)   StringDedup Table Weak         Min:  0.0, Avg:  0.0, Max:  0.0, Diff:  0.0, Sum:  0.0, Workers: 4
[1160.355s][debug][gc,phases      ] GC(57)     Dead                           Min: 0, Avg:  0.0, Max: 0, Diff: 0, Sum: 0, Workers: 4
[1160.355s][debug][gc,phases      ] GC(57)     Total                          Min: 0, Avg:  0.0, Max: 0, Diff: 0, Sum: 0, Workers: 4
[1160.355s][debug][gc,phases      ] GC(57)   StringDedup Requests0 Weak     Min:  0.0, Avg:  0.0, Max:  0.0, Diff:  0.0, Sum:  0.0, Workers: 4
[1160.355s][debug][gc,phases      ] GC(57)     Dead                           Min: 0, Avg:  0.0, Max: 0, Diff: 0, Sum: 0, Workers: 4
[1160.355s][debug][gc,phases      ] GC(57)     Total                          Min: 0, Avg:  0.0, Max: 0, Diff: 0, Sum: 0, Workers: 4
[1160.355s][debug][gc,phases      ] GC(57)   StringDedup Requests1 Weak     Min:  0.0, Avg:  0.0, Max:  0.0, Diff:  0.0, Sum:  0.0, Workers: 4
[1160.355s][debug][gc,phases      ] GC(57)     Dead                           Min: 0, Avg:  0.0, Max: 0, Diff: 0, Sum: 0, Workers: 4
[1160.355s][debug][gc,phases      ] GC(57)     Total                          Min: 0, Avg:  0.0, Max: 0, Diff: 0, Sum: 0, Workers: 4
[1160.355s][debug][gc,phases      ] GC(57)   Weak JFR Old Object Samples    Min:  0.0, Avg:  0.0, Max:  0.0, Diff:  0.0, Sum:  0.0, Workers: 4
[1160.355s][debug][gc,phases      ] GC(57)     Dead                           Min: 0, Avg:  0.0, Max: 0, Diff: 0, Sum: 0, Workers: 4
[1160.355s][debug][gc,phases      ] GC(57)     Total                          Min: 0, Avg:  0.0, Max: 0, Diff: 0, Sum: 0, Workers: 4
[1160.355s][debug][gc,phases      ] GC(57) Weak Processing 0.312ms
[1160.355s][debug][gc,age         ] GC(57) Desired survivor size 63438848 bytes, new threshold 15 (max threshold 15)
[1160.355s][info ][gc,heap        ] GC(57) PSYoungGen: 1947264K(2019328K)->128K(2035200K) Eden: 1947136K(1947136K)->0K(1968128K) From: 128K(72192K)->128K(67072K)
[1160.355s][info ][gc,heap        ] GC(57) ParOldGen: 292598K(386048K)->292606K(386048K)
[1160.355s][info ][gc,metaspace   ] GC(57) Metaspace: 83965K(84864K)->83965K(84864K) NonClass: 71458K(71936K)->71458K(71936K) Class: 12506K(12928K)->12506K(12928K)
[1160.355s][info ][gc             ] GC(57) Pause Young (Allocation Failure) 2187M->285M(2364M) 1.551ms
[1160.355s][info ][gc,cpu         ] GC(57) User=0.00s Sys=0.00s Real=0.00s
[1160.355s][info ][safepoint      ] Safepoint "ParallelGCFailedAllocation", Time since last: 31449581961 ns, Reaching safepoint: 3700 ns, Cleanup: 3200 ns, At safepoint: 1603605 ns, Total: 1610505 ns
[1192.202s][info ][gc,start       ] GC(58) Pause Young (Allocation Failure)
[1192.202s][debug][gc,phases      ] GC(58) Scavenge 0.549ms
[1192.202s][debug][gc,ref         ] GC(58) Skipped phase 1 of Reference Processing: no references
[1192.202s][debug][gc,ref         ] GC(58) Skipped phase 2 of Reference Processing: no references
[1192.202s][debug][gc,ref         ] GC(58) Skipped phase 3 of Reference Processing: no references
[1192.202s][debug][gc,ref         ] GC(58) Skipped phase 4 of Reference Processing: no references
[1192.202s][debug][gc,phases      ] GC(58) Reference Processing 0.019ms
[1192.202s][debug][gc,phases      ] GC(58)   VM Weak                        Min:  0.0, Avg:  0.0, Max:  0.0, Diff:  0.0, Sum:  0.0, Workers: 4
[1192.202s][debug][gc,phases      ] GC(58)     Dead                           Min: 0, Avg:  0.0, Max: 0, Diff: 0, Sum: 0, Workers: 4
[1192.202s][debug][gc,phases      ] GC(58)     Total                          Min: 0, Avg: 184.8, Max: 448, Diff: 448, Sum: 739, Workers: 4
[1192.202s][debug][gc,phases      ] GC(58)   ObjectSynchronizer Weak        Min:  0.0, Avg:  0.0, Max:  0.0, Diff:  0.0, Sum:  0.0, Workers: 4
[1192.202s][debug][gc,phases      ] GC(58)     Dead                           Min: 0, Avg:  0.0, Max: 0, Diff: 0, Sum: 0, Workers: 4
[1192.202s][debug][gc,phases      ] GC(58)     Total                          Min: 0, Avg:  1.0, Max: 4, Diff: 4, Sum: 4, Workers: 4
[1192.202s][debug][gc,phases      ] GC(58)   JVMTI Tag Weak OopStorage      Min:  0.0, Avg:  0.0, Max:  0.0, Diff:  0.0, Sum:  0.0, Workers: 4
[1192.202s][debug][gc,phases      ] GC(58)     Dead                           Min: 0, Avg:  0.0, Max: 0, Diff: 0, Sum: 0, Workers: 4
[1192.202s][debug][gc,phases      ] GC(58)     Total                          Min: 0, Avg:  0.0, Max: 0, Diff: 0, Sum: 0, Workers: 4
[1192.203s][debug][gc,phases      ] GC(58)   StringTable Weak               Min:  0.1, Avg:  0.1, Max:  0.1, Diff:  0.0, Sum:  0.4, Workers: 4
[1192.203s][debug][gc,phases      ] GC(58)     Dead                           Min: 0, Avg:  0.0, Max: 0, Diff: 0, Sum: 0, Workers: 4
[1192.203s][debug][gc,phases      ] GC(58)     Total                          Min: 10496, Avg: 10952.5, Max: 11362, Diff: 866, Sum: 43810, Workers: 4
[1192.203s][debug][gc,phases      ] GC(58)   ResolvedMethodTable Weak       Min:  0.0, Avg:  0.0, Max:  0.0, Diff:  0.0, Sum:  0.1, Workers: 4
[1192.203s][debug][gc,phases      ] GC(58)     Dead                           Min: 0, Avg:  0.0, Max: 0, Diff: 0, Sum: 0, Workers: 4
[1192.203s][debug][gc,phases      ] GC(58)     Total                          Min: 2496, Avg: 2603.8, Max: 2863, Diff: 367, Sum: 10415, Workers: 4
[1192.203s][debug][gc,phases      ] GC(58)   JNI Weak                       Min:  0.0, Avg:  0.0, Max:  0.0, Diff:  0.0, Sum:  0.0, Workers: 4
[1192.203s][debug][gc,phases      ] GC(58)     Dead                           Min: 0, Avg:  0.0, Max: 0, Diff: 0, Sum: 0, Workers: 4
[1192.203s][debug][gc,phases      ] GC(58)     Total                          Min: 0, Avg: 11.2, Max: 45, Diff: 45, Sum: 45, Workers: 4
[1192.203s][debug][gc,phases      ] GC(58)   StringDedup Table Weak         Min:  0.0, Avg:  0.0, Max:  0.0, Diff:  0.0, Sum:  0.0, Workers: 4
[1192.203s][debug][gc,phases      ] GC(58)     Dead                           Min: 0, Avg:  0.0, Max: 0, Diff: 0, Sum: 0, Workers: 4
[1192.203s][debug][gc,phases      ] GC(58)     Total                          Min: 0, Avg:  0.0, Max: 0, Diff: 0, Sum: 0, Workers: 4
[1192.203s][debug][gc,phases      ] GC(58)   StringDedup Requests0 Weak     Min:  0.0, Avg:  0.0, Max:  0.0, Diff:  0.0, Sum:  0.0, Workers: 4
[1192.203s][debug][gc,phases      ] GC(58)     Dead                           Min: 0, Avg:  0.0, Max: 0, Diff: 0, Sum: 0, Workers: 4
[1192.203s][debug][gc,phases      ] GC(58)     Total                          Min: 0, Avg:  0.0, Max: 0, Diff: 0, Sum: 0, Workers: 4
[1192.203s][debug][gc,phases      ] GC(58)   StringDedup Requests1 Weak     Min:  0.0, Avg:  0.0, Max:  0.0, Diff:  0.0, Sum:  0.0, Workers: 4
[1192.203s][debug][gc,phases      ] GC(58)     Dead                           Min: 0, Avg:  0.0, Max: 0, Diff: 0, Sum: 0, Workers: 4
[1192.203s][debug][gc,phases      ] GC(58)     Total                          Min: 0, Avg:  0.0, Max: 0, Diff: 0, Sum: 0, Workers: 4
[1192.203s][debug][gc,phases      ] GC(58)   Weak JFR Old Object Samples    Min:  0.0, Avg:  0.0, Max:  0.0, Diff:  0.0, Sum:  0.0, Workers: 4
[1192.203s][debug][gc,phases      ] GC(58)     Dead                           Min: 0, Avg:  0.0, Max: 0, Diff: 0, Sum: 0, Workers: 4
[1192.203s][debug][gc,phases      ] GC(58)     Total                          Min: 0, Avg:  0.0, Max: 0, Diff: 0, Sum: 0, Workers: 4
[1192.203s][debug][gc,phases      ] GC(58) Weak Processing 0.303ms
[1192.203s][debug][gc,age         ] GC(58) Desired survivor size 58720256 bytes, new threshold 15 (max threshold 15)
[1192.203s][info ][gc,heap        ] GC(58) PSYoungGen: 1968256K(2035200K)->128K(2030080K) Eden: 1968128K(1968128K)->0K(1968128K) From: 128K(67072K)->128K(61952K)
[1192.203s][info ][gc,heap        ] GC(58) ParOldGen: 292606K(386048K)->292614K(386048K)
[1192.203s][info ][gc,metaspace   ] GC(58) Metaspace: 83965K(84864K)->83965K(84864K) NonClass: 71458K(71936K)->71458K(71936K) Class: 12506K(12928K)->12506K(12928K)
[1192.203s][info ][gc             ] GC(58) Pause Young (Allocation Failure) 2207M->285M(2359M) 0.956ms
[1192.203s][info ][gc,cpu         ] GC(58) User=0.00s Sys=0.00s Real=0.00s
[1192.203s][info ][safepoint      ] Safepoint "ParallelGCFailedAllocation", Time since last: 31846157614 ns, Reaching safepoint: 3200 ns, Cleanup: 3000 ns, At safepoint: 1006603 ns, Total: 1012803 ns
[1212.204s][info ][safepoint      ] Safepoint "Cleanup", Time since last: 20001432446 ns, Reaching safepoint: 73701 ns, Cleanup: 30400 ns, At safepoint: 5300 ns, Total: 109401 ns
[1223.552s][info ][gc,start       ] GC(59) Pause Young (Allocation Failure)
[1223.553s][debug][gc,phases      ] GC(59) Scavenge 0.884ms
[1223.553s][debug][gc,ref         ] GC(59) Skipped phase 1 of Reference Processing: no references
[1223.553s][debug][gc,ref         ] GC(59) Skipped phase 2 of Reference Processing: no references
[1223.553s][debug][gc,ref         ] GC(59) Skipped phase 3 of Reference Processing: no references
[1223.553s][debug][gc,ref         ] GC(59) Skipped phase 4 of Reference Processing: no references
[1223.553s][debug][gc,phases      ] GC(59) Reference Processing 0.022ms
[1223.553s][debug][gc,phases      ] GC(59)   VM Weak                        Min:  0.0, Avg:  0.0, Max:  0.0, Diff:  0.0, Sum:  0.0, Workers: 4
[1223.553s][debug][gc,phases      ] GC(59)     Dead                           Min: 0, Avg:  0.0, Max: 0, Diff: 0, Sum: 0, Workers: 4
[1223.553s][debug][gc,phases      ] GC(59)     Total                          Min: 0, Avg: 184.8, Max: 640, Diff: 640, Sum: 739, Workers: 4
[1223.553s][debug][gc,phases      ] GC(59)   ObjectSynchronizer Weak        Min:  0.0, Avg:  0.0, Max:  0.0, Diff:  0.0, Sum:  0.0, Workers: 4
[1223.553s][debug][gc,phases      ] GC(59)     Dead                           Min: 0, Avg:  0.0, Max: 0, Diff: 0, Sum: 0, Workers: 4
[1223.553s][debug][gc,phases      ] GC(59)     Total                          Min: 0, Avg:  1.0, Max: 4, Diff: 4, Sum: 4, Workers: 4
[1223.553s][debug][gc,phases      ] GC(59)   JVMTI Tag Weak OopStorage      Min:  0.0, Avg:  0.0, Max:  0.0, Diff:  0.0, Sum:  0.0, Workers: 4
[1223.553s][debug][gc,phases      ] GC(59)     Dead                           Min: 0, Avg:  0.0, Max: 0, Diff: 0, Sum: 0, Workers: 4
[1223.553s][debug][gc,phases      ] GC(59)     Total                          Min: 0, Avg:  0.0, Max: 0, Diff: 0, Sum: 0, Workers: 4
[1223.553s][debug][gc,phases      ] GC(59)   StringTable Weak               Min:  0.0, Avg:  0.1, Max:  0.1, Diff:  0.1, Sum:  0.3, Workers: 4
[1223.553s][debug][gc,phases      ] GC(59)     Dead                           Min: 0, Avg:  0.0, Max: 0, Diff: 0, Sum: 0, Workers: 4
[1223.553s][debug][gc,phases      ] GC(59)     Total                          Min: 0, Avg: 10953.5, Max: 18214, Diff: 18214, Sum: 43814, Workers: 4
[1223.553s][debug][gc,phases      ] GC(59)   ResolvedMethodTable Weak       Min:  0.0, Avg:  0.0, Max:  0.0, Diff:  0.0, Sum:  0.1, Workers: 4
[1223.553s][debug][gc,phases      ] GC(59)     Dead                           Min: 0, Avg:  0.0, Max: 0, Diff: 0, Sum: 0, Workers: 4
[1223.553s][debug][gc,phases      ] GC(59)     Total                          Min: 0, Avg: 2603.8, Max: 4416, Diff: 4416, Sum: 10415, Workers: 4
[1223.553s][debug][gc,phases      ] GC(59)   JNI Weak                       Min:  0.0, Avg:  0.0, Max:  0.0, Diff:  0.0, Sum:  0.0, Workers: 4
[1223.553s][debug][gc,phases      ] GC(59)     Dead                           Min: 0, Avg:  0.0, Max: 0, Diff: 0, Sum: 0, Workers: 4
[1223.553s][debug][gc,phases      ] GC(59)     Total                          Min: 0, Avg: 11.2, Max: 45, Diff: 45, Sum: 45, Workers: 4
[1223.553s][debug][gc,phases      ] GC(59)   StringDedup Table Weak         Min:  0.0, Avg:  0.0, Max:  0.0, Diff:  0.0, Sum:  0.0, Workers: 4
[1223.553s][debug][gc,phases      ] GC(59)     Dead                           Min: 0, Avg:  0.0, Max: 0, Diff: 0, Sum: 0, Workers: 4
[1223.553s][debug][gc,phases      ] GC(59)     Total                          Min: 0, Avg:  0.0, Max: 0, Diff: 0, Sum: 0, Workers: 4
[1223.553s][debug][gc,phases      ] GC(59)   StringDedup Requests0 Weak     Min:  0.0, Avg:  0.0, Max:  0.0, Diff:  0.0, Sum:  0.0, Workers: 4
[1223.553s][debug][gc,phases      ] GC(59)     Dead                           Min: 0, Avg:  0.0, Max: 0, Diff: 0, Sum: 0, Workers: 4
[1223.553s][debug][gc,phases      ] GC(59)     Total                          Min: 0, Avg:  0.0, Max: 0, Diff: 0, Sum: 0, Workers: 4
[1223.553s][debug][gc,phases      ] GC(59)   StringDedup Requests1 Weak     Min:  0.0, Avg:  0.0, Max:  0.0, Diff:  0.0, Sum:  0.0, Workers: 4
[1223.553s][debug][gc,phases      ] GC(59)     Dead                           Min: 0, Avg:  0.0, Max: 0, Diff: 0, Sum: 0, Workers: 4
[1223.553s][debug][gc,phases      ] GC(59)     Total                          Min: 0, Avg:  0.0, Max: 0, Diff: 0, Sum: 0, Workers: 4
[1223.553s][debug][gc,phases      ] GC(59)   Weak JFR Old Object Samples    Min:  0.0, Avg:  0.0, Max:  0.0, Diff:  0.0, Sum:  0.0, Workers: 4
[1223.553s][debug][gc,phases      ] GC(59)     Dead                           Min: 0, Avg:  0.0, Max: 0, Diff: 0, Sum: 0, Workers: 4
[1223.553s][debug][gc,phases      ] GC(59)     Total                          Min: 0, Avg:  0.0, Max: 0, Diff: 0, Sum: 0, Workers: 4
[1223.553s][debug][gc,phases      ] GC(59) Weak Processing 0.293ms
[1223.553s][debug][gc,age         ] GC(59) Desired survivor size 54525952 bytes, new threshold 15 (max threshold 15)
[1223.553s][info ][gc,heap        ] GC(59) PSYoungGen: 1968256K(2030080K)->128K(2043904K) Eden: 1968128K(1968128K)->0K(1986560K) From: 128K(61952K)->128K(57344K)
[1223.553s][info ][gc,heap        ] GC(59) ParOldGen: 292614K(386048K)->292630K(386048K)
[1223.553s][info ][gc,metaspace   ] GC(59) Metaspace: 83975K(84928K)->83975K(84928K) NonClass: 71468K(72000K)->71468K(72000K) Class: 12506K(12928K)->12506K(12928K)
[1223.553s][info ][gc             ] GC(59) Pause Young (Allocation Failure) 2207M->285M(2373M) 1.278ms
[1223.553s][info ][gc,cpu         ] GC(59) User=0.00s Sys=0.00s Real=0.00s
[1223.553s][info ][safepoint      ] Safepoint "ParallelGCFailedAllocation", Time since last: 11347702543 ns, Reaching safepoint: 90400 ns, Cleanup: 4400 ns, At safepoint: 1331304 ns, Total: 1426104 ns
[1255.652s][info ][gc,start       ] GC(60) Pause Young (Allocation Failure)
[1255.653s][debug][gc,phases      ] GC(60) Scavenge 0.821ms
[1255.653s][debug][gc,ref         ] GC(60) Skipped phase 1 of Reference Processing: no references
[1255.653s][debug][gc,ref         ] GC(60) Skipped phase 2 of Reference Processing: no references
[1255.653s][debug][gc,ref         ] GC(60) Skipped phase 3 of Reference Processing: no references
[1255.653s][debug][gc,ref         ] GC(60) Skipped phase 4 of Reference Processing: no references
[1255.653s][debug][gc,phases      ] GC(60) Reference Processing 0.019ms
[1255.653s][debug][gc,phases      ] GC(60)   VM Weak                        Min:  0.0, Avg:  0.0, Max:  0.0, Diff:  0.0, Sum:  0.0, Workers: 4
[1255.653s][debug][gc,phases      ] GC(60)     Dead                           Min: 0, Avg:  0.0, Max: 0, Diff: 0, Sum: 0, Workers: 4
[1255.653s][debug][gc,phases      ] GC(60)     Total                          Min: 0, Avg: 184.8, Max: 576, Diff: 576, Sum: 739, Workers: 4
[1255.653s][debug][gc,phases      ] GC(60)   ObjectSynchronizer Weak        Min:  0.0, Avg:  0.0, Max:  0.0, Diff:  0.0, Sum:  0.0, Workers: 4
[1255.653s][debug][gc,phases      ] GC(60)     Dead                           Min: 0, Avg:  0.0, Max: 0, Diff: 0, Sum: 0, Workers: 4
[1255.653s][debug][gc,phases      ] GC(60)     Total                          Min: 0, Avg:  1.0, Max: 4, Diff: 4, Sum: 4, Workers: 4
[1255.653s][debug][gc,phases      ] GC(60)   JVMTI Tag Weak OopStorage      Min:  0.0, Avg:  0.0, Max:  0.0, Diff:  0.0, Sum:  0.0, Workers: 4
[1255.653s][debug][gc,phases      ] GC(60)     Dead                           Min: 0, Avg:  0.0, Max: 0, Diff: 0, Sum: 0, Workers: 4
[1255.653s][debug][gc,phases      ] GC(60)     Total                          Min: 0, Avg:  0.0, Max: 0, Diff: 0, Sum: 0, Workers: 4
[1255.653s][debug][gc,phases      ] GC(60)   StringTable Weak               Min:  0.1, Avg:  0.1, Max:  0.1, Diff:  0.0, Sum:  0.4, Workers: 4
[1255.653s][debug][gc,phases      ] GC(60)     Dead                           Min: 0, Avg:  0.0, Max: 0, Diff: 0, Sum: 0, Workers: 4
[1255.653s][debug][gc,phases      ] GC(60)     Total                          Min: 10624, Avg: 10953.5, Max: 11584, Diff: 960, Sum: 43814, Workers: 4
[1255.653s][debug][gc,phases      ] GC(60)   ResolvedMethodTable Weak       Min:  0.0, Avg:  0.0, Max:  0.0, Diff:  0.0, Sum:  0.1, Workers: 4
[1255.653s][debug][gc,phases      ] GC(60)     Dead                           Min: 0, Avg:  0.0, Max: 0, Diff: 0, Sum: 0, Workers: 4
[1255.653s][debug][gc,phases      ] GC(60)     Total                          Min: 2432, Avg: 2603.8, Max: 2863, Diff: 431, Sum: 10415, Workers: 4
[1255.653s][debug][gc,phases      ] GC(60)   JNI Weak                       Min:  0.0, Avg:  0.0, Max:  0.0, Diff:  0.0, Sum:  0.0, Workers: 4
[1255.653s][debug][gc,phases      ] GC(60)     Dead                           Min: 0, Avg:  0.0, Max: 0, Diff: 0, Sum: 0, Workers: 4
[1255.653s][debug][gc,phases      ] GC(60)     Total                          Min: 0, Avg: 11.2, Max: 45, Diff: 45, Sum: 45, Workers: 4
[1255.653s][debug][gc,phases      ] GC(60)   StringDedup Table Weak         Min:  0.0, Avg:  0.0, Max:  0.0, Diff:  0.0, Sum:  0.0, Workers: 4
[1255.653s][debug][gc,phases      ] GC(60)     Dead                           Min: 0, Avg:  0.0, Max: 0, Diff: 0, Sum: 0, Workers: 4
[1255.653s][debug][gc,phases      ] GC(60)     Total                          Min: 0, Avg:  0.0, Max: 0, Diff: 0, Sum: 0, Workers: 4
[1255.653s][debug][gc,phases      ] GC(60)   StringDedup Requests0 Weak     Min:  0.0, Avg:  0.0, Max:  0.0, Diff:  0.0, Sum:  0.0, Workers: 4
[1255.653s][debug][gc,phases      ] GC(60)     Dead                           Min: 0, Avg:  0.0, Max: 0, Diff: 0, Sum: 0, Workers: 4
[1255.653s][debug][gc,phases      ] GC(60)     Total                          Min: 0, Avg:  0.0, Max: 0, Diff: 0, Sum: 0, Workers: 4
[1255.653s][debug][gc,phases      ] GC(60)   StringDedup Requests1 Weak     Min:  0.0, Avg:  0.0, Max:  0.0, Diff:  0.0, Sum:  0.0, Workers: 4
[1255.653s][debug][gc,phases      ] GC(60)     Dead                           Min: 0, Avg:  0.0, Max: 0, Diff: 0, Sum: 0, Workers: 4
[1255.653s][debug][gc,phases      ] GC(60)     Total                          Min: 0, Avg:  0.0, Max: 0, Diff: 0, Sum: 0, Workers: 4
[1255.653s][debug][gc,phases      ] GC(60)   Weak JFR Old Object Samples    Min:  0.0, Avg:  0.0, Max:  0.0, Diff:  0.0, Sum:  0.0, Workers: 4
[1255.653s][debug][gc,phases      ] GC(60)     Dead                           Min: 0, Avg:  0.0, Max: 0, Diff: 0, Sum: 0, Workers: 4
[1255.653s][debug][gc,phases      ] GC(60)     Total                          Min: 0, Avg:  0.0, Max: 0, Diff: 0, Sum: 0, Workers: 4
[1255.653s][debug][gc,phases      ] GC(60) Weak Processing 0.284ms
[1255.653s][debug][gc,age         ] GC(60) Desired survivor size 50331648 bytes, new threshold 15 (max threshold 15)
[1255.653s][info ][gc,heap        ] GC(60) PSYoungGen: 1986688K(2043904K)->128K(2039808K) Eden: 1986560K(1986560K)->0K(1986560K) From: 128K(57344K)->128K(53248K)
[1255.653s][info ][gc,heap        ] GC(60) ParOldGen: 292630K(386048K)->292638K(386048K)
[1255.653s][info ][gc,metaspace   ] GC(60) Metaspace: 83975K(84928K)->83975K(84928K) NonClass: 71469K(72000K)->71469K(72000K) Class: 12506K(12928K)->12506K(12928K)
[1255.653s][info ][gc             ] GC(60) Pause Young (Allocation Failure) 2225M->285M(2369M) 1.200ms
[1255.653s][info ][gc,cpu         ] GC(60) User=0.00s Sys=0.00s Real=0.00s
[1255.653s][info ][safepoint      ] Safepoint "ParallelGCFailedAllocation", Time since last: 32098574080 ns, Reaching safepoint: 3600 ns, Cleanup: 3100 ns, At safepoint: 1275704 ns, Total: 1282404 ns
[1256.653s][info ][safepoint      ] Safepoint "Cleanup", Time since last: 1000044827 ns, Reaching safepoint: 74500 ns, Cleanup: 9100 ns, At safepoint: 4700 ns, Total: 88300 ns
[1287.655s][info ][safepoint      ] Safepoint "Cleanup", Time since last: 31002073079 ns, Reaching safepoint: 3800 ns, Cleanup: 8500 ns, At safepoint: 1600 ns, Total: 13900 ns
[1287.752s][info ][gc,start       ] GC(61) Pause Young (Allocation Failure)
[1287.753s][debug][gc,phases      ] GC(61) Scavenge 1.139ms
[1287.753s][debug][gc,ref         ] GC(61) Skipped phase 1 of Reference Processing: no references
[1287.753s][debug][gc,ref         ] GC(61) Skipped phase 2 of Reference Processing: no references
[1287.753s][debug][gc,ref         ] GC(61) Skipped phase 3 of Reference Processing: no references
[1287.753s][debug][gc,ref         ] GC(61) Skipped phase 4 of Reference Processing: no references
[1287.753s][debug][gc,phases      ] GC(61) Reference Processing 0.020ms
[1287.753s][debug][gc,phases      ] GC(61)   VM Weak                        Min:  0.0, Avg:  0.0, Max:  0.0, Diff:  0.0, Sum:  0.0, Workers: 4
[1287.753s][debug][gc,phases      ] GC(61)     Dead                           Min: 0, Avg:  0.0, Max: 0, Diff: 0, Sum: 0, Workers: 4
[1287.753s][debug][gc,phases      ] GC(61)     Total                          Min: 0, Avg: 184.8, Max: 419, Diff: 419, Sum: 739, Workers: 4
[1287.753s][debug][gc,phases      ] GC(61)   ObjectSynchronizer Weak        Min:  0.0, Avg:  0.0, Max:  0.0, Diff:  0.0, Sum:  0.0, Workers: 4
[1287.753s][debug][gc,phases      ] GC(61)     Dead                           Min: 0, Avg:  0.0, Max: 0, Diff: 0, Sum: 0, Workers: 4
[1287.753s][debug][gc,phases      ] GC(61)     Total                          Min: 0, Avg:  1.0, Max: 4, Diff: 4, Sum: 4, Workers: 4
[1287.754s][debug][gc,phases      ] GC(61)   JVMTI Tag Weak OopStorage      Min:  0.0, Avg:  0.0, Max:  0.0, Diff:  0.0, Sum:  0.0, Workers: 4
[1287.754s][debug][gc,phases      ] GC(61)     Dead                           Min: 0, Avg:  0.0, Max: 0, Diff: 0, Sum: 0, Workers: 4
[1287.754s][debug][gc,phases      ] GC(61)     Total                          Min: 0, Avg:  0.0, Max: 0, Diff: 0, Sum: 0, Workers: 4
[1287.754s][debug][gc,phases      ] GC(61)   StringTable Weak               Min:  0.1, Avg:  0.1, Max:  0.1, Diff:  0.0, Sum:  0.4, Workers: 4
[1287.754s][debug][gc,phases      ] GC(61)     Dead                           Min: 0, Avg:  0.0, Max: 0, Diff: 0, Sum: 0, Workers: 4
[1287.754s][debug][gc,phases      ] GC(61)     Total                          Min: 10240, Avg: 10953.5, Max: 11712, Diff: 1472, Sum: 43814, Workers: 4
[1287.754s][debug][gc,phases      ] GC(61)   ResolvedMethodTable Weak       Min:  0.0, Avg:  0.0, Max:  0.0, Diff:  0.0, Sum:  0.1, Workers: 4
[1287.754s][debug][gc,phases      ] GC(61)     Dead                           Min: 0, Avg:  0.0, Max: 0, Diff: 0, Sum: 0, Workers: 4
[1287.754s][debug][gc,phases      ] GC(61)     Total                          Min: 2432, Avg: 2603.8, Max: 2816, Diff: 384, Sum: 10415, Workers: 4
[1287.754s][debug][gc,phases      ] GC(61)   JNI Weak                       Min:  0.0, Avg:  0.0, Max:  0.0, Diff:  0.0, Sum:  0.0, Workers: 4
[1287.754s][debug][gc,phases      ] GC(61)     Dead                           Min: 0, Avg:  0.0, Max: 0, Diff: 0, Sum: 0, Workers: 4
[1287.754s][debug][gc,phases      ] GC(61)     Total                          Min: 0, Avg: 11.2, Max: 45, Diff: 45, Sum: 45, Workers: 4
[1287.754s][debug][gc,phases      ] GC(61)   StringDedup Table Weak         Min:  0.0, Avg:  0.0, Max:  0.0, Diff:  0.0, Sum:  0.0, Workers: 4
[1287.754s][debug][gc,phases      ] GC(61)     Dead                           Min: 0, Avg:  0.0, Max: 0, Diff: 0, Sum: 0, Workers: 4
[1287.754s][debug][gc,phases      ] GC(61)     Total                          Min: 0, Avg:  0.0, Max: 0, Diff: 0, Sum: 0, Workers: 4
[1287.754s][debug][gc,phases      ] GC(61)   StringDedup Requests0 Weak     Min:  0.0, Avg:  0.0, Max:  0.0, Diff:  0.0, Sum:  0.0, Workers: 4
[1287.754s][debug][gc,phases      ] GC(61)     Dead                           Min: 0, Avg:  0.0, Max: 0, Diff: 0, Sum: 0, Workers: 4
[1287.754s][debug][gc,phases      ] GC(61)     Total                          Min: 0, Avg:  0.0, Max: 0, Diff: 0, Sum: 0, Workers: 4
[1287.754s][debug][gc,phases      ] GC(61)   StringDedup Requests1 Weak     Min:  0.0, Avg:  0.0, Max:  0.0, Diff:  0.0, Sum:  0.0, Workers: 4
[1287.754s][debug][gc,phases      ] GC(61)     Dead                           Min: 0, Avg:  0.0, Max: 0, Diff: 0, Sum: 0, Workers: 4
[1287.754s][debug][gc,phases      ] GC(61)     Total                          Min: 0, Avg:  0.0, Max: 0, Diff: 0, Sum: 0, Workers: 4
[1287.754s][debug][gc,phases      ] GC(61)   Weak JFR Old Object Samples    Min:  0.0, Avg:  0.0, Max:  0.0, Diff:  0.0, Sum:  0.0, Workers: 4
[1287.754s][debug][gc,phases      ] GC(61)     Dead                           Min: 0, Avg:  0.0, Max: 0, Diff: 0, Sum: 0, Workers: 4
[1287.754s][debug][gc,phases      ] GC(61)     Total                          Min: 0, Avg:  0.0, Max: 0, Diff: 0, Sum: 0, Workers: 4
[1287.754s][debug][gc,phases      ] GC(61) Weak Processing 0.294ms
[1287.754s][debug][gc,age         ] GC(61) Desired survivor size 46137344 bytes, new threshold 15 (max threshold 15)
[1287.754s][info ][gc,heap        ] GC(61) PSYoungGen: 1986688K(2039808K)->96K(2052096K) Eden: 1986560K(1986560K)->0K(2002944K) From: 128K(53248K)->96K(49152K)
[1287.754s][info ][gc,heap        ] GC(61) ParOldGen: 292638K(386048K)->292646K(386048K)
[1287.754s][info ][gc,metaspace   ] GC(61) Metaspace: 83980K(84928K)->83980K(84928K) NonClass: 71473K(72000K)->71473K(72000K) Class: 12506K(12928K)->12506K(12928K)
[1287.754s][info ][gc             ] GC(61) Pause Young (Allocation Failure) 2225M->285M(2381M) 1.519ms
[1287.754s][info ][gc,cpu         ] GC(61) User=0.00s Sys=0.00s Real=0.00s
[1287.754s][info ][safepoint      ] Safepoint "ParallelGCFailedAllocation", Time since last: 96692892 ns, Reaching safepoint: 2400 ns, Cleanup: 1600 ns, At safepoint: 1568005 ns, Total: 1572005 ns
[1320.103s][info ][gc,start       ] GC(62) Pause Young (Allocation Failure)
[1320.104s][debug][gc,phases      ] GC(62) Scavenge 0.983ms
[1320.104s][debug][gc,ref         ] GC(62) Skipped phase 1 of Reference Processing: no references
[1320.104s][debug][gc,ref         ] GC(62) Skipped phase 2 of Reference Processing: no references
[1320.104s][debug][gc,ref         ] GC(62) Skipped phase 3 of Reference Processing: no references
[1320.104s][debug][gc,ref         ] GC(62) Skipped phase 4 of Reference Processing: no references
[1320.104s][debug][gc,phases      ] GC(62) Reference Processing 0.020ms
[1320.104s][debug][gc,phases      ] GC(62)   VM Weak                        Min:  0.0, Avg:  0.0, Max:  0.0, Diff:  0.0, Sum:  0.0, Workers: 4
[1320.104s][debug][gc,phases      ] GC(62)     Dead                           Min: 0, Avg:  0.0, Max: 0, Diff: 0, Sum: 0, Workers: 4
[1320.104s][debug][gc,phases      ] GC(62)     Total                          Min: 0, Avg: 184.8, Max: 512, Diff: 512, Sum: 739, Workers: 4
[1320.104s][debug][gc,phases      ] GC(62)   ObjectSynchronizer Weak        Min:  0.0, Avg:  0.0, Max:  0.0, Diff:  0.0, Sum:  0.0, Workers: 4
[1320.104s][debug][gc,phases      ] GC(62)     Dead                           Min: 0, Avg:  0.0, Max: 0, Diff: 0, Sum: 0, Workers: 4
[1320.104s][debug][gc,phases      ] GC(62)     Total                          Min: 0, Avg:  1.0, Max: 4, Diff: 4, Sum: 4, Workers: 4
[1320.104s][debug][gc,phases      ] GC(62)   JVMTI Tag Weak OopStorage      Min:  0.0, Avg:  0.0, Max:  0.0, Diff:  0.0, Sum:  0.0, Workers: 4
[1320.104s][debug][gc,phases      ] GC(62)     Dead                           Min: 0, Avg:  0.0, Max: 0, Diff: 0, Sum: 0, Workers: 4
[1320.104s][debug][gc,phases      ] GC(62)     Total                          Min: 0, Avg:  0.0, Max: 0, Diff: 0, Sum: 0, Workers: 4
[1320.104s][debug][gc,phases      ] GC(62)   StringTable Weak               Min:  0.0, Avg:  0.1, Max:  0.1, Diff:  0.1, Sum:  0.3, Workers: 4
[1320.104s][debug][gc,phases      ] GC(62)     Dead                           Min: 0, Avg:  0.0, Max: 0, Diff: 0, Sum: 0, Workers: 4
[1320.104s][debug][gc,phases      ] GC(62)     Total                          Min: 0, Avg: 10953.8, Max: 19431, Diff: 19431, Sum: 43815, Workers: 4
[1320.104s][debug][gc,phases      ] GC(62)   ResolvedMethodTable Weak       Min:  0.0, Avg:  0.0, Max:  0.0, Diff:  0.0, Sum:  0.1, Workers: 4
[1320.104s][debug][gc,phases      ] GC(62)     Dead                           Min: 0, Avg:  0.0, Max: 0, Diff: 0, Sum: 0, Workers: 4
[1320.104s][debug][gc,phases      ] GC(62)     Total                          Min: 0, Avg: 2603.8, Max: 4527, Diff: 4527, Sum: 10415, Workers: 4
[1320.104s][debug][gc,phases      ] GC(62)   JNI Weak                       Min:  0.0, Avg:  0.0, Max:  0.0, Diff:  0.0, Sum:  0.0, Workers: 4
[1320.104s][debug][gc,phases      ] GC(62)     Dead                           Min: 0, Avg:  0.0, Max: 0, Diff: 0, Sum: 0, Workers: 4
[1320.104s][debug][gc,phases      ] GC(62)     Total                          Min: 0, Avg: 11.2, Max: 45, Diff: 45, Sum: 45, Workers: 4
[1320.104s][debug][gc,phases      ] GC(62)   StringDedup Table Weak         Min:  0.0, Avg:  0.0, Max:  0.0, Diff:  0.0, Sum:  0.0, Workers: 4
[1320.104s][debug][gc,phases      ] GC(62)     Dead                           Min: 0, Avg:  0.0, Max: 0, Diff: 0, Sum: 0, Workers: 4
[1320.104s][debug][gc,phases      ] GC(62)     Total                          Min: 0, Avg:  0.0, Max: 0, Diff: 0, Sum: 0, Workers: 4
[1320.104s][debug][gc,phases      ] GC(62)   StringDedup Requests0 Weak     Min:  0.0, Avg:  0.0, Max:  0.0, Diff:  0.0, Sum:  0.0, Workers: 4
[1320.104s][debug][gc,phases      ] GC(62)     Dead                           Min: 0, Avg:  0.0, Max: 0, Diff: 0, Sum: 0, Workers: 4
[1320.104s][debug][gc,phases      ] GC(62)     Total                          Min: 0, Avg:  0.0, Max: 0, Diff: 0, Sum: 0, Workers: 4
[1320.104s][debug][gc,phases      ] GC(62)   StringDedup Requests1 Weak     Min:  0.0, Avg:  0.0, Max:  0.0, Diff:  0.0, Sum:  0.0, Workers: 4
[1320.104s][debug][gc,phases      ] GC(62)     Dead                           Min: 0, Avg:  0.0, Max: 0, Diff: 0, Sum: 0, Workers: 4
[1320.104s][debug][gc,phases      ] GC(62)     Total                          Min: 0, Avg:  0.0, Max: 0, Diff: 0, Sum: 0, Workers: 4
[1320.104s][debug][gc,phases      ] GC(62)   Weak JFR Old Object Samples    Min:  0.0, Avg:  0.0, Max:  0.0, Diff:  0.0, Sum:  0.0, Workers: 4
[1320.104s][debug][gc,phases      ] GC(62)     Dead                           Min: 0, Avg:  0.0, Max: 0, Diff: 0, Sum: 0, Workers: 4
[1320.104s][debug][gc,phases      ] GC(62)     Total                          Min: 0, Avg:  0.0, Max: 0, Diff: 0, Sum: 0, Workers: 4
[1320.104s][debug][gc,phases      ] GC(62) Weak Processing 0.295ms
[1320.104s][debug][gc,age         ] GC(62) Desired survivor size 42991616 bytes, new threshold 15 (max threshold 15)
[1320.104s][info ][gc,heap        ] GC(62) PSYoungGen: 2003040K(2052096K)->96K(2048000K) Eden: 2002944K(2002944K)->0K(2002944K) From: 96K(49152K)->96K(45056K)
[1320.104s][info ][gc,heap        ] GC(62) ParOldGen: 292646K(386048K)->292654K(386048K)
[1320.104s][info ][gc,metaspace   ] GC(62) Metaspace: 83983K(84928K)->83983K(84928K) NonClass: 71476K(72000K)->71476K(72000K) Class: 12506K(12928K)->12506K(12928K)
[1320.104s][info ][gc             ] GC(62) Pause Young (Allocation Failure) 2241M->285M(2377M) 1.376ms
[1320.104s][info ][gc,cpu         ] GC(62) User=0.00s Sys=0.00s Real=0.00s
[1320.104s][info ][safepoint      ] Safepoint "ParallelGCFailedAllocation", Time since last: 32349161300 ns, Reaching safepoint: 3300 ns, Cleanup: 3500 ns, At safepoint: 1426305 ns, Total: 1433105 ns
[1352.454s][info ][gc,start       ] GC(63) Pause Young (Allocation Failure)
[1352.455s][debug][gc,phases      ] GC(63) Scavenge 1.214ms
[1352.455s][debug][gc,ref         ] GC(63) Skipped phase 1 of Reference Processing: no references
[1352.455s][debug][gc,ref         ] GC(63) Skipped phase 2 of Reference Processing: no references
[1352.455s][debug][gc,ref         ] GC(63) Skipped phase 3 of Reference Processing: no references
[1352.455s][debug][gc,ref         ] GC(63) Skipped phase 4 of Reference Processing: no references
[1352.455s][debug][gc,phases      ] GC(63) Reference Processing 0.038ms
[1352.455s][debug][gc,phases      ] GC(63)   VM Weak                        Min:  0.0, Avg:  0.0, Max:  0.0, Diff:  0.0, Sum:  0.0, Workers: 4
[1352.455s][debug][gc,phases      ] GC(63)     Dead                           Min: 0, Avg:  0.0, Max: 0, Diff: 0, Sum: 0, Workers: 4
[1352.455s][debug][gc,phases      ] GC(63)     Total                          Min: 0, Avg: 184.8, Max: 483, Diff: 483, Sum: 739, Workers: 4
[1352.455s][debug][gc,phases      ] GC(63)   ObjectSynchronizer Weak        Min:  0.0, Avg:  0.0, Max:  0.0, Diff:  0.0, Sum:  0.0, Workers: 4
[1352.455s][debug][gc,phases      ] GC(63)     Dead                           Min: 0, Avg:  0.0, Max: 0, Diff: 0, Sum: 0, Workers: 4
[1352.455s][debug][gc,phases      ] GC(63)     Total                          Min: 0, Avg:  1.0, Max: 4, Diff: 4, Sum: 4, Workers: 4
[1352.455s][debug][gc,phases      ] GC(63)   JVMTI Tag Weak OopStorage      Min:  0.0, Avg:  0.0, Max:  0.0, Diff:  0.0, Sum:  0.0, Workers: 4
[1352.455s][debug][gc,phases      ] GC(63)     Dead                           Min: 0, Avg:  0.0, Max: 0, Diff: 0, Sum: 0, Workers: 4
[1352.455s][debug][gc,phases      ] GC(63)     Total                          Min: 0, Avg:  0.0, Max: 0, Diff: 0, Sum: 0, Workers: 4
[1352.455s][debug][gc,phases      ] GC(63)   StringTable Weak               Min:  0.1, Avg:  0.1, Max:  0.1, Diff:  0.0, Sum:  0.4, Workers: 4
[1352.455s][debug][gc,phases      ] GC(63)     Dead                           Min: 0, Avg:  0.0, Max: 0, Diff: 0, Sum: 0, Workers: 4
[1352.455s][debug][gc,phases      ] GC(63)     Total                          Min: 10624, Avg: 10953.8, Max: 11264, Diff: 640, Sum: 43815, Workers: 4
[1352.455s][debug][gc,phases      ] GC(63)   ResolvedMethodTable Weak       Min:  0.0, Avg:  0.0, Max:  0.0, Diff:  0.0, Sum:  0.1, Workers: 4
[1352.455s][debug][gc,phases      ] GC(63)     Dead                           Min: 0, Avg:  0.0, Max: 0, Diff: 0, Sum: 0, Workers: 4
[1352.455s][debug][gc,phases      ] GC(63)     Total                          Min: 2496, Avg: 2603.8, Max: 2880, Diff: 384, Sum: 10415, Workers: 4
[1352.455s][debug][gc,phases      ] GC(63)   JNI Weak                       Min:  0.0, Avg:  0.0, Max:  0.0, Diff:  0.0, Sum:  0.0, Workers: 4
[1352.455s][debug][gc,phases      ] GC(63)     Dead                           Min: 0, Avg:  0.0, Max: 0, Diff: 0, Sum: 0, Workers: 4
[1352.455s][debug][gc,phases      ] GC(63)     Total                          Min: 0, Avg: 11.2, Max: 45, Diff: 45, Sum: 45, Workers: 4
[1352.455s][debug][gc,phases      ] GC(63)   StringDedup Table Weak         Min:  0.0, Avg:  0.0, Max:  0.0, Diff:  0.0, Sum:  0.0, Workers: 4
[1352.455s][debug][gc,phases      ] GC(63)     Dead                           Min: 0, Avg:  0.0, Max: 0, Diff: 0, Sum: 0, Workers: 4
[1352.455s][debug][gc,phases      ] GC(63)     Total                          Min: 0, Avg:  0.0, Max: 0, Diff: 0, Sum: 0, Workers: 4
[1352.455s][debug][gc,phases      ] GC(63)   StringDedup Requests0 Weak     Min:  0.0, Avg:  0.0, Max:  0.0, Diff:  0.0, Sum:  0.0, Workers: 4
[1352.455s][debug][gc,phases      ] GC(63)     Dead                           Min: 0, Avg:  0.0, Max: 0, Diff: 0, Sum: 0, Workers: 4
[1352.455s][debug][gc,phases      ] GC(63)     Total                          Min: 0, Avg:  0.0, Max: 0, Diff: 0, Sum: 0, Workers: 4
[1352.455s][debug][gc,phases      ] GC(63)   StringDedup Requests1 Weak     Min:  0.0, Avg:  0.0, Max:  0.0, Diff:  0.0, Sum:  0.0, Workers: 4
[1352.455s][debug][gc,phases      ] GC(63)     Dead                           Min: 0, Avg:  0.0, Max: 0, Diff: 0, Sum: 0, Workers: 4
[1352.455s][debug][gc,phases      ] GC(63)     Total                          Min: 0, Avg:  0.0, Max: 0, Diff: 0, Sum: 0, Workers: 4
[1352.455s][debug][gc,phases      ] GC(63)   Weak JFR Old Object Samples    Min:  0.0, Avg:  0.0, Max:  0.0, Diff:  0.0, Sum:  0.0, Workers: 4
[1352.455s][debug][gc,phases      ] GC(63)     Dead                           Min: 0, Avg:  0.0, Max: 0, Diff: 0, Sum: 0, Workers: 4
[1352.455s][debug][gc,phases      ] GC(63)     Total                          Min: 0, Avg:  0.0, Max: 0, Diff: 0, Sum: 0, Workers: 4
[1352.455s][debug][gc,phases      ] GC(63) Weak Processing 0.310ms
[1352.455s][debug][gc,age         ] GC(63) Desired survivor size 39321600 bytes, new threshold 15 (max threshold 15)
[1352.455s][info ][gc,heap        ] GC(63) PSYoungGen: 2003040K(2048000K)->128K(2058752K) Eden: 2002944K(2002944K)->0K(2016768K) From: 96K(45056K)->128K(41984K)
[1352.455s][info ][gc,heap        ] GC(63) ParOldGen: 292654K(386048K)->292670K(386048K)
[1352.455s][info ][gc,metaspace   ] GC(63) Metaspace: 83983K(84928K)->83983K(84928K) NonClass: 71476K(72000K)->71476K(72000K) Class: 12506K(12928K)->12506K(12928K)
[1352.455s][info ][gc             ] GC(63) Pause Young (Allocation Failure) 2241M->285M(2387M) 1.650ms
[1352.455s][info ][gc,cpu         ] GC(63) User=0.00s Sys=0.00s Real=0.00s
[1352.456s][info ][safepoint      ] Safepoint "ParallelGCFailedAllocation", Time since last: 32349525447 ns, Reaching safepoint: 3500 ns, Cleanup: 3500 ns, At safepoint: 1737605 ns, Total: 1744605 ns
[1385.053s][info ][gc,start       ] GC(64) Pause Young (Allocation Failure)
[1385.054s][debug][gc,phases      ] GC(64) Scavenge 0.807ms
[1385.054s][debug][gc,ref         ] GC(64) Skipped phase 1 of Reference Processing: no references
[1385.054s][debug][gc,ref         ] GC(64) Skipped phase 2 of Reference Processing: no references
[1385.054s][debug][gc,ref         ] GC(64) Skipped phase 3 of Reference Processing: no references
[1385.054s][debug][gc,ref         ] GC(64) Skipped phase 4 of Reference Processing: no references
[1385.054s][debug][gc,phases      ] GC(64) Reference Processing 0.020ms
[1385.054s][debug][gc,phases      ] GC(64)   VM Weak                        Min:  0.0, Avg:  0.0, Max:  0.0, Diff:  0.0, Sum:  0.0, Workers: 4
[1385.054s][debug][gc,phases      ] GC(64)     Dead                           Min: 0, Avg:  0.0, Max: 0, Diff: 0, Sum: 0, Workers: 4
[1385.054s][debug][gc,phases      ] GC(64)     Total                          Min: 0, Avg: 184.8, Max: 576, Diff: 576, Sum: 739, Workers: 4
[1385.054s][debug][gc,phases      ] GC(64)   ObjectSynchronizer Weak        Min:  0.0, Avg:  0.0, Max:  0.0, Diff:  0.0, Sum:  0.0, Workers: 4
[1385.054s][debug][gc,phases      ] GC(64)     Dead                           Min: 0, Avg:  0.0, Max: 0, Diff: 0, Sum: 0, Workers: 4
[1385.054s][debug][gc,phases      ] GC(64)     Total                          Min: 0, Avg:  1.0, Max: 4, Diff: 4, Sum: 4, Workers: 4
[1385.054s][debug][gc,phases      ] GC(64)   JVMTI Tag Weak OopStorage      Min:  0.0, Avg:  0.0, Max:  0.0, Diff:  0.0, Sum:  0.0, Workers: 4
[1385.054s][debug][gc,phases      ] GC(64)     Dead                           Min: 0, Avg:  0.0, Max: 0, Diff: 0, Sum: 0, Workers: 4
[1385.054s][debug][gc,phases      ] GC(64)     Total                          Min: 0, Avg:  0.0, Max: 0, Diff: 0, Sum: 0, Workers: 4
[1385.054s][debug][gc,phases      ] GC(64)   StringTable Weak               Min:  0.0, Avg:  0.1, Max:  0.1, Diff:  0.1, Sum:  0.4, Workers: 4
[1385.054s][debug][gc,phases      ] GC(64)     Dead                           Min: 0, Avg:  0.0, Max: 0, Diff: 0, Sum: 0, Workers: 4
[1385.054s][debug][gc,phases      ] GC(64)     Total                          Min: 0, Avg: 10953.8, Max: 19456, Diff: 19456, Sum: 43815, Workers: 4
[1385.054s][debug][gc,phases      ] GC(64)   ResolvedMethodTable Weak       Min:  0.0, Avg:  0.0, Max:  0.0, Diff:  0.0, Sum:  0.1, Workers: 4
[1385.054s][debug][gc,phases      ] GC(64)     Dead                           Min: 0, Avg:  0.0, Max: 0, Diff: 0, Sum: 0, Workers: 4
[1385.054s][debug][gc,phases      ] GC(64)     Total                          Min: 0, Avg: 2603.8, Max: 4480, Diff: 4480, Sum: 10415, Workers: 4
[1385.054s][debug][gc,phases      ] GC(64)   JNI Weak                       Min:  0.0, Avg:  0.0, Max:  0.0, Diff:  0.0, Sum:  0.0, Workers: 4
[1385.054s][debug][gc,phases      ] GC(64)     Dead                           Min: 0, Avg:  0.0, Max: 0, Diff: 0, Sum: 0, Workers: 4
[1385.054s][debug][gc,phases      ] GC(64)     Total                          Min: 0, Avg: 11.2, Max: 45, Diff: 45, Sum: 45, Workers: 4
[1385.054s][debug][gc,phases      ] GC(64)   StringDedup Table Weak         Min:  0.0, Avg:  0.0, Max:  0.0, Diff:  0.0, Sum:  0.0, Workers: 4
[1385.054s][debug][gc,phases      ] GC(64)     Dead                           Min: 0, Avg:  0.0, Max: 0, Diff: 0, Sum: 0, Workers: 4
[1385.054s][debug][gc,phases      ] GC(64)     Total                          Min: 0, Avg:  0.0, Max: 0, Diff: 0, Sum: 0, Workers: 4
[1385.054s][debug][gc,phases      ] GC(64)   StringDedup Requests0 Weak     Min:  0.0, Avg:  0.0, Max:  0.0, Diff:  0.0, Sum:  0.0, Workers: 4
[1385.054s][debug][gc,phases      ] GC(64)     Dead                           Min: 0, Avg:  0.0, Max: 0, Diff: 0, Sum: 0, Workers: 4
[1385.054s][debug][gc,phases      ] GC(64)     Total                          Min: 0, Avg:  0.0, Max: 0, Diff: 0, Sum: 0, Workers: 4
[1385.054s][debug][gc,phases      ] GC(64)   StringDedup Requests1 Weak     Min:  0.0, Avg:  0.0, Max:  0.0, Diff:  0.0, Sum:  0.0, Workers: 4
[1385.054s][debug][gc,phases      ] GC(64)     Dead                           Min: 0, Avg:  0.0, Max: 0, Diff: 0, Sum: 0, Workers: 4
[1385.054s][debug][gc,phases      ] GC(64)     Total                          Min: 0, Avg:  0.0, Max: 0, Diff: 0, Sum: 0, Workers: 4
[1385.054s][debug][gc,phases      ] GC(64)   Weak JFR Old Object Samples    Min:  0.0, Avg:  0.0, Max:  0.0, Diff:  0.0, Sum:  0.0, Workers: 4
[1385.054s][debug][gc,phases      ] GC(64)     Dead                           Min: 0, Avg:  0.0, Max: 0, Diff: 0, Sum: 0, Workers: 4
[1385.054s][debug][gc,phases      ] GC(64)     Total                          Min: 0, Avg:  0.0, Max: 0, Diff: 0, Sum: 0, Workers: 4
[1385.054s][debug][gc,phases      ] GC(64) Weak Processing 0.317ms
[1385.054s][debug][gc,age         ] GC(64) Desired survivor size 36700160 bytes, new threshold 15 (max threshold 15)
[1385.054s][info ][gc,heap        ] GC(64) PSYoungGen: 2016896K(2058752K)->96K(2055168K) Eden: 2016768K(2016768K)->0K(2016768K) From: 128K(41984K)->96K(38400K)
[1385.054s][info ][gc,heap        ] GC(64) ParOldGen: 292670K(386048K)->292678K(386048K)
[1385.054s][info ][gc,metaspace   ] GC(64) Metaspace: 83993K(84928K)->83993K(84928K) NonClass: 71486K(72000K)->71486K(72000K) Class: 12506K(12928K)->12506K(12928K)
[1385.054s][info ][gc             ] GC(64) Pause Young (Allocation Failure) 2255M->285M(2384M) 1.225ms
[1385.054s][info ][gc,cpu         ] GC(64) User=0.00s Sys=0.00s Real=0.00s
[1385.054s][info ][safepoint      ] Safepoint "ParallelGCFailedAllocation", Time since last: 32597150197 ns, Reaching safepoint: 3700 ns, Cleanup: 3200 ns, At safepoint: 1276104 ns, Total: 1283004 ns
[1417.653s][info ][gc,start       ] GC(65) Pause Young (Allocation Failure)
[1417.653s][debug][gc,phases      ] GC(65) Scavenge 0.809ms
[1417.653s][debug][gc,ref         ] GC(65) Skipped phase 1 of Reference Processing: no references
[1417.653s][debug][gc,ref         ] GC(65) Skipped phase 2 of Reference Processing: no references
[1417.654s][debug][gc,ref         ] GC(65) Skipped phase 3 of Reference Processing: no references
[1417.654s][debug][gc,ref         ] GC(65) Skipped phase 4 of Reference Processing: no references
[1417.654s][debug][gc,phases      ] GC(65) Reference Processing 0.036ms
[1417.654s][debug][gc,phases      ] GC(65)   VM Weak                        Min:  0.0, Avg:  0.0, Max:  0.0, Diff:  0.0, Sum:  0.0, Workers: 4
[1417.654s][debug][gc,phases      ] GC(65)     Dead                           Min: 0, Avg:  0.0, Max: 0, Diff: 0, Sum: 0, Workers: 4
[1417.654s][debug][gc,phases      ] GC(65)     Total                          Min: 0, Avg: 184.8, Max: 704, Diff: 704, Sum: 739, Workers: 4
[1417.654s][debug][gc,phases      ] GC(65)   ObjectSynchronizer Weak        Min:  0.0, Avg:  0.0, Max:  0.0, Diff:  0.0, Sum:  0.0, Workers: 4
[1417.654s][debug][gc,phases      ] GC(65)     Dead                           Min: 0, Avg:  0.0, Max: 0, Diff: 0, Sum: 0, Workers: 4
[1417.654s][debug][gc,phases      ] GC(65)     Total                          Min: 0, Avg:  1.0, Max: 4, Diff: 4, Sum: 4, Workers: 4
[1417.654s][debug][gc,phases      ] GC(65)   JVMTI Tag Weak OopStorage      Min:  0.0, Avg:  0.0, Max:  0.0, Diff:  0.0, Sum:  0.0, Workers: 4
[1417.654s][debug][gc,phases      ] GC(65)     Dead                           Min: 0, Avg:  0.0, Max: 0, Diff: 0, Sum: 0, Workers: 4
[1417.654s][debug][gc,phases      ] GC(65)     Total                          Min: 0, Avg:  0.0, Max: 0, Diff: 0, Sum: 0, Workers: 4
[1417.654s][debug][gc,phases      ] GC(65)   StringTable Weak               Min:  0.1, Avg:  0.1, Max:  0.1, Diff:  0.0, Sum:  0.5, Workers: 4
[1417.654s][debug][gc,phases      ] GC(65)     Dead                           Min: 0, Avg:  0.0, Max: 0, Diff: 0, Sum: 0, Workers: 4
[1417.654s][debug][gc,phases      ] GC(65)     Total                          Min: 9344, Avg: 10953.8, Max: 11815, Diff: 2471, Sum: 43815, Workers: 4
[1417.654s][debug][gc,phases      ] GC(65)   ResolvedMethodTable Weak       Min:  0.0, Avg:  0.0, Max:  0.0, Diff:  0.0, Sum:  0.1, Workers: 4
[1417.654s][debug][gc,phases      ] GC(65)     Dead                           Min: 0, Avg:  0.0, Max: 0, Diff: 0, Sum: 0, Workers: 4
[1417.654s][debug][gc,phases      ] GC(65)     Total                          Min: 2432, Avg: 2603.8, Max: 2863, Diff: 431, Sum: 10415, Workers: 4
[1417.654s][debug][gc,phases      ] GC(65)   JNI Weak                       Min:  0.0, Avg:  0.0, Max:  0.0, Diff:  0.0, Sum:  0.0, Workers: 4
[1417.654s][debug][gc,phases      ] GC(65)     Dead                           Min: 0, Avg:  0.0, Max: 0, Diff: 0, Sum: 0, Workers: 4
[1417.654s][debug][gc,phases      ] GC(65)     Total                          Min: 0, Avg: 11.2, Max: 45, Diff: 45, Sum: 45, Workers: 4
[1417.654s][debug][gc,phases      ] GC(65)   StringDedup Table Weak         Min:  0.0, Avg:  0.0, Max:  0.0, Diff:  0.0, Sum:  0.0, Workers: 4
[1417.654s][debug][gc,phases      ] GC(65)     Dead                           Min: 0, Avg:  0.0, Max: 0, Diff: 0, Sum: 0, Workers: 4
[1417.654s][debug][gc,phases      ] GC(65)     Total                          Min: 0, Avg:  0.0, Max: 0, Diff: 0, Sum: 0, Workers: 4
[1417.654s][debug][gc,phases      ] GC(65)   StringDedup Requests0 Weak     Min:  0.0, Avg:  0.0, Max:  0.0, Diff:  0.0, Sum:  0.0, Workers: 4
[1417.654s][debug][gc,phases      ] GC(65)     Dead                           Min: 0, Avg:  0.0, Max: 0, Diff: 0, Sum: 0, Workers: 4
[1417.654s][debug][gc,phases      ] GC(65)     Total                          Min: 0, Avg:  0.0, Max: 0, Diff: 0, Sum: 0, Workers: 4
[1417.654s][debug][gc,phases      ] GC(65)   StringDedup Requests1 Weak     Min:  0.0, Avg:  0.0, Max:  0.0, Diff:  0.0, Sum:  0.0, Workers: 4
[1417.654s][debug][gc,phases      ] GC(65)     Dead                           Min: 0, Avg:  0.0, Max: 0, Diff: 0, Sum: 0, Workers: 4
[1417.654s][debug][gc,phases      ] GC(65)     Total                          Min: 0, Avg:  0.0, Max: 0, Diff: 0, Sum: 0, Workers: 4
[1417.654s][debug][gc,phases      ] GC(65)   Weak JFR Old Object Samples    Min:  0.0, Avg:  0.0, Max:  0.0, Diff:  0.0, Sum:  0.0, Workers: 4
[1417.654s][debug][gc,phases      ] GC(65)     Dead                           Min: 0, Avg:  0.0, Max: 0, Diff: 0, Sum: 0, Workers: 4
[1417.654s][debug][gc,phases      ] GC(65)     Total                          Min: 0, Avg:  0.0, Max: 0, Diff: 0, Sum: 0, Workers: 4
[1417.654s][debug][gc,phases      ] GC(65) Weak Processing 0.301ms
[1417.654s][debug][gc,age         ] GC(65) Desired survivor size 33554432 bytes, new threshold 15 (max threshold 15)
[1417.654s][info ][gc,heap        ] GC(65) PSYoungGen: 2016864K(2055168K)->128K(2064384K) Eden: 2016768K(2016768K)->0K(2028544K) From: 96K(38400K)->128K(35840K)
[1417.654s][info ][gc,heap        ] GC(65) ParOldGen: 292678K(386048K)->292686K(386048K)
[1417.654s][info ][gc,metaspace   ] GC(65) Metaspace: 83993K(84928K)->83993K(84928K) NonClass: 71486K(72000K)->71486K(72000K) Class: 12506K(12928K)->12506K(12928K)
[1417.654s][info ][gc             ] GC(65) Pause Young (Allocation Failure) 2255M->285M(2393M) 1.346ms
[1417.654s][info ][gc,cpu         ] GC(65) User=0.00s Sys=0.00s Real=0.00s
[1417.654s][info ][safepoint      ] Safepoint "ParallelGCFailedAllocation", Time since last: 32598533500 ns, Reaching safepoint: 3700 ns, Cleanup: 2900 ns, At safepoint: 1398103 ns, Total: 1404703 ns
[1423.654s][info ][safepoint      ] Safepoint "Cleanup", Time since last: 6000415989 ns, Reaching safepoint: 70800 ns, Cleanup: 7700 ns, At safepoint: 15800 ns, Total: 94300 ns
[1450.404s][info ][gc,start       ] GC(66) Pause Young (Allocation Failure)
[1450.404s][debug][gc,phases      ] GC(66) Scavenge 0.486ms
[1450.404s][debug][gc,ref         ] GC(66) Skipped phase 1 of Reference Processing: no references
[1450.404s][debug][gc,ref         ] GC(66) Skipped phase 2 of Reference Processing: no references
[1450.404s][debug][gc,ref         ] GC(66) Skipped phase 3 of Reference Processing: no references
[1450.404s][debug][gc,ref         ] GC(66) Skipped phase 4 of Reference Processing: no references
[1450.404s][debug][gc,phases      ] GC(66) Reference Processing 0.019ms
[1450.405s][debug][gc,phases      ] GC(66)   VM Weak                        Min:  0.0, Avg:  0.0, Max:  0.0, Diff:  0.0, Sum:  0.0, Workers: 4
[1450.405s][debug][gc,phases      ] GC(66)     Dead                           Min: 0, Avg:  0.0, Max: 0, Diff: 0, Sum: 0, Workers: 4
[1450.405s][debug][gc,phases      ] GC(66)     Total                          Min: 0, Avg: 184.8, Max: 448, Diff: 448, Sum: 739, Workers: 4
[1450.405s][debug][gc,phases      ] GC(66)   ObjectSynchronizer Weak        Min:  0.0, Avg:  0.0, Max:  0.0, Diff:  0.0, Sum:  0.0, Workers: 4
[1450.405s][debug][gc,phases      ] GC(66)     Dead                           Min: 0, Avg:  0.0, Max: 0, Diff: 0, Sum: 0, Workers: 4
[1450.405s][debug][gc,phases      ] GC(66)     Total                          Min: 0, Avg:  1.0, Max: 4, Diff: 4, Sum: 4, Workers: 4
[1450.405s][debug][gc,phases      ] GC(66)   JVMTI Tag Weak OopStorage      Min:  0.0, Avg:  0.0, Max:  0.0, Diff:  0.0, Sum:  0.0, Workers: 4
[1450.405s][debug][gc,phases      ] GC(66)     Dead                           Min: 0, Avg:  0.0, Max: 0, Diff: 0, Sum: 0, Workers: 4
[1450.405s][debug][gc,phases      ] GC(66)     Total                          Min: 0, Avg:  0.0, Max: 0, Diff: 0, Sum: 0, Workers: 4
[1450.405s][debug][gc,phases      ] GC(66)   StringTable Weak               Min:  0.0, Avg:  0.1, Max:  0.1, Diff:  0.1, Sum:  0.4, Workers: 4
[1450.405s][debug][gc,phases      ] GC(66)     Dead                           Min: 0, Avg:  0.0, Max: 0, Diff: 0, Sum: 0, Workers: 4
[1450.405s][debug][gc,phases      ] GC(66)     Total                          Min: 0, Avg: 10953.8, Max: 19456, Diff: 19456, Sum: 43815, Workers: 4
[1450.405s][debug][gc,phases      ] GC(66)   ResolvedMethodTable Weak       Min:  0.0, Avg:  0.0, Max:  0.0, Diff:  0.0, Sum:  0.1, Workers: 4
[1450.405s][debug][gc,phases      ] GC(66)     Dead                           Min: 0, Avg:  0.0, Max: 0, Diff: 0, Sum: 0, Workers: 4
[1450.405s][debug][gc,phases      ] GC(66)     Total                          Min: 0, Avg: 2603.8, Max: 4591, Diff: 4591, Sum: 10415, Workers: 4
[1450.405s][debug][gc,phases      ] GC(66)   JNI Weak                       Min:  0.0, Avg:  0.0, Max:  0.0, Diff:  0.0, Sum:  0.0, Workers: 4
[1450.405s][debug][gc,phases      ] GC(66)     Dead                           Min: 0, Avg:  0.0, Max: 0, Diff: 0, Sum: 0, Workers: 4
[1450.405s][debug][gc,phases      ] GC(66)     Total                          Min: 0, Avg: 11.2, Max: 45, Diff: 45, Sum: 45, Workers: 4
[1450.405s][debug][gc,phases      ] GC(66)   StringDedup Table Weak         Min:  0.0, Avg:  0.0, Max:  0.0, Diff:  0.0, Sum:  0.0, Workers: 4
[1450.405s][debug][gc,phases      ] GC(66)     Dead                           Min: 0, Avg:  0.0, Max: 0, Diff: 0, Sum: 0, Workers: 4
[1450.405s][debug][gc,phases      ] GC(66)     Total                          Min: 0, Avg:  0.0, Max: 0, Diff: 0, Sum: 0, Workers: 4
[1450.405s][debug][gc,phases      ] GC(66)   StringDedup Requests0 Weak     Min:  0.0, Avg:  0.0, Max:  0.0, Diff:  0.0, Sum:  0.0, Workers: 4
[1450.405s][debug][gc,phases      ] GC(66)     Dead                           Min: 0, Avg:  0.0, Max: 0, Diff: 0, Sum: 0, Workers: 4
[1450.405s][debug][gc,phases      ] GC(66)     Total                          Min: 0, Avg:  0.0, Max: 0, Diff: 0, Sum: 0, Workers: 4
[1450.405s][debug][gc,phases      ] GC(66)   StringDedup Requests1 Weak     Min:  0.0, Avg:  0.0, Max:  0.0, Diff:  0.0, Sum:  0.0, Workers: 4
[1450.405s][debug][gc,phases      ] GC(66)     Dead                           Min: 0, Avg:  0.0, Max: 0, Diff: 0, Sum: 0, Workers: 4
[1450.405s][debug][gc,phases      ] GC(66)     Total                          Min: 0, Avg:  0.0, Max: 0, Diff: 0, Sum: 0, Workers: 4
[1450.405s][debug][gc,phases      ] GC(66)   Weak JFR Old Object Samples    Min:  0.0, Avg:  0.0, Max:  0.0, Diff:  0.0, Sum:  0.0, Workers: 4
[1450.405s][debug][gc,phases      ] GC(66)     Dead                           Min: 0, Avg:  0.0, Max: 0, Diff: 0, Sum: 0, Workers: 4
[1450.405s][debug][gc,phases      ] GC(66)     Total                          Min: 0, Avg:  0.0, Max: 0, Diff: 0, Sum: 0, Workers: 4
[1450.405s][debug][gc,phases      ] GC(66) Weak Processing 0.319ms
[1450.405s][debug][gc,age         ] GC(66) Desired survivor size 30932992 bytes, new threshold 15 (max threshold 15)
[1450.405s][info ][gc,heap        ] GC(66) PSYoungGen: 2028672K(2064384K)->96K(2061312K) Eden: 2028544K(2028544K)->0K(2028544K) From: 128K(35840K)->96K(32768K)
[1450.405s][info ][gc,heap        ] GC(66) ParOldGen: 292686K(386048K)->292694K(386048K)
[1450.405s][info ][gc,metaspace   ] GC(66) Metaspace: 83993K(84928K)->83993K(84928K) NonClass: 71486K(72000K)->71486K(72000K) Class: 12506K(12928K)->12506K(12928K)
[1450.405s][info ][gc             ] GC(66) Pause Young (Allocation Failure) 2266M->285M(2390M) 0.903ms
[1450.405s][info ][gc,cpu         ] GC(66) User=0.00s Sys=0.00s Real=0.00s
[1450.405s][info ][safepoint      ] Safepoint "ParallelGCFailedAllocation", Time since last: 26749500768 ns, Reaching safepoint: 3300 ns, Cleanup: 3400 ns, At safepoint: 952103 ns, Total: 958803 ns
[1483.202s][info ][gc,start       ] GC(67) Pause Young (Allocation Failure)
[1483.203s][debug][gc,phases      ] GC(67) Scavenge 0.772ms
[1483.203s][debug][gc,ref         ] GC(67) Skipped phase 1 of Reference Processing: no references
[1483.203s][debug][gc,ref         ] GC(67) Skipped phase 2 of Reference Processing: no references
[1483.203s][debug][gc,ref         ] GC(67) Skipped phase 3 of Reference Processing: no references
[1483.203s][debug][gc,ref         ] GC(67) Skipped phase 4 of Reference Processing: no references
[1483.203s][debug][gc,phases      ] GC(67) Reference Processing 0.021ms
[1483.203s][debug][gc,phases      ] GC(67)   VM Weak                        Min:  0.0, Avg:  0.0, Max:  0.0, Diff:  0.0, Sum:  0.0, Workers: 4
[1483.203s][debug][gc,phases      ] GC(67)     Dead                           Min: 0, Avg:  0.0, Max: 0, Diff: 0, Sum: 0, Workers: 4
[1483.203s][debug][gc,phases      ] GC(67)     Total                          Min: 0, Avg: 184.8, Max: 384, Diff: 384, Sum: 739, Workers: 4
[1483.203s][debug][gc,phases      ] GC(67)   ObjectSynchronizer Weak        Min:  0.0, Avg:  0.0, Max:  0.0, Diff:  0.0, Sum:  0.0, Workers: 4
[1483.203s][debug][gc,phases      ] GC(67)     Dead                           Min: 0, Avg:  0.0, Max: 0, Diff: 0, Sum: 0, Workers: 4
[1483.203s][debug][gc,phases      ] GC(67)     Total                          Min: 0, Avg:  1.0, Max: 4, Diff: 4, Sum: 4, Workers: 4
[1483.203s][debug][gc,phases      ] GC(67)   JVMTI Tag Weak OopStorage      Min:  0.0, Avg:  0.0, Max:  0.0, Diff:  0.0, Sum:  0.0, Workers: 4
[1483.203s][debug][gc,phases      ] GC(67)     Dead                           Min: 0, Avg:  0.0, Max: 0, Diff: 0, Sum: 0, Workers: 4
[1483.203s][debug][gc,phases      ] GC(67)     Total                          Min: 0, Avg:  0.0, Max: 0, Diff: 0, Sum: 0, Workers: 4
[1483.203s][debug][gc,phases      ] GC(67)   StringTable Weak               Min:  0.0, Avg:  0.1, Max:  0.1, Diff:  0.1, Sum:  0.4, Workers: 4
[1483.203s][debug][gc,phases      ] GC(67)     Dead                           Min: 0, Avg:  0.0, Max: 0, Diff: 0, Sum: 0, Workers: 4
[1483.203s][debug][gc,phases      ] GC(67)     Total                          Min: 0, Avg: 10953.8, Max: 19648, Diff: 19648, Sum: 43815, Workers: 4
[1483.203s][debug][gc,phases      ] GC(67)   ResolvedMethodTable Weak       Min:  0.0, Avg:  0.0, Max:  0.0, Diff:  0.0, Sum:  0.1, Workers: 4
[1483.203s][debug][gc,phases      ] GC(67)     Dead                           Min: 0, Avg:  0.0, Max: 0, Diff: 0, Sum: 0, Workers: 4
[1483.203s][debug][gc,phases      ] GC(67)     Total                          Min: 0, Avg: 2603.8, Max: 4544, Diff: 4544, Sum: 10415, Workers: 4
[1483.203s][debug][gc,phases      ] GC(67)   JNI Weak                       Min:  0.0, Avg:  0.0, Max:  0.0, Diff:  0.0, Sum:  0.0, Workers: 4
[1483.203s][debug][gc,phases      ] GC(67)     Dead                           Min: 0, Avg:  0.0, Max: 0, Diff: 0, Sum: 0, Workers: 4
[1483.203s][debug][gc,phases      ] GC(67)     Total                          Min: 0, Avg: 11.2, Max: 45, Diff: 45, Sum: 45, Workers: 4
[1483.203s][debug][gc,phases      ] GC(67)   StringDedup Table Weak         Min:  0.0, Avg:  0.0, Max:  0.0, Diff:  0.0, Sum:  0.0, Workers: 4
[1483.203s][debug][gc,phases      ] GC(67)     Dead                           Min: 0, Avg:  0.0, Max: 0, Diff: 0, Sum: 0, Workers: 4
[1483.203s][debug][gc,phases      ] GC(67)     Total                          Min: 0, Avg:  0.0, Max: 0, Diff: 0, Sum: 0, Workers: 4
[1483.203s][debug][gc,phases      ] GC(67)   StringDedup Requests0 Weak     Min:  0.0, Avg:  0.0, Max:  0.0, Diff:  0.0, Sum:  0.0, Workers: 4
[1483.203s][debug][gc,phases      ] GC(67)     Dead                           Min: 0, Avg:  0.0, Max: 0, Diff: 0, Sum: 0, Workers: 4
[1483.203s][debug][gc,phases      ] GC(67)     Total                          Min: 0, Avg:  0.0, Max: 0, Diff: 0, Sum: 0, Workers: 4
[1483.203s][debug][gc,phases      ] GC(67)   StringDedup Requests1 Weak     Min:  0.0, Avg:  0.0, Max:  0.0, Diff:  0.0, Sum:  0.0, Workers: 4
[1483.203s][debug][gc,phases      ] GC(67)     Dead                           Min: 0, Avg:  0.0, Max: 0, Diff: 0, Sum: 0, Workers: 4
[1483.203s][debug][gc,phases      ] GC(67)     Total                          Min: 0, Avg:  0.0, Max: 0, Diff: 0, Sum: 0, Workers: 4
[1483.203s][debug][gc,phases      ] GC(67)   Weak JFR Old Object Samples    Min:  0.0, Avg:  0.0, Max:  0.0, Diff:  0.0, Sum:  0.0, Workers: 4
[1483.203s][debug][gc,phases      ] GC(67)     Dead                           Min: 0, Avg:  0.0, Max: 0, Diff: 0, Sum: 0, Workers: 4
[1483.203s][debug][gc,phases      ] GC(67)     Total                          Min: 0, Avg:  0.0, Max: 0, Diff: 0, Sum: 0, Workers: 4
[1483.203s][debug][gc,phases      ] GC(67) Weak Processing 0.322ms
[1483.203s][debug][gc,age         ] GC(67) Desired survivor size 28311552 bytes, new threshold 15 (max threshold 15)
[1483.203s][info ][gc,heap        ] GC(67) PSYoungGen: 2028640K(2061312K)->128K(2069504K) Eden: 2028544K(2028544K)->0K(2039296K) From: 96K(32768K)->128K(30208K)
[1483.203s][info ][gc,heap        ] GC(67) ParOldGen: 292694K(386048K)->292702K(386048K)
[1483.203s][info ][gc,metaspace   ] GC(67) Metaspace: 83994K(84928K)->83994K(84928K) NonClass: 71488K(72000K)->71488K(72000K) Class: 12506K(12928K)->12506K(12928K)
[1483.203s][info ][gc             ] GC(67) Pause Young (Allocation Failure) 2266M->285M(2398M) 1.198ms
[1483.203s][info ][gc,cpu         ] GC(67) User=0.01s Sys=0.00s Real=0.00s
[1483.203s][info ][safepoint      ] Safepoint "ParallelGCFailedAllocation", Time since last: 32797229618 ns, Reaching safepoint: 3500 ns, Cleanup: 2700 ns, At safepoint: 1248704 ns, Total: 1254904 ns
[1507.205s][info ][safepoint      ] Safepoint "Cleanup", Time since last: 24001603239 ns, Reaching safepoint: 3000 ns, Cleanup: 7300 ns, At safepoint: 1400 ns, Total: 11700 ns
[1512.205s][info ][safepoint      ] Safepoint "Cleanup", Time since last: 5000333678 ns, Reaching safepoint: 3300 ns, Cleanup: 17300 ns, At safepoint: 1500 ns, Total: 22100 ns
[1515.953s][info ][gc,start       ] GC(68) Pause Young (Allocation Failure)
[1515.954s][debug][gc,phases      ] GC(68) Scavenge 0.735ms
[1515.954s][debug][gc,ref         ] GC(68) Skipped phase 1 of Reference Processing: no references
[1515.954s][debug][gc,ref         ] GC(68) Skipped phase 2 of Reference Processing: no references
[1515.954s][debug][gc,ref         ] GC(68) Skipped phase 3 of Reference Processing: no references
[1515.954s][debug][gc,ref         ] GC(68) Skipped phase 4 of Reference Processing: no references
[1515.954s][debug][gc,phases      ] GC(68) Reference Processing 0.018ms
[1515.954s][debug][gc,phases      ] GC(68)   VM Weak                        Min:  0.0, Avg:  0.0, Max:  0.0, Diff:  0.0, Sum:  0.0, Workers: 4
[1515.954s][debug][gc,phases      ] GC(68)     Dead                           Min: 0, Avg:  0.0, Max: 0, Diff: 0, Sum: 0, Workers: 4
[1515.954s][debug][gc,phases      ] GC(68)     Total                          Min: 0, Avg: 184.8, Max: 512, Diff: 512, Sum: 739, Workers: 4
[1515.954s][debug][gc,phases      ] GC(68)   ObjectSynchronizer Weak        Min:  0.0, Avg:  0.0, Max:  0.0, Diff:  0.0, Sum:  0.0, Workers: 4
[1515.954s][debug][gc,phases      ] GC(68)     Dead                           Min: 0, Avg:  0.0, Max: 0, Diff: 0, Sum: 0, Workers: 4
[1515.954s][debug][gc,phases      ] GC(68)     Total                          Min: 0, Avg:  1.0, Max: 4, Diff: 4, Sum: 4, Workers: 4
[1515.954s][debug][gc,phases      ] GC(68)   JVMTI Tag Weak OopStorage      Min:  0.0, Avg:  0.0, Max:  0.0, Diff:  0.0, Sum:  0.0, Workers: 4
[1515.954s][debug][gc,phases      ] GC(68)     Dead                           Min: 0, Avg:  0.0, Max: 0, Diff: 0, Sum: 0, Workers: 4
[1515.954s][debug][gc,phases      ] GC(68)     Total                          Min: 0, Avg:  0.0, Max: 0, Diff: 0, Sum: 0, Workers: 4
[1515.954s][debug][gc,phases      ] GC(68)   StringTable Weak               Min:  0.1, Avg:  0.1, Max:  0.1, Diff:  0.0, Sum:  0.4, Workers: 4
[1515.954s][debug][gc,phases      ] GC(68)     Dead                           Min: 0, Avg:  0.0, Max: 0, Diff: 0, Sum: 0, Workers: 4
[1515.954s][debug][gc,phases      ] GC(68)     Total                          Min: 10729, Avg: 10954.2, Max: 11136, Diff: 407, Sum: 43817, Workers: 4
[1515.954s][debug][gc,phases      ] GC(68)   ResolvedMethodTable Weak       Min:  0.0, Avg:  0.0, Max:  0.0, Diff:  0.0, Sum:  0.1, Workers: 4
[1515.954s][debug][gc,phases      ] GC(68)     Dead                           Min: 0, Avg:  0.0, Max: 0, Diff: 0, Sum: 0, Workers: 4
[1515.954s][debug][gc,phases      ] GC(68)     Total                          Min: 2560, Avg: 2603.8, Max: 2671, Diff: 111, Sum: 10415, Workers: 4
[1515.954s][debug][gc,phases      ] GC(68)   JNI Weak                       Min:  0.0, Avg:  0.0, Max:  0.0, Diff:  0.0, Sum:  0.0, Workers: 4
[1515.954s][debug][gc,phases      ] GC(68)     Dead                           Min: 0, Avg:  0.0, Max: 0, Diff: 0, Sum: 0, Workers: 4
[1515.954s][debug][gc,phases      ] GC(68)     Total                          Min: 0, Avg: 11.2, Max: 45, Diff: 45, Sum: 45, Workers: 4
[1515.954s][debug][gc,phases      ] GC(68)   StringDedup Table Weak         Min:  0.0, Avg:  0.0, Max:  0.0, Diff:  0.0, Sum:  0.0, Workers: 4
[1515.954s][debug][gc,phases      ] GC(68)     Dead                           Min: 0, Avg:  0.0, Max: 0, Diff: 0, Sum: 0, Workers: 4
[1515.954s][debug][gc,phases      ] GC(68)     Total                          Min: 0, Avg:  0.0, Max: 0, Diff: 0, Sum: 0, Workers: 4
[1515.954s][debug][gc,phases      ] GC(68)   StringDedup Requests0 Weak     Min:  0.0, Avg:  0.0, Max:  0.0, Diff:  0.0, Sum:  0.0, Workers: 4
[1515.954s][debug][gc,phases      ] GC(68)     Dead                           Min: 0, Avg:  0.0, Max: 0, Diff: 0, Sum: 0, Workers: 4
[1515.954s][debug][gc,phases      ] GC(68)     Total                          Min: 0, Avg:  0.0, Max: 0, Diff: 0, Sum: 0, Workers: 4
[1515.954s][debug][gc,phases      ] GC(68)   StringDedup Requests1 Weak     Min:  0.0, Avg:  0.0, Max:  0.0, Diff:  0.0, Sum:  0.0, Workers: 4
[1515.954s][debug][gc,phases      ] GC(68)     Dead                           Min: 0, Avg:  0.0, Max: 0, Diff: 0, Sum: 0, Workers: 4
[1515.954s][debug][gc,phases      ] GC(68)     Total                          Min: 0, Avg:  0.0, Max: 0, Diff: 0, Sum: 0, Workers: 4
[1515.954s][debug][gc,phases      ] GC(68)   Weak JFR Old Object Samples    Min:  0.0, Avg:  0.0, Max:  0.0, Diff:  0.0, Sum:  0.0, Workers: 4
[1515.955s][debug][gc,phases      ] GC(68)     Dead                           Min: 0, Avg:  0.0, Max: 0, Diff: 0, Sum: 0, Workers: 4
[1515.955s][debug][gc,phases      ] GC(68)     Total                          Min: 0, Avg:  0.0, Max: 0, Diff: 0, Sum: 0, Workers: 4
[1515.955s][debug][gc,phases      ] GC(68) Weak Processing 0.285ms
[1515.955s][debug][gc,age         ] GC(68) Desired survivor size 26214400 bytes, new threshold 15 (max threshold 15)
[1515.955s][info ][gc,heap        ] GC(68) PSYoungGen: 2039424K(2069504K)->96K(2066944K) Eden: 2039296K(2039296K)->0K(2039296K) From: 128K(30208K)->96K(27648K)
[1515.955s][info ][gc,heap        ] GC(68) ParOldGen: 292702K(386048K)->292710K(386048K)
[1515.955s][info ][gc,metaspace   ] GC(68) Metaspace: 84000K(84928K)->84000K(84928K) NonClass: 71493K(72000K)->71493K(72000K) Class: 12506K(12928K)->12506K(12928K)
[1515.955s][info ][gc             ] GC(68) Pause Young (Allocation Failure) 2277M->285M(2395M) 1.114ms
[1515.955s][info ][gc,cpu         ] GC(68) User=0.00s Sys=0.00s Real=0.00s
[1515.955s][info ][safepoint      ] Safepoint "ParallelGCFailedAllocation", Time since last: 3748064721 ns, Reaching safepoint: 3900 ns, Cleanup: 3500 ns, At safepoint: 1182303 ns, Total: 1189703 ns
[1548.903s][info ][gc,start       ] GC(69) Pause Young (Allocation Failure)
[1548.904s][debug][gc,phases      ] GC(69) Scavenge 0.859ms
[1548.904s][debug][gc,ref         ] GC(69) Skipped phase 1 of Reference Processing: no references
[1548.904s][debug][gc,ref         ] GC(69) Skipped phase 2 of Reference Processing: no references
[1548.904s][debug][gc,ref         ] GC(69) Skipped phase 3 of Reference Processing: no references
[1548.904s][debug][gc,ref         ] GC(69) Skipped phase 4 of Reference Processing: no references
[1548.904s][debug][gc,phases      ] GC(69) Reference Processing 0.019ms
[1548.904s][debug][gc,phases      ] GC(69)   VM Weak                        Min:  0.0, Avg:  0.0, Max:  0.0, Diff:  0.0, Sum:  0.0, Workers: 4
[1548.904s][debug][gc,phases      ] GC(69)     Dead                           Min: 0, Avg:  0.0, Max: 0, Diff: 0, Sum: 0, Workers: 4
[1548.904s][debug][gc,phases      ] GC(69)     Total                          Min: 0, Avg: 184.8, Max: 739, Diff: 739, Sum: 739, Workers: 4
[1548.904s][debug][gc,phases      ] GC(69)   ObjectSynchronizer Weak        Min:  0.0, Avg:  0.0, Max:  0.0, Diff:  0.0, Sum:  0.0, Workers: 4
[1548.904s][debug][gc,phases      ] GC(69)     Dead                           Min: 0, Avg:  0.0, Max: 0, Diff: 0, Sum: 0, Workers: 4
[1548.904s][debug][gc,phases      ] GC(69)     Total                          Min: 0, Avg:  1.0, Max: 4, Diff: 4, Sum: 4, Workers: 4
[1548.904s][debug][gc,phases      ] GC(69)   JVMTI Tag Weak OopStorage      Min:  0.0, Avg:  0.0, Max:  0.0, Diff:  0.0, Sum:  0.0, Workers: 4
[1548.904s][debug][gc,phases      ] GC(69)     Dead                           Min: 0, Avg:  0.0, Max: 0, Diff: 0, Sum: 0, Workers: 4
[1548.904s][debug][gc,phases      ] GC(69)     Total                          Min: 0, Avg:  0.0, Max: 0, Diff: 0, Sum: 0, Workers: 4
[1548.904s][debug][gc,phases      ] GC(69)   StringTable Weak               Min:  0.0, Avg:  0.1, Max:  0.1, Diff:  0.1, Sum:  0.3, Workers: 4
[1548.904s][debug][gc,phases      ] GC(69)     Dead                           Min: 0, Avg:  0.0, Max: 0, Diff: 0, Sum: 0, Workers: 4
[1548.904s][debug][gc,phases      ] GC(69)     Total                          Min: 0, Avg: 10954.5, Max: 19456, Diff: 19456, Sum: 43818, Workers: 4
[1548.904s][debug][gc,phases      ] GC(69)   ResolvedMethodTable Weak       Min:  0.0, Avg:  0.0, Max:  0.0, Diff:  0.0, Sum:  0.1, Workers: 4
[1548.904s][debug][gc,phases      ] GC(69)     Dead                           Min: 0, Avg:  0.0, Max: 0, Diff: 0, Sum: 0, Workers: 4
[1548.904s][debug][gc,phases      ] GC(69)     Total                          Min: 0, Avg: 2603.8, Max: 4416, Diff: 4416, Sum: 10415, Workers: 4
[1548.904s][debug][gc,phases      ] GC(69)   JNI Weak                       Min:  0.0, Avg:  0.0, Max:  0.0, Diff:  0.0, Sum:  0.0, Workers: 4
[1548.904s][debug][gc,phases      ] GC(69)     Dead                           Min: 0, Avg:  0.0, Max: 0, Diff: 0, Sum: 0, Workers: 4
[1548.904s][debug][gc,phases      ] GC(69)     Total                          Min: 0, Avg: 11.2, Max: 45, Diff: 45, Sum: 45, Workers: 4
[1548.904s][debug][gc,phases      ] GC(69)   StringDedup Table Weak         Min:  0.0, Avg:  0.0, Max:  0.0, Diff:  0.0, Sum:  0.0, Workers: 4
[1548.904s][debug][gc,phases      ] GC(69)     Dead                           Min: 0, Avg:  0.0, Max: 0, Diff: 0, Sum: 0, Workers: 4
[1548.904s][debug][gc,phases      ] GC(69)     Total                          Min: 0, Avg:  0.0, Max: 0, Diff: 0, Sum: 0, Workers: 4
[1548.904s][debug][gc,phases      ] GC(69)   StringDedup Requests0 Weak     Min:  0.0, Avg:  0.0, Max:  0.0, Diff:  0.0, Sum:  0.0, Workers: 4
[1548.904s][debug][gc,phases      ] GC(69)     Dead                           Min: 0, Avg:  0.0, Max: 0, Diff: 0, Sum: 0, Workers: 4
[1548.904s][debug][gc,phases      ] GC(69)     Total                          Min: 0, Avg:  0.0, Max: 0, Diff: 0, Sum: 0, Workers: 4
[1548.904s][debug][gc,phases      ] GC(69)   StringDedup Requests1 Weak     Min:  0.0, Avg:  0.0, Max:  0.0, Diff:  0.0, Sum:  0.0, Workers: 4
[1548.904s][debug][gc,phases      ] GC(69)     Dead                           Min: 0, Avg:  0.0, Max: 0, Diff: 0, Sum: 0, Workers: 4
[1548.904s][debug][gc,phases      ] GC(69)     Total                          Min: 0, Avg:  0.0, Max: 0, Diff: 0, Sum: 0, Workers: 4
[1548.904s][debug][gc,phases      ] GC(69)   Weak JFR Old Object Samples    Min:  0.0, Avg:  0.0, Max:  0.0, Diff:  0.0, Sum:  0.0, Workers: 4
[1548.904s][debug][gc,phases      ] GC(69)     Dead                           Min: 0, Avg:  0.0, Max: 0, Diff: 0, Sum: 0, Workers: 4
[1548.904s][debug][gc,phases      ] GC(69)     Total                          Min: 0, Avg:  0.0, Max: 0, Diff: 0, Sum: 0, Workers: 4
[1548.904s][debug][gc,phases      ] GC(69) Weak Processing 0.297ms
[1548.904s][debug][gc,age         ] GC(69) Desired survivor size 24117248 bytes, new threshold 15 (max threshold 15)
[1548.904s][info ][gc,heap        ] GC(69) PSYoungGen: 2039392K(2066944K)->96K(2073600K) Eden: 2039296K(2039296K)->0K(2048000K) From: 96K(27648K)->96K(25600K)
[1548.904s][info ][gc,heap        ] GC(69) ParOldGen: 292710K(386048K)->292726K(386048K)
[1548.904s][info ][gc,metaspace   ] GC(69) Metaspace: 84006K(84928K)->84006K(84928K) NonClass: 71500K(72000K)->71500K(72000K) Class: 12506K(12928K)->12506K(12928K)
[1548.904s][info ][gc             ] GC(69) Pause Young (Allocation Failure) 2277M->285M(2402M) 1.254ms
[1548.904s][info ][gc,cpu         ] GC(69) User=0.00s Sys=0.00s Real=0.00s
[1548.904s][info ][safepoint      ] Safepoint "ParallelGCFailedAllocation", Time since last: 32948482925 ns, Reaching safepoint: 3800 ns, Cleanup: 3300 ns, At safepoint: 1303004 ns, Total: 1310104 ns
[1582.003s][info ][gc,start       ] GC(70) Pause Young (Allocation Failure)
[1582.004s][debug][gc,phases      ] GC(70) Scavenge 0.510ms
[1582.004s][debug][gc,ref         ] GC(70) Skipped phase 1 of Reference Processing: no references
[1582.004s][debug][gc,ref         ] GC(70) Skipped phase 2 of Reference Processing: no references
[1582.004s][debug][gc,ref         ] GC(70) Skipped phase 3 of Reference Processing: no references
[1582.004s][debug][gc,ref         ] GC(70) Skipped phase 4 of Reference Processing: no references
[1582.004s][debug][gc,phases      ] GC(70) Reference Processing 0.021ms
[1582.004s][debug][gc,phases      ] GC(70)   VM Weak                        Min:  0.0, Avg:  0.0, Max:  0.0, Diff:  0.0, Sum:  0.0, Workers: 4
[1582.004s][debug][gc,phases      ] GC(70)     Dead                           Min: 0, Avg:  0.0, Max: 0, Diff: 0, Sum: 0, Workers: 4
[1582.004s][debug][gc,phases      ] GC(70)     Total                          Min: 0, Avg: 184.8, Max: 640, Diff: 640, Sum: 739, Workers: 4
[1582.004s][debug][gc,phases      ] GC(70)   ObjectSynchronizer Weak        Min:  0.0, Avg:  0.0, Max:  0.0, Diff:  0.0, Sum:  0.0, Workers: 4
[1582.004s][debug][gc,phases      ] GC(70)     Dead                           Min: 0, Avg:  0.0, Max: 0, Diff: 0, Sum: 0, Workers: 4
[1582.004s][debug][gc,phases      ] GC(70)     Total                          Min: 0, Avg:  1.0, Max: 4, Diff: 4, Sum: 4, Workers: 4
[1582.004s][debug][gc,phases      ] GC(70)   JVMTI Tag Weak OopStorage      Min:  0.0, Avg:  0.0, Max:  0.0, Diff:  0.0, Sum:  0.0, Workers: 4
[1582.004s][debug][gc,phases      ] GC(70)     Dead                           Min: 0, Avg:  0.0, Max: 0, Diff: 0, Sum: 0, Workers: 4
[1582.004s][debug][gc,phases      ] GC(70)     Total                          Min: 0, Avg:  0.0, Max: 0, Diff: 0, Sum: 0, Workers: 4
[1582.004s][debug][gc,phases      ] GC(70)   StringTable Weak               Min:  0.0, Avg:  0.1, Max:  0.1, Diff:  0.1, Sum:  0.4, Workers: 4
[1582.004s][debug][gc,phases      ] GC(70)     Dead                           Min: 0, Avg:  0.0, Max: 0, Diff: 0, Sum: 0, Workers: 4
[1582.004s][debug][gc,phases      ] GC(70)     Total                          Min: 0, Avg: 10956.0, Max: 18992, Diff: 18992, Sum: 43824, Workers: 4
[1582.004s][debug][gc,phases      ] GC(70)   ResolvedMethodTable Weak       Min:  0.0, Avg:  0.0, Max:  0.0, Diff:  0.0, Sum:  0.1, Workers: 4
[1582.004s][debug][gc,phases      ] GC(70)     Dead                           Min: 0, Avg:  0.0, Max: 0, Diff: 0, Sum: 0, Workers: 4
[1582.004s][debug][gc,phases      ] GC(70)     Total                          Min: 0, Avg: 2603.8, Max: 4416, Diff: 4416, Sum: 10415, Workers: 4
[1582.004s][debug][gc,phases      ] GC(70)   JNI Weak                       Min:  0.0, Avg:  0.0, Max:  0.0, Diff:  0.0, Sum:  0.0, Workers: 4
[1582.004s][debug][gc,phases      ] GC(70)     Dead                           Min: 0, Avg:  0.0, Max: 0, Diff: 0, Sum: 0, Workers: 4
[1582.004s][debug][gc,phases      ] GC(70)     Total                          Min: 0, Avg: 11.2, Max: 45, Diff: 45, Sum: 45, Workers: 4
[1582.004s][debug][gc,phases      ] GC(70)   StringDedup Table Weak         Min:  0.0, Avg:  0.0, Max:  0.0, Diff:  0.0, Sum:  0.0, Workers: 4
[1582.004s][debug][gc,phases      ] GC(70)     Dead                           Min: 0, Avg:  0.0, Max: 0, Diff: 0, Sum: 0, Workers: 4
[1582.004s][debug][gc,phases      ] GC(70)     Total                          Min: 0, Avg:  0.0, Max: 0, Diff: 0, Sum: 0, Workers: 4
[1582.004s][debug][gc,phases      ] GC(70)   StringDedup Requests0 Weak     Min:  0.0, Avg:  0.0, Max:  0.0, Diff:  0.0, Sum:  0.0, Workers: 4
[1582.004s][debug][gc,phases      ] GC(70)     Dead                           Min: 0, Avg:  0.0, Max: 0, Diff: 0, Sum: 0, Workers: 4
[1582.004s][debug][gc,phases      ] GC(70)     Total                          Min: 0, Avg:  0.0, Max: 0, Diff: 0, Sum: 0, Workers: 4
[1582.004s][debug][gc,phases      ] GC(70)   StringDedup Requests1 Weak     Min:  0.0, Avg:  0.0, Max:  0.0, Diff:  0.0, Sum:  0.0, Workers: 4
[1582.004s][debug][gc,phases      ] GC(70)     Dead                           Min: 0, Avg:  0.0, Max: 0, Diff: 0, Sum: 0, Workers: 4
[1582.004s][debug][gc,phases      ] GC(70)     Total                          Min: 0, Avg:  0.0, Max: 0, Diff: 0, Sum: 0, Workers: 4
[1582.004s][debug][gc,phases      ] GC(70)   Weak JFR Old Object Samples    Min:  0.0, Avg:  0.0, Max:  0.0, Diff:  0.0, Sum:  0.0, Workers: 4
[1582.004s][debug][gc,phases      ] GC(70)     Dead                           Min: 0, Avg:  0.0, Max: 0, Diff: 0, Sum: 0, Workers: 4
[1582.004s][debug][gc,phases      ] GC(70)     Total                          Min: 0, Avg:  0.0, Max: 0, Diff: 0, Sum: 0, Workers: 4
[1582.004s][debug][gc,phases      ] GC(70) Weak Processing 0.314ms
[1582.004s][debug][gc,age         ] GC(70) Desired survivor size 22020096 bytes, new threshold 15 (max threshold 15)
[1582.004s][info ][gc,heap        ] GC(70) PSYoungGen: 2048096K(2073600K)->96K(2071552K) Eden: 2048000K(2048000K)->0K(2048000K) From: 96K(25600K)->96K(23552K)
[1582.004s][info ][gc,heap        ] GC(70) ParOldGen: 292726K(386048K)->292734K(386048K)
[1582.004s][info ][gc,metaspace   ] GC(70) Metaspace: 84008K(84928K)->84008K(84928K) NonClass: 71501K(72000K)->71501K(72000K) Class: 12506K(12928K)->12506K(12928K)
[1582.004s][info ][gc             ] GC(70) Pause Young (Allocation Failure) 2285M->285M(2400M) 0.931ms
[1582.004s][info ][gc,cpu         ] GC(70) User=0.01s Sys=0.00s Real=0.00s
[1582.004s][info ][safepoint      ] Safepoint "ParallelGCFailedAllocation", Time since last: 33098848561 ns, Reaching safepoint: 3800 ns, Cleanup: 3500 ns, At safepoint: 981308 ns, Total: 988608 ns
[1615.102s][info ][gc,start       ] GC(71) Pause Young (Allocation Failure)
[1615.103s][debug][gc,phases      ] GC(71) Scavenge 1.072ms
[1615.103s][debug][gc,ref         ] GC(71) Skipped phase 1 of Reference Processing: no references
[1615.103s][debug][gc,ref         ] GC(71) Skipped phase 2 of Reference Processing: no references
[1615.103s][debug][gc,ref         ] GC(71) Skipped phase 3 of Reference Processing: no references
[1615.103s][debug][gc,ref         ] GC(71) Skipped phase 4 of Reference Processing: no references
[1615.103s][debug][gc,phases      ] GC(71) Reference Processing 0.019ms
[1615.103s][debug][gc,phases      ] GC(71)   VM Weak                        Min:  0.0, Avg:  0.0, Max:  0.0, Diff:  0.0, Sum:  0.0, Workers: 4
[1615.103s][debug][gc,phases      ] GC(71)     Dead                           Min: 0, Avg:  0.0, Max: 0, Diff: 0, Sum: 0, Workers: 4
[1615.103s][debug][gc,phases      ] GC(71)     Total                          Min: 0, Avg: 184.8, Max: 384, Diff: 384, Sum: 739, Workers: 4
[1615.103s][debug][gc,phases      ] GC(71)   ObjectSynchronizer Weak        Min:  0.0, Avg:  0.0, Max:  0.0, Diff:  0.0, Sum:  0.0, Workers: 4
[1615.103s][debug][gc,phases      ] GC(71)     Dead                           Min: 0, Avg:  0.0, Max: 0, Diff: 0, Sum: 0, Workers: 4
[1615.103s][debug][gc,phases      ] GC(71)     Total                          Min: 0, Avg:  1.0, Max: 4, Diff: 4, Sum: 4, Workers: 4
[1615.103s][debug][gc,phases      ] GC(71)   JVMTI Tag Weak OopStorage      Min:  0.0, Avg:  0.0, Max:  0.0, Diff:  0.0, Sum:  0.0, Workers: 4
[1615.103s][debug][gc,phases      ] GC(71)     Dead                           Min: 0, Avg:  0.0, Max: 0, Diff: 0, Sum: 0, Workers: 4
[1615.103s][debug][gc,phases      ] GC(71)     Total                          Min: 0, Avg:  0.0, Max: 0, Diff: 0, Sum: 0, Workers: 4
[1615.103s][debug][gc,phases      ] GC(71)   StringTable Weak               Min:  0.1, Avg:  0.1, Max:  0.1, Diff:  0.0, Sum:  0.4, Workers: 4
[1615.103s][debug][gc,phases      ] GC(71)     Dead                           Min: 0, Avg:  0.0, Max: 0, Diff: 0, Sum: 0, Workers: 4
[1615.103s][debug][gc,phases      ] GC(71)     Total                          Min: 10752, Avg: 10956.0, Max: 11072, Diff: 320, Sum: 43824, Workers: 4
[1615.103s][debug][gc,phases      ] GC(71)   ResolvedMethodTable Weak       Min:  0.0, Avg:  0.0, Max:  0.0, Diff:  0.0, Sum:  0.1, Workers: 4
[1615.103s][debug][gc,phases      ] GC(71)     Dead                           Min: 0, Avg:  0.0, Max: 0, Diff: 0, Sum: 0, Workers: 4
[1615.103s][debug][gc,phases      ] GC(71)     Total                          Min: 2543, Avg: 2603.8, Max: 2688, Diff: 145, Sum: 10415, Workers: 4
[1615.103s][debug][gc,phases      ] GC(71)   JNI Weak                       Min:  0.0, Avg:  0.0, Max:  0.0, Diff:  0.0, Sum:  0.0, Workers: 4
[1615.103s][debug][gc,phases      ] GC(71)     Dead                           Min: 0, Avg:  0.0, Max: 0, Diff: 0, Sum: 0, Workers: 4
[1615.103s][debug][gc,phases      ] GC(71)     Total                          Min: 0, Avg: 11.2, Max: 45, Diff: 45, Sum: 45, Workers: 4
[1615.103s][debug][gc,phases      ] GC(71)   StringDedup Table Weak         Min:  0.0, Avg:  0.0, Max:  0.0, Diff:  0.0, Sum:  0.0, Workers: 4
[1615.103s][debug][gc,phases      ] GC(71)     Dead                           Min: 0, Avg:  0.0, Max: 0, Diff: 0, Sum: 0, Workers: 4
[1615.103s][debug][gc,phases      ] GC(71)     Total                          Min: 0, Avg:  0.0, Max: 0, Diff: 0, Sum: 0, Workers: 4
[1615.103s][debug][gc,phases      ] GC(71)   StringDedup Requests0 Weak     Min:  0.0, Avg:  0.0, Max:  0.0, Diff:  0.0, Sum:  0.0, Workers: 4
[1615.103s][debug][gc,phases      ] GC(71)     Dead                           Min: 0, Avg:  0.0, Max: 0, Diff: 0, Sum: 0, Workers: 4
[1615.103s][debug][gc,phases      ] GC(71)     Total                          Min: 0, Avg:  0.0, Max: 0, Diff: 0, Sum: 0, Workers: 4
[1615.103s][debug][gc,phases      ] GC(71)   StringDedup Requests1 Weak     Min:  0.0, Avg:  0.0, Max:  0.0, Diff:  0.0, Sum:  0.0, Workers: 4
[1615.103s][debug][gc,phases      ] GC(71)     Dead                           Min: 0, Avg:  0.0, Max: 0, Diff: 0, Sum: 0, Workers: 4
[1615.103s][debug][gc,phases      ] GC(71)     Total                          Min: 0, Avg:  0.0, Max: 0, Diff: 0, Sum: 0, Workers: 4
[1615.103s][debug][gc,phases      ] GC(71)   Weak JFR Old Object Samples    Min:  0.0, Avg:  0.0, Max:  0.0, Diff:  0.0, Sum:  0.0, Workers: 4
[1615.104s][debug][gc,phases      ] GC(71)     Dead                           Min: 0, Avg:  0.0, Max: 0, Diff: 0, Sum: 0, Workers: 4
[1615.104s][debug][gc,phases      ] GC(71)     Total                          Min: 0, Avg:  0.0, Max: 0, Diff: 0, Sum: 0, Workers: 4
[1615.104s][debug][gc,phases      ] GC(71) Weak Processing 0.300ms
[1615.104s][debug][gc,age         ] GC(71) Desired survivor size 20447232 bytes, new threshold 15 (max threshold 15)
[1615.104s][info ][gc,heap        ] GC(71) PSYoungGen: 2048096K(2071552K)->96K(2077184K) Eden: 2048000K(2048000K)->0K(2055680K) From: 96K(23552K)->96K(21504K)
[1615.104s][info ][gc,heap        ] GC(71) ParOldGen: 292734K(386048K)->292742K(386048K)
[1615.104s][info ][gc,metaspace   ] GC(71) Metaspace: 84008K(84928K)->84008K(84928K) NonClass: 71501K(72000K)->71501K(72000K) Class: 12506K(12928K)->12506K(12928K)
[1615.104s][info ][gc             ] GC(71) Pause Young (Allocation Failure) 2285M->285M(2405M) 1.464ms
[1615.104s][info ][gc,cpu         ] GC(71) User=0.00s Sys=0.00s Real=0.00s
[1615.104s][info ][safepoint      ] Safepoint "ParallelGCFailedAllocation", Time since last: 33097834650 ns, Reaching safepoint: 3600 ns, Cleanup: 2900 ns, At safepoint: 1529010 ns, Total: 1535510 ns
[1648.303s][info ][gc,start       ] GC(72) Pause Young (Allocation Failure)
[1648.304s][debug][gc,phases      ] GC(72) Scavenge 0.758ms
[1648.304s][debug][gc,ref         ] GC(72) Skipped phase 1 of Reference Processing: no references
[1648.304s][debug][gc,ref         ] GC(72) Skipped phase 2 of Reference Processing: no references
[1648.304s][debug][gc,ref         ] GC(72) Skipped phase 3 of Reference Processing: no references
[1648.304s][debug][gc,ref         ] GC(72) Skipped phase 4 of Reference Processing: no references
[1648.304s][debug][gc,phases      ] GC(72) Reference Processing 0.019ms
[1648.304s][debug][gc,phases      ] GC(72)   VM Weak                        Min:  0.0, Avg:  0.0, Max:  0.0, Diff:  0.0, Sum:  0.0, Workers: 4
[1648.304s][debug][gc,phases      ] GC(72)     Dead                           Min: 0, Avg:  0.0, Max: 0, Diff: 0, Sum: 0, Workers: 4
[1648.304s][debug][gc,phases      ] GC(72)     Total                          Min: 0, Avg: 184.8, Max: 419, Diff: 419, Sum: 739, Workers: 4
[1648.304s][debug][gc,phases      ] GC(72)   ObjectSynchronizer Weak        Min:  0.0, Avg:  0.0, Max:  0.0, Diff:  0.0, Sum:  0.0, Workers: 4
[1648.304s][debug][gc,phases      ] GC(72)     Dead                           Min: 0, Avg:  0.0, Max: 0, Diff: 0, Sum: 0, Workers: 4
[1648.304s][debug][gc,phases      ] GC(72)     Total                          Min: 0, Avg:  1.0, Max: 4, Diff: 4, Sum: 4, Workers: 4
[1648.304s][debug][gc,phases      ] GC(72)   JVMTI Tag Weak OopStorage      Min:  0.0, Avg:  0.0, Max:  0.0, Diff:  0.0, Sum:  0.0, Workers: 4
[1648.304s][debug][gc,phases      ] GC(72)     Dead                           Min: 0, Avg:  0.0, Max: 0, Diff: 0, Sum: 0, Workers: 4
[1648.304s][debug][gc,phases      ] GC(72)     Total                          Min: 0, Avg:  0.0, Max: 0, Diff: 0, Sum: 0, Workers: 4
[1648.304s][debug][gc,phases      ] GC(72)   StringTable Weak               Min:  0.1, Avg:  0.1, Max:  0.1, Diff:  0.0, Sum:  0.4, Workers: 4
[1648.304s][debug][gc,phases      ] GC(72)     Dead                           Min: 0, Avg:  0.0, Max: 0, Diff: 0, Sum: 0, Workers: 4
[1648.304s][debug][gc,phases      ] GC(72)     Total                          Min: 10480, Avg: 10956.0, Max: 12160, Diff: 1680, Sum: 43824, Workers: 4
[1648.304s][debug][gc,phases      ] GC(72)   ResolvedMethodTable Weak       Min:  0.0, Avg:  0.0, Max:  0.0, Diff:  0.0, Sum:  0.1, Workers: 4
[1648.304s][debug][gc,phases      ] GC(72)     Dead                           Min: 0, Avg:  0.0, Max: 0, Diff: 0, Sum: 0, Workers: 4
[1648.304s][debug][gc,phases      ] GC(72)     Total                          Min: 2432, Avg: 2603.8, Max: 2880, Diff: 448, Sum: 10415, Workers: 4
[1648.304s][debug][gc,phases      ] GC(72)   JNI Weak                       Min:  0.0, Avg:  0.0, Max:  0.0, Diff:  0.0, Sum:  0.0, Workers: 4
[1648.304s][debug][gc,phases      ] GC(72)     Dead                           Min: 0, Avg:  0.0, Max: 0, Diff: 0, Sum: 0, Workers: 4
[1648.304s][debug][gc,phases      ] GC(72)     Total                          Min: 0, Avg: 11.2, Max: 45, Diff: 45, Sum: 45, Workers: 4
[1648.304s][debug][gc,phases      ] GC(72)   StringDedup Table Weak         Min:  0.0, Avg:  0.0, Max:  0.0, Diff:  0.0, Sum:  0.0, Workers: 4
[1648.304s][debug][gc,phases      ] GC(72)     Dead                           Min: 0, Avg:  0.0, Max: 0, Diff: 0, Sum: 0, Workers: 4
[1648.304s][debug][gc,phases      ] GC(72)     Total                          Min: 0, Avg:  0.0, Max: 0, Diff: 0, Sum: 0, Workers: 4
[1648.304s][debug][gc,phases      ] GC(72)   StringDedup Requests0 Weak     Min:  0.0, Avg:  0.0, Max:  0.0, Diff:  0.0, Sum:  0.0, Workers: 4
[1648.304s][debug][gc,phases      ] GC(72)     Dead                           Min: 0, Avg:  0.0, Max: 0, Diff: 0, Sum: 0, Workers: 4
[1648.304s][debug][gc,phases      ] GC(72)     Total                          Min: 0, Avg:  0.0, Max: 0, Diff: 0, Sum: 0, Workers: 4
[1648.304s][debug][gc,phases      ] GC(72)   StringDedup Requests1 Weak     Min:  0.0, Avg:  0.0, Max:  0.0, Diff:  0.0, Sum:  0.0, Workers: 4
[1648.304s][debug][gc,phases      ] GC(72)     Dead                           Min: 0, Avg:  0.0, Max: 0, Diff: 0, Sum: 0, Workers: 4
[1648.304s][debug][gc,phases      ] GC(72)     Total                          Min: 0, Avg:  0.0, Max: 0, Diff: 0, Sum: 0, Workers: 4
[1648.304s][debug][gc,phases      ] GC(72)   Weak JFR Old Object Samples    Min:  0.0, Avg:  0.0, Max:  0.0, Diff:  0.0, Sum:  0.0, Workers: 4
[1648.304s][debug][gc,phases      ] GC(72)     Dead                           Min: 0, Avg:  0.0, Max: 0, Diff: 0, Sum: 0, Workers: 4
[1648.304s][debug][gc,phases      ] GC(72)     Total                          Min: 0, Avg:  0.0, Max: 0, Diff: 0, Sum: 0, Workers: 4
[1648.304s][debug][gc,phases      ] GC(72) Weak Processing 0.303ms
[1648.304s][debug][gc,age         ] GC(72) Desired survivor size 18874368 bytes, new threshold 15 (max threshold 15)
[1648.304s][info ][gc,heap        ] GC(72) PSYoungGen: 2055776K(2077184K)->96K(2075648K) Eden: 2055680K(2055680K)->0K(2055680K) From: 96K(21504K)->96K(19968K)
[1648.304s][info ][gc,heap        ] GC(72) ParOldGen: 292742K(386048K)->292750K(386048K)
[1648.304s][info ][gc,metaspace   ] GC(72) Metaspace: 84008K(84928K)->84008K(84928K) NonClass: 71501K(72000K)->71501K(72000K) Class: 12506K(12928K)->12506K(12928K)
[1648.304s][info ][gc             ] GC(72) Pause Young (Allocation Failure) 2293M->285M(2404M) 1.154ms
[1648.304s][info ][gc,cpu         ] GC(72) User=0.01s Sys=0.00s Real=0.00s
[1648.304s][info ][safepoint      ] Safepoint "ParallelGCFailedAllocation", Time since last: 33199413181 ns, Reaching safepoint: 3400 ns, Cleanup: 3600 ns, At safepoint: 1216409 ns, Total: 1223409 ns
[1681.552s][info ][gc,start       ] GC(73) Pause Young (Allocation Failure)
[1681.553s][debug][gc,phases      ] GC(73) Scavenge 1.095ms
[1681.553s][debug][gc,ref         ] GC(73) Skipped phase 1 of Reference Processing: no references
[1681.553s][debug][gc,ref         ] GC(73) Skipped phase 2 of Reference Processing: no references
[1681.553s][debug][gc,ref         ] GC(73) Skipped phase 3 of Reference Processing: no references
[1681.553s][debug][gc,ref         ] GC(73) Skipped phase 4 of Reference Processing: no references
[1681.553s][debug][gc,phases      ] GC(73) Reference Processing 0.021ms
[1681.553s][debug][gc,phases      ] GC(73)   VM Weak                        Min:  0.0, Avg:  0.0, Max:  0.0, Diff:  0.0, Sum:  0.0, Workers: 4
[1681.553s][debug][gc,phases      ] GC(73)     Dead                           Min: 0, Avg:  0.0, Max: 0, Diff: 0, Sum: 0, Workers: 4
[1681.553s][debug][gc,phases      ] GC(73)     Total                          Min: 0, Avg: 184.8, Max: 576, Diff: 576, Sum: 739, Workers: 4
[1681.553s][debug][gc,phases      ] GC(73)   ObjectSynchronizer Weak        Min:  0.0, Avg:  0.0, Max:  0.0, Diff:  0.0, Sum:  0.0, Workers: 4
[1681.553s][debug][gc,phases      ] GC(73)     Dead                           Min: 0, Avg:  0.0, Max: 0, Diff: 0, Sum: 0, Workers: 4
[1681.553s][debug][gc,phases      ] GC(73)     Total                          Min: 0, Avg:  1.0, Max: 4, Diff: 4, Sum: 4, Workers: 4
[1681.553s][debug][gc,phases      ] GC(73)   JVMTI Tag Weak OopStorage      Min:  0.0, Avg:  0.0, Max:  0.0, Diff:  0.0, Sum:  0.0, Workers: 4
[1681.553s][debug][gc,phases      ] GC(73)     Dead                           Min: 0, Avg:  0.0, Max: 0, Diff: 0, Sum: 0, Workers: 4
[1681.553s][debug][gc,phases      ] GC(73)     Total                          Min: 0, Avg:  0.0, Max: 0, Diff: 0, Sum: 0, Workers: 4
[1681.553s][debug][gc,phases      ] GC(73)   StringTable Weak               Min:  0.0, Avg:  0.1, Max:  0.1, Diff:  0.1, Sum:  0.4, Workers: 4
[1681.553s][debug][gc,phases      ] GC(73)     Dead                           Min: 0, Avg:  0.0, Max: 0, Diff: 0, Sum: 0, Workers: 4
[1681.553s][debug][gc,phases      ] GC(73)     Total                          Min: 0, Avg: 10956.0, Max active: 17608, Diff: 20608, Sum: 43824, Workers: 4
[1681.553s][debug][gc,phases      ] GC(73)   ResolvedMethodTable Weak       Min:  0.0, Avg:  0.0, Max:  0.0, Diff:  0.0, Sum:  0.1, Workers: 4
[1681.553s][debug][gc,phases      ] GC(73)     Dead                           Min: 0, Avg:  0.0, Max: 0, Diff: 0, Sum: 0, Workers: 4
[1681.553s][debug][gc,phases      ] GC(73)     Total                          Min: 0, Avg: 2603.8, Max: 4271, Diff: 4271, Sum: 10415, Workers: 4
[1681.553s][debug][gc,phases      ] GC(73)   JNI Weak                       Min:  0.0, Avg:  0.0, Max:  0.0, Diff:  0.0, Sum:  0.0, Workers: 4
[1681.553s][debug][gc,phases      ] GC(73)     Dead                           Min: 0, Avg:  0.0, Max: 0, Diff: 0, Sum: 0, Workers: 4
[1681.553s][debug][gc,phases      ] GC(73)     Total                          Min: 0, Avg: 11.2, Max: 45, Diff: 45, Sum: 45, Workers: 4
[1681.553s][debug][gc,phases      ] GC(73)   StringDedup Table Weak         Min:  0.0, Avg:  0.0, Max:  0.0, Diff:  0.0, Sum:  0.0, Workers: 4
[1681.553s][debug][gc,phases      ] GC(73)     Dead                           Min: 0, Avg:  0.0, Max: 0, Diff: 0, Sum: 0, Workers: 4
[1681.553s][debug][gc,phases      ] GC(73)     Total                          Min: 0, Avg:  0.0, Max: 0, Diff: 0, Sum: 0, Workers: 4
[1681.553s][debug][gc,phases      ] GC(73)   StringDedup Requests0 Weak     Min:  0.0, Avg:  0.0, Max:  0.0, Diff:  0.0, Sum:  0.0, Workers: 4
[1681.553s][debug][gc,phases      ] GC(73)     Dead                           Min: 0, Avg:  0.0, Max: 0, Diff: 0, Sum: 0, Workers: 4
[1681.553s][debug][gc,phases      ] GC(73)     Total                          Min: 0, Avg:  0.0, Max: 0, Diff: 0, Sum: 0, Workers: 4
[1681.553s][debug][gc,phases      ] GC(73)   StringDedup Requests1 Weak     Min:  0.0, Avg:  0.0, Max:  0.0, Diff:  0.0, Sum:  0.0, Workers: 4
[1681.553s][debug][gc,phases      ] GC(73)     Dead                           Min: 0, Avg:  0.0, Max: 0, Diff: 0, Sum: 0, Workers: 4
[1681.553s][debug][gc,phases      ] GC(73)     Total                          Min: 0, Avg:  0.0, Max: 0, Diff: 0, Sum: 0, Workers: 4
[1681.553s][debug][gc,phases      ] GC(73)   Weak JFR Old Object Samples    Min:  0.0, Avg:  0.0, Max:  0.0, Diff:  0.0, Sum:  0.0, Workers: 4
[1681.553s][debug][gc,phases      ] GC(73)     Dead                           Min: 0, Avg:  0.0, Max: 0, Diff: 0, Sum: 0, Workers: 4
[1681.553s][debug][gc,phases      ] GC(73)     Total                          Min: 0, Avg:  0.0, Max: 0, Diff: 0, Sum: 0, Workers: 4
[1681.553s][debug][gc,phases      ] GC(73) Weak Processing 0.336ms
[1681.553s][debug][gc,age         ] GC(73) Desired survivor size 17301504 bytes, new threshold 15 (max threshold 15)
[1681.553s][info ][gc,heap        ] GC(73) PSYoungGen: 2055776K(2075648K)->96K(2080256K) Eden: 2055680K(2055680K)->0K(2061824K) From: 96K(19968K)->96K(18432K)
[1681.553s][info ][gc,heap        ] GC(73) ParOldGen: 292750K(386048K)->292758K(386048K)
[1681.553s][info ][gc,metaspace   ] GC(73) Metaspace: 84008K(84928K)->84008K(84928K) NonClass: 71501K(72000K)->71501K(72000K) Class: 12506K(12928K)->12506K(12928K)
[1681.553s][info ][gc             ] GC(73) Pause Young (Allocation Failure) 2293M->285M(2408M) 1.531ms
[1681.553s][info ][gc,cpu         ] GC(73) User=0.01s Sys=0.00s Real=0.00s
[1681.553s][info ][safepoint      ] Safepoint "ParallelGCFailedAllocation", Time since last: 33247455603 ns, Reaching safepoint: 3900 ns, Cleanup: 3000 ns, At safepoint: 1606108 ns, Total: 1613008 ns
[1714.852s][info ][gc,start       ] GC(74) Pause Young (Allocation Failure)
[1714.852s][debug][gc,phases      ] GC(74) Scavenge 0.519ms
[1714.852s][debug][gc,ref         ] GC(74) Skipped phase 1 of Reference Processing: no references
[1714.852s][debug][gc,ref         ] GC(74) Skipped phase 2 of Reference Processing: no references
[1714.852s][debug][gc,ref         ] GC(74) Skipped phase 3 of Reference Processing: no references
[1714.852s][debug][gc,ref         ] GC(74) Skipped phase 4 of Reference Processing: no references
[1714.852s][debug][gc,phases      ] GC(74) Reference Processing 0.023ms
[1714.853s][debug][gc,phases      ] GC(74)   VM Weak                        Min:  0.0, Avg:  0.0, Max:  0.0, Diff:  0.0, Sum:  0.0, Workers: 4
[1714.853s][debug][gc,phases      ] GC(74)     Dead                           Min: 0, Avg:  0.0, Max: 0, Diff: 0, Sum: 0, Workers: 4
[1714.853s][debug][gc,phases      ] GC(74)     Total                          Min: 0, Avg: 184.8, Max: 483, Diff: 483, Sum: 739, Workers: 4
[1714.853s][debug][gc,phases      ] GC(74)   ObjectSynchronizer Weak        Min:  0.0, Avg:  0.0, Max:  0.0, Diff:  0.0, Sum:  0.0, Workers: 4
[1714.853s][debug][gc,phases      ] GC(74)     Dead                           Min: 0, Avg:  0.0, Max: 0, Diff: 0, Sum: 0, Workers: 4
[1714.853s][debug][gc,phases      ] GC(74)     Total                          Min: 0, Avg:  1.0, Max: 4, Diff: 4, Sum: 4, Workers: 4
[1714.853s][debug][gc,phases      ] GC(74)   JVMTI Tag Weak OopStorage      Min:  0.0, Avg:  0.0, Max:  0.0, Diff:  0.0, Sum:  0.0, Workers: 4
[1714.853s][debug][gc,phases      ] GC(74)     Dead                           Min: 0, Avg:  0.0, Max: 0, Diff: 0, Sum: 0, Workers: 4
[1714.853s][debug][gc,phases      ] GC(74)     Total                          Min: 0, Avg:  0.0, Max: 0, Diff: 0, Sum: 0, Workers: 4
[1714.853s][debug][gc,phases      ] GC(74)   StringTable Weak               Min:  0.1, Avg:  0.1, Max:  0.1, Diff:  0.0, Sum:  0.4, Workers: 4
[1714.853s][debug][gc,phases      ] GC(74)     Dead                           Min: 0, Avg:  0.0, Max: 0, Diff: 0, Sum: 0, Workers: 4
[1714.853s][debug][gc,phases      ] GC(74)     Total                          Min: 9728, Avg: 10956.0, Max: 12784, Diff: 3056, Sum: 43824, Workers: 4
[1714.853s][debug][gc,phases      ] GC(74)   ResolvedMethodTable Weak       Min:  0.0, Avg:  0.0, Max:  0.0, Diff:  0.0, Sum:  0.1, Workers: 4
[1714.853s][debug][gc,phases      ] GC(74)     Dead                           Min: 0, Avg:  0.0, Max: 0, Diff: 0, Sum: 0, Workers: 4
[1714.853s][debug][gc,phases      ] GC(74)     Total                          Min: 2240, Avg: 2603.8, Max: 2991, Diff: 751, Sum: 10415, Workers: 4
[1714.853s][debug][gc,phases      ] GC(74)   JNI Weak                       Min:  0.0, Avg:  0.0, Max:  0.0, Diff:  0.0, Sum:  0.0, Workers: 4
[1714.853s][debug][gc,phases      ] GC(74)     Dead                           Min: 0, Avg:  0.0, Max: 0, Diff: 0, Sum: 0, Workers: 4
[1714.853s][debug][gc,phases      ] GC(74)     Total                          Min: 0, Avg: 11.2, Max: 45, Diff: 45, Sum: 45, Workers: 4
[1714.853s][debug][gc,phases      ] GC(74)   StringDedup Table Weak         Min:  0.0, Avg:  0.0, Max:  0.0, Diff:  0.0, Sum:  0.0, Workers: 4
[1714.853s][debug][gc,phases      ] GC(74)     Dead                           Min: 0, Avg:  0.0, Max: 0, Diff: 0, Sum: 0, Workers: 4
[1714.853s][debug][gc,phases      ] GC(74)     Total                          Min: 0, Avg:  0.0, Max: 0, Diff: 0, Sum: 0, Workers: 4
[1714.853s][debug][gc,phases      ] GC(74)   StringDedup Requests0 Weak     Min:  0.0, Avg:  0.0, Max:  0.0, Diff:  0.0, Sum:  0.0, Workers: 4
[1714.853s][debug][gc,phases      ] GC(74)     Dead                           Min: 0, Avg:  0.0, Max: 0, Diff: 0, Sum: 0, Workers: 4
[1714.853s][debug][gc,phases      ] GC(74)     Total                          Min: 0, Avg:  0.0, Max: 0, Diff: 0, Sum: 0, Workers: 4
[1714.853s][debug][gc,phases      ] GC(74)   StringDedup Requests1 Weak     Min:  0.0, Avg:  0.0, Max:  0.0, Diff:  0.0, Sum:  0.0, Workers: 4
[1714.853s][debug][gc,phases      ] GC(74)     Dead                           Min: 0, Avg:  0.0, Max: 0, Diff: 0, Sum: 0, Workers: 4
[1714.853s][debug][gc,phases      ] GC(74)     Total                          Min: 0, Avg:  0.0, Max: 0, Diff: 0, Sum: 0, Workers: 4
[1714.853s][debug][gc,phases      ] GC(74)   Weak JFR Old Object Samples    Min:  0.0, Avg:  0.0, Max:  0.0, Diff:  0.0, Sum:  0.0, Workers: 4
[1714.853s][debug][gc,phases      ] GC(74)     Dead                           Min: 0, Avg:  0.0, Max: 0, Diff: 0, Sum: 0, Workers: 4
[1714.853s][debug][gc,phases      ] GC(74)     Total                          Min: 0, Avg:  0.0, Max: 0, Diff: 0, Sum: 0, Workers: 4
[1714.853s][debug][gc,phases      ] GC(74) Weak Processing 0.314ms
[1714.853s][debug][gc,age         ] GC(74) Desired survivor size 15728640 bytes, new threshold 15 (max threshold 15)
[1714.853s][info ][gc,heap        ] GC(74) PSYoungGen: 2061920K(2080256K)->96K(2078720K) Eden: 2061824K(2061824K)->0K(2061824K) From: 96K(18432K)->96K(16896K)
[1714.853s][info ][gc,heap        ] GC(74) ParOldGen: 292758K(386048K)->292766K(386048K)
[1714.853s][info ][gc,metaspace   ] GC(74) Metaspace: 84008K(84928K)->84008K(84928K) NonClass: 71501K(72000K)->71501K(72000K) Class: 12506K(12928K)->12506K(12928K)
[1714.853s][info ][gc             ] GC(74) Pause Young (Allocation Failure) 2299M->285M(2407M) 0.929ms
[1714.853s][info ][gc,cpu         ] GC(74) User=0.00s Sys=0.00s Real=0.00s
[1714.853s][info ][safepoint      ] Safepoint "ParallelGCFailedAllocation", Time since last: 33298532676 ns, Reaching safepoint: 4600 ns, Cleanup: 3400 ns, At safepoint: 993006 ns, Total: 1001006 ns
[1748.153s][info ][gc,start       ] GC(75) Pause Young (Allocation Failure)
[1748.154s][debug][gc,phases      ] GC(75) Scavenge 0.793ms
[1748.154s][debug][gc,ref         ] GC(75) Skipped phase 1 of Reference Processing: no references
[1748.154s][debug][gc,ref         ] GC(75) Skipped phase 2 of Reference Processing: no references
[1748.154s][debug][gc,ref         ] GC(75) Skipped phase 3 of Reference Processing: no references
[1748.154s][debug][gc,ref         ] GC(75) Skipped phase 4 of Reference Processing: no references
[1748.154s][debug][gc,phases      ] GC(75) Reference Processing 0.019ms
[1748.154s][debug][gc,phases      ] GC(75)   VM Weak                        Min:  0.0, Avg:  0.0, Max:  0.0, Diff:  0.0, Sum:  0.0, Workers: 4
[1748.154s][debug][gc,phases      ] GC(75)     Dead                           Min: 0, Avg:  0.0, Max: 0, Diff: 0, Sum: 0, Workers: 4
[1748.154s][debug][gc,phases      ] GC(75)     Total                          Min: 0, Avg: 184.8, Max: 448, Diff: 448, Sum: 739, Workers: 4
[1748.154s][debug][gc,phases      ] GC(75)   ObjectSynchronizer Weak        Min:  0.0, Avg:  0.0, Max:  0.0, Diff:  0.0, Sum:  0.0, Workers: 4
[1748.154s][debug][gc,phases      ] GC(75)     Dead                           Min: 0, Avg:  0.0, Max: 0, Diff: 0, Sum: 0, Workers: 4
[1748.154s][debug][gc,phases      ] GC(75)     Total                          Min: 0, Avg:  1.0, Max: 4, Diff: 4, Sum: 4, Workers: 4
[1748.154s][debug][gc,phases      ] GC(75)   JVMTI Tag Weak OopStorage      Min:  0.0, Avg:  0.0, Max:  0.0, Diff:  0.0, Sum:  0.0, Workers: 4
[1748.154s][debug][gc,phases      ] GC(75)     Dead                           Min: 0, Avg:  0.0, Max: 0, Diff: 0, Sum: 0, Workers: 4
[1748.154s][debug][gc,phases      ] GC(75)     Total                          Min: 0, Avg:  0.0, Max: 0, Diff: 0, Sum: 0, Workers: 4
[1748.154s][debug][gc,phases      ] GC(75)   StringTable Weak               Min:  0.0, Avg:  0.1, Max:  0.1, Diff:  0.1, Sum:  0.4, Workers: 4
[1748.154s][debug][gc,phases      ] GC(75)     Dead                           Min: 0, Avg:  0.0, Max: 0, Diff: 0, Sum: 0, Workers: 4
[1748.154s][debug][gc,phases      ] GC(75)     Total                          Min: 0, Avg: 10958.8, Max: 19451, Diff: 19451, Sum: 43835, Workers: 4
[1748.154s][debug][gc,phases      ] GC(75)   ResolvedMethodTable Weak       Min:  0.0, Avg:  0.0, Max:  0.0, Diff:  0.0, Sum:  0.1, Workers: 4
[1748.154s][debug][gc,phases      ] GC(75)     Dead                           Min: 0, Avg:  0.0, Max: 0, Diff: 0, Sum: 0, Workers: 4
[1748.154s][debug][gc,phases      ] GC(75)     Total                          Min: 0, Avg: 2603.8, Max: 4416, Diff: 4416, Sum: 10415, Workers: 4
[1748.154s][debug][gc,phases      ] GC(75)   JNI Weak                       Min:  0.0, Avg:  0.0, Max:  0.0, Diff:  0.0, Sum:  0.0, Workers: 4
[1748.154s][debug][gc,phases      ] GC(75)     Dead                           Min: 0, Avg:  0.0, Max: 0, Diff: 0, Sum: 0, Workers: 4
[1748.154s][debug][gc,phases      ] GC(75)     Total                          Min: 0, Avg: 11.2, Max: 45, Diff: 45, Sum: 45, Workers: 4
[1748.154s][debug][gc,phases      ] GC(75)   StringDedup Table Weak         Min:  0.0, Avg:  0.0, Max:  0.0, Diff:  0.0, Sum:  0.0, Workers: 4
[1748.154s][debug][gc,phases      ] GC(75)     Dead                           Min: 0, Avg:  0.0, Max: 0, Diff: 0, Sum: 0, Workers: 4
[1748.154s][debug][gc,phases      ] GC(75)     Total                          Min: 0, Avg:  0.0, Max: 0, Diff: 0, Sum: 0, Workers: 4
[1748.154s][debug][gc,phases      ] GC(75)   StringDedup Requests0 Weak     Min:  0.0, Avg:  0.0, Max:  0.0, Diff:  0.0, Sum:  0.0, Workers: 4
[1748.154s][debug][gc,phases      ] GC(75)     Dead                           Min: 0, Avg:  0.0, Max: 0, Diff: 0, Sum: 0, Workers: 4
[1748.154s][debug][gc,phases      ] GC(75)     Total                          Min: 0, Avg:  0.0, Max: 0, Diff: 0, Sum: 0, Workers: 4
[1748.154s][debug][gc,phases      ] GC(75)   StringDedup Requests1 Weak     Min:  0.0, Avg:  0.0, Max:  0.0, Diff:  0.0, Sum:  0.0, Workers: 4
[1748.154s][debug][gc,phases      ] GC(75)     Dead                           Min: 0, Avg:  0.0, Max: 0, Diff: 0, Sum: 0, Workers: 4
[1748.154s][debug][gc,phases      ] GC(75)     Total                          Min: 0, Avg:  0.0, Max: 0, Diff: 0, Sum: 0, Workers: 4
[1748.154s][debug][gc,phases      ] GC(75)   Weak JFR Old Object Samples    Min:  0.0, Avg:  0.0, Max:  0.0, Diff:  0.0, Sum:  0.0, Workers: 4
[1748.154s][debug][gc,phases      ] GC(75)     Dead                           Min: 0, Avg:  0.0, Max: 0, Diff: 0, Sum: 0, Workers: 4
[1748.154s][debug][gc,phases      ] GC(75)     Total                          Min: 0, Avg:  0.0, Max: 0, Diff: 0, Sum: 0, Workers: 4
[1748.154s][debug][gc,phases      ] GC(75) Weak Processing 0.320ms
[1748.154s][debug][gc,age         ] GC(75) Desired survivor size 14680064 bytes, new threshold 15 (max threshold 15)
[1748.154s][info ][gc,heap        ] GC(75) PSYoungGen: 2061920K(2078720K)->128K(2082816K) Eden: 2061824K(2061824K)->0K(2067456K) From: 96K(16896K)->128K(15360K)
[1748.154s][info ][gc,heap        ] GC(75) ParOldGen: 292766K(386048K)->292774K(386048K)
[1748.154s][info ][gc,metaspace   ] GC(75) Metaspace: 84008K(84928K)->84008K(84928K) NonClass: 71501K(72000K)->71501K(72000K) Class: 12506K(12928K)->12506K(12928K)
[1748.154s][info ][gc             ] GC(75) Pause Young (Allocation Failure) 2299M->286M(2411M) 1.219ms
[1748.154s][info ][gc,cpu         ] GC(75) User=0.00s Sys=0.00s Real=0.00s
[1748.154s][info ][safepoint      ] Safepoint "ParallelGCFailedAllocation", Time since last: 33300050560 ns, Reaching safepoint: 4900 ns, Cleanup: 3900 ns, At safepoint: 1289807 ns, Total: 1298607 ns
[1781.554s][info ][gc,start       ] GC(76) Pause Young (Allocation Failure)
[1781.554s][debug][gc,phases      ] GC(76) Scavenge 0.511ms
[1781.554s][debug][gc,ref         ] GC(76) Skipped phase 1 of Reference Processing: no references
[1781.554s][debug][gc,ref         ] GC(76) Skipped phase 2 of Reference Processing: no references
[1781.554s][debug][gc,ref         ] GC(76) Skipped phase 3 of Reference Processing: no references
[1781.554s][debug][gc,ref         ] GC(76) Skipped phase 4 of Reference Processing: no references
[1781.554s][debug][gc,phases      ] GC(76) Reference Processing 0.021ms
[1781.554s][debug][gc,phases      ] GC(76)   VM Weak                        Min:  0.0, Avg:  0.0, Max:  0.0, Diff:  0.0, Sum:  0.0, Workers: 4
[1781.554s][debug][gc,phases      ] GC(76)     Dead                           Min: 0, Avg:  0.0, Max: 0, Diff: 0, Sum: 0, Workers: 4
[1781.554s][debug][gc,phases      ] GC(76)     Total                          Min: 0, Avg: 184.8, Max: 384, Diff: 384, Sum: 739, Workers: 4
[1781.554s][debug][gc,phases      ] GC(76)   ObjectSynchronizer Weak        Min:  0.0, Avg:  0.0, Max:  0.0, Diff:  0.0, Sum:  0.0, Workers: 4
[1781.554s][debug][gc,phases      ] GC(76)     Dead                           Min: 0, Avg:  0.0, Max: 0, Diff: 0, Sum: 0, Workers: 4
[1781.554s][debug][gc,phases      ] GC(76)     Total                          Min: 0, Avg:  1.0, Max: 4, Diff: 4, Sum: 4, Workers: 4
[1781.554s][debug][gc,phases      ] GC(76)   JVMTI Tag Weak OopStorage      Min:  0.0, Avg:  0.0, Max:  0.0, Diff:  0.0, Sum:  0.0, Workers: 4
[1781.554s][debug][gc,phases      ] GC(76)     Dead                           Min: 0, Avg:  0.0, Max: 0, Diff: 0, Sum: 0, Workers: 4
[1781.554s][debug][gc,phases      ] GC(76)     Total                          Min: 0, Avg:  0.0, Max: 0, Diff: 0, Sum: 0, Workers: 4
[1781.554s][debug][gc,phases      ] GC(76)   StringTable Weak               Min:  0.0, Avg:  0.1, Max:  0.1, Diff:  0.1, Sum:  0.4, Workers: 4
[1781.554s][debug][gc,phases      ] GC(76)     Dead                           Min: 0, Avg:  0.0, Max: 0, Diff: 0, Sum: 0, Workers: 4
[1781.554s][debug][gc,phases      ] GC(76)     Total                          Min: 0, Avg: 10960.2, Max: 19840, Diff: 19840, Sum: 43841, Workers: 4
[1781.554s][debug][gc,phases      ] GC(76)   ResolvedMethodTable Weak       Min:  0.0, Avg:  0.0, Max:  0.0, Diff:  0.0, Sum:  0.1, Workers: 4
[1781.554s][debug][gc,phases      ] GC(76)     Dead                           Min: 0, Avg:  0.0, Max: 0, Diff: 0, Sum: 0, Workers: 4
[1781.554s][debug][gc,phases      ] GC(76)     Total                          Min: 0, Avg: 2603.8, Max: 4352, Diff: 4352, Sum: 10415, Workers: 4
[1781.554s][debug][gc,phases      ] GC(76)   JNI Weak                       Min:  0.0, Avg:  0.0, Max:  0.0, Diff:  0.0, Sum:  0.0, Workers: 4
[1781.554s][debug][gc,phases      ] GC(76)     Dead                           Min: 0, Avg:  0.0, Max: 0, Diff: 0, Sum: 0, Workers: 4
[1781.554s][debug][gc,phases      ] GC(76)     Total                          Min: 0, Avg: 11.2, Max: 45, Diff: 45, Sum: 45, Workers: 4
[1781.554s][debug][gc,phases      ] GC(76)   StringDedup Table Weak         Min:  0.0, Avg:  0.0, Max:  0.0, Diff:  0.0, Sum:  0.0, Workers: 4
[1781.554s][debug][gc,phases      ] GC(76)     Dead                           Min: 0, Avg:  0.0, Max: 0, Diff: 0, Sum: 0, Workers: 4
[1781.554s][debug][gc,phases      ] GC(76)     Total                          Min: 0, Avg:  0.0, Max: 0, Diff: 0, Sum: 0, Workers: 4
[1781.554s][debug][gc,phases      ] GC(76)   StringDedup Requests0 Weak     Min:  0.0, Avg:  0.0, Max:  0.0, Diff:  0.0, Sum:  0.0, Workers: 4
[1781.554s][debug][gc,phases      ] GC(76)     Dead                           Min: 0, Avg:  0.0, Max: 0, Diff: 0, Sum: 0, Workers: 4
[1781.554s][debug][gc,phases      ] GC(76)     Total                          Min: 0, Avg:  0.0, Max: 0, Diff: 0, Sum: 0, Workers: 4
[1781.554s][debug][gc,phases      ] GC(76)   StringDedup Requests1 Weak     Min:  0.0, Avg:  0.0, Max:  0.0, Diff:  0.0, Sum:  0.0, Workers: 4
[1781.554s][debug][gc,phases      ] GC(76)     Dead                           Min: 0, Avg:  0.0, Max: 0, Diff: 0, Sum: 0, Workers: 4
[1781.554s][debug][gc,phases      ] GC(76)     Total                          Min: 0, Avg:  0.0, Max: 0, Diff: 0, Sum: 0, Workers: 4
[1781.554s][debug][gc,phases      ] GC(76)   Weak JFR Old Object Samples    Min:  0.0, Avg:  0.0, Max:  0.0, Diff:  0.0, Sum:  0.0, Workers: 4
[1781.554s][debug][gc,phases      ] GC(76)     Dead                           Min: 0, Avg:  0.0, Max: 0, Diff: 0, Sum: 0, Workers: 4
[1781.554s][debug][gc,phases      ] GC(76)     Total                          Min: 0, Avg:  0.0, Max: 0, Diff: 0, Sum: 0, Workers: 4
[1781.554s][debug][gc,phases      ] GC(76) Weak Processing 0.338ms
[1781.554s][debug][gc,age         ] GC(76) Desired survivor size 13631488 bytes, new threshold 15 (max threshold 15)
[1781.555s][info ][gc,heap        ] GC(76) PSYoungGen: 2067584K(2082816K)->128K(2081792K) Eden: 2067456K(2067456K)->0K(2067456K) From: 128K(15360K)->128K(14336K)
[1781.555s][info ][gc,heap        ] GC(76) ParOldGen: 292774K(386048K)->292790K(386048K)
[1781.555s][info ][gc,metaspace   ] GC(76) Metaspace: 84008K(84928K)->84008K(84928K) NonClass: 71501K(72000K)->71501K(72000K) Class: 12506K(12928K)->12506K(12928K)
[1781.555s][info ][gc             ] GC(76) Pause Young (Allocation Failure) 2305M->286M(2410M) 0.950ms
[1781.555s][info ][gc,cpu         ] GC(76) User=0.00s Sys=0.00s Real=0.00s
[1781.555s][info ][safepoint      ] Safepoint "ParallelGCFailedAllocation", Time since last: 33399357165 ns, Reaching safepoint: 4000 ns, Cleanup: 4000 ns, At safepoint: 1019605 ns, Total: 1027605 ns
[1800.236s][info ][safepoint      ] Safepoint "Cleanup", Time since last: 18681522561 ns, Reaching safepoint: 2000 ns, Cleanup: 10600 ns, At safepoint: 3200 ns, Total: 15800 ns
[1801.236s][info ][safepoint      ] Safepoint "Cleanup", Time since last: 1000109351 ns, Reaching safepoint: 4200 ns, Cleanup: 18000 ns, At safepoint: 2200 ns, Total: 24400 ns
[1802.236s][info ][safepoint      ] Safepoint "Cleanup", Time since last: 1000064712 ns, Reaching safepoint: 3100 ns, Cleanup: 7001 ns, At safepoint: 1400 ns, Total: 11501 ns
[1804.236s][info ][safepoint      ] Safepoint "Cleanup", Time since last: 2000181024 ns, Reaching safepoint: 3100 ns, Cleanup: 7500 ns, At safepoint: 1900 ns, Total: 12500 ns
[1806.237s][info ][safepoint      ] Safepoint "Cleanup", Time since last: 2000156124 ns, Reaching safepoint: 3500 ns, Cleanup: 6600 ns, At safepoint: 1700 ns, Total: 11800 ns
[1812.237s][info ][safepoint      ] Safepoint "Cleanup", Time since last: 6000446095 ns, Reaching safepoint: 3800 ns, Cleanup: 8700 ns, At safepoint: 2200 ns, Total: 14700 ns
[1814.504s][info ][gc,start       ] GC(77) Pause Young (Allocation Failure)
[1814.505s][debug][gc,phases      ] GC(77) Scavenge 0.804ms
[1814.505s][debug][gc,ref         ] GC(77) Skipped phase 1 of Reference Processing: no references
[1814.505s][debug][gc,ref         ] GC(77) ReferenceProcessor::execute queues: 1, RefProcThreadModel::Single, marks_oops_alive: false
[1814.505s][debug][gc,ref         ] GC(77) Skipped phase 3 of Reference Processing: no references
[1814.505s][debug][gc,ref         ] GC(77) ReferenceProcessor::execute queues: 1, RefProcThreadModel::Single, marks_oops_alive: false
[1814.505s][debug][gc,phases      ] GC(77) Reference Processing 0.083ms
[1814.505s][debug][gc,phases      ] GC(77)   VM Weak                        Min:  0.0, Avg:  0.0, Max:  0.0, Diff:  0.0, Sum:  0.0, Workers: 4
[1814.505s][debug][gc,phases      ] GC(77)     Dead                           Min: 0, Avg:  0.0, Max: 0, Diff: 0, Sum: 0, Workers: 4
[1814.505s][debug][gc,phases      ] GC(77)     Total                          Min: 0, Avg: 184.8, Max: 483, Diff: 483, Sum: 739, Workers: 4
[1814.505s][debug][gc,phases      ] GC(77)   ObjectSynchronizer Weak        Min:  0.0, Avg:  0.0, Max:  0.0, Diff:  0.0, Sum:  0.0, Workers: 4
[1814.505s][debug][gc,phases      ] GC(77)     Dead                           Min: 0, Avg:  0.0, Max: 0, Diff: 0, Sum: 0, Workers: 4
[1814.505s][debug][gc,phases      ] GC(77)     Total                          Min: 0, Avg:  1.0, Max: 4, Diff: 4, Sum: 4, Workers: 4
[1814.505s][debug][gc,phases      ] GC(77)   JVMTI Tag Weak OopStorage      Min:  0.0, Avg:  0.0, Max:  0.0, Diff:  0.0, Sum:  0.0, Workers: 4
[1814.505s][debug][gc,phases      ] GC(77)     Dead                           Min: 0, Avg:  0.0, Max: 0, Diff: 0, Sum: 0, Workers: 4
[1814.505s][debug][gc,phases      ] GC(77)     Total                          Min: 0, Avg:  0.0, Max: 0, Diff: 0, Sum: 0, Workers: 4
[1814.505s][debug][gc,phases      ] GC(77)   StringTable Weak               Min:  0.1, Avg:  0.1, Max:  0.1, Diff:  0.0, Sum:  0.4, Workers: 4
[1814.505s][debug][gc,phases      ] GC(77)     Dead                           Min: 0, Avg:  0.5, Max: 2, Diff: 2, Sum: 2, Workers: 4
[1814.505s][debug][gc,phases      ] GC(77)     Total                          Min: 10816, Avg: 10970.2, Max: 11114, Diff: 298, Sum: 43881, Workers: 4
[1814.505s][debug][gc,phases      ] GC(77)   ResolvedMethodTable Weak       Min:  0.0, Avg:  0.0, Max:  0.0, Diff:  0.0, Sum:  0.1, Workers: 4
[1814.505s][debug][gc,phases      ] GC(77)     Dead                           Min: 0, Avg:  0.0, Max: 0, Diff: 0, Sum: 0, Workers: 4
[1814.505s][debug][gc,phases      ] GC(77)     Total                          Min: 2495, Avg: 2610.5, Max: 2688, Diff: 193, Sum: 10442, Workers: 4
[1814.505s][debug][gc,phases      ] GC(77)   JNI Weak                       Min:  0.0, Avg:  0.0, Max:  0.0, Diff:  0.0, Sum:  0.0, Workers: 4
[1814.505s][debug][gc,phases      ] GC(77)     Dead                           Min: 0, Avg:  0.0, Max: 0, Diff: 0, Sum: 0, Workers: 4
[1814.505s][debug][gc,phases      ] GC(77)     Total                          Min: 0, Avg: 11.2, Max: 45, Diff: 45, Sum: 45, Workers: 4
[1814.505s][debug][gc,phases      ] GC(77)   StringDedup Table Weak         Min:  0.0, Avg:  0.0, Max:  0.0, Diff:  0.0, Sum:  0.0, Workers: 4
[1814.505s][debug][gc,phases      ] GC(77)     Dead                           Min: 0, Avg:  0.0, Max: 0, Diff: 0, Sum: 0, Workers: 4
[1814.505s][debug][gc,phases      ] GC(77)     Total                          Min: 0, Avg:  0.0, Max: 0, Diff: 0, Sum: 0, Workers: 4
[1814.505s][debug][gc,phases      ] GC(77)   StringDedup Requests0 Weak     Min:  0.0, Avg:  0.0, Max:  0.0, Diff:  0.0, Sum:  0.0, Workers: 4
[1814.505s][debug][gc,phases      ] GC(77)     Dead                           Min: 0, Avg:  0.0, Max: 0, Diff: 0, Sum: 0, Workers: 4
[1814.505s][debug][gc,phases      ] GC(77)     Total                          Min: 0, Avg:  0.0, Max: 0, Diff: 0, Sum: 0, Workers: 4
[1814.505s][debug][gc,phases      ] GC(77)   StringDedup Requests1 Weak     Min:  0.0, Avg:  0.0, Max:  0.0, Diff:  0.0, Sum:  0.0, Workers: 4
[1814.505s][debug][gc,phases      ] GC(77)     Dead                           Min: 0, Avg:  0.0, Max: 0, Diff: 0, Sum: 0, Workers: 4
[1814.505s][debug][gc,phases      ] GC(77)     Total                          Min: 0, Avg:  0.0, Max: 0, Diff: 0, Sum: 0, Workers: 4
[1814.505s][debug][gc,phases      ] GC(77)   Weak JFR Old Object Samples    Min:  0.0, Avg:  0.0, Max:  0.0, Diff:  0.0, Sum:  0.0, Workers: 4
[1814.505s][debug][gc,phases      ] GC(77)     Dead                           Min: 0, Avg:  0.0, Max: 0, Diff: 0, Sum: 0, Workers: 4
[1814.505s][debug][gc,phases      ] GC(77)     Total                          Min: 0, Avg:  0.0, Max: 0, Diff: 0, Sum: 0, Workers: 4
[1814.505s][debug][gc,phases      ] GC(77) Weak Processing 0.301ms
[1814.505s][debug][gc,age         ] GC(77) Desired survivor size 12582912 bytes, new threshold 15 (max threshold 15)
[1814.505s][info ][gc,heap        ] GC(77) PSYoungGen: 2067584K(2081792K)->128K(2084864K) Eden: 2067456K(2067456K)->0K(2071552K) From: 128K(14336K)->128K(13312K)
[1814.505s][info ][gc,heap        ] GC(77) ParOldGen: 292790K(386048K)->292814K(386048K)
[1814.505s][info ][gc,metaspace   ] GC(77) Metaspace: 84095K(84992K)->84095K(84992K) NonClass: 71571K(72064K)->71571K(72064K) Class: 12524K(12928K)->12524K(12928K)
[1814.505s][info ][gc             ] GC(77) Pause Young (Allocation Failure) 2305M->286M(2413M) 1.282ms
[1814.505s][info ][gc,cpu         ] GC(77) User=0.00s Sys=0.00s Real=0.00s
[1814.505s][info ][safepoint      ] Safepoint "ParallelGCFailedAllocation", Time since last: 2266466245 ns, Reaching safepoint: 75301 ns, Cleanup: 4100 ns, At safepoint: 1341306 ns, Total: 1420707 ns
[1831.506s][info ][safepoint      ] Safepoint "Cleanup", Time since last: 17001154453 ns, Reaching safepoint: 72100 ns, Cleanup: 8000 ns, At safepoint: 5300 ns, Total: 85400 ns
[1848.003s][info ][gc,start       ] GC(78) Pause Young (Allocation Failure)
[1848.003s][debug][gc,phases      ] GC(78) Scavenge 0.884ms
[1848.003s][debug][gc,ref         ] GC(78) Skipped phase 1 of Reference Processing: no references
[1848.004s][debug][gc,ref         ] GC(78) ReferenceProcessor::execute queues: 1, RefProcThreadModel::Single, marks_oops_alive: false
[1848.004s][debug][gc,ref         ] GC(78) Skipped phase 3 of Reference Processing: no references
[1848.004s][debug][gc,ref         ] GC(78) Skipped phase 4 of Reference Processing: no references
[1848.004s][debug][gc,phases      ] GC(78) Reference Processing 0.071ms
[1848.004s][debug][gc,phases      ] GC(78)   VM Weak                        Min:  0.0, Avg:  0.0, Max:  0.0, Diff:  0.0, Sum:  0.0, Workers: 4
[1848.004s][debug][gc,phases      ] GC(78)     Dead                           Min: 0, Avg:  0.0, Max: 0, Diff: 0, Sum: 0, Workers: 4
[1848.004s][debug][gc,phases      ] GC(78)     Total                          Min: 0, Avg: 184.8, Max: 384, Diff: 384, Sum: 739, Workers: 4
[1848.004s][debug][gc,phases      ] GC(78)   ObjectSynchronizer Weak        Min:  0.0, Avg:  0.0, Max:  0.0, Diff:  0.0, Sum:  0.0, Workers: 4
[1848.004s][debug][gc,phases      ] GC(78)     Dead                           Min: 0, Avg:  0.0, Max: 0, Diff: 0, Sum: 0, Workers: 4
[1848.004s][debug][gc,phases      ] GC(78)     Total                          Min: 0, Avg:  1.0, Max: 4, Diff: 4, Sum: 4, Workers: 4
[1848.004s][debug][gc,phases      ] GC(78)   JVMTI Tag Weak OopStorage      Min:  0.0, Avg:  0.0, Max:  0.0, Diff:  0.0, Sum:  0.0, Workers: 4
[1848.004s][debug][gc,phases      ] GC(78)     Dead                           Min: 0, Avg:  0.0, Max: 0, Diff: 0, Sum: 0, Workers: 4
[1848.004s][debug][gc,phases      ] GC(78)     Total                          Min: 0, Avg:  0.0, Max: 0, Diff: 0, Sum: 0, Workers: 4
[1848.004s][debug][gc,phases      ] GC(78)   StringTable Weak               Min:  0.0, Avg:  0.1, Max:  0.1, Diff:  0.1, Sum:  0.4, Workers: 4
[1848.004s][debug][gc,phases      ] GC(78)     Dead                           Min: 0, Avg:  0.0, Max: 0, Diff: 0, Sum: 0, Workers: 4
[1848.004s][debug][gc,phases      ] GC(78)     Total                          Min: 0, Avg: 10970.2, Max: 18602, Diff: 18602, Sum: 43881, Workers: 4
[1848.004s][debug][gc,phases      ] GC(78)   ResolvedMethodTable Weak       Min:  0.0, Avg:  0.0, Max:  0.0, Diff:  0.0, Sum:  0.1, Workers: 4
[1848.004s][debug][gc,phases      ] GC(78)     Dead                           Min: 0, Avg:  0.0, Max: 0, Diff: 0, Sum: 0, Workers: 4
[1848.004s][debug][gc,phases      ] GC(78)     Total                          Min: 0, Avg: 2610.5, Max: 4554, Diff: 4554, Sum: 10442, Workers: 4
[1848.004s][debug][gc,phases      ] GC(78)   JNI Weak                       Min:  0.0, Avg:  0.0, Max:  0.0, Diff:  0.0, Sum:  0.0, Workers: 4
[1848.004s][debug][gc,phases      ] GC(78)     Dead                           Min: 0, Avg:  0.0, Max: 0, Diff: 0, Sum: 0, Workers: 4
[1848.004s][debug][gc,phases      ] GC(78)     Total                          Min: 0, Avg: 11.2, Max: 45, Diff: 45, Sum: 45, Workers: 4
[1848.004s][debug][gc,phases      ] GC(78)   StringDedup Table Weak         Min:  0.0, Avg:  0.0, Max:  0.0, Diff:  0.0, Sum:  0.0, Workers: 4
[1848.004s][debug][gc,phases      ] GC(78)     Dead                           Min: 0, Avg:  0.0, Max: 0, Diff: 0, Sum: 0, Workers: 4
[1848.004s][debug][gc,phases      ] GC(78)     Total                          Min: 0, Avg:  0.0, Max: 0, Diff: 0, Sum: 0, Workers: 4
[1848.004s][debug][gc,phases      ] GC(78)   StringDedup Requests0 Weak     Min:  0.0, Avg:  0.0, Max:  0.0, Diff:  0.0, Sum:  0.0, Workers: 4
[1848.004s][debug][gc,phases      ] GC(78)     Dead                           Min: 0, Avg:  0.0, Max: 0, Diff: 0, Sum: 0, Workers: 4
[1848.004s][debug][gc,phases      ] GC(78)     Total                          Min: 0, Avg:  0.0, Max: 0, Diff: 0, Sum: 0, Workers: 4
[1848.004s][debug][gc,phases      ] GC(78)   StringDedup Requests1 Weak     Min:  0.0, Avg:  0.0, Max:  0.0, Diff:  0.0, Sum:  0.0, Workers: 4
[1848.004s][debug][gc,phases      ] GC(78)     Dead                           Min: 0, Avg:  0.0, Max: 0, Diff: 0, Sum: 0, Workers: 4
[1848.004s][debug][gc,phases      ] GC(78)     Total                          Min: 0, Avg:  0.0, Max: 0, Diff: 0, Sum: 0, Workers: 4
[1848.004s][debug][gc,phases      ] GC(78)   Weak JFR Old Object Samples    Min:  0.0, Avg:  0.0, Max:  0.0, Diff:  0.0, Sum:  0.0, Workers: 4
[1848.004s][debug][gc,phases      ] GC(78)     Dead                           Min: 0, Avg:  0.0, Max: 0, Diff: 0, Sum: 0, Workers: 4
[1848.004s][debug][gc,phases      ] GC(78)     Total                          Min: 0, Avg:  0.0, Max: 0, Diff: 0, Sum: 0, Workers: 4
[1848.004s][debug][gc,phases      ] GC(78) Weak Processing 0.309ms
[1848.004s][debug][gc,age         ] GC(78) Desired survivor size 11534336 bytes, new threshold 15 (max threshold 15)
[1848.004s][info ][gc,heap        ] GC(78) PSYoungGen: 2071680K(2084864K)->128K(2083840K) Eden: 2071552K(2071552K)->0K(2071552K) From: 128K(13312K)->128K(12288K)
[1848.004s][info ][gc,heap        ] GC(78) ParOldGen: 292814K(386048K)->292822K(386048K)
[1848.004s][info ][gc,metaspace   ] GC(78) Metaspace: 84095K(84992K)->84095K(84992K) NonClass: 71571K(72064K)->71571K(72064K) Class: 12524K(12928K)->12524K(12928K)
[1848.004s][info ][gc             ] GC(78) Pause Young (Allocation Failure) 2309M->286M(2412M) 1.351ms
[1848.004s][info ][gc,cpu         ] GC(78) User=0.01s Sys=0.00s Real=0.00s
[1848.004s][info ][safepoint      ] Safepoint "ParallelGCFailedAllocation", Time since last: 16496279206 ns, Reaching safepoint: 3600 ns, Cleanup: 2900 ns, At safepoint: 1397506 ns, Total: 1404006 ns
[1881.502s][info ][gc,start       ] GC(79) Pause Young (Allocation Failure)
[1881.502s][debug][gc,phases      ] GC(79) Scavenge 0.811ms
[1881.502s][debug][gc,ref         ] GC(79) Skipped phase 1 of Reference Processing: no references
[1881.503s][debug][gc,ref         ] GC(79) ReferenceProcessor::execute queues: 1, RefProcThreadModel::Single, marks_oops_alive: false
[1881.503s][debug][gc,ref         ] GC(79) Skipped phase 3 of Reference Processing: no references
[1881.503s][debug][gc,ref         ] GC(79) Skipped phase 4 of Reference Processing: no references
[1881.503s][debug][gc,phases      ] GC(79) Reference Processing 0.083ms
[1881.503s][debug][gc,phases      ] GC(79)   VM Weak                        Min:  0.0, Avg:  0.0, Max:  0.0, Diff:  0.0, Sum:  0.0, Workers: 4
[1881.503s][debug][gc,phases      ] GC(79)     Dead                           Min: 0, Avg:  0.0, Max: 0, Diff: 0, Sum: 0, Workers: 4
[1881.503s][debug][gc,phases      ] GC(79)     Total                          Min: 0, Avg: 184.8, Max: 675, Diff: 675, Sum: 739, Workers: 4
[1881.503s][debug][gc,phases      ] GC(79)   ObjectSynchronizer Weak        Min:  0.0, Avg:  0.0, Max:  0.0, Diff:  0.0, Sum:  0.0, Workers: 4
[1881.503s][debug][gc,phases      ] GC(79)     Dead                           Min: 0, Avg:  0.0, Max: 0, Diff: 0, Sum: 0, Workers: 4
[1881.503s][debug][gc,phases      ] GC(79)     Total                          Min: 0, Avg:  1.0, Max: 4, Diff: 4, Sum: 4, Workers: 4
[1881.503s][debug][gc,phases      ] GC(79)   JVMTI Tag Weak OopStorage      Min:  0.0, Avg:  0.0, Max:  0.0, Diff:  0.0, Sum:  0.0, Workers: 4
[1881.503s][debug][gc,phases      ] GC(79)     Dead                           Min: 0, Avg:  0.0, Max: 0, Diff: 0, Sum: 0, Workers: 4
[1881.503s][debug][gc,phases      ] GC(79)     Total                          Min: 0, Avg:  0.0, Max: 0, Diff: 0, Sum: 0, Workers: 4
[1881.503s][debug][gc,phases      ] GC(79)   StringTable Weak               Min:  0.0, Avg:  0.1, Max:  0.1, Diff:  0.1, Sum:  0.4, Workers: 4
[1881.503s][debug][gc,phases      ] GC(79)     Dead                           Min: 0, Avg:  0.0, Max: 0, Diff: 0, Sum: 0, Workers: 4
[1881.503s][debug][gc,phases      ] GC(79)     Total                          Min: 0, Avg: 10970.2, Max: 19498, Diff: 19498, Sum: 43881, Workers: 4
[1881.503s][debug][gc,phases      ] GC(79)   ResolvedMethodTable Weak       Min:  0.0, Avg:  0.0, Max:  0.0, Diff:  0.0, Sum:  0.1, Workers: 4
[1881.503s][debug][gc,phases      ] GC(79)     Dead                           Min: 0, Avg:  0.0, Max: 0, Diff: 0, Sum: 0, Workers: 4
[1881.503s][debug][gc,phases      ] GC(79)     Total                          Min: 0, Avg: 2610.5, Max: 4479, Diff: 4479, Sum: 10442, Workers: 4
[1881.503s][debug][gc,phases      ] GC(79)   JNI Weak                       Min:  0.0, Avg:  0.0, Max:  0.0, Diff:  0.0, Sum:  0.0, Workers: 4
[1881.503s][debug][gc,phases      ] GC(79)     Dead                           Min: 0, Avg:  0.0, Max: 0, Diff: 0, Sum: 0, Workers: 4
[1881.503s][debug][gc,phases      ] GC(79)     Total                          Min: 0, Avg: 11.2, Max: 45, Diff: 45, Sum: 45, Workers: 4
[1881.503s][debug][gc,phases      ] GC(79)   StringDedup Table Weak         Min:  0.0, Avg:  0.0, Max:  0.0, Diff:  0.0, Sum:  0.0, Workers: 4
[1881.503s][debug][gc,phases      ] GC(79)     Dead                           Min: 0, Avg:  0.0, Max: 0, Diff: 0, Sum: 0, Workers: 4
[1881.503s][debug][gc,phases      ] GC(79)     Total                          Min: 0, Avg:  0.0, Max: 0, Diff: 0, Sum: 0, Workers: 4
[1881.503s][debug][gc,phases      ] GC(79)   StringDedup Requests0 Weak     Min:  0.0, Avg:  0.0, Max:  0.0, Diff:  0.0, Sum:  0.0, Workers: 4
[1881.503s][debug][gc,phases      ] GC(79)     Dead                           Min: 0, Avg:  0.0, Max: 0, Diff: 0, Sum: 0, Workers: 4
[1881.503s][debug][gc,phases      ] GC(79)     Total                          Min: 0, Avg:  0.0, Max: 0, Diff: 0, Sum: 0, Workers: 4
[1881.503s][debug][gc,phases      ] GC(79)   StringDedup Requests1 Weak     Min:  0.0, Avg:  0.0, Max:  0.0, Diff:  0.0, Sum:  0.0, Workers: 4
[1881.503s][debug][gc,phases      ] GC(79)     Dead                           Min: 0, Avg:  0.0, Max: 0, Diff: 0, Sum: 0, Workers: 4
[1881.503s][debug][gc,phases      ] GC(79)     Total                          Min: 0, Avg:  0.0, Max: 0, Diff: 0, Sum: 0, Workers: 4
[1881.503s][debug][gc,phases      ] GC(79)   Weak JFR Old Object Samples    Min:  0.0, Avg:  0.0, Max:  0.0, Diff:  0.0, Sum:  0.0, Workers: 4
[1881.503s][debug][gc,phases      ] GC(79)     Dead                           Min: 0, Avg:  0.0, Max: 0, Diff: 0, Sum: 0, Workers: 4
[1881.503s][debug][gc,phases      ] GC(79)     Total                          Min: 0, Avg:  0.0, Max: 0, Diff: 0, Sum: 0, Workers: 4
[1881.503s][debug][gc,phases      ] GC(79) Weak Processing 0.311ms
[1881.503s][debug][gc,age         ] GC(79) Desired survivor size 10485760 bytes, new threshold 15 (max threshold 15)
[1881.503s][info ][gc,heap        ] GC(79) PSYoungGen: 2071680K(2083840K)->128K(2086912K) Eden: 2071552K(2071552K)->0K(2075648K) From: 128K(12288K)->128K(11264K)
[1881.503s][info ][gc,heap        ] GC(79) ParOldGen: 292822K(386048K)->292830K(386048K)
[1881.503s][info ][gc,metaspace   ] GC(79) Metaspace: 84095K(84992K)->84095K(84992K) NonClass: 71571K(72064K)->71571K(72064K) Class: 12524K(12928K)->12524K(12928K)
[1881.503s][info ][gc             ] GC(79) Pause Young (Allocation Failure) 2309M->286M(2415M) 1.288ms
[1881.503s][info ][gc,cpu         ] GC(79) User=0.00s Sys=0.01s Real=0.00s
[1881.503s][info ][safepoint      ] Safepoint "ParallelGCFailedAllocation", Time since last: 33497672497 ns, Reaching safepoint: 3400 ns, Cleanup: 2900 ns, At safepoint: 1337906 ns, Total: 1344206 ns
[1883.503s][info ][safepoint      ] Safepoint "Cleanup", Time since last: 2000147204 ns, Reaching safepoint: 71501 ns, Cleanup: 8200 ns, At safepoint: 5500 ns, Total: 85201 ns
[1902.505s][info ][safepoint      ] Safepoint "Cleanup", Time since last: 19001424297 ns, Reaching safepoint: 73200 ns, Cleanup: 7500 ns, At safepoint: 5100 ns, Total: 85800 ns
[1915.003s][info ][gc,start       ] GC(80) Pause Young (Allocation Failure)
[1915.004s][debug][gc,phases      ] GC(80) Scavenge 0.815ms
[1915.004s][debug][gc,ref         ] GC(80) Skipped phase 1 of Reference Processing: no references
[1915.004s][debug][gc,ref         ] GC(80) ReferenceProcessor::execute queues: 1, RefProcThreadModel::Single, marks_oops_alive: false
[1915.004s][debug][gc,ref         ] GC(80) Skipped phase 3 of Reference Processing: no references
[1915.004s][debug][gc,ref         ] GC(80) Skipped phase 4 of Reference Processing: no references
[1915.004s][debug][gc,phases      ] GC(80) Reference Processing 0.079ms
[1915.004s][debug][gc,phases      ] GC(80)   VM Weak                        Min:  0.0, Avg:  0.0, Max:  0.0, Diff:  0.0, Sum:  0.0, Workers: 4
[1915.004s][debug][gc,phases      ] GC(80)     Dead                           Min: 0, Avg:  0.0, Max: 0, Diff: 0, Sum: 0, Workers: 4
[1915.004s][debug][gc,phases      ] GC(80)     Total                          Min: 99, Avg: 184.8, Max: 320, Diff: 221, Sum: 739, Workers: 4
[1915.004s][debug][gc,phases      ] GC(80)   ObjectSynchronizer Weak        Min:  0.0, Avg:  0.0, Max:  0.0, Diff:  0.0, Sum:  0.0, Workers: 4
[1915.004s][debug][gc,phases      ] GC(80)     Dead                           Min: 0, Avg:  0.0, Max: 0, Diff: 0, Sum: 0, Workers: 4
[1915.004s][debug][gc,phases      ] GC(80)     Total                          Min: 0, Avg:  1.0, Max: 4, Diff: 4, Sum: 4, Workers: 4
[1915.004s][debug][gc,phases      ] GC(80)   JVMTI Tag Weak OopStorage      Min:  0.0, Avg:  0.0, Max:  0.0, Diff:  0.0, Sum:  0.0, Workers: 4
[1915.004s][debug][gc,phases      ] GC(80)     Dead                           Min: 0, Avg:  0.0, Max: 0, Diff: 0, Sum: 0, Workers: 4
[1915.004s][debug][gc,phases      ] GC(80)     Total                          Min: 0, Avg:  0.0, Max: 0, Diff: 0, Sum: 0, Workers: 4
[1915.004s][debug][gc,phases      ] GC(80)   StringTable Weak               Min:  0.1, Avg:  0.1, Max:  0.1, Diff:  0.0, Sum:  0.4, Workers: 4
[1915.004s][debug][gc,phases      ] GC(80)     Dead                           Min: 0, Avg:  0.0, Max: 0, Diff: 0, Sum: 0, Workers: 4
[1915.004s][debug][gc,phases      ] GC(80)     Total                          Min: 10688, Avg: 10970.2, Max: 11177, Diff: 489, Sum: 43881, Workers: 4
[1915.004s][debug][gc,phases      ] GC(80)   ResolvedMethodTable Weak       Min:  0.0, Avg:  0.0, Max:  0.0, Diff:  0.0, Sum:  0.1, Workers: 4
[1915.004s][debug][gc,phases      ] GC(80)     Dead                           Min: 0, Avg:  0.0, Max: 0, Diff: 0, Sum: 0, Workers: 4
[1915.004s][debug][gc,phases      ] GC(80)     Total                          Min: 2368, Avg: 2610.5, Max: 2815, Diff: 447, Sum: 10442, Workers: 4
[1915.004s][debug][gc,phases      ] GC(80)   JNI Weak                       Min:  0.0, Avg:  0.0, Max:  0.0, Diff:  0.0, Sum:  0.0, Workers: 4
[1915.004s][debug][gc,phases      ] GC(80)     Dead                           Min: 0, Avg:  0.0, Max: 0, Diff: 0, Sum: 0, Workers: 4
[1915.004s][debug][gc,phases      ] GC(80)     Total                          Min: 0, Avg: 11.2, Max: 45, Diff: 45, Sum: 45, Workers: 4
[1915.004s][debug][gc,phases      ] GC(80)   StringDedup Table Weak         Min:  0.0, Avg:  0.0, Max:  0.0, Diff:  0.0, Sum:  0.0, Workers: 4
[1915.004s][debug][gc,phases      ] GC(80)     Dead                           Min: 0, Avg:  0.0, Max: 0, Diff: 0, Sum: 0, Workers: 4
[1915.004s][debug][gc,phases      ] GC(80)     Total                          Min: 0, Avg:  0.0, Max: 0, Diff: 0, Sum: 0, Workers: 4
[1915.004s][debug][gc,phases      ] GC(80)   StringDedup Requests0 Weak     Min:  0.0, Avg:  0.0, Max:  0.0, Diff:  0.0, Sum:  0.0, Workers: 4
[1915.004s][debug][gc,phases      ] GC(80)     Dead                           Min: 0, Avg:  0.0, Max: 0, Diff: 0, Sum: 0, Workers: 4
[1915.004s][debug][gc,phases      ] GC(80)     Total                          Min: 0, Avg:  0.0, Max: 0, Diff: 0, Sum: 0, Workers: 4
[1915.004s][debug][gc,phases      ] GC(80)   StringDedup Requests1 Weak     Min:  0.0, Avg:  0.0, Max:  0.0, Diff:  0.0, Sum:  0.0, Workers: 4
[1915.004s][debug][gc,phases      ] GC(80)     Dead                           Min: 0, Avg:  0.0, Max: 0, Diff: 0, Sum: 0, Workers: 4
[1915.004s][debug][gc,phases      ] GC(80)     Total                          Min: 0, Avg:  0.0, Max: 0, Diff: 0, Sum: 0, Workers: 4
[1915.004s][debug][gc,phases      ] GC(80)   Weak JFR Old Object Samples    Min:  0.0, Avg:  0.0, Max:  0.0, Diff:  0.0, Sum:  0.0, Workers: 4
[1915.004s][debug][gc,phases      ] GC(80)     Dead                           Min: 0, Avg:  0.0, Max: 0, Diff: 0, Sum: 0, Workers: 4
[1915.004s][debug][gc,phases      ] GC(80)     Total                          Min: 0, Avg:  0.0, Max: 0, Diff: 0, Sum: 0, Workers: 4
[1915.004s][debug][gc,phases      ] GC(80) Weak Processing 0.311ms
[1915.004s][debug][gc,age         ] GC(80) Desired survivor size 9437184 bytes, new threshold 15 (max threshold 15)
[1915.004s][info ][gc,heap        ] GC(80) PSYoungGen: 2075776K(2086912K)->128K(2085888K) Eden: 2075648K(2075648K)->0K(2075648K) From: 128K(11264K)->128K(10240K)
[1915.004s][info ][gc,heap        ] GC(80) ParOldGen: 292830K(386048K)->292838K(386048K)
[1915.004s][info ][gc,metaspace   ] GC(80) Metaspace: 84095K(84992K)->84095K(84992K) NonClass: 71571K(72064K)->71571K(72064K) Class: 12524K(12928K)->12524K(12928K)
[1915.004s][info ][gc             ] GC(80) Pause Young (Allocation Failure) 2313M->286M(2414M) 1.279ms
[1915.004s][info ][gc,cpu         ] GC(80) User=0.00s Sys=0.00s Real=0.00s
[1915.004s][info ][safepoint      ] Safepoint "ParallelGCFailedAllocation", Time since last: 12498357995 ns, Reaching safepoint: 3700 ns, Cleanup: 3400 ns, At safepoint: 1338604 ns, Total: 1345704 ns
[1931.005s][info ][safepoint      ] Safepoint "Cleanup", Time since last: 16001101582 ns, Reaching safepoint: 3800 ns, Cleanup: 7400 ns, At safepoint: 1800 ns, Total: 13000 ns
[1948.553s][info ][gc,start       ] GC(81) Pause Young (Allocation Failure)
[1948.554s][debug][gc,phases      ] GC(81) Scavenge 1.119ms
[1948.554s][debug][gc,ref         ] GC(81) Skipped phase 1 of Reference Processing: no references
[1948.554s][debug][gc,ref         ] GC(81) ReferenceProcessor::execute queues: 1, RefProcThreadModel::Single, marks_oops_alive: false
[1948.554s][debug][gc,ref         ] GC(81) Skipped phase 3 of Reference Processing: no references
[1948.554s][debug][gc,ref         ] GC(81) Skipped phase 4 of Reference Processing: no references
[1948.554s][debug][gc,phases      ] GC(81) Reference Processing 0.081ms
[1948.555s][debug][gc,phases      ] GC(81)   VM Weak                        Min:  0.0, Avg:  0.0, Max:  0.0, Diff:  0.0, Sum:  0.0, Workers: 4
[1948.555s][debug][gc,phases      ] GC(81)     Dead                           Min: 0, Avg:  0.0, Max: 0, Diff: 0, Sum: 0, Workers: 4
[1948.555s][debug][gc,phases      ] GC(81)     Total                          Min: 0, Avg: 184.8, Max: 384, Diff: 384, Sum: 739, Workers: 4
[1948.555s][debug][gc,phases      ] GC(81)   ObjectSynchronizer Weak        Min:  0.0, Avg:  0.0, Max:  0.0, Diff:  0.0, Sum:  0.0, Workers: 4
[1948.555s][debug][gc,phases      ] GC(81)     Dead                           Min: 0, Avg:  0.0, Max: 0, Diff: 0, Sum: 0, Workers: 4
[1948.555s][debug][gc,phases      ] GC(81)     Total                          Min: 0, Avg:  1.0, Max: 4, Diff: 4, Sum: 4, Workers: 4
[1948.555s][debug][gc,phases      ] GC(81)   JVMTI Tag Weak OopStorage      Min:  0.0, Avg:  0.0, Max:  0.0, Diff:  0.0, Sum:  0.0, Workers: 4
[1948.555s][debug][gc,phases      ] GC(81)     Dead                           Min: 0, Avg:  0.0, Max: 0, Diff: 0, Sum: 0, Workers: 4
[1948.555s][debug][gc,phases      ] GC(81)     Total                          Min: 0, Avg:  0.0, Max: 0, Diff: 0, Sum: 0, Workers: 4
[1948.555s][debug][gc,phases      ] GC(81)   StringTable Weak               Min:  0.1, Avg:  0.1, Max:  0.1, Diff:  0.0, Sum:  0.4, Workers: 4
[1948.555s][debug][gc,phases      ] GC(81)     Dead                           Min: 0, Avg:  0.0, Max: 0, Diff: 0, Sum: 0, Workers: 4
[1948.555s][debug][gc,phases      ] GC(81)     Total                          Min: 10411, Avg: 10970.2, Max: 11264, Diff: 853, Sum: 43881, Workers: 4
[1948.555s][debug][gc,phases      ] GC(81)   ResolvedMethodTable Weak       Min:  0.0, Avg:  0.0, Max:  0.0, Diff:  0.0, Sum:  0.1, Workers: 4
[1948.555s][debug][gc,phases      ] GC(81)     Dead                           Min: 0, Avg:  0.0, Max: 0, Diff: 0, Sum: 0, Workers: 4
[1948.555s][debug][gc,phases      ] GC(81)     Total                          Min: 2431, Avg: 2610.5, Max: 2880, Diff: 449, Sum: 10442, Workers: 4
[1948.555s][debug][gc,phases      ] GC(81)   JNI Weak                       Min:  0.0, Avg:  0.0, Max:  0.0, Diff:  0.0, Sum:  0.0, Workers: 4
[1948.555s][debug][gc,phases      ] GC(81)     Dead                           Min: 0, Avg:  0.0, Max: 0, Diff: 0, Sum: 0, Workers: 4
[1948.555s][debug][gc,phases      ] GC(81)     Total                          Min: 0, Avg: 11.2, Max: 45, Diff: 45, Sum: 45, Workers: 4
[1948.555s][debug][gc,phases      ] GC(81)   StringDedup Table Weak         Min:  0.0, Avg:  0.0, Max:  0.0, Diff:  0.0, Sum:  0.0, Workers: 4
[1948.555s][debug][gc,phases      ] GC(81)     Dead                           Min: 0, Avg:  0.0, Max: 0, Diff: 0, Sum: 0, Workers: 4
[1948.555s][debug][gc,phases      ] GC(81)     Total                          Min: 0, Avg:  0.0, Max: 0, Diff: 0, Sum: 0, Workers: 4
[1948.555s][debug][gc,phases      ] GC(81)   StringDedup Requests0 Weak     Min:  0.0, Avg:  0.0, Max:  0.0, Diff:  0.0, Sum:  0.0, Workers: 4
[1948.555s][debug][gc,phases      ] GC(81)     Dead                           Min: 0, Avg:  0.0, Max: 0, Diff: 0, Sum: 0, Workers: 4
[1948.555s][debug][gc,phases      ] GC(81)     Total                          Min: 0, Avg:  0.0, Max: 0, Diff: 0, Sum: 0, Workers: 4
[1948.555s][debug][gc,phases      ] GC(81)   StringDedup Requests1 Weak     Min:  0.0, Avg:  0.0, Max:  0.0, Diff:  0.0, Sum:  0.0, Workers: 4
[1948.555s][debug][gc,phases      ] GC(81)     Dead                           Min: 0, Avg:  0.0, Max: 0, Diff: 0, Sum: 0, Workers: 4
[1948.555s][debug][gc,phases      ] GC(81)     Total                          Min: 0, Avg:  0.0, Max: 0, Diff: 0, Sum: 0, Workers: 4
[1948.555s][debug][gc,phases      ] GC(81)   Weak JFR Old Object Samples    Min:  0.0, Avg:  0.0, Max:  0.0, Diff:  0.0, Sum:  0.0, Workers: 4
[1948.555s][debug][gc,phases      ] GC(81)     Dead                           Min: 0, Avg:  0.0, Max: 0, Diff: 0, Sum: 0, Workers: 4
[1948.555s][debug][gc,phases      ] GC(81)     Total                          Min: 0, Avg:  0.0, Max: 0, Diff: 0, Sum: 0, Workers: 4
[1948.555s][debug][gc,phases      ] GC(81) Weak Processing 0.288ms
[1948.555s][debug][gc,age         ] GC(81) Desired survivor size 8912896 bytes, new threshold 15 (max threshold 15)
[1948.555s][info ][gc,heap        ] GC(81) PSYoungGen: 2075776K(2085888K)->128K(2088448K) Eden: 2075648K(2075648K)->0K(2079232K) From: 128K(10240K)->128K(9216K)
[1948.555s][info ][gc,heap        ] GC(81) ParOldGen: 292838K(386048K)->292846K(386048K)
[1948.555s][info ][gc,metaspace   ] GC(81) Metaspace: 84097K(84992K)->84097K(84992K) NonClass: 71573K(72064K)->71573K(72064K) Class: 12524K(12928K)->12524K(12928K)
[1948.555s][info ][gc             ] GC(81) Pause Young (Allocation Failure) 2313M->286M(2416M) 1.568ms
[1948.555s][info ][gc,cpu         ] GC(81) User=0.00s Sys=0.00s Real=0.00s
[1948.555s][info ][safepoint      ] Safepoint "ParallelGCFailedAllocation", Time since last: 17547655222 ns, Reaching safepoint: 3400 ns, Cleanup: 3500 ns, At safepoint: 1618307 ns, Total: 1625207 ns
[1982.153s][info ][gc,start       ] GC(82) Pause Young (Allocation Failure)
[1982.154s][debug][gc,phases      ] GC(82) Scavenge 0.918ms
[1982.154s][debug][gc,ref         ] GC(82) Skipped phase 1 of Reference Processing: no references
[1982.154s][debug][gc,ref         ] GC(82) ReferenceProcessor::execute queues: 1, RefProcThreadModel::Single, marks_oops_alive: false
[1982.154s][debug][gc,ref         ] GC(82) Skipped phase 3 of Reference Processing: no references
[1982.154s][debug][gc,ref         ] GC(82) Skipped phase 4 of Reference Processing: no references
[1982.154s][debug][gc,phases      ] GC(82) Reference Processing 0.071ms
[1982.154s][debug][gc,phases      ] GC(82)   VM Weak                        Min:  0.0, Avg:  0.0, Max:  0.0, Diff:  0.0, Sum:  0.0, Workers: 4
[1982.154s][debug][gc,phases      ] GC(82)     Dead                           Min: 0, Avg:  0.0, Max: 0, Diff: 0, Sum: 0, Workers: 4
[1982.154s][debug][gc,phases      ] GC(82)     Total                          Min: 0, Avg: 184.8, Max: 512, Diff: 512, Sum: 739, Workers: 4
[1982.154s][debug][gc,phases      ] GC(82)   ObjectSynchronizer Weak        Min:  0.0, Avg:  0.0, Max:  0.0, Diff:  0.0, Sum:  0.0, Workers: 4
[1982.154s][debug][gc,phases      ] GC(82)     Dead                           Min: 0, Avg:  0.0, Max: 0, Diff: 0, Sum: 0, Workers: 4
[1982.154s][debug][gc,phases      ] GC(82)     Total                          Min: 0, Avg:  1.0, Max: 4, Diff: 4, Sum: 4, Workers: 4
[1982.154s][debug][gc,phases      ] GC(82)   JVMTI Tag Weak OopStorage      Min:  0.0, Avg:  0.0, Max:  0.0, Diff:  0.0, Sum:  0.0, Workers: 4
[1982.154s][debug][gc,phases      ] GC(82)     Dead                           Min: 0, Avg:  0.0, Max: 0, Diff: 0, Sum: 0, Workers: 4
[1982.154s][debug][gc,phases      ] GC(82)     Total                          Min: 0, Avg:  0.0, Max: 0, Diff: 0, Sum: 0, Workers: 4
[1982.154s][debug][gc,phases      ] GC(82)   StringTable Weak               Min:  0.0, Avg:  0.1, Max:  0.1, Diff:  0.1, Sum:  0.4, Workers: 4
[1982.154s][debug][gc,phases      ] GC(82)     Dead                           Min: 0, Avg:  0.0, Max: 0, Diff: 0, Sum: 0, Workers: 4
[1982.155s][debug][gc,phases      ] GC(82)     Total                          Min: 0, Avg: 10970.2, Max active: 17095, Diff: 20095, Sum: 43881, Workers: 4
[1982.155s][debug][gc,phases      ] GC(82)   ResolvedMethodTable Weak       Min:  0.0, Avg:  0.0, Max:  0.0, Diff:  0.0, Sum:  0.1, Workers: 4
[1982.155s][debug][gc,phases      ] GC(82)     Dead                           Min: 0, Avg:  0.0, Max: 0, Diff: 0, Sum: 0, Workers: 4
[1982.155s][debug][gc,phases      ] GC(82)     Total                          Min: 0, Avg: 2610.5, Max: 4541, Diff: 4541, Sum: 10442, Workers: 4
[1982.155s][debug][gc,phases      ] GC(82)   JNI Weak                       Min:  0.0, Avg:  0.0, Max:  0.0, Diff:  0.0, Sum:  0.0, Workers: 4
[1982.155s][debug][gc,phases      ] GC(82)     Dead                           Min: 0, Avg:  0.0, Max: 0, Diff: 0, Sum: 0, Workers: 4
[1982.155s][debug][gc,phases      ] GC(82)     Total                          Min: 0, Avg: 11.2, Max: 45, Diff: 45, Sum: 45, Workers: 4
[1982.155s][debug][gc,phases      ] GC(82)   StringDedup Table Weak         Min:  0.0, Avg:  0.0, Max:  0.0, Diff:  0.0, Sum:  0.0, Workers: 4
[1982.155s][debug][gc,phases      ] GC(82)     Dead                           Min: 0, Avg:  0.0, Max: 0, Diff: 0, Sum: 0, Workers: 4
[1982.155s][debug][gc,phases      ] GC(82)     Total                          Min: 0, Avg:  0.0, Max: 0, Diff: 0, Sum: 0, Workers: 4
[1982.155s][debug][gc,phases      ] GC(82)   StringDedup Requests0 Weak     Min:  0.0, Avg:  0.0, Max:  0.0, Diff:  0.0, Sum:  0.0, Workers: 4
[1982.155s][debug][gc,phases      ] GC(82)     Dead                           Min: 0, Avg:  0.0, Max: 0, Diff: 0, Sum: 0, Workers: 4
[1982.155s][debug][gc,phases      ] GC(82)     Total                          Min: 0, Avg:  0.0, Max: 0, Diff: 0, Sum: 0, Workers: 4
[1982.155s][debug][gc,phases      ] GC(82)   StringDedup Requests1 Weak     Min:  0.0, Avg:  0.0, Max:  0.0, Diff:  0.0, Sum:  0.0, Workers: 4
[1982.155s][debug][gc,phases      ] GC(82)     Dead                           Min: 0, Avg:  0.0, Max: 0, Diff: 0, Sum: 0, Workers: 4
[1982.155s][debug][gc,phases      ] GC(82)     Total                          Min: 0, Avg:  0.0, Max: 0, Diff: 0, Sum: 0, Workers: 4
[1982.155s][debug][gc,phases      ] GC(82)   Weak JFR Old Object Samples    Min:  0.0, Avg:  0.0, Max:  0.0, Diff:  0.0, Sum:  0.0, Workers: 4
[1982.155s][debug][gc,phases      ] GC(82)     Dead                           Min: 0, Avg:  0.0, Max: 0, Diff: 0, Sum: 0, Workers: 4
[1982.155s][debug][gc,phases      ] GC(82)     Total                          Min: 0, Avg:  0.0, Max: 0, Diff: 0, Sum: 0, Workers: 4
[1982.155s][debug][gc,phases      ] GC(82) Weak Processing 0.310ms
[1982.155s][debug][gc,age         ] GC(82) Desired survivor size 7864320 bytes, new threshold 15 (max threshold 15)
[1982.155s][info ][gc,heap        ] GC(82) PSYoungGen: 2079360K(2088448K)->128K(2087936K) Eden: 2079232K(2079232K)->0K(2079232K) From: 128K(9216K)->128K(8704K)
[1982.155s][info ][gc,heap        ] GC(82) ParOldGen: 292846K(386048K)->292854K(386048K)
[1982.155s][info ][gc,metaspace   ] GC(82) Metaspace: 84098K(84992K)->84098K(84992K) NonClass: 71574K(72064K)->71574K(72064K) Class: 12524K(12928K)->12524K(12928K)
[1982.155s][info ][gc             ] GC(82) Pause Young (Allocation Failure) 2316M->286M(2416M) 1.371ms
[1982.155s][info ][gc,cpu         ] GC(82) User=0.00s Sys=0.00s Real=0.00s
[1982.155s][info ][safepoint      ] Safepoint "ParallelGCFailedAllocation", Time since last: 33598422533 ns, Reaching safepoint: 3300 ns, Cleanup: 3600 ns, At safepoint: 1420505 ns, Total: 1427405 ns
[2015.753s][info ][gc,start       ] GC(83) Pause Young (Allocation Failure)
[2015.754s][debug][gc,phases      ] GC(83) Scavenge 1.187ms
[2015.754s][debug][gc,ref         ] GC(83) Skipped phase 1 of Reference Processing: no references
[2015.754s][debug][gc,ref         ] GC(83) ReferenceProcessor::execute queues: 1, RefProcThreadModel::Single, marks_oops_alive: false
[2015.754s][debug][gc,ref         ] GC(83) Skipped phase 3 of Reference Processing: no references
[2015.754s][debug][gc,ref         ] GC(83) Skipped phase 4 of Reference Processing: no references
[2015.754s][debug][gc,phases      ] GC(83) Reference Processing 0.083ms
[2015.754s][debug][gc,phases      ] GC(83)   VM Weak                        Min:  0.0, Avg:  0.0, Max:  0.0, Diff:  0.0, Sum:  0.0, Workers: 4
[2015.754s][debug][gc,phases      ] GC(83)     Dead                           Min: 0, Avg:  0.0, Max: 0, Diff: 0, Sum: 0, Workers: 4
[2015.754s][debug][gc,phases      ] GC(83)     Total                          Min: 0, Avg: 184.8, Max: 739, Diff: 739, Sum: 739, Workers: 4
[2015.754s][debug][gc,phases      ] GC(83)   ObjectSynchronizer Weak        Min:  0.0, Avg:  0.0, Max:  0.0, Diff:  0.0, Sum:  0.0, Workers: 4
[2015.754s][debug][gc,phases      ] GC(83)     Dead                           Min: 0, Avg:  0.0, Max: 0, Diff: 0, Sum: 0, Workers: 4
[2015.754s][debug][gc,phases      ] GC(83)     Total                          Min: 0, Avg:  1.0, Max: 4, Diff: 4, Sum: 4, Workers: 4
[2015.754s][debug][gc,phases      ] GC(83)   JVMTI Tag Weak OopStorage      Min:  0.0, Avg:  0.0, Max:  0.0, Diff:  0.0, Sum:  0.0, Workers: 4
[2015.754s][debug][gc,phases      ] GC(83)     Dead                           Min: 0, Avg:  0.0, Max: 0, Diff: 0, Sum: 0, Workers: 4
[2015.754s][debug][gc,phases      ] GC(83)     Total                          Min: 0, Avg:  0.0, Max: 0, Diff: 0, Sum: 0, Workers: 4
[2015.754s][debug][gc,phases      ] GC(83)   StringTable Weak               Min:  0.0, Avg:  0.1, Max:  0.1, Diff:  0.1, Sum:  0.4, Workers: 4
[2015.754s][debug][gc,phases      ] GC(83)     Dead                           Min: 0, Avg:  0.0, Max: 0, Diff: 0, Sum: 0, Workers: 4
[2015.754s][debug][gc,phases      ] GC(83)     Total                          Min: 0, Avg: 10970.2, Max: 18943, Diff: 18943, Sum: 43881, Workers: 4
[2015.754s][debug][gc,phases      ] GC(83)   ResolvedMethodTable Weak       Min:  0.0, Avg:  0.0, Max:  0.0, Diff:  0.0, Sum:  0.1, Workers: 4
[2015.754s][debug][gc,phases      ] GC(83)     Dead                           Min: 0, Avg:  0.0, Max: 0, Diff: 0, Sum: 0, Workers: 4
[2015.754s][debug][gc,phases      ] GC(83)     Total                          Min: 0, Avg: 2610.5, Max: 4554, Diff: 4554, Sum: 10442, Workers: 4
[2015.754s][debug][gc,phases      ] GC(83)   JNI Weak                       Min:  0.0, Avg:  0.0, Max:  0.0, Diff:  0.0, Sum:  0.0, Workers: 4
[2015.754s][debug][gc,phases      ] GC(83)     Dead                           Min: 0, Avg:  0.0, Max: 0, Diff: 0, Sum: 0, Workers: 4
[2015.754s][debug][gc,phases      ] GC(83)     Total                          Min: 0, Avg: 11.2, Max: 45, Diff: 45, Sum: 45, Workers: 4
[2015.754s][debug][gc,phases      ] GC(83)   StringDedup Table Weak         Min:  0.0, Avg:  0.0, Max:  0.0, Diff:  0.0, Sum:  0.0, Workers: 4
[2015.754s][debug][gc,phases      ] GC(83)     Dead                           Min: 0, Avg:  0.0, Max: 0, Diff: 0, Sum: 0, Workers: 4
[2015.754s][debug][gc,phases      ] GC(83)     Total                          Min: 0, Avg:  0.0, Max: 0, Diff: 0, Sum: 0, Workers: 4
[2015.754s][debug][gc,phases      ] GC(83)   StringDedup Requests0 Weak     Min:  0.0, Avg:  0.0, Max:  0.0, Diff:  0.0, Sum:  0.0, Workers: 4
[2015.754s][debug][gc,phases      ] GC(83)     Dead                           Min: 0, Avg:  0.0, Max: 0, Diff: 0, Sum: 0, Workers: 4
[2015.754s][debug][gc,phases      ] GC(83)     Total                          Min: 0, Avg:  0.0, Max: 0, Diff: 0, Sum: 0, Workers: 4
[2015.754s][debug][gc,phases      ] GC(83)   StringDedup Requests1 Weak     Min:  0.0, Avg:  0.0, Max:  0.0, Diff:  0.0, Sum:  0.0, Workers: 4
[2015.754s][debug][gc,phases      ] GC(83)     Dead                           Min: 0, Avg:  0.0, Max: 0, Diff: 0, Sum: 0, Workers: 4
[2015.754s][debug][gc,phases      ] GC(83)     Total                          Min: 0, Avg:  0.0, Max: 0, Diff: 0, Sum: 0, Workers: 4
[2015.754s][debug][gc,phases      ] GC(83)   Weak JFR Old Object Samples    Min:  0.0, Avg:  0.0, Max:  0.0, Diff:  0.0, Sum:  0.0, Workers: 4
[2015.754s][debug][gc,phases      ] GC(83)     Dead                           Min: 0, Avg:  0.0, Max: 0, Diff: 0, Sum: 0, Workers: 4
[2015.754s][debug][gc,phases      ] GC(83)     Total                          Min: 0, Avg:  0.0, Max: 0, Diff: 0, Sum: 0, Workers: 4
[2015.754s][debug][gc,phases      ] GC(83) Weak Processing 0.311ms
[2015.754s][debug][gc,age         ] GC(83) Desired survivor size 7340032 bytes, new threshold 15 (max threshold 15)
[2015.754s][info ][gc,heap        ] GC(83) PSYoungGen: 2079360K(2087936K)->128K(2089984K) Eden: 2079232K(2079232K)->0K(2082304K) From: 128K(8704K)->128K(7680K)
[2015.754s][info ][gc,heap        ] GC(83) ParOldGen: 292854K(386048K)->292870K(386048K)
[2015.754s][info ][gc,metaspace   ] GC(83) Metaspace: 84098K(84992K)->84098K(84992K) NonClass: 71574K(72064K)->71574K(72064K) Class: 12524K(12928K)->12524K(12928K)
[2015.754s][info ][gc             ] GC(83) Pause Young (Allocation Failure) 2316M->286M(2418M) 1.657ms
[2015.754s][info ][gc,cpu         ] GC(83) User=0.01s Sys=0.00s Real=0.00s
[2015.754s][info ][safepoint      ] Safepoint "ParallelGCFailedAllocation", Time since last: 33598001433 ns, Reaching safepoint: 4000 ns, Cleanup: 3700 ns, At safepoint: 1729906 ns, Total: 1737606 ns
[2049.403s][info ][gc,start       ] GC(84) Pause Young (Allocation Failure)
[2049.404s][debug][gc,phases      ] GC(84) Scavenge 0.794ms
[2049.404s][debug][gc,ref         ] GC(84) Skipped phase 1 of Reference Processing: no references
[2049.404s][debug][gc,ref         ] GC(84) ReferenceProcessor::execute queues: 1, RefProcThreadModel::Single, marks_oops_alive: false
[2049.404s][debug][gc,ref         ] GC(84) Skipped phase 3 of Reference Processing: no references
[2049.404s][debug][gc,ref         ] GC(84) Skipped phase 4 of Reference Processing: no references
[2049.404s][debug][gc,phases      ] GC(84) Reference Processing 0.082ms
[2049.404s][debug][gc,phases      ] GC(84)   VM Weak                        Min:  0.0, Avg:  0.0, Max:  0.0, Diff:  0.0, Sum:  0.0, Workers: 4
[2049.404s][debug][gc,phases      ] GC(84)     Dead                           Min: 0, Avg:  0.0, Max: 0, Diff: 0, Sum: 0, Workers: 4
[2049.404s][debug][gc,phases      ] GC(84)     Total                          Min: 0, Avg: 184.8, Max: 419, Diff: 419, Sum: 739, Workers: 4
[2049.404s][debug][gc,phases      ] GC(84)   ObjectSynchronizer Weak        Min:  0.0, Avg:  0.0, Max:  0.0, Diff:  0.0, Sum:  0.0, Workers: 4
[2049.404s][debug][gc,phases      ] GC(84)     Dead                           Min: 0, Avg:  0.0, Max: 0, Diff: 0, Sum: 0, Workers: 4
[2049.404s][debug][gc,phases      ] GC(84)     Total                          Min: 0, Avg:  1.0, Max: 4, Diff: 4, Sum: 4, Workers: 4
[2049.404s][debug][gc,phases      ] GC(84)   JVMTI Tag Weak OopStorage      Min:  0.0, Avg:  0.0, Max:  0.0, Diff:  0.0, Sum:  0.0, Workers: 4
[2049.404s][debug][gc,phases      ] GC(84)     Dead                           Min: 0, Avg:  0.0, Max: 0, Diff: 0, Sum: 0, Workers: 4
[2049.404s][debug][gc,phases      ] GC(84)     Total                          Min: 0, Avg:  0.0, Max: 0, Diff: 0, Sum: 0, Workers: 4
[2049.404s][debug][gc,phases      ] GC(84)   StringTable Weak               Min:  0.1, Avg:  0.1, Max:  0.1, Diff:  0.0, Sum:  0.5, Workers: 4
[2049.404s][debug][gc,phases      ] GC(84)     Dead                           Min: 0, Avg:  0.0, Max: 0, Diff: 0, Sum: 0, Workers: 4
[2049.404s][debug][gc,phases      ] GC(84)     Total                          Min: 7531, Avg: 10970.2, Max: 12800, Diff: 5269, Sum: 43881, Workers: 4
[2049.404s][debug][gc,phases      ] GC(84)   ResolvedMethodTable Weak       Min:  0.0, Avg:  0.0, Max:  0.0, Diff:  0.0, Sum:  0.1, Workers: 4
[2049.404s][debug][gc,phases      ] GC(84)     Dead                           Min: 0, Avg:  0.0, Max: 0, Diff: 0, Sum: 0, Workers: 4
[2049.404s][debug][gc,phases      ] GC(84)     Total                          Min: 2444, Avg: 2610.5, Max: 2880, Diff: 436, Sum: 10442, Workers: 4
[2049.404s][debug][gc,phases      ] GC(84)   JNI Weak                       Min:  0.0, Avg:  0.0, Max:  0.0, Diff:  0.0, Sum:  0.0, Workers: 4
[2049.404s][debug][gc,phases      ] GC(84)     Dead                           Min: 0, Avg:  0.0, Max: 0, Diff: 0, Sum: 0, Workers: 4
[2049.404s][debug][gc,phases      ] GC(84)     Total                          Min: 0, Avg: 11.2, Max: 45, Diff: 45, Sum: 45, Workers: 4
[2049.404s][debug][gc,phases      ] GC(84)   StringDedup Table Weak         Min:  0.0, Avg:  0.0, Max:  0.0, Diff:  0.0, Sum:  0.0, Workers: 4
[2049.404s][debug][gc,phases      ] GC(84)     Dead                           Min: 0, Avg:  0.0, Max: 0, Diff: 0, Sum: 0, Workers: 4
[2049.404s][debug][gc,phases      ] GC(84)     Total                          Min: 0, Avg:  0.0, Max: 0, Diff: 0, Sum: 0, Workers: 4
[2049.404s][debug][gc,phases      ] GC(84)   StringDedup Requests0 Weak     Min:  0.0, Avg:  0.0, Max:  0.0, Diff:  0.0, Sum:  0.0, Workers: 4
[2049.404s][debug][gc,phases      ] GC(84)     Dead                           Min: 0, Avg:  0.0, Max: 0, Diff: 0, Sum: 0, Workers: 4
[2049.404s][debug][gc,phases      ] GC(84)     Total                          Min: 0, Avg:  0.0, Max: 0, Diff: 0, Sum: 0, Workers: 4
[2049.404s][debug][gc,phases      ] GC(84)   StringDedup Requests1 Weak     Min:  0.0, Avg:  0.0, Max:  0.0, Diff:  0.0, Sum:  0.0, Workers: 4
[2049.404s][debug][gc,phases      ] GC(84)     Dead                           Min: 0, Avg:  0.0, Max: 0, Diff: 0, Sum: 0, Workers: 4
[2049.404s][debug][gc,phases      ] GC(84)     Total                          Min: 0, Avg:  0.0, Max: 0, Diff: 0, Sum: 0, Workers: 4
[2049.404s][debug][gc,phases      ] GC(84)   Weak JFR Old Object Samples    Min:  0.0, Avg:  0.0, Max:  0.0, Diff:  0.0, Sum:  0.0, Workers: 4
[2049.404s][debug][gc,phases      ] GC(84)     Dead                           Min: 0, Avg:  0.0, Max: 0, Diff: 0, Sum: 0, Workers: 4
[2049.404s][debug][gc,phases      ] GC(84)     Total                          Min: 0, Avg:  0.0, Max: 0, Diff: 0, Sum: 0, Workers: 4
[2049.404s][debug][gc,phases      ] GC(84) Weak Processing 0.315ms
[2049.404s][debug][gc,age         ] GC(84) Desired survivor size 6815744 bytes, new threshold 15 (max threshold 15)
[2049.404s][info ][gc,heap        ] GC(84) PSYoungGen: 2082432K(2089984K)->160K(2089472K) Eden: 2082304K(2082304K)->0K(2082304K) From: 128K(7680K)->160K(7168K)
[2049.404s][info ][gc,heap        ] GC(84) ParOldGen: 292870K(386048K)->292886K(386048K)
[2049.404s][info ][gc,metaspace   ] GC(84) Metaspace: 84098K(84992K)->84098K(84992K) NonClass: 71574K(72064K)->71574K(72064K) Class: 12524K(12928K)->12524K(12928K)
[2049.404s][info ][gc             ] GC(84) Pause Young (Allocation Failure) 2319M->286M(2417M) 1.270ms
[2049.404s][info ][gc,cpu         ] GC(84) User=0.00s Sys=0.00s Real=0.00s
[2049.404s][info ][safepoint      ] Safepoint "ParallelGCFailedAllocation", Time since last: 33648575840 ns, Reaching safepoint: 3700 ns, Cleanup: 3400 ns, At safepoint: 1339505 ns, Total: 1346605 ns
[2083.052s][info ][gc,start       ] GC(85) Pause Young (Allocation Failure)
[2083.053s][debug][gc,phases      ] GC(85) Scavenge 0.880ms
[2083.053s][debug][gc,ref         ] GC(85) Skipped phase 1 of Reference Processing: no references
[2083.053s][debug][gc,ref         ] GC(85) ReferenceProcessor::execute queues: 1, RefProcThreadModel::Single, marks_oops_alive: false
[2083.053s][debug][gc,ref         ] GC(85) Skipped phase 3 of Reference Processing: no references
[2083.053s][debug][gc,ref         ] GC(85) Skipped phase 4 of Reference Processing: no references
[2083.053s][debug][gc,phases      ] GC(85) Reference Processing 0.083ms
[2083.053s][debug][gc,phases      ] GC(85)   VM Weak                        Min:  0.0, Avg:  0.0, Max:  0.0, Diff:  0.0, Sum:  0.0, Workers: 4
[2083.053s][debug][gc,phases      ] GC(85)     Dead                           Min: 0, Avg:  0.0, Max: 0, Diff: 0, Sum: 0, Workers: 4
[2083.053s][debug][gc,phases      ] GC(85)     Total                          Min: 0, Avg: 184.8, Max: 576, Diff: 576, Sum: 739, Workers: 4
[2083.053s][debug][gc,phases      ] GC(85)   ObjectSynchronizer Weak        Min:  0.0, Avg:  0.0, Max:  0.0, Diff:  0.0, Sum:  0.0, Workers: 4
[2083.053s][debug][gc,phases      ] GC(85)     Dead                           Min: 0, Avg:  0.0, Max: 0, Diff: 0, Sum: 0, Workers: 4
[2083.053s][debug][gc,phases      ] GC(85)     Total                          Min: 0, Avg:  1.0, Max: 4, Diff: 4, Sum: 4, Workers: 4
[2083.053s][debug][gc,phases      ] GC(85)   JVMTI Tag Weak OopStorage      Min:  0.0, Avg:  0.0, Max:  0.0, Diff:  0.0, Sum:  0.0, Workers: 4
[2083.053s][debug][gc,phases      ] GC(85)     Dead                           Min: 0, Avg:  0.0, Max: 0, Diff: 0, Sum: 0, Workers: 4
[2083.053s][debug][gc,phases      ] GC(85)     Total                          Min: 0, Avg:  0.0, Max: 0, Diff: 0, Sum: 0, Workers: 4
[2083.053s][debug][gc,phases      ] GC(85)   StringTable Weak               Min:  0.0, Avg:  0.1, Max:  0.1, Diff:  0.1, Sum:  0.4, Workers: 4
[2083.053s][debug][gc,phases      ] GC(85)     Dead                           Min: 0, Avg:  0.0, Max: 0, Diff: 0, Sum: 0, Workers: 4
[2083.053s][debug][gc,phases      ] GC(85)     Total                          Min: 0, Avg: 10970.2, Max: 19626, Diff: 19626, Sum: 43881, Workers: 4
[2083.053s][debug][gc,phases      ] GC(85)   ResolvedMethodTable Weak       Min:  0.0, Avg:  0.0, Max:  0.0, Diff:  0.0, Sum:  0.1, Workers: 4
[2083.053s][debug][gc,phases      ] GC(85)     Dead                           Min: 0, Avg:  0.0, Max: 0, Diff: 0, Sum: 0, Workers: 4
[2083.053s][debug][gc,phases      ] GC(85)     Total                          Min: 0, Avg: 2610.5, Max: 4414, Diff: 4414, Sum: 10442, Workers: 4
[2083.053s][debug][gc,phases      ] GC(85)   JNI Weak                       Min:  0.0, Avg:  0.0, Max:  0.0, Diff:  0.0, Sum:  0.0, Workers: 4
[2083.053s][debug][gc,phases      ] GC(85)     Dead                           Min: 0, Avg:  0.0, Max: 0, Diff: 0, Sum: 0, Workers: 4
[2083.053s][debug][gc,phases      ] GC(85)     Total                          Min: 0, Avg: 11.2, Max: 45, Diff: 45, Sum: 45, Workers: 4
[2083.053s][debug][gc,phases      ] GC(85)   StringDedup Table Weak         Min:  0.0, Avg:  0.0, Max:  0.0, Diff:  0.0, Sum:  0.0, Workers: 4
[2083.053s][debug][gc,phases      ] GC(85)     Dead                           Min: 0, Avg:  0.0, Max: 0, Diff: 0, Sum: 0, Workers: 4
[2083.053s][debug][gc,phases      ] GC(85)     Total                          Min: 0, Avg:  0.0, Max: 0, Diff: 0, Sum: 0, Workers: 4
[2083.053s][debug][gc,phases      ] GC(85)   StringDedup Requests0 Weak     Min:  0.0, Avg:  0.0, Max:  0.0, Diff:  0.0, Sum:  0.0, Workers: 4
[2083.053s][debug][gc,phases      ] GC(85)     Dead                           Min: 0, Avg:  0.0, Max: 0, Diff: 0, Sum: 0, Workers: 4
[2083.053s][debug][gc,phases      ] GC(85)     Total                          Min: 0, Avg:  0.0, Max: 0, Diff: 0, Sum: 0, Workers: 4
[2083.053s][debug][gc,phases      ] GC(85)   StringDedup Requests1 Weak     Min:  0.0, Avg:  0.0, Max:  0.0, Diff:  0.0, Sum:  0.0, Workers: 4
[2083.053s][debug][gc,phases      ] GC(85)     Dead                           Min: 0, Avg:  0.0, Max: 0, Diff: 0, Sum: 0, Workers: 4
[2083.053s][debug][gc,phases      ] GC(85)     Total                          Min: 0, Avg:  0.0, Max: 0, Diff: 0, Sum: 0, Workers: 4
[2083.054s][debug][gc,phases      ] GC(85)   Weak JFR Old Object Samples    Min:  0.0, Avg:  0.0, Max:  0.0, Diff:  0.0, Sum:  0.0, Workers: 4
[2083.054s][debug][gc,phases      ] GC(85)     Dead                           Min: 0, Avg:  0.0, Max: 0, Diff: 0, Sum: 0, Workers: 4
[2083.054s][debug][gc,phases      ] GC(85)     Total                          Min: 0, Avg:  0.0, Max: 0, Diff: 0, Sum: 0, Workers: 4
[2083.054s][debug][gc,phases      ] GC(85) Weak Processing 0.313ms
[2083.054s][debug][gc,age         ] GC(85) Desired survivor size 6291456 bytes, new threshold 15 (max threshold 15)
[2083.054s][info ][gc,heap        ] GC(85) PSYoungGen: 2082464K(2089472K)->128K(2091008K) Eden: 2082304K(2082304K)->0K(2084352K) From: 160K(7168K)->128K(6656K)
[2083.054s][info ][gc,heap        ] GC(85) ParOldGen: 292886K(386048K)->292902K(386048K)
[2083.054s][info ][gc,metaspace   ] GC(85) Metaspace: 84098K(84992K)->84098K(84992K) NonClass: 71574K(72064K)->71574K(72064K) Class: 12524K(12928K)->12524K(12928K)
[2083.054s][info ][gc             ] GC(85) Pause Young (Allocation Failure) 2319M->286M(2419M) 1.351ms
[2083.054s][info ][gc,cpu         ] GC(85) User=0.00s Sys=0.00s Real=0.00s
[2083.054s][info ][safepoint      ] Safepoint "ParallelGCFailedAllocation", Time since last: 33647846508 ns, Reaching safepoint: 3600 ns, Cleanup: 3400 ns, At safepoint: 1427305 ns, Total: 1434305 ns
[2112.056s][info ][safepoint      ] Safepoint "Cleanup", Time since last: 29001927499 ns, Reaching safepoint: 3600 ns, Cleanup: 6700 ns, At safepoint: 1600 ns, Total: 11900 ns
[2116.552s][info ][gc,start       ] GC(86) Pause Young (Allocation Failure)
[2116.554s][debug][gc,phases      ] GC(86) Scavenge 1.001ms
[2116.554s][debug][gc,ref         ] GC(86) Skipped phase 1 of Reference Processing: no references
[2116.554s][debug][gc,ref         ] GC(86) ReferenceProcessor::execute queues: 1, RefProcThreadModel::Single, marks_oops_alive: false
[2116.554s][debug][gc,ref         ] GC(86) Skipped phase 3 of Reference Processing: no references
[2116.554s][debug][gc,ref         ] GC(86) Skipped phase 4 of Reference Processing: no references
[2116.554s][debug][gc,phases      ] GC(86) Reference Processing 0.075ms
[2116.554s][debug][gc,phases      ] GC(86)   VM Weak                        Min:  0.0, Avg:  0.0, Max:  0.0, Diff:  0.0, Sum:  0.0, Workers: 4
[2116.554s][debug][gc,phases      ] GC(86)     Dead                           Min: 0, Avg:  0.0, Max: 0, Diff: 0, Sum: 0, Workers: 4
[2116.554s][debug][gc,phases      ] GC(86)     Total                          Min: 0, Avg: 184.8, Max: 739, Diff: 739, Sum: 739, Workers: 4
[2116.554s][debug][gc,phases      ] GC(86)   ObjectSynchronizer Weak        Min:  0.0, Avg:  0.0, Max:  0.0, Diff:  0.0, Sum:  0.0, Workers: 4
[2116.554s][debug][gc,phases      ] GC(86)     Dead                           Min: 0, Avg:  0.0, Max: 0, Diff: 0, Sum: 0, Workers: 4
[2116.554s][debug][gc,phases      ] GC(86)     Total                          Min: 0, Avg:  1.0, Max: 4, Diff: 4, Sum: 4, Workers: 4
[2116.554s][debug][gc,phases      ] GC(86)   JVMTI Tag Weak OopStorage      Min:  0.0, Avg:  0.0, Max:  0.0, Diff:  0.0, Sum:  0.0, Workers: 4
[2116.554s][debug][gc,phases      ] GC(86)     Dead                           Min: 0, Avg:  0.0, Max: 0, Diff: 0, Sum: 0, Workers: 4
[2116.554s][debug][gc,phases      ] GC(86)     Total                          Min: 0, Avg:  0.0, Max: 0, Diff: 0, Sum: 0, Workers: 4
[2116.554s][debug][gc,phases      ] GC(86)   StringTable Weak               Min:  0.0, Avg:  0.1, Max:  0.1, Diff:  0.1, Sum:  0.3, Workers: 4
[2116.554s][debug][gc,phases      ] GC(86)     Dead                           Min: 0, Avg:  0.0, Max: 0, Diff: 0, Sum: 0, Workers: 4
[2116.554s][debug][gc,phases      ] GC(86)     Total                          Min: 0, Avg: 10971.0, Max: 19374, Diff: 19374, Sum: 43884, Workers: 4
[2116.554s][debug][gc,phases      ] GC(86)   ResolvedMethodTable Weak       Min:  0.0, Avg:  0.0, Max:  0.0, Diff:  0.0, Sum:  0.1, Workers: 4
[2116.554s][debug][gc,phases      ] GC(86)     Dead                           Min: 0, Avg:  0.0, Max: 0, Diff: 0, Sum: 0, Workers: 4
[2116.554s][debug][gc,phases      ] GC(86)     Total                          Min: 0, Avg: 2610.5, Max: 4428, Diff: 4428, Sum: 10442, Workers: 4
[2116.554s][debug][gc,phases      ] GC(86)   JNI Weak                       Min:  0.0, Avg:  0.0, Max:  0.0, Diff:  0.0, Sum:  0.0, Workers: 4
[2116.554s][debug][gc,phases      ] GC(86)     Dead                           Min: 0, Avg:  0.0, Max: 0, Diff: 0, Sum: 0, Workers: 4
[2116.554s][debug][gc,phases      ] GC(86)     Total                          Min: 0, Avg: 11.2, Max: 45, Diff: 45, Sum: 45, Workers: 4
[2116.554s][debug][gc,phases      ] GC(86)   StringDedup Table Weak         Min:  0.0, Avg:  0.0, Max:  0.0, Diff:  0.0, Sum:  0.0, Workers: 4
[2116.554s][debug][gc,phases      ] GC(86)     Dead                           Min: 0, Avg:  0.0, Max: 0, Diff: 0, Sum: 0, Workers: 4
[2116.554s][debug][gc,phases      ] GC(86)     Total                          Min: 0, Avg:  0.0, Max: 0, Diff: 0, Sum: 0, Workers: 4
[2116.554s][debug][gc,phases      ] GC(86)   StringDedup Requests0 Weak     Min:  0.0, Avg:  0.0, Max:  0.0, Diff:  0.0, Sum:  0.0, Workers: 4
[2116.554s][debug][gc,phases      ] GC(86)     Dead                           Min: 0, Avg:  0.0, Max: 0, Diff: 0, Sum: 0, Workers: 4
[2116.554s][debug][gc,phases      ] GC(86)     Total                          Min: 0, Avg:  0.0, Max: 0, Diff: 0, Sum: 0, Workers: 4
[2116.554s][debug][gc,phases      ] GC(86)   StringDedup Requests1 Weak     Min:  0.0, Avg:  0.0, Max:  0.0, Diff:  0.0, Sum:  0.0, Workers: 4
[2116.554s][debug][gc,phases      ] GC(86)     Dead                           Min: 0, Avg:  0.0, Max: 0, Diff: 0, Sum: 0, Workers: 4
[2116.554s][debug][gc,phases      ] GC(86)     Total                          Min: 0, Avg:  0.0, Max: 0, Diff: 0, Sum: 0, Workers: 4
[2116.554s][debug][gc,phases      ] GC(86)   Weak JFR Old Object Samples    Min:  0.0, Avg:  0.0, Max:  0.0, Diff:  0.0, Sum:  0.0, Workers: 4
[2116.554s][debug][gc,phases      ] GC(86)     Dead                           Min: 0, Avg:  0.0, Max: 0, Diff: 0, Sum: 0, Workers: 4
[2116.554s][debug][gc,phases      ] GC(86)     Total                          Min: 0, Avg:  0.0, Max: 0, Diff: 0, Sum: 0, Workers: 4
[2116.554s][debug][gc,phases      ] GC(86) Weak Processing 0.311ms
[2116.554s][debug][gc,age         ] GC(86) Desired survivor size 5767168 bytes, new threshold 15 (max threshold 15)
[2116.554s][info ][gc,heap        ] GC(86) PSYoungGen: 2084480K(2091008K)->128K(2090496K) Eden: 2084352K(2084352K)->0K(2084352K) From: 128K(6656K)->128K(6144K)
[2116.554s][info ][gc,heap        ] GC(86) ParOldGen: 292902K(386048K)->292910K(386048K)
[2116.554s][info ][gc,metaspace   ] GC(86) Metaspace: 84100K(84992K)->84100K(84992K) NonClass: 71576K(72064K)->71576K(72064K) Class: 12524K(12928K)->12524K(12928K)
[2116.554s][info ][gc             ] GC(86) Pause Young (Allocation Failure) 2321M->286M(2418M) 1.458ms
[2116.554s][info ][gc,cpu         ] GC(86) User=0.00s Sys=0.00s Real=0.00s
[2116.554s][info ][safepoint      ] Safepoint "ParallelGCFailedAllocation", Time since last: 4496912161 ns, Reaching safepoint: 3400 ns, Cleanup: 3600 ns, At safepoint: 1528404 ns, Total: 1535404 ns
[2150.252s][info ][gc,start       ] GC(87) Pause Young (Allocation Failure)
[2150.253s][debug][gc,phases      ] GC(87) Scavenge 0.946ms
[2150.253s][debug][gc,ref         ] GC(87) Skipped phase 1 of Reference Processing: no references
[2150.253s][debug][gc,ref         ] GC(87) ReferenceProcessor::execute queues: 1, RefProcThreadModel::Single, marks_oops_alive: false
[2150.253s][debug][gc,ref         ] GC(87) Skipped phase 3 of Reference Processing: no references
[2150.253s][debug][gc,ref         ] GC(87) Skipped phase 4 of Reference Processing: no references
[2150.253s][debug][gc,phases      ] GC(87) Reference Processing 0.068ms
[2150.253s][debug][gc,phases      ] GC(87)   VM Weak                        Min:  0.0, Avg:  0.0, Max:  0.0, Diff:  0.0, Sum:  0.0, Workers: 4
[2150.253s][debug][gc,phases      ] GC(87)     Dead                           Min: 0, Avg:  0.0, Max: 0, Diff: 0, Sum: 0, Workers: 4
[2150.253s][debug][gc,phases      ] GC(87)     Total                          Min: 0, Avg: 184.8, Max: 675, Diff: 675, Sum: 739, Workers: 4
[2150.253s][debug][gc,phases      ] GC(87)   ObjectSynchronizer Weak        Min:  0.0, Avg:  0.0, Max:  0.0, Diff:  0.0, Sum:  0.0, Workers: 4
[2150.253s][debug][gc,phases      ] GC(87)     Dead                           Min: 0, Avg:  0.0, Max: 0, Diff: 0, Sum: 0, Workers: 4
[2150.253s][debug][gc,phases      ] GC(87)     Total                          Min: 0, Avg:  1.0, Max: 4, Diff: 4, Sum: 4, Workers: 4
[2150.253s][debug][gc,phases      ] GC(87)   JVMTI Tag Weak OopStorage      Min:  0.0, Avg:  0.0, Max:  0.0, Diff:  0.0, Sum:  0.0, Workers: 4
[2150.253s][debug][gc,phases      ] GC(87)     Dead                           Min: 0, Avg:  0.0, Max: 0, Diff: 0, Sum: 0, Workers: 4
[2150.253s][debug][gc,phases      ] GC(87)     Total                          Min: 0, Avg:  0.0, Max: 0, Diff: 0, Sum: 0, Workers: 4
[2150.253s][debug][gc,phases      ] GC(87)   StringTable Weak               Min:  0.0, Avg:  0.1, Max:  0.1, Diff:  0.1, Sum:  0.3, Workers: 4
[2150.253s][debug][gc,phases      ] GC(87)     Dead                           Min: 0, Avg:  0.0, Max: 0, Diff: 0, Sum: 0, Workers: 4
[2150.253s][debug][gc,phases      ] GC(87)     Total                          Min: 0, Avg: 10971.0, Max: 19583, Diff: 19583, Sum: 43884, Workers: 4
[2150.253s][debug][gc,phases      ] GC(87)   ResolvedMethodTable Weak       Min:  0.0, Avg:  0.0, Max:  0.0, Diff:  0.0, Sum:  0.1, Workers: 4
[2150.253s][debug][gc,phases      ] GC(87)     Dead                           Min: 0, Avg:  0.0, Max: 0, Diff: 0, Sum: 0, Workers: 4
[2150.253s][debug][gc,phases      ] GC(87)     Total                          Min: 0, Avg: 2610.5, Max: 4490, Diff: 4490, Sum: 10442, Workers: 4
[2150.253s][debug][gc,phases      ] GC(87)   JNI Weak                       Min:  0.0, Avg:  0.0, Max:  0.0, Diff:  0.0, Sum:  0.0, Workers: 4
[2150.253s][debug][gc,phases      ] GC(87)     Dead                           Min: 0, Avg:  0.0, Max: 0, Diff: 0, Sum: 0, Workers: 4
[2150.253s][debug][gc,phases      ] GC(87)     Total                          Min: 0, Avg: 11.2, Max: 45, Diff: 45, Sum: 45, Workers: 4
[2150.253s][debug][gc,phases      ] GC(87)   StringDedup Table Weak         Min:  0.0, Avg:  0.0, Max:  0.0, Diff:  0.0, Sum:  0.0, Workers: 4
[2150.253s][debug][gc,phases      ] GC(87)     Dead                           Min: 0, Avg:  0.0, Max: 0, Diff: 0, Sum: 0, Workers: 4
[2150.253s][debug][gc,phases      ] GC(87)     Total                          Min: 0, Avg:  0.0, Max: 0, Diff: 0, Sum: 0, Workers: 4
[2150.253s][debug][gc,phases      ] GC(87)   StringDedup Requests0 Weak     Min:  0.0, Avg:  0.0, Max:  0.0, Diff:  0.0, Sum:  0.0, Workers: 4
[2150.253s][debug][gc,phases      ] GC(87)     Dead                           Min: 0, Avg:  0.0, Max: 0, Diff: 0, Sum: 0, Workers: 4
[2150.253s][debug][gc,phases      ] GC(87)     Total                          Min: 0, Avg:  0.0, Max: 0, Diff: 0, Sum: 0, Workers: 4
[2150.253s][debug][gc,phases      ] GC(87)   StringDedup Requests1 Weak     Min:  0.0, Avg:  0.0, Max:  0.0, Diff:  0.0, Sum:  0.0, Workers: 4
[2150.253s][debug][gc,phases      ] GC(87)     Dead                           Min: 0, Avg:  0.0, Max: 0, Diff: 0, Sum: 0, Workers: 4
[2150.253s][debug][gc,phases      ] GC(87)     Total                          Min: 0, Avg:  0.0, Max: 0, Diff: 0, Sum: 0, Workers: 4
[2150.253s][debug][gc,phases      ] GC(87)   Weak JFR Old Object Samples    Min:  0.0, Avg:  0.0, Max:  0.0, Diff:  0.0, Sum:  0.0, Workers: 4
[2150.253s][debug][gc,phases      ] GC(87)     Dead                           Min: 0, Avg:  0.0, Max: 0, Diff: 0, Sum: 0, Workers: 4
[2150.253s][debug][gc,phases      ] GC(87)     Total                          Min: 0, Avg:  0.0, Max: 0, Diff: 0, Sum: 0, Workers: 4
[2150.253s][debug][gc,phases      ] GC(87) Weak Processing 0.291ms
[2150.253s][debug][gc,age         ] GC(87) Desired survivor size 5242880 bytes, new threshold 15 (max threshold 15)
[2150.253s][info ][gc,heap        ] GC(87) PSYoungGen: 2084480K(2090496K)->128K(2092032K) Eden: 2084352K(2084352K)->0K(2086400K) From: 128K(6144K)->128K(5632K)
[2150.253s][info ][gc,heap        ] GC(87) ParOldGen: 292910K(386048K)->292918K(386048K)
[2150.253s][info ][gc,metaspace   ] GC(87) Metaspace: 84100K(84992K)->84100K(84992K) NonClass: 71576K(72064K)->71576K(72064K) Class: 12524K(12928K)->12524K(12928K)
[2150.253s][info ][gc             ] GC(87) Pause Young (Allocation Failure) 2321M->286M(2420M) 1.378ms
[2150.253s][info ][gc,cpu         ] GC(87) User=0.00s Sys=0.00s Real=0.00s
[2150.253s][info ][safepoint      ] Safepoint "ParallelGCFailedAllocation", Time since last: 33697663022 ns, Reaching safepoint: 5300 ns, Cleanup: 4601 ns, At safepoint: 1444204 ns, Total: 1454105 ns
[2183.952s][info ][gc,start       ] GC(88) Pause Young (Allocation Failure)
[2183.953s][debug][gc,phases      ] GC(88) Scavenge 0.737ms
[2183.953s][debug][gc,ref         ] GC(88) Skipped phase 1 of Reference Processing: no references
[2183.953s][debug][gc,ref         ] GC(88) ReferenceProcessor::execute queues: 1, RefProcThreadModel::Single, marks_oops_alive: false
[2183.953s][debug][gc,ref         ] GC(88) Skipped phase 3 of Reference Processing: no references
[2183.953s][debug][gc,ref         ] GC(88) Skipped phase 4 of Reference Processing: no references
[2183.953s][debug][gc,phases      ] GC(88) Reference Processing 0.077ms
[2183.953s][debug][gc,phases      ] GC(88)   VM Weak                        Min:  0.0, Avg:  0.0, Max:  0.0, Diff:  0.0, Sum:  0.0, Workers: 4
[2183.953s][debug][gc,phases      ] GC(88)     Dead                           Min: 0, Avg:  0.0, Max: 0, Diff: 0, Sum: 0, Workers: 4
[2183.953s][debug][gc,phases      ] GC(88)     Total                          Min: 0, Avg: 184.8, Max: 419, Diff: 419, Sum: 739, Workers: 4
[2183.953s][debug][gc,phases      ] GC(88)   ObjectSynchronizer Weak        Min:  0.0, Avg:  0.0, Max:  0.0, Diff:  0.0, Sum:  0.0, Workers: 4
[2183.953s][debug][gc,phases      ] GC(88)     Dead                           Min: 0, Avg:  0.0, Max: 0, Diff: 0, Sum: 0, Workers: 4
[2183.953s][debug][gc,phases      ] GC(88)     Total                          Min: 0, Avg:  1.0, Max: 4, Diff: 4, Sum: 4, Workers: 4
[2183.953s][debug][gc,phases      ] GC(88)   JVMTI Tag Weak OopStorage      Min:  0.0, Avg:  0.0, Max:  0.0, Diff:  0.0, Sum:  0.0, Workers: 4
[2183.953s][debug][gc,phases      ] GC(88)     Dead                           Min: 0, Avg:  0.0, Max: 0, Diff: 0, Sum: 0, Workers: 4
[2183.953s][debug][gc,phases      ] GC(88)     Total                          Min: 0, Avg:  0.0, Max: 0, Diff: 0, Sum: 0, Workers: 4
[2183.953s][debug][gc,phases      ] GC(88)   StringTable Weak               Min:  0.1, Avg:  0.1, Max:  0.1, Diff:  0.0, Sum:  0.4, Workers: 4
[2183.953s][debug][gc,phases      ] GC(88)     Dead                           Min: 0, Avg:  0.0, Max: 0, Diff: 0, Sum: 0, Workers: 4
[2183.953s][debug][gc,phases      ] GC(88)     Total                          Min: 10624, Avg: 10971.0, Max: 11244, Diff: 620, Sum: 43884, Workers: 4
[2183.953s][debug][gc,phases      ] GC(88)   ResolvedMethodTable Weak       Min:  0.0, Avg:  0.0, Max:  0.0, Diff:  0.0, Sum:  0.1, Workers: 4
[2183.953s][debug][gc,phases      ] GC(88)     Dead                           Min: 0, Avg:  0.0, Max: 0, Diff: 0, Sum: 0, Workers: 4
[2183.953s][debug][gc,phases      ] GC(88)     Total                          Min: 2560, Avg: 2610.5, Max: 2688, Diff: 128, Sum: 10442, Workers: 4
[2183.953s][debug][gc,phases      ] GC(88)   JNI Weak                       Min:  0.0, Avg:  0.0, Max:  0.0, Diff:  0.0, Sum:  0.0, Workers: 4
[2183.953s][debug][gc,phases      ] GC(88)     Dead                           Min: 0, Avg:  0.0, Max: 0, Diff: 0, Sum: 0, Workers: 4
[2183.953s][debug][gc,phases      ] GC(88)     Total                          Min: 0, Avg: 11.2, Max: 45, Diff: 45, Sum: 45, Workers: 4
[2183.953s][debug][gc,phases      ] GC(88)   StringDedup Table Weak         Min:  0.0, Avg:  0.0, Max:  0.0, Diff:  0.0, Sum:  0.0, Workers: 4
[2183.953s][debug][gc,phases      ] GC(88)     Dead                           Min: 0, Avg:  0.0, Max: 0, Diff: 0, Sum: 0, Workers: 4
[2183.953s][debug][gc,phases      ] GC(88)     Total                          Min: 0, Avg:  0.0, Max: 0, Diff: 0, Sum: 0, Workers: 4
[2183.953s][debug][gc,phases      ] GC(88)   StringDedup Requests0 Weak     Min:  0.0, Avg:  0.0, Max:  0.0, Diff:  0.0, Sum:  0.0, Workers: 4
[2183.953s][debug][gc,phases      ] GC(88)     Dead                           Min: 0, Avg:  0.0, Max: 0, Diff: 0, Sum: 0, Workers: 4
[2183.953s][debug][gc,phases      ] GC(88)     Total                          Min: 0, Avg:  0.0, Max: 0, Diff: 0, Sum: 0, Workers: 4
[2183.953s][debug][gc,phases      ] GC(88)   StringDedup Requests1 Weak     Min:  0.0, Avg:  0.0, Max:  0.0, Diff:  0.0, Sum:  0.0, Workers: 4
[2183.953s][debug][gc,phases      ] GC(88)     Dead                           Min: 0, Avg:  0.0, Max: 0, Diff: 0, Sum: 0, Workers: 4
[2183.953s][debug][gc,phases      ] GC(88)     Total                          Min: 0, Avg:  0.0, Max: 0, Diff: 0, Sum: 0, Workers: 4
[2183.953s][debug][gc,phases      ] GC(88)   Weak JFR Old Object Samples    Min:  0.0, Avg:  0.0, Max:  0.0, Diff:  0.0, Sum:  0.0, Workers: 4
[2183.953s][debug][gc,phases      ] GC(88)     Dead                           Min: 0, Avg:  0.0, Max: 0, Diff: 0, Sum: 0, Workers: 4
[2183.953s][debug][gc,phases      ] GC(88)     Total                          Min: 0, Avg:  0.0, Max: 0, Diff: 0, Sum: 0, Workers: 4
[2183.953s][debug][gc,phases      ] GC(88) Weak Processing 0.294ms
[2183.953s][debug][gc,age         ] GC(88) Desired survivor size 4718592 bytes, new threshold 15 (max threshold 15)
[2183.953s][info ][gc,heap        ] GC(88) PSYoungGen: 2086528K(2092032K)->128K(2091520K) Eden: 2086400K(2086400K)->0K(2086400K) From: 128K(5632K)->128K(5120K)
[2183.953s][info ][gc,heap        ] GC(88) ParOldGen: 292918K(386048K)->292926K(386048K)
[2183.953s][info ][gc,metaspace   ] GC(88) Metaspace: 84101K(84992K)->84101K(84992K) NonClass: 71577K(72064K)->71577K(72064K) Class: 12524K(12928K)->12524K(12928K)
[2183.953s][info ][gc             ] GC(88) Pause Young (Allocation Failure) 2323M->286M(2419M) 1.191ms
[2183.953s][info ][gc,cpu         ] GC(88) User=0.00s Sys=0.00s Real=0.00s
[2183.953s][info ][safepoint      ] Safepoint "ParallelGCFailedAllocation", Time since last: 33698718669 ns, Reaching safepoint: 4600 ns, Cleanup: 3600 ns, At safepoint: 1244304 ns, Total: 1252504 ns
[2217.653s][info ][gc,start       ] GC(89) Pause Young (Allocation Failure)
[2217.654s][debug][gc,phases      ] GC(89) Scavenge 0.911ms
[2217.654s][debug][gc,ref         ] GC(89) Skipped phase 1 of Reference Processing: no references
[2217.654s][debug][gc,ref         ] GC(89) ReferenceProcessor::execute queues: 1, RefProcThreadModel::Single, marks_oops_alive: false
[2217.654s][debug][gc,ref         ] GC(89) Skipped phase 3 of Reference Processing: no references
[2217.654s][debug][gc,ref         ] GC(89) Skipped phase 4 of Reference Processing: no references
[2217.654s][debug][gc,phases      ] GC(89) Reference Processing 0.084ms
[2217.654s][debug][gc,phases      ] GC(89)   VM Weak                        Min:  0.0, Avg:  0.0, Max:  0.0, Diff:  0.0, Sum:  0.0, Workers: 4
[2217.654s][debug][gc,phases      ] GC(89)     Dead                           Min: 0, Avg:  0.0, Max: 0, Diff: 0, Sum: 0, Workers: 4
[2217.654s][debug][gc,phases      ] GC(89)     Total                          Min: 0, Avg: 184.8, Max: 512, Diff: 512, Sum: 739, Workers: 4
[2217.654s][debug][gc,phases      ] GC(89)   ObjectSynchronizer Weak        Min:  0.0, Avg:  0.0, Max:  0.0, Diff:  0.0, Sum:  0.0, Workers: 4
[2217.654s][debug][gc,phases      ] GC(89)     Dead                           Min: 0, Avg:  0.0, Max: 0, Diff: 0, Sum: 0, Workers: 4
[2217.654s][debug][gc,phases      ] GC(89)     Total                          Min: 0, Avg:  1.0, Max: 4, Diff: 4, Sum: 4, Workers: 4
[2217.654s][debug][gc,phases      ] GC(89)   JVMTI Tag Weak OopStorage      Min:  0.0, Avg:  0.0, Max:  0.0, Diff:  0.0, Sum:  0.0, Workers: 4
[2217.654s][debug][gc,phases      ] GC(89)     Dead                           Min: 0, Avg:  0.0, Max: 0, Diff: 0, Sum: 0, Workers: 4
[2217.654s][debug][gc,phases      ] GC(89)     Total                          Min: 0, Avg:  0.0, Max: 0, Diff: 0, Sum: 0, Workers: 4
[2217.654s][debug][gc,phases      ] GC(89)   StringTable Weak               Min:  0.1, Avg:  0.1, Max:  0.1, Diff:  0.0, Sum:  0.4, Workers: 4
[2217.654s][debug][gc,phases      ] GC(89)     Dead                           Min: 0, Avg:  0.0, Max: 0, Diff: 0, Sum: 0, Workers: 4
[2217.654s][debug][gc,phases      ] GC(89)     Total                          Min: 10688, Avg: 10971.0, Max: 11181, Diff: 493, Sum: 43884, Workers: 4
[2217.654s][debug][gc,phases      ] GC(89)   ResolvedMethodTable Weak       Min:  0.0, Avg:  0.0, Max:  0.0, Diff:  0.0, Sum:  0.1, Workers: 4
[2217.654s][debug][gc,phases      ] GC(89)     Dead                           Min: 0, Avg:  0.0, Max: 0, Diff: 0, Sum: 0, Workers: 4
[2217.654s][debug][gc,phases      ] GC(89)     Total                          Min: 2494, Avg: 2610.5, Max: 2880, Diff: 386, Sum: 10442, Workers: 4
[2217.654s][debug][gc,phases      ] GC(89)   JNI Weak                       Min:  0.0, Avg:  0.0, Max:  0.0, Diff:  0.0, Sum:  0.0, Workers: 4
[2217.654s][debug][gc,phases      ] GC(89)     Dead                           Min: 0, Avg:  0.0, Max: 0, Diff: 0, Sum: 0, Workers: 4
[2217.654s][debug][gc,phases      ] GC(89)     Total                          Min: 0, Avg: 11.2, Max: 45, Diff: 45, Sum: 45, Workers: 4
[2217.654s][debug][gc,phases      ] GC(89)   StringDedup Table Weak         Min:  0.0, Avg:  0.0, Max:  0.0, Diff:  0.0, Sum:  0.0, Workers: 4
[2217.654s][debug][gc,phases      ] GC(89)     Dead                           Min: 0, Avg:  0.0, Max: 0, Diff: 0, Sum: 0, Workers: 4
[2217.654s][debug][gc,phases      ] GC(89)     Total                          Min: 0, Avg:  0.0, Max: 0, Diff: 0, Sum: 0, Workers: 4
[2217.654s][debug][gc,phases      ] GC(89)   StringDedup Requests0 Weak     Min:  0.0, Avg:  0.0, Max:  0.0, Diff:  0.0, Sum:  0.0, Workers: 4
[2217.654s][debug][gc,phases      ] GC(89)     Dead                           Min: 0, Avg:  0.0, Max: 0, Diff: 0, Sum: 0, Workers: 4
[2217.654s][debug][gc,phases      ] GC(89)     Total                          Min: 0, Avg:  0.0, Max: 0, Diff: 0, Sum: 0, Workers: 4
[2217.654s][debug][gc,phases      ] GC(89)   StringDedup Requests1 Weak     Min:  0.0, Avg:  0.0, Max:  0.0, Diff:  0.0, Sum:  0.0, Workers: 4
[2217.654s][debug][gc,phases      ] GC(89)     Dead                           Min: 0, Avg:  0.0, Max: 0, Diff: 0, Sum: 0, Workers: 4
[2217.654s][debug][gc,phases      ] GC(89)     Total                          Min: 0, Avg:  0.0, Max: 0, Diff: 0, Sum: 0, Workers: 4
[2217.654s][debug][gc,phases      ] GC(89)   Weak JFR Old Object Samples    Min:  0.0, Avg:  0.0, Max:  0.0, Diff:  0.0, Sum:  0.0, Workers: 4
[2217.654s][debug][gc,phases      ] GC(89)     Dead                           Min: 0, Avg:  0.0, Max: 0, Diff: 0, Sum: 0, Workers: 4
[2217.654s][debug][gc,phases      ] GC(89)     Total                          Min: 0, Avg:  0.0, Max: 0, Diff: 0, Sum: 0, Workers: 4
[2217.654s][debug][gc,phases      ] GC(89) Weak Processing 0.290ms
[2217.654s][debug][gc,age         ] GC(89) Desired survivor size 4718592 bytes, new threshold 15 (max threshold 15)
[2217.654s][info ][gc,heap        ] GC(89) PSYoungGen: 2086528K(2091520K)->96K(2092544K) Eden: 2086400K(2086400K)->0K(2087936K) From: 128K(5120K)->96K(4608K)
[2217.654s][info ][gc,heap        ] GC(89) ParOldGen: 292926K(386048K)->292934K(386048K)
[2217.654s][info ][gc,metaspace   ] GC(89) Metaspace: 84102K(84992K)->84102K(84992K) NonClass: 71578K(72064K)->71578K(72064K) Class: 12524K(12928K)->12524K(12928K)
[2217.654s][info ][gc             ] GC(89) Pause Young (Allocation Failure) 2323M->286M(2420M) 1.357ms
[2217.654s][info ][gc,cpu         ] GC(89) User=0.00s Sys=0.01s Real=0.00s
[2217.654s][info ][safepoint      ] Safepoint "ParallelGCFailedAllocation", Time since last: 33699761950 ns, Reaching safepoint: 4000 ns, Cleanup: 3500 ns, At safepoint: 1419804 ns, Total: 1427304 ns
[2251.403s][info ][gc,start       ] GC(90) Pause Young (Allocation Failure)
[2251.404s][debug][gc,phases      ] GC(90) Scavenge 0.812ms
[2251.404s][debug][gc,ref         ] GC(90) Skipped phase 1 of Reference Processing: no references
[2251.404s][debug][gc,ref         ] GC(90) ReferenceProcessor::execute queues: 1, RefProcThreadModel::Single, marks_oops_alive: false
[2251.404s][debug][gc,ref         ] GC(90) Skipped phase 3 of Reference Processing: no references
[2251.404s][debug][gc,ref         ] GC(90) Skipped phase 4 of Reference Processing: no references
[2251.404s][debug][gc,phases      ] GC(90) Reference Processing 0.084ms
[2251.404s][debug][gc,phases      ] GC(90)   VM Weak                        Min:  0.0, Avg:  0.0, Max:  0.0, Diff:  0.0, Sum:  0.0, Workers: 4
[2251.404s][debug][gc,phases      ] GC(90)     Dead                           Min: 0, Avg:  0.0, Max: 0, Diff: 0, Sum: 0, Workers: 4
[2251.404s][debug][gc,phases      ] GC(90)     Total                          Min: 0, Avg: 184.8, Max: 739, Diff: 739, Sum: 739, Workers: 4
[2251.404s][debug][gc,phases      ] GC(90)   ObjectSynchronizer Weak        Min:  0.0, Avg:  0.0, Max:  0.0, Diff:  0.0, Sum:  0.0, Workers: 4
[2251.404s][debug][gc,phases      ] GC(90)     Dead                           Min: 0, Avg:  0.0, Max: 0, Diff: 0, Sum: 0, Workers: 4
[2251.404s][debug][gc,phases      ] GC(90)     Total                          Min: 0, Avg:  1.0, Max: 4, Diff: 4, Sum: 4, Workers: 4
[2251.404s][debug][gc,phases      ] GC(90)   JVMTI Tag Weak OopStorage      Min:  0.0, Avg:  0.0, Max:  0.0, Diff:  0.0, Sum:  0.0, Workers: 4
[2251.404s][debug][gc,phases      ] GC(90)     Dead                           Min: 0, Avg:  0.0, Max: 0, Diff: 0, Sum: 0, Workers: 4
[2251.404s][debug][gc,phases      ] GC(90)     Total                          Min: 0, Avg:  0.0, Max: 0, Diff: 0, Sum: 0, Workers: 4
[2251.404s][debug][gc,phases      ] GC(90)   StringTable Weak               Min:  0.1, Avg:  0.1, Max:  0.1, Diff:  0.0, Sum:  0.4, Workers: 4
[2251.404s][debug][gc,phases      ] GC(90)     Dead                           Min: 0, Avg:  0.0, Max: 0, Diff: 0, Sum: 0, Workers: 4
[2251.404s][debug][gc,phases      ] GC(90)     Total                          Min: 10176, Avg: 10971.0, Max: 11758, Diff: 1582, Sum: 43884, Workers: 4
[2251.404s][debug][gc,phases      ] GC(90)   ResolvedMethodTable Weak       Min:  0.0, Avg:  0.0, Max:  0.0, Diff:  0.0, Sum:  0.1, Workers: 4
[2251.404s][debug][gc,phases      ] GC(90)     Dead                           Min: 0, Avg:  0.0, Max: 0, Diff: 0, Sum: 0, Workers: 4
[2251.404s][debug][gc,phases      ] GC(90)     Total                          Min: 2494, Avg: 2610.5, Max: 2815, Diff: 321, Sum: 10442, Workers: 4
[2251.404s][debug][gc,phases      ] GC(90)   JNI Weak                       Min:  0.0, Avg:  0.0, Max:  0.0, Diff:  0.0, Sum:  0.0, Workers: 4
[2251.404s][debug][gc,phases      ] GC(90)     Dead                           Min: 0, Avg:  0.0, Max: 0, Diff: 0, Sum: 0, Workers: 4
[2251.404s][debug][gc,phases      ] GC(90)     Total                          Min: 0, Avg: 11.2, Max: 45, Diff: 45, Sum: 45, Workers: 4
[2251.404s][debug][gc,phases      ] GC(90)   StringDedup Table Weak         Min:  0.0, Avg:  0.0, Max:  0.0, Diff:  0.0, Sum:  0.0, Workers: 4
[2251.404s][debug][gc,phases      ] GC(90)     Dead                           Min: 0, Avg:  0.0, Max: 0, Diff: 0, Sum: 0, Workers: 4
[2251.404s][debug][gc,phases      ] GC(90)     Total                          Min: 0, Avg:  0.0, Max: 0, Diff: 0, Sum: 0, Workers: 4
[2251.404s][debug][gc,phases      ] GC(90)   StringDedup Requests0 Weak     Min:  0.0, Avg:  0.0, Max:  0.0, Diff:  0.0, Sum:  0.0, Workers: 4
[2251.404s][debug][gc,phases      ] GC(90)     Dead                           Min: 0, Avg:  0.0, Max: 0, Diff: 0, Sum: 0, Workers: 4
[2251.404s][debug][gc,phases      ] GC(90)     Total                          Min: 0, Avg:  0.0, Max: 0, Diff: 0, Sum: 0, Workers: 4
[2251.404s][debug][gc,phases      ] GC(90)   StringDedup Requests1 Weak     Min:  0.0, Avg:  0.0, Max:  0.0, Diff:  0.0, Sum:  0.0, Workers: 4
[2251.404s][debug][gc,phases      ] GC(90)     Dead                           Min: 0, Avg:  0.0, Max: 0, Diff: 0, Sum: 0, Workers: 4
[2251.404s][debug][gc,phases      ] GC(90)     Total                          Min: 0, Avg:  0.0, Max: 0, Diff: 0, Sum: 0, Workers: 4
[2251.404s][debug][gc,phases      ] GC(90)   Weak JFR Old Object Samples    Min:  0.0, Avg:  0.0, Max:  0.0, Diff:  0.0, Sum:  0.0, Workers: 4
[2251.404s][debug][gc,phases      ] GC(90)     Dead                           Min: 0, Avg:  0.0, Max: 0, Diff: 0, Sum: 0, Workers: 4
[2251.404s][debug][gc,phases      ] GC(90)     Total                          Min: 0, Avg:  0.0, Max: 0, Diff: 0, Sum: 0, Workers: 4
[2251.404s][debug][gc,phases      ] GC(90) Weak Processing 0.299ms
[2251.404s][debug][gc,age         ] GC(90) Desired survivor size 4194304 bytes, new threshold 15 (max threshold 15)
[2251.404s][info ][gc,heap        ] GC(90) PSYoungGen: 2088032K(2092544K)->128K(2092544K) Eden: 2087936K(2087936K)->0K(2087936K) From: 96K(4608K)->128K(4608K)
[2251.404s][info ][gc,heap        ] GC(90) ParOldGen: 292934K(386048K)->292950K(386048K)
[2251.404s][info ][gc,metaspace   ] GC(90) Metaspace: 84102K(84992K)->84102K(84992K) NonClass: 71578K(72064K)->71578K(72064K) Class: 12524K(12928K)->12524K(12928K)
[2251.404s][info ][gc             ] GC(90) Pause Young (Allocation Failure) 2325M->286M(2420M) 1.274ms
[2251.404s][info ][gc,cpu         ] GC(90) User=0.00s Sys=0.00s Real=0.00s
[2251.404s][info ][safepoint      ] Safepoint "ParallelGCFailedAllocation", Time since last: 33748624831 ns, Reaching safepoint: 3600 ns, Cleanup: 3500 ns, At safepoint: 1336604 ns, Total: 1343704 ns
[2285.104s][info ][gc,start       ] GC(91) Pause Young (Allocation Failure)
[2285.104s][debug][gc,phases      ] GC(91) Scavenge 0.788ms
[2285.104s][debug][gc,ref         ] GC(91) Skipped phase 1 of Reference Processing: no references
[2285.105s][debug][gc,ref         ] GC(91) ReferenceProcessor::execute queues: 1, RefProcThreadModel::Single, marks_oops_alive: false
[2285.105s][debug][gc,ref         ] GC(91) Skipped phase 3 of Reference Processing: no references
[2285.105s][debug][gc,ref         ] GC(91) Skipped phase 4 of Reference Processing: no references
[2285.105s][debug][gc,phases      ] GC(91) Reference Processing 0.070ms
[2285.105s][debug][gc,phases      ] GC(91)   VM Weak                        Min:  0.0, Avg:  0.0, Max:  0.0, Diff:  0.0, Sum:  0.0, Workers: 4
[2285.105s][debug][gc,phases      ] GC(91)     Dead                           Min: 0, Avg:  0.0, Max: 0, Diff: 0, Sum: 0, Workers: 4
[2285.105s][debug][gc,phases      ] GC(91)     Total                          Min: 0, Avg: 184.8, Max: 384, Diff: 384, Sum: 739, Workers: 4
[2285.105s][debug][gc,phases      ] GC(91)   ObjectSynchronizer Weak        Min:  0.0, Avg:  0.0, Max:  0.0, Diff:  0.0, Sum:  0.0, Workers: 4
[2285.105s][debug][gc,phases      ] GC(91)     Dead                           Min: 0, Avg:  0.0, Max: 0, Diff: 0, Sum: 0, Workers: 4
[2285.105s][debug][gc,phases      ] GC(91)     Total                          Min: 0, Avg:  1.0, Max: 4, Diff: 4, Sum: 4, Workers: 4
[2285.105s][debug][gc,phases      ] GC(91)   JVMTI Tag Weak OopStorage      Min:  0.0, Avg:  0.0, Max:  0.0, Diff:  0.0, Sum:  0.0, Workers: 4
[2285.105s][debug][gc,phases      ] GC(91)     Dead                           Min: 0, Avg:  0.0, Max: 0, Diff: 0, Sum: 0, Workers: 4
[2285.105s][debug][gc,phases      ] GC(91)     Total                          Min: 0, Avg:  0.0, Max: 0, Diff: 0, Sum: 0, Workers: 4
[2285.105s][debug][gc,phases      ] GC(91)   StringTable Weak               Min:  0.0, Avg:  0.1, Max:  0.1, Diff:  0.1, Sum:  0.3, Workers: 4
[2285.105s][debug][gc,phases      ] GC(91)     Dead                           Min: 0, Avg:  0.0, Max: 0, Diff: 0, Sum: 0, Workers: 4
[2285.105s][debug][gc,phases      ] GC(91)     Total                          Min: 0, Avg: 10971.0, Max: 19565, Diff: 19565, Sum: 43884, Workers: 4
[2285.105s][debug][gc,phases      ] GC(91)   ResolvedMethodTable Weak       Min:  0.0, Avg:  0.0, Max:  0.0, Diff:  0.0, Sum:  0.1, Workers: 4
[2285.105s][debug][gc,phases      ] GC(91)     Dead                           Min: 0, Avg:  0.0, Max: 0, Diff: 0, Sum: 0, Workers: 4
[2285.105s][debug][gc,phases      ] GC(91)     Total                          Min: 0, Avg: 2610.5, Max: 4490, Diff: 4490, Sum: 10442, Workers: 4
[2285.105s][debug][gc,phases      ] GC(91)   JNI Weak                       Min:  0.0, Avg:  0.0, Max:  0.0, Diff:  0.0, Sum:  0.0, Workers: 4
[2285.105s][debug][gc,phases      ] GC(91)     Dead                           Min: 0, Avg:  0.0, Max: 0, Diff: 0, Sum: 0, Workers: 4
[2285.105s][debug][gc,phases      ] GC(91)     Total                          Min: 0, Avg: 11.2, Max: 45, Diff: 45, Sum: 45, Workers: 4
[2285.105s][debug][gc,phases      ] GC(91)   StringDedup Table Weak         Min:  0.0, Avg:  0.0, Max:  0.0, Diff:  0.0, Sum:  0.0, Workers: 4
[2285.105s][debug][gc,phases      ] GC(91)     Dead                           Min: 0, Avg:  0.0, Max: 0, Diff: 0, Sum: 0, Workers: 4
[2285.105s][debug][gc,phases      ] GC(91)     Total                          Min: 0, Avg:  0.0, Max: 0, Diff: 0, Sum: 0, Workers: 4
[2285.105s][debug][gc,phases      ] GC(91)   StringDedup Requests0 Weak     Min:  0.0, Avg:  0.0, Max:  0.0, Diff:  0.0, Sum:  0.0, Workers: 4
[2285.105s][debug][gc,phases      ] GC(91)     Dead                           Min: 0, Avg:  0.0, Max: 0, Diff: 0, Sum: 0, Workers: 4
[2285.105s][debug][gc,phases      ] GC(91)     Total                          Min: 0, Avg:  0.0, Max: 0, Diff: 0, Sum: 0, Workers: 4
[2285.105s][debug][gc,phases      ] GC(91)   StringDedup Requests1 Weak     Min:  0.0, Avg:  0.0, Max:  0.0, Diff:  0.0, Sum:  0.0, Workers: 4
[2285.105s][debug][gc,phases      ] GC(91)     Dead                           Min: 0, Avg:  0.0, Max: 0, Diff: 0, Sum: 0, Workers: 4
[2285.105s][debug][gc,phases      ] GC(91)     Total                          Min: 0, Avg:  0.0, Max: 0, Diff: 0, Sum: 0, Workers: 4
[2285.105s][debug][gc,phases      ] GC(91)   Weak JFR Old Object Samples    Min:  0.0, Avg:  0.0, Max:  0.0, Diff:  0.0, Sum:  0.0, Workers: 4
[2285.105s][debug][gc,phases      ] GC(91)     Dead                           Min: 0, Avg:  0.0, Max: 0, Diff: 0, Sum: 0, Workers: 4
[2285.105s][debug][gc,phases      ] GC(91)     Total                          Min: 0, Avg:  0.0, Max: 0, Diff: 0, Sum: 0, Workers: 4
[2285.105s][debug][gc,phases      ] GC(91) Weak Processing 0.291ms
[2285.105s][debug][gc,age         ] GC(91) Desired survivor size 3670016 bytes, new threshold 15 (max threshold 15)
[2285.105s][info ][gc,heap        ] GC(91) PSYoungGen: 2088064K(2092544K)->96K(2093568K) Eden: 2087936K(2087936K)->0K(2089472K) From: 128K(4608K)->96K(4096K)
[2285.105s][info ][gc,heap        ] GC(91) ParOldGen: 292950K(386048K)->292966K(386048K)
[2285.105s][info ][gc,metaspace   ] GC(91) Metaspace: 84107K(84992K)->84107K(84992K) NonClass: 71582K(72064K)->71582K(72064K) Class: 12524K(12928K)->12524K(12928K)
[2285.105s][info ][gc             ] GC(91) Pause Young (Allocation Failure) 2325M->286M(2421M) 1.223ms
[2285.105s][info ][gc,cpu         ] GC(91) User=0.00s Sys=0.00s Real=0.00s
[2285.105s][info ][safepoint      ] Safepoint "ParallelGCFailedAllocation", Time since last: 33699398324 ns, Reaching safepoint: 3700 ns, Cleanup: 3000 ns, At safepoint: 1291604 ns, Total: 1298304 ns
[2312.005s][info ][safepoint      ] Safepoint "Cleanup", Time since last: 26899560855 ns, Reaching safepoint: 70800 ns, Cleanup: 39700 ns, At safepoint: 5900 ns, Total: 116400 ns
[2313.955s][info ][safepoint      ] Safepoint "Cleanup", Time since last: 1949949682 ns, Reaching safepoint: 3900 ns, Cleanup: 62601 ns, At safepoint: 1800 ns, Total: 68301 ns
[2314.955s][info ][safepoint      ] Safepoint "Cleanup", Time since last: 1000118653 ns, Reaching safepoint: 4000 ns, Cleanup: 6300 ns, At safepoint: 1700 ns, Total: 12000 ns
[2321.955s][info ][safepoint      ] Safepoint "Cleanup", Time since last: 7000552962 ns, Reaching safepoint: 2900 ns, Cleanup: 7700 ns, At safepoint: 1400 ns, Total: 12000 ns
[2338.957s][info ][safepoint      ] Safepoint "Cleanup", Time since last: 17001361177 ns, Reaching safepoint: 4400 ns, Cleanup: 7900 ns, At safepoint: 1700 ns, Total: 14000 ns
[2353.003s][info ][gc,start       ] GC(92) Pause Young (Allocation Failure)
[2353.004s][debug][gc,phases      ] GC(92) Scavenge 1.092ms
[2353.004s][debug][gc,ref         ] GC(92) Skipped phase 1 of Reference Processing: no references
[2353.004s][debug][gc,ref         ] GC(92) ReferenceProcessor::execute queues: 1, RefProcThreadModel::Single, marks_oops_alive: false
[2353.004s][debug][gc,ref         ] GC(92) ReferenceProcessor::execute queues: 4, RefProcThreadModel::Multi, marks_oops_alive: true
[2353.004s][debug][gc,ref         ] GC(92) ReferenceProcessor::execute queues: 1, RefProcThreadModel::Single, marks_oops_alive: false
[2353.004s][debug][gc,phases      ] GC(92) Reference Processing 0.145ms
[2353.004s][debug][gc,phases      ] GC(92)   VM Weak                        Min:  0.0, Avg:  0.0, Max:  0.0, Diff:  0.0, Sum:  0.0, Workers: 4
[2353.004s][debug][gc,phases      ] GC(92)     Dead                           Min: 0, Avg:  0.0, Max: 0, Diff: 0, Sum: 0, Workers: 4
[2353.004s][debug][gc,phases      ] GC(92)     Total                          Min: 0, Avg: 185.2, Max: 485, Diff: 485, Sum: 741, Workers: 4
[2353.004s][debug][gc,phases      ] GC(92)   ObjectSynchronizer Weak        Min:  0.0, Avg:  0.0, Max:  0.0, Diff:  0.0, Sum:  0.0, Workers: 4
[2353.004s][debug][gc,phases      ] GC(92)     Dead                           Min: 0, Avg:  0.0, Max: 0, Diff: 0, Sum: 0, Workers: 4
[2353.004s][debug][gc,phases      ] GC(92)     Total                          Min: 0, Avg:  1.0, Max: 4, Diff: 4, Sum: 4, Workers: 4
[2353.004s][debug][gc,phases      ] GC(92)   JVMTI Tag Weak OopStorage      Min:  0.0, Avg:  0.0, Max:  0.0, Diff:  0.0, Sum:  0.0, Workers: 4
[2353.004s][debug][gc,phases      ] GC(92)     Dead                           Min: 0, Avg:  0.0, Max: 0, Diff: 0, Sum: 0, Workers: 4
[2353.004s][debug][gc,phases      ] GC(92)     Total                          Min: 0, Avg:  0.0, Max: 0, Diff: 0, Sum: 0, Workers: 4
[2353.004s][debug][gc,phases      ] GC(92)   StringTable Weak               Min:  0.0, Avg:  0.1, Max:  0.1, Diff:  0.1, Sum:  0.3, Workers: 4
[2353.004s][debug][gc,phases      ] GC(92)     Dead                           Min: 0, Avg:  0.0, Max: 0, Diff: 0, Sum: 0, Workers: 4
[2353.004s][debug][gc,phases      ] GC(92)     Total                          Min: 0, Avg: 10975.8, Max: 19072, Diff: 19072, Sum: 43903, Workers: 4
[2353.004s][debug][gc,phases      ] GC(92)   ResolvedMethodTable Weak       Min:  0.0, Avg:  0.0, Max:  0.0, Diff:  0.0, Sum:  0.1, Workers: 4
[2353.004s][debug][gc,phases      ] GC(92)     Dead                           Min: 0, Avg:  0.2, Max: 1, Diff: 1, Sum: 1, Workers: 4
[2353.004s][debug][gc,phases      ] GC(92)     Total                          Min: 0, Avg: 2613.8, Max: 4507, Diff: 4507, Sum: 10455, Workers: 4
[2353.004s][debug][gc,phases      ] GC(92)   JNI Weak                       Min:  0.0, Avg:  0.0, Max:  0.0, Diff:  0.0, Sum:  0.0, Workers: 4
[2353.004s][debug][gc,phases      ] GC(92)     Dead                           Min: 0, Avg:  0.0, Max: 0, Diff: 0, Sum: 0, Workers: 4
[2353.004s][debug][gc,phases      ] GC(92)     Total                          Min: 0, Avg: 11.2, Max: 45, Diff: 45, Sum: 45, Workers: 4
[2353.004s][debug][gc,phases      ] GC(92)   StringDedup Table Weak         Min:  0.0, Avg:  0.0, Max:  0.0, Diff:  0.0, Sum:  0.0, Workers: 4
[2353.004s][debug][gc,phases      ] GC(92)     Dead                           Min: 0, Avg:  0.0, Max: 0, Diff: 0, Sum: 0, Workers: 4
[2353.004s][debug][gc,phases      ] GC(92)     Total                          Min: 0, Avg:  0.0, Max: 0, Diff: 0, Sum: 0, Workers: 4
[2353.004s][debug][gc,phases      ] GC(92)   StringDedup Requests0 Weak     Min:  0.0, Avg:  0.0, Max:  0.0, Diff:  0.0, Sum:  0.0, Workers: 4
[2353.004s][debug][gc,phases      ] GC(92)     Dead                           Min: 0, Avg:  0.0, Max: 0, Diff: 0, Sum: 0, Workers: 4
[2353.004s][debug][gc,phases      ] GC(92)     Total                          Min: 0, Avg:  0.0, Max: 0, Diff: 0, Sum: 0, Workers: 4
[2353.004s][debug][gc,phases      ] GC(92)   StringDedup Requests1 Weak     Min:  0.0, Avg:  0.0, Max:  0.0, Diff:  0.0, Sum:  0.0, Workers: 4
[2353.004s][debug][gc,phases      ] GC(92)     Dead                           Min: 0, Avg:  0.0, Max: 0, Diff: 0, Sum: 0, Workers: 4
[2353.004s][debug][gc,phases      ] GC(92)     Total                          Min: 0, Avg:  0.0, Max: 0, Diff: 0, Sum: 0, Workers: 4
[2353.004s][debug][gc,phases      ] GC(92)   Weak JFR Old Object Samples    Min:  0.0, Avg:  0.0, Max:  0.0, Diff:  0.0, Sum:  0.0, Workers: 4
[2353.004s][debug][gc,phases      ] GC(92)     Dead                           Min: 0, Avg:  0.0, Max: 0, Diff: 0, Sum: 0, Workers: 4
[2353.004s][debug][gc,phases      ] GC(92)     Total                          Min: 0, Avg:  0.0, Max: 0, Diff: 0, Sum: 0, Workers: 4
[2353.004s][debug][gc,phases      ] GC(92) Weak Processing 0.303ms
[2353.004s][debug][gc,age         ] GC(92) Desired survivor size 3670016 bytes, new threshold 15 (max threshold 15)
[2353.004s][info ][gc,heap        ] GC(92) PSYoungGen: 2089568K(2093568K)->1104K(2093056K) Eden: 2089472K(2089472K)->0K(2089472K) From: 96K(4096K)->1104K(3584K)
[2353.004s][info ][gc,heap        ] GC(92) ParOldGen: 292966K(386048K)->292998K(386048K)
[2353.004s][info ][gc,metaspace   ] GC(92) Metaspace: 84231K(85184K)->84231K(85184K) NonClass: 71691K(72192K)->71691K(72192K) Class: 12540K(12992K)->12540K(12992K)
[2353.004s][info ][gc             ] GC(92) Pause Young (Allocation Failure) 2326M->287M(2421M) 1.621ms
[2353.004s][info ][gc,cpu         ] GC(92) User=0.01s Sys=0.00s Real=0.00s
[2353.004s][info ][safepoint      ] Safepoint "ParallelGCFailedAllocation", Time since last: 14045921102 ns, Reaching safepoint: 98600 ns, Cleanup: 4500 ns, At safepoint: 1696606 ns, Total: 1799706 ns
[2370.006s][info ][safepoint      ] Safepoint "Cleanup", Time since last: 17001136835 ns, Reaching safepoint: 3900 ns, Cleanup: 5700 ns, At safepoint: 1400 ns, Total: 11000 ns
[2412.008s][info ][safepoint      ] Safepoint "Cleanup", Time since last: 42002897846 ns, Reaching safepoint: 3600 ns, Cleanup: 9100 ns, At safepoint: 11200 ns, Total: 23900 ns
[2423.009s][info ][safepoint      ] Safepoint "Cleanup", Time since last: 11000762851 ns, Reaching safepoint: 3800 ns, Cleanup: 5900 ns, At safepoint: 1600 ns, Total: 11300 ns
[2433.010s][info ][safepoint      ] Safepoint "Cleanup", Time since last: 10000760926 ns, Reaching safepoint: 74500 ns, Cleanup: 6100 ns, At safepoint: 17800 ns, Total: 98400 ns
[2433.106s][info ][gc,heap,exit   ] Heap
[2433.106s][info ][gc,heap,exit   ]  PSYoungGen      total 2093056K, used 832497K [0x0000000780000000, 0x0000000800000000, 0x0000000800000000)
[2433.106s][info ][gc,heap,exit   ]   eden space 2089472K, 39% used [0x0000000780000000,0x00000007b2be8478,0x00000007ff880000)
[2433.106s][info ][gc,heap,exit   ]   from space 3584K, 30% used [0x00000007ff880000,0x00000007ff994130,0x00000007ffc00000)
[2433.106s][info ][gc,heap,exit   ]   to   space 3584K, 0% used [0x00000007ffc80000,0x00000007ffc80000,0x0000000800000000)
[2433.106s][info ][gc,heap,exit   ]  ParOldGen       total 386048K, used 292998K [0x00000006c0000000, 0x00000006d7900000, 0x0000000780000000)
[2433.106s][info ][gc,heap,exit   ]   object space 386048K, 75% used [0x00000006c0000000,0x00000006d1e21998,0x00000006d7900000)
[2433.106s][info ][gc,heap,exit   ]  Metaspace       used 84268K, committed 85184K, reserved 1179648K
[2433.106s][info ][gc,heap,exit   ]   class space    used 12546K, committed 12992K, reserved 1048576K
