[0.003s][info][gc] Using Parallel
[0.004s][info][gc,init] Version: 17.0.7+7-LTS (release)
[0.004s][info][gc,init] CPUs: 4 total, 4 available
[0.004s][info][gc,init] Memory: 16003M
[0.004s][info][gc,init] Large Page Support: Disabled
[0.004s][info][gc,init] NUMA Support: Disabled
[0.004s][info][gc,init] Compressed Oops: Enabled (Zero based)
[0.004s][info][gc,init] Alignments: Space 512K, Generation 512K, Heap 2M
[0.004s][info][gc,init] Heap Min Capacity: 2054M
[0.004s][info][gc,init] Heap Initial Capacity: 2054M
[0.004s][info][gc,init] Heap Max Capacity: 3G
[0.004s][info][gc,init] Pre-touch: Disabled
[0.004s][info][gc,init] Parallel Workers: 4
[0.004s][info][gc,metaspace] CDS archive(s) mapped at: [0x0000000800000000-0x0000000800be1000-0x0000000800be1000), size 12455936, SharedBaseAddress: 0x0000000800000000, ArchiveRelocationMode: 0.
[0.004s][info][gc,metaspace] Compressed class space mapped at: 0x0000000801000000-0x0000000841000000, reserved size: 1073741824
[0.004s][info][gc,metaspace] Narrow klass base: 0x0000000800000000, Narrow klass shift: 0, Narrow klass range: 0x100000000
[0.857s][info][safepoint   ] Safepoint "ICBufferFull", Time since last: 846586511 ns, Reaching safepoint: 133909 ns, At safepoint: 2200 ns, Total: 136109 ns
[1.385s][info][safepoint   ] Safepoint "ICBufferFull", Time since last: 527722568 ns, Reaching safepoint: 348624 ns, At safepoint: 4300 ns, Total: 352924 ns
[2.096s][info][gc,start    ] GC(0) Pause Young (Metadata GC Threshold)
[2.112s][debug][gc,phases   ] GC(0) Scavenge 15.329ms
[2.112s][debug][gc,ref      ] GC(0) Skipped phase 1 of Reference Processing: no references
[2.112s][debug][gc,ref      ] GC(0) ReferenceProcessor::execute queues: 3, RefProcThreadModel::Multi, marks_oops_alive: false
[2.112s][debug][gc,ref      ] GC(0) Skipped phase 3 of Reference Processing: no references
[2.112s][debug][gc,ref      ] GC(0) ReferenceProcessor::execute queues: 1, RefProcThreadModel::Single, marks_oops_alive: false
[2.113s][debug][gc,phases   ] GC(0) Reference Processing 0.475ms
[2.113s][debug][gc,phases   ] GC(0)   VM Weak                        Min:  0.0, Avg:  0.0, Max:  0.0, Diff:  0.0, Sum:  0.0, Workers: 4
[2.113s][debug][gc,phases   ] GC(0)     Dead                           Min: 0, Avg:  0.0, Max: 0, Diff: 0, Sum: 0, Workers: 4
[2.113s][debug][gc,phases   ] GC(0)     Total                          Min: 0, Avg: 58.0, Max: 128, Diff: 128, Sum: 232, Workers: 4
[2.113s][debug][gc,phases   ] GC(0)   ObjectSynchronizer Weak        Min:  0.0, Avg:  0.0, Max:  0.0, Diff:  0.0, Sum:  0.0, Workers: 4
[2.113s][debug][gc,phases   ] GC(0)     Dead                           Min: 0, Avg:  0.5, Max: 2, Diff: 2, Sum: 2, Workers: 4
[2.113s][debug][gc,phases   ] GC(0)     Total                          Min: 0, Avg:  1.5, Max: 6, Diff: 6, Sum: 6, Workers: 4
[2.113s][debug][gc,phases   ] GC(0)   JVMTI Tag Weak OopStorage      Min:  0.0, Avg:  0.0, Max:  0.0, Diff:  0.0, Sum:  0.0, Workers: 4
[2.113s][debug][gc,phases   ] GC(0)     Dead                           Min: 0, Avg:  0.0, Max: 0, Diff: 0, Sum: 0, Workers: 4
[2.113s][debug][gc,phases   ] GC(0)     Total                          Min: 0, Avg:  0.0, Max: 0, Diff: 0, Sum: 0, Workers: 4
[2.113s][debug][gc,phases   ] GC(0)   StringTable Weak               Min:  0.1, Avg:  0.1, Max:  0.1, Diff:  0.0, Sum:  0.5, Workers: 4
[2.113s][debug][gc,phases   ] GC(0)     Dead                           Min: 0, Avg:  6.5, Max: 18, Diff: 18, Sum: 26, Workers: 4
[2.113s][debug][gc,phases   ] GC(0)     Total                          Min: 3008, Avg: 3270.5, Max: 3482, Diff: 474, Sum: 13082, Workers: 4
[2.113s][debug][gc,phases   ] GC(0)   ResolvedMethodTable Weak       Min:  0.0, Avg:  0.0, Max:  0.0, Diff:  0.0, Sum:  0.1, Workers: 4
[2.113s][debug][gc,phases   ] GC(0)     Dead                           Min: 7, Avg: 20.5, Max: 32, Diff: 25, Sum: 82, Workers: 4
[2.113s][debug][gc,phases   ] GC(0)     Total                          Min: 259, Avg: 320.8, Max: 384, Diff: 125, Sum: 1283, Workers: 4
[2.113s][debug][gc,phases   ] GC(0)   JNI Weak                       Min:  0.0, Avg:  0.0, Max:  0.0, Diff:  0.0, Sum:  0.0, Workers: 4
[2.113s][debug][gc,phases   ] GC(0)     Dead                           Min: 0, Avg:  0.0, Max: 0, Diff: 0, Sum: 0, Workers: 4
[2.113s][debug][gc,phases   ] GC(0)     Total                          Min: 0, Avg: 11.2, Max: 45, Diff: 45, Sum: 45, Workers: 4
[2.113s][debug][gc,phases   ] GC(0)   StringDedup Table Weak         Min:  0.0, Avg:  0.0, Max:  0.0, Diff:  0.0, Sum:  0.0, Workers: 4
[2.113s][debug][gc,phases   ] GC(0)     Dead                           Min: 0, Avg:  0.0, Max: 0, Diff: 0, Sum: 0, Workers: 4
[2.113s][debug][gc,phases   ] GC(0)     Total                          Min: 0, Avg:  0.0, Max: 0, Diff: 0, Sum: 0, Workers: 4
[2.113s][debug][gc,phases   ] GC(0)   StringDedup Requests0 Weak     Min:  0.0, Avg:  0.0, Max:  0.0, Diff:  0.0, Sum:  0.0, Workers: 4
[2.113s][debug][gc,phases   ] GC(0)     Dead                           Min: 0, Avg:  0.0, Max: 0, Diff: 0, Sum: 0, Workers: 4
[2.113s][debug][gc,phases   ] GC(0)     Total                          Min: 0, Avg:  0.0, Max: 0, Diff: 0, Sum: 0, Workers: 4
[2.113s][debug][gc,phases   ] GC(0)   StringDedup Requests1 Weak     Min:  0.0, Avg:  0.0, Max:  0.0, Diff:  0.0, Sum:  0.0, Workers: 4
[2.113s][debug][gc,phases   ] GC(0)     Dead                           Min: 0, Avg:  0.0, Max: 0, Diff: 0, Sum: 0, Workers: 4
[2.113s][debug][gc,phases   ] GC(0)     Total                          Min: 0, Avg:  0.0, Max: 0, Diff: 0, Sum: 0, Workers: 4
[2.113s][debug][gc,phases   ] GC(0)   Weak JFR Old Object Samples    Min:  0.0, Avg:  0.0, Max:  0.0, Diff:  0.0, Sum:  0.0, Workers: 4
[2.113s][debug][gc,phases   ] GC(0)     Dead                           Min: 0, Avg:  0.0, Max: 0, Diff: 0, Sum: 0, Workers: 4
[2.113s][debug][gc,phases   ] GC(0)     Total                          Min: 0, Avg:  0.0, Max: 0, Diff: 0, Sum: 0, Workers: 4
[2.113s][debug][gc,phases   ] GC(0) Weak Processing 0.346ms
[2.113s][debug][gc,age      ] GC(0) Desired survivor size 536870912 bytes, new threshold 7 (max threshold 15)
[2.113s][info ][gc,heap     ] GC(0) PSYoungGen: 251663K(1572864K)->31534K(1572864K) Eden: 251663K(1048576K)->0K(1048576K) From: 0K(524288K)->31534K(524288K)
[2.113s][info ][gc,heap     ] GC(0) ParOldGen: 0K(6144K)->96K(6144K)
[2.113s][info ][gc,metaspace] GC(0) Metaspace: 21234K(21504K)->21234K(21504K) NonClass: 18730K(18880K)->18730K(18880K) Class: 2503K(2624K)->2503K(2624K)
[2.113s][info ][gc          ] GC(0) Pause Young (Metadata GC Threshold) 245M->30M(1542M) 16.534ms
[2.113s][info ][gc,cpu      ] GC(0) User=0.05s Sys=0.00s Real=0.01s
[2.113s][debug][gc,phases   ] GC(1) Pre Compact 0.013ms
[2.113s][info ][gc,start    ] GC(1) Pause Full (Metadata GC Threshold)
[2.113s][info ][gc,phases,start] GC(1) Marking Phase
[2.120s][debug][gc,phases      ] GC(1) Par Mark 7.109ms
[2.120s][debug][gc,ref         ] GC(1) Skipped phase 1 of Reference Processing: no references
[2.120s][debug][gc,ref         ] GC(1) ReferenceProcessor::execute queues: 3, RefProcThreadModel::Multi, marks_oops_alive: false
[2.120s][debug][gc,ref         ] GC(1) Skipped phase 3 of Reference Processing: no references
[2.120s][debug][gc,ref         ] GC(1) ReferenceProcessor::execute queues: 1, RefProcThreadModel::Single, marks_oops_alive: false
[2.120s][debug][gc,phases      ] GC(1) Reference Processing 0.146ms
[2.124s][debug][gc,phases      ] GC(1)   VM Weak                        Min:  0.0, Avg:  0.0, Max:  0.0, Diff:  0.0, Sum:  0.0, Workers: 4
[2.124s][debug][gc,phases      ] GC(1)     Dead                           Min: 0, Avg:  0.0, Max: 0, Diff: 0, Sum: 0, Workers: 4
[2.124s][debug][gc,phases      ] GC(1)     Total                          Min: 0, Avg: 58.0, Max: 168, Diff: 168, Sum: 232, Workers: 4
[2.124s][debug][gc,phases      ] GC(1)   ObjectSynchronizer Weak        Min:  0.0, Avg:  0.0, Max:  0.0, Diff:  0.0, Sum:  0.0, Workers: 4
[2.124s][debug][gc,phases      ] GC(1)     Dead                           Min: 0, Avg:  0.0, Max: 0, Diff: 0, Sum: 0, Workers: 4
[2.124s][debug][gc,phases      ] GC(1)     Total                          Min: 0, Avg:  1.5, Max: 6, Diff: 6, Sum: 6, Workers: 4
[2.124s][debug][gc,phases      ] GC(1)   JVMTI Tag Weak OopStorage      Min:  0.0, Avg:  0.0, Max:  0.0, Diff:  0.0, Sum:  0.0, Workers: 4
[2.124s][debug][gc,phases      ] GC(1)     Dead                           Min: 0, Avg:  0.0, Max: 0, Diff: 0, Sum: 0, Workers: 4
[2.124s][debug][gc,phases      ] GC(1)     Total                          Min: 0, Avg:  0.0, Max: 0, Diff: 0, Sum: 0, Workers: 4
[2.124s][debug][gc,phases      ] GC(1)   StringTable Weak               Min:  0.0, Avg:  1.0, Max:  3.8, Diff:  3.8, Sum:  3.9, Workers: 4
[2.124s][debug][gc,phases      ] GC(1)     Dead                           Min: 0, Avg:  0.0, Max: 0, Diff: 0, Sum: 0, Workers: 4
[2.124s][debug][gc,phases      ] GC(1)     Total                          Min: 0, Avg: 3270.5, Max: 5402, Diff: 5402, Sum: 13082, Workers: 4
[2.124s][debug][gc,phases      ] GC(1)   ResolvedMethodTable Weak       Min:  0.0, Avg:  0.0, Max:  0.0, Diff:  0.0, Sum:  0.0, Workers: 4
[2.124s][debug][gc,phases      ] GC(1)     Dead                           Min: 0, Avg:  0.0, Max: 0, Diff: 0, Sum: 0, Workers: 4
[2.124s][debug][gc,phases      ] GC(1)     Total                          Min: 0, Avg: 320.8, Max: 643, Diff: 643, Sum: 1283, Workers: 4
[2.124s][debug][gc,phases      ] GC(1)   JNI Weak                       Min:  0.0, Avg:  0.0, Max:  0.0, Diff:  0.0, Sum:  0.0, Workers: 4
[2.124s][debug][gc,phases      ] GC(1)     Dead                           Min: 0, Avg:  0.0, Max: 0, Diff: 0, Sum: 0, Workers: 4
[2.124s][debug][gc,phases      ] GC(1)     Total                          Min: 0, Avg: 11.2, Max: 45, Diff: 45, Sum: 45, Workers: 4
[2.124s][debug][gc,phases      ] GC(1)   StringDedup Table Weak         Min:  0.0, Avg:  0.0, Max:  0.0, Diff:  0.0, Sum:  0.0, Workers: 4
[2.124s][debug][gc,phases      ] GC(1)     Dead                           Min: 0, Avg:  0.0, Max: 0, Diff: 0, Sum: 0, Workers: 4
[2.124s][debug][gc,phases      ] GC(1)     Total                          Min: 0, Avg:  0.0, Max: 0, Diff: 0, Sum: 0, Workers: 4
[2.124s][debug][gc,phases      ] GC(1)   StringDedup Requests0 Weak     Min:  0.0, Avg:  0.0, Max:  0.0, Diff:  0.0, Sum:  0.0, Workers: 4
[2.124s][debug][gc,phases      ] GC(1)     Dead                           Min: 0, Avg:  0.0, Max: 0, Diff: 0, Sum: 0, Workers: 4
[2.124s][debug][gc,phases      ] GC(1)     Total                          Min: 0, Avg:  0.0, Max: 0, Diff: 0, Sum: 0, Workers: 4
[2.124s][debug][gc,phases      ] GC(1)   StringDedup Requests1 Weak     Min:  0.0, Avg:  0.0, Max:  0.0, Diff:  0.0, Sum:  0.0, Workers: 4
[2.124s][debug][gc,phases      ] GC(1)     Dead                           Min: 0, Avg:  0.0, Max: 0, Diff: 0, Sum: 0, Workers: 4
[2.124s][debug][gc,phases      ] GC(1)     Total                          Min: 0, Avg:  0.0, Max: 0, Diff: 0, Sum: 0, Workers: 4
[2.124s][debug][gc,phases      ] GC(1)   Weak JFR Old Object Samples    Min:  0.0, Avg:  0.0, Max:  0.0, Diff:  0.0, Sum:  0.0, Workers: 4
[2.124s][debug][gc,phases      ] GC(1)     Dead                           Min: 0, Avg:  0.0, Max: 0, Diff: 0, Sum: 0, Workers: 4
[2.124s][debug][gc,phases      ] GC(1)     Total                          Min: 0, Avg:  0.0, Max: 0, Diff: 0, Sum: 0, Workers: 4
[2.124s][debug][gc,phases      ] GC(1) Weak Processing 4.035ms
[2.124s][debug][gc,phases      ] GC(1) ClassLoaderData 0.032ms
[2.124s][debug][gc,phases      ] GC(1) Trigger cleanups 0.000ms
[2.128s][debug][gc,phases      ] GC(1) Class Unloading 3.670ms
[2.128s][info ][gc,phases      ] GC(1) Marking Phase 15.066ms
[2.128s][info ][gc,phases,start] GC(1) Summary Phase
[2.128s][info ][gc,phases      ] GC(1) Summary Phase 0.011ms
[2.128s][info ][gc,phases,start] GC(1) Adjust Roots
[2.132s][info ][gc,phases      ] GC(1) Adjust Roots 4.388ms
[2.132s][info ][gc,phases,start] GC(1) Compaction Phase
[2.151s][info ][gc,phases      ] GC(1) Compaction Phase 18.905ms
[2.151s][info ][gc,phases,start] GC(1) Post Compact
[2.152s][info ][gc,phases      ] GC(1) Post Compact 1.055ms
[2.153s][info ][gc,heap        ] GC(1) PSYoungGen: 31534K(1572864K)->25656K(1572864K) Eden: 0K(1048576K)->0K(1048576K) From: 31534K(524288K)->25656K(524288K)
[2.153s][info ][gc,heap        ] GC(1) ParOldGen: 96K(6144K)->5784K(6144K)
[2.153s][info ][gc,metaspace   ] GC(1) Metaspace: 21234K(21504K)->21234K(21504K) NonClass: 18730K(18880K)->18730K(18880K) Class: 2503K(2624K)->2503K(2624K)
[2.153s][info ][gc             ] GC(1) Pause Full (Metadata GC Threshold) 30M->30M(1542M) 39.570ms
[2.153s][info ][gc,cpu         ] GC(1) User=0.10s Sys=0.00s Real=0.04s
[2.153s][info ][safepoint      ] Safepoint "CollectForMetadataAllocation", Time since last: 710857820 ns, Reaching safepoint: 166311 ns, At safepoint: 56234654 ns, Total: 56400965 ns
[2.295s][info ][safepoint      ] Safepoint "ICBufferFull", Time since last: 142760285 ns, Reaching safepoint: 143009 ns, At safepoint: 2501 ns, Total: 145510 ns
[2.408s][info ][safepoint      ] Safepoint "ICBufferFull", Time since last: 112003876 ns, Reaching safepoint: 186213 ns, At safepoint: 6100 ns, Total: 192313 ns
[2.611s][info ][safepoint      ] Safepoint "ICBufferFull", Time since last: 202928308 ns, Reaching safepoint: 229016 ns, At safepoint: 3600 ns, Total: 232616 ns
[2.770s][info ][safepoint      ] Safepoint "ICBufferFull", Time since last: 158539866 ns, Reaching safepoint: 205014 ns, At safepoint: 9000 ns, Total: 214014 ns
[3.191s][info ][safepoint      ] Safepoint "ICBufferFull", Time since last: 421718603 ns, Reaching safepoint: 163912 ns, At safepoint: 10400 ns, Total: 174312 ns
[3.299s][info ][safepoint      ] Safepoint "ICBufferFull", Time since last: 107027036 ns, Reaching safepoint: 138909 ns, At safepoint: 2400 ns, Total: 141309 ns
[3.469s][info ][safepoint      ] Safepoint "ICBufferFull", Time since last: 169944548 ns, Reaching safepoint: 176112 ns, At safepoint: 2700 ns, Total: 178812 ns
[3.628s][info ][safepoint      ] Safepoint "ICBufferFull", Time since last: 159122606 ns, Reaching safepoint: 215314 ns, At safepoint: 3301 ns, Total: 218615 ns
[3.872s][info ][safepoint      ] Safepoint "ICBufferFull", Time since last: 243276673 ns, Reaching safepoint: 160211 ns, At safepoint: 6800 ns, Total: 167011 ns
[4.103s][info ][safepoint      ] Safepoint "ICBufferFull", Time since last: 231173944 ns, Reaching safepoint: 168912 ns, At safepoint: 6000 ns, Total: 174912 ns
[4.325s][info ][gc,start       ] GC(2) Pause Young (Metadata GC Threshold)
[4.390s][debug][gc,phases      ] GC(2) Scavenge 64.671ms
[4.390s][debug][gc,ref         ] GC(2) Skipped phase 1 of Reference Processing: no references
[4.390s][debug][gc,ref         ] GC(2) ReferenceProcessor::execute queues: 4, RefProcThreadModel::Multi, marks_oops_alive: false
[4.390s][debug][gc,ref         ] GC(2) Skipped phase 3 of Reference Processing: no references
[4.390s][debug][gc,ref         ] GC(2) ReferenceProcessor::execute queues: 1, RefProcThreadModel::Single, marks_oops_alive: false
[4.391s][debug][gc,phases      ] GC(2) Reference Processing 0.474ms
[4.391s][debug][gc,phases      ] GC(2)   VM Weak                        Min:  0.0, Avg:  0.0, Max:  0.0, Diff:  0.0, Sum:  0.0, Workers: 4
[4.391s][debug][gc,phases      ] GC(2)     Dead                           Min: 0, Avg:  0.0, Max: 0, Diff: 0, Sum: 0, Workers: 4
[4.391s][debug][gc,phases      ] GC(2)     Total                          Min: 0, Avg: 88.5, Max: 192, Diff: 192, Sum: 354, Workers: 4
[4.391s][debug][gc,phases      ] GC(2)   ObjectSynchronizer Weak        Min:  0.0, Avg:  0.0, Max:  0.0, Diff:  0.0, Sum:  0.0, Workers: 4
[4.391s][debug][gc,phases      ] GC(2)     Dead                           Min: 0, Avg:  0.0, Max: 0, Diff: 0, Sum: 0, Workers: 4
[4.391s][debug][gc,phases      ] GC(2)     Total                          Min: 0, Avg:  1.5, Max: 6, Diff: 6, Sum: 6, Workers: 4
[4.391s][debug][gc,phases      ] GC(2)   JVMTI Tag Weak OopStorage      Min:  0.0, Avg:  0.0, Max:  0.0, Diff:  0.0, Sum:  0.0, Workers: 4
[4.391s][debug][gc,phases      ] GC(2)     Dead                           Min: 0, Avg:  0.0, Max: 0, Diff: 0, Sum: 0, Workers: 4
[4.391s][debug][gc,phases      ] GC(2)     Total                          Min: 0, Avg:  0.0, Max: 0, Diff: 0, Sum: 0, Workers: 4
[4.391s][debug][gc,phases      ] GC(2)   StringTable Weak               Min:  0.0, Avg:  0.3, Max:  0.4, Diff:  0.4, Sum:  1.1, Workers: 4
[4.391s][debug][gc,phases      ] GC(2)     Dead                           Min: 0, Avg:  2.2, Max: 4, Diff: 4, Sum: 9, Workers: 4
[4.391s][debug][gc,phases      ] GC(2)     Total                          Min: 0, Avg: 6533.5, Max: 9750, Diff: 9750, Sum: 26134, Workers: 4
[4.391s][debug][gc,phases      ] GC(2)   ResolvedMethodTable Weak       Min:  0.0, Avg:  0.0, Max:  0.0, Diff:  0.0, Sum:  0.1, Workers: 4
[4.391s][debug][gc,phases      ] GC(2)     Dead                           Min: 0, Avg: 14.2, Max: 47, Diff: 47, Sum: 57, Workers: 4
[4.391s][debug][gc,phases      ] GC(2)     Total                          Min: 0, Avg: 611.8, Max: 911, Diff: 911, Sum: 2447, Workers: 4
[4.391s][debug][gc,phases      ] GC(2)   JNI Weak                       Min:  0.0, Avg:  0.0, Max:  0.0, Diff:  0.0, Sum:  0.0, Workers: 4
[4.391s][debug][gc,phases      ] GC(2)     Dead                           Min: 0, Avg:  0.0, Max: 0, Diff: 0, Sum: 0, Workers: 4
[4.391s][debug][gc,phases      ] GC(2)     Total                          Min: 0, Avg: 11.2, Max: 45, Diff: 45, Sum: 45, Workers: 4
[4.391s][debug][gc,phases      ] GC(2)   StringDedup Table Weak         Min:  0.0, Avg:  0.0, Max:  0.0, Diff:  0.0, Sum:  0.0, Workers: 4
[4.391s][debug][gc,phases      ] GC(2)     Dead                           Min: 0, Avg:  0.0, Max: 0, Diff: 0, Sum: 0, Workers: 4
[4.391s][debug][gc,phases      ] GC(2)     Total                          Min: 0, Avg:  0.0, Max: 0, Diff: 0, Sum: 0, Workers: 4
[4.391s][debug][gc,phases      ] GC(2)   StringDedup Requests0 Weak     Min:  0.0, Avg:  0.0, Max:  0.0, Diff:  0.0, Sum:  0.0, Workers: 4
[4.391s][debug][gc,phases      ] GC(2)     Dead                           Min: 0, Avg:  0.0, Max: 0, Diff: 0, Sum: 0, Workers: 4
[4.391s][debug][gc,phases      ] GC(2)     Total                          Min: 0, Avg:  0.0, Max: 0, Diff: 0, Sum: 0, Workers: 4
[4.391s][debug][gc,phases      ] GC(2)   StringDedup Requests1 Weak     Min:  0.0, Avg:  0.0, Max:  0.0, Diff:  0.0, Sum:  0.0, Workers: 4
[4.391s][debug][gc,phases      ] GC(2)     Dead                           Min: 0, Avg:  0.0, Max: 0, Diff: 0, Sum: 0, Workers: 4
[4.391s][debug][gc,phases      ] GC(2)     Total                          Min: 0, Avg:  0.0, Max: 0, Diff: 0, Sum: 0, Workers: 4
[4.391s][debug][gc,phases      ] GC(2)   Weak JFR Old Object Samples    Min:  0.0, Avg:  0.0, Max:  0.0, Diff:  0.0, Sum:  0.0, Workers: 4
[4.391s][debug][gc,phases      ] GC(2)     Dead                           Min: 0, Avg:  0.0, Max: 0, Diff: 0, Sum: 0, Workers: 4
[4.391s][debug][gc,phases      ] GC(2)     Total                          Min: 0, Avg:  0.0, Max: 0, Diff: 0, Sum: 0, Workers: 4
[4.391s][debug][gc,phases      ] GC(2) Weak Processing 0.596ms
[4.391s][debug][gc,age         ] GC(2) Desired survivor size 536870912 bytes, new threshold 7 (max threshold 15)
[4.391s][info ][gc,heap        ] GC(2) PSYoungGen: 549945K(1572864K)->82450K(1572864K) Eden: 524288K(1048576K)->0K(1048576K) From: 25656K(524288K)->82450K(524288K)
[4.391s][info ][gc,heap        ] GC(2) ParOldGen: 5784K(6144K)->5792K(6144K)
[4.391s][info ][gc,metaspace   ] GC(2) Metaspace: 35338K(35840K)->35338K(35840K) NonClass: 30709K(30976K)->30709K(30976K) Class: 4628K(4864K)->4628K(4864K)
[4.391s][info ][gc             ] GC(2) Pause Young (Metadata GC Threshold) 542M->86M(1542M) 65.881ms
[4.391s][info ][gc,cpu         ] GC(2) User=0.16s Sys=0.02s Real=0.07s
[4.391s][debug][gc,phases      ] GC(3) Pre Compact 0.010ms
[4.391s][info ][gc,start       ] GC(3) Pause Full (Metadata GC Threshold)
[4.391s][info ][gc,phases,start] GC(3) Marking Phase
[4.428s][debug][gc,phases      ] GC(3) Par Mark 36.846ms
[4.428s][debug][gc,ref         ] GC(3) Skipped phase 1 of Reference Processing: no references
[4.428s][debug][gc,ref         ] GC(3) ReferenceProcessor::execute queues: 4, RefProcThreadModel::Multi, marks_oops_alive: false
[4.428s][debug][gc,ref         ] GC(3) Skipped phase 3 of Reference Processing: no references
[4.429s][debug][gc,ref         ] GC(3) ReferenceProcessor::execute queues: 1, RefProcThreadModel::Single, marks_oops_alive: false
[4.429s][debug][gc,phases      ] GC(3) Reference Processing 0.322ms
[4.429s][debug][gc,phases      ] GC(3)   VM Weak                        Min:  0.0, Avg:  0.0, Max:  0.0, Diff:  0.0, Sum:  0.0, Workers: 4
[4.429s][debug][gc,phases      ] GC(3)     Dead                           Min: 0, Avg:  0.0, Max: 0, Diff: 0, Sum: 0, Workers: 4
[4.429s][debug][gc,phases      ] GC(3)     Total                          Min: 0, Avg: 88.5, Max: 226, Diff: 226, Sum: 354, Workers: 4
[4.429s][debug][gc,phases      ] GC(3)   ObjectSynchronizer Weak        Min:  0.0, Avg:  0.0, Max:  0.0, Diff:  0.0, Sum:  0.0, Workers: 4
[4.429s][debug][gc,phases      ] GC(3)     Dead                           Min: 0, Avg:  0.0, Max: 0, Diff: 0, Sum: 0, Workers: 4
[4.429s][debug][gc,phases      ] GC(3)     Total                          Min: 0, Avg:  1.5, Max: 6, Diff: 6, Sum: 6, Workers: 4
[4.429s][debug][gc,phases      ] GC(3)   JVMTI Tag Weak OopStorage      Min:  0.0, Avg:  0.0, Max:  0.0, Diff:  0.0, Sum:  0.0, Workers: 4
[4.429s][debug][gc,phases      ] GC(3)     Dead                           Min: 0, Avg:  0.0, Max: 0, Diff: 0, Sum: 0, Workers: 4
[4.429s][debug][gc,phases      ] GC(3)     Total                          Min: 0, Avg:  0.0, Max: 0, Diff: 0, Sum: 0, Workers: 4
[4.429s][debug][gc,phases      ] GC(3)   StringTable Weak               Min:  0.0, Avg:  0.1, Max:  0.1, Diff:  0.1, Sum:  0.4, Workers: 4
[4.429s][debug][gc,phases      ] GC(3)     Dead                           Min: 0, Avg:  0.0, Max: 0, Diff: 0, Sum: 0, Workers: 4
[4.429s][debug][gc,phases      ] GC(3)     Total                          Min: 0, Avg: 6533.5, Max: 8896, Diff: 8896, Sum: 26134, Workers: 4
[4.429s][debug][gc,phases      ] GC(3)   ResolvedMethodTable Weak       Min:  0.0, Avg:  0.0, Max:  0.0, Diff:  0.0, Sum:  0.0, Workers: 4
[4.429s][debug][gc,phases      ] GC(3)     Dead                           Min: 0, Avg:  0.0, Max: 0, Diff: 0, Sum: 0, Workers: 4
[4.429s][debug][gc,phases      ] GC(3)     Total                          Min: 0, Avg: 611.8, Max: 847, Diff: 847, Sum: 2447, Workers: 4
[4.429s][debug][gc,phases      ] GC(3)   JNI Weak                       Min:  0.0, Avg:  0.0, Max:  0.0, Diff:  0.0, Sum:  0.0, Workers: 4
[4.429s][debug][gc,phases      ] GC(3)     Dead                           Min: 0, Avg:  0.0, Max: 0, Diff: 0, Sum: 0, Workers: 4
[4.429s][debug][gc,phases      ] GC(3)     Total                          Min: 0, Avg: 11.2, Max: 45, Diff: 45, Sum: 45, Workers: 4
[4.429s][debug][gc,phases      ] GC(3)   StringDedup Table Weak         Min:  0.0, Avg:  0.0, Max:  0.0, Diff:  0.0, Sum:  0.0, Workers: 4
[4.429s][debug][gc,phases      ] GC(3)     Dead                           Min: 0, Avg:  0.0, Max: 0, Diff: 0, Sum: 0, Workers: 4
[4.429s][debug][gc,phases      ] GC(3)     Total                          Min: 0, Avg:  0.0, Max: 0, Diff: 0, Sum: 0, Workers: 4
[4.429s][debug][gc,phases      ] GC(3)   StringDedup Requests0 Weak     Min:  0.0, Avg:  0.0, Max:  0.0, Diff:  0.0, Sum:  0.0, Workers: 4
[4.429s][debug][gc,phases      ] GC(3)     Dead                           Min: 0, Avg:  0.0, Max: 0, Diff: 0, Sum: 0, Workers: 4
[4.429s][debug][gc,phases      ] GC(3)     Total                          Min: 0, Avg:  0.0, Max: 0, Diff: 0, Sum: 0, Workers: 4
[4.429s][debug][gc,phases      ] GC(3)   StringDedup Requests1 Weak     Min:  0.0, Avg:  0.0, Max:  0.0, Diff:  0.0, Sum:  0.0, Workers: 4
[4.429s][debug][gc,phases      ] GC(3)     Dead                           Min: 0, Avg:  0.0, Max: 0, Diff: 0, Sum: 0, Workers: 4
[4.429s][debug][gc,phases      ] GC(3)     Total                          Min: 0, Avg:  0.0, Max: 0, Diff: 0, Sum: 0, Workers: 4
[4.429s][debug][gc,phases      ] GC(3)   Weak JFR Old Object Samples    Min:  0.0, Avg:  0.0, Max:  0.0, Diff:  0.0, Sum:  0.0, Workers: 4
[4.429s][debug][gc,phases      ] GC(3)     Dead                           Min: 0, Avg:  0.0, Max: 0, Diff: 0, Sum: 0, Workers: 4
[4.429s][debug][gc,phases      ] GC(3)     Total                          Min: 0, Avg:  0.0, Max: 0, Diff: 0, Sum: 0, Workers: 4
[4.429s][debug][gc,phases      ] GC(3) Weak Processing 0.316ms
[4.429s][debug][gc,phases      ] GC(3) ClassLoaderData 0.048ms
[4.429s][debug][gc,phases      ] GC(3) Trigger cleanups 0.000ms
[4.435s][debug][gc,phases      ] GC(3) Class Unloading 6.408ms
[4.435s][info ][gc,phases      ] GC(3) Marking Phase 44.043ms
[4.435s][info ][gc,phases,start] GC(3) Summary Phase
[4.435s][info ][gc,phases      ] GC(3) Summary Phase 0.008ms
[4.435s][info ][gc,phases,start] GC(3) Adjust Roots
[4.443s][info ][gc,phases      ] GC(3) Adjust Roots 7.446ms
[4.443s][info ][gc,phases,start] GC(3) Compaction Phase
[4.815s][info ][gc,phases      ] GC(3) Compaction Phase 371.822ms
[4.815s][info ][gc,phases,start] GC(3) Post Compact
[4.816s][info ][gc,phases      ] GC(3) Post Compact 1.262ms
[4.816s][info ][gc,heap        ] GC(3) PSYoungGen: 82450K(1572864K)->82244K(1572864K) Eden: 0K(1048576K)->0K(1048576K) From: 82450K(524288K)->82244K(524288K)
[4.816s][info ][gc,heap        ] GC(3) ParOldGen: 5792K(6144K)->5711K(6144K)
[4.816s][info ][gc,metaspace   ] GC(3) Metaspace: 35338K(35840K)->35338K(35840K) NonClass: 30709K(30976K)->30709K(30976K) Class: 4628K(4864K)->4628K(4864K)
[4.816s][info ][gc             ] GC(3) Pause Full (Metadata GC Threshold) 86M->85M(1542M) 424.726ms
[4.816s][info ][gc,cpu         ] GC(3) User=0.89s Sys=0.02s Real=0.42s
[4.816s][info ][safepoint      ] Safepoint "CollectForMetadataAllocation", Time since last: 222196829 ns, Reaching safepoint: 180012 ns, At safepoint: 490733433 ns, Total: 490913445 ns
[5.377s][info ][safepoint      ] Safepoint "ICBufferFull", Time since last: 560590221 ns, Reaching safepoint: 189513 ns, At safepoint: 2200 ns, Total: 191713 ns
[5.955s][info ][safepoint      ] Safepoint "ICBufferFull", Time since last: 578214229 ns, Reaching safepoint: 182312 ns, At safepoint: 2800 ns, Total: 185112 ns
[6.100s][info ][safepoint      ] Safepoint "ICBufferFull", Time since last: 144461801 ns, Reaching safepoint: 152011 ns, At safepoint: 1700 ns, Total: 153711 ns
[6.258s][info ][safepoint      ] Safepoint "ICBufferFull", Time since last: 158089135 ns, Reaching safepoint: 161611 ns, At safepoint: 3000 ns, Total: 164611 ns
[6.453s][info ][safepoint      ] Safepoint "ICBufferFull", Time since last: 194763148 ns, Reaching safepoint: 154911 ns, At safepoint: 9000 ns, Total: 163911 ns
[6.723s][info ][safepoint      ] Safepoint "ICBufferFull", Time since last: 269447067 ns, Reaching safepoint: 164812 ns, At safepoint: 6900 ns, Total: 171712 ns
[6.900s][info ][safepoint      ] Safepoint "ICBufferFull", Time since last: 177091337 ns, Reaching safepoint: 268619 ns, At safepoint: 7500 ns, Total: 276119 ns
[6.900s][info ][safepoint      ] Safepoint "ICBufferFull", Time since last: 47203 ns, Reaching safepoint: 72605 ns, At safepoint: 9701 ns, Total: 82306 ns
[6.993s][info ][safepoint      ] Safepoint "ICBufferFull", Time since last: 93100681 ns, Reaching safepoint: 258118 ns, At safepoint: 12600 ns, Total: 270718 ns
[7.211s][info ][safepoint      ] Safepoint "ICBufferFull", Time since last: 217406901 ns, Reaching safepoint: 147210 ns, At safepoint: 4200 ns, Total: 151410 ns
[8.041s][info ][safepoint      ] Safepoint "ICBufferFull", Time since last: 829587257 ns, Reaching safepoint: 180312 ns, At safepoint: 6601 ns, Total: 186913 ns
[8.154s][info ][gc,start       ] GC(4) Pause Young (Metadata GC Threshold)
[8.232s][debug][gc,phases      ] GC(4) Scavenge 77.819ms
[8.232s][debug][gc,ref         ] GC(4) Skipped phase 1 of Reference Processing: no references
[8.232s][debug][gc,ref         ] GC(4) ReferenceProcessor::execute queues: 4, RefProcThreadModel::Multi, marks_oops_alive: false
[8.233s][debug][gc,ref         ] GC(4) Skipped phase 3 of Reference Processing: no references
[8.233s][debug][gc,ref         ] GC(4) ReferenceProcessor::execute queues: 4, RefProcThreadModel::Multi, marks_oops_alive: false
[8.233s][debug][gc,phases      ] GC(4) Reference Processing 0.866ms
[8.234s][debug][gc,phases      ] GC(4)   VM Weak                        Min:  0.0, Avg:  0.0, Max:  0.0, Diff:  0.0, Sum:  0.0, Workers: 4
[8.234s][debug][gc,phases      ] GC(4)     Dead                           Min: 0, Avg:  0.0, Max: 0, Diff: 0, Sum: 0, Workers: 4
[8.234s][debug][gc,phases      ] GC(4)     Total                          Min: 0, Avg: 133.5, Max: 256, Diff: 256, Sum: 534, Workers: 4
[8.234s][debug][gc,phases      ] GC(4)   ObjectSynchronizer Weak        Min:  0.0, Avg:  0.0, Max:  0.0, Diff:  0.0, Sum:  0.0, Workers: 4
[8.234s][debug][gc,phases      ] GC(4)     Dead                           Min: 0, Avg:  0.5, Max: 2, Diff: 2, Sum: 2, Workers: 4
[8.234s][debug][gc,phases      ] GC(4)     Total                          Min: 0, Avg:  3.8, Max: 15, Diff: 15, Sum: 15, Workers: 4
[8.234s][debug][gc,phases      ] GC(4)   JVMTI Tag Weak OopStorage      Min:  0.0, Avg:  0.0, Max:  0.0, Diff:  0.0, Sum:  0.0, Workers: 4
[8.234s][debug][gc,phases      ] GC(4)     Dead                           Min: 0, Avg:  0.0, Max: 0, Diff: 0, Sum: 0, Workers: 4
[8.234s][debug][gc,phases      ] GC(4)     Total                          Min: 0, Avg:  0.0, Max: 0, Diff: 0, Sum: 0, Workers: 4
[8.234s][debug][gc,phases      ] GC(4)   StringTable Weak               Min:  0.0, Avg:  0.3, Max:  0.4, Diff:  0.4, Sum:  1.3, Workers: 4
[8.234s][debug][gc,phases      ] GC(4)     Dead                           Min: 0, Avg:  5.8, Max: 10, Diff: 10, Sum: 23, Workers: 4
[8.234s][debug][gc,phases      ] GC(4)     Total                          Min: 0, Avg: 9033.5, Max: 12800, Diff: 12800, Sum: 36134, Workers: 4
[8.234s][debug][gc,phases      ] GC(4)   ResolvedMethodTable Weak       Min:  0.0, Avg:  0.1, Max:  0.1, Diff:  0.1, Sum:  0.3, Workers: 4
[8.234s][debug][gc,phases      ] GC(4)     Dead                           Min: 0, Avg: 88.2, Max: 223, Diff: 223, Sum: 353, Workers: 4
[8.234s][debug][gc,phases      ] GC(4)     Total                          Min: 0, Avg: 1714.5, Max: 2368, Diff: 2368, Sum: 6858, Workers: 4
[8.234s][debug][gc,phases      ] GC(4)   JNI Weak                       Min:  0.0, Avg:  0.0, Max:  0.0, Diff:  0.0, Sum:  0.0, Workers: 4
[8.234s][debug][gc,phases      ] GC(4)     Dead                           Min: 0, Avg:  0.0, Max: 0, Diff: 0, Sum: 0, Workers: 4
[8.234s][debug][gc,phases      ] GC(4)     Total                          Min: 0, Avg: 11.2, Max: 45, Diff: 45, Sum: 45, Workers: 4
[8.234s][debug][gc,phases      ] GC(4)   StringDedup Table Weak         Min:  0.0, Avg:  0.0, Max:  0.0, Diff:  0.0, Sum:  0.0, Workers: 4
[8.234s][debug][gc,phases      ] GC(4)     Dead                           Min: 0, Avg:  0.0, Max: 0, Diff: 0, Sum: 0, Workers: 4
[8.234s][debug][gc,phases      ] GC(4)     Total                          Min: 0, Avg:  0.0, Max: 0, Diff: 0, Sum: 0, Workers: 4
[8.234s][debug][gc,phases      ] GC(4)   StringDedup Requests0 Weak     Min:  0.0, Avg:  0.0, Max:  0.0, Diff:  0.0, Sum:  0.0, Workers: 4
[8.234s][debug][gc,phases      ] GC(4)     Dead                           Min: 0, Avg:  0.0, Max: 0, Diff: 0, Sum: 0, Workers: 4
[8.234s][debug][gc,phases      ] GC(4)     Total                          Min: 0, Avg:  0.0, Max: 0, Diff: 0, Sum: 0, Workers: 4
[8.234s][debug][gc,phases      ] GC(4)   StringDedup Requests1 Weak     Min:  0.0, Avg:  0.0, Max:  0.0, Diff:  0.0, Sum:  0.0, Workers: 4
[8.234s][debug][gc,phases      ] GC(4)     Dead                           Min: 0, Avg:  0.0, Max: 0, Diff: 0, Sum: 0, Workers: 4
[8.234s][debug][gc,phases      ] GC(4)     Total                          Min: 0, Avg:  0.0, Max: 0, Diff: 0, Sum: 0, Workers: 4
[8.234s][debug][gc,phases      ] GC(4)   Weak JFR Old Object Samples    Min:  0.0, Avg:  0.0, Max:  0.0, Diff:  0.0, Sum:  0.0, Workers: 4
[8.234s][debug][gc,phases      ] GC(4)     Dead                           Min: 0, Avg:  0.0, Max: 0, Diff: 0, Sum: 0, Workers: 4
[8.234s][debug][gc,phases      ] GC(4)     Total                          Min: 0, Avg:  0.0, Max: 0, Diff: 0, Sum: 0, Workers: 4
[8.234s][debug][gc,phases      ] GC(4) Weak Processing 0.807ms
[8.234s][debug][gc,age         ] GC(4) Desired survivor size 536870912 bytes, new threshold 7 (max threshold 15)
[8.234s][info ][gc,heap        ] GC(4) PSYoungGen: 909281K(1572864K)->116775K(1572864K) Eden: 827037K(1048576K)->0K(1048576K) From: 82244K(524288K)->116775K(524288K)
[8.234s][info ][gc,heap        ] GC(4) ParOldGen: 5711K(6144K)->5744K(6144K)
[8.234s][info ][gc,metaspace   ] GC(4) Metaspace: 59123K(59776K)->59123K(59776K) NonClass: 50206K(50560K)->50206K(50560K) Class: 8916K(9216K)->8916K(9216K)
[8.234s][info ][gc             ] GC(4) Pause Young (Metadata GC Threshold) 893M->119M(1542M) 79.635ms
[8.234s][info ][gc,cpu         ] GC(4) User=0.22s Sys=0.04s Real=0.08s
[8.234s][debug][gc,phases      ] GC(5) Pre Compact 0.013ms
[8.234s][info ][gc,start       ] GC(5) Pause Full (Metadata GC Threshold)
[8.234s][info ][gc,phases,start] GC(5) Marking Phase
[8.289s][debug][gc,phases      ] GC(5) Par Mark 55.158ms
[8.289s][debug][gc,ref         ] GC(5) Skipped phase 1 of Reference Processing: no references
[8.290s][debug][gc,ref         ] GC(5) ReferenceProcessor::execute queues: 4, RefProcThreadModel::Multi, marks_oops_alive: false
[8.290s][debug][gc,ref         ] GC(5) Skipped phase 3 of Reference Processing: no references
[8.290s][debug][gc,ref         ] GC(5) ReferenceProcessor::execute queues: 1, RefProcThreadModel::Single, marks_oops_alive: false
[8.290s][debug][gc,phases      ] GC(5) Reference Processing 0.752ms
[8.290s][debug][gc,phases      ] GC(5)   VM Weak                        Min:  0.0, Avg:  0.0, Max:  0.0, Diff:  0.0, Sum:  0.0, Workers: 4
[8.290s][debug][gc,phases      ] GC(5)     Dead                           Min: 0, Avg:  0.0, Max: 0, Diff: 0, Sum: 0, Workers: 4
[8.290s][debug][gc,phases      ] GC(5)     Total                          Min: 0, Avg: 133.5, Max: 342, Diff: 342, Sum: 534, Workers: 4
[8.290s][debug][gc,phases      ] GC(5)   ObjectSynchronizer Weak        Min:  0.0, Avg:  0.0, Max:  0.0, Diff:  0.0, Sum:  0.0, Workers: 4
[8.290s][debug][gc,phases      ] GC(5)     Dead                           Min: 0, Avg:  0.0, Max: 0, Diff: 0, Sum: 0, Workers: 4
[8.290s][debug][gc,phases      ] GC(5)     Total                          Min: 0, Avg:  3.8, Max: 15, Diff: 15, Sum: 15, Workers: 4
[8.290s][debug][gc,phases      ] GC(5)   JVMTI Tag Weak OopStorage      Min:  0.0, Avg:  0.0, Max:  0.0, Diff:  0.0, Sum:  0.0, Workers: 4
[8.290s][debug][gc,phases      ] GC(5)     Dead                           Min: 0, Avg:  0.0, Max: 0, Diff: 0, Sum: 0, Workers: 4
[8.290s][debug][gc,phases      ] GC(5)     Total                          Min: 0, Avg:  0.0, Max: 0, Diff: 0, Sum: 0, Workers: 4
[8.290s][debug][gc,phases      ] GC(5)   StringTable Weak               Min:  0.0, Avg:  0.1, Max:  0.2, Diff:  0.2, Sum:  0.5, Workers: 4
[8.290s][debug][gc,phases      ] GC(5)     Dead                           Min: 0, Avg:  0.0, Max: 0, Diff: 0, Sum: 0, Workers: 4
[8.290s][debug][gc,phases      ] GC(5)     Total                          Min: 0, Avg: 9033.5, Max: 12736, Diff: 12736, Sum: 36134, Workers: 4
[8.290s][debug][gc,phases      ] GC(5)   ResolvedMethodTable Weak       Min:  0.0, Avg:  0.0, Max:  0.0, Diff:  0.0, Sum:  0.1, Workers: 4
[8.291s][debug][gc,phases      ] GC(5)     Dead                           Min: 0, Avg:  0.2, Max: 1, Diff: 1, Sum: 1, Workers: 4
[8.291s][debug][gc,phases      ] GC(5)     Total                          Min: 0, Avg: 1714.5, Max: 2496, Diff: 2496, Sum: 6858, Workers: 4
[8.291s][debug][gc,phases      ] GC(5)   JNI Weak                       Min:  0.0, Avg:  0.0, Max:  0.0, Diff:  0.0, Sum:  0.0, Workers: 4
[8.291s][debug][gc,phases      ] GC(5)     Dead                           Min: 0, Avg:  0.0, Max: 0, Diff: 0, Sum: 0, Workers: 4
[8.291s][debug][gc,phases      ] GC(5)     Total                          Min: 0, Avg: 11.2, Max: 45, Diff: 45, Sum: 45, Workers: 4
[8.291s][debug][gc,phases      ] GC(5)   StringDedup Table Weak         Min:  0.0, Avg:  0.0, Max:  0.0, Diff:  0.0, Sum:  0.0, Workers: 4
[8.291s][debug][gc,phases      ] GC(5)     Dead                           Min: 0, Avg:  0.0, Max: 0, Diff: 0, Sum: 0, Workers: 4
[8.291s][debug][gc,phases      ] GC(5)     Total                          Min: 0, Avg:  0.0, Max: 0, Diff: 0, Sum: 0, Workers: 4
[8.291s][debug][gc,phases      ] GC(5)   StringDedup Requests0 Weak     Min:  0.0, Avg:  0.0, Max:  0.0, Diff:  0.0, Sum:  0.0, Workers: 4
[8.291s][debug][gc,phases      ] GC(5)     Dead                           Min: 0, Avg:  0.0, Max: 0, Diff: 0, Sum: 0, Workers: 4
[8.291s][debug][gc,phases      ] GC(5)     Total                          Min: 0, Avg:  0.0, Max: 0, Diff: 0, Sum: 0, Workers: 4
[8.291s][debug][gc,phases      ] GC(5)   StringDedup Requests1 Weak     Min:  0.0, Avg:  0.0, Max:  0.0, Diff:  0.0, Sum:  0.0, Workers: 4
[8.291s][debug][gc,phases      ] GC(5)     Dead                           Min: 0, Avg:  0.0, Max: 0, Diff: 0, Sum: 0, Workers: 4
[8.291s][debug][gc,phases      ] GC(5)     Total                          Min: 0, Avg:  0.0, Max: 0, Diff: 0, Sum: 0, Workers: 4
[8.291s][debug][gc,phases      ] GC(5)   Weak JFR Old Object Samples    Min:  0.0, Avg:  0.0, Max:  0.0, Diff:  0.0, Sum:  0.0, Workers: 4
[8.291s][debug][gc,phases      ] GC(5)     Dead                           Min: 0, Avg:  0.0, Max: 0, Diff: 0, Sum: 0, Workers: 4
[8.291s][debug][gc,phases      ] GC(5)     Total                          Min: 0, Avg:  0.0, Max: 0, Diff: 0, Sum: 0, Workers: 4
[8.291s][debug][gc,phases      ] GC(5) Weak Processing 0.393ms
[8.291s][debug][gc,phases      ] GC(5) ClassLoaderData 0.067ms
[8.291s][debug][gc,phases      ] GC(5) Trigger cleanups 0.000ms
[8.299s][debug][gc,phases      ] GC(5) Class Unloading 8.887ms
[8.300s][info ][gc,phases      ] GC(5) Marking Phase 65.353ms
[8.300s][info ][gc,phases,start] GC(5) Summary Phase
[8.300s][info ][gc,phases      ] GC(5) Summary Phase 0.008ms
[8.300s][info ][gc,phases,start] GC(5) Adjust Roots
[8.312s][info ][gc,phases      ] GC(5) Adjust Roots 11.987ms
[8.312s][info ][gc,phases,start] GC(5) Compaction Phase
[8.874s][info ][gc,phases      ] GC(5) Compaction Phase 562.298ms
[8.874s][info ][gc,phases,start] GC(5) Post Compact
[8.876s][info ][gc,phases      ] GC(5) Post Compact 2.024ms
[8.876s][info ][gc,heap        ] GC(5) PSYoungGen: 116775K(1572864K)->116450K(1572864K) Eden: 0K(1048576K)->0K(1048576K) From: 116775K(524288K)->116450K(524288K)
[8.876s][info ][gc,heap        ] GC(5) ParOldGen: 5744K(6144K)->5721K(6144K)
[8.876s][info ][gc,metaspace   ] GC(5) Metaspace: 59123K(59776K)->59123K(59776K) NonClass: 50206K(50560K)->50206K(50560K) Class: 8916K(9216K)->8916K(9216K)
[8.876s][info ][gc             ] GC(5) Pause Full (Metadata GC Threshold) 119M->119M(1542M) 641.856ms
[8.876s][info ][gc,cpu         ] GC(5) User=1.33s Sys=0.01s Real=0.64s
[8.876s][info ][safepoint      ] Safepoint "CollectForMetadataAllocation", Time since last: 113471877 ns, Reaching safepoint: 114708 ns, At safepoint: 721687348 ns, Total: 721802056 ns
[9.081s][info ][safepoint      ] Safepoint "ICBufferFull", Time since last: 205072451 ns, Reaching safepoint: 164111 ns, At safepoint: 5700 ns, Total: 169811 ns
[9.604s][info ][safepoint      ] Safepoint "ICBufferFull", Time since last: 522095271 ns, Reaching safepoint: 224916 ns, At safepoint: 8200 ns, Total: 233116 ns
[9.604s][info ][safepoint      ] Safepoint "ICBufferFull", Time since last: 67805 ns, Reaching safepoint: 97407 ns, At safepoint: 9500 ns, Total: 106907 ns
[9.860s][info ][safepoint      ] Safepoint "ICBufferFull", Time since last: 255464603 ns, Reaching safepoint: 226016 ns, At safepoint: 3900 ns, Total: 229916 ns
[10.121s][info ][safepoint      ] Safepoint "ICBufferFull", Time since last: 261272001 ns, Reaching safepoint: 220215 ns, At safepoint: 7701 ns, Total: 227916 ns
[10.715s][info ][safepoint      ] Safepoint "ICBufferFull", Time since last: 593932593 ns, Reaching safepoint: 168411 ns, At safepoint: 5600 ns, Total: 174011 ns
[10.899s][info ][gc,start       ] GC(6) Pause Young (Allocation Failure)
[11.319s][debug][gc,phases      ] GC(6) Scavenge 419.676ms
[11.319s][debug][gc,ref         ] GC(6) Skipped phase 1 of Reference Processing: no references
[11.319s][debug][gc,ref         ] GC(6) ReferenceProcessor::execute queues: 4, RefProcThreadModel::Multi, marks_oops_alive: false
[11.319s][debug][gc,ref         ] GC(6) Skipped phase 3 of Reference Processing: no references
[11.319s][debug][gc,ref         ] GC(6) ReferenceProcessor::execute queues: 1, RefProcThreadModel::Single, marks_oops_alive: false
[11.319s][debug][gc,phases      ] GC(6) Reference Processing 0.732ms
[11.320s][debug][gc,phases      ] GC(6)   VM Weak                        Min:  0.0, Avg:  0.0, Max:  0.0, Diff:  0.0, Sum:  0.0, Workers: 4
[11.320s][debug][gc,phases      ] GC(6)     Dead                           Min: 0, Avg:  0.0, Max: 0, Diff: 0, Sum: 0, Workers: 4
[11.320s][debug][gc,phases      ] GC(6)     Total                          Min: 28, Avg: 151.0, Max: 256, Diff: 228, Sum: 604, Workers: 4
[11.320s][debug][gc,phases      ] GC(6)   ObjectSynchronizer Weak        Min:  0.0, Avg:  0.0, Max:  0.0, Diff:  0.0, Sum:  0.0, Workers: 4
[11.320s][debug][gc,phases      ] GC(6)     Dead                           Min: 0, Avg:  0.0, Max: 0, Diff: 0, Sum: 0, Workers: 4
[11.320s][debug][gc,phases      ] GC(6)     Total                          Min: 0, Avg:  3.8, Max: 15, Diff: 15, Sum: 15, Workers: 4
[11.320s][debug][gc,phases      ] GC(6)   JVMTI Tag Weak OopStorage      Min:  0.0, Avg:  0.0, Max:  0.0, Diff:  0.0, Sum:  0.0, Workers: 4
[11.320s][debug][gc,phases      ] GC(6)     Dead                           Min: 0, Avg:  0.0, Max: 0, Diff: 0, Sum: 0, Workers: 4
[11.320s][debug][gc,phases      ] GC(6)     Total                          Min: 0, Avg:  0.0, Max: 0, Diff: 0, Sum: 0, Workers: 4
[11.320s][debug][gc,phases      ] GC(6)   StringTable Weak               Min:  0.4, Avg:  0.4, Max:  0.4, Diff:  0.0, Sum:  1.5, Workers: 4
[11.320s][debug][gc,phases      ] GC(6)     Dead                           Min: 0, Avg:  2.0, Max: 5, Diff: 5, Sum: 8, Workers: 4
[11.320s][debug][gc,phases      ] GC(6)     Total                          Min: 8384, Avg: 9277.8, Max: 10103, Diff: 1719, Sum: 37111, Workers: 4
[11.320s][debug][gc,phases      ] GC(6)   ResolvedMethodTable Weak       Min:  0.1, Avg:  0.1, Max:  0.1, Diff:  0.0, Sum:  0.3, Workers: 4
[11.320s][debug][gc,phases      ] GC(6)     Dead                           Min: 1, Avg: 19.2, Max: 54, Diff: 53, Sum: 77, Workers: 4
[11.320s][debug][gc,phases      ] GC(6)     Total                          Min: 1472, Avg: 1760.8, Max: 2048, Diff: 576, Sum: 7043, Workers: 4
[11.320s][debug][gc,phases      ] GC(6)   JNI Weak                       Min:  0.0, Avg:  0.0, Max:  0.0, Diff:  0.0, Sum:  0.0, Workers: 4
[11.320s][debug][gc,phases      ] GC(6)     Dead                           Min: 0, Avg:  0.0, Max: 0, Diff: 0, Sum: 0, Workers: 4
[11.320s][debug][gc,phases      ] GC(6)     Total                          Min: 0, Avg: 13.5, Max: 54, Diff: 54, Sum: 54, Workers: 4
[11.320s][debug][gc,phases      ] GC(6)   StringDedup Table Weak         Min:  0.0, Avg:  0.0, Max:  0.0, Diff:  0.0, Sum:  0.0, Workers: 4
[11.320s][debug][gc,phases      ] GC(6)     Dead                           Min: 0, Avg:  0.0, Max: 0, Diff: 0, Sum: 0, Workers: 4
[11.320s][debug][gc,phases      ] GC(6)     Total                          Min: 0, Avg:  0.0, Max: 0, Diff: 0, Sum: 0, Workers: 4
[11.320s][debug][gc,phases      ] GC(6)   StringDedup Requests0 Weak     Min:  0.0, Avg:  0.0, Max:  0.0, Diff:  0.0, Sum:  0.0, Workers: 4
[11.320s][debug][gc,phases      ] GC(6)     Dead                           Min: 0, Avg:  0.0, Max: 0, Diff: 0, Sum: 0, Workers: 4
[11.320s][debug][gc,phases      ] GC(6)     Total                          Min: 0, Avg:  0.0, Max: 0, Diff: 0, Sum: 0, Workers: 4
[11.320s][debug][gc,phases      ] GC(6)   StringDedup Requests1 Weak     Min:  0.0, Avg:  0.0, Max:  0.0, Diff:  0.0, Sum:  0.0, Workers: 4
[11.320s][debug][gc,phases      ] GC(6)     Dead                           Min: 0, Avg:  0.0, Max: 0, Diff: 0, Sum: 0, Workers: 4
[11.320s][debug][gc,phases      ] GC(6)     Total                          Min: 0, Avg:  0.0, Max: 0, Diff: 0, Sum: 0, Workers: 4
[11.320s][debug][gc,phases      ] GC(6)   Weak JFR Old Object Samples    Min:  0.0, Avg:  0.0, Max:  0.0, Diff:  0.0, Sum:  0.0, Workers: 4
[11.320s][debug][gc,phases      ] GC(6)     Dead                           Min: 0, Avg:  0.0, Max: 0, Diff: 0, Sum: 0, Workers: 4
[11.320s][debug][gc,phases      ] GC(6)     Total                          Min: 0, Avg:  0.0, Max: 0, Diff: 0, Sum: 0, Workers: 4
[11.320s][debug][gc,phases      ] GC(6) Weak Processing 0.704ms
[11.320s][debug][gc,age         ] GC(6) Desired survivor size 536870912 bytes, new threshold 7 (max threshold 15)
[11.320s][info ][gc,heap        ] GC(6) PSYoungGen: 1165026K(1572864K)->524279K(1572864K) Eden: 1048576K(1048576K)->0K(1048576K) From: 116450K(524288K)->524279K(524288K)
[11.320s][info ][gc,heap        ] GC(6) ParOldGen: 5721K(6144K)->12185K(12288K)
[11.320s][info ][gc,metaspace   ] GC(6) Metaspace: 63029K(63808K)->63029K(63808K) NonClass: 53649K(54080K)->53649K(54080K) Class: 9379K(9728K)->9379K(9728K)
[11.320s][info ][gc             ] GC(6) Pause Young (Allocation Failure) 1143M->523M(1548M) 421.256ms
[11.320s][info ][gc,cpu         ] GC(6) User=1.06s Sys=0.29s Real=0.42s
[11.320s][debug][gc,phases      ] GC(7) Pre Compact 0.026ms
[11.320s][info ][gc,start       ] GC(7) Pause Full (Ergonomics)
[11.320s][info ][gc,phases,start] GC(7) Marking Phase
[11.596s][debug][gc,phases      ] GC(7) Par Mark 275.568ms
[11.596s][debug][gc,ref         ] GC(7) Skipped phase 1 of Reference Processing: no references
[11.596s][debug][gc,ref         ] GC(7) ReferenceProcessor::execute queues: 4, RefProcThreadModel::Multi, marks_oops_alive: false
[11.596s][debug][gc,ref         ] GC(7) Skipped phase 3 of Reference Processing: no references
[11.596s][debug][gc,ref         ] GC(7) ReferenceProcessor::execute queues: 1, RefProcThreadModel::Single, marks_oops_alive: false
[11.596s][debug][gc,phases      ] GC(7) Reference Processing 0.476ms
[11.597s][debug][gc,phases      ] GC(7)   VM Weak                        Min:  0.0, Avg:  0.0, Max:  0.0, Diff:  0.0, Sum:  0.0, Workers: 4
[11.597s][debug][gc,phases      ] GC(7)     Dead                           Min: 0, Avg:  0.0, Max: 0, Diff: 0, Sum: 0, Workers: 4
[11.597s][debug][gc,phases      ] GC(7)     Total                          Min: 92, Avg: 151.0, Max: 192, Diff: 100, Sum: 604, Workers: 4
[11.597s][debug][gc,phases      ] GC(7)   ObjectSynchronizer Weak        Min:  0.0, Avg:  0.0, Max:  0.0, Diff:  0.0, Sum:  0.0, Workers: 4
[11.597s][debug][gc,phases      ] GC(7)     Dead                           Min: 0, Avg:  0.0, Max: 0, Diff: 0, Sum: 0, Workers: 4
[11.597s][debug][gc,phases      ] GC(7)     Total                          Min: 0, Avg:  3.8, Max: 15, Diff: 15, Sum: 15, Workers: 4
[11.597s][debug][gc,phases      ] GC(7)   JVMTI Tag Weak OopStorage      Min:  0.0, Avg:  0.0, Max:  0.0, Diff:  0.0, Sum:  0.0, Workers: 4
[11.597s][debug][gc,phases      ] GC(7)     Dead                           Min: 0, Avg:  0.0, Max: 0, Diff: 0, Sum: 0, Workers: 4
[11.597s][debug][gc,phases      ] GC(7)     Total                          Min: 0, Avg:  0.0, Max: 0, Diff: 0, Sum: 0, Workers: 4
[11.597s][debug][gc,phases      ] GC(7)   StringTable Weak               Min:  0.1, Avg:  0.1, Max:  0.1, Diff:  0.0, Sum:  0.5, Workers: 4
[11.597s][debug][gc,phases      ] GC(7)     Dead                           Min: 0, Avg:  0.0, Max: 0, Diff: 0, Sum: 0, Workers: 4
[11.597s][debug][gc,phases      ] GC(7)     Total                          Min: 8512, Avg: 9277.8, Max: 9600, Diff: 1088, Sum: 37111, Workers: 4
[11.597s][debug][gc,phases      ] GC(7)   ResolvedMethodTable Weak       Min:  0.0, Avg:  0.0, Max:  0.0, Diff:  0.0, Sum:  0.1, Workers: 4
[11.597s][debug][gc,phases      ] GC(7)     Dead                           Min: 0, Avg:  0.0, Max: 0, Diff: 0, Sum: 0, Workers: 4
[11.597s][debug][gc,phases      ] GC(7)     Total                          Min: 1667, Avg: 1760.8, Max: 1920, Diff: 253, Sum: 7043, Workers: 4
[11.597s][debug][gc,phases      ] GC(7)   JNI Weak                       Min:  0.0, Avg:  0.0, Max:  0.0, Diff:  0.0, Sum:  0.0, Workers: 4
[11.597s][debug][gc,phases      ] GC(7)     Dead                           Min: 0, Avg:  0.0, Max: 0, Diff: 0, Sum: 0, Workers: 4
[11.597s][debug][gc,phases      ] GC(7)     Total                          Min: 0, Avg: 13.5, Max: 45, Diff: 45, Sum: 54, Workers: 4
[11.597s][debug][gc,phases      ] GC(7)   StringDedup Table Weak         Min:  0.0, Avg:  0.0, Max:  0.0, Diff:  0.0, Sum:  0.0, Workers: 4
[11.597s][debug][gc,phases      ] GC(7)     Dead                           Min: 0, Avg:  0.0, Max: 0, Diff: 0, Sum: 0, Workers: 4
[11.597s][debug][gc,phases      ] GC(7)     Total                          Min: 0, Avg:  0.0, Max: 0, Diff: 0, Sum: 0, Workers: 4
[11.597s][debug][gc,phases      ] GC(7)   StringDedup Requests0 Weak     Min:  0.0, Avg:  0.0, Max:  0.0, Diff:  0.0, Sum:  0.0, Workers: 4
[11.597s][debug][gc,phases      ] GC(7)     Dead                           Min: 0, Avg:  0.0, Max: 0, Diff: 0, Sum: 0, Workers: 4
[11.597s][debug][gc,phases      ] GC(7)     Total                          Min: 0, Avg:  0.0, Max: 0, Diff: 0, Sum: 0, Workers: 4
[11.597s][debug][gc,phases      ] GC(7)   StringDedup Requests1 Weak     Min:  0.0, Avg:  0.0, Max:  0.0, Diff:  0.0, Sum:  0.0, Workers: 4
[11.597s][debug][gc,phases      ] GC(7)     Dead                           Min: 0, Avg:  0.0, Max: 0, Diff: 0, Sum: 0, Workers: 4
[11.597s][debug][gc,phases      ] GC(7)     Total                          Min: 0, Avg:  0.0, Max: 0, Diff: 0, Sum: 0, Workers: 4
[11.597s][debug][gc,phases      ] GC(7)   Weak JFR Old Object Samples    Min:  0.0, Avg:  0.0, Max:  0.0, Diff:  0.0, Sum:  0.0, Workers: 4
[11.597s][debug][gc,phases      ] GC(7)     Dead                           Min: 0, Avg:  0.0, Max: 0, Diff: 0, Sum: 0, Workers: 4
[11.597s][debug][gc,phases      ] GC(7)     Total                          Min: 0, Avg:  0.0, Max: 0, Diff: 0, Sum: 0, Workers: 4
[11.597s][debug][gc,phases      ] GC(7) Weak Processing 0.358ms
[11.597s][debug][gc,phases      ] GC(7) ClassLoaderData 0.082ms
[11.597s][debug][gc,phases      ] GC(7) Trigger cleanups 0.000ms
[11.607s][debug][gc,phases      ] GC(7) Class Unloading 9.799ms
[11.607s][info ][gc,phases      ] GC(7) Marking Phase 286.381ms
[11.607s][info ][gc,phases,start] GC(7) Summary Phase
[11.607s][info ][gc,phases      ] GC(7) Summary Phase 0.014ms
[11.607s][info ][gc,phases,start] GC(7) Adjust Roots
[11.620s][info ][gc,phases      ] GC(7) Adjust Roots 12.941ms
[11.620s][info ][gc,phases,start] GC(7) Compaction Phase
[13.730s][info ][gc,phases      ] GC(7) Compaction Phase 2110.634ms
[13.730s][info ][gc,phases,start] GC(7) Post Compact
[13.733s][info ][gc,phases      ] GC(7) Post Compact 2.575ms
[13.733s][info ][gc,heap        ] GC(7) PSYoungGen: 524279K(1572864K)->522812K(1572864K) Eden: 0K(1048576K)->0K(1048576K) From: 524279K(524288K)->522812K(524288K)
[13.733s][info ][gc,heap        ] GC(7) ParOldGen: 12185K(12288K)->12095K(29184K)
[13.733s][info ][gc,metaspace   ] GC(7) Metaspace: 63029K(63808K)->63029K(63808K) NonClass: 53649K(54080K)->53649K(54080K) Class: 9379K(9728K)->9379K(9728K)
[13.733s][info ][gc             ] GC(7) Pause Full (Ergonomics) 523M->522M(1564M) 2412.769ms
[13.733s][info ][gc,cpu         ] GC(7) User=5.64s Sys=0.08s Real=2.41s
[13.733s][info ][safepoint      ] Safepoint "ParallelGCFailedAllocation", Time since last: 183627782 ns, Reaching safepoint: 103007 ns, At safepoint: 2834181982 ns, Total: 2834284989 ns
[14.497s][info ][safepoint      ] Safepoint "ICBufferFull", Time since last: 763443607 ns, Reaching safepoint: 307021 ns, At safepoint: 10501 ns, Total: 317522 ns
[14.790s][info ][safepoint      ] Safepoint "ICBufferFull", Time since last: 292677153 ns, Reaching safepoint: 815256 ns, At safepoint: 10200 ns, Total: 825456 ns
[15.411s][info ][safepoint      ] Safepoint "ICBufferFull", Time since last: 620596120 ns, Reaching safepoint: 174512 ns, At safepoint: 3100 ns, Total: 177612 ns
[15.559s][info ][safepoint      ] Safepoint "ICBufferFull", Time since last: 147851330 ns, Reaching safepoint: 173512 ns, At safepoint: 6101 ns, Total: 179613 ns
[15.930s][info ][safepoint      ] Safepoint "ICBufferFull", Time since last: 370472882 ns, Reaching safepoint: 237317 ns, At safepoint: 9200 ns, Total: 246517 ns
[16.261s][info ][safepoint      ] Safepoint "ICBufferFull", Time since last: 330642054 ns, Reaching safepoint: 227216 ns, At safepoint: 10700 ns, Total: 237916 ns
[16.894s][info ][safepoint      ] Safepoint "ICBufferFull", Time since last: 632796891 ns, Reaching safepoint: 197413 ns, At safepoint: 10101 ns, Total: 207514 ns
[18.345s][info ][safepoint      ] Safepoint "Cleanup", Time since last: 1451104468 ns, Reaching safepoint: 145810 ns, At safepoint: 3100 ns, Total: 148910 ns
[19.345s][info ][safepoint      ] Safepoint "Cleanup", Time since last: 1000117817 ns, Reaching safepoint: 89706 ns, At safepoint: 3000 ns, Total: 92706 ns
[19.990s][info ][safepoint      ] Safepoint "ICBufferFull", Time since last: 644264974 ns, Reaching safepoint: 260117 ns, At safepoint: 4301 ns, Total: 264418 ns
[20.064s][info ][safepoint      ] Safepoint "ICBufferFull", Time since last: 73639037 ns, Reaching safepoint: 301121 ns, At safepoint: 9400 ns, Total: 310521 ns
[20.201s][info ][safepoint      ] Safepoint "ICBufferFull", Time since last: 136879664 ns, Reaching safepoint: 167612 ns, At safepoint: 8200 ns, Total: 175812 ns
[20.316s][info ][safepoint      ] Safepoint "ICBufferFull", Time since last: 115132876 ns, Reaching safepoint: 262918 ns, At safepoint: 12501 ns, Total: 275419 ns
[20.487s][info ][gc,start       ] GC(8) Pause Young (Allocation Failure)
[20.611s][debug][gc,phases      ] GC(8) Scavenge 123.219ms
[20.611s][debug][gc,ref         ] GC(8) Skipped phase 1 of Reference Processing: no references
[20.611s][debug][gc,ref         ] GC(8) ReferenceProcessor::execute queues: 4, RefProcThreadModel::Multi, marks_oops_alive: false
[20.612s][debug][gc,ref         ] GC(8) Skipped phase 3 of Reference Processing: no references
[20.612s][debug][gc,ref         ] GC(8) ReferenceProcessor::execute queues: 1, RefProcThreadModel::Single, marks_oops_alive: false
[20.612s][debug][gc,phases      ] GC(8) Reference Processing 1.008ms
[20.613s][debug][gc,phases      ] GC(8)   VM Weak                        Min:  0.0, Avg:  0.0, Max:  0.0, Diff:  0.0, Sum:  0.0, Workers: 4
[20.613s][debug][gc,phases      ] GC(8)     Dead                           Min: 0, Avg:  0.0, Max: 0, Diff: 0, Sum: 0, Workers: 4
[20.613s][debug][gc,phases      ] GC(8)     Total                          Min: 0, Avg: 160.8, Max: 384, Diff: 384, Sum: 643, Workers: 4
[20.613s][debug][gc,phases      ] GC(8)   ObjectSynchronizer Weak        Min:  0.0, Avg:  0.0, Max:  0.0, Diff:  0.0, Sum:  0.0, Workers: 4
[20.613s][debug][gc,phases      ] GC(8)     Dead                           Min: 0, Avg:  0.5, Max: 2, Diff: 2, Sum: 2, Workers: 4
[20.613s][debug][gc,phases      ] GC(8)     Total                          Min: 0, Avg:  5.0, Max: 20, Diff: 20, Sum: 20, Workers: 4
[20.613s][debug][gc,phases      ] GC(8)   JVMTI Tag Weak OopStorage      Min:  0.0, Avg:  0.0, Max:  0.0, Diff:  0.0, Sum:  0.0, Workers: 4
[20.613s][debug][gc,phases      ] GC(8)     Dead                           Min: 0, Avg:  0.0, Max: 0, Diff: 0, Sum: 0, Workers: 4
[20.613s][debug][gc,phases      ] GC(8)     Total                          Min: 0, Avg:  0.0, Max: 0, Diff: 0, Sum: 0, Workers: 4
[20.613s][debug][gc,phases      ] GC(8)   StringTable Weak               Min:  0.0, Avg:  0.4, Max:  0.8, Diff:  0.8, Sum:  1.6, Workers: 4
[20.613s][debug][gc,phases      ] GC(8)     Dead                           Min: 0, Avg:  2.8, Max: 8, Diff: 8, Sum: 11, Workers: 4
[20.613s][debug][gc,phases      ] GC(8)     Total                          Min: 0, Avg: 10202.8, Max: 20587, Diff: 20587, Sum: 40811, Workers: 4
[20.613s][debug][gc,phases      ] GC(8)   ResolvedMethodTable Weak       Min:  0.0, Avg:  0.1, Max:  0.2, Diff:  0.2, Sum:  0.3, Workers: 4
[20.613s][debug][gc,phases      ] GC(8)     Dead                           Min: 0, Avg: 43.8, Max: 90, Diff: 90, Sum: 175, Workers: 4
[20.613s][debug][gc,phases      ] GC(8)     Total                          Min: 0, Avg: 2008.5, Max: 4095, Diff: 4095, Sum: 8034, Workers: 4
[20.613s][debug][gc,phases      ] GC(8)   JNI Weak                       Min:  0.0, Avg:  0.0, Max:  0.0, Diff:  0.0, Sum:  0.0, Workers: 4
[20.613s][debug][gc,phases      ] GC(8)     Dead                           Min: 0, Avg:  0.0, Max: 0, Diff: 0, Sum: 0, Workers: 4
[20.613s][debug][gc,phases      ] GC(8)     Total                          Min: 0, Avg: 28.2, Max: 96, Diff: 96, Sum: 113, Workers: 4
[20.613s][debug][gc,phases      ] GC(8)   StringDedup Table Weak         Min:  0.0, Avg:  0.0, Max:  0.0, Diff:  0.0, Sum:  0.0, Workers: 4
[20.613s][debug][gc,phases      ] GC(8)     Dead                           Min: 0, Avg:  0.0, Max: 0, Diff: 0, Sum: 0, Workers: 4
[20.613s][debug][gc,phases      ] GC(8)     Total                          Min: 0, Avg:  0.0, Max: 0, Diff: 0, Sum: 0, Workers: 4
[20.613s][debug][gc,phases      ] GC(8)   StringDedup Requests0 Weak     Min:  0.0, Avg:  0.0, Max:  0.0, Diff:  0.0, Sum:  0.0, Workers: 4
[20.613s][debug][gc,phases      ] GC(8)     Dead                           Min: 0, Avg:  0.0, Max: 0, Diff: 0, Sum: 0, Workers: 4
[20.613s][debug][gc,phases      ] GC(8)     Total                          Min: 0, Avg:  0.0, Max: 0, Diff: 0, Sum: 0, Workers: 4
[20.613s][debug][gc,phases      ] GC(8)   StringDedup Requests1 Weak     Min:  0.0, Avg:  0.0, Max:  0.0, Diff:  0.0, Sum:  0.0, Workers: 4
[20.613s][debug][gc,phases      ] GC(8)     Dead                           Min: 0, Avg:  0.0, Max: 0, Diff: 0, Sum: 0, Workers: 4
[20.613s][debug][gc,phases      ] GC(8)     Total                          Min: 0, Avg:  0.0, Max: 0, Diff: 0, Sum: 0, Workers: 4
[20.613s][debug][gc,phases      ] GC(8)   Weak JFR Old Object Samples    Min:  0.0, Avg:  0.0, Max:  0.0, Diff:  0.0, Sum:  0.0, Workers: 4
[20.613s][debug][gc,phases      ] GC(8)     Dead                           Min: 0, Avg:  0.0, Max: 0, Diff: 0, Sum: 0, Workers: 4
[20.613s][debug][gc,phases      ] GC(8)     Total                          Min: 0, Avg:  0.0, Max: 0, Diff: 0, Sum: 0, Workers: 4
[20.613s][debug][gc,phases      ] GC(8) Weak Processing 1.223ms
[20.613s][debug][gc,age         ] GC(8) Desired survivor size 477626368 bytes, new threshold 8 (max threshold 15)
[20.613s][info ][gc,heap        ] GC(8) PSYoungGen: 1571388K(1572864K)->237763K(1572864K) Eden: 1048576K(1048576K)->0K(1048576K) From: 522812K(524288K)->237763K(524288K)
[20.613s][info ][gc,heap        ] GC(8) ParOldGen: 12095K(29184K)->12119K(29184K)
[20.613s][info ][gc,metaspace   ] GC(8) Metaspace: 73746K(74560K)->73746K(74560K) NonClass: 62934K(63360K)->62934K(63360K) Class: 10812K(11200K)->10812K(11200K)
[20.613s][info ][gc             ] GC(8) Pause Young (Allocation Failure) 1546M->244M(1564M) 125.594ms
[20.613s][info ][gc,cpu         ] GC(8) User=0.34s Sys=0.08s Real=0.13s
[20.613s][info ][safepoint      ] Safepoint "ParallelGCFailedAllocation", Time since last: 170967196 ns, Reaching safepoint: 228415 ns, At safepoint: 125680598 ns, Total: 125909013 ns
[20.816s][info ][safepoint      ] Safepoint "ICBufferFull", Time since last: 203095193 ns, Reaching safepoint: 230916 ns, At safepoint: 6801 ns, Total: 237717 ns
[21.288s][info ][safepoint      ] Safepoint "ICBufferFull", Time since last: 471716369 ns, Reaching safepoint: 200914 ns, At safepoint: 2300 ns, Total: 203214 ns
[22.008s][info ][safepoint      ] Safepoint "ICBufferFull", Time since last: 719197099 ns, Reaching safepoint: 199714 ns, At safepoint: 4700 ns, Total: 204414 ns
[23.008s][info ][safepoint      ] Safepoint "ICBufferFull", Time since last: 1000116717 ns, Reaching safepoint: 169612 ns, At safepoint: 8300 ns, Total: 177912 ns
[24.008s][info ][safepoint      ] Safepoint "Cleanup", Time since last: 1000132018 ns, Reaching safepoint: 166111 ns, At safepoint: 9201 ns, Total: 175312 ns
[24.507s][info ][safepoint      ] Safepoint "ICBufferFull", Time since last: 499049749 ns, Reaching safepoint: 163611 ns, At safepoint: 6301 ns, Total: 169912 ns
[25.508s][info ][safepoint      ] Safepoint "Cleanup", Time since last: 1000113460 ns, Reaching safepoint: 207814 ns, At safepoint: 7701 ns, Total: 215515 ns
[26.508s][info ][safepoint      ] Safepoint "Cleanup", Time since last: 1000113960 ns, Reaching safepoint: 184913 ns, At safepoint: 5200 ns, Total: 190113 ns
[27.508s][info ][safepoint      ] Safepoint "Cleanup", Time since last: 1000131961 ns, Reaching safepoint: 170512 ns, At safepoint: 6701 ns, Total: 177213 ns
[28.509s][info ][safepoint      ] Safepoint "Cleanup", Time since last: 1000108960 ns, Reaching safepoint: 148510 ns, At safepoint: 4900 ns, Total: 153410 ns
[29.509s][info ][safepoint      ] Safepoint "Cleanup", Time since last: 1000116861 ns, Reaching safepoint: 157810 ns, At safepoint: 15201 ns, Total: 173011 ns
[30.509s][info ][safepoint      ] Safepoint "Cleanup", Time since last: 1000155964 ns, Reaching safepoint: 150210 ns, At safepoint: 6400 ns, Total: 156610 ns
[31.510s][info ][safepoint      ] Safepoint "Cleanup", Time since last: 1000127362 ns, Reaching safepoint: 140009 ns, At safepoint: 6201 ns, Total: 146210 ns
[31.766s][info ][gc,start       ] GC(9) Pause Young (Allocation Failure)
[31.857s][debug][gc,phases      ] GC(9) Scavenge 91.124ms
[31.857s][debug][gc,ref         ] GC(9) Skipped phase 1 of Reference Processing: no references
[31.857s][debug][gc,ref         ] GC(9) ReferenceProcessor::execute queues: 4, RefProcThreadModel::Multi, marks_oops_alive: false
[31.858s][debug][gc,ref         ] GC(9) ReferenceProcessor::execute queues: 4, RefProcThreadModel::Multi, marks_oops_alive: true
[31.858s][debug][gc,ref         ] GC(9) ReferenceProcessor::execute queues: 1, RefProcThreadModel::Single, marks_oops_alive: false
[31.858s][debug][gc,phases      ] GC(9) Reference Processing 0.654ms
[31.858s][debug][gc,phases      ] GC(9)   VM Weak                        Min:  0.0, Avg:  0.0, Max:  0.0, Diff:  0.0, Sum:  0.0, Workers: 4
[31.858s][debug][gc,phases      ] GC(9)     Dead                           Min: 0, Avg:  0.0, Max: 0, Diff: 0, Sum: 0, Workers: 4
[31.858s][debug][gc,phases      ] GC(9)     Total                          Min: 64, Avg: 163.0, Max: 268, Diff: 204, Sum: 652, Workers: 4
[31.858s][debug][gc,phases      ] GC(9)   ObjectSynchronizer Weak        Min:  0.0, Avg:  0.0, Max:  0.0, Diff:  0.0, Sum:  0.0, Workers: 4
[31.858s][debug][gc,phases      ] GC(9)     Dead                           Min: 0, Avg:  0.0, Max: 0, Diff: 0, Sum: 0, Workers: 4
[31.858s][debug][gc,phases      ] GC(9)     Total                          Min: 0, Avg:  5.2, Max: 21, Diff: 21, Sum: 21, Workers: 4
[31.858s][debug][gc,phases      ] GC(9)   JVMTI Tag Weak OopStorage      Min:  0.0, Avg:  0.0, Max:  0.0, Diff:  0.0, Sum:  0.0, Workers: 4
[31.858s][debug][gc,phases      ] GC(9)     Dead                           Min: 0, Avg:  0.0, Max: 0, Diff: 0, Sum: 0, Workers: 4
[31.858s][debug][gc,phases      ] GC(9)     Total                          Min: 0, Avg:  0.0, Max: 0, Diff: 0, Sum: 0, Workers: 4
[31.858s][debug][gc,phases      ] GC(9)   StringTable Weak               Min:  0.4, Avg:  0.4, Max:  0.4, Diff:  0.0, Sum:  1.7, Workers: 4
[31.858s][debug][gc,phases      ] GC(9)     Dead                           Min: 0, Avg:  0.5, Max: 2, Diff: 2, Sum: 2, Workers: 4
[31.858s][debug][gc,phases      ] GC(9)     Total                          Min: 9536, Avg: 10384.2, Max: 10816, Diff: 1280, Sum: 41537, Workers: 4
[31.858s][debug][gc,phases      ] GC(9)   ResolvedMethodTable Weak       Min:  0.1, Avg:  0.1, Max:  0.1, Diff:  0.0, Sum:  0.4, Workers: 4
[31.858s][debug][gc,phases      ] GC(9)     Dead                           Min: 0, Avg:  4.8, Max: 19, Diff: 19, Sum: 19, Workers: 4
[31.858s][debug][gc,phases      ] GC(9)     Total                          Min: 1856, Avg: 2030.2, Max: 2304, Diff: 448, Sum: 8121, Workers: 4
[31.859s][debug][gc,phases      ] GC(9)   JNI Weak                       Min:  0.0, Avg:  0.0, Max:  0.0, Diff:  0.0, Sum:  0.0, Workers: 4
[31.859s][debug][gc,phases      ] GC(9)     Dead                           Min: 0, Avg:  0.0, Max: 0, Diff: 0, Sum: 0, Workers: 4
[31.859s][debug][gc,phases      ] GC(9)     Total                          Min: 0, Avg: 17.8, Max: 71, Diff: 71, Sum: 71, Workers: 4
[31.859s][debug][gc,phases      ] GC(9)   StringDedup Table Weak         Min:  0.0, Avg:  0.0, Max:  0.0, Diff:  0.0, Sum:  0.0, Workers: 4
[31.859s][debug][gc,phases      ] GC(9)     Dead                           Min: 0, Avg:  0.0, Max: 0, Diff: 0, Sum: 0, Workers: 4
[31.859s][debug][gc,phases      ] GC(9)     Total                          Min: 0, Avg:  0.0, Max: 0, Diff: 0, Sum: 0, Workers: 4
[31.859s][debug][gc,phases      ] GC(9)   StringDedup Requests0 Weak     Min:  0.0, Avg:  0.0, Max:  0.0, Diff:  0.0, Sum:  0.0, Workers: 4
[31.859s][debug][gc,phases      ] GC(9)     Dead                           Min: 0, Avg:  0.0, Max: 0, Diff: 0, Sum: 0, Workers: 4
[31.859s][debug][gc,phases      ] GC(9)     Total                          Min: 0, Avg:  0.0, Max: 0, Diff: 0, Sum: 0, Workers: 4
[31.859s][debug][gc,phases      ] GC(9)   StringDedup Requests1 Weak     Min:  0.0, Avg:  0.0, Max:  0.0, Diff:  0.0, Sum:  0.0, Workers: 4
[31.859s][debug][gc,phases      ] GC(9)     Dead                           Min: 0, Avg:  0.0, Max: 0, Diff: 0, Sum: 0, Workers: 4
[31.859s][debug][gc,phases      ] GC(9)     Total                          Min: 0, Avg:  0.0, Max: 0, Diff: 0, Sum: 0, Workers: 4
[31.859s][debug][gc,phases      ] GC(9)   Weak JFR Old Object Samples    Min:  0.0, Avg:  0.0, Max:  0.0, Diff:  0.0, Sum:  0.0, Workers: 4
[31.859s][debug][gc,phases      ] GC(9)     Dead                           Min: 0, Avg:  0.0, Max: 0, Diff: 0, Sum: 0, Workers: 4
[31.859s][debug][gc,phases      ] GC(9)     Total                          Min: 0, Avg:  0.0, Max: 0, Diff: 0, Sum: 0, Workers: 4
[31.859s][debug][gc,phases      ] GC(9) Weak Processing 0.721ms
[31.859s][debug][gc,age         ] GC(9) Desired survivor size 441974784 bytes, new threshold 9 (max threshold 15)
[31.859s][info ][gc,heap        ] GC(9) PSYoungGen: 1286339K(1572864K)->213770K(1665536K) Eden: 1048576K(1048576K)->0K(1199104K) From: 237763K(524288K)->213770K(466432K)
[31.859s][info ][gc,heap        ] GC(9) ParOldGen: 12119K(29184K)->12159K(29184K)
[31.859s][info ][gc,metaspace   ] GC(9) Metaspace: 75149K(75968K)->75149K(75968K) NonClass: 64293K(64768K)->64293K(64768K) Class: 10856K(11200K)->10856K(11200K)
[31.859s][info ][gc             ] GC(9) Pause Young (Allocation Failure) 1268M->220M(1655M) 92.764ms
[31.859s][info ][gc,cpu         ] GC(9) User=0.32s Sys=0.00s Real=0.10s
[31.859s][info ][safepoint      ] Safepoint "ParallelGCFailedAllocation", Time since last: 256150434 ns, Reaching safepoint: 103107 ns, At safepoint: 92848456 ns, Total: 92951563 ns
[32.512s][info ][safepoint      ] Safepoint "ICBufferFull", Time since last: 653196246 ns, Reaching safepoint: 220315 ns, At safepoint: 5500 ns, Total: 225815 ns
[33.512s][info ][safepoint      ] Safepoint "Cleanup", Time since last: 1000117406 ns, Reaching safepoint: 199714 ns, At safepoint: 6800 ns, Total: 206514 ns
[34.514s][info ][safepoint      ] Safepoint "Cleanup", Time since last: 1001588506 ns, Reaching safepoint: 180012 ns, At safepoint: 4501 ns, Total: 184513 ns
[35.514s][info ][safepoint      ] Safepoint "Cleanup", Time since last: 1000123706 ns, Reaching safepoint: 123709 ns, At safepoint: 10700 ns, Total: 134409 ns
[37.164s][info ][safepoint      ] Safepoint "Cleanup", Time since last: 1648988534 ns, Reaching safepoint: 227815 ns, At safepoint: 11501 ns, Total: 239316 ns
[38.164s][info ][safepoint      ] Safepoint "Cleanup", Time since last: 1000105405 ns, Reaching safepoint: 77706 ns, At safepoint: 5200 ns, Total: 82906 ns
[38.904s][info ][safepoint      ] Safepoint "ICBufferFull", Time since last: 739543266 ns, Reaching safepoint: 210814 ns, At safepoint: 2400 ns, Total: 213214 ns
[40.121s][info ][safepoint      ] Safepoint "Cleanup", Time since last: 1216945285 ns, Reaching safepoint: 144610 ns, At safepoint: 10101 ns, Total: 154711 ns
[41.121s][info ][safepoint      ] Safepoint "Cleanup", Time since last: 1000122824 ns, Reaching safepoint: 65705 ns, At safepoint: 5300 ns, Total: 71005 ns
[42.121s][info ][safepoint      ] Safepoint "Cleanup", Time since last: 1000119759 ns, Reaching safepoint: 73505 ns, At safepoint: 5800 ns, Total: 79305 ns
[42.184s][info ][gc,start       ] GC(10) Pause Young (Allocation Failure)
[42.295s][debug][gc,phases      ] GC(10) Scavenge 110.977ms
[42.295s][debug][gc,ref         ] GC(10) Skipped phase 1 of Reference Processing: no references
[42.295s][debug][gc,ref         ] GC(10) ReferenceProcessor::execute queues: 4, RefProcThreadModel::Multi, marks_oops_alive: false
[42.295s][debug][gc,ref         ] GC(10) Skipped phase 3 of Reference Processing: no references
[42.295s][debug][gc,ref         ] GC(10) ReferenceProcessor::execute queues: 1, RefProcThreadModel::Single, marks_oops_alive: false
[42.295s][debug][gc,phases      ] GC(10) Reference Processing 0.735ms
[42.296s][debug][gc,phases      ] GC(10)   VM Weak                        Min:  0.0, Avg:  0.0, Max:  0.0, Diff:  0.0, Sum:  0.0, Workers: 4
[42.296s][debug][gc,phases      ] GC(10)     Dead                           Min: 0, Avg:  0.0, Max: 0, Diff: 0, Sum: 0, Workers: 4
[42.296s][debug][gc,phases      ] GC(10)     Total                          Min: 64, Avg: 163.0, Max: 268, Diff: 204, Sum: 652, Workers: 4
[42.296s][debug][gc,phases      ] GC(10)   ObjectSynchronizer Weak        Min:  0.0, Avg:  0.0, Max:  0.0, Diff:  0.0, Sum:  0.0, Workers: 4
[42.296s][debug][gc,phases      ] GC(10)     Dead                           Min: 0, Avg:  0.0, Max: 0, Diff: 0, Sum: 0, Workers: 4
[42.296s][debug][gc,phases      ] GC(10)     Total                          Min: 0, Avg:  5.5, Max: 22, Diff: 22, Sum: 22, Workers: 4
[42.296s][debug][gc,phases      ] GC(10)   JVMTI Tag Weak OopStorage      Min:  0.0, Avg:  0.0, Max:  0.0, Diff:  0.0, Sum:  0.0, Workers: 4
[42.296s][debug][gc,phases      ] GC(10)     Dead                           Min: 0, Avg:  0.0, Max: 0, Diff: 0, Sum: 0, Workers: 4
[42.296s][debug][gc,phases      ] GC(10)     Total                          Min: 0, Avg:  0.0, Max: 0, Diff: 0, Sum: 0, Workers: 4
[42.296s][debug][gc,phases      ] GC(10)   StringTable Weak               Min:  0.5, Avg:  0.5, Max:  0.5, Diff:  0.0, Sum:  1.8, Workers: 4
[42.296s][debug][gc,phases      ] GC(10)     Dead                           Min: 0, Avg:  0.2, Max: 1, Diff: 1, Sum: 1, Workers: 4
[42.296s][debug][gc,phases      ] GC(10)     Total                          Min: 9555, Avg: 10420.8, Max: 11520, Diff: 1965, Sum: 41683, Workers: 4
[42.296s][debug][gc,phases      ] GC(10)   ResolvedMethodTable Weak       Min:  0.1, Avg:  0.1, Max:  0.1, Diff:  0.0, Sum:  0.5, Workers: 4
[42.296s][debug][gc,phases      ] GC(10)     Dead                           Min: 0, Avg:  0.0, Max: 0, Diff: 0, Sum: 0, Workers: 4
[42.296s][debug][gc,phases      ] GC(10)     Total                          Min: 1920, Avg: 2032.2, Max: 2240, Diff: 320, Sum: 8129, Workers: 4
[42.296s][debug][gc,phases      ] GC(10)   JNI Weak                       Min:  0.0, Avg:  0.0, Max:  0.0, Diff:  0.0, Sum:  0.0, Workers: 4
[42.296s][debug][gc,phases      ] GC(10)     Dead                           Min: 0, Avg:  0.0, Max: 0, Diff: 0, Sum: 0, Workers: 4
[42.296s][debug][gc,phases      ] GC(10)     Total                          Min: 0, Avg: 12.5, Max: 50, Diff: 50, Sum: 50, Workers: 4
[42.296s][debug][gc,phases      ] GC(10)   StringDedup Table Weak         Min:  0.0, Avg:  0.0, Max:  0.0, Diff:  0.0, Sum:  0.0, Workers: 4
[42.296s][debug][gc,phases      ] GC(10)     Dead                           Min: 0, Avg:  0.0, Max: 0, Diff: 0, Sum: 0, Workers: 4
[42.296s][debug][gc,phases      ] GC(10)     Total                          Min: 0, Avg:  0.0, Max: 0, Diff: 0, Sum: 0, Workers: 4
[42.296s][debug][gc,phases      ] GC(10)   StringDedup Requests0 Weak     Min:  0.0, Avg:  0.0, Max:  0.0, Diff:  0.0, Sum:  0.0, Workers: 4
[42.296s][debug][gc,phases      ] GC(10)     Dead                           Min: 0, Avg:  0.0, Max: 0, Diff: 0, Sum: 0, Workers: 4
[42.296s][debug][gc,phases      ] GC(10)     Total                          Min: 0, Avg:  0.0, Max: 0, Diff: 0, Sum: 0, Workers: 4
[42.296s][debug][gc,phases      ] GC(10)   StringDedup Requests1 Weak     Min:  0.0, Avg:  0.0, Max:  0.0, Diff:  0.0, Sum:  0.0, Workers: 4
[42.296s][debug][gc,phases      ] GC(10)     Dead                           Min: 0, Avg:  0.0, Max: 0, Diff: 0, Sum: 0, Workers: 4
[42.296s][debug][gc,phases      ] GC(10)     Total                          Min: 0, Avg:  0.0, Max: 0, Diff: 0, Sum: 0, Workers: 4
[42.296s][debug][gc,phases      ] GC(10)   Weak JFR Old Object Samples    Min:  0.0, Avg:  0.0, Max:  0.0, Diff:  0.0, Sum:  0.0, Workers: 4
[42.296s][debug][gc,phases      ] GC(10)     Dead                           Min: 0, Avg:  0.0, Max: 0, Diff: 0, Sum: 0, Workers: 4
[42.296s][debug][gc,phases      ] GC(10)     Total                          Min: 0, Avg:  0.0, Max: 0, Diff: 0, Sum: 0, Workers: 4
[42.296s][debug][gc,phases      ] GC(10) Weak Processing 0.794ms
[42.296s][debug][gc,age         ] GC(10) Desired survivor size 426246144 bytes, new threshold 10 (max threshold 15)
[42.296s][info ][gc,heap        ] GC(10) PSYoungGen: 1412874K(1665536K)->235694K(1630720K) Eden: 1199104K(1199104K)->0K(1199104K) From: 213770K(466432K)->235694K(431616K)
[42.296s][info ][gc,heap        ] GC(10) ParOldGen: 12159K(29184K)->12167K(29184K)
[42.296s][info ][gc,metaspace   ] GC(10) Metaspace: 75596K(76416K)->75596K(76416K) NonClass: 64727K(65152K)->64727K(65152K) Class: 10868K(11264K)->10868K(11264K)
[42.296s][info ][gc             ] GC(10) Pause Young (Allocation Failure) 1391M->242M(1621M) 112.669ms
[42.296s][info ][gc,cpu         ] GC(10) User=0.32s Sys=0.06s Real=0.12s
[42.296s][info ][safepoint      ] Safepoint "ParallelGCFailedAllocation", Time since last: 62421073 ns, Reaching safepoint: 86806 ns, At safepoint: 112757118 ns, Total: 112843924 ns
[43.297s][info ][safepoint      ] Safepoint "Cleanup", Time since last: 1000091457 ns, Reaching safepoint: 73805 ns, At safepoint: 2700 ns, Total: 76505 ns
[44.297s][info ][safepoint      ] Safepoint "Cleanup", Time since last: 1000067456 ns, Reaching safepoint: 95106 ns, At safepoint: 6301 ns, Total: 101407 ns
[45.297s][info ][safepoint      ] Safepoint "Cleanup", Time since last: 1000079956 ns, Reaching safepoint: 103307 ns, At safepoint: 6100 ns, Total: 109407 ns
[46.297s][info ][safepoint      ] Safepoint "Cleanup", Time since last: 1000111559 ns, Reaching safepoint: 95806 ns, At safepoint: 3000 ns, Total: 98806 ns
[47.297s][info ][safepoint      ] Safepoint "Cleanup", Time since last: 1000069756 ns, Reaching safepoint: 102907 ns, At safepoint: 2500 ns, Total: 105407 ns
[48.298s][info ][safepoint      ] Safepoint "Cleanup", Time since last: 1000115459 ns, Reaching safepoint: 104507 ns, At safepoint: 3300 ns, Total: 107807 ns
[49.298s][info ][safepoint      ] Safepoint "Cleanup", Time since last: 1000106050 ns, Reaching safepoint: 107508 ns, At safepoint: 5200 ns, Total: 112708 ns
[50.359s][info ][safepoint      ] Safepoint "ICBufferFull", Time since last: 1061090224 ns, Reaching safepoint: 226816 ns, At safepoint: 2800 ns, Total: 229616 ns
[51.262s][info ][gc,start       ] GC(11) Pause Young (Allocation Failure)
[51.384s][debug][gc,phases      ] GC(11) Scavenge 122.836ms
[51.384s][debug][gc,ref         ] GC(11) Skipped phase 1 of Reference Processing: no references
[51.385s][debug][gc,ref         ] GC(11) ReferenceProcessor::execute queues: 4, RefProcThreadModel::Multi, marks_oops_alive: false
[51.385s][debug][gc,ref         ] GC(11) Skipped phase 3 of Reference Processing: no references
[51.385s][debug][gc,ref         ] GC(11) ReferenceProcessor::execute queues: 1, RefProcThreadModel::Single, marks_oops_alive: false
[51.385s][debug][gc,phases      ] GC(11) Reference Processing 0.820ms
[51.386s][debug][gc,phases      ] GC(11)   VM Weak                        Min:  0.0, Avg:  0.0, Max:  0.0, Diff:  0.0, Sum:  0.0, Workers: 4
[51.386s][debug][gc,phases      ] GC(11)     Dead                           Min: 0, Avg:  0.0, Max: 0, Diff: 0, Sum: 0, Workers: 4
[51.386s][debug][gc,phases      ] GC(11)     Total                          Min: 0, Avg: 170.8, Max: 448, Diff: 448, Sum: 683, Workers: 4
[51.386s][debug][gc,phases      ] GC(11)   ObjectSynchronizer Weak        Min:  0.0, Avg:  0.0, Max:  0.0, Diff:  0.0, Sum:  0.0, Workers: 4
[51.386s][debug][gc,phases      ] GC(11)     Dead                           Min: 0, Avg:  0.0, Max: 0, Diff: 0, Sum: 0, Workers: 4
[51.386s][debug][gc,phases      ] GC(11)     Total                          Min: 0, Avg:  5.5, Max: 22, Diff: 22, Sum: 22, Workers: 4
[51.386s][debug][gc,phases      ] GC(11)   JVMTI Tag Weak OopStorage      Min:  0.0, Avg:  0.0, Max:  0.0, Diff:  0.0, Sum:  0.0, Workers: 4
[51.386s][debug][gc,phases      ] GC(11)     Dead                           Min: 0, Avg:  0.0, Max: 0, Diff: 0, Sum: 0, Workers: 4
[51.386s][debug][gc,phases      ] GC(11)     Total                          Min: 0, Avg:  0.0, Max: 0, Diff: 0, Sum: 0, Workers: 4
[51.386s][debug][gc,phases      ] GC(11)   StringTable Weak               Min:  0.0, Avg:  0.4, Max:  0.7, Diff:  0.7, Sum:  1.5, Workers: 4
[51.386s][debug][gc,phases      ] GC(11)     Dead                           Min: 0, Avg:  0.5, Max: 1, Diff: 1, Sum: 2, Workers: 4
[51.386s][debug][gc,phases      ] GC(11)     Total                          Min: 0, Avg: 10496.2, Max: 21056, Diff: 21056, Sum: 41985, Workers: 4
[51.386s][debug][gc,phases      ] GC(11)   ResolvedMethodTable Weak       Min:  0.0, Avg:  0.2, Max:  0.3, Diff:  0.3, Sum:  0.8, Workers: 4
[51.386s][debug][gc,phases      ] GC(11)     Dead                           Min: 0, Avg:  5.2, Max: 21, Diff: 21, Sum: 21, Workers: 4
[51.386s][debug][gc,phases      ] GC(11)     Total                          Min: 0, Avg: 2081.0, Max: 3844, Diff: 3844, Sum: 8324, Workers: 4
[51.386s][debug][gc,phases      ] GC(11)   JNI Weak                       Min:  0.0, Avg:  0.0, Max:  0.0, Diff:  0.0, Sum:  0.0, Workers: 4
[51.386s][debug][gc,phases      ] GC(11)     Dead                           Min: 0, Avg:  0.0, Max: 0, Diff: 0, Sum: 0, Workers: 4
[51.386s][debug][gc,phases      ] GC(11)     Total                          Min: 0, Avg: 11.2, Max: 45, Diff: 45, Sum: 45, Workers: 4
[51.386s][debug][gc,phases      ] GC(11)   StringDedup Table Weak         Min:  0.0, Avg:  0.0, Max:  0.0, Diff:  0.0, Sum:  0.0, Workers: 4
[51.386s][debug][gc,phases      ] GC(11)     Dead                           Min: 0, Avg:  0.0, Max: 0, Diff: 0, Sum: 0, Workers: 4
[51.386s][debug][gc,phases      ] GC(11)     Total                          Min: 0, Avg:  0.0, Max: 0, Diff: 0, Sum: 0, Workers: 4
[51.387s][debug][gc,phases      ] GC(11)   StringDedup Requests0 Weak     Min:  0.0, Avg:  0.0, Max:  0.0, Diff:  0.0, Sum:  0.0, Workers: 4
[51.387s][debug][gc,phases      ] GC(11)     Dead                           Min: 0, Avg:  0.0, Max: 0, Diff: 0, Sum: 0, Workers: 4
[51.387s][debug][gc,phases      ] GC(11)     Total                          Min: 0, Avg:  0.0, Max: 0, Diff: 0, Sum: 0, Workers: 4
[51.387s][debug][gc,phases      ] GC(11)   StringDedup Requests1 Weak     Min:  0.0, Avg:  0.0, Max:  0.0, Diff:  0.0, Sum:  0.0, Workers: 4
[51.387s][debug][gc,phases      ] GC(11)     Dead                           Min: 0, Avg:  0.0, Max: 0, Diff: 0, Sum: 0, Workers: 4
[51.387s][debug][gc,phases      ] GC(11)     Total                          Min: 0, Avg:  0.0, Max: 0, Diff: 0, Sum: 0, Workers: 4
[51.387s][debug][gc,phases      ] GC(11)   Weak JFR Old Object Samples    Min:  0.0, Avg:  0.0, Max:  0.0, Diff:  0.0, Sum:  0.0, Workers: 4
[51.387s][debug][gc,phases      ] GC(11)     Dead                           Min: 0, Avg:  0.0, Max: 0, Diff: 0, Sum: 0, Workers: 4
[51.387s][debug][gc,phases      ] GC(11)     Total                          Min: 0, Avg:  0.0, Max: 0, Diff: 0, Sum: 0, Workers: 4
[51.387s][debug][gc,phases      ] GC(11) Weak Processing 1.298ms
[51.387s][debug][gc,age         ] GC(11) Desired survivor size 421527552 bytes, new threshold 11 (max threshold 15)
[51.387s][info ][gc,heap        ] GC(11) PSYoungGen: 1434798K(1630720K)->254004K(1685504K) Eden: 1199104K(1199104K)->0K(1269248K) From: 235694K(431616K)->254004K(416256K)
[51.387s][info ][gc,heap        ] GC(11) ParOldGen: 12167K(29184K)->12175K(29184K)
[51.387s][info ][gc,metaspace   ] GC(11) Metaspace: 76334K(77184K)->76334K(77184K) NonClass: 65351K(65792K)->65351K(65792K) Class: 10983K(11392K)->10983K(11392K)
[51.387s][info ][gc             ] GC(11) Pause Young (Allocation Failure) 1413M->259M(1674M) 125.096ms
[51.387s][info ][gc,cpu         ] GC(11) User=0.38s Sys=0.00s Real=0.12s
[51.387s][info ][safepoint      ] Safepoint "ParallelGCFailedAllocation", Time since last: 902318358 ns, Reaching safepoint: 112907 ns, At safepoint: 125191969 ns, Total: 125304876 ns
[52.387s][info ][safepoint      ] Safepoint "Cleanup", Time since last: 1000085149 ns, Reaching safepoint: 65804 ns, At safepoint: 2900 ns, Total: 68704 ns
[53.415s][info ][safepoint      ] Safepoint "Cleanup", Time since last: 1028451191 ns, Reaching safepoint: 81505 ns, At safepoint: 5301 ns, Total: 86806 ns
[54.416s][info ][safepoint      ] Safepoint "Cleanup", Time since last: 1000102850 ns, Reaching safepoint: 60004 ns, At safepoint: 5200 ns, Total: 65204 ns
[55.565s][info ][safepoint      ] Safepoint "Cleanup", Time since last: 1149662887 ns, Reaching safepoint: 175412 ns, At safepoint: 14801 ns, Total: 190213 ns
[56.109s][info ][safepoint      ] Safepoint "ICBufferFull", Time since last: 543452195 ns, Reaching safepoint: 264218 ns, At safepoint: 7501 ns, Total: 271719 ns
[57.109s][info ][safepoint      ] Safepoint "Cleanup", Time since last: 1000081367 ns, Reaching safepoint: 188613 ns, At safepoint: 13501 ns, Total: 202114 ns
[58.110s][info ][safepoint      ] Safepoint "Cleanup", Time since last: 1000138223 ns, Reaching safepoint: 134810 ns, At safepoint: 14501 ns, Total: 149311 ns
[59.110s][info ][safepoint      ] Safepoint "Cleanup", Time since last: 1000116222 ns, Reaching safepoint: 143209 ns, At safepoint: 6401 ns, Total: 149610 ns
[60.110s][info ][safepoint      ] Safepoint "Cleanup", Time since last: 1000120922 ns, Reaching safepoint: 123908 ns, At safepoint: 6201 ns, Total: 130109 ns
[61.110s][info ][safepoint      ] Safepoint "Cleanup", Time since last: 1000129823 ns, Reaching safepoint: 151210 ns, At safepoint: 6100 ns, Total: 157310 ns
[61.257s][info ][gc,start       ] GC(12) Pause Young (Allocation Failure)
[61.391s][debug][gc,phases      ] GC(12) Scavenge 134.181ms
[61.391s][debug][gc,ref         ] GC(12) Skipped phase 1 of Reference Processing: no references
[61.392s][debug][gc,ref         ] GC(12) ReferenceProcessor::execute queues: 4, RefProcThreadModel::Multi, marks_oops_alive: false
[61.392s][debug][gc,ref         ] GC(12) Skipped phase 3 of Reference Processing: no references
[61.392s][debug][gc,ref         ] GC(12) ReferenceProcessor::execute queues: 1, RefProcThreadModel::Single, marks_oops_alive: false
[61.392s][debug][gc,phases      ] GC(12) Reference Processing 0.807ms
[61.393s][debug][gc,phases      ] GC(12)   VM Weak                        Min:  0.0, Avg:  0.0, Max:  0.0, Diff:  0.0, Sum:  0.0, Workers: 4
[61.393s][debug][gc,phases      ] GC(12)     Dead                           Min: 0, Avg:  0.0, Max: 0, Diff: 0, Sum: 0, Workers: 4
[61.393s][debug][gc,phases      ] GC(12)     Total                          Min: 0, Avg: 173.0, Max: 384, Diff: 384, Sum: 692, Workers: 4
[61.393s][debug][gc,phases      ] GC(12)   ObjectSynchronizer Weak        Min:  0.0, Avg:  0.0, Max:  0.0, Diff:  0.0, Sum:  0.0, Workers: 4
[61.393s][debug][gc,phases      ] GC(12)     Dead                           Min: 0, Avg:  1.5, Max: 6, Diff: 6, Sum: 6, Workers: 4
[61.393s][debug][gc,phases      ] GC(12)     Total                          Min: 0, Avg:  7.0, Max: 28, Diff: 28, Sum: 28, Workers: 4
[61.393s][debug][gc,phases      ] GC(12)   JVMTI Tag Weak OopStorage      Min:  0.0, Avg:  0.0, Max:  0.0, Diff:  0.0, Sum:  0.0, Workers: 4
[61.393s][debug][gc,phases      ] GC(12)     Dead                           Min: 0, Avg:  0.0, Max: 0, Diff: 0, Sum: 0, Workers: 4
[61.393s][debug][gc,phases      ] GC(12)     Total                          Min: 0, Avg:  0.0, Max: 0, Diff: 0, Sum: 0, Workers: 4
[61.393s][debug][gc,phases      ] GC(12)   StringTable Weak               Min:  0.0, Avg:  0.4, Max:  0.5, Diff:  0.5, Sum:  1.5, Workers: 4
[61.393s][debug][gc,phases      ] GC(12)     Dead                           Min: 0, Avg:  1.0, Max: 3, Diff: 3, Sum: 4, Workers: 4
[61.393s][debug][gc,phases      ] GC(12)     Total                          Min: 0, Avg: 10558.0, Max: 17088, Diff: 17088, Sum: 42232, Workers: 4
[61.393s][debug][gc,phases      ] GC(12)   ResolvedMethodTable Weak       Min:  0.0, Avg:  0.1, Max:  0.1, Diff:  0.1, Sum:  0.3, Workers: 4
[61.393s][debug][gc,phases      ] GC(12)     Dead                           Min: 0, Avg:  0.0, Max: 0, Diff: 0, Sum: 0, Workers: 4
[61.393s][debug][gc,phases      ] GC(12)     Total                          Min: 0, Avg: 2065.0, Max: 3577, Diff: 3577, Sum: 8260, Workers: 4
[61.393s][debug][gc,phases      ] GC(12)   JNI Weak                       Min:  0.0, Avg:  0.0, Max:  0.0, Diff:  0.0, Sum:  0.0, Workers: 4
[61.393s][debug][gc,phases      ] GC(12)     Dead                           Min: 0, Avg:  0.0, Max: 0, Diff: 0, Sum: 0, Workers: 4
[61.393s][debug][gc,phases      ] GC(12)     Total                          Min: 0, Avg: 11.2, Max: 45, Diff: 45, Sum: 45, Workers: 4
[61.393s][debug][gc,phases      ] GC(12)   StringDedup Table Weak         Min:  0.0, Avg:  0.0, Max:  0.0, Diff:  0.0, Sum:  0.0, Workers: 4
[61.393s][debug][gc,phases      ] GC(12)     Dead                           Min: 0, Avg:  0.0, Max: 0, Diff: 0, Sum: 0, Workers: 4
[61.393s][debug][gc,phases      ] GC(12)     Total                          Min: 0, Avg:  0.0, Max: 0, Diff: 0, Sum: 0, Workers: 4
[61.393s][debug][gc,phases      ] GC(12)   StringDedup Requests0 Weak     Min:  0.0, Avg:  0.0, Max:  0.0, Diff:  0.0, Sum:  0.0, Workers: 4
[61.393s][debug][gc,phases      ] GC(12)     Dead                           Min: 0, Avg:  0.0, Max: 0, Diff: 0, Sum: 0, Workers: 4
[61.393s][debug][gc,phases      ] GC(12)     Total                          Min: 0, Avg:  0.0, Max: 0, Diff: 0, Sum: 0, Workers: 4
[61.393s][debug][gc,phases      ] GC(12)   StringDedup Requests1 Weak     Min:  0.0, Avg:  0.0, Max:  0.0, Diff:  0.0, Sum:  0.0, Workers: 4
[61.393s][debug][gc,phases      ] GC(12)     Dead                           Min: 0, Avg:  0.0, Max: 0, Diff: 0, Sum: 0, Workers: 4
[61.393s][debug][gc,phases      ] GC(12)     Total                          Min: 0, Avg:  0.0, Max: 0, Diff: 0, Sum: 0, Workers: 4
[61.393s][debug][gc,phases      ] GC(12)   Weak JFR Old Object Samples    Min:  0.0, Avg:  0.0, Max:  0.0, Diff:  0.0, Sum:  0.0, Workers: 4
[61.393s][debug][gc,phases      ] GC(12)     Dead                           Min: 0, Avg:  0.0, Max: 0, Diff: 0, Sum: 0, Workers: 4
[61.393s][debug][gc,phases      ] GC(12)     Total                          Min: 0, Avg:  0.0, Max: 0, Diff: 0, Sum: 0, Workers: 4
[61.393s][debug][gc,phases      ] GC(12) Weak Processing 0.796ms
[61.393s][debug][gc,age         ] GC(12) Desired survivor size 428343296 bytes, new threshold 12 (max threshold 15)
[61.393s][info ][gc,heap        ] GC(12) PSYoungGen: 1523252K(1685504K)->282345K(1551872K) Eden: 1269248K(1269248K)->0K(1269248K) From: 254004K(416256K)->282345K(282624K)
[61.393s][info ][gc,heap        ] GC(12) ParOldGen: 12175K(29184K)->12183K(29184K)
[61.393s][info ][gc,metaspace   ] GC(12) Metaspace: 77061K(77952K)->77061K(77952K) NonClass: 65952K(66432K)->65952K(66432K) Class: 11109K(11520K)->11109K(11520K)
[61.393s][info ][gc             ] GC(12) Pause Young (Allocation Failure) 1499M->287M(1544M) 135.923ms
[61.393s][info ][gc,cpu         ] GC(12) User=0.42s Sys=0.03s Real=0.13s
[61.393s][info ][safepoint      ] Safepoint "ParallelGCFailedAllocation", Time since last: 146544697 ns, Reaching safepoint: 120608 ns, At safepoint: 136001777 ns, Total: 136122385 ns
[62.393s][info ][safepoint      ] Safepoint "Cleanup", Time since last: 1000084320 ns, Reaching safepoint: 65505 ns, At safepoint: 2800 ns, Total: 68305 ns
[63.394s][info ][safepoint      ] Safepoint "Cleanup", Time since last: 1000128723 ns, Reaching safepoint: 57103 ns, At safepoint: 5601 ns, Total: 62704 ns
[64.394s][info ][safepoint      ] Safepoint "Cleanup", Time since last: 1000112734 ns, Reaching safepoint: 72105 ns, At safepoint: 2500 ns, Total: 74605 ns
[65.394s][info ][safepoint      ] Safepoint "Cleanup", Time since last: 1000106604 ns, Reaching safepoint: 94307 ns, At safepoint: 5600 ns, Total: 99907 ns
[66.394s][info ][safepoint      ] Safepoint "Cleanup", Time since last: 1000101504 ns, Reaching safepoint: 82606 ns, At safepoint: 7300 ns, Total: 89906 ns
[67.394s][info ][safepoint      ] Safepoint "Cleanup", Time since last: 1000139807 ns, Reaching safepoint: 80905 ns, At safepoint: 3301 ns, Total: 84206 ns
[68.395s][info ][safepoint      ] Safepoint "Cleanup", Time since last: 1000109904 ns, Reaching safepoint: 182513 ns, At safepoint: 4200 ns, Total: 186713 ns
[69.947s][info ][safepoint      ] Safepoint "Cleanup", Time since last: 1552304773 ns, Reaching safepoint: 156711 ns, At safepoint: 9000 ns, Total: 165711 ns
[70.947s][info ][safepoint      ] Safepoint "Cleanup", Time since last: 1000112005 ns, Reaching safepoint: 73805 ns, At safepoint: 6000 ns, Total: 79805 ns
[71.395s][info ][gc,start       ] GC(13) Pause Young (Allocation Failure)
[71.545s][debug][gc,phases      ] GC(13) Scavenge 149.610ms
[71.545s][debug][gc,ref         ] GC(13) Skipped phase 1 of Reference Processing: no references
[71.545s][debug][gc,ref         ] GC(13) ReferenceProcessor::execute queues: 4, RefProcThreadModel::Multi, marks_oops_alive: false
[71.545s][debug][gc,ref         ] GC(13) Skipped phase 3 of Reference Processing: no references
[71.545s][debug][gc,ref         ] GC(13) ReferenceProcessor::execute queues: 1, RefProcThreadModel::Single, marks_oops_alive: false
[71.545s][debug][gc,phases      ] GC(13) Reference Processing 0.747ms
[71.546s][debug][gc,phases      ] GC(13)   VM Weak                        Min:  0.0, Avg:  0.0, Max:  0.0, Diff:  0.0, Sum:  0.0, Workers: 4
[71.546s][debug][gc,phases      ] GC(13)     Dead                           Min: 0, Avg:  0.0, Max: 0, Diff: 0, Sum: 0, Workers: 4
[71.546s][debug][gc,phases      ] GC(13)     Total                          Min: 0, Avg: 173.0, Max: 372, Diff: 372, Sum: 692, Workers: 4
[71.546s][debug][gc,phases      ] GC(13)   ObjectSynchronizer Weak        Min:  0.0, Avg:  0.0, Max:  0.0, Diff:  0.0, Sum:  0.0, Workers: 4
[71.546s][debug][gc,phases      ] GC(13)     Dead                           Min: 0, Avg:  0.0, Max: 0, Diff: 0, Sum: 0, Workers: 4
[71.546s][debug][gc,phases      ] GC(13)     Total                          Min: 0, Avg:  7.0, Max: 28, Diff: 28, Sum: 28, Workers: 4
[71.546s][debug][gc,phases      ] GC(13)   JVMTI Tag Weak OopStorage      Min:  0.0, Avg:  0.0, Max:  0.0, Diff:  0.0, Sum:  0.0, Workers: 4
[71.546s][debug][gc,phases      ] GC(13)     Dead                           Min: 0, Avg:  0.0, Max: 0, Diff: 0, Sum: 0, Workers: 4
[71.546s][debug][gc,phases      ] GC(13)     Total                          Min: 0, Avg:  0.0, Max: 0, Diff: 0, Sum: 0, Workers: 4
[71.546s][debug][gc,phases      ] GC(13)   StringTable Weak               Min:  0.0, Avg:  0.4, Max:  0.5, Diff:  0.5, Sum:  1.5, Workers: 4
[71.546s][debug][gc,phases      ] GC(13)     Dead                           Min: 0, Avg:  0.5, Max: 2, Diff: 2, Sum: 2, Workers: 4
[71.546s][debug][gc,phases      ] GC(13)     Total                          Min: 0, Avg: 10590.0, Max: 14400, Diff: 14400, Sum: 42360, Workers: 4
[71.546s][debug][gc,phases      ] GC(13)   ResolvedMethodTable Weak       Min:  0.0, Avg:  0.1, Max:  0.1, Diff:  0.1, Sum:  0.3, Workers: 4
[71.546s][debug][gc,phases      ] GC(13)     Dead                           Min: 0, Avg:  0.0, Max: 0, Diff: 0, Sum: 0, Workers: 4
[71.546s][debug][gc,phases      ] GC(13)     Total                          Min: 0, Avg: 2070.5, Max: 2812, Diff: 2812, Sum: 8282, Workers: 4
[71.546s][debug][gc,phases      ] GC(13)   JNI Weak                       Min:  0.0, Avg:  0.0, Max:  0.0, Diff:  0.0, Sum:  0.0, Workers: 4
[71.546s][debug][gc,phases      ] GC(13)     Dead                           Min: 0, Avg:  0.0, Max: 0, Diff: 0, Sum: 0, Workers: 4
[71.546s][debug][gc,phases      ] GC(13)     Total                          Min: 0, Avg: 11.2, Max: 45, Diff: 45, Sum: 45, Workers: 4
[71.546s][debug][gc,phases      ] GC(13)   StringDedup Table Weak         Min:  0.0, Avg:  0.0, Max:  0.0, Diff:  0.0, Sum:  0.0, Workers: 4
[71.546s][debug][gc,phases      ] GC(13)     Dead                           Min: 0, Avg:  0.0, Max: 0, Diff: 0, Sum: 0, Workers: 4
[71.546s][debug][gc,phases      ] GC(13)     Total                          Min: 0, Avg:  0.0, Max: 0, Diff: 0, Sum: 0, Workers: 4
[71.546s][debug][gc,phases      ] GC(13)   StringDedup Requests0 Weak     Min:  0.0, Avg:  0.0, Max:  0.0, Diff:  0.0, Sum:  0.0, Workers: 4
[71.546s][debug][gc,phases      ] GC(13)     Dead                           Min: 0, Avg:  0.0, Max: 0, Diff: 0, Sum: 0, Workers: 4
[71.546s][debug][gc,phases      ] GC(13)     Total                          Min: 0, Avg:  0.0, Max: 0, Diff: 0, Sum: 0, Workers: 4
[71.546s][debug][gc,phases      ] GC(13)   StringDedup Requests1 Weak     Min:  0.0, Avg:  0.0, Max:  0.0, Diff:  0.0, Sum:  0.0, Workers: 4
[71.546s][debug][gc,phases      ] GC(13)     Dead                           Min: 0, Avg:  0.0, Max: 0, Diff: 0, Sum: 0, Workers: 4
[71.546s][debug][gc,phases      ] GC(13)     Total                          Min: 0, Avg:  0.0, Max: 0, Diff: 0, Sum: 0, Workers: 4
[71.546s][debug][gc,phases      ] GC(13)   Weak JFR Old Object Samples    Min:  0.0, Avg:  0.0, Max:  0.0, Diff:  0.0, Sum:  0.0, Workers: 4
[71.546s][debug][gc,phases      ] GC(13)     Dead                           Min: 0, Avg:  0.0, Max: 0, Diff: 0, Sum: 0, Workers: 4
[71.546s][debug][gc,phases      ] GC(13)     Total                          Min: 0, Avg:  0.0, Max: 0, Diff: 0, Sum: 0, Workers: 4
[71.546s][debug][gc,phases      ] GC(13) Weak Processing 0.810ms
[71.546s][debug][gc,age         ] GC(13) Desired survivor size 443547648 bytes, new threshold 13 (max threshold 15)
[71.546s][info ][gc,heap        ] GC(13) PSYoungGen: 1551593K(1551872K)->313652K(1649152K) Eden: 1269248K(1269248K)->0K(1230848K) From: 282345K(282624K)->313652K(418304K)
[71.546s][info ][gc,heap        ] GC(13) ParOldGen: 12183K(29184K)->12191K(29184K)
[71.546s][info ][gc,metaspace   ] GC(13) Metaspace: 77300K(78144K)->77300K(78144K) NonClass: 66177K(66624K)->66177K(66624K) Class: 11122K(11520K)->11122K(11520K)
[71.546s][info ][gc             ] GC(13) Pause Young (Allocation Failure) 1527M->318M(1639M) 151.296ms
[71.546s][info ][gc,cpu         ] GC(13) User=0.46s Sys=0.00s Real=0.15s
[71.546s][info ][safepoint      ] Safepoint "ParallelGCFailedAllocation", Time since last: 447424803 ns, Reaching safepoint: 138310 ns, At safepoint: 151375953 ns, Total: 151514263 ns
[72.546s][info ][safepoint      ] Safepoint "Cleanup", Time since last: 1000047860 ns, Reaching safepoint: 69704 ns, At safepoint: 32302 ns, Total: 102006 ns
[73.547s][info ][safepoint      ] Safepoint "Cleanup", Time since last: 1000124136 ns, Reaching safepoint: 105607 ns, At safepoint: 2600 ns, Total: 108207 ns
[74.547s][info ][safepoint      ] Safepoint "Cleanup", Time since last: 1000128635 ns, Reaching safepoint: 52404 ns, At safepoint: 3100 ns, Total: 55504 ns
[75.547s][info ][safepoint      ] Safepoint "Cleanup", Time since last: 1000110834 ns, Reaching safepoint: 82606 ns, At safepoint: 5400 ns, Total: 88006 ns
[76.547s][info ][safepoint      ] Safepoint "Cleanup", Time since last: 1000097534 ns, Reaching safepoint: 52403 ns, At safepoint: 3000 ns, Total: 55403 ns
[77.547s][info ][safepoint      ] Safepoint "Cleanup", Time since last: 1000108035 ns, Reaching safepoint: 71004 ns, At safepoint: 3201 ns, Total: 74205 ns
[78.547s][info ][safepoint      ] Safepoint "Cleanup", Time since last: 1000105733 ns, Reaching safepoint: 57104 ns, At safepoint: 3501 ns, Total: 60605 ns
[79.548s][info ][safepoint      ] Safepoint "Cleanup", Time since last: 1000109134 ns, Reaching safepoint: 48803 ns, At safepoint: 3400 ns, Total: 52203 ns
[80.548s][info ][safepoint      ] Safepoint "Cleanup", Time since last: 1000118666 ns, Reaching safepoint: 82506 ns, At safepoint: 3600 ns, Total: 86106 ns
[81.548s][info ][safepoint      ] Safepoint "Cleanup", Time since last: 1000114981 ns, Reaching safepoint: 47303 ns, At safepoint: 3600 ns, Total: 50903 ns
[82.548s][info ][safepoint      ] Safepoint "Cleanup", Time since last: 1000122182 ns, Reaching safepoint: 46603 ns, At safepoint: 3400 ns, Total: 50003 ns
[83.548s][info ][safepoint      ] Safepoint "Cleanup", Time since last: 1000108880 ns, Reaching safepoint: 48304 ns, At safepoint: 2900 ns, Total: 51204 ns
[84.549s][info ][safepoint      ] Safepoint "Cleanup", Time since last: 1000130582 ns, Reaching safepoint: 58004 ns, At safepoint: 5900 ns, Total: 63904 ns
[86.549s][info ][safepoint      ] Safepoint "Cleanup", Time since last: 2000187159 ns, Reaching safepoint: 51704 ns, At safepoint: 5100 ns, Total: 56804 ns
[87.549s][info ][safepoint      ] Safepoint "Cleanup", Time since last: 1000119281 ns, Reaching safepoint: 75005 ns, At safepoint: 3300 ns, Total: 78305 ns
[88.549s][info ][safepoint      ] Safepoint "Cleanup", Time since last: 1000114276 ns, Reaching safepoint: 58204 ns, At safepoint: 3000 ns, Total: 61204 ns
[89.549s][info ][safepoint      ] Safepoint "Cleanup", Time since last: 1000111735 ns, Reaching safepoint: 60204 ns, At safepoint: 3000 ns, Total: 63204 ns
[91.550s][info ][safepoint      ] Safepoint "Cleanup", Time since last: 2000144165 ns, Reaching safepoint: 35802 ns, At safepoint: 3201 ns, Total: 39003 ns
[92.550s][info ][safepoint      ] Safepoint "Cleanup", Time since last: 1000115635 ns, Reaching safepoint: 62704 ns, At safepoint: 6000 ns, Total: 68704 ns
[93.550s][info ][safepoint      ] Safepoint "Cleanup", Time since last: 1000110135 ns, Reaching safepoint: 55004 ns, At safepoint: 3000 ns, Total: 58004 ns
[94.550s][info ][safepoint      ] Safepoint "Cleanup", Time since last: 1000112335 ns, Reaching safepoint: 49203 ns, At safepoint: 5501 ns, Total: 54704 ns
[94.758s][info ][gc,start       ] GC(14) Pause Young (Allocation Failure)
[94.893s][debug][gc,phases      ] GC(14) Scavenge 134.178ms
[94.893s][debug][gc,ref         ] GC(14) Skipped phase 1 of Reference Processing: no references
[94.893s][debug][gc,ref         ] GC(14) ReferenceProcessor::execute queues: 4, RefProcThreadModel::Multi, marks_oops_alive: false
[94.893s][debug][gc,ref         ] GC(14) Skipped phase 3 of Reference Processing: no references
[94.893s][debug][gc,ref         ] GC(14) ReferenceProcessor::execute queues: 1, RefProcThreadModel::Single, marks_oops_alive: false
[94.893s][debug][gc,phases      ] GC(14) Reference Processing 0.744ms
[94.894s][debug][gc,phases      ] GC(14)   VM Weak                        Min:  0.0, Avg:  0.0, Max:  0.0, Diff:  0.0, Sum:  0.0, Workers: 4
[94.894s][debug][gc,phases      ] GC(14)     Dead                           Min: 0, Avg:  0.0, Max: 0, Diff: 0, Sum: 0, Workers: 4
[94.894s][debug][gc,phases      ] GC(14)     Total                          Min: 0, Avg: 173.2, Max: 373, Diff: 373, Sum: 693, Workers: 4
[94.894s][debug][gc,phases      ] GC(14)   ObjectSynchronizer Weak        Min:  0.0, Avg:  0.0, Max:  0.0, Diff:  0.0, Sum:  0.0, Workers: 4
[94.894s][debug][gc,phases      ] GC(14)     Dead                           Min: 0, Avg:  0.0, Max: 0, Diff: 0, Sum: 0, Workers: 4
[94.894s][debug][gc,phases      ] GC(14)     Total                          Min: 0, Avg:  7.0, Max: 28, Diff: 28, Sum: 28, Workers: 4
[94.894s][debug][gc,phases      ] GC(14)   JVMTI Tag Weak OopStorage      Min:  0.0, Avg:  0.0, Max:  0.0, Diff:  0.0, Sum:  0.0, Workers: 4
[94.894s][debug][gc,phases      ] GC(14)     Dead                           Min: 0, Avg:  0.0, Max: 0, Diff: 0, Sum: 0, Workers: 4
[94.894s][debug][gc,phases      ] GC(14)     Total                          Min: 0, Avg:  0.0, Max: 0, Diff: 0, Sum: 0, Workers: 4
[94.894s][debug][gc,phases      ] GC(14)   StringTable Weak               Min:  0.0, Avg:  0.4, Max:  0.5, Diff:  0.5, Sum:  1.6, Workers: 4
[94.894s][debug][gc,phases      ] GC(14)     Dead                           Min: 0, Avg:  0.2, Max: 1, Diff: 1, Sum: 1, Workers: 4
[94.894s][debug][gc,phases      ] GC(14)     Total                          Min: 0, Avg: 10615.2, Max: 14941, Diff: 14941, Sum: 42461, Workers: 4
[94.894s][debug][gc,phases      ] GC(14)   ResolvedMethodTable Weak       Min:  0.0, Avg:  0.1, Max:  0.1, Diff:  0.1, Sum:  0.4, Workers: 4
[94.894s][debug][gc,phases      ] GC(14)     Dead                           Min: 0, Avg:  0.0, Max: 0, Diff: 0, Sum: 0, Workers: 4
[94.894s][debug][gc,phases      ] GC(14)     Total                          Min: 0, Avg: 2075.2, Max: 2862, Diff: 2862, Sum: 8301, Workers: 4
[94.894s][debug][gc,phases      ] GC(14)   JNI Weak                       Min:  0.0, Avg:  0.0, Max:  0.0, Diff:  0.0, Sum:  0.0, Workers: 4
[94.894s][debug][gc,phases      ] GC(14)     Dead                           Min: 0, Avg:  0.0, Max: 0, Diff: 0, Sum: 0, Workers: 4
[94.894s][debug][gc,phases      ] GC(14)     Total                          Min: 0, Avg: 11.2, Max: 45, Diff: 45, Sum: 45, Workers: 4
[94.894s][debug][gc,phases      ] GC(14)   StringDedup Table Weak         Min:  0.0, Avg:  0.0, Max:  0.0, Diff:  0.0, Sum:  0.0, Workers: 4
[94.894s][debug][gc,phases      ] GC(14)     Dead                           Min: 0, Avg:  0.0, Max: 0, Diff: 0, Sum: 0, Workers: 4
[94.894s][debug][gc,phases      ] GC(14)     Total                          Min: 0, Avg:  0.0, Max: 0, Diff: 0, Sum: 0, Workers: 4
[94.894s][debug][gc,phases      ] GC(14)   StringDedup Requests0 Weak     Min:  0.0, Avg:  0.0, Max:  0.0, Diff:  0.0, Sum:  0.0, Workers: 4
[94.894s][debug][gc,phases      ] GC(14)     Dead                           Min: 0, Avg:  0.0, Max: 0, Diff: 0, Sum: 0, Workers: 4
[94.894s][debug][gc,phases      ] GC(14)     Total                          Min: 0, Avg:  0.0, Max: 0, Diff: 0, Sum: 0, Workers: 4
[94.894s][debug][gc,phases      ] GC(14)   StringDedup Requests1 Weak     Min:  0.0, Avg:  0.0, Max:  0.0, Diff:  0.0, Sum:  0.0, Workers: 4
[94.894s][debug][gc,phases      ] GC(14)     Dead                           Min: 0, Avg:  0.0, Max: 0, Diff: 0, Sum: 0, Workers: 4
[94.894s][debug][gc,phases      ] GC(14)     Total                          Min: 0, Avg:  0.0, Max: 0, Diff: 0, Sum: 0, Workers: 4
[94.894s][debug][gc,phases      ] GC(14)   Weak JFR Old Object Samples    Min:  0.0, Avg:  0.0, Max:  0.0, Diff:  0.0, Sum:  0.0, Workers: 4
[94.894s][debug][gc,phases      ] GC(14)     Dead                           Min: 0, Avg:  0.0, Max: 0, Diff: 0, Sum: 0, Workers: 4
[94.894s][debug][gc,phases      ] GC(14)     Total                          Min: 0, Avg:  0.0, Max: 0, Diff: 0, Sum: 0, Workers: 4
[94.894s][debug][gc,phases      ] GC(14) Weak Processing 0.924ms
[94.894s][debug][gc,age         ] GC(14) Desired survivor size 452460544 bytes, new threshold 14 (max threshold 15)
[94.894s][info ][gc,heap        ] GC(14) PSYoungGen: 1544500K(1649152K)->307493K(1538560K) Eden: 1230848K(1230848K)->0K(1230848K) From: 313652K(418304K)->307493K(307712K)
[94.894s][info ][gc,heap        ] GC(14) ParOldGen: 12191K(29184K)->12199K(29184K)
[94.894s][info ][gc,metaspace   ] GC(14) Metaspace: 77397K(78272K)->77397K(78272K) NonClass: 66259K(66752K)->66259K(66752K) Class: 11137K(11520K)->11137K(11520K)
[94.894s][info ][gc             ] GC(14) Pause Young (Allocation Failure) 1520M->312M(1531M) 136.004ms
[94.894s][info ][gc,cpu         ] GC(14) User=0.44s Sys=0.00s Real=0.13s
[94.894s][info ][safepoint      ] Safepoint "ParallelGCFailedAllocation", Time since last: 208167111 ns, Reaching safepoint: 54504 ns, At safepoint: 136098695 ns, Total: 136153199 ns
[95.894s][info ][safepoint      ] Safepoint "Cleanup", Time since last: 1000090433 ns, Reaching safepoint: 53204 ns, At safepoint: 3800 ns, Total: 57004 ns
[96.895s][info ][safepoint      ] Safepoint "Cleanup", Time since last: 1000124140 ns, Reaching safepoint: 59404 ns, At safepoint: 3000 ns, Total: 62404 ns
[97.895s][info ][safepoint      ] Safepoint "Cleanup", Time since last: 1000109933 ns, Reaching safepoint: 67105 ns, At safepoint: 4900 ns, Total: 72005 ns
[98.895s][info ][safepoint      ] Safepoint "Cleanup", Time since last: 1000114234 ns, Reaching safepoint: 53804 ns, At safepoint: 3700 ns, Total: 57504 ns
[99.895s][info ][safepoint      ] Safepoint "Cleanup", Time since last: 1000103033 ns, Reaching safepoint: 61504 ns, At safepoint: 3300 ns, Total: 64804 ns
[100.895s][info ][safepoint      ] Safepoint "Cleanup", Time since last: 1000127235 ns, Reaching safepoint: 46103 ns, At safepoint: 4100 ns, Total: 50203 ns
[101.896s][info ][safepoint      ] Safepoint "Cleanup", Time since last: 1000114934 ns, Reaching safepoint: 43603 ns, At safepoint: 3000 ns, Total: 46603 ns
[103.196s][info ][safepoint      ] Safepoint "Cleanup", Time since last: 1300117032 ns, Reaching safepoint: 125509 ns, At safepoint: 5700 ns, Total: 131209 ns
[104.196s][info ][safepoint      ] Safepoint "Cleanup", Time since last: 1000116034 ns, Reaching safepoint: 64904 ns, At safepoint: 3200 ns, Total: 68104 ns
[105.844s][info ][safepoint      ] Safepoint "Cleanup", Time since last: 1647953397 ns, Reaching safepoint: 118808 ns, At safepoint: 11801 ns, Total: 130609 ns
[106.844s][info ][safepoint      ] Safepoint "Cleanup", Time since last: 1000131734 ns, Reaching safepoint: 62404 ns, At safepoint: 2700 ns, Total: 65104 ns
[107.844s][info ][safepoint      ] Safepoint "Cleanup", Time since last: 1000114433 ns, Reaching safepoint: 84406 ns, At safepoint: 6000 ns, Total: 90406 ns
[108.845s][info ][safepoint      ] Safepoint "Cleanup", Time since last: 1000113033 ns, Reaching safepoint: 62804 ns, At safepoint: 3000 ns, Total: 65804 ns
[109.845s][info ][safepoint      ] Safepoint "Cleanup", Time since last: 1000066230 ns, Reaching safepoint: 56004 ns, At safepoint: 6000 ns, Total: 62004 ns
[112.845s][info ][safepoint      ] Safepoint "Cleanup", Time since last: 3000256592 ns, Reaching safepoint: 48403 ns, At safepoint: 5800 ns, Total: 54203 ns
[114.845s][info ][safepoint      ] Safepoint "Cleanup", Time since last: 2000134557 ns, Reaching safepoint: 51003 ns, At safepoint: 2801 ns, Total: 53804 ns
[116.846s][info ][safepoint      ] Safepoint "Cleanup", Time since last: 2000165158 ns, Reaching safepoint: 67005 ns, At safepoint: 3200 ns, Total: 70205 ns
[117.846s][info ][safepoint      ] Safepoint "Cleanup", Time since last: 1000112932 ns, Reaching safepoint: 45203 ns, At safepoint: 3100 ns, Total: 48303 ns
[119.846s][info ][safepoint      ] Safepoint "Cleanup", Time since last: 2000179059 ns, Reaching safepoint: 47204 ns, At safepoint: 3200 ns, Total: 50404 ns
[122.846s][info ][safepoint      ] Safepoint "Cleanup", Time since last: 3000234288 ns, Reaching safepoint: 48604 ns, At safepoint: 3900 ns, Total: 52504 ns
[123.314s][info ][gc,start       ] GC(15) Pause Young (Allocation Failure)
[123.449s][debug][gc,phases      ] GC(15) Scavenge 134.629ms
[123.449s][debug][gc,ref         ] GC(15) Skipped phase 1 of Reference Processing: no references
[123.449s][debug][gc,ref         ] GC(15) ReferenceProcessor::execute queues: 4, RefProcThreadModel::Multi, marks_oops_alive: false
[123.450s][debug][gc,ref         ] GC(15) Skipped phase 3 of Reference Processing: no references
[123.450s][debug][gc,ref         ] GC(15) ReferenceProcessor::execute queues: 1, RefProcThreadModel::Single, marks_oops_alive: false
[123.450s][debug][gc,phases      ] GC(15) Reference Processing 0.685ms
[123.450s][debug][gc,phases      ] GC(15)   VM Weak                        Min:  0.0, Avg:  0.0, Max:  0.0, Diff:  0.0, Sum:  0.0, Workers: 4
[123.450s][debug][gc,phases      ] GC(15)     Dead                           Min: 0, Avg:  0.0, Max: 0, Diff: 0, Sum: 0, Workers: 4
[123.450s][debug][gc,phases      ] GC(15)     Total                          Min: 64, Avg: 173.2, Max: 309, Diff: 245, Sum: 693, Workers: 4
[123.450s][debug][gc,phases      ] GC(15)   ObjectSynchronizer Weak        Min:  0.0, Avg:  0.0, Max:  0.0, Diff:  0.0, Sum:  0.0, Workers: 4
[123.450s][debug][gc,phases      ] GC(15)     Dead                           Min: 0, Avg:  0.0, Max: 0, Diff: 0, Sum: 0, Workers: 4
[123.450s][debug][gc,phases      ] GC(15)     Total                          Min: 0, Avg:  7.0, Max: 28, Diff: 28, Sum: 28, Workers: 4
[123.450s][debug][gc,phases      ] GC(15)   JVMTI Tag Weak OopStorage      Min:  0.0, Avg:  0.0, Max:  0.0, Diff:  0.0, Sum:  0.0, Workers: 4
[123.450s][debug][gc,phases      ] GC(15)     Dead                           Min: 0, Avg:  0.0, Max: 0, Diff: 0, Sum: 0, Workers: 4
[123.450s][debug][gc,phases      ] GC(15)     Total                          Min: 0, Avg:  0.0, Max: 0, Diff: 0, Sum: 0, Workers: 4
[123.450s][debug][gc,phases      ] GC(15)   StringTable Weak               Min:  0.4, Avg:  0.4, Max:  0.4, Diff:  0.0, Sum:  1.7, Workers: 4
[123.451s][debug][gc,phases      ] GC(15)     Dead                           Min: 0, Avg:  0.0, Max: 0, Diff: 0, Sum: 0, Workers: 4
[123.451s][debug][gc,phases      ] GC(15)     Total                          Min: 10112, Avg: 10626.5, Max: 11648, Diff: 1536, Sum: 42506, Workers: 4
[123.451s][debug][gc,phases      ] GC(15)   ResolvedMethodTable Weak       Min:  0.1, Avg:  0.1, Max:  0.1, Diff:  0.0, Sum:  0.4, Workers: 4
[123.451s][debug][gc,phases      ] GC(15)     Dead                           Min: 0, Avg:  0.0, Max: 0, Diff: 0, Sum: 0, Workers: 4
[123.451s][debug][gc,phases      ] GC(15)     Total                          Min: 1885, Avg: 2075.2, Max: 2324, Diff: 439, Sum: 8301, Workers: 4
[123.451s][debug][gc,phases      ] GC(15)   JNI Weak                       Min:  0.0, Avg:  0.0, Max:  0.0, Diff:  0.0, Sum:  0.0, Workers: 4
[123.451s][debug][gc,phases      ] GC(15)     Dead                           Min: 0, Avg:  0.0, Max: 0, Diff: 0, Sum: 0, Workers: 4
[123.451s][debug][gc,phases      ] GC(15)     Total                          Min: 0, Avg: 11.2, Max: 45, Diff: 45, Sum: 45, Workers: 4
[123.451s][debug][gc,phases      ] GC(15)   StringDedup Table Weak         Min:  0.0, Avg:  0.0, Max:  0.0, Diff:  0.0, Sum:  0.0, Workers: 4
[123.451s][debug][gc,phases      ] GC(15)     Dead                           Min: 0, Avg:  0.0, Max: 0, Diff: 0, Sum: 0, Workers: 4
[123.451s][debug][gc,phases      ] GC(15)     Total                          Min: 0, Avg:  0.0, Max: 0, Diff: 0, Sum: 0, Workers: 4
[123.451s][debug][gc,phases      ] GC(15)   StringDedup Requests0 Weak     Min:  0.0, Avg:  0.0, Max:  0.0, Diff:  0.0, Sum:  0.0, Workers: 4
[123.451s][debug][gc,phases      ] GC(15)     Dead                           Min: 0, Avg:  0.0, Max: 0, Diff: 0, Sum: 0, Workers: 4
[123.451s][debug][gc,phases      ] GC(15)     Total                          Min: 0, Avg:  0.0, Max: 0, Diff: 0, Sum: 0, Workers: 4
[123.451s][debug][gc,phases      ] GC(15)   StringDedup Requests1 Weak     Min:  0.0, Avg:  0.0, Max:  0.0, Diff:  0.0, Sum:  0.0, Workers: 4
[123.451s][debug][gc,phases      ] GC(15)     Dead                           Min: 0, Avg:  0.0, Max: 0, Diff: 0, Sum: 0, Workers: 4
[123.451s][debug][gc,phases      ] GC(15)     Total                          Min: 0, Avg:  0.0, Max: 0, Diff: 0, Sum: 0, Workers: 4
[123.451s][debug][gc,phases      ] GC(15)   Weak JFR Old Object Samples    Min:  0.0, Avg:  0.0, Max:  0.0, Diff:  0.0, Sum:  0.0, Workers: 4
[123.451s][debug][gc,phases      ] GC(15)     Dead                           Min: 0, Avg:  0.0, Max: 0, Diff: 0, Sum: 0, Workers: 4
[123.451s][debug][gc,phases      ] GC(15)     Total                          Min: 0, Avg:  0.0, Max: 0, Diff: 0, Sum: 0, Workers: 4
[123.451s][debug][gc,phases      ] GC(15) Weak Processing 0.719ms
[123.451s][debug][gc,age         ] GC(15) Desired survivor size 457179136 bytes, new threshold 15 (max threshold 15)
[123.451s][info ][gc,heap        ] GC(15) PSYoungGen: 1538341K(1538560K)->305196K(1646080K) Eden: 1230848K(1230848K)->0K(1204224K) From: 307493K(307712K)->305196K(441856K)
[123.451s][info ][gc,heap        ] GC(15) ParOldGen: 12199K(29184K)->12207K(29184K)
[123.451s][info ][gc,metaspace   ] GC(15) Metaspace: 77418K(78272K)->77418K(78272K) NonClass: 66281K(66752K)->66281K(66752K) Class: 11137K(11520K)->11137K(11520K)
[123.451s][info ][gc             ] GC(15) Pause Young (Allocation Failure) 1514M->309M(1636M) 136.171ms
[123.451s][info ][gc,cpu         ] GC(15) User=0.42s Sys=0.00s Real=0.14s
[123.451s][info ][safepoint      ] Safepoint "ParallelGCFailedAllocation", Time since last: 468128384 ns, Reaching safepoint: 112608 ns, At safepoint: 136259310 ns, Total: 136371918 ns
[124.451s][info ][safepoint      ] Safepoint "Cleanup", Time since last: 1000088430 ns, Reaching safepoint: 53404 ns, At safepoint: 3400 ns, Total: 56804 ns
[126.451s][info ][safepoint      ] Safepoint "Cleanup", Time since last: 2000187161 ns, Reaching safepoint: 49704 ns, At safepoint: 4200 ns, Total: 53904 ns
[127.451s][info ][safepoint      ] Safepoint "Cleanup", Time since last: 1000126533 ns, Reaching safepoint: 46803 ns, At safepoint: 4400 ns, Total: 51203 ns
[129.451s][info ][safepoint      ] Safepoint "Cleanup", Time since last: 2000180356 ns, Reaching safepoint: 53104 ns, At safepoint: 3000 ns, Total: 56104 ns
[130.452s][info ][safepoint      ] Safepoint "Cleanup", Time since last: 1000069624 ns, Reaching safepoint: 49103 ns, At safepoint: 2600 ns, Total: 51703 ns
[132.452s][info ][safepoint      ] Safepoint "Cleanup", Time since last: 2000181951 ns, Reaching safepoint: 62205 ns, At safepoint: 6300 ns, Total: 68505 ns
[135.452s][info ][safepoint      ] Safepoint "Cleanup", Time since last: 3000273076 ns, Reaching safepoint: 41203 ns, At safepoint: 3201 ns, Total: 44404 ns
[136.452s][info ][safepoint      ] Safepoint "Cleanup", Time since last: 1000115426 ns, Reaching safepoint: 42503 ns, At safepoint: 3300 ns, Total: 45803 ns
[137.453s][info ][safepoint      ] Safepoint "Cleanup", Time since last: 1000119018 ns, Reaching safepoint: 48903 ns, At safepoint: 2800 ns, Total: 51703 ns
[139.453s][info ][safepoint      ] Safepoint "Cleanup", Time since last: 2000190732 ns, Reaching safepoint: 57504 ns, At safepoint: 3400 ns, Total: 60904 ns
[140.453s][info ][safepoint      ] Safepoint "Cleanup", Time since last: 1000121318 ns, Reaching safepoint: 48303 ns, At safepoint: 3600 ns, Total: 51903 ns
[141.453s][info ][safepoint      ] Safepoint "Cleanup", Time since last: 1000101017 ns, Reaching safepoint: 45803 ns, At safepoint: 7500 ns, Total: 53303 ns
[143.453s][info ][safepoint      ] Safepoint "Cleanup", Time since last: 2000164230 ns, Reaching safepoint: 46703 ns, At safepoint: 4001 ns, Total: 50704 ns
[146.454s][info ][safepoint      ] Safepoint "Cleanup", Time since last: 3000241749 ns, Reaching safepoint: 49503 ns, At safepoint: 4401 ns, Total: 53904 ns
[147.454s][info ][safepoint      ] Safepoint "Cleanup", Time since last: 1000093318 ns, Reaching safepoint: 44903 ns, At safepoint: 4000 ns, Total: 48903 ns
[148.454s][info ][safepoint      ] Safepoint "Cleanup", Time since last: 1000107619 ns, Reaching safepoint: 65804 ns, At safepoint: 5601 ns, Total: 71405 ns
[150.454s][info ][safepoint      ] Safepoint "Cleanup", Time since last: 2000138232 ns, Reaching safepoint: 48304 ns, At safepoint: 4400 ns, Total: 52704 ns
[151.454s][info ][safepoint      ] Safepoint "Cleanup", Time since last: 1000134921 ns, Reaching safepoint: 50703 ns, At safepoint: 3700 ns, Total: 54403 ns
[152.454s][info ][safepoint      ] Safepoint "Cleanup", Time since last: 1000122518 ns, Reaching safepoint: 47203 ns, At safepoint: 5200 ns, Total: 52403 ns
[153.358s][info ][gc,start       ] GC(16) Pause Young (Allocation Failure)
[153.485s][debug][gc,phases      ] GC(16) Scavenge 127.637ms
[153.485s][debug][gc,ref         ] GC(16) Skipped phase 1 of Reference Processing: no references
[153.486s][debug][gc,ref         ] GC(16) ReferenceProcessor::execute queues: 4, RefProcThreadModel::Multi, marks_oops_alive: false
[153.486s][debug][gc,ref         ] GC(16) Skipped phase 3 of Reference Processing: no references
[153.486s][debug][gc,ref         ] GC(16) ReferenceProcessor::execute queues: 1, RefProcThreadModel::Single, marks_oops_alive: false
[153.486s][debug][gc,phases      ] GC(16) Reference Processing 0.902ms
[153.487s][debug][gc,phases      ] GC(16)   VM Weak                        Min:  0.0, Avg:  0.0, Max:  0.0, Diff:  0.0, Sum:  0.0, Workers: 4
[153.487s][debug][gc,phases      ] GC(16)     Dead                           Min: 0, Avg:  0.0, Max: 0, Diff: 0, Sum: 0, Workers: 4
[153.487s][debug][gc,phases      ] GC(16)     Total                          Min: 0, Avg: 173.2, Max: 384, Diff: 384, Sum: 693, Workers: 4
[153.487s][debug][gc,phases      ] GC(16)   ObjectSynchronizer Weak        Min:  0.0, Avg:  0.0, Max:  0.0, Diff:  0.0, Sum:  0.0, Workers: 4
[153.487s][debug][gc,phases      ] GC(16)     Dead                           Min: 0, Avg:  0.0, Max: 0, Diff: 0, Sum: 0, Workers: 4
[153.487s][debug][gc,phases      ] GC(16)     Total                          Min: 0, Avg:  7.0, Max: 28, Diff: 28, Sum: 28, Workers: 4
[153.487s][debug][gc,phases      ] GC(16)   JVMTI Tag Weak OopStorage      Min:  0.0, Avg:  0.0, Max:  0.0, Diff:  0.0, Sum:  0.0, Workers: 4
[153.487s][debug][gc,phases      ] GC(16)     Dead                           Min: 0, Avg:  0.0, Max: 0, Diff: 0, Sum: 0, Workers: 4
[153.487s][debug][gc,phases      ] GC(16)     Total                          Min: 0, Avg:  0.0, Max: 0, Diff: 0, Sum: 0, Workers: 4
[153.487s][debug][gc,phases      ] GC(16)   StringTable Weak               Min:  0.0, Avg:  0.4, Max:  0.5, Diff:  0.5, Sum:  1.6, Workers: 4
[153.487s][debug][gc,phases      ] GC(16)     Dead                           Min: 0, Avg:  0.0, Max: 0, Diff: 0, Sum: 0, Workers: 4
[153.487s][debug][gc,phases      ] GC(16)     Total                          Min: 0, Avg: 10638.2, Max: 14400, Diff: 14400, Sum: 42553, Workers: 4
[153.487s][debug][gc,phases      ] GC(16)   ResolvedMethodTable Weak       Min:  0.0, Avg:  0.1, Max:  0.2, Diff:  0.2, Sum:  0.5, Workers: 4
[153.487s][debug][gc,phases      ] GC(16)     Dead                           Min: 0, Avg:  0.2, Max: 1, Diff: 1, Sum: 1, Workers: 4
[153.487s][debug][gc,phases      ] GC(16)     Total                          Min: 0, Avg: 2075.5, Max: 3267, Diff: 3267, Sum: 8302, Workers: 4
[153.487s][debug][gc,phases      ] GC(16)   JNI Weak                       Min:  0.0, Avg:  0.0, Max:  0.0, Diff:  0.0, Sum:  0.0, Workers: 4
[153.487s][debug][gc,phases      ] GC(16)     Dead                           Min: 0, Avg:  0.0, Max: 0, Diff: 0, Sum: 0, Workers: 4
[153.487s][debug][gc,phases      ] GC(16)     Total                          Min: 0, Avg: 11.2, Max: 45, Diff: 45, Sum: 45, Workers: 4
[153.487s][debug][gc,phases      ] GC(16)   StringDedup Table Weak         Min:  0.0, Avg:  0.0, Max:  0.0, Diff:  0.0, Sum:  0.0, Workers: 4
[153.487s][debug][gc,phases      ] GC(16)     Dead                           Min: 0, Avg:  0.0, Max: 0, Diff: 0, Sum: 0, Workers: 4
[153.487s][debug][gc,phases      ] GC(16)     Total                          Min: 0, Avg:  0.0, Max: 0, Diff: 0, Sum: 0, Workers: 4
[153.487s][debug][gc,phases      ] GC(16)   StringDedup Requests0 Weak     Min:  0.0, Avg:  0.0, Max:  0.0, Diff:  0.0, Sum:  0.0, Workers: 4
[153.487s][debug][gc,phases      ] GC(16)     Dead                           Min: 0, Avg:  0.0, Max: 0, Diff: 0, Sum: 0, Workers: 4
[153.487s][debug][gc,phases      ] GC(16)     Total                          Min: 0, Avg:  0.0, Max: 0, Diff: 0, Sum: 0, Workers: 4
[153.487s][debug][gc,phases      ] GC(16)   StringDedup Requests1 Weak     Min:  0.0, Avg:  0.0, Max:  0.0, Diff:  0.0, Sum:  0.0, Workers: 4
[153.487s][debug][gc,phases      ] GC(16)     Dead                           Min: 0, Avg:  0.0, Max: 0, Diff: 0, Sum: 0, Workers: 4
[153.487s][debug][gc,phases      ] GC(16)     Total                          Min: 0, Avg:  0.0, Max: 0, Diff: 0, Sum: 0, Workers: 4
[153.487s][debug][gc,phases      ] GC(16)   Weak JFR Old Object Samples    Min:  0.0, Avg:  0.0, Max:  0.0, Diff:  0.0, Sum:  0.0, Workers: 4
[153.487s][debug][gc,phases      ] GC(16)     Dead                           Min: 0, Avg:  0.0, Max: 0, Diff: 0, Sum: 0, Workers: 4
[153.487s][debug][gc,phases      ] GC(16)     Total                          Min: 0, Avg:  0.0, Max: 0, Diff: 0, Sum: 0, Workers: 4
[153.487s][debug][gc,phases      ] GC(16) Weak Processing 0.942ms
[153.487s][debug][gc,age         ] GC(16) Desired survivor size 459800576 bytes, new threshold 15 (max threshold 15)
[153.487s][info ][gc,heap        ] GC(16) PSYoungGen: 1509420K(1646080K)->305266K(1509888K) Eden: 1204224K(1204224K)->0K(1204224K) From: 305196K(441856K)->305266K(305664K)
[153.487s][info ][gc,heap        ] GC(16) ParOldGen: 12207K(29184K)->12215K(29184K)
[153.487s][info ][gc,metaspace   ] GC(16) Metaspace: 77435K(78272K)->77435K(78272K) NonClass: 66297K(66752K)->66297K(66752K) Class: 11138K(11520K)->11138K(11520K)
[153.487s][info ][gc             ] GC(16) Pause Young (Allocation Failure) 1485M->310M(1503M) 129.622ms
[153.487s][info ][gc,cpu         ] GC(16) User=0.42s Sys=0.00s Real=0.12s
[153.487s][info ][safepoint      ] Safepoint "ParallelGCFailedAllocation", Time since last: 903175246 ns, Reaching safepoint: 35002 ns, At safepoint: 129701053 ns, Total: 129736055 ns
[162.488s][info ][safepoint      ] Safepoint "Cleanup", Time since last: 9000648482 ns, Reaching safepoint: 61304 ns, At safepoint: 3701 ns, Total: 65005 ns
[163.488s][info ][safepoint      ] Safepoint "Cleanup", Time since last: 1000111285 ns, Reaching safepoint: 48103 ns, At safepoint: 2800 ns, Total: 50903 ns
[166.489s][info ][safepoint      ] Safepoint "Cleanup", Time since last: 3000258350 ns, Reaching safepoint: 51104 ns, At safepoint: 4900 ns, Total: 56004 ns
[169.489s][info ][safepoint      ] Safepoint "Cleanup", Time since last: 3000228839 ns, Reaching safepoint: 42803 ns, At safepoint: 3200 ns, Total: 46003 ns
[174.489s][info ][safepoint      ] Safepoint "Cleanup", Time since last: 5000377800 ns, Reaching safepoint: 70105 ns, At safepoint: 3800 ns, Total: 73905 ns
[177.490s][info ][safepoint      ] Safepoint "Cleanup", Time since last: 3000218119 ns, Reaching safepoint: 54703 ns, At safepoint: 3001 ns, Total: 57704 ns
[184.508s][info ][gc,start       ] GC(17) Pause Young (Allocation Failure)
[184.634s][debug][gc,phases      ] GC(17) Scavenge 126.738ms
[184.634s][debug][gc,ref         ] GC(17) Skipped phase 1 of Reference Processing: no references
[184.635s][debug][gc,ref         ] GC(17) ReferenceProcessor::execute queues: 4, RefProcThreadModel::Multi, marks_oops_alive: false
[184.635s][debug][gc,ref         ] GC(17) Skipped phase 3 of Reference Processing: no references
[184.635s][debug][gc,ref         ] GC(17) ReferenceProcessor::execute queues: 1, RefProcThreadModel::Single, marks_oops_alive: false
[184.635s][debug][gc,phases      ] GC(17) Reference Processing 0.713ms
[184.636s][debug][gc,phases      ] GC(17)   VM Weak                        Min:  0.0, Avg:  0.0, Max:  0.0, Diff:  0.0, Sum:  0.0, Workers: 4
[184.636s][debug][gc,phases      ] GC(17)     Dead                           Min: 0, Avg:  0.0, Max: 0, Diff: 0, Sum: 0, Workers: 4
[184.636s][debug][gc,phases      ] GC(17)     Total                          Min: 0, Avg: 173.2, Max: 373, Diff: 373, Sum: 693, Workers: 4
[184.636s][debug][gc,phases      ] GC(17)   ObjectSynchronizer Weak        Min:  0.0, Avg:  0.0, Max:  0.0, Diff:  0.0, Sum:  0.0, Workers: 4
[184.636s][debug][gc,phases      ] GC(17)     Dead                           Min: 0, Avg:  0.0, Max: 0, Diff: 0, Sum: 0, Workers: 4
[184.636s][debug][gc,phases      ] GC(17)     Total                          Min: 0, Avg:  7.0, Max: 28, Diff: 28, Sum: 28, Workers: 4
[184.636s][debug][gc,phases      ] GC(17)   JVMTI Tag Weak OopStorage      Min:  0.0, Avg:  0.0, Max:  0.0, Diff:  0.0, Sum:  0.0, Workers: 4
[184.636s][debug][gc,phases      ] GC(17)     Dead                           Min: 0, Avg:  0.0, Max: 0, Diff: 0, Sum: 0, Workers: 4
[184.636s][debug][gc,phases      ] GC(17)     Total                          Min: 0, Avg:  0.0, Max: 0, Diff: 0, Sum: 0, Workers: 4
[184.636s][debug][gc,phases      ] GC(17)   StringTable Weak               Min:  0.0, Avg:  0.4, Max:  0.6, Diff:  0.6, Sum:  1.7, Workers: 4
[184.636s][debug][gc,phases      ] GC(17)     Dead                           Min: 0, Avg:  0.0, Max: 0, Diff: 0, Sum: 0, Workers: 4
[184.636s][debug][gc,phases      ] GC(17)     Total                          Min: 0, Avg: 10642.8, Max: 15104, Diff: 15104, Sum: 42571, Workers: 4
[184.636s][debug][gc,phases      ] GC(17)   ResolvedMethodTable Weak       Min:  0.0, Avg:  0.1, Max:  0.1, Diff:  0.1, Sum:  0.4, Workers: 4
[184.636s][debug][gc,phases      ] GC(17)     Dead                           Min: 0, Avg:  0.0, Max: 0, Diff: 0, Sum: 0, Workers: 4
[184.636s][debug][gc,phases      ] GC(17)     Total                          Min: 0, Avg: 2075.5, Max: 2798, Diff: 2798, Sum: 8302, Workers: 4
[184.636s][debug][gc,phases      ] GC(17)   JNI Weak                       Min:  0.0, Avg:  0.0, Max:  0.0, Diff:  0.0, Sum:  0.0, Workers: 4
[184.636s][debug][gc,phases      ] GC(17)     Dead                           Min: 0, Avg:  0.0, Max: 0, Diff: 0, Sum: 0, Workers: 4
[184.636s][debug][gc,phases      ] GC(17)     Total                          Min: 0, Avg: 11.2, Max: 45, Diff: 45, Sum: 45, Workers: 4
[184.636s][debug][gc,phases      ] GC(17)   StringDedup Table Weak         Min:  0.0, Avg:  0.0, Max:  0.0, Diff:  0.0, Sum:  0.0, Workers: 4
[184.636s][debug][gc,phases      ] GC(17)     Dead                           Min: 0, Avg:  0.0, Max: 0, Diff: 0, Sum: 0, Workers: 4
[184.636s][debug][gc,phases      ] GC(17)     Total                          Min: 0, Avg:  0.0, Max: 0, Diff: 0, Sum: 0, Workers: 4
[184.636s][debug][gc,phases      ] GC(17)   StringDedup Requests0 Weak     Min:  0.0, Avg:  0.0, Max:  0.0, Diff:  0.0, Sum:  0.0, Workers: 4
[184.636s][debug][gc,phases      ] GC(17)     Dead                           Min: 0, Avg:  0.0, Max: 0, Diff: 0, Sum: 0, Workers: 4
[184.636s][debug][gc,phases      ] GC(17)     Total                          Min: 0, Avg:  0.0, Max: 0, Diff: 0, Sum: 0, Workers: 4
[184.636s][debug][gc,phases      ] GC(17)   StringDedup Requests1 Weak     Min:  0.0, Avg:  0.0, Max:  0.0, Diff:  0.0, Sum:  0.0, Workers: 4
[184.636s][debug][gc,phases      ] GC(17)     Dead                           Min: 0, Avg:  0.0, Max: 0, Diff: 0, Sum: 0, Workers: 4
[184.636s][debug][gc,phases      ] GC(17)     Total                          Min: 0, Avg:  0.0, Max: 0, Diff: 0, Sum: 0, Workers: 4
[184.636s][debug][gc,phases      ] GC(17)   Weak JFR Old Object Samples    Min:  0.0, Avg:  0.0, Max:  0.0, Diff:  0.0, Sum:  0.0, Workers: 4
[184.636s][debug][gc,phases      ] GC(17)     Dead                           Min: 0, Avg:  0.0, Max: 0, Diff: 0, Sum: 0, Workers: 4
[184.636s][debug][gc,phases      ] GC(17)     Total                          Min: 0, Avg:  0.0, Max: 0, Diff: 0, Sum: 0, Workers: 4
[184.636s][debug][gc,phases      ] GC(17) Weak Processing 0.891ms
[184.636s][debug][gc,age         ] GC(17) Desired survivor size 460324864 bytes, new threshold 15 (max threshold 15)
[184.636s][info ][gc,heap        ] GC(17) PSYoungGen: 1509490K(1509888K)->305220K(1647104K) Eden: 1204224K(1204224K)->0K(1198080K) From: 305266K(305664K)->305220K(449024K)
[184.636s][info ][gc,heap        ] GC(17) ParOldGen: 12215K(29184K)->12223K(29184K)
[184.636s][info ][gc,metaspace   ] GC(17) Metaspace: 77443K(78272K)->77443K(78272K) NonClass: 66305K(66752K)->66305K(66752K) Class: 11138K(11520K)->11138K(11520K)
[184.636s][info ][gc             ] GC(17) Pause Young (Allocation Failure) 1486M->310M(1637M) 128.517ms
[184.636s][info ][gc,cpu         ] GC(17) User=0.42s Sys=0.01s Real=0.14s
[184.636s][info ][safepoint      ] Safepoint "ParallelGCFailedAllocation", Time since last: 7017970593 ns, Reaching safepoint: 34203 ns, At safepoint: 128612965 ns, Total: 128647168 ns
[185.636s][info ][safepoint      ] Safepoint "Cleanup", Time since last: 1000052355 ns, Reaching safepoint: 47503 ns, At safepoint: 4801 ns, Total: 52304 ns
[191.637s][info ][safepoint      ] Safepoint "Cleanup", Time since last: 6000466742 ns, Reaching safepoint: 48603 ns, At safepoint: 7001 ns, Total: 55604 ns
[216.861s][info ][gc,start       ] GC(18) Pause Young (Allocation Failure)
[216.986s][debug][gc,phases      ] GC(18) Scavenge 124.843ms
[216.986s][debug][gc,ref         ] GC(18) Skipped phase 1 of Reference Processing: no references
[216.986s][debug][gc,ref         ] GC(18) ReferenceProcessor::execute queues: 4, RefProcThreadModel::Multi, marks_oops_alive: false
[216.986s][debug][gc,ref         ] GC(18) Skipped phase 3 of Reference Processing: no references
[216.986s][debug][gc,ref         ] GC(18) ReferenceProcessor::execute queues: 1, RefProcThreadModel::Single, marks_oops_alive: false
[216.986s][debug][gc,phases      ] GC(18) Reference Processing 0.707ms
[216.987s][debug][gc,phases      ] GC(18)   VM Weak                        Min:  0.0, Avg:  0.0, Max:  0.0, Diff:  0.0, Sum:  0.0, Workers: 4
[216.987s][debug][gc,phases      ] GC(18)     Dead                           Min: 0, Avg:  0.0, Max: 0, Diff: 0, Sum: 0, Workers: 4
[216.987s][debug][gc,phases      ] GC(18)     Total                          Min: 0, Avg: 173.2, Max: 384, Diff: 384, Sum: 693, Workers: 4
[216.987s][debug][gc,phases      ] GC(18)   ObjectSynchronizer Weak        Min:  0.0, Avg:  0.0, Max:  0.0, Diff:  0.0, Sum:  0.0, Workers: 4
[216.987s][debug][gc,phases      ] GC(18)     Dead                           Min: 0, Avg:  0.0, Max: 0, Diff: 0, Sum: 0, Workers: 4
[216.987s][debug][gc,phases      ] GC(18)     Total                          Min: 0, Avg:  7.0, Max: 28, Diff: 28, Sum: 28, Workers: 4
[216.987s][debug][gc,phases      ] GC(18)   JVMTI Tag Weak OopStorage      Min:  0.0, Avg:  0.0, Max:  0.0, Diff:  0.0, Sum:  0.0, Workers: 4
[216.987s][debug][gc,phases      ] GC(18)     Dead                           Min: 0, Avg:  0.0, Max: 0, Diff: 0, Sum: 0, Workers: 4
[216.987s][debug][gc,phases      ] GC(18)     Total                          Min: 0, Avg:  0.0, Max: 0, Diff: 0, Sum: 0, Workers: 4
[216.987s][debug][gc,phases      ] GC(18)   StringTable Weak               Min:  0.0, Avg:  0.4, Max:  0.6, Diff:  0.6, Sum:  1.7, Workers: 4
[216.987s][debug][gc,phases      ] GC(18)     Dead                           Min: 0, Avg:  0.0, Max: 0, Diff: 0, Sum: 0, Workers: 4
[216.987s][debug][gc,phases      ] GC(18)     Total                          Min: 0, Avg: 10642.8, Max: 15104, Diff: 15104, Sum: 42571, Workers: 4
[216.987s][debug][gc,phases      ] GC(18)   ResolvedMethodTable Weak       Min:  0.0, Avg:  0.1, Max:  0.1, Diff:  0.1, Sum:  0.4, Workers: 4
[216.987s][debug][gc,phases      ] GC(18)     Dead                           Min: 0, Avg:  0.0, Max: 0, Diff: 0, Sum: 0, Workers: 4
[216.987s][debug][gc,phases      ] GC(18)     Total                          Min: 0, Avg: 2075.5, Max: 2965, Diff: 2965, Sum: 8302, Workers: 4
[216.987s][debug][gc,phases      ] GC(18)   JNI Weak                       Min:  0.0, Avg:  0.0, Max:  0.0, Diff:  0.0, Sum:  0.0, Workers: 4
[216.987s][debug][gc,phases      ] GC(18)     Dead                           Min: 0, Avg:  0.0, Max: 0, Diff: 0, Sum: 0, Workers: 4
[216.987s][debug][gc,phases      ] GC(18)     Total                          Min: 0, Avg: 11.2, Max: 45, Diff: 45, Sum: 45, Workers: 4
[216.987s][debug][gc,phases      ] GC(18)   StringDedup Table Weak         Min:  0.0, Avg:  0.0, Max:  0.0, Diff:  0.0, Sum:  0.0, Workers: 4
[216.987s][debug][gc,phases      ] GC(18)     Dead                           Min: 0, Avg:  0.0, Max: 0, Diff: 0, Sum: 0, Workers: 4
[216.987s][debug][gc,phases      ] GC(18)     Total                          Min: 0, Avg:  0.0, Max: 0, Diff: 0, Sum: 0, Workers: 4
[216.987s][debug][gc,phases      ] GC(18)   StringDedup Requests0 Weak     Min:  0.0, Avg:  0.0, Max:  0.0, Diff:  0.0, Sum:  0.0, Workers: 4
[216.987s][debug][gc,phases      ] GC(18)     Dead                           Min: 0, Avg:  0.0, Max: 0, Diff: 0, Sum: 0, Workers: 4
[216.987s][debug][gc,phases      ] GC(18)     Total                          Min: 0, Avg:  0.0, Max: 0, Diff: 0, Sum: 0, Workers: 4
[216.987s][debug][gc,phases      ] GC(18)   StringDedup Requests1 Weak     Min:  0.0, Avg:  0.0, Max:  0.0, Diff:  0.0, Sum:  0.0, Workers: 4
[216.987s][debug][gc,phases      ] GC(18)     Dead                           Min: 0, Avg:  0.0, Max: 0, Diff: 0, Sum: 0, Workers: 4
[216.987s][debug][gc,phases      ] GC(18)     Total                          Min: 0, Avg:  0.0, Max: 0, Diff: 0, Sum: 0, Workers: 4
[216.987s][debug][gc,phases      ] GC(18)   Weak JFR Old Object Samples    Min:  0.0, Avg:  0.0, Max:  0.0, Diff:  0.0, Sum:  0.0, Workers: 4
[216.987s][debug][gc,phases      ] GC(18)     Dead                           Min: 0, Avg:  0.0, Max: 0, Diff: 0, Sum: 0, Workers: 4
[216.987s][debug][gc,phases      ] GC(18)     Total                          Min: 0, Avg:  0.0, Max: 0, Diff: 0, Sum: 0, Workers: 4
[216.987s][debug][gc,phases      ] GC(18) Weak Processing 0.868ms
[216.987s][debug][gc,age         ] GC(18) Desired survivor size 459276288 bytes, new threshold 15 (max threshold 15)
[216.987s][info ][gc,heap        ] GC(18) PSYoungGen: 1503300K(1647104K)->305340K(1647616K) Eden: 1198080K(1198080K)->0K(1198080K) From: 305220K(449024K)->305340K(449536K)
[216.987s][info ][gc,heap        ] GC(18) ParOldGen: 12223K(29184K)->12223K(29184K)
[216.987s][info ][gc,metaspace   ] GC(18) Metaspace: 77445K(78272K)->77445K(78272K) NonClass: 66307K(66752K)->66307K(66752K) Class: 11138K(11520K)->11138K(11520K)
[216.987s][info ][gc             ] GC(18) Pause Young (Allocation Failure) 1480M->310M(1637M) 126.567ms
[216.987s][info ][gc,cpu         ] GC(18) User=0.43s Sys=0.00s Real=0.12s
[216.987s][info ][safepoint      ] Safepoint "ParallelGCFailedAllocation", Time since last: 25223647198 ns, Reaching safepoint: 179112 ns, At safepoint: 126642335 ns, Total: 126821447 ns
[217.987s][info ][safepoint      ] Safepoint "Cleanup", Time since last: 1000084989 ns, Reaching safepoint: 45803 ns, At safepoint: 2800 ns, Total: 48603 ns
[226.988s][info ][safepoint      ] Safepoint "Cleanup", Time since last: 9000623198 ns, Reaching safepoint: 51603 ns, At safepoint: 23502 ns, Total: 75105 ns
[238.989s][info ][safepoint      ] Safepoint "Cleanup", Time since last: 12000773455 ns, Reaching safepoint: 44503 ns, At safepoint: 3701 ns, Total: 48204 ns
[249.458s][info ][gc,start       ] GC(19) Pause Young (Allocation Failure)
[249.584s][debug][gc,phases      ] GC(19) Scavenge 126.207ms
[249.584s][debug][gc,ref         ] GC(19) Skipped phase 1 of Reference Processing: no references
[249.584s][debug][gc,ref         ] GC(19) ReferenceProcessor::execute queues: 4, RefProcThreadModel::Multi, marks_oops_alive: false
[249.585s][debug][gc,ref         ] GC(19) Skipped phase 3 of Reference Processing: no references
[249.585s][debug][gc,ref         ] GC(19) ReferenceProcessor::execute queues: 1, RefProcThreadModel::Single, marks_oops_alive: false
[249.585s][debug][gc,phases      ] GC(19) Reference Processing 0.636ms
[249.586s][debug][gc,phases      ] GC(19)   VM Weak                        Min:  0.0, Avg:  0.0, Max:  0.0, Diff:  0.0, Sum:  0.0, Workers: 4
[249.586s][debug][gc,phases      ] GC(19)     Dead                           Min: 0, Avg:  0.0, Max: 0, Diff: 0, Sum: 0, Workers: 4
[249.586s][debug][gc,phases      ] GC(19)     Total                          Min: 0, Avg: 173.2, Max: 320, Diff: 320, Sum: 693, Workers: 4
[249.586s][debug][gc,phases      ] GC(19)   ObjectSynchronizer Weak        Min:  0.0, Avg:  0.0, Max:  0.0, Diff:  0.0, Sum:  0.0, Workers: 4
[249.586s][debug][gc,phases      ] GC(19)     Dead                           Min: 0, Avg:  0.0, Max: 0, Diff: 0, Sum: 0, Workers: 4
[249.586s][debug][gc,phases      ] GC(19)     Total                          Min: 0, Avg:  7.0, Max: 28, Diff: 28, Sum: 28, Workers: 4
[249.586s][debug][gc,phases      ] GC(19)   JVMTI Tag Weak OopStorage      Min:  0.0, Avg:  0.0, Max:  0.0, Diff:  0.0, Sum:  0.0, Workers: 4
[249.586s][debug][gc,phases      ] GC(19)     Dead                           Min: 0, Avg:  0.0, Max: 0, Diff: 0, Sum: 0, Workers: 4
[249.586s][debug][gc,phases      ] GC(19)     Total                          Min: 0, Avg:  0.0, Max: 0, Diff: 0, Sum: 0, Workers: 4
[249.586s][debug][gc,phases      ] GC(19)   StringTable Weak               Min:  0.0, Avg:  0.5, Max:  0.6, Diff:  0.6, Sum:  1.8, Workers: 4
[249.586s][debug][gc,phases      ] GC(19)     Dead                           Min: 0, Avg:  0.0, Max: 0, Diff: 0, Sum: 0, Workers: 4
[249.586s][debug][gc,phases      ] GC(19)     Total                          Min: 0, Avg: 10643.5, Max: 14464, Diff: 14464, Sum: 42574, Workers: 4
[249.586s][debug][gc,phases      ] GC(19)   ResolvedMethodTable Weak       Min:  0.0, Avg:  0.1, Max:  0.1, Diff:  0.1, Sum:  0.4, Workers: 4
[249.586s][debug][gc,phases      ] GC(19)     Dead                           Min: 0, Avg:  0.0, Max: 0, Diff: 0, Sum: 0, Workers: 4
[249.586s][debug][gc,phases      ] GC(19)     Total                          Min: 0, Avg: 2075.5, Max: 2862, Diff: 2862, Sum: 8302, Workers: 4
[249.586s][debug][gc,phases      ] GC(19)   JNI Weak                       Min:  0.0, Avg:  0.0, Max:  0.0, Diff:  0.0, Sum:  0.0, Workers: 4
[249.586s][debug][gc,phases      ] GC(19)     Dead                           Min: 0, Avg:  0.0, Max: 0, Diff: 0, Sum: 0, Workers: 4
[249.586s][debug][gc,phases      ] GC(19)     Total                          Min: 0, Avg: 11.2, Max: 45, Diff: 45, Sum: 45, Workers: 4
[249.586s][debug][gc,phases      ] GC(19)   StringDedup Table Weak         Min:  0.0, Avg:  0.0, Max:  0.0, Diff:  0.0, Sum:  0.0, Workers: 4
[249.586s][debug][gc,phases      ] GC(19)     Dead                           Min: 0, Avg:  0.0, Max: 0, Diff: 0, Sum: 0, Workers: 4
[249.586s][debug][gc,phases      ] GC(19)     Total                          Min: 0, Avg:  0.0, Max: 0, Diff: 0, Sum: 0, Workers: 4
[249.586s][debug][gc,phases      ] GC(19)   StringDedup Requests0 Weak     Min:  0.0, Avg:  0.0, Max:  0.0, Diff:  0.0, Sum:  0.0, Workers: 4
[249.586s][debug][gc,phases      ] GC(19)     Dead                           Min: 0, Avg:  0.0, Max: 0, Diff: 0, Sum: 0, Workers: 4
[249.586s][debug][gc,phases      ] GC(19)     Total                          Min: 0, Avg:  0.0, Max: 0, Diff: 0, Sum: 0, Workers: 4
[249.586s][debug][gc,phases      ] GC(19)   StringDedup Requests1 Weak     Min:  0.0, Avg:  0.0, Max:  0.0, Diff:  0.0, Sum:  0.0, Workers: 4
[249.586s][debug][gc,phases      ] GC(19)     Dead                           Min: 0, Avg:  0.0, Max: 0, Diff: 0, Sum: 0, Workers: 4
[249.586s][debug][gc,phases      ] GC(19)     Total                          Min: 0, Avg:  0.0, Max: 0, Diff: 0, Sum: 0, Workers: 4
[249.586s][debug][gc,phases      ] GC(19)   Weak JFR Old Object Samples    Min:  0.0, Avg:  0.0, Max:  0.0, Diff:  0.0, Sum:  0.0, Workers: 4
[249.586s][debug][gc,phases      ] GC(19)     Dead                           Min: 0, Avg:  0.0, Max: 0, Diff: 0, Sum: 0, Workers: 4
[249.586s][debug][gc,phases      ] GC(19)     Total                          Min: 0, Avg:  0.0, Max: 0, Diff: 0, Sum: 0, Workers: 4
[249.586s][debug][gc,phases      ] GC(19) Weak Processing 0.931ms
[249.586s][debug][gc,age         ] GC(19) Desired survivor size 447217664 bytes, new threshold 15 (max threshold 15)
[249.586s][info ][gc,heap        ] GC(19) PSYoungGen: 1503420K(1647616K)->280171K(1660416K) Eden: 1198080K(1198080K)->0K(1211904K) From: 305340K(449536K)->280171K(448512K)
[249.586s][info ][gc,heap        ] GC(19) ParOldGen: 12223K(29184K)->37387K(37888K)
[249.586s][info ][gc,metaspace   ] GC(19) Metaspace: 77446K(78272K)->77446K(78272K) NonClass: 66308K(66752K)->66308K(66752K) Class: 11138K(11520K)->11138K(11520K)
[249.586s][info ][gc             ] GC(19) Pause Young (Allocation Failure) 1480M->310M(1658M) 127.917ms
[249.586s][info ][gc,cpu         ] GC(19) User=0.43s Sys=0.00s Real=0.12s
[249.586s][debug][gc,phases      ] GC(20) Pre Compact 0.010ms
[249.586s][info ][gc,start       ] GC(20) Pause Full (Ergonomics)
[249.586s][info ][gc,phases,start] GC(20) Marking Phase
[249.711s][debug][gc,phases      ] GC(20) Par Mark 125.029ms
[249.711s][debug][gc,ref         ] GC(20) Skipped phase 1 of Reference Processing: no references
[249.711s][debug][gc,ref         ] GC(20) ReferenceProcessor::execute queues: 4, RefProcThreadModel::Multi, marks_oops_alive: false
[249.711s][debug][gc,ref         ] GC(20) Skipped phase 3 of Reference Processing: no references
[249.711s][debug][gc,ref         ] GC(20) ReferenceProcessor::execute queues: 1, RefProcThreadModel::Single, marks_oops_alive: false
[249.712s][debug][gc,phases      ] GC(20) Reference Processing 0.314ms
[249.712s][debug][gc,phases      ] GC(20)   VM Weak                        Min:  0.0, Avg:  0.0, Max:  0.0, Diff:  0.0, Sum:  0.0, Workers: 4
[249.712s][debug][gc,phases      ] GC(20)     Dead                           Min: 0, Avg:  0.0, Max: 0, Diff: 0, Sum: 0, Workers: 4
[249.712s][debug][gc,phases      ] GC(20)     Total                          Min: 64, Avg: 173.2, Max: 320, Diff: 256, Sum: 693, Workers: 4
[249.712s][debug][gc,phases      ] GC(20)   ObjectSynchronizer Weak        Min:  0.0, Avg:  0.0, Max:  0.0, Diff:  0.0, Sum:  0.0, Workers: 4
[249.712s][debug][gc,phases      ] GC(20)     Dead                           Min: 0, Avg:  0.0, Max: 0, Diff: 0, Sum: 0, Workers: 4
[249.712s][debug][gc,phases      ] GC(20)     Total                          Min: 0, Avg:  7.0, Max: 28, Diff: 28, Sum: 28, Workers: 4
[249.712s][debug][gc,phases      ] GC(20)   JVMTI Tag Weak OopStorage      Min:  0.0, Avg:  0.0, Max:  0.0, Diff:  0.0, Sum:  0.0, Workers: 4
[249.712s][debug][gc,phases      ] GC(20)     Dead                           Min: 0, Avg:  0.0, Max: 0, Diff: 0, Sum: 0, Workers: 4
[249.712s][debug][gc,phases      ] GC(20)     Total                          Min: 0, Avg:  0.0, Max: 0, Diff: 0, Sum: 0, Workers: 4
[249.712s][debug][gc,phases      ] GC(20)   StringTable Weak               Min:  0.2, Avg:  0.2, Max:  0.2, Diff:  0.0, Sum:  0.7, Workers: 4
[249.712s][debug][gc,phases      ] GC(20)     Dead                           Min: 0, Avg:  0.0, Max: 0, Diff: 0, Sum: 0, Workers: 4
[249.712s][debug][gc,phases      ] GC(20)     Total                          Min: 9792, Avg: 10643.5, Max: 11456, Diff: 1664, Sum: 42574, Workers: 4
[249.712s][debug][gc,phases      ] GC(20)   ResolvedMethodTable Weak       Min:  0.0, Avg:  0.0, Max:  0.0, Diff:  0.0, Sum:  0.1, Workers: 4
[249.712s][debug][gc,phases      ] GC(20)     Dead                           Min: 0, Avg:  0.0, Max: 0, Diff: 0, Sum: 0, Workers: 4
[249.712s][debug][gc,phases      ] GC(20)     Total                          Min: 1647, Avg: 2075.5, Max: 2286, Diff: 639, Sum: 8302, Workers: 4
[249.712s][debug][gc,phases      ] GC(20)   JNI Weak                       Min:  0.0, Avg:  0.0, Max:  0.0, Diff:  0.0, Sum:  0.0, Workers: 4
[249.712s][debug][gc,phases      ] GC(20)     Dead                           Min: 0, Avg:  0.0, Max: 0, Diff: 0, Sum: 0, Workers: 4
[249.712s][debug][gc,phases      ] GC(20)     Total                          Min: 0, Avg: 11.2, Max: 45, Diff: 45, Sum: 45, Workers: 4
[249.712s][debug][gc,phases      ] GC(20)   StringDedup Table Weak         Min:  0.0, Avg:  0.0, Max:  0.0, Diff:  0.0, Sum:  0.0, Workers: 4
[249.712s][debug][gc,phases      ] GC(20)     Dead                           Min: 0, Avg:  0.0, Max: 0, Diff: 0, Sum: 0, Workers: 4
[249.712s][debug][gc,phases      ] GC(20)     Total                          Min: 0, Avg:  0.0, Max: 0, Diff: 0, Sum: 0, Workers: 4
[249.712s][debug][gc,phases      ] GC(20)   StringDedup Requests0 Weak     Min:  0.0, Avg:  0.0, Max:  0.0, Diff:  0.0, Sum:  0.0, Workers: 4
[249.712s][debug][gc,phases      ] GC(20)     Dead                           Min: 0, Avg:  0.0, Max: 0, Diff: 0, Sum: 0, Workers: 4
[249.712s][debug][gc,phases      ] GC(20)     Total                          Min: 0, Avg:  0.0, Max: 0, Diff: 0, Sum: 0, Workers: 4
[249.712s][debug][gc,phases      ] GC(20)   StringDedup Requests1 Weak     Min:  0.0, Avg:  0.0, Max:  0.0, Diff:  0.0, Sum:  0.0, Workers: 4
[249.712s][debug][gc,phases      ] GC(20)     Dead                           Min: 0, Avg:  0.0, Max: 0, Diff: 0, Sum: 0, Workers: 4
[249.712s][debug][gc,phases      ] GC(20)     Total                          Min: 0, Avg:  0.0, Max: 0, Diff: 0, Sum: 0, Workers: 4
[249.712s][debug][gc,phases      ] GC(20)   Weak JFR Old Object Samples    Min:  0.0, Avg:  0.0, Max:  0.0, Diff:  0.0, Sum:  0.0, Workers: 4
[249.712s][debug][gc,phases      ] GC(20)     Dead                           Min: 0, Avg:  0.0, Max: 0, Diff: 0, Sum: 0, Workers: 4
[249.712s][debug][gc,phases      ] GC(20)     Total                          Min: 0, Avg:  0.0, Max: 0, Diff: 0, Sum: 0, Workers: 4
[249.712s][debug][gc,phases      ] GC(20) Weak Processing 0.401ms
[249.712s][debug][gc,phases      ] GC(20) ClassLoaderData 0.094ms
[249.712s][debug][gc,phases      ] GC(20) Trigger cleanups 0.000ms
[249.729s][debug][gc,phases      ] GC(20) Class Unloading 16.900ms
[249.729s][info ][gc,phases      ] GC(20) Marking Phase 142.836ms
[249.729s][info ][gc,phases,start] GC(20) Summary Phase
[249.729s][info ][gc,phases      ] GC(20) Summary Phase 0.012ms
[249.729s][info ][gc,phases,start] GC(20) Adjust Roots
[249.750s][info ][gc,phases      ] GC(20) Adjust Roots 20.607ms
[249.750s][info ][gc,phases,start] GC(20) Compaction Phase
[250.540s][info ][gc,phases      ] GC(20) Compaction Phase 790.526ms
[250.540s][info ][gc,phases,start] GC(20) Post Compact
[250.543s][info ][gc,phases      ] GC(20) Post Compact 2.667ms
[250.543s][info ][gc,heap        ] GC(20) PSYoungGen: 280171K(1660416K)->277743K(1660416K) Eden: 0K(1211904K)->0K(1211904K) From: 280171K(448512K)->277743K(448512K)
[250.543s][info ][gc,heap        ] GC(20) ParOldGen: 37387K(37888K)->37607K(73216K)
[250.543s][info ][gc,metaspace   ] GC(20) Metaspace: 77446K(78272K)->77446K(78272K) NonClass: 66308K(66752K)->66308K(66752K) Class: 11138K(11520K)->11138K(11520K)
[250.543s][info ][gc             ] GC(20) Pause Full (Ergonomics) 310M->307M(1693M) 956.894ms
[250.543s][info ][gc,cpu         ] GC(20) User=2.46s Sys=0.01s Real=0.96s
[250.543s][info ][safepoint      ] Safepoint "ParallelGCFailedAllocation", Time since last: 10469047695 ns, Reaching safepoint: 37403 ns, At safepoint: 1084952427 ns, Total: 1084989830 ns
[255.543s][info ][safepoint      ] Safepoint "Cleanup", Time since last: 5000328399 ns, Reaching safepoint: 44003 ns, At safepoint: 5500 ns, Total: 49503 ns
[267.544s][info ][safepoint      ] Safepoint "Cleanup", Time since last: 12000817382 ns, Reaching safepoint: 44103 ns, At safepoint: 2800 ns, Total: 46903 ns
[268.544s][info ][safepoint      ] Safepoint "Cleanup", Time since last: 1000125425 ns, Reaching safepoint: 54804 ns, At safepoint: 5300 ns, Total: 60104 ns
[270.545s][info ][safepoint      ] Safepoint "Cleanup", Time since last: 2000182145 ns, Reaching safepoint: 47303 ns, At safepoint: 4100 ns, Total: 51403 ns
[275.545s][info ][safepoint      ] Safepoint "Cleanup", Time since last: 5000354226 ns, Reaching safepoint: 53404 ns, At safepoint: 3500 ns, Total: 56904 ns
[282.458s][info ][gc,start       ] GC(21) Pause Young (Allocation Failure)
[282.585s][debug][gc,phases      ] GC(21) Scavenge 127.305ms
[282.585s][debug][gc,ref         ] GC(21) Skipped phase 1 of Reference Processing: no references
[282.585s][debug][gc,ref         ] GC(21) ReferenceProcessor::execute queues: 1, RefProcThreadModel::Single, marks_oops_alive: false
[282.585s][debug][gc,ref         ] GC(21) Skipped phase 3 of Reference Processing: no references
[282.585s][debug][gc,ref         ] GC(21) ReferenceProcessor::execute queues: 1, RefProcThreadModel::Single, marks_oops_alive: false
[282.585s][debug][gc,phases      ] GC(21) Reference Processing 0.262ms
[282.586s][debug][gc,phases      ] GC(21)   VM Weak                        Min:  0.0, Avg:  0.0, Max:  0.0, Diff:  0.0, Sum:  0.0, Workers: 4
[282.586s][debug][gc,phases      ] GC(21)     Dead                           Min: 0, Avg:  0.0, Max: 0, Diff: 0, Sum: 0, Workers: 4
[282.586s][debug][gc,phases      ] GC(21)     Total                          Min: 0, Avg: 173.2, Max: 384, Diff: 384, Sum: 693, Workers: 4
[282.586s][debug][gc,phases      ] GC(21)   ObjectSynchronizer Weak        Min:  0.0, Avg:  0.0, Max:  0.0, Diff:  0.0, Sum:  0.0, Workers: 4
[282.586s][debug][gc,phases      ] GC(21)     Dead                           Min: 0, Avg:  0.0, Max: 0, Diff: 0, Sum: 0, Workers: 4
[282.586s][debug][gc,phases      ] GC(21)     Total                          Min: 0, Avg:  7.0, Max: 28, Diff: 28, Sum: 28, Workers: 4
[282.586s][debug][gc,phases      ] GC(21)   JVMTI Tag Weak OopStorage      Min:  0.0, Avg:  0.0, Max:  0.0, Diff:  0.0, Sum:  0.0, Workers: 4
[282.586s][debug][gc,phases      ] GC(21)     Dead                           Min: 0, Avg:  0.0, Max: 0, Diff: 0, Sum: 0, Workers: 4
[282.586s][debug][gc,phases      ] GC(21)     Total                          Min: 0, Avg:  0.0, Max: 0, Diff: 0, Sum: 0, Workers: 4
[282.586s][debug][gc,phases      ] GC(21)   StringTable Weak               Min:  0.0, Avg:  0.3, Max:  0.4, Diff:  0.4, Sum:  1.3, Workers: 4
[282.586s][debug][gc,phases      ] GC(21)     Dead                           Min: 0, Avg:  0.0, Max: 0, Diff: 0, Sum: 0, Workers: 4
[282.586s][debug][gc,phases      ] GC(21)     Total                          Min: 0, Avg: 10646.8, Max: 14400, Diff: 14400, Sum: 42587, Workers: 4
[282.586s][debug][gc,phases      ] GC(21)   ResolvedMethodTable Weak       Min:  0.0, Avg:  0.1, Max:  0.1, Diff:  0.1, Sum:  0.4, Workers: 4
[282.586s][debug][gc,phases      ] GC(21)     Dead                           Min: 0, Avg:  0.0, Max: 0, Diff: 0, Sum: 0, Workers: 4
[282.586s][debug][gc,phases      ] GC(21)     Total                          Min: 0, Avg: 2075.5, Max: 2961, Diff: 2961, Sum: 8302, Workers: 4
[282.586s][debug][gc,phases      ] GC(21)   JNI Weak                       Min:  0.0, Avg:  0.0, Max:  0.0, Diff:  0.0, Sum:  0.0, Workers: 4
[282.586s][debug][gc,phases      ] GC(21)     Dead                           Min: 0, Avg:  0.0, Max: 0, Diff: 0, Sum: 0, Workers: 4
[282.586s][debug][gc,phases      ] GC(21)     Total                          Min: 0, Avg: 11.2, Max: 45, Diff: 45, Sum: 45, Workers: 4
[282.586s][debug][gc,phases      ] GC(21)   StringDedup Table Weak         Min:  0.0, Avg:  0.0, Max:  0.0, Diff:  0.0, Sum:  0.0, Workers: 4
[282.586s][debug][gc,phases      ] GC(21)     Dead                           Min: 0, Avg:  0.0, Max: 0, Diff: 0, Sum: 0, Workers: 4
[282.586s][debug][gc,phases      ] GC(21)     Total                          Min: 0, Avg:  0.0, Max: 0, Diff: 0, Sum: 0, Workers: 4
[282.586s][debug][gc,phases      ] GC(21)   StringDedup Requests0 Weak     Min:  0.0, Avg:  0.0, Max:  0.0, Diff:  0.0, Sum:  0.0, Workers: 4
[282.586s][debug][gc,phases      ] GC(21)     Dead                           Min: 0, Avg:  0.0, Max: 0, Diff: 0, Sum: 0, Workers: 4
[282.586s][debug][gc,phases      ] GC(21)     Total                          Min: 0, Avg:  0.0, Max: 0, Diff: 0, Sum: 0, Workers: 4
[282.586s][debug][gc,phases      ] GC(21)   StringDedup Requests1 Weak     Min:  0.0, Avg:  0.0, Max:  0.0, Diff:  0.0, Sum:  0.0, Workers: 4
[282.586s][debug][gc,phases      ] GC(21)     Dead                           Min: 0, Avg:  0.0, Max: 0, Diff: 0, Sum: 0, Workers: 4
[282.586s][debug][gc,phases      ] GC(21)     Total                          Min: 0, Avg:  0.0, Max: 0, Diff: 0, Sum: 0, Workers: 4
[282.586s][debug][gc,phases      ] GC(21)   Weak JFR Old Object Samples    Min:  0.0, Avg:  0.0, Max:  0.0, Diff:  0.0, Sum:  0.0, Workers: 4
[282.586s][debug][gc,phases      ] GC(21)     Dead                           Min: 0, Avg:  0.0, Max: 0, Diff: 0, Sum: 0, Workers: 4
[282.586s][debug][gc,phases      ] GC(21)     Total                          Min: 0, Avg:  0.0, Max: 0, Diff: 0, Sum: 0, Workers: 4
[282.586s][debug][gc,phases      ] GC(21) Weak Processing 0.794ms
[282.586s][debug][gc,age         ] GC(21) Desired survivor size 436207616 bytes, new threshold 15 (max threshold 15)
[282.586s][info ][gc,heap        ] GC(21) PSYoungGen: 1489647K(1660416K)->225109K(1648640K) Eden: 1211904K(1211904K)->0K(1211904K) From: 277743K(448512K)->225109K(436736K)
[282.586s][info ][gc,heap        ] GC(21) ParOldGen: 37607K(73216K)->92213K(92672K)
[282.586s][info ][gc,metaspace   ] GC(21) Metaspace: 77446K(78272K)->77446K(78272K) NonClass: 66308K(66752K)->66308K(66752K) Class: 11138K(11520K)->11138K(11520K)
[282.586s][info ][gc             ] GC(21) Pause Young (Allocation Failure) 1491M->309M(1700M) 128.518ms
[282.586s][info ][gc,cpu         ] GC(21) User=0.42s Sys=0.01s Real=0.12s
[282.586s][debug][gc,phases      ] GC(22) Pre Compact 0.012ms
[282.586s][info ][gc,start       ] GC(22) Pause Full (Ergonomics)
[282.586s][info ][gc,phases,start] GC(22) Marking Phase
[282.711s][debug][gc,phases      ] GC(22) Par Mark 124.874ms
[282.711s][debug][gc,ref         ] GC(22) Skipped phase 1 of Reference Processing: no references
[282.711s][debug][gc,ref         ] GC(22) ReferenceProcessor::execute queues: 4, RefProcThreadModel::Multi, marks_oops_alive: false
[282.712s][debug][gc,ref         ] GC(22) Skipped phase 3 of Reference Processing: no references
[282.712s][debug][gc,ref         ] GC(22) ReferenceProcessor::execute queues: 1, RefProcThreadModel::Single, marks_oops_alive: false
[282.712s][debug][gc,phases      ] GC(22) Reference Processing 0.883ms
[282.712s][debug][gc,phases      ] GC(22)   VM Weak                        Min:  0.0, Avg:  0.0, Max:  0.0, Diff:  0.0, Sum:  0.0, Workers: 4
[282.712s][debug][gc,phases      ] GC(22)     Dead                           Min: 0, Avg:  0.0, Max: 0, Diff: 0, Sum: 0, Workers: 4
[282.712s][debug][gc,phases      ] GC(22)     Total                          Min: 117, Avg: 173.2, Max: 192, Diff: 75, Sum: 693, Workers: 4
[282.712s][debug][gc,phases      ] GC(22)   ObjectSynchronizer Weak        Min:  0.0, Avg:  0.0, Max:  0.0, Diff:  0.0, Sum:  0.0, Workers: 4
[282.712s][debug][gc,phases      ] GC(22)     Dead                           Min: 0, Avg:  0.0, Max: 0, Diff: 0, Sum: 0, Workers: 4
[282.712s][debug][gc,phases      ] GC(22)     Total                          Min: 0, Avg:  7.0, Max: 28, Diff: 28, Sum: 28, Workers: 4
[282.712s][debug][gc,phases      ] GC(22)   JVMTI Tag Weak OopStorage      Min:  0.0, Avg:  0.0, Max:  0.0, Diff:  0.0, Sum:  0.0, Workers: 4
[282.713s][debug][gc,phases      ] GC(22)     Dead                           Min: 0, Avg:  0.0, Max: 0, Diff: 0, Sum: 0, Workers: 4
[282.713s][debug][gc,phases      ] GC(22)     Total                          Min: 0, Avg:  0.0, Max: 0, Diff: 0, Sum: 0, Workers: 4
[282.713s][debug][gc,phases      ] GC(22)   StringTable Weak               Min:  0.2, Avg:  0.2, Max:  0.2, Diff:  0.0, Sum:  0.6, Workers: 4
[282.713s][debug][gc,phases      ] GC(22)     Dead                           Min: 0, Avg:  0.0, Max: 0, Diff: 0, Sum: 0, Workers: 4
[282.713s][debug][gc,phases      ] GC(22)     Total                          Min: 9435, Avg: 10646.8, Max: 11840, Diff: 2405, Sum: 42587, Workers: 4
[282.713s][debug][gc,phases      ] GC(22)   ResolvedMethodTable Weak       Min:  0.0, Avg:  0.0, Max:  0.1, Diff:  0.0, Sum:  0.1, Workers: 4
[282.713s][debug][gc,phases      ] GC(22)     Dead                           Min: 0, Avg:  0.0, Max: 0, Diff: 0, Sum: 0, Workers: 4
[282.713s][debug][gc,phases      ] GC(22)     Total                          Min: 1647, Avg: 2075.5, Max: 2449, Diff: 802, Sum: 8302, Workers: 4
[282.713s][debug][gc,phases      ] GC(22)   JNI Weak                       Min:  0.0, Avg:  0.0, Max:  0.0, Diff:  0.0, Sum:  0.0, Workers: 4
[282.713s][debug][gc,phases      ] GC(22)     Dead                           Min: 0, Avg:  0.0, Max: 0, Diff: 0, Sum: 0, Workers: 4
[282.713s][debug][gc,phases      ] GC(22)     Total                          Min: 0, Avg: 11.2, Max: 45, Diff: 45, Sum: 45, Workers: 4
[282.713s][debug][gc,phases      ] GC(22)   StringDedup Table Weak         Min:  0.0, Avg:  0.0, Max:  0.0, Diff:  0.0, Sum:  0.0, Workers: 4
[282.713s][debug][gc,phases      ] GC(22)     Dead                           Min: 0, Avg:  0.0, Max: 0, Diff: 0, Sum: 0, Workers: 4
[282.713s][debug][gc,phases      ] GC(22)     Total                          Min: 0, Avg:  0.0, Max: 0, Diff: 0, Sum: 0, Workers: 4
[282.713s][debug][gc,phases      ] GC(22)   StringDedup Requests0 Weak     Min:  0.0, Avg:  0.0, Max:  0.0, Diff:  0.0, Sum:  0.0, Workers: 4
[282.713s][debug][gc,phases      ] GC(22)     Dead                           Min: 0, Avg:  0.0, Max: 0, Diff: 0, Sum: 0, Workers: 4
[282.713s][debug][gc,phases      ] GC(22)     Total                          Min: 0, Avg:  0.0, Max: 0, Diff: 0, Sum: 0, Workers: 4
[282.713s][debug][gc,phases      ] GC(22)   StringDedup Requests1 Weak     Min:  0.0, Avg:  0.0, Max:  0.0, Diff:  0.0, Sum:  0.0, Workers: 4
[282.713s][debug][gc,phases      ] GC(22)     Dead                           Min: 0, Avg:  0.0, Max: 0, Diff: 0, Sum: 0, Workers: 4
[282.713s][debug][gc,phases      ] GC(22)     Total                          Min: 0, Avg:  0.0, Max: 0, Diff: 0, Sum: 0, Workers: 4
[282.713s][debug][gc,phases      ] GC(22)   Weak JFR Old Object Samples    Min:  0.0, Avg:  0.0, Max:  0.0, Diff:  0.0, Sum:  0.0, Workers: 4
[282.713s][debug][gc,phases      ] GC(22)     Dead                           Min: 0, Avg:  0.0, Max: 0, Diff: 0, Sum: 0, Workers: 4
[282.713s][debug][gc,phases      ] GC(22)     Total                          Min: 0, Avg:  0.0, Max: 0, Diff: 0, Sum: 0, Workers: 4
[282.713s][debug][gc,phases      ] GC(22) Weak Processing 0.404ms
[282.713s][debug][gc,phases      ] GC(22) ClassLoaderData 0.090ms
[282.713s][debug][gc,phases      ] GC(22) Trigger cleanups 0.000ms
[282.732s][debug][gc,phases      ] GC(22) Class Unloading 19.361ms
[282.732s][info ][gc,phases      ] GC(22) Marking Phase 145.742ms
[282.732s][info ][gc,phases,start] GC(22) Summary Phase
[282.732s][info ][gc,phases      ] GC(22) Summary Phase 0.014ms
[282.732s][info ][gc,phases,start] GC(22) Adjust Roots
[282.751s][info ][gc,phases      ] GC(22) Adjust Roots 18.425ms
[282.751s][info ][gc,phases,start] GC(22) Compaction Phase
[283.217s][info ][gc,phases      ] GC(22) Compaction Phase 466.884ms
[283.217s][info ][gc,phases,start] GC(22) Post Compact
[283.220s][info ][gc,phases      ] GC(22) Post Compact 2.204ms
[283.220s][info ][gc,heap        ] GC(22) PSYoungGen: 225109K(1648640K)->222775K(1648640K) Eden: 0K(1211904K)->0K(1211904K) From: 225109K(436736K)->222775K(436736K)
[283.220s][info ][gc,heap        ] GC(22) ParOldGen: 92213K(92672K)->92443K(160768K)
[283.220s][info ][gc,metaspace   ] GC(22) Metaspace: 77446K(78272K)->77446K(78272K) NonClass: 66308K(66752K)->66308K(66752K) Class: 11138K(11520K)->11138K(11520K)
[283.220s][info ][gc             ] GC(22) Pause Full (Ergonomics) 309M->307M(1767M) 633.569ms
[283.220s][info ][gc,cpu         ] GC(22) User=1.76s Sys=0.01s Real=0.64s
[283.220s][info ][safepoint      ] Safepoint "ParallelGCFailedAllocation", Time since last: 6912567846 ns, Reaching safepoint: 58404 ns, At safepoint: 762228969 ns, Total: 762287373 ns
[284.220s][info ][safepoint      ] Safepoint "Cleanup", Time since last: 1000084011 ns, Reaching safepoint: 43203 ns, At safepoint: 3100 ns, Total: 46303 ns
[286.220s][info ][safepoint      ] Safepoint "Cleanup", Time since last: 2000169921 ns, Reaching safepoint: 34902 ns, At safepoint: 3100 ns, Total: 38002 ns
[289.221s][info ][safepoint      ] Safepoint "Cleanup", Time since last: 3000243775 ns, Reaching safepoint: 58505 ns, At safepoint: 6600 ns, Total: 65105 ns
[291.221s][info ][safepoint      ] Safepoint "Cleanup", Time since last: 2000178822 ns, Reaching safepoint: 38303 ns, At safepoint: 2800 ns, Total: 41103 ns
[295.221s][info ][safepoint      ] Safepoint "Cleanup", Time since last: 4000244900 ns, Reaching safepoint: 49004 ns, At safepoint: 3500 ns, Total: 52504 ns
[305.222s][info ][safepoint      ] Safepoint "Cleanup", Time since last: 10000754288 ns, Reaching safepoint: 52504 ns, At safepoint: 3300 ns, Total: 55804 ns
[312.222s][info ][safepoint      ] Safepoint "Cleanup", Time since last: 7000468154 ns, Reaching safepoint: 54205 ns, At safepoint: 3500 ns, Total: 57705 ns
[315.369s][info ][gc,start       ] GC(23) Pause Young (Allocation Failure)
[315.469s][debug][gc,phases      ] GC(23) Scavenge 100.597ms
[315.469s][debug][gc,ref         ] GC(23) Skipped phase 1 of Reference Processing: no references
[315.469s][debug][gc,ref         ] GC(23) ReferenceProcessor::execute queues: 1, RefProcThreadModel::Single, marks_oops_alive: false
[315.469s][debug][gc,ref         ] GC(23) Skipped phase 3 of Reference Processing: no references
[315.469s][debug][gc,ref         ] GC(23) ReferenceProcessor::execute queues: 1, RefProcThreadModel::Single, marks_oops_alive: false
[315.469s][debug][gc,phases      ] GC(23) Reference Processing 0.149ms
[315.470s][debug][gc,phases      ] GC(23)   VM Weak                        Min:  0.0, Avg:  0.0, Max:  0.0, Diff:  0.0, Sum:  0.0, Workers: 4
[315.470s][debug][gc,phases      ] GC(23)     Dead                           Min: 0, Avg:  0.0, Max: 0, Diff: 0, Sum: 0, Workers: 4
[315.470s][debug][gc,phases      ] GC(23)     Total                          Min: 0, Avg: 173.2, Max: 373, Diff: 373, Sum: 693, Workers: 4
[315.470s][debug][gc,phases      ] GC(23)   ObjectSynchronizer Weak        Min:  0.0, Avg:  0.0, Max:  0.0, Diff:  0.0, Sum:  0.0, Workers: 4
[315.470s][debug][gc,phases      ] GC(23)     Dead                           Min: 0, Avg:  0.0, Max: 0, Diff: 0, Sum: 0, Workers: 4
[315.470s][debug][gc,phases      ] GC(23)     Total                          Min: 0, Avg:  7.0, Max: 28, Diff: 28, Sum: 28, Workers: 4
[315.470s][debug][gc,phases      ] GC(23)   JVMTI Tag Weak OopStorage      Min:  0.0, Avg:  0.0, Max:  0.0, Diff:  0.0, Sum:  0.0, Workers: 4
[315.470s][debug][gc,phases      ] GC(23)     Dead                           Min: 0, Avg:  0.0, Max: 0, Diff: 0, Sum: 0, Workers: 4
[315.470s][debug][gc,phases      ] GC(23)     Total                          Min: 0, Avg:  0.0, Max: 0, Diff: 0, Sum: 0, Workers: 4
[315.470s][debug][gc,phases      ] GC(23)   StringTable Weak               Min:  0.0, Avg:  0.2, Max:  0.3, Diff:  0.3, Sum:  0.9, Workers: 4
[315.470s][debug][gc,phases      ] GC(23)     Dead                           Min: 0, Avg:  0.5, Max: 2, Diff: 2, Sum: 2, Workers: 4
[315.470s][debug][gc,phases      ] GC(23)     Total                          Min: 0, Avg: 10653.8, Max: 15672, Diff: 15672, Sum: 42615, Workers: 4
[315.470s][debug][gc,phases      ] GC(23)   ResolvedMethodTable Weak       Min:  0.0, Avg:  0.1, Max:  0.1, Diff:  0.1, Sum:  0.3, Workers: 4
[315.470s][debug][gc,phases      ] GC(23)     Dead                           Min: 0, Avg:  0.0, Max: 0, Diff: 0, Sum: 0, Workers: 4
[315.470s][debug][gc,phases      ] GC(23)     Total                          Min: 0, Avg: 2075.8, Max: 3243, Diff: 3243, Sum: 8303, Workers: 4
[315.470s][debug][gc,phases      ] GC(23)   JNI Weak                       Min:  0.0, Avg:  0.0, Max:  0.0, Diff:  0.0, Sum:  0.0, Workers: 4
[315.470s][debug][gc,phases      ] GC(23)     Dead                           Min: 0, Avg:  0.0, Max: 0, Diff: 0, Sum: 0, Workers: 4
[315.470s][debug][gc,phases      ] GC(23)     Total                          Min: 0, Avg: 12.0, Max: 48, Diff: 48, Sum: 48, Workers: 4
[315.470s][debug][gc,phases      ] GC(23)   StringDedup Table Weak         Min:  0.0, Avg:  0.0, Max:  0.0, Diff:  0.0, Sum:  0.0, Workers: 4
[315.470s][debug][gc,phases      ] GC(23)     Dead                           Min: 0, Avg:  0.0, Max: 0, Diff: 0, Sum: 0, Workers: 4
[315.470s][debug][gc,phases      ] GC(23)     Total                          Min: 0, Avg:  0.0, Max: 0, Diff: 0, Sum: 0, Workers: 4
[315.470s][debug][gc,phases      ] GC(23)   StringDedup Requests0 Weak     Min:  0.0, Avg:  0.0, Max:  0.0, Diff:  0.0, Sum:  0.0, Workers: 4
[315.470s][debug][gc,phases      ] GC(23)     Dead                           Min: 0, Avg:  0.0, Max: 0, Diff: 0, Sum: 0, Workers: 4
[315.470s][debug][gc,phases      ] GC(23)     Total                          Min: 0, Avg:  0.0, Max: 0, Diff: 0, Sum: 0, Workers: 4
[315.470s][debug][gc,phases      ] GC(23)   StringDedup Requests1 Weak     Min:  0.0, Avg:  0.0, Max:  0.0, Diff:  0.0, Sum:  0.0, Workers: 4
[315.470s][debug][gc,phases      ] GC(23)     Dead                           Min: 0, Avg:  0.0, Max: 0, Diff: 0, Sum: 0, Workers: 4
[315.470s][debug][gc,phases      ] GC(23)     Total                          Min: 0, Avg:  0.0, Max: 0, Diff: 0, Sum: 0, Workers: 4
[315.470s][debug][gc,phases      ] GC(23)   Weak JFR Old Object Samples    Min:  0.0, Avg:  0.0, Max:  0.0, Diff:  0.0, Sum:  0.0, Workers: 4
[315.470s][debug][gc,phases      ] GC(23)     Dead                           Min: 0, Avg:  0.0, Max: 0, Diff: 0, Sum: 0, Workers: 4
[315.470s][debug][gc,phases      ] GC(23)     Total                          Min: 0, Avg:  0.0, Max: 0, Diff: 0, Sum: 0, Workers: 4
[315.470s][debug][gc,phases      ] GC(23) Weak Processing 0.601ms
[315.470s][debug][gc,age         ] GC(23) Desired survivor size 430964736 bytes, new threshold 15 (max threshold 15)
[315.470s][info ][gc,heap        ] GC(23) PSYoungGen: 1434679K(1648640K)->189142K(1676288K) Eden: 1211904K(1211904K)->0K(1250304K) From: 222775K(436736K)->189142K(425984K)
[315.470s][info ][gc,heap        ] GC(23) ParOldGen: 92443K(160768K)->128076K(160768K)
[315.470s][info ][gc,metaspace   ] GC(23) Metaspace: 77462K(78272K)->77462K(78272K) NonClass: 66324K(66752K)->66324K(66752K) Class: 11138K(11520K)->11138K(11520K)
[315.470s][info ][gc             ] GC(23) Pause Young (Allocation Failure) 1491M->309M(1794M) 101.477ms
[315.470s][info ][gc,cpu         ] GC(23) User=0.34s Sys=0.01s Real=0.10s
[315.470s][debug][gc,phases      ] GC(24) Pre Compact 0.009ms
[315.470s][info ][gc,start       ] GC(24) Pause Full (Ergonomics)
[315.470s][info ][gc,phases,start] GC(24) Marking Phase
[315.598s][debug][gc,phases      ] GC(24) Par Mark 127.740ms
[315.598s][debug][gc,ref         ] GC(24) Skipped phase 1 of Reference Processing: no references
[315.598s][debug][gc,ref         ] GC(24) ReferenceProcessor::execute queues: 4, RefProcThreadModel::Multi, marks_oops_alive: false
[315.598s][debug][gc,ref         ] GC(24) Skipped phase 3 of Reference Processing: no references
[315.598s][debug][gc,ref         ] GC(24) ReferenceProcessor::execute queues: 1, RefProcThreadModel::Single, marks_oops_alive: false
[315.598s][debug][gc,phases      ] GC(24) Reference Processing 0.494ms
[315.599s][debug][gc,phases      ] GC(24)   VM Weak                        Min:  0.0, Avg:  0.0, Max:  0.0, Diff:  0.0, Sum:  0.0, Workers: 4
[315.599s][debug][gc,phases      ] GC(24)     Dead                           Min: 0, Avg:  0.0, Max: 0, Diff: 0, Sum: 0, Workers: 4
[315.599s][debug][gc,phases      ] GC(24)     Total                          Min: 0, Avg: 173.2, Max: 437, Diff: 437, Sum: 693, Workers: 4
[315.599s][debug][gc,phases      ] GC(24)   ObjectSynchronizer Weak        Min:  0.0, Avg:  0.0, Max:  0.0, Diff:  0.0, Sum:  0.0, Workers: 4
[315.599s][debug][gc,phases      ] GC(24)     Dead                           Min: 0, Avg:  0.0, Max: 0, Diff: 0, Sum: 0, Workers: 4
[315.599s][debug][gc,phases      ] GC(24)     Total                          Min: 0, Avg:  7.0, Max: 28, Diff: 28, Sum: 28, Workers: 4
[315.599s][debug][gc,phases      ] GC(24)   JVMTI Tag Weak OopStorage      Min:  0.0, Avg:  0.0, Max:  0.0, Diff:  0.0, Sum:  0.0, Workers: 4
[315.599s][debug][gc,phases      ] GC(24)     Dead                           Min: 0, Avg:  0.0, Max: 0, Diff: 0, Sum: 0, Workers: 4
[315.599s][debug][gc,phases      ] GC(24)     Total                          Min: 0, Avg:  0.0, Max: 0, Diff: 0, Sum: 0, Workers: 4
[315.599s][debug][gc,phases      ] GC(24)   StringTable Weak               Min:  0.0, Avg:  0.1, Max:  0.2, Diff:  0.2, Sum:  0.6, Workers: 4
[315.599s][debug][gc,phases      ] GC(24)     Dead                           Min: 0, Avg:  0.0, Max: 0, Diff: 0, Sum: 0, Workers: 4
[315.599s][debug][gc,phases      ] GC(24)     Total                          Min: 0, Avg: 10653.8, Max: 16185, Diff: 16185, Sum: 42615, Workers: 4
[315.599s][debug][gc,phases      ] GC(24)   ResolvedMethodTable Weak       Min:  0.0, Avg:  0.0, Max:  0.0, Diff:  0.0, Sum:  0.1, Workers: 4
[315.599s][debug][gc,phases      ] GC(24)     Dead                           Min: 0, Avg:  0.0, Max: 0, Diff: 0, Sum: 0, Workers: 4
[315.599s][debug][gc,phases      ] GC(24)     Total                          Min: 0, Avg: 2075.8, Max: 3090, Diff: 3090, Sum: 8303, Workers: 4
[315.599s][debug][gc,phases      ] GC(24)   JNI Weak                       Min:  0.0, Avg:  0.0, Max:  0.0, Diff:  0.0, Sum:  0.0, Workers: 4
[315.599s][debug][gc,phases      ] GC(24)     Dead                           Min: 0, Avg:  0.0, Max: 0, Diff: 0, Sum: 0, Workers: 4
[315.599s][debug][gc,phases      ] GC(24)     Total                          Min: 0, Avg: 12.0, Max: 48, Diff: 48, Sum: 48, Workers: 4
[315.599s][debug][gc,phases      ] GC(24)   StringDedup Table Weak         Min:  0.0, Avg:  0.0, Max:  0.0, Diff:  0.0, Sum:  0.0, Workers: 4
[315.599s][debug][gc,phases      ] GC(24)     Dead                           Min: 0, Avg:  0.0, Max: 0, Diff: 0, Sum: 0, Workers: 4
[315.599s][debug][gc,phases      ] GC(24)     Total                          Min: 0, Avg:  0.0, Max: 0, Diff: 0, Sum: 0, Workers: 4
[315.599s][debug][gc,phases      ] GC(24)   StringDedup Requests0 Weak     Min:  0.0, Avg:  0.0, Max:  0.0, Diff:  0.0, Sum:  0.0, Workers: 4
[315.599s][debug][gc,phases      ] GC(24)     Dead                           Min: 0, Avg:  0.0, Max: 0, Diff: 0, Sum: 0, Workers: 4
[315.599s][debug][gc,phases      ] GC(24)     Total                          Min: 0, Avg:  0.0, Max: 0, Diff: 0, Sum: 0, Workers: 4
[315.599s][debug][gc,phases      ] GC(24)   StringDedup Requests1 Weak     Min:  0.0, Avg:  0.0, Max:  0.0, Diff:  0.0, Sum:  0.0, Workers: 4
[315.599s][debug][gc,phases      ] GC(24)     Dead                           Min: 0, Avg:  0.0, Max: 0, Diff: 0, Sum: 0, Workers: 4
[315.599s][debug][gc,phases      ] GC(24)     Total                          Min: 0, Avg:  0.0, Max: 0, Diff: 0, Sum: 0, Workers: 4
[315.599s][debug][gc,phases      ] GC(24)   Weak JFR Old Object Samples    Min:  0.0, Avg:  0.0, Max:  0.0, Diff:  0.0, Sum:  0.0, Workers: 4
[315.599s][debug][gc,phases      ] GC(24)     Dead                           Min: 0, Avg:  0.0, Max: 0, Diff: 0, Sum: 0, Workers: 4
[315.599s][debug][gc,phases      ] GC(24)     Total                          Min: 0, Avg:  0.0, Max: 0, Diff: 0, Sum: 0, Workers: 4
[315.599s][debug][gc,phases      ] GC(24) Weak Processing 0.427ms
[315.599s][debug][gc,phases      ] GC(24) ClassLoaderData 0.104ms
[315.599s][debug][gc,phases      ] GC(24) Trigger cleanups 0.000ms
[315.616s][debug][gc,phases      ] GC(24) Class Unloading 17.004ms
[315.616s][info ][gc,phases      ] GC(24) Marking Phase 145.885ms
[315.616s][info ][gc,phases,start] GC(24) Summary Phase
[315.616s][info ][gc,phases      ] GC(24) Summary Phase 0.025ms
[315.616s][info ][gc,phases,start] GC(24) Adjust Roots
[315.630s][info ][gc,phases      ] GC(24) Adjust Roots 14.356ms
[315.630s][info ][gc,phases,start] GC(24) Compaction Phase
[315.878s][info ][gc,phases      ] GC(24) Compaction Phase 247.927ms
[315.878s][info ][gc,phases,start] GC(24) Post Compact
[315.880s][info ][gc,phases      ] GC(24) Post Compact 1.547ms
[315.880s][info ][gc,heap        ] GC(24) PSYoungGen: 189142K(1676288K)->154744K(1676288K) Eden: 0K(1250304K)->0K(1250304K) From: 189142K(425984K)->154744K(425984K)
[315.880s][info ][gc,heap        ] GC(24) ParOldGen: 128076K(160768K)->160536K(259584K)
[315.880s][info ][gc,metaspace   ] GC(24) Metaspace: 77462K(78272K)->77462K(78272K) NonClass: 66324K(66752K)->66324K(66752K) Class: 11138K(11520K)->11138K(11520K)
[315.880s][info ][gc             ] GC(24) Pause Full (Ergonomics) 309M->307M(1890M) 410.210ms
[315.880s][info ][gc,cpu         ] GC(24) User=1.34s Sys=0.00s Real=0.41s
[315.883s][info ][safepoint      ] Safepoint "ParallelGCFailedAllocation", Time since last: 3146037499 ns, Reaching safepoint: 78306 ns, At safepoint: 514264294 ns, Total: 514342600 ns
[316.989s][info ][safepoint      ] Safepoint "Cleanup", Time since last: 1106391282 ns, Reaching safepoint: 125410 ns, At safepoint: 5601 ns, Total: 131011 ns
[319.990s][info ][safepoint      ] Safepoint "Cleanup", Time since last: 3000255694 ns, Reaching safepoint: 60404 ns, At safepoint: 4101 ns, Total: 64505 ns
[326.990s][info ][safepoint      ] Safepoint "Cleanup", Time since last: 7000418382 ns, Reaching safepoint: 40803 ns, At safepoint: 3100 ns, Total: 43903 ns
[349.008s][info ][gc,start       ] GC(25) Pause Young (Allocation Failure)
[349.110s][debug][gc,phases      ] GC(25) Scavenge 101.851ms
[349.110s][debug][gc,ref         ] GC(25) Skipped phase 1 of Reference Processing: no references
[349.110s][debug][gc,ref         ] GC(25) ReferenceProcessor::execute queues: 2, RefProcThreadModel::Multi, marks_oops_alive: false
[349.110s][debug][gc,ref         ] GC(25) Skipped phase 3 of Reference Processing: no references
[349.110s][debug][gc,ref         ] GC(25) ReferenceProcessor::execute queues: 1, RefProcThreadModel::Single, marks_oops_alive: false
[349.110s][debug][gc,phases      ] GC(25) Reference Processing 0.200ms
[349.111s][debug][gc,phases      ] GC(25)   VM Weak                        Min:  0.0, Avg:  0.0, Max:  0.0, Diff:  0.0, Sum:  0.0, Workers: 4
[349.111s][debug][gc,phases      ] GC(25)     Dead                           Min: 0, Avg:  0.0, Max: 0, Diff: 0, Sum: 0, Workers: 4
[349.111s][debug][gc,phases      ] GC(25)     Total                          Min: 0, Avg: 173.5, Max: 384, Diff: 384, Sum: 694, Workers: 4
[349.111s][debug][gc,phases      ] GC(25)   ObjectSynchronizer Weak        Min:  0.0, Avg:  0.0, Max:  0.0, Diff:  0.0, Sum:  0.0, Workers: 4
[349.111s][debug][gc,phases      ] GC(25)     Dead                           Min: 0, Avg:  0.0, Max: 0, Diff: 0, Sum: 0, Workers: 4
[349.111s][debug][gc,phases      ] GC(25)     Total                          Min: 0, Avg:  7.0, Max: 28, Diff: 28, Sum: 28, Workers: 4
[349.111s][debug][gc,phases      ] GC(25)   JVMTI Tag Weak OopStorage      Min:  0.0, Avg:  0.0, Max:  0.0, Diff:  0.0, Sum:  0.0, Workers: 4
[349.111s][debug][gc,phases      ] GC(25)     Dead                           Min: 0, Avg:  0.0, Max: 0, Diff: 0, Sum: 0, Workers: 4
[349.111s][debug][gc,phases      ] GC(25)     Total                          Min: 0, Avg:  0.0, Max: 0, Diff: 0, Sum: 0, Workers: 4
[349.111s][debug][gc,phases      ] GC(25)   StringTable Weak               Min:  0.0, Avg:  0.1, Max:  0.2, Diff:  0.2, Sum:  0.5, Workers: 4
[349.111s][debug][gc,phases      ] GC(25)     Dead                           Min: 0, Avg:  0.5, Max: 2, Diff: 2, Sum: 2, Workers: 4
[349.111s][debug][gc,phases      ] GC(25)     Total                          Min: 0, Avg: 10657.5, Max: 14912, Diff: 14912, Sum: 42630, Workers: 4
[349.111s][debug][gc,phases      ] GC(25)   ResolvedMethodTable Weak       Min:  0.0, Avg:  0.0, Max:  0.0, Diff:  0.0, Sum:  0.1, Workers: 4
[349.111s][debug][gc,phases      ] GC(25)     Dead                           Min: 0, Avg:  0.0, Max: 0, Diff: 0, Sum: 0, Workers: 4
[349.111s][debug][gc,phases      ] GC(25)     Total                          Min: 0, Avg: 2080.0, Max: 2983, Diff: 2983, Sum: 8320, Workers: 4
[349.111s][debug][gc,phases      ] GC(25)   JNI Weak                       Min:  0.0, Avg:  0.0, Max:  0.0, Diff:  0.0, Sum:  0.0, Workers: 4
[349.111s][debug][gc,phases      ] GC(25)     Dead                           Min: 0, Avg:  0.0, Max: 0, Diff: 0, Sum: 0, Workers: 4
[349.111s][debug][gc,phases      ] GC(25)     Total                          Min: 0, Avg: 11.2, Max: 45, Diff: 45, Sum: 45, Workers: 4
[349.111s][debug][gc,phases      ] GC(25)   StringDedup Table Weak         Min:  0.0, Avg:  0.0, Max:  0.0, Diff:  0.0, Sum:  0.0, Workers: 4
[349.111s][debug][gc,phases      ] GC(25)     Dead                           Min: 0, Avg:  0.0, Max: 0, Diff: 0, Sum: 0, Workers: 4
[349.111s][debug][gc,phases      ] GC(25)     Total                          Min: 0, Avg:  0.0, Max: 0, Diff: 0, Sum: 0, Workers: 4
[349.111s][debug][gc,phases      ] GC(25)   StringDedup Requests0 Weak     Min:  0.0, Avg:  0.0, Max:  0.0, Diff:  0.0, Sum:  0.0, Workers: 4
[349.111s][debug][gc,phases      ] GC(25)     Dead                           Min: 0, Avg:  0.0, Max: 0, Diff: 0, Sum: 0, Workers: 4
[349.111s][debug][gc,phases      ] GC(25)     Total                          Min: 0, Avg:  0.0, Max: 0, Diff: 0, Sum: 0, Workers: 4
[349.111s][debug][gc,phases      ] GC(25)   StringDedup Requests1 Weak     Min:  0.0, Avg:  0.0, Max:  0.0, Diff:  0.0, Sum:  0.0, Workers: 4
[349.111s][debug][gc,phases      ] GC(25)     Dead                           Min: 0, Avg:  0.0, Max: 0, Diff: 0, Sum: 0, Workers: 4
[349.111s][debug][gc,phases      ] GC(25)     Total                          Min: 0, Avg:  0.0, Max: 0, Diff: 0, Sum: 0, Workers: 4
[349.111s][debug][gc,phases      ] GC(25)   Weak JFR Old Object Samples    Min:  0.0, Avg:  0.0, Max:  0.0, Diff:  0.0, Sum:  0.0, Workers: 4
[349.111s][debug][gc,phases      ] GC(25)     Dead                           Min: 0, Avg:  0.0, Max: 0, Diff: 0, Sum: 0, Workers: 4
[349.111s][debug][gc,phases      ] GC(25)     Total                          Min: 0, Avg:  0.0, Max: 0, Diff: 0, Sum: 0, Workers: 4
[349.111s][debug][gc,phases      ] GC(25) Weak Processing 0.418ms
[349.111s][debug][gc,age         ] GC(25) Desired survivor size 437256192 bytes, new threshold 15 (max threshold 15)
[349.111s][info ][gc,heap        ] GC(25) PSYoungGen: 1405048K(1676288K)->116406K(1367040K) Eden: 1250304K(1250304K)->0K(1250304K) From: 154744K(425984K)->116406K(116736K)
[349.111s][info ][gc,heap        ] GC(25) ParOldGen: 160536K(259584K)->204049K(259584K)
[349.111s][info ][gc,metaspace   ] GC(25) Metaspace: 77530K(78400K)->77530K(78400K) NonClass: 66383K(66880K)->66383K(66880K) Class: 11147K(11520K)->11147K(11520K)
[349.111s][info ][gc             ] GC(25) Pause Young (Allocation Failure) 1528M->312M(1588M) 102.609ms
[349.111s][info ][gc,cpu         ] GC(25) User=0.30s Sys=0.00s Real=0.10s
[349.111s][info ][safepoint      ] Safepoint "ParallelGCFailedAllocation", Time since last: 22017967400 ns, Reaching safepoint: 57204 ns, At safepoint: 102690067 ns, Total: 102747271 ns
[355.111s][info ][safepoint      ] Safepoint "Cleanup", Time since last: 6000433797 ns, Reaching safepoint: 41003 ns, At safepoint: 5001 ns, Total: 46004 ns
[363.112s][info ][safepoint      ] Safepoint "Cleanup", Time since last: 8000627787 ns, Reaching safepoint: 42903 ns, At safepoint: 7401 ns, Total: 50304 ns
[367.112s][info ][safepoint      ] Safepoint "Cleanup", Time since last: 4000289325 ns, Reaching safepoint: 40103 ns, At safepoint: 2900 ns, Total: 43003 ns
[382.758s][info ][gc,start       ] GC(26) Pause Young (Allocation Failure)
[382.811s][debug][gc,phases      ] GC(26) Scavenge 53.302ms
[382.811s][debug][gc,ref         ] GC(26) Skipped phase 1 of Reference Processing: no references
[382.811s][debug][gc,ref         ] GC(26) ReferenceProcessor::execute queues: 1, RefProcThreadModel::Single, marks_oops_alive: false
[382.812s][debug][gc,ref         ] GC(26) Skipped phase 3 of Reference Processing: no references
[382.812s][debug][gc,ref         ] GC(26) Skipped phase 4 of Reference Processing: no references
[382.812s][debug][gc,phases      ] GC(26) Reference Processing 0.128ms
[382.812s][debug][gc,phases      ] GC(26)   VM Weak                        Min:  0.0, Avg:  0.0, Max:  0.0, Diff:  0.0, Sum:  0.0, Workers: 4
[382.812s][debug][gc,phases      ] GC(26)     Dead                           Min: 0, Avg:  0.0, Max: 0, Diff: 0, Sum: 0, Workers: 4
[382.812s][debug][gc,phases      ] GC(26)     Total                          Min: 0, Avg: 173.5, Max: 384, Diff: 384, Sum: 694, Workers: 4
[382.812s][debug][gc,phases      ] GC(26)   ObjectSynchronizer Weak        Min:  0.0, Avg:  0.0, Max:  0.0, Diff:  0.0, Sum:  0.0, Workers: 4
[382.812s][debug][gc,phases      ] GC(26)     Dead                           Min: 0, Avg:  0.0, Max: 0, Diff: 0, Sum: 0, Workers: 4
[382.812s][debug][gc,phases      ] GC(26)     Total                          Min: 0, Avg:  7.0, Max: 28, Diff: 28, Sum: 28, Workers: 4
[382.812s][debug][gc,phases      ] GC(26)   JVMTI Tag Weak OopStorage      Min:  0.0, Avg:  0.0, Max:  0.0, Diff:  0.0, Sum:  0.0, Workers: 4
[382.812s][debug][gc,phases      ] GC(26)     Dead                           Min: 0, Avg:  0.0, Max: 0, Diff: 0, Sum: 0, Workers: 4
[382.812s][debug][gc,phases      ] GC(26)     Total                          Min: 0, Avg:  0.0, Max: 0, Diff: 0, Sum: 0, Workers: 4
[382.812s][debug][gc,phases      ] GC(26)   StringTable Weak               Min:  0.0, Avg:  0.1, Max:  0.2, Diff:  0.2, Sum:  0.5, Workers: 4
[382.812s][debug][gc,phases      ] GC(26)     Dead                           Min: 0, Avg:  0.0, Max: 0, Diff: 0, Sum: 0, Workers: 4
[382.812s][debug][gc,phases      ] GC(26)     Total                          Min: 0, Avg: 10657.5, Max: 14790, Diff: 14790, Sum: 42630, Workers: 4
[382.812s][debug][gc,phases      ] GC(26)   ResolvedMethodTable Weak       Min:  0.0, Avg:  0.0, Max:  0.0, Diff:  0.0, Sum:  0.1, Workers: 4
[382.812s][debug][gc,phases      ] GC(26)     Dead                           Min: 0, Avg:  0.0, Max: 0, Diff: 0, Sum: 0, Workers: 4
[382.812s][debug][gc,phases      ] GC(26)     Total                          Min: 0, Avg: 2080.0, Max: 2983, Diff: 2983, Sum: 8320, Workers: 4
[382.812s][debug][gc,phases      ] GC(26)   JNI Weak                       Min:  0.0, Avg:  0.0, Max:  0.0, Diff:  0.0, Sum:  0.0, Workers: 4
[382.812s][debug][gc,phases      ] GC(26)     Dead                           Min: 0, Avg:  0.0, Max: 0, Diff: 0, Sum: 0, Workers: 4
[382.812s][debug][gc,phases      ] GC(26)     Total                          Min: 0, Avg: 11.2, Max: 45, Diff: 45, Sum: 45, Workers: 4
[382.812s][debug][gc,phases      ] GC(26)   StringDedup Table Weak         Min:  0.0, Avg:  0.0, Max:  0.0, Diff:  0.0, Sum:  0.0, Workers: 4
[382.812s][debug][gc,phases      ] GC(26)     Dead                           Min: 0, Avg:  0.0, Max: 0, Diff: 0, Sum: 0, Workers: 4
[382.812s][debug][gc,phases      ] GC(26)     Total                          Min: 0, Avg:  0.0, Max: 0, Diff: 0, Sum: 0, Workers: 4
[382.812s][debug][gc,phases      ] GC(26)   StringDedup Requests0 Weak     Min:  0.0, Avg:  0.0, Max:  0.0, Diff:  0.0, Sum:  0.0, Workers: 4
[382.812s][debug][gc,phases      ] GC(26)     Dead                           Min: 0, Avg:  0.0, Max: 0, Diff: 0, Sum: 0, Workers: 4
[382.812s][debug][gc,phases      ] GC(26)     Total                          Min: 0, Avg:  0.0, Max: 0, Diff: 0, Sum: 0, Workers: 4
[382.812s][debug][gc,phases      ] GC(26)   StringDedup Requests1 Weak     Min:  0.0, Avg:  0.0, Max:  0.0, Diff:  0.0, Sum:  0.0, Workers: 4
[382.812s][debug][gc,phases      ] GC(26)     Dead                           Min: 0, Avg:  0.0, Max: 0, Diff: 0, Sum: 0, Workers: 4
[382.812s][debug][gc,phases      ] GC(26)     Total                          Min: 0, Avg:  0.0, Max: 0, Diff: 0, Sum: 0, Workers: 4
[382.812s][debug][gc,phases      ] GC(26)   Weak JFR Old Object Samples    Min:  0.0, Avg:  0.0, Max:  0.0, Diff:  0.0, Sum:  0.0, Workers: 4
[382.812s][debug][gc,phases      ] GC(26)     Dead                           Min: 0, Avg:  0.0, Max: 0, Diff: 0, Sum: 0, Workers: 4
[382.812s][debug][gc,phases      ] GC(26)     Total                          Min: 0, Avg:  0.0, Max: 0, Diff: 0, Sum: 0, Workers: 4
[382.812s][debug][gc,phases      ] GC(26) Weak Processing 0.410ms
[382.812s][debug][gc,age         ] GC(26) Desired survivor size 444071936 bytes, new threshold 15 (max threshold 15)
[382.812s][info ][gc,heap        ] GC(26) PSYoungGen: 1366710K(1367040K)->89360K(1656832K) Eden: 1250304K(1250304K)->0K(1229824K) From: 116406K(116736K)->89360K(427008K)
[382.812s][info ][gc,heap        ] GC(26) ParOldGen: 204049K(259584K)->231780K(259584K)
[382.812s][info ][gc,metaspace   ] GC(26) Metaspace: 77530K(78400K)->77530K(78400K) NonClass: 66383K(66880K)->66383K(66880K) Class: 11147K(11520K)->11147K(11520K)
[382.812s][info ][gc             ] GC(26) Pause Young (Allocation Failure) 1533M->313M(1871M) 53.984ms
[382.812s][info ][gc,cpu         ] GC(26) User=0.17s Sys=0.01s Real=0.05s
[382.812s][debug][gc,phases      ] GC(27) Pre Compact 0.010ms
[382.812s][info ][gc,start       ] GC(27) Pause Full (Ergonomics)
[382.812s][info ][gc,phases,start] GC(27) Marking Phase
[382.949s][debug][gc,phases      ] GC(27) Par Mark 137.136ms
[382.949s][debug][gc,ref         ] GC(27) Skipped phase 1 of Reference Processing: no references
[382.950s][debug][gc,ref         ] GC(27) ReferenceProcessor::execute queues: 4, RefProcThreadModel::Multi, marks_oops_alive: false
[382.950s][debug][gc,ref         ] GC(27) Skipped phase 3 of Reference Processing: no references
[382.950s][debug][gc,ref         ] GC(27) ReferenceProcessor::execute queues: 1, RefProcThreadModel::Single, marks_oops_alive: false
[382.950s][debug][gc,phases      ] GC(27) Reference Processing 0.940ms
[382.951s][debug][gc,phases      ] GC(27)   VM Weak                        Min:  0.0, Avg:  0.0, Max:  0.0, Diff:  0.0, Sum:  0.0, Workers: 4
[382.951s][debug][gc,phases      ] GC(27)     Dead                           Min: 0, Avg:  0.0, Max: 0, Diff: 0, Sum: 0, Workers: 4
[382.951s][debug][gc,phases      ] GC(27)     Total                          Min: 0, Avg: 173.5, Max: 384, Diff: 384, Sum: 694, Workers: 4
[382.951s][debug][gc,phases      ] GC(27)   ObjectSynchronizer Weak        Min:  0.0, Avg:  0.0, Max:  0.0, Diff:  0.0, Sum:  0.0, Workers: 4
[382.951s][debug][gc,phases      ] GC(27)     Dead                           Min: 0, Avg:  0.0, Max: 0, Diff: 0, Sum: 0, Workers: 4
[382.951s][debug][gc,phases      ] GC(27)     Total                          Min: 0, Avg:  7.0, Max: 28, Diff: 28, Sum: 28, Workers: 4
[382.951s][debug][gc,phases      ] GC(27)   JVMTI Tag Weak OopStorage      Min:  0.0, Avg:  0.0, Max:  0.0, Diff:  0.0, Sum:  0.0, Workers: 4
[382.951s][debug][gc,phases      ] GC(27)     Dead                           Min: 0, Avg:  0.0, Max: 0, Diff: 0, Sum: 0, Workers: 4
[382.951s][debug][gc,phases      ] GC(27)     Total                          Min: 0, Avg:  0.0, Max: 0, Diff: 0, Sum: 0, Workers: 4
[382.951s][debug][gc,phases      ] GC(27)   StringTable Weak               Min:  0.0, Avg:  0.2, Max:  0.2, Diff:  0.2, Sum:  0.7, Workers: 4
[382.951s][debug][gc,phases      ] GC(27)     Dead                           Min: 0, Avg:  0.0, Max: 0, Diff: 0, Sum: 0, Workers: 4
[382.951s][debug][gc,phases      ] GC(27)     Total                          Min: 0, Avg: 10657.5, Max: 15936, Diff: 15936, Sum: 42630, Workers: 4
[382.951s][debug][gc,phases      ] GC(27)   ResolvedMethodTable Weak       Min:  0.0, Avg:  0.0, Max:  0.0, Diff:  0.0, Sum:  0.1, Workers: 4
[382.951s][debug][gc,phases      ] GC(27)     Dead                           Min: 0, Avg:  0.0, Max: 0, Diff: 0, Sum: 0, Workers: 4
[382.951s][debug][gc,phases      ] GC(27)     Total                          Min: 0, Avg: 2080.0, Max: 2919, Diff: 2919, Sum: 8320, Workers: 4
[382.951s][debug][gc,phases      ] GC(27)   JNI Weak                       Min:  0.0, Avg:  0.0, Max:  0.0, Diff:  0.0, Sum:  0.0, Workers: 4
[382.951s][debug][gc,phases      ] GC(27)     Dead                           Min: 0, Avg:  0.0, Max: 0, Diff: 0, Sum: 0, Workers: 4
[382.951s][debug][gc,phases      ] GC(27)     Total                          Min: 0, Avg: 11.2, Max: 45, Diff: 45, Sum: 45, Workers: 4
[382.951s][debug][gc,phases      ] GC(27)   StringDedup Table Weak         Min:  0.0, Avg:  0.0, Max:  0.0, Diff:  0.0, Sum:  0.0, Workers: 4
[382.951s][debug][gc,phases      ] GC(27)     Dead                           Min: 0, Avg:  0.0, Max: 0, Diff: 0, Sum: 0, Workers: 4
[382.951s][debug][gc,phases      ] GC(27)     Total                          Min: 0, Avg:  0.0, Max: 0, Diff: 0, Sum: 0, Workers: 4
[382.951s][debug][gc,phases      ] GC(27)   StringDedup Requests0 Weak     Min:  0.0, Avg:  0.0, Max:  0.0, Diff:  0.0, Sum:  0.0, Workers: 4
[382.951s][debug][gc,phases      ] GC(27)     Dead                           Min: 0, Avg:  0.0, Max: 0, Diff: 0, Sum: 0, Workers: 4
[382.951s][debug][gc,phases      ] GC(27)     Total                          Min: 0, Avg:  0.0, Max: 0, Diff: 0, Sum: 0, Workers: 4
[382.951s][debug][gc,phases      ] GC(27)   StringDedup Requests1 Weak     Min:  0.0, Avg:  0.0, Max:  0.0, Diff:  0.0, Sum:  0.0, Workers: 4
[382.951s][debug][gc,phases      ] GC(27)     Dead                           Min: 0, Avg:  0.0, Max: 0, Diff: 0, Sum: 0, Workers: 4
[382.951s][debug][gc,phases      ] GC(27)     Total                          Min: 0, Avg:  0.0, Max: 0, Diff: 0, Sum: 0, Workers: 4
[382.951s][debug][gc,phases      ] GC(27)   Weak JFR Old Object Samples    Min:  0.0, Avg:  0.0, Max:  0.0, Diff:  0.0, Sum:  0.0, Workers: 4
[382.951s][debug][gc,phases      ] GC(27)     Dead                           Min: 0, Avg:  0.0, Max: 0, Diff: 0, Sum: 0, Workers: 4
[382.951s][debug][gc,phases      ] GC(27)     Total                          Min: 0, Avg:  0.0, Max: 0, Diff: 0, Sum: 0, Workers: 4
[382.951s][debug][gc,phases      ] GC(27) Weak Processing 0.478ms
[382.951s][debug][gc,phases      ] GC(27) ClassLoaderData 0.104ms
[382.951s][debug][gc,phases      ] GC(27) Trigger cleanups 0.000ms
[382.970s][debug][gc,phases      ] GC(27) Class Unloading 19.006ms
[382.970s][info ][gc,phases      ] GC(27) Marking Phase 157.780ms
[382.970s][info ][gc,phases,start] GC(27) Summary Phase
[382.970s][info ][gc,phases      ] GC(27) Summary Phase 0.010ms
[382.970s][info ][gc,phases,start] GC(27) Adjust Roots
[382.986s][info ][gc,phases      ] GC(27) Adjust Roots 16.052ms
[382.986s][info ][gc,phases,start] GC(27) Compaction Phase
[383.190s][info ][gc,phases      ] GC(27) Compaction Phase 204.322ms
[383.190s][info ][gc,phases,start] GC(27) Post Compact
[383.191s][info ][gc,phases      ] GC(27) Post Compact 1.005ms
[383.192s][info ][gc,heap        ] GC(27) PSYoungGen: 89360K(1656832K)->56206K(1656832K) Eden: 0K(1229824K)->0K(1229824K) From: 89360K(427008K)->56206K(427008K)
[383.192s][info ][gc,heap        ] GC(27) ParOldGen: 231780K(259584K)->259270K(393216K)
[383.192s][info ][gc,metaspace   ] GC(27) Metaspace: 77530K(78400K)->77530K(78400K) NonClass: 66383K(66880K)->66383K(66880K) Class: 11147K(11520K)->11147K(11520K)
[383.192s][info ][gc             ] GC(27) Pause Full (Ergonomics) 313M->308M(2002M) 379.499ms
[383.192s][info ][gc,cpu         ] GC(27) User=1.19s Sys=0.00s Real=0.38s
[383.192s][info ][safepoint      ] Safepoint "ParallelGCFailedAllocation", Time since last: 15645555542 ns, Reaching safepoint: 101308 ns, At safepoint: 433652195 ns, Total: 433753503 ns
[416.258s][info ][gc,start       ] GC(28) Pause Young (Allocation Failure)
[416.320s][debug][gc,phases      ] GC(28) Scavenge 61.741ms
[416.320s][debug][gc,ref         ] GC(28) Skipped phase 1 of Reference Processing: no references
[416.320s][debug][gc,ref         ] GC(28) ReferenceProcessor::execute queues: 1, RefProcThreadModel::Single, marks_oops_alive: false
[416.320s][debug][gc,ref         ] GC(28) Skipped phase 3 of Reference Processing: no references
[416.320s][debug][gc,ref         ] GC(28) Skipped phase 4 of Reference Processing: no references
[416.320s][debug][gc,phases      ] GC(28) Reference Processing 0.115ms
[416.320s][debug][gc,phases      ] GC(28)   VM Weak                        Min:  0.0, Avg:  0.0, Max:  0.0, Diff:  0.0, Sum:  0.0, Workers: 4
[416.320s][debug][gc,phases      ] GC(28)     Dead                           Min: 0, Avg:  0.0, Max: 0, Diff: 0, Sum: 0, Workers: 4
[416.320s][debug][gc,phases      ] GC(28)     Total                          Min: 0, Avg: 173.5, Max: 640, Diff: 640, Sum: 694, Workers: 4
[416.320s][debug][gc,phases      ] GC(28)   ObjectSynchronizer Weak        Min:  0.0, Avg:  0.0, Max:  0.0, Diff:  0.0, Sum:  0.0, Workers: 4
[416.320s][debug][gc,phases      ] GC(28)     Dead                           Min: 0, Avg:  0.0, Max: 0, Diff: 0, Sum: 0, Workers: 4
[416.320s][debug][gc,phases      ] GC(28)     Total                          Min: 0, Avg:  7.0, Max: 28, Diff: 28, Sum: 28, Workers: 4
[416.320s][debug][gc,phases      ] GC(28)   JVMTI Tag Weak OopStorage      Min:  0.0, Avg:  0.0, Max:  0.0, Diff:  0.0, Sum:  0.0, Workers: 4
[416.320s][debug][gc,phases      ] GC(28)     Dead                           Min: 0, Avg:  0.0, Max: 0, Diff: 0, Sum: 0, Workers: 4
[416.320s][debug][gc,phases      ] GC(28)     Total                          Min: 0, Avg:  0.0, Max: 0, Diff: 0, Sum: 0, Workers: 4
[416.320s][debug][gc,phases      ] GC(28)   StringTable Weak               Min:  0.0, Avg:  0.1, Max:  0.1, Diff:  0.1, Sum:  0.4, Workers: 4
[416.320s][debug][gc,phases      ] GC(28)     Dead                           Min: 0, Avg:  0.0, Max: 0, Diff: 0, Sum: 0, Workers: 4
[416.320s][debug][gc,phases      ] GC(28)     Total                          Min: 0, Avg: 10660.5, Max: 16722, Diff: 16722, Sum: 42642, Workers: 4
[416.320s][debug][gc,phases      ] GC(28)   ResolvedMethodTable Weak       Min:  0.0, Avg:  0.0, Max:  0.0, Diff:  0.0, Sum:  0.1, Workers: 4
[416.320s][debug][gc,phases      ] GC(28)     Dead                           Min: 0, Avg:  0.0, Max: 0, Diff: 0, Sum: 0, Workers: 4
[416.320s][debug][gc,phases      ] GC(28)     Total                          Min: 0, Avg: 2080.0, Max: 3623, Diff: 3623, Sum: 8320, Workers: 4
[416.320s][debug][gc,phases      ] GC(28)   JNI Weak                       Min:  0.0, Avg:  0.0, Max:  0.0, Diff:  0.0, Sum:  0.0, Workers: 4
[416.320s][debug][gc,phases      ] GC(28)     Dead                           Min: 0, Avg:  0.0, Max: 0, Diff: 0, Sum: 0, Workers: 4
[416.320s][debug][gc,phases      ] GC(28)     Total                          Min: 0, Avg: 11.2, Max: 45, Diff: 45, Sum: 45, Workers: 4
[416.320s][debug][gc,phases      ] GC(28)   StringDedup Table Weak         Min:  0.0, Avg:  0.0, Max:  0.0, Diff:  0.0, Sum:  0.0, Workers: 4
[416.320s][debug][gc,phases      ] GC(28)     Dead                           Min: 0, Avg:  0.0, Max: 0, Diff: 0, Sum: 0, Workers: 4
[416.320s][debug][gc,phases      ] GC(28)     Total                          Min: 0, Avg:  0.0, Max: 0, Diff: 0, Sum: 0, Workers: 4
[416.320s][debug][gc,phases      ] GC(28)   StringDedup Requests0 Weak     Min:  0.0, Avg:  0.0, Max:  0.0, Diff:  0.0, Sum:  0.0, Workers: 4
[416.320s][debug][gc,phases      ] GC(28)     Dead                           Min: 0, Avg:  0.0, Max: 0, Diff: 0, Sum: 0, Workers: 4
[416.320s][debug][gc,phases      ] GC(28)     Total                          Min: 0, Avg:  0.0, Max: 0, Diff: 0, Sum: 0, Workers: 4
[416.320s][debug][gc,phases      ] GC(28)   StringDedup Requests1 Weak     Min:  0.0, Avg:  0.0, Max:  0.0, Diff:  0.0, Sum:  0.0, Workers: 4
[416.320s][debug][gc,phases      ] GC(28)     Dead                           Min: 0, Avg:  0.0, Max: 0, Diff: 0, Sum: 0, Workers: 4
[416.320s][debug][gc,phases      ] GC(28)     Total                          Min: 0, Avg:  0.0, Max: 0, Diff: 0, Sum: 0, Workers: 4
[416.321s][debug][gc,phases      ] GC(28)   Weak JFR Old Object Samples    Min:  0.0, Avg:  0.0, Max:  0.0, Diff:  0.0, Sum:  0.0, Workers: 4
[416.321s][debug][gc,phases      ] GC(28)     Dead                           Min: 0, Avg:  0.0, Max: 0, Diff: 0, Sum: 0, Workers: 4
[416.321s][debug][gc,phases      ] GC(28)     Total                          Min: 0, Avg:  0.0, Max: 0, Diff: 0, Sum: 0, Workers: 4
[416.321s][debug][gc,phases      ] GC(28) Weak Processing 0.394ms
[416.321s][debug][gc,age         ] GC(28) Desired survivor size 451936256 bytes, new threshold 15 (max threshold 15)
[416.321s][info ][gc,heap        ] GC(28) PSYoungGen: 1286030K(1656832K)->55712K(1285632K) Eden: 1229824K(1229824K)->0K(1229824K) From: 56206K(427008K)->55712K(55808K)
[416.321s][info ][gc,heap        ] GC(28) ParOldGen: 259270K(393216K)->260186K(393216K)
[416.321s][info ][gc,metaspace   ] GC(28) Metaspace: 77530K(78400K)->77530K(78400K) NonClass: 66383K(66880K)->66383K(66880K) Class: 11147K(11520K)->11147K(11520K)
[416.321s][info ][gc             ] GC(28) Pause Young (Allocation Failure) 1509M->308M(1639M) 62.519ms
[416.321s][info ][gc,cpu         ] GC(28) User=0.20s Sys=0.01s Real=0.06s
[416.321s][info ][safepoint      ] Safepoint "ParallelGCFailedAllocation", Time since last: 33066386849 ns, Reaching safepoint: 30002 ns, At safepoint: 62610504 ns, Total: 62640506 ns
[449.560s][info ][gc,start       ] GC(29) Pause Young (Allocation Failure)
[449.585s][debug][gc,phases      ] GC(29) Scavenge 24.969ms
[449.585s][debug][gc,ref         ] GC(29) Skipped phase 1 of Reference Processing: no references
[449.585s][debug][gc,ref         ] GC(29) ReferenceProcessor::execute queues: 1, RefProcThreadModel::Single, marks_oops_alive: false
[449.585s][debug][gc,ref         ] GC(29) Skipped phase 3 of Reference Processing: no references
[449.585s][debug][gc,ref         ] GC(29) Skipped phase 4 of Reference Processing: no references
[449.585s][debug][gc,phases      ] GC(29) Reference Processing 0.116ms
[449.586s][debug][gc,phases      ] GC(29)   VM Weak                        Min:  0.0, Avg:  0.0, Max:  0.0, Diff:  0.0, Sum:  0.0, Workers: 4
[449.586s][debug][gc,phases      ] GC(29)     Dead                           Min: 0, Avg:  0.0, Max: 0, Diff: 0, Sum: 0, Workers: 4
[449.586s][debug][gc,phases      ] GC(29)     Total                          Min: 0, Avg: 173.5, Max: 438, Diff: 438, Sum: 694, Workers: 4
[449.586s][debug][gc,phases      ] GC(29)   ObjectSynchronizer Weak        Min:  0.0, Avg:  0.0, Max:  0.0, Diff:  0.0, Sum:  0.0, Workers: 4
[449.586s][debug][gc,phases      ] GC(29)     Dead                           Min: 0, Avg:  0.0, Max: 0, Diff: 0, Sum: 0, Workers: 4
[449.586s][debug][gc,phases      ] GC(29)     Total                          Min: 0, Avg:  7.0, Max: 28, Diff: 28, Sum: 28, Workers: 4
[449.586s][debug][gc,phases      ] GC(29)   JVMTI Tag Weak OopStorage      Min:  0.0, Avg:  0.0, Max:  0.0, Diff:  0.0, Sum:  0.0, Workers: 4
[449.586s][debug][gc,phases      ] GC(29)     Dead                           Min: 0, Avg:  0.0, Max: 0, Diff: 0, Sum: 0, Workers: 4
[449.586s][debug][gc,phases      ] GC(29)     Total                          Min: 0, Avg:  0.0, Max: 0, Diff: 0, Sum: 0, Workers: 4
[449.586s][debug][gc,phases      ] GC(29)   StringTable Weak               Min:  0.0, Avg:  0.1, Max:  0.2, Diff:  0.2, Sum:  0.4, Workers: 4
[449.586s][debug][gc,phases      ] GC(29)     Dead                           Min: 0, Avg:  0.0, Max: 0, Diff: 0, Sum: 0, Workers: 4
[449.586s][debug][gc,phases      ] GC(29)     Total                          Min: 0, Avg: 10660.5, Max: 22034, Diff: 22034, Sum: 42642, Workers: 4
[449.586s][debug][gc,phases      ] GC(29)   ResolvedMethodTable Weak       Min:  0.0, Avg:  0.0, Max:  0.0, Diff:  0.0, Sum:  0.1, Workers: 4
[449.586s][debug][gc,phases      ] GC(29)     Dead                           Min: 0, Avg:  0.0, Max: 0, Diff: 0, Sum: 0, Workers: 4
[449.586s][debug][gc,phases      ] GC(29)     Total                          Min: 0, Avg: 2080.0, Max: 4323, Diff: 4323, Sum: 8320, Workers: 4
[449.586s][debug][gc,phases      ] GC(29)   JNI Weak                       Min:  0.0, Avg:  0.0, Max:  0.0, Diff:  0.0, Sum:  0.0, Workers: 4
[449.586s][debug][gc,phases      ] GC(29)     Dead                           Min: 0, Avg:  0.0, Max: 0, Diff: 0, Sum: 0, Workers: 4
[449.586s][debug][gc,phases      ] GC(29)     Total                          Min: 0, Avg: 11.2, Max: 45, Diff: 45, Sum: 45, Workers: 4
[449.586s][debug][gc,phases      ] GC(29)   StringDedup Table Weak         Min:  0.0, Avg:  0.0, Max:  0.0, Diff:  0.0, Sum:  0.0, Workers: 4
[449.586s][debug][gc,phases      ] GC(29)     Dead                           Min: 0, Avg:  0.0, Max: 0, Diff: 0, Sum: 0, Workers: 4
[449.586s][debug][gc,phases      ] GC(29)     Total                          Min: 0, Avg:  0.0, Max: 0, Diff: 0, Sum: 0, Workers: 4
[449.586s][debug][gc,phases      ] GC(29)   StringDedup Requests0 Weak     Min:  0.0, Avg:  0.0, Max:  0.0, Diff:  0.0, Sum:  0.0, Workers: 4
[449.586s][debug][gc,phases      ] GC(29)     Dead                           Min: 0, Avg:  0.0, Max: 0, Diff: 0, Sum: 0, Workers: 4
[449.586s][debug][gc,phases      ] GC(29)     Total                          Min: 0, Avg:  0.0, Max: 0, Diff: 0, Sum: 0, Workers: 4
[449.586s][debug][gc,phases      ] GC(29)   StringDedup Requests1 Weak     Min:  0.0, Avg:  0.0, Max:  0.0, Diff:  0.0, Sum:  0.0, Workers: 4
[449.586s][debug][gc,phases      ] GC(29)     Dead                           Min: 0, Avg:  0.0, Max: 0, Diff: 0, Sum: 0, Workers: 4
[449.586s][debug][gc,phases      ] GC(29)     Total                          Min: 0, Avg:  0.0, Max: 0, Diff: 0, Sum: 0, Workers: 4
[449.586s][debug][gc,phases      ] GC(29)   Weak JFR Old Object Samples    Min:  0.0, Avg:  0.0, Max:  0.0, Diff:  0.0, Sum:  0.0, Workers: 4
[449.586s][debug][gc,phases      ] GC(29)     Dead                           Min: 0, Avg:  0.0, Max: 0, Diff: 0, Sum: 0, Workers: 4
[449.586s][debug][gc,phases      ] GC(29)     Total                          Min: 0, Avg:  0.0, Max: 0, Diff: 0, Sum: 0, Workers: 4
[449.586s][debug][gc,phases      ] GC(29) Weak Processing 0.459ms
[449.586s][debug][gc,age         ] GC(29) Desired survivor size 455606272 bytes, new threshold 15 (max threshold 15)
[449.586s][info ][gc,heap        ] GC(29) PSYoungGen: 1285536K(1285632K)->45824K(1648640K) Eden: 1229824K(1229824K)->0K(1207296K) From: 55712K(55808K)->45824K(441344K)
[449.586s][info ][gc,heap        ] GC(29) ParOldGen: 260186K(393216K)->270234K(393216K)
[449.586s][info ][gc,metaspace   ] GC(29) Metaspace: 77530K(78400K)->77530K(78400K) NonClass: 66383K(66880K)->66383K(66880K) Class: 11147K(11520K)->11147K(11520K)
[449.586s][info ][gc             ] GC(29) Pause Young (Allocation Failure) 1509M->308M(1994M) 25.697ms
[449.586s][info ][gc,cpu         ] GC(29) User=0.08s Sys=0.00s Real=0.02s
[449.586s][info ][safepoint      ] Safepoint "ParallelGCFailedAllocation", Time since last: 33239350546 ns, Reaching safepoint: 122809 ns, At safepoint: 25782600 ns, Total: 25905409 ns
[455.586s][info ][safepoint      ] Safepoint "Cleanup", Time since last: 6000333686 ns, Reaching safepoint: 50904 ns, At safepoint: 3000 ns, Total: 53904 ns
[482.458s][info ][gc,start       ] GC(30) Pause Young (Allocation Failure)
[482.481s][debug][gc,phases      ] GC(30) Scavenge 23.157ms
[482.481s][debug][gc,ref         ] GC(30) Skipped phase 1 of Reference Processing: no references
[482.481s][debug][gc,ref         ] GC(30) ReferenceProcessor::execute queues: 1, RefProcThreadModel::Single, marks_oops_alive: false
[482.481s][debug][gc,ref         ] GC(30) Skipped phase 3 of Reference Processing: no references
[482.481s][debug][gc,ref         ] GC(30) Skipped phase 4 of Reference Processing: no references
[482.481s][debug][gc,phases      ] GC(30) Reference Processing 0.118ms
[482.482s][debug][gc,phases      ] GC(30)   VM Weak                        Min:  0.0, Avg:  0.0, Max:  0.0, Diff:  0.0, Sum:  0.0, Workers: 4
[482.482s][debug][gc,phases      ] GC(30)     Dead                           Min: 0, Avg:  0.0, Max: 0, Diff: 0, Sum: 0, Workers: 4
[482.482s][debug][gc,phases      ] GC(30)     Total                          Min: 0, Avg: 173.5, Max: 502, Diff: 502, Sum: 694, Workers: 4
[482.482s][debug][gc,phases      ] GC(30)   ObjectSynchronizer Weak        Min:  0.0, Avg:  0.0, Max:  0.0, Diff:  0.0, Sum:  0.0, Workers: 4
[482.482s][debug][gc,phases      ] GC(30)     Dead                           Min: 0, Avg:  0.0, Max: 0, Diff: 0, Sum: 0, Workers: 4
[482.482s][debug][gc,phases      ] GC(30)     Total                          Min: 0, Avg:  7.0, Max: 28, Diff: 28, Sum: 28, Workers: 4
[482.482s][debug][gc,phases      ] GC(30)   JVMTI Tag Weak OopStorage      Min:  0.0, Avg:  0.0, Max:  0.0, Diff:  0.0, Sum:  0.0, Workers: 4
[482.482s][debug][gc,phases      ] GC(30)     Dead                           Min: 0, Avg:  0.0, Max: 0, Diff: 0, Sum: 0, Workers: 4
[482.482s][debug][gc,phases      ] GC(30)     Total                          Min: 0, Avg:  0.0, Max: 0, Diff: 0, Sum: 0, Workers: 4
[482.482s][debug][gc,phases      ] GC(30)   StringTable Weak               Min:  0.0, Avg:  0.1, Max:  0.2, Diff:  0.2, Sum:  0.4, Workers: 4
[482.482s][debug][gc,phases      ] GC(30)     Dead                           Min: 0, Avg:  0.0, Max: 0, Diff: 0, Sum: 0, Workers: 4
[482.482s][debug][gc,phases      ] GC(30)     Total                          Min: 0, Avg: 10660.5, Max: 22034, Diff: 22034, Sum: 42642, Workers: 4
[482.482s][debug][gc,phases      ] GC(30)   ResolvedMethodTable Weak       Min:  0.0, Avg:  0.0, Max:  0.0, Diff:  0.0, Sum:  0.1, Workers: 4
[482.482s][debug][gc,phases      ] GC(30)     Dead                           Min: 0, Avg:  0.0, Max: 0, Diff: 0, Sum: 0, Workers: 4
[482.482s][debug][gc,phases      ] GC(30)     Total                          Min: 0, Avg: 2080.0, Max: 4387, Diff: 4387, Sum: 8320, Workers: 4
[482.482s][debug][gc,phases      ] GC(30)   JNI Weak                       Min:  0.0, Avg:  0.0, Max:  0.0, Diff:  0.0, Sum:  0.0, Workers: 4
[482.482s][debug][gc,phases      ] GC(30)     Dead                           Min: 0, Avg:  0.0, Max: 0, Diff: 0, Sum: 0, Workers: 4
[482.482s][debug][gc,phases      ] GC(30)     Total                          Min: 0, Avg: 11.2, Max: 45, Diff: 45, Sum: 45, Workers: 4
[482.482s][debug][gc,phases      ] GC(30)   StringDedup Table Weak         Min:  0.0, Avg:  0.0, Max:  0.0, Diff:  0.0, Sum:  0.0, Workers: 4
[482.482s][debug][gc,phases      ] GC(30)     Dead                           Min: 0, Avg:  0.0, Max: 0, Diff: 0, Sum: 0, Workers: 4
[482.482s][debug][gc,phases      ] GC(30)     Total                          Min: 0, Avg:  0.0, Max: 0, Diff: 0, Sum: 0, Workers: 4
[482.482s][debug][gc,phases      ] GC(30)   StringDedup Requests0 Weak     Min:  0.0, Avg:  0.0, Max:  0.0, Diff:  0.0, Sum:  0.0, Workers: 4
[482.482s][debug][gc,phases      ] GC(30)     Dead                           Min: 0, Avg:  0.0, Max: 0, Diff: 0, Sum: 0, Workers: 4
[482.482s][debug][gc,phases      ] GC(30)     Total                          Min: 0, Avg:  0.0, Max: 0, Diff: 0, Sum: 0, Workers: 4
[482.482s][debug][gc,phases      ] GC(30)   StringDedup Requests1 Weak     Min:  0.0, Avg:  0.0, Max:  0.0, Diff:  0.0, Sum:  0.0, Workers: 4
[482.482s][debug][gc,phases      ] GC(30)     Dead                           Min: 0, Avg:  0.0, Max: 0, Diff: 0, Sum: 0, Workers: 4
[482.482s][debug][gc,phases      ] GC(30)     Total                          Min: 0, Avg:  0.0, Max: 0, Diff: 0, Sum: 0, Workers: 4
[482.482s][debug][gc,phases      ] GC(30)   Weak JFR Old Object Samples    Min:  0.0, Avg:  0.0, Max:  0.0, Diff:  0.0, Sum:  0.0, Workers: 4
[482.482s][debug][gc,phases      ] GC(30)     Dead                           Min: 0, Avg:  0.0, Max: 0, Diff: 0, Sum: 0, Workers: 4
[482.482s][debug][gc,phases      ] GC(30)     Total                          Min: 0, Avg:  0.0, Max: 0, Diff: 0, Sum: 0, Workers: 4
[482.482s][debug][gc,phases      ] GC(30) Weak Processing 0.440ms
[482.482s][debug][gc,age         ] GC(30) Desired survivor size 456654848 bytes, new threshold 15 (max threshold 15)
[482.482s][info ][gc,heap        ] GC(30) PSYoungGen: 1253120K(1648640K)->36256K(1243648K) Eden: 1207296K(1207296K)->0K(1207296K) From: 45824K(441344K)->36256K(36352K)
[482.482s][info ][gc,heap        ] GC(30) ParOldGen: 270234K(393216K)->280018K(393216K)
[482.482s][info ][gc,metaspace   ] GC(30) Metaspace: 77530K(78400K)->77530K(78400K) NonClass: 66383K(66880K)->66383K(66880K) Class: 11147K(11520K)->11147K(11520K)
[482.482s][info ][gc             ] GC(30) Pause Young (Allocation Failure) 1487M->308M(1598M) 23.840ms
[482.482s][info ][gc,cpu         ] GC(30) User=0.08s Sys=0.00s Real=0.02s
[482.482s][info ][safepoint      ] Safepoint "ParallelGCFailedAllocation", Time since last: 26871566608 ns, Reaching safepoint: 37503 ns, At safepoint: 23937067 ns, Total: 23974570 ns
[485.482s][info ][safepoint      ] Safepoint "Cleanup", Time since last: 3000230256 ns, Reaching safepoint: 42603 ns, At safepoint: 2500 ns, Total: 45103 ns
[506.483s][info ][safepoint      ] Safepoint "Cleanup", Time since last: 21001343463 ns, Reaching safepoint: 54203 ns, At safepoint: 3301 ns, Total: 57504 ns
[508.484s][info ][safepoint      ] Safepoint "Cleanup", Time since last: 2000176475 ns, Reaching safepoint: 43904 ns, At safepoint: 3300 ns, Total: 47204 ns
[515.357s][info ][gc,start       ] GC(31) Pause Young (Allocation Failure)
[515.375s][debug][gc,phases      ] GC(31) Scavenge 17.889ms
[515.375s][debug][gc,ref         ] GC(31) Skipped phase 1 of Reference Processing: no references
[515.375s][debug][gc,ref         ] GC(31) ReferenceProcessor::execute queues: 1, RefProcThreadModel::Single, marks_oops_alive: false
[515.375s][debug][gc,ref         ] GC(31) Skipped phase 3 of Reference Processing: no references
[515.375s][debug][gc,ref         ] GC(31) Skipped phase 4 of Reference Processing: no references
[515.375s][debug][gc,phases      ] GC(31) Reference Processing 0.109ms
[515.376s][debug][gc,phases      ] GC(31)   VM Weak                        Min:  0.0, Avg:  0.0, Max:  0.0, Diff:  0.0, Sum:  0.0, Workers: 4
[515.376s][debug][gc,phases      ] GC(31)     Dead                           Min: 0, Avg:  0.0, Max: 0, Diff: 0, Sum: 0, Workers: 4
[515.376s][debug][gc,phases      ] GC(31)     Total                          Min: 0, Avg: 173.5, Max: 384, Diff: 384, Sum: 694, Workers: 4
[515.376s][debug][gc,phases      ] GC(31)   ObjectSynchronizer Weak        Min:  0.0, Avg:  0.0, Max:  0.0, Diff:  0.0, Sum:  0.0, Workers: 4
[515.376s][debug][gc,phases      ] GC(31)     Dead                           Min: 0, Avg:  0.0, Max: 0, Diff: 0, Sum: 0, Workers: 4
[515.376s][debug][gc,phases      ] GC(31)     Total                          Min: 0, Avg:  7.0, Max: 28, Diff: 28, Sum: 28, Workers: 4
[515.376s][debug][gc,phases      ] GC(31)   JVMTI Tag Weak OopStorage      Min:  0.0, Avg:  0.0, Max:  0.0, Diff:  0.0, Sum:  0.0, Workers: 4
[515.376s][debug][gc,phases      ] GC(31)     Dead                           Min: 0, Avg:  0.0, Max: 0, Diff: 0, Sum: 0, Workers: 4
[515.376s][debug][gc,phases      ] GC(31)     Total                          Min: 0, Avg:  0.0, Max: 0, Diff: 0, Sum: 0, Workers: 4
[515.376s][debug][gc,phases      ] GC(31)   StringTable Weak               Min:  0.0, Avg:  0.1, Max:  0.1, Diff:  0.1, Sum:  0.4, Workers: 4
[515.376s][debug][gc,phases      ] GC(31)     Dead                           Min: 0, Avg:  0.0, Max: 0, Diff: 0, Sum: 0, Workers: 4
[515.376s][debug][gc,phases      ] GC(31)     Total                          Min: 0, Avg: 10660.5, Max: 14912, Diff: 14912, Sum: 42642, Workers: 4
[515.376s][debug][gc,phases      ] GC(31)   ResolvedMethodTable Weak       Min:  0.0, Avg:  0.0, Max:  0.0, Diff:  0.0, Sum:  0.1, Workers: 4
[515.376s][debug][gc,phases      ] GC(31)     Dead                           Min: 0, Avg:  0.0, Max: 0, Diff: 0, Sum: 0, Workers: 4
[515.376s][debug][gc,phases      ] GC(31)     Total                          Min: 0, Avg: 2080.0, Max: 2983, Diff: 2983, Sum: 8320, Workers: 4
[515.376s][debug][gc,phases      ] GC(31)   JNI Weak                       Min:  0.0, Avg:  0.0, Max:  0.0, Diff:  0.0, Sum:  0.0, Workers: 4
[515.376s][debug][gc,phases      ] GC(31)     Dead                           Min: 0, Avg:  0.0, Max: 0, Diff: 0, Sum: 0, Workers: 4
[515.376s][debug][gc,phases      ] GC(31)     Total                          Min: 0, Avg: 11.2, Max: 45, Diff: 45, Sum: 45, Workers: 4
[515.376s][debug][gc,phases      ] GC(31)   StringDedup Table Weak         Min:  0.0, Avg:  0.0, Max:  0.0, Diff:  0.0, Sum:  0.0, Workers: 4
[515.376s][debug][gc,phases      ] GC(31)     Dead                           Min: 0, Avg:  0.0, Max: 0, Diff: 0, Sum: 0, Workers: 4
[515.376s][debug][gc,phases      ] GC(31)     Total                          Min: 0, Avg:  0.0, Max: 0, Diff: 0, Sum: 0, Workers: 4
[515.376s][debug][gc,phases      ] GC(31)   StringDedup Requests0 Weak     Min:  0.0, Avg:  0.0, Max:  0.0, Diff:  0.0, Sum:  0.0, Workers: 4
[515.376s][debug][gc,phases      ] GC(31)     Dead                           Min: 0, Avg:  0.0, Max: 0, Diff: 0, Sum: 0, Workers: 4
[515.376s][debug][gc,phases      ] GC(31)     Total                          Min: 0, Avg:  0.0, Max: 0, Diff: 0, Sum: 0, Workers: 4
[515.376s][debug][gc,phases      ] GC(31)   StringDedup Requests1 Weak     Min:  0.0, Avg:  0.0, Max:  0.0, Diff:  0.0, Sum:  0.0, Workers: 4
[515.376s][debug][gc,phases      ] GC(31)     Dead                           Min: 0, Avg:  0.0, Max: 0, Diff: 0, Sum: 0, Workers: 4
[515.376s][debug][gc,phases      ] GC(31)     Total                          Min: 0, Avg:  0.0, Max: 0, Diff: 0, Sum: 0, Workers: 4
[515.376s][debug][gc,phases      ] GC(31)   Weak JFR Old Object Samples    Min:  0.0, Avg:  0.0, Max:  0.0, Diff:  0.0, Sum:  0.0, Workers: 4
[515.376s][debug][gc,phases      ] GC(31)     Dead                           Min: 0, Avg:  0.0, Max: 0, Diff: 0, Sum: 0, Workers: 4
[515.376s][debug][gc,phases      ] GC(31)     Total                          Min: 0, Avg:  0.0, Max: 0, Diff: 0, Sum: 0, Workers: 4
[515.376s][debug][gc,phases      ] GC(31) Weak Processing 0.362ms
[515.376s][debug][gc,age         ] GC(31) Desired survivor size 455081984 bytes, new threshold 15 (max threshold 15)
[515.376s][info ][gc,heap        ] GC(31) PSYoungGen: 1243552K(1243648K)->25632K(1652736K) Eden: 1207296K(1207296K)->0K(1206784K) From: 36256K(36352K)->25632K(445952K)
[515.376s][info ][gc,heap        ] GC(31) ParOldGen: 280018K(393216K)->290730K(393216K)
[515.376s][info ][gc,metaspace   ] GC(31) Metaspace: 77530K(78400K)->77530K(78400K) NonClass: 66383K(66880K)->66383K(66880K) Class: 11147K(11520K)->11147K(11520K)
[515.376s][info ][gc             ] GC(31) Pause Young (Allocation Failure) 1487M->308M(1998M) 18.501ms
[515.376s][info ][gc,cpu         ] GC(31) User=0.06s Sys=0.00s Real=0.01s
[515.376s][info ][safepoint      ] Safepoint "ParallelGCFailedAllocation", Time since last: 6873587276 ns, Reaching safepoint: 25402 ns, At safepoint: 18605290 ns, Total: 18630692 ns
[527.377s][info ][safepoint      ] Safepoint "Cleanup", Time since last: 12000792281 ns, Reaching safepoint: 41703 ns, At safepoint: 2600 ns, Total: 44303 ns
[548.207s][info ][gc,start       ] GC(32) Pause Young (Allocation Failure)
[548.221s][debug][gc,phases      ] GC(32) Scavenge 14.447ms
[548.221s][debug][gc,ref         ] GC(32) Skipped phase 1 of Reference Processing: no references
[548.221s][debug][gc,ref         ] GC(32) ReferenceProcessor::execute queues: 1, RefProcThreadModel::Single, marks_oops_alive: false
[548.221s][debug][gc,ref         ] GC(32) Skipped phase 3 of Reference Processing: no references
[548.221s][debug][gc,ref         ] GC(32) Skipped phase 4 of Reference Processing: no references
[548.221s][debug][gc,phases      ] GC(32) Reference Processing 0.124ms
[548.222s][debug][gc,phases      ] GC(32)   VM Weak                        Min:  0.0, Avg:  0.0, Max:  0.0, Diff:  0.0, Sum:  0.0, Workers: 4
[548.222s][debug][gc,phases      ] GC(32)     Dead                           Min: 0, Avg:  0.0, Max: 0, Diff: 0, Sum: 0, Workers: 4
[548.222s][debug][gc,phases      ] GC(32)     Total                          Min: 0, Avg: 173.5, Max: 320, Diff: 320, Sum: 694, Workers: 4
[548.222s][debug][gc,phases      ] GC(32)   ObjectSynchronizer Weak        Min:  0.0, Avg:  0.0, Max:  0.0, Diff:  0.0, Sum:  0.0, Workers: 4
[548.222s][debug][gc,phases      ] GC(32)     Dead                           Min: 0, Avg:  0.0, Max: 0, Diff: 0, Sum: 0, Workers: 4
[548.222s][debug][gc,phases      ] GC(32)     Total                          Min: 0, Avg:  7.0, Max: 28, Diff: 28, Sum: 28, Workers: 4
[548.222s][debug][gc,phases      ] GC(32)   JVMTI Tag Weak OopStorage      Min:  0.0, Avg:  0.0, Max:  0.0, Diff:  0.0, Sum:  0.0, Workers: 4
[548.222s][debug][gc,phases      ] GC(32)     Dead                           Min: 0, Avg:  0.0, Max: 0, Diff: 0, Sum: 0, Workers: 4
[548.222s][debug][gc,phases      ] GC(32)     Total                          Min: 0, Avg:  0.0, Max: 0, Diff: 0, Sum: 0, Workers: 4
[548.222s][debug][gc,phases      ] GC(32)   StringTable Weak               Min:  0.0, Avg:  0.1, Max:  0.1, Diff:  0.1, Sum:  0.4, Workers: 4
[548.222s][debug][gc,phases      ] GC(32)     Dead                           Min: 0, Avg:  0.0, Max: 0, Diff: 0, Sum: 0, Workers: 4
[548.222s][debug][gc,phases      ] GC(32)     Total                          Min: 0, Avg: 10660.5, Max: 15552, Diff: 15552, Sum: 42642, Workers: 4
[548.222s][debug][gc,phases      ] GC(32)   ResolvedMethodTable Weak       Min:  0.0, Avg:  0.0, Max:  0.0, Diff:  0.0, Sum:  0.1, Workers: 4
[548.222s][debug][gc,phases      ] GC(32)     Dead                           Min: 0, Avg:  0.0, Max: 0, Diff: 0, Sum: 0, Workers: 4
[548.222s][debug][gc,phases      ] GC(32)     Total                          Min: 0, Avg: 2080.0, Max: 3171, Diff: 3171, Sum: 8320, Workers: 4
[548.222s][debug][gc,phases      ] GC(32)   JNI Weak                       Min:  0.0, Avg:  0.0, Max:  0.0, Diff:  0.0, Sum:  0.0, Workers: 4
[548.222s][debug][gc,phases      ] GC(32)     Dead                           Min: 0, Avg:  0.0, Max: 0, Diff: 0, Sum: 0, Workers: 4
[548.222s][debug][gc,phases      ] GC(32)     Total                          Min: 0, Avg: 11.2, Max: 45, Diff: 45, Sum: 45, Workers: 4
[548.222s][debug][gc,phases      ] GC(32)   StringDedup Table Weak         Min:  0.0, Avg:  0.0, Max:  0.0, Diff:  0.0, Sum:  0.0, Workers: 4
[548.222s][debug][gc,phases      ] GC(32)     Dead                           Min: 0, Avg:  0.0, Max: 0, Diff: 0, Sum: 0, Workers: 4
[548.222s][debug][gc,phases      ] GC(32)     Total                          Min: 0, Avg:  0.0, Max: 0, Diff: 0, Sum: 0, Workers: 4
[548.222s][debug][gc,phases      ] GC(32)   StringDedup Requests0 Weak     Min:  0.0, Avg:  0.0, Max:  0.0, Diff:  0.0, Sum:  0.0, Workers: 4
[548.222s][debug][gc,phases      ] GC(32)     Dead                           Min: 0, Avg:  0.0, Max: 0, Diff: 0, Sum: 0, Workers: 4
[548.222s][debug][gc,phases      ] GC(32)     Total                          Min: 0, Avg:  0.0, Max: 0, Diff: 0, Sum: 0, Workers: 4
[548.222s][debug][gc,phases      ] GC(32)   StringDedup Requests1 Weak     Min:  0.0, Avg:  0.0, Max:  0.0, Diff:  0.0, Sum:  0.0, Workers: 4
[548.222s][debug][gc,phases      ] GC(32)     Dead                           Min: 0, Avg:  0.0, Max: 0, Diff: 0, Sum: 0, Workers: 4
[548.222s][debug][gc,phases      ] GC(32)     Total                          Min: 0, Avg:  0.0, Max: 0, Diff: 0, Sum: 0, Workers: 4
[548.222s][debug][gc,phases      ] GC(32)   Weak JFR Old Object Samples    Min:  0.0, Avg:  0.0, Max:  0.0, Diff:  0.0, Sum:  0.0, Workers: 4
[548.222s][debug][gc,phases      ] GC(32)     Dead                           Min: 0, Avg:  0.0, Max: 0, Diff: 0, Sum: 0, Workers: 4
[548.222s][debug][gc,phases      ] GC(32)     Total                          Min: 0, Avg:  0.0, Max: 0, Diff: 0, Sum: 0, Workers: 4
[548.222s][debug][gc,phases      ] GC(32) Weak Processing 0.388ms
[548.222s][debug][gc,age         ] GC(32) Desired survivor size 452460544 bytes, new threshold 15 (max threshold 15)
[548.222s][info ][gc,heap        ] GC(32) PSYoungGen: 1232416K(1652736K)->7328K(1651200K) Eden: 1206784K(1206784K)->0K(1206784K) From: 25632K(445952K)->7328K(444416K)
[548.222s][info ][gc,heap        ] GC(32) ParOldGen: 290730K(393216K)->309866K(393216K)
[548.222s][info ][gc,metaspace   ] GC(32) Metaspace: 77531K(78400K)->77531K(78400K) NonClass: 66384K(66880K)->66384K(66880K) Class: 11147K(11520K)->11147K(11520K)
[548.222s][info ][gc             ] GC(32) Pause Young (Allocation Failure) 1487M->309M(1996M) 15.104ms
[548.222s][info ][gc,cpu         ] GC(32) User=0.05s Sys=0.00s Real=0.02s
[548.222s][info ][safepoint      ] Safepoint "ParallelGCFailedAllocation", Time since last: 20829941140 ns, Reaching safepoint: 28302 ns, At safepoint: 15209090 ns, Total: 15237392 ns
[558.223s][info ][safepoint      ] Safepoint "Cleanup", Time since last: 10000763024 ns, Reaching safepoint: 42303 ns, At safepoint: 3400 ns, Total: 45703 ns
[581.009s][info ][gc,start       ] GC(33) Pause Young (Allocation Failure)
[581.016s][debug][gc,phases      ] GC(33) Scavenge 7.024ms
[581.016s][debug][gc,ref         ] GC(33) Skipped phase 1 of Reference Processing: no references
[581.016s][debug][gc,ref         ] GC(33) ReferenceProcessor::execute queues: 1, RefProcThreadModel::Single, marks_oops_alive: false
[581.016s][debug][gc,ref         ] GC(33) Skipped phase 3 of Reference Processing: no references
[581.016s][debug][gc,ref         ] GC(33) Skipped phase 4 of Reference Processing: no references
[581.016s][debug][gc,phases      ] GC(33) Reference Processing 0.129ms
[581.016s][debug][gc,phases      ] GC(33)   VM Weak                        Min:  0.0, Avg:  0.0, Max:  0.0, Diff:  0.0, Sum:  0.0, Workers: 4
[581.016s][debug][gc,phases      ] GC(33)     Dead                           Min: 0, Avg:  0.0, Max: 0, Diff: 0, Sum: 0, Workers: 4
[581.016s][debug][gc,phases      ] GC(33)     Total                          Min: 0, Avg: 173.5, Max: 448, Diff: 448, Sum: 694, Workers: 4
[581.016s][debug][gc,phases      ] GC(33)   ObjectSynchronizer Weak        Min:  0.0, Avg:  0.0, Max:  0.0, Diff:  0.0, Sum:  0.0, Workers: 4
[581.016s][debug][gc,phases      ] GC(33)     Dead                           Min: 0, Avg:  0.0, Max: 0, Diff: 0, Sum: 0, Workers: 4
[581.016s][debug][gc,phases      ] GC(33)     Total                          Min: 0, Avg:  7.0, Max: 28, Diff: 28, Sum: 28, Workers: 4
[581.016s][debug][gc,phases      ] GC(33)   JVMTI Tag Weak OopStorage      Min:  0.0, Avg:  0.0, Max:  0.0, Diff:  0.0, Sum:  0.0, Workers: 4
[581.016s][debug][gc,phases      ] GC(33)     Dead                           Min: 0, Avg:  0.0, Max: 0, Diff: 0, Sum: 0, Workers: 4
[581.016s][debug][gc,phases      ] GC(33)     Total                          Min: 0, Avg:  0.0, Max: 0, Diff: 0, Sum: 0, Workers: 4
[581.016s][debug][gc,phases      ] GC(33)   StringTable Weak               Min:  0.0, Avg:  0.1, Max:  0.1, Diff:  0.1, Sum:  0.4, Workers: 4
[581.016s][debug][gc,phases      ] GC(33)     Dead                           Min: 0, Avg:  0.0, Max: 0, Diff: 0, Sum: 0, Workers: 4
[581.016s][debug][gc,phases      ] GC(33)     Total                          Min: 0, Avg: 10660.8, Max: 14592, Diff: 14592, Sum: 42643, Workers: 4
[581.016s][debug][gc,phases      ] GC(33)   ResolvedMethodTable Weak       Min:  0.0, Avg:  0.0, Max:  0.0, Diff:  0.0, Sum:  0.1, Workers: 4
[581.016s][debug][gc,phases      ] GC(33)     Dead                           Min: 0, Avg:  0.0, Max: 0, Diff: 0, Sum: 0, Workers: 4
[581.016s][debug][gc,phases      ] GC(33)     Total                          Min: 0, Avg: 2080.0, Max: 2919, Diff: 2919, Sum: 8320, Workers: 4
[581.016s][debug][gc,phases      ] GC(33)   JNI Weak                       Min:  0.0, Avg:  0.0, Max:  0.0, Diff:  0.0, Sum:  0.0, Workers: 4
[581.016s][debug][gc,phases      ] GC(33)     Dead                           Min: 0, Avg:  0.0, Max: 0, Diff: 0, Sum: 0, Workers: 4
[581.016s][debug][gc,phases      ] GC(33)     Total                          Min: 0, Avg: 11.2, Max: 45, Diff: 45, Sum: 45, Workers: 4
[581.017s][debug][gc,phases      ] GC(33)   StringDedup Table Weak         Min:  0.0, Avg:  0.0, Max:  0.0, Diff:  0.0, Sum:  0.0, Workers: 4
[581.017s][debug][gc,phases      ] GC(33)     Dead                           Min: 0, Avg:  0.0, Max: 0, Diff: 0, Sum: 0, Workers: 4
[581.017s][debug][gc,phases      ] GC(33)     Total                          Min: 0, Avg:  0.0, Max: 0, Diff: 0, Sum: 0, Workers: 4
[581.017s][debug][gc,phases      ] GC(33)   StringDedup Requests0 Weak     Min:  0.0, Avg:  0.0, Max:  0.0, Diff:  0.0, Sum:  0.0, Workers: 4
[581.017s][debug][gc,phases      ] GC(33)     Dead                           Min: 0, Avg:  0.0, Max: 0, Diff: 0, Sum: 0, Workers: 4
[581.017s][debug][gc,phases      ] GC(33)     Total                          Min: 0, Avg:  0.0, Max: 0, Diff: 0, Sum: 0, Workers: 4
[581.017s][debug][gc,phases      ] GC(33)   StringDedup Requests1 Weak     Min:  0.0, Avg:  0.0, Max:  0.0, Diff:  0.0, Sum:  0.0, Workers: 4
[581.017s][debug][gc,phases      ] GC(33)     Dead                           Min: 0, Avg:  0.0, Max: 0, Diff: 0, Sum: 0, Workers: 4
[581.017s][debug][gc,phases      ] GC(33)     Total                          Min: 0, Avg:  0.0, Max: 0, Diff: 0, Sum: 0, Workers: 4
[581.017s][debug][gc,phases      ] GC(33)   Weak JFR Old Object Samples    Min:  0.0, Avg:  0.0, Max:  0.0, Diff:  0.0, Sum:  0.0, Workers: 4
[581.017s][debug][gc,phases      ] GC(33)     Dead                           Min: 0, Avg:  0.0, Max: 0, Diff: 0, Sum: 0, Workers: 4
[581.017s][debug][gc,phases      ] GC(33)     Total                          Min: 0, Avg:  0.0, Max: 0, Diff: 0, Sum: 0, Workers: 4
[581.017s][debug][gc,phases      ] GC(33) Weak Processing 0.390ms
[581.017s][debug][gc,age         ] GC(33) Desired survivor size 447217664 bytes, new threshold 15 (max threshold 15)
[581.017s][info ][gc,heap        ] GC(33) PSYoungGen: 1214112K(1651200K)->640K(1660416K) Eden: 1206784K(1206784K)->0K(1218560K) From: 7328K(444416K)->640K(441856K)
[581.017s][info ][gc,heap        ] GC(33) ParOldGen: 309866K(393216K)->316626K(393216K)
[581.017s][info ][gc,metaspace   ] GC(33) Metaspace: 77535K(78400K)->77535K(78400K) NonClass: 66384K(66880K)->66384K(66880K) Class: 11151K(11520K)->11151K(11520K)
[581.017s][info ][gc             ] GC(33) Pause Young (Allocation Failure) 1488M->309M(2005M) 7.694ms
[581.017s][info ][gc,cpu         ] GC(33) User=0.02s Sys=0.01s Real=0.01s
[581.017s][info ][safepoint      ] Safepoint "ParallelGCFailedAllocation", Time since last: 22786071235 ns, Reaching safepoint: 47403 ns, At safepoint: 7767352 ns, Total: 7814755 ns
[614.208s][info ][gc,start       ] GC(34) Pause Young (Allocation Failure)
[614.212s][debug][gc,phases      ] GC(34) Scavenge 3.465ms
[614.212s][debug][gc,ref         ] GC(34) Skipped phase 1 of Reference Processing: no references
[614.212s][debug][gc,ref         ] GC(34) ReferenceProcessor::execute queues: 1, RefProcThreadModel::Single, marks_oops_alive: false
[614.212s][debug][gc,ref         ] GC(34) Skipped phase 3 of Reference Processing: no references
[614.212s][debug][gc,ref         ] GC(34) Skipped phase 4 of Reference Processing: no references
[614.212s][debug][gc,phases      ] GC(34) Reference Processing 0.110ms
[614.212s][debug][gc,phases      ] GC(34)   VM Weak                        Min:  0.0, Avg:  0.0, Max:  0.0, Diff:  0.0, Sum:  0.0, Workers: 4
[614.212s][debug][gc,phases      ] GC(34)     Dead                           Min: 0, Avg:  0.0, Max: 0, Diff: 0, Sum: 0, Workers: 4
[614.212s][debug][gc,phases      ] GC(34)     Total                          Min: 0, Avg: 173.5, Max: 374, Diff: 374, Sum: 694, Workers: 4
[614.212s][debug][gc,phases      ] GC(34)   ObjectSynchronizer Weak        Min:  0.0, Avg:  0.0, Max:  0.0, Diff:  0.0, Sum:  0.0, Workers: 4
[614.212s][debug][gc,phases      ] GC(34)     Dead                           Min: 0, Avg:  0.0, Max: 0, Diff: 0, Sum: 0, Workers: 4
[614.212s][debug][gc,phases      ] GC(34)     Total                          Min: 0, Avg:  7.0, Max: 28, Diff: 28, Sum: 28, Workers: 4
[614.212s][debug][gc,phases      ] GC(34)   JVMTI Tag Weak OopStorage      Min:  0.0, Avg:  0.0, Max:  0.0, Diff:  0.0, Sum:  0.0, Workers: 4
[614.212s][debug][gc,phases      ] GC(34)     Dead                           Min: 0, Avg:  0.0, Max: 0, Diff: 0, Sum: 0, Workers: 4
[614.212s][debug][gc,phases      ] GC(34)     Total                          Min: 0, Avg:  0.0, Max: 0, Diff: 0, Sum: 0, Workers: 4
[614.212s][debug][gc,phases      ] GC(34)   StringTable Weak               Min:  0.1, Avg:  0.1, Max:  0.1, Diff:  0.0, Sum:  0.4, Workers: 4
[614.212s][debug][gc,phases      ] GC(34)     Dead                           Min: 0, Avg:  0.0, Max: 0, Diff: 0, Sum: 0, Workers: 4
[614.212s][debug][gc,phases      ] GC(34)     Total                          Min: 9811, Avg: 10660.8, Max: 12736, Diff: 2925, Sum: 42643, Workers: 4
[614.212s][debug][gc,phases      ] GC(34)   ResolvedMethodTable Weak       Min:  0.0, Avg:  0.0, Max:  0.0, Diff:  0.0, Sum:  0.1, Workers: 4
[614.212s][debug][gc,phases      ] GC(34)     Dead                           Min: 0, Avg:  0.0, Max: 0, Diff: 0, Sum: 0, Workers: 4
[614.212s][debug][gc,phases      ] GC(34)     Total                          Min: 1942, Avg: 2080.0, Max: 2172, Diff: 230, Sum: 8320, Workers: 4
[614.212s][debug][gc,phases      ] GC(34)   JNI Weak                       Min:  0.0, Avg:  0.0, Max:  0.0, Diff:  0.0, Sum:  0.0, Workers: 4
[614.212s][debug][gc,phases      ] GC(34)     Dead                           Min: 0, Avg:  0.0, Max: 0, Diff: 0, Sum: 0, Workers: 4
[614.212s][debug][gc,phases      ] GC(34)     Total                          Min: 0, Avg: 11.2, Max: 45, Diff: 45, Sum: 45, Workers: 4
[614.212s][debug][gc,phases      ] GC(34)   StringDedup Table Weak         Min:  0.0, Avg:  0.0, Max:  0.0, Diff:  0.0, Sum:  0.0, Workers: 4
[614.212s][debug][gc,phases      ] GC(34)     Dead                           Min: 0, Avg:  0.0, Max: 0, Diff: 0, Sum: 0, Workers: 4
[614.212s][debug][gc,phases      ] GC(34)     Total                          Min: 0, Avg:  0.0, Max: 0, Diff: 0, Sum: 0, Workers: 4
[614.212s][debug][gc,phases      ] GC(34)   StringDedup Requests0 Weak     Min:  0.0, Avg:  0.0, Max:  0.0, Diff:  0.0, Sum:  0.0, Workers: 4
[614.212s][debug][gc,phases      ] GC(34)     Dead                           Min: 0, Avg:  0.0, Max: 0, Diff: 0, Sum: 0, Workers: 4
[614.212s][debug][gc,phases      ] GC(34)     Total                          Min: 0, Avg:  0.0, Max: 0, Diff: 0, Sum: 0, Workers: 4
[614.212s][debug][gc,phases      ] GC(34)   StringDedup Requests1 Weak     Min:  0.0, Avg:  0.0, Max:  0.0, Diff:  0.0, Sum:  0.0, Workers: 4
[614.212s][debug][gc,phases      ] GC(34)     Dead                           Min: 0, Avg:  0.0, Max: 0, Diff: 0, Sum: 0, Workers: 4
[614.212s][debug][gc,phases      ] GC(34)     Total                          Min: 0, Avg:  0.0, Max: 0, Diff: 0, Sum: 0, Workers: 4
[614.212s][debug][gc,phases      ] GC(34)   Weak JFR Old Object Samples    Min:  0.0, Avg:  0.0, Max:  0.0, Diff:  0.0, Sum:  0.0, Workers: 4
[614.212s][debug][gc,phases      ] GC(34)     Dead                           Min: 0, Avg:  0.0, Max: 0, Diff: 0, Sum: 0, Workers: 4
[614.212s][debug][gc,phases      ] GC(34)     Total                          Min: 0, Avg:  0.0, Max: 0, Diff: 0, Sum: 0, Workers: 4
[614.212s][debug][gc,phases      ] GC(34) Weak Processing 0.335ms
[614.212s][debug][gc,age         ] GC(34) Desired survivor size 438304768 bytes, new threshold 15 (max threshold 15)
[614.212s][info ][gc,heap        ] GC(34) PSYoungGen: 1219200K(1660416K)->512K(1655296K) Eden: 1218560K(1218560K)->0K(1218560K) From: 640K(441856K)->512K(436736K)
[614.212s][info ][gc,heap        ] GC(34) ParOldGen: 316626K(393216K)->316842K(393216K)
[614.212s][info ][gc,metaspace   ] GC(34) Metaspace: 77535K(78400K)->77535K(78400K) NonClass: 66384K(66880K)->66384K(66880K) Class: 11151K(11520K)->11151K(11520K)
[614.212s][info ][gc             ] GC(34) Pause Young (Allocation Failure) 1499M->309M(2000M) 4.045ms
[614.212s][info ][gc,cpu         ] GC(34) User=0.01s Sys=0.00s Real=0.00s
[614.212s][info ][safepoint      ] Safepoint "ParallelGCFailedAllocation", Time since last: 33191410954 ns, Reaching safepoint: 33302 ns, At safepoint: 4133496 ns, Total: 4166798 ns
[616.212s][info ][safepoint      ] Safepoint "Cleanup", Time since last: 2000156587 ns, Reaching safepoint: 76506 ns, At safepoint: 2900 ns, Total: 79406 ns
[617.213s][info ][safepoint      ] Safepoint "Cleanup", Time since last: 1000108385 ns, Reaching safepoint: 40703 ns, At safepoint: 2400 ns, Total: 43103 ns
[636.214s][info ][safepoint      ] Safepoint "Cleanup", Time since last: 19001230989 ns, Reaching safepoint: 42102 ns, At safepoint: 2800 ns, Total: 44902 ns
[647.008s][info ][gc,start       ] GC(35) Pause Young (Allocation Failure)
[647.011s][debug][gc,phases      ] GC(35) Scavenge 3.351ms
[647.011s][debug][gc,ref         ] GC(35) Skipped phase 1 of Reference Processing: no references
[647.011s][debug][gc,ref         ] GC(35) ReferenceProcessor::execute queues: 1, RefProcThreadModel::Single, marks_oops_alive: false
[647.011s][debug][gc,ref         ] GC(35) Skipped phase 3 of Reference Processing: no references
[647.011s][debug][gc,ref         ] GC(35) Skipped phase 4 of Reference Processing: no references
[647.011s][debug][gc,phases      ] GC(35) Reference Processing 0.104ms
[647.012s][debug][gc,phases      ] GC(35)   VM Weak                        Min:  0.0, Avg:  0.0, Max:  0.0, Diff:  0.0, Sum:  0.0, Workers: 4
[647.012s][debug][gc,phases      ] GC(35)     Dead                           Min: 0, Avg:  0.0, Max: 0, Diff: 0, Sum: 0, Workers: 4
[647.012s][debug][gc,phases      ] GC(35)     Total                          Min: 0, Avg: 173.5, Max: 448, Diff: 448, Sum: 694, Workers: 4
[647.012s][debug][gc,phases      ] GC(35)   ObjectSynchronizer Weak        Min:  0.0, Avg:  0.0, Max:  0.0, Diff:  0.0, Sum:  0.0, Workers: 4
[647.012s][debug][gc,phases      ] GC(35)     Dead                           Min: 0, Avg:  0.0, Max: 0, Diff: 0, Sum: 0, Workers: 4
[647.012s][debug][gc,phases      ] GC(35)     Total                          Min: 0, Avg:  7.0, Max: 28, Diff: 28, Sum: 28, Workers: 4
[647.012s][debug][gc,phases      ] GC(35)   JVMTI Tag Weak OopStorage      Min:  0.0, Avg:  0.0, Max:  0.0, Diff:  0.0, Sum:  0.0, Workers: 4
[647.012s][debug][gc,phases      ] GC(35)     Dead                           Min: 0, Avg:  0.0, Max: 0, Diff: 0, Sum: 0, Workers: 4
[647.012s][debug][gc,phases      ] GC(35)     Total                          Min: 0, Avg:  0.0, Max: 0, Diff: 0, Sum: 0, Workers: 4
[647.012s][debug][gc,phases      ] GC(35)   StringTable Weak               Min:  0.0, Avg:  0.1, Max:  0.1, Diff:  0.1, Sum:  0.4, Workers: 4
[647.012s][debug][gc,phases      ] GC(35)     Dead                           Min: 0, Avg:  0.0, Max: 0, Diff: 0, Sum: 0, Workers: 4
[647.012s][debug][gc,phases      ] GC(35)     Total                          Min: 0, Avg: 10660.8, Max: 14995, Diff: 14995, Sum: 42643, Workers: 4
[647.012s][debug][gc,phases      ] GC(35)   ResolvedMethodTable Weak       Min:  0.0, Avg:  0.0, Max:  0.0, Diff:  0.0, Sum:  0.1, Workers: 4
[647.012s][debug][gc,phases      ] GC(35)     Dead                           Min: 0, Avg:  0.0, Max: 0, Diff: 0, Sum: 0, Workers: 4
[647.012s][debug][gc,phases      ] GC(35)     Total                          Min: 0, Avg: 2080.0, Max: 2926, Diff: 2926, Sum: 8320, Workers: 4
[647.012s][debug][gc,phases      ] GC(35)   JNI Weak                       Min:  0.0, Avg:  0.0, Max:  0.0, Diff:  0.0, Sum:  0.0, Workers: 4
[647.012s][debug][gc,phases      ] GC(35)     Dead                           Min: 0, Avg:  0.0, Max: 0, Diff: 0, Sum: 0, Workers: 4
[647.012s][debug][gc,phases      ] GC(35)     Total                          Min: 0, Avg: 11.2, Max: 45, Diff: 45, Sum: 45, Workers: 4
[647.012s][debug][gc,phases      ] GC(35)   StringDedup Table Weak         Min:  0.0, Avg:  0.0, Max:  0.0, Diff:  0.0, Sum:  0.0, Workers: 4
[647.012s][debug][gc,phases      ] GC(35)     Dead                           Min: 0, Avg:  0.0, Max: 0, Diff: 0, Sum: 0, Workers: 4
[647.012s][debug][gc,phases      ] GC(35)     Total                          Min: 0, Avg:  0.0, Max: 0, Diff: 0, Sum: 0, Workers: 4
[647.012s][debug][gc,phases      ] GC(35)   StringDedup Requests0 Weak     Min:  0.0, Avg:  0.0, Max:  0.0, Diff:  0.0, Sum:  0.0, Workers: 4
[647.012s][debug][gc,phases      ] GC(35)     Dead                           Min: 0, Avg:  0.0, Max: 0, Diff: 0, Sum: 0, Workers: 4
[647.012s][debug][gc,phases      ] GC(35)     Total                          Min: 0, Avg:  0.0, Max: 0, Diff: 0, Sum: 0, Workers: 4
[647.012s][debug][gc,phases      ] GC(35)   StringDedup Requests1 Weak     Min:  0.0, Avg:  0.0, Max:  0.0, Diff:  0.0, Sum:  0.0, Workers: 4
[647.012s][debug][gc,phases      ] GC(35)     Dead                           Min: 0, Avg:  0.0, Max: 0, Diff: 0, Sum: 0, Workers: 4
[647.012s][debug][gc,phases      ] GC(35)     Total                          Min: 0, Avg:  0.0, Max: 0, Diff: 0, Sum: 0, Workers: 4
[647.012s][debug][gc,phases      ] GC(35)   Weak JFR Old Object Samples    Min:  0.0, Avg:  0.0, Max:  0.0, Diff:  0.0, Sum:  0.0, Workers: 4
[647.012s][debug][gc,phases      ] GC(35)     Dead                           Min: 0, Avg:  0.0, Max: 0, Diff: 0, Sum: 0, Workers: 4
[647.012s][debug][gc,phases      ] GC(35)     Total                          Min: 0, Avg:  0.0, Max: 0, Diff: 0, Sum: 0, Workers: 4
[647.012s][debug][gc,phases      ] GC(35) Weak Processing 0.362ms
[647.012s][debug][gc,age         ] GC(35) Desired survivor size 427294720 bytes, new threshold 15 (max threshold 15)
[647.012s][info ][gc,heap        ] GC(35) PSYoungGen: 1219072K(1655296K)->384K(1679872K) Eden: 1218560K(1218560K)->0K(1251840K) From: 512K(436736K)->384K(428032K)
[647.012s][info ][gc,heap        ] GC(35) ParOldGen: 316842K(393216K)->316906K(393216K)
[647.012s][info ][gc,metaspace   ] GC(35) Metaspace: 77549K(78400K)->77549K(78400K) NonClass: 66398K(66880K)->66398K(66880K) Class: 11151K(11520K)->11151K(11520K)
[647.012s][info ][gc             ] GC(35) Pause Young (Allocation Failure) 1499M->309M(2024M) 3.955ms
[647.012s][info ][gc,cpu         ] GC(35) User=0.01s Sys=0.00s Real=0.01s
[647.012s][info ][safepoint      ] Safepoint "ParallelGCFailedAllocation", Time since last: 10793799805 ns, Reaching safepoint: 33103 ns, At safepoint: 4030587 ns, Total: 4063690 ns
[681.058s][info ][gc,start       ] GC(36) Pause Young (Allocation Failure)
[681.062s][debug][gc,phases      ] GC(36) Scavenge 3.283ms
[681.062s][debug][gc,ref         ] GC(36) Skipped phase 1 of Reference Processing: no references
[681.062s][debug][gc,ref         ] GC(36) ReferenceProcessor::execute queues: 1, RefProcThreadModel::Single, marks_oops_alive: false
[681.062s][debug][gc,ref         ] GC(36) Skipped phase 3 of Reference Processing: no references
[681.062s][debug][gc,ref         ] GC(36) Skipped phase 4 of Reference Processing: no references
[681.062s][debug][gc,phases      ] GC(36) Reference Processing 0.108ms
[681.062s][debug][gc,phases      ] GC(36)   VM Weak                        Min:  0.0, Avg:  0.0, Max:  0.0, Diff:  0.0, Sum:  0.0, Workers: 4
[681.062s][debug][gc,phases      ] GC(36)     Dead                           Min: 0, Avg:  0.0, Max: 0, Diff: 0, Sum: 0, Workers: 4
[681.062s][debug][gc,phases      ] GC(36)     Total                          Min: 0, Avg: 173.5, Max: 438, Diff: 438, Sum: 694, Workers: 4
[681.062s][debug][gc,phases      ] GC(36)   ObjectSynchronizer Weak        Min:  0.0, Avg:  0.0, Max:  0.0, Diff:  0.0, Sum:  0.0, Workers: 4
[681.062s][debug][gc,phases      ] GC(36)     Dead                           Min: 0, Avg:  0.0, Max: 0, Diff: 0, Sum: 0, Workers: 4
[681.062s][debug][gc,phases      ] GC(36)     Total                          Min: 0, Avg:  7.0, Max: 28, Diff: 28, Sum: 28, Workers: 4
[681.062s][debug][gc,phases      ] GC(36)   JVMTI Tag Weak OopStorage      Min:  0.0, Avg:  0.0, Max:  0.0, Diff:  0.0, Sum:  0.0, Workers: 4
[681.062s][debug][gc,phases      ] GC(36)     Dead                           Min: 0, Avg:  0.0, Max: 0, Diff: 0, Sum: 0, Workers: 4
[681.062s][debug][gc,phases      ] GC(36)     Total                          Min: 0, Avg:  0.0, Max: 0, Diff: 0, Sum: 0, Workers: 4
[681.062s][debug][gc,phases      ] GC(36)   StringTable Weak               Min:  0.0, Avg:  0.1, Max:  0.1, Diff:  0.1, Sum:  0.4, Workers: 4
[681.062s][debug][gc,phases      ] GC(36)     Dead                           Min: 0, Avg:  0.0, Max: 0, Diff: 0, Sum: 0, Workers: 4
[681.062s][debug][gc,phases      ] GC(36)     Total                          Min: 0, Avg: 10660.8, Max: 16083, Diff: 16083, Sum: 42643, Workers: 4
[681.062s][debug][gc,phases      ] GC(36)   ResolvedMethodTable Weak       Min:  0.0, Avg:  0.0, Max:  0.0, Diff:  0.0, Sum:  0.1, Workers: 4
[681.062s][debug][gc,phases      ] GC(36)     Dead                           Min: 0, Avg:  0.0, Max: 0, Diff: 0, Sum: 0, Workers: 4
[681.062s][debug][gc,phases      ] GC(36)     Total                          Min: 0, Avg: 2080.0, Max: 2983, Diff: 2983, Sum: 8320, Workers: 4
[681.062s][debug][gc,phases      ] GC(36)   JNI Weak                       Min:  0.0, Avg:  0.0, Max:  0.0, Diff:  0.0, Sum:  0.0, Workers: 4
[681.062s][debug][gc,phases      ] GC(36)     Dead                           Min: 0, Avg:  0.0, Max: 0, Diff: 0, Sum: 0, Workers: 4
[681.062s][debug][gc,phases      ] GC(36)     Total                          Min: 0, Avg: 11.2, Max: 45, Diff: 45, Sum: 45, Workers: 4
[681.062s][debug][gc,phases      ] GC(36)   StringDedup Table Weak         Min:  0.0, Avg:  0.0, Max:  0.0, Diff:  0.0, Sum:  0.0, Workers: 4
[681.062s][debug][gc,phases      ] GC(36)     Dead                           Min: 0, Avg:  0.0, Max: 0, Diff: 0, Sum: 0, Workers: 4
[681.062s][debug][gc,phases      ] GC(36)     Total                          Min: 0, Avg:  0.0, Max: 0, Diff: 0, Sum: 0, Workers: 4
[681.062s][debug][gc,phases      ] GC(36)   StringDedup Requests0 Weak     Min:  0.0, Avg:  0.0, Max:  0.0, Diff:  0.0, Sum:  0.0, Workers: 4
[681.062s][debug][gc,phases      ] GC(36)     Dead                           Min: 0, Avg:  0.0, Max: 0, Diff: 0, Sum: 0, Workers: 4
[681.062s][debug][gc,phases      ] GC(36)     Total                          Min: 0, Avg:  0.0, Max: 0, Diff: 0, Sum: 0, Workers: 4
[681.062s][debug][gc,phases      ] GC(36)   StringDedup Requests1 Weak     Min:  0.0, Avg:  0.0, Max:  0.0, Diff:  0.0, Sum:  0.0, Workers: 4
[681.062s][debug][gc,phases      ] GC(36)     Dead                           Min: 0, Avg:  0.0, Max: 0, Diff: 0, Sum: 0, Workers: 4
[681.062s][debug][gc,phases      ] GC(36)     Total                          Min: 0, Avg:  0.0, Max: 0, Diff: 0, Sum: 0, Workers: 4
[681.062s][debug][gc,phases      ] GC(36)   Weak JFR Old Object Samples    Min:  0.0, Avg:  0.0, Max:  0.0, Diff:  0.0, Sum:  0.0, Workers: 4
[681.062s][debug][gc,phases      ] GC(36)     Dead                           Min: 0, Avg:  0.0, Max: 0, Diff: 0, Sum: 0, Workers: 4
[681.062s][debug][gc,phases      ] GC(36)     Total                          Min: 0, Avg:  0.0, Max: 0, Diff: 0, Sum: 0, Workers: 4
[681.062s][debug][gc,phases      ] GC(36) Weak Processing 0.352ms
[681.062s][debug][gc,age         ] GC(36) Desired survivor size 413663232 bytes, new threshold 15 (max threshold 15)
[681.062s][info ][gc,heap        ] GC(36) PSYoungGen: 1252224K(1679872K)->224K(1669120K) Eden: 1251840K(1251840K)->0K(1251840K) From: 384K(428032K)->224K(417280K)
[681.062s][info ][gc,heap        ] GC(36) ParOldGen: 316906K(393216K)->317050K(393216K)
[681.062s][info ][gc,metaspace   ] GC(36) Metaspace: 77549K(78400K)->77549K(78400K) NonClass: 66398K(66880K)->66398K(66880K) Class: 11151K(11520K)->11151K(11520K)
[681.062s][info ][gc             ] GC(36) Pause Young (Allocation Failure) 1532M->309M(2014M) 3.848ms
[681.062s][info ][gc,cpu         ] GC(36) User=0.01s Sys=0.00s Real=0.00s
[681.062s][info ][safepoint      ] Safepoint "ParallelGCFailedAllocation", Time since last: 34046625402 ns, Reaching safepoint: 23801 ns, At safepoint: 3935178 ns, Total: 3958979 ns
[715.158s][info ][gc,start       ] GC(37) Pause Young (Allocation Failure)
[715.161s][debug][gc,phases      ] GC(37) Scavenge 2.063ms
[715.161s][debug][gc,ref         ] GC(37) Skipped phase 1 of Reference Processing: no references
[715.161s][debug][gc,ref         ] GC(37) ReferenceProcessor::execute queues: 1, RefProcThreadModel::Single, marks_oops_alive: false
[715.161s][debug][gc,ref         ] GC(37) Skipped phase 3 of Reference Processing: no references
[715.161s][debug][gc,ref         ] GC(37) Skipped phase 4 of Reference Processing: no references
[715.161s][debug][gc,phases      ] GC(37) Reference Processing 0.119ms
[715.161s][debug][gc,phases      ] GC(37)   VM Weak                        Min:  0.0, Avg:  0.0, Max:  0.0, Diff:  0.0, Sum:  0.0, Workers: 4
[715.161s][debug][gc,phases      ] GC(37)     Dead                           Min: 0, Avg:  0.0, Max: 0, Diff: 0, Sum: 0, Workers: 4
[715.161s][debug][gc,phases      ] GC(37)     Total                          Min: 0, Avg: 173.5, Max: 694, Diff: 694, Sum: 694, Workers: 4
[715.161s][debug][gc,phases      ] GC(37)   ObjectSynchronizer Weak        Min:  0.0, Avg:  0.0, Max:  0.0, Diff:  0.0, Sum:  0.0, Workers: 4
[715.161s][debug][gc,phases      ] GC(37)     Dead                           Min: 0, Avg:  0.0, Max: 0, Diff: 0, Sum: 0, Workers: 4
[715.161s][debug][gc,phases      ] GC(37)     Total                          Min: 0, Avg:  7.0, Max: 28, Diff: 28, Sum: 28, Workers: 4
[715.161s][debug][gc,phases      ] GC(37)   JVMTI Tag Weak OopStorage      Min:  0.0, Avg:  0.0, Max:  0.0, Diff:  0.0, Sum:  0.0, Workers: 4
[715.161s][debug][gc,phases      ] GC(37)     Dead                           Min: 0, Avg:  0.0, Max: 0, Diff: 0, Sum: 0, Workers: 4
[715.161s][debug][gc,phases      ] GC(37)     Total                          Min: 0, Avg:  0.0, Max: 0, Diff: 0, Sum: 0, Workers: 4
[715.161s][debug][gc,phases      ] GC(37)   StringTable Weak               Min:  0.0, Avg:  0.1, Max:  0.2, Diff:  0.2, Sum:  0.4, Workers: 4
[715.161s][debug][gc,phases      ] GC(37)     Dead                           Min: 0, Avg:  0.0, Max: 0, Diff: 0, Sum: 0, Workers: 4
[715.161s][debug][gc,phases      ] GC(37)     Total                          Min: 0, Avg: 10660.8, Max: 17984, Diff: 17984, Sum: 42643, Workers: 4
[715.161s][debug][gc,phases      ] GC(37)   ResolvedMethodTable Weak       Min:  0.0, Avg:  0.0, Max:  0.0, Diff:  0.0, Sum:  0.1, Workers: 4
[715.161s][debug][gc,phases      ] GC(37)     Dead                           Min: 0, Avg:  0.0, Max: 0, Diff: 0, Sum: 0, Workers: 4
[715.161s][debug][gc,phases      ] GC(37)     Total                          Min: 0, Avg: 2080.0, Max: 3050, Diff: 3050, Sum: 8320, Workers: 4
[715.161s][debug][gc,phases      ] GC(37)   JNI Weak                       Min:  0.0, Avg:  0.0, Max:  0.0, Diff:  0.0, Sum:  0.0, Workers: 4
[715.161s][debug][gc,phases      ] GC(37)     Dead                           Min: 0, Avg:  0.0, Max: 0, Diff: 0, Sum: 0, Workers: 4
[715.161s][debug][gc,phases      ] GC(37)     Total                          Min: 0, Avg: 11.2, Max: 45, Diff: 45, Sum: 45, Workers: 4
[715.161s][debug][gc,phases      ] GC(37)   StringDedup Table Weak         Min:  0.0, Avg:  0.0, Max:  0.0, Diff:  0.0, Sum:  0.0, Workers: 4
[715.161s][debug][gc,phases      ] GC(37)     Dead                           Min: 0, Avg:  0.0, Max: 0, Diff: 0, Sum: 0, Workers: 4
[715.161s][debug][gc,phases      ] GC(37)     Total                          Min: 0, Avg:  0.0, Max: 0, Diff: 0, Sum: 0, Workers: 4
[715.161s][debug][gc,phases      ] GC(37)   StringDedup Requests0 Weak     Min:  0.0, Avg:  0.0, Max:  0.0, Diff:  0.0, Sum:  0.0, Workers: 4
[715.161s][debug][gc,phases      ] GC(37)     Dead                           Min: 0, Avg:  0.0, Max: 0, Diff: 0, Sum: 0, Workers: 4
[715.161s][debug][gc,phases      ] GC(37)     Total                          Min: 0, Avg:  0.0, Max: 0, Diff: 0, Sum: 0, Workers: 4
[715.161s][debug][gc,phases      ] GC(37)   StringDedup Requests1 Weak     Min:  0.0, Avg:  0.0, Max:  0.0, Diff:  0.0, Sum:  0.0, Workers: 4
[715.161s][debug][gc,phases      ] GC(37)     Dead                           Min: 0, Avg:  0.0, Max: 0, Diff: 0, Sum: 0, Workers: 4
[715.161s][debug][gc,phases      ] GC(37)     Total                          Min: 0, Avg:  0.0, Max: 0, Diff: 0, Sum: 0, Workers: 4
[715.161s][debug][gc,phases      ] GC(37)   Weak JFR Old Object Samples    Min:  0.0, Avg:  0.0, Max:  0.0, Diff:  0.0, Sum:  0.0, Workers: 4
[715.161s][debug][gc,phases      ] GC(37)     Dead                           Min: 0, Avg:  0.0, Max: 0, Diff: 0, Sum: 0, Workers: 4
[715.161s][debug][gc,phases      ] GC(37)     Total                          Min: 0, Avg:  0.0, Max: 0, Diff: 0, Sum: 0, Workers: 4
[715.161s][debug][gc,phases      ] GC(37) Weak Processing 0.387ms
[715.161s][debug][gc,age         ] GC(37) Desired survivor size 398458880 bytes, new threshold 15 (max threshold 15)
[715.161s][info ][gc,heap        ] GC(37) PSYoungGen: 1252064K(1669120K)->384K(1708032K) Eden: 1251840K(1251840K)->0K(1304064K) From: 224K(417280K)->384K(403968K)
[715.161s][info ][gc,heap        ] GC(37) ParOldGen: 317050K(393216K)->317058K(393216K)
[715.161s][info ][gc,metaspace   ] GC(37) Metaspace: 77549K(78400K)->77549K(78400K) NonClass: 66398K(66880K)->66398K(66880K) Class: 11151K(11520K)->11151K(11520K)
[715.161s][info ][gc             ] GC(37) Pause Young (Allocation Failure) 1532M->310M(2052M) 2.698ms
[715.161s][info ][gc,cpu         ] GC(37) User=0.01s Sys=0.00s Real=0.00s
[715.161s][info ][safepoint      ] Safepoint "ParallelGCFailedAllocation", Time since last: 34096037799 ns, Reaching safepoint: 42603 ns, At safepoint: 2768388 ns, Total: 2810991 ns
[726.162s][info ][safepoint      ] Safepoint "Cleanup", Time since last: 11000771333 ns, Reaching safepoint: 48203 ns, At safepoint: 3201 ns, Total: 51404 ns
[728.162s][info ][safepoint      ] Safepoint "Cleanup", Time since last: 2000181877 ns, Reaching safepoint: 40503 ns, At safepoint: 30202 ns, Total: 70705 ns
[750.658s][info ][gc,start       ] GC(38) Pause Young (Allocation Failure)
[750.661s][debug][gc,phases      ] GC(38) Scavenge 3.020ms
[750.662s][debug][gc,ref         ] GC(38) Skipped phase 1 of Reference Processing: no references
[750.662s][debug][gc,ref         ] GC(38) ReferenceProcessor::execute queues: 1, RefProcThreadModel::Single, marks_oops_alive: false
[750.662s][debug][gc,ref         ] GC(38) Skipped phase 3 of Reference Processing: no references
[750.662s][debug][gc,ref         ] GC(38) Skipped phase 4 of Reference Processing: no references
[750.662s][debug][gc,phases      ] GC(38) Reference Processing 0.109ms
[750.662s][debug][gc,phases      ] GC(38)   VM Weak                        Min:  0.0, Avg:  0.0, Max:  0.0, Diff:  0.0, Sum:  0.0, Workers: 4
[750.662s][debug][gc,phases      ] GC(38)     Dead                           Min: 0, Avg:  0.0, Max: 0, Diff: 0, Sum: 0, Workers: 4
[750.662s][debug][gc,phases      ] GC(38)     Total                          Min: 0, Avg: 173.5, Max: 374, Diff: 374, Sum: 694, Workers: 4
[750.662s][debug][gc,phases      ] GC(38)   ObjectSynchronizer Weak        Min:  0.0, Avg:  0.0, Max:  0.0, Diff:  0.0, Sum:  0.0, Workers: 4
[750.662s][debug][gc,phases      ] GC(38)     Dead                           Min: 0, Avg:  0.0, Max: 0, Diff: 0, Sum: 0, Workers: 4
[750.662s][debug][gc,phases      ] GC(38)     Total                          Min: 0, Avg:  7.0, Max: 28, Diff: 28, Sum: 28, Workers: 4
[750.662s][debug][gc,phases      ] GC(38)   JVMTI Tag Weak OopStorage      Min:  0.0, Avg:  0.0, Max:  0.0, Diff:  0.0, Sum:  0.0, Workers: 4
[750.662s][debug][gc,phases      ] GC(38)     Dead                           Min: 0, Avg:  0.0, Max: 0, Diff: 0, Sum: 0, Workers: 4
[750.662s][debug][gc,phases      ] GC(38)     Total                          Min: 0, Avg:  0.0, Max: 0, Diff: 0, Sum: 0, Workers: 4
[750.662s][debug][gc,phases      ] GC(38)   StringTable Weak               Min:  0.1, Avg:  0.1, Max:  0.1, Diff:  0.0, Sum:  0.4, Workers: 4
[750.662s][debug][gc,phases      ] GC(38)     Dead                           Min: 0, Avg:  0.0, Max: 0, Diff: 0, Sum: 0, Workers: 4
[750.662s][debug][gc,phases      ] GC(38)     Total                          Min: 8851, Avg: 10660.8, Max: 12032, Diff: 3181, Sum: 42643, Workers: 4
[750.662s][debug][gc,phases      ] GC(38)   ResolvedMethodTable Weak       Min:  0.0, Avg:  0.0, Max:  0.0, Diff:  0.0, Sum:  0.1, Workers: 4
[750.662s][debug][gc,phases      ] GC(38)     Dead                           Min: 0, Avg:  0.0, Max: 0, Diff: 0, Sum: 0, Workers: 4
[750.662s][debug][gc,phases      ] GC(38)     Total                          Min: 1920, Avg: 2080.0, Max: 2403, Diff: 483, Sum: 8320, Workers: 4
[750.662s][debug][gc,phases      ] GC(38)   JNI Weak                       Min:  0.0, Avg:  0.0, Max:  0.0, Diff:  0.0, Sum:  0.0, Workers: 4
[750.662s][debug][gc,phases      ] GC(38)     Dead                           Min: 0, Avg:  0.0, Max: 0, Diff: 0, Sum: 0, Workers: 4
[750.662s][debug][gc,phases      ] GC(38)     Total                          Min: 0, Avg: 11.2, Max: 45, Diff: 45, Sum: 45, Workers: 4
[750.662s][debug][gc,phases      ] GC(38)   StringDedup Table Weak         Min:  0.0, Avg:  0.0, Max:  0.0, Diff:  0.0, Sum:  0.0, Workers: 4
[750.662s][debug][gc,phases      ] GC(38)     Dead                           Min: 0, Avg:  0.0, Max: 0, Diff: 0, Sum: 0, Workers: 4
[750.662s][debug][gc,phases      ] GC(38)     Total                          Min: 0, Avg:  0.0, Max: 0, Diff: 0, Sum: 0, Workers: 4
[750.662s][debug][gc,phases      ] GC(38)   StringDedup Requests0 Weak     Min:  0.0, Avg:  0.0, Max:  0.0, Diff:  0.0, Sum:  0.0, Workers: 4
[750.662s][debug][gc,phases      ] GC(38)     Dead                           Min: 0, Avg:  0.0, Max: 0, Diff: 0, Sum: 0, Workers: 4
[750.662s][debug][gc,phases      ] GC(38)     Total                          Min: 0, Avg:  0.0, Max: 0, Diff: 0, Sum: 0, Workers: 4
[750.662s][debug][gc,phases      ] GC(38)   StringDedup Requests1 Weak     Min:  0.0, Avg:  0.0, Max:  0.0, Diff:  0.0, Sum:  0.0, Workers: 4
[750.662s][debug][gc,phases      ] GC(38)     Dead                           Min: 0, Avg:  0.0, Max: 0, Diff: 0, Sum: 0, Workers: 4
[750.662s][debug][gc,phases      ] GC(38)     Total                          Min: 0, Avg:  0.0, Max: 0, Diff: 0, Sum: 0, Workers: 4
[750.662s][debug][gc,phases      ] GC(38)   Weak JFR Old Object Samples    Min:  0.0, Avg:  0.0, Max:  0.0, Diff:  0.0, Sum:  0.0, Workers: 4
[750.662s][debug][gc,phases      ] GC(38)     Dead                           Min: 0, Avg:  0.0, Max: 0, Diff: 0, Sum: 0, Workers: 4
[750.662s][debug][gc,phases      ] GC(38)     Total                          Min: 0, Avg:  0.0, Max: 0, Diff: 0, Sum: 0, Workers: 4
[750.662s][debug][gc,phases      ] GC(38) Weak Processing 0.319ms
[750.662s][debug][gc,age         ] GC(38) Desired survivor size 382205952 bytes, new threshold 15 (max threshold 15)
[750.662s][info ][gc,heap        ] GC(38) PSYoungGen: 1304448K(1708032K)->320K(1693184K) Eden: 1304064K(1304064K)->0K(1304064K) From: 384K(403968K)->320K(389120K)
[750.662s][info ][gc,heap        ] GC(38) ParOldGen: 317058K(393216K)->317066K(393216K)
[750.662s][info ][gc,metaspace   ] GC(38) Metaspace: 77549K(78400K)->77549K(78400K) NonClass: 66398K(66880K)->66398K(66880K) Class: 11151K(11520K)->11151K(11520K)
[750.662s][info ][gc             ] GC(38) Pause Young (Allocation Failure) 1583M->309M(2037M) 3.571ms
[750.662s][info ][gc,cpu         ] GC(38) User=0.01s Sys=0.00s Real=0.00s
[750.662s][info ][safepoint      ] Safepoint "ParallelGCFailedAllocation", Time since last: 22496068356 ns, Reaching safepoint: 48403 ns, At safepoint: 3639256 ns, Total: 3687659 ns
[786.207s][info ][gc,start       ] GC(39) Pause Young (Allocation Failure)
[786.210s][debug][gc,phases      ] GC(39) Scavenge 2.026ms
[786.210s][debug][gc,ref         ] GC(39) Skipped phase 1 of Reference Processing: no references
[786.210s][debug][gc,ref         ] GC(39) ReferenceProcessor::execute queues: 1, RefProcThreadModel::Single, marks_oops_alive: false
[786.210s][debug][gc,ref         ] GC(39) Skipped phase 3 of Reference Processing: no references
[786.210s][debug][gc,ref         ] GC(39) Skipped phase 4 of Reference Processing: no references
[786.210s][debug][gc,phases      ] GC(39) Reference Processing 0.096ms
[786.210s][debug][gc,phases      ] GC(39)   VM Weak                        Min:  0.0, Avg:  0.0, Max:  0.0, Diff:  0.0, Sum:  0.0, Workers: 4
[786.210s][debug][gc,phases      ] GC(39)     Dead                           Min: 0, Avg:  0.0, Max: 0, Diff: 0, Sum: 0, Workers: 4
[786.210s][debug][gc,phases      ] GC(39)     Total                          Min: 0, Avg: 173.5, Max: 694, Diff: 694, Sum: 694, Workers: 4
[786.210s][debug][gc,phases      ] GC(39)   ObjectSynchronizer Weak        Min:  0.0, Avg:  0.0, Max:  0.0, Diff:  0.0, Sum:  0.0, Workers: 4
[786.210s][debug][gc,phases      ] GC(39)     Dead                           Min: 0, Avg:  0.0, Max: 0, Diff: 0, Sum: 0, Workers: 4
[786.210s][debug][gc,phases      ] GC(39)     Total                          Min: 0, Avg:  7.0, Max: 28, Diff: 28, Sum: 28, Workers: 4
[786.210s][debug][gc,phases      ] GC(39)   JVMTI Tag Weak OopStorage      Min:  0.0, Avg:  0.0, Max:  0.0, Diff:  0.0, Sum:  0.0, Workers: 4
[786.210s][debug][gc,phases      ] GC(39)     Dead                           Min: 0, Avg:  0.0, Max: 0, Diff: 0, Sum: 0, Workers: 4
[786.210s][debug][gc,phases      ] GC(39)     Total                          Min: 0, Avg:  0.0, Max: 0, Diff: 0, Sum: 0, Workers: 4
[786.210s][debug][gc,phases      ] GC(39)   StringTable Weak               Min:  0.0, Avg:  0.1, Max:  0.1, Diff:  0.1, Sum:  0.4, Workers: 4
[786.210s][debug][gc,phases      ] GC(39)     Dead                           Min: 0, Avg:  0.0, Max: 0, Diff: 0, Sum: 0, Workers: 4
[786.210s][debug][gc,phases      ] GC(39)     Total                          Min: 0, Avg: 10660.8, Max: 15552, Diff: 15552, Sum: 42643, Workers: 4
[786.210s][debug][gc,phases      ] GC(39)   ResolvedMethodTable Weak       Min:  0.0, Avg:  0.0, Max:  0.0, Diff:  0.0, Sum:  0.1, Workers: 4
[786.210s][debug][gc,phases      ] GC(39)     Dead                           Min: 0, Avg:  0.0, Max: 0, Diff: 0, Sum: 0, Workers: 4
[786.210s][debug][gc,phases      ] GC(39)     Total                          Min: 0, Avg: 2080.0, Max: 3388, Diff: 3388, Sum: 8320, Workers: 4
[786.210s][debug][gc,phases      ] GC(39)   JNI Weak                       Min:  0.0, Avg:  0.0, Max:  0.0, Diff:  0.0, Sum:  0.0, Workers: 4
[786.210s][debug][gc,phases      ] GC(39)     Dead                           Min: 0, Avg:  0.0, Max: 0, Diff: 0, Sum: 0, Workers: 4
[786.210s][debug][gc,phases      ] GC(39)     Total                          Min: 0, Avg: 11.2, Max: 45, Diff: 45, Sum: 45, Workers: 4
[786.210s][debug][gc,phases      ] GC(39)   StringDedup Table Weak         Min:  0.0, Avg:  0.0, Max:  0.0, Diff:  0.0, Sum:  0.0, Workers: 4
[786.210s][debug][gc,phases      ] GC(39)     Dead                           Min: 0, Avg:  0.0, Max: 0, Diff: 0, Sum: 0, Workers: 4
[786.210s][debug][gc,phases      ] GC(39)     Total                          Min: 0, Avg:  0.0, Max: 0, Diff: 0, Sum: 0, Workers: 4
[786.210s][debug][gc,phases      ] GC(39)   StringDedup Requests0 Weak     Min:  0.0, Avg:  0.0, Max:  0.0, Diff:  0.0, Sum:  0.0, Workers: 4
[786.210s][debug][gc,phases      ] GC(39)     Dead                           Min: 0, Avg:  0.0, Max: 0, Diff: 0, Sum: 0, Workers: 4
[786.210s][debug][gc,phases      ] GC(39)     Total                          Min: 0, Avg:  0.0, Max: 0, Diff: 0, Sum: 0, Workers: 4
[786.210s][debug][gc,phases      ] GC(39)   StringDedup Requests1 Weak     Min:  0.0, Avg:  0.0, Max:  0.0, Diff:  0.0, Sum:  0.0, Workers: 4
[786.210s][debug][gc,phases      ] GC(39)     Dead                           Min: 0, Avg:  0.0, Max: 0, Diff: 0, Sum: 0, Workers: 4
[786.210s][debug][gc,phases      ] GC(39)     Total                          Min: 0, Avg:  0.0, Max: 0, Diff: 0, Sum: 0, Workers: 4
[786.210s][debug][gc,phases      ] GC(39)   Weak JFR Old Object Samples    Min:  0.0, Avg:  0.0, Max:  0.0, Diff:  0.0, Sum:  0.0, Workers: 4
[786.210s][debug][gc,phases      ] GC(39)     Dead                           Min: 0, Avg:  0.0, Max: 0, Diff: 0, Sum: 0, Workers: 4
[786.210s][debug][gc,phases      ] GC(39)     Total                          Min: 0, Avg:  0.0, Max: 0, Diff: 0, Sum: 0, Workers: 4
[786.210s][debug][gc,phases      ] GC(39) Weak Processing 0.349ms
[786.210s][debug][gc,age         ] GC(39) Desired survivor size 365428736 bytes, new threshold 15 (max threshold 15)
[786.210s][info ][gc,heap        ] GC(39) PSYoungGen: 1304384K(1693184K)->256K(1740288K) Eden: 1304064K(1304064K)->0K(1367040K) From: 320K(389120K)->256K(373248K)
[786.210s][info ][gc,heap        ] GC(39) ParOldGen: 317066K(393216K)->317082K(393216K)
[786.210s][info ][gc,metaspace   ] GC(39) Metaspace: 77556K(78400K)->77556K(78400K) NonClass: 66405K(66880K)->66405K(66880K) Class: 11151K(11520K)->11151K(11520K)
[786.210s][info ][gc             ] GC(39) Pause Young (Allocation Failure) 1583M->309M(2083M) 2.599ms
[786.210s][info ][gc,cpu         ] GC(39) User=0.00s Sys=0.00s Real=0.01s
[786.210s][info ][safepoint      ] Safepoint "ParallelGCFailedAllocation", Time since last: 35545379996 ns, Reaching safepoint: 34503 ns, At safepoint: 2661483 ns, Total: 2695986 ns
[798.211s][info ][safepoint      ] Safepoint "Cleanup", Time since last: 12000694783 ns, Reaching safepoint: 48203 ns, At safepoint: 6200 ns, Total: 54403 ns
[823.408s][info ][gc,start       ] GC(40) Pause Young (Allocation Failure)
[823.410s][debug][gc,phases      ] GC(40) Scavenge 1.879ms
[823.410s][debug][gc,ref         ] GC(40) Skipped phase 1 of Reference Processing: no references
[823.410s][debug][gc,ref         ] GC(40) ReferenceProcessor::execute queues: 1, RefProcThreadModel::Single, marks_oops_alive: false
[823.410s][debug][gc,ref         ] GC(40) Skipped phase 3 of Reference Processing: no references
[823.410s][debug][gc,ref         ] GC(40) Skipped phase 4 of Reference Processing: no references
[823.410s][debug][gc,phases      ] GC(40) Reference Processing 0.120ms
[823.410s][debug][gc,phases      ] GC(40)   VM Weak                        Min:  0.0, Avg:  0.0, Max:  0.0, Diff:  0.0, Sum:  0.0, Workers: 4
[823.410s][debug][gc,phases      ] GC(40)     Dead                           Min: 0, Avg:  0.0, Max: 0, Diff: 0, Sum: 0, Workers: 4
[823.410s][debug][gc,phases      ] GC(40)     Total                          Min: 0, Avg: 173.5, Max: 694, Diff: 694, Sum: 694, Workers: 4
[823.410s][debug][gc,phases      ] GC(40)   ObjectSynchronizer Weak        Min:  0.0, Avg:  0.0, Max:  0.0, Diff:  0.0, Sum:  0.0, Workers: 4
[823.410s][debug][gc,phases      ] GC(40)     Dead                           Min: 0, Avg:  0.0, Max: 0, Diff: 0, Sum: 0, Workers: 4
[823.410s][debug][gc,phases      ] GC(40)     Total                          Min: 0, Avg:  7.0, Max: 28, Diff: 28, Sum: 28, Workers: 4
[823.410s][debug][gc,phases      ] GC(40)   JVMTI Tag Weak OopStorage      Min:  0.0, Avg:  0.0, Max:  0.0, Diff:  0.0, Sum:  0.0, Workers: 4
[823.410s][debug][gc,phases      ] GC(40)     Dead                           Min: 0, Avg:  0.0, Max: 0, Diff: 0, Sum: 0, Workers: 4
[823.410s][debug][gc,phases      ] GC(40)     Total                          Min: 0, Avg:  0.0, Max: 0, Diff: 0, Sum: 0, Workers: 4
[823.410s][debug][gc,phases      ] GC(40)   StringTable Weak               Min:  0.0, Avg:  0.1, Max:  0.1, Diff:  0.1, Sum:  0.3, Workers: 4
[823.410s][debug][gc,phases      ] GC(40)     Dead                           Min: 0, Avg:  0.0, Max: 0, Diff: 0, Sum: 0, Workers: 4
[823.410s][debug][gc,phases      ] GC(40)     Total                          Min: 0, Avg: 10660.8, Max: 15104, Diff: 15104, Sum: 42643, Workers: 4
[823.410s][debug][gc,phases      ] GC(40)   ResolvedMethodTable Weak       Min:  0.0, Avg:  0.0, Max:  0.0, Diff:  0.0, Sum:  0.1, Workers: 4
[823.410s][debug][gc,phases      ] GC(40)     Dead                           Min: 0, Avg:  0.0, Max: 0, Diff: 0, Sum: 0, Workers: 4
[823.410s][debug][gc,phases      ] GC(40)     Total                          Min: 0, Avg: 2080.0, Max: 2919, Diff: 2919, Sum: 8320, Workers: 4
[823.410s][debug][gc,phases      ] GC(40)   JNI Weak                       Min:  0.0, Avg:  0.0, Max:  0.0, Diff:  0.0, Sum:  0.0, Workers: 4
[823.410s][debug][gc,phases      ] GC(40)     Dead                           Min: 0, Avg:  0.0, Max: 0, Diff: 0, Sum: 0, Workers: 4
[823.410s][debug][gc,phases      ] GC(40)     Total                          Min: 0, Avg: 11.2, Max: 45, Diff: 45, Sum: 45, Workers: 4
[823.410s][debug][gc,phases      ] GC(40)   StringDedup Table Weak         Min:  0.0, Avg:  0.0, Max:  0.0, Diff:  0.0, Sum:  0.0, Workers: 4
[823.410s][debug][gc,phases      ] GC(40)     Dead                           Min: 0, Avg:  0.0, Max: 0, Diff: 0, Sum: 0, Workers: 4
[823.410s][debug][gc,phases      ] GC(40)     Total                          Min: 0, Avg:  0.0, Max: 0, Diff: 0, Sum: 0, Workers: 4
[823.410s][debug][gc,phases      ] GC(40)   StringDedup Requests0 Weak     Min:  0.0, Avg:  0.0, Max:  0.0, Diff:  0.0, Sum:  0.0, Workers: 4
[823.410s][debug][gc,phases      ] GC(40)     Dead                           Min: 0, Avg:  0.0, Max: 0, Diff: 0, Sum: 0, Workers: 4
[823.410s][debug][gc,phases      ] GC(40)     Total                          Min: 0, Avg:  0.0, Max: 0, Diff: 0, Sum: 0, Workers: 4
[823.410s][debug][gc,phases      ] GC(40)   StringDedup Requests1 Weak     Min:  0.0, Avg:  0.0, Max:  0.0, Diff:  0.0, Sum:  0.0, Workers: 4
[823.410s][debug][gc,phases      ] GC(40)     Dead                           Min: 0, Avg:  0.0, Max: 0, Diff: 0, Sum: 0, Workers: 4
[823.410s][debug][gc,phases      ] GC(40)     Total                          Min: 0, Avg:  0.0, Max: 0, Diff: 0, Sum: 0, Workers: 4
[823.410s][debug][gc,phases      ] GC(40)   Weak JFR Old Object Samples    Min:  0.0, Avg:  0.0, Max:  0.0, Diff:  0.0, Sum:  0.0, Workers: 4
[823.410s][debug][gc,phases      ] GC(40)     Dead                           Min: 0, Avg:  0.0, Max: 0, Diff: 0, Sum: 0, Workers: 4
[823.410s][debug][gc,phases      ] GC(40)     Total                          Min: 0, Avg:  0.0, Max: 0, Diff: 0, Sum: 0, Workers: 4
[823.410s][debug][gc,phases      ] GC(40) Weak Processing 0.350ms
[823.410s][debug][gc,age         ] GC(40) Desired survivor size 348127232 bytes, new threshold 15 (max threshold 15)
[823.411s][info ][gc,heap        ] GC(40) PSYoungGen: 1367296K(1740288K)->256K(1723904K) Eden: 1367040K(1367040K)->0K(1367040K) From: 256K(373248K)->256K(356864K)
[823.411s][info ][gc,heap        ] GC(40) ParOldGen: 317082K(393216K)->317098K(393216K)
[823.411s][info ][gc,metaspace   ] GC(40) Metaspace: 77557K(78400K)->77557K(78400K) NonClass: 66406K(66880K)->66406K(66880K) Class: 11151K(11520K)->11151K(11520K)
[823.411s][info ][gc             ] GC(40) Pause Young (Allocation Failure) 1644M->309M(2067M) 2.463ms
[823.411s][info ][gc,cpu         ] GC(40) User=0.00s Sys=0.00s Real=0.01s
[823.411s][info ][safepoint      ] Safepoint "ParallelGCFailedAllocation", Time since last: 25197122927 ns, Reaching safepoint: 34802 ns, At safepoint: 2557977 ns, Total: 2592779 ns
[826.411s][info ][safepoint      ] Safepoint "Cleanup", Time since last: 3000217278 ns, Reaching safepoint: 36302 ns, At safepoint: 2701 ns, Total: 39003 ns
[860.657s][info ][gc,start       ] GC(41) Pause Young (Allocation Failure)
[860.660s][debug][gc,phases      ] GC(41) Scavenge 3.106ms
[860.660s][debug][gc,ref         ] GC(41) Skipped phase 1 of Reference Processing: no references
[860.660s][debug][gc,ref         ] GC(41) Skipped phase 2 of Reference Processing: no references
[860.660s][debug][gc,ref         ] GC(41) Skipped phase 3 of Reference Processing: no references
[860.660s][debug][gc,ref         ] GC(41) Skipped phase 4 of Reference Processing: no references
[860.660s][debug][gc,phases      ] GC(41) Reference Processing 0.024ms
[860.660s][debug][gc,phases      ] GC(41)   VM Weak                        Min:  0.0, Avg:  0.0, Max:  0.0, Diff:  0.0, Sum:  0.0, Workers: 4
[860.660s][debug][gc,phases      ] GC(41)     Dead                           Min: 0, Avg:  0.0, Max: 0, Diff: 0, Sum: 0, Workers: 4
[860.660s][debug][gc,phases      ] GC(41)     Total                          Min: 0, Avg: 173.5, Max: 448, Diff: 448, Sum: 694, Workers: 4
[860.660s][debug][gc,phases      ] GC(41)   ObjectSynchronizer Weak        Min:  0.0, Avg:  0.0, Max:  0.0, Diff:  0.0, Sum:  0.0, Workers: 4
[860.660s][debug][gc,phases      ] GC(41)     Dead                           Min: 0, Avg:  0.0, Max: 0, Diff: 0, Sum: 0, Workers: 4
[860.660s][debug][gc,phases      ] GC(41)     Total                          Min: 0, Avg:  7.0, Max: 28, Diff: 28, Sum: 28, Workers: 4
[860.660s][debug][gc,phases      ] GC(41)   JVMTI Tag Weak OopStorage      Min:  0.0, Avg:  0.0, Max:  0.0, Diff:  0.0, Sum:  0.0, Workers: 4
[860.660s][debug][gc,phases      ] GC(41)     Dead                           Min: 0, Avg:  0.0, Max: 0, Diff: 0, Sum: 0, Workers: 4
[860.660s][debug][gc,phases      ] GC(41)     Total                          Min: 0, Avg:  0.0, Max: 0, Diff: 0, Sum: 0, Workers: 4
[860.660s][debug][gc,phases      ] GC(41)   StringTable Weak               Min:  0.0, Avg:  0.1, Max:  0.1, Diff:  0.1, Sum:  0.4, Workers: 4
[860.660s][debug][gc,phases      ] GC(41)     Dead                           Min: 0, Avg:  0.0, Max: 0, Diff: 0, Sum: 0, Workers: 4
[860.660s][debug][gc,phases      ] GC(41)     Total                          Min: 0, Avg: 10660.8, Max: 15296, Diff: 15296, Sum: 42643, Workers: 4
[860.660s][debug][gc,phases      ] GC(41)   ResolvedMethodTable Weak       Min:  0.0, Avg:  0.0, Max:  0.0, Diff:  0.0, Sum:  0.1, Workers: 4
[860.660s][debug][gc,phases      ] GC(41)     Dead                           Min: 0, Avg:  0.0, Max: 0, Diff: 0, Sum: 0, Workers: 4
[860.660s][debug][gc,phases      ] GC(41)     Total                          Min: 0, Avg: 2080.0, Max: 3293, Diff: 3293, Sum: 8320, Workers: 4
[860.660s][debug][gc,phases      ] GC(41)   JNI Weak                       Min:  0.0, Avg:  0.0, Max:  0.0, Diff:  0.0, Sum:  0.0, Workers: 4
[860.660s][debug][gc,phases      ] GC(41)     Dead                           Min: 0, Avg:  0.0, Max: 0, Diff: 0, Sum: 0, Workers: 4
[860.660s][debug][gc,phases      ] GC(41)     Total                          Min: 0, Avg: 11.2, Max: 45, Diff: 45, Sum: 45, Workers: 4
[860.660s][debug][gc,phases      ] GC(41)   StringDedup Table Weak         Min:  0.0, Avg:  0.0, Max:  0.0, Diff:  0.0, Sum:  0.0, Workers: 4
[860.660s][debug][gc,phases      ] GC(41)     Dead                           Min: 0, Avg:  0.0, Max: 0, Diff: 0, Sum: 0, Workers: 4
[860.660s][debug][gc,phases      ] GC(41)     Total                          Min: 0, Avg:  0.0, Max: 0, Diff: 0, Sum: 0, Workers: 4
[860.660s][debug][gc,phases      ] GC(41)   StringDedup Requests0 Weak     Min:  0.0, Avg:  0.0, Max:  0.0, Diff:  0.0, Sum:  0.0, Workers: 4
[860.660s][debug][gc,phases      ] GC(41)     Dead                           Min: 0, Avg:  0.0, Max: 0, Diff: 0, Sum: 0, Workers: 4
[860.660s][debug][gc,phases      ] GC(41)     Total                          Min: 0, Avg:  0.0, Max: 0, Diff: 0, Sum: 0, Workers: 4
[860.660s][debug][gc,phases      ] GC(41)   StringDedup Requests1 Weak     Min:  0.0, Avg:  0.0, Max:  0.0, Diff:  0.0, Sum:  0.0, Workers: 4
[860.660s][debug][gc,phases      ] GC(41)     Dead                           Min: 0, Avg:  0.0, Max: 0, Diff: 0, Sum: 0, Workers: 4
[860.660s][debug][gc,phases      ] GC(41)     Total                          Min: 0, Avg:  0.0, Max: 0, Diff: 0, Sum: 0, Workers: 4
[860.660s][debug][gc,phases      ] GC(41)   Weak JFR Old Object Samples    Min:  0.0, Avg:  0.0, Max:  0.0, Diff:  0.0, Sum:  0.0, Workers: 4
[860.660s][debug][gc,phases      ] GC(41)     Dead                           Min: 0, Avg:  0.0, Max: 0, Diff: 0, Sum: 0, Workers: 4
[860.660s][debug][gc,phases      ] GC(41)     Total                          Min: 0, Avg:  0.0, Max: 0, Diff: 0, Sum: 0, Workers: 4
[860.660s][debug][gc,phases      ] GC(41) Weak Processing 0.388ms
[860.660s][debug][gc,age         ] GC(41) Desired survivor size 330825728 bytes, new threshold 15 (max threshold 15)
[860.660s][info ][gc,heap        ] GC(41) PSYoungGen: 1367296K(1723904K)->160K(1774080K) Eden: 1367040K(1367040K)->0K(1434112K) From: 256K(356864K)->160K(339968K)
[860.660s][info ][gc,heap        ] GC(41) ParOldGen: 317098K(393216K)->317266K(393216K)
[860.660s][info ][gc,metaspace   ] GC(41) Metaspace: 77557K(78400K)->77557K(78400K) NonClass: 66406K(66880K)->66406K(66880K) Class: 11151K(11520K)->11151K(11520K)
[860.660s][info ][gc             ] GC(41) Pause Young (Allocation Failure) 1644M->309M(2116M) 3.643ms
[860.660s][info ][gc,cpu         ] GC(41) User=0.01s Sys=0.00s Real=0.00s
[860.660s][info ][safepoint      ] Safepoint "ParallelGCFailedAllocation", Time since last: 34245885653 ns, Reaching safepoint: 44103 ns, At safepoint: 3712156 ns, Total: 3756259 ns
[899.707s][info ][gc,start       ] GC(42) Pause Young (Allocation Failure)
[899.708s][debug][gc,phases      ] GC(42) Scavenge 1.592ms
[899.708s][debug][gc,ref         ] GC(42) Skipped phase 1 of Reference Processing: no references
[899.708s][debug][gc,ref         ] GC(42) Skipped phase 2 of Reference Processing: no references
[899.708s][debug][gc,ref         ] GC(42) Skipped phase 3 of Reference Processing: no references
[899.708s][debug][gc,ref         ] GC(42) Skipped phase 4 of Reference Processing: no references
[899.708s][debug][gc,phases      ] GC(42) Reference Processing 0.023ms
[899.709s][debug][gc,phases      ] GC(42)   VM Weak                        Min:  0.0, Avg:  0.0, Max:  0.0, Diff:  0.0, Sum:  0.0, Workers: 4
[899.709s][debug][gc,phases      ] GC(42)     Dead                           Min: 0, Avg:  0.0, Max: 0, Diff: 0, Sum: 0, Workers: 4
[899.709s][debug][gc,phases      ] GC(42)     Total                          Min: 0, Avg: 173.5, Max: 640, Diff: 640, Sum: 694, Workers: 4
[899.709s][debug][gc,phases      ] GC(42)   ObjectSynchronizer Weak        Min:  0.0, Avg:  0.0, Max:  0.0, Diff:  0.0, Sum:  0.0, Workers: 4
[899.709s][debug][gc,phases      ] GC(42)     Dead                           Min: 0, Avg:  0.0, Max: 0, Diff: 0, Sum: 0, Workers: 4
[899.709s][debug][gc,phases      ] GC(42)     Total                          Min: 0, Avg:  7.0, Max: 28, Diff: 28, Sum: 28, Workers: 4
[899.709s][debug][gc,phases      ] GC(42)   JVMTI Tag Weak OopStorage      Min:  0.0, Avg:  0.0, Max:  0.0, Diff:  0.0, Sum:  0.0, Workers: 4
[899.709s][debug][gc,phases      ] GC(42)     Dead                           Min: 0, Avg:  0.0, Max: 0, Diff: 0, Sum: 0, Workers: 4
[899.709s][debug][gc,phases      ] GC(42)     Total                          Min: 0, Avg:  0.0, Max: 0, Diff: 0, Sum: 0, Workers: 4
[899.709s][debug][gc,phases      ] GC(42)   StringTable Weak               Min:  0.0, Avg:  0.1, Max:  0.1, Diff:  0.1, Sum:  0.4, Workers: 4
[899.709s][debug][gc,phases      ] GC(42)     Dead                           Min: 0, Avg:  0.0, Max: 0, Diff: 0, Sum: 0, Workers: 4
[899.709s][debug][gc,phases      ] GC(42)     Total                          Min: 1536, Avg: 10660.8, Max: 14976, Diff: 13440, Sum: 42643, Workers: 4
[899.709s][debug][gc,phases      ] GC(42)   ResolvedMethodTable Weak       Min:  0.0, Avg:  0.0, Max:  0.0, Diff:  0.0, Sum:  0.1, Workers: 4
[899.709s][debug][gc,phases      ] GC(42)     Dead                           Min: 0, Avg:  0.0, Max: 0, Diff: 0, Sum: 0, Workers: 4
[899.709s][debug][gc,phases      ] GC(42)     Total                          Min: 1899, Avg: 2080.0, Max: 2222, Diff: 323, Sum: 8320, Workers: 4
[899.709s][debug][gc,phases      ] GC(42)   JNI Weak                       Min:  0.0, Avg:  0.0, Max:  0.0, Diff:  0.0, Sum:  0.0, Workers: 4
[899.709s][debug][gc,phases      ] GC(42)     Dead                           Min: 0, Avg:  0.0, Max: 0, Diff: 0, Sum: 0, Workers: 4
[899.709s][debug][gc,phases      ] GC(42)     Total                          Min: 0, Avg: 11.2, Max: 45, Diff: 45, Sum: 45, Workers: 4
[899.709s][debug][gc,phases      ] GC(42)   StringDedup Table Weak         Min:  0.0, Avg:  0.0, Max:  0.0, Diff:  0.0, Sum:  0.0, Workers: 4
[899.709s][debug][gc,phases      ] GC(42)     Dead                           Min: 0, Avg:  0.0, Max: 0, Diff: 0, Sum: 0, Workers: 4
[899.709s][debug][gc,phases      ] GC(42)     Total                          Min: 0, Avg:  0.0, Max: 0, Diff: 0, Sum: 0, Workers: 4
[899.709s][debug][gc,phases      ] GC(42)   StringDedup Requests0 Weak     Min:  0.0, Avg:  0.0, Max:  0.0, Diff:  0.0, Sum:  0.0, Workers: 4
[899.709s][debug][gc,phases      ] GC(42)     Dead                           Min: 0, Avg:  0.0, Max: 0, Diff: 0, Sum: 0, Workers: 4
[899.709s][debug][gc,phases      ] GC(42)     Total                          Min: 0, Avg:  0.0, Max: 0, Diff: 0, Sum: 0, Workers: 4
[899.709s][debug][gc,phases      ] GC(42)   StringDedup Requests1 Weak     Min:  0.0, Avg:  0.0, Max:  0.0, Diff:  0.0, Sum:  0.0, Workers: 4
[899.709s][debug][gc,phases      ] GC(42)     Dead                           Min: 0, Avg:  0.0, Max: 0, Diff: 0, Sum: 0, Workers: 4
[899.709s][debug][gc,phases      ] GC(42)     Total                          Min: 0, Avg:  0.0, Max: 0, Diff: 0, Sum: 0, Workers: 4
[899.709s][debug][gc,phases      ] GC(42)   Weak JFR Old Object Samples    Min:  0.0, Avg:  0.0, Max:  0.0, Diff:  0.0, Sum:  0.0, Workers: 4
[899.709s][debug][gc,phases      ] GC(42)     Dead                           Min: 0, Avg:  0.0, Max: 0, Diff: 0, Sum: 0, Workers: 4
[899.709s][debug][gc,phases      ] GC(42)     Total                          Min: 0, Avg:  0.0, Max: 0, Diff: 0, Sum: 0, Workers: 4
[899.709s][debug][gc,phases      ] GC(42) Weak Processing 0.353ms
[899.709s][debug][gc,age         ] GC(42) Desired survivor size 312999936 bytes, new threshold 15 (max threshold 15)
[899.709s][info ][gc,heap        ] GC(42) PSYoungGen: 1434272K(1774080K)->128K(1757184K) Eden: 1434112K(1434112K)->0K(1434112K) From: 160K(339968K)->128K(323072K)
[899.709s][info ][gc,heap        ] GC(42) ParOldGen: 317266K(393216K)->317274K(393216K)
[899.709s][info ][gc,metaspace   ] GC(42) Metaspace: 77558K(78400K)->77558K(78400K) NonClass: 66407K(66880K)->66407K(66880K) Class: 11151K(11520K)->11151K(11520K)
[899.709s][info ][gc             ] GC(42) Pause Young (Allocation Failure) 1710M->309M(2100M) 2.070ms
[899.709s][info ][gc,cpu         ] GC(42) User=0.01s Sys=0.00s Real=0.01s
[899.709s][info ][safepoint      ] Safepoint "ParallelGCFailedAllocation", Time since last: 39046250891 ns, Reaching safepoint: 29502 ns, At safepoint: 2162849 ns, Total: 2192351 ns
[915.710s][info ][safepoint      ] Safepoint "Cleanup", Time since last: 16001108808 ns, Reaching safepoint: 59804 ns, At safepoint: 2700 ns, Total: 62504 ns
[917.710s][info ][safepoint      ] Safepoint "Cleanup", Time since last: 2000185276 ns, Reaching safepoint: 46304 ns, At safepoint: 3700 ns, Total: 50004 ns
[927.711s][info ][safepoint      ] Safepoint "Cleanup", Time since last: 10000704793 ns, Reaching safepoint: 44603 ns, At safepoint: 12701 ns, Total: 57304 ns
[938.307s][info ][gc,start       ] GC(43) Pause Young (Allocation Failure)
[938.309s][debug][gc,phases      ] GC(43) Scavenge 1.492ms
[938.309s][debug][gc,ref         ] GC(43) Skipped phase 1 of Reference Processing: no references
[938.309s][debug][gc,ref         ] GC(43) Skipped phase 2 of Reference Processing: no references
[938.309s][debug][gc,ref         ] GC(43) Skipped phase 3 of Reference Processing: no references
[938.309s][debug][gc,ref         ] GC(43) Skipped phase 4 of Reference Processing: no references
[938.309s][debug][gc,phases      ] GC(43) Reference Processing 0.023ms
[938.309s][debug][gc,phases      ] GC(43)   VM Weak                        Min:  0.0, Avg:  0.0, Max:  0.0, Diff:  0.0, Sum:  0.0, Workers: 4
[938.309s][debug][gc,phases      ] GC(43)     Dead                           Min: 0, Avg:  0.0, Max: 0, Diff: 0, Sum: 0, Workers: 4
[938.309s][debug][gc,phases      ] GC(43)     Total                          Min: 0, Avg: 173.5, Max: 448, Diff: 448, Sum: 694, Workers: 4
[938.309s][debug][gc,phases      ] GC(43)   ObjectSynchronizer Weak        Min:  0.0, Avg:  0.0, Max:  0.0, Diff:  0.0, Sum:  0.0, Workers: 4
[938.309s][debug][gc,phases      ] GC(43)     Dead                           Min: 0, Avg:  0.0, Max: 0, Diff: 0, Sum: 0, Workers: 4
[938.309s][debug][gc,phases      ] GC(43)     Total                          Min: 0, Avg:  7.0, Max: 28, Diff: 28, Sum: 28, Workers: 4
[938.309s][debug][gc,phases      ] GC(43)   JVMTI Tag Weak OopStorage      Min:  0.0, Avg:  0.0, Max:  0.0, Diff:  0.0, Sum:  0.0, Workers: 4
[938.309s][debug][gc,phases      ] GC(43)     Dead                           Min: 0, Avg:  0.0, Max: 0, Diff: 0, Sum: 0, Workers: 4
[938.309s][debug][gc,phases      ] GC(43)     Total                          Min: 0, Avg:  0.0, Max: 0, Diff: 0, Sum: 0, Workers: 4
[938.309s][debug][gc,phases      ] GC(43)   StringTable Weak               Min:  0.0, Avg:  0.1, Max:  0.1, Diff:  0.1, Sum:  0.4, Workers: 4
[938.309s][debug][gc,phases      ] GC(43)     Dead                           Min: 0, Avg:  0.0, Max: 0, Diff: 0, Sum: 0, Workers: 4
[938.309s][debug][gc,phases      ] GC(43)     Total                          Min: 0, Avg: 10662.8, Max: 14784, Diff: 14784, Sum: 42651, Workers: 4
[938.309s][debug][gc,phases      ] GC(43)   ResolvedMethodTable Weak       Min:  0.0, Avg:  0.0, Max:  0.0, Diff:  0.0, Sum:  0.1, Workers: 4
[938.309s][debug][gc,phases      ] GC(43)     Dead                           Min: 0, Avg:  0.0, Max: 0, Diff: 0, Sum: 0, Workers: 4
[938.309s][debug][gc,phases      ] GC(43)     Total                          Min: 0, Avg: 2080.0, Max: 2812, Diff: 2812, Sum: 8320, Workers: 4
[938.309s][debug][gc,phases      ] GC(43)   JNI Weak                       Min:  0.0, Avg:  0.0, Max:  0.0, Diff:  0.0, Sum:  0.0, Workers: 4
[938.309s][debug][gc,phases      ] GC(43)     Dead                           Min: 0, Avg:  0.0, Max: 0, Diff: 0, Sum: 0, Workers: 4
[938.309s][debug][gc,phases      ] GC(43)     Total                          Min: 0, Avg: 11.2, Max: 45, Diff: 45, Sum: 45, Workers: 4
[938.309s][debug][gc,phases      ] GC(43)   StringDedup Table Weak         Min:  0.0, Avg:  0.0, Max:  0.0, Diff:  0.0, Sum:  0.0, Workers: 4
[938.309s][debug][gc,phases      ] GC(43)     Dead                           Min: 0, Avg:  0.0, Max: 0, Diff: 0, Sum: 0, Workers: 4
[938.309s][debug][gc,phases      ] GC(43)     Total                          Min: 0, Avg:  0.0, Max: 0, Diff: 0, Sum: 0, Workers: 4
[938.309s][debug][gc,phases      ] GC(43)   StringDedup Requests0 Weak     Min:  0.0, Avg:  0.0, Max:  0.0, Diff:  0.0, Sum:  0.0, Workers: 4
[938.309s][debug][gc,phases      ] GC(43)     Dead                           Min: 0, Avg:  0.0, Max: 0, Diff: 0, Sum: 0, Workers: 4
[938.309s][debug][gc,phases      ] GC(43)     Total                          Min: 0, Avg:  0.0, Max: 0, Diff: 0, Sum: 0, Workers: 4
[938.309s][debug][gc,phases      ] GC(43)   StringDedup Requests1 Weak     Min:  0.0, Avg:  0.0, Max:  0.0, Diff:  0.0, Sum:  0.0, Workers: 4
[938.309s][debug][gc,phases      ] GC(43)     Dead                           Min: 0, Avg:  0.0, Max: 0, Diff: 0, Sum: 0, Workers: 4
[938.309s][debug][gc,phases      ] GC(43)     Total                          Min: 0, Avg:  0.0, Max: 0, Diff: 0, Sum: 0, Workers: 4
[938.309s][debug][gc,phases      ] GC(43)   Weak JFR Old Object Samples    Min:  0.0, Avg:  0.0, Max:  0.0, Diff:  0.0, Sum:  0.0, Workers: 4
[938.309s][debug][gc,phases      ] GC(43)     Dead                           Min: 0, Avg:  0.0, Max: 0, Diff: 0, Sum: 0, Workers: 4
[938.309s][debug][gc,phases      ] GC(43)     Total                          Min: 0, Avg:  0.0, Max: 0, Diff: 0, Sum: 0, Workers: 4
[938.309s][debug][gc,phases      ] GC(43) Weak Processing 0.345ms
[938.309s][debug][gc,age         ] GC(43) Desired survivor size 295698432 bytes, new threshold 15 (max threshold 15)
[938.309s][info ][gc,heap        ] GC(43) PSYoungGen: 1434240K(1757184K)->128K(1808384K) Eden: 1434112K(1434112K)->0K(1502720K) From: 128K(323072K)->128K(305664K)
[938.309s][info ][gc,heap        ] GC(43) ParOldGen: 317274K(393216K)->317282K(393216K)
[938.309s][info ][gc,metaspace   ] GC(43) Metaspace: 77559K(78400K)->77559K(78400K) NonClass: 66408K(66880K)->66408K(66880K) Class: 11151K(11520K)->11151K(11520K)
[938.309s][info ][gc             ] GC(43) Pause Young (Allocation Failure) 1710M->309M(2150M) 1.964ms
[938.309s][info ][gc,cpu         ] GC(43) User=0.00s Sys=0.00s Real=0.01s
[938.309s][info ][safepoint      ] Safepoint "ParallelGCFailedAllocation", Time since last: 10596316889 ns, Reaching safepoint: 24202 ns, At safepoint: 2029739 ns, Total: 2053941 ns
[979.208s][info ][gc,start       ] GC(44) Pause Young (Allocation Failure)
[979.211s][debug][gc,phases      ] GC(44) Scavenge 2.430ms
[979.211s][debug][gc,ref         ] GC(44) Skipped phase 1 of Reference Processing: no references
[979.211s][debug][gc,ref         ] GC(44) Skipped phase 2 of Reference Processing: no references
[979.211s][debug][gc,ref         ] GC(44) Skipped phase 3 of Reference Processing: no references
[979.211s][debug][gc,ref         ] GC(44) Skipped phase 4 of Reference Processing: no references
[979.211s][debug][gc,phases      ] GC(44) Reference Processing 0.042ms
[979.211s][debug][gc,phases      ] GC(44)   VM Weak                        Min:  0.0, Avg:  0.0, Max:  0.0, Diff:  0.0, Sum:  0.0, Workers: 4
[979.211s][debug][gc,phases      ] GC(44)     Dead                           Min: 0, Avg:  0.0, Max: 0, Diff: 0, Sum: 0, Workers: 4
[979.211s][debug][gc,phases      ] GC(44)     Total                          Min: 0, Avg: 173.5, Max: 694, Diff: 694, Sum: 694, Workers: 4
[979.211s][debug][gc,phases      ] GC(44)   ObjectSynchronizer Weak        Min:  0.0, Avg:  0.0, Max:  0.0, Diff:  0.0, Sum:  0.0, Workers: 4
[979.211s][debug][gc,phases      ] GC(44)     Dead                           Min: 0, Avg:  0.0, Max: 0, Diff: 0, Sum: 0, Workers: 4
[979.211s][debug][gc,phases      ] GC(44)     Total                          Min: 0, Avg:  7.0, Max: 28, Diff: 28, Sum: 28, Workers: 4
[979.211s][debug][gc,phases      ] GC(44)   JVMTI Tag Weak OopStorage      Min:  0.0, Avg:  0.0, Max:  0.0, Diff:  0.0, Sum:  0.0, Workers: 4
[979.211s][debug][gc,phases      ] GC(44)     Dead                           Min: 0, Avg:  0.0, Max: 0, Diff: 0, Sum: 0, Workers: 4
[979.211s][debug][gc,phases      ] GC(44)     Total                          Min: 0, Avg:  0.0, Max: 0, Diff: 0, Sum: 0, Workers: 4
[979.211s][debug][gc,phases      ] GC(44)   StringTable Weak               Min:  0.0, Avg:  0.1, Max:  0.1, Diff:  0.1, Sum:  0.4, Workers: 4
[979.211s][debug][gc,phases      ] GC(44)     Dead                           Min: 0, Avg:  0.0, Max: 0, Diff: 0, Sum: 0, Workers: 4
[979.211s][debug][gc,phases      ] GC(44)     Total                          Min: 0, Avg: 10662.8, Max: 15616, Diff: 15616, Sum: 42651, Workers: 4
[979.211s][debug][gc,phases      ] GC(44)   ResolvedMethodTable Weak       Min:  0.0, Avg:  0.0, Max:  0.0, Diff:  0.0, Sum:  0.1, Workers: 4
[979.211s][debug][gc,phases      ] GC(44)     Dead                           Min: 0, Avg:  0.0, Max: 0, Diff: 0, Sum: 0, Workers: 4
[979.211s][debug][gc,phases      ] GC(44)     Total                          Min: 0, Avg: 2080.0, Max: 3115, Diff: 3115, Sum: 8320, Workers: 4
[979.211s][debug][gc,phases      ] GC(44)   JNI Weak                       Min:  0.0, Avg:  0.0, Max:  0.0, Diff:  0.0, Sum:  0.0, Workers: 4
[979.211s][debug][gc,phases      ] GC(44)     Dead                           Min: 0, Avg:  0.0, Max: 0, Diff: 0, Sum: 0, Workers: 4
[979.211s][debug][gc,phases      ] GC(44)     Total                          Min: 0, Avg: 11.2, Max: 45, Diff: 45, Sum: 45, Workers: 4
[979.211s][debug][gc,phases      ] GC(44)   StringDedup Table Weak         Min:  0.0, Avg:  0.0, Max:  0.0, Diff:  0.0, Sum:  0.0, Workers: 4
[979.211s][debug][gc,phases      ] GC(44)     Dead                           Min: 0, Avg:  0.0, Max: 0, Diff: 0, Sum: 0, Workers: 4
[979.211s][debug][gc,phases      ] GC(44)     Total                          Min: 0, Avg:  0.0, Max: 0, Diff: 0, Sum: 0, Workers: 4
[979.211s][debug][gc,phases      ] GC(44)   StringDedup Requests0 Weak     Min:  0.0, Avg:  0.0, Max:  0.0, Diff:  0.0, Sum:  0.0, Workers: 4
[979.211s][debug][gc,phases      ] GC(44)     Dead                           Min: 0, Avg:  0.0, Max: 0, Diff: 0, Sum: 0, Workers: 4
[979.211s][debug][gc,phases      ] GC(44)     Total                          Min: 0, Avg:  0.0, Max: 0, Diff: 0, Sum: 0, Workers: 4
[979.211s][debug][gc,phases      ] GC(44)   StringDedup Requests1 Weak     Min:  0.0, Avg:  0.0, Max:  0.0, Diff:  0.0, Sum:  0.0, Workers: 4
[979.211s][debug][gc,phases      ] GC(44)     Dead                           Min: 0, Avg:  0.0, Max: 0, Diff: 0, Sum: 0, Workers: 4
[979.211s][debug][gc,phases      ] GC(44)     Total                          Min: 0, Avg:  0.0, Max: 0, Diff: 0, Sum: 0, Workers: 4
[979.211s][debug][gc,phases      ] GC(44)   Weak JFR Old Object Samples    Min:  0.0, Avg:  0.0, Max:  0.0, Diff:  0.0, Sum:  0.0, Workers: 4
[979.211s][debug][gc,phases      ] GC(44)     Dead                           Min: 0, Avg:  0.0, Max: 0, Diff: 0, Sum: 0, Workers: 4
[979.211s][debug][gc,phases      ] GC(44)     Total                          Min: 0, Avg:  0.0, Max: 0, Diff: 0, Sum: 0, Workers: 4
[979.211s][debug][gc,phases      ] GC(44) Weak Processing 0.358ms
[979.211s][debug][gc,age         ] GC(44) Desired survivor size 278921216 bytes, new threshold 15 (max threshold 15)
[979.211s][info ][gc,heap        ] GC(44) PSYoungGen: 1502848K(1808384K)->128K(1791488K) Eden: 1502720K(1502720K)->0K(1502720K) From: 128K(305664K)->128K(288768K)
[979.211s][info ][gc,heap        ] GC(44) ParOldGen: 317282K(393216K)->317290K(393216K)
[979.211s][info ][gc,metaspace   ] GC(44) Metaspace: 77564K(78400K)->77564K(78400K) NonClass: 66413K(66880K)->66413K(66880K) Class: 11151K(11520K)->11151K(11520K)
[979.211s][info ][gc             ] GC(44) Pause Young (Allocation Failure) 1777M->309M(2133M) 2.944ms
[979.211s][info ][gc,cpu         ] GC(44) User=0.00s Sys=0.01s Real=0.00s
[979.211s][info ][safepoint      ] Safepoint "ParallelGCFailedAllocation", Time since last: 40898659935 ns, Reaching safepoint: 31403 ns, At safepoint: 3009106 ns, Total: 3040509 ns
[988.212s][info ][safepoint      ] Safepoint "Cleanup", Time since last: 9000618830 ns, Reaching safepoint: 57704 ns, At safepoint: 3100 ns, Total: 60804 ns
[1020.157s][info ][gc,start       ] GC(45) Pause Young (Allocation Failure)
[1020.160s][debug][gc,phases      ] GC(45) Scavenge 2.436ms
[1020.160s][debug][gc,ref         ] GC(45) Skipped phase 1 of Reference Processing: no references
[1020.160s][debug][gc,ref         ] GC(45) Skipped phase 2 of Reference Processing: no references
[1020.160s][debug][gc,ref         ] GC(45) Skipped phase 3 of Reference Processing: no references
[1020.160s][debug][gc,ref         ] GC(45) Skipped phase 4 of Reference Processing: no references
[1020.160s][debug][gc,phases      ] GC(45) Reference Processing 0.028ms
[1020.160s][debug][gc,phases      ] GC(45)   VM Weak                        Min:  0.0, Avg:  0.0, Max:  0.0, Diff:  0.0, Sum:  0.0, Workers: 4
[1020.160s][debug][gc,phases      ] GC(45)     Dead                           Min: 0, Avg:  0.0, Max: 0, Diff: 0, Sum: 0, Workers: 4
[1020.160s][debug][gc,phases      ] GC(45)     Total                          Min: 0, Avg: 173.5, Max: 448, Diff: 448, Sum: 694, Workers: 4
[1020.160s][debug][gc,phases      ] GC(45)   ObjectSynchronizer Weak        Min:  0.0, Avg:  0.0, Max:  0.0, Diff:  0.0, Sum:  0.0, Workers: 4
[1020.160s][debug][gc,phases      ] GC(45)     Dead                           Min: 0, Avg:  0.0, Max: 0, Diff: 0, Sum: 0, Workers: 4
[1020.160s][debug][gc,phases      ] GC(45)     Total                          Min: 0, Avg:  7.0, Max: 28, Diff: 28, Sum: 28, Workers: 4
[1020.160s][debug][gc,phases      ] GC(45)   JVMTI Tag Weak OopStorage      Min:  0.0, Avg:  0.0, Max:  0.0, Diff:  0.0, Sum:  0.0, Workers: 4
[1020.160s][debug][gc,phases      ] GC(45)     Dead                           Min: 0, Avg:  0.0, Max: 0, Diff: 0, Sum: 0, Workers: 4
[1020.160s][debug][gc,phases      ] GC(45)     Total                          Min: 0, Avg:  0.0, Max: 0, Diff: 0, Sum: 0, Workers: 4
[1020.160s][debug][gc,phases      ] GC(45)   StringTable Weak               Min:  0.0, Avg:  0.1, Max:  0.1, Diff:  0.1, Sum:  0.4, Workers: 4
[1020.160s][debug][gc,phases      ] GC(45)     Dead                           Min: 0, Avg:  0.0, Max: 0, Diff: 0, Sum: 0, Workers: 4
[1020.160s][debug][gc,phases      ] GC(45)     Total                          Min: 0, Avg: 10663.8, Max: 16640, Diff: 16640, Sum: 42655, Workers: 4
[1020.160s][debug][gc,phases      ] GC(45)   ResolvedMethodTable Weak       Min:  0.0, Avg:  0.0, Max:  0.0, Diff:  0.0, Sum:  0.1, Workers: 4
[1020.160s][debug][gc,phases      ] GC(45)     Dead                           Min: 0, Avg:  0.0, Max: 0, Diff: 0, Sum: 0, Workers: 4
[1020.160s][debug][gc,phases      ] GC(45)     Total                          Min: 0, Avg: 2080.0, Max: 2926, Diff: 2926, Sum: 8320, Workers: 4
[1020.160s][debug][gc,phases      ] GC(45)   JNI Weak                       Min:  0.0, Avg:  0.0, Max:  0.0, Diff:  0.0, Sum:  0.0, Workers: 4
[1020.160s][debug][gc,phases      ] GC(45)     Dead                           Min: 0, Avg:  0.0, Max: 0, Diff: 0, Sum: 0, Workers: 4
[1020.160s][debug][gc,phases      ] GC(45)     Total                          Min: 0, Avg: 11.2, Max: 45, Diff: 45, Sum: 45, Workers: 4
[1020.160s][debug][gc,phases      ] GC(45)   StringDedup Table Weak         Min:  0.0, Avg:  0.0, Max:  0.0, Diff:  0.0, Sum:  0.0, Workers: 4
[1020.160s][debug][gc,phases      ] GC(45)     Dead                           Min: 0, Avg:  0.0, Max: 0, Diff: 0, Sum: 0, Workers: 4
[1020.160s][debug][gc,phases      ] GC(45)     Total                          Min: 0, Avg:  0.0, Max: 0, Diff: 0, Sum: 0, Workers: 4
[1020.160s][debug][gc,phases      ] GC(45)   StringDedup Requests0 Weak     Min:  0.0, Avg:  0.0, Max:  0.0, Diff:  0.0, Sum:  0.0, Workers: 4
[1020.160s][debug][gc,phases      ] GC(45)     Dead                           Min: 0, Avg:  0.0, Max: 0, Diff: 0, Sum: 0, Workers: 4
[1020.160s][debug][gc,phases      ] GC(45)     Total                          Min: 0, Avg:  0.0, Max: 0, Diff: 0, Sum: 0, Workers: 4
[1020.160s][debug][gc,phases      ] GC(45)   StringDedup Requests1 Weak     Min:  0.0, Avg:  0.0, Max:  0.0, Diff:  0.0, Sum:  0.0, Workers: 4
[1020.160s][debug][gc,phases      ] GC(45)     Dead                           Min: 0, Avg:  0.0, Max: 0, Diff: 0, Sum: 0, Workers: 4
[1020.160s][debug][gc,phases      ] GC(45)     Total                          Min: 0, Avg:  0.0, Max: 0, Diff: 0, Sum: 0, Workers: 4
[1020.160s][debug][gc,phases      ] GC(45)   Weak JFR Old Object Samples    Min:  0.0, Avg:  0.0, Max:  0.0, Diff:  0.0, Sum:  0.0, Workers: 4
[1020.160s][debug][gc,phases      ] GC(45)     Dead                           Min: 0, Avg:  0.0, Max: 0, Diff: 0, Sum: 0, Workers: 4
[1020.160s][debug][gc,phases      ] GC(45)     Total                          Min: 0, Avg:  0.0, Max: 0, Diff: 0, Sum: 0, Workers: 4
[1020.160s][debug][gc,phases      ] GC(45) Weak Processing 0.379ms
[1020.160s][debug][gc,age         ] GC(45) Desired survivor size 262144000 bytes, new threshold 15 (max threshold 15)
[1020.160s][info ][gc,heap        ] GC(45) PSYoungGen: 1502848K(1791488K)->128K(1841152K) Eden: 1502720K(1502720K)->0K(1568768K) From: 128K(288768K)->128K(272384K)
[1020.160s][info ][gc,heap        ] GC(45) ParOldGen: 317290K(393216K)->317298K(393216K)
[1020.160s][info ][gc,metaspace   ] GC(45) Metaspace: 77565K(78400K)->77565K(78400K) NonClass: 66414K(66880K)->66414K(66880K) Class: 11151K(11520K)->11151K(11520K)
[1020.160s][info ][gc             ] GC(45) Pause Young (Allocation Failure) 1777M->309M(2182M) 2.981ms
[1020.160s][info ][gc,cpu         ] GC(45) User=0.00s Sys=0.01s Real=0.00s
[1020.160s][info ][safepoint      ] Safepoint "ParallelGCFailedAllocation", Time since last: 31945336000 ns, Reaching safepoint: 32302 ns, At safepoint: 3044808 ns, Total: 3077110 ns
[1051.166s][info ][safepoint      ] Safepoint "Cleanup", Time since last: 31005611997 ns, Reaching safepoint: 56303 ns, At safepoint: 32003 ns, Total: 88306 ns
[1062.858s][info ][gc,start       ] GC(46) Pause Young (Allocation Failure)
[1062.862s][debug][gc,phases      ] GC(46) Scavenge 3.469ms
[1062.862s][debug][gc,ref         ] GC(46) Skipped phase 1 of Reference Processing: no references
[1062.862s][debug][gc,ref         ] GC(46) Skipped phase 2 of Reference Processing: no references
[1062.862s][debug][gc,ref         ] GC(46) Skipped phase 3 of Reference Processing: no references
[1062.862s][debug][gc,ref         ] GC(46) Skipped phase 4 of Reference Processing: no references
[1062.862s][debug][gc,phases      ] GC(46) Reference Processing 0.026ms
[1062.862s][debug][gc,phases      ] GC(46)   VM Weak                        Min:  0.0, Avg:  0.0, Max:  0.0, Diff:  0.0, Sum:  0.0, Workers: 4
[1062.862s][debug][gc,phases      ] GC(46)     Dead                           Min: 0, Avg:  0.0, Max: 0, Diff: 0, Sum: 0, Workers: 4
[1062.862s][debug][gc,phases      ] GC(46)     Total                          Min: 0, Avg: 173.5, Max: 566, Diff: 566, Sum: 694, Workers: 4
[1062.862s][debug][gc,phases      ] GC(46)   ObjectSynchronizer Weak        Min:  0.0, Avg:  0.0, Max:  0.0, Diff:  0.0, Sum:  0.0, Workers: 4
[1062.862s][debug][gc,phases      ] GC(46)     Dead                           Min: 0, Avg:  0.0, Max: 0, Diff: 0, Sum: 0, Workers: 4
[1062.862s][debug][gc,phases      ] GC(46)     Total                          Min: 0, Avg:  7.0, Max: 28, Diff: 28, Sum: 28, Workers: 4
[1062.862s][debug][gc,phases      ] GC(46)   JVMTI Tag Weak OopStorage      Min:  0.0, Avg:  0.0, Max:  0.0, Diff:  0.0, Sum:  0.0, Workers: 4
[1062.862s][debug][gc,phases      ] GC(46)     Dead                           Min: 0, Avg:  0.0, Max: 0, Diff: 0, Sum: 0, Workers: 4
[1062.862s][debug][gc,phases      ] GC(46)     Total                          Min: 0, Avg:  0.0, Max: 0, Diff: 0, Sum: 0, Workers: 4
[1062.862s][debug][gc,phases      ] GC(46)   StringTable Weak               Min:  0.0, Avg:  0.1, Max:  0.1, Diff:  0.1, Sum:  0.4, Workers: 4
[1062.862s][debug][gc,phases      ] GC(46)     Dead                           Min: 0, Avg:  0.0, Max: 0, Diff: 0, Sum: 0, Workers: 4
[1062.862s][debug][gc,phases      ] GC(46)     Total                          Min: 0, Avg: 10663.8, Max: 15680, Diff: 15680, Sum: 42655, Workers: 4
[1062.862s][debug][gc,phases      ] GC(46)   ResolvedMethodTable Weak       Min:  0.0, Avg:  0.0, Max:  0.0, Diff:  0.0, Sum:  0.1, Workers: 4
[1062.862s][debug][gc,phases      ] GC(46)     Dead                           Min: 0, Avg:  0.0, Max: 0, Diff: 0, Sum: 0, Workers: 4
[1062.862s][debug][gc,phases      ] GC(46)     Total                          Min: 0, Avg: 2080.0, Max: 3115, Diff: 3115, Sum: 8320, Workers: 4
[1062.862s][debug][gc,phases      ] GC(46)   JNI Weak                       Min:  0.0, Avg:  0.0, Max:  0.0, Diff:  0.0, Sum:  0.0, Workers: 4
[1062.862s][debug][gc,phases      ] GC(46)     Dead                           Min: 0, Avg:  0.0, Max: 0, Diff: 0, Sum: 0, Workers: 4
[1062.862s][debug][gc,phases      ] GC(46)     Total                          Min: 0, Avg: 11.2, Max: 45, Diff: 45, Sum: 45, Workers: 4
[1062.862s][debug][gc,phases      ] GC(46)   StringDedup Table Weak         Min:  0.0, Avg:  0.0, Max:  0.0, Diff:  0.0, Sum:  0.0, Workers: 4
[1062.862s][debug][gc,phases      ] GC(46)     Dead                           Min: 0, Avg:  0.0, Max: 0, Diff: 0, Sum: 0, Workers: 4
[1062.862s][debug][gc,phases      ] GC(46)     Total                          Min: 0, Avg:  0.0, Max: 0, Diff: 0, Sum: 0, Workers: 4
[1062.862s][debug][gc,phases      ] GC(46)   StringDedup Requests0 Weak     Min:  0.0, Avg:  0.0, Max:  0.0, Diff:  0.0, Sum:  0.0, Workers: 4
[1062.862s][debug][gc,phases      ] GC(46)     Dead                           Min: 0, Avg:  0.0, Max: 0, Diff: 0, Sum: 0, Workers: 4
[1062.862s][debug][gc,phases      ] GC(46)     Total                          Min: 0, Avg:  0.0, Max: 0, Diff: 0, Sum: 0, Workers: 4
[1062.862s][debug][gc,phases      ] GC(46)   StringDedup Requests1 Weak     Min:  0.0, Avg:  0.0, Max:  0.0, Diff:  0.0, Sum:  0.0, Workers: 4
[1062.862s][debug][gc,phases      ] GC(46)     Dead                           Min: 0, Avg:  0.0, Max: 0, Diff: 0, Sum: 0, Workers: 4
[1062.862s][debug][gc,phases      ] GC(46)     Total                          Min: 0, Avg:  0.0, Max: 0, Diff: 0, Sum: 0, Workers: 4
[1062.862s][debug][gc,phases      ] GC(46)   Weak JFR Old Object Samples    Min:  0.0, Avg:  0.0, Max:  0.0, Diff:  0.0, Sum:  0.0, Workers: 4
[1062.862s][debug][gc,phases      ] GC(46)     Dead                           Min: 0, Avg:  0.0, Max: 0, Diff: 0, Sum: 0, Workers: 4
[1062.862s][debug][gc,phases      ] GC(46)     Total                          Min: 0, Avg:  0.0, Max: 0, Diff: 0, Sum: 0, Workers: 4
[1062.862s][debug][gc,phases      ] GC(46) Weak Processing 0.391ms
[1062.862s][debug][gc,age         ] GC(46) Desired survivor size 246415360 bytes, new threshold 15 (max threshold 15)
[1062.862s][info ][gc,heap        ] GC(46) PSYoungGen: 1568896K(1841152K)->128K(1824768K) Eden: 1568768K(1568768K)->0K(1568768K) From: 128K(272384K)->128K(256000K)
[1062.862s][info ][gc,heap        ] GC(46) ParOldGen: 317298K(393216K)->317306K(393216K)
[1062.862s][info ][gc,metaspace   ] GC(46) Metaspace: 77566K(78400K)->77566K(78400K) NonClass: 66415K(66880K)->66415K(66880K) Class: 11151K(11520K)->11151K(11520K)
[1062.862s][info ][gc             ] GC(46) Pause Young (Allocation Failure) 1841M->309M(2166M) 4.030ms
[1062.862s][info ][gc,cpu         ] GC(46) User=0.01s Sys=0.00s Real=0.00s
[1062.862s][info ][safepoint      ] Safepoint "ParallelGCFailedAllocation", Time since last: 11692217607 ns, Reaching safepoint: 51604 ns, At safepoint: 4117281 ns, Total: 4168885 ns
[1105.607s][info ][gc,start       ] GC(47) Pause Young (Allocation Failure)
[1105.609s][debug][gc,phases      ] GC(47) Scavenge 1.530ms
[1105.609s][debug][gc,ref         ] GC(47) Skipped phase 1 of Reference Processing: no references
[1105.609s][debug][gc,ref         ] GC(47) Skipped phase 2 of Reference Processing: no references
[1105.609s][debug][gc,ref         ] GC(47) Skipped phase 3 of Reference Processing: no references
[1105.609s][debug][gc,ref         ] GC(47) Skipped phase 4 of Reference Processing: no references
[1105.609s][debug][gc,phases      ] GC(47) Reference Processing 0.023ms
[1105.609s][debug][gc,phases      ] GC(47)   VM Weak                        Min:  0.0, Avg:  0.0, Max:  0.0, Diff:  0.0, Sum:  0.0, Workers: 4
[1105.609s][debug][gc,phases      ] GC(47)     Dead                           Min: 0, Avg:  0.0, Max: 0, Diff: 0, Sum: 0, Workers: 4
[1105.609s][debug][gc,phases      ] GC(47)     Total                          Min: 0, Avg: 173.5, Max: 694, Diff: 694, Sum: 694, Workers: 4
[1105.609s][debug][gc,phases      ] GC(47)   ObjectSynchronizer Weak        Min:  0.0, Avg:  0.0, Max:  0.0, Diff:  0.0, Sum:  0.0, Workers: 4
[1105.609s][debug][gc,phases      ] GC(47)     Dead                           Min: 0, Avg:  0.0, Max: 0, Diff: 0, Sum: 0, Workers: 4
[1105.609s][debug][gc,phases      ] GC(47)     Total                          Min: 0, Avg:  7.0, Max: 28, Diff: 28, Sum: 28, Workers: 4
[1105.609s][debug][gc,phases      ] GC(47)   JVMTI Tag Weak OopStorage      Min:  0.0, Avg:  0.0, Max:  0.0, Diff:  0.0, Sum:  0.0, Workers: 4
[1105.609s][debug][gc,phases      ] GC(47)     Dead                           Min: 0, Avg:  0.0, Max: 0, Diff: 0, Sum: 0, Workers: 4
[1105.609s][debug][gc,phases      ] GC(47)     Total                          Min: 0, Avg:  0.0, Max: 0, Diff: 0, Sum: 0, Workers: 4
[1105.609s][debug][gc,phases      ] GC(47)   StringTable Weak               Min:  0.0, Avg:  0.1, Max:  0.1, Diff:  0.1, Sum:  0.4, Workers: 4
[1105.609s][debug][gc,phases      ] GC(47)     Dead                           Min: 0, Avg:  0.0, Max: 0, Diff: 0, Sum: 0, Workers: 4
[1105.609s][debug][gc,phases      ] GC(47)     Total                          Min: 2880, Avg: 10663.8, Max: 14144, Diff: 11264, Sum: 42655, Workers: 4
[1105.609s][debug][gc,phases      ] GC(47)   ResolvedMethodTable Weak       Min:  0.0, Avg:  0.0, Max:  0.0, Diff:  0.0, Sum:  0.1, Workers: 4
[1105.609s][debug][gc,phases      ] GC(47)     Dead                           Min: 0, Avg:  0.0, Max: 0, Diff: 0, Sum: 0, Workers: 4
[1105.609s][debug][gc,phases      ] GC(47)     Total                          Min: 1835, Avg: 2080.0, Max: 2343, Diff: 508, Sum: 8320, Workers: 4
[1105.609s][debug][gc,phases      ] GC(47)   JNI Weak                       Min:  0.0, Avg:  0.0, Max:  0.0, Diff:  0.0, Sum:  0.0, Workers: 4
[1105.609s][debug][gc,phases      ] GC(47)     Dead                           Min: 0, Avg:  0.0, Max: 0, Diff: 0, Sum: 0, Workers: 4
[1105.609s][debug][gc,phases      ] GC(47)     Total                          Min: 0, Avg: 11.2, Max: 45, Diff: 45, Sum: 45, Workers: 4
[1105.609s][debug][gc,phases      ] GC(47)   StringDedup Table Weak         Min:  0.0, Avg:  0.0, Max:  0.0, Diff:  0.0, Sum:  0.0, Workers: 4
[1105.609s][debug][gc,phases      ] GC(47)     Dead                           Min: 0, Avg:  0.0, Max: 0, Diff: 0, Sum: 0, Workers: 4
[1105.609s][debug][gc,phases      ] GC(47)     Total                          Min: 0, Avg:  0.0, Max: 0, Diff: 0, Sum: 0, Workers: 4
[1105.609s][debug][gc,phases      ] GC(47)   StringDedup Requests0 Weak     Min:  0.0, Avg:  0.0, Max:  0.0, Diff:  0.0, Sum:  0.0, Workers: 4
[1105.609s][debug][gc,phases      ] GC(47)     Dead                           Min: 0, Avg:  0.0, Max: 0, Diff: 0, Sum: 0, Workers: 4
[1105.609s][debug][gc,phases      ] GC(47)     Total                          Min: 0, Avg:  0.0, Max: 0, Diff: 0, Sum: 0, Workers: 4
[1105.609s][debug][gc,phases      ] GC(47)   StringDedup Requests1 Weak     Min:  0.0, Avg:  0.0, Max:  0.0, Diff:  0.0, Sum:  0.0, Workers: 4
[1105.609s][debug][gc,phases      ] GC(47)     Dead                           Min: 0, Avg:  0.0, Max: 0, Diff: 0, Sum: 0, Workers: 4
[1105.609s][debug][gc,phases      ] GC(47)     Total                          Min: 0, Avg:  0.0, Max: 0, Diff: 0, Sum: 0, Workers: 4
[1105.609s][debug][gc,phases      ] GC(47)   Weak JFR Old Object Samples    Min:  0.0, Avg:  0.0, Max:  0.0, Diff:  0.0, Sum:  0.0, Workers: 4
[1105.609s][debug][gc,phases      ] GC(47)     Dead                           Min: 0, Avg:  0.0, Max: 0, Diff: 0, Sum: 0, Workers: 4
[1105.609s][debug][gc,phases      ] GC(47)     Total                          Min: 0, Avg:  0.0, Max: 0, Diff: 0, Sum: 0, Workers: 4
[1105.609s][debug][gc,phases      ] GC(47) Weak Processing 0.345ms
[1105.609s][debug][gc,age         ] GC(47) Desired survivor size 230686720 bytes, new threshold 15 (max threshold 15)
[1105.609s][info ][gc,heap        ] GC(47) PSYoungGen: 1568896K(1824768K)->128K(1871872K) Eden: 1568768K(1568768K)->0K(1631232K) From: 128K(256000K)->128K(240640K)
[1105.609s][info ][gc,heap        ] GC(47) ParOldGen: 317306K(393216K)->317314K(393216K)
[1105.609s][info ][gc,metaspace   ] GC(47) Metaspace: 77566K(78400K)->77566K(78400K) NonClass: 66415K(66880K)->66415K(66880K) Class: 11151K(11520K)->11151K(11520K)
[1105.609s][info ][gc             ] GC(47) Pause Young (Allocation Failure) 1841M->310M(2212M) 2.000ms
[1105.609s][info ][gc,cpu         ] GC(47) User=0.00s Sys=0.00s Real=0.01s
[1105.609s][info ][safepoint      ] Safepoint "ParallelGCFailedAllocation", Time since last: 42744844420 ns, Reaching safepoint: 25502 ns, At safepoint: 2077042 ns, Total: 2102544 ns
[1126.611s][info ][safepoint      ] Safepoint "Cleanup", Time since last: 21001442191 ns, Reaching safepoint: 43303 ns, At safepoint: 3000 ns, Total: 46303 ns
[1150.007s][info ][gc,start       ] GC(48) Pause Young (Allocation Failure)
[1150.010s][debug][gc,phases      ] GC(48) Scavenge 2.807ms
[1150.010s][debug][gc,ref         ] GC(48) Skipped phase 1 of Reference Processing: no references
[1150.010s][debug][gc,ref         ] GC(48) Skipped phase 2 of Reference Processing: no references
[1150.010s][debug][gc,ref         ] GC(48) Skipped phase 3 of Reference Processing: no references
[1150.010s][debug][gc,ref         ] GC(48) Skipped phase 4 of Reference Processing: no references
[1150.010s][debug][gc,phases      ] GC(48) Reference Processing 0.024ms
[1150.010s][debug][gc,phases      ] GC(48)   VM Weak                        Min:  0.0, Avg:  0.0, Max:  0.0, Diff:  0.0, Sum:  0.0, Workers: 4
[1150.010s][debug][gc,phases      ] GC(48)     Dead                           Min: 0, Avg:  0.0, Max: 0, Diff: 0, Sum: 0, Workers: 4
[1150.010s][debug][gc,phases      ] GC(48)     Total                          Min: 0, Avg: 173.5, Max: 374, Diff: 374, Sum: 694, Workers: 4
[1150.010s][debug][gc,phases      ] GC(48)   ObjectSynchronizer Weak        Min:  0.0, Avg:  0.0, Max:  0.0, Diff:  0.0, Sum:  0.0, Workers: 4
[1150.010s][debug][gc,phases      ] GC(48)     Dead                           Min: 0, Avg:  0.0, Max: 0, Diff: 0, Sum: 0, Workers: 4
[1150.010s][debug][gc,phases      ] GC(48)     Total                          Min: 0, Avg:  7.0, Max: 28, Diff: 28, Sum: 28, Workers: 4
[1150.010s][debug][gc,phases      ] GC(48)   JVMTI Tag Weak OopStorage      Min:  0.0, Avg:  0.0, Max:  0.0, Diff:  0.0, Sum:  0.0, Workers: 4
[1150.010s][debug][gc,phases      ] GC(48)     Dead                           Min: 0, Avg:  0.0, Max: 0, Diff: 0, Sum: 0, Workers: 4
[1150.010s][debug][gc,phases      ] GC(48)     Total                          Min: 0, Avg:  0.0, Max: 0, Diff: 0, Sum: 0, Workers: 4
[1150.010s][debug][gc,phases      ] GC(48)   StringTable Weak               Min:  0.0, Avg:  0.1, Max:  0.1, Diff:  0.1, Sum:  0.4, Workers: 4
[1150.010s][debug][gc,phases      ] GC(48)     Dead                           Min: 0, Avg:  0.0, Max: 0, Diff: 0, Sum: 0, Workers: 4
[1150.010s][debug][gc,phases      ] GC(48)     Total                          Min: 0, Avg: 10663.8, Max: 15360, Diff: 15360, Sum: 42655, Workers: 4
[1150.010s][debug][gc,phases      ] GC(48)   ResolvedMethodTable Weak       Min:  0.0, Avg:  0.0, Max:  0.0, Diff:  0.0, Sum:  0.1, Workers: 4
[1150.010s][debug][gc,phases      ] GC(48)     Dead                           Min: 0, Avg:  0.0, Max: 0, Diff: 0, Sum: 0, Workers: 4
[1150.010s][debug][gc,phases      ] GC(48)     Total                          Min: 0, Avg: 2080.0, Max: 2990, Diff: 2990, Sum: 8320, Workers: 4
[1150.010s][debug][gc,phases      ] GC(48)   JNI Weak                       Min:  0.0, Avg:  0.0, Max:  0.0, Diff:  0.0, Sum:  0.0, Workers: 4
[1150.010s][debug][gc,phases      ] GC(48)     Dead                           Min: 0, Avg:  0.0, Max: 0, Diff: 0, Sum: 0, Workers: 4
[1150.010s][debug][gc,phases      ] GC(48)     Total                          Min: 0, Avg: 11.2, Max: 45, Diff: 45, Sum: 45, Workers: 4
[1150.010s][debug][gc,phases      ] GC(48)   StringDedup Table Weak         Min:  0.0, Avg:  0.0, Max:  0.0, Diff:  0.0, Sum:  0.0, Workers: 4
[1150.010s][debug][gc,phases      ] GC(48)     Dead                           Min: 0, Avg:  0.0, Max: 0, Diff: 0, Sum: 0, Workers: 4
[1150.010s][debug][gc,phases      ] GC(48)     Total                          Min: 0, Avg:  0.0, Max: 0, Diff: 0, Sum: 0, Workers: 4
[1150.010s][debug][gc,phases      ] GC(48)   StringDedup Requests0 Weak     Min:  0.0, Avg:  0.0, Max:  0.0, Diff:  0.0, Sum:  0.0, Workers: 4
[1150.010s][debug][gc,phases      ] GC(48)     Dead                           Min: 0, Avg:  0.0, Max: 0, Diff: 0, Sum: 0, Workers: 4
[1150.010s][debug][gc,phases      ] GC(48)     Total                          Min: 0, Avg:  0.0, Max: 0, Diff: 0, Sum: 0, Workers: 4
[1150.010s][debug][gc,phases      ] GC(48)   StringDedup Requests1 Weak     Min:  0.0, Avg:  0.0, Max:  0.0, Diff:  0.0, Sum:  0.0, Workers: 4
[1150.010s][debug][gc,phases      ] GC(48)     Dead                           Min: 0, Avg:  0.0, Max: 0, Diff: 0, Sum: 0, Workers: 4
[1150.010s][debug][gc,phases      ] GC(48)     Total                          Min: 0, Avg:  0.0, Max: 0, Diff: 0, Sum: 0, Workers: 4
[1150.010s][debug][gc,phases      ] GC(48)   Weak JFR Old Object Samples    Min:  0.0, Avg:  0.0, Max:  0.0, Diff:  0.0, Sum:  0.0, Workers: 4
[1150.010s][debug][gc,phases      ] GC(48)     Dead                           Min: 0, Avg:  0.0, Max: 0, Diff: 0, Sum: 0, Workers: 4
[1150.010s][debug][gc,phases      ] GC(48)     Total                          Min: 0, Avg:  0.0, Max: 0, Diff: 0, Sum: 0, Workers: 4
[1150.010s][debug][gc,phases      ] GC(48) Weak Processing 0.380ms
[1150.010s][debug][gc,age         ] GC(48) Desired survivor size 216006656 bytes, new threshold 15 (max threshold 15)
[1150.010s][info ][gc,heap        ] GC(48) PSYoungGen: 1631360K(1871872K)->256K(1856512K) Eden: 1631232K(1631232K)->0K(1631232K) From: 128K(240640K)->256K(225280K)
[1150.010s][info ][gc,heap        ] GC(48) ParOldGen: 317314K(393216K)->317346K(393216K)
[1150.010s][info ][gc,metaspace   ] GC(48) Metaspace: 77566K(78400K)->77566K(78400K) NonClass: 66415K(66880K)->66415K(66880K) Class: 11151K(11520K)->11151K(11520K)
[1150.010s][info ][gc             ] GC(48) Pause Young (Allocation Failure) 1903M->310M(2197M) 3.338ms
[1150.011s][info ][gc,cpu         ] GC(48) User=0.01s Sys=0.00s Real=0.01s
[1150.011s][info ][safepoint      ] Safepoint "ParallelGCFailedAllocation", Time since last: 23396321881 ns, Reaching safepoint: 46504 ns, At safepoint: 3406132 ns, Total: 3452636 ns
[1164.012s][info ][safepoint      ] Safepoint "Cleanup", Time since last: 14000922860 ns, Reaching safepoint: 48503 ns, At safepoint: 8001 ns, Total: 56504 ns
[1166.012s][info ][safepoint      ] Safepoint "Cleanup", Time since last: 2000092833 ns, Reaching safepoint: 40203 ns, At safepoint: 3500 ns, Total: 43703 ns
[1169.012s][info ][safepoint      ] Safepoint "Cleanup", Time since last: 3000271209 ns, Reaching safepoint: 50104 ns, At safepoint: 5000 ns, Total: 55104 ns
[1173.012s][info ][safepoint      ] Safepoint "Cleanup", Time since last: 4000310993 ns, Reaching safepoint: 38102 ns, At safepoint: 2801 ns, Total: 40903 ns
[1178.013s][info ][safepoint      ] Safepoint "Cleanup", Time since last: 5000337984 ns, Reaching safepoint: 51104 ns, At safepoint: 6600 ns, Total: 57704 ns
[1184.013s][info ][safepoint      ] Safepoint "Cleanup", Time since last: 6000391649 ns, Reaching safepoint: 40503 ns, At safepoint: 2600 ns, Total: 43103 ns
[1188.014s][info ][safepoint      ] Safepoint "Cleanup", Time since last: 4000325133 ns, Reaching safepoint: 47803 ns, At safepoint: 7700 ns, Total: 55503 ns
[1190.860s][info ][gc,start       ] GC(49) Pause Young (Allocation Failure)
[1190.863s][debug][gc,phases      ] GC(49) Scavenge 3.390ms
[1190.863s][debug][gc,ref         ] GC(49) Skipped phase 1 of Reference Processing: no references
[1190.863s][debug][gc,ref         ] GC(49) Skipped phase 2 of Reference Processing: no references
[1190.863s][debug][gc,ref         ] GC(49) Skipped phase 3 of Reference Processing: no references
[1190.863s][debug][gc,ref         ] GC(49) Skipped phase 4 of Reference Processing: no references
[1190.863s][debug][gc,phases      ] GC(49) Reference Processing 0.025ms
[1190.864s][debug][gc,phases      ] GC(49)   VM Weak                        Min:  0.0, Avg:  0.0, Max:  0.0, Diff:  0.0, Sum:  0.0, Workers: 4
[1190.864s][debug][gc,phases      ] GC(49)     Dead                           Min: 0, Avg:  0.0, Max: 0, Diff: 0, Sum: 0, Workers: 4
[1190.864s][debug][gc,phases      ] GC(49)     Total                          Min: 0, Avg: 173.5, Max: 566, Diff: 566, Sum: 694, Workers: 4
[1190.864s][debug][gc,phases      ] GC(49)   ObjectSynchronizer Weak        Min:  0.0, Avg:  0.0, Max:  0.0, Diff:  0.0, Sum:  0.0, Workers: 4
[1190.864s][debug][gc,phases      ] GC(49)     Dead                           Min: 0, Avg:  0.0, Max: 0, Diff: 0, Sum: 0, Workers: 4
[1190.864s][debug][gc,phases      ] GC(49)     Total                          Min: 0, Avg:  7.0, Max: 28, Diff: 28, Sum: 28, Workers: 4
[1190.864s][debug][gc,phases      ] GC(49)   JVMTI Tag Weak OopStorage      Min:  0.0, Avg:  0.0, Max:  0.0, Diff:  0.0, Sum:  0.0, Workers: 4
[1190.864s][debug][gc,phases      ] GC(49)     Dead                           Min: 0, Avg:  0.0, Max: 0, Diff: 0, Sum: 0, Workers: 4
[1190.864s][debug][gc,phases      ] GC(49)     Total                          Min: 0, Avg:  0.0, Max: 0, Diff: 0, Sum: 0, Workers: 4
[1190.864s][debug][gc,phases      ] GC(49)   StringTable Weak               Min:  0.0, Avg:  0.1, Max:  0.1, Diff:  0.1, Sum:  0.4, Workers: 4
[1190.864s][debug][gc,phases      ] GC(49)     Dead                           Min: 0, Avg:  0.0, Max: 0, Diff: 0, Sum: 0, Workers: 4
[1190.864s][debug][gc,phases      ] GC(49)     Total                          Min: 0, Avg: 10668.2, Max: 14976, Diff: 14976, Sum: 42673, Workers: 4
[1190.864s][debug][gc,phases      ] GC(49)   ResolvedMethodTable Weak       Min:  0.0, Avg:  0.0, Max:  0.0, Diff:  0.0, Sum:  0.1, Workers: 4
[1190.864s][debug][gc,phases      ] GC(49)     Dead                           Min: 0, Avg:  0.0, Max: 0, Diff: 0, Sum: 0, Workers: 4
[1190.864s][debug][gc,phases      ] GC(49)     Total                          Min: 0, Avg: 2080.0, Max: 3050, Diff: 3050, Sum: 8320, Workers: 4
[1190.864s][debug][gc,phases      ] GC(49)   JNI Weak                       Min:  0.0, Avg:  0.0, Max:  0.0, Diff:  0.0, Sum:  0.0, Workers: 4
[1190.864s][debug][gc,phases      ] GC(49)     Dead                           Min: 0, Avg:  0.0, Max: 0, Diff: 0, Sum: 0, Workers: 4
[1190.864s][debug][gc,phases      ] GC(49)     Total                          Min: 0, Avg: 11.2, Max: 45, Diff: 45, Sum: 45, Workers: 4
[1190.864s][debug][gc,phases      ] GC(49)   StringDedup Table Weak         Min:  0.0, Avg:  0.0, Max:  0.0, Diff:  0.0, Sum:  0.0, Workers: 4
[1190.864s][debug][gc,phases      ] GC(49)     Dead                           Min: 0, Avg:  0.0, Max: 0, Diff: 0, Sum: 0, Workers: 4
[1190.864s][debug][gc,phases      ] GC(49)     Total                          Min: 0, Avg:  0.0, Max: 0, Diff: 0, Sum: 0, Workers: 4
[1190.864s][debug][gc,phases      ] GC(49)   StringDedup Requests0 Weak     Min:  0.0, Avg:  0.0, Max:  0.0, Diff:  0.0, Sum:  0.0, Workers: 4
[1190.864s][debug][gc,phases      ] GC(49)     Dead                           Min: 0, Avg:  0.0, Max: 0, Diff: 0, Sum: 0, Workers: 4
[1190.864s][debug][gc,phases      ] GC(49)     Total                          Min: 0, Avg:  0.0, Max: 0, Diff: 0, Sum: 0, Workers: 4
[1190.864s][debug][gc,phases      ] GC(49)   StringDedup Requests1 Weak     Min:  0.0, Avg:  0.0, Max:  0.0, Diff:  0.0, Sum:  0.0, Workers: 4
[1190.864s][debug][gc,phases      ] GC(49)     Dead                           Min: 0, Avg:  0.0, Max: 0, Diff: 0, Sum: 0, Workers: 4
[1190.864s][debug][gc,phases      ] GC(49)     Total                          Min: 0, Avg:  0.0, Max: 0, Diff: 0, Sum: 0, Workers: 4
[1190.864s][debug][gc,phases      ] GC(49)   Weak JFR Old Object Samples    Min:  0.0, Avg:  0.0, Max:  0.0, Diff:  0.0, Sum:  0.0, Workers: 4
[1190.864s][debug][gc,phases      ] GC(49)     Dead                           Min: 0, Avg:  0.0, Max: 0, Diff: 0, Sum: 0, Workers: 4
[1190.864s][debug][gc,phases      ] GC(49)     Total                          Min: 0, Avg:  0.0, Max: 0, Diff: 0, Sum: 0, Workers: 4
[1190.864s][debug][gc,phases      ] GC(49) Weak Processing 0.365ms
[1190.864s][debug][gc,age         ] GC(49) Desired survivor size 201850880 bytes, new threshold 15 (max threshold 15)
[1190.864s][info ][gc,heap        ] GC(49) PSYoungGen: 1631488K(1856512K)->704K(1900032K) Eden: 1631232K(1631232K)->0K(1689088K) From: 256K(225280K)->704K(210944K)
[1190.864s][info ][gc,heap        ] GC(49) ParOldGen: 317346K(393216K)->317354K(393216K)
[1190.864s][info ][gc,metaspace   ] GC(49) Metaspace: 77588K(78400K)->77588K(78400K) NonClass: 66437K(66880K)->66437K(66880K) Class: 11151K(11520K)->11151K(11520K)
[1190.864s][info ][gc             ] GC(49) Pause Young (Allocation Failure) 1903M->310M(2239M) 3.895ms
[1190.864s][info ][gc,cpu         ] GC(49) User=0.01s Sys=0.00s Real=0.00s
[1190.864s][info ][safepoint      ] Safepoint "ParallelGCFailedAllocation", Time since last: 2846319736 ns, Reaching safepoint: 45703 ns, At safepoint: 3962471 ns, Total: 4008174 ns
[1191.864s][info ][safepoint      ] Safepoint "Cleanup", Time since last: 1000078387 ns, Reaching safepoint: 56203 ns, At safepoint: 2901 ns, Total: 59104 ns
[1194.864s][info ][safepoint      ] Safepoint "Cleanup", Time since last: 3000229673 ns, Reaching safepoint: 36903 ns, At safepoint: 2900 ns, Total: 39803 ns
[1195.864s][info ][safepoint      ] Safepoint "Cleanup", Time since last: 1000124442 ns, Reaching safepoint: 40903 ns, At safepoint: 3200 ns, Total: 44103 ns
[1196.865s][info ][safepoint      ] Safepoint "Cleanup", Time since last: 1000108841 ns, Reaching safepoint: 59004 ns, At safepoint: 3300 ns, Total: 62304 ns
[1197.865s][info ][safepoint      ] Safepoint "Cleanup", Time since last: 1000111241 ns, Reaching safepoint: 47503 ns, At safepoint: 3301 ns, Total: 50804 ns
[1198.865s][info ][safepoint      ] Safepoint "Cleanup", Time since last: 1000113141 ns, Reaching safepoint: 42503 ns, At safepoint: 4200 ns, Total: 46703 ns
[1200.865s][info ][safepoint      ] Safepoint "Cleanup", Time since last: 2000179579 ns, Reaching safepoint: 47203 ns, At safepoint: 2901 ns, Total: 50104 ns
[1204.866s][info ][safepoint      ] Safepoint "Cleanup", Time since last: 4000302278 ns, Reaching safepoint: 48803 ns, At safepoint: 3000 ns, Total: 51803 ns
[1205.866s][info ][safepoint      ] Safepoint "Cleanup", Time since last: 1000113388 ns, Reaching safepoint: 42103 ns, At safepoint: 6701 ns, Total: 48804 ns
[1207.866s][info ][safepoint      ] Safepoint "Cleanup", Time since last: 2000182673 ns, Reaching safepoint: 41903 ns, At safepoint: 2600 ns, Total: 44503 ns
[1211.866s][info ][safepoint      ] Safepoint "Cleanup", Time since last: 4000316013 ns, Reaching safepoint: 38702 ns, At safepoint: 2500 ns, Total: 41202 ns
[1213.866s][info ][safepoint      ] Safepoint "Cleanup", Time since last: 2000183958 ns, Reaching safepoint: 42803 ns, At safepoint: 2400 ns, Total: 45203 ns
[1215.867s][info ][safepoint      ] Safepoint "Cleanup", Time since last: 2000148556 ns, Reaching safepoint: 60404 ns, At safepoint: 2800 ns, Total: 63204 ns
[1217.867s][info ][safepoint      ] Safepoint "Cleanup", Time since last: 2000171016 ns, Reaching safepoint: 42903 ns, At safepoint: 7501 ns, Total: 50404 ns
[1219.867s][info ][safepoint      ] Safepoint "Cleanup", Time since last: 2000169469 ns, Reaching safepoint: 37403 ns, At safepoint: 4500 ns, Total: 41903 ns
[1222.867s][info ][safepoint      ] Safepoint "Cleanup", Time since last: 3000234552 ns, Reaching safepoint: 52504 ns, At safepoint: 2900 ns, Total: 55404 ns
[1223.868s][info ][safepoint      ] Safepoint "Cleanup", Time since last: 1000120587 ns, Reaching safepoint: 53204 ns, At safepoint: 3500 ns, Total: 56704 ns
[1224.868s][info ][safepoint      ] Safepoint "Cleanup", Time since last: 1000106886 ns, Reaching safepoint: 43803 ns, At safepoint: 2700 ns, Total: 46503 ns
[1227.218s][info ][safepoint      ] Safepoint "Cleanup", Time since last: 2349635960 ns, Reaching safepoint: 108807 ns, At safepoint: 11501 ns, Total: 120308 ns
[1228.218s][info ][safepoint      ] Safepoint "Cleanup", Time since last: 1000115784 ns, Reaching safepoint: 75305 ns, At safepoint: 2900 ns, Total: 78205 ns
[1230.218s][info ][safepoint      ] Safepoint "Cleanup", Time since last: 2000180064 ns, Reaching safepoint: 41803 ns, At safepoint: 27702 ns, Total: 69505 ns
[1231.218s][info ][safepoint      ] Safepoint "Cleanup", Time since last: 1000099382 ns, Reaching safepoint: 55504 ns, At safepoint: 3400 ns, Total: 58904 ns
[1232.207s][info ][gc,start       ] GC(50) Pause Young (Allocation Failure)
[1232.211s][debug][gc,phases      ] GC(50) Scavenge 3.741ms
[1232.211s][debug][gc,ref         ] GC(50) Skipped phase 1 of Reference Processing: no references
[1232.211s][debug][gc,ref         ] GC(50) Skipped phase 2 of Reference Processing: no references
[1232.211s][debug][gc,ref         ] GC(50) Skipped phase 3 of Reference Processing: no references
[1232.211s][debug][gc,ref         ] GC(50) Skipped phase 4 of Reference Processing: no references
[1232.211s][debug][gc,phases      ] GC(50) Reference Processing 0.025ms
[1232.211s][debug][gc,phases      ] GC(50)   VM Weak                        Min:  0.0, Avg:  0.0, Max:  0.0, Diff:  0.0, Sum:  0.0, Workers: 4
[1232.211s][debug][gc,phases      ] GC(50)     Dead                           Min: 0, Avg:  0.0, Max: 0, Diff: 0, Sum: 0, Workers: 4
[1232.211s][debug][gc,phases      ] GC(50)     Total                          Min: 0, Avg: 173.5, Max: 502, Diff: 502, Sum: 694, Workers: 4
[1232.211s][debug][gc,phases      ] GC(50)   ObjectSynchronizer Weak        Min:  0.0, Avg:  0.0, Max:  0.0, Diff:  0.0, Sum:  0.0, Workers: 4
[1232.211s][debug][gc,phases      ] GC(50)     Dead                           Min: 0, Avg:  0.0, Max: 0, Diff: 0, Sum: 0, Workers: 4
[1232.211s][debug][gc,phases      ] GC(50)     Total                          Min: 0, Avg:  7.0, Max: 28, Diff: 28, Sum: 28, Workers: 4
[1232.211s][debug][gc,phases      ] GC(50)   JVMTI Tag Weak OopStorage      Min:  0.0, Avg:  0.0, Max:  0.0, Diff:  0.0, Sum:  0.0, Workers: 4
[1232.211s][debug][gc,phases      ] GC(50)     Dead                           Min: 0, Avg:  0.0, Max: 0, Diff: 0, Sum: 0, Workers: 4
[1232.211s][debug][gc,phases      ] GC(50)     Total                          Min: 0, Avg:  0.0, Max: 0, Diff: 0, Sum: 0, Workers: 4
[1232.211s][debug][gc,phases      ] GC(50)   StringTable Weak               Min:  0.0, Avg:  0.1, Max:  0.1, Diff:  0.1, Sum:  0.4, Workers: 4
[1232.211s][debug][gc,phases      ] GC(50)     Dead                           Min: 0, Avg:  0.0, Max: 0, Diff: 0, Sum: 0, Workers: 4
[1232.211s][debug][gc,phases      ] GC(50)     Total                          Min: 0, Avg: 10671.2, Max: 16573, Diff: 16573, Sum: 42685, Workers: 4
[1232.211s][debug][gc,phases      ] GC(50)   ResolvedMethodTable Weak       Min:  0.0, Avg:  0.0, Max:  0.0, Diff:  0.0, Sum:  0.1, Workers: 4
[1232.211s][debug][gc,phases      ] GC(50)     Dead                           Min: 0, Avg:  0.0, Max: 0, Diff: 0, Sum: 0, Workers: 4
[1232.211s][debug][gc,phases      ] GC(50)     Total                          Min: 0, Avg: 2080.0, Max: 3285, Diff: 3285, Sum: 8320, Workers: 4
[1232.211s][debug][gc,phases      ] GC(50)   JNI Weak                       Min:  0.0, Avg:  0.0, Max:  0.0, Diff:  0.0, Sum:  0.0, Workers: 4
[1232.211s][debug][gc,phases      ] GC(50)     Dead                           Min: 0, Avg:  0.0, Max: 0, Diff: 0, Sum: 0, Workers: 4
[1232.211s][debug][gc,phases      ] GC(50)     Total                          Min: 0, Avg: 11.2, Max: 45, Diff: 45, Sum: 45, Workers: 4
[1232.211s][debug][gc,phases      ] GC(50)   StringDedup Table Weak         Min:  0.0, Avg:  0.0, Max:  0.0, Diff:  0.0, Sum:  0.0, Workers: 4
[1232.211s][debug][gc,phases      ] GC(50)     Dead                           Min: 0, Avg:  0.0, Max: 0, Diff: 0, Sum: 0, Workers: 4
[1232.211s][debug][gc,phases      ] GC(50)     Total                          Min: 0, Avg:  0.0, Max: 0, Diff: 0, Sum: 0, Workers: 4
[1232.211s][debug][gc,phases      ] GC(50)   StringDedup Requests0 Weak     Min:  0.0, Avg:  0.0, Max:  0.0, Diff:  0.0, Sum:  0.0, Workers: 4
[1232.211s][debug][gc,phases      ] GC(50)     Dead                           Min: 0, Avg:  0.0, Max: 0, Diff: 0, Sum: 0, Workers: 4
[1232.211s][debug][gc,phases      ] GC(50)     Total                          Min: 0, Avg:  0.0, Max: 0, Diff: 0, Sum: 0, Workers: 4
[1232.211s][debug][gc,phases      ] GC(50)   StringDedup Requests1 Weak     Min:  0.0, Avg:  0.0, Max:  0.0, Diff:  0.0, Sum:  0.0, Workers: 4
[1232.211s][debug][gc,phases      ] GC(50)     Dead                           Min: 0, Avg:  0.0, Max: 0, Diff: 0, Sum: 0, Workers: 4
[1232.211s][debug][gc,phases      ] GC(50)     Total                          Min: 0, Avg:  0.0, Max: 0, Diff: 0, Sum: 0, Workers: 4
[1232.211s][debug][gc,phases      ] GC(50)   Weak JFR Old Object Samples    Min:  0.0, Avg:  0.0, Max:  0.0, Diff:  0.0, Sum:  0.0, Workers: 4
[1232.211s][debug][gc,phases      ] GC(50)     Dead                           Min: 0, Avg:  0.0, Max: 0, Diff: 0, Sum: 0, Workers: 4
[1232.211s][debug][gc,phases      ] GC(50)     Total                          Min: 0, Avg:  0.0, Max: 0, Diff: 0, Sum: 0, Workers: 4
[1232.211s][debug][gc,phases      ] GC(50) Weak Processing 0.353ms
[1232.211s][debug][gc,age         ] GC(50) Desired survivor size 188219392 bytes, new threshold 15 (max threshold 15)
[1232.211s][info ][gc,heap        ] GC(50) PSYoungGen: 1689792K(1900032K)->736K(1886208K) Eden: 1689088K(1689088K)->0K(1689088K) From: 704K(210944K)->736K(197120K)
[1232.211s][info ][gc,heap        ] GC(50) ParOldGen: 317354K(393216K)->317362K(393216K)
[1232.211s][info ][gc,metaspace   ] GC(50) Metaspace: 77616K(78400K)->77616K(78400K) NonClass: 66464K(66880K)->66464K(66880K) Class: 11151K(11520K)->11151K(11520K)
[1232.211s][info ][gc             ] GC(50) Pause Young (Allocation Failure) 1960M->310M(2226M) 4.247ms
[1232.211s][info ][gc,cpu         ] GC(50) User=0.01s Sys=0.00s Real=0.01s
[1232.211s][info ][safepoint      ] Safepoint "ParallelGCFailedAllocation", Time since last: 988962921 ns, Reaching safepoint: 94607 ns, At safepoint: 4325996 ns, Total: 4420603 ns
[1233.212s][info ][safepoint      ] Safepoint "Cleanup", Time since last: 1000083781 ns, Reaching safepoint: 47503 ns, At safepoint: 3301 ns, Total: 50804 ns
[1236.212s][info ][safepoint      ] Safepoint "Cleanup", Time since last: 3000244009 ns, Reaching safepoint: 48104 ns, At safepoint: 2700 ns, Total: 50804 ns
[1237.212s][info ][safepoint      ] Safepoint "Cleanup", Time since last: 1000103370 ns, Reaching safepoint: 41703 ns, At safepoint: 3801 ns, Total: 45504 ns
[1241.212s][info ][safepoint      ] Safepoint "Cleanup", Time since last: 4000319776 ns, Reaching safepoint: 45603 ns, At safepoint: 3500 ns, Total: 49103 ns
[1244.213s][info ][safepoint      ] Safepoint "Cleanup", Time since last: 3000272243 ns, Reaching safepoint: 45403 ns, At safepoint: 3100 ns, Total: 48503 ns
[1248.554s][info ][safepoint      ] Safepoint "Cleanup", Time since last: 4341242127 ns, Reaching safepoint: 49204 ns, At safepoint: 2500 ns, Total: 51704 ns
[1250.554s][info ][safepoint      ] Safepoint "Cleanup", Time since last: 2000179229 ns, Reaching safepoint: 46403 ns, At safepoint: 3400 ns, Total: 49803 ns
[1251.554s][info ][safepoint      ] Safepoint "Cleanup", Time since last: 1000116505 ns, Reaching safepoint: 36603 ns, At safepoint: 6400 ns, Total: 43003 ns
[1256.555s][info ][safepoint      ] Safepoint "Cleanup", Time since last: 5000389312 ns, Reaching safepoint: 62804 ns, At safepoint: 6901 ns, Total: 69705 ns
[1257.961s][info ][safepoint      ] Safepoint "Cleanup", Time since last: 1405467406 ns, Reaching safepoint: 158011 ns, At safepoint: 6501 ns, Total: 164512 ns
[1263.961s][info ][safepoint      ] Safepoint "Cleanup", Time since last: 6000461709 ns, Reaching safepoint: 116508 ns, At safepoint: 9601 ns, Total: 126109 ns
[1275.008s][info ][gc,start       ] GC(51) Pause Young (Allocation Failure)
[1275.010s][debug][gc,phases      ] GC(51) Scavenge 2.602ms
[1275.010s][debug][gc,ref         ] GC(51) Skipped phase 1 of Reference Processing: no references
[1275.010s][debug][gc,ref         ] GC(51) Skipped phase 2 of Reference Processing: no references
[1275.010s][debug][gc,ref         ] GC(51) Skipped phase 3 of Reference Processing: no references
[1275.010s][debug][gc,ref         ] GC(51) Skipped phase 4 of Reference Processing: no references
[1275.010s][debug][gc,phases      ] GC(51) Reference Processing 0.024ms
[1275.010s][debug][gc,phases      ] GC(51)   VM Weak                        Min:  0.0, Avg:  0.0, Max:  0.0, Diff:  0.0, Sum:  0.0, Workers: 4
[1275.010s][debug][gc,phases      ] GC(51)     Dead                           Min: 0, Avg:  0.0, Max: 0, Diff: 0, Sum: 0, Workers: 4
[1275.010s][debug][gc,phases      ] GC(51)     Total                          Min: 0, Avg: 173.5, Max: 374, Diff: 374, Sum: 694, Workers: 4
[1275.010s][debug][gc,phases      ] GC(51)   ObjectSynchronizer Weak        Min:  0.0, Avg:  0.0, Max:  0.0, Diff:  0.0, Sum:  0.0, Workers: 4
[1275.010s][debug][gc,phases      ] GC(51)     Dead                           Min: 0, Avg:  0.0, Max: 0, Diff: 0, Sum: 0, Workers: 4
[1275.010s][debug][gc,phases      ] GC(51)     Total                          Min: 0, Avg:  7.0, Max: 28, Diff: 28, Sum: 28, Workers: 4
[1275.010s][debug][gc,phases      ] GC(51)   JVMTI Tag Weak OopStorage      Min:  0.0, Avg:  0.0, Max:  0.0, Diff:  0.0, Sum:  0.0, Workers: 4
[1275.010s][debug][gc,phases      ] GC(51)     Dead                           Min: 0, Avg:  0.0, Max: 0, Diff: 0, Sum: 0, Workers: 4
[1275.010s][debug][gc,phases      ] GC(51)     Total                          Min: 0, Avg:  0.0, Max: 0, Diff: 0, Sum: 0, Workers: 4
[1275.011s][debug][gc,phases      ] GC(51)   StringTable Weak               Min:  0.0, Avg:  0.1, Max:  0.1, Diff:  0.1, Sum:  0.4, Workers: 4
[1275.011s][debug][gc,phases      ] GC(51)     Dead                           Min: 0, Avg:  0.0, Max: 0, Diff: 0, Sum: 0, Workers: 4
[1275.011s][debug][gc,phases      ] GC(51)     Total                          Min: 0, Avg: 10671.2, Max: 16000, Diff: 16000, Sum: 42685, Workers: 4
[1275.011s][debug][gc,phases      ] GC(51)   ResolvedMethodTable Weak       Min:  0.0, Avg:  0.0, Max:  0.0, Diff:  0.0, Sum:  0.1, Workers: 4
[1275.011s][debug][gc,phases      ] GC(51)     Dead                           Min: 0, Avg:  0.0, Max: 0, Diff: 0, Sum: 0, Workers: 4
[1275.011s][debug][gc,phases      ] GC(51)     Total                          Min: 0, Avg: 2080.0, Max: 3286, Diff: 3286, Sum: 8320, Workers: 4
[1275.011s][debug][gc,phases      ] GC(51)   JNI Weak                       Min:  0.0, Avg:  0.0, Max:  0.0, Diff:  0.0, Sum:  0.0, Workers: 4
[1275.011s][debug][gc,phases      ] GC(51)     Dead                           Min: 0, Avg:  0.0, Max: 0, Diff: 0, Sum: 0, Workers: 4
[1275.011s][debug][gc,phases      ] GC(51)     Total                          Min: 0, Avg: 11.2, Max: 45, Diff: 45, Sum: 45, Workers: 4
[1275.011s][debug][gc,phases      ] GC(51)   StringDedup Table Weak         Min:  0.0, Avg:  0.0, Max:  0.0, Diff:  0.0, Sum:  0.0, Workers: 4
[1275.011s][debug][gc,phases      ] GC(51)     Dead                           Min: 0, Avg:  0.0, Max: 0, Diff: 0, Sum: 0, Workers: 4
[1275.011s][debug][gc,phases      ] GC(51)     Total                          Min: 0, Avg:  0.0, Max: 0, Diff: 0, Sum: 0, Workers: 4
[1275.011s][debug][gc,phases      ] GC(51)   StringDedup Requests0 Weak     Min:  0.0, Avg:  0.0, Max:  0.0, Diff:  0.0, Sum:  0.0, Workers: 4
[1275.011s][debug][gc,phases      ] GC(51)     Dead                           Min: 0, Avg:  0.0, Max: 0, Diff: 0, Sum: 0, Workers: 4
[1275.011s][debug][gc,phases      ] GC(51)     Total                          Min: 0, Avg:  0.0, Max: 0, Diff: 0, Sum: 0, Workers: 4
[1275.011s][debug][gc,phases      ] GC(51)   StringDedup Requests1 Weak     Min:  0.0, Avg:  0.0, Max:  0.0, Diff:  0.0, Sum:  0.0, Workers: 4
[1275.011s][debug][gc,phases      ] GC(51)     Dead                           Min: 0, Avg:  0.0, Max: 0, Diff: 0, Sum: 0, Workers: 4
[1275.011s][debug][gc,phases      ] GC(51)     Total                          Min: 0, Avg:  0.0, Max: 0, Diff: 0, Sum: 0, Workers: 4
[1275.011s][debug][gc,phases      ] GC(51)   Weak JFR Old Object Samples    Min:  0.0, Avg:  0.0, Max:  0.0, Diff:  0.0, Sum:  0.0, Workers: 4
[1275.011s][debug][gc,phases      ] GC(51)     Dead                           Min: 0, Avg:  0.0, Max: 0, Diff: 0, Sum: 0, Workers: 4
[1275.011s][debug][gc,phases      ] GC(51)     Total                          Min: 0, Avg:  0.0, Max: 0, Diff: 0, Sum: 0, Workers: 4
[1275.011s][debug][gc,phases      ] GC(51) Weak Processing 0.359ms
[1275.011s][debug][gc,age         ] GC(51) Desired survivor size 175636480 bytes, new threshold 15 (max threshold 15)
[1275.011s][info ][gc,heap        ] GC(51) PSYoungGen: 1689824K(1886208K)->832K(1925632K) Eden: 1689088K(1689088K)->0K(1741824K) From: 736K(197120K)->832K(183808K)
[1275.011s][info ][gc,heap        ] GC(51) ParOldGen: 317362K(393216K)->317370K(393216K)
[1275.011s][info ][gc,metaspace   ] GC(51) Metaspace: 77636K(78464K)->77636K(78464K) NonClass: 66484K(66944K)->66484K(66944K) Class: 11151K(11520K)->11151K(11520K)
[1275.011s][info ][gc             ] GC(51) Pause Young (Allocation Failure) 1960M->310M(2264M) 3.109ms
[1275.011s][info ][gc,cpu         ] GC(51) User=0.01s Sys=0.00s Real=0.01s
[1275.011s][info ][safepoint      ] Safepoint "ParallelGCFailedAllocation", Time since last: 11046338978 ns, Reaching safepoint: 40303 ns, At safepoint: 3189421 ns, Total: 3229724 ns
[1276.011s][info ][safepoint      ] Safepoint "Cleanup", Time since last: 1000080304 ns, Reaching safepoint: 34602 ns, At safepoint: 3400 ns, Total: 38002 ns
[1289.012s][info ][safepoint      ] Safepoint "Cleanup", Time since last: 13000810320 ns, Reaching safepoint: 59504 ns, At safepoint: 3100 ns, Total: 62604 ns
[1298.012s][info ][safepoint      ] Safepoint "Cleanup", Time since last: 9000648147 ns, Reaching safepoint: 49803 ns, At safepoint: 3200 ns, Total: 53003 ns
[1302.013s][info ][safepoint      ] Safepoint "Cleanup", Time since last: 4000320449 ns, Reaching safepoint: 44904 ns, At safepoint: 3700 ns, Total: 48604 ns
[1303.013s][info ][safepoint      ] Safepoint "Cleanup", Time since last: 1000065336 ns, Reaching safepoint: 31102 ns, At safepoint: 3001 ns, Total: 34103 ns
[1305.013s][info ][safepoint      ] Safepoint "Cleanup", Time since last: 2000170675 ns, Reaching safepoint: 37102 ns, At safepoint: 4001 ns, Total: 41103 ns
[1311.014s][info ][safepoint      ] Safepoint "Cleanup", Time since last: 6000456262 ns, Reaching safepoint: 40503 ns, At safepoint: 3600 ns, Total: 44103 ns
[1312.014s][info ][safepoint      ] Safepoint "Cleanup", Time since last: 1000111604 ns, Reaching safepoint: 43803 ns, At safepoint: 2900 ns, Total: 46703 ns
[1318.958s][info ][gc,start       ] GC(52) Pause Young (Allocation Failure)
[1318.960s][debug][gc,phases      ] GC(52) Scavenge 2.197ms
[1318.960s][debug][gc,ref         ] GC(52) Skipped phase 1 of Reference Processing: no references
[1318.960s][debug][gc,ref         ] GC(52) Skipped phase 2 of Reference Processing: no references
[1318.960s][debug][gc,ref         ] GC(52) Skipped phase 3 of Reference Processing: no references
[1318.960s][debug][gc,ref         ] GC(52) Skipped phase 4 of Reference Processing: no references
[1318.960s][debug][gc,phases      ] GC(52) Reference Processing 0.046ms
[1318.960s][debug][gc,phases      ] GC(52)   VM Weak                        Min:  0.0, Avg:  0.0, Max:  0.0, Diff:  0.0, Sum:  0.0, Workers: 4
[1318.960s][debug][gc,phases      ] GC(52)     Dead                           Min: 0, Avg:  0.0, Max: 0, Diff: 0, Sum: 0, Workers: 4
[1318.960s][debug][gc,phases      ] GC(52)     Total                          Min: 0, Avg: 173.5, Max: 576, Diff: 576, Sum: 694, Workers: 4
[1318.960s][debug][gc,phases      ] GC(52)   ObjectSynchronizer Weak        Min:  0.0, Avg:  0.0, Max:  0.0, Diff:  0.0, Sum:  0.0, Workers: 4
[1318.960s][debug][gc,phases      ] GC(52)     Dead                           Min: 0, Avg:  0.0, Max: 0, Diff: 0, Sum: 0, Workers: 4
[1318.960s][debug][gc,phases      ] GC(52)     Total                          Min: 0, Avg:  7.0, Max: 28, Diff: 28, Sum: 28, Workers: 4
[1318.960s][debug][gc,phases      ] GC(52)   JVMTI Tag Weak OopStorage      Min:  0.0, Avg:  0.0, Max:  0.0, Diff:  0.0, Sum:  0.0, Workers: 4
[1318.960s][debug][gc,phases      ] GC(52)     Dead                           Min: 0, Avg:  0.0, Max: 0, Diff: 0, Sum: 0, Workers: 4
[1318.960s][debug][gc,phases      ] GC(52)     Total                          Min: 0, Avg:  0.0, Max: 0, Diff: 0, Sum: 0, Workers: 4
[1318.960s][debug][gc,phases      ] GC(52)   StringTable Weak               Min:  0.0, Avg:  0.1, Max:  0.2, Diff:  0.2, Sum:  0.3, Workers: 4
[1318.960s][debug][gc,phases      ] GC(52)     Dead                           Min: 0, Avg:  0.0, Max: 0, Diff: 0, Sum: 0, Workers: 4
[1318.960s][debug][gc,phases      ] GC(52)     Total                          Min: 0, Avg: 10671.8, Max: 22719, Diff: 22719, Sum: 42687, Workers: 4
[1318.960s][debug][gc,phases      ] GC(52)   ResolvedMethodTable Weak       Min:  0.0, Avg:  0.0, Max:  0.0, Diff:  0.0, Sum:  0.1, Workers: 4
[1318.960s][debug][gc,phases      ] GC(52)     Dead                           Min: 0, Avg:  0.0, Max: 0, Diff: 0, Sum: 0, Workers: 4
[1318.960s][debug][gc,phases      ] GC(52)     Total                          Min: 0, Avg: 2080.0, Max: 3933, Diff: 3933, Sum: 8320, Workers: 4
[1318.961s][debug][gc,phases      ] GC(52)   JNI Weak                       Min:  0.0, Avg:  0.0, Max:  0.0, Diff:  0.0, Sum:  0.0, Workers: 4
[1318.961s][debug][gc,phases      ] GC(52)     Dead                           Min: 0, Avg:  0.0, Max: 0, Diff: 0, Sum: 0, Workers: 4
[1318.961s][debug][gc,phases      ] GC(52)     Total                          Min: 0, Avg: 11.2, Max: 45, Diff: 45, Sum: 45, Workers: 4
[1318.961s][debug][gc,phases      ] GC(52)   StringDedup Table Weak         Min:  0.0, Avg:  0.0, Max:  0.0, Diff:  0.0, Sum:  0.0, Workers: 4
[1318.961s][debug][gc,phases      ] GC(52)     Dead                           Min: 0, Avg:  0.0, Max: 0, Diff: 0, Sum: 0, Workers: 4
[1318.961s][debug][gc,phases      ] GC(52)     Total                          Min: 0, Avg:  0.0, Max: 0, Diff: 0, Sum: 0, Workers: 4
[1318.961s][debug][gc,phases      ] GC(52)   StringDedup Requests0 Weak     Min:  0.0, Avg:  0.0, Max:  0.0, Diff:  0.0, Sum:  0.0, Workers: 4
[1318.961s][debug][gc,phases      ] GC(52)     Dead                           Min: 0, Avg:  0.0, Max: 0, Diff: 0, Sum: 0, Workers: 4
[1318.961s][debug][gc,phases      ] GC(52)     Total                          Min: 0, Avg:  0.0, Max: 0, Diff: 0, Sum: 0, Workers: 4
[1318.961s][debug][gc,phases      ] GC(52)   StringDedup Requests1 Weak     Min:  0.0, Avg:  0.0, Max:  0.0, Diff:  0.0, Sum:  0.0, Workers: 4
[1318.961s][debug][gc,phases      ] GC(52)     Dead                           Min: 0, Avg:  0.0, Max: 0, Diff: 0, Sum: 0, Workers: 4
[1318.961s][debug][gc,phases      ] GC(52)     Total                          Min: 0, Avg:  0.0, Max: 0, Diff: 0, Sum: 0, Workers: 4
[1318.961s][debug][gc,phases      ] GC(52)   Weak JFR Old Object Samples    Min:  0.0, Avg:  0.0, Max:  0.0, Diff:  0.0, Sum:  0.0, Workers: 4
[1318.961s][debug][gc,phases      ] GC(52)     Dead                           Min: 0, Avg:  0.0, Max: 0, Diff: 0, Sum: 0, Workers: 4
[1318.961s][debug][gc,phases      ] GC(52)     Total                          Min: 0, Avg:  0.0, Max: 0, Diff: 0, Sum: 0, Workers: 4
[1318.961s][debug][gc,phases      ] GC(52) Weak Processing 0.427ms
[1318.961s][debug][gc,age         ] GC(52) Desired survivor size 163053568 bytes, new threshold 15 (max threshold 15)
[1318.961s][info ][gc,heap        ] GC(52) PSYoungGen: 1742656K(1925632K)->896K(1913344K) Eden: 1741824K(1741824K)->0K(1741824K) From: 832K(183808K)->896K(171520K)
[1318.961s][info ][gc,heap        ] GC(52) ParOldGen: 317370K(393216K)->317386K(393216K)
[1318.961s][info ][gc,metaspace   ] GC(52) Metaspace: 77657K(78464K)->77657K(78464K) NonClass: 66505K(66944K)->66505K(66944K) Class: 11151K(11520K)->11151K(11520K)
[1318.961s][info ][gc             ] GC(52) Pause Young (Allocation Failure) 2011M->310M(2252M) 2.811ms
[1318.961s][info ][gc,cpu         ] GC(52) User=0.01s Sys=0.01s Real=0.00s
[1318.961s][info ][safepoint      ] Safepoint "ParallelGCFailedAllocation", Time since last: 6944003741 ns, Reaching safepoint: 41503 ns, At safepoint: 2888001 ns, Total: 2929504 ns
[1324.961s][info ][safepoint      ] Safepoint "Cleanup", Time since last: 6000352285 ns, Reaching safepoint: 48104 ns, At safepoint: 3801 ns, Total: 51905 ns
[1326.961s][info ][safepoint      ] Safepoint "Cleanup", Time since last: 2000188745 ns, Reaching safepoint: 42203 ns, At safepoint: 2700 ns, Total: 44903 ns
[1329.962s][info ][safepoint      ] Safepoint "Cleanup", Time since last: 3000256829 ns, Reaching safepoint: 51504 ns, At safepoint: 5201 ns, Total: 56705 ns
[1335.962s][info ][safepoint      ] Safepoint "Cleanup", Time since last: 6000446889 ns, Reaching safepoint: 50303 ns, At safepoint: 3901 ns, Total: 54204 ns
[1338.962s][info ][safepoint      ] Safepoint "Cleanup", Time since last: 3000210649 ns, Reaching safepoint: 93607 ns, At safepoint: 5500 ns, Total: 99107 ns
[1339.963s][info ][safepoint      ] Safepoint "Cleanup", Time since last: 1000096104 ns, Reaching safepoint: 38003 ns, At safepoint: 2600 ns, Total: 40603 ns
[1343.963s][info ][safepoint      ] Safepoint "Cleanup", Time since last: 4000323312 ns, Reaching safepoint: 43303 ns, At safepoint: 2200 ns, Total: 45503 ns
[1352.964s][info ][safepoint      ] Safepoint "Cleanup", Time since last: 9000693178 ns, Reaching safepoint: 39703 ns, At safepoint: 3901 ns, Total: 43604 ns
[1353.964s][info ][safepoint      ] Safepoint "Cleanup", Time since last: 1000113551 ns, Reaching safepoint: 55604 ns, At safepoint: 15201 ns, Total: 70805 ns
[1354.964s][info ][safepoint      ] Safepoint "Cleanup", Time since last: 1000123901 ns, Reaching safepoint: 41403 ns, At safepoint: 3201 ns, Total: 44604 ns
[1355.964s][info ][safepoint      ] Safepoint "Cleanup", Time since last: 1000091498 ns, Reaching safepoint: 47304 ns, At safepoint: 3200 ns, Total: 50504 ns
[1362.057s][info ][gc,start       ] GC(53) Pause Young (Allocation Failure)
[1362.062s][debug][gc,phases      ] GC(53) Scavenge 4.617ms
[1362.062s][debug][gc,ref         ] GC(53) Skipped phase 1 of Reference Processing: no references
[1362.062s][debug][gc,ref         ] GC(53) Skipped phase 2 of Reference Processing: no references
[1362.062s][debug][gc,ref         ] GC(53) Skipped phase 3 of Reference Processing: no references
[1362.062s][debug][gc,ref         ] GC(53) Skipped phase 4 of Reference Processing: no references
[1362.062s][debug][gc,phases      ] GC(53) Reference Processing 0.026ms
[1362.062s][debug][gc,phases      ] GC(53)   VM Weak                        Min:  0.0, Avg:  0.0, Max:  0.0, Diff:  0.0, Sum:  0.0, Workers: 4
[1362.062s][debug][gc,phases      ] GC(53)     Dead                           Min: 0, Avg:  0.0, Max: 0, Diff: 0, Sum: 0, Workers: 4
[1362.062s][debug][gc,phases      ] GC(53)     Total                          Min: 0, Avg: 173.5, Max: 576, Diff: 576, Sum: 694, Workers: 4
[1362.062s][debug][gc,phases      ] GC(53)   ObjectSynchronizer Weak        Min:  0.0, Avg:  0.0, Max:  0.0, Diff:  0.0, Sum:  0.0, Workers: 4
[1362.062s][debug][gc,phases      ] GC(53)     Dead                           Min: 0, Avg:  0.0, Max: 0, Diff: 0, Sum: 0, Workers: 4
[1362.062s][debug][gc,phases      ] GC(53)     Total                          Min: 0, Avg:  7.0, Max: 28, Diff: 28, Sum: 28, Workers: 4
[1362.062s][debug][gc,phases      ] GC(53)   JVMTI Tag Weak OopStorage      Min:  0.0, Avg:  0.0, Max:  0.0, Diff:  0.0, Sum:  0.0, Workers: 4
[1362.062s][debug][gc,phases      ] GC(53)     Dead                           Min: 0, Avg:  0.0, Max: 0, Diff: 0, Sum: 0, Workers: 4
[1362.062s][debug][gc,phases      ] GC(53)     Total                          Min: 0, Avg:  0.0, Max: 0, Diff: 0, Sum: 0, Workers: 4
[1362.062s][debug][gc,phases      ] GC(53)   StringTable Weak               Min:  0.0, Avg:  0.1, Max:  0.1, Diff:  0.1, Sum:  0.3, Workers: 4
[1362.062s][debug][gc,phases      ] GC(53)     Dead                           Min: 0, Avg:  0.0, Max: 0, Diff: 0, Sum: 0, Workers: 4
[1362.062s][debug][gc,phases      ] GC(53)     Total                          Min: 0, Avg: 10672.2, Max: 14784, Diff: 14784, Sum: 42689, Workers: 4
[1362.062s][debug][gc,phases      ] GC(53)   ResolvedMethodTable Weak       Min:  0.0, Avg:  0.0, Max:  0.0, Diff:  0.0, Sum:  0.1, Workers: 4
[1362.062s][debug][gc,phases      ] GC(53)     Dead                           Min: 0, Avg:  0.0, Max: 0, Diff: 0, Sum: 0, Workers: 4
[1362.062s][debug][gc,phases      ] GC(53)     Total                          Min: 0, Avg: 2080.0, Max: 2990, Diff: 2990, Sum: 8320, Workers: 4
[1362.062s][debug][gc,phases      ] GC(53)   JNI Weak                       Min:  0.0, Avg:  0.0, Max:  0.0, Diff:  0.0, Sum:  0.0, Workers: 4
[1362.062s][debug][gc,phases      ] GC(53)     Dead                           Min: 0, Avg:  0.0, Max: 0, Diff: 0, Sum: 0, Workers: 4
[1362.062s][debug][gc,phases      ] GC(53)     Total                          Min: 0, Avg: 11.2, Max: 45, Diff: 45, Sum: 45, Workers: 4
[1362.062s][debug][gc,phases      ] GC(53)   StringDedup Table Weak         Min:  0.0, Avg:  0.0, Max:  0.0, Diff:  0.0, Sum:  0.0, Workers: 4
[1362.062s][debug][gc,phases      ] GC(53)     Dead                           Min: 0, Avg:  0.0, Max: 0, Diff: 0, Sum: 0, Workers: 4
[1362.062s][debug][gc,phases      ] GC(53)     Total                          Min: 0, Avg:  0.0, Max: 0, Diff: 0, Sum: 0, Workers: 4
[1362.062s][debug][gc,phases      ] GC(53)   StringDedup Requests0 Weak     Min:  0.0, Avg:  0.0, Max:  0.0, Diff:  0.0, Sum:  0.0, Workers: 4
[1362.062s][debug][gc,phases      ] GC(53)     Dead                           Min: 0, Avg:  0.0, Max: 0, Diff: 0, Sum: 0, Workers: 4
[1362.062s][debug][gc,phases      ] GC(53)     Total                          Min: 0, Avg:  0.0, Max: 0, Diff: 0, Sum: 0, Workers: 4
[1362.062s][debug][gc,phases      ] GC(53)   StringDedup Requests1 Weak     Min:  0.0, Avg:  0.0, Max:  0.0, Diff:  0.0, Sum:  0.0, Workers: 4
[1362.062s][debug][gc,phases      ] GC(53)     Dead                           Min: 0, Avg:  0.0, Max: 0, Diff: 0, Sum: 0, Workers: 4
[1362.062s][debug][gc,phases      ] GC(53)     Total                          Min: 0, Avg:  0.0, Max: 0, Diff: 0, Sum: 0, Workers: 4
[1362.062s][debug][gc,phases      ] GC(53)   Weak JFR Old Object Samples    Min:  0.0, Avg:  0.0, Max:  0.0, Diff:  0.0, Sum:  0.0, Workers: 4
[1362.062s][debug][gc,phases      ] GC(53)     Dead                           Min: 0, Avg:  0.0, Max: 0, Diff: 0, Sum: 0, Workers: 4
[1362.062s][debug][gc,phases      ] GC(53)     Total                          Min: 0, Avg:  0.0, Max: 0, Diff: 0, Sum: 0, Workers: 4
[1362.062s][debug][gc,phases      ] GC(53) Weak Processing 0.352ms
[1362.062s][debug][gc,age         ] GC(53) Desired survivor size 151519232 bytes, new threshold 15 (max threshold 15)
[1362.062s][info ][gc,heap        ] GC(53) PSYoungGen: 1742720K(1913344K)->1088K(1949184K) Eden: 1741824K(1741824K)->0K(1789952K) From: 896K(171520K)->1088K(159232K)
[1362.062s][info ][gc,heap        ] GC(53) ParOldGen: 317386K(393216K)->317394K(393216K)
[1362.062s][info ][gc,metaspace   ] GC(53) Metaspace: 77706K(78528K)->77706K(78528K) NonClass: 66554K(67008K)->66554K(67008K) Class: 11151K(11520K)->11151K(11520K)
[1362.062s][info ][gc             ] GC(53) Pause Young (Allocation Failure) 2011M->311M(2287M) 5.123ms
[1362.062s][info ][gc,cpu         ] GC(53) User=0.01s Sys=0.00s Real=0.00s
[1362.062s][info ][safepoint      ] Safepoint "ParallelGCFailedAllocation", Time since last: 6092972081 ns, Reaching safepoint: 40703 ns, At safepoint: 5219496 ns, Total: 5260199 ns
[1375.064s][info ][safepoint      ] Safepoint "Cleanup", Time since last: 13001743685 ns, Reaching safepoint: 39003 ns, At safepoint: 2700 ns, Total: 41703 ns
[1376.064s][info ][safepoint      ] Safepoint "Cleanup", Time since last: 1000128714 ns, Reaching safepoint: 43304 ns, At safepoint: 2700 ns, Total: 46004 ns
[1378.065s][info ][safepoint      ] Safepoint "Cleanup", Time since last: 2000179531 ns, Reaching safepoint: 58004 ns, At safepoint: 2701 ns, Total: 60705 ns
[1380.065s][info ][safepoint      ] Safepoint "Cleanup", Time since last: 2000163991 ns, Reaching safepoint: 47503 ns, At safepoint: 4501 ns, Total: 52004 ns
[1381.065s][info ][safepoint      ] Safepoint "Cleanup", Time since last: 1000112798 ns, Reaching safepoint: 42303 ns, At safepoint: 8400 ns, Total: 50703 ns
[1390.066s][info ][safepoint      ] Safepoint "Cleanup", Time since last: 9000643189 ns, Reaching safepoint: 42803 ns, At safepoint: 4100 ns, Total: 46903 ns
[1393.066s][info ][safepoint      ] Safepoint "Cleanup", Time since last: 3000244156 ns, Reaching safepoint: 44904 ns, At safepoint: 3100 ns, Total: 48004 ns
[1400.067s][info ][safepoint      ] Safepoint "Cleanup", Time since last: 7000449159 ns, Reaching safepoint: 98907 ns, At safepoint: 6601 ns, Total: 105508 ns
[1407.652s][info ][gc,start       ] GC(54) Pause Young (Allocation Failure)
[1407.654s][debug][gc,phases      ] GC(54) Scavenge 2.196ms
[1407.654s][debug][gc,ref         ] GC(54) Skipped phase 1 of Reference Processing: no references
[1407.654s][debug][gc,ref         ] GC(54) Skipped phase 2 of Reference Processing: no references
[1407.654s][debug][gc,ref         ] GC(54) Skipped phase 3 of Reference Processing: no references
[1407.654s][debug][gc,ref         ] GC(54) Skipped phase 4 of Reference Processing: no references
[1407.654s][debug][gc,phases      ] GC(54) Reference Processing 0.024ms
[1407.654s][debug][gc,phases      ] GC(54)   VM Weak                        Min:  0.0, Avg:  0.0, Max:  0.0, Diff:  0.0, Sum:  0.0, Workers: 4
[1407.654s][debug][gc,phases      ] GC(54)     Dead                           Min: 0, Avg:  0.0, Max: 0, Diff: 0, Sum: 0, Workers: 4
[1407.654s][debug][gc,phases      ] GC(54)     Total                          Min: 0, Avg: 173.5, Max: 566, Diff: 566, Sum: 694, Workers: 4
[1407.654s][debug][gc,phases      ] GC(54)   ObjectSynchronizer Weak        Min:  0.0, Avg:  0.0, Max:  0.0, Diff:  0.0, Sum:  0.0, Workers: 4
[1407.654s][debug][gc,phases      ] GC(54)     Dead                           Min: 0, Avg:  0.0, Max: 0, Diff: 0, Sum: 0, Workers: 4
[1407.654s][debug][gc,phases      ] GC(54)     Total                          Min: 0, Avg:  7.0, Max: 28, Diff: 28, Sum: 28, Workers: 4
[1407.654s][debug][gc,phases      ] GC(54)   JVMTI Tag Weak OopStorage      Min:  0.0, Avg:  0.0, Max:  0.0, Diff:  0.0, Sum:  0.0, Workers: 4
[1407.654s][debug][gc,phases      ] GC(54)     Dead                           Min: 0, Avg:  0.0, Max: 0, Diff: 0, Sum: 0, Workers: 4
[1407.654s][debug][gc,phases      ] GC(54)     Total                          Min: 0, Avg:  0.0, Max: 0, Diff: 0, Sum: 0, Workers: 4
[1407.654s][debug][gc,phases      ] GC(54)   StringTable Weak               Min:  0.0, Avg:  0.1, Max:  0.1, Diff:  0.1, Sum:  0.4, Workers: 4
[1407.654s][debug][gc,phases      ] GC(54)     Dead                           Min: 0, Avg:  0.0, Max: 0, Diff: 0, Sum: 0, Workers: 4
[1407.654s][debug][gc,phases      ] GC(54)     Total                          Min: 0, Avg: 10672.8, Max: 15747, Diff: 15747, Sum: 42691, Workers: 4
[1407.654s][debug][gc,phases      ] GC(54)   ResolvedMethodTable Weak       Min:  0.0, Avg:  0.0, Max:  0.0, Diff:  0.0, Sum:  0.1, Workers: 4
[1407.654s][debug][gc,phases      ] GC(54)     Dead                           Min: 0, Avg:  0.0, Max: 0, Diff: 0, Sum: 0, Workers: 4
[1407.654s][debug][gc,phases      ] GC(54)     Total                          Min: 0, Avg: 2080.0, Max: 3047, Diff: 3047, Sum: 8320, Workers: 4
[1407.654s][debug][gc,phases      ] GC(54)   JNI Weak                       Min:  0.0, Avg:  0.0, Max:  0.0, Diff:  0.0, Sum:  0.0, Workers: 4
[1407.654s][debug][gc,phases      ] GC(54)     Dead                           Min: 0, Avg:  0.0, Max: 0, Diff: 0, Sum: 0, Workers: 4
[1407.654s][debug][gc,phases      ] GC(54)     Total                          Min: 0, Avg: 11.2, Max: 45, Diff: 45, Sum: 45, Workers: 4
[1407.654s][debug][gc,phases      ] GC(54)   StringDedup Table Weak         Min:  0.0, Avg:  0.0, Max:  0.0, Diff:  0.0, Sum:  0.0, Workers: 4
[1407.654s][debug][gc,phases      ] GC(54)     Dead                           Min: 0, Avg:  0.0, Max: 0, Diff: 0, Sum: 0, Workers: 4
[1407.654s][debug][gc,phases      ] GC(54)     Total                          Min: 0, Avg:  0.0, Max: 0, Diff: 0, Sum: 0, Workers: 4
[1407.654s][debug][gc,phases      ] GC(54)   StringDedup Requests0 Weak     Min:  0.0, Avg:  0.0, Max:  0.0, Diff:  0.0, Sum:  0.0, Workers: 4
[1407.654s][debug][gc,phases      ] GC(54)     Dead                           Min: 0, Avg:  0.0, Max: 0, Diff: 0, Sum: 0, Workers: 4
[1407.654s][debug][gc,phases      ] GC(54)     Total                          Min: 0, Avg:  0.0, Max: 0, Diff: 0, Sum: 0, Workers: 4
[1407.654s][debug][gc,phases      ] GC(54)   StringDedup Requests1 Weak     Min:  0.0, Avg:  0.0, Max:  0.0, Diff:  0.0, Sum:  0.0, Workers: 4
[1407.654s][debug][gc,phases      ] GC(54)     Dead                           Min: 0, Avg:  0.0, Max: 0, Diff: 0, Sum: 0, Workers: 4
[1407.654s][debug][gc,phases      ] GC(54)     Total                          Min: 0, Avg:  0.0, Max: 0, Diff: 0, Sum: 0, Workers: 4
[1407.654s][debug][gc,phases      ] GC(54)   Weak JFR Old Object Samples    Min:  0.0, Avg:  0.0, Max:  0.0, Diff:  0.0, Sum:  0.0, Workers: 4
[1407.654s][debug][gc,phases      ] GC(54)     Dead                           Min: 0, Avg:  0.0, Max: 0, Diff: 0, Sum: 0, Workers: 4
[1407.654s][debug][gc,phases      ] GC(54)     Total                          Min: 0, Avg:  0.0, Max: 0, Diff: 0, Sum: 0, Workers: 4
[1407.654s][debug][gc,phases      ] GC(54) Weak Processing 0.420ms
[1407.654s][debug][gc,age         ] GC(54) Desired survivor size 141033472 bytes, new threshold 15 (max threshold 15)
[1407.654s][info ][gc,heap        ] GC(54) PSYoungGen: 1791040K(1949184K)->976K(1937920K) Eden: 1789952K(1789952K)->0K(1789952K) From: 1088K(159232K)->976K(147968K)
[1407.654s][info ][gc,heap        ] GC(54) ParOldGen: 317394K(393216K)->317402K(393216K)
[1407.654s][info ][gc,metaspace   ] GC(54) Metaspace: 77724K(78528K)->77724K(78528K) NonClass: 66572K(67008K)->66572K(67008K) Class: 11151K(11520K)->11151K(11520K)
[1407.654s][info ][gc             ] GC(54) Pause Young (Allocation Failure) 2059M->310M(2276M) 2.760ms
[1407.654s][info ][gc,cpu         ] GC(54) User=0.01s Sys=0.00s Real=0.00s
[1407.654s][info ][safepoint      ] Safepoint "ParallelGCFailedAllocation", Time since last: 7585069948 ns, Reaching safepoint: 22002 ns, At safepoint: 2839412 ns, Total: 2861414 ns
[1411.655s][info ][safepoint      ] Safepoint "Cleanup", Time since last: 4000276227 ns, Reaching safepoint: 61904 ns, At safepoint: 2500 ns, Total: 64404 ns
[1413.655s][info ][safepoint      ] Safepoint "Cleanup", Time since last: 2000172894 ns, Reaching safepoint: 45904 ns, At safepoint: 3000 ns, Total: 48904 ns
[1417.655s][info ][safepoint      ] Safepoint "Cleanup", Time since last: 4000309204 ns, Reaching safepoint: 57704 ns, At safepoint: 2801 ns, Total: 60505 ns
[1418.656s][info ][safepoint      ] Safepoint "Cleanup", Time since last: 1000110019 ns, Reaching safepoint: 42703 ns, At safepoint: 5801 ns, Total: 48504 ns
[1420.656s][info ][safepoint      ] Safepoint "Cleanup", Time since last: 2000202237 ns, Reaching safepoint: 38103 ns, At safepoint: 8901 ns, Total: 47004 ns
[1421.656s][info ][safepoint      ] Safepoint "Cleanup", Time since last: 1000101019 ns, Reaching safepoint: 40103 ns, At safepoint: 3800 ns, Total: 43903 ns
[1425.656s][info ][safepoint      ] Safepoint "Cleanup", Time since last: 4000277519 ns, Reaching safepoint: 41503 ns, At safepoint: 3501 ns, Total: 45004 ns
[1427.657s][info ][safepoint      ] Safepoint "Cleanup", Time since last: 2000189545 ns, Reaching safepoint: 113308 ns, At safepoint: 6501 ns, Total: 119809 ns
[1440.658s][info ][safepoint      ] Safepoint "Cleanup", Time since last: 13000898570 ns, Reaching safepoint: 106908 ns, At safepoint: 4600 ns, Total: 111508 ns
[1441.658s][info ][safepoint      ] Safepoint "Cleanup", Time since last: 1000132716 ns, Reaching safepoint: 120508 ns, At safepoint: 7101 ns, Total: 127609 ns
[1443.658s][info ][safepoint      ] Safepoint "Cleanup", Time since last: 2000187269 ns, Reaching safepoint: 111807 ns, At safepoint: 6001 ns, Total: 117808 ns
[1450.659s][info ][safepoint      ] Safepoint "Cleanup", Time since last: 7000887665 ns, Reaching safepoint: 107708 ns, At safepoint: 8500 ns, Total: 116208 ns
[1452.507s][info ][gc,start       ] GC(55) Pause Young (Allocation Failure)
[1452.509s][debug][gc,phases      ] GC(55) Scavenge 2.334ms
[1452.509s][debug][gc,ref         ] GC(55) Skipped phase 1 of Reference Processing: no references
[1452.509s][debug][gc,ref         ] GC(55) Skipped phase 2 of Reference Processing: no references
[1452.509s][debug][gc,ref         ] GC(55) Skipped phase 3 of Reference Processing: no references
[1452.509s][debug][gc,ref         ] GC(55) Skipped phase 4 of Reference Processing: no references
[1452.509s][debug][gc,phases      ] GC(55) Reference Processing 0.025ms
[1452.509s][debug][gc,phases      ] GC(55)   VM Weak                        Min:  0.0, Avg:  0.0, Max:  0.0, Diff:  0.0, Sum:  0.0, Workers: 4
[1452.509s][debug][gc,phases      ] GC(55)     Dead                           Min: 0, Avg:  0.0, Max: 0, Diff: 0, Sum: 0, Workers: 4
[1452.509s][debug][gc,phases      ] GC(55)     Total                          Min: 0, Avg: 173.5, Max: 448, Diff: 448, Sum: 694, Workers: 4
[1452.509s][debug][gc,phases      ] GC(55)   ObjectSynchronizer Weak        Min:  0.0, Avg:  0.0, Max:  0.0, Diff:  0.0, Sum:  0.0, Workers: 4
[1452.509s][debug][gc,phases      ] GC(55)     Dead                           Min: 0, Avg:  0.0, Max: 0, Diff: 0, Sum: 0, Workers: 4
[1452.509s][debug][gc,phases      ] GC(55)     Total                          Min: 0, Avg:  7.0, Max: 28, Diff: 28, Sum: 28, Workers: 4
[1452.509s][debug][gc,phases      ] GC(55)   JVMTI Tag Weak OopStorage      Min:  0.0, Avg:  0.0, Max:  0.0, Diff:  0.0, Sum:  0.0, Workers: 4
[1452.509s][debug][gc,phases      ] GC(55)     Dead                           Min: 0, Avg:  0.0, Max: 0, Diff: 0, Sum: 0, Workers: 4
[1452.509s][debug][gc,phases      ] GC(55)     Total                          Min: 0, Avg:  0.0, Max: 0, Diff: 0, Sum: 0, Workers: 4
[1452.509s][debug][gc,phases      ] GC(55)   StringTable Weak               Min:  0.0, Avg:  0.1, Max:  0.1, Diff:  0.1, Sum:  0.4, Workers: 4
[1452.509s][debug][gc,phases      ] GC(55)     Dead                           Min: 0, Avg:  0.0, Max: 0, Diff: 0, Sum: 0, Workers: 4
[1452.509s][debug][gc,phases      ] GC(55)     Total                          Min: 0, Avg: 10672.8, Max: 14528, Diff: 14528, Sum: 42691, Workers: 4
[1452.509s][debug][gc,phases      ] GC(55)   ResolvedMethodTable Weak       Min:  0.0, Avg:  0.0, Max:  0.0, Diff:  0.0, Sum:  0.1, Workers: 4
[1452.509s][debug][gc,phases      ] GC(55)     Dead                           Min: 0, Avg:  0.0, Max: 0, Diff: 0, Sum: 0, Workers: 4
[1452.509s][debug][gc,phases      ] GC(55)     Total                          Min: 0, Avg: 2080.0, Max: 3047, Diff: 3047, Sum: 8320, Workers: 4
[1452.509s][debug][gc,phases      ] GC(55)   JNI Weak                       Min:  0.0, Avg:  0.0, Max:  0.0, Diff:  0.0, Sum:  0.0, Workers: 4
[1452.509s][debug][gc,phases      ] GC(55)     Dead                           Min: 0, Avg:  0.0, Max: 0, Diff: 0, Sum: 0, Workers: 4
[1452.509s][debug][gc,phases      ] GC(55)     Total                          Min: 0, Avg: 11.2, Max: 45, Diff: 45, Sum: 45, Workers: 4
[1452.509s][debug][gc,phases      ] GC(55)   StringDedup Table Weak         Min:  0.0, Avg:  0.0, Max:  0.0, Diff:  0.0, Sum:  0.0, Workers: 4
[1452.509s][debug][gc,phases      ] GC(55)     Dead                           Min: 0, Avg:  0.0, Max: 0, Diff: 0, Sum: 0, Workers: 4
[1452.509s][debug][gc,phases      ] GC(55)     Total                          Min: 0, Avg:  0.0, Max: 0, Diff: 0, Sum: 0, Workers: 4
[1452.509s][debug][gc,phases      ] GC(55)   StringDedup Requests0 Weak     Min:  0.0, Avg:  0.0, Max:  0.0, Diff:  0.0, Sum:  0.0, Workers: 4
[1452.509s][debug][gc,phases      ] GC(55)     Dead                           Min: 0, Avg:  0.0, Max: 0, Diff: 0, Sum: 0, Workers: 4
[1452.509s][debug][gc,phases      ] GC(55)     Total                          Min: 0, Avg:  0.0, Max: 0, Diff: 0, Sum: 0, Workers: 4
[1452.509s][debug][gc,phases      ] GC(55)   StringDedup Requests1 Weak     Min:  0.0, Avg:  0.0, Max:  0.0, Diff:  0.0, Sum:  0.0, Workers: 4
[1452.509s][debug][gc,phases      ] GC(55)     Dead                           Min: 0, Avg:  0.0, Max: 0, Diff: 0, Sum: 0, Workers: 4
[1452.509s][debug][gc,phases      ] GC(55)     Total                          Min: 0, Avg:  0.0, Max: 0, Diff: 0, Sum: 0, Workers: 4
[1452.509s][debug][gc,phases      ] GC(55)   Weak JFR Old Object Samples    Min:  0.0, Avg:  0.0, Max:  0.0, Diff:  0.0, Sum:  0.0, Workers: 4
[1452.509s][debug][gc,phases      ] GC(55)     Dead                           Min: 0, Avg:  0.0, Max: 0, Diff: 0, Sum: 0, Workers: 4
[1452.509s][debug][gc,phases      ] GC(55)     Total                          Min: 0, Avg:  0.0, Max: 0, Diff: 0, Sum: 0, Workers: 4
[1452.509s][debug][gc,phases      ] GC(55) Weak Processing 0.354ms
[1452.509s][debug][gc,age         ] GC(55) Desired survivor size 130547712 bytes, new threshold 15 (max threshold 15)
[1452.509s][info ][gc,heap        ] GC(55) PSYoungGen: 1790928K(1937920K)->976K(1969664K) Eden: 1789952K(1789952K)->0K(1831936K) From: 976K(147968K)->976K(137728K)
[1452.509s][info ][gc,heap        ] GC(55) ParOldGen: 317402K(393216K)->317410K(393216K)
[1452.509s][info ][gc,metaspace   ] GC(55) Metaspace: 77743K(78528K)->77743K(78528K) NonClass: 66591K(67008K)->66591K(67008K) Class: 11151K(11520K)->11151K(11520K)
[1452.509s][info ][gc             ] GC(55) Pause Young (Allocation Failure) 2058M->310M(2307M) 2.837ms
[1452.509s][info ][gc,cpu         ] GC(55) User=0.01s Sys=0.00s Real=0.01s
[1452.509s][info ][safepoint      ] Safepoint "ParallelGCFailedAllocation", Time since last: 1847380877 ns, Reaching safepoint: 35803 ns, At safepoint: 2910306 ns, Total: 2946109 ns
[1455.510s][info ][safepoint      ] Safepoint "Cleanup", Time since last: 3000195210 ns, Reaching safepoint: 120409 ns, At safepoint: 6700 ns, Total: 127109 ns
[1475.511s][info ][safepoint      ] Safepoint "Cleanup", Time since last: 20001427090 ns, Reaching safepoint: 53304 ns, At safepoint: 4100 ns, Total: 57404 ns
[1478.512s][info ][safepoint      ] Safepoint "Cleanup", Time since last: 3000253321 ns, Reaching safepoint: 43503 ns, At safepoint: 2500 ns, Total: 46003 ns
[1480.512s][info ][safepoint      ] Safepoint "Cleanup", Time since last: 2000183982 ns, Reaching safepoint: 49703 ns, At safepoint: 5601 ns, Total: 55304 ns
[1485.512s][info ][safepoint      ] Safepoint "Cleanup", Time since last: 5000371420 ns, Reaching safepoint: 47304 ns, At safepoint: 3600 ns, Total: 50904 ns
[1489.513s][info ][safepoint      ] Safepoint "Cleanup", Time since last: 4000266343 ns, Reaching safepoint: 62204 ns, At safepoint: 3601 ns, Total: 65805 ns
[1490.513s][info ][safepoint      ] Safepoint "Cleanup", Time since last: 1000096364 ns, Reaching safepoint: 91007 ns, At safepoint: 6900 ns, Total: 97907 ns
[1493.513s][info ][safepoint      ] Safepoint "Cleanup", Time since last: 3000190230 ns, Reaching safepoint: 42403 ns, At safepoint: 3400 ns, Total: 45803 ns
[1494.513s][info ][safepoint      ] Safepoint "Cleanup", Time since last: 1000101946 ns, Reaching safepoint: 64505 ns, At safepoint: 3100 ns, Total: 67605 ns
[1495.513s][info ][safepoint      ] Safepoint "Cleanup", Time since last: 1000116547 ns, Reaching safepoint: 40103 ns, At safepoint: 2100 ns, Total: 42203 ns
[1499.008s][info ][gc,start       ] GC(56) Pause Young (Allocation Failure)
[1499.010s][debug][gc,phases      ] GC(56) Scavenge 2.321ms
[1499.010s][debug][gc,ref         ] GC(56) Skipped phase 1 of Reference Processing: no references
[1499.010s][debug][gc,ref         ] GC(56) ReferenceProcessor::execute queues: 1, RefProcThreadModel::Single, marks_oops_alive: false
[1499.010s][debug][gc,ref         ] GC(56) Skipped phase 3 of Reference Processing: no references
[1499.010s][debug][gc,ref         ] GC(56) ReferenceProcessor::execute queues: 1, RefProcThreadModel::Single, marks_oops_alive: false
[1499.010s][debug][gc,phases      ] GC(56) Reference Processing 0.103ms
[1499.011s][debug][gc,phases      ] GC(56)   VM Weak                        Min:  0.0, Avg:  0.0, Max:  0.0, Diff:  0.0, Sum:  0.0, Workers: 4
[1499.011s][debug][gc,phases      ] GC(56)     Dead                           Min: 0, Avg:  0.0, Max: 0, Diff: 0, Sum: 0, Workers: 4
[1499.011s][debug][gc,phases      ] GC(56)     Total                          Min: 0, Avg: 173.5, Max: 448, Diff: 448, Sum: 694, Workers: 4
[1499.011s][debug][gc,phases      ] GC(56)   ObjectSynchronizer Weak        Min:  0.0, Avg:  0.0, Max:  0.0, Diff:  0.0, Sum:  0.0, Workers: 4
[1499.011s][debug][gc,phases      ] GC(56)     Dead                           Min: 0, Avg:  0.0, Max: 0, Diff: 0, Sum: 0, Workers: 4
[1499.011s][debug][gc,phases      ] GC(56)     Total                          Min: 0, Avg:  7.0, Max: 28, Diff: 28, Sum: 28, Workers: 4
[1499.011s][debug][gc,phases      ] GC(56)   JVMTI Tag Weak OopStorage      Min:  0.0, Avg:  0.0, Max:  0.0, Diff:  0.0, Sum:  0.0, Workers: 4
[1499.011s][debug][gc,phases      ] GC(56)     Dead                           Min: 0, Avg:  0.0, Max: 0, Diff: 0, Sum: 0, Workers: 4
[1499.011s][debug][gc,phases      ] GC(56)     Total                          Min: 0, Avg:  0.0, Max: 0, Diff: 0, Sum: 0, Workers: 4
[1499.011s][debug][gc,phases      ] GC(56)   StringTable Weak               Min:  0.0, Avg:  0.1, Max:  0.1, Diff:  0.1, Sum:  0.4, Workers: 4
[1499.011s][debug][gc,phases      ] GC(56)     Dead                           Min: 0, Avg:  0.2, Max: 1, Diff: 1, Sum: 1, Workers: 4
[1499.011s][debug][gc,phases      ] GC(56)     Total                          Min: 0, Avg: 10688.2, Max: 15425, Diff: 15425, Sum: 42753, Workers: 4
[1499.011s][debug][gc,phases      ] GC(56)   ResolvedMethodTable Weak       Min:  0.0, Avg:  0.0, Max:  0.0, Diff:  0.0, Sum:  0.1, Workers: 4
[1499.011s][debug][gc,phases      ] GC(56)     Dead                           Min: 0, Avg:  0.0, Max: 0, Diff: 0, Sum: 0, Workers: 4
[1499.011s][debug][gc,phases      ] GC(56)     Total                          Min: 0, Avg: 2082.2, Max: 3119, Diff: 3119, Sum: 8329, Workers: 4
[1499.011s][debug][gc,phases      ] GC(56)   JNI Weak                       Min:  0.0, Avg:  0.0, Max:  0.0, Diff:  0.0, Sum:  0.0, Workers: 4
[1499.011s][debug][gc,phases      ] GC(56)     Dead                           Min: 0, Avg:  0.0, Max: 0, Diff: 0, Sum: 0, Workers: 4
[1499.011s][debug][gc,phases      ] GC(56)     Total                          Min: 0, Avg: 11.2, Max: 45, Diff: 45, Sum: 45, Workers: 4
[1499.011s][debug][gc,phases      ] GC(56)   StringDedup Table Weak         Min:  0.0, Avg:  0.0, Max:  0.0, Diff:  0.0, Sum:  0.0, Workers: 4
[1499.011s][debug][gc,phases      ] GC(56)     Dead                           Min: 0, Avg:  0.0, Max: 0, Diff: 0, Sum: 0, Workers: 4
[1499.011s][debug][gc,phases      ] GC(56)     Total                          Min: 0, Avg:  0.0, Max: 0, Diff: 0, Sum: 0, Workers: 4
[1499.011s][debug][gc,phases      ] GC(56)   StringDedup Requests0 Weak     Min:  0.0, Avg:  0.0, Max:  0.0, Diff:  0.0, Sum:  0.0, Workers: 4
[1499.011s][debug][gc,phases      ] GC(56)     Dead                           Min: 0, Avg:  0.0, Max: 0, Diff: 0, Sum: 0, Workers: 4
[1499.011s][debug][gc,phases      ] GC(56)     Total                          Min: 0, Avg:  0.0, Max: 0, Diff: 0, Sum: 0, Workers: 4
[1499.011s][debug][gc,phases      ] GC(56)   StringDedup Requests1 Weak     Min:  0.0, Avg:  0.0, Max:  0.0, Diff:  0.0, Sum:  0.0, Workers: 4
[1499.011s][debug][gc,phases      ] GC(56)     Dead                           Min: 0, Avg:  0.0, Max: 0, Diff: 0, Sum: 0, Workers: 4
[1499.011s][debug][gc,phases      ] GC(56)     Total                          Min: 0, Avg:  0.0, Max: 0, Diff: 0, Sum: 0, Workers: 4
[1499.011s][debug][gc,phases      ] GC(56)   Weak JFR Old Object Samples    Min:  0.0, Avg:  0.0, Max:  0.0, Diff:  0.0, Sum:  0.0, Workers: 4
[1499.011s][debug][gc,phases      ] GC(56)     Dead                           Min: 0, Avg:  0.0, Max: 0, Diff: 0, Sum: 0, Workers: 4
[1499.011s][debug][gc,phases      ] GC(56)     Total                          Min: 0, Avg:  0.0, Max: 0, Diff: 0, Sum: 0, Workers: 4
[1499.011s][debug][gc,phases      ] GC(56) Weak Processing 0.374ms
[1499.011s][debug][gc,age         ] GC(56) Desired survivor size 121110528 bytes, new threshold 15 (max threshold 15)
[1499.011s][info ][gc,heap        ] GC(56) PSYoungGen: 1832912K(1969664K)->992K(1959424K) Eden: 1831936K(1831936K)->0K(1831936K) From: 976K(137728K)->992K(127488K)
[1499.011s][info ][gc,heap        ] GC(56) ParOldGen: 317410K(393216K)->317426K(393216K)
[1499.011s][info ][gc,metaspace   ] GC(56) Metaspace: 77805K(78592K)->77805K(78592K) NonClass: 66646K(67072K)->66646K(67072K) Class: 11158K(11520K)->11158K(11520K)
[1499.011s][info ][gc             ] GC(56) Pause Young (Allocation Failure) 2099M->310M(2297M) 2.925ms
[1499.011s][info ][gc,cpu         ] GC(56) User=0.01s Sys=0.00s Real=0.01s
[1499.011s][info ][safepoint      ] Safepoint "ParallelGCFailedAllocation", Time since last: 3494449175 ns, Reaching safepoint: 39003 ns, At safepoint: 2996816 ns, Total: 3035819 ns
[1500.011s][info ][safepoint      ] Safepoint "Cleanup", Time since last: 1000082300 ns, Reaching safepoint: 49704 ns, At safepoint: 3300 ns, Total: 53004 ns
[1501.011s][info ][safepoint      ] Safepoint "Cleanup", Time since last: 1000104303 ns, Reaching safepoint: 52103 ns, At safepoint: 2701 ns, Total: 54804 ns
[1507.012s][info ][safepoint      ] Safepoint "Cleanup", Time since last: 6000416312 ns, Reaching safepoint: 46403 ns, At safepoint: 2900 ns, Total: 49303 ns
[1516.012s][info ][safepoint      ] Safepoint "Cleanup", Time since last: 9000641687 ns, Reaching safepoint: 52604 ns, At safepoint: 6401 ns, Total: 59005 ns
[1518.012s][info ][safepoint      ] Safepoint "Cleanup", Time since last: 2000189568 ns, Reaching safepoint: 34202 ns, At safepoint: 3001 ns, Total: 37203 ns
[1523.013s][info ][safepoint      ] Safepoint "Cleanup", Time since last: 5000376875 ns, Reaching safepoint: 40003 ns, At safepoint: 2500 ns, Total: 42503 ns
[1527.013s][info ][safepoint      ] Safepoint "Cleanup", Time since last: 4000309956 ns, Reaching safepoint: 58304 ns, At safepoint: 3200 ns, Total: 61504 ns
[1528.013s][info ][safepoint      ] Safepoint "Cleanup", Time since last: 1000108516 ns, Reaching safepoint: 41603 ns, At safepoint: 3401 ns, Total: 45004 ns
[1540.014s][info ][safepoint      ] Safepoint "Cleanup", Time since last: 12000821787 ns, Reaching safepoint: 44103 ns, At safepoint: 26402 ns, Total: 70505 ns
[1545.008s][info ][gc,start       ] GC(57) Pause Young (Allocation Failure)
[1545.010s][debug][gc,phases      ] GC(57) Scavenge 2.333ms
[1545.010s][debug][gc,ref         ] GC(57) Skipped phase 1 of Reference Processing: no references
[1545.010s][debug][gc,ref         ] GC(57) ReferenceProcessor::execute queues: 1, RefProcThreadModel::Single, marks_oops_alive: false
[1545.010s][debug][gc,ref         ] GC(57) Skipped phase 3 of Reference Processing: no references
[1545.010s][debug][gc,ref         ] GC(57) Skipped phase 4 of Reference Processing: no references
[1545.010s][debug][gc,phases      ] GC(57) Reference Processing 0.104ms
[1545.010s][debug][gc,phases      ] GC(57)   VM Weak                        Min:  0.0, Avg:  0.0, Max:  0.0, Diff:  0.0, Sum:  0.0, Workers: 4
[1545.010s][debug][gc,phases      ] GC(57)     Dead                           Min: 0, Avg:  0.0, Max: 0, Diff: 0, Sum: 0, Workers: 4
[1545.010s][debug][gc,phases      ] GC(57)     Total                          Min: 0, Avg: 173.5, Max: 448, Diff: 448, Sum: 694, Workers: 4
[1545.010s][debug][gc,phases      ] GC(57)   ObjectSynchronizer Weak        Min:  0.0, Avg:  0.0, Max:  0.0, Diff:  0.0, Sum:  0.0, Workers: 4
[1545.010s][debug][gc,phases      ] GC(57)     Dead                           Min: 0, Avg:  0.0, Max: 0, Diff: 0, Sum: 0, Workers: 4
[1545.010s][debug][gc,phases      ] GC(57)     Total                          Min: 0, Avg:  7.0, Max: 28, Diff: 28, Sum: 28, Workers: 4
[1545.010s][debug][gc,phases      ] GC(57)   JVMTI Tag Weak OopStorage      Min:  0.0, Avg:  0.0, Max:  0.0, Diff:  0.0, Sum:  0.0, Workers: 4
[1545.010s][debug][gc,phases      ] GC(57)     Dead                           Min: 0, Avg:  0.0, Max: 0, Diff: 0, Sum: 0, Workers: 4
[1545.010s][debug][gc,phases      ] GC(57)     Total                          Min: 0, Avg:  0.0, Max: 0, Diff: 0, Sum: 0, Workers: 4
[1545.010s][debug][gc,phases      ] GC(57)   StringTable Weak               Min:  0.1, Avg:  0.1, Max:  0.1, Diff:  0.0, Sum:  0.4, Workers: 4
[1545.010s][debug][gc,phases      ] GC(57)     Dead                           Min: 0, Avg:  0.0, Max: 0, Diff: 0, Sum: 0, Workers: 4
[1545.010s][debug][gc,phases      ] GC(57)     Total                          Min: 9600, Avg: 10689.0, Max: 11972, Diff: 2372, Sum: 42756, Workers: 4
[1545.010s][debug][gc,phases      ] GC(57)   ResolvedMethodTable Weak       Min:  0.0, Avg:  0.0, Max:  0.0, Diff:  0.0, Sum:  0.1, Workers: 4
[1545.010s][debug][gc,phases      ] GC(57)     Dead                           Min: 0, Avg:  0.0, Max: 0, Diff: 0, Sum: 0, Workers: 4
[1545.010s][debug][gc,phases      ] GC(57)     Total                          Min: 1949, Avg: 2082.2, Max: 2224, Diff: 275, Sum: 8329, Workers: 4
[1545.010s][debug][gc,phases      ] GC(57)   JNI Weak                       Min:  0.0, Avg:  0.0, Max:  0.0, Diff:  0.0, Sum:  0.0, Workers: 4
[1545.010s][debug][gc,phases      ] GC(57)     Dead                           Min: 0, Avg:  0.0, Max: 0, Diff: 0, Sum: 0, Workers: 4
[1545.010s][debug][gc,phases      ] GC(57)     Total                          Min: 0, Avg: 11.2, Max: 45, Diff: 45, Sum: 45, Workers: 4
[1545.010s][debug][gc,phases      ] GC(57)   StringDedup Table Weak         Min:  0.0, Avg:  0.0, Max:  0.0, Diff:  0.0, Sum:  0.0, Workers: 4
[1545.010s][debug][gc,phases      ] GC(57)     Dead                           Min: 0, Avg:  0.0, Max: 0, Diff: 0, Sum: 0, Workers: 4
[1545.010s][debug][gc,phases      ] GC(57)     Total                          Min: 0, Avg:  0.0, Max: 0, Diff: 0, Sum: 0, Workers: 4
[1545.010s][debug][gc,phases      ] GC(57)   StringDedup Requests0 Weak     Min:  0.0, Avg:  0.0, Max:  0.0, Diff:  0.0, Sum:  0.0, Workers: 4
[1545.010s][debug][gc,phases      ] GC(57)     Dead                           Min: 0, Avg:  0.0, Max: 0, Diff: 0, Sum: 0, Workers: 4
[1545.010s][debug][gc,phases      ] GC(57)     Total                          Min: 0, Avg:  0.0, Max: 0, Diff: 0, Sum: 0, Workers: 4
[1545.010s][debug][gc,phases      ] GC(57)   StringDedup Requests1 Weak     Min:  0.0, Avg:  0.0, Max:  0.0, Diff:  0.0, Sum:  0.0, Workers: 4
[1545.010s][debug][gc,phases      ] GC(57)     Dead                           Min: 0, Avg:  0.0, Max: 0, Diff: 0, Sum: 0, Workers: 4
[1545.010s][debug][gc,phases      ] GC(57)     Total                          Min: 0, Avg:  0.0, Max: 0, Diff: 0, Sum: 0, Workers: 4
[1545.010s][debug][gc,phases      ] GC(57)   Weak JFR Old Object Samples    Min:  0.0, Avg:  0.0, Max:  0.0, Diff:  0.0, Sum:  0.0, Workers: 4
[1545.010s][debug][gc,phases      ] GC(57)     Dead                           Min: 0, Avg:  0.0, Max: 0, Diff: 0, Sum: 0, Workers: 4
[1545.010s][debug][gc,phases      ] GC(57)     Total                          Min: 0, Avg:  0.0, Max: 0, Diff: 0, Sum: 0, Workers: 4
[1545.010s][debug][gc,phases      ] GC(57) Weak Processing 0.293ms
[1545.010s][debug][gc,age         ] GC(57) Desired survivor size 112197632 bytes, new threshold 15 (max threshold 15)
[1545.010s][info ][gc,heap        ] GC(57) PSYoungGen: 1832928K(1959424K)->976K(1987584K) Eden: 1831936K(1831936K)->0K(1869312K) From: 992K(127488K)->976K(118272K)
[1545.010s][info ][gc,heap        ] GC(57) ParOldGen: 317426K(393216K)->317434K(393216K)
[1545.010s][info ][gc,metaspace   ] GC(57) Metaspace: 77819K(78656K)->77819K(78656K) NonClass: 66660K(67136K)->66660K(67136K) Class: 11158K(11520K)->11158K(11520K)
[1545.010s][info ][gc             ] GC(57) Pause Young (Allocation Failure) 2099M->310M(2325M) 2.870ms
[1545.010s][info ][gc,cpu         ] GC(57) User=0.01s Sys=0.00s Real=0.01s
[1545.010s][info ][safepoint      ] Safepoint "ParallelGCFailedAllocation", Time since last: 4993059565 ns, Reaching safepoint: 88206 ns, At safepoint: 2947211 ns, Total: 3035417 ns
[1552.011s][info ][safepoint      ] Safepoint "Cleanup", Time since last: 7000492452 ns, Reaching safepoint: 50203 ns, At safepoint: 3000 ns, Total: 53203 ns
[1560.012s][info ][safepoint      ] Safepoint "Cleanup", Time since last: 8000576711 ns, Reaching safepoint: 48603 ns, At safepoint: 5201 ns, Total: 53804 ns
[1564.012s][info ][safepoint      ] Safepoint "Cleanup", Time since last: 4000321884 ns, Reaching safepoint: 61305 ns, At safepoint: 4500 ns, Total: 65805 ns
[1567.012s][info ][safepoint      ] Safepoint "Cleanup", Time since last: 3000205728 ns, Reaching safepoint: 52603 ns, At safepoint: 3301 ns, Total: 55904 ns
[1579.354s][info ][safepoint      ] Safepoint "Cleanup", Time since last: 12341389898 ns, Reaching safepoint: 56904 ns, At safepoint: 2801 ns, Total: 59705 ns
[1586.354s][info ][safepoint      ] Safepoint "Cleanup", Time since last: 7000409419 ns, Reaching safepoint: 56904 ns, At safepoint: 2700 ns, Total: 59604 ns
[1587.354s][info ][safepoint      ] Safepoint "Cleanup", Time since last: 1000124565 ns, Reaching safepoint: 38403 ns, At safepoint: 4900 ns, Total: 43303 ns
[1588.355s][info ][safepoint      ] Safepoint "Cleanup", Time since last: 1000115365 ns, Reaching safepoint: 124309 ns, At safepoint: 5000 ns, Total: 129309 ns
[1589.355s][info ][safepoint      ] Safepoint "Cleanup", Time since last: 1000100964 ns, Reaching safepoint: 53604 ns, At safepoint: 3300 ns, Total: 56904 ns
[1590.355s][info ][safepoint      ] Safepoint "Cleanup", Time since last: 1000114264 ns, Reaching safepoint: 48704 ns, At safepoint: 3200 ns, Total: 51904 ns
[1591.294s][info ][gc,start       ] GC(58) Pause Young (Allocation Failure)
[1591.298s][debug][gc,phases      ] GC(58) Scavenge 3.883ms
[1591.298s][debug][gc,ref         ] GC(58) Skipped phase 1 of Reference Processing: no references
[1591.298s][debug][gc,ref         ] GC(58) ReferenceProcessor::execute queues: 1, RefProcThreadModel::Single, marks_oops_alive: false
[1591.298s][debug][gc,ref         ] GC(58) Skipped phase 3 of Reference Processing: no references
[1591.298s][debug][gc,ref         ] GC(58) ReferenceProcessor::execute queues: 1, RefProcThreadModel::Single, marks_oops_alive: false
[1591.298s][debug][gc,phases      ] GC(58) Reference Processing 0.102ms
[1591.298s][debug][gc,phases      ] GC(58)   VM Weak                        Min:  0.0, Avg:  0.0, Max:  0.0, Diff:  0.0, Sum:  0.0, Workers: 4
[1591.298s][debug][gc,phases      ] GC(58)     Dead                           Min: 0, Avg:  0.0, Max: 0, Diff: 0, Sum: 0, Workers: 4
[1591.298s][debug][gc,phases      ] GC(58)     Total                          Min: 0, Avg: 174.8, Max: 448, Diff: 448, Sum: 699, Workers: 4
[1591.298s][debug][gc,phases      ] GC(58)   ObjectSynchronizer Weak        Min:  0.0, Avg:  0.0, Max:  0.0, Diff:  0.0, Sum:  0.0, Workers: 4
[1591.298s][debug][gc,phases      ] GC(58)     Dead                           Min: 0, Avg:  0.0, Max: 0, Diff: 0, Sum: 0, Workers: 4
[1591.298s][debug][gc,phases      ] GC(58)     Total                          Min: 0, Avg:  7.0, Max: 28, Diff: 28, Sum: 28, Workers: 4
[1591.298s][debug][gc,phases      ] GC(58)   JVMTI Tag Weak OopStorage      Min:  0.0, Avg:  0.0, Max:  0.0, Diff:  0.0, Sum:  0.0, Workers: 4
[1591.298s][debug][gc,phases      ] GC(58)     Dead                           Min: 0, Avg:  0.0, Max: 0, Diff: 0, Sum: 0, Workers: 4
[1591.298s][debug][gc,phases      ] GC(58)     Total                          Min: 0, Avg:  0.0, Max: 0, Diff: 0, Sum: 0, Workers: 4
[1591.298s][debug][gc,phases      ] GC(58)   StringTable Weak               Min:  0.0, Avg:  0.1, Max:  0.1, Diff:  0.1, Sum:  0.4, Workers: 4
[1591.298s][debug][gc,phases      ] GC(58)     Dead                           Min: 0, Avg:  0.0, Max: 0, Diff: 0, Sum: 0, Workers: 4
[1591.298s][debug][gc,phases      ] GC(58)     Total                          Min: 0, Avg: 10691.8, Max: 15680, Diff: 15680, Sum: 42767, Workers: 4
[1591.298s][debug][gc,phases      ] GC(58)   ResolvedMethodTable Weak       Min:  0.0, Avg:  0.0, Max:  0.0, Diff:  0.0, Sum:  0.1, Workers: 4
[1591.298s][debug][gc,phases      ] GC(58)     Dead                           Min: 0, Avg:  0.0, Max: 0, Diff: 0, Sum: 0, Workers: 4
[1591.298s][debug][gc,phases      ] GC(58)     Total                          Min: 0, Avg: 2086.2, Max: 3004, Diff: 3004, Sum: 8345, Workers: 4
[1591.298s][debug][gc,phases      ] GC(58)   JNI Weak                       Min:  0.0, Avg:  0.0, Max:  0.0, Diff:  0.0, Sum:  0.0, Workers: 4
[1591.298s][debug][gc,phases      ] GC(58)     Dead                           Min: 0, Avg:  0.0, Max: 0, Diff: 0, Sum: 0, Workers: 4
[1591.298s][debug][gc,phases      ] GC(58)     Total                          Min: 0, Avg: 11.2, Max: 45, Diff: 45, Sum: 45, Workers: 4
[1591.298s][debug][gc,phases      ] GC(58)   StringDedup Table Weak         Min:  0.0, Avg:  0.0, Max:  0.0, Diff:  0.0, Sum:  0.0, Workers: 4
[1591.298s][debug][gc,phases      ] GC(58)     Dead                           Min: 0, Avg:  0.0, Max: 0, Diff: 0, Sum: 0, Workers: 4
[1591.298s][debug][gc,phases      ] GC(58)     Total                          Min: 0, Avg:  0.0, Max: 0, Diff: 0, Sum: 0, Workers: 4
[1591.298s][debug][gc,phases      ] GC(58)   StringDedup Requests0 Weak     Min:  0.0, Avg:  0.0, Max:  0.0, Diff:  0.0, Sum:  0.0, Workers: 4
[1591.298s][debug][gc,phases      ] GC(58)     Dead                           Min: 0, Avg:  0.0, Max: 0, Diff: 0, Sum: 0, Workers: 4
[1591.298s][debug][gc,phases      ] GC(58)     Total                          Min: 0, Avg:  0.0, Max: 0, Diff: 0, Sum: 0, Workers: 4
[1591.298s][debug][gc,phases      ] GC(58)   StringDedup Requests1 Weak     Min:  0.0, Avg:  0.0, Max:  0.0, Diff:  0.0, Sum:  0.0, Workers: 4
[1591.298s][debug][gc,phases      ] GC(58)     Dead                           Min: 0, Avg:  0.0, Max: 0, Diff: 0, Sum: 0, Workers: 4
[1591.298s][debug][gc,phases      ] GC(58)     Total                          Min: 0, Avg:  0.0, Max: 0, Diff: 0, Sum: 0, Workers: 4
[1591.298s][debug][gc,phases      ] GC(58)   Weak JFR Old Object Samples    Min:  0.0, Avg:  0.0, Max:  0.0, Diff:  0.0, Sum:  0.0, Workers: 4
[1591.298s][debug][gc,phases      ] GC(58)     Dead                           Min: 0, Avg:  0.0, Max: 0, Diff: 0, Sum: 0, Workers: 4
[1591.298s][debug][gc,phases      ] GC(58)     Total                          Min: 0, Avg:  0.0, Max: 0, Diff: 0, Sum: 0, Workers: 4
[1591.298s][debug][gc,phases      ] GC(58) Weak Processing 0.382ms
[1591.298s][debug][gc,age         ] GC(58) Desired survivor size 103809024 bytes, new threshold 15 (max threshold 15)
[1591.298s][info ][gc,heap        ] GC(58) PSYoungGen: 1870288K(1987584K)->960K(1978880K) Eden: 1869312K(1869312K)->0K(1869312K) From: 976K(118272K)->960K(109568K)
[1591.298s][info ][gc,heap        ] GC(58) ParOldGen: 317434K(393216K)->317450K(393216K)
[1591.298s][info ][gc,metaspace   ] GC(58) Metaspace: 77836K(78656K)->77836K(78656K) NonClass: 66673K(67136K)->66673K(67136K) Class: 11163K(11520K)->11163K(11520K)
[1591.298s][info ][gc             ] GC(58) Pause Young (Allocation Failure) 2136M->310M(2316M) 4.499ms
[1591.298s][info ][gc,cpu         ] GC(58) User=0.02s Sys=0.00s Real=0.01s
[1591.299s][info ][safepoint      ] Safepoint "ParallelGCFailedAllocation", Time since last: 938984196 ns, Reaching safepoint: 37903 ns, At safepoint: 4579227 ns, Total: 4617130 ns
[1595.299s][info ][safepoint      ] Safepoint "Cleanup", Time since last: 4000258852 ns, Reaching safepoint: 44403 ns, At safepoint: 3900 ns, Total: 48303 ns
[1599.299s][info ][safepoint      ] Safepoint "Cleanup", Time since last: 4000295062 ns, Reaching safepoint: 50803 ns, At safepoint: 3800 ns, Total: 54603 ns
[1608.300s][info ][safepoint      ] Safepoint "Cleanup", Time since last: 9000615046 ns, Reaching safepoint: 33502 ns, At safepoint: 3001 ns, Total: 36503 ns
[1610.300s][info ][safepoint      ] Safepoint "Cleanup", Time since last: 2000296064 ns, Reaching safepoint: 75505 ns, At safepoint: 5200 ns, Total: 80705 ns
[1611.300s][info ][safepoint      ] Safepoint "Cleanup", Time since last: 1000132236 ns, Reaching safepoint: 45703 ns, At safepoint: 3601 ns, Total: 49304 ns
[1616.301s][info ][safepoint      ] Safepoint "Cleanup", Time since last: 5000397345 ns, Reaching safepoint: 76006 ns, At safepoint: 6400 ns, Total: 82406 ns
[1624.301s][info ][safepoint      ] Safepoint "Cleanup", Time since last: 8000568899 ns, Reaching safepoint: 48103 ns, At safepoint: 2901 ns, Total: 51004 ns
[1629.302s][info ][safepoint      ] Safepoint "Cleanup", Time since last: 5000398875 ns, Reaching safepoint: 63304 ns, At safepoint: 6801 ns, Total: 70105 ns
[1640.207s][info ][gc,start       ] GC(59) Pause Young (Allocation Failure)
[1640.210s][debug][gc,phases      ] GC(59) Scavenge 3.166ms
[1640.210s][debug][gc,ref         ] GC(59) Skipped phase 1 of Reference Processing: no references
[1640.210s][debug][gc,ref         ] GC(59) ReferenceProcessor::execute queues: 1, RefProcThreadModel::Single, marks_oops_alive: false
[1640.210s][debug][gc,ref         ] GC(59) Skipped phase 3 of Reference Processing: no references
[1640.210s][debug][gc,ref         ] GC(59) Skipped phase 4 of Reference Processing: no references
[1640.210s][debug][gc,phases      ] GC(59) Reference Processing 0.101ms
[1640.210s][debug][gc,phases      ] GC(59)   VM Weak                        Min:  0.0, Avg:  0.0, Max:  0.0, Diff:  0.0, Sum:  0.0, Workers: 4
[1640.210s][debug][gc,phases      ] GC(59)     Dead                           Min: 0, Avg:  0.0, Max: 0, Diff: 0, Sum: 0, Workers: 4
[1640.210s][debug][gc,phases      ] GC(59)     Total                          Min: 0, Avg: 174.8, Max: 576, Diff: 576, Sum: 699, Workers: 4
[1640.210s][debug][gc,phases      ] GC(59)   ObjectSynchronizer Weak        Min:  0.0, Avg:  0.0, Max:  0.0, Diff:  0.0, Sum:  0.0, Workers: 4
[1640.210s][debug][gc,phases      ] GC(59)     Dead                           Min: 0, Avg:  0.0, Max: 0, Diff: 0, Sum: 0, Workers: 4
[1640.210s][debug][gc,phases      ] GC(59)     Total                          Min: 0, Avg:  7.0, Max: 28, Diff: 28, Sum: 28, Workers: 4
[1640.210s][debug][gc,phases      ] GC(59)   JVMTI Tag Weak OopStorage      Min:  0.0, Avg:  0.0, Max:  0.0, Diff:  0.0, Sum:  0.0, Workers: 4
[1640.210s][debug][gc,phases      ] GC(59)     Dead                           Min: 0, Avg:  0.0, Max: 0, Diff: 0, Sum: 0, Workers: 4
[1640.210s][debug][gc,phases      ] GC(59)     Total                          Min: 0, Avg:  0.0, Max: 0, Diff: 0, Sum: 0, Workers: 4
[1640.210s][debug][gc,phases      ] GC(59)   StringTable Weak               Min:  0.1, Avg:  0.1, Max:  0.1, Diff:  0.0, Sum:  0.4, Workers: 4
[1640.210s][debug][gc,phases      ] GC(59)     Dead                           Min: 0, Avg:  0.0, Max: 0, Diff: 0, Sum: 0, Workers: 4
[1640.210s][debug][gc,phases      ] GC(59)     Total                          Min: 10368, Avg: 10693.2, Max: 11072, Diff: 704, Sum: 42773, Workers: 4
[1640.210s][debug][gc,phases      ] GC(59)   ResolvedMethodTable Weak       Min:  0.0, Avg:  0.0, Max:  0.0, Diff:  0.0, Sum:  0.1, Workers: 4
[1640.210s][debug][gc,phases      ] GC(59)     Dead                           Min: 0, Avg:  0.0, Max: 0, Diff: 0, Sum: 0, Workers: 4
[1640.210s][debug][gc,phases      ] GC(59)     Total                          Min: 1949, Avg: 2086.2, Max: 2240, Diff: 291, Sum: 8345, Workers: 4
[1640.210s][debug][gc,phases      ] GC(59)   JNI Weak                       Min:  0.0, Avg:  0.0, Max:  0.0, Diff:  0.0, Sum:  0.0, Workers: 4
[1640.210s][debug][gc,phases      ] GC(59)     Dead                           Min: 0, Avg:  0.0, Max: 0, Diff: 0, Sum: 0, Workers: 4
[1640.210s][debug][gc,phases      ] GC(59)     Total                          Min: 0, Avg: 11.2, Max: 45, Diff: 45, Sum: 45, Workers: 4
[1640.210s][debug][gc,phases      ] GC(59)   StringDedup Table Weak         Min:  0.0, Avg:  0.0, Max:  0.0, Diff:  0.0, Sum:  0.0, Workers: 4
[1640.210s][debug][gc,phases      ] GC(59)     Dead                           Min: 0, Avg:  0.0, Max: 0, Diff: 0, Sum: 0, Workers: 4
[1640.210s][debug][gc,phases      ] GC(59)     Total                          Min: 0, Avg:  0.0, Max: 0, Diff: 0, Sum: 0, Workers: 4
[1640.210s][debug][gc,phases      ] GC(59)   StringDedup Requests0 Weak     Min:  0.0, Avg:  0.0, Max:  0.0, Diff:  0.0, Sum:  0.0, Workers: 4
[1640.210s][debug][gc,phases      ] GC(59)     Dead                           Min: 0, Avg:  0.0, Max: 0, Diff: 0, Sum: 0, Workers: 4
[1640.210s][debug][gc,phases      ] GC(59)     Total                          Min: 0, Avg:  0.0, Max: 0, Diff: 0, Sum: 0, Workers: 4
[1640.210s][debug][gc,phases      ] GC(59)   StringDedup Requests1 Weak     Min:  0.0, Avg:  0.0, Max:  0.0, Diff:  0.0, Sum:  0.0, Workers: 4
[1640.210s][debug][gc,phases      ] GC(59)     Dead                           Min: 0, Avg:  0.0, Max: 0, Diff: 0, Sum: 0, Workers: 4
[1640.210s][debug][gc,phases      ] GC(59)     Total                          Min: 0, Avg:  0.0, Max: 0, Diff: 0, Sum: 0, Workers: 4
[1640.210s][debug][gc,phases      ] GC(59)   Weak JFR Old Object Samples    Min:  0.0, Avg:  0.0, Max:  0.0, Diff:  0.0, Sum:  0.0, Workers: 4
[1640.211s][debug][gc,phases      ] GC(59)     Dead                           Min: 0, Avg:  0.0, Max: 0, Diff: 0, Sum: 0, Workers: 4
[1640.211s][debug][gc,phases      ] GC(59)     Total                          Min: 0, Avg:  0.0, Max: 0, Diff: 0, Sum: 0, Workers: 4
[1640.211s][debug][gc,phases      ] GC(59) Weak Processing 0.304ms
[1640.211s][debug][gc,age         ] GC(59) Desired survivor size 96468992 bytes, new threshold 15 (max threshold 15)
[1640.211s][info ][gc,heap        ] GC(59) PSYoungGen: 1870272K(1978880K)->1104K(2002944K) Eden: 1869312K(1869312K)->0K(1901568K) From: 960K(109568K)->1104K(101376K)
[1640.211s][info ][gc,heap        ] GC(59) ParOldGen: 317450K(393216K)->317458K(393216K)
[1640.211s][info ][gc,metaspace   ] GC(59) Metaspace: 77844K(78656K)->77844K(78656K) NonClass: 66681K(67136K)->66681K(67136K) Class: 11163K(11520K)->11163K(11520K)
[1640.211s][info ][gc             ] GC(59) Pause Young (Allocation Failure) 2136M->311M(2340M) 3.704ms
[1640.211s][info ][gc,cpu         ] GC(59) User=0.01s Sys=0.00s Real=0.01s
[1640.211s][info ][safepoint      ] Safepoint "ParallelGCFailedAllocation", Time since last: 10904836393 ns, Reaching safepoint: 41303 ns, At safepoint: 3773268 ns, Total: 3814571 ns
[1651.211s][info ][safepoint      ] Safepoint "Cleanup", Time since last: 11000670783 ns, Reaching safepoint: 40103 ns, At safepoint: 3100 ns, Total: 43203 ns
[1691.207s][info ][gc,start       ] GC(60) Pause Young (Allocation Failure)
[1691.209s][debug][gc,phases      ] GC(60) Scavenge 1.876ms
[1691.209s][debug][gc,ref         ] GC(60) Skipped phase 1 of Reference Processing: no references
[1691.209s][debug][gc,ref         ] GC(60) ReferenceProcessor::execute queues: 1, RefProcThreadModel::Single, marks_oops_alive: false
[1691.209s][debug][gc,ref         ] GC(60) Skipped phase 3 of Reference Processing: no references
[1691.209s][debug][gc,ref         ] GC(60) Skipped phase 4 of Reference Processing: no references
[1691.209s][debug][gc,phases      ] GC(60) Reference Processing 0.115ms
[1691.210s][debug][gc,phases      ] GC(60)   VM Weak                        Min:  0.0, Avg:  0.0, Max:  0.0, Diff:  0.0, Sum:  0.0, Workers: 4
[1691.210s][debug][gc,phases      ] GC(60)     Dead                           Min: 0, Avg:  0.0, Max: 0, Diff: 0, Sum: 0, Workers: 4
[1691.210s][debug][gc,phases      ] GC(60)     Total                          Min: 0, Avg: 174.8, Max: 571, Diff: 571, Sum: 699, Workers: 4
[1691.210s][debug][gc,phases      ] GC(60)   ObjectSynchronizer Weak        Min:  0.0, Avg:  0.0, Max:  0.0, Diff:  0.0, Sum:  0.0, Workers: 4
[1691.210s][debug][gc,phases      ] GC(60)     Dead                           Min: 0, Avg:  0.0, Max: 0, Diff: 0, Sum: 0, Workers: 4
[1691.210s][debug][gc,phases      ] GC(60)     Total                          Min: 0, Avg:  7.0, Max: 28, Diff: 28, Sum: 28, Workers: 4
[1691.210s][debug][gc,phases      ] GC(60)   JVMTI Tag Weak OopStorage      Min:  0.0, Avg:  0.0, Max:  0.0, Diff:  0.0, Sum:  0.0, Workers: 4
[1691.210s][debug][gc,phases      ] GC(60)     Dead                           Min: 0, Avg:  0.0, Max: 0, Diff: 0, Sum: 0, Workers: 4
[1691.210s][debug][gc,phases      ] GC(60)     Total                          Min: 0, Avg:  0.0, Max: 0, Diff: 0, Sum: 0, Workers: 4
[1691.210s][debug][gc,phases      ] GC(60)   StringTable Weak               Min:  0.0, Avg:  0.1, Max:  0.1, Diff:  0.1, Sum:  0.4, Workers: 4
[1691.210s][debug][gc,phases      ] GC(60)     Dead                           Min: 0, Avg:  0.0, Max: 0, Diff: 0, Sum: 0, Workers: 4
[1691.210s][debug][gc,phases      ] GC(60)     Total                          Min: 0, Avg: 10693.2, Max: 15509, Diff: 15509, Sum: 42773, Workers: 4
[1691.210s][debug][gc,phases      ] GC(60)   ResolvedMethodTable Weak       Min:  0.0, Avg:  0.0, Max:  0.0, Diff:  0.0, Sum:  0.1, Workers: 4
[1691.210s][debug][gc,phases      ] GC(60)     Dead                           Min: 0, Avg:  0.0, Max: 0, Diff: 0, Sum: 0, Workers: 4
[1691.210s][debug][gc,phases      ] GC(60)     Total                          Min: 0, Avg: 2086.2, Max: 2944, Diff: 2944, Sum: 8345, Workers: 4
[1691.210s][debug][gc,phases      ] GC(60)   JNI Weak                       Min:  0.0, Avg:  0.0, Max:  0.0, Diff:  0.0, Sum:  0.0, Workers: 4
[1691.210s][debug][gc,phases      ] GC(60)     Dead                           Min: 0, Avg:  0.0, Max: 0, Diff: 0, Sum: 0, Workers: 4
[1691.210s][debug][gc,phases      ] GC(60)     Total                          Min: 0, Avg: 11.2, Max: 45, Diff: 45, Sum: 45, Workers: 4
[1691.210s][debug][gc,phases      ] GC(60)   StringDedup Table Weak         Min:  0.0, Avg:  0.0, Max:  0.0, Diff:  0.0, Sum:  0.0, Workers: 4
[1691.210s][debug][gc,phases      ] GC(60)     Dead                           Min: 0, Avg:  0.0, Max: 0, Diff: 0, Sum: 0, Workers: 4
[1691.210s][debug][gc,phases      ] GC(60)     Total                          Min: 0, Avg:  0.0, Max: 0, Diff: 0, Sum: 0, Workers: 4
[1691.210s][debug][gc,phases      ] GC(60)   StringDedup Requests0 Weak     Min:  0.0, Avg:  0.0, Max:  0.0, Diff:  0.0, Sum:  0.0, Workers: 4
[1691.210s][debug][gc,phases      ] GC(60)     Dead                           Min: 0, Avg:  0.0, Max: 0, Diff: 0, Sum: 0, Workers: 4
[1691.210s][debug][gc,phases      ] GC(60)     Total                          Min: 0, Avg:  0.0, Max: 0, Diff: 0, Sum: 0, Workers: 4
[1691.210s][debug][gc,phases      ] GC(60)   StringDedup Requests1 Weak     Min:  0.0, Avg:  0.0, Max:  0.0, Diff:  0.0, Sum:  0.0, Workers: 4
[1691.210s][debug][gc,phases      ] GC(60)     Dead                           Min: 0, Avg:  0.0, Max: 0, Diff: 0, Sum: 0, Workers: 4
[1691.210s][debug][gc,phases      ] GC(60)     Total                          Min: 0, Avg:  0.0, Max: 0, Diff: 0, Sum: 0, Workers: 4
[1691.210s][debug][gc,phases      ] GC(60)   Weak JFR Old Object Samples    Min:  0.0, Avg:  0.0, Max:  0.0, Diff:  0.0, Sum:  0.0, Workers: 4
[1691.210s][debug][gc,phases      ] GC(60)     Dead                           Min: 0, Avg:  0.0, Max: 0, Diff: 0, Sum: 0, Workers: 4
[1691.210s][debug][gc,phases      ] GC(60)     Total                          Min: 0, Avg:  0.0, Max: 0, Diff: 0, Sum: 0, Workers: 4
[1691.210s][debug][gc,phases      ] GC(60) Weak Processing 0.351ms
[1691.210s][debug][gc,age         ] GC(60) Desired survivor size 89128960 bytes, new threshold 15 (max threshold 15)
[1691.210s][info ][gc,heap        ] GC(60) PSYoungGen: 1902672K(2002944K)->1056K(1995776K) Eden: 1901568K(1901568K)->0K(1901568K) From: 1104K(101376K)->1056K(94208K)
[1691.210s][info ][gc,heap        ] GC(60) ParOldGen: 317458K(393216K)->317466K(393216K)
[1691.210s][info ][gc,metaspace   ] GC(60) Metaspace: 77844K(78656K)->77844K(78656K) NonClass: 66681K(67136K)->66681K(67136K) Class: 11163K(11520K)->11163K(11520K)
[1691.210s][info ][gc             ] GC(60) Pause Young (Allocation Failure) 2168M->311M(2333M) 2.452ms
[1691.210s][info ][gc,cpu         ] GC(60) User=0.01s Sys=0.00s Real=0.01s
[1691.210s][info ][safepoint      ] Safepoint "ParallelGCFailedAllocation", Time since last: 39995797685 ns, Reaching safepoint: 100107 ns, At safepoint: 2542674 ns, Total: 2642781 ns
[1743.007s][info ][gc,start       ] GC(61) Pause Young (Allocation Failure)
[1743.010s][debug][gc,phases      ] GC(61) Scavenge 2.187ms
[1743.010s][debug][gc,ref         ] GC(61) Skipped phase 1 of Reference Processing: no references
[1743.010s][debug][gc,ref         ] GC(61) ReferenceProcessor::execute queues: 1, RefProcThreadModel::Single, marks_oops_alive: false
[1743.010s][debug][gc,ref         ] GC(61) Skipped phase 3 of Reference Processing: no references
[1743.010s][debug][gc,ref         ] GC(61) Skipped phase 4 of Reference Processing: no references
[1743.010s][debug][gc,phases      ] GC(61) Reference Processing 0.101ms
[1743.010s][debug][gc,phases      ] GC(61)   VM Weak                        Min:  0.0, Avg:  0.0, Max:  0.0, Diff:  0.0, Sum:  0.0, Workers: 4
[1743.010s][debug][gc,phases      ] GC(61)     Dead                           Min: 0, Avg:  0.0, Max: 0, Diff: 0, Sum: 0, Workers: 4
[1743.010s][debug][gc,phases      ] GC(61)     Total                          Min: 0, Avg: 174.8, Max: 320, Diff: 320, Sum: 699, Workers: 4
[1743.010s][debug][gc,phases      ] GC(61)   ObjectSynchronizer Weak        Min:  0.0, Avg:  0.0, Max:  0.0, Diff:  0.0, Sum:  0.0, Workers: 4
[1743.010s][debug][gc,phases      ] GC(61)     Dead                           Min: 0, Avg:  0.0, Max: 0, Diff: 0, Sum: 0, Workers: 4
[1743.010s][debug][gc,phases      ] GC(61)     Total                          Min: 0, Avg:  7.0, Max: 28, Diff: 28, Sum: 28, Workers: 4
[1743.010s][debug][gc,phases      ] GC(61)   JVMTI Tag Weak OopStorage      Min:  0.0, Avg:  0.0, Max:  0.0, Diff:  0.0, Sum:  0.0, Workers: 4
[1743.010s][debug][gc,phases      ] GC(61)     Dead                           Min: 0, Avg:  0.0, Max: 0, Diff: 0, Sum: 0, Workers: 4
[1743.010s][debug][gc,phases      ] GC(61)     Total                          Min: 0, Avg:  0.0, Max: 0, Diff: 0, Sum: 0, Workers: 4
[1743.010s][debug][gc,phases      ] GC(61)   StringTable Weak               Min:  0.0, Avg:  0.1, Max:  0.1, Diff:  0.1, Sum:  0.4, Workers: 4
[1743.010s][debug][gc,phases      ] GC(61)     Dead                           Min: 0, Avg:  0.0, Max: 0, Diff: 0, Sum: 0, Workers: 4
[1743.010s][debug][gc,phases      ] GC(61)     Total                          Min: 0, Avg: 10696.2, Max: 15777, Diff: 15777, Sum: 42785, Workers: 4
[1743.010s][debug][gc,phases      ] GC(61)   ResolvedMethodTable Weak       Min:  0.0, Avg:  0.0, Max:  0.0, Diff:  0.0, Sum:  0.1, Workers: 4
[1743.010s][debug][gc,phases      ] GC(61)     Dead                           Min: 0, Avg:  0.0, Max: 0, Diff: 0, Sum: 0, Workers: 4
[1743.010s][debug][gc,phases      ] GC(61)     Total                          Min: 0, Avg: 2086.2, Max: 3072, Diff: 3072, Sum: 8345, Workers: 4
[1743.010s][debug][gc,phases      ] GC(61)   JNI Weak                       Min:  0.0, Avg:  0.0, Max:  0.0, Diff:  0.0, Sum:  0.0, Workers: 4
[1743.010s][debug][gc,phases      ] GC(61)     Dead                           Min: 0, Avg:  0.0, Max: 0, Diff: 0, Sum: 0, Workers: 4
[1743.010s][debug][gc,phases      ] GC(61)     Total                          Min: 0, Avg: 11.2, Max: 45, Diff: 45, Sum: 45, Workers: 4
[1743.010s][debug][gc,phases      ] GC(61)   StringDedup Table Weak         Min:  0.0, Avg:  0.0, Max:  0.0, Diff:  0.0, Sum:  0.0, Workers: 4
[1743.010s][debug][gc,phases      ] GC(61)     Dead                           Min: 0, Avg:  0.0, Max: 0, Diff: 0, Sum: 0, Workers: 4
[1743.010s][debug][gc,phases      ] GC(61)     Total                          Min: 0, Avg:  0.0, Max: 0, Diff: 0, Sum: 0, Workers: 4
[1743.010s][debug][gc,phases      ] GC(61)   StringDedup Requests0 Weak     Min:  0.0, Avg:  0.0, Max:  0.0, Diff:  0.0, Sum:  0.0, Workers: 4
[1743.010s][debug][gc,phases      ] GC(61)     Dead                           Min: 0, Avg:  0.0, Max: 0, Diff: 0, Sum: 0, Workers: 4
[1743.010s][debug][gc,phases      ] GC(61)     Total                          Min: 0, Avg:  0.0, Max: 0, Diff: 0, Sum: 0, Workers: 4
[1743.010s][debug][gc,phases      ] GC(61)   StringDedup Requests1 Weak     Min:  0.0, Avg:  0.0, Max:  0.0, Diff:  0.0, Sum:  0.0, Workers: 4
[1743.010s][debug][gc,phases      ] GC(61)     Dead                           Min: 0, Avg:  0.0, Max: 0, Diff: 0, Sum: 0, Workers: 4
[1743.010s][debug][gc,phases      ] GC(61)     Total                          Min: 0, Avg:  0.0, Max: 0, Diff: 0, Sum: 0, Workers: 4
[1743.010s][debug][gc,phases      ] GC(61)   Weak JFR Old Object Samples    Min:  0.0, Avg:  0.0, Max:  0.0, Diff:  0.0, Sum:  0.0, Workers: 4
[1743.010s][debug][gc,phases      ] GC(61)     Dead                           Min: 0, Avg:  0.0, Max: 0, Diff: 0, Sum: 0, Workers: 4
[1743.010s][debug][gc,phases      ] GC(61)     Total                          Min: 0, Avg:  0.0, Max: 0, Diff: 0, Sum: 0, Workers: 4
[1743.010s][debug][gc,phases      ] GC(61) Weak Processing 0.349ms
[1743.010s][debug][gc,age         ] GC(61) Desired survivor size 82313216 bytes, new threshold 15 (max threshold 15)
[1743.010s][info ][gc,heap        ] GC(61) PSYoungGen: 1902624K(1995776K)->1040K(2016768K) Eden: 1901568K(1901568K)->0K(1929728K) From: 1056K(94208K)->1040K(87040K)
[1743.010s][info ][gc,heap        ] GC(61) ParOldGen: 317466K(393216K)->317474K(393216K)
[1743.010s][info ][gc,metaspace   ] GC(61) Metaspace: 77844K(78656K)->77844K(78656K) NonClass: 66681K(67136K)->66681K(67136K) Class: 11163K(11520K)->11163K(11520K)
[1743.010s][info ][gc             ] GC(61) Pause Young (Allocation Failure) 2168M->311M(2353M) 2.771ms
[1743.010s][info ][gc,cpu         ] GC(61) User=0.01s Sys=0.00s Real=0.01s
[1743.010s][info ][safepoint      ] Safepoint "ParallelGCFailedAllocation", Time since last: 51797662734 ns, Reaching safepoint: 37803 ns, At safepoint: 2838098 ns, Total: 2875901 ns
[1795.108s][info ][gc,start       ] GC(62) Pause Young (Allocation Failure)
[1795.110s][debug][gc,phases      ] GC(62) Scavenge 2.235ms
[1795.110s][debug][gc,ref         ] GC(62) Skipped phase 1 of Reference Processing: no references
[1795.110s][debug][gc,ref         ] GC(62) ReferenceProcessor::execute queues: 1, RefProcThreadModel::Single, marks_oops_alive: false
[1795.110s][debug][gc,ref         ] GC(62) Skipped phase 3 of Reference Processing: no references
[1795.110s][debug][gc,ref         ] GC(62) Skipped phase 4 of Reference Processing: no references
[1795.110s][debug][gc,phases      ] GC(62) Reference Processing 0.100ms
[1795.110s][debug][gc,phases      ] GC(62)   VM Weak                        Min:  0.0, Avg:  0.0, Max:  0.0, Diff:  0.0, Sum:  0.0, Workers: 4
[1795.110s][debug][gc,phases      ] GC(62)     Dead                           Min: 0, Avg:  0.0, Max: 0, Diff: 0, Sum: 0, Workers: 4
[1795.110s][debug][gc,phases      ] GC(62)     Total                          Min: 0, Avg: 174.8, Max: 635, Diff: 635, Sum: 699, Workers: 4
[1795.110s][debug][gc,phases      ] GC(62)   ObjectSynchronizer Weak        Min:  0.0, Avg:  0.0, Max:  0.0, Diff:  0.0, Sum:  0.0, Workers: 4
[1795.110s][debug][gc,phases      ] GC(62)     Dead                           Min: 0, Avg:  0.0, Max: 0, Diff: 0, Sum: 0, Workers: 4
[1795.110s][debug][gc,phases      ] GC(62)     Total                          Min: 0, Avg:  7.0, Max: 28, Diff: 28, Sum: 28, Workers: 4
[1795.110s][debug][gc,phases      ] GC(62)   JVMTI Tag Weak OopStorage      Min:  0.0, Avg:  0.0, Max:  0.0, Diff:  0.0, Sum:  0.0, Workers: 4
[1795.110s][debug][gc,phases      ] GC(62)     Dead                           Min: 0, Avg:  0.0, Max: 0, Diff: 0, Sum: 0, Workers: 4
[1795.110s][debug][gc,phases      ] GC(62)     Total                          Min: 0, Avg:  0.0, Max: 0, Diff: 0, Sum: 0, Workers: 4
[1795.110s][debug][gc,phases      ] GC(62)   StringTable Weak               Min:  0.0, Avg:  0.1, Max:  0.1, Diff:  0.1, Sum:  0.4, Workers: 4
[1795.110s][debug][gc,phases      ] GC(62)     Dead                           Min: 0, Avg:  0.0, Max: 0, Diff: 0, Sum: 0, Workers: 4
[1795.110s][debug][gc,phases      ] GC(62)     Total                          Min: 0, Avg: 10696.2, Max: 15777, Diff: 15777, Sum: 42785, Workers: 4
[1795.110s][debug][gc,phases      ] GC(62)   ResolvedMethodTable Weak       Min:  0.0, Avg:  0.0, Max:  0.0, Diff:  0.0, Sum:  0.1, Workers: 4
[1795.111s][debug][gc,phases      ] GC(62)     Dead                           Min: 0, Avg:  0.0, Max: 0, Diff: 0, Sum: 0, Workers: 4
[1795.111s][debug][gc,phases      ] GC(62)     Total                          Min: 0, Avg: 2086.2, Max: 2812, Diff: 2812, Sum: 8345, Workers: 4
[1795.111s][debug][gc,phases      ] GC(62)   JNI Weak                       Min:  0.0, Avg:  0.0, Max:  0.0, Diff:  0.0, Sum:  0.0, Workers: 4
[1795.111s][debug][gc,phases      ] GC(62)     Dead                           Min: 0, Avg:  0.0, Max: 0, Diff: 0, Sum: 0, Workers: 4
[1795.111s][debug][gc,phases      ] GC(62)     Total                          Min: 0, Avg: 11.2, Max: 45, Diff: 45, Sum: 45, Workers: 4
[1795.111s][debug][gc,phases      ] GC(62)   StringDedup Table Weak         Min:  0.0, Avg:  0.0, Max:  0.0, Diff:  0.0, Sum:  0.0, Workers: 4
[1795.111s][debug][gc,phases      ] GC(62)     Dead                           Min: 0, Avg:  0.0, Max: 0, Diff: 0, Sum: 0, Workers: 4
[1795.111s][debug][gc,phases      ] GC(62)     Total                          Min: 0, Avg:  0.0, Max: 0, Diff: 0, Sum: 0, Workers: 4
[1795.111s][debug][gc,phases      ] GC(62)   StringDedup Requests0 Weak     Min:  0.0, Avg:  0.0, Max:  0.0, Diff:  0.0, Sum:  0.0, Workers: 4
[1795.111s][debug][gc,phases      ] GC(62)     Dead                           Min: 0, Avg:  0.0, Max: 0, Diff: 0, Sum: 0, Workers: 4
[1795.111s][debug][gc,phases      ] GC(62)     Total                          Min: 0, Avg:  0.0, Max: 0, Diff: 0, Sum: 0, Workers: 4
[1795.111s][debug][gc,phases      ] GC(62)   StringDedup Requests1 Weak     Min:  0.0, Avg:  0.0, Max:  0.0, Diff:  0.0, Sum:  0.0, Workers: 4
[1795.111s][debug][gc,phases      ] GC(62)     Dead                           Min: 0, Avg:  0.0, Max: 0, Diff: 0, Sum: 0, Workers: 4
[1795.111s][debug][gc,phases      ] GC(62)     Total                          Min: 0, Avg:  0.0, Max: 0, Diff: 0, Sum: 0, Workers: 4
[1795.111s][debug][gc,phases      ] GC(62)   Weak JFR Old Object Samples    Min:  0.0, Avg:  0.0, Max:  0.0, Diff:  0.0, Sum:  0.0, Workers: 4
[1795.111s][debug][gc,phases      ] GC(62)     Dead                           Min: 0, Avg:  0.0, Max: 0, Diff: 0, Sum: 0, Workers: 4
[1795.111s][debug][gc,phases      ] GC(62)     Total                          Min: 0, Avg:  0.0, Max: 0, Diff: 0, Sum: 0, Workers: 4
[1795.111s][debug][gc,phases      ] GC(62) Weak Processing 0.342ms
[1795.111s][debug][gc,age         ] GC(62) Desired survivor size 76021760 bytes, new threshold 15 (max threshold 15)
[1795.111s][info ][gc,heap        ] GC(62) PSYoungGen: 1930768K(2016768K)->976K(2010112K) Eden: 1929728K(1929728K)->0K(1929728K) From: 1040K(87040K)->976K(80384K)
[1795.111s][info ][gc,heap        ] GC(62) ParOldGen: 317474K(393216K)->317482K(393216K)
[1795.111s][info ][gc,metaspace   ] GC(62) Metaspace: 77844K(78656K)->77844K(78656K) NonClass: 66681K(67136K)->66681K(67136K) Class: 11163K(11520K)->11163K(11520K)
[1795.111s][info ][gc             ] GC(62) Pause Young (Allocation Failure) 2195M->310M(2347M) 2.806ms
[1795.111s][info ][gc,cpu         ] GC(62) User=0.01s Sys=0.00s Real=0.01s
[1795.111s][info ][safepoint      ] Safepoint "ParallelGCFailedAllocation", Time since last: 52097394164 ns, Reaching safepoint: 97106 ns, At safepoint: 2874899 ns, Total: 2972005 ns
[1800.394s][info ][safepoint      ] Safepoint "Cleanup", Time since last: 5282809733 ns, Reaching safepoint: 38103 ns, At safepoint: 4700 ns, Total: 42803 ns
[1801.394s][info ][safepoint      ] Safepoint "Cleanup", Time since last: 1000121907 ns, Reaching safepoint: 53204 ns, At safepoint: 2800 ns, Total: 56004 ns
[1816.395s][info ][safepoint      ] Safepoint "Cleanup", Time since last: 15001060569 ns, Reaching safepoint: 48803 ns, At safepoint: 2900 ns, Total: 51703 ns
[1846.858s][info ][gc,start       ] GC(63) Pause Young (Allocation Failure)
[1846.861s][debug][gc,phases      ] GC(63) Scavenge 3.367ms
[1846.861s][debug][gc,ref         ] GC(63) Skipped phase 1 of Reference Processing: no references
[1846.861s][debug][gc,ref         ] GC(63) ReferenceProcessor::execute queues: 1, RefProcThreadModel::Single, marks_oops_alive: false
[1846.861s][debug][gc,ref         ] GC(63) Skipped phase 3 of Reference Processing: no references
[1846.861s][debug][gc,ref         ] GC(63) ReferenceProcessor::execute queues: 1, RefProcThreadModel::Single, marks_oops_alive: false
[1846.861s][debug][gc,phases      ] GC(63) Reference Processing 0.101ms
[1846.861s][debug][gc,phases      ] GC(63)   VM Weak                        Min:  0.0, Avg:  0.0, Max:  0.0, Diff:  0.0, Sum:  0.0, Workers: 4
[1846.861s][debug][gc,phases      ] GC(63)     Dead                           Min: 0, Avg:  0.0, Max: 0, Diff: 0, Sum: 0, Workers: 4
[1846.861s][debug][gc,phases      ] GC(63)     Total                          Min: 0, Avg: 174.8, Max: 315, Diff: 315, Sum: 699, Workers: 4
[1846.861s][debug][gc,phases      ] GC(63)   ObjectSynchronizer Weak        Min:  0.0, Avg:  0.0, Max:  0.0, Diff:  0.0, Sum:  0.0, Workers: 4
[1846.861s][debug][gc,phases      ] GC(63)     Dead                           Min: 0, Avg:  0.0, Max: 0, Diff: 0, Sum: 0, Workers: 4
[1846.861s][debug][gc,phases      ] GC(63)     Total                          Min: 0, Avg:  7.0, Max: 28, Diff: 28, Sum: 28, Workers: 4
[1846.861s][debug][gc,phases      ] GC(63)   JVMTI Tag Weak OopStorage      Min:  0.0, Avg:  0.0, Max:  0.0, Diff:  0.0, Sum:  0.0, Workers: 4
[1846.861s][debug][gc,phases      ] GC(63)     Dead                           Min: 0, Avg:  0.0, Max: 0, Diff: 0, Sum: 0, Workers: 4
[1846.861s][debug][gc,phases      ] GC(63)     Total                          Min: 0, Avg:  0.0, Max: 0, Diff: 0, Sum: 0, Workers: 4
[1846.861s][debug][gc,phases      ] GC(63)   StringTable Weak               Min:  0.0, Avg:  0.1, Max:  0.1, Diff:  0.1, Sum:  0.3, Workers: 4
[1846.861s][debug][gc,phases      ] GC(63)     Dead                           Min: 0, Avg:  0.5, Max: 2, Diff: 2, Sum: 2, Workers: 4
[1846.861s][debug][gc,phases      ] GC(63)     Total                          Min: 0, Avg: 10701.0, Max: 15616, Diff: 15616, Sum: 42804, Workers: 4
[1846.861s][debug][gc,phases      ] GC(63)   ResolvedMethodTable Weak       Min:  0.0, Avg:  0.0, Max:  0.0, Diff:  0.0, Sum:  0.1, Workers: 4
[1846.861s][debug][gc,phases      ] GC(63)     Dead                           Min: 0, Avg:  0.0, Max: 0, Diff: 0, Sum: 0, Workers: 4
[1846.861s][debug][gc,phases      ] GC(63)     Total                          Min: 0, Avg: 2092.8, Max: 2880, Diff: 2880, Sum: 8371, Workers: 4
[1846.861s][debug][gc,phases      ] GC(63)   JNI Weak                       Min:  0.0, Avg:  0.0, Max:  0.0, Diff:  0.0, Sum:  0.0, Workers: 4
[1846.861s][debug][gc,phases      ] GC(63)     Dead                           Min: 0, Avg:  0.0, Max: 0, Diff: 0, Sum: 0, Workers: 4
[1846.861s][debug][gc,phases      ] GC(63)     Total                          Min: 0, Avg: 11.2, Max: 45, Diff: 45, Sum: 45, Workers: 4
[1846.861s][debug][gc,phases      ] GC(63)   StringDedup Table Weak         Min:  0.0, Avg:  0.0, Max:  0.0, Diff:  0.0, Sum:  0.0, Workers: 4
[1846.861s][debug][gc,phases      ] GC(63)     Dead                           Min: 0, Avg:  0.0, Max: 0, Diff: 0, Sum: 0, Workers: 4
[1846.861s][debug][gc,phases      ] GC(63)     Total                          Min: 0, Avg:  0.0, Max: 0, Diff: 0, Sum: 0, Workers: 4
[1846.861s][debug][gc,phases      ] GC(63)   StringDedup Requests0 Weak     Min:  0.0, Avg:  0.0, Max:  0.0, Diff:  0.0, Sum:  0.0, Workers: 4
[1846.862s][debug][gc,phases      ] GC(63)     Dead                           Min: 0, Avg:  0.0, Max: 0, Diff: 0, Sum: 0, Workers: 4
[1846.862s][debug][gc,phases      ] GC(63)     Total                          Min: 0, Avg:  0.0, Max: 0, Diff: 0, Sum: 0, Workers: 4
[1846.862s][debug][gc,phases      ] GC(63)   StringDedup Requests1 Weak     Min:  0.0, Avg:  0.0, Max:  0.0, Diff:  0.0, Sum:  0.0, Workers: 4
[1846.862s][debug][gc,phases      ] GC(63)     Dead                           Min: 0, Avg:  0.0, Max: 0, Diff: 0, Sum: 0, Workers: 4
[1846.862s][debug][gc,phases      ] GC(63)     Total                          Min: 0, Avg:  0.0, Max: 0, Diff: 0, Sum: 0, Workers: 4
[1846.862s][debug][gc,phases      ] GC(63)   Weak JFR Old Object Samples    Min:  0.0, Avg:  0.0, Max:  0.0, Diff:  0.0, Sum:  0.0, Workers: 4
[1846.862s][debug][gc,phases      ] GC(63)     Dead                           Min: 0, Avg:  0.0, Max: 0, Diff: 0, Sum: 0, Workers: 4
[1846.862s][debug][gc,phases      ] GC(63)     Total                          Min: 0, Avg:  0.0, Max: 0, Diff: 0, Sum: 0, Workers: 4
[1846.862s][debug][gc,phases      ] GC(63) Weak Processing 0.346ms
[1846.862s][debug][gc,age         ] GC(63) Desired survivor size 70254592 bytes, new threshold 15 (max threshold 15)
[1846.862s][info ][gc,heap        ] GC(63) PSYoungGen: 1930704K(2010112K)->1008K(2028544K) Eden: 1929728K(1929728K)->0K(1954304K) From: 976K(80384K)->1008K(74240K)
[1846.862s][info ][gc,heap        ] GC(63) ParOldGen: 317482K(393216K)->317498K(393216K)
[1846.862s][info ][gc,metaspace   ] GC(63) Metaspace: 77921K(78848K)->77921K(78848K) NonClass: 66741K(67264K)->66741K(67264K) Class: 11180K(11584K)->11180K(11584K)
[1846.862s][info ][gc             ] GC(63) Pause Young (Allocation Failure) 2195M->311M(2365M) 3.953ms
[1846.862s][info ][gc,cpu         ] GC(63) User=0.01s Sys=0.00s Real=0.00s
[1846.862s][info ][safepoint      ] Safepoint "ParallelGCFailedAllocation", Time since last: 30462771699 ns, Reaching safepoint: 34102 ns, At safepoint: 4026678 ns, Total: 4060780 ns
[1900.058s][info ][gc,start       ] GC(64) Pause Young (Allocation Failure)
[1900.060s][debug][gc,phases      ] GC(64) Scavenge 1.960ms
[1900.060s][debug][gc,ref         ] GC(64) Skipped phase 1 of Reference Processing: no references
[1900.060s][debug][gc,ref         ] GC(64) ReferenceProcessor::execute queues: 1, RefProcThreadModel::Single, marks_oops_alive: false
[1900.060s][debug][gc,ref         ] GC(64) Skipped phase 3 of Reference Processing: no references
[1900.060s][debug][gc,ref         ] GC(64) Skipped phase 4 of Reference Processing: no references
[1900.060s][debug][gc,phases      ] GC(64) Reference Processing 0.099ms
[1900.061s][debug][gc,phases      ] GC(64)   VM Weak                        Min:  0.0, Avg:  0.0, Max:  0.0, Diff:  0.0, Sum:  0.0, Workers: 4
[1900.061s][debug][gc,phases      ] GC(64)     Dead                           Min: 0, Avg:  0.0, Max: 0, Diff: 0, Sum: 0, Workers: 4
[1900.061s][debug][gc,phases      ] GC(64)     Total                          Min: 0, Avg: 174.8, Max: 699, Diff: 699, Sum: 699, Workers: 4
[1900.061s][debug][gc,phases      ] GC(64)   ObjectSynchronizer Weak        Min:  0.0, Avg:  0.0, Max:  0.0, Diff:  0.0, Sum:  0.0, Workers: 4
[1900.061s][debug][gc,phases      ] GC(64)     Dead                           Min: 0, Avg:  0.0, Max: 0, Diff: 0, Sum: 0, Workers: 4
[1900.061s][debug][gc,phases      ] GC(64)     Total                          Min: 0, Avg:  7.0, Max: 28, Diff: 28, Sum: 28, Workers: 4
[1900.061s][debug][gc,phases      ] GC(64)   JVMTI Tag Weak OopStorage      Min:  0.0, Avg:  0.0, Max:  0.0, Diff:  0.0, Sum:  0.0, Workers: 4
[1900.061s][debug][gc,phases      ] GC(64)     Dead                           Min: 0, Avg:  0.0, Max: 0, Diff: 0, Sum: 0, Workers: 4
[1900.061s][debug][gc,phases      ] GC(64)     Total                          Min: 0, Avg:  0.0, Max: 0, Diff: 0, Sum: 0, Workers: 4
[1900.061s][debug][gc,phases      ] GC(64)   StringTable Weak               Min:  0.0, Avg:  0.1, Max:  0.1, Diff:  0.1, Sum:  0.3, Workers: 4
[1900.061s][debug][gc,phases      ] GC(64)     Dead                           Min: 0, Avg:  0.0, Max: 0, Diff: 0, Sum: 0, Workers: 4
[1900.061s][debug][gc,phases      ] GC(64)     Total                          Min: 0, Avg: 10701.0, Max: 15167, Diff: 15167, Sum: 42804, Workers: 4
[1900.061s][debug][gc,phases      ] GC(64)   ResolvedMethodTable Weak       Min:  0.0, Avg:  0.0, Max:  0.0, Diff:  0.0, Sum:  0.1, Workers: 4
[1900.061s][debug][gc,phases      ] GC(64)     Dead                           Min: 0, Avg:  0.0, Max: 0, Diff: 0, Sum: 0, Workers: 4
[1900.061s][debug][gc,phases      ] GC(64)     Total                          Min: 0, Avg: 2092.8, Max: 2944, Diff: 2944, Sum: 8371, Workers: 4
[1900.061s][debug][gc,phases      ] GC(64)   JNI Weak                       Min:  0.0, Avg:  0.0, Max:  0.0, Diff:  0.0, Sum:  0.0, Workers: 4
[1900.061s][debug][gc,phases      ] GC(64)     Dead                           Min: 0, Avg:  0.0, Max: 0, Diff: 0, Sum: 0, Workers: 4
[1900.061s][debug][gc,phases      ] GC(64)     Total                          Min: 0, Avg: 11.2, Max: 45, Diff: 45, Sum: 45, Workers: 4
[1900.061s][debug][gc,phases      ] GC(64)   StringDedup Table Weak         Min:  0.0, Avg:  0.0, Max:  0.0, Diff:  0.0, Sum:  0.0, Workers: 4
[1900.061s][debug][gc,phases      ] GC(64)     Dead                           Min: 0, Avg:  0.0, Max: 0, Diff: 0, Sum: 0, Workers: 4
[1900.061s][debug][gc,phases      ] GC(64)     Total                          Min: 0, Avg:  0.0, Max: 0, Diff: 0, Sum: 0, Workers: 4
[1900.061s][debug][gc,phases      ] GC(64)   StringDedup Requests0 Weak     Min:  0.0, Avg:  0.0, Max:  0.0, Diff:  0.0, Sum:  0.0, Workers: 4
[1900.061s][debug][gc,phases      ] GC(64)     Dead                           Min: 0, Avg:  0.0, Max: 0, Diff: 0, Sum: 0, Workers: 4
[1900.061s][debug][gc,phases      ] GC(64)     Total                          Min: 0, Avg:  0.0, Max: 0, Diff: 0, Sum: 0, Workers: 4
[1900.061s][debug][gc,phases      ] GC(64)   StringDedup Requests1 Weak     Min:  0.0, Avg:  0.0, Max:  0.0, Diff:  0.0, Sum:  0.0, Workers: 4
[1900.061s][debug][gc,phases      ] GC(64)     Dead                           Min: 0, Avg:  0.0, Max: 0, Diff: 0, Sum: 0, Workers: 4
[1900.061s][debug][gc,phases      ] GC(64)     Total                          Min: 0, Avg:  0.0, Max: 0, Diff: 0, Sum: 0, Workers: 4
[1900.061s][debug][gc,phases      ] GC(64)   Weak JFR Old Object Samples    Min:  0.0, Avg:  0.0, Max:  0.0, Diff:  0.0, Sum:  0.0, Workers: 4
[1900.061s][debug][gc,phases      ] GC(64)     Dead                           Min: 0, Avg:  0.0, Max: 0, Diff: 0, Sum: 0, Workers: 4
[1900.061s][debug][gc,phases      ] GC(64)     Total                          Min: 0, Avg:  0.0, Max: 0, Diff: 0, Sum: 0, Workers: 4
[1900.061s][debug][gc,phases      ] GC(64) Weak Processing 0.350ms
[1900.061s][debug][gc,age         ] GC(64) Desired survivor size 65011712 bytes, new threshold 15 (max threshold 15)
[1900.061s][info ][gc,heap        ] GC(64) PSYoungGen: 1955312K(2028544K)->944K(2022912K) Eden: 1954304K(1954304K)->0K(1954304K) From: 1008K(74240K)->944K(68608K)
[1900.061s][info ][gc,heap        ] GC(64) ParOldGen: 317498K(393216K)->317546K(393216K)
[1900.061s][info ][gc,metaspace   ] GC(64) Metaspace: 77922K(78848K)->77922K(78848K) NonClass: 66741K(67264K)->66741K(67264K) Class: 11180K(11584K)->11180K(11584K)
[1900.061s][info ][gc             ] GC(64) Pause Young (Allocation Failure) 2219M->311M(2359M) 2.530ms
[1900.061s][info ][gc,cpu         ] GC(64) User=0.01s Sys=0.00s Real=0.00s
[1900.061s][info ][safepoint      ] Safepoint "ParallelGCFailedAllocation", Time since last: 53196580150 ns, Reaching safepoint: 23602 ns, At safepoint: 2620181 ns, Total: 2643783 ns
[1949.064s][info ][safepoint      ] Safepoint "Cleanup", Time since last: 49003192282 ns, Reaching safepoint: 62905 ns, At safepoint: 7700 ns, Total: 70605 ns
[1953.308s][info ][gc,start       ] GC(65) Pause Young (Allocation Failure)
[1953.310s][debug][gc,phases      ] GC(65) Scavenge 2.101ms
[1953.310s][debug][gc,ref         ] GC(65) Skipped phase 1 of Reference Processing: no references
[1953.310s][debug][gc,ref         ] GC(65) ReferenceProcessor::execute queues: 1, RefProcThreadModel::Single, marks_oops_alive: false
[1953.310s][debug][gc,ref         ] GC(65) Skipped phase 3 of Reference Processing: no references
[1953.310s][debug][gc,ref         ] GC(65) Skipped phase 4 of Reference Processing: no references
[1953.310s][debug][gc,phases      ] GC(65) Reference Processing 0.119ms
[1953.310s][debug][gc,phases      ] GC(65)   VM Weak                        Min:  0.0, Avg:  0.0, Max:  0.0, Diff:  0.0, Sum:  0.0, Workers: 4
[1953.310s][debug][gc,phases      ] GC(65)     Dead                           Min: 0, Avg:  0.0, Max: 0, Diff: 0, Sum: 0, Workers: 4
[1953.310s][debug][gc,phases      ] GC(65)     Total                          Min: 0, Avg: 174.8, Max: 571, Diff: 571, Sum: 699, Workers: 4
[1953.310s][debug][gc,phases      ] GC(65)   ObjectSynchronizer Weak        Min:  0.0, Avg:  0.0, Max:  0.0, Diff:  0.0, Sum:  0.0, Workers: 4
[1953.310s][debug][gc,phases      ] GC(65)     Dead                           Min: 0, Avg:  0.0, Max: 0, Diff: 0, Sum: 0, Workers: 4
[1953.310s][debug][gc,phases      ] GC(65)     Total                          Min: 0, Avg:  7.0, Max: 28, Diff: 28, Sum: 28, Workers: 4
[1953.310s][debug][gc,phases      ] GC(65)   JVMTI Tag Weak OopStorage      Min:  0.0, Avg:  0.0, Max:  0.0, Diff:  0.0, Sum:  0.0, Workers: 4
[1953.310s][debug][gc,phases      ] GC(65)     Dead                           Min: 0, Avg:  0.0, Max: 0, Diff: 0, Sum: 0, Workers: 4
[1953.310s][debug][gc,phases      ] GC(65)     Total                          Min: 0, Avg:  0.0, Max: 0, Diff: 0, Sum: 0, Workers: 4
[1953.310s][debug][gc,phases      ] GC(65)   StringTable Weak               Min:  0.0, Avg:  0.1, Max:  0.1, Diff:  0.1, Sum:  0.4, Workers: 4
[1953.310s][debug][gc,phases      ] GC(65)     Dead                           Min: 0, Avg:  0.0, Max: 0, Diff: 0, Sum: 0, Workers: 4
[1953.310s][debug][gc,phases      ] GC(65)     Total                          Min: 0, Avg: 10701.2, Max: 15231, Diff: 15231, Sum: 42805, Workers: 4
[1953.310s][debug][gc,phases      ] GC(65)   ResolvedMethodTable Weak       Min:  0.0, Avg:  0.0, Max:  0.0, Diff:  0.0, Sum:  0.1, Workers: 4
[1953.310s][debug][gc,phases      ] GC(65)     Dead                           Min: 0, Avg:  0.0, Max: 0, Diff: 0, Sum: 0, Workers: 4
[1953.310s][debug][gc,phases      ] GC(65)     Total                          Min: 0, Avg: 2092.8, Max: 2944, Diff: 2944, Sum: 8371, Workers: 4
[1953.310s][debug][gc,phases      ] GC(65)   JNI Weak                       Min:  0.0, Avg:  0.0, Max:  0.0, Diff:  0.0, Sum:  0.0, Workers: 4
[1953.310s][debug][gc,phases      ] GC(65)     Dead                           Min: 0, Avg:  0.0, Max: 0, Diff: 0, Sum: 0, Workers: 4
[1953.310s][debug][gc,phases      ] GC(65)     Total                          Min: 0, Avg: 11.2, Max: 45, Diff: 45, Sum: 45, Workers: 4
[1953.310s][debug][gc,phases      ] GC(65)   StringDedup Table Weak         Min:  0.0, Avg:  0.0, Max:  0.0, Diff:  0.0, Sum:  0.0, Workers: 4
[1953.310s][debug][gc,phases      ] GC(65)     Dead                           Min: 0, Avg:  0.0, Max: 0, Diff: 0, Sum: 0, Workers: 4
[1953.310s][debug][gc,phases      ] GC(65)     Total                          Min: 0, Avg:  0.0, Max: 0, Diff: 0, Sum: 0, Workers: 4
[1953.310s][debug][gc,phases      ] GC(65)   StringDedup Requests0 Weak     Min:  0.0, Avg:  0.0, Max:  0.0, Diff:  0.0, Sum:  0.0, Workers: 4
[1953.310s][debug][gc,phases      ] GC(65)     Dead                           Min: 0, Avg:  0.0, Max: 0, Diff: 0, Sum: 0, Workers: 4
[1953.310s][debug][gc,phases      ] GC(65)     Total                          Min: 0, Avg:  0.0, Max: 0, Diff: 0, Sum: 0, Workers: 4
[1953.310s][debug][gc,phases      ] GC(65)   StringDedup Requests1 Weak     Min:  0.0, Avg:  0.0, Max:  0.0, Diff:  0.0, Sum:  0.0, Workers: 4
[1953.310s][debug][gc,phases      ] GC(65)     Dead                           Min: 0, Avg:  0.0, Max: 0, Diff: 0, Sum: 0, Workers: 4
[1953.310s][debug][gc,phases      ] GC(65)     Total                          Min: 0, Avg:  0.0, Max: 0, Diff: 0, Sum: 0, Workers: 4
[1953.310s][debug][gc,phases      ] GC(65)   Weak JFR Old Object Samples    Min:  0.0, Avg:  0.0, Max:  0.0, Diff:  0.0, Sum:  0.0, Workers: 4
[1953.310s][debug][gc,phases      ] GC(65)     Dead                           Min: 0, Avg:  0.0, Max: 0, Diff: 0, Sum: 0, Workers: 4
[1953.310s][debug][gc,phases      ] GC(65)     Total                          Min: 0, Avg:  0.0, Max: 0, Diff: 0, Sum: 0, Workers: 4
[1953.310s][debug][gc,phases      ] GC(65) Weak Processing 0.344ms
[1953.310s][debug][gc,age         ] GC(65) Desired survivor size 59768832 bytes, new threshold 15 (max threshold 15)
[1953.310s][info ][gc,heap        ] GC(65) PSYoungGen: 1955248K(2022912K)->960K(2038784K) Eden: 1954304K(1954304K)->0K(1975296K) From: 944K(68608K)->960K(63488K)
[1953.310s][info ][gc,heap        ] GC(65) ParOldGen: 317546K(393216K)->317578K(393216K)
[1953.310s][info ][gc,metaspace   ] GC(65) Metaspace: 77933K(78848K)->77933K(78848K) NonClass: 66753K(67264K)->66753K(67264K) Class: 11180K(11584K)->11180K(11584K)
[1953.311s][info ][gc             ] GC(65) Pause Young (Allocation Failure) 2219M->311M(2375M) 2.692ms
[1953.311s][info ][gc,cpu         ] GC(65) User=0.01s Sys=0.00s Real=0.01s
[1953.311s][info ][safepoint      ] Safepoint "ParallelGCFailedAllocation", Time since last: 4243565216 ns, Reaching safepoint: 101407 ns, At safepoint: 2763391 ns, Total: 2864798 ns
[2007.157s][info ][gc,start       ] GC(66) Pause Young (Allocation Failure)
[2007.159s][debug][gc,phases      ] GC(66) Scavenge 1.905ms
[2007.159s][debug][gc,ref         ] GC(66) Skipped phase 1 of Reference Processing: no references
[2007.159s][debug][gc,ref         ] GC(66) ReferenceProcessor::execute queues: 1, RefProcThreadModel::Single, marks_oops_alive: false
[2007.159s][debug][gc,ref         ] GC(66) Skipped phase 3 of Reference Processing: no references
[2007.159s][debug][gc,ref         ] GC(66) Skipped phase 4 of Reference Processing: no references
[2007.159s][debug][gc,phases      ] GC(66) Reference Processing 0.099ms
[2007.159s][debug][gc,phases      ] GC(66)   VM Weak                        Min:  0.0, Avg:  0.0, Max:  0.0, Diff:  0.0, Sum:  0.0, Workers: 4
[2007.159s][debug][gc,phases      ] GC(66)     Dead                           Min: 0, Avg:  0.0, Max: 0, Diff: 0, Sum: 0, Workers: 4
[2007.159s][debug][gc,phases      ] GC(66)     Total                          Min: 0, Avg: 174.8, Max: 512, Diff: 512, Sum: 699, Workers: 4
[2007.159s][debug][gc,phases      ] GC(66)   ObjectSynchronizer Weak        Min:  0.0, Avg:  0.0, Max:  0.0, Diff:  0.0, Sum:  0.0, Workers: 4
[2007.159s][debug][gc,phases      ] GC(66)     Dead                           Min: 0, Avg:  0.0, Max: 0, Diff: 0, Sum: 0, Workers: 4
[2007.159s][debug][gc,phases      ] GC(66)     Total                          Min: 0, Avg:  7.0, Max: 28, Diff: 28, Sum: 28, Workers: 4
[2007.159s][debug][gc,phases      ] GC(66)   JVMTI Tag Weak OopStorage      Min:  0.0, Avg:  0.0, Max:  0.0, Diff:  0.0, Sum:  0.0, Workers: 4
[2007.159s][debug][gc,phases      ] GC(66)     Dead                           Min: 0, Avg:  0.0, Max: 0, Diff: 0, Sum: 0, Workers: 4
[2007.159s][debug][gc,phases      ] GC(66)     Total                          Min: 0, Avg:  0.0, Max: 0, Diff: 0, Sum: 0, Workers: 4
[2007.159s][debug][gc,phases      ] GC(66)   StringTable Weak               Min:  0.0, Avg:  0.1, Max:  0.1, Diff:  0.1, Sum:  0.4, Workers: 4
[2007.159s][debug][gc,phases      ] GC(66)     Dead                           Min: 0, Avg:  0.0, Max: 0, Diff: 0, Sum: 0, Workers: 4
[2007.159s][debug][gc,phases      ] GC(66)     Total                          Min: 0, Avg: 10701.2, Max: 15095, Diff: 15095, Sum: 42805, Workers: 4
[2007.159s][debug][gc,phases      ] GC(66)   ResolvedMethodTable Weak       Min:  0.0, Avg:  0.0, Max:  0.0, Diff:  0.0, Sum:  0.1, Workers: 4
[2007.159s][debug][gc,phases      ] GC(66)     Dead                           Min: 0, Avg:  0.0, Max: 0, Diff: 0, Sum: 0, Workers: 4
[2007.159s][debug][gc,phases      ] GC(66)     Total                          Min: 0, Avg: 2092.8, Max: 3008, Diff: 3008, Sum: 8371, Workers: 4
[2007.159s][debug][gc,phases      ] GC(66)   JNI Weak                       Min:  0.0, Avg:  0.0, Max:  0.0, Diff:  0.0, Sum:  0.0, Workers: 4
[2007.159s][debug][gc,phases      ] GC(66)     Dead                           Min: 0, Avg:  0.0, Max: 0, Diff: 0, Sum: 0, Workers: 4
[2007.159s][debug][gc,phases      ] GC(66)     Total                          Min: 0, Avg: 11.2, Max: 45, Diff: 45, Sum: 45, Workers: 4
[2007.159s][debug][gc,phases      ] GC(66)   StringDedup Table Weak         Min:  0.0, Avg:  0.0, Max:  0.0, Diff:  0.0, Sum:  0.0, Workers: 4
[2007.159s][debug][gc,phases      ] GC(66)     Dead                           Min: 0, Avg:  0.0, Max: 0, Diff: 0, Sum: 0, Workers: 4
[2007.159s][debug][gc,phases      ] GC(66)     Total                          Min: 0, Avg:  0.0, Max: 0, Diff: 0, Sum: 0, Workers: 4
[2007.159s][debug][gc,phases      ] GC(66)   StringDedup Requests0 Weak     Min:  0.0, Avg:  0.0, Max:  0.0, Diff:  0.0, Sum:  0.0, Workers: 4
[2007.159s][debug][gc,phases      ] GC(66)     Dead                           Min: 0, Avg:  0.0, Max: 0, Diff: 0, Sum: 0, Workers: 4
[2007.159s][debug][gc,phases      ] GC(66)     Total                          Min: 0, Avg:  0.0, Max: 0, Diff: 0, Sum: 0, Workers: 4
[2007.159s][debug][gc,phases      ] GC(66)   StringDedup Requests1 Weak     Min:  0.0, Avg:  0.0, Max:  0.0, Diff:  0.0, Sum:  0.0, Workers: 4
[2007.159s][debug][gc,phases      ] GC(66)     Dead                           Min: 0, Avg:  0.0, Max: 0, Diff: 0, Sum: 0, Workers: 4
[2007.159s][debug][gc,phases      ] GC(66)     Total                          Min: 0, Avg:  0.0, Max: 0, Diff: 0, Sum: 0, Workers: 4
[2007.159s][debug][gc,phases      ] GC(66)   Weak JFR Old Object Samples    Min:  0.0, Avg:  0.0, Max:  0.0, Diff:  0.0, Sum:  0.0, Workers: 4
[2007.159s][debug][gc,phases      ] GC(66)     Dead                           Min: 0, Avg:  0.0, Max: 0, Diff: 0, Sum: 0, Workers: 4
[2007.159s][debug][gc,phases      ] GC(66)     Total                          Min: 0, Avg:  0.0, Max: 0, Diff: 0, Sum: 0, Workers: 4
[2007.159s][debug][gc,phases      ] GC(66) Weak Processing 0.346ms
[2007.159s][debug][gc,age         ] GC(66) Desired survivor size 55050240 bytes, new threshold 15 (max threshold 15)
[2007.159s][info ][gc,heap        ] GC(66) PSYoungGen: 1976256K(2038784K)->1008K(2033664K) Eden: 1975296K(1975296K)->0K(1975296K) From: 960K(63488K)->1008K(58368K)
[2007.159s][info ][gc,heap        ] GC(66) ParOldGen: 317578K(393216K)->317602K(393216K)
[2007.159s][info ][gc,metaspace   ] GC(66) Metaspace: 77933K(78848K)->77933K(78848K) NonClass: 66753K(67264K)->66753K(67264K) Class: 11180K(11584K)->11180K(11584K)
[2007.159s][info ][gc             ] GC(66) Pause Young (Allocation Failure) 2240M->311M(2370M) 2.461ms
[2007.159s][info ][gc,cpu         ] GC(66) User=0.00s Sys=0.00s Real=0.00s
[2007.159s][info ][safepoint      ] Safepoint "ParallelGCFailedAllocation", Time since last: 53846357971 ns, Reaching safepoint: 38902 ns, At safepoint: 2551676 ns, Total: 2590578 ns
[2060.957s][info ][gc,start       ] GC(67) Pause Young (Allocation Failure)
[2060.960s][debug][gc,phases      ] GC(67) Scavenge 3.204ms
[2060.960s][debug][gc,ref         ] GC(67) Skipped phase 1 of Reference Processing: no references
[2060.960s][debug][gc,ref         ] GC(67) ReferenceProcessor::execute queues: 1, RefProcThreadModel::Single, marks_oops_alive: false
[2060.960s][debug][gc,ref         ] GC(67) Skipped phase 3 of Reference Processing: no references
[2060.960s][debug][gc,ref         ] GC(67) Skipped phase 4 of Reference Processing: no references
[2060.960s][debug][gc,phases      ] GC(67) Reference Processing 0.112ms
[2060.960s][debug][gc,phases      ] GC(67)   VM Weak                        Min:  0.0, Avg:  0.0, Max:  0.0, Diff:  0.0, Sum:  0.0, Workers: 4
[2060.960s][debug][gc,phases      ] GC(67)     Dead                           Min: 0, Avg:  0.0, Max: 0, Diff: 0, Sum: 0, Workers: 4
[2060.960s][debug][gc,phases      ] GC(67)     Total                          Min: 0, Avg: 174.8, Max: 640, Diff: 640, Sum: 699, Workers: 4
[2060.960s][debug][gc,phases      ] GC(67)   ObjectSynchronizer Weak        Min:  0.0, Avg:  0.0, Max:  0.0, Diff:  0.0, Sum:  0.0, Workers: 4
[2060.960s][debug][gc,phases      ] GC(67)     Dead                           Min: 0, Avg:  0.0, Max: 0, Diff: 0, Sum: 0, Workers: 4
[2060.960s][debug][gc,phases      ] GC(67)     Total                          Min: 0, Avg:  7.0, Max: 28, Diff: 28, Sum: 28, Workers: 4
[2060.960s][debug][gc,phases      ] GC(67)   JVMTI Tag Weak OopStorage      Min:  0.0, Avg:  0.0, Max:  0.0, Diff:  0.0, Sum:  0.0, Workers: 4
[2060.960s][debug][gc,phases      ] GC(67)     Dead                           Min: 0, Avg:  0.0, Max: 0, Diff: 0, Sum: 0, Workers: 4
[2060.960s][debug][gc,phases      ] GC(67)     Total                          Min: 0, Avg:  0.0, Max: 0, Diff: 0, Sum: 0, Workers: 4
[2060.960s][debug][gc,phases      ] GC(67)   StringTable Weak               Min:  0.0, Avg:  0.1, Max:  0.1, Diff:  0.1, Sum:  0.4, Workers: 4
[2060.960s][debug][gc,phases      ] GC(67)     Dead                           Min: 0, Avg:  0.0, Max: 0, Diff: 0, Sum: 0, Workers: 4
[2060.960s][debug][gc,phases      ] GC(67)     Total                          Min: 0, Avg: 10701.2, Max: 15232, Diff: 15232, Sum: 42805, Workers: 4
[2060.960s][debug][gc,phases      ] GC(67)   ResolvedMethodTable Weak       Min:  0.0, Avg:  0.0, Max:  0.0, Diff:  0.0, Sum:  0.1, Workers: 4
[2060.960s][debug][gc,phases      ] GC(67)     Dead                           Min: 0, Avg:  0.0, Max: 0, Diff: 0, Sum: 0, Workers: 4
[2060.960s][debug][gc,phases      ] GC(67)     Total                          Min: 0, Avg: 2092.8, Max: 3136, Diff: 3136, Sum: 8371, Workers: 4
[2060.960s][debug][gc,phases      ] GC(67)   JNI Weak                       Min:  0.0, Avg:  0.0, Max:  0.0, Diff:  0.0, Sum:  0.0, Workers: 4
[2060.960s][debug][gc,phases      ] GC(67)     Dead                           Min: 0, Avg:  0.0, Max: 0, Diff: 0, Sum: 0, Workers: 4
[2060.960s][debug][gc,phases      ] GC(67)     Total                          Min: 0, Avg: 11.2, Max: 45, Diff: 45, Sum: 45, Workers: 4
[2060.960s][debug][gc,phases      ] GC(67)   StringDedup Table Weak         Min:  0.0, Avg:  0.0, Max:  0.0, Diff:  0.0, Sum:  0.0, Workers: 4
[2060.960s][debug][gc,phases      ] GC(67)     Dead                           Min: 0, Avg:  0.0, Max: 0, Diff: 0, Sum: 0, Workers: 4
[2060.960s][debug][gc,phases      ] GC(67)     Total                          Min: 0, Avg:  0.0, Max: 0, Diff: 0, Sum: 0, Workers: 4
[2060.960s][debug][gc,phases      ] GC(67)   StringDedup Requests0 Weak     Min:  0.0, Avg:  0.0, Max:  0.0, Diff:  0.0, Sum:  0.0, Workers: 4
[2060.960s][debug][gc,phases      ] GC(67)     Dead                           Min: 0, Avg:  0.0, Max: 0, Diff: 0, Sum: 0, Workers: 4
[2060.960s][debug][gc,phases      ] GC(67)     Total                          Min: 0, Avg:  0.0, Max: 0, Diff: 0, Sum: 0, Workers: 4
[2060.960s][debug][gc,phases      ] GC(67)   StringDedup Requests1 Weak     Min:  0.0, Avg:  0.0, Max:  0.0, Diff:  0.0, Sum:  0.0, Workers: 4
[2060.960s][debug][gc,phases      ] GC(67)     Dead                           Min: 0, Avg:  0.0, Max: 0, Diff: 0, Sum: 0, Workers: 4
[2060.960s][debug][gc,phases      ] GC(67)     Total                          Min: 0, Avg:  0.0, Max: 0, Diff: 0, Sum: 0, Workers: 4
[2060.960s][debug][gc,phases      ] GC(67)   Weak JFR Old Object Samples    Min:  0.0, Avg:  0.0, Max:  0.0, Diff:  0.0, Sum:  0.0, Workers: 4
[2060.960s][debug][gc,phases      ] GC(67)     Dead                           Min: 0, Avg:  0.0, Max: 0, Diff: 0, Sum: 0, Workers: 4
[2060.960s][debug][gc,phases      ] GC(67)     Total                          Min: 0, Avg:  0.0, Max: 0, Diff: 0, Sum: 0, Workers: 4
[2060.960s][debug][gc,phases      ] GC(67) Weak Processing 0.340ms
[2060.960s][debug][gc,age         ] GC(67) Desired survivor size 50855936 bytes, new threshold 15 (max threshold 15)
[2060.961s][info ][gc,heap        ] GC(67) PSYoungGen: 1976304K(2033664K)->1072K(2047488K) Eden: 1975296K(1975296K)->0K(1993728K) From: 1008K(58368K)->1072K(53760K)
[2060.961s][info ][gc,heap        ] GC(67) ParOldGen: 317602K(393216K)->317634K(393216K)
[2060.961s][info ][gc,metaspace   ] GC(67) Metaspace: 77934K(78848K)->77934K(78848K) NonClass: 66754K(67264K)->66754K(67264K) Class: 11180K(11584K)->11180K(11584K)
[2060.961s][info ][gc             ] GC(67) Pause Young (Allocation Failure) 2240M->311M(2383M) 3.783ms
[2060.961s][info ][gc,cpu         ] GC(67) User=0.00s Sys=0.00s Real=0.00s
[2060.961s][info ][safepoint      ] Safepoint "ParallelGCFailedAllocation", Time since last: 53797185056 ns, Reaching safepoint: 44203 ns, At safepoint: 3849865 ns, Total: 3894068 ns
[2078.962s][info ][safepoint      ] Safepoint "Cleanup", Time since last: 18001128519 ns, Reaching safepoint: 42603 ns, At safepoint: 2900 ns, Total: 45503 ns
[2101.963s][info ][safepoint      ] Safepoint "Cleanup", Time since last: 23001397571 ns, Reaching safepoint: 100207 ns, At safepoint: 7501 ns, Total: 107708 ns
[2102.963s][info ][safepoint      ] Safepoint "Cleanup", Time since last: 1000090993 ns, Reaching safepoint: 99107 ns, At safepoint: 2500 ns, Total: 101607 ns
[2104.964s][info ][safepoint      ] Safepoint "Cleanup", Time since last: 2000133283 ns, Reaching safepoint: 48903 ns, At safepoint: 3000 ns, Total: 51903 ns
[2107.964s][info ][safepoint      ] Safepoint "Cleanup", Time since last: 3000248252 ns, Reaching safepoint: 49003 ns, At safepoint: 3000 ns, Total: 52003 ns
[2130.966s][info ][safepoint      ] Safepoint "Cleanup", Time since last: 23001526250 ns, Reaching safepoint: 47303 ns, At safepoint: 3400 ns, Total: 50703 ns
[2145.967s][info ][safepoint      ] Safepoint "Cleanup", Time since last: 15001036286 ns, Reaching safepoint: 44203 ns, At safepoint: 3700 ns, Total: 47903 ns
[2150.967s][info ][safepoint      ] Safepoint "Cleanup", Time since last: 5000352052 ns, Reaching safepoint: 42903 ns, At safepoint: 3600 ns, Total: 46503 ns
[2151.357s][info ][gc,start       ] GC(68) Pause Young (Allocation Failure)
[2151.359s][debug][gc,phases      ] GC(68) Scavenge 2.719ms
[2151.359s][debug][gc,ref         ] GC(68) Skipped phase 1 of Reference Processing: no references
[2151.359s][debug][gc,ref         ] GC(68) ReferenceProcessor::execute queues: 1, RefProcThreadModel::Single, marks_oops_alive: false
[2151.359s][debug][gc,ref         ] GC(68) ReferenceProcessor::execute queues: 4, RefProcThreadModel::Multi, marks_oops_alive: true
[2151.360s][debug][gc,ref         ] GC(68) ReferenceProcessor::execute queues: 1, RefProcThreadModel::Single, marks_oops_alive: false
[2151.360s][debug][gc,phases      ] GC(68) Reference Processing 0.502ms
[2151.360s][debug][gc,phases      ] GC(68)   VM Weak                        Min:  0.0, Avg:  0.0, Max:  0.0, Diff:  0.0, Sum:  0.0, Workers: 4
[2151.360s][debug][gc,phases      ] GC(68)     Dead                           Min: 0, Avg:  0.0, Max: 0, Diff: 0, Sum: 0, Workers: 4
[2151.360s][debug][gc,phases      ] GC(68)     Total                          Min: 0, Avg: 175.0, Max: 380, Diff: 380, Sum: 700, Workers: 4
[2151.360s][debug][gc,phases      ] GC(68)   ObjectSynchronizer Weak        Min:  0.0, Avg:  0.0, Max:  0.0, Diff:  0.0, Sum:  0.0, Workers: 4
[2151.360s][debug][gc,phases      ] GC(68)     Dead                           Min: 0, Avg:  0.0, Max: 0, Diff: 0, Sum: 0, Workers: 4
[2151.360s][debug][gc,phases      ] GC(68)     Total                          Min: 0, Avg:  7.2, Max: 29, Diff: 29, Sum: 29, Workers: 4
[2151.360s][debug][gc,phases      ] GC(68)   JVMTI Tag Weak OopStorage      Min:  0.0, Avg:  0.0, Max:  0.0, Diff:  0.0, Sum:  0.0, Workers: 4
[2151.360s][debug][gc,phases      ] GC(68)     Dead                           Min: 0, Avg:  0.0, Max: 0, Diff: 0, Sum: 0, Workers: 4
[2151.360s][debug][gc,phases      ] GC(68)     Total                          Min: 0, Avg:  0.0, Max: 0, Diff: 0, Sum: 0, Workers: 4
[2151.360s][debug][gc,phases      ] GC(68)   StringTable Weak               Min:  0.0, Avg:  0.1, Max:  0.1, Diff:  0.1, Sum:  0.4, Workers: 4
[2151.360s][debug][gc,phases      ] GC(68)     Dead                           Min: 0, Avg:  0.0, Max: 0, Diff: 0, Sum: 0, Workers: 4
[2151.360s][debug][gc,phases      ] GC(68)     Total                          Min: 0, Avg: 10703.2, Max: 15488, Diff: 15488, Sum: 42813, Workers: 4
[2151.360s][debug][gc,phases      ] GC(68)   ResolvedMethodTable Weak       Min:  0.0, Avg:  0.0, Max:  0.0, Diff:  0.0, Sum:  0.1, Workers: 4
[2151.360s][debug][gc,phases      ] GC(68)     Dead                           Min: 0, Avg:  0.2, Max: 1, Diff: 1, Sum: 1, Workers: 4
[2151.360s][debug][gc,phases      ] GC(68)     Total                          Min: 0, Avg: 2092.8, Max: 3135, Diff: 3135, Sum: 8371, Workers: 4
[2151.360s][debug][gc,phases      ] GC(68)   JNI Weak                       Min:  0.0, Avg:  0.0, Max:  0.0, Diff:  0.0, Sum:  0.0, Workers: 4
[2151.360s][debug][gc,phases      ] GC(68)     Dead                           Min: 0, Avg:  0.0, Max: 0, Diff: 0, Sum: 0, Workers: 4
[2151.360s][debug][gc,phases      ] GC(68)     Total                          Min: 0, Avg: 11.2, Max: 45, Diff: 45, Sum: 45, Workers: 4
[2151.360s][debug][gc,phases      ] GC(68)   StringDedup Table Weak         Min:  0.0, Avg:  0.0, Max:  0.0, Diff:  0.0, Sum:  0.0, Workers: 4
[2151.360s][debug][gc,phases      ] GC(68)     Dead                           Min: 0, Avg:  0.0, Max: 0, Diff: 0, Sum: 0, Workers: 4
[2151.360s][debug][gc,phases      ] GC(68)     Total                          Min: 0, Avg:  0.0, Max: 0, Diff: 0, Sum: 0, Workers: 4
[2151.360s][debug][gc,phases      ] GC(68)   StringDedup Requests0 Weak     Min:  0.0, Avg:  0.0, Max:  0.0, Diff:  0.0, Sum:  0.0, Workers: 4
[2151.360s][debug][gc,phases      ] GC(68)     Dead                           Min: 0, Avg:  0.0, Max: 0, Diff: 0, Sum: 0, Workers: 4
[2151.360s][debug][gc,phases      ] GC(68)     Total                          Min: 0, Avg:  0.0, Max: 0, Diff: 0, Sum: 0, Workers: 4
[2151.360s][debug][gc,phases      ] GC(68)   StringDedup Requests1 Weak     Min:  0.0, Avg:  0.0, Max:  0.0, Diff:  0.0, Sum:  0.0, Workers: 4
[2151.360s][debug][gc,phases      ] GC(68)     Dead                           Min: 0, Avg:  0.0, Max: 0, Diff: 0, Sum: 0, Workers: 4
[2151.360s][debug][gc,phases      ] GC(68)     Total                          Min: 0, Avg:  0.0, Max: 0, Diff: 0, Sum: 0, Workers: 4
[2151.360s][debug][gc,phases      ] GC(68)   Weak JFR Old Object Samples    Min:  0.0, Avg:  0.0, Max:  0.0, Diff:  0.0, Sum:  0.0, Workers: 4
[2151.360s][debug][gc,phases      ] GC(68)     Dead                           Min: 0, Avg:  0.0, Max: 0, Diff: 0, Sum: 0, Workers: 4
[2151.360s][debug][gc,phases      ] GC(68)     Total                          Min: 0, Avg:  0.0, Max: 0, Diff: 0, Sum: 0, Workers: 4
[2151.360s][debug][gc,phases      ] GC(68) Weak Processing 0.371ms
[2151.360s][debug][gc,age         ] GC(68) Desired survivor size 46661632 bytes, new threshold 15 (max threshold 15)
[2151.360s][info ][gc,heap        ] GC(68) PSYoungGen: 1994800K(2047488K)->1024K(2043392K) Eden: 1993728K(1993728K)->0K(1993728K) From: 1072K(53760K)->1024K(49664K)
[2151.360s][info ][gc,heap        ] GC(68) ParOldGen: 317634K(393216K)->317666K(393216K)
[2151.360s][info ][gc,metaspace   ] GC(68) Metaspace: 77989K(78848K)->77989K(78848K) NonClass: 66805K(67264K)->66805K(67264K) Class: 11184K(11584K)->11184K(11584K)
[2151.360s][info ][gc             ] GC(68) Pause Young (Allocation Failure) 2258M->311M(2379M) 3.713ms
[2151.360s][info ][gc,cpu         ] GC(68) User=0.01s Sys=0.01s Real=0.00s
[2151.360s][info ][safepoint      ] Safepoint "ParallelGCFailedAllocation", Time since last: 389507264 ns, Reaching safepoint: 40602 ns, At safepoint: 3782558 ns, Total: 3823160 ns
[2162.361s][info ][safepoint      ] Safepoint "Cleanup", Time since last: 11000627354 ns, Reaching safepoint: 110007 ns, At safepoint: 6801 ns, Total: 116808 ns
[2187.363s][info ][safepoint      ] Safepoint "Cleanup", Time since last: 25001784769 ns, Reaching safepoint: 41503 ns, At safepoint: 4600 ns, Total: 46103 ns
[2188.384s][info ][safepoint      ] Safepoint "Cleanup", Time since last: 1020856748 ns, Reaching safepoint: 63804 ns, At safepoint: 2800 ns, Total: 66604 ns
[2201.708s][info ][safepoint      ] Safepoint "Cleanup", Time since last: 13324307378 ns, Reaching safepoint: 50603 ns, At safepoint: 2901 ns, Total: 53504 ns
[2208.299s][info ][safepoint      ] Safepoint "Cleanup", Time since last: 6590720073 ns, Reaching safepoint: 107907 ns, At safepoint: 10701 ns, Total: 118608 ns
[2208.920s][info ][safepoint      ] Safepoint "ICBufferFull", Time since last: 621013752 ns, Reaching safepoint: 230016 ns, At safepoint: 6800 ns, Total: 236816 ns
[2209.921s][info ][safepoint      ] Safepoint "Cleanup", Time since last: 1000114407 ns, Reaching safepoint: 173412 ns, At safepoint: 3800 ns, Total: 177212 ns
[2210.921s][info ][safepoint      ] Safepoint "Cleanup", Time since last: 1000128146 ns, Reaching safepoint: 58804 ns, At safepoint: 4600 ns, Total: 63404 ns
[2211.921s][info ][safepoint      ] Safepoint "Cleanup", Time since last: 1000106171 ns, Reaching safepoint: 42103 ns, At safepoint: 2900 ns, Total: 45003 ns
[2213.921s][info ][safepoint      ] Safepoint "Cleanup", Time since last: 2000172339 ns, Reaching safepoint: 57704 ns, At safepoint: 2500 ns, Total: 60204 ns
[2225.922s][info ][safepoint      ] Safepoint "Cleanup", Time since last: 12001038721 ns, Reaching safepoint: 58804 ns, At safepoint: 4400 ns, Total: 63204 ns
[2231.923s][info ][safepoint      ] Safepoint "Cleanup", Time since last: 6000449739 ns, Reaching safepoint: 43903 ns, At safepoint: 4300 ns, Total: 48203 ns
[2324.507s][info ][gc,start       ] GC(69) Pause Young (Allocation Failure)
[2324.512s][debug][gc,phases      ] GC(69) Scavenge 5.326ms
[2324.512s][debug][gc,ref         ] GC(69) Skipped phase 1 of Reference Processing: no references
[2324.512s][debug][gc,ref         ] GC(69) ReferenceProcessor::execute queues: 1, RefProcThreadModel::Single, marks_oops_alive: false
[2324.512s][debug][gc,ref         ] GC(69) ReferenceProcessor::execute queues: 4, RefProcThreadModel::Multi, marks_oops_alive: true
[2324.512s][debug][gc,ref         ] GC(69) ReferenceProcessor::execute queues: 1, RefProcThreadModel::Single, marks_oops_alive: false
[2324.512s][debug][gc,phases      ] GC(69) Reference Processing 0.201ms
[2324.512s][debug][gc,phases      ] GC(69)   VM Weak                        Min:  0.0, Avg:  0.0, Max:  0.0, Diff:  0.0, Sum:  0.0, Workers: 4
[2324.512s][debug][gc,phases      ] GC(69)     Dead                           Min: 0, Avg:  0.0, Max: 0, Diff: 0, Sum: 0, Workers: 4
[2324.512s][debug][gc,phases      ] GC(69)     Total                          Min: 0, Avg: 175.0, Max: 640, Diff: 640, Sum: 700, Workers: 4
[2324.512s][debug][gc,phases      ] GC(69)   ObjectSynchronizer Weak        Min:  0.0, Avg:  0.0, Max:  0.0, Diff:  0.0, Sum:  0.0, Workers: 4
[2324.512s][debug][gc,phases      ] GC(69)     Dead                           Min: 0, Avg:  0.0, Max: 0, Diff: 0, Sum: 0, Workers: 4
[2324.512s][debug][gc,phases      ] GC(69)     Total                          Min: 0, Avg:  7.8, Max: 31, Diff: 31, Sum: 31, Workers: 4
[2324.512s][debug][gc,phases      ] GC(69)   JVMTI Tag Weak OopStorage      Min:  0.0, Avg:  0.0, Max:  0.0, Diff:  0.0, Sum:  0.0, Workers: 4
[2324.512s][debug][gc,phases      ] GC(69)     Dead                           Min: 0, Avg:  0.0, Max: 0, Diff: 0, Sum: 0, Workers: 4
[2324.512s][debug][gc,phases      ] GC(69)     Total                          Min: 0, Avg:  0.0, Max: 0, Diff: 0, Sum: 0, Workers: 4
[2324.512s][debug][gc,phases      ] GC(69)   StringTable Weak               Min:  0.0, Avg:  0.1, Max:  0.1, Diff:  0.1, Sum:  0.4, Workers: 4
[2324.512s][debug][gc,phases      ] GC(69)     Dead                           Min: 0, Avg:  0.0, Max: 0, Diff: 0, Sum: 0, Workers: 4
[2324.512s][debug][gc,phases      ] GC(69)     Total                          Min: 0, Avg: 10708.0, Max: 15696, Diff: 15696, Sum: 42832, Workers: 4
[2324.512s][debug][gc,phases      ] GC(69)   ResolvedMethodTable Weak       Min:  0.0, Avg:  0.0, Max:  0.0, Diff:  0.0, Sum:  0.1, Workers: 4
[2324.512s][debug][gc,phases      ] GC(69)     Dead                           Min: 0, Avg:  0.2, Max: 1, Diff: 1, Sum: 1, Workers: 4
[2324.512s][debug][gc,phases      ] GC(69)     Total                          Min: 0, Avg: 2092.8, Max: 3188, Diff: 3188, Sum: 8371, Workers: 4
[2324.512s][debug][gc,phases      ] GC(69)   JNI Weak                       Min:  0.0, Avg:  0.0, Max:  0.0, Diff:  0.0, Sum:  0.0, Workers: 4
[2324.512s][debug][gc,phases      ] GC(69)     Dead                           Min: 0, Avg:  0.0, Max: 0, Diff: 0, Sum: 0, Workers: 4
[2324.512s][debug][gc,phases      ] GC(69)     Total                          Min: 0, Avg: 11.2, Max: 45, Diff: 45, Sum: 45, Workers: 4
[2324.512s][debug][gc,phases      ] GC(69)   StringDedup Table Weak         Min:  0.0, Avg:  0.0, Max:  0.0, Diff:  0.0, Sum:  0.0, Workers: 4
[2324.512s][debug][gc,phases      ] GC(69)     Dead                           Min: 0, Avg:  0.0, Max: 0, Diff: 0, Sum: 0, Workers: 4
[2324.512s][debug][gc,phases      ] GC(69)     Total                          Min: 0, Avg:  0.0, Max: 0, Diff: 0, Sum: 0, Workers: 4
[2324.512s][debug][gc,phases      ] GC(69)   StringDedup Requests0 Weak     Min:  0.0, Avg:  0.0, Max:  0.0, Diff:  0.0, Sum:  0.0, Workers: 4
[2324.512s][debug][gc,phases      ] GC(69)     Dead                           Min: 0, Avg:  0.0, Max: 0, Diff: 0, Sum: 0, Workers: 4
[2324.512s][debug][gc,phases      ] GC(69)     Total                          Min: 0, Avg:  0.0, Max: 0, Diff: 0, Sum: 0, Workers: 4
[2324.512s][debug][gc,phases      ] GC(69)   StringDedup Requests1 Weak     Min:  0.0, Avg:  0.0, Max:  0.0, Diff:  0.0, Sum:  0.0, Workers: 4
[2324.512s][debug][gc,phases      ] GC(69)     Dead                           Min: 0, Avg:  0.0, Max: 0, Diff: 0, Sum: 0, Workers: 4
[2324.512s][debug][gc,phases      ] GC(69)     Total                          Min: 0, Avg:  0.0, Max: 0, Diff: 0, Sum: 0, Workers: 4
[2324.512s][debug][gc,phases      ] GC(69)   Weak JFR Old Object Samples    Min:  0.0, Avg:  0.0, Max:  0.0, Diff:  0.0, Sum:  0.0, Workers: 4
[2324.512s][debug][gc,phases      ] GC(69)     Dead                           Min: 0, Avg:  0.0, Max: 0, Diff: 0, Sum: 0, Workers: 4
[2324.512s][debug][gc,phases      ] GC(69)     Total                          Min: 0, Avg:  0.0, Max: 0, Diff: 0, Sum: 0, Workers: 4
[2324.513s][debug][gc,phases      ] GC(69) Weak Processing 0.351ms
[2324.513s][debug][gc,age         ] GC(69) Desired survivor size 44040192 bytes, new threshold 15 (max threshold 15)
[2324.513s][info ][gc,heap        ] GC(69) PSYoungGen: 1994752K(2043392K)->7680K(2054144K) Eden: 1993728K(1993728K)->0K(2008576K) From: 1024K(49664K)->7680K(45568K)
[2324.513s][info ][gc,heap        ] GC(69) ParOldGen: 317666K(393216K)->317698K(393216K)
[2324.513s][info ][gc,metaspace   ] GC(69) Metaspace: 78077K(78912K)->78077K(78912K) NonClass: 66892K(67328K)->66892K(67328K) Class: 11184K(11584K)->11184K(11584K)
[2324.513s][info ][gc             ] GC(69) Pause Young (Allocation Failure) 2258M->317M(2390M) 6.004ms
[2324.513s][info ][gc,cpu         ] GC(69) User=0.02s Sys=0.00s Real=0.01s
[2324.513s][info ][safepoint      ] Safepoint "ParallelGCFailedAllocation", Time since last: 92583720701 ns, Reaching safepoint: 24702 ns, At safepoint: 6105501 ns, Total: 6130203 ns
[2334.203s][info ][gc,heap,exit   ] Heap
[2334.204s][info ][gc,heap,exit   ]  PSYoungGen      total 2054144K, used 247527K [0x0000000780000000, 0x0000000800000000, 0x0000000800000000)
[2334.204s][info ][gc,heap,exit   ]   eden space 2008576K, 11% used [0x0000000780000000,0x000000078ea39ba8,0x00000007fa980000)
[2334.204s][info ][gc,heap,exit   ]   from space 45568K, 16% used [0x00000007fd380000,0x00000007fdb000f0,0x0000000800000000)
[2334.204s][info ][gc,heap,exit   ]   to   space 43008K, 0% used [0x00000007fa980000,0x00000007fa980000,0x00000007fd380000)
[2334.204s][info ][gc,heap,exit   ]  ParOldGen       total 393216K, used 317698K [0x0000000740000000, 0x0000000758000000, 0x0000000780000000)
[2334.204s][info ][gc,heap,exit   ]   object space 393216K, 80% used [0x0000000740000000,0x0000000753640a70,0x0000000758000000)
[2334.204s][info ][gc,heap,exit   ]  Metaspace       used 78122K, committed 79040K, reserved 1179648K
[2334.204s][info ][gc,heap,exit   ]   class space    used 11190K, committed 11584K, reserved 1048576K
