[0.002s][info][gc] Using Parallel
[0.003s][info][gc,init] Version: 17.0.2+8-LTS (release)
[0.003s][info][gc,init] CPUs: 8 total, 8 available
[0.003s][info][gc,init] Memory: 32112M
[0.003s][info][gc,init] Large Page Support: Disabled
[0.003s][info][gc,init] NUMA Support: Disabled
[0.003s][info][gc,init] Compressed Oops: Enabled (Zero based)
[0.003s][info][gc,init] Alignments: Space 512K, Generation 512K, Heap 2M
[0.003s][info][gc,init] Heap Min Capacity: 2054M
[0.003s][info][gc,init] Heap Initial Capacity: 2054M
[0.003s][info][gc,init] Heap Max Capacity: 3G
[0.003s][info][gc,init] Pre-touch: Disabled
[0.003s][info][gc,init] Parallel Workers: 4
[0.003s][info][gc,metaspace] CDS archive(s) not mapped
[0.003s][info][gc,metaspace] Compressed class space mapped at: 0x0000000800000000-0x0000000840000000, reserved size: 1073741824
[0.003s][info][gc,metaspace] Narrow klass base: 0x0000000800000000, Narrow klass shift: 0, Narrow klass range: 0x40000000
[0.695s][info][safepoint   ] Safepoint "ICBufferFull", Time since last: 674348119 ns, Reaching safepoint: 152201 ns, At safepoint: 7100 ns, Total: 159301 ns
[0.880s][info][safepoint   ] Safepoint "ICBufferFull", Time since last: 184380927 ns, Reaching safepoint: 105901 ns, At safepoint: 7800 ns, Total: 113701 ns
[1.101s][info][gc,start    ] GC(0) Pause Young (Metadata GC Threshold)
[1.110s][debug][gc,phases   ] GC(0) Scavenge 9.199ms
[1.110s][debug][gc,ref      ] GC(0) Skipped phase 1 of Reference Processing: no references
[1.110s][debug][gc,ref      ] GC(0) ReferenceProcessor::execute queues: 1, RefProcThreadModel::Single, marks_oops_alive: false
[1.110s][debug][gc,ref      ] GC(0) Skipped phase 3 of Reference Processing: no references
[1.110s][debug][gc,ref      ] GC(0) ReferenceProcessor::execute queues: 1, RefProcThreadModel::Single, marks_oops_alive: false
[1.110s][debug][gc,phases   ] GC(0) Reference Processing 0.153ms
[1.110s][debug][gc,phases   ] GC(0)   VM Weak                        Min:  0.0, Avg:  0.0, Max:  0.0, Diff:  0.0, Sum:  0.0, Workers: 4
[1.110s][debug][gc,phases   ] GC(0)     Dead                           Min: 0, Avg:  0.0, Max: 0, Diff: 0, Sum: 0, Workers: 4
[1.110s][debug][gc,phases   ] GC(0)     Total                          Min: 0, Avg: 31.5, Max: 64, Diff: 64, Sum: 126, Workers: 4
[1.110s][debug][gc,phases   ] GC(0)   ObjectSynchronizer Weak        Min:  0.0, Avg:  0.0, Max:  0.0, Diff:  0.0, Sum:  0.0, Workers: 4
[1.110s][debug][gc,phases   ] GC(0)     Dead                           Min: 0, Avg:  0.2, Max: 1, Diff: 1, Sum: 1, Workers: 4
[1.110s][debug][gc,phases   ] GC(0)     Total                          Min: 0, Avg:  1.0, Max: 4, Diff: 4, Sum: 4, Workers: 4
[1.110s][debug][gc,phases   ] GC(0)   JVMTI Tag Weak OopStorage      Min:  0.0, Avg:  0.0, Max:  0.0, Diff:  0.0, Sum:  0.0, Workers: 4
[1.110s][debug][gc,phases   ] GC(0)     Dead                           Min: 0, Avg:  0.0, Max: 0, Diff: 0, Sum: 0, Workers: 4
[1.110s][debug][gc,phases   ] GC(0)     Total                          Min: 0, Avg:  0.0, Max: 0, Diff: 0, Sum: 0, Workers: 4
[1.110s][debug][gc,phases   ] GC(0)   StringTable Weak               Min:  0.0, Avg:  0.1, Max:  0.1, Diff:  0.0, Sum:  0.2, Workers: 4
[1.110s][debug][gc,phases   ] GC(0)     Dead                           Min: 0, Avg:  6.8, Max: 14, Diff: 14, Sum: 27, Workers: 4
[1.110s][debug][gc,phases   ] GC(0)     Total                          Min: 2432, Avg: 2553.5, Max: 2624, Diff: 192, Sum: 10214, Workers: 4
[1.110s][debug][gc,phases   ] GC(0)   ResolvedMethodTable Weak       Min:  0.0, Avg:  0.0, Max:  0.0, Diff:  0.0, Sum:  0.0, Workers: 4
[1.110s][debug][gc,phases   ] GC(0)     Dead                           Min: 9, Avg: 12.0, Max: 16, Diff: 7, Sum: 48, Workers: 4
[1.110s][debug][gc,phases   ] GC(0)     Total                          Min: 99, Avg: 168.8, Max: 256, Diff: 157, Sum: 675, Workers: 4
[1.111s][debug][gc,phases   ] GC(0)   JNI Weak                       Min:  0.0, Avg:  0.0, Max:  0.0, Diff:  0.0, Sum:  0.0, Workers: 4
[1.111s][debug][gc,phases   ] GC(0)     Dead                           Min: 0, Avg:  0.0, Max: 0, Diff: 0, Sum: 0, Workers: 4
[1.111s][debug][gc,phases   ] GC(0)     Total                          Min: 0, Avg:  0.0, Max: 0, Diff: 0, Sum: 0, Workers: 4
[1.111s][debug][gc,phases   ] GC(0)   StringDedup Table Weak         Min:  0.0, Avg:  0.0, Max:  0.0, Diff:  0.0, Sum:  0.0, Workers: 4
[1.111s][debug][gc,phases   ] GC(0)     Dead                           Min: 0, Avg:  0.0, Max: 0, Diff: 0, Sum: 0, Workers: 4
[1.111s][debug][gc,phases   ] GC(0)     Total                          Min: 0, Avg:  0.0, Max: 0, Diff: 0, Sum: 0, Workers: 4
[1.111s][debug][gc,phases   ] GC(0)   StringDedup Requests0 Weak     Min:  0.0, Avg:  0.0, Max:  0.0, Diff:  0.0, Sum:  0.0, Workers: 4
[1.111s][debug][gc,phases   ] GC(0)     Dead                           Min: 0, Avg:  0.0, Max: 0, Diff: 0, Sum: 0, Workers: 4
[1.111s][debug][gc,phases   ] GC(0)     Total                          Min: 0, Avg:  0.0, Max: 0, Diff: 0, Sum: 0, Workers: 4
[1.111s][debug][gc,phases   ] GC(0)   StringDedup Requests1 Weak     Min:  0.0, Avg:  0.0, Max:  0.0, Diff:  0.0, Sum:  0.0, Workers: 4
[1.111s][debug][gc,phases   ] GC(0)     Dead                           Min: 0, Avg:  0.0, Max: 0, Diff: 0, Sum: 0, Workers: 4
[1.111s][debug][gc,phases   ] GC(0)     Total                          Min: 0, Avg:  0.0, Max: 0, Diff: 0, Sum: 0, Workers: 4
[1.111s][debug][gc,phases   ] GC(0)   Weak JFR Old Object Samples    Min:  0.0, Avg:  0.0, Max:  0.0, Diff:  0.0, Sum:  0.0, Workers: 4
[1.111s][debug][gc,phases   ] GC(0)     Dead                           Min: 0, Avg:  0.0, Max: 0, Diff: 0, Sum: 0, Workers: 4
[1.111s][debug][gc,phases   ] GC(0)     Total                          Min: 0, Avg:  0.0, Max: 0, Diff: 0, Sum: 0, Workers: 4
[1.111s][debug][gc,phases   ] GC(0) Weak Processing 0.204ms
[1.111s][debug][gc,age      ] GC(0) Desired survivor size 536870912 bytes, new threshold 7 (max threshold 15)
[1.111s][info ][gc,heap     ] GC(0) PSYoungGen: 253559K(1572864K)->27070K(1572864K) Eden: 253559K(1048576K)->0K(1048576K) From: 0K(524288K)->27070K(524288K)
[1.111s][info ][gc,heap     ] GC(0) ParOldGen: 0K(6144K)->88K(6144K)
[1.111s][info ][gc,metaspace] GC(0) Metaspace: 21307K(21504K)->21307K(21504K) NonClass: 18845K(18944K)->18845K(18944K) Class: 2461K(2560K)->2461K(2560K)
[1.111s][info ][gc          ] GC(0) Pause Young (Metadata GC Threshold) 247M->26M(1542M) 9.831ms
[1.111s][info ][gc,cpu      ] GC(0) User=0.02s Sys=0.04s Real=0.02s
[1.111s][debug][gc,phases   ] GC(1) Pre Compact 0.009ms
[1.111s][info ][gc,start    ] GC(1) Pause Full (Metadata GC Threshold)
[1.111s][info ][gc,phases,start] GC(1) Marking Phase
[1.117s][debug][gc,phases      ] GC(1) Par Mark 6.295ms
[1.117s][debug][gc,ref         ] GC(1) Skipped phase 1 of Reference Processing: no references
[1.117s][debug][gc,ref         ] GC(1) ReferenceProcessor::execute queues: 1, RefProcThreadModel::Single, marks_oops_alive: false
[1.117s][debug][gc,ref         ] GC(1) Skipped phase 3 of Reference Processing: no references
[1.117s][debug][gc,ref         ] GC(1) ReferenceProcessor::execute queues: 1, RefProcThreadModel::Single, marks_oops_alive: false
[1.117s][debug][gc,phases      ] GC(1) Reference Processing 0.039ms
[1.117s][debug][gc,phases      ] GC(1)   VM Weak                        Min:  0.0, Avg:  0.0, Max:  0.0, Diff:  0.0, Sum:  0.0, Workers: 4
[1.117s][debug][gc,phases      ] GC(1)     Dead                           Min: 0, Avg:  0.0, Max: 0, Diff: 0, Sum: 0, Workers: 4
[1.117s][debug][gc,phases      ] GC(1)     Total                          Min: 0, Avg: 31.5, Max: 126, Diff: 126, Sum: 126, Workers: 4
[1.117s][debug][gc,phases      ] GC(1)   ObjectSynchronizer Weak        Min:  0.0, Avg:  0.0, Max:  0.0, Diff:  0.0, Sum:  0.0, Workers: 4
[1.117s][debug][gc,phases      ] GC(1)     Dead                           Min: 0, Avg:  0.0, Max: 0, Diff: 0, Sum: 0, Workers: 4
[1.117s][debug][gc,phases      ] GC(1)     Total                          Min: 0, Avg:  1.0, Max: 4, Diff: 4, Sum: 4, Workers: 4
[1.117s][debug][gc,phases      ] GC(1)   JVMTI Tag Weak OopStorage      Min:  0.0, Avg:  0.0, Max:  0.0, Diff:  0.0, Sum:  0.0, Workers: 4
[1.117s][debug][gc,phases      ] GC(1)     Dead                           Min: 0, Avg:  0.0, Max: 0, Diff: 0, Sum: 0, Workers: 4
[1.117s][debug][gc,phases      ] GC(1)     Total                          Min: 0, Avg:  0.0, Max: 0, Diff: 0, Sum: 0, Workers: 4
[1.117s][debug][gc,phases      ] GC(1)   StringTable Weak               Min:  0.0, Avg:  0.0, Max:  0.0, Diff:  0.0, Sum:  0.1, Workers: 4
[1.117s][debug][gc,phases      ] GC(1)     Dead                           Min: 0, Avg:  0.0, Max: 0, Diff: 0, Sum: 0, Workers: 4
[1.117s][debug][gc,phases      ] GC(1)     Total                          Min: 2176, Avg: 2553.5, Max: 3008, Diff: 832, Sum: 10214, Workers: 4
[1.117s][debug][gc,phases      ] GC(1)   ResolvedMethodTable Weak       Min:  0.0, Avg:  0.0, Max:  0.0, Diff:  0.0, Sum:  0.0, Workers: 4
[1.117s][debug][gc,phases      ] GC(1)     Dead                           Min: 0, Avg:  0.0, Max: 0, Diff: 0, Sum: 0, Workers: 4
[1.117s][debug][gc,phases      ] GC(1)     Total                          Min: 128, Avg: 168.8, Max: 192, Diff: 64, Sum: 675, Workers: 4
[1.117s][debug][gc,phases      ] GC(1)   JNI Weak                       Min:  0.0, Avg:  0.0, Max:  0.0, Diff:  0.0, Sum:  0.0, Workers: 4
[1.117s][debug][gc,phases      ] GC(1)     Dead                           Min: 0, Avg:  0.0, Max: 0, Diff: 0, Sum: 0, Workers: 4
[1.117s][debug][gc,phases      ] GC(1)     Total                          Min: 0, Avg:  0.0, Max: 0, Diff: 0, Sum: 0, Workers: 4
[1.117s][debug][gc,phases      ] GC(1)   StringDedup Table Weak         Min:  0.0, Avg:  0.0, Max:  0.0, Diff:  0.0, Sum:  0.0, Workers: 4
[1.117s][debug][gc,phases      ] GC(1)     Dead                           Min: 0, Avg:  0.0, Max: 0, Diff: 0, Sum: 0, Workers: 4
[1.117s][debug][gc,phases      ] GC(1)     Total                          Min: 0, Avg:  0.0, Max: 0, Diff: 0, Sum: 0, Workers: 4
[1.117s][debug][gc,phases      ] GC(1)   StringDedup Requests0 Weak     Min:  0.0, Avg:  0.0, Max:  0.0, Diff:  0.0, Sum:  0.0, Workers: 4
[1.117s][debug][gc,phases      ] GC(1)     Dead                           Min: 0, Avg:  0.0, Max: 0, Diff: 0, Sum: 0, Workers: 4
[1.117s][debug][gc,phases      ] GC(1)     Total                          Min: 0, Avg:  0.0, Max: 0, Diff: 0, Sum: 0, Workers: 4
[1.117s][debug][gc,phases      ] GC(1)   StringDedup Requests1 Weak     Min:  0.0, Avg:  0.0, Max:  0.0, Diff:  0.0, Sum:  0.0, Workers: 4
[1.117s][debug][gc,phases      ] GC(1)     Dead                           Min: 0, Avg:  0.0, Max: 0, Diff: 0, Sum: 0, Workers: 4
[1.117s][debug][gc,phases      ] GC(1)     Total                          Min: 0, Avg:  0.0, Max: 0, Diff: 0, Sum: 0, Workers: 4
[1.117s][debug][gc,phases      ] GC(1)   Weak JFR Old Object Samples    Min:  0.0, Avg:  0.0, Max:  0.0, Diff:  0.0, Sum:  0.0, Workers: 4
[1.117s][debug][gc,phases      ] GC(1)     Dead                           Min: 0, Avg:  0.0, Max: 0, Diff: 0, Sum: 0, Workers: 4
[1.117s][debug][gc,phases      ] GC(1)     Total                          Min: 0, Avg:  0.0, Max: 0, Diff: 0, Sum: 0, Workers: 4
[1.117s][debug][gc,phases      ] GC(1) Weak Processing 0.173ms
[1.117s][debug][gc,phases      ] GC(1) ClassLoaderData 0.011ms
[1.117s][debug][gc,phases      ] GC(1) Trigger cleanups 0.000ms
[1.119s][debug][gc,phases      ] GC(1) Class Unloading 1.907ms
[1.119s][info ][gc,phases      ] GC(1) Marking Phase 8.482ms
[1.119s][info ][gc,phases,start] GC(1) Summary Phase
[1.119s][info ][gc,phases      ] GC(1) Summary Phase 0.005ms
[1.119s][info ][gc,phases,start] GC(1) Adjust Roots
[1.122s][info ][gc,phases      ] GC(1) Adjust Roots 2.865ms
[1.122s][info ][gc,phases,start] GC(1) Compaction Phase
[1.133s][info ][gc,phases      ] GC(1) Compaction Phase 10.782ms
[1.133s][info ][gc,phases,start] GC(1) Post Compact
[1.133s][info ][gc,phases      ] GC(1) Post Compact 0.465ms
[1.133s][info ][gc,heap        ] GC(1) PSYoungGen: 27070K(1572864K)->21115K(1572864K) Eden: 0K(1048576K)->0K(1048576K) From: 27070K(524288K)->21115K(524288K)
[1.133s][info ][gc,heap        ] GC(1) ParOldGen: 88K(6144K)->5907K(6144K)
[1.133s][info ][gc,metaspace   ] GC(1) Metaspace: 21307K(21504K)->21307K(21504K) NonClass: 18845K(18944K)->18845K(18944K) Class: 2461K(2560K)->2461K(2560K)
[1.133s][info ][gc             ] GC(1) Pause Full (Metadata GC Threshold) 26M->26M(1542M) 22.685ms
[1.133s][info ][gc,cpu         ] GC(1) User=0.09s Sys=0.00s Real=0.02s
[1.133s][info ][safepoint      ] Safepoint "CollectForMetadataAllocation", Time since last: 220918610 ns, Reaching safepoint: 142201 ns, At safepoint: 32620652 ns, Total: 32762853 ns
[1.460s][info ][safepoint      ] Safepoint "ICBufferFull", Time since last: 326277025 ns, Reaching safepoint: 101800 ns, At safepoint: 4800 ns, Total: 106600 ns
[1.474s][info ][safepoint      ] Safepoint "ICBufferFull", Time since last: 14670214 ns, Reaching safepoint: 47900 ns, At safepoint: 4500 ns, Total: 52400 ns
[1.485s][info ][safepoint      ] Safepoint "ICBufferFull", Time since last: 10050278 ns, Reaching safepoint: 55401 ns, At safepoint: 4700 ns, Total: 60101 ns
[1.551s][info ][safepoint      ] Safepoint "ICBufferFull", Time since last: 65987810 ns, Reaching safepoint: 207602 ns, At safepoint: 5800 ns, Total: 213402 ns
[1.653s][info ][safepoint      ] Safepoint "ICBufferFull", Time since last: 101731487 ns, Reaching safepoint: 142101 ns, At safepoint: 5300 ns, Total: 147401 ns
[1.829s][info ][safepoint      ] Safepoint "ICBufferFull", Time since last: 176363765 ns, Reaching safepoint: 155801 ns, At safepoint: 2700 ns, Total: 158501 ns
[2.005s][info ][safepoint      ] Safepoint "ICBufferFull", Time since last: 175385057 ns, Reaching safepoint: 149501 ns, At safepoint: 5000 ns, Total: 154501 ns
[2.203s][info ][gc,start       ] GC(2) Pause Young (Metadata GC Threshold)
[2.231s][debug][gc,phases      ] GC(2) Scavenge 28.383ms
[2.231s][debug][gc,ref         ] GC(2) Skipped phase 1 of Reference Processing: no references
[2.231s][debug][gc,ref         ] GC(2) ReferenceProcessor::execute queues: 2, RefProcThreadModel::Multi, marks_oops_alive: false
[2.231s][debug][gc,ref         ] GC(2) Skipped phase 3 of Reference Processing: no references
[2.231s][debug][gc,ref         ] GC(2) ReferenceProcessor::execute queues: 1, RefProcThreadModel::Single, marks_oops_alive: false
[2.231s][debug][gc,phases      ] GC(2) Reference Processing 0.225ms
[2.231s][debug][gc,phases      ] GC(2)   VM Weak                        Min:  0.0, Avg:  0.0, Max:  0.0, Diff:  0.0, Sum:  0.0, Workers: 4
[2.231s][debug][gc,phases      ] GC(2)     Dead                           Min: 0, Avg:  0.0, Max: 0, Diff: 0, Sum: 0, Workers: 4
[2.231s][debug][gc,phases      ] GC(2)     Total                          Min: 0, Avg: 68.5, Max: 274, Diff: 274, Sum: 274, Workers: 4
[2.231s][debug][gc,phases      ] GC(2)   ObjectSynchronizer Weak        Min:  0.0, Avg:  0.0, Max:  0.0, Diff:  0.0, Sum:  0.0, Workers: 4
[2.231s][debug][gc,phases      ] GC(2)     Dead                           Min: 0, Avg:  0.0, Max: 0, Diff: 0, Sum: 0, Workers: 4
[2.232s][debug][gc,phases      ] GC(2)     Total                          Min: 0, Avg:  2.2, Max: 9, Diff: 9, Sum: 9, Workers: 4
[2.232s][debug][gc,phases      ] GC(2)   JVMTI Tag Weak OopStorage      Min:  0.0, Avg:  0.0, Max:  0.0, Diff:  0.0, Sum:  0.0, Workers: 4
[2.232s][debug][gc,phases      ] GC(2)     Dead                           Min: 0, Avg:  0.0, Max: 0, Diff: 0, Sum: 0, Workers: 4
[2.232s][debug][gc,phases      ] GC(2)     Total                          Min: 0, Avg:  0.0, Max: 0, Diff: 0, Sum: 0, Workers: 4
[2.232s][debug][gc,phases      ] GC(2)   StringTable Weak               Min:  0.1, Avg:  0.1, Max:  0.1, Diff:  0.0, Sum:  0.5, Workers: 4
[2.232s][debug][gc,phases      ] GC(2)     Dead                           Min: 1, Avg:  6.0, Max: 14, Diff: 13, Sum: 24, Workers: 4
[2.232s][debug][gc,phases      ] GC(2)     Total                          Min: 3456, Avg: 4944.8, Max: 7040, Diff: 3584, Sum: 19779, Workers: 4
[2.232s][debug][gc,phases      ] GC(2)   ResolvedMethodTable Weak       Min:  0.0, Avg:  0.0, Max:  0.0, Diff:  0.0, Sum:  0.1, Workers: 4
[2.232s][debug][gc,phases      ] GC(2)     Dead                           Min: 4, Avg: 14.5, Max: 31, Diff: 27, Sum: 58, Workers: 4
[2.232s][debug][gc,phases      ] GC(2)     Total                          Min: 384, Avg: 472.2, Max: 576, Diff: 192, Sum: 1889, Workers: 4
[2.232s][debug][gc,phases      ] GC(2)   JNI Weak                       Min:  0.0, Avg:  0.0, Max:  0.0, Diff:  0.0, Sum:  0.0, Workers: 4
[2.232s][debug][gc,phases      ] GC(2)     Dead                           Min: 0, Avg:  0.0, Max: 0, Diff: 0, Sum: 0, Workers: 4
[2.232s][debug][gc,phases      ] GC(2)     Total                          Min: 0, Avg:  0.0, Max: 0, Diff: 0, Sum: 0, Workers: 4
[2.232s][debug][gc,phases      ] GC(2)   StringDedup Table Weak         Min:  0.0, Avg:  0.0, Max:  0.0, Diff:  0.0, Sum:  0.0, Workers: 4
[2.232s][debug][gc,phases      ] GC(2)     Dead                           Min: 0, Avg:  0.0, Max: 0, Diff: 0, Sum: 0, Workers: 4
[2.232s][debug][gc,phases      ] GC(2)     Total                          Min: 0, Avg:  0.0, Max: 0, Diff: 0, Sum: 0, Workers: 4
[2.232s][debug][gc,phases      ] GC(2)   StringDedup Requests0 Weak     Min:  0.0, Avg:  0.0, Max:  0.0, Diff:  0.0, Sum:  0.0, Workers: 4
[2.232s][debug][gc,phases      ] GC(2)     Dead                           Min: 0, Avg:  0.0, Max: 0, Diff: 0, Sum: 0, Workers: 4
[2.232s][debug][gc,phases      ] GC(2)     Total                          Min: 0, Avg:  0.0, Max: 0, Diff: 0, Sum: 0, Workers: 4
[2.232s][debug][gc,phases      ] GC(2)   StringDedup Requests1 Weak     Min:  0.0, Avg:  0.0, Max:  0.0, Diff:  0.0, Sum:  0.0, Workers: 4
[2.232s][debug][gc,phases      ] GC(2)     Dead                           Min: 0, Avg:  0.0, Max: 0, Diff: 0, Sum: 0, Workers: 4
[2.232s][debug][gc,phases      ] GC(2)     Total                          Min: 0, Avg:  0.0, Max: 0, Diff: 0, Sum: 0, Workers: 4
[2.232s][debug][gc,phases      ] GC(2)   Weak JFR Old Object Samples    Min:  0.0, Avg:  0.0, Max:  0.0, Diff:  0.0, Sum:  0.0, Workers: 4
[2.232s][debug][gc,phases      ] GC(2)     Dead                           Min: 0, Avg:  0.0, Max: 0, Diff: 0, Sum: 0, Workers: 4
[2.232s][debug][gc,phases      ] GC(2)     Total                          Min: 0, Avg:  0.0, Max: 0, Diff: 0, Sum: 0, Workers: 4
[2.232s][debug][gc,phases      ] GC(2) Weak Processing 0.305ms
[2.232s][debug][gc,age         ] GC(2) Desired survivor size 536870912 bytes, new threshold 7 (max threshold 15)
[2.232s][info ][gc,heap        ] GC(2) PSYoungGen: 466784K(1572864K)->56390K(1572864K) Eden: 445669K(1048576K)->0K(1048576K) From: 21115K(524288K)->56390K(524288K)
[2.232s][info ][gc,heap        ] GC(2) ParOldGen: 5907K(6144K)->5915K(6144K)
[2.232s][info ][gc,metaspace   ] GC(2) Metaspace: 35468K(35840K)->35468K(35840K) NonClass: 30991K(31168K)->30991K(31168K) Class: 4477K(4672K)->4477K(4672K)
[2.232s][info ][gc             ] GC(2) Pause Young (Metadata GC Threshold) 461M->60M(1542M) 29.016ms
[2.232s][info ][gc,cpu         ] GC(2) User=0.10s Sys=0.01s Real=0.03s
[2.232s][debug][gc,phases      ] GC(3) Pre Compact 0.007ms
[2.232s][info ][gc,start       ] GC(3) Pause Full (Metadata GC Threshold)
[2.232s][info ][gc,phases,start] GC(3) Marking Phase
[2.247s][debug][gc,phases      ] GC(3) Par Mark 14.885ms
[2.247s][debug][gc,ref         ] GC(3) Skipped phase 1 of Reference Processing: no references
[2.247s][debug][gc,ref         ] GC(3) ReferenceProcessor::execute queues: 2, RefProcThreadModel::Multi, marks_oops_alive: false
[2.247s][debug][gc,ref         ] GC(3) Skipped phase 3 of Reference Processing: no references
[2.247s][debug][gc,ref         ] GC(3) ReferenceProcessor::execute queues: 1, RefProcThreadModel::Single, marks_oops_alive: false
[2.247s][debug][gc,phases      ] GC(3) Reference Processing 0.123ms
[2.247s][debug][gc,phases      ] GC(3)   VM Weak                        Min:  0.0, Avg:  0.0, Max:  0.0, Diff:  0.0, Sum:  0.0, Workers: 4
[2.247s][debug][gc,phases      ] GC(3)     Dead                           Min: 0, Avg:  0.0, Max: 0, Diff: 0, Sum: 0, Workers: 4
[2.247s][debug][gc,phases      ] GC(3)     Total                          Min: 0, Avg: 68.5, Max: 146, Diff: 146, Sum: 274, Workers: 4
[2.247s][debug][gc,phases      ] GC(3)   ObjectSynchronizer Weak        Min:  0.0, Avg:  0.0, Max:  0.0, Diff:  0.0, Sum:  0.0, Workers: 4
[2.247s][debug][gc,phases      ] GC(3)     Dead                           Min: 0, Avg:  0.0, Max: 0, Diff: 0, Sum: 0, Workers: 4
[2.247s][debug][gc,phases      ] GC(3)     Total                          Min: 0, Avg:  2.2, Max: 9, Diff: 9, Sum: 9, Workers: 4
[2.247s][debug][gc,phases      ] GC(3)   JVMTI Tag Weak OopStorage      Min:  0.0, Avg:  0.0, Max:  0.0, Diff:  0.0, Sum:  0.0, Workers: 4
[2.247s][debug][gc,phases      ] GC(3)     Dead                           Min: 0, Avg:  0.0, Max: 0, Diff: 0, Sum: 0, Workers: 4
[2.247s][debug][gc,phases      ] GC(3)     Total                          Min: 0, Avg:  0.0, Max: 0, Diff: 0, Sum: 0, Workers: 4
[2.247s][debug][gc,phases      ] GC(3)   StringTable Weak               Min:  0.0, Avg:  0.1, Max:  0.1, Diff:  0.0, Sum:  0.2, Workers: 4
[2.247s][debug][gc,phases      ] GC(3)     Dead                           Min: 0, Avg:  0.5, Max: 1, Diff: 1, Sum: 2, Workers: 4
[2.247s][debug][gc,phases      ] GC(3)     Total                          Min: 4224, Avg: 4944.8, Max: 5568, Diff: 1344, Sum: 19779, Workers: 4
[2.247s][debug][gc,phases      ] GC(3)   ResolvedMethodTable Weak       Min:  0.0, Avg:  0.0, Max:  0.0, Diff:  0.0, Sum:  0.0, Workers: 4
[2.247s][debug][gc,phases      ] GC(3)     Dead                           Min: 0, Avg:  0.0, Max: 0, Diff: 0, Sum: 0, Workers: 4
[2.247s][debug][gc,phases      ] GC(3)     Total                          Min: 384, Avg: 472.2, Max: 545, Diff: 161, Sum: 1889, Workers: 4
[2.247s][debug][gc,phases      ] GC(3)   JNI Weak                       Min:  0.0, Avg:  0.0, Max:  0.0, Diff:  0.0, Sum:  0.0, Workers: 4
[2.247s][debug][gc,phases      ] GC(3)     Dead                           Min: 0, Avg:  0.0, Max: 0, Diff: 0, Sum: 0, Workers: 4
[2.247s][debug][gc,phases      ] GC(3)     Total                          Min: 0, Avg:  0.0, Max: 0, Diff: 0, Sum: 0, Workers: 4
[2.247s][debug][gc,phases      ] GC(3)   StringDedup Table Weak         Min:  0.0, Avg:  0.0, Max:  0.0, Diff:  0.0, Sum:  0.0, Workers: 4
[2.247s][debug][gc,phases      ] GC(3)     Dead                           Min: 0, Avg:  0.0, Max: 0, Diff: 0, Sum: 0, Workers: 4
[2.247s][debug][gc,phases      ] GC(3)     Total                          Min: 0, Avg:  0.0, Max: 0, Diff: 0, Sum: 0, Workers: 4
[2.247s][debug][gc,phases      ] GC(3)   StringDedup Requests0 Weak     Min:  0.0, Avg:  0.0, Max:  0.0, Diff:  0.0, Sum:  0.0, Workers: 4
[2.247s][debug][gc,phases      ] GC(3)     Dead                           Min: 0, Avg:  0.0, Max: 0, Diff: 0, Sum: 0, Workers: 4
[2.247s][debug][gc,phases      ] GC(3)     Total                          Min: 0, Avg:  0.0, Max: 0, Diff: 0, Sum: 0, Workers: 4
[2.247s][debug][gc,phases      ] GC(3)   StringDedup Requests1 Weak     Min:  0.0, Avg:  0.0, Max:  0.0, Diff:  0.0, Sum:  0.0, Workers: 4
[2.247s][debug][gc,phases      ] GC(3)     Dead                           Min: 0, Avg:  0.0, Max: 0, Diff: 0, Sum: 0, Workers: 4
[2.247s][debug][gc,phases      ] GC(3)     Total                          Min: 0, Avg:  0.0, Max: 0, Diff: 0, Sum: 0, Workers: 4
[2.247s][debug][gc,phases      ] GC(3)   Weak JFR Old Object Samples    Min:  0.0, Avg:  0.0, Max:  0.0, Diff:  0.0, Sum:  0.0, Workers: 4
[2.247s][debug][gc,phases      ] GC(3)     Dead                           Min: 0, Avg:  0.0, Max: 0, Diff: 0, Sum: 0, Workers: 4
[2.247s][debug][gc,phases      ] GC(3)     Total                          Min: 0, Avg:  0.0, Max: 0, Diff: 0, Sum: 0, Workers: 4
[2.247s][debug][gc,phases      ] GC(3) Weak Processing 0.237ms
[2.247s][debug][gc,phases      ] GC(3) ClassLoaderData 0.025ms
[2.247s][debug][gc,phases      ] GC(3) Trigger cleanups 0.000ms
[2.250s][debug][gc,phases      ] GC(3) Class Unloading 3.181ms
[2.250s][info ][gc,phases      ] GC(3) Marking Phase 18.508ms
[2.250s][info ][gc,phases,start] GC(3) Summary Phase
[2.250s][info ][gc,phases      ] GC(3) Summary Phase 0.005ms
[2.250s][info ][gc,phases,start] GC(3) Adjust Roots
[2.253s][info ][gc,phases      ] GC(3) Adjust Roots 3.138ms
[2.253s][info ][gc,phases,start] GC(3) Compaction Phase
[2.501s][info ][gc,phases      ] GC(3) Compaction Phase 247.919ms
[2.501s][info ][gc,phases,start] GC(3) Post Compact
[2.502s][info ][gc,phases      ] GC(3) Post Compact 0.568ms
[2.502s][info ][gc,heap        ] GC(3) PSYoungGen: 56390K(1572864K)->56207K(1572864K) Eden: 0K(1048576K)->0K(1048576K) From: 56390K(524288K)->56207K(524288K)
[2.502s][info ][gc,heap        ] GC(3) ParOldGen: 5915K(6144K)->5829K(6144K)
[2.502s][info ][gc,metaspace   ] GC(3) Metaspace: 35468K(35840K)->35468K(35840K) NonClass: 30991K(31168K)->30991K(31168K) Class: 4477K(4672K)->4477K(4672K)
[2.502s][info ][gc             ] GC(3) Pause Full (Metadata GC Threshold) 60M->60M(1542M) 270.225ms
[2.502s][info ][gc,cpu         ] GC(3) User=0.56s Sys=0.02s Real=0.27s
[2.502s][info ][safepoint      ] Safepoint "CollectForMetadataAllocation", Time since last: 197757030 ns, Reaching safepoint: 123201 ns, At safepoint: 299336116 ns, Total: 299459317 ns
[2.726s][info ][safepoint      ] Safepoint "ICBufferFull", Time since last: 224256435 ns, Reaching safepoint: 127601 ns, At safepoint: 8900 ns, Total: 136501 ns
[2.831s][info ][safepoint      ] Safepoint "ICBufferFull", Time since last: 104828211 ns, Reaching safepoint: 270802 ns, At safepoint: 10100 ns, Total: 280902 ns
[2.961s][info ][safepoint      ] Safepoint "ICBufferFull", Time since last: 128863997 ns, Reaching safepoint: 209301 ns, At safepoint: 18500 ns, Total: 227801 ns
[2.961s][info ][safepoint      ] Safepoint "ICBufferFull", Time since last: 104301 ns, Reaching safepoint: 96101 ns, At safepoint: 21600 ns, Total: 117701 ns
[2.961s][info ][safepoint      ] Safepoint "ICBufferFull", Time since last: 42900 ns, Reaching safepoint: 90201 ns, At safepoint: 25200 ns, Total: 115401 ns
[3.100s][info ][safepoint      ] Safepoint "ICBufferFull", Time since last: 138917075 ns, Reaching safepoint: 203701 ns, At safepoint: 14700 ns, Total: 218401 ns
[3.100s][info ][safepoint      ] Safepoint "ICBufferFull", Time since last: 57301 ns, Reaching safepoint: 83901 ns, At safepoint: 25000 ns, Total: 108901 ns
[3.100s][info ][safepoint      ] Safepoint "ICBufferFull", Time since last: 31200 ns, Reaching safepoint: 84101 ns, At safepoint: 25400 ns, Total: 109501 ns
[3.196s][info ][safepoint      ] Safepoint "ICBufferFull", Time since last: 94933234 ns, Reaching safepoint: 217302 ns, At safepoint: 25600 ns, Total: 242902 ns
[3.249s][info ][safepoint      ] Safepoint "ICBufferFull", Time since last: 53177611 ns, Reaching safepoint: 150401 ns, At safepoint: 20901 ns, Total: 171302 ns
[3.249s][info ][safepoint      ] Safepoint "ICBufferFull", Time since last: 60500 ns, Reaching safepoint: 89801 ns, At safepoint: 16100 ns, Total: 105901 ns
[3.249s][info ][safepoint      ] Safepoint "ICBufferFull", Time since last: 41300 ns, Reaching safepoint: 94801 ns, At safepoint: 19300 ns, Total: 114101 ns
[3.443s][info ][safepoint      ] Safepoint "ICBufferFull", Time since last: 193408396 ns, Reaching safepoint: 176401 ns, At safepoint: 25601 ns, Total: 202002 ns
[3.703s][info ][safepoint      ] Safepoint "ICBufferFull", Time since last: 259895910 ns, Reaching safepoint: 230302 ns, At safepoint: 26600 ns, Total: 256902 ns
[3.830s][info ][gc,start       ] GC(4) Pause Young (Allocation Failure)
[3.946s][debug][gc,phases      ] GC(4) Scavenge 115.391ms
[3.946s][debug][gc,ref         ] GC(4) Skipped phase 1 of Reference Processing: no references
[3.946s][debug][gc,ref         ] GC(4) ReferenceProcessor::execute queues: 4, RefProcThreadModel::Multi, marks_oops_alive: false
[3.946s][debug][gc,ref         ] GC(4) Skipped phase 3 of Reference Processing: no references
[3.946s][debug][gc,ref         ] GC(4) ReferenceProcessor::execute queues: 3, RefProcThreadModel::Multi, marks_oops_alive: false
[3.946s][debug][gc,phases      ] GC(4) Reference Processing 0.353ms
[3.946s][debug][gc,phases      ] GC(4)   VM Weak                        Min:  0.0, Avg:  0.0, Max:  0.0, Diff:  0.0, Sum:  0.0, Workers: 4
[3.946s][debug][gc,phases      ] GC(4)     Dead                           Min: 0, Avg:  0.0, Max: 0, Diff: 0, Sum: 0, Workers: 4
[3.946s][debug][gc,phases      ] GC(4)     Total                          Min: 0, Avg: 104.5, Max: 256, Diff: 256, Sum: 418, Workers: 4
[3.946s][debug][gc,phases      ] GC(4)   ObjectSynchronizer Weak        Min:  0.0, Avg:  0.0, Max:  0.0, Diff:  0.0, Sum:  0.0, Workers: 4
[3.946s][debug][gc,phases      ] GC(4)     Dead                           Min: 39, Avg: 63.0, Max: 97, Diff: 58, Sum: 252, Workers: 4
[3.946s][debug][gc,phases      ] GC(4)     Total                          Min: 52, Avg: 77.0, Max: 128, Diff: 76, Sum: 308, Workers: 4
[3.946s][debug][gc,phases      ] GC(4)   JVMTI Tag Weak OopStorage      Min:  0.0, Avg:  0.0, Max:  0.0, Diff:  0.0, Sum:  0.0, Workers: 4
[3.946s][debug][gc,phases      ] GC(4)     Dead                           Min: 0, Avg:  0.0, Max: 0, Diff: 0, Sum: 0, Workers: 4
[3.946s][debug][gc,phases      ] GC(4)     Total                          Min: 0, Avg:  0.0, Max: 0, Diff: 0, Sum: 0, Workers: 4
[3.946s][debug][gc,phases      ] GC(4)   StringTable Weak               Min:  0.3, Avg:  0.3, Max:  0.3, Diff:  0.0, Sum:  1.1, Workers: 4
[3.946s][debug][gc,phases      ] GC(4)     Dead                           Min: 1, Avg:  6.5, Max: 17, Diff: 16, Sum: 26, Workers: 4
[3.946s][debug][gc,phases      ] GC(4)     Total                          Min: 8640, Avg: 9533.0, Max: 10420, Diff: 1780, Sum: 38132, Workers: 4
[3.946s][debug][gc,phases      ] GC(4)   ResolvedMethodTable Weak       Min:  0.0, Avg:  0.0, Max:  0.0, Diff:  0.0, Sum:  0.2, Workers: 4
[3.946s][debug][gc,phases      ] GC(4)     Dead                           Min: 28, Avg: 41.8, Max: 55, Diff: 27, Sum: 167, Workers: 4
[3.946s][debug][gc,phases      ] GC(4)     Total                          Min: 1088, Avg: 1215.8, Max: 1407, Diff: 319, Sum: 4863, Workers: 4
[3.946s][debug][gc,phases      ] GC(4)   JNI Weak                       Min:  0.0, Avg:  0.0, Max:  0.0, Diff:  0.0, Sum:  0.0, Workers: 4
[3.946s][debug][gc,phases      ] GC(4)     Dead                           Min: 0, Avg:  0.0, Max: 0, Diff: 0, Sum: 0, Workers: 4
[3.946s][debug][gc,phases      ] GC(4)     Total                          Min: 0, Avg:  0.8, Max: 3, Diff: 3, Sum: 3, Workers: 4
[3.947s][debug][gc,phases      ] GC(4)   StringDedup Table Weak         Min:  0.0, Avg:  0.0, Max:  0.0, Diff:  0.0, Sum:  0.0, Workers: 4
[3.947s][debug][gc,phases      ] GC(4)     Dead                           Min: 0, Avg:  0.0, Max: 0, Diff: 0, Sum: 0, Workers: 4
[3.947s][debug][gc,phases      ] GC(4)     Total                          Min: 0, Avg:  0.0, Max: 0, Diff: 0, Sum: 0, Workers: 4
[3.947s][debug][gc,phases      ] GC(4)   StringDedup Requests0 Weak     Min:  0.0, Avg:  0.0, Max:  0.0, Diff:  0.0, Sum:  0.0, Workers: 4
[3.947s][debug][gc,phases      ] GC(4)     Dead                           Min: 0, Avg:  0.0, Max: 0, Diff: 0, Sum: 0, Workers: 4
[3.947s][debug][gc,phases      ] GC(4)     Total                          Min: 0, Avg:  0.0, Max: 0, Diff: 0, Sum: 0, Workers: 4
[3.947s][debug][gc,phases      ] GC(4)   StringDedup Requests1 Weak     Min:  0.0, Avg:  0.0, Max:  0.0, Diff:  0.0, Sum:  0.0, Workers: 4
[3.947s][debug][gc,phases      ] GC(4)     Dead                           Min: 0, Avg:  0.0, Max: 0, Diff: 0, Sum: 0, Workers: 4
[3.947s][debug][gc,phases      ] GC(4)     Total                          Min: 0, Avg:  0.0, Max: 0, Diff: 0, Sum: 0, Workers: 4
[3.947s][debug][gc,phases      ] GC(4)   Weak JFR Old Object Samples    Min:  0.0, Avg:  0.0, Max:  0.0, Diff:  0.0, Sum:  0.0, Workers: 4
[3.947s][debug][gc,phases      ] GC(4)     Dead                           Min: 0, Avg:  0.0, Max: 0, Diff: 0, Sum: 0, Workers: 4
[3.947s][debug][gc,phases      ] GC(4)     Total                          Min: 0, Avg:  0.0, Max: 0, Diff: 0, Sum: 0, Workers: 4
[3.947s][debug][gc,phases      ] GC(4) Weak Processing 0.474ms
[3.947s][debug][gc,age         ] GC(4) Desired survivor size 536870912 bytes, new threshold 7 (max threshold 15)
[3.947s][info ][gc,heap        ] GC(4) PSYoungGen: 1104783K(1572864K)->173067K(1572864K) Eden: 1048576K(1048576K)->0K(1048576K) From: 56207K(524288K)->173067K(524288K)
[3.947s][info ][gc,heap        ] GC(4) ParOldGen: 5829K(6144K)->5837K(6144K)
[3.947s][info ][gc,metaspace   ] GC(4) Metaspace: 53342K(53888K)->53342K(53888K) NonClass: 45444K(45760K)->45444K(45760K) Class: 7897K(8128K)->7897K(8128K)
[3.947s][info ][gc             ] GC(4) Pause Young (Allocation Failure) 1084M->174M(1542M) 116.354ms
[3.947s][info ][gc,cpu         ] GC(4) User=0.40s Sys=0.06s Real=0.11s
[3.947s][info ][safepoint      ] Safepoint "ParallelGCFailedAllocation", Time since last: 127082983 ns, Reaching safepoint: 161901 ns, At safepoint: 116440601 ns, Total: 116602502 ns
[4.011s][info ][safepoint      ] Safepoint "ICBufferFull", Time since last: 63756093 ns, Reaching safepoint: 193801 ns, At safepoint: 29600 ns, Total: 223401 ns
[4.064s][info ][safepoint      ] Safepoint "ICBufferFull", Time since last: 53292412 ns, Reaching safepoint: 163002 ns, At safepoint: 22400 ns, Total: 185402 ns
[4.070s][info ][safepoint      ] Safepoint "ICBufferFull", Time since last: 5576443 ns, Reaching safepoint: 108501 ns, At safepoint: 19100 ns, Total: 127601 ns
[4.085s][info ][safepoint      ] Safepoint "ICBufferFull", Time since last: 15539320 ns, Reaching safepoint: 75301 ns, At safepoint: 25200 ns, Total: 100501 ns
[4.088s][info ][safepoint      ] Safepoint "ICBufferFull", Time since last: 2036416 ns, Reaching safepoint: 509304 ns, At safepoint: 27000 ns, Total: 536304 ns
[4.093s][info ][safepoint      ] Safepoint "ICBufferFull", Time since last: 4472734 ns, Reaching safepoint: 98801 ns, At safepoint: 27200 ns, Total: 126001 ns
[4.096s][info ][safepoint      ] Safepoint "ICBufferFull", Time since last: 2812422 ns, Reaching safepoint: 68201 ns, At safepoint: 30700 ns, Total: 98901 ns
[4.098s][info ][safepoint      ] Safepoint "ICBufferFull", Time since last: 2411819 ns, Reaching safepoint: 110600 ns, At safepoint: 25601 ns, Total: 136201 ns
[4.103s][info ][safepoint      ] Safepoint "ICBufferFull", Time since last: 4449534 ns, Reaching safepoint: 94401 ns, At safepoint: 33100 ns, Total: 127501 ns
[4.118s][info ][safepoint      ] Safepoint "ICBufferFull", Time since last: 11030385 ns, Reaching safepoint: 4255733 ns, At safepoint: 24500 ns, Total: 4280233 ns
[4.120s][info ][safepoint      ] Safepoint "ICBufferFull", Time since last: 2197317 ns, Reaching safepoint: 89801 ns, At safepoint: 25400 ns, Total: 115201 ns
[4.127s][info ][gc,start       ] GC(5) Pause Young (Allocation Failure)
[4.200s][debug][gc,phases      ] GC(5) Scavenge 73.472ms
[4.200s][debug][gc,ref         ] GC(5) Skipped phase 1 of Reference Processing: no references
[4.201s][debug][gc,ref         ] GC(5) ReferenceProcessor::execute queues: 3, RefProcThreadModel::Multi, marks_oops_alive: false
[4.201s][debug][gc,ref         ] GC(5) Skipped phase 3 of Reference Processing: no references
[4.201s][debug][gc,ref         ] GC(5) ReferenceProcessor::execute queues: 1, RefProcThreadModel::Single, marks_oops_alive: false
[4.201s][debug][gc,phases      ] GC(5) Reference Processing 0.250ms
[4.201s][debug][gc,phases      ] GC(5)   VM Weak                        Min:  0.0, Avg:  0.0, Max:  0.0, Diff:  0.0, Sum:  0.0, Workers: 4
[4.201s][debug][gc,phases      ] GC(5)     Dead                           Min: 0, Avg:  0.0, Max: 0, Diff: 0, Sum: 0, Workers: 4
[4.201s][debug][gc,phases      ] GC(5)     Total                          Min: 0, Avg: 106.0, Max: 232, Diff: 232, Sum: 424, Workers: 4
[4.201s][debug][gc,phases      ] GC(5)   ObjectSynchronizer Weak        Min:  0.0, Avg:  0.0, Max:  0.0, Diff:  0.0, Sum:  0.0, Workers: 4
[4.201s][debug][gc,phases      ] GC(5)     Dead                           Min: 0, Avg:  0.8, Max: 3, Diff: 3, Sum: 3, Workers: 4
[4.201s][debug][gc,phases      ] GC(5)     Total                          Min: 57, Avg: 78.2, Max: 128, Diff: 71, Sum: 313, Workers: 4
[4.201s][debug][gc,phases      ] GC(5)   JVMTI Tag Weak OopStorage      Min:  0.0, Avg:  0.0, Max:  0.0, Diff:  0.0, Sum:  0.0, Workers: 4
[4.201s][debug][gc,phases      ] GC(5)     Dead                           Min: 0, Avg:  0.0, Max: 0, Diff: 0, Sum: 0, Workers: 4
[4.201s][debug][gc,phases      ] GC(5)     Total                          Min: 0, Avg:  0.0, Max: 0, Diff: 0, Sum: 0, Workers: 4
[4.201s][debug][gc,phases      ] GC(5)   StringTable Weak               Min:  0.2, Avg:  0.2, Max:  0.2, Diff:  0.0, Sum:  0.9, Workers: 4
[4.201s][debug][gc,phases      ] GC(5)     Dead                           Min: 0, Avg:  3.5, Max: 14, Diff: 14, Sum: 14, Workers: 4
[4.201s][debug][gc,phases      ] GC(5)     Total                          Min: 7168, Avg: 9550.0, Max: 12608, Diff: 5440, Sum: 38200, Workers: 4
[4.201s][debug][gc,phases      ] GC(5)   ResolvedMethodTable Weak       Min:  0.0, Avg:  0.0, Max:  0.0, Diff:  0.0, Sum:  0.1, Workers: 4
[4.201s][debug][gc,phases      ] GC(5)     Dead                           Min: 0, Avg:  0.0, Max: 0, Diff: 0, Sum: 0, Workers: 4
[4.201s][debug][gc,phases      ] GC(5)     Total                          Min: 806, Avg: 1185.8, Max: 1632, Diff: 826, Sum: 4743, Workers: 4
[4.201s][debug][gc,phases      ] GC(5)   JNI Weak                       Min:  0.0, Avg:  0.0, Max:  0.0, Diff:  0.0, Sum:  0.0, Workers: 4
[4.201s][debug][gc,phases      ] GC(5)     Dead                           Min: 0, Avg:  0.0, Max: 0, Diff: 0, Sum: 0, Workers: 4
[4.201s][debug][gc,phases      ] GC(5)     Total                          Min: 0, Avg:  3.8, Max: 15, Diff: 15, Sum: 15, Workers: 4
[4.201s][debug][gc,phases      ] GC(5)   StringDedup Table Weak         Min:  0.0, Avg:  0.0, Max:  0.0, Diff:  0.0, Sum:  0.0, Workers: 4
[4.201s][debug][gc,phases      ] GC(5)     Dead                           Min: 0, Avg:  0.0, Max: 0, Diff: 0, Sum: 0, Workers: 4
[4.201s][debug][gc,phases      ] GC(5)     Total                          Min: 0, Avg:  0.0, Max: 0, Diff: 0, Sum: 0, Workers: 4
[4.201s][debug][gc,phases      ] GC(5)   StringDedup Requests0 Weak     Min:  0.0, Avg:  0.0, Max:  0.0, Diff:  0.0, Sum:  0.0, Workers: 4
[4.201s][debug][gc,phases      ] GC(5)     Dead                           Min: 0, Avg:  0.0, Max: 0, Diff: 0, Sum: 0, Workers: 4
[4.201s][debug][gc,phases      ] GC(5)     Total                          Min: 0, Avg:  0.0, Max: 0, Diff: 0, Sum: 0, Workers: 4
[4.201s][debug][gc,phases      ] GC(5)   StringDedup Requests1 Weak     Min:  0.0, Avg:  0.0, Max:  0.0, Diff:  0.0, Sum:  0.0, Workers: 4
[4.201s][debug][gc,phases      ] GC(5)     Dead                           Min: 0, Avg:  0.0, Max: 0, Diff: 0, Sum: 0, Workers: 4
[4.201s][debug][gc,phases      ] GC(5)     Total                          Min: 0, Avg:  0.0, Max: 0, Diff: 0, Sum: 0, Workers: 4
[4.201s][debug][gc,phases      ] GC(5)   Weak JFR Old Object Samples    Min:  0.0, Avg:  0.0, Max:  0.0, Diff:  0.0, Sum:  0.0, Workers: 4
[4.201s][debug][gc,phases      ] GC(5)     Dead                           Min: 0, Avg:  0.0, Max: 0, Diff: 0, Sum: 0, Workers: 4
[4.201s][debug][gc,phases      ] GC(5)     Total                          Min: 0, Avg:  0.0, Max: 0, Diff: 0, Sum: 0, Workers: 4
[4.201s][debug][gc,phases      ] GC(5) Weak Processing 0.404ms
[4.201s][debug][gc,age         ] GC(5) Desired survivor size 536870912 bytes, new threshold 7 (max threshold 15)
[4.201s][info ][gc,heap        ] GC(5) PSYoungGen: 1221643K(1572864K)->175914K(1572864K) Eden: 1048576K(1048576K)->0K(1048576K) From: 173067K(524288K)->175914K(524288K)
[4.201s][info ][gc,heap        ] GC(5) ParOldGen: 5837K(6144K)->5845K(6144K)
[4.201s][info ][gc,metaspace   ] GC(5) Metaspace: 53551K(54144K)->53551K(54144K) NonClass: 45633K(45952K)->45633K(45952K) Class: 7918K(8192K)->7918K(8192K)
[4.201s][info ][gc             ] GC(5) Pause Young (Allocation Failure) 1198M->177M(1542M) 74.236ms
[4.201s][info ][gc,cpu         ] GC(5) User=0.20s Sys=0.10s Real=0.07s
[4.201s][info ][safepoint      ] Safepoint "ParallelGCFailedAllocation", Time since last: 6458050 ns, Reaching safepoint: 102401 ns, At safepoint: 74331575 ns, Total: 74433976 ns
[4.208s][info ][safepoint      ] Safepoint "ICBufferFull", Time since last: 6578251 ns, Reaching safepoint: 103100 ns, At safepoint: 27201 ns, Total: 130301 ns
[4.223s][info ][safepoint      ] Safepoint "ICBufferFull", Time since last: 15431619 ns, Reaching safepoint: 102801 ns, At safepoint: 19500 ns, Total: 122301 ns
[4.226s][info ][safepoint      ] Safepoint "ICBufferFull", Time since last: 1979715 ns, Reaching safepoint: 90501 ns, At safepoint: 23300 ns, Total: 113801 ns
[4.228s][info ][safepoint      ] Safepoint "ICBufferFull", Time since last: 2077716 ns, Reaching safepoint: 70901 ns, At safepoint: 24200 ns, Total: 95101 ns
[4.230s][info ][safepoint      ] Safepoint "ICBufferFull", Time since last: 2045716 ns, Reaching safepoint: 92100 ns, At safepoint: 28001 ns, Total: 120101 ns
[4.248s][info ][safepoint      ] Safepoint "ICBufferFull", Time since last: 17801037 ns, Reaching safepoint: 102001 ns, At safepoint: 26200 ns, Total: 128201 ns
[4.250s][info ][safepoint      ] Safepoint "ICBufferFull", Time since last: 2259518 ns, Reaching safepoint: 101801 ns, At safepoint: 25100 ns, Total: 126901 ns
[4.252s][info ][safepoint      ] Safepoint "ICBufferFull", Time since last: 1810814 ns, Reaching safepoint: 91500 ns, At safepoint: 19501 ns, Total: 111001 ns
[4.254s][info ][safepoint      ] Safepoint "ICBufferFull", Time since last: 1888414 ns, Reaching safepoint: 90001 ns, At safepoint: 23400 ns, Total: 113401 ns
[4.256s][info ][safepoint      ] Safepoint "ICBufferFull", Time since last: 1825214 ns, Reaching safepoint: 89001 ns, At safepoint: 18700 ns, Total: 107701 ns
[4.258s][info ][safepoint      ] Safepoint "ICBufferFull", Time since last: 1898115 ns, Reaching safepoint: 89900 ns, At safepoint: 26301 ns, Total: 116201 ns
[4.260s][info ][safepoint      ] Safepoint "ICBufferFull", Time since last: 1684613 ns, Reaching safepoint: 168801 ns, At safepoint: 25500 ns, Total: 194301 ns
[4.262s][info ][safepoint      ] Safepoint "ICBufferFull", Time since last: 1759614 ns, Reaching safepoint: 89900 ns, At safepoint: 20001 ns, Total: 109901 ns
[4.266s][info ][safepoint      ] Safepoint "ICBufferFull", Time since last: 1725813 ns, Reaching safepoint: 2117116 ns, At safepoint: 24701 ns, Total: 2141817 ns
[4.274s][info ][safepoint      ] Safepoint "ICBufferFull", Time since last: 5480942 ns, Reaching safepoint: 3149624 ns, At safepoint: 32201 ns, Total: 3181825 ns
[4.277s][info ][safepoint      ] Safepoint "ICBufferFull", Time since last: 2575119 ns, Reaching safepoint: 98101 ns, At safepoint: 21600 ns, Total: 119701 ns
[4.279s][info ][safepoint      ] Safepoint "ICBufferFull", Time since last: 2065616 ns, Reaching safepoint: 92001 ns, At safepoint: 22900 ns, Total: 114901 ns
[4.287s][info ][safepoint      ] Safepoint "ICBufferFull", Time since last: 7844561 ns, Reaching safepoint: 95501 ns, At safepoint: 28400 ns, Total: 123901 ns
[4.291s][info ][safepoint      ] Safepoint "ICBufferFull", Time since last: 3852030 ns, Reaching safepoint: 101500 ns, At safepoint: 23601 ns, Total: 125101 ns
[4.299s][info ][safepoint      ] Safepoint "ICBufferFull", Time since last: 7875161 ns, Reaching safepoint: 97000 ns, At safepoint: 22800 ns, Total: 119800 ns
[4.302s][info ][safepoint      ] Safepoint "ICBufferFull", Time since last: 3171225 ns, Reaching safepoint: 93201 ns, At safepoint: 22700 ns, Total: 115901 ns
[4.309s][info ][safepoint      ] Safepoint "ICBufferFull", Time since last: 6674251 ns, Reaching safepoint: 106501 ns, At safepoint: 19300 ns, Total: 125801 ns
[4.326s][info ][safepoint      ] Safepoint "ICBufferFull", Time since last: 14187410 ns, Reaching safepoint: 2147717 ns, At safepoint: 32700 ns, Total: 2180417 ns
[4.328s][info ][safepoint      ] Safepoint "ICBufferFull", Time since last: 1794914 ns, Reaching safepoint: 84901 ns, At safepoint: 25100 ns, Total: 110001 ns
[4.329s][info ][safepoint      ] Safepoint "ICBufferFull", Time since last: 1737613 ns, Reaching safepoint: 100001 ns, At safepoint: 26800 ns, Total: 126801 ns
[4.331s][info ][safepoint      ] Safepoint "ICBufferFull", Time since last: 1560812 ns, Reaching safepoint: 88001 ns, At safepoint: 23600 ns, Total: 111601 ns
[4.333s][info ][safepoint      ] Safepoint "ICBufferFull", Time since last: 1719813 ns, Reaching safepoint: 89301 ns, At safepoint: 28800 ns, Total: 118101 ns
[4.338s][info ][safepoint      ] Safepoint "ICBufferFull", Time since last: 5061039 ns, Reaching safepoint: 98601 ns, At safepoint: 22400 ns, Total: 121001 ns
[4.338s][info ][safepoint      ] Safepoint "ICBufferFull", Time since last: 47701 ns, Reaching safepoint: 91300 ns, At safepoint: 26801 ns, Total: 118101 ns
[4.340s][info ][safepoint      ] Safepoint "ICBufferFull", Time since last: 1695313 ns, Reaching safepoint: 93600 ns, At safepoint: 20401 ns, Total: 114001 ns
[4.342s][info ][safepoint      ] Safepoint "ICBufferFull", Time since last: 2239817 ns, Reaching safepoint: 96601 ns, At safepoint: 23800 ns, Total: 120401 ns
[4.345s][info ][safepoint      ] Safepoint "ICBufferFull", Time since last: 2809122 ns, Reaching safepoint: 94300 ns, At safepoint: 29101 ns, Total: 123401 ns
[4.355s][info ][safepoint      ] Safepoint "ICBufferFull", Time since last: 9334072 ns, Reaching safepoint: 104501 ns, At safepoint: 18900 ns, Total: 123401 ns
[4.358s][info ][safepoint      ] Safepoint "ICBufferFull", Time since last: 3269525 ns, Reaching safepoint: 103101 ns, At safepoint: 21300 ns, Total: 124401 ns
[4.366s][info ][safepoint      ] Safepoint "ICBufferFull", Time since last: 5162340 ns, Reaching safepoint: 2132316 ns, At safepoint: 27401 ns, Total: 2159717 ns
[4.376s][info ][safepoint      ] Safepoint "ICBufferFull", Time since last: 10260379 ns, Reaching safepoint: 92701 ns, At safepoint: 33700 ns, Total: 126401 ns
[4.381s][info ][safepoint      ] Safepoint "ICBufferFull", Time since last: 4707636 ns, Reaching safepoint: 432604 ns, At safepoint: 26200 ns, Total: 458804 ns
[4.384s][info ][safepoint      ] Safepoint "ICBufferFull", Time since last: 2650320 ns, Reaching safepoint: 89501 ns, At safepoint: 23900 ns, Total: 113401 ns
[4.390s][info ][gc,start       ] GC(6) Pause Young (Allocation Failure)
[4.441s][debug][gc,phases      ] GC(6) Scavenge 51.520ms
[4.441s][debug][gc,ref         ] GC(6) Skipped phase 1 of Reference Processing: no references
[4.441s][debug][gc,ref         ] GC(6) ReferenceProcessor::execute queues: 1, RefProcThreadModel::Single, marks_oops_alive: false
[4.441s][debug][gc,ref         ] GC(6) Skipped phase 3 of Reference Processing: no references
[4.441s][debug][gc,ref         ] GC(6) ReferenceProcessor::execute queues: 1, RefProcThreadModel::Single, marks_oops_alive: false
[4.441s][debug][gc,phases      ] GC(6) Reference Processing 0.164ms
[4.442s][debug][gc,phases      ] GC(6)   VM Weak                        Min:  0.0, Avg:  0.0, Max:  0.0, Diff:  0.0, Sum:  0.0, Workers: 4
[4.442s][debug][gc,phases      ] GC(6)     Dead                           Min: 0, Avg:  0.0, Max: 0, Diff: 0, Sum: 0, Workers: 4
[4.442s][debug][gc,phases      ] GC(6)     Total                          Min: 0, Avg: 106.2, Max: 425, Diff: 425, Sum: 425, Workers: 4
[4.442s][debug][gc,phases      ] GC(6)   ObjectSynchronizer Weak        Min:  0.0, Avg:  0.0, Max:  0.0, Diff:  0.0, Sum:  0.0, Workers: 4
[4.442s][debug][gc,phases      ] GC(6)     Dead                           Min: 0, Avg:  0.0, Max: 0, Diff: 0, Sum: 0, Workers: 4
[4.442s][debug][gc,phases      ] GC(6)     Total                          Min: 0, Avg: 78.2, Max: 256, Diff: 256, Sum: 313, Workers: 4
[4.442s][debug][gc,phases      ] GC(6)   JVMTI Tag Weak OopStorage      Min:  0.0, Avg:  0.0, Max:  0.0, Diff:  0.0, Sum:  0.0, Workers: 4
[4.442s][debug][gc,phases      ] GC(6)     Dead                           Min: 0, Avg:  0.0, Max: 0, Diff: 0, Sum: 0, Workers: 4
[4.442s][debug][gc,phases      ] GC(6)     Total                          Min: 0, Avg:  0.0, Max: 0, Diff: 0, Sum: 0, Workers: 4
[4.442s][debug][gc,phases      ] GC(6)   StringTable Weak               Min:  0.2, Avg:  0.2, Max:  0.2, Diff:  0.0, Sum:  0.8, Workers: 4
[4.442s][debug][gc,phases      ] GC(6)     Dead                           Min: 0, Avg:  0.0, Max: 0, Diff: 0, Sum: 0, Workers: 4
[4.442s][debug][gc,phases      ] GC(6)     Total                          Min: 8967, Avg: 9553.8, Max: 9920, Diff: 953, Sum: 38215, Workers: 4
[4.442s][debug][gc,phases      ] GC(6)   ResolvedMethodTable Weak       Min:  0.0, Avg:  0.0, Max:  0.0, Diff:  0.0, Sum:  0.1, Workers: 4
[4.442s][debug][gc,phases      ] GC(6)     Dead                           Min: 0, Avg:  0.0, Max: 0, Diff: 0, Sum: 0, Workers: 4
[4.442s][debug][gc,phases      ] GC(6)     Total                          Min: 1114, Avg: 1187.8, Max: 1322, Diff: 208, Sum: 4751, Workers: 4
[4.442s][debug][gc,phases      ] GC(6)   JNI Weak                       Min:  0.0, Avg:  0.0, Max:  0.0, Diff:  0.0, Sum:  0.0, Workers: 4
[4.442s][debug][gc,phases      ] GC(6)     Dead                           Min: 0, Avg:  0.0, Max: 0, Diff: 0, Sum: 0, Workers: 4
[4.442s][debug][gc,phases      ] GC(6)     Total                          Min: 0, Avg:  1.2, Max: 5, Diff: 5, Sum: 5, Workers: 4
[4.442s][debug][gc,phases      ] GC(6)   StringDedup Table Weak         Min:  0.0, Avg:  0.0, Max:  0.0, Diff:  0.0, Sum:  0.0, Workers: 4
[4.442s][debug][gc,phases      ] GC(6)     Dead                           Min: 0, Avg:  0.0, Max: 0, Diff: 0, Sum: 0, Workers: 4
[4.442s][debug][gc,phases      ] GC(6)     Total                          Min: 0, Avg:  0.0, Max: 0, Diff: 0, Sum: 0, Workers: 4
[4.442s][debug][gc,phases      ] GC(6)   StringDedup Requests0 Weak     Min:  0.0, Avg:  0.0, Max:  0.0, Diff:  0.0, Sum:  0.0, Workers: 4
[4.442s][debug][gc,phases      ] GC(6)     Dead                           Min: 0, Avg:  0.0, Max: 0, Diff: 0, Sum: 0, Workers: 4
[4.442s][debug][gc,phases      ] GC(6)     Total                          Min: 0, Avg:  0.0, Max: 0, Diff: 0, Sum: 0, Workers: 4
[4.442s][debug][gc,phases      ] GC(6)   StringDedup Requests1 Weak     Min:  0.0, Avg:  0.0, Max:  0.0, Diff:  0.0, Sum:  0.0, Workers: 4
[4.442s][debug][gc,phases      ] GC(6)     Dead                           Min: 0, Avg:  0.0, Max: 0, Diff: 0, Sum: 0, Workers: 4
[4.442s][debug][gc,phases      ] GC(6)     Total                          Min: 0, Avg:  0.0, Max: 0, Diff: 0, Sum: 0, Workers: 4
[4.442s][debug][gc,phases      ] GC(6)   Weak JFR Old Object Samples    Min:  0.0, Avg:  0.0, Max:  0.0, Diff:  0.0, Sum:  0.0, Workers: 4
[4.442s][debug][gc,phases      ] GC(6)     Dead                           Min: 0, Avg:  0.0, Max: 0, Diff: 0, Sum: 0, Workers: 4
[4.442s][debug][gc,phases      ] GC(6)     Total                          Min: 0, Avg:  0.0, Max: 0, Diff: 0, Sum: 0, Workers: 4
[4.442s][debug][gc,phases      ] GC(6) Weak Processing 0.392ms
[4.442s][debug][gc,age         ] GC(6) Desired survivor size 264241152 bytes, new threshold 6 (max threshold 15)
[4.442s][info ][gc,heap        ] GC(6) PSYoungGen: 1224490K(1572864K)->178442K(1572864K) Eden: 1048576K(1048576K)->0K(1048576K) From: 175914K(524288K)->178442K(524288K)
[4.442s][info ][gc,heap        ] GC(6) ParOldGen: 5845K(6144K)->5853K(6144K)
[4.442s][info ][gc,metaspace   ] GC(6) Metaspace: 53643K(54272K)->53643K(54272K) NonClass: 45722K(46080K)->45722K(46080K) Class: 7920K(8192K)->7920K(8192K)
[4.442s][info ][gc             ] GC(6) Pause Young (Allocation Failure) 1201M->179M(1542M) 52.174ms
[4.442s][info ][gc,cpu         ] GC(6) User=0.21s Sys=0.00s Real=0.05s
[4.442s][info ][safepoint      ] Safepoint "ParallelGCFailedAllocation", Time since last: 5610344 ns, Reaching safepoint: 87000 ns, At safepoint: 52245504 ns, Total: 52332504 ns
[4.448s][info ][safepoint      ] Safepoint "ICBufferFull", Time since last: 6369050 ns, Reaching safepoint: 110700 ns, At safepoint: 29201 ns, Total: 139901 ns
[4.451s][info ][safepoint      ] Safepoint "ICBufferFull", Time since last: 2167916 ns, Reaching safepoint: 86201 ns, At safepoint: 27000 ns, Total: 113201 ns
[4.453s][info ][safepoint      ] Safepoint "ICBufferFull", Time since last: 2266318 ns, Reaching safepoint: 86900 ns, At safepoint: 24301 ns, Total: 111201 ns
[4.458s][info ][safepoint      ] Safepoint "ICBufferFull", Time since last: 4854237 ns, Reaching safepoint: 100401 ns, At safepoint: 21200 ns, Total: 121601 ns
[4.462s][info ][safepoint      ] Safepoint "ICBufferFull", Time since last: 3546928 ns, Reaching safepoint: 166901 ns, At safepoint: 22400 ns, Total: 189301 ns
[4.466s][info ][safepoint      ] Safepoint "ICBufferFull", Time since last: 1497112 ns, Reaching safepoint: 3160924 ns, At safepoint: 27400 ns, Total: 3188324 ns
[4.468s][info ][safepoint      ] Safepoint "ICBufferFull", Time since last: 1528112 ns, Reaching safepoint: 92501 ns, At safepoint: 17800 ns, Total: 110301 ns
[4.470s][info ][safepoint      ] Safepoint "ICBufferFull", Time since last: 1675513 ns, Reaching safepoint: 95401 ns, At safepoint: 17800 ns, Total: 113201 ns
[4.487s][info ][safepoint      ] Safepoint "ICBufferFull", Time since last: 17011931 ns, Reaching safepoint: 80201 ns, At safepoint: 20100 ns, Total: 100301 ns
[4.488s][info ][safepoint      ] Safepoint "ICBufferFull", Time since last: 1399911 ns, Reaching safepoint: 105101 ns, At safepoint: 18600 ns, Total: 123701 ns
[4.490s][info ][safepoint      ] Safepoint "ICBufferFull", Time since last: 1447211 ns, Reaching safepoint: 55400 ns, At safepoint: 26001 ns, Total: 81401 ns
[4.492s][info ][safepoint      ] Safepoint "ICBufferFull", Time since last: 2271117 ns, Reaching safepoint: 61201 ns, At safepoint: 20500 ns, Total: 81701 ns
[4.494s][info ][safepoint      ] Safepoint "ICBufferFull", Time since last: 1916915 ns, Reaching safepoint: 103100 ns, At safepoint: 22101 ns, Total: 125201 ns
[4.496s][info ][safepoint      ] Safepoint "ICBufferFull", Time since last: 1432811 ns, Reaching safepoint: 82900 ns, At safepoint: 18701 ns, Total: 101601 ns
[4.499s][info ][safepoint      ] Safepoint "ICBufferFull", Time since last: 3272125 ns, Reaching safepoint: 95701 ns, At safepoint: 23300 ns, Total: 119001 ns
[4.501s][info ][safepoint      ] Safepoint "ICBufferFull", Time since last: 1332210 ns, Reaching safepoint: 92601 ns, At safepoint: 17100 ns, Total: 109701 ns
[4.517s][info ][safepoint      ] Safepoint "ICBufferFull", Time since last: 16591328 ns, Reaching safepoint: 165301 ns, At safepoint: 22201 ns, Total: 187502 ns
[4.519s][info ][safepoint      ] Safepoint "ICBufferFull", Time since last: 1505711 ns, Reaching safepoint: 92101 ns, At safepoint: 18300 ns, Total: 110401 ns
[4.520s][info ][safepoint      ] Safepoint "ICBufferFull", Time since last: 1275510 ns, Reaching safepoint: 97501 ns, At safepoint: 20100 ns, Total: 117601 ns
[4.522s][info ][safepoint      ] Safepoint "ICBufferFull", Time since last: 1488511 ns, Reaching safepoint: 91601 ns, At safepoint: 18000 ns, Total: 109601 ns
[4.531s][info ][safepoint      ] Safepoint "ICBufferFull", Time since last: 8746668 ns, Reaching safepoint: 96101 ns, At safepoint: 20500 ns, Total: 116601 ns
[4.542s][info ][safepoint      ] Safepoint "ICBufferFull", Time since last: 10469581 ns, Reaching safepoint: 102401 ns, At safepoint: 22400 ns, Total: 124801 ns
[4.543s][info ][safepoint      ] Safepoint "ICBufferFull", Time since last: 1535012 ns, Reaching safepoint: 88700 ns, At safepoint: 20600 ns, Total: 109300 ns
[4.545s][info ][safepoint      ] Safepoint "ICBufferFull", Time since last: 1487412 ns, Reaching safepoint: 86601 ns, At safepoint: 21000 ns, Total: 107601 ns
[4.546s][info ][safepoint      ] Safepoint "ICBufferFull", Time since last: 1473911 ns, Reaching safepoint: 86701 ns, At safepoint: 21900 ns, Total: 108601 ns
[4.559s][info ][safepoint      ] Safepoint "ICBufferFull", Time since last: 12418096 ns, Reaching safepoint: 89601 ns, At safepoint: 20700 ns, Total: 110301 ns
[4.560s][info ][safepoint      ] Safepoint "ICBufferFull", Time since last: 1421711 ns, Reaching safepoint: 91301 ns, At safepoint: 21700 ns, Total: 113001 ns
[4.562s][info ][safepoint      ] Safepoint "ICBufferFull", Time since last: 1288710 ns, Reaching safepoint: 90200 ns, At safepoint: 26501 ns, Total: 116701 ns
[4.573s][info ][safepoint      ] Safepoint "ICBufferFull", Time since last: 6996054 ns, Reaching safepoint: 4213832 ns, At safepoint: 19800 ns, Total: 4233632 ns
[4.581s][info ][safepoint      ] Safepoint "ICBufferFull", Time since last: 7743760 ns, Reaching safepoint: 107401 ns, At safepoint: 27100 ns, Total: 134501 ns
[4.586s][info ][safepoint      ] Safepoint "ICBufferFull", Time since last: 5038139 ns, Reaching safepoint: 91701 ns, At safepoint: 20000 ns, Total: 111701 ns
[4.590s][info ][safepoint      ] Safepoint "ICBufferFull", Time since last: 4219933 ns, Reaching safepoint: 93501 ns, At safepoint: 23500 ns, Total: 117001 ns
[4.592s][info ][safepoint      ] Safepoint "ICBufferFull", Time since last: 1883014 ns, Reaching safepoint: 104701 ns, At safepoint: 30100 ns, Total: 134801 ns
[4.594s][info ][safepoint      ] Safepoint "ICBufferFull", Time since last: 1396111 ns, Reaching safepoint: 89501 ns, At safepoint: 22100 ns, Total: 111601 ns
[4.595s][info ][safepoint      ] Safepoint "ICBufferFull", Time since last: 1365711 ns, Reaching safepoint: 90400 ns, At safepoint: 23600 ns, Total: 114000 ns
[4.597s][info ][safepoint      ] Safepoint "ICBufferFull", Time since last: 1617313 ns, Reaching safepoint: 92601 ns, At safepoint: 22800 ns, Total: 115401 ns
[4.599s][info ][safepoint      ] Safepoint "ICBufferFull", Time since last: 1364910 ns, Reaching safepoint: 93201 ns, At safepoint: 23700 ns, Total: 116901 ns
[4.601s][info ][safepoint      ] Safepoint "ICBufferFull", Time since last: 1767114 ns, Reaching safepoint: 93301 ns, At safepoint: 20200 ns, Total: 113501 ns
[4.612s][info ][safepoint      ] Safepoint "ICBufferFull", Time since last: 11232987 ns, Reaching safepoint: 105401 ns, At safepoint: 23900 ns, Total: 129301 ns
[4.613s][info ][safepoint      ] Safepoint "ICBufferFull", Time since last: 1340710 ns, Reaching safepoint: 89201 ns, At safepoint: 34000 ns, Total: 123201 ns
[4.615s][info ][safepoint      ] Safepoint "ICBufferFull", Time since last: 1505812 ns, Reaching safepoint: 91000 ns, At safepoint: 21001 ns, Total: 112001 ns
[4.618s][info ][safepoint      ] Safepoint "ICBufferFull", Time since last: 1295110 ns, Reaching safepoint: 2134416 ns, At safepoint: 22000 ns, Total: 2156416 ns
[4.635s][info ][safepoint      ] Safepoint "ICBufferFull", Time since last: 16341627 ns, Reaching safepoint: 148501 ns, At safepoint: 27100 ns, Total: 175601 ns
[4.636s][info ][safepoint      ] Safepoint "ICBufferFull", Time since last: 1396011 ns, Reaching safepoint: 93801 ns, At safepoint: 21400 ns, Total: 115201 ns
[4.638s][info ][safepoint      ] Safepoint "ICBufferFull", Time since last: 1345610 ns, Reaching safepoint: 91401 ns, At safepoint: 23000 ns, Total: 114401 ns
[4.640s][info ][safepoint      ] Safepoint "ICBufferFull", Time since last: 1389311 ns, Reaching safepoint: 368403 ns, At safepoint: 28700 ns, Total: 397103 ns
[4.642s][info ][safepoint      ] Safepoint "ICBufferFull", Time since last: 1713213 ns, Reaching safepoint: 101001 ns, At safepoint: 20900 ns, Total: 121901 ns
[4.643s][info ][safepoint      ] Safepoint "ICBufferFull", Time since last: 1566312 ns, Reaching safepoint: 95901 ns, At safepoint: 23700 ns, Total: 119601 ns
[4.645s][info ][safepoint      ] Safepoint "ICBufferFull", Time since last: 1366811 ns, Reaching safepoint: 89800 ns, At safepoint: 18600 ns, Total: 108400 ns
[4.647s][info ][safepoint      ] Safepoint "ICBufferFull", Time since last: 2685221 ns, Reaching safepoint: 88201 ns, At safepoint: 23600 ns, Total: 111801 ns
[4.655s][info ][safepoint      ] Safepoint "ICBufferFull", Time since last: 6938354 ns, Reaching safepoint: 88500 ns, At safepoint: 24101 ns, Total: 112601 ns
[4.678s][info ][safepoint      ] Safepoint "ICBufferFull", Time since last: 20256756 ns, Reaching safepoint: 3159725 ns, At safepoint: 24100 ns, Total: 3183825 ns
[4.772s][info ][safepoint      ] Safepoint "ICBufferFull", Time since last: 93642224 ns, Reaching safepoint: 168501 ns, At safepoint: 24100 ns, Total: 192601 ns
[4.802s][info ][safepoint      ] Safepoint "ICBufferFull", Time since last: 26907409 ns, Reaching safepoint: 3207324 ns, At safepoint: 29001 ns, Total: 3236325 ns
[4.854s][info ][safepoint      ] Safepoint "ICBufferFull", Time since last: 52112303 ns, Reaching safepoint: 124901 ns, At safepoint: 26900 ns, Total: 151801 ns
[4.860s][info ][gc,start       ] GC(7) Pause Young (Allocation Failure)
[4.948s][debug][gc,phases      ] GC(7) Scavenge 88.173ms
[4.948s][debug][gc,ref         ] GC(7) Skipped phase 1 of Reference Processing: no references
[4.948s][debug][gc,ref         ] GC(7) ReferenceProcessor::execute queues: 3, RefProcThreadModel::Multi, marks_oops_alive: false
[4.949s][debug][gc,ref         ] GC(7) Skipped phase 3 of Reference Processing: no references
[4.949s][debug][gc,ref         ] GC(7) ReferenceProcessor::execute queues: 1, RefProcThreadModel::Single, marks_oops_alive: false
[4.949s][debug][gc,phases      ] GC(7) Reference Processing 0.278ms
[4.949s][debug][gc,phases      ] GC(7)   VM Weak                        Min:  0.0, Avg:  0.0, Max:  0.0, Diff:  0.0, Sum:  0.0, Workers: 4
[4.949s][debug][gc,phases      ] GC(7)     Dead                           Min: 0, Avg:  0.0, Max: 0, Diff: 0, Sum: 0, Workers: 4
[4.949s][debug][gc,phases      ] GC(7)     Total                          Min: 0, Avg: 110.5, Max: 256, Diff: 256, Sum: 442, Workers: 4
[4.949s][debug][gc,phases      ] GC(7)   ObjectSynchronizer Weak        Min:  0.0, Avg:  0.0, Max:  0.0, Diff:  0.0, Sum:  0.0, Workers: 4
[4.949s][debug][gc,phases      ] GC(7)     Dead                           Min: 0, Avg:  0.5, Max: 1, Diff: 1, Sum: 2, Workers: 4
[4.949s][debug][gc,phases      ] GC(7)     Total                          Min: 0, Avg: 78.2, Max: 185, Diff: 185, Sum: 313, Workers: 4
[4.949s][debug][gc,phases      ] GC(7)   JVMTI Tag Weak OopStorage      Min:  0.0, Avg:  0.0, Max:  0.0, Diff:  0.0, Sum:  0.0, Workers: 4
[4.949s][debug][gc,phases      ] GC(7)     Dead                           Min: 0, Avg:  0.0, Max: 0, Diff: 0, Sum: 0, Workers: 4
[4.949s][debug][gc,phases      ] GC(7)     Total                          Min: 0, Avg:  0.0, Max: 0, Diff: 0, Sum: 0, Workers: 4
[4.949s][debug][gc,phases      ] GC(7)   StringTable Weak               Min:  0.2, Avg:  0.2, Max:  0.2, Diff:  0.0, Sum:  0.9, Workers: 4
[4.949s][debug][gc,phases      ] GC(7)     Dead                           Min: 0, Avg:  3.5, Max: 13, Diff: 13, Sum: 14, Workers: 4
[4.949s][debug][gc,phases      ] GC(7)     Total                          Min: 7552, Avg: 9595.0, Max: 11500, Diff: 3948, Sum: 38380, Workers: 4
[4.949s][debug][gc,phases      ] GC(7)   ResolvedMethodTable Weak       Min:  0.0, Avg:  0.0, Max:  0.0, Diff:  0.0, Sum:  0.1, Workers: 4
[4.949s][debug][gc,phases      ] GC(7)     Dead                           Min: 0, Avg:  0.0, Max: 0, Diff: 0, Sum: 0, Workers: 4
[4.949s][debug][gc,phases      ] GC(7)     Total                          Min: 877, Avg: 1227.2, Max: 1408, Diff: 531, Sum: 4909, Workers: 4
[4.949s][debug][gc,phases      ] GC(7)   JNI Weak                       Min:  0.0, Avg:  0.0, Max:  0.0, Diff:  0.0, Sum:  0.0, Workers: 4
[4.949s][debug][gc,phases      ] GC(7)     Dead                           Min: 0, Avg:  0.0, Max: 0, Diff: 0, Sum: 0, Workers: 4
[4.949s][debug][gc,phases      ] GC(7)     Total                          Min: 0, Avg:  1.2, Max: 5, Diff: 5, Sum: 5, Workers: 4
[4.949s][debug][gc,phases      ] GC(7)   StringDedup Table Weak         Min:  0.0, Avg:  0.0, Max:  0.0, Diff:  0.0, Sum:  0.0, Workers: 4
[4.949s][debug][gc,phases      ] GC(7)     Dead                           Min: 0, Avg:  0.0, Max: 0, Diff: 0, Sum: 0, Workers: 4
[4.949s][debug][gc,phases      ] GC(7)     Total                          Min: 0, Avg:  0.0, Max: 0, Diff: 0, Sum: 0, Workers: 4
[4.949s][debug][gc,phases      ] GC(7)   StringDedup Requests0 Weak     Min:  0.0, Avg:  0.0, Max:  0.0, Diff:  0.0, Sum:  0.0, Workers: 4
[4.949s][debug][gc,phases      ] GC(7)     Dead                           Min: 0, Avg:  0.0, Max: 0, Diff: 0, Sum: 0, Workers: 4
[4.949s][debug][gc,phases      ] GC(7)     Total                          Min: 0, Avg:  0.0, Max: 0, Diff: 0, Sum: 0, Workers: 4
[4.949s][debug][gc,phases      ] GC(7)   StringDedup Requests1 Weak     Min:  0.0, Avg:  0.0, Max:  0.0, Diff:  0.0, Sum:  0.0, Workers: 4
[4.949s][debug][gc,phases      ] GC(7)     Dead                           Min: 0, Avg:  0.0, Max: 0, Diff: 0, Sum: 0, Workers: 4
[4.949s][debug][gc,phases      ] GC(7)     Total                          Min: 0, Avg:  0.0, Max: 0, Diff: 0, Sum: 0, Workers: 4
[4.949s][debug][gc,phases      ] GC(7)   Weak JFR Old Object Samples    Min:  0.0, Avg:  0.0, Max:  0.0, Diff:  0.0, Sum:  0.0, Workers: 4
[4.949s][debug][gc,phases      ] GC(7)     Dead                           Min: 0, Avg:  0.0, Max: 0, Diff: 0, Sum: 0, Workers: 4
[4.949s][debug][gc,phases      ] GC(7)     Total                          Min: 0, Avg:  0.0, Max: 0, Diff: 0, Sum: 0, Workers: 4
[4.949s][debug][gc,phases      ] GC(7) Weak Processing 0.402ms
[4.949s][debug][gc,age         ] GC(7) Desired survivor size 277348352 bytes, new threshold 5 (max threshold 15)
[4.949s][info ][gc,heap        ] GC(7) PSYoungGen: 1227018K(1572864K)->182858K(1813504K) Eden: 1048576K(1048576K)->0K(1555456K) From: 178442K(524288K)->182858K(258048K)
[4.949s][info ][gc,heap        ] GC(7) ParOldGen: 5853K(6144K)->5861K(6144K)
[4.949s][info ][gc,metaspace   ] GC(7) Metaspace: 54073K(54720K)->54073K(54720K) NonClass: 46073K(46464K)->46073K(46464K) Class: 7999K(8256K)->7999K(8256K)
[4.949s][info ][gc             ] GC(7) Pause Young (Allocation Failure) 1203M->184M(1777M) 88.958ms
[4.949s][info ][gc,cpu         ] GC(7) User=0.28s Sys=0.08s Real=0.09s
[4.949s][info ][safepoint      ] Safepoint "ParallelGCFailedAllocation", Time since last: 5722044 ns, Reaching safepoint: 83101 ns, At safepoint: 89021388 ns, Total: 89104489 ns
[4.963s][info ][safepoint      ] Safepoint "ICBufferFull", Time since last: 14141009 ns, Reaching safepoint: 105601 ns, At safepoint: 22300 ns, Total: 127901 ns
[4.979s][info ][safepoint      ] Safepoint "ICBufferFull", Time since last: 15892723 ns, Reaching safepoint: 115001 ns, At safepoint: 30200 ns, Total: 145201 ns
[4.994s][info ][safepoint      ] Safepoint "ICBufferFull", Time since last: 14755114 ns, Reaching safepoint: 86601 ns, At safepoint: 29000 ns, Total: 115601 ns
[5.001s][info ][safepoint      ] Safepoint "ICBufferFull", Time since last: 6208948 ns, Reaching safepoint: 139801 ns, At safepoint: 27901 ns, Total: 167702 ns
[5.010s][info ][safepoint      ] Safepoint "ICBufferFull", Time since last: 9354172 ns, Reaching safepoint: 79001 ns, At safepoint: 30500 ns, Total: 109501 ns
[5.042s][info ][safepoint      ] Safepoint "ICBufferFull", Time since last: 32097648 ns, Reaching safepoint: 111301 ns, At safepoint: 24500 ns, Total: 135801 ns
[5.051s][info ][safepoint      ] Safepoint "ICBufferFull", Time since last: 8334764 ns, Reaching safepoint: 105301 ns, At safepoint: 21500 ns, Total: 126801 ns
[5.058s][info ][safepoint      ] Safepoint "ICBufferFull", Time since last: 7239156 ns, Reaching safepoint: 106601 ns, At safepoint: 24200 ns, Total: 130801 ns
[5.070s][info ][safepoint      ] Safepoint "ICBufferFull", Time since last: 9984578 ns, Reaching safepoint: 2103916 ns, At safepoint: 25000 ns, Total: 2128916 ns
[5.094s][info ][safepoint      ] Safepoint "ICBufferFull", Time since last: 23683283 ns, Reaching safepoint: 113401 ns, At safepoint: 18600 ns, Total: 132001 ns
[5.100s][info ][safepoint      ] Safepoint "ICBufferFull", Time since last: 5537943 ns, Reaching safepoint: 117501 ns, At safepoint: 26000 ns, Total: 143501 ns
[5.109s][info ][safepoint      ] Safepoint "ICBufferFull", Time since last: 9018870 ns, Reaching safepoint: 113701 ns, At safepoint: 30800 ns, Total: 144501 ns
[5.116s][info ][safepoint      ] Safepoint "ICBufferFull", Time since last: 6699252 ns, Reaching safepoint: 102001 ns, At safepoint: 18800 ns, Total: 120801 ns
[5.130s][info ][safepoint      ] Safepoint "ICBufferFull", Time since last: 14419311 ns, Reaching safepoint: 102501 ns, At safepoint: 21900 ns, Total: 124401 ns
[5.146s][info ][safepoint      ] Safepoint "ICBufferFull", Time since last: 15656521 ns, Reaching safepoint: 242202 ns, At safepoint: 20100 ns, Total: 262302 ns
[5.158s][info ][safepoint      ] Safepoint "ICBufferFull", Time since last: 12127294 ns, Reaching safepoint: 101601 ns, At safepoint: 19900 ns, Total: 121501 ns
[5.183s][info ][safepoint      ] Safepoint "ICBufferFull", Time since last: 22845777 ns, Reaching safepoint: 2126516 ns, At safepoint: 27400 ns, Total: 2153916 ns
[5.193s][info ][safepoint      ] Safepoint "ICBufferFull", Time since last: 9106571 ns, Reaching safepoint: 87000 ns, At safepoint: 26200 ns, Total: 113200 ns
[5.196s][info ][safepoint      ] Safepoint "ICBufferFull", Time since last: 2831622 ns, Reaching safepoint: 105701 ns, At safepoint: 24700 ns, Total: 130401 ns
[5.199s][info ][safepoint      ] Safepoint "ICBufferFull", Time since last: 3613528 ns, Reaching safepoint: 92801 ns, At safepoint: 30000 ns, Total: 122801 ns
[5.203s][info ][safepoint      ] Safepoint "ICBufferFull", Time since last: 3578128 ns, Reaching safepoint: 87101 ns, At safepoint: 18600 ns, Total: 105701 ns
[5.210s][info ][safepoint      ] Safepoint "ICBufferFull", Time since last: 6966254 ns, Reaching safepoint: 98500 ns, At safepoint: 24601 ns, Total: 123101 ns
[5.228s][info ][safepoint      ] Safepoint "ICBufferFull", Time since last: 17427434 ns, Reaching safepoint: 110701 ns, At safepoint: 25500 ns, Total: 136201 ns
[5.230s][info ][safepoint      ] Safepoint "ICBufferFull", Time since last: 2311118 ns, Reaching safepoint: 98001 ns, At safepoint: 19600 ns, Total: 117601 ns
[5.232s][info ][safepoint      ] Safepoint "ICBufferFull", Time since last: 1965315 ns, Reaching safepoint: 99201 ns, At safepoint: 17300 ns, Total: 116501 ns
[5.235s][info ][safepoint      ] Safepoint "ICBufferFull", Time since last: 2245418 ns, Reaching safepoint: 155901 ns, At safepoint: 21900 ns, Total: 177801 ns
[5.237s][info ][safepoint      ] Safepoint "ICBufferFull", Time since last: 2567920 ns, Reaching safepoint: 90201 ns, At safepoint: 20000 ns, Total: 110201 ns
[5.239s][info ][safepoint      ] Safepoint "ICBufferFull", Time since last: 2027315 ns, Reaching safepoint: 88101 ns, At safepoint: 18400 ns, Total: 106501 ns
[5.242s][info ][safepoint      ] Safepoint "ICBufferFull", Time since last: 2098916 ns, Reaching safepoint: 89501 ns, At safepoint: 19500 ns, Total: 109001 ns
[5.260s][info ][safepoint      ] Safepoint "ICBufferFull", Time since last: 18301242 ns, Reaching safepoint: 179001 ns, At safepoint: 24100 ns, Total: 203101 ns
[5.276s][info ][safepoint      ] Safepoint "ICBufferFull", Time since last: 16004224 ns, Reaching safepoint: 116101 ns, At safepoint: 24200 ns, Total: 140301 ns
[5.293s][info ][safepoint      ] Safepoint "ICBufferFull", Time since last: 16296726 ns, Reaching safepoint: 116701 ns, At safepoint: 19800 ns, Total: 136501 ns
[5.314s][info ][safepoint      ] Safepoint "ICBufferFull", Time since last: 20216456 ns, Reaching safepoint: 561805 ns, At safepoint: 24700 ns, Total: 586505 ns
[5.374s][info ][gc,start       ] GC(8) Pause Young (Allocation Failure)
[5.460s][debug][gc,phases      ] GC(8) Scavenge 86.425ms
[5.460s][debug][gc,ref         ] GC(8) Skipped phase 1 of Reference Processing: no references
[5.460s][debug][gc,ref         ] GC(8) ReferenceProcessor::execute queues: 2, RefProcThreadModel::Multi, marks_oops_alive: false
[5.460s][debug][gc,ref         ] GC(8) Skipped phase 3 of Reference Processing: no references
[5.460s][debug][gc,ref         ] GC(8) ReferenceProcessor::execute queues: 1, RefProcThreadModel::Single, marks_oops_alive: false
[5.460s][debug][gc,phases      ] GC(8) Reference Processing 0.268ms
[5.461s][debug][gc,phases      ] GC(8)   VM Weak                        Min:  0.0, Avg:  0.0, Max:  0.0, Diff:  0.0, Sum:  0.0, Workers: 4
[5.461s][debug][gc,phases      ] GC(8)     Dead                           Min: 0, Avg:  0.0, Max: 0, Diff: 0, Sum: 0, Workers: 4
[5.461s][debug][gc,phases      ] GC(8)     Total                          Min: 0, Avg: 110.5, Max: 256, Diff: 256, Sum: 442, Workers: 4
[5.461s][debug][gc,phases      ] GC(8)   ObjectSynchronizer Weak        Min:  0.0, Avg:  0.0, Max:  0.0, Diff:  0.0, Sum:  0.0, Workers: 4
[5.461s][debug][gc,phases      ] GC(8)     Dead                           Min: 0, Avg:  0.2, Max: 1, Diff: 1, Sum: 1, Workers: 4
[5.461s][debug][gc,phases      ] GC(8)     Total                          Min: 57, Avg: 78.2, Max: 128, Diff: 71, Sum: 313, Workers: 4
[5.461s][debug][gc,phases      ] GC(8)   JVMTI Tag Weak OopStorage      Min:  0.0, Avg:  0.0, Max:  0.0, Diff:  0.0, Sum:  0.0, Workers: 4
[5.461s][debug][gc,phases      ] GC(8)     Dead                           Min: 0, Avg:  0.0, Max: 0, Diff: 0, Sum: 0, Workers: 4
[5.461s][debug][gc,phases      ] GC(8)     Total                          Min: 0, Avg:  0.0, Max: 0, Diff: 0, Sum: 0, Workers: 4
[5.461s][debug][gc,phases      ] GC(8)   StringTable Weak               Min:  0.3, Avg:  0.3, Max:  0.3, Diff:  0.0, Sum:  1.2, Workers: 4
[5.461s][debug][gc,phases      ] GC(8)     Dead                           Min: 0, Avg:  3.5, Max: 7, Diff: 7, Sum: 14, Workers: 4
[5.461s][debug][gc,phases      ] GC(8)     Total                          Min: 9244, Avg: 9606.8, Max: 9792, Diff: 548, Sum: 38427, Workers: 4
[5.461s][debug][gc,phases      ] GC(8)   ResolvedMethodTable Weak       Min:  0.0, Avg:  0.0, Max:  0.0, Diff:  0.0, Sum:  0.2, Workers: 4
[5.461s][debug][gc,phases      ] GC(8)     Dead                           Min: 0, Avg:  0.0, Max: 0, Diff: 0, Sum: 0, Workers: 4
[5.461s][debug][gc,phases      ] GC(8)     Total                          Min: 1152, Avg: 1234.0, Max: 1408, Diff: 256, Sum: 4936, Workers: 4
[5.461s][debug][gc,phases      ] GC(8)   JNI Weak                       Min:  0.0, Avg:  0.0, Max:  0.0, Diff:  0.0, Sum:  0.0, Workers: 4
[5.461s][debug][gc,phases      ] GC(8)     Dead                           Min: 0, Avg:  0.0, Max: 0, Diff: 0, Sum: 0, Workers: 4
[5.461s][debug][gc,phases      ] GC(8)     Total                          Min: 0, Avg:  2.8, Max: 11, Diff: 11, Sum: 11, Workers: 4
[5.461s][debug][gc,phases      ] GC(8)   StringDedup Table Weak         Min:  0.0, Avg:  0.0, Max:  0.0, Diff:  0.0, Sum:  0.0, Workers: 4
[5.461s][debug][gc,phases      ] GC(8)     Dead                           Min: 0, Avg:  0.0, Max: 0, Diff: 0, Sum: 0, Workers: 4
[5.461s][debug][gc,phases      ] GC(8)     Total                          Min: 0, Avg:  0.0, Max: 0, Diff: 0, Sum: 0, Workers: 4
[5.461s][debug][gc,phases      ] GC(8)   StringDedup Requests0 Weak     Min:  0.0, Avg:  0.0, Max:  0.0, Diff:  0.0, Sum:  0.0, Workers: 4
[5.461s][debug][gc,phases      ] GC(8)     Dead                           Min: 0, Avg:  0.0, Max: 0, Diff: 0, Sum: 0, Workers: 4
[5.461s][debug][gc,phases      ] GC(8)     Total                          Min: 0, Avg:  0.0, Max: 0, Diff: 0, Sum: 0, Workers: 4
[5.461s][debug][gc,phases      ] GC(8)   StringDedup Requests1 Weak     Min:  0.0, Avg:  0.0, Max:  0.0, Diff:  0.0, Sum:  0.0, Workers: 4
[5.461s][debug][gc,phases      ] GC(8)     Dead                           Min: 0, Avg:  0.0, Max: 0, Diff: 0, Sum: 0, Workers: 4
[5.461s][debug][gc,phases      ] GC(8)     Total                          Min: 0, Avg:  0.0, Max: 0, Diff: 0, Sum: 0, Workers: 4
[5.461s][debug][gc,phases      ] GC(8)   Weak JFR Old Object Samples    Min:  0.0, Avg:  0.0, Max:  0.0, Diff:  0.0, Sum:  0.0, Workers: 4
[5.461s][debug][gc,phases      ] GC(8)     Dead                           Min: 0, Avg:  0.0, Max: 0, Diff: 0, Sum: 0, Workers: 4
[5.461s][debug][gc,phases      ] GC(8)     Total                          Min: 0, Avg:  0.0, Max: 0, Diff: 0, Sum: 0, Workers: 4
[5.461s][debug][gc,phases      ] GC(8) Weak Processing 0.481ms
[5.461s][debug][gc,age         ] GC(8) Desired survivor size 258473984 bytes, new threshold 4 (max threshold 15)
[5.461s][info ][gc,heap        ] GC(8) PSYoungGen: 1738314K(1813504K)->125732K(1826304K) Eden: 1555456K(1555456K)->0K(1555456K) From: 182858K(258048K)->125732K(270848K)
[5.461s][info ][gc,heap        ] GC(8) ParOldGen: 5861K(6144K)->61923K(61952K)
[5.461s][info ][gc,metaspace   ] GC(8) Metaspace: 54451K(55040K)->54451K(55040K) NonClass: 46424K(46784K)->46424K(46784K) Class: 8027K(8256K)->8027K(8256K)
[5.461s][info ][gc             ] GC(8) Pause Young (Allocation Failure) 1703M->183M(1844M) 87.290ms
[5.461s][info ][gc,cpu         ] GC(8) User=0.36s Sys=0.00s Real=0.08s
[5.461s][debug][gc,phases      ] GC(9) Pre Compact 0.008ms
[5.461s][info ][gc,start       ] GC(9) Pause Full (Ergonomics)
[5.461s][info ][gc,phases,start] GC(9) Marking Phase
[5.533s][debug][gc,phases      ] GC(9) Par Mark 72.001ms
[5.533s][debug][gc,ref         ] GC(9) Skipped phase 1 of Reference Processing: no references
[5.533s][debug][gc,ref         ] GC(9) ReferenceProcessor::execute queues: 4, RefProcThreadModel::Multi, marks_oops_alive: false
[5.533s][debug][gc,ref         ] GC(9) Skipped phase 3 of Reference Processing: no references
[5.533s][debug][gc,ref         ] GC(9) ReferenceProcessor::execute queues: 1, RefProcThreadModel::Single, marks_oops_alive: false
[5.533s][debug][gc,phases      ] GC(9) Reference Processing 0.242ms
[5.533s][debug][gc,phases      ] GC(9)   VM Weak                        Min:  0.0, Avg:  0.0, Max:  0.0, Diff:  0.0, Sum:  0.0, Workers: 4
[5.533s][debug][gc,phases      ] GC(9)     Dead                           Min: 0, Avg:  1.2, Max: 5, Diff: 5, Sum: 5, Workers: 4
[5.533s][debug][gc,phases      ] GC(9)     Total                          Min: 0, Avg: 110.5, Max: 192, Diff: 192, Sum: 442, Workers: 4
[5.533s][debug][gc,phases      ] GC(9)   ObjectSynchronizer Weak        Min:  0.0, Avg:  0.0, Max:  0.0, Diff:  0.0, Sum:  0.0, Workers: 4
[5.533s][debug][gc,phases      ] GC(9)     Dead                           Min: 0, Avg:  0.0, Max: 0, Diff: 0, Sum: 0, Workers: 4
[5.533s][debug][gc,phases      ] GC(9)     Total                          Min: 0, Avg: 78.2, Max: 128, Diff: 128, Sum: 313, Workers: 4
[5.533s][debug][gc,phases      ] GC(9)   JVMTI Tag Weak OopStorage      Min:  0.0, Avg:  0.0, Max:  0.0, Diff:  0.0, Sum:  0.0, Workers: 4
[5.533s][debug][gc,phases      ] GC(9)     Dead                           Min: 0, Avg:  0.0, Max: 0, Diff: 0, Sum: 0, Workers: 4
[5.533s][debug][gc,phases      ] GC(9)     Total                          Min: 0, Avg:  0.0, Max: 0, Diff: 0, Sum: 0, Workers: 4
[5.533s][debug][gc,phases      ] GC(9)   StringTable Weak               Min:  0.1, Avg:  0.1, Max:  0.1, Diff:  0.0, Sum:  0.5, Workers: 4
[5.533s][debug][gc,phases      ] GC(9)     Dead                           Min: 0, Avg:  0.0, Max: 0, Diff: 0, Sum: 0, Workers: 4
[5.534s][debug][gc,phases      ] GC(9)     Total                          Min: 7936, Avg: 9606.8, Max: 11611, Diff: 3675, Sum: 38427, Workers: 4
[5.534s][debug][gc,phases      ] GC(9)   ResolvedMethodTable Weak       Min:  0.0, Avg:  0.0, Max:  0.0, Diff:  0.0, Sum:  0.1, Workers: 4
[5.534s][debug][gc,phases      ] GC(9)     Dead                           Min: 0, Avg:  1.2, Max: 5, Diff: 5, Sum: 5, Workers: 4
[5.534s][debug][gc,phases      ] GC(9)     Total                          Min: 1088, Avg: 1234.0, Max: 1344, Diff: 256, Sum: 4936, Workers: 4
[5.534s][debug][gc,phases      ] GC(9)   JNI Weak                       Min:  0.0, Avg:  0.0, Max:  0.0, Diff:  0.0, Sum:  0.0, Workers: 4
[5.534s][debug][gc,phases      ] GC(9)     Dead                           Min: 0, Avg:  0.0, Max: 0, Diff: 0, Sum: 0, Workers: 4
[5.534s][debug][gc,phases      ] GC(9)     Total                          Min: 0, Avg:  2.8, Max: 11, Diff: 11, Sum: 11, Workers: 4
[5.534s][debug][gc,phases      ] GC(9)   StringDedup Table Weak         Min:  0.0, Avg:  0.0, Max:  0.0, Diff:  0.0, Sum:  0.0, Workers: 4
[5.534s][debug][gc,phases      ] GC(9)     Dead                           Min: 0, Avg:  0.0, Max: 0, Diff: 0, Sum: 0, Workers: 4
[5.534s][debug][gc,phases      ] GC(9)     Total                          Min: 0, Avg:  0.0, Max: 0, Diff: 0, Sum: 0, Workers: 4
[5.534s][debug][gc,phases      ] GC(9)   StringDedup Requests0 Weak     Min:  0.0, Avg:  0.0, Max:  0.0, Diff:  0.0, Sum:  0.0, Workers: 4
[5.534s][debug][gc,phases      ] GC(9)     Dead                           Min: 0, Avg:  0.0, Max: 0, Diff: 0, Sum: 0, Workers: 4
[5.534s][debug][gc,phases      ] GC(9)     Total                          Min: 0, Avg:  0.0, Max: 0, Diff: 0, Sum: 0, Workers: 4
[5.534s][debug][gc,phases      ] GC(9)   StringDedup Requests1 Weak     Min:  0.0, Avg:  0.0, Max:  0.0, Diff:  0.0, Sum:  0.0, Workers: 4
[5.534s][debug][gc,phases      ] GC(9)     Dead                           Min: 0, Avg:  0.0, Max: 0, Diff: 0, Sum: 0, Workers: 4
[5.534s][debug][gc,phases      ] GC(9)     Total                          Min: 0, Avg:  0.0, Max: 0, Diff: 0, Sum: 0, Workers: 4
[5.534s][debug][gc,phases      ] GC(9)   Weak JFR Old Object Samples    Min:  0.0, Avg:  0.0, Max:  0.0, Diff:  0.0, Sum:  0.0, Workers: 4
[5.534s][debug][gc,phases      ] GC(9)     Dead                           Min: 0, Avg:  0.0, Max: 0, Diff: 0, Sum: 0, Workers: 4
[5.534s][debug][gc,phases      ] GC(9)     Total                          Min: 0, Avg:  0.0, Max: 0, Diff: 0, Sum: 0, Workers: 4
[5.534s][debug][gc,phases      ] GC(9) Weak Processing 0.292ms
[5.534s][debug][gc,phases      ] GC(9) ClassLoaderData 0.144ms
[5.534s][debug][gc,phases      ] GC(9) Trigger cleanups 0.007ms
[5.542s][debug][gc,phases      ] GC(9) Class Unloading 8.566ms
[5.542s][info ][gc,phases      ] GC(9) Marking Phase 81.212ms
[5.542s][info ][gc,phases,start] GC(9) Summary Phase
[5.542s][info ][gc,phases      ] GC(9) Summary Phase 0.007ms
[5.542s][info ][gc,phases,start] GC(9) Adjust Roots
[5.550s][info ][gc,phases      ] GC(9) Adjust Roots 7.573ms
[5.550s][info ][gc,phases,start] GC(9) Compaction Phase
[6.277s][info ][gc,phases      ] GC(9) Compaction Phase 727.223ms
[6.277s][info ][gc,phases,start] GC(9) Post Compact
[6.278s][info ][gc,phases      ] GC(9) Post Compact 0.797ms
[6.278s][info ][gc,heap        ] GC(9) PSYoungGen: 125732K(1826304K)->125534K(1826304K) Eden: 0K(1555456K)->0K(1555456K) From: 125732K(270848K)->125534K(270848K)
[6.278s][info ][gc,heap        ] GC(9) ParOldGen: 61923K(61952K)->61627K(100352K)
[6.278s][info ][gc,metaspace   ] GC(9) Metaspace: 54451K(55040K)->54443K(55040K) NonClass: 46424K(46784K)->46418K(46784K) Class: 8027K(8256K)->8024K(8256K)
[6.278s][info ][gc             ] GC(9) Pause Full (Ergonomics) 183M->182M(1881M) 816.968ms
[6.278s][info ][gc,cpu         ] GC(9) User=1.90s Sys=0.02s Real=0.82s
[6.278s][info ][safepoint      ] Safepoint "ParallelGCFailedAllocation", Time since last: 56822139 ns, Reaching safepoint: 3223225 ns, At safepoint: 904399192 ns, Total: 907622417 ns
[6.588s][info ][gc,start       ] GC(10) Pause Young (Allocation Failure)
[6.683s][debug][gc,phases      ] GC(10) Scavenge 94.510ms
[6.683s][debug][gc,ref         ] GC(10) Skipped phase 1 of Reference Processing: no references
[6.683s][debug][gc,ref         ] GC(10) ReferenceProcessor::execute queues: 1, RefProcThreadModel::Single, marks_oops_alive: false
[6.683s][debug][gc,ref         ] GC(10) Skipped phase 3 of Reference Processing: no references
[6.683s][debug][gc,ref         ] GC(10) ReferenceProcessor::execute queues: 1, RefProcThreadModel::Single, marks_oops_alive: false
[6.683s][debug][gc,phases      ] GC(10) Reference Processing 0.134ms
[6.683s][debug][gc,phases      ] GC(10)   VM Weak                        Min:  0.0, Avg:  0.0, Max:  0.0, Diff:  0.0, Sum:  0.0, Workers: 4
[6.683s][debug][gc,phases      ] GC(10)     Dead                           Min: 0, Avg:  0.0, Max: 0, Diff: 0, Sum: 0, Workers: 4
[6.683s][debug][gc,phases      ] GC(10)     Total                          Min: 0, Avg: 127.5, Max: 382, Diff: 382, Sum: 510, Workers: 4
[6.683s][debug][gc,phases      ] GC(10)   ObjectSynchronizer Weak        Min:  0.0, Avg:  0.0, Max:  0.0, Diff:  0.0, Sum:  0.0, Workers: 4
[6.683s][debug][gc,phases      ] GC(10)     Dead                           Min: 0, Avg:  0.0, Max: 0, Diff: 0, Sum: 0, Workers: 4
[6.683s][debug][gc,phases      ] GC(10)     Total                          Min: 0, Avg: 78.2, Max: 128, Diff: 128, Sum: 313, Workers: 4
[6.683s][debug][gc,phases      ] GC(10)   JVMTI Tag Weak OopStorage      Min:  0.0, Avg:  0.0, Max:  0.0, Diff:  0.0, Sum:  0.0, Workers: 4
[6.683s][debug][gc,phases      ] GC(10)     Dead                           Min: 0, Avg:  0.0, Max: 0, Diff: 0, Sum: 0, Workers: 4
[6.683s][debug][gc,phases      ] GC(10)     Total                          Min: 0, Avg:  0.0, Max: 0, Diff: 0, Sum: 0, Workers: 4
[6.683s][debug][gc,phases      ] GC(10)   StringTable Weak               Min:  0.1, Avg:  0.1, Max:  0.1, Diff:  0.0, Sum:  0.6, Workers: 4
[6.683s][debug][gc,phases      ] GC(10)     Dead                           Min: 0, Avg:  4.5, Max: 16, Diff: 16, Sum: 18, Workers: 4
[6.683s][debug][gc,phases      ] GC(10)     Total                          Min: 7296, Avg: 9711.0, Max: 12220, Diff: 4924, Sum: 38844, Workers: 4
[6.683s][debug][gc,phases      ] GC(10)   ResolvedMethodTable Weak       Min:  0.0, Avg:  0.0, Max:  0.0, Diff:  0.0, Sum:  0.1, Workers: 4
[6.683s][debug][gc,phases      ] GC(10)     Dead                           Min: 0, Avg:  8.2, Max: 17, Diff: 17, Sum: 33, Workers: 4
[6.683s][debug][gc,phases      ] GC(10)     Total                          Min: 793, Avg: 1366.2, Max: 1728, Diff: 935, Sum: 5465, Workers: 4
[6.683s][debug][gc,phases      ] GC(10)   JNI Weak                       Min:  0.0, Avg:  0.0, Max:  0.0, Diff:  0.0, Sum:  0.0, Workers: 4
[6.683s][debug][gc,phases      ] GC(10)     Dead                           Min: 0, Avg:  0.0, Max: 0, Diff: 0, Sum: 0, Workers: 4
[6.683s][debug][gc,phases      ] GC(10)     Total                          Min: 0, Avg:  3.0, Max: 12, Diff: 12, Sum: 12, Workers: 4
[6.683s][debug][gc,phases      ] GC(10)   StringDedup Table Weak         Min:  0.0, Avg:  0.0, Max:  0.0, Diff:  0.0, Sum:  0.0, Workers: 4
[6.683s][debug][gc,phases      ] GC(10)     Dead                           Min: 0, Avg:  0.0, Max: 0, Diff: 0, Sum: 0, Workers: 4
[6.683s][debug][gc,phases      ] GC(10)     Total                          Min: 0, Avg:  0.0, Max: 0, Diff: 0, Sum: 0, Workers: 4
[6.683s][debug][gc,phases      ] GC(10)   StringDedup Requests0 Weak     Min:  0.0, Avg:  0.0, Max:  0.0, Diff:  0.0, Sum:  0.0, Workers: 4
[6.683s][debug][gc,phases      ] GC(10)     Dead                           Min: 0, Avg:  0.0, Max: 0, Diff: 0, Sum: 0, Workers: 4
[6.683s][debug][gc,phases      ] GC(10)     Total                          Min: 0, Avg:  0.0, Max: 0, Diff: 0, Sum: 0, Workers: 4
[6.683s][debug][gc,phases      ] GC(10)   StringDedup Requests1 Weak     Min:  0.0, Avg:  0.0, Max:  0.0, Diff:  0.0, Sum:  0.0, Workers: 4
[6.683s][debug][gc,phases      ] GC(10)     Dead                           Min: 0, Avg:  0.0, Max: 0, Diff: 0, Sum: 0, Workers: 4
[6.683s][debug][gc,phases      ] GC(10)     Total                          Min: 0, Avg:  0.0, Max: 0, Diff: 0, Sum: 0, Workers: 4
[6.683s][debug][gc,phases      ] GC(10)   Weak JFR Old Object Samples    Min:  0.0, Avg:  0.0, Max:  0.0, Diff:  0.0, Sum:  0.0, Workers: 4
[6.683s][debug][gc,phases      ] GC(10)     Dead                           Min: 0, Avg:  0.0, Max: 0, Diff: 0, Sum: 0, Workers: 4
[6.683s][debug][gc,phases      ] GC(10)     Total                          Min: 0, Avg:  0.0, Max: 0, Diff: 0, Sum: 0, Workers: 4
[6.683s][debug][gc,phases      ] GC(10) Weak Processing 0.322ms
[6.683s][debug][gc,age         ] GC(10) Desired survivor size 268435456 bytes, new threshold 5 (max threshold 15)
[6.683s][info ][gc,heap        ] GC(10) PSYoungGen: 1680990K(1826304K)->9120K(1825280K) Eden: 1555456K(1555456K)->0K(1572864K) From: 125534K(270848K)->9120K(252416K)
[6.683s][info ][gc,heap        ] GC(10) ParOldGen: 61627K(100352K)->180589K(180736K)
[6.683s][info ][gc,metaspace   ] GC(10) Metaspace: 55866K(56576K)->55866K(56576K) NonClass: 47546K(47936K)->47546K(47936K) Class: 8319K(8640K)->8319K(8640K)
[6.683s][info ][gc             ] GC(10) Pause Young (Allocation Failure) 1701M->185M(1959M) 95.069ms
[6.683s][info ][gc,cpu         ] GC(10) User=0.33s Sys=0.06s Real=0.10s
[6.683s][debug][gc,phases      ] GC(11) Pre Compact 0.008ms
[6.683s][info ][gc,start       ] GC(11) Pause Full (Ergonomics)
[6.683s][info ][gc,phases,start] GC(11) Marking Phase
[6.754s][debug][gc,phases      ] GC(11) Par Mark 70.879ms
[6.754s][debug][gc,ref         ] GC(11) Skipped phase 1 of Reference Processing: no references
[6.754s][debug][gc,ref         ] GC(11) ReferenceProcessor::execute queues: 4, RefProcThreadModel::Multi, marks_oops_alive: false
[6.754s][debug][gc,ref         ] GC(11) Skipped phase 3 of Reference Processing: no references
[6.754s][debug][gc,ref         ] GC(11) ReferenceProcessor::execute queues: 1, RefProcThreadModel::Single, marks_oops_alive: false
[6.754s][debug][gc,phases      ] GC(11) Reference Processing 0.301ms
[6.755s][debug][gc,phases      ] GC(11)   VM Weak                        Min:  0.0, Avg:  0.0, Max:  0.0, Diff:  0.0, Sum:  0.0, Workers: 4
[6.755s][debug][gc,phases      ] GC(11)     Dead                           Min: 0, Avg:  0.0, Max: 0, Diff: 0, Sum: 0, Workers: 4
[6.755s][debug][gc,phases      ] GC(11)     Total                          Min: 0, Avg: 127.5, Max: 256, Diff: 256, Sum: 510, Workers: 4
[6.755s][debug][gc,phases      ] GC(11)   ObjectSynchronizer Weak        Min:  0.0, Avg:  0.0, Max:  0.0, Diff:  0.0, Sum:  0.0, Workers: 4
[6.755s][debug][gc,phases      ] GC(11)     Dead                           Min: 0, Avg:  0.0, Max: 0, Diff: 0, Sum: 0, Workers: 4
[6.755s][debug][gc,phases      ] GC(11)     Total                          Min: 0, Avg: 78.2, Max: 128, Diff: 128, Sum: 313, Workers: 4
[6.755s][debug][gc,phases      ] GC(11)   JVMTI Tag Weak OopStorage      Min:  0.0, Avg:  0.0, Max:  0.0, Diff:  0.0, Sum:  0.0, Workers: 4
[6.755s][debug][gc,phases      ] GC(11)     Dead                           Min: 0, Avg:  0.0, Max: 0, Diff: 0, Sum: 0, Workers: 4
[6.755s][debug][gc,phases      ] GC(11)     Total                          Min: 0, Avg:  0.0, Max: 0, Diff: 0, Sum: 0, Workers: 4
[6.755s][debug][gc,phases      ] GC(11)   StringTable Weak               Min:  0.1, Avg:  0.1, Max:  0.1, Diff:  0.0, Sum:  0.4, Workers: 4
[6.755s][debug][gc,phases      ] GC(11)     Dead                           Min: 0, Avg:  0.0, Max: 0, Diff: 0, Sum: 0, Workers: 4
[6.755s][debug][gc,phases      ] GC(11)     Total                          Min: 8512, Avg: 9711.0, Max: 11456, Diff: 2944, Sum: 38844, Workers: 4
[6.755s][debug][gc,phases      ] GC(11)   ResolvedMethodTable Weak       Min:  0.0, Avg:  0.0, Max:  0.0, Diff:  0.0, Sum:  0.1, Workers: 4
[6.755s][debug][gc,phases      ] GC(11)     Dead                           Min: 0, Avg:  0.0, Max: 0, Diff: 0, Sum: 0, Workers: 4
[6.755s][debug][gc,phases      ] GC(11)     Total                          Min: 1280, Avg: 1366.2, Max: 1561, Diff: 281, Sum: 5465, Workers: 4
[6.755s][debug][gc,phases      ] GC(11)   JNI Weak                       Min:  0.0, Avg:  0.0, Max:  0.0, Diff:  0.0, Sum:  0.0, Workers: 4
[6.755s][debug][gc,phases      ] GC(11)     Dead                           Min: 0, Avg:  0.0, Max: 0, Diff: 0, Sum: 0, Workers: 4
[6.755s][debug][gc,phases      ] GC(11)     Total                          Min: 0, Avg:  3.0, Max: 12, Diff: 12, Sum: 12, Workers: 4
[6.755s][debug][gc,phases      ] GC(11)   StringDedup Table Weak         Min:  0.0, Avg:  0.0, Max:  0.0, Diff:  0.0, Sum:  0.0, Workers: 4
[6.755s][debug][gc,phases      ] GC(11)     Dead                           Min: 0, Avg:  0.0, Max: 0, Diff: 0, Sum: 0, Workers: 4
[6.755s][debug][gc,phases      ] GC(11)     Total                          Min: 0, Avg:  0.0, Max: 0, Diff: 0, Sum: 0, Workers: 4
[6.755s][debug][gc,phases      ] GC(11)   StringDedup Requests0 Weak     Min:  0.0, Avg:  0.0, Max:  0.0, Diff:  0.0, Sum:  0.0, Workers: 4
[6.755s][debug][gc,phases      ] GC(11)     Dead                           Min: 0, Avg:  0.0, Max: 0, Diff: 0, Sum: 0, Workers: 4
[6.755s][debug][gc,phases      ] GC(11)     Total                          Min: 0, Avg:  0.0, Max: 0, Diff: 0, Sum: 0, Workers: 4
[6.755s][debug][gc,phases      ] GC(11)   StringDedup Requests1 Weak     Min:  0.0, Avg:  0.0, Max:  0.0, Diff:  0.0, Sum:  0.0, Workers: 4
[6.755s][debug][gc,phases      ] GC(11)     Dead                           Min: 0, Avg:  0.0, Max: 0, Diff: 0, Sum: 0, Workers: 4
[6.755s][debug][gc,phases      ] GC(11)     Total                          Min: 0, Avg:  0.0, Max: 0, Diff: 0, Sum: 0, Workers: 4
[6.755s][debug][gc,phases      ] GC(11)   Weak JFR Old Object Samples    Min:  0.0, Avg:  0.0, Max:  0.0, Diff:  0.0, Sum:  0.0, Workers: 4
[6.755s][debug][gc,phases      ] GC(11)     Dead                           Min: 0, Avg:  0.0, Max: 0, Diff: 0, Sum: 0, Workers: 4
[6.755s][debug][gc,phases      ] GC(11)     Total                          Min: 0, Avg:  0.0, Max: 0, Diff: 0, Sum: 0, Workers: 4
[6.755s][debug][gc,phases      ] GC(11) Weak Processing 0.262ms
[6.755s][debug][gc,phases      ] GC(11) ClassLoaderData 0.062ms
[6.755s][debug][gc,phases      ] GC(11) Trigger cleanups 0.000ms
[6.759s][debug][gc,phases      ] GC(11) Class Unloading 4.712ms
[6.759s][info ][gc,phases      ] GC(11) Marking Phase 76.272ms
[6.759s][info ][gc,phases,start] GC(11) Summary Phase
[6.759s][info ][gc,phases      ] GC(11) Summary Phase 0.007ms
[6.759s][info ][gc,phases,start] GC(11) Adjust Roots
[6.766s][info ][gc,phases      ] GC(11) Adjust Roots 6.341ms
[6.766s][info ][gc,phases,start] GC(11) Compaction Phase
[7.021s][info ][gc,phases      ] GC(11) Compaction Phase 255.090ms
[7.021s][info ][gc,phases,start] GC(11) Post Compact
[7.021s][info ][gc,phases      ] GC(11) Post Compact 0.457ms
[7.022s][info ][gc,heap        ] GC(11) PSYoungGen: 9120K(1825280K)->8513K(1825280K) Eden: 0K(1572864K)->0K(1572864K) From: 9120K(252416K)->8513K(252416K)
[7.022s][info ][gc,heap        ] GC(11) ParOldGen: 180589K(180736K)->180657K(272896K)
[7.022s][info ][gc,metaspace   ] GC(11) Metaspace: 55866K(56576K)->55866K(56576K) NonClass: 47546K(47936K)->47546K(47936K) Class: 8319K(8640K)->8319K(8640K)
[7.022s][info ][gc             ] GC(11) Pause Full (Ergonomics) 185M->184M(2049M) 338.382ms
[7.022s][info ][gc,cpu         ] GC(11) User=1.15s Sys=0.01s Real=0.34s
[7.022s][info ][safepoint      ] Safepoint "ParallelGCFailedAllocation", Time since last: 309893096 ns, Reaching safepoint: 180901 ns, At safepoint: 433587851 ns, Total: 433768752 ns
[7.294s][info ][gc,start       ] GC(12) Pause Young (Allocation Failure)
[7.318s][debug][gc,phases      ] GC(12) Scavenge 23.772ms
[7.318s][debug][gc,ref         ] GC(12) Skipped phase 1 of Reference Processing: no references
[7.318s][debug][gc,ref         ] GC(12) ReferenceProcessor::execute queues: 1, RefProcThreadModel::Single, marks_oops_alive: false
[7.318s][debug][gc,ref         ] GC(12) Skipped phase 3 of Reference Processing: no references
[7.318s][debug][gc,ref         ] GC(12) ReferenceProcessor::execute queues: 1, RefProcThreadModel::Single, marks_oops_alive: false
[7.318s][debug][gc,phases      ] GC(12) Reference Processing 0.202ms
[7.319s][debug][gc,phases      ] GC(12)   VM Weak                        Min:  0.0, Avg:  0.0, Max:  0.0, Diff:  0.0, Sum:  0.0, Workers: 4
[7.319s][debug][gc,phases      ] GC(12)     Dead                           Min: 0, Avg:  0.0, Max: 0, Diff: 0, Sum: 0, Workers: 4
[7.319s][debug][gc,phases      ] GC(12)     Total                          Min: 0, Avg: 130.8, Max: 523, Diff: 523, Sum: 523, Workers: 4
[7.319s][debug][gc,phases      ] GC(12)   ObjectSynchronizer Weak        Min:  0.0, Avg:  0.0, Max:  0.0, Diff:  0.0, Sum:  0.0, Workers: 4
[7.319s][debug][gc,phases      ] GC(12)     Dead                           Min: 0, Avg:  0.0, Max: 0, Diff: 0, Sum: 0, Workers: 4
[7.319s][debug][gc,phases      ] GC(12)     Total                          Min: 0, Avg: 78.5, Max: 250, Diff: 250, Sum: 314, Workers: 4
[7.319s][debug][gc,phases      ] GC(12)   JVMTI Tag Weak OopStorage      Min:  0.0, Avg:  0.0, Max:  0.0, Diff:  0.0, Sum:  0.0, Workers: 4
[7.319s][debug][gc,phases      ] GC(12)     Dead                           Min: 0, Avg:  0.0, Max: 0, Diff: 0, Sum: 0, Workers: 4
[7.319s][debug][gc,phases      ] GC(12)     Total                          Min: 0, Avg:  0.0, Max: 0, Diff: 0, Sum: 0, Workers: 4
[7.319s][debug][gc,phases      ] GC(12)   StringTable Weak               Min:  0.1, Avg:  0.1, Max:  0.1, Diff:  0.0, Sum:  0.3, Workers: 4
[7.319s][debug][gc,phases      ] GC(12)     Dead                           Min: 0, Avg:  4.2, Max: 11, Diff: 11, Sum: 17, Workers: 4
[7.319s][debug][gc,phases      ] GC(12)     Total                          Min: 8127, Avg: 9885.8, Max: 13888, Diff: 5761, Sum: 39543, Workers: 4
[7.319s][debug][gc,phases      ] GC(12)   ResolvedMethodTable Weak       Min:  0.0, Avg:  0.0, Max:  0.0, Diff:  0.0, Sum:  0.1, Workers: 4
[7.319s][debug][gc,phases      ] GC(12)     Dead                           Min: 0, Avg:  8.0, Max: 14, Diff: 14, Sum: 32, Workers: 4
[7.319s][debug][gc,phases      ] GC(12)     Total                          Min: 1344, Avg: 1491.5, Max: 1742, Diff: 398, Sum: 5966, Workers: 4
[7.319s][debug][gc,phases      ] GC(12)   JNI Weak                       Min:  0.0, Avg:  0.0, Max:  0.0, Diff:  0.0, Sum:  0.0, Workers: 4
[7.319s][debug][gc,phases      ] GC(12)     Dead                           Min: 0, Avg:  0.0, Max: 0, Diff: 0, Sum: 0, Workers: 4
[7.319s][debug][gc,phases      ] GC(12)     Total                          Min: 0, Avg:  1.2, Max: 5, Diff: 5, Sum: 5, Workers: 4
[7.319s][debug][gc,phases      ] GC(12)   StringDedup Table Weak         Min:  0.0, Avg:  0.0, Max:  0.0, Diff:  0.0, Sum:  0.0, Workers: 4
[7.319s][debug][gc,phases      ] GC(12)     Dead                           Min: 0, Avg:  0.0, Max: 0, Diff: 0, Sum: 0, Workers: 4
[7.319s][debug][gc,phases      ] GC(12)     Total                          Min: 0, Avg:  0.0, Max: 0, Diff: 0, Sum: 0, Workers: 4
[7.319s][debug][gc,phases      ] GC(12)   StringDedup Requests0 Weak     Min:  0.0, Avg:  0.0, Max:  0.0, Diff:  0.0, Sum:  0.0, Workers: 4
[7.319s][debug][gc,phases      ] GC(12)     Dead                           Min: 0, Avg:  0.0, Max: 0, Diff: 0, Sum: 0, Workers: 4
[7.319s][debug][gc,phases      ] GC(12)     Total                          Min: 0, Avg:  0.0, Max: 0, Diff: 0, Sum: 0, Workers: 4
[7.319s][debug][gc,phases      ] GC(12)   StringDedup Requests1 Weak     Min:  0.0, Avg:  0.0, Max:  0.0, Diff:  0.0, Sum:  0.0, Workers: 4
[7.319s][debug][gc,phases      ] GC(12)     Dead                           Min: 0, Avg:  0.0, Max: 0, Diff: 0, Sum: 0, Workers: 4
[7.319s][debug][gc,phases      ] GC(12)     Total                          Min: 0, Avg:  0.0, Max: 0, Diff: 0, Sum: 0, Workers: 4
[7.319s][debug][gc,phases      ] GC(12)   Weak JFR Old Object Samples    Min:  0.0, Avg:  0.0, Max:  0.0, Diff:  0.0, Sum:  0.0, Workers: 4
[7.319s][debug][gc,phases      ] GC(12)     Dead                           Min: 0, Avg:  0.0, Max: 0, Diff: 0, Sum: 0, Workers: 4
[7.319s][debug][gc,phases      ] GC(12)     Total                          Min: 0, Avg:  0.0, Max: 0, Diff: 0, Sum: 0, Workers: 4
[7.319s][debug][gc,phases      ] GC(12) Weak Processing 0.334ms
[7.319s][debug][gc,age         ] GC(12) Desired survivor size 271581184 bytes, new threshold 6 (max threshold 15)
[7.319s][info ][gc,heap        ] GC(12) PSYoungGen: 1581377K(1825280K)->10772K(1584128K) Eden: 1572863K(1572864K)->0K(1572864K) From: 8513K(252416K)->10772K(11264K)
[7.319s][info ][gc,heap        ] GC(12) ParOldGen: 180657K(272896K)->180665K(272896K)
[7.319s][info ][gc,metaspace   ] GC(12) Metaspace: 57947K(58688K)->57947K(58688K) NonClass: 49253K(49664K)->49253K(49664K) Class: 8693K(9024K)->8693K(9024K)
[7.319s][info ][gc             ] GC(12) Pause Young (Allocation Failure) 1720M->186M(1813M) 24.439ms
[7.319s][info ][gc,cpu         ] GC(12) User=0.10s Sys=0.00s Real=0.02s
[7.319s][info ][safepoint      ] Safepoint "ParallelGCFailedAllocation", Time since last: 272538507 ns, Reaching safepoint: 237402 ns, At safepoint: 24536489 ns, Total: 24773891 ns
[7.694s][info ][gc,start       ] GC(13) Pause Young (Allocation Failure)
[7.704s][debug][gc,phases      ] GC(13) Scavenge 10.588ms
[7.704s][debug][gc,ref         ] GC(13) Skipped phase 1 of Reference Processing: no references
[7.704s][debug][gc,ref         ] GC(13) ReferenceProcessor::execute queues: 1, RefProcThreadModel::Single, marks_oops_alive: false
[7.704s][debug][gc,ref         ] GC(13) Skipped phase 3 of Reference Processing: no references
[7.704s][debug][gc,ref         ] GC(13) ReferenceProcessor::execute queues: 1, RefProcThreadModel::Single, marks_oops_alive: false
[7.704s][debug][gc,phases      ] GC(13) Reference Processing 0.139ms
[7.705s][debug][gc,phases      ] GC(13)   VM Weak                        Min:  0.0, Avg:  0.0, Max:  0.0, Diff:  0.0, Sum:  0.0, Workers: 4
[7.705s][debug][gc,phases      ] GC(13)     Dead                           Min: 0, Avg:  0.0, Max: 0, Diff: 0, Sum: 0, Workers: 4
[7.705s][debug][gc,phases      ] GC(13)     Total                          Min: 0, Avg: 131.2, Max: 461, Diff: 461, Sum: 525, Workers: 4
[7.705s][debug][gc,phases      ] GC(13)   ObjectSynchronizer Weak        Min:  0.0, Avg:  0.0, Max:  0.0, Diff:  0.0, Sum:  0.0, Workers: 4
[7.705s][debug][gc,phases      ] GC(13)     Dead                           Min: 0, Avg:  0.5, Max: 1, Diff: 1, Sum: 2, Workers: 4
[7.705s][debug][gc,phases      ] GC(13)     Total                          Min: 0, Avg: 83.0, Max: 192, Diff: 192, Sum: 332, Workers: 4
[7.705s][debug][gc,phases      ] GC(13)   JVMTI Tag Weak OopStorage      Min:  0.0, Avg:  0.0, Max:  0.0, Diff:  0.0, Sum:  0.0, Workers: 4
[7.705s][debug][gc,phases      ] GC(13)     Dead                           Min: 0, Avg:  0.0, Max: 0, Diff: 0, Sum: 0, Workers: 4
[7.705s][debug][gc,phases      ] GC(13)     Total                          Min: 0, Avg:  0.0, Max: 0, Diff: 0, Sum: 0, Workers: 4
[7.705s][debug][gc,phases      ] GC(13)   StringTable Weak               Min:  0.1, Avg:  0.1, Max:  0.1, Diff:  0.0, Sum:  0.4, Workers: 4
[7.705s][debug][gc,phases      ] GC(13)     Dead                           Min: 0, Avg:  3.8, Max: 13, Diff: 13, Sum: 15, Workers: 4
[7.705s][debug][gc,phases      ] GC(13)     Total                          Min: 9728, Avg: 9947.0, Max: 10109, Diff: 381, Sum: 39788, Workers: 4
[7.705s][debug][gc,phases      ] GC(13)   ResolvedMethodTable Weak       Min:  0.0, Avg:  0.0, Max:  0.0, Diff:  0.0, Sum:  0.1, Workers: 4
[7.705s][debug][gc,phases      ] GC(13)     Dead                           Min: 0, Avg:  5.8, Max: 11, Diff: 11, Sum: 23, Workers: 4
[7.705s][debug][gc,phases      ] GC(13)     Total                          Min: 1280, Avg: 1531.5, Max: 1664, Diff: 384, Sum: 6126, Workers: 4
[7.705s][debug][gc,phases      ] GC(13)   JNI Weak                       Min:  0.0, Avg:  0.0, Max:  0.0, Diff:  0.0, Sum:  0.0, Workers: 4
[7.705s][debug][gc,phases      ] GC(13)     Dead                           Min: 0, Avg:  0.0, Max: 0, Diff: 0, Sum: 0, Workers: 4
[7.705s][debug][gc,phases      ] GC(13)     Total                          Min: 0, Avg:  1.0, Max: 4, Diff: 4, Sum: 4, Workers: 4
[7.705s][debug][gc,phases      ] GC(13)   StringDedup Table Weak         Min:  0.0, Avg:  0.0, Max:  0.0, Diff:  0.0, Sum:  0.0, Workers: 4
[7.705s][debug][gc,phases      ] GC(13)     Dead                           Min: 0, Avg:  0.0, Max: 0, Diff: 0, Sum: 0, Workers: 4
[7.705s][debug][gc,phases      ] GC(13)     Total                          Min: 0, Avg:  0.0, Max: 0, Diff: 0, Sum: 0, Workers: 4
[7.705s][debug][gc,phases      ] GC(13)   StringDedup Requests0 Weak     Min:  0.0, Avg:  0.0, Max:  0.0, Diff:  0.0, Sum:  0.0, Workers: 4
[7.705s][debug][gc,phases      ] GC(13)     Dead                           Min: 0, Avg:  0.0, Max: 0, Diff: 0, Sum: 0, Workers: 4
[7.705s][debug][gc,phases      ] GC(13)     Total                          Min: 0, Avg:  0.0, Max: 0, Diff: 0, Sum: 0, Workers: 4
[7.705s][debug][gc,phases      ] GC(13)   StringDedup Requests1 Weak     Min:  0.0, Avg:  0.0, Max:  0.0, Diff:  0.0, Sum:  0.0, Workers: 4
[7.705s][debug][gc,phases      ] GC(13)     Dead                           Min: 0, Avg:  0.0, Max: 0, Diff: 0, Sum: 0, Workers: 4
[7.705s][debug][gc,phases      ] GC(13)     Total                          Min: 0, Avg:  0.0, Max: 0, Diff: 0, Sum: 0, Workers: 4
[7.705s][debug][gc,phases      ] GC(13)   Weak JFR Old Object Samples    Min:  0.0, Avg:  0.0, Max:  0.0, Diff:  0.0, Sum:  0.0, Workers: 4
[7.705s][debug][gc,phases      ] GC(13)     Dead                           Min: 0, Avg:  0.0, Max: 0, Diff: 0, Sum: 0, Workers: 4
[7.705s][debug][gc,phases      ] GC(13)     Total                          Min: 0, Avg:  0.0, Max: 0, Diff: 0, Sum: 0, Workers: 4
[7.705s][debug][gc,phases      ] GC(13) Weak Processing 0.260ms
[7.705s][debug][gc,age         ] GC(13) Desired survivor size 270008320 bytes, new threshold 7 (max threshold 15)
[7.705s][info ][gc,heap        ] GC(13) PSYoungGen: 1583636K(1584128K)->18884K(1833472K) Eden: 1572864K(1572864K)->0K(1568256K) From: 10772K(11264K)->18884K(265216K)
[7.705s][info ][gc,heap        ] GC(13) ParOldGen: 180665K(272896K)->180673K(272896K)
[7.705s][info ][gc,metaspace   ] GC(13) Metaspace: 58654K(59328K)->58654K(59328K) NonClass: 49873K(50240K)->49873K(50240K) Class: 8781K(9088K)->8781K(9088K)
[7.705s][info ][gc             ] GC(13) Pause Young (Allocation Failure) 1722M->194M(2057M) 11.094ms
[7.705s][info ][gc,cpu         ] GC(13) User=0.03s Sys=0.02s Real=0.01s
[7.705s][info ][safepoint      ] Safepoint "ParallelGCFailedAllocation", Time since last: 374362793 ns, Reaching safepoint: 221502 ns, At safepoint: 11190287 ns, Total: 11411789 ns
[8.115s][info ][gc,start       ] GC(14) Pause Young (Allocation Failure)
[8.125s][debug][gc,phases      ] GC(14) Scavenge 9.600ms
[8.125s][debug][gc,ref         ] GC(14) Skipped phase 1 of Reference Processing: no references
[8.125s][debug][gc,ref         ] GC(14) ReferenceProcessor::execute queues: 1, RefProcThreadModel::Single, marks_oops_alive: false
[8.125s][debug][gc,ref         ] GC(14) Skipped phase 3 of Reference Processing: no references
[8.125s][debug][gc,ref         ] GC(14) ReferenceProcessor::execute queues: 1, RefProcThreadModel::Single, marks_oops_alive: false
[8.125s][debug][gc,phases      ] GC(14) Reference Processing 0.125ms
[8.125s][debug][gc,phases      ] GC(14)   VM Weak                        Min:  0.0, Avg:  0.0, Max:  0.0, Diff:  0.0, Sum:  0.0, Workers: 4
[8.125s][debug][gc,phases      ] GC(14)     Dead                           Min: 0, Avg:  0.0, Max: 0, Diff: 0, Sum: 0, Workers: 4
[8.125s][debug][gc,phases      ] GC(14)     Total                          Min: 0, Avg: 132.0, Max: 400, Diff: 400, Sum: 528, Workers: 4
[8.125s][debug][gc,phases      ] GC(14)   ObjectSynchronizer Weak        Min:  0.0, Avg:  0.0, Max:  0.0, Diff:  0.0, Sum:  0.0, Workers: 4
[8.125s][debug][gc,phases      ] GC(14)     Dead                           Min: 0, Avg:  0.0, Max: 0, Diff: 0, Sum: 0, Workers: 4
[8.125s][debug][gc,phases      ] GC(14)     Total                          Min: 0, Avg: 83.8, Max: 192, Diff: 192, Sum: 335, Workers: 4
[8.125s][debug][gc,phases      ] GC(14)   JVMTI Tag Weak OopStorage      Min:  0.0, Avg:  0.0, Max:  0.0, Diff:  0.0, Sum:  0.0, Workers: 4
[8.125s][debug][gc,phases      ] GC(14)     Dead                           Min: 0, Avg:  0.0, Max: 0, Diff: 0, Sum: 0, Workers: 4
[8.125s][debug][gc,phases      ] GC(14)     Total                          Min: 0, Avg:  0.0, Max: 0, Diff: 0, Sum: 0, Workers: 4
[8.125s][debug][gc,phases      ] GC(14)   StringTable Weak               Min:  0.1, Avg:  0.1, Max:  0.1, Diff:  0.0, Sum:  0.3, Workers: 4
[8.125s][debug][gc,phases      ] GC(14)     Dead                           Min: 0, Avg:  3.8, Max: 13, Diff: 13, Sum: 15, Workers: 4
[8.125s][debug][gc,phases      ] GC(14)     Total                          Min: 7552, Avg: 10036.0, Max: 13888, Diff: 6336, Sum: 40144, Workers: 4
[8.125s][debug][gc,phases      ] GC(14)   ResolvedMethodTable Weak       Min:  0.0, Avg:  0.0, Max:  0.0, Diff:  0.0, Sum:  0.1, Workers: 4
[8.125s][debug][gc,phases      ] GC(14)     Dead                           Min: 0, Avg: 12.8, Max: 25, Diff: 25, Sum: 51, Workers: 4
[8.125s][debug][gc,phases      ] GC(14)     Total                          Min: 1343, Avg: 1575.5, Max: 1823, Diff: 480, Sum: 6302, Workers: 4
[8.125s][debug][gc,phases      ] GC(14)   JNI Weak                       Min:  0.0, Avg:  0.0, Max:  0.0, Diff:  0.0, Sum:  0.0, Workers: 4
[8.125s][debug][gc,phases      ] GC(14)     Dead                           Min: 0, Avg:  0.0, Max: 0, Diff: 0, Sum: 0, Workers: 4
[8.125s][debug][gc,phases      ] GC(14)     Total                          Min: 0, Avg:  1.8, Max: 7, Diff: 7, Sum: 7, Workers: 4
[8.125s][debug][gc,phases      ] GC(14)   StringDedup Table Weak         Min:  0.0, Avg:  0.0, Max:  0.0, Diff:  0.0, Sum:  0.0, Workers: 4
[8.125s][debug][gc,phases      ] GC(14)     Dead                           Min: 0, Avg:  0.0, Max: 0, Diff: 0, Sum: 0, Workers: 4
[8.125s][debug][gc,phases      ] GC(14)     Total                          Min: 0, Avg:  0.0, Max: 0, Diff: 0, Sum: 0, Workers: 4
[8.125s][debug][gc,phases      ] GC(14)   StringDedup Requests0 Weak     Min:  0.0, Avg:  0.0, Max:  0.0, Diff:  0.0, Sum:  0.0, Workers: 4
[8.125s][debug][gc,phases      ] GC(14)     Dead                           Min: 0, Avg:  0.0, Max: 0, Diff: 0, Sum: 0, Workers: 4
[8.125s][debug][gc,phases      ] GC(14)     Total                          Min: 0, Avg:  0.0, Max: 0, Diff: 0, Sum: 0, Workers: 4
[8.125s][debug][gc,phases      ] GC(14)   StringDedup Requests1 Weak     Min:  0.0, Avg:  0.0, Max:  0.0, Diff:  0.0, Sum:  0.0, Workers: 4
[8.125s][debug][gc,phases      ] GC(14)     Dead                           Min: 0, Avg:  0.0, Max: 0, Diff: 0, Sum: 0, Workers: 4
[8.125s][debug][gc,phases      ] GC(14)     Total                          Min: 0, Avg:  0.0, Max: 0, Diff: 0, Sum: 0, Workers: 4
[8.125s][debug][gc,phases      ] GC(14)   Weak JFR Old Object Samples    Min:  0.0, Avg:  0.0, Max:  0.0, Diff:  0.0, Sum:  0.0, Workers: 4
[8.125s][debug][gc,phases      ] GC(14)     Dead                           Min: 0, Avg:  0.0, Max: 0, Diff: 0, Sum: 0, Workers: 4
[8.125s][debug][gc,phases      ] GC(14)     Total                          Min: 0, Avg:  0.0, Max: 0, Diff: 0, Sum: 0, Workers: 4
[8.125s][debug][gc,phases      ] GC(14) Weak Processing 0.252ms
[8.125s][debug][gc,age         ] GC(14) Desired survivor size 266338304 bytes, new threshold 8 (max threshold 15)
[8.125s][info ][gc,heap        ] GC(14) PSYoungGen: 1587140K(1833472K)->20740K(1831936K) Eden: 1568256K(1568256K)->0K(1568256K) From: 18884K(265216K)->20740K(263680K)
[8.125s][info ][gc,heap        ] GC(14) ParOldGen: 180673K(272896K)->180681K(272896K)
[8.125s][info ][gc,metaspace   ] GC(14) Metaspace: 59576K(60224K)->59576K(60224K) NonClass: 50667K(51008K)->50667K(51008K) Class: 8908K(9216K)->8908K(9216K)
[8.125s][info ][gc             ] GC(14) Pause Young (Allocation Failure) 1726M->196M(2055M) 10.085ms
[8.125s][info ][gc,cpu         ] GC(14) User=0.04s Sys=0.00s Real=0.01s
[8.125s][info ][safepoint      ] Safepoint "ParallelGCFailedAllocation", Time since last: 410223970 ns, Reaching safepoint: 186001 ns, At safepoint: 10174479 ns, Total: 10360480 ns
[8.360s][info ][gc,start       ] GC(15) Pause Young (Allocation Failure)
[8.368s][debug][gc,phases      ] GC(15) Scavenge 8.319ms
[8.369s][debug][gc,ref         ] GC(15) Skipped phase 1 of Reference Processing: no references
[8.369s][debug][gc,ref         ] GC(15) ReferenceProcessor::execute queues: 1, RefProcThreadModel::Single, marks_oops_alive: false
[8.369s][debug][gc,ref         ] GC(15) Skipped phase 3 of Reference Processing: no references
[8.369s][debug][gc,ref         ] GC(15) ReferenceProcessor::execute queues: 1, RefProcThreadModel::Single, marks_oops_alive: false
[8.369s][debug][gc,phases      ] GC(15) Reference Processing 0.127ms
[8.369s][debug][gc,phases      ] GC(15)   VM Weak                        Min:  0.0, Avg:  0.0, Max:  0.0, Diff:  0.0, Sum:  0.0, Workers: 4
[8.369s][debug][gc,phases      ] GC(15)     Dead                           Min: 0, Avg:  0.0, Max: 0, Diff: 0, Sum: 0, Workers: 4
[8.369s][debug][gc,phases      ] GC(15)     Total                          Min: 0, Avg: 134.5, Max: 320, Diff: 320, Sum: 538, Workers: 4
[8.369s][debug][gc,phases      ] GC(15)   ObjectSynchronizer Weak        Min:  0.0, Avg:  0.0, Max:  0.0, Diff:  0.0, Sum:  0.0, Workers: 4
[8.369s][debug][gc,phases      ] GC(15)     Dead                           Min: 0, Avg:  0.0, Max: 0, Diff: 0, Sum: 0, Workers: 4
[8.369s][debug][gc,phases      ] GC(15)     Total                          Min: 0, Avg: 83.8, Max: 143, Diff: 143, Sum: 335, Workers: 4
[8.369s][debug][gc,phases      ] GC(15)   JVMTI Tag Weak OopStorage      Min:  0.0, Avg:  0.0, Max:  0.0, Diff:  0.0, Sum:  0.0, Workers: 4
[8.369s][debug][gc,phases      ] GC(15)     Dead                           Min: 0, Avg:  0.0, Max: 0, Diff: 0, Sum: 0, Workers: 4
[8.369s][debug][gc,phases      ] GC(15)     Total                          Min: 0, Avg:  0.0, Max: 0, Diff: 0, Sum: 0, Workers: 4
[8.369s][debug][gc,phases      ] GC(15)   StringTable Weak               Min:  0.1, Avg:  0.1, Max:  0.1, Diff:  0.0, Sum:  0.4, Workers: 4
[8.369s][debug][gc,phases      ] GC(15)     Dead                           Min: 0, Avg:  0.5, Max: 1, Diff: 1, Sum: 2, Workers: 4
[8.369s][debug][gc,phases      ] GC(15)     Total                          Min: 9536, Avg: 10099.5, Max: 11008, Diff: 1472, Sum: 40398, Workers: 4
[8.369s][debug][gc,phases      ] GC(15)   ResolvedMethodTable Weak       Min:  0.0, Avg:  0.0, Max:  0.0, Diff:  0.0, Sum:  0.1, Workers: 4
[8.369s][debug][gc,phases      ] GC(15)     Dead                           Min: 0, Avg:  0.5, Max: 1, Diff: 1, Sum: 2, Workers: 4
[8.369s][debug][gc,phases      ] GC(15)     Total                          Min: 1389, Avg: 1595.0, Max: 1855, Diff: 466, Sum: 6380, Workers: 4
[8.369s][debug][gc,phases      ] GC(15)   JNI Weak                       Min:  0.0, Avg:  0.0, Max:  0.0, Diff:  0.0, Sum:  0.0, Workers: 4
[8.369s][debug][gc,phases      ] GC(15)     Dead                           Min: 0, Avg:  0.0, Max: 0, Diff: 0, Sum: 0, Workers: 4
[8.369s][debug][gc,phases      ] GC(15)     Total                          Min: 0, Avg:  3.5, Max: 14, Diff: 14, Sum: 14, Workers: 4
[8.369s][debug][gc,phases      ] GC(15)   StringDedup Table Weak         Min:  0.0, Avg:  0.0, Max:  0.0, Diff:  0.0, Sum:  0.0, Workers: 4
[8.369s][debug][gc,phases      ] GC(15)     Dead                           Min: 0, Avg:  0.0, Max: 0, Diff: 0, Sum: 0, Workers: 4
[8.369s][debug][gc,phases      ] GC(15)     Total                          Min: 0, Avg:  0.0, Max: 0, Diff: 0, Sum: 0, Workers: 4
[8.369s][debug][gc,phases      ] GC(15)   StringDedup Requests0 Weak     Min:  0.0, Avg:  0.0, Max:  0.0, Diff:  0.0, Sum:  0.0, Workers: 4
[8.369s][debug][gc,phases      ] GC(15)     Dead                           Min: 0, Avg:  0.0, Max: 0, Diff: 0, Sum: 0, Workers: 4
[8.369s][debug][gc,phases      ] GC(15)     Total                          Min: 0, Avg:  0.0, Max: 0, Diff: 0, Sum: 0, Workers: 4
[8.369s][debug][gc,phases      ] GC(15)   StringDedup Requests1 Weak     Min:  0.0, Avg:  0.0, Max:  0.0, Diff:  0.0, Sum:  0.0, Workers: 4
[8.369s][debug][gc,phases      ] GC(15)     Dead                           Min: 0, Avg:  0.0, Max: 0, Diff: 0, Sum: 0, Workers: 4
[8.369s][debug][gc,phases      ] GC(15)     Total                          Min: 0, Avg:  0.0, Max: 0, Diff: 0, Sum: 0, Workers: 4
[8.369s][debug][gc,phases      ] GC(15)   Weak JFR Old Object Samples    Min:  0.0, Avg:  0.0, Max:  0.0, Diff:  0.0, Sum:  0.0, Workers: 4
[8.369s][debug][gc,phases      ] GC(15)     Dead                           Min: 0, Avg:  0.0, Max: 0, Diff: 0, Sum: 0, Workers: 4
[8.369s][debug][gc,phases      ] GC(15)     Total                          Min: 0, Avg:  0.0, Max: 0, Diff: 0, Sum: 0, Workers: 4
[8.369s][debug][gc,phases      ] GC(15) Weak Processing 0.300ms
[8.369s][debug][gc,age         ] GC(15) Desired survivor size 260571136 bytes, new threshold 9 (max threshold 15)
[8.369s][info ][gc,heap        ] GC(15) PSYoungGen: 1588996K(1831936K)->18312K(1842688K) Eden: 1568256K(1568256K)->0K(1582592K) From: 20740K(263680K)->18312K(260096K)
[8.369s][info ][gc,heap        ] GC(15) ParOldGen: 180681K(272896K)->180689K(272896K)
[8.369s][info ][gc,metaspace   ] GC(15) Metaspace: 60422K(61184K)->60422K(61184K) NonClass: 51396K(51840K)->51396K(51840K) Class: 9026K(9344K)->9026K(9344K)
[8.369s][info ][gc             ] GC(15) Pause Young (Allocation Failure) 1728M->194M(2066M) 8.847ms
[8.369s][info ][gc,cpu         ] GC(15) User=0.03s Sys=0.00s Real=0.01s
[8.369s][info ][safepoint      ] Safepoint "ParallelGCFailedAllocation", Time since last: 234312510 ns, Reaching safepoint: 500604 ns, At safepoint: 8930469 ns, Total: 9431073 ns
[8.611s][info ][safepoint      ] Safepoint "ICBufferFull", Time since last: 241878069 ns, Reaching safepoint: 220302 ns, At safepoint: 30100 ns, Total: 250402 ns
[8.661s][info ][gc,start       ] GC(16) Pause Young (Allocation Failure)
[8.670s][debug][gc,phases      ] GC(16) Scavenge 8.796ms
[8.670s][debug][gc,ref         ] GC(16) Skipped phase 1 of Reference Processing: no references
[8.670s][debug][gc,ref         ] GC(16) ReferenceProcessor::execute queues: 2, RefProcThreadModel::Multi, marks_oops_alive: false
[8.670s][debug][gc,ref         ] GC(16) Skipped phase 3 of Reference Processing: no references
[8.670s][debug][gc,ref         ] GC(16) ReferenceProcessor::execute queues: 1, RefProcThreadModel::Single, marks_oops_alive: false
[8.670s][debug][gc,phases      ] GC(16) Reference Processing 0.156ms
[8.670s][debug][gc,phases      ] GC(16)   VM Weak                        Min:  0.0, Avg:  0.0, Max:  0.0, Diff:  0.0, Sum:  0.0, Workers: 4
[8.670s][debug][gc,phases      ] GC(16)     Dead                           Min: 0, Avg:  0.0, Max: 0, Diff: 0, Sum: 0, Workers: 4
[8.670s][debug][gc,phases      ] GC(16)     Total                          Min: 0, Avg: 135.5, Max: 542, Diff: 542, Sum: 542, Workers: 4
[8.670s][debug][gc,phases      ] GC(16)   ObjectSynchronizer Weak        Min:  0.0, Avg:  0.0, Max:  0.0, Diff:  0.0, Sum:  0.0, Workers: 4
[8.670s][debug][gc,phases      ] GC(16)     Dead                           Min: 0, Avg:  0.0, Max: 0, Diff: 0, Sum: 0, Workers: 4
[8.670s][debug][gc,phases      ] GC(16)     Total                          Min: 0, Avg: 83.8, Max: 320, Diff: 320, Sum: 335, Workers: 4
[8.670s][debug][gc,phases      ] GC(16)   JVMTI Tag Weak OopStorage      Min:  0.0, Avg:  0.0, Max:  0.0, Diff:  0.0, Sum:  0.0, Workers: 4
[8.670s][debug][gc,phases      ] GC(16)     Dead                           Min: 0, Avg:  0.0, Max: 0, Diff: 0, Sum: 0, Workers: 4
[8.670s][debug][gc,phases      ] GC(16)     Total                          Min: 0, Avg:  0.0, Max: 0, Diff: 0, Sum: 0, Workers: 4
[8.670s][debug][gc,phases      ] GC(16)   StringTable Weak               Min:  0.1, Avg:  0.1, Max:  0.1, Diff:  0.0, Sum:  0.3, Workers: 4
[8.670s][debug][gc,phases      ] GC(16)     Dead                           Min: 0, Avg:  3.0, Max: 12, Diff: 12, Sum: 12, Workers: 4
[8.670s][debug][gc,phases      ] GC(16)     Total                          Min: 8192, Avg: 10103.0, Max: 13556, Diff: 5364, Sum: 40412, Workers: 4
[8.670s][debug][gc,phases      ] GC(16)   ResolvedMethodTable Weak       Min:  0.0, Avg:  0.0, Max:  0.0, Diff:  0.0, Sum:  0.1, Workers: 4
[8.670s][debug][gc,phases      ] GC(16)     Dead                           Min: 0, Avg:  0.0, Max: 0, Diff: 0, Sum: 0, Workers: 4
[8.670s][debug][gc,phases      ] GC(16)     Total                          Min: 1088, Avg: 1597.5, Max: 2368, Diff: 1280, Sum: 6390, Workers: 4
[8.670s][debug][gc,phases      ] GC(16)   JNI Weak                       Min:  0.0, Avg:  0.0, Max:  0.0, Diff:  0.0, Sum:  0.0, Workers: 4
[8.670s][debug][gc,phases      ] GC(16)     Dead                           Min: 0, Avg:  0.0, Max: 0, Diff: 0, Sum: 0, Workers: 4
[8.670s][debug][gc,phases      ] GC(16)     Total                          Min: 0, Avg:  3.2, Max: 13, Diff: 13, Sum: 13, Workers: 4
[8.670s][debug][gc,phases      ] GC(16)   StringDedup Table Weak         Min:  0.0, Avg:  0.0, Max:  0.0, Diff:  0.0, Sum:  0.0, Workers: 4
[8.670s][debug][gc,phases      ] GC(16)     Dead                           Min: 0, Avg:  0.0, Max: 0, Diff: 0, Sum: 0, Workers: 4
[8.671s][debug][gc,phases      ] GC(16)     Total                          Min: 0, Avg:  0.0, Max: 0, Diff: 0, Sum: 0, Workers: 4
[8.671s][debug][gc,phases      ] GC(16)   StringDedup Requests0 Weak     Min:  0.0, Avg:  0.0, Max:  0.0, Diff:  0.0, Sum:  0.0, Workers: 4
[8.671s][debug][gc,phases      ] GC(16)     Dead                           Min: 0, Avg:  0.0, Max: 0, Diff: 0, Sum: 0, Workers: 4
[8.671s][debug][gc,phases      ] GC(16)     Total                          Min: 0, Avg:  0.0, Max: 0, Diff: 0, Sum: 0, Workers: 4
[8.671s][debug][gc,phases      ] GC(16)   StringDedup Requests1 Weak     Min:  0.0, Avg:  0.0, Max:  0.0, Diff:  0.0, Sum:  0.0, Workers: 4
[8.671s][debug][gc,phases      ] GC(16)     Dead                           Min: 0, Avg:  0.0, Max: 0, Diff: 0, Sum: 0, Workers: 4
[8.671s][debug][gc,phases      ] GC(16)     Total                          Min: 0, Avg:  0.0, Max: 0, Diff: 0, Sum: 0, Workers: 4
[8.671s][debug][gc,phases      ] GC(16)   Weak JFR Old Object Samples    Min:  0.0, Avg:  0.0, Max:  0.0, Diff:  0.0, Sum:  0.0, Workers: 4
[8.671s][debug][gc,phases      ] GC(16)     Dead                           Min: 0, Avg:  0.0, Max: 0, Diff: 0, Sum: 0, Workers: 4
[8.671s][debug][gc,phases      ] GC(16)     Total                          Min: 0, Avg:  0.0, Max: 0, Diff: 0, Sum: 0, Workers: 4
[8.671s][debug][gc,phases      ] GC(16) Weak Processing 0.249ms
[8.671s][debug][gc,age         ] GC(16) Desired survivor size 254279680 bytes, new threshold 10 (max threshold 15)
[8.671s][info ][gc,heap        ] GC(16) PSYoungGen: 1600904K(1842688K)->18712K(1837056K) Eden: 1582592K(1582592K)->0K(1582592K) From: 18312K(260096K)->18712K(254464K)
[8.671s][info ][gc,heap        ] GC(16) ParOldGen: 180689K(272896K)->180697K(272896K)
[8.671s][info ][gc,metaspace   ] GC(16) Metaspace: 60524K(61248K)->60524K(61248K) NonClass: 51492K(51904K)->51492K(51904K) Class: 9031K(9344K)->9031K(9344K)
[8.671s][info ][gc             ] GC(16) Pause Young (Allocation Failure) 1739M->194M(2060M) 9.291ms
[8.671s][info ][gc,cpu         ] GC(16) User=0.03s Sys=0.00s Real=0.02s
[8.671s][info ][safepoint      ] Safepoint "ParallelGCFailedAllocation", Time since last: 49959186 ns, Reaching safepoint: 121101 ns, At safepoint: 9375572 ns, Total: 9496673 ns
[8.961s][info ][gc,start       ] GC(17) Pause Young (Allocation Failure)
[8.971s][debug][gc,phases      ] GC(17) Scavenge 10.470ms
[8.971s][debug][gc,ref         ] GC(17) Skipped phase 1 of Reference Processing: no references
[8.971s][debug][gc,ref         ] GC(17) ReferenceProcessor::execute queues: 2, RefProcThreadModel::Multi, marks_oops_alive: false
[8.971s][debug][gc,ref         ] GC(17) Skipped phase 3 of Reference Processing: no references
[8.971s][debug][gc,ref         ] GC(17) ReferenceProcessor::execute queues: 1, RefProcThreadModel::Single, marks_oops_alive: false
[8.971s][debug][gc,phases      ] GC(17) Reference Processing 0.189ms
[8.971s][debug][gc,phases      ] GC(17)   VM Weak                        Min:  0.0, Avg:  0.0, Max:  0.0, Diff:  0.0, Sum:  0.0, Workers: 4
[8.971s][debug][gc,phases      ] GC(17)     Dead                           Min: 0, Avg:  0.0, Max: 0, Diff: 0, Sum: 0, Workers: 4
[8.971s][debug][gc,phases      ] GC(17)     Total                          Min: 0, Avg: 135.5, Max: 542, Diff: 542, Sum: 542, Workers: 4
[8.971s][debug][gc,phases      ] GC(17)   ObjectSynchronizer Weak        Min:  0.0, Avg:  0.0, Max:  0.0, Diff:  0.0, Sum:  0.0, Workers: 4
[8.971s][debug][gc,phases      ] GC(17)     Dead                           Min: 0, Avg:  0.0, Max: 0, Diff: 0, Sum: 0, Workers: 4
[8.971s][debug][gc,phases      ] GC(17)     Total                          Min: 0, Avg: 83.8, Max: 192, Diff: 192, Sum: 335, Workers: 4
[8.971s][debug][gc,phases      ] GC(17)   JVMTI Tag Weak OopStorage      Min:  0.0, Avg:  0.0, Max:  0.0, Diff:  0.0, Sum:  0.0, Workers: 4
[8.971s][debug][gc,phases      ] GC(17)     Dead                           Min: 0, Avg:  0.0, Max: 0, Diff: 0, Sum: 0, Workers: 4
[8.971s][debug][gc,phases      ] GC(17)     Total                          Min: 0, Avg:  0.0, Max: 0, Diff: 0, Sum: 0, Workers: 4
[8.971s][debug][gc,phases      ] GC(17)   StringTable Weak               Min:  0.1, Avg:  0.1, Max:  0.1, Diff:  0.0, Sum:  0.4, Workers: 4
[8.971s][debug][gc,phases      ] GC(17)     Dead                           Min: 0, Avg:  0.0, Max: 0, Diff: 0, Sum: 0, Workers: 4
[8.971s][debug][gc,phases      ] GC(17)     Total                          Min: 9600, Avg: 10142.8, Max: 10688, Diff: 1088, Sum: 40571, Workers: 4
[8.971s][debug][gc,phases      ] GC(17)   ResolvedMethodTable Weak       Min:  0.0, Avg:  0.0, Max:  0.0, Diff:  0.0, Sum:  0.1, Workers: 4
[8.971s][debug][gc,phases      ] GC(17)     Dead                           Min: 0, Avg:  0.0, Max: 0, Diff: 0, Sum: 0, Workers: 4
[8.971s][debug][gc,phases      ] GC(17)     Total                          Min: 1408, Avg: 1600.0, Max: 1664, Diff: 256, Sum: 6400, Workers: 4
[8.971s][debug][gc,phases      ] GC(17)   JNI Weak                       Min:  0.0, Avg:  0.0, Max:  0.0, Diff:  0.0, Sum:  0.0, Workers: 4
[8.971s][debug][gc,phases      ] GC(17)     Dead                           Min: 0, Avg:  0.0, Max: 0, Diff: 0, Sum: 0, Workers: 4
[8.971s][debug][gc,phases      ] GC(17)     Total                          Min: 0, Avg:  7.0, Max: 28, Diff: 28, Sum: 28, Workers: 4
[8.972s][debug][gc,phases      ] GC(17)   StringDedup Table Weak         Min:  0.0, Avg:  0.0, Max:  0.0, Diff:  0.0, Sum:  0.0, Workers: 4
[8.972s][debug][gc,phases      ] GC(17)     Dead                           Min: 0, Avg:  0.0, Max: 0, Diff: 0, Sum: 0, Workers: 4
[8.972s][debug][gc,phases      ] GC(17)     Total                          Min: 0, Avg:  0.0, Max: 0, Diff: 0, Sum: 0, Workers: 4
[8.972s][debug][gc,phases      ] GC(17)   StringDedup Requests0 Weak     Min:  0.0, Avg:  0.0, Max:  0.0, Diff:  0.0, Sum:  0.0, Workers: 4
[8.972s][debug][gc,phases      ] GC(17)     Dead                           Min: 0, Avg:  0.0, Max: 0, Diff: 0, Sum: 0, Workers: 4
[8.972s][debug][gc,phases      ] GC(17)     Total                          Min: 0, Avg:  0.0, Max: 0, Diff: 0, Sum: 0, Workers: 4
[8.972s][debug][gc,phases      ] GC(17)   StringDedup Requests1 Weak     Min:  0.0, Avg:  0.0, Max:  0.0, Diff:  0.0, Sum:  0.0, Workers: 4
[8.972s][debug][gc,phases      ] GC(17)     Dead                           Min: 0, Avg:  0.0, Max: 0, Diff: 0, Sum: 0, Workers: 4
[8.972s][debug][gc,phases      ] GC(17)     Total                          Min: 0, Avg:  0.0, Max: 0, Diff: 0, Sum: 0, Workers: 4
[8.972s][debug][gc,phases      ] GC(17)   Weak JFR Old Object Samples    Min:  0.0, Avg:  0.0, Max:  0.0, Diff:  0.0, Sum:  0.0, Workers: 4
[8.972s][debug][gc,phases      ] GC(17)     Dead                           Min: 0, Avg:  0.0, Max: 0, Diff: 0, Sum: 0, Workers: 4
[8.972s][debug][gc,phases      ] GC(17)     Total                          Min: 0, Avg:  0.0, Max: 0, Diff: 0, Sum: 0, Workers: 4
[8.972s][debug][gc,phases      ] GC(17) Weak Processing 0.351ms
[8.972s][debug][gc,age         ] GC(17) Desired survivor size 245891072 bytes, new threshold 11 (max threshold 15)
[8.972s][info ][gc,heap        ] GC(17) PSYoungGen: 1601304K(1837056K)->20464K(1857024K) Eden: 1582592K(1582592K)->0K(1608704K) From: 18712K(254464K)->20464K(248320K)
[8.972s][info ][gc,heap        ] GC(17) ParOldGen: 180697K(272896K)->180697K(272896K)
[8.972s][info ][gc,metaspace   ] GC(17) Metaspace: 60807K(61568K)->60807K(61568K) NonClass: 51741K(52160K)->51741K(52160K) Class: 9065K(9408K)->9065K(9408K)
[8.972s][info ][gc             ] GC(17) Pause Young (Allocation Failure) 1740M->196M(2080M) 11.129ms
[8.972s][info ][gc,cpu         ] GC(17) User=0.04s Sys=0.00s Real=0.02s
[8.972s][info ][safepoint      ] Safepoint "ParallelGCFailedAllocation", Time since last: 289626638 ns, Reaching safepoint: 219902 ns, At safepoint: 11236087 ns, Total: 11455989 ns
[9.090s][info ][safepoint      ] Safepoint "ICBufferFull", Time since last: 117590208 ns, Reaching safepoint: 275002 ns, At safepoint: 29001 ns, Total: 304003 ns
[9.312s][info ][safepoint      ] Safepoint "ICBufferFull", Time since last: 222180016 ns, Reaching safepoint: 235702 ns, At safepoint: 32700 ns, Total: 268402 ns
[9.334s][info ][gc,start       ] GC(18) Pause Young (Allocation Failure)
[9.345s][debug][gc,phases      ] GC(18) Scavenge 10.152ms
[9.345s][debug][gc,ref         ] GC(18) Skipped phase 1 of Reference Processing: no references
[9.345s][debug][gc,ref         ] GC(18) ReferenceProcessor::execute queues: 1, RefProcThreadModel::Single, marks_oops_alive: false
[9.345s][debug][gc,ref         ] GC(18) Skipped phase 3 of Reference Processing: no references
[9.345s][debug][gc,ref         ] GC(18) ReferenceProcessor::execute queues: 1, RefProcThreadModel::Single, marks_oops_alive: false
[9.345s][debug][gc,phases      ] GC(18) Reference Processing 0.121ms
[9.345s][debug][gc,phases      ] GC(18)   VM Weak                        Min:  0.0, Avg:  0.0, Max:  0.0, Diff:  0.0, Sum:  0.0, Workers: 4
[9.345s][debug][gc,phases      ] GC(18)     Dead                           Min: 0, Avg:  0.0, Max: 0, Diff: 0, Sum: 0, Workers: 4
[9.345s][debug][gc,phases      ] GC(18)     Total                          Min: 0, Avg: 135.5, Max: 542, Diff: 542, Sum: 542, Workers: 4
[9.345s][debug][gc,phases      ] GC(18)   ObjectSynchronizer Weak        Min:  0.0, Avg:  0.0, Max:  0.0, Diff:  0.0, Sum:  0.0, Workers: 4
[9.345s][debug][gc,phases      ] GC(18)     Dead                           Min: 0, Avg:  0.0, Max: 0, Diff: 0, Sum: 0, Workers: 4
[9.345s][debug][gc,phases      ] GC(18)     Total                          Min: 0, Avg: 83.8, Max: 192, Diff: 192, Sum: 335, Workers: 4
[9.345s][debug][gc,phases      ] GC(18)   JVMTI Tag Weak OopStorage      Min:  0.0, Avg:  0.0, Max:  0.0, Diff:  0.0, Sum:  0.0, Workers: 4
[9.345s][debug][gc,phases      ] GC(18)     Dead                           Min: 0, Avg:  0.0, Max: 0, Diff: 0, Sum: 0, Workers: 4
[9.345s][debug][gc,phases      ] GC(18)     Total                          Min: 0, Avg:  0.0, Max: 0, Diff: 0, Sum: 0, Workers: 4
[9.345s][debug][gc,phases      ] GC(18)   StringTable Weak               Min:  0.1, Avg:  0.1, Max:  0.1, Diff:  0.0, Sum:  0.3, Workers: 4
[9.345s][debug][gc,phases      ] GC(18)     Dead                           Min: 0, Avg:  3.0, Max: 10, Diff: 10, Sum: 12, Workers: 4
[9.345s][debug][gc,phases      ] GC(18)     Total                          Min: 8128, Avg: 10144.2, Max: 12608, Diff: 4480, Sum: 40577, Workers: 4
[9.345s][debug][gc,phases      ] GC(18)   ResolvedMethodTable Weak       Min:  0.0, Avg:  0.0, Max:  0.0, Diff:  0.0, Sum:  0.1, Workers: 4
[9.345s][debug][gc,phases      ] GC(18)     Dead                           Min: 0, Avg:  0.0, Max: 0, Diff: 0, Sum: 0, Workers: 4
[9.345s][debug][gc,phases      ] GC(18)     Total                          Min: 1280, Avg: 1600.0, Max: 1856, Diff: 576, Sum: 6400, Workers: 4
[9.345s][debug][gc,phases      ] GC(18)   JNI Weak                       Min:  0.0, Avg:  0.0, Max:  0.0, Diff:  0.0, Sum:  0.0, Workers: 4
[9.345s][debug][gc,phases      ] GC(18)     Dead                           Min: 0, Avg:  0.0, Max: 0, Diff: 0, Sum: 0, Workers: 4
[9.345s][debug][gc,phases      ] GC(18)     Total                          Min: 0, Avg:  4.8, Max: 19, Diff: 19, Sum: 19, Workers: 4
[9.345s][debug][gc,phases      ] GC(18)   StringDedup Table Weak         Min:  0.0, Avg:  0.0, Max:  0.0, Diff:  0.0, Sum:  0.0, Workers: 4
[9.345s][debug][gc,phases      ] GC(18)     Dead                           Min: 0, Avg:  0.0, Max: 0, Diff: 0, Sum: 0, Workers: 4
[9.345s][debug][gc,phases      ] GC(18)     Total                          Min: 0, Avg:  0.0, Max: 0, Diff: 0, Sum: 0, Workers: 4
[9.345s][debug][gc,phases      ] GC(18)   StringDedup Requests0 Weak     Min:  0.0, Avg:  0.0, Max:  0.0, Diff:  0.0, Sum:  0.0, Workers: 4
[9.345s][debug][gc,phases      ] GC(18)     Dead                           Min: 0, Avg:  0.0, Max: 0, Diff: 0, Sum: 0, Workers: 4
[9.345s][debug][gc,phases      ] GC(18)     Total                          Min: 0, Avg:  0.0, Max: 0, Diff: 0, Sum: 0, Workers: 4
[9.345s][debug][gc,phases      ] GC(18)   StringDedup Requests1 Weak     Min:  0.0, Avg:  0.0, Max:  0.0, Diff:  0.0, Sum:  0.0, Workers: 4
[9.345s][debug][gc,phases      ] GC(18)     Dead                           Min: 0, Avg:  0.0, Max: 0, Diff: 0, Sum: 0, Workers: 4
[9.345s][debug][gc,phases      ] GC(18)     Total                          Min: 0, Avg:  0.0, Max: 0, Diff: 0, Sum: 0, Workers: 4
[9.345s][debug][gc,phases      ] GC(18)   Weak JFR Old Object Samples    Min:  0.0, Avg:  0.0, Max:  0.0, Diff:  0.0, Sum:  0.0, Workers: 4
[9.345s][debug][gc,phases      ] GC(18)     Dead                           Min: 0, Avg:  0.0, Max: 0, Diff: 0, Sum: 0, Workers: 4
[9.345s][debug][gc,phases      ] GC(18)     Total                          Min: 0, Avg:  0.0, Max: 0, Diff: 0, Sum: 0, Workers: 4
[9.345s][debug][gc,phases      ] GC(18) Weak Processing 0.252ms
[9.345s][debug][gc,age         ] GC(18) Desired survivor size 236453888 bytes, new threshold 12 (max threshold 15)
[9.345s][info ][gc,heap        ] GC(18) PSYoungGen: 1629168K(1857024K)->24216K(1848832K) Eden: 1608704K(1608704K)->0K(1608704K) From: 20464K(248320K)->24216K(240128K)
[9.345s][info ][gc,heap        ] GC(18) ParOldGen: 180697K(272896K)->180697K(272896K)
[9.345s][info ][gc,metaspace   ] GC(18) Metaspace: 60825K(61568K)->60825K(61568K) NonClass: 51758K(52160K)->51758K(52160K) Class: 9066K(9408K)->9066K(9408K)
[9.345s][info ][gc             ] GC(18) Pause Young (Allocation Failure) 1767M->200M(2072M) 10.620ms
[9.345s][info ][gc,cpu         ] GC(18) User=0.04s Sys=0.00s Real=0.01s
[9.345s][info ][safepoint      ] Safepoint "ParallelGCFailedAllocation", Time since last: 22164771 ns, Reaching safepoint: 116201 ns, At safepoint: 10700383 ns, Total: 10816584 ns
[9.546s][info ][safepoint      ] Safepoint "ICBufferFull", Time since last: 200459649 ns, Reaching safepoint: 230201 ns, At safepoint: 31901 ns, Total: 262102 ns
[9.661s][info ][gc,start       ] GC(19) Pause Young (Allocation Failure)
[9.673s][debug][gc,phases      ] GC(19) Scavenge 11.486ms
[9.673s][debug][gc,ref         ] GC(19) Skipped phase 1 of Reference Processing: no references
[9.673s][debug][gc,ref         ] GC(19) ReferenceProcessor::execute queues: 1, RefProcThreadModel::Single, marks_oops_alive: false
[9.673s][debug][gc,ref         ] GC(19) Skipped phase 3 of Reference Processing: no references
[9.673s][debug][gc,ref         ] GC(19) ReferenceProcessor::execute queues: 1, RefProcThreadModel::Single, marks_oops_alive: false
[9.673s][debug][gc,phases      ] GC(19) Reference Processing 0.141ms
[9.673s][debug][gc,phases      ] GC(19)   VM Weak                        Min:  0.0, Avg:  0.0, Max:  0.0, Diff:  0.0, Sum:  0.0, Workers: 4
[9.673s][debug][gc,phases      ] GC(19)     Dead                           Min: 0, Avg:  0.0, Max: 0, Diff: 0, Sum: 0, Workers: 4
[9.673s][debug][gc,phases      ] GC(19)     Total                          Min: 0, Avg: 135.5, Max: 512, Diff: 512, Sum: 542, Workers: 4
[9.673s][debug][gc,phases      ] GC(19)   ObjectSynchronizer Weak        Min:  0.0, Avg:  0.0, Max:  0.0, Diff:  0.0, Sum:  0.0, Workers: 4
[9.673s][debug][gc,phases      ] GC(19)     Dead                           Min: 0, Avg:  0.0, Max: 0, Diff: 0, Sum: 0, Workers: 4
[9.673s][debug][gc,phases      ] GC(19)     Total                          Min: 0, Avg: 83.8, Max: 207, Diff: 207, Sum: 335, Workers: 4
[9.673s][debug][gc,phases      ] GC(19)   JVMTI Tag Weak OopStorage      Min:  0.0, Avg:  0.0, Max:  0.0, Diff:  0.0, Sum:  0.0, Workers: 4
[9.673s][debug][gc,phases      ] GC(19)     Dead                           Min: 0, Avg:  0.0, Max: 0, Diff: 0, Sum: 0, Workers: 4
[9.673s][debug][gc,phases      ] GC(19)     Total                          Min: 0, Avg:  0.0, Max: 0, Diff: 0, Sum: 0, Workers: 4
[9.673s][debug][gc,phases      ] GC(19)   StringTable Weak               Min:  0.1, Avg:  0.1, Max:  0.1, Diff:  0.0, Sum:  0.3, Workers: 4
[9.673s][debug][gc,phases      ] GC(19)     Dead                           Min: 0, Avg:  3.0, Max: 12, Diff: 12, Sum: 12, Workers: 4
[9.673s][debug][gc,phases      ] GC(19)     Total                          Min: 7296, Avg: 10154.0, Max: 12926, Diff: 5630, Sum: 40616, Workers: 4
[9.673s][debug][gc,phases      ] GC(19)   ResolvedMethodTable Weak       Min:  0.0, Avg:  0.0, Max:  0.0, Diff:  0.0, Sum:  0.1, Workers: 4
[9.673s][debug][gc,phases      ] GC(19)     Dead                           Min: 0, Avg:  0.0, Max: 0, Diff: 0, Sum: 0, Workers: 4
[9.673s][debug][gc,phases      ] GC(19)     Total                          Min: 1344, Avg: 1600.0, Max: 1792, Diff: 448, Sum: 6400, Workers: 4
[9.673s][debug][gc,phases      ] GC(19)   JNI Weak                       Min:  0.0, Avg:  0.0, Max:  0.0, Diff:  0.0, Sum:  0.0, Workers: 4
[9.673s][debug][gc,phases      ] GC(19)     Dead                           Min: 0, Avg:  0.0, Max: 0, Diff: 0, Sum: 0, Workers: 4
[9.673s][debug][gc,phases      ] GC(19)     Total                          Min: 0, Avg:  0.2, Max: 1, Diff: 1, Sum: 1, Workers: 4
[9.673s][debug][gc,phases      ] GC(19)   StringDedup Table Weak         Min:  0.0, Avg:  0.0, Max:  0.0, Diff:  0.0, Sum:  0.0, Workers: 4
[9.673s][debug][gc,phases      ] GC(19)     Dead                           Min: 0, Avg:  0.0, Max: 0, Diff: 0, Sum: 0, Workers: 4
[9.673s][debug][gc,phases      ] GC(19)     Total                          Min: 0, Avg:  0.0, Max: 0, Diff: 0, Sum: 0, Workers: 4
[9.673s][debug][gc,phases      ] GC(19)   StringDedup Requests0 Weak     Min:  0.0, Avg:  0.0, Max:  0.0, Diff:  0.0, Sum:  0.0, Workers: 4
[9.673s][debug][gc,phases      ] GC(19)     Dead                           Min: 0, Avg:  0.0, Max: 0, Diff: 0, Sum: 0, Workers: 4
[9.673s][debug][gc,phases      ] GC(19)     Total                          Min: 0, Avg:  0.0, Max: 0, Diff: 0, Sum: 0, Workers: 4
[9.673s][debug][gc,phases      ] GC(19)   StringDedup Requests1 Weak     Min:  0.0, Avg:  0.0, Max:  0.0, Diff:  0.0, Sum:  0.0, Workers: 4
[9.673s][debug][gc,phases      ] GC(19)     Dead                           Min: 0, Avg:  0.0, Max: 0, Diff: 0, Sum: 0, Workers: 4
[9.673s][debug][gc,phases      ] GC(19)     Total                          Min: 0, Avg:  0.0, Max: 0, Diff: 0, Sum: 0, Workers: 4
[9.673s][debug][gc,phases      ] GC(19)   Weak JFR Old Object Samples    Min:  0.0, Avg:  0.0, Max:  0.0, Diff:  0.0, Sum:  0.0, Workers: 4
[9.673s][debug][gc,phases      ] GC(19)     Dead                           Min: 0, Avg:  0.0, Max: 0, Diff: 0, Sum: 0, Workers: 4
[9.673s][debug][gc,phases      ] GC(19)     Total                          Min: 0, Avg:  0.0, Max: 0, Diff: 0, Sum: 0, Workers: 4
[9.673s][debug][gc,phases      ] GC(19) Weak Processing 0.249ms
[9.673s][debug][gc,age         ] GC(19) Desired survivor size 225968128 bytes, new threshold 13 (max threshold 15)
[9.673s][info ][gc,heap        ] GC(19) PSYoungGen: 1632920K(1848832K)->27992K(1876480K) Eden: 1608704K(1608704K)->0K(1645568K) From: 24216K(240128K)->27992K(230912K)
[9.673s][info ][gc,heap        ] GC(19) ParOldGen: 180697K(272896K)->180697K(272896K)
[9.673s][info ][gc,metaspace   ] GC(19) Metaspace: 60853K(61568K)->60853K(61568K) NonClass: 51785K(52160K)->51785K(52160K) Class: 9068K(9408K)->9068K(9408K)
[9.673s][info ][gc             ] GC(19) Pause Young (Allocation Failure) 1771M->203M(2099M) 11.983ms
[9.673s][info ][gc,cpu         ] GC(19) User=0.04s Sys=0.00s Real=0.02s
[9.673s][info ][safepoint      ] Safepoint "ParallelGCFailedAllocation", Time since last: 115302190 ns, Reaching safepoint: 155102 ns, At safepoint: 12065593 ns, Total: 12220695 ns
[9.707s][info ][safepoint      ] Safepoint "ICBufferFull", Time since last: 33749460 ns, Reaching safepoint: 176302 ns, At safepoint: 29200 ns, Total: 205502 ns
[9.710s][info ][safepoint      ] Safepoint "ICBufferFull", Time since last: 2504319 ns, Reaching safepoint: 234502 ns, At safepoint: 22400 ns, Total: 256902 ns
[9.711s][info ][safepoint      ] Safepoint "ICBufferFull", Time since last: 676006 ns, Reaching safepoint: 86300 ns, At safepoint: 18000 ns, Total: 104300 ns
[9.712s][info ][safepoint      ] Safepoint "ICBufferFull", Time since last: 686806 ns, Reaching safepoint: 85200 ns, At safepoint: 22201 ns, Total: 107401 ns
[9.714s][info ][safepoint      ] Safepoint "ICBufferFull", Time since last: 660705 ns, Reaching safepoint: 2127816 ns, At safepoint: 23800 ns, Total: 2151616 ns
[9.715s][info ][safepoint      ] Safepoint "ICBufferFull", Time since last: 684306 ns, Reaching safepoint: 86800 ns, At safepoint: 23500 ns, Total: 110300 ns
[9.722s][info ][safepoint      ] Safepoint "ICBufferFull", Time since last: 2950523 ns, Reaching safepoint: 4209333 ns, At safepoint: 22200 ns, Total: 4231533 ns
[9.723s][info ][safepoint      ] Safepoint "ICBufferFull", Time since last: 713405 ns, Reaching safepoint: 88001 ns, At safepoint: 23300 ns, Total: 111301 ns
[9.724s][info ][safepoint      ] Safepoint "ICBufferFull", Time since last: 654305 ns, Reaching safepoint: 84601 ns, At safepoint: 22400 ns, Total: 107001 ns
[9.738s][info ][safepoint      ] Safepoint "ICBufferFull", Time since last: 14046709 ns, Reaching safepoint: 97300 ns, At safepoint: 23801 ns, Total: 121101 ns
[9.739s][info ][safepoint      ] Safepoint "ICBufferFull", Time since last: 673605 ns, Reaching safepoint: 69500 ns, At safepoint: 20100 ns, Total: 89600 ns
[9.740s][info ][safepoint      ] Safepoint "ICBufferFull", Time since last: 656406 ns, Reaching safepoint: 84500 ns, At safepoint: 22300 ns, Total: 106800 ns
[9.740s][info ][safepoint      ] Safepoint "ICBufferFull", Time since last: 688606 ns, Reaching safepoint: 83300 ns, At safepoint: 20901 ns, Total: 104201 ns
[9.741s][info ][safepoint      ] Safepoint "ICBufferFull", Time since last: 685105 ns, Reaching safepoint: 75500 ns, At safepoint: 29501 ns, Total: 105001 ns
[9.742s][info ][safepoint      ] Safepoint "ICBufferFull", Time since last: 699305 ns, Reaching safepoint: 86301 ns, At safepoint: 21900 ns, Total: 108201 ns
[9.743s][info ][safepoint      ] Safepoint "ICBufferFull", Time since last: 665005 ns, Reaching safepoint: 85901 ns, At safepoint: 21500 ns, Total: 107401 ns
[9.744s][info ][safepoint      ] Safepoint "ICBufferFull", Time since last: 674405 ns, Reaching safepoint: 83301 ns, At safepoint: 21800 ns, Total: 105101 ns
[9.744s][info ][safepoint      ] Safepoint "ICBufferFull", Time since last: 646705 ns, Reaching safepoint: 81900 ns, At safepoint: 21701 ns, Total: 103601 ns
[9.745s][info ][safepoint      ] Safepoint "ICBufferFull", Time since last: 670205 ns, Reaching safepoint: 209901 ns, At safepoint: 27901 ns, Total: 237802 ns
[9.746s][info ][safepoint      ] Safepoint "ICBufferFull", Time since last: 689705 ns, Reaching safepoint: 89401 ns, At safepoint: 27200 ns, Total: 116601 ns
[9.747s][info ][safepoint      ] Safepoint "ICBufferFull", Time since last: 682405 ns, Reaching safepoint: 477004 ns, At safepoint: 24100 ns, Total: 501104 ns
[9.748s][info ][safepoint      ] Safepoint "ICBufferFull", Time since last: 643405 ns, Reaching safepoint: 83901 ns, At safepoint: 23600 ns, Total: 107501 ns
[9.749s][info ][safepoint      ] Safepoint "ICBufferFull", Time since last: 641805 ns, Reaching safepoint: 82000 ns, At safepoint: 33401 ns, Total: 115401 ns
[9.750s][info ][safepoint      ] Safepoint "ICBufferFull", Time since last: 675705 ns, Reaching safepoint: 93501 ns, At safepoint: 26200 ns, Total: 119701 ns
[9.751s][info ][safepoint      ] Safepoint "ICBufferFull", Time since last: 666405 ns, Reaching safepoint: 1003808 ns, At safepoint: 23200 ns, Total: 1027008 ns
[9.752s][info ][safepoint      ] Safepoint "ICBufferFull", Time since last: 658505 ns, Reaching safepoint: 96501 ns, At safepoint: 21700 ns, Total: 118201 ns
[9.753s][info ][safepoint      ] Safepoint "ICBufferFull", Time since last: 663305 ns, Reaching safepoint: 98501 ns, At safepoint: 24300 ns, Total: 122801 ns
[9.754s][info ][safepoint      ] Safepoint "ICBufferFull", Time since last: 679905 ns, Reaching safepoint: 151501 ns, At safepoint: 23001 ns, Total: 174502 ns
[9.754s][info ][safepoint      ] Safepoint "ICBufferFull", Time since last: 661205 ns, Reaching safepoint: 85700 ns, At safepoint: 23501 ns, Total: 109201 ns
[9.755s][info ][safepoint      ] Safepoint "ICBufferFull", Time since last: 717405 ns, Reaching safepoint: 87701 ns, At safepoint: 21500 ns, Total: 109201 ns
[9.998s][info ][gc,start       ] GC(20) Pause Young (Allocation Failure)
[10.010s][debug][gc,phases      ] GC(20) Scavenge 11.696ms
[10.010s][debug][gc,ref         ] GC(20) Skipped phase 1 of Reference Processing: no references
[10.010s][debug][gc,ref         ] GC(20) ReferenceProcessor::execute queues: 1, RefProcThreadModel::Single, marks_oops_alive: false
[10.010s][debug][gc,ref         ] GC(20) Skipped phase 3 of Reference Processing: no references
[10.010s][debug][gc,ref         ] GC(20) ReferenceProcessor::execute queues: 1, RefProcThreadModel::Single, marks_oops_alive: false
[10.010s][debug][gc,phases      ] GC(20) Reference Processing 0.119ms
[10.010s][debug][gc,phases      ] GC(20)   VM Weak                        Min:  0.0, Avg:  0.0, Max:  0.0, Diff:  0.0, Sum:  0.0, Workers: 4
[10.010s][debug][gc,phases      ] GC(20)     Dead                           Min: 0, Avg:  0.0, Max: 0, Diff: 0, Sum: 0, Workers: 4
[10.010s][debug][gc,phases      ] GC(20)     Total                          Min: 0, Avg: 135.8, Max: 512, Diff: 512, Sum: 543, Workers: 4
[10.010s][debug][gc,phases      ] GC(20)   ObjectSynchronizer Weak        Min:  0.0, Avg:  0.0, Max:  0.0, Diff:  0.0, Sum:  0.0, Workers: 4
[10.010s][debug][gc,phases      ] GC(20)     Dead                           Min: 0, Avg:  0.0, Max: 0, Diff: 0, Sum: 0, Workers: 4
[10.010s][debug][gc,phases      ] GC(20)     Total                          Min: 0, Avg: 83.8, Max: 192, Diff: 192, Sum: 335, Workers: 4
[10.010s][debug][gc,phases      ] GC(20)   JVMTI Tag Weak OopStorage      Min:  0.0, Avg:  0.0, Max:  0.0, Diff:  0.0, Sum:  0.0, Workers: 4
[10.010s][debug][gc,phases      ] GC(20)     Dead                           Min: 0, Avg:  0.0, Max: 0, Diff: 0, Sum: 0, Workers: 4
[10.010s][debug][gc,phases      ] GC(20)     Total                          Min: 0, Avg:  0.0, Max: 0, Diff: 0, Sum: 0, Workers: 4
[10.010s][debug][gc,phases      ] GC(20)   StringTable Weak               Min:  0.1, Avg:  0.1, Max:  0.1, Diff:  0.0, Sum:  0.3, Workers: 4
[10.010s][debug][gc,phases      ] GC(20)     Dead                           Min: 0, Avg:  0.2, Max: 1, Diff: 1, Sum: 1, Workers: 4
[10.010s][debug][gc,phases      ] GC(20)     Total                          Min: 7872, Avg: 10159.2, Max: 12352, Diff: 4480, Sum: 40637, Workers: 4
[10.010s][debug][gc,phases      ] GC(20)   ResolvedMethodTable Weak       Min:  0.0, Avg:  0.0, Max:  0.0, Diff:  0.0, Sum:  0.1, Workers: 4
[10.010s][debug][gc,phases      ] GC(20)     Dead                           Min: 0, Avg:  0.0, Max: 0, Diff: 0, Sum: 0, Workers: 4
[10.010s][debug][gc,phases      ] GC(20)     Total                          Min: 1216, Avg: 1602.5, Max: 1920, Diff: 704, Sum: 6410, Workers: 4
[10.010s][debug][gc,phases      ] GC(20)   JNI Weak                       Min:  0.0, Avg:  0.0, Max:  0.0, Diff:  0.0, Sum:  0.0, Workers: 4
[10.010s][debug][gc,phases      ] GC(20)     Dead                           Min: 0, Avg:  0.0, Max: 0, Diff: 0, Sum: 0, Workers: 4
[10.010s][debug][gc,phases      ] GC(20)     Total                          Min: 0, Avg:  0.5, Max: 2, Diff: 2, Sum: 2, Workers: 4
[10.010s][debug][gc,phases      ] GC(20)   StringDedup Table Weak         Min:  0.0, Avg:  0.0, Max:  0.0, Diff:  0.0, Sum:  0.0, Workers: 4
[10.010s][debug][gc,phases      ] GC(20)     Dead                           Min: 0, Avg:  0.0, Max: 0, Diff: 0, Sum: 0, Workers: 4
[10.010s][debug][gc,phases      ] GC(20)     Total                          Min: 0, Avg:  0.0, Max: 0, Diff: 0, Sum: 0, Workers: 4
[10.010s][debug][gc,phases      ] GC(20)   StringDedup Requests0 Weak     Min:  0.0, Avg:  0.0, Max:  0.0, Diff:  0.0, Sum:  0.0, Workers: 4
[10.010s][debug][gc,phases      ] GC(20)     Dead                           Min: 0, Avg:  0.0, Max: 0, Diff: 0, Sum: 0, Workers: 4
[10.010s][debug][gc,phases      ] GC(20)     Total                          Min: 0, Avg:  0.0, Max: 0, Diff: 0, Sum: 0, Workers: 4
[10.010s][debug][gc,phases      ] GC(20)   StringDedup Requests1 Weak     Min:  0.0, Avg:  0.0, Max:  0.0, Diff:  0.0, Sum:  0.0, Workers: 4
[10.010s][debug][gc,phases      ] GC(20)     Dead                           Min: 0, Avg:  0.0, Max: 0, Diff: 0, Sum: 0, Workers: 4
[10.010s][debug][gc,phases      ] GC(20)     Total                          Min: 0, Avg:  0.0, Max: 0, Diff: 0, Sum: 0, Workers: 4
[10.010s][debug][gc,phases      ] GC(20)   Weak JFR Old Object Samples    Min:  0.0, Avg:  0.0, Max:  0.0, Diff:  0.0, Sum:  0.0, Workers: 4
[10.010s][debug][gc,phases      ] GC(20)     Dead                           Min: 0, Avg:  0.0, Max: 0, Diff: 0, Sum: 0, Workers: 4
[10.010s][debug][gc,phases      ] GC(20)     Total                          Min: 0, Avg:  0.0, Max: 0, Diff: 0, Sum: 0, Workers: 4
[10.010s][debug][gc,phases      ] GC(20) Weak Processing 0.242ms
[10.010s][debug][gc,age         ] GC(20) Desired survivor size 214958080 bytes, new threshold 14 (max threshold 15)
[10.011s][info ][gc,heap        ] GC(20) PSYoungGen: 1673560K(1876480K)->30009K(1866240K) Eden: 1645568K(1645568K)->0K(1645568K) From: 27992K(230912K)->30009K(220672K)
[10.011s][info ][gc,heap        ] GC(20) ParOldGen: 180697K(272896K)->180705K(272896K)
[10.011s][info ][gc,metaspace   ] GC(20) Metaspace: 60923K(61632K)->60923K(61632K) NonClass: 51852K(52224K)->51852K(52224K) Class: 9071K(9408K)->9071K(9408K)
[10.011s][info ][gc             ] GC(20) Pause Young (Allocation Failure) 1810M->205M(2089M) 12.155ms
[10.011s][info ][gc,cpu         ] GC(20) User=0.05s Sys=0.00s Real=0.02s
[10.011s][info ][safepoint      ] Safepoint "ParallelGCFailedAllocation", Time since last: 242972277 ns, Reaching safepoint: 130701 ns, At safepoint: 12247395 ns, Total: 12378096 ns
[10.282s][info ][gc,start       ] GC(21) Pause Young (Allocation Failure)
[10.296s][debug][gc,phases      ] GC(21) Scavenge 14.316ms
[10.296s][debug][gc,ref         ] GC(21) Skipped phase 1 of Reference Processing: no references
[10.296s][debug][gc,ref         ] GC(21) ReferenceProcessor::execute queues: 1, RefProcThreadModel::Single, marks_oops_alive: false
[10.296s][debug][gc,ref         ] GC(21) Skipped phase 3 of Reference Processing: no references
[10.296s][debug][gc,ref         ] GC(21) ReferenceProcessor::execute queues: 1, RefProcThreadModel::Single, marks_oops_alive: false
[10.296s][debug][gc,phases      ] GC(21) Reference Processing 0.146ms
[10.296s][debug][gc,phases      ] GC(21)   VM Weak                        Min:  0.0, Avg:  0.0, Max:  0.0, Diff:  0.0, Sum:  0.0, Workers: 4
[10.296s][debug][gc,phases      ] GC(21)     Dead                           Min: 0, Avg:  0.0, Max: 0, Diff: 0, Sum: 0, Workers: 4
[10.296s][debug][gc,phases      ] GC(21)     Total                          Min: 0, Avg: 136.5, Max: 482, Diff: 482, Sum: 546, Workers: 4
[10.296s][debug][gc,phases      ] GC(21)   ObjectSynchronizer Weak        Min:  0.0, Avg:  0.0, Max:  0.0, Diff:  0.0, Sum:  0.0, Workers: 4
[10.296s][debug][gc,phases      ] GC(21)     Dead                           Min: 0, Avg:  0.0, Max: 0, Diff: 0, Sum: 0, Workers: 4
[10.296s][debug][gc,phases      ] GC(21)     Total                          Min: 0, Avg: 83.8, Max: 192, Diff: 192, Sum: 335, Workers: 4
[10.296s][debug][gc,phases      ] GC(21)   JVMTI Tag Weak OopStorage      Min:  0.0, Avg:  0.0, Max:  0.0, Diff:  0.0, Sum:  0.0, Workers: 4
[10.296s][debug][gc,phases      ] GC(21)     Dead                           Min: 0, Avg:  0.0, Max: 0, Diff: 0, Sum: 0, Workers: 4
[10.296s][debug][gc,phases      ] GC(21)     Total                          Min: 0, Avg:  0.0, Max: 0, Diff: 0, Sum: 0, Workers: 4
[10.296s][debug][gc,phases      ] GC(21)   StringTable Weak               Min:  0.1, Avg:  0.1, Max:  0.1, Diff:  0.0, Sum:  0.4, Workers: 4
[10.296s][debug][gc,phases      ] GC(21)     Dead                           Min: 0, Avg:  3.0, Max: 9, Diff: 9, Sum: 12, Workers: 4
[10.296s][debug][gc,phases      ] GC(21)     Total                          Min: 9664, Avg: 10165.2, Max: 10624, Diff: 960, Sum: 40661, Workers: 4
[10.296s][debug][gc,phases      ] GC(21)   ResolvedMethodTable Weak       Min:  0.0, Avg:  0.0, Max:  0.0, Diff:  0.0, Sum:  0.1, Workers: 4
[10.296s][debug][gc,phases      ] GC(21)     Dead                           Min: 0, Avg:  0.2, Max: 1, Diff: 1, Sum: 1, Workers: 4
[10.296s][debug][gc,phases      ] GC(21)     Total                          Min: 1408, Avg: 1602.8, Max: 1675, Diff: 267, Sum: 6411, Workers: 4
[10.296s][debug][gc,phases      ] GC(21)   JNI Weak                       Min:  0.0, Avg:  0.0, Max:  0.0, Diff:  0.0, Sum:  0.0, Workers: 4
[10.296s][debug][gc,phases      ] GC(21)     Dead                           Min: 0, Avg:  0.0, Max: 0, Diff: 0, Sum: 0, Workers: 4
[10.296s][debug][gc,phases      ] GC(21)     Total                          Min: 0, Avg:  1.2, Max: 5, Diff: 5, Sum: 5, Workers: 4
[10.296s][debug][gc,phases      ] GC(21)   StringDedup Table Weak         Min:  0.0, Avg:  0.0, Max:  0.0, Diff:  0.0, Sum:  0.0, Workers: 4
[10.296s][debug][gc,phases      ] GC(21)     Dead                           Min: 0, Avg:  0.0, Max: 0, Diff: 0, Sum: 0, Workers: 4
[10.296s][debug][gc,phases      ] GC(21)     Total                          Min: 0, Avg:  0.0, Max: 0, Diff: 0, Sum: 0, Workers: 4
[10.296s][debug][gc,phases      ] GC(21)   StringDedup Requests0 Weak     Min:  0.0, Avg:  0.0, Max:  0.0, Diff:  0.0, Sum:  0.0, Workers: 4
[10.296s][debug][gc,phases      ] GC(21)     Dead                           Min: 0, Avg:  0.0, Max: 0, Diff: 0, Sum: 0, Workers: 4
[10.296s][debug][gc,phases      ] GC(21)     Total                          Min: 0, Avg:  0.0, Max: 0, Diff: 0, Sum: 0, Workers: 4
[10.296s][debug][gc,phases      ] GC(21)   StringDedup Requests1 Weak     Min:  0.0, Avg:  0.0, Max:  0.0, Diff:  0.0, Sum:  0.0, Workers: 4
[10.296s][debug][gc,phases      ] GC(21)     Dead                           Min: 0, Avg:  0.0, Max: 0, Diff: 0, Sum: 0, Workers: 4
[10.296s][debug][gc,phases      ] GC(21)     Total                          Min: 0, Avg:  0.0, Max: 0, Diff: 0, Sum: 0, Workers: 4
[10.296s][debug][gc,phases      ] GC(21)   Weak JFR Old Object Samples    Min:  0.0, Avg:  0.0, Max:  0.0, Diff:  0.0, Sum:  0.0, Workers: 4
[10.296s][debug][gc,phases      ] GC(21)     Dead                           Min: 0, Avg:  0.0, Max: 0, Diff: 0, Sum: 0, Workers: 4
[10.296s][debug][gc,phases      ] GC(21)     Total                          Min: 0, Avg:  0.0, Max: 0, Diff: 0, Sum: 0, Workers: 4
[10.297s][debug][gc,phases      ] GC(21) Weak Processing 0.263ms
[10.297s][debug][gc,age         ] GC(21) Desired survivor size 204472320 bytes, new threshold 15 (max threshold 15)
[10.297s][info ][gc,heap        ] GC(21) PSYoungGen: 1675577K(1866240K)->30421K(1897472K) Eden: 1645568K(1645568K)->0K(1687552K) From: 30009K(220672K)->30421K(209920K)
[10.297s][info ][gc,heap        ] GC(21) ParOldGen: 180705K(272896K)->180713K(272896K)
[10.297s][info ][gc,metaspace   ] GC(21) Metaspace: 61067K(61824K)->61067K(61824K) NonClass: 51982K(52416K)->51982K(52416K) Class: 9085K(9408K)->9085K(9408K)
[10.297s][info ][gc             ] GC(21) Pause Young (Allocation Failure) 1812M->206M(2119M) 14.829ms
[10.297s][info ][gc,cpu         ] GC(21) User=0.05s Sys=0.00s Real=0.01s
[10.297s][info ][safepoint      ] Safepoint "ParallelGCFailedAllocation", Time since last: 270944892 ns, Reaching safepoint: 146901 ns, At safepoint: 14918516 ns, Total: 15065417 ns
[10.618s][info ][gc,start       ] GC(22) Pause Young (Allocation Failure)
[10.633s][debug][gc,phases      ] GC(22) Scavenge 14.430ms
[10.633s][debug][gc,ref         ] GC(22) Skipped phase 1 of Reference Processing: no references
[10.633s][debug][gc,ref         ] GC(22) ReferenceProcessor::execute queues: 2, RefProcThreadModel::Multi, marks_oops_alive: false
[10.633s][debug][gc,ref         ] GC(22) Skipped phase 3 of Reference Processing: no references
[10.633s][debug][gc,ref         ] GC(22) ReferenceProcessor::execute queues: 1, RefProcThreadModel::Single, marks_oops_alive: false
[10.633s][debug][gc,phases      ] GC(22) Reference Processing 0.156ms
[10.633s][debug][gc,phases      ] GC(22)   VM Weak                        Min:  0.0, Avg:  0.0, Max:  0.0, Diff:  0.0, Sum:  0.0, Workers: 4
[10.633s][debug][gc,phases      ] GC(22)     Dead                           Min: 0, Avg:  0.0, Max: 0, Diff: 0, Sum: 0, Workers: 4
[10.633s][debug][gc,phases      ] GC(22)     Total                          Min: 0, Avg: 137.2, Max: 485, Diff: 485, Sum: 549, Workers: 4
[10.633s][debug][gc,phases      ] GC(22)   ObjectSynchronizer Weak        Min:  0.0, Avg:  0.0, Max:  0.0, Diff:  0.0, Sum:  0.0, Workers: 4
[10.633s][debug][gc,phases      ] GC(22)     Dead                           Min: 0, Avg:  0.0, Max: 0, Diff: 0, Sum: 0, Workers: 4
[10.633s][debug][gc,phases      ] GC(22)     Total                          Min: 0, Avg: 83.8, Max: 207, Diff: 207, Sum: 335, Workers: 4
[10.633s][debug][gc,phases      ] GC(22)   JVMTI Tag Weak OopStorage      Min:  0.0, Avg:  0.0, Max:  0.0, Diff:  0.0, Sum:  0.0, Workers: 4
[10.633s][debug][gc,phases      ] GC(22)     Dead                           Min: 0, Avg:  0.0, Max: 0, Diff: 0, Sum: 0, Workers: 4
[10.633s][debug][gc,phases      ] GC(22)     Total                          Min: 0, Avg:  0.0, Max: 0, Diff: 0, Sum: 0, Workers: 4
[10.633s][debug][gc,phases      ] GC(22)   StringTable Weak               Min:  0.1, Avg:  0.1, Max:  0.1, Diff:  0.0, Sum:  0.3, Workers: 4
[10.633s][debug][gc,phases      ] GC(22)     Dead                           Min: 0, Avg:  3.8, Max: 8, Diff: 8, Sum: 15, Workers: 4
[10.633s][debug][gc,phases      ] GC(22)     Total                          Min: 7997, Avg: 10190.5, Max: 12351, Diff: 4354, Sum: 40762, Workers: 4
[10.633s][debug][gc,phases      ] GC(22)   ResolvedMethodTable Weak       Min:  0.0, Avg:  0.0, Max:  0.0, Diff:  0.0, Sum:  0.1, Workers: 4
[10.633s][debug][gc,phases      ] GC(22)     Dead                           Min: 0, Avg:  4.5, Max: 14, Diff: 14, Sum: 18, Workers: 4
[10.633s][debug][gc,phases      ] GC(22)     Total                          Min: 1344, Avg: 1615.5, Max: 1790, Diff: 446, Sum: 6462, Workers: 4
[10.633s][debug][gc,phases      ] GC(22)   JNI Weak                       Min:  0.0, Avg:  0.0, Max:  0.0, Diff:  0.0, Sum:  0.0, Workers: 4
[10.633s][debug][gc,phases      ] GC(22)     Dead                           Min: 0, Avg:  0.0, Max: 0, Diff: 0, Sum: 0, Workers: 4
[10.633s][debug][gc,phases      ] GC(22)     Total                          Min: 0, Avg:  0.0, Max: 0, Diff: 0, Sum: 0, Workers: 4
[10.633s][debug][gc,phases      ] GC(22)   StringDedup Table Weak         Min:  0.0, Avg:  0.0, Max:  0.0, Diff:  0.0, Sum:  0.0, Workers: 4
[10.633s][debug][gc,phases      ] GC(22)     Dead                           Min: 0, Avg:  0.0, Max: 0, Diff: 0, Sum: 0, Workers: 4
[10.633s][debug][gc,phases      ] GC(22)     Total                          Min: 0, Avg:  0.0, Max: 0, Diff: 0, Sum: 0, Workers: 4
[10.633s][debug][gc,phases      ] GC(22)   StringDedup Requests0 Weak     Min:  0.0, Avg:  0.0, Max:  0.0, Diff:  0.0, Sum:  0.0, Workers: 4
[10.633s][debug][gc,phases      ] GC(22)     Dead                           Min: 0, Avg:  0.0, Max: 0, Diff: 0, Sum: 0, Workers: 4
[10.633s][debug][gc,phases      ] GC(22)     Total                          Min: 0, Avg:  0.0, Max: 0, Diff: 0, Sum: 0, Workers: 4
[10.633s][debug][gc,phases      ] GC(22)   StringDedup Requests1 Weak     Min:  0.0, Avg:  0.0, Max:  0.0, Diff:  0.0, Sum:  0.0, Workers: 4
[10.633s][debug][gc,phases      ] GC(22)     Dead                           Min: 0, Avg:  0.0, Max: 0, Diff: 0, Sum: 0, Workers: 4
[10.633s][debug][gc,phases      ] GC(22)     Total                          Min: 0, Avg:  0.0, Max: 0, Diff: 0, Sum: 0, Workers: 4
[10.633s][debug][gc,phases      ] GC(22)   Weak JFR Old Object Samples    Min:  0.0, Avg:  0.0, Max:  0.0, Diff:  0.0, Sum:  0.0, Workers: 4
[10.633s][debug][gc,phases      ] GC(22)     Dead                           Min: 0, Avg:  0.0, Max: 0, Diff: 0, Sum: 0, Workers: 4
[10.633s][debug][gc,phases      ] GC(22)     Total                          Min: 0, Avg:  0.0, Max: 0, Diff: 0, Sum: 0, Workers: 4
[10.633s][debug][gc,phases      ] GC(22) Weak Processing 0.241ms
[10.633s][debug][gc,age         ] GC(22) Desired survivor size 193986560 bytes, new threshold 15 (max threshold 15)
[10.633s][info ][gc,heap        ] GC(22) PSYoungGen: 1717973K(1897472K)->30749K(1887232K) Eden: 1687552K(1687552K)->0K(1687552K) From: 30421K(209920K)->30749K(199680K)
[10.633s][info ][gc,heap        ] GC(22) ParOldGen: 180713K(272896K)->180721K(272896K)
[10.633s][info ][gc,metaspace   ] GC(22) Metaspace: 61536K(62208K)->61536K(62208K) NonClass: 52390K(52736K)->52390K(52736K) Class: 9146K(9472K)->9146K(9472K)
[10.633s][info ][gc             ] GC(22) Pause Young (Allocation Failure) 1854M->206M(2109M) 14.938ms
[10.633s][info ][gc,cpu         ] GC(22) User=0.05s Sys=0.00s Real=0.02s
[10.633s][info ][safepoint      ] Safepoint "ParallelGCFailedAllocation", Time since last: 321371582 ns, Reaching safepoint: 378103 ns, At safepoint: 15052716 ns, Total: 15430819 ns
[10.949s][info ][gc,start       ] GC(23) Pause Young (Allocation Failure)
[10.964s][debug][gc,phases      ] GC(23) Scavenge 14.841ms
[10.964s][debug][gc,ref         ] GC(23) Skipped phase 1 of Reference Processing: no references
[10.964s][debug][gc,ref         ] GC(23) ReferenceProcessor::execute queues: 2, RefProcThreadModel::Multi, marks_oops_alive: false
[10.964s][debug][gc,ref         ] GC(23) Skipped phase 3 of Reference Processing: no references
[10.964s][debug][gc,ref         ] GC(23) ReferenceProcessor::execute queues: 1, RefProcThreadModel::Single, marks_oops_alive: false
[10.964s][debug][gc,phases      ] GC(23) Reference Processing 0.173ms
[10.964s][debug][gc,phases      ] GC(23)   VM Weak                        Min:  0.0, Avg:  0.0, Max:  0.0, Diff:  0.0, Sum:  0.0, Workers: 4
[10.964s][debug][gc,phases      ] GC(23)     Dead                           Min: 0, Avg:  0.0, Max: 0, Diff: 0, Sum: 0, Workers: 4
[10.964s][debug][gc,phases      ] GC(23)     Total                          Min: 0, Avg: 137.2, Max: 357, Diff: 357, Sum: 549, Workers: 4
[10.964s][debug][gc,phases      ] GC(23)   ObjectSynchronizer Weak        Min:  0.0, Avg:  0.0, Max:  0.0, Diff:  0.0, Sum:  0.0, Workers: 4
[10.964s][debug][gc,phases      ] GC(23)     Dead                           Min: 0, Avg:  0.0, Max: 0, Diff: 0, Sum: 0, Workers: 4
[10.964s][debug][gc,phases      ] GC(23)     Total                          Min: 0, Avg: 84.0, Max: 192, Diff: 192, Sum: 336, Workers: 4
[10.964s][debug][gc,phases      ] GC(23)   JVMTI Tag Weak OopStorage      Min:  0.0, Avg:  0.0, Max:  0.0, Diff:  0.0, Sum:  0.0, Workers: 4
[10.964s][debug][gc,phases      ] GC(23)     Dead                           Min: 0, Avg:  0.0, Max: 0, Diff: 0, Sum: 0, Workers: 4
[10.964s][debug][gc,phases      ] GC(23)     Total                          Min: 0, Avg:  0.0, Max: 0, Diff: 0, Sum: 0, Workers: 4
[10.964s][debug][gc,phases      ] GC(23)   StringTable Weak               Min:  0.1, Avg:  0.1, Max:  0.1, Diff:  0.0, Sum:  0.4, Workers: 4
[10.964s][debug][gc,phases      ] GC(23)     Dead                           Min: 0, Avg:  0.2, Max: 1, Diff: 1, Sum: 1, Workers: 4
[10.964s][debug][gc,phases      ] GC(23)     Total                          Min: 8320, Avg: 10472.2, Max: 14049, Diff: 5729, Sum: 41889, Workers: 4
[10.964s][debug][gc,phases      ] GC(23)   ResolvedMethodTable Weak       Min:  0.0, Avg:  0.0, Max:  0.0, Diff:  0.0, Sum:  0.1, Workers: 4
[10.964s][debug][gc,phases      ] GC(23)     Dead                           Min: 1, Avg: 27.0, Max: 69, Diff: 68, Sum: 108, Workers: 4
[10.964s][debug][gc,phases      ] GC(23)     Total                          Min: 1407, Avg: 1641.2, Max: 1981, Diff: 574, Sum: 6565, Workers: 4
[10.964s][debug][gc,phases      ] GC(23)   JNI Weak                       Min:  0.0, Avg:  0.0, Max:  0.0, Diff:  0.0, Sum:  0.0, Workers: 4
[10.964s][debug][gc,phases      ] GC(23)     Dead                           Min: 0, Avg:  0.0, Max: 0, Diff: 0, Sum: 0, Workers: 4
[10.964s][debug][gc,phases      ] GC(23)     Total                          Min: 0, Avg:  0.2, Max: 1, Diff: 1, Sum: 1, Workers: 4
[10.964s][debug][gc,phases      ] GC(23)   StringDedup Table Weak         Min:  0.0, Avg:  0.0, Max:  0.0, Diff:  0.0, Sum:  0.0, Workers: 4
[10.964s][debug][gc,phases      ] GC(23)     Dead                           Min: 0, Avg:  0.0, Max: 0, Diff: 0, Sum: 0, Workers: 4
[10.964s][debug][gc,phases      ] GC(23)     Total                          Min: 0, Avg:  0.0, Max: 0, Diff: 0, Sum: 0, Workers: 4
[10.964s][debug][gc,phases      ] GC(23)   StringDedup Requests0 Weak     Min:  0.0, Avg:  0.0, Max:  0.0, Diff:  0.0, Sum:  0.0, Workers: 4
[10.964s][debug][gc,phases      ] GC(23)     Dead                           Min: 0, Avg:  0.0, Max: 0, Diff: 0, Sum: 0, Workers: 4
[10.964s][debug][gc,phases      ] GC(23)     Total                          Min: 0, Avg:  0.0, Max: 0, Diff: 0, Sum: 0, Workers: 4
[10.964s][debug][gc,phases      ] GC(23)   StringDedup Requests1 Weak     Min:  0.0, Avg:  0.0, Max:  0.0, Diff:  0.0, Sum:  0.0, Workers: 4
[10.964s][debug][gc,phases      ] GC(23)     Dead                           Min: 0, Avg:  0.0, Max: 0, Diff: 0, Sum: 0, Workers: 4
[10.964s][debug][gc,phases      ] GC(23)     Total                          Min: 0, Avg:  0.0, Max: 0, Diff: 0, Sum: 0, Workers: 4
[10.964s][debug][gc,phases      ] GC(23)   Weak JFR Old Object Samples    Min:  0.0, Avg:  0.0, Max:  0.0, Diff:  0.0, Sum:  0.0, Workers: 4
[10.964s][debug][gc,phases      ] GC(23)     Dead                           Min: 0, Avg:  0.0, Max: 0, Diff: 0, Sum: 0, Workers: 4
[10.964s][debug][gc,phases      ] GC(23)     Total                          Min: 0, Avg:  0.0, Max: 0, Diff: 0, Sum: 0, Workers: 4
[10.964s][debug][gc,phases      ] GC(23) Weak Processing 0.265ms
[10.964s][debug][gc,age         ] GC(23) Desired survivor size 184025088 bytes, new threshold 15 (max threshold 15)
[10.964s][info ][gc,heap        ] GC(23) PSYoungGen: 1718301K(1887232K)->31242K(1917440K) Eden: 1687552K(1687552K)->0K(1728000K) From: 30749K(199680K)->31242K(189440K)
[10.964s][info ][gc,heap        ] GC(23) ParOldGen: 180721K(272896K)->181873K(272896K)
[10.964s][info ][gc,metaspace   ] GC(23) Metaspace: 64519K(65216K)->64519K(65216K) NonClass: 55001K(55360K)->55001K(55360K) Class: 9517K(9856K)->9517K(9856K)
[10.964s][info ][gc             ] GC(23) Pause Young (Allocation Failure) 1854M->208M(2139M) 15.378ms
[10.964s][info ][gc,cpu         ] GC(23) User=0.05s Sys=0.00s Real=0.02s
[10.964s][info ][safepoint      ] Safepoint "ParallelGCFailedAllocation", Time since last: 315119634 ns, Reaching safepoint: 162201 ns, At safepoint: 15469520 ns, Total: 15631721 ns
[11.314s][info ][gc,start       ] GC(24) Pause Young (Allocation Failure)
[11.350s][debug][gc,phases      ] GC(24) Scavenge 35.934ms
[11.350s][debug][gc,ref         ] GC(24) Skipped phase 1 of Reference Processing: no references
[11.350s][debug][gc,ref         ] GC(24) ReferenceProcessor::execute queues: 2, RefProcThreadModel::Multi, marks_oops_alive: false
[11.350s][debug][gc,ref         ] GC(24) Skipped phase 3 of Reference Processing: no references
[11.350s][debug][gc,ref         ] GC(24) ReferenceProcessor::execute queues: 1, RefProcThreadModel::Single, marks_oops_alive: false
[11.350s][debug][gc,phases      ] GC(24) Reference Processing 0.190ms
[11.351s][debug][gc,phases      ] GC(24)   VM Weak                        Min:  0.0, Avg:  0.0, Max:  0.0, Diff:  0.0, Sum:  0.0, Workers: 4
[11.351s][debug][gc,phases      ] GC(24)     Dead                           Min: 0, Avg:  0.0, Max: 0, Diff: 0, Sum: 0, Workers: 4
[11.351s][debug][gc,phases      ] GC(24)     Total                          Min: 0, Avg: 139.8, Max: 367, Diff: 367, Sum: 559, Workers: 4
[11.351s][debug][gc,phases      ] GC(24)   ObjectSynchronizer Weak        Min:  0.0, Avg:  0.0, Max:  0.0, Diff:  0.0, Sum:  0.0, Workers: 4
[11.351s][debug][gc,phases      ] GC(24)     Dead                           Min: 0, Avg:  0.0, Max: 0, Diff: 0, Sum: 0, Workers: 4
[11.351s][debug][gc,phases      ] GC(24)     Total                          Min: 0, Avg: 84.0, Max: 192, Diff: 192, Sum: 336, Workers: 4
[11.351s][debug][gc,phases      ] GC(24)   JVMTI Tag Weak OopStorage      Min:  0.0, Avg:  0.0, Max:  0.0, Diff:  0.0, Sum:  0.0, Workers: 4
[11.351s][debug][gc,phases      ] GC(24)     Dead                           Min: 0, Avg:  0.0, Max: 0, Diff: 0, Sum: 0, Workers: 4
[11.351s][debug][gc,phases      ] GC(24)     Total                          Min: 0, Avg:  0.0, Max: 0, Diff: 0, Sum: 0, Workers: 4
[11.351s][debug][gc,phases      ] GC(24)   StringTable Weak               Min:  0.1, Avg:  0.1, Max:  0.1, Diff:  0.0, Sum:  0.4, Workers: 4
[11.351s][debug][gc,phases      ] GC(24)     Dead                           Min: 0, Avg:  4.0, Max: 14, Diff: 14, Sum: 16, Workers: 4
[11.351s][debug][gc,phases      ] GC(24)     Total                          Min: 8440, Avg: 10557.8, Max: 12672, Diff: 4232, Sum: 42231, Workers: 4
[11.351s][debug][gc,phases      ] GC(24)   ResolvedMethodTable Weak       Min:  0.0, Avg:  0.0, Max:  0.0, Diff:  0.0, Sum:  0.1, Workers: 4
[11.351s][debug][gc,phases      ] GC(24)     Dead                           Min: 0, Avg: 10.0, Max: 19, Diff: 19, Sum: 40, Workers: 4
[11.351s][debug][gc,phases      ] GC(24)     Total                          Min: 1429, Avg: 1685.2, Max: 1920, Diff: 491, Sum: 6741, Workers: 4
[11.351s][debug][gc,phases      ] GC(24)   JNI Weak                       Min:  0.0, Avg:  0.0, Max:  0.0, Diff:  0.0, Sum:  0.0, Workers: 4
[11.351s][debug][gc,phases      ] GC(24)     Dead                           Min: 0, Avg:  0.0, Max: 0, Diff: 0, Sum: 0, Workers: 4
[11.351s][debug][gc,phases      ] GC(24)     Total                          Min: 0, Avg:  4.2, Max: 17, Diff: 17, Sum: 17, Workers: 4
[11.351s][debug][gc,phases      ] GC(24)   StringDedup Table Weak         Min:  0.0, Avg:  0.0, Max:  0.0, Diff:  0.0, Sum:  0.0, Workers: 4
[11.351s][debug][gc,phases      ] GC(24)     Dead                           Min: 0, Avg:  0.0, Max: 0, Diff: 0, Sum: 0, Workers: 4
[11.351s][debug][gc,phases      ] GC(24)     Total                          Min: 0, Avg:  0.0, Max: 0, Diff: 0, Sum: 0, Workers: 4
[11.351s][debug][gc,phases      ] GC(24)   StringDedup Requests0 Weak     Min:  0.0, Avg:  0.0, Max:  0.0, Diff:  0.0, Sum:  0.0, Workers: 4
[11.351s][debug][gc,phases      ] GC(24)     Dead                           Min: 0, Avg:  0.0, Max: 0, Diff: 0, Sum: 0, Workers: 4
[11.351s][debug][gc,phases      ] GC(24)     Total                          Min: 0, Avg:  0.0, Max: 0, Diff: 0, Sum: 0, Workers: 4
[11.351s][debug][gc,phases      ] GC(24)   StringDedup Requests1 Weak     Min:  0.0, Avg:  0.0, Max:  0.0, Diff:  0.0, Sum:  0.0, Workers: 4
[11.351s][debug][gc,phases      ] GC(24)     Dead                           Min: 0, Avg:  0.0, Max: 0, Diff: 0, Sum: 0, Workers: 4
[11.351s][debug][gc,phases      ] GC(24)     Total                          Min: 0, Avg:  0.0, Max: 0, Diff: 0, Sum: 0, Workers: 4
[11.351s][debug][gc,phases      ] GC(24)   Weak JFR Old Object Samples    Min:  0.0, Avg:  0.0, Max:  0.0, Diff:  0.0, Sum:  0.0, Workers: 4
[11.351s][debug][gc,phases      ] GC(24)     Dead                           Min: 0, Avg:  0.0, Max: 0, Diff: 0, Sum: 0, Workers: 4
[11.351s][debug][gc,phases      ] GC(24)     Total                          Min: 0, Avg:  0.0, Max: 0, Diff: 0, Sum: 0, Workers: 4
[11.351s][debug][gc,phases      ] GC(24) Weak Processing 0.267ms
[11.351s][debug][gc,age         ] GC(24) Desired survivor size 173539328 bytes, new threshold 15 (max threshold 15)
[11.351s][info ][gc,heap        ] GC(24) PSYoungGen: 1759242K(1917440K)->58138K(1907712K) Eden: 1728000K(1728000K)->0K(1728000K) From: 31242K(189440K)->58138K(179712K)
[11.351s][info ][gc,heap        ] GC(24) ParOldGen: 181873K(272896K)->184241K(272896K)
[11.351s][info ][gc,metaspace   ] GC(24) Metaspace: 66391K(67136K)->66391K(67136K) NonClass: 56644K(57024K)->56644K(57024K) Class: 9746K(10112K)->9746K(10112K)
[11.351s][info ][gc             ] GC(24) Pause Young (Allocation Failure) 1895M->236M(2129M) 36.506ms
[11.351s][info ][gc,cpu         ] GC(24) User=0.15s Sys=0.01s Real=0.04s
[11.351s][info ][safepoint      ] Safepoint "ParallelGCFailedAllocation", Time since last: 349909802 ns, Reaching safepoint: 160701 ns, At safepoint: 36603983 ns, Total: 36764684 ns
[11.667s][info ][gc,start       ] GC(25) Pause Young (Allocation Failure)
[11.721s][debug][gc,phases      ] GC(25) Scavenge 54.148ms
[11.721s][debug][gc,ref         ] GC(25) Skipped phase 1 of Reference Processing: no references
[11.721s][debug][gc,ref         ] GC(25) ReferenceProcessor::execute queues: 2, RefProcThreadModel::Multi, marks_oops_alive: false
[11.721s][debug][gc,ref         ] GC(25) Skipped phase 3 of Reference Processing: no references
[11.721s][debug][gc,ref         ] GC(25) ReferenceProcessor::execute queues: 1, RefProcThreadModel::Single, marks_oops_alive: false
[11.721s][debug][gc,phases      ] GC(25) Reference Processing 0.182ms
[11.721s][debug][gc,phases      ] GC(25)   VM Weak                        Min:  0.0, Avg:  0.0, Max:  0.0, Diff:  0.0, Sum:  0.0, Workers: 4
[11.721s][debug][gc,phases      ] GC(25)     Dead                           Min: 0, Avg:  0.0, Max: 0, Diff: 0, Sum: 0, Workers: 4
[11.721s][debug][gc,phases      ] GC(25)     Total                          Min: 0, Avg: 142.0, Max: 312, Diff: 312, Sum: 568, Workers: 4
[11.721s][debug][gc,phases      ] GC(25)   ObjectSynchronizer Weak        Min:  0.0, Avg:  0.0, Max:  0.0, Diff:  0.0, Sum:  0.0, Workers: 4
[11.721s][debug][gc,phases      ] GC(25)     Dead                           Min: 0, Avg:  0.0, Max: 0, Diff: 0, Sum: 0, Workers: 4
[11.721s][debug][gc,phases      ] GC(25)     Total                          Min: 0, Avg: 84.0, Max: 144, Diff: 144, Sum: 336, Workers: 4
[11.721s][debug][gc,phases      ] GC(25)   JVMTI Tag Weak OopStorage      Min:  0.0, Avg:  0.0, Max:  0.0, Diff:  0.0, Sum:  0.0, Workers: 4
[11.721s][debug][gc,phases      ] GC(25)     Dead                           Min: 0, Avg:  0.0, Max: 0, Diff: 0, Sum: 0, Workers: 4
[11.721s][debug][gc,phases      ] GC(25)     Total                          Min: 0, Avg:  0.0, Max: 0, Diff: 0, Sum: 0, Workers: 4
[11.721s][debug][gc,phases      ] GC(25)   StringTable Weak               Min:  0.1, Avg:  0.1, Max:  0.1, Diff:  0.0, Sum:  0.4, Workers: 4
[11.721s][debug][gc,phases      ] GC(25)     Dead                           Min: 0, Avg:  3.0, Max: 11, Diff: 11, Sum: 12, Workers: 4
[11.721s][debug][gc,phases      ] GC(25)     Total                          Min: 9152, Avg: 10571.5, Max: 14201, Diff: 5049, Sum: 42286, Workers: 4
[11.721s][debug][gc,phases      ] GC(25)   ResolvedMethodTable Weak       Min:  0.0, Avg:  0.0, Max:  0.0, Diff:  0.0, Sum:  0.1, Workers: 4
[11.721s][debug][gc,phases      ] GC(25)     Dead                           Min: 0, Avg:  0.0, Max: 0, Diff: 0, Sum: 0, Workers: 4
[11.721s][debug][gc,phases      ] GC(25)     Total                          Min: 1408, Avg: 1690.8, Max: 1966, Diff: 558, Sum: 6763, Workers: 4
[11.721s][debug][gc,phases      ] GC(25)   JNI Weak                       Min:  0.0, Avg:  0.0, Max:  0.0, Diff:  0.0, Sum:  0.0, Workers: 4
[11.721s][debug][gc,phases      ] GC(25)     Dead                           Min: 0, Avg:  0.0, Max: 0, Diff: 0, Sum: 0, Workers: 4
[11.721s][debug][gc,phases      ] GC(25)     Total                          Min: 0, Avg:  1.2, Max: 5, Diff: 5, Sum: 5, Workers: 4
[11.721s][debug][gc,phases      ] GC(25)   StringDedup Table Weak         Min:  0.0, Avg:  0.0, Max:  0.0, Diff:  0.0, Sum:  0.0, Workers: 4
[11.721s][debug][gc,phases      ] GC(25)     Dead                           Min: 0, Avg:  0.0, Max: 0, Diff: 0, Sum: 0, Workers: 4
[11.721s][debug][gc,phases      ] GC(25)     Total                          Min: 0, Avg:  0.0, Max: 0, Diff: 0, Sum: 0, Workers: 4
[11.721s][debug][gc,phases      ] GC(25)   StringDedup Requests0 Weak     Min:  0.0, Avg:  0.0, Max:  0.0, Diff:  0.0, Sum:  0.0, Workers: 4
[11.721s][debug][gc,phases      ] GC(25)     Dead                           Min: 0, Avg:  0.0, Max: 0, Diff: 0, Sum: 0, Workers: 4
[11.721s][debug][gc,phases      ] GC(25)     Total                          Min: 0, Avg:  0.0, Max: 0, Diff: 0, Sum: 0, Workers: 4
[11.721s][debug][gc,phases      ] GC(25)   StringDedup Requests1 Weak     Min:  0.0, Avg:  0.0, Max:  0.0, Diff:  0.0, Sum:  0.0, Workers: 4
[11.721s][debug][gc,phases      ] GC(25)     Dead                           Min: 0, Avg:  0.0, Max: 0, Diff: 0, Sum: 0, Workers: 4
[11.721s][debug][gc,phases      ] GC(25)     Total                          Min: 0, Avg:  0.0, Max: 0, Diff: 0, Sum: 0, Workers: 4
[11.721s][debug][gc,phases      ] GC(25)   Weak JFR Old Object Samples    Min:  0.0, Avg:  0.0, Max:  0.0, Diff:  0.0, Sum:  0.0, Workers: 4
[11.721s][debug][gc,phases      ] GC(25)     Dead                           Min: 0, Avg:  0.0, Max: 0, Diff: 0, Sum: 0, Workers: 4
[11.721s][debug][gc,phases      ] GC(25)     Total                          Min: 0, Avg:  0.0, Max: 0, Diff: 0, Sum: 0, Workers: 4
[11.721s][debug][gc,phases      ] GC(25) Weak Processing 0.277ms
[11.721s][debug][gc,age         ] GC(25) Desired survivor size 182976512 bytes, new threshold 15 (max threshold 15)
[11.721s][info ][gc,heap        ] GC(25) PSYoungGen: 1786138K(1907712K)->108858K(1909248K) Eden: 1728000K(1728000K)->0K(1739776K) From: 58138K(179712K)->108858K(169472K)
[11.721s][info ][gc,heap        ] GC(25) ParOldGen: 184241K(272896K)->187349K(272896K)
[11.721s][info ][gc,metaspace   ] GC(25) Metaspace: 66422K(67200K)->66422K(67200K) NonClass: 56667K(57088K)->56667K(57088K) Class: 9754K(10112K)->9754K(10112K)
[11.721s][info ][gc             ] GC(25) Pause Young (Allocation Failure) 1924M->289M(2131M) 54.724ms
[11.721s][info ][gc,cpu         ] GC(25) User=0.20s Sys=0.02s Real=0.05s
[11.721s][info ][safepoint      ] Safepoint "ParallelGCFailedAllocation", Time since last: 313533421 ns, Reaching safepoint: 2153017 ns, At safepoint: 54837223 ns, Total: 56990240 ns
[12.073s][info ][gc,start       ] GC(26) Pause Young (Allocation Failure)
[12.168s][debug][gc,phases      ] GC(26) Scavenge 94.363ms
[12.168s][debug][gc,ref         ] GC(26) Skipped phase 1 of Reference Processing: no references
[12.168s][debug][gc,ref         ] GC(26) ReferenceProcessor::execute queues: 1, RefProcThreadModel::Single, marks_oops_alive: false
[12.168s][debug][gc,ref         ] GC(26) Skipped phase 3 of Reference Processing: no references
[12.168s][debug][gc,ref         ] GC(26) ReferenceProcessor::execute queues: 1, RefProcThreadModel::Single, marks_oops_alive: false
[12.168s][debug][gc,phases      ] GC(26) Reference Processing 0.153ms
[12.168s][debug][gc,phases      ] GC(26)   VM Weak                        Min:  0.0, Avg:  0.0, Max:  0.0, Diff:  0.0, Sum:  0.0, Workers: 4
[12.168s][debug][gc,phases      ] GC(26)     Dead                           Min: 0, Avg:  0.0, Max: 0, Diff: 0, Sum: 0, Workers: 4
[12.168s][debug][gc,phases      ] GC(26)     Total                          Min: 0, Avg: 142.0, Max: 568, Diff: 568, Sum: 568, Workers: 4
[12.168s][debug][gc,phases      ] GC(26)   ObjectSynchronizer Weak        Min:  0.0, Avg:  0.0, Max:  0.0, Diff:  0.0, Sum:  0.0, Workers: 4
[12.168s][debug][gc,phases      ] GC(26)     Dead                           Min: 0, Avg:  0.0, Max: 0, Diff: 0, Sum: 0, Workers: 4
[12.168s][debug][gc,phases      ] GC(26)     Total                          Min: 0, Avg: 84.0, Max: 208, Diff: 208, Sum: 336, Workers: 4
[12.168s][debug][gc,phases      ] GC(26)   JVMTI Tag Weak OopStorage      Min:  0.0, Avg:  0.0, Max:  0.0, Diff:  0.0, Sum:  0.0, Workers: 4
[12.168s][debug][gc,phases      ] GC(26)     Dead                           Min: 0, Avg:  0.0, Max: 0, Diff: 0, Sum: 0, Workers: 4
[12.168s][debug][gc,phases      ] GC(26)     Total                          Min: 0, Avg:  0.0, Max: 0, Diff: 0, Sum: 0, Workers: 4
[12.168s][debug][gc,phases      ] GC(26)   StringTable Weak               Min:  0.1, Avg:  0.1, Max:  0.1, Diff:  0.1, Sum:  0.4, Workers: 4
[12.168s][debug][gc,phases      ] GC(26)     Dead                           Min: 0, Avg:  0.0, Max: 0, Diff: 0, Sum: 0, Workers: 4
[12.168s][debug][gc,phases      ] GC(26)     Total                          Min: 8384, Avg: 10571.5, Max: 11769, Diff: 3385, Sum: 42286, Workers: 4
[12.168s][debug][gc,phases      ] GC(26)   ResolvedMethodTable Weak       Min:  0.0, Avg:  0.0, Max:  0.0, Diff:  0.0, Sum:  0.1, Workers: 4
[12.168s][debug][gc,phases      ] GC(26)     Dead                           Min: 0, Avg:  0.0, Max: 0, Diff: 0, Sum: 0, Workers: 4
[12.168s][debug][gc,phases      ] GC(26)     Total                          Min: 1408, Avg: 1690.8, Max: 1966, Diff: 558, Sum: 6763, Workers: 4
[12.168s][debug][gc,phases      ] GC(26)   JNI Weak                       Min:  0.0, Avg:  0.0, Max:  0.0, Diff:  0.0, Sum:  0.0, Workers: 4
[12.168s][debug][gc,phases      ] GC(26)     Dead                           Min: 0, Avg:  0.0, Max: 0, Diff: 0, Sum: 0, Workers: 4
[12.168s][debug][gc,phases      ] GC(26)     Total                          Min: 0, Avg:  2.0, Max: 8, Diff: 8, Sum: 8, Workers: 4
[12.168s][debug][gc,phases      ] GC(26)   StringDedup Table Weak         Min:  0.0, Avg:  0.0, Max:  0.0, Diff:  0.0, Sum:  0.0, Workers: 4
[12.168s][debug][gc,phases      ] GC(26)     Dead                           Min: 0, Avg:  0.0, Max: 0, Diff: 0, Sum: 0, Workers: 4
[12.168s][debug][gc,phases      ] GC(26)     Total                          Min: 0, Avg:  0.0, Max: 0, Diff: 0, Sum: 0, Workers: 4
[12.168s][debug][gc,phases      ] GC(26)   StringDedup Requests0 Weak     Min:  0.0, Avg:  0.0, Max:  0.0, Diff:  0.0, Sum:  0.0, Workers: 4
[12.168s][debug][gc,phases      ] GC(26)     Dead                           Min: 0, Avg:  0.0, Max: 0, Diff: 0, Sum: 0, Workers: 4
[12.168s][debug][gc,phases      ] GC(26)     Total                          Min: 0, Avg:  0.0, Max: 0, Diff: 0, Sum: 0, Workers: 4
[12.168s][debug][gc,phases      ] GC(26)   StringDedup Requests1 Weak     Min:  0.0, Avg:  0.0, Max:  0.0, Diff:  0.0, Sum:  0.0, Workers: 4
[12.168s][debug][gc,phases      ] GC(26)     Dead                           Min: 0, Avg:  0.0, Max: 0, Diff: 0, Sum: 0, Workers: 4
[12.168s][debug][gc,phases      ] GC(26)     Total                          Min: 0, Avg:  0.0, Max: 0, Diff: 0, Sum: 0, Workers: 4
[12.168s][debug][gc,phases      ] GC(26)   Weak JFR Old Object Samples    Min:  0.0, Avg:  0.0, Max:  0.0, Diff:  0.0, Sum:  0.0, Workers: 4
[12.168s][debug][gc,phases      ] GC(26)     Dead                           Min: 0, Avg:  0.0, Max: 0, Diff: 0, Sum: 0, Workers: 4
[12.168s][debug][gc,phases      ] GC(26)     Total                          Min: 0, Avg:  0.0, Max: 0, Diff: 0, Sum: 0, Workers: 4
[12.168s][debug][gc,phases      ] GC(26) Weak Processing 0.288ms
[12.168s][debug][gc,age         ] GC(26) Desired survivor size 221249536 bytes, new threshold 14 (max threshold 15)
[12.168s][info ][gc,heap        ] GC(26) PSYoungGen: 1848634K(1909248K)->178658K(1918464K) Eden: 1739776K(1739776K)->0K(1739776K) From: 108858K(169472K)->178658K(178688K)
[12.168s][info ][gc,heap        ] GC(26) ParOldGen: 187349K(272896K)->199557K(272896K)
[12.168s][info ][gc,metaspace   ] GC(26) Metaspace: 66427K(67200K)->66427K(67200K) NonClass: 56672K(57088K)->56672K(57088K) Class: 9754K(10112K)->9754K(10112K)
[12.168s][info ][gc             ] GC(26) Pause Young (Allocation Failure) 1988M->369M(2140M) 94.928ms
[12.168s][info ][gc,cpu         ] GC(26) User=0.35s Sys=0.01s Real=0.09s
[12.168s][info ][safepoint      ] Safepoint "ParallelGCFailedAllocation", Time since last: 351759616 ns, Reaching safepoint: 103701 ns, At safepoint: 95018734 ns, Total: 95122435 ns
[12.498s][info ][gc,start       ] GC(27) Pause Young (Allocation Failure)
[12.612s][debug][gc,phases      ] GC(27) Scavenge 113.893ms
[12.612s][debug][gc,ref         ] GC(27) Skipped phase 1 of Reference Processing: no references
[12.612s][debug][gc,ref         ] GC(27) ReferenceProcessor::execute queues: 1, RefProcThreadModel::Single, marks_oops_alive: false
[12.612s][debug][gc,ref         ] GC(27) Skipped phase 3 of Reference Processing: no references
[12.612s][debug][gc,ref         ] GC(27) ReferenceProcessor::execute queues: 1, RefProcThreadModel::Single, marks_oops_alive: false
[12.612s][debug][gc,phases      ] GC(27) Reference Processing 0.128ms
[12.613s][debug][gc,phases      ] GC(27)   VM Weak                        Min:  0.0, Avg:  0.0, Max:  0.0, Diff:  0.0, Sum:  0.0, Workers: 4
[12.613s][debug][gc,phases      ] GC(27)     Dead                           Min: 0, Avg:  0.0, Max: 0, Diff: 0, Sum: 0, Workers: 4
[12.613s][debug][gc,phases      ] GC(27)     Total                          Min: 0, Avg: 142.0, Max: 568, Diff: 568, Sum: 568, Workers: 4
[12.613s][debug][gc,phases      ] GC(27)   ObjectSynchronizer Weak        Min:  0.0, Avg:  0.0, Max:  0.0, Diff:  0.0, Sum:  0.0, Workers: 4
[12.613s][debug][gc,phases      ] GC(27)     Dead                           Min: 0, Avg:  0.0, Max: 0, Diff: 0, Sum: 0, Workers: 4
[12.613s][debug][gc,phases      ] GC(27)     Total                          Min: 0, Avg: 84.0, Max: 336, Diff: 336, Sum: 336, Workers: 4
[12.613s][debug][gc,phases      ] GC(27)   JVMTI Tag Weak OopStorage      Min:  0.0, Avg:  0.0, Max:  0.0, Diff:  0.0, Sum:  0.0, Workers: 4
[12.613s][debug][gc,phases      ] GC(27)     Dead                           Min: 0, Avg:  0.0, Max: 0, Diff: 0, Sum: 0, Workers: 4
[12.613s][debug][gc,phases      ] GC(27)     Total                          Min: 0, Avg:  0.0, Max: 0, Diff: 0, Sum: 0, Workers: 4
[12.613s][debug][gc,phases      ] GC(27)   StringTable Weak               Min:  0.1, Avg:  0.1, Max:  0.1, Diff:  0.0, Sum:  0.4, Workers: 4
[12.613s][debug][gc,phases      ] GC(27)     Dead                           Min: 0, Avg:  2.8, Max: 11, Diff: 11, Sum: 11, Workers: 4
[12.613s][debug][gc,phases      ] GC(27)     Total                          Min: 8896, Avg: 10571.5, Max: 12729, Diff: 3833, Sum: 42286, Workers: 4
[12.613s][debug][gc,phases      ] GC(27)   ResolvedMethodTable Weak       Min:  0.0, Avg:  0.0, Max:  0.0, Diff:  0.0, Sum:  0.1, Workers: 4
[12.613s][debug][gc,phases      ] GC(27)     Dead                           Min: 0, Avg:  0.0, Max: 0, Diff: 0, Sum: 0, Workers: 4
[12.613s][debug][gc,phases      ] GC(27)     Total                          Min: 1408, Avg: 1690.8, Max: 1984, Diff: 576, Sum: 6763, Workers: 4
[12.613s][debug][gc,phases      ] GC(27)   JNI Weak                       Min:  0.0, Avg:  0.0, Max:  0.0, Diff:  0.0, Sum:  0.0, Workers: 4
[12.613s][debug][gc,phases      ] GC(27)     Dead                           Min: 0, Avg:  0.0, Max: 0, Diff: 0, Sum: 0, Workers: 4
[12.613s][debug][gc,phases      ] GC(27)     Total                          Min: 0, Avg:  0.0, Max: 0, Diff: 0, Sum: 0, Workers: 4
[12.613s][debug][gc,phases      ] GC(27)   StringDedup Table Weak         Min:  0.0, Avg:  0.0, Max:  0.0, Diff:  0.0, Sum:  0.0, Workers: 4
[12.613s][debug][gc,phases      ] GC(27)     Dead                           Min: 0, Avg:  0.0, Max: 0, Diff: 0, Sum: 0, Workers: 4
[12.613s][debug][gc,phases      ] GC(27)     Total                          Min: 0, Avg:  0.0, Max: 0, Diff: 0, Sum: 0, Workers: 4
[12.613s][debug][gc,phases      ] GC(27)   StringDedup Requests0 Weak     Min:  0.0, Avg:  0.0, Max:  0.0, Diff:  0.0, Sum:  0.0, Workers: 4
[12.613s][debug][gc,phases      ] GC(27)     Dead                           Min: 0, Avg:  0.0, Max: 0, Diff: 0, Sum: 0, Workers: 4
[12.613s][debug][gc,phases      ] GC(27)     Total                          Min: 0, Avg:  0.0, Max: 0, Diff: 0, Sum: 0, Workers: 4
[12.613s][debug][gc,phases      ] GC(27)   StringDedup Requests1 Weak     Min:  0.0, Avg:  0.0, Max:  0.0, Diff:  0.0, Sum:  0.0, Workers: 4
[12.613s][debug][gc,phases      ] GC(27)     Dead                           Min: 0, Avg:  0.0, Max: 0, Diff: 0, Sum: 0, Workers: 4
[12.613s][debug][gc,phases      ] GC(27)     Total                          Min: 0, Avg:  0.0, Max: 0, Diff: 0, Sum: 0, Workers: 4
[12.613s][debug][gc,phases      ] GC(27)   Weak JFR Old Object Samples    Min:  0.0, Avg:  0.0, Max:  0.0, Diff:  0.0, Sum:  0.0, Workers: 4
[12.613s][debug][gc,phases      ] GC(27)     Dead                           Min: 0, Avg:  0.0, Max: 0, Diff: 0, Sum: 0, Workers: 4
[12.613s][debug][gc,phases      ] GC(27)     Total                          Min: 0, Avg:  0.0, Max: 0, Diff: 0, Sum: 0, Workers: 4
[12.613s][debug][gc,phases      ] GC(27) Weak Processing 0.274ms
[12.613s][debug][gc,age         ] GC(27) Desired survivor size 266862592 bytes, new threshold 13 (max threshold 15)
[12.613s][info ][gc,heap        ] GC(27) PSYoungGen: 1918434K(1918464K)->178686K(1754624K) Eden: 1739776K(1739776K)->0K(1575936K) From: 178658K(178688K)->178686K(178688K)
[12.613s][info ][gc,heap        ] GC(27) ParOldGen: 199557K(272896K)->251202K(272896K)
[12.613s][info ][gc,metaspace   ] GC(27) Metaspace: 66439K(67200K)->66439K(67200K) NonClass: 56684K(57088K)->56684K(57088K) Class: 9754K(10112K)->9754K(10112K)
[12.613s][info ][gc             ] GC(27) Pause Young (Allocation Failure) 2068M->419M(1980M) 114.410ms
[12.613s][info ][gc,cpu         ] GC(27) User=0.39s Sys=0.06s Real=0.12s
[12.613s][debug][gc,phases      ] GC(28) Pre Compact 0.009ms
[12.613s][info ][gc,start       ] GC(28) Pause Full (Ergonomics)
[12.613s][info ][gc,phases,start] GC(28) Marking Phase
[12.743s][debug][gc,phases      ] GC(28) Par Mark 129.713ms
[12.743s][debug][gc,ref         ] GC(28) Skipped phase 1 of Reference Processing: no references
[12.743s][debug][gc,ref         ] GC(28) ReferenceProcessor::execute queues: 4, RefProcThreadModel::Multi, marks_oops_alive: false
[12.743s][debug][gc,ref         ] GC(28) Skipped phase 3 of Reference Processing: no references
[12.743s][debug][gc,ref         ] GC(28) ReferenceProcessor::execute queues: 1, RefProcThreadModel::Single, marks_oops_alive: false
[12.743s][debug][gc,phases      ] GC(28) Reference Processing 0.449ms
[12.743s][debug][gc,phases      ] GC(28)   VM Weak                        Min:  0.0, Avg:  0.0, Max:  0.0, Diff:  0.0, Sum:  0.0, Workers: 4
[12.743s][debug][gc,phases      ] GC(28)     Dead                           Min: 0, Avg:  0.0, Max: 0, Diff: 0, Sum: 0, Workers: 4
[12.743s][debug][gc,phases      ] GC(28)     Total                          Min: 0, Avg: 142.0, Max: 312, Diff: 312, Sum: 568, Workers: 4
[12.743s][debug][gc,phases      ] GC(28)   ObjectSynchronizer Weak        Min:  0.0, Avg:  0.0, Max:  0.0, Diff:  0.0, Sum:  0.0, Workers: 4
[12.743s][debug][gc,phases      ] GC(28)     Dead                           Min: 0, Avg:  0.0, Max: 0, Diff: 0, Sum: 0, Workers: 4
[12.743s][debug][gc,phases      ] GC(28)     Total                          Min: 0, Avg: 84.0, Max: 128, Diff: 128, Sum: 336, Workers: 4
[12.743s][debug][gc,phases      ] GC(28)   JVMTI Tag Weak OopStorage      Min:  0.0, Avg:  0.0, Max:  0.0, Diff:  0.0, Sum:  0.0, Workers: 4
[12.743s][debug][gc,phases      ] GC(28)     Dead                           Min: 0, Avg:  0.0, Max: 0, Diff: 0, Sum: 0, Workers: 4
[12.743s][debug][gc,phases      ] GC(28)     Total                          Min: 0, Avg:  0.0, Max: 0, Diff: 0, Sum: 0, Workers: 4
[12.743s][debug][gc,phases      ] GC(28)   StringTable Weak               Min:  0.1, Avg:  0.1, Max:  0.1, Diff:  0.0, Sum:  0.5, Workers: 4
[12.743s][debug][gc,phases      ] GC(28)     Dead                           Min: 0, Avg:  0.0, Max: 0, Diff: 0, Sum: 0, Workers: 4
[12.743s][debug][gc,phases      ] GC(28)     Total                          Min: 10233, Avg: 10571.5, Max: 10869, Diff: 636, Sum: 42286, Workers: 4
[12.743s][debug][gc,phases      ] GC(28)   ResolvedMethodTable Weak       Min:  0.0, Avg:  0.0, Max:  0.0, Diff:  0.0, Sum:  0.1, Workers: 4
[12.743s][debug][gc,phases      ] GC(28)     Dead                           Min: 0, Avg:  0.2, Max: 1, Diff: 1, Sum: 1, Workers: 4
[12.743s][debug][gc,phases      ] GC(28)     Total                          Min: 1518, Avg: 1690.8, Max: 1856, Diff: 338, Sum: 6763, Workers: 4
[12.743s][debug][gc,phases      ] GC(28)   JNI Weak                       Min:  0.0, Avg:  0.0, Max:  0.0, Diff:  0.0, Sum:  0.0, Workers: 4
[12.743s][debug][gc,phases      ] GC(28)     Dead                           Min: 0, Avg:  0.0, Max: 0, Diff: 0, Sum: 0, Workers: 4
[12.743s][debug][gc,phases      ] GC(28)     Total                          Min: 0, Avg:  0.0, Max: 0, Diff: 0, Sum: 0, Workers: 4
[12.743s][debug][gc,phases      ] GC(28)   StringDedup Table Weak         Min:  0.0, Avg:  0.0, Max:  0.0, Diff:  0.0, Sum:  0.0, Workers: 4
[12.743s][debug][gc,phases      ] GC(28)     Dead                           Min: 0, Avg:  0.0, Max: 0, Diff: 0, Sum: 0, Workers: 4
[12.743s][debug][gc,phases      ] GC(28)     Total                          Min: 0, Avg:  0.0, Max: 0, Diff: 0, Sum: 0, Workers: 4
[12.743s][debug][gc,phases      ] GC(28)   StringDedup Requests0 Weak     Min:  0.0, Avg:  0.0, Max:  0.0, Diff:  0.0, Sum:  0.0, Workers: 4
[12.743s][debug][gc,phases      ] GC(28)     Dead                           Min: 0, Avg:  0.0, Max: 0, Diff: 0, Sum: 0, Workers: 4
[12.743s][debug][gc,phases      ] GC(28)     Total                          Min: 0, Avg:  0.0, Max: 0, Diff: 0, Sum: 0, Workers: 4
[12.743s][debug][gc,phases      ] GC(28)   StringDedup Requests1 Weak     Min:  0.0, Avg:  0.0, Max:  0.0, Diff:  0.0, Sum:  0.0, Workers: 4
[12.743s][debug][gc,phases      ] GC(28)     Dead                           Min: 0, Avg:  0.0, Max: 0, Diff: 0, Sum: 0, Workers: 4
[12.743s][debug][gc,phases      ] GC(28)     Total                          Min: 0, Avg:  0.0, Max: 0, Diff: 0, Sum: 0, Workers: 4
[12.743s][debug][gc,phases      ] GC(28)   Weak JFR Old Object Samples    Min:  0.0, Avg:  0.0, Max:  0.0, Diff:  0.0, Sum:  0.0, Workers: 4
[12.743s][debug][gc,phases      ] GC(28)     Dead                           Min: 0, Avg:  0.0, Max: 0, Diff: 0, Sum: 0, Workers: 4
[12.743s][debug][gc,phases      ] GC(28)     Total                          Min: 0, Avg:  0.0, Max: 0, Diff: 0, Sum: 0, Workers: 4
[12.743s][debug][gc,phases      ] GC(28) Weak Processing 0.291ms
[12.743s][debug][gc,phases      ] GC(28) ClassLoaderData 0.071ms
[12.743s][debug][gc,phases      ] GC(28) Trigger cleanups 0.000ms
[12.751s][debug][gc,phases      ] GC(28) Class Unloading 7.305ms
[12.751s][info ][gc,phases      ] GC(28) Marking Phase 137.904ms
[12.751s][info ][gc,phases,start] GC(28) Summary Phase
[12.751s][info ][gc,phases      ] GC(28) Summary Phase 0.020ms
[12.751s][info ][gc,phases,start] GC(28) Adjust Roots
[12.759s][info ][gc,phases      ] GC(28) Adjust Roots 8.716ms
[12.759s][info ][gc,phases,start] GC(28) Compaction Phase
[13.227s][info ][gc,phases      ] GC(28) Compaction Phase 467.417ms
[13.227s][info ][gc,phases,start] GC(28) Post Compact
[13.228s][info ][gc,phases      ] GC(28) Post Compact 1.408ms
[13.228s][info ][gc,heap        ] GC(28) PSYoungGen: 178686K(1754624K)->155381K(1754624K) Eden: 0K(1575936K)->0K(1575936K) From: 178686K(178688K)->155381K(178688K)
[13.228s][info ][gc,heap        ] GC(28) ParOldGen: 251202K(272896K)->272832K(350208K)
[13.228s][info ][gc,metaspace   ] GC(28) Metaspace: 66439K(67200K)->66439K(67200K) NonClass: 56684K(57088K)->56684K(57088K) Class: 9754K(10112K)->9754K(10112K)
[13.228s][info ][gc             ] GC(28) Pause Full (Ergonomics) 419M->418M(2055M) 615.669ms
[13.228s][info ][gc,cpu         ] GC(28) User=2.39s Sys=0.00s Real=0.61s
[13.229s][info ][safepoint      ] Safepoint "ParallelGCFailedAllocation", Time since last: 329924647 ns, Reaching safepoint: 109501 ns, At safepoint: 730235437 ns, Total: 730344938 ns
[13.485s][info ][gc,start       ] GC(29) Pause Young (Allocation Failure)
[13.633s][debug][gc,phases      ] GC(29) Scavenge 147.982ms
[13.633s][debug][gc,ref         ] GC(29) Skipped phase 1 of Reference Processing: no references
[13.633s][debug][gc,ref         ] GC(29) ReferenceProcessor::execute queues: 1, RefProcThreadModel::Single, marks_oops_alive: false
[13.633s][debug][gc,ref         ] GC(29) Skipped phase 3 of Reference Processing: no references
[13.633s][debug][gc,ref         ] GC(29) ReferenceProcessor::execute queues: 1, RefProcThreadModel::Single, marks_oops_alive: false
[13.633s][debug][gc,phases      ] GC(29) Reference Processing 0.101ms
[13.634s][debug][gc,phases      ] GC(29)   VM Weak                        Min:  0.0, Avg:  0.0, Max:  0.0, Diff:  0.0, Sum:  0.0, Workers: 4
[13.634s][debug][gc,phases      ] GC(29)     Dead                           Min: 0, Avg:  0.0, Max: 0, Diff: 0, Sum: 0, Workers: 4
[13.634s][debug][gc,phases      ] GC(29)     Total                          Min: 0, Avg: 142.5, Max: 320, Diff: 320, Sum: 570, Workers: 4
[13.634s][debug][gc,phases      ] GC(29)   ObjectSynchronizer Weak        Min:  0.0, Avg:  0.0, Max:  0.0, Diff:  0.0, Sum:  0.0, Workers: 4
[13.634s][debug][gc,phases      ] GC(29)     Dead                           Min: 0, Avg:  0.0, Max: 0, Diff: 0, Sum: 0, Workers: 4
[13.634s][debug][gc,phases      ] GC(29)     Total                          Min: 0, Avg: 84.0, Max: 192, Diff: 192, Sum: 336, Workers: 4
[13.634s][debug][gc,phases      ] GC(29)   JVMTI Tag Weak OopStorage      Min:  0.0, Avg:  0.0, Max:  0.0, Diff:  0.0, Sum:  0.0, Workers: 4
[13.634s][debug][gc,phases      ] GC(29)     Dead                           Min: 0, Avg:  0.0, Max: 0, Diff: 0, Sum: 0, Workers: 4
[13.634s][debug][gc,phases      ] GC(29)     Total                          Min: 0, Avg:  0.0, Max: 0, Diff: 0, Sum: 0, Workers: 4
[13.634s][debug][gc,phases      ] GC(29)   StringTable Weak               Min:  0.1, Avg:  0.1, Max:  0.1, Diff:  0.0, Sum:  0.3, Workers: 4
[13.634s][debug][gc,phases      ] GC(29)     Dead                           Min: 0, Avg:  3.5, Max: 11, Diff: 11, Sum: 14, Workers: 4
[13.634s][debug][gc,phases      ] GC(29)     Total                          Min: 10303, Avg: 10583.8, Max: 11104, Diff: 801, Sum: 42335, Workers: 4
[13.634s][debug][gc,phases      ] GC(29)   ResolvedMethodTable Weak       Min:  0.0, Avg:  0.0, Max:  0.0, Diff:  0.0, Sum:  0.0, Workers: 4
[13.634s][debug][gc,phases      ] GC(29)     Dead                           Min: 0, Avg:  4.0, Max: 12, Diff: 12, Sum: 16, Workers: 4
[13.634s][debug][gc,phases      ] GC(29)     Total                          Min: 1216, Avg: 1699.5, Max: 2063, Diff: 847, Sum: 6798, Workers: 4
[13.634s][debug][gc,phases      ] GC(29)   JNI Weak                       Min:  0.0, Avg:  0.0, Max:  0.0, Diff:  0.0, Sum:  0.0, Workers: 4
[13.634s][debug][gc,phases      ] GC(29)     Dead                           Min: 0, Avg:  0.0, Max: 0, Diff: 0, Sum: 0, Workers: 4
[13.634s][debug][gc,phases      ] GC(29)     Total                          Min: 0, Avg:  0.0, Max: 0, Diff: 0, Sum: 0, Workers: 4
[13.634s][debug][gc,phases      ] GC(29)   StringDedup Table Weak         Min:  0.0, Avg:  0.0, Max:  0.0, Diff:  0.0, Sum:  0.0, Workers: 4
[13.634s][debug][gc,phases      ] GC(29)     Dead                           Min: 0, Avg:  0.0, Max: 0, Diff: 0, Sum: 0, Workers: 4
[13.634s][debug][gc,phases      ] GC(29)     Total                          Min: 0, Avg:  0.0, Max: 0, Diff: 0, Sum: 0, Workers: 4
[13.634s][debug][gc,phases      ] GC(29)   StringDedup Requests0 Weak     Min:  0.0, Avg:  0.0, Max:  0.0, Diff:  0.0, Sum:  0.0, Workers: 4
[13.634s][debug][gc,phases      ] GC(29)     Dead                           Min: 0, Avg:  0.0, Max: 0, Diff: 0, Sum: 0, Workers: 4
[13.634s][debug][gc,phases      ] GC(29)     Total                          Min: 0, Avg:  0.0, Max: 0, Diff: 0, Sum: 0, Workers: 4
[13.634s][debug][gc,phases      ] GC(29)   StringDedup Requests1 Weak     Min:  0.0, Avg:  0.0, Max:  0.0, Diff:  0.0, Sum:  0.0, Workers: 4
[13.634s][debug][gc,phases      ] GC(29)     Dead                           Min: 0, Avg:  0.0, Max: 0, Diff: 0, Sum: 0, Workers: 4
[13.634s][debug][gc,phases      ] GC(29)     Total                          Min: 0, Avg:  0.0, Max: 0, Diff: 0, Sum: 0, Workers: 4
[13.634s][debug][gc,phases      ] GC(29)   Weak JFR Old Object Samples    Min:  0.0, Avg:  0.0, Max:  0.0, Diff:  0.0, Sum:  0.0, Workers: 4
[13.634s][debug][gc,phases      ] GC(29)     Dead                           Min: 0, Avg:  0.0, Max: 0, Diff: 0, Sum: 0, Workers: 4
[13.634s][debug][gc,phases      ] GC(29)     Total                          Min: 0, Avg:  0.0, Max: 0, Diff: 0, Sum: 0, Workers: 4
[13.634s][debug][gc,phases      ] GC(29) Weak Processing 0.241ms
[13.634s][debug][gc,age         ] GC(29) Desired survivor size 312475648 bytes, new threshold 14 (max threshold 15)
[13.634s][info ][gc,heap        ] GC(29) PSYoungGen: 1731317K(1754624K)->253392K(1829376K) Eden: 1575936K(1575936K)->0K(1575936K) From: 155381K(178688K)->253392K(253440K)
[13.634s][info ][gc,heap        ] GC(29) ParOldGen: 272832K(350208K)->275668K(350208K)
[13.634s][info ][gc,metaspace   ] GC(29) Metaspace: 66584K(67328K)->66584K(67328K) NonClass: 56808K(57216K)->56808K(57216K) Class: 9776K(10112K)->9776K(10112K)
[13.634s][info ][gc             ] GC(29) Pause Young (Allocation Failure) 1957M->516M(2128M) 148.446ms
[13.634s][info ][gc,cpu         ] GC(29) User=0.59s Sys=0.00s Real=0.15s
[13.634s][info ][safepoint      ] Safepoint "ParallelGCFailedAllocation", Time since last: 254654466 ns, Reaching safepoint: 2119517 ns, At safepoint: 148533646 ns, Total: 150653163 ns
[13.766s][info ][safepoint      ] Safepoint "ICBufferFull", Time since last: 131929419 ns, Reaching safepoint: 144401 ns, At safepoint: 27400 ns, Total: 171801 ns
[13.783s][info ][safepoint      ] Safepoint "ICBufferFull", Time since last: 16879530 ns, Reaching safepoint: 105401 ns, At safepoint: 25200 ns, Total: 130601 ns
[13.795s][info ][safepoint      ] Safepoint "ICBufferFull", Time since last: 11854192 ns, Reaching safepoint: 103200 ns, At safepoint: 26901 ns, Total: 130101 ns
[13.806s][info ][safepoint      ] Safepoint "ICBufferFull", Time since last: 10826583 ns, Reaching safepoint: 90401 ns, At safepoint: 27300 ns, Total: 117701 ns
[13.824s][info ][safepoint      ] Safepoint "ICBufferFull", Time since last: 17986139 ns, Reaching safepoint: 118401 ns, At safepoint: 25800 ns, Total: 144201 ns
[13.857s][info ][safepoint      ] Safepoint "ICBufferFull", Time since last: 33225557 ns, Reaching safepoint: 140301 ns, At safepoint: 29900 ns, Total: 170201 ns
[13.883s][info ][safepoint      ] Safepoint "ICBufferFull", Time since last: 25563797 ns, Reaching safepoint: 134501 ns, At safepoint: 31501 ns, Total: 166002 ns
[13.914s][info ][safepoint      ] Safepoint "ICBufferFull", Time since last: 28881022 ns, Reaching safepoint: 2178517 ns, At safepoint: 28100 ns, Total: 2206617 ns
[13.930s][info ][safepoint      ] Safepoint "ICBufferFull", Time since last: 15923423 ns, Reaching safepoint: 101901 ns, At safepoint: 30200 ns, Total: 132101 ns
[13.930s][info ][gc,start       ] GC(30) Pause Young (Allocation Failure)
[14.013s][debug][gc,phases      ] GC(30) Scavenge 82.971ms
[14.013s][debug][gc,ref         ] GC(30) Skipped phase 1 of Reference Processing: no references
[14.014s][debug][gc,ref         ] GC(30) ReferenceProcessor::execute queues: 1, RefProcThreadModel::Single, marks_oops_alive: false
[14.014s][debug][gc,ref         ] GC(30) Skipped phase 3 of Reference Processing: no references
[14.014s][debug][gc,ref         ] GC(30) ReferenceProcessor::execute queues: 1, RefProcThreadModel::Single, marks_oops_alive: false
[14.014s][debug][gc,phases      ] GC(30) Reference Processing 0.117ms
[14.014s][debug][gc,phases      ] GC(30)   VM Weak                        Min:  0.0, Avg:  0.0, Max:  0.0, Diff:  0.0, Sum:  0.0, Workers: 4
[14.014s][debug][gc,phases      ] GC(30)     Dead                           Min: 0, Avg:  0.0, Max: 0, Diff: 0, Sum: 0, Workers: 4
[14.014s][debug][gc,phases      ] GC(30)     Total                          Min: 0, Avg: 144.2, Max: 321, Diff: 321, Sum: 577, Workers: 4
[14.014s][debug][gc,phases      ] GC(30)   ObjectSynchronizer Weak        Min:  0.0, Avg:  0.0, Max:  0.0, Diff:  0.0, Sum:  0.0, Workers: 4
[14.014s][debug][gc,phases      ] GC(30)     Dead                           Min: 0, Avg:  0.0, Max: 0, Diff: 0, Sum: 0, Workers: 4
[14.014s][debug][gc,phases      ] GC(30)     Total                          Min: 0, Avg: 84.0, Max: 128, Diff: 128, Sum: 336, Workers: 4
[14.014s][debug][gc,phases      ] GC(30)   JVMTI Tag Weak OopStorage      Min:  0.0, Avg:  0.0, Max:  0.0, Diff:  0.0, Sum:  0.0, Workers: 4
[14.014s][debug][gc,phases      ] GC(30)     Dead                           Min: 0, Avg:  0.0, Max: 0, Diff: 0, Sum: 0, Workers: 4
[14.014s][debug][gc,phases      ] GC(30)     Total                          Min: 0, Avg:  0.0, Max: 0, Diff: 0, Sum: 0, Workers: 4
[14.014s][debug][gc,phases      ] GC(30)   StringTable Weak               Min:  0.1, Avg:  0.1, Max:  0.1, Diff:  0.0, Sum:  0.3, Workers: 4
[14.014s][debug][gc,phases      ] GC(30)     Dead                           Min: 0, Avg:  3.5, Max: 12, Diff: 12, Sum: 14, Workers: 4
[14.014s][debug][gc,phases      ] GC(30)     Total                          Min: 7680, Avg: 10622.8, Max: 12096, Diff: 4416, Sum: 42491, Workers: 4
[14.014s][debug][gc,phases      ] GC(30)   ResolvedMethodTable Weak       Min:  0.0, Avg:  0.0, Max:  0.0, Diff:  0.0, Sum:  0.1, Workers: 4
[14.014s][debug][gc,phases      ] GC(30)     Dead                           Min: 0, Avg:  7.0, Max: 19, Diff: 19, Sum: 28, Workers: 4
[14.014s][debug][gc,phases      ] GC(30)     Total                          Min: 1280, Avg: 1730.0, Max: 1984, Diff: 704, Sum: 6920, Workers: 4
[14.014s][debug][gc,phases      ] GC(30)   JNI Weak                       Min:  0.0, Avg:  0.0, Max:  0.0, Diff:  0.0, Sum:  0.0, Workers: 4
[14.014s][debug][gc,phases      ] GC(30)     Dead                           Min: 0, Avg:  0.0, Max: 0, Diff: 0, Sum: 0, Workers: 4
[14.014s][debug][gc,phases      ] GC(30)     Total                          Min: 0, Avg:  0.0, Max: 0, Diff: 0, Sum: 0, Workers: 4
[14.014s][debug][gc,phases      ] GC(30)   StringDedup Table Weak         Min:  0.0, Avg:  0.0, Max:  0.0, Diff:  0.0, Sum:  0.0, Workers: 4
[14.014s][debug][gc,phases      ] GC(30)     Dead                           Min: 0, Avg:  0.0, Max: 0, Diff: 0, Sum: 0, Workers: 4
[14.014s][debug][gc,phases      ] GC(30)     Total                          Min: 0, Avg:  0.0, Max: 0, Diff: 0, Sum: 0, Workers: 4
[14.014s][debug][gc,phases      ] GC(30)   StringDedup Requests0 Weak     Min:  0.0, Avg:  0.0, Max:  0.0, Diff:  0.0, Sum:  0.0, Workers: 4
[14.014s][debug][gc,phases      ] GC(30)     Dead                           Min: 0, Avg:  0.0, Max: 0, Diff: 0, Sum: 0, Workers: 4
[14.014s][debug][gc,phases      ] GC(30)     Total                          Min: 0, Avg:  0.0, Max: 0, Diff: 0, Sum: 0, Workers: 4
[14.014s][debug][gc,phases      ] GC(30)   StringDedup Requests1 Weak     Min:  0.0, Avg:  0.0, Max:  0.0, Diff:  0.0, Sum:  0.0, Workers: 4
[14.014s][debug][gc,phases      ] GC(30)     Dead                           Min: 0, Avg:  0.0, Max: 0, Diff: 0, Sum: 0, Workers: 4
[14.014s][debug][gc,phases      ] GC(30)     Total                          Min: 0, Avg:  0.0, Max: 0, Diff: 0, Sum: 0, Workers: 4
[14.014s][debug][gc,phases      ] GC(30)   Weak JFR Old Object Samples    Min:  0.0, Avg:  0.0, Max:  0.0, Diff:  0.0, Sum:  0.0, Workers: 4
[14.014s][debug][gc,phases      ] GC(30)     Dead                           Min: 0, Avg:  0.0, Max: 0, Diff: 0, Sum: 0, Workers: 4
[14.014s][debug][gc,phases      ] GC(30)     Total                          Min: 0, Avg:  0.0, Max: 0, Diff: 0, Sum: 0, Workers: 4
[14.014s][debug][gc,phases      ] GC(30) Weak Processing 0.236ms
[14.014s][debug][gc,age         ] GC(30) Desired survivor size 348127232 bytes, new threshold 15 (max threshold 15)
[14.014s][info ][gc,heap        ] GC(30) PSYoungGen: 1829328K(1829376K)->252624K(1684992K) Eden: 1575935K(1575936K)->0K(1417216K) From: 253392K(253440K)->252624K(267776K)
[14.014s][info ][gc,heap        ] GC(30) ParOldGen: 275668K(350208K)->275676K(350208K)
[14.014s][info ][gc,metaspace   ] GC(30) Metaspace: 67189K(67968K)->67189K(67968K) NonClass: 57328K(57728K)->57328K(57728K) Class: 9860K(10240K)->9860K(10240K)
[14.014s][info ][gc             ] GC(30) Pause Young (Allocation Failure) 2055M->515M(1987M) 83.422ms
[14.014s][info ][gc,cpu         ] GC(30) User=0.32s Sys=0.01s Real=0.08s
[14.014s][info ][safepoint      ] Safepoint "ParallelGCFailedAllocation", Time since last: 111001 ns, Reaching safepoint: 65201 ns, At safepoint: 83512044 ns, Total: 83577245 ns
[14.046s][info ][safepoint      ] Safepoint "ICBufferFull", Time since last: 31494543 ns, Reaching safepoint: 123301 ns, At safepoint: 25201 ns, Total: 148502 ns
[14.062s][info ][safepoint      ] Safepoint "ICBufferFull", Time since last: 16030623 ns, Reaching safepoint: 114201 ns, At safepoint: 20100 ns, Total: 134301 ns
[14.087s][info ][safepoint      ] Safepoint "ICBufferFull", Time since last: 25053894 ns, Reaching safepoint: 109501 ns, At safepoint: 25700 ns, Total: 135201 ns
[14.098s][info ][safepoint      ] Safepoint "ICBufferFull", Time since last: 10600382 ns, Reaching safepoint: 108100 ns, At safepoint: 28501 ns, Total: 136601 ns
[14.110s][info ][safepoint      ] Safepoint "ICBufferFull", Time since last: 12573397 ns, Reaching safepoint: 99000 ns, At safepoint: 24501 ns, Total: 123501 ns
[14.139s][info ][safepoint      ] Safepoint "ICBufferFull", Time since last: 28882323 ns, Reaching safepoint: 109600 ns, At safepoint: 24701 ns, Total: 134301 ns
[14.159s][info ][safepoint      ] Safepoint "ICBufferFull", Time since last: 19299848 ns, Reaching safepoint: 99501 ns, At safepoint: 32001 ns, Total: 131502 ns
[14.166s][info ][safepoint      ] Safepoint "ICBufferFull", Time since last: 6564550 ns, Reaching safepoint: 577605 ns, At safepoint: 23700 ns, Total: 601305 ns
[14.183s][info ][safepoint      ] Safepoint "ICBufferFull", Time since last: 17374134 ns, Reaching safepoint: 100101 ns, At safepoint: 27600 ns, Total: 127701 ns
[14.192s][info ][safepoint      ] Safepoint "ICBufferFull", Time since last: 8380065 ns, Reaching safepoint: 102300 ns, At safepoint: 28401 ns, Total: 130701 ns
[14.200s][info ][safepoint      ] Safepoint "ICBufferFull", Time since last: 7349156 ns, Reaching safepoint: 385503 ns, At safepoint: 24200 ns, Total: 409703 ns
[14.228s][info ][safepoint      ] Safepoint "ICBufferFull", Time since last: 28239818 ns, Reaching safepoint: 112701 ns, At safepoint: 41701 ns, Total: 154402 ns
[14.241s][info ][safepoint      ] Safepoint "ICBufferFull", Time since last: 12969800 ns, Reaching safepoint: 107501 ns, At safepoint: 29500 ns, Total: 137001 ns
[14.253s][info ][safepoint      ] Safepoint "ICBufferFull", Time since last: 11794391 ns, Reaching safepoint: 111201 ns, At safepoint: 26900 ns, Total: 138101 ns
[14.261s][info ][safepoint      ] Safepoint "ICBufferFull", Time since last: 7280956 ns, Reaching safepoint: 101001 ns, At safepoint: 22700 ns, Total: 123701 ns
[14.269s][info ][safepoint      ] Safepoint "ICBufferFull", Time since last: 8639167 ns, Reaching safepoint: 200101 ns, At safepoint: 26300 ns, Total: 226401 ns
[14.292s][info ][safepoint      ] Safepoint "ICBufferFull", Time since last: 22686976 ns, Reaching safepoint: 117100 ns, At safepoint: 25701 ns, Total: 142801 ns
[14.298s][info ][safepoint      ] Safepoint "ICBufferFull", Time since last: 5848645 ns, Reaching safepoint: 113101 ns, At safepoint: 23100 ns, Total: 136201 ns
[14.318s][info ][safepoint      ] Safepoint "ICBufferFull", Time since last: 16118224 ns, Reaching safepoint: 3147624 ns, At safepoint: 18101 ns, Total: 3165725 ns
[14.325s][info ][safepoint      ] Safepoint "ICBufferFull", Time since last: 5280040 ns, Reaching safepoint: 2130717 ns, At safepoint: 44300 ns, Total: 2175017 ns
[14.336s][info ][safepoint      ] Safepoint "ICBufferFull", Time since last: 11013185 ns, Reaching safepoint: 106701 ns, At safepoint: 26200 ns, Total: 132901 ns
[14.342s][info ][safepoint      ] Safepoint "ICBufferFull", Time since last: 5392242 ns, Reaching safepoint: 109201 ns, At safepoint: 22300 ns, Total: 131501 ns
[14.357s][info ][safepoint      ] Safepoint "ICBufferFull", Time since last: 14760214 ns, Reaching safepoint: 103401 ns, At safepoint: 26700 ns, Total: 130101 ns
[14.366s][info ][safepoint      ] Safepoint "ICBufferFull", Time since last: 6031846 ns, Reaching safepoint: 3192025 ns, At safepoint: 22200 ns, Total: 3214225 ns
[14.379s][info ][gc,start       ] GC(31) Pause Young (Allocation Failure)
[14.480s][debug][gc,phases      ] GC(31) Scavenge 100.799ms
[14.480s][debug][gc,ref         ] GC(31) Skipped phase 1 of Reference Processing: no references
[14.480s][debug][gc,ref         ] GC(31) ReferenceProcessor::execute queues: 1, RefProcThreadModel::Single, marks_oops_alive: false
[14.480s][debug][gc,ref         ] GC(31) Skipped phase 3 of Reference Processing: no references
[14.480s][debug][gc,ref         ] GC(31) ReferenceProcessor::execute queues: 1, RefProcThreadModel::Single, marks_oops_alive: false
[14.480s][debug][gc,phases      ] GC(31) Reference Processing 0.089ms
[14.480s][debug][gc,phases      ] GC(31)   VM Weak                        Min:  0.0, Avg:  0.0, Max:  0.0, Diff:  0.0, Sum:  0.0, Workers: 4
[14.480s][debug][gc,phases      ] GC(31)     Dead                           Min: 0, Avg:  0.0, Max: 0, Diff: 0, Sum: 0, Workers: 4
[14.480s][debug][gc,phases      ] GC(31)     Total                          Min: 0, Avg: 144.2, Max: 577, Diff: 577, Sum: 577, Workers: 4
[14.480s][debug][gc,phases      ] GC(31)   ObjectSynchronizer Weak        Min:  0.0, Avg:  0.0, Max:  0.0, Diff:  0.0, Sum:  0.0, Workers: 4
[14.480s][debug][gc,phases      ] GC(31)     Dead                           Min: 0, Avg:  0.0, Max: 0, Diff: 0, Sum: 0, Workers: 4
[14.480s][debug][gc,phases      ] GC(31)     Total                          Min: 0, Avg: 84.0, Max: 192, Diff: 192, Sum: 336, Workers: 4
[14.480s][debug][gc,phases      ] GC(31)   JVMTI Tag Weak OopStorage      Min:  0.0, Avg:  0.0, Max:  0.0, Diff:  0.0, Sum:  0.0, Workers: 4
[14.480s][debug][gc,phases      ] GC(31)     Dead                           Min: 0, Avg:  0.0, Max: 0, Diff: 0, Sum: 0, Workers: 4
[14.480s][debug][gc,phases      ] GC(31)     Total                          Min: 0, Avg:  0.0, Max: 0, Diff: 0, Sum: 0, Workers: 4
[14.480s][debug][gc,phases      ] GC(31)   StringTable Weak               Min:  0.1, Avg:  0.1, Max:  0.1, Diff:  0.0, Sum:  0.3, Workers: 4
[14.480s][debug][gc,phases      ] GC(31)     Dead                           Min: 0, Avg:  2.8, Max: 11, Diff: 11, Sum: 11, Workers: 4
[14.480s][debug][gc,phases      ] GC(31)     Total                          Min: 8832, Avg: 10630.8, Max: 12128, Diff: 3296, Sum: 42523, Workers: 4
[14.480s][debug][gc,phases      ] GC(31)   ResolvedMethodTable Weak       Min:  0.0, Avg:  0.0, Max:  0.0, Diff:  0.0, Sum:  0.0, Workers: 4
[14.480s][debug][gc,phases      ] GC(31)     Dead                           Min: 0, Avg:  0.0, Max: 0, Diff: 0, Sum: 0, Workers: 4
[14.480s][debug][gc,phases      ] GC(31)     Total                          Min: 1096, Avg: 1730.0, Max: 1984, Diff: 888, Sum: 6920, Workers: 4
[14.480s][debug][gc,phases      ] GC(31)   JNI Weak                       Min:  0.0, Avg:  0.0, Max:  0.0, Diff:  0.0, Sum:  0.0, Workers: 4
[14.480s][debug][gc,phases      ] GC(31)     Dead                           Min: 0, Avg:  0.0, Max: 0, Diff: 0, Sum: 0, Workers: 4
[14.480s][debug][gc,phases      ] GC(31)     Total                          Min: 0, Avg:  0.2, Max: 1, Diff: 1, Sum: 1, Workers: 4
[14.480s][debug][gc,phases      ] GC(31)   StringDedup Table Weak         Min:  0.0, Avg:  0.0, Max:  0.0, Diff:  0.0, Sum:  0.0, Workers: 4
[14.480s][debug][gc,phases      ] GC(31)     Dead                           Min: 0, Avg:  0.0, Max: 0, Diff: 0, Sum: 0, Workers: 4
[14.480s][debug][gc,phases      ] GC(31)     Total                          Min: 0, Avg:  0.0, Max: 0, Diff: 0, Sum: 0, Workers: 4
[14.480s][debug][gc,phases      ] GC(31)   StringDedup Requests0 Weak     Min:  0.0, Avg:  0.0, Max:  0.0, Diff:  0.0, Sum:  0.0, Workers: 4
[14.480s][debug][gc,phases      ] GC(31)     Dead                           Min: 0, Avg:  0.0, Max: 0, Diff: 0, Sum: 0, Workers: 4
[14.480s][debug][gc,phases      ] GC(31)     Total                          Min: 0, Avg:  0.0, Max: 0, Diff: 0, Sum: 0, Workers: 4
[14.480s][debug][gc,phases      ] GC(31)   StringDedup Requests1 Weak     Min:  0.0, Avg:  0.0, Max:  0.0, Diff:  0.0, Sum:  0.0, Workers: 4
[14.480s][debug][gc,phases      ] GC(31)     Dead                           Min: 0, Avg:  0.0, Max: 0, Diff: 0, Sum: 0, Workers: 4
[14.480s][debug][gc,phases      ] GC(31)     Total                          Min: 0, Avg:  0.0, Max: 0, Diff: 0, Sum: 0, Workers: 4
[14.480s][debug][gc,phases      ] GC(31)   Weak JFR Old Object Samples    Min:  0.0, Avg:  0.0, Max:  0.0, Diff:  0.0, Sum:  0.0, Workers: 4
[14.480s][debug][gc,phases      ] GC(31)     Dead                           Min: 0, Avg:  0.0, Max: 0, Diff: 0, Sum: 0, Workers: 4
[14.480s][debug][gc,phases      ] GC(31)     Total                          Min: 0, Avg:  0.0, Max: 0, Diff: 0, Sum: 0, Workers: 4
[14.480s][debug][gc,phases      ] GC(31) Weak Processing 0.238ms
[14.480s][debug][gc,age         ] GC(31) Desired survivor size 374865920 bytes, new threshold 15 (max threshold 15)
[14.480s][info ][gc,heap        ] GC(31) PSYoungGen: 1669840K(1684992K)->247824K(1665536K) Eden: 1417216K(1417216K)->0K(1417216K) From: 252624K(267776K)->247824K(248320K)
[14.480s][info ][gc,heap        ] GC(31) ParOldGen: 275676K(350208K)->275684K(350208K)
[14.480s][info ][gc,metaspace   ] GC(31) Metaspace: 67298K(68096K)->67298K(68096K) NonClass: 57437K(57856K)->57437K(57856K) Class: 9860K(10240K)->9860K(10240K)
[14.480s][info ][gc             ] GC(31) Pause Young (Allocation Failure) 1899M->511M(1968M) 101.236ms
[14.480s][info ][gc,cpu         ] GC(31) User=0.41s Sys=0.00s Real=0.10s
[14.480s][info ][safepoint      ] Safepoint "ParallelGCFailedAllocation", Time since last: 13079201 ns, Reaching safepoint: 105501 ns, At safepoint: 101330082 ns, Total: 101435583 ns
[14.702s][info ][safepoint      ] Safepoint "ParallelGCFailedAllocation", Time since last: 221260608 ns, Reaching safepoint: 188201 ns, At safepoint: 31200 ns, Total: 219401 ns
[14.702s][info ][gc,start       ] GC(32) Pause Young (GCLocker Initiated GC)
[14.785s][debug][gc,phases      ] GC(32) Scavenge 82.639ms
[14.785s][debug][gc,ref         ] GC(32) Skipped phase 1 of Reference Processing: no references
[14.785s][debug][gc,ref         ] GC(32) ReferenceProcessor::execute queues: 1, RefProcThreadModel::Single, marks_oops_alive: false
[14.785s][debug][gc,ref         ] GC(32) Skipped phase 3 of Reference Processing: no references
[14.785s][debug][gc,ref         ] GC(32) ReferenceProcessor::execute queues: 1, RefProcThreadModel::Single, marks_oops_alive: false
[14.785s][debug][gc,phases      ] GC(32) Reference Processing 0.116ms
[14.785s][debug][gc,phases      ] GC(32)   VM Weak                        Min:  0.0, Avg:  0.0, Max:  0.0, Diff:  0.0, Sum:  0.0, Workers: 4
[14.785s][debug][gc,phases      ] GC(32)     Dead                           Min: 0, Avg:  0.0, Max: 0, Diff: 0, Sum: 0, Workers: 4
[14.785s][debug][gc,phases      ] GC(32)     Total                          Min: 0, Avg: 145.0, Max: 580, Diff: 580, Sum: 580, Workers: 4
[14.785s][debug][gc,phases      ] GC(32)   ObjectSynchronizer Weak        Min:  0.0, Avg:  0.0, Max:  0.0, Diff:  0.0, Sum:  0.0, Workers: 4
[14.785s][debug][gc,phases      ] GC(32)     Dead                           Min: 0, Avg:  0.0, Max: 0, Diff: 0, Sum: 0, Workers: 4
[14.785s][debug][gc,phases      ] GC(32)     Total                          Min: 0, Avg: 84.0, Max: 144, Diff: 144, Sum: 336, Workers: 4
[14.785s][debug][gc,phases      ] GC(32)   JVMTI Tag Weak OopStorage      Min:  0.0, Avg:  0.0, Max:  0.0, Diff:  0.0, Sum:  0.0, Workers: 4
[14.785s][debug][gc,phases      ] GC(32)     Dead                           Min: 0, Avg:  0.0, Max: 0, Diff: 0, Sum: 0, Workers: 4
[14.785s][debug][gc,phases      ] GC(32)     Total                          Min: 0, Avg:  0.0, Max: 0, Diff: 0, Sum: 0, Workers: 4
[14.785s][debug][gc,phases      ] GC(32)   StringTable Weak               Min:  0.1, Avg:  0.1, Max:  0.1, Diff:  0.0, Sum:  0.3, Workers: 4
[14.785s][debug][gc,phases      ] GC(32)     Dead                           Min: 0, Avg:  0.0, Max: 0, Diff: 0, Sum: 0, Workers: 4
[14.785s][debug][gc,phases      ] GC(32)     Total                          Min: 9920, Avg: 10634.0, Max: 11584, Diff: 1664, Sum: 42536, Workers: 4
[14.785s][debug][gc,phases      ] GC(32)   ResolvedMethodTable Weak       Min:  0.0, Avg:  0.0, Max:  0.0, Diff:  0.0, Sum:  0.0, Workers: 4
[14.785s][debug][gc,phases      ] GC(32)     Dead                           Min: 0, Avg:  0.0, Max: 0, Diff: 0, Sum: 0, Workers: 4
[14.785s][debug][gc,phases      ] GC(32)     Total                          Min: 1664, Avg: 1732.5, Max: 1856, Diff: 192, Sum: 6930, Workers: 4
[14.785s][debug][gc,phases      ] GC(32)   JNI Weak                       Min:  0.0, Avg:  0.0, Max:  0.0, Diff:  0.0, Sum:  0.0, Workers: 4
[14.785s][debug][gc,phases      ] GC(32)     Dead                           Min: 0, Avg:  0.0, Max: 0, Diff: 0, Sum: 0, Workers: 4
[14.785s][debug][gc,phases      ] GC(32)     Total                          Min: 0, Avg:  2.8, Max: 11, Diff: 11, Sum: 11, Workers: 4
[14.785s][debug][gc,phases      ] GC(32)   StringDedup Table Weak         Min:  0.0, Avg:  0.0, Max:  0.0, Diff:  0.0, Sum:  0.0, Workers: 4
[14.785s][debug][gc,phases      ] GC(32)     Dead                           Min: 0, Avg:  0.0, Max: 0, Diff: 0, Sum: 0, Workers: 4
[14.785s][debug][gc,phases      ] GC(32)     Total                          Min: 0, Avg:  0.0, Max: 0, Diff: 0, Sum: 0, Workers: 4
[14.785s][debug][gc,phases      ] GC(32)   StringDedup Requests0 Weak     Min:  0.0, Avg:  0.0, Max:  0.0, Diff:  0.0, Sum:  0.0, Workers: 4
[14.785s][debug][gc,phases      ] GC(32)     Dead                           Min: 0, Avg:  0.0, Max: 0, Diff: 0, Sum: 0, Workers: 4
[14.785s][debug][gc,phases      ] GC(32)     Total                          Min: 0, Avg:  0.0, Max: 0, Diff: 0, Sum: 0, Workers: 4
[14.785s][debug][gc,phases      ] GC(32)   StringDedup Requests1 Weak     Min:  0.0, Avg:  0.0, Max:  0.0, Diff:  0.0, Sum:  0.0, Workers: 4
[14.785s][debug][gc,phases      ] GC(32)     Dead                           Min: 0, Avg:  0.0, Max: 0, Diff: 0, Sum: 0, Workers: 4
[14.785s][debug][gc,phases      ] GC(32)     Total                          Min: 0, Avg:  0.0, Max: 0, Diff: 0, Sum: 0, Workers: 4
[14.785s][debug][gc,phases      ] GC(32)   Weak JFR Old Object Samples    Min:  0.0, Avg:  0.0, Max:  0.0, Diff:  0.0, Sum:  0.0, Workers: 4
[14.785s][debug][gc,phases      ] GC(32)     Dead                           Min: 0, Avg:  0.0, Max: 0, Diff: 0, Sum: 0, Workers: 4
[14.785s][debug][gc,phases      ] GC(32)     Total                          Min: 0, Avg:  0.0, Max: 0, Diff: 0, Sum: 0, Workers: 4
[14.785s][debug][gc,phases      ] GC(32) Weak Processing 0.223ms
[14.785s][debug][gc,age         ] GC(32) Desired survivor size 393216000 bytes, new threshold 15 (max threshold 15)
[14.785s][info ][gc,heap        ] GC(32) PSYoungGen: 1665040K(1665536K)->243840K(1695232K) Eden: 1417216K(1417216K)->0K(1329152K) From: 247824K(248320K)->243840K(366080K)
[14.785s][info ][gc,heap        ] GC(32) ParOldGen: 275684K(350208K)->275692K(350208K)
[14.785s][info ][gc,metaspace   ] GC(32) Metaspace: 67390K(68224K)->67390K(68224K) NonClass: 57527K(57984K)->57527K(57984K) Class: 9863K(10240K)->9863K(10240K)
[14.785s][info ][gc             ] GC(32) Pause Young (GCLocker Initiated GC) 1895M->507M(1997M) 83.074ms
[14.785s][info ][gc,cpu         ] GC(32) User=0.33s Sys=0.00s Real=0.08s
[14.785s][info ][safepoint      ] Safepoint "ParallelGCSystemGC", Time since last: 51501 ns, Reaching safepoint: 95500 ns, At safepoint: 83161942 ns, Total: 83257442 ns
[15.054s][info ][gc,start       ] GC(33) Pause Young (Allocation Failure)
[15.163s][debug][gc,phases      ] GC(33) Scavenge 108.676ms
[15.163s][debug][gc,ref         ] GC(33) Skipped phase 1 of Reference Processing: no references
[15.163s][debug][gc,ref         ] GC(33) ReferenceProcessor::execute queues: 1, RefProcThreadModel::Single, marks_oops_alive: false
[15.163s][debug][gc,ref         ] GC(33) Skipped phase 3 of Reference Processing: no references
[15.163s][debug][gc,ref         ] GC(33) ReferenceProcessor::execute queues: 1, RefProcThreadModel::Single, marks_oops_alive: false
[15.163s][debug][gc,phases      ] GC(33) Reference Processing 0.107ms
[15.163s][debug][gc,phases      ] GC(33)   VM Weak                        Min:  0.0, Avg:  0.0, Max:  0.0, Diff:  0.0, Sum:  0.0, Workers: 4
[15.163s][debug][gc,phases      ] GC(33)     Dead                           Min: 0, Avg:  0.0, Max: 0, Diff: 0, Sum: 0, Workers: 4
[15.163s][debug][gc,phases      ] GC(33)     Total                          Min: 0, Avg: 145.0, Max: 320, Diff: 320, Sum: 580, Workers: 4
[15.163s][debug][gc,phases      ] GC(33)   ObjectSynchronizer Weak        Min:  0.0, Avg:  0.0, Max:  0.0, Diff:  0.0, Sum:  0.0, Workers: 4
[15.163s][debug][gc,phases      ] GC(33)     Dead                           Min: 0, Avg:  0.0, Max: 0, Diff: 0, Sum: 0, Workers: 4
[15.163s][debug][gc,phases      ] GC(33)     Total                          Min: 0, Avg: 84.0, Max: 144, Diff: 144, Sum: 336, Workers: 4
[15.163s][debug][gc,phases      ] GC(33)   JVMTI Tag Weak OopStorage      Min:  0.0, Avg:  0.0, Max:  0.0, Diff:  0.0, Sum:  0.0, Workers: 4
[15.163s][debug][gc,phases      ] GC(33)     Dead                           Min: 0, Avg:  0.0, Max: 0, Diff: 0, Sum: 0, Workers: 4
[15.163s][debug][gc,phases      ] GC(33)     Total                          Min: 0, Avg:  0.0, Max: 0, Diff: 0, Sum: 0, Workers: 4
[15.163s][debug][gc,phases      ] GC(33)   StringTable Weak               Min:  0.1, Avg:  0.1, Max:  0.1, Diff:  0.0, Sum:  0.4, Workers: 4
[15.163s][debug][gc,phases      ] GC(33)     Dead                           Min: 0, Avg:  2.8, Max: 11, Diff: 11, Sum: 11, Workers: 4
[15.163s][debug][gc,phases      ] GC(33)     Total                          Min: 9344, Avg: 10635.5, Max: 14062, Diff: 4718, Sum: 42542, Workers: 4
[15.163s][debug][gc,phases      ] GC(33)   ResolvedMethodTable Weak       Min:  0.0, Avg:  0.0, Max:  0.0, Diff:  0.0, Sum:  0.1, Workers: 4
[15.163s][debug][gc,phases      ] GC(33)     Dead                           Min: 0, Avg:  0.0, Max: 0, Diff: 0, Sum: 0, Workers: 4
[15.163s][debug][gc,phases      ] GC(33)     Total                          Min: 1536, Avg: 1732.5, Max: 1856, Diff: 320, Sum: 6930, Workers: 4
[15.163s][debug][gc,phases      ] GC(33)   JNI Weak                       Min:  0.0, Avg:  0.0, Max:  0.0, Diff:  0.0, Sum:  0.0, Workers: 4
[15.163s][debug][gc,phases      ] GC(33)     Dead                           Min: 0, Avg:  0.0, Max: 0, Diff: 0, Sum: 0, Workers: 4
[15.163s][debug][gc,phases      ] GC(33)     Total                          Min: 0, Avg:  1.8, Max: 7, Diff: 7, Sum: 7, Workers: 4
[15.163s][debug][gc,phases      ] GC(33)   StringDedup Table Weak         Min:  0.0, Avg:  0.0, Max:  0.0, Diff:  0.0, Sum:  0.0, Workers: 4
[15.163s][debug][gc,phases      ] GC(33)     Dead                           Min: 0, Avg:  0.0, Max: 0, Diff: 0, Sum: 0, Workers: 4
[15.163s][debug][gc,phases      ] GC(33)     Total                          Min: 0, Avg:  0.0, Max: 0, Diff: 0, Sum: 0, Workers: 4
[15.163s][debug][gc,phases      ] GC(33)   StringDedup Requests0 Weak     Min:  0.0, Avg:  0.0, Max:  0.0, Diff:  0.0, Sum:  0.0, Workers: 4
[15.163s][debug][gc,phases      ] GC(33)     Dead                           Min: 0, Avg:  0.0, Max: 0, Diff: 0, Sum: 0, Workers: 4
[15.163s][debug][gc,phases      ] GC(33)     Total                          Min: 0, Avg:  0.0, Max: 0, Diff: 0, Sum: 0, Workers: 4
[15.163s][debug][gc,phases      ] GC(33)   StringDedup Requests1 Weak     Min:  0.0, Avg:  0.0, Max:  0.0, Diff:  0.0, Sum:  0.0, Workers: 4
[15.163s][debug][gc,phases      ] GC(33)     Dead                           Min: 0, Avg:  0.0, Max: 0, Diff: 0, Sum: 0, Workers: 4
[15.163s][debug][gc,phases      ] GC(33)     Total                          Min: 0, Avg:  0.0, Max: 0, Diff: 0, Sum: 0, Workers: 4
[15.163s][debug][gc,phases      ] GC(33)   Weak JFR Old Object Samples    Min:  0.0, Avg:  0.0, Max:  0.0, Diff:  0.0, Sum:  0.0, Workers: 4
[15.163s][debug][gc,phases      ] GC(33)     Dead                           Min: 0, Avg:  0.0, Max: 0, Diff: 0, Sum: 0, Workers: 4
[15.163s][debug][gc,phases      ] GC(33)     Total                          Min: 0, Avg:  0.0, Max: 0, Diff: 0, Sum: 0, Workers: 4
[15.163s][debug][gc,phases      ] GC(33) Weak Processing 0.256ms
[15.163s][debug][gc,age         ] GC(33) Desired survivor size 404750336 bytes, new threshold 15 (max threshold 15)
[15.163s][info ][gc,heap        ] GC(33) PSYoungGen: 1572992K(1695232K)->237568K(1567232K) Eden: 1329152K(1329152K)->0K(1329152K) From: 243840K(366080K)->237568K(238080K)
[15.163s][info ][gc,heap        ] GC(33) ParOldGen: 275693K(350208K)->275701K(350208K)
[15.163s][info ][gc,metaspace   ] GC(33) Metaspace: 67454K(68224K)->67454K(68224K) NonClass: 57590K(57984K)->57590K(57984K) Class: 9863K(10240K)->9863K(10240K)
[15.163s][info ][gc             ] GC(33) Pause Young (Allocation Failure) 1805M->501M(1872M) 109.152ms
[15.163s][info ][gc,cpu         ] GC(33) User=0.44s Sys=0.00s Real=0.11s
[15.163s][info ][safepoint      ] Safepoint "ParallelGCFailedAllocation", Time since last: 268560273 ns, Reaching safepoint: 135601 ns, At safepoint: 109248943 ns, Total: 109384544 ns
[15.385s][info ][gc,start       ] GC(34) Pause Young (Allocation Failure)
[15.473s][debug][gc,phases      ] GC(34) Scavenge 88.821ms
[15.473s][debug][gc,ref         ] GC(34) Skipped phase 1 of Reference Processing: no references
[15.474s][debug][gc,ref         ] GC(34) ReferenceProcessor::execute queues: 1, RefProcThreadModel::Single, marks_oops_alive: false
[15.474s][debug][gc,ref         ] GC(34) Skipped phase 3 of Reference Processing: no references
[15.474s][debug][gc,ref         ] GC(34) ReferenceProcessor::execute queues: 1, RefProcThreadModel::Single, marks_oops_alive: false
[15.474s][debug][gc,phases      ] GC(34) Reference Processing 0.116ms
[15.474s][debug][gc,phases      ] GC(34)   VM Weak                        Min:  0.0, Avg:  0.0, Max:  0.0, Diff:  0.0, Sum:  0.0, Workers: 4
[15.474s][debug][gc,phases      ] GC(34)     Dead                           Min: 0, Avg:  0.0, Max: 0, Diff: 0, Sum: 0, Workers: 4
[15.474s][debug][gc,phases      ] GC(34)     Total                          Min: 0, Avg: 145.0, Max: 516, Diff: 516, Sum: 580, Workers: 4
[15.474s][debug][gc,phases      ] GC(34)   ObjectSynchronizer Weak        Min:  0.0, Avg:  0.0, Max:  0.0, Diff:  0.0, Sum:  0.0, Workers: 4
[15.474s][debug][gc,phases      ] GC(34)     Dead                           Min: 0, Avg:  0.0, Max: 0, Diff: 0, Sum: 0, Workers: 4
[15.474s][debug][gc,phases      ] GC(34)     Total                          Min: 0, Avg: 84.0, Max: 144, Diff: 144, Sum: 336, Workers: 4
[15.474s][debug][gc,phases      ] GC(34)   JVMTI Tag Weak OopStorage      Min:  0.0, Avg:  0.0, Max:  0.0, Diff:  0.0, Sum:  0.0, Workers: 4
[15.474s][debug][gc,phases      ] GC(34)     Dead                           Min: 0, Avg:  0.0, Max: 0, Diff: 0, Sum: 0, Workers: 4
[15.474s][debug][gc,phases      ] GC(34)     Total                          Min: 0, Avg:  0.0, Max: 0, Diff: 0, Sum: 0, Workers: 4
[15.474s][debug][gc,phases      ] GC(34)   StringTable Weak               Min:  0.1, Avg:  0.1, Max:  0.1, Diff:  0.0, Sum:  0.3, Workers: 4
[15.474s][debug][gc,phases      ] GC(34)     Dead                           Min: 0, Avg:  2.8, Max: 11, Diff: 11, Sum: 11, Workers: 4
[15.474s][debug][gc,phases      ] GC(34)     Total                          Min: 8448, Avg: 10638.0, Max: 13112, Diff: 4664, Sum: 42552, Workers: 4
[15.474s][debug][gc,phases      ] GC(34)   ResolvedMethodTable Weak       Min:  0.0, Avg:  0.0, Max:  0.0, Diff:  0.0, Sum:  0.1, Workers: 4
[15.474s][debug][gc,phases      ] GC(34)     Dead                           Min: 0, Avg:  0.0, Max: 0, Diff: 0, Sum: 0, Workers: 4
[15.474s][debug][gc,phases      ] GC(34)     Total                          Min: 1344, Avg: 1732.5, Max: 2130, Diff: 786, Sum: 6930, Workers: 4
[15.474s][debug][gc,phases      ] GC(34)   JNI Weak                       Min:  0.0, Avg:  0.0, Max:  0.0, Diff:  0.0, Sum:  0.0, Workers: 4
[15.474s][debug][gc,phases      ] GC(34)     Dead                           Min: 0, Avg:  0.0, Max: 0, Diff: 0, Sum: 0, Workers: 4
[15.474s][debug][gc,phases      ] GC(34)     Total                          Min: 0, Avg:  2.2, Max: 9, Diff: 9, Sum: 9, Workers: 4
[15.474s][debug][gc,phases      ] GC(34)   StringDedup Table Weak         Min:  0.0, Avg:  0.0, Max:  0.0, Diff:  0.0, Sum:  0.0, Workers: 4
[15.474s][debug][gc,phases      ] GC(34)     Dead                           Min: 0, Avg:  0.0, Max: 0, Diff: 0, Sum: 0, Workers: 4
[15.474s][debug][gc,phases      ] GC(34)     Total                          Min: 0, Avg:  0.0, Max: 0, Diff: 0, Sum: 0, Workers: 4
[15.474s][debug][gc,phases      ] GC(34)   StringDedup Requests0 Weak     Min:  0.0, Avg:  0.0, Max:  0.0, Diff:  0.0, Sum:  0.0, Workers: 4
[15.474s][debug][gc,phases      ] GC(34)     Dead                           Min: 0, Avg:  0.0, Max: 0, Diff: 0, Sum: 0, Workers: 4
[15.474s][debug][gc,phases      ] GC(34)     Total                          Min: 0, Avg:  0.0, Max: 0, Diff: 0, Sum: 0, Workers: 4
[15.474s][debug][gc,phases      ] GC(34)   StringDedup Requests1 Weak     Min:  0.0, Avg:  0.0, Max:  0.0, Diff:  0.0, Sum:  0.0, Workers: 4
[15.474s][debug][gc,phases      ] GC(34)     Dead                           Min: 0, Avg:  0.0, Max: 0, Diff: 0, Sum: 0, Workers: 4
[15.474s][debug][gc,phases      ] GC(34)     Total                          Min: 0, Avg:  0.0, Max: 0, Diff: 0, Sum: 0, Workers: 4
[15.474s][debug][gc,phases      ] GC(34)   Weak JFR Old Object Samples    Min:  0.0, Avg:  0.0, Max:  0.0, Diff:  0.0, Sum:  0.0, Workers: 4
[15.474s][debug][gc,phases      ] GC(34)     Dead                           Min: 0, Avg:  0.0, Max: 0, Diff: 0, Sum: 0, Workers: 4
[15.474s][debug][gc,phases      ] GC(34)     Total                          Min: 0, Avg:  0.0, Max: 0, Diff: 0, Sum: 0, Workers: 4
[15.474s][debug][gc,phases      ] GC(34) Weak Processing 0.257ms
[15.474s][debug][gc,age         ] GC(34) Desired survivor size 408944640 bytes, new threshold 15 (max threshold 15)
[15.474s][info ][gc,heap        ] GC(34) PSYoungGen: 1566720K(1567232K)->228480K(1693696K) Eden: 1329152K(1329152K)->0K(1298432K) From: 237568K(238080K)->228480K(395264K)
[15.474s][info ][gc,heap        ] GC(34) ParOldGen: 275701K(350208K)->275709K(350208K)
[15.474s][info ][gc,metaspace   ] GC(34) Metaspace: 67510K(68288K)->67510K(68288K) NonClass: 57645K(58048K)->57645K(58048K) Class: 9864K(10240K)->9864K(10240K)
[15.474s][info ][gc             ] GC(34) Pause Young (Allocation Failure) 1799M->492M(1996M) 89.306ms
[15.474s][info ][gc,cpu         ] GC(34) User=0.36s Sys=0.00s Real=0.09s
[15.474s][info ][safepoint      ] Safepoint "ParallelGCFailedAllocation", Time since last: 221289407 ns, Reaching safepoint: 149401 ns, At safepoint: 89402590 ns, Total: 89551991 ns
[15.774s][info ][gc,start       ] GC(35) Pause Young (Allocation Failure)
[15.873s][debug][gc,phases      ] GC(35) Scavenge 98.992ms
[15.873s][debug][gc,ref         ] GC(35) Skipped phase 1 of Reference Processing: no references
[15.873s][debug][gc,ref         ] GC(35) ReferenceProcessor::execute queues: 1, RefProcThreadModel::Single, marks_oops_alive: false
[15.873s][debug][gc,ref         ] GC(35) Skipped phase 3 of Reference Processing: no references
[15.873s][debug][gc,ref         ] GC(35) ReferenceProcessor::execute queues: 1, RefProcThreadModel::Single, marks_oops_alive: false
[15.873s][debug][gc,phases      ] GC(35) Reference Processing 0.129ms
[15.873s][debug][gc,phases      ] GC(35)   VM Weak                        Min:  0.0, Avg:  0.0, Max:  0.0, Diff:  0.0, Sum:  0.0, Workers: 4
[15.873s][debug][gc,phases      ] GC(35)     Dead                           Min: 0, Avg:  0.0, Max: 0, Diff: 0, Sum: 0, Workers: 4
[15.873s][debug][gc,phases      ] GC(35)     Total                          Min: 0, Avg: 146.2, Max: 585, Diff: 585, Sum: 585, Workers: 4
[15.873s][debug][gc,phases      ] GC(35)   ObjectSynchronizer Weak        Min:  0.0, Avg:  0.0, Max:  0.0, Diff:  0.0, Sum:  0.0, Workers: 4
[15.873s][debug][gc,phases      ] GC(35)     Dead                           Min: 0, Avg:  0.0, Max: 0, Diff: 0, Sum: 0, Workers: 4
[15.873s][debug][gc,phases      ] GC(35)     Total                          Min: 0, Avg: 84.0, Max: 272, Diff: 272, Sum: 336, Workers: 4
[15.873s][debug][gc,phases      ] GC(35)   JVMTI Tag Weak OopStorage      Min:  0.0, Avg:  0.0, Max:  0.0, Diff:  0.0, Sum:  0.0, Workers: 4
[15.873s][debug][gc,phases      ] GC(35)     Dead                           Min: 0, Avg:  0.0, Max: 0, Diff: 0, Sum: 0, Workers: 4
[15.873s][debug][gc,phases      ] GC(35)     Total                          Min: 0, Avg:  0.0, Max: 0, Diff: 0, Sum: 0, Workers: 4
[15.873s][debug][gc,phases      ] GC(35)   StringTable Weak               Min:  0.1, Avg:  0.1, Max:  0.1, Diff:  0.0, Sum:  0.4, Workers: 4
[15.873s][debug][gc,phases      ] GC(35)     Dead                           Min: 0, Avg:  0.0, Max: 0, Diff: 0, Sum: 0, Workers: 4
[15.873s][debug][gc,phases      ] GC(35)     Total                          Min: 9088, Avg: 10645.8, Max: 14400, Diff: 5312, Sum: 42583, Workers: 4
[15.873s][debug][gc,phases      ] GC(35)   ResolvedMethodTable Weak       Min:  0.0, Avg:  0.0, Max:  0.0, Diff:  0.0, Sum:  0.1, Workers: 4
[15.873s][debug][gc,phases      ] GC(35)     Dead                           Min: 0, Avg:  4.0, Max: 16, Diff: 16, Sum: 16, Workers: 4
[15.873s][debug][gc,phases      ] GC(35)     Total                          Min: 1408, Avg: 1743.5, Max: 2302, Diff: 894, Sum: 6974, Workers: 4
[15.873s][debug][gc,phases      ] GC(35)   JNI Weak                       Min:  0.0, Avg:  0.0, Max:  0.0, Diff:  0.0, Sum:  0.0, Workers: 4
[15.873s][debug][gc,phases      ] GC(35)     Dead                           Min: 0, Avg:  0.0, Max: 0, Diff: 0, Sum: 0, Workers: 4
[15.873s][debug][gc,phases      ] GC(35)     Total                          Min: 0, Avg:  0.8, Max: 3, Diff: 3, Sum: 3, Workers: 4
[15.873s][debug][gc,phases      ] GC(35)   StringDedup Table Weak         Min:  0.0, Avg:  0.0, Max:  0.0, Diff:  0.0, Sum:  0.0, Workers: 4
[15.873s][debug][gc,phases      ] GC(35)     Dead                           Min: 0, Avg:  0.0, Max: 0, Diff: 0, Sum: 0, Workers: 4
[15.873s][debug][gc,phases      ] GC(35)     Total                          Min: 0, Avg:  0.0, Max: 0, Diff: 0, Sum: 0, Workers: 4
[15.873s][debug][gc,phases      ] GC(35)   StringDedup Requests0 Weak     Min:  0.0, Avg:  0.0, Max:  0.0, Diff:  0.0, Sum:  0.0, Workers: 4
[15.873s][debug][gc,phases      ] GC(35)     Dead                           Min: 0, Avg:  0.0, Max: 0, Diff: 0, Sum: 0, Workers: 4
[15.873s][debug][gc,phases      ] GC(35)     Total                          Min: 0, Avg:  0.0, Max: 0, Diff: 0, Sum: 0, Workers: 4
[15.873s][debug][gc,phases      ] GC(35)   StringDedup Requests1 Weak     Min:  0.0, Avg:  0.0, Max:  0.0, Diff:  0.0, Sum:  0.0, Workers: 4
[15.873s][debug][gc,phases      ] GC(35)     Dead                           Min: 0, Avg:  0.0, Max: 0, Diff: 0, Sum: 0, Workers: 4
[15.873s][debug][gc,phases      ] GC(35)     Total                          Min: 0, Avg:  0.0, Max: 0, Diff: 0, Sum: 0, Workers: 4
[15.873s][debug][gc,phases      ] GC(35)   Weak JFR Old Object Samples    Min:  0.0, Avg:  0.0, Max:  0.0, Diff:  0.0, Sum:  0.0, Workers: 4
[15.873s][debug][gc,phases      ] GC(35)     Dead                           Min: 0, Avg:  0.0, Max: 0, Diff: 0, Sum: 0, Workers: 4
[15.873s][debug][gc,phases      ] GC(35)     Total                          Min: 0, Avg:  0.0, Max: 0, Diff: 0, Sum: 0, Workers: 4
[15.873s][debug][gc,phases      ] GC(35) Weak Processing 0.257ms
[15.873s][debug][gc,age         ] GC(35) Desired survivor size 406847488 bytes, new threshold 15 (max threshold 15)
[15.873s][info ][gc,heap        ] GC(35) PSYoungGen: 1526912K(1693696K)->219184K(1697792K) Eden: 1298432K(1298432K)->0K(1298432K) From: 228480K(395264K)->219184K(399360K)
[15.873s][info ][gc,heap        ] GC(35) ParOldGen: 275709K(350208K)->275717K(350208K)
[15.873s][info ][gc,metaspace   ] GC(35) Metaspace: 67668K(68416K)->67668K(68416K) NonClass: 57779K(58176K)->57779K(58176K) Class: 9888K(10240K)->9888K(10240K)
[15.873s][info ][gc             ] GC(35) Pause Young (Allocation Failure) 1760M->483M(2000M) 99.505ms
[15.873s][info ][gc,cpu         ] GC(35) User=0.42s Sys=0.00s Real=0.10s
[15.873s][info ][safepoint      ] Safepoint "ParallelGCFailedAllocation", Time since last: 299568812 ns, Reaching safepoint: 178401 ns, At safepoint: 99614369 ns, Total: 99792770 ns
[16.064s][info ][gc,start       ] GC(36) Pause Young (Allocation Failure)
[16.162s][debug][gc,phases      ] GC(36) Scavenge 97.922ms
[16.162s][debug][gc,ref         ] GC(36) Skipped phase 1 of Reference Processing: no references
[16.163s][debug][gc,ref         ] GC(36) ReferenceProcessor::execute queues: 1, RefProcThreadModel::Single, marks_oops_alive: false
[16.163s][debug][gc,ref         ] GC(36) Skipped phase 3 of Reference Processing: no references
[16.163s][debug][gc,ref         ] GC(36) ReferenceProcessor::execute queues: 1, RefProcThreadModel::Single, marks_oops_alive: false
[16.163s][debug][gc,phases      ] GC(36) Reference Processing 0.113ms
[16.163s][debug][gc,phases      ] GC(36)   VM Weak                        Min:  0.0, Avg:  0.0, Max:  0.0, Diff:  0.0, Sum:  0.0, Workers: 4
[16.163s][debug][gc,phases      ] GC(36)     Dead                           Min: 0, Avg:  0.0, Max: 0, Diff: 0, Sum: 0, Workers: 4
[16.163s][debug][gc,phases      ] GC(36)     Total                          Min: 0, Avg: 146.2, Max: 521, Diff: 521, Sum: 585, Workers: 4
[16.163s][debug][gc,phases      ] GC(36)   ObjectSynchronizer Weak        Min:  0.0, Avg:  0.0, Max:  0.0, Diff:  0.0, Sum:  0.0, Workers: 4
[16.163s][debug][gc,phases      ] GC(36)     Dead                           Min: 0, Avg:  0.0, Max: 0, Diff: 0, Sum: 0, Workers: 4
[16.163s][debug][gc,phases      ] GC(36)     Total                          Min: 0, Avg: 84.0, Max: 208, Diff: 208, Sum: 336, Workers: 4
[16.163s][debug][gc,phases      ] GC(36)   JVMTI Tag Weak OopStorage      Min:  0.0, Avg:  0.0, Max:  0.0, Diff:  0.0, Sum:  0.0, Workers: 4
[16.163s][debug][gc,phases      ] GC(36)     Dead                           Min: 0, Avg:  0.0, Max: 0, Diff: 0, Sum: 0, Workers: 4
[16.163s][debug][gc,phases      ] GC(36)     Total                          Min: 0, Avg:  0.0, Max: 0, Diff: 0, Sum: 0, Workers: 4
[16.163s][debug][gc,phases      ] GC(36)   StringTable Weak               Min:  0.1, Avg:  0.1, Max:  0.1, Diff:  0.0, Sum:  0.3, Workers: 4
[16.163s][debug][gc,phases      ] GC(36)     Dead                           Min: 0, Avg:  3.0, Max: 12, Diff: 12, Sum: 12, Workers: 4
[16.163s][debug][gc,phases      ] GC(36)     Total                          Min: 7680, Avg: 10650.5, Max: 11766, Diff: 4086, Sum: 42602, Workers: 4
[16.163s][debug][gc,phases      ] GC(36)   ResolvedMethodTable Weak       Min:  0.0, Avg:  0.0, Max:  0.0, Diff:  0.0, Sum:  0.1, Workers: 4
[16.163s][debug][gc,phases      ] GC(36)     Dead                           Min: 0, Avg:  0.0, Max: 0, Diff: 0, Sum: 0, Workers: 4
[16.163s][debug][gc,phases      ] GC(36)     Total                          Min: 1344, Avg: 1748.8, Max: 2048, Diff: 704, Sum: 6995, Workers: 4
[16.163s][debug][gc,phases      ] GC(36)   JNI Weak                       Min:  0.0, Avg:  0.0, Max:  0.0, Diff:  0.0, Sum:  0.0, Workers: 4
[16.163s][debug][gc,phases      ] GC(36)     Dead                           Min: 0, Avg:  0.0, Max: 0, Diff: 0, Sum: 0, Workers: 4
[16.163s][debug][gc,phases      ] GC(36)     Total                          Min: 0, Avg:  3.8, Max: 15, Diff: 15, Sum: 15, Workers: 4
[16.163s][debug][gc,phases      ] GC(36)   StringDedup Table Weak         Min:  0.0, Avg:  0.0, Max:  0.0, Diff:  0.0, Sum:  0.0, Workers: 4
[16.163s][debug][gc,phases      ] GC(36)     Dead                           Min: 0, Avg:  0.0, Max: 0, Diff: 0, Sum: 0, Workers: 4
[16.163s][debug][gc,phases      ] GC(36)     Total                          Min: 0, Avg:  0.0, Max: 0, Diff: 0, Sum: 0, Workers: 4
[16.163s][debug][gc,phases      ] GC(36)   StringDedup Requests0 Weak     Min:  0.0, Avg:  0.0, Max:  0.0, Diff:  0.0, Sum:  0.0, Workers: 4
[16.163s][debug][gc,phases      ] GC(36)     Dead                           Min: 0, Avg:  0.0, Max: 0, Diff: 0, Sum: 0, Workers: 4
[16.163s][debug][gc,phases      ] GC(36)     Total                          Min: 0, Avg:  0.0, Max: 0, Diff: 0, Sum: 0, Workers: 4
[16.163s][debug][gc,phases      ] GC(36)   StringDedup Requests1 Weak     Min:  0.0, Avg:  0.0, Max:  0.0, Diff:  0.0, Sum:  0.0, Workers: 4
[16.163s][debug][gc,phases      ] GC(36)     Dead                           Min: 0, Avg:  0.0, Max: 0, Diff: 0, Sum: 0, Workers: 4
[16.163s][debug][gc,phases      ] GC(36)     Total                          Min: 0, Avg:  0.0, Max: 0, Diff: 0, Sum: 0, Workers: 4
[16.163s][debug][gc,phases      ] GC(36)   Weak JFR Old Object Samples    Min:  0.0, Avg:  0.0, Max:  0.0, Diff:  0.0, Sum:  0.0, Workers: 4
[16.163s][debug][gc,phases      ] GC(36)     Dead                           Min: 0, Avg:  0.0, Max: 0, Diff: 0, Sum: 0, Workers: 4
[16.163s][debug][gc,phases      ] GC(36)     Total                          Min: 0, Avg:  0.0, Max: 0, Diff: 0, Sum: 0, Workers: 4
[16.163s][debug][gc,phases      ] GC(36) Weak Processing 0.241ms
[16.163s][debug][gc,age         ] GC(36) Desired survivor size 400031744 bytes, new threshold 15 (max threshold 15)
[16.163s][info ][gc,heap        ] GC(36) PSYoungGen: 1517616K(1697792K)->210560K(1706496K) Eden: 1298432K(1298432K)->0K(1309184K) From: 219184K(399360K)->210560K(397312K)
[16.163s][info ][gc,heap        ] GC(36) ParOldGen: 275717K(350208K)->275725K(350208K)
[16.163s][info ][gc,metaspace   ] GC(36) Metaspace: 67734K(68480K)->67734K(68480K) NonClass: 57838K(58240K)->57838K(58240K) Class: 9896K(10240K)->9896K(10240K)
[16.163s][info ][gc             ] GC(36) Pause Young (Allocation Failure) 1751M->474M(2008M) 98.389ms
[16.163s][info ][gc,cpu         ] GC(36) User=0.40s Sys=0.00s Real=0.10s
[16.163s][info ][safepoint      ] Safepoint "ParallelGCFailedAllocation", Time since last: 190853672 ns, Reaching safepoint: 290103 ns, At safepoint: 98488260 ns, Total: 98778363 ns
[16.481s][info ][gc,start       ] GC(37) Pause Young (Allocation Failure)
[16.572s][debug][gc,phases      ] GC(37) Scavenge 90.142ms
[16.572s][debug][gc,ref         ] GC(37) Skipped phase 1 of Reference Processing: no references
[16.572s][debug][gc,ref         ] GC(37) ReferenceProcessor::execute queues: 1, RefProcThreadModel::Single, marks_oops_alive: false
[16.572s][debug][gc,ref         ] GC(37) Skipped phase 3 of Reference Processing: no references
[16.572s][debug][gc,ref         ] GC(37) ReferenceProcessor::execute queues: 1, RefProcThreadModel::Single, marks_oops_alive: false
[16.572s][debug][gc,phases      ] GC(37) Reference Processing 0.140ms
[16.572s][debug][gc,phases      ] GC(37)   VM Weak                        Min:  0.0, Avg:  0.0, Max:  0.0, Diff:  0.0, Sum:  0.0, Workers: 4
[16.572s][debug][gc,phases      ] GC(37)     Dead                           Min: 0, Avg:  0.0, Max: 0, Diff: 0, Sum: 0, Workers: 4
[16.572s][debug][gc,phases      ] GC(37)     Total                          Min: 0, Avg: 146.2, Max: 393, Diff: 393, Sum: 585, Workers: 4
[16.572s][debug][gc,phases      ] GC(37)   ObjectSynchronizer Weak        Min:  0.0, Avg:  0.0, Max:  0.0, Diff:  0.0, Sum:  0.0, Workers: 4
[16.572s][debug][gc,phases      ] GC(37)     Dead                           Min: 0, Avg:  0.0, Max: 0, Diff: 0, Sum: 0, Workers: 4
[16.572s][debug][gc,phases      ] GC(37)     Total                          Min: 0, Avg: 84.0, Max: 192, Diff: 192, Sum: 336, Workers: 4
[16.572s][debug][gc,phases      ] GC(37)   JVMTI Tag Weak OopStorage      Min:  0.0, Avg:  0.0, Max:  0.0, Diff:  0.0, Sum:  0.0, Workers: 4
[16.572s][debug][gc,phases      ] GC(37)     Dead                           Min: 0, Avg:  0.0, Max: 0, Diff: 0, Sum: 0, Workers: 4
[16.572s][debug][gc,phases      ] GC(37)     Total                          Min: 0, Avg:  0.0, Max: 0, Diff: 0, Sum: 0, Workers: 4
[16.572s][debug][gc,phases      ] GC(37)   StringTable Weak               Min:  0.1, Avg:  0.1, Max:  0.1, Diff:  0.0, Sum:  0.4, Workers: 4
[16.572s][debug][gc,phases      ] GC(37)     Dead                           Min: 0, Avg:  2.8, Max: 11, Diff: 11, Sum: 11, Workers: 4
[16.572s][debug][gc,phases      ] GC(37)     Total                          Min: 9280, Avg: 10651.0, Max: 14399, Diff: 5119, Sum: 42604, Workers: 4
[16.572s][debug][gc,phases      ] GC(37)   ResolvedMethodTable Weak       Min:  0.0, Avg:  0.0, Max:  0.0, Diff:  0.0, Sum:  0.1, Workers: 4
[16.572s][debug][gc,phases      ] GC(37)     Dead                           Min: 0, Avg:  0.0, Max: 0, Diff: 0, Sum: 0, Workers: 4
[16.572s][debug][gc,phases      ] GC(37)     Total                          Min: 1492, Avg: 1748.8, Max: 2303, Diff: 811, Sum: 6995, Workers: 4
[16.572s][debug][gc,phases      ] GC(37)   JNI Weak                       Min:  0.0, Avg:  0.0, Max:  0.0, Diff:  0.0, Sum:  0.0, Workers: 4
[16.572s][debug][gc,phases      ] GC(37)     Dead                           Min: 0, Avg:  0.0, Max: 0, Diff: 0, Sum: 0, Workers: 4
[16.572s][debug][gc,phases      ] GC(37)     Total                          Min: 0, Avg:  2.0, Max: 8, Diff: 8, Sum: 8, Workers: 4
[16.572s][debug][gc,phases      ] GC(37)   StringDedup Table Weak         Min:  0.0, Avg:  0.0, Max:  0.0, Diff:  0.0, Sum:  0.0, Workers: 4
[16.572s][debug][gc,phases      ] GC(37)     Dead                           Min: 0, Avg:  0.0, Max: 0, Diff: 0, Sum: 0, Workers: 4
[16.572s][debug][gc,phases      ] GC(37)     Total                          Min: 0, Avg:  0.0, Max: 0, Diff: 0, Sum: 0, Workers: 4
[16.572s][debug][gc,phases      ] GC(37)   StringDedup Requests0 Weak     Min:  0.0, Avg:  0.0, Max:  0.0, Diff:  0.0, Sum:  0.0, Workers: 4
[16.572s][debug][gc,phases      ] GC(37)     Dead                           Min: 0, Avg:  0.0, Max: 0, Diff: 0, Sum: 0, Workers: 4
[16.572s][debug][gc,phases      ] GC(37)     Total                          Min: 0, Avg:  0.0, Max: 0, Diff: 0, Sum: 0, Workers: 4
[16.572s][debug][gc,phases      ] GC(37)   StringDedup Requests1 Weak     Min:  0.0, Avg:  0.0, Max:  0.0, Diff:  0.0, Sum:  0.0, Workers: 4
[16.572s][debug][gc,phases      ] GC(37)     Dead                           Min: 0, Avg:  0.0, Max: 0, Diff: 0, Sum: 0, Workers: 4
[16.572s][debug][gc,phases      ] GC(37)     Total                          Min: 0, Avg:  0.0, Max: 0, Diff: 0, Sum: 0, Workers: 4
[16.572s][debug][gc,phases      ] GC(37)   Weak JFR Old Object Samples    Min:  0.0, Avg:  0.0, Max:  0.0, Diff:  0.0, Sum:  0.0, Workers: 4
[16.572s][debug][gc,phases      ] GC(37)     Dead                           Min: 0, Avg:  0.0, Max: 0, Diff: 0, Sum: 0, Workers: 4
[16.572s][debug][gc,phases      ] GC(37)     Total                          Min: 0, Avg:  0.0, Max: 0, Diff: 0, Sum: 0, Workers: 4
[16.572s][debug][gc,phases      ] GC(37) Weak Processing 0.362ms
[16.572s][debug][gc,age         ] GC(37) Desired survivor size 387448832 bytes, new threshold 15 (max threshold 15)
[16.572s][info ][gc,heap        ] GC(37) PSYoungGen: 1519744K(1706496K)->196640K(1699840K) Eden: 1309184K(1309184K)->0K(1309184K) From: 210560K(397312K)->196640K(390656K)
[16.572s][info ][gc,heap        ] GC(37) ParOldGen: 275725K(350208K)->275733K(350208K)
[16.572s][info ][gc,metaspace   ] GC(37) Metaspace: 67746K(68480K)->67746K(68480K) NonClass: 57850K(58240K)->57850K(58240K) Class: 9896K(10240K)->9896K(10240K)
[16.572s][info ][gc             ] GC(37) Pause Young (Allocation Failure) 1753M->461M(2002M) 90.794ms
[16.572s][info ][gc,cpu         ] GC(37) User=0.36s Sys=0.00s Real=0.09s
[16.572s][info ][safepoint      ] Safepoint "ParallelGCFailedAllocation", Time since last: 318353856 ns, Reaching safepoint: 207201 ns, At safepoint: 90915802 ns, Total: 91123003 ns
[16.748s][info ][gc,start       ] GC(38) Pause Young (Allocation Failure)
[16.829s][debug][gc,phases      ] GC(38) Scavenge 81.767ms
[16.829s][debug][gc,ref         ] GC(38) Skipped phase 1 of Reference Processing: no references
[16.830s][debug][gc,ref         ] GC(38) ReferenceProcessor::execute queues: 1, RefProcThreadModel::Single, marks_oops_alive: false
[16.830s][debug][gc,ref         ] GC(38) Skipped phase 3 of Reference Processing: no references
[16.830s][debug][gc,ref         ] GC(38) ReferenceProcessor::execute queues: 1, RefProcThreadModel::Single, marks_oops_alive: false
[16.830s][debug][gc,phases      ] GC(38) Reference Processing 0.113ms
[16.830s][debug][gc,phases      ] GC(38)   VM Weak                        Min:  0.0, Avg:  0.0, Max:  0.0, Diff:  0.0, Sum:  0.0, Workers: 4
[16.830s][debug][gc,phases      ] GC(38)     Dead                           Min: 0, Avg:  0.0, Max: 0, Diff: 0, Sum: 0, Workers: 4
[16.830s][debug][gc,phases      ] GC(38)     Total                          Min: 0, Avg: 146.2, Max: 521, Diff: 521, Sum: 585, Workers: 4
[16.830s][debug][gc,phases      ] GC(38)   ObjectSynchronizer Weak        Min:  0.0, Avg:  0.0, Max:  0.0, Diff:  0.0, Sum:  0.0, Workers: 4
[16.830s][debug][gc,phases      ] GC(38)     Dead                           Min: 0, Avg:  0.0, Max: 0, Diff: 0, Sum: 0, Workers: 4
[16.830s][debug][gc,phases      ] GC(38)     Total                          Min: 0, Avg: 84.0, Max: 208, Diff: 208, Sum: 336, Workers: 4
[16.830s][debug][gc,phases      ] GC(38)   JVMTI Tag Weak OopStorage      Min:  0.0, Avg:  0.0, Max:  0.0, Diff:  0.0, Sum:  0.0, Workers: 4
[16.830s][debug][gc,phases      ] GC(38)     Dead                           Min: 0, Avg:  0.0, Max: 0, Diff: 0, Sum: 0, Workers: 4
[16.830s][debug][gc,phases      ] GC(38)     Total                          Min: 0, Avg:  0.0, Max: 0, Diff: 0, Sum: 0, Workers: 4
[16.830s][debug][gc,phases      ] GC(38)   StringTable Weak               Min:  0.1, Avg:  0.1, Max:  0.1, Diff:  0.0, Sum:  0.3, Workers: 4
[16.830s][debug][gc,phases      ] GC(38)     Dead                           Min: 0, Avg:  0.0, Max: 0, Diff: 0, Sum: 0, Workers: 4
[16.830s][debug][gc,phases      ] GC(38)     Total                          Min: 10368, Avg: 10651.2, Max: 11007, Diff: 639, Sum: 42605, Workers: 4
[16.830s][debug][gc,phases      ] GC(38)   ResolvedMethodTable Weak       Min:  0.0, Avg:  0.0, Max:  0.0, Diff:  0.0, Sum:  0.1, Workers: 4
[16.830s][debug][gc,phases      ] GC(38)     Dead                           Min: 0, Avg:  0.0, Max: 0, Diff: 0, Sum: 0, Workers: 4
[16.830s][debug][gc,phases      ] GC(38)     Total                          Min: 1172, Avg: 1748.8, Max: 2176, Diff: 1004, Sum: 6995, Workers: 4
[16.830s][debug][gc,phases      ] GC(38)   JNI Weak                       Min:  0.0, Avg:  0.0, Max:  0.0, Diff:  0.0, Sum:  0.0, Workers: 4
[16.830s][debug][gc,phases      ] GC(38)     Dead                           Min: 0, Avg:  0.0, Max: 0, Diff: 0, Sum: 0, Workers: 4
[16.830s][debug][gc,phases      ] GC(38)     Total                          Min: 0, Avg:  0.8, Max: 3, Diff: 3, Sum: 3, Workers: 4
[16.830s][debug][gc,phases      ] GC(38)   StringDedup Table Weak         Min:  0.0, Avg:  0.0, Max:  0.0, Diff:  0.0, Sum:  0.0, Workers: 4
[16.830s][debug][gc,phases      ] GC(38)     Dead                           Min: 0, Avg:  0.0, Max: 0, Diff: 0, Sum: 0, Workers: 4
[16.830s][debug][gc,phases      ] GC(38)     Total                          Min: 0, Avg:  0.0, Max: 0, Diff: 0, Sum: 0, Workers: 4
[16.830s][debug][gc,phases      ] GC(38)   StringDedup Requests0 Weak     Min:  0.0, Avg:  0.0, Max:  0.0, Diff:  0.0, Sum:  0.0, Workers: 4
[16.830s][debug][gc,phases      ] GC(38)     Dead                           Min: 0, Avg:  0.0, Max: 0, Diff: 0, Sum: 0, Workers: 4
[16.830s][debug][gc,phases      ] GC(38)     Total                          Min: 0, Avg:  0.0, Max: 0, Diff: 0, Sum: 0, Workers: 4
[16.830s][debug][gc,phases      ] GC(38)   StringDedup Requests1 Weak     Min:  0.0, Avg:  0.0, Max:  0.0, Diff:  0.0, Sum:  0.0, Workers: 4
[16.830s][debug][gc,phases      ] GC(38)     Dead                           Min: 0, Avg:  0.0, Max: 0, Diff: 0, Sum: 0, Workers: 4
[16.830s][debug][gc,phases      ] GC(38)     Total                          Min: 0, Avg:  0.0, Max: 0, Diff: 0, Sum: 0, Workers: 4
[16.830s][debug][gc,phases      ] GC(38)   Weak JFR Old Object Samples    Min:  0.0, Avg:  0.0, Max:  0.0, Diff:  0.0, Sum:  0.0, Workers: 4
[16.830s][debug][gc,phases      ] GC(38)     Dead                           Min: 0, Avg:  0.0, Max: 0, Diff: 0, Sum: 0, Workers: 4
[16.830s][debug][gc,phases      ] GC(38)     Total                          Min: 0, Avg:  0.0, Max: 0, Diff: 0, Sum: 0, Workers: 4
[16.830s][debug][gc,phases      ] GC(38) Weak Processing 0.232ms
[16.830s][debug][gc,age         ] GC(38) Desired survivor size 373817344 bytes, new threshold 15 (max threshold 15)
[16.830s][info ][gc,heap        ] GC(38) PSYoungGen: 1505824K(1699840K)->192064K(1732096K) Eden: 1309184K(1309184K)->0K(1353728K) From: 196640K(390656K)->192064K(378368K)
[16.830s][info ][gc,heap        ] GC(38) ParOldGen: 275733K(350208K)->275757K(350208K)
[16.830s][info ][gc,metaspace   ] GC(38) Metaspace: 67748K(68480K)->67748K(68480K) NonClass: 57852K(58240K)->57852K(58240K) Class: 9896K(10240K)->9896K(10240K)
[16.830s][info ][gc             ] GC(38) Pause Young (Allocation Failure) 1739M->456M(2033M) 82.225ms
[16.830s][info ][gc,cpu         ] GC(38) User=0.34s Sys=0.00s Real=0.09s
[16.830s][info ][safepoint      ] Safepoint "ParallelGCFailedAllocation", Time since last: 175058250 ns, Reaching safepoint: 127901 ns, At safepoint: 82333535 ns, Total: 82461436 ns
[17.159s][info ][gc,start       ] GC(39) Pause Young (Allocation Failure)
[17.234s][debug][gc,phases      ] GC(39) Scavenge 74.714ms
[17.234s][debug][gc,ref         ] GC(39) Skipped phase 1 of Reference Processing: no references
[17.234s][debug][gc,ref         ] GC(39) ReferenceProcessor::execute queues: 1, RefProcThreadModel::Single, marks_oops_alive: false
[17.234s][debug][gc,ref         ] GC(39) Skipped phase 3 of Reference Processing: no references
[17.234s][debug][gc,ref         ] GC(39) ReferenceProcessor::execute queues: 1, RefProcThreadModel::Single, marks_oops_alive: false
[17.234s][debug][gc,phases      ] GC(39) Reference Processing 0.113ms
[17.234s][debug][gc,phases      ] GC(39)   VM Weak                        Min:  0.0, Avg:  0.0, Max:  0.0, Diff:  0.0, Sum:  0.0, Workers: 4
[17.234s][debug][gc,phases      ] GC(39)     Dead                           Min: 0, Avg:  0.0, Max: 0, Diff: 0, Sum: 0, Workers: 4
[17.234s][debug][gc,phases      ] GC(39)     Total                          Min: 0, Avg: 146.2, Max: 320, Diff: 320, Sum: 585, Workers: 4
[17.234s][debug][gc,phases      ] GC(39)   ObjectSynchronizer Weak        Min:  0.0, Avg:  0.0, Max:  0.0, Diff:  0.0, Sum:  0.0, Workers: 4
[17.234s][debug][gc,phases      ] GC(39)     Dead                           Min: 0, Avg:  0.0, Max: 0, Diff: 0, Sum: 0, Workers: 4
[17.234s][debug][gc,phases      ] GC(39)     Total                          Min: 0, Avg: 84.0, Max: 192, Diff: 192, Sum: 336, Workers: 4
[17.234s][debug][gc,phases      ] GC(39)   JVMTI Tag Weak OopStorage      Min:  0.0, Avg:  0.0, Max:  0.0, Diff:  0.0, Sum:  0.0, Workers: 4
[17.234s][debug][gc,phases      ] GC(39)     Dead                           Min: 0, Avg:  0.0, Max: 0, Diff: 0, Sum: 0, Workers: 4
[17.234s][debug][gc,phases      ] GC(39)     Total                          Min: 0, Avg:  0.0, Max: 0, Diff: 0, Sum: 0, Workers: 4
[17.234s][debug][gc,phases      ] GC(39)   StringTable Weak               Min:  0.1, Avg:  0.1, Max:  0.1, Diff:  0.0, Sum:  0.3, Workers: 4
[17.234s][debug][gc,phases      ] GC(39)     Dead                           Min: 0, Avg:  2.8, Max: 11, Diff: 11, Sum: 11, Workers: 4
[17.234s][debug][gc,phases      ] GC(39)     Total                          Min: 8384, Avg: 10652.0, Max: 12732, Diff: 4348, Sum: 42608, Workers: 4
[17.234s][debug][gc,phases      ] GC(39)   ResolvedMethodTable Weak       Min:  0.0, Avg:  0.0, Max:  0.0, Diff:  0.0, Sum:  0.1, Workers: 4
[17.234s][debug][gc,phases      ] GC(39)     Dead                           Min: 0, Avg:  0.0, Max: 0, Diff: 0, Sum: 0, Workers: 4
[17.234s][debug][gc,phases      ] GC(39)     Total                          Min: 1215, Avg: 1749.5, Max: 2176, Diff: 961, Sum: 6998, Workers: 4
[17.234s][debug][gc,phases      ] GC(39)   JNI Weak                       Min:  0.0, Avg:  0.0, Max:  0.0, Diff:  0.0, Sum:  0.0, Workers: 4
[17.234s][debug][gc,phases      ] GC(39)     Dead                           Min: 0, Avg:  0.0, Max: 0, Diff: 0, Sum: 0, Workers: 4
[17.234s][debug][gc,phases      ] GC(39)     Total                          Min: 0, Avg:  0.5, Max: 2, Diff: 2, Sum: 2, Workers: 4
[17.234s][debug][gc,phases      ] GC(39)   StringDedup Table Weak         Min:  0.0, Avg:  0.0, Max:  0.0, Diff:  0.0, Sum:  0.0, Workers: 4
[17.234s][debug][gc,phases      ] GC(39)     Dead                           Min: 0, Avg:  0.0, Max: 0, Diff: 0, Sum: 0, Workers: 4
[17.234s][debug][gc,phases      ] GC(39)     Total                          Min: 0, Avg:  0.0, Max: 0, Diff: 0, Sum: 0, Workers: 4
[17.234s][debug][gc,phases      ] GC(39)   StringDedup Requests0 Weak     Min:  0.0, Avg:  0.0, Max:  0.0, Diff:  0.0, Sum:  0.0, Workers: 4
[17.234s][debug][gc,phases      ] GC(39)     Dead                           Min: 0, Avg:  0.0, Max: 0, Diff: 0, Sum: 0, Workers: 4
[17.234s][debug][gc,phases      ] GC(39)     Total                          Min: 0, Avg:  0.0, Max: 0, Diff: 0, Sum: 0, Workers: 4
[17.234s][debug][gc,phases      ] GC(39)   StringDedup Requests1 Weak     Min:  0.0, Avg:  0.0, Max:  0.0, Diff:  0.0, Sum:  0.0, Workers: 4
[17.234s][debug][gc,phases      ] GC(39)     Dead                           Min: 0, Avg:  0.0, Max: 0, Diff: 0, Sum: 0, Workers: 4
[17.234s][debug][gc,phases      ] GC(39)     Total                          Min: 0, Avg:  0.0, Max: 0, Diff: 0, Sum: 0, Workers: 4
[17.234s][debug][gc,phases      ] GC(39)   Weak JFR Old Object Samples    Min:  0.0, Avg:  0.0, Max:  0.0, Diff:  0.0, Sum:  0.0, Workers: 4
[17.234s][debug][gc,phases      ] GC(39)     Dead                           Min: 0, Avg:  0.0, Max: 0, Diff: 0, Sum: 0, Workers: 4
[17.234s][debug][gc,phases      ] GC(39)     Total                          Min: 0, Avg:  0.0, Max: 0, Diff: 0, Sum: 0, Workers: 4
[17.234s][debug][gc,phases      ] GC(39) Weak Processing 0.255ms
[17.234s][debug][gc,age         ] GC(39) Desired survivor size 358088704 bytes, new threshold 15 (max threshold 15)
[17.234s][info ][gc,heap        ] GC(39) PSYoungGen: 1545792K(1732096K)->184224K(1718784K) Eden: 1353728K(1353728K)->0K(1353728K) From: 192064K(378368K)->184224K(365056K)
[17.234s][info ][gc,heap        ] GC(39) ParOldGen: 275757K(350208K)->275773K(350208K)
[17.234s][info ][gc,metaspace   ] GC(39) Metaspace: 67771K(68480K)->67771K(68480K) NonClass: 57873K(58240K)->57873K(58240K) Class: 9898K(10240K)->9898K(10240K)
[17.234s][info ][gc             ] GC(39) Pause Young (Allocation Failure) 1778M->449M(2020M) 75.185ms
[17.234s][info ][gc,cpu         ] GC(39) User=0.30s Sys=0.00s Real=0.08s
[17.234s][info ][safepoint      ] Safepoint "ParallelGCFailedAllocation", Time since last: 328971938 ns, Reaching safepoint: 180601 ns, At safepoint: 75283181 ns, Total: 75463782 ns
[17.390s][info ][safepoint      ] Safepoint "ICBufferFull", Time since last: 155827202 ns, Reaching safepoint: 164801 ns, At safepoint: 22100 ns, Total: 186901 ns
[17.448s][info ][safepoint      ] Safepoint "ICBufferFull", Time since last: 57393843 ns, Reaching safepoint: 138201 ns, At safepoint: 28500 ns, Total: 166701 ns
[17.461s][info ][gc,start       ] GC(40) Pause Young (Allocation Failure)
[17.528s][debug][gc,phases      ] GC(40) Scavenge 67.271ms
[17.528s][debug][gc,ref         ] GC(40) Skipped phase 1 of Reference Processing: no references
[17.528s][debug][gc,ref         ] GC(40) ReferenceProcessor::execute queues: 1, RefProcThreadModel::Single, marks_oops_alive: false
[17.528s][debug][gc,ref         ] GC(40) Skipped phase 3 of Reference Processing: no references
[17.528s][debug][gc,ref         ] GC(40) ReferenceProcessor::execute queues: 1, RefProcThreadModel::Single, marks_oops_alive: false
[17.528s][debug][gc,phases      ] GC(40) Reference Processing 0.126ms
[17.528s][debug][gc,phases      ] GC(40)   VM Weak                        Min:  0.0, Avg:  0.0, Max:  0.0, Diff:  0.0, Sum:  0.0, Workers: 4
[17.528s][debug][gc,phases      ] GC(40)     Dead                           Min: 0, Avg:  0.0, Max: 0, Diff: 0, Sum: 0, Workers: 4
[17.528s][debug][gc,phases      ] GC(40)     Total                          Min: 0, Avg: 146.5, Max: 586, Diff: 586, Sum: 586, Workers: 4
[17.528s][debug][gc,phases      ] GC(40)   ObjectSynchronizer Weak        Min:  0.0, Avg:  0.0, Max:  0.0, Diff:  0.0, Sum:  0.0, Workers: 4
[17.528s][debug][gc,phases      ] GC(40)     Dead                           Min: 0, Avg:  0.0, Max: 0, Diff: 0, Sum: 0, Workers: 4
[17.528s][debug][gc,phases      ] GC(40)     Total                          Min: 0, Avg: 84.0, Max: 208, Diff: 208, Sum: 336, Workers: 4
[17.528s][debug][gc,phases      ] GC(40)   JVMTI Tag Weak OopStorage      Min:  0.0, Avg:  0.0, Max:  0.0, Diff:  0.0, Sum:  0.0, Workers: 4
[17.528s][debug][gc,phases      ] GC(40)     Dead                           Min: 0, Avg:  0.0, Max: 0, Diff: 0, Sum: 0, Workers: 4
[17.528s][debug][gc,phases      ] GC(40)     Total                          Min: 0, Avg:  0.0, Max: 0, Diff: 0, Sum: 0, Workers: 4
[17.528s][debug][gc,phases      ] GC(40)   StringTable Weak               Min:  0.1, Avg:  0.1, Max:  0.1, Diff:  0.0, Sum:  0.3, Workers: 4
[17.528s][debug][gc,phases      ] GC(40)     Dead                           Min: 0, Avg:  3.0, Max: 6, Diff: 6, Sum: 12, Workers: 4
[17.528s][debug][gc,phases      ] GC(40)     Total                          Min: 9664, Avg: 10671.0, Max: 11580, Diff: 1916, Sum: 42684, Workers: 4
[17.528s][debug][gc,phases      ] GC(40)   ResolvedMethodTable Weak       Min:  0.0, Avg:  0.0, Max:  0.0, Diff:  0.0, Sum:  0.1, Workers: 4
[17.528s][debug][gc,phases      ] GC(40)     Dead                           Min: 0, Avg:  0.0, Max: 0, Diff: 0, Sum: 0, Workers: 4
[17.528s][debug][gc,phases      ] GC(40)     Total                          Min: 1600, Avg: 1777.5, Max: 1926, Diff: 326, Sum: 7110, Workers: 4
[17.528s][debug][gc,phases      ] GC(40)   JNI Weak                       Min:  0.0, Avg:  0.0, Max:  0.0, Diff:  0.0, Sum:  0.0, Workers: 4
[17.528s][debug][gc,phases      ] GC(40)     Dead                           Min: 0, Avg:  0.0, Max: 0, Diff: 0, Sum: 0, Workers: 4
[17.528s][debug][gc,phases      ] GC(40)     Total                          Min: 0, Avg:  0.8, Max: 3, Diff: 3, Sum: 3, Workers: 4
[17.528s][debug][gc,phases      ] GC(40)   StringDedup Table Weak         Min:  0.0, Avg:  0.0, Max:  0.0, Diff:  0.0, Sum:  0.0, Workers: 4
[17.528s][debug][gc,phases      ] GC(40)     Dead                           Min: 0, Avg:  0.0, Max: 0, Diff: 0, Sum: 0, Workers: 4
[17.528s][debug][gc,phases      ] GC(40)     Total                          Min: 0, Avg:  0.0, Max: 0, Diff: 0, Sum: 0, Workers: 4
[17.528s][debug][gc,phases      ] GC(40)   StringDedup Requests0 Weak     Min:  0.0, Avg:  0.0, Max:  0.0, Diff:  0.0, Sum:  0.0, Workers: 4
[17.528s][debug][gc,phases      ] GC(40)     Dead                           Min: 0, Avg:  0.0, Max: 0, Diff: 0, Sum: 0, Workers: 4
[17.528s][debug][gc,phases      ] GC(40)     Total                          Min: 0, Avg:  0.0, Max: 0, Diff: 0, Sum: 0, Workers: 4
[17.528s][debug][gc,phases      ] GC(40)   StringDedup Requests1 Weak     Min:  0.0, Avg:  0.0, Max:  0.0, Diff:  0.0, Sum:  0.0, Workers: 4
[17.528s][debug][gc,phases      ] GC(40)     Dead                           Min: 0, Avg:  0.0, Max: 0, Diff: 0, Sum: 0, Workers: 4
[17.528s][debug][gc,phases      ] GC(40)     Total                          Min: 0, Avg:  0.0, Max: 0, Diff: 0, Sum: 0, Workers: 4
[17.528s][debug][gc,phases      ] GC(40)   Weak JFR Old Object Samples    Min:  0.0, Avg:  0.0, Max:  0.0, Diff:  0.0, Sum:  0.0, Workers: 4
[17.528s][debug][gc,phases      ] GC(40)     Dead                           Min: 0, Avg:  0.0, Max: 0, Diff: 0, Sum: 0, Workers: 4
[17.528s][debug][gc,phases      ] GC(40)     Total                          Min: 0, Avg:  0.0, Max: 0, Diff: 0, Sum: 0, Workers: 4
[17.528s][debug][gc,phases      ] GC(40) Weak Processing 0.230ms
[17.528s][debug][gc,age         ] GC(40) Desired survivor size 342360064 bytes, new threshold 15 (max threshold 15)
[17.528s][info ][gc,heap        ] GC(40) PSYoungGen: 1537952K(1718784K)->180473K(1762816K) Eden: 1353728K(1353728K)->0K(1413120K) From: 184224K(365056K)->180473K(349696K)
[17.528s][info ][gc,heap        ] GC(40) ParOldGen: 275773K(350208K)->277345K(350208K)
[17.528s][info ][gc,metaspace   ] GC(40) Metaspace: 67987K(68800K)->67987K(68800K) NonClass: 58041K(58496K)->58041K(58496K) Class: 9946K(10304K)->9946K(10304K)
[17.528s][info ][gc             ] GC(40) Pause Young (Allocation Failure) 1771M->447M(2063M) 67.727ms
[17.528s][info ][gc,cpu         ] GC(40) User=0.26s Sys=0.01s Real=0.07s
[17.528s][info ][safepoint      ] Safepoint "ParallelGCFailedAllocation", Time since last: 12575697 ns, Reaching safepoint: 105301 ns, At safepoint: 67821823 ns, Total: 67927124 ns
[17.567s][info ][safepoint      ] Safepoint "ICBufferFull", Time since last: 38918101 ns, Reaching safepoint: 116500 ns, At safepoint: 25801 ns, Total: 142301 ns
[17.759s][info ][safepoint      ] Safepoint "ICBufferFull", Time since last: 191406776 ns, Reaching safepoint: 133101 ns, At safepoint: 33700 ns, Total: 166801 ns
[17.810s][info ][gc,start       ] GC(41) Pause Young (Allocation Failure)
[17.876s][debug][gc,phases      ] GC(41) Scavenge 66.921ms
[17.877s][debug][gc,ref         ] GC(41) Skipped phase 1 of Reference Processing: no references
[17.877s][debug][gc,ref         ] GC(41) ReferenceProcessor::execute queues: 1, RefProcThreadModel::Single, marks_oops_alive: false
[17.877s][debug][gc,ref         ] GC(41) Skipped phase 3 of Reference Processing: no references
[17.877s][debug][gc,ref         ] GC(41) ReferenceProcessor::execute queues: 1, RefProcThreadModel::Single, marks_oops_alive: false
[17.877s][debug][gc,phases      ] GC(41) Reference Processing 0.132ms
[17.877s][debug][gc,phases      ] GC(41)   VM Weak                        Min:  0.0, Avg:  0.0, Max:  0.0, Diff:  0.0, Sum:  0.0, Workers: 4
[17.877s][debug][gc,phases      ] GC(41)     Dead                           Min: 0, Avg:  0.0, Max: 0, Diff: 0, Sum: 0, Workers: 4
[17.877s][debug][gc,phases      ] GC(41)     Total                          Min: 0, Avg: 146.5, Max: 522, Diff: 522, Sum: 586, Workers: 4
[17.877s][debug][gc,phases      ] GC(41)   ObjectSynchronizer Weak        Min:  0.0, Avg:  0.0, Max:  0.0, Diff:  0.0, Sum:  0.0, Workers: 4
[17.877s][debug][gc,phases      ] GC(41)     Dead                           Min: 0, Avg:  0.0, Max: 0, Diff: 0, Sum: 0, Workers: 4
[17.877s][debug][gc,phases      ] GC(41)     Total                          Min: 0, Avg: 84.0, Max: 144, Diff: 144, Sum: 336, Workers: 4
[17.877s][debug][gc,phases      ] GC(41)   JVMTI Tag Weak OopStorage      Min:  0.0, Avg:  0.0, Max:  0.0, Diff:  0.0, Sum:  0.0, Workers: 4
[17.877s][debug][gc,phases      ] GC(41)     Dead                           Min: 0, Avg:  0.0, Max: 0, Diff: 0, Sum: 0, Workers: 4
[17.877s][debug][gc,phases      ] GC(41)     Total                          Min: 0, Avg:  0.0, Max: 0, Diff: 0, Sum: 0, Workers: 4
[17.877s][debug][gc,phases      ] GC(41)   StringTable Weak               Min:  0.1, Avg:  0.1, Max:  0.1, Diff:  0.0, Sum:  0.3, Workers: 4
[17.877s][debug][gc,phases      ] GC(41)     Dead                           Min: 0, Avg:  0.0, Max: 0, Diff: 0, Sum: 0, Workers: 4
[17.877s][debug][gc,phases      ] GC(41)     Total                          Min: 9088, Avg: 10674.0, Max: 12480, Diff: 3392, Sum: 42696, Workers: 4
[17.877s][debug][gc,phases      ] GC(41)   ResolvedMethodTable Weak       Min:  0.0, Avg:  0.0, Max:  0.0, Diff:  0.0, Sum:  0.1, Workers: 4
[17.877s][debug][gc,phases      ] GC(41)     Dead                           Min: 0, Avg:  0.0, Max: 0, Diff: 0, Sum: 0, Workers: 4
[17.877s][debug][gc,phases      ] GC(41)     Total                          Min: 1606, Avg: 1777.5, Max: 1920, Diff: 314, Sum: 7110, Workers: 4
[17.877s][debug][gc,phases      ] GC(41)   JNI Weak                       Min:  0.0, Avg:  0.0, Max:  0.0, Diff:  0.0, Sum:  0.0, Workers: 4
[17.877s][debug][gc,phases      ] GC(41)     Dead                           Min: 0, Avg:  0.0, Max: 0, Diff: 0, Sum: 0, Workers: 4
[17.877s][debug][gc,phases      ] GC(41)     Total                          Min: 0, Avg:  0.5, Max: 2, Diff: 2, Sum: 2, Workers: 4
[17.877s][debug][gc,phases      ] GC(41)   StringDedup Table Weak         Min:  0.0, Avg:  0.0, Max:  0.0, Diff:  0.0, Sum:  0.0, Workers: 4
[17.877s][debug][gc,phases      ] GC(41)     Dead                           Min: 0, Avg:  0.0, Max: 0, Diff: 0, Sum: 0, Workers: 4
[17.877s][debug][gc,phases      ] GC(41)     Total                          Min: 0, Avg:  0.0, Max: 0, Diff: 0, Sum: 0, Workers: 4
[17.877s][debug][gc,phases      ] GC(41)   StringDedup Requests0 Weak     Min:  0.0, Avg:  0.0, Max:  0.0, Diff:  0.0, Sum:  0.0, Workers: 4
[17.877s][debug][gc,phases      ] GC(41)     Dead                           Min: 0, Avg:  0.0, Max: 0, Diff: 0, Sum: 0, Workers: 4
[17.877s][debug][gc,phases      ] GC(41)     Total                          Min: 0, Avg:  0.0, Max: 0, Diff: 0, Sum: 0, Workers: 4
[17.877s][debug][gc,phases      ] GC(41)   StringDedup Requests1 Weak     Min:  0.0, Avg:  0.0, Max:  0.0, Diff:  0.0, Sum:  0.0, Workers: 4
[17.877s][debug][gc,phases      ] GC(41)     Dead                           Min: 0, Avg:  0.0, Max: 0, Diff: 0, Sum: 0, Workers: 4
[17.877s][debug][gc,phases      ] GC(41)     Total                          Min: 0, Avg:  0.0, Max: 0, Diff: 0, Sum: 0, Workers: 4
[17.877s][debug][gc,phases      ] GC(41)   Weak JFR Old Object Samples    Min:  0.0, Avg:  0.0, Max:  0.0, Diff:  0.0, Sum:  0.0, Workers: 4
[17.877s][debug][gc,phases      ] GC(41)     Dead                           Min: 0, Avg:  0.0, Max: 0, Diff: 0, Sum: 0, Workers: 4
[17.877s][debug][gc,phases      ] GC(41)     Total                          Min: 0, Avg:  0.0, Max: 0, Diff: 0, Sum: 0, Workers: 4
[17.877s][debug][gc,phases      ] GC(41) Weak Processing 0.242ms
[17.877s][debug][gc,age         ] GC(41) Desired survivor size 326631424 bytes, new threshold 15 (max threshold 15)
[17.877s][info ][gc,heap        ] GC(41) PSYoungGen: 1593593K(1762816K)->173056K(1747456K) Eden: 1413120K(1413120K)->0K(1413120K) From: 180473K(349696K)->173056K(334336K)
[17.877s][info ][gc,heap        ] GC(41) ParOldGen: 277345K(350208K)->278825K(350208K)
[17.877s][info ][gc,metaspace   ] GC(41) Metaspace: 67999K(68800K)->67999K(68800K) NonClass: 58053K(58496K)->58053K(58496K) Class: 9946K(10304K)->9946K(10304K)
[17.877s][info ][gc             ] GC(41) Pause Young (Allocation Failure) 1827M->441M(2048M) 67.407ms
[17.877s][info ][gc,cpu         ] GC(41) User=0.27s Sys=0.00s Real=0.06s
[17.877s][info ][safepoint      ] Safepoint "ParallelGCFailedAllocation", Time since last: 50373589 ns, Reaching safepoint: 83800 ns, At safepoint: 67504121 ns, Total: 67587921 ns
[18.005s][info ][safepoint      ] Safepoint "ICBufferFull", Time since last: 127553484 ns, Reaching safepoint: 125301 ns, At safepoint: 32400 ns, Total: 157701 ns
[18.049s][info ][safepoint      ] Safepoint "ICBufferFull", Time since last: 44135141 ns, Reaching safepoint: 112900 ns, At safepoint: 22301 ns, Total: 135201 ns
[18.089s][info ][safepoint      ] Safepoint "ICBufferFull", Time since last: 40252710 ns, Reaching safepoint: 114801 ns, At safepoint: 22400 ns, Total: 137201 ns
[18.107s][info ][safepoint      ] Safepoint "ICBufferFull", Time since last: 17280733 ns, Reaching safepoint: 105601 ns, At safepoint: 22200 ns, Total: 127801 ns
[18.132s][info ][gc,start       ] GC(42) Pause Young (Allocation Failure)
[18.196s][debug][gc,phases      ] GC(42) Scavenge 64.683ms
[18.197s][debug][gc,ref         ] GC(42) Skipped phase 1 of Reference Processing: no references
[18.197s][debug][gc,ref         ] GC(42) ReferenceProcessor::execute queues: 1, RefProcThreadModel::Single, marks_oops_alive: false
[18.197s][debug][gc,ref         ] GC(42) Skipped phase 3 of Reference Processing: no references
[18.197s][debug][gc,ref         ] GC(42) ReferenceProcessor::execute queues: 1, RefProcThreadModel::Single, marks_oops_alive: false
[18.197s][debug][gc,phases      ] GC(42) Reference Processing 0.116ms
[18.197s][debug][gc,phases      ] GC(42)   VM Weak                        Min:  0.0, Avg:  0.0, Max:  0.0, Diff:  0.0, Sum:  0.0, Workers: 4
[18.197s][debug][gc,phases      ] GC(42)     Dead                           Min: 0, Avg:  0.0, Max: 0, Diff: 0, Sum: 0, Workers: 4
[18.197s][debug][gc,phases      ] GC(42)     Total                          Min: 0, Avg: 146.5, Max: 522, Diff: 522, Sum: 586, Workers: 4
[18.197s][debug][gc,phases      ] GC(42)   ObjectSynchronizer Weak        Min:  0.0, Avg:  0.0, Max:  0.0, Diff:  0.0, Sum:  0.0, Workers: 4
[18.197s][debug][gc,phases      ] GC(42)     Dead                           Min: 0, Avg:  0.0, Max: 0, Diff: 0, Sum: 0, Workers: 4
[18.197s][debug][gc,phases      ] GC(42)     Total                          Min: 0, Avg: 84.0, Max: 144, Diff: 144, Sum: 336, Workers: 4
[18.197s][debug][gc,phases      ] GC(42)   JVMTI Tag Weak OopStorage      Min:  0.0, Avg:  0.0, Max:  0.0, Diff:  0.0, Sum:  0.0, Workers: 4
[18.197s][debug][gc,phases      ] GC(42)     Dead                           Min: 0, Avg:  0.0, Max: 0, Diff: 0, Sum: 0, Workers: 4
[18.197s][debug][gc,phases      ] GC(42)     Total                          Min: 0, Avg:  0.0, Max: 0, Diff: 0, Sum: 0, Workers: 4
[18.197s][debug][gc,phases      ] GC(42)   StringTable Weak               Min:  0.1, Avg:  0.1, Max:  0.1, Diff:  0.0, Sum:  0.3, Workers: 4
[18.197s][debug][gc,phases      ] GC(42)     Dead                           Min: 0, Avg:  2.8, Max: 11, Diff: 11, Sum: 11, Workers: 4
[18.197s][debug][gc,phases      ] GC(42)     Total                          Min: 9298, Avg: 10675.0, Max: 11520, Diff: 2222, Sum: 42700, Workers: 4
[18.197s][debug][gc,phases      ] GC(42)   ResolvedMethodTable Weak       Min:  0.0, Avg:  0.0, Max:  0.0, Diff:  0.0, Sum:  0.1, Workers: 4
[18.197s][debug][gc,phases      ] GC(42)     Dead                           Min: 0, Avg:  0.0, Max: 0, Diff: 0, Sum: 0, Workers: 4
[18.197s][debug][gc,phases      ] GC(42)     Total                          Min: 1606, Avg: 1777.5, Max: 1920, Diff: 314, Sum: 7110, Workers: 4
[18.197s][debug][gc,phases      ] GC(42)   JNI Weak                       Min:  0.0, Avg:  0.0, Max:  0.0, Diff:  0.0, Sum:  0.0, Workers: 4
[18.197s][debug][gc,phases      ] GC(42)     Dead                           Min: 0, Avg:  0.0, Max: 0, Diff: 0, Sum: 0, Workers: 4
[18.197s][debug][gc,phases      ] GC(42)     Total                          Min: 0, Avg:  1.8, Max: 7, Diff: 7, Sum: 7, Workers: 4
[18.197s][debug][gc,phases      ] GC(42)   StringDedup Table Weak         Min:  0.0, Avg:  0.0, Max:  0.0, Diff:  0.0, Sum:  0.0, Workers: 4
[18.197s][debug][gc,phases      ] GC(42)     Dead                           Min: 0, Avg:  0.0, Max: 0, Diff: 0, Sum: 0, Workers: 4
[18.197s][debug][gc,phases      ] GC(42)     Total                          Min: 0, Avg:  0.0, Max: 0, Diff: 0, Sum: 0, Workers: 4
[18.197s][debug][gc,phases      ] GC(42)   StringDedup Requests0 Weak     Min:  0.0, Avg:  0.0, Max:  0.0, Diff:  0.0, Sum:  0.0, Workers: 4
[18.197s][debug][gc,phases      ] GC(42)     Dead                           Min: 0, Avg:  0.0, Max: 0, Diff: 0, Sum: 0, Workers: 4
[18.197s][debug][gc,phases      ] GC(42)     Total                          Min: 0, Avg:  0.0, Max: 0, Diff: 0, Sum: 0, Workers: 4
[18.197s][debug][gc,phases      ] GC(42)   StringDedup Requests1 Weak     Min:  0.0, Avg:  0.0, Max:  0.0, Diff:  0.0, Sum:  0.0, Workers: 4
[18.197s][debug][gc,phases      ] GC(42)     Dead                           Min: 0, Avg:  0.0, Max: 0, Diff: 0, Sum: 0, Workers: 4
[18.197s][debug][gc,phases      ] GC(42)     Total                          Min: 0, Avg:  0.0, Max: 0, Diff: 0, Sum: 0, Workers: 4
[18.197s][debug][gc,phases      ] GC(42)   Weak JFR Old Object Samples    Min:  0.0, Avg:  0.0, Max:  0.0, Diff:  0.0, Sum:  0.0, Workers: 4
[18.197s][debug][gc,phases      ] GC(42)     Dead                           Min: 0, Avg:  0.0, Max: 0, Diff: 0, Sum: 0, Workers: 4
[18.197s][debug][gc,phases      ] GC(42)     Total                          Min: 0, Avg:  0.0, Max: 0, Diff: 0, Sum: 0, Workers: 4
[18.197s][debug][gc,phases      ] GC(42) Weak Processing 0.228ms
[18.197s][debug][gc,age         ] GC(42) Desired survivor size 315621376 bytes, new threshold 15 (max threshold 15)
[18.197s][info ][gc,heap        ] GC(42) PSYoungGen: 1586176K(1747456K)->152832K(1788928K) Eden: 1413120K(1413120K)->0K(1469952K) From: 173056K(334336K)->152832K(318976K)
[18.197s][info ][gc,heap        ] GC(42) ParOldGen: 278825K(350208K)->299681K(350208K)
[18.197s][info ][gc,metaspace   ] GC(42) Metaspace: 68010K(68800K)->68010K(68800K) NonClass: 58064K(58496K)->58064K(58496K) Class: 9946K(10304K)->9946K(10304K)
[18.197s][info ][gc             ] GC(42) Pause Young (Allocation Failure) 1821M->441M(2089M) 65.142ms
[18.197s][info ][gc,cpu         ] GC(42) User=0.26s Sys=0.00s Real=0.06s
[18.197s][info ][safepoint      ] Safepoint "ParallelGCFailedAllocation", Time since last: 24850192 ns, Reaching safepoint: 104001 ns, At safepoint: 65234603 ns, Total: 65338604 ns
[18.252s][info ][safepoint      ] Safepoint "ICBufferFull", Time since last: 54770522 ns, Reaching safepoint: 107301 ns, At safepoint: 30300 ns, Total: 137601 ns
[18.287s][info ][safepoint      ] Safepoint "ICBufferFull", Time since last: 34481566 ns, Reaching safepoint: 115001 ns, At safepoint: 24900 ns, Total: 139901 ns
[18.311s][info ][safepoint      ] Safepoint "ICBufferFull", Time since last: 23933185 ns, Reaching safepoint: 103801 ns, At safepoint: 22900 ns, Total: 126701 ns
[18.335s][info ][safepoint      ] Safepoint "ICBufferFull", Time since last: 24427688 ns, Reaching safepoint: 114001 ns, At safepoint: 21100 ns, Total: 135101 ns
[18.487s][info ][safepoint      ] Safepoint "ICBufferFull", Time since last: 151709270 ns, Reaching safepoint: 134401 ns, At safepoint: 22900 ns, Total: 157301 ns
[18.489s][info ][safepoint      ] Safepoint "ICBufferFull", Time since last: 2365719 ns, Reaching safepoint: 91100 ns, At safepoint: 24501 ns, Total: 115601 ns
[18.526s][info ][safepoint      ] Safepoint "ICBufferFull", Time since last: 32458250 ns, Reaching safepoint: 4238133 ns, At safepoint: 22600 ns, Total: 4260733 ns
[18.550s][info ][gc,start       ] GC(43) Pause Young (Allocation Failure)
[18.602s][debug][gc,phases      ] GC(43) Scavenge 52.729ms
[18.602s][debug][gc,ref         ] GC(43) Skipped phase 1 of Reference Processing: no references
[18.602s][debug][gc,ref         ] GC(43) ReferenceProcessor::execute queues: 1, RefProcThreadModel::Single, marks_oops_alive: false
[18.603s][debug][gc,ref         ] GC(43) Skipped phase 3 of Reference Processing: no references
[18.603s][debug][gc,ref         ] GC(43) ReferenceProcessor::execute queues: 1, RefProcThreadModel::Single, marks_oops_alive: false
[18.603s][debug][gc,phases      ] GC(43) Reference Processing 0.122ms
[18.603s][debug][gc,phases      ] GC(43)   VM Weak                        Min:  0.0, Avg:  0.0, Max:  0.0, Diff:  0.0, Sum:  0.0, Workers: 4
[18.603s][debug][gc,phases      ] GC(43)     Dead                           Min: 0, Avg:  0.0, Max: 0, Diff: 0, Sum: 0, Workers: 4
[18.603s][debug][gc,phases      ] GC(43)     Total                          Min: 0, Avg: 146.5, Max: 330, Diff: 330, Sum: 586, Workers: 4
[18.603s][debug][gc,phases      ] GC(43)   ObjectSynchronizer Weak        Min:  0.0, Avg:  0.0, Max:  0.0, Diff:  0.0, Sum:  0.0, Workers: 4
[18.603s][debug][gc,phases      ] GC(43)     Dead                           Min: 0, Avg:  0.0, Max: 0, Diff: 0, Sum: 0, Workers: 4
[18.603s][debug][gc,phases      ] GC(43)     Total                          Min: 0, Avg: 84.0, Max: 192, Diff: 192, Sum: 336, Workers: 4
[18.603s][debug][gc,phases      ] GC(43)   JVMTI Tag Weak OopStorage      Min:  0.0, Avg:  0.0, Max:  0.0, Diff:  0.0, Sum:  0.0, Workers: 4
[18.603s][debug][gc,phases      ] GC(43)     Dead                           Min: 0, Avg:  0.0, Max: 0, Diff: 0, Sum: 0, Workers: 4
[18.603s][debug][gc,phases      ] GC(43)     Total                          Min: 0, Avg:  0.0, Max: 0, Diff: 0, Sum: 0, Workers: 4
[18.603s][debug][gc,phases      ] GC(43)   StringTable Weak               Min:  0.1, Avg:  0.1, Max:  0.1, Diff:  0.0, Sum:  0.3, Workers: 4
[18.603s][debug][gc,phases      ] GC(43)     Dead                           Min: 0, Avg:  2.8, Max: 5, Diff: 5, Sum: 11, Workers: 4
[18.603s][debug][gc,phases      ] GC(43)     Total                          Min: 8640, Avg: 10675.5, Max: 12686, Diff: 4046, Sum: 42702, Workers: 4
[18.603s][debug][gc,phases      ] GC(43)   ResolvedMethodTable Weak       Min:  0.0, Avg:  0.0, Max:  0.0, Diff:  0.0, Sum:  0.1, Workers: 4
[18.603s][debug][gc,phases      ] GC(43)     Dead                           Min: 0, Avg:  0.2, Max: 1, Diff: 1, Sum: 1, Workers: 4
[18.603s][debug][gc,phases      ] GC(43)     Total                          Min: 1408, Avg: 1777.5, Max: 2246, Diff: 838, Sum: 7110, Workers: 4
[18.603s][debug][gc,phases      ] GC(43)   JNI Weak                       Min:  0.0, Avg:  0.0, Max:  0.0, Diff:  0.0, Sum:  0.0, Workers: 4
[18.603s][debug][gc,phases      ] GC(43)     Dead                           Min: 0, Avg:  0.0, Max: 0, Diff: 0, Sum: 0, Workers: 4
[18.603s][debug][gc,phases      ] GC(43)     Total                          Min: 0, Avg:  2.5, Max: 10, Diff: 10, Sum: 10, Workers: 4
[18.603s][debug][gc,phases      ] GC(43)   StringDedup Table Weak         Min:  0.0, Avg:  0.0, Max:  0.0, Diff:  0.0, Sum:  0.0, Workers: 4
[18.603s][debug][gc,phases      ] GC(43)     Dead                           Min: 0, Avg:  0.0, Max: 0, Diff: 0, Sum: 0, Workers: 4
[18.603s][debug][gc,phases      ] GC(43)     Total                          Min: 0, Avg:  0.0, Max: 0, Diff: 0, Sum: 0, Workers: 4
[18.603s][debug][gc,phases      ] GC(43)   StringDedup Requests0 Weak     Min:  0.0, Avg:  0.0, Max:  0.0, Diff:  0.0, Sum:  0.0, Workers: 4
[18.603s][debug][gc,phases      ] GC(43)     Dead                           Min: 0, Avg:  0.0, Max: 0, Diff: 0, Sum: 0, Workers: 4
[18.603s][debug][gc,phases      ] GC(43)     Total                          Min: 0, Avg:  0.0, Max: 0, Diff: 0, Sum: 0, Workers: 4
[18.603s][debug][gc,phases      ] GC(43)   StringDedup Requests1 Weak     Min:  0.0, Avg:  0.0, Max:  0.0, Diff:  0.0, Sum:  0.0, Workers: 4
[18.603s][debug][gc,phases      ] GC(43)     Dead                           Min: 0, Avg:  0.0, Max: 0, Diff: 0, Sum: 0, Workers: 4
[18.603s][debug][gc,phases      ] GC(43)     Total                          Min: 0, Avg:  0.0, Max: 0, Diff: 0, Sum: 0, Workers: 4
[18.603s][debug][gc,phases      ] GC(43)   Weak JFR Old Object Samples    Min:  0.0, Avg:  0.0, Max:  0.0, Diff:  0.0, Sum:  0.0, Workers: 4
[18.603s][debug][gc,phases      ] GC(43)     Dead                           Min: 0, Avg:  0.0, Max: 0, Diff: 0, Sum: 0, Workers: 4
[18.603s][debug][gc,phases      ] GC(43)     Total                          Min: 0, Avg:  0.0, Max: 0, Diff: 0, Sum: 0, Workers: 4
[18.603s][debug][gc,phases      ] GC(43) Weak Processing 0.247ms
[18.603s][debug][gc,age         ] GC(43) Desired survivor size 308281344 bytes, new threshold 15 (max threshold 15)
[18.603s][info ][gc,heap        ] GC(43) PSYoungGen: 1622784K(1788928K)->138041K(1778176K) Eden: 1469952K(1469952K)->0K(1469952K) From: 152832K(318976K)->138041K(308224K)
[18.603s][info ][gc,heap        ] GC(43) ParOldGen: 299681K(350208K)->311417K(350208K)
[18.603s][info ][gc,metaspace   ] GC(43) Metaspace: 68047K(68800K)->68047K(68800K) NonClass: 58100K(58496K)->58100K(58496K) Class: 9946K(10304K)->9946K(10304K)
[18.603s][info ][gc             ] GC(43) Pause Young (Allocation Failure) 1877M->438M(2078M) 53.202ms
[18.603s][info ][gc,cpu         ] GC(43) User=0.21s Sys=0.00s Real=0.05s
[18.603s][info ][safepoint      ] Safepoint "ParallelGCFailedAllocation", Time since last: 23144578 ns, Reaching safepoint: 251502 ns, At safepoint: 53301911 ns, Total: 53553413 ns
[18.627s][info ][safepoint      ] Safepoint "ICBufferFull", Time since last: 23624082 ns, Reaching safepoint: 124601 ns, At safepoint: 25901 ns, Total: 150502 ns
[18.630s][info ][safepoint      ] Safepoint "ICBufferFull", Time since last: 2971422 ns, Reaching safepoint: 103501 ns, At safepoint: 24400 ns, Total: 127901 ns
[18.713s][info ][safepoint      ] Safepoint "ICBufferFull", Time since last: 83406444 ns, Reaching safepoint: 128401 ns, At safepoint: 42700 ns, Total: 171101 ns
[18.837s][info ][safepoint      ] Safepoint "ICBufferFull", Time since last: 121535337 ns, Reaching safepoint: 2106316 ns, At safepoint: 29401 ns, Total: 2135717 ns
[18.842s][info ][gc,start       ] GC(44) Pause Young (Allocation Failure)
[18.902s][debug][gc,phases      ] GC(44) Scavenge 59.819ms
[18.902s][debug][gc,ref         ] GC(44) Skipped phase 1 of Reference Processing: no references
[18.902s][debug][gc,ref         ] GC(44) ReferenceProcessor::execute queues: 1, RefProcThreadModel::Single, marks_oops_alive: false
[18.902s][debug][gc,ref         ] GC(44) Skipped phase 3 of Reference Processing: no references
[18.902s][debug][gc,ref         ] GC(44) ReferenceProcessor::execute queues: 1, RefProcThreadModel::Single, marks_oops_alive: false
[18.902s][debug][gc,phases      ] GC(44) Reference Processing 0.130ms
[18.902s][debug][gc,phases      ] GC(44)   VM Weak                        Min:  0.0, Avg:  0.0, Max:  0.0, Diff:  0.0, Sum:  0.0, Workers: 4
[18.902s][debug][gc,phases      ] GC(44)     Dead                           Min: 0, Avg:  0.0, Max: 0, Diff: 0, Sum: 0, Workers: 4
[18.902s][debug][gc,phases      ] GC(44)     Total                          Min: 0, Avg: 146.5, Max: 586, Diff: 586, Sum: 586, Workers: 4
[18.902s][debug][gc,phases      ] GC(44)   ObjectSynchronizer Weak        Min:  0.0, Avg:  0.0, Max:  0.0, Diff:  0.0, Sum:  0.0, Workers: 4
[18.902s][debug][gc,phases      ] GC(44)     Dead                           Min: 0, Avg:  0.0, Max: 0, Diff: 0, Sum: 0, Workers: 4
[18.902s][debug][gc,phases      ] GC(44)     Total                          Min: 0, Avg: 84.0, Max: 208, Diff: 208, Sum: 336, Workers: 4
[18.902s][debug][gc,phases      ] GC(44)   JVMTI Tag Weak OopStorage      Min:  0.0, Avg:  0.0, Max:  0.0, Diff:  0.0, Sum:  0.0, Workers: 4
[18.902s][debug][gc,phases      ] GC(44)     Dead                           Min: 0, Avg:  0.0, Max: 0, Diff: 0, Sum: 0, Workers: 4
[18.902s][debug][gc,phases      ] GC(44)     Total                          Min: 0, Avg:  0.0, Max: 0, Diff: 0, Sum: 0, Workers: 4
[18.902s][debug][gc,phases      ] GC(44)   StringTable Weak               Min:  0.1, Avg:  0.1, Max:  0.1, Diff:  0.0, Sum:  0.3, Workers: 4
[18.902s][debug][gc,phases      ] GC(44)     Dead                           Min: 0, Avg:  0.0, Max: 0, Diff: 0, Sum: 0, Workers: 4
[18.902s][debug][gc,phases      ] GC(44)     Total                          Min: 8000, Avg: 10679.0, Max: 13340, Diff: 5340, Sum: 42716, Workers: 4
[18.902s][debug][gc,phases      ] GC(44)   ResolvedMethodTable Weak       Min:  0.0, Avg:  0.0, Max:  0.0, Diff:  0.0, Sum:  0.1, Workers: 4
[18.902s][debug][gc,phases      ] GC(44)     Dead                           Min: 0, Avg:  0.0, Max: 0, Diff: 0, Sum: 0, Workers: 4
[18.902s][debug][gc,phases      ] GC(44)     Total                          Min: 1344, Avg: 1777.5, Max: 2247, Diff: 903, Sum: 7110, Workers: 4
[18.902s][debug][gc,phases      ] GC(44)   JNI Weak                       Min:  0.0, Avg:  0.0, Max:  0.0, Diff:  0.0, Sum:  0.0, Workers: 4
[18.902s][debug][gc,phases      ] GC(44)     Dead                           Min: 0, Avg:  0.0, Max: 0, Diff: 0, Sum: 0, Workers: 4
[18.902s][debug][gc,phases      ] GC(44)     Total                          Min: 0, Avg:  1.8, Max: 7, Diff: 7, Sum: 7, Workers: 4
[18.902s][debug][gc,phases      ] GC(44)   StringDedup Table Weak         Min:  0.0, Avg:  0.0, Max:  0.0, Diff:  0.0, Sum:  0.0, Workers: 4
[18.902s][debug][gc,phases      ] GC(44)     Dead                           Min: 0, Avg:  0.0, Max: 0, Diff: 0, Sum: 0, Workers: 4
[18.902s][debug][gc,phases      ] GC(44)     Total                          Min: 0, Avg:  0.0, Max: 0, Diff: 0, Sum: 0, Workers: 4
[18.902s][debug][gc,phases      ] GC(44)   StringDedup Requests0 Weak     Min:  0.0, Avg:  0.0, Max:  0.0, Diff:  0.0, Sum:  0.0, Workers: 4
[18.902s][debug][gc,phases      ] GC(44)     Dead                           Min: 0, Avg:  0.0, Max: 0, Diff: 0, Sum: 0, Workers: 4
[18.902s][debug][gc,phases      ] GC(44)     Total                          Min: 0, Avg:  0.0, Max: 0, Diff: 0, Sum: 0, Workers: 4
[18.902s][debug][gc,phases      ] GC(44)   StringDedup Requests1 Weak     Min:  0.0, Avg:  0.0, Max:  0.0, Diff:  0.0, Sum:  0.0, Workers: 4
[18.902s][debug][gc,phases      ] GC(44)     Dead                           Min: 0, Avg:  0.0, Max: 0, Diff: 0, Sum: 0, Workers: 4
[18.902s][debug][gc,phases      ] GC(44)     Total                          Min: 0, Avg:  0.0, Max: 0, Diff: 0, Sum: 0, Workers: 4
[18.902s][debug][gc,phases      ] GC(44)   Weak JFR Old Object Samples    Min:  0.0, Avg:  0.0, Max:  0.0, Diff:  0.0, Sum:  0.0, Workers: 4
[18.902s][debug][gc,phases      ] GC(44)     Dead                           Min: 0, Avg:  0.0, Max: 0, Diff: 0, Sum: 0, Workers: 4
[18.902s][debug][gc,phases      ] GC(44)     Total                          Min: 0, Avg:  0.0, Max: 0, Diff: 0, Sum: 0, Workers: 4
[18.902s][debug][gc,phases      ] GC(44) Weak Processing 0.249ms
[18.902s][debug][gc,age         ] GC(44) Desired survivor size 310378496 bytes, new threshold 15 (max threshold 15)
[18.902s][info ][gc,heap        ] GC(44) PSYoungGen: 1607993K(1778176K)->80448K(1792000K) Eden: 1469952K(1469952K)->0K(1490944K) From: 138041K(308224K)->80448K(301056K)
[18.902s][info ][gc,heap        ] GC(44) ParOldGen: 311417K(350208K)->358873K(358912K)
[18.902s][info ][gc,metaspace   ] GC(44) Metaspace: 68052K(68800K)->68052K(68800K) NonClass: 58106K(58496K)->58106K(58496K) Class: 9946K(10304K)->9946K(10304K)
[18.902s][info ][gc             ] GC(44) Pause Young (Allocation Failure) 1874M->429M(2100M) 60.305ms
[18.902s][info ][gc,cpu         ] GC(44) User=0.22s Sys=0.02s Real=0.06s
[18.902s][debug][gc,phases      ] GC(45) Pre Compact 0.021ms
[18.902s][info ][gc,start       ] GC(45) Pause Full (Ergonomics)
[18.902s][info ][gc,phases,start] GC(45) Marking Phase
[19.013s][debug][gc,phases      ] GC(45) Par Mark 110.461ms
[19.013s][debug][gc,ref         ] GC(45) Skipped phase 1 of Reference Processing: no references
[19.013s][debug][gc,ref         ] GC(45) ReferenceProcessor::execute queues: 4, RefProcThreadModel::Multi, marks_oops_alive: false
[19.013s][debug][gc,ref         ] GC(45) Skipped phase 3 of Reference Processing: no references
[19.013s][debug][gc,ref         ] GC(45) ReferenceProcessor::execute queues: 1, RefProcThreadModel::Single, marks_oops_alive: false
[19.013s][debug][gc,phases      ] GC(45) Reference Processing 0.624ms
[19.014s][debug][gc,phases      ] GC(45)   VM Weak                        Min:  0.0, Avg:  0.0, Max:  0.0, Diff:  0.0, Sum:  0.0, Workers: 4
[19.014s][debug][gc,phases      ] GC(45)     Dead                           Min: 0, Avg:  0.0, Max: 0, Diff: 0, Sum: 0, Workers: 4
[19.014s][debug][gc,phases      ] GC(45)     Total                          Min: 0, Avg: 146.5, Max: 458, Diff: 458, Sum: 586, Workers: 4
[19.014s][debug][gc,phases      ] GC(45)   ObjectSynchronizer Weak        Min:  0.0, Avg:  0.0, Max:  0.0, Diff:  0.0, Sum:  0.0, Workers: 4
[19.014s][debug][gc,phases      ] GC(45)     Dead                           Min: 0, Avg:  0.0, Max: 0, Diff: 0, Sum: 0, Workers: 4
[19.014s][debug][gc,phases      ] GC(45)     Total                          Min: 0, Avg: 84.0, Max: 128, Diff: 128, Sum: 336, Workers: 4
[19.014s][debug][gc,phases      ] GC(45)   JVMTI Tag Weak OopStorage      Min:  0.0, Avg:  0.0, Max:  0.0, Diff:  0.0, Sum:  0.0, Workers: 4
[19.014s][debug][gc,phases      ] GC(45)     Dead                           Min: 0, Avg:  0.0, Max: 0, Diff: 0, Sum: 0, Workers: 4
[19.014s][debug][gc,phases      ] GC(45)     Total                          Min: 0, Avg:  0.0, Max: 0, Diff: 0, Sum: 0, Workers: 4
[19.014s][debug][gc,phases      ] GC(45)   StringTable Weak               Min:  0.1, Avg:  0.1, Max:  0.1, Diff:  0.0, Sum:  0.5, Workers: 4
[19.014s][debug][gc,phases      ] GC(45)     Dead                           Min: 0, Avg:  0.0, Max: 0, Diff: 0, Sum: 0, Workers: 4
[19.014s][debug][gc,phases      ] GC(45)     Total                          Min: 9216, Avg: 10679.0, Max: 12032, Diff: 2816, Sum: 42716, Workers: 4
[19.014s][debug][gc,phases      ] GC(45)   ResolvedMethodTable Weak       Min:  0.0, Avg:  0.0, Max:  0.0, Diff:  0.0, Sum:  0.1, Workers: 4
[19.014s][debug][gc,phases      ] GC(45)     Dead                           Min: 0, Avg:  0.0, Max: 0, Diff: 0, Sum: 0, Workers: 4
[19.014s][debug][gc,phases      ] GC(45)     Total                          Min: 1543, Avg: 1777.5, Max: 1984, Diff: 441, Sum: 7110, Workers: 4
[19.014s][debug][gc,phases      ] GC(45)   JNI Weak                       Min:  0.0, Avg:  0.0, Max:  0.0, Diff:  0.0, Sum:  0.0, Workers: 4
[19.014s][debug][gc,phases      ] GC(45)     Dead                           Min: 0, Avg:  0.0, Max: 0, Diff: 0, Sum: 0, Workers: 4
[19.014s][debug][gc,phases      ] GC(45)     Total                          Min: 0, Avg:  1.8, Max: 7, Diff: 7, Sum: 7, Workers: 4
[19.014s][debug][gc,phases      ] GC(45)   StringDedup Table Weak         Min:  0.0, Avg:  0.0, Max:  0.0, Diff:  0.0, Sum:  0.0, Workers: 4
[19.014s][debug][gc,phases      ] GC(45)     Dead                           Min: 0, Avg:  0.0, Max: 0, Diff: 0, Sum: 0, Workers: 4
[19.014s][debug][gc,phases      ] GC(45)     Total                          Min: 0, Avg:  0.0, Max: 0, Diff: 0, Sum: 0, Workers: 4
[19.014s][debug][gc,phases      ] GC(45)   StringDedup Requests0 Weak     Min:  0.0, Avg:  0.0, Max:  0.0, Diff:  0.0, Sum:  0.0, Workers: 4
[19.014s][debug][gc,phases      ] GC(45)     Dead                           Min: 0, Avg:  0.0, Max: 0, Diff: 0, Sum: 0, Workers: 4
[19.014s][debug][gc,phases      ] GC(45)     Total                          Min: 0, Avg:  0.0, Max: 0, Diff: 0, Sum: 0, Workers: 4
[19.014s][debug][gc,phases      ] GC(45)   StringDedup Requests1 Weak     Min:  0.0, Avg:  0.0, Max:  0.0, Diff:  0.0, Sum:  0.0, Workers: 4
[19.014s][debug][gc,phases      ] GC(45)     Dead                           Min: 0, Avg:  0.0, Max: 0, Diff: 0, Sum: 0, Workers: 4
[19.014s][debug][gc,phases      ] GC(45)     Total                          Min: 0, Avg:  0.0, Max: 0, Diff: 0, Sum: 0, Workers: 4
[19.014s][debug][gc,phases      ] GC(45)   Weak JFR Old Object Samples    Min:  0.0, Avg:  0.0, Max:  0.0, Diff:  0.0, Sum:  0.0, Workers: 4
[19.014s][debug][gc,phases      ] GC(45)     Dead                           Min: 0, Avg:  0.0, Max: 0, Diff: 0, Sum: 0, Workers: 4
[19.014s][debug][gc,phases      ] GC(45)     Total                          Min: 0, Avg:  0.0, Max: 0, Diff: 0, Sum: 0, Workers: 4
[19.014s][debug][gc,phases      ] GC(45) Weak Processing 0.316ms
[19.014s][debug][gc,phases      ] GC(45) ClassLoaderData 0.080ms
[19.014s][debug][gc,phases      ] GC(45) Trigger cleanups 0.000ms
[19.022s][debug][gc,phases      ] GC(45) Class Unloading 8.020ms
[19.022s][info ][gc,phases      ] GC(45) Marking Phase 119.524ms
[19.022s][info ][gc,phases,start] GC(45) Summary Phase
[19.022s][info ][gc,phases      ] GC(45) Summary Phase 0.013ms
[19.022s][info ][gc,phases,start] GC(45) Adjust Roots
[19.028s][info ][gc,phases      ] GC(45) Adjust Roots 6.392ms
[19.028s][info ][gc,phases,start] GC(45) Compaction Phase
[19.214s][info ][gc,phases      ] GC(45) Compaction Phase 185.395ms
[19.214s][info ][gc,phases,start] GC(45) Post Compact
[19.215s][info ][gc,phases      ] GC(45) Post Compact 1.080ms
[19.215s][info ][gc,heap        ] GC(45) PSYoungGen: 80448K(1792000K)->0K(1794048K) Eden: 0K(1490944K)->0K(1490944K) From: 80448K(301056K)->0K(303104K)
[19.215s][info ][gc,heap        ] GC(45) ParOldGen: 358873K(358912K)->347832K(422912K)
[19.215s][info ][gc,metaspace   ] GC(45) Metaspace: 68052K(68800K)->68052K(68800K) NonClass: 58106K(58496K)->58106K(58496K) Class: 9946K(10304K)->9946K(10304K)
[19.215s][info ][gc             ] GC(45) Pause Full (Ergonomics) 429M->339M(2165M) 312.628ms
[19.215s][info ][gc,cpu         ] GC(45) User=1.20s Sys=0.00s Real=0.31s
[19.215s][info ][safepoint      ] Safepoint "ParallelGCFailedAllocation", Time since last: 4722336 ns, Reaching safepoint: 98301 ns, At safepoint: 373101777 ns, Total: 373200078 ns
[19.259s][info ][safepoint      ] Safepoint "ICBufferFull", Time since last: 43589136 ns, Reaching safepoint: 123401 ns, At safepoint: 24000 ns, Total: 147401 ns
[19.283s][info ][safepoint      ] Safepoint "ICBufferFull", Time since last: 24151586 ns, Reaching safepoint: 112001 ns, At safepoint: 21000 ns, Total: 133001 ns
[19.309s][info ][safepoint      ] Safepoint "ICBufferFull", Time since last: 25519697 ns, Reaching safepoint: 117701 ns, At safepoint: 23600 ns, Total: 141301 ns
[19.349s][info ][safepoint      ] Safepoint "ICBufferFull", Time since last: 40114409 ns, Reaching safepoint: 114501 ns, At safepoint: 26201 ns, Total: 140702 ns
[19.515s][info ][safepoint      ] Safepoint "ICBufferFull", Time since last: 166046480 ns, Reaching safepoint: 123401 ns, At safepoint: 22200 ns, Total: 145601 ns
[19.528s][info ][gc,start       ] GC(46) Pause Young (Allocation Failure)
[19.535s][debug][gc,phases      ] GC(46) Scavenge 6.792ms
[19.535s][debug][gc,ref         ] GC(46) Skipped phase 1 of Reference Processing: no references
[19.535s][debug][gc,ref         ] GC(46) Skipped phase 2 of Reference Processing: no references
[19.535s][debug][gc,ref         ] GC(46) Skipped phase 3 of Reference Processing: no references
[19.535s][debug][gc,ref         ] GC(46) Skipped phase 4 of Reference Processing: no references
[19.535s][debug][gc,phases      ] GC(46) Reference Processing 0.019ms
[19.535s][debug][gc,phases      ] GC(46)   VM Weak                        Min:  0.0, Avg:  0.0, Max:  0.0, Diff:  0.0, Sum:  0.0, Workers: 4
[19.535s][debug][gc,phases      ] GC(46)     Dead                           Min: 0, Avg:  0.0, Max: 0, Diff: 0, Sum: 0, Workers: 4
[19.535s][debug][gc,phases      ] GC(46)     Total                          Min: 0, Avg: 146.5, Max: 256, Diff: 256, Sum: 586, Workers: 4
[19.535s][debug][gc,phases      ] GC(46)   ObjectSynchronizer Weak        Min:  0.0, Avg:  0.0, Max:  0.0, Diff:  0.0, Sum:  0.0, Workers: 4
[19.535s][debug][gc,phases      ] GC(46)     Dead                           Min: 0, Avg:  0.0, Max: 0, Diff: 0, Sum: 0, Workers: 4
[19.535s][debug][gc,phases      ] GC(46)     Total                          Min: 0, Avg: 84.0, Max: 192, Diff: 192, Sum: 336, Workers: 4
[19.535s][debug][gc,phases      ] GC(46)   JVMTI Tag Weak OopStorage      Min:  0.0, Avg:  0.0, Max:  0.0, Diff:  0.0, Sum:  0.0, Workers: 4
[19.535s][debug][gc,phases      ] GC(46)     Dead                           Min: 0, Avg:  0.0, Max: 0, Diff: 0, Sum: 0, Workers: 4
[19.535s][debug][gc,phases      ] GC(46)     Total                          Min: 0, Avg:  0.0, Max: 0, Diff: 0, Sum: 0, Workers: 4
[19.535s][debug][gc,phases      ] GC(46)   StringTable Weak               Min:  0.1, Avg:  0.1, Max:  0.1, Diff:  0.0, Sum:  0.4, Workers: 4
[19.535s][debug][gc,phases      ] GC(46)     Dead                           Min: 0, Avg:  2.8, Max: 11, Diff: 11, Sum: 11, Workers: 4
[19.535s][debug][gc,phases      ] GC(46)     Total                          Min: 10368, Avg: 10679.0, Max: 10940, Diff: 572, Sum: 42716, Workers: 4
[19.535s][debug][gc,phases      ] GC(46)   ResolvedMethodTable Weak       Min:  0.0, Avg:  0.0, Max:  0.0, Diff:  0.0, Sum:  0.1, Workers: 4
[19.535s][debug][gc,phases      ] GC(46)     Dead                           Min: 0, Avg:  0.0, Max: 0, Diff: 0, Sum: 0, Workers: 4
[19.535s][debug][gc,phases      ] GC(46)     Total                          Min: 1670, Avg: 1777.5, Max: 1920, Diff: 250, Sum: 7110, Workers: 4
[19.535s][debug][gc,phases      ] GC(46)   JNI Weak                       Min:  0.0, Avg:  0.0, Max:  0.0, Diff:  0.0, Sum:  0.0, Workers: 4
[19.535s][debug][gc,phases      ] GC(46)     Dead                           Min: 0, Avg:  0.0, Max: 0, Diff: 0, Sum: 0, Workers: 4
[19.535s][debug][gc,phases      ] GC(46)     Total                          Min: 0, Avg:  2.5, Max: 10, Diff: 10, Sum: 10, Workers: 4
[19.535s][debug][gc,phases      ] GC(46)   StringDedup Table Weak         Min:  0.0, Avg:  0.0, Max:  0.0, Diff:  0.0, Sum:  0.0, Workers: 4
[19.535s][debug][gc,phases      ] GC(46)     Dead                           Min: 0, Avg:  0.0, Max: 0, Diff: 0, Sum: 0, Workers: 4
[19.535s][debug][gc,phases      ] GC(46)     Total                          Min: 0, Avg:  0.0, Max: 0, Diff: 0, Sum: 0, Workers: 4
[19.535s][debug][gc,phases      ] GC(46)   StringDedup Requests0 Weak     Min:  0.0, Avg:  0.0, Max:  0.0, Diff:  0.0, Sum:  0.0, Workers: 4
[19.535s][debug][gc,phases      ] GC(46)     Dead                           Min: 0, Avg:  0.0, Max: 0, Diff: 0, Sum: 0, Workers: 4
[19.535s][debug][gc,phases      ] GC(46)     Total                          Min: 0, Avg:  0.0, Max: 0, Diff: 0, Sum: 0, Workers: 4
[19.535s][debug][gc,phases      ] GC(46)   StringDedup Requests1 Weak     Min:  0.0, Avg:  0.0, Max:  0.0, Diff:  0.0, Sum:  0.0, Workers: 4
[19.535s][debug][gc,phases      ] GC(46)     Dead                           Min: 0, Avg:  0.0, Max: 0, Diff: 0, Sum: 0, Workers: 4
[19.535s][debug][gc,phases      ] GC(46)     Total                          Min: 0, Avg:  0.0, Max: 0, Diff: 0, Sum: 0, Workers: 4
[19.535s][debug][gc,phases      ] GC(46)   Weak JFR Old Object Samples    Min:  0.0, Avg:  0.0, Max:  0.0, Diff:  0.0, Sum:  0.0, Workers: 4
[19.535s][debug][gc,phases      ] GC(46)     Dead                           Min: 0, Avg:  0.0, Max: 0, Diff: 0, Sum: 0, Workers: 4
[19.535s][debug][gc,phases      ] GC(46)     Total                          Min: 0, Avg:  0.0, Max: 0, Diff: 0, Sum: 0, Workers: 4
[19.535s][debug][gc,phases      ] GC(46) Weak Processing 0.271ms
[19.535s][debug][gc,age         ] GC(46) Desired survivor size 322961408 bytes, new threshold 15 (max threshold 15)
[19.535s][info ][gc,heap        ] GC(46) PSYoungGen: 1490944K(1794048K)->7072K(1769472K) Eden: 1490944K(1490944K)->0K(1466368K) From: 0K(303104K)->7072K(303104K)
[19.535s][info ][gc,heap        ] GC(46) ParOldGen: 347832K(422912K)->347832K(422912K)
[19.535s][info ][gc,metaspace   ] GC(46) Metaspace: 68053K(68800K)->68053K(68800K) NonClass: 58107K(58496K)->58107K(58496K) Class: 9946K(10304K)->9946K(10304K)
[19.535s][info ][gc             ] GC(46) Pause Young (Allocation Failure) 1795M->346M(2141M) 7.179ms
[19.535s][info ][gc,cpu         ] GC(46) User=0.04s Sys=0.00s Real=0.01s
[19.535s][info ][safepoint      ] Safepoint "ParallelGCFailedAllocation", Time since last: 12528196 ns, Reaching safepoint: 109801 ns, At safepoint: 7263656 ns, Total: 7373457 ns
[19.552s][info ][safepoint      ] Safepoint "ICBufferFull", Time since last: 17281134 ns, Reaching safepoint: 100100 ns, At safepoint: 24501 ns, Total: 124601 ns
[19.632s][info ][safepoint      ] Safepoint "ICBufferFull", Time since last: 79346911 ns, Reaching safepoint: 142901 ns, At safepoint: 40301 ns, Total: 183202 ns
[19.633s][info ][safepoint      ] Safepoint "ICBufferFull", Time since last: 493204 ns, Reaching safepoint: 104800 ns, At safepoint: 28201 ns, Total: 133001 ns
[19.853s][info ][gc,start       ] GC(47) Pause Young (Allocation Failure)
[19.861s][debug][gc,phases      ] GC(47) Scavenge 7.707ms
[19.861s][debug][gc,ref         ] GC(47) Skipped phase 1 of Reference Processing: no references
[19.861s][debug][gc,ref         ] GC(47) ReferenceProcessor::execute queues: 1, RefProcThreadModel::Single, marks_oops_alive: false
[19.861s][debug][gc,ref         ] GC(47) Skipped phase 3 of Reference Processing: no references
[19.861s][debug][gc,ref         ] GC(47) ReferenceProcessor::execute queues: 1, RefProcThreadModel::Single, marks_oops_alive: false
[19.861s][debug][gc,phases      ] GC(47) Reference Processing 0.097ms
[19.861s][debug][gc,phases      ] GC(47)   VM Weak                        Min:  0.0, Avg:  0.0, Max:  0.0, Diff:  0.0, Sum:  0.0, Workers: 4
[19.861s][debug][gc,phases      ] GC(47)     Dead                           Min: 0, Avg:  0.0, Max: 0, Diff: 0, Sum: 0, Workers: 4
[19.861s][debug][gc,phases      ] GC(47)     Total                          Min: 0, Avg: 147.5, Max: 320, Diff: 320, Sum: 590, Workers: 4
[19.861s][debug][gc,phases      ] GC(47)   ObjectSynchronizer Weak        Min:  0.0, Avg:  0.0, Max:  0.0, Diff:  0.0, Sum:  0.0, Workers: 4
[19.861s][debug][gc,phases      ] GC(47)     Dead                           Min: 0, Avg:  0.0, Max: 0, Diff: 0, Sum: 0, Workers: 4
[19.861s][debug][gc,phases      ] GC(47)     Total                          Min: 0, Avg: 84.0, Max: 192, Diff: 192, Sum: 336, Workers: 4
[19.861s][debug][gc,phases      ] GC(47)   JVMTI Tag Weak OopStorage      Min:  0.0, Avg:  0.0, Max:  0.0, Diff:  0.0, Sum:  0.0, Workers: 4
[19.861s][debug][gc,phases      ] GC(47)     Dead                           Min: 0, Avg:  0.0, Max: 0, Diff: 0, Sum: 0, Workers: 4
[19.861s][debug][gc,phases      ] GC(47)     Total                          Min: 0, Avg:  0.0, Max: 0, Diff: 0, Sum: 0, Workers: 4
[19.861s][debug][gc,phases      ] GC(47)   StringTable Weak               Min:  0.1, Avg:  0.1, Max:  0.1, Diff:  0.0, Sum:  0.4, Workers: 4
[19.861s][debug][gc,phases      ] GC(47)     Dead                           Min: 0, Avg:  2.8, Max: 11, Diff: 11, Sum: 11, Workers: 4
[19.861s][debug][gc,phases      ] GC(47)     Total                          Min: 10293, Avg: 10708.8, Max: 11136, Diff: 843, Sum: 42835, Workers: 4
[19.861s][debug][gc,phases      ] GC(47)   ResolvedMethodTable Weak       Min:  0.0, Avg:  0.0, Max:  0.0, Diff:  0.0, Sum:  0.1, Workers: 4
[19.861s][debug][gc,phases      ] GC(47)     Dead                           Min: 0, Avg:  0.0, Max: 0, Diff: 0, Sum: 0, Workers: 4
[19.861s][debug][gc,phases      ] GC(47)     Total                          Min: 1663, Avg: 1789.5, Max: 1913, Diff: 250, Sum: 7158, Workers: 4
[19.861s][debug][gc,phases      ] GC(47)   JNI Weak                       Min:  0.0, Avg:  0.0, Max:  0.0, Diff:  0.0, Sum:  0.0, Workers: 4
[19.861s][debug][gc,phases      ] GC(47)     Dead                           Min: 0, Avg:  0.0, Max: 0, Diff: 0, Sum: 0, Workers: 4
[19.861s][debug][gc,phases      ] GC(47)     Total                          Min: 0, Avg:  2.0, Max: 8, Diff: 8, Sum: 8, Workers: 4
[19.861s][debug][gc,phases      ] GC(47)   StringDedup Table Weak         Min:  0.0, Avg:  0.0, Max:  0.0, Diff:  0.0, Sum:  0.0, Workers: 4
[19.861s][debug][gc,phases      ] GC(47)     Dead                           Min: 0, Avg:  0.0, Max: 0, Diff: 0, Sum: 0, Workers: 4
[19.861s][debug][gc,phases      ] GC(47)     Total                          Min: 0, Avg:  0.0, Max: 0, Diff: 0, Sum: 0, Workers: 4
[19.861s][debug][gc,phases      ] GC(47)   StringDedup Requests0 Weak     Min:  0.0, Avg:  0.0, Max:  0.0, Diff:  0.0, Sum:  0.0, Workers: 4
[19.861s][debug][gc,phases      ] GC(47)     Dead                           Min: 0, Avg:  0.0, Max: 0, Diff: 0, Sum: 0, Workers: 4
[19.861s][debug][gc,phases      ] GC(47)     Total                          Min: 0, Avg:  0.0, Max: 0, Diff: 0, Sum: 0, Workers: 4
[19.861s][debug][gc,phases      ] GC(47)   StringDedup Requests1 Weak     Min:  0.0, Avg:  0.0, Max:  0.0, Diff:  0.0, Sum:  0.0, Workers: 4
[19.861s][debug][gc,phases      ] GC(47)     Dead                           Min: 0, Avg:  0.0, Max: 0, Diff: 0, Sum: 0, Workers: 4
[19.861s][debug][gc,phases      ] GC(47)     Total                          Min: 0, Avg:  0.0, Max: 0, Diff: 0, Sum: 0, Workers: 4
[19.861s][debug][gc,phases      ] GC(47)   Weak JFR Old Object Samples    Min:  0.0, Avg:  0.0, Max:  0.0, Diff:  0.0, Sum:  0.0, Workers: 4
[19.861s][debug][gc,phases      ] GC(47)     Dead                           Min: 0, Avg:  0.0, Max: 0, Diff: 0, Sum: 0, Workers: 4
[19.861s][debug][gc,phases      ] GC(47)     Total                          Min: 0, Avg:  0.0, Max: 0, Diff: 0, Sum: 0, Workers: 4
[19.861s][debug][gc,phases      ] GC(47) Weak Processing 0.260ms
[19.861s][debug][gc,age         ] GC(47) Desired survivor size 329252864 bytes, new threshold 15 (max threshold 15)
[19.861s][info ][gc,heap        ] GC(47) PSYoungGen: 1473440K(1769472K)->9744K(1476608K) Eden: 1466368K(1466368K)->0K(1466368K) From: 7072K(303104K)->9744K(10240K)
[19.861s][info ][gc,heap        ] GC(47) ParOldGen: 347832K(422912K)->347840K(422912K)
[19.861s][info ][gc,metaspace   ] GC(47) Metaspace: 68226K(69056K)->68226K(69056K) NonClass: 58250K(58688K)->58250K(58688K) Class: 9976K(10368K)->9976K(10368K)
[19.861s][info ][gc             ] GC(47) Pause Young (Allocation Failure) 1778M->349M(1855M) 8.161ms
[19.861s][info ][gc,cpu         ] GC(47) User=0.03s Sys=0.00s Real=0.00s
[19.861s][info ][safepoint      ] Safepoint "ParallelGCFailedAllocation", Time since last: 220235998 ns, Reaching safepoint: 147101 ns, At safepoint: 8253063 ns, Total: 8400164 ns
[20.129s][info ][gc,start       ] GC(48) Pause Young (Allocation Failure)
[20.135s][debug][gc,phases      ] GC(48) Scavenge 5.945ms
[20.135s][debug][gc,ref         ] GC(48) Skipped phase 1 of Reference Processing: no references
[20.136s][debug][gc,ref         ] GC(48) ReferenceProcessor::execute queues: 1, RefProcThreadModel::Single, marks_oops_alive: false
[20.136s][debug][gc,ref         ] GC(48) Skipped phase 3 of Reference Processing: no references
[20.136s][debug][gc,ref         ] GC(48) ReferenceProcessor::execute queues: 1, RefProcThreadModel::Single, marks_oops_alive: false
[20.136s][debug][gc,phases      ] GC(48) Reference Processing 0.105ms
[20.136s][debug][gc,phases      ] GC(48)   VM Weak                        Min:  0.0, Avg:  0.0, Max:  0.0, Diff:  0.0, Sum:  0.0, Workers: 4
[20.136s][debug][gc,phases      ] GC(48)     Dead                           Min: 0, Avg:  0.0, Max: 0, Diff: 0, Sum: 0, Workers: 4
[20.136s][debug][gc,phases      ] GC(48)     Total                          Min: 0, Avg: 149.2, Max: 341, Diff: 341, Sum: 597, Workers: 4
[20.136s][debug][gc,phases      ] GC(48)   ObjectSynchronizer Weak        Min:  0.0, Avg:  0.0, Max:  0.0, Diff:  0.0, Sum:  0.0, Workers: 4
[20.136s][debug][gc,phases      ] GC(48)     Dead                           Min: 0, Avg:  0.0, Max: 0, Diff: 0, Sum: 0, Workers: 4
[20.136s][debug][gc,phases      ] GC(48)     Total                          Min: 0, Avg: 84.0, Max: 128, Diff: 128, Sum: 336, Workers: 4
[20.136s][debug][gc,phases      ] GC(48)   JVMTI Tag Weak OopStorage      Min:  0.0, Avg:  0.0, Max:  0.0, Diff:  0.0, Sum:  0.0, Workers: 4
[20.136s][debug][gc,phases      ] GC(48)     Dead                           Min: 0, Avg:  0.0, Max: 0, Diff: 0, Sum: 0, Workers: 4
[20.136s][debug][gc,phases      ] GC(48)     Total                          Min: 0, Avg:  0.0, Max: 0, Diff: 0, Sum: 0, Workers: 4
[20.136s][debug][gc,phases      ] GC(48)   StringTable Weak               Min:  0.1, Avg:  0.1, Max:  0.1, Diff:  0.0, Sum:  0.3, Workers: 4
[20.136s][debug][gc,phases      ] GC(48)     Dead                           Min: 0, Avg:  1.0, Max: 2, Diff: 2, Sum: 4, Workers: 4
[20.136s][debug][gc,phases      ] GC(48)     Total                          Min: 8768, Avg: 10767.5, Max: 13183, Diff: 4415, Sum: 43070, Workers: 4
[20.136s][debug][gc,phases      ] GC(48)   ResolvedMethodTable Weak       Min:  0.0, Avg:  0.0, Max:  0.0, Diff:  0.0, Sum:  0.1, Workers: 4
[20.136s][debug][gc,phases      ] GC(48)     Dead                           Min: 1, Avg: 11.0, Max: 29, Diff: 28, Sum: 44, Workers: 4
[20.136s][debug][gc,phases      ] GC(48)     Total                          Min: 1407, Avg: 1821.5, Max: 2240, Diff: 833, Sum: 7286, Workers: 4
[20.136s][debug][gc,phases      ] GC(48)   JNI Weak                       Min:  0.0, Avg:  0.0, Max:  0.0, Diff:  0.0, Sum:  0.0, Workers: 4
[20.136s][debug][gc,phases      ] GC(48)     Dead                           Min: 0, Avg:  0.0, Max: 0, Diff: 0, Sum: 0, Workers: 4
[20.136s][debug][gc,phases      ] GC(48)     Total                          Min: 0, Avg:  4.2, Max: 17, Diff: 17, Sum: 17, Workers: 4
[20.136s][debug][gc,phases      ] GC(48)   StringDedup Table Weak         Min:  0.0, Avg:  0.0, Max:  0.0, Diff:  0.0, Sum:  0.0, Workers: 4
[20.136s][debug][gc,phases      ] GC(48)     Dead                           Min: 0, Avg:  0.0, Max: 0, Diff: 0, Sum: 0, Workers: 4
[20.136s][debug][gc,phases      ] GC(48)     Total                          Min: 0, Avg:  0.0, Max: 0, Diff: 0, Sum: 0, Workers: 4
[20.136s][debug][gc,phases      ] GC(48)   StringDedup Requests0 Weak     Min:  0.0, Avg:  0.0, Max:  0.0, Diff:  0.0, Sum:  0.0, Workers: 4
[20.136s][debug][gc,phases      ] GC(48)     Dead                           Min: 0, Avg:  0.0, Max: 0, Diff: 0, Sum: 0, Workers: 4
[20.136s][debug][gc,phases      ] GC(48)     Total                          Min: 0, Avg:  0.0, Max: 0, Diff: 0, Sum: 0, Workers: 4
[20.136s][debug][gc,phases      ] GC(48)   StringDedup Requests1 Weak     Min:  0.0, Avg:  0.0, Max:  0.0, Diff:  0.0, Sum:  0.0, Workers: 4
[20.136s][debug][gc,phases      ] GC(48)     Dead                           Min: 0, Avg:  0.0, Max: 0, Diff: 0, Sum: 0, Workers: 4
[20.136s][debug][gc,phases      ] GC(48)     Total                          Min: 0, Avg:  0.0, Max: 0, Diff: 0, Sum: 0, Workers: 4
[20.136s][debug][gc,phases      ] GC(48)   Weak JFR Old Object Samples    Min:  0.0, Avg:  0.0, Max:  0.0, Diff:  0.0, Sum:  0.0, Workers: 4
[20.136s][debug][gc,phases      ] GC(48)     Dead                           Min: 0, Avg:  0.0, Max: 0, Diff: 0, Sum: 0, Workers: 4
[20.136s][debug][gc,phases      ] GC(48)     Total                          Min: 0, Avg:  0.0, Max: 0, Diff: 0, Sum: 0, Workers: 4
[20.136s][debug][gc,phases      ] GC(48) Weak Processing 0.260ms
[20.136s][debug][gc,age         ] GC(48) Desired survivor size 330825728 bytes, new threshold 15 (max threshold 15)
[20.136s][info ][gc,heap        ] GC(48) PSYoungGen: 1476112K(1476608K)->10096K(1772544K) Eden: 1466368K(1466368K)->0K(1451008K) From: 9744K(10240K)->10096K(321536K)
[20.136s][info ][gc,heap        ] GC(48) ParOldGen: 347840K(422912K)->347848K(422912K)
[20.136s][info ][gc,metaspace   ] GC(48) Metaspace: 69004K(69696K)->69004K(69696K) NonClass: 58908K(59264K)->58908K(59264K) Class: 10095K(10432K)->10095K(10432K)
[20.136s][info ][gc             ] GC(48) Pause Young (Allocation Failure) 1781M->349M(2144M) 6.408ms
[20.136s][info ][gc,cpu         ] GC(48) User=0.03s Sys=0.00s Real=0.00s
[20.136s][info ][safepoint      ] Safepoint "ParallelGCFailedAllocation", Time since last: 268016967 ns, Reaching safepoint: 219501 ns, At safepoint: 6503851 ns, Total: 6723352 ns
[20.437s][info ][gc,start       ] GC(49) Pause Young (Allocation Failure)
[20.442s][debug][gc,phases      ] GC(49) Scavenge 4.488ms
[20.442s][debug][gc,ref         ] GC(49) Skipped phase 1 of Reference Processing: no references
[20.442s][debug][gc,ref         ] GC(49) ReferenceProcessor::execute queues: 1, RefProcThreadModel::Single, marks_oops_alive: false
[20.442s][debug][gc,ref         ] GC(49) Skipped phase 3 of Reference Processing: no references
[20.442s][debug][gc,ref         ] GC(49) ReferenceProcessor::execute queues: 1, RefProcThreadModel::Single, marks_oops_alive: false
[20.442s][debug][gc,phases      ] GC(49) Reference Processing 0.087ms
[20.442s][debug][gc,phases      ] GC(49)   VM Weak                        Min:  0.0, Avg:  0.0, Max:  0.0, Diff:  0.0, Sum:  0.0, Workers: 4
[20.442s][debug][gc,phases      ] GC(49)     Dead                           Min: 0, Avg:  0.0, Max: 0, Diff: 0, Sum: 0, Workers: 4
[20.442s][debug][gc,phases      ] GC(49)     Total                          Min: 0, Avg: 149.8, Max: 599, Diff: 599, Sum: 599, Workers: 4
[20.442s][debug][gc,phases      ] GC(49)   ObjectSynchronizer Weak        Min:  0.0, Avg:  0.0, Max:  0.0, Diff:  0.0, Sum:  0.0, Workers: 4
[20.442s][debug][gc,phases      ] GC(49)     Dead                           Min: 0, Avg:  0.0, Max: 0, Diff: 0, Sum: 0, Workers: 4
[20.442s][debug][gc,phases      ] GC(49)     Total                          Min: 0, Avg: 84.0, Max: 208, Diff: 208, Sum: 336, Workers: 4
[20.442s][debug][gc,phases      ] GC(49)   JVMTI Tag Weak OopStorage      Min:  0.0, Avg:  0.0, Max:  0.0, Diff:  0.0, Sum:  0.0, Workers: 4
[20.442s][debug][gc,phases      ] GC(49)     Dead                           Min: 0, Avg:  0.0, Max: 0, Diff: 0, Sum: 0, Workers: 4
[20.442s][debug][gc,phases      ] GC(49)     Total                          Min: 0, Avg:  0.0, Max: 0, Diff: 0, Sum: 0, Workers: 4
[20.442s][debug][gc,phases      ] GC(49)   StringTable Weak               Min:  0.1, Avg:  0.1, Max:  0.1, Diff:  0.0, Sum:  0.3, Workers: 4
[20.442s][debug][gc,phases      ] GC(49)     Dead                           Min: 0, Avg:  0.0, Max: 0, Diff: 0, Sum: 0, Workers: 4
[20.442s][debug][gc,phases      ] GC(49)     Total                          Min: 8000, Avg: 10771.5, Max: 13198, Diff: 5198, Sum: 43086, Workers: 4
[20.442s][debug][gc,phases      ] GC(49)   ResolvedMethodTable Weak       Min:  0.0, Avg:  0.0, Max:  0.0, Diff:  0.0, Sum:  0.1, Workers: 4
[20.442s][debug][gc,phases      ] GC(49)     Dead                           Min: 0, Avg:  0.0, Max: 0, Diff: 0, Sum: 0, Workers: 4
[20.442s][debug][gc,phases      ] GC(49)     Total                          Min: 1407, Avg: 1821.5, Max: 2176, Diff: 769, Sum: 7286, Workers: 4
[20.442s][debug][gc,phases      ] GC(49)   JNI Weak                       Min:  0.0, Avg:  0.0, Max:  0.0, Diff:  0.0, Sum:  0.0, Workers: 4
[20.442s][debug][gc,phases      ] GC(49)     Dead                           Min: 0, Avg:  0.0, Max: 0, Diff: 0, Sum: 0, Workers: 4
[20.442s][debug][gc,phases      ] GC(49)     Total                          Min: 0, Avg:  3.0, Max: 12, Diff: 12, Sum: 12, Workers: 4
[20.442s][debug][gc,phases      ] GC(49)   StringDedup Table Weak         Min:  0.0, Avg:  0.0, Max:  0.0, Diff:  0.0, Sum:  0.0, Workers: 4
[20.442s][debug][gc,phases      ] GC(49)     Dead                           Min: 0, Avg:  0.0, Max: 0, Diff: 0, Sum: 0, Workers: 4
[20.442s][debug][gc,phases      ] GC(49)     Total                          Min: 0, Avg:  0.0, Max: 0, Diff: 0, Sum: 0, Workers: 4
[20.442s][debug][gc,phases      ] GC(49)   StringDedup Requests0 Weak     Min:  0.0, Avg:  0.0, Max:  0.0, Diff:  0.0, Sum:  0.0, Workers: 4
[20.442s][debug][gc,phases      ] GC(49)     Dead                           Min: 0, Avg:  0.0, Max: 0, Diff: 0, Sum: 0, Workers: 4
[20.442s][debug][gc,phases      ] GC(49)     Total                          Min: 0, Avg:  0.0, Max: 0, Diff: 0, Sum: 0, Workers: 4
[20.442s][debug][gc,phases      ] GC(49)   StringDedup Requests1 Weak     Min:  0.0, Avg:  0.0, Max:  0.0, Diff:  0.0, Sum:  0.0, Workers: 4
[20.442s][debug][gc,phases      ] GC(49)     Dead                           Min: 0, Avg:  0.0, Max: 0, Diff: 0, Sum: 0, Workers: 4
[20.442s][debug][gc,phases      ] GC(49)     Total                          Min: 0, Avg:  0.0, Max: 0, Diff: 0, Sum: 0, Workers: 4
[20.442s][debug][gc,phases      ] GC(49)   Weak JFR Old Object Samples    Min:  0.0, Avg:  0.0, Max:  0.0, Diff:  0.0, Sum:  0.0, Workers: 4
[20.442s][debug][gc,phases      ] GC(49)     Dead                           Min: 0, Avg:  0.0, Max: 0, Diff: 0, Sum: 0, Workers: 4
[20.442s][debug][gc,phases      ] GC(49)     Total                          Min: 0, Avg:  0.0, Max: 0, Diff: 0, Sum: 0, Workers: 4
[20.442s][debug][gc,phases      ] GC(49) Weak Processing 0.244ms
[20.442s][debug][gc,age         ] GC(49) Desired survivor size 329252864 bytes, new threshold 15 (max threshold 15)
[20.442s][info ][gc,heap        ] GC(49) PSYoungGen: 1461104K(1772544K)->10272K(1774080K) Eden: 1451008K(1451008K)->0K(1451008K) From: 10096K(321536K)->10272K(323072K)
[20.442s][info ][gc,heap        ] GC(49) ParOldGen: 347848K(422912K)->347856K(422912K)
[20.442s][info ][gc,metaspace   ] GC(49) Metaspace: 69127K(69888K)->69127K(69888K) NonClass: 59029K(59456K)->59029K(59456K) Class: 10098K(10432K)->10098K(10432K)
[20.442s][info ][gc             ] GC(49) Pause Young (Allocation Failure) 1766M->349M(2145M) 4.912ms
[20.442s][info ][gc,cpu         ] GC(49) User=0.02s Sys=0.00s Real=0.01s
[20.442s][info ][safepoint      ] Safepoint "ParallelGCFailedAllocation", Time since last: 301106421 ns, Reaching safepoint: 182201 ns, At safepoint: 5010139 ns, Total: 5192340 ns
[20.670s][info ][gc,start       ] GC(50) Pause Young (Allocation Failure)
[20.675s][debug][gc,phases      ] GC(50) Scavenge 4.531ms
[20.675s][debug][gc,ref         ] GC(50) Skipped phase 1 of Reference Processing: no references
[20.675s][debug][gc,ref         ] GC(50) ReferenceProcessor::execute queues: 1, RefProcThreadModel::Single, marks_oops_alive: false
[20.675s][debug][gc,ref         ] GC(50) Skipped phase 3 of Reference Processing: no references
[20.675s][debug][gc,ref         ] GC(50) ReferenceProcessor::execute queues: 1, RefProcThreadModel::Single, marks_oops_alive: false
[20.675s][debug][gc,phases      ] GC(50) Reference Processing 0.093ms
[20.675s][debug][gc,phases      ] GC(50)   VM Weak                        Min:  0.0, Avg:  0.0, Max:  0.0, Diff:  0.0, Sum:  0.0, Workers: 4
[20.675s][debug][gc,phases      ] GC(50)     Dead                           Min: 0, Avg:  0.0, Max: 0, Diff: 0, Sum: 0, Workers: 4
[20.675s][debug][gc,phases      ] GC(50)     Total                          Min: 0, Avg: 149.8, Max: 384, Diff: 384, Sum: 599, Workers: 4
[20.675s][debug][gc,phases      ] GC(50)   ObjectSynchronizer Weak        Min:  0.0, Avg:  0.0, Max:  0.0, Diff:  0.0, Sum:  0.0, Workers: 4
[20.675s][debug][gc,phases      ] GC(50)     Dead                           Min: 0, Avg:  0.0, Max: 0, Diff: 0, Sum: 0, Workers: 4
[20.675s][debug][gc,phases      ] GC(50)     Total                          Min: 0, Avg: 84.0, Max: 208, Diff: 208, Sum: 336, Workers: 4
[20.675s][debug][gc,phases      ] GC(50)   JVMTI Tag Weak OopStorage      Min:  0.0, Avg:  0.0, Max:  0.0, Diff:  0.0, Sum:  0.0, Workers: 4
[20.675s][debug][gc,phases      ] GC(50)     Dead                           Min: 0, Avg:  0.0, Max: 0, Diff: 0, Sum: 0, Workers: 4
[20.675s][debug][gc,phases      ] GC(50)     Total                          Min: 0, Avg:  0.0, Max: 0, Diff: 0, Sum: 0, Workers: 4
[20.675s][debug][gc,phases      ] GC(50)   StringTable Weak               Min:  0.1, Avg:  0.1, Max:  0.1, Diff:  0.0, Sum:  0.3, Workers: 4
[20.675s][debug][gc,phases      ] GC(50)     Dead                           Min: 0, Avg:  0.0, Max: 0, Diff: 0, Sum: 0, Workers: 4
[20.675s][debug][gc,phases      ] GC(50)     Total                          Min: 8142, Avg: 10771.5, Max: 13184, Diff: 5042, Sum: 43086, Workers: 4
[20.675s][debug][gc,phases      ] GC(50)   ResolvedMethodTable Weak       Min:  0.0, Avg:  0.0, Max:  0.0, Diff:  0.0, Sum:  0.1, Workers: 4
[20.675s][debug][gc,phases      ] GC(50)     Dead                           Min: 0, Avg:  0.0, Max: 0, Diff: 0, Sum: 0, Workers: 4
[20.675s][debug][gc,phases      ] GC(50)     Total                          Min: 1528, Avg: 1821.5, Max: 2368, Diff: 840, Sum: 7286, Workers: 4
[20.675s][debug][gc,phases      ] GC(50)   JNI Weak                       Min:  0.0, Avg:  0.0, Max:  0.0, Diff:  0.0, Sum:  0.0, Workers: 4
[20.675s][debug][gc,phases      ] GC(50)     Dead                           Min: 0, Avg:  0.0, Max: 0, Diff: 0, Sum: 0, Workers: 4
[20.675s][debug][gc,phases      ] GC(50)     Total                          Min: 0, Avg:  3.8, Max: 15, Diff: 15, Sum: 15, Workers: 4
[20.675s][debug][gc,phases      ] GC(50)   StringDedup Table Weak         Min:  0.0, Avg:  0.0, Max:  0.0, Diff:  0.0, Sum:  0.0, Workers: 4
[20.675s][debug][gc,phases      ] GC(50)     Dead                           Min: 0, Avg:  0.0, Max: 0, Diff: 0, Sum: 0, Workers: 4
[20.675s][debug][gc,phases      ] GC(50)     Total                          Min: 0, Avg:  0.0, Max: 0, Diff: 0, Sum: 0, Workers: 4
[20.675s][debug][gc,phases      ] GC(50)   StringDedup Requests0 Weak     Min:  0.0, Avg:  0.0, Max:  0.0, Diff:  0.0, Sum:  0.0, Workers: 4
[20.675s][debug][gc,phases      ] GC(50)     Dead                           Min: 0, Avg:  0.0, Max: 0, Diff: 0, Sum: 0, Workers: 4
[20.675s][debug][gc,phases      ] GC(50)     Total                          Min: 0, Avg:  0.0, Max: 0, Diff: 0, Sum: 0, Workers: 4
[20.675s][debug][gc,phases      ] GC(50)   StringDedup Requests1 Weak     Min:  0.0, Avg:  0.0, Max:  0.0, Diff:  0.0, Sum:  0.0, Workers: 4
[20.675s][debug][gc,phases      ] GC(50)     Dead                           Min: 0, Avg:  0.0, Max: 0, Diff: 0, Sum: 0, Workers: 4
[20.675s][debug][gc,phases      ] GC(50)     Total                          Min: 0, Avg:  0.0, Max: 0, Diff: 0, Sum: 0, Workers: 4
[20.675s][debug][gc,phases      ] GC(50)   Weak JFR Old Object Samples    Min:  0.0, Avg:  0.0, Max:  0.0, Diff:  0.0, Sum:  0.0, Workers: 4
[20.675s][debug][gc,phases      ] GC(50)     Dead                           Min: 0, Avg:  0.0, Max: 0, Diff: 0, Sum: 0, Workers: 4
[20.675s][debug][gc,phases      ] GC(50)     Total                          Min: 0, Avg:  0.0, Max: 0, Diff: 0, Sum: 0, Workers: 4
[20.675s][debug][gc,phases      ] GC(50) Weak Processing 0.243ms
[20.675s][debug][gc,age         ] GC(50) Desired survivor size 324534272 bytes, new threshold 15 (max threshold 15)
[20.675s][info ][gc,heap        ] GC(50) PSYoungGen: 1461280K(1774080K)->10400K(1780224K) Eden: 1451008K(1451008K)->0K(1458688K) From: 10272K(323072K)->10400K(321536K)
[20.675s][info ][gc,heap        ] GC(50) ParOldGen: 347856K(422912K)->347864K(422912K)
[20.675s][info ][gc,metaspace   ] GC(50) Metaspace: 69158K(69888K)->69158K(69888K) NonClass: 59060K(59456K)->59060K(59456K) Class: 10098K(10432K)->10098K(10432K)
[20.675s][info ][gc             ] GC(50) Pause Young (Allocation Failure) 1766M->349M(2151M) 4.965ms
[20.675s][info ][gc,cpu         ] GC(50) User=0.02s Sys=0.00s Real=0.00s
[20.675s][info ][safepoint      ] Safepoint "ParallelGCFailedAllocation", Time since last: 227867756 ns, Reaching safepoint: 126301 ns, At safepoint: 5061239 ns, Total: 5187540 ns
[20.945s][info ][gc,start       ] GC(51) Pause Young (Allocation Failure)
[20.949s][debug][gc,phases      ] GC(51) Scavenge 4.438ms
[20.949s][debug][gc,ref         ] GC(51) Skipped phase 1 of Reference Processing: no references
[20.949s][debug][gc,ref         ] GC(51) ReferenceProcessor::execute queues: 1, RefProcThreadModel::Single, marks_oops_alive: false
[20.949s][debug][gc,ref         ] GC(51) Skipped phase 3 of Reference Processing: no references
[20.949s][debug][gc,ref         ] GC(51) ReferenceProcessor::execute queues: 1, RefProcThreadModel::Single, marks_oops_alive: false
[20.949s][debug][gc,phases      ] GC(51) Reference Processing 0.094ms
[20.949s][debug][gc,phases      ] GC(51)   VM Weak                        Min:  0.0, Avg:  0.0, Max:  0.0, Diff:  0.0, Sum:  0.0, Workers: 4
[20.949s][debug][gc,phases      ] GC(51)     Dead                           Min: 0, Avg:  0.0, Max: 0, Diff: 0, Sum: 0, Workers: 4
[20.949s][debug][gc,phases      ] GC(51)     Total                          Min: 0, Avg: 149.8, Max: 599, Diff: 599, Sum: 599, Workers: 4
[20.949s][debug][gc,phases      ] GC(51)   ObjectSynchronizer Weak        Min:  0.0, Avg:  0.0, Max:  0.0, Diff:  0.0, Sum:  0.0, Workers: 4
[20.949s][debug][gc,phases      ] GC(51)     Dead                           Min: 0, Avg:  0.0, Max: 0, Diff: 0, Sum: 0, Workers: 4
[20.949s][debug][gc,phases      ] GC(51)     Total                          Min: 0, Avg: 84.0, Max: 336, Diff: 336, Sum: 336, Workers: 4
[20.949s][debug][gc,phases      ] GC(51)   JVMTI Tag Weak OopStorage      Min:  0.0, Avg:  0.0, Max:  0.0, Diff:  0.0, Sum:  0.0, Workers: 4
[20.949s][debug][gc,phases      ] GC(51)     Dead                           Min: 0, Avg:  0.0, Max: 0, Diff: 0, Sum: 0, Workers: 4
[20.949s][debug][gc,phases      ] GC(51)     Total                          Min: 0, Avg:  0.0, Max: 0, Diff: 0, Sum: 0, Workers: 4
[20.949s][debug][gc,phases      ] GC(51)   StringTable Weak               Min:  0.1, Avg:  0.1, Max:  0.1, Diff:  0.0, Sum:  0.4, Workers: 4
[20.949s][debug][gc,phases      ] GC(51)     Dead                           Min: 0, Avg:  0.0, Max: 0, Diff: 0, Sum: 0, Workers: 4
[20.949s][debug][gc,phases      ] GC(51)     Total                          Min: 8704, Avg: 10771.8, Max: 13312, Diff: 4608, Sum: 43087, Workers: 4
[20.949s][debug][gc,phases      ] GC(51)   ResolvedMethodTable Weak       Min:  0.0, Avg:  0.0, Max:  0.0, Diff:  0.0, Sum:  0.1, Workers: 4
[20.949s][debug][gc,phases      ] GC(51)     Dead                           Min: 0, Avg:  0.0, Max: 0, Diff: 0, Sum: 0, Workers: 4
[20.949s][debug][gc,phases      ] GC(51)     Total                          Min: 1407, Avg: 1821.5, Max: 2238, Diff: 831, Sum: 7286, Workers: 4
[20.949s][debug][gc,phases      ] GC(51)   JNI Weak                       Min:  0.0, Avg:  0.0, Max:  0.0, Diff:  0.0, Sum:  0.0, Workers: 4
[20.949s][debug][gc,phases      ] GC(51)     Dead                           Min: 0, Avg:  0.0, Max: 0, Diff: 0, Sum: 0, Workers: 4
[20.949s][debug][gc,phases      ] GC(51)     Total                          Min: 0, Avg:  0.5, Max: 2, Diff: 2, Sum: 2, Workers: 4
[20.949s][debug][gc,phases      ] GC(51)   StringDedup Table Weak         Min:  0.0, Avg:  0.0, Max:  0.0, Diff:  0.0, Sum:  0.0, Workers: 4
[20.949s][debug][gc,phases      ] GC(51)     Dead                           Min: 0, Avg:  0.0, Max: 0, Diff: 0, Sum: 0, Workers: 4
[20.949s][debug][gc,phases      ] GC(51)     Total                          Min: 0, Avg:  0.0, Max: 0, Diff: 0, Sum: 0, Workers: 4
[20.949s][debug][gc,phases      ] GC(51)   StringDedup Requests0 Weak     Min:  0.0, Avg:  0.0, Max:  0.0, Diff:  0.0, Sum:  0.0, Workers: 4
[20.949s][debug][gc,phases      ] GC(51)     Dead                           Min: 0, Avg:  0.0, Max: 0, Diff: 0, Sum: 0, Workers: 4
[20.949s][debug][gc,phases      ] GC(51)     Total                          Min: 0, Avg:  0.0, Max: 0, Diff: 0, Sum: 0, Workers: 4
[20.949s][debug][gc,phases      ] GC(51)   StringDedup Requests1 Weak     Min:  0.0, Avg:  0.0, Max:  0.0, Diff:  0.0, Sum:  0.0, Workers: 4
[20.949s][debug][gc,phases      ] GC(51)     Dead                           Min: 0, Avg:  0.0, Max: 0, Diff: 0, Sum: 0, Workers: 4
[20.949s][debug][gc,phases      ] GC(51)     Total                          Min: 0, Avg:  0.0, Max: 0, Diff: 0, Sum: 0, Workers: 4
[20.949s][debug][gc,phases      ] GC(51)   Weak JFR Old Object Samples    Min:  0.0, Avg:  0.0, Max:  0.0, Diff:  0.0, Sum:  0.0, Workers: 4
[20.949s][debug][gc,phases      ] GC(51)     Dead                           Min: 0, Avg:  0.0, Max: 0, Diff: 0, Sum: 0, Workers: 4
[20.949s][debug][gc,phases      ] GC(51)     Total                          Min: 0, Avg:  0.0, Max: 0, Diff: 0, Sum: 0, Workers: 4
[20.949s][debug][gc,phases      ] GC(51) Weak Processing 0.260ms
[20.949s][debug][gc,age         ] GC(51) Desired survivor size 317718528 bytes, new threshold 15 (max threshold 15)
[20.949s][info ][gc,heap        ] GC(51) PSYoungGen: 1469088K(1780224K)->10528K(1775616K) Eden: 1458688K(1458688K)->0K(1458688K) From: 10400K(321536K)->10528K(316928K)
[20.949s][info ][gc,heap        ] GC(51) ParOldGen: 347864K(422912K)->347872K(422912K)
[20.949s][info ][gc,metaspace   ] GC(51) Metaspace: 69199K(69952K)->69199K(69952K) NonClass: 59100K(59520K)->59100K(59520K) Class: 10099K(10432K)->10099K(10432K)
[20.949s][info ][gc             ] GC(51) Pause Young (Allocation Failure) 1774M->350M(2147M) 4.878ms
[20.949s][info ][gc,cpu         ] GC(51) User=0.02s Sys=0.00s Real=0.01s
[20.950s][info ][safepoint      ] Safepoint "ParallelGCFailedAllocation", Time since last: 269134475 ns, Reaching safepoint: 164201 ns, At safepoint: 4962339 ns, Total: 5126540 ns
[21.231s][info ][gc,start       ] GC(52) Pause Young (Allocation Failure)
[21.236s][debug][gc,phases      ] GC(52) Scavenge 4.949ms
[21.236s][debug][gc,ref         ] GC(52) Skipped phase 1 of Reference Processing: no references
[21.236s][debug][gc,ref         ] GC(52) ReferenceProcessor::execute queues: 1, RefProcThreadModel::Single, marks_oops_alive: false
[21.236s][debug][gc,ref         ] GC(52) Skipped phase 3 of Reference Processing: no references
[21.236s][debug][gc,ref         ] GC(52) ReferenceProcessor::execute queues: 1, RefProcThreadModel::Single, marks_oops_alive: false
[21.236s][debug][gc,phases      ] GC(52) Reference Processing 0.093ms
[21.236s][debug][gc,phases      ] GC(52)   VM Weak                        Min:  0.0, Avg:  0.0, Max:  0.0, Diff:  0.0, Sum:  0.0, Workers: 4
[21.236s][debug][gc,phases      ] GC(52)     Dead                           Min: 0, Avg:  0.0, Max: 0, Diff: 0, Sum: 0, Workers: 4
[21.236s][debug][gc,phases      ] GC(52)     Total                          Min: 0, Avg: 149.8, Max: 407, Diff: 407, Sum: 599, Workers: 4
[21.236s][debug][gc,phases      ] GC(52)   ObjectSynchronizer Weak        Min:  0.0, Avg:  0.0, Max:  0.0, Diff:  0.0, Sum:  0.0, Workers: 4
[21.236s][debug][gc,phases      ] GC(52)     Dead                           Min: 0, Avg:  0.0, Max: 0, Diff: 0, Sum: 0, Workers: 4
[21.236s][debug][gc,phases      ] GC(52)     Total                          Min: 0, Avg: 84.0, Max: 208, Diff: 208, Sum: 336, Workers: 4
[21.236s][debug][gc,phases      ] GC(52)   JVMTI Tag Weak OopStorage      Min:  0.0, Avg:  0.0, Max:  0.0, Diff:  0.0, Sum:  0.0, Workers: 4
[21.236s][debug][gc,phases      ] GC(52)     Dead                           Min: 0, Avg:  0.0, Max: 0, Diff: 0, Sum: 0, Workers: 4
[21.236s][debug][gc,phases      ] GC(52)     Total                          Min: 0, Avg:  0.0, Max: 0, Diff: 0, Sum: 0, Workers: 4
[21.236s][debug][gc,phases      ] GC(52)   StringTable Weak               Min:  0.1, Avg:  0.1, Max:  0.1, Diff:  0.0, Sum:  0.3, Workers: 4
[21.236s][debug][gc,phases      ] GC(52)     Dead                           Min: 0, Avg:  0.0, Max: 0, Diff: 0, Sum: 0, Workers: 4
[21.236s][debug][gc,phases      ] GC(52)     Total                          Min: 8448, Avg: 10772.5, Max: 13248, Diff: 4800, Sum: 43090, Workers: 4
[21.236s][debug][gc,phases      ] GC(52)   ResolvedMethodTable Weak       Min:  0.0, Avg:  0.0, Max:  0.0, Diff:  0.0, Sum:  0.1, Workers: 4
[21.236s][debug][gc,phases      ] GC(52)     Dead                           Min: 0, Avg:  0.0, Max: 0, Diff: 0, Sum: 0, Workers: 4
[21.236s][debug][gc,phases      ] GC(52)     Total                          Min: 1534, Avg: 1821.5, Max: 2361, Diff: 827, Sum: 7286, Workers: 4
[21.236s][debug][gc,phases      ] GC(52)   JNI Weak                       Min:  0.0, Avg:  0.0, Max:  0.0, Diff:  0.0, Sum:  0.0, Workers: 4
[21.236s][debug][gc,phases      ] GC(52)     Dead                           Min: 0, Avg:  0.0, Max: 0, Diff: 0, Sum: 0, Workers: 4
[21.236s][debug][gc,phases      ] GC(52)     Total                          Min: 0, Avg:  0.0, Max: 0, Diff: 0, Sum: 0, Workers: 4
[21.236s][debug][gc,phases      ] GC(52)   StringDedup Table Weak         Min:  0.0, Avg:  0.0, Max:  0.0, Diff:  0.0, Sum:  0.0, Workers: 4
[21.236s][debug][gc,phases      ] GC(52)     Dead                           Min: 0, Avg:  0.0, Max: 0, Diff: 0, Sum: 0, Workers: 4
[21.236s][debug][gc,phases      ] GC(52)     Total                          Min: 0, Avg:  0.0, Max: 0, Diff: 0, Sum: 0, Workers: 4
[21.236s][debug][gc,phases      ] GC(52)   StringDedup Requests0 Weak     Min:  0.0, Avg:  0.0, Max:  0.0, Diff:  0.0, Sum:  0.0, Workers: 4
[21.236s][debug][gc,phases      ] GC(52)     Dead                           Min: 0, Avg:  0.0, Max: 0, Diff: 0, Sum: 0, Workers: 4
[21.236s][debug][gc,phases      ] GC(52)     Total                          Min: 0, Avg:  0.0, Max: 0, Diff: 0, Sum: 0, Workers: 4
[21.236s][debug][gc,phases      ] GC(52)   StringDedup Requests1 Weak     Min:  0.0, Avg:  0.0, Max:  0.0, Diff:  0.0, Sum:  0.0, Workers: 4
[21.236s][debug][gc,phases      ] GC(52)     Dead                           Min: 0, Avg:  0.0, Max: 0, Diff: 0, Sum: 0, Workers: 4
[21.236s][debug][gc,phases      ] GC(52)     Total                          Min: 0, Avg:  0.0, Max: 0, Diff: 0, Sum: 0, Workers: 4
[21.236s][debug][gc,phases      ] GC(52)   Weak JFR Old Object Samples    Min:  0.0, Avg:  0.0, Max:  0.0, Diff:  0.0, Sum:  0.0, Workers: 4
[21.236s][debug][gc,phases      ] GC(52)     Dead                           Min: 0, Avg:  0.0, Max: 0, Diff: 0, Sum: 0, Workers: 4
[21.236s][debug][gc,phases      ] GC(52)     Total                          Min: 0, Avg:  0.0, Max: 0, Diff: 0, Sum: 0, Workers: 4
[21.236s][debug][gc,phases      ] GC(52) Weak Processing 0.237ms
[21.236s][debug][gc,age         ] GC(52) Desired survivor size 308805632 bytes, new threshold 15 (max threshold 15)
[21.236s][info ][gc,heap        ] GC(52) PSYoungGen: 1469216K(1775616K)->10624K(1795584K) Eden: 1458688K(1458688K)->0K(1485312K) From: 10528K(316928K)->10624K(310272K)
[21.236s][info ][gc,heap        ] GC(52) ParOldGen: 347872K(422912K)->347880K(422912K)
[21.236s][info ][gc,metaspace   ] GC(52) Metaspace: 69241K(69952K)->69241K(69952K) NonClass: 59142K(59520K)->59142K(59520K) Class: 10099K(10432K)->10099K(10432K)
[21.236s][info ][gc             ] GC(52) Pause Young (Allocation Failure) 1774M->350M(2166M) 5.373ms
[21.236s][info ][gc,cpu         ] GC(52) User=0.03s Sys=0.00s Real=0.00s
[21.236s][info ][safepoint      ] Safepoint "ParallelGCFailedAllocation", Time since last: 280861164 ns, Reaching safepoint: 177302 ns, At safepoint: 5470242 ns, Total: 5647544 ns
[21.470s][info ][gc,start       ] GC(53) Pause Young (Allocation Failure)
[21.478s][debug][gc,phases      ] GC(53) Scavenge 8.272ms
[21.478s][debug][gc,ref         ] GC(53) Skipped phase 1 of Reference Processing: no references
[21.478s][debug][gc,ref         ] GC(53) ReferenceProcessor::execute queues: 1, RefProcThreadModel::Single, marks_oops_alive: false
[21.478s][debug][gc,ref         ] GC(53) Skipped phase 3 of Reference Processing: no references
[21.478s][debug][gc,ref         ] GC(53) ReferenceProcessor::execute queues: 1, RefProcThreadModel::Single, marks_oops_alive: false
[21.478s][debug][gc,phases      ] GC(53) Reference Processing 0.071ms
[21.478s][debug][gc,phases      ] GC(53)   VM Weak                        Min:  0.0, Avg:  0.0, Max:  0.0, Diff:  0.0, Sum:  0.0, Workers: 4
[21.478s][debug][gc,phases      ] GC(53)     Dead                           Min: 0, Avg:  0.0, Max: 0, Diff: 0, Sum: 0, Workers: 4
[21.478s][debug][gc,phases      ] GC(53)     Total                          Min: 0, Avg: 149.8, Max: 535, Diff: 535, Sum: 599, Workers: 4
[21.478s][debug][gc,phases      ] GC(53)   ObjectSynchronizer Weak        Min:  0.0, Avg:  0.0, Max:  0.0, Diff:  0.0, Sum:  0.0, Workers: 4
[21.478s][debug][gc,phases      ] GC(53)     Dead                           Min: 0, Avg:  0.0, Max: 0, Diff: 0, Sum: 0, Workers: 4
[21.478s][debug][gc,phases      ] GC(53)     Total                          Min: 0, Avg: 84.0, Max: 144, Diff: 144, Sum: 336, Workers: 4
[21.478s][debug][gc,phases      ] GC(53)   JVMTI Tag Weak OopStorage      Min:  0.0, Avg:  0.0, Max:  0.0, Diff:  0.0, Sum:  0.0, Workers: 4
[21.478s][debug][gc,phases      ] GC(53)     Dead                           Min: 0, Avg:  0.0, Max: 0, Diff: 0, Sum: 0, Workers: 4
[21.478s][debug][gc,phases      ] GC(53)     Total                          Min: 0, Avg:  0.0, Max: 0, Diff: 0, Sum: 0, Workers: 4
[21.478s][debug][gc,phases      ] GC(53)   StringTable Weak               Min:  0.1, Avg:  0.1, Max:  0.1, Diff:  0.0, Sum:  0.3, Workers: 4
[21.478s][debug][gc,phases      ] GC(53)     Dead                           Min: 0, Avg:  0.0, Max: 0, Diff: 0, Sum: 0, Workers: 4
[21.478s][debug][gc,phases      ] GC(53)     Total                          Min: 9236, Avg: 10773.0, Max: 13888, Diff: 4652, Sum: 43092, Workers: 4
[21.478s][debug][gc,phases      ] GC(53)   ResolvedMethodTable Weak       Min:  0.0, Avg:  0.0, Max:  0.0, Diff:  0.0, Sum:  0.1, Workers: 4
[21.478s][debug][gc,phases      ] GC(53)     Dead                           Min: 0, Avg:  0.0, Max: 0, Diff: 0, Sum: 0, Workers: 4
[21.478s][debug][gc,phases      ] GC(53)     Total                          Min: 1528, Avg: 1821.5, Max: 2238, Diff: 710, Sum: 7286, Workers: 4
[21.478s][debug][gc,phases      ] GC(53)   JNI Weak                       Min:  0.0, Avg:  0.0, Max:  0.0, Diff:  0.0, Sum:  0.0, Workers: 4
[21.478s][debug][gc,phases      ] GC(53)     Dead                           Min: 0, Avg:  0.0, Max: 0, Diff: 0, Sum: 0, Workers: 4
[21.478s][debug][gc,phases      ] GC(53)     Total                          Min: 0, Avg:  0.2, Max: 1, Diff: 1, Sum: 1, Workers: 4
[21.478s][debug][gc,phases      ] GC(53)   StringDedup Table Weak         Min:  0.0, Avg:  0.0, Max:  0.0, Diff:  0.0, Sum:  0.0, Workers: 4
[21.478s][debug][gc,phases      ] GC(53)     Dead                           Min: 0, Avg:  0.0, Max: 0, Diff: 0, Sum: 0, Workers: 4
[21.478s][debug][gc,phases      ] GC(53)     Total                          Min: 0, Avg:  0.0, Max: 0, Diff: 0, Sum: 0, Workers: 4
[21.478s][debug][gc,phases      ] GC(53)   StringDedup Requests0 Weak     Min:  0.0, Avg:  0.0, Max:  0.0, Diff:  0.0, Sum:  0.0, Workers: 4
[21.478s][debug][gc,phases      ] GC(53)     Dead                           Min: 0, Avg:  0.0, Max: 0, Diff: 0, Sum: 0, Workers: 4
[21.478s][debug][gc,phases      ] GC(53)     Total                          Min: 0, Avg:  0.0, Max: 0, Diff: 0, Sum: 0, Workers: 4
[21.478s][debug][gc,phases      ] GC(53)   StringDedup Requests1 Weak     Min:  0.0, Avg:  0.0, Max:  0.0, Diff:  0.0, Sum:  0.0, Workers: 4
[21.478s][debug][gc,phases      ] GC(53)     Dead                           Min: 0, Avg:  0.0, Max: 0, Diff: 0, Sum: 0, Workers: 4
[21.478s][debug][gc,phases      ] GC(53)     Total                          Min: 0, Avg:  0.0, Max: 0, Diff: 0, Sum: 0, Workers: 4
[21.478s][debug][gc,phases      ] GC(53)   Weak JFR Old Object Samples    Min:  0.0, Avg:  0.0, Max:  0.0, Diff:  0.0, Sum:  0.0, Workers: 4
[21.478s][debug][gc,phases      ] GC(53)     Dead                           Min: 0, Avg:  0.0, Max: 0, Diff: 0, Sum: 0, Workers: 4
[21.478s][debug][gc,phases      ] GC(53)     Total                          Min: 0, Avg:  0.0, Max: 0, Diff: 0, Sum: 0, Workers: 4
[21.478s][debug][gc,phases      ] GC(53) Weak Processing 0.246ms
[21.478s][debug][gc,age         ] GC(53) Desired survivor size 298844160 bytes, new threshold 15 (max threshold 15)
[21.478s][info ][gc,heap        ] GC(53) PSYoungGen: 1495936K(1795584K)->10720K(1786880K) Eden: 1485312K(1485312K)->0K(1485312K) From: 10624K(310272K)->10720K(301568K)
[21.478s][info ][gc,heap        ] GC(53) ParOldGen: 347880K(422912K)->347888K(422912K)
[21.479s][info ][gc,metaspace   ] GC(53) Metaspace: 69251K(69952K)->69251K(69952K) NonClass: 59152K(59520K)->59152K(59520K) Class: 10099K(10432K)->10099K(10432K)
[21.479s][info ][gc             ] GC(53) Pause Young (Allocation Failure) 1800M->350M(2158M) 8.681ms
[21.479s][info ][gc,cpu         ] GC(53) User=0.03s Sys=0.00s Real=0.00s
[21.479s][info ][safepoint      ] Safepoint "ParallelGCFailedAllocation", Time since last: 233621300 ns, Reaching safepoint: 146502 ns, At safepoint: 8768967 ns, Total: 8915469 ns
[21.764s][info ][gc,start       ] GC(54) Pause Young (Allocation Failure)
[21.770s][debug][gc,phases      ] GC(54) Scavenge 5.582ms
[21.770s][debug][gc,ref         ] GC(54) Skipped phase 1 of Reference Processing: no references
[21.770s][debug][gc,ref         ] GC(54) ReferenceProcessor::execute queues: 1, RefProcThreadModel::Single, marks_oops_alive: false
[21.770s][debug][gc,ref         ] GC(54) Skipped phase 3 of Reference Processing: no references
[21.770s][debug][gc,ref         ] GC(54) ReferenceProcessor::execute queues: 1, RefProcThreadModel::Single, marks_oops_alive: false
[21.770s][debug][gc,phases      ] GC(54) Reference Processing 0.100ms
[21.770s][debug][gc,phases      ] GC(54)   VM Weak                        Min:  0.0, Avg:  0.0, Max:  0.0, Diff:  0.0, Sum:  0.0, Workers: 4
[21.770s][debug][gc,phases      ] GC(54)     Dead                           Min: 0, Avg:  0.0, Max: 0, Diff: 0, Sum: 0, Workers: 4
[21.770s][debug][gc,phases      ] GC(54)     Total                          Min: 0, Avg: 150.0, Max: 512, Diff: 512, Sum: 600, Workers: 4
[21.770s][debug][gc,phases      ] GC(54)   ObjectSynchronizer Weak        Min:  0.0, Avg:  0.0, Max:  0.0, Diff:  0.0, Sum:  0.0, Workers: 4
[21.770s][debug][gc,phases      ] GC(54)     Dead                           Min: 0, Avg:  0.0, Max: 0, Diff: 0, Sum: 0, Workers: 4
[21.770s][debug][gc,phases      ] GC(54)     Total                          Min: 0, Avg: 84.0, Max: 192, Diff: 192, Sum: 336, Workers: 4
[21.770s][debug][gc,phases      ] GC(54)   JVMTI Tag Weak OopStorage      Min:  0.0, Avg:  0.0, Max:  0.0, Diff:  0.0, Sum:  0.0, Workers: 4
[21.770s][debug][gc,phases      ] GC(54)     Dead                           Min: 0, Avg:  0.0, Max: 0, Diff: 0, Sum: 0, Workers: 4
[21.770s][debug][gc,phases      ] GC(54)     Total                          Min: 0, Avg:  0.0, Max: 0, Diff: 0, Sum: 0, Workers: 4
[21.770s][debug][gc,phases      ] GC(54)   StringTable Weak               Min:  0.1, Avg:  0.1, Max:  0.1, Diff:  0.0, Sum:  0.3, Workers: 4
[21.770s][debug][gc,phases      ] GC(54)     Dead                           Min: 0, Avg:  0.0, Max: 0, Diff: 0, Sum: 0, Workers: 4
[21.770s][debug][gc,phases      ] GC(54)     Total                          Min: 8704, Avg: 10823.5, Max: 15360, Diff: 6656, Sum: 43294, Workers: 4
[21.770s][debug][gc,phases      ] GC(54)   ResolvedMethodTable Weak       Min:  0.0, Avg:  0.0, Max:  0.0, Diff:  0.0, Sum:  0.1, Workers: 4
[21.770s][debug][gc,phases      ] GC(54)     Dead                           Min: 0, Avg: 10.0, Max: 21, Diff: 21, Sum: 40, Workers: 4
[21.770s][debug][gc,phases      ] GC(54)     Total                          Min: 1600, Avg: 1860.8, Max: 2323, Diff: 723, Sum: 7443, Workers: 4
[21.770s][debug][gc,phases      ] GC(54)   JNI Weak                       Min:  0.0, Avg:  0.0, Max:  0.0, Diff:  0.0, Sum:  0.0, Workers: 4
[21.770s][debug][gc,phases      ] GC(54)     Dead                           Min: 0, Avg:  0.0, Max: 0, Diff: 0, Sum: 0, Workers: 4
[21.770s][debug][gc,phases      ] GC(54)     Total                          Min: 0, Avg:  0.0, Max: 0, Diff: 0, Sum: 0, Workers: 4
[21.770s][debug][gc,phases      ] GC(54)   StringDedup Table Weak         Min:  0.0, Avg:  0.0, Max:  0.0, Diff:  0.0, Sum:  0.0, Workers: 4
[21.770s][debug][gc,phases      ] GC(54)     Dead                           Min: 0, Avg:  0.0, Max: 0, Diff: 0, Sum: 0, Workers: 4
[21.770s][debug][gc,phases      ] GC(54)     Total                          Min: 0, Avg:  0.0, Max: 0, Diff: 0, Sum: 0, Workers: 4
[21.770s][debug][gc,phases      ] GC(54)   StringDedup Requests0 Weak     Min:  0.0, Avg:  0.0, Max:  0.0, Diff:  0.0, Sum:  0.0, Workers: 4
[21.770s][debug][gc,phases      ] GC(54)     Dead                           Min: 0, Avg:  0.0, Max: 0, Diff: 0, Sum: 0, Workers: 4
[21.770s][debug][gc,phases      ] GC(54)     Total                          Min: 0, Avg:  0.0, Max: 0, Diff: 0, Sum: 0, Workers: 4
[21.770s][debug][gc,phases      ] GC(54)   StringDedup Requests1 Weak     Min:  0.0, Avg:  0.0, Max:  0.0, Diff:  0.0, Sum:  0.0, Workers: 4
[21.770s][debug][gc,phases      ] GC(54)     Dead                           Min: 0, Avg:  0.0, Max: 0, Diff: 0, Sum: 0, Workers: 4
[21.770s][debug][gc,phases      ] GC(54)     Total                          Min: 0, Avg:  0.0, Max: 0, Diff: 0, Sum: 0, Workers: 4
[21.770s][debug][gc,phases      ] GC(54)   Weak JFR Old Object Samples    Min:  0.0, Avg:  0.0, Max:  0.0, Diff:  0.0, Sum:  0.0, Workers: 4
[21.770s][debug][gc,phases      ] GC(54)     Dead                           Min: 0, Avg:  0.0, Max: 0, Diff: 0, Sum: 0, Workers: 4
[21.770s][debug][gc,phases      ] GC(54)     Total                          Min: 0, Avg:  0.0, Max: 0, Diff: 0, Sum: 0, Workers: 4
[21.770s][debug][gc,phases      ] GC(54) Weak Processing 0.254ms
[21.770s][debug][gc,age         ] GC(54) Desired survivor size 287834112 bytes, new threshold 15 (max threshold 15)
[21.770s][info ][gc,heap        ] GC(54) PSYoungGen: 1496032K(1786880K)->11168K(1816064K) Eden: 1485312K(1485312K)->0K(1524224K) From: 10720K(301568K)->11168K(291840K)
[21.770s][info ][gc,heap        ] GC(54) ParOldGen: 347888K(422912K)->347888K(422912K)
[21.770s][info ][gc,metaspace   ] GC(54) Metaspace: 70461K(71296K)->70461K(71296K) NonClass: 60150K(60608K)->60150K(60608K) Class: 10311K(10688K)->10311K(10688K)
[21.770s][info ][gc             ] GC(54) Pause Young (Allocation Failure) 1800M->350M(2186M) 6.033ms
[21.770s][info ][gc,cpu         ] GC(54) User=0.02s Sys=0.00s Real=0.01s
[21.770s][info ][safepoint      ] Safepoint "ParallelGCFailedAllocation", Time since last: 285394900 ns, Reaching safepoint: 239802 ns, At safepoint: 6124747 ns, Total: 6364549 ns
[22.094s][info ][gc,start       ] GC(55) Pause Young (Allocation Failure)
[22.099s][debug][gc,phases      ] GC(55) Scavenge 4.648ms
[22.099s][debug][gc,ref         ] GC(55) Skipped phase 1 of Reference Processing: no references
[22.099s][debug][gc,ref         ] GC(55) ReferenceProcessor::execute queues: 1, RefProcThreadModel::Single, marks_oops_alive: false
[22.099s][debug][gc,ref         ] GC(55) Skipped phase 3 of Reference Processing: no references
[22.099s][debug][gc,ref         ] GC(55) ReferenceProcessor::execute queues: 1, RefProcThreadModel::Single, marks_oops_alive: false
[22.099s][debug][gc,phases      ] GC(55) Reference Processing 0.116ms
[22.099s][debug][gc,phases      ] GC(55)   VM Weak                        Min:  0.0, Avg:  0.0, Max:  0.0, Diff:  0.0, Sum:  0.0, Workers: 4
[22.099s][debug][gc,phases      ] GC(55)     Dead                           Min: 0, Avg:  0.0, Max: 0, Diff: 0, Sum: 0, Workers: 4
[22.099s][debug][gc,phases      ] GC(55)     Total                          Min: 0, Avg: 150.0, Max: 536, Diff: 536, Sum: 600, Workers: 4
[22.099s][debug][gc,phases      ] GC(55)   ObjectSynchronizer Weak        Min:  0.0, Avg:  0.0, Max:  0.0, Diff:  0.0, Sum:  0.0, Workers: 4
[22.099s][debug][gc,phases      ] GC(55)     Dead                           Min: 0, Avg:  0.0, Max: 0, Diff: 0, Sum: 0, Workers: 4
[22.099s][debug][gc,phases      ] GC(55)     Total                          Min: 0, Avg: 84.0, Max: 208, Diff: 208, Sum: 336, Workers: 4
[22.099s][debug][gc,phases      ] GC(55)   JVMTI Tag Weak OopStorage      Min:  0.0, Avg:  0.0, Max:  0.0, Diff:  0.0, Sum:  0.0, Workers: 4
[22.099s][debug][gc,phases      ] GC(55)     Dead                           Min: 0, Avg:  0.0, Max: 0, Diff: 0, Sum: 0, Workers: 4
[22.099s][debug][gc,phases      ] GC(55)     Total                          Min: 0, Avg:  0.0, Max: 0, Diff: 0, Sum: 0, Workers: 4
[22.099s][debug][gc,phases      ] GC(55)   StringTable Weak               Min:  0.1, Avg:  0.1, Max:  0.1, Diff:  0.0, Sum:  0.3, Workers: 4
[22.099s][debug][gc,phases      ] GC(55)     Dead                           Min: 0, Avg:  0.0, Max: 0, Diff: 0, Sum: 0, Workers: 4
[22.099s][debug][gc,phases      ] GC(55)     Total                          Min: 8310, Avg: 10861.5, Max: 13248, Diff: 4938, Sum: 43446, Workers: 4
[22.099s][debug][gc,phases      ] GC(55)   ResolvedMethodTable Weak       Min:  0.0, Avg:  0.0, Max:  0.0, Diff:  0.0, Sum:  0.1, Workers: 4
[22.099s][debug][gc,phases      ] GC(55)     Dead                           Min: 0, Avg: 11.0, Max: 26, Diff: 26, Sum: 44, Workers: 4
[22.099s][debug][gc,phases      ] GC(55)     Total                          Min: 1406, Avg: 1877.2, Max: 2392, Diff: 986, Sum: 7509, Workers: 4
[22.099s][debug][gc,phases      ] GC(55)   JNI Weak                       Min:  0.0, Avg:  0.0, Max:  0.0, Diff:  0.0, Sum:  0.0, Workers: 4
[22.099s][debug][gc,phases      ] GC(55)     Dead                           Min: 0, Avg:  0.0, Max: 0, Diff: 0, Sum: 0, Workers: 4
[22.099s][debug][gc,phases      ] GC(55)     Total                          Min: 0, Avg:  0.5, Max: 2, Diff: 2, Sum: 2, Workers: 4
[22.099s][debug][gc,phases      ] GC(55)   StringDedup Table Weak         Min:  0.0, Avg:  0.0, Max:  0.0, Diff:  0.0, Sum:  0.0, Workers: 4
[22.099s][debug][gc,phases      ] GC(55)     Dead                           Min: 0, Avg:  0.0, Max: 0, Diff: 0, Sum: 0, Workers: 4
[22.099s][debug][gc,phases      ] GC(55)     Total                          Min: 0, Avg:  0.0, Max: 0, Diff: 0, Sum: 0, Workers: 4
[22.099s][debug][gc,phases      ] GC(55)   StringDedup Requests0 Weak     Min:  0.0, Avg:  0.0, Max:  0.0, Diff:  0.0, Sum:  0.0, Workers: 4
[22.099s][debug][gc,phases      ] GC(55)     Dead                           Min: 0, Avg:  0.0, Max: 0, Diff: 0, Sum: 0, Workers: 4
[22.099s][debug][gc,phases      ] GC(55)     Total                          Min: 0, Avg:  0.0, Max: 0, Diff: 0, Sum: 0, Workers: 4
[22.099s][debug][gc,phases      ] GC(55)   StringDedup Requests1 Weak     Min:  0.0, Avg:  0.0, Max:  0.0, Diff:  0.0, Sum:  0.0, Workers: 4
[22.099s][debug][gc,phases      ] GC(55)     Dead                           Min: 0, Avg:  0.0, Max: 0, Diff: 0, Sum: 0, Workers: 4
[22.099s][debug][gc,phases      ] GC(55)     Total                          Min: 0, Avg:  0.0, Max: 0, Diff: 0, Sum: 0, Workers: 4
[22.099s][debug][gc,phases      ] GC(55)   Weak JFR Old Object Samples    Min:  0.0, Avg:  0.0, Max:  0.0, Diff:  0.0, Sum:  0.0, Workers: 4
[22.099s][debug][gc,phases      ] GC(55)     Dead                           Min: 0, Avg:  0.0, Max: 0, Diff: 0, Sum: 0, Workers: 4
[22.099s][debug][gc,phases      ] GC(55)     Total                          Min: 0, Avg:  0.0, Max: 0, Diff: 0, Sum: 0, Workers: 4
[22.099s][debug][gc,phases      ] GC(55) Weak Processing 0.237ms
[22.099s][debug][gc,age         ] GC(55) Desired survivor size 276299776 bytes, new threshold 15 (max threshold 15)
[22.099s][info ][gc,heap        ] GC(55) PSYoungGen: 1535392K(1816064K)->11584K(1805312K) Eden: 1524224K(1524224K)->0K(1524224K) From: 11168K(291840K)->11584K(281088K)
[22.099s][info ][gc,heap        ] GC(55) ParOldGen: 347888K(422912K)->347888K(422912K)
[22.099s][info ][gc,metaspace   ] GC(55) Metaspace: 71197K(72000K)->71197K(72000K) NonClass: 60757K(61184K)->60757K(61184K) Class: 10440K(10816K)->10440K(10816K)
[22.099s][info ][gc             ] GC(55) Pause Young (Allocation Failure) 1839M->351M(2176M) 5.118ms
[22.099s][info ][gc,cpu         ] GC(55) User=0.03s Sys=0.00s Real=0.00s
[22.099s][info ][safepoint      ] Safepoint "ParallelGCFailedAllocation", Time since last: 323217391 ns, Reaching safepoint: 409203 ns, At safepoint: 5203840 ns, Total: 5613043 ns
[22.352s][info ][gc,start       ] GC(56) Pause Young (Allocation Failure)
[22.357s][debug][gc,phases      ] GC(56) Scavenge 4.479ms
[22.357s][debug][gc,ref         ] GC(56) Skipped phase 1 of Reference Processing: no references
[22.357s][debug][gc,ref         ] GC(56) ReferenceProcessor::execute queues: 1, RefProcThreadModel::Single, marks_oops_alive: false
[22.357s][debug][gc,ref         ] GC(56) Skipped phase 3 of Reference Processing: no references
[22.357s][debug][gc,ref         ] GC(56) ReferenceProcessor::execute queues: 1, RefProcThreadModel::Single, marks_oops_alive: false
[22.357s][debug][gc,phases      ] GC(56) Reference Processing 0.094ms
[22.357s][debug][gc,phases      ] GC(56)   VM Weak                        Min:  0.0, Avg:  0.0, Max:  0.0, Diff:  0.0, Sum:  0.0, Workers: 4
[22.357s][debug][gc,phases      ] GC(56)     Dead                           Min: 0, Avg:  0.0, Max: 0, Diff: 0, Sum: 0, Workers: 4
[22.357s][debug][gc,phases      ] GC(56)     Total                          Min: 0, Avg: 151.0, Max: 320, Diff: 320, Sum: 604, Workers: 4
[22.357s][debug][gc,phases      ] GC(56)   ObjectSynchronizer Weak        Min:  0.0, Avg:  0.0, Max:  0.0, Diff:  0.0, Sum:  0.0, Workers: 4
[22.357s][debug][gc,phases      ] GC(56)     Dead                           Min: 0, Avg:  0.0, Max: 0, Diff: 0, Sum: 0, Workers: 4
[22.357s][debug][gc,phases      ] GC(56)     Total                          Min: 0, Avg: 84.0, Max: 192, Diff: 192, Sum: 336, Workers: 4
[22.357s][debug][gc,phases      ] GC(56)   JVMTI Tag Weak OopStorage      Min:  0.0, Avg:  0.0, Max:  0.0, Diff:  0.0, Sum:  0.0, Workers: 4
[22.357s][debug][gc,phases      ] GC(56)     Dead                           Min: 0, Avg:  0.0, Max: 0, Diff: 0, Sum: 0, Workers: 4
[22.357s][debug][gc,phases      ] GC(56)     Total                          Min: 0, Avg:  0.0, Max: 0, Diff: 0, Sum: 0, Workers: 4
[22.357s][debug][gc,phases      ] GC(56)   StringTable Weak               Min:  0.1, Avg:  0.1, Max:  0.1, Diff:  0.0, Sum:  0.3, Workers: 4
[22.357s][debug][gc,phases      ] GC(56)     Dead                           Min: 0, Avg:  0.2, Max: 1, Diff: 1, Sum: 1, Workers: 4
[22.357s][debug][gc,phases      ] GC(56)     Total                          Min: 10880, Avg: 11199.8, Max: 11840, Diff: 960, Sum: 44799, Workers: 4
[22.357s][debug][gc,phases      ] GC(56)   ResolvedMethodTable Weak       Min:  0.0, Avg:  0.0, Max:  0.0, Diff:  0.0, Sum:  0.1, Workers: 4
[22.357s][debug][gc,phases      ] GC(56)     Dead                           Min: 0, Avg:  0.0, Max: 0, Diff: 0, Sum: 0, Workers: 4
[22.357s][debug][gc,phases      ] GC(56)     Total                          Min: 1407, Avg: 1881.0, Max: 2112, Diff: 705, Sum: 7524, Workers: 4
[22.357s][debug][gc,phases      ] GC(56)   JNI Weak                       Min:  0.0, Avg:  0.0, Max:  0.0, Diff:  0.0, Sum:  0.0, Workers: 4
[22.357s][debug][gc,phases      ] GC(56)     Dead                           Min: 0, Avg:  0.0, Max: 0, Diff: 0, Sum: 0, Workers: 4
[22.357s][debug][gc,phases      ] GC(56)     Total                          Min: 0, Avg:  0.2, Max: 1, Diff: 1, Sum: 1, Workers: 4
[22.357s][debug][gc,phases      ] GC(56)   StringDedup Table Weak         Min:  0.0, Avg:  0.0, Max:  0.0, Diff:  0.0, Sum:  0.0, Workers: 4
[22.357s][debug][gc,phases      ] GC(56)     Dead                           Min: 0, Avg:  0.0, Max: 0, Diff: 0, Sum: 0, Workers: 4
[22.357s][debug][gc,phases      ] GC(56)     Total                          Min: 0, Avg:  0.0, Max: 0, Diff: 0, Sum: 0, Workers: 4
[22.357s][debug][gc,phases      ] GC(56)   StringDedup Requests0 Weak     Min:  0.0, Avg:  0.0, Max:  0.0, Diff:  0.0, Sum:  0.0, Workers: 4
[22.357s][debug][gc,phases      ] GC(56)     Dead                           Min: 0, Avg:  0.0, Max: 0, Diff: 0, Sum: 0, Workers: 4
[22.357s][debug][gc,phases      ] GC(56)     Total                          Min: 0, Avg:  0.0, Max: 0, Diff: 0, Sum: 0, Workers: 4
[22.357s][debug][gc,phases      ] GC(56)   StringDedup Requests1 Weak     Min:  0.0, Avg:  0.0, Max:  0.0, Diff:  0.0, Sum:  0.0, Workers: 4
[22.357s][debug][gc,phases      ] GC(56)     Dead                           Min: 0, Avg:  0.0, Max: 0, Diff: 0, Sum: 0, Workers: 4
[22.357s][debug][gc,phases      ] GC(56)     Total                          Min: 0, Avg:  0.0, Max: 0, Diff: 0, Sum: 0, Workers: 4
[22.357s][debug][gc,phases      ] GC(56)   Weak JFR Old Object Samples    Min:  0.0, Avg:  0.0, Max:  0.0, Diff:  0.0, Sum:  0.0, Workers: 4
[22.357s][debug][gc,phases      ] GC(56)     Dead                           Min: 0, Avg:  0.0, Max: 0, Diff: 0, Sum: 0, Workers: 4
[22.357s][debug][gc,phases      ] GC(56)     Total                          Min: 0, Avg:  0.0, Max: 0, Diff: 0, Sum: 0, Workers: 4
[22.357s][debug][gc,phases      ] GC(56) Weak Processing 0.233ms
[22.357s][debug][gc,age         ] GC(56) Desired survivor size 263716864 bytes, new threshold 15 (max threshold 15)
[22.357s][info ][gc,heap        ] GC(56) PSYoungGen: 1535808K(1805312K)->12144K(1839616K) Eden: 1524224K(1524224K)->0K(1569792K) From: 11584K(281088K)->12144K(269824K)
[22.357s][info ][gc,heap        ] GC(56) ParOldGen: 347888K(422912K)->347896K(422912K)
[22.357s][info ][gc,metaspace   ] GC(56) Metaspace: 72071K(72896K)->72071K(72896K) NonClass: 61516K(61952K)->61516K(61952K) Class: 10554K(10944K)->10554K(10944K)
[22.357s][info ][gc             ] GC(56) Pause Young (Allocation Failure) 1839M->351M(2209M) 4.920ms
[22.357s][info ][gc,cpu         ] GC(56) User=0.02s Sys=0.00s Real=0.00s
[22.357s][info ][safepoint      ] Safepoint "ParallelGCFailedAllocation", Time since last: 249948626 ns, Reaching safepoint: 3287125 ns, At safepoint: 5021839 ns, Total: 8308964 ns
[22.687s][info ][gc,start       ] GC(57) Pause Young (Allocation Failure)
[22.693s][debug][gc,phases      ] GC(57) Scavenge 6.199ms
[22.693s][debug][gc,ref         ] GC(57) Skipped phase 1 of Reference Processing: no references
[22.693s][debug][gc,ref         ] GC(57) ReferenceProcessor::execute queues: 1, RefProcThreadModel::Single, marks_oops_alive: false
[22.693s][debug][gc,ref         ] GC(57) Skipped phase 3 of Reference Processing: no references
[22.693s][debug][gc,ref         ] GC(57) ReferenceProcessor::execute queues: 1, RefProcThreadModel::Single, marks_oops_alive: false
[22.693s][debug][gc,phases      ] GC(57) Reference Processing 0.117ms
[22.693s][debug][gc,phases      ] GC(57)   VM Weak                        Min:  0.0, Avg:  0.0, Max:  0.0, Diff:  0.0, Sum:  0.0, Workers: 4
[22.693s][debug][gc,phases      ] GC(57)     Dead                           Min: 0, Avg:  0.0, Max: 0, Diff: 0, Sum: 0, Workers: 4
[22.693s][debug][gc,phases      ] GC(57)     Total                          Min: 0, Avg: 153.5, Max: 384, Diff: 384, Sum: 614, Workers: 4
[22.693s][debug][gc,phases      ] GC(57)   ObjectSynchronizer Weak        Min:  0.0, Avg:  0.0, Max:  0.0, Diff:  0.0, Sum:  0.0, Workers: 4
[22.693s][debug][gc,phases      ] GC(57)     Dead                           Min: 0, Avg:  0.2, Max: 1, Diff: 1, Sum: 1, Workers: 4
[22.693s][debug][gc,phases      ] GC(57)     Total                          Min: 0, Avg: 84.2, Max: 128, Diff: 128, Sum: 337, Workers: 4
[22.693s][debug][gc,phases      ] GC(57)   JVMTI Tag Weak OopStorage      Min:  0.0, Avg:  0.0, Max:  0.0, Diff:  0.0, Sum:  0.0, Workers: 4
[22.693s][debug][gc,phases      ] GC(57)     Dead                           Min: 0, Avg:  0.0, Max: 0, Diff: 0, Sum: 0, Workers: 4
[22.693s][debug][gc,phases      ] GC(57)     Total                          Min: 0, Avg:  0.0, Max: 0, Diff: 0, Sum: 0, Workers: 4
[22.693s][debug][gc,phases      ] GC(57)   StringTable Weak               Min:  0.1, Avg:  0.1, Max:  0.1, Diff:  0.0, Sum:  0.3, Workers: 4
[22.693s][debug][gc,phases      ] GC(57)     Dead                           Min: 0, Avg:  0.2, Max: 1, Diff: 1, Sum: 1, Workers: 4
[22.693s][debug][gc,phases      ] GC(57)     Total                          Min: 8832, Avg: 11374.2, Max: 14208, Diff: 5376, Sum: 45497, Workers: 4
[22.693s][debug][gc,phases      ] GC(57)   ResolvedMethodTable Weak       Min:  0.0, Avg:  0.0, Max:  0.0, Diff:  0.0, Sum:  0.1, Workers: 4
[22.693s][debug][gc,phases      ] GC(57)     Dead                           Min: 0, Avg:  1.0, Max: 3, Diff: 3, Sum: 4, Workers: 4
[22.693s][debug][gc,phases      ] GC(57)     Total                          Min: 1279, Avg: 1886.2, Max: 2304, Diff: 1025, Sum: 7545, Workers: 4
[22.693s][debug][gc,phases      ] GC(57)   JNI Weak                       Min:  0.0, Avg:  0.0, Max:  0.0, Diff:  0.0, Sum:  0.0, Workers: 4
[22.693s][debug][gc,phases      ] GC(57)     Dead                           Min: 0, Avg:  0.0, Max: 0, Diff: 0, Sum: 0, Workers: 4
[22.693s][debug][gc,phases      ] GC(57)     Total                          Min: 0, Avg:  0.0, Max: 0, Diff: 0, Sum: 0, Workers: 4
[22.693s][debug][gc,phases      ] GC(57)   StringDedup Table Weak         Min:  0.0, Avg:  0.0, Max:  0.0, Diff:  0.0, Sum:  0.0, Workers: 4
[22.693s][debug][gc,phases      ] GC(57)     Dead                           Min: 0, Avg:  0.0, Max: 0, Diff: 0, Sum: 0, Workers: 4
[22.693s][debug][gc,phases      ] GC(57)     Total                          Min: 0, Avg:  0.0, Max: 0, Diff: 0, Sum: 0, Workers: 4
[22.693s][debug][gc,phases      ] GC(57)   StringDedup Requests0 Weak     Min:  0.0, Avg:  0.0, Max:  0.0, Diff:  0.0, Sum:  0.0, Workers: 4
[22.693s][debug][gc,phases      ] GC(57)     Dead                           Min: 0, Avg:  0.0, Max: 0, Diff: 0, Sum: 0, Workers: 4
[22.693s][debug][gc,phases      ] GC(57)     Total                          Min: 0, Avg:  0.0, Max: 0, Diff: 0, Sum: 0, Workers: 4
[22.693s][debug][gc,phases      ] GC(57)   StringDedup Requests1 Weak     Min:  0.0, Avg:  0.0, Max:  0.0, Diff:  0.0, Sum:  0.0, Workers: 4
[22.693s][debug][gc,phases      ] GC(57)     Dead                           Min: 0, Avg:  0.0, Max: 0, Diff: 0, Sum: 0, Workers: 4
[22.693s][debug][gc,phases      ] GC(57)     Total                          Min: 0, Avg:  0.0, Max: 0, Diff: 0, Sum: 0, Workers: 4
[22.693s][debug][gc,phases      ] GC(57)   Weak JFR Old Object Samples    Min:  0.0, Avg:  0.0, Max:  0.0, Diff:  0.0, Sum:  0.0, Workers: 4
[22.693s][debug][gc,phases      ] GC(57)     Dead                           Min: 0, Avg:  0.0, Max: 0, Diff: 0, Sum: 0, Workers: 4
[22.693s][debug][gc,phases      ] GC(57)     Total                          Min: 0, Avg:  0.0, Max: 0, Diff: 0, Sum: 0, Workers: 4
[22.693s][debug][gc,phases      ] GC(57) Weak Processing 0.246ms
[22.693s][debug][gc,age         ] GC(57) Desired survivor size 251133952 bytes, new threshold 15 (max threshold 15)
[22.693s][info ][gc,heap        ] GC(57) PSYoungGen: 1581936K(1839616K)->13763K(1827328K) Eden: 1569792K(1569792K)->0K(1569792K) From: 12144K(269824K)->13763K(257536K)
[22.693s][info ][gc,heap        ] GC(57) ParOldGen: 347896K(422912K)->347904K(422912K)
[22.693s][info ][gc,metaspace   ] GC(57) Metaspace: 75040K(75776K)->75040K(75776K) NonClass: 64095K(64512K)->64095K(64512K) Class: 10945K(11264K)->10945K(11264K)
[22.693s][info ][gc             ] GC(57) Pause Young (Allocation Failure) 1884M->353M(2197M) 6.665ms
[22.693s][info ][gc,cpu         ] GC(57) User=0.03s Sys=0.00s Real=0.01s
[22.693s][info ][safepoint      ] Safepoint "ParallelGCFailedAllocation", Time since last: 328889835 ns, Reaching safepoint: 268302 ns, At safepoint: 6769352 ns, Total: 7037654 ns
[22.919s][info ][safepoint      ] Safepoint "ICBufferFull", Time since last: 225555938 ns, Reaching safepoint: 262002 ns, At safepoint: 30400 ns, Total: 292402 ns
[23.037s][info ][gc,start       ] GC(58) Pause Young (Allocation Failure)
[23.043s][debug][gc,phases      ] GC(58) Scavenge 6.076ms
[23.043s][debug][gc,ref         ] GC(58) Skipped phase 1 of Reference Processing: no references
[23.043s][debug][gc,ref         ] GC(58) ReferenceProcessor::execute queues: 1, RefProcThreadModel::Single, marks_oops_alive: false
[23.043s][debug][gc,ref         ] GC(58) Skipped phase 3 of Reference Processing: no references
[23.043s][debug][gc,ref         ] GC(58) ReferenceProcessor::execute queues: 1, RefProcThreadModel::Single, marks_oops_alive: false
[23.043s][debug][gc,phases      ] GC(58) Reference Processing 0.104ms
[23.043s][debug][gc,phases      ] GC(58)   VM Weak                        Min:  0.0, Avg:  0.0, Max:  0.0, Diff:  0.0, Sum:  0.0, Workers: 4
[23.043s][debug][gc,phases      ] GC(58)     Dead                           Min: 0, Avg:  0.0, Max: 0, Diff: 0, Sum: 0, Workers: 4
[23.043s][debug][gc,phases      ] GC(58)     Total                          Min: 0, Avg: 153.8, Max: 320, Diff: 320, Sum: 615, Workers: 4
[23.043s][debug][gc,phases      ] GC(58)   ObjectSynchronizer Weak        Min:  0.0, Avg:  0.0, Max:  0.0, Diff:  0.0, Sum:  0.0, Workers: 4
[23.043s][debug][gc,phases      ] GC(58)     Dead                           Min: 0, Avg:  0.0, Max: 0, Diff: 0, Sum: 0, Workers: 4
[23.043s][debug][gc,phases      ] GC(58)     Total                          Min: 0, Avg: 84.2, Max: 192, Diff: 192, Sum: 337, Workers: 4
[23.043s][debug][gc,phases      ] GC(58)   JVMTI Tag Weak OopStorage      Min:  0.0, Avg:  0.0, Max:  0.0, Diff:  0.0, Sum:  0.0, Workers: 4
[23.043s][debug][gc,phases      ] GC(58)     Dead                           Min: 0, Avg:  0.0, Max: 0, Diff: 0, Sum: 0, Workers: 4
[23.043s][debug][gc,phases      ] GC(58)     Total                          Min: 0, Avg:  0.0, Max: 0, Diff: 0, Sum: 0, Workers: 4
[23.043s][debug][gc,phases      ] GC(58)   StringTable Weak               Min:  0.1, Avg:  0.1, Max:  0.1, Diff:  0.0, Sum:  0.4, Workers: 4
[23.043s][debug][gc,phases      ] GC(58)     Dead                           Min: 0, Avg:  0.8, Max: 2, Diff: 2, Sum: 3, Workers: 4
[23.043s][debug][gc,phases      ] GC(58)     Total                          Min: 9600, Avg: 11419.2, Max: 16064, Diff: 6464, Sum: 45677, Workers: 4
[23.043s][debug][gc,phases      ] GC(58)   ResolvedMethodTable Weak       Min:  0.0, Avg:  0.0, Max:  0.0, Diff:  0.0, Sum:  0.1, Workers: 4
[23.043s][debug][gc,phases      ] GC(58)     Dead                           Min: 0, Avg:  8.2, Max: 23, Diff: 23, Sum: 33, Workers: 4
[23.043s][debug][gc,phases      ] GC(58)     Total                          Min: 1211, Avg: 1899.5, Max: 2749, Diff: 1538, Sum: 7598, Workers: 4
[23.043s][debug][gc,phases      ] GC(58)   JNI Weak                       Min:  0.0, Avg:  0.0, Max:  0.0, Diff:  0.0, Sum:  0.0, Workers: 4
[23.043s][debug][gc,phases      ] GC(58)     Dead                           Min: 0, Avg:  0.0, Max: 0, Diff: 0, Sum: 0, Workers: 4
[23.043s][debug][gc,phases      ] GC(58)     Total                          Min: 0, Avg:  0.8, Max: 3, Diff: 3, Sum: 3, Workers: 4
[23.043s][debug][gc,phases      ] GC(58)   StringDedup Table Weak         Min:  0.0, Avg:  0.0, Max:  0.0, Diff:  0.0, Sum:  0.0, Workers: 4
[23.043s][debug][gc,phases      ] GC(58)     Dead                           Min: 0, Avg:  0.0, Max: 0, Diff: 0, Sum: 0, Workers: 4
[23.043s][debug][gc,phases      ] GC(58)     Total                          Min: 0, Avg:  0.0, Max: 0, Diff: 0, Sum: 0, Workers: 4
[23.043s][debug][gc,phases      ] GC(58)   StringDedup Requests0 Weak     Min:  0.0, Avg:  0.0, Max:  0.0, Diff:  0.0, Sum:  0.0, Workers: 4
[23.043s][debug][gc,phases      ] GC(58)     Dead                           Min: 0, Avg:  0.0, Max: 0, Diff: 0, Sum: 0, Workers: 4
[23.043s][debug][gc,phases      ] GC(58)     Total                          Min: 0, Avg:  0.0, Max: 0, Diff: 0, Sum: 0, Workers: 4
[23.043s][debug][gc,phases      ] GC(58)   StringDedup Requests1 Weak     Min:  0.0, Avg:  0.0, Max:  0.0, Diff:  0.0, Sum:  0.0, Workers: 4
[23.043s][debug][gc,phases      ] GC(58)     Dead                           Min: 0, Avg:  0.0, Max: 0, Diff: 0, Sum: 0, Workers: 4
[23.043s][debug][gc,phases      ] GC(58)     Total                          Min: 0, Avg:  0.0, Max: 0, Diff: 0, Sum: 0, Workers: 4
[23.043s][debug][gc,phases      ] GC(58)   Weak JFR Old Object Samples    Min:  0.0, Avg:  0.0, Max:  0.0, Diff:  0.0, Sum:  0.0, Workers: 4
[23.043s][debug][gc,phases      ] GC(58)     Dead                           Min: 0, Avg:  0.0, Max: 0, Diff: 0, Sum: 0, Workers: 4
[23.043s][debug][gc,phases      ] GC(58)     Total                          Min: 0, Avg:  0.0, Max: 0, Diff: 0, Sum: 0, Workers: 4
[23.043s][debug][gc,phases      ] GC(58) Weak Processing 0.273ms
[23.043s][debug][gc,age         ] GC(58) Desired survivor size 238026752 bytes, new threshold 15 (max threshold 15)
[23.043s][info ][gc,heap        ] GC(58) PSYoungGen: 1583555K(1827328K)->14563K(1864704K) Eden: 1569792K(1569792K)->0K(1619456K) From: 13763K(257536K)->14563K(245248K)
[23.043s][info ][gc,heap        ] GC(58) ParOldGen: 347904K(422912K)->347912K(422912K)
[23.043s][info ][gc,metaspace   ] GC(58) Metaspace: 75834K(76608K)->75834K(76608K) NonClass: 64802K(65216K)->64802K(65216K) Class: 11031K(11392K)->11031K(11392K)
[23.043s][info ][gc             ] GC(58) Pause Young (Allocation Failure) 1886M->353M(2234M) 6.563ms
[23.043s][info ][gc,cpu         ] GC(58) User=0.03s Sys=0.00s Real=0.01s
[23.043s][info ][safepoint      ] Safepoint "ParallelGCFailedAllocation", Time since last: 117098602 ns, Reaching safepoint: 260102 ns, At safepoint: 6655052 ns, Total: 6915154 ns
[23.229s][info ][safepoint      ] Safepoint "ICBufferFull", Time since last: 160587437 ns, Reaching safepoint: 25017993 ns, At safepoint: 24500 ns, Total: 25042493 ns
[23.229s][info ][safepoint      ] Safepoint "ICBufferFull", Time since last: 130101 ns, Reaching safepoint: 108701 ns, At safepoint: 19200 ns, Total: 127901 ns
[23.229s][info ][safepoint      ] Safepoint "ICBufferFull", Time since last: 50600 ns, Reaching safepoint: 82901 ns, At safepoint: 22500 ns, Total: 105401 ns
[23.229s][info ][safepoint      ] Safepoint "ICBufferFull", Time since last: 42100 ns, Reaching safepoint: 95901 ns, At safepoint: 28500 ns, Total: 124401 ns
[23.368s][info ][gc,start       ] GC(59) Pause Young (Allocation Failure)
[23.376s][debug][gc,phases      ] GC(59) Scavenge 7.959ms
[23.376s][debug][gc,ref         ] GC(59) Skipped phase 1 of Reference Processing: no references
[23.376s][debug][gc,ref         ] GC(59) ReferenceProcessor::execute queues: 1, RefProcThreadModel::Single, marks_oops_alive: false
[23.376s][debug][gc,ref         ] GC(59) Skipped phase 3 of Reference Processing: no references
[23.376s][debug][gc,ref         ] GC(59) ReferenceProcessor::execute queues: 1, RefProcThreadModel::Single, marks_oops_alive: false
[23.376s][debug][gc,phases      ] GC(59) Reference Processing 0.124ms
[23.376s][debug][gc,phases      ] GC(59)   VM Weak                        Min:  0.0, Avg:  0.0, Max:  0.0, Diff:  0.0, Sum:  0.0, Workers: 4
[23.376s][debug][gc,phases      ] GC(59)     Dead                           Min: 0, Avg:  0.0, Max: 0, Diff: 0, Sum: 0, Workers: 4
[23.376s][debug][gc,phases      ] GC(59)     Total                          Min: 0, Avg: 155.2, Max: 557, Diff: 557, Sum: 621, Workers: 4
[23.376s][debug][gc,phases      ] GC(59)   ObjectSynchronizer Weak        Min:  0.0, Avg:  0.0, Max:  0.0, Diff:  0.0, Sum:  0.0, Workers: 4
[23.376s][debug][gc,phases      ] GC(59)     Dead                           Min: 0, Avg:  0.0, Max: 0, Diff: 0, Sum: 0, Workers: 4
[23.376s][debug][gc,phases      ] GC(59)     Total                          Min: 0, Avg: 84.5, Max: 192, Diff: 192, Sum: 338, Workers: 4
[23.376s][debug][gc,phases      ] GC(59)   JVMTI Tag Weak OopStorage      Min:  0.0, Avg:  0.0, Max:  0.0, Diff:  0.0, Sum:  0.0, Workers: 4
[23.376s][debug][gc,phases      ] GC(59)     Dead                           Min: 0, Avg:  0.0, Max: 0, Diff: 0, Sum: 0, Workers: 4
[23.376s][debug][gc,phases      ] GC(59)     Total                          Min: 0, Avg:  0.0, Max: 0, Diff: 0, Sum: 0, Workers: 4
[23.376s][debug][gc,phases      ] GC(59)   StringTable Weak               Min:  0.1, Avg:  0.1, Max:  0.1, Diff:  0.0, Sum:  0.4, Workers: 4
[23.376s][debug][gc,phases      ] GC(59)     Dead                           Min: 0, Avg:  0.2, Max: 1, Diff: 1, Sum: 1, Workers: 4
[23.376s][debug][gc,phases      ] GC(59)     Total                          Min: 9792, Avg: 11490.0, Max: 15232, Diff: 5440, Sum: 45960, Workers: 4
[23.376s][debug][gc,phases      ] GC(59)   ResolvedMethodTable Weak       Min:  0.0, Avg:  0.0, Max:  0.0, Diff:  0.0, Sum:  0.1, Workers: 4
[23.376s][debug][gc,phases      ] GC(59)     Dead                           Min: 0, Avg:  7.2, Max: 18, Diff: 18, Sum: 29, Workers: 4
[23.376s][debug][gc,phases      ] GC(59)     Total                          Min: 1600, Avg: 1932.5, Max: 2486, Diff: 886, Sum: 7730, Workers: 4
[23.376s][debug][gc,phases      ] GC(59)   JNI Weak                       Min:  0.0, Avg:  0.0, Max:  0.0, Diff:  0.0, Sum:  0.0, Workers: 4
[23.376s][debug][gc,phases      ] GC(59)     Dead                           Min: 0, Avg:  0.0, Max: 0, Diff: 0, Sum: 0, Workers: 4
[23.376s][debug][gc,phases      ] GC(59)     Total                          Min: 0, Avg: 11.8, Max: 47, Diff: 47, Sum: 47, Workers: 4
[23.376s][debug][gc,phases      ] GC(59)   StringDedup Table Weak         Min:  0.0, Avg:  0.0, Max:  0.0, Diff:  0.0, Sum:  0.0, Workers: 4
[23.376s][debug][gc,phases      ] GC(59)     Dead                           Min: 0, Avg:  0.0, Max: 0, Diff: 0, Sum: 0, Workers: 4
[23.376s][debug][gc,phases      ] GC(59)     Total                          Min: 0, Avg:  0.0, Max: 0, Diff: 0, Sum: 0, Workers: 4
[23.376s][debug][gc,phases      ] GC(59)   StringDedup Requests0 Weak     Min:  0.0, Avg:  0.0, Max:  0.0, Diff:  0.0, Sum:  0.0, Workers: 4
[23.376s][debug][gc,phases      ] GC(59)     Dead                           Min: 0, Avg:  0.0, Max: 0, Diff: 0, Sum: 0, Workers: 4
[23.376s][debug][gc,phases      ] GC(59)     Total                          Min: 0, Avg:  0.0, Max: 0, Diff: 0, Sum: 0, Workers: 4
[23.376s][debug][gc,phases      ] GC(59)   StringDedup Requests1 Weak     Min:  0.0, Avg:  0.0, Max:  0.0, Diff:  0.0, Sum:  0.0, Workers: 4
[23.376s][debug][gc,phases      ] GC(59)     Dead                           Min: 0, Avg:  0.0, Max: 0, Diff: 0, Sum: 0, Workers: 4
[23.376s][debug][gc,phases      ] GC(59)     Total                          Min: 0, Avg:  0.0, Max: 0, Diff: 0, Sum: 0, Workers: 4
[23.376s][debug][gc,phases      ] GC(59)   Weak JFR Old Object Samples    Min:  0.0, Avg:  0.0, Max:  0.0, Diff:  0.0, Sum:  0.0, Workers: 4
[23.376s][debug][gc,phases      ] GC(59)     Dead                           Min: 0, Avg:  0.0, Max: 0, Diff: 0, Sum: 0, Workers: 4
[23.376s][debug][gc,phases      ] GC(59)     Total                          Min: 0, Avg:  0.0, Max: 0, Diff: 0, Sum: 0, Workers: 4
[23.376s][debug][gc,phases      ] GC(59) Weak Processing 0.288ms
[23.376s][debug][gc,age         ] GC(59) Desired survivor size 224919552 bytes, new threshold 15 (max threshold 15)
[23.376s][info ][gc,heap        ] GC(59) PSYoungGen: 1634019K(1864704K)->19258K(1851904K) Eden: 1619456K(1619456K)->0K(1619456K) From: 14563K(245248K)->19258K(232448K)
[23.376s][info ][gc,heap        ] GC(59) ParOldGen: 347912K(422912K)->347920K(422912K)
[23.376s][info ][gc,metaspace   ] GC(59) Metaspace: 76642K(77440K)->76642K(77440K) NonClass: 65495K(65920K)->65495K(65920K) Class: 11146K(11520K)->11146K(11520K)
[23.377s][info ][gc             ] GC(59) Pause Young (Allocation Failure) 1935M->358M(2221M) 8.483ms
[23.377s][info ][gc,cpu         ] GC(59) User=0.04s Sys=0.00s Real=0.01s
[23.377s][info ][safepoint      ] Safepoint "ParallelGCFailedAllocation", Time since last: 136303050 ns, Reaching safepoint: 2275918 ns, At safepoint: 8587466 ns, Total: 10863384 ns
[23.509s][info ][safepoint      ] Safepoint "ICBufferFull", Time since last: 131794716 ns, Reaching safepoint: 227401 ns, At safepoint: 27000 ns, Total: 254401 ns
[23.582s][info ][safepoint      ] Safepoint "ICBufferFull", Time since last: 73489067 ns, Reaching safepoint: 152001 ns, At safepoint: 31600 ns, Total: 183601 ns
[23.599s][info ][safepoint      ] Safepoint "ICBufferFull", Time since last: 16346526 ns, Reaching safepoint: 112201 ns, At safepoint: 23000 ns, Total: 135201 ns
[23.638s][info ][safepoint      ] Safepoint "ICBufferFull", Time since last: 35399073 ns, Reaching safepoint: 4239332 ns, At safepoint: 31101 ns, Total: 4270433 ns
[23.667s][info ][safepoint      ] Safepoint "ICBufferFull", Time since last: 26332503 ns, Reaching safepoint: 2165916 ns, At safepoint: 30800 ns, Total: 2196716 ns
[23.687s][info ][safepoint      ] Safepoint "ICBufferFull", Time since last: 19863354 ns, Reaching safepoint: 124300 ns, At safepoint: 38401 ns, Total: 162701 ns
[23.713s][info ][safepoint      ] Safepoint "ICBufferFull", Time since last: 25850799 ns, Reaching safepoint: 132401 ns, At safepoint: 24700 ns, Total: 157101 ns
[23.729s][info ][safepoint      ] Safepoint "ICBufferFull", Time since last: 15596620 ns, Reaching safepoint: 552305 ns, At safepoint: 33400 ns, Total: 585705 ns
[23.770s][info ][gc,start       ] GC(60) Pause Young (Allocation Failure)
[23.777s][debug][gc,phases      ] GC(60) Scavenge 6.639ms
[23.777s][debug][gc,ref         ] GC(60) Skipped phase 1 of Reference Processing: no references
[23.777s][debug][gc,ref         ] GC(60) ReferenceProcessor::execute queues: 1, RefProcThreadModel::Single, marks_oops_alive: false
[23.777s][debug][gc,ref         ] GC(60) Skipped phase 3 of Reference Processing: no references
[23.777s][debug][gc,ref         ] GC(60) ReferenceProcessor::execute queues: 1, RefProcThreadModel::Single, marks_oops_alive: false
[23.777s][debug][gc,phases      ] GC(60) Reference Processing 0.113ms
[23.777s][debug][gc,phases      ] GC(60)   VM Weak                        Min:  0.0, Avg:  0.0, Max:  0.0, Diff:  0.0, Sum:  0.0, Workers: 4
[23.777s][debug][gc,phases      ] GC(60)     Dead                           Min: 0, Avg:  0.0, Max: 0, Diff: 0, Sum: 0, Workers: 4
[23.777s][debug][gc,phases      ] GC(60)     Total                          Min: 0, Avg: 157.8, Max: 512, Diff: 512, Sum: 631, Workers: 4
[23.777s][debug][gc,phases      ] GC(60)   ObjectSynchronizer Weak        Min:  0.0, Avg:  0.0, Max:  0.0, Diff:  0.0, Sum:  0.0, Workers: 4
[23.777s][debug][gc,phases      ] GC(60)     Dead                           Min: 0, Avg:  0.0, Max: 0, Diff: 0, Sum: 0, Workers: 4
[23.777s][debug][gc,phases      ] GC(60)     Total                          Min: 0, Avg: 84.8, Max: 192, Diff: 192, Sum: 339, Workers: 4
[23.777s][debug][gc,phases      ] GC(60)   JVMTI Tag Weak OopStorage      Min:  0.0, Avg:  0.0, Max:  0.0, Diff:  0.0, Sum:  0.0, Workers: 4
[23.777s][debug][gc,phases      ] GC(60)     Dead                           Min: 0, Avg:  0.0, Max: 0, Diff: 0, Sum: 0, Workers: 4
[23.777s][debug][gc,phases      ] GC(60)     Total                          Min: 0, Avg:  0.0, Max: 0, Diff: 0, Sum: 0, Workers: 4
[23.777s][debug][gc,phases      ] GC(60)   StringTable Weak               Min:  0.1, Avg:  0.1, Max:  0.1, Diff:  0.0, Sum:  0.4, Workers: 4
[23.777s][debug][gc,phases      ] GC(60)     Dead                           Min: 0, Avg:  0.8, Max: 3, Diff: 3, Sum: 3, Workers: 4
[23.777s][debug][gc,phases      ] GC(60)     Total                          Min: 9600, Avg: 11515.5, Max: 14062, Diff: 4462, Sum: 46062, Workers: 4
[23.777s][debug][gc,phases      ] GC(60)   ResolvedMethodTable Weak       Min:  0.0, Avg:  0.0, Max:  0.0, Diff:  0.0, Sum:  0.1, Workers: 4
[23.777s][debug][gc,phases      ] GC(60)     Dead                           Min: 2, Avg:  4.5, Max: 8, Diff: 6, Sum: 18, Workers: 4
[23.777s][debug][gc,phases      ] GC(60)     Total                          Min: 1536, Avg: 1954.5, Max: 2314, Diff: 778, Sum: 7818, Workers: 4
[23.777s][debug][gc,phases      ] GC(60)   JNI Weak                       Min:  0.0, Avg:  0.0, Max:  0.0, Diff:  0.0, Sum:  0.0, Workers: 4
[23.777s][debug][gc,phases      ] GC(60)     Dead                           Min: 0, Avg:  0.0, Max: 0, Diff: 0, Sum: 0, Workers: 4
[23.777s][debug][gc,phases      ] GC(60)     Total                          Min: 0, Avg:  1.5, Max: 6, Diff: 6, Sum: 6, Workers: 4
[23.777s][debug][gc,phases      ] GC(60)   StringDedup Table Weak         Min:  0.0, Avg:  0.0, Max:  0.0, Diff:  0.0, Sum:  0.0, Workers: 4
[23.777s][debug][gc,phases      ] GC(60)     Dead                           Min: 0, Avg:  0.0, Max: 0, Diff: 0, Sum: 0, Workers: 4
[23.777s][debug][gc,phases      ] GC(60)     Total                          Min: 0, Avg:  0.0, Max: 0, Diff: 0, Sum: 0, Workers: 4
[23.777s][debug][gc,phases      ] GC(60)   StringDedup Requests0 Weak     Min:  0.0, Avg:  0.0, Max:  0.0, Diff:  0.0, Sum:  0.0, Workers: 4
[23.777s][debug][gc,phases      ] GC(60)     Dead                           Min: 0, Avg:  0.0, Max: 0, Diff: 0, Sum: 0, Workers: 4
[23.777s][debug][gc,phases      ] GC(60)     Total                          Min: 0, Avg:  0.0, Max: 0, Diff: 0, Sum: 0, Workers: 4
[23.777s][debug][gc,phases      ] GC(60)   StringDedup Requests1 Weak     Min:  0.0, Avg:  0.0, Max:  0.0, Diff:  0.0, Sum:  0.0, Workers: 4
[23.777s][debug][gc,phases      ] GC(60)     Dead                           Min: 0, Avg:  0.0, Max: 0, Diff: 0, Sum: 0, Workers: 4
[23.777s][debug][gc,phases      ] GC(60)     Total                          Min: 0, Avg:  0.0, Max: 0, Diff: 0, Sum: 0, Workers: 4
[23.777s][debug][gc,phases      ] GC(60)   Weak JFR Old Object Samples    Min:  0.0, Avg:  0.0, Max:  0.0, Diff:  0.0, Sum:  0.0, Workers: 4
[23.778s][debug][gc,phases      ] GC(60)     Dead                           Min: 0, Avg:  0.0, Max: 0, Diff: 0, Sum: 0, Workers: 4
[23.778s][debug][gc,phases      ] GC(60)     Total                          Min: 0, Avg:  0.0, Max: 0, Diff: 0, Sum: 0, Workers: 4
[23.778s][debug][gc,phases      ] GC(60) Weak Processing 0.299ms
[23.778s][debug][gc,age         ] GC(60) Desired survivor size 209715200 bytes, new threshold 15 (max threshold 15)
[23.778s][info ][gc,heap        ] GC(60) PSYoungGen: 1638714K(1851904K)->32424K(1892352K) Eden: 1619456K(1619456K)->0K(1672704K) From: 19258K(232448K)->32424K(219648K)
[23.778s][info ][gc,heap        ] GC(60) ParOldGen: 347920K(422912K)->347928K(422912K)
[23.778s][info ][gc,metaspace   ] GC(60) Metaspace: 77153K(78016K)->77153K(78016K) NonClass: 65964K(66432K)->65964K(66432K) Class: 11189K(11584K)->11189K(11584K)
[23.778s][info ][gc             ] GC(60) Pause Young (Allocation Failure) 1940M->371M(2261M) 7.159ms
[23.778s][info ][gc,cpu         ] GC(60) User=0.02s Sys=0.00s Real=0.00s
[23.778s][info ][safepoint      ] Safepoint "ParallelGCFailedAllocation", Time since last: 36915684 ns, Reaching safepoint: 4229233 ns, At safepoint: 7269356 ns, Total: 11498589 ns
[24.093s][info ][gc,start       ] GC(61) Pause Young (Allocation Failure)
[24.101s][debug][gc,phases      ] GC(61) Scavenge 7.801ms
[24.101s][debug][gc,ref         ] GC(61) Skipped phase 1 of Reference Processing: no references
[24.101s][debug][gc,ref         ] GC(61) ReferenceProcessor::execute queues: 1, RefProcThreadModel::Single, marks_oops_alive: false
[24.101s][debug][gc,ref         ] GC(61) Skipped phase 3 of Reference Processing: no references
[24.101s][debug][gc,ref         ] GC(61) ReferenceProcessor::execute queues: 1, RefProcThreadModel::Single, marks_oops_alive: false
[24.101s][debug][gc,phases      ] GC(61) Reference Processing 0.124ms
[24.101s][debug][gc,phases      ] GC(61)   VM Weak                        Min:  0.0, Avg:  0.0, Max:  0.0, Diff:  0.0, Sum:  0.0, Workers: 4
[24.101s][debug][gc,phases      ] GC(61)     Dead                           Min: 0, Avg:  0.0, Max: 0, Diff: 0, Sum: 0, Workers: 4
[24.101s][debug][gc,phases      ] GC(61)     Total                          Min: 0, Avg: 157.8, Max: 567, Diff: 567, Sum: 631, Workers: 4
[24.101s][debug][gc,phases      ] GC(61)   ObjectSynchronizer Weak        Min:  0.0, Avg:  0.0, Max:  0.0, Diff:  0.0, Sum:  0.0, Workers: 4
[24.101s][debug][gc,phases      ] GC(61)     Dead                           Min: 0, Avg:  0.0, Max: 0, Diff: 0, Sum: 0, Workers: 4
[24.101s][debug][gc,phases      ] GC(61)     Total                          Min: 0, Avg: 84.8, Max: 211, Diff: 211, Sum: 339, Workers: 4
[24.101s][debug][gc,phases      ] GC(61)   JVMTI Tag Weak OopStorage      Min:  0.0, Avg:  0.0, Max:  0.0, Diff:  0.0, Sum:  0.0, Workers: 4
[24.101s][debug][gc,phases      ] GC(61)     Dead                           Min: 0, Avg:  0.0, Max: 0, Diff: 0, Sum: 0, Workers: 4
[24.101s][debug][gc,phases      ] GC(61)     Total                          Min: 0, Avg:  0.0, Max: 0, Diff: 0, Sum: 0, Workers: 4
[24.101s][debug][gc,phases      ] GC(61)   StringTable Weak               Min:  0.1, Avg:  0.1, Max:  0.1, Diff:  0.0, Sum:  0.4, Workers: 4
[24.101s][debug][gc,phases      ] GC(61)     Dead                           Min: 0, Avg:  0.0, Max: 0, Diff: 0, Sum: 0, Workers: 4
[24.101s][debug][gc,phases      ] GC(61)     Total                          Min: 9344, Avg: 11525.5, Max: 13654, Diff: 4310, Sum: 46102, Workers: 4
[24.101s][debug][gc,phases      ] GC(61)   ResolvedMethodTable Weak       Min:  0.0, Avg:  0.0, Max:  0.0, Diff:  0.0, Sum:  0.1, Workers: 4
[24.102s][debug][gc,phases      ] GC(61)     Dead                           Min: 0, Avg:  0.0, Max: 0, Diff: 0, Sum: 0, Workers: 4
[24.102s][debug][gc,phases      ] GC(61)     Total                          Min: 1728, Avg: 1954.5, Max: 2240, Diff: 512, Sum: 7818, Workers: 4
[24.102s][debug][gc,phases      ] GC(61)   JNI Weak                       Min:  0.0, Avg:  0.0, Max:  0.0, Diff:  0.0, Sum:  0.0, Workers: 4
[24.102s][debug][gc,phases      ] GC(61)     Dead                           Min: 0, Avg:  0.0, Max: 0, Diff: 0, Sum: 0, Workers: 4
[24.102s][debug][gc,phases      ] GC(61)     Total                          Min: 0, Avg:  3.2, Max: 13, Diff: 13, Sum: 13, Workers: 4
[24.102s][debug][gc,phases      ] GC(61)   StringDedup Table Weak         Min:  0.0, Avg:  0.0, Max:  0.0, Diff:  0.0, Sum:  0.0, Workers: 4
[24.102s][debug][gc,phases      ] GC(61)     Dead                           Min: 0, Avg:  0.0, Max: 0, Diff: 0, Sum: 0, Workers: 4
[24.102s][debug][gc,phases      ] GC(61)     Total                          Min: 0, Avg:  0.0, Max: 0, Diff: 0, Sum: 0, Workers: 4
[24.102s][debug][gc,phases      ] GC(61)   StringDedup Requests0 Weak     Min:  0.0, Avg:  0.0, Max:  0.0, Diff:  0.0, Sum:  0.0, Workers: 4
[24.102s][debug][gc,phases      ] GC(61)     Dead                           Min: 0, Avg:  0.0, Max: 0, Diff: 0, Sum: 0, Workers: 4
[24.102s][debug][gc,phases      ] GC(61)     Total                          Min: 0, Avg:  0.0, Max: 0, Diff: 0, Sum: 0, Workers: 4
[24.102s][debug][gc,phases      ] GC(61)   StringDedup Requests1 Weak     Min:  0.0, Avg:  0.0, Max:  0.0, Diff:  0.0, Sum:  0.0, Workers: 4
[24.102s][debug][gc,phases      ] GC(61)     Dead                           Min: 0, Avg:  0.0, Max: 0, Diff: 0, Sum: 0, Workers: 4
[24.102s][debug][gc,phases      ] GC(61)     Total                          Min: 0, Avg:  0.0, Max: 0, Diff: 0, Sum: 0, Workers: 4
[24.102s][debug][gc,phases      ] GC(61)   Weak JFR Old Object Samples    Min:  0.0, Avg:  0.0, Max:  0.0, Diff:  0.0, Sum:  0.0, Workers: 4
[24.102s][debug][gc,phases      ] GC(61)     Dead                           Min: 0, Avg:  0.0, Max: 0, Diff: 0, Sum: 0, Workers: 4
[24.102s][debug][gc,phases      ] GC(61)     Total                          Min: 0, Avg:  0.0, Max: 0, Diff: 0, Sum: 0, Workers: 4
[24.102s][debug][gc,phases      ] GC(61) Weak Processing 0.284ms
[24.102s][debug][gc,age         ] GC(61) Desired survivor size 196608000 bytes, new threshold 15 (max threshold 15)
[24.102s][info ][gc,heap        ] GC(61) PSYoungGen: 1705128K(1892352K)->26859K(1877504K) Eden: 1672704K(1672704K)->0K(1672704K) From: 32424K(219648K)->26859K(204800K)
[24.102s][info ][gc,heap        ] GC(61) ParOldGen: 347928K(422912K)->354656K(422912K)
[24.102s][info ][gc,metaspace   ] GC(61) Metaspace: 77320K(78144K)->77320K(78144K) NonClass: 66130K(66560K)->66130K(66560K) Class: 11190K(11584K)->11190K(11584K)
[24.102s][info ][gc             ] GC(61) Pause Young (Allocation Failure) 2004M->372M(2246M) 8.307ms
[24.102s][info ][gc,cpu         ] GC(61) User=0.04s Sys=0.00s Real=0.01s
[24.102s][info ][safepoint      ] Safepoint "ParallelGCFailedAllocation", Time since last: 315450530 ns, Reaching safepoint: 189201 ns, At safepoint: 8398165 ns, Total: 8587366 ns
[24.402s][info ][gc,start       ] GC(62) Pause Young (Allocation Failure)
[24.410s][debug][gc,phases      ] GC(62) Scavenge 7.628ms
[24.410s][debug][gc,ref         ] GC(62) Skipped phase 1 of Reference Processing: no references
[24.410s][debug][gc,ref         ] GC(62) ReferenceProcessor::execute queues: 1, RefProcThreadModel::Single, marks_oops_alive: false
[24.410s][debug][gc,ref         ] GC(62) Skipped phase 3 of Reference Processing: no references
[24.410s][debug][gc,ref         ] GC(62) ReferenceProcessor::execute queues: 1, RefProcThreadModel::Single, marks_oops_alive: false
[24.410s][debug][gc,phases      ] GC(62) Reference Processing 0.108ms
[24.410s][debug][gc,phases      ] GC(62)   VM Weak                        Min:  0.0, Avg:  0.0, Max:  0.0, Diff:  0.0, Sum:  0.0, Workers: 4
[24.410s][debug][gc,phases      ] GC(62)     Dead                           Min: 0, Avg:  0.0, Max: 0, Diff: 0, Sum: 0, Workers: 4
[24.410s][debug][gc,phases      ] GC(62)     Total                          Min: 0, Avg: 157.8, Max: 631, Diff: 631, Sum: 631, Workers: 4
[24.410s][debug][gc,phases      ] GC(62)   ObjectSynchronizer Weak        Min:  0.0, Avg:  0.0, Max:  0.0, Diff:  0.0, Sum:  0.0, Workers: 4
[24.410s][debug][gc,phases      ] GC(62)     Dead                           Min: 0, Avg:  0.0, Max: 0, Diff: 0, Sum: 0, Workers: 4
[24.410s][debug][gc,phases      ] GC(62)     Total                          Min: 0, Avg: 84.8, Max: 339, Diff: 339, Sum: 339, Workers: 4
[24.410s][debug][gc,phases      ] GC(62)   JVMTI Tag Weak OopStorage      Min:  0.0, Avg:  0.0, Max:  0.0, Diff:  0.0, Sum:  0.0, Workers: 4
[24.410s][debug][gc,phases      ] GC(62)     Dead                           Min: 0, Avg:  0.0, Max: 0, Diff: 0, Sum: 0, Workers: 4
[24.410s][debug][gc,phases      ] GC(62)     Total                          Min: 0, Avg:  0.0, Max: 0, Diff: 0, Sum: 0, Workers: 4
[24.410s][debug][gc,phases      ] GC(62)   StringTable Weak               Min:  0.1, Avg:  0.1, Max:  0.1, Diff:  0.0, Sum:  0.3, Workers: 4
[24.410s][debug][gc,phases      ] GC(62)     Dead                           Min: 0, Avg:  0.0, Max: 0, Diff: 0, Sum: 0, Workers: 4
[24.410s][debug][gc,phases      ] GC(62)     Total                          Min: 10816, Avg: 11525.8, Max: 12247, Diff: 1431, Sum: 46103, Workers: 4
[24.410s][debug][gc,phases      ] GC(62)   ResolvedMethodTable Weak       Min:  0.0, Avg:  0.0, Max:  0.0, Diff:  0.0, Sum:  0.1, Workers: 4
[24.410s][debug][gc,phases      ] GC(62)     Dead                           Min: 0, Avg:  0.0, Max: 0, Diff: 0, Sum: 0, Workers: 4
[24.410s][debug][gc,phases      ] GC(62)     Total                          Min: 1856, Avg: 1954.5, Max: 2058, Diff: 202, Sum: 7818, Workers: 4
[24.410s][debug][gc,phases      ] GC(62)   JNI Weak                       Min:  0.0, Avg:  0.0, Max:  0.0, Diff:  0.0, Sum:  0.0, Workers: 4
[24.410s][debug][gc,phases      ] GC(62)     Dead                           Min: 0, Avg:  0.0, Max: 0, Diff: 0, Sum: 0, Workers: 4
[24.410s][debug][gc,phases      ] GC(62)     Total                          Min: 0, Avg:  4.5, Max: 18, Diff: 18, Sum: 18, Workers: 4
[24.410s][debug][gc,phases      ] GC(62)   StringDedup Table Weak         Min:  0.0, Avg:  0.0, Max:  0.0, Diff:  0.0, Sum:  0.0, Workers: 4
[24.410s][debug][gc,phases      ] GC(62)     Dead                           Min: 0, Avg:  0.0, Max: 0, Diff: 0, Sum: 0, Workers: 4
[24.410s][debug][gc,phases      ] GC(62)     Total                          Min: 0, Avg:  0.0, Max: 0, Diff: 0, Sum: 0, Workers: 4
[24.410s][debug][gc,phases      ] GC(62)   StringDedup Requests0 Weak     Min:  0.0, Avg:  0.0, Max:  0.0, Diff:  0.0, Sum:  0.0, Workers: 4
[24.410s][debug][gc,phases      ] GC(62)     Dead                           Min: 0, Avg:  0.0, Max: 0, Diff: 0, Sum: 0, Workers: 4
[24.410s][debug][gc,phases      ] GC(62)     Total                          Min: 0, Avg:  0.0, Max: 0, Diff: 0, Sum: 0, Workers: 4
[24.410s][debug][gc,phases      ] GC(62)   StringDedup Requests1 Weak     Min:  0.0, Avg:  0.0, Max:  0.0, Diff:  0.0, Sum:  0.0, Workers: 4
[24.410s][debug][gc,phases      ] GC(62)     Dead                           Min: 0, Avg:  0.0, Max: 0, Diff: 0, Sum: 0, Workers: 4
[24.410s][debug][gc,phases      ] GC(62)     Total                          Min: 0, Avg:  0.0, Max: 0, Diff: 0, Sum: 0, Workers: 4
[24.410s][debug][gc,phases      ] GC(62)   Weak JFR Old Object Samples    Min:  0.0, Avg:  0.0, Max:  0.0, Diff:  0.0, Sum:  0.0, Workers: 4
[24.410s][debug][gc,phases      ] GC(62)     Dead                           Min: 0, Avg:  0.0, Max: 0, Diff: 0, Sum: 0, Workers: 4
[24.410s][debug][gc,phases      ] GC(62)     Total                          Min: 0, Avg:  0.0, Max: 0, Diff: 0, Sum: 0, Workers: 4
[24.410s][debug][gc,phases      ] GC(62) Weak Processing 0.236ms
[24.410s][debug][gc,age         ] GC(62) Desired survivor size 184549376 bytes, new threshold 15 (max threshold 15)
[24.411s][info ][gc,heap        ] GC(62) PSYoungGen: 1699563K(1877504K)->25563K(1916928K) Eden: 1672704K(1672704K)->0K(1724928K) From: 26859K(204800K)->25563K(192000K)
[24.411s][info ][gc,heap        ] GC(62) ParOldGen: 354656K(422912K)->357784K(422912K)
[24.411s][info ][gc,metaspace   ] GC(62) Metaspace: 77405K(78208K)->77405K(78208K) NonClass: 66214K(66624K)->66214K(66624K) Class: 11190K(11584K)->11190K(11584K)
[24.411s][info ][gc             ] GC(62) Pause Young (Allocation Failure) 2006M->374M(2285M) 8.072ms
[24.411s][info ][gc,cpu         ] GC(62) User=0.02s Sys=0.01s Real=0.01s
[24.411s][info ][safepoint      ] Safepoint "ParallelGCFailedAllocation", Time since last: 300627116 ns, Reaching safepoint: 139601 ns, At safepoint: 8164163 ns, Total: 8303764 ns
[24.711s][info ][gc,start       ] GC(63) Pause Young (Allocation Failure)
[24.717s][debug][gc,phases      ] GC(63) Scavenge 6.149ms
[24.717s][debug][gc,ref         ] GC(63) Skipped phase 1 of Reference Processing: no references
[24.717s][debug][gc,ref         ] GC(63) ReferenceProcessor::execute queues: 1, RefProcThreadModel::Single, marks_oops_alive: false
[24.717s][debug][gc,ref         ] GC(63) Skipped phase 3 of Reference Processing: no references
[24.717s][debug][gc,ref         ] GC(63) ReferenceProcessor::execute queues: 1, RefProcThreadModel::Single, marks_oops_alive: false
[24.717s][debug][gc,phases      ] GC(63) Reference Processing 0.117ms
[24.718s][debug][gc,phases      ] GC(63)   VM Weak                        Min:  0.0, Avg:  0.0, Max:  0.0, Diff:  0.0, Sum:  0.0, Workers: 4
[24.718s][debug][gc,phases      ] GC(63)     Dead                           Min: 0, Avg:  0.0, Max: 0, Diff: 0, Sum: 0, Workers: 4
[24.718s][debug][gc,phases      ] GC(63)     Total                          Min: 0, Avg: 157.8, Max: 576, Diff: 576, Sum: 631, Workers: 4
[24.718s][debug][gc,phases      ] GC(63)   ObjectSynchronizer Weak        Min:  0.0, Avg:  0.0, Max:  0.0, Diff:  0.0, Sum:  0.0, Workers: 4
[24.718s][debug][gc,phases      ] GC(63)     Dead                           Min: 0, Avg:  0.0, Max: 0, Diff: 0, Sum: 0, Workers: 4
[24.718s][debug][gc,phases      ] GC(63)     Total                          Min: 0, Avg: 84.8, Max: 192, Diff: 192, Sum: 339, Workers: 4
[24.718s][debug][gc,phases      ] GC(63)   JVMTI Tag Weak OopStorage      Min:  0.0, Avg:  0.0, Max:  0.0, Diff:  0.0, Sum:  0.0, Workers: 4
[24.718s][debug][gc,phases      ] GC(63)     Dead                           Min: 0, Avg:  0.0, Max: 0, Diff: 0, Sum: 0, Workers: 4
[24.718s][debug][gc,phases      ] GC(63)     Total                          Min: 0, Avg:  0.0, Max: 0, Diff: 0, Sum: 0, Workers: 4
[24.718s][debug][gc,phases      ] GC(63)   StringTable Weak               Min:  0.1, Avg:  0.1, Max:  0.1, Diff:  0.0, Sum:  0.4, Workers: 4
[24.718s][debug][gc,phases      ] GC(63)     Dead                           Min: 0, Avg:  0.0, Max: 0, Diff: 0, Sum: 0, Workers: 4
[24.718s][debug][gc,phases      ] GC(63)     Total                          Min: 10176, Avg: 11526.2, Max: 15065, Diff: 4889, Sum: 46105, Workers: 4
[24.718s][debug][gc,phases      ] GC(63)   ResolvedMethodTable Weak       Min:  0.0, Avg:  0.0, Max:  0.0, Diff:  0.0, Sum:  0.1, Workers: 4
[24.718s][debug][gc,phases      ] GC(63)     Dead                           Min: 0, Avg:  0.0, Max: 0, Diff: 0, Sum: 0, Workers: 4
[24.718s][debug][gc,phases      ] GC(63)     Total                          Min: 1546, Avg: 1954.5, Max: 2496, Diff: 950, Sum: 7818, Workers: 4
[24.718s][debug][gc,phases      ] GC(63)   JNI Weak                       Min:  0.0, Avg:  0.0, Max:  0.0, Diff:  0.0, Sum:  0.0, Workers: 4
[24.718s][debug][gc,phases      ] GC(63)     Dead                           Min: 0, Avg:  0.0, Max: 0, Diff: 0, Sum: 0, Workers: 4
[24.718s][debug][gc,phases      ] GC(63)     Total                          Min: 0, Avg:  1.0, Max: 4, Diff: 4, Sum: 4, Workers: 4
[24.718s][debug][gc,phases      ] GC(63)   StringDedup Table Weak         Min:  0.0, Avg:  0.0, Max:  0.0, Diff:  0.0, Sum:  0.0, Workers: 4
[24.718s][debug][gc,phases      ] GC(63)     Dead                           Min: 0, Avg:  0.0, Max: 0, Diff: 0, Sum: 0, Workers: 4
[24.718s][debug][gc,phases      ] GC(63)     Total                          Min: 0, Avg:  0.0, Max: 0, Diff: 0, Sum: 0, Workers: 4
[24.718s][debug][gc,phases      ] GC(63)   StringDedup Requests0 Weak     Min:  0.0, Avg:  0.0, Max:  0.0, Diff:  0.0, Sum:  0.0, Workers: 4
[24.718s][debug][gc,phases      ] GC(63)     Dead                           Min: 0, Avg:  0.0, Max: 0, Diff: 0, Sum: 0, Workers: 4
[24.718s][debug][gc,phases      ] GC(63)     Total                          Min: 0, Avg:  0.0, Max: 0, Diff: 0, Sum: 0, Workers: 4
[24.718s][debug][gc,phases      ] GC(63)   StringDedup Requests1 Weak     Min:  0.0, Avg:  0.0, Max:  0.0, Diff:  0.0, Sum:  0.0, Workers: 4
[24.718s][debug][gc,phases      ] GC(63)     Dead                           Min: 0, Avg:  0.0, Max: 0, Diff: 0, Sum: 0, Workers: 4
[24.718s][debug][gc,phases      ] GC(63)     Total                          Min: 0, Avg:  0.0, Max: 0, Diff: 0, Sum: 0, Workers: 4
[24.718s][debug][gc,phases      ] GC(63)   Weak JFR Old Object Samples    Min:  0.0, Avg:  0.0, Max:  0.0, Diff:  0.0, Sum:  0.0, Workers: 4
[24.718s][debug][gc,phases      ] GC(63)     Dead                           Min: 0, Avg:  0.0, Max: 0, Diff: 0, Sum: 0, Workers: 4
[24.718s][debug][gc,phases      ] GC(63)     Total                          Min: 0, Avg:  0.0, Max: 0, Diff: 0, Sum: 0, Workers: 4
[24.718s][debug][gc,phases      ] GC(63) Weak Processing 0.273ms
[24.718s][debug][gc,age         ] GC(63) Desired survivor size 173015040 bytes, new threshold 15 (max threshold 15)
[24.718s][info ][gc,heap        ] GC(63) PSYoungGen: 1750491K(1916928K)->25288K(1905152K) Eden: 1724928K(1724928K)->0K(1724928K) From: 25563K(192000K)->25288K(180224K)
[24.718s][info ][gc,heap        ] GC(63) ParOldGen: 357784K(422912K)->358204K(422912K)
[24.718s][info ][gc,metaspace   ] GC(63) Metaspace: 77438K(78272K)->77438K(78272K) NonClass: 66247K(66688K)->66247K(66688K) Class: 11190K(11584K)->11190K(11584K)
[24.718s][info ][gc             ] GC(63) Pause Young (Allocation Failure) 2058M->374M(2273M) 6.631ms
[24.718s][info ][gc,cpu         ] GC(63) User=0.02s Sys=0.01s Real=0.00s
[24.718s][info ][safepoint      ] Safepoint "ParallelGCFailedAllocation", Time since last: 300299713 ns, Reaching safepoint: 144901 ns, At safepoint: 6717152 ns, Total: 6862053 ns
[25.072s][info ][gc,start       ] GC(64) Pause Young (Allocation Failure)
[25.077s][debug][gc,phases      ] GC(64) Scavenge 4.828ms
[25.077s][debug][gc,ref         ] GC(64) Skipped phase 1 of Reference Processing: no references
[25.077s][debug][gc,ref         ] GC(64) ReferenceProcessor::execute queues: 1, RefProcThreadModel::Single, marks_oops_alive: false
[25.077s][debug][gc,ref         ] GC(64) Skipped phase 3 of Reference Processing: no references
[25.077s][debug][gc,ref         ] GC(64) ReferenceProcessor::execute queues: 1, RefProcThreadModel::Single, marks_oops_alive: false
[25.077s][debug][gc,phases      ] GC(64) Reference Processing 0.132ms
[25.077s][debug][gc,phases      ] GC(64)   VM Weak                        Min:  0.0, Avg:  0.0, Max:  0.0, Diff:  0.0, Sum:  0.0, Workers: 4
[25.077s][debug][gc,phases      ] GC(64)     Dead                           Min: 0, Avg:  0.0, Max: 0, Diff: 0, Sum: 0, Workers: 4
[25.078s][debug][gc,phases      ] GC(64)     Total                          Min: 0, Avg: 157.8, Max: 439, Diff: 439, Sum: 631, Workers: 4
[25.078s][debug][gc,phases      ] GC(64)   ObjectSynchronizer Weak        Min:  0.0, Avg:  0.0, Max:  0.0, Diff:  0.0, Sum:  0.0, Workers: 4
[25.078s][debug][gc,phases      ] GC(64)     Dead                           Min: 0, Avg:  0.0, Max: 0, Diff: 0, Sum: 0, Workers: 4
[25.078s][debug][gc,phases      ] GC(64)     Total                          Min: 0, Avg: 84.8, Max: 192, Diff: 192, Sum: 339, Workers: 4
[25.078s][debug][gc,phases      ] GC(64)   JVMTI Tag Weak OopStorage      Min:  0.0, Avg:  0.0, Max:  0.0, Diff:  0.0, Sum:  0.0, Workers: 4
[25.078s][debug][gc,phases      ] GC(64)     Dead                           Min: 0, Avg:  0.0, Max: 0, Diff: 0, Sum: 0, Workers: 4
[25.078s][debug][gc,phases      ] GC(64)     Total                          Min: 0, Avg:  0.0, Max: 0, Diff: 0, Sum: 0, Workers: 4
[25.078s][debug][gc,phases      ] GC(64)   StringTable Weak               Min:  0.1, Avg:  0.1, Max:  0.1, Diff:  0.0, Sum:  0.3, Workers: 4
[25.078s][debug][gc,phases      ] GC(64)     Dead                           Min: 0, Avg:  0.0, Max: 0, Diff: 0, Sum: 0, Workers: 4
[25.078s][debug][gc,phases      ] GC(64)     Total                          Min: 8256, Avg: 11527.2, Max: 13149, Diff: 4893, Sum: 46109, Workers: 4
[25.078s][debug][gc,phases      ] GC(64)   ResolvedMethodTable Weak       Min:  0.0, Avg:  0.0, Max:  0.0, Diff:  0.0, Sum:  0.1, Workers: 4
[25.078s][debug][gc,phases      ] GC(64)     Dead                           Min: 0, Avg:  0.0, Max: 0, Diff: 0, Sum: 0, Workers: 4
[25.078s][debug][gc,phases      ] GC(64)     Total                          Min: 1216, Avg: 1954.5, Max: 2304, Diff: 1088, Sum: 7818, Workers: 4
[25.078s][debug][gc,phases      ] GC(64)   JNI Weak                       Min:  0.0, Avg:  0.0, Max:  0.0, Diff:  0.0, Sum:  0.0, Workers: 4
[25.078s][debug][gc,phases      ] GC(64)     Dead                           Min: 0, Avg:  0.0, Max: 0, Diff: 0, Sum: 0, Workers: 4
[25.078s][debug][gc,phases      ] GC(64)     Total                          Min: 0, Avg:  0.8, Max: 3, Diff: 3, Sum: 3, Workers: 4
[25.078s][debug][gc,phases      ] GC(64)   StringDedup Table Weak         Min:  0.0, Avg:  0.0, Max:  0.0, Diff:  0.0, Sum:  0.0, Workers: 4
[25.078s][debug][gc,phases      ] GC(64)     Dead                           Min: 0, Avg:  0.0, Max: 0, Diff: 0, Sum: 0, Workers: 4
[25.078s][debug][gc,phases      ] GC(64)     Total                          Min: 0, Avg:  0.0, Max: 0, Diff: 0, Sum: 0, Workers: 4
[25.078s][debug][gc,phases      ] GC(64)   StringDedup Requests0 Weak     Min:  0.0, Avg:  0.0, Max:  0.0, Diff:  0.0, Sum:  0.0, Workers: 4
[25.078s][debug][gc,phases      ] GC(64)     Dead                           Min: 0, Avg:  0.0, Max: 0, Diff: 0, Sum: 0, Workers: 4
[25.078s][debug][gc,phases      ] GC(64)     Total                          Min: 0, Avg:  0.0, Max: 0, Diff: 0, Sum: 0, Workers: 4
[25.078s][debug][gc,phases      ] GC(64)   StringDedup Requests1 Weak     Min:  0.0, Avg:  0.0, Max:  0.0, Diff:  0.0, Sum:  0.0, Workers: 4
[25.078s][debug][gc,phases      ] GC(64)     Dead                           Min: 0, Avg:  0.0, Max: 0, Diff: 0, Sum: 0, Workers: 4
[25.078s][debug][gc,phases      ] GC(64)     Total                          Min: 0, Avg:  0.0, Max: 0, Diff: 0, Sum: 0, Workers: 4
[25.078s][debug][gc,phases      ] GC(64)   Weak JFR Old Object Samples    Min:  0.0, Avg:  0.0, Max:  0.0, Diff:  0.0, Sum:  0.0, Workers: 4
[25.078s][debug][gc,phases      ] GC(64)     Dead                           Min: 0, Avg:  0.0, Max: 0, Diff: 0, Sum: 0, Workers: 4
[25.078s][debug][gc,phases      ] GC(64)     Total                          Min: 0, Avg:  0.0, Max: 0, Diff: 0, Sum: 0, Workers: 4
[25.078s][debug][gc,phases      ] GC(64) Weak Processing 0.231ms
[25.078s][debug][gc,age         ] GC(64) Desired survivor size 162529280 bytes, new threshold 15 (max threshold 15)
[25.078s][info ][gc,heap        ] GC(64) PSYoungGen: 1750216K(1905152K)->25291K(1938432K) Eden: 1724928K(1724928K)->0K(1769472K) From: 25288K(180224K)->25291K(168960K)
[25.078s][info ][gc,heap        ] GC(64) ParOldGen: 358204K(422912K)->358372K(422912K)
[25.078s][info ][gc,metaspace   ] GC(64) Metaspace: 77457K(78272K)->77457K(78272K) NonClass: 66267K(66688K)->66267K(66688K) Class: 11190K(11584K)->11190K(11584K)
[25.078s][info ][gc             ] GC(64) Pause Young (Allocation Failure) 2059M->374M(2306M) 5.289ms
[25.078s][info ][gc,cpu         ] GC(64) User=0.02s Sys=0.00s Real=0.00s
[25.078s][info ][safepoint      ] Safepoint "ParallelGCFailedAllocation", Time since last: 354435330 ns, Reaching safepoint: 122901 ns, At safepoint: 5380741 ns, Total: 5503642 ns
[25.391s][info ][gc,start       ] GC(65) Pause Young (Allocation Failure)
[25.396s][debug][gc,phases      ] GC(65) Scavenge 5.755ms
[25.397s][debug][gc,ref         ] GC(65) Skipped phase 1 of Reference Processing: no references
[25.397s][debug][gc,ref         ] GC(65) ReferenceProcessor::execute queues: 1, RefProcThreadModel::Single, marks_oops_alive: false
[25.397s][debug][gc,ref         ] GC(65) Skipped phase 3 of Reference Processing: no references
[25.397s][debug][gc,ref         ] GC(65) ReferenceProcessor::execute queues: 1, RefProcThreadModel::Single, marks_oops_alive: false
[25.397s][debug][gc,phases      ] GC(65) Reference Processing 0.118ms
[25.397s][debug][gc,phases      ] GC(65)   VM Weak                        Min:  0.0, Avg:  0.0, Max:  0.0, Diff:  0.0, Sum:  0.0, Workers: 4
[25.397s][debug][gc,phases      ] GC(65)     Dead                           Min: 0, Avg:  0.0, Max: 0, Diff: 0, Sum: 0, Workers: 4
[25.397s][debug][gc,phases      ] GC(65)     Total                          Min: 0, Avg: 157.8, Max: 631, Diff: 631, Sum: 631, Workers: 4
[25.397s][debug][gc,phases      ] GC(65)   ObjectSynchronizer Weak        Min:  0.0, Avg:  0.0, Max:  0.0, Diff:  0.0, Sum:  0.0, Workers: 4
[25.397s][debug][gc,phases      ] GC(65)     Dead                           Min: 0, Avg:  0.0, Max: 0, Diff: 0, Sum: 0, Workers: 4
[25.397s][debug][gc,phases      ] GC(65)     Total                          Min: 0, Avg: 84.8, Max: 320, Diff: 320, Sum: 339, Workers: 4
[25.397s][debug][gc,phases      ] GC(65)   JVMTI Tag Weak OopStorage      Min:  0.0, Avg:  0.0, Max:  0.0, Diff:  0.0, Sum:  0.0, Workers: 4
[25.397s][debug][gc,phases      ] GC(65)     Dead                           Min: 0, Avg:  0.0, Max: 0, Diff: 0, Sum: 0, Workers: 4
[25.397s][debug][gc,phases      ] GC(65)     Total                          Min: 0, Avg:  0.0, Max: 0, Diff: 0, Sum: 0, Workers: 4
[25.397s][debug][gc,phases      ] GC(65)   StringTable Weak               Min:  0.1, Avg:  0.1, Max:  0.1, Diff:  0.0, Sum:  0.4, Workers: 4
[25.397s][debug][gc,phases      ] GC(65)     Dead                           Min: 0, Avg:  0.0, Max: 0, Diff: 0, Sum: 0, Workers: 4
[25.397s][debug][gc,phases      ] GC(65)     Total                          Min: 9088, Avg: 11527.2, Max: 14592, Diff: 5504, Sum: 46109, Workers: 4
[25.397s][debug][gc,phases      ] GC(65)   ResolvedMethodTable Weak       Min:  0.0, Avg:  0.0, Max:  0.0, Diff:  0.0, Sum:  0.1, Workers: 4
[25.397s][debug][gc,phases      ] GC(65)     Dead                           Min: 0, Avg:  0.0, Max: 0, Diff: 0, Sum: 0, Workers: 4
[25.397s][debug][gc,phases      ] GC(65)     Total                          Min: 1728, Avg: 1954.5, Max: 2250, Diff: 522, Sum: 7818, Workers: 4
[25.397s][debug][gc,phases      ] GC(65)   JNI Weak                       Min:  0.0, Avg:  0.0, Max:  0.0, Diff:  0.0, Sum:  0.0, Workers: 4
[25.397s][debug][gc,phases      ] GC(65)     Dead                           Min: 0, Avg:  0.0, Max: 0, Diff: 0, Sum: 0, Workers: 4
[25.397s][debug][gc,phases      ] GC(65)     Total                          Min: 0, Avg:  1.0, Max: 4, Diff: 4, Sum: 4, Workers: 4
[25.397s][debug][gc,phases      ] GC(65)   StringDedup Table Weak         Min:  0.0, Avg:  0.0, Max:  0.0, Diff:  0.0, Sum:  0.0, Workers: 4
[25.397s][debug][gc,phases      ] GC(65)     Dead                           Min: 0, Avg:  0.0, Max: 0, Diff: 0, Sum: 0, Workers: 4
[25.397s][debug][gc,phases      ] GC(65)     Total                          Min: 0, Avg:  0.0, Max: 0, Diff: 0, Sum: 0, Workers: 4
[25.397s][debug][gc,phases      ] GC(65)   StringDedup Requests0 Weak     Min:  0.0, Avg:  0.0, Max:  0.0, Diff:  0.0, Sum:  0.0, Workers: 4
[25.397s][debug][gc,phases      ] GC(65)     Dead                           Min: 0, Avg:  0.0, Max: 0, Diff: 0, Sum: 0, Workers: 4
[25.397s][debug][gc,phases      ] GC(65)     Total                          Min: 0, Avg:  0.0, Max: 0, Diff: 0, Sum: 0, Workers: 4
[25.397s][debug][gc,phases      ] GC(65)   StringDedup Requests1 Weak     Min:  0.0, Avg:  0.0, Max:  0.0, Diff:  0.0, Sum:  0.0, Workers: 4
[25.397s][debug][gc,phases      ] GC(65)     Dead                           Min: 0, Avg:  0.0, Max: 0, Diff: 0, Sum: 0, Workers: 4
[25.397s][debug][gc,phases      ] GC(65)     Total                          Min: 0, Avg:  0.0, Max: 0, Diff: 0, Sum: 0, Workers: 4
[25.397s][debug][gc,phases      ] GC(65)   Weak JFR Old Object Samples    Min:  0.0, Avg:  0.0, Max:  0.0, Diff:  0.0, Sum:  0.0, Workers: 4
[25.397s][debug][gc,phases      ] GC(65)     Dead                           Min: 0, Avg:  0.0, Max: 0, Diff: 0, Sum: 0, Workers: 4
[25.397s][debug][gc,phases      ] GC(65)     Total                          Min: 0, Avg:  0.0, Max: 0, Diff: 0, Sum: 0, Workers: 4
[25.397s][debug][gc,phases      ] GC(65) Weak Processing 0.297ms
[25.397s][debug][gc,age         ] GC(65) Desired survivor size 152567808 bytes, new threshold 15 (max threshold 15)
[25.397s][info ][gc,heap        ] GC(65) PSYoungGen: 1794763K(1938432K)->25352K(1928192K) Eden: 1769472K(1769472K)->0K(1769472K) From: 25291K(168960K)->25352K(158720K)
[25.397s][info ][gc,heap        ] GC(65) ParOldGen: 358372K(422912K)->358508K(422912K)
[25.397s][info ][gc,metaspace   ] GC(65) Metaspace: 77513K(78336K)->77513K(78336K) NonClass: 66323K(66752K)->66323K(66752K) Class: 11190K(11584K)->11190K(11584K)
[25.397s][info ][gc             ] GC(65) Pause Young (Allocation Failure) 2102M->374M(2296M) 6.283ms
[25.397s][info ][gc,cpu         ] GC(65) User=0.02s Sys=0.00s Real=0.00s
[25.397s][info ][safepoint      ] Safepoint "ParallelGCFailedAllocation", Time since last: 312819309 ns, Reaching safepoint: 147002 ns, At safepoint: 6384349 ns, Total: 6531351 ns
[25.698s][info ][gc,start       ] GC(66) Pause Young (Allocation Failure)
[25.705s][debug][gc,phases      ] GC(66) Scavenge 6.189ms
[25.705s][debug][gc,ref         ] GC(66) Skipped phase 1 of Reference Processing: no references
[25.705s][debug][gc,ref         ] GC(66) ReferenceProcessor::execute queues: 1, RefProcThreadModel::Single, marks_oops_alive: false
[25.705s][debug][gc,ref         ] GC(66) Skipped phase 3 of Reference Processing: no references
[25.705s][debug][gc,ref         ] GC(66) ReferenceProcessor::execute queues: 1, RefProcThreadModel::Single, marks_oops_alive: false
[25.705s][debug][gc,phases      ] GC(66) Reference Processing 0.120ms
[25.705s][debug][gc,phases      ] GC(66)   VM Weak                        Min:  0.0, Avg:  0.0, Max:  0.0, Diff:  0.0, Sum:  0.0, Workers: 4
[25.705s][debug][gc,phases      ] GC(66)     Dead                           Min: 0, Avg:  0.0, Max: 0, Diff: 0, Sum: 0, Workers: 4
[25.705s][debug][gc,phases      ] GC(66)     Total                          Min: 0, Avg: 157.8, Max: 512, Diff: 512, Sum: 631, Workers: 4
[25.705s][debug][gc,phases      ] GC(66)   ObjectSynchronizer Weak        Min:  0.0, Avg:  0.0, Max:  0.0, Diff:  0.0, Sum:  0.0, Workers: 4
[25.705s][debug][gc,phases      ] GC(66)     Dead                           Min: 0, Avg:  0.0, Max: 0, Diff: 0, Sum: 0, Workers: 4
[25.705s][debug][gc,phases      ] GC(66)     Total                          Min: 0, Avg: 84.8, Max: 147, Diff: 147, Sum: 339, Workers: 4
[25.705s][debug][gc,phases      ] GC(66)   JVMTI Tag Weak OopStorage      Min:  0.0, Avg:  0.0, Max:  0.0, Diff:  0.0, Sum:  0.0, Workers: 4
[25.705s][debug][gc,phases      ] GC(66)     Dead                           Min: 0, Avg:  0.0, Max: 0, Diff: 0, Sum: 0, Workers: 4
[25.705s][debug][gc,phases      ] GC(66)     Total                          Min: 0, Avg:  0.0, Max: 0, Diff: 0, Sum: 0, Workers: 4
[25.705s][debug][gc,phases      ] GC(66)   StringTable Weak               Min:  0.1, Avg:  0.1, Max:  0.1, Diff:  0.0, Sum:  0.4, Workers: 4
[25.705s][debug][gc,phases      ] GC(66)     Dead                           Min: 0, Avg:  0.0, Max: 0, Diff: 0, Sum: 0, Workers: 4
[25.705s][debug][gc,phases      ] GC(66)     Total                          Min: 9856, Avg: 11537.5, Max: 15238, Diff: 5382, Sum: 46150, Workers: 4
[25.705s][debug][gc,phases      ] GC(66)   ResolvedMethodTable Weak       Min:  0.0, Avg:  0.0, Max:  0.0, Diff:  0.0, Sum:  0.1, Workers: 4
[25.705s][debug][gc,phases      ] GC(66)     Dead                           Min: 0, Avg:  0.0, Max: 0, Diff: 0, Sum: 0, Workers: 4
[25.705s][debug][gc,phases      ] GC(66)     Total                          Min: 1600, Avg: 1954.5, Max: 2506, Diff: 906, Sum: 7818, Workers: 4
[25.705s][debug][gc,phases      ] GC(66)   JNI Weak                       Min:  0.0, Avg:  0.0, Max:  0.0, Diff:  0.0, Sum:  0.0, Workers: 4
[25.705s][debug][gc,phases      ] GC(66)     Dead                           Min: 0, Avg:  0.0, Max: 0, Diff: 0, Sum: 0, Workers: 4
[25.705s][debug][gc,phases      ] GC(66)     Total                          Min: 0, Avg:  0.8, Max: 3, Diff: 3, Sum: 3, Workers: 4
[25.705s][debug][gc,phases      ] GC(66)   StringDedup Table Weak         Min:  0.0, Avg:  0.0, Max:  0.0, Diff:  0.0, Sum:  0.0, Workers: 4
[25.705s][debug][gc,phases      ] GC(66)     Dead                           Min: 0, Avg:  0.0, Max: 0, Diff: 0, Sum: 0, Workers: 4
[25.705s][debug][gc,phases      ] GC(66)     Total                          Min: 0, Avg:  0.0, Max: 0, Diff: 0, Sum: 0, Workers: 4
[25.705s][debug][gc,phases      ] GC(66)   StringDedup Requests0 Weak     Min:  0.0, Avg:  0.0, Max:  0.0, Diff:  0.0, Sum:  0.0, Workers: 4
[25.705s][debug][gc,phases      ] GC(66)     Dead                           Min: 0, Avg:  0.0, Max: 0, Diff: 0, Sum: 0, Workers: 4
[25.705s][debug][gc,phases      ] GC(66)     Total                          Min: 0, Avg:  0.0, Max: 0, Diff: 0, Sum: 0, Workers: 4
[25.705s][debug][gc,phases      ] GC(66)   StringDedup Requests1 Weak     Min:  0.0, Avg:  0.0, Max:  0.0, Diff:  0.0, Sum:  0.0, Workers: 4
[25.705s][debug][gc,phases      ] GC(66)     Dead                           Min: 0, Avg:  0.0, Max: 0, Diff: 0, Sum: 0, Workers: 4
[25.705s][debug][gc,phases      ] GC(66)     Total                          Min: 0, Avg:  0.0, Max: 0, Diff: 0, Sum: 0, Workers: 4
[25.705s][debug][gc,phases      ] GC(66)   Weak JFR Old Object Samples    Min:  0.0, Avg:  0.0, Max:  0.0, Diff:  0.0, Sum:  0.0, Workers: 4
[25.705s][debug][gc,phases      ] GC(66)     Dead                           Min: 0, Avg:  0.0, Max: 0, Diff: 0, Sum: 0, Workers: 4
[25.705s][debug][gc,phases      ] GC(66)     Total                          Min: 0, Avg:  0.0, Max: 0, Diff: 0, Sum: 0, Workers: 4
[25.705s][debug][gc,phases      ] GC(66) Weak Processing 0.340ms
[25.705s][debug][gc,age         ] GC(66) Desired survivor size 143130624 bytes, new threshold 15 (max threshold 15)
[25.705s][info ][gc,heap        ] GC(66) PSYoungGen: 1794824K(1928192K)->25384K(1957376K) Eden: 1769472K(1769472K)->0K(1808384K) From: 25352K(158720K)->25384K(148992K)
[25.705s][info ][gc,heap        ] GC(66) ParOldGen: 358508K(422912K)->358628K(422912K)
[25.705s][info ][gc,metaspace   ] GC(66) Metaspace: 77526K(78336K)->77526K(78336K) NonClass: 66335K(66752K)->66335K(66752K) Class: 11190K(11584K)->11190K(11584K)
[25.705s][info ][gc             ] GC(66) Pause Young (Allocation Failure) 2102M->375M(2324M) 6.779ms
[25.705s][info ][gc,cpu         ] GC(66) User=0.02s Sys=0.00s Real=0.01s
[25.705s][info ][safepoint      ] Safepoint "ParallelGCFailedAllocation", Time since last: 301167219 ns, Reaching safepoint: 151701 ns, At safepoint: 6875853 ns, Total: 7027554 ns
[26.041s][info ][gc,start       ] GC(67) Pause Young (Allocation Failure)
[26.047s][debug][gc,phases      ] GC(67) Scavenge 6.096ms
[26.047s][debug][gc,ref         ] GC(67) Skipped phase 1 of Reference Processing: no references
[26.047s][debug][gc,ref         ] GC(67) ReferenceProcessor::execute queues: 1, RefProcThreadModel::Single, marks_oops_alive: false
[26.047s][debug][gc,ref         ] GC(67) Skipped phase 3 of Reference Processing: no references
[26.047s][debug][gc,ref         ] GC(67) ReferenceProcessor::execute queues: 1, RefProcThreadModel::Single, marks_oops_alive: false
[26.047s][debug][gc,phases      ] GC(67) Reference Processing 0.098ms
[26.048s][debug][gc,phases      ] GC(67)   VM Weak                        Min:  0.0, Avg:  0.0, Max:  0.0, Diff:  0.0, Sum:  0.0, Workers: 4
[26.048s][debug][gc,phases      ] GC(67)     Dead                           Min: 0, Avg:  0.0, Max: 0, Diff: 0, Sum: 0, Workers: 4
[26.048s][debug][gc,phases      ] GC(67)     Total                          Min: 0, Avg: 157.8, Max: 567, Diff: 567, Sum: 631, Workers: 4
[26.048s][debug][gc,phases      ] GC(67)   ObjectSynchronizer Weak        Min:  0.0, Avg:  0.0, Max:  0.0, Diff:  0.0, Sum:  0.0, Workers: 4
[26.048s][debug][gc,phases      ] GC(67)     Dead                           Min: 0, Avg:  0.0, Max: 0, Diff: 0, Sum: 0, Workers: 4
[26.048s][debug][gc,phases      ] GC(67)     Total                          Min: 0, Avg: 84.8, Max: 192, Diff: 192, Sum: 339, Workers: 4
[26.048s][debug][gc,phases      ] GC(67)   JVMTI Tag Weak OopStorage      Min:  0.0, Avg:  0.0, Max:  0.0, Diff:  0.0, Sum:  0.0, Workers: 4
[26.048s][debug][gc,phases      ] GC(67)     Dead                           Min: 0, Avg:  0.0, Max: 0, Diff: 0, Sum: 0, Workers: 4
[26.048s][debug][gc,phases      ] GC(67)     Total                          Min: 0, Avg:  0.0, Max: 0, Diff: 0, Sum: 0, Workers: 4
[26.048s][debug][gc,phases      ] GC(67)   StringTable Weak               Min:  0.1, Avg:  0.1, Max:  0.1, Diff:  0.0, Sum:  0.4, Workers: 4
[26.048s][debug][gc,phases      ] GC(67)     Dead                           Min: 0, Avg:  0.0, Max: 0, Diff: 0, Sum: 0, Workers: 4
[26.048s][debug][gc,phases      ] GC(67)     Total                          Min: 9559, Avg: 11541.8, Max: 15872, Diff: 6313, Sum: 46167, Workers: 4
[26.048s][debug][gc,phases      ] GC(67)   ResolvedMethodTable Weak       Min:  0.0, Avg:  0.0, Max:  0.0, Diff:  0.0, Sum:  0.1, Workers: 4
[26.048s][debug][gc,phases      ] GC(67)     Dead                           Min: 0, Avg:  0.0, Max: 0, Diff: 0, Sum: 0, Workers: 4
[26.048s][debug][gc,phases      ] GC(67)     Total                          Min: 1664, Avg: 1954.5, Max: 2560, Diff: 896, Sum: 7818, Workers: 4
[26.048s][debug][gc,phases      ] GC(67)   JNI Weak                       Min:  0.0, Avg:  0.0, Max:  0.0, Diff:  0.0, Sum:  0.0, Workers: 4
[26.048s][debug][gc,phases      ] GC(67)     Dead                           Min: 0, Avg:  0.0, Max: 0, Diff: 0, Sum: 0, Workers: 4
[26.048s][debug][gc,phases      ] GC(67)     Total                          Min: 0, Avg:  0.8, Max: 3, Diff: 3, Sum: 3, Workers: 4
[26.048s][debug][gc,phases      ] GC(67)   StringDedup Table Weak         Min:  0.0, Avg:  0.0, Max:  0.0, Diff:  0.0, Sum:  0.0, Workers: 4
[26.048s][debug][gc,phases      ] GC(67)     Dead                           Min: 0, Avg:  0.0, Max: 0, Diff: 0, Sum: 0, Workers: 4
[26.048s][debug][gc,phases      ] GC(67)     Total                          Min: 0, Avg:  0.0, Max: 0, Diff: 0, Sum: 0, Workers: 4
[26.048s][debug][gc,phases      ] GC(67)   StringDedup Requests0 Weak     Min:  0.0, Avg:  0.0, Max:  0.0, Diff:  0.0, Sum:  0.0, Workers: 4
[26.048s][debug][gc,phases      ] GC(67)     Dead                           Min: 0, Avg:  0.0, Max: 0, Diff: 0, Sum: 0, Workers: 4
[26.048s][debug][gc,phases      ] GC(67)     Total                          Min: 0, Avg:  0.0, Max: 0, Diff: 0, Sum: 0, Workers: 4
[26.048s][debug][gc,phases      ] GC(67)   StringDedup Requests1 Weak     Min:  0.0, Avg:  0.0, Max:  0.0, Diff:  0.0, Sum:  0.0, Workers: 4
[26.048s][debug][gc,phases      ] GC(67)     Dead                           Min: 0, Avg:  0.0, Max: 0, Diff: 0, Sum: 0, Workers: 4
[26.048s][debug][gc,phases      ] GC(67)     Total                          Min: 0, Avg:  0.0, Max: 0, Diff: 0, Sum: 0, Workers: 4
[26.048s][debug][gc,phases      ] GC(67)   Weak JFR Old Object Samples    Min:  0.0, Avg:  0.0, Max:  0.0, Diff:  0.0, Sum:  0.0, Workers: 4
[26.048s][debug][gc,phases      ] GC(67)     Dead                           Min: 0, Avg:  0.0, Max: 0, Diff: 0, Sum: 0, Workers: 4
[26.048s][debug][gc,phases      ] GC(67)     Total                          Min: 0, Avg:  0.0, Max: 0, Diff: 0, Sum: 0, Workers: 4
[26.048s][debug][gc,phases      ] GC(67) Weak Processing 0.266ms
[26.048s][debug][gc,age         ] GC(67) Desired survivor size 134217728 bytes, new threshold 15 (max threshold 15)
[26.048s][info ][gc,heap        ] GC(67) PSYoungGen: 1833768K(1957376K)->25499K(1948160K) Eden: 1808384K(1808384K)->0K(1808384K) From: 25384K(148992K)->25499K(139776K)
[26.048s][info ][gc,heap        ] GC(67) ParOldGen: 358628K(422912K)->358796K(422912K)
[26.048s][info ][gc,metaspace   ] GC(67) Metaspace: 77560K(78336K)->77560K(78336K) NonClass: 66369K(66752K)->66369K(66752K) Class: 11190K(11584K)->11190K(11584K)
[26.048s][info ][gc             ] GC(67) Pause Young (Allocation Failure) 2141M->375M(2315M) 6.549ms
[26.048s][info ][gc,cpu         ] GC(67) User=0.03s Sys=0.00s Real=0.01s
[26.048s][info ][safepoint      ] Safepoint "ParallelGCFailedAllocation", Time since last: 335491384 ns, Reaching safepoint: 433303 ns, At safepoint: 6638351 ns, Total: 7071654 ns
[26.464s][info ][gc,start       ] GC(68) Pause Young (Allocation Failure)
[26.470s][debug][gc,phases      ] GC(68) Scavenge 6.164ms
[26.470s][debug][gc,ref         ] GC(68) Skipped phase 1 of Reference Processing: no references
[26.470s][debug][gc,ref         ] GC(68) ReferenceProcessor::execute queues: 1, RefProcThreadModel::Single, marks_oops_alive: false
[26.470s][debug][gc,ref         ] GC(68) Skipped phase 3 of Reference Processing: no references
[26.470s][debug][gc,ref         ] GC(68) ReferenceProcessor::execute queues: 1, RefProcThreadModel::Single, marks_oops_alive: false
[26.470s][debug][gc,phases      ] GC(68) Reference Processing 0.103ms
[26.470s][debug][gc,phases      ] GC(68)   VM Weak                        Min:  0.0, Avg:  0.0, Max:  0.0, Diff:  0.0, Sum:  0.0, Workers: 4
[26.470s][debug][gc,phases      ] GC(68)     Dead                           Min: 0, Avg:  0.0, Max: 0, Diff: 0, Sum: 0, Workers: 4
[26.470s][debug][gc,phases      ] GC(68)     Total                          Min: 0, Avg: 157.8, Max: 512, Diff: 512, Sum: 631, Workers: 4
[26.470s][debug][gc,phases      ] GC(68)   ObjectSynchronizer Weak        Min:  0.0, Avg:  0.0, Max:  0.0, Diff:  0.0, Sum:  0.0, Workers: 4
[26.470s][debug][gc,phases      ] GC(68)     Dead                           Min: 0, Avg:  0.0, Max: 0, Diff: 0, Sum: 0, Workers: 4
[26.470s][debug][gc,phases      ] GC(68)     Total                          Min: 0, Avg: 85.0, Max: 192, Diff: 192, Sum: 340, Workers: 4
[26.470s][debug][gc,phases      ] GC(68)   JVMTI Tag Weak OopStorage      Min:  0.0, Avg:  0.0, Max:  0.0, Diff:  0.0, Sum:  0.0, Workers: 4
[26.470s][debug][gc,phases      ] GC(68)     Dead                           Min: 0, Avg:  0.0, Max: 0, Diff: 0, Sum: 0, Workers: 4
[26.470s][debug][gc,phases      ] GC(68)     Total                          Min: 0, Avg:  0.0, Max: 0, Diff: 0, Sum: 0, Workers: 4
[26.470s][debug][gc,phases      ] GC(68)   StringTable Weak               Min:  0.0, Avg:  0.1, Max:  0.1, Diff:  0.1, Sum:  0.4, Workers: 4
[26.470s][debug][gc,phases      ] GC(68)     Dead                           Min: 0, Avg:  0.0, Max: 0, Diff: 0, Sum: 0, Workers: 4
[26.470s][debug][gc,phases      ] GC(68)     Total                          Min: 0, Avg: 11546.0, Max: 16000, Diff: 16000, Sum: 46184, Workers: 4
[26.470s][debug][gc,phases      ] GC(68)   ResolvedMethodTable Weak       Min:  0.0, Avg:  0.0, Max:  0.0, Diff:  0.0, Sum:  0.1, Workers: 4
[26.470s][debug][gc,phases      ] GC(68)     Dead                           Min: 0, Avg:  0.0, Max: 0, Diff: 0, Sum: 0, Workers: 4
[26.470s][debug][gc,phases      ] GC(68)     Total                          Min: 0, Avg: 1955.2, Max: 2701, Diff: 2701, Sum: 7821, Workers: 4
[26.470s][debug][gc,phases      ] GC(68)   JNI Weak                       Min:  0.0, Avg:  0.0, Max:  0.0, Diff:  0.0, Sum:  0.0, Workers: 4
[26.470s][debug][gc,phases      ] GC(68)     Dead                           Min: 0, Avg:  0.0, Max: 0, Diff: 0, Sum: 0, Workers: 4
[26.470s][debug][gc,phases      ] GC(68)     Total                          Min: 0, Avg:  0.0, Max: 0, Diff: 0, Sum: 0, Workers: 4
[26.470s][debug][gc,phases      ] GC(68)   StringDedup Table Weak         Min:  0.0, Avg:  0.0, Max:  0.0, Diff:  0.0, Sum:  0.0, Workers: 4
[26.470s][debug][gc,phases      ] GC(68)     Dead                           Min: 0, Avg:  0.0, Max: 0, Diff: 0, Sum: 0, Workers: 4
[26.470s][debug][gc,phases      ] GC(68)     Total                          Min: 0, Avg:  0.0, Max: 0, Diff: 0, Sum: 0, Workers: 4
[26.470s][debug][gc,phases      ] GC(68)   StringDedup Requests0 Weak     Min:  0.0, Avg:  0.0, Max:  0.0, Diff:  0.0, Sum:  0.0, Workers: 4
[26.470s][debug][gc,phases      ] GC(68)     Dead                           Min: 0, Avg:  0.0, Max: 0, Diff: 0, Sum: 0, Workers: 4
[26.470s][debug][gc,phases      ] GC(68)     Total                          Min: 0, Avg:  0.0, Max: 0, Diff: 0, Sum: 0, Workers: 4
[26.470s][debug][gc,phases      ] GC(68)   StringDedup Requests1 Weak     Min:  0.0, Avg:  0.0, Max:  0.0, Diff:  0.0, Sum:  0.0, Workers: 4
[26.470s][debug][gc,phases      ] GC(68)     Dead                           Min: 0, Avg:  0.0, Max: 0, Diff: 0, Sum: 0, Workers: 4
[26.470s][debug][gc,phases      ] GC(68)     Total                          Min: 0, Avg:  0.0, Max: 0, Diff: 0, Sum: 0, Workers: 4
[26.470s][debug][gc,phases      ] GC(68)   Weak JFR Old Object Samples    Min:  0.0, Avg:  0.0, Max:  0.0, Diff:  0.0, Sum:  0.0, Workers: 4
[26.470s][debug][gc,phases      ] GC(68)     Dead                           Min: 0, Avg:  0.0, Max: 0, Diff: 0, Sum: 0, Workers: 4
[26.470s][debug][gc,phases      ] GC(68)     Total                          Min: 0, Avg:  0.0, Max: 0, Diff: 0, Sum: 0, Workers: 4
[26.470s][debug][gc,phases      ] GC(68) Weak Processing 0.324ms
[26.470s][debug][gc,age         ] GC(68) Desired survivor size 125829120 bytes, new threshold 15 (max threshold 15)
[26.470s][info ][gc,heap        ] GC(68) PSYoungGen: 1833883K(1948160K)->25611K(1974272K) Eden: 1808384K(1808384K)->0K(1843200K) From: 25499K(139776K)->25611K(131072K)
[26.470s][info ][gc,heap        ] GC(68) ParOldGen: 358796K(422912K)->358948K(422912K)
[26.470s][info ][gc,metaspace   ] GC(68) Metaspace: 77591K(78400K)->77591K(78400K) NonClass: 66399K(66816K)->66399K(66816K) Class: 11191K(11584K)->11191K(11584K)
[26.470s][info ][gc             ] GC(68) Pause Young (Allocation Failure) 2141M->375M(2341M) 6.705ms
[26.470s][info ][gc,cpu         ] GC(68) User=0.02s Sys=0.00s Real=0.01s
[26.470s][info ][safepoint      ] Safepoint "ParallelGCFailedAllocation", Time since last: 415691301 ns, Reaching safepoint: 147301 ns, At safepoint: 6796053 ns, Total: 6943354 ns
[26.754s][info ][gc,start       ] GC(69) Pause Young (Allocation Failure)
[26.760s][debug][gc,phases      ] GC(69) Scavenge 5.668ms
[26.760s][debug][gc,ref         ] GC(69) Skipped phase 1 of Reference Processing: no references
[26.760s][debug][gc,ref         ] GC(69) ReferenceProcessor::execute queues: 1, RefProcThreadModel::Single, marks_oops_alive: false
[26.760s][debug][gc,ref         ] GC(69) Skipped phase 3 of Reference Processing: no references
[26.760s][debug][gc,ref         ] GC(69) ReferenceProcessor::execute queues: 1, RefProcThreadModel::Single, marks_oops_alive: false
[26.760s][debug][gc,phases      ] GC(69) Reference Processing 0.118ms
[26.760s][debug][gc,phases      ] GC(69)   VM Weak                        Min:  0.0, Avg:  0.0, Max:  0.0, Diff:  0.0, Sum:  0.0, Workers: 4
[26.760s][debug][gc,phases      ] GC(69)     Dead                           Min: 0, Avg:  0.0, Max: 0, Diff: 0, Sum: 0, Workers: 4
[26.760s][debug][gc,phases      ] GC(69)     Total                          Min: 0, Avg: 157.8, Max: 567, Diff: 567, Sum: 631, Workers: 4
[26.760s][debug][gc,phases      ] GC(69)   ObjectSynchronizer Weak        Min:  0.0, Avg:  0.0, Max:  0.0, Diff:  0.0, Sum:  0.0, Workers: 4
[26.760s][debug][gc,phases      ] GC(69)     Dead                           Min: 0, Avg:  0.0, Max: 0, Diff: 0, Sum: 0, Workers: 4
[26.760s][debug][gc,phases      ] GC(69)     Total                          Min: 0, Avg: 85.0, Max: 192, Diff: 192, Sum: 340, Workers: 4
[26.760s][debug][gc,phases      ] GC(69)   JVMTI Tag Weak OopStorage      Min:  0.0, Avg:  0.0, Max:  0.0, Diff:  0.0, Sum:  0.0, Workers: 4
[26.760s][debug][gc,phases      ] GC(69)     Dead                           Min: 0, Avg:  0.0, Max: 0, Diff: 0, Sum: 0, Workers: 4
[26.760s][debug][gc,phases      ] GC(69)     Total                          Min: 0, Avg:  0.0, Max: 0, Diff: 0, Sum: 0, Workers: 4
[26.760s][debug][gc,phases      ] GC(69)   StringTable Weak               Min:  0.1, Avg:  0.1, Max:  0.1, Diff:  0.0, Sum:  0.3, Workers: 4
[26.760s][debug][gc,phases      ] GC(69)     Dead                           Min: 0, Avg:  0.0, Max: 0, Diff: 0, Sum: 0, Workers: 4
[26.760s][debug][gc,phases      ] GC(69)     Total                          Min: 8832, Avg: 11549.0, Max: 14272, Diff: 5440, Sum: 46196, Workers: 4
[26.760s][debug][gc,phases      ] GC(69)   ResolvedMethodTable Weak       Min:  0.0, Avg:  0.0, Max:  0.0, Diff:  0.0, Sum:  0.1, Workers: 4
[26.760s][debug][gc,phases      ] GC(69)     Dead                           Min: 0, Avg:  0.0, Max: 0, Diff: 0, Sum: 0, Workers: 4
[26.760s][debug][gc,phases      ] GC(69)     Total                          Min: 1664, Avg: 1955.2, Max: 2304, Diff: 640, Sum: 7821, Workers: 4
[26.760s][debug][gc,phases      ] GC(69)   JNI Weak                       Min:  0.0, Avg:  0.0, Max:  0.0, Diff:  0.0, Sum:  0.0, Workers: 4
[26.760s][debug][gc,phases      ] GC(69)     Dead                           Min: 0, Avg:  0.0, Max: 0, Diff: 0, Sum: 0, Workers: 4
[26.760s][debug][gc,phases      ] GC(69)     Total                          Min: 0, Avg:  0.2, Max: 1, Diff: 1, Sum: 1, Workers: 4
[26.760s][debug][gc,phases      ] GC(69)   StringDedup Table Weak         Min:  0.0, Avg:  0.0, Max:  0.0, Diff:  0.0, Sum:  0.0, Workers: 4
[26.760s][debug][gc,phases      ] GC(69)     Dead                           Min: 0, Avg:  0.0, Max: 0, Diff: 0, Sum: 0, Workers: 4
[26.760s][debug][gc,phases      ] GC(69)     Total                          Min: 0, Avg:  0.0, Max: 0, Diff: 0, Sum: 0, Workers: 4
[26.760s][debug][gc,phases      ] GC(69)   StringDedup Requests0 Weak     Min:  0.0, Avg:  0.0, Max:  0.0, Diff:  0.0, Sum:  0.0, Workers: 4
[26.760s][debug][gc,phases      ] GC(69)     Dead                           Min: 0, Avg:  0.0, Max: 0, Diff: 0, Sum: 0, Workers: 4
[26.760s][debug][gc,phases      ] GC(69)     Total                          Min: 0, Avg:  0.0, Max: 0, Diff: 0, Sum: 0, Workers: 4
[26.760s][debug][gc,phases      ] GC(69)   StringDedup Requests1 Weak     Min:  0.0, Avg:  0.0, Max:  0.0, Diff:  0.0, Sum:  0.0, Workers: 4
[26.760s][debug][gc,phases      ] GC(69)     Dead                           Min: 0, Avg:  0.0, Max: 0, Diff: 0, Sum: 0, Workers: 4
[26.760s][debug][gc,phases      ] GC(69)     Total                          Min: 0, Avg:  0.0, Max: 0, Diff: 0, Sum: 0, Workers: 4
[26.760s][debug][gc,phases      ] GC(69)   Weak JFR Old Object Samples    Min:  0.0, Avg:  0.0, Max:  0.0, Diff:  0.0, Sum:  0.0, Workers: 4
[26.760s][debug][gc,phases      ] GC(69)     Dead                           Min: 0, Avg:  0.0, Max: 0, Diff: 0, Sum: 0, Workers: 4
[26.760s][debug][gc,phases      ] GC(69)     Total                          Min: 0, Avg:  0.0, Max: 0, Diff: 0, Sum: 0, Workers: 4
[26.760s][debug][gc,phases      ] GC(69) Weak Processing 0.249ms
[26.760s][debug][gc,age         ] GC(69) Desired survivor size 118489088 bytes, new threshold 15 (max threshold 15)
[26.760s][info ][gc,heap        ] GC(69) PSYoungGen: 1868811K(1974272K)->25739K(1966080K) Eden: 1843200K(1843200K)->0K(1843200K) From: 25611K(131072K)->25739K(122880K)
[26.760s][info ][gc,heap        ] GC(69) ParOldGen: 358948K(422912K)->359356K(422912K)
[26.760s][info ][gc,metaspace   ] GC(69) Metaspace: 77611K(78464K)->77611K(78464K) NonClass: 66418K(66880K)->66418K(66880K) Class: 11193K(11584K)->11193K(11584K)
[26.760s][info ][gc             ] GC(69) Pause Young (Allocation Failure) 2175M->376M(2333M) 6.144ms
[26.760s][info ][gc,cpu         ] GC(69) User=0.02s Sys=0.00s Real=0.00s
[26.761s][info ][safepoint      ] Safepoint "ParallelGCFailedAllocation", Time since last: 283718184 ns, Reaching safepoint: 161202 ns, At safepoint: 6241648 ns, Total: 6402850 ns
[27.074s][info ][gc,start       ] GC(70) Pause Young (Allocation Failure)
[27.082s][debug][gc,phases      ] GC(70) Scavenge 7.246ms
[27.082s][debug][gc,ref         ] GC(70) Skipped phase 1 of Reference Processing: no references
[27.082s][debug][gc,ref         ] GC(70) ReferenceProcessor::execute queues: 1, RefProcThreadModel::Single, marks_oops_alive: false
[27.082s][debug][gc,ref         ] GC(70) Skipped phase 3 of Reference Processing: no references
[27.082s][debug][gc,ref         ] GC(70) ReferenceProcessor::execute queues: 1, RefProcThreadModel::Single, marks_oops_alive: false
[27.082s][debug][gc,phases      ] GC(70) Reference Processing 0.109ms
[27.082s][debug][gc,phases      ] GC(70)   VM Weak                        Min:  0.0, Avg:  0.0, Max:  0.0, Diff:  0.0, Sum:  0.0, Workers: 4
[27.082s][debug][gc,phases      ] GC(70)     Dead                           Min: 0, Avg:  0.0, Max: 0, Diff: 0, Sum: 0, Workers: 4
[27.082s][debug][gc,phases      ] GC(70)     Total                          Min: 0, Avg: 157.8, Max: 567, Diff: 567, Sum: 631, Workers: 4
[27.082s][debug][gc,phases      ] GC(70)   ObjectSynchronizer Weak        Min:  0.0, Avg:  0.0, Max:  0.0, Diff:  0.0, Sum:  0.0, Workers: 4
[27.082s][debug][gc,phases      ] GC(70)     Dead                           Min: 0, Avg:  0.0, Max: 0, Diff: 0, Sum: 0, Workers: 4
[27.082s][debug][gc,phases      ] GC(70)     Total                          Min: 0, Avg: 85.0, Max: 276, Diff: 276, Sum: 340, Workers: 4
[27.082s][debug][gc,phases      ] GC(70)   JVMTI Tag Weak OopStorage      Min:  0.0, Avg:  0.0, Max:  0.0, Diff:  0.0, Sum:  0.0, Workers: 4
[27.082s][debug][gc,phases      ] GC(70)     Dead                           Min: 0, Avg:  0.0, Max: 0, Diff: 0, Sum: 0, Workers: 4
[27.082s][debug][gc,phases      ] GC(70)     Total                          Min: 0, Avg:  0.0, Max: 0, Diff: 0, Sum: 0, Workers: 4
[27.082s][debug][gc,phases      ] GC(70)   StringTable Weak               Min:  0.1, Avg:  0.1, Max:  0.1, Diff:  0.0, Sum:  0.5, Workers: 4
[27.082s][debug][gc,phases      ] GC(70)     Dead                           Min: 0, Avg:  0.0, Max: 0, Diff: 0, Sum: 0, Workers: 4
[27.082s][debug][gc,phases      ] GC(70)     Total                          Min: 11392, Avg: 11556.0, Max: 11840, Diff: 448, Sum: 46224, Workers: 4
[27.082s][debug][gc,phases      ] GC(70)   ResolvedMethodTable Weak       Min:  0.0, Avg:  0.0, Max:  0.0, Diff:  0.0, Sum:  0.1, Workers: 4
[27.082s][debug][gc,phases      ] GC(70)     Dead                           Min: 0, Avg:  0.0, Max: 0, Diff: 0, Sum: 0, Workers: 4
[27.082s][debug][gc,phases      ] GC(70)     Total                          Min: 1856, Avg: 1955.2, Max: 2112, Diff: 256, Sum: 7821, Workers: 4
[27.082s][debug][gc,phases      ] GC(70)   JNI Weak                       Min:  0.0, Avg:  0.0, Max:  0.0, Diff:  0.0, Sum:  0.0, Workers: 4
[27.082s][debug][gc,phases      ] GC(70)     Dead                           Min: 0, Avg:  0.0, Max: 0, Diff: 0, Sum: 0, Workers: 4
[27.082s][debug][gc,phases      ] GC(70)     Total                          Min: 0, Avg:  0.0, Max: 0, Diff: 0, Sum: 0, Workers: 4
[27.082s][debug][gc,phases      ] GC(70)   StringDedup Table Weak         Min:  0.0, Avg:  0.0, Max:  0.0, Diff:  0.0, Sum:  0.0, Workers: 4
[27.082s][debug][gc,phases      ] GC(70)     Dead                           Min: 0, Avg:  0.0, Max: 0, Diff: 0, Sum: 0, Workers: 4
[27.082s][debug][gc,phases      ] GC(70)     Total                          Min: 0, Avg:  0.0, Max: 0, Diff: 0, Sum: 0, Workers: 4
[27.082s][debug][gc,phases      ] GC(70)   StringDedup Requests0 Weak     Min:  0.0, Avg:  0.0, Max:  0.0, Diff:  0.0, Sum:  0.0, Workers: 4
[27.082s][debug][gc,phases      ] GC(70)     Dead                           Min: 0, Avg:  0.0, Max: 0, Diff: 0, Sum: 0, Workers: 4
[27.082s][debug][gc,phases      ] GC(70)     Total                          Min: 0, Avg:  0.0, Max: 0, Diff: 0, Sum: 0, Workers: 4
[27.082s][debug][gc,phases      ] GC(70)   StringDedup Requests1 Weak     Min:  0.0, Avg:  0.0, Max:  0.0, Diff:  0.0, Sum:  0.0, Workers: 4
[27.082s][debug][gc,phases      ] GC(70)     Dead                           Min: 0, Avg:  0.0, Max: 0, Diff: 0, Sum: 0, Workers: 4
[27.082s][debug][gc,phases      ] GC(70)     Total                          Min: 0, Avg:  0.0, Max: 0, Diff: 0, Sum: 0, Workers: 4
[27.082s][debug][gc,phases      ] GC(70)   Weak JFR Old Object Samples    Min:  0.0, Avg:  0.0, Max:  0.0, Diff:  0.0, Sum:  0.0, Workers: 4
[27.082s][debug][gc,phases      ] GC(70)     Dead                           Min: 0, Avg:  0.0, Max: 0, Diff: 0, Sum: 0, Workers: 4
[27.082s][debug][gc,phases      ] GC(70)     Total                          Min: 0, Avg:  0.0, Max: 0, Diff: 0, Sum: 0, Workers: 4
[27.082s][debug][gc,phases      ] GC(70) Weak Processing 0.289ms
[27.082s][debug][gc,age         ] GC(70) Desired survivor size 111149056 bytes, new threshold 15 (max threshold 15)
[27.082s][info ][gc,heap        ] GC(70) PSYoungGen: 1868939K(1966080K)->26075K(1988608K) Eden: 1843200K(1843200K)->0K(1872896K) From: 25739K(122880K)->26075K(115712K)
[27.082s][info ][gc,heap        ] GC(70) ParOldGen: 359356K(422912K)->359788K(422912K)
[27.082s][info ][gc,metaspace   ] GC(70) Metaspace: 77630K(78464K)->77630K(78464K) NonClass: 66437K(66880K)->66437K(66880K) Class: 11193K(11584K)->11193K(11584K)
[27.082s][info ][gc             ] GC(70) Pause Young (Allocation Failure) 2176M->376M(2355M) 7.757ms
[27.082s][info ][gc,cpu         ] GC(70) User=0.02s Sys=0.01s Real=0.01s
[27.082s][info ][safepoint      ] Safepoint "ParallelGCFailedAllocation", Time since last: 313587714 ns, Reaching safepoint: 152001 ns, At safepoint: 7855661 ns, Total: 8007662 ns
[27.398s][info ][gc,start       ] GC(71) Pause Young (Allocation Failure)
[27.406s][debug][gc,phases      ] GC(71) Scavenge 7.592ms
[27.406s][debug][gc,ref         ] GC(71) Skipped phase 1 of Reference Processing: no references
[27.406s][debug][gc,ref         ] GC(71) ReferenceProcessor::execute queues: 1, RefProcThreadModel::Single, marks_oops_alive: false
[27.406s][debug][gc,ref         ] GC(71) Skipped phase 3 of Reference Processing: no references
[27.406s][debug][gc,ref         ] GC(71) ReferenceProcessor::execute queues: 1, RefProcThreadModel::Single, marks_oops_alive: false
[27.406s][debug][gc,phases      ] GC(71) Reference Processing 0.111ms
[27.406s][debug][gc,phases      ] GC(71)   VM Weak                        Min:  0.0, Avg:  0.0, Max:  0.0, Diff:  0.0, Sum:  0.0, Workers: 4
[27.406s][debug][gc,phases      ] GC(71)     Dead                           Min: 0, Avg:  0.0, Max: 0, Diff: 0, Sum: 0, Workers: 4
[27.406s][debug][gc,phases      ] GC(71)     Total                          Min: 0, Avg: 157.8, Max: 512, Diff: 512, Sum: 631, Workers: 4
[27.406s][debug][gc,phases      ] GC(71)   ObjectSynchronizer Weak        Min:  0.0, Avg:  0.0, Max:  0.0, Diff:  0.0, Sum:  0.0, Workers: 4
[27.406s][debug][gc,phases      ] GC(71)     Dead                           Min: 0, Avg:  0.0, Max: 0, Diff: 0, Sum: 0, Workers: 4
[27.406s][debug][gc,phases      ] GC(71)     Total                          Min: 0, Avg: 85.0, Max: 148, Diff: 148, Sum: 340, Workers: 4
[27.406s][debug][gc,phases      ] GC(71)   JVMTI Tag Weak OopStorage      Min:  0.0, Avg:  0.0, Max:  0.0, Diff:  0.0, Sum:  0.0, Workers: 4
[27.406s][debug][gc,phases      ] GC(71)     Dead                           Min: 0, Avg:  0.0, Max: 0, Diff: 0, Sum: 0, Workers: 4
[27.406s][debug][gc,phases      ] GC(71)     Total                          Min: 0, Avg:  0.0, Max: 0, Diff: 0, Sum: 0, Workers: 4
[27.406s][debug][gc,phases      ] GC(71)   StringTable Weak               Min:  0.1, Avg:  0.1, Max:  0.1, Diff:  0.0, Sum:  0.4, Workers: 4
[27.406s][debug][gc,phases      ] GC(71)     Dead                           Min: 0, Avg:  0.0, Max: 0, Diff: 0, Sum: 0, Workers: 4
[27.406s][debug][gc,phases      ] GC(71)     Total                          Min: 11413, Avg: 11557.2, Max: 11776, Diff: 363, Sum: 46229, Workers: 4
[27.406s][debug][gc,phases      ] GC(71)   ResolvedMethodTable Weak       Min:  0.0, Avg:  0.0, Max:  0.0, Diff:  0.0, Sum:  0.1, Workers: 4
[27.406s][debug][gc,phases      ] GC(71)     Dead                           Min: 0, Avg:  0.0, Max: 0, Diff: 0, Sum: 0, Workers: 4
[27.406s][debug][gc,phases      ] GC(71)     Total                          Min: 1920, Avg: 1955.2, Max: 1997, Diff: 77, Sum: 7821, Workers: 4
[27.406s][debug][gc,phases      ] GC(71)   JNI Weak                       Min:  0.0, Avg:  0.0, Max:  0.0, Diff:  0.0, Sum:  0.0, Workers: 4
[27.406s][debug][gc,phases      ] GC(71)     Dead                           Min: 0, Avg:  0.0, Max: 0, Diff: 0, Sum: 0, Workers: 4
[27.406s][debug][gc,phases      ] GC(71)     Total                          Min: 0, Avg:  0.2, Max: 1, Diff: 1, Sum: 1, Workers: 4
[27.406s][debug][gc,phases      ] GC(71)   StringDedup Table Weak         Min:  0.0, Avg:  0.0, Max:  0.0, Diff:  0.0, Sum:  0.0, Workers: 4
[27.406s][debug][gc,phases      ] GC(71)     Dead                           Min: 0, Avg:  0.0, Max: 0, Diff: 0, Sum: 0, Workers: 4
[27.406s][debug][gc,phases      ] GC(71)     Total                          Min: 0, Avg:  0.0, Max: 0, Diff: 0, Sum: 0, Workers: 4
[27.406s][debug][gc,phases      ] GC(71)   StringDedup Requests0 Weak     Min:  0.0, Avg:  0.0, Max:  0.0, Diff:  0.0, Sum:  0.0, Workers: 4
[27.406s][debug][gc,phases      ] GC(71)     Dead                           Min: 0, Avg:  0.0, Max: 0, Diff: 0, Sum: 0, Workers: 4
[27.406s][debug][gc,phases      ] GC(71)     Total                          Min: 0, Avg:  0.0, Max: 0, Diff: 0, Sum: 0, Workers: 4
[27.406s][debug][gc,phases      ] GC(71)   StringDedup Requests1 Weak     Min:  0.0, Avg:  0.0, Max:  0.0, Diff:  0.0, Sum:  0.0, Workers: 4
[27.406s][debug][gc,phases      ] GC(71)     Dead                           Min: 0, Avg:  0.0, Max: 0, Diff: 0, Sum: 0, Workers: 4
[27.406s][debug][gc,phases      ] GC(71)     Total                          Min: 0, Avg:  0.0, Max: 0, Diff: 0, Sum: 0, Workers: 4
[27.406s][debug][gc,phases      ] GC(71)   Weak JFR Old Object Samples    Min:  0.0, Avg:  0.0, Max:  0.0, Diff:  0.0, Sum:  0.0, Workers: 4
[27.406s][debug][gc,phases      ] GC(71)     Dead                           Min: 0, Avg:  0.0, Max: 0, Diff: 0, Sum: 0, Workers: 4
[27.406s][debug][gc,phases      ] GC(71)     Total                          Min: 0, Avg:  0.0, Max: 0, Diff: 0, Sum: 0, Workers: 4
[27.406s][debug][gc,phases      ] GC(71) Weak Processing 0.274ms
[27.406s][debug][gc,age         ] GC(71) Desired survivor size 104333312 bytes, new threshold 15 (max threshold 15)
[27.406s][info ][gc,heap        ] GC(71) PSYoungGen: 1898971K(1988608K)->26507K(1981440K) Eden: 1872896K(1872896K)->0K(1872896K) From: 26075K(115712K)->26507K(108544K)
[27.406s][info ][gc,heap        ] GC(71) ParOldGen: 359788K(422912K)->360379K(422912K)
[27.406s][info ][gc,metaspace   ] GC(71) Metaspace: 77633K(78464K)->77633K(78464K) NonClass: 66440K(66880K)->66440K(66880K) Class: 11193K(11584K)->11193K(11584K)
[27.406s][info ][gc             ] GC(71) Pause Young (Allocation Failure) 2205M->377M(2348M) 8.086ms
[27.406s][info ][gc,cpu         ] GC(71) User=0.03s Sys=0.00s Real=0.01s
[27.406s][info ][safepoint      ] Safepoint "ParallelGCFailedAllocation", Time since last: 315789631 ns, Reaching safepoint: 139801 ns, At safepoint: 8184163 ns, Total: 8323964 ns
[27.849s][info ][gc,start       ] GC(72) Pause Young (Allocation Failure)
[27.858s][debug][gc,phases      ] GC(72) Scavenge 8.464ms
[27.858s][debug][gc,ref         ] GC(72) Skipped phase 1 of Reference Processing: no references
[27.858s][debug][gc,ref         ] GC(72) ReferenceProcessor::execute queues: 1, RefProcThreadModel::Single, marks_oops_alive: false
[27.858s][debug][gc,ref         ] GC(72) Skipped phase 3 of Reference Processing: no references
[27.858s][debug][gc,ref         ] GC(72) ReferenceProcessor::execute queues: 1, RefProcThreadModel::Single, marks_oops_alive: false
[27.858s][debug][gc,phases      ] GC(72) Reference Processing 0.097ms
[27.858s][debug][gc,phases      ] GC(72)   VM Weak                        Min:  0.0, Avg:  0.0, Max:  0.0, Diff:  0.0, Sum:  0.0, Workers: 4
[27.858s][debug][gc,phases      ] GC(72)     Dead                           Min: 0, Avg:  0.0, Max: 0, Diff: 0, Sum: 0, Workers: 4
[27.858s][debug][gc,phases      ] GC(72)     Total                          Min: 0, Avg: 157.8, Max: 384, Diff: 384, Sum: 631, Workers: 4
[27.858s][debug][gc,phases      ] GC(72)   ObjectSynchronizer Weak        Min:  0.0, Avg:  0.0, Max:  0.0, Diff:  0.0, Sum:  0.0, Workers: 4
[27.858s][debug][gc,phases      ] GC(72)     Dead                           Min: 0, Avg:  0.0, Max: 0, Diff: 0, Sum: 0, Workers: 4
[27.858s][debug][gc,phases      ] GC(72)     Total                          Min: 0, Avg: 85.0, Max: 192, Diff: 192, Sum: 340, Workers: 4
[27.858s][debug][gc,phases      ] GC(72)   JVMTI Tag Weak OopStorage      Min:  0.0, Avg:  0.0, Max:  0.0, Diff:  0.0, Sum:  0.0, Workers: 4
[27.858s][debug][gc,phases      ] GC(72)     Dead                           Min: 0, Avg:  0.0, Max: 0, Diff: 0, Sum: 0, Workers: 4
[27.858s][debug][gc,phases      ] GC(72)     Total                          Min: 0, Avg:  0.0, Max: 0, Diff: 0, Sum: 0, Workers: 4
[27.858s][debug][gc,phases      ] GC(72)   StringTable Weak               Min:  0.1, Avg:  0.1, Max:  0.1, Diff:  0.0, Sum:  0.4, Workers: 4
[27.858s][debug][gc,phases      ] GC(72)     Dead                           Min: 0, Avg:  0.0, Max: 0, Diff: 0, Sum: 0, Workers: 4
[27.858s][debug][gc,phases      ] GC(72)     Total                          Min: 11328, Avg: 11561.2, Max: 11776, Diff: 448, Sum: 46245, Workers: 4
[27.858s][debug][gc,phases      ] GC(72)   ResolvedMethodTable Weak       Min:  0.0, Avg:  0.0, Max:  0.0, Diff:  0.0, Sum:  0.1, Workers: 4
[27.858s][debug][gc,phases      ] GC(72)     Dead                           Min: 0, Avg:  0.0, Max: 0, Diff: 0, Sum: 0, Workers: 4
[27.858s][debug][gc,phases      ] GC(72)     Total                          Min: 1856, Avg: 1955.2, Max: 2048, Diff: 192, Sum: 7821, Workers: 4
[27.858s][debug][gc,phases      ] GC(72)   JNI Weak                       Min:  0.0, Avg:  0.0, Max:  0.0, Diff:  0.0, Sum:  0.0, Workers: 4
[27.858s][debug][gc,phases      ] GC(72)     Dead                           Min: 0, Avg:  0.0, Max: 0, Diff: 0, Sum: 0, Workers: 4
[27.858s][debug][gc,phases      ] GC(72)     Total                          Min: 0, Avg:  0.0, Max: 0, Diff: 0, Sum: 0, Workers: 4
[27.858s][debug][gc,phases      ] GC(72)   StringDedup Table Weak         Min:  0.0, Avg:  0.0, Max:  0.0, Diff:  0.0, Sum:  0.0, Workers: 4
[27.858s][debug][gc,phases      ] GC(72)     Dead                           Min: 0, Avg:  0.0, Max: 0, Diff: 0, Sum: 0, Workers: 4
[27.858s][debug][gc,phases      ] GC(72)     Total                          Min: 0, Avg:  0.0, Max: 0, Diff: 0, Sum: 0, Workers: 4
[27.858s][debug][gc,phases      ] GC(72)   StringDedup Requests0 Weak     Min:  0.0, Avg:  0.0, Max:  0.0, Diff:  0.0, Sum:  0.0, Workers: 4
[27.858s][debug][gc,phases      ] GC(72)     Dead                           Min: 0, Avg:  0.0, Max: 0, Diff: 0, Sum: 0, Workers: 4
[27.858s][debug][gc,phases      ] GC(72)     Total                          Min: 0, Avg:  0.0, Max: 0, Diff: 0, Sum: 0, Workers: 4
[27.858s][debug][gc,phases      ] GC(72)   StringDedup Requests1 Weak     Min:  0.0, Avg:  0.0, Max:  0.0, Diff:  0.0, Sum:  0.0, Workers: 4
[27.858s][debug][gc,phases      ] GC(72)     Dead                           Min: 0, Avg:  0.0, Max: 0, Diff: 0, Sum: 0, Workers: 4
[27.858s][debug][gc,phases      ] GC(72)     Total                          Min: 0, Avg:  0.0, Max: 0, Diff: 0, Sum: 0, Workers: 4
[27.858s][debug][gc,phases      ] GC(72)   Weak JFR Old Object Samples    Min:  0.0, Avg:  0.0, Max:  0.0, Diff:  0.0, Sum:  0.0, Workers: 4
[27.858s][debug][gc,phases      ] GC(72)     Dead                           Min: 0, Avg:  0.0, Max: 0, Diff: 0, Sum: 0, Workers: 4
[27.858s][debug][gc,phases      ] GC(72)     Total                          Min: 0, Avg:  0.0, Max: 0, Diff: 0, Sum: 0, Workers: 4
[27.858s][debug][gc,phases      ] GC(72) Weak Processing 0.275ms
[27.858s][debug][gc,age         ] GC(72) Desired survivor size 98041856 bytes, new threshold 15 (max threshold 15)
[27.858s][info ][gc,heap        ] GC(72) PSYoungGen: 1899403K(1981440K)->26242K(2001408K) Eden: 1872896K(1872896K)->0K(1899520K) From: 26507K(108544K)->26242K(101888K)
[27.858s][info ][gc,heap        ] GC(72) ParOldGen: 360379K(422912K)->362034K(422912K)
[27.858s][info ][gc,metaspace   ] GC(72) Metaspace: 77692K(78528K)->77692K(78528K) NonClass: 66499K(66944K)->66499K(66944K) Class: 11193K(11584K)->11193K(11584K)
[27.858s][info ][gc             ] GC(72) Pause Young (Allocation Failure) 2206M->379M(2367M) 8.953ms
[27.858s][info ][gc,cpu         ] GC(72) User=0.03s Sys=0.00s Real=0.01s
[27.858s][info ][safepoint      ] Safepoint "ParallelGCFailedAllocation", Time since last: 442555207 ns, Reaching safepoint: 171201 ns, At safepoint: 9036970 ns, Total: 9208171 ns
[28.164s][info ][gc,start       ] GC(73) Pause Young (Allocation Failure)
[28.172s][debug][gc,phases      ] GC(73) Scavenge 7.963ms
[28.172s][debug][gc,ref         ] GC(73) Skipped phase 1 of Reference Processing: no references
[28.172s][debug][gc,ref         ] GC(73) ReferenceProcessor::execute queues: 1, RefProcThreadModel::Single, marks_oops_alive: false
[28.172s][debug][gc,ref         ] GC(73) Skipped phase 3 of Reference Processing: no references
[28.172s][debug][gc,ref         ] GC(73) ReferenceProcessor::execute queues: 1, RefProcThreadModel::Single, marks_oops_alive: false
[28.172s][debug][gc,phases      ] GC(73) Reference Processing 0.097ms
[28.172s][debug][gc,phases      ] GC(73)   VM Weak                        Min:  0.0, Avg:  0.0, Max:  0.0, Diff:  0.0, Sum:  0.0, Workers: 4
[28.172s][debug][gc,phases      ] GC(73)     Dead                           Min: 0, Avg:  0.0, Max: 0, Diff: 0, Sum: 0, Workers: 4
[28.172s][debug][gc,phases      ] GC(73)     Total                          Min: 0, Avg: 157.8, Max: 439, Diff: 439, Sum: 631, Workers: 4
[28.172s][debug][gc,phases      ] GC(73)   ObjectSynchronizer Weak        Min:  0.0, Avg:  0.0, Max:  0.0, Diff:  0.0, Sum:  0.0, Workers: 4
[28.172s][debug][gc,phases      ] GC(73)     Dead                           Min: 0, Avg:  0.0, Max: 0, Diff: 0, Sum: 0, Workers: 4
[28.172s][debug][gc,phases      ] GC(73)     Total                          Min: 0, Avg: 85.0, Max: 212, Diff: 212, Sum: 340, Workers: 4
[28.172s][debug][gc,phases      ] GC(73)   JVMTI Tag Weak OopStorage      Min:  0.0, Avg:  0.0, Max:  0.0, Diff:  0.0, Sum:  0.0, Workers: 4
[28.172s][debug][gc,phases      ] GC(73)     Dead                           Min: 0, Avg:  0.0, Max: 0, Diff: 0, Sum: 0, Workers: 4
[28.172s][debug][gc,phases      ] GC(73)     Total                          Min: 0, Avg:  0.0, Max: 0, Diff: 0, Sum: 0, Workers: 4
[28.172s][debug][gc,phases      ] GC(73)   StringTable Weak               Min:  0.1, Avg:  0.1, Max:  0.1, Diff:  0.0, Sum:  0.4, Workers: 4
[28.172s][debug][gc,phases      ] GC(73)     Dead                           Min: 0, Avg:  0.0, Max: 0, Diff: 0, Sum: 0, Workers: 4
[28.172s][debug][gc,phases      ] GC(73)     Total                          Min: 11136, Avg: 11565.0, Max: 12096, Diff: 960, Sum: 46260, Workers: 4
[28.172s][debug][gc,phases      ] GC(73)   ResolvedMethodTable Weak       Min:  0.0, Avg:  0.0, Max:  0.0, Diff:  0.0, Sum:  0.1, Workers: 4
[28.172s][debug][gc,phases      ] GC(73)     Dead                           Min: 0, Avg:  0.0, Max: 0, Diff: 0, Sum: 0, Workers: 4
[28.172s][debug][gc,phases      ] GC(73)     Total                          Min: 1792, Avg: 1955.2, Max: 2304, Diff: 512, Sum: 7821, Workers: 4
[28.172s][debug][gc,phases      ] GC(73)   JNI Weak                       Min:  0.0, Avg:  0.0, Max:  0.0, Diff:  0.0, Sum:  0.0, Workers: 4
[28.172s][debug][gc,phases      ] GC(73)     Dead                           Min: 0, Avg:  0.0, Max: 0, Diff: 0, Sum: 0, Workers: 4
[28.172s][debug][gc,phases      ] GC(73)     Total                          Min: 0, Avg:  0.0, Max: 0, Diff: 0, Sum: 0, Workers: 4
[28.172s][debug][gc,phases      ] GC(73)   StringDedup Table Weak         Min:  0.0, Avg:  0.0, Max:  0.0, Diff:  0.0, Sum:  0.0, Workers: 4
[28.172s][debug][gc,phases      ] GC(73)     Dead                           Min: 0, Avg:  0.0, Max: 0, Diff: 0, Sum: 0, Workers: 4
[28.172s][debug][gc,phases      ] GC(73)     Total                          Min: 0, Avg:  0.0, Max: 0, Diff: 0, Sum: 0, Workers: 4
[28.172s][debug][gc,phases      ] GC(73)   StringDedup Requests0 Weak     Min:  0.0, Avg:  0.0, Max:  0.0, Diff:  0.0, Sum:  0.0, Workers: 4
[28.172s][debug][gc,phases      ] GC(73)     Dead                           Min: 0, Avg:  0.0, Max: 0, Diff: 0, Sum: 0, Workers: 4
[28.172s][debug][gc,phases      ] GC(73)     Total                          Min: 0, Avg:  0.0, Max: 0, Diff: 0, Sum: 0, Workers: 4
[28.172s][debug][gc,phases      ] GC(73)   StringDedup Requests1 Weak     Min:  0.0, Avg:  0.0, Max:  0.0, Diff:  0.0, Sum:  0.0, Workers: 4
[28.172s][debug][gc,phases      ] GC(73)     Dead                           Min: 0, Avg:  0.0, Max: 0, Diff: 0, Sum: 0, Workers: 4
[28.172s][debug][gc,phases      ] GC(73)     Total                          Min: 0, Avg:  0.0, Max: 0, Diff: 0, Sum: 0, Workers: 4
[28.172s][debug][gc,phases      ] GC(73)   Weak JFR Old Object Samples    Min:  0.0, Avg:  0.0, Max:  0.0, Diff:  0.0, Sum:  0.0, Workers: 4
[28.172s][debug][gc,phases      ] GC(73)     Dead                           Min: 0, Avg:  0.0, Max: 0, Diff: 0, Sum: 0, Workers: 4
[28.172s][debug][gc,phases      ] GC(73)     Total                          Min: 0, Avg:  0.0, Max: 0, Diff: 0, Sum: 0, Workers: 4
[28.172s][debug][gc,phases      ] GC(73) Weak Processing 0.278ms
[28.172s][debug][gc,age         ] GC(73) Desired survivor size 92798976 bytes, new threshold 15 (max threshold 15)
[28.172s][info ][gc,heap        ] GC(73) PSYoungGen: 1925762K(2001408K)->25669K(1995264K) Eden: 1899520K(1899520K)->0K(1899520K) From: 26242K(101888K)->25669K(95744K)
[28.172s][info ][gc,heap        ] GC(73) ParOldGen: 362034K(422912K)->362834K(422912K)
[28.172s][info ][gc,metaspace   ] GC(73) Metaspace: 77701K(78528K)->77701K(78528K) NonClass: 66507K(66944K)->66507K(66944K) Class: 11193K(11584K)->11193K(11584K)
[28.172s][info ][gc             ] GC(73) Pause Young (Allocation Failure) 2234M->379M(2361M) 8.439ms
[28.172s][info ][gc,cpu         ] GC(73) User=0.03s Sys=0.00s Real=0.01s
[28.172s][info ][safepoint      ] Safepoint "ParallelGCFailedAllocation", Time since last: 305642353 ns, Reaching safepoint: 142901 ns, At safepoint: 8527365 ns, Total: 8670266 ns
[28.564s][info ][gc,start       ] GC(74) Pause Young (Allocation Failure)
[28.576s][debug][gc,phases      ] GC(74) Scavenge 11.739ms
[28.576s][debug][gc,ref         ] GC(74) Skipped phase 1 of Reference Processing: no references
[28.576s][debug][gc,ref         ] GC(74) ReferenceProcessor::execute queues: 1, RefProcThreadModel::Single, marks_oops_alive: false
[28.576s][debug][gc,ref         ] GC(74) Skipped phase 3 of Reference Processing: no references
[28.576s][debug][gc,ref         ] GC(74) Skipped phase 4 of Reference Processing: no references
[28.576s][debug][gc,phases      ] GC(74) Reference Processing 0.095ms
[28.576s][debug][gc,phases      ] GC(74)   VM Weak                        Min:  0.0, Avg:  0.0, Max:  0.0, Diff:  0.0, Sum:  0.0, Workers: 4
[28.576s][debug][gc,phases      ] GC(74)     Dead                           Min: 0, Avg:  0.0, Max: 0, Diff: 0, Sum: 0, Workers: 4
[28.576s][debug][gc,phases      ] GC(74)     Total                          Min: 0, Avg: 157.8, Max: 375, Diff: 375, Sum: 631, Workers: 4
[28.576s][debug][gc,phases      ] GC(74)   ObjectSynchronizer Weak        Min:  0.0, Avg:  0.0, Max:  0.0, Diff:  0.0, Sum:  0.0, Workers: 4
[28.576s][debug][gc,phases      ] GC(74)     Dead                           Min: 0, Avg:  0.0, Max: 0, Diff: 0, Sum: 0, Workers: 4
[28.576s][debug][gc,phases      ] GC(74)     Total                          Min: 0, Avg: 85.0, Max: 148, Diff: 148, Sum: 340, Workers: 4
[28.576s][debug][gc,phases      ] GC(74)   JVMTI Tag Weak OopStorage      Min:  0.0, Avg:  0.0, Max:  0.0, Diff:  0.0, Sum:  0.0, Workers: 4
[28.576s][debug][gc,phases      ] GC(74)     Dead                           Min: 0, Avg:  0.0, Max: 0, Diff: 0, Sum: 0, Workers: 4
[28.576s][debug][gc,phases      ] GC(74)     Total                          Min: 0, Avg:  0.0, Max: 0, Diff: 0, Sum: 0, Workers: 4
[28.576s][debug][gc,phases      ] GC(74)   StringTable Weak               Min:  0.1, Avg:  0.1, Max:  0.1, Diff:  0.0, Sum:  0.4, Workers: 4
[28.576s][debug][gc,phases      ] GC(74)     Dead                           Min: 0, Avg:  0.0, Max: 0, Diff: 0, Sum: 0, Workers: 4
[28.576s][debug][gc,phases      ] GC(74)     Total                          Min: 11328, Avg: 11572.8, Max: 11776, Diff: 448, Sum: 46291, Workers: 4
[28.576s][debug][gc,phases      ] GC(74)   ResolvedMethodTable Weak       Min:  0.0, Avg:  0.0, Max:  0.0, Diff:  0.0, Sum:  0.1, Workers: 4
[28.576s][debug][gc,phases      ] GC(74)     Dead                           Min: 0, Avg:  0.0, Max: 0, Diff: 0, Sum: 0, Workers: 4
[28.576s][debug][gc,phases      ] GC(74)     Total                          Min: 1856, Avg: 1955.2, Max: 2125, Diff: 269, Sum: 7821, Workers: 4
[28.576s][debug][gc,phases      ] GC(74)   JNI Weak                       Min:  0.0, Avg:  0.0, Max:  0.0, Diff:  0.0, Sum:  0.0, Workers: 4
[28.576s][debug][gc,phases      ] GC(74)     Dead                           Min: 0, Avg:  0.0, Max: 0, Diff: 0, Sum: 0, Workers: 4
[28.576s][debug][gc,phases      ] GC(74)     Total                          Min: 0, Avg:  0.2, Max: 1, Diff: 1, Sum: 1, Workers: 4
[28.577s][debug][gc,phases      ] GC(74)   StringDedup Table Weak         Min:  0.0, Avg:  0.0, Max:  0.0, Diff:  0.0, Sum:  0.0, Workers: 4
[28.577s][debug][gc,phases      ] GC(74)     Dead                           Min: 0, Avg:  0.0, Max: 0, Diff: 0, Sum: 0, Workers: 4
[28.577s][debug][gc,phases      ] GC(74)     Total                          Min: 0, Avg:  0.0, Max: 0, Diff: 0, Sum: 0, Workers: 4
[28.577s][debug][gc,phases      ] GC(74)   StringDedup Requests0 Weak     Min:  0.0, Avg:  0.0, Max:  0.0, Diff:  0.0, Sum:  0.0, Workers: 4
[28.577s][debug][gc,phases      ] GC(74)     Dead                           Min: 0, Avg:  0.0, Max: 0, Diff: 0, Sum: 0, Workers: 4
[28.577s][debug][gc,phases      ] GC(74)     Total                          Min: 0, Avg:  0.0, Max: 0, Diff: 0, Sum: 0, Workers: 4
[28.577s][debug][gc,phases      ] GC(74)   StringDedup Requests1 Weak     Min:  0.0, Avg:  0.0, Max:  0.0, Diff:  0.0, Sum:  0.0, Workers: 4
[28.577s][debug][gc,phases      ] GC(74)     Dead                           Min: 0, Avg:  0.0, Max: 0, Diff: 0, Sum: 0, Workers: 4
[28.577s][debug][gc,phases      ] GC(74)     Total                          Min: 0, Avg:  0.0, Max: 0, Diff: 0, Sum: 0, Workers: 4
[28.577s][debug][gc,phases      ] GC(74)   Weak JFR Old Object Samples    Min:  0.0, Avg:  0.0, Max:  0.0, Diff:  0.0, Sum:  0.0, Workers: 4
[28.577s][debug][gc,phases      ] GC(74)     Dead                           Min: 0, Avg:  0.0, Max: 0, Diff: 0, Sum: 0, Workers: 4
[28.577s][debug][gc,phases      ] GC(74)     Total                          Min: 0, Avg:  0.0, Max: 0, Diff: 0, Sum: 0, Workers: 4
[28.577s][debug][gc,phases      ] GC(74) Weak Processing 0.277ms
[28.577s][debug][gc,age         ] GC(74) Desired survivor size 86507520 bytes, new threshold 15 (max threshold 15)
[28.577s][info ][gc,heap        ] GC(74) PSYoungGen: 1925189K(1995264K)->30256K(2012672K) Eden: 1899520K(1899520K)->0K(1922048K) From: 25669K(95744K)->30256K(90624K)
[28.577s][info ][gc,heap        ] GC(74) ParOldGen: 362834K(422912K)->363692K(422912K)
[28.577s][info ][gc,metaspace   ] GC(74) Metaspace: 77709K(78528K)->77709K(78528K) NonClass: 66515K(66944K)->66515K(66944K) Class: 11193K(11584K)->11193K(11584K)
[28.577s][info ][gc             ] GC(74) Pause Young (Allocation Failure) 2234M->384M(2378M) 12.226ms
[28.577s][info ][gc,cpu         ] GC(74) User=0.05s Sys=0.00s Real=0.01s
[28.577s][info ][safepoint      ] Safepoint "ParallelGCFailedAllocation", Time since last: 391834916 ns, Reaching safepoint: 155201 ns, At safepoint: 12324195 ns, Total: 12479396 ns
[28.987s][info ][gc,start       ] GC(75) Pause Young (Allocation Failure)
[28.999s][debug][gc,phases      ] GC(75) Scavenge 11.942ms
[28.999s][debug][gc,ref         ] GC(75) Skipped phase 1 of Reference Processing: no references
[28.999s][debug][gc,ref         ] GC(75) Skipped phase 2 of Reference Processing: no references
[28.999s][debug][gc,ref         ] GC(75) Skipped phase 3 of Reference Processing: no references
[28.999s][debug][gc,ref         ] GC(75) Skipped phase 4 of Reference Processing: no references
[28.999s][debug][gc,phases      ] GC(75) Reference Processing 0.030ms
[28.999s][debug][gc,phases      ] GC(75)   VM Weak                        Min:  0.0, Avg:  0.0, Max:  0.0, Diff:  0.0, Sum:  0.0, Workers: 4
[28.999s][debug][gc,phases      ] GC(75)     Dead                           Min: 0, Avg:  0.0, Max: 0, Diff: 0, Sum: 0, Workers: 4
[28.999s][debug][gc,phases      ] GC(75)     Total                          Min: 0, Avg: 157.8, Max: 384, Diff: 384, Sum: 631, Workers: 4
[28.999s][debug][gc,phases      ] GC(75)   ObjectSynchronizer Weak        Min:  0.0, Avg:  0.0, Max:  0.0, Diff:  0.0, Sum:  0.0, Workers: 4
[28.999s][debug][gc,phases      ] GC(75)     Dead                           Min: 0, Avg:  0.0, Max: 0, Diff: 0, Sum: 0, Workers: 4
[28.999s][debug][gc,phases      ] GC(75)     Total                          Min: 0, Avg: 85.0, Max: 148, Diff: 148, Sum: 340, Workers: 4
[28.999s][debug][gc,phases      ] GC(75)   JVMTI Tag Weak OopStorage      Min:  0.0, Avg:  0.0, Max:  0.0, Diff:  0.0, Sum:  0.0, Workers: 4
[28.999s][debug][gc,phases      ] GC(75)     Dead                           Min: 0, Avg:  0.0, Max: 0, Diff: 0, Sum: 0, Workers: 4
[28.999s][debug][gc,phases      ] GC(75)     Total                          Min: 0, Avg:  0.0, Max: 0, Diff: 0, Sum: 0, Workers: 4
[28.999s][debug][gc,phases      ] GC(75)   StringTable Weak               Min:  0.1, Avg:  0.1, Max:  0.1, Diff:  0.0, Sum:  0.3, Workers: 4
[28.999s][debug][gc,phases      ] GC(75)     Dead                           Min: 0, Avg:  0.0, Max: 0, Diff: 0, Sum: 0, Workers: 4
[28.999s][debug][gc,phases      ] GC(75)     Total                          Min: 9280, Avg: 11573.2, Max: 13888, Diff: 4608, Sum: 46293, Workers: 4
[28.999s][debug][gc,phases      ] GC(75)   ResolvedMethodTable Weak       Min:  0.0, Avg:  0.0, Max:  0.0, Diff:  0.0, Sum:  0.1, Workers: 4
[28.999s][debug][gc,phases      ] GC(75)     Dead                           Min: 0, Avg:  0.0, Max: 0, Diff: 0, Sum: 0, Workers: 4
[28.999s][debug][gc,phases      ] GC(75)     Total                          Min: 1536, Avg: 1955.2, Max: 2317, Diff: 781, Sum: 7821, Workers: 4
[28.999s][debug][gc,phases      ] GC(75)   JNI Weak                       Min:  0.0, Avg:  0.0, Max:  0.0, Diff:  0.0, Sum:  0.0, Workers: 4
[28.999s][debug][gc,phases      ] GC(75)     Dead                           Min: 0, Avg:  0.0, Max: 0, Diff: 0, Sum: 0, Workers: 4
[28.999s][debug][gc,phases      ] GC(75)     Total                          Min: 0, Avg:  0.8, Max: 3, Diff: 3, Sum: 3, Workers: 4
[28.999s][debug][gc,phases      ] GC(75)   StringDedup Table Weak         Min:  0.0, Avg:  0.0, Max:  0.0, Diff:  0.0, Sum:  0.0, Workers: 4
[28.999s][debug][gc,phases      ] GC(75)     Dead                           Min: 0, Avg:  0.0, Max: 0, Diff: 0, Sum: 0, Workers: 4
[28.999s][debug][gc,phases      ] GC(75)     Total                          Min: 0, Avg:  0.0, Max: 0, Diff: 0, Sum: 0, Workers: 4
[28.999s][debug][gc,phases      ] GC(75)   StringDedup Requests0 Weak     Min:  0.0, Avg:  0.0, Max:  0.0, Diff:  0.0, Sum:  0.0, Workers: 4
[28.999s][debug][gc,phases      ] GC(75)     Dead                           Min: 0, Avg:  0.0, Max: 0, Diff: 0, Sum: 0, Workers: 4
[28.999s][debug][gc,phases      ] GC(75)     Total                          Min: 0, Avg:  0.0, Max: 0, Diff: 0, Sum: 0, Workers: 4
[28.999s][debug][gc,phases      ] GC(75)   StringDedup Requests1 Weak     Min:  0.0, Avg:  0.0, Max:  0.0, Diff:  0.0, Sum:  0.0, Workers: 4
[28.999s][debug][gc,phases      ] GC(75)     Dead                           Min: 0, Avg:  0.0, Max: 0, Diff: 0, Sum: 0, Workers: 4
[28.999s][debug][gc,phases      ] GC(75)     Total                          Min: 0, Avg:  0.0, Max: 0, Diff: 0, Sum: 0, Workers: 4
[28.999s][debug][gc,phases      ] GC(75)   Weak JFR Old Object Samples    Min:  0.0, Avg:  0.0, Max:  0.0, Diff:  0.0, Sum:  0.0, Workers: 4
[28.999s][debug][gc,phases      ] GC(75)     Dead                           Min: 0, Avg:  0.0, Max: 0, Diff: 0, Sum: 0, Workers: 4
[28.999s][debug][gc,phases      ] GC(75)     Total                          Min: 0, Avg:  0.0, Max: 0, Diff: 0, Sum: 0, Workers: 4
[28.999s][debug][gc,phases      ] GC(75) Weak Processing 0.257ms
[28.999s][debug][gc,age         ] GC(75) Desired survivor size 83361792 bytes, new threshold 15 (max threshold 15)
[28.999s][info ][gc,heap        ] GC(75) PSYoungGen: 1952304K(2012672K)->18832K(2006528K) Eden: 1922048K(1922048K)->0K(1922048K) From: 30256K(90624K)->18832K(84480K)
[28.999s][info ][gc,heap        ] GC(75) ParOldGen: 363692K(422912K)->380720K(422912K)
[28.999s][info ][gc,metaspace   ] GC(75) Metaspace: 77723K(78592K)->77723K(78592K) NonClass: 66530K(67008K)->66530K(67008K) Class: 11193K(11584K)->11193K(11584K)
[28.999s][info ][gc             ] GC(75) Pause Young (Allocation Failure) 2261M->390M(2372M) 12.335ms
[28.999s][info ][gc,cpu         ] GC(75) User=0.05s Sys=0.00s Real=0.01s
[28.999s][info ][safepoint      ] Safepoint "ParallelGCFailedAllocation", Time since last: 410129057 ns, Reaching safepoint: 134801 ns, At safepoint: 12439496 ns, Total: 12574297 ns
[29.314s][info ][gc,start       ] GC(76) Pause Young (Allocation Failure)
[29.327s][debug][gc,phases      ] GC(76) Scavenge 12.452ms
[29.327s][debug][gc,ref         ] GC(76) Skipped phase 1 of Reference Processing: no references
[29.327s][debug][gc,ref         ] GC(76) Skipped phase 2 of Reference Processing: no references
[29.327s][debug][gc,ref         ] GC(76) Skipped phase 3 of Reference Processing: no references
[29.327s][debug][gc,ref         ] GC(76) Skipped phase 4 of Reference Processing: no references
[29.327s][debug][gc,phases      ] GC(76) Reference Processing 0.020ms
[29.327s][debug][gc,phases      ] GC(76)   VM Weak                        Min:  0.0, Avg:  0.0, Max:  0.0, Diff:  0.0, Sum:  0.0, Workers: 4
[29.327s][debug][gc,phases      ] GC(76)     Dead                           Min: 0, Avg:  0.0, Max: 0, Diff: 0, Sum: 0, Workers: 4
[29.327s][debug][gc,phases      ] GC(76)     Total                          Min: 0, Avg: 157.8, Max: 567, Diff: 567, Sum: 631, Workers: 4
[29.327s][debug][gc,phases      ] GC(76)   ObjectSynchronizer Weak        Min:  0.0, Avg:  0.0, Max:  0.0, Diff:  0.0, Sum:  0.0, Workers: 4
[29.327s][debug][gc,phases      ] GC(76)     Dead                           Min: 0, Avg:  0.0, Max: 0, Diff: 0, Sum: 0, Workers: 4
[29.327s][debug][gc,phases      ] GC(76)     Total                          Min: 0, Avg: 85.0, Max: 212, Diff: 212, Sum: 340, Workers: 4
[29.327s][debug][gc,phases      ] GC(76)   JVMTI Tag Weak OopStorage      Min:  0.0, Avg:  0.0, Max:  0.0, Diff:  0.0, Sum:  0.0, Workers: 4
[29.327s][debug][gc,phases      ] GC(76)     Dead                           Min: 0, Avg:  0.0, Max: 0, Diff: 0, Sum: 0, Workers: 4
[29.327s][debug][gc,phases      ] GC(76)     Total                          Min: 0, Avg:  0.0, Max: 0, Diff: 0, Sum: 0, Workers: 4
[29.327s][debug][gc,phases      ] GC(76)   StringTable Weak               Min:  0.1, Avg:  0.1, Max:  0.1, Diff:  0.0, Sum:  0.4, Workers: 4
[29.327s][debug][gc,phases      ] GC(76)     Dead                           Min: 0, Avg:  0.0, Max: 0, Diff: 0, Sum: 0, Workers: 4
[29.327s][debug][gc,phases      ] GC(76)     Total                          Min: 9441, Avg: 11576.2, Max: 13696, Diff: 4255, Sum: 46305, Workers: 4
[29.327s][debug][gc,phases      ] GC(76)   ResolvedMethodTable Weak       Min:  0.0, Avg:  0.0, Max:  0.0, Diff:  0.0, Sum:  0.1, Workers: 4
[29.327s][debug][gc,phases      ] GC(76)     Dead                           Min: 0, Avg:  0.0, Max: 0, Diff: 0, Sum: 0, Workers: 4
[29.327s][debug][gc,phases      ] GC(76)     Total                          Min: 1536, Avg: 1955.2, Max: 2496, Diff: 960, Sum: 7821, Workers: 4
[29.327s][debug][gc,phases      ] GC(76)   JNI Weak                       Min:  0.0, Avg:  0.0, Max:  0.0, Diff:  0.0, Sum:  0.0, Workers: 4
[29.327s][debug][gc,phases      ] GC(76)     Dead                           Min: 0, Avg:  0.0, Max: 0, Diff: 0, Sum: 0, Workers: 4
[29.327s][debug][gc,phases      ] GC(76)     Total                          Min: 0, Avg:  0.2, Max: 1, Diff: 1, Sum: 1, Workers: 4
[29.327s][debug][gc,phases      ] GC(76)   StringDedup Table Weak         Min:  0.0, Avg:  0.0, Max:  0.0, Diff:  0.0, Sum:  0.0, Workers: 4
[29.327s][debug][gc,phases      ] GC(76)     Dead                           Min: 0, Avg:  0.0, Max: 0, Diff: 0, Sum: 0, Workers: 4
[29.327s][debug][gc,phases      ] GC(76)     Total                          Min: 0, Avg:  0.0, Max: 0, Diff: 0, Sum: 0, Workers: 4
[29.327s][debug][gc,phases      ] GC(76)   StringDedup Requests0 Weak     Min:  0.0, Avg:  0.0, Max:  0.0, Diff:  0.0, Sum:  0.0, Workers: 4
[29.327s][debug][gc,phases      ] GC(76)     Dead                           Min: 0, Avg:  0.0, Max: 0, Diff: 0, Sum: 0, Workers: 4
[29.327s][debug][gc,phases      ] GC(76)     Total                          Min: 0, Avg:  0.0, Max: 0, Diff: 0, Sum: 0, Workers: 4
[29.327s][debug][gc,phases      ] GC(76)   StringDedup Requests1 Weak     Min:  0.0, Avg:  0.0, Max:  0.0, Diff:  0.0, Sum:  0.0, Workers: 4
[29.327s][debug][gc,phases      ] GC(76)     Dead                           Min: 0, Avg:  0.0, Max: 0, Diff: 0, Sum: 0, Workers: 4
[29.327s][debug][gc,phases      ] GC(76)     Total                          Min: 0, Avg:  0.0, Max: 0, Diff: 0, Sum: 0, Workers: 4
[29.327s][debug][gc,phases      ] GC(76)   Weak JFR Old Object Samples    Min:  0.0, Avg:  0.0, Max:  0.0, Diff:  0.0, Sum:  0.0, Workers: 4
[29.327s][debug][gc,phases      ] GC(76)     Dead                           Min: 0, Avg:  0.0, Max: 0, Diff: 0, Sum: 0, Workers: 4
[29.327s][debug][gc,phases      ] GC(76)     Total                          Min: 0, Avg:  0.0, Max: 0, Diff: 0, Sum: 0, Workers: 4
[29.327s][debug][gc,phases      ] GC(76) Weak Processing 0.248ms
[29.327s][debug][gc,age         ] GC(76) Desired survivor size 79691776 bytes, new threshold 15 (max threshold 15)
[29.327s][info ][gc,heap        ] GC(76) PSYoungGen: 1940880K(2006528K)->18048K(2019328K) Eden: 1922048K(1922048K)->0K(1937920K) From: 18832K(84480K)->18048K(81408K)
[29.327s][info ][gc,heap        ] GC(76) ParOldGen: 380720K(422912K)->381773K(422912K)
[29.327s][info ][gc,metaspace   ] GC(76) Metaspace: 77762K(78592K)->77762K(78592K) NonClass: 66569K(67008K)->66569K(67008K) Class: 11193K(11584K)->11193K(11584K)
[29.327s][info ][gc             ] GC(76) Pause Young (Allocation Failure) 2267M->390M(2385M) 12.825ms
[29.327s][info ][gc,cpu         ] GC(76) User=0.05s Sys=0.00s Real=0.01s
[29.327s][info ][safepoint      ] Safepoint "ParallelGCFailedAllocation", Time since last: 314958624 ns, Reaching safepoint: 142801 ns, At safepoint: 12920999 ns, Total: 13063800 ns
[29.706s][info ][gc,start       ] GC(77) Pause Young (Allocation Failure)
[29.717s][debug][gc,phases      ] GC(77) Scavenge 10.913ms
[29.717s][debug][gc,ref         ] GC(77) Skipped phase 1 of Reference Processing: no references
[29.717s][debug][gc,ref         ] GC(77) Skipped phase 2 of Reference Processing: no references
[29.717s][debug][gc,ref         ] GC(77) Skipped phase 3 of Reference Processing: no references
[29.717s][debug][gc,ref         ] GC(77) Skipped phase 4 of Reference Processing: no references
[29.717s][debug][gc,phases      ] GC(77) Reference Processing 0.031ms
[29.717s][debug][gc,phases      ] GC(77)   VM Weak                        Min:  0.0, Avg:  0.0, Max:  0.0, Diff:  0.0, Sum:  0.0, Workers: 4
[29.717s][debug][gc,phases      ] GC(77)     Dead                           Min: 0, Avg:  0.0, Max: 0, Diff: 0, Sum: 0, Workers: 4
[29.717s][debug][gc,phases      ] GC(77)     Total                          Min: 0, Avg: 157.8, Max: 567, Diff: 567, Sum: 631, Workers: 4
[29.717s][debug][gc,phases      ] GC(77)   ObjectSynchronizer Weak        Min:  0.0, Avg:  0.0, Max:  0.0, Diff:  0.0, Sum:  0.0, Workers: 4
[29.717s][debug][gc,phases      ] GC(77)     Dead                           Min: 0, Avg:  0.0, Max: 0, Diff: 0, Sum: 0, Workers: 4
[29.717s][debug][gc,phases      ] GC(77)     Total                          Min: 0, Avg: 85.0, Max: 192, Diff: 192, Sum: 340, Workers: 4
[29.717s][debug][gc,phases      ] GC(77)   JVMTI Tag Weak OopStorage      Min:  0.0, Avg:  0.0, Max:  0.0, Diff:  0.0, Sum:  0.0, Workers: 4
[29.717s][debug][gc,phases      ] GC(77)     Dead                           Min: 0, Avg:  0.0, Max: 0, Diff: 0, Sum: 0, Workers: 4
[29.717s][debug][gc,phases      ] GC(77)     Total                          Min: 0, Avg:  0.0, Max: 0, Diff: 0, Sum: 0, Workers: 4
[29.717s][debug][gc,phases      ] GC(77)   StringTable Weak               Min:  0.1, Avg:  0.1, Max:  0.1, Diff:  0.0, Sum:  0.3, Workers: 4
[29.717s][debug][gc,phases      ] GC(77)     Dead                           Min: 0, Avg:  0.0, Max: 0, Diff: 0, Sum: 0, Workers: 4
[29.717s][debug][gc,phases      ] GC(77)     Total                          Min: 8576, Avg: 11578.2, Max: 14656, Diff: 6080, Sum: 46313, Workers: 4
[29.717s][debug][gc,phases      ] GC(77)   ResolvedMethodTable Weak       Min:  0.0, Avg:  0.0, Max:  0.0, Diff:  0.0, Sum:  0.1, Workers: 4
[29.717s][debug][gc,phases      ] GC(77)     Dead                           Min: 0, Avg:  0.0, Max: 0, Diff: 0, Sum: 0, Workers: 4
[29.717s][debug][gc,phases      ] GC(77)     Total                          Min: 1536, Avg: 1955.2, Max: 2368, Diff: 832, Sum: 7821, Workers: 4
[29.717s][debug][gc,phases      ] GC(77)   JNI Weak                       Min:  0.0, Avg:  0.0, Max:  0.0, Diff:  0.0, Sum:  0.0, Workers: 4
[29.717s][debug][gc,phases      ] GC(77)     Dead                           Min: 0, Avg:  0.0, Max: 0, Diff: 0, Sum: 0, Workers: 4
[29.717s][debug][gc,phases      ] GC(77)     Total                          Min: 0, Avg:  0.0, Max: 0, Diff: 0, Sum: 0, Workers: 4
[29.717s][debug][gc,phases      ] GC(77)   StringDedup Table Weak         Min:  0.0, Avg:  0.0, Max:  0.0, Diff:  0.0, Sum:  0.0, Workers: 4
[29.717s][debug][gc,phases      ] GC(77)     Dead                           Min: 0, Avg:  0.0, Max: 0, Diff: 0, Sum: 0, Workers: 4
[29.717s][debug][gc,phases      ] GC(77)     Total                          Min: 0, Avg:  0.0, Max: 0, Diff: 0, Sum: 0, Workers: 4
[29.717s][debug][gc,phases      ] GC(77)   StringDedup Requests0 Weak     Min:  0.0, Avg:  0.0, Max:  0.0, Diff:  0.0, Sum:  0.0, Workers: 4
[29.717s][debug][gc,phases      ] GC(77)     Dead                           Min: 0, Avg:  0.0, Max: 0, Diff: 0, Sum: 0, Workers: 4
[29.717s][debug][gc,phases      ] GC(77)     Total                          Min: 0, Avg:  0.0, Max: 0, Diff: 0, Sum: 0, Workers: 4
[29.717s][debug][gc,phases      ] GC(77)   StringDedup Requests1 Weak     Min:  0.0, Avg:  0.0, Max:  0.0, Diff:  0.0, Sum:  0.0, Workers: 4
[29.717s][debug][gc,phases      ] GC(77)     Dead                           Min: 0, Avg:  0.0, Max: 0, Diff: 0, Sum: 0, Workers: 4
[29.717s][debug][gc,phases      ] GC(77)     Total                          Min: 0, Avg:  0.0, Max: 0, Diff: 0, Sum: 0, Workers: 4
[29.717s][debug][gc,phases      ] GC(77)   Weak JFR Old Object Samples    Min:  0.0, Avg:  0.0, Max:  0.0, Diff:  0.0, Sum:  0.0, Workers: 4
[29.717s][debug][gc,phases      ] GC(77)     Dead                           Min: 0, Avg:  0.0, Max: 0, Diff: 0, Sum: 0, Workers: 4
[29.717s][debug][gc,phases      ] GC(77)     Total                          Min: 0, Avg:  0.0, Max: 0, Diff: 0, Sum: 0, Workers: 4
[29.717s][debug][gc,phases      ] GC(77) Weak Processing 0.260ms
[29.717s][debug][gc,age         ] GC(77) Desired survivor size 77070336 bytes, new threshold 15 (max threshold 15)
[29.717s][info ][gc,heap        ] GC(77) PSYoungGen: 1955968K(2019328K)->16704K(2015744K) Eden: 1937920K(1937920K)->0K(1937920K) From: 18048K(81408K)->16704K(77824K)
[29.717s][info ][gc,heap        ] GC(77) ParOldGen: 381773K(422912K)->383461K(422912K)
[29.717s][info ][gc,metaspace   ] GC(77) Metaspace: 77767K(78592K)->77767K(78592K) NonClass: 66573K(67008K)->66573K(67008K) Class: 11193K(11584K)->11193K(11584K)
[29.717s][info ][gc             ] GC(77) Pause Young (Allocation Failure) 2282M->390M(2381M) 11.306ms
[29.717s][info ][gc,cpu         ] GC(77) User=0.02s Sys=0.02s Real=0.01s
[29.718s][info ][safepoint      ] Safepoint "ParallelGCFailedAllocation", Time since last: 378506913 ns, Reaching safepoint: 226102 ns, At safepoint: 11396887 ns, Total: 11622989 ns
[30.032s][info ][gc,start       ] GC(78) Pause Young (Allocation Failure)
[30.041s][debug][gc,phases      ] GC(78) Scavenge 8.888ms
[30.041s][debug][gc,ref         ] GC(78) Skipped phase 1 of Reference Processing: no references
[30.041s][debug][gc,ref         ] GC(78) Skipped phase 2 of Reference Processing: no references
[30.041s][debug][gc,ref         ] GC(78) Skipped phase 3 of Reference Processing: no references
[30.041s][debug][gc,ref         ] GC(78) ReferenceProcessor::execute queues: 1, RefProcThreadModel::Single, marks_oops_alive: false
[30.041s][debug][gc,phases      ] GC(78) Reference Processing 0.077ms
[30.041s][debug][gc,phases      ] GC(78)   VM Weak                        Min:  0.0, Avg:  0.0, Max:  0.0, Diff:  0.0, Sum:  0.0, Workers: 4
[30.041s][debug][gc,phases      ] GC(78)     Dead                           Min: 0, Avg:  0.0, Max: 0, Diff: 0, Sum: 0, Workers: 4
[30.041s][debug][gc,phases      ] GC(78)     Total                          Min: 0, Avg: 157.8, Max: 631, Diff: 631, Sum: 631, Workers: 4
[30.041s][debug][gc,phases      ] GC(78)   ObjectSynchronizer Weak        Min:  0.0, Avg:  0.0, Max:  0.0, Diff:  0.0, Sum:  0.0, Workers: 4
[30.041s][debug][gc,phases      ] GC(78)     Dead                           Min: 0, Avg:  0.0, Max: 0, Diff: 0, Sum: 0, Workers: 4
[30.041s][debug][gc,phases      ] GC(78)     Total                          Min: 0, Avg: 85.0, Max: 276, Diff: 276, Sum: 340, Workers: 4
[30.041s][debug][gc,phases      ] GC(78)   JVMTI Tag Weak OopStorage      Min:  0.0, Avg:  0.0, Max:  0.0, Diff:  0.0, Sum:  0.0, Workers: 4
[30.041s][debug][gc,phases      ] GC(78)     Dead                           Min: 0, Avg:  0.0, Max: 0, Diff: 0, Sum: 0, Workers: 4
[30.041s][debug][gc,phases      ] GC(78)     Total                          Min: 0, Avg:  0.0, Max: 0, Diff: 0, Sum: 0, Workers: 4
[30.041s][debug][gc,phases      ] GC(78)   StringTable Weak               Min:  0.1, Avg:  0.1, Max:  0.1, Diff:  0.0, Sum:  0.3, Workers: 4
[30.041s][debug][gc,phases      ] GC(78)     Dead                           Min: 0, Avg:  0.0, Max: 0, Diff: 0, Sum: 0, Workers: 4
[30.041s][debug][gc,phases      ] GC(78)     Total                          Min: 8384, Avg: 11579.5, Max: 15168, Diff: 6784, Sum: 46318, Workers: 4
[30.041s][debug][gc,phases      ] GC(78)   ResolvedMethodTable Weak       Min:  0.0, Avg:  0.0, Max:  0.0, Diff:  0.0, Sum:  0.1, Workers: 4
[30.041s][debug][gc,phases      ] GC(78)     Dead                           Min: 0, Avg:  0.0, Max: 0, Diff: 0, Sum: 0, Workers: 4
[30.041s][debug][gc,phases      ] GC(78)     Total                          Min: 1472, Avg: 1955.5, Max: 2432, Diff: 960, Sum: 7822, Workers: 4
[30.041s][debug][gc,phases      ] GC(78)   JNI Weak                       Min:  0.0, Avg:  0.0, Max:  0.0, Diff:  0.0, Sum:  0.0, Workers: 4
[30.041s][debug][gc,phases      ] GC(78)     Dead                           Min: 0, Avg:  0.0, Max: 0, Diff: 0, Sum: 0, Workers: 4
[30.041s][debug][gc,phases      ] GC(78)     Total                          Min: 0, Avg:  0.0, Max: 0, Diff: 0, Sum: 0, Workers: 4
[30.041s][debug][gc,phases      ] GC(78)   StringDedup Table Weak         Min:  0.0, Avg:  0.0, Max:  0.0, Diff:  0.0, Sum:  0.0, Workers: 4
[30.041s][debug][gc,phases      ] GC(78)     Dead                           Min: 0, Avg:  0.0, Max: 0, Diff: 0, Sum: 0, Workers: 4
[30.041s][debug][gc,phases      ] GC(78)     Total                          Min: 0, Avg:  0.0, Max: 0, Diff: 0, Sum: 0, Workers: 4
[30.041s][debug][gc,phases      ] GC(78)   StringDedup Requests0 Weak     Min:  0.0, Avg:  0.0, Max:  0.0, Diff:  0.0, Sum:  0.0, Workers: 4
[30.041s][debug][gc,phases      ] GC(78)     Dead                           Min: 0, Avg:  0.0, Max: 0, Diff: 0, Sum: 0, Workers: 4
[30.041s][debug][gc,phases      ] GC(78)     Total                          Min: 0, Avg:  0.0, Max: 0, Diff: 0, Sum: 0, Workers: 4
[30.041s][debug][gc,phases      ] GC(78)   StringDedup Requests1 Weak     Min:  0.0, Avg:  0.0, Max:  0.0, Diff:  0.0, Sum:  0.0, Workers: 4
[30.041s][debug][gc,phases      ] GC(78)     Dead                           Min: 0, Avg:  0.0, Max: 0, Diff: 0, Sum: 0, Workers: 4
[30.041s][debug][gc,phases      ] GC(78)     Total                          Min: 0, Avg:  0.0, Max: 0, Diff: 0, Sum: 0, Workers: 4
[30.041s][debug][gc,phases      ] GC(78)   Weak JFR Old Object Samples    Min:  0.0, Avg:  0.0, Max:  0.0, Diff:  0.0, Sum:  0.0, Workers: 4
[30.041s][debug][gc,phases      ] GC(78)     Dead                           Min: 0, Avg:  0.0, Max: 0, Diff: 0, Sum: 0, Workers: 4
[30.041s][debug][gc,phases      ] GC(78)     Total                          Min: 0, Avg:  0.0, Max: 0, Diff: 0, Sum: 0, Workers: 4
[30.041s][debug][gc,phases      ] GC(78) Weak Processing 0.251ms
[30.041s][debug][gc,age         ] GC(78) Desired survivor size 73924608 bytes, new threshold 15 (max threshold 15)
[30.041s][info ][gc,heap        ] GC(78) PSYoungGen: 1954624K(2015744K)->16736K(2024960K) Eden: 1937920K(1937920K)->0K(1949696K) From: 16704K(77824K)->16736K(75264K)
[30.041s][info ][gc,heap        ] GC(78) ParOldGen: 383461K(422912K)->383661K(422912K)
[30.041s][info ][gc,metaspace   ] GC(78) Metaspace: 77775K(78592K)->77775K(78592K) NonClass: 66581K(67008K)->66581K(67008K) Class: 11194K(11584K)->11194K(11584K)
[30.041s][info ][gc             ] GC(78) Pause Young (Allocation Failure) 2283M->391M(2390M) 9.310ms
[30.041s][info ][gc,cpu         ] GC(78) User=0.04s Sys=0.00s Real=0.00s
[30.041s][info ][safepoint      ] Safepoint "ParallelGCFailedAllocation", Time since last: 312158703 ns, Reaching safepoint: 2201817 ns, At safepoint: 9398872 ns, Total: 11600689 ns
[30.402s][info ][gc,start       ] GC(79) Pause Young (Allocation Failure)
[30.411s][debug][gc,phases      ] GC(79) Scavenge 8.476ms
[30.411s][debug][gc,ref         ] GC(79) Skipped phase 1 of Reference Processing: no references
[30.411s][debug][gc,ref         ] GC(79) Skipped phase 2 of Reference Processing: no references
[30.411s][debug][gc,ref         ] GC(79) Skipped phase 3 of Reference Processing: no references
[30.411s][debug][gc,ref         ] GC(79) Skipped phase 4 of Reference Processing: no references
[30.411s][debug][gc,phases      ] GC(79) Reference Processing 0.020ms
[30.411s][debug][gc,phases      ] GC(79)   VM Weak                        Min:  0.0, Avg:  0.0, Max:  0.0, Diff:  0.0, Sum:  0.0, Workers: 4
[30.411s][debug][gc,phases      ] GC(79)     Dead                           Min: 0, Avg:  0.0, Max: 0, Diff: 0, Sum: 0, Workers: 4
[30.411s][debug][gc,phases      ] GC(79)     Total                          Min: 0, Avg: 157.8, Max: 567, Diff: 567, Sum: 631, Workers: 4
[30.411s][debug][gc,phases      ] GC(79)   ObjectSynchronizer Weak        Min:  0.0, Avg:  0.0, Max:  0.0, Diff:  0.0, Sum:  0.0, Workers: 4
[30.411s][debug][gc,phases      ] GC(79)     Dead                           Min: 0, Avg:  0.0, Max: 0, Diff: 0, Sum: 0, Workers: 4
[30.411s][debug][gc,phases      ] GC(79)     Total                          Min: 0, Avg: 85.0, Max: 192, Diff: 192, Sum: 340, Workers: 4
[30.411s][debug][gc,phases      ] GC(79)   JVMTI Tag Weak OopStorage      Min:  0.0, Avg:  0.0, Max:  0.0, Diff:  0.0, Sum:  0.0, Workers: 4
[30.411s][debug][gc,phases      ] GC(79)     Dead                           Min: 0, Avg:  0.0, Max: 0, Diff: 0, Sum: 0, Workers: 4
[30.411s][debug][gc,phases      ] GC(79)     Total                          Min: 0, Avg:  0.0, Max: 0, Diff: 0, Sum: 0, Workers: 4
[30.411s][debug][gc,phases      ] GC(79)   StringTable Weak               Min:  0.1, Avg:  0.1, Max:  0.1, Diff:  0.0, Sum:  0.3, Workers: 4
[30.411s][debug][gc,phases      ] GC(79)     Dead                           Min: 0, Avg:  0.0, Max: 0, Diff: 0, Sum: 0, Workers: 4
[30.411s][debug][gc,phases      ] GC(79)     Total                          Min: 9280, Avg: 11579.8, Max: 13871, Diff: 4591, Sum: 46319, Workers: 4
[30.411s][debug][gc,phases      ] GC(79)   ResolvedMethodTable Weak       Min:  0.0, Avg:  0.0, Max:  0.0, Diff:  0.0, Sum:  0.1, Workers: 4
[30.411s][debug][gc,phases      ] GC(79)     Dead                           Min: 0, Avg:  0.0, Max: 0, Diff: 0, Sum: 0, Workers: 4
[30.411s][debug][gc,phases      ] GC(79)     Total                          Min: 1600, Avg: 1955.5, Max: 2318, Diff: 718, Sum: 7822, Workers: 4
[30.411s][debug][gc,phases      ] GC(79)   JNI Weak                       Min:  0.0, Avg:  0.0, Max:  0.0, Diff:  0.0, Sum:  0.0, Workers: 4
[30.411s][debug][gc,phases      ] GC(79)     Dead                           Min: 0, Avg:  0.0, Max: 0, Diff: 0, Sum: 0, Workers: 4
[30.411s][debug][gc,phases      ] GC(79)     Total                          Min: 0, Avg:  0.0, Max: 0, Diff: 0, Sum: 0, Workers: 4
[30.411s][debug][gc,phases      ] GC(79)   StringDedup Table Weak         Min:  0.0, Avg:  0.0, Max:  0.0, Diff:  0.0, Sum:  0.0, Workers: 4
[30.411s][debug][gc,phases      ] GC(79)     Dead                           Min: 0, Avg:  0.0, Max: 0, Diff: 0, Sum: 0, Workers: 4
[30.411s][debug][gc,phases      ] GC(79)     Total                          Min: 0, Avg:  0.0, Max: 0, Diff: 0, Sum: 0, Workers: 4
[30.411s][debug][gc,phases      ] GC(79)   StringDedup Requests0 Weak     Min:  0.0, Avg:  0.0, Max:  0.0, Diff:  0.0, Sum:  0.0, Workers: 4
[30.411s][debug][gc,phases      ] GC(79)     Dead                           Min: 0, Avg:  0.0, Max: 0, Diff: 0, Sum: 0, Workers: 4
[30.411s][debug][gc,phases      ] GC(79)     Total                          Min: 0, Avg:  0.0, Max: 0, Diff: 0, Sum: 0, Workers: 4
[30.411s][debug][gc,phases      ] GC(79)   StringDedup Requests1 Weak     Min:  0.0, Avg:  0.0, Max:  0.0, Diff:  0.0, Sum:  0.0, Workers: 4
[30.411s][debug][gc,phases      ] GC(79)     Dead                           Min: 0, Avg:  0.0, Max: 0, Diff: 0, Sum: 0, Workers: 4
[30.411s][debug][gc,phases      ] GC(79)     Total                          Min: 0, Avg:  0.0, Max: 0, Diff: 0, Sum: 0, Workers: 4
[30.411s][debug][gc,phases      ] GC(79)   Weak JFR Old Object Samples    Min:  0.0, Avg:  0.0, Max:  0.0, Diff:  0.0, Sum:  0.0, Workers: 4
[30.411s][debug][gc,phases      ] GC(79)     Dead                           Min: 0, Avg:  0.0, Max: 0, Diff: 0, Sum: 0, Workers: 4
[30.411s][debug][gc,phases      ] GC(79)     Total                          Min: 0, Avg:  0.0, Max: 0, Diff: 0, Sum: 0, Workers: 4
[30.411s][debug][gc,phases      ] GC(79) Weak Processing 0.251ms
[30.411s][debug][gc,age         ] GC(79) Desired survivor size 70778880 bytes, new threshold 15 (max threshold 15)
[30.411s][info ][gc,heap        ] GC(79) PSYoungGen: 1966432K(2024960K)->16736K(2021888K) Eden: 1949696K(1949696K)->0K(1949696K) From: 16736K(75264K)->16736K(72192K)
[30.411s][info ][gc,heap        ] GC(79) ParOldGen: 383661K(422912K)->383869K(422912K)
[30.411s][info ][gc,metaspace   ] GC(79) Metaspace: 77778K(78592K)->77778K(78592K) NonClass: 66583K(67008K)->66583K(67008K) Class: 11194K(11584K)->11194K(11584K)
[30.411s][info ][gc             ] GC(79) Pause Young (Allocation Failure) 2295M->391M(2387M) 8.848ms
[30.411s][info ][gc,cpu         ] GC(79) User=0.03s Sys=0.00s Real=0.01s
[30.411s][info ][safepoint      ] Safepoint "ParallelGCFailedAllocation", Time since last: 360640275 ns, Reaching safepoint: 125701 ns, At safepoint: 8931868 ns, Total: 9057569 ns
[30.745s][info ][gc,start       ] GC(80) Pause Young (Allocation Failure)
[30.754s][debug][gc,phases      ] GC(80) Scavenge 8.695ms
[30.754s][debug][gc,ref         ] GC(80) Skipped phase 1 of Reference Processing: no references
[30.754s][debug][gc,ref         ] GC(80) Skipped phase 2 of Reference Processing: no references
[30.754s][debug][gc,ref         ] GC(80) Skipped phase 3 of Reference Processing: no references
[30.754s][debug][gc,ref         ] GC(80) Skipped phase 4 of Reference Processing: no references
[30.754s][debug][gc,phases      ] GC(80) Reference Processing 0.020ms
[30.754s][debug][gc,phases      ] GC(80)   VM Weak                        Min:  0.0, Avg:  0.0, Max:  0.0, Diff:  0.0, Sum:  0.0, Workers: 4
[30.754s][debug][gc,phases      ] GC(80)     Dead                           Min: 0, Avg:  0.0, Max: 0, Diff: 0, Sum: 0, Workers: 4
[30.754s][debug][gc,phases      ] GC(80)     Total                          Min: 0, Avg: 157.8, Max: 384, Diff: 384, Sum: 631, Workers: 4
[30.754s][debug][gc,phases      ] GC(80)   ObjectSynchronizer Weak        Min:  0.0, Avg:  0.0, Max:  0.0, Diff:  0.0, Sum:  0.0, Workers: 4
[30.754s][debug][gc,phases      ] GC(80)     Dead                           Min: 0, Avg:  0.0, Max: 0, Diff: 0, Sum: 0, Workers: 4
[30.754s][debug][gc,phases      ] GC(80)     Total                          Min: 0, Avg: 85.0, Max: 212, Diff: 212, Sum: 340, Workers: 4
[30.754s][debug][gc,phases      ] GC(80)   JVMTI Tag Weak OopStorage      Min:  0.0, Avg:  0.0, Max:  0.0, Diff:  0.0, Sum:  0.0, Workers: 4
[30.754s][debug][gc,phases      ] GC(80)     Dead                           Min: 0, Avg:  0.0, Max: 0, Diff: 0, Sum: 0, Workers: 4
[30.754s][debug][gc,phases      ] GC(80)     Total                          Min: 0, Avg:  0.0, Max: 0, Diff: 0, Sum: 0, Workers: 4
[30.754s][debug][gc,phases      ] GC(80)   StringTable Weak               Min:  0.1, Avg:  0.1, Max:  0.1, Diff:  0.0, Sum:  0.3, Workers: 4
[30.754s][debug][gc,phases      ] GC(80)     Dead                           Min: 0, Avg:  0.0, Max: 0, Diff: 0, Sum: 0, Workers: 4
[30.754s][debug][gc,phases      ] GC(80)     Total                          Min: 9088, Avg: 11580.0, Max: 14272, Diff: 5184, Sum: 46320, Workers: 4
[30.754s][debug][gc,phases      ] GC(80)   ResolvedMethodTable Weak       Min:  0.0, Avg:  0.0, Max:  0.0, Diff:  0.0, Sum:  0.1, Workers: 4
[30.754s][debug][gc,phases      ] GC(80)     Dead                           Min: 0, Avg:  0.0, Max: 0, Diff: 0, Sum: 0, Workers: 4
[30.754s][debug][gc,phases      ] GC(80)     Total                          Min: 1600, Avg: 1955.5, Max: 2304, Diff: 704, Sum: 7822, Workers: 4
[30.754s][debug][gc,phases      ] GC(80)   JNI Weak                       Min:  0.0, Avg:  0.0, Max:  0.0, Diff:  0.0, Sum:  0.0, Workers: 4
[30.754s][debug][gc,phases      ] GC(80)     Dead                           Min: 0, Avg:  0.0, Max: 0, Diff: 0, Sum: 0, Workers: 4
[30.754s][debug][gc,phases      ] GC(80)     Total                          Min: 0, Avg:  0.0, Max: 0, Diff: 0, Sum: 0, Workers: 4
[30.754s][debug][gc,phases      ] GC(80)   StringDedup Table Weak         Min:  0.0, Avg:  0.0, Max:  0.0, Diff:  0.0, Sum:  0.0, Workers: 4
[30.754s][debug][gc,phases      ] GC(80)     Dead                           Min: 0, Avg:  0.0, Max: 0, Diff: 0, Sum: 0, Workers: 4
[30.754s][debug][gc,phases      ] GC(80)     Total                          Min: 0, Avg:  0.0, Max: 0, Diff: 0, Sum: 0, Workers: 4
[30.754s][debug][gc,phases      ] GC(80)   StringDedup Requests0 Weak     Min:  0.0, Avg:  0.0, Max:  0.0, Diff:  0.0, Sum:  0.0, Workers: 4
[30.754s][debug][gc,phases      ] GC(80)     Dead                           Min: 0, Avg:  0.0, Max: 0, Diff: 0, Sum: 0, Workers: 4
[30.754s][debug][gc,phases      ] GC(80)     Total                          Min: 0, Avg:  0.0, Max: 0, Diff: 0, Sum: 0, Workers: 4
[30.754s][debug][gc,phases      ] GC(80)   StringDedup Requests1 Weak     Min:  0.0, Avg:  0.0, Max:  0.0, Diff:  0.0, Sum:  0.0, Workers: 4
[30.754s][debug][gc,phases      ] GC(80)     Dead                           Min: 0, Avg:  0.0, Max: 0, Diff: 0, Sum: 0, Workers: 4
[30.754s][debug][gc,phases      ] GC(80)     Total                          Min: 0, Avg:  0.0, Max: 0, Diff: 0, Sum: 0, Workers: 4
[30.754s][debug][gc,phases      ] GC(80)   Weak JFR Old Object Samples    Min:  0.0, Avg:  0.0, Max:  0.0, Diff:  0.0, Sum:  0.0, Workers: 4
[30.754s][debug][gc,phases      ] GC(80)     Dead                           Min: 0, Avg:  0.0, Max: 0, Diff: 0, Sum: 0, Workers: 4
[30.754s][debug][gc,phases      ] GC(80)     Total                          Min: 0, Avg:  0.0, Max: 0, Diff: 0, Sum: 0, Workers: 4
[30.754s][debug][gc,phases      ] GC(80) Weak Processing 0.245ms
[30.754s][debug][gc,age         ] GC(80) Desired survivor size 67633152 bytes, new threshold 15 (max threshold 15)
[30.754s][info ][gc,heap        ] GC(80) PSYoungGen: 1966432K(2021888K)->16832K(2031104K) Eden: 1949696K(1949696K)->0K(1961984K) From: 16736K(72192K)->16832K(69120K)
[30.754s][info ][gc,heap        ] GC(80) ParOldGen: 383869K(422912K)->384053K(422912K)
[30.754s][info ][gc,metaspace   ] GC(80) Metaspace: 77810K(78656K)->77810K(78656K) NonClass: 66616K(67072K)->66616K(67072K) Class: 11194K(11584K)->11194K(11584K)
[30.754s][info ][gc             ] GC(80) Pause Young (Allocation Failure) 2295M->391M(2396M) 9.062ms
[30.754s][info ][gc,cpu         ] GC(80) User=0.03s Sys=0.00s Real=0.01s
[30.754s][info ][safepoint      ] Safepoint "ParallelGCFailedAllocation", Time since last: 334001570 ns, Reaching safepoint: 98001 ns, At safepoint: 9149170 ns, Total: 9247171 ns
[31.130s][info ][gc,start       ] GC(81) Pause Young (Allocation Failure)
[31.140s][debug][gc,phases      ] GC(81) Scavenge 9.464ms
[31.140s][debug][gc,ref         ] GC(81) Skipped phase 1 of Reference Processing: no references
[31.140s][debug][gc,ref         ] GC(81) ReferenceProcessor::execute queues: 1, RefProcThreadModel::Single, marks_oops_alive: false
[31.140s][debug][gc,ref         ] GC(81) Skipped phase 3 of Reference Processing: no references
[31.140s][debug][gc,ref         ] GC(81) Skipped phase 4 of Reference Processing: no references
[31.140s][debug][gc,phases      ] GC(81) Reference Processing 0.090ms
[31.140s][debug][gc,phases      ] GC(81)   VM Weak                        Min:  0.0, Avg:  0.0, Max:  0.0, Diff:  0.0, Sum:  0.0, Workers: 4
[31.140s][debug][gc,phases      ] GC(81)     Dead                           Min: 0, Avg:  0.0, Max: 0, Diff: 0, Sum: 0, Workers: 4
[31.140s][debug][gc,phases      ] GC(81)     Total                          Min: 0, Avg: 157.8, Max: 375, Diff: 375, Sum: 631, Workers: 4
[31.140s][debug][gc,phases      ] GC(81)   ObjectSynchronizer Weak        Min:  0.0, Avg:  0.0, Max:  0.0, Diff:  0.0, Sum:  0.0, Workers: 4
[31.140s][debug][gc,phases      ] GC(81)     Dead                           Min: 0, Avg:  0.0, Max: 0, Diff: 0, Sum: 0, Workers: 4
[31.140s][debug][gc,phases      ] GC(81)     Total                          Min: 0, Avg: 85.0, Max: 212, Diff: 212, Sum: 340, Workers: 4
[31.140s][debug][gc,phases      ] GC(81)   JVMTI Tag Weak OopStorage      Min:  0.0, Avg:  0.0, Max:  0.0, Diff:  0.0, Sum:  0.0, Workers: 4
[31.140s][debug][gc,phases      ] GC(81)     Dead                           Min: 0, Avg:  0.0, Max: 0, Diff: 0, Sum: 0, Workers: 4
[31.140s][debug][gc,phases      ] GC(81)     Total                          Min: 0, Avg:  0.0, Max: 0, Diff: 0, Sum: 0, Workers: 4
[31.140s][debug][gc,phases      ] GC(81)   StringTable Weak               Min:  0.1, Avg:  0.1, Max:  0.1, Diff:  0.0, Sum:  0.4, Workers: 4
[31.140s][debug][gc,phases      ] GC(81)     Dead                           Min: 0, Avg:  0.0, Max: 0, Diff: 0, Sum: 0, Workers: 4
[31.140s][debug][gc,phases      ] GC(81)     Total                          Min: 10099, Avg: 11580.8, Max: 15488, Diff: 5389, Sum: 46323, Workers: 4
[31.140s][debug][gc,phases      ] GC(81)   ResolvedMethodTable Weak       Min:  0.0, Avg:  0.0, Max:  0.0, Diff:  0.0, Sum:  0.1, Workers: 4
[31.140s][debug][gc,phases      ] GC(81)     Dead                           Min: 0, Avg:  0.0, Max: 0, Diff: 0, Sum: 0, Workers: 4
[31.140s][debug][gc,phases      ] GC(81)     Total                          Min: 1664, Avg: 1955.5, Max: 2510, Diff: 846, Sum: 7822, Workers: 4
[31.140s][debug][gc,phases      ] GC(81)   JNI Weak                       Min:  0.0, Avg:  0.0, Max:  0.0, Diff:  0.0, Sum:  0.0, Workers: 4
[31.140s][debug][gc,phases      ] GC(81)     Dead                           Min: 0, Avg:  0.0, Max: 0, Diff: 0, Sum: 0, Workers: 4
[31.140s][debug][gc,phases      ] GC(81)     Total                          Min: 0, Avg:  0.2, Max: 1, Diff: 1, Sum: 1, Workers: 4
[31.140s][debug][gc,phases      ] GC(81)   StringDedup Table Weak         Min:  0.0, Avg:  0.0, Max:  0.0, Diff:  0.0, Sum:  0.0, Workers: 4
[31.140s][debug][gc,phases      ] GC(81)     Dead                           Min: 0, Avg:  0.0, Max: 0, Diff: 0, Sum: 0, Workers: 4
[31.140s][debug][gc,phases      ] GC(81)     Total                          Min: 0, Avg:  0.0, Max: 0, Diff: 0, Sum: 0, Workers: 4
[31.140s][debug][gc,phases      ] GC(81)   StringDedup Requests0 Weak     Min:  0.0, Avg:  0.0, Max:  0.0, Diff:  0.0, Sum:  0.0, Workers: 4
[31.140s][debug][gc,phases      ] GC(81)     Dead                           Min: 0, Avg:  0.0, Max: 0, Diff: 0, Sum: 0, Workers: 4
[31.140s][debug][gc,phases      ] GC(81)     Total                          Min: 0, Avg:  0.0, Max: 0, Diff: 0, Sum: 0, Workers: 4
[31.140s][debug][gc,phases      ] GC(81)   StringDedup Requests1 Weak     Min:  0.0, Avg:  0.0, Max:  0.0, Diff:  0.0, Sum:  0.0, Workers: 4
[31.140s][debug][gc,phases      ] GC(81)     Dead                           Min: 0, Avg:  0.0, Max: 0, Diff: 0, Sum: 0, Workers: 4
[31.140s][debug][gc,phases      ] GC(81)     Total                          Min: 0, Avg:  0.0, Max: 0, Diff: 0, Sum: 0, Workers: 4
[31.140s][debug][gc,phases      ] GC(81)   Weak JFR Old Object Samples    Min:  0.0, Avg:  0.0, Max:  0.0, Diff:  0.0, Sum:  0.0, Workers: 4
[31.140s][debug][gc,phases      ] GC(81)     Dead                           Min: 0, Avg:  0.0, Max: 0, Diff: 0, Sum: 0, Workers: 4
[31.140s][debug][gc,phases      ] GC(81)     Total                          Min: 0, Avg:  0.0, Max: 0, Diff: 0, Sum: 0, Workers: 4
[31.140s][debug][gc,phases      ] GC(81) Weak Processing 0.284ms
[31.140s][debug][gc,age         ] GC(81) Desired survivor size 65011712 bytes, new threshold 15 (max threshold 15)
[31.140s][info ][gc,heap        ] GC(81) PSYoungGen: 1978816K(2031104K)->16896K(2028032K) Eden: 1961984K(1961984K)->0K(1961984K) From: 16832K(69120K)->16896K(66048K)
[31.140s][info ][gc,heap        ] GC(81) ParOldGen: 384053K(422912K)->384221K(422912K)
[31.140s][info ][gc,metaspace   ] GC(81) Metaspace: 77817K(78656K)->77817K(78656K) NonClass: 66623K(67072K)->66623K(67072K) Class: 11194K(11584K)->11194K(11584K)
[31.140s][info ][gc             ] GC(81) Pause Young (Allocation Failure) 2307M->391M(2393M) 9.951ms
[31.140s][info ][gc,cpu         ] GC(81) User=0.04s Sys=0.00s Real=0.00s
[31.140s][info ][safepoint      ] Safepoint "ParallelGCFailedAllocation", Time since last: 375769091 ns, Reaching safepoint: 202002 ns, At safepoint: 10047877 ns, Total: 10249879 ns
[31.494s][info ][gc,start       ] GC(82) Pause Young (Allocation Failure)
[31.503s][debug][gc,phases      ] GC(82) Scavenge 8.774ms
[31.503s][debug][gc,ref         ] GC(82) Skipped phase 1 of Reference Processing: no references
[31.503s][debug][gc,ref         ] GC(82) Skipped phase 2 of Reference Processing: no references
[31.503s][debug][gc,ref         ] GC(82) Skipped phase 3 of Reference Processing: no references
[31.503s][debug][gc,ref         ] GC(82) Skipped phase 4 of Reference Processing: no references
[31.503s][debug][gc,phases      ] GC(82) Reference Processing 0.019ms
[31.503s][debug][gc,phases      ] GC(82)   VM Weak                        Min:  0.0, Avg:  0.0, Max:  0.0, Diff:  0.0, Sum:  0.0, Workers: 4
[31.503s][debug][gc,phases      ] GC(82)     Dead                           Min: 0, Avg:  0.0, Max: 0, Diff: 0, Sum: 0, Workers: 4
[31.503s][debug][gc,phases      ] GC(82)     Total                          Min: 0, Avg: 157.8, Max: 576, Diff: 576, Sum: 631, Workers: 4
[31.503s][debug][gc,phases      ] GC(82)   ObjectSynchronizer Weak        Min:  0.0, Avg:  0.0, Max:  0.0, Diff:  0.0, Sum:  0.0, Workers: 4
[31.503s][debug][gc,phases      ] GC(82)     Dead                           Min: 0, Avg:  0.0, Max: 0, Diff: 0, Sum: 0, Workers: 4
[31.503s][debug][gc,phases      ] GC(82)     Total                          Min: 0, Avg: 85.0, Max: 212, Diff: 212, Sum: 340, Workers: 4
[31.503s][debug][gc,phases      ] GC(82)   JVMTI Tag Weak OopStorage      Min:  0.0, Avg:  0.0, Max:  0.0, Diff:  0.0, Sum:  0.0, Workers: 4
[31.503s][debug][gc,phases      ] GC(82)     Dead                           Min: 0, Avg:  0.0, Max: 0, Diff: 0, Sum: 0, Workers: 4
[31.503s][debug][gc,phases      ] GC(82)     Total                          Min: 0, Avg:  0.0, Max: 0, Diff: 0, Sum: 0, Workers: 4
[31.503s][debug][gc,phases      ] GC(82)   StringTable Weak               Min:  0.1, Avg:  0.1, Max:  0.1, Diff:  0.0, Sum:  0.3, Workers: 4
[31.503s][debug][gc,phases      ] GC(82)     Dead                           Min: 0, Avg:  0.0, Max: 0, Diff: 0, Sum: 0, Workers: 4
[31.503s][debug][gc,phases      ] GC(82)     Total                          Min: 8704, Avg: 11588.2, Max: 14417, Diff: 5713, Sum: 46353, Workers: 4
[31.503s][debug][gc,phases      ] GC(82)   ResolvedMethodTable Weak       Min:  0.0, Avg:  0.0, Max:  0.0, Diff:  0.0, Sum:  0.1, Workers: 4
[31.503s][debug][gc,phases      ] GC(82)     Dead                           Min: 0, Avg:  0.0, Max: 0, Diff: 0, Sum: 0, Workers: 4
[31.503s][debug][gc,phases      ] GC(82)     Total                          Min: 1550, Avg: 1955.5, Max: 2368, Diff: 818, Sum: 7822, Workers: 4
[31.503s][debug][gc,phases      ] GC(82)   JNI Weak                       Min:  0.0, Avg:  0.0, Max:  0.0, Diff:  0.0, Sum:  0.0, Workers: 4
[31.503s][debug][gc,phases      ] GC(82)     Dead                           Min: 0, Avg:  0.0, Max: 0, Diff: 0, Sum: 0, Workers: 4
[31.503s][debug][gc,phases      ] GC(82)     Total                          Min: 0, Avg:  0.0, Max: 0, Diff: 0, Sum: 0, Workers: 4
[31.503s][debug][gc,phases      ] GC(82)   StringDedup Table Weak         Min:  0.0, Avg:  0.0, Max:  0.0, Diff:  0.0, Sum:  0.0, Workers: 4
[31.503s][debug][gc,phases      ] GC(82)     Dead                           Min: 0, Avg:  0.0, Max: 0, Diff: 0, Sum: 0, Workers: 4
[31.503s][debug][gc,phases      ] GC(82)     Total                          Min: 0, Avg:  0.0, Max: 0, Diff: 0, Sum: 0, Workers: 4
[31.503s][debug][gc,phases      ] GC(82)   StringDedup Requests0 Weak     Min:  0.0, Avg:  0.0, Max:  0.0, Diff:  0.0, Sum:  0.0, Workers: 4
[31.503s][debug][gc,phases      ] GC(82)     Dead                           Min: 0, Avg:  0.0, Max: 0, Diff: 0, Sum: 0, Workers: 4
[31.503s][debug][gc,phases      ] GC(82)     Total                          Min: 0, Avg:  0.0, Max: 0, Diff: 0, Sum: 0, Workers: 4
[31.503s][debug][gc,phases      ] GC(82)   StringDedup Requests1 Weak     Min:  0.0, Avg:  0.0, Max:  0.0, Diff:  0.0, Sum:  0.0, Workers: 4
[31.503s][debug][gc,phases      ] GC(82)     Dead                           Min: 0, Avg:  0.0, Max: 0, Diff: 0, Sum: 0, Workers: 4
[31.503s][debug][gc,phases      ] GC(82)     Total                          Min: 0, Avg:  0.0, Max: 0, Diff: 0, Sum: 0, Workers: 4
[31.503s][debug][gc,phases      ] GC(82)   Weak JFR Old Object Samples    Min:  0.0, Avg:  0.0, Max:  0.0, Diff:  0.0, Sum:  0.0, Workers: 4
[31.503s][debug][gc,phases      ] GC(82)     Dead                           Min: 0, Avg:  0.0, Max: 0, Diff: 0, Sum: 0, Workers: 4
[31.503s][debug][gc,phases      ] GC(82)     Total                          Min: 0, Avg:  0.0, Max: 0, Diff: 0, Sum: 0, Workers: 4
[31.503s][debug][gc,phases      ] GC(82) Weak Processing 0.255ms
[31.503s][debug][gc,age         ] GC(82) Desired survivor size 61865984 bytes, new threshold 15 (max threshold 15)
[31.503s][info ][gc,heap        ] GC(82) PSYoungGen: 1978880K(2028032K)->17024K(2036736K) Eden: 1961984K(1961984K)->0K(1973248K) From: 16896K(66048K)->17024K(63488K)
[31.503s][info ][gc,heap        ] GC(82) ParOldGen: 384221K(422912K)->384437K(422912K)
[31.503s][info ][gc,metaspace   ] GC(82) Metaspace: 77823K(78656K)->77823K(78656K) NonClass: 66629K(67072K)->66629K(67072K) Class: 11194K(11584K)->11194K(11584K)
[31.503s][info ][gc             ] GC(82) Pause Young (Allocation Failure) 2307M->392M(2402M) 9.143ms
[31.503s][info ][gc,cpu         ] GC(82) User=0.04s Sys=0.00s Real=0.01s
[31.503s][info ][safepoint      ] Safepoint "ParallelGCFailedAllocation", Time since last: 353318218 ns, Reaching safepoint: 131301 ns, At safepoint: 9234871 ns, Total: 9366172 ns
[31.900s][info ][gc,start       ] GC(83) Pause Young (Allocation Failure)
[31.910s][debug][gc,phases      ] GC(83) Scavenge 9.456ms
[31.910s][debug][gc,ref         ] GC(83) Skipped phase 1 of Reference Processing: no references
[31.910s][debug][gc,ref         ] GC(83) Skipped phase 2 of Reference Processing: no references
[31.910s][debug][gc,ref         ] GC(83) Skipped phase 3 of Reference Processing: no references
[31.910s][debug][gc,ref         ] GC(83) Skipped phase 4 of Reference Processing: no references
[31.910s][debug][gc,phases      ] GC(83) Reference Processing 0.020ms
[31.910s][debug][gc,phases      ] GC(83)   VM Weak                        Min:  0.0, Avg:  0.0, Max:  0.0, Diff:  0.0, Sum:  0.0, Workers: 4
[31.910s][debug][gc,phases      ] GC(83)     Dead                           Min: 0, Avg:  0.0, Max: 0, Diff: 0, Sum: 0, Workers: 4
[31.910s][debug][gc,phases      ] GC(83)     Total                          Min: 0, Avg: 157.8, Max: 439, Diff: 439, Sum: 631, Workers: 4
[31.910s][debug][gc,phases      ] GC(83)   ObjectSynchronizer Weak        Min:  0.0, Avg:  0.0, Max:  0.0, Diff:  0.0, Sum:  0.0, Workers: 4
[31.910s][debug][gc,phases      ] GC(83)     Dead                           Min: 0, Avg:  0.0, Max: 0, Diff: 0, Sum: 0, Workers: 4
[31.910s][debug][gc,phases      ] GC(83)     Total                          Min: 0, Avg: 85.0, Max: 192, Diff: 192, Sum: 340, Workers: 4
[31.910s][debug][gc,phases      ] GC(83)   JVMTI Tag Weak OopStorage      Min:  0.0, Avg:  0.0, Max:  0.0, Diff:  0.0, Sum:  0.0, Workers: 4
[31.910s][debug][gc,phases      ] GC(83)     Dead                           Min: 0, Avg:  0.0, Max: 0, Diff: 0, Sum: 0, Workers: 4
[31.910s][debug][gc,phases      ] GC(83)     Total                          Min: 0, Avg:  0.0, Max: 0, Diff: 0, Sum: 0, Workers: 4
[31.910s][debug][gc,phases      ] GC(83)   StringTable Weak               Min:  0.1, Avg:  0.1, Max:  0.1, Diff:  0.0, Sum:  0.3, Workers: 4
[31.910s][debug][gc,phases      ] GC(83)     Dead                           Min: 0, Avg:  0.0, Max: 0, Diff: 0, Sum: 0, Workers: 4
[31.910s][debug][gc,phases      ] GC(83)     Total                          Min: 9216, Avg: 11588.5, Max: 13778, Diff: 4562, Sum: 46354, Workers: 4
[31.910s][debug][gc,phases      ] GC(83)   ResolvedMethodTable Weak       Min:  0.0, Avg:  0.0, Max:  0.0, Diff:  0.0, Sum:  0.1, Workers: 4
[31.910s][debug][gc,phases      ] GC(83)     Dead                           Min: 0, Avg:  0.0, Max: 0, Diff: 0, Sum: 0, Workers: 4
[31.910s][debug][gc,phases      ] GC(83)     Total                          Min: 1408, Avg: 1955.5, Max: 2432, Diff: 1024, Sum: 7822, Workers: 4
[31.910s][debug][gc,phases      ] GC(83)   JNI Weak                       Min:  0.0, Avg:  0.0, Max:  0.0, Diff:  0.0, Sum:  0.0, Workers: 4
[31.910s][debug][gc,phases      ] GC(83)     Dead                           Min: 0, Avg:  0.0, Max: 0, Diff: 0, Sum: 0, Workers: 4
[31.910s][debug][gc,phases      ] GC(83)     Total                          Min: 0, Avg:  0.0, Max: 0, Diff: 0, Sum: 0, Workers: 4
[31.910s][debug][gc,phases      ] GC(83)   StringDedup Table Weak         Min:  0.0, Avg:  0.0, Max:  0.0, Diff:  0.0, Sum:  0.0, Workers: 4
[31.910s][debug][gc,phases      ] GC(83)     Dead                           Min: 0, Avg:  0.0, Max: 0, Diff: 0, Sum: 0, Workers: 4
[31.910s][debug][gc,phases      ] GC(83)     Total                          Min: 0, Avg:  0.0, Max: 0, Diff: 0, Sum: 0, Workers: 4
[31.910s][debug][gc,phases      ] GC(83)   StringDedup Requests0 Weak     Min:  0.0, Avg:  0.0, Max:  0.0, Diff:  0.0, Sum:  0.0, Workers: 4
[31.910s][debug][gc,phases      ] GC(83)     Dead                           Min: 0, Avg:  0.0, Max: 0, Diff: 0, Sum: 0, Workers: 4
[31.910s][debug][gc,phases      ] GC(83)     Total                          Min: 0, Avg:  0.0, Max: 0, Diff: 0, Sum: 0, Workers: 4
[31.910s][debug][gc,phases      ] GC(83)   StringDedup Requests1 Weak     Min:  0.0, Avg:  0.0, Max:  0.0, Diff:  0.0, Sum:  0.0, Workers: 4
[31.910s][debug][gc,phases      ] GC(83)     Dead                           Min: 0, Avg:  0.0, Max: 0, Diff: 0, Sum: 0, Workers: 4
[31.910s][debug][gc,phases      ] GC(83)     Total                          Min: 0, Avg:  0.0, Max: 0, Diff: 0, Sum: 0, Workers: 4
[31.910s][debug][gc,phases      ] GC(83)   Weak JFR Old Object Samples    Min:  0.0, Avg:  0.0, Max:  0.0, Diff:  0.0, Sum:  0.0, Workers: 4
[31.910s][debug][gc,phases      ] GC(83)     Dead                           Min: 0, Avg:  0.0, Max: 0, Diff: 0, Sum: 0, Workers: 4
[31.910s][debug][gc,phases      ] GC(83)     Total                          Min: 0, Avg:  0.0, Max: 0, Diff: 0, Sum: 0, Workers: 4
[31.910s][debug][gc,phases      ] GC(83) Weak Processing 0.263ms
[31.910s][debug][gc,age         ] GC(83) Desired survivor size 59244544 bytes, new threshold 15 (max threshold 15)
[31.910s][info ][gc,heap        ] GC(83) PSYoungGen: 1990272K(2036736K)->16960K(2033664K) Eden: 1973248K(1973248K)->0K(1973248K) From: 17024K(63488K)->16960K(60416K)
[31.910s][info ][gc,heap        ] GC(83) ParOldGen: 384437K(422912K)->384789K(422912K)
[31.910s][info ][gc,metaspace   ] GC(83) Metaspace: 77828K(78656K)->77828K(78656K) NonClass: 66634K(67072K)->66634K(67072K) Class: 11194K(11584K)->11194K(11584K)
[31.910s][info ][gc             ] GC(83) Pause Young (Allocation Failure) 2319M->392M(2399M) 9.839ms
[31.910s][info ][gc,cpu         ] GC(83) User=0.04s Sys=0.00s Real=0.02s
[31.910s][info ][safepoint      ] Safepoint "ParallelGCFailedAllocation", Time since last: 397390657 ns, Reaching safepoint: 126001 ns, At safepoint: 9933177 ns, Total: 10059178 ns
[32.278s][info ][gc,start       ] GC(84) Pause Young (Allocation Failure)
[32.287s][debug][gc,phases      ] GC(84) Scavenge 8.789ms
[32.287s][debug][gc,ref         ] GC(84) Skipped phase 1 of Reference Processing: no references
[32.287s][debug][gc,ref         ] GC(84) Skipped phase 2 of Reference Processing: no references
[32.287s][debug][gc,ref         ] GC(84) Skipped phase 3 of Reference Processing: no references
[32.287s][debug][gc,ref         ] GC(84) Skipped phase 4 of Reference Processing: no references
[32.287s][debug][gc,phases      ] GC(84) Reference Processing 0.018ms
[32.287s][debug][gc,phases      ] GC(84)   VM Weak                        Min:  0.0, Avg:  0.0, Max:  0.0, Diff:  0.0, Sum:  0.0, Workers: 4
[32.287s][debug][gc,phases      ] GC(84)     Dead                           Min: 0, Avg:  0.0, Max: 0, Diff: 0, Sum: 0, Workers: 4
[32.287s][debug][gc,phases      ] GC(84)     Total                          Min: 0, Avg: 157.8, Max: 503, Diff: 503, Sum: 631, Workers: 4
[32.287s][debug][gc,phases      ] GC(84)   ObjectSynchronizer Weak        Min:  0.0, Avg:  0.0, Max:  0.0, Diff:  0.0, Sum:  0.0, Workers: 4
[32.287s][debug][gc,phases      ] GC(84)     Dead                           Min: 0, Avg:  0.0, Max: 0, Diff: 0, Sum: 0, Workers: 4
[32.287s][debug][gc,phases      ] GC(84)     Total                          Min: 0, Avg: 85.0, Max: 192, Diff: 192, Sum: 340, Workers: 4
[32.287s][debug][gc,phases      ] GC(84)   JVMTI Tag Weak OopStorage      Min:  0.0, Avg:  0.0, Max:  0.0, Diff:  0.0, Sum:  0.0, Workers: 4
[32.287s][debug][gc,phases      ] GC(84)     Dead                           Min: 0, Avg:  0.0, Max: 0, Diff: 0, Sum: 0, Workers: 4
[32.287s][debug][gc,phases      ] GC(84)     Total                          Min: 0, Avg:  0.0, Max: 0, Diff: 0, Sum: 0, Workers: 4
[32.287s][debug][gc,phases      ] GC(84)   StringTable Weak               Min:  0.1, Avg:  0.1, Max:  0.1, Diff:  0.0, Sum:  0.3, Workers: 4
[32.287s][debug][gc,phases      ] GC(84)     Dead                           Min: 0, Avg:  0.0, Max: 0, Diff: 0, Sum: 0, Workers: 4
[32.287s][debug][gc,phases      ] GC(84)     Total                          Min: 9235, Avg: 11588.8, Max: 14144, Diff: 4909, Sum: 46355, Workers: 4
[32.287s][debug][gc,phases      ] GC(84)   ResolvedMethodTable Weak       Min:  0.0, Avg:  0.0, Max:  0.0, Diff:  0.0, Sum:  0.1, Workers: 4
[32.287s][debug][gc,phases      ] GC(84)     Dead                           Min: 0, Avg:  0.0, Max: 0, Diff: 0, Sum: 0, Workers: 4
[32.287s][debug][gc,phases      ] GC(84)     Total                          Min: 1486, Avg: 1955.5, Max: 2304, Diff: 818, Sum: 7822, Workers: 4
[32.287s][debug][gc,phases      ] GC(84)   JNI Weak                       Min:  0.0, Avg:  0.0, Max:  0.0, Diff:  0.0, Sum:  0.0, Workers: 4
[32.287s][debug][gc,phases      ] GC(84)     Dead                           Min: 0, Avg:  0.0, Max: 0, Diff: 0, Sum: 0, Workers: 4
[32.287s][debug][gc,phases      ] GC(84)     Total                          Min: 0, Avg:  0.0, Max: 0, Diff: 0, Sum: 0, Workers: 4
[32.287s][debug][gc,phases      ] GC(84)   StringDedup Table Weak         Min:  0.0, Avg:  0.0, Max:  0.0, Diff:  0.0, Sum:  0.0, Workers: 4
[32.287s][debug][gc,phases      ] GC(84)     Dead                           Min: 0, Avg:  0.0, Max: 0, Diff: 0, Sum: 0, Workers: 4
[32.287s][debug][gc,phases      ] GC(84)     Total                          Min: 0, Avg:  0.0, Max: 0, Diff: 0, Sum: 0, Workers: 4
[32.287s][debug][gc,phases      ] GC(84)   StringDedup Requests0 Weak     Min:  0.0, Avg:  0.0, Max:  0.0, Diff:  0.0, Sum:  0.0, Workers: 4
[32.287s][debug][gc,phases      ] GC(84)     Dead                           Min: 0, Avg:  0.0, Max: 0, Diff: 0, Sum: 0, Workers: 4
[32.287s][debug][gc,phases      ] GC(84)     Total                          Min: 0, Avg:  0.0, Max: 0, Diff: 0, Sum: 0, Workers: 4
[32.287s][debug][gc,phases      ] GC(84)   StringDedup Requests1 Weak     Min:  0.0, Avg:  0.0, Max:  0.0, Diff:  0.0, Sum:  0.0, Workers: 4
[32.287s][debug][gc,phases      ] GC(84)     Dead                           Min: 0, Avg:  0.0, Max: 0, Diff: 0, Sum: 0, Workers: 4
[32.287s][debug][gc,phases      ] GC(84)     Total                          Min: 0, Avg:  0.0, Max: 0, Diff: 0, Sum: 0, Workers: 4
[32.287s][debug][gc,phases      ] GC(84)   Weak JFR Old Object Samples    Min:  0.0, Avg:  0.0, Max:  0.0, Diff:  0.0, Sum:  0.0, Workers: 4
[32.287s][debug][gc,phases      ] GC(84)     Dead                           Min: 0, Avg:  0.0, Max: 0, Diff: 0, Sum: 0, Workers: 4
[32.287s][debug][gc,phases      ] GC(84)     Total                          Min: 0, Avg:  0.0, Max: 0, Diff: 0, Sum: 0, Workers: 4
[32.287s][debug][gc,phases      ] GC(84) Weak Processing 0.255ms
[32.287s][debug][gc,age         ] GC(84) Desired survivor size 56623104 bytes, new threshold 15 (max threshold 15)
[32.287s][info ][gc,heap        ] GC(84) PSYoungGen: 1990208K(2033664K)->16832K(2041856K) Eden: 1973248K(1973248K)->0K(1984000K) From: 16960K(60416K)->16832K(57856K)
[32.287s][info ][gc,heap        ] GC(84) ParOldGen: 384789K(422912K)->385277K(422912K)
[32.287s][info ][gc,metaspace   ] GC(84) Metaspace: 77838K(78656K)->77838K(78656K) NonClass: 66644K(67072K)->66644K(67072K) Class: 11194K(11584K)->11194K(11584K)
[32.287s][info ][gc             ] GC(84) Pause Young (Allocation Failure) 2319M->392M(2407M) 9.152ms
[32.287s][info ][gc,cpu         ] GC(84) User=0.04s Sys=0.00s Real=0.01s
[32.287s][info ][safepoint      ] Safepoint "ParallelGCFailedAllocation", Time since last: 367480126 ns, Reaching safepoint: 124901 ns, At safepoint: 9241171 ns, Total: 9366072 ns
[32.647s][info ][gc,start       ] GC(85) Pause Young (Allocation Failure)
[32.656s][debug][gc,phases      ] GC(85) Scavenge 9.116ms
[32.656s][debug][gc,ref         ] GC(85) Skipped phase 1 of Reference Processing: no references
[32.656s][debug][gc,ref         ] GC(85) ReferenceProcessor::execute queues: 1, RefProcThreadModel::Single, marks_oops_alive: false
[32.656s][debug][gc,ref         ] GC(85) Skipped phase 3 of Reference Processing: no references
[32.656s][debug][gc,ref         ] GC(85) Skipped phase 4 of Reference Processing: no references
[32.656s][debug][gc,phases      ] GC(85) Reference Processing 0.106ms
[32.656s][debug][gc,phases      ] GC(85)   VM Weak                        Min:  0.0, Avg:  0.0, Max:  0.0, Diff:  0.0, Sum:  0.0, Workers: 4
[32.656s][debug][gc,phases      ] GC(85)     Dead                           Min: 0, Avg:  0.0, Max: 0, Diff: 0, Sum: 0, Workers: 4
[32.656s][debug][gc,phases      ] GC(85)     Total                          Min: 0, Avg: 157.8, Max: 631, Diff: 631, Sum: 631, Workers: 4
[32.656s][debug][gc,phases      ] GC(85)   ObjectSynchronizer Weak        Min:  0.0, Avg:  0.0, Max:  0.0, Diff:  0.0, Sum:  0.0, Workers: 4
[32.656s][debug][gc,phases      ] GC(85)     Dead                           Min: 0, Avg:  0.0, Max: 0, Diff: 0, Sum: 0, Workers: 4
[32.656s][debug][gc,phases      ] GC(85)     Total                          Min: 0, Avg: 85.0, Max: 276, Diff: 276, Sum: 340, Workers: 4
[32.656s][debug][gc,phases      ] GC(85)   JVMTI Tag Weak OopStorage      Min:  0.0, Avg:  0.0, Max:  0.0, Diff:  0.0, Sum:  0.0, Workers: 4
[32.656s][debug][gc,phases      ] GC(85)     Dead                           Min: 0, Avg:  0.0, Max: 0, Diff: 0, Sum: 0, Workers: 4
[32.656s][debug][gc,phases      ] GC(85)     Total                          Min: 0, Avg:  0.0, Max: 0, Diff: 0, Sum: 0, Workers: 4
[32.656s][debug][gc,phases      ] GC(85)   StringTable Weak               Min:  0.1, Avg:  0.1, Max:  0.1, Diff:  0.0, Sum:  0.3, Workers: 4
[32.656s][debug][gc,phases      ] GC(85)     Dead                           Min: 0, Avg:  0.0, Max: 0, Diff: 0, Sum: 0, Workers: 4
[32.656s][debug][gc,phases      ] GC(85)     Total                          Min: 8832, Avg: 11589.0, Max: 14592, Diff: 5760, Sum: 46356, Workers: 4
[32.656s][debug][gc,phases      ] GC(85)   ResolvedMethodTable Weak       Min:  0.0, Avg:  0.0, Max:  0.0, Diff:  0.0, Sum:  0.1, Workers: 4
[32.656s][debug][gc,phases      ] GC(85)     Dead                           Min: 0, Avg:  0.0, Max: 0, Diff: 0, Sum: 0, Workers: 4
[32.656s][debug][gc,phases      ] GC(85)     Total                          Min: 1486, Avg: 1955.5, Max: 2432, Diff: 946, Sum: 7822, Workers: 4
[32.656s][debug][gc,phases      ] GC(85)   JNI Weak                       Min:  0.0, Avg:  0.0, Max:  0.0, Diff:  0.0, Sum:  0.0, Workers: 4
[32.656s][debug][gc,phases      ] GC(85)     Dead                           Min: 0, Avg:  0.0, Max: 0, Diff: 0, Sum: 0, Workers: 4
[32.656s][debug][gc,phases      ] GC(85)     Total                          Min: 0, Avg:  0.0, Max: 0, Diff: 0, Sum: 0, Workers: 4
[32.656s][debug][gc,phases      ] GC(85)   StringDedup Table Weak         Min:  0.0, Avg:  0.0, Max:  0.0, Diff:  0.0, Sum:  0.0, Workers: 4
[32.656s][debug][gc,phases      ] GC(85)     Dead                           Min: 0, Avg:  0.0, Max: 0, Diff: 0, Sum: 0, Workers: 4
[32.656s][debug][gc,phases      ] GC(85)     Total                          Min: 0, Avg:  0.0, Max: 0, Diff: 0, Sum: 0, Workers: 4
[32.656s][debug][gc,phases      ] GC(85)   StringDedup Requests0 Weak     Min:  0.0, Avg:  0.0, Max:  0.0, Diff:  0.0, Sum:  0.0, Workers: 4
[32.656s][debug][gc,phases      ] GC(85)     Dead                           Min: 0, Avg:  0.0, Max: 0, Diff: 0, Sum: 0, Workers: 4
[32.656s][debug][gc,phases      ] GC(85)     Total                          Min: 0, Avg:  0.0, Max: 0, Diff: 0, Sum: 0, Workers: 4
[32.656s][debug][gc,phases      ] GC(85)   StringDedup Requests1 Weak     Min:  0.0, Avg:  0.0, Max:  0.0, Diff:  0.0, Sum:  0.0, Workers: 4
[32.656s][debug][gc,phases      ] GC(85)     Dead                           Min: 0, Avg:  0.0, Max: 0, Diff: 0, Sum: 0, Workers: 4
[32.656s][debug][gc,phases      ] GC(85)     Total                          Min: 0, Avg:  0.0, Max: 0, Diff: 0, Sum: 0, Workers: 4
[32.656s][debug][gc,phases      ] GC(85)   Weak JFR Old Object Samples    Min:  0.0, Avg:  0.0, Max:  0.0, Diff:  0.0, Sum:  0.0, Workers: 4
[32.656s][debug][gc,phases      ] GC(85)     Dead                           Min: 0, Avg:  0.0, Max: 0, Diff: 0, Sum: 0, Workers: 4
[32.656s][debug][gc,phases      ] GC(85)     Total                          Min: 0, Avg:  0.0, Max: 0, Diff: 0, Sum: 0, Workers: 4
[32.656s][debug][gc,phases      ] GC(85) Weak Processing 0.261ms
[32.656s][debug][gc,age         ] GC(85) Desired survivor size 54001664 bytes, new threshold 15 (max threshold 15)
[32.656s][info ][gc,heap        ] GC(85) PSYoungGen: 2000832K(2041856K)->16352K(2039296K) Eden: 1984000K(1984000K)->0K(1984000K) From: 16832K(57856K)->16352K(55296K)
[32.656s][info ][gc,heap        ] GC(85) ParOldGen: 385277K(422912K)->386061K(422912K)
[32.656s][info ][gc,metaspace   ] GC(85) Metaspace: 77859K(78656K)->77859K(78656K) NonClass: 66664K(67072K)->66664K(67072K) Class: 11194K(11584K)->11194K(11584K)
[32.656s][info ][gc             ] GC(85) Pause Young (Allocation Failure) 2330M->392M(2404M) 9.585ms
[32.656s][info ][gc,cpu         ] GC(85) User=0.03s Sys=0.00s Real=0.01s
[32.656s][info ][safepoint      ] Safepoint "ParallelGCFailedAllocation", Time since last: 359368464 ns, Reaching safepoint: 132201 ns, At safepoint: 9667474 ns, Total: 9799675 ns
[33.021s][info ][gc,start       ] GC(86) Pause Young (Allocation Failure)
[33.030s][debug][gc,phases      ] GC(86) Scavenge 9.371ms
[33.030s][debug][gc,ref         ] GC(86) Skipped phase 1 of Reference Processing: no references
[33.030s][debug][gc,ref         ] GC(86) Skipped phase 2 of Reference Processing: no references
[33.030s][debug][gc,ref         ] GC(86) Skipped phase 3 of Reference Processing: no references
[33.030s][debug][gc,ref         ] GC(86) Skipped phase 4 of Reference Processing: no references
[33.030s][debug][gc,phases      ] GC(86) Reference Processing 0.020ms
[33.031s][debug][gc,phases      ] GC(86)   VM Weak                        Min:  0.0, Avg:  0.0, Max:  0.0, Diff:  0.0, Sum:  0.0, Workers: 4
[33.031s][debug][gc,phases      ] GC(86)     Dead                           Min: 0, Avg:  0.0, Max: 0, Diff: 0, Sum: 0, Workers: 4
[33.031s][debug][gc,phases      ] GC(86)     Total                          Min: 0, Avg: 157.8, Max: 631, Diff: 631, Sum: 631, Workers: 4
[33.031s][debug][gc,phases      ] GC(86)   ObjectSynchronizer Weak        Min:  0.0, Avg:  0.0, Max:  0.0, Diff:  0.0, Sum:  0.0, Workers: 4
[33.031s][debug][gc,phases      ] GC(86)     Dead                           Min: 0, Avg:  0.0, Max: 0, Diff: 0, Sum: 0, Workers: 4
[33.031s][debug][gc,phases      ] GC(86)     Total                          Min: 0, Avg: 85.0, Max: 320, Diff: 320, Sum: 340, Workers: 4
[33.031s][debug][gc,phases      ] GC(86)   JVMTI Tag Weak OopStorage      Min:  0.0, Avg:  0.0, Max:  0.0, Diff:  0.0, Sum:  0.0, Workers: 4
[33.031s][debug][gc,phases      ] GC(86)     Dead                           Min: 0, Avg:  0.0, Max: 0, Diff: 0, Sum: 0, Workers: 4
[33.031s][debug][gc,phases      ] GC(86)     Total                          Min: 0, Avg:  0.0, Max: 0, Diff: 0, Sum: 0, Workers: 4
[33.031s][debug][gc,phases      ] GC(86)   StringTable Weak               Min:  0.1, Avg:  0.1, Max:  0.1, Diff:  0.0, Sum:  0.3, Workers: 4
[33.031s][debug][gc,phases      ] GC(86)     Dead                           Min: 0, Avg:  0.0, Max: 0, Diff: 0, Sum: 0, Workers: 4
[33.031s][debug][gc,phases      ] GC(86)     Total                          Min: 9024, Avg: 11608.5, Max: 14656, Diff: 5632, Sum: 46434, Workers: 4
[33.031s][debug][gc,phases      ] GC(86)   ResolvedMethodTable Weak       Min:  0.0, Avg:  0.0, Max:  0.0, Diff:  0.0, Sum:  0.1, Workers: 4
[33.031s][debug][gc,phases      ] GC(86)     Dead                           Min: 0, Avg:  0.0, Max: 0, Diff: 0, Sum: 0, Workers: 4
[33.031s][debug][gc,phases      ] GC(86)     Total                          Min: 1536, Avg: 1955.5, Max: 2432, Diff: 896, Sum: 7822, Workers: 4
[33.031s][debug][gc,phases      ] GC(86)   JNI Weak                       Min:  0.0, Avg:  0.0, Max:  0.0, Diff:  0.0, Sum:  0.0, Workers: 4
[33.031s][debug][gc,phases      ] GC(86)     Dead                           Min: 0, Avg:  0.0, Max: 0, Diff: 0, Sum: 0, Workers: 4
[33.031s][debug][gc,phases      ] GC(86)     Total                          Min: 0, Avg:  0.0, Max: 0, Diff: 0, Sum: 0, Workers: 4
[33.031s][debug][gc,phases      ] GC(86)   StringDedup Table Weak         Min:  0.0, Avg:  0.0, Max:  0.0, Diff:  0.0, Sum:  0.0, Workers: 4
[33.031s][debug][gc,phases      ] GC(86)     Dead                           Min: 0, Avg:  0.0, Max: 0, Diff: 0, Sum: 0, Workers: 4
[33.031s][debug][gc,phases      ] GC(86)     Total                          Min: 0, Avg:  0.0, Max: 0, Diff: 0, Sum: 0, Workers: 4
[33.031s][debug][gc,phases      ] GC(86)   StringDedup Requests0 Weak     Min:  0.0, Avg:  0.0, Max:  0.0, Diff:  0.0, Sum:  0.0, Workers: 4
[33.031s][debug][gc,phases      ] GC(86)     Dead                           Min: 0, Avg:  0.0, Max: 0, Diff: 0, Sum: 0, Workers: 4
[33.031s][debug][gc,phases      ] GC(86)     Total                          Min: 0, Avg:  0.0, Max: 0, Diff: 0, Sum: 0, Workers: 4
[33.031s][debug][gc,phases      ] GC(86)   StringDedup Requests1 Weak     Min:  0.0, Avg:  0.0, Max:  0.0, Diff:  0.0, Sum:  0.0, Workers: 4
[33.031s][debug][gc,phases      ] GC(86)     Dead                           Min: 0, Avg:  0.0, Max: 0, Diff: 0, Sum: 0, Workers: 4
[33.031s][debug][gc,phases      ] GC(86)     Total                          Min: 0, Avg:  0.0, Max: 0, Diff: 0, Sum: 0, Workers: 4
[33.031s][debug][gc,phases      ] GC(86)   Weak JFR Old Object Samples    Min:  0.0, Avg:  0.0, Max:  0.0, Diff:  0.0, Sum:  0.0, Workers: 4
[33.031s][debug][gc,phases      ] GC(86)     Dead                           Min: 0, Avg:  0.0, Max: 0, Diff: 0, Sum: 0, Workers: 4
[33.031s][debug][gc,phases      ] GC(86)     Total                          Min: 0, Avg:  0.0, Max: 0, Diff: 0, Sum: 0, Workers: 4
[33.031s][debug][gc,phases      ] GC(86) Weak Processing 0.263ms
[33.031s][debug][gc,age         ] GC(86) Desired survivor size 51904512 bytes, new threshold 15 (max threshold 15)
[33.031s][info ][gc,heap        ] GC(86) PSYoungGen: 2000352K(2039296K)->15712K(2046464K) Eden: 1984000K(1984000K)->0K(1993728K) From: 16352K(55296K)->15712K(52736K)
[33.031s][info ][gc,heap        ] GC(86) ParOldGen: 386061K(422912K)->387045K(422912K)
[33.031s][info ][gc,metaspace   ] GC(86) Metaspace: 77935K(78784K)->77935K(78784K) NonClass: 66738K(67200K)->66738K(67200K) Class: 11197K(11584K)->11197K(11584K)
[33.031s][info ][gc             ] GC(86) Pause Young (Allocation Failure) 2330M->393M(2411M) 9.759ms
[33.031s][info ][gc,cpu         ] GC(86) User=0.03s Sys=0.00s Real=0.02s
[33.031s][info ][safepoint      ] Safepoint "ParallelGCFailedAllocation", Time since last: 364413503 ns, Reaching safepoint: 136601 ns, At safepoint: 9850876 ns, Total: 9987477 ns
[33.385s][info ][gc,start       ] GC(87) Pause Young (Allocation Failure)
[33.394s][debug][gc,phases      ] GC(87) Scavenge 8.354ms
[33.394s][debug][gc,ref         ] GC(87) Skipped phase 1 of Reference Processing: no references
[33.394s][debug][gc,ref         ] GC(87) Skipped phase 2 of Reference Processing: no references
[33.394s][debug][gc,ref         ] GC(87) Skipped phase 3 of Reference Processing: no references
[33.394s][debug][gc,ref         ] GC(87) Skipped phase 4 of Reference Processing: no references
[33.394s][debug][gc,phases      ] GC(87) Reference Processing 0.019ms
[33.394s][debug][gc,phases      ] GC(87)   VM Weak                        Min:  0.0, Avg:  0.0, Max:  0.0, Diff:  0.0, Sum:  0.0, Workers: 4
[33.394s][debug][gc,phases      ] GC(87)     Dead                           Min: 0, Avg:  0.0, Max: 0, Diff: 0, Sum: 0, Workers: 4
[33.394s][debug][gc,phases      ] GC(87)     Total                          Min: 0, Avg: 157.8, Max: 567, Diff: 567, Sum: 631, Workers: 4
[33.394s][debug][gc,phases      ] GC(87)   ObjectSynchronizer Weak        Min:  0.0, Avg:  0.0, Max:  0.0, Diff:  0.0, Sum:  0.0, Workers: 4
[33.394s][debug][gc,phases      ] GC(87)     Dead                           Min: 0, Avg:  0.0, Max: 0, Diff: 0, Sum: 0, Workers: 4
[33.394s][debug][gc,phases      ] GC(87)     Total                          Min: 0, Avg: 85.0, Max: 192, Diff: 192, Sum: 340, Workers: 4
[33.394s][debug][gc,phases      ] GC(87)   JVMTI Tag Weak OopStorage      Min:  0.0, Avg:  0.0, Max:  0.0, Diff:  0.0, Sum:  0.0, Workers: 4
[33.394s][debug][gc,phases      ] GC(87)     Dead                           Min: 0, Avg:  0.0, Max: 0, Diff: 0, Sum: 0, Workers: 4
[33.394s][debug][gc,phases      ] GC(87)     Total                          Min: 0, Avg:  0.0, Max: 0, Diff: 0, Sum: 0, Workers: 4
[33.394s][debug][gc,phases      ] GC(87)   StringTable Weak               Min:  0.1, Avg:  0.1, Max:  0.1, Diff:  0.0, Sum:  0.3, Workers: 4
[33.394s][debug][gc,phases      ] GC(87)     Dead                           Min: 0, Avg:  0.0, Max: 0, Diff: 0, Sum: 0, Workers: 4
[33.394s][debug][gc,phases      ] GC(87)     Total                          Min: 9088, Avg: 11608.5, Max: 14208, Diff: 5120, Sum: 46434, Workers: 4
[33.394s][debug][gc,phases      ] GC(87)   ResolvedMethodTable Weak       Min:  0.0, Avg:  0.0, Max:  0.0, Diff:  0.0, Sum:  0.1, Workers: 4
[33.394s][debug][gc,phases      ] GC(87)     Dead                           Min: 0, Avg:  0.0, Max: 0, Diff: 0, Sum: 0, Workers: 4
[33.394s][debug][gc,phases      ] GC(87)     Total                          Min: 1600, Avg: 1955.5, Max: 2368, Diff: 768, Sum: 7822, Workers: 4
[33.394s][debug][gc,phases      ] GC(87)   JNI Weak                       Min:  0.0, Avg:  0.0, Max:  0.0, Diff:  0.0, Sum:  0.0, Workers: 4
[33.394s][debug][gc,phases      ] GC(87)     Dead                           Min: 0, Avg:  0.0, Max: 0, Diff: 0, Sum: 0, Workers: 4
[33.394s][debug][gc,phases      ] GC(87)     Total                          Min: 0, Avg:  0.0, Max: 0, Diff: 0, Sum: 0, Workers: 4
[33.394s][debug][gc,phases      ] GC(87)   StringDedup Table Weak         Min:  0.0, Avg:  0.0, Max:  0.0, Diff:  0.0, Sum:  0.0, Workers: 4
[33.394s][debug][gc,phases      ] GC(87)     Dead                           Min: 0, Avg:  0.0, Max: 0, Diff: 0, Sum: 0, Workers: 4
[33.394s][debug][gc,phases      ] GC(87)     Total                          Min: 0, Avg:  0.0, Max: 0, Diff: 0, Sum: 0, Workers: 4
[33.394s][debug][gc,phases      ] GC(87)   StringDedup Requests0 Weak     Min:  0.0, Avg:  0.0, Max:  0.0, Diff:  0.0, Sum:  0.0, Workers: 4
[33.394s][debug][gc,phases      ] GC(87)     Dead                           Min: 0, Avg:  0.0, Max: 0, Diff: 0, Sum: 0, Workers: 4
[33.394s][debug][gc,phases      ] GC(87)     Total                          Min: 0, Avg:  0.0, Max: 0, Diff: 0, Sum: 0, Workers: 4
[33.394s][debug][gc,phases      ] GC(87)   StringDedup Requests1 Weak     Min:  0.0, Avg:  0.0, Max:  0.0, Diff:  0.0, Sum:  0.0, Workers: 4
[33.394s][debug][gc,phases      ] GC(87)     Dead                           Min: 0, Avg:  0.0, Max: 0, Diff: 0, Sum: 0, Workers: 4
[33.394s][debug][gc,phases      ] GC(87)     Total                          Min: 0, Avg:  0.0, Max: 0, Diff: 0, Sum: 0, Workers: 4
[33.394s][debug][gc,phases      ] GC(87)   Weak JFR Old Object Samples    Min:  0.0, Avg:  0.0, Max:  0.0, Diff:  0.0, Sum:  0.0, Workers: 4
[33.394s][debug][gc,phases      ] GC(87)     Dead                           Min: 0, Avg:  0.0, Max: 0, Diff: 0, Sum: 0, Workers: 4
[33.394s][debug][gc,phases      ] GC(87)     Total                          Min: 0, Avg:  0.0, Max: 0, Diff: 0, Sum: 0, Workers: 4
[33.394s][debug][gc,phases      ] GC(87) Weak Processing 0.266ms
[33.394s][debug][gc,age         ] GC(87) Desired survivor size 49807360 bytes, new threshold 15 (max threshold 15)
[33.394s][info ][gc,heap        ] GC(87) PSYoungGen: 2009440K(2046464K)->14688K(2044416K) Eden: 1993728K(1993728K)->0K(1993728K) From: 15712K(52736K)->14688K(50688K)
[33.394s][info ][gc,heap        ] GC(87) ParOldGen: 387045K(422912K)->388421K(422912K)
[33.394s][info ][gc,metaspace   ] GC(87) Metaspace: 77937K(78784K)->77937K(78784K) NonClass: 66739K(67200K)->66739K(67200K) Class: 11197K(11584K)->11197K(11584K)
[33.394s][info ][gc             ] GC(87) Pause Young (Allocation Failure) 2340M->393M(2409M) 8.735ms
[33.394s][info ][gc,cpu         ] GC(87) User=0.03s Sys=0.00s Real=0.01s
[33.394s][info ][safepoint      ] Safepoint "ParallelGCFailedAllocation", Time since last: 354487826 ns, Reaching safepoint: 121201 ns, At safepoint: 8831868 ns, Total: 8953069 ns
[33.753s][info ][gc,start       ] GC(88) Pause Young (Allocation Failure)
[33.762s][debug][gc,phases      ] GC(88) Scavenge 9.201ms
[33.762s][debug][gc,ref         ] GC(88) Skipped phase 1 of Reference Processing: no references
[33.762s][debug][gc,ref         ] GC(88) Skipped phase 2 of Reference Processing: no references
[33.762s][debug][gc,ref         ] GC(88) Skipped phase 3 of Reference Processing: no references
[33.762s][debug][gc,ref         ] GC(88) Skipped phase 4 of Reference Processing: no references
[33.762s][debug][gc,phases      ] GC(88) Reference Processing 0.021ms
[33.762s][debug][gc,phases      ] GC(88)   VM Weak                        Min:  0.0, Avg:  0.0, Max:  0.0, Diff:  0.0, Sum:  0.0, Workers: 4
[33.762s][debug][gc,phases      ] GC(88)     Dead                           Min: 0, Avg:  0.0, Max: 0, Diff: 0, Sum: 0, Workers: 4
[33.762s][debug][gc,phases      ] GC(88)     Total                          Min: 0, Avg: 157.8, Max: 320, Diff: 320, Sum: 631, Workers: 4
[33.762s][debug][gc,phases      ] GC(88)   ObjectSynchronizer Weak        Min:  0.0, Avg:  0.0, Max:  0.0, Diff:  0.0, Sum:  0.0, Workers: 4
[33.762s][debug][gc,phases      ] GC(88)     Dead                           Min: 0, Avg:  0.0, Max: 0, Diff: 0, Sum: 0, Workers: 4
[33.762s][debug][gc,phases      ] GC(88)     Total                          Min: 0, Avg: 85.0, Max: 192, Diff: 192, Sum: 340, Workers: 4
[33.762s][debug][gc,phases      ] GC(88)   JVMTI Tag Weak OopStorage      Min:  0.0, Avg:  0.0, Max:  0.0, Diff:  0.0, Sum:  0.0, Workers: 4
[33.762s][debug][gc,phases      ] GC(88)     Dead                           Min: 0, Avg:  0.0, Max: 0, Diff: 0, Sum: 0, Workers: 4
[33.762s][debug][gc,phases      ] GC(88)     Total                          Min: 0, Avg:  0.0, Max: 0, Diff: 0, Sum: 0, Workers: 4
[33.762s][debug][gc,phases      ] GC(88)   StringTable Weak               Min:  0.1, Avg:  0.1, Max:  0.1, Diff:  0.0, Sum:  0.4, Workers: 4
[33.762s][debug][gc,phases      ] GC(88)     Dead                           Min: 0, Avg:  0.0, Max: 0, Diff: 0, Sum: 0, Workers: 4
[33.762s][debug][gc,phases      ] GC(88)     Total                          Min: 11136, Avg: 11611.2, Max: 12461, Diff: 1325, Sum: 46445, Workers: 4
[33.762s][debug][gc,phases      ] GC(88)   ResolvedMethodTable Weak       Min:  0.0, Avg:  0.0, Max:  0.0, Diff:  0.0, Sum:  0.1, Workers: 4
[33.762s][debug][gc,phases      ] GC(88)     Dead                           Min: 0, Avg:  0.0, Max: 0, Diff: 0, Sum: 0, Workers: 4
[33.762s][debug][gc,phases      ] GC(88)     Total                          Min: 1856, Avg: 1955.5, Max: 1998, Diff: 142, Sum: 7822, Workers: 4
[33.762s][debug][gc,phases      ] GC(88)   JNI Weak                       Min:  0.0, Avg:  0.0, Max:  0.0, Diff:  0.0, Sum:  0.0, Workers: 4
[33.762s][debug][gc,phases      ] GC(88)     Dead                           Min: 0, Avg:  0.0, Max: 0, Diff: 0, Sum: 0, Workers: 4
[33.762s][debug][gc,phases      ] GC(88)     Total                          Min: 0, Avg:  0.0, Max: 0, Diff: 0, Sum: 0, Workers: 4
[33.762s][debug][gc,phases      ] GC(88)   StringDedup Table Weak         Min:  0.0, Avg:  0.0, Max:  0.0, Diff:  0.0, Sum:  0.0, Workers: 4
[33.762s][debug][gc,phases      ] GC(88)     Dead                           Min: 0, Avg:  0.0, Max: 0, Diff: 0, Sum: 0, Workers: 4
[33.762s][debug][gc,phases      ] GC(88)     Total                          Min: 0, Avg:  0.0, Max: 0, Diff: 0, Sum: 0, Workers: 4
[33.762s][debug][gc,phases      ] GC(88)   StringDedup Requests0 Weak     Min:  0.0, Avg:  0.0, Max:  0.0, Diff:  0.0, Sum:  0.0, Workers: 4
[33.762s][debug][gc,phases      ] GC(88)     Dead                           Min: 0, Avg:  0.0, Max: 0, Diff: 0, Sum: 0, Workers: 4
[33.762s][debug][gc,phases      ] GC(88)     Total                          Min: 0, Avg:  0.0, Max: 0, Diff: 0, Sum: 0, Workers: 4
[33.762s][debug][gc,phases      ] GC(88)   StringDedup Requests1 Weak     Min:  0.0, Avg:  0.0, Max:  0.0, Diff:  0.0, Sum:  0.0, Workers: 4
[33.762s][debug][gc,phases      ] GC(88)     Dead                           Min: 0, Avg:  0.0, Max: 0, Diff: 0, Sum: 0, Workers: 4
[33.762s][debug][gc,phases      ] GC(88)     Total                          Min: 0, Avg:  0.0, Max: 0, Diff: 0, Sum: 0, Workers: 4
[33.762s][debug][gc,phases      ] GC(88)   Weak JFR Old Object Samples    Min:  0.0, Avg:  0.0, Max:  0.0, Diff:  0.0, Sum:  0.0, Workers: 4
[33.762s][debug][gc,phases      ] GC(88)     Dead                           Min: 0, Avg:  0.0, Max: 0, Diff: 0, Sum: 0, Workers: 4
[33.762s][debug][gc,phases      ] GC(88)     Total                          Min: 0, Avg:  0.0, Max: 0, Diff: 0, Sum: 0, Workers: 4
[33.762s][debug][gc,phases      ] GC(88) Weak Processing 0.269ms
[33.762s][debug][gc,age         ] GC(88) Desired survivor size 47710208 bytes, new threshold 15 (max threshold 15)
[33.762s][info ][gc,heap        ] GC(88) PSYoungGen: 2008416K(2044416K)->14784K(2050560K) Eden: 1993728K(1993728K)->0K(2001920K) From: 14688K(50688K)->14784K(48640K)
[33.762s][info ][gc,heap        ] GC(88) ParOldGen: 388421K(422912K)->388661K(422912K)
[33.762s][info ][gc,metaspace   ] GC(88) Metaspace: 77946K(78784K)->77946K(78784K) NonClass: 66749K(67200K)->66749K(67200K) Class: 11197K(11584K)->11197K(11584K)
[33.762s][info ][gc             ] GC(88) Pause Young (Allocation Failure) 2340M->393M(2415M) 9.592ms
[33.763s][info ][gc,cpu         ] GC(88) User=0.04s Sys=0.00s Real=0.01s
[33.763s][info ][safepoint      ] Safepoint "ParallelGCFailedAllocation", Time since last: 358542457 ns, Reaching safepoint: 115501 ns, At safepoint: 9676274 ns, Total: 9791775 ns
[34.151s][info ][gc,start       ] GC(89) Pause Young (Allocation Failure)
[34.161s][debug][gc,phases      ] GC(89) Scavenge 9.562ms
[34.161s][debug][gc,ref         ] GC(89) Skipped phase 1 of Reference Processing: no references
[34.161s][debug][gc,ref         ] GC(89) ReferenceProcessor::execute queues: 1, RefProcThreadModel::Single, marks_oops_alive: false
[34.161s][debug][gc,ref         ] GC(89) Skipped phase 3 of Reference Processing: no references
[34.161s][debug][gc,ref         ] GC(89) Skipped phase 4 of Reference Processing: no references
[34.161s][debug][gc,phases      ] GC(89) Reference Processing 0.097ms
[34.161s][debug][gc,phases      ] GC(89)   VM Weak                        Min:  0.0, Avg:  0.0, Max:  0.0, Diff:  0.0, Sum:  0.0, Workers: 4
[34.161s][debug][gc,phases      ] GC(89)     Dead                           Min: 0, Avg:  0.0, Max: 0, Diff: 0, Sum: 0, Workers: 4
[34.161s][debug][gc,phases      ] GC(89)     Total                          Min: 0, Avg: 157.8, Max: 631, Diff: 631, Sum: 631, Workers: 4
[34.161s][debug][gc,phases      ] GC(89)   ObjectSynchronizer Weak        Min:  0.0, Avg:  0.0, Max:  0.0, Diff:  0.0, Sum:  0.0, Workers: 4
[34.161s][debug][gc,phases      ] GC(89)     Dead                           Min: 0, Avg:  0.0, Max: 0, Diff: 0, Sum: 0, Workers: 4
[34.161s][debug][gc,phases      ] GC(89)     Total                          Min: 0, Avg: 85.0, Max: 212, Diff: 212, Sum: 340, Workers: 4
[34.161s][debug][gc,phases      ] GC(89)   JVMTI Tag Weak OopStorage      Min:  0.0, Avg:  0.0, Max:  0.0, Diff:  0.0, Sum:  0.0, Workers: 4
[34.161s][debug][gc,phases      ] GC(89)     Dead                           Min: 0, Avg:  0.0, Max: 0, Diff: 0, Sum: 0, Workers: 4
[34.161s][debug][gc,phases      ] GC(89)     Total                          Min: 0, Avg:  0.0, Max: 0, Diff: 0, Sum: 0, Workers: 4
[34.161s][debug][gc,phases      ] GC(89)   StringTable Weak               Min:  0.1, Avg:  0.1, Max:  0.1, Diff:  0.0, Sum:  0.4, Workers: 4
[34.161s][debug][gc,phases      ] GC(89)     Dead                           Min: 0, Avg:  0.0, Max: 0, Diff: 0, Sum: 0, Workers: 4
[34.161s][debug][gc,phases      ] GC(89)     Total                          Min: 7680, Avg: 11614.2, Max: 15424, Diff: 7744, Sum: 46457, Workers: 4
[34.161s][debug][gc,phases      ] GC(89)   ResolvedMethodTable Weak       Min:  0.0, Avg:  0.0, Max:  0.0, Diff:  0.0, Sum:  0.1, Workers: 4
[34.161s][debug][gc,phases      ] GC(89)     Dead                           Min: 0, Avg:  0.0, Max: 0, Diff: 0, Sum: 0, Workers: 4
[34.161s][debug][gc,phases      ] GC(89)     Total                          Min: 1472, Avg: 1955.5, Max: 2368, Diff: 896, Sum: 7822, Workers: 4
[34.161s][debug][gc,phases      ] GC(89)   JNI Weak                       Min:  0.0, Avg:  0.0, Max:  0.0, Diff:  0.0, Sum:  0.0, Workers: 4
[34.161s][debug][gc,phases      ] GC(89)     Dead                           Min: 0, Avg:  0.0, Max: 0, Diff: 0, Sum: 0, Workers: 4
[34.161s][debug][gc,phases      ] GC(89)     Total                          Min: 0, Avg:  0.0, Max: 0, Diff: 0, Sum: 0, Workers: 4
[34.161s][debug][gc,phases      ] GC(89)   StringDedup Table Weak         Min:  0.0, Avg:  0.0, Max:  0.0, Diff:  0.0, Sum:  0.0, Workers: 4
[34.161s][debug][gc,phases      ] GC(89)     Dead                           Min: 0, Avg:  0.0, Max: 0, Diff: 0, Sum: 0, Workers: 4
[34.161s][debug][gc,phases      ] GC(89)     Total                          Min: 0, Avg:  0.0, Max: 0, Diff: 0, Sum: 0, Workers: 4
[34.161s][debug][gc,phases      ] GC(89)   StringDedup Requests0 Weak     Min:  0.0, Avg:  0.0, Max:  0.0, Diff:  0.0, Sum:  0.0, Workers: 4
[34.161s][debug][gc,phases      ] GC(89)     Dead                           Min: 0, Avg:  0.0, Max: 0, Diff: 0, Sum: 0, Workers: 4
[34.161s][debug][gc,phases      ] GC(89)     Total                          Min: 0, Avg:  0.0, Max: 0, Diff: 0, Sum: 0, Workers: 4
[34.161s][debug][gc,phases      ] GC(89)   StringDedup Requests1 Weak     Min:  0.0, Avg:  0.0, Max:  0.0, Diff:  0.0, Sum:  0.0, Workers: 4
[34.161s][debug][gc,phases      ] GC(89)     Dead                           Min: 0, Avg:  0.0, Max: 0, Diff: 0, Sum: 0, Workers: 4
[34.161s][debug][gc,phases      ] GC(89)     Total                          Min: 0, Avg:  0.0, Max: 0, Diff: 0, Sum: 0, Workers: 4
[34.161s][debug][gc,phases      ] GC(89)   Weak JFR Old Object Samples    Min:  0.0, Avg:  0.0, Max:  0.0, Diff:  0.0, Sum:  0.0, Workers: 4
[34.161s][debug][gc,phases      ] GC(89)     Dead                           Min: 0, Avg:  0.0, Max: 0, Diff: 0, Sum: 0, Workers: 4
[34.161s][debug][gc,phases      ] GC(89)     Total                          Min: 0, Avg:  0.0, Max: 0, Diff: 0, Sum: 0, Workers: 4
[34.161s][debug][gc,phases      ] GC(89) Weak Processing 0.249ms
[34.161s][debug][gc,age         ] GC(89) Desired survivor size 46661632 bytes, new threshold 15 (max threshold 15)
[34.161s][info ][gc,heap        ] GC(89) PSYoungGen: 2016704K(2050560K)->9664K(2048512K) Eden: 2001920K(2001920K)->0K(2001920K) From: 14784K(48640K)->9664K(46592K)
[34.161s][info ][gc,heap        ] GC(89) ParOldGen: 388661K(422912K)->394133K(422912K)
[34.161s][info ][gc,metaspace   ] GC(89) Metaspace: 77968K(78784K)->77968K(78784K) NonClass: 66770K(67200K)->66770K(67200K) Class: 11197K(11584K)->11197K(11584K)
[34.161s][info ][gc             ] GC(89) Pause Young (Allocation Failure) 2348M->394M(2413M) 10.024ms
[34.161s][info ][gc,cpu         ] GC(89) User=0.03s Sys=0.00s Real=0.00s
[34.161s][info ][safepoint      ] Safepoint "ParallelGCFailedAllocation", Time since last: 388228885 ns, Reaching safepoint: 119101 ns, At safepoint: 10120978 ns, Total: 10240079 ns
[34.558s][info ][gc,start       ] GC(90) Pause Young (Allocation Failure)
[34.566s][debug][gc,phases      ] GC(90) Scavenge 7.798ms
[34.566s][debug][gc,ref         ] GC(90) Skipped phase 1 of Reference Processing: no references
[34.566s][debug][gc,ref         ] GC(90) Skipped phase 2 of Reference Processing: no references
[34.566s][debug][gc,ref         ] GC(90) Skipped phase 3 of Reference Processing: no references
[34.566s][debug][gc,ref         ] GC(90) Skipped phase 4 of Reference Processing: no references
[34.566s][debug][gc,phases      ] GC(90) Reference Processing 0.021ms
[34.566s][debug][gc,phases      ] GC(90)   VM Weak                        Min:  0.0, Avg:  0.0, Max:  0.0, Diff:  0.0, Sum:  0.0, Workers: 4
[34.566s][debug][gc,phases      ] GC(90)     Dead                           Min: 0, Avg:  0.0, Max: 0, Diff: 0, Sum: 0, Workers: 4
[34.566s][debug][gc,phases      ] GC(90)     Total                          Min: 0, Avg: 157.8, Max: 631, Diff: 631, Sum: 631, Workers: 4
[34.566s][debug][gc,phases      ] GC(90)   ObjectSynchronizer Weak        Min:  0.0, Avg:  0.0, Max:  0.0, Diff:  0.0, Sum:  0.0, Workers: 4
[34.566s][debug][gc,phases      ] GC(90)     Dead                           Min: 0, Avg:  0.0, Max: 0, Diff: 0, Sum: 0, Workers: 4
[34.566s][debug][gc,phases      ] GC(90)     Total                          Min: 0, Avg: 85.0, Max: 212, Diff: 212, Sum: 340, Workers: 4
[34.566s][debug][gc,phases      ] GC(90)   JVMTI Tag Weak OopStorage      Min:  0.0, Avg:  0.0, Max:  0.0, Diff:  0.0, Sum:  0.0, Workers: 4
[34.566s][debug][gc,phases      ] GC(90)     Dead                           Min: 0, Avg:  0.0, Max: 0, Diff: 0, Sum: 0, Workers: 4
[34.566s][debug][gc,phases      ] GC(90)     Total                          Min: 0, Avg:  0.0, Max: 0, Diff: 0, Sum: 0, Workers: 4
[34.566s][debug][gc,phases      ] GC(90)   StringTable Weak               Min:  0.1, Avg:  0.1, Max:  0.1, Diff:  0.0, Sum:  0.3, Workers: 4
[34.566s][debug][gc,phases      ] GC(90)     Dead                           Min: 0, Avg:  0.0, Max: 0, Diff: 0, Sum: 0, Workers: 4
[34.566s][debug][gc,phases      ] GC(90)     Total                          Min: 9024, Avg: 11616.8, Max: 14595, Diff: 5571, Sum: 46467, Workers: 4
[34.566s][debug][gc,phases      ] GC(90)   ResolvedMethodTable Weak       Min:  0.0, Avg:  0.0, Max:  0.0, Diff:  0.0, Sum:  0.1, Workers: 4
[34.566s][debug][gc,phases      ] GC(90)     Dead                           Min: 0, Avg:  0.0, Max: 0, Diff: 0, Sum: 0, Workers: 4
[34.566s][debug][gc,phases      ] GC(90)     Total                          Min: 1472, Avg: 1955.5, Max: 2318, Diff: 846, Sum: 7822, Workers: 4
[34.566s][debug][gc,phases      ] GC(90)   JNI Weak                       Min:  0.0, Avg:  0.0, Max:  0.0, Diff:  0.0, Sum:  0.0, Workers: 4
[34.566s][debug][gc,phases      ] GC(90)     Dead                           Min: 0, Avg:  0.0, Max: 0, Diff: 0, Sum: 0, Workers: 4
[34.566s][debug][gc,phases      ] GC(90)     Total                          Min: 0, Avg:  0.0, Max: 0, Diff: 0, Sum: 0, Workers: 4
[34.566s][debug][gc,phases      ] GC(90)   StringDedup Table Weak         Min:  0.0, Avg:  0.0, Max:  0.0, Diff:  0.0, Sum:  0.0, Workers: 4
[34.566s][debug][gc,phases      ] GC(90)     Dead                           Min: 0, Avg:  0.0, Max: 0, Diff: 0, Sum: 0, Workers: 4
[34.566s][debug][gc,phases      ] GC(90)     Total                          Min: 0, Avg:  0.0, Max: 0, Diff: 0, Sum: 0, Workers: 4
[34.566s][debug][gc,phases      ] GC(90)   StringDedup Requests0 Weak     Min:  0.0, Avg:  0.0, Max:  0.0, Diff:  0.0, Sum:  0.0, Workers: 4
[34.566s][debug][gc,phases      ] GC(90)     Dead                           Min: 0, Avg:  0.0, Max: 0, Diff: 0, Sum: 0, Workers: 4
[34.566s][debug][gc,phases      ] GC(90)     Total                          Min: 0, Avg:  0.0, Max: 0, Diff: 0, Sum: 0, Workers: 4
[34.566s][debug][gc,phases      ] GC(90)   StringDedup Requests1 Weak     Min:  0.0, Avg:  0.0, Max:  0.0, Diff:  0.0, Sum:  0.0, Workers: 4
[34.566s][debug][gc,phases      ] GC(90)     Dead                           Min: 0, Avg:  0.0, Max: 0, Diff: 0, Sum: 0, Workers: 4
[34.566s][debug][gc,phases      ] GC(90)     Total                          Min: 0, Avg:  0.0, Max: 0, Diff: 0, Sum: 0, Workers: 4
[34.566s][debug][gc,phases      ] GC(90)   Weak JFR Old Object Samples    Min:  0.0, Avg:  0.0, Max:  0.0, Diff:  0.0, Sum:  0.0, Workers: 4
[34.566s][debug][gc,phases      ] GC(90)     Dead                           Min: 0, Avg:  0.0, Max: 0, Diff: 0, Sum: 0, Workers: 4
[34.566s][debug][gc,phases      ] GC(90)     Total                          Min: 0, Avg:  0.0, Max: 0, Diff: 0, Sum: 0, Workers: 4
[34.566s][debug][gc,phases      ] GC(90) Weak Processing 0.271ms
[34.566s][debug][gc,age         ] GC(90) Desired survivor size 46661632 bytes, new threshold 15 (max threshold 15)
[34.566s][info ][gc,heap        ] GC(90) PSYoungGen: 2011584K(2048512K)->4448K(2051584K) Eden: 2001920K(2001920K)->0K(2006016K) From: 9664K(46592K)->4448K(45568K)
[34.566s][info ][gc,heap        ] GC(90) ParOldGen: 394133K(422912K)->399749K(422912K)
[34.566s][info ][gc,metaspace   ] GC(90) Metaspace: 77970K(78784K)->77970K(78784K) NonClass: 66772K(67200K)->66772K(67200K) Class: 11197K(11584K)->11197K(11584K)
[34.566s][info ][gc             ] GC(90) Pause Young (Allocation Failure) 2349M->394M(2416M) 8.199ms
[34.566s][info ][gc,cpu         ] GC(90) User=0.03s Sys=0.00s Real=0.01s
[34.566s][info ][safepoint      ] Safepoint "ParallelGCFailedAllocation", Time since last: 396650050 ns, Reaching safepoint: 67300 ns, At safepoint: 8294664 ns, Total: 8361964 ns
[34.947s][info ][gc,start       ] GC(91) Pause Young (Allocation Failure)
[34.950s][debug][gc,phases      ] GC(91) Scavenge 2.427ms
[34.950s][debug][gc,ref         ] GC(91) Skipped phase 1 of Reference Processing: no references
[34.950s][debug][gc,ref         ] GC(91) Skipped phase 2 of Reference Processing: no references
[34.950s][debug][gc,ref         ] GC(91) Skipped phase 3 of Reference Processing: no references
[34.950s][debug][gc,ref         ] GC(91) Skipped phase 4 of Reference Processing: no references
[34.950s][debug][gc,phases      ] GC(91) Reference Processing 0.019ms
[34.950s][debug][gc,phases      ] GC(91)   VM Weak                        Min:  0.0, Avg:  0.0, Max:  0.0, Diff:  0.0, Sum:  0.0, Workers: 4
[34.950s][debug][gc,phases      ] GC(91)     Dead                           Min: 0, Avg:  0.0, Max: 0, Diff: 0, Sum: 0, Workers: 4
[34.950s][debug][gc,phases      ] GC(91)     Total                          Min: 0, Avg: 157.8, Max: 311, Diff: 311, Sum: 631, Workers: 4
[34.950s][debug][gc,phases      ] GC(91)   ObjectSynchronizer Weak        Min:  0.0, Avg:  0.0, Max:  0.0, Diff:  0.0, Sum:  0.0, Workers: 4
[34.950s][debug][gc,phases      ] GC(91)     Dead                           Min: 0, Avg:  0.0, Max: 0, Diff: 0, Sum: 0, Workers: 4
[34.950s][debug][gc,phases      ] GC(91)     Total                          Min: 0, Avg: 85.0, Max: 148, Diff: 148, Sum: 340, Workers: 4
[34.950s][debug][gc,phases      ] GC(91)   JVMTI Tag Weak OopStorage      Min:  0.0, Avg:  0.0, Max:  0.0, Diff:  0.0, Sum:  0.0, Workers: 4
[34.950s][debug][gc,phases      ] GC(91)     Dead                           Min: 0, Avg:  0.0, Max: 0, Diff: 0, Sum: 0, Workers: 4
[34.950s][debug][gc,phases      ] GC(91)     Total                          Min: 0, Avg:  0.0, Max: 0, Diff: 0, Sum: 0, Workers: 4
[34.950s][debug][gc,phases      ] GC(91)   StringTable Weak               Min:  0.1, Avg:  0.1, Max:  0.1, Diff:  0.0, Sum:  0.3, Workers: 4
[34.950s][debug][gc,phases      ] GC(91)     Dead                           Min: 0, Avg:  0.0, Max: 0, Diff: 0, Sum: 0, Workers: 4
[34.950s][debug][gc,phases      ] GC(91)     Total                          Min: 7936, Avg: 11618.0, Max: 14208, Diff: 6272, Sum: 46472, Workers: 4
[34.950s][debug][gc,phases      ] GC(91)   ResolvedMethodTable Weak       Min:  0.0, Avg:  0.0, Max:  0.0, Diff:  0.0, Sum:  0.1, Workers: 4
[34.950s][debug][gc,phases      ] GC(91)     Dead                           Min: 0, Avg:  0.0, Max: 0, Diff: 0, Sum: 0, Workers: 4
[34.950s][debug][gc,phases      ] GC(91)     Total                          Min: 1280, Avg: 1955.5, Max: 2304, Diff: 1024, Sum: 7822, Workers: 4
[34.950s][debug][gc,phases      ] GC(91)   JNI Weak                       Min:  0.0, Avg:  0.0, Max:  0.0, Diff:  0.0, Sum:  0.0, Workers: 4
[34.950s][debug][gc,phases      ] GC(91)     Dead                           Min: 0, Avg:  0.0, Max: 0, Diff: 0, Sum: 0, Workers: 4
[34.950s][debug][gc,phases      ] GC(91)     Total                          Min: 0, Avg:  0.2, Max: 1, Diff: 1, Sum: 1, Workers: 4
[34.950s][debug][gc,phases      ] GC(91)   StringDedup Table Weak         Min:  0.0, Avg:  0.0, Max:  0.0, Diff:  0.0, Sum:  0.0, Workers: 4
[34.950s][debug][gc,phases      ] GC(91)     Dead                           Min: 0, Avg:  0.0, Max: 0, Diff: 0, Sum: 0, Workers: 4
[34.950s][debug][gc,phases      ] GC(91)     Total                          Min: 0, Avg:  0.0, Max: 0, Diff: 0, Sum: 0, Workers: 4
[34.950s][debug][gc,phases      ] GC(91)   StringDedup Requests0 Weak     Min:  0.0, Avg:  0.0, Max:  0.0, Diff:  0.0, Sum:  0.0, Workers: 4
[34.950s][debug][gc,phases      ] GC(91)     Dead                           Min: 0, Avg:  0.0, Max: 0, Diff: 0, Sum: 0, Workers: 4
[34.950s][debug][gc,phases      ] GC(91)     Total                          Min: 0, Avg:  0.0, Max: 0, Diff: 0, Sum: 0, Workers: 4
[34.950s][debug][gc,phases      ] GC(91)   StringDedup Requests1 Weak     Min:  0.0, Avg:  0.0, Max:  0.0, Diff:  0.0, Sum:  0.0, Workers: 4
[34.950s][debug][gc,phases      ] GC(91)     Dead                           Min: 0, Avg:  0.0, Max: 0, Diff: 0, Sum: 0, Workers: 4
[34.950s][debug][gc,phases      ] GC(91)     Total                          Min: 0, Avg:  0.0, Max: 0, Diff: 0, Sum: 0, Workers: 4
[34.950s][debug][gc,phases      ] GC(91)   Weak JFR Old Object Samples    Min:  0.0, Avg:  0.0, Max:  0.0, Diff:  0.0, Sum:  0.0, Workers: 4
[34.950s][debug][gc,phases      ] GC(91)     Dead                           Min: 0, Avg:  0.0, Max: 0, Diff: 0, Sum: 0, Workers: 4
[34.950s][debug][gc,phases      ] GC(91)     Total                          Min: 0, Avg:  0.0, Max: 0, Diff: 0, Sum: 0, Workers: 4
[34.950s][debug][gc,phases      ] GC(91) Weak Processing 0.260ms
[34.950s][debug][gc,age         ] GC(91) Desired survivor size 45613056 bytes, new threshold 15 (max threshold 15)
[34.950s][info ][gc,heap        ] GC(91) PSYoungGen: 2010464K(2051584K)->4704K(2051584K) Eden: 2006016K(2006016K)->0K(2006016K) From: 4448K(45568K)->4704K(45568K)
[34.950s][info ][gc,heap        ] GC(91) ParOldGen: 399749K(422912K)->399949K(422912K)
[34.950s][info ][gc,metaspace   ] GC(91) Metaspace: 78010K(78848K)->78010K(78848K) NonClass: 66813K(67264K)->66813K(67264K) Class: 11197K(11584K)->11197K(11584K)
[34.950s][info ][gc             ] GC(91) Pause Young (Allocation Failure) 2353M->395M(2416M) 2.794ms
[34.950s][info ][gc,cpu         ] GC(91) User=0.01s Sys=0.00s Real=0.01s
[34.950s][info ][safepoint      ] Safepoint "ParallelGCFailedAllocation", Time since last: 381196231 ns, Reaching safepoint: 102200 ns, At safepoint: 2881223 ns, Total: 2983423 ns
[35.345s][info ][gc,start       ] GC(92) Pause Young (Allocation Failure)
[35.348s][debug][gc,phases      ] GC(92) Scavenge 2.648ms
[35.348s][debug][gc,ref         ] GC(92) Skipped phase 1 of Reference Processing: no references
[35.348s][debug][gc,ref         ] GC(92) Skipped phase 2 of Reference Processing: no references
[35.348s][debug][gc,ref         ] GC(92) Skipped phase 3 of Reference Processing: no references
[35.348s][debug][gc,ref         ] GC(92) Skipped phase 4 of Reference Processing: no references
[35.348s][debug][gc,phases      ] GC(92) Reference Processing 0.019ms
[35.348s][debug][gc,phases      ] GC(92)   VM Weak                        Min:  0.0, Avg:  0.0, Max:  0.0, Diff:  0.0, Sum:  0.0, Workers: 4
[35.348s][debug][gc,phases      ] GC(92)     Dead                           Min: 0, Avg:  0.0, Max: 0, Diff: 0, Sum: 0, Workers: 4
[35.348s][debug][gc,phases      ] GC(92)     Total                          Min: 0, Avg: 157.8, Max: 567, Diff: 567, Sum: 631, Workers: 4
[35.348s][debug][gc,phases      ] GC(92)   ObjectSynchronizer Weak        Min:  0.0, Avg:  0.0, Max:  0.0, Diff:  0.0, Sum:  0.0, Workers: 4
[35.348s][debug][gc,phases      ] GC(92)     Dead                           Min: 0, Avg:  0.0, Max: 0, Diff: 0, Sum: 0, Workers: 4
[35.348s][debug][gc,phases      ] GC(92)     Total                          Min: 0, Avg: 85.0, Max: 212, Diff: 212, Sum: 340, Workers: 4
[35.348s][debug][gc,phases      ] GC(92)   JVMTI Tag Weak OopStorage      Min:  0.0, Avg:  0.0, Max:  0.0, Diff:  0.0, Sum:  0.0, Workers: 4
[35.348s][debug][gc,phases      ] GC(92)     Dead                           Min: 0, Avg:  0.0, Max: 0, Diff: 0, Sum: 0, Workers: 4
[35.348s][debug][gc,phases      ] GC(92)     Total                          Min: 0, Avg:  0.0, Max: 0, Diff: 0, Sum: 0, Workers: 4
[35.348s][debug][gc,phases      ] GC(92)   StringTable Weak               Min:  0.1, Avg:  0.1, Max:  0.1, Diff:  0.0, Sum:  0.3, Workers: 4
[35.348s][debug][gc,phases      ] GC(92)     Dead                           Min: 0, Avg:  0.0, Max: 0, Diff: 0, Sum: 0, Workers: 4
[35.348s][debug][gc,phases      ] GC(92)     Total                          Min: 9344, Avg: 11618.0, Max: 15048, Diff: 5704, Sum: 46472, Workers: 4
[35.348s][debug][gc,phases      ] GC(92)   ResolvedMethodTable Weak       Min:  0.0, Avg:  0.0, Max:  0.0, Diff:  0.0, Sum:  0.1, Workers: 4
[35.348s][debug][gc,phases      ] GC(92)     Dead                           Min: 0, Avg:  0.0, Max: 0, Diff: 0, Sum: 0, Workers: 4
[35.348s][debug][gc,phases      ] GC(92)     Total                          Min: 1472, Avg: 1955.5, Max: 2368, Diff: 896, Sum: 7822, Workers: 4
[35.348s][debug][gc,phases      ] GC(92)   JNI Weak                       Min:  0.0, Avg:  0.0, Max:  0.0, Diff:  0.0, Sum:  0.0, Workers: 4
[35.348s][debug][gc,phases      ] GC(92)     Dead                           Min: 0, Avg:  0.0, Max: 0, Diff: 0, Sum: 0, Workers: 4
[35.348s][debug][gc,phases      ] GC(92)     Total                          Min: 0, Avg:  0.0, Max: 0, Diff: 0, Sum: 0, Workers: 4
[35.348s][debug][gc,phases      ] GC(92)   StringDedup Table Weak         Min:  0.0, Avg:  0.0, Max:  0.0, Diff:  0.0, Sum:  0.0, Workers: 4
[35.348s][debug][gc,phases      ] GC(92)     Dead                           Min: 0, Avg:  0.0, Max: 0, Diff: 0, Sum: 0, Workers: 4
[35.348s][debug][gc,phases      ] GC(92)     Total                          Min: 0, Avg:  0.0, Max: 0, Diff: 0, Sum: 0, Workers: 4
[35.348s][debug][gc,phases      ] GC(92)   StringDedup Requests0 Weak     Min:  0.0, Avg:  0.0, Max:  0.0, Diff:  0.0, Sum:  0.0, Workers: 4
[35.348s][debug][gc,phases      ] GC(92)     Dead                           Min: 0, Avg:  0.0, Max: 0, Diff: 0, Sum: 0, Workers: 4
[35.348s][debug][gc,phases      ] GC(92)     Total                          Min: 0, Avg:  0.0, Max: 0, Diff: 0, Sum: 0, Workers: 4
[35.348s][debug][gc,phases      ] GC(92)   StringDedup Requests1 Weak     Min:  0.0, Avg:  0.0, Max:  0.0, Diff:  0.0, Sum:  0.0, Workers: 4
[35.348s][debug][gc,phases      ] GC(92)     Dead                           Min: 0, Avg:  0.0, Max: 0, Diff: 0, Sum: 0, Workers: 4
[35.348s][debug][gc,phases      ] GC(92)     Total                          Min: 0, Avg:  0.0, Max: 0, Diff: 0, Sum: 0, Workers: 4
[35.348s][debug][gc,phases      ] GC(92)   Weak JFR Old Object Samples    Min:  0.0, Avg:  0.0, Max:  0.0, Diff:  0.0, Sum:  0.0, Workers: 4
[35.348s][debug][gc,phases      ] GC(92)     Dead                           Min: 0, Avg:  0.0, Max: 0, Diff: 0, Sum: 0, Workers: 4
[35.348s][debug][gc,phases      ] GC(92)     Total                          Min: 0, Avg:  0.0, Max: 0, Diff: 0, Sum: 0, Workers: 4
[35.348s][debug][gc,phases      ] GC(92) Weak Processing 0.247ms
[35.348s][debug][gc,age         ] GC(92) Desired survivor size 45088768 bytes, new threshold 15 (max threshold 15)
[35.348s][info ][gc,heap        ] GC(92) PSYoungGen: 2010720K(2051584K)->4800K(2053120K) Eden: 2006016K(2006016K)->0K(2008576K) From: 4704K(45568K)->4800K(44544K)
[35.348s][info ][gc,heap        ] GC(92) ParOldGen: 399949K(422912K)->400261K(422912K)
[35.348s][info ][gc,metaspace   ] GC(92) Metaspace: 78030K(78848K)->78030K(78848K) NonClass: 66832K(67264K)->66832K(67264K) Class: 11197K(11584K)->11197K(11584K)
[35.348s][info ][gc             ] GC(92) Pause Young (Allocation Failure) 2354M->395M(2418M) 3.005ms
[35.348s][info ][gc,cpu         ] GC(92) User=0.01s Sys=0.00s Real=0.00s
[35.349s][info ][safepoint      ] Safepoint "ParallelGCFailedAllocation", Time since last: 395077837 ns, Reaching safepoint: 134701 ns, At safepoint: 3074623 ns, Total: 3209324 ns
[35.730s][info ][gc,start       ] GC(93) Pause Young (Allocation Failure)
[35.733s][debug][gc,phases      ] GC(93) Scavenge 3.079ms
[35.733s][debug][gc,ref         ] GC(93) Skipped phase 1 of Reference Processing: no references
[35.733s][debug][gc,ref         ] GC(93) Skipped phase 2 of Reference Processing: no references
[35.733s][debug][gc,ref         ] GC(93) Skipped phase 3 of Reference Processing: no references
[35.733s][debug][gc,ref         ] GC(93) Skipped phase 4 of Reference Processing: no references
[35.733s][debug][gc,phases      ] GC(93) Reference Processing 0.021ms
[35.734s][debug][gc,phases      ] GC(93)   VM Weak                        Min:  0.0, Avg:  0.0, Max:  0.0, Diff:  0.0, Sum:  0.0, Workers: 4
[35.734s][debug][gc,phases      ] GC(93)     Dead                           Min: 0, Avg:  0.0, Max: 0, Diff: 0, Sum: 0, Workers: 4
[35.734s][debug][gc,phases      ] GC(93)     Total                          Min: 0, Avg: 157.8, Max: 448, Diff: 448, Sum: 631, Workers: 4
[35.734s][debug][gc,phases      ] GC(93)   ObjectSynchronizer Weak        Min:  0.0, Avg:  0.0, Max:  0.0, Diff:  0.0, Sum:  0.0, Workers: 4
[35.734s][debug][gc,phases      ] GC(93)     Dead                           Min: 0, Avg:  0.0, Max: 0, Diff: 0, Sum: 0, Workers: 4
[35.734s][debug][gc,phases      ] GC(93)     Total                          Min: 0, Avg: 85.0, Max: 192, Diff: 192, Sum: 340, Workers: 4
[35.734s][debug][gc,phases      ] GC(93)   JVMTI Tag Weak OopStorage      Min:  0.0, Avg:  0.0, Max:  0.0, Diff:  0.0, Sum:  0.0, Workers: 4
[35.734s][debug][gc,phases      ] GC(93)     Dead                           Min: 0, Avg:  0.0, Max: 0, Diff: 0, Sum: 0, Workers: 4
[35.734s][debug][gc,phases      ] GC(93)     Total                          Min: 0, Avg:  0.0, Max: 0, Diff: 0, Sum: 0, Workers: 4
[35.734s][debug][gc,phases      ] GC(93)   StringTable Weak               Min:  0.1, Avg:  0.1, Max:  0.1, Diff:  0.0, Sum:  0.4, Workers: 4
[35.734s][debug][gc,phases      ] GC(93)     Dead                           Min: 0, Avg:  0.0, Max: 0, Diff: 0, Sum: 0, Workers: 4
[35.734s][debug][gc,phases      ] GC(93)     Total                          Min: 11264, Avg: 11621.2, Max: 11904, Diff: 640, Sum: 46485, Workers: 4
[35.734s][debug][gc,phases      ] GC(93)   ResolvedMethodTable Weak       Min:  0.0, Avg:  0.0, Max:  0.0, Diff:  0.0, Sum:  0.1, Workers: 4
[35.734s][debug][gc,phases      ] GC(93)     Dead                           Min: 0, Avg:  0.0, Max: 0, Diff: 0, Sum: 0, Workers: 4
[35.734s][debug][gc,phases      ] GC(93)     Total                          Min: 1856, Avg: 1955.5, Max: 2048, Diff: 192, Sum: 7822, Workers: 4
[35.734s][debug][gc,phases      ] GC(93)   JNI Weak                       Min:  0.0, Avg:  0.0, Max:  0.0, Diff:  0.0, Sum:  0.0, Workers: 4
[35.734s][debug][gc,phases      ] GC(93)     Dead                           Min: 0, Avg:  0.0, Max: 0, Diff: 0, Sum: 0, Workers: 4
[35.734s][debug][gc,phases      ] GC(93)     Total                          Min: 0, Avg:  0.0, Max: 0, Diff: 0, Sum: 0, Workers: 4
[35.734s][debug][gc,phases      ] GC(93)   StringDedup Table Weak         Min:  0.0, Avg:  0.0, Max:  0.0, Diff:  0.0, Sum:  0.0, Workers: 4
[35.734s][debug][gc,phases      ] GC(93)     Dead                           Min: 0, Avg:  0.0, Max: 0, Diff: 0, Sum: 0, Workers: 4
[35.734s][debug][gc,phases      ] GC(93)     Total                          Min: 0, Avg:  0.0, Max: 0, Diff: 0, Sum: 0, Workers: 4
[35.734s][debug][gc,phases      ] GC(93)   StringDedup Requests0 Weak     Min:  0.0, Avg:  0.0, Max:  0.0, Diff:  0.0, Sum:  0.0, Workers: 4
[35.734s][debug][gc,phases      ] GC(93)     Dead                           Min: 0, Avg:  0.0, Max: 0, Diff: 0, Sum: 0, Workers: 4
[35.734s][debug][gc,phases      ] GC(93)     Total                          Min: 0, Avg:  0.0, Max: 0, Diff: 0, Sum: 0, Workers: 4
[35.734s][debug][gc,phases      ] GC(93)   StringDedup Requests1 Weak     Min:  0.0, Avg:  0.0, Max:  0.0, Diff:  0.0, Sum:  0.0, Workers: 4
[35.734s][debug][gc,phases      ] GC(93)     Dead                           Min: 0, Avg:  0.0, Max: 0, Diff: 0, Sum: 0, Workers: 4
[35.734s][debug][gc,phases      ] GC(93)     Total                          Min: 0, Avg:  0.0, Max: 0, Diff: 0, Sum: 0, Workers: 4
[35.734s][debug][gc,phases      ] GC(93)   Weak JFR Old Object Samples    Min:  0.0, Avg:  0.0, Max:  0.0, Diff:  0.0, Sum:  0.0, Workers: 4
[35.734s][debug][gc,phases      ] GC(93)     Dead                           Min: 0, Avg:  0.0, Max: 0, Diff: 0, Sum: 0, Workers: 4
[35.734s][debug][gc,phases      ] GC(93)     Total                          Min: 0, Avg:  0.0, Max: 0, Diff: 0, Sum: 0, Workers: 4
[35.734s][debug][gc,phases      ] GC(93) Weak Processing 0.287ms
[35.734s][debug][gc,age         ] GC(93) Desired survivor size 43515904 bytes, new threshold 15 (max threshold 15)
[35.734s][info ][gc,heap        ] GC(93) PSYoungGen: 2013376K(2053120K)->5152K(2052608K) Eden: 2008576K(2008576K)->0K(2008576K) From: 4800K(44544K)->5152K(44032K)
[35.734s][info ][gc,heap        ] GC(93) ParOldGen: 400261K(422912K)->400461K(422912K)
[35.734s][info ][gc,metaspace   ] GC(93) Metaspace: 78089K(78912K)->78089K(78912K) NonClass: 66891K(67328K)->66891K(67328K) Class: 11197K(11584K)->11197K(11584K)
[35.734s][info ][gc             ] GC(93) Pause Young (Allocation Failure) 2357M->396M(2417M) 3.507ms
[35.734s][info ][gc,cpu         ] GC(93) User=0.01s Sys=0.00s Real=0.00s
[35.734s][info ][safepoint      ] Safepoint "ParallelGCFailedAllocation", Time since last: 381491933 ns, Reaching safepoint: 144301 ns, At safepoint: 3601028 ns, Total: 3745329 ns
[36.117s][info ][gc,start       ] GC(94) Pause Young (Allocation Failure)
[36.120s][debug][gc,phases      ] GC(94) Scavenge 3.352ms
[36.120s][debug][gc,ref         ] GC(94) Skipped phase 1 of Reference Processing: no references
[36.120s][debug][gc,ref         ] GC(94) Skipped phase 2 of Reference Processing: no references
[36.120s][debug][gc,ref         ] GC(94) Skipped phase 3 of Reference Processing: no references
[36.120s][debug][gc,ref         ] GC(94) Skipped phase 4 of Reference Processing: no references
[36.120s][debug][gc,phases      ] GC(94) Reference Processing 0.031ms
[36.120s][debug][gc,phases      ] GC(94)   VM Weak                        Min:  0.0, Avg:  0.0, Max:  0.0, Diff:  0.0, Sum:  0.0, Workers: 4
[36.120s][debug][gc,phases      ] GC(94)     Dead                           Min: 0, Avg:  0.0, Max: 0, Diff: 0, Sum: 0, Workers: 4
[36.120s][debug][gc,phases      ] GC(94)     Total                          Min: 0, Avg: 157.8, Max: 631, Diff: 631, Sum: 631, Workers: 4
[36.120s][debug][gc,phases      ] GC(94)   ObjectSynchronizer Weak        Min:  0.0, Avg:  0.0, Max:  0.0, Diff:  0.0, Sum:  0.0, Workers: 4
[36.120s][debug][gc,phases      ] GC(94)     Dead                           Min: 0, Avg:  0.0, Max: 0, Diff: 0, Sum: 0, Workers: 4
[36.120s][debug][gc,phases      ] GC(94)     Total                          Min: 0, Avg: 85.0, Max: 340, Diff: 340, Sum: 340, Workers: 4
[36.120s][debug][gc,phases      ] GC(94)   JVMTI Tag Weak OopStorage      Min:  0.0, Avg:  0.0, Max:  0.0, Diff:  0.0, Sum:  0.0, Workers: 4
[36.120s][debug][gc,phases      ] GC(94)     Dead                           Min: 0, Avg:  0.0, Max: 0, Diff: 0, Sum: 0, Workers: 4
[36.120s][debug][gc,phases      ] GC(94)     Total                          Min: 0, Avg:  0.0, Max: 0, Diff: 0, Sum: 0, Workers: 4
[36.120s][debug][gc,phases      ] GC(94)   StringTable Weak               Min:  0.1, Avg:  0.1, Max:  0.1, Diff:  0.0, Sum:  0.4, Workers: 4
[36.120s][debug][gc,phases      ] GC(94)     Dead                           Min: 0, Avg:  0.0, Max: 0, Diff: 0, Sum: 0, Workers: 4
[36.120s][debug][gc,phases      ] GC(94)     Total                          Min: 10688, Avg: 11624.2, Max: 12577, Diff: 1889, Sum: 46497, Workers: 4
[36.120s][debug][gc,phases      ] GC(94)   ResolvedMethodTable Weak       Min:  0.0, Avg:  0.0, Max:  0.0, Diff:  0.0, Sum:  0.1, Workers: 4
[36.120s][debug][gc,phases      ] GC(94)     Dead                           Min: 0, Avg:  0.0, Max: 0, Diff: 0, Sum: 0, Workers: 4
[36.120s][debug][gc,phases      ] GC(94)     Total                          Min: 1920, Avg: 1955.5, Max: 1998, Diff: 78, Sum: 7822, Workers: 4
[36.120s][debug][gc,phases      ] GC(94)   JNI Weak                       Min:  0.0, Avg:  0.0, Max:  0.0, Diff:  0.0, Sum:  0.0, Workers: 4
[36.120s][debug][gc,phases      ] GC(94)     Dead                           Min: 0, Avg:  0.0, Max: 0, Diff: 0, Sum: 0, Workers: 4
[36.120s][debug][gc,phases      ] GC(94)     Total                          Min: 0, Avg:  0.0, Max: 0, Diff: 0, Sum: 0, Workers: 4
[36.120s][debug][gc,phases      ] GC(94)   StringDedup Table Weak         Min:  0.0, Avg:  0.0, Max:  0.0, Diff:  0.0, Sum:  0.0, Workers: 4
[36.120s][debug][gc,phases      ] GC(94)     Dead                           Min: 0, Avg:  0.0, Max: 0, Diff: 0, Sum: 0, Workers: 4
[36.120s][debug][gc,phases      ] GC(94)     Total                          Min: 0, Avg:  0.0, Max: 0, Diff: 0, Sum: 0, Workers: 4
[36.120s][debug][gc,phases      ] GC(94)   StringDedup Requests0 Weak     Min:  0.0, Avg:  0.0, Max:  0.0, Diff:  0.0, Sum:  0.0, Workers: 4
[36.120s][debug][gc,phases      ] GC(94)     Dead                           Min: 0, Avg:  0.0, Max: 0, Diff: 0, Sum: 0, Workers: 4
[36.120s][debug][gc,phases      ] GC(94)     Total                          Min: 0, Avg:  0.0, Max: 0, Diff: 0, Sum: 0, Workers: 4
[36.120s][debug][gc,phases      ] GC(94)   StringDedup Requests1 Weak     Min:  0.0, Avg:  0.0, Max:  0.0, Diff:  0.0, Sum:  0.0, Workers: 4
[36.120s][debug][gc,phases      ] GC(94)     Dead                           Min: 0, Avg:  0.0, Max: 0, Diff: 0, Sum: 0, Workers: 4
[36.120s][debug][gc,phases      ] GC(94)     Total                          Min: 0, Avg:  0.0, Max: 0, Diff: 0, Sum: 0, Workers: 4
[36.120s][debug][gc,phases      ] GC(94)   Weak JFR Old Object Samples    Min:  0.0, Avg:  0.0, Max:  0.0, Diff:  0.0, Sum:  0.0, Workers: 4
[36.120s][debug][gc,phases      ] GC(94)     Dead                           Min: 0, Avg:  0.0, Max: 0, Diff: 0, Sum: 0, Workers: 4
[36.120s][debug][gc,phases      ] GC(94)     Total                          Min: 0, Avg:  0.0, Max: 0, Diff: 0, Sum: 0, Workers: 4
[36.120s][debug][gc,phases      ] GC(94) Weak Processing 0.375ms
[36.120s][debug][gc,age         ] GC(94) Desired survivor size 41943040 bytes, new threshold 15 (max threshold 15)
[36.120s][info ][gc,heap        ] GC(94) PSYoungGen: 2013728K(2052608K)->5376K(2056192K) Eden: 2008576K(2008576K)->0K(2013696K) From: 5152K(44032K)->5376K(42496K)
[36.120s][info ][gc,heap        ] GC(94) ParOldGen: 400461K(422912K)->400709K(422912K)
[36.120s][info ][gc,metaspace   ] GC(94) Metaspace: 78089K(78912K)->78089K(78912K) NonClass: 66891K(67328K)->66891K(67328K) Class: 11197K(11584K)->11197K(11584K)
[36.120s][info ][gc             ] GC(94) Pause Young (Allocation Failure) 2357M->396M(2421M) 3.881ms
[36.121s][info ][gc,cpu         ] GC(94) User=0.01s Sys=0.00s Real=0.00s
[36.121s][info ][safepoint      ] Safepoint "ParallelGCFailedAllocation", Time since last: 382689741 ns, Reaching safepoint: 139601 ns, At safepoint: 3984431 ns, Total: 4124032 ns
[36.522s][info ][gc,start       ] GC(95) Pause Young (Allocation Failure)
[36.526s][debug][gc,phases      ] GC(95) Scavenge 3.428ms
[36.526s][debug][gc,ref         ] GC(95) Skipped phase 1 of Reference Processing: no references
[36.526s][debug][gc,ref         ] GC(95) Skipped phase 2 of Reference Processing: no references
[36.526s][debug][gc,ref         ] GC(95) Skipped phase 3 of Reference Processing: no references
[36.526s][debug][gc,ref         ] GC(95) Skipped phase 4 of Reference Processing: no references
[36.526s][debug][gc,phases      ] GC(95) Reference Processing 0.030ms
[36.526s][debug][gc,phases      ] GC(95)   VM Weak                        Min:  0.0, Avg:  0.0, Max:  0.0, Diff:  0.0, Sum:  0.0, Workers: 4
[36.526s][debug][gc,phases      ] GC(95)     Dead                           Min: 0, Avg:  0.0, Max: 0, Diff: 0, Sum: 0, Workers: 4
[36.526s][debug][gc,phases      ] GC(95)     Total                          Min: 0, Avg: 157.8, Max: 631, Diff: 631, Sum: 631, Workers: 4
[36.526s][debug][gc,phases      ] GC(95)   ObjectSynchronizer Weak        Min:  0.0, Avg:  0.0, Max:  0.0, Diff:  0.0, Sum:  0.0, Workers: 4
[36.526s][debug][gc,phases      ] GC(95)     Dead                           Min: 0, Avg:  0.0, Max: 0, Diff: 0, Sum: 0, Workers: 4
[36.526s][debug][gc,phases      ] GC(95)     Total                          Min: 0, Avg: 85.0, Max: 340, Diff: 340, Sum: 340, Workers: 4
[36.526s][debug][gc,phases      ] GC(95)   JVMTI Tag Weak OopStorage      Min:  0.0, Avg:  0.0, Max:  0.0, Diff:  0.0, Sum:  0.0, Workers: 4
[36.526s][debug][gc,phases      ] GC(95)     Dead                           Min: 0, Avg:  0.0, Max: 0, Diff: 0, Sum: 0, Workers: 4
[36.526s][debug][gc,phases      ] GC(95)     Total                          Min: 0, Avg:  0.0, Max: 0, Diff: 0, Sum: 0, Workers: 4
[36.526s][debug][gc,phases      ] GC(95)   StringTable Weak               Min:  0.1, Avg:  0.1, Max:  0.1, Diff:  0.0, Sum:  0.4, Workers: 4
[36.526s][debug][gc,phases      ] GC(95)     Dead                           Min: 0, Avg:  0.0, Max: 0, Diff: 0, Sum: 0, Workers: 4
[36.526s][debug][gc,phases      ] GC(95)     Total                          Min: 10624, Avg: 11625.5, Max: 12006, Diff: 1382, Sum: 46502, Workers: 4
[36.526s][debug][gc,phases      ] GC(95)   ResolvedMethodTable Weak       Min:  0.0, Avg:  0.0, Max:  0.0, Diff:  0.0, Sum:  0.1, Workers: 4
[36.526s][debug][gc,phases      ] GC(95)     Dead                           Min: 0, Avg:  0.0, Max: 0, Diff: 0, Sum: 0, Workers: 4
[36.526s][debug][gc,phases      ] GC(95)     Total                          Min: 1920, Avg: 1955.5, Max: 1998, Diff: 78, Sum: 7822, Workers: 4
[36.526s][debug][gc,phases      ] GC(95)   JNI Weak                       Min:  0.0, Avg:  0.0, Max:  0.0, Diff:  0.0, Sum:  0.0, Workers: 4
[36.526s][debug][gc,phases      ] GC(95)     Dead                           Min: 0, Avg:  0.0, Max: 0, Diff: 0, Sum: 0, Workers: 4
[36.526s][debug][gc,phases      ] GC(95)     Total                          Min: 0, Avg:  0.0, Max: 0, Diff: 0, Sum: 0, Workers: 4
[36.526s][debug][gc,phases      ] GC(95)   StringDedup Table Weak         Min:  0.0, Avg:  0.0, Max:  0.0, Diff:  0.0, Sum:  0.0, Workers: 4
[36.526s][debug][gc,phases      ] GC(95)     Dead                           Min: 0, Avg:  0.0, Max: 0, Diff: 0, Sum: 0, Workers: 4
[36.526s][debug][gc,phases      ] GC(95)     Total                          Min: 0, Avg:  0.0, Max: 0, Diff: 0, Sum: 0, Workers: 4
[36.526s][debug][gc,phases      ] GC(95)   StringDedup Requests0 Weak     Min:  0.0, Avg:  0.0, Max:  0.0, Diff:  0.0, Sum:  0.0, Workers: 4
[36.526s][debug][gc,phases      ] GC(95)     Dead                           Min: 0, Avg:  0.0, Max: 0, Diff: 0, Sum: 0, Workers: 4
[36.526s][debug][gc,phases      ] GC(95)     Total                          Min: 0, Avg:  0.0, Max: 0, Diff: 0, Sum: 0, Workers: 4
[36.526s][debug][gc,phases      ] GC(95)   StringDedup Requests1 Weak     Min:  0.0, Avg:  0.0, Max:  0.0, Diff:  0.0, Sum:  0.0, Workers: 4
[36.526s][debug][gc,phases      ] GC(95)     Dead                           Min: 0, Avg:  0.0, Max: 0, Diff: 0, Sum: 0, Workers: 4
[36.526s][debug][gc,phases      ] GC(95)     Total                          Min: 0, Avg:  0.0, Max: 0, Diff: 0, Sum: 0, Workers: 4
[36.526s][debug][gc,phases      ] GC(95)   Weak JFR Old Object Samples    Min:  0.0, Avg:  0.0, Max:  0.0, Diff:  0.0, Sum:  0.0, Workers: 4
[36.526s][debug][gc,phases      ] GC(95)     Dead                           Min: 0, Avg:  0.0, Max: 0, Diff: 0, Sum: 0, Workers: 4
[36.526s][debug][gc,phases      ] GC(95)     Total                          Min: 0, Avg:  0.0, Max: 0, Diff: 0, Sum: 0, Workers: 4
[36.526s][debug][gc,phases      ] GC(95) Weak Processing 0.373ms
[36.526s][debug][gc,age         ] GC(95) Desired survivor size 40370176 bytes, new threshold 15 (max threshold 15)
[36.526s][info ][gc,heap        ] GC(95) PSYoungGen: 2019072K(2056192K)->5728K(2054656K) Eden: 2013696K(2013696K)->0K(2013696K) From: 5376K(42496K)->5728K(40960K)
[36.526s][info ][gc,heap        ] GC(95) ParOldGen: 400709K(422912K)->400973K(422912K)
[36.526s][info ][gc,metaspace   ] GC(95) Metaspace: 78089K(78912K)->78089K(78912K) NonClass: 66891K(67328K)->66891K(67328K) Class: 11197K(11584K)->11197K(11584K)
[36.526s][info ][gc             ] GC(95) Pause Young (Allocation Failure) 2363M->397M(2419M) 3.950ms
[36.526s][info ][gc,cpu         ] GC(95) User=0.02s Sys=0.00s Real=0.00s
[36.526s][info ][safepoint      ] Safepoint "ParallelGCFailedAllocation", Time since last: 401387385 ns, Reaching safepoint: 130201 ns, At safepoint: 4054131 ns, Total: 4184332 ns
[36.919s][info ][gc,start       ] GC(96) Pause Young (Allocation Failure)
[36.923s][debug][gc,phases      ] GC(96) Scavenge 3.850ms
[36.923s][debug][gc,ref         ] GC(96) Skipped phase 1 of Reference Processing: no references
[36.923s][debug][gc,ref         ] GC(96) Skipped phase 2 of Reference Processing: no references
[36.923s][debug][gc,ref         ] GC(96) Skipped phase 3 of Reference Processing: no references
[36.923s][debug][gc,ref         ] GC(96) Skipped phase 4 of Reference Processing: no references
[36.923s][debug][gc,phases      ] GC(96) Reference Processing 0.019ms
[36.923s][debug][gc,phases      ] GC(96)   VM Weak                        Min:  0.0, Avg:  0.0, Max:  0.0, Diff:  0.0, Sum:  0.0, Workers: 4
[36.923s][debug][gc,phases      ] GC(96)     Dead                           Min: 0, Avg:  0.0, Max: 0, Diff: 0, Sum: 0, Workers: 4
[36.923s][debug][gc,phases      ] GC(96)     Total                          Min: 0, Avg: 157.8, Max: 631, Diff: 631, Sum: 631, Workers: 4
[36.923s][debug][gc,phases      ] GC(96)   ObjectSynchronizer Weak        Min:  0.0, Avg:  0.0, Max:  0.0, Diff:  0.0, Sum:  0.0, Workers: 4
[36.923s][debug][gc,phases      ] GC(96)     Dead                           Min: 0, Avg:  0.0, Max: 0, Diff: 0, Sum: 0, Workers: 4
[36.923s][debug][gc,phases      ] GC(96)     Total                          Min: 0, Avg: 85.0, Max: 340, Diff: 340, Sum: 340, Workers: 4
[36.923s][debug][gc,phases      ] GC(96)   JVMTI Tag Weak OopStorage      Min:  0.0, Avg:  0.0, Max:  0.0, Diff:  0.0, Sum:  0.0, Workers: 4
[36.923s][debug][gc,phases      ] GC(96)     Dead                           Min: 0, Avg:  0.0, Max: 0, Diff: 0, Sum: 0, Workers: 4
[36.923s][debug][gc,phases      ] GC(96)     Total                          Min: 0, Avg:  0.0, Max: 0, Diff: 0, Sum: 0, Workers: 4
[36.923s][debug][gc,phases      ] GC(96)   StringTable Weak               Min:  0.1, Avg:  0.1, Max:  0.1, Diff:  0.0, Sum:  0.4, Workers: 4
[36.923s][debug][gc,phases      ] GC(96)     Dead                           Min: 0, Avg:  0.0, Max: 0, Diff: 0, Sum: 0, Workers: 4
[36.923s][debug][gc,phases      ] GC(96)     Total                          Min: 11264, Avg: 11625.5, Max: 12134, Diff: 870, Sum: 46502, Workers: 4
[36.923s][debug][gc,phases      ] GC(96)   ResolvedMethodTable Weak       Min:  0.0, Avg:  0.0, Max:  0.0, Diff:  0.0, Sum:  0.1, Workers: 4
[36.923s][debug][gc,phases      ] GC(96)     Dead                           Min: 0, Avg:  0.0, Max: 0, Diff: 0, Sum: 0, Workers: 4
[36.923s][debug][gc,phases      ] GC(96)     Total                          Min: 1792, Avg: 1955.5, Max: 2062, Diff: 270, Sum: 7822, Workers: 4
[36.923s][debug][gc,phases      ] GC(96)   JNI Weak                       Min:  0.0, Avg:  0.0, Max:  0.0, Diff:  0.0, Sum:  0.0, Workers: 4
[36.923s][debug][gc,phases      ] GC(96)     Dead                           Min: 0, Avg:  0.0, Max: 0, Diff: 0, Sum: 0, Workers: 4
[36.923s][debug][gc,phases      ] GC(96)     Total                          Min: 0, Avg:  0.2, Max: 1, Diff: 1, Sum: 1, Workers: 4
[36.923s][debug][gc,phases      ] GC(96)   StringDedup Table Weak         Min:  0.0, Avg:  0.0, Max:  0.0, Diff:  0.0, Sum:  0.0, Workers: 4
[36.923s][debug][gc,phases      ] GC(96)     Dead                           Min: 0, Avg:  0.0, Max: 0, Diff: 0, Sum: 0, Workers: 4
[36.923s][debug][gc,phases      ] GC(96)     Total                          Min: 0, Avg:  0.0, Max: 0, Diff: 0, Sum: 0, Workers: 4
[36.923s][debug][gc,phases      ] GC(96)   StringDedup Requests0 Weak     Min:  0.0, Avg:  0.0, Max:  0.0, Diff:  0.0, Sum:  0.0, Workers: 4
[36.923s][debug][gc,phases      ] GC(96)     Dead                           Min: 0, Avg:  0.0, Max: 0, Diff: 0, Sum: 0, Workers: 4
[36.923s][debug][gc,phases      ] GC(96)     Total                          Min: 0, Avg:  0.0, Max: 0, Diff: 0, Sum: 0, Workers: 4
[36.923s][debug][gc,phases      ] GC(96)   StringDedup Requests1 Weak     Min:  0.0, Avg:  0.0, Max:  0.0, Diff:  0.0, Sum:  0.0, Workers: 4
[36.923s][debug][gc,phases      ] GC(96)     Dead                           Min: 0, Avg:  0.0, Max: 0, Diff: 0, Sum: 0, Workers: 4
[36.923s][debug][gc,phases      ] GC(96)     Total                          Min: 0, Avg:  0.0, Max: 0, Diff: 0, Sum: 0, Workers: 4
[36.923s][debug][gc,phases      ] GC(96)   Weak JFR Old Object Samples    Min:  0.0, Avg:  0.0, Max:  0.0, Diff:  0.0, Sum:  0.0, Workers: 4
[36.923s][debug][gc,phases      ] GC(96)     Dead                           Min: 0, Avg:  0.0, Max: 0, Diff: 0, Sum: 0, Workers: 4
[36.923s][debug][gc,phases      ] GC(96)     Total                          Min: 0, Avg:  0.0, Max: 0, Diff: 0, Sum: 0, Workers: 4
[36.923s][debug][gc,phases      ] GC(96) Weak Processing 0.263ms
[36.923s][debug][gc,age         ] GC(96) Desired survivor size 38797312 bytes, new threshold 15 (max threshold 15)
[36.923s][info ][gc,heap        ] GC(96) PSYoungGen: 2019424K(2054656K)->6144K(2059264K) Eden: 2013696K(2013696K)->0K(2019840K) From: 5728K(40960K)->6144K(39424K)
[36.923s][info ][gc,heap        ] GC(96) ParOldGen: 400973K(422912K)->401237K(422912K)
[36.923s][info ][gc,metaspace   ] GC(96) Metaspace: 78089K(78912K)->78089K(78912K) NonClass: 66891K(67328K)->66891K(67328K) Class: 11197K(11584K)->11197K(11584K)
[36.923s][info ][gc             ] GC(96) Pause Young (Allocation Failure) 2363M->397M(2424M) 4.245ms
[36.923s][info ][gc,cpu         ] GC(96) User=0.01s Sys=0.00s Real=0.01s
[36.923s][info ][safepoint      ] Safepoint "ParallelGCFailedAllocation", Time since last: 392446916 ns, Reaching safepoint: 122501 ns, At safepoint: 4337433 ns, Total: 4459934 ns
[37.361s][info ][gc,start       ] GC(97) Pause Young (Allocation Failure)
[37.364s][debug][gc,phases      ] GC(97) Scavenge 3.175ms
[37.364s][debug][gc,ref         ] GC(97) Skipped phase 1 of Reference Processing: no references
[37.364s][debug][gc,ref         ] GC(97) Skipped phase 2 of Reference Processing: no references
[37.364s][debug][gc,ref         ] GC(97) Skipped phase 3 of Reference Processing: no references
[37.364s][debug][gc,ref         ] GC(97) Skipped phase 4 of Reference Processing: no references
[37.364s][debug][gc,phases      ] GC(97) Reference Processing 0.020ms
[37.364s][debug][gc,phases      ] GC(97)   VM Weak                        Min:  0.0, Avg:  0.0, Max:  0.0, Diff:  0.0, Sum:  0.0, Workers: 4
[37.364s][debug][gc,phases      ] GC(97)     Dead                           Min: 0, Avg:  0.0, Max: 0, Diff: 0, Sum: 0, Workers: 4
[37.364s][debug][gc,phases      ] GC(97)     Total                          Min: 0, Avg: 157.8, Max: 375, Diff: 375, Sum: 631, Workers: 4
[37.364s][debug][gc,phases      ] GC(97)   ObjectSynchronizer Weak        Min:  0.0, Avg:  0.0, Max:  0.0, Diff:  0.0, Sum:  0.0, Workers: 4
[37.364s][debug][gc,phases      ] GC(97)     Dead                           Min: 0, Avg:  0.0, Max: 0, Diff: 0, Sum: 0, Workers: 4
[37.364s][debug][gc,phases      ] GC(97)     Total                          Min: 0, Avg: 85.5, Max: 214, Diff: 214, Sum: 342, Workers: 4
[37.364s][debug][gc,phases      ] GC(97)   JVMTI Tag Weak OopStorage      Min:  0.0, Avg:  0.0, Max:  0.0, Diff:  0.0, Sum:  0.0, Workers: 4
[37.364s][debug][gc,phases      ] GC(97)     Dead                           Min: 0, Avg:  0.0, Max: 0, Diff: 0, Sum: 0, Workers: 4
[37.364s][debug][gc,phases      ] GC(97)     Total                          Min: 0, Avg:  0.0, Max: 0, Diff: 0, Sum: 0, Workers: 4
[37.364s][debug][gc,phases      ] GC(97)   StringTable Weak               Min:  0.1, Avg:  0.1, Max:  0.1, Diff:  0.0, Sum:  0.3, Workers: 4
[37.364s][debug][gc,phases      ] GC(97)     Dead                           Min: 0, Avg:  0.0, Max: 0, Diff: 0, Sum: 0, Workers: 4
[37.364s][debug][gc,phases      ] GC(97)     Total                          Min: 8742, Avg: 11625.5, Max: 14720, Diff: 5978, Sum: 46502, Workers: 4
[37.364s][debug][gc,phases      ] GC(97)   ResolvedMethodTable Weak       Min:  0.0, Avg:  0.0, Max:  0.0, Diff:  0.0, Sum:  0.1, Workers: 4
[37.364s][debug][gc,phases      ] GC(97)     Dead                           Min: 0, Avg:  0.0, Max: 0, Diff: 0, Sum: 0, Workers: 4
[37.364s][debug][gc,phases      ] GC(97)     Total                          Min: 1280, Avg: 1955.5, Max: 2496, Diff: 1216, Sum: 7822, Workers: 4
[37.364s][debug][gc,phases      ] GC(97)   JNI Weak                       Min:  0.0, Avg:  0.0, Max:  0.0, Diff:  0.0, Sum:  0.0, Workers: 4
[37.364s][debug][gc,phases      ] GC(97)     Dead                           Min: 0, Avg:  0.0, Max: 0, Diff: 0, Sum: 0, Workers: 4
[37.364s][debug][gc,phases      ] GC(97)     Total                          Min: 0, Avg:  0.0, Max: 0, Diff: 0, Sum: 0, Workers: 4
[37.364s][debug][gc,phases      ] GC(97)   StringDedup Table Weak         Min:  0.0, Avg:  0.0, Max:  0.0, Diff:  0.0, Sum:  0.0, Workers: 4
[37.364s][debug][gc,phases      ] GC(97)     Dead                           Min: 0, Avg:  0.0, Max: 0, Diff: 0, Sum: 0, Workers: 4
[37.364s][debug][gc,phases      ] GC(97)     Total                          Min: 0, Avg:  0.0, Max: 0, Diff: 0, Sum: 0, Workers: 4
[37.364s][debug][gc,phases      ] GC(97)   StringDedup Requests0 Weak     Min:  0.0, Avg:  0.0, Max:  0.0, Diff:  0.0, Sum:  0.0, Workers: 4
[37.364s][debug][gc,phases      ] GC(97)     Dead                           Min: 0, Avg:  0.0, Max: 0, Diff: 0, Sum: 0, Workers: 4
[37.364s][debug][gc,phases      ] GC(97)     Total                          Min: 0, Avg:  0.0, Max: 0, Diff: 0, Sum: 0, Workers: 4
[37.364s][debug][gc,phases      ] GC(97)   StringDedup Requests1 Weak     Min:  0.0, Avg:  0.0, Max:  0.0, Diff:  0.0, Sum:  0.0, Workers: 4
[37.364s][debug][gc,phases      ] GC(97)     Dead                           Min: 0, Avg:  0.0, Max: 0, Diff: 0, Sum: 0, Workers: 4
[37.364s][debug][gc,phases      ] GC(97)     Total                          Min: 0, Avg:  0.0, Max: 0, Diff: 0, Sum: 0, Workers: 4
[37.364s][debug][gc,phases      ] GC(97)   Weak JFR Old Object Samples    Min:  0.0, Avg:  0.0, Max:  0.0, Diff:  0.0, Sum:  0.0, Workers: 4
[37.364s][debug][gc,phases      ] GC(97)     Dead                           Min: 0, Avg:  0.0, Max: 0, Diff: 0, Sum: 0, Workers: 4
[37.364s][debug][gc,phases      ] GC(97)     Total                          Min: 0, Avg:  0.0, Max: 0, Diff: 0, Sum: 0, Workers: 4
[37.364s][debug][gc,phases      ] GC(97) Weak Processing 0.267ms
[37.364s][debug][gc,age         ] GC(97) Desired survivor size 37224448 bytes, new threshold 15 (max threshold 15)
[37.364s][info ][gc,heap        ] GC(97) PSYoungGen: 2025984K(2059264K)->7008K(2057728K) Eden: 2019840K(2019840K)->0K(2019840K) From: 6144K(39424K)->7008K(37888K)
[37.364s][info ][gc,heap        ] GC(97) ParOldGen: 401237K(422912K)->401533K(422912K)
[37.364s][info ][gc,metaspace   ] GC(97) Metaspace: 78101K(78912K)->78101K(78912K) NonClass: 66903K(67328K)->66903K(67328K) Class: 11197K(11584K)->11197K(11584K)
[37.364s][info ][gc             ] GC(97) Pause Young (Allocation Failure) 2370M->398M(2422M) 3.555ms
[37.364s][info ][gc,cpu         ] GC(97) User=0.02s Sys=0.00s Real=0.01s
[37.364s][info ][safepoint      ] Safepoint "ParallelGCFailedAllocation", Time since last: 437729164 ns, Reaching safepoint: 48800 ns, At safepoint: 3646628 ns, Total: 3695428 ns
[38.365s][info ][safepoint      ] Safepoint "Cleanup", Time since last: 1000079384 ns, Reaching safepoint: 45601 ns, At safepoint: 6300 ns, Total: 51901 ns
[39.365s][info ][safepoint      ] Safepoint "Cleanup", Time since last: 1000091782 ns, Reaching safepoint: 62501 ns, At safepoint: 7000 ns, Total: 69501 ns
[40.365s][info ][safepoint      ] Safepoint "Cleanup", Time since last: 1000048981 ns, Reaching safepoint: 53900 ns, At safepoint: 11600 ns, Total: 65500 ns
[41.365s][info ][safepoint      ] Safepoint "Cleanup", Time since last: 1000085380 ns, Reaching safepoint: 51801 ns, At safepoint: 5400 ns, Total: 57201 ns
[42.365s][info ][safepoint      ] Safepoint "Cleanup", Time since last: 1000100078 ns, Reaching safepoint: 43500 ns, At safepoint: 2900 ns, Total: 46400 ns
[43.365s][info ][safepoint      ] Safepoint "Cleanup", Time since last: 1000105478 ns, Reaching safepoint: 48300 ns, At safepoint: 3100 ns, Total: 51400 ns
[44.365s][info ][safepoint      ] Safepoint "Cleanup", Time since last: 1000098976 ns, Reaching safepoint: 45500 ns, At safepoint: 2900 ns, Total: 48400 ns
[45.366s][info ][safepoint      ] Safepoint "Cleanup", Time since last: 1000094974 ns, Reaching safepoint: 56601 ns, At safepoint: 6500 ns, Total: 63101 ns
[46.284s][info ][safepoint      ] Safepoint "ICBufferFull", Time since last: 918048143 ns, Reaching safepoint: 163801 ns, At safepoint: 6100 ns, Total: 169901 ns
[47.284s][info ][safepoint      ] Safepoint "Cleanup", Time since last: 1000100872 ns, Reaching safepoint: 121301 ns, At safepoint: 5200 ns, Total: 126501 ns
[48.284s][info ][safepoint      ] Safepoint "Cleanup", Time since last: 1000096670 ns, Reaching safepoint: 80701 ns, At safepoint: 9900 ns, Total: 90601 ns
[49.930s][info ][safepoint      ] Safepoint "ICBufferFull", Time since last: 1646033921 ns, Reaching safepoint: 175601 ns, At safepoint: 6200 ns, Total: 181801 ns
[50.931s][info ][safepoint      ] Safepoint "Cleanup", Time since last: 1000108467 ns, Reaching safepoint: 130201 ns, At safepoint: 8200 ns, Total: 138401 ns
[51.931s][info ][safepoint      ] Safepoint "Cleanup", Time since last: 1000097165 ns, Reaching safepoint: 64800 ns, At safepoint: 10500 ns, Total: 75300 ns
[52.931s][info ][safepoint      ] Safepoint "Cleanup", Time since last: 1000097764 ns, Reaching safepoint: 46400 ns, At safepoint: 8800 ns, Total: 55200 ns
[53.931s][info ][safepoint      ] Safepoint "Cleanup", Time since last: 1000095962 ns, Reaching safepoint: 111501 ns, At safepoint: 4600 ns, Total: 116101 ns
[55.739s][info ][safepoint      ] Safepoint "Cleanup", Time since last: 1807743747 ns, Reaching safepoint: 92900 ns, At safepoint: 9300 ns, Total: 102200 ns
[56.739s][info ][safepoint      ] Safepoint "Cleanup", Time since last: 1000096459 ns, Reaching safepoint: 50400 ns, At safepoint: 9600 ns, Total: 60000 ns
[57.739s][info ][safepoint      ] Safepoint "Cleanup", Time since last: 1000076857 ns, Reaching safepoint: 52300 ns, At safepoint: 4500 ns, Total: 56800 ns
[58.740s][info ][safepoint      ] Safepoint "Cleanup", Time since last: 1000094956 ns, Reaching safepoint: 51000 ns, At safepoint: 7600 ns, Total: 58600 ns
[59.740s][info ][safepoint      ] Safepoint "Cleanup", Time since last: 1000094455 ns, Reaching safepoint: 49000 ns, At safepoint: 9500 ns, Total: 58500 ns
[60.740s][info ][safepoint      ] Safepoint "Cleanup", Time since last: 1000096653 ns, Reaching safepoint: 41700 ns, At safepoint: 2100 ns, Total: 43800 ns
[61.740s][info ][safepoint      ] Safepoint "Cleanup", Time since last: 1000109852 ns, Reaching safepoint: 50600 ns, At safepoint: 7400 ns, Total: 58000 ns
[62.740s][info ][safepoint      ] Safepoint "Cleanup", Time since last: 1000088850 ns, Reaching safepoint: 48800 ns, At safepoint: 2900 ns, Total: 51700 ns
[63.740s][info ][safepoint      ] Safepoint "Cleanup", Time since last: 1000064449 ns, Reaching safepoint: 41800 ns, At safepoint: 7500 ns, Total: 49300 ns
[64.740s][info ][safepoint      ] Safepoint "Cleanup", Time since last: 1000090247 ns, Reaching safepoint: 41401 ns, At safepoint: 4800 ns, Total: 46201 ns
[65.741s][info ][safepoint      ] Safepoint "Cleanup", Time since last: 1000094946 ns, Reaching safepoint: 35300 ns, At safepoint: 2700 ns, Total: 38000 ns
[66.741s][info ][safepoint      ] Safepoint "Cleanup", Time since last: 1000106545 ns, Reaching safepoint: 44400 ns, At safepoint: 4500 ns, Total: 48900 ns
[67.741s][info ][safepoint      ] Safepoint "Cleanup", Time since last: 1000044743 ns, Reaching safepoint: 44300 ns, At safepoint: 5100 ns, Total: 49400 ns
[68.741s][info ][safepoint      ] Safepoint "Cleanup", Time since last: 1000092142 ns, Reaching safepoint: 51501 ns, At safepoint: 4800 ns, Total: 56301 ns
[69.741s][info ][safepoint      ] Safepoint "Cleanup", Time since last: 1000103140 ns, Reaching safepoint: 111001 ns, At safepoint: 13500 ns, Total: 124501 ns
[70.741s][info ][safepoint      ] Safepoint "Cleanup", Time since last: 1000096339 ns, Reaching safepoint: 63701 ns, At safepoint: 19400 ns, Total: 83101 ns
[71.741s][info ][safepoint      ] Safepoint "Cleanup", Time since last: 1000097238 ns, Reaching safepoint: 50300 ns, At safepoint: 8600 ns, Total: 58900 ns
[72.742s][info ][safepoint      ] Safepoint "Cleanup", Time since last: 1000093637 ns, Reaching safepoint: 39000 ns, At safepoint: 2200 ns, Total: 41200 ns
[73.742s][info ][safepoint      ] Safepoint "Cleanup", Time since last: 1000097235 ns, Reaching safepoint: 50101 ns, At safepoint: 12000 ns, Total: 62101 ns
[74.742s][info ][safepoint      ] Safepoint "Cleanup", Time since last: 1000099233 ns, Reaching safepoint: 39401 ns, At safepoint: 5200 ns, Total: 44601 ns
[75.742s][info ][safepoint      ] Safepoint "Cleanup", Time since last: 1000091632 ns, Reaching safepoint: 70701 ns, At safepoint: 10100 ns, Total: 80801 ns
[76.742s][info ][safepoint      ] Safepoint "Cleanup", Time since last: 1000095231 ns, Reaching safepoint: 88301 ns, At safepoint: 6200 ns, Total: 94501 ns
[77.742s][info ][safepoint      ] Safepoint "Cleanup", Time since last: 1000090829 ns, Reaching safepoint: 74301 ns, At safepoint: 8200 ns, Total: 82501 ns
[78.371s][info ][gc,start       ] GC(98) Pause Young (Allocation Failure)
[78.382s][debug][gc,phases      ] GC(98) Scavenge 11.571ms
[78.383s][debug][gc,ref         ] GC(98) Skipped phase 1 of Reference Processing: no references
[78.383s][debug][gc,ref         ] GC(98) ReferenceProcessor::execute queues: 1, RefProcThreadModel::Single, marks_oops_alive: false
[78.383s][debug][gc,ref         ] GC(98) Skipped phase 3 of Reference Processing: no references
[78.383s][debug][gc,ref         ] GC(98) ReferenceProcessor::execute queues: 1, RefProcThreadModel::Single, marks_oops_alive: false
[78.383s][debug][gc,phases      ] GC(98) Reference Processing 0.087ms
[78.383s][debug][gc,phases      ] GC(98)   VM Weak                        Min:  0.0, Avg:  0.0, Max:  0.0, Diff:  0.0, Sum:  0.0, Workers: 4
[78.383s][debug][gc,phases      ] GC(98)     Dead                           Min: 0, Avg:  0.0, Max: 0, Diff: 0, Sum: 0, Workers: 4
[78.383s][debug][gc,phases      ] GC(98)     Total                          Min: 0, Avg: 158.8, Max: 571, Diff: 571, Sum: 635, Workers: 4
[78.383s][debug][gc,phases      ] GC(98)   ObjectSynchronizer Weak        Min:  0.0, Avg:  0.0, Max:  0.0, Diff:  0.0, Sum:  0.0, Workers: 4
[78.383s][debug][gc,phases      ] GC(98)     Dead                           Min: 0, Avg:  0.2, Max: 1, Diff: 1, Sum: 1, Workers: 4
[78.383s][debug][gc,phases      ] GC(98)     Total                          Min: 0, Avg: 86.2, Max: 217, Diff: 217, Sum: 345, Workers: 4
[78.383s][debug][gc,phases      ] GC(98)   JVMTI Tag Weak OopStorage      Min:  0.0, Avg:  0.0, Max:  0.0, Diff:  0.0, Sum:  0.0, Workers: 4
[78.383s][debug][gc,phases      ] GC(98)     Dead                           Min: 0, Avg:  0.0, Max: 0, Diff: 0, Sum: 0, Workers: 4
[78.383s][debug][gc,phases      ] GC(98)     Total                          Min: 0, Avg:  0.0, Max: 0, Diff: 0, Sum: 0, Workers: 4
[78.383s][debug][gc,phases      ] GC(98)   StringTable Weak               Min:  0.1, Avg:  0.1, Max:  0.1, Diff:  0.0, Sum:  0.3, Workers: 4
[78.383s][debug][gc,phases      ] GC(98)     Dead                           Min: 0, Avg:  0.0, Max: 0, Diff: 0, Sum: 0, Workers: 4
[78.383s][debug][gc,phases      ] GC(98)     Total                          Min: 7851, Avg: 11738.8, Max: 14144, Diff: 6293, Sum: 46955, Workers: 4
[78.383s][debug][gc,phases      ] GC(98)   ResolvedMethodTable Weak       Min:  0.0, Avg:  0.0, Max:  0.0, Diff:  0.0, Sum:  0.1, Workers: 4
[78.383s][debug][gc,phases      ] GC(98)     Dead                           Min: 0, Avg:  0.0, Max: 0, Diff: 0, Sum: 0, Workers: 4
[78.383s][debug][gc,phases      ] GC(98)     Total                          Min: 1280, Avg: 1961.2, Max: 2304, Diff: 1024, Sum: 7845, Workers: 4
[78.383s][debug][gc,phases      ] GC(98)   JNI Weak                       Min:  0.0, Avg:  0.0, Max:  0.0, Diff:  0.0, Sum:  0.0, Workers: 4
[78.383s][debug][gc,phases      ] GC(98)     Dead                           Min: 0, Avg:  0.0, Max: 0, Diff: 0, Sum: 0, Workers: 4
[78.383s][debug][gc,phases      ] GC(98)     Total                          Min: 0, Avg:  2.0, Max: 8, Diff: 8, Sum: 8, Workers: 4
[78.383s][debug][gc,phases      ] GC(98)   StringDedup Table Weak         Min:  0.0, Avg:  0.0, Max:  0.0, Diff:  0.0, Sum:  0.0, Workers: 4
[78.383s][debug][gc,phases      ] GC(98)     Dead                           Min: 0, Avg:  0.0, Max: 0, Diff: 0, Sum: 0, Workers: 4
[78.383s][debug][gc,phases      ] GC(98)     Total                          Min: 0, Avg:  0.0, Max: 0, Diff: 0, Sum: 0, Workers: 4
[78.383s][debug][gc,phases      ] GC(98)   StringDedup Requests0 Weak     Min:  0.0, Avg:  0.0, Max:  0.0, Diff:  0.0, Sum:  0.0, Workers: 4
[78.383s][debug][gc,phases      ] GC(98)     Dead                           Min: 0, Avg:  0.0, Max: 0, Diff: 0, Sum: 0, Workers: 4
[78.383s][debug][gc,phases      ] GC(98)     Total                          Min: 0, Avg:  0.0, Max: 0, Diff: 0, Sum: 0, Workers: 4
[78.383s][debug][gc,phases      ] GC(98)   StringDedup Requests1 Weak     Min:  0.0, Avg:  0.0, Max:  0.0, Diff:  0.0, Sum:  0.0, Workers: 4
[78.383s][debug][gc,phases      ] GC(98)     Dead                           Min: 0, Avg:  0.0, Max: 0, Diff: 0, Sum: 0, Workers: 4
[78.383s][debug][gc,phases      ] GC(98)     Total                          Min: 0, Avg:  0.0, Max: 0, Diff: 0, Sum: 0, Workers: 4
[78.383s][debug][gc,phases      ] GC(98)   Weak JFR Old Object Samples    Min:  0.0, Avg:  0.0, Max:  0.0, Diff:  0.0, Sum:  0.0, Workers: 4
[78.383s][debug][gc,phases      ] GC(98)     Dead                           Min: 0, Avg:  0.0, Max: 0, Diff: 0, Sum: 0, Workers: 4
[78.383s][debug][gc,phases      ] GC(98)     Total                          Min: 0, Avg:  0.0, Max: 0, Diff: 0, Sum: 0, Workers: 4
[78.383s][debug][gc,phases      ] GC(98) Weak Processing 0.251ms
[78.383s][debug][gc,age         ] GC(98) Desired survivor size 38797312 bytes, new threshold 15 (max threshold 15)
[78.383s][info ][gc,heap        ] GC(98) PSYoungGen: 2026848K(2057728K)->23104K(2057728K) Eden: 2019840K(2019840K)->0K(2021376K) From: 7008K(37888K)->23104K(36352K)
[78.383s][info ][gc,heap        ] GC(98) ParOldGen: 401533K(422912K)->401877K(422912K)
[78.383s][info ][gc,metaspace   ] GC(98) Metaspace: 78765K(79552K)->78765K(79552K) NonClass: 67555K(67968K)->67555K(67968K) Class: 11209K(11584K)->11209K(11584K)
[78.383s][info ][gc             ] GC(98) Pause Young (Allocation Failure) 2371M->415M(2422M) 12.009ms
[78.383s][info ][gc,cpu         ] GC(98) User=0.05s Sys=0.00s Real=0.01s
[78.383s][info ][safepoint      ] Safepoint "ParallelGCFailedAllocation", Time since last: 628308993 ns, Reaching safepoint: 81400 ns, At safepoint: 12075693 ns, Total: 12157093 ns
[78.686s][info ][safepoint      ] Safepoint "ICBufferFull", Time since last: 302319405 ns, Reaching safepoint: 268003 ns, At safepoint: 10900 ns, Total: 278903 ns
[79.433s][info ][safepoint      ] Safepoint "ICBufferFull", Time since last: 747325199 ns, Reaching safepoint: 204402 ns, At safepoint: 16600 ns, Total: 221002 ns
[80.236s][info ][safepoint      ] Safepoint "ICBufferFull", Time since last: 803052824 ns, Reaching safepoint: 258902 ns, At safepoint: 14600 ns, Total: 273502 ns
[81.237s][info ][safepoint      ] Safepoint "Cleanup", Time since last: 1000098625 ns, Reaching safepoint: 81701 ns, At safepoint: 5100 ns, Total: 86801 ns
[82.237s][info ][safepoint      ] Safepoint "Cleanup", Time since last: 1000088923 ns, Reaching safepoint: 48801 ns, At safepoint: 5100 ns, Total: 53901 ns
[83.549s][info ][safepoint      ] Safepoint "Cleanup", Time since last: 1311749797 ns, Reaching safepoint: 146002 ns, At safepoint: 9400 ns, Total: 155402 ns
[84.582s][info ][safepoint      ] Safepoint "Cleanup", Time since last: 1033574876 ns, Reaching safepoint: 165901 ns, At safepoint: 9300 ns, Total: 175201 ns
[85.583s][info ][safepoint      ] Safepoint "Cleanup", Time since last: 1000106019 ns, Reaching safepoint: 55301 ns, At safepoint: 5200 ns, Total: 60501 ns
[86.583s][info ][safepoint      ] Safepoint "Cleanup", Time since last: 1000088618 ns, Reaching safepoint: 41600 ns, At safepoint: 7400 ns, Total: 49000 ns
[87.583s][info ][safepoint      ] Safepoint "Cleanup", Time since last: 1000092117 ns, Reaching safepoint: 47601 ns, At safepoint: 7300 ns, Total: 54901 ns
[88.583s][info ][safepoint      ] Safepoint "Cleanup", Time since last: 1000097415 ns, Reaching safepoint: 62801 ns, At safepoint: 6400 ns, Total: 69201 ns
[89.583s][info ][safepoint      ] Safepoint "Cleanup", Time since last: 1000094714 ns, Reaching safepoint: 80601 ns, At safepoint: 4900 ns, Total: 85501 ns
[90.583s][info ][safepoint      ] Safepoint "Cleanup", Time since last: 1000095513 ns, Reaching safepoint: 43400 ns, At safepoint: 4800 ns, Total: 48200 ns
[91.583s][info ][safepoint      ] Safepoint "Cleanup", Time since last: 1000091812 ns, Reaching safepoint: 44100 ns, At safepoint: 7000 ns, Total: 51100 ns
[92.584s][info ][safepoint      ] Safepoint "Cleanup", Time since last: 1000093210 ns, Reaching safepoint: 130101 ns, At safepoint: 11700 ns, Total: 141801 ns
[93.584s][info ][safepoint      ] Safepoint "Cleanup", Time since last: 1000097710 ns, Reaching safepoint: 88500 ns, At safepoint: 10800 ns, Total: 99300 ns
[94.584s][info ][safepoint      ] Safepoint "Cleanup", Time since last: 1000091608 ns, Reaching safepoint: 118101 ns, At safepoint: 7500 ns, Total: 125601 ns
[95.584s][info ][safepoint      ] Safepoint "Cleanup", Time since last: 1000093407 ns, Reaching safepoint: 45300 ns, At safepoint: 5600 ns, Total: 50900 ns
[96.584s][info ][safepoint      ] Safepoint "Cleanup", Time since last: 1000095805 ns, Reaching safepoint: 46200 ns, At safepoint: 9401 ns, Total: 55601 ns
[97.585s][info ][safepoint      ] Safepoint "Cleanup", Time since last: 1000097404 ns, Reaching safepoint: 58700 ns, At safepoint: 7000 ns, Total: 65700 ns
[98.585s][info ][safepoint      ] Safepoint "Cleanup", Time since last: 1000095603 ns, Reaching safepoint: 44100 ns, At safepoint: 5000 ns, Total: 49100 ns
[99.585s][info ][safepoint      ] Safepoint "Cleanup", Time since last: 1000082101 ns, Reaching safepoint: 64901 ns, At safepoint: 5200 ns, Total: 70101 ns
[100.585s][info ][safepoint      ] Safepoint "Cleanup", Time since last: 1000073600 ns, Reaching safepoint: 41400 ns, At safepoint: 3300 ns, Total: 44700 ns
[101.585s][info ][safepoint      ] Safepoint "Cleanup", Time since last: 1000097399 ns, Reaching safepoint: 65801 ns, At safepoint: 6100 ns, Total: 71901 ns
[103.481s][info ][safepoint      ] Safepoint "Cleanup", Time since last: 1895332297 ns, Reaching safepoint: 196102 ns, At safepoint: 8000 ns, Total: 204102 ns
[104.481s][info ][safepoint      ] Safepoint "Cleanup", Time since last: 1000099995 ns, Reaching safepoint: 103901 ns, At safepoint: 8000 ns, Total: 111901 ns
[105.481s][info ][safepoint      ] Safepoint "Cleanup", Time since last: 1000099694 ns, Reaching safepoint: 121001 ns, At safepoint: 7800 ns, Total: 128801 ns
[106.481s][info ][safepoint      ] Safepoint "Cleanup", Time since last: 1000101392 ns, Reaching safepoint: 109301 ns, At safepoint: 11200 ns, Total: 120501 ns
[107.482s][info ][safepoint      ] Safepoint "Cleanup", Time since last: 1000105692 ns, Reaching safepoint: 109101 ns, At safepoint: 9800 ns, Total: 118901 ns
[108.482s][info ][safepoint      ] Safepoint "Cleanup", Time since last: 1000094290 ns, Reaching safepoint: 108901 ns, At safepoint: 8600 ns, Total: 117501 ns
[109.482s][info ][safepoint      ] Safepoint "Cleanup", Time since last: 1000085089 ns, Reaching safepoint: 108100 ns, At safepoint: 7401 ns, Total: 115501 ns
[110.482s][info ][safepoint      ] Safepoint "Cleanup", Time since last: 1000042487 ns, Reaching safepoint: 118301 ns, At safepoint: 10700 ns, Total: 129001 ns
[111.482s][info ][safepoint      ] Safepoint "Cleanup", Time since last: 1000093686 ns, Reaching safepoint: 108301 ns, At safepoint: 10500 ns, Total: 118801 ns
[112.483s][info ][safepoint      ] Safepoint "Cleanup", Time since last: 1000088285 ns, Reaching safepoint: 133301 ns, At safepoint: 7900 ns, Total: 141201 ns
[113.483s][info ][safepoint      ] Safepoint "Cleanup", Time since last: 1000086984 ns, Reaching safepoint: 110601 ns, At safepoint: 7500 ns, Total: 118101 ns
[114.483s][info ][safepoint      ] Safepoint "Cleanup", Time since last: 1000093583 ns, Reaching safepoint: 243202 ns, At safepoint: 9800 ns, Total: 253002 ns
[115.483s][info ][safepoint      ] Safepoint "Cleanup", Time since last: 1000094081 ns, Reaching safepoint: 38100 ns, At safepoint: 8801 ns, Total: 46901 ns
[116.483s][info ][safepoint      ] Safepoint "Cleanup", Time since last: 1000103980 ns, Reaching safepoint: 36400 ns, At safepoint: 2800 ns, Total: 39200 ns
[117.484s][info ][safepoint      ] Safepoint "Cleanup", Time since last: 1000090579 ns, Reaching safepoint: 35500 ns, At safepoint: 2800 ns, Total: 38300 ns
[117.882s][info ][gc,start       ] GC(99) Pause Young (Allocation Failure)
[117.895s][debug][gc,phases      ] GC(99) Scavenge 13.067ms
[117.895s][debug][gc,ref         ] GC(99) Skipped phase 1 of Reference Processing: no references
[117.896s][debug][gc,ref         ] GC(99) ReferenceProcessor::execute queues: 1, RefProcThreadModel::Single, marks_oops_alive: false
[117.896s][debug][gc,ref         ] GC(99) Skipped phase 3 of Reference Processing: no references
[117.896s][debug][gc,ref         ] GC(99) ReferenceProcessor::execute queues: 1, RefProcThreadModel::Single, marks_oops_alive: false
[117.896s][debug][gc,phases      ] GC(99) Reference Processing 0.111ms
[117.896s][debug][gc,phases      ] GC(99)   VM Weak                        Min:  0.0, Avg:  0.0, Max:  0.0, Diff:  0.0, Sum:  0.0, Workers: 4
[117.896s][debug][gc,phases      ] GC(99)     Dead                           Min: 0, Avg:  0.0, Max: 0, Diff: 0, Sum: 0, Workers: 4
[117.896s][debug][gc,phases      ] GC(99)     Total                          Min: 0, Avg: 159.5, Max: 574, Diff: 574, Sum: 638, Workers: 4
[117.896s][debug][gc,phases      ] GC(99)   ObjectSynchronizer Weak        Min:  0.0, Avg:  0.0, Max:  0.0, Diff:  0.0, Sum:  0.0, Workers: 4
[117.896s][debug][gc,phases      ] GC(99)     Dead                           Min: 0, Avg:  0.0, Max: 0, Diff: 0, Sum: 0, Workers: 4
[117.896s][debug][gc,phases      ] GC(99)     Total                          Min: 0, Avg: 86.5, Max: 218, Diff: 218, Sum: 346, Workers: 4
[117.896s][debug][gc,phases      ] GC(99)   JVMTI Tag Weak OopStorage      Min:  0.0, Avg:  0.0, Max:  0.0, Diff:  0.0, Sum:  0.0, Workers: 4
[117.896s][debug][gc,phases      ] GC(99)     Dead                           Min: 0, Avg:  0.0, Max: 0, Diff: 0, Sum: 0, Workers: 4
[117.896s][debug][gc,phases      ] GC(99)     Total                          Min: 0, Avg:  0.0, Max: 0, Diff: 0, Sum: 0, Workers: 4
[117.896s][debug][gc,phases      ] GC(99)   StringTable Weak               Min:  0.1, Avg:  0.1, Max:  0.1, Diff:  0.0, Sum:  0.3, Workers: 4
[117.896s][debug][gc,phases      ] GC(99)     Dead                           Min: 0, Avg:  1.0, Max: 4, Diff: 4, Sum: 4, Workers: 4
[117.896s][debug][gc,phases      ] GC(99)     Total                          Min: 11475, Avg: 11828.8, Max: 12416, Diff: 941, Sum: 47315, Workers: 4
[117.896s][debug][gc,phases      ] GC(99)   ResolvedMethodTable Weak       Min:  0.0, Avg:  0.0, Max:  0.0, Diff:  0.0, Sum:  0.1, Workers: 4
[117.896s][debug][gc,phases      ] GC(99)     Dead                           Min: 2, Avg:  4.5, Max: 12, Diff: 10, Sum: 18, Workers: 4
[117.896s][debug][gc,phases      ] GC(99)     Total                          Min: 1888, Avg: 1992.0, Max: 2112, Diff: 224, Sum: 7968, Workers: 4
[117.896s][debug][gc,phases      ] GC(99)   JNI Weak                       Min:  0.0, Avg:  0.0, Max:  0.0, Diff:  0.0, Sum:  0.0, Workers: 4
[117.896s][debug][gc,phases      ] GC(99)     Dead                           Min: 0, Avg:  0.0, Max: 0, Diff: 0, Sum: 0, Workers: 4
[117.896s][debug][gc,phases      ] GC(99)     Total                          Min: 0, Avg:  0.0, Max: 0, Diff: 0, Sum: 0, Workers: 4
[117.896s][debug][gc,phases      ] GC(99)   StringDedup Table Weak         Min:  0.0, Avg:  0.0, Max:  0.0, Diff:  0.0, Sum:  0.0, Workers: 4
[117.896s][debug][gc,phases      ] GC(99)     Dead                           Min: 0, Avg:  0.0, Max: 0, Diff: 0, Sum: 0, Workers: 4
[117.896s][debug][gc,phases      ] GC(99)     Total                          Min: 0, Avg:  0.0, Max: 0, Diff: 0, Sum: 0, Workers: 4
[117.896s][debug][gc,phases      ] GC(99)   StringDedup Requests0 Weak     Min:  0.0, Avg:  0.0, Max:  0.0, Diff:  0.0, Sum:  0.0, Workers: 4
[117.896s][debug][gc,phases      ] GC(99)     Dead                           Min: 0, Avg:  0.0, Max: 0, Diff: 0, Sum: 0, Workers: 4
[117.896s][debug][gc,phases      ] GC(99)     Total                          Min: 0, Avg:  0.0, Max: 0, Diff: 0, Sum: 0, Workers: 4
[117.896s][debug][gc,phases      ] GC(99)   StringDedup Requests1 Weak     Min:  0.0, Avg:  0.0, Max:  0.0, Diff:  0.0, Sum:  0.0, Workers: 4
[117.896s][debug][gc,phases      ] GC(99)     Dead                           Min: 0, Avg:  0.0, Max: 0, Diff: 0, Sum: 0, Workers: 4
[117.896s][debug][gc,phases      ] GC(99)     Total                          Min: 0, Avg:  0.0, Max: 0, Diff: 0, Sum: 0, Workers: 4
[117.896s][debug][gc,phases      ] GC(99)   Weak JFR Old Object Samples    Min:  0.0, Avg:  0.0, Max:  0.0, Diff:  0.0, Sum:  0.0, Workers: 4
[117.896s][debug][gc,phases      ] GC(99)     Dead                           Min: 0, Avg:  0.0, Max: 0, Diff: 0, Sum: 0, Workers: 4
[117.896s][debug][gc,phases      ] GC(99)     Total                          Min: 0, Avg:  0.0, Max: 0, Diff: 0, Sum: 0, Workers: 4
[117.896s][debug][gc,phases      ] GC(99) Weak Processing 0.245ms
[117.896s][debug][gc,age         ] GC(99) Desired survivor size 47710208 bytes, new threshold 14 (max threshold 15)
[117.896s][info ][gc,heap        ] GC(99) PSYoungGen: 2044480K(2057728K)->37861K(2059264K) Eden: 2021376K(2021376K)->0K(2021376K) From: 23104K(36352K)->37861K(37888K)
[117.896s][info ][gc,heap        ] GC(99) ParOldGen: 401877K(422912K)->405973K(422912K)
[117.896s][info ][gc,metaspace   ] GC(99) Metaspace: 79668K(80448K)->79668K(80448K) NonClass: 68363K(68800K)->68363K(68800K) Class: 11305K(11648K)->11305K(11648K)
[117.896s][info ][gc             ] GC(99) Pause Young (Allocation Failure) 2389M->433M(2424M) 13.530ms
[117.896s][info ][gc,cpu         ] GC(99) User=0.05s Sys=0.00s Real=0.01s
[117.896s][info ][safepoint      ] Safepoint "ParallelGCFailedAllocation", Time since last: 398657821 ns, Reaching safepoint: 31501 ns, At safepoint: 13605603 ns, Total: 13637104 ns
[119.896s][info ][safepoint      ] Safepoint "Cleanup", Time since last: 2000089852 ns, Reaching safepoint: 46101 ns, At safepoint: 7300 ns, Total: 53401 ns
[120.896s][info ][safepoint      ] Safepoint "Cleanup", Time since last: 1000091874 ns, Reaching safepoint: 50701 ns, At safepoint: 4600 ns, Total: 55301 ns
[122.896s][info ][safepoint      ] Safepoint "Cleanup", Time since last: 2000109445 ns, Reaching safepoint: 36700 ns, At safepoint: 7601 ns, Total: 44301 ns
[123.896s][info ][safepoint      ] Safepoint "Cleanup", Time since last: 1000092571 ns, Reaching safepoint: 44100 ns, At safepoint: 3600 ns, Total: 47700 ns
[124.897s][info ][safepoint      ] Safepoint "Cleanup", Time since last: 1000093670 ns, Reaching safepoint: 32500 ns, At safepoint: 7900 ns, Total: 40400 ns
[125.897s][info ][safepoint      ] Safepoint "Cleanup", Time since last: 1000094569 ns, Reaching safepoint: 43200 ns, At safepoint: 2200 ns, Total: 45400 ns
[126.897s][info ][safepoint      ] Safepoint "Cleanup", Time since last: 1000091468 ns, Reaching safepoint: 38400 ns, At safepoint: 2800 ns, Total: 41200 ns
[127.897s][info ][safepoint      ] Safepoint "Cleanup", Time since last: 1000097667 ns, Reaching safepoint: 39700 ns, At safepoint: 2000 ns, Total: 41700 ns
[128.897s][info ][safepoint      ] Safepoint "Cleanup", Time since last: 1000090565 ns, Reaching safepoint: 39700 ns, At safepoint: 7800 ns, Total: 47500 ns
[129.897s][info ][safepoint      ] Safepoint "Cleanup", Time since last: 1000090464 ns, Reaching safepoint: 41701 ns, At safepoint: 3000 ns, Total: 44701 ns
[130.897s][info ][safepoint      ] Safepoint "Cleanup", Time since last: 1000089162 ns, Reaching safepoint: 39201 ns, At safepoint: 2400 ns, Total: 41601 ns
[131.898s][info ][safepoint      ] Safepoint "Cleanup", Time since last: 1000081961 ns, Reaching safepoint: 44100 ns, At safepoint: 5100 ns, Total: 49200 ns
[132.898s][info ][safepoint      ] Safepoint "Cleanup", Time since last: 1000092561 ns, Reaching safepoint: 34700 ns, At safepoint: 2200 ns, Total: 36900 ns
[133.898s][info ][safepoint      ] Safepoint "Cleanup", Time since last: 1000103859 ns, Reaching safepoint: 54301 ns, At safepoint: 6800 ns, Total: 61101 ns
[134.898s][info ][safepoint      ] Safepoint "Cleanup", Time since last: 1000107558 ns, Reaching safepoint: 40400 ns, At safepoint: 8700 ns, Total: 49100 ns
[136.898s][info ][safepoint      ] Safepoint "Cleanup", Time since last: 2000162912 ns, Reaching safepoint: 46401 ns, At safepoint: 2200 ns, Total: 48601 ns
[137.898s][info ][safepoint      ] Safepoint "Cleanup", Time since last: 1000079954 ns, Reaching safepoint: 40700 ns, At safepoint: 5300 ns, Total: 46000 ns
[139.899s][info ][safepoint      ] Safepoint "Cleanup", Time since last: 2000165505 ns, Reaching safepoint: 44301 ns, At safepoint: 2500 ns, Total: 46801 ns
[140.899s][info ][safepoint      ] Safepoint "Cleanup", Time since last: 1000094751 ns, Reaching safepoint: 44800 ns, At safepoint: 7300 ns, Total: 52100 ns
[141.899s][info ][safepoint      ] Safepoint "Cleanup", Time since last: 1000044449 ns, Reaching safepoint: 59801 ns, At safepoint: 8400 ns, Total: 68201 ns
[142.899s][info ][safepoint      ] Safepoint "Cleanup", Time since last: 1000096248 ns, Reaching safepoint: 47601 ns, At safepoint: 8500 ns, Total: 56101 ns
[143.899s][info ][safepoint      ] Safepoint "Cleanup", Time since last: 1000092647 ns, Reaching safepoint: 48700 ns, At safepoint: 3801 ns, Total: 52501 ns
[144.899s][info ][safepoint      ] Safepoint "Cleanup", Time since last: 1000117346 ns, Reaching safepoint: 49400 ns, At safepoint: 4200 ns, Total: 53600 ns
[145.899s][info ][safepoint      ] Safepoint "Cleanup", Time since last: 1000093245 ns, Reaching safepoint: 33001 ns, At safepoint: 2300 ns, Total: 35301 ns
[146.900s][info ][safepoint      ] Safepoint "Cleanup", Time since last: 1000098143 ns, Reaching safepoint: 52501 ns, At safepoint: 11100 ns, Total: 63601 ns
[147.900s][info ][safepoint      ] Safepoint "Cleanup", Time since last: 1000094643 ns, Reaching safepoint: 55800 ns, At safepoint: 6100 ns, Total: 61900 ns
[148.900s][info ][safepoint      ] Safepoint "Cleanup", Time since last: 1000103042 ns, Reaching safepoint: 37900 ns, At safepoint: 3900 ns, Total: 41800 ns
[149.900s][info ][safepoint      ] Safepoint "Cleanup", Time since last: 1000097940 ns, Reaching safepoint: 39901 ns, At safepoint: 2900 ns, Total: 42801 ns
[150.900s][info ][safepoint      ] Safepoint "Cleanup", Time since last: 1000069839 ns, Reaching safepoint: 51500 ns, At safepoint: 9200 ns, Total: 60700 ns
[151.900s][info ][safepoint      ] Safepoint "Cleanup", Time since last: 1000073838 ns, Reaching safepoint: 40801 ns, At safepoint: 2300 ns, Total: 43101 ns
[153.900s][info ][safepoint      ] Safepoint "Cleanup", Time since last: 2000191672 ns, Reaching safepoint: 46101 ns, At safepoint: 8300 ns, Total: 54401 ns
[155.181s][info ][safepoint      ] Safepoint "Cleanup", Time since last: 1280252445 ns, Reaching safepoint: 208601 ns, At safepoint: 11200 ns, Total: 219801 ns
[156.181s][info ][safepoint      ] Safepoint "Cleanup", Time since last: 1000105334 ns, Reaching safepoint: 63500 ns, At safepoint: 10600 ns, Total: 74100 ns
[157.181s][info ][safepoint      ] Safepoint "Cleanup", Time since last: 1000085432 ns, Reaching safepoint: 112601 ns, At safepoint: 12200 ns, Total: 124801 ns
[158.182s][info ][safepoint      ] Safepoint "Cleanup", Time since last: 1000076331 ns, Reaching safepoint: 106501 ns, At safepoint: 9300 ns, Total: 115801 ns
[159.182s][info ][safepoint      ] Safepoint "Cleanup", Time since last: 1000101530 ns, Reaching safepoint: 106000 ns, At safepoint: 10201 ns, Total: 116201 ns
[161.182s][info ][safepoint      ] Safepoint "Cleanup", Time since last: 2000158955 ns, Reaching safepoint: 44501 ns, At safepoint: 3600 ns, Total: 48101 ns
[162.182s][info ][safepoint      ] Safepoint "Cleanup", Time since last: 1000061026 ns, Reaching safepoint: 112301 ns, At safepoint: 15300 ns, Total: 127601 ns
[163.182s][info ][safepoint      ] Safepoint "Cleanup", Time since last: 1000089625 ns, Reaching safepoint: 40000 ns, At safepoint: 2801 ns, Total: 42801 ns
[164.182s][info ][safepoint      ] Safepoint "Cleanup", Time since last: 1000089224 ns, Reaching safepoint: 60200 ns, At safepoint: 7200 ns, Total: 67400 ns
[165.183s][info ][safepoint      ] Safepoint "Cleanup", Time since last: 1000108523 ns, Reaching safepoint: 117901 ns, At safepoint: 7900 ns, Total: 125801 ns
[166.183s][info ][safepoint      ] Safepoint "Cleanup", Time since last: 1000090422 ns, Reaching safepoint: 51300 ns, At safepoint: 7401 ns, Total: 58701 ns
[167.183s][info ][safepoint      ] Safepoint "Cleanup", Time since last: 1000103620 ns, Reaching safepoint: 43801 ns, At safepoint: 6200 ns, Total: 50001 ns
[169.183s][info ][safepoint      ] Safepoint "Cleanup", Time since last: 2000163338 ns, Reaching safepoint: 45100 ns, At safepoint: 8000 ns, Total: 53100 ns
[170.183s][info ][safepoint      ] Safepoint "Cleanup", Time since last: 1000099318 ns, Reaching safepoint: 39900 ns, At safepoint: 8000 ns, Total: 47900 ns
[171.183s][info ][safepoint      ] Safepoint "Cleanup", Time since last: 1000107016 ns, Reaching safepoint: 39501 ns, At safepoint: 5200 ns, Total: 44701 ns
[173.184s][info ][safepoint      ] Safepoint "Cleanup", Time since last: 2000162929 ns, Reaching safepoint: 38700 ns, At safepoint: 2100 ns, Total: 40800 ns
[174.184s][info ][safepoint      ] Safepoint "Cleanup", Time since last: 1000047413 ns, Reaching safepoint: 43100 ns, At safepoint: 8700 ns, Total: 51800 ns
[175.184s][info ][safepoint      ] Safepoint "Cleanup", Time since last: 1000100612 ns, Reaching safepoint: 40401 ns, At safepoint: 2100 ns, Total: 42501 ns
[177.184s][info ][safepoint      ] Safepoint "Cleanup", Time since last: 2000172020 ns, Reaching safepoint: 37700 ns, At safepoint: 1900 ns, Total: 39600 ns
[178.184s][info ][safepoint      ] Safepoint "Cleanup", Time since last: 1000093609 ns, Reaching safepoint: 37900 ns, At safepoint: 1900 ns, Total: 39800 ns
[182.185s][info ][safepoint      ] Safepoint "Cleanup", Time since last: 4000276223 ns, Reaching safepoint: 105701 ns, At safepoint: 5300 ns, Total: 111001 ns
[184.185s][info ][safepoint      ] Safepoint "Cleanup", Time since last: 2000157105 ns, Reaching safepoint: 43001 ns, At safepoint: 2200 ns, Total: 45201 ns
[184.982s][info ][gc,start       ] GC(100) Pause Young (Allocation Failure)
[184.992s][debug][gc,phases      ] GC(100) Scavenge 10.021ms
[184.992s][debug][gc,ref         ] GC(100) Skipped phase 1 of Reference Processing: no references
[184.992s][debug][gc,ref         ] GC(100) ReferenceProcessor::execute queues: 1, RefProcThreadModel::Single, marks_oops_alive: false
[184.992s][debug][gc,ref         ] GC(100) Skipped phase 3 of Reference Processing: no references
[184.992s][debug][gc,ref         ] GC(100) ReferenceProcessor::execute queues: 1, RefProcThreadModel::Single, marks_oops_alive: false
[184.992s][debug][gc,phases      ] GC(100) Reference Processing 0.107ms
[184.992s][debug][gc,phases      ] GC(100)   VM Weak                        Min:  0.0, Avg:  0.0, Max:  0.0, Diff:  0.0, Sum:  0.0, Workers: 4
[184.992s][debug][gc,phases      ] GC(100)     Dead                           Min: 0, Avg:  0.0, Max: 0, Diff: 0, Sum: 0, Workers: 4
[184.992s][debug][gc,phases      ] GC(100)     Total                          Min: 0, Avg: 159.5, Max: 638, Diff: 638, Sum: 638, Workers: 4
[184.992s][debug][gc,phases      ] GC(100)   ObjectSynchronizer Weak        Min:  0.0, Avg:  0.0, Max:  0.0, Diff:  0.0, Sum:  0.0, Workers: 4
[184.992s][debug][gc,phases      ] GC(100)     Dead                           Min: 0, Avg:  0.0, Max: 0, Diff: 0, Sum: 0, Workers: 4
[184.992s][debug][gc,phases      ] GC(100)     Total                          Min: 0, Avg: 86.5, Max: 192, Diff: 192, Sum: 346, Workers: 4
[184.992s][debug][gc,phases      ] GC(100)   JVMTI Tag Weak OopStorage      Min:  0.0, Avg:  0.0, Max:  0.0, Diff:  0.0, Sum:  0.0, Workers: 4
[184.992s][debug][gc,phases      ] GC(100)     Dead                           Min: 0, Avg:  0.0, Max: 0, Diff: 0, Sum: 0, Workers: 4
[184.992s][debug][gc,phases      ] GC(100)     Total                          Min: 0, Avg:  0.0, Max: 0, Diff: 0, Sum: 0, Workers: 4
[184.992s][debug][gc,phases      ] GC(100)   StringTable Weak               Min:  0.1, Avg:  0.1, Max:  0.1, Diff:  0.0, Sum:  0.3, Workers: 4
[184.992s][debug][gc,phases      ] GC(100)     Dead                           Min: 0, Avg:  0.0, Max: 0, Diff: 0, Sum: 0, Workers: 4
[184.992s][debug][gc,phases      ] GC(100)     Total                          Min: 11200, Avg: 11862.0, Max: 12248, Diff: 1048, Sum: 47448, Workers: 4
[184.992s][debug][gc,phases      ] GC(100)   ResolvedMethodTable Weak       Min:  0.0, Avg:  0.0, Max:  0.0, Diff:  0.0, Sum:  0.1, Workers: 4
[184.992s][debug][gc,phases      ] GC(100)     Dead                           Min: 0, Avg:  0.0, Max: 0, Diff: 0, Sum: 0, Workers: 4
[184.992s][debug][gc,phases      ] GC(100)     Total                          Min: 1024, Avg: 1994.0, Max: 2432, Diff: 1408, Sum: 7976, Workers: 4
[184.992s][debug][gc,phases      ] GC(100)   JNI Weak                       Min:  0.0, Avg:  0.0, Max:  0.0, Diff:  0.0, Sum:  0.0, Workers: 4
[184.992s][debug][gc,phases      ] GC(100)     Dead                           Min: 0, Avg:  0.0, Max: 0, Diff: 0, Sum: 0, Workers: 4
[184.992s][debug][gc,phases      ] GC(100)     Total                          Min: 0, Avg:  0.0, Max: 0, Diff: 0, Sum: 0, Workers: 4
[184.992s][debug][gc,phases      ] GC(100)   StringDedup Table Weak         Min:  0.0, Avg:  0.0, Max:  0.0, Diff:  0.0, Sum:  0.0, Workers: 4
[184.992s][debug][gc,phases      ] GC(100)     Dead                           Min: 0, Avg:  0.0, Max: 0, Diff: 0, Sum: 0, Workers: 4
[184.992s][debug][gc,phases      ] GC(100)     Total                          Min: 0, Avg:  0.0, Max: 0, Diff: 0, Sum: 0, Workers: 4
[184.992s][debug][gc,phases      ] GC(100)   StringDedup Requests0 Weak     Min:  0.0, Avg:  0.0, Max:  0.0, Diff:  0.0, Sum:  0.0, Workers: 4
[184.992s][debug][gc,phases      ] GC(100)     Dead                           Min: 0, Avg:  0.0, Max: 0, Diff: 0, Sum: 0, Workers: 4
[184.992s][debug][gc,phases      ] GC(100)     Total                          Min: 0, Avg:  0.0, Max: 0, Diff: 0, Sum: 0, Workers: 4
[184.992s][debug][gc,phases      ] GC(100)   StringDedup Requests1 Weak     Min:  0.0, Avg:  0.0, Max:  0.0, Diff:  0.0, Sum:  0.0, Workers: 4
[184.992s][debug][gc,phases      ] GC(100)     Dead                           Min: 0, Avg:  0.0, Max: 0, Diff: 0, Sum: 0, Workers: 4
[184.992s][debug][gc,phases      ] GC(100)     Total                          Min: 0, Avg:  0.0, Max: 0, Diff: 0, Sum: 0, Workers: 4
[184.992s][debug][gc,phases      ] GC(100)   Weak JFR Old Object Samples    Min:  0.0, Avg:  0.0, Max:  0.0, Diff:  0.0, Sum:  0.0, Workers: 4
[184.993s][debug][gc,phases      ] GC(100)     Dead                           Min: 0, Avg:  0.0, Max: 0, Diff: 0, Sum: 0, Workers: 4
[184.993s][debug][gc,phases      ] GC(100)     Total                          Min: 0, Avg:  0.0, Max: 0, Diff: 0, Sum: 0, Workers: 4
[184.993s][debug][gc,phases      ] GC(100) Weak Processing 0.248ms
[184.993s][debug][gc,age         ] GC(100) Desired survivor size 52953088 bytes, new threshold 15 (max threshold 15)
[184.993s][info ][gc,heap        ] GC(100) PSYoungGen: 2059237K(2059264K)->37653K(2031616K) Eden: 2021376K(2021376K)->0K(1993728K) From: 37861K(37888K)->37653K(37888K)
[184.993s][info ][gc,heap        ] GC(100) ParOldGen: 405973K(422912K)->406621K(422912K)
[184.993s][info ][gc,metaspace   ] GC(100) Metaspace: 79839K(80576K)->79839K(80576K) NonClass: 68529K(68928K)->68529K(68928K) Class: 11309K(11648K)->11309K(11648K)
[184.993s][info ][gc             ] GC(100) Pause Young (Allocation Failure) 2407M->433M(2397M) 10.487ms
[184.993s][info ][gc,cpu         ] GC(100) User=0.04s Sys=0.00s Real=0.01s
[184.993s][info ][safepoint      ] Safepoint "ParallelGCFailedAllocation", Time since last: 797106378 ns, Reaching safepoint: 34101 ns, At safepoint: 10573879 ns, Total: 10607980 ns
[186.993s][info ][safepoint      ] Safepoint "Cleanup", Time since last: 2000144899 ns, Reaching safepoint: 42000 ns, At safepoint: 6200 ns, Total: 48200 ns
[187.993s][info ][safepoint      ] Safepoint "Cleanup", Time since last: 1000097398 ns, Reaching safepoint: 43401 ns, At safepoint: 2700 ns, Total: 46101 ns
[192.993s][info ][safepoint      ] Safepoint "Cleanup", Time since last: 5000265072 ns, Reaching safepoint: 44501 ns, At safepoint: 4300 ns, Total: 48801 ns
[195.994s][info ][safepoint      ] Safepoint "Cleanup", Time since last: 3000237371 ns, Reaching safepoint: 41600 ns, At safepoint: 6100 ns, Total: 47700 ns
[196.994s][info ][safepoint      ] Safepoint "Cleanup", Time since last: 1000096489 ns, Reaching safepoint: 34500 ns, At safepoint: 2600 ns, Total: 37100 ns
[201.994s][info ][safepoint      ] Safepoint "Cleanup", Time since last: 5000260425 ns, Reaching safepoint: 28300 ns, At safepoint: 2901 ns, Total: 31201 ns
[202.994s][info ][safepoint      ] Safepoint "Cleanup", Time since last: 1000096482 ns, Reaching safepoint: 31300 ns, At safepoint: 2600 ns, Total: 33900 ns
[206.994s][info ][safepoint      ] Safepoint "Cleanup", Time since last: 4000257918 ns, Reaching safepoint: 50000 ns, At safepoint: 5200 ns, Total: 55200 ns
[207.994s][info ][safepoint      ] Safepoint "Cleanup", Time since last: 1000049577 ns, Reaching safepoint: 35400 ns, At safepoint: 2200 ns, Total: 37600 ns
[209.995s][info ][safepoint      ] Safepoint "Cleanup", Time since last: 2000179051 ns, Reaching safepoint: 40500 ns, At safepoint: 1800 ns, Total: 42300 ns
[210.995s][info ][safepoint      ] Safepoint "Cleanup", Time since last: 1000093274 ns, Reaching safepoint: 88401 ns, At safepoint: 6100 ns, Total: 94501 ns
[211.995s][info ][safepoint      ] Safepoint "Cleanup", Time since last: 1000089073 ns, Reaching safepoint: 37600 ns, At safepoint: 2400 ns, Total: 40000 ns
[212.995s][info ][safepoint      ] Safepoint "Cleanup", Time since last: 1000091472 ns, Reaching safepoint: 41500 ns, At safepoint: 5200 ns, Total: 46700 ns
[213.995s][info ][safepoint      ] Safepoint "Cleanup", Time since last: 1000091871 ns, Reaching safepoint: 44600 ns, At safepoint: 5000 ns, Total: 49600 ns
[218.996s][info ][safepoint      ] Safepoint "Cleanup", Time since last: 5000319139 ns, Reaching safepoint: 37900 ns, At safepoint: 4200 ns, Total: 42100 ns
[220.996s][info ][safepoint      ] Safepoint "Cleanup", Time since last: 2000159528 ns, Reaching safepoint: 48301 ns, At safepoint: 7100 ns, Total: 55401 ns
[221.996s][info ][safepoint      ] Safepoint "Cleanup", Time since last: 1000086662 ns, Reaching safepoint: 41701 ns, At safepoint: 7000 ns, Total: 48701 ns
[222.996s][info ][safepoint      ] Safepoint "Cleanup", Time since last: 1000088762 ns, Reaching safepoint: 38400 ns, At safepoint: 5300 ns, Total: 43700 ns
[225.996s][info ][safepoint      ] Safepoint "Cleanup", Time since last: 3000191279 ns, Reaching safepoint: 47500 ns, At safepoint: 11800 ns, Total: 59300 ns
[226.997s][info ][safepoint      ] Safepoint "Cleanup", Time since last: 1000101358 ns, Reaching safepoint: 59300 ns, At safepoint: 10101 ns, Total: 69401 ns
[228.997s][info ][safepoint      ] Safepoint "Cleanup", Time since last: 2000161412 ns, Reaching safepoint: 64800 ns, At safepoint: 5001 ns, Total: 69801 ns
[234.997s][info ][safepoint      ] Safepoint "Cleanup", Time since last: 6000412813 ns, Reaching safepoint: 35900 ns, At safepoint: 2900 ns, Total: 38800 ns
[235.997s][info ][safepoint      ] Safepoint "Cleanup", Time since last: 1000102649 ns, Reaching safepoint: 37200 ns, At safepoint: 1900 ns, Total: 39100 ns
[236.998s][info ][safepoint      ] Safepoint "Cleanup", Time since last: 1000105948 ns, Reaching safepoint: 26201 ns, At safepoint: 2400 ns, Total: 28601 ns
[237.998s][info ][safepoint      ] Safepoint "Cleanup", Time since last: 1000096547 ns, Reaching safepoint: 46200 ns, At safepoint: 8000 ns, Total: 54200 ns
[238.998s][info ][safepoint      ] Safepoint "Cleanup", Time since last: 1000091946 ns, Reaching safepoint: 29800 ns, At safepoint: 2400 ns, Total: 32200 ns
[240.998s][info ][safepoint      ] Safepoint "Cleanup", Time since last: 2000089789 ns, Reaching safepoint: 48300 ns, At safepoint: 7400 ns, Total: 55700 ns
[241.998s][info ][safepoint      ] Safepoint "Cleanup", Time since last: 1000098443 ns, Reaching safepoint: 39501 ns, At safepoint: 2100 ns, Total: 41601 ns
[250.999s][info ][safepoint      ] Safepoint "Cleanup", Time since last: 9000594443 ns, Reaching safepoint: 48300 ns, At safepoint: 8300 ns, Total: 56600 ns
[259.582s][info ][gc,start       ] GC(101) Pause Young (Allocation Failure)
[259.591s][debug][gc,phases      ] GC(101) Scavenge 9.678ms
[259.591s][debug][gc,ref         ] GC(101) Skipped phase 1 of Reference Processing: no references
[259.591s][debug][gc,ref         ] GC(101) ReferenceProcessor::execute queues: 1, RefProcThreadModel::Single, marks_oops_alive: false
[259.591s][debug][gc,ref         ] GC(101) Skipped phase 3 of Reference Processing: no references
[259.591s][debug][gc,ref         ] GC(101) ReferenceProcessor::execute queues: 1, RefProcThreadModel::Single, marks_oops_alive: false
[259.591s][debug][gc,phases      ] GC(101) Reference Processing 0.102ms
[259.592s][debug][gc,phases      ] GC(101)   VM Weak                        Min:  0.0, Avg:  0.0, Max:  0.0, Diff:  0.0, Sum:  0.0, Workers: 4
[259.592s][debug][gc,phases      ] GC(101)     Dead                           Min: 0, Avg:  0.0, Max: 0, Diff: 0, Sum: 0, Workers: 4
[259.592s][debug][gc,phases      ] GC(101)     Total                          Min: 0, Avg: 159.5, Max: 576, Diff: 576, Sum: 638, Workers: 4
[259.592s][debug][gc,phases      ] GC(101)   ObjectSynchronizer Weak        Min:  0.0, Avg:  0.0, Max:  0.0, Diff:  0.0, Sum:  0.0, Workers: 4
[259.592s][debug][gc,phases      ] GC(101)     Dead                           Min: 0, Avg:  0.0, Max: 0, Diff: 0, Sum: 0, Workers: 4
[259.592s][debug][gc,phases      ] GC(101)     Total                          Min: 0, Avg: 86.5, Max: 218, Diff: 218, Sum: 346, Workers: 4
[259.592s][debug][gc,phases      ] GC(101)   JVMTI Tag Weak OopStorage      Min:  0.0, Avg:  0.0, Max:  0.0, Diff:  0.0, Sum:  0.0, Workers: 4
[259.592s][debug][gc,phases      ] GC(101)     Dead                           Min: 0, Avg:  0.0, Max: 0, Diff: 0, Sum: 0, Workers: 4
[259.592s][debug][gc,phases      ] GC(101)     Total                          Min: 0, Avg:  0.0, Max: 0, Diff: 0, Sum: 0, Workers: 4
[259.592s][debug][gc,phases      ] GC(101)   StringTable Weak               Min:  0.1, Avg:  0.1, Max:  0.1, Diff:  0.0, Sum:  0.4, Workers: 4
[259.592s][debug][gc,phases      ] GC(101)     Dead                           Min: 0, Avg:  0.2, Max: 1, Diff: 1, Sum: 1, Workers: 4
[259.592s][debug][gc,phases      ] GC(101)     Total                          Min: 8704, Avg: 11866.2, Max: 14889, Diff: 6185, Sum: 47465, Workers: 4
[259.592s][debug][gc,phases      ] GC(101)   ResolvedMethodTable Weak       Min:  0.0, Avg:  0.0, Max:  0.0, Diff:  0.0, Sum:  0.1, Workers: 4
[259.592s][debug][gc,phases      ] GC(101)     Dead                           Min: 0, Avg:  0.0, Max: 0, Diff: 0, Sum: 0, Workers: 4
[259.592s][debug][gc,phases      ] GC(101)     Total                          Min: 1728, Avg: 1994.8, Max: 2560, Diff: 832, Sum: 7979, Workers: 4
[259.592s][debug][gc,phases      ] GC(101)   JNI Weak                       Min:  0.0, Avg:  0.0, Max:  0.0, Diff:  0.0, Sum:  0.0, Workers: 4
[259.592s][debug][gc,phases      ] GC(101)     Dead                           Min: 0, Avg:  0.0, Max: 0, Diff: 0, Sum: 0, Workers: 4
[259.592s][debug][gc,phases      ] GC(101)     Total                          Min: 0, Avg:  0.0, Max: 0, Diff: 0, Sum: 0, Workers: 4
[259.592s][debug][gc,phases      ] GC(101)   StringDedup Table Weak         Min:  0.0, Avg:  0.0, Max:  0.0, Diff:  0.0, Sum:  0.0, Workers: 4
[259.592s][debug][gc,phases      ] GC(101)     Dead                           Min: 0, Avg:  0.0, Max: 0, Diff: 0, Sum: 0, Workers: 4
[259.592s][debug][gc,phases      ] GC(101)     Total                          Min: 0, Avg:  0.0, Max: 0, Diff: 0, Sum: 0, Workers: 4
[259.592s][debug][gc,phases      ] GC(101)   StringDedup Requests0 Weak     Min:  0.0, Avg:  0.0, Max:  0.0, Diff:  0.0, Sum:  0.0, Workers: 4
[259.592s][debug][gc,phases      ] GC(101)     Dead                           Min: 0, Avg:  0.0, Max: 0, Diff: 0, Sum: 0, Workers: 4
[259.592s][debug][gc,phases      ] GC(101)     Total                          Min: 0, Avg:  0.0, Max: 0, Diff: 0, Sum: 0, Workers: 4
[259.592s][debug][gc,phases      ] GC(101)   StringDedup Requests1 Weak     Min:  0.0, Avg:  0.0, Max:  0.0, Diff:  0.0, Sum:  0.0, Workers: 4
[259.592s][debug][gc,phases      ] GC(101)     Dead                           Min: 0, Avg:  0.0, Max: 0, Diff: 0, Sum: 0, Workers: 4
[259.592s][debug][gc,phases      ] GC(101)     Total                          Min: 0, Avg:  0.0, Max: 0, Diff: 0, Sum: 0, Workers: 4
[259.592s][debug][gc,phases      ] GC(101)   Weak JFR Old Object Samples    Min:  0.0, Avg:  0.0, Max:  0.0, Diff:  0.0, Sum:  0.0, Workers: 4
[259.592s][debug][gc,phases      ] GC(101)     Dead                           Min: 0, Avg:  0.0, Max: 0, Diff: 0, Sum: 0, Workers: 4
[259.592s][debug][gc,phases      ] GC(101)     Total                          Min: 0, Avg:  0.0, Max: 0, Diff: 0, Sum: 0, Workers: 4
[259.592s][debug][gc,phases      ] GC(101) Weak Processing 0.278ms
[259.592s][debug][gc,age         ] GC(101) Desired survivor size 57147392 bytes, new threshold 15 (max threshold 15)
[259.592s][info ][gc,heap        ] GC(101) PSYoungGen: 2031381K(2031616K)->37781K(2031616K) Eden: 1993728K(1993728K)->0K(1993728K) From: 37653K(37888K)->37781K(37888K)
[259.592s][info ][gc,heap        ] GC(101) ParOldGen: 406621K(422912K)->406629K(422912K)
[259.592s][info ][gc,metaspace   ] GC(101) Metaspace: 79951K(80704K)->79951K(80704K) NonClass: 68639K(69056K)->68639K(69056K) Class: 11311K(11648K)->11311K(11648K)
[259.592s][info ][gc             ] GC(101) Pause Young (Allocation Failure) 2380M->433M(2397M) 10.166ms
[259.592s][info ][gc,cpu         ] GC(101) User=0.04s Sys=0.00s Real=0.01s
[259.592s][info ][safepoint      ] Safepoint "ParallelGCFailedAllocation", Time since last: 8582832465 ns, Reaching safepoint: 24300 ns, At safepoint: 10240176 ns, Total: 10264476 ns
[267.592s][info ][safepoint      ] Safepoint "Cleanup", Time since last: 8000518577 ns, Reaching safepoint: 36000 ns, At safepoint: 2100 ns, Total: 38100 ns
[278.593s][info ][safepoint      ] Safepoint "Cleanup", Time since last: 11000683948 ns, Reaching safepoint: 46100 ns, At safepoint: 7700 ns, Total: 53800 ns
[286.594s][info ][safepoint      ] Safepoint "Cleanup", Time since last: 8000476739 ns, Reaching safepoint: 47200 ns, At safepoint: 2700 ns, Total: 49900 ns
[288.594s][info ][safepoint      ] Safepoint "Cleanup", Time since last: 2000165502 ns, Reaching safepoint: 40700 ns, At safepoint: 6800 ns, Total: 47500 ns
[293.594s][info ][safepoint      ] Safepoint "Cleanup", Time since last: 5000305887 ns, Reaching safepoint: 48400 ns, At safepoint: 6100 ns, Total: 54500 ns
[301.595s][info ][safepoint      ] Safepoint "Cleanup", Time since last: 8000524534 ns, Reaching safepoint: 39400 ns, At safepoint: 2600 ns, Total: 42000 ns
[304.595s][info ][safepoint      ] Safepoint "Cleanup", Time since last: 3000156861 ns, Reaching safepoint: 47701 ns, At safepoint: 6100 ns, Total: 53801 ns
[319.887s][info ][safepoint      ] Safepoint "Cleanup", Time since last: 15291704434 ns, Reaching safepoint: 101601 ns, At safepoint: 20500 ns, Total: 122101 ns
[320.887s][info ][safepoint      ] Safepoint "Cleanup", Time since last: 1000090073 ns, Reaching safepoint: 139601 ns, At safepoint: 11100 ns, Total: 150701 ns
[330.888s][info ][safepoint      ] Safepoint "Cleanup", Time since last: 10000652780 ns, Reaching safepoint: 38400 ns, At safepoint: 7700 ns, Total: 46100 ns
[338.888s][info ][safepoint      ] Safepoint "Cleanup", Time since last: 8000491485 ns, Reaching safepoint: 30901 ns, At safepoint: 2300 ns, Total: 33201 ns
[341.982s][info ][gc,start       ] GC(102) Pause Young (Allocation Failure)
[341.992s][debug][gc,phases      ] GC(102) Scavenge 9.670ms
[341.992s][debug][gc,ref         ] GC(102) Skipped phase 1 of Reference Processing: no references
[341.992s][debug][gc,ref         ] GC(102) ReferenceProcessor::execute queues: 1, RefProcThreadModel::Single, marks_oops_alive: false
[341.992s][debug][gc,ref         ] GC(102) Skipped phase 3 of Reference Processing: no references
[341.992s][debug][gc,ref         ] GC(102) ReferenceProcessor::execute queues: 1, RefProcThreadModel::Single, marks_oops_alive: false
[341.992s][debug][gc,phases      ] GC(102) Reference Processing 0.118ms
[341.992s][debug][gc,phases      ] GC(102)   VM Weak                        Min:  0.0, Avg:  0.0, Max:  0.0, Diff:  0.0, Sum:  0.0, Workers: 4
[341.992s][debug][gc,phases      ] GC(102)     Dead                           Min: 0, Avg:  0.0, Max: 0, Diff: 0, Sum: 0, Workers: 4
[341.992s][debug][gc,phases      ] GC(102)     Total                          Min: 0, Avg: 159.5, Max: 448, Diff: 448, Sum: 638, Workers: 4
[341.992s][debug][gc,phases      ] GC(102)   ObjectSynchronizer Weak        Min:  0.0, Avg:  0.0, Max:  0.0, Diff:  0.0, Sum:  0.0, Workers: 4
[341.992s][debug][gc,phases      ] GC(102)     Dead                           Min: 0, Avg:  0.0, Max: 0, Diff: 0, Sum: 0, Workers: 4
[341.992s][debug][gc,phases      ] GC(102)     Total                          Min: 0, Avg: 86.5, Max: 154, Diff: 154, Sum: 346, Workers: 4
[341.992s][debug][gc,phases      ] GC(102)   JVMTI Tag Weak OopStorage      Min:  0.0, Avg:  0.0, Max:  0.0, Diff:  0.0, Sum:  0.0, Workers: 4
[341.992s][debug][gc,phases      ] GC(102)     Dead                           Min: 0, Avg:  0.0, Max: 0, Diff: 0, Sum: 0, Workers: 4
[341.992s][debug][gc,phases      ] GC(102)     Total                          Min: 0, Avg:  0.0, Max: 0, Diff: 0, Sum: 0, Workers: 4
[341.992s][debug][gc,phases      ] GC(102)   StringTable Weak               Min:  0.1, Avg:  0.1, Max:  0.1, Diff:  0.0, Sum:  0.4, Workers: 4
[341.992s][debug][gc,phases      ] GC(102)     Dead                           Min: 0, Avg:  0.0, Max: 0, Diff: 0, Sum: 0, Workers: 4
[341.992s][debug][gc,phases      ] GC(102)     Total                          Min: 9600, Avg: 11869.5, Max: 15414, Diff: 5814, Sum: 47478, Workers: 4
[341.992s][debug][gc,phases      ] GC(102)   ResolvedMethodTable Weak       Min:  0.0, Avg:  0.0, Max:  0.0, Diff:  0.0, Sum:  0.1, Workers: 4
[341.992s][debug][gc,phases      ] GC(102)     Dead                           Min: 0, Avg:  0.2, Max: 1, Diff: 1, Sum: 1, Workers: 4
[341.992s][debug][gc,phases      ] GC(102)     Total                          Min: 1599, Avg: 1995.8, Max: 2416, Diff: 817, Sum: 7983, Workers: 4
[341.992s][debug][gc,phases      ] GC(102)   JNI Weak                       Min:  0.0, Avg:  0.0, Max:  0.0, Diff:  0.0, Sum:  0.0, Workers: 4
[341.992s][debug][gc,phases      ] GC(102)     Dead                           Min: 0, Avg:  0.0, Max: 0, Diff: 0, Sum: 0, Workers: 4
[341.992s][debug][gc,phases      ] GC(102)     Total                          Min: 0, Avg:  0.0, Max: 0, Diff: 0, Sum: 0, Workers: 4
[341.992s][debug][gc,phases      ] GC(102)   StringDedup Table Weak         Min:  0.0, Avg:  0.0, Max:  0.0, Diff:  0.0, Sum:  0.0, Workers: 4
[341.992s][debug][gc,phases      ] GC(102)     Dead                           Min: 0, Avg:  0.0, Max: 0, Diff: 0, Sum: 0, Workers: 4
[341.992s][debug][gc,phases      ] GC(102)     Total                          Min: 0, Avg:  0.0, Max: 0, Diff: 0, Sum: 0, Workers: 4
[341.992s][debug][gc,phases      ] GC(102)   StringDedup Requests0 Weak     Min:  0.0, Avg:  0.0, Max:  0.0, Diff:  0.0, Sum:  0.0, Workers: 4
[341.992s][debug][gc,phases      ] GC(102)     Dead                           Min: 0, Avg:  0.0, Max: 0, Diff: 0, Sum: 0, Workers: 4
[341.992s][debug][gc,phases      ] GC(102)     Total                          Min: 0, Avg:  0.0, Max: 0, Diff: 0, Sum: 0, Workers: 4
[341.992s][debug][gc,phases      ] GC(102)   StringDedup Requests1 Weak     Min:  0.0, Avg:  0.0, Max:  0.0, Diff:  0.0, Sum:  0.0, Workers: 4
[341.992s][debug][gc,phases      ] GC(102)     Dead                           Min: 0, Avg:  0.0, Max: 0, Diff: 0, Sum: 0, Workers: 4
[341.992s][debug][gc,phases      ] GC(102)     Total                          Min: 0, Avg:  0.0, Max: 0, Diff: 0, Sum: 0, Workers: 4
[341.992s][debug][gc,phases      ] GC(102)   Weak JFR Old Object Samples    Min:  0.0, Avg:  0.0, Max:  0.0, Diff:  0.0, Sum:  0.0, Workers: 4
[341.992s][debug][gc,phases      ] GC(102)     Dead                           Min: 0, Avg:  0.0, Max: 0, Diff: 0, Sum: 0, Workers: 4
[341.992s][debug][gc,phases      ] GC(102)     Total                          Min: 0, Avg:  0.0, Max: 0, Diff: 0, Sum: 0, Workers: 4
[341.992s][debug][gc,phases      ] GC(102) Weak Processing 0.263ms
[341.992s][debug][gc,age         ] GC(102) Desired survivor size 60293120 bytes, new threshold 15 (max threshold 15)
[341.992s][info ][gc,heap        ] GC(102) PSYoungGen: 2031509K(2031616K)->37429K(2035200K) Eden: 1993728K(1993728K)->0K(1979392K) From: 37781K(37888K)->37429K(55808K)
[341.992s][info ][gc,heap        ] GC(102) ParOldGen: 406629K(422912K)->406965K(422912K)
[341.992s][info ][gc,metaspace   ] GC(102) Metaspace: 79984K(80768K)->79984K(80768K) NonClass: 68671K(69120K)->68671K(69120K) Class: 11313K(11648K)->11313K(11648K)
[341.992s][info ][gc             ] GC(102) Pause Young (Allocation Failure) 2380M->433M(2400M) 10.145ms
[341.992s][info ][gc,cpu         ] GC(102) User=0.04s Sys=0.00s Real=0.01s
[341.992s][info ][safepoint      ] Safepoint "ParallelGCFailedAllocation", Time since last: 3093953658 ns, Reaching safepoint: 37100 ns, At safepoint: 10215475 ns, Total: 10252575 ns
[384.995s][info ][safepoint      ] Safepoint "Cleanup", Time since last: 43002535052 ns, Reaching safepoint: 46201 ns, At safepoint: 6100 ns, Total: 52301 ns
[385.995s][info ][safepoint      ] Safepoint "Cleanup", Time since last: 1000103822 ns, Reaching safepoint: 36500 ns, At safepoint: 4800 ns, Total: 41300 ns
[388.995s][info ][safepoint      ] Safepoint "Cleanup", Time since last: 3000172262 ns, Reaching safepoint: 73500 ns, At safepoint: 10500 ns, Total: 84000 ns
[400.996s][info ][safepoint      ] Safepoint "Cleanup", Time since last: 12000720782 ns, Reaching safepoint: 44500 ns, At safepoint: 2400 ns, Total: 46900 ns
[401.996s][info ][safepoint      ] Safepoint "Cleanup", Time since last: 1000094211 ns, Reaching safepoint: 40600 ns, At safepoint: 4800 ns, Total: 45400 ns
[402.997s][info ][safepoint      ] Safepoint "Cleanup", Time since last: 1000100610 ns, Reaching safepoint: 39001 ns, At safepoint: 6600 ns, Total: 45601 ns
[407.997s][info ][safepoint      ] Safepoint "Cleanup", Time since last: 5000307638 ns, Reaching safepoint: 42001 ns, At safepoint: 3100 ns, Total: 45101 ns
[408.997s][info ][safepoint      ] Safepoint "Cleanup", Time since last: 1000099106 ns, Reaching safepoint: 36700 ns, At safepoint: 2000 ns, Total: 38700 ns
[409.997s][info ][safepoint      ] Safepoint "Cleanup", Time since last: 1000094505 ns, Reaching safepoint: 29900 ns, At safepoint: 7700 ns, Total: 37600 ns
[410.997s][info ][safepoint      ] Safepoint "Cleanup", Time since last: 1000099305 ns, Reaching safepoint: 38800 ns, At safepoint: 2400 ns, Total: 41200 ns
[421.181s][info ][gc,start       ] GC(103) Pause Young (Allocation Failure)
[421.189s][debug][gc,phases      ] GC(103) Scavenge 8.014ms
[421.189s][debug][gc,ref         ] GC(103) Skipped phase 1 of Reference Processing: no references
[421.189s][debug][gc,ref         ] GC(103) ReferenceProcessor::execute queues: 1, RefProcThreadModel::Single, marks_oops_alive: false
[421.189s][debug][gc,ref         ] GC(103) Skipped phase 3 of Reference Processing: no references
[421.189s][debug][gc,ref         ] GC(103) ReferenceProcessor::execute queues: 1, RefProcThreadModel::Single, marks_oops_alive: false
[421.189s][debug][gc,phases      ] GC(103) Reference Processing 0.099ms
[421.189s][debug][gc,phases      ] GC(103)   VM Weak                        Min:  0.0, Avg:  0.0, Max:  0.0, Diff:  0.0, Sum:  0.0, Workers: 4
[421.189s][debug][gc,phases      ] GC(103)     Dead                           Min: 0, Avg:  0.0, Max: 0, Diff: 0, Sum: 0, Workers: 4
[421.189s][debug][gc,phases      ] GC(103)     Total                          Min: 0, Avg: 159.5, Max: 638, Diff: 638, Sum: 638, Workers: 4
[421.189s][debug][gc,phases      ] GC(103)   ObjectSynchronizer Weak        Min:  0.0, Avg:  0.0, Max:  0.0, Diff:  0.0, Sum:  0.0, Workers: 4
[421.189s][debug][gc,phases      ] GC(103)     Dead                           Min: 0, Avg:  0.0, Max: 0, Diff: 0, Sum: 0, Workers: 4
[421.189s][debug][gc,phases      ] GC(103)     Total                          Min: 0, Avg: 86.5, Max: 282, Diff: 282, Sum: 346, Workers: 4
[421.189s][debug][gc,phases      ] GC(103)   JVMTI Tag Weak OopStorage      Min:  0.0, Avg:  0.0, Max:  0.0, Diff:  0.0, Sum:  0.0, Workers: 4
[421.189s][debug][gc,phases      ] GC(103)     Dead                           Min: 0, Avg:  0.0, Max: 0, Diff: 0, Sum: 0, Workers: 4
[421.189s][debug][gc,phases      ] GC(103)     Total                          Min: 0, Avg:  0.0, Max: 0, Diff: 0, Sum: 0, Workers: 4
[421.189s][debug][gc,phases      ] GC(103)   StringTable Weak               Min:  0.1, Avg:  0.1, Max:  0.1, Diff:  0.0, Sum:  0.3, Workers: 4
[421.189s][debug][gc,phases      ] GC(103)     Dead                           Min: 0, Avg:  0.0, Max: 0, Diff: 0, Sum: 0, Workers: 4
[421.189s][debug][gc,phases      ] GC(103)     Total                          Min: 10752, Avg: 11875.8, Max: 13184, Diff: 2432, Sum: 47503, Workers: 4
[421.189s][debug][gc,phases      ] GC(103)   ResolvedMethodTable Weak       Min:  0.0, Avg:  0.0, Max:  0.0, Diff:  0.0, Sum:  0.1, Workers: 4
[421.189s][debug][gc,phases      ] GC(103)     Dead                           Min: 0, Avg:  0.0, Max: 0, Diff: 0, Sum: 0, Workers: 4
[421.189s][debug][gc,phases      ] GC(103)     Total                          Min: 1919, Avg: 1995.8, Max: 2048, Diff: 129, Sum: 7983, Workers: 4
[421.189s][debug][gc,phases      ] GC(103)   JNI Weak                       Min:  0.0, Avg:  0.0, Max:  0.0, Diff:  0.0, Sum:  0.0, Workers: 4
[421.189s][debug][gc,phases      ] GC(103)     Dead                           Min: 0, Avg:  0.0, Max: 0, Diff: 0, Sum: 0, Workers: 4
[421.189s][debug][gc,phases      ] GC(103)     Total                          Min: 0, Avg:  0.0, Max: 0, Diff: 0, Sum: 0, Workers: 4
[421.189s][debug][gc,phases      ] GC(103)   StringDedup Table Weak         Min:  0.0, Avg:  0.0, Max:  0.0, Diff:  0.0, Sum:  0.0, Workers: 4
[421.189s][debug][gc,phases      ] GC(103)     Dead                           Min: 0, Avg:  0.0, Max: 0, Diff: 0, Sum: 0, Workers: 4
[421.189s][debug][gc,phases      ] GC(103)     Total                          Min: 0, Avg:  0.0, Max: 0, Diff: 0, Sum: 0, Workers: 4
[421.189s][debug][gc,phases      ] GC(103)   StringDedup Requests0 Weak     Min:  0.0, Avg:  0.0, Max:  0.0, Diff:  0.0, Sum:  0.0, Workers: 4
[421.189s][debug][gc,phases      ] GC(103)     Dead                           Min: 0, Avg:  0.0, Max: 0, Diff: 0, Sum: 0, Workers: 4
[421.189s][debug][gc,phases      ] GC(103)     Total                          Min: 0, Avg:  0.0, Max: 0, Diff: 0, Sum: 0, Workers: 4
[421.189s][debug][gc,phases      ] GC(103)   StringDedup Requests1 Weak     Min:  0.0, Avg:  0.0, Max:  0.0, Diff:  0.0, Sum:  0.0, Workers: 4
[421.189s][debug][gc,phases      ] GC(103)     Dead                           Min: 0, Avg:  0.0, Max: 0, Diff: 0, Sum: 0, Workers: 4
[421.189s][debug][gc,phases      ] GC(103)     Total                          Min: 0, Avg:  0.0, Max: 0, Diff: 0, Sum: 0, Workers: 4
[421.189s][debug][gc,phases      ] GC(103)   Weak JFR Old Object Samples    Min:  0.0, Avg:  0.0, Max:  0.0, Diff:  0.0, Sum:  0.0, Workers: 4
[421.189s][debug][gc,phases      ] GC(103)     Dead                           Min: 0, Avg:  0.0, Max: 0, Diff: 0, Sum: 0, Workers: 4
[421.189s][debug][gc,phases      ] GC(103)     Total                          Min: 0, Avg:  0.0, Max: 0, Diff: 0, Sum: 0, Workers: 4
[421.189s][debug][gc,phases      ] GC(103) Weak Processing 0.263ms
[421.189s][debug][gc,age         ] GC(103) Desired survivor size 62390272 bytes, new threshold 15 (max threshold 15)
[421.189s][info ][gc,heap        ] GC(103) PSYoungGen: 2016821K(2035200K)->37173K(2016768K) Eden: 1979392K(1979392K)->0K(1979392K) From: 37429K(55808K)->37173K(37376K)
[421.189s][info ][gc,heap        ] GC(103) ParOldGen: 406965K(422912K)->407301K(422912K)
[421.189s][info ][gc,metaspace   ] GC(103) Metaspace: 79989K(80768K)->79989K(80768K) NonClass: 68676K(69120K)->68676K(69120K) Class: 11313K(11648K)->11313K(11648K)
[421.189s][info ][gc             ] GC(103) Pause Young (Allocation Failure) 2366M->434M(2382M) 8.473ms
[421.189s][info ][gc,cpu         ] GC(103) User=0.03s Sys=0.00s Real=0.01s
[421.189s][info ][safepoint      ] Safepoint "ParallelGCFailedAllocation", Time since last: 10183166437 ns, Reaching safepoint: 99400 ns, At safepoint: 8545063 ns, Total: 8644463 ns
[431.190s][info ][safepoint      ] Safepoint "Cleanup", Time since last: 10000575035 ns, Reaching safepoint: 38400 ns, At safepoint: 19300 ns, Total: 57700 ns
[458.191s][info ][safepoint      ] Safepoint "Cleanup", Time since last: 27001666697 ns, Reaching safepoint: 40300 ns, At safepoint: 2000 ns, Total: 42300 ns
[464.192s][info ][safepoint      ] Safepoint "Cleanup", Time since last: 6000334525 ns, Reaching safepoint: 49400 ns, At safepoint: 10001 ns, Total: 59401 ns
[471.192s][info ][safepoint      ] Safepoint "Cleanup", Time since last: 7000444967 ns, Reaching safepoint: 44700 ns, At safepoint: 4200 ns, Total: 48900 ns
[503.682s][info ][gc,start       ] GC(104) Pause Young (Allocation Failure)
[503.690s][debug][gc,phases      ] GC(104) Scavenge 7.993ms
[503.690s][debug][gc,ref         ] GC(104) Skipped phase 1 of Reference Processing: no references
[503.690s][debug][gc,ref         ] GC(104) ReferenceProcessor::execute queues: 1, RefProcThreadModel::Single, marks_oops_alive: false
[503.690s][debug][gc,ref         ] GC(104) Skipped phase 3 of Reference Processing: no references
[503.690s][debug][gc,ref         ] GC(104) ReferenceProcessor::execute queues: 1, RefProcThreadModel::Single, marks_oops_alive: false
[503.690s][debug][gc,phases      ] GC(104) Reference Processing 0.095ms
[503.691s][debug][gc,phases      ] GC(104)   VM Weak                        Min:  0.0, Avg:  0.0, Max:  0.0, Diff:  0.0, Sum:  0.0, Workers: 4
[503.691s][debug][gc,phases      ] GC(104)     Dead                           Min: 0, Avg:  0.0, Max: 0, Diff: 0, Sum: 0, Workers: 4
[503.691s][debug][gc,phases      ] GC(104)     Total                          Min: 0, Avg: 159.5, Max: 638, Diff: 638, Sum: 638, Workers: 4
[503.691s][debug][gc,phases      ] GC(104)   ObjectSynchronizer Weak        Min:  0.0, Avg:  0.0, Max:  0.0, Diff:  0.0, Sum:  0.0, Workers: 4
[503.691s][debug][gc,phases      ] GC(104)     Dead                           Min: 0, Avg:  0.0, Max: 0, Diff: 0, Sum: 0, Workers: 4
[503.691s][debug][gc,phases      ] GC(104)     Total                          Min: 0, Avg: 86.5, Max: 346, Diff: 346, Sum: 346, Workers: 4
[503.691s][debug][gc,phases      ] GC(104)   JVMTI Tag Weak OopStorage      Min:  0.0, Avg:  0.0, Max:  0.0, Diff:  0.0, Sum:  0.0, Workers: 4
[503.691s][debug][gc,phases      ] GC(104)     Dead                           Min: 0, Avg:  0.0, Max: 0, Diff: 0, Sum: 0, Workers: 4
[503.691s][debug][gc,phases      ] GC(104)     Total                          Min: 0, Avg:  0.0, Max: 0, Diff: 0, Sum: 0, Workers: 4
[503.691s][debug][gc,phases      ] GC(104)   StringTable Weak               Min:  0.1, Avg:  0.1, Max:  0.1, Diff:  0.0, Sum:  0.4, Workers: 4
[503.691s][debug][gc,phases      ] GC(104)     Dead                           Min: 0, Avg:  0.0, Max: 0, Diff: 0, Sum: 0, Workers: 4
[503.691s][debug][gc,phases      ] GC(104)     Total                          Min: 8640, Avg: 11878.0, Max: 14976, Diff: 6336, Sum: 47512, Workers: 4
[503.691s][debug][gc,phases      ] GC(104)   ResolvedMethodTable Weak       Min:  0.0, Avg:  0.0, Max:  0.0, Diff:  0.0, Sum:  0.1, Workers: 4
[503.691s][debug][gc,phases      ] GC(104)     Dead                           Min: 0, Avg:  0.0, Max: 0, Diff: 0, Sum: 0, Workers: 4
[503.691s][debug][gc,phases      ] GC(104)     Total                          Min: 1728, Avg: 1995.8, Max: 2160, Diff: 432, Sum: 7983, Workers: 4
[503.691s][debug][gc,phases      ] GC(104)   JNI Weak                       Min:  0.0, Avg:  0.0, Max:  0.0, Diff:  0.0, Sum:  0.0, Workers: 4
[503.691s][debug][gc,phases      ] GC(104)     Dead                           Min: 0, Avg:  0.0, Max: 0, Diff: 0, Sum: 0, Workers: 4
[503.691s][debug][gc,phases      ] GC(104)     Total                          Min: 0, Avg:  0.0, Max: 0, Diff: 0, Sum: 0, Workers: 4
[503.691s][debug][gc,phases      ] GC(104)   StringDedup Table Weak         Min:  0.0, Avg:  0.0, Max:  0.0, Diff:  0.0, Sum:  0.0, Workers: 4
[503.691s][debug][gc,phases      ] GC(104)     Dead                           Min: 0, Avg:  0.0, Max: 0, Diff: 0, Sum: 0, Workers: 4
[503.691s][debug][gc,phases      ] GC(104)     Total                          Min: 0, Avg:  0.0, Max: 0, Diff: 0, Sum: 0, Workers: 4
[503.691s][debug][gc,phases      ] GC(104)   StringDedup Requests0 Weak     Min:  0.0, Avg:  0.0, Max:  0.0, Diff:  0.0, Sum:  0.0, Workers: 4
[503.691s][debug][gc,phases      ] GC(104)     Dead                           Min: 0, Avg:  0.0, Max: 0, Diff: 0, Sum: 0, Workers: 4
[503.691s][debug][gc,phases      ] GC(104)     Total                          Min: 0, Avg:  0.0, Max: 0, Diff: 0, Sum: 0, Workers: 4
[503.691s][debug][gc,phases      ] GC(104)   StringDedup Requests1 Weak     Min:  0.0, Avg:  0.0, Max:  0.0, Diff:  0.0, Sum:  0.0, Workers: 4
[503.691s][debug][gc,phases      ] GC(104)     Dead                           Min: 0, Avg:  0.0, Max: 0, Diff: 0, Sum: 0, Workers: 4
[503.691s][debug][gc,phases      ] GC(104)     Total                          Min: 0, Avg:  0.0, Max: 0, Diff: 0, Sum: 0, Workers: 4
[503.691s][debug][gc,phases      ] GC(104)   Weak JFR Old Object Samples    Min:  0.0, Avg:  0.0, Max:  0.0, Diff:  0.0, Sum:  0.0, Workers: 4
[503.691s][debug][gc,phases      ] GC(104)     Dead                           Min: 0, Avg:  0.0, Max: 0, Diff: 0, Sum: 0, Workers: 4
[503.691s][debug][gc,phases      ] GC(104)     Total                          Min: 0, Avg:  0.0, Max: 0, Diff: 0, Sum: 0, Workers: 4
[503.691s][debug][gc,phases      ] GC(104) Weak Processing 0.273ms
[503.691s][debug][gc,age         ] GC(104) Desired survivor size 63963136 bytes, new threshold 15 (max threshold 15)
[503.691s][info ][gc,heap        ] GC(104) PSYoungGen: 2016565K(2016768K)->36789K(2033152K) Eden: 1979392K(1979392K)->0K(1972224K) From: 37173K(37376K)->36789K(60928K)
[503.691s][info ][gc,heap        ] GC(104) ParOldGen: 407301K(422912K)->407701K(422912K)
[503.691s][info ][gc,metaspace   ] GC(104) Metaspace: 79996K(80832K)->79996K(80832K) NonClass: 68679K(69120K)->68679K(69120K) Class: 11317K(11712K)->11317K(11712K)
[503.691s][info ][gc             ] GC(104) Pause Young (Allocation Failure) 2367M->434M(2398M) 8.466ms
[503.691s][info ][gc,cpu         ] GC(104) User=0.02s Sys=0.01s Real=0.01s
[503.691s][info ][safepoint      ] Safepoint "ParallelGCFailedAllocation", Time since last: 32489794793 ns, Reaching safepoint: 40901 ns, At safepoint: 8536262 ns, Total: 8577163 ns
[548.693s][info ][safepoint      ] Safepoint "Cleanup", Time since last: 45002580766 ns, Reaching safepoint: 48201 ns, At safepoint: 5400 ns, Total: 53601 ns
[550.694s][info ][safepoint      ] Safepoint "Cleanup", Time since last: 2000165040 ns, Reaching safepoint: 49500 ns, At safepoint: 3000 ns, Total: 52500 ns
[569.695s][info ][safepoint      ] Safepoint "Cleanup", Time since last: 19001185374 ns, Reaching safepoint: 38600 ns, At safepoint: 2400 ns, Total: 41000 ns
[571.695s][info ][safepoint      ] Safepoint "Cleanup", Time since last: 2000171818 ns, Reaching safepoint: 44601 ns, At safepoint: 2500 ns, Total: 47101 ns
[572.695s][info ][safepoint      ] Safepoint "Cleanup", Time since last: 1000101708 ns, Reaching safepoint: 42400 ns, At safepoint: 4800 ns, Total: 47200 ns
[573.695s][info ][safepoint      ] Safepoint "Cleanup", Time since last: 1000110709 ns, Reaching safepoint: 37700 ns, At safepoint: 4100 ns, Total: 41800 ns
[576.696s][info ][safepoint      ] Safepoint "Cleanup", Time since last: 3000212220 ns, Reaching safepoint: 39901 ns, At safepoint: 2700 ns, Total: 42601 ns
[584.848s][info ][gc,start       ] GC(105) Pause Young (Allocation Failure)
[584.856s][debug][gc,phases      ] GC(105) Scavenge 7.874ms
[584.856s][debug][gc,ref         ] GC(105) Skipped phase 1 of Reference Processing: no references
[584.856s][debug][gc,ref         ] GC(105) ReferenceProcessor::execute queues: 1, RefProcThreadModel::Single, marks_oops_alive: false
[584.856s][debug][gc,ref         ] GC(105) Skipped phase 3 of Reference Processing: no references
[584.856s][debug][gc,ref         ] GC(105) ReferenceProcessor::execute queues: 1, RefProcThreadModel::Single, marks_oops_alive: false
[584.856s][debug][gc,phases      ] GC(105) Reference Processing 0.105ms
[584.856s][debug][gc,phases      ] GC(105)   VM Weak                        Min:  0.0, Avg:  0.0, Max:  0.0, Diff:  0.0, Sum:  0.0, Workers: 4
[584.856s][debug][gc,phases      ] GC(105)     Dead                           Min: 0, Avg:  0.0, Max: 0, Diff: 0, Sum: 0, Workers: 4
[584.856s][debug][gc,phases      ] GC(105)     Total                          Min: 0, Avg: 159.5, Max: 320, Diff: 320, Sum: 638, Workers: 4
[584.856s][debug][gc,phases      ] GC(105)   ObjectSynchronizer Weak        Min:  0.0, Avg:  0.0, Max:  0.0, Diff:  0.0, Sum:  0.0, Workers: 4
[584.856s][debug][gc,phases      ] GC(105)     Dead                           Min: 0, Avg:  0.0, Max: 0, Diff: 0, Sum: 0, Workers: 4
[584.856s][debug][gc,phases      ] GC(105)     Total                          Min: 0, Avg: 86.5, Max: 192, Diff: 192, Sum: 346, Workers: 4
[584.856s][debug][gc,phases      ] GC(105)   JVMTI Tag Weak OopStorage      Min:  0.0, Avg:  0.0, Max:  0.0, Diff:  0.0, Sum:  0.0, Workers: 4
[584.856s][debug][gc,phases      ] GC(105)     Dead                           Min: 0, Avg:  0.0, Max: 0, Diff: 0, Sum: 0, Workers: 4
[584.856s][debug][gc,phases      ] GC(105)     Total                          Min: 0, Avg:  0.0, Max: 0, Diff: 0, Sum: 0, Workers: 4
[584.856s][debug][gc,phases      ] GC(105)   StringTable Weak               Min:  0.1, Avg:  0.1, Max:  0.1, Diff:  0.0, Sum:  0.3, Workers: 4
[584.856s][debug][gc,phases      ] GC(105)     Dead                           Min: 0, Avg:  0.0, Max: 0, Diff: 0, Sum: 0, Workers: 4
[584.856s][debug][gc,phases      ] GC(105)     Total                          Min: 10048, Avg: 11884.5, Max: 12914, Diff: 2866, Sum: 47538, Workers: 4
[584.856s][debug][gc,phases      ] GC(105)   ResolvedMethodTable Weak       Min:  0.0, Avg:  0.0, Max:  0.0, Diff:  0.0, Sum:  0.1, Workers: 4
[584.856s][debug][gc,phases      ] GC(105)     Dead                           Min: 0, Avg:  0.0, Max: 0, Diff: 0, Sum: 0, Workers: 4
[584.856s][debug][gc,phases      ] GC(105)     Total                          Min: 1903, Avg: 1995.8, Max: 2048, Diff: 145, Sum: 7983, Workers: 4
[584.856s][debug][gc,phases      ] GC(105)   JNI Weak                       Min:  0.0, Avg:  0.0, Max:  0.0, Diff:  0.0, Sum:  0.0, Workers: 4
[584.856s][debug][gc,phases      ] GC(105)     Dead                           Min: 0, Avg:  0.0, Max: 0, Diff: 0, Sum: 0, Workers: 4
[584.856s][debug][gc,phases      ] GC(105)     Total                          Min: 0, Avg:  0.0, Max: 0, Diff: 0, Sum: 0, Workers: 4
[584.856s][debug][gc,phases      ] GC(105)   StringDedup Table Weak         Min:  0.0, Avg:  0.0, Max:  0.0, Diff:  0.0, Sum:  0.0, Workers: 4
[584.856s][debug][gc,phases      ] GC(105)     Dead                           Min: 0, Avg:  0.0, Max: 0, Diff: 0, Sum: 0, Workers: 4
[584.856s][debug][gc,phases      ] GC(105)     Total                          Min: 0, Avg:  0.0, Max: 0, Diff: 0, Sum: 0, Workers: 4
[584.856s][debug][gc,phases      ] GC(105)   StringDedup Requests0 Weak     Min:  0.0, Avg:  0.0, Max:  0.0, Diff:  0.0, Sum:  0.0, Workers: 4
[584.856s][debug][gc,phases      ] GC(105)     Dead                           Min: 0, Avg:  0.0, Max: 0, Diff: 0, Sum: 0, Workers: 4
[584.856s][debug][gc,phases      ] GC(105)     Total                          Min: 0, Avg:  0.0, Max: 0, Diff: 0, Sum: 0, Workers: 4
[584.856s][debug][gc,phases      ] GC(105)   StringDedup Requests1 Weak     Min:  0.0, Avg:  0.0, Max:  0.0, Diff:  0.0, Sum:  0.0, Workers: 4
[584.856s][debug][gc,phases      ] GC(105)     Dead                           Min: 0, Avg:  0.0, Max: 0, Diff: 0, Sum: 0, Workers: 4
[584.856s][debug][gc,phases      ] GC(105)     Total                          Min: 0, Avg:  0.0, Max: 0, Diff: 0, Sum: 0, Workers: 4
[584.856s][debug][gc,phases      ] GC(105)   Weak JFR Old Object Samples    Min:  0.0, Avg:  0.0, Max:  0.0, Diff:  0.0, Sum:  0.0, Workers: 4
[584.856s][debug][gc,phases      ] GC(105)     Dead                           Min: 0, Avg:  0.0, Max: 0, Diff: 0, Sum: 0, Workers: 4
[584.856s][debug][gc,phases      ] GC(105)     Total                          Min: 0, Avg:  0.0, Max: 0, Diff: 0, Sum: 0, Workers: 4
[584.856s][debug][gc,phases      ] GC(105) Weak Processing 0.243ms
[584.856s][debug][gc,age         ] GC(105) Desired survivor size 64487424 bytes, new threshold 15 (max threshold 15)
[584.856s][info ][gc,heap        ] GC(105) PSYoungGen: 2009013K(2033152K)->36421K(2009088K) Eden: 1972224K(1972224K)->0K(1972224K) From: 36789K(60928K)->36421K(36864K)
[584.856s][info ][gc,heap        ] GC(105) ParOldGen: 407701K(422912K)->408109K(422912K)
[584.856s][info ][gc,metaspace   ] GC(105) Metaspace: 80000K(80832K)->80000K(80832K) NonClass: 68682K(69120K)->68682K(69120K) Class: 11317K(11712K)->11317K(11712K)
[584.857s][info ][gc             ] GC(105) Pause Young (Allocation Failure) 2360M->434M(2375M) 8.316ms
[584.857s][info ][gc,cpu         ] GC(105) User=0.04s Sys=0.00s Real=0.01s
[584.857s][info ][safepoint      ] Safepoint "ParallelGCFailedAllocation", Time since last: 8152505226 ns, Reaching safepoint: 63901 ns, At safepoint: 8407760 ns, Total: 8471661 ns
[586.857s][info ][safepoint      ] Safepoint "Cleanup", Time since last: 2000137803 ns, Reaching safepoint: 44700 ns, At safepoint: 3000 ns, Total: 47700 ns
[588.857s][info ][safepoint      ] Safepoint "Cleanup", Time since last: 2000163902 ns, Reaching safepoint: 47500 ns, At safepoint: 4500 ns, Total: 52000 ns
[591.857s][info ][safepoint      ] Safepoint "Cleanup", Time since last: 3000221398 ns, Reaching safepoint: 53600 ns, At safepoint: 6900 ns, Total: 60500 ns
[596.858s][info ][safepoint      ] Safepoint "Cleanup", Time since last: 5000358487 ns, Reaching safepoint: 33701 ns, At safepoint: 3000 ns, Total: 36701 ns
[597.858s][info ][safepoint      ] Safepoint "Cleanup", Time since last: 1000077296 ns, Reaching safepoint: 50200 ns, At safepoint: 4700 ns, Total: 54900 ns
[601.858s][info ][safepoint      ] Safepoint "Cleanup", Time since last: 4000206078 ns, Reaching safepoint: 35900 ns, At safepoint: 2800 ns, Total: 38700 ns
[602.858s][info ][safepoint      ] Safepoint "Cleanup", Time since last: 1000106594 ns, Reaching safepoint: 47601 ns, At safepoint: 9100 ns, Total: 56701 ns
[604.858s][info ][safepoint      ] Safepoint "Cleanup", Time since last: 2000083885 ns, Reaching safepoint: 37500 ns, At safepoint: 4600 ns, Total: 42100 ns
[607.436s][info ][safepoint      ] Safepoint "Cleanup", Time since last: 2577094633 ns, Reaching safepoint: 119900 ns, At safepoint: 4700 ns, Total: 124600 ns
[608.436s][info ][safepoint      ] Safepoint "Cleanup", Time since last: 1000100592 ns, Reaching safepoint: 65800 ns, At safepoint: 8200 ns, Total: 74000 ns
[609.436s][info ][safepoint      ] Safepoint "Cleanup", Time since last: 1000079091 ns, Reaching safepoint: 43200 ns, At safepoint: 6900 ns, Total: 50100 ns
[611.436s][info ][safepoint      ] Safepoint "Cleanup", Time since last: 2000163779 ns, Reaching safepoint: 36201 ns, At safepoint: 2300 ns, Total: 38501 ns
[614.436s][info ][safepoint      ] Safepoint "Cleanup", Time since last: 3000184165 ns, Reaching safepoint: 48201 ns, At safepoint: 6600 ns, Total: 54801 ns
[629.437s][info ][safepoint      ] Safepoint "Cleanup", Time since last: 15000930464 ns, Reaching safepoint: 44401 ns, At safepoint: 9900 ns, Total: 54301 ns
[655.439s][info ][safepoint      ] Safepoint "Cleanup", Time since last: 26001607353 ns, Reaching safepoint: 38301 ns, At safepoint: 2400 ns, Total: 40701 ns
[708.442s][info ][safepoint      ] Safepoint "Cleanup", Time since last: 53003246799 ns, Reaching safepoint: 43800 ns, At safepoint: 5900 ns, Total: 49700 ns
[831.450s][info ][safepoint      ] Safepoint "Cleanup", Time since last: 123007588482 ns, Reaching safepoint: 28901 ns, At safepoint: 25100 ns, Total: 54001 ns
[867.452s][info ][safepoint      ] Safepoint "Cleanup", Time since last: 36002265108 ns, Reaching safepoint: 36101 ns, At safepoint: 2800 ns, Total: 38901 ns
[920.455s][info ][safepoint      ] Safepoint "Cleanup", Time since last: 53003287650 ns, Reaching safepoint: 45401 ns, At safepoint: 5300 ns, Total: 50701 ns
[921.456s][info ][safepoint      ] Safepoint "Cleanup", Time since last: 1000080081 ns, Reaching safepoint: 132801 ns, At safepoint: 11500 ns, Total: 144301 ns
[921.624s][info ][gc,heap,exit   ] Heap
[921.624s][info ][gc,heap,exit   ]  PSYoungGen      total 2009088K, used 1856014K [0x0000000780000000, 0x0000000800000000, 0x0000000800000000)
[921.624s][info ][gc,heap,exit   ]   eden space 1972224K, 92% used [0x0000000780000000,0x00000007ef0f25a8,0x00000007f8600000)
[921.624s][info ][gc,heap,exit   ]   from space 36864K, 98% used [0x00000007f8600000,0x00000007fa991578,0x00000007faa00000)
[921.624s][info ][gc,heap,exit   ]   to   space 62976K, 0% used [0x00000007fc280000,0x00000007fc280000,0x0000000800000000)
[921.624s][info ][gc,heap,exit   ]  ParOldGen       total 422912K, used 408109K [0x0000000740000000, 0x0000000759d00000, 0x0000000780000000)
[921.624s][info ][gc,heap,exit   ]   object space 422912K, 96% used [0x0000000740000000,0x0000000758e8b5a8,0x0000000759d00000)
[921.624s][info ][gc,heap,exit   ]  Metaspace       used 80140K, committed 80960K, reserved 1122304K
[921.624s][info ][gc,heap,exit   ]   class space    used 11329K, committed 11712K, reserved 1048576K
