[0.003s][info][gc] Using Parallel
[0.004s][info][gc,init] Version: 17.0.5+8-LTS (release)
[0.004s][info][gc,init] CPUs: 8 total, 8 available
[0.004s][info][gc,init] Memory: 32112M
[0.004s][info][gc,init] Large Page Support: Disabled
[0.004s][info][gc,init] NUMA Support: Disabled
[0.004s][info][gc,init] Compressed Oops: Enabled (Zero based)
[0.004s][info][gc,init] Alignments: Space 512K, Generation 512K, Heap 2M
[0.004s][info][gc,init] Heap Min Capacity: 2054M
[0.004s][info][gc,init] Heap Initial Capacity: 2054M
[0.004s][info][gc,init] Heap Max Capacity: 3G
[0.004s][info][gc,init] Pre-touch: Disabled
[0.004s][info][gc,init] Parallel Workers: 4
[0.004s][info][gc,metaspace] CDS archive(s) mapped at: [0x0000000800000000-0x0000000800be1000-0x0000000800be1000), size 12455936, SharedBaseAddress: 0x0000000800000000, ArchiveRelocationMode: 0.
[0.004s][info][gc,metaspace] Compressed class space mapped at: 0x0000000800c00000-0x0000000840c00000, reserved size: 1073741824
[0.004s][info][gc,metaspace] Narrow klass base: 0x0000000800000000, Narrow klass shift: 0, Narrow klass range: 0x100000000
[0.703s][info][safepoint   ] Safepoint "ICBufferFull", Time since last: 693005161 ns, Reaching safepoint: 170204 ns, At safepoint: 2600 ns, Total: 172804 ns
[1.060s][info][safepoint   ] Safepoint "ICBufferFull", Time since last: 356849012 ns, Reaching safepoint: 291608 ns, At safepoint: 1400 ns, Total: 293008 ns
[1.484s][info][gc,start    ] GC(0) Pause Young (Metadata GC Threshold)
[1.498s][debug][gc,phases   ] GC(0) Scavenge 13.202ms
[1.498s][debug][gc,ref      ] GC(0) Skipped phase 1 of Reference Processing: no references
[1.498s][debug][gc,ref      ] GC(0) ReferenceProcessor::execute queues: 2, RefProcThreadModel::Multi, marks_oops_alive: false
[1.498s][debug][gc,ref      ] GC(0) Skipped phase 3 of Reference Processing: no references
[1.498s][debug][gc,ref      ] GC(0) ReferenceProcessor::execute queues: 1, RefProcThreadModel::Single, marks_oops_alive: false
[1.498s][debug][gc,phases   ] GC(0) Reference Processing 0.307ms
[1.499s][debug][gc,phases   ] GC(0)   VM Weak                        Min:  0.0, Avg:  0.0, Max:  0.0, Diff:  0.0, Sum:  0.0, Workers: 4
[1.499s][debug][gc,phases   ] GC(0)     Dead                           Min: 0, Avg:  0.0, Max: 0, Diff: 0, Sum: 0, Workers: 4
[1.499s][debug][gc,phases   ] GC(0)     Total                          Min: 0, Avg: 54.5, Max: 128, Diff: 128, Sum: 218, Workers: 4
[1.499s][debug][gc,phases   ] GC(0)   ObjectSynchronizer Weak        Min:  0.0, Avg:  0.0, Max:  0.0, Diff:  0.0, Sum:  0.0, Workers: 4
[1.499s][debug][gc,phases   ] GC(0)     Dead                           Min: 0, Avg:  0.5, Max: 2, Diff: 2, Sum: 2, Workers: 4
[1.499s][debug][gc,phases   ] GC(0)     Total                          Min: 0, Avg:  1.5, Max: 6, Diff: 6, Sum: 6, Workers: 4
[1.499s][debug][gc,phases   ] GC(0)   JVMTI Tag Weak OopStorage      Min:  0.0, Avg:  0.0, Max:  0.0, Diff:  0.0, Sum:  0.0, Workers: 4
[1.499s][debug][gc,phases   ] GC(0)     Dead                           Min: 0, Avg:  0.0, Max: 0, Diff: 0, Sum: 0, Workers: 4
[1.499s][debug][gc,phases   ] GC(0)     Total                          Min: 0, Avg:  0.0, Max: 0, Diff: 0, Sum: 0, Workers: 4
[1.499s][debug][gc,phases   ] GC(0)   StringTable Weak               Min:  0.1, Avg:  0.1, Max:  0.1, Diff:  0.0, Sum:  0.6, Workers: 4
[1.499s][debug][gc,phases   ] GC(0)     Dead                           Min: 2, Avg:  8.2, Max: 17, Diff: 15, Sum: 33, Workers: 4
[1.499s][debug][gc,phases   ] GC(0)     Total                          Min: 2847, Avg: 3751.8, Max: 5120, Diff: 2273, Sum: 15007, Workers: 4
[1.499s][debug][gc,phases   ] GC(0)   ResolvedMethodTable Weak       Min:  0.0, Avg:  0.0, Max:  0.0, Diff:  0.0, Sum:  0.1, Workers: 4
[1.499s][debug][gc,phases   ] GC(0)     Dead                           Min: 9, Avg: 18.0, Max: 35, Diff: 26, Sum: 72, Workers: 4
[1.499s][debug][gc,phases   ] GC(0)     Total                          Min: 256, Avg: 322.8, Max: 459, Diff: 203, Sum: 1291, Workers: 4
[1.499s][debug][gc,phases   ] GC(0)   JNI Weak                       Min:  0.0, Avg:  0.0, Max:  0.0, Diff:  0.0, Sum:  0.0, Workers: 4
[1.499s][debug][gc,phases   ] GC(0)     Dead                           Min: 0, Avg:  0.0, Max: 0, Diff: 0, Sum: 0, Workers: 4
[1.499s][debug][gc,phases   ] GC(0)     Total                          Min: 0, Avg:  0.0, Max: 0, Diff: 0, Sum: 0, Workers: 4
[1.499s][debug][gc,phases   ] GC(0)   StringDedup Table Weak         Min:  0.0, Avg:  0.0, Max:  0.0, Diff:  0.0, Sum:  0.0, Workers: 4
[1.499s][debug][gc,phases   ] GC(0)     Dead                           Min: 0, Avg:  0.0, Max: 0, Diff: 0, Sum: 0, Workers: 4
[1.499s][debug][gc,phases   ] GC(0)     Total                          Min: 0, Avg:  0.0, Max: 0, Diff: 0, Sum: 0, Workers: 4
[1.499s][debug][gc,phases   ] GC(0)   StringDedup Requests0 Weak     Min:  0.0, Avg:  0.0, Max:  0.0, Diff:  0.0, Sum:  0.0, Workers: 4
[1.499s][debug][gc,phases   ] GC(0)     Dead                           Min: 0, Avg:  0.0, Max: 0, Diff: 0, Sum: 0, Workers: 4
[1.499s][debug][gc,phases   ] GC(0)     Total                          Min: 0, Avg:  0.0, Max: 0, Diff: 0, Sum: 0, Workers: 4
[1.499s][debug][gc,phases   ] GC(0)   StringDedup Requests1 Weak     Min:  0.0, Avg:  0.0, Max:  0.0, Diff:  0.0, Sum:  0.0, Workers: 4
[1.499s][debug][gc,phases   ] GC(0)     Dead                           Min: 0, Avg:  0.0, Max: 0, Diff: 0, Sum: 0, Workers: 4
[1.499s][debug][gc,phases   ] GC(0)     Total                          Min: 0, Avg:  0.0, Max: 0, Diff: 0, Sum: 0, Workers: 4
[1.499s][debug][gc,phases   ] GC(0)   Weak JFR Old Object Samples    Min:  0.0, Avg:  0.0, Max:  0.0, Diff:  0.0, Sum:  0.0, Workers: 4
[1.499s][debug][gc,phases   ] GC(0)     Dead                           Min: 0, Avg:  0.0, Max: 0, Diff: 0, Sum: 0, Workers: 4
[1.499s][debug][gc,phases   ] GC(0)     Total                          Min: 0, Avg:  0.0, Max: 0, Diff: 0, Sum: 0, Workers: 4
[1.499s][debug][gc,phases   ] GC(0) Weak Processing 0.358ms
[1.499s][debug][gc,age      ] GC(0) Desired survivor size 536870912 bytes, new threshold 7 (max threshold 15)
[1.499s][info ][gc,heap     ] GC(0) PSYoungGen: 261916K(1572864K)->29655K(1572864K) Eden: 261916K(1048576K)->0K(1048576K) From: 0K(524288K)->29655K(524288K)
[1.499s][info ][gc,heap     ] GC(0) ParOldGen: 0K(6144K)->104K(6144K)
[1.499s][info ][gc,metaspace] GC(0) Metaspace: 21171K(21504K)->21171K(21504K) NonClass: 18540K(18688K)->18540K(18688K) Class: 2630K(2816K)->2630K(2816K)
[1.499s][info ][gc          ] GC(0) Pause Young (Metadata GC Threshold) 255M->29M(1542M) 14.502ms
[1.499s][info ][gc,cpu      ] GC(0) User=0.02s Sys=0.04s Real=0.02s
[1.499s][debug][gc,phases   ] GC(1) Pre Compact 0.011ms
[1.499s][info ][gc,start    ] GC(1) Pause Full (Metadata GC Threshold)
[1.499s][info ][gc,phases,start] GC(1) Marking Phase
[1.505s][debug][gc,phases      ] GC(1) Par Mark 6.407ms
[1.505s][debug][gc,ref         ] GC(1) Skipped phase 1 of Reference Processing: no references
[1.505s][debug][gc,ref         ] GC(1) ReferenceProcessor::execute queues: 2, RefProcThreadModel::Multi, marks_oops_alive: false
[1.505s][debug][gc,ref         ] GC(1) Skipped phase 3 of Reference Processing: no references
[1.505s][debug][gc,ref         ] GC(1) ReferenceProcessor::execute queues: 1, RefProcThreadModel::Single, marks_oops_alive: false
[1.506s][debug][gc,phases      ] GC(1) Reference Processing 0.097ms
[1.506s][debug][gc,phases      ] GC(1)   VM Weak                        Min:  0.0, Avg:  0.0, Max:  0.0, Diff:  0.0, Sum:  0.0, Workers: 4
[1.506s][debug][gc,phases      ] GC(1)     Dead                           Min: 0, Avg:  0.0, Max: 0, Diff: 0, Sum: 0, Workers: 4
[1.506s][debug][gc,phases      ] GC(1)     Total                          Min: 0, Avg: 54.5, Max: 128, Diff: 128, Sum: 218, Workers: 4
[1.506s][debug][gc,phases      ] GC(1)   ObjectSynchronizer Weak        Min:  0.0, Avg:  0.0, Max:  0.0, Diff:  0.0, Sum:  0.0, Workers: 4
[1.506s][debug][gc,phases      ] GC(1)     Dead                           Min: 0, Avg:  0.0, Max: 0, Diff: 0, Sum: 0, Workers: 4
[1.506s][debug][gc,phases      ] GC(1)     Total                          Min: 0, Avg:  1.5, Max: 6, Diff: 6, Sum: 6, Workers: 4
[1.506s][debug][gc,phases      ] GC(1)   JVMTI Tag Weak OopStorage      Min:  0.0, Avg:  0.0, Max:  0.0, Diff:  0.0, Sum:  0.0, Workers: 4
[1.506s][debug][gc,phases      ] GC(1)     Dead                           Min: 0, Avg:  0.0, Max: 0, Diff: 0, Sum: 0, Workers: 4
[1.506s][debug][gc,phases      ] GC(1)     Total                          Min: 0, Avg:  0.0, Max: 0, Diff: 0, Sum: 0, Workers: 4
[1.506s][debug][gc,phases      ] GC(1)   StringTable Weak               Min:  0.0, Avg:  0.0, Max:  0.0, Diff:  0.0, Sum:  0.2, Workers: 4
[1.506s][debug][gc,phases      ] GC(1)     Dead                           Min: 0, Avg:  0.0, Max: 0, Diff: 0, Sum: 0, Workers: 4
[1.506s][debug][gc,phases      ] GC(1)     Total                          Min: 3136, Avg: 3751.8, Max: 4608, Diff: 1472, Sum: 15007, Workers: 4
[1.506s][debug][gc,phases      ] GC(1)   ResolvedMethodTable Weak       Min:  0.0, Avg:  0.0, Max:  0.0, Diff:  0.0, Sum:  0.0, Workers: 4
[1.506s][debug][gc,phases      ] GC(1)     Dead                           Min: 0, Avg:  0.0, Max: 0, Diff: 0, Sum: 0, Workers: 4
[1.506s][debug][gc,phases      ] GC(1)     Total                          Min: 256, Avg: 322.8, Max: 384, Diff: 128, Sum: 1291, Workers: 4
[1.506s][debug][gc,phases      ] GC(1)   JNI Weak                       Min:  0.0, Avg:  0.0, Max:  0.0, Diff:  0.0, Sum:  0.0, Workers: 4
[1.506s][debug][gc,phases      ] GC(1)     Dead                           Min: 0, Avg:  0.0, Max: 0, Diff: 0, Sum: 0, Workers: 4
[1.506s][debug][gc,phases      ] GC(1)     Total                          Min: 0, Avg:  0.0, Max: 0, Diff: 0, Sum: 0, Workers: 4
[1.506s][debug][gc,phases      ] GC(1)   StringDedup Table Weak         Min:  0.0, Avg:  0.0, Max:  0.0, Diff:  0.0, Sum:  0.0, Workers: 4
[1.506s][debug][gc,phases      ] GC(1)     Dead                           Min: 0, Avg:  0.0, Max: 0, Diff: 0, Sum: 0, Workers: 4
[1.506s][debug][gc,phases      ] GC(1)     Total                          Min: 0, Avg:  0.0, Max: 0, Diff: 0, Sum: 0, Workers: 4
[1.506s][debug][gc,phases      ] GC(1)   StringDedup Requests0 Weak     Min:  0.0, Avg:  0.0, Max:  0.0, Diff:  0.0, Sum:  0.0, Workers: 4
[1.506s][debug][gc,phases      ] GC(1)     Dead                           Min: 0, Avg:  0.0, Max: 0, Diff: 0, Sum: 0, Workers: 4
[1.506s][debug][gc,phases      ] GC(1)     Total                          Min: 0, Avg:  0.0, Max: 0, Diff: 0, Sum: 0, Workers: 4
[1.506s][debug][gc,phases      ] GC(1)   StringDedup Requests1 Weak     Min:  0.0, Avg:  0.0, Max:  0.0, Diff:  0.0, Sum:  0.0, Workers: 4
[1.506s][debug][gc,phases      ] GC(1)     Dead                           Min: 0, Avg:  0.0, Max: 0, Diff: 0, Sum: 0, Workers: 4
[1.506s][debug][gc,phases      ] GC(1)     Total                          Min: 0, Avg:  0.0, Max: 0, Diff: 0, Sum: 0, Workers: 4
[1.506s][debug][gc,phases      ] GC(1)   Weak JFR Old Object Samples    Min:  0.0, Avg:  0.0, Max:  0.0, Diff:  0.0, Sum:  0.0, Workers: 4
[1.506s][debug][gc,phases      ] GC(1)     Dead                           Min: 0, Avg:  0.0, Max: 0, Diff: 0, Sum: 0, Workers: 4
[1.506s][debug][gc,phases      ] GC(1)     Total                          Min: 0, Avg:  0.0, Max: 0, Diff: 0, Sum: 0, Workers: 4
[1.506s][debug][gc,phases      ] GC(1) Weak Processing 0.295ms
[1.506s][debug][gc,phases      ] GC(1) ClassLoaderData 0.028ms
[1.506s][debug][gc,phases      ] GC(1) Trigger cleanups 0.000ms
[1.509s][debug][gc,phases      ] GC(1) Class Unloading 2.797ms
[1.509s][info ][gc,phases      ] GC(1) Marking Phase 9.691ms
[1.509s][info ][gc,phases,start] GC(1) Summary Phase
[1.509s][info ][gc,phases      ] GC(1) Summary Phase 0.008ms
[1.509s][info ][gc,phases,start] GC(1) Adjust Roots
[1.513s][info ][gc,phases      ] GC(1) Adjust Roots 3.900ms
[1.513s][info ][gc,phases,start] GC(1) Compaction Phase
[1.528s][info ][gc,phases      ] GC(1) Compaction Phase 15.166ms
[1.528s][info ][gc,phases,start] GC(1) Post Compact
[1.528s][info ][gc,phases      ] GC(1) Post Compact 0.697ms
[1.529s][info ][gc,heap        ] GC(1) PSYoungGen: 29655K(1572864K)->23883K(1572864K) Eden: 0K(1048576K)->0K(1048576K) From: 29655K(524288K)->23883K(524288K)
[1.529s][info ][gc,heap        ] GC(1) ParOldGen: 104K(6144K)->5670K(6144K)
[1.529s][info ][gc,metaspace   ] GC(1) Metaspace: 21171K(21504K)->21171K(21504K) NonClass: 18540K(18688K)->18540K(18688K) Class: 2630K(2816K)->2630K(2816K)
[1.529s][info ][gc             ] GC(1) Pause Full (Metadata GC Threshold) 29M->28M(1542M) 29.614ms
[1.529s][info ][gc,cpu         ] GC(1) User=0.08s Sys=0.01s Real=0.03s
[1.529s][info ][safepoint      ] Safepoint "CollectForMetadataAllocation", Time since last: 423674732 ns, Reaching safepoint: 210206 ns, At safepoint: 44233404 ns, Total: 44443610 ns
[1.632s][info ][safepoint      ] Safepoint "ICBufferFull", Time since last: 102977103 ns, Reaching safepoint: 147004 ns, At safepoint: 8300 ns, Total: 155304 ns
[1.742s][info ][safepoint      ] Safepoint "ICBufferFull", Time since last: 110270302 ns, Reaching safepoint: 219106 ns, At safepoint: 5900 ns, Total: 225006 ns
[1.908s][info ][safepoint      ] Safepoint "ICBufferFull", Time since last: 165808713 ns, Reaching safepoint: 222106 ns, At safepoint: 6700 ns, Total: 228806 ns
[2.304s][info ][safepoint      ] Safepoint "ICBufferFull", Time since last: 395297460 ns, Reaching safepoint: 183705 ns, At safepoint: 7300 ns, Total: 191005 ns
[2.604s][info ][safepoint      ] Safepoint "ICBufferFull", Time since last: 300142971 ns, Reaching safepoint: 176005 ns, At safepoint: 7100 ns, Total: 183105 ns
[2.817s][info ][safepoint      ] Safepoint "ICBufferFull", Time since last: 212380581 ns, Reaching safepoint: 208806 ns, At safepoint: 9300 ns, Total: 218106 ns
[3.079s][info ][gc,start       ] GC(2) Pause Young (Metadata GC Threshold)
[3.122s][debug][gc,phases      ] GC(2) Scavenge 43.016ms
[3.122s][debug][gc,ref         ] GC(2) Skipped phase 1 of Reference Processing: no references
[3.122s][debug][gc,ref         ] GC(2) ReferenceProcessor::execute queues: 2, RefProcThreadModel::Multi, marks_oops_alive: false
[3.122s][debug][gc,ref         ] GC(2) Skipped phase 3 of Reference Processing: no references
[3.122s][debug][gc,ref         ] GC(2) ReferenceProcessor::execute queues: 2, RefProcThreadModel::Multi, marks_oops_alive: false
[3.122s][debug][gc,phases      ] GC(2) Reference Processing 0.319ms
[3.123s][debug][gc,phases      ] GC(2)   VM Weak                        Min:  0.0, Avg:  0.0, Max:  0.0, Diff:  0.0, Sum:  0.0, Workers: 4
[3.123s][debug][gc,phases      ] GC(2)     Dead                           Min: 0, Avg:  0.0, Max: 0, Diff: 0, Sum: 0, Workers: 4
[3.123s][debug][gc,phases      ] GC(2)     Total                          Min: 0, Avg: 82.2, Max: 256, Diff: 256, Sum: 329, Workers: 4
[3.123s][debug][gc,phases      ] GC(2)   ObjectSynchronizer Weak        Min:  0.0, Avg:  0.0, Max:  0.0, Diff:  0.0, Sum:  0.0, Workers: 4
[3.123s][debug][gc,phases      ] GC(2)     Dead                           Min: 0, Avg:  0.0, Max: 0, Diff: 0, Sum: 0, Workers: 4
[3.123s][debug][gc,phases      ] GC(2)     Total                          Min: 0, Avg:  1.5, Max: 6, Diff: 6, Sum: 6, Workers: 4
[3.123s][debug][gc,phases      ] GC(2)   JVMTI Tag Weak OopStorage      Min:  0.0, Avg:  0.0, Max:  0.0, Diff:  0.0, Sum:  0.0, Workers: 4
[3.123s][debug][gc,phases      ] GC(2)     Dead                           Min: 0, Avg:  0.0, Max: 0, Diff: 0, Sum: 0, Workers: 4
[3.123s][debug][gc,phases      ] GC(2)     Total                          Min: 0, Avg:  0.0, Max: 0, Diff: 0, Sum: 0, Workers: 4
[3.123s][debug][gc,phases      ] GC(2)   StringTable Weak               Min:  0.3, Avg:  0.3, Max:  0.3, Diff:  0.0, Sum:  1.1, Workers: 4
[3.123s][debug][gc,phases      ] GC(2)     Dead                           Min: 0, Avg:  2.0, Max: 3, Diff: 3, Sum: 8, Workers: 4
[3.123s][debug][gc,phases      ] GC(2)     Total                          Min: 6592, Avg: 7447.5, Max: 9374, Diff: 2782, Sum: 29790, Workers: 4
[3.123s][debug][gc,phases      ] GC(2)   ResolvedMethodTable Weak       Min:  0.0, Avg:  0.0, Max:  0.0, Diff:  0.0, Sum:  0.1, Workers: 4
[3.123s][debug][gc,phases      ] GC(2)     Dead                           Min: 8, Avg: 13.8, Max: 26, Diff: 18, Sum: 55, Workers: 4
[3.123s][debug][gc,phases      ] GC(2)     Total                          Min: 576, Avg: 750.8, Max: 1024, Diff: 448, Sum: 3003, Workers: 4
[3.123s][debug][gc,phases      ] GC(2)   JNI Weak                       Min:  0.0, Avg:  0.0, Max:  0.0, Diff:  0.0, Sum:  0.0, Workers: 4
[3.123s][debug][gc,phases      ] GC(2)     Dead                           Min: 0, Avg:  0.0, Max: 0, Diff: 0, Sum: 0, Workers: 4
[3.123s][debug][gc,phases      ] GC(2)     Total                          Min: 0, Avg:  0.0, Max: 0, Diff: 0, Sum: 0, Workers: 4
[3.123s][debug][gc,phases      ] GC(2)   StringDedup Table Weak         Min:  0.0, Avg:  0.0, Max:  0.0, Diff:  0.0, Sum:  0.0, Workers: 4
[3.123s][debug][gc,phases      ] GC(2)     Dead                           Min: 0, Avg:  0.0, Max: 0, Diff: 0, Sum: 0, Workers: 4
[3.123s][debug][gc,phases      ] GC(2)     Total                          Min: 0, Avg:  0.0, Max: 0, Diff: 0, Sum: 0, Workers: 4
[3.123s][debug][gc,phases      ] GC(2)   StringDedup Requests0 Weak     Min:  0.0, Avg:  0.0, Max:  0.0, Diff:  0.0, Sum:  0.0, Workers: 4
[3.123s][debug][gc,phases      ] GC(2)     Dead                           Min: 0, Avg:  0.0, Max: 0, Diff: 0, Sum: 0, Workers: 4
[3.123s][debug][gc,phases      ] GC(2)     Total                          Min: 0, Avg:  0.0, Max: 0, Diff: 0, Sum: 0, Workers: 4
[3.123s][debug][gc,phases      ] GC(2)   StringDedup Requests1 Weak     Min:  0.0, Avg:  0.0, Max:  0.0, Diff:  0.0, Sum:  0.0, Workers: 4
[3.123s][debug][gc,phases      ] GC(2)     Dead                           Min: 0, Avg:  0.0, Max: 0, Diff: 0, Sum: 0, Workers: 4
[3.123s][debug][gc,phases      ] GC(2)     Total                          Min: 0, Avg:  0.0, Max: 0, Diff: 0, Sum: 0, Workers: 4
[3.123s][debug][gc,phases      ] GC(2)   Weak JFR Old Object Samples    Min:  0.0, Avg:  0.0, Max:  0.0, Diff:  0.0, Sum:  0.0, Workers: 4
[3.123s][debug][gc,phases      ] GC(2)     Dead                           Min: 0, Avg:  0.0, Max: 0, Diff: 0, Sum: 0, Workers: 4
[3.123s][debug][gc,phases      ] GC(2)     Total                          Min: 0, Avg:  0.0, Max: 0, Diff: 0, Sum: 0, Workers: 4
[3.123s][debug][gc,phases      ] GC(2) Weak Processing 0.510ms
[3.123s][debug][gc,age         ] GC(2) Desired survivor size 536870912 bytes, new threshold 7 (max threshold 15)
[3.123s][info ][gc,heap        ] GC(2) PSYoungGen: 464286K(1572864K)->78430K(1572864K) Eden: 440402K(1048576K)->0K(1048576K) From: 23883K(524288K)->78430K(524288K)
[3.123s][info ][gc,heap        ] GC(2) ParOldGen: 5670K(6144K)->5678K(6144K)
[3.123s][info ][gc,metaspace   ] GC(2) Metaspace: 35377K(35840K)->35377K(35840K) NonClass: 30168K(30400K)->30168K(30400K) Class: 5208K(5440K)->5208K(5440K)
[3.123s][info ][gc             ] GC(2) Pause Young (Metadata GC Threshold) 458M->82M(1542M) 43.985ms
[3.123s][info ][gc,cpu         ] GC(2) User=0.18s Sys=0.00s Real=0.04s
[3.123s][debug][gc,phases      ] GC(3) Pre Compact 0.008ms
[3.123s][info ][gc,start       ] GC(3) Pause Full (Metadata GC Threshold)
[3.123s][info ][gc,phases,start] GC(3) Marking Phase
[3.152s][debug][gc,phases      ] GC(3) Par Mark 28.678ms
[3.152s][debug][gc,ref         ] GC(3) Skipped phase 1 of Reference Processing: no references
[3.152s][debug][gc,ref         ] GC(3) ReferenceProcessor::execute queues: 3, RefProcThreadModel::Multi, marks_oops_alive: false
[3.152s][debug][gc,ref         ] GC(3) Skipped phase 3 of Reference Processing: no references
[3.152s][debug][gc,ref         ] GC(3) ReferenceProcessor::execute queues: 1, RefProcThreadModel::Single, marks_oops_alive: false
[3.152s][debug][gc,phases      ] GC(3) Reference Processing 0.188ms
[3.152s][debug][gc,phases      ] GC(3)   VM Weak                        Min:  0.0, Avg:  0.0, Max:  0.0, Diff:  0.0, Sum:  0.0, Workers: 4
[3.152s][debug][gc,phases      ] GC(3)     Dead                           Min: 0, Avg:  0.0, Max: 0, Diff: 0, Sum: 0, Workers: 4
[3.152s][debug][gc,phases      ] GC(3)     Total                          Min: 0, Avg: 82.2, Max: 137, Diff: 137, Sum: 329, Workers: 4
[3.152s][debug][gc,phases      ] GC(3)   ObjectSynchronizer Weak        Min:  0.0, Avg:  0.0, Max:  0.0, Diff:  0.0, Sum:  0.0, Workers: 4
[3.152s][debug][gc,phases      ] GC(3)     Dead                           Min: 0, Avg:  0.0, Max: 0, Diff: 0, Sum: 0, Workers: 4
[3.152s][debug][gc,phases      ] GC(3)     Total                          Min: 0, Avg:  1.5, Max: 6, Diff: 6, Sum: 6, Workers: 4
[3.152s][debug][gc,phases      ] GC(3)   JVMTI Tag Weak OopStorage      Min:  0.0, Avg:  0.0, Max:  0.0, Diff:  0.0, Sum:  0.0, Workers: 4
[3.152s][debug][gc,phases      ] GC(3)     Dead                           Min: 0, Avg:  0.0, Max: 0, Diff: 0, Sum: 0, Workers: 4
[3.152s][debug][gc,phases      ] GC(3)     Total                          Min: 0, Avg:  0.0, Max: 0, Diff: 0, Sum: 0, Workers: 4
[3.152s][debug][gc,phases      ] GC(3)   StringTable Weak               Min:  0.1, Avg:  0.1, Max:  0.1, Diff:  0.0, Sum:  0.4, Workers: 4
[3.152s][debug][gc,phases      ] GC(3)     Dead                           Min: 0, Avg:  0.0, Max: 0, Diff: 0, Sum: 0, Workers: 4
[3.152s][debug][gc,phases      ] GC(3)     Total                          Min: 6878, Avg: 7447.5, Max: 8448, Diff: 1570, Sum: 29790, Workers: 4
[3.152s][debug][gc,phases      ] GC(3)   ResolvedMethodTable Weak       Min:  0.0, Avg:  0.0, Max:  0.0, Diff:  0.0, Sum:  0.0, Workers: 4
[3.152s][debug][gc,phases      ] GC(3)     Dead                           Min: 0, Avg:  0.0, Max: 0, Diff: 0, Sum: 0, Workers: 4
[3.152s][debug][gc,phases      ] GC(3)     Total                          Min: 640, Avg: 750.8, Max: 891, Diff: 251, Sum: 3003, Workers: 4
[3.152s][debug][gc,phases      ] GC(3)   JNI Weak                       Min:  0.0, Avg:  0.0, Max:  0.0, Diff:  0.0, Sum:  0.0, Workers: 4
[3.152s][debug][gc,phases      ] GC(3)     Dead                           Min: 0, Avg:  0.0, Max: 0, Diff: 0, Sum: 0, Workers: 4
[3.152s][debug][gc,phases      ] GC(3)     Total                          Min: 0, Avg:  0.0, Max: 0, Diff: 0, Sum: 0, Workers: 4
[3.152s][debug][gc,phases      ] GC(3)   StringDedup Table Weak         Min:  0.0, Avg:  0.0, Max:  0.0, Diff:  0.0, Sum:  0.0, Workers: 4
[3.152s][debug][gc,phases      ] GC(3)     Dead                           Min: 0, Avg:  0.0, Max: 0, Diff: 0, Sum: 0, Workers: 4
[3.152s][debug][gc,phases      ] GC(3)     Total                          Min: 0, Avg:  0.0, Max: 0, Diff: 0, Sum: 0, Workers: 4
[3.152s][debug][gc,phases      ] GC(3)   StringDedup Requests0 Weak     Min:  0.0, Avg:  0.0, Max:  0.0, Diff:  0.0, Sum:  0.0, Workers: 4
[3.152s][debug][gc,phases      ] GC(3)     Dead                           Min: 0, Avg:  0.0, Max: 0, Diff: 0, Sum: 0, Workers: 4
[3.152s][debug][gc,phases      ] GC(3)     Total                          Min: 0, Avg:  0.0, Max: 0, Diff: 0, Sum: 0, Workers: 4
[3.152s][debug][gc,phases      ] GC(3)   StringDedup Requests1 Weak     Min:  0.0, Avg:  0.0, Max:  0.0, Diff:  0.0, Sum:  0.0, Workers: 4
[3.152s][debug][gc,phases      ] GC(3)     Dead                           Min: 0, Avg:  0.0, Max: 0, Diff: 0, Sum: 0, Workers: 4
[3.152s][debug][gc,phases      ] GC(3)     Total                          Min: 0, Avg:  0.0, Max: 0, Diff: 0, Sum: 0, Workers: 4
[3.152s][debug][gc,phases      ] GC(3)   Weak JFR Old Object Samples    Min:  0.0, Avg:  0.0, Max:  0.0, Diff:  0.0, Sum:  0.0, Workers: 4
[3.152s][debug][gc,phases      ] GC(3)     Dead                           Min: 0, Avg:  0.0, Max: 0, Diff: 0, Sum: 0, Workers: 4
[3.152s][debug][gc,phases      ] GC(3)     Total                          Min: 0, Avg:  0.0, Max: 0, Diff: 0, Sum: 0, Workers: 4
[3.152s][debug][gc,phases      ] GC(3) Weak Processing 0.293ms
[3.152s][debug][gc,phases      ] GC(3) ClassLoaderData 0.044ms
[3.152s][debug][gc,phases      ] GC(3) Trigger cleanups 0.000ms
[3.157s][debug][gc,phases      ] GC(3) Class Unloading 4.726ms
[3.157s][info ][gc,phases      ] GC(3) Marking Phase 34.008ms
[3.157s][info ][gc,phases,start] GC(3) Summary Phase
[3.157s][info ][gc,phases      ] GC(3) Summary Phase 0.006ms
[3.157s][info ][gc,phases,start] GC(3) Adjust Roots
[3.163s][info ][gc,phases      ] GC(3) Adjust Roots 5.576ms
[3.163s][info ][gc,phases,start] GC(3) Compaction Phase
[3.490s][info ][gc,phases      ] GC(3) Compaction Phase 327.582ms
[3.490s][info ][gc,phases,start] GC(3) Post Compact
[3.491s][info ][gc,phases      ] GC(3) Post Compact 0.604ms
[3.491s][info ][gc,heap        ] GC(3) PSYoungGen: 78430K(1572864K)->77699K(1572864K) Eden: 0K(1048576K)->0K(1048576K) From: 78430K(524288K)->77699K(524288K)
[3.491s][info ][gc,heap        ] GC(3) ParOldGen: 5678K(6144K)->6070K(6144K)
[3.491s][info ][gc,metaspace   ] GC(3) Metaspace: 35377K(35840K)->35377K(35840K) NonClass: 30168K(30400K)->30168K(30400K) Class: 5208K(5440K)->5208K(5440K)
[3.491s][info ][gc             ] GC(3) Pause Full (Metadata GC Threshold) 82M->81M(1542M) 367.901ms
[3.491s][info ][gc,cpu         ] GC(3) User=0.81s Sys=0.00s Real=0.37s
[3.491s][info ][safepoint      ] Safepoint "CollectForMetadataAllocation", Time since last: 262052634 ns, Reaching safepoint: 136103 ns, At safepoint: 412004917 ns, Total: 412141020 ns
[3.775s][info ][safepoint      ] Safepoint "ICBufferFull", Time since last: 284121835 ns, Reaching safepoint: 138204 ns, At safepoint: 6000 ns, Total: 144204 ns
[4.142s][info ][safepoint      ] Safepoint "ICBufferFull", Time since last: 367043693 ns, Reaching safepoint: 155204 ns, At safepoint: 6601 ns, Total: 161805 ns
[4.189s][info ][safepoint      ] Safepoint "ICBufferFull", Time since last: 46521166 ns, Reaching safepoint: 246507 ns, At safepoint: 15900 ns, Total: 262407 ns
[4.236s][info ][safepoint      ] Safepoint "ICBufferFull", Time since last: 46952379 ns, Reaching safepoint: 146504 ns, At safepoint: 7200 ns, Total: 153704 ns
[4.337s][info ][safepoint      ] Safepoint "ICBufferFull", Time since last: 101039351 ns, Reaching safepoint: 156204 ns, At safepoint: 1800 ns, Total: 158004 ns
[4.419s][info ][safepoint      ] Safepoint "ICBufferFull", Time since last: 81458218 ns, Reaching safepoint: 223406 ns, At safepoint: 6000 ns, Total: 229406 ns
[4.727s][info ][safepoint      ] Safepoint "ICBufferFull", Time since last: 307300467 ns, Reaching safepoint: 195906 ns, At safepoint: 5100 ns, Total: 201006 ns
[4.947s][info ][safepoint      ] Safepoint "ICBufferFull", Time since last: 219714082 ns, Reaching safepoint: 309309 ns, At safepoint: 25800 ns, Total: 335109 ns
[5.201s][info ][safepoint      ] Safepoint "ICBufferFull", Time since last: 253968116 ns, Reaching safepoint: 210405 ns, At safepoint: 15701 ns, Total: 226106 ns
[5.376s][info ][safepoint      ] Safepoint "ICBufferFull", Time since last: 175366275 ns, Reaching safepoint: 148204 ns, At safepoint: 4800 ns, Total: 153004 ns
[5.525s][info ][safepoint      ] Safepoint "ICBufferFull", Time since last: 148570846 ns, Reaching safepoint: 271107 ns, At safepoint: 9701 ns, Total: 280808 ns
[5.608s][info ][safepoint      ] Safepoint "ICBufferFull", Time since last: 82340342 ns, Reaching safepoint: 192805 ns, At safepoint: 6500 ns, Total: 199305 ns
[5.786s][info ][safepoint      ] Safepoint "ICBufferFull", Time since last: 177926445 ns, Reaching safepoint: 157704 ns, At safepoint: 2301 ns, Total: 160005 ns
[5.921s][info ][safepoint      ] Safepoint "ICBufferFull", Time since last: 134873472 ns, Reaching safepoint: 157104 ns, At safepoint: 5801 ns, Total: 162905 ns
[6.042s][info ][safepoint      ] Safepoint "ICBufferFull", Time since last: 120775988 ns, Reaching safepoint: 160905 ns, At safepoint: 5200 ns, Total: 166105 ns
[6.380s][info ][safepoint      ] Safepoint "ICBufferFull", Time since last: 337509891 ns, Reaching safepoint: 196606 ns, At safepoint: 6900 ns, Total: 203506 ns
[6.713s][info ][safepoint      ] Safepoint "ICBufferFull", Time since last: 333500782 ns, Reaching safepoint: 198106 ns, At safepoint: 8000 ns, Total: 206106 ns
[6.791s][info ][safepoint      ] Safepoint "ICBufferFull", Time since last: 77835520 ns, Reaching safepoint: 264507 ns, At safepoint: 12400 ns, Total: 276907 ns
[7.159s][debug][gc,phases      ] GC(4) Pre Compact 0.030ms
[7.159s][info ][gc,start       ] GC(4) Pause Full (Ergonomics)
[7.159s][info ][gc,phases,start] GC(4) Marking Phase
[7.282s][debug][gc,phases      ] GC(4) Par Mark 123.485ms
[7.282s][debug][gc,ref         ] GC(4) Skipped phase 1 of Reference Processing: no references
[7.283s][debug][gc,ref         ] GC(4) ReferenceProcessor::execute queues: 4, RefProcThreadModel::Multi, marks_oops_alive: false
[7.283s][debug][gc,ref         ] GC(4) Skipped phase 3 of Reference Processing: no references
[7.284s][debug][gc,ref         ] GC(4) ReferenceProcessor::execute queues: 4, RefProcThreadModel::Multi, marks_oops_alive: false
[7.284s][debug][gc,phases      ] GC(4) Reference Processing 1.294ms
[7.284s][debug][gc,phases      ] GC(4)   VM Weak                        Min:  0.0, Avg:  0.0, Max:  0.0, Diff:  0.0, Sum:  0.0, Workers: 4
[7.284s][debug][gc,phases      ] GC(4)     Dead                           Min: 0, Avg:  1.0, Max: 2, Diff: 2, Sum: 4, Workers: 4
[7.284s][debug][gc,phases      ] GC(4)     Total                          Min: 0, Avg: 134.8, Max: 384, Diff: 384, Sum: 539, Workers: 4
[7.284s][debug][gc,phases      ] GC(4)   ObjectSynchronizer Weak        Min:  0.0, Avg:  0.0, Max:  0.0, Diff:  0.0, Sum:  0.0, Workers: 4
[7.284s][debug][gc,phases      ] GC(4)     Dead                           Min: 0, Avg:  4.8, Max: 19, Diff: 19, Sum: 19, Workers: 4
[7.284s][debug][gc,phases      ] GC(4)     Total                          Min: 0, Avg: 12.5, Max: 50, Diff: 50, Sum: 50, Workers: 4
[7.284s][debug][gc,phases      ] GC(4)   JVMTI Tag Weak OopStorage      Min:  0.0, Avg:  0.0, Max:  0.0, Diff:  0.0, Sum:  0.0, Workers: 4
[7.284s][debug][gc,phases      ] GC(4)     Dead                           Min: 0, Avg:  0.0, Max: 0, Diff: 0, Sum: 0, Workers: 4
[7.284s][debug][gc,phases      ] GC(4)     Total                          Min: 0, Avg:  0.0, Max: 0, Diff: 0, Sum: 0, Workers: 4
[7.284s][debug][gc,phases      ] GC(4)   StringTable Weak               Min:  0.2, Avg:  0.2, Max:  0.2, Diff:  0.0, Sum:  0.6, Workers: 4
[7.284s][debug][gc,phases      ] GC(4)     Dead                           Min: 6, Avg:  6.8, Max: 8, Diff: 2, Sum: 27, Workers: 4
[7.284s][debug][gc,phases      ] GC(4)     Total                          Min: 9984, Avg: 10679.2, Max: 11677, Diff: 1693, Sum: 42717, Workers: 4
[7.284s][debug][gc,phases      ] GC(4)   ResolvedMethodTable Weak       Min:  0.0, Avg:  0.0, Max:  0.0, Diff:  0.0, Sum:  0.1, Workers: 4
[7.284s][debug][gc,phases      ] GC(4)     Dead                           Min: 61, Avg: 105.0, Max: 139, Diff: 78, Sum: 420, Workers: 4
[7.284s][debug][gc,phases      ] GC(4)     Total                          Min: 1536, Avg: 1725.5, Max: 2038, Diff: 502, Sum: 6902, Workers: 4
[7.284s][debug][gc,phases      ] GC(4)   JNI Weak                       Min:  0.0, Avg:  0.0, Max:  0.0, Diff:  0.0, Sum:  0.0, Workers: 4
[7.284s][debug][gc,phases      ] GC(4)     Dead                           Min: 0, Avg:  0.0, Max: 0, Diff: 0, Sum: 0, Workers: 4
[7.284s][debug][gc,phases      ] GC(4)     Total                          Min: 0, Avg:  8.0, Max: 32, Diff: 32, Sum: 32, Workers: 4
[7.284s][debug][gc,phases      ] GC(4)   StringDedup Table Weak         Min:  0.0, Avg:  0.0, Max:  0.0, Diff:  0.0, Sum:  0.0, Workers: 4
[7.284s][debug][gc,phases      ] GC(4)     Dead                           Min: 0, Avg:  0.0, Max: 0, Diff: 0, Sum: 0, Workers: 4
[7.284s][debug][gc,phases      ] GC(4)     Total                          Min: 0, Avg:  0.0, Max: 0, Diff: 0, Sum: 0, Workers: 4
[7.284s][debug][gc,phases      ] GC(4)   StringDedup Requests0 Weak     Min:  0.0, Avg:  0.0, Max:  0.0, Diff:  0.0, Sum:  0.0, Workers: 4
[7.284s][debug][gc,phases      ] GC(4)     Dead                           Min: 0, Avg:  0.0, Max: 0, Diff: 0, Sum: 0, Workers: 4
[7.284s][debug][gc,phases      ] GC(4)     Total                          Min: 0, Avg:  0.0, Max: 0, Diff: 0, Sum: 0, Workers: 4
[7.284s][debug][gc,phases      ] GC(4)   StringDedup Requests1 Weak     Min:  0.0, Avg:  0.0, Max:  0.0, Diff:  0.0, Sum:  0.0, Workers: 4
[7.284s][debug][gc,phases      ] GC(4)     Dead                           Min: 0, Avg:  0.0, Max: 0, Diff: 0, Sum: 0, Workers: 4
[7.284s][debug][gc,phases      ] GC(4)     Total                          Min: 0, Avg:  0.0, Max: 0, Diff: 0, Sum: 0, Workers: 4
[7.284s][debug][gc,phases      ] GC(4)   Weak JFR Old Object Samples    Min:  0.0, Avg:  0.0, Max:  0.0, Diff:  0.0, Sum:  0.0, Workers: 4
[7.284s][debug][gc,phases      ] GC(4)     Dead                           Min: 0, Avg:  0.0, Max: 0, Diff: 0, Sum: 0, Workers: 4
[7.284s][debug][gc,phases      ] GC(4)     Total                          Min: 0, Avg:  0.0, Max: 0, Diff: 0, Sum: 0, Workers: 4
[7.284s][debug][gc,phases      ] GC(4) Weak Processing 0.425ms
[7.284s][debug][gc,phases      ] GC(4) ClassLoaderData 0.202ms
[7.284s][debug][gc,phases      ] GC(4) Trigger cleanups 0.001ms
[7.298s][debug][gc,phases      ] GC(4) Class Unloading 13.776ms
[7.298s][info ][gc,phases      ] GC(4) Marking Phase 139.199ms
[7.298s][info ][gc,phases,start] GC(4) Summary Phase
[7.298s][info ][gc,phases      ] GC(4) Summary Phase 0.025ms
[7.298s][info ][gc,phases,start] GC(4) Adjust Roots
[7.307s][info ][gc,phases      ] GC(4) Adjust Roots 9.290ms
[7.307s][info ][gc,phases,start] GC(4) Compaction Phase
[7.573s][info ][gc,phases      ] GC(4) Compaction Phase 265.155ms
[7.573s][info ][gc,phases,start] GC(4) Post Compact
[7.577s][info ][gc,phases      ] GC(4) Post Compact 4.452ms
[7.577s][info ][gc,heap        ] GC(4) PSYoungGen: 1126275K(1572864K)->272014K(1572864K) Eden: 1048576K(1048576K)->272014K(1048576K) From: 77699K(524288K)->0K(524288K)
[7.577s][info ][gc,heap        ] GC(4) ParOldGen: 6070K(6144K)->6083K(18432K)
[7.577s][info ][gc,metaspace   ] GC(4) Metaspace: 58587K(59264K)->58580K(59264K) NonClass: 49733K(50112K)->49728K(50112K) Class: 8853K(9152K)->8851K(9152K)
[7.577s][info ][gc             ] GC(4) Pause Full (Ergonomics) 1105M->271M(1554M) 418.391ms
[7.577s][info ][gc,cpu         ] GC(4) User=1.65s Sys=0.02s Real=0.42s
[7.577s][info ][safepoint      ] Safepoint "ParallelGCFailedAllocation", Time since last: 367173000 ns, Reaching safepoint: 190805 ns, At safepoint: 418524699 ns, Total: 418715504 ns
[8.479s][info ][safepoint      ] Safepoint "ICBufferFull", Time since last: 901718960 ns, Reaching safepoint: 158905 ns, At safepoint: 10600 ns, Total: 169505 ns
[8.959s][info ][safepoint      ] Safepoint "ICBufferFull", Time since last: 479273455 ns, Reaching safepoint: 227406 ns, At safepoint: 7900 ns, Total: 235306 ns
[9.388s][info ][gc,start       ] GC(5) Pause Young (Allocation Failure)
[9.702s][debug][gc,phases      ] GC(5) Scavenge 313.833ms
[9.702s][debug][gc,ref         ] GC(5) Skipped phase 1 of Reference Processing: no references
[9.702s][debug][gc,ref         ] GC(5) ReferenceProcessor::execute queues: 4, RefProcThreadModel::Multi, marks_oops_alive: false
[9.702s][debug][gc,ref         ] GC(5) Skipped phase 3 of Reference Processing: no references
[9.702s][debug][gc,ref         ] GC(5) ReferenceProcessor::execute queues: 1, RefProcThreadModel::Single, marks_oops_alive: false
[9.702s][debug][gc,phases      ] GC(5) Reference Processing 0.382ms
[9.703s][debug][gc,phases      ] GC(5)   VM Weak                        Min:  0.0, Avg:  0.0, Max:  0.0, Diff:  0.0, Sum:  0.0, Workers: 4
[9.703s][debug][gc,phases      ] GC(5)     Dead                           Min: 0, Avg:  0.0, Max: 0, Diff: 0, Sum: 0, Workers: 4
[9.703s][debug][gc,phases      ] GC(5)     Total                          Min: 0, Avg: 139.5, Max: 320, Diff: 320, Sum: 558, Workers: 4
[9.703s][debug][gc,phases      ] GC(5)   ObjectSynchronizer Weak        Min:  0.0, Avg:  0.0, Max:  0.0, Diff:  0.0, Sum:  0.0, Workers: 4
[9.703s][debug][gc,phases      ] GC(5)     Dead                           Min: 0, Avg:  0.0, Max: 0, Diff: 0, Sum: 0, Workers: 4
[9.703s][debug][gc,phases      ] GC(5)     Total                          Min: 0, Avg: 12.5, Max: 50, Diff: 50, Sum: 50, Workers: 4
[9.703s][debug][gc,phases      ] GC(5)   JVMTI Tag Weak OopStorage      Min:  0.0, Avg:  0.0, Max:  0.0, Diff:  0.0, Sum:  0.0, Workers: 4
[9.703s][debug][gc,phases      ] GC(5)     Dead                           Min: 0, Avg:  0.0, Max: 0, Diff: 0, Sum: 0, Workers: 4
[9.703s][debug][gc,phases      ] GC(5)     Total                          Min: 0, Avg:  0.0, Max: 0, Diff: 0, Sum: 0, Workers: 4
[9.703s][debug][gc,phases      ] GC(5)   StringTable Weak               Min:  0.4, Avg:  0.4, Max:  0.4, Diff:  0.0, Sum:  1.7, Workers: 4
[9.703s][debug][gc,phases      ] GC(5)     Dead                           Min: 0, Avg:  1.2, Max: 3, Diff: 3, Sum: 5, Workers: 4
[9.703s][debug][gc,phases      ] GC(5)     Total                          Min: 9280, Avg: 10735.0, Max: 14140, Diff: 4860, Sum: 42940, Workers: 4
[9.703s][debug][gc,phases      ] GC(5)   ResolvedMethodTable Weak       Min:  0.1, Avg:  0.1, Max:  0.1, Diff:  0.0, Sum:  0.3, Workers: 4
[9.703s][debug][gc,phases      ] GC(5)     Dead                           Min: 2, Avg:  8.5, Max: 15, Diff: 13, Sum: 34, Workers: 4
[9.703s][debug][gc,phases      ] GC(5)     Total                          Min: 1388, Avg: 1675.0, Max: 2082, Diff: 694, Sum: 6700, Workers: 4
[9.703s][debug][gc,phases      ] GC(5)   JNI Weak                       Min:  0.0, Avg:  0.0, Max:  0.0, Diff:  0.0, Sum:  0.0, Workers: 4
[9.703s][debug][gc,phases      ] GC(5)     Dead                           Min: 0, Avg:  0.0, Max: 0, Diff: 0, Sum: 0, Workers: 4
[9.703s][debug][gc,phases      ] GC(5)     Total                          Min: 0, Avg: 12.2, Max: 49, Diff: 49, Sum: 49, Workers: 4
[9.703s][debug][gc,phases      ] GC(5)   StringDedup Table Weak         Min:  0.0, Avg:  0.0, Max:  0.0, Diff:  0.0, Sum:  0.0, Workers: 4
[9.703s][debug][gc,phases      ] GC(5)     Dead                           Min: 0, Avg:  0.0, Max: 0, Diff: 0, Sum: 0, Workers: 4
[9.703s][debug][gc,phases      ] GC(5)     Total                          Min: 0, Avg:  0.0, Max: 0, Diff: 0, Sum: 0, Workers: 4
[9.703s][debug][gc,phases      ] GC(5)   StringDedup Requests0 Weak     Min:  0.0, Avg:  0.0, Max:  0.0, Diff:  0.0, Sum:  0.0, Workers: 4
[9.703s][debug][gc,phases      ] GC(5)     Dead                           Min: 0, Avg:  0.0, Max: 0, Diff: 0, Sum: 0, Workers: 4
[9.703s][debug][gc,phases      ] GC(5)     Total                          Min: 0, Avg:  0.0, Max: 0, Diff: 0, Sum: 0, Workers: 4
[9.703s][debug][gc,phases      ] GC(5)   StringDedup Requests1 Weak     Min:  0.0, Avg:  0.0, Max:  0.0, Diff:  0.0, Sum:  0.0, Workers: 4
[9.703s][debug][gc,phases      ] GC(5)     Dead                           Min: 0, Avg:  0.0, Max: 0, Diff: 0, Sum: 0, Workers: 4
[9.703s][debug][gc,phases      ] GC(5)     Total                          Min: 0, Avg:  0.0, Max: 0, Diff: 0, Sum: 0, Workers: 4
[9.703s][debug][gc,phases      ] GC(5)   Weak JFR Old Object Samples    Min:  0.0, Avg:  0.0, Max:  0.0, Diff:  0.0, Sum:  0.0, Workers: 4
[9.703s][debug][gc,phases      ] GC(5)     Dead                           Min: 0, Avg:  0.0, Max: 0, Diff: 0, Sum: 0, Workers: 4
[9.703s][debug][gc,phases      ] GC(5)     Total                          Min: 0, Avg:  0.0, Max: 0, Diff: 0, Sum: 0, Workers: 4
[9.703s][debug][gc,phases      ] GC(5) Weak Processing 0.691ms
[9.703s][debug][gc,age         ] GC(5) Desired survivor size 536870912 bytes, new threshold 7 (max threshold 15)
[9.703s][info ][gc,heap        ] GC(5) PSYoungGen: 1048576K(1572864K)->521690K(1572864K) Eden: 1048576K(1048576K)->0K(1048576K) From: 0K(524288K)->521690K(524288K)
[9.703s][info ][gc,heap        ] GC(5) ParOldGen: 6083K(18432K)->6131K(18432K)
[9.703s][info ][gc,metaspace   ] GC(5) Metaspace: 59642K(60352K)->59642K(60352K) NonClass: 50658K(51008K)->50658K(51008K) Class: 8984K(9344K)->8984K(9344K)
[9.703s][info ][gc             ] GC(5) Pause Young (Allocation Failure) 1029M->515M(1554M) 315.056ms
[9.703s][info ][gc,cpu         ] GC(5) User=1.01s Sys=0.25s Real=0.31s
[9.703s][info ][safepoint      ] Safepoint "ParallelGCFailedAllocation", Time since last: 429112590 ns, Reaching safepoint: 96602 ns, At safepoint: 315131085 ns, Total: 315227687 ns
[10.279s][info ][safepoint      ] Safepoint "ICBufferFull", Time since last: 575358575 ns, Reaching safepoint: 215106 ns, At safepoint: 13400 ns, Total: 228506 ns
[10.504s][info ][safepoint      ] Safepoint "ICBufferFull", Time since last: 224899027 ns, Reaching safepoint: 214806 ns, At safepoint: 11500 ns, Total: 226306 ns
[10.889s][info ][safepoint      ] Safepoint "ICBufferFull", Time since last: 385410401 ns, Reaching safepoint: 237606 ns, At safepoint: 10001 ns, Total: 247607 ns
[11.283s][info ][safepoint      ] Safepoint "ICBufferFull", Time since last: 393567923 ns, Reaching safepoint: 170904 ns, At safepoint: 6301 ns, Total: 177205 ns
[11.447s][info ][safepoint      ] Safepoint "ICBufferFull", Time since last: 163332850 ns, Reaching safepoint: 148704 ns, At safepoint: 9700 ns, Total: 158404 ns
[11.888s][info ][safepoint      ] Safepoint "ICBufferFull", Time since last: 440874213 ns, Reaching safepoint: 140504 ns, At safepoint: 14400 ns, Total: 154904 ns
[12.496s][info ][safepoint      ] Safepoint "ICBufferFull", Time since last: 608371278 ns, Reaching safepoint: 191505 ns, At safepoint: 9501 ns, Total: 201006 ns
[12.728s][info ][safepoint      ] Safepoint "ICBufferFull", Time since last: 231825517 ns, Reaching safepoint: 154904 ns, At safepoint: 2800 ns, Total: 157704 ns
[13.728s][info ][safepoint      ] Safepoint "Cleanup", Time since last: 1000114756 ns, Reaching safepoint: 124203 ns, At safepoint: 11400 ns, Total: 135603 ns
[14.729s][info ][safepoint      ] Safepoint "Cleanup", Time since last: 1000112058 ns, Reaching safepoint: 130104 ns, At safepoint: 8100 ns, Total: 138204 ns
[15.729s][info ][safepoint      ] Safepoint "Cleanup", Time since last: 1000108861 ns, Reaching safepoint: 149204 ns, At safepoint: 11200 ns, Total: 160404 ns
[16.031s][info ][gc,start       ] GC(6) Pause Young (Allocation Failure)
[16.109s][debug][gc,phases      ] GC(6) Scavenge 78.107ms
[16.109s][debug][gc,ref         ] GC(6) Skipped phase 1 of Reference Processing: no references
[16.109s][debug][gc,ref         ] GC(6) ReferenceProcessor::execute queues: 1, RefProcThreadModel::Single, marks_oops_alive: false
[16.109s][debug][gc,ref         ] GC(6) Skipped phase 3 of Reference Processing: no references
[16.109s][debug][gc,ref         ] GC(6) ReferenceProcessor::execute queues: 1, RefProcThreadModel::Single, marks_oops_alive: false
[16.109s][debug][gc,phases      ] GC(6) Reference Processing 0.231ms
[16.110s][debug][gc,phases      ] GC(6)   VM Weak                        Min:  0.0, Avg:  0.0, Max:  0.0, Diff:  0.0, Sum:  0.0, Workers: 4
[16.110s][debug][gc,phases      ] GC(6)     Dead                           Min: 0, Avg:  0.0, Max: 0, Diff: 0, Sum: 0, Workers: 4
[16.110s][debug][gc,phases      ] GC(6)     Total                          Min: 0, Avg: 146.0, Max: 328, Diff: 328, Sum: 584, Workers: 4
[16.110s][debug][gc,phases      ] GC(6)   ObjectSynchronizer Weak        Min:  0.0, Avg:  0.0, Max:  0.0, Diff:  0.0, Sum:  0.0, Workers: 4
[16.110s][debug][gc,phases      ] GC(6)     Dead                           Min: 0, Avg:  0.0, Max: 0, Diff: 0, Sum: 0, Workers: 4
[16.110s][debug][gc,phases      ] GC(6)     Total                          Min: 0, Avg: 12.5, Max: 50, Diff: 50, Sum: 50, Workers: 4
[16.110s][debug][gc,phases      ] GC(6)   JVMTI Tag Weak OopStorage      Min:  0.0, Avg:  0.0, Max:  0.0, Diff:  0.0, Sum:  0.0, Workers: 4
[16.110s][debug][gc,phases      ] GC(6)     Dead                           Min: 0, Avg:  0.0, Max: 0, Diff: 0, Sum: 0, Workers: 4
[16.110s][debug][gc,phases      ] GC(6)     Total                          Min: 0, Avg:  0.0, Max: 0, Diff: 0, Sum: 0, Workers: 4
[16.110s][debug][gc,phases      ] GC(6)   StringTable Weak               Min:  0.5, Avg:  0.5, Max:  0.5, Diff:  0.0, Sum:  1.9, Workers: 4
[16.110s][debug][gc,phases      ] GC(6)     Dead                           Min: 0, Avg:  1.8, Max: 6, Diff: 6, Sum: 7, Workers: 4
[16.110s][debug][gc,phases      ] GC(6)     Total                          Min: 9216, Avg: 11454.0, Max: 15800, Diff: 6584, Sum: 45816, Workers: 4
[16.110s][debug][gc,phases      ] GC(6)   ResolvedMethodTable Weak       Min:  0.1, Avg:  0.1, Max:  0.1, Diff:  0.0, Sum:  0.3, Workers: 4
[16.110s][debug][gc,phases      ] GC(6)     Dead                           Min: 0, Avg: 23.0, Max: 68, Diff: 68, Sum: 92, Workers: 4
[16.110s][debug][gc,phases      ] GC(6)     Total                          Min: 1472, Avg: 1803.5, Max: 2478, Diff: 1006, Sum: 7214, Workers: 4
[16.110s][debug][gc,phases      ] GC(6)   JNI Weak                       Min:  0.0, Avg:  0.0, Max:  0.0, Diff:  0.0, Sum:  0.0, Workers: 4
[16.110s][debug][gc,phases      ] GC(6)     Dead                           Min: 0, Avg:  0.0, Max: 0, Diff: 0, Sum: 0, Workers: 4
[16.110s][debug][gc,phases      ] GC(6)     Total                          Min: 0, Avg:  0.0, Max: 0, Diff: 0, Sum: 0, Workers: 4
[16.110s][debug][gc,phases      ] GC(6)   StringDedup Table Weak         Min:  0.0, Avg:  0.0, Max:  0.0, Diff:  0.0, Sum:  0.0, Workers: 4
[16.110s][debug][gc,phases      ] GC(6)     Dead                           Min: 0, Avg:  0.0, Max: 0, Diff: 0, Sum: 0, Workers: 4
[16.110s][debug][gc,phases      ] GC(6)     Total                          Min: 0, Avg:  0.0, Max: 0, Diff: 0, Sum: 0, Workers: 4
[16.110s][debug][gc,phases      ] GC(6)   StringDedup Requests0 Weak     Min:  0.0, Avg:  0.0, Max:  0.0, Diff:  0.0, Sum:  0.0, Workers: 4
[16.110s][debug][gc,phases      ] GC(6)     Dead                           Min: 0, Avg:  0.0, Max: 0, Diff: 0, Sum: 0, Workers: 4
[16.110s][debug][gc,phases      ] GC(6)     Total                          Min: 0, Avg:  0.0, Max: 0, Diff: 0, Sum: 0, Workers: 4
[16.110s][debug][gc,phases      ] GC(6)   StringDedup Requests1 Weak     Min:  0.0, Avg:  0.0, Max:  0.0, Diff:  0.0, Sum:  0.0, Workers: 4
[16.110s][debug][gc,phases      ] GC(6)     Dead                           Min: 0, Avg:  0.0, Max: 0, Diff: 0, Sum: 0, Workers: 4
[16.110s][debug][gc,phases      ] GC(6)     Total                          Min: 0, Avg:  0.0, Max: 0, Diff: 0, Sum: 0, Workers: 4
[16.110s][debug][gc,phases      ] GC(6)   Weak JFR Old Object Samples    Min:  0.0, Avg:  0.0, Max:  0.0, Diff:  0.0, Sum:  0.0, Workers: 4
[16.110s][debug][gc,phases      ] GC(6)     Dead                           Min: 0, Avg:  0.0, Max: 0, Diff: 0, Sum: 0, Workers: 4
[16.110s][debug][gc,phases      ] GC(6)     Total                          Min: 0, Avg:  0.0, Max: 0, Diff: 0, Sum: 0, Workers: 4
[16.110s][debug][gc,phases      ] GC(6) Weak Processing 0.778ms
[16.110s][debug][gc,age         ] GC(6) Desired survivor size 536870912 bytes, new threshold 7 (max threshold 15)
[16.110s][info ][gc,heap        ] GC(6) PSYoungGen: 1570266K(1572864K)->200407K(1572864K) Eden: 1048576K(1048576K)->0K(1048576K) From: 521690K(524288K)->200407K(524288K)
[16.110s][info ][gc,heap        ] GC(6) ParOldGen: 6131K(18432K)->6147K(18432K)
[16.110s][info ][gc,metaspace   ] GC(6) Metaspace: 67641K(68352K)->67641K(68352K) NonClass: 57605K(57984K)->57605K(57984K) Class: 10035K(10368K)->10035K(10368K)
[16.110s][info ][gc             ] GC(6) Pause Young (Allocation Failure) 1539M->201M(1554M) 79.252ms
[16.110s][info ][gc,cpu         ] GC(6) User=0.29s Sys=0.04s Real=0.08s
[16.110s][info ][safepoint      ] Safepoint "ParallelGCFailedAllocation", Time since last: 301399216 ns, Reaching safepoint: 134904 ns, At safepoint: 79333063 ns, Total: 79467967 ns
[16.314s][info ][safepoint      ] Safepoint "ICBufferFull", Time since last: 204171066 ns, Reaching safepoint: 222506 ns, At safepoint: 14700 ns, Total: 237206 ns
[16.372s][info ][safepoint      ] Safepoint "ICBufferFull", Time since last: 57620371 ns, Reaching safepoint: 229206 ns, At safepoint: 5200 ns, Total: 234406 ns
[16.450s][info ][safepoint      ] Safepoint "ICBufferFull", Time since last: 77563915 ns, Reaching safepoint: 225306 ns, At safepoint: 17500 ns, Total: 242806 ns
[16.499s][info ][safepoint      ] Safepoint "ICBufferFull", Time since last: 49309645 ns, Reaching safepoint: 156004 ns, At safepoint: 8100 ns, Total: 164104 ns
[16.590s][info ][safepoint      ] Safepoint "ICBufferFull", Time since last: 90526968 ns, Reaching safepoint: 250307 ns, At safepoint: 14500 ns, Total: 264807 ns
[16.853s][info ][safepoint      ] Safepoint "ICBufferFull", Time since last: 262958769 ns, Reaching safepoint: 201006 ns, At safepoint: 10100 ns, Total: 211106 ns
[17.544s][info ][safepoint      ] Safepoint "ICBufferFull", Time since last: 690487525 ns, Reaching safepoint: 188505 ns, At safepoint: 10500 ns, Total: 199005 ns
[17.544s][info ][safepoint      ] Safepoint "ICBufferFull", Time since last: 75102 ns, Reaching safepoint: 92103 ns, At safepoint: 5500 ns, Total: 97603 ns
[18.544s][info ][safepoint      ] Safepoint "Cleanup", Time since last: 1000085768 ns, Reaching safepoint: 150704 ns, At safepoint: 13501 ns, Total: 164205 ns
[19.545s][info ][safepoint      ] Safepoint "Cleanup", Time since last: 1000116572 ns, Reaching safepoint: 133203 ns, At safepoint: 10800 ns, Total: 144003 ns
[20.545s][info ][safepoint      ] Safepoint "Cleanup", Time since last: 1000126775 ns, Reaching safepoint: 158305 ns, At safepoint: 10500 ns, Total: 168805 ns
[21.545s][info ][safepoint      ] Safepoint "Cleanup", Time since last: 1000122677 ns, Reaching safepoint: 99003 ns, At safepoint: 5700 ns, Total: 104703 ns
[22.545s][info ][safepoint      ] Safepoint "Cleanup", Time since last: 1000113780 ns, Reaching safepoint: 74002 ns, At safepoint: 8401 ns, Total: 82403 ns
[23.281s][info ][safepoint      ] Safepoint "ICBufferFull", Time since last: 735871274 ns, Reaching safepoint: 220206 ns, At safepoint: 5100 ns, Total: 225306 ns
[24.501s][info ][safepoint      ] Safepoint "Cleanup", Time since last: 1219453869 ns, Reaching safepoint: 94903 ns, At safepoint: 28301 ns, Total: 123204 ns
[25.501s][info ][safepoint      ] Safepoint "Cleanup", Time since last: 1000117088 ns, Reaching safepoint: 76802 ns, At safepoint: 6000 ns, Total: 82802 ns
[26.501s][info ][safepoint      ] Safepoint "Cleanup", Time since last: 1000113391 ns, Reaching safepoint: 83703 ns, At safepoint: 2500 ns, Total: 86203 ns
[27.502s][info ][safepoint      ] Safepoint "Cleanup", Time since last: 1000112293 ns, Reaching safepoint: 74002 ns, At safepoint: 6101 ns, Total: 80103 ns
[28.502s][info ][safepoint      ] Safepoint "Cleanup", Time since last: 1000109296 ns, Reaching safepoint: 57602 ns, At safepoint: 8200 ns, Total: 65802 ns
[29.502s][info ][safepoint      ] Safepoint "Cleanup", Time since last: 1000115199 ns, Reaching safepoint: 86102 ns, At safepoint: 8501 ns, Total: 94603 ns
[30.502s][info ][safepoint      ] Safepoint "Cleanup", Time since last: 1000111802 ns, Reaching safepoint: 61501 ns, At safepoint: 5501 ns, Total: 67002 ns
[31.502s][info ][safepoint      ] Safepoint "Cleanup", Time since last: 1000117104 ns, Reaching safepoint: 78403 ns, At safepoint: 9500 ns, Total: 87903 ns
[32.503s][info ][safepoint      ] Safepoint "Cleanup", Time since last: 1000118307 ns, Reaching safepoint: 72402 ns, At safepoint: 9701 ns, Total: 82103 ns
[33.503s][info ][safepoint      ] Safepoint "Cleanup", Time since last: 1000109310 ns, Reaching safepoint: 61501 ns, At safepoint: 11101 ns, Total: 72602 ns
[34.503s][info ][safepoint      ] Safepoint "Cleanup", Time since last: 1000064211 ns, Reaching safepoint: 60202 ns, At safepoint: 7900 ns, Total: 68102 ns
[35.503s][info ][safepoint      ] Safepoint "Cleanup", Time since last: 1000116216 ns, Reaching safepoint: 77702 ns, At safepoint: 10500 ns, Total: 88202 ns
[36.503s][info ][safepoint      ] Safepoint "Cleanup", Time since last: 1000099818 ns, Reaching safepoint: 62602 ns, At safepoint: 9700 ns, Total: 72302 ns
[37.504s][info ][safepoint      ] Safepoint "Cleanup", Time since last: 1000120622 ns, Reaching safepoint: 60701 ns, At safepoint: 8100 ns, Total: 68801 ns
[38.504s][info ][safepoint      ] Safepoint "Cleanup", Time since last: 1000117124 ns, Reaching safepoint: 53502 ns, At safepoint: 11200 ns, Total: 64702 ns
[39.504s][info ][safepoint      ] Safepoint "Cleanup", Time since last: 1000108826 ns, Reaching safepoint: 53202 ns, At safepoint: 6700 ns, Total: 59902 ns
[40.504s][info ][safepoint      ] Safepoint "Cleanup", Time since last: 1000117529 ns, Reaching safepoint: 50702 ns, At safepoint: 9800 ns, Total: 60502 ns
[41.504s][info ][safepoint      ] Safepoint "Cleanup", Time since last: 1000113932 ns, Reaching safepoint: 54001 ns, At safepoint: 6201 ns, Total: 60202 ns
[42.328s][info ][gc,start       ] GC(7) Pause Young (Allocation Failure)
[42.397s][debug][gc,phases      ] GC(7) Scavenge 68.509ms
[42.397s][debug][gc,ref         ] GC(7) Skipped phase 1 of Reference Processing: no references
[42.397s][debug][gc,ref         ] GC(7) ReferenceProcessor::execute queues: 3, RefProcThreadModel::Multi, marks_oops_alive: false
[42.397s][debug][gc,ref         ] GC(7) ReferenceProcessor::execute queues: 4, RefProcThreadModel::Multi, marks_oops_alive: true
[42.398s][debug][gc,ref         ] GC(7) ReferenceProcessor::execute queues: 1, RefProcThreadModel::Single, marks_oops_alive: false
[42.398s][debug][gc,phases      ] GC(7) Reference Processing 0.451ms
[42.398s][debug][gc,phases      ] GC(7)   VM Weak                        Min:  0.0, Avg:  0.0, Max:  0.0, Diff:  0.0, Sum:  0.0, Workers: 4
[42.398s][debug][gc,phases      ] GC(7)     Dead                           Min: 0, Avg:  0.0, Max: 0, Diff: 0, Sum: 0, Workers: 4
[42.398s][debug][gc,phases      ] GC(7)     Total                          Min: 0, Avg: 150.5, Max: 410, Diff: 410, Sum: 602, Workers: 4
[42.398s][debug][gc,phases      ] GC(7)   ObjectSynchronizer Weak        Min:  0.0, Avg:  0.0, Max:  0.0, Diff:  0.0, Sum:  0.0, Workers: 4
[42.398s][debug][gc,phases      ] GC(7)     Dead                           Min: 0, Avg:  0.2, Max: 1, Diff: 1, Sum: 1, Workers: 4
[42.398s][debug][gc,phases      ] GC(7)     Total                          Min: 0, Avg: 13.2, Max: 53, Diff: 53, Sum: 53, Workers: 4
[42.398s][debug][gc,phases      ] GC(7)   JVMTI Tag Weak OopStorage      Min:  0.0, Avg:  0.0, Max:  0.0, Diff:  0.0, Sum:  0.0, Workers: 4
[42.398s][debug][gc,phases      ] GC(7)     Dead                           Min: 0, Avg:  0.0, Max: 0, Diff: 0, Sum: 0, Workers: 4
[42.398s][debug][gc,phases      ] GC(7)     Total                          Min: 0, Avg:  0.0, Max: 0, Diff: 0, Sum: 0, Workers: 4
[42.398s][debug][gc,phases      ] GC(7)   StringTable Weak               Min:  0.5, Avg:  0.5, Max:  0.5, Diff:  0.0, Sum:  1.9, Workers: 4
[42.398s][debug][gc,phases      ] GC(7)     Dead                           Min: 0, Avg:  2.0, Max: 4, Diff: 4, Sum: 8, Workers: 4
[42.398s][debug][gc,phases      ] GC(7)     Total                          Min: 10624, Avg: 11830.8, Max: 14656, Diff: 4032, Sum: 47323, Workers: 4
[42.398s][debug][gc,phases      ] GC(7)   ResolvedMethodTable Weak       Min:  0.1, Avg:  0.1, Max:  0.1, Diff:  0.0, Sum:  0.3, Workers: 4
[42.398s][debug][gc,phases      ] GC(7)     Dead                           Min: 3, Avg: 20.8, Max: 55, Diff: 52, Sum: 83, Workers: 4
[42.398s][debug][gc,phases      ] GC(7)     Total                          Min: 1472, Avg: 1901.2, Max: 2613, Diff: 1141, Sum: 7605, Workers: 4
[42.398s][debug][gc,phases      ] GC(7)   JNI Weak                       Min:  0.0, Avg:  0.0, Max:  0.0, Diff:  0.0, Sum:  0.0, Workers: 4
[42.398s][debug][gc,phases      ] GC(7)     Dead                           Min: 0, Avg:  0.0, Max: 0, Diff: 0, Sum: 0, Workers: 4
[42.398s][debug][gc,phases      ] GC(7)     Total                          Min: 0, Avg:  0.0, Max: 0, Diff: 0, Sum: 0, Workers: 4
[42.398s][debug][gc,phases      ] GC(7)   StringDedup Table Weak         Min:  0.0, Avg:  0.0, Max:  0.0, Diff:  0.0, Sum:  0.0, Workers: 4
[42.398s][debug][gc,phases      ] GC(7)     Dead                           Min: 0, Avg:  0.0, Max: 0, Diff: 0, Sum: 0, Workers: 4
[42.398s][debug][gc,phases      ] GC(7)     Total                          Min: 0, Avg:  0.0, Max: 0, Diff: 0, Sum: 0, Workers: 4
[42.398s][debug][gc,phases      ] GC(7)   StringDedup Requests0 Weak     Min:  0.0, Avg:  0.0, Max:  0.0, Diff:  0.0, Sum:  0.0, Workers: 4
[42.398s][debug][gc,phases      ] GC(7)     Dead                           Min: 0, Avg:  0.0, Max: 0, Diff: 0, Sum: 0, Workers: 4
[42.398s][debug][gc,phases      ] GC(7)     Total                          Min: 0, Avg:  0.0, Max: 0, Diff: 0, Sum: 0, Workers: 4
[42.398s][debug][gc,phases      ] GC(7)   StringDedup Requests1 Weak     Min:  0.0, Avg:  0.0, Max:  0.0, Diff:  0.0, Sum:  0.0, Workers: 4
[42.398s][debug][gc,phases      ] GC(7)     Dead                           Min: 0, Avg:  0.0, Max: 0, Diff: 0, Sum: 0, Workers: 4
[42.398s][debug][gc,phases      ] GC(7)     Total                          Min: 0, Avg:  0.0, Max: 0, Diff: 0, Sum: 0, Workers: 4
[42.398s][debug][gc,phases      ] GC(7)   Weak JFR Old Object Samples    Min:  0.0, Avg:  0.0, Max:  0.0, Diff:  0.0, Sum:  0.0, Workers: 4
[42.398s][debug][gc,phases      ] GC(7)     Dead                           Min: 0, Avg:  0.0, Max: 0, Diff: 0, Sum: 0, Workers: 4
[42.398s][debug][gc,phases      ] GC(7)     Total                          Min: 0, Avg:  0.0, Max: 0, Diff: 0, Sum: 0, Workers: 4
[42.398s][debug][gc,phases      ] GC(7) Weak Processing 0.730ms
[42.398s][debug][gc,age         ] GC(7) Desired survivor size 421003264 bytes, new threshold 8 (max threshold 15)
[42.398s][info ][gc,heap        ] GC(7) PSYoungGen: 1248983K(1572864K)->206854K(1686016K) Eden: 1048576K(1048576K)->0K(1161728K) From: 200407K(524288K)->206854K(524288K)
[42.398s][info ][gc,heap        ] GC(7) ParOldGen: 6147K(18432K)->6171K(18432K)
[42.398s][info ][gc,metaspace   ] GC(7) Metaspace: 71184K(71936K)->71184K(71936K) NonClass: 60843K(61248K)->60843K(61248K) Class: 10341K(10688K)->10341K(10688K)
[42.398s][info ][gc             ] GC(7) Pause Young (Allocation Failure) 1225M->208M(1664M) 69.857ms
[42.398s][info ][gc,cpu         ] GC(7) User=0.28s Sys=0.00s Real=0.07s
[42.398s][info ][safepoint      ] Safepoint "ParallelGCFailedAllocation", Time since last: 824172225 ns, Reaching safepoint: 49801 ns, At safepoint: 69938912 ns, Total: 69988713 ns
[43.399s][info ][safepoint      ] Safepoint "Cleanup", Time since last: 1000087936 ns, Reaching safepoint: 54202 ns, At safepoint: 19000 ns, Total: 73202 ns
[44.399s][info ][safepoint      ] Safepoint "Cleanup", Time since last: 1000110040 ns, Reaching safepoint: 57301 ns, At safepoint: 5500 ns, Total: 62801 ns
[45.399s][info ][safepoint      ] Safepoint "Cleanup", Time since last: 1000107642 ns, Reaching safepoint: 53602 ns, At safepoint: 3600 ns, Total: 57202 ns
[46.399s][info ][safepoint      ] Safepoint "Cleanup", Time since last: 1000112345 ns, Reaching safepoint: 68302 ns, At safepoint: 8300 ns, Total: 76602 ns
[47.399s][info ][safepoint      ] Safepoint "Cleanup", Time since last: 1000114348 ns, Reaching safepoint: 56001 ns, At safepoint: 2700 ns, Total: 58701 ns
[48.399s][info ][safepoint      ] Safepoint "Cleanup", Time since last: 1000112850 ns, Reaching safepoint: 53302 ns, At safepoint: 6500 ns, Total: 59802 ns
[49.400s][info ][safepoint      ] Safepoint "Cleanup", Time since last: 1000115753 ns, Reaching safepoint: 48101 ns, At safepoint: 2500 ns, Total: 50601 ns
[51.400s][info ][safepoint      ] Safepoint "Cleanup", Time since last: 2000172912 ns, Reaching safepoint: 61502 ns, At safepoint: 6800 ns, Total: 68302 ns
[52.400s][info ][safepoint      ] Safepoint "Cleanup", Time since last: 1000112361 ns, Reaching safepoint: 47001 ns, At safepoint: 2900 ns, Total: 49901 ns
[53.982s][info ][safepoint      ] Safepoint "Cleanup", Time since last: 1581634775 ns, Reaching safepoint: 44001 ns, At safepoint: 5300 ns, Total: 49301 ns
[54.982s][info ][safepoint      ] Safepoint "Cleanup", Time since last: 1000109268 ns, Reaching safepoint: 146004 ns, At safepoint: 11500 ns, Total: 157504 ns
[56.982s][info ][safepoint      ] Safepoint "Cleanup", Time since last: 2000174441 ns, Reaching safepoint: 57802 ns, At safepoint: 6700 ns, Total: 64502 ns
[59.982s][info ][safepoint      ] Safepoint "Cleanup", Time since last: 3000213030 ns, Reaching safepoint: 52302 ns, At safepoint: 7300 ns, Total: 59602 ns
[60.983s][info ][safepoint      ] Safepoint "Cleanup", Time since last: 1000075082 ns, Reaching safepoint: 55801 ns, At safepoint: 7201 ns, Total: 63002 ns
[61.983s][info ][safepoint      ] Safepoint "Cleanup", Time since last: 1000101685 ns, Reaching safepoint: 55702 ns, At safepoint: 2900 ns, Total: 58602 ns
[62.983s][info ][safepoint      ] Safepoint "Cleanup", Time since last: 1000104088 ns, Reaching safepoint: 44301 ns, At safepoint: 4900 ns, Total: 49201 ns
[66.983s][info ][safepoint      ] Safepoint "Cleanup", Time since last: 4000298374 ns, Reaching safepoint: 123403 ns, At safepoint: 5601 ns, Total: 129004 ns
[67.984s][info ][safepoint      ] Safepoint "Cleanup", Time since last: 1000134301 ns, Reaching safepoint: 46901 ns, At safepoint: 2500 ns, Total: 49401 ns
[69.984s][info ][safepoint      ] Safepoint "Cleanup", Time since last: 2000173609 ns, Reaching safepoint: 54201 ns, At safepoint: 2600 ns, Total: 56801 ns
[70.984s][info ][safepoint      ] Safepoint "Cleanup", Time since last: 1000102108 ns, Reaching safepoint: 44302 ns, At safepoint: 8600 ns, Total: 52902 ns
[71.984s][info ][safepoint      ] Safepoint "Cleanup", Time since last: 1000104211 ns, Reaching safepoint: 51201 ns, At safepoint: 8100 ns, Total: 59301 ns
[72.984s][info ][safepoint      ] Safepoint "Cleanup", Time since last: 1000107814 ns, Reaching safepoint: 47001 ns, At safepoint: 4200 ns, Total: 51201 ns
[73.984s][info ][safepoint      ] Safepoint "Cleanup", Time since last: 1000091316 ns, Reaching safepoint: 46701 ns, At safepoint: 6800 ns, Total: 53501 ns
[74.985s][info ][safepoint      ] Safepoint "Cleanup", Time since last: 1000108619 ns, Reaching safepoint: 44401 ns, At safepoint: 6000 ns, Total: 50401 ns
[75.985s][info ][safepoint      ] Safepoint "Cleanup", Time since last: 1000112321 ns, Reaching safepoint: 50502 ns, At safepoint: 3000 ns, Total: 53502 ns
[76.985s][info ][safepoint      ] Safepoint "Cleanup", Time since last: 1000065422 ns, Reaching safepoint: 46901 ns, At safepoint: 2400 ns, Total: 49301 ns
[78.985s][info ][safepoint      ] Safepoint "Cleanup", Time since last: 2000173454 ns, Reaching safepoint: 47001 ns, At safepoint: 8300 ns, Total: 55301 ns
[79.985s][info ][safepoint      ] Safepoint "Cleanup", Time since last: 1000117732 ns, Reaching safepoint: 50301 ns, At safepoint: 7300 ns, Total: 57601 ns
[80.985s][info ][safepoint      ] Safepoint "Cleanup", Time since last: 1000109034 ns, Reaching safepoint: 40601 ns, At safepoint: 3000 ns, Total: 43601 ns
[81.986s][info ][safepoint      ] Safepoint "Cleanup", Time since last: 1000108036 ns, Reaching safepoint: 54801 ns, At safepoint: 8701 ns, Total: 63502 ns
[84.986s][info ][safepoint      ] Safepoint "Cleanup", Time since last: 3000239320 ns, Reaching safepoint: 46901 ns, At safepoint: 10201 ns, Total: 57102 ns
[85.986s][info ][safepoint      ] Safepoint "Cleanup", Time since last: 1000106445 ns, Reaching safepoint: 49502 ns, At safepoint: 9100 ns, Total: 58602 ns
[86.380s][info ][gc,start       ] GC(8) Pause Young (Allocation Failure)
[86.454s][debug][gc,phases      ] GC(8) Scavenge 73.238ms
[86.454s][debug][gc,ref         ] GC(8) Skipped phase 1 of Reference Processing: no references
[86.454s][debug][gc,ref         ] GC(8) ReferenceProcessor::execute queues: 1, RefProcThreadModel::Single, marks_oops_alive: false
[86.454s][debug][gc,ref         ] GC(8) Skipped phase 3 of Reference Processing: no references
[86.454s][debug][gc,ref         ] GC(8) ReferenceProcessor::execute queues: 1, RefProcThreadModel::Single, marks_oops_alive: false
[86.454s][debug][gc,phases      ] GC(8) Reference Processing 0.177ms
[86.454s][debug][gc,phases      ] GC(8)   VM Weak                        Min:  0.0, Avg:  0.0, Max:  0.0, Diff:  0.0, Sum:  0.0, Workers: 4
[86.454s][debug][gc,phases      ] GC(8)     Dead                           Min: 0, Avg:  0.0, Max: 0, Diff: 0, Sum: 0, Workers: 4
[86.454s][debug][gc,phases      ] GC(8)     Total                          Min: 0, Avg: 150.5, Max: 320, Diff: 320, Sum: 602, Workers: 4
[86.454s][debug][gc,phases      ] GC(8)   ObjectSynchronizer Weak        Min:  0.0, Avg:  0.0, Max:  0.0, Diff:  0.0, Sum:  0.0, Workers: 4
[86.454s][debug][gc,phases      ] GC(8)     Dead                           Min: 0, Avg:  0.0, Max: 0, Diff: 0, Sum: 0, Workers: 4
[86.454s][debug][gc,phases      ] GC(8)     Total                          Min: 0, Avg: 13.2, Max: 53, Diff: 53, Sum: 53, Workers: 4
[86.454s][debug][gc,phases      ] GC(8)   JVMTI Tag Weak OopStorage      Min:  0.0, Avg:  0.0, Max:  0.0, Diff:  0.0, Sum:  0.0, Workers: 4
[86.454s][debug][gc,phases      ] GC(8)     Dead                           Min: 0, Avg:  0.0, Max: 0, Diff: 0, Sum: 0, Workers: 4
[86.454s][debug][gc,phases      ] GC(8)     Total                          Min: 0, Avg:  0.0, Max: 0, Diff: 0, Sum: 0, Workers: 4
[86.454s][debug][gc,phases      ] GC(8)   StringTable Weak               Min:  0.5, Avg:  0.5, Max:  0.5, Diff:  0.0, Sum:  1.9, Workers: 4
[86.454s][debug][gc,phases      ] GC(8)     Dead                           Min: 0, Avg:  0.0, Max: 0, Diff: 0, Sum: 0, Workers: 4
[86.454s][debug][gc,phases      ] GC(8)     Total                          Min: 10195, Avg: 11860.8, Max: 15936, Diff: 5741, Sum: 47443, Workers: 4
[86.454s][debug][gc,phases      ] GC(8)   ResolvedMethodTable Weak       Min:  0.1, Avg:  0.1, Max:  0.1, Diff:  0.0, Sum:  0.3, Workers: 4
[86.454s][debug][gc,phases      ] GC(8)     Dead                           Min: 0, Avg:  0.2, Max: 1, Diff: 1, Sum: 1, Workers: 4
[86.454s][debug][gc,phases      ] GC(8)     Total                          Min: 1535, Avg: 1901.2, Max: 2870, Diff: 1335, Sum: 7605, Workers: 4
[86.454s][debug][gc,phases      ] GC(8)   JNI Weak                       Min:  0.0, Avg:  0.0, Max:  0.0, Diff:  0.0, Sum:  0.0, Workers: 4
[86.454s][debug][gc,phases      ] GC(8)     Dead                           Min: 0, Avg:  0.0, Max: 0, Diff: 0, Sum: 0, Workers: 4
[86.454s][debug][gc,phases      ] GC(8)     Total                          Min: 0, Avg:  0.0, Max: 0, Diff: 0, Sum: 0, Workers: 4
[86.454s][debug][gc,phases      ] GC(8)   StringDedup Table Weak         Min:  0.0, Avg:  0.0, Max:  0.0, Diff:  0.0, Sum:  0.0, Workers: 4
[86.454s][debug][gc,phases      ] GC(8)     Dead                           Min: 0, Avg:  0.0, Max: 0, Diff: 0, Sum: 0, Workers: 4
[86.454s][debug][gc,phases      ] GC(8)     Total                          Min: 0, Avg:  0.0, Max: 0, Diff: 0, Sum: 0, Workers: 4
[86.454s][debug][gc,phases      ] GC(8)   StringDedup Requests0 Weak     Min:  0.0, Avg:  0.0, Max:  0.0, Diff:  0.0, Sum:  0.0, Workers: 4
[86.454s][debug][gc,phases      ] GC(8)     Dead                           Min: 0, Avg:  0.0, Max: 0, Diff: 0, Sum: 0, Workers: 4
[86.454s][debug][gc,phases      ] GC(8)     Total                          Min: 0, Avg:  0.0, Max: 0, Diff: 0, Sum: 0, Workers: 4
[86.455s][debug][gc,phases      ] GC(8)   StringDedup Requests1 Weak     Min:  0.0, Avg:  0.0, Max:  0.0, Diff:  0.0, Sum:  0.0, Workers: 4
[86.455s][debug][gc,phases      ] GC(8)     Dead                           Min: 0, Avg:  0.0, Max: 0, Diff: 0, Sum: 0, Workers: 4
[86.455s][debug][gc,phases      ] GC(8)     Total                          Min: 0, Avg:  0.0, Max: 0, Diff: 0, Sum: 0, Workers: 4
[86.455s][debug][gc,phases      ] GC(8)   Weak JFR Old Object Samples    Min:  0.0, Avg:  0.0, Max:  0.0, Diff:  0.0, Sum:  0.0, Workers: 4
[86.455s][debug][gc,phases      ] GC(8)     Dead                           Min: 0, Avg:  0.0, Max: 0, Diff: 0, Sum: 0, Workers: 4
[86.455s][debug][gc,phases      ] GC(8)     Total                          Min: 0, Avg:  0.0, Max: 0, Diff: 0, Sum: 0, Workers: 4
[86.455s][debug][gc,phases      ] GC(8) Weak Processing 0.765ms
[86.455s][debug][gc,age         ] GC(8) Desired survivor size 387973120 bytes, new threshold 9 (max threshold 15)
[86.455s][info ][gc,heap        ] GC(8) PSYoungGen: 1368582K(1686016K)->206771K(1572864K) Eden: 1161728K(1161728K)->0K(1161728K) From: 206854K(524288K)->206771K(411136K)
[86.455s][info ][gc,heap        ] GC(8) ParOldGen: 6171K(18432K)->6179K(18432K)
[86.455s][info ][gc,metaspace   ] GC(8) Metaspace: 71250K(72064K)->71250K(72064K) NonClass: 60906K(61312K)->60906K(61312K) Class: 10343K(10752K)->10343K(10752K)
[86.455s][info ][gc             ] GC(8) Pause Young (Allocation Failure) 1342M->207M(1554M) 74.324ms
[86.455s][info ][gc,cpu         ] GC(8) User=0.27s Sys=0.03s Real=0.07s
[86.455s][info ][safepoint      ] Safepoint "ParallelGCFailedAllocation", Time since last: 394174418 ns, Reaching safepoint: 46701 ns, At safepoint: 74398842 ns, Total: 74445543 ns
[87.455s][info ][safepoint      ] Safepoint "Cleanup", Time since last: 1000088249 ns, Reaching safepoint: 53802 ns, At safepoint: 5500 ns, Total: 59302 ns
[89.455s][info ][safepoint      ] Safepoint "Cleanup", Time since last: 2000188105 ns, Reaching safepoint: 41002 ns, At safepoint: 2600 ns, Total: 43602 ns
[91.455s][info ][safepoint      ] Safepoint "Cleanup", Time since last: 2000194115 ns, Reaching safepoint: 60802 ns, At safepoint: 10100 ns, Total: 70902 ns
[93.455s][info ][safepoint      ] Safepoint "Cleanup", Time since last: 2000174824 ns, Reaching safepoint: 43602 ns, At safepoint: 2200 ns, Total: 45802 ns
[96.456s][info ][safepoint      ] Safepoint "Cleanup", Time since last: 3000229904 ns, Reaching safepoint: 42801 ns, At safepoint: 5100 ns, Total: 47901 ns
[97.456s][info ][safepoint      ] Safepoint "Cleanup", Time since last: 1000124674 ns, Reaching safepoint: 57602 ns, At safepoint: 10300 ns, Total: 67902 ns
[100.456s][info ][safepoint      ] Safepoint "Cleanup", Time since last: 3000243233 ns, Reaching safepoint: 54702 ns, At safepoint: 5900 ns, Total: 60602 ns
[101.456s][info ][safepoint      ] Safepoint "Cleanup", Time since last: 1000116384 ns, Reaching safepoint: 46301 ns, At safepoint: 2100 ns, Total: 48401 ns
[102.457s][info ][safepoint      ] Safepoint "Cleanup", Time since last: 1000114386 ns, Reaching safepoint: 46601 ns, At safepoint: 2800 ns, Total: 49401 ns
[104.457s][info ][safepoint      ] Safepoint "Cleanup", Time since last: 2000182678 ns, Reaching safepoint: 49901 ns, At safepoint: 2200 ns, Total: 52101 ns
[105.457s][info ][safepoint      ] Safepoint "Cleanup", Time since last: 1000116793 ns, Reaching safepoint: 52302 ns, At safepoint: 5100 ns, Total: 57402 ns
[106.457s][info ][safepoint      ] Safepoint "Cleanup", Time since last: 1000107395 ns, Reaching safepoint: 64202 ns, At safepoint: 5500 ns, Total: 69702 ns
[108.457s][info ][safepoint      ] Safepoint "Cleanup", Time since last: 2000176296 ns, Reaching safepoint: 72402 ns, At safepoint: 8200 ns, Total: 80602 ns
[109.458s][info ][safepoint      ] Safepoint "Cleanup", Time since last: 1000114803 ns, Reaching safepoint: 40301 ns, At safepoint: 4600 ns, Total: 44901 ns
[110.458s][info ][safepoint      ] Safepoint "Cleanup", Time since last: 1000114805 ns, Reaching safepoint: 49701 ns, At safepoint: 14900 ns, Total: 64601 ns
[119.458s][info ][safepoint      ] Safepoint "Cleanup", Time since last: 9000629337 ns, Reaching safepoint: 48301 ns, At safepoint: 40401 ns, Total: 88702 ns
[122.459s][info ][safepoint      ] Safepoint "Cleanup", Time since last: 3000243488 ns, Reaching safepoint: 44301 ns, At safepoint: 5200 ns, Total: 49501 ns
[126.459s][info ][safepoint      ] Safepoint "Cleanup", Time since last: 4000313449 ns, Reaching safepoint: 42401 ns, At safepoint: 2300 ns, Total: 44701 ns
[127.459s][info ][safepoint      ] Safepoint "Cleanup", Time since last: 1000108144 ns, Reaching safepoint: 43501 ns, At safepoint: 2000 ns, Total: 45501 ns
[130.979s][info ][gc,start       ] GC(9) Pause Young (Allocation Failure)
[131.044s][debug][gc,phases      ] GC(9) Scavenge 64.526ms
[131.044s][debug][gc,ref         ] GC(9) Skipped phase 1 of Reference Processing: no references
[131.044s][debug][gc,ref         ] GC(9) ReferenceProcessor::execute queues: 3, RefProcThreadModel::Multi, marks_oops_alive: false
[131.044s][debug][gc,ref         ] GC(9) Skipped phase 3 of Reference Processing: no references
[131.044s][debug][gc,ref         ] GC(9) ReferenceProcessor::execute queues: 1, RefProcThreadModel::Single, marks_oops_alive: false
[131.044s][debug][gc,phases      ] GC(9) Reference Processing 0.339ms
[131.045s][debug][gc,phases      ] GC(9)   VM Weak                        Min:  0.0, Avg:  0.0, Max:  0.0, Diff:  0.0, Sum:  0.0, Workers: 4
[131.045s][debug][gc,phases      ] GC(9)     Dead                           Min: 0, Avg:  0.0, Max: 0, Diff: 0, Sum: 0, Workers: 4
[131.045s][debug][gc,phases      ] GC(9)     Total                          Min: 0, Avg: 150.5, Max: 384, Diff: 384, Sum: 602, Workers: 4
[131.045s][debug][gc,phases      ] GC(9)   ObjectSynchronizer Weak        Min:  0.0, Avg:  0.0, Max:  0.0, Diff:  0.0, Sum:  0.0, Workers: 4
[131.045s][debug][gc,phases      ] GC(9)     Dead                           Min: 0, Avg:  0.0, Max: 0, Diff: 0, Sum: 0, Workers: 4
[131.045s][debug][gc,phases      ] GC(9)     Total                          Min: 0, Avg: 13.8, Max: 55, Diff: 55, Sum: 55, Workers: 4
[131.045s][debug][gc,phases      ] GC(9)   JVMTI Tag Weak OopStorage      Min:  0.0, Avg:  0.0, Max:  0.0, Diff:  0.0, Sum:  0.0, Workers: 4
[131.045s][debug][gc,phases      ] GC(9)     Dead                           Min: 0, Avg:  0.0, Max: 0, Diff: 0, Sum: 0, Workers: 4
[131.045s][debug][gc,phases      ] GC(9)     Total                          Min: 0, Avg:  0.0, Max: 0, Diff: 0, Sum: 0, Workers: 4
[131.045s][debug][gc,phases      ] GC(9)   StringTable Weak               Min:  0.4, Avg:  0.4, Max:  0.4, Diff:  0.0, Sum:  1.6, Workers: 4
[131.045s][debug][gc,phases      ] GC(9)     Dead                           Min: 0, Avg:  0.0, Max: 0, Diff: 0, Sum: 0, Workers: 4
[131.045s][debug][gc,phases      ] GC(9)     Total                          Min: 8095, Avg: 11863.8, Max: 14336, Diff: 6241, Sum: 47455, Workers: 4
[131.045s][debug][gc,phases      ] GC(9)   ResolvedMethodTable Weak       Min:  0.1, Avg:  0.1, Max:  0.1, Diff:  0.0, Sum:  0.3, Workers: 4
[131.045s][debug][gc,phases      ] GC(9)     Dead                           Min: 0, Avg:  0.0, Max: 0, Diff: 0, Sum: 0, Workers: 4
[131.045s][debug][gc,phases      ] GC(9)     Total                          Min: 1280, Avg: 1901.2, Max: 2240, Diff: 960, Sum: 7605, Workers: 4
[131.045s][debug][gc,phases      ] GC(9)   JNI Weak                       Min:  0.0, Avg:  0.0, Max:  0.0, Diff:  0.0, Sum:  0.0, Workers: 4
[131.045s][debug][gc,phases      ] GC(9)     Dead                           Min: 0, Avg:  0.0, Max: 0, Diff: 0, Sum: 0, Workers: 4
[131.045s][debug][gc,phases      ] GC(9)     Total                          Min: 0, Avg:  0.0, Max: 0, Diff: 0, Sum: 0, Workers: 4
[131.045s][debug][gc,phases      ] GC(9)   StringDedup Table Weak         Min:  0.0, Avg:  0.0, Max:  0.0, Diff:  0.0, Sum:  0.0, Workers: 4
[131.045s][debug][gc,phases      ] GC(9)     Dead                           Min: 0, Avg:  0.0, Max: 0, Diff: 0, Sum: 0, Workers: 4
[131.045s][debug][gc,phases      ] GC(9)     Total                          Min: 0, Avg:  0.0, Max: 0, Diff: 0, Sum: 0, Workers: 4
[131.045s][debug][gc,phases      ] GC(9)   StringDedup Requests0 Weak     Min:  0.0, Avg:  0.0, Max:  0.0, Diff:  0.0, Sum:  0.0, Workers: 4
[131.045s][debug][gc,phases      ] GC(9)     Dead                           Min: 0, Avg:  0.0, Max: 0, Diff: 0, Sum: 0, Workers: 4
[131.045s][debug][gc,phases      ] GC(9)     Total                          Min: 0, Avg:  0.0, Max: 0, Diff: 0, Sum: 0, Workers: 4
[131.045s][debug][gc,phases      ] GC(9)   StringDedup Requests1 Weak     Min:  0.0, Avg:  0.0, Max:  0.0, Diff:  0.0, Sum:  0.0, Workers: 4
[131.045s][debug][gc,phases      ] GC(9)     Dead                           Min: 0, Avg:  0.0, Max: 0, Diff: 0, Sum: 0, Workers: 4
[131.045s][debug][gc,phases      ] GC(9)     Total                          Min: 0, Avg:  0.0, Max: 0, Diff: 0, Sum: 0, Workers: 4
[131.045s][debug][gc,phases      ] GC(9)   Weak JFR Old Object Samples    Min:  0.0, Avg:  0.0, Max:  0.0, Diff:  0.0, Sum:  0.0, Workers: 4
[131.045s][debug][gc,phases      ] GC(9)     Dead                           Min: 0, Avg:  0.0, Max: 0, Diff: 0, Sum: 0, Workers: 4
[131.045s][debug][gc,phases      ] GC(9)     Total                          Min: 0, Avg:  0.0, Max: 0, Diff: 0, Sum: 0, Workers: 4
[131.045s][debug][gc,phases      ] GC(9) Weak Processing 0.667ms
[131.045s][debug][gc,age         ] GC(9) Desired survivor size 363331584 bytes, new threshold 10 (max threshold 15)
[131.045s][info ][gc,heap        ] GC(9) PSYoungGen: 1368499K(1572864K)->206838K(1742336K) Eden: 1161728K(1161728K)->0K(1363456K) From: 206771K(411136K)->206838K(378880K)
[131.045s][info ][gc,heap        ] GC(9) ParOldGen: 6179K(18432K)->6187K(18432K)
[131.045s][info ][gc,metaspace   ] GC(9) Metaspace: 71265K(72064K)->71265K(72064K) NonClass: 60922K(61312K)->60922K(61312K) Class: 10343K(10752K)->10343K(10752K)
[131.045s][info ][gc             ] GC(9) Pause Young (Allocation Failure) 1342M->208M(1719M) 65.675ms
[131.045s][info ][gc,cpu         ] GC(9) User=0.26s Sys=0.00s Real=0.06s
[131.045s][info ][safepoint      ] Safepoint "ParallelGCFailedAllocation", Time since last: 3519989661 ns, Reaching safepoint: 48002 ns, At safepoint: 65778912 ns, Total: 65826914 ns
[134.045s][info ][safepoint      ] Safepoint "Cleanup", Time since last: 3000219966 ns, Reaching safepoint: 47301 ns, At safepoint: 8200 ns, Total: 55501 ns
[145.046s][info ][safepoint      ] Safepoint "Cleanup", Time since last: 11000749579 ns, Reaching safepoint: 49701 ns, At safepoint: 10600 ns, Total: 60301 ns
[147.046s][info ][safepoint      ] Safepoint "Cleanup", Time since last: 2000194972 ns, Reaching safepoint: 55401 ns, At safepoint: 3501 ns, Total: 58902 ns
[151.047s][info ][safepoint      ] Safepoint "Cleanup", Time since last: 4000309867 ns, Reaching safepoint: 69302 ns, At safepoint: 8600 ns, Total: 77902 ns
[157.047s][info ][safepoint      ] Safepoint "Cleanup", Time since last: 6000480216 ns, Reaching safepoint: 60102 ns, At safepoint: 7700 ns, Total: 67802 ns
[163.048s][info ][safepoint      ] Safepoint "Cleanup", Time since last: 6000459093 ns, Reaching safepoint: 52801 ns, At safepoint: 8600 ns, Total: 61401 ns
[165.048s][info ][safepoint      ] Safepoint "Cleanup", Time since last: 2000183549 ns, Reaching safepoint: 62602 ns, At safepoint: 6300 ns, Total: 68902 ns
[181.049s][info ][safepoint      ] Safepoint "Cleanup", Time since last: 16001102378 ns, Reaching safepoint: 49902 ns, At safepoint: 2600 ns, Total: 52502 ns
[182.049s][info ][safepoint      ] Safepoint "Cleanup", Time since last: 1000108661 ns, Reaching safepoint: 49801 ns, At safepoint: 8101 ns, Total: 57902 ns
[183.529s][info ][gc,start       ] GC(10) Pause Young (Allocation Failure)
[183.606s][debug][gc,phases      ] GC(10) Scavenge 77.145ms
[183.606s][debug][gc,ref         ] GC(10) Skipped phase 1 of Reference Processing: no references
[183.606s][debug][gc,ref         ] GC(10) ReferenceProcessor::execute queues: 1, RefProcThreadModel::Single, marks_oops_alive: false
[183.606s][debug][gc,ref         ] GC(10) Skipped phase 3 of Reference Processing: no references
[183.606s][debug][gc,ref         ] GC(10) ReferenceProcessor::execute queues: 1, RefProcThreadModel::Single, marks_oops_alive: false
[183.606s][debug][gc,phases      ] GC(10) Reference Processing 0.176ms
[183.607s][debug][gc,phases      ] GC(10)   VM Weak                        Min:  0.0, Avg:  0.0, Max:  0.0, Diff:  0.0, Sum:  0.0, Workers: 4
[183.607s][debug][gc,phases      ] GC(10)     Dead                           Min: 0, Avg:  0.0, Max: 0, Diff: 0, Sum: 0, Workers: 4
[183.607s][debug][gc,phases      ] GC(10)     Total                          Min: 0, Avg: 150.5, Max: 346, Diff: 346, Sum: 602, Workers: 4
[183.607s][debug][gc,phases      ] GC(10)   ObjectSynchronizer Weak        Min:  0.0, Avg:  0.0, Max:  0.0, Diff:  0.0, Sum:  0.0, Workers: 4
[183.607s][debug][gc,phases      ] GC(10)     Dead                           Min: 0, Avg:  0.0, Max: 0, Diff: 0, Sum: 0, Workers: 4
[183.607s][debug][gc,phases      ] GC(10)     Total                          Min: 0, Avg: 13.8, Max: 55, Diff: 55, Sum: 55, Workers: 4
[183.607s][debug][gc,phases      ] GC(10)   JVMTI Tag Weak OopStorage      Min:  0.0, Avg:  0.0, Max:  0.0, Diff:  0.0, Sum:  0.0, Workers: 4
[183.607s][debug][gc,phases      ] GC(10)     Dead                           Min: 0, Avg:  0.0, Max: 0, Diff: 0, Sum: 0, Workers: 4
[183.607s][debug][gc,phases      ] GC(10)     Total                          Min: 0, Avg:  0.0, Max: 0, Diff: 0, Sum: 0, Workers: 4
[183.607s][debug][gc,phases      ] GC(10)   StringTable Weak               Min:  0.4, Avg:  0.4, Max:  0.4, Diff:  0.0, Sum:  1.7, Workers: 4
[183.607s][debug][gc,phases      ] GC(10)     Dead                           Min: 0, Avg:  0.0, Max: 0, Diff: 0, Sum: 0, Workers: 4
[183.607s][debug][gc,phases      ] GC(10)     Total                          Min: 9216, Avg: 11871.5, Max: 14272, Diff: 5056, Sum: 47486, Workers: 4
[183.607s][debug][gc,phases      ] GC(10)   ResolvedMethodTable Weak       Min:  0.1, Avg:  0.1, Max:  0.1, Diff:  0.0, Sum:  0.3, Workers: 4
[183.607s][debug][gc,phases      ] GC(10)     Dead                           Min: 0, Avg:  0.0, Max: 0, Diff: 0, Sum: 0, Workers: 4
[183.607s][debug][gc,phases      ] GC(10)     Total                          Min: 1280, Avg: 1901.2, Max: 2432, Diff: 1152, Sum: 7605, Workers: 4
[183.607s][debug][gc,phases      ] GC(10)   JNI Weak                       Min:  0.0, Avg:  0.0, Max:  0.0, Diff:  0.0, Sum:  0.0, Workers: 4
[183.607s][debug][gc,phases      ] GC(10)     Dead                           Min: 0, Avg:  0.0, Max: 0, Diff: 0, Sum: 0, Workers: 4
[183.607s][debug][gc,phases      ] GC(10)     Total                          Min: 0, Avg:  0.0, Max: 0, Diff: 0, Sum: 0, Workers: 4
[183.607s][debug][gc,phases      ] GC(10)   StringDedup Table Weak         Min:  0.0, Avg:  0.0, Max:  0.0, Diff:  0.0, Sum:  0.0, Workers: 4
[183.607s][debug][gc,phases      ] GC(10)     Dead                           Min: 0, Avg:  0.0, Max: 0, Diff: 0, Sum: 0, Workers: 4
[183.607s][debug][gc,phases      ] GC(10)     Total                          Min: 0, Avg:  0.0, Max: 0, Diff: 0, Sum: 0, Workers: 4
[183.607s][debug][gc,phases      ] GC(10)   StringDedup Requests0 Weak     Min:  0.0, Avg:  0.0, Max:  0.0, Diff:  0.0, Sum:  0.0, Workers: 4
[183.607s][debug][gc,phases      ] GC(10)     Dead                           Min: 0, Avg:  0.0, Max: 0, Diff: 0, Sum: 0, Workers: 4
[183.607s][debug][gc,phases      ] GC(10)     Total                          Min: 0, Avg:  0.0, Max: 0, Diff: 0, Sum: 0, Workers: 4
[183.607s][debug][gc,phases      ] GC(10)   StringDedup Requests1 Weak     Min:  0.0, Avg:  0.0, Max:  0.0, Diff:  0.0, Sum:  0.0, Workers: 4
[183.607s][debug][gc,phases      ] GC(10)     Dead                           Min: 0, Avg:  0.0, Max: 0, Diff: 0, Sum: 0, Workers: 4
[183.607s][debug][gc,phases      ] GC(10)     Total                          Min: 0, Avg:  0.0, Max: 0, Diff: 0, Sum: 0, Workers: 4
[183.607s][debug][gc,phases      ] GC(10)   Weak JFR Old Object Samples    Min:  0.0, Avg:  0.0, Max:  0.0, Diff:  0.0, Sum:  0.0, Workers: 4
[183.607s][debug][gc,phases      ] GC(10)     Dead                           Min: 0, Avg:  0.0, Max: 0, Diff: 0, Sum: 0, Workers: 4
[183.607s][debug][gc,phases      ] GC(10)     Total                          Min: 0, Avg:  0.0, Max: 0, Diff: 0, Sum: 0, Workers: 4
[183.607s][debug][gc,phases      ] GC(10) Weak Processing 0.724ms
[183.607s][debug][gc,age         ] GC(10) Desired survivor size 345505792 bytes, new threshold 11 (max threshold 15)
[183.607s][info ][gc,heap        ] GC(10) PSYoungGen: 1570294K(1742336K)->206781K(1718272K) Eden: 1363456K(1363456K)->0K(1363456K) From: 206838K(378880K)->206781K(354816K)
[183.607s][info ][gc,heap        ] GC(10) ParOldGen: 6187K(18432K)->6187K(18432K)
[183.607s][info ][gc,metaspace   ] GC(10) Metaspace: 71271K(72064K)->71271K(72064K) NonClass: 60927K(61312K)->60927K(61312K) Class: 10343K(10752K)->10343K(10752K)
[183.607s][info ][gc             ] GC(10) Pause Young (Allocation Failure) 1539M->207M(1696M) 78.185ms
[183.607s][info ][gc,cpu         ] GC(10) User=0.22s Sys=0.09s Real=0.08s
[183.607s][info ][safepoint      ] Safepoint "ParallelGCFailedAllocation", Time since last: 1479040811 ns, Reaching safepoint: 30801 ns, At safepoint: 78262265 ns, Total: 78293066 ns
[189.607s][info ][safepoint      ] Safepoint "Cleanup", Time since last: 6000420221 ns, Reaching safepoint: 47901 ns, At safepoint: 2500 ns, Total: 50401 ns
[195.608s][info ][safepoint      ] Safepoint "Cleanup", Time since last: 6000442494 ns, Reaching safepoint: 47301 ns, At safepoint: 7400 ns, Total: 54701 ns
[196.608s][info ][safepoint      ] Safepoint "Cleanup", Time since last: 1000119291 ns, Reaching safepoint: 51201 ns, At safepoint: 6700 ns, Total: 57901 ns
[197.608s][info ][safepoint      ] Safepoint "Cleanup", Time since last: 1000088792 ns, Reaching safepoint: 50802 ns, At safepoint: 7800 ns, Total: 58602 ns
[205.609s][info ][safepoint      ] Safepoint "Cleanup", Time since last: 8000548599 ns, Reaching safepoint: 49902 ns, At safepoint: 5500 ns, Total: 55402 ns
[230.610s][info ][safepoint      ] Safepoint "Cleanup", Time since last: 25001597387 ns, Reaching safepoint: 45802 ns, At safepoint: 5200 ns, Total: 51002 ns
[233.611s][info ][safepoint      ] Safepoint "Cleanup", Time since last: 3000238474 ns, Reaching safepoint: 47802 ns, At safepoint: 2100 ns, Total: 49902 ns
[235.929s][info ][gc,start       ] GC(11) Pause Young (Allocation Failure)
[235.992s][debug][gc,phases      ] GC(11) Scavenge 62.761ms
[235.992s][debug][gc,ref         ] GC(11) Skipped phase 1 of Reference Processing: no references
[235.992s][debug][gc,ref         ] GC(11) ReferenceProcessor::execute queues: 4, RefProcThreadModel::Multi, marks_oops_alive: false
[235.992s][debug][gc,ref         ] GC(11) Skipped phase 3 of Reference Processing: no references
[235.992s][debug][gc,ref         ] GC(11) ReferenceProcessor::execute queues: 1, RefProcThreadModel::Single, marks_oops_alive: false
[235.992s][debug][gc,phases      ] GC(11) Reference Processing 0.343ms
[235.993s][debug][gc,phases      ] GC(11)   VM Weak                        Min:  0.0, Avg:  0.0, Max:  0.0, Diff:  0.0, Sum:  0.0, Workers: 4
[235.993s][debug][gc,phases      ] GC(11)     Dead                           Min: 0, Avg:  0.0, Max: 0, Diff: 0, Sum: 0, Workers: 4
[235.993s][debug][gc,phases      ] GC(11)     Total                          Min: 0, Avg: 150.5, Max: 320, Diff: 320, Sum: 602, Workers: 4
[235.993s][debug][gc,phases      ] GC(11)   ObjectSynchronizer Weak        Min:  0.0, Avg:  0.0, Max:  0.0, Diff:  0.0, Sum:  0.0, Workers: 4
[235.993s][debug][gc,phases      ] GC(11)     Dead                           Min: 0, Avg:  0.0, Max: 0, Diff: 0, Sum: 0, Workers: 4
[235.993s][debug][gc,phases      ] GC(11)     Total                          Min: 0, Avg: 13.8, Max: 55, Diff: 55, Sum: 55, Workers: 4
[235.993s][debug][gc,phases      ] GC(11)   JVMTI Tag Weak OopStorage      Min:  0.0, Avg:  0.0, Max:  0.0, Diff:  0.0, Sum:  0.0, Workers: 4
[235.993s][debug][gc,phases      ] GC(11)     Dead                           Min: 0, Avg:  0.0, Max: 0, Diff: 0, Sum: 0, Workers: 4
[235.993s][debug][gc,phases      ] GC(11)     Total                          Min: 0, Avg:  0.0, Max: 0, Diff: 0, Sum: 0, Workers: 4
[235.993s][debug][gc,phases      ] GC(11)   StringTable Weak               Min:  0.4, Avg:  0.4, Max:  0.5, Diff:  0.0, Sum:  1.8, Workers: 4
[235.993s][debug][gc,phases      ] GC(11)     Dead                           Min: 0, Avg:  0.0, Max: 0, Diff: 0, Sum: 0, Workers: 4
[235.993s][debug][gc,phases      ] GC(11)     Total                          Min: 9216, Avg: 11872.8, Max: 15552, Diff: 6336, Sum: 47491, Workers: 4
[235.993s][debug][gc,phases      ] GC(11)   ResolvedMethodTable Weak       Min:  0.1, Avg:  0.1, Max:  0.1, Diff:  0.0, Sum:  0.3, Workers: 4
[235.993s][debug][gc,phases      ] GC(11)     Dead                           Min: 0, Avg:  0.0, Max: 0, Diff: 0, Sum: 0, Workers: 4
[235.993s][debug][gc,phases      ] GC(11)     Total                          Min: 1216, Avg: 1901.2, Max: 2495, Diff: 1279, Sum: 7605, Workers: 4
[235.993s][debug][gc,phases      ] GC(11)   JNI Weak                       Min:  0.0, Avg:  0.0, Max:  0.0, Diff:  0.0, Sum:  0.0, Workers: 4
[235.993s][debug][gc,phases      ] GC(11)     Dead                           Min: 0, Avg:  0.0, Max: 0, Diff: 0, Sum: 0, Workers: 4
[235.993s][debug][gc,phases      ] GC(11)     Total                          Min: 0, Avg:  0.0, Max: 0, Diff: 0, Sum: 0, Workers: 4
[235.993s][debug][gc,phases      ] GC(11)   StringDedup Table Weak         Min:  0.0, Avg:  0.0, Max:  0.0, Diff:  0.0, Sum:  0.0, Workers: 4
[235.993s][debug][gc,phases      ] GC(11)     Dead                           Min: 0, Avg:  0.0, Max: 0, Diff: 0, Sum: 0, Workers: 4
[235.993s][debug][gc,phases      ] GC(11)     Total                          Min: 0, Avg:  0.0, Max: 0, Diff: 0, Sum: 0, Workers: 4
[235.993s][debug][gc,phases      ] GC(11)   StringDedup Requests0 Weak     Min:  0.0, Avg:  0.0, Max:  0.0, Diff:  0.0, Sum:  0.0, Workers: 4
[235.993s][debug][gc,phases      ] GC(11)     Dead                           Min: 0, Avg:  0.0, Max: 0, Diff: 0, Sum: 0, Workers: 4
[235.993s][debug][gc,phases      ] GC(11)     Total                          Min: 0, Avg:  0.0, Max: 0, Diff: 0, Sum: 0, Workers: 4
[235.993s][debug][gc,phases      ] GC(11)   StringDedup Requests1 Weak     Min:  0.0, Avg:  0.0, Max:  0.0, Diff:  0.0, Sum:  0.0, Workers: 4
[235.993s][debug][gc,phases      ] GC(11)     Dead                           Min: 0, Avg:  0.0, Max: 0, Diff: 0, Sum: 0, Workers: 4
[235.993s][debug][gc,phases      ] GC(11)     Total                          Min: 0, Avg:  0.0, Max: 0, Diff: 0, Sum: 0, Workers: 4
[235.993s][debug][gc,phases      ] GC(11)   Weak JFR Old Object Samples    Min:  0.0, Avg:  0.0, Max:  0.0, Diff:  0.0, Sum:  0.0, Workers: 4
[235.993s][debug][gc,phases      ] GC(11)     Dead                           Min: 0, Avg:  0.0, Max: 0, Diff: 0, Sum: 0, Workers: 4
[235.993s][debug][gc,phases      ] GC(11)     Total                          Min: 0, Avg:  0.0, Max: 0, Diff: 0, Sum: 0, Workers: 4
[235.993s][debug][gc,phases      ] GC(11) Weak Processing 0.731ms
[235.993s][debug][gc,age         ] GC(11) Desired survivor size 330825728 bytes, new threshold 12 (max threshold 15)
[235.993s][info ][gc,heap        ] GC(11) PSYoungGen: 1570237K(1718272K)->206708K(1774080K) Eden: 1363456K(1363456K)->0K(1436672K) From: 206781K(354816K)->206708K(337408K)
[235.993s][info ][gc,heap        ] GC(11) ParOldGen: 6187K(18432K)->6195K(18432K)
[235.993s][info ][gc,metaspace   ] GC(11) Metaspace: 71320K(72128K)->71320K(72128K) NonClass: 60976K(61376K)->60976K(61376K) Class: 10343K(10752K)->10343K(10752K)
[235.993s][info ][gc             ] GC(11) Pause Young (Allocation Failure) 1539M->207M(1750M) 63.977ms
[235.993s][info ][gc,cpu         ] GC(11) User=0.26s Sys=0.00s Real=0.06s
[235.993s][info ][safepoint      ] Safepoint "ParallelGCFailedAllocation", Time since last: 2318054751 ns, Reaching safepoint: 28901 ns, At safepoint: 64044678 ns, Total: 64073579 ns
[254.994s][info ][safepoint      ] Safepoint "Cleanup", Time since last: 19001171558 ns, Reaching safepoint: 45902 ns, At safepoint: 6500 ns, Total: 52402 ns
[255.994s][info ][safepoint      ] Safepoint "Cleanup", Time since last: 1000109801 ns, Reaching safepoint: 42401 ns, At safepoint: 2200 ns, Total: 44601 ns
[270.995s][info ][safepoint      ] Safepoint "Cleanup", Time since last: 15001075512 ns, Reaching safepoint: 52301 ns, At safepoint: 2500 ns, Total: 54801 ns
[278.996s][info ][safepoint      ] Safepoint "Cleanup", Time since last: 8000607772 ns, Reaching safepoint: 49902 ns, At safepoint: 2200 ns, Total: 52102 ns
[279.996s][info ][safepoint      ] Safepoint "Cleanup", Time since last: 1000114842 ns, Reaching safepoint: 66002 ns, At safepoint: 11900 ns, Total: 77902 ns
[284.997s][info ][safepoint      ] Safepoint "Cleanup", Time since last: 5000320432 ns, Reaching safepoint: 61802 ns, At safepoint: 6700 ns, Total: 68502 ns
[286.048s][info ][safepoint      ] Safepoint "Cleanup", Time since last: 1051264477 ns, Reaching safepoint: 101203 ns, At safepoint: 5000 ns, Total: 106203 ns
[291.329s][info ][gc,start       ] GC(12) Pause Young (Allocation Failure)
[291.390s][debug][gc,phases      ] GC(12) Scavenge 61.536ms
[291.390s][debug][gc,ref         ] GC(12) Skipped phase 1 of Reference Processing: no references
[291.391s][debug][gc,ref         ] GC(12) ReferenceProcessor::execute queues: 4, RefProcThreadModel::Multi, marks_oops_alive: false
[291.391s][debug][gc,ref         ] GC(12) Skipped phase 3 of Reference Processing: no references
[291.391s][debug][gc,ref         ] GC(12) ReferenceProcessor::execute queues: 1, RefProcThreadModel::Single, marks_oops_alive: false
[291.391s][debug][gc,phases      ] GC(12) Reference Processing 0.434ms
[291.391s][debug][gc,phases      ] GC(12)   VM Weak                        Min:  0.0, Avg:  0.0, Max:  0.0, Diff:  0.0, Sum:  0.0, Workers: 4
[291.391s][debug][gc,phases      ] GC(12)     Dead                           Min: 0, Avg:  0.0, Max: 0, Diff: 0, Sum: 0, Workers: 4
[291.391s][debug][gc,phases      ] GC(12)     Total                          Min: 26, Avg: 150.5, Max: 320, Diff: 294, Sum: 602, Workers: 4
[291.391s][debug][gc,phases      ] GC(12)   ObjectSynchronizer Weak        Min:  0.0, Avg:  0.0, Max:  0.0, Diff:  0.0, Sum:  0.0, Workers: 4
[291.391s][debug][gc,phases      ] GC(12)     Dead                           Min: 0, Avg:  0.0, Max: 0, Diff: 0, Sum: 0, Workers: 4
[291.391s][debug][gc,phases      ] GC(12)     Total                          Min: 0, Avg: 13.8, Max: 55, Diff: 55, Sum: 55, Workers: 4
[291.391s][debug][gc,phases      ] GC(12)   JVMTI Tag Weak OopStorage      Min:  0.0, Avg:  0.0, Max:  0.0, Diff:  0.0, Sum:  0.0, Workers: 4
[291.391s][debug][gc,phases      ] GC(12)     Dead                           Min: 0, Avg:  0.0, Max: 0, Diff: 0, Sum: 0, Workers: 4
[291.391s][debug][gc,phases      ] GC(12)     Total                          Min: 0, Avg:  0.0, Max: 0, Diff: 0, Sum: 0, Workers: 4
[291.391s][debug][gc,phases      ] GC(12)   StringTable Weak               Min:  0.4, Avg:  0.4, Max:  0.4, Diff:  0.0, Sum:  1.8, Workers: 4
[291.391s][debug][gc,phases      ] GC(12)     Dead                           Min: 0, Avg:  0.0, Max: 0, Diff: 0, Sum: 0, Workers: 4
[291.391s][debug][gc,phases      ] GC(12)     Total                          Min: 9525, Avg: 11885.2, Max: 14400, Diff: 4875, Sum: 47541, Workers: 4
[291.391s][debug][gc,phases      ] GC(12)   ResolvedMethodTable Weak       Min:  0.1, Avg:  0.1, Max:  0.1, Diff:  0.0, Sum:  0.3, Workers: 4
[291.391s][debug][gc,phases      ] GC(12)     Dead                           Min: 0, Avg:  0.0, Max: 0, Diff: 0, Sum: 0, Workers: 4
[291.391s][debug][gc,phases      ] GC(12)     Total                          Min: 1216, Avg: 1901.2, Max: 2486, Diff: 1270, Sum: 7605, Workers: 4
[291.391s][debug][gc,phases      ] GC(12)   JNI Weak                       Min:  0.0, Avg:  0.0, Max:  0.0, Diff:  0.0, Sum:  0.0, Workers: 4
[291.391s][debug][gc,phases      ] GC(12)     Dead                           Min: 0, Avg:  0.0, Max: 0, Diff: 0, Sum: 0, Workers: 4
[291.391s][debug][gc,phases      ] GC(12)     Total                          Min: 0, Avg:  0.0, Max: 0, Diff: 0, Sum: 0, Workers: 4
[291.391s][debug][gc,phases      ] GC(12)   StringDedup Table Weak         Min:  0.0, Avg:  0.0, Max:  0.0, Diff:  0.0, Sum:  0.0, Workers: 4
[291.391s][debug][gc,phases      ] GC(12)     Dead                           Min: 0, Avg:  0.0, Max: 0, Diff: 0, Sum: 0, Workers: 4
[291.391s][debug][gc,phases      ] GC(12)     Total                          Min: 0, Avg:  0.0, Max: 0, Diff: 0, Sum: 0, Workers: 4
[291.391s][debug][gc,phases      ] GC(12)   StringDedup Requests0 Weak     Min:  0.0, Avg:  0.0, Max:  0.0, Diff:  0.0, Sum:  0.0, Workers: 4
[291.391s][debug][gc,phases      ] GC(12)     Dead                           Min: 0, Avg:  0.0, Max: 0, Diff: 0, Sum: 0, Workers: 4
[291.391s][debug][gc,phases      ] GC(12)     Total                          Min: 0, Avg:  0.0, Max: 0, Diff: 0, Sum: 0, Workers: 4
[291.391s][debug][gc,phases      ] GC(12)   StringDedup Requests1 Weak     Min:  0.0, Avg:  0.0, Max:  0.0, Diff:  0.0, Sum:  0.0, Workers: 4
[291.391s][debug][gc,phases      ] GC(12)     Dead                           Min: 0, Avg:  0.0, Max: 0, Diff: 0, Sum: 0, Workers: 4
[291.391s][debug][gc,phases      ] GC(12)     Total                          Min: 0, Avg:  0.0, Max: 0, Diff: 0, Sum: 0, Workers: 4
[291.392s][debug][gc,phases      ] GC(12)   Weak JFR Old Object Samples    Min:  0.0, Avg:  0.0, Max:  0.0, Diff:  0.0, Sum:  0.0, Workers: 4
[291.392s][debug][gc,phases      ] GC(12)     Dead                           Min: 0, Avg:  0.0, Max: 0, Diff: 0, Sum: 0, Workers: 4
[291.392s][debug][gc,phases      ] GC(12)     Total                          Min: 0, Avg:  0.0, Max: 0, Diff: 0, Sum: 0, Workers: 4
[291.392s][debug][gc,phases      ] GC(12) Weak Processing 0.721ms
[291.392s][debug][gc,age         ] GC(12) Desired survivor size 318767104 bytes, new threshold 13 (max threshold 15)
[291.392s][info ][gc,heap        ] GC(12) PSYoungGen: 1643380K(1774080K)->206729K(1759744K) Eden: 1436672K(1436672K)->0K(1436672K) From: 206708K(337408K)->206729K(323072K)
[291.392s][info ][gc,heap        ] GC(12) ParOldGen: 6195K(18432K)->6203K(18432K)
[291.392s][info ][gc,metaspace   ] GC(12) Metaspace: 71332K(72128K)->71332K(72128K) NonClass: 60989K(61376K)->60989K(61376K) Class: 10343K(10752K)->10343K(10752K)
[291.392s][info ][gc             ] GC(12) Pause Young (Allocation Failure) 1610M->207M(1736M) 62.850ms
[291.392s][info ][gc,cpu         ] GC(12) User=0.24s Sys=0.00s Real=0.06s
[291.392s][info ][safepoint      ] Safepoint "ParallelGCFailedAllocation", Time since last: 5280750894 ns, Reaching safepoint: 47802 ns, At safepoint: 62924653 ns, Total: 62972455 ns
[292.404s][info ][safepoint      ] Safepoint "Cleanup", Time since last: 1012809517 ns, Reaching safepoint: 46001 ns, At safepoint: 2100 ns, Total: 48101 ns
[311.406s][info ][safepoint      ] Safepoint "Cleanup", Time since last: 19001166782 ns, Reaching safepoint: 111903 ns, At safepoint: 6100 ns, Total: 118003 ns
[313.406s][info ][safepoint      ] Safepoint "Cleanup", Time since last: 2000192391 ns, Reaching safepoint: 49502 ns, At safepoint: 10300 ns, Total: 59802 ns
[316.406s][info ][safepoint      ] Safepoint "Cleanup", Time since last: 3000246498 ns, Reaching safepoint: 50801 ns, At safepoint: 5400 ns, Total: 56201 ns
[317.406s][info ][safepoint      ] Safepoint "Cleanup", Time since last: 1000113604 ns, Reaching safepoint: 49401 ns, At safepoint: 2100 ns, Total: 51501 ns
[319.407s][info ][safepoint      ] Safepoint "Cleanup", Time since last: 2000183910 ns, Reaching safepoint: 53302 ns, At safepoint: 5500 ns, Total: 58802 ns
[332.408s][info ][safepoint      ] Safepoint "Cleanup", Time since last: 13000838806 ns, Reaching safepoint: 45201 ns, At safepoint: 2200 ns, Total: 47401 ns
[335.408s][info ][safepoint      ] Safepoint "Cleanup", Time since last: 3000252486 ns, Reaching safepoint: 45501 ns, At safepoint: 2600 ns, Total: 48101 ns
[337.408s][info ][safepoint      ] Safepoint "Cleanup", Time since last: 2000168865 ns, Reaching safepoint: 48701 ns, At safepoint: 5300 ns, Total: 54001 ns
[346.529s][info ][gc,start       ] GC(13) Pause Young (Allocation Failure)
[346.589s][debug][gc,phases      ] GC(13) Scavenge 59.817ms
[346.589s][debug][gc,ref         ] GC(13) Skipped phase 1 of Reference Processing: no references
[346.589s][debug][gc,ref         ] GC(13) ReferenceProcessor::execute queues: 3, RefProcThreadModel::Multi, marks_oops_alive: false
[346.589s][debug][gc,ref         ] GC(13) Skipped phase 3 of Reference Processing: no references
[346.589s][debug][gc,ref         ] GC(13) ReferenceProcessor::execute queues: 1, RefProcThreadModel::Single, marks_oops_alive: false
[346.589s][debug][gc,phases      ] GC(13) Reference Processing 0.396ms
[346.590s][debug][gc,phases      ] GC(13)   VM Weak                        Min:  0.0, Avg:  0.0, Max:  0.0, Diff:  0.0, Sum:  0.0, Workers: 4
[346.590s][debug][gc,phases      ] GC(13)     Dead                           Min: 0, Avg:  0.0, Max: 0, Diff: 0, Sum: 0, Workers: 4
[346.590s][debug][gc,phases      ] GC(13)     Total                          Min: 64, Avg: 150.8, Max: 347, Diff: 283, Sum: 603, Workers: 4
[346.590s][debug][gc,phases      ] GC(13)   ObjectSynchronizer Weak        Min:  0.0, Avg:  0.0, Max:  0.0, Diff:  0.0, Sum:  0.0, Workers: 4
[346.590s][debug][gc,phases      ] GC(13)     Dead                           Min: 0, Avg:  0.0, Max: 0, Diff: 0, Sum: 0, Workers: 4
[346.590s][debug][gc,phases      ] GC(13)     Total                          Min: 0, Avg: 13.8, Max: 55, Diff: 55, Sum: 55, Workers: 4
[346.590s][debug][gc,phases      ] GC(13)   JVMTI Tag Weak OopStorage      Min:  0.0, Avg:  0.0, Max:  0.0, Diff:  0.0, Sum:  0.0, Workers: 4
[346.590s][debug][gc,phases      ] GC(13)     Dead                           Min: 0, Avg:  0.0, Max: 0, Diff: 0, Sum: 0, Workers: 4
[346.590s][debug][gc,phases      ] GC(13)     Total                          Min: 0, Avg:  0.0, Max: 0, Diff: 0, Sum: 0, Workers: 4
[346.590s][debug][gc,phases      ] GC(13)   StringTable Weak               Min:  0.5, Avg:  0.5, Max:  0.5, Diff:  0.0, Sum:  2.2, Workers: 4
[346.590s][debug][gc,phases      ] GC(13)     Dead                           Min: 0, Avg:  0.5, Max: 2, Diff: 2, Sum: 2, Workers: 4
[346.590s][debug][gc,phases      ] GC(13)     Total                          Min: 11342, Avg: 11891.5, Max: 12224, Diff: 882, Sum: 47566, Workers: 4
[346.590s][debug][gc,phases      ] GC(13)   ResolvedMethodTable Weak       Min:  0.1, Avg:  0.1, Max:  0.1, Diff:  0.0, Sum:  0.4, Workers: 4
[346.590s][debug][gc,phases      ] GC(13)     Dead                           Min: 0, Avg:  0.0, Max: 0, Diff: 0, Sum: 0, Workers: 4
[346.590s][debug][gc,phases      ] GC(13)     Total                          Min: 1728, Avg: 1906.0, Max: 1984, Diff: 256, Sum: 7624, Workers: 4
[346.590s][debug][gc,phases      ] GC(13)   JNI Weak                       Min:  0.0, Avg:  0.0, Max:  0.0, Diff:  0.0, Sum:  0.0, Workers: 4
[346.590s][debug][gc,phases      ] GC(13)     Dead                           Min: 0, Avg:  0.0, Max: 0, Diff: 0, Sum: 0, Workers: 4
[346.590s][debug][gc,phases      ] GC(13)     Total                          Min: 0, Avg:  0.0, Max: 0, Diff: 0, Sum: 0, Workers: 4
[346.590s][debug][gc,phases      ] GC(13)   StringDedup Table Weak         Min:  0.0, Avg:  0.0, Max:  0.0, Diff:  0.0, Sum:  0.0, Workers: 4
[346.590s][debug][gc,phases      ] GC(13)     Dead                           Min: 0, Avg:  0.0, Max: 0, Diff: 0, Sum: 0, Workers: 4
[346.590s][debug][gc,phases      ] GC(13)     Total                          Min: 0, Avg:  0.0, Max: 0, Diff: 0, Sum: 0, Workers: 4
[346.590s][debug][gc,phases      ] GC(13)   StringDedup Requests0 Weak     Min:  0.0, Avg:  0.0, Max:  0.0, Diff:  0.0, Sum:  0.0, Workers: 4
[346.590s][debug][gc,phases      ] GC(13)     Dead                           Min: 0, Avg:  0.0, Max: 0, Diff: 0, Sum: 0, Workers: 4
[346.590s][debug][gc,phases      ] GC(13)     Total                          Min: 0, Avg:  0.0, Max: 0, Diff: 0, Sum: 0, Workers: 4
[346.590s][debug][gc,phases      ] GC(13)   StringDedup Requests1 Weak     Min:  0.0, Avg:  0.0, Max:  0.0, Diff:  0.0, Sum:  0.0, Workers: 4
[346.590s][debug][gc,phases      ] GC(13)     Dead                           Min: 0, Avg:  0.0, Max: 0, Diff: 0, Sum: 0, Workers: 4
[346.590s][debug][gc,phases      ] GC(13)     Total                          Min: 0, Avg:  0.0, Max: 0, Diff: 0, Sum: 0, Workers: 4
[346.590s][debug][gc,phases      ] GC(13)   Weak JFR Old Object Samples    Min:  0.0, Avg:  0.0, Max:  0.0, Diff:  0.0, Sum:  0.0, Workers: 4
[346.590s][debug][gc,phases      ] GC(13)     Dead                           Min: 0, Avg:  0.0, Max: 0, Diff: 0, Sum: 0, Workers: 4
[346.590s][debug][gc,phases      ] GC(13)     Total                          Min: 0, Avg:  0.0, Max: 0, Diff: 0, Sum: 0, Workers: 4
[346.590s][debug][gc,phases      ] GC(13) Weak Processing 0.882ms
[346.590s][debug][gc,age         ] GC(13) Desired survivor size 308281344 bytes, new threshold 14 (max threshold 15)
[346.590s][info ][gc,heap        ] GC(13) PSYoungGen: 1643401K(1759744K)->206724K(1796096K) Eden: 1436672K(1436672K)->0K(1484800K) From: 206729K(323072K)->206724K(311296K)
[346.590s][info ][gc,heap        ] GC(13) ParOldGen: 6203K(18432K)->6211K(18432K)
[346.590s][info ][gc,metaspace   ] GC(13) Metaspace: 71476K(72256K)->71476K(72256K) NonClass: 61121K(61504K)->61121K(61504K) Class: 10354K(10752K)->10354K(10752K)
[346.590s][info ][gc             ] GC(13) Pause Young (Allocation Failure) 1610M->207M(1772M) 61.271ms
[346.590s][info ][gc,cpu         ] GC(13) User=0.24s Sys=0.00s Real=0.06s
[346.590s][info ][safepoint      ] Safepoint "ParallelGCFailedAllocation", Time since last: 9120947024 ns, Reaching safepoint: 49401 ns, At safepoint: 61354315 ns, Total: 61403716 ns
[357.591s][info ][safepoint      ] Safepoint "Cleanup", Time since last: 11000684204 ns, Reaching safepoint: 48302 ns, At safepoint: 3900 ns, Total: 52202 ns
[400.594s][info ][safepoint      ] Safepoint "Cleanup", Time since last: 43002848409 ns, Reaching safepoint: 44001 ns, At safepoint: 2900 ns, Total: 46901 ns
[403.829s][info ][gc,start       ] GC(14) Pause Young (Allocation Failure)
[403.893s][debug][gc,phases      ] GC(14) Scavenge 64.311ms
[403.893s][debug][gc,ref         ] GC(14) Skipped phase 1 of Reference Processing: no references
[403.894s][debug][gc,ref         ] GC(14) ReferenceProcessor::execute queues: 1, RefProcThreadModel::Single, marks_oops_alive: false
[403.894s][debug][gc,ref         ] GC(14) Skipped phase 3 of Reference Processing: no references
[403.894s][debug][gc,ref         ] GC(14) ReferenceProcessor::execute queues: 1, RefProcThreadModel::Single, marks_oops_alive: false
[403.894s][debug][gc,phases      ] GC(14) Reference Processing 0.178ms
[403.894s][debug][gc,phases      ] GC(14)   VM Weak                        Min:  0.0, Avg:  0.0, Max:  0.0, Diff:  0.0, Sum:  0.0, Workers: 4
[403.894s][debug][gc,phases      ] GC(14)     Dead                           Min: 0, Avg:  0.0, Max: 0, Diff: 0, Sum: 0, Workers: 4
[403.894s][debug][gc,phases      ] GC(14)     Total                          Min: 27, Avg: 150.8, Max: 384, Diff: 357, Sum: 603, Workers: 4
[403.894s][debug][gc,phases      ] GC(14)   ObjectSynchronizer Weak        Min:  0.0, Avg:  0.0, Max:  0.0, Diff:  0.0, Sum:  0.0, Workers: 4
[403.894s][debug][gc,phases      ] GC(14)     Dead                           Min: 0, Avg:  0.0, Max: 0, Diff: 0, Sum: 0, Workers: 4
[403.894s][debug][gc,phases      ] GC(14)     Total                          Min: 0, Avg: 13.8, Max: 55, Diff: 55, Sum: 55, Workers: 4
[403.894s][debug][gc,phases      ] GC(14)   JVMTI Tag Weak OopStorage      Min:  0.0, Avg:  0.0, Max:  0.0, Diff:  0.0, Sum:  0.0, Workers: 4
[403.894s][debug][gc,phases      ] GC(14)     Dead                           Min: 0, Avg:  0.0, Max: 0, Diff: 0, Sum: 0, Workers: 4
[403.894s][debug][gc,phases      ] GC(14)     Total                          Min: 0, Avg:  0.0, Max: 0, Diff: 0, Sum: 0, Workers: 4
[403.894s][debug][gc,phases      ] GC(14)   StringTable Weak               Min:  0.5, Avg:  0.5, Max:  0.5, Diff:  0.0, Sum:  1.9, Workers: 4
[403.894s][debug][gc,phases      ] GC(14)     Dead                           Min: 0, Avg:  0.0, Max: 0, Diff: 0, Sum: 0, Workers: 4
[403.894s][debug][gc,phases      ] GC(14)     Total                          Min: 10062, Avg: 11891.5, Max: 16704, Diff: 6642, Sum: 47566, Workers: 4
[403.894s][debug][gc,phases      ] GC(14)   ResolvedMethodTable Weak       Min:  0.1, Avg:  0.1, Max:  0.1, Diff:  0.0, Sum:  0.3, Workers: 4
[403.894s][debug][gc,phases      ] GC(14)     Dead                           Min: 0, Avg:  0.0, Max: 0, Diff: 0, Sum: 0, Workers: 4
[403.894s][debug][gc,phases      ] GC(14)     Total                          Min: 1600, Avg: 1906.0, Max: 2760, Diff: 1160, Sum: 7624, Workers: 4
[403.894s][debug][gc,phases      ] GC(14)   JNI Weak                       Min:  0.0, Avg:  0.0, Max:  0.0, Diff:  0.0, Sum:  0.0, Workers: 4
[403.894s][debug][gc,phases      ] GC(14)     Dead                           Min: 0, Avg:  0.0, Max: 0, Diff: 0, Sum: 0, Workers: 4
[403.894s][debug][gc,phases      ] GC(14)     Total                          Min: 0, Avg:  0.0, Max: 0, Diff: 0, Sum: 0, Workers: 4
[403.894s][debug][gc,phases      ] GC(14)   StringDedup Table Weak         Min:  0.0, Avg:  0.0, Max:  0.0, Diff:  0.0, Sum:  0.0, Workers: 4
[403.894s][debug][gc,phases      ] GC(14)     Dead                           Min: 0, Avg:  0.0, Max: 0, Diff: 0, Sum: 0, Workers: 4
[403.894s][debug][gc,phases      ] GC(14)     Total                          Min: 0, Avg:  0.0, Max: 0, Diff: 0, Sum: 0, Workers: 4
[403.894s][debug][gc,phases      ] GC(14)   StringDedup Requests0 Weak     Min:  0.0, Avg:  0.0, Max:  0.0, Diff:  0.0, Sum:  0.0, Workers: 4
[403.894s][debug][gc,phases      ] GC(14)     Dead                           Min: 0, Avg:  0.0, Max: 0, Diff: 0, Sum: 0, Workers: 4
[403.894s][debug][gc,phases      ] GC(14)     Total                          Min: 0, Avg:  0.0, Max: 0, Diff: 0, Sum: 0, Workers: 4
[403.894s][debug][gc,phases      ] GC(14)   StringDedup Requests1 Weak     Min:  0.0, Avg:  0.0, Max:  0.0, Diff:  0.0, Sum:  0.0, Workers: 4
[403.894s][debug][gc,phases      ] GC(14)     Dead                           Min: 0, Avg:  0.0, Max: 0, Diff: 0, Sum: 0, Workers: 4
[403.894s][debug][gc,phases      ] GC(14)     Total                          Min: 0, Avg:  0.0, Max: 0, Diff: 0, Sum: 0, Workers: 4
[403.894s][debug][gc,phases      ] GC(14)   Weak JFR Old Object Samples    Min:  0.0, Avg:  0.0, Max:  0.0, Diff:  0.0, Sum:  0.0, Workers: 4
[403.894s][debug][gc,phases      ] GC(14)     Dead                           Min: 0, Avg:  0.0, Max: 0, Diff: 0, Sum: 0, Workers: 4
[403.894s][debug][gc,phases      ] GC(14)     Total                          Min: 0, Avg:  0.0, Max: 0, Diff: 0, Sum: 0, Workers: 4
[403.894s][debug][gc,phases      ] GC(14) Weak Processing 0.747ms
[403.894s][debug][gc,age         ] GC(14) Desired survivor size 298319872 bytes, new threshold 15 (max threshold 15)
[403.894s][info ][gc,heap        ] GC(14) PSYoungGen: 1691524K(1796096K)->206646K(1785856K) Eden: 1484800K(1484800K)->0K(1484800K) From: 206724K(311296K)->206646K(301056K)
[403.894s][info ][gc,heap        ] GC(14) ParOldGen: 6211K(18432K)->6211K(18432K)
[403.894s][info ][gc,metaspace   ] GC(14) Metaspace: 71476K(72256K)->71476K(72256K) NonClass: 61121K(61504K)->61121K(61504K) Class: 10354K(10752K)->10354K(10752K)
[403.894s][info ][gc             ] GC(14) Pause Young (Allocation Failure) 1657M->207M(1762M) 65.379ms
[403.894s][info ][gc,cpu         ] GC(14) User=0.25s Sys=0.01s Real=0.06s
[403.894s][info ][safepoint      ] Safepoint "ParallelGCFailedAllocation", Time since last: 3234808849 ns, Reaching safepoint: 48001 ns, At safepoint: 65468635 ns, Total: 65516636 ns
[436.897s][info ][safepoint      ] Safepoint "Cleanup", Time since last: 33002240593 ns, Reaching safepoint: 49301 ns, At safepoint: 5100 ns, Total: 54401 ns
[461.130s][info ][gc,start       ] GC(15) Pause Young (Allocation Failure)
[461.194s][debug][gc,phases      ] GC(15) Scavenge 64.200ms
[461.194s][debug][gc,ref         ] GC(15) Skipped phase 1 of Reference Processing: no references
[461.194s][debug][gc,ref         ] GC(15) ReferenceProcessor::execute queues: 4, RefProcThreadModel::Multi, marks_oops_alive: false
[461.194s][debug][gc,ref         ] GC(15) Skipped phase 3 of Reference Processing: no references
[461.194s][debug][gc,ref         ] GC(15) ReferenceProcessor::execute queues: 1, RefProcThreadModel::Single, marks_oops_alive: false
[461.194s][debug][gc,phases      ] GC(15) Reference Processing 0.344ms
[461.195s][debug][gc,phases      ] GC(15)   VM Weak                        Min:  0.0, Avg:  0.0, Max:  0.0, Diff:  0.0, Sum:  0.0, Workers: 4
[461.195s][debug][gc,phases      ] GC(15)     Dead                           Min: 0, Avg:  0.0, Max: 0, Diff: 0, Sum: 0, Workers: 4
[461.195s][debug][gc,phases      ] GC(15)     Total                          Min: 0, Avg: 150.8, Max: 475, Diff: 475, Sum: 603, Workers: 4
[461.195s][debug][gc,phases      ] GC(15)   ObjectSynchronizer Weak        Min:  0.0, Avg:  0.0, Max:  0.0, Diff:  0.0, Sum:  0.0, Workers: 4
[461.195s][debug][gc,phases      ] GC(15)     Dead                           Min: 0, Avg:  0.0, Max: 0, Diff: 0, Sum: 0, Workers: 4
[461.195s][debug][gc,phases      ] GC(15)     Total                          Min: 0, Avg: 13.8, Max: 55, Diff: 55, Sum: 55, Workers: 4
[461.195s][debug][gc,phases      ] GC(15)   JVMTI Tag Weak OopStorage      Min:  0.0, Avg:  0.0, Max:  0.0, Diff:  0.0, Sum:  0.0, Workers: 4
[461.195s][debug][gc,phases      ] GC(15)     Dead                           Min: 0, Avg:  0.0, Max: 0, Diff: 0, Sum: 0, Workers: 4
[461.195s][debug][gc,phases      ] GC(15)     Total                          Min: 0, Avg:  0.0, Max: 0, Diff: 0, Sum: 0, Workers: 4
[461.195s][debug][gc,phases      ] GC(15)   StringTable Weak               Min:  0.4, Avg:  0.4, Max:  0.4, Diff:  0.0, Sum:  1.7, Workers: 4
[461.195s][debug][gc,phases      ] GC(15)     Dead                           Min: 0, Avg:  0.0, Max: 0, Diff: 0, Sum: 0, Workers: 4
[461.195s][debug][gc,phases      ] GC(15)     Total                          Min: 8782, Avg: 11891.5, Max: 15680, Diff: 6898, Sum: 47566, Workers: 4
[461.195s][debug][gc,phases      ] GC(15)   ResolvedMethodTable Weak       Min:  0.1, Avg:  0.1, Max:  0.1, Diff:  0.0, Sum:  0.3, Workers: 4
[461.195s][debug][gc,phases      ] GC(15)     Dead                           Min: 0, Avg:  0.0, Max: 0, Diff: 0, Sum: 0, Workers: 4
[461.195s][debug][gc,phases      ] GC(15)     Total                          Min: 1344, Avg: 1906.0, Max: 2496, Diff: 1152, Sum: 7624, Workers: 4
[461.195s][debug][gc,phases      ] GC(15)   JNI Weak                       Min:  0.0, Avg:  0.0, Max:  0.0, Diff:  0.0, Sum:  0.0, Workers: 4
[461.195s][debug][gc,phases      ] GC(15)     Dead                           Min: 0, Avg:  0.0, Max: 0, Diff: 0, Sum: 0, Workers: 4
[461.195s][debug][gc,phases      ] GC(15)     Total                          Min: 0, Avg:  0.0, Max: 0, Diff: 0, Sum: 0, Workers: 4
[461.195s][debug][gc,phases      ] GC(15)   StringDedup Table Weak         Min:  0.0, Avg:  0.0, Max:  0.0, Diff:  0.0, Sum:  0.0, Workers: 4
[461.195s][debug][gc,phases      ] GC(15)     Dead                           Min: 0, Avg:  0.0, Max: 0, Diff: 0, Sum: 0, Workers: 4
[461.195s][debug][gc,phases      ] GC(15)     Total                          Min: 0, Avg:  0.0, Max: 0, Diff: 0, Sum: 0, Workers: 4
[461.195s][debug][gc,phases      ] GC(15)   StringDedup Requests0 Weak     Min:  0.0, Avg:  0.0, Max:  0.0, Diff:  0.0, Sum:  0.0, Workers: 4
[461.195s][debug][gc,phases      ] GC(15)     Dead                           Min: 0, Avg:  0.0, Max: 0, Diff: 0, Sum: 0, Workers: 4
[461.195s][debug][gc,phases      ] GC(15)     Total                          Min: 0, Avg:  0.0, Max: 0, Diff: 0, Sum: 0, Workers: 4
[461.195s][debug][gc,phases      ] GC(15)   StringDedup Requests1 Weak     Min:  0.0, Avg:  0.0, Max:  0.0, Diff:  0.0, Sum:  0.0, Workers: 4
[461.195s][debug][gc,phases      ] GC(15)     Dead                           Min: 0, Avg:  0.0, Max: 0, Diff: 0, Sum: 0, Workers: 4
[461.195s][debug][gc,phases      ] GC(15)     Total                          Min: 0, Avg:  0.0, Max: 0, Diff: 0, Sum: 0, Workers: 4
[461.195s][debug][gc,phases      ] GC(15)   Weak JFR Old Object Samples    Min:  0.0, Avg:  0.0, Max:  0.0, Diff:  0.0, Sum:  0.0, Workers: 4
[461.195s][debug][gc,phases      ] GC(15)     Dead                           Min: 0, Avg:  0.0, Max: 0, Diff: 0, Sum: 0, Workers: 4
[461.195s][debug][gc,phases      ] GC(15)     Total                          Min: 0, Avg:  0.0, Max: 0, Diff: 0, Sum: 0, Workers: 4
[461.195s][debug][gc,phases      ] GC(15) Weak Processing 0.715ms
[461.195s][debug][gc,age         ] GC(15) Desired survivor size 289931264 bytes, new threshold 15 (max threshold 15)
[461.195s][info ][gc,heap        ] GC(15) PSYoungGen: 1691446K(1785856K)->206726K(1814016K) Eden: 1484800K(1484800K)->0K(1522688K) From: 206646K(301056K)->206726K(291328K)
[461.195s][info ][gc,heap        ] GC(15) ParOldGen: 6211K(18432K)->6219K(18432K)
[461.195s][info ][gc,metaspace   ] GC(15) Metaspace: 71486K(72256K)->71486K(72256K) NonClass: 61131K(61504K)->61131K(61504K) Class: 10354K(10752K)->10354K(10752K)
[461.195s][info ][gc             ] GC(15) Pause Young (Allocation Failure) 1657M->207M(1789M) 65.399ms
[461.195s][info ][gc,cpu         ] GC(15) User=0.26s Sys=0.00s Real=0.06s
[461.195s][info ][safepoint      ] Safepoint "ParallelGCFailedAllocation", Time since last: 24232801705 ns, Reaching safepoint: 50001 ns, At safepoint: 65469140 ns, Total: 65519141 ns
[516.199s][info ][safepoint      ] Safepoint "Cleanup", Time since last: 55003778935 ns, Reaching safepoint: 50202 ns, At safepoint: 7000 ns, Total: 57202 ns
[519.678s][info ][gc,start       ] GC(16) Pause Young (Allocation Failure)
[519.751s][debug][gc,phases      ] GC(16) Scavenge 72.149ms
[519.751s][debug][gc,ref         ] GC(16) Skipped phase 1 of Reference Processing: no references
[519.751s][debug][gc,ref         ] GC(16) ReferenceProcessor::execute queues: 3, RefProcThreadModel::Multi, marks_oops_alive: false
[519.751s][debug][gc,ref         ] GC(16) Skipped phase 3 of Reference Processing: no references
[519.751s][debug][gc,ref         ] GC(16) ReferenceProcessor::execute queues: 1, RefProcThreadModel::Single, marks_oops_alive: false
[519.751s][debug][gc,phases      ] GC(16) Reference Processing 0.506ms
[519.752s][debug][gc,phases      ] GC(16)   VM Weak                        Min:  0.0, Avg:  0.0, Max:  0.0, Diff:  0.0, Sum:  0.0, Workers: 4
[519.752s][debug][gc,phases      ] GC(16)     Dead                           Min: 0, Avg:  0.0, Max: 0, Diff: 0, Sum: 0, Workers: 4
[519.752s][debug][gc,phases      ] GC(16)     Total                          Min: 27, Avg: 150.8, Max: 448, Diff: 421, Sum: 603, Workers: 4
[519.752s][debug][gc,phases      ] GC(16)   ObjectSynchronizer Weak        Min:  0.0, Avg:  0.0, Max:  0.0, Diff:  0.0, Sum:  0.0, Workers: 4
[519.752s][debug][gc,phases      ] GC(16)     Dead                           Min: 0, Avg:  0.0, Max: 0, Diff: 0, Sum: 0, Workers: 4
[519.752s][debug][gc,phases      ] GC(16)     Total                          Min: 0, Avg: 13.8, Max: 55, Diff: 55, Sum: 55, Workers: 4
[519.752s][debug][gc,phases      ] GC(16)   JVMTI Tag Weak OopStorage      Min:  0.0, Avg:  0.0, Max:  0.0, Diff:  0.0, Sum:  0.0, Workers: 4
[519.752s][debug][gc,phases      ] GC(16)     Dead                           Min: 0, Avg:  0.0, Max: 0, Diff: 0, Sum: 0, Workers: 4
[519.752s][debug][gc,phases      ] GC(16)     Total                          Min: 0, Avg:  0.0, Max: 0, Diff: 0, Sum: 0, Workers: 4
[519.752s][debug][gc,phases      ] GC(16)   StringTable Weak               Min:  0.5, Avg:  0.5, Max:  0.5, Diff:  0.0, Sum:  2.1, Workers: 4
[519.752s][debug][gc,phases      ] GC(16)     Dead                           Min: 0, Avg:  0.0, Max: 0, Diff: 0, Sum: 0, Workers: 4
[519.752s][debug][gc,phases      ] GC(16)     Total                          Min: 9152, Avg: 11894.8, Max: 16320, Diff: 7168, Sum: 47579, Workers: 4
[519.752s][debug][gc,phases      ] GC(16)   ResolvedMethodTable Weak       Min:  0.1, Avg:  0.1, Max:  0.1, Diff:  0.0, Sum:  0.3, Workers: 4
[519.752s][debug][gc,phases      ] GC(16)     Dead                           Min: 0, Avg:  0.0, Max: 0, Diff: 0, Sum: 0, Workers: 4
[519.752s][debug][gc,phases      ] GC(16)     Total                          Min: 1600, Avg: 1906.0, Max: 2624, Diff: 1024, Sum: 7624, Workers: 4
[519.752s][debug][gc,phases      ] GC(16)   JNI Weak                       Min:  0.0, Avg:  0.0, Max:  0.0, Diff:  0.0, Sum:  0.0, Workers: 4
[519.752s][debug][gc,phases      ] GC(16)     Dead                           Min: 0, Avg:  0.0, Max: 0, Diff: 0, Sum: 0, Workers: 4
[519.752s][debug][gc,phases      ] GC(16)     Total                          Min: 0, Avg:  0.0, Max: 0, Diff: 0, Sum: 0, Workers: 4
[519.752s][debug][gc,phases      ] GC(16)   StringDedup Table Weak         Min:  0.0, Avg:  0.0, Max:  0.0, Diff:  0.0, Sum:  0.0, Workers: 4
[519.752s][debug][gc,phases      ] GC(16)     Dead                           Min: 0, Avg:  0.0, Max: 0, Diff: 0, Sum: 0, Workers: 4
[519.752s][debug][gc,phases      ] GC(16)     Total                          Min: 0, Avg:  0.0, Max: 0, Diff: 0, Sum: 0, Workers: 4
[519.752s][debug][gc,phases      ] GC(16)   StringDedup Requests0 Weak     Min:  0.0, Avg:  0.0, Max:  0.0, Diff:  0.0, Sum:  0.0, Workers: 4
[519.752s][debug][gc,phases      ] GC(16)     Dead                           Min: 0, Avg:  0.0, Max: 0, Diff: 0, Sum: 0, Workers: 4
[519.752s][debug][gc,phases      ] GC(16)     Total                          Min: 0, Avg:  0.0, Max: 0, Diff: 0, Sum: 0, Workers: 4
[519.752s][debug][gc,phases      ] GC(16)   StringDedup Requests1 Weak     Min:  0.0, Avg:  0.0, Max:  0.0, Diff:  0.0, Sum:  0.0, Workers: 4
[519.752s][debug][gc,phases      ] GC(16)     Dead                           Min: 0, Avg:  0.0, Max: 0, Diff: 0, Sum: 0, Workers: 4
[519.752s][debug][gc,phases      ] GC(16)     Total                          Min: 0, Avg:  0.0, Max: 0, Diff: 0, Sum: 0, Workers: 4
[519.752s][debug][gc,phases      ] GC(16)   Weak JFR Old Object Samples    Min:  0.0, Avg:  0.0, Max:  0.0, Diff:  0.0, Sum:  0.0, Workers: 4
[519.752s][debug][gc,phases      ] GC(16)     Dead                           Min: 0, Avg:  0.0, Max: 0, Diff: 0, Sum: 0, Workers: 4
[519.752s][debug][gc,phases      ] GC(16)     Total                          Min: 0, Avg:  0.0, Max: 0, Diff: 0, Sum: 0, Workers: 4
[519.752s][debug][gc,phases      ] GC(16) Weak Processing 0.809ms
[519.752s][debug][gc,age         ] GC(16) Desired survivor size 282066944 bytes, new threshold 15 (max threshold 15)
[519.752s][info ][gc,heap        ] GC(16) PSYoungGen: 1729414K(1814016K)->206633K(1805824K) Eden: 1522688K(1522688K)->0K(1522688K) From: 206726K(291328K)->206633K(283136K)
[519.752s][info ][gc,heap        ] GC(16) ParOldGen: 6219K(18432K)->6227K(18432K)
[519.752s][info ][gc,metaspace   ] GC(16) Metaspace: 71494K(72256K)->71494K(72256K) NonClass: 61136K(61504K)->61136K(61504K) Class: 10358K(10752K)->10358K(10752K)
[519.752s][info ][gc             ] GC(16) Pause Young (Allocation Failure) 1694M->207M(1781M) 73.614ms
[519.752s][info ][gc,cpu         ] GC(16) User=0.28s Sys=0.00s Real=0.07s
[519.752s][info ][safepoint      ] Safepoint "ParallelGCFailedAllocation", Time since last: 3479400179 ns, Reaching safepoint: 28401 ns, At safepoint: 73684975 ns, Total: 73713376 ns
[555.755s][info ][safepoint      ] Safepoint "Cleanup", Time since last: 36002451157 ns, Reaching safepoint: 42101 ns, At safepoint: 28001 ns, Total: 70102 ns
[578.429s][info ][gc,start       ] GC(17) Pause Young (Allocation Failure)
[578.493s][debug][gc,phases      ] GC(17) Scavenge 63.784ms
[578.493s][debug][gc,ref         ] GC(17) Skipped phase 1 of Reference Processing: no references
[578.493s][debug][gc,ref         ] GC(17) ReferenceProcessor::execute queues: 3, RefProcThreadModel::Multi, marks_oops_alive: false
[578.493s][debug][gc,ref         ] GC(17) Skipped phase 3 of Reference Processing: no references
[578.493s][debug][gc,ref         ] GC(17) ReferenceProcessor::execute queues: 1, RefProcThreadModel::Single, marks_oops_alive: false
[578.493s][debug][gc,phases      ] GC(17) Reference Processing 0.358ms
[578.494s][debug][gc,phases      ] GC(17)   VM Weak                        Min:  0.0, Avg:  0.0, Max:  0.0, Diff:  0.0, Sum:  0.0, Workers: 4
[578.494s][debug][gc,phases      ] GC(17)     Dead                           Min: 0, Avg:  0.0, Max: 0, Diff: 0, Sum: 0, Workers: 4
[578.494s][debug][gc,phases      ] GC(17)     Total                          Min: 27, Avg: 150.8, Max: 320, Diff: 293, Sum: 603, Workers: 4
[578.494s][debug][gc,phases      ] GC(17)   ObjectSynchronizer Weak        Min:  0.0, Avg:  0.0, Max:  0.0, Diff:  0.0, Sum:  0.0, Workers: 4
[578.494s][debug][gc,phases      ] GC(17)     Dead                           Min: 0, Avg:  0.0, Max: 0, Diff: 0, Sum: 0, Workers: 4
[578.494s][debug][gc,phases      ] GC(17)     Total                          Min: 0, Avg: 13.8, Max: 55, Diff: 55, Sum: 55, Workers: 4
[578.494s][debug][gc,phases      ] GC(17)   JVMTI Tag Weak OopStorage      Min:  0.0, Avg:  0.0, Max:  0.0, Diff:  0.0, Sum:  0.0, Workers: 4
[578.494s][debug][gc,phases      ] GC(17)     Dead                           Min: 0, Avg:  0.0, Max: 0, Diff: 0, Sum: 0, Workers: 4
[578.494s][debug][gc,phases      ] GC(17)     Total                          Min: 0, Avg:  0.0, Max: 0, Diff: 0, Sum: 0, Workers: 4
[578.494s][debug][gc,phases      ] GC(17)   StringTable Weak               Min:  0.6, Avg:  0.6, Max:  0.6, Diff:  0.0, Sum:  2.2, Workers: 4
[578.494s][debug][gc,phases      ] GC(17)     Dead                           Min: 0, Avg:  0.0, Max: 0, Diff: 0, Sum: 0, Workers: 4
[578.494s][debug][gc,phases      ] GC(17)     Total                          Min: 11163, Avg: 11894.8, Max: 12864, Diff: 1701, Sum: 47579, Workers: 4
[578.494s][debug][gc,phases      ] GC(17)   ResolvedMethodTable Weak       Min:  0.1, Avg:  0.1, Max:  0.1, Diff:  0.0, Sum:  0.4, Workers: 4
[578.494s][debug][gc,phases      ] GC(17)     Dead                           Min: 0, Avg:  0.0, Max: 0, Diff: 0, Sum: 0, Workers: 4
[578.494s][debug][gc,phases      ] GC(17)     Total                          Min: 1480, Avg: 1906.0, Max: 2240, Diff: 760, Sum: 7624, Workers: 4
[578.494s][debug][gc,phases      ] GC(17)   JNI Weak                       Min:  0.0, Avg:  0.0, Max:  0.0, Diff:  0.0, Sum:  0.0, Workers: 4
[578.494s][debug][gc,phases      ] GC(17)     Dead                           Min: 0, Avg:  0.0, Max: 0, Diff: 0, Sum: 0, Workers: 4
[578.494s][debug][gc,phases      ] GC(17)     Total                          Min: 0, Avg:  0.0, Max: 0, Diff: 0, Sum: 0, Workers: 4
[578.494s][debug][gc,phases      ] GC(17)   StringDedup Table Weak         Min:  0.0, Avg:  0.0, Max:  0.0, Diff:  0.0, Sum:  0.0, Workers: 4
[578.494s][debug][gc,phases      ] GC(17)     Dead                           Min: 0, Avg:  0.0, Max: 0, Diff: 0, Sum: 0, Workers: 4
[578.494s][debug][gc,phases      ] GC(17)     Total                          Min: 0, Avg:  0.0, Max: 0, Diff: 0, Sum: 0, Workers: 4
[578.494s][debug][gc,phases      ] GC(17)   StringDedup Requests0 Weak     Min:  0.0, Avg:  0.0, Max:  0.0, Diff:  0.0, Sum:  0.0, Workers: 4
[578.494s][debug][gc,phases      ] GC(17)     Dead                           Min: 0, Avg:  0.0, Max: 0, Diff: 0, Sum: 0, Workers: 4
[578.494s][debug][gc,phases      ] GC(17)     Total                          Min: 0, Avg:  0.0, Max: 0, Diff: 0, Sum: 0, Workers: 4
[578.494s][debug][gc,phases      ] GC(17)   StringDedup Requests1 Weak     Min:  0.0, Avg:  0.0, Max:  0.0, Diff:  0.0, Sum:  0.0, Workers: 4
[578.494s][debug][gc,phases      ] GC(17)     Dead                           Min: 0, Avg:  0.0, Max: 0, Diff: 0, Sum: 0, Workers: 4
[578.494s][debug][gc,phases      ] GC(17)     Total                          Min: 0, Avg:  0.0, Max: 0, Diff: 0, Sum: 0, Workers: 4
[578.494s][debug][gc,phases      ] GC(17)   Weak JFR Old Object Samples    Min:  0.0, Avg:  0.0, Max:  0.0, Diff:  0.0, Sum:  0.0, Workers: 4
[578.494s][debug][gc,phases      ] GC(17)     Dead                           Min: 0, Avg:  0.0, Max: 0, Diff: 0, Sum: 0, Workers: 4
[578.494s][debug][gc,phases      ] GC(17)     Total                          Min: 0, Avg:  0.0, Max: 0, Diff: 0, Sum: 0, Workers: 4
[578.494s][debug][gc,phases      ] GC(17) Weak Processing 0.890ms
[578.494s][debug][gc,age         ] GC(17) Desired survivor size 275251200 bytes, new threshold 15 (max threshold 15)
[578.494s][info ][gc,heap        ] GC(17) PSYoungGen: 1729321K(1805824K)->206644K(1828352K) Eden: 1522688K(1522688K)->0K(1552896K) From: 206633K(283136K)->206644K(275456K)
[578.494s][info ][gc,heap        ] GC(17) ParOldGen: 6227K(18432K)->6227K(18432K)
[578.494s][info ][gc,metaspace   ] GC(17) Metaspace: 71494K(72256K)->71494K(72256K) NonClass: 61136K(61504K)->61136K(61504K) Class: 10358K(10752K)->10358K(10752K)
[578.494s][info ][gc             ] GC(17) Pause Young (Allocation Failure) 1694M->207M(1803M) 65.175ms
[578.494s][info ][gc,cpu         ] GC(17) User=0.26s Sys=0.00s Real=0.06s
[578.494s][info ][safepoint      ] Safepoint "ParallelGCFailedAllocation", Time since last: 22674364925 ns, Reaching safepoint: 50502 ns, At safepoint: 65247141 ns, Total: 65297643 ns
[611.497s][info ][safepoint      ] Safepoint "Cleanup", Time since last: 33002743039 ns, Reaching safepoint: 62001 ns, At safepoint: 5600 ns, Total: 67601 ns
[621.498s][info ][safepoint      ] Safepoint "Cleanup", Time since last: 10000636362 ns, Reaching safepoint: 58202 ns, At safepoint: 2400 ns, Total: 60602 ns
[632.499s][info ][safepoint      ] Safepoint "Cleanup", Time since last: 11000783819 ns, Reaching safepoint: 60402 ns, At safepoint: 8000 ns, Total: 68402 ns
[638.279s][info ][gc,start       ] GC(18) Pause Young (Allocation Failure)
[638.339s][debug][gc,phases      ] GC(18) Scavenge 60.467ms
[638.339s][debug][gc,ref         ] GC(18) Skipped phase 1 of Reference Processing: no references
[638.339s][debug][gc,ref         ] GC(18) ReferenceProcessor::execute queues: 4, RefProcThreadModel::Multi, marks_oops_alive: false
[638.340s][debug][gc,ref         ] GC(18) Skipped phase 3 of Reference Processing: no references
[638.340s][debug][gc,ref         ] GC(18) ReferenceProcessor::execute queues: 1, RefProcThreadModel::Single, marks_oops_alive: false
[638.340s][debug][gc,phases      ] GC(18) Reference Processing 0.324ms
[638.340s][debug][gc,phases      ] GC(18)   VM Weak                        Min:  0.0, Avg:  0.0, Max:  0.0, Diff:  0.0, Sum:  0.0, Workers: 4
[638.340s][debug][gc,phases      ] GC(18)     Dead                           Min: 0, Avg:  0.0, Max: 0, Diff: 0, Sum: 0, Workers: 4
[638.340s][debug][gc,phases      ] GC(18)     Total                          Min: 0, Avg: 150.8, Max: 411, Diff: 411, Sum: 603, Workers: 4
[638.340s][debug][gc,phases      ] GC(18)   ObjectSynchronizer Weak        Min:  0.0, Avg:  0.0, Max:  0.0, Diff:  0.0, Sum:  0.0, Workers: 4
[638.340s][debug][gc,phases      ] GC(18)     Dead                           Min: 0, Avg:  0.0, Max: 0, Diff: 0, Sum: 0, Workers: 4
[638.340s][debug][gc,phases      ] GC(18)     Total                          Min: 0, Avg: 13.8, Max: 55, Diff: 55, Sum: 55, Workers: 4
[638.340s][debug][gc,phases      ] GC(18)   JVMTI Tag Weak OopStorage      Min:  0.0, Avg:  0.0, Max:  0.0, Diff:  0.0, Sum:  0.0, Workers: 4
[638.340s][debug][gc,phases      ] GC(18)     Dead                           Min: 0, Avg:  0.0, Max: 0, Diff: 0, Sum: 0, Workers: 4
[638.340s][debug][gc,phases      ] GC(18)     Total                          Min: 0, Avg:  0.0, Max: 0, Diff: 0, Sum: 0, Workers: 4
[638.340s][debug][gc,phases      ] GC(18)   StringTable Weak               Min:  0.4, Avg:  0.4, Max:  0.4, Diff:  0.0, Sum:  1.7, Workers: 4
[638.340s][debug][gc,phases      ] GC(18)     Dead                           Min: 0, Avg:  0.0, Max: 0, Diff: 0, Sum: 0, Workers: 4
[638.340s][debug][gc,phases      ] GC(18)     Total                          Min: 8640, Avg: 11895.8, Max: 14687, Diff: 6047, Sum: 47583, Workers: 4
[638.340s][debug][gc,phases      ] GC(18)   ResolvedMethodTable Weak       Min:  0.1, Avg:  0.1, Max:  0.1, Diff:  0.0, Sum:  0.3, Workers: 4
[638.340s][debug][gc,phases      ] GC(18)     Dead                           Min: 0, Avg:  0.0, Max: 0, Diff: 0, Sum: 0, Workers: 4
[638.340s][debug][gc,phases      ] GC(18)     Total                          Min: 1280, Avg: 1906.0, Max: 2376, Diff: 1096, Sum: 7624, Workers: 4
[638.340s][debug][gc,phases      ] GC(18)   JNI Weak                       Min:  0.0, Avg:  0.0, Max:  0.0, Diff:  0.0, Sum:  0.0, Workers: 4
[638.340s][debug][gc,phases      ] GC(18)     Dead                           Min: 0, Avg:  0.0, Max: 0, Diff: 0, Sum: 0, Workers: 4
[638.340s][debug][gc,phases      ] GC(18)     Total                          Min: 0, Avg:  0.0, Max: 0, Diff: 0, Sum: 0, Workers: 4
[638.340s][debug][gc,phases      ] GC(18)   StringDedup Table Weak         Min:  0.0, Avg:  0.0, Max:  0.0, Diff:  0.0, Sum:  0.0, Workers: 4
[638.340s][debug][gc,phases      ] GC(18)     Dead                           Min: 0, Avg:  0.0, Max: 0, Diff: 0, Sum: 0, Workers: 4
[638.340s][debug][gc,phases      ] GC(18)     Total                          Min: 0, Avg:  0.0, Max: 0, Diff: 0, Sum: 0, Workers: 4
[638.340s][debug][gc,phases      ] GC(18)   StringDedup Requests0 Weak     Min:  0.0, Avg:  0.0, Max:  0.0, Diff:  0.0, Sum:  0.0, Workers: 4
[638.340s][debug][gc,phases      ] GC(18)     Dead                           Min: 0, Avg:  0.0, Max: 0, Diff: 0, Sum: 0, Workers: 4
[638.340s][debug][gc,phases      ] GC(18)     Total                          Min: 0, Avg:  0.0, Max: 0, Diff: 0, Sum: 0, Workers: 4
[638.340s][debug][gc,phases      ] GC(18)   StringDedup Requests1 Weak     Min:  0.0, Avg:  0.0, Max:  0.0, Diff:  0.0, Sum:  0.0, Workers: 4
[638.340s][debug][gc,phases      ] GC(18)     Dead                           Min: 0, Avg:  0.0, Max: 0, Diff: 0, Sum: 0, Workers: 4
[638.340s][debug][gc,phases      ] GC(18)     Total                          Min: 0, Avg:  0.0, Max: 0, Diff: 0, Sum: 0, Workers: 4
[638.340s][debug][gc,phases      ] GC(18)   Weak JFR Old Object Samples    Min:  0.0, Avg:  0.0, Max:  0.0, Diff:  0.0, Sum:  0.0, Workers: 4
[638.340s][debug][gc,phases      ] GC(18)     Dead                           Min: 0, Avg:  0.0, Max: 0, Diff: 0, Sum: 0, Workers: 4
[638.340s][debug][gc,phases      ] GC(18)     Total                          Min: 0, Avg:  0.0, Max: 0, Diff: 0, Sum: 0, Workers: 4
[638.340s][debug][gc,phases      ] GC(18) Weak Processing 0.712ms
[638.340s][debug][gc,age         ] GC(18) Desired survivor size 272629760 bytes, new threshold 15 (max threshold 15)
[638.340s][info ][gc,heap        ] GC(18) PSYoungGen: 1759540K(1828352K)->183968K(1821696K) Eden: 1552896K(1552896K)->0K(1552896K) From: 206644K(275456K)->183968K(268800K)
[638.340s][info ][gc,heap        ] GC(18) ParOldGen: 6227K(18432K)->28993K(29184K)
[638.340s][info ][gc,metaspace   ] GC(18) Metaspace: 71514K(72320K)->71514K(72320K) NonClass: 61155K(61568K)->61155K(61568K) Class: 10358K(10752K)->10358K(10752K)
[638.340s][info ][gc             ] GC(18) Pause Young (Allocation Failure) 1724M->207M(1807M) 61.645ms
[638.340s][info ][gc,cpu         ] GC(18) User=0.25s Sys=0.00s Real=0.06s
[638.340s][debug][gc,phases      ] GC(19) Pre Compact 0.009ms
[638.340s][info ][gc,start       ] GC(19) Pause Full (Ergonomics)
[638.340s][info ][gc,phases,start] GC(19) Marking Phase
[638.400s][debug][gc,phases      ] GC(19) Par Mark 59.062ms
[638.400s][debug][gc,ref         ] GC(19) Skipped phase 1 of Reference Processing: no references
[638.400s][debug][gc,ref         ] GC(19) ReferenceProcessor::execute queues: 4, RefProcThreadModel::Multi, marks_oops_alive: false
[638.400s][debug][gc,ref         ] GC(19) Skipped phase 3 of Reference Processing: no references
[638.400s][debug][gc,ref         ] GC(19) ReferenceProcessor::execute queues: 1, RefProcThreadModel::Single, marks_oops_alive: false
[638.400s][debug][gc,phases      ] GC(19) Reference Processing 0.344ms
[638.400s][debug][gc,phases      ] GC(19)   VM Weak                        Min:  0.0, Avg:  0.0, Max:  0.0, Diff:  0.0, Sum:  0.0, Workers: 4
[638.400s][debug][gc,phases      ] GC(19)     Dead                           Min: 0, Avg:  0.0, Max: 0, Diff: 0, Sum: 0, Workers: 4
[638.400s][debug][gc,phases      ] GC(19)     Total                          Min: 0, Avg: 150.8, Max: 320, Diff: 320, Sum: 603, Workers: 4
[638.400s][debug][gc,phases      ] GC(19)   ObjectSynchronizer Weak        Min:  0.0, Avg:  0.0, Max:  0.0, Diff:  0.0, Sum:  0.0, Workers: 4
[638.400s][debug][gc,phases      ] GC(19)     Dead                           Min: 0, Avg:  0.0, Max: 0, Diff: 0, Sum: 0, Workers: 4
[638.400s][debug][gc,phases      ] GC(19)     Total                          Min: 0, Avg: 13.8, Max: 55, Diff: 55, Sum: 55, Workers: 4
[638.400s][debug][gc,phases      ] GC(19)   JVMTI Tag Weak OopStorage      Min:  0.0, Avg:  0.0, Max:  0.0, Diff:  0.0, Sum:  0.0, Workers: 4
[638.400s][debug][gc,phases      ] GC(19)     Dead                           Min: 0, Avg:  0.0, Max: 0, Diff: 0, Sum: 0, Workers: 4
[638.400s][debug][gc,phases      ] GC(19)     Total                          Min: 0, Avg:  0.0, Max: 0, Diff: 0, Sum: 0, Workers: 4
[638.400s][debug][gc,phases      ] GC(19)   StringTable Weak               Min:  0.1, Avg:  0.1, Max:  0.2, Diff:  0.0, Sum:  0.6, Workers: 4
[638.400s][debug][gc,phases      ] GC(19)     Dead                           Min: 0, Avg:  0.0, Max: 0, Diff: 0, Sum: 0, Workers: 4
[638.400s][debug][gc,phases      ] GC(19)     Total                          Min: 10240, Avg: 11895.8, Max: 13248, Diff: 3008, Sum: 47583, Workers: 4
[638.400s][debug][gc,phases      ] GC(19)   ResolvedMethodTable Weak       Min:  0.0, Avg:  0.0, Max:  0.0, Diff:  0.0, Sum:  0.1, Workers: 4
[638.400s][debug][gc,phases      ] GC(19)     Dead                           Min: 0, Avg:  0.0, Max: 0, Diff: 0, Sum: 0, Workers: 4
[638.400s][debug][gc,phases      ] GC(19)     Total                          Min: 1600, Avg: 1906.0, Max: 2184, Diff: 584, Sum: 7624, Workers: 4
[638.400s][debug][gc,phases      ] GC(19)   JNI Weak                       Min:  0.0, Avg:  0.0, Max:  0.0, Diff:  0.0, Sum:  0.0, Workers: 4
[638.400s][debug][gc,phases      ] GC(19)     Dead                           Min: 0, Avg:  0.0, Max: 0, Diff: 0, Sum: 0, Workers: 4
[638.400s][debug][gc,phases      ] GC(19)     Total                          Min: 0, Avg:  0.0, Max: 0, Diff: 0, Sum: 0, Workers: 4
[638.400s][debug][gc,phases      ] GC(19)   StringDedup Table Weak         Min:  0.0, Avg:  0.0, Max:  0.0, Diff:  0.0, Sum:  0.0, Workers: 4
[638.400s][debug][gc,phases      ] GC(19)     Dead                           Min: 0, Avg:  0.0, Max: 0, Diff: 0, Sum: 0, Workers: 4
[638.400s][debug][gc,phases      ] GC(19)     Total                          Min: 0, Avg:  0.0, Max: 0, Diff: 0, Sum: 0, Workers: 4
[638.400s][debug][gc,phases      ] GC(19)   StringDedup Requests0 Weak     Min:  0.0, Avg:  0.0, Max:  0.0, Diff:  0.0, Sum:  0.0, Workers: 4
[638.400s][debug][gc,phases      ] GC(19)     Dead                           Min: 0, Avg:  0.0, Max: 0, Diff: 0, Sum: 0, Workers: 4
[638.400s][debug][gc,phases      ] GC(19)     Total                          Min: 0, Avg:  0.0, Max: 0, Diff: 0, Sum: 0, Workers: 4
[638.400s][debug][gc,phases      ] GC(19)   StringDedup Requests1 Weak     Min:  0.0, Avg:  0.0, Max:  0.0, Diff:  0.0, Sum:  0.0, Workers: 4
[638.400s][debug][gc,phases      ] GC(19)     Dead                           Min: 0, Avg:  0.0, Max: 0, Diff: 0, Sum: 0, Workers: 4
[638.400s][debug][gc,phases      ] GC(19)     Total                          Min: 0, Avg:  0.0, Max: 0, Diff: 0, Sum: 0, Workers: 4
[638.400s][debug][gc,phases      ] GC(19)   Weak JFR Old Object Samples    Min:  0.0, Avg:  0.0, Max:  0.0, Diff:  0.0, Sum:  0.0, Workers: 4
[638.400s][debug][gc,phases      ] GC(19)     Dead                           Min: 0, Avg:  0.0, Max: 0, Diff: 0, Sum: 0, Workers: 4
[638.400s][debug][gc,phases      ] GC(19)     Total                          Min: 0, Avg:  0.0, Max: 0, Diff: 0, Sum: 0, Workers: 4
[638.400s][debug][gc,phases      ] GC(19) Weak Processing 0.365ms
[638.400s][debug][gc,phases      ] GC(19) ClassLoaderData 0.080ms
[638.400s][debug][gc,phases      ] GC(19) Trigger cleanups 0.000ms
[638.413s][debug][gc,phases      ] GC(19) Class Unloading 12.924ms
[638.413s][info ][gc,phases      ] GC(19) Marking Phase 72.879ms
[638.413s][info ][gc,phases,start] GC(19) Summary Phase
[638.413s][info ][gc,phases      ] GC(19) Summary Phase 0.009ms
[638.413s][info ][gc,phases,start] GC(19) Adjust Roots
[638.431s][info ][gc,phases      ] GC(19) Adjust Roots 17.622ms
[638.431s][info ][gc,phases,start] GC(19) Compaction Phase
[639.124s][info ][gc,phases      ] GC(19) Compaction Phase 692.944ms
[639.124s][info ][gc,phases,start] GC(19) Post Compact
[639.126s][info ][gc,phases      ] GC(19) Post Compact 2.397ms
[639.126s][info ][gc,heap        ] GC(19) PSYoungGen: 183968K(1821696K)->182990K(1821696K) Eden: 0K(1552896K)->0K(1552896K) From: 183968K(268800K)->182990K(268800K)
[639.126s][info ][gc,heap        ] GC(19) ParOldGen: 28993K(29184K)->28828K(60928K)
[639.126s][info ][gc,metaspace   ] GC(19) Metaspace: 71514K(72320K)->71514K(72320K) NonClass: 61155K(61568K)->61155K(61568K) Class: 10358K(10752K)->10358K(10752K)
[639.126s][info ][gc             ] GC(19) Pause Full (Ergonomics) 207M->206M(1838M) 786.120ms
[639.126s][info ][gc,cpu         ] GC(19) User=1.83s Sys=0.00s Real=0.79s
[639.127s][info ][safepoint      ] Safepoint "ParallelGCFailedAllocation", Time since last: 5780052005 ns, Reaching safepoint: 27201 ns, At safepoint: 847883772 ns, Total: 847910973 ns
[677.129s][info ][safepoint      ] Safepoint "Cleanup", Time since last: 38002649759 ns, Reaching safepoint: 123003 ns, At safepoint: 11000 ns, Total: 134003 ns
[698.229s][info ][gc,start       ] GC(20) Pause Young (Allocation Failure)
[698.300s][debug][gc,phases      ] GC(20) Scavenge 70.924ms
[698.300s][debug][gc,ref         ] GC(20) Skipped phase 1 of Reference Processing: no references
[698.300s][debug][gc,ref         ] GC(20) ReferenceProcessor::execute queues: 4, RefProcThreadModel::Multi, marks_oops_alive: false
[698.300s][debug][gc,ref         ] GC(20) Skipped phase 3 of Reference Processing: no references
[698.300s][debug][gc,ref         ] GC(20) ReferenceProcessor::execute queues: 1, RefProcThreadModel::Single, marks_oops_alive: false
[698.300s][debug][gc,phases      ] GC(20) Reference Processing 0.345ms
[698.301s][debug][gc,phases      ] GC(20)   VM Weak                        Min:  0.0, Avg:  0.0, Max:  0.0, Diff:  0.0, Sum:  0.0, Workers: 4
[698.301s][debug][gc,phases      ] GC(20)     Dead                           Min: 0, Avg:  0.0, Max: 0, Diff: 0, Sum: 0, Workers: 4
[698.301s][debug][gc,phases      ] GC(20)     Total                          Min: 0, Avg: 150.8, Max: 411, Diff: 411, Sum: 603, Workers: 4
[698.301s][debug][gc,phases      ] GC(20)   ObjectSynchronizer Weak        Min:  0.0, Avg:  0.0, Max:  0.0, Diff:  0.0, Sum:  0.0, Workers: 4
[698.301s][debug][gc,phases      ] GC(20)     Dead                           Min: 0, Avg:  0.0, Max: 0, Diff: 0, Sum: 0, Workers: 4
[698.301s][debug][gc,phases      ] GC(20)     Total                          Min: 0, Avg: 13.8, Max: 55, Diff: 55, Sum: 55, Workers: 4
[698.301s][debug][gc,phases      ] GC(20)   JVMTI Tag Weak OopStorage      Min:  0.0, Avg:  0.0, Max:  0.0, Diff:  0.0, Sum:  0.0, Workers: 4
[698.301s][debug][gc,phases      ] GC(20)     Dead                           Min: 0, Avg:  0.0, Max: 0, Diff: 0, Sum: 0, Workers: 4
[698.301s][debug][gc,phases      ] GC(20)     Total                          Min: 0, Avg:  0.0, Max: 0, Diff: 0, Sum: 0, Workers: 4
[698.301s][debug][gc,phases      ] GC(20)   StringTable Weak               Min:  0.3, Avg:  0.3, Max:  0.3, Diff:  0.0, Sum:  1.3, Workers: 4
[698.301s][debug][gc,phases      ] GC(20)     Dead                           Min: 0, Avg:  0.0, Max: 0, Diff: 0, Sum: 0, Workers: 4
[698.301s][debug][gc,phases      ] GC(20)     Total                          Min: 8320, Avg: 11895.8, Max: 14016, Diff: 5696, Sum: 47583, Workers: 4
[698.301s][debug][gc,phases      ] GC(20)   ResolvedMethodTable Weak       Min:  0.1, Avg:  0.1, Max:  0.1, Diff:  0.0, Sum:  0.2, Workers: 4
[698.301s][debug][gc,phases      ] GC(20)     Dead                           Min: 0, Avg:  0.0, Max: 0, Diff: 0, Sum: 0, Workers: 4
[698.301s][debug][gc,phases      ] GC(20)     Total                          Min: 1024, Avg: 1906.0, Max: 2376, Diff: 1352, Sum: 7624, Workers: 4
[698.301s][debug][gc,phases      ] GC(20)   JNI Weak                       Min:  0.0, Avg:  0.0, Max:  0.0, Diff:  0.0, Sum:  0.0, Workers: 4
[698.301s][debug][gc,phases      ] GC(20)     Dead                           Min: 0, Avg:  0.0, Max: 0, Diff: 0, Sum: 0, Workers: 4
[698.301s][debug][gc,phases      ] GC(20)     Total                          Min: 0, Avg:  0.0, Max: 0, Diff: 0, Sum: 0, Workers: 4
[698.301s][debug][gc,phases      ] GC(20)   StringDedup Table Weak         Min:  0.0, Avg:  0.0, Max:  0.0, Diff:  0.0, Sum:  0.0, Workers: 4
[698.301s][debug][gc,phases      ] GC(20)     Dead                           Min: 0, Avg:  0.0, Max: 0, Diff: 0, Sum: 0, Workers: 4
[698.301s][debug][gc,phases      ] GC(20)     Total                          Min: 0, Avg:  0.0, Max: 0, Diff: 0, Sum: 0, Workers: 4
[698.301s][debug][gc,phases      ] GC(20)   StringDedup Requests0 Weak     Min:  0.0, Avg:  0.0, Max:  0.0, Diff:  0.0, Sum:  0.0, Workers: 4
[698.301s][debug][gc,phases      ] GC(20)     Dead                           Min: 0, Avg:  0.0, Max: 0, Diff: 0, Sum: 0, Workers: 4
[698.301s][debug][gc,phases      ] GC(20)     Total                          Min: 0, Avg:  0.0, Max: 0, Diff: 0, Sum: 0, Workers: 4
[698.301s][debug][gc,phases      ] GC(20)   StringDedup Requests1 Weak     Min:  0.0, Avg:  0.0, Max:  0.0, Diff:  0.0, Sum:  0.0, Workers: 4
[698.301s][debug][gc,phases      ] GC(20)     Dead                           Min: 0, Avg:  0.0, Max: 0, Diff: 0, Sum: 0, Workers: 4
[698.301s][debug][gc,phases      ] GC(20)     Total                          Min: 0, Avg:  0.0, Max: 0, Diff: 0, Sum: 0, Workers: 4
[698.301s][debug][gc,phases      ] GC(20)   Weak JFR Old Object Samples    Min:  0.0, Avg:  0.0, Max:  0.0, Diff:  0.0, Sum:  0.0, Workers: 4
[698.301s][debug][gc,phases      ] GC(20)     Dead                           Min: 0, Avg:  0.0, Max: 0, Diff: 0, Sum: 0, Workers: 4
[698.301s][debug][gc,phases      ] GC(20)     Total                          Min: 0, Avg:  0.0, Max: 0, Diff: 0, Sum: 0, Workers: 4
[698.301s][debug][gc,phases      ] GC(20) Weak Processing 0.598ms
[698.301s][debug][gc,age         ] GC(20) Desired survivor size 279445504 bytes, new threshold 15 (max threshold 15)
[698.301s][info ][gc,heap        ] GC(20) PSYoungGen: 1735886K(1821696K)->130005K(1817600K) Eden: 1552896K(1552896K)->0K(1551360K) From: 182990K(268800K)->130005K(266240K)
[698.301s][info ][gc,heap        ] GC(20) ParOldGen: 28828K(60928K)->83014K(83456K)
[698.301s][info ][gc,metaspace   ] GC(20) Metaspace: 71514K(72320K)->71514K(72320K) NonClass: 61155K(61568K)->61155K(61568K) Class: 10358K(10752K)->10358K(10752K)
[698.301s][info ][gc             ] GC(20) Pause Young (Allocation Failure) 1723M->208M(1856M) 72.011ms
[698.301s][info ][gc,cpu         ] GC(20) User=0.27s Sys=0.01s Real=0.07s
[698.301s][debug][gc,phases      ] GC(21) Pre Compact 0.010ms
[698.301s][info ][gc,start       ] GC(21) Pause Full (Ergonomics)
[698.301s][info ][gc,phases,start] GC(21) Marking Phase
[698.366s][debug][gc,phases      ] GC(21) Par Mark 64.865ms
[698.366s][debug][gc,ref         ] GC(21) Skipped phase 1 of Reference Processing: no references
[698.366s][debug][gc,ref         ] GC(21) ReferenceProcessor::execute queues: 4, RefProcThreadModel::Multi, marks_oops_alive: false
[698.366s][debug][gc,ref         ] GC(21) Skipped phase 3 of Reference Processing: no references
[698.366s][debug][gc,ref         ] GC(21) ReferenceProcessor::execute queues: 1, RefProcThreadModel::Single, marks_oops_alive: false
[698.366s][debug][gc,phases      ] GC(21) Reference Processing 0.478ms
[698.367s][debug][gc,phases      ] GC(21)   VM Weak                        Min:  0.0, Avg:  0.0, Max:  0.0, Diff:  0.0, Sum:  0.0, Workers: 4
[698.367s][debug][gc,phases      ] GC(21)     Dead                           Min: 0, Avg:  0.0, Max: 0, Diff: 0, Sum: 0, Workers: 4
[698.367s][debug][gc,phases      ] GC(21)     Total                          Min: 0, Avg: 150.8, Max: 448, Diff: 448, Sum: 603, Workers: 4
[698.367s][debug][gc,phases      ] GC(21)   ObjectSynchronizer Weak        Min:  0.0, Avg:  0.0, Max:  0.0, Diff:  0.0, Sum:  0.0, Workers: 4
[698.367s][debug][gc,phases      ] GC(21)     Dead                           Min: 0, Avg:  0.0, Max: 0, Diff: 0, Sum: 0, Workers: 4
[698.367s][debug][gc,phases      ] GC(21)     Total                          Min: 0, Avg: 13.8, Max: 55, Diff: 55, Sum: 55, Workers: 4
[698.367s][debug][gc,phases      ] GC(21)   JVMTI Tag Weak OopStorage      Min:  0.0, Avg:  0.0, Max:  0.0, Diff:  0.0, Sum:  0.0, Workers: 4
[698.367s][debug][gc,phases      ] GC(21)     Dead                           Min: 0, Avg:  0.0, Max: 0, Diff: 0, Sum: 0, Workers: 4
[698.367s][debug][gc,phases      ] GC(21)     Total                          Min: 0, Avg:  0.0, Max: 0, Diff: 0, Sum: 0, Workers: 4
[698.367s][debug][gc,phases      ] GC(21)   StringTable Weak               Min:  0.2, Avg:  0.2, Max:  0.2, Diff:  0.0, Sum:  0.8, Workers: 4
[698.367s][debug][gc,phases      ] GC(21)     Dead                           Min: 0, Avg:  0.0, Max: 0, Diff: 0, Sum: 0, Workers: 4
[698.367s][debug][gc,phases      ] GC(21)     Total                          Min: 10207, Avg: 11895.8, Max: 12864, Diff: 2657, Sum: 47583, Workers: 4
[698.367s][debug][gc,phases      ] GC(21)   ResolvedMethodTable Weak       Min:  0.0, Avg:  0.0, Max:  0.0, Diff:  0.0, Sum:  0.1, Workers: 4
[698.367s][debug][gc,phases      ] GC(21)     Dead                           Min: 0, Avg:  0.0, Max: 0, Diff: 0, Sum: 0, Workers: 4
[698.367s][debug][gc,phases      ] GC(21)     Total                          Min: 1600, Avg: 1906.0, Max: 2112, Diff: 512, Sum: 7624, Workers: 4
[698.367s][debug][gc,phases      ] GC(21)   JNI Weak                       Min:  0.0, Avg:  0.0, Max:  0.0, Diff:  0.0, Sum:  0.0, Workers: 4
[698.367s][debug][gc,phases      ] GC(21)     Dead                           Min: 0, Avg:  0.0, Max: 0, Diff: 0, Sum: 0, Workers: 4
[698.367s][debug][gc,phases      ] GC(21)     Total                          Min: 0, Avg:  0.0, Max: 0, Diff: 0, Sum: 0, Workers: 4
[698.367s][debug][gc,phases      ] GC(21)   StringDedup Table Weak         Min:  0.0, Avg:  0.0, Max:  0.0, Diff:  0.0, Sum:  0.0, Workers: 4
[698.367s][debug][gc,phases      ] GC(21)     Dead                           Min: 0, Avg:  0.0, Max: 0, Diff: 0, Sum: 0, Workers: 4
[698.367s][debug][gc,phases      ] GC(21)     Total                          Min: 0, Avg:  0.0, Max: 0, Diff: 0, Sum: 0, Workers: 4
[698.367s][debug][gc,phases      ] GC(21)   StringDedup Requests0 Weak     Min:  0.0, Avg:  0.0, Max:  0.0, Diff:  0.0, Sum:  0.0, Workers: 4
[698.367s][debug][gc,phases      ] GC(21)     Dead                           Min: 0, Avg:  0.0, Max: 0, Diff: 0, Sum: 0, Workers: 4
[698.367s][debug][gc,phases      ] GC(21)     Total                          Min: 0, Avg:  0.0, Max: 0, Diff: 0, Sum: 0, Workers: 4
[698.367s][debug][gc,phases      ] GC(21)   StringDedup Requests1 Weak     Min:  0.0, Avg:  0.0, Max:  0.0, Diff:  0.0, Sum:  0.0, Workers: 4
[698.367s][debug][gc,phases      ] GC(21)     Dead                           Min: 0, Avg:  0.0, Max: 0, Diff: 0, Sum: 0, Workers: 4
[698.367s][debug][gc,phases      ] GC(21)     Total                          Min: 0, Avg:  0.0, Max: 0, Diff: 0, Sum: 0, Workers: 4
[698.367s][debug][gc,phases      ] GC(21)   Weak JFR Old Object Samples    Min:  0.0, Avg:  0.0, Max:  0.0, Diff:  0.0, Sum:  0.0, Workers: 4
[698.367s][debug][gc,phases      ] GC(21)     Dead                           Min: 0, Avg:  0.0, Max: 0, Diff: 0, Sum: 0, Workers: 4
[698.367s][debug][gc,phases      ] GC(21)     Total                          Min: 0, Avg:  0.0, Max: 0, Diff: 0, Sum: 0, Workers: 4
[698.367s][debug][gc,phases      ] GC(21) Weak Processing 0.478ms
[698.367s][debug][gc,phases      ] GC(21) ClassLoaderData 0.083ms
[698.367s][debug][gc,phases      ] GC(21) Trigger cleanups 0.000ms
[698.383s][debug][gc,phases      ] GC(21) Class Unloading 16.447ms
[698.383s][info ][gc,phases      ] GC(21) Marking Phase 82.452ms
[698.383s][info ][gc,phases,start] GC(21) Summary Phase
[698.383s][info ][gc,phases      ] GC(21) Summary Phase 0.009ms
[698.383s][info ][gc,phases,start] GC(21) Adjust Roots
[698.398s][info ][gc,phases      ] GC(21) Adjust Roots 14.933ms
[698.398s][info ][gc,phases,start] GC(21) Compaction Phase
[698.702s][info ][gc,phases      ] GC(21) Compaction Phase 303.395ms
[698.702s][info ][gc,phases,start] GC(21) Post Compact
[698.703s][info ][gc,phases      ] GC(21) Post Compact 1.711ms
[698.704s][info ][gc,heap        ] GC(21) PSYoungGen: 130005K(1817600K)->128523K(1817600K) Eden: 0K(1551360K)->0K(1551360K) From: 130005K(266240K)->128523K(266240K)
[698.704s][info ][gc,heap        ] GC(21) ParOldGen: 83014K(83456K)->83250K(147968K)
[698.704s][info ][gc,metaspace   ] GC(21) Metaspace: 71514K(72320K)->71514K(72320K) NonClass: 61155K(61568K)->61155K(61568K) Class: 10358K(10752K)->10358K(10752K)
[698.704s][info ][gc             ] GC(21) Pause Full (Ergonomics) 208M->206M(1919M) 402.755ms
[698.704s][info ][gc,cpu         ] GC(21) User=1.28s Sys=0.00s Real=0.40s
[698.704s][info ][safepoint      ] Safepoint "ParallelGCFailedAllocation", Time since last: 21099451471 ns, Reaching safepoint: 48001 ns, At safepoint: 474886549 ns, Total: 474934550 ns
[737.706s][info ][safepoint      ] Safepoint "Cleanup", Time since last: 39002524717 ns, Reaching safepoint: 49001 ns, At safepoint: 12301 ns, Total: 61302 ns
[758.122s][info ][gc,start       ] GC(22) Pause Young (Allocation Failure)
[758.185s][debug][gc,phases      ] GC(22) Scavenge 63.125ms
[758.185s][debug][gc,ref         ] GC(22) Skipped phase 1 of Reference Processing: no references
[758.185s][debug][gc,ref         ] GC(22) ReferenceProcessor::execute queues: 1, RefProcThreadModel::Single, marks_oops_alive: false
[758.185s][debug][gc,ref         ] GC(22) Skipped phase 3 of Reference Processing: no references
[758.185s][debug][gc,ref         ] GC(22) ReferenceProcessor::execute queues: 1, RefProcThreadModel::Single, marks_oops_alive: false
[758.185s][debug][gc,phases      ] GC(22) Reference Processing 0.139ms
[758.186s][debug][gc,phases      ] GC(22)   VM Weak                        Min:  0.0, Avg:  0.0, Max:  0.0, Diff:  0.0, Sum:  0.0, Workers: 4
[758.186s][debug][gc,phases      ] GC(22)     Dead                           Min: 0, Avg:  0.0, Max: 0, Diff: 0, Sum: 0, Workers: 4
[758.186s][debug][gc,phases      ] GC(22)     Total                          Min: 0, Avg: 150.8, Max: 347, Diff: 347, Sum: 603, Workers: 4
[758.186s][debug][gc,phases      ] GC(22)   ObjectSynchronizer Weak        Min:  0.0, Avg:  0.0, Max:  0.0, Diff:  0.0, Sum:  0.0, Workers: 4
[758.186s][debug][gc,phases      ] GC(22)     Dead                           Min: 0, Avg:  0.0, Max: 0, Diff: 0, Sum: 0, Workers: 4
[758.186s][debug][gc,phases      ] GC(22)     Total                          Min: 0, Avg: 13.8, Max: 55, Diff: 55, Sum: 55, Workers: 4
[758.186s][debug][gc,phases      ] GC(22)   JVMTI Tag Weak OopStorage      Min:  0.0, Avg:  0.0, Max:  0.0, Diff:  0.0, Sum:  0.0, Workers: 4
[758.186s][debug][gc,phases      ] GC(22)     Dead                           Min: 0, Avg:  0.0, Max: 0, Diff: 0, Sum: 0, Workers: 4
[758.186s][debug][gc,phases      ] GC(22)     Total                          Min: 0, Avg:  0.0, Max: 0, Diff: 0, Sum: 0, Workers: 4
[758.186s][debug][gc,phases      ] GC(22)   StringTable Weak               Min:  0.2, Avg:  0.2, Max:  0.2, Diff:  0.0, Sum:  0.9, Workers: 4
[758.186s][debug][gc,phases      ] GC(22)     Dead                           Min: 0, Avg:  0.0, Max: 0, Diff: 0, Sum: 0, Workers: 4
[758.186s][debug][gc,phases      ] GC(22)     Total                          Min: 10112, Avg: 11895.8, Max: 13471, Diff: 3359, Sum: 47583, Workers: 4
[758.186s][debug][gc,phases      ] GC(22)   ResolvedMethodTable Weak       Min:  0.0, Avg:  0.0, Max:  0.0, Diff:  0.0, Sum:  0.2, Workers: 4
[758.186s][debug][gc,phases      ] GC(22)     Dead                           Min: 0, Avg:  0.0, Max: 0, Diff: 0, Sum: 0, Workers: 4
[758.186s][debug][gc,phases      ] GC(22)     Total                          Min: 1344, Avg: 1906.0, Max: 2432, Diff: 1088, Sum: 7624, Workers: 4
[758.186s][debug][gc,phases      ] GC(22)   JNI Weak                       Min:  0.0, Avg:  0.0, Max:  0.0, Diff:  0.0, Sum:  0.0, Workers: 4
[758.186s][debug][gc,phases      ] GC(22)     Dead                           Min: 0, Avg:  0.0, Max: 0, Diff: 0, Sum: 0, Workers: 4
[758.186s][debug][gc,phases      ] GC(22)     Total                          Min: 0, Avg:  0.0, Max: 0, Diff: 0, Sum: 0, Workers: 4
[758.186s][debug][gc,phases      ] GC(22)   StringDedup Table Weak         Min:  0.0, Avg:  0.0, Max:  0.0, Diff:  0.0, Sum:  0.0, Workers: 4
[758.186s][debug][gc,phases      ] GC(22)     Dead                           Min: 0, Avg:  0.0, Max: 0, Diff: 0, Sum: 0, Workers: 4
[758.186s][debug][gc,phases      ] GC(22)     Total                          Min: 0, Avg:  0.0, Max: 0, Diff: 0, Sum: 0, Workers: 4
[758.186s][debug][gc,phases      ] GC(22)   StringDedup Requests0 Weak     Min:  0.0, Avg:  0.0, Max:  0.0, Diff:  0.0, Sum:  0.0, Workers: 4
[758.186s][debug][gc,phases      ] GC(22)     Dead                           Min: 0, Avg:  0.0, Max: 0, Diff: 0, Sum: 0, Workers: 4
[758.186s][debug][gc,phases      ] GC(22)     Total                          Min: 0, Avg:  0.0, Max: 0, Diff: 0, Sum: 0, Workers: 4
[758.186s][debug][gc,phases      ] GC(22)   StringDedup Requests1 Weak     Min:  0.0, Avg:  0.0, Max:  0.0, Diff:  0.0, Sum:  0.0, Workers: 4
[758.186s][debug][gc,phases      ] GC(22)     Dead                           Min: 0, Avg:  0.0, Max: 0, Diff: 0, Sum: 0, Workers: 4
[758.186s][debug][gc,phases      ] GC(22)     Total                          Min: 0, Avg:  0.0, Max: 0, Diff: 0, Sum: 0, Workers: 4
[758.186s][debug][gc,phases      ] GC(22)   Weak JFR Old Object Samples    Min:  0.0, Avg:  0.0, Max:  0.0, Diff:  0.0, Sum:  0.0, Workers: 4
[758.186s][debug][gc,phases      ] GC(22)     Dead                           Min: 0, Avg:  0.0, Max: 0, Diff: 0, Sum: 0, Workers: 4
[758.186s][debug][gc,phases      ] GC(22)     Total                          Min: 0, Avg:  0.0, Max: 0, Diff: 0, Sum: 0, Workers: 4
[758.186s][debug][gc,phases      ] GC(22) Weak Processing 0.480ms
[758.186s][debug][gc,age         ] GC(22) Desired survivor size 297795584 bytes, new threshold 15 (max threshold 15)
[758.186s][info ][gc,heap        ] GC(22) PSYoungGen: 1679883K(1817600K)->47215K(1598976K) Eden: 1551360K(1551360K)->0K(1551360K) From: 128523K(266240K)->47215K(47616K)
[758.186s][info ][gc,heap        ] GC(22) ParOldGen: 83250K(147968K)->168180K(168448K)
[758.186s][info ][gc,metaspace   ] GC(22) Metaspace: 71514K(72320K)->71514K(72320K) NonClass: 61155K(61568K)->61155K(61568K) Class: 10358K(10752K)->10358K(10752K)
[758.186s][info ][gc             ] GC(22) Pause Young (Allocation Failure) 1721M->210M(1726M) 63.873ms
[758.186s][info ][gc,cpu         ] GC(22) User=0.22s Sys=0.03s Real=0.07s
[758.186s][debug][gc,phases      ] GC(23) Pre Compact 0.009ms
[758.186s][info ][gc,start       ] GC(23) Pause Full (Ergonomics)
[758.186s][info ][gc,phases,start] GC(23) Marking Phase
[758.245s][debug][gc,phases      ] GC(23) Par Mark 59.317ms
[758.245s][debug][gc,ref         ] GC(23) Skipped phase 1 of Reference Processing: no references
[758.246s][debug][gc,ref         ] GC(23) ReferenceProcessor::execute queues: 4, RefProcThreadModel::Multi, marks_oops_alive: false
[758.246s][debug][gc,ref         ] GC(23) Skipped phase 3 of Reference Processing: no references
[758.246s][debug][gc,ref         ] GC(23) ReferenceProcessor::execute queues: 1, RefProcThreadModel::Single, marks_oops_alive: false
[758.246s][debug][gc,phases      ] GC(23) Reference Processing 1.204ms
[758.247s][debug][gc,phases      ] GC(23)   VM Weak                        Min:  0.0, Avg:  0.0, Max:  0.0, Diff:  0.0, Sum:  0.0, Workers: 4
[758.247s][debug][gc,phases      ] GC(23)     Dead                           Min: 0, Avg:  0.0, Max: 0, Diff: 0, Sum: 0, Workers: 4
[758.247s][debug][gc,phases      ] GC(23)     Total                          Min: 0, Avg: 150.8, Max: 347, Diff: 347, Sum: 603, Workers: 4
[758.247s][debug][gc,phases      ] GC(23)   ObjectSynchronizer Weak        Min:  0.0, Avg:  0.0, Max:  0.0, Diff:  0.0, Sum:  0.0, Workers: 4
[758.247s][debug][gc,phases      ] GC(23)     Dead                           Min: 0, Avg:  0.0, Max: 0, Diff: 0, Sum: 0, Workers: 4
[758.247s][debug][gc,phases      ] GC(23)     Total                          Min: 0, Avg: 13.8, Max: 55, Diff: 55, Sum: 55, Workers: 4
[758.247s][debug][gc,phases      ] GC(23)   JVMTI Tag Weak OopStorage      Min:  0.0, Avg:  0.0, Max:  0.0, Diff:  0.0, Sum:  0.0, Workers: 4
[758.247s][debug][gc,phases      ] GC(23)     Dead                           Min: 0, Avg:  0.0, Max: 0, Diff: 0, Sum: 0, Workers: 4
[758.247s][debug][gc,phases      ] GC(23)     Total                          Min: 0, Avg:  0.0, Max: 0, Diff: 0, Sum: 0, Workers: 4
[758.247s][debug][gc,phases      ] GC(23)   StringTable Weak               Min:  0.0, Avg:  0.4, Max:  0.5, Diff:  0.5, Sum:  1.4, Workers: 4
[758.247s][debug][gc,phases      ] GC(23)     Dead                           Min: 0, Avg:  0.0, Max: 0, Diff: 0, Sum: 0, Workers: 4
[758.247s][debug][gc,phases      ] GC(23)     Total                          Min: 0, Avg: 11895.8, Max: 18944, Diff: 18944, Sum: 47583, Workers: 4
[758.247s][debug][gc,phases      ] GC(23)   ResolvedMethodTable Weak       Min:  0.0, Avg:  0.0, Max:  0.1, Diff:  0.1, Sum:  0.2, Workers: 4
[758.247s][debug][gc,phases      ] GC(23)     Dead                           Min: 0, Avg:  0.0, Max: 0, Diff: 0, Sum: 0, Workers: 4
[758.247s][debug][gc,phases      ] GC(23)     Total                          Min: 0, Avg: 1906.0, Max: 2632, Diff: 2632, Sum: 7624, Workers: 4
[758.247s][debug][gc,phases      ] GC(23)   JNI Weak                       Min:  0.0, Avg:  0.0, Max:  0.0, Diff:  0.0, Sum:  0.0, Workers: 4
[758.247s][debug][gc,phases      ] GC(23)     Dead                           Min: 0, Avg:  0.0, Max: 0, Diff: 0, Sum: 0, Workers: 4
[758.247s][debug][gc,phases      ] GC(23)     Total                          Min: 0, Avg:  0.0, Max: 0, Diff: 0, Sum: 0, Workers: 4
[758.247s][debug][gc,phases      ] GC(23)   StringDedup Table Weak         Min:  0.0, Avg:  0.0, Max:  0.0, Diff:  0.0, Sum:  0.0, Workers: 4
[758.247s][debug][gc,phases      ] GC(23)     Dead                           Min: 0, Avg:  0.0, Max: 0, Diff: 0, Sum: 0, Workers: 4
[758.247s][debug][gc,phases      ] GC(23)     Total                          Min: 0, Avg:  0.0, Max: 0, Diff: 0, Sum: 0, Workers: 4
[758.247s][debug][gc,phases      ] GC(23)   StringDedup Requests0 Weak     Min:  0.0, Avg:  0.0, Max:  0.0, Diff:  0.0, Sum:  0.0, Workers: 4
[758.247s][debug][gc,phases      ] GC(23)     Dead                           Min: 0, Avg:  0.0, Max: 0, Diff: 0, Sum: 0, Workers: 4
[758.247s][debug][gc,phases      ] GC(23)     Total                          Min: 0, Avg:  0.0, Max: 0, Diff: 0, Sum: 0, Workers: 4
[758.247s][debug][gc,phases      ] GC(23)   StringDedup Requests1 Weak     Min:  0.0, Avg:  0.0, Max:  0.0, Diff:  0.0, Sum:  0.0, Workers: 4
[758.247s][debug][gc,phases      ] GC(23)     Dead                           Min: 0, Avg:  0.0, Max: 0, Diff: 0, Sum: 0, Workers: 4
[758.247s][debug][gc,phases      ] GC(23)     Total                          Min: 0, Avg:  0.0, Max: 0, Diff: 0, Sum: 0, Workers: 4
[758.247s][debug][gc,phases      ] GC(23)   Weak JFR Old Object Samples    Min:  0.0, Avg:  0.0, Max:  0.0, Diff:  0.0, Sum:  0.0, Workers: 4
[758.247s][debug][gc,phases      ] GC(23)     Dead                           Min: 0, Avg:  0.0, Max: 0, Diff: 0, Sum: 0, Workers: 4
[758.247s][debug][gc,phases      ] GC(23)     Total                          Min: 0, Avg:  0.0, Max: 0, Diff: 0, Sum: 0, Workers: 4
[758.247s][debug][gc,phases      ] GC(23) Weak Processing 0.789ms
[758.247s][debug][gc,phases      ] GC(23) ClassLoaderData 0.118ms
[758.247s][debug][gc,phases      ] GC(23) Trigger cleanups 0.001ms
[758.271s][debug][gc,phases      ] GC(23) Class Unloading 24.147ms
[758.271s][info ][gc,phases      ] GC(23) Marking Phase 85.673ms
[758.271s][info ][gc,phases,start] GC(23) Summary Phase
[758.271s][info ][gc,phases      ] GC(23) Summary Phase 0.024ms
[758.271s][info ][gc,phases,start] GC(23) Adjust Roots
[758.288s][info ][gc,phases      ] GC(23) Adjust Roots 16.934ms
[758.288s][info ][gc,phases,start] GC(23) Compaction Phase
[758.474s][info ][gc,phases      ] GC(23) Compaction Phase 185.545ms
[758.474s][info ][gc,phases,start] GC(23) Post Compact
[758.475s][info ][gc,phases      ] GC(23) Post Compact 0.809ms
[758.475s][info ][gc,heap        ] GC(23) PSYoungGen: 47215K(1598976K)->46984K(1598976K) Eden: 0K(1551360K)->0K(1551360K) From: 47215K(47616K)->46984K(47616K)
[758.475s][info ][gc,heap        ] GC(23) ParOldGen: 168180K(168448K)->164785K(277504K)
[758.475s][info ][gc,metaspace   ] GC(23) Metaspace: 71514K(72320K)->71514K(72320K) NonClass: 61155K(61568K)->61155K(61568K) Class: 10358K(10752K)->10358K(10752K)
[758.475s][info ][gc             ] GC(23) Pause Full (Ergonomics) 210M->206M(1832M) 289.318ms
[758.475s][info ][gc,cpu         ] GC(23) User=0.90s Sys=0.00s Real=0.28s
[758.475s][info ][safepoint      ] Safepoint "ParallelGCFailedAllocation", Time since last: 20415482684 ns, Reaching safepoint: 25900 ns, At safepoint: 353327922 ns, Total: 353353822 ns
[797.478s][info ][safepoint      ] Safepoint "Cleanup", Time since last: 39002623488 ns, Reaching safepoint: 45501 ns, At safepoint: 2000 ns, Total: 47501 ns
[817.929s][info ][gc,start       ] GC(24) Pause Young (Allocation Failure)
[817.970s][debug][gc,phases      ] GC(24) Scavenge 40.357ms
[817.970s][debug][gc,ref         ] GC(24) Skipped phase 1 of Reference Processing: no references
[817.970s][debug][gc,ref         ] GC(24) ReferenceProcessor::execute queues: 1, RefProcThreadModel::Single, marks_oops_alive: false
[817.970s][debug][gc,ref         ] GC(24) Skipped phase 3 of Reference Processing: no references
[817.970s][debug][gc,ref         ] GC(24) ReferenceProcessor::execute queues: 1, RefProcThreadModel::Single, marks_oops_alive: false
[817.970s][debug][gc,phases      ] GC(24) Reference Processing 0.125ms
[817.970s][debug][gc,phases      ] GC(24)   VM Weak                        Min:  0.0, Avg:  0.0, Max:  0.0, Diff:  0.0, Sum:  0.0, Workers: 4
[817.970s][debug][gc,phases      ] GC(24)     Dead                           Min: 0, Avg:  0.0, Max: 0, Diff: 0, Sum: 0, Workers: 4
[817.970s][debug][gc,phases      ] GC(24)     Total                          Min: 0, Avg: 150.8, Max: 411, Diff: 411, Sum: 603, Workers: 4
[817.970s][debug][gc,phases      ] GC(24)   ObjectSynchronizer Weak        Min:  0.0, Avg:  0.0, Max:  0.0, Diff:  0.0, Sum:  0.0, Workers: 4
[817.970s][debug][gc,phases      ] GC(24)     Dead                           Min: 0, Avg:  0.0, Max: 0, Diff: 0, Sum: 0, Workers: 4
[817.970s][debug][gc,phases      ] GC(24)     Total                          Min: 0, Avg: 13.8, Max: 55, Diff: 55, Sum: 55, Workers: 4
[817.970s][debug][gc,phases      ] GC(24)   JVMTI Tag Weak OopStorage      Min:  0.0, Avg:  0.0, Max:  0.0, Diff:  0.0, Sum:  0.0, Workers: 4
[817.970s][debug][gc,phases      ] GC(24)     Dead                           Min: 0, Avg:  0.0, Max: 0, Diff: 0, Sum: 0, Workers: 4
[817.970s][debug][gc,phases      ] GC(24)     Total                          Min: 0, Avg:  0.0, Max: 0, Diff: 0, Sum: 0, Workers: 4
[817.970s][debug][gc,phases      ] GC(24)   StringTable Weak               Min:  0.1, Avg:  0.2, Max:  0.2, Diff:  0.0, Sum:  0.6, Workers: 4
[817.970s][debug][gc,phases      ] GC(24)     Dead                           Min: 0, Avg:  0.0, Max: 0, Diff: 0, Sum: 0, Workers: 4
[817.970s][debug][gc,phases      ] GC(24)     Total                          Min: 9792, Avg: 11895.8, Max: 13312, Diff: 3520, Sum: 47583, Workers: 4
[817.970s][debug][gc,phases      ] GC(24)   ResolvedMethodTable Weak       Min:  0.0, Avg:  0.0, Max:  0.0, Diff:  0.0, Sum:  0.1, Workers: 4
[817.970s][debug][gc,phases      ] GC(24)     Dead                           Min: 0, Avg:  0.0, Max: 0, Diff: 0, Sum: 0, Workers: 4
[817.970s][debug][gc,phases      ] GC(24)     Total                          Min: 1664, Avg: 1906.0, Max: 2184, Diff: 520, Sum: 7624, Workers: 4
[817.970s][debug][gc,phases      ] GC(24)   JNI Weak                       Min:  0.0, Avg:  0.0, Max:  0.0, Diff:  0.0, Sum:  0.0, Workers: 4
[817.970s][debug][gc,phases      ] GC(24)     Dead                           Min: 0, Avg:  0.0, Max: 0, Diff: 0, Sum: 0, Workers: 4
[817.970s][debug][gc,phases      ] GC(24)     Total                          Min: 0, Avg:  0.0, Max: 0, Diff: 0, Sum: 0, Workers: 4
[817.970s][debug][gc,phases      ] GC(24)   StringDedup Table Weak         Min:  0.0, Avg:  0.0, Max:  0.0, Diff:  0.0, Sum:  0.0, Workers: 4
[817.970s][debug][gc,phases      ] GC(24)     Dead                           Min: 0, Avg:  0.0, Max: 0, Diff: 0, Sum: 0, Workers: 4
[817.970s][debug][gc,phases      ] GC(24)     Total                          Min: 0, Avg:  0.0, Max: 0, Diff: 0, Sum: 0, Workers: 4
[817.970s][debug][gc,phases      ] GC(24)   StringDedup Requests0 Weak     Min:  0.0, Avg:  0.0, Max:  0.0, Diff:  0.0, Sum:  0.0, Workers: 4
[817.970s][debug][gc,phases      ] GC(24)     Dead                           Min: 0, Avg:  0.0, Max: 0, Diff: 0, Sum: 0, Workers: 4
[817.970s][debug][gc,phases      ] GC(24)     Total                          Min: 0, Avg:  0.0, Max: 0, Diff: 0, Sum: 0, Workers: 4
[817.970s][debug][gc,phases      ] GC(24)   StringDedup Requests1 Weak     Min:  0.0, Avg:  0.0, Max:  0.0, Diff:  0.0, Sum:  0.0, Workers: 4
[817.970s][debug][gc,phases      ] GC(24)     Dead                           Min: 0, Avg:  0.0, Max: 0, Diff: 0, Sum: 0, Workers: 4
[817.970s][debug][gc,phases      ] GC(24)     Total                          Min: 0, Avg:  0.0, Max: 0, Diff: 0, Sum: 0, Workers: 4
[817.970s][debug][gc,phases      ] GC(24)   Weak JFR Old Object Samples    Min:  0.0, Avg:  0.0, Max:  0.0, Diff:  0.0, Sum:  0.0, Workers: 4
[817.970s][debug][gc,phases      ] GC(24)     Dead                           Min: 0, Avg:  0.0, Max: 0, Diff: 0, Sum: 0, Workers: 4
[817.970s][debug][gc,phases      ] GC(24)     Total                          Min: 0, Avg:  0.0, Max: 0, Diff: 0, Sum: 0, Workers: 4
[817.970s][debug][gc,phases      ] GC(24) Weak Processing 0.381ms
[817.970s][debug][gc,age         ] GC(24) Desired survivor size 316669952 bytes, new threshold 15 (max threshold 15)
[817.970s][info ][gc,heap        ] GC(24) PSYoungGen: 1598344K(1598976K)->7691K(1769472K) Eden: 1551360K(1551360K)->0K(1478656K) From: 46984K(47616K)->7691K(290816K)
[817.970s][info ][gc,heap        ] GC(24) ParOldGen: 164785K(277504K)->204882K(277504K)
[817.970s][info ][gc,metaspace   ] GC(24) Metaspace: 71514K(72320K)->71514K(72320K) NonClass: 61155K(61568K)->61155K(61568K) Class: 10358K(10752K)->10358K(10752K)
[817.970s][info ][gc             ] GC(24) Pause Young (Allocation Failure) 1721M->207M(1999M) 41.000ms
[817.970s][info ][gc,cpu         ] GC(24) User=0.13s Sys=0.03s Real=0.04s
[817.970s][info ][safepoint      ] Safepoint "ParallelGCFailedAllocation", Time since last: 20451155972 ns, Reaching safepoint: 113703 ns, At safepoint: 41120668 ns, Total: 41234371 ns
[875.028s][info ][gc,start       ] GC(25) Pause Young (Allocation Failure)
[875.033s][debug][gc,phases      ] GC(25) Scavenge 4.117ms
[875.033s][debug][gc,ref         ] GC(25) Skipped phase 1 of Reference Processing: no references
[875.033s][debug][gc,ref         ] GC(25) ReferenceProcessor::execute queues: 1, RefProcThreadModel::Single, marks_oops_alive: false
[875.033s][debug][gc,ref         ] GC(25) Skipped phase 3 of Reference Processing: no references
[875.033s][debug][gc,ref         ] GC(25) Skipped phase 4 of Reference Processing: no references
[875.033s][debug][gc,phases      ] GC(25) Reference Processing 0.108ms
[875.033s][debug][gc,phases      ] GC(25)   VM Weak                        Min:  0.0, Avg:  0.0, Max:  0.0, Diff:  0.0, Sum:  0.0, Workers: 4
[875.033s][debug][gc,phases      ] GC(25)     Dead                           Min: 0, Avg:  0.0, Max: 0, Diff: 0, Sum: 0, Workers: 4
[875.033s][debug][gc,phases      ] GC(25)     Total                          Min: 0, Avg: 150.8, Max: 347, Diff: 347, Sum: 603, Workers: 4
[875.033s][debug][gc,phases      ] GC(25)   ObjectSynchronizer Weak        Min:  0.0, Avg:  0.0, Max:  0.0, Diff:  0.0, Sum:  0.0, Workers: 4
[875.033s][debug][gc,phases      ] GC(25)     Dead                           Min: 0, Avg:  0.0, Max: 0, Diff: 0, Sum: 0, Workers: 4
[875.033s][debug][gc,phases      ] GC(25)     Total                          Min: 0, Avg: 13.8, Max: 55, Diff: 55, Sum: 55, Workers: 4
[875.033s][debug][gc,phases      ] GC(25)   JVMTI Tag Weak OopStorage      Min:  0.0, Avg:  0.0, Max:  0.0, Diff:  0.0, Sum:  0.0, Workers: 4
[875.033s][debug][gc,phases      ] GC(25)     Dead                           Min: 0, Avg:  0.0, Max: 0, Diff: 0, Sum: 0, Workers: 4
[875.033s][debug][gc,phases      ] GC(25)     Total                          Min: 0, Avg:  0.0, Max: 0, Diff: 0, Sum: 0, Workers: 4
[875.033s][debug][gc,phases      ] GC(25)   StringTable Weak               Min:  0.1, Avg:  0.1, Max:  0.1, Diff:  0.0, Sum:  0.4, Workers: 4
[875.033s][debug][gc,phases      ] GC(25)     Dead                           Min: 0, Avg:  0.0, Max: 0, Diff: 0, Sum: 0, Workers: 4
[875.033s][debug][gc,phases      ] GC(25)     Total                          Min: 10048, Avg: 11896.0, Max: 13312, Diff: 3264, Sum: 47584, Workers: 4
[875.033s][debug][gc,phases      ] GC(25)   ResolvedMethodTable Weak       Min:  0.0, Avg:  0.0, Max:  0.0, Diff:  0.0, Sum:  0.1, Workers: 4
[875.033s][debug][gc,phases      ] GC(25)     Dead                           Min: 0, Avg:  0.0, Max: 0, Diff: 0, Sum: 0, Workers: 4
[875.033s][debug][gc,phases      ] GC(25)     Total                          Min: 1792, Avg: 1906.0, Max: 2048, Diff: 256, Sum: 7624, Workers: 4
[875.033s][debug][gc,phases      ] GC(25)   JNI Weak                       Min:  0.0, Avg:  0.0, Max:  0.0, Diff:  0.0, Sum:  0.0, Workers: 4
[875.033s][debug][gc,phases      ] GC(25)     Dead                           Min: 0, Avg:  0.0, Max: 0, Diff: 0, Sum: 0, Workers: 4
[875.033s][debug][gc,phases      ] GC(25)     Total                          Min: 0, Avg:  0.0, Max: 0, Diff: 0, Sum: 0, Workers: 4
[875.033s][debug][gc,phases      ] GC(25)   StringDedup Table Weak         Min:  0.0, Avg:  0.0, Max:  0.0, Diff:  0.0, Sum:  0.0, Workers: 4
[875.033s][debug][gc,phases      ] GC(25)     Dead                           Min: 0, Avg:  0.0, Max: 0, Diff: 0, Sum: 0, Workers: 4
[875.033s][debug][gc,phases      ] GC(25)     Total                          Min: 0, Avg:  0.0, Max: 0, Diff: 0, Sum: 0, Workers: 4
[875.033s][debug][gc,phases      ] GC(25)   StringDedup Requests0 Weak     Min:  0.0, Avg:  0.0, Max:  0.0, Diff:  0.0, Sum:  0.0, Workers: 4
[875.033s][debug][gc,phases      ] GC(25)     Dead                           Min: 0, Avg:  0.0, Max: 0, Diff: 0, Sum: 0, Workers: 4
[875.033s][debug][gc,phases      ] GC(25)     Total                          Min: 0, Avg:  0.0, Max: 0, Diff: 0, Sum: 0, Workers: 4
[875.033s][debug][gc,phases      ] GC(25)   StringDedup Requests1 Weak     Min:  0.0, Avg:  0.0, Max:  0.0, Diff:  0.0, Sum:  0.0, Workers: 4
[875.033s][debug][gc,phases      ] GC(25)     Dead                           Min: 0, Avg:  0.0, Max: 0, Diff: 0, Sum: 0, Workers: 4
[875.033s][debug][gc,phases      ] GC(25)     Total                          Min: 0, Avg:  0.0, Max: 0, Diff: 0, Sum: 0, Workers: 4
[875.033s][debug][gc,phases      ] GC(25)   Weak JFR Old Object Samples    Min:  0.0, Avg:  0.0, Max:  0.0, Diff:  0.0, Sum:  0.0, Workers: 4
[875.033s][debug][gc,phases      ] GC(25)     Dead                           Min: 0, Avg:  0.0, Max: 0, Diff: 0, Sum: 0, Workers: 4
[875.033s][debug][gc,phases      ] GC(25)     Total                          Min: 0, Avg:  0.0, Max: 0, Diff: 0, Sum: 0, Workers: 4
[875.033s][debug][gc,phases      ] GC(25) Weak Processing 0.329ms
[875.033s][debug][gc,age         ] GC(25) Desired survivor size 330825728 bytes, new threshold 15 (max threshold 15)
[875.033s][info ][gc,heap        ] GC(25) PSYoungGen: 1486347K(1769472K)->128K(1479168K) Eden: 1478656K(1478656K)->0K(1478656K) From: 7691K(290816K)->128K(512K)
[875.033s][info ][gc,heap        ] GC(25) ParOldGen: 204882K(277504K)->212594K(277504K)
[875.033s][info ][gc,metaspace   ] GC(25) Metaspace: 71514K(72320K)->71514K(72320K) NonClass: 61155K(61568K)->61155K(61568K) Class: 10358K(10752K)->10358K(10752K)
[875.033s][info ][gc             ] GC(25) Pause Young (Allocation Failure) 1651M->207M(1715M) 4.690ms
[875.033s][info ][gc,cpu         ] GC(25) User=0.01s Sys=0.00s Real=0.00s
[875.033s][info ][safepoint      ] Safepoint "ParallelGCFailedAllocation", Time since last: 57058159427 ns, Reaching safepoint: 50101 ns, At safepoint: 4778936 ns, Total: 4829037 ns
[912.036s][info ][safepoint      ] Safepoint "Cleanup", Time since last: 37002368061 ns, Reaching safepoint: 53301 ns, At safepoint: 3000 ns, Total: 56301 ns
[913.036s][info ][safepoint      ] Safepoint "Cleanup", Time since last: 1000126754 ns, Reaching safepoint: 33601 ns, At safepoint: 6700 ns, Total: 40301 ns
[929.037s][info ][safepoint      ] Safepoint "Cleanup", Time since last: 16001036493 ns, Reaching safepoint: 61001 ns, At safepoint: 9301 ns, Total: 70302 ns
[931.279s][info ][gc,start       ] GC(26) Pause Young (Allocation Failure)
[931.280s][debug][gc,phases      ] GC(26) Scavenge 1.276ms
[931.280s][debug][gc,ref         ] GC(26) Skipped phase 1 of Reference Processing: no references
[931.281s][debug][gc,ref         ] GC(26) ReferenceProcessor::execute queues: 1, RefProcThreadModel::Single, marks_oops_alive: false
[931.281s][debug][gc,ref         ] GC(26) Skipped phase 3 of Reference Processing: no references
[931.281s][debug][gc,ref         ] GC(26) Skipped phase 4 of Reference Processing: no references
[931.281s][debug][gc,phases      ] GC(26) Reference Processing 0.104ms
[931.281s][debug][gc,phases      ] GC(26)   VM Weak                        Min:  0.0, Avg:  0.0, Max:  0.0, Diff:  0.0, Sum:  0.0, Workers: 4
[931.281s][debug][gc,phases      ] GC(26)     Dead                           Min: 0, Avg:  0.0, Max: 0, Diff: 0, Sum: 0, Workers: 4
[931.281s][debug][gc,phases      ] GC(26)     Total                          Min: 0, Avg: 150.8, Max: 384, Diff: 384, Sum: 603, Workers: 4
[931.281s][debug][gc,phases      ] GC(26)   ObjectSynchronizer Weak        Min:  0.0, Avg:  0.0, Max:  0.0, Diff:  0.0, Sum:  0.0, Workers: 4
[931.281s][debug][gc,phases      ] GC(26)     Dead                           Min: 0, Avg:  0.0, Max: 0, Diff: 0, Sum: 0, Workers: 4
[931.281s][debug][gc,phases      ] GC(26)     Total                          Min: 0, Avg: 13.8, Max: 55, Diff: 55, Sum: 55, Workers: 4
[931.281s][debug][gc,phases      ] GC(26)   JVMTI Tag Weak OopStorage      Min:  0.0, Avg:  0.0, Max:  0.0, Diff:  0.0, Sum:  0.0, Workers: 4
[931.281s][debug][gc,phases      ] GC(26)     Dead                           Min: 0, Avg:  0.0, Max: 0, Diff: 0, Sum: 0, Workers: 4
[931.281s][debug][gc,phases      ] GC(26)     Total                          Min: 0, Avg:  0.0, Max: 0, Diff: 0, Sum: 0, Workers: 4
[931.281s][debug][gc,phases      ] GC(26)   StringTable Weak               Min:  0.1, Avg:  0.1, Max:  0.1, Diff:  0.0, Sum:  0.4, Workers: 4
[931.281s][debug][gc,phases      ] GC(26)     Dead                           Min: 0, Avg:  0.0, Max: 0, Diff: 0, Sum: 0, Workers: 4
[931.281s][debug][gc,phases      ] GC(26)     Total                          Min: 10944, Avg: 11897.8, Max: 12928, Diff: 1984, Sum: 47591, Workers: 4
[931.281s][debug][gc,phases      ] GC(26)   ResolvedMethodTable Weak       Min:  0.0, Avg:  0.0, Max:  0.0, Diff:  0.0, Sum:  0.1, Workers: 4
[931.281s][debug][gc,phases      ] GC(26)     Dead                           Min: 0, Avg:  0.0, Max: 0, Diff: 0, Sum: 0, Workers: 4
[931.281s][debug][gc,phases      ] GC(26)     Total                          Min: 1800, Avg: 1906.0, Max: 1984, Diff: 184, Sum: 7624, Workers: 4
[931.281s][debug][gc,phases      ] GC(26)   JNI Weak                       Min:  0.0, Avg:  0.0, Max:  0.0, Diff:  0.0, Sum:  0.0, Workers: 4
[931.281s][debug][gc,phases      ] GC(26)     Dead                           Min: 0, Avg:  0.0, Max: 0, Diff: 0, Sum: 0, Workers: 4
[931.281s][debug][gc,phases      ] GC(26)     Total                          Min: 0, Avg:  0.0, Max: 0, Diff: 0, Sum: 0, Workers: 4
[931.281s][debug][gc,phases      ] GC(26)   StringDedup Table Weak         Min:  0.0, Avg:  0.0, Max:  0.0, Diff:  0.0, Sum:  0.0, Workers: 4
[931.281s][debug][gc,phases      ] GC(26)     Dead                           Min: 0, Avg:  0.0, Max: 0, Diff: 0, Sum: 0, Workers: 4
[931.281s][debug][gc,phases      ] GC(26)     Total                          Min: 0, Avg:  0.0, Max: 0, Diff: 0, Sum: 0, Workers: 4
[931.281s][debug][gc,phases      ] GC(26)   StringDedup Requests0 Weak     Min:  0.0, Avg:  0.0, Max:  0.0, Diff:  0.0, Sum:  0.0, Workers: 4
[931.281s][debug][gc,phases      ] GC(26)     Dead                           Min: 0, Avg:  0.0, Max: 0, Diff: 0, Sum: 0, Workers: 4
[931.281s][debug][gc,phases      ] GC(26)     Total                          Min: 0, Avg:  0.0, Max: 0, Diff: 0, Sum: 0, Workers: 4
[931.281s][debug][gc,phases      ] GC(26)   StringDedup Requests1 Weak     Min:  0.0, Avg:  0.0, Max:  0.0, Diff:  0.0, Sum:  0.0, Workers: 4
[931.281s][debug][gc,phases      ] GC(26)     Dead                           Min: 0, Avg:  0.0, Max: 0, Diff: 0, Sum: 0, Workers: 4
[931.281s][debug][gc,phases      ] GC(26)     Total                          Min: 0, Avg:  0.0, Max: 0, Diff: 0, Sum: 0, Workers: 4
[931.281s][debug][gc,phases      ] GC(26)   Weak JFR Old Object Samples    Min:  0.0, Avg:  0.0, Max:  0.0, Diff:  0.0, Sum:  0.0, Workers: 4
[931.281s][debug][gc,phases      ] GC(26)     Dead                           Min: 0, Avg:  0.0, Max: 0, Diff: 0, Sum: 0, Workers: 4
[931.281s][debug][gc,phases      ] GC(26)     Total                          Min: 0, Avg:  0.0, Max: 0, Diff: 0, Sum: 0, Workers: 4
[931.281s][debug][gc,phases      ] GC(26) Weak Processing 0.341ms
[931.281s][debug][gc,age         ] GC(26) Desired survivor size 338690048 bytes, new threshold 15 (max threshold 15)
[931.281s][info ][gc,heap        ] GC(26) PSYoungGen: 1478784K(1479168K)->128K(1758720K) Eden: 1478656K(1478656K)->0K(1435648K) From: 128K(512K)->128K(323072K)
[931.281s][info ][gc,heap        ] GC(26) ParOldGen: 212594K(277504K)->212626K(277504K)
[931.281s][info ][gc,metaspace   ] GC(26) Metaspace: 71520K(72384K)->71520K(72384K) NonClass: 61162K(61632K)->61162K(61632K) Class: 10358K(10752K)->10358K(10752K)
[931.281s][info ][gc             ] GC(26) Pause Young (Allocation Failure) 1651M->207M(1988M) 1.841ms
[931.281s][info ][gc,cpu         ] GC(26) User=0.00s Sys=0.00s Real=0.00s
[931.281s][info ][safepoint      ] Safepoint "ParallelGCFailedAllocation", Time since last: 2242089306 ns, Reaching safepoint: 111403 ns, At safepoint: 1915054 ns, Total: 2026457 ns
[962.283s][info ][safepoint      ] Safepoint "Cleanup", Time since last: 31002083605 ns, Reaching safepoint: 49301 ns, At safepoint: 10300 ns, Total: 59601 ns
[986.679s][info ][gc,start       ] GC(27) Pause Young (Allocation Failure)
[986.681s][debug][gc,phases      ] GC(27) Scavenge 1.106ms
[986.681s][debug][gc,ref         ] GC(27) Skipped phase 1 of Reference Processing: no references
[986.681s][debug][gc,ref         ] GC(27) ReferenceProcessor::execute queues: 1, RefProcThreadModel::Single, marks_oops_alive: false
[986.681s][debug][gc,ref         ] GC(27) Skipped phase 3 of Reference Processing: no references
[986.681s][debug][gc,ref         ] GC(27) Skipped phase 4 of Reference Processing: no references
[986.681s][debug][gc,phases      ] GC(27) Reference Processing 0.092ms
[986.681s][debug][gc,phases      ] GC(27)   VM Weak                        Min:  0.0, Avg:  0.0, Max:  0.0, Diff:  0.0, Sum:  0.0, Workers: 4
[986.681s][debug][gc,phases      ] GC(27)     Dead                           Min: 0, Avg:  0.0, Max: 0, Diff: 0, Sum: 0, Workers: 4
[986.681s][debug][gc,phases      ] GC(27)     Total                          Min: 0, Avg: 150.8, Max: 320, Diff: 320, Sum: 603, Workers: 4
[986.681s][debug][gc,phases      ] GC(27)   ObjectSynchronizer Weak        Min:  0.0, Avg:  0.0, Max:  0.0, Diff:  0.0, Sum:  0.0, Workers: 4
[986.681s][debug][gc,phases      ] GC(27)     Dead                           Min: 0, Avg:  0.0, Max: 0, Diff: 0, Sum: 0, Workers: 4
[986.681s][debug][gc,phases      ] GC(27)     Total                          Min: 0, Avg: 13.8, Max: 55, Diff: 55, Sum: 55, Workers: 4
[986.681s][debug][gc,phases      ] GC(27)   JVMTI Tag Weak OopStorage      Min:  0.0, Avg:  0.0, Max:  0.0, Diff:  0.0, Sum:  0.0, Workers: 4
[986.681s][debug][gc,phases      ] GC(27)     Dead                           Min: 0, Avg:  0.0, Max: 0, Diff: 0, Sum: 0, Workers: 4
[986.681s][debug][gc,phases      ] GC(27)     Total                          Min: 0, Avg:  0.0, Max: 0, Diff: 0, Sum: 0, Workers: 4
[986.681s][debug][gc,phases      ] GC(27)   StringTable Weak               Min:  0.1, Avg:  0.1, Max:  0.1, Diff:  0.0, Sum:  0.4, Workers: 4
[986.681s][debug][gc,phases      ] GC(27)     Dead                           Min: 0, Avg:  0.0, Max: 0, Diff: 0, Sum: 0, Workers: 4
[986.681s][debug][gc,phases      ] GC(27)     Total                          Min: 10368, Avg: 11897.8, Max: 12903, Diff: 2535, Sum: 47591, Workers: 4
[986.681s][debug][gc,phases      ] GC(27)   ResolvedMethodTable Weak       Min:  0.0, Avg:  0.0, Max:  0.0, Diff:  0.0, Sum:  0.1, Workers: 4
[986.681s][debug][gc,phases      ] GC(27)     Dead                           Min: 0, Avg:  0.0, Max: 0, Diff: 0, Sum: 0, Workers: 4
[986.681s][debug][gc,phases      ] GC(27)     Total                          Min: 1600, Avg: 1906.0, Max: 2056, Diff: 456, Sum: 7624, Workers: 4
[986.681s][debug][gc,phases      ] GC(27)   JNI Weak                       Min:  0.0, Avg:  0.0, Max:  0.0, Diff:  0.0, Sum:  0.0, Workers: 4
[986.681s][debug][gc,phases      ] GC(27)     Dead                           Min: 0, Avg:  0.0, Max: 0, Diff: 0, Sum: 0, Workers: 4
[986.681s][debug][gc,phases      ] GC(27)     Total                          Min: 0, Avg:  0.0, Max: 0, Diff: 0, Sum: 0, Workers: 4
[986.681s][debug][gc,phases      ] GC(27)   StringDedup Table Weak         Min:  0.0, Avg:  0.0, Max:  0.0, Diff:  0.0, Sum:  0.0, Workers: 4
[986.681s][debug][gc,phases      ] GC(27)     Dead                           Min: 0, Avg:  0.0, Max: 0, Diff: 0, Sum: 0, Workers: 4
[986.681s][debug][gc,phases      ] GC(27)     Total                          Min: 0, Avg:  0.0, Max: 0, Diff: 0, Sum: 0, Workers: 4
[986.681s][debug][gc,phases      ] GC(27)   StringDedup Requests0 Weak     Min:  0.0, Avg:  0.0, Max:  0.0, Diff:  0.0, Sum:  0.0, Workers: 4
[986.681s][debug][gc,phases      ] GC(27)     Dead                           Min: 0, Avg:  0.0, Max: 0, Diff: 0, Sum: 0, Workers: 4
[986.681s][debug][gc,phases      ] GC(27)     Total                          Min: 0, Avg:  0.0, Max: 0, Diff: 0, Sum: 0, Workers: 4
[986.681s][debug][gc,phases      ] GC(27)   StringDedup Requests1 Weak     Min:  0.0, Avg:  0.0, Max:  0.0, Diff:  0.0, Sum:  0.0, Workers: 4
[986.681s][debug][gc,phases      ] GC(27)     Dead                           Min: 0, Avg:  0.0, Max: 0, Diff: 0, Sum: 0, Workers: 4
[986.681s][debug][gc,phases      ] GC(27)     Total                          Min: 0, Avg:  0.0, Max: 0, Diff: 0, Sum: 0, Workers: 4
[986.681s][debug][gc,phases      ] GC(27)   Weak JFR Old Object Samples    Min:  0.0, Avg:  0.0, Max:  0.0, Diff:  0.0, Sum:  0.0, Workers: 4
[986.681s][debug][gc,phases      ] GC(27)     Dead                           Min: 0, Avg:  0.0, Max: 0, Diff: 0, Sum: 0, Workers: 4
[986.681s][debug][gc,phases      ] GC(27)     Total                          Min: 0, Avg:  0.0, Max: 0, Diff: 0, Sum: 0, Workers: 4
[986.681s][debug][gc,phases      ] GC(27) Weak Processing 0.302ms
[986.681s][debug][gc,age         ] GC(27) Desired survivor size 341311488 bytes, new threshold 15 (max threshold 15)
[986.681s][info ][gc,heap        ] GC(27) PSYoungGen: 1435776K(1758720K)->160K(1436160K) Eden: 1435648K(1435648K)->0K(1435648K) From: 128K(323072K)->160K(512K)
[986.681s][info ][gc,heap        ] GC(27) ParOldGen: 212626K(277504K)->212658K(277504K)
[986.681s][info ][gc,metaspace   ] GC(27) Metaspace: 71520K(72384K)->71520K(72384K) NonClass: 61162K(61632K)->61162K(61632K) Class: 10358K(10752K)->10358K(10752K)
[986.681s][info ][gc             ] GC(27) Pause Young (Allocation Failure) 1609M->207M(1673M) 1.612ms
[986.681s][info ][gc,cpu         ] GC(27) User=0.01s Sys=0.00s Real=0.00s
[986.681s][info ][safepoint      ] Safepoint "ParallelGCFailedAllocation", Time since last: 24396277964 ns, Reaching safepoint: 31801 ns, At safepoint: 1699249 ns, Total: 1731050 ns
[1042.078s][info ][gc,start       ] GC(28) Pause Young (Allocation Failure)
[1042.080s][debug][gc,phases      ] GC(28) Scavenge 1.190ms
[1042.080s][debug][gc,ref         ] GC(28) Skipped phase 1 of Reference Processing: no references
[1042.080s][debug][gc,ref         ] GC(28) ReferenceProcessor::execute queues: 1, RefProcThreadModel::Single, marks_oops_alive: false
[1042.080s][debug][gc,ref         ] GC(28) Skipped phase 3 of Reference Processing: no references
[1042.080s][debug][gc,ref         ] GC(28) Skipped phase 4 of Reference Processing: no references
[1042.080s][debug][gc,phases      ] GC(28) Reference Processing 0.108ms
[1042.080s][debug][gc,phases      ] GC(28)   VM Weak                        Min:  0.0, Avg:  0.0, Max:  0.0, Diff:  0.0, Sum:  0.0, Workers: 4
[1042.080s][debug][gc,phases      ] GC(28)     Dead                           Min: 0, Avg:  0.0, Max: 0, Diff: 0, Sum: 0, Workers: 4
[1042.080s][debug][gc,phases      ] GC(28)     Total                          Min: 0, Avg: 150.8, Max: 603, Diff: 603, Sum: 603, Workers: 4
[1042.080s][debug][gc,phases      ] GC(28)   ObjectSynchronizer Weak        Min:  0.0, Avg:  0.0, Max:  0.0, Diff:  0.0, Sum:  0.0, Workers: 4
[1042.080s][debug][gc,phases      ] GC(28)     Dead                           Min: 0, Avg:  0.0, Max: 0, Diff: 0, Sum: 0, Workers: 4
[1042.080s][debug][gc,phases      ] GC(28)     Total                          Min: 0, Avg: 13.8, Max: 55, Diff: 55, Sum: 55, Workers: 4
[1042.080s][debug][gc,phases      ] GC(28)   JVMTI Tag Weak OopStorage      Min:  0.0, Avg:  0.0, Max:  0.0, Diff:  0.0, Sum:  0.0, Workers: 4
[1042.080s][debug][gc,phases      ] GC(28)     Dead                           Min: 0, Avg:  0.0, Max: 0, Diff: 0, Sum: 0, Workers: 4
[1042.080s][debug][gc,phases      ] GC(28)     Total                          Min: 0, Avg:  0.0, Max: 0, Diff: 0, Sum: 0, Workers: 4
[1042.080s][debug][gc,phases      ] GC(28)   StringTable Weak               Min:  0.1, Avg:  0.1, Max:  0.1, Diff:  0.0, Sum:  0.4, Workers: 4
[1042.080s][debug][gc,phases      ] GC(28)     Dead                           Min: 0, Avg:  0.0, Max: 0, Diff: 0, Sum: 0, Workers: 4
[1042.080s][debug][gc,phases      ] GC(28)     Total                          Min: 11008, Avg: 11897.8, Max: 12800, Diff: 1792, Sum: 47591, Workers: 4
[1042.080s][debug][gc,phases      ] GC(28)   ResolvedMethodTable Weak       Min:  0.0, Avg:  0.0, Max:  0.0, Diff:  0.0, Sum:  0.1, Workers: 4
[1042.080s][debug][gc,phases      ] GC(28)     Dead                           Min: 0, Avg:  0.0, Max: 0, Diff: 0, Sum: 0, Workers: 4
[1042.080s][debug][gc,phases      ] GC(28)     Total                          Min: 1280, Avg: 1906.0, Max: 2176, Diff: 896, Sum: 7624, Workers: 4
[1042.080s][debug][gc,phases      ] GC(28)   JNI Weak                       Min:  0.0, Avg:  0.0, Max:  0.0, Diff:  0.0, Sum:  0.0, Workers: 4
[1042.080s][debug][gc,phases      ] GC(28)     Dead                           Min: 0, Avg:  0.0, Max: 0, Diff: 0, Sum: 0, Workers: 4
[1042.080s][debug][gc,phases      ] GC(28)     Total                          Min: 0, Avg:  0.0, Max: 0, Diff: 0, Sum: 0, Workers: 4
[1042.080s][debug][gc,phases      ] GC(28)   StringDedup Table Weak         Min:  0.0, Avg:  0.0, Max:  0.0, Diff:  0.0, Sum:  0.0, Workers: 4
[1042.080s][debug][gc,phases      ] GC(28)     Dead                           Min: 0, Avg:  0.0, Max: 0, Diff: 0, Sum: 0, Workers: 4
[1042.080s][debug][gc,phases      ] GC(28)     Total                          Min: 0, Avg:  0.0, Max: 0, Diff: 0, Sum: 0, Workers: 4
[1042.080s][debug][gc,phases      ] GC(28)   StringDedup Requests0 Weak     Min:  0.0, Avg:  0.0, Max:  0.0, Diff:  0.0, Sum:  0.0, Workers: 4
[1042.080s][debug][gc,phases      ] GC(28)     Dead                           Min: 0, Avg:  0.0, Max: 0, Diff: 0, Sum: 0, Workers: 4
[1042.080s][debug][gc,phases      ] GC(28)     Total                          Min: 0, Avg:  0.0, Max: 0, Diff: 0, Sum: 0, Workers: 4
[1042.080s][debug][gc,phases      ] GC(28)   StringDedup Requests1 Weak     Min:  0.0, Avg:  0.0, Max:  0.0, Diff:  0.0, Sum:  0.0, Workers: 4
[1042.080s][debug][gc,phases      ] GC(28)     Dead                           Min: 0, Avg:  0.0, Max: 0, Diff: 0, Sum: 0, Workers: 4
[1042.080s][debug][gc,phases      ] GC(28)     Total                          Min: 0, Avg:  0.0, Max: 0, Diff: 0, Sum: 0, Workers: 4
[1042.080s][debug][gc,phases      ] GC(28)   Weak JFR Old Object Samples    Min:  0.0, Avg:  0.0, Max:  0.0, Diff:  0.0, Sum:  0.0, Workers: 4
[1042.080s][debug][gc,phases      ] GC(28)     Dead                           Min: 0, Avg:  0.0, Max: 0, Diff: 0, Sum: 0, Workers: 4
[1042.080s][debug][gc,phases      ] GC(28)     Total                          Min: 0, Avg:  0.0, Max: 0, Diff: 0, Sum: 0, Workers: 4
[1042.080s][debug][gc,phases      ] GC(28) Weak Processing 0.303ms
[1042.080s][debug][gc,age         ] GC(28) Desired survivor size 340787200 bytes, new threshold 15 (max threshold 15)
[1042.080s][info ][gc,heap        ] GC(28) PSYoungGen: 1435808K(1436160K)->128K(1764352K) Eden: 1435648K(1435648K)->0K(1431040K) From: 160K(512K)->128K(333312K)
[1042.080s][info ][gc,heap        ] GC(28) ParOldGen: 212658K(277504K)->212682K(277504K)
[1042.080s][info ][gc,metaspace   ] GC(28) Metaspace: 71521K(72384K)->71521K(72384K) NonClass: 61163K(61632K)->61163K(61632K) Class: 10358K(10752K)->10358K(10752K)
[1042.080s][info ][gc             ] GC(28) Pause Young (Allocation Failure) 1609M->207M(1994M) 1.718ms
[1042.080s][info ][gc,cpu         ] GC(28) User=0.00s Sys=0.00s Real=0.00s
[1042.080s][info ][safepoint      ] Safepoint "ParallelGCFailedAllocation", Time since last: 55397240532 ns, Reaching safepoint: 113703 ns, At safepoint: 1783851 ns, Total: 1897554 ns
[1062.082s][info ][safepoint      ] Safepoint "Cleanup", Time since last: 20001487430 ns, Reaching safepoint: 44401 ns, At safepoint: 30501 ns, Total: 74902 ns
[1090.084s][info ][safepoint      ] Safepoint "Cleanup", Time since last: 28001883060 ns, Reaching safepoint: 44701 ns, At safepoint: 19301 ns, Total: 64002 ns
[1097.279s][info ][gc,start       ] GC(29) Pause Young (Allocation Failure)
[1097.280s][debug][gc,phases      ] GC(29) Scavenge 1.250ms
[1097.281s][debug][gc,ref         ] GC(29) Skipped phase 1 of Reference Processing: no references
[1097.281s][debug][gc,ref         ] GC(29) ReferenceProcessor::execute queues: 1, RefProcThreadModel::Single, marks_oops_alive: false
[1097.281s][debug][gc,ref         ] GC(29) Skipped phase 3 of Reference Processing: no references
[1097.281s][debug][gc,ref         ] GC(29) Skipped phase 4 of Reference Processing: no references
[1097.281s][debug][gc,phases      ] GC(29) Reference Processing 0.107ms
[1097.281s][debug][gc,phases      ] GC(29)   VM Weak                        Min:  0.0, Avg:  0.0, Max:  0.0, Diff:  0.0, Sum:  0.0, Workers: 4
[1097.281s][debug][gc,phases      ] GC(29)     Dead                           Min: 0, Avg:  0.0, Max: 0, Diff: 0, Sum: 0, Workers: 4
[1097.281s][debug][gc,phases      ] GC(29)     Total                          Min: 0, Avg: 150.8, Max: 320, Diff: 320, Sum: 603, Workers: 4
[1097.281s][debug][gc,phases      ] GC(29)   ObjectSynchronizer Weak        Min:  0.0, Avg:  0.0, Max:  0.0, Diff:  0.0, Sum:  0.0, Workers: 4
[1097.281s][debug][gc,phases      ] GC(29)     Dead                           Min: 0, Avg:  0.0, Max: 0, Diff: 0, Sum: 0, Workers: 4
[1097.281s][debug][gc,phases      ] GC(29)     Total                          Min: 0, Avg: 13.8, Max: 55, Diff: 55, Sum: 55, Workers: 4
[1097.281s][debug][gc,phases      ] GC(29)   JVMTI Tag Weak OopStorage      Min:  0.0, Avg:  0.0, Max:  0.0, Diff:  0.0, Sum:  0.0, Workers: 4
[1097.281s][debug][gc,phases      ] GC(29)     Dead                           Min: 0, Avg:  0.0, Max: 0, Diff: 0, Sum: 0, Workers: 4
[1097.281s][debug][gc,phases      ] GC(29)     Total                          Min: 0, Avg:  0.0, Max: 0, Diff: 0, Sum: 0, Workers: 4
[1097.281s][debug][gc,phases      ] GC(29)   StringTable Weak               Min:  0.1, Avg:  0.1, Max:  0.1, Diff:  0.0, Sum:  0.4, Workers: 4
[1097.281s][debug][gc,phases      ] GC(29)     Dead                           Min: 0, Avg:  0.0, Max: 0, Diff: 0, Sum: 0, Workers: 4
[1097.281s][debug][gc,phases      ] GC(29)     Total                          Min: 11008, Avg: 11897.8, Max: 13696, Diff: 2688, Sum: 47591, Workers: 4
[1097.281s][debug][gc,phases      ] GC(29)   ResolvedMethodTable Weak       Min:  0.0, Avg:  0.0, Max:  0.0, Diff:  0.0, Sum:  0.1, Workers: 4
[1097.281s][debug][gc,phases      ] GC(29)     Dead                           Min: 0, Avg:  0.0, Max: 0, Diff: 0, Sum: 0, Workers: 4
[1097.281s][debug][gc,phases      ] GC(29)     Total                          Min: 1728, Avg: 1906.0, Max: 2048, Diff: 320, Sum: 7624, Workers: 4
[1097.281s][debug][gc,phases      ] GC(29)   JNI Weak                       Min:  0.0, Avg:  0.0, Max:  0.0, Diff:  0.0, Sum:  0.0, Workers: 4
[1097.281s][debug][gc,phases      ] GC(29)     Dead                           Min: 0, Avg:  0.0, Max: 0, Diff: 0, Sum: 0, Workers: 4
[1097.281s][debug][gc,phases      ] GC(29)     Total                          Min: 0, Avg:  0.0, Max: 0, Diff: 0, Sum: 0, Workers: 4
[1097.281s][debug][gc,phases      ] GC(29)   StringDedup Table Weak         Min:  0.0, Avg:  0.0, Max:  0.0, Diff:  0.0, Sum:  0.0, Workers: 4
[1097.281s][debug][gc,phases      ] GC(29)     Dead                           Min: 0, Avg:  0.0, Max: 0, Diff: 0, Sum: 0, Workers: 4
[1097.281s][debug][gc,phases      ] GC(29)     Total                          Min: 0, Avg:  0.0, Max: 0, Diff: 0, Sum: 0, Workers: 4
[1097.281s][debug][gc,phases      ] GC(29)   StringDedup Requests0 Weak     Min:  0.0, Avg:  0.0, Max:  0.0, Diff:  0.0, Sum:  0.0, Workers: 4
[1097.281s][debug][gc,phases      ] GC(29)     Dead                           Min: 0, Avg:  0.0, Max: 0, Diff: 0, Sum: 0, Workers: 4
[1097.281s][debug][gc,phases      ] GC(29)     Total                          Min: 0, Avg:  0.0, Max: 0, Diff: 0, Sum: 0, Workers: 4
[1097.281s][debug][gc,phases      ] GC(29)   StringDedup Requests1 Weak     Min:  0.0, Avg:  0.0, Max:  0.0, Diff:  0.0, Sum:  0.0, Workers: 4
[1097.281s][debug][gc,phases      ] GC(29)     Dead                           Min: 0, Avg:  0.0, Max: 0, Diff: 0, Sum: 0, Workers: 4
[1097.281s][debug][gc,phases      ] GC(29)     Total                          Min: 0, Avg:  0.0, Max: 0, Diff: 0, Sum: 0, Workers: 4
[1097.281s][debug][gc,phases      ] GC(29)   Weak JFR Old Object Samples    Min:  0.0, Avg:  0.0, Max:  0.0, Diff:  0.0, Sum:  0.0, Workers: 4
[1097.281s][debug][gc,phases      ] GC(29)     Dead                           Min: 0, Avg:  0.0, Max: 0, Diff: 0, Sum: 0, Workers: 4
[1097.281s][debug][gc,phases      ] GC(29)     Total                          Min: 0, Avg:  0.0, Max: 0, Diff: 0, Sum: 0, Workers: 4
[1097.281s][debug][gc,phases      ] GC(29) Weak Processing 0.304ms
[1097.281s][debug][gc,age         ] GC(29) Desired survivor size 336592896 bytes, new threshold 15 (max threshold 15)
[1097.281s][info ][gc,heap        ] GC(29) PSYoungGen: 1431168K(1764352K)->128K(1763840K) Eden: 1431040K(1431040K)->0K(1431040K) From: 128K(333312K)->128K(332800K)
[1097.281s][info ][gc,heap        ] GC(29) ParOldGen: 212682K(277504K)->212698K(277504K)
[1097.281s][info ][gc,metaspace   ] GC(29) Metaspace: 71521K(72384K)->71521K(72384K) NonClass: 61163K(61632K)->61163K(61632K) Class: 10358K(10752K)->10358K(10752K)
[1097.281s][info ][gc             ] GC(29) Pause Young (Allocation Failure) 1605M->207M(1993M) 1.765ms
[1097.281s][info ][gc,cpu         ] GC(29) User=0.01s Sys=0.00s Real=0.00s
[1097.281s][info ][safepoint      ] Safepoint "ParallelGCFailedAllocation", Time since last: 7195353442 ns, Reaching safepoint: 46201 ns, At safepoint: 1826452 ns, Total: 1872653 ns
[1152.285s][info ][safepoint      ] Safepoint "Cleanup", Time since last: 55003475396 ns, Reaching safepoint: 41101 ns, At safepoint: 6400 ns, Total: 47501 ns
[1152.529s][info ][gc,start       ] GC(30) Pause Young (Allocation Failure)
[1152.530s][debug][gc,phases      ] GC(30) Scavenge 1.174ms
[1152.530s][debug][gc,ref         ] GC(30) Skipped phase 1 of Reference Processing: no references
[1152.530s][debug][gc,ref         ] GC(30) ReferenceProcessor::execute queues: 1, RefProcThreadModel::Single, marks_oops_alive: false
[1152.530s][debug][gc,ref         ] GC(30) Skipped phase 3 of Reference Processing: no references
[1152.530s][debug][gc,ref         ] GC(30) Skipped phase 4 of Reference Processing: no references
[1152.530s][debug][gc,phases      ] GC(30) Reference Processing 0.102ms
[1152.531s][debug][gc,phases      ] GC(30)   VM Weak                        Min:  0.0, Avg:  0.0, Max:  0.0, Diff:  0.0, Sum:  0.0, Workers: 4
[1152.531s][debug][gc,phases      ] GC(30)     Dead                           Min: 0, Avg:  0.0, Max: 0, Diff: 0, Sum: 0, Workers: 4
[1152.531s][debug][gc,phases      ] GC(30)     Total                          Min: 0, Avg: 150.8, Max: 576, Diff: 576, Sum: 603, Workers: 4
[1152.531s][debug][gc,phases      ] GC(30)   ObjectSynchronizer Weak        Min:  0.0, Avg:  0.0, Max:  0.0, Diff:  0.0, Sum:  0.0, Workers: 4
[1152.531s][debug][gc,phases      ] GC(30)     Dead                           Min: 0, Avg:  0.0, Max: 0, Diff: 0, Sum: 0, Workers: 4
[1152.531s][debug][gc,phases      ] GC(30)     Total                          Min: 0, Avg: 13.8, Max: 55, Diff: 55, Sum: 55, Workers: 4
[1152.531s][debug][gc,phases      ] GC(30)   JVMTI Tag Weak OopStorage      Min:  0.0, Avg:  0.0, Max:  0.0, Diff:  0.0, Sum:  0.0, Workers: 4
[1152.531s][debug][gc,phases      ] GC(30)     Dead                           Min: 0, Avg:  0.0, Max: 0, Diff: 0, Sum: 0, Workers: 4
[1152.531s][debug][gc,phases      ] GC(30)     Total                          Min: 0, Avg:  0.0, Max: 0, Diff: 0, Sum: 0, Workers: 4
[1152.531s][debug][gc,phases      ] GC(30)   StringTable Weak               Min:  0.1, Avg:  0.1, Max:  0.1, Diff:  0.0, Sum:  0.4, Workers: 4
[1152.531s][debug][gc,phases      ] GC(30)     Dead                           Min: 0, Avg:  0.0, Max: 0, Diff: 0, Sum: 0, Workers: 4
[1152.531s][debug][gc,phases      ] GC(30)     Total                          Min: 10215, Avg: 11897.8, Max: 13376, Diff: 3161, Sum: 47591, Workers: 4
[1152.531s][debug][gc,phases      ] GC(30)   ResolvedMethodTable Weak       Min:  0.0, Avg:  0.0, Max:  0.0, Diff:  0.0, Sum:  0.1, Workers: 4
[1152.531s][debug][gc,phases      ] GC(30)     Dead                           Min: 0, Avg:  0.0, Max: 0, Diff: 0, Sum: 0, Workers: 4
[1152.531s][debug][gc,phases      ] GC(30)     Total                          Min: 1800, Avg: 1906.0, Max: 1984, Diff: 184, Sum: 7624, Workers: 4
[1152.531s][debug][gc,phases      ] GC(30)   JNI Weak                       Min:  0.0, Avg:  0.0, Max:  0.0, Diff:  0.0, Sum:  0.0, Workers: 4
[1152.531s][debug][gc,phases      ] GC(30)     Dead                           Min: 0, Avg:  0.0, Max: 0, Diff: 0, Sum: 0, Workers: 4
[1152.531s][debug][gc,phases      ] GC(30)     Total                          Min: 0, Avg:  0.0, Max: 0, Diff: 0, Sum: 0, Workers: 4
[1152.531s][debug][gc,phases      ] GC(30)   StringDedup Table Weak         Min:  0.0, Avg:  0.0, Max:  0.0, Diff:  0.0, Sum:  0.0, Workers: 4
[1152.531s][debug][gc,phases      ] GC(30)     Dead                           Min: 0, Avg:  0.0, Max: 0, Diff: 0, Sum: 0, Workers: 4
[1152.531s][debug][gc,phases      ] GC(30)     Total                          Min: 0, Avg:  0.0, Max: 0, Diff: 0, Sum: 0, Workers: 4
[1152.531s][debug][gc,phases      ] GC(30)   StringDedup Requests0 Weak     Min:  0.0, Avg:  0.0, Max:  0.0, Diff:  0.0, Sum:  0.0, Workers: 4
[1152.531s][debug][gc,phases      ] GC(30)     Dead                           Min: 0, Avg:  0.0, Max: 0, Diff: 0, Sum: 0, Workers: 4
[1152.531s][debug][gc,phases      ] GC(30)     Total                          Min: 0, Avg:  0.0, Max: 0, Diff: 0, Sum: 0, Workers: 4
[1152.531s][debug][gc,phases      ] GC(30)   StringDedup Requests1 Weak     Min:  0.0, Avg:  0.0, Max:  0.0, Diff:  0.0, Sum:  0.0, Workers: 4
[1152.531s][debug][gc,phases      ] GC(30)     Dead                           Min: 0, Avg:  0.0, Max: 0, Diff: 0, Sum: 0, Workers: 4
[1152.531s][debug][gc,phases      ] GC(30)     Total                          Min: 0, Avg:  0.0, Max: 0, Diff: 0, Sum: 0, Workers: 4
[1152.531s][debug][gc,phases      ] GC(30)   Weak JFR Old Object Samples    Min:  0.0, Avg:  0.0, Max:  0.0, Diff:  0.0, Sum:  0.0, Workers: 4
[1152.531s][debug][gc,phases      ] GC(30)     Dead                           Min: 0, Avg:  0.0, Max: 0, Diff: 0, Sum: 0, Workers: 4
[1152.531s][debug][gc,phases      ] GC(30)     Total                          Min: 0, Avg:  0.0, Max: 0, Diff: 0, Sum: 0, Workers: 4
[1152.531s][debug][gc,phases      ] GC(30) Weak Processing 0.328ms
[1152.531s][debug][gc,age         ] GC(30) Desired survivor size 329777152 bytes, new threshold 15 (max threshold 15)
[1152.531s][info ][gc,heap        ] GC(30) PSYoungGen: 1431168K(1763840K)->128K(1775104K) Eden: 1431040K(1431040K)->0K(1446400K) From: 128K(332800K)->128K(328704K)
[1152.531s][info ][gc,heap        ] GC(30) ParOldGen: 212698K(277504K)->212714K(277504K)
[1152.531s][info ][gc,metaspace   ] GC(30) Metaspace: 71522K(72384K)->71522K(72384K) NonClass: 61163K(61632K)->61163K(61632K) Class: 10358K(10752K)->10358K(10752K)
[1152.531s][info ][gc             ] GC(30) Pause Young (Allocation Failure) 1605M->207M(2004M) 1.727ms
[1152.531s][info ][gc,cpu         ] GC(30) User=0.00s Sys=0.00s Real=0.00s
[1152.531s][info ][safepoint      ] Safepoint "ParallelGCFailedAllocation", Time since last: 244450277 ns, Reaching safepoint: 37402 ns, At safepoint: 1784750 ns, Total: 1822152 ns
[1153.531s][info ][safepoint      ] Safepoint "Cleanup", Time since last: 1000079946 ns, Reaching safepoint: 85103 ns, At safepoint: 7300 ns, Total: 92403 ns
[1196.534s][info ][safepoint      ] Safepoint "Cleanup", Time since last: 43002856828 ns, Reaching safepoint: 52402 ns, At safepoint: 9600 ns, Total: 62002 ns
[1208.379s][info ][gc,start       ] GC(31) Pause Young (Allocation Failure)
[1208.380s][debug][gc,phases      ] GC(31) Scavenge 1.173ms
[1208.380s][debug][gc,ref         ] GC(31) Skipped phase 1 of Reference Processing: no references
[1208.380s][debug][gc,ref         ] GC(31) Skipped phase 2 of Reference Processing: no references
[1208.380s][debug][gc,ref         ] GC(31) Skipped phase 3 of Reference Processing: no references
[1208.380s][debug][gc,ref         ] GC(31) Skipped phase 4 of Reference Processing: no references
[1208.380s][debug][gc,phases      ] GC(31) Reference Processing 0.023ms
[1208.380s][debug][gc,phases      ] GC(31)   VM Weak                        Min:  0.0, Avg:  0.0, Max:  0.0, Diff:  0.0, Sum:  0.0, Workers: 4
[1208.380s][debug][gc,phases      ] GC(31)     Dead                           Min: 0, Avg:  0.0, Max: 0, Diff: 0, Sum: 0, Workers: 4
[1208.380s][debug][gc,phases      ] GC(31)     Total                          Min: 0, Avg: 150.8, Max: 603, Diff: 603, Sum: 603, Workers: 4
[1208.380s][debug][gc,phases      ] GC(31)   ObjectSynchronizer Weak        Min:  0.0, Avg:  0.0, Max:  0.0, Diff:  0.0, Sum:  0.0, Workers: 4
[1208.380s][debug][gc,phases      ] GC(31)     Dead                           Min: 0, Avg:  0.0, Max: 0, Diff: 0, Sum: 0, Workers: 4
[1208.380s][debug][gc,phases      ] GC(31)     Total                          Min: 0, Avg: 13.8, Max: 55, Diff: 55, Sum: 55, Workers: 4
[1208.380s][debug][gc,phases      ] GC(31)   JVMTI Tag Weak OopStorage      Min:  0.0, Avg:  0.0, Max:  0.0, Diff:  0.0, Sum:  0.0, Workers: 4
[1208.380s][debug][gc,phases      ] GC(31)     Dead                           Min: 0, Avg:  0.0, Max: 0, Diff: 0, Sum: 0, Workers: 4
[1208.380s][debug][gc,phases      ] GC(31)     Total                          Min: 0, Avg:  0.0, Max: 0, Diff: 0, Sum: 0, Workers: 4
[1208.380s][debug][gc,phases      ] GC(31)   StringTable Weak               Min:  0.1, Avg:  0.1, Max:  0.1, Diff:  0.0, Sum:  0.4, Workers: 4
[1208.380s][debug][gc,phases      ] GC(31)     Dead                           Min: 0, Avg:  0.0, Max: 0, Diff: 0, Sum: 0, Workers: 4
[1208.380s][debug][gc,phases      ] GC(31)     Total                          Min: 10752, Avg: 11897.8, Max: 13568, Diff: 2816, Sum: 47591, Workers: 4
[1208.380s][debug][gc,phases      ] GC(31)   ResolvedMethodTable Weak       Min:  0.0, Avg:  0.0, Max:  0.0, Diff:  0.0, Sum:  0.1, Workers: 4
[1208.380s][debug][gc,phases      ] GC(31)     Dead                           Min: 0, Avg:  0.0, Max: 0, Diff: 0, Sum: 0, Workers: 4
[1208.380s][debug][gc,phases      ] GC(31)     Total                          Min: 1792, Avg: 1906.0, Max: 2056, Diff: 264, Sum: 7624, Workers: 4
[1208.380s][debug][gc,phases      ] GC(31)   JNI Weak                       Min:  0.0, Avg:  0.0, Max:  0.0, Diff:  0.0, Sum:  0.0, Workers: 4
[1208.380s][debug][gc,phases      ] GC(31)     Dead                           Min: 0, Avg:  0.0, Max: 0, Diff: 0, Sum: 0, Workers: 4
[1208.380s][debug][gc,phases      ] GC(31)     Total                          Min: 0, Avg:  0.0, Max: 0, Diff: 0, Sum: 0, Workers: 4
[1208.380s][debug][gc,phases      ] GC(31)   StringDedup Table Weak         Min:  0.0, Avg:  0.0, Max:  0.0, Diff:  0.0, Sum:  0.0, Workers: 4
[1208.380s][debug][gc,phases      ] GC(31)     Dead                           Min: 0, Avg:  0.0, Max: 0, Diff: 0, Sum: 0, Workers: 4
[1208.380s][debug][gc,phases      ] GC(31)     Total                          Min: 0, Avg:  0.0, Max: 0, Diff: 0, Sum: 0, Workers: 4
[1208.380s][debug][gc,phases      ] GC(31)   StringDedup Requests0 Weak     Min:  0.0, Avg:  0.0, Max:  0.0, Diff:  0.0, Sum:  0.0, Workers: 4
[1208.380s][debug][gc,phases      ] GC(31)     Dead                           Min: 0, Avg:  0.0, Max: 0, Diff: 0, Sum: 0, Workers: 4
[1208.380s][debug][gc,phases      ] GC(31)     Total                          Min: 0, Avg:  0.0, Max: 0, Diff: 0, Sum: 0, Workers: 4
[1208.380s][debug][gc,phases      ] GC(31)   StringDedup Requests1 Weak     Min:  0.0, Avg:  0.0, Max:  0.0, Diff:  0.0, Sum:  0.0, Workers: 4
[1208.380s][debug][gc,phases      ] GC(31)     Dead                           Min: 0, Avg:  0.0, Max: 0, Diff: 0, Sum: 0, Workers: 4
[1208.380s][debug][gc,phases      ] GC(31)     Total                          Min: 0, Avg:  0.0, Max: 0, Diff: 0, Sum: 0, Workers: 4
[1208.380s][debug][gc,phases      ] GC(31)   Weak JFR Old Object Samples    Min:  0.0, Avg:  0.0, Max:  0.0, Diff:  0.0, Sum:  0.0, Workers: 4
[1208.380s][debug][gc,phases      ] GC(31)     Dead                           Min: 0, Avg:  0.0, Max: 0, Diff: 0, Sum: 0, Workers: 4
[1208.380s][debug][gc,phases      ] GC(31)     Total                          Min: 0, Avg:  0.0, Max: 0, Diff: 0, Sum: 0, Workers: 4
[1208.380s][debug][gc,phases      ] GC(31) Weak Processing 0.307ms
[1208.380s][debug][gc,age         ] GC(31) Desired survivor size 320864256 bytes, new threshold 15 (max threshold 15)
[1208.380s][info ][gc,heap        ] GC(31) PSYoungGen: 1446528K(1775104K)->128K(1768448K) Eden: 1446400K(1446400K)->0K(1446400K) From: 128K(328704K)->128K(322048K)
[1208.380s][info ][gc,heap        ] GC(31) ParOldGen: 212714K(277504K)->212762K(277504K)
[1208.380s][info ][gc,metaspace   ] GC(31) Metaspace: 71522K(72384K)->71522K(72384K) NonClass: 61164K(61632K)->61164K(61632K) Class: 10358K(10752K)->10358K(10752K)
[1208.380s][info ][gc             ] GC(31) Pause Young (Allocation Failure) 1620M->207M(1998M) 1.599ms
[1208.380s][info ][gc,cpu         ] GC(31) User=0.00s Sys=0.00s Real=0.00s
[1208.380s][info ][safepoint      ] Safepoint "ParallelGCFailedAllocation", Time since last: 11844584355 ns, Reaching safepoint: 25600 ns, At safepoint: 1685148 ns, Total: 1710748 ns
[1211.380s][info ][safepoint      ] Safepoint "Cleanup", Time since last: 3000236987 ns, Reaching safepoint: 56101 ns, At safepoint: 4700 ns, Total: 60801 ns
[1216.381s][info ][safepoint      ] Safepoint "Cleanup", Time since last: 5000368515 ns, Reaching safepoint: 54902 ns, At safepoint: 10300 ns, Total: 65202 ns
[1264.030s][info ][gc,start       ] GC(32) Pause Young (Allocation Failure)
[1264.031s][debug][gc,phases      ] GC(32) Scavenge 1.005ms
[1264.031s][debug][gc,ref         ] GC(32) Skipped phase 1 of Reference Processing: no references
[1264.031s][debug][gc,ref         ] GC(32) Skipped phase 2 of Reference Processing: no references
[1264.031s][debug][gc,ref         ] GC(32) Skipped phase 3 of Reference Processing: no references
[1264.031s][debug][gc,ref         ] GC(32) Skipped phase 4 of Reference Processing: no references
[1264.031s][debug][gc,phases      ] GC(32) Reference Processing 0.023ms
[1264.031s][debug][gc,phases      ] GC(32)   VM Weak                        Min:  0.0, Avg:  0.0, Max:  0.0, Diff:  0.0, Sum:  0.0, Workers: 4
[1264.031s][debug][gc,phases      ] GC(32)     Dead                           Min: 0, Avg:  0.0, Max: 0, Diff: 0, Sum: 0, Workers: 4
[1264.031s][debug][gc,phases      ] GC(32)     Total                          Min: 0, Avg: 150.8, Max: 448, Diff: 448, Sum: 603, Workers: 4
[1264.031s][debug][gc,phases      ] GC(32)   ObjectSynchronizer Weak        Min:  0.0, Avg:  0.0, Max:  0.0, Diff:  0.0, Sum:  0.0, Workers: 4
[1264.031s][debug][gc,phases      ] GC(32)     Dead                           Min: 0, Avg:  0.0, Max: 0, Diff: 0, Sum: 0, Workers: 4
[1264.031s][debug][gc,phases      ] GC(32)     Total                          Min: 0, Avg: 13.8, Max: 55, Diff: 55, Sum: 55, Workers: 4
[1264.031s][debug][gc,phases      ] GC(32)   JVMTI Tag Weak OopStorage      Min:  0.0, Avg:  0.0, Max:  0.0, Diff:  0.0, Sum:  0.0, Workers: 4
[1264.031s][debug][gc,phases      ] GC(32)     Dead                           Min: 0, Avg:  0.0, Max: 0, Diff: 0, Sum: 0, Workers: 4
[1264.031s][debug][gc,phases      ] GC(32)     Total                          Min: 0, Avg:  0.0, Max: 0, Diff: 0, Sum: 0, Workers: 4
[1264.031s][debug][gc,phases      ] GC(32)   StringTable Weak               Min:  0.1, Avg:  0.1, Max:  0.1, Diff:  0.0, Sum:  0.4, Workers: 4
[1264.031s][debug][gc,phases      ] GC(32)     Dead                           Min: 0, Avg:  0.0, Max: 0, Diff: 0, Sum: 0, Workers: 4
[1264.031s][debug][gc,phases      ] GC(32)     Total                          Min: 10048, Avg: 11899.0, Max: 12844, Diff: 2796, Sum: 47596, Workers: 4
[1264.031s][debug][gc,phases      ] GC(32)   ResolvedMethodTable Weak       Min:  0.0, Avg:  0.0, Max:  0.0, Diff:  0.0, Sum:  0.1, Workers: 4
[1264.031s][debug][gc,phases      ] GC(32)     Dead                           Min: 0, Avg:  0.0, Max: 0, Diff: 0, Sum: 0, Workers: 4
[1264.031s][debug][gc,phases      ] GC(32)     Total                          Min: 1672, Avg: 1906.0, Max: 2176, Diff: 504, Sum: 7624, Workers: 4
[1264.031s][debug][gc,phases      ] GC(32)   JNI Weak                       Min:  0.0, Avg:  0.0, Max:  0.0, Diff:  0.0, Sum:  0.0, Workers: 4
[1264.031s][debug][gc,phases      ] GC(32)     Dead                           Min: 0, Avg:  0.0, Max: 0, Diff: 0, Sum: 0, Workers: 4
[1264.031s][debug][gc,phases      ] GC(32)     Total                          Min: 0, Avg:  0.0, Max: 0, Diff: 0, Sum: 0, Workers: 4
[1264.031s][debug][gc,phases      ] GC(32)   StringDedup Table Weak         Min:  0.0, Avg:  0.0, Max:  0.0, Diff:  0.0, Sum:  0.0, Workers: 4
[1264.031s][debug][gc,phases      ] GC(32)     Dead                           Min: 0, Avg:  0.0, Max: 0, Diff: 0, Sum: 0, Workers: 4
[1264.031s][debug][gc,phases      ] GC(32)     Total                          Min: 0, Avg:  0.0, Max: 0, Diff: 0, Sum: 0, Workers: 4
[1264.031s][debug][gc,phases      ] GC(32)   StringDedup Requests0 Weak     Min:  0.0, Avg:  0.0, Max:  0.0, Diff:  0.0, Sum:  0.0, Workers: 4
[1264.031s][debug][gc,phases      ] GC(32)     Dead                           Min: 0, Avg:  0.0, Max: 0, Diff: 0, Sum: 0, Workers: 4
[1264.031s][debug][gc,phases      ] GC(32)     Total                          Min: 0, Avg:  0.0, Max: 0, Diff: 0, Sum: 0, Workers: 4
[1264.031s][debug][gc,phases      ] GC(32)   StringDedup Requests1 Weak     Min:  0.0, Avg:  0.0, Max:  0.0, Diff:  0.0, Sum:  0.0, Workers: 4
[1264.031s][debug][gc,phases      ] GC(32)     Dead                           Min: 0, Avg:  0.0, Max: 0, Diff: 0, Sum: 0, Workers: 4
[1264.031s][debug][gc,phases      ] GC(32)     Total                          Min: 0, Avg:  0.0, Max: 0, Diff: 0, Sum: 0, Workers: 4
[1264.031s][debug][gc,phases      ] GC(32)   Weak JFR Old Object Samples    Min:  0.0, Avg:  0.0, Max:  0.0, Diff:  0.0, Sum:  0.0, Workers: 4
[1264.031s][debug][gc,phases      ] GC(32)     Dead                           Min: 0, Avg:  0.0, Max: 0, Diff: 0, Sum: 0, Workers: 4
[1264.031s][debug][gc,phases      ] GC(32)     Total                          Min: 0, Avg:  0.0, Max: 0, Diff: 0, Sum: 0, Workers: 4
[1264.031s][debug][gc,phases      ] GC(32) Weak Processing 0.314ms
[1264.031s][debug][gc,age         ] GC(32) Desired survivor size 310378496 bytes, new threshold 15 (max threshold 15)
[1264.031s][info ][gc,heap        ] GC(32) PSYoungGen: 1446528K(1768448K)->128K(1794048K) Eden: 1446400K(1446400K)->0K(1480704K) From: 128K(322048K)->128K(313344K)
[1264.031s][info ][gc,heap        ] GC(32) ParOldGen: 212762K(277504K)->212778K(277504K)
[1264.031s][info ][gc,metaspace   ] GC(32) Metaspace: 71525K(72384K)->71525K(72384K) NonClass: 61167K(61632K)->61167K(61632K) Class: 10358K(10752K)->10358K(10752K)
[1264.031s][info ][gc             ] GC(32) Pause Young (Allocation Failure) 1620M->207M(2023M) 1.431ms
[1264.031s][info ][gc,cpu         ] GC(32) User=0.00s Sys=0.00s Real=0.00s
[1264.031s][info ][safepoint      ] Safepoint "ParallelGCFailedAllocation", Time since last: 47648701818 ns, Reaching safepoint: 31601 ns, At safepoint: 1517843 ns, Total: 1549444 ns
[1275.032s][info ][safepoint      ] Safepoint "Cleanup", Time since last: 11000720247 ns, Reaching safepoint: 45501 ns, At safepoint: 5401 ns, Total: 50902 ns
[1321.179s][info ][gc,start       ] GC(33) Pause Young (Allocation Failure)
[1321.180s][debug][gc,phases      ] GC(33) Scavenge 0.999ms
[1321.180s][debug][gc,ref         ] GC(33) Skipped phase 1 of Reference Processing: no references
[1321.180s][debug][gc,ref         ] GC(33) Skipped phase 2 of Reference Processing: no references
[1321.180s][debug][gc,ref         ] GC(33) Skipped phase 3 of Reference Processing: no references
[1321.180s][debug][gc,ref         ] GC(33) Skipped phase 4 of Reference Processing: no references
[1321.180s][debug][gc,phases      ] GC(33) Reference Processing 0.023ms
[1321.181s][debug][gc,phases      ] GC(33)   VM Weak                        Min:  0.0, Avg:  0.0, Max:  0.0, Diff:  0.0, Sum:  0.0, Workers: 4
[1321.181s][debug][gc,phases      ] GC(33)     Dead                           Min: 0, Avg:  0.0, Max: 0, Diff: 0, Sum: 0, Workers: 4
[1321.181s][debug][gc,phases      ] GC(33)     Total                          Min: 0, Avg: 150.8, Max: 347, Diff: 347, Sum: 603, Workers: 4
[1321.181s][debug][gc,phases      ] GC(33)   ObjectSynchronizer Weak        Min:  0.0, Avg:  0.0, Max:  0.0, Diff:  0.0, Sum:  0.0, Workers: 4
[1321.181s][debug][gc,phases      ] GC(33)     Dead                           Min: 0, Avg:  0.0, Max: 0, Diff: 0, Sum: 0, Workers: 4
[1321.181s][debug][gc,phases      ] GC(33)     Total                          Min: 0, Avg: 13.8, Max: 55, Diff: 55, Sum: 55, Workers: 4
[1321.181s][debug][gc,phases      ] GC(33)   JVMTI Tag Weak OopStorage      Min:  0.0, Avg:  0.0, Max:  0.0, Diff:  0.0, Sum:  0.0, Workers: 4
[1321.181s][debug][gc,phases      ] GC(33)     Dead                           Min: 0, Avg:  0.0, Max: 0, Diff: 0, Sum: 0, Workers: 4
[1321.181s][debug][gc,phases      ] GC(33)     Total                          Min: 0, Avg:  0.0, Max: 0, Diff: 0, Sum: 0, Workers: 4
[1321.181s][debug][gc,phases      ] GC(33)   StringTable Weak               Min:  0.1, Avg:  0.1, Max:  0.1, Diff:  0.0, Sum:  0.4, Workers: 4
[1321.181s][debug][gc,phases      ] GC(33)     Dead                           Min: 0, Avg:  0.0, Max: 0, Diff: 0, Sum: 0, Workers: 4
[1321.181s][debug][gc,phases      ] GC(33)     Total                          Min: 10112, Avg: 11899.2, Max: 13056, Diff: 2944, Sum: 47597, Workers: 4
[1321.181s][debug][gc,phases      ] GC(33)   ResolvedMethodTable Weak       Min:  0.0, Avg:  0.0, Max:  0.0, Diff:  0.0, Sum:  0.1, Workers: 4
[1321.181s][debug][gc,phases      ] GC(33)     Dead                           Min: 0, Avg:  0.0, Max: 0, Diff: 0, Sum: 0, Workers: 4
[1321.181s][debug][gc,phases      ] GC(33)     Total                          Min: 1664, Avg: 1906.0, Max: 2048, Diff: 384, Sum: 7624, Workers: 4
[1321.181s][debug][gc,phases      ] GC(33)   JNI Weak                       Min:  0.0, Avg:  0.0, Max:  0.0, Diff:  0.0, Sum:  0.0, Workers: 4
[1321.181s][debug][gc,phases      ] GC(33)     Dead                           Min: 0, Avg:  0.0, Max: 0, Diff: 0, Sum: 0, Workers: 4
[1321.181s][debug][gc,phases      ] GC(33)     Total                          Min: 0, Avg:  0.0, Max: 0, Diff: 0, Sum: 0, Workers: 4
[1321.181s][debug][gc,phases      ] GC(33)   StringDedup Table Weak         Min:  0.0, Avg:  0.0, Max:  0.0, Diff:  0.0, Sum:  0.0, Workers: 4
[1321.181s][debug][gc,phases      ] GC(33)     Dead                           Min: 0, Avg:  0.0, Max: 0, Diff: 0, Sum: 0, Workers: 4
[1321.181s][debug][gc,phases      ] GC(33)     Total                          Min: 0, Avg:  0.0, Max: 0, Diff: 0, Sum: 0, Workers: 4
[1321.181s][debug][gc,phases      ] GC(33)   StringDedup Requests0 Weak     Min:  0.0, Avg:  0.0, Max:  0.0, Diff:  0.0, Sum:  0.0, Workers: 4
[1321.181s][debug][gc,phases      ] GC(33)     Dead                           Min: 0, Avg:  0.0, Max: 0, Diff: 0, Sum: 0, Workers: 4
[1321.181s][debug][gc,phases      ] GC(33)     Total                          Min: 0, Avg:  0.0, Max: 0, Diff: 0, Sum: 0, Workers: 4
[1321.181s][debug][gc,phases      ] GC(33)   StringDedup Requests1 Weak     Min:  0.0, Avg:  0.0, Max:  0.0, Diff:  0.0, Sum:  0.0, Workers: 4
[1321.181s][debug][gc,phases      ] GC(33)     Dead                           Min: 0, Avg:  0.0, Max: 0, Diff: 0, Sum: 0, Workers: 4
[1321.181s][debug][gc,phases      ] GC(33)     Total                          Min: 0, Avg:  0.0, Max: 0, Diff: 0, Sum: 0, Workers: 4
[1321.181s][debug][gc,phases      ] GC(33)   Weak JFR Old Object Samples    Min:  0.0, Avg:  0.0, Max:  0.0, Diff:  0.0, Sum:  0.0, Workers: 4
[1321.181s][debug][gc,phases      ] GC(33)     Dead                           Min: 0, Avg:  0.0, Max: 0, Diff: 0, Sum: 0, Workers: 4
[1321.181s][debug][gc,phases      ] GC(33)     Total                          Min: 0, Avg:  0.0, Max: 0, Diff: 0, Sum: 0, Workers: 4
[1321.181s][debug][gc,phases      ] GC(33) Weak Processing 0.312ms
[1321.181s][debug][gc,age         ] GC(33) Desired survivor size 299368448 bytes, new threshold 15 (max threshold 15)
[1321.181s][info ][gc,heap        ] GC(33) PSYoungGen: 1480832K(1794048K)->128K(1783808K) Eden: 1480704K(1480704K)->0K(1480704K) From: 128K(313344K)->128K(303104K)
[1321.181s][info ][gc,heap        ] GC(33) ParOldGen: 212778K(277504K)->212786K(277504K)
[1321.181s][info ][gc,metaspace   ] GC(33) Metaspace: 71525K(72384K)->71525K(72384K) NonClass: 61167K(61632K)->61167K(61632K) Class: 10358K(10752K)->10358K(10752K)
[1321.181s][info ][gc             ] GC(33) Pause Young (Allocation Failure) 1653M->207M(2013M) 1.441ms
[1321.181s][info ][gc,cpu         ] GC(33) User=0.00s Sys=0.00s Real=0.00s
[1321.181s][info ][safepoint      ] Safepoint "ParallelGCFailedAllocation", Time since last: 46147306875 ns, Reaching safepoint: 39601 ns, At safepoint: 1514244 ns, Total: 1553845 ns
[1326.181s][info ][safepoint      ] Safepoint "Cleanup", Time since last: 5000367448 ns, Reaching safepoint: 39201 ns, At safepoint: 2500 ns, Total: 41701 ns
[1378.378s][info ][gc,start       ] GC(34) Pause Young (Allocation Failure)
[1378.379s][debug][gc,phases      ] GC(34) Scavenge 1.018ms
[1378.379s][debug][gc,ref         ] GC(34) Skipped phase 1 of Reference Processing: no references
[1378.379s][debug][gc,ref         ] GC(34) Skipped phase 2 of Reference Processing: no references
[1378.379s][debug][gc,ref         ] GC(34) Skipped phase 3 of Reference Processing: no references
[1378.379s][debug][gc,ref         ] GC(34) Skipped phase 4 of Reference Processing: no references
[1378.379s][debug][gc,phases      ] GC(34) Reference Processing 0.023ms
[1378.379s][debug][gc,phases      ] GC(34)   VM Weak                        Min:  0.0, Avg:  0.0, Max:  0.0, Diff:  0.0, Sum:  0.0, Workers: 4
[1378.379s][debug][gc,phases      ] GC(34)     Dead                           Min: 0, Avg:  0.0, Max: 0, Diff: 0, Sum: 0, Workers: 4
[1378.379s][debug][gc,phases      ] GC(34)     Total                          Min: 0, Avg: 150.8, Max: 475, Diff: 475, Sum: 603, Workers: 4
[1378.379s][debug][gc,phases      ] GC(34)   ObjectSynchronizer Weak        Min:  0.0, Avg:  0.0, Max:  0.0, Diff:  0.0, Sum:  0.0, Workers: 4
[1378.379s][debug][gc,phases      ] GC(34)     Dead                           Min: 0, Avg:  0.0, Max: 0, Diff: 0, Sum: 0, Workers: 4
[1378.379s][debug][gc,phases      ] GC(34)     Total                          Min: 0, Avg: 13.8, Max: 55, Diff: 55, Sum: 55, Workers: 4
[1378.379s][debug][gc,phases      ] GC(34)   JVMTI Tag Weak OopStorage      Min:  0.0, Avg:  0.0, Max:  0.0, Diff:  0.0, Sum:  0.0, Workers: 4
[1378.379s][debug][gc,phases      ] GC(34)     Dead                           Min: 0, Avg:  0.0, Max: 0, Diff: 0, Sum: 0, Workers: 4
[1378.379s][debug][gc,phases      ] GC(34)     Total                          Min: 0, Avg:  0.0, Max: 0, Diff: 0, Sum: 0, Workers: 4
[1378.379s][debug][gc,phases      ] GC(34)   StringTable Weak               Min:  0.1, Avg:  0.1, Max:  0.1, Diff:  0.0, Sum:  0.4, Workers: 4
[1378.379s][debug][gc,phases      ] GC(34)     Dead                           Min: 0, Avg:  0.0, Max: 0, Diff: 0, Sum: 0, Workers: 4
[1378.379s][debug][gc,phases      ] GC(34)     Total                          Min: 10496, Avg: 11899.2, Max: 13248, Diff: 2752, Sum: 47597, Workers: 4
[1378.379s][debug][gc,phases      ] GC(34)   ResolvedMethodTable Weak       Min:  0.0, Avg:  0.0, Max:  0.0, Diff:  0.0, Sum:  0.1, Workers: 4
[1378.379s][debug][gc,phases      ] GC(34)     Dead                           Min: 0, Avg:  0.0, Max: 0, Diff: 0, Sum: 0, Workers: 4
[1378.379s][debug][gc,phases      ] GC(34)     Total                          Min: 1792, Avg: 1906.0, Max: 2048, Diff: 256, Sum: 7624, Workers: 4
[1378.379s][debug][gc,phases      ] GC(34)   JNI Weak                       Min:  0.0, Avg:  0.0, Max:  0.0, Diff:  0.0, Sum:  0.0, Workers: 4
[1378.379s][debug][gc,phases      ] GC(34)     Dead                           Min: 0, Avg:  0.0, Max: 0, Diff: 0, Sum: 0, Workers: 4
[1378.379s][debug][gc,phases      ] GC(34)     Total                          Min: 0, Avg:  0.0, Max: 0, Diff: 0, Sum: 0, Workers: 4
[1378.380s][debug][gc,phases      ] GC(34)   StringDedup Table Weak         Min:  0.0, Avg:  0.0, Max:  0.0, Diff:  0.0, Sum:  0.0, Workers: 4
[1378.380s][debug][gc,phases      ] GC(34)     Dead                           Min: 0, Avg:  0.0, Max: 0, Diff: 0, Sum: 0, Workers: 4
[1378.380s][debug][gc,phases      ] GC(34)     Total                          Min: 0, Avg:  0.0, Max: 0, Diff: 0, Sum: 0, Workers: 4
[1378.380s][debug][gc,phases      ] GC(34)   StringDedup Requests0 Weak     Min:  0.0, Avg:  0.0, Max:  0.0, Diff:  0.0, Sum:  0.0, Workers: 4
[1378.380s][debug][gc,phases      ] GC(34)     Dead                           Min: 0, Avg:  0.0, Max: 0, Diff: 0, Sum: 0, Workers: 4
[1378.380s][debug][gc,phases      ] GC(34)     Total                          Min: 0, Avg:  0.0, Max: 0, Diff: 0, Sum: 0, Workers: 4
[1378.380s][debug][gc,phases      ] GC(34)   StringDedup Requests1 Weak     Min:  0.0, Avg:  0.0, Max:  0.0, Diff:  0.0, Sum:  0.0, Workers: 4
[1378.380s][debug][gc,phases      ] GC(34)     Dead                           Min: 0, Avg:  0.0, Max: 0, Diff: 0, Sum: 0, Workers: 4
[1378.380s][debug][gc,phases      ] GC(34)     Total                          Min: 0, Avg:  0.0, Max: 0, Diff: 0, Sum: 0, Workers: 4
[1378.380s][debug][gc,phases      ] GC(34)   Weak JFR Old Object Samples    Min:  0.0, Avg:  0.0, Max:  0.0, Diff:  0.0, Sum:  0.0, Workers: 4
[1378.380s][debug][gc,phases      ] GC(34)     Dead                           Min: 0, Avg:  0.0, Max: 0, Diff: 0, Sum: 0, Workers: 4
[1378.380s][debug][gc,phases      ] GC(34)     Total                          Min: 0, Avg:  0.0, Max: 0, Diff: 0, Sum: 0, Workers: 4
[1378.380s][debug][gc,phases      ] GC(34) Weak Processing 0.312ms
[1378.380s][debug][gc,age         ] GC(34) Desired survivor size 286785536 bytes, new threshold 15 (max threshold 15)
[1378.380s][info ][gc,heap        ] GC(34) PSYoungGen: 1480832K(1783808K)->128K(1817088K) Eden: 1480704K(1480704K)->0K(1524736K) From: 128K(303104K)->128K(292352K)
[1378.380s][info ][gc,heap        ] GC(34) ParOldGen: 212786K(277504K)->212802K(277504K)
[1378.380s][info ][gc,metaspace   ] GC(34) Metaspace: 71525K(72384K)->71525K(72384K) NonClass: 61167K(61632K)->61167K(61632K) Class: 10358K(10752K)->10358K(10752K)
[1378.380s][info ][gc             ] GC(34) Pause Young (Allocation Failure) 1653M->207M(2045M) 1.444ms
[1378.380s][info ][gc,cpu         ] GC(34) User=0.00s Sys=0.00s Real=0.00s
[1378.380s][info ][safepoint      ] Safepoint "ParallelGCFailedAllocation", Time since last: 52196860199 ns, Reaching safepoint: 45601 ns, At safepoint: 1537044 ns, Total: 1582645 ns
[1437.228s][info ][gc,start       ] GC(35) Pause Young (Allocation Failure)
[1437.229s][debug][gc,phases      ] GC(35) Scavenge 0.978ms
[1437.229s][debug][gc,ref         ] GC(35) Skipped phase 1 of Reference Processing: no references
[1437.229s][debug][gc,ref         ] GC(35) Skipped phase 2 of Reference Processing: no references
[1437.229s][debug][gc,ref         ] GC(35) Skipped phase 3 of Reference Processing: no references
[1437.229s][debug][gc,ref         ] GC(35) Skipped phase 4 of Reference Processing: no references
[1437.229s][debug][gc,phases      ] GC(35) Reference Processing 0.021ms
[1437.230s][debug][gc,phases      ] GC(35)   VM Weak                        Min:  0.0, Avg:  0.0, Max:  0.0, Diff:  0.0, Sum:  0.0, Workers: 4
[1437.230s][debug][gc,phases      ] GC(35)     Dead                           Min: 0, Avg:  0.0, Max: 0, Diff: 0, Sum: 0, Workers: 4
[1437.230s][debug][gc,phases      ] GC(35)     Total                          Min: 0, Avg: 150.8, Max: 603, Diff: 603, Sum: 603, Workers: 4
[1437.230s][debug][gc,phases      ] GC(35)   ObjectSynchronizer Weak        Min:  0.0, Avg:  0.0, Max:  0.0, Diff:  0.0, Sum:  0.0, Workers: 4
[1437.230s][debug][gc,phases      ] GC(35)     Dead                           Min: 0, Avg:  0.0, Max: 0, Diff: 0, Sum: 0, Workers: 4
[1437.230s][debug][gc,phases      ] GC(35)     Total                          Min: 0, Avg: 13.8, Max: 55, Diff: 55, Sum: 55, Workers: 4
[1437.230s][debug][gc,phases      ] GC(35)   JVMTI Tag Weak OopStorage      Min:  0.0, Avg:  0.0, Max:  0.0, Diff:  0.0, Sum:  0.0, Workers: 4
[1437.230s][debug][gc,phases      ] GC(35)     Dead                           Min: 0, Avg:  0.0, Max: 0, Diff: 0, Sum: 0, Workers: 4
[1437.230s][debug][gc,phases      ] GC(35)     Total                          Min: 0, Avg:  0.0, Max: 0, Diff: 0, Sum: 0, Workers: 4
[1437.230s][debug][gc,phases      ] GC(35)   StringTable Weak               Min:  0.1, Avg:  0.1, Max:  0.1, Diff:  0.0, Sum:  0.4, Workers: 4
[1437.230s][debug][gc,phases      ] GC(35)     Dead                           Min: 0, Avg:  0.0, Max: 0, Diff: 0, Sum: 0, Workers: 4
[1437.230s][debug][gc,phases      ] GC(35)     Total                          Min: 11072, Avg: 11900.2, Max: 12352, Diff: 1280, Sum: 47601, Workers: 4
[1437.230s][debug][gc,phases      ] GC(35)   ResolvedMethodTable Weak       Min:  0.0, Avg:  0.0, Max:  0.0, Diff:  0.0, Sum:  0.1, Workers: 4
[1437.230s][debug][gc,phases      ] GC(35)     Dead                           Min: 0, Avg:  0.0, Max: 0, Diff: 0, Sum: 0, Workers: 4
[1437.230s][debug][gc,phases      ] GC(35)     Total                          Min: 1792, Avg: 1906.0, Max: 2056, Diff: 264, Sum: 7624, Workers: 4
[1437.230s][debug][gc,phases      ] GC(35)   JNI Weak                       Min:  0.0, Avg:  0.0, Max:  0.0, Diff:  0.0, Sum:  0.0, Workers: 4
[1437.230s][debug][gc,phases      ] GC(35)     Dead                           Min: 0, Avg:  0.0, Max: 0, Diff: 0, Sum: 0, Workers: 4
[1437.230s][debug][gc,phases      ] GC(35)     Total                          Min: 0, Avg:  0.0, Max: 0, Diff: 0, Sum: 0, Workers: 4
[1437.230s][debug][gc,phases      ] GC(35)   StringDedup Table Weak         Min:  0.0, Avg:  0.0, Max:  0.0, Diff:  0.0, Sum:  0.0, Workers: 4
[1437.230s][debug][gc,phases      ] GC(35)     Dead                           Min: 0, Avg:  0.0, Max: 0, Diff: 0, Sum: 0, Workers: 4
[1437.230s][debug][gc,phases      ] GC(35)     Total                          Min: 0, Avg:  0.0, Max: 0, Diff: 0, Sum: 0, Workers: 4
[1437.230s][debug][gc,phases      ] GC(35)   StringDedup Requests0 Weak     Min:  0.0, Avg:  0.0, Max:  0.0, Diff:  0.0, Sum:  0.0, Workers: 4
[1437.230s][debug][gc,phases      ] GC(35)     Dead                           Min: 0, Avg:  0.0, Max: 0, Diff: 0, Sum: 0, Workers: 4
[1437.230s][debug][gc,phases      ] GC(35)     Total                          Min: 0, Avg:  0.0, Max: 0, Diff: 0, Sum: 0, Workers: 4
[1437.230s][debug][gc,phases      ] GC(35)   StringDedup Requests1 Weak     Min:  0.0, Avg:  0.0, Max:  0.0, Diff:  0.0, Sum:  0.0, Workers: 4
[1437.230s][debug][gc,phases      ] GC(35)     Dead                           Min: 0, Avg:  0.0, Max: 0, Diff: 0, Sum: 0, Workers: 4
[1437.230s][debug][gc,phases      ] GC(35)     Total                          Min: 0, Avg:  0.0, Max: 0, Diff: 0, Sum: 0, Workers: 4
[1437.230s][debug][gc,phases      ] GC(35)   Weak JFR Old Object Samples    Min:  0.0, Avg:  0.0, Max:  0.0, Diff:  0.0, Sum:  0.0, Workers: 4
[1437.230s][debug][gc,phases      ] GC(35)     Dead                           Min: 0, Avg:  0.0, Max: 0, Diff: 0, Sum: 0, Workers: 4
[1437.230s][debug][gc,phases      ] GC(35)     Total                          Min: 0, Avg:  0.0, Max: 0, Diff: 0, Sum: 0, Workers: 4
[1437.230s][debug][gc,phases      ] GC(35) Weak Processing 0.316ms
[1437.230s][debug][gc,age         ] GC(35) Desired survivor size 274202624 bytes, new threshold 15 (max threshold 15)
[1437.230s][info ][gc,heap        ] GC(35) PSYoungGen: 1524864K(1817088K)->128K(1804800K) Eden: 1524736K(1524736K)->0K(1524736K) From: 128K(292352K)->128K(280064K)
[1437.230s][info ][gc,heap        ] GC(35) ParOldGen: 212802K(277504K)->212810K(277504K)
[1437.230s][info ][gc,metaspace   ] GC(35) Metaspace: 71525K(72384K)->71525K(72384K) NonClass: 61167K(61632K)->61167K(61632K) Class: 10358K(10752K)->10358K(10752K)
[1437.230s][info ][gc             ] GC(35) Pause Young (Allocation Failure) 1696M->207M(2033M) 1.405ms
[1437.230s][info ][gc,cpu         ] GC(35) User=0.00s Sys=0.00s Real=0.00s
[1437.230s][info ][safepoint      ] Safepoint "ParallelGCFailedAllocation", Time since last: 58848655436 ns, Reaching safepoint: 39601 ns, At safepoint: 1490443 ns, Total: 1530044 ns
[1468.232s][info ][safepoint      ] Safepoint "Cleanup", Time since last: 31002017245 ns, Reaching safepoint: 50601 ns, At safepoint: 7700 ns, Total: 58301 ns
[1496.079s][info ][gc,start       ] GC(36) Pause Young (Allocation Failure)
[1496.080s][debug][gc,phases      ] GC(36) Scavenge 0.936ms
[1496.080s][debug][gc,ref         ] GC(36) Skipped phase 1 of Reference Processing: no references
[1496.080s][debug][gc,ref         ] GC(36) Skipped phase 2 of Reference Processing: no references
[1496.080s][debug][gc,ref         ] GC(36) Skipped phase 3 of Reference Processing: no references
[1496.080s][debug][gc,ref         ] GC(36) Skipped phase 4 of Reference Processing: no references
[1496.080s][debug][gc,phases      ] GC(36) Reference Processing 0.036ms
[1496.080s][debug][gc,phases      ] GC(36)   VM Weak                        Min:  0.0, Avg:  0.0, Max:  0.0, Diff:  0.0, Sum:  0.0, Workers: 4
[1496.080s][debug][gc,phases      ] GC(36)     Dead                           Min: 0, Avg:  0.0, Max: 0, Diff: 0, Sum: 0, Workers: 4
[1496.080s][debug][gc,phases      ] GC(36)     Total                          Min: 0, Avg: 150.8, Max: 411, Diff: 411, Sum: 603, Workers: 4
[1496.080s][debug][gc,phases      ] GC(36)   ObjectSynchronizer Weak        Min:  0.0, Avg:  0.0, Max:  0.0, Diff:  0.0, Sum:  0.0, Workers: 4
[1496.080s][debug][gc,phases      ] GC(36)     Dead                           Min: 0, Avg:  0.0, Max: 0, Diff: 0, Sum: 0, Workers: 4
[1496.080s][debug][gc,phases      ] GC(36)     Total                          Min: 0, Avg: 13.8, Max: 55, Diff: 55, Sum: 55, Workers: 4
[1496.080s][debug][gc,phases      ] GC(36)   JVMTI Tag Weak OopStorage      Min:  0.0, Avg:  0.0, Max:  0.0, Diff:  0.0, Sum:  0.0, Workers: 4
[1496.080s][debug][gc,phases      ] GC(36)     Dead                           Min: 0, Avg:  0.0, Max: 0, Diff: 0, Sum: 0, Workers: 4
[1496.080s][debug][gc,phases      ] GC(36)     Total                          Min: 0, Avg:  0.0, Max: 0, Diff: 0, Sum: 0, Workers: 4
[1496.080s][debug][gc,phases      ] GC(36)   StringTable Weak               Min:  0.1, Avg:  0.1, Max:  0.1, Diff:  0.0, Sum:  0.4, Workers: 4
[1496.080s][debug][gc,phases      ] GC(36)     Dead                           Min: 0, Avg:  0.0, Max: 0, Diff: 0, Sum: 0, Workers: 4
[1496.080s][debug][gc,phases      ] GC(36)     Total                          Min: 10432, Avg: 11900.2, Max: 12465, Diff: 2033, Sum: 47601, Workers: 4
[1496.080s][debug][gc,phases      ] GC(36)   ResolvedMethodTable Weak       Min:  0.0, Avg:  0.0, Max:  0.0, Diff:  0.0, Sum:  0.1, Workers: 4
[1496.080s][debug][gc,phases      ] GC(36)     Dead                           Min: 0, Avg:  0.0, Max: 0, Diff: 0, Sum: 0, Workers: 4
[1496.080s][debug][gc,phases      ] GC(36)     Total                          Min: 1800, Avg: 1906.0, Max: 1984, Diff: 184, Sum: 7624, Workers: 4
[1496.080s][debug][gc,phases      ] GC(36)   JNI Weak                       Min:  0.0, Avg:  0.0, Max:  0.0, Diff:  0.0, Sum:  0.0, Workers: 4
[1496.080s][debug][gc,phases      ] GC(36)     Dead                           Min: 0, Avg:  0.0, Max: 0, Diff: 0, Sum: 0, Workers: 4
[1496.080s][debug][gc,phases      ] GC(36)     Total                          Min: 0, Avg:  0.0, Max: 0, Diff: 0, Sum: 0, Workers: 4
[1496.080s][debug][gc,phases      ] GC(36)   StringDedup Table Weak         Min:  0.0, Avg:  0.0, Max:  0.0, Diff:  0.0, Sum:  0.0, Workers: 4
[1496.080s][debug][gc,phases      ] GC(36)     Dead                           Min: 0, Avg:  0.0, Max: 0, Diff: 0, Sum: 0, Workers: 4
[1496.080s][debug][gc,phases      ] GC(36)     Total                          Min: 0, Avg:  0.0, Max: 0, Diff: 0, Sum: 0, Workers: 4
[1496.080s][debug][gc,phases      ] GC(36)   StringDedup Requests0 Weak     Min:  0.0, Avg:  0.0, Max:  0.0, Diff:  0.0, Sum:  0.0, Workers: 4
[1496.080s][debug][gc,phases      ] GC(36)     Dead                           Min: 0, Avg:  0.0, Max: 0, Diff: 0, Sum: 0, Workers: 4
[1496.080s][debug][gc,phases      ] GC(36)     Total                          Min: 0, Avg:  0.0, Max: 0, Diff: 0, Sum: 0, Workers: 4
[1496.080s][debug][gc,phases      ] GC(36)   StringDedup Requests1 Weak     Min:  0.0, Avg:  0.0, Max:  0.0, Diff:  0.0, Sum:  0.0, Workers: 4
[1496.080s][debug][gc,phases      ] GC(36)     Dead                           Min: 0, Avg:  0.0, Max: 0, Diff: 0, Sum: 0, Workers: 4
[1496.080s][debug][gc,phases      ] GC(36)     Total                          Min: 0, Avg:  0.0, Max: 0, Diff: 0, Sum: 0, Workers: 4
[1496.080s][debug][gc,phases      ] GC(36)   Weak JFR Old Object Samples    Min:  0.0, Avg:  0.0, Max:  0.0, Diff:  0.0, Sum:  0.0, Workers: 4
[1496.080s][debug][gc,phases      ] GC(36)     Dead                           Min: 0, Avg:  0.0, Max: 0, Diff: 0, Sum: 0, Workers: 4
[1496.080s][debug][gc,phases      ] GC(36)     Total                          Min: 0, Avg:  0.0, Max: 0, Diff: 0, Sum: 0, Workers: 4
[1496.080s][debug][gc,phases      ] GC(36) Weak Processing 0.305ms
[1496.080s][debug][gc,age         ] GC(36) Desired survivor size 261095424 bytes, new threshold 15 (max threshold 15)
[1496.080s][info ][gc,heap        ] GC(36) PSYoungGen: 1524864K(1804800K)->128K(1842176K) Eden: 1524736K(1524736K)->0K(1574400K) From: 128K(280064K)->128K(267776K)
[1496.080s][info ][gc,heap        ] GC(36) ParOldGen: 212810K(277504K)->212826K(277504K)
[1496.080s][info ][gc,metaspace   ] GC(36) Metaspace: 71526K(72384K)->71526K(72384K) NonClass: 61168K(61632K)->61168K(61632K) Class: 10358K(10752K)->10358K(10752K)
[1496.080s][info ][gc             ] GC(36) Pause Young (Allocation Failure) 1696M->207M(2070M) 1.366ms
[1496.080s][info ][gc,cpu         ] GC(36) User=0.00s Sys=0.01s Real=0.00s
[1496.080s][info ][safepoint      ] Safepoint "ParallelGCFailedAllocation", Time since last: 27846587196 ns, Reaching safepoint: 25601 ns, At safepoint: 1448441 ns, Total: 1474042 ns
[1512.081s][info ][safepoint      ] Safepoint "Cleanup", Time since last: 16001090964 ns, Reaching safepoint: 129904 ns, At safepoint: 10100 ns, Total: 140004 ns
[1556.729s][info ][gc,start       ] GC(37) Pause Young (Allocation Failure)
[1556.730s][debug][gc,phases      ] GC(37) Scavenge 0.969ms
[1556.730s][debug][gc,ref         ] GC(37) Skipped phase 1 of Reference Processing: no references
[1556.730s][debug][gc,ref         ] GC(37) Skipped phase 2 of Reference Processing: no references
[1556.730s][debug][gc,ref         ] GC(37) Skipped phase 3 of Reference Processing: no references
[1556.730s][debug][gc,ref         ] GC(37) Skipped phase 4 of Reference Processing: no references
[1556.730s][debug][gc,phases      ] GC(37) Reference Processing 0.022ms
[1556.730s][debug][gc,phases      ] GC(37)   VM Weak                        Min:  0.0, Avg:  0.0, Max:  0.0, Diff:  0.0, Sum:  0.0, Workers: 4
[1556.730s][debug][gc,phases      ] GC(37)     Dead                           Min: 0, Avg:  0.0, Max: 0, Diff: 0, Sum: 0, Workers: 4
[1556.730s][debug][gc,phases      ] GC(37)     Total                          Min: 0, Avg: 150.8, Max: 411, Diff: 411, Sum: 603, Workers: 4
[1556.730s][debug][gc,phases      ] GC(37)   ObjectSynchronizer Weak        Min:  0.0, Avg:  0.0, Max:  0.0, Diff:  0.0, Sum:  0.0, Workers: 4
[1556.730s][debug][gc,phases      ] GC(37)     Dead                           Min: 0, Avg:  0.0, Max: 0, Diff: 0, Sum: 0, Workers: 4
[1556.730s][debug][gc,phases      ] GC(37)     Total                          Min: 0, Avg: 13.8, Max: 55, Diff: 55, Sum: 55, Workers: 4
[1556.730s][debug][gc,phases      ] GC(37)   JVMTI Tag Weak OopStorage      Min:  0.0, Avg:  0.0, Max:  0.0, Diff:  0.0, Sum:  0.0, Workers: 4
[1556.730s][debug][gc,phases      ] GC(37)     Dead                           Min: 0, Avg:  0.0, Max: 0, Diff: 0, Sum: 0, Workers: 4
[1556.730s][debug][gc,phases      ] GC(37)     Total                          Min: 0, Avg:  0.0, Max: 0, Diff: 0, Sum: 0, Workers: 4
[1556.730s][debug][gc,phases      ] GC(37)   StringTable Weak               Min:  0.1, Avg:  0.1, Max:  0.1, Diff:  0.0, Sum:  0.4, Workers: 4
[1556.730s][debug][gc,phases      ] GC(37)     Dead                           Min: 0, Avg:  0.0, Max: 0, Diff: 0, Sum: 0, Workers: 4
[1556.730s][debug][gc,phases      ] GC(37)     Total                          Min: 11704, Avg: 11902.0, Max: 12160, Diff: 456, Sum: 47608, Workers: 4
[1556.730s][debug][gc,phases      ] GC(37)   ResolvedMethodTable Weak       Min:  0.0, Avg:  0.0, Max:  0.0, Diff:  0.0, Sum:  0.1, Workers: 4
[1556.730s][debug][gc,phases      ] GC(37)     Dead                           Min: 0, Avg:  0.0, Max: 0, Diff: 0, Sum: 0, Workers: 4
[1556.730s][debug][gc,phases      ] GC(37)     Total                          Min: 1792, Avg: 1906.0, Max: 1984, Diff: 192, Sum: 7624, Workers: 4
[1556.730s][debug][gc,phases      ] GC(37)   JNI Weak                       Min:  0.0, Avg:  0.0, Max:  0.0, Diff:  0.0, Sum:  0.0, Workers: 4
[1556.730s][debug][gc,phases      ] GC(37)     Dead                           Min: 0, Avg:  0.0, Max: 0, Diff: 0, Sum: 0, Workers: 4
[1556.730s][debug][gc,phases      ] GC(37)     Total                          Min: 0, Avg:  0.0, Max: 0, Diff: 0, Sum: 0, Workers: 4
[1556.730s][debug][gc,phases      ] GC(37)   StringDedup Table Weak         Min:  0.0, Avg:  0.0, Max:  0.0, Diff:  0.0, Sum:  0.0, Workers: 4
[1556.730s][debug][gc,phases      ] GC(37)     Dead                           Min: 0, Avg:  0.0, Max: 0, Diff: 0, Sum: 0, Workers: 4
[1556.730s][debug][gc,phases      ] GC(37)     Total                          Min: 0, Avg:  0.0, Max: 0, Diff: 0, Sum: 0, Workers: 4
[1556.730s][debug][gc,phases      ] GC(37)   StringDedup Requests0 Weak     Min:  0.0, Avg:  0.0, Max:  0.0, Diff:  0.0, Sum:  0.0, Workers: 4
[1556.730s][debug][gc,phases      ] GC(37)     Dead                           Min: 0, Avg:  0.0, Max: 0, Diff: 0, Sum: 0, Workers: 4
[1556.730s][debug][gc,phases      ] GC(37)     Total                          Min: 0, Avg:  0.0, Max: 0, Diff: 0, Sum: 0, Workers: 4
[1556.730s][debug][gc,phases      ] GC(37)   StringDedup Requests1 Weak     Min:  0.0, Avg:  0.0, Max:  0.0, Diff:  0.0, Sum:  0.0, Workers: 4
[1556.730s][debug][gc,phases      ] GC(37)     Dead                           Min: 0, Avg:  0.0, Max: 0, Diff: 0, Sum: 0, Workers: 4
[1556.730s][debug][gc,phases      ] GC(37)     Total                          Min: 0, Avg:  0.0, Max: 0, Diff: 0, Sum: 0, Workers: 4
[1556.730s][debug][gc,phases      ] GC(37)   Weak JFR Old Object Samples    Min:  0.0, Avg:  0.0, Max:  0.0, Diff:  0.0, Sum:  0.0, Workers: 4
[1556.730s][debug][gc,phases      ] GC(37)     Dead                           Min: 0, Avg:  0.0, Max: 0, Diff: 0, Sum: 0, Workers: 4
[1556.730s][debug][gc,phases      ] GC(37)     Total                          Min: 0, Avg:  0.0, Max: 0, Diff: 0, Sum: 0, Workers: 4
[1556.730s][debug][gc,phases      ] GC(37) Weak Processing 0.316ms
[1556.730s][debug][gc,age         ] GC(37) Desired survivor size 247988224 bytes, new threshold 15 (max threshold 15)
[1556.730s][info ][gc,heap        ] GC(37) PSYoungGen: 1574528K(1842176K)->128K(1829376K) Eden: 1574400K(1574400K)->0K(1574400K) From: 128K(267776K)->128K(254976K)
[1556.730s][info ][gc,heap        ] GC(37) ParOldGen: 212826K(277504K)->212834K(277504K)
[1556.730s][info ][gc,metaspace   ] GC(37) Metaspace: 71532K(72384K)->71532K(72384K) NonClass: 61173K(61632K)->61173K(61632K) Class: 10358K(10752K)->10358K(10752K)
[1556.730s][info ][gc             ] GC(37) Pause Young (Allocation Failure) 1745M->207M(2057M) 1.403ms
[1556.730s][info ][gc,cpu         ] GC(37) User=0.01s Sys=0.00s Real=0.00s
[1556.730s][info ][safepoint      ] Safepoint "ParallelGCFailedAllocation", Time since last: 44647701953 ns, Reaching safepoint: 46402 ns, At safepoint: 1469442 ns, Total: 1515844 ns
[1586.732s][info ][safepoint      ] Safepoint "Cleanup", Time since last: 30001979272 ns, Reaching safepoint: 43801 ns, At safepoint: 5600 ns, Total: 49401 ns
[1617.528s][info ][gc,start       ] GC(38) Pause Young (Allocation Failure)
[1617.529s][debug][gc,phases      ] GC(38) Scavenge 1.010ms
[1617.529s][debug][gc,ref         ] GC(38) Skipped phase 1 of Reference Processing: no references
[1617.529s][debug][gc,ref         ] GC(38) Skipped phase 2 of Reference Processing: no references
[1617.529s][debug][gc,ref         ] GC(38) Skipped phase 3 of Reference Processing: no references
[1617.529s][debug][gc,ref         ] GC(38) Skipped phase 4 of Reference Processing: no references
[1617.529s][debug][gc,phases      ] GC(38) Reference Processing 0.025ms
[1617.529s][debug][gc,phases      ] GC(38)   VM Weak                        Min:  0.0, Avg:  0.0, Max:  0.0, Diff:  0.0, Sum:  0.0, Workers: 4
[1617.529s][debug][gc,phases      ] GC(38)     Dead                           Min: 0, Avg:  0.0, Max: 0, Diff: 0, Sum: 0, Workers: 4
[1617.529s][debug][gc,phases      ] GC(38)     Total                          Min: 0, Avg: 150.8, Max: 384, Diff: 384, Sum: 603, Workers: 4
[1617.529s][debug][gc,phases      ] GC(38)   ObjectSynchronizer Weak        Min:  0.0, Avg:  0.0, Max:  0.0, Diff:  0.0, Sum:  0.0, Workers: 4
[1617.529s][debug][gc,phases      ] GC(38)     Dead                           Min: 0, Avg:  0.0, Max: 0, Diff: 0, Sum: 0, Workers: 4
[1617.529s][debug][gc,phases      ] GC(38)     Total                          Min: 0, Avg: 13.8, Max: 55, Diff: 55, Sum: 55, Workers: 4
[1617.529s][debug][gc,phases      ] GC(38)   JVMTI Tag Weak OopStorage      Min:  0.0, Avg:  0.0, Max:  0.0, Diff:  0.0, Sum:  0.0, Workers: 4
[1617.529s][debug][gc,phases      ] GC(38)     Dead                           Min: 0, Avg:  0.0, Max: 0, Diff: 0, Sum: 0, Workers: 4
[1617.529s][debug][gc,phases      ] GC(38)     Total                          Min: 0, Avg:  0.0, Max: 0, Diff: 0, Sum: 0, Workers: 4
[1617.529s][debug][gc,phases      ] GC(38)   StringTable Weak               Min:  0.1, Avg:  0.1, Max:  0.1, Diff:  0.0, Sum:  0.4, Workers: 4
[1617.529s][debug][gc,phases      ] GC(38)     Dead                           Min: 0, Avg:  0.0, Max: 0, Diff: 0, Sum: 0, Workers: 4
[1617.529s][debug][gc,phases      ] GC(38)     Total                          Min: 10237, Avg: 11903.2, Max: 13952, Diff: 3715, Sum: 47613, Workers: 4
[1617.529s][debug][gc,phases      ] GC(38)   ResolvedMethodTable Weak       Min:  0.0, Avg:  0.0, Max:  0.0, Diff:  0.0, Sum:  0.1, Workers: 4
[1617.529s][debug][gc,phases      ] GC(38)     Dead                           Min: 0, Avg:  0.0, Max: 0, Diff: 0, Sum: 0, Workers: 4
[1617.529s][debug][gc,phases      ] GC(38)     Total                          Min: 1728, Avg: 1906.0, Max: 2176, Diff: 448, Sum: 7624, Workers: 4
[1617.529s][debug][gc,phases      ] GC(38)   JNI Weak                       Min:  0.0, Avg:  0.0, Max:  0.0, Diff:  0.0, Sum:  0.0, Workers: 4
[1617.529s][debug][gc,phases      ] GC(38)     Dead                           Min: 0, Avg:  0.0, Max: 0, Diff: 0, Sum: 0, Workers: 4
[1617.529s][debug][gc,phases      ] GC(38)     Total                          Min: 0, Avg:  0.0, Max: 0, Diff: 0, Sum: 0, Workers: 4
[1617.529s][debug][gc,phases      ] GC(38)   StringDedup Table Weak         Min:  0.0, Avg:  0.0, Max:  0.0, Diff:  0.0, Sum:  0.0, Workers: 4
[1617.529s][debug][gc,phases      ] GC(38)     Dead                           Min: 0, Avg:  0.0, Max: 0, Diff: 0, Sum: 0, Workers: 4
[1617.529s][debug][gc,phases      ] GC(38)     Total                          Min: 0, Avg:  0.0, Max: 0, Diff: 0, Sum: 0, Workers: 4
[1617.529s][debug][gc,phases      ] GC(38)   StringDedup Requests0 Weak     Min:  0.0, Avg:  0.0, Max:  0.0, Diff:  0.0, Sum:  0.0, Workers: 4
[1617.529s][debug][gc,phases      ] GC(38)     Dead                           Min: 0, Avg:  0.0, Max: 0, Diff: 0, Sum: 0, Workers: 4
[1617.529s][debug][gc,phases      ] GC(38)     Total                          Min: 0, Avg:  0.0, Max: 0, Diff: 0, Sum: 0, Workers: 4
[1617.529s][debug][gc,phases      ] GC(38)   StringDedup Requests1 Weak     Min:  0.0, Avg:  0.0, Max:  0.0, Diff:  0.0, Sum:  0.0, Workers: 4
[1617.529s][debug][gc,phases      ] GC(38)     Dead                           Min: 0, Avg:  0.0, Max: 0, Diff: 0, Sum: 0, Workers: 4
[1617.529s][debug][gc,phases      ] GC(38)     Total                          Min: 0, Avg:  0.0, Max: 0, Diff: 0, Sum: 0, Workers: 4
[1617.529s][debug][gc,phases      ] GC(38)   Weak JFR Old Object Samples    Min:  0.0, Avg:  0.0, Max:  0.0, Diff:  0.0, Sum:  0.0, Workers: 4
[1617.529s][debug][gc,phases      ] GC(38)     Dead                           Min: 0, Avg:  0.0, Max: 0, Diff: 0, Sum: 0, Workers: 4
[1617.529s][debug][gc,phases      ] GC(38)     Total                          Min: 0, Avg:  0.0, Max: 0, Diff: 0, Sum: 0, Workers: 4
[1617.529s][debug][gc,phases      ] GC(38) Weak Processing 0.306ms
[1617.529s][debug][gc,age         ] GC(38) Desired survivor size 234356736 bytes, new threshold 15 (max threshold 15)
[1617.529s][info ][gc,heap        ] GC(38) PSYoungGen: 1574528K(1829376K)->128K(1868288K) Eden: 1574400K(1574400K)->0K(1626112K) From: 128K(254976K)->128K(242176K)
[1617.529s][info ][gc,heap        ] GC(38) ParOldGen: 212834K(277504K)->212842K(277504K)
[1617.529s][info ][gc,metaspace   ] GC(38) Metaspace: 71541K(72384K)->71541K(72384K) NonClass: 61182K(61632K)->61182K(61632K) Class: 10358K(10752K)->10358K(10752K)
[1617.529s][info ][gc             ] GC(38) Pause Young (Allocation Failure) 1745M->207M(2095M) 1.438ms
[1617.529s][info ][gc,cpu         ] GC(38) User=0.00s Sys=0.01s Real=0.00s
[1617.530s][info ][safepoint      ] Safepoint "ParallelGCFailedAllocation", Time since last: 30795521014 ns, Reaching safepoint: 26400 ns, At safepoint: 1522944 ns, Total: 1549344 ns
[1635.531s][info ][safepoint      ] Safepoint "Cleanup", Time since last: 18001235810 ns, Reaching safepoint: 52802 ns, At safepoint: 7300 ns, Total: 60102 ns
[1636.531s][info ][safepoint      ] Safepoint "Cleanup", Time since last: 1000112742 ns, Reaching safepoint: 58602 ns, At safepoint: 6700 ns, Total: 65302 ns
[1637.531s][info ][safepoint      ] Safepoint "Cleanup", Time since last: 1000114242 ns, Reaching safepoint: 119603 ns, At safepoint: 8300 ns, Total: 127903 ns
[1680.279s][info ][gc,start       ] GC(39) Pause Young (Allocation Failure)
[1680.280s][debug][gc,phases      ] GC(39) Scavenge 0.961ms
[1680.280s][debug][gc,ref         ] GC(39) Skipped phase 1 of Reference Processing: no references
[1680.280s][debug][gc,ref         ] GC(39) Skipped phase 2 of Reference Processing: no references
[1680.280s][debug][gc,ref         ] GC(39) Skipped phase 3 of Reference Processing: no references
[1680.280s][debug][gc,ref         ] GC(39) Skipped phase 4 of Reference Processing: no references
[1680.280s][debug][gc,phases      ] GC(39) Reference Processing 0.030ms
[1680.280s][debug][gc,phases      ] GC(39)   VM Weak                        Min:  0.0, Avg:  0.0, Max:  0.0, Diff:  0.0, Sum:  0.0, Workers: 4
[1680.280s][debug][gc,phases      ] GC(39)     Dead                           Min: 0, Avg:  0.0, Max: 0, Diff: 0, Sum: 0, Workers: 4
[1680.280s][debug][gc,phases      ] GC(39)     Total                          Min: 0, Avg: 150.8, Max: 475, Diff: 475, Sum: 603, Workers: 4
[1680.280s][debug][gc,phases      ] GC(39)   ObjectSynchronizer Weak        Min:  0.0, Avg:  0.0, Max:  0.0, Diff:  0.0, Sum:  0.0, Workers: 4
[1680.280s][debug][gc,phases      ] GC(39)     Dead                           Min: 0, Avg:  0.0, Max: 0, Diff: 0, Sum: 0, Workers: 4
[1680.280s][debug][gc,phases      ] GC(39)     Total                          Min: 0, Avg: 13.8, Max: 55, Diff: 55, Sum: 55, Workers: 4
[1680.280s][debug][gc,phases      ] GC(39)   JVMTI Tag Weak OopStorage      Min:  0.0, Avg:  0.0, Max:  0.0, Diff:  0.0, Sum:  0.0, Workers: 4
[1680.280s][debug][gc,phases      ] GC(39)     Dead                           Min: 0, Avg:  0.0, Max: 0, Diff: 0, Sum: 0, Workers: 4
[1680.280s][debug][gc,phases      ] GC(39)     Total                          Min: 0, Avg:  0.0, Max: 0, Diff: 0, Sum: 0, Workers: 4
[1680.280s][debug][gc,phases      ] GC(39)   StringTable Weak               Min:  0.1, Avg:  0.1, Max:  0.1, Diff:  0.0, Sum:  0.4, Workers: 4
[1680.280s][debug][gc,phases      ] GC(39)     Dead                           Min: 0, Avg:  0.0, Max: 0, Diff: 0, Sum: 0, Workers: 4
[1680.280s][debug][gc,phases      ] GC(39)     Total                          Min: 10816, Avg: 11903.8, Max: 12992, Diff: 2176, Sum: 47615, Workers: 4
[1680.280s][debug][gc,phases      ] GC(39)   ResolvedMethodTable Weak       Min:  0.0, Avg:  0.0, Max:  0.0, Diff:  0.0, Sum:  0.1, Workers: 4
[1680.280s][debug][gc,phases      ] GC(39)     Dead                           Min: 0, Avg:  0.0, Max: 0, Diff: 0, Sum: 0, Workers: 4
[1680.280s][debug][gc,phases      ] GC(39)     Total                          Min: 1792, Avg: 1906.0, Max: 2112, Diff: 320, Sum: 7624, Workers: 4
[1680.280s][debug][gc,phases      ] GC(39)   JNI Weak                       Min:  0.0, Avg:  0.0, Max:  0.0, Diff:  0.0, Sum:  0.0, Workers: 4
[1680.280s][debug][gc,phases      ] GC(39)     Dead                           Min: 0, Avg:  0.0, Max: 0, Diff: 0, Sum: 0, Workers: 4
[1680.280s][debug][gc,phases      ] GC(39)     Total                          Min: 0, Avg:  0.0, Max: 0, Diff: 0, Sum: 0, Workers: 4
[1680.280s][debug][gc,phases      ] GC(39)   StringDedup Table Weak         Min:  0.0, Avg:  0.0, Max:  0.0, Diff:  0.0, Sum:  0.0, Workers: 4
[1680.280s][debug][gc,phases      ] GC(39)     Dead                           Min: 0, Avg:  0.0, Max: 0, Diff: 0, Sum: 0, Workers: 4
[1680.280s][debug][gc,phases      ] GC(39)     Total                          Min: 0, Avg:  0.0, Max: 0, Diff: 0, Sum: 0, Workers: 4
[1680.280s][debug][gc,phases      ] GC(39)   StringDedup Requests0 Weak     Min:  0.0, Avg:  0.0, Max:  0.0, Diff:  0.0, Sum:  0.0, Workers: 4
[1680.280s][debug][gc,phases      ] GC(39)     Dead                           Min: 0, Avg:  0.0, Max: 0, Diff: 0, Sum: 0, Workers: 4
[1680.280s][debug][gc,phases      ] GC(39)     Total                          Min: 0, Avg:  0.0, Max: 0, Diff: 0, Sum: 0, Workers: 4
[1680.280s][debug][gc,phases      ] GC(39)   StringDedup Requests1 Weak     Min:  0.0, Avg:  0.0, Max:  0.0, Diff:  0.0, Sum:  0.0, Workers: 4
[1680.280s][debug][gc,phases      ] GC(39)     Dead                           Min: 0, Avg:  0.0, Max: 0, Diff: 0, Sum: 0, Workers: 4
[1680.280s][debug][gc,phases      ] GC(39)     Total                          Min: 0, Avg:  0.0, Max: 0, Diff: 0, Sum: 0, Workers: 4
[1680.280s][debug][gc,phases      ] GC(39)   Weak JFR Old Object Samples    Min:  0.0, Avg:  0.0, Max:  0.0, Diff:  0.0, Sum:  0.0, Workers: 4
[1680.280s][debug][gc,phases      ] GC(39)     Dead                           Min: 0, Avg:  0.0, Max: 0, Diff: 0, Sum: 0, Workers: 4
[1680.280s][debug][gc,phases      ] GC(39)     Total                          Min: 0, Avg:  0.0, Max: 0, Diff: 0, Sum: 0, Workers: 4
[1680.280s][debug][gc,phases      ] GC(39) Weak Processing 0.376ms
[1680.280s][debug][gc,age         ] GC(39) Desired survivor size 221773824 bytes, new threshold 15 (max threshold 15)
[1680.280s][info ][gc,heap        ] GC(39) PSYoungGen: 1626240K(1868288K)->128K(1854976K) Eden: 1626112K(1626112K)->0K(1626112K) From: 128K(242176K)->128K(228864K)
[1680.280s][info ][gc,heap        ] GC(39) ParOldGen: 212842K(277504K)->212850K(277504K)
[1680.280s][info ][gc,metaspace   ] GC(39) Metaspace: 71541K(72384K)->71541K(72384K) NonClass: 61183K(61632K)->61183K(61632K) Class: 10358K(10752K)->10358K(10752K)
[1680.280s][info ][gc             ] GC(39) Pause Young (Allocation Failure) 1795M->207M(2082M) 1.475ms
[1680.280s][info ][gc,cpu         ] GC(39) User=0.00s Sys=0.00s Real=0.00s
[1680.280s][info ][safepoint      ] Safepoint "ParallelGCFailedAllocation", Time since last: 42747416741 ns, Reaching safepoint: 50601 ns, At safepoint: 1576845 ns, Total: 1627446 ns
[1743.029s][info ][gc,start       ] GC(40) Pause Young (Allocation Failure)
[1743.030s][debug][gc,phases      ] GC(40) Scavenge 1.108ms
[1743.030s][debug][gc,ref         ] GC(40) Skipped phase 1 of Reference Processing: no references
[1743.030s][debug][gc,ref         ] GC(40) Skipped phase 2 of Reference Processing: no references
[1743.030s][debug][gc,ref         ] GC(40) Skipped phase 3 of Reference Processing: no references
[1743.030s][debug][gc,ref         ] GC(40) Skipped phase 4 of Reference Processing: no references
[1743.030s][debug][gc,phases      ] GC(40) Reference Processing 0.023ms
[1743.030s][debug][gc,phases      ] GC(40)   VM Weak                        Min:  0.0, Avg:  0.0, Max:  0.0, Diff:  0.0, Sum:  0.0, Workers: 4
[1743.030s][debug][gc,phases      ] GC(40)     Dead                           Min: 0, Avg:  0.0, Max: 0, Diff: 0, Sum: 0, Workers: 4
[1743.030s][debug][gc,phases      ] GC(40)     Total                          Min: 0, Avg: 150.8, Max: 411, Diff: 411, Sum: 603, Workers: 4
[1743.030s][debug][gc,phases      ] GC(40)   ObjectSynchronizer Weak        Min:  0.0, Avg:  0.0, Max:  0.0, Diff:  0.0, Sum:  0.0, Workers: 4
[1743.030s][debug][gc,phases      ] GC(40)     Dead                           Min: 0, Avg:  0.0, Max: 0, Diff: 0, Sum: 0, Workers: 4
[1743.030s][debug][gc,phases      ] GC(40)     Total                          Min: 0, Avg: 13.8, Max: 55, Diff: 55, Sum: 55, Workers: 4
[1743.030s][debug][gc,phases      ] GC(40)   JVMTI Tag Weak OopStorage      Min:  0.0, Avg:  0.0, Max:  0.0, Diff:  0.0, Sum:  0.0, Workers: 4
[1743.030s][debug][gc,phases      ] GC(40)     Dead                           Min: 0, Avg:  0.0, Max: 0, Diff: 0, Sum: 0, Workers: 4
[1743.030s][debug][gc,phases      ] GC(40)     Total                          Min: 0, Avg:  0.0, Max: 0, Diff: 0, Sum: 0, Workers: 4
[1743.030s][debug][gc,phases      ] GC(40)   StringTable Weak               Min:  0.1, Avg:  0.1, Max:  0.1, Diff:  0.0, Sum:  0.4, Workers: 4
[1743.030s][debug][gc,phases      ] GC(40)     Dead                           Min: 0, Avg:  0.0, Max: 0, Diff: 0, Sum: 0, Workers: 4
[1743.030s][debug][gc,phases      ] GC(40)     Total                          Min: 10688, Avg: 11904.0, Max: 13248, Diff: 2560, Sum: 47616, Workers: 4
[1743.030s][debug][gc,phases      ] GC(40)   ResolvedMethodTable Weak       Min:  0.0, Avg:  0.0, Max:  0.0, Diff:  0.0, Sum:  0.1, Workers: 4
[1743.030s][debug][gc,phases      ] GC(40)     Dead                           Min: 0, Avg:  0.0, Max: 0, Diff: 0, Sum: 0, Workers: 4
[1743.030s][debug][gc,phases      ] GC(40)     Total                          Min: 1792, Avg: 1906.0, Max: 2120, Diff: 328, Sum: 7624, Workers: 4
[1743.030s][debug][gc,phases      ] GC(40)   JNI Weak                       Min:  0.0, Avg:  0.0, Max:  0.0, Diff:  0.0, Sum:  0.0, Workers: 4
[1743.030s][debug][gc,phases      ] GC(40)     Dead                           Min: 0, Avg:  0.0, Max: 0, Diff: 0, Sum: 0, Workers: 4
[1743.030s][debug][gc,phases      ] GC(40)     Total                          Min: 0, Avg:  0.0, Max: 0, Diff: 0, Sum: 0, Workers: 4
[1743.030s][debug][gc,phases      ] GC(40)   StringDedup Table Weak         Min:  0.0, Avg:  0.0, Max:  0.0, Diff:  0.0, Sum:  0.0, Workers: 4
[1743.030s][debug][gc,phases      ] GC(40)     Dead                           Min: 0, Avg:  0.0, Max: 0, Diff: 0, Sum: 0, Workers: 4
[1743.030s][debug][gc,phases      ] GC(40)     Total                          Min: 0, Avg:  0.0, Max: 0, Diff: 0, Sum: 0, Workers: 4
[1743.030s][debug][gc,phases      ] GC(40)   StringDedup Requests0 Weak     Min:  0.0, Avg:  0.0, Max:  0.0, Diff:  0.0, Sum:  0.0, Workers: 4
[1743.030s][debug][gc,phases      ] GC(40)     Dead                           Min: 0, Avg:  0.0, Max: 0, Diff: 0, Sum: 0, Workers: 4
[1743.030s][debug][gc,phases      ] GC(40)     Total                          Min: 0, Avg:  0.0, Max: 0, Diff: 0, Sum: 0, Workers: 4
[1743.030s][debug][gc,phases      ] GC(40)   StringDedup Requests1 Weak     Min:  0.0, Avg:  0.0, Max:  0.0, Diff:  0.0, Sum:  0.0, Workers: 4
[1743.030s][debug][gc,phases      ] GC(40)     Dead                           Min: 0, Avg:  0.0, Max: 0, Diff: 0, Sum: 0, Workers: 4
[1743.030s][debug][gc,phases      ] GC(40)     Total                          Min: 0, Avg:  0.0, Max: 0, Diff: 0, Sum: 0, Workers: 4
[1743.030s][debug][gc,phases      ] GC(40)   Weak JFR Old Object Samples    Min:  0.0, Avg:  0.0, Max:  0.0, Diff:  0.0, Sum:  0.0, Workers: 4
[1743.030s][debug][gc,phases      ] GC(40)     Dead                           Min: 0, Avg:  0.0, Max: 0, Diff: 0, Sum: 0, Workers: 4
[1743.030s][debug][gc,phases      ] GC(40)     Total                          Min: 0, Avg:  0.0, Max: 0, Diff: 0, Sum: 0, Workers: 4
[1743.030s][debug][gc,phases      ] GC(40) Weak Processing 0.336ms
[1743.030s][debug][gc,age         ] GC(40) Desired survivor size 208666624 bytes, new threshold 15 (max threshold 15)
[1743.030s][info ][gc,heap        ] GC(40) PSYoungGen: 1626240K(1854976K)->128K(1893376K) Eden: 1626112K(1626112K)->0K(1676800K) From: 128K(228864K)->128K(216576K)
[1743.030s][info ][gc,heap        ] GC(40) ParOldGen: 212850K(277504K)->212866K(277504K)
[1743.030s][info ][gc,metaspace   ] GC(40) Metaspace: 71548K(72384K)->71548K(72384K) NonClass: 61190K(61632K)->61190K(61632K) Class: 10358K(10752K)->10358K(10752K)
[1743.030s][info ][gc             ] GC(40) Pause Young (Allocation Failure) 1795M->208M(2120M) 1.571ms
[1743.030s][info ][gc,cpu         ] GC(40) User=0.01s Sys=0.00s Real=0.00s
[1743.030s][info ][safepoint      ] Safepoint "ParallelGCFailedAllocation", Time since last: 62748194744 ns, Reaching safepoint: 52901 ns, At safepoint: 1670648 ns, Total: 1723549 ns
[1746.030s][info ][safepoint      ] Safepoint "Cleanup", Time since last: 3000221657 ns, Reaching safepoint: 38901 ns, At safepoint: 2500 ns, Total: 41401 ns
[1764.032s][info ][safepoint      ] Safepoint "Cleanup", Time since last: 18001119354 ns, Reaching safepoint: 52202 ns, At safepoint: 5400 ns, Total: 57602 ns
[1799.034s][info ][safepoint      ] Safepoint "Cleanup", Time since last: 35002173839 ns, Reaching safepoint: 41702 ns, At safepoint: 5900 ns, Total: 47602 ns
[1800.498s][info ][safepoint      ] Safepoint "Cleanup", Time since last: 1463800745 ns, Reaching safepoint: 46002 ns, At safepoint: 9700 ns, Total: 55702 ns
[1801.498s][info ][safepoint      ] Safepoint "Cleanup", Time since last: 1000118559 ns, Reaching safepoint: 57001 ns, At safepoint: 8201 ns, Total: 65202 ns
[1806.329s][info ][gc,start       ] GC(41) Pause Young (Allocation Failure)
[1806.330s][debug][gc,phases      ] GC(41) Scavenge 1.143ms
[1806.330s][debug][gc,ref         ] GC(41) Skipped phase 1 of Reference Processing: no references
[1806.330s][debug][gc,ref         ] GC(41) ReferenceProcessor::execute queues: 1, RefProcThreadModel::Single, marks_oops_alive: false
[1806.330s][debug][gc,ref         ] GC(41) Skipped phase 3 of Reference Processing: no references
[1806.330s][debug][gc,ref         ] GC(41) ReferenceProcessor::execute queues: 1, RefProcThreadModel::Single, marks_oops_alive: false
[1806.330s][debug][gc,phases      ] GC(41) Reference Processing 0.107ms
[1806.331s][debug][gc,phases      ] GC(41)   VM Weak                        Min:  0.0, Avg:  0.0, Max:  0.0, Diff:  0.0, Sum:  0.0, Workers: 4
[1806.331s][debug][gc,phases      ] GC(41)     Dead                           Min: 0, Avg:  0.0, Max: 0, Diff: 0, Sum: 0, Workers: 4
[1806.331s][debug][gc,phases      ] GC(41)     Total                          Min: 0, Avg: 150.8, Max: 411, Diff: 411, Sum: 603, Workers: 4
[1806.331s][debug][gc,phases      ] GC(41)   ObjectSynchronizer Weak        Min:  0.0, Avg:  0.0, Max:  0.0, Diff:  0.0, Sum:  0.0, Workers: 4
[1806.331s][debug][gc,phases      ] GC(41)     Dead                           Min: 0, Avg:  0.0, Max: 0, Diff: 0, Sum: 0, Workers: 4
[1806.331s][debug][gc,phases      ] GC(41)     Total                          Min: 0, Avg: 13.8, Max: 55, Diff: 55, Sum: 55, Workers: 4
[1806.331s][debug][gc,phases      ] GC(41)   JVMTI Tag Weak OopStorage      Min:  0.0, Avg:  0.0, Max:  0.0, Diff:  0.0, Sum:  0.0, Workers: 4
[1806.331s][debug][gc,phases      ] GC(41)     Dead                           Min: 0, Avg:  0.0, Max: 0, Diff: 0, Sum: 0, Workers: 4
[1806.331s][debug][gc,phases      ] GC(41)     Total                          Min: 0, Avg:  0.0, Max: 0, Diff: 0, Sum: 0, Workers: 4
[1806.331s][debug][gc,phases      ] GC(41)   StringTable Weak               Min:  0.1, Avg:  0.1, Max:  0.1, Diff:  0.0, Sum:  0.4, Workers: 4
[1806.331s][debug][gc,phases      ] GC(41)     Dead                           Min: 0, Avg:  0.5, Max: 2, Diff: 2, Sum: 2, Workers: 4
[1806.331s][debug][gc,phases      ] GC(41)     Total                          Min: 10944, Avg: 11910.5, Max: 12698, Diff: 1754, Sum: 47642, Workers: 4
[1806.331s][debug][gc,phases      ] GC(41)   ResolvedMethodTable Weak       Min:  0.0, Avg:  0.0, Max:  0.0, Diff:  0.0, Sum:  0.1, Workers: 4
[1806.331s][debug][gc,phases      ] GC(41)     Dead                           Min: 0, Avg:  0.0, Max: 0, Diff: 0, Sum: 0, Workers: 4
[1806.331s][debug][gc,phases      ] GC(41)     Total                          Min: 1728, Avg: 1912.5, Max: 2018, Diff: 290, Sum: 7650, Workers: 4
[1806.331s][debug][gc,phases      ] GC(41)   JNI Weak                       Min:  0.0, Avg:  0.0, Max:  0.0, Diff:  0.0, Sum:  0.0, Workers: 4
[1806.331s][debug][gc,phases      ] GC(41)     Dead                           Min: 0, Avg:  0.0, Max: 0, Diff: 0, Sum: 0, Workers: 4
[1806.331s][debug][gc,phases      ] GC(41)     Total                          Min: 0, Avg:  0.0, Max: 0, Diff: 0, Sum: 0, Workers: 4
[1806.331s][debug][gc,phases      ] GC(41)   StringDedup Table Weak         Min:  0.0, Avg:  0.0, Max:  0.0, Diff:  0.0, Sum:  0.0, Workers: 4
[1806.331s][debug][gc,phases      ] GC(41)     Dead                           Min: 0, Avg:  0.0, Max: 0, Diff: 0, Sum: 0, Workers: 4
[1806.331s][debug][gc,phases      ] GC(41)     Total                          Min: 0, Avg:  0.0, Max: 0, Diff: 0, Sum: 0, Workers: 4
[1806.331s][debug][gc,phases      ] GC(41)   StringDedup Requests0 Weak     Min:  0.0, Avg:  0.0, Max:  0.0, Diff:  0.0, Sum:  0.0, Workers: 4
[1806.331s][debug][gc,phases      ] GC(41)     Dead                           Min: 0, Avg:  0.0, Max: 0, Diff: 0, Sum: 0, Workers: 4
[1806.331s][debug][gc,phases      ] GC(41)     Total                          Min: 0, Avg:  0.0, Max: 0, Diff: 0, Sum: 0, Workers: 4
[1806.331s][debug][gc,phases      ] GC(41)   StringDedup Requests1 Weak     Min:  0.0, Avg:  0.0, Max:  0.0, Diff:  0.0, Sum:  0.0, Workers: 4
[1806.331s][debug][gc,phases      ] GC(41)     Dead                           Min: 0, Avg:  0.0, Max: 0, Diff: 0, Sum: 0, Workers: 4
[1806.331s][debug][gc,phases      ] GC(41)     Total                          Min: 0, Avg:  0.0, Max: 0, Diff: 0, Sum: 0, Workers: 4
[1806.331s][debug][gc,phases      ] GC(41)   Weak JFR Old Object Samples    Min:  0.0, Avg:  0.0, Max:  0.0, Diff:  0.0, Sum:  0.0, Workers: 4
[1806.331s][debug][gc,phases      ] GC(41)     Dead                           Min: 0, Avg:  0.0, Max: 0, Diff: 0, Sum: 0, Workers: 4
[1806.331s][debug][gc,phases      ] GC(41)     Total                          Min: 0, Avg:  0.0, Max: 0, Diff: 0, Sum: 0, Workers: 4
[1806.331s][debug][gc,phases      ] GC(41) Weak Processing 0.305ms
[1806.331s][debug][gc,age         ] GC(41) Desired survivor size 196608000 bytes, new threshold 15 (max threshold 15)
[1806.331s][info ][gc,heap        ] GC(41) PSYoungGen: 1676928K(1893376K)->128K(1880576K) Eden: 1676800K(1676800K)->0K(1676800K) From: 128K(216576K)->128K(203776K)
[1806.331s][info ][gc,heap        ] GC(41) ParOldGen: 212866K(277504K)->212890K(277504K)
[1806.331s][info ][gc,metaspace   ] GC(41) Metaspace: 71615K(72384K)->71615K(72384K) NonClass: 61240K(61632K)->61240K(61632K) Class: 10375K(10752K)->10375K(10752K)
[1806.331s][info ][gc             ] GC(41) Pause Young (Allocation Failure) 1845M->208M(2107M) 1.676ms
[1806.331s][info ][gc,cpu         ] GC(41) User=0.00s Sys=0.00s Real=0.00s
[1806.331s][info ][safepoint      ] Safepoint "ParallelGCFailedAllocation", Time since last: 4831054136 ns, Reaching safepoint: 43802 ns, At safepoint: 1745950 ns, Total: 1789752 ns
[1811.331s][info ][safepoint      ] Safepoint "Cleanup", Time since last: 5000317989 ns, Reaching safepoint: 47501 ns, At safepoint: 3900 ns, Total: 51401 ns
[1870.929s][info ][gc,start       ] GC(42) Pause Young (Allocation Failure)
[1870.930s][debug][gc,phases      ] GC(42) Scavenge 1.083ms
[1870.930s][debug][gc,ref         ] GC(42) Skipped phase 1 of Reference Processing: no references
[1870.930s][debug][gc,ref         ] GC(42) ReferenceProcessor::execute queues: 1, RefProcThreadModel::Single, marks_oops_alive: false
[1870.930s][debug][gc,ref         ] GC(42) Skipped phase 3 of Reference Processing: no references
[1870.930s][debug][gc,ref         ] GC(42) Skipped phase 4 of Reference Processing: no references
[1870.930s][debug][gc,phases      ] GC(42) Reference Processing 0.099ms
[1870.931s][debug][gc,phases      ] GC(42)   VM Weak                        Min:  0.0, Avg:  0.0, Max:  0.0, Diff:  0.0, Sum:  0.0, Workers: 4
[1870.931s][debug][gc,phases      ] GC(42)     Dead                           Min: 0, Avg:  0.0, Max: 0, Diff: 0, Sum: 0, Workers: 4
[1870.931s][debug][gc,phases      ] GC(42)     Total                          Min: 0, Avg: 150.8, Max: 384, Diff: 384, Sum: 603, Workers: 4
[1870.931s][debug][gc,phases      ] GC(42)   ObjectSynchronizer Weak        Min:  0.0, Avg:  0.0, Max:  0.0, Diff:  0.0, Sum:  0.0, Workers: 4
[1870.931s][debug][gc,phases      ] GC(42)     Dead                           Min: 0, Avg:  0.0, Max: 0, Diff: 0, Sum: 0, Workers: 4
[1870.931s][debug][gc,phases      ] GC(42)     Total                          Min: 0, Avg: 13.8, Max: 55, Diff: 55, Sum: 55, Workers: 4
[1870.931s][debug][gc,phases      ] GC(42)   JVMTI Tag Weak OopStorage      Min:  0.0, Avg:  0.0, Max:  0.0, Diff:  0.0, Sum:  0.0, Workers: 4
[1870.931s][debug][gc,phases      ] GC(42)     Dead                           Min: 0, Avg:  0.0, Max: 0, Diff: 0, Sum: 0, Workers: 4
[1870.931s][debug][gc,phases      ] GC(42)     Total                          Min: 0, Avg:  0.0, Max: 0, Diff: 0, Sum: 0, Workers: 4
[1870.931s][debug][gc,phases      ] GC(42)   StringTable Weak               Min:  0.1, Avg:  0.1, Max:  0.1, Diff:  0.0, Sum:  0.4, Workers: 4
[1870.931s][debug][gc,phases      ] GC(42)     Dead                           Min: 0, Avg:  0.0, Max: 0, Diff: 0, Sum: 0, Workers: 4
[1870.931s][debug][gc,phases      ] GC(42)     Total                          Min: 10650, Avg: 11910.5, Max: 12736, Diff: 2086, Sum: 47642, Workers: 4
[1870.931s][debug][gc,phases      ] GC(42)   ResolvedMethodTable Weak       Min:  0.0, Avg:  0.0, Max:  0.0, Diff:  0.0, Sum:  0.1, Workers: 4
[1870.931s][debug][gc,phases      ] GC(42)     Dead                           Min: 0, Avg:  0.0, Max: 0, Diff: 0, Sum: 0, Workers: 4
[1870.931s][debug][gc,phases      ] GC(42)     Total                          Min: 1728, Avg: 1912.5, Max: 2112, Diff: 384, Sum: 7650, Workers: 4
[1870.931s][debug][gc,phases      ] GC(42)   JNI Weak                       Min:  0.0, Avg:  0.0, Max:  0.0, Diff:  0.0, Sum:  0.0, Workers: 4
[1870.931s][debug][gc,phases      ] GC(42)     Dead                           Min: 0, Avg:  0.0, Max: 0, Diff: 0, Sum: 0, Workers: 4
[1870.931s][debug][gc,phases      ] GC(42)     Total                          Min: 0, Avg:  0.0, Max: 0, Diff: 0, Sum: 0, Workers: 4
[1870.931s][debug][gc,phases      ] GC(42)   StringDedup Table Weak         Min:  0.0, Avg:  0.0, Max:  0.0, Diff:  0.0, Sum:  0.0, Workers: 4
[1870.931s][debug][gc,phases      ] GC(42)     Dead                           Min: 0, Avg:  0.0, Max: 0, Diff: 0, Sum: 0, Workers: 4
[1870.931s][debug][gc,phases      ] GC(42)     Total                          Min: 0, Avg:  0.0, Max: 0, Diff: 0, Sum: 0, Workers: 4
[1870.931s][debug][gc,phases      ] GC(42)   StringDedup Requests0 Weak     Min:  0.0, Avg:  0.0, Max:  0.0, Diff:  0.0, Sum:  0.0, Workers: 4
[1870.931s][debug][gc,phases      ] GC(42)     Dead                           Min: 0, Avg:  0.0, Max: 0, Diff: 0, Sum: 0, Workers: 4
[1870.931s][debug][gc,phases      ] GC(42)     Total                          Min: 0, Avg:  0.0, Max: 0, Diff: 0, Sum: 0, Workers: 4
[1870.931s][debug][gc,phases      ] GC(42)   StringDedup Requests1 Weak     Min:  0.0, Avg:  0.0, Max:  0.0, Diff:  0.0, Sum:  0.0, Workers: 4
[1870.931s][debug][gc,phases      ] GC(42)     Dead                           Min: 0, Avg:  0.0, Max: 0, Diff: 0, Sum: 0, Workers: 4
[1870.931s][debug][gc,phases      ] GC(42)     Total                          Min: 0, Avg:  0.0, Max: 0, Diff: 0, Sum: 0, Workers: 4
[1870.931s][debug][gc,phases      ] GC(42)   Weak JFR Old Object Samples    Min:  0.0, Avg:  0.0, Max:  0.0, Diff:  0.0, Sum:  0.0, Workers: 4
[1870.931s][debug][gc,phases      ] GC(42)     Dead                           Min: 0, Avg:  0.0, Max: 0, Diff: 0, Sum: 0, Workers: 4
[1870.931s][debug][gc,phases      ] GC(42)     Total                          Min: 0, Avg:  0.0, Max: 0, Diff: 0, Sum: 0, Workers: 4
[1870.931s][debug][gc,phases      ] GC(42) Weak Processing 0.313ms
[1870.931s][debug][gc,age         ] GC(42) Desired survivor size 184549376 bytes, new threshold 15 (max threshold 15)
[1870.931s][info ][gc,heap        ] GC(42) PSYoungGen: 1676928K(1880576K)->160K(1916928K) Eden: 1676800K(1676800K)->0K(1724928K) From: 128K(203776K)->160K(192000K)
[1870.931s][info ][gc,heap        ] GC(42) ParOldGen: 212890K(277504K)->212898K(277504K)
[1870.931s][info ][gc,metaspace   ] GC(42) Metaspace: 71618K(72384K)->71618K(72384K) NonClass: 61243K(61632K)->61243K(61632K) Class: 10375K(10752K)->10375K(10752K)
[1870.931s][info ][gc             ] GC(42) Pause Young (Allocation Failure) 1845M->208M(2143M) 1.598ms
[1870.931s][info ][gc,cpu         ] GC(42) User=0.00s Sys=0.00s Real=0.00s
[1870.931s][info ][safepoint      ] Safepoint "ParallelGCFailedAllocation", Time since last: 59598027799 ns, Reaching safepoint: 26700 ns, At safepoint: 1690949 ns, Total: 1717649 ns
[1895.933s][info ][safepoint      ] Safepoint "Cleanup", Time since last: 25001647094 ns, Reaching safepoint: 52701 ns, At safepoint: 6401 ns, Total: 59102 ns
[1896.933s][info ][safepoint      ] Safepoint "Cleanup", Time since last: 1000063564 ns, Reaching safepoint: 38601 ns, At safepoint: 2500 ns, Total: 41101 ns
[1898.931s][info ][safepoint      ] Safepoint "Cleanup", Time since last: 1998160974 ns, Reaching safepoint: 154004 ns, At safepoint: 13100 ns, Total: 167104 ns
[1899.931s][info ][safepoint      ] Safepoint "Cleanup", Time since last: 1000096366 ns, Reaching safepoint: 144004 ns, At safepoint: 14901 ns, Total: 158905 ns
[1900.931s][info ][safepoint      ] Safepoint "Cleanup", Time since last: 1000104866 ns, Reaching safepoint: 57301 ns, At safepoint: 5001 ns, Total: 62302 ns
[1901.932s][info ][safepoint      ] Safepoint "Cleanup", Time since last: 1000110166 ns, Reaching safepoint: 47701 ns, At safepoint: 5100 ns, Total: 52801 ns
[1903.932s][info ][safepoint      ] Safepoint "Cleanup", Time since last: 2000186132 ns, Reaching safepoint: 43702 ns, At safepoint: 1900 ns, Total: 45602 ns
[1904.932s][info ][safepoint      ] Safepoint "Cleanup", Time since last: 1000109466 ns, Reaching safepoint: 51202 ns, At safepoint: 5600 ns, Total: 56802 ns
[1905.932s][info ][safepoint      ] Safepoint "Cleanup", Time since last: 1000110466 ns, Reaching safepoint: 48702 ns, At safepoint: 6600 ns, Total: 55302 ns
[1906.932s][info ][safepoint      ] Safepoint "Cleanup", Time since last: 1000117767 ns, Reaching safepoint: 53201 ns, At safepoint: 3701 ns, Total: 56902 ns
[1907.932s][info ][safepoint      ] Safepoint "Cleanup", Time since last: 1000112066 ns, Reaching safepoint: 43902 ns, At safepoint: 9900 ns, Total: 53802 ns
[1908.933s][info ][safepoint      ] Safepoint "Cleanup", Time since last: 1000088866 ns, Reaching safepoint: 31301 ns, At safepoint: 2500 ns, Total: 33801 ns
[1909.933s][info ][safepoint      ] Safepoint "Cleanup", Time since last: 1000100167 ns, Reaching safepoint: 50801 ns, At safepoint: 5100 ns, Total: 55901 ns
[1910.933s][info ][safepoint      ] Safepoint "Cleanup", Time since last: 1000105667 ns, Reaching safepoint: 70602 ns, At safepoint: 6100 ns, Total: 76702 ns
[1911.933s][info ][safepoint      ] Safepoint "Cleanup", Time since last: 1000111367 ns, Reaching safepoint: 30701 ns, At safepoint: 3500 ns, Total: 34201 ns
[1912.933s][info ][safepoint      ] Safepoint "Cleanup", Time since last: 1000112268 ns, Reaching safepoint: 67701 ns, At safepoint: 5201 ns, Total: 72902 ns
[1913.933s][info ][safepoint      ] Safepoint "Cleanup", Time since last: 1000109167 ns, Reaching safepoint: 62802 ns, At safepoint: 6400 ns, Total: 69202 ns
[1914.934s][info ][safepoint      ] Safepoint "Cleanup", Time since last: 1000107267 ns, Reaching safepoint: 70302 ns, At safepoint: 5200 ns, Total: 75502 ns
[1915.934s][info ][safepoint      ] Safepoint "Cleanup", Time since last: 1000101867 ns, Reaching safepoint: 45401 ns, At safepoint: 5501 ns, Total: 50902 ns
[1916.934s][info ][safepoint      ] Safepoint "Cleanup", Time since last: 1000111467 ns, Reaching safepoint: 46701 ns, At safepoint: 11501 ns, Total: 58202 ns
[1917.934s][info ][safepoint      ] Safepoint "Cleanup", Time since last: 1000107667 ns, Reaching safepoint: 48901 ns, At safepoint: 7901 ns, Total: 56802 ns
[1918.934s][info ][safepoint      ] Safepoint "Cleanup", Time since last: 1000107667 ns, Reaching safepoint: 47801 ns, At safepoint: 5701 ns, Total: 53502 ns
[1919.934s][info ][safepoint      ] Safepoint "Cleanup", Time since last: 1000072766 ns, Reaching safepoint: 117304 ns, At safepoint: 9200 ns, Total: 126504 ns
[1920.935s][info ][safepoint      ] Safepoint "Cleanup", Time since last: 1000079467 ns, Reaching safepoint: 48801 ns, At safepoint: 7200 ns, Total: 56001 ns
[1921.935s][info ][safepoint      ] Safepoint "Cleanup", Time since last: 1000108668 ns, Reaching safepoint: 57701 ns, At safepoint: 8201 ns, Total: 65902 ns
[1922.935s][info ][safepoint      ] Safepoint "Cleanup", Time since last: 1000111468 ns, Reaching safepoint: 48101 ns, At safepoint: 7000 ns, Total: 55101 ns
[1923.935s][info ][safepoint      ] Safepoint "Cleanup", Time since last: 1000113668 ns, Reaching safepoint: 52902 ns, At safepoint: 5300 ns, Total: 58202 ns
[1925.935s][info ][safepoint      ] Safepoint "Cleanup", Time since last: 2000174334 ns, Reaching safepoint: 40501 ns, At safepoint: 2201 ns, Total: 42702 ns
[1926.936s][info ][safepoint      ] Safepoint "Cleanup", Time since last: 1000111568 ns, Reaching safepoint: 47601 ns, At safepoint: 7500 ns, Total: 55101 ns
[1927.936s][info ][safepoint      ] Safepoint "Cleanup", Time since last: 1000094968 ns, Reaching safepoint: 48201 ns, At safepoint: 5700 ns, Total: 53901 ns
[1928.936s][info ][safepoint      ] Safepoint "Cleanup", Time since last: 1000091168 ns, Reaching safepoint: 47701 ns, At safepoint: 8501 ns, Total: 56202 ns
[1930.936s][info ][safepoint      ] Safepoint "Cleanup", Time since last: 2000183535 ns, Reaching safepoint: 43201 ns, At safepoint: 2001 ns, Total: 45202 ns
[1932.936s][info ][safepoint      ] Safepoint "Cleanup", Time since last: 2000159335 ns, Reaching safepoint: 36701 ns, At safepoint: 2600 ns, Total: 39301 ns
[1934.781s][info ][gc,start       ] GC(43) Pause Young (Allocation Failure)
[1934.782s][debug][gc,phases      ] GC(43) Scavenge 1.160ms
[1934.783s][debug][gc,ref         ] GC(43) Skipped phase 1 of Reference Processing: no references
[1934.783s][debug][gc,ref         ] GC(43) ReferenceProcessor::execute queues: 1, RefProcThreadModel::Single, marks_oops_alive: false
[1934.783s][debug][gc,ref         ] GC(43) Skipped phase 3 of Reference Processing: no references
[1934.783s][debug][gc,ref         ] GC(43) ReferenceProcessor::execute queues: 1, RefProcThreadModel::Single, marks_oops_alive: false
[1934.783s][debug][gc,phases      ] GC(43) Reference Processing 0.092ms
[1934.783s][debug][gc,phases      ] GC(43)   VM Weak                        Min:  0.0, Avg:  0.0, Max:  0.0, Diff:  0.0, Sum:  0.0, Workers: 4
[1934.783s][debug][gc,phases      ] GC(43)     Dead                           Min: 0, Avg:  0.0, Max: 0, Diff: 0, Sum: 0, Workers: 4
[1934.783s][debug][gc,phases      ] GC(43)     Total                          Min: 0, Avg: 151.0, Max: 348, Diff: 348, Sum: 604, Workers: 4
[1934.783s][debug][gc,phases      ] GC(43)   ObjectSynchronizer Weak        Min:  0.0, Avg:  0.0, Max:  0.0, Diff:  0.0, Sum:  0.0, Workers: 4
[1934.783s][debug][gc,phases      ] GC(43)     Dead                           Min: 0, Avg:  0.0, Max: 0, Diff: 0, Sum: 0, Workers: 4
[1934.783s][debug][gc,phases      ] GC(43)     Total                          Min: 0, Avg: 13.8, Max: 55, Diff: 55, Sum: 55, Workers: 4
[1934.783s][debug][gc,phases      ] GC(43)   JVMTI Tag Weak OopStorage      Min:  0.0, Avg:  0.0, Max:  0.0, Diff:  0.0, Sum:  0.0, Workers: 4
[1934.783s][debug][gc,phases      ] GC(43)     Dead                           Min: 0, Avg:  0.0, Max: 0, Diff: 0, Sum: 0, Workers: 4
[1934.783s][debug][gc,phases      ] GC(43)     Total                          Min: 0, Avg:  0.0, Max: 0, Diff: 0, Sum: 0, Workers: 4
[1934.783s][debug][gc,phases      ] GC(43)   StringTable Weak               Min:  0.1, Avg:  0.1, Max:  0.1, Diff:  0.0, Sum:  0.4, Workers: 4
[1934.783s][debug][gc,phases      ] GC(43)     Dead                           Min: 0, Avg:  0.2, Max: 1, Diff: 1, Sum: 1, Workers: 4
[1934.783s][debug][gc,phases      ] GC(43)     Total                          Min: 10176, Avg: 11927.2, Max: 12893, Diff: 2717, Sum: 47709, Workers: 4
[1934.783s][debug][gc,phases      ] GC(43)   ResolvedMethodTable Weak       Min:  0.0, Avg:  0.0, Max:  0.0, Diff:  0.0, Sum:  0.1, Workers: 4
[1934.783s][debug][gc,phases      ] GC(43)     Dead                           Min: 0, Avg:  0.0, Max: 0, Diff: 0, Sum: 0, Workers: 4
[1934.783s][debug][gc,phases      ] GC(43)     Total                          Min: 1792, Avg: 1920.8, Max: 2048, Diff: 256, Sum: 7683, Workers: 4
[1934.783s][debug][gc,phases      ] GC(43)   JNI Weak                       Min:  0.0, Avg:  0.0, Max:  0.0, Diff:  0.0, Sum:  0.0, Workers: 4
[1934.783s][debug][gc,phases      ] GC(43)     Dead                           Min: 0, Avg:  0.0, Max: 0, Diff: 0, Sum: 0, Workers: 4
[1934.783s][debug][gc,phases      ] GC(43)     Total                          Min: 0, Avg:  0.0, Max: 0, Diff: 0, Sum: 0, Workers: 4
[1934.783s][debug][gc,phases      ] GC(43)   StringDedup Table Weak         Min:  0.0, Avg:  0.0, Max:  0.0, Diff:  0.0, Sum:  0.0, Workers: 4
[1934.783s][debug][gc,phases      ] GC(43)     Dead                           Min: 0, Avg:  0.0, Max: 0, Diff: 0, Sum: 0, Workers: 4
[1934.783s][debug][gc,phases      ] GC(43)     Total                          Min: 0, Avg:  0.0, Max: 0, Diff: 0, Sum: 0, Workers: 4
[1934.783s][debug][gc,phases      ] GC(43)   StringDedup Requests0 Weak     Min:  0.0, Avg:  0.0, Max:  0.0, Diff:  0.0, Sum:  0.0, Workers: 4
[1934.783s][debug][gc,phases      ] GC(43)     Dead                           Min: 0, Avg:  0.0, Max: 0, Diff: 0, Sum: 0, Workers: 4
[1934.783s][debug][gc,phases      ] GC(43)     Total                          Min: 0, Avg:  0.0, Max: 0, Diff: 0, Sum: 0, Workers: 4
[1934.783s][debug][gc,phases      ] GC(43)   StringDedup Requests1 Weak     Min:  0.0, Avg:  0.0, Max:  0.0, Diff:  0.0, Sum:  0.0, Workers: 4
[1934.783s][debug][gc,phases      ] GC(43)     Dead                           Min: 0, Avg:  0.0, Max: 0, Diff: 0, Sum: 0, Workers: 4
[1934.783s][debug][gc,phases      ] GC(43)     Total                          Min: 0, Avg:  0.0, Max: 0, Diff: 0, Sum: 0, Workers: 4
[1934.783s][debug][gc,phases      ] GC(43)   Weak JFR Old Object Samples    Min:  0.0, Avg:  0.0, Max:  0.0, Diff:  0.0, Sum:  0.0, Workers: 4
[1934.783s][debug][gc,phases      ] GC(43)     Dead                           Min: 0, Avg:  0.0, Max: 0, Diff: 0, Sum: 0, Workers: 4
[1934.783s][debug][gc,phases      ] GC(43)     Total                          Min: 0, Avg:  0.0, Max: 0, Diff: 0, Sum: 0, Workers: 4
[1934.783s][debug][gc,phases      ] GC(43) Weak Processing 0.310ms
[1934.783s][debug][gc,age         ] GC(43) Desired survivor size 173015040 bytes, new threshold 15 (max threshold 15)
[1934.783s][info ][gc,heap        ] GC(43) PSYoungGen: 1725088K(1916928K)->128K(1905152K) Eden: 1724928K(1724928K)->0K(1724928K) From: 160K(192000K)->128K(180224K)
[1934.783s][info ][gc,heap        ] GC(43) ParOldGen: 212898K(277504K)->212914K(277504K)
[1934.783s][info ][gc,metaspace   ] GC(43) Metaspace: 71783K(72576K)->71783K(72576K) NonClass: 61386K(61824K)->61386K(61824K) Class: 10397K(10752K)->10397K(10752K)
[1934.783s][info ][gc             ] GC(43) Pause Young (Allocation Failure) 1892M->208M(2131M) 1.661ms
[1934.783s][info ][gc,cpu         ] GC(43) User=0.00s Sys=0.00s Real=0.00s
[1934.783s][info ][safepoint      ] Safepoint "ParallelGCFailedAllocation", Time since last: 1844985587 ns, Reaching safepoint: 54702 ns, At safepoint: 1722049 ns, Total: 1776751 ns
[1936.783s][info ][safepoint      ] Safepoint "Cleanup", Time since last: 2000147035 ns, Reaching safepoint: 45201 ns, At safepoint: 5101 ns, Total: 50302 ns
[1944.046s][info ][safepoint      ] Safepoint "Cleanup", Time since last: 7262670890 ns, Reaching safepoint: 55102 ns, At safepoint: 4700 ns, Total: 59802 ns
[1945.741s][info ][safepoint      ] Safepoint "Cleanup", Time since last: 1694805683 ns, Reaching safepoint: 137404 ns, At safepoint: 10000 ns, Total: 147404 ns
[1946.741s][info ][safepoint      ] Safepoint "Cleanup", Time since last: 1000114370 ns, Reaching safepoint: 59502 ns, At safepoint: 5800 ns, Total: 65302 ns
[1948.741s][info ][safepoint      ] Safepoint "Cleanup", Time since last: 2000182938 ns, Reaching safepoint: 53901 ns, At safepoint: 34101 ns, Total: 88002 ns
[1949.741s][info ][safepoint      ] Safepoint "Cleanup", Time since last: 1000110570 ns, Reaching safepoint: 45501 ns, At safepoint: 1800 ns, Total: 47301 ns
[1950.742s][info ][safepoint      ] Safepoint "Cleanup", Time since last: 1000107070 ns, Reaching safepoint: 47201 ns, At safepoint: 8200 ns, Total: 55401 ns
[1951.742s][info ][safepoint      ] Safepoint "Cleanup", Time since last: 1000112170 ns, Reaching safepoint: 143704 ns, At safepoint: 8800 ns, Total: 152504 ns
[1952.742s][info ][safepoint      ] Safepoint "Cleanup", Time since last: 1000112670 ns, Reaching safepoint: 50602 ns, At safepoint: 3600 ns, Total: 54202 ns
[1954.742s][info ][safepoint      ] Safepoint "Cleanup", Time since last: 2000184238 ns, Reaching safepoint: 57002 ns, At safepoint: 5300 ns, Total: 62302 ns
[1956.743s][info ][safepoint      ] Safepoint "Cleanup", Time since last: 2000185339 ns, Reaching safepoint: 53002 ns, At safepoint: 2500 ns, Total: 55502 ns
[1957.743s][info ][safepoint      ] Safepoint "Cleanup", Time since last: 1000121770 ns, Reaching safepoint: 73302 ns, At safepoint: 5200 ns, Total: 78502 ns
[1958.743s][info ][safepoint      ] Safepoint "Cleanup", Time since last: 1000118871 ns, Reaching safepoint: 66302 ns, At safepoint: 12000 ns, Total: 78302 ns
[1959.743s][info ][safepoint      ] Safepoint "Cleanup", Time since last: 1000117570 ns, Reaching safepoint: 66102 ns, At safepoint: 5400 ns, Total: 71502 ns
[1960.743s][info ][safepoint      ] Safepoint "Cleanup", Time since last: 1000110871 ns, Reaching safepoint: 60401 ns, At safepoint: 6101 ns, Total: 66502 ns
[1962.744s][info ][safepoint      ] Safepoint "Cleanup", Time since last: 2000175239 ns, Reaching safepoint: 64602 ns, At safepoint: 5400 ns, Total: 70002 ns
[1964.744s][info ][safepoint      ] Safepoint "Cleanup", Time since last: 2000180340 ns, Reaching safepoint: 47401 ns, At safepoint: 3900 ns, Total: 51301 ns
[1965.744s][info ][safepoint      ] Safepoint "Cleanup", Time since last: 1000124671 ns, Reaching safepoint: 55002 ns, At safepoint: 12400 ns, Total: 67402 ns
[1966.744s][info ][safepoint      ] Safepoint "Cleanup", Time since last: 1000118271 ns, Reaching safepoint: 58002 ns, At safepoint: 15400 ns, Total: 73402 ns
[1967.744s][info ][safepoint      ] Safepoint "Cleanup", Time since last: 1000127171 ns, Reaching safepoint: 162205 ns, At safepoint: 10100 ns, Total: 172305 ns
[1968.745s][info ][safepoint      ] Safepoint "Cleanup", Time since last: 1000117571 ns, Reaching safepoint: 78002 ns, At safepoint: 5701 ns, Total: 83703 ns
[1969.745s][info ][safepoint      ] Safepoint "Cleanup", Time since last: 1000118171 ns, Reaching safepoint: 65502 ns, At safepoint: 8800 ns, Total: 74302 ns
[1971.674s][info ][safepoint      ] Safepoint "Cleanup", Time since last: 1929355210 ns, Reaching safepoint: 80402 ns, At safepoint: 5801 ns, Total: 86203 ns
[1972.674s][info ][safepoint      ] Safepoint "Cleanup", Time since last: 1000116171 ns, Reaching safepoint: 54101 ns, At safepoint: 7500 ns, Total: 61601 ns
[1973.675s][info ][safepoint      ] Safepoint "Cleanup", Time since last: 1000105571 ns, Reaching safepoint: 45402 ns, At safepoint: 4300 ns, Total: 49702 ns
[1974.675s][info ][safepoint      ] Safepoint "Cleanup", Time since last: 1000117371 ns, Reaching safepoint: 62402 ns, At safepoint: 10300 ns, Total: 72702 ns
[1977.675s][info ][safepoint      ] Safepoint "Cleanup", Time since last: 3000238611 ns, Reaching safepoint: 46002 ns, At safepoint: 7700 ns, Total: 53702 ns
[1978.675s][info ][safepoint      ] Safepoint "Cleanup", Time since last: 1000108971 ns, Reaching safepoint: 43401 ns, At safepoint: 2400 ns, Total: 45801 ns
[1979.675s][info ][safepoint      ] Safepoint "Cleanup", Time since last: 1000076171 ns, Reaching safepoint: 42001 ns, At safepoint: 32501 ns, Total: 74502 ns
[1981.229s][info ][gc,start       ] GC(44) Pause Young (Allocation Failure)
[1981.231s][debug][gc,phases      ] GC(44) Scavenge 2.300ms
[1981.231s][debug][gc,ref         ] GC(44) Skipped phase 1 of Reference Processing: no references
[1981.231s][debug][gc,ref         ] GC(44) ReferenceProcessor::execute queues: 1, RefProcThreadModel::Single, marks_oops_alive: false
[1981.231s][debug][gc,ref         ] GC(44) Skipped phase 3 of Reference Processing: no references
[1981.231s][debug][gc,ref         ] GC(44) ReferenceProcessor::execute queues: 1, RefProcThreadModel::Single, marks_oops_alive: false
[1981.231s][debug][gc,phases      ] GC(44) Reference Processing 0.143ms
[1981.232s][debug][gc,phases      ] GC(44)   VM Weak                        Min:  0.0, Avg:  0.0, Max:  0.0, Diff:  0.0, Sum:  0.0, Workers: 4
[1981.232s][debug][gc,phases      ] GC(44)     Dead                           Min: 0, Avg:  0.0, Max: 0, Diff: 0, Sum: 0, Workers: 4
[1981.232s][debug][gc,phases      ] GC(44)     Total                          Min: 0, Avg: 154.0, Max: 616, Diff: 616, Sum: 616, Workers: 4
[1981.232s][debug][gc,phases      ] GC(44)   ObjectSynchronizer Weak        Min:  0.0, Avg:  0.0, Max:  0.0, Diff:  0.0, Sum:  0.0, Workers: 4
[1981.232s][debug][gc,phases      ] GC(44)     Dead                           Min: 0, Avg:  0.2, Max: 1, Diff: 1, Sum: 1, Workers: 4
[1981.232s][debug][gc,phases      ] GC(44)     Total                          Min: 0, Avg: 14.0, Max: 56, Diff: 56, Sum: 56, Workers: 4
[1981.232s][debug][gc,phases      ] GC(44)   JVMTI Tag Weak OopStorage      Min:  0.0, Avg:  0.0, Max:  0.0, Diff:  0.0, Sum:  0.0, Workers: 4
[1981.232s][debug][gc,phases      ] GC(44)     Dead                           Min: 0, Avg:  0.0, Max: 0, Diff: 0, Sum: 0, Workers: 4
[1981.232s][debug][gc,phases      ] GC(44)     Total                          Min: 0, Avg:  0.0, Max: 0, Diff: 0, Sum: 0, Workers: 4
[1981.232s][debug][gc,phases      ] GC(44)   StringTable Weak               Min:  0.1, Avg:  0.1, Max:  0.1, Diff:  0.0, Sum:  0.4, Workers: 4
[1981.232s][debug][gc,phases      ] GC(44)     Dead                           Min: 0, Avg:  0.8, Max: 2, Diff: 2, Sum: 3, Workers: 4
[1981.232s][debug][gc,phases      ] GC(44)     Total                          Min: 10112, Avg: 11944.2, Max: 13921, Diff: 3809, Sum: 47777, Workers: 4
[1981.232s][debug][gc,phases      ] GC(44)   ResolvedMethodTable Weak       Min:  0.0, Avg:  0.0, Max:  0.0, Diff:  0.0, Sum:  0.1, Workers: 4
[1981.232s][debug][gc,phases      ] GC(44)     Dead                           Min: 0, Avg:  4.2, Max: 17, Diff: 17, Sum: 17, Workers: 4
[1981.232s][debug][gc,phases      ] GC(44)     Total                          Min: 1600, Avg: 1938.2, Max: 2176, Diff: 576, Sum: 7753, Workers: 4
[1981.232s][debug][gc,phases      ] GC(44)   JNI Weak                       Min:  0.0, Avg:  0.0, Max:  0.0, Diff:  0.0, Sum:  0.0, Workers: 4
[1981.232s][debug][gc,phases      ] GC(44)     Dead                           Min: 0, Avg:  0.0, Max: 0, Diff: 0, Sum: 0, Workers: 4
[1981.232s][debug][gc,phases      ] GC(44)     Total                          Min: 0, Avg:  0.0, Max: 0, Diff: 0, Sum: 0, Workers: 4
[1981.232s][debug][gc,phases      ] GC(44)   StringDedup Table Weak         Min:  0.0, Avg:  0.0, Max:  0.0, Diff:  0.0, Sum:  0.0, Workers: 4
[1981.232s][debug][gc,phases      ] GC(44)     Dead                           Min: 0, Avg:  0.0, Max: 0, Diff: 0, Sum: 0, Workers: 4
[1981.232s][debug][gc,phases      ] GC(44)     Total                          Min: 0, Avg:  0.0, Max: 0, Diff: 0, Sum: 0, Workers: 4
[1981.232s][debug][gc,phases      ] GC(44)   StringDedup Requests0 Weak     Min:  0.0, Avg:  0.0, Max:  0.0, Diff:  0.0, Sum:  0.0, Workers: 4
[1981.232s][debug][gc,phases      ] GC(44)     Dead                           Min: 0, Avg:  0.0, Max: 0, Diff: 0, Sum: 0, Workers: 4
[1981.232s][debug][gc,phases      ] GC(44)     Total                          Min: 0, Avg:  0.0, Max: 0, Diff: 0, Sum: 0, Workers: 4
[1981.232s][debug][gc,phases      ] GC(44)   StringDedup Requests1 Weak     Min:  0.0, Avg:  0.0, Max:  0.0, Diff:  0.0, Sum:  0.0, Workers: 4
[1981.232s][debug][gc,phases      ] GC(44)     Dead                           Min: 0, Avg:  0.0, Max: 0, Diff: 0, Sum: 0, Workers: 4
[1981.232s][debug][gc,phases      ] GC(44)     Total                          Min: 0, Avg:  0.0, Max: 0, Diff: 0, Sum: 0, Workers: 4
[1981.232s][debug][gc,phases      ] GC(44)   Weak JFR Old Object Samples    Min:  0.0, Avg:  0.0, Max:  0.0, Diff:  0.0, Sum:  0.0, Workers: 4
[1981.232s][debug][gc,phases      ] GC(44)     Dead                           Min: 0, Avg:  0.0, Max: 0, Diff: 0, Sum: 0, Workers: 4
[1981.232s][debug][gc,phases      ] GC(44)     Total                          Min: 0, Avg:  0.0, Max: 0, Diff: 0, Sum: 0, Workers: 4
[1981.232s][debug][gc,phases      ] GC(44) Weak Processing 0.352ms
[1981.232s][debug][gc,age         ] GC(44) Desired survivor size 161480704 bytes, new threshold 15 (max threshold 15)
[1981.232s][info ][gc,heap        ] GC(44) PSYoungGen: 1725056K(1905152K)->1232K(1939456K) Eden: 1724928K(1724928K)->0K(1770496K) From: 128K(180224K)->1232K(168960K)
[1981.232s][info ][gc,heap        ] GC(44) ParOldGen: 212914K(277504K)->212930K(277504K)
[1981.232s][info ][gc,metaspace   ] GC(44) Metaspace: 72091K(72832K)->72091K(72832K) NonClass: 61653K(62016K)->61653K(62016K) Class: 10437K(10816K)->10437K(10816K)
[1981.232s][info ][gc             ] GC(44) Pause Young (Allocation Failure) 1892M->209M(2165M) 2.945ms
[1981.232s][info ][gc,cpu         ] GC(44) User=0.01s Sys=0.00s Real=0.00s
[1981.232s][info ][safepoint      ] Safepoint "ParallelGCFailedAllocation", Time since last: 1553382133 ns, Reaching safepoint: 61302 ns, At safepoint: 3038687 ns, Total: 3099989 ns
[1982.232s][info ][safepoint      ] Safepoint "Cleanup", Time since last: 1000090671 ns, Reaching safepoint: 42801 ns, At safepoint: 3600 ns, Total: 46401 ns
[1984.232s][info ][safepoint      ] Safepoint "Cleanup", Time since last: 2000186042 ns, Reaching safepoint: 54102 ns, At safepoint: 5900 ns, Total: 60002 ns
[1988.233s][info ][safepoint      ] Safepoint "Cleanup", Time since last: 4000286483 ns, Reaching safepoint: 47202 ns, At safepoint: 2500 ns, Total: 49702 ns
[1999.233s][info ][safepoint      ] Safepoint "Cleanup", Time since last: 11000742681 ns, Reaching safepoint: 46402 ns, At safepoint: 2500 ns, Total: 48902 ns
[2000.234s][info ][safepoint      ] Safepoint "Cleanup", Time since last: 1000067571 ns, Reaching safepoint: 50702 ns, At safepoint: 8600 ns, Total: 59302 ns
[2001.234s][info ][safepoint      ] Safepoint "Cleanup", Time since last: 1000109473 ns, Reaching safepoint: 43201 ns, At safepoint: 12200 ns, Total: 55401 ns
[2002.234s][info ][safepoint      ] Safepoint "Cleanup", Time since last: 1000122973 ns, Reaching safepoint: 47002 ns, At safepoint: 7200 ns, Total: 54202 ns
[2015.235s][info ][safepoint      ] Safepoint "Cleanup", Time since last: 13000792811 ns, Reaching safepoint: 46701 ns, At safepoint: 12900 ns, Total: 59601 ns
[2016.235s][info ][safepoint      ] Safepoint "Cleanup", Time since last: 1000109450 ns, Reaching safepoint: 46801 ns, At safepoint: 4900 ns, Total: 51701 ns
[2021.235s][info ][safepoint      ] Safepoint "Cleanup", Time since last: 5000365377 ns, Reaching safepoint: 48802 ns, At safepoint: 5600 ns, Total: 54402 ns
[2022.236s][info ][safepoint      ] Safepoint "Cleanup", Time since last: 1000112363 ns, Reaching safepoint: 49201 ns, At safepoint: 2701 ns, Total: 51902 ns
[2024.236s][info ][safepoint      ] Safepoint "Cleanup", Time since last: 2000171932 ns, Reaching safepoint: 48501 ns, At safepoint: 3700 ns, Total: 52201 ns
[2025.236s][info ][safepoint      ] Safepoint "Cleanup", Time since last: 1000110671 ns, Reaching safepoint: 26800 ns, At safepoint: 2601 ns, Total: 29401 ns
[2031.236s][info ][safepoint      ] Safepoint "Cleanup", Time since last: 6000424363 ns, Reaching safepoint: 45301 ns, At safepoint: 12201 ns, Total: 57502 ns
[2032.237s][info ][safepoint      ] Safepoint "Cleanup", Time since last: 1000123986 ns, Reaching safepoint: 46902 ns, At safepoint: 2400 ns, Total: 49302 ns
[2035.237s][info ][safepoint      ] Safepoint "Cleanup", Time since last: 3000239770 ns, Reaching safepoint: 45301 ns, At safepoint: 3000 ns, Total: 48301 ns
[2046.238s][info ][safepoint      ] Safepoint "Cleanup", Time since last: 11000684159 ns, Reaching safepoint: 44801 ns, At safepoint: 2800 ns, Total: 47601 ns
[2049.029s][info ][gc,start       ] GC(45) Pause Young (Allocation Failure)
[2049.030s][debug][gc,phases      ] GC(45) Scavenge 1.499ms
[2049.030s][debug][gc,ref         ] GC(45) Skipped phase 1 of Reference Processing: no references
[2049.030s][debug][gc,ref         ] GC(45) ReferenceProcessor::execute queues: 1, RefProcThreadModel::Single, marks_oops_alive: false
[2049.030s][debug][gc,ref         ] GC(45) Skipped phase 3 of Reference Processing: no references
[2049.030s][debug][gc,ref         ] GC(45) Skipped phase 4 of Reference Processing: no references
[2049.030s][debug][gc,phases      ] GC(45) Reference Processing 0.106ms
[2049.031s][debug][gc,phases      ] GC(45)   VM Weak                        Min:  0.0, Avg:  0.0, Max:  0.0, Diff:  0.0, Sum:  0.0, Workers: 4
[2049.031s][debug][gc,phases      ] GC(45)     Dead                           Min: 0, Avg:  0.0, Max: 0, Diff: 0, Sum: 0, Workers: 4
[2049.031s][debug][gc,phases      ] GC(45)     Total                          Min: 0, Avg: 154.0, Max: 448, Diff: 448, Sum: 616, Workers: 4
[2049.031s][debug][gc,phases      ] GC(45)   ObjectSynchronizer Weak        Min:  0.0, Avg:  0.0, Max:  0.0, Diff:  0.0, Sum:  0.0, Workers: 4
[2049.031s][debug][gc,phases      ] GC(45)     Dead                           Min: 0, Avg:  0.0, Max: 0, Diff: 0, Sum: 0, Workers: 4
[2049.031s][debug][gc,phases      ] GC(45)     Total                          Min: 0, Avg: 14.0, Max: 56, Diff: 56, Sum: 56, Workers: 4
[2049.031s][debug][gc,phases      ] GC(45)   JVMTI Tag Weak OopStorage      Min:  0.0, Avg:  0.0, Max:  0.0, Diff:  0.0, Sum:  0.0, Workers: 4
[2049.031s][debug][gc,phases      ] GC(45)     Dead                           Min: 0, Avg:  0.0, Max: 0, Diff: 0, Sum: 0, Workers: 4
[2049.031s][debug][gc,phases      ] GC(45)     Total                          Min: 0, Avg:  0.0, Max: 0, Diff: 0, Sum: 0, Workers: 4
[2049.031s][debug][gc,phases      ] GC(45)   StringTable Weak               Min:  0.1, Avg:  0.1, Max:  0.1, Diff:  0.0, Sum:  0.4, Workers: 4
[2049.031s][debug][gc,phases      ] GC(45)     Dead                           Min: 0, Avg:  0.0, Max: 0, Diff: 0, Sum: 0, Workers: 4
[2049.031s][debug][gc,phases      ] GC(45)     Total                          Min: 9792, Avg: 11944.5, Max: 14434, Diff: 4642, Sum: 47778, Workers: 4
[2049.031s][debug][gc,phases      ] GC(45)   ResolvedMethodTable Weak       Min:  0.0, Avg:  0.0, Max:  0.0, Diff:  0.0, Sum:  0.1, Workers: 4
[2049.031s][debug][gc,phases      ] GC(45)     Dead                           Min: 0, Avg:  0.0, Max: 0, Diff: 0, Sum: 0, Workers: 4
[2049.031s][debug][gc,phases      ] GC(45)     Total                          Min: 1664, Avg: 1938.2, Max: 2249, Diff: 585, Sum: 7753, Workers: 4
[2049.031s][debug][gc,phases      ] GC(45)   JNI Weak                       Min:  0.0, Avg:  0.0, Max:  0.0, Diff:  0.0, Sum:  0.0, Workers: 4
[2049.031s][debug][gc,phases      ] GC(45)     Dead                           Min: 0, Avg:  0.0, Max: 0, Diff: 0, Sum: 0, Workers: 4
[2049.031s][debug][gc,phases      ] GC(45)     Total                          Min: 0, Avg:  0.0, Max: 0, Diff: 0, Sum: 0, Workers: 4
[2049.031s][debug][gc,phases      ] GC(45)   StringDedup Table Weak         Min:  0.0, Avg:  0.0, Max:  0.0, Diff:  0.0, Sum:  0.0, Workers: 4
[2049.031s][debug][gc,phases      ] GC(45)     Dead                           Min: 0, Avg:  0.0, Max: 0, Diff: 0, Sum: 0, Workers: 4
[2049.031s][debug][gc,phases      ] GC(45)     Total                          Min: 0, Avg:  0.0, Max: 0, Diff: 0, Sum: 0, Workers: 4
[2049.031s][debug][gc,phases      ] GC(45)   StringDedup Requests0 Weak     Min:  0.0, Avg:  0.0, Max:  0.0, Diff:  0.0, Sum:  0.0, Workers: 4
[2049.031s][debug][gc,phases      ] GC(45)     Dead                           Min: 0, Avg:  0.0, Max: 0, Diff: 0, Sum: 0, Workers: 4
[2049.031s][debug][gc,phases      ] GC(45)     Total                          Min: 0, Avg:  0.0, Max: 0, Diff: 0, Sum: 0, Workers: 4
[2049.031s][debug][gc,phases      ] GC(45)   StringDedup Requests1 Weak     Min:  0.0, Avg:  0.0, Max:  0.0, Diff:  0.0, Sum:  0.0, Workers: 4
[2049.031s][debug][gc,phases      ] GC(45)     Dead                           Min: 0, Avg:  0.0, Max: 0, Diff: 0, Sum: 0, Workers: 4
[2049.031s][debug][gc,phases      ] GC(45)     Total                          Min: 0, Avg:  0.0, Max: 0, Diff: 0, Sum: 0, Workers: 4
[2049.031s][debug][gc,phases      ] GC(45)   Weak JFR Old Object Samples    Min:  0.0, Avg:  0.0, Max:  0.0, Diff:  0.0, Sum:  0.0, Workers: 4
[2049.031s][debug][gc,phases      ] GC(45)     Dead                           Min: 0, Avg:  0.0, Max: 0, Diff: 0, Sum: 0, Workers: 4
[2049.031s][debug][gc,phases      ] GC(45)     Total                          Min: 0, Avg:  0.0, Max: 0, Diff: 0, Sum: 0, Workers: 4
[2049.031s][debug][gc,phases      ] GC(45) Weak Processing 0.315ms
[2049.031s][debug][gc,age         ] GC(45) Desired survivor size 150994944 bytes, new threshold 15 (max threshold 15)
[2049.031s][info ][gc,heap        ] GC(45) PSYoungGen: 1771728K(1939456K)->1232K(1928192K) Eden: 1770496K(1770496K)->0K(1770496K) From: 1232K(168960K)->1232K(157696K)
[2049.031s][info ][gc,heap        ] GC(45) ParOldGen: 212930K(277504K)->212946K(277504K)
[2049.031s][info ][gc,metaspace   ] GC(45) Metaspace: 72137K(72896K)->72137K(72896K) NonClass: 61699K(62080K)->61699K(62080K) Class: 10437K(10816K)->10437K(10816K)
[2049.031s][info ][gc             ] GC(45) Pause Young (Allocation Failure) 1938M->209M(2154M) 2.038ms
[2049.031s][info ][gc,cpu         ] GC(45) User=0.01s Sys=0.00s Real=0.00s
[2049.031s][info ][safepoint      ] Safepoint "ParallelGCFailedAllocation", Time since last: 2791075628 ns, Reaching safepoint: 54502 ns, At safepoint: 2109958 ns, Total: 2164460 ns
[2055.031s][info ][safepoint      ] Safepoint "Cleanup", Time since last: 6000415482 ns, Reaching safepoint: 44302 ns, At safepoint: 3300 ns, Total: 47602 ns
[2057.031s][info ][safepoint      ] Safepoint "Cleanup", Time since last: 2000143878 ns, Reaching safepoint: 44802 ns, At safepoint: 5400 ns, Total: 50202 ns
[2061.032s][info ][safepoint      ] Safepoint "Cleanup", Time since last: 4000311383 ns, Reaching safepoint: 49002 ns, At safepoint: 12200 ns, Total: 61202 ns
[2062.032s][info ][safepoint      ] Safepoint "Cleanup", Time since last: 1000107252 ns, Reaching safepoint: 53002 ns, At safepoint: 2400 ns, Total: 55402 ns
[2064.032s][info ][safepoint      ] Safepoint "Cleanup", Time since last: 2000189310 ns, Reaching safepoint: 52201 ns, At safepoint: 8000 ns, Total: 60201 ns
[2067.033s][info ][safepoint      ] Safepoint "Cleanup", Time since last: 3000239480 ns, Reaching safepoint: 46501 ns, At safepoint: 3300 ns, Total: 49801 ns
[2068.033s][info ][safepoint      ] Safepoint "Cleanup", Time since last: 1000117565 ns, Reaching safepoint: 43502 ns, At safepoint: 5700 ns, Total: 49202 ns
[2072.033s][info ][safepoint      ] Safepoint "Cleanup", Time since last: 4000299477 ns, Reaching safepoint: 46701 ns, At safepoint: 3800 ns, Total: 50501 ns
[2074.033s][info ][safepoint      ] Safepoint "Cleanup", Time since last: 2000177952 ns, Reaching safepoint: 47502 ns, At safepoint: 5000 ns, Total: 52502 ns
[2075.033s][info ][safepoint      ] Safepoint "Cleanup", Time since last: 1000117280 ns, Reaching safepoint: 39001 ns, At safepoint: 5200 ns, Total: 44201 ns
[2077.034s][info ][safepoint      ] Safepoint "Cleanup", Time since last: 2000174764 ns, Reaching safepoint: 43802 ns, At safepoint: 5000 ns, Total: 48802 ns
[2078.034s][info ][safepoint      ] Safepoint "Cleanup", Time since last: 1000104586 ns, Reaching safepoint: 57701 ns, At safepoint: 3300 ns, Total: 61001 ns
[2084.034s][info ][safepoint      ] Safepoint "Cleanup", Time since last: 6000415053 ns, Reaching safepoint: 38401 ns, At safepoint: 9800 ns, Total: 48201 ns
[2091.035s][info ][safepoint      ] Safepoint "Cleanup", Time since last: 7000469538 ns, Reaching safepoint: 45601 ns, At safepoint: 2200 ns, Total: 47801 ns
[2093.035s][info ][safepoint      ] Safepoint "Cleanup", Time since last: 2000186331 ns, Reaching safepoint: 42201 ns, At safepoint: 2400 ns, Total: 44601 ns
[2094.035s][info ][safepoint      ] Safepoint "Cleanup", Time since last: 1000094018 ns, Reaching safepoint: 55002 ns, At safepoint: 4700 ns, Total: 59702 ns
[2096.035s][info ][safepoint      ] Safepoint "Cleanup", Time since last: 2000196243 ns, Reaching safepoint: 55502 ns, At safepoint: 6700 ns, Total: 62202 ns
[2112.037s][info ][safepoint      ] Safepoint "Cleanup", Time since last: 16001090616 ns, Reaching safepoint: 195105 ns, At safepoint: 11400 ns, Total: 206505 ns
[2116.378s][info ][gc,start       ] GC(46) Pause Young (Allocation Failure)
[2116.380s][debug][gc,phases      ] GC(46) Scavenge 1.815ms
[2116.380s][debug][gc,ref         ] GC(46) Skipped phase 1 of Reference Processing: no references
[2116.380s][debug][gc,ref         ] GC(46) ReferenceProcessor::execute queues: 1, RefProcThreadModel::Single, marks_oops_alive: false
[2116.380s][debug][gc,ref         ] GC(46) Skipped phase 3 of Reference Processing: no references
[2116.380s][debug][gc,ref         ] GC(46) Skipped phase 4 of Reference Processing: no references
[2116.380s][debug][gc,phases      ] GC(46) Reference Processing 0.098ms
[2116.380s][debug][gc,phases      ] GC(46)   VM Weak                        Min:  0.0, Avg:  0.0, Max:  0.0, Diff:  0.0, Sum:  0.0, Workers: 4
[2116.380s][debug][gc,phases      ] GC(46)     Dead                           Min: 0, Avg:  0.0, Max: 0, Diff: 0, Sum: 0, Workers: 4
[2116.380s][debug][gc,phases      ] GC(46)     Total                          Min: 0, Avg: 154.0, Max: 616, Diff: 616, Sum: 616, Workers: 4
[2116.380s][debug][gc,phases      ] GC(46)   ObjectSynchronizer Weak        Min:  0.0, Avg:  0.0, Max:  0.0, Diff:  0.0, Sum:  0.0, Workers: 4
[2116.380s][debug][gc,phases      ] GC(46)     Dead                           Min: 0, Avg:  0.0, Max: 0, Diff: 0, Sum: 0, Workers: 4
[2116.380s][debug][gc,phases      ] GC(46)     Total                          Min: 0, Avg: 14.0, Max: 56, Diff: 56, Sum: 56, Workers: 4
[2116.380s][debug][gc,phases      ] GC(46)   JVMTI Tag Weak OopStorage      Min:  0.0, Avg:  0.0, Max:  0.0, Diff:  0.0, Sum:  0.0, Workers: 4
[2116.380s][debug][gc,phases      ] GC(46)     Dead                           Min: 0, Avg:  0.0, Max: 0, Diff: 0, Sum: 0, Workers: 4
[2116.380s][debug][gc,phases      ] GC(46)     Total                          Min: 0, Avg:  0.0, Max: 0, Diff: 0, Sum: 0, Workers: 4
[2116.380s][debug][gc,phases      ] GC(46)   StringTable Weak               Min:  0.1, Avg:  0.1, Max:  0.1, Diff:  0.0, Sum:  0.4, Workers: 4
[2116.380s][debug][gc,phases      ] GC(46)     Dead                           Min: 0, Avg:  0.0, Max: 0, Diff: 0, Sum: 0, Workers: 4
[2116.380s][debug][gc,phases      ] GC(46)     Total                          Min: 9600, Avg: 11947.5, Max: 15040, Diff: 5440, Sum: 47790, Workers: 4
[2116.380s][debug][gc,phases      ] GC(46)   ResolvedMethodTable Weak       Min:  0.0, Avg:  0.0, Max:  0.0, Diff:  0.0, Sum:  0.1, Workers: 4
[2116.380s][debug][gc,phases      ] GC(46)     Dead                           Min: 0, Avg:  0.0, Max: 0, Diff: 0, Sum: 0, Workers: 4
[2116.380s][debug][gc,phases      ] GC(46)     Total                          Min: 1792, Avg: 1938.2, Max: 2185, Diff: 393, Sum: 7753, Workers: 4
[2116.380s][debug][gc,phases      ] GC(46)   JNI Weak                       Min:  0.0, Avg:  0.0, Max:  0.0, Diff:  0.0, Sum:  0.0, Workers: 4
[2116.380s][debug][gc,phases      ] GC(46)     Dead                           Min: 0, Avg:  0.0, Max: 0, Diff: 0, Sum: 0, Workers: 4
[2116.380s][debug][gc,phases      ] GC(46)     Total                          Min: 0, Avg:  0.0, Max: 0, Diff: 0, Sum: 0, Workers: 4
[2116.380s][debug][gc,phases      ] GC(46)   StringDedup Table Weak         Min:  0.0, Avg:  0.0, Max:  0.0, Diff:  0.0, Sum:  0.0, Workers: 4
[2116.380s][debug][gc,phases      ] GC(46)     Dead                           Min: 0, Avg:  0.0, Max: 0, Diff: 0, Sum: 0, Workers: 4
[2116.380s][debug][gc,phases      ] GC(46)     Total                          Min: 0, Avg:  0.0, Max: 0, Diff: 0, Sum: 0, Workers: 4
[2116.380s][debug][gc,phases      ] GC(46)   StringDedup Requests0 Weak     Min:  0.0, Avg:  0.0, Max:  0.0, Diff:  0.0, Sum:  0.0, Workers: 4
[2116.380s][debug][gc,phases      ] GC(46)     Dead                           Min: 0, Avg:  0.0, Max: 0, Diff: 0, Sum: 0, Workers: 4
[2116.380s][debug][gc,phases      ] GC(46)     Total                          Min: 0, Avg:  0.0, Max: 0, Diff: 0, Sum: 0, Workers: 4
[2116.380s][debug][gc,phases      ] GC(46)   StringDedup Requests1 Weak     Min:  0.0, Avg:  0.0, Max:  0.0, Diff:  0.0, Sum:  0.0, Workers: 4
[2116.380s][debug][gc,phases      ] GC(46)     Dead                           Min: 0, Avg:  0.0, Max: 0, Diff: 0, Sum: 0, Workers: 4
[2116.380s][debug][gc,phases      ] GC(46)     Total                          Min: 0, Avg:  0.0, Max: 0, Diff: 0, Sum: 0, Workers: 4
[2116.380s][debug][gc,phases      ] GC(46)   Weak JFR Old Object Samples    Min:  0.0, Avg:  0.0, Max:  0.0, Diff:  0.0, Sum:  0.0, Workers: 4
[2116.380s][debug][gc,phases      ] GC(46)     Dead                           Min: 0, Avg:  0.0, Max: 0, Diff: 0, Sum: 0, Workers: 4
[2116.380s][debug][gc,phases      ] GC(46)     Total                          Min: 0, Avg:  0.0, Max: 0, Diff: 0, Sum: 0, Workers: 4
[2116.380s][debug][gc,phases      ] GC(46) Weak Processing 0.317ms
[2116.380s][debug][gc,age         ] GC(46) Desired survivor size 140509184 bytes, new threshold 15 (max threshold 15)
[2116.380s][info ][gc,heap        ] GC(46) PSYoungGen: 1771728K(1928192K)->1232K(1959936K) Eden: 1770496K(1770496K)->0K(1812480K) From: 1232K(157696K)->1232K(147456K)
[2116.380s][info ][gc,heap        ] GC(46) ParOldGen: 212946K(277504K)->212954K(277504K)
[2116.380s][info ][gc,metaspace   ] GC(46) Metaspace: 72170K(73024K)->72170K(73024K) NonClass: 61732K(62208K)->61732K(62208K) Class: 10437K(10816K)->10437K(10816K)
[2116.381s][info ][gc             ] GC(46) Pause Young (Allocation Failure) 1938M->209M(2185M) 2.347ms
[2116.381s][info ][gc,cpu         ] GC(46) User=0.01s Sys=0.00s Real=0.00s
[2116.381s][info ][safepoint      ] Safepoint "ParallelGCFailedAllocation", Time since last: 4341367934 ns, Reaching safepoint: 24600 ns, At safepoint: 2409967 ns, Total: 2434567 ns
[2120.381s][info ][safepoint      ] Safepoint "Cleanup", Time since last: 4000286966 ns, Reaching safepoint: 287108 ns, At safepoint: 6400 ns, Total: 293508 ns
[2136.382s][info ][safepoint      ] Safepoint "Cleanup", Time since last: 16001033366 ns, Reaching safepoint: 47201 ns, At safepoint: 26101 ns, Total: 73302 ns
[2154.383s][info ][safepoint      ] Safepoint "Cleanup", Time since last: 18001178803 ns, Reaching safepoint: 44301 ns, At safepoint: 6400 ns, Total: 50701 ns
[2158.020s][info ][safepoint      ] Safepoint "Cleanup", Time since last: 3636325389 ns, Reaching safepoint: 78702 ns, At safepoint: 12800 ns, Total: 91502 ns
[2158.343s][info ][gc,heap,exit   ] Heap
[2158.343s][info ][gc,heap,exit   ]  PSYoungGen      total 1959936K, used 1229282K [0x0000000780000000, 0x0000000800000000, 0x0000000800000000)
[2158.343s][info ][gc,heap,exit   ]   eden space 1812480K, 67% used [0x0000000780000000,0x00000007caf448d8,0x00000007eea00000)
[2158.343s][info ][gc,heap,exit   ]   from space 147456K, 0% used [0x00000007f7000000,0x00000007f7134108,0x0000000800000000)
[2158.343s][info ][gc,heap,exit   ]   to   space 137216K, 0% used [0x00000007eea00000,0x00000007eea00000,0x00000007f7000000)
[2158.343s][info ][gc,heap,exit   ]  ParOldGen       total 277504K, used 212954K [0x0000000740000000, 0x0000000750f00000, 0x0000000780000000)
[2158.343s][info ][gc,heap,exit   ]   object space 277504K, 76% used [0x0000000740000000,0x000000074cff6a20,0x0000000750f00000)
[2158.343s][info ][gc,heap,exit   ]  Metaspace       used 72256K, committed 73024K, reserved 1114112K
[2158.343s][info ][gc,heap,exit   ]   class space    used 10451K, committed 10816K, reserved 1048576K
