[0.003s][info][gc] Using Parallel
[0.004s][info][gc,init] Version: 17.0.7+7-LTS (release)
[0.004s][info][gc,init] CPUs: 4 total, 4 available
[0.005s][info][gc,init] Memory: 16003M
[0.005s][info][gc,init] Large Page Support: Disabled
[0.005s][info][gc,init] NUMA Support: Disabled
[0.005s][info][gc,init] Compressed Oops: Enabled (Zero based)
[0.005s][info][gc,init] Alignments: Space 512K, Generation 512K, Heap 2M
[0.005s][info][gc,init] Heap Min Capacity: 2054M
[0.005s][info][gc,init] Heap Initial Capacity: 2054M
[0.005s][info][gc,init] Heap Max Capacity: 3G
[0.005s][info][gc,init] Pre-touch: Disabled
[0.005s][info][gc,init] Parallel Workers: 4
[0.005s][info][gc,metaspace] CDS archive(s) mapped at: [0x0000000800000000-0x0000000800be1000-0x0000000800be1000), size 12455936, SharedBaseAddress: 0x0000000800000000, ArchiveRelocationMode: 0.
[0.005s][info][gc,metaspace] Compressed class space mapped at: 0x0000000801000000-0x0000000841000000, reserved size: 1073741824
[0.005s][info][gc,metaspace] Narrow klass base: 0x0000000800000000, Narrow klass shift: 0, Narrow klass range: 0x100000000
[0.768s][info][safepoint   ] Safepoint "ICBufferFull", Time since last: 754910560 ns, Reaching safepoint: 200800 ns, At safepoint: 7800 ns, Total: 208600 ns
[1.199s][info][safepoint   ] Safepoint "ICBufferFull", Time since last: 430627591 ns, Reaching safepoint: 266200 ns, At safepoint: 2700 ns, Total: 268900 ns
[1.697s][info][gc,start    ] GC(0) Pause Young (Metadata GC Threshold)
[1.713s][debug][gc,phases   ] GC(0) Scavenge 15.155ms
[1.713s][debug][gc,ref      ] GC(0) Skipped phase 1 of Reference Processing: no references
[1.713s][debug][gc,ref      ] GC(0) ReferenceProcessor::execute queues: 4, RefProcThreadModel::Multi, marks_oops_alive: false
[1.713s][debug][gc,ref      ] GC(0) Skipped phase 3 of Reference Processing: no references
[1.713s][debug][gc,ref      ] GC(0) ReferenceProcessor::execute queues: 1, RefProcThreadModel::Single, marks_oops_alive: false
[1.713s][debug][gc,phases   ] GC(0) Reference Processing 0.384ms
[1.713s][debug][gc,phases   ] GC(0)   VM Weak                        Min:  0.0, Avg:  0.0, Max:  0.0, Diff:  0.0, Sum:  0.0, Workers: 4
[1.713s][debug][gc,phases   ] GC(0)     Dead                           Min: 0, Avg:  0.0, Max: 0, Diff: 0, Sum: 0, Workers: 4
[1.713s][debug][gc,phases   ] GC(0)     Total                          Min: 0, Avg: 58.0, Max: 232, Diff: 232, Sum: 232, Workers: 4
[1.713s][debug][gc,phases   ] GC(0)   ObjectSynchronizer Weak        Min:  0.0, Avg:  0.0, Max:  0.0, Diff:  0.0, Sum:  0.0, Workers: 4
[1.713s][debug][gc,phases   ] GC(0)     Dead                           Min: 0, Avg:  0.5, Max: 2, Diff: 2, Sum: 2, Workers: 4
[1.713s][debug][gc,phases   ] GC(0)     Total                          Min: 0, Avg:  1.8, Max: 7, Diff: 7, Sum: 7, Workers: 4
[1.713s][debug][gc,phases   ] GC(0)   JVMTI Tag Weak OopStorage      Min:  0.0, Avg:  0.0, Max:  0.0, Diff:  0.0, Sum:  0.0, Workers: 4
[1.713s][debug][gc,phases   ] GC(0)     Dead                           Min: 0, Avg:  0.0, Max: 0, Diff: 0, Sum: 0, Workers: 4
[1.713s][debug][gc,phases   ] GC(0)     Total                          Min: 0, Avg:  0.0, Max: 0, Diff: 0, Sum: 0, Workers: 4
[1.713s][debug][gc,phases   ] GC(0)   StringTable Weak               Min:  0.0, Avg:  0.1, Max:  0.1, Diff:  0.1, Sum:  0.3, Workers: 4
[1.713s][debug][gc,phases   ] GC(0)     Dead                           Min: 0, Avg:  6.5, Max: 15, Diff: 15, Sum: 26, Workers: 4
[1.713s][debug][gc,phases   ] GC(0)     Total                          Min: 0, Avg: 3273.0, Max: 4992, Diff: 4992, Sum: 13092, Workers: 4
[1.713s][debug][gc,phases   ] GC(0)   ResolvedMethodTable Weak       Min:  0.0, Avg:  0.0, Max:  0.0, Diff:  0.0, Sum:  0.0, Workers: 4
[1.713s][debug][gc,phases   ] GC(0)     Dead                           Min: 0, Avg: 20.5, Max: 33, Diff: 33, Sum: 82, Workers: 4
[1.713s][debug][gc,phases   ] GC(0)     Total                          Min: 0, Avg: 320.8, Max: 448, Diff: 448, Sum: 1283, Workers: 4
[1.713s][debug][gc,phases   ] GC(0)   JNI Weak                       Min:  0.0, Avg:  0.0, Max:  0.0, Diff:  0.0, Sum:  0.0, Workers: 4
[1.713s][debug][gc,phases   ] GC(0)     Dead                           Min: 0, Avg:  0.0, Max: 0, Diff: 0, Sum: 0, Workers: 4
[1.713s][debug][gc,phases   ] GC(0)     Total                          Min: 0, Avg: 11.2, Max: 45, Diff: 45, Sum: 45, Workers: 4
[1.713s][debug][gc,phases   ] GC(0)   StringDedup Table Weak         Min:  0.0, Avg:  0.0, Max:  0.0, Diff:  0.0, Sum:  0.0, Workers: 4
[1.713s][debug][gc,phases   ] GC(0)     Dead                           Min: 0, Avg:  0.0, Max: 0, Diff: 0, Sum: 0, Workers: 4
[1.713s][debug][gc,phases   ] GC(0)     Total                          Min: 0, Avg:  0.0, Max: 0, Diff: 0, Sum: 0, Workers: 4
[1.713s][debug][gc,phases   ] GC(0)   StringDedup Requests0 Weak     Min:  0.0, Avg:  0.0, Max:  0.0, Diff:  0.0, Sum:  0.0, Workers: 4
[1.713s][debug][gc,phases   ] GC(0)     Dead                           Min: 0, Avg:  0.0, Max: 0, Diff: 0, Sum: 0, Workers: 4
[1.713s][debug][gc,phases   ] GC(0)     Total                          Min: 0, Avg:  0.0, Max: 0, Diff: 0, Sum: 0, Workers: 4
[1.713s][debug][gc,phases   ] GC(0)   StringDedup Requests1 Weak     Min:  0.0, Avg:  0.0, Max:  0.0, Diff:  0.0, Sum:  0.0, Workers: 4
[1.713s][debug][gc,phases   ] GC(0)     Dead                           Min: 0, Avg:  0.0, Max: 0, Diff: 0, Sum: 0, Workers: 4
[1.713s][debug][gc,phases   ] GC(0)     Total                          Min: 0, Avg:  0.0, Max: 0, Diff: 0, Sum: 0, Workers: 4
[1.713s][debug][gc,phases   ] GC(0)   Weak JFR Old Object Samples    Min:  0.0, Avg:  0.0, Max:  0.0, Diff:  0.0, Sum:  0.0, Workers: 4
[1.713s][debug][gc,phases   ] GC(0)     Dead                           Min: 0, Avg:  0.0, Max: 0, Diff: 0, Sum: 0, Workers: 4
[1.713s][debug][gc,phases   ] GC(0)     Total                          Min: 0, Avg:  0.0, Max: 0, Diff: 0, Sum: 0, Workers: 4
[1.713s][debug][gc,phases   ] GC(0) Weak Processing 0.281ms
[1.713s][debug][gc,age      ] GC(0) Desired survivor size 536870912 bytes, new threshold 7 (max threshold 15)
[1.713s][info ][gc,heap     ] GC(0) PSYoungGen: 251662K(1572864K)->31507K(1572864K) Eden: 251662K(1048576K)->0K(1048576K) From: 0K(524288K)->31507K(524288K)
[1.713s][info ][gc,heap     ] GC(0) ParOldGen: 0K(6144K)->96K(6144K)
[1.713s][info ][gc,metaspace] GC(0) Metaspace: 21175K(21504K)->21175K(21504K) NonClass: 18680K(18880K)->18680K(18880K) Class: 2495K(2624K)->2495K(2624K)
[1.713s][info ][gc          ] GC(0) Pause Young (Metadata GC Threshold) 245M->30M(1542M) 16.144ms
[1.713s][info ][gc,cpu      ] GC(0) User=0.03s Sys=0.02s Real=0.02s
[1.713s][debug][gc,phases   ] GC(1) Pre Compact 0.014ms
[1.713s][info ][gc,start    ] GC(1) Pause Full (Metadata GC Threshold)
[1.713s][info ][gc,phases,start] GC(1) Marking Phase
[1.723s][debug][gc,phases      ] GC(1) Par Mark 9.630ms
[1.723s][debug][gc,ref         ] GC(1) Skipped phase 1 of Reference Processing: no references
[1.723s][debug][gc,ref         ] GC(1) ReferenceProcessor::execute queues: 3, RefProcThreadModel::Multi, marks_oops_alive: false
[1.723s][debug][gc,ref         ] GC(1) Skipped phase 3 of Reference Processing: no references
[1.723s][debug][gc,ref         ] GC(1) ReferenceProcessor::execute queues: 1, RefProcThreadModel::Single, marks_oops_alive: false
[1.723s][debug][gc,phases      ] GC(1) Reference Processing 0.159ms
[1.723s][debug][gc,phases      ] GC(1)   VM Weak                        Min:  0.0, Avg:  0.0, Max:  0.0, Diff:  0.0, Sum:  0.0, Workers: 4
[1.723s][debug][gc,phases      ] GC(1)     Dead                           Min: 0, Avg:  0.0, Max: 0, Diff: 0, Sum: 0, Workers: 4
[1.723s][debug][gc,phases      ] GC(1)     Total                          Min: 0, Avg: 58.0, Max: 232, Diff: 232, Sum: 232, Workers: 4
[1.723s][debug][gc,phases      ] GC(1)   ObjectSynchronizer Weak        Min:  0.0, Avg:  0.0, Max:  0.0, Diff:  0.0, Sum:  0.0, Workers: 4
[1.723s][debug][gc,phases      ] GC(1)     Dead                           Min: 0, Avg:  0.0, Max: 0, Diff: 0, Sum: 0, Workers: 4
[1.723s][debug][gc,phases      ] GC(1)     Total                          Min: 0, Avg:  1.8, Max: 7, Diff: 7, Sum: 7, Workers: 4
[1.723s][debug][gc,phases      ] GC(1)   JVMTI Tag Weak OopStorage      Min:  0.0, Avg:  0.0, Max:  0.0, Diff:  0.0, Sum:  0.0, Workers: 4
[1.723s][debug][gc,phases      ] GC(1)     Dead                           Min: 0, Avg:  0.0, Max: 0, Diff: 0, Sum: 0, Workers: 4
[1.723s][debug][gc,phases      ] GC(1)     Total                          Min: 0, Avg:  0.0, Max: 0, Diff: 0, Sum: 0, Workers: 4
[1.723s][debug][gc,phases      ] GC(1)   StringTable Weak               Min:  0.0, Avg:  0.0, Max:  0.1, Diff:  0.1, Sum:  0.1, Workers: 4
[1.723s][debug][gc,phases      ] GC(1)     Dead                           Min: 0, Avg:  0.0, Max: 0, Diff: 0, Sum: 0, Workers: 4
[1.723s][debug][gc,phases      ] GC(1)     Total                          Min: 0, Avg: 3273.0, Max: 6912, Diff: 6912, Sum: 13092, Workers: 4
[1.723s][debug][gc,phases      ] GC(1)   ResolvedMethodTable Weak       Min:  0.0, Avg:  0.0, Max:  0.0, Diff:  0.0, Sum:  0.0, Workers: 4
[1.723s][debug][gc,phases      ] GC(1)     Dead                           Min: 0, Avg:  0.0, Max: 0, Diff: 0, Sum: 0, Workers: 4
[1.723s][debug][gc,phases      ] GC(1)     Total                          Min: 0, Avg: 320.8, Max: 643, Diff: 643, Sum: 1283, Workers: 4
[1.723s][debug][gc,phases      ] GC(1)   JNI Weak                       Min:  0.0, Avg:  0.0, Max:  0.0, Diff:  0.0, Sum:  0.0, Workers: 4
[1.723s][debug][gc,phases      ] GC(1)     Dead                           Min: 0, Avg:  0.0, Max: 0, Diff: 0, Sum: 0, Workers: 4
[1.723s][debug][gc,phases      ] GC(1)     Total                          Min: 0, Avg: 11.2, Max: 45, Diff: 45, Sum: 45, Workers: 4
[1.723s][debug][gc,phases      ] GC(1)   StringDedup Table Weak         Min:  0.0, Avg:  0.0, Max:  0.0, Diff:  0.0, Sum:  0.0, Workers: 4
[1.723s][debug][gc,phases      ] GC(1)     Dead                           Min: 0, Avg:  0.0, Max: 0, Diff: 0, Sum: 0, Workers: 4
[1.723s][debug][gc,phases      ] GC(1)     Total                          Min: 0, Avg:  0.0, Max: 0, Diff: 0, Sum: 0, Workers: 4
[1.723s][debug][gc,phases      ] GC(1)   StringDedup Requests0 Weak     Min:  0.0, Avg:  0.0, Max:  0.0, Diff:  0.0, Sum:  0.0, Workers: 4
[1.723s][debug][gc,phases      ] GC(1)     Dead                           Min: 0, Avg:  0.0, Max: 0, Diff: 0, Sum: 0, Workers: 4
[1.723s][debug][gc,phases      ] GC(1)     Total                          Min: 0, Avg:  0.0, Max: 0, Diff: 0, Sum: 0, Workers: 4
[1.723s][debug][gc,phases      ] GC(1)   StringDedup Requests1 Weak     Min:  0.0, Avg:  0.0, Max:  0.0, Diff:  0.0, Sum:  0.0, Workers: 4
[1.723s][debug][gc,phases      ] GC(1)     Dead                           Min: 0, Avg:  0.0, Max: 0, Diff: 0, Sum: 0, Workers: 4
[1.723s][debug][gc,phases      ] GC(1)     Total                          Min: 0, Avg:  0.0, Max: 0, Diff: 0, Sum: 0, Workers: 4
[1.724s][debug][gc,phases      ] GC(1)   Weak JFR Old Object Samples    Min:  0.0, Avg:  0.0, Max:  0.0, Diff:  0.0, Sum:  0.0, Workers: 4
[1.724s][debug][gc,phases      ] GC(1)     Dead                           Min: 0, Avg:  0.0, Max: 0, Diff: 0, Sum: 0, Workers: 4
[1.724s][debug][gc,phases      ] GC(1)     Total                          Min: 0, Avg:  0.0, Max: 0, Diff: 0, Sum: 0, Workers: 4
[1.724s][debug][gc,phases      ] GC(1) Weak Processing 0.314ms
[1.724s][debug][gc,phases      ] GC(1) ClassLoaderData 0.016ms
[1.724s][debug][gc,phases      ] GC(1) Trigger cleanups 0.000ms
[1.727s][debug][gc,phases      ] GC(1) Class Unloading 3.346ms
[1.727s][info ][gc,phases      ] GC(1) Marking Phase 13.537ms
[1.727s][info ][gc,phases,start] GC(1) Summary Phase
[1.727s][info ][gc,phases      ] GC(1) Summary Phase 0.007ms
[1.727s][info ][gc,phases,start] GC(1) Adjust Roots
[1.731s][info ][gc,phases      ] GC(1) Adjust Roots 4.059ms
[1.731s][info ][gc,phases,start] GC(1) Compaction Phase
[1.753s][info ][gc,phases      ] GC(1) Compaction Phase 21.984ms
[1.753s][info ][gc,phases,start] GC(1) Post Compact
[1.754s][info ][gc,phases      ] GC(1) Post Compact 0.896ms
[1.754s][info ][gc,heap        ] GC(1) PSYoungGen: 31507K(1572864K)->25719K(1572864K) Eden: 0K(1048576K)->0K(1048576K) From: 31507K(524288K)->25719K(524288K)
[1.754s][info ][gc,heap        ] GC(1) ParOldGen: 96K(6144K)->5725K(6144K)
[1.754s][info ][gc,metaspace   ] GC(1) Metaspace: 21175K(21504K)->21175K(21504K) NonClass: 18680K(18880K)->18680K(18880K) Class: 2495K(2624K)->2495K(2624K)
[1.754s][info ][gc             ] GC(1) Pause Full (Metadata GC Threshold) 30M->30M(1542M) 40.603ms
[1.754s][info ][gc,cpu         ] GC(1) User=0.09s Sys=0.00s Real=0.04s
[1.754s][info ][safepoint      ] Safepoint "CollectForMetadataAllocation", Time since last: 497997967 ns, Reaching safepoint: 146800 ns, At safepoint: 56853865 ns, Total: 57000665 ns
[1.905s][info ][safepoint      ] Safepoint "ICBufferFull", Time since last: 151247572 ns, Reaching safepoint: 151800 ns, At safepoint: 7300 ns, Total: 159100 ns
[2.018s][info ][safepoint      ] Safepoint "ICBufferFull", Time since last: 112082228 ns, Reaching safepoint: 142600 ns, At safepoint: 4900 ns, Total: 147500 ns
[2.229s][info ][safepoint      ] Safepoint "ICBufferFull", Time since last: 210733240 ns, Reaching safepoint: 181400 ns, At safepoint: 2300 ns, Total: 183700 ns
[2.499s][info ][safepoint      ] Safepoint "ICBufferFull", Time since last: 270374408 ns, Reaching safepoint: 246001 ns, At safepoint: 10900 ns, Total: 256901 ns
[2.761s][info ][safepoint      ] Safepoint "ICBufferFull", Time since last: 261912898 ns, Reaching safepoint: 174900 ns, At safepoint: 7000 ns, Total: 181900 ns
[2.854s][info ][safepoint      ] Safepoint "ICBufferFull", Time since last: 92578205 ns, Reaching safepoint: 138601 ns, At safepoint: 2100 ns, Total: 140701 ns
[3.013s][info ][safepoint      ] Safepoint "ICBufferFull", Time since last: 158704180 ns, Reaching safepoint: 214201 ns, At safepoint: 2200 ns, Total: 216401 ns
[3.120s][info ][safepoint      ] Safepoint "ICBufferFull", Time since last: 106337721 ns, Reaching safepoint: 254200 ns, At safepoint: 9500 ns, Total: 263700 ns
[3.361s][info ][safepoint      ] Safepoint "ICBufferFull", Time since last: 241169980 ns, Reaching safepoint: 237000 ns, At safepoint: 8600 ns, Total: 245600 ns
[3.511s][info ][safepoint      ] Safepoint "ICBufferFull", Time since last: 149920780 ns, Reaching safepoint: 143900 ns, At safepoint: 4800 ns, Total: 148700 ns
[3.650s][info ][safepoint      ] Safepoint "ICBufferFull", Time since last: 138641366 ns, Reaching safepoint: 163300 ns, At safepoint: 6700 ns, Total: 170000 ns
[3.709s][info ][gc,start       ] GC(2) Pause Young (Metadata GC Threshold)
[3.757s][debug][gc,phases      ] GC(2) Scavenge 48.224ms
[3.757s][debug][gc,ref         ] GC(2) Skipped phase 1 of Reference Processing: no references
[3.757s][debug][gc,ref         ] GC(2) ReferenceProcessor::execute queues: 4, RefProcThreadModel::Multi, marks_oops_alive: false
[3.757s][debug][gc,ref         ] GC(2) Skipped phase 3 of Reference Processing: no references
[3.757s][debug][gc,ref         ] GC(2) ReferenceProcessor::execute queues: 1, RefProcThreadModel::Single, marks_oops_alive: false
[3.757s][debug][gc,phases      ] GC(2) Reference Processing 0.378ms
[3.757s][debug][gc,phases      ] GC(2)   VM Weak                        Min:  0.0, Avg:  0.0, Max:  0.0, Diff:  0.0, Sum:  0.0, Workers: 4
[3.757s][debug][gc,phases      ] GC(2)     Dead                           Min: 0, Avg:  0.0, Max: 0, Diff: 0, Sum: 0, Workers: 4
[3.757s][debug][gc,phases      ] GC(2)     Total                          Min: 0, Avg: 88.5, Max: 162, Diff: 162, Sum: 354, Workers: 4
[3.757s][debug][gc,phases      ] GC(2)   ObjectSynchronizer Weak        Min:  0.0, Avg:  0.0, Max:  0.0, Diff:  0.0, Sum:  0.0, Workers: 4
[3.757s][debug][gc,phases      ] GC(2)     Dead                           Min: 0, Avg:  0.0, Max: 0, Diff: 0, Sum: 0, Workers: 4
[3.757s][debug][gc,phases      ] GC(2)     Total                          Min: 0, Avg:  1.8, Max: 7, Diff: 7, Sum: 7, Workers: 4
[3.757s][debug][gc,phases      ] GC(2)   JVMTI Tag Weak OopStorage      Min:  0.0, Avg:  0.0, Max:  0.0, Diff:  0.0, Sum:  0.0, Workers: 4
[3.757s][debug][gc,phases      ] GC(2)     Dead                           Min: 0, Avg:  0.0, Max: 0, Diff: 0, Sum: 0, Workers: 4
[3.757s][debug][gc,phases      ] GC(2)     Total                          Min: 0, Avg:  0.0, Max: 0, Diff: 0, Sum: 0, Workers: 4
[3.757s][debug][gc,phases      ] GC(2)   StringTable Weak               Min:  0.2, Avg:  0.2, Max:  0.2, Diff:  0.0, Sum:  0.6, Workers: 4
[3.757s][debug][gc,phases      ] GC(2)     Dead                           Min: 1, Avg:  2.2, Max: 3, Diff: 2, Sum: 9, Workers: 4
[3.758s][debug][gc,phases      ] GC(2)     Total                          Min: 6080, Avg: 6527.2, Max: 7101, Diff: 1021, Sum: 26109, Workers: 4
[3.758s][debug][gc,phases      ] GC(2)   ResolvedMethodTable Weak       Min:  0.0, Avg:  0.0, Max:  0.0, Diff:  0.0, Sum:  0.1, Workers: 4
[3.758s][debug][gc,phases      ] GC(2)     Dead                           Min: 0, Avg: 14.2, Max: 29, Diff: 29, Sum: 57, Workers: 4
[3.758s][debug][gc,phases      ] GC(2)     Total                          Min: 512, Avg: 612.2, Max: 721, Diff: 209, Sum: 2449, Workers: 4
[3.758s][debug][gc,phases      ] GC(2)   JNI Weak                       Min:  0.0, Avg:  0.0, Max:  0.0, Diff:  0.0, Sum:  0.0, Workers: 4
[3.758s][debug][gc,phases      ] GC(2)     Dead                           Min: 0, Avg:  0.0, Max: 0, Diff: 0, Sum: 0, Workers: 4
[3.758s][debug][gc,phases      ] GC(2)     Total                          Min: 0, Avg: 11.2, Max: 45, Diff: 45, Sum: 45, Workers: 4
[3.758s][debug][gc,phases      ] GC(2)   StringDedup Table Weak         Min:  0.0, Avg:  0.0, Max:  0.0, Diff:  0.0, Sum:  0.0, Workers: 4
[3.758s][debug][gc,phases      ] GC(2)     Dead                           Min: 0, Avg:  0.0, Max: 0, Diff: 0, Sum: 0, Workers: 4
[3.758s][debug][gc,phases      ] GC(2)     Total                          Min: 0, Avg:  0.0, Max: 0, Diff: 0, Sum: 0, Workers: 4
[3.758s][debug][gc,phases      ] GC(2)   StringDedup Requests0 Weak     Min:  0.0, Avg:  0.0, Max:  0.0, Diff:  0.0, Sum:  0.0, Workers: 4
[3.758s][debug][gc,phases      ] GC(2)     Dead                           Min: 0, Avg:  0.0, Max: 0, Diff: 0, Sum: 0, Workers: 4
[3.758s][debug][gc,phases      ] GC(2)     Total                          Min: 0, Avg:  0.0, Max: 0, Diff: 0, Sum: 0, Workers: 4
[3.758s][debug][gc,phases      ] GC(2)   StringDedup Requests1 Weak     Min:  0.0, Avg:  0.0, Max:  0.0, Diff:  0.0, Sum:  0.0, Workers: 4
[3.758s][debug][gc,phases      ] GC(2)     Dead                           Min: 0, Avg:  0.0, Max: 0, Diff: 0, Sum: 0, Workers: 4
[3.758s][debug][gc,phases      ] GC(2)     Total                          Min: 0, Avg:  0.0, Max: 0, Diff: 0, Sum: 0, Workers: 4
[3.758s][debug][gc,phases      ] GC(2)   Weak JFR Old Object Samples    Min:  0.0, Avg:  0.0, Max:  0.0, Diff:  0.0, Sum:  0.0, Workers: 4
[3.758s][debug][gc,phases      ] GC(2)     Dead                           Min: 0, Avg:  0.0, Max: 0, Diff: 0, Sum: 0, Workers: 4
[3.758s][debug][gc,phases      ] GC(2)     Total                          Min: 0, Avg:  0.0, Max: 0, Diff: 0, Sum: 0, Workers: 4
[3.758s][debug][gc,phases      ] GC(2) Weak Processing 0.347ms
[3.758s][debug][gc,age         ] GC(2) Desired survivor size 536870912 bytes, new threshold 7 (max threshold 15)
[3.758s][info ][gc,heap        ] GC(2) PSYoungGen: 550008K(1572864K)->82505K(1572864K) Eden: 524288K(1048576K)->0K(1048576K) From: 25719K(524288K)->82505K(524288K)
[3.758s][info ][gc,heap        ] GC(2) ParOldGen: 5725K(6144K)->5733K(6144K)
[3.758s][info ][gc,metaspace   ] GC(2) Metaspace: 35355K(35840K)->35355K(35840K) NonClass: 30717K(30976K)->30717K(30976K) Class: 4637K(4864K)->4637K(4864K)
[3.758s][info ][gc             ] GC(2) Pause Young (Metadata GC Threshold) 542M->86M(1542M) 49.054ms
[3.758s][info ][gc,cpu         ] GC(2) User=0.15s Sys=0.03s Real=0.05s
[3.758s][debug][gc,phases      ] GC(3) Pre Compact 0.008ms
[3.758s][info ][gc,start       ] GC(3) Pause Full (Metadata GC Threshold)
[3.758s][info ][gc,phases,start] GC(3) Marking Phase
[3.789s][debug][gc,phases      ] GC(3) Par Mark 30.985ms
[3.789s][debug][gc,ref         ] GC(3) Skipped phase 1 of Reference Processing: no references
[3.789s][debug][gc,ref         ] GC(3) ReferenceProcessor::execute queues: 4, RefProcThreadModel::Multi, marks_oops_alive: false
[3.789s][debug][gc,ref         ] GC(3) Skipped phase 3 of Reference Processing: no references
[3.789s][debug][gc,ref         ] GC(3) ReferenceProcessor::execute queues: 1, RefProcThreadModel::Single, marks_oops_alive: false
[3.789s][debug][gc,phases      ] GC(3) Reference Processing 0.462ms
[3.789s][debug][gc,phases      ] GC(3)   VM Weak                        Min:  0.0, Avg:  0.0, Max:  0.0, Diff:  0.0, Sum:  0.0, Workers: 4
[3.789s][debug][gc,phases      ] GC(3)     Dead                           Min: 0, Avg:  0.0, Max: 0, Diff: 0, Sum: 0, Workers: 4
[3.789s][debug][gc,phases      ] GC(3)     Total                          Min: 0, Avg: 88.5, Max: 226, Diff: 226, Sum: 354, Workers: 4
[3.789s][debug][gc,phases      ] GC(3)   ObjectSynchronizer Weak        Min:  0.0, Avg:  0.0, Max:  0.0, Diff:  0.0, Sum:  0.0, Workers: 4
[3.789s][debug][gc,phases      ] GC(3)     Dead                           Min: 0, Avg:  0.0, Max: 0, Diff: 0, Sum: 0, Workers: 4
[3.789s][debug][gc,phases      ] GC(3)     Total                          Min: 0, Avg:  1.8, Max: 7, Diff: 7, Sum: 7, Workers: 4
[3.789s][debug][gc,phases      ] GC(3)   JVMTI Tag Weak OopStorage      Min:  0.0, Avg:  0.0, Max:  0.0, Diff:  0.0, Sum:  0.0, Workers: 4
[3.789s][debug][gc,phases      ] GC(3)     Dead                           Min: 0, Avg:  0.0, Max: 0, Diff: 0, Sum: 0, Workers: 4
[3.789s][debug][gc,phases      ] GC(3)     Total                          Min: 0, Avg:  0.0, Max: 0, Diff: 0, Sum: 0, Workers: 4
[3.789s][debug][gc,phases      ] GC(3)   StringTable Weak               Min:  0.0, Avg:  0.1, Max:  0.1, Diff:  0.1, Sum:  0.3, Workers: 4
[3.789s][debug][gc,phases      ] GC(3)     Dead                           Min: 0, Avg:  0.0, Max: 0, Diff: 0, Sum: 0, Workers: 4
[3.789s][debug][gc,phases      ] GC(3)     Total                          Min: 0, Avg: 6527.2, Max: 9088, Diff: 9088, Sum: 26109, Workers: 4
[3.789s][debug][gc,phases      ] GC(3)   ResolvedMethodTable Weak       Min:  0.0, Avg:  0.0, Max:  0.0, Diff:  0.0, Sum:  0.0, Workers: 4
[3.789s][debug][gc,phases      ] GC(3)     Dead                           Min: 0, Avg:  0.0, Max: 0, Diff: 0, Sum: 0, Workers: 4
[3.789s][debug][gc,phases      ] GC(3)     Total                          Min: 0, Avg: 612.2, Max: 832, Diff: 832, Sum: 2449, Workers: 4
[3.789s][debug][gc,phases      ] GC(3)   JNI Weak                       Min:  0.0, Avg:  0.0, Max:  0.0, Diff:  0.0, Sum:  0.0, Workers: 4
[3.789s][debug][gc,phases      ] GC(3)     Dead                           Min: 0, Avg:  0.0, Max: 0, Diff: 0, Sum: 0, Workers: 4
[3.789s][debug][gc,phases      ] GC(3)     Total                          Min: 0, Avg: 11.2, Max: 45, Diff: 45, Sum: 45, Workers: 4
[3.789s][debug][gc,phases      ] GC(3)   StringDedup Table Weak         Min:  0.0, Avg:  0.0, Max:  0.0, Diff:  0.0, Sum:  0.0, Workers: 4
[3.789s][debug][gc,phases      ] GC(3)     Dead                           Min: 0, Avg:  0.0, Max: 0, Diff: 0, Sum: 0, Workers: 4
[3.789s][debug][gc,phases      ] GC(3)     Total                          Min: 0, Avg:  0.0, Max: 0, Diff: 0, Sum: 0, Workers: 4
[3.789s][debug][gc,phases      ] GC(3)   StringDedup Requests0 Weak     Min:  0.0, Avg:  0.0, Max:  0.0, Diff:  0.0, Sum:  0.0, Workers: 4
[3.789s][debug][gc,phases      ] GC(3)     Dead                           Min: 0, Avg:  0.0, Max: 0, Diff: 0, Sum: 0, Workers: 4
[3.789s][debug][gc,phases      ] GC(3)     Total                          Min: 0, Avg:  0.0, Max: 0, Diff: 0, Sum: 0, Workers: 4
[3.789s][debug][gc,phases      ] GC(3)   StringDedup Requests1 Weak     Min:  0.0, Avg:  0.0, Max:  0.0, Diff:  0.0, Sum:  0.0, Workers: 4
[3.789s][debug][gc,phases      ] GC(3)     Dead                           Min: 0, Avg:  0.0, Max: 0, Diff: 0, Sum: 0, Workers: 4
[3.789s][debug][gc,phases      ] GC(3)     Total                          Min: 0, Avg:  0.0, Max: 0, Diff: 0, Sum: 0, Workers: 4
[3.789s][debug][gc,phases      ] GC(3)   Weak JFR Old Object Samples    Min:  0.0, Avg:  0.0, Max:  0.0, Diff:  0.0, Sum:  0.0, Workers: 4
[3.789s][debug][gc,phases      ] GC(3)     Dead                           Min: 0, Avg:  0.0, Max: 0, Diff: 0, Sum: 0, Workers: 4
[3.789s][debug][gc,phases      ] GC(3)     Total                          Min: 0, Avg:  0.0, Max: 0, Diff: 0, Sum: 0, Workers: 4
[3.789s][debug][gc,phases      ] GC(3) Weak Processing 0.267ms
[3.789s][debug][gc,phases      ] GC(3) ClassLoaderData 0.038ms
[3.789s][debug][gc,phases      ] GC(3) Trigger cleanups 0.000ms
[3.795s][debug][gc,phases      ] GC(3) Class Unloading 5.269ms
[3.795s][info ][gc,phases      ] GC(3) Marking Phase 37.084ms
[3.795s][info ][gc,phases,start] GC(3) Summary Phase
[3.795s][info ][gc,phases      ] GC(3) Summary Phase 0.005ms
[3.795s][info ][gc,phases,start] GC(3) Adjust Roots
[3.800s][info ][gc,phases      ] GC(3) Adjust Roots 5.127ms
[3.800s][info ][gc,phases,start] GC(3) Compaction Phase
[4.167s][info ][gc,phases      ] GC(3) Compaction Phase 366.841ms
[4.167s][info ][gc,phases,start] GC(3) Post Compact
[4.168s][info ][gc,phases      ] GC(3) Post Compact 0.833ms
[4.168s][info ][gc,heap        ] GC(3) PSYoungGen: 82505K(1572864K)->82303K(1572864K) Eden: 0K(1048576K)->0K(1048576K) From: 82505K(524288K)->82303K(524288K)
[4.168s][info ][gc,heap        ] GC(3) ParOldGen: 5733K(6144K)->5650K(6144K)
[4.168s][info ][gc,metaspace   ] GC(3) Metaspace: 35355K(35840K)->35355K(35840K) NonClass: 30717K(30976K)->30717K(30976K) Class: 4637K(4864K)->4637K(4864K)
[4.168s][info ][gc             ] GC(3) Pause Full (Metadata GC Threshold) 86M->85M(1542M) 410.003ms
[4.168s][info ][gc,cpu         ] GC(3) User=0.85s Sys=0.01s Real=0.41s
[4.168s][info ][safepoint      ] Safepoint "CollectForMetadataAllocation", Time since last: 58683671 ns, Reaching safepoint: 31200 ns, At safepoint: 459171351 ns, Total: 459202551 ns
[4.441s][info ][safepoint      ] Safepoint "ICBufferFull", Time since last: 273478128 ns, Reaching safepoint: 225000 ns, At safepoint: 8400 ns, Total: 233400 ns
[5.003s][info ][safepoint      ] Safepoint "ICBufferFull", Time since last: 561704974 ns, Reaching safepoint: 175500 ns, At safepoint: 2500 ns, Total: 178000 ns
[5.172s][info ][safepoint      ] Safepoint "ICBufferFull", Time since last: 168879403 ns, Reaching safepoint: 155200 ns, At safepoint: 4300 ns, Total: 159500 ns
[5.290s][info ][safepoint      ] Safepoint "ICBufferFull", Time since last: 117511041 ns, Reaching safepoint: 174400 ns, At safepoint: 5400 ns, Total: 179800 ns
[5.455s][info ][safepoint      ] Safepoint "ICBufferFull", Time since last: 164336797 ns, Reaching safepoint: 156501 ns, At safepoint: 5300 ns, Total: 161801 ns
[5.610s][info ][safepoint      ] Safepoint "ICBufferFull", Time since last: 155287786 ns, Reaching safepoint: 102500 ns, At safepoint: 2500 ns, Total: 105000 ns
[5.767s][info ][safepoint      ] Safepoint "ICBufferFull", Time since last: 156795188 ns, Reaching safepoint: 162800 ns, At safepoint: 9600 ns, Total: 172400 ns
[5.892s][info ][safepoint      ] Safepoint "ICBufferFull", Time since last: 125012350 ns, Reaching safepoint: 245401 ns, At safepoint: 10400 ns, Total: 255801 ns
[6.093s][info ][safepoint      ] Safepoint "ICBufferFull", Time since last: 200627740 ns, Reaching safepoint: 263701 ns, At safepoint: 10200 ns, Total: 273901 ns
[6.243s][info ][safepoint      ] Safepoint "ICBufferFull", Time since last: 149463079 ns, Reaching safepoint: 148600 ns, At safepoint: 5000 ns, Total: 153600 ns
[6.772s][info ][safepoint      ] Safepoint "ICBufferFull", Time since last: 528928435 ns, Reaching safepoint: 172000 ns, At safepoint: 2200 ns, Total: 174200 ns
[6.981s][info ][gc,start       ] GC(4) Pause Young (Metadata GC Threshold)
[7.045s][debug][gc,phases      ] GC(4) Scavenge 63.977ms
[7.045s][debug][gc,ref         ] GC(4) Skipped phase 1 of Reference Processing: no references
[7.045s][debug][gc,ref         ] GC(4) ReferenceProcessor::execute queues: 4, RefProcThreadModel::Multi, marks_oops_alive: false
[7.046s][debug][gc,ref         ] GC(4) Skipped phase 3 of Reference Processing: no references
[7.046s][debug][gc,ref         ] GC(4) ReferenceProcessor::execute queues: 4, RefProcThreadModel::Multi, marks_oops_alive: false
[7.046s][debug][gc,phases      ] GC(4) Reference Processing 1.071ms
[7.047s][debug][gc,phases      ] GC(4)   VM Weak                        Min:  0.0, Avg:  0.0, Max:  0.0, Diff:  0.0, Sum:  0.0, Workers: 4
[7.047s][debug][gc,phases      ] GC(4)     Dead                           Min: 0, Avg:  0.0, Max: 0, Diff: 0, Sum: 0, Workers: 4
[7.047s][debug][gc,phases      ] GC(4)     Total                          Min: 0, Avg: 133.8, Max: 407, Diff: 407, Sum: 535, Workers: 4
[7.047s][debug][gc,phases      ] GC(4)   ObjectSynchronizer Weak        Min:  0.0, Avg:  0.0, Max:  0.0, Diff:  0.0, Sum:  0.0, Workers: 4
[7.047s][debug][gc,phases      ] GC(4)     Dead                           Min: 0, Avg:  1.5, Max: 6, Diff: 6, Sum: 6, Workers: 4
[7.047s][debug][gc,phases      ] GC(4)     Total                          Min: 0, Avg:  5.5, Max: 22, Diff: 22, Sum: 22, Workers: 4
[7.047s][debug][gc,phases      ] GC(4)   JVMTI Tag Weak OopStorage      Min:  0.0, Avg:  0.0, Max:  0.0, Diff:  0.0, Sum:  0.0, Workers: 4
[7.047s][debug][gc,phases      ] GC(4)     Dead                           Min: 0, Avg:  0.0, Max: 0, Diff: 0, Sum: 0, Workers: 4
[7.047s][debug][gc,phases      ] GC(4)     Total                          Min: 0, Avg:  0.0, Max: 0, Diff: 0, Sum: 0, Workers: 4
[7.047s][debug][gc,phases      ] GC(4)   StringTable Weak               Min:  0.0, Avg:  0.2, Max:  0.3, Diff:  0.3, Sum:  0.7, Workers: 4
[7.047s][debug][gc,phases      ] GC(4)     Dead                           Min: 0, Avg:  5.5, Max: 14, Diff: 14, Sum: 22, Workers: 4
[7.047s][debug][gc,phases      ] GC(4)     Total                          Min: 0, Avg: 9018.2, Max: 22400, Diff: 22400, Sum: 36073, Workers: 4
[7.047s][debug][gc,phases      ] GC(4)   ResolvedMethodTable Weak       Min:  0.0, Avg:  0.0, Max:  0.1, Diff:  0.1, Sum:  0.2, Workers: 4
[7.047s][debug][gc,phases      ] GC(4)     Dead                           Min: 0, Avg: 89.2, Max: 209, Diff: 209, Sum: 357, Workers: 4
[7.047s][debug][gc,phases      ] GC(4)     Total                          Min: 0, Avg: 1712.8, Max: 4163, Diff: 4163, Sum: 6851, Workers: 4
[7.047s][debug][gc,phases      ] GC(4)   JNI Weak                       Min:  0.0, Avg:  0.0, Max:  0.0, Diff:  0.0, Sum:  0.0, Workers: 4
[7.047s][debug][gc,phases      ] GC(4)     Dead                           Min: 0, Avg:  0.0, Max: 0, Diff: 0, Sum: 0, Workers: 4
[7.047s][debug][gc,phases      ] GC(4)     Total                          Min: 0, Avg: 11.2, Max: 45, Diff: 45, Sum: 45, Workers: 4
[7.047s][debug][gc,phases      ] GC(4)   StringDedup Table Weak         Min:  0.0, Avg:  0.0, Max:  0.0, Diff:  0.0, Sum:  0.0, Workers: 4
[7.047s][debug][gc,phases      ] GC(4)     Dead                           Min: 0, Avg:  0.0, Max: 0, Diff: 0, Sum: 0, Workers: 4
[7.047s][debug][gc,phases      ] GC(4)     Total                          Min: 0, Avg:  0.0, Max: 0, Diff: 0, Sum: 0, Workers: 4
[7.047s][debug][gc,phases      ] GC(4)   StringDedup Requests0 Weak     Min:  0.0, Avg:  0.0, Max:  0.0, Diff:  0.0, Sum:  0.0, Workers: 4
[7.047s][debug][gc,phases      ] GC(4)     Dead                           Min: 0, Avg:  0.0, Max: 0, Diff: 0, Sum: 0, Workers: 4
[7.047s][debug][gc,phases      ] GC(4)     Total                          Min: 0, Avg:  0.0, Max: 0, Diff: 0, Sum: 0, Workers: 4
[7.047s][debug][gc,phases      ] GC(4)   StringDedup Requests1 Weak     Min:  0.0, Avg:  0.0, Max:  0.0, Diff:  0.0, Sum:  0.0, Workers: 4
[7.047s][debug][gc,phases      ] GC(4)     Dead                           Min: 0, Avg:  0.0, Max: 0, Diff: 0, Sum: 0, Workers: 4
[7.047s][debug][gc,phases      ] GC(4)     Total                          Min: 0, Avg:  0.0, Max: 0, Diff: 0, Sum: 0, Workers: 4
[7.047s][debug][gc,phases      ] GC(4)   Weak JFR Old Object Samples    Min:  0.0, Avg:  0.0, Max:  0.0, Diff:  0.0, Sum:  0.0, Workers: 4
[7.047s][debug][gc,phases      ] GC(4)     Dead                           Min: 0, Avg:  0.0, Max: 0, Diff: 0, Sum: 0, Workers: 4
[7.047s][debug][gc,phases      ] GC(4)     Total                          Min: 0, Avg:  0.0, Max: 0, Diff: 0, Sum: 0, Workers: 4
[7.047s][debug][gc,phases      ] GC(4) Weak Processing 0.598ms
[7.047s][debug][gc,age         ] GC(4) Desired survivor size 536870912 bytes, new threshold 7 (max threshold 15)
[7.047s][info ][gc,heap        ] GC(4) PSYoungGen: 888434K(1572864K)->115974K(1572864K) Eden: 806131K(1048576K)->0K(1048576K) From: 82303K(524288K)->115974K(524288K)
[7.047s][info ][gc,heap        ] GC(4) ParOldGen: 5650K(6144K)->5680K(6144K)
[7.047s][info ][gc,metaspace   ] GC(4) Metaspace: 59116K(59776K)->59116K(59776K) NonClass: 50211K(50560K)->50211K(50560K) Class: 8905K(9216K)->8905K(9216K)
[7.047s][info ][gc             ] GC(4) Pause Young (Metadata GC Threshold) 873M->118M(1542M) 65.751ms
[7.047s][info ][gc,cpu         ] GC(4) User=0.20s Sys=0.02s Real=0.06s
[7.047s][debug][gc,phases      ] GC(5) Pre Compact 0.008ms
[7.047s][info ][gc,start       ] GC(5) Pause Full (Metadata GC Threshold)
[7.047s][info ][gc,phases,start] GC(5) Marking Phase
[7.100s][debug][gc,phases      ] GC(5) Par Mark 52.622ms
[7.100s][debug][gc,ref         ] GC(5) Skipped phase 1 of Reference Processing: no references
[7.100s][debug][gc,ref         ] GC(5) ReferenceProcessor::execute queues: 4, RefProcThreadModel::Multi, marks_oops_alive: false
[7.100s][debug][gc,ref         ] GC(5) Skipped phase 3 of Reference Processing: no references
[7.100s][debug][gc,ref         ] GC(5) ReferenceProcessor::execute queues: 1, RefProcThreadModel::Single, marks_oops_alive: false
[7.100s][debug][gc,phases      ] GC(5) Reference Processing 0.310ms
[7.100s][debug][gc,phases      ] GC(5)   VM Weak                        Min:  0.0, Avg:  0.0, Max:  0.0, Diff:  0.0, Sum:  0.0, Workers: 4
[7.100s][debug][gc,phases      ] GC(5)     Dead                           Min: 0, Avg:  0.2, Max: 1, Diff: 1, Sum: 1, Workers: 4
[7.100s][debug][gc,phases      ] GC(5)     Total                          Min: 0, Avg: 133.8, Max: 448, Diff: 448, Sum: 535, Workers: 4
[7.100s][debug][gc,phases      ] GC(5)   ObjectSynchronizer Weak        Min:  0.0, Avg:  0.0, Max:  0.0, Diff:  0.0, Sum:  0.0, Workers: 4
[7.100s][debug][gc,phases      ] GC(5)     Dead                           Min: 0, Avg:  0.0, Max: 0, Diff: 0, Sum: 0, Workers: 4
[7.100s][debug][gc,phases      ] GC(5)     Total                          Min: 0, Avg:  5.5, Max: 22, Diff: 22, Sum: 22, Workers: 4
[7.100s][debug][gc,phases      ] GC(5)   JVMTI Tag Weak OopStorage      Min:  0.0, Avg:  0.0, Max:  0.0, Diff:  0.0, Sum:  0.0, Workers: 4
[7.100s][debug][gc,phases      ] GC(5)     Dead                           Min: 0, Avg:  0.0, Max: 0, Diff: 0, Sum: 0, Workers: 4
[7.100s][debug][gc,phases      ] GC(5)     Total                          Min: 0, Avg:  0.0, Max: 0, Diff: 0, Sum: 0, Workers: 4
[7.100s][debug][gc,phases      ] GC(5)   StringTable Weak               Min:  0.0, Avg:  0.1, Max:  0.1, Diff:  0.1, Sum:  0.4, Workers: 4
[7.100s][debug][gc,phases      ] GC(5)     Dead                           Min: 0, Avg:  0.0, Max: 0, Diff: 0, Sum: 0, Workers: 4
[7.100s][debug][gc,phases      ] GC(5)     Total                          Min: 0, Avg: 9018.2, Max: 13824, Diff: 13824, Sum: 36073, Workers: 4
[7.100s][debug][gc,phases      ] GC(5)   ResolvedMethodTable Weak       Min:  0.0, Avg:  0.0, Max:  0.0, Diff:  0.0, Sum:  0.1, Workers: 4
[7.100s][debug][gc,phases      ] GC(5)     Dead                           Min: 0, Avg:  0.5, Max: 1, Diff: 1, Sum: 2, Workers: 4
[7.100s][debug][gc,phases      ] GC(5)     Total                          Min: 0, Avg: 1712.8, Max: 2371, Diff: 2371, Sum: 6851, Workers: 4
[7.100s][debug][gc,phases      ] GC(5)   JNI Weak                       Min:  0.0, Avg:  0.0, Max:  0.0, Diff:  0.0, Sum:  0.0, Workers: 4
[7.100s][debug][gc,phases      ] GC(5)     Dead                           Min: 0, Avg:  0.0, Max: 0, Diff: 0, Sum: 0, Workers: 4
[7.100s][debug][gc,phases      ] GC(5)     Total                          Min: 0, Avg: 11.2, Max: 45, Diff: 45, Sum: 45, Workers: 4
[7.100s][debug][gc,phases      ] GC(5)   StringDedup Table Weak         Min:  0.0, Avg:  0.0, Max:  0.0, Diff:  0.0, Sum:  0.0, Workers: 4
[7.100s][debug][gc,phases      ] GC(5)     Dead                           Min: 0, Avg:  0.0, Max: 0, Diff: 0, Sum: 0, Workers: 4
[7.100s][debug][gc,phases      ] GC(5)     Total                          Min: 0, Avg:  0.0, Max: 0, Diff: 0, Sum: 0, Workers: 4
[7.100s][debug][gc,phases      ] GC(5)   StringDedup Requests0 Weak     Min:  0.0, Avg:  0.0, Max:  0.0, Diff:  0.0, Sum:  0.0, Workers: 4
[7.100s][debug][gc,phases      ] GC(5)     Dead                           Min: 0, Avg:  0.0, Max: 0, Diff: 0, Sum: 0, Workers: 4
[7.100s][debug][gc,phases      ] GC(5)     Total                          Min: 0, Avg:  0.0, Max: 0, Diff: 0, Sum: 0, Workers: 4
[7.100s][debug][gc,phases      ] GC(5)   StringDedup Requests1 Weak     Min:  0.0, Avg:  0.0, Max:  0.0, Diff:  0.0, Sum:  0.0, Workers: 4
[7.100s][debug][gc,phases      ] GC(5)     Dead                           Min: 0, Avg:  0.0, Max: 0, Diff: 0, Sum: 0, Workers: 4
[7.100s][debug][gc,phases      ] GC(5)     Total                          Min: 0, Avg:  0.0, Max: 0, Diff: 0, Sum: 0, Workers: 4
[7.100s][debug][gc,phases      ] GC(5)   Weak JFR Old Object Samples    Min:  0.0, Avg:  0.0, Max:  0.0, Diff:  0.0, Sum:  0.0, Workers: 4
[7.100s][debug][gc,phases      ] GC(5)     Dead                           Min: 0, Avg:  0.0, Max: 0, Diff: 0, Sum: 0, Workers: 4
[7.100s][debug][gc,phases      ] GC(5)     Total                          Min: 0, Avg:  0.0, Max: 0, Diff: 0, Sum: 0, Workers: 4
[7.100s][debug][gc,phases      ] GC(5) Weak Processing 0.328ms
[7.101s][debug][gc,phases      ] GC(5) ClassLoaderData 0.119ms
[7.101s][debug][gc,phases      ] GC(5) Trigger cleanups 0.002ms
[7.114s][debug][gc,phases      ] GC(5) Class Unloading 13.734ms
[7.114s][info ][gc,phases      ] GC(5) Marking Phase 67.134ms
[7.114s][info ][gc,phases,start] GC(5) Summary Phase
[7.114s][info ][gc,phases      ] GC(5) Summary Phase 0.006ms
[7.114s][info ][gc,phases,start] GC(5) Adjust Roots
[7.126s][info ][gc,phases      ] GC(5) Adjust Roots 11.963ms
[7.126s][info ][gc,phases,start] GC(5) Compaction Phase
[7.536s][info ][gc,phases      ] GC(5) Compaction Phase 409.358ms
[7.536s][info ][gc,phases,start] GC(5) Post Compact
[7.537s][info ][gc,phases      ] GC(5) Post Compact 1.444ms
[7.537s][info ][gc,heap        ] GC(5) PSYoungGen: 115974K(1572864K)->115113K(1572864K) Eden: 0K(1048576K)->0K(1048576K) From: 115974K(524288K)->115113K(524288K)
[7.537s][info ][gc,heap        ] GC(5) ParOldGen: 5680K(6144K)->6130K(6144K)
[7.537s][info ][gc,metaspace   ] GC(5) Metaspace: 59116K(59776K)->59114K(59776K) NonClass: 50211K(50560K)->50210K(50560K) Class: 8905K(9216K)->8904K(9216K)
[7.537s][info ][gc             ] GC(5) Pause Full (Metadata GC Threshold) 118M->118M(1542M) 490.014ms
[7.537s][info ][gc,cpu         ] GC(5) User=1.08s Sys=0.00s Real=0.49s
[7.537s][info ][safepoint      ] Safepoint "CollectForMetadataAllocation", Time since last: 209374551 ns, Reaching safepoint: 84900 ns, At safepoint: 555872267 ns, Total: 555957167 ns
[7.758s][info ][safepoint      ] Safepoint "ICBufferFull", Time since last: 220529465 ns, Reaching safepoint: 157300 ns, At safepoint: 8900 ns, Total: 166200 ns
[8.092s][info ][safepoint      ] Safepoint "ICBufferFull", Time since last: 333620300 ns, Reaching safepoint: 235500 ns, At safepoint: 7600 ns, Total: 243100 ns
[8.402s][info ][safepoint      ] Safepoint "ICBufferFull", Time since last: 310003572 ns, Reaching safepoint: 160400 ns, At safepoint: 7600 ns, Total: 168000 ns
[8.617s][info ][safepoint      ] Safepoint "ICBufferFull", Time since last: 215290459 ns, Reaching safepoint: 276700 ns, At safepoint: 9300 ns, Total: 286000 ns
[8.958s][info ][safepoint      ] Safepoint "ICBufferFull", Time since last: 340797409 ns, Reaching safepoint: 176500 ns, At safepoint: 9100 ns, Total: 185600 ns
[9.267s][debug][gc,phases      ] GC(6) Pre Compact 0.017ms
[9.267s][info ][gc,start       ] GC(6) Pause Full (Ergonomics)
[9.267s][info ][gc,phases,start] GC(6) Marking Phase
[9.547s][debug][gc,phases      ] GC(6) Par Mark 279.777ms
[9.547s][debug][gc,ref         ] GC(6) Skipped phase 1 of Reference Processing: no references
[9.548s][debug][gc,ref         ] GC(6) ReferenceProcessor::execute queues: 4, RefProcThreadModel::Multi, marks_oops_alive: false
[9.548s][debug][gc,ref         ] GC(6) Skipped phase 3 of Reference Processing: no references
[9.548s][debug][gc,ref         ] GC(6) ReferenceProcessor::execute queues: 1, RefProcThreadModel::Single, marks_oops_alive: false
[9.548s][debug][gc,phases      ] GC(6) Reference Processing 0.668ms
[9.548s][debug][gc,phases      ] GC(6)   VM Weak                        Min:  0.0, Avg:  0.0, Max:  0.0, Diff:  0.0, Sum:  0.0, Workers: 4
[9.548s][debug][gc,phases      ] GC(6)     Dead                           Min: 0, Avg:  0.0, Max: 0, Diff: 0, Sum: 0, Workers: 4
[9.548s][debug][gc,phases      ] GC(6)     Total                          Min: 0, Avg: 151.0, Max: 284, Diff: 284, Sum: 604, Workers: 4
[9.548s][debug][gc,phases      ] GC(6)   ObjectSynchronizer Weak        Min:  0.0, Avg:  0.0, Max:  0.0, Diff:  0.0, Sum:  0.0, Workers: 4
[9.548s][debug][gc,phases      ] GC(6)     Dead                           Min: 0, Avg:  0.0, Max: 0, Diff: 0, Sum: 0, Workers: 4
[9.548s][debug][gc,phases      ] GC(6)     Total                          Min: 0, Avg:  5.8, Max: 23, Diff: 23, Sum: 23, Workers: 4
[9.548s][debug][gc,phases      ] GC(6)   JVMTI Tag Weak OopStorage      Min:  0.0, Avg:  0.0, Max:  0.0, Diff:  0.0, Sum:  0.0, Workers: 4
[9.548s][debug][gc,phases      ] GC(6)     Dead                           Min: 0, Avg:  0.0, Max: 0, Diff: 0, Sum: 0, Workers: 4
[9.548s][debug][gc,phases      ] GC(6)     Total                          Min: 0, Avg:  0.0, Max: 0, Diff: 0, Sum: 0, Workers: 4
[9.548s][debug][gc,phases      ] GC(6)   StringTable Weak               Min:  0.1, Avg:  0.1, Max:  0.1, Diff:  0.0, Sum:  0.5, Workers: 4
[9.548s][debug][gc,phases      ] GC(6)     Dead                           Min: 0, Avg:  2.0, Max: 4, Diff: 4, Sum: 8, Workers: 4
[9.548s][debug][gc,phases      ] GC(6)     Total                          Min: 7872, Avg: 9257.2, Max: 10304, Diff: 2432, Sum: 37029, Workers: 4
[9.548s][debug][gc,phases      ] GC(6)   ResolvedMethodTable Weak       Min:  0.0, Avg:  0.0, Max:  0.0, Diff:  0.0, Sum:  0.1, Workers: 4
[9.548s][debug][gc,phases      ] GC(6)     Dead                           Min: 3, Avg: 19.0, Max: 33, Diff: 30, Sum: 76, Workers: 4
[9.548s][debug][gc,phases      ] GC(6)     Total                          Min: 1600, Avg: 1760.2, Max: 1857, Diff: 257, Sum: 7041, Workers: 4
[9.548s][debug][gc,phases      ] GC(6)   JNI Weak                       Min:  0.0, Avg:  0.0, Max:  0.0, Diff:  0.0, Sum:  0.0, Workers: 4
[9.548s][debug][gc,phases      ] GC(6)     Dead                           Min: 0, Avg:  0.0, Max: 0, Diff: 0, Sum: 0, Workers: 4
[9.548s][debug][gc,phases      ] GC(6)     Total                          Min: 0, Avg: 13.2, Max: 45, Diff: 45, Sum: 53, Workers: 4
[9.548s][debug][gc,phases      ] GC(6)   StringDedup Table Weak         Min:  0.0, Avg:  0.0, Max:  0.0, Diff:  0.0, Sum:  0.0, Workers: 4
[9.548s][debug][gc,phases      ] GC(6)     Dead                           Min: 0, Avg:  0.0, Max: 0, Diff: 0, Sum: 0, Workers: 4
[9.548s][debug][gc,phases      ] GC(6)     Total                          Min: 0, Avg:  0.0, Max: 0, Diff: 0, Sum: 0, Workers: 4
[9.548s][debug][gc,phases      ] GC(6)   StringDedup Requests0 Weak     Min:  0.0, Avg:  0.0, Max:  0.0, Diff:  0.0, Sum:  0.0, Workers: 4
[9.548s][debug][gc,phases      ] GC(6)     Dead                           Min: 0, Avg:  0.0, Max: 0, Diff: 0, Sum: 0, Workers: 4
[9.548s][debug][gc,phases      ] GC(6)     Total                          Min: 0, Avg:  0.0, Max: 0, Diff: 0, Sum: 0, Workers: 4
[9.548s][debug][gc,phases      ] GC(6)   StringDedup Requests1 Weak     Min:  0.0, Avg:  0.0, Max:  0.0, Diff:  0.0, Sum:  0.0, Workers: 4
[9.548s][debug][gc,phases      ] GC(6)     Dead                           Min: 0, Avg:  0.0, Max: 0, Diff: 0, Sum: 0, Workers: 4
[9.548s][debug][gc,phases      ] GC(6)     Total                          Min: 0, Avg:  0.0, Max: 0, Diff: 0, Sum: 0, Workers: 4
[9.548s][debug][gc,phases      ] GC(6)   Weak JFR Old Object Samples    Min:  0.0, Avg:  0.0, Max:  0.0, Diff:  0.0, Sum:  0.0, Workers: 4
[9.548s][debug][gc,phases      ] GC(6)     Dead                           Min: 0, Avg:  0.0, Max: 0, Diff: 0, Sum: 0, Workers: 4
[9.548s][debug][gc,phases      ] GC(6)     Total                          Min: 0, Avg:  0.0, Max: 0, Diff: 0, Sum: 0, Workers: 4
[9.548s][debug][gc,phases      ] GC(6) Weak Processing 0.323ms
[9.548s][debug][gc,phases      ] GC(6) ClassLoaderData 0.068ms
[9.548s][debug][gc,phases      ] GC(6) Trigger cleanups 0.000ms
[9.557s][debug][gc,phases      ] GC(6) Class Unloading 8.900ms
[9.557s][info ][gc,phases      ] GC(6) Marking Phase 289.803ms
[9.557s][info ][gc,phases,start] GC(6) Summary Phase
[9.557s][info ][gc,phases      ] GC(6) Summary Phase 0.023ms
[9.557s][info ][gc,phases,start] GC(6) Adjust Roots
[9.565s][info ][gc,phases      ] GC(6) Adjust Roots 8.134ms
[9.565s][info ][gc,phases,start] GC(6) Compaction Phase
[10.262s][info ][gc,phases      ] GC(6) Compaction Phase 696.405ms
[10.262s][info ][gc,phases,start] GC(6) Post Compact
[10.267s][info ][gc,phases      ] GC(6) Post Compact 5.627ms
[10.268s][info ][gc,heap        ] GC(6) PSYoungGen: 1163689K(1572864K)->528298K(1572864K) Eden: 1048576K(1048576K)->528298K(1048576K) From: 115113K(524288K)->0K(524288K)
[10.268s][info ][gc,heap        ] GC(6) ParOldGen: 6130K(6144K)->6130K(18944K)
[10.268s][info ][gc,metaspace   ] GC(6) Metaspace: 63071K(63808K)->63071K(63808K) NonClass: 53692K(54080K)->53692K(54080K) Class: 9378K(9728K)->9378K(9728K)
[10.268s][info ][gc             ] GC(6) Pause Full (Ergonomics) 1142M->521M(1554M) 1000.168ms
[10.268s][info ][gc,cpu         ] GC(6) User=3.56s Sys=0.06s Real=1.00s
[10.268s][info ][safepoint      ] Safepoint "ParallelGCFailedAllocation", Time since last: 308848071 ns, Reaching safepoint: 125300 ns, At safepoint: 1000276100 ns, Total: 1000401400 ns
[10.723s][info ][safepoint      ] Safepoint "ICBufferFull", Time since last: 454936946 ns, Reaching safepoint: 256700 ns, At safepoint: 8500 ns, Total: 265200 ns
[10.916s][info ][safepoint      ] Safepoint "ICBufferFull", Time since last: 192723131 ns, Reaching safepoint: 227501 ns, At safepoint: 8200 ns, Total: 235701 ns
[11.288s][info ][safepoint      ] Safepoint "ICBufferFull", Time since last: 371499145 ns, Reaching safepoint: 213500 ns, At safepoint: 10100 ns, Total: 223600 ns
[11.288s][info ][safepoint      ] Safepoint "ICBufferFull", Time since last: 71501 ns, Reaching safepoint: 96300 ns, At safepoint: 8500 ns, Total: 104800 ns
[11.390s][info ][gc,start       ] GC(7) Pause Young (Allocation Failure)
[11.519s][debug][gc,phases      ] GC(7) Scavenge 128.466ms
[11.519s][debug][gc,ref         ] GC(7) Skipped phase 1 of Reference Processing: no references
[11.519s][debug][gc,ref         ] GC(7) ReferenceProcessor::execute queues: 4, RefProcThreadModel::Multi, marks_oops_alive: false
[11.519s][debug][gc,ref         ] GC(7) Skipped phase 3 of Reference Processing: no references
[11.519s][debug][gc,ref         ] GC(7) ReferenceProcessor::execute queues: 1, RefProcThreadModel::Single, marks_oops_alive: false
[11.519s][debug][gc,phases      ] GC(7) Reference Processing 0.801ms
[11.520s][debug][gc,phases      ] GC(7)   VM Weak                        Min:  0.0, Avg:  0.0, Max:  0.0, Diff:  0.0, Sum:  0.0, Workers: 4
[11.520s][debug][gc,phases      ] GC(7)     Dead                           Min: 0, Avg:  0.0, Max: 0, Diff: 0, Sum: 0, Workers: 4
[11.520s][debug][gc,phases      ] GC(7)     Total                          Min: 0, Avg: 152.0, Max: 288, Diff: 288, Sum: 608, Workers: 4
[11.520s][debug][gc,phases      ] GC(7)   ObjectSynchronizer Weak        Min:  0.0, Avg:  0.0, Max:  0.0, Diff:  0.0, Sum:  0.0, Workers: 4
[11.520s][debug][gc,phases      ] GC(7)     Dead                           Min: 0, Avg:  0.0, Max: 0, Diff: 0, Sum: 0, Workers: 4
[11.520s][debug][gc,phases      ] GC(7)     Total                          Min: 0, Avg:  5.8, Max: 23, Diff: 23, Sum: 23, Workers: 4
[11.520s][debug][gc,phases      ] GC(7)   JVMTI Tag Weak OopStorage      Min:  0.0, Avg:  0.0, Max:  0.0, Diff:  0.0, Sum:  0.0, Workers: 4
[11.520s][debug][gc,phases      ] GC(7)     Dead                           Min: 0, Avg:  0.0, Max: 0, Diff: 0, Sum: 0, Workers: 4
[11.520s][debug][gc,phases      ] GC(7)     Total                          Min: 0, Avg:  0.0, Max: 0, Diff: 0, Sum: 0, Workers: 4
[11.520s][debug][gc,phases      ] GC(7)   StringTable Weak               Min:  0.0, Avg:  0.2, Max:  0.3, Diff:  0.3, Sum:  0.9, Workers: 4
[11.520s][debug][gc,phases      ] GC(7)     Dead                           Min: 0, Avg:  0.5, Max: 2, Diff: 2, Sum: 2, Workers: 4
[11.520s][debug][gc,phases      ] GC(7)     Total                          Min: 0, Avg: 9324.0, Max: 12528, Diff: 12528, Sum: 37296, Workers: 4
[11.520s][debug][gc,phases      ] GC(7)   ResolvedMethodTable Weak       Min:  0.0, Avg:  0.1, Max:  0.1, Diff:  0.1, Sum:  0.2, Workers: 4
[11.520s][debug][gc,phases      ] GC(7)     Dead                           Min: 0, Avg:  4.2, Max: 17, Diff: 17, Sum: 17, Workers: 4
[11.520s][debug][gc,phases      ] GC(7)     Total                          Min: 0, Avg: 1788.5, Max: 2496, Diff: 2496, Sum: 7154, Workers: 4
[11.520s][debug][gc,phases      ] GC(7)   JNI Weak                       Min:  0.0, Avg:  0.0, Max:  0.0, Diff:  0.0, Sum:  0.0, Workers: 4
[11.520s][debug][gc,phases      ] GC(7)     Dead                           Min: 0, Avg:  0.0, Max: 0, Diff: 0, Sum: 0, Workers: 4
[11.520s][debug][gc,phases      ] GC(7)     Total                          Min: 0, Avg: 13.5, Max: 51, Diff: 51, Sum: 54, Workers: 4
[11.520s][debug][gc,phases      ] GC(7)   StringDedup Table Weak         Min:  0.0, Avg:  0.0, Max:  0.0, Diff:  0.0, Sum:  0.0, Workers: 4
[11.520s][debug][gc,phases      ] GC(7)     Dead                           Min: 0, Avg:  0.0, Max: 0, Diff: 0, Sum: 0, Workers: 4
[11.520s][debug][gc,phases      ] GC(7)     Total                          Min: 0, Avg:  0.0, Max: 0, Diff: 0, Sum: 0, Workers: 4
[11.520s][debug][gc,phases      ] GC(7)   StringDedup Requests0 Weak     Min:  0.0, Avg:  0.0, Max:  0.0, Diff:  0.0, Sum:  0.0, Workers: 4
[11.520s][debug][gc,phases      ] GC(7)     Dead                           Min: 0, Avg:  0.0, Max: 0, Diff: 0, Sum: 0, Workers: 4
[11.520s][debug][gc,phases      ] GC(7)     Total                          Min: 0, Avg:  0.0, Max: 0, Diff: 0, Sum: 0, Workers: 4
[11.520s][debug][gc,phases      ] GC(7)   StringDedup Requests1 Weak     Min:  0.0, Avg:  0.0, Max:  0.0, Diff:  0.0, Sum:  0.0, Workers: 4
[11.520s][debug][gc,phases      ] GC(7)     Dead                           Min: 0, Avg:  0.0, Max: 0, Diff: 0, Sum: 0, Workers: 4
[11.520s][debug][gc,phases      ] GC(7)     Total                          Min: 0, Avg:  0.0, Max: 0, Diff: 0, Sum: 0, Workers: 4
[11.520s][debug][gc,phases      ] GC(7)   Weak JFR Old Object Samples    Min:  0.0, Avg:  0.0, Max:  0.0, Diff:  0.0, Sum:  0.0, Workers: 4
[11.520s][debug][gc,phases      ] GC(7)     Dead                           Min: 0, Avg:  0.0, Max: 0, Diff: 0, Sum: 0, Workers: 4
[11.520s][debug][gc,phases      ] GC(7)     Total                          Min: 0, Avg:  0.0, Max: 0, Diff: 0, Sum: 0, Workers: 4
[11.520s][debug][gc,phases      ] GC(7) Weak Processing 0.615ms
[11.520s][debug][gc,age         ] GC(7) Desired survivor size 536870912 bytes, new threshold 7 (max threshold 15)
[11.520s][info ][gc,heap        ] GC(7) PSYoungGen: 1048576K(1572864K)->257079K(1572864K) Eden: 1048576K(1048576K)->0K(1048576K) From: 0K(524288K)->257079K(524288K)
[11.520s][info ][gc,heap        ] GC(7) ParOldGen: 6130K(18944K)->6146K(18944K)
[11.520s][info ][gc,metaspace   ] GC(7) Metaspace: 63549K(64320K)->63549K(64320K) NonClass: 54098K(54528K)->54098K(54528K) Class: 9451K(9792K)->9451K(9792K)
[11.520s][info ][gc             ] GC(7) Pause Young (Allocation Failure) 1029M->257M(1554M) 130.015ms
[11.520s][info ][gc,cpu         ] GC(7) User=0.35s Sys=0.11s Real=0.13s
[11.520s][info ][safepoint      ] Safepoint "ParallelGCFailedAllocation", Time since last: 102166616 ns, Reaching safepoint: 125800 ns, At safepoint: 130091649 ns, Total: 130217449 ns
[11.733s][info ][safepoint      ] Safepoint "ICBufferFull", Time since last: 212417042 ns, Reaching safepoint: 164400 ns, At safepoint: 12100 ns, Total: 176500 ns
[11.891s][info ][safepoint      ] Safepoint "ICBufferFull", Time since last: 158436581 ns, Reaching safepoint: 142600 ns, At safepoint: 3500 ns, Total: 146100 ns
[12.188s][info ][safepoint      ] Safepoint "ICBufferFull", Time since last: 296216538 ns, Reaching safepoint: 176500 ns, At safepoint: 2800 ns, Total: 179300 ns
[12.922s][info ][safepoint      ] Safepoint "ICBufferFull", Time since last: 734216438 ns, Reaching safepoint: 186400 ns, At safepoint: 6500 ns, Total: 192900 ns
[13.288s][info ][safepoint      ] Safepoint "ICBufferFull", Time since last: 365803418 ns, Reaching safepoint: 155400 ns, At safepoint: 2900 ns, Total: 158300 ns
[14.288s][info ][safepoint      ] Safepoint "Cleanup", Time since last: 1000098141 ns, Reaching safepoint: 154200 ns, At safepoint: 4800 ns, Total: 159000 ns
[15.289s][info ][safepoint      ] Safepoint "Cleanup", Time since last: 1000115741 ns, Reaching safepoint: 122800 ns, At safepoint: 5100 ns, Total: 127900 ns
[16.070s][info ][safepoint      ] Safepoint "ICBufferFull", Time since last: 780898791 ns, Reaching safepoint: 169200 ns, At safepoint: 6500 ns, Total: 175700 ns
[16.149s][info ][safepoint      ] Safepoint "ICBufferFull", Time since last: 79103390 ns, Reaching safepoint: 258201 ns, At safepoint: 10100 ns, Total: 268301 ns
[16.245s][info ][safepoint      ] Safepoint "ICBufferFull", Time since last: 95996809 ns, Reaching safepoint: 325801 ns, At safepoint: 8100 ns, Total: 333901 ns
[16.357s][info ][safepoint      ] Safepoint "ICBufferFull", Time since last: 111820127 ns, Reaching safepoint: 189100 ns, At safepoint: 8100 ns, Total: 197200 ns
[16.464s][info ][safepoint      ] Safepoint "ICBufferFull", Time since last: 106116821 ns, Reaching safepoint: 267001 ns, At safepoint: 12500 ns, Total: 279501 ns
[16.686s][info ][safepoint      ] Safepoint "ICBufferFull", Time since last: 222436553 ns, Reaching safepoint: 274701 ns, At safepoint: 16800 ns, Total: 291501 ns
[17.060s][info ][safepoint      ] Safepoint "ICBufferFull", Time since last: 373258926 ns, Reaching safepoint: 253900 ns, At safepoint: 7800 ns, Total: 261700 ns
[17.845s][info ][safepoint      ] Safepoint "ICBufferFull", Time since last: 785162096 ns, Reaching safepoint: 153000 ns, At safepoint: 4900 ns, Total: 157900 ns
[18.846s][info ][safepoint      ] Safepoint "Cleanup", Time since last: 1000107541 ns, Reaching safepoint: 148500 ns, At safepoint: 5500 ns, Total: 154000 ns
[19.846s][info ][safepoint      ] Safepoint "Cleanup", Time since last: 1000094682 ns, Reaching safepoint: 173600 ns, At safepoint: 10900 ns, Total: 184500 ns
[20.712s][info ][safepoint      ] Safepoint "ICBufferFull", Time since last: 866434654 ns, Reaching safepoint: 206000 ns, At safepoint: 2800 ns, Total: 208800 ns
[21.290s][info ][gc,start       ] GC(8) Pause Young (Allocation Failure)
[21.377s][debug][gc,phases      ] GC(8) Scavenge 87.707ms
[21.377s][debug][gc,ref         ] GC(8) Skipped phase 1 of Reference Processing: no references
[21.378s][debug][gc,ref         ] GC(8) ReferenceProcessor::execute queues: 4, RefProcThreadModel::Multi, marks_oops_alive: false
[21.378s][debug][gc,ref         ] GC(8) Skipped phase 3 of Reference Processing: no references
[21.378s][debug][gc,ref         ] GC(8) ReferenceProcessor::execute queues: 1, RefProcThreadModel::Single, marks_oops_alive: false
[21.378s][debug][gc,phases      ] GC(8) Reference Processing 0.549ms
[21.378s][debug][gc,phases      ] GC(8)   VM Weak                        Min:  0.0, Avg:  0.0, Max:  0.0, Diff:  0.0, Sum:  0.0, Workers: 4
[21.378s][debug][gc,phases      ] GC(8)     Dead                           Min: 0, Avg:  0.0, Max: 0, Diff: 0, Sum: 0, Workers: 4
[21.378s][debug][gc,phases      ] GC(8)     Total                          Min: 74, Avg: 162.5, Max: 256, Diff: 182, Sum: 650, Workers: 4
[21.378s][debug][gc,phases      ] GC(8)   ObjectSynchronizer Weak        Min:  0.0, Avg:  0.0, Max:  0.0, Diff:  0.0, Sum:  0.0, Workers: 4
[21.378s][debug][gc,phases      ] GC(8)     Dead                           Min: 0, Avg:  0.8, Max: 3, Diff: 3, Sum: 3, Workers: 4
[21.378s][debug][gc,phases      ] GC(8)     Total                          Min: 0, Avg:  7.2, Max: 29, Diff: 29, Sum: 29, Workers: 4
[21.378s][debug][gc,phases      ] GC(8)   JVMTI Tag Weak OopStorage      Min:  0.0, Avg:  0.0, Max:  0.0, Diff:  0.0, Sum:  0.0, Workers: 4
[21.378s][debug][gc,phases      ] GC(8)     Dead                           Min: 0, Avg:  0.0, Max: 0, Diff: 0, Sum: 0, Workers: 4
[21.378s][debug][gc,phases      ] GC(8)     Total                          Min: 0, Avg:  0.0, Max: 0, Diff: 0, Sum: 0, Workers: 4
[21.378s][debug][gc,phases      ] GC(8)   StringTable Weak               Min:  0.3, Avg:  0.3, Max:  0.3, Diff:  0.0, Sum:  1.1, Workers: 4
[21.378s][debug][gc,phases      ] GC(8)     Dead                           Min: 1, Avg:  2.8, Max: 6, Diff: 5, Sum: 11, Workers: 4
[21.378s][debug][gc,phases      ] GC(8)     Total                          Min: 9600, Avg: 10284.5, Max: 10560, Diff: 960, Sum: 41138, Workers: 4
[21.378s][debug][gc,phases      ] GC(8)   ResolvedMethodTable Weak       Min:  0.1, Avg:  0.1, Max:  0.1, Diff:  0.0, Sum:  0.2, Workers: 4
[21.378s][debug][gc,phases      ] GC(8)     Dead                           Min: 9, Avg: 44.2, Max: 79, Diff: 70, Sum: 177, Workers: 4
[21.378s][debug][gc,phases      ] GC(8)     Total                          Min: 1872, Avg: 2020.0, Max: 2240, Diff: 368, Sum: 8080, Workers: 4
[21.378s][debug][gc,phases      ] GC(8)   JNI Weak                       Min:  0.0, Avg:  0.0, Max:  0.0, Diff:  0.0, Sum:  0.0, Workers: 4
[21.378s][debug][gc,phases      ] GC(8)     Dead                           Min: 0, Avg:  0.0, Max: 0, Diff: 0, Sum: 0, Workers: 4
[21.378s][debug][gc,phases      ] GC(8)     Total                          Min: 0, Avg: 11.2, Max: 45, Diff: 45, Sum: 45, Workers: 4
[21.378s][debug][gc,phases      ] GC(8)   StringDedup Table Weak         Min:  0.0, Avg:  0.0, Max:  0.0, Diff:  0.0, Sum:  0.0, Workers: 4
[21.378s][debug][gc,phases      ] GC(8)     Dead                           Min: 0, Avg:  0.0, Max: 0, Diff: 0, Sum: 0, Workers: 4
[21.378s][debug][gc,phases      ] GC(8)     Total                          Min: 0, Avg:  0.0, Max: 0, Diff: 0, Sum: 0, Workers: 4
[21.378s][debug][gc,phases      ] GC(8)   StringDedup Requests0 Weak     Min:  0.0, Avg:  0.0, Max:  0.0, Diff:  0.0, Sum:  0.0, Workers: 4
[21.378s][debug][gc,phases      ] GC(8)     Dead                           Min: 0, Avg:  0.0, Max: 0, Diff: 0, Sum: 0, Workers: 4
[21.378s][debug][gc,phases      ] GC(8)     Total                          Min: 0, Avg:  0.0, Max: 0, Diff: 0, Sum: 0, Workers: 4
[21.378s][debug][gc,phases      ] GC(8)   StringDedup Requests1 Weak     Min:  0.0, Avg:  0.0, Max:  0.0, Diff:  0.0, Sum:  0.0, Workers: 4
[21.378s][debug][gc,phases      ] GC(8)     Dead                           Min: 0, Avg:  0.0, Max: 0, Diff: 0, Sum: 0, Workers: 4
[21.378s][debug][gc,phases      ] GC(8)     Total                          Min: 0, Avg:  0.0, Max: 0, Diff: 0, Sum: 0, Workers: 4
[21.378s][debug][gc,phases      ] GC(8)   Weak JFR Old Object Samples    Min:  0.0, Avg:  0.0, Max:  0.0, Diff:  0.0, Sum:  0.0, Workers: 4
[21.378s][debug][gc,phases      ] GC(8)     Dead                           Min: 0, Avg:  0.0, Max: 0, Diff: 0, Sum: 0, Workers: 4
[21.378s][debug][gc,phases      ] GC(8)     Total                          Min: 0, Avg:  0.0, Max: 0, Diff: 0, Sum: 0, Workers: 4
[21.378s][debug][gc,phases      ] GC(8) Weak Processing 0.493ms
[21.378s][debug][gc,age         ] GC(8) Desired survivor size 312999936 bytes, new threshold 8 (max threshold 15)
[21.378s][info ][gc,heap        ] GC(8) PSYoungGen: 1305655K(1572864K)->214884K(1791488K) Eden: 1048576K(1048576K)->0K(1267200K) From: 257079K(524288K)->214884K(524288K)
[21.378s][info ][gc,heap        ] GC(8) ParOldGen: 6146K(18944K)->6162K(18944K)
[21.378s][info ][gc,metaspace   ] GC(8) Metaspace: 74546K(75392K)->74546K(75392K) NonClass: 63737K(64192K)->63737K(64192K) Class: 10809K(11200K)->10809K(11200K)
[21.378s][info ][gc             ] GC(8) Pause Young (Allocation Failure) 1281M->215M(1768M) 88.864ms
[21.379s][info ][gc,cpu         ] GC(8) User=0.26s Sys=0.05s Real=0.10s
[21.379s][info ][safepoint      ] Safepoint "ParallelGCFailedAllocation", Time since last: 577046902 ns, Reaching safepoint: 93600 ns, At safepoint: 88932208 ns, Total: 89025808 ns
[22.379s][info ][safepoint      ] Safepoint "Cleanup", Time since last: 1000080315 ns, Reaching safepoint: 76001 ns, At safepoint: 2500 ns, Total: 78501 ns
[23.379s][info ][safepoint      ] Safepoint "Cleanup", Time since last: 1000104315 ns, Reaching safepoint: 93400 ns, At safepoint: 3701 ns, Total: 97101 ns
[24.379s][info ][safepoint      ] Safepoint "Cleanup", Time since last: 1000100915 ns, Reaching safepoint: 70800 ns, At safepoint: 2400 ns, Total: 73200 ns
[25.379s][info ][safepoint      ] Safepoint "Cleanup", Time since last: 1000096716 ns, Reaching safepoint: 99100 ns, At safepoint: 2400 ns, Total: 101500 ns
[26.379s][info ][safepoint      ] Safepoint "Cleanup", Time since last: 1000094116 ns, Reaching safepoint: 99800 ns, At safepoint: 5700 ns, Total: 105500 ns
[27.380s][info ][safepoint      ] Safepoint "Cleanup", Time since last: 1000101313 ns, Reaching safepoint: 107300 ns, At safepoint: 5300 ns, Total: 112600 ns
[28.380s][info ][safepoint      ] Safepoint "Cleanup", Time since last: 1000101979 ns, Reaching safepoint: 68800 ns, At safepoint: 2400 ns, Total: 71200 ns
[29.380s][info ][safepoint      ] Safepoint "Cleanup", Time since last: 1000102479 ns, Reaching safepoint: 68200 ns, At safepoint: 2300 ns, Total: 70500 ns
[30.380s][info ][safepoint      ] Safepoint "Cleanup", Time since last: 1000096479 ns, Reaching safepoint: 50000 ns, At safepoint: 2000 ns, Total: 52000 ns
[31.380s][info ][safepoint      ] Safepoint "Cleanup", Time since last: 1000094779 ns, Reaching safepoint: 59500 ns, At safepoint: 2800 ns, Total: 62300 ns
[32.381s][info ][safepoint      ] Safepoint "Cleanup", Time since last: 1000097578 ns, Reaching safepoint: 69101 ns, At safepoint: 2100 ns, Total: 71201 ns
[33.381s][info ][safepoint      ] Safepoint "Cleanup", Time since last: 1000108078 ns, Reaching safepoint: 71800 ns, At safepoint: 2300 ns, Total: 74100 ns
[34.381s][info ][safepoint      ] Safepoint "Cleanup", Time since last: 1000106379 ns, Reaching safepoint: 62400 ns, At safepoint: 5500 ns, Total: 67900 ns
[35.381s][info ][safepoint      ] Safepoint "Cleanup", Time since last: 1000094977 ns, Reaching safepoint: 84701 ns, At safepoint: 3400 ns, Total: 88101 ns
[36.381s][info ][safepoint      ] Safepoint "Cleanup", Time since last: 1000106056 ns, Reaching safepoint: 51600 ns, At safepoint: 2800 ns, Total: 54400 ns
[37.381s][info ][safepoint      ] Safepoint "Cleanup", Time since last: 1000098056 ns, Reaching safepoint: 56300 ns, At safepoint: 2500 ns, Total: 58800 ns
[38.382s][info ][safepoint      ] Safepoint "Cleanup", Time since last: 1000103557 ns, Reaching safepoint: 53500 ns, At safepoint: 4800 ns, Total: 58300 ns
[39.382s][info ][safepoint      ] Safepoint "Cleanup", Time since last: 1000101356 ns, Reaching safepoint: 34400 ns, At safepoint: 2300 ns, Total: 36700 ns
[40.715s][info ][safepoint      ] Safepoint "Cleanup", Time since last: 1333559842 ns, Reaching safepoint: 177200 ns, At safepoint: 5100 ns, Total: 182300 ns
[41.716s][info ][safepoint      ] Safepoint "Cleanup", Time since last: 1000095057 ns, Reaching safepoint: 64400 ns, At safepoint: 2300 ns, Total: 66700 ns
[41.739s][info ][gc,start       ] GC(9) Pause Young (Allocation Failure)
[41.825s][debug][gc,phases      ] GC(9) Scavenge 86.112ms
[41.825s][debug][gc,ref         ] GC(9) Skipped phase 1 of Reference Processing: no references
[41.825s][debug][gc,ref         ] GC(9) ReferenceProcessor::execute queues: 4, RefProcThreadModel::Multi, marks_oops_alive: false
[41.825s][debug][gc,ref         ] GC(9) ReferenceProcessor::execute queues: 4, RefProcThreadModel::Multi, marks_oops_alive: true
[41.825s][debug][gc,ref         ] GC(9) ReferenceProcessor::execute queues: 1, RefProcThreadModel::Single, marks_oops_alive: false
[41.825s][debug][gc,phases      ] GC(9) Reference Processing 0.725ms
[41.826s][debug][gc,phases      ] GC(9)   VM Weak                        Min:  0.0, Avg:  0.0, Max:  0.0, Diff:  0.0, Sum:  0.0, Workers: 4
[41.826s][debug][gc,phases      ] GC(9)     Dead                           Min: 0, Avg:  0.0, Max: 0, Diff: 0, Sum: 0, Workers: 4
[41.826s][debug][gc,phases      ] GC(9)     Total                          Min: 0, Avg: 162.5, Max: 384, Diff: 384, Sum: 650, Workers: 4
[41.826s][debug][gc,phases      ] GC(9)   ObjectSynchronizer Weak        Min:  0.0, Avg:  0.0, Max:  0.0, Diff:  0.0, Sum:  0.0, Workers: 4
[41.826s][debug][gc,phases      ] GC(9)     Dead                           Min: 0, Avg:  0.0, Max: 0, Diff: 0, Sum: 0, Workers: 4
[41.826s][debug][gc,phases      ] GC(9)     Total                          Min: 0, Avg:  7.2, Max: 29, Diff: 29, Sum: 29, Workers: 4
[41.826s][debug][gc,phases      ] GC(9)   JVMTI Tag Weak OopStorage      Min:  0.0, Avg:  0.0, Max:  0.0, Diff:  0.0, Sum:  0.0, Workers: 4
[41.826s][debug][gc,phases      ] GC(9)     Dead                           Min: 0, Avg:  0.0, Max: 0, Diff: 0, Sum: 0, Workers: 4
[41.826s][debug][gc,phases      ] GC(9)     Total                          Min: 0, Avg:  0.0, Max: 0, Diff: 0, Sum: 0, Workers: 4
[41.826s][debug][gc,phases      ] GC(9)   StringTable Weak               Min:  0.0, Avg:  0.3, Max:  0.4, Diff:  0.4, Sum:  1.1, Workers: 4
[41.826s][debug][gc,phases      ] GC(9)     Dead                           Min: 0, Avg:  0.2, Max: 1, Diff: 1, Sum: 1, Workers: 4
[41.826s][debug][gc,phases      ] GC(9)     Total                          Min: 0, Avg: 10391.0, Max: 14720, Diff: 14720, Sum: 41564, Workers: 4
[41.826s][debug][gc,phases      ] GC(9)   ResolvedMethodTable Weak       Min:  0.0, Avg:  0.1, Max:  0.1, Diff:  0.1, Sum:  0.3, Workers: 4
[41.826s][debug][gc,phases      ] GC(9)     Dead                           Min: 0, Avg:  0.0, Max: 0, Diff: 0, Sum: 0, Workers: 4
[41.826s][debug][gc,phases      ] GC(9)     Total                          Min: 0, Avg: 2021.5, Max: 2752, Diff: 2752, Sum: 8086, Workers: 4
[41.826s][debug][gc,phases      ] GC(9)   JNI Weak                       Min:  0.0, Avg:  0.0, Max:  0.0, Diff:  0.0, Sum:  0.0, Workers: 4
[41.826s][debug][gc,phases      ] GC(9)     Dead                           Min: 0, Avg:  0.0, Max: 0, Diff: 0, Sum: 0, Workers: 4
[41.826s][debug][gc,phases      ] GC(9)     Total                          Min: 0, Avg: 11.2, Max: 45, Diff: 45, Sum: 45, Workers: 4
[41.826s][debug][gc,phases      ] GC(9)   StringDedup Table Weak         Min:  0.0, Avg:  0.0, Max:  0.0, Diff:  0.0, Sum:  0.0, Workers: 4
[41.826s][debug][gc,phases      ] GC(9)     Dead                           Min: 0, Avg:  0.0, Max: 0, Diff: 0, Sum: 0, Workers: 4
[41.826s][debug][gc,phases      ] GC(9)     Total                          Min: 0, Avg:  0.0, Max: 0, Diff: 0, Sum: 0, Workers: 4
[41.826s][debug][gc,phases      ] GC(9)   StringDedup Requests0 Weak     Min:  0.0, Avg:  0.0, Max:  0.0, Diff:  0.0, Sum:  0.0, Workers: 4
[41.826s][debug][gc,phases      ] GC(9)     Dead                           Min: 0, Avg:  0.0, Max: 0, Diff: 0, Sum: 0, Workers: 4
[41.826s][debug][gc,phases      ] GC(9)     Total                          Min: 0, Avg:  0.0, Max: 0, Diff: 0, Sum: 0, Workers: 4
[41.826s][debug][gc,phases      ] GC(9)   StringDedup Requests1 Weak     Min:  0.0, Avg:  0.0, Max:  0.0, Diff:  0.0, Sum:  0.0, Workers: 4
[41.826s][debug][gc,phases      ] GC(9)     Dead                           Min: 0, Avg:  0.0, Max: 0, Diff: 0, Sum: 0, Workers: 4
[41.826s][debug][gc,phases      ] GC(9)     Total                          Min: 0, Avg:  0.0, Max: 0, Diff: 0, Sum: 0, Workers: 4
[41.826s][debug][gc,phases      ] GC(9)   Weak JFR Old Object Samples    Min:  0.0, Avg:  0.0, Max:  0.0, Diff:  0.0, Sum:  0.0, Workers: 4
[41.826s][debug][gc,phases      ] GC(9)     Dead                           Min: 0, Avg:  0.0, Max: 0, Diff: 0, Sum: 0, Workers: 4
[41.826s][debug][gc,phases      ] GC(9)     Total                          Min: 0, Avg:  0.0, Max: 0, Diff: 0, Sum: 0, Workers: 4
[41.826s][debug][gc,phases      ] GC(9) Weak Processing 0.645ms
[41.826s][debug][gc,age         ] GC(9) Desired survivor size 328728576 bytes, new threshold 9 (max threshold 15)
[41.826s][info ][gc,heap        ] GC(9) PSYoungGen: 1482084K(1791488K)->214827K(1572864K) Eden: 1267200K(1267200K)->0K(1267200K) From: 214884K(524288K)->214827K(305664K)
[41.826s][info ][gc,heap        ] GC(9) ParOldGen: 6162K(18944K)->6178K(18944K)
[41.826s][info ][gc,metaspace   ] GC(9) Metaspace: 75223K(76096K)->75223K(76096K) NonClass: 64405K(64896K)->64405K(64896K) Class: 10817K(11200K)->10817K(11200K)
[41.826s][info ][gc             ] GC(9) Pause Young (Allocation Failure) 1453M->215M(1554M) 87.623ms
[41.826s][info ][gc,cpu         ] GC(9) User=0.22s Sys=0.10s Real=0.08s
[41.826s][info ][safepoint      ] Safepoint "ParallelGCFailedAllocation", Time since last: 22940326 ns, Reaching safepoint: 30600 ns, At safepoint: 87683802 ns, Total: 87714402 ns
[42.826s][info ][safepoint      ] Safepoint "Cleanup", Time since last: 1000081256 ns, Reaching safepoint: 49200 ns, At safepoint: 2200 ns, Total: 51400 ns
[43.827s][info ][safepoint      ] Safepoint "Cleanup", Time since last: 1000103055 ns, Reaching safepoint: 43200 ns, At safepoint: 4300 ns, Total: 47500 ns
[44.827s][info ][safepoint      ] Safepoint "Cleanup", Time since last: 1000099953 ns, Reaching safepoint: 36500 ns, At safepoint: 3700 ns, Total: 40200 ns
[45.827s][info ][safepoint      ] Safepoint "Cleanup", Time since last: 1000098452 ns, Reaching safepoint: 49500 ns, At safepoint: 2500 ns, Total: 52000 ns
[46.827s][info ][safepoint      ] Safepoint "Cleanup", Time since last: 1000097353 ns, Reaching safepoint: 42700 ns, At safepoint: 2800 ns, Total: 45500 ns
[47.827s][info ][safepoint      ] Safepoint "Cleanup", Time since last: 1000096353 ns, Reaching safepoint: 42000 ns, At safepoint: 2900 ns, Total: 44900 ns
[48.827s][info ][safepoint      ] Safepoint "Cleanup", Time since last: 1000094353 ns, Reaching safepoint: 57200 ns, At safepoint: 5400 ns, Total: 62600 ns
[49.827s][info ][safepoint      ] Safepoint "Cleanup", Time since last: 1000095852 ns, Reaching safepoint: 42300 ns, At safepoint: 1800 ns, Total: 44100 ns
[50.828s][info ][safepoint      ] Safepoint "Cleanup", Time since last: 1000319653 ns, Reaching safepoint: 50700 ns, At safepoint: 2500 ns, Total: 53200 ns
[51.828s][info ][safepoint      ] Safepoint "Cleanup", Time since last: 1000097755 ns, Reaching safepoint: 35400 ns, At safepoint: 2000 ns, Total: 37400 ns
[52.828s][info ][safepoint      ] Safepoint "Cleanup", Time since last: 1000093555 ns, Reaching safepoint: 44000 ns, At safepoint: 2700 ns, Total: 46700 ns
[54.828s][info ][safepoint      ] Safepoint "Cleanup", Time since last: 2000172711 ns, Reaching safepoint: 43101 ns, At safepoint: 2300 ns, Total: 45401 ns
[55.828s][info ][safepoint      ] Safepoint "Cleanup", Time since last: 1000099055 ns, Reaching safepoint: 58300 ns, At safepoint: 5500 ns, Total: 63800 ns
[56.829s][info ][safepoint      ] Safepoint "Cleanup", Time since last: 1000107856 ns, Reaching safepoint: 61100 ns, At safepoint: 2200 ns, Total: 63300 ns
[57.829s][info ][safepoint      ] Safepoint "Cleanup", Time since last: 1000063755 ns, Reaching safepoint: 50001 ns, At safepoint: 2100 ns, Total: 52101 ns
[58.829s][info ][safepoint      ] Safepoint "Cleanup", Time since last: 1000096255 ns, Reaching safepoint: 126800 ns, At safepoint: 6600 ns, Total: 133400 ns
[59.829s][info ][safepoint      ] Safepoint "Cleanup", Time since last: 1000098353 ns, Reaching safepoint: 67801 ns, At safepoint: 5500 ns, Total: 73301 ns
[61.440s][info ][gc,start       ] GC(10) Pause Young (Allocation Failure)
[61.531s][debug][gc,phases      ] GC(10) Scavenge 90.989ms
[61.531s][debug][gc,ref         ] GC(10) Skipped phase 1 of Reference Processing: no references
[61.531s][debug][gc,ref         ] GC(10) ReferenceProcessor::execute queues: 4, RefProcThreadModel::Multi, marks_oops_alive: false
[61.531s][debug][gc,ref         ] GC(10) Skipped phase 3 of Reference Processing: no references
[61.531s][debug][gc,ref         ] GC(10) ReferenceProcessor::execute queues: 1, RefProcThreadModel::Single, marks_oops_alive: false
[61.531s][debug][gc,phases      ] GC(10) Reference Processing 0.576ms
[61.532s][debug][gc,phases      ] GC(10)   VM Weak                        Min:  0.0, Avg:  0.0, Max:  0.0, Diff:  0.0, Sum:  0.0, Workers: 4
[61.532s][debug][gc,phases      ] GC(10)     Dead                           Min: 0, Avg:  0.0, Max: 0, Diff: 0, Sum: 0, Workers: 4
[61.532s][debug][gc,phases      ] GC(10)     Total                          Min: 0, Avg: 163.5, Max: 384, Diff: 384, Sum: 654, Workers: 4
[61.532s][debug][gc,phases      ] GC(10)   ObjectSynchronizer Weak        Min:  0.0, Avg:  0.0, Max:  0.0, Diff:  0.0, Sum:  0.0, Workers: 4
[61.532s][debug][gc,phases      ] GC(10)     Dead                           Min: 0, Avg:  0.0, Max: 0, Diff: 0, Sum: 0, Workers: 4
[61.532s][debug][gc,phases      ] GC(10)     Total                          Min: 0, Avg:  7.2, Max: 29, Diff: 29, Sum: 29, Workers: 4
[61.532s][debug][gc,phases      ] GC(10)   JVMTI Tag Weak OopStorage      Min:  0.0, Avg:  0.0, Max:  0.0, Diff:  0.0, Sum:  0.0, Workers: 4
[61.532s][debug][gc,phases      ] GC(10)     Dead                           Min: 0, Avg:  0.0, Max: 0, Diff: 0, Sum: 0, Workers: 4
[61.532s][debug][gc,phases      ] GC(10)     Total                          Min: 0, Avg:  0.0, Max: 0, Diff: 0, Sum: 0, Workers: 4
[61.532s][debug][gc,phases      ] GC(10)   StringTable Weak               Min:  0.0, Avg:  0.2, Max:  0.3, Diff:  0.3, Sum:  0.9, Workers: 4
[61.532s][debug][gc,phases      ] GC(10)     Dead                           Min: 0, Avg:  0.2, Max: 1, Diff: 1, Sum: 1, Workers: 4
[61.532s][debug][gc,phases      ] GC(10)     Total                          Min: 0, Avg: 10430.2, Max: 17529, Diff: 17529, Sum: 41721, Workers: 4
[61.532s][debug][gc,phases      ] GC(10)   ResolvedMethodTable Weak       Min:  0.0, Avg:  0.1, Max:  0.1, Diff:  0.1, Sum:  0.2, Workers: 4
[61.532s][debug][gc,phases      ] GC(10)     Dead                           Min: 0, Avg:  0.0, Max: 0, Diff: 0, Sum: 0, Workers: 4
[61.532s][debug][gc,phases      ] GC(10)     Total                          Min: 0, Avg: 2026.8, Max: 3499, Diff: 3499, Sum: 8107, Workers: 4
[61.532s][debug][gc,phases      ] GC(10)   JNI Weak                       Min:  0.0, Avg:  0.0, Max:  0.0, Diff:  0.0, Sum:  0.0, Workers: 4
[61.532s][debug][gc,phases      ] GC(10)     Dead                           Min: 0, Avg:  0.0, Max: 0, Diff: 0, Sum: 0, Workers: 4
[61.532s][debug][gc,phases      ] GC(10)     Total                          Min: 0, Avg: 11.2, Max: 45, Diff: 45, Sum: 45, Workers: 4
[61.532s][debug][gc,phases      ] GC(10)   StringDedup Table Weak         Min:  0.0, Avg:  0.0, Max:  0.0, Diff:  0.0, Sum:  0.0, Workers: 4
[61.532s][debug][gc,phases      ] GC(10)     Dead                           Min: 0, Avg:  0.0, Max: 0, Diff: 0, Sum: 0, Workers: 4
[61.532s][debug][gc,phases      ] GC(10)     Total                          Min: 0, Avg:  0.0, Max: 0, Diff: 0, Sum: 0, Workers: 4
[61.532s][debug][gc,phases      ] GC(10)   StringDedup Requests0 Weak     Min:  0.0, Avg:  0.0, Max:  0.0, Diff:  0.0, Sum:  0.0, Workers: 4
[61.532s][debug][gc,phases      ] GC(10)     Dead                           Min: 0, Avg:  0.0, Max: 0, Diff: 0, Sum: 0, Workers: 4
[61.532s][debug][gc,phases      ] GC(10)     Total                          Min: 0, Avg:  0.0, Max: 0, Diff: 0, Sum: 0, Workers: 4
[61.532s][debug][gc,phases      ] GC(10)   StringDedup Requests1 Weak     Min:  0.0, Avg:  0.0, Max:  0.0, Diff:  0.0, Sum:  0.0, Workers: 4
[61.532s][debug][gc,phases      ] GC(10)     Dead                           Min: 0, Avg:  0.0, Max: 0, Diff: 0, Sum: 0, Workers: 4
[61.532s][debug][gc,phases      ] GC(10)     Total                          Min: 0, Avg:  0.0, Max: 0, Diff: 0, Sum: 0, Workers: 4
[61.532s][debug][gc,phases      ] GC(10)   Weak JFR Old Object Samples    Min:  0.0, Avg:  0.0, Max:  0.0, Diff:  0.0, Sum:  0.0, Workers: 4
[61.532s][debug][gc,phases      ] GC(10)     Dead                           Min: 0, Avg:  0.0, Max: 0, Diff: 0, Sum: 0, Workers: 4
[61.532s][debug][gc,phases      ] GC(10)     Total                          Min: 0, Avg:  0.0, Max: 0, Diff: 0, Sum: 0, Workers: 4
[61.532s][debug][gc,phases      ] GC(10) Weak Processing 0.545ms
[61.532s][debug][gc,age         ] GC(10) Desired survivor size 336592896 bytes, new threshold 10 (max threshold 15)
[61.532s][info ][gc,heap        ] GC(10) PSYoungGen: 1482027K(1572864K)->214748K(1760768K) Eden: 1267200K(1267200K)->0K(1439744K) From: 214827K(305664K)->214748K(321024K)
[61.532s][info ][gc,heap        ] GC(10) ParOldGen: 6178K(18944K)->6186K(18944K)
[61.532s][info ][gc,metaspace   ] GC(10) Metaspace: 75366K(76224K)->75366K(76224K) NonClass: 64540K(65024K)->64540K(65024K) Class: 10826K(11200K)->10826K(11200K)
[61.532s][info ][gc             ] GC(10) Pause Young (Allocation Failure) 1453M->215M(1738M) 92.228ms
[61.532s][info ][gc,cpu         ] GC(10) User=0.21s Sys=0.10s Real=0.09s
[61.532s][info ][safepoint      ] Safepoint "ParallelGCFailedAllocation", Time since last: 1610362252 ns, Reaching safepoint: 133301 ns, At safepoint: 92291306 ns, Total: 92424607 ns
[62.737s][info ][safepoint      ] Safepoint "Cleanup", Time since last: 1204712186 ns, Reaching safepoint: 70600 ns, At safepoint: 2700 ns, Total: 73300 ns
[63.737s][info ][safepoint      ] Safepoint "Cleanup", Time since last: 1000111151 ns, Reaching safepoint: 44500 ns, At safepoint: 2500 ns, Total: 47000 ns
[64.737s][info ][safepoint      ] Safepoint "Cleanup", Time since last: 1000104050 ns, Reaching safepoint: 66601 ns, At safepoint: 2400 ns, Total: 69001 ns
[65.737s][info ][safepoint      ] Safepoint "Cleanup", Time since last: 1000100850 ns, Reaching safepoint: 61900 ns, At safepoint: 2800 ns, Total: 64700 ns
[66.737s][info ][safepoint      ] Safepoint "Cleanup", Time since last: 1000078751 ns, Reaching safepoint: 57700 ns, At safepoint: 5300 ns, Total: 63000 ns
[67.738s][info ][safepoint      ] Safepoint "Cleanup", Time since last: 1000116448 ns, Reaching safepoint: 112900 ns, At safepoint: 4400 ns, Total: 117300 ns
[68.738s][info ][safepoint      ] Safepoint "Cleanup", Time since last: 1000079145 ns, Reaching safepoint: 168300 ns, At safepoint: 4900 ns, Total: 173200 ns
[69.738s][info ][safepoint      ] Safepoint "Cleanup", Time since last: 1000098745 ns, Reaching safepoint: 50100 ns, At safepoint: 4300 ns, Total: 54400 ns
[71.738s][info ][safepoint      ] Safepoint "Cleanup", Time since last: 2000174289 ns, Reaching safepoint: 111100 ns, At safepoint: 5200 ns, Total: 116300 ns
[72.738s][info ][safepoint      ] Safepoint "Cleanup", Time since last: 1000105145 ns, Reaching safepoint: 142400 ns, At safepoint: 6700 ns, Total: 149100 ns
[73.739s][info ][safepoint      ] Safepoint "Cleanup", Time since last: 1000109445 ns, Reaching safepoint: 119000 ns, At safepoint: 5500 ns, Total: 124500 ns
[75.739s][info ][safepoint      ] Safepoint "Cleanup", Time since last: 2000170684 ns, Reaching safepoint: 41100 ns, At safepoint: 4800 ns, Total: 45900 ns
[76.739s][info ][safepoint      ] Safepoint "Cleanup", Time since last: 1000100832 ns, Reaching safepoint: 53500 ns, At safepoint: 6900 ns, Total: 60400 ns
[77.739s][info ][safepoint      ] Safepoint "Cleanup", Time since last: 1000110832 ns, Reaching safepoint: 122000 ns, At safepoint: 5401 ns, Total: 127401 ns
[78.740s][info ][safepoint      ] Safepoint "Cleanup", Time since last: 1000097132 ns, Reaching safepoint: 108400 ns, At safepoint: 4200 ns, Total: 112600 ns
[79.740s][info ][safepoint      ] Safepoint "Cleanup", Time since last: 1000100532 ns, Reaching safepoint: 115500 ns, At safepoint: 5300 ns, Total: 120800 ns
[80.740s][info ][safepoint      ] Safepoint "Cleanup", Time since last: 1000102932 ns, Reaching safepoint: 109000 ns, At safepoint: 4500 ns, Total: 113500 ns
[81.740s][info ][safepoint      ] Safepoint "Cleanup", Time since last: 1000103032 ns, Reaching safepoint: 99800 ns, At safepoint: 8200 ns, Total: 108000 ns
[82.740s][info ][safepoint      ] Safepoint "Cleanup", Time since last: 1000107432 ns, Reaching safepoint: 126000 ns, At safepoint: 6800 ns, Total: 132800 ns
[83.741s][info ][safepoint      ] Safepoint "Cleanup", Time since last: 1000111826 ns, Reaching safepoint: 43801 ns, At safepoint: 2400 ns, Total: 46201 ns
[84.741s][info ][safepoint      ] Safepoint "Cleanup", Time since last: 1000109516 ns, Reaching safepoint: 41500 ns, At safepoint: 2200 ns, Total: 43700 ns
[85.688s][info ][gc,start       ] GC(11) Pause Young (Allocation Failure)
[85.766s][debug][gc,phases      ] GC(11) Scavenge 78.499ms
[85.766s][debug][gc,ref         ] GC(11) Skipped phase 1 of Reference Processing: no references
[85.767s][debug][gc,ref         ] GC(11) ReferenceProcessor::execute queues: 4, RefProcThreadModel::Multi, marks_oops_alive: false
[85.767s][debug][gc,ref         ] GC(11) Skipped phase 3 of Reference Processing: no references
[85.767s][debug][gc,ref         ] GC(11) ReferenceProcessor::execute queues: 1, RefProcThreadModel::Single, marks_oops_alive: false
[85.767s][debug][gc,phases      ] GC(11) Reference Processing 0.541ms
[85.767s][debug][gc,phases      ] GC(11)   VM Weak                        Min:  0.0, Avg:  0.0, Max:  0.0, Diff:  0.0, Sum:  0.0, Workers: 4
[85.767s][debug][gc,phases      ] GC(11)     Dead                           Min: 0, Avg:  0.0, Max: 0, Diff: 0, Sum: 0, Workers: 4
[85.767s][debug][gc,phases      ] GC(11)     Total                          Min: 0, Avg: 163.5, Max: 320, Diff: 320, Sum: 654, Workers: 4
[85.767s][debug][gc,phases      ] GC(11)   ObjectSynchronizer Weak        Min:  0.0, Avg:  0.0, Max:  0.0, Diff:  0.0, Sum:  0.0, Workers: 4
[85.767s][debug][gc,phases      ] GC(11)     Dead                           Min: 0, Avg:  0.0, Max: 0, Diff: 0, Sum: 0, Workers: 4
[85.767s][debug][gc,phases      ] GC(11)     Total                          Min: 0, Avg:  7.2, Max: 29, Diff: 29, Sum: 29, Workers: 4
[85.767s][debug][gc,phases      ] GC(11)   JVMTI Tag Weak OopStorage      Min:  0.0, Avg:  0.0, Max:  0.0, Diff:  0.0, Sum:  0.0, Workers: 4
[85.767s][debug][gc,phases      ] GC(11)     Dead                           Min: 0, Avg:  0.0, Max: 0, Diff: 0, Sum: 0, Workers: 4
[85.767s][debug][gc,phases      ] GC(11)     Total                          Min: 0, Avg:  0.0, Max: 0, Diff: 0, Sum: 0, Workers: 4
[85.767s][debug][gc,phases      ] GC(11)   StringTable Weak               Min:  0.0, Avg:  0.2, Max:  0.3, Diff:  0.3, Sum:  0.9, Workers: 4
[85.767s][debug][gc,phases      ] GC(11)     Dead                           Min: 0, Avg:  0.2, Max: 1, Diff: 1, Sum: 1, Workers: 4
[85.767s][debug][gc,phases      ] GC(11)     Total                          Min: 0, Avg: 10471.2, Max: 17856, Diff: 17856, Sum: 41885, Workers: 4
[85.767s][debug][gc,phases      ] GC(11)   ResolvedMethodTable Weak       Min:  0.0, Avg:  0.1, Max:  0.1, Diff:  0.1, Sum:  0.2, Workers: 4
[85.767s][debug][gc,phases      ] GC(11)     Dead                           Min: 0, Avg:  0.2, Max: 1, Diff: 1, Sum: 1, Workers: 4
[85.767s][debug][gc,phases      ] GC(11)     Total                          Min: 0, Avg: 2029.5, Max: 3584, Diff: 3584, Sum: 8118, Workers: 4
[85.767s][debug][gc,phases      ] GC(11)   JNI Weak                       Min:  0.0, Avg:  0.0, Max:  0.0, Diff:  0.0, Sum:  0.0, Workers: 4
[85.767s][debug][gc,phases      ] GC(11)     Dead                           Min: 0, Avg:  0.0, Max: 0, Diff: 0, Sum: 0, Workers: 4
[85.767s][debug][gc,phases      ] GC(11)     Total                          Min: 0, Avg: 11.2, Max: 45, Diff: 45, Sum: 45, Workers: 4
[85.767s][debug][gc,phases      ] GC(11)   StringDedup Table Weak         Min:  0.0, Avg:  0.0, Max:  0.0, Diff:  0.0, Sum:  0.0, Workers: 4
[85.767s][debug][gc,phases      ] GC(11)     Dead                           Min: 0, Avg:  0.0, Max: 0, Diff: 0, Sum: 0, Workers: 4
[85.767s][debug][gc,phases      ] GC(11)     Total                          Min: 0, Avg:  0.0, Max: 0, Diff: 0, Sum: 0, Workers: 4
[85.767s][debug][gc,phases      ] GC(11)   StringDedup Requests0 Weak     Min:  0.0, Avg:  0.0, Max:  0.0, Diff:  0.0, Sum:  0.0, Workers: 4
[85.767s][debug][gc,phases      ] GC(11)     Dead                           Min: 0, Avg:  0.0, Max: 0, Diff: 0, Sum: 0, Workers: 4
[85.767s][debug][gc,phases      ] GC(11)     Total                          Min: 0, Avg:  0.0, Max: 0, Diff: 0, Sum: 0, Workers: 4
[85.767s][debug][gc,phases      ] GC(11)   StringDedup Requests1 Weak     Min:  0.0, Avg:  0.0, Max:  0.0, Diff:  0.0, Sum:  0.0, Workers: 4
[85.767s][debug][gc,phases      ] GC(11)     Dead                           Min: 0, Avg:  0.0, Max: 0, Diff: 0, Sum: 0, Workers: 4
[85.767s][debug][gc,phases      ] GC(11)     Total                          Min: 0, Avg:  0.0, Max: 0, Diff: 0, Sum: 0, Workers: 4
[85.767s][debug][gc,phases      ] GC(11)   Weak JFR Old Object Samples    Min:  0.0, Avg:  0.0, Max:  0.0, Diff:  0.0, Sum:  0.0, Workers: 4
[85.767s][debug][gc,phases      ] GC(11)     Dead                           Min: 0, Avg:  0.0, Max: 0, Diff: 0, Sum: 0, Workers: 4
[85.767s][debug][gc,phases      ] GC(11)     Total                          Min: 0, Avg:  0.0, Max: 0, Diff: 0, Sum: 0, Workers: 4
[85.767s][debug][gc,phases      ] GC(11) Weak Processing 0.554ms
[85.767s][debug][gc,age         ] GC(11) Desired survivor size 340262912 bytes, new threshold 11 (max threshold 15)
[85.767s][info ][gc,heap        ] GC(11) PSYoungGen: 1654492K(1760768K)->214835K(1654784K) Eden: 1439744K(1439744K)->0K(1439744K) From: 214748K(321024K)->214835K(215040K)
[85.767s][info ][gc,heap        ] GC(11) ParOldGen: 6186K(18944K)->6194K(18944K)
[85.767s][info ][gc,metaspace   ] GC(11) Metaspace: 75529K(76352K)->75529K(76352K) NonClass: 64692K(65152K)->64692K(65152K) Class: 10836K(11200K)->10836K(11200K)
[85.768s][info ][gc             ] GC(11) Pause Young (Allocation Failure) 1621M->215M(1634M) 79.712ms
[85.768s][info ][gc,cpu         ] GC(11) User=0.22s Sys=0.08s Real=0.08s
[85.768s][info ][safepoint      ] Safepoint "ParallelGCFailedAllocation", Time since last: 946961758 ns, Reaching safepoint: 55000 ns, At safepoint: 79783289 ns, Total: 79838289 ns
[86.768s][info ][safepoint      ] Safepoint "Cleanup", Time since last: 1000079117 ns, Reaching safepoint: 65400 ns, At safepoint: 4600 ns, Total: 70000 ns
[87.768s][info ][safepoint      ] Safepoint "Cleanup", Time since last: 1000115617 ns, Reaching safepoint: 54400 ns, At safepoint: 2200 ns, Total: 56600 ns
[88.936s][info ][safepoint      ] Safepoint "Cleanup", Time since last: 1167773504 ns, Reaching safepoint: 98200 ns, At safepoint: 3900 ns, Total: 102100 ns
[89.936s][info ][safepoint      ] Safepoint "Cleanup", Time since last: 1000097917 ns, Reaching safepoint: 56300 ns, At safepoint: 4100 ns, Total: 60400 ns
[90.936s][info ][safepoint      ] Safepoint "Cleanup", Time since last: 1000101417 ns, Reaching safepoint: 42000 ns, At safepoint: 2700 ns, Total: 44700 ns
[92.936s][info ][safepoint      ] Safepoint "Cleanup", Time since last: 2000144460 ns, Reaching safepoint: 51400 ns, At safepoint: 7700 ns, Total: 59100 ns
[93.936s][info ][safepoint      ] Safepoint "Cleanup", Time since last: 1000094070 ns, Reaching safepoint: 36100 ns, At safepoint: 3100 ns, Total: 39200 ns
[94.937s][info ][safepoint      ] Safepoint "Cleanup", Time since last: 1000109870 ns, Reaching safepoint: 47100 ns, At safepoint: 3000 ns, Total: 50100 ns
[95.937s][info ][safepoint      ] Safepoint "Cleanup", Time since last: 1000099570 ns, Reaching safepoint: 37500 ns, At safepoint: 3600 ns, Total: 41100 ns
[98.937s][info ][safepoint      ] Safepoint "Cleanup", Time since last: 3000232010 ns, Reaching safepoint: 33200 ns, At safepoint: 3800 ns, Total: 37000 ns
[102.937s][info ][safepoint      ] Safepoint "Cleanup", Time since last: 4000304767 ns, Reaching safepoint: 108000 ns, At safepoint: 8900 ns, Total: 116900 ns
[105.938s][info ][safepoint      ] Safepoint "Cleanup", Time since last: 3000268067 ns, Reaching safepoint: 109600 ns, At safepoint: 16400 ns, Total: 126000 ns
[106.938s][info ][safepoint      ] Safepoint "Cleanup", Time since last: 1000109623 ns, Reaching safepoint: 34200 ns, At safepoint: 5300 ns, Total: 39500 ns
[108.938s][info ][safepoint      ] Safepoint "Cleanup", Time since last: 2000180225 ns, Reaching safepoint: 34100 ns, At safepoint: 2700 ns, Total: 36800 ns
[109.189s][info ][gc,start       ] GC(12) Pause Young (Allocation Failure)
[109.258s][debug][gc,phases      ] GC(12) Scavenge 69.579ms
[109.258s][debug][gc,ref         ] GC(12) Skipped phase 1 of Reference Processing: no references
[109.259s][debug][gc,ref         ] GC(12) ReferenceProcessor::execute queues: 4, RefProcThreadModel::Multi, marks_oops_alive: false
[109.259s][debug][gc,ref         ] GC(12) Skipped phase 3 of Reference Processing: no references
[109.259s][debug][gc,ref         ] GC(12) ReferenceProcessor::execute queues: 1, RefProcThreadModel::Single, marks_oops_alive: false
[109.259s][debug][gc,phases      ] GC(12) Reference Processing 0.598ms
[109.259s][debug][gc,phases      ] GC(12)   VM Weak                        Min:  0.0, Avg:  0.0, Max:  0.0, Diff:  0.0, Sum:  0.0, Workers: 4
[109.259s][debug][gc,phases      ] GC(12)     Dead                           Min: 0, Avg:  0.0, Max: 0, Diff: 0, Sum: 0, Workers: 4
[109.259s][debug][gc,phases      ] GC(12)     Total                          Min: 0, Avg: 163.8, Max: 384, Diff: 384, Sum: 655, Workers: 4
[109.259s][debug][gc,phases      ] GC(12)   ObjectSynchronizer Weak        Min:  0.0, Avg:  0.0, Max:  0.0, Diff:  0.0, Sum:  0.0, Workers: 4
[109.259s][debug][gc,phases      ] GC(12)     Dead                           Min: 0, Avg:  0.0, Max: 0, Diff: 0, Sum: 0, Workers: 4
[109.259s][debug][gc,phases      ] GC(12)     Total                          Min: 0, Avg:  7.2, Max: 29, Diff: 29, Sum: 29, Workers: 4
[109.259s][debug][gc,phases      ] GC(12)   JVMTI Tag Weak OopStorage      Min:  0.0, Avg:  0.0, Max:  0.0, Diff:  0.0, Sum:  0.0, Workers: 4
[109.259s][debug][gc,phases      ] GC(12)     Dead                           Min: 0, Avg:  0.0, Max: 0, Diff: 0, Sum: 0, Workers: 4
[109.259s][debug][gc,phases      ] GC(12)     Total                          Min: 0, Avg:  0.0, Max: 0, Diff: 0, Sum: 0, Workers: 4
[109.259s][debug][gc,phases      ] GC(12)   StringTable Weak               Min:  0.0, Avg:  0.2, Max:  0.3, Diff:  0.3, Sum:  0.9, Workers: 4
[109.259s][debug][gc,phases      ] GC(12)     Dead                           Min: 0, Avg:  0.2, Max: 1, Diff: 1, Sum: 1, Workers: 4
[109.259s][debug][gc,phases      ] GC(12)     Total                          Min: 0, Avg: 10482.2, Max: 16970, Diff: 16970, Sum: 41929, Workers: 4
[109.259s][debug][gc,phases      ] GC(12)   ResolvedMethodTable Weak       Min:  0.0, Avg:  0.1, Max:  0.1, Diff:  0.1, Sum:  0.2, Workers: 4
[109.259s][debug][gc,phases      ] GC(12)     Dead                           Min: 0, Avg:  0.0, Max: 0, Diff: 0, Sum: 0, Workers: 4
[109.260s][debug][gc,phases      ] GC(12)     Total                          Min: 0, Avg: 2032.2, Max: 3329, Diff: 3329, Sum: 8129, Workers: 4
[109.260s][debug][gc,phases      ] GC(12)   JNI Weak                       Min:  0.0, Avg:  0.0, Max:  0.0, Diff:  0.0, Sum:  0.0, Workers: 4
[109.260s][debug][gc,phases      ] GC(12)     Dead                           Min: 0, Avg:  0.0, Max: 0, Diff: 0, Sum: 0, Workers: 4
[109.260s][debug][gc,phases      ] GC(12)     Total                          Min: 0, Avg: 11.2, Max: 45, Diff: 45, Sum: 45, Workers: 4
[109.260s][debug][gc,phases      ] GC(12)   StringDedup Table Weak         Min:  0.0, Avg:  0.0, Max:  0.0, Diff:  0.0, Sum:  0.0, Workers: 4
[109.260s][debug][gc,phases      ] GC(12)     Dead                           Min: 0, Avg:  0.0, Max: 0, Diff: 0, Sum: 0, Workers: 4
[109.260s][debug][gc,phases      ] GC(12)     Total                          Min: 0, Avg:  0.0, Max: 0, Diff: 0, Sum: 0, Workers: 4
[109.260s][debug][gc,phases      ] GC(12)   StringDedup Requests0 Weak     Min:  0.0, Avg:  0.0, Max:  0.0, Diff:  0.0, Sum:  0.0, Workers: 4
[109.260s][debug][gc,phases      ] GC(12)     Dead                           Min: 0, Avg:  0.0, Max: 0, Diff: 0, Sum: 0, Workers: 4
[109.260s][debug][gc,phases      ] GC(12)     Total                          Min: 0, Avg:  0.0, Max: 0, Diff: 0, Sum: 0, Workers: 4
[109.260s][debug][gc,phases      ] GC(12)   StringDedup Requests1 Weak     Min:  0.0, Avg:  0.0, Max:  0.0, Diff:  0.0, Sum:  0.0, Workers: 4
[109.260s][debug][gc,phases      ] GC(12)     Dead                           Min: 0, Avg:  0.0, Max: 0, Diff: 0, Sum: 0, Workers: 4
[109.260s][debug][gc,phases      ] GC(12)     Total                          Min: 0, Avg:  0.0, Max: 0, Diff: 0, Sum: 0, Workers: 4
[109.260s][debug][gc,phases      ] GC(12)   Weak JFR Old Object Samples    Min:  0.0, Avg:  0.0, Max:  0.0, Diff:  0.0, Sum:  0.0, Workers: 4
[109.260s][debug][gc,phases      ] GC(12)     Dead                           Min: 0, Avg:  0.0, Max: 0, Diff: 0, Sum: 0, Workers: 4
[109.260s][debug][gc,phases      ] GC(12)     Total                          Min: 0, Avg:  0.0, Max: 0, Diff: 0, Sum: 0, Workers: 4
[109.260s][debug][gc,phases      ] GC(12) Weak Processing 0.549ms
[109.260s][debug][gc,age         ] GC(12) Desired survivor size 341311488 bytes, new threshold 12 (max threshold 15)
[109.260s][info ][gc,heap        ] GC(12) PSYoungGen: 1654579K(1654784K)->214938K(1762816K) Eden: 1439744K(1439744K)->0K(1430528K) From: 214835K(215040K)->214938K(332288K)
[109.260s][info ][gc,heap        ] GC(12) ParOldGen: 6194K(18944K)->6202K(18944K)
[109.260s][info ][gc,metaspace   ] GC(12) Metaspace: 75597K(76416K)->75597K(76416K) NonClass: 64748K(65216K)->64748K(65216K) Class: 10849K(11200K)->10849K(11200K)
[109.260s][info ][gc             ] GC(12) Pause Young (Allocation Failure) 1621M->215M(1740M) 70.864ms
[109.260s][info ][gc,cpu         ] GC(12) User=0.26s Sys=0.00s Real=0.08s
[109.260s][info ][safepoint      ] Safepoint "ParallelGCFailedAllocation", Time since last: 250538062 ns, Reaching safepoint: 41200 ns, At safepoint: 70928074 ns, Total: 70969274 ns
[113.260s][info ][safepoint      ] Safepoint "Cleanup", Time since last: 4000284084 ns, Reaching safepoint: 47200 ns, At safepoint: 5000 ns, Total: 52200 ns
[115.260s][info ][safepoint      ] Safepoint "Cleanup", Time since last: 2000168092 ns, Reaching safepoint: 37501 ns, At safepoint: 2300 ns, Total: 39801 ns
[116.260s][info ][safepoint      ] Safepoint "Cleanup", Time since last: 1000123128 ns, Reaching safepoint: 43000 ns, At safepoint: 2700 ns, Total: 45700 ns
[123.261s][info ][safepoint      ] Safepoint "Cleanup", Time since last: 7000484774 ns, Reaching safepoint: 30300 ns, At safepoint: 24800 ns, Total: 55100 ns
[125.261s][info ][safepoint      ] Safepoint "Cleanup", Time since last: 2000159076 ns, Reaching safepoint: 38800 ns, At safepoint: 3300 ns, Total: 42100 ns
[127.261s][info ][safepoint      ] Safepoint "Cleanup", Time since last: 2000184376 ns, Reaching safepoint: 45500 ns, At safepoint: 4000 ns, Total: 49500 ns
[133.289s][info ][gc,start       ] GC(13) Pause Young (Allocation Failure)
[133.356s][debug][gc,phases      ] GC(13) Scavenge 67.338ms
[133.356s][debug][gc,ref         ] GC(13) Skipped phase 1 of Reference Processing: no references
[133.356s][debug][gc,ref         ] GC(13) ReferenceProcessor::execute queues: 4, RefProcThreadModel::Multi, marks_oops_alive: false
[133.357s][debug][gc,ref         ] GC(13) Skipped phase 3 of Reference Processing: no references
[133.357s][debug][gc,ref         ] GC(13) ReferenceProcessor::execute queues: 1, RefProcThreadModel::Single, marks_oops_alive: false
[133.357s][debug][gc,phases      ] GC(13) Reference Processing 0.535ms
[133.357s][debug][gc,phases      ] GC(13)   VM Weak                        Min:  0.0, Avg:  0.0, Max:  0.0, Diff:  0.0, Sum:  0.0, Workers: 4
[133.357s][debug][gc,phases      ] GC(13)     Dead                           Min: 0, Avg:  0.0, Max: 0, Diff: 0, Sum: 0, Workers: 4
[133.357s][debug][gc,phases      ] GC(13)     Total                          Min: 64, Avg: 163.8, Max: 271, Diff: 207, Sum: 655, Workers: 4
[133.357s][debug][gc,phases      ] GC(13)   ObjectSynchronizer Weak        Min:  0.0, Avg:  0.0, Max:  0.0, Diff:  0.0, Sum:  0.0, Workers: 4
[133.357s][debug][gc,phases      ] GC(13)     Dead                           Min: 0, Avg:  0.0, Max: 0, Diff: 0, Sum: 0, Workers: 4
[133.357s][debug][gc,phases      ] GC(13)     Total                          Min: 0, Avg:  7.2, Max: 29, Diff: 29, Sum: 29, Workers: 4
[133.357s][debug][gc,phases      ] GC(13)   JVMTI Tag Weak OopStorage      Min:  0.0, Avg:  0.0, Max:  0.0, Diff:  0.0, Sum:  0.0, Workers: 4
[133.357s][debug][gc,phases      ] GC(13)     Dead                           Min: 0, Avg:  0.0, Max: 0, Diff: 0, Sum: 0, Workers: 4
[133.357s][debug][gc,phases      ] GC(13)     Total                          Min: 0, Avg:  0.0, Max: 0, Diff: 0, Sum: 0, Workers: 4
[133.357s][debug][gc,phases      ] GC(13)   StringTable Weak               Min:  0.3, Avg:  0.3, Max:  0.3, Diff:  0.0, Sum:  1.1, Workers: 4
[133.357s][debug][gc,phases      ] GC(13)     Dead                           Min: 0, Avg:  0.0, Max: 0, Diff: 0, Sum: 0, Workers: 4
[133.357s][debug][gc,phases      ] GC(13)     Total                          Min: 9408, Avg: 10485.2, Max: 10965, Diff: 1557, Sum: 41941, Workers: 4
[133.357s][debug][gc,phases      ] GC(13)   ResolvedMethodTable Weak       Min:  0.1, Avg:  0.1, Max:  0.1, Diff:  0.0, Sum:  0.2, Workers: 4
[133.357s][debug][gc,phases      ] GC(13)     Dead                           Min: 0, Avg:  0.0, Max: 0, Diff: 0, Sum: 0, Workers: 4
[133.357s][debug][gc,phases      ] GC(13)     Total                          Min: 1920, Avg: 2032.2, Max: 2240, Diff: 320, Sum: 8129, Workers: 4
[133.357s][debug][gc,phases      ] GC(13)   JNI Weak                       Min:  0.0, Avg:  0.0, Max:  0.0, Diff:  0.0, Sum:  0.0, Workers: 4
[133.357s][debug][gc,phases      ] GC(13)     Dead                           Min: 0, Avg:  0.0, Max: 0, Diff: 0, Sum: 0, Workers: 4
[133.357s][debug][gc,phases      ] GC(13)     Total                          Min: 0, Avg: 11.2, Max: 45, Diff: 45, Sum: 45, Workers: 4
[133.357s][debug][gc,phases      ] GC(13)   StringDedup Table Weak         Min:  0.0, Avg:  0.0, Max:  0.0, Diff:  0.0, Sum:  0.0, Workers: 4
[133.357s][debug][gc,phases      ] GC(13)     Dead                           Min: 0, Avg:  0.0, Max: 0, Diff: 0, Sum: 0, Workers: 4
[133.357s][debug][gc,phases      ] GC(13)     Total                          Min: 0, Avg:  0.0, Max: 0, Diff: 0, Sum: 0, Workers: 4
[133.357s][debug][gc,phases      ] GC(13)   StringDedup Requests0 Weak     Min:  0.0, Avg:  0.0, Max:  0.0, Diff:  0.0, Sum:  0.0, Workers: 4
[133.357s][debug][gc,phases      ] GC(13)     Dead                           Min: 0, Avg:  0.0, Max: 0, Diff: 0, Sum: 0, Workers: 4
[133.357s][debug][gc,phases      ] GC(13)     Total                          Min: 0, Avg:  0.0, Max: 0, Diff: 0, Sum: 0, Workers: 4
[133.357s][debug][gc,phases      ] GC(13)   StringDedup Requests1 Weak     Min:  0.0, Avg:  0.0, Max:  0.0, Diff:  0.0, Sum:  0.0, Workers: 4
[133.357s][debug][gc,phases      ] GC(13)     Dead                           Min: 0, Avg:  0.0, Max: 0, Diff: 0, Sum: 0, Workers: 4
[133.357s][debug][gc,phases      ] GC(13)     Total                          Min: 0, Avg:  0.0, Max: 0, Diff: 0, Sum: 0, Workers: 4
[133.357s][debug][gc,phases      ] GC(13)   Weak JFR Old Object Samples    Min:  0.0, Avg:  0.0, Max:  0.0, Diff:  0.0, Sum:  0.0, Workers: 4
[133.357s][debug][gc,phases      ] GC(13)     Dead                           Min: 0, Avg:  0.0, Max: 0, Diff: 0, Sum: 0, Workers: 4
[133.357s][debug][gc,phases      ] GC(13)     Total                          Min: 0, Avg:  0.0, Max: 0, Diff: 0, Sum: 0, Workers: 4
[133.357s][debug][gc,phases      ] GC(13) Weak Processing 0.493ms
[133.357s][debug][gc,age         ] GC(13) Desired survivor size 340787200 bytes, new threshold 13 (max threshold 15)
[133.357s][info ][gc,heap        ] GC(13) PSYoungGen: 1645466K(1762816K)->214918K(1763840K) Eden: 1430528K(1430528K)->0K(1430528K) From: 214938K(332288K)->214918K(333312K)
[133.357s][info ][gc,heap        ] GC(13) ParOldGen: 6202K(18944K)->6210K(18944K)
[133.357s][info ][gc,metaspace   ] GC(13) Metaspace: 75603K(76416K)->75603K(76416K) NonClass: 64754K(65216K)->64754K(65216K) Class: 10849K(11200K)->10849K(11200K)
[133.357s][info ][gc             ] GC(13) Pause Young (Allocation Failure) 1612M->215M(1741M) 68.476ms
[133.357s][info ][gc,cpu         ] GC(13) User=0.26s Sys=0.00s Real=0.07s
[133.357s][info ][safepoint      ] Safepoint "ParallelGCFailedAllocation", Time since last: 6027255458 ns, Reaching safepoint: 28200 ns, At safepoint: 68542578 ns, Total: 68570778 ns
[134.357s][info ][safepoint      ] Safepoint "Cleanup", Time since last: 1000082638 ns, Reaching safepoint: 33900 ns, At safepoint: 2400 ns, Total: 36300 ns
[140.358s][info ][safepoint      ] Safepoint "Cleanup", Time since last: 6000406710 ns, Reaching safepoint: 38400 ns, At safepoint: 2900 ns, Total: 41300 ns
[141.358s][info ][safepoint      ] Safepoint "Cleanup", Time since last: 1000120222 ns, Reaching safepoint: 36900 ns, At safepoint: 11400 ns, Total: 48300 ns
[143.358s][info ][safepoint      ] Safepoint "Cleanup", Time since last: 2000168044 ns, Reaching safepoint: 28700 ns, At safepoint: 2400 ns, Total: 31100 ns
[144.358s][info ][safepoint      ] Safepoint "Cleanup", Time since last: 1000106322 ns, Reaching safepoint: 38100 ns, At safepoint: 2300 ns, Total: 40400 ns
[154.359s][info ][safepoint      ] Safepoint "Cleanup", Time since last: 10000643379 ns, Reaching safepoint: 40200 ns, At safepoint: 6600 ns, Total: 46800 ns
[157.359s][info ][safepoint      ] Safepoint "Cleanup", Time since last: 3000203488 ns, Reaching safepoint: 43400 ns, At safepoint: 5300 ns, Total: 48700 ns
[157.390s][info ][gc,start       ] GC(14) Pause Young (Allocation Failure)
[157.460s][debug][gc,phases      ] GC(14) Scavenge 69.788ms
[157.460s][debug][gc,ref         ] GC(14) Skipped phase 1 of Reference Processing: no references
[157.460s][debug][gc,ref         ] GC(14) ReferenceProcessor::execute queues: 4, RefProcThreadModel::Multi, marks_oops_alive: false
[157.461s][debug][gc,ref         ] GC(14) Skipped phase 3 of Reference Processing: no references
[157.461s][debug][gc,ref         ] GC(14) ReferenceProcessor::execute queues: 1, RefProcThreadModel::Single, marks_oops_alive: false
[157.461s][debug][gc,phases      ] GC(14) Reference Processing 0.755ms
[157.461s][debug][gc,phases      ] GC(14)   VM Weak                        Min:  0.0, Avg:  0.0, Max:  0.0, Diff:  0.0, Sum:  0.0, Workers: 4
[157.461s][debug][gc,phases      ] GC(14)     Dead                           Min: 0, Avg:  0.0, Max: 0, Diff: 0, Sum: 0, Workers: 4
[157.461s][debug][gc,phases      ] GC(14)     Total                          Min: 79, Avg: 163.8, Max: 256, Diff: 177, Sum: 655, Workers: 4
[157.461s][debug][gc,phases      ] GC(14)   ObjectSynchronizer Weak        Min:  0.0, Avg:  0.0, Max:  0.0, Diff:  0.0, Sum:  0.0, Workers: 4
[157.461s][debug][gc,phases      ] GC(14)     Dead                           Min: 0, Avg:  0.0, Max: 0, Diff: 0, Sum: 0, Workers: 4
[157.461s][debug][gc,phases      ] GC(14)     Total                          Min: 0, Avg:  7.2, Max: 29, Diff: 29, Sum: 29, Workers: 4
[157.461s][debug][gc,phases      ] GC(14)   JVMTI Tag Weak OopStorage      Min:  0.0, Avg:  0.0, Max:  0.0, Diff:  0.0, Sum:  0.0, Workers: 4
[157.461s][debug][gc,phases      ] GC(14)     Dead                           Min: 0, Avg:  0.0, Max: 0, Diff: 0, Sum: 0, Workers: 4
[157.461s][debug][gc,phases      ] GC(14)     Total                          Min: 0, Avg:  0.0, Max: 0, Diff: 0, Sum: 0, Workers: 4
[157.461s][debug][gc,phases      ] GC(14)   StringTable Weak               Min:  0.3, Avg:  0.3, Max:  0.3, Diff:  0.0, Sum:  1.1, Workers: 4
[157.461s][debug][gc,phases      ] GC(14)     Dead                           Min: 0, Avg:  0.0, Max: 0, Diff: 0, Sum: 0, Workers: 4
[157.461s][debug][gc,phases      ] GC(14)     Total                          Min: 8576, Avg: 10491.2, Max: 11648, Diff: 3072, Sum: 41965, Workers: 4
[157.461s][debug][gc,phases      ] GC(14)   ResolvedMethodTable Weak       Min:  0.1, Avg:  0.1, Max:  0.1, Diff:  0.0, Sum:  0.3, Workers: 4
[157.461s][debug][gc,phases      ] GC(14)     Dead                           Min: 0, Avg:  0.0, Max: 0, Diff: 0, Sum: 0, Workers: 4
[157.461s][debug][gc,phases      ] GC(14)     Total                          Min: 1664, Avg: 2032.2, Max: 2368, Diff: 704, Sum: 8129, Workers: 4
[157.461s][debug][gc,phases      ] GC(14)   JNI Weak                       Min:  0.0, Avg:  0.0, Max:  0.0, Diff:  0.0, Sum:  0.0, Workers: 4
[157.461s][debug][gc,phases      ] GC(14)     Dead                           Min: 0, Avg:  0.0, Max: 0, Diff: 0, Sum: 0, Workers: 4
[157.461s][debug][gc,phases      ] GC(14)     Total                          Min: 0, Avg: 11.2, Max: 45, Diff: 45, Sum: 45, Workers: 4
[157.461s][debug][gc,phases      ] GC(14)   StringDedup Table Weak         Min:  0.0, Avg:  0.0, Max:  0.0, Diff:  0.0, Sum:  0.0, Workers: 4
[157.461s][debug][gc,phases      ] GC(14)     Dead                           Min: 0, Avg:  0.0, Max: 0, Diff: 0, Sum: 0, Workers: 4
[157.461s][debug][gc,phases      ] GC(14)     Total                          Min: 0, Avg:  0.0, Max: 0, Diff: 0, Sum: 0, Workers: 4
[157.461s][debug][gc,phases      ] GC(14)   StringDedup Requests0 Weak     Min:  0.0, Avg:  0.0, Max:  0.0, Diff:  0.0, Sum:  0.0, Workers: 4
[157.461s][debug][gc,phases      ] GC(14)     Dead                           Min: 0, Avg:  0.0, Max: 0, Diff: 0, Sum: 0, Workers: 4
[157.461s][debug][gc,phases      ] GC(14)     Total                          Min: 0, Avg:  0.0, Max: 0, Diff: 0, Sum: 0, Workers: 4
[157.461s][debug][gc,phases      ] GC(14)   StringDedup Requests1 Weak     Min:  0.0, Avg:  0.0, Max:  0.0, Diff:  0.0, Sum:  0.0, Workers: 4
[157.461s][debug][gc,phases      ] GC(14)     Dead                           Min: 0, Avg:  0.0, Max: 0, Diff: 0, Sum: 0, Workers: 4
[157.461s][debug][gc,phases      ] GC(14)     Total                          Min: 0, Avg:  0.0, Max: 0, Diff: 0, Sum: 0, Workers: 4
[157.461s][debug][gc,phases      ] GC(14)   Weak JFR Old Object Samples    Min:  0.0, Avg:  0.0, Max:  0.0, Diff:  0.0, Sum:  0.0, Workers: 4
[157.461s][debug][gc,phases      ] GC(14)     Dead                           Min: 0, Avg:  0.0, Max: 0, Diff: 0, Sum: 0, Workers: 4
[157.461s][debug][gc,phases      ] GC(14)     Total                          Min: 0, Avg:  0.0, Max: 0, Diff: 0, Sum: 0, Workers: 4
[157.461s][debug][gc,phases      ] GC(14) Weak Processing 0.510ms
[157.461s][debug][gc,age         ] GC(14) Desired survivor size 339214336 bytes, new threshold 14 (max threshold 15)
[157.461s][info ][gc,heap        ] GC(14) PSYoungGen: 1645446K(1763840K)->214867K(1765888K) Eden: 1430528K(1430528K)->0K(1433088K) From: 214918K(333312K)->214867K(332800K)
[157.461s][info ][gc,heap        ] GC(14) ParOldGen: 6210K(18944K)->6210K(18944K)
[157.461s][info ][gc,metaspace   ] GC(14) Metaspace: 75618K(76416K)->75618K(76416K) NonClass: 64769K(65216K)->64769K(65216K) Class: 10849K(11200K)->10849K(11200K)
[157.461s][info ][gc             ] GC(14) Pause Young (Allocation Failure) 1612M->215M(1743M) 71.171ms
[157.461s][info ][gc,cpu         ] GC(14) User=0.25s Sys=0.00s Real=0.07s
[157.461s][info ][safepoint      ] Safepoint "ParallelGCFailedAllocation", Time since last: 30761535 ns, Reaching safepoint: 102000 ns, At safepoint: 71237681 ns, Total: 71339681 ns
[163.462s][info ][safepoint      ] Safepoint "Cleanup", Time since last: 6000388392 ns, Reaching safepoint: 36500 ns, At safepoint: 2700 ns, Total: 39200 ns
[164.462s][info ][safepoint      ] Safepoint "Cleanup", Time since last: 1000103527 ns, Reaching safepoint: 48900 ns, At safepoint: 5900 ns, Total: 54800 ns
[167.462s][info ][safepoint      ] Safepoint "Cleanup", Time since last: 3000227782 ns, Reaching safepoint: 28000 ns, At safepoint: 3200 ns, Total: 31200 ns
[174.463s][info ][safepoint      ] Safepoint "Cleanup", Time since last: 7000470240 ns, Reaching safepoint: 38800 ns, At safepoint: 2800 ns, Total: 41600 ns
[178.463s][info ][safepoint      ] Safepoint "Cleanup", Time since last: 4000251942 ns, Reaching safepoint: 45900 ns, At safepoint: 13400 ns, Total: 59300 ns
[181.639s][info ][gc,start       ] GC(15) Pause Young (Allocation Failure)
[181.707s][debug][gc,phases      ] GC(15) Scavenge 67.965ms
[181.707s][debug][gc,ref         ] GC(15) Skipped phase 1 of Reference Processing: no references
[181.708s][debug][gc,ref         ] GC(15) ReferenceProcessor::execute queues: 4, RefProcThreadModel::Multi, marks_oops_alive: false
[181.708s][debug][gc,ref         ] GC(15) Skipped phase 3 of Reference Processing: no references
[181.708s][debug][gc,ref         ] GC(15) ReferenceProcessor::execute queues: 1, RefProcThreadModel::Single, marks_oops_alive: false
[181.708s][debug][gc,phases      ] GC(15) Reference Processing 0.589ms
[181.708s][debug][gc,phases      ] GC(15)   VM Weak                        Min:  0.0, Avg:  0.0, Max:  0.0, Diff:  0.0, Sum:  0.0, Workers: 4
[181.708s][debug][gc,phases      ] GC(15)     Dead                           Min: 0, Avg:  0.0, Max: 0, Diff: 0, Sum: 0, Workers: 4
[181.708s][debug][gc,phases      ] GC(15)     Total                          Min: 0, Avg: 163.8, Max: 384, Diff: 384, Sum: 655, Workers: 4
[181.708s][debug][gc,phases      ] GC(15)   ObjectSynchronizer Weak        Min:  0.0, Avg:  0.0, Max:  0.0, Diff:  0.0, Sum:  0.0, Workers: 4
[181.708s][debug][gc,phases      ] GC(15)     Dead                           Min: 0, Avg:  0.0, Max: 0, Diff: 0, Sum: 0, Workers: 4
[181.708s][debug][gc,phases      ] GC(15)     Total                          Min: 0, Avg:  7.2, Max: 29, Diff: 29, Sum: 29, Workers: 4
[181.708s][debug][gc,phases      ] GC(15)   JVMTI Tag Weak OopStorage      Min:  0.0, Avg:  0.0, Max:  0.0, Diff:  0.0, Sum:  0.0, Workers: 4
[181.708s][debug][gc,phases      ] GC(15)     Dead                           Min: 0, Avg:  0.0, Max: 0, Diff: 0, Sum: 0, Workers: 4
[181.708s][debug][gc,phases      ] GC(15)     Total                          Min: 0, Avg:  0.0, Max: 0, Diff: 0, Sum: 0, Workers: 4
[181.708s][debug][gc,phases      ] GC(15)   StringTable Weak               Min:  0.0, Avg:  0.2, Max:  0.3, Diff:  0.3, Sum:  0.9, Workers: 4
[181.708s][debug][gc,phases      ] GC(15)     Dead                           Min: 0, Avg:  0.0, Max: 0, Diff: 0, Sum: 0, Workers: 4
[181.708s][debug][gc,phases      ] GC(15)     Total                          Min: 0, Avg: 10491.8, Max: 18031, Diff: 18031, Sum: 41967, Workers: 4
[181.708s][debug][gc,phases      ] GC(15)   ResolvedMethodTable Weak       Min:  0.0, Avg:  0.1, Max:  0.1, Diff:  0.1, Sum:  0.2, Workers: 4
[181.708s][debug][gc,phases      ] GC(15)     Dead                           Min: 0, Avg:  0.0, Max: 0, Diff: 0, Sum: 0, Workers: 4
[181.708s][debug][gc,phases      ] GC(15)     Total                          Min: 0, Avg: 2032.2, Max: 3648, Diff: 3648, Sum: 8129, Workers: 4
[181.708s][debug][gc,phases      ] GC(15)   JNI Weak                       Min:  0.0, Avg:  0.0, Max:  0.0, Diff:  0.0, Sum:  0.0, Workers: 4
[181.708s][debug][gc,phases      ] GC(15)     Dead                           Min: 0, Avg:  0.0, Max: 0, Diff: 0, Sum: 0, Workers: 4
[181.708s][debug][gc,phases      ] GC(15)     Total                          Min: 0, Avg: 11.2, Max: 45, Diff: 45, Sum: 45, Workers: 4
[181.708s][debug][gc,phases      ] GC(15)   StringDedup Table Weak         Min:  0.0, Avg:  0.0, Max:  0.0, Diff:  0.0, Sum:  0.0, Workers: 4
[181.708s][debug][gc,phases      ] GC(15)     Dead                           Min: 0, Avg:  0.0, Max: 0, Diff: 0, Sum: 0, Workers: 4
[181.708s][debug][gc,phases      ] GC(15)     Total                          Min: 0, Avg:  0.0, Max: 0, Diff: 0, Sum: 0, Workers: 4
[181.708s][debug][gc,phases      ] GC(15)   StringDedup Requests0 Weak     Min:  0.0, Avg:  0.0, Max:  0.0, Diff:  0.0, Sum:  0.0, Workers: 4
[181.708s][debug][gc,phases      ] GC(15)     Dead                           Min: 0, Avg:  0.0, Max: 0, Diff: 0, Sum: 0, Workers: 4
[181.708s][debug][gc,phases      ] GC(15)     Total                          Min: 0, Avg:  0.0, Max: 0, Diff: 0, Sum: 0, Workers: 4
[181.709s][debug][gc,phases      ] GC(15)   StringDedup Requests1 Weak     Min:  0.0, Avg:  0.0, Max:  0.0, Diff:  0.0, Sum:  0.0, Workers: 4
[181.709s][debug][gc,phases      ] GC(15)     Dead                           Min: 0, Avg:  0.0, Max: 0, Diff: 0, Sum: 0, Workers: 4
[181.709s][debug][gc,phases      ] GC(15)     Total                          Min: 0, Avg:  0.0, Max: 0, Diff: 0, Sum: 0, Workers: 4
[181.709s][debug][gc,phases      ] GC(15)   Weak JFR Old Object Samples    Min:  0.0, Avg:  0.0, Max:  0.0, Diff:  0.0, Sum:  0.0, Workers: 4
[181.709s][debug][gc,phases      ] GC(15)     Dead                           Min: 0, Avg:  0.0, Max: 0, Diff: 0, Sum: 0, Workers: 4
[181.709s][debug][gc,phases      ] GC(15)     Total                          Min: 0, Avg:  0.0, Max: 0, Diff: 0, Sum: 0, Workers: 4
[181.709s][debug][gc,phases      ] GC(15) Weak Processing 0.536ms
[181.709s][debug][gc,age         ] GC(15) Desired survivor size 337117184 bytes, new threshold 15 (max threshold 15)
[181.709s][info ][gc,heap        ] GC(15) PSYoungGen: 1647955K(1765888K)->214967K(1764352K) Eden: 1433088K(1433088K)->0K(1433088K) From: 214867K(332800K)->214967K(331264K)
[181.709s][info ][gc,heap        ] GC(15) ParOldGen: 6210K(18944K)->6218K(18944K)
[181.709s][info ][gc,metaspace   ] GC(15) Metaspace: 75626K(76416K)->75626K(76416K) NonClass: 64777K(65216K)->64777K(65216K) Class: 10849K(11200K)->10849K(11200K)
[181.709s][info ][gc             ] GC(15) Pause Young (Allocation Failure) 1615M->216M(1741M) 69.206ms
[181.709s][info ][gc,cpu         ] GC(15) User=0.26s Sys=0.00s Real=0.06s
[181.709s][info ][safepoint      ] Safepoint "ParallelGCFailedAllocation", Time since last: 3176346161 ns, Reaching safepoint: 30300 ns, At safepoint: 69271878 ns, Total: 69302178 ns
[184.709s][info ][safepoint      ] Safepoint "Cleanup", Time since last: 3000201177 ns, Reaching safepoint: 39500 ns, At safepoint: 22800 ns, Total: 62300 ns
[188.709s][info ][safepoint      ] Safepoint "Cleanup", Time since last: 4000260018 ns, Reaching safepoint: 34500 ns, At safepoint: 2800 ns, Total: 37300 ns
[196.710s][info ][safepoint      ] Safepoint "Cleanup", Time since last: 8000541904 ns, Reaching safepoint: 33300 ns, At safepoint: 2200 ns, Total: 35500 ns
[197.710s][info ][safepoint      ] Safepoint "Cleanup", Time since last: 1000108986 ns, Reaching safepoint: 42000 ns, At safepoint: 2100 ns, Total: 44100 ns
[198.710s][info ][safepoint      ] Safepoint "Cleanup", Time since last: 1000094886 ns, Reaching safepoint: 41600 ns, At safepoint: 2800 ns, Total: 44400 ns
[200.710s][info ][safepoint      ] Safepoint "Cleanup", Time since last: 2000162972 ns, Reaching safepoint: 43600 ns, At safepoint: 2200 ns, Total: 45800 ns
[201.710s][info ][safepoint      ] Safepoint "Cleanup", Time since last: 1000101086 ns, Reaching safepoint: 50000 ns, At safepoint: 2400 ns, Total: 52400 ns
[202.711s][info ][safepoint      ] Safepoint "Cleanup", Time since last: 1000101686 ns, Reaching safepoint: 53800 ns, At safepoint: 1900 ns, Total: 55700 ns
[203.711s][info ][safepoint      ] Safepoint "Cleanup", Time since last: 1000106294 ns, Reaching safepoint: 37300 ns, At safepoint: 3300 ns, Total: 40600 ns
[204.711s][info ][safepoint      ] Safepoint "Cleanup", Time since last: 1000111616 ns, Reaching safepoint: 37100 ns, At safepoint: 2900 ns, Total: 40000 ns
[205.639s][info ][gc,start       ] GC(16) Pause Young (Allocation Failure)
[205.708s][debug][gc,phases      ] GC(16) Scavenge 69.212ms
[205.708s][debug][gc,ref         ] GC(16) Skipped phase 1 of Reference Processing: no references
[205.708s][debug][gc,ref         ] GC(16) ReferenceProcessor::execute queues: 4, RefProcThreadModel::Multi, marks_oops_alive: false
[205.709s][debug][gc,ref         ] GC(16) Skipped phase 3 of Reference Processing: no references
[205.709s][debug][gc,ref         ] GC(16) ReferenceProcessor::execute queues: 1, RefProcThreadModel::Single, marks_oops_alive: false
[205.709s][debug][gc,phases      ] GC(16) Reference Processing 0.697ms
[205.709s][debug][gc,phases      ] GC(16)   VM Weak                        Min:  0.0, Avg:  0.0, Max:  0.0, Diff:  0.0, Sum:  0.0, Workers: 4
[205.709s][debug][gc,phases      ] GC(16)     Dead                           Min: 0, Avg:  0.0, Max: 0, Diff: 0, Sum: 0, Workers: 4
[205.709s][debug][gc,phases      ] GC(16)     Total                          Min: 0, Avg: 163.8, Max: 335, Diff: 335, Sum: 655, Workers: 4
[205.709s][debug][gc,phases      ] GC(16)   ObjectSynchronizer Weak        Min:  0.0, Avg:  0.0, Max:  0.0, Diff:  0.0, Sum:  0.0, Workers: 4
[205.709s][debug][gc,phases      ] GC(16)     Dead                           Min: 0, Avg:  0.0, Max: 0, Diff: 0, Sum: 0, Workers: 4
[205.709s][debug][gc,phases      ] GC(16)     Total                          Min: 0, Avg:  7.2, Max: 29, Diff: 29, Sum: 29, Workers: 4
[205.709s][debug][gc,phases      ] GC(16)   JVMTI Tag Weak OopStorage      Min:  0.0, Avg:  0.0, Max:  0.0, Diff:  0.0, Sum:  0.0, Workers: 4
[205.709s][debug][gc,phases      ] GC(16)     Dead                           Min: 0, Avg:  0.0, Max: 0, Diff: 0, Sum: 0, Workers: 4
[205.709s][debug][gc,phases      ] GC(16)     Total                          Min: 0, Avg:  0.0, Max: 0, Diff: 0, Sum: 0, Workers: 4
[205.709s][debug][gc,phases      ] GC(16)   StringTable Weak               Min:  0.0, Avg:  0.2, Max:  0.3, Diff:  0.3, Sum:  0.9, Workers: 4
[205.709s][debug][gc,phases      ] GC(16)     Dead                           Min: 0, Avg:  0.0, Max: 0, Diff: 0, Sum: 0, Workers: 4
[205.709s][debug][gc,phases      ] GC(16)     Total                          Min: 0, Avg: 10493.0, Max: 17588, Diff: 17588, Sum: 41972, Workers: 4
[205.709s][debug][gc,phases      ] GC(16)   ResolvedMethodTable Weak       Min:  0.0, Avg:  0.1, Max:  0.1, Diff:  0.1, Sum:  0.2, Workers: 4
[205.709s][debug][gc,phases      ] GC(16)     Dead                           Min: 0, Avg:  0.0, Max: 0, Diff: 0, Sum: 0, Workers: 4
[205.709s][debug][gc,phases      ] GC(16)     Total                          Min: 0, Avg: 2032.2, Max: 3264, Diff: 3264, Sum: 8129, Workers: 4
[205.709s][debug][gc,phases      ] GC(16)   JNI Weak                       Min:  0.0, Avg:  0.0, Max:  0.0, Diff:  0.0, Sum:  0.0, Workers: 4
[205.709s][debug][gc,phases      ] GC(16)     Dead                           Min: 0, Avg:  0.0, Max: 0, Diff: 0, Sum: 0, Workers: 4
[205.709s][debug][gc,phases      ] GC(16)     Total                          Min: 0, Avg: 11.2, Max: 45, Diff: 45, Sum: 45, Workers: 4
[205.709s][debug][gc,phases      ] GC(16)   StringDedup Table Weak         Min:  0.0, Avg:  0.0, Max:  0.0, Diff:  0.0, Sum:  0.0, Workers: 4
[205.709s][debug][gc,phases      ] GC(16)     Dead                           Min: 0, Avg:  0.0, Max: 0, Diff: 0, Sum: 0, Workers: 4
[205.709s][debug][gc,phases      ] GC(16)     Total                          Min: 0, Avg:  0.0, Max: 0, Diff: 0, Sum: 0, Workers: 4
[205.709s][debug][gc,phases      ] GC(16)   StringDedup Requests0 Weak     Min:  0.0, Avg:  0.0, Max:  0.0, Diff:  0.0, Sum:  0.0, Workers: 4
[205.709s][debug][gc,phases      ] GC(16)     Dead                           Min: 0, Avg:  0.0, Max: 0, Diff: 0, Sum: 0, Workers: 4
[205.709s][debug][gc,phases      ] GC(16)     Total                          Min: 0, Avg:  0.0, Max: 0, Diff: 0, Sum: 0, Workers: 4
[205.709s][debug][gc,phases      ] GC(16)   StringDedup Requests1 Weak     Min:  0.0, Avg:  0.0, Max:  0.0, Diff:  0.0, Sum:  0.0, Workers: 4
[205.709s][debug][gc,phases      ] GC(16)     Dead                           Min: 0, Avg:  0.0, Max: 0, Diff: 0, Sum: 0, Workers: 4
[205.709s][debug][gc,phases      ] GC(16)     Total                          Min: 0, Avg:  0.0, Max: 0, Diff: 0, Sum: 0, Workers: 4
[205.709s][debug][gc,phases      ] GC(16)   Weak JFR Old Object Samples    Min:  0.0, Avg:  0.0, Max:  0.0, Diff:  0.0, Sum:  0.0, Workers: 4
[205.709s][debug][gc,phases      ] GC(16)     Dead                           Min: 0, Avg:  0.0, Max: 0, Diff: 0, Sum: 0, Workers: 4
[205.709s][debug][gc,phases      ] GC(16)     Total                          Min: 0, Avg:  0.0, Max: 0, Diff: 0, Sum: 0, Workers: 4
[205.709s][debug][gc,phases      ] GC(16) Weak Processing 0.538ms
[205.709s][debug][gc,age         ] GC(16) Desired survivor size 333971456 bytes, new threshold 15 (max threshold 15)
[205.709s][info ][gc,heap        ] GC(16) PSYoungGen: 1648055K(1764352K)->215003K(1771008K) Eden: 1433088K(1433088K)->0K(1441792K) From: 214967K(331264K)->215003K(329216K)
[205.709s][info ][gc,heap        ] GC(16) ParOldGen: 6218K(18944K)->6226K(18944K)
[205.709s][info ][gc,metaspace   ] GC(16) Metaspace: 75653K(76480K)->75653K(76480K) NonClass: 64804K(65280K)->64804K(65280K) Class: 10849K(11200K)->10849K(11200K)
[205.709s][info ][gc             ] GC(16) Pause Young (Allocation Failure) 1615M->216M(1748M) 70.574ms
[205.709s][info ][gc,cpu         ] GC(16) User=0.26s Sys=0.00s Real=0.06s
[205.709s][info ][safepoint      ] Safepoint "ParallelGCFailedAllocation", Time since last: 927721035 ns, Reaching safepoint: 41000 ns, At safepoint: 70642679 ns, Total: 70683679 ns
[207.709s][info ][safepoint      ] Safepoint "Cleanup", Time since last: 2000147133 ns, Reaching safepoint: 41400 ns, At safepoint: 2800 ns, Total: 44200 ns
[208.710s][info ][safepoint      ] Safepoint "Cleanup", Time since last: 1000102916 ns, Reaching safepoint: 35800 ns, At safepoint: 2200 ns, Total: 38000 ns
[209.710s][info ][safepoint      ] Safepoint "Cleanup", Time since last: 1000100416 ns, Reaching safepoint: 44000 ns, At safepoint: 2600 ns, Total: 46600 ns
[219.710s][info ][safepoint      ] Safepoint "Cleanup", Time since last: 10000678476 ns, Reaching safepoint: 35500 ns, At safepoint: 4000 ns, Total: 39500 ns
[220.711s][info ][safepoint      ] Safepoint "Cleanup", Time since last: 1000103827 ns, Reaching safepoint: 44000 ns, At safepoint: 3200 ns, Total: 47200 ns
[222.711s][info ][safepoint      ] Safepoint "Cleanup", Time since last: 2000132753 ns, Reaching safepoint: 29400 ns, At safepoint: 2500 ns, Total: 31900 ns
[223.711s][info ][safepoint      ] Safepoint "Cleanup", Time since last: 1000104227 ns, Reaching safepoint: 44500 ns, At safepoint: 2700 ns, Total: 47200 ns
[227.711s][info ][safepoint      ] Safepoint "Cleanup", Time since last: 4000252805 ns, Reaching safepoint: 38200 ns, At safepoint: 2200 ns, Total: 40400 ns
[228.711s][info ][safepoint      ] Safepoint "Cleanup", Time since last: 1000105222 ns, Reaching safepoint: 37300 ns, At safepoint: 2800 ns, Total: 40100 ns
[229.890s][info ][gc,start       ] GC(17) Pause Young (Allocation Failure)
[229.961s][debug][gc,phases      ] GC(17) Scavenge 70.861ms
[229.961s][debug][gc,ref         ] GC(17) Skipped phase 1 of Reference Processing: no references
[229.961s][debug][gc,ref         ] GC(17) ReferenceProcessor::execute queues: 4, RefProcThreadModel::Multi, marks_oops_alive: false
[229.961s][debug][gc,ref         ] GC(17) Skipped phase 3 of Reference Processing: no references
[229.961s][debug][gc,ref         ] GC(17) ReferenceProcessor::execute queues: 1, RefProcThreadModel::Single, marks_oops_alive: false
[229.961s][debug][gc,phases      ] GC(17) Reference Processing 0.537ms
[229.962s][debug][gc,phases      ] GC(17)   VM Weak                        Min:  0.0, Avg:  0.0, Max:  0.0, Diff:  0.0, Sum:  0.0, Workers: 4
[229.962s][debug][gc,phases      ] GC(17)     Dead                           Min: 0, Avg:  0.0, Max: 0, Diff: 0, Sum: 0, Workers: 4
[229.962s][debug][gc,phases      ] GC(17)     Total                          Min: 0, Avg: 163.8, Max: 384, Diff: 384, Sum: 655, Workers: 4
[229.962s][debug][gc,phases      ] GC(17)   ObjectSynchronizer Weak        Min:  0.0, Avg:  0.0, Max:  0.0, Diff:  0.0, Sum:  0.0, Workers: 4
[229.962s][debug][gc,phases      ] GC(17)     Dead                           Min: 0, Avg:  0.0, Max: 0, Diff: 0, Sum: 0, Workers: 4
[229.962s][debug][gc,phases      ] GC(17)     Total                          Min: 0, Avg:  7.2, Max: 29, Diff: 29, Sum: 29, Workers: 4
[229.962s][debug][gc,phases      ] GC(17)   JVMTI Tag Weak OopStorage      Min:  0.0, Avg:  0.0, Max:  0.0, Diff:  0.0, Sum:  0.0, Workers: 4
[229.962s][debug][gc,phases      ] GC(17)     Dead                           Min: 0, Avg:  0.0, Max: 0, Diff: 0, Sum: 0, Workers: 4
[229.962s][debug][gc,phases      ] GC(17)     Total                          Min: 0, Avg:  0.0, Max: 0, Diff: 0, Sum: 0, Workers: 4
[229.962s][debug][gc,phases      ] GC(17)   StringTable Weak               Min:  0.0, Avg:  0.2, Max:  0.3, Diff:  0.3, Sum:  1.0, Workers: 4
[229.962s][debug][gc,phases      ] GC(17)     Dead                           Min: 0, Avg:  0.0, Max: 0, Diff: 0, Sum: 0, Workers: 4
[229.962s][debug][gc,phases      ] GC(17)     Total                          Min: 0, Avg: 10494.5, Max: 17659, Diff: 17659, Sum: 41978, Workers: 4
[229.962s][debug][gc,phases      ] GC(17)   ResolvedMethodTable Weak       Min:  0.0, Avg:  0.1, Max:  0.1, Diff:  0.1, Sum:  0.2, Workers: 4
[229.962s][debug][gc,phases      ] GC(17)     Dead                           Min: 0, Avg:  0.0, Max: 0, Diff: 0, Sum: 0, Workers: 4
[229.962s][debug][gc,phases      ] GC(17)     Total                          Min: 0, Avg: 2032.2, Max: 3520, Diff: 3520, Sum: 8129, Workers: 4
[229.962s][debug][gc,phases      ] GC(17)   JNI Weak                       Min:  0.0, Avg:  0.0, Max:  0.0, Diff:  0.0, Sum:  0.0, Workers: 4
[229.962s][debug][gc,phases      ] GC(17)     Dead                           Min: 0, Avg:  0.0, Max: 0, Diff: 0, Sum: 0, Workers: 4
[229.962s][debug][gc,phases      ] GC(17)     Total                          Min: 0, Avg: 11.2, Max: 45, Diff: 45, Sum: 45, Workers: 4
[229.962s][debug][gc,phases      ] GC(17)   StringDedup Table Weak         Min:  0.0, Avg:  0.0, Max:  0.0, Diff:  0.0, Sum:  0.0, Workers: 4
[229.962s][debug][gc,phases      ] GC(17)     Dead                           Min: 0, Avg:  0.0, Max: 0, Diff: 0, Sum: 0, Workers: 4
[229.962s][debug][gc,phases      ] GC(17)     Total                          Min: 0, Avg:  0.0, Max: 0, Diff: 0, Sum: 0, Workers: 4
[229.962s][debug][gc,phases      ] GC(17)   StringDedup Requests0 Weak     Min:  0.0, Avg:  0.0, Max:  0.0, Diff:  0.0, Sum:  0.0, Workers: 4
[229.962s][debug][gc,phases      ] GC(17)     Dead                           Min: 0, Avg:  0.0, Max: 0, Diff: 0, Sum: 0, Workers: 4
[229.962s][debug][gc,phases      ] GC(17)     Total                          Min: 0, Avg:  0.0, Max: 0, Diff: 0, Sum: 0, Workers: 4
[229.962s][debug][gc,phases      ] GC(17)   StringDedup Requests1 Weak     Min:  0.0, Avg:  0.0, Max:  0.0, Diff:  0.0, Sum:  0.0, Workers: 4
[229.962s][debug][gc,phases      ] GC(17)     Dead                           Min: 0, Avg:  0.0, Max: 0, Diff: 0, Sum: 0, Workers: 4
[229.962s][debug][gc,phases      ] GC(17)     Total                          Min: 0, Avg:  0.0, Max: 0, Diff: 0, Sum: 0, Workers: 4
[229.962s][debug][gc,phases      ] GC(17)   Weak JFR Old Object Samples    Min:  0.0, Avg:  0.0, Max:  0.0, Diff:  0.0, Sum:  0.0, Workers: 4
[229.962s][debug][gc,phases      ] GC(17)     Dead                           Min: 0, Avg:  0.0, Max: 0, Diff: 0, Sum: 0, Workers: 4
[229.962s][debug][gc,phases      ] GC(17)     Total                          Min: 0, Avg:  0.0, Max: 0, Diff: 0, Sum: 0, Workers: 4
[229.962s][debug][gc,phases      ] GC(17) Weak Processing 0.575ms
[229.962s][debug][gc,age         ] GC(17) Desired survivor size 330301440 bytes, new threshold 15 (max threshold 15)
[229.962s][info ][gc,heap        ] GC(17) PSYoungGen: 1656795K(1771008K)->214858K(1767936K) Eden: 1441792K(1441792K)->0K(1441792K) From: 215003K(329216K)->214858K(326144K)
[229.962s][info ][gc,heap        ] GC(17) ParOldGen: 6226K(18944K)->6234K(18944K)
[229.962s][info ][gc,metaspace   ] GC(17) Metaspace: 75660K(76480K)->75660K(76480K) NonClass: 64810K(65280K)->64810K(65280K) Class: 10849K(11200K)->10849K(11200K)
[229.962s][info ][gc             ] GC(17) Pause Young (Allocation Failure) 1624M->215M(1745M) 72.088ms
[229.962s][info ][gc,cpu         ] GC(17) User=0.26s Sys=0.00s Real=0.07s
[229.962s][info ][safepoint      ] Safepoint "ParallelGCFailedAllocation", Time since last: 1178534122 ns, Reaching safepoint: 92900 ns, At safepoint: 72152981 ns, Total: 72245881 ns
[230.962s][info ][safepoint      ] Safepoint "Cleanup", Time since last: 1000077422 ns, Reaching safepoint: 43500 ns, At safepoint: 3200 ns, Total: 46700 ns
[232.962s][info ][safepoint      ] Safepoint "Cleanup", Time since last: 2000169643 ns, Reaching safepoint: 48700 ns, At safepoint: 3500 ns, Total: 52200 ns
[233.963s][info ][safepoint      ] Safepoint "Cleanup", Time since last: 1000309322 ns, Reaching safepoint: 40000 ns, At safepoint: 3601 ns, Total: 43601 ns
[235.963s][info ][safepoint      ] Safepoint "Cleanup", Time since last: 2000181719 ns, Reaching safepoint: 46100 ns, At safepoint: 3200 ns, Total: 49300 ns
[236.963s][info ][safepoint      ] Safepoint "Cleanup", Time since last: 1000103971 ns, Reaching safepoint: 45200 ns, At safepoint: 2400 ns, Total: 47600 ns
[242.964s][info ][safepoint      ] Safepoint "Cleanup", Time since last: 6000382728 ns, Reaching safepoint: 40800 ns, At safepoint: 3000 ns, Total: 43800 ns
[253.890s][info ][gc,start       ] GC(18) Pause Young (Allocation Failure)
[253.958s][debug][gc,phases      ] GC(18) Scavenge 67.867ms
[253.958s][debug][gc,ref         ] GC(18) Skipped phase 1 of Reference Processing: no references
[253.958s][debug][gc,ref         ] GC(18) ReferenceProcessor::execute queues: 4, RefProcThreadModel::Multi, marks_oops_alive: false
[253.958s][debug][gc,ref         ] GC(18) Skipped phase 3 of Reference Processing: no references
[253.958s][debug][gc,ref         ] GC(18) ReferenceProcessor::execute queues: 1, RefProcThreadModel::Single, marks_oops_alive: false
[253.958s][debug][gc,phases      ] GC(18) Reference Processing 0.538ms
[253.959s][debug][gc,phases      ] GC(18)   VM Weak                        Min:  0.0, Avg:  0.0, Max:  0.0, Diff:  0.0, Sum:  0.0, Workers: 4
[253.959s][debug][gc,phases      ] GC(18)     Dead                           Min: 0, Avg:  0.0, Max: 0, Diff: 0, Sum: 0, Workers: 4
[253.959s][debug][gc,phases      ] GC(18)     Total                          Min: 0, Avg: 163.8, Max: 384, Diff: 384, Sum: 655, Workers: 4
[253.959s][debug][gc,phases      ] GC(18)   ObjectSynchronizer Weak        Min:  0.0, Avg:  0.0, Max:  0.0, Diff:  0.0, Sum:  0.0, Workers: 4
[253.959s][debug][gc,phases      ] GC(18)     Dead                           Min: 0, Avg:  0.0, Max: 0, Diff: 0, Sum: 0, Workers: 4
[253.959s][debug][gc,phases      ] GC(18)     Total                          Min: 0, Avg:  7.2, Max: 29, Diff: 29, Sum: 29, Workers: 4
[253.959s][debug][gc,phases      ] GC(18)   JVMTI Tag Weak OopStorage      Min:  0.0, Avg:  0.0, Max:  0.0, Diff:  0.0, Sum:  0.0, Workers: 4
[253.959s][debug][gc,phases      ] GC(18)     Dead                           Min: 0, Avg:  0.0, Max: 0, Diff: 0, Sum: 0, Workers: 4
[253.959s][debug][gc,phases      ] GC(18)     Total                          Min: 0, Avg:  0.0, Max: 0, Diff: 0, Sum: 0, Workers: 4
[253.959s][debug][gc,phases      ] GC(18)   StringTable Weak               Min:  0.0, Avg:  0.2, Max:  0.3, Diff:  0.3, Sum:  0.9, Workers: 4
[253.959s][debug][gc,phases      ] GC(18)     Dead                           Min: 0, Avg:  0.0, Max: 0, Diff: 0, Sum: 0, Workers: 4
[253.959s][debug][gc,phases      ] GC(18)     Total                          Min: 0, Avg: 10495.5, Max: 17407, Diff: 17407, Sum: 41982, Workers: 4
[253.959s][debug][gc,phases      ] GC(18)   ResolvedMethodTable Weak       Min:  0.0, Avg:  0.1, Max:  0.1, Diff:  0.1, Sum:  0.2, Workers: 4
[253.959s][debug][gc,phases      ] GC(18)     Dead                           Min: 0, Avg:  0.0, Max: 0, Diff: 0, Sum: 0, Workers: 4
[253.959s][debug][gc,phases      ] GC(18)     Total                          Min: 0, Avg: 2032.2, Max: 3649, Diff: 3649, Sum: 8129, Workers: 4
[253.959s][debug][gc,phases      ] GC(18)   JNI Weak                       Min:  0.0, Avg:  0.0, Max:  0.0, Diff:  0.0, Sum:  0.0, Workers: 4
[253.959s][debug][gc,phases      ] GC(18)     Dead                           Min: 0, Avg:  0.0, Max: 0, Diff: 0, Sum: 0, Workers: 4
[253.959s][debug][gc,phases      ] GC(18)     Total                          Min: 0, Avg: 11.2, Max: 45, Diff: 45, Sum: 45, Workers: 4
[253.959s][debug][gc,phases      ] GC(18)   StringDedup Table Weak         Min:  0.0, Avg:  0.0, Max:  0.0, Diff:  0.0, Sum:  0.0, Workers: 4
[253.959s][debug][gc,phases      ] GC(18)     Dead                           Min: 0, Avg:  0.0, Max: 0, Diff: 0, Sum: 0, Workers: 4
[253.959s][debug][gc,phases      ] GC(18)     Total                          Min: 0, Avg:  0.0, Max: 0, Diff: 0, Sum: 0, Workers: 4
[253.959s][debug][gc,phases      ] GC(18)   StringDedup Requests0 Weak     Min:  0.0, Avg:  0.0, Max:  0.0, Diff:  0.0, Sum:  0.0, Workers: 4
[253.959s][debug][gc,phases      ] GC(18)     Dead                           Min: 0, Avg:  0.0, Max: 0, Diff: 0, Sum: 0, Workers: 4
[253.959s][debug][gc,phases      ] GC(18)     Total                          Min: 0, Avg:  0.0, Max: 0, Diff: 0, Sum: 0, Workers: 4
[253.959s][debug][gc,phases      ] GC(18)   StringDedup Requests1 Weak     Min:  0.0, Avg:  0.0, Max:  0.0, Diff:  0.0, Sum:  0.0, Workers: 4
[253.959s][debug][gc,phases      ] GC(18)     Dead                           Min: 0, Avg:  0.0, Max: 0, Diff: 0, Sum: 0, Workers: 4
[253.959s][debug][gc,phases      ] GC(18)     Total                          Min: 0, Avg:  0.0, Max: 0, Diff: 0, Sum: 0, Workers: 4
[253.959s][debug][gc,phases      ] GC(18)   Weak JFR Old Object Samples    Min:  0.0, Avg:  0.0, Max:  0.0, Diff:  0.0, Sum:  0.0, Workers: 4
[253.959s][debug][gc,phases      ] GC(18)     Dead                           Min: 0, Avg:  0.0, Max: 0, Diff: 0, Sum: 0, Workers: 4
[253.959s][debug][gc,phases      ] GC(18)     Total                          Min: 0, Avg:  0.0, Max: 0, Diff: 0, Sum: 0, Workers: 4
[253.959s][debug][gc,phases      ] GC(18) Weak Processing 0.558ms
[253.959s][debug][gc,age         ] GC(18) Desired survivor size 326107136 bytes, new threshold 15 (max threshold 15)
[253.959s][info ][gc,heap        ] GC(18) PSYoungGen: 1656650K(1767936K)->214849K(1778688K) Eden: 1441792K(1441792K)->0K(1456128K) From: 214858K(326144K)->214849K(322560K)
[253.959s][info ][gc,heap        ] GC(18) ParOldGen: 6234K(18944K)->6242K(18944K)
[253.959s][info ][gc,metaspace   ] GC(18) Metaspace: 75663K(76480K)->75663K(76480K) NonClass: 64813K(65280K)->64813K(65280K) Class: 10849K(11200K)->10849K(11200K)
[253.959s][info ][gc             ] GC(18) Pause Young (Allocation Failure) 1623M->215M(1755M) 69.087ms
[253.959s][info ][gc,cpu         ] GC(18) User=0.25s Sys=0.01s Real=0.07s
[253.959s][info ][safepoint      ] Safepoint "ParallelGCFailedAllocation", Time since last: 10925986117 ns, Reaching safepoint: 101700 ns, At safepoint: 69160477 ns, Total: 69262177 ns
[267.960s][info ][safepoint      ] Safepoint "Cleanup", Time since last: 14000857668 ns, Reaching safepoint: 39800 ns, At safepoint: 10100 ns, Total: 49900 ns
[269.960s][info ][safepoint      ] Safepoint "Cleanup", Time since last: 2000168679 ns, Reaching safepoint: 37200 ns, At safepoint: 3000 ns, Total: 40200 ns
[271.960s][info ][safepoint      ] Safepoint "Cleanup", Time since last: 2000177880 ns, Reaching safepoint: 39200 ns, At safepoint: 2700 ns, Total: 41900 ns
[278.238s][info ][gc,start       ] GC(19) Pause Young (Allocation Failure)
[278.309s][debug][gc,phases      ] GC(19) Scavenge 70.357ms
[278.309s][debug][gc,ref         ] GC(19) Skipped phase 1 of Reference Processing: no references
[278.309s][debug][gc,ref         ] GC(19) ReferenceProcessor::execute queues: 4, RefProcThreadModel::Multi, marks_oops_alive: false
[278.309s][debug][gc,ref         ] GC(19) Skipped phase 3 of Reference Processing: no references
[278.309s][debug][gc,ref         ] GC(19) ReferenceProcessor::execute queues: 1, RefProcThreadModel::Single, marks_oops_alive: false
[278.309s][debug][gc,phases      ] GC(19) Reference Processing 0.421ms
[278.309s][debug][gc,phases      ] GC(19)   VM Weak                        Min:  0.0, Avg:  0.0, Max:  0.0, Diff:  0.0, Sum:  0.0, Workers: 4
[278.309s][debug][gc,phases      ] GC(19)     Dead                           Min: 0, Avg:  0.0, Max: 0, Diff: 0, Sum: 0, Workers: 4
[278.309s][debug][gc,phases      ] GC(19)     Total                          Min: 15, Avg: 163.8, Max: 256, Diff: 241, Sum: 655, Workers: 4
[278.309s][debug][gc,phases      ] GC(19)   ObjectSynchronizer Weak        Min:  0.0, Avg:  0.0, Max:  0.0, Diff:  0.0, Sum:  0.0, Workers: 4
[278.309s][debug][gc,phases      ] GC(19)     Dead                           Min: 0, Avg:  0.0, Max: 0, Diff: 0, Sum: 0, Workers: 4
[278.309s][debug][gc,phases      ] GC(19)     Total                          Min: 0, Avg:  7.2, Max: 29, Diff: 29, Sum: 29, Workers: 4
[278.309s][debug][gc,phases      ] GC(19)   JVMTI Tag Weak OopStorage      Min:  0.0, Avg:  0.0, Max:  0.0, Diff:  0.0, Sum:  0.0, Workers: 4
[278.309s][debug][gc,phases      ] GC(19)     Dead                           Min: 0, Avg:  0.0, Max: 0, Diff: 0, Sum: 0, Workers: 4
[278.309s][debug][gc,phases      ] GC(19)     Total                          Min: 0, Avg:  0.0, Max: 0, Diff: 0, Sum: 0, Workers: 4
[278.309s][debug][gc,phases      ] GC(19)   StringTable Weak               Min:  0.3, Avg:  0.3, Max:  0.3, Diff:  0.0, Sum:  1.1, Workers: 4
[278.309s][debug][gc,phases      ] GC(19)     Dead                           Min: 0, Avg:  0.0, Max: 0, Diff: 0, Sum: 0, Workers: 4
[278.309s][debug][gc,phases      ] GC(19)     Total                          Min: 10112, Avg: 10496.5, Max: 10944, Diff: 832, Sum: 41986, Workers: 4
[278.309s][debug][gc,phases      ] GC(19)   ResolvedMethodTable Weak       Min:  0.1, Avg:  0.1, Max:  0.1, Diff:  0.0, Sum:  0.3, Workers: 4
[278.309s][debug][gc,phases      ] GC(19)     Dead                           Min: 0, Avg:  0.0, Max: 0, Diff: 0, Sum: 0, Workers: 4
[278.309s][debug][gc,phases      ] GC(19)     Total                          Min: 1920, Avg: 2032.2, Max: 2304, Diff: 384, Sum: 8129, Workers: 4
[278.309s][debug][gc,phases      ] GC(19)   JNI Weak                       Min:  0.0, Avg:  0.0, Max:  0.0, Diff:  0.0, Sum:  0.0, Workers: 4
[278.309s][debug][gc,phases      ] GC(19)     Dead                           Min: 0, Avg:  0.0, Max: 0, Diff: 0, Sum: 0, Workers: 4
[278.309s][debug][gc,phases      ] GC(19)     Total                          Min: 0, Avg: 11.2, Max: 45, Diff: 45, Sum: 45, Workers: 4
[278.309s][debug][gc,phases      ] GC(19)   StringDedup Table Weak         Min:  0.0, Avg:  0.0, Max:  0.0, Diff:  0.0, Sum:  0.0, Workers: 4
[278.309s][debug][gc,phases      ] GC(19)     Dead                           Min: 0, Avg:  0.0, Max: 0, Diff: 0, Sum: 0, Workers: 4
[278.309s][debug][gc,phases      ] GC(19)     Total                          Min: 0, Avg:  0.0, Max: 0, Diff: 0, Sum: 0, Workers: 4
[278.309s][debug][gc,phases      ] GC(19)   StringDedup Requests0 Weak     Min:  0.0, Avg:  0.0, Max:  0.0, Diff:  0.0, Sum:  0.0, Workers: 4
[278.309s][debug][gc,phases      ] GC(19)     Dead                           Min: 0, Avg:  0.0, Max: 0, Diff: 0, Sum: 0, Workers: 4
[278.309s][debug][gc,phases      ] GC(19)     Total                          Min: 0, Avg:  0.0, Max: 0, Diff: 0, Sum: 0, Workers: 4
[278.309s][debug][gc,phases      ] GC(19)   StringDedup Requests1 Weak     Min:  0.0, Avg:  0.0, Max:  0.0, Diff:  0.0, Sum:  0.0, Workers: 4
[278.309s][debug][gc,phases      ] GC(19)     Dead                           Min: 0, Avg:  0.0, Max: 0, Diff: 0, Sum: 0, Workers: 4
[278.309s][debug][gc,phases      ] GC(19)     Total                          Min: 0, Avg:  0.0, Max: 0, Diff: 0, Sum: 0, Workers: 4
[278.309s][debug][gc,phases      ] GC(19)   Weak JFR Old Object Samples    Min:  0.0, Avg:  0.0, Max:  0.0, Diff:  0.0, Sum:  0.0, Workers: 4
[278.309s][debug][gc,phases      ] GC(19)     Dead                           Min: 0, Avg:  0.0, Max: 0, Diff: 0, Sum: 0, Workers: 4
[278.309s][debug][gc,phases      ] GC(19)     Total                          Min: 0, Avg:  0.0, Max: 0, Diff: 0, Sum: 0, Workers: 4
[278.309s][debug][gc,phases      ] GC(19) Weak Processing 0.513ms
[278.309s][debug][gc,age         ] GC(19) Desired survivor size 313524224 bytes, new threshold 15 (max threshold 15)
[278.310s][info ][gc,heap        ] GC(19) PSYoungGen: 1670977K(1778688K)->189808K(1774592K) Eden: 1456128K(1456128K)->0K(1456128K) From: 214849K(322560K)->189808K(318464K)
[278.310s][info ][gc,heap        ] GC(19) ParOldGen: 6242K(18944K)->31395K(31744K)
[278.310s][info ][gc,metaspace   ] GC(19) Metaspace: 75694K(76480K)->75694K(76480K) NonClass: 64844K(65280K)->64844K(65280K) Class: 10849K(11200K)->10849K(11200K)
[278.310s][info ][gc             ] GC(19) Pause Young (Allocation Failure) 1637M->216M(1764M) 71.432ms
[278.310s][info ][gc,cpu         ] GC(19) User=0.26s Sys=0.00s Real=0.06s
[278.310s][debug][gc,phases      ] GC(20) Pre Compact 0.009ms
[278.310s][info ][gc,start       ] GC(20) Pause Full (Ergonomics)
[278.310s][info ][gc,phases,start] GC(20) Marking Phase
[278.383s][debug][gc,phases      ] GC(20) Par Mark 73.075ms
[278.383s][debug][gc,ref         ] GC(20) Skipped phase 1 of Reference Processing: no references
[278.383s][debug][gc,ref         ] GC(20) ReferenceProcessor::execute queues: 4, RefProcThreadModel::Multi, marks_oops_alive: false
[278.383s][debug][gc,ref         ] GC(20) Skipped phase 3 of Reference Processing: no references
[278.383s][debug][gc,ref         ] GC(20) ReferenceProcessor::execute queues: 1, RefProcThreadModel::Single, marks_oops_alive: false
[278.383s][debug][gc,phases      ] GC(20) Reference Processing 0.485ms
[278.383s][debug][gc,phases      ] GC(20)   VM Weak                        Min:  0.0, Avg:  0.0, Max:  0.0, Diff:  0.0, Sum:  0.0, Workers: 4
[278.383s][debug][gc,phases      ] GC(20)     Dead                           Min: 0, Avg:  0.0, Max: 0, Diff: 0, Sum: 0, Workers: 4
[278.383s][debug][gc,phases      ] GC(20)     Total                          Min: 0, Avg: 163.8, Max: 271, Diff: 271, Sum: 655, Workers: 4
[278.383s][debug][gc,phases      ] GC(20)   ObjectSynchronizer Weak        Min:  0.0, Avg:  0.0, Max:  0.0, Diff:  0.0, Sum:  0.0, Workers: 4
[278.383s][debug][gc,phases      ] GC(20)     Dead                           Min: 0, Avg:  0.0, Max: 0, Diff: 0, Sum: 0, Workers: 4
[278.383s][debug][gc,phases      ] GC(20)     Total                          Min: 0, Avg:  7.2, Max: 29, Diff: 29, Sum: 29, Workers: 4
[278.384s][debug][gc,phases      ] GC(20)   JVMTI Tag Weak OopStorage      Min:  0.0, Avg:  0.0, Max:  0.0, Diff:  0.0, Sum:  0.0, Workers: 4
[278.384s][debug][gc,phases      ] GC(20)     Dead                           Min: 0, Avg:  0.0, Max: 0, Diff: 0, Sum: 0, Workers: 4
[278.384s][debug][gc,phases      ] GC(20)     Total                          Min: 0, Avg:  0.0, Max: 0, Diff: 0, Sum: 0, Workers: 4
[278.384s][debug][gc,phases      ] GC(20)   StringTable Weak               Min:  0.1, Avg:  0.1, Max:  0.1, Diff:  0.0, Sum:  0.6, Workers: 4
[278.384s][debug][gc,phases      ] GC(20)     Dead                           Min: 0, Avg:  0.0, Max: 0, Diff: 0, Sum: 0, Workers: 4
[278.384s][debug][gc,phases      ] GC(20)     Total                          Min: 8960, Avg: 10496.5, Max: 11904, Diff: 2944, Sum: 41986, Workers: 4
[278.384s][debug][gc,phases      ] GC(20)   ResolvedMethodTable Weak       Min:  0.0, Avg:  0.0, Max:  0.0, Diff:  0.0, Sum:  0.1, Workers: 4
[278.384s][debug][gc,phases      ] GC(20)     Dead                           Min: 0, Avg:  0.0, Max: 0, Diff: 0, Sum: 0, Workers: 4
[278.384s][debug][gc,phases      ] GC(20)     Total                          Min: 1920, Avg: 2032.2, Max: 2176, Diff: 256, Sum: 8129, Workers: 4
[278.384s][debug][gc,phases      ] GC(20)   JNI Weak                       Min:  0.0, Avg:  0.0, Max:  0.0, Diff:  0.0, Sum:  0.0, Workers: 4
[278.384s][debug][gc,phases      ] GC(20)     Dead                           Min: 0, Avg:  0.0, Max: 0, Diff: 0, Sum: 0, Workers: 4
[278.384s][debug][gc,phases      ] GC(20)     Total                          Min: 0, Avg: 11.2, Max: 45, Diff: 45, Sum: 45, Workers: 4
[278.384s][debug][gc,phases      ] GC(20)   StringDedup Table Weak         Min:  0.0, Avg:  0.0, Max:  0.0, Diff:  0.0, Sum:  0.0, Workers: 4
[278.384s][debug][gc,phases      ] GC(20)     Dead                           Min: 0, Avg:  0.0, Max: 0, Diff: 0, Sum: 0, Workers: 4
[278.384s][debug][gc,phases      ] GC(20)     Total                          Min: 0, Avg:  0.0, Max: 0, Diff: 0, Sum: 0, Workers: 4
[278.384s][debug][gc,phases      ] GC(20)   StringDedup Requests0 Weak     Min:  0.0, Avg:  0.0, Max:  0.0, Diff:  0.0, Sum:  0.0, Workers: 4
[278.384s][debug][gc,phases      ] GC(20)     Dead                           Min: 0, Avg:  0.0, Max: 0, Diff: 0, Sum: 0, Workers: 4
[278.384s][debug][gc,phases      ] GC(20)     Total                          Min: 0, Avg:  0.0, Max: 0, Diff: 0, Sum: 0, Workers: 4
[278.384s][debug][gc,phases      ] GC(20)   StringDedup Requests1 Weak     Min:  0.0, Avg:  0.0, Max:  0.0, Diff:  0.0, Sum:  0.0, Workers: 4
[278.384s][debug][gc,phases      ] GC(20)     Dead                           Min: 0, Avg:  0.0, Max: 0, Diff: 0, Sum: 0, Workers: 4
[278.384s][debug][gc,phases      ] GC(20)     Total                          Min: 0, Avg:  0.0, Max: 0, Diff: 0, Sum: 0, Workers: 4
[278.384s][debug][gc,phases      ] GC(20)   Weak JFR Old Object Samples    Min:  0.0, Avg:  0.0, Max:  0.0, Diff:  0.0, Sum:  0.0, Workers: 4
[278.384s][debug][gc,phases      ] GC(20)     Dead                           Min: 0, Avg:  0.0, Max: 0, Diff: 0, Sum: 0, Workers: 4
[278.384s][debug][gc,phases      ] GC(20)     Total                          Min: 0, Avg:  0.0, Max: 0, Diff: 0, Sum: 0, Workers: 4
[278.384s][debug][gc,phases      ] GC(20) Weak Processing 0.339ms
[278.384s][debug][gc,phases      ] GC(20) ClassLoaderData 0.075ms
[278.384s][debug][gc,phases      ] GC(20) Trigger cleanups 0.001ms
[278.399s][debug][gc,phases      ] GC(20) Class Unloading 15.353ms
[278.399s][info ][gc,phases      ] GC(20) Marking Phase 89.392ms
[278.399s][info ][gc,phases,start] GC(20) Summary Phase
[278.399s][info ][gc,phases      ] GC(20) Summary Phase 0.008ms
[278.399s][info ][gc,phases,start] GC(20) Adjust Roots
[278.415s][info ][gc,phases      ] GC(20) Adjust Roots 16.457ms
[278.415s][info ][gc,phases,start] GC(20) Compaction Phase
[279.033s][info ][gc,phases      ] GC(20) Compaction Phase 617.146ms
[279.033s][info ][gc,phases,start] GC(20) Post Compact
[279.035s][info ][gc,phases      ] GC(20) Post Compact 2.370ms
[279.035s][info ][gc,heap        ] GC(20) PSYoungGen: 189808K(1774592K)->188162K(1774592K) Eden: 0K(1456128K)->0K(1456128K) From: 189808K(318464K)->188162K(318464K)
[279.035s][info ][gc,heap        ] GC(20) ParOldGen: 31395K(31744K)->31742K(66048K)
[279.035s][info ][gc,metaspace   ] GC(20) Metaspace: 75694K(76480K)->75694K(76480K) NonClass: 64844K(65280K)->64844K(65280K) Class: 10849K(11200K)->10849K(11200K)
[279.035s][info ][gc             ] GC(20) Pause Full (Ergonomics) 216M->214M(1797M) 725.561ms
[279.035s][info ][gc,cpu         ] GC(20) User=1.81s Sys=0.01s Real=0.73s
[279.035s][info ][safepoint      ] Safepoint "ParallelGCFailedAllocation", Time since last: 6277787976 ns, Reaching safepoint: 61700 ns, At safepoint: 797102749 ns, Total: 797164449 ns
[281.035s][info ][safepoint      ] Safepoint "Cleanup", Time since last: 2000117432 ns, Reaching safepoint: 36300 ns, At safepoint: 3700 ns, Total: 40000 ns
[284.036s][info ][safepoint      ] Safepoint "Cleanup", Time since last: 3000231214 ns, Reaching safepoint: 38400 ns, At safepoint: 3400 ns, Total: 41800 ns
[287.036s][info ][safepoint      ] Safepoint "Cleanup", Time since last: 3000232995 ns, Reaching safepoint: 40300 ns, At safepoint: 15200 ns, Total: 55500 ns
[293.036s][info ][safepoint      ] Safepoint "Cleanup", Time since last: 6000377016 ns, Reaching safepoint: 34700 ns, At safepoint: 2300 ns, Total: 37000 ns
[297.037s][info ][safepoint      ] Safepoint "Cleanup", Time since last: 4000299800 ns, Reaching safepoint: 37800 ns, At safepoint: 3600 ns, Total: 41400 ns
[298.037s][info ][safepoint      ] Safepoint "Cleanup", Time since last: 1000100550 ns, Reaching safepoint: 36000 ns, At safepoint: 2400 ns, Total: 38400 ns
[302.839s][info ][gc,start       ] GC(21) Pause Young (Allocation Failure)
[302.918s][debug][gc,phases      ] GC(21) Scavenge 78.588ms
[302.918s][debug][gc,ref         ] GC(21) Skipped phase 1 of Reference Processing: no references
[302.918s][debug][gc,ref         ] GC(21) ReferenceProcessor::execute queues: 4, RefProcThreadModel::Multi, marks_oops_alive: false
[302.918s][debug][gc,ref         ] GC(21) Skipped phase 3 of Reference Processing: no references
[302.918s][debug][gc,ref         ] GC(21) ReferenceProcessor::execute queues: 1, RefProcThreadModel::Single, marks_oops_alive: false
[302.918s][debug][gc,phases      ] GC(21) Reference Processing 0.397ms
[302.919s][debug][gc,phases      ] GC(21)   VM Weak                        Min:  0.0, Avg:  0.0, Max:  0.0, Diff:  0.0, Sum:  0.0, Workers: 4
[302.919s][debug][gc,phases      ] GC(21)     Dead                           Min: 0, Avg:  0.0, Max: 0, Diff: 0, Sum: 0, Workers: 4
[302.919s][debug][gc,phases      ] GC(21)     Total                          Min: 0, Avg: 163.8, Max: 448, Diff: 448, Sum: 655, Workers: 4
[302.919s][debug][gc,phases      ] GC(21)   ObjectSynchronizer Weak        Min:  0.0, Avg:  0.0, Max:  0.0, Diff:  0.0, Sum:  0.0, Workers: 4
[302.919s][debug][gc,phases      ] GC(21)     Dead                           Min: 0, Avg:  0.0, Max: 0, Diff: 0, Sum: 0, Workers: 4
[302.919s][debug][gc,phases      ] GC(21)     Total                          Min: 0, Avg:  7.2, Max: 29, Diff: 29, Sum: 29, Workers: 4
[302.919s][debug][gc,phases      ] GC(21)   JVMTI Tag Weak OopStorage      Min:  0.0, Avg:  0.0, Max:  0.0, Diff:  0.0, Sum:  0.0, Workers: 4
[302.919s][debug][gc,phases      ] GC(21)     Dead                           Min: 0, Avg:  0.0, Max: 0, Diff: 0, Sum: 0, Workers: 4
[302.919s][debug][gc,phases      ] GC(21)     Total                          Min: 0, Avg:  0.0, Max: 0, Diff: 0, Sum: 0, Workers: 4
[302.919s][debug][gc,phases      ] GC(21)   StringTable Weak               Min:  0.0, Avg:  0.2, Max:  0.3, Diff:  0.3, Sum:  0.7, Workers: 4
[302.919s][debug][gc,phases      ] GC(21)     Dead                           Min: 0, Avg:  0.0, Max: 0, Diff: 0, Sum: 0, Workers: 4
[302.919s][debug][gc,phases      ] GC(21)     Total                          Min: 0, Avg: 10496.8, Max: 25024, Diff: 25024, Sum: 41987, Workers: 4
[302.919s][debug][gc,phases      ] GC(21)   ResolvedMethodTable Weak       Min:  0.0, Avg:  0.0, Max:  0.1, Diff:  0.1, Sum:  0.2, Workers: 4
[302.919s][debug][gc,phases      ] GC(21)     Dead                           Min: 0, Avg:  0.0, Max: 0, Diff: 0, Sum: 0, Workers: 4
[302.919s][debug][gc,phases      ] GC(21)     Total                          Min: 0, Avg: 2032.2, Max: 5057, Diff: 5057, Sum: 8129, Workers: 4
[302.919s][debug][gc,phases      ] GC(21)   JNI Weak                       Min:  0.0, Avg:  0.0, Max:  0.0, Diff:  0.0, Sum:  0.0, Workers: 4
[302.919s][debug][gc,phases      ] GC(21)     Dead                           Min: 0, Avg:  0.0, Max: 0, Diff: 0, Sum: 0, Workers: 4
[302.919s][debug][gc,phases      ] GC(21)     Total                          Min: 0, Avg: 11.2, Max: 45, Diff: 45, Sum: 45, Workers: 4
[302.919s][debug][gc,phases      ] GC(21)   StringDedup Table Weak         Min:  0.0, Avg:  0.0, Max:  0.0, Diff:  0.0, Sum:  0.0, Workers: 4
[302.919s][debug][gc,phases      ] GC(21)     Dead                           Min: 0, Avg:  0.0, Max: 0, Diff: 0, Sum: 0, Workers: 4
[302.919s][debug][gc,phases      ] GC(21)     Total                          Min: 0, Avg:  0.0, Max: 0, Diff: 0, Sum: 0, Workers: 4
[302.919s][debug][gc,phases      ] GC(21)   StringDedup Requests0 Weak     Min:  0.0, Avg:  0.0, Max:  0.0, Diff:  0.0, Sum:  0.0, Workers: 4
[302.919s][debug][gc,phases      ] GC(21)     Dead                           Min: 0, Avg:  0.0, Max: 0, Diff: 0, Sum: 0, Workers: 4
[302.919s][debug][gc,phases      ] GC(21)     Total                          Min: 0, Avg:  0.0, Max: 0, Diff: 0, Sum: 0, Workers: 4
[302.919s][debug][gc,phases      ] GC(21)   StringDedup Requests1 Weak     Min:  0.0, Avg:  0.0, Max:  0.0, Diff:  0.0, Sum:  0.0, Workers: 4
[302.919s][debug][gc,phases      ] GC(21)     Dead                           Min: 0, Avg:  0.0, Max: 0, Diff: 0, Sum: 0, Workers: 4
[302.919s][debug][gc,phases      ] GC(21)     Total                          Min: 0, Avg:  0.0, Max: 0, Diff: 0, Sum: 0, Workers: 4
[302.919s][debug][gc,phases      ] GC(21)   Weak JFR Old Object Samples    Min:  0.0, Avg:  0.0, Max:  0.0, Diff:  0.0, Sum:  0.0, Workers: 4
[302.919s][debug][gc,phases      ] GC(21)     Dead                           Min: 0, Avg:  0.0, Max: 0, Diff: 0, Sum: 0, Workers: 4
[302.919s][debug][gc,phases      ] GC(21)     Total                          Min: 0, Avg:  0.0, Max: 0, Diff: 0, Sum: 0, Workers: 4
[302.919s][debug][gc,phases      ] GC(21) Weak Processing 0.581ms
[302.919s][debug][gc,age         ] GC(21) Desired survivor size 311951360 bytes, new threshold 15 (max threshold 15)
[302.919s][info ][gc,heap        ] GC(21) PSYoungGen: 1644290K(1774592K)->135268K(1792512K) Eden: 1456128K(1456128K)->0K(1486336K) From: 188162K(318464K)->135268K(306176K)
[302.919s][info ][gc,heap        ] GC(21) ParOldGen: 31742K(66048K)->85932K(86016K)
[302.919s][info ][gc,metaspace   ] GC(21) Metaspace: 75698K(76480K)->75698K(76480K) NonClass: 64848K(65280K)->64848K(65280K) Class: 10849K(11200K)->10849K(11200K)
[302.919s][info ][gc             ] GC(21) Pause Young (Allocation Failure) 1636M->216M(1834M) 79.684ms
[302.919s][info ][gc,cpu         ] GC(21) User=0.27s Sys=0.04s Real=0.08s
[302.919s][debug][gc,phases      ] GC(22) Pre Compact 0.009ms
[302.919s][info ][gc,start       ] GC(22) Pause Full (Ergonomics)
[302.919s][info ][gc,phases,start] GC(22) Marking Phase
[302.995s][debug][gc,phases      ] GC(22) Par Mark 76.269ms
[302.995s][debug][gc,ref         ] GC(22) Skipped phase 1 of Reference Processing: no references
[302.996s][debug][gc,ref         ] GC(22) ReferenceProcessor::execute queues: 4, RefProcThreadModel::Multi, marks_oops_alive: false
[302.996s][debug][gc,ref         ] GC(22) Skipped phase 3 of Reference Processing: no references
[302.996s][debug][gc,ref         ] GC(22) ReferenceProcessor::execute queues: 1, RefProcThreadModel::Single, marks_oops_alive: false
[302.996s][debug][gc,phases      ] GC(22) Reference Processing 0.615ms
[302.996s][debug][gc,phases      ] GC(22)   VM Weak                        Min:  0.0, Avg:  0.0, Max:  0.0, Diff:  0.0, Sum:  0.0, Workers: 4
[302.996s][debug][gc,phases      ] GC(22)     Dead                           Min: 0, Avg:  0.0, Max: 0, Diff: 0, Sum: 0, Workers: 4
[302.996s][debug][gc,phases      ] GC(22)     Total                          Min: 0, Avg: 163.8, Max: 335, Diff: 335, Sum: 655, Workers: 4
[302.996s][debug][gc,phases      ] GC(22)   ObjectSynchronizer Weak        Min:  0.0, Avg:  0.0, Max:  0.0, Diff:  0.0, Sum:  0.0, Workers: 4
[302.996s][debug][gc,phases      ] GC(22)     Dead                           Min: 0, Avg:  0.0, Max: 0, Diff: 0, Sum: 0, Workers: 4
[302.996s][debug][gc,phases      ] GC(22)     Total                          Min: 0, Avg:  7.2, Max: 29, Diff: 29, Sum: 29, Workers: 4
[302.996s][debug][gc,phases      ] GC(22)   JVMTI Tag Weak OopStorage      Min:  0.0, Avg:  0.0, Max:  0.0, Diff:  0.0, Sum:  0.0, Workers: 4
[302.996s][debug][gc,phases      ] GC(22)     Dead                           Min: 0, Avg:  0.0, Max: 0, Diff: 0, Sum: 0, Workers: 4
[302.996s][debug][gc,phases      ] GC(22)     Total                          Min: 0, Avg:  0.0, Max: 0, Diff: 0, Sum: 0, Workers: 4
[302.996s][debug][gc,phases      ] GC(22)   StringTable Weak               Min:  0.1, Avg:  0.1, Max:  0.1, Diff:  0.0, Sum:  0.6, Workers: 4
[302.996s][debug][gc,phases      ] GC(22)     Dead                           Min: 0, Avg:  0.0, Max: 0, Diff: 0, Sum: 0, Workers: 4
[302.996s][debug][gc,phases      ] GC(22)     Total                          Min: 9536, Avg: 10496.8, Max: 11392, Diff: 1856, Sum: 41987, Workers: 4
[302.996s][debug][gc,phases      ] GC(22)   ResolvedMethodTable Weak       Min:  0.0, Avg:  0.0, Max:  0.0, Diff:  0.0, Sum:  0.1, Workers: 4
[302.996s][debug][gc,phases      ] GC(22)     Dead                           Min: 0, Avg:  0.0, Max: 0, Diff: 0, Sum: 0, Workers: 4
[302.996s][debug][gc,phases      ] GC(22)     Total                          Min: 1856, Avg: 2032.2, Max: 2177, Diff: 321, Sum: 8129, Workers: 4
[302.996s][debug][gc,phases      ] GC(22)   JNI Weak                       Min:  0.0, Avg:  0.0, Max:  0.0, Diff:  0.0, Sum:  0.0, Workers: 4
[302.996s][debug][gc,phases      ] GC(22)     Dead                           Min: 0, Avg:  0.0, Max: 0, Diff: 0, Sum: 0, Workers: 4
[302.996s][debug][gc,phases      ] GC(22)     Total                          Min: 0, Avg: 11.2, Max: 45, Diff: 45, Sum: 45, Workers: 4
[302.996s][debug][gc,phases      ] GC(22)   StringDedup Table Weak         Min:  0.0, Avg:  0.0, Max:  0.0, Diff:  0.0, Sum:  0.0, Workers: 4
[302.996s][debug][gc,phases      ] GC(22)     Dead                           Min: 0, Avg:  0.0, Max: 0, Diff: 0, Sum: 0, Workers: 4
[302.996s][debug][gc,phases      ] GC(22)     Total                          Min: 0, Avg:  0.0, Max: 0, Diff: 0, Sum: 0, Workers: 4
[302.996s][debug][gc,phases      ] GC(22)   StringDedup Requests0 Weak     Min:  0.0, Avg:  0.0, Max:  0.0, Diff:  0.0, Sum:  0.0, Workers: 4
[302.996s][debug][gc,phases      ] GC(22)     Dead                           Min: 0, Avg:  0.0, Max: 0, Diff: 0, Sum: 0, Workers: 4
[302.996s][debug][gc,phases      ] GC(22)     Total                          Min: 0, Avg:  0.0, Max: 0, Diff: 0, Sum: 0, Workers: 4
[302.996s][debug][gc,phases      ] GC(22)   StringDedup Requests1 Weak     Min:  0.0, Avg:  0.0, Max:  0.0, Diff:  0.0, Sum:  0.0, Workers: 4
[302.996s][debug][gc,phases      ] GC(22)     Dead                           Min: 0, Avg:  0.0, Max: 0, Diff: 0, Sum: 0, Workers: 4
[302.996s][debug][gc,phases      ] GC(22)     Total                          Min: 0, Avg:  0.0, Max: 0, Diff: 0, Sum: 0, Workers: 4
[302.996s][debug][gc,phases      ] GC(22)   Weak JFR Old Object Samples    Min:  0.0, Avg:  0.0, Max:  0.0, Diff:  0.0, Sum:  0.0, Workers: 4
[302.996s][debug][gc,phases      ] GC(22)     Dead                           Min: 0, Avg:  0.0, Max: 0, Diff: 0, Sum: 0, Workers: 4
[302.996s][debug][gc,phases      ] GC(22)     Total                          Min: 0, Avg:  0.0, Max: 0, Diff: 0, Sum: 0, Workers: 4
[302.996s][debug][gc,phases      ] GC(22) Weak Processing 0.320ms
[302.996s][debug][gc,phases      ] GC(22) ClassLoaderData 0.074ms
[302.996s][debug][gc,phases      ] GC(22) Trigger cleanups 0.000ms
[303.009s][debug][gc,phases      ] GC(22) Class Unloading 13.021ms
[303.009s][info ][gc,phases      ] GC(22) Marking Phase 90.369ms
[303.009s][info ][gc,phases,start] GC(22) Summary Phase
[303.009s][info ][gc,phases      ] GC(22) Summary Phase 0.007ms
[303.009s][info ][gc,phases,start] GC(22) Adjust Roots
[303.023s][info ][gc,phases      ] GC(22) Adjust Roots 13.882ms
[303.023s][info ][gc,phases,start] GC(22) Compaction Phase
[303.357s][info ][gc,phases      ] GC(22) Compaction Phase 333.941ms
[303.357s][info ][gc,phases,start] GC(22) Post Compact
[303.359s][info ][gc,phases      ] GC(22) Post Compact 1.833ms
[303.359s][info ][gc,heap        ] GC(22) PSYoungGen: 135268K(1792512K)->134282K(1792512K) Eden: 0K(1486336K)->0K(1486336K) From: 135268K(306176K)->134282K(306176K)
[303.359s][info ][gc,heap        ] GC(22) ParOldGen: 85932K(86016K)->85637K(153088K)
[303.359s][info ][gc,metaspace   ] GC(22) Metaspace: 75698K(76480K)->75698K(76480K) NonClass: 64848K(65280K)->64848K(65280K) Class: 10849K(11200K)->10849K(11200K)
[303.359s][info ][gc             ] GC(22) Pause Full (Ergonomics) 216M->214M(1900M) 440.262ms
[303.359s][info ][gc,cpu         ] GC(22) User=1.21s Sys=0.01s Real=0.44s
[303.359s][info ][safepoint      ] Safepoint "ParallelGCFailedAllocation", Time since last: 4802335538 ns, Reaching safepoint: 61500 ns, At safepoint: 520057146 ns, Total: 520118646 ns
[306.394s][info ][safepoint      ] Safepoint "Cleanup", Time since last: 3034452182 ns, Reaching safepoint: 41801 ns, At safepoint: 2700 ns, Total: 44501 ns
[308.394s][info ][safepoint      ] Safepoint "Cleanup", Time since last: 2000161744 ns, Reaching safepoint: 33800 ns, At safepoint: 5000 ns, Total: 38800 ns
[311.654s][info ][safepoint      ] Safepoint "Cleanup", Time since last: 3260328600 ns, Reaching safepoint: 182200 ns, At safepoint: 9300 ns, Total: 191500 ns
[312.655s][info ][safepoint      ] Safepoint "Cleanup", Time since last: 1000063704 ns, Reaching safepoint: 63700 ns, At safepoint: 2300 ns, Total: 66000 ns
[322.655s][info ][safepoint      ] Safepoint "Cleanup", Time since last: 10000595097 ns, Reaching safepoint: 44000 ns, At safepoint: 4000 ns, Total: 48000 ns
[327.738s][info ][gc,start       ] GC(23) Pause Young (Allocation Failure)
[327.794s][debug][gc,phases      ] GC(23) Scavenge 55.823ms
[327.794s][debug][gc,ref         ] GC(23) Skipped phase 1 of Reference Processing: no references
[327.794s][debug][gc,ref         ] GC(23) ReferenceProcessor::execute queues: 2, RefProcThreadModel::Multi, marks_oops_alive: false
[327.795s][debug][gc,ref         ] GC(23) Skipped phase 3 of Reference Processing: no references
[327.795s][debug][gc,ref         ] GC(23) ReferenceProcessor::execute queues: 1, RefProcThreadModel::Single, marks_oops_alive: false
[327.795s][debug][gc,phases      ] GC(23) Reference Processing 0.195ms
[327.795s][debug][gc,phases      ] GC(23)   VM Weak                        Min:  0.0, Avg:  0.0, Max:  0.0, Diff:  0.0, Sum:  0.0, Workers: 4
[327.795s][debug][gc,phases      ] GC(23)     Dead                           Min: 0, Avg:  0.0, Max: 0, Diff: 0, Sum: 0, Workers: 4
[327.795s][debug][gc,phases      ] GC(23)     Total                          Min: 0, Avg: 164.0, Max: 448, Diff: 448, Sum: 656, Workers: 4
[327.795s][debug][gc,phases      ] GC(23)   ObjectSynchronizer Weak        Min:  0.0, Avg:  0.0, Max:  0.0, Diff:  0.0, Sum:  0.0, Workers: 4
[327.795s][debug][gc,phases      ] GC(23)     Dead                           Min: 0, Avg:  0.0, Max: 0, Diff: 0, Sum: 0, Workers: 4
[327.795s][debug][gc,phases      ] GC(23)     Total                          Min: 0, Avg:  7.2, Max: 29, Diff: 29, Sum: 29, Workers: 4
[327.795s][debug][gc,phases      ] GC(23)   JVMTI Tag Weak OopStorage      Min:  0.0, Avg:  0.0, Max:  0.0, Diff:  0.0, Sum:  0.0, Workers: 4
[327.795s][debug][gc,phases      ] GC(23)     Dead                           Min: 0, Avg:  0.0, Max: 0, Diff: 0, Sum: 0, Workers: 4
[327.795s][debug][gc,phases      ] GC(23)     Total                          Min: 0, Avg:  0.0, Max: 0, Diff: 0, Sum: 0, Workers: 4
[327.795s][debug][gc,phases      ] GC(23)   StringTable Weak               Min:  0.0, Avg:  0.2, Max:  0.2, Diff:  0.2, Sum:  0.6, Workers: 4
[327.795s][debug][gc,phases      ] GC(23)     Dead                           Min: 0, Avg:  0.5, Max: 2, Diff: 2, Sum: 2, Workers: 4
[327.795s][debug][gc,phases      ] GC(23)     Total                          Min: 0, Avg: 10505.5, Max: 18622, Diff: 18622, Sum: 42022, Workers: 4
[327.795s][debug][gc,phases      ] GC(23)   ResolvedMethodTable Weak       Min:  0.0, Avg:  0.0, Max:  0.1, Diff:  0.1, Sum:  0.2, Workers: 4
[327.795s][debug][gc,phases      ] GC(23)     Dead                           Min: 0, Avg:  0.0, Max: 0, Diff: 0, Sum: 0, Workers: 4
[327.795s][debug][gc,phases      ] GC(23)     Total                          Min: 0, Avg: 2038.0, Max: 3608, Diff: 3608, Sum: 8152, Workers: 4
[327.795s][debug][gc,phases      ] GC(23)   JNI Weak                       Min:  0.0, Avg:  0.0, Max:  0.0, Diff:  0.0, Sum:  0.0, Workers: 4
[327.795s][debug][gc,phases      ] GC(23)     Dead                           Min: 0, Avg:  0.0, Max: 0, Diff: 0, Sum: 0, Workers: 4
[327.795s][debug][gc,phases      ] GC(23)     Total                          Min: 0, Avg: 11.2, Max: 45, Diff: 45, Sum: 45, Workers: 4
[327.795s][debug][gc,phases      ] GC(23)   StringDedup Table Weak         Min:  0.0, Avg:  0.0, Max:  0.0, Diff:  0.0, Sum:  0.0, Workers: 4
[327.795s][debug][gc,phases      ] GC(23)     Dead                           Min: 0, Avg:  0.0, Max: 0, Diff: 0, Sum: 0, Workers: 4
[327.795s][debug][gc,phases      ] GC(23)     Total                          Min: 0, Avg:  0.0, Max: 0, Diff: 0, Sum: 0, Workers: 4
[327.795s][debug][gc,phases      ] GC(23)   StringDedup Requests0 Weak     Min:  0.0, Avg:  0.0, Max:  0.0, Diff:  0.0, Sum:  0.0, Workers: 4
[327.795s][debug][gc,phases      ] GC(23)     Dead                           Min: 0, Avg:  0.0, Max: 0, Diff: 0, Sum: 0, Workers: 4
[327.795s][debug][gc,phases      ] GC(23)     Total                          Min: 0, Avg:  0.0, Max: 0, Diff: 0, Sum: 0, Workers: 4
[327.795s][debug][gc,phases      ] GC(23)   StringDedup Requests1 Weak     Min:  0.0, Avg:  0.0, Max:  0.0, Diff:  0.0, Sum:  0.0, Workers: 4
[327.795s][debug][gc,phases      ] GC(23)     Dead                           Min: 0, Avg:  0.0, Max: 0, Diff: 0, Sum: 0, Workers: 4
[327.795s][debug][gc,phases      ] GC(23)     Total                          Min: 0, Avg:  0.0, Max: 0, Diff: 0, Sum: 0, Workers: 4
[327.795s][debug][gc,phases      ] GC(23)   Weak JFR Old Object Samples    Min:  0.0, Avg:  0.0, Max:  0.0, Diff:  0.0, Sum:  0.0, Workers: 4
[327.795s][debug][gc,phases      ] GC(23)     Dead                           Min: 0, Avg:  0.0, Max: 0, Diff: 0, Sum: 0, Workers: 4
[327.795s][debug][gc,phases      ] GC(23)     Total                          Min: 0, Avg:  0.0, Max: 0, Diff: 0, Sum: 0, Workers: 4
[327.795s][debug][gc,phases      ] GC(23) Weak Processing 0.427ms
[327.795s][debug][gc,age         ] GC(23) Desired survivor size 314572800 bytes, new threshold 15 (max threshold 15)
[327.795s][info ][gc,heap        ] GC(23) PSYoungGen: 1620618K(1792512K)->100354K(1587200K) Eden: 1486336K(1486336K)->0K(1486336K) From: 134282K(306176K)->100354K(100864K)
[327.795s][info ][gc,heap        ] GC(23) ParOldGen: 85637K(153088K)->120961K(153088K)
[327.795s][info ][gc,metaspace   ] GC(23) Metaspace: 75813K(76672K)->75813K(76672K) NonClass: 64952K(65408K)->64952K(65408K) Class: 10860K(11264K)->10860K(11264K)
[327.795s][info ][gc             ] GC(23) Pause Young (Allocation Failure) 1666M->216M(1699M) 56.562ms
[327.795s][info ][gc,cpu         ] GC(23) User=0.20s Sys=0.01s Real=0.05s
[327.795s][debug][gc,phases      ] GC(24) Pre Compact 0.008ms
[327.795s][info ][gc,start       ] GC(24) Pause Full (Ergonomics)
[327.795s][info ][gc,phases,start] GC(24) Marking Phase
[327.873s][debug][gc,phases      ] GC(24) Par Mark 78.276ms
[327.873s][debug][gc,ref         ] GC(24) Skipped phase 1 of Reference Processing: no references
[327.874s][debug][gc,ref         ] GC(24) ReferenceProcessor::execute queues: 4, RefProcThreadModel::Multi, marks_oops_alive: false
[327.874s][debug][gc,ref         ] GC(24) Skipped phase 3 of Reference Processing: no references
[327.874s][debug][gc,ref         ] GC(24) ReferenceProcessor::execute queues: 1, RefProcThreadModel::Single, marks_oops_alive: false
[327.874s][debug][gc,phases      ] GC(24) Reference Processing 0.911ms
[327.875s][debug][gc,phases      ] GC(24)   VM Weak                        Min:  0.0, Avg:  0.0, Max:  0.0, Diff:  0.0, Sum:  0.0, Workers: 4
[327.875s][debug][gc,phases      ] GC(24)     Dead                           Min: 0, Avg:  0.0, Max: 0, Diff: 0, Sum: 0, Workers: 4
[327.875s][debug][gc,phases      ] GC(24)     Total                          Min: 0, Avg: 164.0, Max: 400, Diff: 400, Sum: 656, Workers: 4
[327.875s][debug][gc,phases      ] GC(24)   ObjectSynchronizer Weak        Min:  0.0, Avg:  0.0, Max:  0.0, Diff:  0.0, Sum:  0.0, Workers: 4
[327.875s][debug][gc,phases      ] GC(24)     Dead                           Min: 0, Avg:  0.0, Max: 0, Diff: 0, Sum: 0, Workers: 4
[327.875s][debug][gc,phases      ] GC(24)     Total                          Min: 0, Avg:  7.2, Max: 29, Diff: 29, Sum: 29, Workers: 4
[327.875s][debug][gc,phases      ] GC(24)   JVMTI Tag Weak OopStorage      Min:  0.0, Avg:  0.0, Max:  0.0, Diff:  0.0, Sum:  0.0, Workers: 4
[327.875s][debug][gc,phases      ] GC(24)     Dead                           Min: 0, Avg:  0.0, Max: 0, Diff: 0, Sum: 0, Workers: 4
[327.875s][debug][gc,phases      ] GC(24)     Total                          Min: 0, Avg:  0.0, Max: 0, Diff: 0, Sum: 0, Workers: 4
[327.875s][debug][gc,phases      ] GC(24)   StringTable Weak               Min:  0.0, Avg:  0.1, Max:  0.2, Diff:  0.2, Sum:  0.5, Workers: 4
[327.875s][debug][gc,phases      ] GC(24)     Dead                           Min: 0, Avg:  0.0, Max: 0, Diff: 0, Sum: 0, Workers: 4
[327.875s][debug][gc,phases      ] GC(24)     Total                          Min: 0, Avg: 10505.5, Max: 14271, Diff: 14271, Sum: 42022, Workers: 4
[327.875s][debug][gc,phases      ] GC(24)   ResolvedMethodTable Weak       Min:  0.0, Avg:  0.0, Max:  0.0, Diff:  0.0, Sum:  0.1, Workers: 4
[327.875s][debug][gc,phases      ] GC(24)     Dead                           Min: 0, Avg:  0.0, Max: 0, Diff: 0, Sum: 0, Workers: 4
[327.875s][debug][gc,phases      ] GC(24)     Total                          Min: 0, Avg: 2038.0, Max: 2752, Diff: 2752, Sum: 8152, Workers: 4
[327.875s][debug][gc,phases      ] GC(24)   JNI Weak                       Min:  0.0, Avg:  0.0, Max:  0.0, Diff:  0.0, Sum:  0.0, Workers: 4
[327.875s][debug][gc,phases      ] GC(24)     Dead                           Min: 0, Avg:  0.0, Max: 0, Diff: 0, Sum: 0, Workers: 4
[327.875s][debug][gc,phases      ] GC(24)     Total                          Min: 0, Avg: 11.2, Max: 45, Diff: 45, Sum: 45, Workers: 4
[327.875s][debug][gc,phases      ] GC(24)   StringDedup Table Weak         Min:  0.0, Avg:  0.0, Max:  0.0, Diff:  0.0, Sum:  0.0, Workers: 4
[327.875s][debug][gc,phases      ] GC(24)     Dead                           Min: 0, Avg:  0.0, Max: 0, Diff: 0, Sum: 0, Workers: 4
[327.875s][debug][gc,phases      ] GC(24)     Total                          Min: 0, Avg:  0.0, Max: 0, Diff: 0, Sum: 0, Workers: 4
[327.875s][debug][gc,phases      ] GC(24)   StringDedup Requests0 Weak     Min:  0.0, Avg:  0.0, Max:  0.0, Diff:  0.0, Sum:  0.0, Workers: 4
[327.875s][debug][gc,phases      ] GC(24)     Dead                           Min: 0, Avg:  0.0, Max: 0, Diff: 0, Sum: 0, Workers: 4
[327.875s][debug][gc,phases      ] GC(24)     Total                          Min: 0, Avg:  0.0, Max: 0, Diff: 0, Sum: 0, Workers: 4
[327.875s][debug][gc,phases      ] GC(24)   StringDedup Requests1 Weak     Min:  0.0, Avg:  0.0, Max:  0.0, Diff:  0.0, Sum:  0.0, Workers: 4
[327.875s][debug][gc,phases      ] GC(24)     Dead                           Min: 0, Avg:  0.0, Max: 0, Diff: 0, Sum: 0, Workers: 4
[327.875s][debug][gc,phases      ] GC(24)     Total                          Min: 0, Avg:  0.0, Max: 0, Diff: 0, Sum: 0, Workers: 4
[327.875s][debug][gc,phases      ] GC(24)   Weak JFR Old Object Samples    Min:  0.0, Avg:  0.0, Max:  0.0, Diff:  0.0, Sum:  0.0, Workers: 4
[327.875s][debug][gc,phases      ] GC(24)     Dead                           Min: 0, Avg:  0.0, Max: 0, Diff: 0, Sum: 0, Workers: 4
[327.875s][debug][gc,phases      ] GC(24)     Total                          Min: 0, Avg:  0.0, Max: 0, Diff: 0, Sum: 0, Workers: 4
[327.875s][debug][gc,phases      ] GC(24) Weak Processing 0.367ms
[327.875s][debug][gc,phases      ] GC(24) ClassLoaderData 0.072ms
[327.875s][debug][gc,phases      ] GC(24) Trigger cleanups 0.000ms
[327.888s][debug][gc,phases      ] GC(24) Class Unloading 12.757ms
[327.888s][info ][gc,phases      ] GC(24) Marking Phase 92.446ms
[327.888s][info ][gc,phases,start] GC(24) Summary Phase
[327.888s][info ][gc,phases      ] GC(24) Summary Phase 0.007ms
[327.888s][info ][gc,phases,start] GC(24) Adjust Roots
[327.899s][info ][gc,phases      ] GC(24) Adjust Roots 10.956ms
[327.899s][info ][gc,phases,start] GC(24) Compaction Phase
[328.032s][info ][gc,phases      ] GC(24) Compaction Phase 133.594ms
[328.032s][info ][gc,phases,start] GC(24) Post Compact
[328.033s][info ][gc,phases      ] GC(24) Post Compact 1.181ms
[328.033s][info ][gc,heap        ] GC(24) PSYoungGen: 100354K(1587200K)->67318K(1587200K) Eden: 0K(1486336K)->0K(1486336K) From: 100354K(100864K)->67318K(100864K)
[328.034s][info ][gc,heap        ] GC(24) ParOldGen: 120961K(153088K)->152899K(251904K)
[328.034s][info ][gc,metaspace   ] GC(24) Metaspace: 75813K(76672K)->75813K(76672K) NonClass: 64952K(65408K)->64952K(65408K) Class: 10860K(11264K)->10860K(11264K)
[328.034s][info ][gc             ] GC(24) Pause Full (Ergonomics) 216M->215M(1796M) 238.432ms
[328.034s][info ][gc,cpu         ] GC(24) User=0.80s Sys=0.01s Real=0.24s
[328.034s][info ][safepoint      ] Safepoint "ParallelGCFailedAllocation", Time since last: 5083182290 ns, Reaching safepoint: 33800 ns, At safepoint: 295113889 ns, Total: 295147689 ns
[332.034s][info ][safepoint      ] Safepoint "Cleanup", Time since last: 4000270484 ns, Reaching safepoint: 41900 ns, At safepoint: 2400 ns, Total: 44300 ns
[334.034s][info ][safepoint      ] Safepoint "Cleanup", Time since last: 2000177786 ns, Reaching safepoint: 40001 ns, At safepoint: 3400 ns, Total: 43401 ns
[336.034s][info ][safepoint      ] Safepoint "Cleanup", Time since last: 2000173286 ns, Reaching safepoint: 41900 ns, At safepoint: 2800 ns, Total: 44700 ns
[343.035s][info ][safepoint      ] Safepoint "Cleanup", Time since last: 7000490497 ns, Reaching safepoint: 38600 ns, At safepoint: 3200 ns, Total: 41800 ns
[352.888s][info ][gc,start       ] GC(25) Pause Young (Allocation Failure)
[352.941s][debug][gc,phases      ] GC(25) Scavenge 52.879ms
[352.941s][debug][gc,ref         ] GC(25) Skipped phase 1 of Reference Processing: no references
[352.941s][debug][gc,ref         ] GC(25) ReferenceProcessor::execute queues: 1, RefProcThreadModel::Single, marks_oops_alive: false
[352.941s][debug][gc,ref         ] GC(25) Skipped phase 3 of Reference Processing: no references
[352.941s][debug][gc,ref         ] GC(25) Skipped phase 4 of Reference Processing: no references
[352.941s][debug][gc,phases      ] GC(25) Reference Processing 0.099ms
[352.941s][debug][gc,phases      ] GC(25)   VM Weak                        Min:  0.0, Avg:  0.0, Max:  0.0, Diff:  0.0, Sum:  0.0, Workers: 4
[352.941s][debug][gc,phases      ] GC(25)     Dead                           Min: 0, Avg:  0.0, Max: 0, Diff: 0, Sum: 0, Workers: 4
[352.941s][debug][gc,phases      ] GC(25)     Total                          Min: 0, Avg: 164.0, Max: 384, Diff: 384, Sum: 656, Workers: 4
[352.941s][debug][gc,phases      ] GC(25)   ObjectSynchronizer Weak        Min:  0.0, Avg:  0.0, Max:  0.0, Diff:  0.0, Sum:  0.0, Workers: 4
[352.941s][debug][gc,phases      ] GC(25)     Dead                           Min: 0, Avg:  0.0, Max: 0, Diff: 0, Sum: 0, Workers: 4
[352.941s][debug][gc,phases      ] GC(25)     Total                          Min: 0, Avg:  7.2, Max: 29, Diff: 29, Sum: 29, Workers: 4
[352.941s][debug][gc,phases      ] GC(25)   JVMTI Tag Weak OopStorage      Min:  0.0, Avg:  0.0, Max:  0.0, Diff:  0.0, Sum:  0.0, Workers: 4
[352.941s][debug][gc,phases      ] GC(25)     Dead                           Min: 0, Avg:  0.0, Max: 0, Diff: 0, Sum: 0, Workers: 4
[352.941s][debug][gc,phases      ] GC(25)     Total                          Min: 0, Avg:  0.0, Max: 0, Diff: 0, Sum: 0, Workers: 4
[352.941s][debug][gc,phases      ] GC(25)   StringTable Weak               Min:  0.1, Avg:  0.1, Max:  0.1, Diff:  0.0, Sum:  0.4, Workers: 4
[352.941s][debug][gc,phases      ] GC(25)     Dead                           Min: 0, Avg:  0.0, Max: 0, Diff: 0, Sum: 0, Workers: 4
[352.941s][debug][gc,phases      ] GC(25)     Total                          Min: 9600, Avg: 10505.5, Max: 11584, Diff: 1984, Sum: 42022, Workers: 4
[352.941s][debug][gc,phases      ] GC(25)   ResolvedMethodTable Weak       Min:  0.0, Avg:  0.0, Max:  0.0, Diff:  0.0, Sum:  0.1, Workers: 4
[352.941s][debug][gc,phases      ] GC(25)     Dead                           Min: 0, Avg:  0.0, Max: 0, Diff: 0, Sum: 0, Workers: 4
[352.941s][debug][gc,phases      ] GC(25)     Total                          Min: 1216, Avg: 2038.0, Max: 2368, Diff: 1152, Sum: 8152, Workers: 4
[352.941s][debug][gc,phases      ] GC(25)   JNI Weak                       Min:  0.0, Avg:  0.0, Max:  0.0, Diff:  0.0, Sum:  0.0, Workers: 4
[352.941s][debug][gc,phases      ] GC(25)     Dead                           Min: 0, Avg:  0.0, Max: 0, Diff: 0, Sum: 0, Workers: 4
[352.941s][debug][gc,phases      ] GC(25)     Total                          Min: 0, Avg: 11.2, Max: 45, Diff: 45, Sum: 45, Workers: 4
[352.941s][debug][gc,phases      ] GC(25)   StringDedup Table Weak         Min:  0.0, Avg:  0.0, Max:  0.0, Diff:  0.0, Sum:  0.0, Workers: 4
[352.941s][debug][gc,phases      ] GC(25)     Dead                           Min: 0, Avg:  0.0, Max: 0, Diff: 0, Sum: 0, Workers: 4
[352.941s][debug][gc,phases      ] GC(25)     Total                          Min: 0, Avg:  0.0, Max: 0, Diff: 0, Sum: 0, Workers: 4
[352.941s][debug][gc,phases      ] GC(25)   StringDedup Requests0 Weak     Min:  0.0, Avg:  0.0, Max:  0.0, Diff:  0.0, Sum:  0.0, Workers: 4
[352.941s][debug][gc,phases      ] GC(25)     Dead                           Min: 0, Avg:  0.0, Max: 0, Diff: 0, Sum: 0, Workers: 4
[352.941s][debug][gc,phases      ] GC(25)     Total                          Min: 0, Avg:  0.0, Max: 0, Diff: 0, Sum: 0, Workers: 4
[352.941s][debug][gc,phases      ] GC(25)   StringDedup Requests1 Weak     Min:  0.0, Avg:  0.0, Max:  0.0, Diff:  0.0, Sum:  0.0, Workers: 4
[352.941s][debug][gc,phases      ] GC(25)     Dead                           Min: 0, Avg:  0.0, Max: 0, Diff: 0, Sum: 0, Workers: 4
[352.941s][debug][gc,phases      ] GC(25)     Total                          Min: 0, Avg:  0.0, Max: 0, Diff: 0, Sum: 0, Workers: 4
[352.941s][debug][gc,phases      ] GC(25)   Weak JFR Old Object Samples    Min:  0.0, Avg:  0.0, Max:  0.0, Diff:  0.0, Sum:  0.0, Workers: 4
[352.941s][debug][gc,phases      ] GC(25)     Dead                           Min: 0, Avg:  0.0, Max: 0, Diff: 0, Sum: 0, Workers: 4
[352.941s][debug][gc,phases      ] GC(25)     Total                          Min: 0, Avg:  0.0, Max: 0, Diff: 0, Sum: 0, Workers: 4
[352.941s][debug][gc,phases      ] GC(25) Weak Processing 0.280ms
[352.941s][debug][gc,age         ] GC(25) Desired survivor size 331874304 bytes, new threshold 15 (max threshold 15)
[352.941s][info ][gc,heap        ] GC(25) PSYoungGen: 1553654K(1587200K)->3518K(1756160K) Eden: 1486336K(1486336K)->0K(1448960K) From: 67318K(100864K)->3518K(307200K)
[352.941s][info ][gc,heap        ] GC(25) ParOldGen: 152899K(251904K)->221072K(251904K)
[352.941s][info ][gc,metaspace   ] GC(25) Metaspace: 75816K(76672K)->75816K(76672K) NonClass: 64955K(65408K)->64955K(65408K) Class: 10860K(11264K)->10860K(11264K)
[352.941s][info ][gc             ] GC(25) Pause Young (Allocation Failure) 1666M->219M(1961M) 53.374ms
[352.941s][info ][gc,cpu         ] GC(25) User=0.14s Sys=0.06s Real=0.06s
[352.941s][debug][gc,phases      ] GC(26) Pre Compact 0.008ms
[352.941s][info ][gc,start       ] GC(26) Pause Full (Ergonomics)
[352.941s][info ][gc,phases,start] GC(26) Marking Phase
[353.017s][debug][gc,phases      ] GC(26) Par Mark 75.986ms
[353.018s][debug][gc,ref         ] GC(26) Skipped phase 1 of Reference Processing: no references
[353.018s][debug][gc,ref         ] GC(26) ReferenceProcessor::execute queues: 4, RefProcThreadModel::Multi, marks_oops_alive: false
[353.018s][debug][gc,ref         ] GC(26) Skipped phase 3 of Reference Processing: no references
[353.018s][debug][gc,ref         ] GC(26) ReferenceProcessor::execute queues: 1, RefProcThreadModel::Single, marks_oops_alive: false
[353.018s][debug][gc,phases      ] GC(26) Reference Processing 0.700ms
[353.018s][debug][gc,phases      ] GC(26)   VM Weak                        Min:  0.0, Avg:  0.0, Max:  0.0, Diff:  0.0, Sum:  0.0, Workers: 4
[353.018s][debug][gc,phases      ] GC(26)     Dead                           Min: 0, Avg:  0.0, Max: 0, Diff: 0, Sum: 0, Workers: 4
[353.018s][debug][gc,phases      ] GC(26)     Total                          Min: 0, Avg: 164.0, Max: 448, Diff: 448, Sum: 656, Workers: 4
[353.018s][debug][gc,phases      ] GC(26)   ObjectSynchronizer Weak        Min:  0.0, Avg:  0.0, Max:  0.0, Diff:  0.0, Sum:  0.0, Workers: 4
[353.018s][debug][gc,phases      ] GC(26)     Dead                           Min: 0, Avg:  0.0, Max: 0, Diff: 0, Sum: 0, Workers: 4
[353.018s][debug][gc,phases      ] GC(26)     Total                          Min: 0, Avg:  7.2, Max: 29, Diff: 29, Sum: 29, Workers: 4
[353.018s][debug][gc,phases      ] GC(26)   JVMTI Tag Weak OopStorage      Min:  0.0, Avg:  0.0, Max:  0.0, Diff:  0.0, Sum:  0.0, Workers: 4
[353.019s][debug][gc,phases      ] GC(26)     Dead                           Min: 0, Avg:  0.0, Max: 0, Diff: 0, Sum: 0, Workers: 4
[353.019s][debug][gc,phases      ] GC(26)     Total                          Min: 0, Avg:  0.0, Max: 0, Diff: 0, Sum: 0, Workers: 4
[353.019s][debug][gc,phases      ] GC(26)   StringTable Weak               Min:  0.0, Avg:  0.1, Max:  0.2, Diff:  0.2, Sum:  0.5, Workers: 4
[353.019s][debug][gc,phases      ] GC(26)     Dead                           Min: 0, Avg:  0.0, Max: 0, Diff: 0, Sum: 0, Workers: 4
[353.019s][debug][gc,phases      ] GC(26)     Total                          Min: 0, Avg: 10505.5, Max: 14823, Diff: 14823, Sum: 42022, Workers: 4
[353.019s][debug][gc,phases      ] GC(26)   ResolvedMethodTable Weak       Min:  0.0, Avg:  0.0, Max:  0.0, Diff:  0.0, Sum:  0.1, Workers: 4
[353.019s][debug][gc,phases      ] GC(26)     Dead                           Min: 0, Avg:  0.0, Max: 0, Diff: 0, Sum: 0, Workers: 4
[353.019s][debug][gc,phases      ] GC(26)     Total                          Min: 0, Avg: 2038.0, Max: 2880, Diff: 2880, Sum: 8152, Workers: 4
[353.019s][debug][gc,phases      ] GC(26)   JNI Weak                       Min:  0.0, Avg:  0.0, Max:  0.0, Diff:  0.0, Sum:  0.0, Workers: 4
[353.019s][debug][gc,phases      ] GC(26)     Dead                           Min: 0, Avg:  0.0, Max: 0, Diff: 0, Sum: 0, Workers: 4
[353.019s][debug][gc,phases      ] GC(26)     Total                          Min: 0, Avg: 11.2, Max: 45, Diff: 45, Sum: 45, Workers: 4
[353.019s][debug][gc,phases      ] GC(26)   StringDedup Table Weak         Min:  0.0, Avg:  0.0, Max:  0.0, Diff:  0.0, Sum:  0.0, Workers: 4
[353.019s][debug][gc,phases      ] GC(26)     Dead                           Min: 0, Avg:  0.0, Max: 0, Diff: 0, Sum: 0, Workers: 4
[353.019s][debug][gc,phases      ] GC(26)     Total                          Min: 0, Avg:  0.0, Max: 0, Diff: 0, Sum: 0, Workers: 4
[353.019s][debug][gc,phases      ] GC(26)   StringDedup Requests0 Weak     Min:  0.0, Avg:  0.0, Max:  0.0, Diff:  0.0, Sum:  0.0, Workers: 4
[353.019s][debug][gc,phases      ] GC(26)     Dead                           Min: 0, Avg:  0.0, Max: 0, Diff: 0, Sum: 0, Workers: 4
[353.019s][debug][gc,phases      ] GC(26)     Total                          Min: 0, Avg:  0.0, Max: 0, Diff: 0, Sum: 0, Workers: 4
[353.019s][debug][gc,phases      ] GC(26)   StringDedup Requests1 Weak     Min:  0.0, Avg:  0.0, Max:  0.0, Diff:  0.0, Sum:  0.0, Workers: 4
[353.019s][debug][gc,phases      ] GC(26)     Dead                           Min: 0, Avg:  0.0, Max: 0, Diff: 0, Sum: 0, Workers: 4
[353.019s][debug][gc,phases      ] GC(26)     Total                          Min: 0, Avg:  0.0, Max: 0, Diff: 0, Sum: 0, Workers: 4
[353.019s][debug][gc,phases      ] GC(26)   Weak JFR Old Object Samples    Min:  0.0, Avg:  0.0, Max:  0.0, Diff:  0.0, Sum:  0.0, Workers: 4
[353.019s][debug][gc,phases      ] GC(26)     Dead                           Min: 0, Avg:  0.0, Max: 0, Diff: 0, Sum: 0, Workers: 4
[353.019s][debug][gc,phases      ] GC(26)     Total                          Min: 0, Avg:  0.0, Max: 0, Diff: 0, Sum: 0, Workers: 4
[353.019s][debug][gc,phases      ] GC(26) Weak Processing 0.369ms
[353.019s][debug][gc,phases      ] GC(26) ClassLoaderData 0.073ms
[353.019s][debug][gc,phases      ] GC(26) Trigger cleanups 0.000ms
[353.032s][debug][gc,phases      ] GC(26) Class Unloading 13.232ms
[353.032s][info ][gc,phases      ] GC(26) Marking Phase 90.426ms
[353.032s][info ][gc,phases,start] GC(26) Summary Phase
[353.032s][info ][gc,phases      ] GC(26) Summary Phase 0.010ms
[353.032s][info ][gc,phases,start] GC(26) Adjust Roots
[353.040s][info ][gc,phases      ] GC(26) Adjust Roots 7.856ms
[353.040s][info ][gc,phases,start] GC(26) Compaction Phase
[353.123s][info ][gc,phases      ] GC(26) Compaction Phase 82.976ms
[353.123s][info ][gc,phases,start] GC(26) Post Compact
[353.123s][info ][gc,phases      ] GC(26) Post Compact 0.551ms
[353.123s][info ][gc,heap        ] GC(26) PSYoungGen: 3518K(1756160K)->0K(1773056K) Eden: 0K(1448960K)->0K(1448960K) From: 3518K(307200K)->0K(324096K)
[353.123s][info ][gc,heap        ] GC(26) ParOldGen: 221072K(251904K)->220356K(363520K)
[353.123s][info ][gc,metaspace   ] GC(26) Metaspace: 75816K(76672K)->75816K(76672K) NonClass: 64955K(65408K)->64955K(65408K) Class: 10860K(11264K)->10860K(11264K)
[353.123s][info ][gc             ] GC(26) Pause Full (Ergonomics) 219M->215M(2086M) 182.040ms
[353.123s][info ][gc,cpu         ] GC(26) User=0.62s Sys=0.00s Real=0.18s
[353.123s][info ][safepoint      ] Safepoint "ParallelGCFailedAllocation", Time since last: 9853078042 ns, Reaching safepoint: 35600 ns, At safepoint: 235520272 ns, Total: 235555872 ns
[373.125s][info ][safepoint      ] Safepoint "Cleanup", Time since last: 20001284417 ns, Reaching safepoint: 41900 ns, At safepoint: 2300 ns, Total: 44200 ns
[377.389s][info ][gc,start       ] GC(27) Pause Young (Allocation Failure)
[377.389s][debug][gc,phases      ] GC(27) Scavenge 0.544ms
[377.389s][debug][gc,ref         ] GC(27) Skipped phase 1 of Reference Processing: no references
[377.389s][debug][gc,ref         ] GC(27) Skipped phase 2 of Reference Processing: no references
[377.389s][debug][gc,ref         ] GC(27) Skipped phase 3 of Reference Processing: no references
[377.389s][debug][gc,ref         ] GC(27) Skipped phase 4 of Reference Processing: no references
[377.389s][debug][gc,phases      ] GC(27) Reference Processing 0.020ms
[377.390s][debug][gc,phases      ] GC(27)   VM Weak                        Min:  0.0, Avg:  0.0, Max:  0.0, Diff:  0.0, Sum:  0.0, Workers: 4
[377.390s][debug][gc,phases      ] GC(27)     Dead                           Min: 0, Avg:  0.0, Max: 0, Diff: 0, Sum: 0, Workers: 4
[377.390s][debug][gc,phases      ] GC(27)     Total                          Min: 0, Avg: 164.0, Max: 576, Diff: 576, Sum: 656, Workers: 4
[377.390s][debug][gc,phases      ] GC(27)   ObjectSynchronizer Weak        Min:  0.0, Avg:  0.0, Max:  0.0, Diff:  0.0, Sum:  0.0, Workers: 4
[377.390s][debug][gc,phases      ] GC(27)     Dead                           Min: 0, Avg:  0.0, Max: 0, Diff: 0, Sum: 0, Workers: 4
[377.390s][debug][gc,phases      ] GC(27)     Total                          Min: 0, Avg:  7.2, Max: 29, Diff: 29, Sum: 29, Workers: 4
[377.390s][debug][gc,phases      ] GC(27)   JVMTI Tag Weak OopStorage      Min:  0.0, Avg:  0.0, Max:  0.0, Diff:  0.0, Sum:  0.0, Workers: 4
[377.390s][debug][gc,phases      ] GC(27)     Dead                           Min: 0, Avg:  0.0, Max: 0, Diff: 0, Sum: 0, Workers: 4
[377.390s][debug][gc,phases      ] GC(27)     Total                          Min: 0, Avg:  0.0, Max: 0, Diff: 0, Sum: 0, Workers: 4
[377.390s][debug][gc,phases      ] GC(27)   StringTable Weak               Min:  0.0, Avg:  0.1, Max:  0.1, Diff:  0.1, Sum:  0.3, Workers: 4
[377.390s][debug][gc,phases      ] GC(27)     Dead                           Min: 0, Avg:  0.0, Max: 0, Diff: 0, Sum: 0, Workers: 4
[377.390s][debug][gc,phases      ] GC(27)     Total                          Min: 0, Avg: 10507.5, Max: 17471, Diff: 17471, Sum: 42030, Workers: 4
[377.390s][debug][gc,phases      ] GC(27)   ResolvedMethodTable Weak       Min:  0.0, Avg:  0.0, Max:  0.0, Diff:  0.0, Sum:  0.1, Workers: 4
[377.390s][debug][gc,phases      ] GC(27)     Dead                           Min: 0, Avg:  0.0, Max: 0, Diff: 0, Sum: 0, Workers: 4
[377.390s][debug][gc,phases      ] GC(27)     Total                          Min: 0, Avg: 2038.0, Max: 3392, Diff: 3392, Sum: 8152, Workers: 4
[377.390s][debug][gc,phases      ] GC(27)   JNI Weak                       Min:  0.0, Avg:  0.0, Max:  0.0, Diff:  0.0, Sum:  0.0, Workers: 4
[377.390s][debug][gc,phases      ] GC(27)     Dead                           Min: 0, Avg:  0.0, Max: 0, Diff: 0, Sum: 0, Workers: 4
[377.390s][debug][gc,phases      ] GC(27)     Total                          Min: 0, Avg: 11.2, Max: 45, Diff: 45, Sum: 45, Workers: 4
[377.390s][debug][gc,phases      ] GC(27)   StringDedup Table Weak         Min:  0.0, Avg:  0.0, Max:  0.0, Diff:  0.0, Sum:  0.0, Workers: 4
[377.390s][debug][gc,phases      ] GC(27)     Dead                           Min: 0, Avg:  0.0, Max: 0, Diff: 0, Sum: 0, Workers: 4
[377.390s][debug][gc,phases      ] GC(27)     Total                          Min: 0, Avg:  0.0, Max: 0, Diff: 0, Sum: 0, Workers: 4
[377.390s][debug][gc,phases      ] GC(27)   StringDedup Requests0 Weak     Min:  0.0, Avg:  0.0, Max:  0.0, Diff:  0.0, Sum:  0.0, Workers: 4
[377.390s][debug][gc,phases      ] GC(27)     Dead                           Min: 0, Avg:  0.0, Max: 0, Diff: 0, Sum: 0, Workers: 4
[377.390s][debug][gc,phases      ] GC(27)     Total                          Min: 0, Avg:  0.0, Max: 0, Diff: 0, Sum: 0, Workers: 4
[377.390s][debug][gc,phases      ] GC(27)   StringDedup Requests1 Weak     Min:  0.0, Avg:  0.0, Max:  0.0, Diff:  0.0, Sum:  0.0, Workers: 4
[377.390s][debug][gc,phases      ] GC(27)     Dead                           Min: 0, Avg:  0.0, Max: 0, Diff: 0, Sum: 0, Workers: 4
[377.390s][debug][gc,phases      ] GC(27)     Total                          Min: 0, Avg:  0.0, Max: 0, Diff: 0, Sum: 0, Workers: 4
[377.390s][debug][gc,phases      ] GC(27)   Weak JFR Old Object Samples    Min:  0.0, Avg:  0.0, Max:  0.0, Diff:  0.0, Sum:  0.0, Workers: 4
[377.390s][debug][gc,phases      ] GC(27)     Dead                           Min: 0, Avg:  0.0, Max: 0, Diff: 0, Sum: 0, Workers: 4
[377.390s][debug][gc,phases      ] GC(27)     Total                          Min: 0, Avg:  0.0, Max: 0, Diff: 0, Sum: 0, Workers: 4
[377.390s][debug][gc,phases      ] GC(27) Weak Processing 0.305ms
[377.390s][debug][gc,age         ] GC(27) Desired survivor size 342884352 bytes, new threshold 15 (max threshold 15)
[377.390s][info ][gc,heap        ] GC(27) PSYoungGen: 1448960K(1773056K)->192K(1751552K) Eden: 1448960K(1448960K)->0K(1427456K) From: 0K(324096K)->192K(324096K)
[377.390s][info ][gc,heap        ] GC(27) ParOldGen: 220356K(363520K)->220356K(363520K)
[377.390s][info ][gc,metaspace   ] GC(27) Metaspace: 75816K(76672K)->75816K(76672K) NonClass: 64955K(65408K)->64955K(65408K) Class: 10860K(11264K)->10860K(11264K)
[377.390s][info ][gc             ] GC(27) Pause Young (Allocation Failure) 1630M->215M(2065M) 0.976ms
[377.390s][info ][gc,cpu         ] GC(27) User=0.00s Sys=0.00s Real=0.00s
[377.390s][info ][safepoint      ] Safepoint "ParallelGCFailedAllocation", Time since last: 4263877748 ns, Reaching safepoint: 41300 ns, At safepoint: 1041801 ns, Total: 1083101 ns
[380.390s][info ][safepoint      ] Safepoint "Cleanup", Time since last: 3000223519 ns, Reaching safepoint: 108200 ns, At safepoint: 5500 ns, Total: 113700 ns
[389.391s][info ][safepoint      ] Safepoint "Cleanup", Time since last: 9000627477 ns, Reaching safepoint: 102400 ns, At safepoint: 6600 ns, Total: 109000 ns
[399.392s][info ][safepoint      ] Safepoint "Cleanup", Time since last: 10000667614 ns, Reaching safepoint: 103900 ns, At safepoint: 5300 ns, Total: 109200 ns
[401.539s][info ][gc,start       ] GC(28) Pause Young (Allocation Failure)
[401.539s][debug][gc,phases      ] GC(28) Scavenge 0.566ms
[401.539s][debug][gc,ref         ] GC(28) Skipped phase 1 of Reference Processing: no references
[401.539s][debug][gc,ref         ] GC(28) Skipped phase 2 of Reference Processing: no references
[401.539s][debug][gc,ref         ] GC(28) Skipped phase 3 of Reference Processing: no references
[401.539s][debug][gc,ref         ] GC(28) Skipped phase 4 of Reference Processing: no references
[401.539s][debug][gc,phases      ] GC(28) Reference Processing 0.019ms
[401.539s][debug][gc,phases      ] GC(28)   VM Weak                        Min:  0.0, Avg:  0.0, Max:  0.0, Diff:  0.0, Sum:  0.0, Workers: 4
[401.539s][debug][gc,phases      ] GC(28)     Dead                           Min: 0, Avg:  0.0, Max: 0, Diff: 0, Sum: 0, Workers: 4
[401.539s][debug][gc,phases      ] GC(28)     Total                          Min: 0, Avg: 164.0, Max: 464, Diff: 464, Sum: 656, Workers: 4
[401.539s][debug][gc,phases      ] GC(28)   ObjectSynchronizer Weak        Min:  0.0, Avg:  0.0, Max:  0.0, Diff:  0.0, Sum:  0.0, Workers: 4
[401.539s][debug][gc,phases      ] GC(28)     Dead                           Min: 0, Avg:  0.0, Max: 0, Diff: 0, Sum: 0, Workers: 4
[401.539s][debug][gc,phases      ] GC(28)     Total                          Min: 0, Avg:  7.2, Max: 29, Diff: 29, Sum: 29, Workers: 4
[401.539s][debug][gc,phases      ] GC(28)   JVMTI Tag Weak OopStorage      Min:  0.0, Avg:  0.0, Max:  0.0, Diff:  0.0, Sum:  0.0, Workers: 4
[401.539s][debug][gc,phases      ] GC(28)     Dead                           Min: 0, Avg:  0.0, Max: 0, Diff: 0, Sum: 0, Workers: 4
[401.539s][debug][gc,phases      ] GC(28)     Total                          Min: 0, Avg:  0.0, Max: 0, Diff: 0, Sum: 0, Workers: 4
[401.540s][debug][gc,phases      ] GC(28)   StringTable Weak               Min:  0.0, Avg:  0.1, Max:  0.1, Diff:  0.1, Sum:  0.3, Workers: 4
[401.540s][debug][gc,phases      ] GC(28)     Dead                           Min: 0, Avg:  0.0, Max: 0, Diff: 0, Sum: 0, Workers: 4
[401.540s][debug][gc,phases      ] GC(28)     Total                          Min: 0, Avg: 10507.8, Max: 17023, Diff: 17023, Sum: 42031, Workers: 4
[401.540s][debug][gc,phases      ] GC(28)   ResolvedMethodTable Weak       Min:  0.0, Avg:  0.0, Max:  0.0, Diff:  0.0, Sum:  0.1, Workers: 4
[401.540s][debug][gc,phases      ] GC(28)     Dead                           Min: 0, Avg:  0.0, Max: 0, Diff: 0, Sum: 0, Workers: 4
[401.540s][debug][gc,phases      ] GC(28)     Total                          Min: 0, Avg: 2038.0, Max: 3456, Diff: 3456, Sum: 8152, Workers: 4
[401.540s][debug][gc,phases      ] GC(28)   JNI Weak                       Min:  0.0, Avg:  0.0, Max:  0.0, Diff:  0.0, Sum:  0.0, Workers: 4
[401.540s][debug][gc,phases      ] GC(28)     Dead                           Min: 0, Avg:  0.0, Max: 0, Diff: 0, Sum: 0, Workers: 4
[401.540s][debug][gc,phases      ] GC(28)     Total                          Min: 0, Avg: 11.2, Max: 45, Diff: 45, Sum: 45, Workers: 4
[401.540s][debug][gc,phases      ] GC(28)   StringDedup Table Weak         Min:  0.0, Avg:  0.0, Max:  0.0, Diff:  0.0, Sum:  0.0, Workers: 4
[401.540s][debug][gc,phases      ] GC(28)     Dead                           Min: 0, Avg:  0.0, Max: 0, Diff: 0, Sum: 0, Workers: 4
[401.540s][debug][gc,phases      ] GC(28)     Total                          Min: 0, Avg:  0.0, Max: 0, Diff: 0, Sum: 0, Workers: 4
[401.540s][debug][gc,phases      ] GC(28)   StringDedup Requests0 Weak     Min:  0.0, Avg:  0.0, Max:  0.0, Diff:  0.0, Sum:  0.0, Workers: 4
[401.540s][debug][gc,phases      ] GC(28)     Dead                           Min: 0, Avg:  0.0, Max: 0, Diff: 0, Sum: 0, Workers: 4
[401.540s][debug][gc,phases      ] GC(28)     Total                          Min: 0, Avg:  0.0, Max: 0, Diff: 0, Sum: 0, Workers: 4
[401.540s][debug][gc,phases      ] GC(28)   StringDedup Requests1 Weak     Min:  0.0, Avg:  0.0, Max:  0.0, Diff:  0.0, Sum:  0.0, Workers: 4
[401.540s][debug][gc,phases      ] GC(28)     Dead                           Min: 0, Avg:  0.0, Max: 0, Diff: 0, Sum: 0, Workers: 4
[401.540s][debug][gc,phases      ] GC(28)     Total                          Min: 0, Avg:  0.0, Max: 0, Diff: 0, Sum: 0, Workers: 4
[401.540s][debug][gc,phases      ] GC(28)   Weak JFR Old Object Samples    Min:  0.0, Avg:  0.0, Max:  0.0, Diff:  0.0, Sum:  0.0, Workers: 4
[401.540s][debug][gc,phases      ] GC(28)     Dead                           Min: 0, Avg:  0.0, Max: 0, Diff: 0, Sum: 0, Workers: 4
[401.540s][debug][gc,phases      ] GC(28)     Total                          Min: 0, Avg:  0.0, Max: 0, Diff: 0, Sum: 0, Workers: 4
[401.540s][debug][gc,phases      ] GC(28) Weak Processing 0.304ms
[401.540s][debug][gc,age         ] GC(28) Desired survivor size 348651520 bytes, new threshold 15 (max threshold 15)
[401.540s][info ][gc,heap        ] GC(28) PSYoungGen: 1427648K(1751552K)->160K(1427968K) Eden: 1427456K(1427456K)->0K(1427456K) From: 192K(324096K)->160K(512K)
[401.540s][info ][gc,heap        ] GC(28) ParOldGen: 220356K(363520K)->220356K(363520K)
[401.540s][info ][gc,metaspace   ] GC(28) Metaspace: 75818K(76672K)->75818K(76672K) NonClass: 64957K(65408K)->64957K(65408K) Class: 10860K(11264K)->10860K(11264K)
[401.540s][info ][gc             ] GC(28) Pause Young (Allocation Failure) 1609M->215M(1749M) 0.971ms
[401.540s][info ][gc,cpu         ] GC(28) User=0.00s Sys=0.00s Real=0.00s
[401.540s][info ][safepoint      ] Safepoint "ParallelGCFailedAllocation", Time since last: 2146959910 ns, Reaching safepoint: 39800 ns, At safepoint: 1024801 ns, Total: 1064601 ns
[425.688s][info ][gc,start       ] GC(29) Pause Young (Allocation Failure)
[425.689s][debug][gc,phases      ] GC(29) Scavenge 0.934ms
[425.689s][debug][gc,ref         ] GC(29) Skipped phase 1 of Reference Processing: no references
[425.689s][debug][gc,ref         ] GC(29) Skipped phase 2 of Reference Processing: no references
[425.689s][debug][gc,ref         ] GC(29) Skipped phase 3 of Reference Processing: no references
[425.689s][debug][gc,ref         ] GC(29) Skipped phase 4 of Reference Processing: no references
[425.689s][debug][gc,phases      ] GC(29) Reference Processing 0.028ms
[425.690s][debug][gc,phases      ] GC(29)   VM Weak                        Min:  0.0, Avg:  0.0, Max:  0.0, Diff:  0.0, Sum:  0.0, Workers: 4
[425.690s][debug][gc,phases      ] GC(29)     Dead                           Min: 0, Avg:  0.0, Max: 0, Diff: 0, Sum: 0, Workers: 4
[425.690s][debug][gc,phases      ] GC(29)     Total                          Min: 0, Avg: 164.0, Max: 400, Diff: 400, Sum: 656, Workers: 4
[425.690s][debug][gc,phases      ] GC(29)   ObjectSynchronizer Weak        Min:  0.0, Avg:  0.0, Max:  0.0, Diff:  0.0, Sum:  0.0, Workers: 4
[425.690s][debug][gc,phases      ] GC(29)     Dead                           Min: 0, Avg:  0.0, Max: 0, Diff: 0, Sum: 0, Workers: 4
[425.690s][debug][gc,phases      ] GC(29)     Total                          Min: 0, Avg:  7.2, Max: 29, Diff: 29, Sum: 29, Workers: 4
[425.690s][debug][gc,phases      ] GC(29)   JVMTI Tag Weak OopStorage      Min:  0.0, Avg:  0.0, Max:  0.0, Diff:  0.0, Sum:  0.0, Workers: 4
[425.690s][debug][gc,phases      ] GC(29)     Dead                           Min: 0, Avg:  0.0, Max: 0, Diff: 0, Sum: 0, Workers: 4
[425.690s][debug][gc,phases      ] GC(29)     Total                          Min: 0, Avg:  0.0, Max: 0, Diff: 0, Sum: 0, Workers: 4
[425.690s][debug][gc,phases      ] GC(29)   StringTable Weak               Min:  0.0, Avg:  0.1, Max:  0.1, Diff:  0.1, Sum:  0.3, Workers: 4
[425.690s][debug][gc,phases      ] GC(29)     Dead                           Min: 0, Avg:  0.0, Max: 0, Diff: 0, Sum: 0, Workers: 4
[425.690s][debug][gc,phases      ] GC(29)     Total                          Min: 0, Avg: 10507.8, Max: 17841, Diff: 17841, Sum: 42031, Workers: 4
[425.690s][debug][gc,phases      ] GC(29)   ResolvedMethodTable Weak       Min:  0.0, Avg:  0.0, Max:  0.0, Diff:  0.0, Sum:  0.1, Workers: 4
[425.690s][debug][gc,phases      ] GC(29)     Dead                           Min: 0, Avg:  0.0, Max: 0, Diff: 0, Sum: 0, Workers: 4
[425.690s][debug][gc,phases      ] GC(29)     Total                          Min: 0, Avg: 2038.0, Max: 3416, Diff: 3416, Sum: 8152, Workers: 4
[425.690s][debug][gc,phases      ] GC(29)   JNI Weak                       Min:  0.0, Avg:  0.0, Max:  0.0, Diff:  0.0, Sum:  0.0, Workers: 4
[425.690s][debug][gc,phases      ] GC(29)     Dead                           Min: 0, Avg:  0.0, Max: 0, Diff: 0, Sum: 0, Workers: 4
[425.690s][debug][gc,phases      ] GC(29)     Total                          Min: 0, Avg: 11.2, Max: 45, Diff: 45, Sum: 45, Workers: 4
[425.690s][debug][gc,phases      ] GC(29)   StringDedup Table Weak         Min:  0.0, Avg:  0.0, Max:  0.0, Diff:  0.0, Sum:  0.0, Workers: 4
[425.690s][debug][gc,phases      ] GC(29)     Dead                           Min: 0, Avg:  0.0, Max: 0, Diff: 0, Sum: 0, Workers: 4
[425.690s][debug][gc,phases      ] GC(29)     Total                          Min: 0, Avg:  0.0, Max: 0, Diff: 0, Sum: 0, Workers: 4
[425.690s][debug][gc,phases      ] GC(29)   StringDedup Requests0 Weak     Min:  0.0, Avg:  0.0, Max:  0.0, Diff:  0.0, Sum:  0.0, Workers: 4
[425.690s][debug][gc,phases      ] GC(29)     Dead                           Min: 0, Avg:  0.0, Max: 0, Diff: 0, Sum: 0, Workers: 4
[425.690s][debug][gc,phases      ] GC(29)     Total                          Min: 0, Avg:  0.0, Max: 0, Diff: 0, Sum: 0, Workers: 4
[425.690s][debug][gc,phases      ] GC(29)   StringDedup Requests1 Weak     Min:  0.0, Avg:  0.0, Max:  0.0, Diff:  0.0, Sum:  0.0, Workers: 4
[425.690s][debug][gc,phases      ] GC(29)     Dead                           Min: 0, Avg:  0.0, Max: 0, Diff: 0, Sum: 0, Workers: 4
[425.690s][debug][gc,phases      ] GC(29)     Total                          Min: 0, Avg:  0.0, Max: 0, Diff: 0, Sum: 0, Workers: 4
[425.690s][debug][gc,phases      ] GC(29)   Weak JFR Old Object Samples    Min:  0.0, Avg:  0.0, Max:  0.0, Diff:  0.0, Sum:  0.0, Workers: 4
[425.690s][debug][gc,phases      ] GC(29)     Dead                           Min: 0, Avg:  0.0, Max: 0, Diff: 0, Sum: 0, Workers: 4
[425.690s][debug][gc,phases      ] GC(29)     Total                          Min: 0, Avg:  0.0, Max: 0, Diff: 0, Sum: 0, Workers: 4
[425.690s][debug][gc,phases      ] GC(29) Weak Processing 0.300ms
[425.690s][debug][gc,age         ] GC(29) Desired survivor size 349700096 bytes, new threshold 15 (max threshold 15)
[425.690s][info ][gc,heap        ] GC(29) PSYoungGen: 1427616K(1427968K)->192K(1754624K) Eden: 1427456K(1427456K)->0K(1414144K) From: 160K(512K)->192K(340480K)
[425.690s][info ][gc,heap        ] GC(29) ParOldGen: 220356K(363520K)->220356K(363520K)
[425.690s][info ][gc,metaspace   ] GC(29) Metaspace: 75818K(76672K)->75818K(76672K) NonClass: 64957K(65408K)->64957K(65408K) Class: 10860K(11264K)->10860K(11264K)
[425.690s][info ][gc             ] GC(29) Pause Young (Allocation Failure) 1609M->215M(2068M) 1.344ms
[425.690s][info ][gc,cpu         ] GC(29) User=0.00s Sys=0.00s Real=0.00s
[425.690s][info ][safepoint      ] Safepoint "ParallelGCFailedAllocation", Time since last: 24148615240 ns, Reaching safepoint: 30800 ns, At safepoint: 1431802 ns, Total: 1462602 ns
[432.690s][info ][safepoint      ] Safepoint "Cleanup", Time since last: 7000438021 ns, Reaching safepoint: 105000 ns, At safepoint: 3900 ns, Total: 108900 ns
[439.691s][info ][safepoint      ] Safepoint "Cleanup", Time since last: 7000410863 ns, Reaching safepoint: 37500 ns, At safepoint: 2300 ns, Total: 39800 ns
[449.589s][info ][gc,start       ] GC(30) Pause Young (Allocation Failure)
[449.590s][debug][gc,phases      ] GC(30) Scavenge 0.889ms
[449.590s][debug][gc,ref         ] GC(30) Skipped phase 1 of Reference Processing: no references
[449.590s][debug][gc,ref         ] GC(30) Skipped phase 2 of Reference Processing: no references
[449.590s][debug][gc,ref         ] GC(30) Skipped phase 3 of Reference Processing: no references
[449.590s][debug][gc,ref         ] GC(30) Skipped phase 4 of Reference Processing: no references
[449.590s][debug][gc,phases      ] GC(30) Reference Processing 0.019ms
[449.590s][debug][gc,phases      ] GC(30)   VM Weak                        Min:  0.0, Avg:  0.0, Max:  0.0, Diff:  0.0, Sum:  0.0, Workers: 4
[449.590s][debug][gc,phases      ] GC(30)     Dead                           Min: 0, Avg:  0.0, Max: 0, Diff: 0, Sum: 0, Workers: 4
[449.590s][debug][gc,phases      ] GC(30)     Total                          Min: 0, Avg: 164.0, Max: 656, Diff: 656, Sum: 656, Workers: 4
[449.590s][debug][gc,phases      ] GC(30)   ObjectSynchronizer Weak        Min:  0.0, Avg:  0.0, Max:  0.0, Diff:  0.0, Sum:  0.0, Workers: 4
[449.590s][debug][gc,phases      ] GC(30)     Dead                           Min: 0, Avg:  0.0, Max: 0, Diff: 0, Sum: 0, Workers: 4
[449.590s][debug][gc,phases      ] GC(30)     Total                          Min: 0, Avg:  7.2, Max: 29, Diff: 29, Sum: 29, Workers: 4
[449.590s][debug][gc,phases      ] GC(30)   JVMTI Tag Weak OopStorage      Min:  0.0, Avg:  0.0, Max:  0.0, Diff:  0.0, Sum:  0.0, Workers: 4
[449.590s][debug][gc,phases      ] GC(30)     Dead                           Min: 0, Avg:  0.0, Max: 0, Diff: 0, Sum: 0, Workers: 4
[449.590s][debug][gc,phases      ] GC(30)     Total                          Min: 0, Avg:  0.0, Max: 0, Diff: 0, Sum: 0, Workers: 4
[449.590s][debug][gc,phases      ] GC(30)   StringTable Weak               Min:  0.0, Avg:  0.1, Max:  0.1, Diff:  0.1, Sum:  0.3, Workers: 4
[449.590s][debug][gc,phases      ] GC(30)     Dead                           Min: 0, Avg:  0.0, Max: 0, Diff: 0, Sum: 0, Workers: 4
[449.590s][debug][gc,phases      ] GC(30)     Total                          Min: 0, Avg: 10507.8, Max: 17151, Diff: 17151, Sum: 42031, Workers: 4
[449.590s][debug][gc,phases      ] GC(30)   ResolvedMethodTable Weak       Min:  0.0, Avg:  0.0, Max:  0.0, Diff:  0.0, Sum:  0.1, Workers: 4
[449.590s][debug][gc,phases      ] GC(30)     Dead                           Min: 0, Avg:  0.0, Max: 0, Diff: 0, Sum: 0, Workers: 4
[449.590s][debug][gc,phases      ] GC(30)     Total                          Min: 0, Avg: 2038.0, Max: 3392, Diff: 3392, Sum: 8152, Workers: 4
[449.590s][debug][gc,phases      ] GC(30)   JNI Weak                       Min:  0.0, Avg:  0.0, Max:  0.0, Diff:  0.0, Sum:  0.0, Workers: 4
[449.590s][debug][gc,phases      ] GC(30)     Dead                           Min: 0, Avg:  0.0, Max: 0, Diff: 0, Sum: 0, Workers: 4
[449.590s][debug][gc,phases      ] GC(30)     Total                          Min: 0, Avg: 11.2, Max: 45, Diff: 45, Sum: 45, Workers: 4
[449.590s][debug][gc,phases      ] GC(30)   StringDedup Table Weak         Min:  0.0, Avg:  0.0, Max:  0.0, Diff:  0.0, Sum:  0.0, Workers: 4
[449.590s][debug][gc,phases      ] GC(30)     Dead                           Min: 0, Avg:  0.0, Max: 0, Diff: 0, Sum: 0, Workers: 4
[449.590s][debug][gc,phases      ] GC(30)     Total                          Min: 0, Avg:  0.0, Max: 0, Diff: 0, Sum: 0, Workers: 4
[449.590s][debug][gc,phases      ] GC(30)   StringDedup Requests0 Weak     Min:  0.0, Avg:  0.0, Max:  0.0, Diff:  0.0, Sum:  0.0, Workers: 4
[449.590s][debug][gc,phases      ] GC(30)     Dead                           Min: 0, Avg:  0.0, Max: 0, Diff: 0, Sum: 0, Workers: 4
[449.590s][debug][gc,phases      ] GC(30)     Total                          Min: 0, Avg:  0.0, Max: 0, Diff: 0, Sum: 0, Workers: 4
[449.590s][debug][gc,phases      ] GC(30)   StringDedup Requests1 Weak     Min:  0.0, Avg:  0.0, Max:  0.0, Diff:  0.0, Sum:  0.0, Workers: 4
[449.590s][debug][gc,phases      ] GC(30)     Dead                           Min: 0, Avg:  0.0, Max: 0, Diff: 0, Sum: 0, Workers: 4
[449.590s][debug][gc,phases      ] GC(30)     Total                          Min: 0, Avg:  0.0, Max: 0, Diff: 0, Sum: 0, Workers: 4
[449.590s][debug][gc,phases      ] GC(30)   Weak JFR Old Object Samples    Min:  0.0, Avg:  0.0, Max:  0.0, Diff:  0.0, Sum:  0.0, Workers: 4
[449.590s][debug][gc,phases      ] GC(30)     Dead                           Min: 0, Avg:  0.0, Max: 0, Diff: 0, Sum: 0, Workers: 4
[449.590s][debug][gc,phases      ] GC(30)     Total                          Min: 0, Avg:  0.0, Max: 0, Diff: 0, Sum: 0, Workers: 4
[449.590s][debug][gc,phases      ] GC(30) Weak Processing 0.306ms
[449.590s][debug][gc,age         ] GC(30) Desired survivor size 347078656 bytes, new threshold 15 (max threshold 15)
[449.590s][info ][gc,heap        ] GC(30) PSYoungGen: 1414336K(1754624K)->224K(1755648K) Eden: 1414144K(1414144K)->0K(1414144K) From: 192K(340480K)->224K(341504K)
[449.590s][info ][gc,heap        ] GC(30) ParOldGen: 220356K(363520K)->220356K(363520K)
[449.590s][info ][gc,metaspace   ] GC(30) Metaspace: 75824K(76672K)->75824K(76672K) NonClass: 64963K(65408K)->64963K(65408K) Class: 10860K(11264K)->10860K(11264K)
[449.590s][info ][gc             ] GC(30) Pause Young (Allocation Failure) 1596M->215M(2069M) 1.295ms
[449.590s][info ][gc,cpu         ] GC(30) User=0.01s Sys=0.00s Real=0.01s
[449.591s][info ][safepoint      ] Safepoint "ParallelGCFailedAllocation", Time since last: 9898405292 ns, Reaching safepoint: 37100 ns, At safepoint: 1343401 ns, Total: 1380501 ns
[452.591s][info ][safepoint      ] Safepoint "Cleanup", Time since last: 3000200130 ns, Reaching safepoint: 41900 ns, At safepoint: 2100 ns, Total: 44000 ns
[453.591s][info ][safepoint      ] Safepoint "Cleanup", Time since last: 1000108597 ns, Reaching safepoint: 35400 ns, At safepoint: 2400 ns, Total: 37800 ns
[464.592s][info ][safepoint      ] Safepoint "Cleanup", Time since last: 11000712653 ns, Reaching safepoint: 37500 ns, At safepoint: 2900 ns, Total: 40400 ns
[473.390s][info ][gc,start       ] GC(31) Pause Young (Allocation Failure)
[473.390s][debug][gc,phases      ] GC(31) Scavenge 0.645ms
[473.390s][debug][gc,ref         ] GC(31) Skipped phase 1 of Reference Processing: no references
[473.390s][debug][gc,ref         ] GC(31) Skipped phase 2 of Reference Processing: no references
[473.390s][debug][gc,ref         ] GC(31) Skipped phase 3 of Reference Processing: no references
[473.390s][debug][gc,ref         ] GC(31) Skipped phase 4 of Reference Processing: no references
[473.390s][debug][gc,phases      ] GC(31) Reference Processing 0.020ms
[473.391s][debug][gc,phases      ] GC(31)   VM Weak                        Min:  0.0, Avg:  0.0, Max:  0.0, Diff:  0.0, Sum:  0.0, Workers: 4
[473.391s][debug][gc,phases      ] GC(31)     Dead                           Min: 0, Avg:  0.0, Max: 0, Diff: 0, Sum: 0, Workers: 4
[473.391s][debug][gc,phases      ] GC(31)     Total                          Min: 0, Avg: 164.0, Max: 656, Diff: 656, Sum: 656, Workers: 4
[473.391s][debug][gc,phases      ] GC(31)   ObjectSynchronizer Weak        Min:  0.0, Avg:  0.0, Max:  0.0, Diff:  0.0, Sum:  0.0, Workers: 4
[473.391s][debug][gc,phases      ] GC(31)     Dead                           Min: 0, Avg:  0.0, Max: 0, Diff: 0, Sum: 0, Workers: 4
[473.391s][debug][gc,phases      ] GC(31)     Total                          Min: 0, Avg:  7.2, Max: 29, Diff: 29, Sum: 29, Workers: 4
[473.391s][debug][gc,phases      ] GC(31)   JVMTI Tag Weak OopStorage      Min:  0.0, Avg:  0.0, Max:  0.0, Diff:  0.0, Sum:  0.0, Workers: 4
[473.391s][debug][gc,phases      ] GC(31)     Dead                           Min: 0, Avg:  0.0, Max: 0, Diff: 0, Sum: 0, Workers: 4
[473.391s][debug][gc,phases      ] GC(31)     Total                          Min: 0, Avg:  0.0, Max: 0, Diff: 0, Sum: 0, Workers: 4
[473.391s][debug][gc,phases      ] GC(31)   StringTable Weak               Min:  0.0, Avg:  0.1, Max:  0.1, Diff:  0.1, Sum:  0.3, Workers: 4
[473.391s][debug][gc,phases      ] GC(31)     Dead                           Min: 0, Avg:  0.0, Max: 0, Diff: 0, Sum: 0, Workers: 4
[473.391s][debug][gc,phases      ] GC(31)     Total                          Min: 0, Avg: 10508.0, Max: 16689, Diff: 16689, Sum: 42032, Workers: 4
[473.391s][debug][gc,phases      ] GC(31)   ResolvedMethodTable Weak       Min:  0.0, Avg:  0.0, Max:  0.0, Diff:  0.0, Sum:  0.1, Workers: 4
[473.391s][debug][gc,phases      ] GC(31)     Dead                           Min: 0, Avg:  0.0, Max: 0, Diff: 0, Sum: 0, Workers: 4
[473.391s][debug][gc,phases      ] GC(31)     Total                          Min: 0, Avg: 2038.0, Max: 3392, Diff: 3392, Sum: 8152, Workers: 4
[473.391s][debug][gc,phases      ] GC(31)   JNI Weak                       Min:  0.0, Avg:  0.0, Max:  0.0, Diff:  0.0, Sum:  0.0, Workers: 4
[473.391s][debug][gc,phases      ] GC(31)     Dead                           Min: 0, Avg:  0.0, Max: 0, Diff: 0, Sum: 0, Workers: 4
[473.391s][debug][gc,phases      ] GC(31)     Total                          Min: 0, Avg: 11.2, Max: 45, Diff: 45, Sum: 45, Workers: 4
[473.391s][debug][gc,phases      ] GC(31)   StringDedup Table Weak         Min:  0.0, Avg:  0.0, Max:  0.0, Diff:  0.0, Sum:  0.0, Workers: 4
[473.391s][debug][gc,phases      ] GC(31)     Dead                           Min: 0, Avg:  0.0, Max: 0, Diff: 0, Sum: 0, Workers: 4
[473.391s][debug][gc,phases      ] GC(31)     Total                          Min: 0, Avg:  0.0, Max: 0, Diff: 0, Sum: 0, Workers: 4
[473.391s][debug][gc,phases      ] GC(31)   StringDedup Requests0 Weak     Min:  0.0, Avg:  0.0, Max:  0.0, Diff:  0.0, Sum:  0.0, Workers: 4
[473.391s][debug][gc,phases      ] GC(31)     Dead                           Min: 0, Avg:  0.0, Max: 0, Diff: 0, Sum: 0, Workers: 4
[473.391s][debug][gc,phases      ] GC(31)     Total                          Min: 0, Avg:  0.0, Max: 0, Diff: 0, Sum: 0, Workers: 4
[473.391s][debug][gc,phases      ] GC(31)   StringDedup Requests1 Weak     Min:  0.0, Avg:  0.0, Max:  0.0, Diff:  0.0, Sum:  0.0, Workers: 4
[473.391s][debug][gc,phases      ] GC(31)     Dead                           Min: 0, Avg:  0.0, Max: 0, Diff: 0, Sum: 0, Workers: 4
[473.391s][debug][gc,phases      ] GC(31)     Total                          Min: 0, Avg:  0.0, Max: 0, Diff: 0, Sum: 0, Workers: 4
[473.391s][debug][gc,phases      ] GC(31)   Weak JFR Old Object Samples    Min:  0.0, Avg:  0.0, Max:  0.0, Diff:  0.0, Sum:  0.0, Workers: 4
[473.391s][debug][gc,phases      ] GC(31)     Dead                           Min: 0, Avg:  0.0, Max: 0, Diff: 0, Sum: 0, Workers: 4
[473.391s][debug][gc,phases      ] GC(31)     Total                          Min: 0, Avg:  0.0, Max: 0, Diff: 0, Sum: 0, Workers: 4
[473.391s][debug][gc,phases      ] GC(31) Weak Processing 0.302ms
[473.391s][debug][gc,age         ] GC(31) Desired survivor size 341311488 bytes, new threshold 15 (max threshold 15)
[473.391s][info ][gc,heap        ] GC(31) PSYoungGen: 1414368K(1755648K)->160K(1763840K) Eden: 1414144K(1414144K)->0K(1424896K) From: 224K(341504K)->160K(338944K)
[473.391s][info ][gc,heap        ] GC(31) ParOldGen: 220356K(363520K)->220356K(363520K)
[473.391s][info ][gc,metaspace   ] GC(31) Metaspace: 75827K(76672K)->75827K(76672K) NonClass: 64963K(65408K)->64963K(65408K) Class: 10863K(11264K)->10863K(11264K)
[473.391s][info ][gc             ] GC(31) Pause Young (Allocation Failure) 1596M->215M(2077M) 1.054ms
[473.391s][info ][gc,cpu         ] GC(31) User=0.00s Sys=0.00s Real=0.01s
[473.391s][info ][safepoint      ] Safepoint "ParallelGCFailedAllocation", Time since last: 8797892431 ns, Reaching safepoint: 90800 ns, At safepoint: 1123001 ns, Total: 1213801 ns
[485.392s][info ][safepoint      ] Safepoint "Cleanup", Time since last: 12000776275 ns, Reaching safepoint: 42401 ns, At safepoint: 3800 ns, Total: 46201 ns
[491.392s][info ][safepoint      ] Safepoint "Cleanup", Time since last: 6000332578 ns, Reaching safepoint: 36300 ns, At safepoint: 2400 ns, Total: 38700 ns
[497.390s][info ][gc,start       ] GC(32) Pause Young (Allocation Failure)
[497.390s][debug][gc,phases      ] GC(32) Scavenge 0.642ms
[497.390s][debug][gc,ref         ] GC(32) Skipped phase 1 of Reference Processing: no references
[497.390s][debug][gc,ref         ] GC(32) Skipped phase 2 of Reference Processing: no references
[497.390s][debug][gc,ref         ] GC(32) Skipped phase 3 of Reference Processing: no references
[497.390s][debug][gc,ref         ] GC(32) Skipped phase 4 of Reference Processing: no references
[497.390s][debug][gc,phases      ] GC(32) Reference Processing 0.027ms
[497.391s][debug][gc,phases      ] GC(32)   VM Weak                        Min:  0.0, Avg:  0.0, Max:  0.0, Diff:  0.0, Sum:  0.0, Workers: 4
[497.391s][debug][gc,phases      ] GC(32)     Dead                           Min: 0, Avg:  0.0, Max: 0, Diff: 0, Sum: 0, Workers: 4
[497.391s][debug][gc,phases      ] GC(32)     Total                          Min: 0, Avg: 164.0, Max: 640, Diff: 640, Sum: 656, Workers: 4
[497.391s][debug][gc,phases      ] GC(32)   ObjectSynchronizer Weak        Min:  0.0, Avg:  0.0, Max:  0.0, Diff:  0.0, Sum:  0.0, Workers: 4
[497.391s][debug][gc,phases      ] GC(32)     Dead                           Min: 0, Avg:  0.0, Max: 0, Diff: 0, Sum: 0, Workers: 4
[497.391s][debug][gc,phases      ] GC(32)     Total                          Min: 0, Avg:  7.2, Max: 29, Diff: 29, Sum: 29, Workers: 4
[497.391s][debug][gc,phases      ] GC(32)   JVMTI Tag Weak OopStorage      Min:  0.0, Avg:  0.0, Max:  0.0, Diff:  0.0, Sum:  0.0, Workers: 4
[497.391s][debug][gc,phases      ] GC(32)     Dead                           Min: 0, Avg:  0.0, Max: 0, Diff: 0, Sum: 0, Workers: 4
[497.391s][debug][gc,phases      ] GC(32)     Total                          Min: 0, Avg:  0.0, Max: 0, Diff: 0, Sum: 0, Workers: 4
[497.391s][debug][gc,phases      ] GC(32)   StringTable Weak               Min:  0.0, Avg:  0.1, Max:  0.1, Diff:  0.1, Sum:  0.3, Workers: 4
[497.391s][debug][gc,phases      ] GC(32)     Dead                           Min: 0, Avg:  0.0, Max: 0, Diff: 0, Sum: 0, Workers: 4
[497.391s][debug][gc,phases      ] GC(32)     Total                          Min: 0, Avg: 10508.0, Max: 18304, Diff: 18304, Sum: 42032, Workers: 4
[497.391s][debug][gc,phases      ] GC(32)   ResolvedMethodTable Weak       Min:  0.0, Avg:  0.0, Max:  0.0, Diff:  0.0, Sum:  0.1, Workers: 4
[497.391s][debug][gc,phases      ] GC(32)     Dead                           Min: 0, Avg:  0.0, Max: 0, Diff: 0, Sum: 0, Workers: 4
[497.391s][debug][gc,phases      ] GC(32)     Total                          Min: 0, Avg: 2038.0, Max: 3736, Diff: 3736, Sum: 8152, Workers: 4
[497.391s][debug][gc,phases      ] GC(32)   JNI Weak                       Min:  0.0, Avg:  0.0, Max:  0.0, Diff:  0.0, Sum:  0.0, Workers: 4
[497.391s][debug][gc,phases      ] GC(32)     Dead                           Min: 0, Avg:  0.0, Max: 0, Diff: 0, Sum: 0, Workers: 4
[497.391s][debug][gc,phases      ] GC(32)     Total                          Min: 0, Avg: 11.2, Max: 45, Diff: 45, Sum: 45, Workers: 4
[497.391s][debug][gc,phases      ] GC(32)   StringDedup Table Weak         Min:  0.0, Avg:  0.0, Max:  0.0, Diff:  0.0, Sum:  0.0, Workers: 4
[497.391s][debug][gc,phases      ] GC(32)     Dead                           Min: 0, Avg:  0.0, Max: 0, Diff: 0, Sum: 0, Workers: 4
[497.391s][debug][gc,phases      ] GC(32)     Total                          Min: 0, Avg:  0.0, Max: 0, Diff: 0, Sum: 0, Workers: 4
[497.391s][debug][gc,phases      ] GC(32)   StringDedup Requests0 Weak     Min:  0.0, Avg:  0.0, Max:  0.0, Diff:  0.0, Sum:  0.0, Workers: 4
[497.391s][debug][gc,phases      ] GC(32)     Dead                           Min: 0, Avg:  0.0, Max: 0, Diff: 0, Sum: 0, Workers: 4
[497.391s][debug][gc,phases      ] GC(32)     Total                          Min: 0, Avg:  0.0, Max: 0, Diff: 0, Sum: 0, Workers: 4
[497.391s][debug][gc,phases      ] GC(32)   StringDedup Requests1 Weak     Min:  0.0, Avg:  0.0, Max:  0.0, Diff:  0.0, Sum:  0.0, Workers: 4
[497.391s][debug][gc,phases      ] GC(32)     Dead                           Min: 0, Avg:  0.0, Max: 0, Diff: 0, Sum: 0, Workers: 4
[497.391s][debug][gc,phases      ] GC(32)     Total                          Min: 0, Avg:  0.0, Max: 0, Diff: 0, Sum: 0, Workers: 4
[497.391s][debug][gc,phases      ] GC(32)   Weak JFR Old Object Samples    Min:  0.0, Avg:  0.0, Max:  0.0, Diff:  0.0, Sum:  0.0, Workers: 4
[497.391s][debug][gc,phases      ] GC(32)     Dead                           Min: 0, Avg:  0.0, Max: 0, Diff: 0, Sum: 0, Workers: 4
[497.391s][debug][gc,phases      ] GC(32)     Total                          Min: 0, Avg:  0.0, Max: 0, Diff: 0, Sum: 0, Workers: 4
[497.391s][debug][gc,phases      ] GC(32) Weak Processing 0.299ms
[497.391s][debug][gc,age         ] GC(32) Desired survivor size 333447168 bytes, new threshold 15 (max threshold 15)
[497.391s][info ][gc,heap        ] GC(32) PSYoungGen: 1425056K(1763840K)->160K(1758208K) Eden: 1424896K(1424896K)->0K(1424896K) From: 160K(338944K)->160K(333312K)
[497.391s][info ][gc,heap        ] GC(32) ParOldGen: 220356K(363520K)->220356K(363520K)
[497.391s][info ][gc,metaspace   ] GC(32) Metaspace: 75827K(76672K)->75827K(76672K) NonClass: 64963K(65408K)->64963K(65408K) Class: 10863K(11264K)->10863K(11264K)
[497.391s][info ][gc             ] GC(32) Pause Young (Allocation Failure) 1606M->215M(2072M) 1.067ms
[497.391s][info ][gc,cpu         ] GC(32) User=0.00s Sys=0.00s Real=0.01s
[497.391s][info ][safepoint      ] Safepoint "ParallelGCFailedAllocation", Time since last: 5997606642 ns, Reaching safepoint: 92700 ns, At safepoint: 1127701 ns, Total: 1220401 ns
[503.391s][info ][safepoint      ] Safepoint "Cleanup", Time since last: 6000406499 ns, Reaching safepoint: 38200 ns, At safepoint: 3600 ns, Total: 41800 ns
[521.538s][info ][gc,start       ] GC(33) Pause Young (Allocation Failure)
[521.538s][debug][gc,phases      ] GC(33) Scavenge 0.614ms
[521.538s][debug][gc,ref         ] GC(33) Skipped phase 1 of Reference Processing: no references
[521.538s][debug][gc,ref         ] GC(33) Skipped phase 2 of Reference Processing: no references
[521.538s][debug][gc,ref         ] GC(33) Skipped phase 3 of Reference Processing: no references
[521.538s][debug][gc,ref         ] GC(33) Skipped phase 4 of Reference Processing: no references
[521.538s][debug][gc,phases      ] GC(33) Reference Processing 0.019ms
[521.539s][debug][gc,phases      ] GC(33)   VM Weak                        Min:  0.0, Avg:  0.0, Max:  0.0, Diff:  0.0, Sum:  0.0, Workers: 4
[521.539s][debug][gc,phases      ] GC(33)     Dead                           Min: 0, Avg:  0.0, Max: 0, Diff: 0, Sum: 0, Workers: 4
[521.539s][debug][gc,phases      ] GC(33)     Total                          Min: 0, Avg: 164.0, Max: 336, Diff: 336, Sum: 656, Workers: 4
[521.539s][debug][gc,phases      ] GC(33)   ObjectSynchronizer Weak        Min:  0.0, Avg:  0.0, Max:  0.0, Diff:  0.0, Sum:  0.0, Workers: 4
[521.539s][debug][gc,phases      ] GC(33)     Dead                           Min: 0, Avg:  0.0, Max: 0, Diff: 0, Sum: 0, Workers: 4
[521.539s][debug][gc,phases      ] GC(33)     Total                          Min: 0, Avg:  7.2, Max: 29, Diff: 29, Sum: 29, Workers: 4
[521.539s][debug][gc,phases      ] GC(33)   JVMTI Tag Weak OopStorage      Min:  0.0, Avg:  0.0, Max:  0.0, Diff:  0.0, Sum:  0.0, Workers: 4
[521.539s][debug][gc,phases      ] GC(33)     Dead                           Min: 0, Avg:  0.0, Max: 0, Diff: 0, Sum: 0, Workers: 4
[521.539s][debug][gc,phases      ] GC(33)     Total                          Min: 0, Avg:  0.0, Max: 0, Diff: 0, Sum: 0, Workers: 4
[521.539s][debug][gc,phases      ] GC(33)   StringTable Weak               Min:  0.0, Avg:  0.1, Max:  0.1, Diff:  0.1, Sum:  0.3, Workers: 4
[521.539s][debug][gc,phases      ] GC(33)     Dead                           Min: 0, Avg:  0.0, Max: 0, Diff: 0, Sum: 0, Workers: 4
[521.539s][debug][gc,phases      ] GC(33)     Total                          Min: 0, Avg: 10508.0, Max: 18098, Diff: 18098, Sum: 42032, Workers: 4
[521.539s][debug][gc,phases      ] GC(33)   ResolvedMethodTable Weak       Min:  0.0, Avg:  0.0, Max:  0.0, Diff:  0.0, Sum:  0.1, Workers: 4
[521.539s][debug][gc,phases      ] GC(33)     Dead                           Min: 0, Avg:  0.0, Max: 0, Diff: 0, Sum: 0, Workers: 4
[521.539s][debug][gc,phases      ] GC(33)     Total                          Min: 0, Avg: 2038.0, Max: 3584, Diff: 3584, Sum: 8152, Workers: 4
[521.539s][debug][gc,phases      ] GC(33)   JNI Weak                       Min:  0.0, Avg:  0.0, Max:  0.0, Diff:  0.0, Sum:  0.0, Workers: 4
[521.539s][debug][gc,phases      ] GC(33)     Dead                           Min: 0, Avg:  0.0, Max: 0, Diff: 0, Sum: 0, Workers: 4
[521.539s][debug][gc,phases      ] GC(33)     Total                          Min: 0, Avg: 11.2, Max: 45, Diff: 45, Sum: 45, Workers: 4
[521.539s][debug][gc,phases      ] GC(33)   StringDedup Table Weak         Min:  0.0, Avg:  0.0, Max:  0.0, Diff:  0.0, Sum:  0.0, Workers: 4
[521.539s][debug][gc,phases      ] GC(33)     Dead                           Min: 0, Avg:  0.0, Max: 0, Diff: 0, Sum: 0, Workers: 4
[521.539s][debug][gc,phases      ] GC(33)     Total                          Min: 0, Avg:  0.0, Max: 0, Diff: 0, Sum: 0, Workers: 4
[521.539s][debug][gc,phases      ] GC(33)   StringDedup Requests0 Weak     Min:  0.0, Avg:  0.0, Max:  0.0, Diff:  0.0, Sum:  0.0, Workers: 4
[521.539s][debug][gc,phases      ] GC(33)     Dead                           Min: 0, Avg:  0.0, Max: 0, Diff: 0, Sum: 0, Workers: 4
[521.539s][debug][gc,phases      ] GC(33)     Total                          Min: 0, Avg:  0.0, Max: 0, Diff: 0, Sum: 0, Workers: 4
[521.539s][debug][gc,phases      ] GC(33)   StringDedup Requests1 Weak     Min:  0.0, Avg:  0.0, Max:  0.0, Diff:  0.0, Sum:  0.0, Workers: 4
[521.539s][debug][gc,phases      ] GC(33)     Dead                           Min: 0, Avg:  0.0, Max: 0, Diff: 0, Sum: 0, Workers: 4
[521.539s][debug][gc,phases      ] GC(33)     Total                          Min: 0, Avg:  0.0, Max: 0, Diff: 0, Sum: 0, Workers: 4
[521.539s][debug][gc,phases      ] GC(33)   Weak JFR Old Object Samples    Min:  0.0, Avg:  0.0, Max:  0.0, Diff:  0.0, Sum:  0.0, Workers: 4
[521.539s][debug][gc,phases      ] GC(33)     Dead                           Min: 0, Avg:  0.0, Max: 0, Diff: 0, Sum: 0, Workers: 4
[521.539s][debug][gc,phases      ] GC(33)     Total                          Min: 0, Avg:  0.0, Max: 0, Diff: 0, Sum: 0, Workers: 4
[521.539s][debug][gc,phases      ] GC(33) Weak Processing 0.291ms
[521.539s][debug][gc,age         ] GC(33) Desired survivor size 324009984 bytes, new threshold 15 (max threshold 15)
[521.539s][info ][gc,heap        ] GC(33) PSYoungGen: 1425056K(1758208K)->160K(1780736K) Eden: 1424896K(1424896K)->0K(1455104K) From: 160K(333312K)->160K(325632K)
[521.539s][info ][gc,heap        ] GC(33) ParOldGen: 220356K(363520K)->220356K(363520K)
[521.539s][info ][gc,metaspace   ] GC(33) Metaspace: 75827K(76672K)->75827K(76672K) NonClass: 64963K(65408K)->64963K(65408K) Class: 10863K(11264K)->10863K(11264K)
[521.539s][info ][gc             ] GC(33) Pause Young (Allocation Failure) 1606M->215M(2094M) 1.007ms
[521.539s][info ][gc,cpu         ] GC(33) User=0.00s Sys=0.00s Real=0.00s
[521.539s][info ][safepoint      ] Safepoint "ParallelGCFailedAllocation", Time since last: 18146450643 ns, Reaching safepoint: 31600 ns, At safepoint: 1092101 ns, Total: 1123701 ns
[546.138s][info ][gc,start       ] GC(34) Pause Young (Allocation Failure)
[546.139s][debug][gc,phases      ] GC(34) Scavenge 0.918ms
[546.139s][debug][gc,ref         ] GC(34) Skipped phase 1 of Reference Processing: no references
[546.139s][debug][gc,ref         ] GC(34) Skipped phase 2 of Reference Processing: no references
[546.139s][debug][gc,ref         ] GC(34) Skipped phase 3 of Reference Processing: no references
[546.139s][debug][gc,ref         ] GC(34) Skipped phase 4 of Reference Processing: no references
[546.139s][debug][gc,phases      ] GC(34) Reference Processing 0.033ms
[546.140s][debug][gc,phases      ] GC(34)   VM Weak                        Min:  0.0, Avg:  0.0, Max:  0.0, Diff:  0.0, Sum:  0.0, Workers: 4
[546.140s][debug][gc,phases      ] GC(34)     Dead                           Min: 0, Avg:  0.0, Max: 0, Diff: 0, Sum: 0, Workers: 4
[546.140s][debug][gc,phases      ] GC(34)     Total                          Min: 0, Avg: 164.0, Max: 400, Diff: 400, Sum: 656, Workers: 4
[546.140s][debug][gc,phases      ] GC(34)   ObjectSynchronizer Weak        Min:  0.0, Avg:  0.0, Max:  0.0, Diff:  0.0, Sum:  0.0, Workers: 4
[546.140s][debug][gc,phases      ] GC(34)     Dead                           Min: 0, Avg:  0.0, Max: 0, Diff: 0, Sum: 0, Workers: 4
[546.140s][debug][gc,phases      ] GC(34)     Total                          Min: 0, Avg:  7.2, Max: 29, Diff: 29, Sum: 29, Workers: 4
[546.140s][debug][gc,phases      ] GC(34)   JVMTI Tag Weak OopStorage      Min:  0.0, Avg:  0.0, Max:  0.0, Diff:  0.0, Sum:  0.0, Workers: 4
[546.140s][debug][gc,phases      ] GC(34)     Dead                           Min: 0, Avg:  0.0, Max: 0, Diff: 0, Sum: 0, Workers: 4
[546.140s][debug][gc,phases      ] GC(34)     Total                          Min: 0, Avg:  0.0, Max: 0, Diff: 0, Sum: 0, Workers: 4
[546.140s][debug][gc,phases      ] GC(34)   StringTable Weak               Min:  0.0, Avg:  0.1, Max:  0.1, Diff:  0.1, Sum:  0.3, Workers: 4
[546.140s][debug][gc,phases      ] GC(34)     Dead                           Min: 0, Avg:  0.0, Max: 0, Diff: 0, Sum: 0, Workers: 4
[546.140s][debug][gc,phases      ] GC(34)     Total                          Min: 0, Avg: 10508.0, Max: 16946, Diff: 16946, Sum: 42032, Workers: 4
[546.140s][debug][gc,phases      ] GC(34)   ResolvedMethodTable Weak       Min:  0.0, Avg:  0.0, Max:  0.0, Diff:  0.0, Sum:  0.1, Workers: 4
[546.140s][debug][gc,phases      ] GC(34)     Dead                           Min: 0, Avg:  0.0, Max: 0, Diff: 0, Sum: 0, Workers: 4
[546.140s][debug][gc,phases      ] GC(34)     Total                          Min: 0, Avg: 2038.0, Max: 3328, Diff: 3328, Sum: 8152, Workers: 4
[546.140s][debug][gc,phases      ] GC(34)   JNI Weak                       Min:  0.0, Avg:  0.0, Max:  0.0, Diff:  0.0, Sum:  0.0, Workers: 4
[546.140s][debug][gc,phases      ] GC(34)     Dead                           Min: 0, Avg:  0.0, Max: 0, Diff: 0, Sum: 0, Workers: 4
[546.140s][debug][gc,phases      ] GC(34)     Total                          Min: 0, Avg: 11.2, Max: 45, Diff: 45, Sum: 45, Workers: 4
[546.140s][debug][gc,phases      ] GC(34)   StringDedup Table Weak         Min:  0.0, Avg:  0.0, Max:  0.0, Diff:  0.0, Sum:  0.0, Workers: 4
[546.140s][debug][gc,phases      ] GC(34)     Dead                           Min: 0, Avg:  0.0, Max: 0, Diff: 0, Sum: 0, Workers: 4
[546.140s][debug][gc,phases      ] GC(34)     Total                          Min: 0, Avg:  0.0, Max: 0, Diff: 0, Sum: 0, Workers: 4
[546.140s][debug][gc,phases      ] GC(34)   StringDedup Requests0 Weak     Min:  0.0, Avg:  0.0, Max:  0.0, Diff:  0.0, Sum:  0.0, Workers: 4
[546.140s][debug][gc,phases      ] GC(34)     Dead                           Min: 0, Avg:  0.0, Max: 0, Diff: 0, Sum: 0, Workers: 4
[546.140s][debug][gc,phases      ] GC(34)     Total                          Min: 0, Avg:  0.0, Max: 0, Diff: 0, Sum: 0, Workers: 4
[546.140s][debug][gc,phases      ] GC(34)   StringDedup Requests1 Weak     Min:  0.0, Avg:  0.0, Max:  0.0, Diff:  0.0, Sum:  0.0, Workers: 4
[546.140s][debug][gc,phases      ] GC(34)     Dead                           Min: 0, Avg:  0.0, Max: 0, Diff: 0, Sum: 0, Workers: 4
[546.140s][debug][gc,phases      ] GC(34)     Total                          Min: 0, Avg:  0.0, Max: 0, Diff: 0, Sum: 0, Workers: 4
[546.140s][debug][gc,phases      ] GC(34)   Weak JFR Old Object Samples    Min:  0.0, Avg:  0.0, Max:  0.0, Diff:  0.0, Sum:  0.0, Workers: 4
[546.140s][debug][gc,phases      ] GC(34)     Dead                           Min: 0, Avg:  0.0, Max: 0, Diff: 0, Sum: 0, Workers: 4
[546.140s][debug][gc,phases      ] GC(34)     Total                          Min: 0, Avg:  0.0, Max: 0, Diff: 0, Sum: 0, Workers: 4
[546.140s][debug][gc,phases      ] GC(34) Weak Processing 0.291ms
[546.140s][debug][gc,age         ] GC(34) Desired survivor size 312475648 bytes, new threshold 15 (max threshold 15)
[546.140s][info ][gc,heap        ] GC(34) PSYoungGen: 1455264K(1780736K)->192K(1771520K) Eden: 1455104K(1455104K)->0K(1455104K) From: 160K(325632K)->192K(316416K)
[546.140s][info ][gc,heap        ] GC(34) ParOldGen: 220356K(363520K)->220356K(363520K)
[546.140s][info ][gc,metaspace   ] GC(34) Metaspace: 75827K(76672K)->75827K(76672K) NonClass: 64963K(65408K)->64963K(65408K) Class: 10863K(11264K)->10863K(11264K)
[546.140s][info ][gc             ] GC(34) Pause Young (Allocation Failure) 1636M->215M(2085M) 1.321ms
[546.140s][info ][gc,cpu         ] GC(34) User=0.00s Sys=0.00s Real=0.00s
[546.140s][info ][safepoint      ] Safepoint "ParallelGCFailedAllocation", Time since last: 24599549154 ns, Reaching safepoint: 23300 ns, At safepoint: 1375002 ns, Total: 1398302 ns
[570.739s][info ][gc,start       ] GC(35) Pause Young (Allocation Failure)
[570.740s][debug][gc,phases      ] GC(35) Scavenge 0.660ms
[570.740s][debug][gc,ref         ] GC(35) Skipped phase 1 of Reference Processing: no references
[570.740s][debug][gc,ref         ] GC(35) Skipped phase 2 of Reference Processing: no references
[570.740s][debug][gc,ref         ] GC(35) Skipped phase 3 of Reference Processing: no references
[570.740s][debug][gc,ref         ] GC(35) Skipped phase 4 of Reference Processing: no references
[570.740s][debug][gc,phases      ] GC(35) Reference Processing 0.019ms
[570.740s][debug][gc,phases      ] GC(35)   VM Weak                        Min:  0.0, Avg:  0.0, Max:  0.0, Diff:  0.0, Sum:  0.0, Workers: 4
[570.740s][debug][gc,phases      ] GC(35)     Dead                           Min: 0, Avg:  0.0, Max: 0, Diff: 0, Sum: 0, Workers: 4
[570.740s][debug][gc,phases      ] GC(35)     Total                          Min: 0, Avg: 164.0, Max: 528, Diff: 528, Sum: 656, Workers: 4
[570.740s][debug][gc,phases      ] GC(35)   ObjectSynchronizer Weak        Min:  0.0, Avg:  0.0, Max:  0.0, Diff:  0.0, Sum:  0.0, Workers: 4
[570.740s][debug][gc,phases      ] GC(35)     Dead                           Min: 0, Avg:  0.0, Max: 0, Diff: 0, Sum: 0, Workers: 4
[570.740s][debug][gc,phases      ] GC(35)     Total                          Min: 0, Avg:  7.2, Max: 29, Diff: 29, Sum: 29, Workers: 4
[570.740s][debug][gc,phases      ] GC(35)   JVMTI Tag Weak OopStorage      Min:  0.0, Avg:  0.0, Max:  0.0, Diff:  0.0, Sum:  0.0, Workers: 4
[570.740s][debug][gc,phases      ] GC(35)     Dead                           Min: 0, Avg:  0.0, Max: 0, Diff: 0, Sum: 0, Workers: 4
[570.740s][debug][gc,phases      ] GC(35)     Total                          Min: 0, Avg:  0.0, Max: 0, Diff: 0, Sum: 0, Workers: 4
[570.740s][debug][gc,phases      ] GC(35)   StringTable Weak               Min:  0.0, Avg:  0.1, Max:  0.1, Diff:  0.1, Sum:  0.3, Workers: 4
[570.740s][debug][gc,phases      ] GC(35)     Dead                           Min: 0, Avg:  0.0, Max: 0, Diff: 0, Sum: 0, Workers: 4
[570.740s][debug][gc,phases      ] GC(35)     Total                          Min: 0, Avg: 10508.0, Max: 18354, Diff: 18354, Sum: 42032, Workers: 4
[570.740s][debug][gc,phases      ] GC(35)   ResolvedMethodTable Weak       Min:  0.0, Avg:  0.0, Max:  0.0, Diff:  0.0, Sum:  0.1, Workers: 4
[570.740s][debug][gc,phases      ] GC(35)     Dead                           Min: 0, Avg:  0.0, Max: 0, Diff: 0, Sum: 0, Workers: 4
[570.740s][debug][gc,phases      ] GC(35)     Total                          Min: 0, Avg: 2038.0, Max: 3416, Diff: 3416, Sum: 8152, Workers: 4
[570.740s][debug][gc,phases      ] GC(35)   JNI Weak                       Min:  0.0, Avg:  0.0, Max:  0.0, Diff:  0.0, Sum:  0.0, Workers: 4
[570.740s][debug][gc,phases      ] GC(35)     Dead                           Min: 0, Avg:  0.0, Max: 0, Diff: 0, Sum: 0, Workers: 4
[570.740s][debug][gc,phases      ] GC(35)     Total                          Min: 0, Avg: 11.2, Max: 45, Diff: 45, Sum: 45, Workers: 4
[570.740s][debug][gc,phases      ] GC(35)   StringDedup Table Weak         Min:  0.0, Avg:  0.0, Max:  0.0, Diff:  0.0, Sum:  0.0, Workers: 4
[570.740s][debug][gc,phases      ] GC(35)     Dead                           Min: 0, Avg:  0.0, Max: 0, Diff: 0, Sum: 0, Workers: 4
[570.740s][debug][gc,phases      ] GC(35)     Total                          Min: 0, Avg:  0.0, Max: 0, Diff: 0, Sum: 0, Workers: 4
[570.740s][debug][gc,phases      ] GC(35)   StringDedup Requests0 Weak     Min:  0.0, Avg:  0.0, Max:  0.0, Diff:  0.0, Sum:  0.0, Workers: 4
[570.740s][debug][gc,phases      ] GC(35)     Dead                           Min: 0, Avg:  0.0, Max: 0, Diff: 0, Sum: 0, Workers: 4
[570.740s][debug][gc,phases      ] GC(35)     Total                          Min: 0, Avg:  0.0, Max: 0, Diff: 0, Sum: 0, Workers: 4
[570.740s][debug][gc,phases      ] GC(35)   StringDedup Requests1 Weak     Min:  0.0, Avg:  0.0, Max:  0.0, Diff:  0.0, Sum:  0.0, Workers: 4
[570.740s][debug][gc,phases      ] GC(35)     Dead                           Min: 0, Avg:  0.0, Max: 0, Diff: 0, Sum: 0, Workers: 4
[570.740s][debug][gc,phases      ] GC(35)     Total                          Min: 0, Avg:  0.0, Max: 0, Diff: 0, Sum: 0, Workers: 4
[570.740s][debug][gc,phases      ] GC(35)   Weak JFR Old Object Samples    Min:  0.0, Avg:  0.0, Max:  0.0, Diff:  0.0, Sum:  0.0, Workers: 4
[570.740s][debug][gc,phases      ] GC(35)     Dead                           Min: 0, Avg:  0.0, Max: 0, Diff: 0, Sum: 0, Workers: 4
[570.740s][debug][gc,phases      ] GC(35)     Total                          Min: 0, Avg:  0.0, Max: 0, Diff: 0, Sum: 0, Workers: 4
[570.740s][debug][gc,phases      ] GC(35) Weak Processing 0.282ms
[570.740s][debug][gc,age         ] GC(35) Desired survivor size 300417024 bytes, new threshold 15 (max threshold 15)
[570.740s][info ][gc,heap        ] GC(35) PSYoungGen: 1455296K(1771520K)->224K(1803776K) Eden: 1455104K(1455104K)->0K(1498624K) From: 192K(316416K)->224K(305152K)
[570.740s][info ][gc,heap        ] GC(35) ParOldGen: 220356K(363520K)->220356K(363520K)
[570.740s][info ][gc,metaspace   ] GC(35) Metaspace: 75827K(76672K)->75827K(76672K) NonClass: 64963K(65408K)->64963K(65408K) Class: 10863K(11264K)->10863K(11264K)
[570.740s][info ][gc             ] GC(35) Pause Young (Allocation Failure) 1636M->215M(2116M) 1.043ms
[570.740s][info ][gc,cpu         ] GC(35) User=0.00s Sys=0.00s Real=0.00s
[570.740s][info ][safepoint      ] Safepoint "ParallelGCFailedAllocation", Time since last: 24599607570 ns, Reaching safepoint: 24900 ns, At safepoint: 1095301 ns, Total: 1120201 ns
[596.089s][info ][gc,start       ] GC(36) Pause Young (Allocation Failure)
[596.090s][debug][gc,phases      ] GC(36) Scavenge 0.989ms
[596.090s][debug][gc,ref         ] GC(36) Skipped phase 1 of Reference Processing: no references
[596.090s][debug][gc,ref         ] GC(36) Skipped phase 2 of Reference Processing: no references
[596.090s][debug][gc,ref         ] GC(36) Skipped phase 3 of Reference Processing: no references
[596.090s][debug][gc,ref         ] GC(36) Skipped phase 4 of Reference Processing: no references
[596.090s][debug][gc,phases      ] GC(36) Reference Processing 0.021ms
[596.090s][debug][gc,phases      ] GC(36)   VM Weak                        Min:  0.0, Avg:  0.0, Max:  0.0, Diff:  0.0, Sum:  0.0, Workers: 4
[596.090s][debug][gc,phases      ] GC(36)     Dead                           Min: 0, Avg:  0.0, Max: 0, Diff: 0, Sum: 0, Workers: 4
[596.090s][debug][gc,phases      ] GC(36)     Total                          Min: 0, Avg: 164.0, Max: 592, Diff: 592, Sum: 656, Workers: 4
[596.090s][debug][gc,phases      ] GC(36)   ObjectSynchronizer Weak        Min:  0.0, Avg:  0.0, Max:  0.0, Diff:  0.0, Sum:  0.0, Workers: 4
[596.090s][debug][gc,phases      ] GC(36)     Dead                           Min: 0, Avg:  0.0, Max: 0, Diff: 0, Sum: 0, Workers: 4
[596.090s][debug][gc,phases      ] GC(36)     Total                          Min: 0, Avg:  7.2, Max: 29, Diff: 29, Sum: 29, Workers: 4
[596.090s][debug][gc,phases      ] GC(36)   JVMTI Tag Weak OopStorage      Min:  0.0, Avg:  0.0, Max:  0.0, Diff:  0.0, Sum:  0.0, Workers: 4
[596.090s][debug][gc,phases      ] GC(36)     Dead                           Min: 0, Avg:  0.0, Max: 0, Diff: 0, Sum: 0, Workers: 4
[596.090s][debug][gc,phases      ] GC(36)     Total                          Min: 0, Avg:  0.0, Max: 0, Diff: 0, Sum: 0, Workers: 4
[596.090s][debug][gc,phases      ] GC(36)   StringTable Weak               Min:  0.0, Avg:  0.1, Max:  0.1, Diff:  0.1, Sum:  0.3, Workers: 4
[596.090s][debug][gc,phases      ] GC(36)     Dead                           Min: 0, Avg:  0.0, Max: 0, Diff: 0, Sum: 0, Workers: 4
[596.090s][debug][gc,phases      ] GC(36)     Total                          Min: 0, Avg: 10508.0, Max: 17010, Diff: 17010, Sum: 42032, Workers: 4
[596.090s][debug][gc,phases      ] GC(36)   ResolvedMethodTable Weak       Min:  0.0, Avg:  0.0, Max:  0.0, Diff:  0.0, Sum:  0.1, Workers: 4
[596.090s][debug][gc,phases      ] GC(36)     Dead                           Min: 0, Avg:  0.0, Max: 0, Diff: 0, Sum: 0, Workers: 4
[596.090s][debug][gc,phases      ] GC(36)     Total                          Min: 0, Avg: 2038.0, Max: 3392, Diff: 3392, Sum: 8152, Workers: 4
[596.090s][debug][gc,phases      ] GC(36)   JNI Weak                       Min:  0.0, Avg:  0.0, Max:  0.0, Diff:  0.0, Sum:  0.0, Workers: 4
[596.090s][debug][gc,phases      ] GC(36)     Dead                           Min: 0, Avg:  0.0, Max: 0, Diff: 0, Sum: 0, Workers: 4
[596.090s][debug][gc,phases      ] GC(36)     Total                          Min: 0, Avg: 11.2, Max: 45, Diff: 45, Sum: 45, Workers: 4
[596.090s][debug][gc,phases      ] GC(36)   StringDedup Table Weak         Min:  0.0, Avg:  0.0, Max:  0.0, Diff:  0.0, Sum:  0.0, Workers: 4
[596.090s][debug][gc,phases      ] GC(36)     Dead                           Min: 0, Avg:  0.0, Max: 0, Diff: 0, Sum: 0, Workers: 4
[596.090s][debug][gc,phases      ] GC(36)     Total                          Min: 0, Avg:  0.0, Max: 0, Diff: 0, Sum: 0, Workers: 4
[596.090s][debug][gc,phases      ] GC(36)   StringDedup Requests0 Weak     Min:  0.0, Avg:  0.0, Max:  0.0, Diff:  0.0, Sum:  0.0, Workers: 4
[596.090s][debug][gc,phases      ] GC(36)     Dead                           Min: 0, Avg:  0.0, Max: 0, Diff: 0, Sum: 0, Workers: 4
[596.090s][debug][gc,phases      ] GC(36)     Total                          Min: 0, Avg:  0.0, Max: 0, Diff: 0, Sum: 0, Workers: 4
[596.090s][debug][gc,phases      ] GC(36)   StringDedup Requests1 Weak     Min:  0.0, Avg:  0.0, Max:  0.0, Diff:  0.0, Sum:  0.0, Workers: 4
[596.090s][debug][gc,phases      ] GC(36)     Dead                           Min: 0, Avg:  0.0, Max: 0, Diff: 0, Sum: 0, Workers: 4
[596.090s][debug][gc,phases      ] GC(36)     Total                          Min: 0, Avg:  0.0, Max: 0, Diff: 0, Sum: 0, Workers: 4
[596.090s][debug][gc,phases      ] GC(36)   Weak JFR Old Object Samples    Min:  0.0, Avg:  0.0, Max:  0.0, Diff:  0.0, Sum:  0.0, Workers: 4
[596.090s][debug][gc,phases      ] GC(36)     Dead                           Min: 0, Avg:  0.0, Max: 0, Diff: 0, Sum: 0, Workers: 4
[596.090s][debug][gc,phases      ] GC(36)     Total                          Min: 0, Avg:  0.0, Max: 0, Diff: 0, Sum: 0, Workers: 4
[596.090s][debug][gc,phases      ] GC(36) Weak Processing 0.308ms
[596.090s][debug][gc,age         ] GC(36) Desired survivor size 287834112 bytes, new threshold 15 (max threshold 15)
[596.090s][info ][gc,heap        ] GC(36) PSYoungGen: 1498848K(1803776K)->192K(1792000K) Eden: 1498624K(1498624K)->0K(1498624K) From: 224K(305152K)->192K(293376K)
[596.090s][info ][gc,heap        ] GC(36) ParOldGen: 220356K(363520K)->220356K(363520K)
[596.091s][info ][gc,metaspace   ] GC(36) Metaspace: 75827K(76672K)->75827K(76672K) NonClass: 64963K(65408K)->64963K(65408K) Class: 10863K(11264K)->10863K(11264K)
[596.091s][info ][gc             ] GC(36) Pause Young (Allocation Failure) 1678M->215M(2105M) 1.421ms
[596.091s][info ][gc,cpu         ] GC(36) User=0.00s Sys=0.00s Real=0.01s
[596.091s][info ][safepoint      ] Safepoint "ParallelGCFailedAllocation", Time since last: 25348527886 ns, Reaching safepoint: 45900 ns, At safepoint: 1483002 ns, Total: 1528902 ns
[600.091s][info ][safepoint      ] Safepoint "Cleanup", Time since last: 4000261867 ns, Reaching safepoint: 40901 ns, At safepoint: 6600 ns, Total: 47501 ns
[612.092s][info ][safepoint      ] Safepoint "Cleanup", Time since last: 12000748587 ns, Reaching safepoint: 74200 ns, At safepoint: 4900 ns, Total: 79100 ns
[615.092s][info ][safepoint      ] Safepoint "Cleanup", Time since last: 3000204589 ns, Reaching safepoint: 44800 ns, At safepoint: 3300 ns, Total: 48100 ns
[621.238s][info ][gc,start       ] GC(37) Pause Young (Allocation Failure)
[621.239s][debug][gc,phases      ] GC(37) Scavenge 0.660ms
[621.239s][debug][gc,ref         ] GC(37) Skipped phase 1 of Reference Processing: no references
[621.239s][debug][gc,ref         ] GC(37) Skipped phase 2 of Reference Processing: no references
[621.239s][debug][gc,ref         ] GC(37) Skipped phase 3 of Reference Processing: no references
[621.239s][debug][gc,ref         ] GC(37) Skipped phase 4 of Reference Processing: no references
[621.239s][debug][gc,phases      ] GC(37) Reference Processing 0.019ms
[621.239s][debug][gc,phases      ] GC(37)   VM Weak                        Min:  0.0, Avg:  0.0, Max:  0.0, Diff:  0.0, Sum:  0.0, Workers: 4
[621.239s][debug][gc,phases      ] GC(37)     Dead                           Min: 0, Avg:  0.0, Max: 0, Diff: 0, Sum: 0, Workers: 4
[621.239s][debug][gc,phases      ] GC(37)     Total                          Min: 0, Avg: 164.0, Max: 656, Diff: 656, Sum: 656, Workers: 4
[621.239s][debug][gc,phases      ] GC(37)   ObjectSynchronizer Weak        Min:  0.0, Avg:  0.0, Max:  0.0, Diff:  0.0, Sum:  0.0, Workers: 4
[621.239s][debug][gc,phases      ] GC(37)     Dead                           Min: 0, Avg:  0.0, Max: 0, Diff: 0, Sum: 0, Workers: 4
[621.239s][debug][gc,phases      ] GC(37)     Total                          Min: 0, Avg:  7.2, Max: 29, Diff: 29, Sum: 29, Workers: 4
[621.239s][debug][gc,phases      ] GC(37)   JVMTI Tag Weak OopStorage      Min:  0.0, Avg:  0.0, Max:  0.0, Diff:  0.0, Sum:  0.0, Workers: 4
[621.239s][debug][gc,phases      ] GC(37)     Dead                           Min: 0, Avg:  0.0, Max: 0, Diff: 0, Sum: 0, Workers: 4
[621.239s][debug][gc,phases      ] GC(37)     Total                          Min: 0, Avg:  0.0, Max: 0, Diff: 0, Sum: 0, Workers: 4
[621.239s][debug][gc,phases      ] GC(37)   StringTable Weak               Min:  0.0, Avg:  0.1, Max:  0.1, Diff:  0.1, Sum:  0.3, Workers: 4
[621.239s][debug][gc,phases      ] GC(37)     Dead                           Min: 0, Avg:  0.0, Max: 0, Diff: 0, Sum: 0, Workers: 4
[621.239s][debug][gc,phases      ] GC(37)     Total                          Min: 0, Avg: 10514.5, Max: 17792, Diff: 17792, Sum: 42058, Workers: 4
[621.239s][debug][gc,phases      ] GC(37)   ResolvedMethodTable Weak       Min:  0.0, Avg:  0.0, Max:  0.0, Diff:  0.0, Sum:  0.1, Workers: 4
[621.239s][debug][gc,phases      ] GC(37)     Dead                           Min: 0, Avg:  0.0, Max: 0, Diff: 0, Sum: 0, Workers: 4
[621.239s][debug][gc,phases      ] GC(37)     Total                          Min: 0, Avg: 2038.0, Max: 3584, Diff: 3584, Sum: 8152, Workers: 4
[621.239s][debug][gc,phases      ] GC(37)   JNI Weak                       Min:  0.0, Avg:  0.0, Max:  0.0, Diff:  0.0, Sum:  0.0, Workers: 4
[621.239s][debug][gc,phases      ] GC(37)     Dead                           Min: 0, Avg:  0.0, Max: 0, Diff: 0, Sum: 0, Workers: 4
[621.239s][debug][gc,phases      ] GC(37)     Total                          Min: 0, Avg: 11.2, Max: 45, Diff: 45, Sum: 45, Workers: 4
[621.239s][debug][gc,phases      ] GC(37)   StringDedup Table Weak         Min:  0.0, Avg:  0.0, Max:  0.0, Diff:  0.0, Sum:  0.0, Workers: 4
[621.239s][debug][gc,phases      ] GC(37)     Dead                           Min: 0, Avg:  0.0, Max: 0, Diff: 0, Sum: 0, Workers: 4
[621.239s][debug][gc,phases      ] GC(37)     Total                          Min: 0, Avg:  0.0, Max: 0, Diff: 0, Sum: 0, Workers: 4
[621.239s][debug][gc,phases      ] GC(37)   StringDedup Requests0 Weak     Min:  0.0, Avg:  0.0, Max:  0.0, Diff:  0.0, Sum:  0.0, Workers: 4
[621.239s][debug][gc,phases      ] GC(37)     Dead                           Min: 0, Avg:  0.0, Max: 0, Diff: 0, Sum: 0, Workers: 4
[621.239s][debug][gc,phases      ] GC(37)     Total                          Min: 0, Avg:  0.0, Max: 0, Diff: 0, Sum: 0, Workers: 4
[621.239s][debug][gc,phases      ] GC(37)   StringDedup Requests1 Weak     Min:  0.0, Avg:  0.0, Max:  0.0, Diff:  0.0, Sum:  0.0, Workers: 4
[621.239s][debug][gc,phases      ] GC(37)     Dead                           Min: 0, Avg:  0.0, Max: 0, Diff: 0, Sum: 0, Workers: 4
[621.239s][debug][gc,phases      ] GC(37)     Total                          Min: 0, Avg:  0.0, Max: 0, Diff: 0, Sum: 0, Workers: 4
[621.239s][debug][gc,phases      ] GC(37)   Weak JFR Old Object Samples    Min:  0.0, Avg:  0.0, Max:  0.0, Diff:  0.0, Sum:  0.0, Workers: 4
[621.239s][debug][gc,phases      ] GC(37)     Dead                           Min: 0, Avg:  0.0, Max: 0, Diff: 0, Sum: 0, Workers: 4
[621.239s][debug][gc,phases      ] GC(37)     Total                          Min: 0, Avg:  0.0, Max: 0, Diff: 0, Sum: 0, Workers: 4
[621.239s][debug][gc,phases      ] GC(37) Weak Processing 0.287ms
[621.239s][debug][gc,age         ] GC(37) Desired survivor size 274202624 bytes, new threshold 15 (max threshold 15)
[621.239s][info ][gc,heap        ] GC(37) PSYoungGen: 1498816K(1792000K)->160K(1829376K) Eden: 1498624K(1498624K)->0K(1548288K) From: 192K(293376K)->160K(281088K)
[621.239s][info ][gc,heap        ] GC(37) ParOldGen: 220356K(363520K)->220364K(363520K)
[621.239s][info ][gc,metaspace   ] GC(37) Metaspace: 75837K(76736K)->75837K(76736K) NonClass: 64973K(65472K)->64973K(65472K) Class: 10863K(11264K)->10863K(11264K)
[621.239s][info ][gc             ] GC(37) Pause Young (Allocation Failure) 1678M->215M(2141M) 1.059ms
[621.239s][info ][gc,cpu         ] GC(37) User=0.01s Sys=0.00s Real=0.00s
[621.239s][info ][safepoint      ] Safepoint "ParallelGCFailedAllocation", Time since last: 6145911845 ns, Reaching safepoint: 36200 ns, At safepoint: 1121202 ns, Total: 1157402 ns
[632.240s][info ][safepoint      ] Safepoint "Cleanup", Time since last: 11000684018 ns, Reaching safepoint: 106800 ns, At safepoint: 5900 ns, Total: 112700 ns
[647.389s][info ][gc,start       ] GC(38) Pause Young (Allocation Failure)
[647.390s][debug][gc,phases      ] GC(38) Scavenge 0.644ms
[647.390s][debug][gc,ref         ] GC(38) Skipped phase 1 of Reference Processing: no references
[647.390s][debug][gc,ref         ] GC(38) Skipped phase 2 of Reference Processing: no references
[647.390s][debug][gc,ref         ] GC(38) Skipped phase 3 of Reference Processing: no references
[647.390s][debug][gc,ref         ] GC(38) Skipped phase 4 of Reference Processing: no references
[647.390s][debug][gc,phases      ] GC(38) Reference Processing 0.019ms
[647.390s][debug][gc,phases      ] GC(38)   VM Weak                        Min:  0.0, Avg:  0.0, Max:  0.0, Diff:  0.0, Sum:  0.0, Workers: 4
[647.390s][debug][gc,phases      ] GC(38)     Dead                           Min: 0, Avg:  0.0, Max: 0, Diff: 0, Sum: 0, Workers: 4
[647.390s][debug][gc,phases      ] GC(38)     Total                          Min: 0, Avg: 164.0, Max: 592, Diff: 592, Sum: 656, Workers: 4
[647.390s][debug][gc,phases      ] GC(38)   ObjectSynchronizer Weak        Min:  0.0, Avg:  0.0, Max:  0.0, Diff:  0.0, Sum:  0.0, Workers: 4
[647.390s][debug][gc,phases      ] GC(38)     Dead                           Min: 0, Avg:  0.0, Max: 0, Diff: 0, Sum: 0, Workers: 4
[647.390s][debug][gc,phases      ] GC(38)     Total                          Min: 0, Avg:  7.2, Max: 29, Diff: 29, Sum: 29, Workers: 4
[647.390s][debug][gc,phases      ] GC(38)   JVMTI Tag Weak OopStorage      Min:  0.0, Avg:  0.0, Max:  0.0, Diff:  0.0, Sum:  0.0, Workers: 4
[647.390s][debug][gc,phases      ] GC(38)     Dead                           Min: 0, Avg:  0.0, Max: 0, Diff: 0, Sum: 0, Workers: 4
[647.390s][debug][gc,phases      ] GC(38)     Total                          Min: 0, Avg:  0.0, Max: 0, Diff: 0, Sum: 0, Workers: 4
[647.390s][debug][gc,phases      ] GC(38)   StringTable Weak               Min:  0.0, Avg:  0.1, Max:  0.1, Diff:  0.1, Sum:  0.3, Workers: 4
[647.390s][debug][gc,phases      ] GC(38)     Dead                           Min: 0, Avg:  0.0, Max: 0, Diff: 0, Sum: 0, Workers: 4
[647.390s][debug][gc,phases      ] GC(38)     Total                          Min: 0, Avg: 10514.5, Max: 16394, Diff: 16394, Sum: 42058, Workers: 4
[647.390s][debug][gc,phases      ] GC(38)   ResolvedMethodTable Weak       Min:  0.0, Avg:  0.0, Max:  0.0, Diff:  0.0, Sum:  0.1, Workers: 4
[647.390s][debug][gc,phases      ] GC(38)     Dead                           Min: 0, Avg:  0.0, Max: 0, Diff: 0, Sum: 0, Workers: 4
[647.390s][debug][gc,phases      ] GC(38)     Total                          Min: 0, Avg: 2038.0, Max: 3352, Diff: 3352, Sum: 8152, Workers: 4
[647.390s][debug][gc,phases      ] GC(38)   JNI Weak                       Min:  0.0, Avg:  0.0, Max:  0.0, Diff:  0.0, Sum:  0.0, Workers: 4
[647.390s][debug][gc,phases      ] GC(38)     Dead                           Min: 0, Avg:  0.0, Max: 0, Diff: 0, Sum: 0, Workers: 4
[647.390s][debug][gc,phases      ] GC(38)     Total                          Min: 0, Avg: 11.2, Max: 45, Diff: 45, Sum: 45, Workers: 4
[647.390s][debug][gc,phases      ] GC(38)   StringDedup Table Weak         Min:  0.0, Avg:  0.0, Max:  0.0, Diff:  0.0, Sum:  0.0, Workers: 4
[647.390s][debug][gc,phases      ] GC(38)     Dead                           Min: 0, Avg:  0.0, Max: 0, Diff: 0, Sum: 0, Workers: 4
[647.390s][debug][gc,phases      ] GC(38)     Total                          Min: 0, Avg:  0.0, Max: 0, Diff: 0, Sum: 0, Workers: 4
[647.390s][debug][gc,phases      ] GC(38)   StringDedup Requests0 Weak     Min:  0.0, Avg:  0.0, Max:  0.0, Diff:  0.0, Sum:  0.0, Workers: 4
[647.390s][debug][gc,phases      ] GC(38)     Dead                           Min: 0, Avg:  0.0, Max: 0, Diff: 0, Sum: 0, Workers: 4
[647.390s][debug][gc,phases      ] GC(38)     Total                          Min: 0, Avg:  0.0, Max: 0, Diff: 0, Sum: 0, Workers: 4
[647.390s][debug][gc,phases      ] GC(38)   StringDedup Requests1 Weak     Min:  0.0, Avg:  0.0, Max:  0.0, Diff:  0.0, Sum:  0.0, Workers: 4
[647.390s][debug][gc,phases      ] GC(38)     Dead                           Min: 0, Avg:  0.0, Max: 0, Diff: 0, Sum: 0, Workers: 4
[647.390s][debug][gc,phases      ] GC(38)     Total                          Min: 0, Avg:  0.0, Max: 0, Diff: 0, Sum: 0, Workers: 4
[647.390s][debug][gc,phases      ] GC(38)   Weak JFR Old Object Samples    Min:  0.0, Avg:  0.0, Max:  0.0, Diff:  0.0, Sum:  0.0, Workers: 4
[647.390s][debug][gc,phases      ] GC(38)     Dead                           Min: 0, Avg:  0.0, Max: 0, Diff: 0, Sum: 0, Workers: 4
[647.391s][debug][gc,phases      ] GC(38)     Total                          Min: 0, Avg:  0.0, Max: 0, Diff: 0, Sum: 0, Workers: 4
[647.391s][debug][gc,phases      ] GC(38) Weak Processing 0.315ms
[647.391s][debug][gc,age         ] GC(38) Desired survivor size 261095424 bytes, new threshold 15 (max threshold 15)
[647.391s][info ][gc,heap        ] GC(38) PSYoungGen: 1548448K(1829376K)->160K(1816064K) Eden: 1548288K(1548288K)->0K(1548288K) From: 160K(281088K)->160K(267776K)
[647.391s][info ][gc,heap        ] GC(38) ParOldGen: 220364K(363520K)->220364K(363520K)
[647.391s][info ][gc,metaspace   ] GC(38) Metaspace: 75837K(76736K)->75837K(76736K) NonClass: 64973K(65472K)->64973K(65472K) Class: 10863K(11264K)->10863K(11264K)
[647.391s][info ][gc             ] GC(38) Pause Young (Allocation Failure) 1727M->215M(2128M) 1.059ms
[647.391s][info ][gc,cpu         ] GC(38) User=0.00s Sys=0.00s Real=0.01s
[647.391s][info ][safepoint      ] Safepoint "ParallelGCFailedAllocation", Time since last: 15149540463 ns, Reaching safepoint: 93801 ns, At safepoint: 1141602 ns, Total: 1235403 ns
[673.391s][info ][gc,start       ] GC(39) Pause Young (Allocation Failure)
[673.392s][debug][gc,phases      ] GC(39) Scavenge 1.065ms
[673.392s][debug][gc,ref         ] GC(39) Skipped phase 1 of Reference Processing: no references
[673.392s][debug][gc,ref         ] GC(39) Skipped phase 2 of Reference Processing: no references
[673.392s][debug][gc,ref         ] GC(39) Skipped phase 3 of Reference Processing: no references
[673.392s][debug][gc,ref         ] GC(39) Skipped phase 4 of Reference Processing: no references
[673.392s][debug][gc,phases      ] GC(39) Reference Processing 0.020ms
[673.392s][debug][gc,phases      ] GC(39)   VM Weak                        Min:  0.0, Avg:  0.0, Max:  0.0, Diff:  0.0, Sum:  0.0, Workers: 4
[673.392s][debug][gc,phases      ] GC(39)     Dead                           Min: 0, Avg:  0.0, Max: 0, Diff: 0, Sum: 0, Workers: 4
[673.392s][debug][gc,phases      ] GC(39)     Total                          Min: 0, Avg: 164.0, Max: 656, Diff: 656, Sum: 656, Workers: 4
[673.392s][debug][gc,phases      ] GC(39)   ObjectSynchronizer Weak        Min:  0.0, Avg:  0.0, Max:  0.0, Diff:  0.0, Sum:  0.0, Workers: 4
[673.392s][debug][gc,phases      ] GC(39)     Dead                           Min: 0, Avg:  0.0, Max: 0, Diff: 0, Sum: 0, Workers: 4
[673.392s][debug][gc,phases      ] GC(39)     Total                          Min: 0, Avg:  7.2, Max: 29, Diff: 29, Sum: 29, Workers: 4
[673.392s][debug][gc,phases      ] GC(39)   JVMTI Tag Weak OopStorage      Min:  0.0, Avg:  0.0, Max:  0.0, Diff:  0.0, Sum:  0.0, Workers: 4
[673.392s][debug][gc,phases      ] GC(39)     Dead                           Min: 0, Avg:  0.0, Max: 0, Diff: 0, Sum: 0, Workers: 4
[673.392s][debug][gc,phases      ] GC(39)     Total                          Min: 0, Avg:  0.0, Max: 0, Diff: 0, Sum: 0, Workers: 4
[673.392s][debug][gc,phases      ] GC(39)   StringTable Weak               Min:  0.0, Avg:  0.1, Max:  0.1, Diff:  0.1, Sum:  0.3, Workers: 4
[673.392s][debug][gc,phases      ] GC(39)     Dead                           Min: 0, Avg:  0.0, Max: 0, Diff: 0, Sum: 0, Workers: 4
[673.392s][debug][gc,phases      ] GC(39)     Total                          Min: 0, Avg: 10514.5, Max: 17216, Diff: 17216, Sum: 42058, Workers: 4
[673.392s][debug][gc,phases      ] GC(39)   ResolvedMethodTable Weak       Min:  0.0, Avg:  0.0, Max:  0.0, Diff:  0.0, Sum:  0.1, Workers: 4
[673.392s][debug][gc,phases      ] GC(39)     Dead                           Min: 0, Avg:  0.0, Max: 0, Diff: 0, Sum: 0, Workers: 4
[673.392s][debug][gc,phases      ] GC(39)     Total                          Min: 0, Avg: 2038.0, Max: 3392, Diff: 3392, Sum: 8152, Workers: 4
[673.392s][debug][gc,phases      ] GC(39)   JNI Weak                       Min:  0.0, Avg:  0.0, Max:  0.0, Diff:  0.0, Sum:  0.0, Workers: 4
[673.392s][debug][gc,phases      ] GC(39)     Dead                           Min: 0, Avg:  0.0, Max: 0, Diff: 0, Sum: 0, Workers: 4
[673.392s][debug][gc,phases      ] GC(39)     Total                          Min: 0, Avg: 11.2, Max: 45, Diff: 45, Sum: 45, Workers: 4
[673.392s][debug][gc,phases      ] GC(39)   StringDedup Table Weak         Min:  0.0, Avg:  0.0, Max:  0.0, Diff:  0.0, Sum:  0.0, Workers: 4
[673.392s][debug][gc,phases      ] GC(39)     Dead                           Min: 0, Avg:  0.0, Max: 0, Diff: 0, Sum: 0, Workers: 4
[673.392s][debug][gc,phases      ] GC(39)     Total                          Min: 0, Avg:  0.0, Max: 0, Diff: 0, Sum: 0, Workers: 4
[673.392s][debug][gc,phases      ] GC(39)   StringDedup Requests0 Weak     Min:  0.0, Avg:  0.0, Max:  0.0, Diff:  0.0, Sum:  0.0, Workers: 4
[673.392s][debug][gc,phases      ] GC(39)     Dead                           Min: 0, Avg:  0.0, Max: 0, Diff: 0, Sum: 0, Workers: 4
[673.392s][debug][gc,phases      ] GC(39)     Total                          Min: 0, Avg:  0.0, Max: 0, Diff: 0, Sum: 0, Workers: 4
[673.392s][debug][gc,phases      ] GC(39)   StringDedup Requests1 Weak     Min:  0.0, Avg:  0.0, Max:  0.0, Diff:  0.0, Sum:  0.0, Workers: 4
[673.392s][debug][gc,phases      ] GC(39)     Dead                           Min: 0, Avg:  0.0, Max: 0, Diff: 0, Sum: 0, Workers: 4
[673.392s][debug][gc,phases      ] GC(39)     Total                          Min: 0, Avg:  0.0, Max: 0, Diff: 0, Sum: 0, Workers: 4
[673.392s][debug][gc,phases      ] GC(39)   Weak JFR Old Object Samples    Min:  0.0, Avg:  0.0, Max:  0.0, Diff:  0.0, Sum:  0.0, Workers: 4
[673.392s][debug][gc,phases      ] GC(39)     Dead                           Min: 0, Avg:  0.0, Max: 0, Diff: 0, Sum: 0, Workers: 4
[673.392s][debug][gc,phases      ] GC(39)     Total                          Min: 0, Avg:  0.0, Max: 0, Diff: 0, Sum: 0, Workers: 4
[673.392s][debug][gc,phases      ] GC(39) Weak Processing 0.293ms
[673.392s][debug][gc,age         ] GC(39) Desired survivor size 247463936 bytes, new threshold 15 (max threshold 15)
[673.392s][info ][gc,heap        ] GC(39) PSYoungGen: 1548448K(1816064K)->160K(1855488K) Eden: 1548288K(1548288K)->0K(1600512K) From: 160K(267776K)->160K(254976K)
[673.392s][info ][gc,heap        ] GC(39) ParOldGen: 220364K(363520K)->220364K(363520K)
[673.392s][info ][gc,metaspace   ] GC(39) Metaspace: 75837K(76736K)->75837K(76736K) NonClass: 64973K(65472K)->64973K(65472K) Class: 10863K(11264K)->10863K(11264K)
[673.392s][info ][gc             ] GC(39) Pause Young (Allocation Failure) 1727M->215M(2167M) 1.483ms
[673.392s][info ][gc,cpu         ] GC(39) User=0.01s Sys=0.00s Real=0.00s
[673.392s][info ][safepoint      ] Safepoint "ParallelGCFailedAllocation", Time since last: 26000325253 ns, Reaching safepoint: 20200 ns, At safepoint: 1541802 ns, Total: 1562002 ns
[694.394s][info ][safepoint      ] Safepoint "Cleanup", Time since last: 21001290255 ns, Reaching safepoint: 50801 ns, At safepoint: 4900 ns, Total: 55701 ns
[700.390s][info ][gc,start       ] GC(40) Pause Young (Allocation Failure)
[700.391s][debug][gc,phases      ] GC(40) Scavenge 0.915ms
[700.391s][debug][gc,ref         ] GC(40) Skipped phase 1 of Reference Processing: no references
[700.391s][debug][gc,ref         ] GC(40) Skipped phase 2 of Reference Processing: no references
[700.391s][debug][gc,ref         ] GC(40) Skipped phase 3 of Reference Processing: no references
[700.391s][debug][gc,ref         ] GC(40) Skipped phase 4 of Reference Processing: no references
[700.391s][debug][gc,phases      ] GC(40) Reference Processing 0.019ms
[700.391s][debug][gc,phases      ] GC(40)   VM Weak                        Min:  0.0, Avg:  0.0, Max:  0.0, Diff:  0.0, Sum:  0.0, Workers: 4
[700.391s][debug][gc,phases      ] GC(40)     Dead                           Min: 0, Avg:  0.0, Max: 0, Diff: 0, Sum: 0, Workers: 4
[700.391s][debug][gc,phases      ] GC(40)     Total                          Min: 0, Avg: 164.0, Max: 336, Diff: 336, Sum: 656, Workers: 4
[700.391s][debug][gc,phases      ] GC(40)   ObjectSynchronizer Weak        Min:  0.0, Avg:  0.0, Max:  0.0, Diff:  0.0, Sum:  0.0, Workers: 4
[700.391s][debug][gc,phases      ] GC(40)     Dead                           Min: 0, Avg:  0.0, Max: 0, Diff: 0, Sum: 0, Workers: 4
[700.391s][debug][gc,phases      ] GC(40)     Total                          Min: 0, Avg:  7.2, Max: 29, Diff: 29, Sum: 29, Workers: 4
[700.391s][debug][gc,phases      ] GC(40)   JVMTI Tag Weak OopStorage      Min:  0.0, Avg:  0.0, Max:  0.0, Diff:  0.0, Sum:  0.0, Workers: 4
[700.391s][debug][gc,phases      ] GC(40)     Dead                           Min: 0, Avg:  0.0, Max: 0, Diff: 0, Sum: 0, Workers: 4
[700.391s][debug][gc,phases      ] GC(40)     Total                          Min: 0, Avg:  0.0, Max: 0, Diff: 0, Sum: 0, Workers: 4
[700.391s][debug][gc,phases      ] GC(40)   StringTable Weak               Min:  0.1, Avg:  0.1, Max:  0.1, Diff:  0.0, Sum:  0.4, Workers: 4
[700.391s][debug][gc,phases      ] GC(40)     Dead                           Min: 0, Avg:  0.0, Max: 0, Diff: 0, Sum: 0, Workers: 4
[700.391s][debug][gc,phases      ] GC(40)     Total                          Min: 9472, Avg: 10515.0, Max: 11404, Diff: 1932, Sum: 42060, Workers: 4
[700.391s][debug][gc,phases      ] GC(40)   ResolvedMethodTable Weak       Min:  0.0, Avg:  0.0, Max:  0.0, Diff:  0.0, Sum:  0.1, Workers: 4
[700.391s][debug][gc,phases      ] GC(40)     Dead                           Min: 0, Avg:  0.0, Max: 0, Diff: 0, Sum: 0, Workers: 4
[700.391s][debug][gc,phases      ] GC(40)     Total                          Min: 1984, Avg: 2038.0, Max: 2112, Diff: 128, Sum: 8152, Workers: 4
[700.391s][debug][gc,phases      ] GC(40)   JNI Weak                       Min:  0.0, Avg:  0.0, Max:  0.0, Diff:  0.0, Sum:  0.0, Workers: 4
[700.391s][debug][gc,phases      ] GC(40)     Dead                           Min: 0, Avg:  0.0, Max: 0, Diff: 0, Sum: 0, Workers: 4
[700.391s][debug][gc,phases      ] GC(40)     Total                          Min: 0, Avg: 11.2, Max: 45, Diff: 45, Sum: 45, Workers: 4
[700.391s][debug][gc,phases      ] GC(40)   StringDedup Table Weak         Min:  0.0, Avg:  0.0, Max:  0.0, Diff:  0.0, Sum:  0.0, Workers: 4
[700.391s][debug][gc,phases      ] GC(40)     Dead                           Min: 0, Avg:  0.0, Max: 0, Diff: 0, Sum: 0, Workers: 4
[700.391s][debug][gc,phases      ] GC(40)     Total                          Min: 0, Avg:  0.0, Max: 0, Diff: 0, Sum: 0, Workers: 4
[700.391s][debug][gc,phases      ] GC(40)   StringDedup Requests0 Weak     Min:  0.0, Avg:  0.0, Max:  0.0, Diff:  0.0, Sum:  0.0, Workers: 4
[700.391s][debug][gc,phases      ] GC(40)     Dead                           Min: 0, Avg:  0.0, Max: 0, Diff: 0, Sum: 0, Workers: 4
[700.391s][debug][gc,phases      ] GC(40)     Total                          Min: 0, Avg:  0.0, Max: 0, Diff: 0, Sum: 0, Workers: 4
[700.391s][debug][gc,phases      ] GC(40)   StringDedup Requests1 Weak     Min:  0.0, Avg:  0.0, Max:  0.0, Diff:  0.0, Sum:  0.0, Workers: 4
[700.391s][debug][gc,phases      ] GC(40)     Dead                           Min: 0, Avg:  0.0, Max: 0, Diff: 0, Sum: 0, Workers: 4
[700.391s][debug][gc,phases      ] GC(40)     Total                          Min: 0, Avg:  0.0, Max: 0, Diff: 0, Sum: 0, Workers: 4
[700.391s][debug][gc,phases      ] GC(40)   Weak JFR Old Object Samples    Min:  0.0, Avg:  0.0, Max:  0.0, Diff:  0.0, Sum:  0.0, Workers: 4
[700.391s][debug][gc,phases      ] GC(40)     Dead                           Min: 0, Avg:  0.0, Max: 0, Diff: 0, Sum: 0, Workers: 4
[700.391s][debug][gc,phases      ] GC(40)     Total                          Min: 0, Avg:  0.0, Max: 0, Diff: 0, Sum: 0, Workers: 4
[700.391s][debug][gc,phases      ] GC(40) Weak Processing 0.272ms
[700.391s][debug][gc,age         ] GC(40) Desired survivor size 233832448 bytes, new threshold 15 (max threshold 15)
[700.391s][info ][gc,heap        ] GC(40) PSYoungGen: 1600672K(1855488K)->160K(1842176K) Eden: 1600512K(1600512K)->0K(1600512K) From: 160K(254976K)->160K(241664K)
[700.391s][info ][gc,heap        ] GC(40) ParOldGen: 220364K(363520K)->220364K(363520K)
[700.391s][info ][gc,metaspace   ] GC(40) Metaspace: 75837K(76736K)->75837K(76736K) NonClass: 64973K(65472K)->64973K(65472K) Class: 10863K(11264K)->10863K(11264K)
[700.391s][info ][gc             ] GC(40) Pause Young (Allocation Failure) 1778M->215M(2154M) 1.310ms
[700.391s][info ][gc,cpu         ] GC(40) User=0.00s Sys=0.00s Real=0.01s
[700.391s][info ][safepoint      ] Safepoint "ParallelGCFailedAllocation", Time since last: 5995802064 ns, Reaching safepoint: 98100 ns, At safepoint: 1368902 ns, Total: 1467002 ns
[708.392s][info ][safepoint      ] Safepoint "Cleanup", Time since last: 8000517111 ns, Reaching safepoint: 32100 ns, At safepoint: 3100 ns, Total: 35200 ns
[722.392s][info ][safepoint      ] Safepoint "Cleanup", Time since last: 14000827983 ns, Reaching safepoint: 35500 ns, At safepoint: 2800 ns, Total: 38300 ns
[727.390s][info ][gc,start       ] GC(41) Pause Young (Allocation Failure)
[727.391s][debug][gc,phases      ] GC(41) Scavenge 1.027ms
[727.391s][debug][gc,ref         ] GC(41) Skipped phase 1 of Reference Processing: no references
[727.391s][debug][gc,ref         ] GC(41) Skipped phase 2 of Reference Processing: no references
[727.391s][debug][gc,ref         ] GC(41) Skipped phase 3 of Reference Processing: no references
[727.391s][debug][gc,ref         ] GC(41) Skipped phase 4 of Reference Processing: no references
[727.391s][debug][gc,phases      ] GC(41) Reference Processing 0.019ms
[727.391s][debug][gc,phases      ] GC(41)   VM Weak                        Min:  0.0, Avg:  0.0, Max:  0.0, Diff:  0.0, Sum:  0.0, Workers: 4
[727.391s][debug][gc,phases      ] GC(41)     Dead                           Min: 0, Avg:  0.0, Max: 0, Diff: 0, Sum: 0, Workers: 4
[727.391s][debug][gc,phases      ] GC(41)     Total                          Min: 0, Avg: 164.0, Max: 656, Diff: 656, Sum: 656, Workers: 4
[727.391s][debug][gc,phases      ] GC(41)   ObjectSynchronizer Weak        Min:  0.0, Avg:  0.0, Max:  0.0, Diff:  0.0, Sum:  0.0, Workers: 4
[727.391s][debug][gc,phases      ] GC(41)     Dead                           Min: 0, Avg:  0.0, Max: 0, Diff: 0, Sum: 0, Workers: 4
[727.391s][debug][gc,phases      ] GC(41)     Total                          Min: 0, Avg:  7.2, Max: 29, Diff: 29, Sum: 29, Workers: 4
[727.391s][debug][gc,phases      ] GC(41)   JVMTI Tag Weak OopStorage      Min:  0.0, Avg:  0.0, Max:  0.0, Diff:  0.0, Sum:  0.0, Workers: 4
[727.391s][debug][gc,phases      ] GC(41)     Dead                           Min: 0, Avg:  0.0, Max: 0, Diff: 0, Sum: 0, Workers: 4
[727.391s][debug][gc,phases      ] GC(41)     Total                          Min: 0, Avg:  0.0, Max: 0, Diff: 0, Sum: 0, Workers: 4
[727.391s][debug][gc,phases      ] GC(41)   StringTable Weak               Min:  0.0, Avg:  0.1, Max:  0.1, Diff:  0.1, Sum:  0.3, Workers: 4
[727.391s][debug][gc,phases      ] GC(41)     Dead                           Min: 0, Avg:  0.0, Max: 0, Diff: 0, Sum: 0, Workers: 4
[727.391s][debug][gc,phases      ] GC(41)     Total                          Min: 0, Avg: 10515.0, Max: 17676, Diff: 17676, Sum: 42060, Workers: 4
[727.391s][debug][gc,phases      ] GC(41)   ResolvedMethodTable Weak       Min:  0.0, Avg:  0.0, Max:  0.0, Diff:  0.0, Sum:  0.1, Workers: 4
[727.391s][debug][gc,phases      ] GC(41)     Dead                           Min: 0, Avg:  0.0, Max: 0, Diff: 0, Sum: 0, Workers: 4
[727.391s][debug][gc,phases      ] GC(41)     Total                          Min: 0, Avg: 2038.0, Max: 3480, Diff: 3480, Sum: 8152, Workers: 4
[727.391s][debug][gc,phases      ] GC(41)   JNI Weak                       Min:  0.0, Avg:  0.0, Max:  0.0, Diff:  0.0, Sum:  0.0, Workers: 4
[727.391s][debug][gc,phases      ] GC(41)     Dead                           Min: 0, Avg:  0.0, Max: 0, Diff: 0, Sum: 0, Workers: 4
[727.391s][debug][gc,phases      ] GC(41)     Total                          Min: 0, Avg: 11.2, Max: 45, Diff: 45, Sum: 45, Workers: 4
[727.391s][debug][gc,phases      ] GC(41)   StringDedup Table Weak         Min:  0.0, Avg:  0.0, Max:  0.0, Diff:  0.0, Sum:  0.0, Workers: 4
[727.391s][debug][gc,phases      ] GC(41)     Dead                           Min: 0, Avg:  0.0, Max: 0, Diff: 0, Sum: 0, Workers: 4
[727.391s][debug][gc,phases      ] GC(41)     Total                          Min: 0, Avg:  0.0, Max: 0, Diff: 0, Sum: 0, Workers: 4
[727.391s][debug][gc,phases      ] GC(41)   StringDedup Requests0 Weak     Min:  0.0, Avg:  0.0, Max:  0.0, Diff:  0.0, Sum:  0.0, Workers: 4
[727.391s][debug][gc,phases      ] GC(41)     Dead                           Min: 0, Avg:  0.0, Max: 0, Diff: 0, Sum: 0, Workers: 4
[727.391s][debug][gc,phases      ] GC(41)     Total                          Min: 0, Avg:  0.0, Max: 0, Diff: 0, Sum: 0, Workers: 4
[727.391s][debug][gc,phases      ] GC(41)   StringDedup Requests1 Weak     Min:  0.0, Avg:  0.0, Max:  0.0, Diff:  0.0, Sum:  0.0, Workers: 4
[727.391s][debug][gc,phases      ] GC(41)     Dead                           Min: 0, Avg:  0.0, Max: 0, Diff: 0, Sum: 0, Workers: 4
[727.391s][debug][gc,phases      ] GC(41)     Total                          Min: 0, Avg:  0.0, Max: 0, Diff: 0, Sum: 0, Workers: 4
[727.391s][debug][gc,phases      ] GC(41)   Weak JFR Old Object Samples    Min:  0.0, Avg:  0.0, Max:  0.0, Diff:  0.0, Sum:  0.0, Workers: 4
[727.391s][debug][gc,phases      ] GC(41)     Dead                           Min: 0, Avg:  0.0, Max: 0, Diff: 0, Sum: 0, Workers: 4
[727.391s][debug][gc,phases      ] GC(41)     Total                          Min: 0, Avg:  0.0, Max: 0, Diff: 0, Sum: 0, Workers: 4
[727.392s][debug][gc,phases      ] GC(41) Weak Processing 0.291ms
[727.392s][debug][gc,age         ] GC(41) Desired survivor size 220725248 bytes, new threshold 15 (max threshold 15)
[727.392s][info ][gc,heap        ] GC(41) PSYoungGen: 1600672K(1842176K)->160K(1881600K) Eden: 1600512K(1600512K)->0K(1653248K) From: 160K(241664K)->160K(228352K)
[727.392s][info ][gc,heap        ] GC(41) ParOldGen: 220364K(363520K)->220364K(363520K)
[727.392s][info ][gc,metaspace   ] GC(41) Metaspace: 75838K(76736K)->75838K(76736K) NonClass: 64974K(65472K)->64974K(65472K) Class: 10863K(11264K)->10863K(11264K)
[727.392s][info ][gc             ] GC(41) Pause Young (Allocation Failure) 1778M->215M(2192M) 1.429ms
[727.392s][info ][gc,cpu         ] GC(41) User=0.00s Sys=0.00s Real=0.00s
[727.392s][info ][safepoint      ] Safepoint "ParallelGCFailedAllocation", Time since last: 4997481006 ns, Reaching safepoint: 90900 ns, At safepoint: 1496202 ns, Total: 1587102 ns
[755.389s][info ][gc,start       ] GC(42) Pause Young (Allocation Failure)
[755.389s][debug][gc,phases      ] GC(42) Scavenge 0.649ms
[755.389s][debug][gc,ref         ] GC(42) Skipped phase 1 of Reference Processing: no references
[755.389s][debug][gc,ref         ] GC(42) Skipped phase 2 of Reference Processing: no references
[755.389s][debug][gc,ref         ] GC(42) Skipped phase 3 of Reference Processing: no references
[755.389s][debug][gc,ref         ] GC(42) Skipped phase 4 of Reference Processing: no references
[755.389s][debug][gc,phases      ] GC(42) Reference Processing 0.018ms
[755.390s][debug][gc,phases      ] GC(42)   VM Weak                        Min:  0.0, Avg:  0.0, Max:  0.0, Diff:  0.0, Sum:  0.0, Workers: 4
[755.390s][debug][gc,phases      ] GC(42)     Dead                           Min: 0, Avg:  0.0, Max: 0, Diff: 0, Sum: 0, Workers: 4
[755.390s][debug][gc,phases      ] GC(42)     Total                          Min: 0, Avg: 164.0, Max: 384, Diff: 384, Sum: 656, Workers: 4
[755.390s][debug][gc,phases      ] GC(42)   ObjectSynchronizer Weak        Min:  0.0, Avg:  0.0, Max:  0.0, Diff:  0.0, Sum:  0.0, Workers: 4
[755.390s][debug][gc,phases      ] GC(42)     Dead                           Min: 0, Avg:  0.0, Max: 0, Diff: 0, Sum: 0, Workers: 4
[755.390s][debug][gc,phases      ] GC(42)     Total                          Min: 0, Avg:  7.2, Max: 29, Diff: 29, Sum: 29, Workers: 4
[755.390s][debug][gc,phases      ] GC(42)   JVMTI Tag Weak OopStorage      Min:  0.0, Avg:  0.0, Max:  0.0, Diff:  0.0, Sum:  0.0, Workers: 4
[755.390s][debug][gc,phases      ] GC(42)     Dead                           Min: 0, Avg:  0.0, Max: 0, Diff: 0, Sum: 0, Workers: 4
[755.390s][debug][gc,phases      ] GC(42)     Total                          Min: 0, Avg:  0.0, Max: 0, Diff: 0, Sum: 0, Workers: 4
[755.390s][debug][gc,phases      ] GC(42)   StringTable Weak               Min:  0.1, Avg:  0.1, Max:  0.1, Diff:  0.0, Sum:  0.4, Workers: 4
[755.390s][debug][gc,phases      ] GC(42)     Dead                           Min: 0, Avg:  0.0, Max: 0, Diff: 0, Sum: 0, Workers: 4
[755.390s][debug][gc,phases      ] GC(42)     Total                          Min: 10252, Avg: 10515.0, Max: 10752, Diff: 500, Sum: 42060, Workers: 4
[755.390s][debug][gc,phases      ] GC(42)   ResolvedMethodTable Weak       Min:  0.0, Avg:  0.0, Max:  0.0, Diff:  0.0, Sum:  0.1, Workers: 4
[755.390s][debug][gc,phases      ] GC(42)     Dead                           Min: 0, Avg:  0.0, Max: 0, Diff: 0, Sum: 0, Workers: 4
[755.390s][debug][gc,phases      ] GC(42)     Total                          Min: 1920, Avg: 2038.0, Max: 2240, Diff: 320, Sum: 8152, Workers: 4
[755.390s][debug][gc,phases      ] GC(42)   JNI Weak                       Min:  0.0, Avg:  0.0, Max:  0.0, Diff:  0.0, Sum:  0.0, Workers: 4
[755.390s][debug][gc,phases      ] GC(42)     Dead                           Min: 0, Avg:  0.0, Max: 0, Diff: 0, Sum: 0, Workers: 4
[755.390s][debug][gc,phases      ] GC(42)     Total                          Min: 0, Avg: 11.2, Max: 45, Diff: 45, Sum: 45, Workers: 4
[755.390s][debug][gc,phases      ] GC(42)   StringDedup Table Weak         Min:  0.0, Avg:  0.0, Max:  0.0, Diff:  0.0, Sum:  0.0, Workers: 4
[755.390s][debug][gc,phases      ] GC(42)     Dead                           Min: 0, Avg:  0.0, Max: 0, Diff: 0, Sum: 0, Workers: 4
[755.390s][debug][gc,phases      ] GC(42)     Total                          Min: 0, Avg:  0.0, Max: 0, Diff: 0, Sum: 0, Workers: 4
[755.390s][debug][gc,phases      ] GC(42)   StringDedup Requests0 Weak     Min:  0.0, Avg:  0.0, Max:  0.0, Diff:  0.0, Sum:  0.0, Workers: 4
[755.390s][debug][gc,phases      ] GC(42)     Dead                           Min: 0, Avg:  0.0, Max: 0, Diff: 0, Sum: 0, Workers: 4
[755.390s][debug][gc,phases      ] GC(42)     Total                          Min: 0, Avg:  0.0, Max: 0, Diff: 0, Sum: 0, Workers: 4
[755.390s][debug][gc,phases      ] GC(42)   StringDedup Requests1 Weak     Min:  0.0, Avg:  0.0, Max:  0.0, Diff:  0.0, Sum:  0.0, Workers: 4
[755.390s][debug][gc,phases      ] GC(42)     Dead                           Min: 0, Avg:  0.0, Max: 0, Diff: 0, Sum: 0, Workers: 4
[755.390s][debug][gc,phases      ] GC(42)     Total                          Min: 0, Avg:  0.0, Max: 0, Diff: 0, Sum: 0, Workers: 4
[755.390s][debug][gc,phases      ] GC(42)   Weak JFR Old Object Samples    Min:  0.0, Avg:  0.0, Max:  0.0, Diff:  0.0, Sum:  0.0, Workers: 4
[755.390s][debug][gc,phases      ] GC(42)     Dead                           Min: 0, Avg:  0.0, Max: 0, Diff: 0, Sum: 0, Workers: 4
[755.390s][debug][gc,phases      ] GC(42)     Total                          Min: 0, Avg:  0.0, Max: 0, Diff: 0, Sum: 0, Workers: 4
[755.390s][debug][gc,phases      ] GC(42) Weak Processing 0.259ms
[755.390s][debug][gc,age         ] GC(42) Desired survivor size 207618048 bytes, new threshold 15 (max threshold 15)
[755.390s][info ][gc,heap        ] GC(42) PSYoungGen: 1653408K(1881600K)->128K(1868800K) Eden: 1653248K(1653248K)->0K(1653248K) From: 160K(228352K)->128K(215552K)
[755.390s][info ][gc,heap        ] GC(42) ParOldGen: 220364K(363520K)->220428K(363520K)
[755.390s][info ][gc,metaspace   ] GC(42) Metaspace: 75838K(76736K)->75838K(76736K) NonClass: 64974K(65472K)->64974K(65472K) Class: 10863K(11264K)->10863K(11264K)
[755.390s][info ][gc             ] GC(42) Pause Young (Allocation Failure) 1829M->215M(2180M) 0.997ms
[755.390s][info ][gc,cpu         ] GC(42) User=0.01s Sys=0.00s Real=0.00s
[755.390s][info ][safepoint      ] Safepoint "ParallelGCFailedAllocation", Time since last: 27997088089 ns, Reaching safepoint: 23200 ns, At safepoint: 1067201 ns, Total: 1090401 ns
[783.339s][info ][gc,start       ] GC(43) Pause Young (Allocation Failure)
[783.340s][debug][gc,phases      ] GC(43) Scavenge 0.627ms
[783.340s][debug][gc,ref         ] GC(43) Skipped phase 1 of Reference Processing: no references
[783.340s][debug][gc,ref         ] GC(43) Skipped phase 2 of Reference Processing: no references
[783.340s][debug][gc,ref         ] GC(43) Skipped phase 3 of Reference Processing: no references
[783.340s][debug][gc,ref         ] GC(43) Skipped phase 4 of Reference Processing: no references
[783.340s][debug][gc,phases      ] GC(43) Reference Processing 0.019ms
[783.340s][debug][gc,phases      ] GC(43)   VM Weak                        Min:  0.0, Avg:  0.0, Max:  0.0, Diff:  0.0, Sum:  0.0, Workers: 4
[783.340s][debug][gc,phases      ] GC(43)     Dead                           Min: 0, Avg:  0.0, Max: 0, Diff: 0, Sum: 0, Workers: 4
[783.340s][debug][gc,phases      ] GC(43)     Total                          Min: 0, Avg: 164.0, Max: 400, Diff: 400, Sum: 656, Workers: 4
[783.340s][debug][gc,phases      ] GC(43)   ObjectSynchronizer Weak        Min:  0.0, Avg:  0.0, Max:  0.0, Diff:  0.0, Sum:  0.0, Workers: 4
[783.340s][debug][gc,phases      ] GC(43)     Dead                           Min: 0, Avg:  0.0, Max: 0, Diff: 0, Sum: 0, Workers: 4
[783.340s][debug][gc,phases      ] GC(43)     Total                          Min: 0, Avg:  7.2, Max: 29, Diff: 29, Sum: 29, Workers: 4
[783.340s][debug][gc,phases      ] GC(43)   JVMTI Tag Weak OopStorage      Min:  0.0, Avg:  0.0, Max:  0.0, Diff:  0.0, Sum:  0.0, Workers: 4
[783.340s][debug][gc,phases      ] GC(43)     Dead                           Min: 0, Avg:  0.0, Max: 0, Diff: 0, Sum: 0, Workers: 4
[783.340s][debug][gc,phases      ] GC(43)     Total                          Min: 0, Avg:  0.0, Max: 0, Diff: 0, Sum: 0, Workers: 4
[783.340s][debug][gc,phases      ] GC(43)   StringTable Weak               Min:  0.0, Avg:  0.1, Max:  0.1, Diff:  0.1, Sum:  0.3, Workers: 4
[783.340s][debug][gc,phases      ] GC(43)     Dead                           Min: 0, Avg:  0.0, Max: 0, Diff: 0, Sum: 0, Workers: 4
[783.340s][debug][gc,phases      ] GC(43)     Total                          Min: 0, Avg: 10515.0, Max: 18508, Diff: 18508, Sum: 42060, Workers: 4
[783.340s][debug][gc,phases      ] GC(43)   ResolvedMethodTable Weak       Min:  0.0, Avg:  0.0, Max:  0.0, Diff:  0.0, Sum:  0.1, Workers: 4
[783.340s][debug][gc,phases      ] GC(43)     Dead                           Min: 0, Avg:  0.0, Max: 0, Diff: 0, Sum: 0, Workers: 4
[783.340s][debug][gc,phases      ] GC(43)     Total                          Min: 0, Avg: 2038.0, Max: 3352, Diff: 3352, Sum: 8152, Workers: 4
[783.340s][debug][gc,phases      ] GC(43)   JNI Weak                       Min:  0.0, Avg:  0.0, Max:  0.0, Diff:  0.0, Sum:  0.0, Workers: 4
[783.340s][debug][gc,phases      ] GC(43)     Dead                           Min: 0, Avg:  0.0, Max: 0, Diff: 0, Sum: 0, Workers: 4
[783.340s][debug][gc,phases      ] GC(43)     Total                          Min: 0, Avg: 11.2, Max: 45, Diff: 45, Sum: 45, Workers: 4
[783.340s][debug][gc,phases      ] GC(43)   StringDedup Table Weak         Min:  0.0, Avg:  0.0, Max:  0.0, Diff:  0.0, Sum:  0.0, Workers: 4
[783.340s][debug][gc,phases      ] GC(43)     Dead                           Min: 0, Avg:  0.0, Max: 0, Diff: 0, Sum: 0, Workers: 4
[783.340s][debug][gc,phases      ] GC(43)     Total                          Min: 0, Avg:  0.0, Max: 0, Diff: 0, Sum: 0, Workers: 4
[783.340s][debug][gc,phases      ] GC(43)   StringDedup Requests0 Weak     Min:  0.0, Avg:  0.0, Max:  0.0, Diff:  0.0, Sum:  0.0, Workers: 4
[783.340s][debug][gc,phases      ] GC(43)     Dead                           Min: 0, Avg:  0.0, Max: 0, Diff: 0, Sum: 0, Workers: 4
[783.340s][debug][gc,phases      ] GC(43)     Total                          Min: 0, Avg:  0.0, Max: 0, Diff: 0, Sum: 0, Workers: 4
[783.340s][debug][gc,phases      ] GC(43)   StringDedup Requests1 Weak     Min:  0.0, Avg:  0.0, Max:  0.0, Diff:  0.0, Sum:  0.0, Workers: 4
[783.340s][debug][gc,phases      ] GC(43)     Dead                           Min: 0, Avg:  0.0, Max: 0, Diff: 0, Sum: 0, Workers: 4
[783.340s][debug][gc,phases      ] GC(43)     Total                          Min: 0, Avg:  0.0, Max: 0, Diff: 0, Sum: 0, Workers: 4
[783.340s][debug][gc,phases      ] GC(43)   Weak JFR Old Object Samples    Min:  0.0, Avg:  0.0, Max:  0.0, Diff:  0.0, Sum:  0.0, Workers: 4
[783.340s][debug][gc,phases      ] GC(43)     Dead                           Min: 0, Avg:  0.0, Max: 0, Diff: 0, Sum: 0, Workers: 4
[783.340s][debug][gc,phases      ] GC(43)     Total                          Min: 0, Avg:  0.0, Max: 0, Diff: 0, Sum: 0, Workers: 4
[783.340s][debug][gc,phases      ] GC(43) Weak Processing 0.289ms
[783.340s][debug][gc,age         ] GC(43) Desired survivor size 195559424 bytes, new threshold 15 (max threshold 15)
[783.340s][info ][gc,heap        ] GC(43) PSYoungGen: 1653376K(1868800K)->128K(1906176K) Eden: 1653248K(1653248K)->0K(1703424K) From: 128K(215552K)->128K(202752K)
[783.340s][info ][gc,heap        ] GC(43) ParOldGen: 220428K(363520K)->220436K(363520K)
[783.340s][info ][gc,metaspace   ] GC(43) Metaspace: 75838K(76736K)->75838K(76736K) NonClass: 64974K(65472K)->64974K(65472K) Class: 10863K(11264K)->10863K(11264K)
[783.340s][info ][gc             ] GC(43) Pause Young (Allocation Failure) 1829M->215M(2216M) 1.044ms
[783.340s][info ][gc,cpu         ] GC(43) User=0.01s Sys=0.00s Real=0.00s
[783.340s][info ][safepoint      ] Safepoint "ParallelGCFailedAllocation", Time since last: 27949385367 ns, Reaching safepoint: 34300 ns, At safepoint: 1099901 ns, Total: 1134201 ns
[785.340s][info ][safepoint      ] Safepoint "Cleanup", Time since last: 2000149825 ns, Reaching safepoint: 39100 ns, At safepoint: 2900 ns, Total: 42000 ns
[812.188s][info ][gc,start       ] GC(44) Pause Young (Allocation Failure)
[812.189s][debug][gc,phases      ] GC(44) Scavenge 0.934ms
[812.189s][debug][gc,ref         ] GC(44) Skipped phase 1 of Reference Processing: no references
[812.189s][debug][gc,ref         ] GC(44) Skipped phase 2 of Reference Processing: no references
[812.189s][debug][gc,ref         ] GC(44) Skipped phase 3 of Reference Processing: no references
[812.189s][debug][gc,ref         ] GC(44) Skipped phase 4 of Reference Processing: no references
[812.189s][debug][gc,phases      ] GC(44) Reference Processing 0.019ms
[812.189s][debug][gc,phases      ] GC(44)   VM Weak                        Min:  0.0, Avg:  0.0, Max:  0.0, Diff:  0.0, Sum:  0.0, Workers: 4
[812.189s][debug][gc,phases      ] GC(44)     Dead                           Min: 0, Avg:  0.0, Max: 0, Diff: 0, Sum: 0, Workers: 4
[812.189s][debug][gc,phases      ] GC(44)     Total                          Min: 0, Avg: 164.0, Max: 384, Diff: 384, Sum: 656, Workers: 4
[812.189s][debug][gc,phases      ] GC(44)   ObjectSynchronizer Weak        Min:  0.0, Avg:  0.0, Max:  0.0, Diff:  0.0, Sum:  0.0, Workers: 4
[812.189s][debug][gc,phases      ] GC(44)     Dead                           Min: 0, Avg:  0.0, Max: 0, Diff: 0, Sum: 0, Workers: 4
[812.189s][debug][gc,phases      ] GC(44)     Total                          Min: 0, Avg:  7.2, Max: 29, Diff: 29, Sum: 29, Workers: 4
[812.189s][debug][gc,phases      ] GC(44)   JVMTI Tag Weak OopStorage      Min:  0.0, Avg:  0.0, Max:  0.0, Diff:  0.0, Sum:  0.0, Workers: 4
[812.189s][debug][gc,phases      ] GC(44)     Dead                           Min: 0, Avg:  0.0, Max: 0, Diff: 0, Sum: 0, Workers: 4
[812.190s][debug][gc,phases      ] GC(44)     Total                          Min: 0, Avg:  0.0, Max: 0, Diff: 0, Sum: 0, Workers: 4
[812.190s][debug][gc,phases      ] GC(44)   StringTable Weak               Min:  0.0, Avg:  0.1, Max:  0.1, Diff:  0.1, Sum:  0.3, Workers: 4
[812.190s][debug][gc,phases      ] GC(44)     Dead                           Min: 0, Avg:  0.0, Max: 0, Diff: 0, Sum: 0, Workers: 4
[812.190s][debug][gc,phases      ] GC(44)     Total                          Min: 0, Avg: 10515.0, Max: 18380, Diff: 18380, Sum: 42060, Workers: 4
[812.190s][debug][gc,phases      ] GC(44)   ResolvedMethodTable Weak       Min:  0.0, Avg:  0.0, Max:  0.0, Diff:  0.0, Sum:  0.1, Workers: 4
[812.190s][debug][gc,phases      ] GC(44)     Dead                           Min: 0, Avg:  0.0, Max: 0, Diff: 0, Sum: 0, Workers: 4
[812.190s][debug][gc,phases      ] GC(44)     Total                          Min: 0, Avg: 2038.0, Max: 3456, Diff: 3456, Sum: 8152, Workers: 4
[812.190s][debug][gc,phases      ] GC(44)   JNI Weak                       Min:  0.0, Avg:  0.0, Max:  0.0, Diff:  0.0, Sum:  0.0, Workers: 4
[812.190s][debug][gc,phases      ] GC(44)     Dead                           Min: 0, Avg:  0.0, Max: 0, Diff: 0, Sum: 0, Workers: 4
[812.190s][debug][gc,phases      ] GC(44)     Total                          Min: 0, Avg: 11.2, Max: 45, Diff: 45, Sum: 45, Workers: 4
[812.190s][debug][gc,phases      ] GC(44)   StringDedup Table Weak         Min:  0.0, Avg:  0.0, Max:  0.0, Diff:  0.0, Sum:  0.0, Workers: 4
[812.190s][debug][gc,phases      ] GC(44)     Dead                           Min: 0, Avg:  0.0, Max: 0, Diff: 0, Sum: 0, Workers: 4
[812.190s][debug][gc,phases      ] GC(44)     Total                          Min: 0, Avg:  0.0, Max: 0, Diff: 0, Sum: 0, Workers: 4
[812.190s][debug][gc,phases      ] GC(44)   StringDedup Requests0 Weak     Min:  0.0, Avg:  0.0, Max:  0.0, Diff:  0.0, Sum:  0.0, Workers: 4
[812.190s][debug][gc,phases      ] GC(44)     Dead                           Min: 0, Avg:  0.0, Max: 0, Diff: 0, Sum: 0, Workers: 4
[812.190s][debug][gc,phases      ] GC(44)     Total                          Min: 0, Avg:  0.0, Max: 0, Diff: 0, Sum: 0, Workers: 4
[812.190s][debug][gc,phases      ] GC(44)   StringDedup Requests1 Weak     Min:  0.0, Avg:  0.0, Max:  0.0, Diff:  0.0, Sum:  0.0, Workers: 4
[812.190s][debug][gc,phases      ] GC(44)     Dead                           Min: 0, Avg:  0.0, Max: 0, Diff: 0, Sum: 0, Workers: 4
[812.190s][debug][gc,phases      ] GC(44)     Total                          Min: 0, Avg:  0.0, Max: 0, Diff: 0, Sum: 0, Workers: 4
[812.190s][debug][gc,phases      ] GC(44)   Weak JFR Old Object Samples    Min:  0.0, Avg:  0.0, Max:  0.0, Diff:  0.0, Sum:  0.0, Workers: 4
[812.190s][debug][gc,phases      ] GC(44)     Dead                           Min: 0, Avg:  0.0, Max: 0, Diff: 0, Sum: 0, Workers: 4
[812.190s][debug][gc,phases      ] GC(44)     Total                          Min: 0, Avg:  0.0, Max: 0, Diff: 0, Sum: 0, Workers: 4
[812.190s][debug][gc,phases      ] GC(44) Weak Processing 0.283ms
[812.190s][debug][gc,age         ] GC(44) Desired survivor size 182976512 bytes, new threshold 15 (max threshold 15)
[812.190s][info ][gc,heap        ] GC(44) PSYoungGen: 1703552K(1906176K)->128K(1894400K) Eden: 1703424K(1703424K)->0K(1703424K) From: 128K(202752K)->128K(190976K)
[812.190s][info ][gc,heap        ] GC(44) ParOldGen: 220436K(363520K)->220444K(363520K)
[812.190s][info ][gc,metaspace   ] GC(44) Metaspace: 75838K(76736K)->75838K(76736K) NonClass: 64974K(65472K)->64974K(65472K) Class: 10863K(11264K)->10863K(11264K)
[812.190s][info ][gc             ] GC(44) Pause Young (Allocation Failure) 1878M->215M(2205M) 1.337ms
[812.190s][info ][gc,cpu         ] GC(44) User=0.00s Sys=0.00s Real=0.00s
[812.190s][info ][safepoint      ] Safepoint "ParallelGCFailedAllocation", Time since last: 26847772870 ns, Reaching safepoint: 29600 ns, At safepoint: 1389902 ns, Total: 1419502 ns
[827.191s][info ][safepoint      ] Safepoint "Cleanup", Time since last: 15000909173 ns, Reaching safepoint: 38300 ns, At safepoint: 3400 ns, Total: 41700 ns
[840.989s][info ][gc,start       ] GC(45) Pause Young (Allocation Failure)
[840.990s][debug][gc,phases      ] GC(45) Scavenge 0.600ms
[840.990s][debug][gc,ref         ] GC(45) Skipped phase 1 of Reference Processing: no references
[840.990s][debug][gc,ref         ] GC(45) Skipped phase 2 of Reference Processing: no references
[840.990s][debug][gc,ref         ] GC(45) Skipped phase 3 of Reference Processing: no references
[840.990s][debug][gc,ref         ] GC(45) Skipped phase 4 of Reference Processing: no references
[840.990s][debug][gc,phases      ] GC(45) Reference Processing 0.019ms
[840.990s][debug][gc,phases      ] GC(45)   VM Weak                        Min:  0.0, Avg:  0.0, Max:  0.0, Diff:  0.0, Sum:  0.0, Workers: 4
[840.990s][debug][gc,phases      ] GC(45)     Dead                           Min: 0, Avg:  0.0, Max: 0, Diff: 0, Sum: 0, Workers: 4
[840.990s][debug][gc,phases      ] GC(45)     Total                          Min: 0, Avg: 164.0, Max: 256, Diff: 256, Sum: 656, Workers: 4
[840.990s][debug][gc,phases      ] GC(45)   ObjectSynchronizer Weak        Min:  0.0, Avg:  0.0, Max:  0.0, Diff:  0.0, Sum:  0.0, Workers: 4
[840.990s][debug][gc,phases      ] GC(45)     Dead                           Min: 0, Avg:  0.0, Max: 0, Diff: 0, Sum: 0, Workers: 4
[840.990s][debug][gc,phases      ] GC(45)     Total                          Min: 0, Avg:  7.2, Max: 29, Diff: 29, Sum: 29, Workers: 4
[840.990s][debug][gc,phases      ] GC(45)   JVMTI Tag Weak OopStorage      Min:  0.0, Avg:  0.0, Max:  0.0, Diff:  0.0, Sum:  0.0, Workers: 4
[840.990s][debug][gc,phases      ] GC(45)     Dead                           Min: 0, Avg:  0.0, Max: 0, Diff: 0, Sum: 0, Workers: 4
[840.990s][debug][gc,phases      ] GC(45)     Total                          Min: 0, Avg:  0.0, Max: 0, Diff: 0, Sum: 0, Workers: 4
[840.990s][debug][gc,phases      ] GC(45)   StringTable Weak               Min:  0.0, Avg:  0.1, Max:  0.1, Diff:  0.1, Sum:  0.4, Workers: 4
[840.990s][debug][gc,phases      ] GC(45)     Dead                           Min: 0, Avg:  0.0, Max: 0, Diff: 0, Sum: 0, Workers: 4
[840.990s][debug][gc,phases      ] GC(45)     Total                          Min: 0, Avg: 10515.5, Max: 18176, Diff: 18176, Sum: 42062, Workers: 4
[840.990s][debug][gc,phases      ] GC(45)   ResolvedMethodTable Weak       Min:  0.0, Avg:  0.0, Max:  0.0, Diff:  0.0, Sum:  0.1, Workers: 4
[840.990s][debug][gc,phases      ] GC(45)     Dead                           Min: 0, Avg:  0.0, Max: 0, Diff: 0, Sum: 0, Workers: 4
[840.990s][debug][gc,phases      ] GC(45)     Total                          Min: 0, Avg: 2038.0, Max: 3352, Diff: 3352, Sum: 8152, Workers: 4
[840.990s][debug][gc,phases      ] GC(45)   JNI Weak                       Min:  0.0, Avg:  0.0, Max:  0.0, Diff:  0.0, Sum:  0.0, Workers: 4
[840.990s][debug][gc,phases      ] GC(45)     Dead                           Min: 0, Avg:  0.0, Max: 0, Diff: 0, Sum: 0, Workers: 4
[840.990s][debug][gc,phases      ] GC(45)     Total                          Min: 0, Avg: 11.2, Max: 45, Diff: 45, Sum: 45, Workers: 4
[840.990s][debug][gc,phases      ] GC(45)   StringDedup Table Weak         Min:  0.0, Avg:  0.0, Max:  0.0, Diff:  0.0, Sum:  0.0, Workers: 4
[840.990s][debug][gc,phases      ] GC(45)     Dead                           Min: 0, Avg:  0.0, Max: 0, Diff: 0, Sum: 0, Workers: 4
[840.990s][debug][gc,phases      ] GC(45)     Total                          Min: 0, Avg:  0.0, Max: 0, Diff: 0, Sum: 0, Workers: 4
[840.990s][debug][gc,phases      ] GC(45)   StringDedup Requests0 Weak     Min:  0.0, Avg:  0.0, Max:  0.0, Diff:  0.0, Sum:  0.0, Workers: 4
[840.990s][debug][gc,phases      ] GC(45)     Dead                           Min: 0, Avg:  0.0, Max: 0, Diff: 0, Sum: 0, Workers: 4
[840.990s][debug][gc,phases      ] GC(45)     Total                          Min: 0, Avg:  0.0, Max: 0, Diff: 0, Sum: 0, Workers: 4
[840.990s][debug][gc,phases      ] GC(45)   StringDedup Requests1 Weak     Min:  0.0, Avg:  0.0, Max:  0.0, Diff:  0.0, Sum:  0.0, Workers: 4
[840.990s][debug][gc,phases      ] GC(45)     Dead                           Min: 0, Avg:  0.0, Max: 0, Diff: 0, Sum: 0, Workers: 4
[840.990s][debug][gc,phases      ] GC(45)     Total                          Min: 0, Avg:  0.0, Max: 0, Diff: 0, Sum: 0, Workers: 4
[840.990s][debug][gc,phases      ] GC(45)   Weak JFR Old Object Samples    Min:  0.0, Avg:  0.0, Max:  0.0, Diff:  0.0, Sum:  0.0, Workers: 4
[840.990s][debug][gc,phases      ] GC(45)     Dead                           Min: 0, Avg:  0.0, Max: 0, Diff: 0, Sum: 0, Workers: 4
[840.990s][debug][gc,phases      ] GC(45)     Total                          Min: 0, Avg:  0.0, Max: 0, Diff: 0, Sum: 0, Workers: 4
[840.990s][debug][gc,phases      ] GC(45) Weak Processing 0.303ms
[840.990s][debug][gc,age         ] GC(45) Desired survivor size 171442176 bytes, new threshold 15 (max threshold 15)
[840.990s][info ][gc,heap        ] GC(45) PSYoungGen: 1703552K(1894400K)->128K(1929728K) Eden: 1703424K(1703424K)->0K(1751040K) From: 128K(190976K)->128K(178688K)
[840.990s][info ][gc,heap        ] GC(45) ParOldGen: 220444K(363520K)->220452K(363520K)
[840.990s][info ][gc,metaspace   ] GC(45) Metaspace: 75838K(76736K)->75838K(76736K) NonClass: 64975K(65472K)->64975K(65472K) Class: 10863K(11264K)->10863K(11264K)
[840.990s][info ][gc             ] GC(45) Pause Young (Allocation Failure) 1878M->215M(2239M) 0.998ms
[840.990s][info ][gc,cpu         ] GC(45) User=0.00s Sys=0.00s Real=0.01s
[840.990s][info ][safepoint      ] Safepoint "ParallelGCFailedAllocation", Time since last: 13798313892 ns, Reaching safepoint: 34700 ns, At safepoint: 1050702 ns, Total: 1085402 ns
[870.638s][info ][gc,start       ] GC(46) Pause Young (Allocation Failure)
[870.639s][debug][gc,phases      ] GC(46) Scavenge 0.914ms
[870.639s][debug][gc,ref         ] GC(46) Skipped phase 1 of Reference Processing: no references
[870.639s][debug][gc,ref         ] GC(46) Skipped phase 2 of Reference Processing: no references
[870.639s][debug][gc,ref         ] GC(46) Skipped phase 3 of Reference Processing: no references
[870.639s][debug][gc,ref         ] GC(46) Skipped phase 4 of Reference Processing: no references
[870.639s][debug][gc,phases      ] GC(46) Reference Processing 0.019ms
[870.639s][debug][gc,phases      ] GC(46)   VM Weak                        Min:  0.0, Avg:  0.0, Max:  0.0, Diff:  0.0, Sum:  0.0, Workers: 4
[870.639s][debug][gc,phases      ] GC(46)     Dead                           Min: 0, Avg:  0.0, Max: 0, Diff: 0, Sum: 0, Workers: 4
[870.639s][debug][gc,phases      ] GC(46)     Total                          Min: 0, Avg: 164.0, Max: 336, Diff: 336, Sum: 656, Workers: 4
[870.639s][debug][gc,phases      ] GC(46)   ObjectSynchronizer Weak        Min:  0.0, Avg:  0.0, Max:  0.0, Diff:  0.0, Sum:  0.0, Workers: 4
[870.639s][debug][gc,phases      ] GC(46)     Dead                           Min: 0, Avg:  0.0, Max: 0, Diff: 0, Sum: 0, Workers: 4
[870.639s][debug][gc,phases      ] GC(46)     Total                          Min: 0, Avg:  7.2, Max: 29, Diff: 29, Sum: 29, Workers: 4
[870.639s][debug][gc,phases      ] GC(46)   JVMTI Tag Weak OopStorage      Min:  0.0, Avg:  0.0, Max:  0.0, Diff:  0.0, Sum:  0.0, Workers: 4
[870.639s][debug][gc,phases      ] GC(46)     Dead                           Min: 0, Avg:  0.0, Max: 0, Diff: 0, Sum: 0, Workers: 4
[870.639s][debug][gc,phases      ] GC(46)     Total                          Min: 0, Avg:  0.0, Max: 0, Diff: 0, Sum: 0, Workers: 4
[870.639s][debug][gc,phases      ] GC(46)   StringTable Weak               Min:  0.0, Avg:  0.1, Max:  0.1, Diff:  0.1, Sum:  0.3, Workers: 4
[870.639s][debug][gc,phases      ] GC(46)     Dead                           Min: 0, Avg:  0.0, Max: 0, Diff: 0, Sum: 0, Workers: 4
[870.639s][debug][gc,phases      ] GC(46)     Total                          Min: 0, Avg: 10515.5, Max: 17806, Diff: 17806, Sum: 42062, Workers: 4
[870.639s][debug][gc,phases      ] GC(46)   ResolvedMethodTable Weak       Min:  0.0, Avg:  0.0, Max:  0.0, Diff:  0.0, Sum:  0.1, Workers: 4
[870.639s][debug][gc,phases      ] GC(46)     Dead                           Min: 0, Avg:  0.0, Max: 0, Diff: 0, Sum: 0, Workers: 4
[870.639s][debug][gc,phases      ] GC(46)     Total                          Min: 0, Avg: 2038.0, Max: 3416, Diff: 3416, Sum: 8152, Workers: 4
[870.639s][debug][gc,phases      ] GC(46)   JNI Weak                       Min:  0.0, Avg:  0.0, Max:  0.0, Diff:  0.0, Sum:  0.0, Workers: 4
[870.639s][debug][gc,phases      ] GC(46)     Dead                           Min: 0, Avg:  0.0, Max: 0, Diff: 0, Sum: 0, Workers: 4
[870.639s][debug][gc,phases      ] GC(46)     Total                          Min: 0, Avg: 11.2, Max: 45, Diff: 45, Sum: 45, Workers: 4
[870.639s][debug][gc,phases      ] GC(46)   StringDedup Table Weak         Min:  0.0, Avg:  0.0, Max:  0.0, Diff:  0.0, Sum:  0.0, Workers: 4
[870.639s][debug][gc,phases      ] GC(46)     Dead                           Min: 0, Avg:  0.0, Max: 0, Diff: 0, Sum: 0, Workers: 4
[870.639s][debug][gc,phases      ] GC(46)     Total                          Min: 0, Avg:  0.0, Max: 0, Diff: 0, Sum: 0, Workers: 4
[870.639s][debug][gc,phases      ] GC(46)   StringDedup Requests0 Weak     Min:  0.0, Avg:  0.0, Max:  0.0, Diff:  0.0, Sum:  0.0, Workers: 4
[870.639s][debug][gc,phases      ] GC(46)     Dead                           Min: 0, Avg:  0.0, Max: 0, Diff: 0, Sum: 0, Workers: 4
[870.639s][debug][gc,phases      ] GC(46)     Total                          Min: 0, Avg:  0.0, Max: 0, Diff: 0, Sum: 0, Workers: 4
[870.639s][debug][gc,phases      ] GC(46)   StringDedup Requests1 Weak     Min:  0.0, Avg:  0.0, Max:  0.0, Diff:  0.0, Sum:  0.0, Workers: 4
[870.639s][debug][gc,phases      ] GC(46)     Dead                           Min: 0, Avg:  0.0, Max: 0, Diff: 0, Sum: 0, Workers: 4
[870.639s][debug][gc,phases      ] GC(46)     Total                          Min: 0, Avg:  0.0, Max: 0, Diff: 0, Sum: 0, Workers: 4
[870.639s][debug][gc,phases      ] GC(46)   Weak JFR Old Object Samples    Min:  0.0, Avg:  0.0, Max:  0.0, Diff:  0.0, Sum:  0.0, Workers: 4
[870.639s][debug][gc,phases      ] GC(46)     Dead                           Min: 0, Avg:  0.0, Max: 0, Diff: 0, Sum: 0, Workers: 4
[870.639s][debug][gc,phases      ] GC(46)     Total                          Min: 0, Avg:  0.0, Max: 0, Diff: 0, Sum: 0, Workers: 4
[870.639s][debug][gc,phases      ] GC(46) Weak Processing 0.304ms
[870.639s][debug][gc,age         ] GC(46) Desired survivor size 160432128 bytes, new threshold 15 (max threshold 15)
[870.639s][info ][gc,heap        ] GC(46) PSYoungGen: 1751168K(1929728K)->128K(1918464K) Eden: 1751040K(1751040K)->0K(1751040K) From: 128K(178688K)->128K(167424K)
[870.639s][info ][gc,heap        ] GC(46) ParOldGen: 220452K(363520K)->220468K(363520K)
[870.639s][info ][gc,metaspace   ] GC(46) Metaspace: 75847K(76736K)->75847K(76736K) NonClass: 64983K(65472K)->64983K(65472K) Class: 10863K(11264K)->10863K(11264K)
[870.639s][info ][gc             ] GC(46) Pause Young (Allocation Failure) 1925M->215M(2228M) 1.331ms
[870.639s][info ][gc,cpu         ] GC(46) User=0.00s Sys=0.00s Real=0.00s
[870.639s][info ][safepoint      ] Safepoint "ParallelGCFailedAllocation", Time since last: 29647711128 ns, Reaching safepoint: 28600 ns, At safepoint: 1399002 ns, Total: 1427602 ns
[874.640s][info ][safepoint      ] Safepoint "Cleanup", Time since last: 4000289398 ns, Reaching safepoint: 108800 ns, At safepoint: 4800 ns, Total: 113600 ns
[900.239s][info ][gc,start       ] GC(47) Pause Young (Allocation Failure)
[900.239s][debug][gc,phases      ] GC(47) Scavenge 0.542ms
[900.239s][debug][gc,ref         ] GC(47) Skipped phase 1 of Reference Processing: no references
[900.239s][debug][gc,ref         ] GC(47) Skipped phase 2 of Reference Processing: no references
[900.239s][debug][gc,ref         ] GC(47) Skipped phase 3 of Reference Processing: no references
[900.239s][debug][gc,ref         ] GC(47) Skipped phase 4 of Reference Processing: no references
[900.239s][debug][gc,phases      ] GC(47) Reference Processing 0.021ms
[900.240s][debug][gc,phases      ] GC(47)   VM Weak                        Min:  0.0, Avg:  0.0, Max:  0.0, Diff:  0.0, Sum:  0.0, Workers: 4
[900.240s][debug][gc,phases      ] GC(47)     Dead                           Min: 0, Avg:  0.0, Max: 0, Diff: 0, Sum: 0, Workers: 4
[900.240s][debug][gc,phases      ] GC(47)     Total                          Min: 0, Avg: 164.0, Max: 656, Diff: 656, Sum: 656, Workers: 4
[900.240s][debug][gc,phases      ] GC(47)   ObjectSynchronizer Weak        Min:  0.0, Avg:  0.0, Max:  0.0, Diff:  0.0, Sum:  0.0, Workers: 4
[900.240s][debug][gc,phases      ] GC(47)     Dead                           Min: 0, Avg:  0.0, Max: 0, Diff: 0, Sum: 0, Workers: 4
[900.240s][debug][gc,phases      ] GC(47)     Total                          Min: 0, Avg:  7.2, Max: 29, Diff: 29, Sum: 29, Workers: 4
[900.240s][debug][gc,phases      ] GC(47)   JVMTI Tag Weak OopStorage      Min:  0.0, Avg:  0.0, Max:  0.0, Diff:  0.0, Sum:  0.0, Workers: 4
[900.240s][debug][gc,phases      ] GC(47)     Dead                           Min: 0, Avg:  0.0, Max: 0, Diff: 0, Sum: 0, Workers: 4
[900.240s][debug][gc,phases      ] GC(47)     Total                          Min: 0, Avg:  0.0, Max: 0, Diff: 0, Sum: 0, Workers: 4
[900.240s][debug][gc,phases      ] GC(47)   StringTable Weak               Min:  0.0, Avg:  0.1, Max:  0.1, Diff:  0.1, Sum:  0.3, Workers: 4
[900.240s][debug][gc,phases      ] GC(47)     Dead                           Min: 0, Avg:  0.0, Max: 0, Diff: 0, Sum: 0, Workers: 4
[900.240s][debug][gc,phases      ] GC(47)     Total                          Min: 0, Avg: 10515.5, Max: 16960, Diff: 16960, Sum: 42062, Workers: 4
[900.240s][debug][gc,phases      ] GC(47)   ResolvedMethodTable Weak       Min:  0.0, Avg:  0.0, Max:  0.0, Diff:  0.0, Sum:  0.1, Workers: 4
[900.240s][debug][gc,phases      ] GC(47)     Dead                           Min: 0, Avg:  0.0, Max: 0, Diff: 0, Sum: 0, Workers: 4
[900.240s][debug][gc,phases      ] GC(47)     Total                          Min: 0, Avg: 2038.0, Max: 3416, Diff: 3416, Sum: 8152, Workers: 4
[900.240s][debug][gc,phases      ] GC(47)   JNI Weak                       Min:  0.0, Avg:  0.0, Max:  0.0, Diff:  0.0, Sum:  0.0, Workers: 4
[900.240s][debug][gc,phases      ] GC(47)     Dead                           Min: 0, Avg:  0.0, Max: 0, Diff: 0, Sum: 0, Workers: 4
[900.240s][debug][gc,phases      ] GC(47)     Total                          Min: 0, Avg: 11.2, Max: 45, Diff: 45, Sum: 45, Workers: 4
[900.240s][debug][gc,phases      ] GC(47)   StringDedup Table Weak         Min:  0.0, Avg:  0.0, Max:  0.0, Diff:  0.0, Sum:  0.0, Workers: 4
[900.240s][debug][gc,phases      ] GC(47)     Dead                           Min: 0, Avg:  0.0, Max: 0, Diff: 0, Sum: 0, Workers: 4
[900.240s][debug][gc,phases      ] GC(47)     Total                          Min: 0, Avg:  0.0, Max: 0, Diff: 0, Sum: 0, Workers: 4
[900.240s][debug][gc,phases      ] GC(47)   StringDedup Requests0 Weak     Min:  0.0, Avg:  0.0, Max:  0.0, Diff:  0.0, Sum:  0.0, Workers: 4
[900.240s][debug][gc,phases      ] GC(47)     Dead                           Min: 0, Avg:  0.0, Max: 0, Diff: 0, Sum: 0, Workers: 4
[900.240s][debug][gc,phases      ] GC(47)     Total                          Min: 0, Avg:  0.0, Max: 0, Diff: 0, Sum: 0, Workers: 4
[900.240s][debug][gc,phases      ] GC(47)   StringDedup Requests1 Weak     Min:  0.0, Avg:  0.0, Max:  0.0, Diff:  0.0, Sum:  0.0, Workers: 4
[900.240s][debug][gc,phases      ] GC(47)     Dead                           Min: 0, Avg:  0.0, Max: 0, Diff: 0, Sum: 0, Workers: 4
[900.240s][debug][gc,phases      ] GC(47)     Total                          Min: 0, Avg:  0.0, Max: 0, Diff: 0, Sum: 0, Workers: 4
[900.240s][debug][gc,phases      ] GC(47)   Weak JFR Old Object Samples    Min:  0.0, Avg:  0.0, Max:  0.0, Diff:  0.0, Sum:  0.0, Workers: 4
[900.240s][debug][gc,phases      ] GC(47)     Dead                           Min: 0, Avg:  0.0, Max: 0, Diff: 0, Sum: 0, Workers: 4
[900.240s][debug][gc,phases      ] GC(47)     Total                          Min: 0, Avg:  0.0, Max: 0, Diff: 0, Sum: 0, Workers: 4
[900.240s][debug][gc,phases      ] GC(47) Weak Processing 0.317ms
[900.240s][debug][gc,age         ] GC(47) Desired survivor size 149946368 bytes, new threshold 15 (max threshold 15)
[900.240s][info ][gc,heap        ] GC(47) PSYoungGen: 1751168K(1918464K)->128K(1950720K) Eden: 1751040K(1751040K)->0K(1794048K) From: 128K(167424K)->128K(156672K)
[900.240s][info ][gc,heap        ] GC(47) ParOldGen: 220468K(363520K)->220476K(363520K)
[900.240s][info ][gc,metaspace   ] GC(47) Metaspace: 75847K(76736K)->75847K(76736K) NonClass: 64983K(65472K)->64983K(65472K) Class: 10863K(11264K)->10863K(11264K)
[900.240s][info ][gc             ] GC(47) Pause Young (Allocation Failure) 1925M->215M(2260M) 0.967ms
[900.240s][info ][gc,cpu         ] GC(47) User=0.01s Sys=0.00s Real=0.00s
[900.240s][info ][safepoint      ] Safepoint "ParallelGCFailedAllocation", Time since last: 25599196086 ns, Reaching safepoint: 30500 ns, At safepoint: 1040601 ns, Total: 1071101 ns
[912.241s][info ][safepoint      ] Safepoint "Cleanup", Time since last: 12000783796 ns, Reaching safepoint: 58601 ns, At safepoint: 6100 ns, Total: 64701 ns
[930.339s][info ][gc,start       ] GC(48) Pause Young (Allocation Failure)
[930.340s][debug][gc,phases      ] GC(48) Scavenge 0.534ms
[930.340s][debug][gc,ref         ] GC(48) Skipped phase 1 of Reference Processing: no references
[930.340s][debug][gc,ref         ] GC(48) Skipped phase 2 of Reference Processing: no references
[930.340s][debug][gc,ref         ] GC(48) Skipped phase 3 of Reference Processing: no references
[930.340s][debug][gc,ref         ] GC(48) Skipped phase 4 of Reference Processing: no references
[930.340s][debug][gc,phases      ] GC(48) Reference Processing 0.018ms
[930.340s][debug][gc,phases      ] GC(48)   VM Weak                        Min:  0.0, Avg:  0.0, Max:  0.0, Diff:  0.0, Sum:  0.0, Workers: 4
[930.340s][debug][gc,phases      ] GC(48)     Dead                           Min: 0, Avg:  0.0, Max: 0, Diff: 0, Sum: 0, Workers: 4
[930.340s][debug][gc,phases      ] GC(48)     Total                          Min: 0, Avg: 164.0, Max: 336, Diff: 336, Sum: 656, Workers: 4
[930.340s][debug][gc,phases      ] GC(48)   ObjectSynchronizer Weak        Min:  0.0, Avg:  0.0, Max:  0.0, Diff:  0.0, Sum:  0.0, Workers: 4
[930.340s][debug][gc,phases      ] GC(48)     Dead                           Min: 0, Avg:  0.0, Max: 0, Diff: 0, Sum: 0, Workers: 4
[930.340s][debug][gc,phases      ] GC(48)     Total                          Min: 0, Avg:  7.2, Max: 29, Diff: 29, Sum: 29, Workers: 4
[930.340s][debug][gc,phases      ] GC(48)   JVMTI Tag Weak OopStorage      Min:  0.0, Avg:  0.0, Max:  0.0, Diff:  0.0, Sum:  0.0, Workers: 4
[930.340s][debug][gc,phases      ] GC(48)     Dead                           Min: 0, Avg:  0.0, Max: 0, Diff: 0, Sum: 0, Workers: 4
[930.340s][debug][gc,phases      ] GC(48)     Total                          Min: 0, Avg:  0.0, Max: 0, Diff: 0, Sum: 0, Workers: 4
[930.340s][debug][gc,phases      ] GC(48)   StringTable Weak               Min:  0.1, Avg:  0.1, Max:  0.1, Diff:  0.0, Sum:  0.4, Workers: 4
[930.340s][debug][gc,phases      ] GC(48)     Dead                           Min: 0, Avg:  0.0, Max: 0, Diff: 0, Sum: 0, Workers: 4
[930.340s][debug][gc,phases      ] GC(48)     Total                          Min: 9792, Avg: 10516.0, Max: 10832, Diff: 1040, Sum: 42064, Workers: 4
[930.340s][debug][gc,phases      ] GC(48)   ResolvedMethodTable Weak       Min:  0.0, Avg:  0.0, Max:  0.0, Diff:  0.0, Sum:  0.1, Workers: 4
[930.340s][debug][gc,phases      ] GC(48)     Dead                           Min: 0, Avg:  0.0, Max: 0, Diff: 0, Sum: 0, Workers: 4
[930.340s][debug][gc,phases      ] GC(48)     Total                          Min: 1984, Avg: 2038.0, Max: 2072, Diff: 88, Sum: 8152, Workers: 4
[930.340s][debug][gc,phases      ] GC(48)   JNI Weak                       Min:  0.0, Avg:  0.0, Max:  0.0, Diff:  0.0, Sum:  0.0, Workers: 4
[930.340s][debug][gc,phases      ] GC(48)     Dead                           Min: 0, Avg:  0.0, Max: 0, Diff: 0, Sum: 0, Workers: 4
[930.340s][debug][gc,phases      ] GC(48)     Total                          Min: 0, Avg: 11.2, Max: 45, Diff: 45, Sum: 45, Workers: 4
[930.340s][debug][gc,phases      ] GC(48)   StringDedup Table Weak         Min:  0.0, Avg:  0.0, Max:  0.0, Diff:  0.0, Sum:  0.0, Workers: 4
[930.340s][debug][gc,phases      ] GC(48)     Dead                           Min: 0, Avg:  0.0, Max: 0, Diff: 0, Sum: 0, Workers: 4
[930.340s][debug][gc,phases      ] GC(48)     Total                          Min: 0, Avg:  0.0, Max: 0, Diff: 0, Sum: 0, Workers: 4
[930.340s][debug][gc,phases      ] GC(48)   StringDedup Requests0 Weak     Min:  0.0, Avg:  0.0, Max:  0.0, Diff:  0.0, Sum:  0.0, Workers: 4
[930.340s][debug][gc,phases      ] GC(48)     Dead                           Min: 0, Avg:  0.0, Max: 0, Diff: 0, Sum: 0, Workers: 4
[930.340s][debug][gc,phases      ] GC(48)     Total                          Min: 0, Avg:  0.0, Max: 0, Diff: 0, Sum: 0, Workers: 4
[930.340s][debug][gc,phases      ] GC(48)   StringDedup Requests1 Weak     Min:  0.0, Avg:  0.0, Max:  0.0, Diff:  0.0, Sum:  0.0, Workers: 4
[930.340s][debug][gc,phases      ] GC(48)     Dead                           Min: 0, Avg:  0.0, Max: 0, Diff: 0, Sum: 0, Workers: 4
[930.340s][debug][gc,phases      ] GC(48)     Total                          Min: 0, Avg:  0.0, Max: 0, Diff: 0, Sum: 0, Workers: 4
[930.340s][debug][gc,phases      ] GC(48)   Weak JFR Old Object Samples    Min:  0.0, Avg:  0.0, Max:  0.0, Diff:  0.0, Sum:  0.0, Workers: 4
[930.340s][debug][gc,phases      ] GC(48)     Dead                           Min: 0, Avg:  0.0, Max: 0, Diff: 0, Sum: 0, Workers: 4
[930.340s][debug][gc,phases      ] GC(48)     Total                          Min: 0, Avg:  0.0, Max: 0, Diff: 0, Sum: 0, Workers: 4
[930.340s][debug][gc,phases      ] GC(48) Weak Processing 0.274ms
[930.340s][debug][gc,age         ] GC(48) Desired survivor size 139984896 bytes, new threshold 15 (max threshold 15)
[930.340s][info ][gc,heap        ] GC(48) PSYoungGen: 1794176K(1950720K)->128K(1940480K) Eden: 1794048K(1794048K)->0K(1794048K) From: 128K(156672K)->128K(146432K)
[930.340s][info ][gc,heap        ] GC(48) ParOldGen: 220476K(363520K)->220484K(363520K)
[930.340s][info ][gc,metaspace   ] GC(48) Metaspace: 75849K(76736K)->75849K(76736K) NonClass: 64985K(65472K)->64985K(65472K) Class: 10863K(11264K)->10863K(11264K)
[930.340s][info ][gc             ] GC(48) Pause Young (Allocation Failure) 1967M->215M(2250M) 0.918ms
[930.340s][info ][gc,cpu         ] GC(48) User=0.00s Sys=0.00s Real=0.00s
[930.340s][info ][safepoint      ] Safepoint "ParallelGCFailedAllocation", Time since last: 18098473336 ns, Reaching safepoint: 27100 ns, At safepoint: 980601 ns, Total: 1007701 ns
[957.342s][info ][safepoint      ] Safepoint "Cleanup", Time since last: 27001638005 ns, Reaching safepoint: 38600 ns, At safepoint: 2300 ns, Total: 40900 ns
[960.689s][info ][gc,start       ] GC(49) Pause Young (Allocation Failure)
[960.690s][debug][gc,phases      ] GC(49) Scavenge 0.527ms
[960.690s][debug][gc,ref         ] GC(49) Skipped phase 1 of Reference Processing: no references
[960.690s][debug][gc,ref         ] GC(49) Skipped phase 2 of Reference Processing: no references
[960.690s][debug][gc,ref         ] GC(49) Skipped phase 3 of Reference Processing: no references
[960.690s][debug][gc,ref         ] GC(49) Skipped phase 4 of Reference Processing: no references
[960.690s][debug][gc,phases      ] GC(49) Reference Processing 0.020ms
[960.690s][debug][gc,phases      ] GC(49)   VM Weak                        Min:  0.0, Avg:  0.0, Max:  0.0, Diff:  0.0, Sum:  0.0, Workers: 4
[960.690s][debug][gc,phases      ] GC(49)     Dead                           Min: 0, Avg:  0.0, Max: 0, Diff: 0, Sum: 0, Workers: 4
[960.690s][debug][gc,phases      ] GC(49)     Total                          Min: 0, Avg: 164.0, Max: 576, Diff: 576, Sum: 656, Workers: 4
[960.690s][debug][gc,phases      ] GC(49)   ObjectSynchronizer Weak        Min:  0.0, Avg:  0.0, Max:  0.0, Diff:  0.0, Sum:  0.0, Workers: 4
[960.690s][debug][gc,phases      ] GC(49)     Dead                           Min: 0, Avg:  0.0, Max: 0, Diff: 0, Sum: 0, Workers: 4
[960.690s][debug][gc,phases      ] GC(49)     Total                          Min: 0, Avg:  7.2, Max: 29, Diff: 29, Sum: 29, Workers: 4
[960.690s][debug][gc,phases      ] GC(49)   JVMTI Tag Weak OopStorage      Min:  0.0, Avg:  0.0, Max:  0.0, Diff:  0.0, Sum:  0.0, Workers: 4
[960.690s][debug][gc,phases      ] GC(49)     Dead                           Min: 0, Avg:  0.0, Max: 0, Diff: 0, Sum: 0, Workers: 4
[960.690s][debug][gc,phases      ] GC(49)     Total                          Min: 0, Avg:  0.0, Max: 0, Diff: 0, Sum: 0, Workers: 4
[960.690s][debug][gc,phases      ] GC(49)   StringTable Weak               Min:  0.1, Avg:  0.1, Max:  0.2, Diff:  0.1, Sum:  0.5, Workers: 4
[960.690s][debug][gc,phases      ] GC(49)     Dead                           Min: 0, Avg:  0.0, Max: 0, Diff: 0, Sum: 0, Workers: 4
[960.690s][debug][gc,phases      ] GC(49)     Total                          Min: 3200, Avg: 10516.0, Max: 15360, Diff: 12160, Sum: 42064, Workers: 4
[960.690s][debug][gc,phases      ] GC(49)   ResolvedMethodTable Weak       Min:  0.0, Avg:  0.0, Max:  0.0, Diff:  0.0, Sum:  0.1, Workers: 4
[960.690s][debug][gc,phases      ] GC(49)     Dead                           Min: 0, Avg:  0.0, Max: 0, Diff: 0, Sum: 0, Workers: 4
[960.690s][debug][gc,phases      ] GC(49)     Total                          Min: 0, Avg: 2038.0, Max: 3328, Diff: 3328, Sum: 8152, Workers: 4
[960.690s][debug][gc,phases      ] GC(49)   JNI Weak                       Min:  0.0, Avg:  0.0, Max:  0.0, Diff:  0.0, Sum:  0.0, Workers: 4
[960.690s][debug][gc,phases      ] GC(49)     Dead                           Min: 0, Avg:  0.0, Max: 0, Diff: 0, Sum: 0, Workers: 4
[960.690s][debug][gc,phases      ] GC(49)     Total                          Min: 0, Avg: 11.2, Max: 45, Diff: 45, Sum: 45, Workers: 4
[960.690s][debug][gc,phases      ] GC(49)   StringDedup Table Weak         Min:  0.0, Avg:  0.0, Max:  0.0, Diff:  0.0, Sum:  0.0, Workers: 4
[960.690s][debug][gc,phases      ] GC(49)     Dead                           Min: 0, Avg:  0.0, Max: 0, Diff: 0, Sum: 0, Workers: 4
[960.690s][debug][gc,phases      ] GC(49)     Total                          Min: 0, Avg:  0.0, Max: 0, Diff: 0, Sum: 0, Workers: 4
[960.690s][debug][gc,phases      ] GC(49)   StringDedup Requests0 Weak     Min:  0.0, Avg:  0.0, Max:  0.0, Diff:  0.0, Sum:  0.0, Workers: 4
[960.690s][debug][gc,phases      ] GC(49)     Dead                           Min: 0, Avg:  0.0, Max: 0, Diff: 0, Sum: 0, Workers: 4
[960.690s][debug][gc,phases      ] GC(49)     Total                          Min: 0, Avg:  0.0, Max: 0, Diff: 0, Sum: 0, Workers: 4
[960.690s][debug][gc,phases      ] GC(49)   StringDedup Requests1 Weak     Min:  0.0, Avg:  0.0, Max:  0.0, Diff:  0.0, Sum:  0.0, Workers: 4
[960.690s][debug][gc,phases      ] GC(49)     Dead                           Min: 0, Avg:  0.0, Max: 0, Diff: 0, Sum: 0, Workers: 4
[960.690s][debug][gc,phases      ] GC(49)     Total                          Min: 0, Avg:  0.0, Max: 0, Diff: 0, Sum: 0, Workers: 4
[960.690s][debug][gc,phases      ] GC(49)   Weak JFR Old Object Samples    Min:  0.0, Avg:  0.0, Max:  0.0, Diff:  0.0, Sum:  0.0, Workers: 4
[960.690s][debug][gc,phases      ] GC(49)     Dead                           Min: 0, Avg:  0.0, Max: 0, Diff: 0, Sum: 0, Workers: 4
[960.690s][debug][gc,phases      ] GC(49)     Total                          Min: 0, Avg:  0.0, Max: 0, Diff: 0, Sum: 0, Workers: 4
[960.690s][debug][gc,phases      ] GC(49) Weak Processing 0.329ms
[960.690s][debug][gc,age         ] GC(49) Desired survivor size 130023424 bytes, new threshold 15 (max threshold 15)
[960.690s][info ][gc,heap        ] GC(49) PSYoungGen: 1794176K(1940480K)->128K(1970176K) Eden: 1794048K(1794048K)->0K(1833472K) From: 128K(146432K)->128K(136704K)
[960.690s][info ][gc,heap        ] GC(49) ParOldGen: 220484K(363520K)->220492K(363520K)
[960.690s][info ][gc,metaspace   ] GC(49) Metaspace: 75849K(76736K)->75849K(76736K) NonClass: 64985K(65472K)->64985K(65472K) Class: 10863K(11264K)->10863K(11264K)
[960.690s][info ][gc             ] GC(49) Pause Young (Allocation Failure) 1967M->215M(2279M) 0.960ms
[960.690s][info ][gc,cpu         ] GC(49) User=0.00s Sys=0.00s Real=0.01s
[960.690s][info ][safepoint      ] Safepoint "ParallelGCFailedAllocation", Time since last: 3347243416 ns, Reaching safepoint: 21300 ns, At safepoint: 1012302 ns, Total: 1033602 ns
[976.691s][info ][safepoint      ] Safepoint "Cleanup", Time since last: 16000972480 ns, Reaching safepoint: 47701 ns, At safepoint: 7600 ns, Total: 55301 ns
[991.738s][info ][gc,start       ] GC(50) Pause Young (Allocation Failure)
[991.739s][debug][gc,phases      ] GC(50) Scavenge 0.895ms
[991.739s][debug][gc,ref         ] GC(50) Skipped phase 1 of Reference Processing: no references
[991.739s][debug][gc,ref         ] GC(50) Skipped phase 2 of Reference Processing: no references
[991.739s][debug][gc,ref         ] GC(50) Skipped phase 3 of Reference Processing: no references
[991.739s][debug][gc,ref         ] GC(50) Skipped phase 4 of Reference Processing: no references
[991.739s][debug][gc,phases      ] GC(50) Reference Processing 0.020ms
[991.739s][debug][gc,phases      ] GC(50)   VM Weak                        Min:  0.0, Avg:  0.0, Max:  0.0, Diff:  0.0, Sum:  0.0, Workers: 4
[991.739s][debug][gc,phases      ] GC(50)     Dead                           Min: 0, Avg:  0.0, Max: 0, Diff: 0, Sum: 0, Workers: 4
[991.739s][debug][gc,phases      ] GC(50)     Total                          Min: 0, Avg: 164.0, Max: 640, Diff: 640, Sum: 656, Workers: 4
[991.739s][debug][gc,phases      ] GC(50)   ObjectSynchronizer Weak        Min:  0.0, Avg:  0.0, Max:  0.0, Diff:  0.0, Sum:  0.0, Workers: 4
[991.739s][debug][gc,phases      ] GC(50)     Dead                           Min: 0, Avg:  0.0, Max: 0, Diff: 0, Sum: 0, Workers: 4
[991.739s][debug][gc,phases      ] GC(50)     Total                          Min: 0, Avg:  7.2, Max: 29, Diff: 29, Sum: 29, Workers: 4
[991.739s][debug][gc,phases      ] GC(50)   JVMTI Tag Weak OopStorage      Min:  0.0, Avg:  0.0, Max:  0.0, Diff:  0.0, Sum:  0.0, Workers: 4
[991.739s][debug][gc,phases      ] GC(50)     Dead                           Min: 0, Avg:  0.0, Max: 0, Diff: 0, Sum: 0, Workers: 4
[991.739s][debug][gc,phases      ] GC(50)     Total                          Min: 0, Avg:  0.0, Max: 0, Diff: 0, Sum: 0, Workers: 4
[991.739s][debug][gc,phases      ] GC(50)   StringTable Weak               Min:  0.1, Avg:  0.1, Max:  0.1, Diff:  0.0, Sum:  0.4, Workers: 4
[991.739s][debug][gc,phases      ] GC(50)     Dead                           Min: 0, Avg:  0.0, Max: 0, Diff: 0, Sum: 0, Workers: 4
[991.739s][debug][gc,phases      ] GC(50)     Total                          Min: 10112, Avg: 10516.2, Max: 10897, Diff: 785, Sum: 42065, Workers: 4
[991.739s][debug][gc,phases      ] GC(50)   ResolvedMethodTable Weak       Min:  0.0, Avg:  0.0, Max:  0.0, Diff:  0.0, Sum:  0.1, Workers: 4
[991.739s][debug][gc,phases      ] GC(50)     Dead                           Min: 0, Avg:  0.0, Max: 0, Diff: 0, Sum: 0, Workers: 4
[991.739s][debug][gc,phases      ] GC(50)     Total                          Min: 1944, Avg: 2038.0, Max: 2112, Diff: 168, Sum: 8152, Workers: 4
[991.739s][debug][gc,phases      ] GC(50)   JNI Weak                       Min:  0.0, Avg:  0.0, Max:  0.0, Diff:  0.0, Sum:  0.0, Workers: 4
[991.739s][debug][gc,phases      ] GC(50)     Dead                           Min: 0, Avg:  0.0, Max: 0, Diff: 0, Sum: 0, Workers: 4
[991.739s][debug][gc,phases      ] GC(50)     Total                          Min: 0, Avg: 11.2, Max: 45, Diff: 45, Sum: 45, Workers: 4
[991.739s][debug][gc,phases      ] GC(50)   StringDedup Table Weak         Min:  0.0, Avg:  0.0, Max:  0.0, Diff:  0.0, Sum:  0.0, Workers: 4
[991.739s][debug][gc,phases      ] GC(50)     Dead                           Min: 0, Avg:  0.0, Max: 0, Diff: 0, Sum: 0, Workers: 4
[991.739s][debug][gc,phases      ] GC(50)     Total                          Min: 0, Avg:  0.0, Max: 0, Diff: 0, Sum: 0, Workers: 4
[991.739s][debug][gc,phases      ] GC(50)   StringDedup Requests0 Weak     Min:  0.0, Avg:  0.0, Max:  0.0, Diff:  0.0, Sum:  0.0, Workers: 4
[991.739s][debug][gc,phases      ] GC(50)     Dead                           Min: 0, Avg:  0.0, Max: 0, Diff: 0, Sum: 0, Workers: 4
[991.739s][debug][gc,phases      ] GC(50)     Total                          Min: 0, Avg:  0.0, Max: 0, Diff: 0, Sum: 0, Workers: 4
[991.739s][debug][gc,phases      ] GC(50)   StringDedup Requests1 Weak     Min:  0.0, Avg:  0.0, Max:  0.0, Diff:  0.0, Sum:  0.0, Workers: 4
[991.739s][debug][gc,phases      ] GC(50)     Dead                           Min: 0, Avg:  0.0, Max: 0, Diff: 0, Sum: 0, Workers: 4
[991.739s][debug][gc,phases      ] GC(50)     Total                          Min: 0, Avg:  0.0, Max: 0, Diff: 0, Sum: 0, Workers: 4
[991.739s][debug][gc,phases      ] GC(50)   Weak JFR Old Object Samples    Min:  0.0, Avg:  0.0, Max:  0.0, Diff:  0.0, Sum:  0.0, Workers: 4
[991.739s][debug][gc,phases      ] GC(50)     Dead                           Min: 0, Avg:  0.0, Max: 0, Diff: 0, Sum: 0, Workers: 4
[991.739s][debug][gc,phases      ] GC(50)     Total                          Min: 0, Avg:  0.0, Max: 0, Diff: 0, Sum: 0, Workers: 4
[991.739s][debug][gc,phases      ] GC(50) Weak Processing 0.287ms
[991.739s][debug][gc,age         ] GC(50) Desired survivor size 121110528 bytes, new threshold 15 (max threshold 15)
[991.739s][info ][gc,heap        ] GC(50) PSYoungGen: 1833600K(1970176K)->128K(1960448K) Eden: 1833472K(1833472K)->0K(1833472K) From: 128K(136704K)->128K(126976K)
[991.739s][info ][gc,heap        ] GC(50) ParOldGen: 220492K(363520K)->220500K(363520K)
[991.739s][info ][gc,metaspace   ] GC(50) Metaspace: 75849K(76736K)->75849K(76736K) NonClass: 64985K(65472K)->64985K(65472K) Class: 10863K(11264K)->10863K(11264K)
[991.739s][info ][gc             ] GC(50) Pause Young (Allocation Failure) 2005M->215M(2269M) 1.284ms
[991.739s][info ][gc,cpu         ] GC(50) User=0.00s Sys=0.00s Real=0.00s
[991.739s][info ][safepoint      ] Safepoint "ParallelGCFailedAllocation", Time since last: 15046893334 ns, Reaching safepoint: 33400 ns, At safepoint: 1359301 ns, Total: 1392701 ns
[1022.738s][info ][gc,start       ] GC(51) Pause Young (Allocation Failure)
[1022.739s][debug][gc,phases      ] GC(51) Scavenge 0.860ms
[1022.739s][debug][gc,ref         ] GC(51) Skipped phase 1 of Reference Processing: no references
[1022.739s][debug][gc,ref         ] GC(51) Skipped phase 2 of Reference Processing: no references
[1022.739s][debug][gc,ref         ] GC(51) Skipped phase 3 of Reference Processing: no references
[1022.739s][debug][gc,ref         ] GC(51) Skipped phase 4 of Reference Processing: no references
[1022.739s][debug][gc,phases      ] GC(51) Reference Processing 0.040ms
[1022.739s][debug][gc,phases      ] GC(51)   VM Weak                        Min:  0.0, Avg:  0.0, Max:  0.0, Diff:  0.0, Sum:  0.0, Workers: 4
[1022.739s][debug][gc,phases      ] GC(51)     Dead                           Min: 0, Avg:  0.0, Max: 0, Diff: 0, Sum: 0, Workers: 4
[1022.739s][debug][gc,phases      ] GC(51)     Total                          Min: 0, Avg: 164.0, Max: 528, Diff: 528, Sum: 656, Workers: 4
[1022.739s][debug][gc,phases      ] GC(51)   ObjectSynchronizer Weak        Min:  0.0, Avg:  0.0, Max:  0.0, Diff:  0.0, Sum:  0.0, Workers: 4
[1022.739s][debug][gc,phases      ] GC(51)     Dead                           Min: 0, Avg:  0.0, Max: 0, Diff: 0, Sum: 0, Workers: 4
[1022.739s][debug][gc,phases      ] GC(51)     Total                          Min: 0, Avg:  7.2, Max: 29, Diff: 29, Sum: 29, Workers: 4
[1022.739s][debug][gc,phases      ] GC(51)   JVMTI Tag Weak OopStorage      Min:  0.0, Avg:  0.0, Max:  0.0, Diff:  0.0, Sum:  0.0, Workers: 4
[1022.739s][debug][gc,phases      ] GC(51)     Dead                           Min: 0, Avg:  0.0, Max: 0, Diff: 0, Sum: 0, Workers: 4
[1022.739s][debug][gc,phases      ] GC(51)     Total                          Min: 0, Avg:  0.0, Max: 0, Diff: 0, Sum: 0, Workers: 4
[1022.739s][debug][gc,phases      ] GC(51)   StringTable Weak               Min:  0.0, Avg:  0.1, Max:  0.1, Diff:  0.1, Sum:  0.3, Workers: 4
[1022.739s][debug][gc,phases      ] GC(51)     Dead                           Min: 0, Avg:  0.0, Max: 0, Diff: 0, Sum: 0, Workers: 4
[1022.740s][debug][gc,phases      ] GC(51)     Total                          Min: 0, Avg: 10516.2, Max: 18129, Diff: 18129, Sum: 42065, Workers: 4
[1022.740s][debug][gc,phases      ] GC(51)   ResolvedMethodTable Weak       Min:  0.0, Avg:  0.0, Max:  0.0, Diff:  0.0, Sum:  0.1, Workers: 4
[1022.740s][debug][gc,phases      ] GC(51)     Dead                           Min: 0, Avg:  0.0, Max: 0, Diff: 0, Sum: 0, Workers: 4
[1022.740s][debug][gc,phases      ] GC(51)     Total                          Min: 0, Avg: 2038.0, Max: 3584, Diff: 3584, Sum: 8152, Workers: 4
[1022.740s][debug][gc,phases      ] GC(51)   JNI Weak                       Min:  0.0, Avg:  0.0, Max:  0.0, Diff:  0.0, Sum:  0.0, Workers: 4
[1022.740s][debug][gc,phases      ] GC(51)     Dead                           Min: 0, Avg:  0.0, Max: 0, Diff: 0, Sum: 0, Workers: 4
[1022.740s][debug][gc,phases      ] GC(51)     Total                          Min: 0, Avg: 11.2, Max: 45, Diff: 45, Sum: 45, Workers: 4
[1022.740s][debug][gc,phases      ] GC(51)   StringDedup Table Weak         Min:  0.0, Avg:  0.0, Max:  0.0, Diff:  0.0, Sum:  0.0, Workers: 4
[1022.740s][debug][gc,phases      ] GC(51)     Dead                           Min: 0, Avg:  0.0, Max: 0, Diff: 0, Sum: 0, Workers: 4
[1022.740s][debug][gc,phases      ] GC(51)     Total                          Min: 0, Avg:  0.0, Max: 0, Diff: 0, Sum: 0, Workers: 4
[1022.740s][debug][gc,phases      ] GC(51)   StringDedup Requests0 Weak     Min:  0.0, Avg:  0.0, Max:  0.0, Diff:  0.0, Sum:  0.0, Workers: 4
[1022.740s][debug][gc,phases      ] GC(51)     Dead                           Min: 0, Avg:  0.0, Max: 0, Diff: 0, Sum: 0, Workers: 4
[1022.740s][debug][gc,phases      ] GC(51)     Total                          Min: 0, Avg:  0.0, Max: 0, Diff: 0, Sum: 0, Workers: 4
[1022.740s][debug][gc,phases      ] GC(51)   StringDedup Requests1 Weak     Min:  0.0, Avg:  0.0, Max:  0.0, Diff:  0.0, Sum:  0.0, Workers: 4
[1022.740s][debug][gc,phases      ] GC(51)     Dead                           Min: 0, Avg:  0.0, Max: 0, Diff: 0, Sum: 0, Workers: 4
[1022.740s][debug][gc,phases      ] GC(51)     Total                          Min: 0, Avg:  0.0, Max: 0, Diff: 0, Sum: 0, Workers: 4
[1022.740s][debug][gc,phases      ] GC(51)   Weak JFR Old Object Samples    Min:  0.0, Avg:  0.0, Max:  0.0, Diff:  0.0, Sum:  0.0, Workers: 4
[1022.740s][debug][gc,phases      ] GC(51)     Dead                           Min: 0, Avg:  0.0, Max: 0, Diff: 0, Sum: 0, Workers: 4
[1022.740s][debug][gc,phases      ] GC(51)     Total                          Min: 0, Avg:  0.0, Max: 0, Diff: 0, Sum: 0, Workers: 4
[1022.740s][debug][gc,phases      ] GC(51) Weak Processing 0.304ms
[1022.740s][debug][gc,age         ] GC(51) Desired survivor size 112721920 bytes, new threshold 15 (max threshold 15)
[1022.740s][info ][gc,heap        ] GC(51) PSYoungGen: 1833600K(1960448K)->160K(1987072K) Eden: 1833472K(1833472K)->0K(1868800K) From: 128K(126976K)->160K(118272K)
[1022.740s][info ][gc,heap        ] GC(51) ParOldGen: 220500K(363520K)->220508K(363520K)
[1022.740s][info ][gc,metaspace   ] GC(51) Metaspace: 75849K(76736K)->75849K(76736K) NonClass: 64985K(65472K)->64985K(65472K) Class: 10863K(11264K)->10863K(11264K)
[1022.740s][info ][gc             ] GC(51) Pause Young (Allocation Failure) 2005M->215M(2295M) 1.291ms
[1022.740s][info ][gc,cpu         ] GC(51) User=0.00s Sys=0.00s Real=0.00s
[1022.740s][info ][safepoint      ] Safepoint "ParallelGCFailedAllocation", Time since last: 30998848123 ns, Reaching safepoint: 31600 ns, At safepoint: 1349302 ns, Total: 1380902 ns
[1054.339s][info ][gc,start       ] GC(52) Pause Young (Allocation Failure)
[1054.340s][debug][gc,phases      ] GC(52) Scavenge 0.533ms
[1054.340s][debug][gc,ref         ] GC(52) Skipped phase 1 of Reference Processing: no references
[1054.340s][debug][gc,ref         ] GC(52) Skipped phase 2 of Reference Processing: no references
[1054.340s][debug][gc,ref         ] GC(52) Skipped phase 3 of Reference Processing: no references
[1054.340s][debug][gc,ref         ] GC(52) Skipped phase 4 of Reference Processing: no references
[1054.340s][debug][gc,phases      ] GC(52) Reference Processing 0.019ms
[1054.340s][debug][gc,phases      ] GC(52)   VM Weak                        Min:  0.0, Avg:  0.0, Max:  0.0, Diff:  0.0, Sum:  0.0, Workers: 4
[1054.340s][debug][gc,phases      ] GC(52)     Dead                           Min: 0, Avg:  0.0, Max: 0, Diff: 0, Sum: 0, Workers: 4
[1054.340s][debug][gc,phases      ] GC(52)     Total                          Min: 0, Avg: 164.0, Max: 592, Diff: 592, Sum: 656, Workers: 4
[1054.340s][debug][gc,phases      ] GC(52)   ObjectSynchronizer Weak        Min:  0.0, Avg:  0.0, Max:  0.0, Diff:  0.0, Sum:  0.0, Workers: 4
[1054.340s][debug][gc,phases      ] GC(52)     Dead                           Min: 0, Avg:  0.0, Max: 0, Diff: 0, Sum: 0, Workers: 4
[1054.340s][debug][gc,phases      ] GC(52)     Total                          Min: 0, Avg:  7.2, Max: 29, Diff: 29, Sum: 29, Workers: 4
[1054.340s][debug][gc,phases      ] GC(52)   JVMTI Tag Weak OopStorage      Min:  0.0, Avg:  0.0, Max:  0.0, Diff:  0.0, Sum:  0.0, Workers: 4
[1054.340s][debug][gc,phases      ] GC(52)     Dead                           Min: 0, Avg:  0.0, Max: 0, Diff: 0, Sum: 0, Workers: 4
[1054.340s][debug][gc,phases      ] GC(52)     Total                          Min: 0, Avg:  0.0, Max: 0, Diff: 0, Sum: 0, Workers: 4
[1054.340s][debug][gc,phases      ] GC(52)   StringTable Weak               Min:  0.1, Avg:  0.1, Max:  0.1, Diff:  0.0, Sum:  0.4, Workers: 4
[1054.340s][debug][gc,phases      ] GC(52)     Dead                           Min: 0, Avg:  0.0, Max: 0, Diff: 0, Sum: 0, Workers: 4
[1054.340s][debug][gc,phases      ] GC(52)     Total                          Min: 8896, Avg: 10516.2, Max: 11857, Diff: 2961, Sum: 42065, Workers: 4
[1054.340s][debug][gc,phases      ] GC(52)   ResolvedMethodTable Weak       Min:  0.0, Avg:  0.0, Max:  0.0, Diff:  0.0, Sum:  0.1, Workers: 4
[1054.340s][debug][gc,phases      ] GC(52)     Dead                           Min: 0, Avg:  0.0, Max: 0, Diff: 0, Sum: 0, Workers: 4
[1054.340s][debug][gc,phases      ] GC(52)     Total                          Min: 1816, Avg: 2038.0, Max: 2240, Diff: 424, Sum: 8152, Workers: 4
[1054.340s][debug][gc,phases      ] GC(52)   JNI Weak                       Min:  0.0, Avg:  0.0, Max:  0.0, Diff:  0.0, Sum:  0.0, Workers: 4
[1054.340s][debug][gc,phases      ] GC(52)     Dead                           Min: 0, Avg:  0.0, Max: 0, Diff: 0, Sum: 0, Workers: 4
[1054.340s][debug][gc,phases      ] GC(52)     Total                          Min: 0, Avg: 11.2, Max: 45, Diff: 45, Sum: 45, Workers: 4
[1054.340s][debug][gc,phases      ] GC(52)   StringDedup Table Weak         Min:  0.0, Avg:  0.0, Max:  0.0, Diff:  0.0, Sum:  0.0, Workers: 4
[1054.340s][debug][gc,phases      ] GC(52)     Dead                           Min: 0, Avg:  0.0, Max: 0, Diff: 0, Sum: 0, Workers: 4
[1054.340s][debug][gc,phases      ] GC(52)     Total                          Min: 0, Avg:  0.0, Max: 0, Diff: 0, Sum: 0, Workers: 4
[1054.340s][debug][gc,phases      ] GC(52)   StringDedup Requests0 Weak     Min:  0.0, Avg:  0.0, Max:  0.0, Diff:  0.0, Sum:  0.0, Workers: 4
[1054.340s][debug][gc,phases      ] GC(52)     Dead                           Min: 0, Avg:  0.0, Max: 0, Diff: 0, Sum: 0, Workers: 4
[1054.340s][debug][gc,phases      ] GC(52)     Total                          Min: 0, Avg:  0.0, Max: 0, Diff: 0, Sum: 0, Workers: 4
[1054.340s][debug][gc,phases      ] GC(52)   StringDedup Requests1 Weak     Min:  0.0, Avg:  0.0, Max:  0.0, Diff:  0.0, Sum:  0.0, Workers: 4
[1054.340s][debug][gc,phases      ] GC(52)     Dead                           Min: 0, Avg:  0.0, Max: 0, Diff: 0, Sum: 0, Workers: 4
[1054.340s][debug][gc,phases      ] GC(52)     Total                          Min: 0, Avg:  0.0, Max: 0, Diff: 0, Sum: 0, Workers: 4
[1054.340s][debug][gc,phases      ] GC(52)   Weak JFR Old Object Samples    Min:  0.0, Avg:  0.0, Max:  0.0, Diff:  0.0, Sum:  0.0, Workers: 4
[1054.340s][debug][gc,phases      ] GC(52)     Dead                           Min: 0, Avg:  0.0, Max: 0, Diff: 0, Sum: 0, Workers: 4
[1054.340s][debug][gc,phases      ] GC(52)     Total                          Min: 0, Avg:  0.0, Max: 0, Diff: 0, Sum: 0, Workers: 4
[1054.340s][debug][gc,phases      ] GC(52) Weak Processing 0.270ms
[1054.340s][debug][gc,age         ] GC(52) Desired survivor size 104333312 bytes, new threshold 15 (max threshold 15)
[1054.340s][info ][gc,heap        ] GC(52) PSYoungGen: 1868960K(1987072K)->128K(1978880K) Eden: 1868800K(1868800K)->0K(1868800K) From: 160K(118272K)->128K(110080K)
[1054.340s][info ][gc,heap        ] GC(52) ParOldGen: 220508K(363520K)->220532K(363520K)
[1054.340s][info ][gc,metaspace   ] GC(52) Metaspace: 75850K(76736K)->75850K(76736K) NonClass: 64986K(65472K)->64986K(65472K) Class: 10863K(11264K)->10863K(11264K)
[1054.340s][info ][gc             ] GC(52) Pause Young (Allocation Failure) 2040M->215M(2287M) 0.907ms
[1054.340s][info ][gc,cpu         ] GC(52) User=0.01s Sys=0.00s Real=0.00s
[1054.340s][info ][safepoint      ] Safepoint "ParallelGCFailedAllocation", Time since last: 31599420902 ns, Reaching safepoint: 32000 ns, At safepoint: 962501 ns, Total: 994501 ns
[1058.340s][info ][safepoint      ] Safepoint "Cleanup", Time since last: 4000292317 ns, Reaching safepoint: 101300 ns, At safepoint: 5700 ns, Total: 107000 ns
[1085.891s][info ][gc,start       ] GC(53) Pause Young (Allocation Failure)
[1085.892s][debug][gc,phases      ] GC(53) Scavenge 0.890ms
[1085.892s][debug][gc,ref         ] GC(53) Skipped phase 1 of Reference Processing: no references
[1085.892s][debug][gc,ref         ] GC(53) Skipped phase 2 of Reference Processing: no references
[1085.892s][debug][gc,ref         ] GC(53) Skipped phase 3 of Reference Processing: no references
[1085.892s][debug][gc,ref         ] GC(53) Skipped phase 4 of Reference Processing: no references
[1085.892s][debug][gc,phases      ] GC(53) Reference Processing 0.020ms
[1085.892s][debug][gc,phases      ] GC(53)   VM Weak                        Min:  0.0, Avg:  0.0, Max:  0.0, Diff:  0.0, Sum:  0.0, Workers: 4
[1085.892s][debug][gc,phases      ] GC(53)     Dead                           Min: 0, Avg:  0.0, Max: 0, Diff: 0, Sum: 0, Workers: 4
[1085.892s][debug][gc,phases      ] GC(53)     Total                          Min: 0, Avg: 164.0, Max: 656, Diff: 656, Sum: 656, Workers: 4
[1085.892s][debug][gc,phases      ] GC(53)   ObjectSynchronizer Weak        Min:  0.0, Avg:  0.0, Max:  0.0, Diff:  0.0, Sum:  0.0, Workers: 4
[1085.892s][debug][gc,phases      ] GC(53)     Dead                           Min: 0, Avg:  0.0, Max: 0, Diff: 0, Sum: 0, Workers: 4
[1085.892s][debug][gc,phases      ] GC(53)     Total                          Min: 0, Avg:  7.2, Max: 29, Diff: 29, Sum: 29, Workers: 4
[1085.892s][debug][gc,phases      ] GC(53)   JVMTI Tag Weak OopStorage      Min:  0.0, Avg:  0.0, Max:  0.0, Diff:  0.0, Sum:  0.0, Workers: 4
[1085.892s][debug][gc,phases      ] GC(53)     Dead                           Min: 0, Avg:  0.0, Max: 0, Diff: 0, Sum: 0, Workers: 4
[1085.892s][debug][gc,phases      ] GC(53)     Total                          Min: 0, Avg:  0.0, Max: 0, Diff: 0, Sum: 0, Workers: 4
[1085.892s][debug][gc,phases      ] GC(53)   StringTable Weak               Min:  0.0, Avg:  0.1, Max:  0.1, Diff:  0.1, Sum:  0.3, Workers: 4
[1085.892s][debug][gc,phases      ] GC(53)     Dead                           Min: 0, Avg:  0.0, Max: 0, Diff: 0, Sum: 0, Workers: 4
[1085.892s][debug][gc,phases      ] GC(53)     Total                          Min: 0, Avg: 10516.2, Max: 16977, Diff: 16977, Sum: 42065, Workers: 4
[1085.892s][debug][gc,phases      ] GC(53)   ResolvedMethodTable Weak       Min:  0.0, Avg:  0.0, Max:  0.0, Diff:  0.0, Sum:  0.1, Workers: 4
[1085.892s][debug][gc,phases      ] GC(53)     Dead                           Min: 0, Avg:  0.0, Max: 0, Diff: 0, Sum: 0, Workers: 4
[1085.892s][debug][gc,phases      ] GC(53)     Total                          Min: 0, Avg: 2038.0, Max: 3288, Diff: 3288, Sum: 8152, Workers: 4
[1085.892s][debug][gc,phases      ] GC(53)   JNI Weak                       Min:  0.0, Avg:  0.0, Max:  0.0, Diff:  0.0, Sum:  0.0, Workers: 4
[1085.892s][debug][gc,phases      ] GC(53)     Dead                           Min: 0, Avg:  0.0, Max: 0, Diff: 0, Sum: 0, Workers: 4
[1085.892s][debug][gc,phases      ] GC(53)     Total                          Min: 0, Avg: 11.2, Max: 45, Diff: 45, Sum: 45, Workers: 4
[1085.892s][debug][gc,phases      ] GC(53)   StringDedup Table Weak         Min:  0.0, Avg:  0.0, Max:  0.0, Diff:  0.0, Sum:  0.0, Workers: 4
[1085.892s][debug][gc,phases      ] GC(53)     Dead                           Min: 0, Avg:  0.0, Max: 0, Diff: 0, Sum: 0, Workers: 4
[1085.892s][debug][gc,phases      ] GC(53)     Total                          Min: 0, Avg:  0.0, Max: 0, Diff: 0, Sum: 0, Workers: 4
[1085.892s][debug][gc,phases      ] GC(53)   StringDedup Requests0 Weak     Min:  0.0, Avg:  0.0, Max:  0.0, Diff:  0.0, Sum:  0.0, Workers: 4
[1085.892s][debug][gc,phases      ] GC(53)     Dead                           Min: 0, Avg:  0.0, Max: 0, Diff: 0, Sum: 0, Workers: 4
[1085.892s][debug][gc,phases      ] GC(53)     Total                          Min: 0, Avg:  0.0, Max: 0, Diff: 0, Sum: 0, Workers: 4
[1085.892s][debug][gc,phases      ] GC(53)   StringDedup Requests1 Weak     Min:  0.0, Avg:  0.0, Max:  0.0, Diff:  0.0, Sum:  0.0, Workers: 4
[1085.892s][debug][gc,phases      ] GC(53)     Dead                           Min: 0, Avg:  0.0, Max: 0, Diff: 0, Sum: 0, Workers: 4
[1085.892s][debug][gc,phases      ] GC(53)     Total                          Min: 0, Avg:  0.0, Max: 0, Diff: 0, Sum: 0, Workers: 4
[1085.892s][debug][gc,phases      ] GC(53)   Weak JFR Old Object Samples    Min:  0.0, Avg:  0.0, Max:  0.0, Diff:  0.0, Sum:  0.0, Workers: 4
[1085.892s][debug][gc,phases      ] GC(53)     Dead                           Min: 0, Avg:  0.0, Max: 0, Diff: 0, Sum: 0, Workers: 4
[1085.892s][debug][gc,phases      ] GC(53)     Total                          Min: 0, Avg:  0.0, Max: 0, Diff: 0, Sum: 0, Workers: 4
[1085.892s][debug][gc,phases      ] GC(53) Weak Processing 0.303ms
[1085.892s][debug][gc,age         ] GC(53) Desired survivor size 96993280 bytes, new threshold 15 (max threshold 15)
[1085.892s][info ][gc,heap        ] GC(53) PSYoungGen: 1868928K(1978880K)->128K(2002432K) Eden: 1868800K(1868800K)->0K(1900544K) From: 128K(110080K)->128K(101888K)
[1085.892s][info ][gc,heap        ] GC(53) ParOldGen: 220532K(363520K)->220540K(363520K)
[1085.892s][info ][gc,metaspace   ] GC(53) Metaspace: 75850K(76736K)->75850K(76736K) NonClass: 64987K(65472K)->64987K(65472K) Class: 10863K(11264K)->10863K(11264K)
[1085.892s][info ][gc             ] GC(53) Pause Young (Allocation Failure) 2040M->215M(2310M) 1.298ms
[1085.892s][info ][gc,cpu         ] GC(53) User=0.00s Sys=0.00s Real=0.00s
[1085.892s][info ][safepoint      ] Safepoint "ParallelGCFailedAllocation", Time since last: 27550561724 ns, Reaching safepoint: 29300 ns, At safepoint: 1383901 ns, Total: 1413201 ns
[1103.894s][info ][safepoint      ] Safepoint "Cleanup", Time since last: 18001120054 ns, Reaching safepoint: 35600 ns, At safepoint: 3300 ns, Total: 38900 ns
[1117.890s][info ][gc,start       ] GC(54) Pause Young (Allocation Failure)
[1117.891s][debug][gc,phases      ] GC(54) Scavenge 0.786ms
[1117.891s][debug][gc,ref         ] GC(54) Skipped phase 1 of Reference Processing: no references
[1117.891s][debug][gc,ref         ] GC(54) Skipped phase 2 of Reference Processing: no references
[1117.891s][debug][gc,ref         ] GC(54) Skipped phase 3 of Reference Processing: no references
[1117.891s][debug][gc,ref         ] GC(54) Skipped phase 4 of Reference Processing: no references
[1117.891s][debug][gc,phases      ] GC(54) Reference Processing 0.019ms
[1117.891s][debug][gc,phases      ] GC(54)   VM Weak                        Min:  0.0, Avg:  0.0, Max:  0.0, Diff:  0.0, Sum:  0.0, Workers: 4
[1117.891s][debug][gc,phases      ] GC(54)     Dead                           Min: 0, Avg:  0.0, Max: 0, Diff: 0, Sum: 0, Workers: 4
[1117.891s][debug][gc,phases      ] GC(54)     Total                          Min: 0, Avg: 164.0, Max: 464, Diff: 464, Sum: 656, Workers: 4
[1117.891s][debug][gc,phases      ] GC(54)   ObjectSynchronizer Weak        Min:  0.0, Avg:  0.0, Max:  0.0, Diff:  0.0, Sum:  0.0, Workers: 4
[1117.891s][debug][gc,phases      ] GC(54)     Dead                           Min: 0, Avg:  0.0, Max: 0, Diff: 0, Sum: 0, Workers: 4
[1117.891s][debug][gc,phases      ] GC(54)     Total                          Min: 0, Avg:  7.2, Max: 29, Diff: 29, Sum: 29, Workers: 4
[1117.891s][debug][gc,phases      ] GC(54)   JVMTI Tag Weak OopStorage      Min:  0.0, Avg:  0.0, Max:  0.0, Diff:  0.0, Sum:  0.0, Workers: 4
[1117.891s][debug][gc,phases      ] GC(54)     Dead                           Min: 0, Avg:  0.0, Max: 0, Diff: 0, Sum: 0, Workers: 4
[1117.891s][debug][gc,phases      ] GC(54)     Total                          Min: 0, Avg:  0.0, Max: 0, Diff: 0, Sum: 0, Workers: 4
[1117.891s][debug][gc,phases      ] GC(54)   StringTable Weak               Min:  0.0, Avg:  0.1, Max:  0.1, Diff:  0.1, Sum:  0.4, Workers: 4
[1117.891s][debug][gc,phases      ] GC(54)     Dead                           Min: 0, Avg:  0.0, Max: 0, Diff: 0, Sum: 0, Workers: 4
[1117.891s][debug][gc,phases      ] GC(54)     Total                          Min: 0, Avg: 10516.2, Max: 14976, Diff: 14976, Sum: 42065, Workers: 4
[1117.891s][debug][gc,phases      ] GC(54)   ResolvedMethodTable Weak       Min:  0.0, Avg:  0.0, Max:  0.0, Diff:  0.0, Sum:  0.1, Workers: 4
[1117.891s][debug][gc,phases      ] GC(54)     Dead                           Min: 0, Avg:  0.0, Max: 0, Diff: 0, Sum: 0, Workers: 4
[1117.891s][debug][gc,phases      ] GC(54)     Total                          Min: 0, Avg: 2038.0, Max: 2816, Diff: 2816, Sum: 8152, Workers: 4
[1117.891s][debug][gc,phases      ] GC(54)   JNI Weak                       Min:  0.0, Avg:  0.0, Max:  0.0, Diff:  0.0, Sum:  0.0, Workers: 4
[1117.891s][debug][gc,phases      ] GC(54)     Dead                           Min: 0, Avg:  0.0, Max: 0, Diff: 0, Sum: 0, Workers: 4
[1117.891s][debug][gc,phases      ] GC(54)     Total                          Min: 0, Avg: 11.2, Max: 45, Diff: 45, Sum: 45, Workers: 4
[1117.891s][debug][gc,phases      ] GC(54)   StringDedup Table Weak         Min:  0.0, Avg:  0.0, Max:  0.0, Diff:  0.0, Sum:  0.0, Workers: 4
[1117.891s][debug][gc,phases      ] GC(54)     Dead                           Min: 0, Avg:  0.0, Max: 0, Diff: 0, Sum: 0, Workers: 4
[1117.891s][debug][gc,phases      ] GC(54)     Total                          Min: 0, Avg:  0.0, Max: 0, Diff: 0, Sum: 0, Workers: 4
[1117.891s][debug][gc,phases      ] GC(54)   StringDedup Requests0 Weak     Min:  0.0, Avg:  0.0, Max:  0.0, Diff:  0.0, Sum:  0.0, Workers: 4
[1117.891s][debug][gc,phases      ] GC(54)     Dead                           Min: 0, Avg:  0.0, Max: 0, Diff: 0, Sum: 0, Workers: 4
[1117.891s][debug][gc,phases      ] GC(54)     Total                          Min: 0, Avg:  0.0, Max: 0, Diff: 0, Sum: 0, Workers: 4
[1117.891s][debug][gc,phases      ] GC(54)   StringDedup Requests1 Weak     Min:  0.0, Avg:  0.0, Max:  0.0, Diff:  0.0, Sum:  0.0, Workers: 4
[1117.891s][debug][gc,phases      ] GC(54)     Dead                           Min: 0, Avg:  0.0, Max: 0, Diff: 0, Sum: 0, Workers: 4
[1117.891s][debug][gc,phases      ] GC(54)     Total                          Min: 0, Avg:  0.0, Max: 0, Diff: 0, Sum: 0, Workers: 4
[1117.891s][debug][gc,phases      ] GC(54)   Weak JFR Old Object Samples    Min:  0.0, Avg:  0.0, Max:  0.0, Diff:  0.0, Sum:  0.0, Workers: 4
[1117.891s][debug][gc,phases      ] GC(54)     Dead                           Min: 0, Avg:  0.0, Max: 0, Diff: 0, Sum: 0, Workers: 4
[1117.891s][debug][gc,phases      ] GC(54)     Total                          Min: 0, Avg:  0.0, Max: 0, Diff: 0, Sum: 0, Workers: 4
[1117.891s][debug][gc,phases      ] GC(54) Weak Processing 0.330ms
[1117.891s][debug][gc,age         ] GC(54) Desired survivor size 90177536 bytes, new threshold 15 (max threshold 15)
[1117.891s][info ][gc,heap        ] GC(54) PSYoungGen: 1900672K(2002432K)->128K(1995264K) Eden: 1900544K(1900544K)->0K(1900544K) From: 128K(101888K)->128K(94720K)
[1117.891s][info ][gc,heap        ] GC(54) ParOldGen: 220540K(363520K)->220540K(363520K)
[1117.891s][info ][gc,metaspace   ] GC(54) Metaspace: 75851K(76736K)->75851K(76736K) NonClass: 64987K(65472K)->64987K(65472K) Class: 10863K(11264K)->10863K(11264K)
[1117.891s][info ][gc             ] GC(54) Pause Young (Allocation Failure) 2071M->215M(2303M) 1.219ms
[1117.891s][info ][gc,cpu         ] GC(54) User=0.00s Sys=0.00s Real=0.00s
[1117.891s][info ][safepoint      ] Safepoint "ParallelGCFailedAllocation", Time since last: 13996340436 ns, Reaching safepoint: 102300 ns, At safepoint: 1272502 ns, Total: 1374802 ns
[1150.088s][info ][gc,start       ] GC(55) Pause Young (Allocation Failure)
[1150.089s][debug][gc,phases      ] GC(55) Scavenge 1.261ms
[1150.089s][debug][gc,ref         ] GC(55) Skipped phase 1 of Reference Processing: no references
[1150.089s][debug][gc,ref         ] GC(55) Skipped phase 2 of Reference Processing: no references
[1150.089s][debug][gc,ref         ] GC(55) Skipped phase 3 of Reference Processing: no references
[1150.089s][debug][gc,ref         ] GC(55) Skipped phase 4 of Reference Processing: no references
[1150.089s][debug][gc,phases      ] GC(55) Reference Processing 0.021ms
[1150.089s][debug][gc,phases      ] GC(55)   VM Weak                        Min:  0.0, Avg:  0.0, Max:  0.0, Diff:  0.0, Sum:  0.0, Workers: 4
[1150.089s][debug][gc,phases      ] GC(55)     Dead                           Min: 0, Avg:  0.0, Max: 0, Diff: 0, Sum: 0, Workers: 4
[1150.089s][debug][gc,phases      ] GC(55)     Total                          Min: 0, Avg: 164.0, Max: 592, Diff: 592, Sum: 656, Workers: 4
[1150.089s][debug][gc,phases      ] GC(55)   ObjectSynchronizer Weak        Min:  0.0, Avg:  0.0, Max:  0.0, Diff:  0.0, Sum:  0.0, Workers: 4
[1150.089s][debug][gc,phases      ] GC(55)     Dead                           Min: 0, Avg:  0.0, Max: 0, Diff: 0, Sum: 0, Workers: 4
[1150.089s][debug][gc,phases      ] GC(55)     Total                          Min: 0, Avg:  7.2, Max: 29, Diff: 29, Sum: 29, Workers: 4
[1150.089s][debug][gc,phases      ] GC(55)   JVMTI Tag Weak OopStorage      Min:  0.0, Avg:  0.0, Max:  0.0, Diff:  0.0, Sum:  0.0, Workers: 4
[1150.089s][debug][gc,phases      ] GC(55)     Dead                           Min: 0, Avg:  0.0, Max: 0, Diff: 0, Sum: 0, Workers: 4
[1150.089s][debug][gc,phases      ] GC(55)     Total                          Min: 0, Avg:  0.0, Max: 0, Diff: 0, Sum: 0, Workers: 4
[1150.089s][debug][gc,phases      ] GC(55)   StringTable Weak               Min:  0.0, Avg:  0.1, Max:  0.1, Diff:  0.1, Sum:  0.3, Workers: 4
[1150.089s][debug][gc,phases      ] GC(55)     Dead                           Min: 0, Avg:  0.0, Max: 0, Diff: 0, Sum: 0, Workers: 4
[1150.089s][debug][gc,phases      ] GC(55)     Total                          Min: 0, Avg: 10517.2, Max: 16789, Diff: 16789, Sum: 42069, Workers: 4
[1150.089s][debug][gc,phases      ] GC(55)   ResolvedMethodTable Weak       Min:  0.0, Avg:  0.0, Max:  0.0, Diff:  0.0, Sum:  0.1, Workers: 4
[1150.089s][debug][gc,phases      ] GC(55)     Dead                           Min: 0, Avg:  0.0, Max: 0, Diff: 0, Sum: 0, Workers: 4
[1150.089s][debug][gc,phases      ] GC(55)     Total                          Min: 0, Avg: 2038.0, Max: 3456, Diff: 3456, Sum: 8152, Workers: 4
[1150.089s][debug][gc,phases      ] GC(55)   JNI Weak                       Min:  0.0, Avg:  0.0, Max:  0.0, Diff:  0.0, Sum:  0.0, Workers: 4
[1150.089s][debug][gc,phases      ] GC(55)     Dead                           Min: 0, Avg:  0.0, Max: 0, Diff: 0, Sum: 0, Workers: 4
[1150.089s][debug][gc,phases      ] GC(55)     Total                          Min: 0, Avg: 11.2, Max: 45, Diff: 45, Sum: 45, Workers: 4
[1150.089s][debug][gc,phases      ] GC(55)   StringDedup Table Weak         Min:  0.0, Avg:  0.0, Max:  0.0, Diff:  0.0, Sum:  0.0, Workers: 4
[1150.089s][debug][gc,phases      ] GC(55)     Dead                           Min: 0, Avg:  0.0, Max: 0, Diff: 0, Sum: 0, Workers: 4
[1150.089s][debug][gc,phases      ] GC(55)     Total                          Min: 0, Avg:  0.0, Max: 0, Diff: 0, Sum: 0, Workers: 4
[1150.089s][debug][gc,phases      ] GC(55)   StringDedup Requests0 Weak     Min:  0.0, Avg:  0.0, Max:  0.0, Diff:  0.0, Sum:  0.0, Workers: 4
[1150.089s][debug][gc,phases      ] GC(55)     Dead                           Min: 0, Avg:  0.0, Max: 0, Diff: 0, Sum: 0, Workers: 4
[1150.089s][debug][gc,phases      ] GC(55)     Total                          Min: 0, Avg:  0.0, Max: 0, Diff: 0, Sum: 0, Workers: 4
[1150.089s][debug][gc,phases      ] GC(55)   StringDedup Requests1 Weak     Min:  0.0, Avg:  0.0, Max:  0.0, Diff:  0.0, Sum:  0.0, Workers: 4
[1150.089s][debug][gc,phases      ] GC(55)     Dead                           Min: 0, Avg:  0.0, Max: 0, Diff: 0, Sum: 0, Workers: 4
[1150.089s][debug][gc,phases      ] GC(55)     Total                          Min: 0, Avg:  0.0, Max: 0, Diff: 0, Sum: 0, Workers: 4
[1150.089s][debug][gc,phases      ] GC(55)   Weak JFR Old Object Samples    Min:  0.0, Avg:  0.0, Max:  0.0, Diff:  0.0, Sum:  0.0, Workers: 4
[1150.089s][debug][gc,phases      ] GC(55)     Dead                           Min: 0, Avg:  0.0, Max: 0, Diff: 0, Sum: 0, Workers: 4
[1150.089s][debug][gc,phases      ] GC(55)     Total                          Min: 0, Avg:  0.0, Max: 0, Diff: 0, Sum: 0, Workers: 4
[1150.089s][debug][gc,phases      ] GC(55) Weak Processing 0.312ms
[1150.089s][debug][gc,age         ] GC(55) Desired survivor size 83361792 bytes, new threshold 15 (max threshold 15)
[1150.089s][info ][gc,heap        ] GC(55) PSYoungGen: 1900672K(1995264K)->96K(2015744K) Eden: 1900544K(1900544K)->0K(1927680K) From: 128K(94720K)->96K(88064K)
[1150.089s][info ][gc,heap        ] GC(55) ParOldGen: 220540K(363520K)->220556K(363520K)
[1150.089s][info ][gc,metaspace   ] GC(55) Metaspace: 75851K(76736K)->75851K(76736K) NonClass: 64987K(65472K)->64987K(65472K) Class: 10863K(11264K)->10863K(11264K)
[1150.089s][info ][gc             ] GC(55) Pause Young (Allocation Failure) 2071M->215M(2323M) 1.689ms
[1150.090s][info ][gc,cpu         ] GC(55) User=0.01s Sys=0.00s Real=0.00s
[1150.090s][info ][safepoint      ] Safepoint "ParallelGCFailedAllocation", Time since last: 32196448062 ns, Reaching safepoint: 35800 ns, At safepoint: 1746502 ns, Total: 1782302 ns
[1182.238s][info ][gc,start       ] GC(56) Pause Young (Allocation Failure)
[1182.239s][debug][gc,phases      ] GC(56) Scavenge 0.926ms
[1182.239s][debug][gc,ref         ] GC(56) Skipped phase 1 of Reference Processing: no references
[1182.239s][debug][gc,ref         ] GC(56) Skipped phase 2 of Reference Processing: no references
[1182.239s][debug][gc,ref         ] GC(56) Skipped phase 3 of Reference Processing: no references
[1182.239s][debug][gc,ref         ] GC(56) Skipped phase 4 of Reference Processing: no references
[1182.239s][debug][gc,phases      ] GC(56) Reference Processing 0.034ms
[1182.240s][debug][gc,phases      ] GC(56)   VM Weak                        Min:  0.0, Avg:  0.0, Max:  0.0, Diff:  0.0, Sum:  0.0, Workers: 4
[1182.240s][debug][gc,phases      ] GC(56)     Dead                           Min: 0, Avg:  0.0, Max: 0, Diff: 0, Sum: 0, Workers: 4
[1182.240s][debug][gc,phases      ] GC(56)     Total                          Min: 0, Avg: 164.0, Max: 656, Diff: 656, Sum: 656, Workers: 4
[1182.240s][debug][gc,phases      ] GC(56)   ObjectSynchronizer Weak        Min:  0.0, Avg:  0.0, Max:  0.0, Diff:  0.0, Sum:  0.0, Workers: 4
[1182.240s][debug][gc,phases      ] GC(56)     Dead                           Min: 0, Avg:  0.0, Max: 0, Diff: 0, Sum: 0, Workers: 4
[1182.240s][debug][gc,phases      ] GC(56)     Total                          Min: 0, Avg:  7.2, Max: 29, Diff: 29, Sum: 29, Workers: 4
[1182.240s][debug][gc,phases      ] GC(56)   JVMTI Tag Weak OopStorage      Min:  0.0, Avg:  0.0, Max:  0.0, Diff:  0.0, Sum:  0.0, Workers: 4
[1182.240s][debug][gc,phases      ] GC(56)     Dead                           Min: 0, Avg:  0.0, Max: 0, Diff: 0, Sum: 0, Workers: 4
[1182.240s][debug][gc,phases      ] GC(56)     Total                          Min: 0, Avg:  0.0, Max: 0, Diff: 0, Sum: 0, Workers: 4
[1182.240s][debug][gc,phases      ] GC(56)   StringTable Weak               Min:  0.0, Avg:  0.1, Max:  0.1, Diff:  0.1, Sum:  0.3, Workers: 4
[1182.240s][debug][gc,phases      ] GC(56)     Dead                           Min: 0, Avg:  0.0, Max: 0, Diff: 0, Sum: 0, Workers: 4
[1182.240s][debug][gc,phases      ] GC(56)     Total                          Min: 0, Avg: 10517.2, Max: 17664, Diff: 17664, Sum: 42069, Workers: 4
[1182.240s][debug][gc,phases      ] GC(56)   ResolvedMethodTable Weak       Min:  0.0, Avg:  0.0, Max:  0.0, Diff:  0.0, Sum:  0.1, Workers: 4
[1182.240s][debug][gc,phases      ] GC(56)     Dead                           Min: 0, Avg:  0.0, Max: 0, Diff: 0, Sum: 0, Workers: 4
[1182.240s][debug][gc,phases      ] GC(56)     Total                          Min: 0, Avg: 2038.0, Max: 3480, Diff: 3480, Sum: 8152, Workers: 4
[1182.240s][debug][gc,phases      ] GC(56)   JNI Weak                       Min:  0.0, Avg:  0.0, Max:  0.0, Diff:  0.0, Sum:  0.0, Workers: 4
[1182.240s][debug][gc,phases      ] GC(56)     Dead                           Min: 0, Avg:  0.0, Max: 0, Diff: 0, Sum: 0, Workers: 4
[1182.240s][debug][gc,phases      ] GC(56)     Total                          Min: 0, Avg: 11.2, Max: 45, Diff: 45, Sum: 45, Workers: 4
[1182.240s][debug][gc,phases      ] GC(56)   StringDedup Table Weak         Min:  0.0, Avg:  0.0, Max:  0.0, Diff:  0.0, Sum:  0.0, Workers: 4
[1182.240s][debug][gc,phases      ] GC(56)     Dead                           Min: 0, Avg:  0.0, Max: 0, Diff: 0, Sum: 0, Workers: 4
[1182.240s][debug][gc,phases      ] GC(56)     Total                          Min: 0, Avg:  0.0, Max: 0, Diff: 0, Sum: 0, Workers: 4
[1182.240s][debug][gc,phases      ] GC(56)   StringDedup Requests0 Weak     Min:  0.0, Avg:  0.0, Max:  0.0, Diff:  0.0, Sum:  0.0, Workers: 4
[1182.240s][debug][gc,phases      ] GC(56)     Dead                           Min: 0, Avg:  0.0, Max: 0, Diff: 0, Sum: 0, Workers: 4
[1182.240s][debug][gc,phases      ] GC(56)     Total                          Min: 0, Avg:  0.0, Max: 0, Diff: 0, Sum: 0, Workers: 4
[1182.240s][debug][gc,phases      ] GC(56)   StringDedup Requests1 Weak     Min:  0.0, Avg:  0.0, Max:  0.0, Diff:  0.0, Sum:  0.0, Workers: 4
[1182.240s][debug][gc,phases      ] GC(56)     Dead                           Min: 0, Avg:  0.0, Max: 0, Diff: 0, Sum: 0, Workers: 4
[1182.240s][debug][gc,phases      ] GC(56)     Total                          Min: 0, Avg:  0.0, Max: 0, Diff: 0, Sum: 0, Workers: 4
[1182.240s][debug][gc,phases      ] GC(56)   Weak JFR Old Object Samples    Min:  0.0, Avg:  0.0, Max:  0.0, Diff:  0.0, Sum:  0.0, Workers: 4
[1182.240s][debug][gc,phases      ] GC(56)     Dead                           Min: 0, Avg:  0.0, Max: 0, Diff: 0, Sum: 0, Workers: 4
[1182.240s][debug][gc,phases      ] GC(56)     Total                          Min: 0, Avg:  0.0, Max: 0, Diff: 0, Sum: 0, Workers: 4
[1182.240s][debug][gc,phases      ] GC(56) Weak Processing 0.296ms
[1182.240s][debug][gc,age         ] GC(56) Desired survivor size 77070336 bytes, new threshold 15 (max threshold 15)
[1182.240s][info ][gc,heap        ] GC(56) PSYoungGen: 1927776K(2015744K)->96K(2009088K) Eden: 1927680K(1927680K)->0K(1927680K) From: 96K(88064K)->96K(81408K)
[1182.240s][info ][gc,heap        ] GC(56) ParOldGen: 220556K(363520K)->220564K(363520K)
[1182.240s][info ][gc,metaspace   ] GC(56) Metaspace: 75851K(76736K)->75851K(76736K) NonClass: 64987K(65472K)->64987K(65472K) Class: 10863K(11264K)->10863K(11264K)
[1182.240s][info ][gc             ] GC(56) Pause Young (Allocation Failure) 2097M->215M(2317M) 1.351ms
[1182.240s][info ][gc,cpu         ] GC(56) User=0.00s Sys=0.00s Real=0.00s
[1182.240s][info ][safepoint      ] Safepoint "ParallelGCFailedAllocation", Time since last: 32148700789 ns, Reaching safepoint: 95000 ns, At safepoint: 1410701 ns, Total: 1505701 ns
[1212.242s][info ][safepoint      ] Safepoint "Cleanup", Time since last: 30001837208 ns, Reaching safepoint: 47500 ns, At safepoint: 2600 ns, Total: 50100 ns
[1214.242s][info ][safepoint      ] Safepoint "Cleanup", Time since last: 2000174183 ns, Reaching safepoint: 32200 ns, At safepoint: 3700 ns, Total: 35900 ns
[1214.389s][info ][gc,start       ] GC(57) Pause Young (Allocation Failure)
[1214.390s][debug][gc,phases      ] GC(57) Scavenge 0.948ms
[1214.390s][debug][gc,ref         ] GC(57) Skipped phase 1 of Reference Processing: no references
[1214.390s][debug][gc,ref         ] GC(57) Skipped phase 2 of Reference Processing: no references
[1214.390s][debug][gc,ref         ] GC(57) Skipped phase 3 of Reference Processing: no references
[1214.390s][debug][gc,ref         ] GC(57) Skipped phase 4 of Reference Processing: no references
[1214.390s][debug][gc,phases      ] GC(57) Reference Processing 0.020ms
[1214.390s][debug][gc,phases      ] GC(57)   VM Weak                        Min:  0.0, Avg:  0.0, Max:  0.0, Diff:  0.0, Sum:  0.0, Workers: 4
[1214.390s][debug][gc,phases      ] GC(57)     Dead                           Min: 0, Avg:  0.0, Max: 0, Diff: 0, Sum: 0, Workers: 4
[1214.390s][debug][gc,phases      ] GC(57)     Total                          Min: 0, Avg: 164.0, Max: 448, Diff: 448, Sum: 656, Workers: 4
[1214.390s][debug][gc,phases      ] GC(57)   ObjectSynchronizer Weak        Min:  0.0, Avg:  0.0, Max:  0.0, Diff:  0.0, Sum:  0.0, Workers: 4
[1214.390s][debug][gc,phases      ] GC(57)     Dead                           Min: 0, Avg:  0.0, Max: 0, Diff: 0, Sum: 0, Workers: 4
[1214.390s][debug][gc,phases      ] GC(57)     Total                          Min: 0, Avg:  7.2, Max: 29, Diff: 29, Sum: 29, Workers: 4
[1214.390s][debug][gc,phases      ] GC(57)   JVMTI Tag Weak OopStorage      Min:  0.0, Avg:  0.0, Max:  0.0, Diff:  0.0, Sum:  0.0, Workers: 4
[1214.390s][debug][gc,phases      ] GC(57)     Dead                           Min: 0, Avg:  0.0, Max: 0, Diff: 0, Sum: 0, Workers: 4
[1214.390s][debug][gc,phases      ] GC(57)     Total                          Min: 0, Avg:  0.0, Max: 0, Diff: 0, Sum: 0, Workers: 4
[1214.390s][debug][gc,phases      ] GC(57)   StringTable Weak               Min:  0.1, Avg:  0.1, Max:  0.1, Diff:  0.0, Sum:  0.4, Workers: 4
[1214.390s][debug][gc,phases      ] GC(57)     Dead                           Min: 0, Avg:  0.0, Max: 0, Diff: 0, Sum: 0, Workers: 4
[1214.390s][debug][gc,phases      ] GC(57)     Total                          Min: 9856, Avg: 10518.2, Max: 10944, Diff: 1088, Sum: 42073, Workers: 4
[1214.390s][debug][gc,phases      ] GC(57)   ResolvedMethodTable Weak       Min:  0.0, Avg:  0.0, Max:  0.0, Diff:  0.0, Sum:  0.1, Workers: 4
[1214.390s][debug][gc,phases      ] GC(57)     Dead                           Min: 0, Avg:  0.0, Max: 0, Diff: 0, Sum: 0, Workers: 4
[1214.390s][debug][gc,phases      ] GC(57)     Total                          Min: 1920, Avg: 2038.0, Max: 2240, Diff: 320, Sum: 8152, Workers: 4
[1214.390s][debug][gc,phases      ] GC(57)   JNI Weak                       Min:  0.0, Avg:  0.0, Max:  0.0, Diff:  0.0, Sum:  0.0, Workers: 4
[1214.390s][debug][gc,phases      ] GC(57)     Dead                           Min: 0, Avg:  0.0, Max: 0, Diff: 0, Sum: 0, Workers: 4
[1214.390s][debug][gc,phases      ] GC(57)     Total                          Min: 0, Avg: 11.2, Max: 45, Diff: 45, Sum: 45, Workers: 4
[1214.390s][debug][gc,phases      ] GC(57)   StringDedup Table Weak         Min:  0.0, Avg:  0.0, Max:  0.0, Diff:  0.0, Sum:  0.0, Workers: 4
[1214.390s][debug][gc,phases      ] GC(57)     Dead                           Min: 0, Avg:  0.0, Max: 0, Diff: 0, Sum: 0, Workers: 4
[1214.390s][debug][gc,phases      ] GC(57)     Total                          Min: 0, Avg:  0.0, Max: 0, Diff: 0, Sum: 0, Workers: 4
[1214.390s][debug][gc,phases      ] GC(57)   StringDedup Requests0 Weak     Min:  0.0, Avg:  0.0, Max:  0.0, Diff:  0.0, Sum:  0.0, Workers: 4
[1214.390s][debug][gc,phases      ] GC(57)     Dead                           Min: 0, Avg:  0.0, Max: 0, Diff: 0, Sum: 0, Workers: 4
[1214.390s][debug][gc,phases      ] GC(57)     Total                          Min: 0, Avg:  0.0, Max: 0, Diff: 0, Sum: 0, Workers: 4
[1214.390s][debug][gc,phases      ] GC(57)   StringDedup Requests1 Weak     Min:  0.0, Avg:  0.0, Max:  0.0, Diff:  0.0, Sum:  0.0, Workers: 4
[1214.390s][debug][gc,phases      ] GC(57)     Dead                           Min: 0, Avg:  0.0, Max: 0, Diff: 0, Sum: 0, Workers: 4
[1214.390s][debug][gc,phases      ] GC(57)     Total                          Min: 0, Avg:  0.0, Max: 0, Diff: 0, Sum: 0, Workers: 4
[1214.390s][debug][gc,phases      ] GC(57)   Weak JFR Old Object Samples    Min:  0.0, Avg:  0.0, Max:  0.0, Diff:  0.0, Sum:  0.0, Workers: 4
[1214.390s][debug][gc,phases      ] GC(57)     Dead                           Min: 0, Avg:  0.0, Max: 0, Diff: 0, Sum: 0, Workers: 4
[1214.390s][debug][gc,phases      ] GC(57)     Total                          Min: 0, Avg:  0.0, Max: 0, Diff: 0, Sum: 0, Workers: 4
[1214.390s][debug][gc,phases      ] GC(57) Weak Processing 0.282ms
[1214.390s][debug][gc,age         ] GC(57) Desired survivor size 71303168 bytes, new threshold 15 (max threshold 15)
[1214.390s][info ][gc,heap        ] GC(57) PSYoungGen: 1927776K(2009088K)->128K(2027520K) Eden: 1927680K(1927680K)->0K(1952256K) From: 96K(81408K)->128K(75264K)
[1214.390s][info ][gc,heap        ] GC(57) ParOldGen: 220564K(363520K)->220572K(363520K)
[1214.390s][info ][gc,metaspace   ] GC(57) Metaspace: 75863K(76736K)->75863K(76736K) NonClass: 64999K(65472K)->64999K(65472K) Class: 10863K(11264K)->10863K(11264K)
[1214.390s][info ][gc             ] GC(57) Pause Young (Allocation Failure) 2097M->215M(2335M) 1.347ms
[1214.390s][info ][gc,cpu         ] GC(57) User=0.01s Sys=0.00s Real=0.01s
[1214.390s][info ][safepoint      ] Safepoint "ParallelGCFailedAllocation", Time since last: 147008660 ns, Reaching safepoint: 90800 ns, At safepoint: 1407802 ns, Total: 1498602 ns
[1247.388s][info ][gc,start       ] GC(58) Pause Young (Allocation Failure)
[1247.388s][debug][gc,phases      ] GC(58) Scavenge 0.543ms
[1247.389s][debug][gc,ref         ] GC(58) Skipped phase 1 of Reference Processing: no references
[1247.389s][debug][gc,ref         ] GC(58) Skipped phase 2 of Reference Processing: no references
[1247.389s][debug][gc,ref         ] GC(58) Skipped phase 3 of Reference Processing: no references
[1247.389s][debug][gc,ref         ] GC(58) Skipped phase 4 of Reference Processing: no references
[1247.389s][debug][gc,phases      ] GC(58) Reference Processing 0.019ms
[1247.389s][debug][gc,phases      ] GC(58)   VM Weak                        Min:  0.0, Avg:  0.0, Max:  0.0, Diff:  0.0, Sum:  0.0, Workers: 4
[1247.389s][debug][gc,phases      ] GC(58)     Dead                           Min: 0, Avg:  0.0, Max: 0, Diff: 0, Sum: 0, Workers: 4
[1247.389s][debug][gc,phases      ] GC(58)     Total                          Min: 0, Avg: 164.0, Max: 512, Diff: 512, Sum: 656, Workers: 4
[1247.389s][debug][gc,phases      ] GC(58)   ObjectSynchronizer Weak        Min:  0.0, Avg:  0.0, Max:  0.0, Diff:  0.0, Sum:  0.0, Workers: 4
[1247.389s][debug][gc,phases      ] GC(58)     Dead                           Min: 0, Avg:  0.0, Max: 0, Diff: 0, Sum: 0, Workers: 4
[1247.389s][debug][gc,phases      ] GC(58)     Total                          Min: 0, Avg:  7.2, Max: 29, Diff: 29, Sum: 29, Workers: 4
[1247.389s][debug][gc,phases      ] GC(58)   JVMTI Tag Weak OopStorage      Min:  0.0, Avg:  0.0, Max:  0.0, Diff:  0.0, Sum:  0.0, Workers: 4
[1247.389s][debug][gc,phases      ] GC(58)     Dead                           Min: 0, Avg:  0.0, Max: 0, Diff: 0, Sum: 0, Workers: 4
[1247.389s][debug][gc,phases      ] GC(58)     Total                          Min: 0, Avg:  0.0, Max: 0, Diff: 0, Sum: 0, Workers: 4
[1247.389s][debug][gc,phases      ] GC(58)   StringTable Weak               Min:  0.1, Avg:  0.1, Max:  0.1, Diff:  0.0, Sum:  0.4, Workers: 4
[1247.389s][debug][gc,phases      ] GC(58)     Dead                           Min: 0, Avg:  0.0, Max: 0, Diff: 0, Sum: 0, Workers: 4
[1247.389s][debug][gc,phases      ] GC(58)     Total                          Min: 10150, Avg: 10521.5, Max: 10880, Diff: 730, Sum: 42086, Workers: 4
[1247.389s][debug][gc,phases      ] GC(58)   ResolvedMethodTable Weak       Min:  0.0, Avg:  0.0, Max:  0.0, Diff:  0.0, Sum:  0.1, Workers: 4
[1247.389s][debug][gc,phases      ] GC(58)     Dead                           Min: 0, Avg:  0.0, Max: 0, Diff: 0, Sum: 0, Workers: 4
[1247.389s][debug][gc,phases      ] GC(58)     Total                          Min: 1984, Avg: 2038.0, Max: 2112, Diff: 128, Sum: 8152, Workers: 4
[1247.389s][debug][gc,phases      ] GC(58)   JNI Weak                       Min:  0.0, Avg:  0.0, Max:  0.0, Diff:  0.0, Sum:  0.0, Workers: 4
[1247.389s][debug][gc,phases      ] GC(58)     Dead                           Min: 0, Avg:  0.0, Max: 0, Diff: 0, Sum: 0, Workers: 4
[1247.389s][debug][gc,phases      ] GC(58)     Total                          Min: 0, Avg: 11.2, Max: 45, Diff: 45, Sum: 45, Workers: 4
[1247.389s][debug][gc,phases      ] GC(58)   StringDedup Table Weak         Min:  0.0, Avg:  0.0, Max:  0.0, Diff:  0.0, Sum:  0.0, Workers: 4
[1247.389s][debug][gc,phases      ] GC(58)     Dead                           Min: 0, Avg:  0.0, Max: 0, Diff: 0, Sum: 0, Workers: 4
[1247.389s][debug][gc,phases      ] GC(58)     Total                          Min: 0, Avg:  0.0, Max: 0, Diff: 0, Sum: 0, Workers: 4
[1247.389s][debug][gc,phases      ] GC(58)   StringDedup Requests0 Weak     Min:  0.0, Avg:  0.0, Max:  0.0, Diff:  0.0, Sum:  0.0, Workers: 4
[1247.389s][debug][gc,phases      ] GC(58)     Dead                           Min: 0, Avg:  0.0, Max: 0, Diff: 0, Sum: 0, Workers: 4
[1247.389s][debug][gc,phases      ] GC(58)     Total                          Min: 0, Avg:  0.0, Max: 0, Diff: 0, Sum: 0, Workers: 4
[1247.389s][debug][gc,phases      ] GC(58)   StringDedup Requests1 Weak     Min:  0.0, Avg:  0.0, Max:  0.0, Diff:  0.0, Sum:  0.0, Workers: 4
[1247.389s][debug][gc,phases      ] GC(58)     Dead                           Min: 0, Avg:  0.0, Max: 0, Diff: 0, Sum: 0, Workers: 4
[1247.389s][debug][gc,phases      ] GC(58)     Total                          Min: 0, Avg:  0.0, Max: 0, Diff: 0, Sum: 0, Workers: 4
[1247.389s][debug][gc,phases      ] GC(58)   Weak JFR Old Object Samples    Min:  0.0, Avg:  0.0, Max:  0.0, Diff:  0.0, Sum:  0.0, Workers: 4
[1247.389s][debug][gc,phases      ] GC(58)     Dead                           Min: 0, Avg:  0.0, Max: 0, Diff: 0, Sum: 0, Workers: 4
[1247.389s][debug][gc,phases      ] GC(58)     Total                          Min: 0, Avg:  0.0, Max: 0, Diff: 0, Sum: 0, Workers: 4
[1247.389s][debug][gc,phases      ] GC(58) Weak Processing 0.283ms
[1247.389s][debug][gc,age         ] GC(58) Desired survivor size 66060288 bytes, new threshold 15 (max threshold 15)
[1247.389s][info ][gc,heap        ] GC(58) PSYoungGen: 1952384K(2027520K)->128K(2021888K) Eden: 1952256K(1952256K)->0K(1952256K) From: 128K(75264K)->128K(69632K)
[1247.389s][info ][gc,heap        ] GC(58) ParOldGen: 220572K(363520K)->220580K(363520K)
[1247.389s][info ][gc,metaspace   ] GC(58) Metaspace: 75863K(76736K)->75863K(76736K) NonClass: 64999K(65472K)->64999K(65472K) Class: 10863K(11264K)->10863K(11264K)
[1247.389s][info ][gc             ] GC(58) Pause Young (Allocation Failure) 2122M->215M(2329M) 0.939ms
[1247.389s][info ][gc,cpu         ] GC(58) User=0.01s Sys=0.00s Real=0.00s
[1247.389s][info ][safepoint      ] Safepoint "ParallelGCFailedAllocation", Time since last: 32997450036 ns, Reaching safepoint: 102300 ns, At safepoint: 1002601 ns, Total: 1104901 ns
[1275.391s][info ][safepoint      ] Safepoint "Cleanup", Time since last: 28001832822 ns, Reaching safepoint: 104500 ns, At safepoint: 6900 ns, Total: 111400 ns
[1280.389s][info ][gc,start       ] GC(59) Pause Young (Allocation Failure)
[1280.390s][debug][gc,phases      ] GC(59) Scavenge 0.954ms
[1280.390s][debug][gc,ref         ] GC(59) Skipped phase 1 of Reference Processing: no references
[1280.390s][debug][gc,ref         ] GC(59) Skipped phase 2 of Reference Processing: no references
[1280.390s][debug][gc,ref         ] GC(59) Skipped phase 3 of Reference Processing: no references
[1280.390s][debug][gc,ref         ] GC(59) Skipped phase 4 of Reference Processing: no references
[1280.390s][debug][gc,phases      ] GC(59) Reference Processing 0.024ms
[1280.390s][debug][gc,phases      ] GC(59)   VM Weak                        Min:  0.0, Avg:  0.0, Max:  0.0, Diff:  0.0, Sum:  0.0, Workers: 4
[1280.390s][debug][gc,phases      ] GC(59)     Dead                           Min: 0, Avg:  0.0, Max: 0, Diff: 0, Sum: 0, Workers: 4
[1280.390s][debug][gc,phases      ] GC(59)     Total                          Min: 0, Avg: 164.0, Max: 464, Diff: 464, Sum: 656, Workers: 4
[1280.390s][debug][gc,phases      ] GC(59)   ObjectSynchronizer Weak        Min:  0.0, Avg:  0.0, Max:  0.0, Diff:  0.0, Sum:  0.0, Workers: 4
[1280.390s][debug][gc,phases      ] GC(59)     Dead                           Min: 0, Avg:  0.0, Max: 0, Diff: 0, Sum: 0, Workers: 4
[1280.390s][debug][gc,phases      ] GC(59)     Total                          Min: 0, Avg:  7.2, Max: 29, Diff: 29, Sum: 29, Workers: 4
[1280.390s][debug][gc,phases      ] GC(59)   JVMTI Tag Weak OopStorage      Min:  0.0, Avg:  0.0, Max:  0.0, Diff:  0.0, Sum:  0.0, Workers: 4
[1280.390s][debug][gc,phases      ] GC(59)     Dead                           Min: 0, Avg:  0.0, Max: 0, Diff: 0, Sum: 0, Workers: 4
[1280.390s][debug][gc,phases      ] GC(59)     Total                          Min: 0, Avg:  0.0, Max: 0, Diff: 0, Sum: 0, Workers: 4
[1280.390s][debug][gc,phases      ] GC(59)   StringTable Weak               Min:  0.1, Avg:  0.1, Max:  0.1, Diff:  0.0, Sum:  0.4, Workers: 4
[1280.390s][debug][gc,phases      ] GC(59)     Dead                           Min: 0, Avg:  0.0, Max: 0, Diff: 0, Sum: 0, Workers: 4
[1280.390s][debug][gc,phases      ] GC(59)     Total                          Min: 9216, Avg: 10521.5, Max: 11430, Diff: 2214, Sum: 42086, Workers: 4
[1280.390s][debug][gc,phases      ] GC(59)   ResolvedMethodTable Weak       Min:  0.0, Avg:  0.0, Max:  0.0, Diff:  0.0, Sum:  0.1, Workers: 4
[1280.390s][debug][gc,phases      ] GC(59)     Dead                           Min: 0, Avg:  0.0, Max: 0, Diff: 0, Sum: 0, Workers: 4
[1280.390s][debug][gc,phases      ] GC(59)     Total                          Min: 1920, Avg: 2038.0, Max: 2176, Diff: 256, Sum: 8152, Workers: 4
[1280.390s][debug][gc,phases      ] GC(59)   JNI Weak                       Min:  0.0, Avg:  0.0, Max:  0.0, Diff:  0.0, Sum:  0.0, Workers: 4
[1280.390s][debug][gc,phases      ] GC(59)     Dead                           Min: 0, Avg:  0.0, Max: 0, Diff: 0, Sum: 0, Workers: 4
[1280.390s][debug][gc,phases      ] GC(59)     Total                          Min: 0, Avg: 11.2, Max: 45, Diff: 45, Sum: 45, Workers: 4
[1280.390s][debug][gc,phases      ] GC(59)   StringDedup Table Weak         Min:  0.0, Avg:  0.0, Max:  0.0, Diff:  0.0, Sum:  0.0, Workers: 4
[1280.390s][debug][gc,phases      ] GC(59)     Dead                           Min: 0, Avg:  0.0, Max: 0, Diff: 0, Sum: 0, Workers: 4
[1280.390s][debug][gc,phases      ] GC(59)     Total                          Min: 0, Avg:  0.0, Max: 0, Diff: 0, Sum: 0, Workers: 4
[1280.390s][debug][gc,phases      ] GC(59)   StringDedup Requests0 Weak     Min:  0.0, Avg:  0.0, Max:  0.0, Diff:  0.0, Sum:  0.0, Workers: 4
[1280.390s][debug][gc,phases      ] GC(59)     Dead                           Min: 0, Avg:  0.0, Max: 0, Diff: 0, Sum: 0, Workers: 4
[1280.390s][debug][gc,phases      ] GC(59)     Total                          Min: 0, Avg:  0.0, Max: 0, Diff: 0, Sum: 0, Workers: 4
[1280.390s][debug][gc,phases      ] GC(59)   StringDedup Requests1 Weak     Min:  0.0, Avg:  0.0, Max:  0.0, Diff:  0.0, Sum:  0.0, Workers: 4
[1280.390s][debug][gc,phases      ] GC(59)     Dead                           Min: 0, Avg:  0.0, Max: 0, Diff: 0, Sum: 0, Workers: 4
[1280.390s][debug][gc,phases      ] GC(59)     Total                          Min: 0, Avg:  0.0, Max: 0, Diff: 0, Sum: 0, Workers: 4
[1280.390s][debug][gc,phases      ] GC(59)   Weak JFR Old Object Samples    Min:  0.0, Avg:  0.0, Max:  0.0, Diff:  0.0, Sum:  0.0, Workers: 4
[1280.390s][debug][gc,phases      ] GC(59)     Dead                           Min: 0, Avg:  0.0, Max: 0, Diff: 0, Sum: 0, Workers: 4
[1280.390s][debug][gc,phases      ] GC(59)     Total                          Min: 0, Avg:  0.0, Max: 0, Diff: 0, Sum: 0, Workers: 4
[1280.390s][debug][gc,phases      ] GC(59) Weak Processing 0.298ms
[1280.390s][debug][gc,age         ] GC(59) Desired survivor size 60817408 bytes, new threshold 15 (max threshold 15)
[1280.390s][info ][gc,heap        ] GC(59) PSYoungGen: 1952384K(2021888K)->224K(2037760K) Eden: 1952256K(1952256K)->0K(1973248K) From: 128K(69632K)->224K(64512K)
[1280.390s][info ][gc,heap        ] GC(59) ParOldGen: 220580K(363520K)->220588K(363520K)
[1280.390s][info ][gc,metaspace   ] GC(59) Metaspace: 75863K(76736K)->75863K(76736K) NonClass: 64999K(65472K)->64999K(65472K) Class: 10863K(11264K)->10863K(11264K)
[1280.390s][info ][gc             ] GC(59) Pause Young (Allocation Failure) 2122M->215M(2345M) 1.371ms
[1280.390s][info ][gc,cpu         ] GC(59) User=0.01s Sys=0.00s Real=0.01s
[1280.390s][info ][safepoint      ] Safepoint "ParallelGCFailedAllocation", Time since last: 4998201308 ns, Reaching safepoint: 25400 ns, At safepoint: 1426801 ns, Total: 1452201 ns
[1308.392s][info ][safepoint      ] Safepoint "Cleanup", Time since last: 28001730951 ns, Reaching safepoint: 37900 ns, At safepoint: 1900 ns, Total: 39800 ns
[1312.393s][info ][safepoint      ] Safepoint "Cleanup", Time since last: 4000246222 ns, Reaching safepoint: 23100 ns, At safepoint: 2300 ns, Total: 25400 ns
[1313.788s][info ][gc,start       ] GC(60) Pause Young (Allocation Failure)
[1313.789s][debug][gc,phases      ] GC(60) Scavenge 0.984ms
[1313.789s][debug][gc,ref         ] GC(60) Skipped phase 1 of Reference Processing: no references
[1313.789s][debug][gc,ref         ] GC(60) Skipped phase 2 of Reference Processing: no references
[1313.789s][debug][gc,ref         ] GC(60) Skipped phase 3 of Reference Processing: no references
[1313.789s][debug][gc,ref         ] GC(60) Skipped phase 4 of Reference Processing: no references
[1313.789s][debug][gc,phases      ] GC(60) Reference Processing 0.021ms
[1313.789s][debug][gc,phases      ] GC(60)   VM Weak                        Min:  0.0, Avg:  0.0, Max:  0.0, Diff:  0.0, Sum:  0.0, Workers: 4
[1313.789s][debug][gc,phases      ] GC(60)     Dead                           Min: 0, Avg:  0.0, Max: 0, Diff: 0, Sum: 0, Workers: 4
[1313.789s][debug][gc,phases      ] GC(60)     Total                          Min: 0, Avg: 164.0, Max: 512, Diff: 512, Sum: 656, Workers: 4
[1313.789s][debug][gc,phases      ] GC(60)   ObjectSynchronizer Weak        Min:  0.0, Avg:  0.0, Max:  0.0, Diff:  0.0, Sum:  0.0, Workers: 4
[1313.789s][debug][gc,phases      ] GC(60)     Dead                           Min: 0, Avg:  0.0, Max: 0, Diff: 0, Sum: 0, Workers: 4
[1313.789s][debug][gc,phases      ] GC(60)     Total                          Min: 0, Avg:  7.2, Max: 29, Diff: 29, Sum: 29, Workers: 4
[1313.789s][debug][gc,phases      ] GC(60)   JVMTI Tag Weak OopStorage      Min:  0.0, Avg:  0.0, Max:  0.0, Diff:  0.0, Sum:  0.0, Workers: 4
[1313.789s][debug][gc,phases      ] GC(60)     Dead                           Min: 0, Avg:  0.0, Max: 0, Diff: 0, Sum: 0, Workers: 4
[1313.789s][debug][gc,phases      ] GC(60)     Total                          Min: 0, Avg:  0.0, Max: 0, Diff: 0, Sum: 0, Workers: 4
[1313.789s][debug][gc,phases      ] GC(60)   StringTable Weak               Min:  0.0, Avg:  0.1, Max:  0.1, Diff:  0.1, Sum:  0.3, Workers: 4
[1313.789s][debug][gc,phases      ] GC(60)     Dead                           Min: 0, Avg:  0.0, Max: 0, Diff: 0, Sum: 0, Workers: 4
[1313.789s][debug][gc,phases      ] GC(60)     Total                          Min: 0, Avg: 10521.5, Max: 17216, Diff: 17216, Sum: 42086, Workers: 4
[1313.789s][debug][gc,phases      ] GC(60)   ResolvedMethodTable Weak       Min:  0.0, Avg:  0.0, Max:  0.0, Diff:  0.0, Sum:  0.1, Workers: 4
[1313.789s][debug][gc,phases      ] GC(60)     Dead                           Min: 0, Avg:  0.0, Max: 0, Diff: 0, Sum: 0, Workers: 4
[1313.789s][debug][gc,phases      ] GC(60)     Total                          Min: 0, Avg: 2038.0, Max: 3392, Diff: 3392, Sum: 8152, Workers: 4
[1313.789s][debug][gc,phases      ] GC(60)   JNI Weak                       Min:  0.0, Avg:  0.0, Max:  0.0, Diff:  0.0, Sum:  0.0, Workers: 4
[1313.789s][debug][gc,phases      ] GC(60)     Dead                           Min: 0, Avg:  0.0, Max: 0, Diff: 0, Sum: 0, Workers: 4
[1313.789s][debug][gc,phases      ] GC(60)     Total                          Min: 0, Avg: 11.2, Max: 45, Diff: 45, Sum: 45, Workers: 4
[1313.789s][debug][gc,phases      ] GC(60)   StringDedup Table Weak         Min:  0.0, Avg:  0.0, Max:  0.0, Diff:  0.0, Sum:  0.0, Workers: 4
[1313.789s][debug][gc,phases      ] GC(60)     Dead                           Min: 0, Avg:  0.0, Max: 0, Diff: 0, Sum: 0, Workers: 4
[1313.789s][debug][gc,phases      ] GC(60)     Total                          Min: 0, Avg:  0.0, Max: 0, Diff: 0, Sum: 0, Workers: 4
[1313.789s][debug][gc,phases      ] GC(60)   StringDedup Requests0 Weak     Min:  0.0, Avg:  0.0, Max:  0.0, Diff:  0.0, Sum:  0.0, Workers: 4
[1313.789s][debug][gc,phases      ] GC(60)     Dead                           Min: 0, Avg:  0.0, Max: 0, Diff: 0, Sum: 0, Workers: 4
[1313.789s][debug][gc,phases      ] GC(60)     Total                          Min: 0, Avg:  0.0, Max: 0, Diff: 0, Sum: 0, Workers: 4
[1313.789s][debug][gc,phases      ] GC(60)   StringDedup Requests1 Weak     Min:  0.0, Avg:  0.0, Max:  0.0, Diff:  0.0, Sum:  0.0, Workers: 4
[1313.789s][debug][gc,phases      ] GC(60)     Dead                           Min: 0, Avg:  0.0, Max: 0, Diff: 0, Sum: 0, Workers: 4
[1313.789s][debug][gc,phases      ] GC(60)     Total                          Min: 0, Avg:  0.0, Max: 0, Diff: 0, Sum: 0, Workers: 4
[1313.789s][debug][gc,phases      ] GC(60)   Weak JFR Old Object Samples    Min:  0.0, Avg:  0.0, Max:  0.0, Diff:  0.0, Sum:  0.0, Workers: 4
[1313.789s][debug][gc,phases      ] GC(60)     Dead                           Min: 0, Avg:  0.0, Max: 0, Diff: 0, Sum: 0, Workers: 4
[1313.789s][debug][gc,phases      ] GC(60)     Total                          Min: 0, Avg:  0.0, Max: 0, Diff: 0, Sum: 0, Workers: 4
[1313.789s][debug][gc,phases      ] GC(60) Weak Processing 0.309ms
[1313.789s][debug][gc,age         ] GC(60) Desired survivor size 56098816 bytes, new threshold 15 (max threshold 15)
[1313.789s][info ][gc,heap        ] GC(60) PSYoungGen: 1973472K(2037760K)->160K(2032640K) Eden: 1973248K(1973248K)->0K(1973248K) From: 224K(64512K)->160K(59392K)
[1313.789s][info ][gc,heap        ] GC(60) ParOldGen: 220588K(363520K)->220604K(363520K)
[1313.789s][info ][gc,metaspace   ] GC(60) Metaspace: 75868K(76736K)->75868K(76736K) NonClass: 65004K(65472K)->65004K(65472K) Class: 10863K(11264K)->10863K(11264K)
[1313.789s][info ][gc             ] GC(60) Pause Young (Allocation Failure) 2142M->215M(2340M) 1.411ms
[1313.789s][info ][gc,cpu         ] GC(60) User=0.01s Sys=0.00s Real=0.00s
[1313.789s][info ][safepoint      ] Safepoint "ParallelGCFailedAllocation", Time since last: 1395398407 ns, Reaching safepoint: 35100 ns, At safepoint: 1475602 ns, Total: 1510702 ns
[1347.139s][info ][gc,start       ] GC(61) Pause Young (Allocation Failure)
[1347.140s][debug][gc,phases      ] GC(61) Scavenge 1.087ms
[1347.140s][debug][gc,ref         ] GC(61) Skipped phase 1 of Reference Processing: no references
[1347.140s][debug][gc,ref         ] GC(61) Skipped phase 2 of Reference Processing: no references
[1347.140s][debug][gc,ref         ] GC(61) Skipped phase 3 of Reference Processing: no references
[1347.140s][debug][gc,ref         ] GC(61) Skipped phase 4 of Reference Processing: no references
[1347.141s][debug][gc,phases      ] GC(61) Reference Processing 0.020ms
[1347.141s][debug][gc,phases      ] GC(61)   VM Weak                        Min:  0.0, Avg:  0.0, Max:  0.0, Diff:  0.0, Sum:  0.0, Workers: 4
[1347.141s][debug][gc,phases      ] GC(61)     Dead                           Min: 0, Avg:  0.0, Max: 0, Diff: 0, Sum: 0, Workers: 4
[1347.141s][debug][gc,phases      ] GC(61)     Total                          Min: 0, Avg: 164.0, Max: 384, Diff: 384, Sum: 656, Workers: 4
[1347.141s][debug][gc,phases      ] GC(61)   ObjectSynchronizer Weak        Min:  0.0, Avg:  0.0, Max:  0.0, Diff:  0.0, Sum:  0.0, Workers: 4
[1347.141s][debug][gc,phases      ] GC(61)     Dead                           Min: 0, Avg:  0.0, Max: 0, Diff: 0, Sum: 0, Workers: 4
[1347.141s][debug][gc,phases      ] GC(61)     Total                          Min: 0, Avg:  7.2, Max: 29, Diff: 29, Sum: 29, Workers: 4
[1347.141s][debug][gc,phases      ] GC(61)   JVMTI Tag Weak OopStorage      Min:  0.0, Avg:  0.0, Max:  0.0, Diff:  0.0, Sum:  0.0, Workers: 4
[1347.141s][debug][gc,phases      ] GC(61)     Dead                           Min: 0, Avg:  0.0, Max: 0, Diff: 0, Sum: 0, Workers: 4
[1347.141s][debug][gc,phases      ] GC(61)     Total                          Min: 0, Avg:  0.0, Max: 0, Diff: 0, Sum: 0, Workers: 4
[1347.141s][debug][gc,phases      ] GC(61)   StringTable Weak               Min:  0.0, Avg:  0.1, Max:  0.1, Diff:  0.1, Sum:  0.3, Workers: 4
[1347.141s][debug][gc,phases      ] GC(61)     Dead                           Min: 0, Avg:  0.0, Max: 0, Diff: 0, Sum: 0, Workers: 4
[1347.141s][debug][gc,phases      ] GC(61)     Total                          Min: 0, Avg: 10521.5, Max: 16896, Diff: 16896, Sum: 42086, Workers: 4
[1347.141s][debug][gc,phases      ] GC(61)   ResolvedMethodTable Weak       Min:  0.0, Avg:  0.0, Max:  0.0, Diff:  0.0, Sum:  0.1, Workers: 4
[1347.141s][debug][gc,phases      ] GC(61)     Dead                           Min: 0, Avg:  0.0, Max: 0, Diff: 0, Sum: 0, Workers: 4
[1347.141s][debug][gc,phases      ] GC(61)     Total                          Min: 0, Avg: 2038.0, Max: 3328, Diff: 3328, Sum: 8152, Workers: 4
[1347.141s][debug][gc,phases      ] GC(61)   JNI Weak                       Min:  0.0, Avg:  0.0, Max:  0.0, Diff:  0.0, Sum:  0.0, Workers: 4
[1347.141s][debug][gc,phases      ] GC(61)     Dead                           Min: 0, Avg:  0.0, Max: 0, Diff: 0, Sum: 0, Workers: 4
[1347.141s][debug][gc,phases      ] GC(61)     Total                          Min: 0, Avg: 11.2, Max: 45, Diff: 45, Sum: 45, Workers: 4
[1347.141s][debug][gc,phases      ] GC(61)   StringDedup Table Weak         Min:  0.0, Avg:  0.0, Max:  0.0, Diff:  0.0, Sum:  0.0, Workers: 4
[1347.141s][debug][gc,phases      ] GC(61)     Dead                           Min: 0, Avg:  0.0, Max: 0, Diff: 0, Sum: 0, Workers: 4
[1347.141s][debug][gc,phases      ] GC(61)     Total                          Min: 0, Avg:  0.0, Max: 0, Diff: 0, Sum: 0, Workers: 4
[1347.141s][debug][gc,phases      ] GC(61)   StringDedup Requests0 Weak     Min:  0.0, Avg:  0.0, Max:  0.0, Diff:  0.0, Sum:  0.0, Workers: 4
[1347.141s][debug][gc,phases      ] GC(61)     Dead                           Min: 0, Avg:  0.0, Max: 0, Diff: 0, Sum: 0, Workers: 4
[1347.141s][debug][gc,phases      ] GC(61)     Total                          Min: 0, Avg:  0.0, Max: 0, Diff: 0, Sum: 0, Workers: 4
[1347.141s][debug][gc,phases      ] GC(61)   StringDedup Requests1 Weak     Min:  0.0, Avg:  0.0, Max:  0.0, Diff:  0.0, Sum:  0.0, Workers: 4
[1347.141s][debug][gc,phases      ] GC(61)     Dead                           Min: 0, Avg:  0.0, Max: 0, Diff: 0, Sum: 0, Workers: 4
[1347.141s][debug][gc,phases      ] GC(61)     Total                          Min: 0, Avg:  0.0, Max: 0, Diff: 0, Sum: 0, Workers: 4
[1347.141s][debug][gc,phases      ] GC(61)   Weak JFR Old Object Samples    Min:  0.0, Avg:  0.0, Max:  0.0, Diff:  0.0, Sum:  0.0, Workers: 4
[1347.141s][debug][gc,phases      ] GC(61)     Dead                           Min: 0, Avg:  0.0, Max: 0, Diff: 0, Sum: 0, Workers: 4
[1347.141s][debug][gc,phases      ] GC(61)     Total                          Min: 0, Avg:  0.0, Max: 0, Diff: 0, Sum: 0, Workers: 4
[1347.141s][debug][gc,phases      ] GC(61) Weak Processing 0.303ms
[1347.141s][debug][gc,age         ] GC(61) Desired survivor size 51904512 bytes, new threshold 15 (max threshold 15)
[1347.141s][info ][gc,heap        ] GC(61) PSYoungGen: 1973408K(2032640K)->96K(2046464K) Eden: 1973248K(1973248K)->0K(1991680K) From: 160K(59392K)->96K(54784K)
[1347.141s][info ][gc,heap        ] GC(61) ParOldGen: 220604K(363520K)->220612K(363520K)
[1347.141s][info ][gc,metaspace   ] GC(61) Metaspace: 75870K(76736K)->75870K(76736K) NonClass: 65006K(65472K)->65006K(65472K) Class: 10863K(11264K)->10863K(11264K)
[1347.141s][info ][gc             ] GC(61) Pause Young (Allocation Failure) 2142M->215M(2353M) 1.499ms
[1347.141s][info ][gc,cpu         ] GC(61) User=0.00s Sys=0.00s Real=0.00s
[1347.141s][info ][safepoint      ] Safepoint "ParallelGCFailedAllocation", Time since last: 33349833247 ns, Reaching safepoint: 39200 ns, At safepoint: 1553902 ns, Total: 1593102 ns
[1363.142s][info ][safepoint      ] Safepoint "Cleanup", Time since last: 16001027752 ns, Reaching safepoint: 48900 ns, At safepoint: 22900 ns, Total: 71800 ns
[1380.839s][info ][gc,start       ] GC(62) Pause Young (Allocation Failure)
[1380.840s][debug][gc,phases      ] GC(62) Scavenge 0.950ms
[1380.840s][debug][gc,ref         ] GC(62) Skipped phase 1 of Reference Processing: no references
[1380.840s][debug][gc,ref         ] GC(62) Skipped phase 2 of Reference Processing: no references
[1380.840s][debug][gc,ref         ] GC(62) Skipped phase 3 of Reference Processing: no references
[1380.840s][debug][gc,ref         ] GC(62) Skipped phase 4 of Reference Processing: no references
[1380.840s][debug][gc,phases      ] GC(62) Reference Processing 0.020ms
[1380.841s][debug][gc,phases      ] GC(62)   VM Weak                        Min:  0.0, Avg:  0.0, Max:  0.0, Diff:  0.0, Sum:  0.0, Workers: 4
[1380.841s][debug][gc,phases      ] GC(62)     Dead                           Min: 0, Avg:  0.0, Max: 0, Diff: 0, Sum: 0, Workers: 4
[1380.841s][debug][gc,phases      ] GC(62)     Total                          Min: 0, Avg: 164.0, Max: 656, Diff: 656, Sum: 656, Workers: 4
[1380.841s][debug][gc,phases      ] GC(62)   ObjectSynchronizer Weak        Min:  0.0, Avg:  0.0, Max:  0.0, Diff:  0.0, Sum:  0.0, Workers: 4
[1380.841s][debug][gc,phases      ] GC(62)     Dead                           Min: 0, Avg:  0.0, Max: 0, Diff: 0, Sum: 0, Workers: 4
[1380.841s][debug][gc,phases      ] GC(62)     Total                          Min: 0, Avg:  7.2, Max: 29, Diff: 29, Sum: 29, Workers: 4
[1380.841s][debug][gc,phases      ] GC(62)   JVMTI Tag Weak OopStorage      Min:  0.0, Avg:  0.0, Max:  0.0, Diff:  0.0, Sum:  0.0, Workers: 4
[1380.841s][debug][gc,phases      ] GC(62)     Dead                           Min: 0, Avg:  0.0, Max: 0, Diff: 0, Sum: 0, Workers: 4
[1380.841s][debug][gc,phases      ] GC(62)     Total                          Min: 0, Avg:  0.0, Max: 0, Diff: 0, Sum: 0, Workers: 4
[1380.841s][debug][gc,phases      ] GC(62)   StringTable Weak               Min:  0.0, Avg:  0.1, Max:  0.1, Diff:  0.1, Sum:  0.3, Workers: 4
[1380.841s][debug][gc,phases      ] GC(62)     Dead                           Min: 0, Avg:  0.0, Max: 0, Diff: 0, Sum: 0, Workers: 4
[1380.841s][debug][gc,phases      ] GC(62)     Total                          Min: 0, Avg: 10521.8, Max: 17959, Diff: 17959, Sum: 42087, Workers: 4
[1380.841s][debug][gc,phases      ] GC(62)   ResolvedMethodTable Weak       Min:  0.0, Avg:  0.0, Max:  0.0, Diff:  0.0, Sum:  0.1, Workers: 4
[1380.841s][debug][gc,phases      ] GC(62)     Dead                           Min: 0, Avg:  0.0, Max: 0, Diff: 0, Sum: 0, Workers: 4
[1380.841s][debug][gc,phases      ] GC(62)     Total                          Min: 0, Avg: 2038.0, Max: 3392, Diff: 3392, Sum: 8152, Workers: 4
[1380.841s][debug][gc,phases      ] GC(62)   JNI Weak                       Min:  0.0, Avg:  0.0, Max:  0.0, Diff:  0.0, Sum:  0.0, Workers: 4
[1380.841s][debug][gc,phases      ] GC(62)     Dead                           Min: 0, Avg:  0.0, Max: 0, Diff: 0, Sum: 0, Workers: 4
[1380.841s][debug][gc,phases      ] GC(62)     Total                          Min: 0, Avg: 11.2, Max: 45, Diff: 45, Sum: 45, Workers: 4
[1380.841s][debug][gc,phases      ] GC(62)   StringDedup Table Weak         Min:  0.0, Avg:  0.0, Max:  0.0, Diff:  0.0, Sum:  0.0, Workers: 4
[1380.841s][debug][gc,phases      ] GC(62)     Dead                           Min: 0, Avg:  0.0, Max: 0, Diff: 0, Sum: 0, Workers: 4
[1380.841s][debug][gc,phases      ] GC(62)     Total                          Min: 0, Avg:  0.0, Max: 0, Diff: 0, Sum: 0, Workers: 4
[1380.841s][debug][gc,phases      ] GC(62)   StringDedup Requests0 Weak     Min:  0.0, Avg:  0.0, Max:  0.0, Diff:  0.0, Sum:  0.0, Workers: 4
[1380.841s][debug][gc,phases      ] GC(62)     Dead                           Min: 0, Avg:  0.0, Max: 0, Diff: 0, Sum: 0, Workers: 4
[1380.841s][debug][gc,phases      ] GC(62)     Total                          Min: 0, Avg:  0.0, Max: 0, Diff: 0, Sum: 0, Workers: 4
[1380.841s][debug][gc,phases      ] GC(62)   StringDedup Requests1 Weak     Min:  0.0, Avg:  0.0, Max:  0.0, Diff:  0.0, Sum:  0.0, Workers: 4
[1380.841s][debug][gc,phases      ] GC(62)     Dead                           Min: 0, Avg:  0.0, Max: 0, Diff: 0, Sum: 0, Workers: 4
[1380.841s][debug][gc,phases      ] GC(62)     Total                          Min: 0, Avg:  0.0, Max: 0, Diff: 0, Sum: 0, Workers: 4
[1380.841s][debug][gc,phases      ] GC(62)   Weak JFR Old Object Samples    Min:  0.0, Avg:  0.0, Max:  0.0, Diff:  0.0, Sum:  0.0, Workers: 4
[1380.841s][debug][gc,phases      ] GC(62)     Dead                           Min: 0, Avg:  0.0, Max: 0, Diff: 0, Sum: 0, Workers: 4
[1380.841s][debug][gc,phases      ] GC(62)     Total                          Min: 0, Avg:  0.0, Max: 0, Diff: 0, Sum: 0, Workers: 4
[1380.841s][debug][gc,phases      ] GC(62) Weak Processing 0.300ms
[1380.841s][debug][gc,age         ] GC(62) Desired survivor size 47710208 bytes, new threshold 15 (max threshold 15)
[1380.841s][info ][gc,heap        ] GC(62) PSYoungGen: 1991776K(2046464K)->224K(2042368K) Eden: 1991680K(1991680K)->0K(1991680K) From: 96K(54784K)->224K(50688K)
[1380.841s][info ][gc,heap        ] GC(62) ParOldGen: 220612K(363520K)->220620K(363520K)
[1380.841s][info ][gc,metaspace   ] GC(62) Metaspace: 75870K(76736K)->75870K(76736K) NonClass: 65006K(65472K)->65006K(65472K) Class: 10863K(11264K)->10863K(11264K)
[1380.841s][info ][gc             ] GC(62) Pause Young (Allocation Failure) 2160M->215M(2349M) 1.369ms
[1380.841s][info ][gc,cpu         ] GC(62) User=0.01s Sys=0.00s Real=0.00s
[1380.841s][info ][safepoint      ] Safepoint "ParallelGCFailedAllocation", Time since last: 17697297731 ns, Reaching safepoint: 35200 ns, At safepoint: 1429602 ns, Total: 1464802 ns
[1391.841s][info ][safepoint      ] Safepoint "Cleanup", Time since last: 11000701782 ns, Reaching safepoint: 31400 ns, At safepoint: 2300 ns, Total: 33700 ns
[1413.843s][info ][safepoint      ] Safepoint "Cleanup", Time since last: 22001408504 ns, Reaching safepoint: 36400 ns, At safepoint: 2600 ns, Total: 39000 ns
[1414.539s][info ][gc,start       ] GC(63) Pause Young (Allocation Failure)
[1414.540s][debug][gc,phases      ] GC(63) Scavenge 1.082ms
[1414.540s][debug][gc,ref         ] GC(63) Skipped phase 1 of Reference Processing: no references
[1414.540s][debug][gc,ref         ] GC(63) Skipped phase 2 of Reference Processing: no references
[1414.540s][debug][gc,ref         ] GC(63) Skipped phase 3 of Reference Processing: no references
[1414.540s][debug][gc,ref         ] GC(63) Skipped phase 4 of Reference Processing: no references
[1414.540s][debug][gc,phases      ] GC(63) Reference Processing 0.028ms
[1414.540s][debug][gc,phases      ] GC(63)   VM Weak                        Min:  0.0, Avg:  0.0, Max:  0.0, Diff:  0.0, Sum:  0.0, Workers: 4
[1414.540s][debug][gc,phases      ] GC(63)     Dead                           Min: 0, Avg:  0.0, Max: 0, Diff: 0, Sum: 0, Workers: 4
[1414.540s][debug][gc,phases      ] GC(63)     Total                          Min: 0, Avg: 164.0, Max: 512, Diff: 512, Sum: 656, Workers: 4
[1414.540s][debug][gc,phases      ] GC(63)   ObjectSynchronizer Weak        Min:  0.0, Avg:  0.0, Max:  0.0, Diff:  0.0, Sum:  0.0, Workers: 4
[1414.540s][debug][gc,phases      ] GC(63)     Dead                           Min: 0, Avg:  0.0, Max: 0, Diff: 0, Sum: 0, Workers: 4
[1414.540s][debug][gc,phases      ] GC(63)     Total                          Min: 0, Avg:  7.2, Max: 29, Diff: 29, Sum: 29, Workers: 4
[1414.540s][debug][gc,phases      ] GC(63)   JVMTI Tag Weak OopStorage      Min:  0.0, Avg:  0.0, Max:  0.0, Diff:  0.0, Sum:  0.0, Workers: 4
[1414.540s][debug][gc,phases      ] GC(63)     Dead                           Min: 0, Avg:  0.0, Max: 0, Diff: 0, Sum: 0, Workers: 4
[1414.540s][debug][gc,phases      ] GC(63)     Total                          Min: 0, Avg:  0.0, Max: 0, Diff: 0, Sum: 0, Workers: 4
[1414.540s][debug][gc,phases      ] GC(63)   StringTable Weak               Min:  0.0, Avg:  0.1, Max:  0.1, Diff:  0.1, Sum:  0.3, Workers: 4
[1414.540s][debug][gc,phases      ] GC(63)     Dead                           Min: 0, Avg:  0.0, Max: 0, Diff: 0, Sum: 0, Workers: 4
[1414.540s][debug][gc,phases      ] GC(63)     Total                          Min: 0, Avg: 10521.8, Max: 17063, Diff: 17063, Sum: 42087, Workers: 4
[1414.540s][debug][gc,phases      ] GC(63)   ResolvedMethodTable Weak       Min:  0.0, Avg:  0.0, Max:  0.0, Diff:  0.0, Sum:  0.1, Workers: 4
[1414.540s][debug][gc,phases      ] GC(63)     Dead                           Min: 0, Avg:  0.0, Max: 0, Diff: 0, Sum: 0, Workers: 4
[1414.540s][debug][gc,phases      ] GC(63)     Total                          Min: 0, Avg: 2038.0, Max: 3392, Diff: 3392, Sum: 8152, Workers: 4
[1414.540s][debug][gc,phases      ] GC(63)   JNI Weak                       Min:  0.0, Avg:  0.0, Max:  0.0, Diff:  0.0, Sum:  0.0, Workers: 4
[1414.540s][debug][gc,phases      ] GC(63)     Dead                           Min: 0, Avg:  0.0, Max: 0, Diff: 0, Sum: 0, Workers: 4
[1414.540s][debug][gc,phases      ] GC(63)     Total                          Min: 0, Avg: 11.2, Max: 45, Diff: 45, Sum: 45, Workers: 4
[1414.540s][debug][gc,phases      ] GC(63)   StringDedup Table Weak         Min:  0.0, Avg:  0.0, Max:  0.0, Diff:  0.0, Sum:  0.0, Workers: 4
[1414.540s][debug][gc,phases      ] GC(63)     Dead                           Min: 0, Avg:  0.0, Max: 0, Diff: 0, Sum: 0, Workers: 4
[1414.540s][debug][gc,phases      ] GC(63)     Total                          Min: 0, Avg:  0.0, Max: 0, Diff: 0, Sum: 0, Workers: 4
[1414.540s][debug][gc,phases      ] GC(63)   StringDedup Requests0 Weak     Min:  0.0, Avg:  0.0, Max:  0.0, Diff:  0.0, Sum:  0.0, Workers: 4
[1414.540s][debug][gc,phases      ] GC(63)     Dead                           Min: 0, Avg:  0.0, Max: 0, Diff: 0, Sum: 0, Workers: 4
[1414.540s][debug][gc,phases      ] GC(63)     Total                          Min: 0, Avg:  0.0, Max: 0, Diff: 0, Sum: 0, Workers: 4
[1414.540s][debug][gc,phases      ] GC(63)   StringDedup Requests1 Weak     Min:  0.0, Avg:  0.0, Max:  0.0, Diff:  0.0, Sum:  0.0, Workers: 4
[1414.540s][debug][gc,phases      ] GC(63)     Dead                           Min: 0, Avg:  0.0, Max: 0, Diff: 0, Sum: 0, Workers: 4
[1414.540s][debug][gc,phases      ] GC(63)     Total                          Min: 0, Avg:  0.0, Max: 0, Diff: 0, Sum: 0, Workers: 4
[1414.540s][debug][gc,phases      ] GC(63)   Weak JFR Old Object Samples    Min:  0.0, Avg:  0.0, Max:  0.0, Diff:  0.0, Sum:  0.0, Workers: 4
[1414.540s][debug][gc,phases      ] GC(63)     Dead                           Min: 0, Avg:  0.0, Max: 0, Diff: 0, Sum: 0, Workers: 4
[1414.540s][debug][gc,phases      ] GC(63)     Total                          Min: 0, Avg:  0.0, Max: 0, Diff: 0, Sum: 0, Workers: 4
[1414.540s][debug][gc,phases      ] GC(63) Weak Processing 0.298ms
[1414.540s][debug][gc,age         ] GC(63) Desired survivor size 44040192 bytes, new threshold 15 (max threshold 15)
[1414.540s][info ][gc,heap        ] GC(63) PSYoungGen: 1991904K(2042368K)->128K(2054144K) Eden: 1991680K(1991680K)->0K(2007552K) From: 224K(50688K)->128K(46592K)
[1414.540s][info ][gc,heap        ] GC(63) ParOldGen: 220620K(363520K)->220636K(363520K)
[1414.540s][info ][gc,metaspace   ] GC(63) Metaspace: 75871K(76736K)->75871K(76736K) NonClass: 65007K(65472K)->65007K(65472K) Class: 10863K(11264K)->10863K(11264K)
[1414.540s][info ][gc             ] GC(63) Pause Young (Allocation Failure) 2160M->215M(2361M) 1.494ms
[1414.540s][info ][gc,cpu         ] GC(63) User=0.01s Sys=0.00s Real=0.00s
[1414.540s][info ][safepoint      ] Safepoint "ParallelGCFailedAllocation", Time since last: 695965171 ns, Reaching safepoint: 22000 ns, At safepoint: 1557801 ns, Total: 1579801 ns
[1445.542s][info ][safepoint      ] Safepoint "Cleanup", Time since last: 31001832708 ns, Reaching safepoint: 40000 ns, At safepoint: 21800 ns, Total: 61800 ns
[1448.490s][info ][gc,start       ] GC(64) Pause Young (Allocation Failure)
[1448.491s][debug][gc,phases      ] GC(64) Scavenge 0.969ms
[1448.491s][debug][gc,ref         ] GC(64) Skipped phase 1 of Reference Processing: no references
[1448.491s][debug][gc,ref         ] GC(64) Skipped phase 2 of Reference Processing: no references
[1448.491s][debug][gc,ref         ] GC(64) Skipped phase 3 of Reference Processing: no references
[1448.491s][debug][gc,ref         ] GC(64) Skipped phase 4 of Reference Processing: no references
[1448.491s][debug][gc,phases      ] GC(64) Reference Processing 0.019ms
[1448.491s][debug][gc,phases      ] GC(64)   VM Weak                        Min:  0.0, Avg:  0.0, Max:  0.0, Diff:  0.0, Sum:  0.0, Workers: 4
[1448.491s][debug][gc,phases      ] GC(64)     Dead                           Min: 0, Avg:  0.0, Max: 0, Diff: 0, Sum: 0, Workers: 4
[1448.491s][debug][gc,phases      ] GC(64)     Total                          Min: 0, Avg: 164.0, Max: 656, Diff: 656, Sum: 656, Workers: 4
[1448.491s][debug][gc,phases      ] GC(64)   ObjectSynchronizer Weak        Min:  0.0, Avg:  0.0, Max:  0.0, Diff:  0.0, Sum:  0.0, Workers: 4
[1448.491s][debug][gc,phases      ] GC(64)     Dead                           Min: 0, Avg:  0.0, Max: 0, Diff: 0, Sum: 0, Workers: 4
[1448.491s][debug][gc,phases      ] GC(64)     Total                          Min: 0, Avg:  7.2, Max: 29, Diff: 29, Sum: 29, Workers: 4
[1448.491s][debug][gc,phases      ] GC(64)   JVMTI Tag Weak OopStorage      Min:  0.0, Avg:  0.0, Max:  0.0, Diff:  0.0, Sum:  0.0, Workers: 4
[1448.491s][debug][gc,phases      ] GC(64)     Dead                           Min: 0, Avg:  0.0, Max: 0, Diff: 0, Sum: 0, Workers: 4
[1448.491s][debug][gc,phases      ] GC(64)     Total                          Min: 0, Avg:  0.0, Max: 0, Diff: 0, Sum: 0, Workers: 4
[1448.491s][debug][gc,phases      ] GC(64)   StringTable Weak               Min:  0.0, Avg:  0.1, Max:  0.1, Diff:  0.1, Sum:  0.3, Workers: 4
[1448.491s][debug][gc,phases      ] GC(64)     Dead                           Min: 0, Avg:  0.0, Max: 0, Diff: 0, Sum: 0, Workers: 4
[1448.491s][debug][gc,phases      ] GC(64)     Total                          Min: 0, Avg: 10521.8, Max: 16960, Diff: 16960, Sum: 42087, Workers: 4
[1448.491s][debug][gc,phases      ] GC(64)   ResolvedMethodTable Weak       Min:  0.0, Avg:  0.0, Max:  0.0, Diff:  0.0, Sum:  0.1, Workers: 4
[1448.491s][debug][gc,phases      ] GC(64)     Dead                           Min: 0, Avg:  0.0, Max: 0, Diff: 0, Sum: 0, Workers: 4
[1448.491s][debug][gc,phases      ] GC(64)     Total                          Min: 0, Avg: 2038.0, Max: 3480, Diff: 3480, Sum: 8152, Workers: 4
[1448.491s][debug][gc,phases      ] GC(64)   JNI Weak                       Min:  0.0, Avg:  0.0, Max:  0.0, Diff:  0.0, Sum:  0.0, Workers: 4
[1448.491s][debug][gc,phases      ] GC(64)     Dead                           Min: 0, Avg:  0.0, Max: 0, Diff: 0, Sum: 0, Workers: 4
[1448.491s][debug][gc,phases      ] GC(64)     Total                          Min: 0, Avg: 11.2, Max: 45, Diff: 45, Sum: 45, Workers: 4
[1448.491s][debug][gc,phases      ] GC(64)   StringDedup Table Weak         Min:  0.0, Avg:  0.0, Max:  0.0, Diff:  0.0, Sum:  0.0, Workers: 4
[1448.491s][debug][gc,phases      ] GC(64)     Dead                           Min: 0, Avg:  0.0, Max: 0, Diff: 0, Sum: 0, Workers: 4
[1448.491s][debug][gc,phases      ] GC(64)     Total                          Min: 0, Avg:  0.0, Max: 0, Diff: 0, Sum: 0, Workers: 4
[1448.491s][debug][gc,phases      ] GC(64)   StringDedup Requests0 Weak     Min:  0.0, Avg:  0.0, Max:  0.0, Diff:  0.0, Sum:  0.0, Workers: 4
[1448.491s][debug][gc,phases      ] GC(64)     Dead                           Min: 0, Avg:  0.0, Max: 0, Diff: 0, Sum: 0, Workers: 4
[1448.491s][debug][gc,phases      ] GC(64)     Total                          Min: 0, Avg:  0.0, Max: 0, Diff: 0, Sum: 0, Workers: 4
[1448.491s][debug][gc,phases      ] GC(64)   StringDedup Requests1 Weak     Min:  0.0, Avg:  0.0, Max:  0.0, Diff:  0.0, Sum:  0.0, Workers: 4
[1448.491s][debug][gc,phases      ] GC(64)     Dead                           Min: 0, Avg:  0.0, Max: 0, Diff: 0, Sum: 0, Workers: 4
[1448.491s][debug][gc,phases      ] GC(64)     Total                          Min: 0, Avg:  0.0, Max: 0, Diff: 0, Sum: 0, Workers: 4
[1448.491s][debug][gc,phases      ] GC(64)   Weak JFR Old Object Samples    Min:  0.0, Avg:  0.0, Max:  0.0, Diff:  0.0, Sum:  0.0, Workers: 4
[1448.491s][debug][gc,phases      ] GC(64)     Dead                           Min: 0, Avg:  0.0, Max: 0, Diff: 0, Sum: 0, Workers: 4
[1448.491s][debug][gc,phases      ] GC(64)     Total                          Min: 0, Avg:  0.0, Max: 0, Diff: 0, Sum: 0, Workers: 4
[1448.491s][debug][gc,phases      ] GC(64) Weak Processing 0.315ms
[1448.491s][debug][gc,age         ] GC(64) Desired survivor size 40370176 bytes, new threshold 15 (max threshold 15)
[1448.491s][info ][gc,heap        ] GC(64) PSYoungGen: 2007680K(2054144K)->128K(2050560K) Eden: 2007552K(2007552K)->0K(2007552K) From: 128K(46592K)->128K(43008K)
[1448.491s][info ][gc,heap        ] GC(64) ParOldGen: 220636K(363520K)->220644K(363520K)
[1448.491s][info ][gc,metaspace   ] GC(64) Metaspace: 75879K(76736K)->75879K(76736K) NonClass: 65016K(65472K)->65016K(65472K) Class: 10863K(11264K)->10863K(11264K)
[1448.491s][info ][gc             ] GC(64) Pause Young (Allocation Failure) 2176M->215M(2357M) 1.387ms
[1448.491s][info ][gc,cpu         ] GC(64) User=0.01s Sys=0.00s Real=0.01s
[1448.491s][info ][safepoint      ] Safepoint "ParallelGCFailedAllocation", Time since last: 2947132836 ns, Reaching safepoint: 35900 ns, At safepoint: 1439801 ns, Total: 1475701 ns
[1457.080s][info ][safepoint      ] Safepoint "Cleanup", Time since last: 8588683085 ns, Reaching safepoint: 135901 ns, At safepoint: 8300 ns, Total: 144201 ns
[1458.080s][info ][safepoint      ] Safepoint "Cleanup", Time since last: 1000113617 ns, Reaching safepoint: 99400 ns, At safepoint: 4400 ns, Total: 103800 ns
[1459.080s][info ][safepoint      ] Safepoint "Cleanup", Time since last: 1000103718 ns, Reaching safepoint: 45700 ns, At safepoint: 6000 ns, Total: 51700 ns
[1500.083s][info ][safepoint      ] Safepoint "Cleanup", Time since last: 41002602364 ns, Reaching safepoint: 48400 ns, At safepoint: 4000 ns, Total: 52400 ns
[1501.083s][info ][safepoint      ] Safepoint "Cleanup", Time since last: 1000111737 ns, Reaching safepoint: 48700 ns, At safepoint: 3400 ns, Total: 52100 ns
[1508.083s][info ][safepoint      ] Safepoint "Cleanup", Time since last: 7000385302 ns, Reaching safepoint: 39600 ns, At safepoint: 2100 ns, Total: 41700 ns
[1512.084s][info ][safepoint      ] Safepoint "Cleanup", Time since last: 4000247860 ns, Reaching safepoint: 47700 ns, At safepoint: 2900 ns, Total: 50600 ns
[1543.086s][info ][safepoint      ] Safepoint "Cleanup", Time since last: 31001943369 ns, Reaching safepoint: 40600 ns, At safepoint: 3400 ns, Total: 44000 ns
[1558.087s][info ][safepoint      ] Safepoint "Cleanup", Time since last: 15001010051 ns, Reaching safepoint: 50900 ns, At safepoint: 27800 ns, Total: 78700 ns
[1572.088s][info ][safepoint      ] Safepoint "Cleanup", Time since last: 14000926705 ns, Reaching safepoint: 113601 ns, At safepoint: 6400 ns, Total: 120001 ns
[1577.088s][info ][safepoint      ] Safepoint "Cleanup", Time since last: 5000371682 ns, Reaching safepoint: 167300 ns, At safepoint: 5900 ns, Total: 173200 ns
[1577.260s][info ][gc,heap,exit   ] Heap
[1577.261s][info ][gc,heap,exit   ]  PSYoungGen      total 2050560K, used 1438123K [0x0000000780000000, 0x0000000800000000, 0x0000000800000000)
[1577.261s][info ][gc,heap,exit   ]   eden space 2007552K, 71% used [0x0000000780000000,0x00000007d7c4aff0,0x00000007fa880000)
[1577.261s][info ][gc,heap,exit   ]   from space 43008K, 0% used [0x00000007fa880000,0x00000007fa8a0000,0x00000007fd280000)
[1577.261s][info ][gc,heap,exit   ]   to   space 39424K, 0% used [0x00000007fd980000,0x00000007fd980000,0x0000000800000000)
[1577.261s][info ][gc,heap,exit   ]  ParOldGen       total 363520K, used 220644K [0x0000000740000000, 0x0000000756300000, 0x0000000780000000)
[1577.261s][info ][gc,heap,exit   ]   object space 363520K, 60% used [0x0000000740000000,0x000000074d779140,0x0000000756300000)
[1577.261s][info ][gc,heap,exit   ]  Metaspace       used 76052K, committed 76864K, reserved 1179648K
[1577.261s][info ][gc,heap,exit   ]   class space    used 10896K, committed 11264K, reserved 1048576K
