[0.002s][info][gc] Using Parallel
[0.003s][info][gc,init] Version: 17.0.8.1+1-LTS (release)
[0.003s][info][gc,init] CPUs: 4 total, 4 available
[0.003s][info][gc,init] Memory: 15991M
[0.003s][info][gc,init] Large Page Support: Disabled
[0.003s][info][gc,init] NUMA Support: Disabled
[0.003s][info][gc,init] Compressed Oops: Enabled (Zero based)
[0.003s][info][gc,init] Alignments: Space 512K, Generation 512K, Heap 2M
[0.003s][info][gc,init] Heap Min Capacity: 2054M
[0.003s][info][gc,init] Heap Initial Capacity: 2054M
[0.003s][info][gc,init] Heap Max Capacity: 3G
[0.003s][info][gc,init] Pre-touch: Disabled
[0.003s][info][gc,init] Parallel Workers: 4
[0.008s][info][gc,metaspace] CDS archive(s) mapped at: [0x00007f64c9000000-0x00007f64c9beb000-0x00007f64c9beb000), size 12496896, SharedBaseAddress: 0x00007f64c9000000, ArchiveRelocationMode: 1.
[0.008s][info][gc,metaspace] Compressed class space mapped at: 0x00007f64ca000000-0x00007f650a000000, reserved size: 1073741824
[0.008s][info][gc,metaspace] Narrow klass base: 0x00007f64c9000000, Narrow klass shift: 0, Narrow klass range: 0x100000000
[0.885s][info][safepoint   ] Safepoint "ICBufferFull", Time since last: 870662185 ns, Reaching safepoint: 2000 ns, Cleanup: 140500 ns, At safepoint: 5300 ns, Total: 147800 ns
[1.288s][info][safepoint   ] Safepoint "ICBufferFull", Time since last: 402726547 ns, Reaching safepoint: 2800 ns, Cleanup: 221800 ns, At safepoint: 5000 ns, Total: 229600 ns
[1.827s][info][gc,start    ] GC(0) Pause Young (Metadata GC Threshold)
[1.841s][debug][gc,phases   ] GC(0) Scavenge 13.759ms
[1.842s][debug][gc,ref      ] GC(0) Skipped phase 1 of Reference Processing: no references
[1.842s][debug][gc,ref      ] GC(0) ReferenceProcessor::execute queues: 3, RefProcThreadModel::Multi, marks_oops_alive: false
[1.842s][debug][gc,ref      ] GC(0) Skipped phase 3 of Reference Processing: no references
[1.842s][debug][gc,ref      ] GC(0) ReferenceProcessor::execute queues: 1, RefProcThreadModel::Single, marks_oops_alive: false
[1.842s][debug][gc,phases   ] GC(0) Reference Processing 0.242ms
[1.842s][debug][gc,phases   ] GC(0)   VM Weak                        Min:  0.0, Avg:  0.0, Max:  0.0, Diff:  0.0, Sum:  0.0, Workers: 4
[1.842s][debug][gc,phases   ] GC(0)     Dead                           Min: 0, Avg:  0.0, Max: 0, Diff: 0, Sum: 0, Workers: 4
[1.842s][debug][gc,phases   ] GC(0)     Total                          Min: 0, Avg: 57.8, Max: 128, Diff: 128, Sum: 231, Workers: 4
[1.842s][debug][gc,phases   ] GC(0)   ObjectSynchronizer Weak        Min:  0.0, Avg:  0.0, Max:  0.0, Diff:  0.0, Sum:  0.0, Workers: 4
[1.842s][debug][gc,phases   ] GC(0)     Dead                           Min: 0, Avg:  1.2, Max: 5, Diff: 5, Sum: 5, Workers: 4
[1.842s][debug][gc,phases   ] GC(0)     Total                          Min: 0, Avg:  2.8, Max: 11, Diff: 11, Sum: 11, Workers: 4
[1.842s][debug][gc,phases   ] GC(0)   JVMTI Tag Weak OopStorage      Min:  0.0, Avg:  0.0, Max:  0.0, Diff:  0.0, Sum:  0.0, Workers: 4
[1.842s][debug][gc,phases   ] GC(0)     Dead                           Min: 0, Avg:  0.0, Max: 0, Diff: 0, Sum: 0, Workers: 4
[1.842s][debug][gc,phases   ] GC(0)     Total                          Min: 0, Avg:  0.0, Max: 0, Diff: 0, Sum: 0, Workers: 4
[1.842s][debug][gc,phases   ] GC(0)   StringTable Weak               Min:  0.0, Avg:  0.1, Max:  0.1, Diff:  0.1, Sum:  0.3, Workers: 4
[1.842s][debug][gc,phases   ] GC(0)     Dead                           Min: 0, Avg:  6.5, Max: 14, Diff: 14, Sum: 26, Workers: 4
[1.842s][debug][gc,phases   ] GC(0)     Total                          Min: 0, Avg: 3304.2, Max: 5793, Diff: 5793, Sum: 13217, Workers: 4
[1.842s][debug][gc,phases   ] GC(0)   ResolvedMethodTable Weak       Min:  0.0, Avg:  0.0, Max:  0.0, Diff:  0.0, Sum:  0.0, Workers: 4
[1.842s][debug][gc,phases   ] GC(0)     Dead                           Min: 0, Avg: 18.5, Max: 33, Diff: 33, Sum: 74, Workers: 4
[1.842s][debug][gc,phases   ] GC(0)     Total                          Min: 0, Avg: 320.8, Max: 515, Diff: 515, Sum: 1283, Workers: 4
[1.842s][debug][gc,phases   ] GC(0)   JNI Weak                       Min:  0.0, Avg:  0.0, Max:  0.0, Diff:  0.0, Sum:  0.0, Workers: 4
[1.842s][debug][gc,phases   ] GC(0)     Dead                           Min: 0, Avg:  0.0, Max: 0, Diff: 0, Sum: 0, Workers: 4
[1.842s][debug][gc,phases   ] GC(0)     Total                          Min: 0, Avg: 11.2, Max: 45, Diff: 45, Sum: 45, Workers: 4
[1.842s][debug][gc,phases   ] GC(0)   StringDedup Table Weak         Min:  0.0, Avg:  0.0, Max:  0.0, Diff:  0.0, Sum:  0.0, Workers: 4
[1.842s][debug][gc,phases   ] GC(0)     Dead                           Min: 0, Avg:  0.0, Max: 0, Diff: 0, Sum: 0, Workers: 4
[1.842s][debug][gc,phases   ] GC(0)     Total                          Min: 0, Avg:  0.0, Max: 0, Diff: 0, Sum: 0, Workers: 4
[1.842s][debug][gc,phases   ] GC(0)   StringDedup Requests0 Weak     Min:  0.0, Avg:  0.0, Max:  0.0, Diff:  0.0, Sum:  0.0, Workers: 4
[1.842s][debug][gc,phases   ] GC(0)     Dead                           Min: 0, Avg:  0.0, Max: 0, Diff: 0, Sum: 0, Workers: 4
[1.842s][debug][gc,phases   ] GC(0)     Total                          Min: 0, Avg:  0.0, Max: 0, Diff: 0, Sum: 0, Workers: 4
[1.842s][debug][gc,phases   ] GC(0)   StringDedup Requests1 Weak     Min:  0.0, Avg:  0.0, Max:  0.0, Diff:  0.0, Sum:  0.0, Workers: 4
[1.842s][debug][gc,phases   ] GC(0)     Dead                           Min: 0, Avg:  0.0, Max: 0, Diff: 0, Sum: 0, Workers: 4
[1.842s][debug][gc,phases   ] GC(0)     Total                          Min: 0, Avg:  0.0, Max: 0, Diff: 0, Sum: 0, Workers: 4
[1.842s][debug][gc,phases   ] GC(0)   Weak JFR Old Object Samples    Min:  0.0, Avg:  0.0, Max:  0.0, Diff:  0.0, Sum:  0.0, Workers: 4
[1.842s][debug][gc,phases   ] GC(0)     Dead                           Min: 0, Avg:  0.0, Max: 0, Diff: 0, Sum: 0, Workers: 4
[1.842s][debug][gc,phases   ] GC(0)     Total                          Min: 0, Avg:  0.0, Max: 0, Diff: 0, Sum: 0, Workers: 4
[1.842s][debug][gc,phases   ] GC(0) Weak Processing 0.266ms
[1.842s][debug][gc,age      ] GC(0) Desired survivor size 536870912 bytes, new threshold 7 (max threshold 15)
[1.842s][info ][gc,heap     ] GC(0) PSYoungGen: 251664K(1572864K)->31743K(1572864K) Eden: 251664K(1048576K)->0K(1048576K) From: 0K(524288K)->31743K(524288K)
[1.842s][info ][gc,heap     ] GC(0) ParOldGen: 0K(6144K)->16K(6144K)
[1.842s][info ][gc,metaspace] GC(0) Metaspace: 21149K(21504K)->21149K(21504K) NonClass: 18708K(18944K)->18708K(18944K) Class: 2441K(2560K)->2441K(2560K)
[1.842s][info ][gc          ] GC(0) Pause Young (Metadata GC Threshold) 245M->31M(1542M) 14.605ms
[1.842s][info ][gc,cpu      ] GC(0) User=0.02s Sys=0.01s Real=0.02s
[1.842s][debug][gc,phases   ] GC(1) Pre Compact 0.010ms
[1.842s][info ][gc,start    ] GC(1) Pause Full (Metadata GC Threshold)
[1.842s][info ][gc,phases,start] GC(1) Marking Phase
[1.849s][debug][gc,phases      ] GC(1) Par Mark 6.469ms
[1.849s][debug][gc,ref         ] GC(1) Skipped phase 1 of Reference Processing: no references
[1.849s][debug][gc,ref         ] GC(1) ReferenceProcessor::execute queues: 3, RefProcThreadModel::Multi, marks_oops_alive: false
[1.849s][debug][gc,ref         ] GC(1) Skipped phase 3 of Reference Processing: no references
[1.849s][debug][gc,ref         ] GC(1) ReferenceProcessor::execute queues: 1, RefProcThreadModel::Single, marks_oops_alive: false
[1.849s][debug][gc,phases      ] GC(1) Reference Processing 0.075ms
[1.849s][debug][gc,phases      ] GC(1)   VM Weak                        Min:  0.0, Avg:  0.0, Max:  0.0, Diff:  0.0, Sum:  0.0, Workers: 4
[1.849s][debug][gc,phases      ] GC(1)     Dead                           Min: 0, Avg:  0.0, Max: 0, Diff: 0, Sum: 0, Workers: 4
[1.849s][debug][gc,phases      ] GC(1)     Total                          Min: 0, Avg: 57.8, Max: 231, Diff: 231, Sum: 231, Workers: 4
[1.849s][debug][gc,phases      ] GC(1)   ObjectSynchronizer Weak        Min:  0.0, Avg:  0.0, Max:  0.0, Diff:  0.0, Sum:  0.0, Workers: 4
[1.849s][debug][gc,phases      ] GC(1)     Dead                           Min: 0, Avg:  0.0, Max: 0, Diff: 0, Sum: 0, Workers: 4
[1.849s][debug][gc,phases      ] GC(1)     Total                          Min: 0, Avg:  2.8, Max: 11, Diff: 11, Sum: 11, Workers: 4
[1.849s][debug][gc,phases      ] GC(1)   JVMTI Tag Weak OopStorage      Min:  0.0, Avg:  0.0, Max:  0.0, Diff:  0.0, Sum:  0.0, Workers: 4
[1.849s][debug][gc,phases      ] GC(1)     Dead                           Min: 0, Avg:  0.0, Max: 0, Diff: 0, Sum: 0, Workers: 4
[1.849s][debug][gc,phases      ] GC(1)     Total                          Min: 0, Avg:  0.0, Max: 0, Diff: 0, Sum: 0, Workers: 4
[1.849s][debug][gc,phases      ] GC(1)   StringTable Weak               Min:  0.0, Avg:  0.0, Max:  0.1, Diff:  0.1, Sum:  0.1, Workers: 4
[1.849s][debug][gc,phases      ] GC(1)     Dead                           Min: 0, Avg:  0.0, Max: 0, Diff: 0, Sum: 0, Workers: 4
[1.849s][debug][gc,phases      ] GC(1)     Total                          Min: 0, Avg: 3304.2, Max: 7201, Diff: 7201, Sum: 13217, Workers: 4
[1.849s][debug][gc,phases      ] GC(1)   ResolvedMethodTable Weak       Min:  0.0, Avg:  0.0, Max:  0.0, Diff:  0.0, Sum:  0.0, Workers: 4
[1.849s][debug][gc,phases      ] GC(1)     Dead                           Min: 0, Avg:  0.0, Max: 0, Diff: 0, Sum: 0, Workers: 4
[1.849s][debug][gc,phases      ] GC(1)     Total                          Min: 0, Avg: 320.8, Max: 707, Diff: 707, Sum: 1283, Workers: 4
[1.849s][debug][gc,phases      ] GC(1)   JNI Weak                       Min:  0.0, Avg:  0.0, Max:  0.0, Diff:  0.0, Sum:  0.0, Workers: 4
[1.849s][debug][gc,phases      ] GC(1)     Dead                           Min: 0, Avg:  0.0, Max: 0, Diff: 0, Sum: 0, Workers: 4
[1.849s][debug][gc,phases      ] GC(1)     Total                          Min: 0, Avg: 11.2, Max: 45, Diff: 45, Sum: 45, Workers: 4
[1.849s][debug][gc,phases      ] GC(1)   StringDedup Table Weak         Min:  0.0, Avg:  0.0, Max:  0.0, Diff:  0.0, Sum:  0.0, Workers: 4
[1.849s][debug][gc,phases      ] GC(1)     Dead                           Min: 0, Avg:  0.0, Max: 0, Diff: 0, Sum: 0, Workers: 4
[1.849s][debug][gc,phases      ] GC(1)     Total                          Min: 0, Avg:  0.0, Max: 0, Diff: 0, Sum: 0, Workers: 4
[1.849s][debug][gc,phases      ] GC(1)   StringDedup Requests0 Weak     Min:  0.0, Avg:  0.0, Max:  0.0, Diff:  0.0, Sum:  0.0, Workers: 4
[1.849s][debug][gc,phases      ] GC(1)     Dead                           Min: 0, Avg:  0.0, Max: 0, Diff: 0, Sum: 0, Workers: 4
[1.849s][debug][gc,phases      ] GC(1)     Total                          Min: 0, Avg:  0.0, Max: 0, Diff: 0, Sum: 0, Workers: 4
[1.849s][debug][gc,phases      ] GC(1)   StringDedup Requests1 Weak     Min:  0.0, Avg:  0.0, Max:  0.0, Diff:  0.0, Sum:  0.0, Workers: 4
[1.849s][debug][gc,phases      ] GC(1)     Dead                           Min: 0, Avg:  0.0, Max: 0, Diff: 0, Sum: 0, Workers: 4
[1.849s][debug][gc,phases      ] GC(1)     Total                          Min: 0, Avg:  0.0, Max: 0, Diff: 0, Sum: 0, Workers: 4
[1.849s][debug][gc,phases      ] GC(1)   Weak JFR Old Object Samples    Min:  0.0, Avg:  0.0, Max:  0.0, Diff:  0.0, Sum:  0.0, Workers: 4
[1.849s][debug][gc,phases      ] GC(1)     Dead                           Min: 0, Avg:  0.0, Max: 0, Diff: 0, Sum: 0, Workers: 4
[1.849s][debug][gc,phases      ] GC(1)     Total                          Min: 0, Avg:  0.0, Max: 0, Diff: 0, Sum: 0, Workers: 4
[1.849s][debug][gc,phases      ] GC(1) Weak Processing 0.220ms
[1.849s][debug][gc,phases      ] GC(1) ClassLoaderData 0.008ms
[1.849s][debug][gc,phases      ] GC(1) Trigger cleanups 0.000ms
[1.852s][debug][gc,phases      ] GC(1) Class Unloading 2.688ms
[1.852s][debug][gc,phases      ] GC(1) Report Object Count 0.002ms
[1.852s][info ][gc,phases      ] GC(1) Marking Phase 9.523ms
[1.852s][info ][gc,phases,start] GC(1) Summary Phase
[1.852s][info ][gc,phases      ] GC(1) Summary Phase 0.004ms
[1.852s][info ][gc,phases,start] GC(1) Adjust Roots
[1.855s][info ][gc,phases      ] GC(1) Adjust Roots 2.907ms
[1.855s][info ][gc,phases,start] GC(1) Compaction Phase
[1.874s][info ][gc,phases      ] GC(1) Compaction Phase 19.640ms
[1.874s][info ][gc,phases,start] GC(1) Post Compact
[1.876s][info ][gc,phases      ] GC(1) Post Compact 1.521ms
[1.876s][info ][gc,heap        ] GC(1) PSYoungGen: 31743K(1572864K)->25483K(1572864K) Eden: 0K(1048576K)->0K(1048576K) From: 31743K(524288K)->25483K(524288K)
[1.876s][info ][gc,heap        ] GC(1) ParOldGen: 16K(6144K)->6129K(6144K)
[1.876s][info ][gc,metaspace   ] GC(1) Metaspace: 21149K(21504K)->21149K(21504K) NonClass: 18708K(18944K)->18708K(18944K) Class: 2441K(2560K)->2441K(2560K)
[1.876s][info ][gc             ] GC(1) Pause Full (Metadata GC Threshold) 31M->30M(1542M) 33.725ms
[1.876s][info ][gc,cpu         ] GC(1) User=0.08s Sys=0.01s Real=0.03s
[1.876s][info ][safepoint      ] Safepoint "CollectForMetadataAllocation", Time since last: 539586729 ns, Reaching safepoint: 2400 ns, Cleanup: 157900 ns, At safepoint: 48470493 ns, Total: 48630793 ns
[2.037s][info ][safepoint      ] Safepoint "ICBufferFull", Time since last: 160732879 ns, Reaching safepoint: 82000 ns, Cleanup: 158600 ns, At safepoint: 3400 ns, Total: 244000 ns
[2.161s][info ][safepoint      ] Safepoint "ICBufferFull", Time since last: 123650384 ns, Reaching safepoint: 2500 ns, Cleanup: 143600 ns, At safepoint: 2500 ns, Total: 148600 ns
[2.316s][info ][safepoint      ] Safepoint "ICBufferFull", Time since last: 155609179 ns, Reaching safepoint: 2300 ns, Cleanup: 133800 ns, At safepoint: 5000 ns, Total: 141100 ns
[2.425s][info ][safepoint      ] Safepoint "ICBufferFull", Time since last: 107865086 ns, Reaching safepoint: 74400 ns, Cleanup: 185500 ns, At safepoint: 4100 ns, Total: 264000 ns
[2.831s][info ][safepoint      ] Safepoint "ICBufferFull", Time since last: 406058556 ns, Reaching safepoint: 3300 ns, Cleanup: 179300 ns, At safepoint: 6900 ns, Total: 189500 ns
[2.926s][info ][safepoint      ] Safepoint "ICBufferFull", Time since last: 95393490 ns, Reaching safepoint: 2200 ns, Cleanup: 156500 ns, At safepoint: 2600 ns, Total: 161300 ns
[3.040s][info ][safepoint      ] Safepoint "ICBufferFull", Time since last: 113835188 ns, Reaching safepoint: 3300 ns, Cleanup: 158000 ns, At safepoint: 4900 ns, Total: 166200 ns
[3.161s][info ][safepoint      ] Safepoint "ICBufferFull", Time since last: 120501487 ns, Reaching safepoint: 82500 ns, Cleanup: 150700 ns, At safepoint: 7600 ns, Total: 240800 ns
[3.315s][info ][safepoint      ] Safepoint "ICBufferFull", Time since last: 154064984 ns, Reaching safepoint: 3500 ns, Cleanup: 176100 ns, At safepoint: 5900 ns, Total: 185500 ns
[3.558s][info ][safepoint      ] Safepoint "ICBufferFull", Time since last: 242367574 ns, Reaching safepoint: 2400 ns, Cleanup: 150600 ns, At safepoint: 6500 ns, Total: 159500 ns
[3.750s][info ][safepoint      ] Safepoint "ICBufferFull", Time since last: 191521980 ns, Reaching safepoint: 3300 ns, Cleanup: 147000 ns, At safepoint: 8700 ns, Total: 159000 ns
[3.822s][info ][safepoint      ] Safepoint "ICBufferFull", Time since last: 72350892 ns, Reaching safepoint: 2900 ns, Cleanup: 186800 ns, At safepoint: 8900 ns, Total: 198600 ns
[3.849s][debug][gc,phases      ] GC(2) Pre Compact 0.017ms
[3.849s][info ][gc,start       ] GC(2) Pause Full (Metadata GC Threshold)
[3.850s][info ][gc,phases,start] GC(2) Marking Phase
[3.905s][debug][gc,phases      ] GC(2) Par Mark 55.913ms
[3.906s][debug][gc,ref         ] GC(2) Skipped phase 1 of Reference Processing: no references
[3.906s][debug][gc,ref         ] GC(2) ReferenceProcessor::execute queues: 4, RefProcThreadModel::Multi, marks_oops_alive: false
[3.906s][debug][gc,ref         ] GC(2) Skipped phase 3 of Reference Processing: no references
[3.906s][debug][gc,ref         ] GC(2) ReferenceProcessor::execute queues: 2, RefProcThreadModel::Multi, marks_oops_alive: false
[3.906s][debug][gc,phases      ] GC(2) Reference Processing 0.541ms
[3.906s][debug][gc,phases      ] GC(2)   VM Weak                        Min:  0.0, Avg:  0.0, Max:  0.0, Diff:  0.0, Sum:  0.0, Workers: 4
[3.906s][debug][gc,phases      ] GC(2)     Dead                           Min: 0, Avg:  0.0, Max: 0, Diff: 0, Sum: 0, Workers: 4
[3.906s][debug][gc,phases      ] GC(2)     Total                          Min: 0, Avg: 91.5, Max: 192, Diff: 192, Sum: 366, Workers: 4
[3.906s][debug][gc,phases      ] GC(2)   ObjectSynchronizer Weak        Min:  0.0, Avg:  0.0, Max:  0.0, Diff:  0.0, Sum:  0.0, Workers: 4
[3.906s][debug][gc,phases      ] GC(2)     Dead                           Min: 0, Avg:  0.0, Max: 0, Diff: 0, Sum: 0, Workers: 4
[3.906s][debug][gc,phases      ] GC(2)     Total                          Min: 0, Avg:  2.8, Max: 11, Diff: 11, Sum: 11, Workers: 4
[3.906s][debug][gc,phases      ] GC(2)   JVMTI Tag Weak OopStorage      Min:  0.0, Avg:  0.0, Max:  0.0, Diff:  0.0, Sum:  0.0, Workers: 4
[3.906s][debug][gc,phases      ] GC(2)     Dead                           Min: 0, Avg:  0.0, Max: 0, Diff: 0, Sum: 0, Workers: 4
[3.906s][debug][gc,phases      ] GC(2)     Total                          Min: 0, Avg:  0.0, Max: 0, Diff: 0, Sum: 0, Workers: 4
[3.906s][debug][gc,phases      ] GC(2)   StringTable Weak               Min:  0.1, Avg:  0.1, Max:  0.1, Diff:  0.0, Sum:  0.4, Workers: 4
[3.906s][debug][gc,phases      ] GC(2)     Dead                           Min: 0, Avg:  2.0, Max: 5, Diff: 5, Sum: 8, Workers: 4
[3.906s][debug][gc,phases      ] GC(2)     Total                          Min: 5797, Avg: 6633.2, Max: 7360, Diff: 1563, Sum: 26533, Workers: 4
[3.906s][debug][gc,phases      ] GC(2)   ResolvedMethodTable Weak       Min:  0.0, Avg:  0.0, Max:  0.0, Diff:  0.0, Sum:  0.0, Workers: 4
[3.906s][debug][gc,phases      ] GC(2)     Dead                           Min: 0, Avg: 14.0, Max: 32, Diff: 32, Sum: 56, Workers: 4
[3.906s][debug][gc,phases      ] GC(2)     Total                          Min: 512, Avg: 618.2, Max: 745, Diff: 233, Sum: 2473, Workers: 4
[3.906s][debug][gc,phases      ] GC(2)   JNI Weak                       Min:  0.0, Avg:  0.0, Max:  0.0, Diff:  0.0, Sum:  0.0, Workers: 4
[3.906s][debug][gc,phases      ] GC(2)     Dead                           Min: 0, Avg:  0.0, Max: 0, Diff: 0, Sum: 0, Workers: 4
[3.906s][debug][gc,phases      ] GC(2)     Total                          Min: 0, Avg: 11.2, Max: 45, Diff: 45, Sum: 45, Workers: 4
[3.906s][debug][gc,phases      ] GC(2)   StringDedup Table Weak         Min:  0.0, Avg:  0.0, Max:  0.0, Diff:  0.0, Sum:  0.0, Workers: 4
[3.906s][debug][gc,phases      ] GC(2)     Dead                           Min: 0, Avg:  0.0, Max: 0, Diff: 0, Sum: 0, Workers: 4
[3.906s][debug][gc,phases      ] GC(2)     Total                          Min: 0, Avg:  0.0, Max: 0, Diff: 0, Sum: 0, Workers: 4
[3.906s][debug][gc,phases      ] GC(2)   StringDedup Requests0 Weak     Min:  0.0, Avg:  0.0, Max:  0.0, Diff:  0.0, Sum:  0.0, Workers: 4
[3.906s][debug][gc,phases      ] GC(2)     Dead                           Min: 0, Avg:  0.0, Max: 0, Diff: 0, Sum: 0, Workers: 4
[3.906s][debug][gc,phases      ] GC(2)     Total                          Min: 0, Avg:  0.0, Max: 0, Diff: 0, Sum: 0, Workers: 4
[3.906s][debug][gc,phases      ] GC(2)   StringDedup Requests1 Weak     Min:  0.0, Avg:  0.0, Max:  0.0, Diff:  0.0, Sum:  0.0, Workers: 4
[3.906s][debug][gc,phases      ] GC(2)     Dead                           Min: 0, Avg:  0.0, Max: 0, Diff: 0, Sum: 0, Workers: 4
[3.906s][debug][gc,phases      ] GC(2)     Total                          Min: 0, Avg:  0.0, Max: 0, Diff: 0, Sum: 0, Workers: 4
[3.906s][debug][gc,phases      ] GC(2)   Weak JFR Old Object Samples    Min:  0.0, Avg:  0.0, Max:  0.0, Diff:  0.0, Sum:  0.0, Workers: 4
[3.906s][debug][gc,phases      ] GC(2)     Dead                           Min: 0, Avg:  0.0, Max: 0, Diff: 0, Sum: 0, Workers: 4
[3.906s][debug][gc,phases      ] GC(2)     Total                          Min: 0, Avg:  0.0, Max: 0, Diff: 0, Sum: 0, Workers: 4
[3.906s][debug][gc,phases      ] GC(2) Weak Processing 0.267ms
[3.906s][debug][gc,phases      ] GC(2) ClassLoaderData 0.042ms
[3.906s][debug][gc,phases      ] GC(2) Trigger cleanups 0.000ms
[3.910s][debug][gc,phases      ] GC(2) Class Unloading 3.872ms
[3.910s][debug][gc,phases      ] GC(2) Report Object Count 0.001ms
[3.910s][info ][gc,phases      ] GC(2) Marking Phase 60.705ms
[3.910s][info ][gc,phases,start] GC(2) Summary Phase
[3.910s][info ][gc,phases      ] GC(2) Summary Phase 0.013ms
[3.910s][info ][gc,phases,start] GC(2) Adjust Roots
[3.918s][info ][gc,phases      ] GC(2) Adjust Roots 8.000ms
[3.918s][info ][gc,phases,start] GC(2) Compaction Phase
[4.048s][info ][gc,phases      ] GC(2) Compaction Phase 130.226ms
[4.049s][info ][gc,phases,start] GC(2) Post Compact
[4.052s][info ][gc,phases      ] GC(2) Post Compact 3.203ms
[4.052s][info ][gc,heap        ] GC(2) PSYoungGen: 591715K(1572864K)->83743K(1572864K) Eden: 566231K(1048576K)->83743K(1048576K) From: 25483K(524288K)->0K(524288K)
[4.052s][info ][gc,heap        ] GC(2) ParOldGen: 6129K(6144K)->6134K(6144K)
[4.052s][info ][gc,metaspace   ] GC(2) Metaspace: 35320K(35840K)->35320K(35840K) NonClass: 30811K(31104K)->30811K(31104K) Class: 4508K(4736K)->4508K(4736K)
[4.052s][info ][gc             ] GC(2) Pause Full (Metadata GC Threshold) 583M->87M(1542M) 202.262ms
[4.052s][info ][gc,cpu         ] GC(2) User=0.64s Sys=0.05s Real=0.20s
[4.052s][info ][safepoint      ] Safepoint "CollectForMetadataAllocation", Time since last: 27309397 ns, Reaching safepoint: 2400 ns, Cleanup: 51700 ns, At safepoint: 202475378 ns, Total: 202529478 ns
[4.439s][info ][safepoint      ] Safepoint "ICBufferFull", Time since last: 386604459 ns, Reaching safepoint: 2900 ns, Cleanup: 169400 ns, At safepoint: 2700 ns, Total: 175000 ns
[5.087s][info ][safepoint      ] Safepoint "ICBufferFull", Time since last: 648231232 ns, Reaching safepoint: 2800 ns, Cleanup: 152600 ns, At safepoint: 6200 ns, Total: 161600 ns
[5.291s][info ][safepoint      ] Safepoint "ICBufferFull", Time since last: 203728878 ns, Reaching safepoint: 75000 ns, Cleanup: 151800 ns, At safepoint: 6800 ns, Total: 233600 ns
[5.426s][info ][safepoint      ] Safepoint "ICBufferFull", Time since last: 134985486 ns, Reaching safepoint: 149000 ns, Cleanup: 133900 ns, At safepoint: 7500 ns, Total: 290400 ns
[5.498s][info ][safepoint      ] Safepoint "ICBufferFull", Time since last: 71358692 ns, Reaching safepoint: 74700 ns, Cleanup: 136600 ns, At safepoint: 4300 ns, Total: 215600 ns
[5.684s][info ][safepoint      ] Safepoint "ICBufferFull", Time since last: 186072180 ns, Reaching safepoint: 2300 ns, Cleanup: 140300 ns, At safepoint: 3900 ns, Total: 146500 ns
[5.805s][info ][safepoint      ] Safepoint "ICBufferFull", Time since last: 120510888 ns, Reaching safepoint: 3400 ns, Cleanup: 138100 ns, At safepoint: 1600 ns, Total: 143100 ns
[5.907s][info ][safepoint      ] Safepoint "ICBufferFull", Time since last: 101774189 ns, Reaching safepoint: 3000 ns, Cleanup: 112500 ns, At safepoint: 4400 ns, Total: 119900 ns
[6.005s][debug][gc,phases      ] GC(3) Pre Compact 0.016ms
[6.005s][info ][gc,start       ] GC(3) Pause Full (Metadata GC Threshold)
[6.005s][info ][gc,phases,start] GC(3) Marking Phase
[6.054s][debug][gc,phases      ] GC(3) Par Mark 49.425ms
[6.054s][debug][gc,ref         ] GC(3) Skipped phase 1 of Reference Processing: no references
[6.055s][debug][gc,ref         ] GC(3) ReferenceProcessor::execute queues: 4, RefProcThreadModel::Multi, marks_oops_alive: false
[6.055s][debug][gc,ref         ] GC(3) Skipped phase 3 of Reference Processing: no references
[6.055s][debug][gc,ref         ] GC(3) ReferenceProcessor::execute queues: 4, RefProcThreadModel::Multi, marks_oops_alive: false
[6.056s][debug][gc,phases      ] GC(3) Reference Processing 1.149ms
[6.056s][debug][gc,phases      ] GC(3)   VM Weak                        Min:  0.0, Avg:  0.0, Max:  0.0, Diff:  0.0, Sum:  0.0, Workers: 4
[6.056s][debug][gc,phases      ] GC(3)     Dead                           Min: 0, Avg:  0.0, Max: 0, Diff: 0, Sum: 0, Workers: 4
[6.056s][debug][gc,phases      ] GC(3)     Total                          Min: 0, Avg: 138.2, Max: 320, Diff: 320, Sum: 553, Workers: 4
[6.056s][debug][gc,phases      ] GC(3)   ObjectSynchronizer Weak        Min:  0.0, Avg:  0.0, Max:  0.0, Diff:  0.0, Sum:  0.0, Workers: 4
[6.056s][debug][gc,phases      ] GC(3)     Dead                           Min: 0, Avg:  0.0, Max: 0, Diff: 0, Sum: 0, Workers: 4
[6.056s][debug][gc,phases      ] GC(3)     Total                          Min: 0, Avg:  2.8, Max: 11, Diff: 11, Sum: 11, Workers: 4
[6.056s][debug][gc,phases      ] GC(3)   JVMTI Tag Weak OopStorage      Min:  0.0, Avg:  0.0, Max:  0.0, Diff:  0.0, Sum:  0.0, Workers: 4
[6.056s][debug][gc,phases      ] GC(3)     Dead                           Min: 0, Avg:  0.0, Max: 0, Diff: 0, Sum: 0, Workers: 4
[6.056s][debug][gc,phases      ] GC(3)     Total                          Min: 0, Avg:  0.0, Max: 0, Diff: 0, Sum: 0, Workers: 4
[6.056s][debug][gc,phases      ] GC(3)   StringTable Weak               Min:  0.0, Avg:  0.1, Max:  0.1, Diff:  0.1, Sum:  0.4, Workers: 4
[6.056s][debug][gc,phases      ] GC(3)     Dead                           Min: 0, Avg:  4.8, Max: 9, Diff: 9, Sum: 19, Workers: 4
[6.056s][debug][gc,phases      ] GC(3)     Total                          Min: 0, Avg: 9027.0, Max: 13056, Diff: 13056, Sum: 36108, Workers: 4
[6.056s][debug][gc,phases      ] GC(3)   ResolvedMethodTable Weak       Min:  0.0, Avg:  0.0, Max:  0.0, Diff:  0.0, Sum:  0.1, Workers: 4
[6.056s][debug][gc,phases      ] GC(3)     Dead                           Min: 0, Avg: 46.0, Max: 88, Diff: 88, Sum: 184, Workers: 4
[6.056s][debug][gc,phases      ] GC(3)     Total                          Min: 0, Avg: 1643.8, Max: 2415, Diff: 2415, Sum: 6575, Workers: 4
[6.056s][debug][gc,phases      ] GC(3)   JNI Weak                       Min:  0.0, Avg:  0.0, Max:  0.0, Diff:  0.0, Sum:  0.0, Workers: 4
[6.056s][debug][gc,phases      ] GC(3)     Dead                           Min: 0, Avg:  0.0, Max: 0, Diff: 0, Sum: 0, Workers: 4
[6.056s][debug][gc,phases      ] GC(3)     Total                          Min: 0, Avg: 11.2, Max: 45, Diff: 45, Sum: 45, Workers: 4
[6.056s][debug][gc,phases      ] GC(3)   StringDedup Table Weak         Min:  0.0, Avg:  0.0, Max:  0.0, Diff:  0.0, Sum:  0.0, Workers: 4
[6.056s][debug][gc,phases      ] GC(3)     Dead                           Min: 0, Avg:  0.0, Max: 0, Diff: 0, Sum: 0, Workers: 4
[6.056s][debug][gc,phases      ] GC(3)     Total                          Min: 0, Avg:  0.0, Max: 0, Diff: 0, Sum: 0, Workers: 4
[6.056s][debug][gc,phases      ] GC(3)   StringDedup Requests0 Weak     Min:  0.0, Avg:  0.0, Max:  0.0, Diff:  0.0, Sum:  0.0, Workers: 4
[6.056s][debug][gc,phases      ] GC(3)     Dead                           Min: 0, Avg:  0.0, Max: 0, Diff: 0, Sum: 0, Workers: 4
[6.056s][debug][gc,phases      ] GC(3)     Total                          Min: 0, Avg:  0.0, Max: 0, Diff: 0, Sum: 0, Workers: 4
[6.056s][debug][gc,phases      ] GC(3)   StringDedup Requests1 Weak     Min:  0.0, Avg:  0.0, Max:  0.0, Diff:  0.0, Sum:  0.0, Workers: 4
[6.056s][debug][gc,phases      ] GC(3)     Dead                           Min: 0, Avg:  0.0, Max: 0, Diff: 0, Sum: 0, Workers: 4
[6.056s][debug][gc,phases      ] GC(3)     Total                          Min: 0, Avg:  0.0, Max: 0, Diff: 0, Sum: 0, Workers: 4
[6.056s][debug][gc,phases      ] GC(3)   Weak JFR Old Object Samples    Min:  0.0, Avg:  0.0, Max:  0.0, Diff:  0.0, Sum:  0.0, Workers: 4
[6.056s][debug][gc,phases      ] GC(3)     Dead                           Min: 0, Avg:  0.0, Max: 0, Diff: 0, Sum: 0, Workers: 4
[6.056s][debug][gc,phases      ] GC(3)     Total                          Min: 0, Avg:  0.0, Max: 0, Diff: 0, Sum: 0, Workers: 4
[6.056s][debug][gc,phases      ] GC(3) Weak Processing 0.367ms
[6.056s][debug][gc,phases      ] GC(3) ClassLoaderData 0.060ms
[6.056s][debug][gc,phases      ] GC(3) Trigger cleanups 0.000ms
[6.064s][debug][gc,phases      ] GC(3) Class Unloading 7.625ms
[6.064s][debug][gc,phases      ] GC(3) Report Object Count 0.001ms
[6.064s][info ][gc,phases      ] GC(3) Marking Phase 58.708ms
[6.064s][info ][gc,phases,start] GC(3) Summary Phase
[6.064s][info ][gc,phases      ] GC(3) Summary Phase 0.015ms
[6.064s][info ][gc,phases,start] GC(3) Adjust Roots
[6.074s][info ][gc,phases      ] GC(3) Adjust Roots 10.848ms
[6.074s][info ][gc,phases,start] GC(3) Compaction Phase
[6.400s][info ][gc,phases      ] GC(3) Compaction Phase 325.958ms
[6.400s][info ][gc,phases,start] GC(3) Post Compact
[6.402s][info ][gc,phases      ] GC(3) Post Compact 1.874ms
[6.402s][info ][gc,heap        ] GC(3) PSYoungGen: 496330K(1572864K)->108149K(1572864K) Eden: 496330K(1048576K)->108149K(1048576K) From: 0K(524288K)->0K(524288K)
[6.402s][info ][gc,heap        ] GC(3) ParOldGen: 6134K(6144K)->6099K(6144K)
[6.402s][info ][gc,metaspace   ] GC(3) Metaspace: 59051K(59776K)->59051K(59776K) NonClass: 50135K(50496K)->50135K(50496K) Class: 8916K(9280K)->8916K(9280K)
[6.402s][info ][gc             ] GC(3) Pause Full (Metadata GC Threshold) 490M->111M(1542M) 397.525ms
[6.402s][info ][gc,cpu         ] GC(3) User=0.92s Sys=0.01s Real=0.40s
[6.402s][info ][safepoint      ] Safepoint "CollectForMetadataAllocation", Time since last: 98058989 ns, Reaching safepoint: 2200 ns, Cleanup: 77200 ns, At safepoint: 397621358 ns, Total: 397700758 ns
[6.563s][info ][safepoint      ] Safepoint "ICBufferFull", Time since last: 160272683 ns, Reaching safepoint: 3500 ns, Cleanup: 174200 ns, At safepoint: 12100 ns, Total: 189800 ns
[6.756s][info ][safepoint      ] Safepoint "ICBufferFull", Time since last: 192507480 ns, Reaching safepoint: 72300 ns, Cleanup: 139600 ns, At safepoint: 12900 ns, Total: 224800 ns
[6.961s][info ][safepoint      ] Safepoint "ICBufferFull", Time since last: 205523778 ns, Reaching safepoint: 3700 ns, Cleanup: 172800 ns, At safepoint: 3000 ns, Total: 179500 ns
[7.140s][info ][safepoint      ] Safepoint "ICBufferFull", Time since last: 178757281 ns, Reaching safepoint: 75400 ns, Cleanup: 164600 ns, At safepoint: 8600 ns, Total: 248600 ns
[7.889s][info ][safepoint      ] Safepoint "ICBufferFull", Time since last: 748792320 ns, Reaching safepoint: 2900 ns, Cleanup: 217100 ns, At safepoint: 1800 ns, Total: 221800 ns
[8.160s][info ][safepoint      ] Safepoint "ICBufferFull", Time since last: 269722472 ns, Reaching safepoint: 869700 ns, Cleanup: 162100 ns, At safepoint: 7600 ns, Total: 1039400 ns
[8.399s][info ][safepoint      ] Safepoint "ICBufferFull", Time since last: 238261174 ns, Reaching safepoint: 80600 ns, Cleanup: 139100 ns, At safepoint: 7100 ns, Total: 226800 ns
[8.591s][info ][gc,start       ] GC(4) Pause Young (Allocation Failure)
[8.808s][debug][gc,phases      ] GC(4) Scavenge 217.241ms
[8.808s][debug][gc,ref         ] GC(4) Skipped phase 1 of Reference Processing: no references
[8.808s][debug][gc,ref         ] GC(4) ReferenceProcessor::execute queues: 4, RefProcThreadModel::Multi, marks_oops_alive: false
[8.809s][debug][gc,ref         ] GC(4) Skipped phase 3 of Reference Processing: no references
[8.809s][debug][gc,ref         ] GC(4) ReferenceProcessor::execute queues: 2, RefProcThreadModel::Multi, marks_oops_alive: false
[8.809s][debug][gc,phases      ] GC(4) Reference Processing 0.424ms
[8.812s][debug][gc,phases      ] GC(4)   VM Weak                        Min:  0.0, Avg:  0.0, Max:  0.0, Diff:  0.0, Sum:  0.0, Workers: 4
[8.812s][debug][gc,phases      ] GC(4)     Dead                           Min: 0, Avg:  0.0, Max: 0, Diff: 0, Sum: 0, Workers: 4
[8.812s][debug][gc,phases      ] GC(4)     Total                          Min: 64, Avg: 155.0, Max: 300, Diff: 236, Sum: 620, Workers: 4
[8.812s][debug][gc,phases      ] GC(4)   ObjectSynchronizer Weak        Min:  0.0, Avg:  0.0, Max:  0.0, Diff:  0.0, Sum:  0.0, Workers: 4
[8.812s][debug][gc,phases      ] GC(4)     Dead                           Min: 0, Avg:  3.2, Max: 13, Diff: 13, Sum: 13, Workers: 4
[8.812s][debug][gc,phases      ] GC(4)     Total                          Min: 0, Avg: 10.5, Max: 42, Diff: 42, Sum: 42, Workers: 4
[8.812s][debug][gc,phases      ] GC(4)   JVMTI Tag Weak OopStorage      Min:  0.0, Avg:  0.0, Max:  0.0, Diff:  0.0, Sum:  0.0, Workers: 4
[8.812s][debug][gc,phases      ] GC(4)     Dead                           Min: 0, Avg:  0.0, Max: 0, Diff: 0, Sum: 0, Workers: 4
[8.812s][debug][gc,phases      ] GC(4)     Total                          Min: 0, Avg:  0.0, Max: 0, Diff: 0, Sum: 0, Workers: 4
[8.812s][debug][gc,phases      ] GC(4)   StringTable Weak               Min:  0.3, Avg:  0.3, Max:  0.3, Diff:  0.0, Sum:  1.1, Workers: 4
[8.812s][debug][gc,phases      ] GC(4)     Dead                           Min: 0, Avg:  3.2, Max: 6, Diff: 6, Sum: 13, Workers: 4
[8.812s][debug][gc,phases      ] GC(4)     Total                          Min: 9626, Avg: 9846.5, Max: 10048, Diff: 422, Sum: 39386, Workers: 4
[8.812s][debug][gc,phases      ] GC(4)   ResolvedMethodTable Weak       Min:  0.1, Avg:  0.8, Max:  3.0, Diff:  2.9, Sum:  3.2, Workers: 4
[8.812s][debug][gc,phases      ] GC(4)     Dead                           Min: 2, Avg: 59.2, Max: 120, Diff: 118, Sum: 237, Workers: 4
[8.812s][debug][gc,phases      ] GC(4)     Total                          Min: 1280, Avg: 1993.8, Max: 2304, Diff: 1024, Sum: 7975, Workers: 4
[8.812s][debug][gc,phases      ] GC(4)   JNI Weak                       Min:  0.0, Avg:  0.0, Max:  0.0, Diff:  0.0, Sum:  0.0, Workers: 4
[8.812s][debug][gc,phases      ] GC(4)     Dead                           Min: 0, Avg:  0.0, Max: 0, Diff: 0, Sum: 0, Workers: 4
[8.812s][debug][gc,phases      ] GC(4)     Total                          Min: 0, Avg: 22.0, Max: 88, Diff: 88, Sum: 88, Workers: 4
[8.812s][debug][gc,phases      ] GC(4)   StringDedup Table Weak         Min:  0.0, Avg:  0.0, Max:  0.0, Diff:  0.0, Sum:  0.0, Workers: 4
[8.812s][debug][gc,phases      ] GC(4)     Dead                           Min: 0, Avg:  0.0, Max: 0, Diff: 0, Sum: 0, Workers: 4
[8.812s][debug][gc,phases      ] GC(4)     Total                          Min: 0, Avg:  0.0, Max: 0, Diff: 0, Sum: 0, Workers: 4
[8.812s][debug][gc,phases      ] GC(4)   StringDedup Requests0 Weak     Min:  0.0, Avg:  0.0, Max:  0.0, Diff:  0.0, Sum:  0.0, Workers: 4
[8.812s][debug][gc,phases      ] GC(4)     Dead                           Min: 0, Avg:  0.0, Max: 0, Diff: 0, Sum: 0, Workers: 4
[8.812s][debug][gc,phases      ] GC(4)     Total                          Min: 0, Avg:  0.0, Max: 0, Diff: 0, Sum: 0, Workers: 4
[8.812s][debug][gc,phases      ] GC(4)   StringDedup Requests1 Weak     Min:  0.0, Avg:  0.0, Max:  0.0, Diff:  0.0, Sum:  0.0, Workers: 4
[8.812s][debug][gc,phases      ] GC(4)     Dead                           Min: 0, Avg:  0.0, Max: 0, Diff: 0, Sum: 0, Workers: 4
[8.812s][debug][gc,phases      ] GC(4)     Total                          Min: 0, Avg:  0.0, Max: 0, Diff: 0, Sum: 0, Workers: 4
[8.812s][debug][gc,phases      ] GC(4)   Weak JFR Old Object Samples    Min:  0.0, Avg:  0.0, Max:  0.0, Diff:  0.0, Sum:  0.0, Workers: 4
[8.812s][debug][gc,phases      ] GC(4)     Dead                           Min: 0, Avg:  0.0, Max: 0, Diff: 0, Sum: 0, Workers: 4
[8.812s][debug][gc,phases      ] GC(4)     Total                          Min: 0, Avg:  0.0, Max: 0, Diff: 0, Sum: 0, Workers: 4
[8.812s][debug][gc,phases      ] GC(4) Weak Processing 3.431ms
[8.812s][debug][gc,age         ] GC(4) Desired survivor size 536870912 bytes, new threshold 7 (max threshold 15)
[8.812s][info ][gc,heap        ] GC(4) PSYoungGen: 1048576K(1572864K)->345347K(1572864K) Eden: 1048576K(1048576K)->0K(1048576K) From: 0K(524288K)->345347K(524288K)
[8.812s][info ][gc,heap        ] GC(4) ParOldGen: 6099K(6144K)->6211K(6656K)
[8.812s][info ][gc,metaspace   ] GC(4) Metaspace: 69911K(70656K)->69911K(70656K) NonClass: 59441K(59840K)->59441K(59840K) Class: 10469K(10816K)->10469K(10816K)
[8.812s][info ][gc             ] GC(4) Pause Young (Allocation Failure) 1029M->343M(1542M) 221.215ms
[8.812s][info ][gc,cpu         ] GC(4) User=0.58s Sys=0.19s Real=0.22s
[8.812s][info ][safepoint      ] Safepoint "ParallelGCFailedAllocation", Time since last: 192050580 ns, Reaching safepoint: 75100 ns, Cleanup: 139600 ns, At safepoint: 221290176 ns, Total: 221504876 ns
[9.201s][info ][safepoint      ] Safepoint "ICBufferFull", Time since last: 388665159 ns, Reaching safepoint: 3800 ns, Cleanup: 173000 ns, At safepoint: 6600 ns, Total: 183400 ns
[9.463s][info ][safepoint      ] Safepoint "ICBufferFull", Time since last: 262107372 ns, Reaching safepoint: 3400 ns, Cleanup: 154500 ns, At safepoint: 6200 ns, Total: 164100 ns
[9.608s][info ][safepoint      ] Safepoint "ICBufferFull", Time since last: 144281585 ns, Reaching safepoint: 77800 ns, Cleanup: 170700 ns, At safepoint: 8200 ns, Total: 256700 ns
[10.317s][info ][safepoint      ] Safepoint "ICBufferFull", Time since last: 709491725 ns, Reaching safepoint: 4000 ns, Cleanup: 177600 ns, At safepoint: 3800 ns, Total: 185400 ns
[10.731s][info ][safepoint      ] Safepoint "ICBufferFull", Time since last: 413525967 ns, Reaching safepoint: 316900 ns, Cleanup: 162000 ns, At safepoint: 9600 ns, Total: 488500 ns
[11.085s][info ][safepoint      ] Safepoint "ICBufferFull", Time since last: 353680378 ns, Reaching safepoint: 3200 ns, Cleanup: 142200 ns, At safepoint: 7500 ns, Total: 152900 ns
[11.399s][info ][safepoint      ] Safepoint "ICBufferFull", Time since last: 313687780 ns, Reaching safepoint: 80400 ns, Cleanup: 176100 ns, At safepoint: 6400 ns, Total: 262900 ns
[11.426s][info ][gc,start       ] GC(5) Pause Young (Allocation Failure)
[11.550s][debug][gc,phases      ] GC(5) Scavenge 124.164ms
[11.551s][debug][gc,ref         ] GC(5) Skipped phase 1 of Reference Processing: no references
[11.551s][debug][gc,ref         ] GC(5) ReferenceProcessor::execute queues: 4, RefProcThreadModel::Multi, marks_oops_alive: false
[11.551s][debug][gc,ref         ] GC(5) Skipped phase 3 of Reference Processing: no references
[11.551s][debug][gc,ref         ] GC(5) ReferenceProcessor::execute queues: 1, RefProcThreadModel::Single, marks_oops_alive: false
[11.551s][debug][gc,phases      ] GC(5) Reference Processing 0.803ms
[11.552s][debug][gc,phases      ] GC(5)   VM Weak                        Min:  0.0, Avg:  0.0, Max:  0.0, Diff:  0.0, Sum:  0.0, Workers: 4
[11.552s][debug][gc,phases      ] GC(5)     Dead                           Min: 0, Avg:  0.0, Max: 0, Diff: 0, Sum: 0, Workers: 4
[11.552s][debug][gc,phases      ] GC(5)     Total                          Min: 0, Avg: 163.0, Max: 448, Diff: 448, Sum: 652, Workers: 4
[11.552s][debug][gc,phases      ] GC(5)   ObjectSynchronizer Weak        Min:  0.0, Avg:  0.0, Max:  0.0, Diff:  0.0, Sum:  0.0, Workers: 4
[11.552s][debug][gc,phases      ] GC(5)     Dead                           Min: 0, Avg:  0.0, Max: 0, Diff: 0, Sum: 0, Workers: 4
[11.552s][debug][gc,phases      ] GC(5)     Total                          Min: 0, Avg: 10.5, Max: 42, Diff: 42, Sum: 42, Workers: 4
[11.552s][debug][gc,phases      ] GC(5)   JVMTI Tag Weak OopStorage      Min:  0.0, Avg:  0.0, Max:  0.0, Diff:  0.0, Sum:  0.0, Workers: 4
[11.552s][debug][gc,phases      ] GC(5)     Dead                           Min: 0, Avg:  0.0, Max: 0, Diff: 0, Sum: 0, Workers: 4
[11.552s][debug][gc,phases      ] GC(5)     Total                          Min: 0, Avg:  0.0, Max: 0, Diff: 0, Sum: 0, Workers: 4
[11.552s][debug][gc,phases      ] GC(5)   StringTable Weak               Min:  0.0, Avg:  0.3, Max:  0.4, Diff:  0.4, Sum:  1.1, Workers: 4
[11.552s][debug][gc,phases      ] GC(5)     Dead                           Min: 0, Avg:  1.8, Max: 6, Diff: 6, Sum: 7, Workers: 4
[11.552s][debug][gc,phases      ] GC(5)     Total                          Min: 0, Avg: 10029.5, Max: 17718, Diff: 17718, Sum: 40118, Workers: 4
[11.552s][debug][gc,phases      ] GC(5)   ResolvedMethodTable Weak       Min:  0.0, Avg:  0.1, Max:  0.1, Diff:  0.1, Sum:  0.3, Workers: 4
[11.552s][debug][gc,phases      ] GC(5)     Dead                           Min: 0, Avg: 21.5, Max: 60, Diff: 60, Sum: 86, Workers: 4
[11.552s][debug][gc,phases      ] GC(5)     Total                          Min: 0, Avg: 2125.2, Max: 4605, Diff: 4605, Sum: 8501, Workers: 4
[11.552s][debug][gc,phases      ] GC(5)   JNI Weak                       Min:  0.0, Avg:  0.0, Max:  0.0, Diff:  0.0, Sum:  0.0, Workers: 4
[11.552s][debug][gc,phases      ] GC(5)     Dead                           Min: 0, Avg:  0.0, Max: 0, Diff: 0, Sum: 0, Workers: 4
[11.552s][debug][gc,phases      ] GC(5)     Total                          Min: 0, Avg: 13.0, Max: 52, Diff: 52, Sum: 52, Workers: 4
[11.552s][debug][gc,phases      ] GC(5)   StringDedup Table Weak         Min:  0.0, Avg:  0.0, Max:  0.0, Diff:  0.0, Sum:  0.0, Workers: 4
[11.552s][debug][gc,phases      ] GC(5)     Dead                           Min: 0, Avg:  0.0, Max: 0, Diff: 0, Sum: 0, Workers: 4
[11.552s][debug][gc,phases      ] GC(5)     Total                          Min: 0, Avg:  0.0, Max: 0, Diff: 0, Sum: 0, Workers: 4
[11.552s][debug][gc,phases      ] GC(5)   StringDedup Requests0 Weak     Min:  0.0, Avg:  0.0, Max:  0.0, Diff:  0.0, Sum:  0.0, Workers: 4
[11.552s][debug][gc,phases      ] GC(5)     Dead                           Min: 0, Avg:  0.0, Max: 0, Diff: 0, Sum: 0, Workers: 4
[11.552s][debug][gc,phases      ] GC(5)     Total                          Min: 0, Avg:  0.0, Max: 0, Diff: 0, Sum: 0, Workers: 4
[11.552s][debug][gc,phases      ] GC(5)   StringDedup Requests1 Weak     Min:  0.0, Avg:  0.0, Max:  0.0, Diff:  0.0, Sum:  0.0, Workers: 4
[11.552s][debug][gc,phases      ] GC(5)     Dead                           Min: 0, Avg:  0.0, Max: 0, Diff: 0, Sum: 0, Workers: 4
[11.552s][debug][gc,phases      ] GC(5)     Total                          Min: 0, Avg:  0.0, Max: 0, Diff: 0, Sum: 0, Workers: 4
[11.552s][debug][gc,phases      ] GC(5)   Weak JFR Old Object Samples    Min:  0.0, Avg:  0.0, Max:  0.0, Diff:  0.0, Sum:  0.0, Workers: 4
[11.552s][debug][gc,phases      ] GC(5)     Dead                           Min: 0, Avg:  0.0, Max: 0, Diff: 0, Sum: 0, Workers: 4
[11.552s][debug][gc,phases      ] GC(5)     Total                          Min: 0, Avg:  0.0, Max: 0, Diff: 0, Sum: 0, Workers: 4
[11.552s][debug][gc,phases      ] GC(5) Weak Processing 0.694ms
[11.552s][debug][gc,age         ] GC(5) Desired survivor size 536870912 bytes, new threshold 7 (max threshold 15)
[11.552s][info ][gc,heap        ] GC(5) PSYoungGen: 1393923K(1572864K)->220454K(1572864K) Eden: 1048576K(1048576K)->0K(1048576K) From: 345347K(524288K)->220454K(524288K)
[11.552s][info ][gc,heap        ] GC(5) ParOldGen: 6211K(6656K)->6227K(6656K)
[11.552s][info ][gc,metaspace   ] GC(5) Metaspace: 72648K(73472K)->72648K(73472K) NonClass: 61806K(62272K)->61806K(62272K) Class: 10842K(11200K)->10842K(11200K)
[11.552s][info ][gc             ] GC(5) Pause Young (Allocation Failure) 1367M->221M(1542M) 125.770ms
[11.552s][info ][gc,cpu         ] GC(5) User=0.30s Sys=0.08s Real=0.13s
[11.552s][info ][safepoint      ] Safepoint "ParallelGCFailedAllocation", Time since last: 26809298 ns, Reaching safepoint: 75900 ns, Cleanup: 109900 ns, At safepoint: 125839892 ns, Total: 126025692 ns
[11.765s][info ][safepoint      ] Safepoint "ICBufferFull", Time since last: 212267887 ns, Reaching safepoint: 4600 ns, Cleanup: 169200 ns, At safepoint: 5400 ns, Total: 179200 ns
[12.077s][info ][safepoint      ] Safepoint "ICBufferFull", Time since last: 312300280 ns, Reaching safepoint: 70600 ns, Cleanup: 146500 ns, At safepoint: 9000 ns, Total: 226100 ns
[12.809s][info ][safepoint      ] Safepoint "ICBufferFull", Time since last: 732205053 ns, Reaching safepoint: 4600 ns, Cleanup: 155600 ns, At safepoint: 5400 ns, Total: 165600 ns
[13.810s][info ][safepoint      ] Safepoint "Cleanup", Time since last: 1000107337 ns, Reaching safepoint: 74800 ns, Cleanup: 113500 ns, At safepoint: 6700 ns, Total: 195000 ns
[14.810s][info ][safepoint      ] Safepoint "Cleanup", Time since last: 1000115536 ns, Reaching safepoint: 78600 ns, Cleanup: 91200 ns, At safepoint: 7900 ns, Total: 177700 ns
[15.146s][info ][safepoint      ] Safepoint "ICBufferFull", Time since last: 335627779 ns, Reaching safepoint: 4200 ns, Cleanup: 199000 ns, At safepoint: 14600 ns, Total: 217800 ns
[15.172s][info ][safepoint      ] Safepoint "ICBufferFull", Time since last: 21830098 ns, Reaching safepoint: 4277500 ns, Cleanup: 204500 ns, At safepoint: 11700 ns, Total: 4493700 ns
[15.487s][info ][safepoint      ] Safepoint "ICBufferFull", Time since last: 314366180 ns, Reaching safepoint: 78100 ns, Cleanup: 167000 ns, At safepoint: 5600 ns, Total: 250700 ns
[15.576s][info ][safepoint      ] Safepoint "ICBufferFull", Time since last: 89261494 ns, Reaching safepoint: 78700 ns, Cleanup: 154800 ns, At safepoint: 10000 ns, Total: 243500 ns
[15.695s][info ][safepoint      ] Safepoint "ICBufferFull", Time since last: 118730293 ns, Reaching safepoint: 74500 ns, Cleanup: 157300 ns, At safepoint: 10200 ns, Total: 242000 ns
[15.906s][info ][safepoint      ] Safepoint "ICBufferFull", Time since last: 210962586 ns, Reaching safepoint: 3900 ns, Cleanup: 181900 ns, At safepoint: 6500 ns, Total: 192300 ns
[16.200s][info ][safepoint      ] Safepoint "ICBufferFull", Time since last: 293174682 ns, Reaching safepoint: 4000 ns, Cleanup: 155300 ns, At safepoint: 3100 ns, Total: 162400 ns
[16.474s][info ][safepoint      ] Safepoint "ICBufferFull", Time since last: 273890182 ns, Reaching safepoint: 2900 ns, Cleanup: 161000 ns, At safepoint: 4300 ns, Total: 168200 ns
[17.210s][info ][safepoint      ] Safepoint "ICBufferFull", Time since last: 735540253 ns, Reaching safepoint: 78000 ns, Cleanup: 153600 ns, At safepoint: 5300 ns, Total: 236900 ns
[17.755s][info ][safepoint      ] Safepoint "ICBufferFull", Time since last: 545328166 ns, Reaching safepoint: 3400 ns, Cleanup: 166900 ns, At safepoint: 6700 ns, Total: 177000 ns
[18.712s][info ][safepoint      ] Safepoint "ICBufferFull", Time since last: 956358833 ns, Reaching safepoint: 5800 ns, Cleanup: 160300 ns, At safepoint: 51000 ns, Total: 217100 ns
[18.963s][info ][gc,start       ] GC(6) Pause Young (Allocation Failure)
[19.052s][debug][gc,phases      ] GC(6) Scavenge 88.520ms
[19.052s][debug][gc,ref         ] GC(6) Skipped phase 1 of Reference Processing: no references
[19.052s][debug][gc,ref         ] GC(6) ReferenceProcessor::execute queues: 4, RefProcThreadModel::Multi, marks_oops_alive: false
[19.052s][debug][gc,ref         ] GC(6) ReferenceProcessor::execute queues: 4, RefProcThreadModel::Multi, marks_oops_alive: true
[19.053s][debug][gc,ref         ] GC(6) ReferenceProcessor::execute queues: 1, RefProcThreadModel::Single, marks_oops_alive: false
[19.053s][debug][gc,phases      ] GC(6) Reference Processing 0.806ms
[19.053s][debug][gc,phases      ] GC(6)   VM Weak                        Min:  0.0, Avg:  0.0, Max:  0.0, Diff:  0.0, Sum:  0.0, Workers: 4
[19.053s][debug][gc,phases      ] GC(6)     Dead                           Min: 0, Avg:  0.0, Max: 0, Diff: 0, Sum: 0, Workers: 4
[19.053s][debug][gc,phases      ] GC(6)     Total                          Min: 0, Avg: 171.8, Max: 448, Diff: 448, Sum: 687, Workers: 4
[19.053s][debug][gc,phases      ] GC(6)   ObjectSynchronizer Weak        Min:  0.0, Avg:  0.0, Max:  0.0, Diff:  0.0, Sum:  0.0, Workers: 4
[19.053s][debug][gc,phases      ] GC(6)     Dead                           Min: 0, Avg:  0.2, Max: 1, Diff: 1, Sum: 1, Workers: 4
[19.053s][debug][gc,phases      ] GC(6)     Total                          Min: 0, Avg: 11.2, Max: 45, Diff: 45, Sum: 45, Workers: 4
[19.053s][debug][gc,phases      ] GC(6)   JVMTI Tag Weak OopStorage      Min:  0.0, Avg:  0.0, Max:  0.0, Diff:  0.0, Sum:  0.0, Workers: 4
[19.053s][debug][gc,phases      ] GC(6)     Dead                           Min: 0, Avg:  0.0, Max: 0, Diff: 0, Sum: 0, Workers: 4
[19.053s][debug][gc,phases      ] GC(6)     Total                          Min: 0, Avg:  0.0, Max: 0, Diff: 0, Sum: 0, Workers: 4
[19.053s][debug][gc,phases      ] GC(6)   StringTable Weak               Min:  0.3, Avg:  0.3, Max:  0.3, Diff:  0.0, Sum:  1.2, Workers: 4
[19.053s][debug][gc,phases      ] GC(6)     Dead                           Min: 1, Avg:  3.0, Max: 6, Diff: 5, Sum: 12, Workers: 4
[19.053s][debug][gc,phases      ] GC(6)     Total                          Min: 10048, Avg: 10470.5, Max: 10816, Diff: 768, Sum: 41882, Workers: 4
[19.053s][debug][gc,phases      ] GC(6)   ResolvedMethodTable Weak       Min:  0.1, Avg:  0.1, Max:  0.1, Diff:  0.0, Sum:  0.3, Workers: 4
[19.053s][debug][gc,phases      ] GC(6)     Dead                           Min: 8, Avg: 35.8, Max: 85, Diff: 77, Sum: 143, Workers: 4
[19.053s][debug][gc,phases      ] GC(6)     Total                          Min: 2149, Avg: 2281.2, Max: 2368, Diff: 219, Sum: 9125, Workers: 4
[19.053s][debug][gc,phases      ] GC(6)   JNI Weak                       Min:  0.0, Avg:  0.0, Max:  0.0, Diff:  0.0, Sum:  0.0, Workers: 4
[19.053s][debug][gc,phases      ] GC(6)     Dead                           Min: 0, Avg:  0.0, Max: 0, Diff: 0, Sum: 0, Workers: 4
[19.053s][debug][gc,phases      ] GC(6)     Total                          Min: 0, Avg: 11.2, Max: 45, Diff: 45, Sum: 45, Workers: 4
[19.053s][debug][gc,phases      ] GC(6)   StringDedup Table Weak         Min:  0.0, Avg:  0.0, Max:  0.0, Diff:  0.0, Sum:  0.0, Workers: 4
[19.053s][debug][gc,phases      ] GC(6)     Dead                           Min: 0, Avg:  0.0, Max: 0, Diff: 0, Sum: 0, Workers: 4
[19.053s][debug][gc,phases      ] GC(6)     Total                          Min: 0, Avg:  0.0, Max: 0, Diff: 0, Sum: 0, Workers: 4
[19.053s][debug][gc,phases      ] GC(6)   StringDedup Requests0 Weak     Min:  0.0, Avg:  0.0, Max:  0.0, Diff:  0.0, Sum:  0.0, Workers: 4
[19.053s][debug][gc,phases      ] GC(6)     Dead                           Min: 0, Avg:  0.0, Max: 0, Diff: 0, Sum: 0, Workers: 4
[19.053s][debug][gc,phases      ] GC(6)     Total                          Min: 0, Avg:  0.0, Max: 0, Diff: 0, Sum: 0, Workers: 4
[19.053s][debug][gc,phases      ] GC(6)   StringDedup Requests1 Weak     Min:  0.0, Avg:  0.0, Max:  0.0, Diff:  0.0, Sum:  0.0, Workers: 4
[19.053s][debug][gc,phases      ] GC(6)     Dead                           Min: 0, Avg:  0.0, Max: 0, Diff: 0, Sum: 0, Workers: 4
[19.053s][debug][gc,phases      ] GC(6)     Total                          Min: 0, Avg:  0.0, Max: 0, Diff: 0, Sum: 0, Workers: 4
[19.053s][debug][gc,phases      ] GC(6)   Weak JFR Old Object Samples    Min:  0.0, Avg:  0.0, Max:  0.0, Diff:  0.0, Sum:  0.0, Workers: 4
[19.053s][debug][gc,phases      ] GC(6)     Dead                           Min: 0, Avg:  0.0, Max: 0, Diff: 0, Sum: 0, Workers: 4
[19.053s][debug][gc,phases      ] GC(6)     Total                          Min: 0, Avg:  0.0, Max: 0, Diff: 0, Sum: 0, Workers: 4
[19.053s][debug][gc,phases      ] GC(6) Weak Processing 0.536ms
[19.053s][debug][gc,age         ] GC(6) Desired survivor size 536870912 bytes, new threshold 7 (max threshold 15)
[19.053s][info ][gc,heap        ] GC(6) PSYoungGen: 1269030K(1572864K)->228302K(1572864K) Eden: 1048576K(1048576K)->0K(1048576K) From: 220454K(524288K)->228302K(524288K)
[19.053s][info ][gc,heap        ] GC(6) ParOldGen: 6227K(6656K)->6243K(6656K)
[19.053s][info ][gc,metaspace   ] GC(6) Metaspace: 78831K(79680K)->78831K(79680K) NonClass: 67168K(67584K)->67168K(67584K) Class: 11663K(12096K)->11663K(12096K)
[19.053s][info ][gc             ] GC(6) Pause Young (Allocation Failure) 1245M->229M(1542M) 89.991ms
[19.053s][info ][gc,cpu         ] GC(6) User=0.30s Sys=0.00s Real=0.09s
[19.053s][info ][safepoint      ] Safepoint "ParallelGCFailedAllocation", Time since last: 251314878 ns, Reaching safepoint: 3900 ns, Cleanup: 82600 ns, At safepoint: 90065292 ns, Total: 90151792 ns
[20.053s][info ][safepoint      ] Safepoint "Cleanup", Time since last: 1000073113 ns, Reaching safepoint: 4000 ns, Cleanup: 97500 ns, At safepoint: 4900 ns, Total: 106400 ns
[21.054s][info ][safepoint      ] Safepoint "Cleanup", Time since last: 1000093213 ns, Reaching safepoint: 4000 ns, Cleanup: 91000 ns, At safepoint: 2100 ns, Total: 97100 ns
[22.054s][info ][safepoint      ] Safepoint "Cleanup", Time since last: 1000100813 ns, Reaching safepoint: 3900 ns, Cleanup: 92900 ns, At safepoint: 5300 ns, Total: 102100 ns
[23.054s][info ][safepoint      ] Safepoint "Cleanup", Time since last: 1000102413 ns, Reaching safepoint: 4100 ns, Cleanup: 58300 ns, At safepoint: 2300 ns, Total: 64700 ns
[24.054s][info ][safepoint      ] Safepoint "Cleanup", Time since last: 1000096312 ns, Reaching safepoint: 3800 ns, Cleanup: 67200 ns, At safepoint: 1800 ns, Total: 72800 ns
[25.054s][info ][safepoint      ] Safepoint "Cleanup", Time since last: 1000088813 ns, Reaching safepoint: 4100 ns, Cleanup: 48900 ns, At safepoint: 2000 ns, Total: 55000 ns
[26.381s][info ][safepoint      ] Safepoint "Cleanup", Time since last: 1326884685 ns, Reaching safepoint: 4900 ns, Cleanup: 202900 ns, At safepoint: 9200 ns, Total: 217000 ns
[27.382s][info ][safepoint      ] Safepoint "Cleanup", Time since last: 1000094330 ns, Reaching safepoint: 4600 ns, Cleanup: 55300 ns, At safepoint: 2600 ns, Total: 62500 ns
[28.382s][info ][safepoint      ] Safepoint "Cleanup", Time since last: 1000102933 ns, Reaching safepoint: 4200 ns, Cleanup: 80500 ns, At safepoint: 2100 ns, Total: 86800 ns
[28.913s][info ][gc,start       ] GC(7) Pause Young (Allocation Failure)
[28.999s][debug][gc,phases      ] GC(7) Scavenge 85.926ms
[28.999s][debug][gc,ref         ] GC(7) Skipped phase 1 of Reference Processing: no references
[28.999s][debug][gc,ref         ] GC(7) ReferenceProcessor::execute queues: 4, RefProcThreadModel::Multi, marks_oops_alive: false
[29.000s][debug][gc,ref         ] GC(7) ReferenceProcessor::execute queues: 4, RefProcThreadModel::Multi, marks_oops_alive: true
[29.000s][debug][gc,ref         ] GC(7) ReferenceProcessor::execute queues: 1, RefProcThreadModel::Single, marks_oops_alive: false
[29.000s][debug][gc,phases      ] GC(7) Reference Processing 0.667ms
[29.000s][debug][gc,phases      ] GC(7)   VM Weak                        Min:  0.0, Avg:  0.0, Max:  0.0, Diff:  0.0, Sum:  0.0, Workers: 4
[29.000s][debug][gc,phases      ] GC(7)     Dead                           Min: 0, Avg:  0.0, Max: 0, Diff: 0, Sum: 0, Workers: 4
[29.000s][debug][gc,phases      ] GC(7)     Total                          Min: 64, Avg: 171.8, Max: 367, Diff: 303, Sum: 687, Workers: 4
[29.000s][debug][gc,phases      ] GC(7)   ObjectSynchronizer Weak        Min:  0.0, Avg:  0.0, Max:  0.0, Diff:  0.0, Sum:  0.0, Workers: 4
[29.000s][debug][gc,phases      ] GC(7)     Dead                           Min: 0, Avg:  0.0, Max: 0, Diff: 0, Sum: 0, Workers: 4
[29.000s][debug][gc,phases      ] GC(7)     Total                          Min: 0, Avg: 11.2, Max: 45, Diff: 45, Sum: 45, Workers: 4
[29.000s][debug][gc,phases      ] GC(7)   JVMTI Tag Weak OopStorage      Min:  0.0, Avg:  0.0, Max:  0.0, Diff:  0.0, Sum:  0.0, Workers: 4
[29.000s][debug][gc,phases      ] GC(7)     Dead                           Min: 0, Avg:  0.0, Max: 0, Diff: 0, Sum: 0, Workers: 4
[29.000s][debug][gc,phases      ] GC(7)     Total                          Min: 0, Avg:  0.0, Max: 0, Diff: 0, Sum: 0, Workers: 4
[29.000s][debug][gc,phases      ] GC(7)   StringTable Weak               Min:  0.3, Avg:  0.3, Max:  0.3, Diff:  0.0, Sum:  1.3, Workers: 4
[29.000s][debug][gc,phases      ] GC(7)     Dead                           Min: 0, Avg:  0.0, Max: 0, Diff: 0, Sum: 0, Workers: 4
[29.000s][debug][gc,phases      ] GC(7)     Total                          Min: 10112, Avg: 10522.0, Max: 11048, Diff: 936, Sum: 42088, Workers: 4
[29.000s][debug][gc,phases      ] GC(7)   ResolvedMethodTable Weak       Min:  0.1, Avg:  0.1, Max:  0.1, Diff:  0.0, Sum:  0.3, Workers: 4
[29.000s][debug][gc,phases      ] GC(7)     Dead                           Min: 0, Avg:  0.0, Max: 0, Diff: 0, Sum: 0, Workers: 4
[29.000s][debug][gc,phases      ] GC(7)     Total                          Min: 2152, Avg: 2282.0, Max: 2368, Diff: 216, Sum: 9128, Workers: 4
[29.000s][debug][gc,phases      ] GC(7)   JNI Weak                       Min:  0.0, Avg:  0.0, Max:  0.0, Diff:  0.0, Sum:  0.0, Workers: 4
[29.000s][debug][gc,phases      ] GC(7)     Dead                           Min: 0, Avg:  0.0, Max: 0, Diff: 0, Sum: 0, Workers: 4
[29.000s][debug][gc,phases      ] GC(7)     Total                          Min: 0, Avg: 11.2, Max: 45, Diff: 45, Sum: 45, Workers: 4
[29.000s][debug][gc,phases      ] GC(7)   StringDedup Table Weak         Min:  0.0, Avg:  0.0, Max:  0.0, Diff:  0.0, Sum:  0.0, Workers: 4
[29.000s][debug][gc,phases      ] GC(7)     Dead                           Min: 0, Avg:  0.0, Max: 0, Diff: 0, Sum: 0, Workers: 4
[29.000s][debug][gc,phases      ] GC(7)     Total                          Min: 0, Avg:  0.0, Max: 0, Diff: 0, Sum: 0, Workers: 4
[29.000s][debug][gc,phases      ] GC(7)   StringDedup Requests0 Weak     Min:  0.0, Avg:  0.0, Max:  0.0, Diff:  0.0, Sum:  0.0, Workers: 4
[29.000s][debug][gc,phases      ] GC(7)     Dead                           Min: 0, Avg:  0.0, Max: 0, Diff: 0, Sum: 0, Workers: 4
[29.000s][debug][gc,phases      ] GC(7)     Total                          Min: 0, Avg:  0.0, Max: 0, Diff: 0, Sum: 0, Workers: 4
[29.000s][debug][gc,phases      ] GC(7)   StringDedup Requests1 Weak     Min:  0.0, Avg:  0.0, Max:  0.0, Diff:  0.0, Sum:  0.0, Workers: 4
[29.000s][debug][gc,phases      ] GC(7)     Dead                           Min: 0, Avg:  0.0, Max: 0, Diff: 0, Sum: 0, Workers: 4
[29.000s][debug][gc,phases      ] GC(7)     Total                          Min: 0, Avg:  0.0, Max: 0, Diff: 0, Sum: 0, Workers: 4
[29.000s][debug][gc,phases      ] GC(7)   Weak JFR Old Object Samples    Min:  0.0, Avg:  0.0, Max:  0.0, Diff:  0.0, Sum:  0.0, Workers: 4
[29.000s][debug][gc,phases      ] GC(7)     Dead                           Min: 0, Avg:  0.0, Max: 0, Diff: 0, Sum: 0, Workers: 4
[29.000s][debug][gc,phases      ] GC(7)     Total                          Min: 0, Avg:  0.0, Max: 0, Diff: 0, Sum: 0, Workers: 4
[29.000s][debug][gc,phases      ] GC(7) Weak Processing 0.547ms
[29.000s][debug][gc,age         ] GC(7) Desired survivor size 350224384 bytes, new threshold 6 (max threshold 15)
[29.000s][info ][gc,heap        ] GC(7) PSYoungGen: 1276878K(1572864K)->228120K(1572864K) Eden: 1048576K(1048576K)->0K(1048576K) From: 228302K(524288K)->228120K(524288K)
[29.000s][info ][gc,heap        ] GC(7) ParOldGen: 6243K(6656K)->6251K(6656K)
[29.000s][info ][gc,metaspace   ] GC(7) Metaspace: 79224K(80128K)->79224K(80128K) NonClass: 67557K(68032K)->67557K(68032K) Class: 11666K(12096K)->11666K(12096K)
[29.000s][info ][gc             ] GC(7) Pause Young (Allocation Failure) 1253M->228M(1542M) 87.258ms
[29.000s][info ][gc,cpu         ] GC(7) User=0.31s Sys=0.00s Real=0.09s
[29.000s][info ][safepoint      ] Safepoint "ParallelGCFailedAllocation", Time since last: 531139164 ns, Reaching safepoint: 4600 ns, Cleanup: 46900 ns, At safepoint: 87323794 ns, Total: 87375294 ns
[30.000s][info ][safepoint      ] Safepoint "Cleanup", Time since last: 1000076932 ns, Reaching safepoint: 3500 ns, Cleanup: 67000 ns, At safepoint: 2400 ns, Total: 72900 ns
[31.001s][info ][safepoint      ] Safepoint "Cleanup", Time since last: 1000102433 ns, Reaching safepoint: 4400 ns, Cleanup: 57100 ns, At safepoint: 2300 ns, Total: 63800 ns
[32.001s][info ][safepoint      ] Safepoint "Cleanup", Time since last: 1000100332 ns, Reaching safepoint: 4400 ns, Cleanup: 68200 ns, At safepoint: 5300 ns, Total: 77900 ns
[33.001s][info ][safepoint      ] Safepoint "Cleanup", Time since last: 1000095533 ns, Reaching safepoint: 4000 ns, Cleanup: 34700 ns, At safepoint: 2600 ns, Total: 41300 ns
[34.001s][info ][safepoint      ] Safepoint "Cleanup", Time since last: 1000104832 ns, Reaching safepoint: 3600 ns, Cleanup: 63200 ns, At safepoint: 6400 ns, Total: 73200 ns
[35.001s][info ][safepoint      ] Safepoint "Cleanup", Time since last: 1000097215 ns, Reaching safepoint: 3400 ns, Cleanup: 50300 ns, At safepoint: 6700 ns, Total: 60400 ns
[36.001s][info ][safepoint      ] Safepoint "Cleanup", Time since last: 1000107899 ns, Reaching safepoint: 3800 ns, Cleanup: 68100 ns, At safepoint: 5200 ns, Total: 77100 ns
[37.002s][info ][safepoint      ] Safepoint "Cleanup", Time since last: 1000087998 ns, Reaching safepoint: 3400 ns, Cleanup: 47600 ns, At safepoint: 1900 ns, Total: 52900 ns
[38.002s][info ][safepoint      ] Safepoint "Cleanup", Time since last: 1000089099 ns, Reaching safepoint: 3400 ns, Cleanup: 41100 ns, At safepoint: 2200 ns, Total: 46700 ns
[39.002s][info ][safepoint      ] Safepoint "Cleanup", Time since last: 1000111498 ns, Reaching safepoint: 4200 ns, Cleanup: 38400 ns, At safepoint: 4100 ns, Total: 46700 ns
[39.011s][info ][gc,start       ] GC(8) Pause Young (Allocation Failure)
[39.106s][debug][gc,phases      ] GC(8) Scavenge 95.139ms
[39.106s][debug][gc,ref         ] GC(8) Skipped phase 1 of Reference Processing: no references
[39.106s][debug][gc,ref         ] GC(8) ReferenceProcessor::execute queues: 4, RefProcThreadModel::Multi, marks_oops_alive: false
[39.107s][debug][gc,ref         ] GC(8) Skipped phase 3 of Reference Processing: no references
[39.107s][debug][gc,ref         ] GC(8) ReferenceProcessor::execute queues: 1, RefProcThreadModel::Single, marks_oops_alive: false
[39.107s][debug][gc,phases      ] GC(8) Reference Processing 0.699ms
[39.107s][debug][gc,phases      ] GC(8)   VM Weak                        Min:  0.0, Avg:  0.0, Max:  0.0, Diff:  0.0, Sum:  0.0, Workers: 4
[39.107s][debug][gc,phases      ] GC(8)     Dead                           Min: 0, Avg:  0.0, Max: 0, Diff: 0, Sum: 0, Workers: 4
[39.107s][debug][gc,phases      ] GC(8)     Total                          Min: 64, Avg: 171.8, Max: 431, Diff: 367, Sum: 687, Workers: 4
[39.107s][debug][gc,phases      ] GC(8)   ObjectSynchronizer Weak        Min:  0.0, Avg:  0.0, Max:  0.0, Diff:  0.0, Sum:  0.0, Workers: 4
[39.107s][debug][gc,phases      ] GC(8)     Dead                           Min: 0, Avg:  0.0, Max: 0, Diff: 0, Sum: 0, Workers: 4
[39.107s][debug][gc,phases      ] GC(8)     Total                          Min: 0, Avg: 11.2, Max: 45, Diff: 45, Sum: 45, Workers: 4
[39.107s][debug][gc,phases      ] GC(8)   JVMTI Tag Weak OopStorage      Min:  0.0, Avg:  0.0, Max:  0.0, Diff:  0.0, Sum:  0.0, Workers: 4
[39.107s][debug][gc,phases      ] GC(8)     Dead                           Min: 0, Avg:  0.0, Max: 0, Diff: 0, Sum: 0, Workers: 4
[39.107s][debug][gc,phases      ] GC(8)     Total                          Min: 0, Avg:  0.0, Max: 0, Diff: 0, Sum: 0, Workers: 4
[39.107s][debug][gc,phases      ] GC(8)   StringTable Weak               Min:  0.3, Avg:  0.3, Max:  0.3, Diff:  0.0, Sum:  1.1, Workers: 4
[39.107s][debug][gc,phases      ] GC(8)     Dead                           Min: 0, Avg:  0.2, Max: 1, Diff: 1, Sum: 1, Workers: 4
[39.107s][debug][gc,phases      ] GC(8)     Total                          Min: 10048, Avg: 10564.0, Max: 11264, Diff: 1216, Sum: 42256, Workers: 4
[39.107s][debug][gc,phases      ] GC(8)   ResolvedMethodTable Weak       Min:  0.1, Avg:  0.1, Max:  0.1, Diff:  0.0, Sum:  0.3, Workers: 4
[39.107s][debug][gc,phases      ] GC(8)     Dead                           Min: 0, Avg:  0.0, Max: 0, Diff: 0, Sum: 0, Workers: 4
[39.107s][debug][gc,phases      ] GC(8)     Total                          Min: 2176, Avg: 2282.8, Max: 2432, Diff: 256, Sum: 9131, Workers: 4
[39.107s][debug][gc,phases      ] GC(8)   JNI Weak                       Min:  0.0, Avg:  0.0, Max:  0.0, Diff:  0.0, Sum:  0.0, Workers: 4
[39.107s][debug][gc,phases      ] GC(8)     Dead                           Min: 0, Avg:  0.0, Max: 0, Diff: 0, Sum: 0, Workers: 4
[39.107s][debug][gc,phases      ] GC(8)     Total                          Min: 0, Avg: 11.2, Max: 45, Diff: 45, Sum: 45, Workers: 4
[39.107s][debug][gc,phases      ] GC(8)   StringDedup Table Weak         Min:  0.0, Avg:  0.0, Max:  0.0, Diff:  0.0, Sum:  0.0, Workers: 4
[39.107s][debug][gc,phases      ] GC(8)     Dead                           Min: 0, Avg:  0.0, Max: 0, Diff: 0, Sum: 0, Workers: 4
[39.107s][debug][gc,phases      ] GC(8)     Total                          Min: 0, Avg:  0.0, Max: 0, Diff: 0, Sum: 0, Workers: 4
[39.107s][debug][gc,phases      ] GC(8)   StringDedup Requests0 Weak     Min:  0.0, Avg:  0.0, Max:  0.0, Diff:  0.0, Sum:  0.0, Workers: 4
[39.107s][debug][gc,phases      ] GC(8)     Dead                           Min: 0, Avg:  0.0, Max: 0, Diff: 0, Sum: 0, Workers: 4
[39.107s][debug][gc,phases      ] GC(8)     Total                          Min: 0, Avg:  0.0, Max: 0, Diff: 0, Sum: 0, Workers: 4
[39.107s][debug][gc,phases      ] GC(8)   StringDedup Requests1 Weak     Min:  0.0, Avg:  0.0, Max:  0.0, Diff:  0.0, Sum:  0.0, Workers: 4
[39.107s][debug][gc,phases      ] GC(8)     Dead                           Min: 0, Avg:  0.0, Max: 0, Diff: 0, Sum: 0, Workers: 4
[39.107s][debug][gc,phases      ] GC(8)     Total                          Min: 0, Avg:  0.0, Max: 0, Diff: 0, Sum: 0, Workers: 4
[39.107s][debug][gc,phases      ] GC(8)   Weak JFR Old Object Samples    Min:  0.0, Avg:  0.0, Max:  0.0, Diff:  0.0, Sum:  0.0, Workers: 4
[39.107s][debug][gc,phases      ] GC(8)     Dead                           Min: 0, Avg:  0.0, Max: 0, Diff: 0, Sum: 0, Workers: 4
[39.107s][debug][gc,phases      ] GC(8)     Total                          Min: 0, Avg:  0.0, Max: 0, Diff: 0, Sum: 0, Workers: 4
[39.107s][debug][gc,phases      ] GC(8) Weak Processing 0.520ms
[39.107s][debug][gc,age         ] GC(8) Desired survivor size 338690048 bytes, new threshold 5 (max threshold 15)
[39.107s][info ][gc,heap        ] GC(8) PSYoungGen: 1276696K(1572864K)->228148K(1766400K) Eden: 1048576K(1048576K)->0K(1424384K) From: 228120K(524288K)->228148K(342016K)
[39.107s][info ][gc,heap        ] GC(8) ParOldGen: 6251K(6656K)->6259K(6656K)
[39.107s][info ][gc,metaspace   ] GC(8) Metaspace: 79331K(80192K)->79331K(80192K) NonClass: 67663K(68096K)->67663K(68096K) Class: 11668K(12096K)->11668K(12096K)
[39.107s][info ][gc             ] GC(8) Pause Young (Allocation Failure) 1252M->228M(1731M) 96.473ms
[39.107s][info ][gc,cpu         ] GC(8) User=0.28s Sys=0.06s Real=0.09s
[39.107s][info ][safepoint      ] Safepoint "ParallelGCFailedAllocation", Time since last: 9093899 ns, Reaching safepoint: 2200 ns, Cleanup: 27900 ns, At safepoint: 96538291 ns, Total: 96568391 ns
[40.108s][info ][safepoint      ] Safepoint "Cleanup", Time since last: 1000073698 ns, Reaching safepoint: 3900 ns, Cleanup: 40300 ns, At safepoint: 2000 ns, Total: 46200 ns
[41.108s][info ][safepoint      ] Safepoint "Cleanup", Time since last: 1000115899 ns, Reaching safepoint: 4800 ns, Cleanup: 59600 ns, At safepoint: 4600 ns, Total: 69000 ns
[42.108s][info ][safepoint      ] Safepoint "Cleanup", Time since last: 1000093798 ns, Reaching safepoint: 3900 ns, Cleanup: 62300 ns, At safepoint: 3600 ns, Total: 69800 ns
[45.108s][info ][safepoint      ] Safepoint "Cleanup", Time since last: 3000183901 ns, Reaching safepoint: 3800 ns, Cleanup: 30500 ns, At safepoint: 1900 ns, Total: 36200 ns
[46.108s][info ][safepoint      ] Safepoint "Cleanup", Time since last: 1000095901 ns, Reaching safepoint: 4200 ns, Cleanup: 42300 ns, At safepoint: 2800 ns, Total: 49300 ns
[47.108s][info ][safepoint      ] Safepoint "Cleanup", Time since last: 1000100801 ns, Reaching safepoint: 4100 ns, Cleanup: 39800 ns, At safepoint: 2700 ns, Total: 46600 ns
[48.109s][info ][safepoint      ] Safepoint "Cleanup", Time since last: 1000100500 ns, Reaching safepoint: 4500 ns, Cleanup: 51400 ns, At safepoint: 2600 ns, Total: 58500 ns
[49.109s][info ][safepoint      ] Safepoint "Cleanup", Time since last: 1000102701 ns, Reaching safepoint: 4300 ns, Cleanup: 34900 ns, At safepoint: 3800 ns, Total: 43000 ns
[50.109s][info ][safepoint      ] Safepoint "Cleanup", Time since last: 1000100801 ns, Reaching safepoint: 3900 ns, Cleanup: 41900 ns, At safepoint: 8300 ns, Total: 54100 ns
[51.926s][info ][safepoint      ] Safepoint "Cleanup", Time since last: 1816535397 ns, Reaching safepoint: 2700 ns, Cleanup: 127500 ns, At safepoint: 6600 ns, Total: 136800 ns
[52.613s][info ][gc,start       ] GC(9) Pause Young (Allocation Failure)
[52.740s][debug][gc,phases      ] GC(9) Scavenge 126.891ms
[52.740s][debug][gc,ref         ] GC(9) Skipped phase 1 of Reference Processing: no references
[52.740s][debug][gc,ref         ] GC(9) ReferenceProcessor::execute queues: 2, RefProcThreadModel::Multi, marks_oops_alive: false
[52.740s][debug][gc,ref         ] GC(9) Skipped phase 3 of Reference Processing: no references
[52.740s][debug][gc,ref         ] GC(9) ReferenceProcessor::execute queues: 1, RefProcThreadModel::Single, marks_oops_alive: false
[52.740s][debug][gc,phases      ] GC(9) Reference Processing 0.204ms
[52.741s][debug][gc,phases      ] GC(9)   VM Weak                        Min:  0.0, Avg:  0.0, Max:  0.0, Diff:  0.0, Sum:  0.0, Workers: 4
[52.741s][debug][gc,phases      ] GC(9)     Dead                           Min: 0, Avg:  0.0, Max: 0, Diff: 0, Sum: 0, Workers: 4
[52.741s][debug][gc,phases      ] GC(9)     Total                          Min: 64, Avg: 171.8, Max: 384, Diff: 320, Sum: 687, Workers: 4
[52.741s][debug][gc,phases      ] GC(9)   ObjectSynchronizer Weak        Min:  0.0, Avg:  0.0, Max:  0.0, Diff:  0.0, Sum:  0.0, Workers: 4
[52.741s][debug][gc,phases      ] GC(9)     Dead                           Min: 0, Avg:  0.0, Max: 0, Diff: 0, Sum: 0, Workers: 4
[52.741s][debug][gc,phases      ] GC(9)     Total                          Min: 0, Avg: 11.2, Max: 45, Diff: 45, Sum: 45, Workers: 4
[52.741s][debug][gc,phases      ] GC(9)   JVMTI Tag Weak OopStorage      Min:  0.0, Avg:  0.0, Max:  0.0, Diff:  0.0, Sum:  0.0, Workers: 4
[52.741s][debug][gc,phases      ] GC(9)     Dead                           Min: 0, Avg:  0.0, Max: 0, Diff: 0, Sum: 0, Workers: 4
[52.741s][debug][gc,phases      ] GC(9)     Total                          Min: 0, Avg:  0.0, Max: 0, Diff: 0, Sum: 0, Workers: 4
[52.741s][debug][gc,phases      ] GC(9)   StringTable Weak               Min:  0.3, Avg:  0.3, Max:  0.3, Diff:  0.0, Sum:  1.2, Workers: 4
[52.741s][debug][gc,phases      ] GC(9)     Dead                           Min: 0, Avg:  0.0, Max: 0, Diff: 0, Sum: 0, Workers: 4
[52.741s][debug][gc,phases      ] GC(9)     Total                          Min: 9536, Avg: 10578.0, Max: 11144, Diff: 1608, Sum: 42312, Workers: 4
[52.741s][debug][gc,phases      ] GC(9)   ResolvedMethodTable Weak       Min:  0.1, Avg:  0.1, Max:  0.1, Diff:  0.0, Sum:  0.3, Workers: 4
[52.741s][debug][gc,phases      ] GC(9)     Dead                           Min: 0, Avg:  0.0, Max: 0, Diff: 0, Sum: 0, Workers: 4
[52.741s][debug][gc,phases      ] GC(9)     Total                          Min: 1920, Avg: 2282.8, Max: 2475, Diff: 555, Sum: 9131, Workers: 4
[52.741s][debug][gc,phases      ] GC(9)   JNI Weak                       Min:  0.0, Avg:  0.0, Max:  0.0, Diff:  0.0, Sum:  0.0, Workers: 4
[52.741s][debug][gc,phases      ] GC(9)     Dead                           Min: 0, Avg:  0.0, Max: 0, Diff: 0, Sum: 0, Workers: 4
[52.741s][debug][gc,phases      ] GC(9)     Total                          Min: 0, Avg: 11.2, Max: 45, Diff: 45, Sum: 45, Workers: 4
[52.741s][debug][gc,phases      ] GC(9)   StringDedup Table Weak         Min:  0.0, Avg:  0.0, Max:  0.0, Diff:  0.0, Sum:  0.0, Workers: 4
[52.741s][debug][gc,phases      ] GC(9)     Dead                           Min: 0, Avg:  0.0, Max: 0, Diff: 0, Sum: 0, Workers: 4
[52.741s][debug][gc,phases      ] GC(9)     Total                          Min: 0, Avg:  0.0, Max: 0, Diff: 0, Sum: 0, Workers: 4
[52.741s][debug][gc,phases      ] GC(9)   StringDedup Requests0 Weak     Min:  0.0, Avg:  0.0, Max:  0.0, Diff:  0.0, Sum:  0.0, Workers: 4
[52.741s][debug][gc,phases      ] GC(9)     Dead                           Min: 0, Avg:  0.0, Max: 0, Diff: 0, Sum: 0, Workers: 4
[52.741s][debug][gc,phases      ] GC(9)     Total                          Min: 0, Avg:  0.0, Max: 0, Diff: 0, Sum: 0, Workers: 4
[52.741s][debug][gc,phases      ] GC(9)   StringDedup Requests1 Weak     Min:  0.0, Avg:  0.0, Max:  0.0, Diff:  0.0, Sum:  0.0, Workers: 4
[52.741s][debug][gc,phases      ] GC(9)     Dead                           Min: 0, Avg:  0.0, Max: 0, Diff: 0, Sum: 0, Workers: 4
[52.741s][debug][gc,phases      ] GC(9)     Total                          Min: 0, Avg:  0.0, Max: 0, Diff: 0, Sum: 0, Workers: 4
[52.741s][debug][gc,phases      ] GC(9)   Weak JFR Old Object Samples    Min:  0.0, Avg:  0.0, Max:  0.0, Diff:  0.0, Sum:  0.0, Workers: 4
[52.741s][debug][gc,phases      ] GC(9)     Dead                           Min: 0, Avg:  0.0, Max: 0, Diff: 0, Sum: 0, Workers: 4
[52.741s][debug][gc,phases      ] GC(9)     Total                          Min: 0, Avg:  0.0, Max: 0, Diff: 0, Sum: 0, Workers: 4
[52.741s][debug][gc,phases      ] GC(9) Weak Processing 0.538ms
[52.741s][debug][gc,age         ] GC(9) Desired survivor size 350748672 bytes, new threshold 4 (max threshold 15)
[52.741s][info ][gc,heap        ] GC(9) PSYoungGen: 1652532K(1766400K)->86351K(1510912K) Eden: 1424384K(1424384K)->0K(1424384K) From: 228148K(342016K)->86351K(86528K)
[52.741s][info ][gc,heap        ] GC(9) ParOldGen: 6259K(6656K)->149858K(150016K)
[52.741s][info ][gc,metaspace   ] GC(9) Metaspace: 79473K(80320K)->79473K(80320K) NonClass: 67805K(68224K)->67805K(68224K) Class: 11668K(12096K)->11668K(12096K)
[52.741s][info ][gc             ] GC(9) Pause Young (Allocation Failure) 1619M->230M(1622M) 127.758ms
[52.741s][info ][gc,cpu         ] GC(9) User=0.38s Sys=0.06s Real=0.13s
[52.741s][debug][gc,phases      ] GC(10) Pre Compact 0.009ms
[52.741s][info ][gc,start       ] GC(10) Pause Full (Ergonomics)
[52.741s][info ][gc,phases,start] GC(10) Marking Phase
[52.831s][debug][gc,phases      ] GC(10) Par Mark 89.601ms
[52.831s][debug][gc,ref         ] GC(10) Skipped phase 1 of Reference Processing: no references
[52.831s][debug][gc,ref         ] GC(10) ReferenceProcessor::execute queues: 4, RefProcThreadModel::Multi, marks_oops_alive: false
[52.831s][debug][gc,ref         ] GC(10) Skipped phase 3 of Reference Processing: no references
[52.831s][debug][gc,ref         ] GC(10) ReferenceProcessor::execute queues: 1, RefProcThreadModel::Single, marks_oops_alive: false
[52.831s][debug][gc,phases      ] GC(10) Reference Processing 0.884ms
[52.832s][debug][gc,phases      ] GC(10)   VM Weak                        Min:  0.0, Avg:  0.0, Max:  0.0, Diff:  0.0, Sum:  0.0, Workers: 4
[52.832s][debug][gc,phases      ] GC(10)     Dead                           Min: 0, Avg:  0.2, Max: 1, Diff: 1, Sum: 1, Workers: 4
[52.832s][debug][gc,phases      ] GC(10)     Total                          Min: 0, Avg: 171.8, Max: 448, Diff: 448, Sum: 687, Workers: 4
[52.832s][debug][gc,phases      ] GC(10)   ObjectSynchronizer Weak        Min:  0.0, Avg:  0.0, Max:  0.0, Diff:  0.0, Sum:  0.0, Workers: 4
[52.832s][debug][gc,phases      ] GC(10)     Dead                           Min: 0, Avg:  0.0, Max: 0, Diff: 0, Sum: 0, Workers: 4
[52.832s][debug][gc,phases      ] GC(10)     Total                          Min: 0, Avg: 11.2, Max: 45, Diff: 45, Sum: 45, Workers: 4
[52.832s][debug][gc,phases      ] GC(10)   JVMTI Tag Weak OopStorage      Min:  0.0, Avg:  0.0, Max:  0.0, Diff:  0.0, Sum:  0.0, Workers: 4
[52.832s][debug][gc,phases      ] GC(10)     Dead                           Min: 0, Avg:  0.0, Max: 0, Diff: 0, Sum: 0, Workers: 4
[52.832s][debug][gc,phases      ] GC(10)     Total                          Min: 0, Avg:  0.0, Max: 0, Diff: 0, Sum: 0, Workers: 4
[52.832s][debug][gc,phases      ] GC(10)   StringTable Weak               Min:  0.0, Avg:  0.1, Max:  0.2, Diff:  0.2, Sum:  0.6, Workers: 4
[52.832s][debug][gc,phases      ] GC(10)     Dead                           Min: 0, Avg:  0.0, Max: 0, Diff: 0, Sum: 0, Workers: 4
[52.832s][debug][gc,phases      ] GC(10)     Total                          Min: 0, Avg: 10578.0, Max: 15552, Diff: 15552, Sum: 42312, Workers: 4
[52.832s][debug][gc,phases      ] GC(10)   ResolvedMethodTable Weak       Min:  0.0, Avg:  0.0, Max:  0.0, Diff:  0.0, Sum:  0.1, Workers: 4
[52.832s][debug][gc,phases      ] GC(10)     Dead                           Min: 0, Avg:  0.5, Max: 1, Diff: 1, Sum: 2, Workers: 4
[52.832s][debug][gc,phases      ] GC(10)     Total                          Min: 0, Avg: 2282.8, Max: 3328, Diff: 3328, Sum: 9131, Workers: 4
[52.832s][debug][gc,phases      ] GC(10)   JNI Weak                       Min:  0.0, Avg:  0.0, Max:  0.0, Diff:  0.0, Sum:  0.0, Workers: 4
[52.832s][debug][gc,phases      ] GC(10)     Dead                           Min: 0, Avg:  0.0, Max: 0, Diff: 0, Sum: 0, Workers: 4
[52.832s][debug][gc,phases      ] GC(10)     Total                          Min: 0, Avg: 11.2, Max: 45, Diff: 45, Sum: 45, Workers: 4
[52.832s][debug][gc,phases      ] GC(10)   StringDedup Table Weak         Min:  0.0, Avg:  0.0, Max:  0.0, Diff:  0.0, Sum:  0.0, Workers: 4
[52.832s][debug][gc,phases      ] GC(10)     Dead                           Min: 0, Avg:  0.0, Max: 0, Diff: 0, Sum: 0, Workers: 4
[52.832s][debug][gc,phases      ] GC(10)     Total                          Min: 0, Avg:  0.0, Max: 0, Diff: 0, Sum: 0, Workers: 4
[52.832s][debug][gc,phases      ] GC(10)   StringDedup Requests0 Weak     Min:  0.0, Avg:  0.0, Max:  0.0, Diff:  0.0, Sum:  0.0, Workers: 4
[52.832s][debug][gc,phases      ] GC(10)     Dead                           Min: 0, Avg:  0.0, Max: 0, Diff: 0, Sum: 0, Workers: 4
[52.832s][debug][gc,phases      ] GC(10)     Total                          Min: 0, Avg:  0.0, Max: 0, Diff: 0, Sum: 0, Workers: 4
[52.832s][debug][gc,phases      ] GC(10)   StringDedup Requests1 Weak     Min:  0.0, Avg:  0.0, Max:  0.0, Diff:  0.0, Sum:  0.0, Workers: 4
[52.832s][debug][gc,phases      ] GC(10)     Dead                           Min: 0, Avg:  0.0, Max: 0, Diff: 0, Sum: 0, Workers: 4
[52.832s][debug][gc,phases      ] GC(10)     Total                          Min: 0, Avg:  0.0, Max: 0, Diff: 0, Sum: 0, Workers: 4
[52.832s][debug][gc,phases      ] GC(10)   Weak JFR Old Object Samples    Min:  0.0, Avg:  0.0, Max:  0.0, Diff:  0.0, Sum:  0.0, Workers: 4
[52.832s][debug][gc,phases      ] GC(10)     Dead                           Min: 0, Avg:  0.0, Max: 0, Diff: 0, Sum: 0, Workers: 4
[52.832s][debug][gc,phases      ] GC(10)     Total                          Min: 0, Avg:  0.0, Max: 0, Diff: 0, Sum: 0, Workers: 4
[52.832s][debug][gc,phases      ] GC(10) Weak Processing 0.383ms
[52.832s][debug][gc,phases      ] GC(10) ClassLoaderData 0.180ms
[52.832s][debug][gc,phases      ] GC(10) Trigger cleanups 0.006ms
[52.853s][debug][gc,phases      ] GC(10) Class Unloading 21.300ms
[52.853s][debug][gc,phases      ] GC(10) Report Object Count 0.001ms
[52.853s][info ][gc,phases      ] GC(10) Marking Phase 112.340ms
[52.853s][info ][gc,phases,start] GC(10) Summary Phase
[52.853s][info ][gc,phases      ] GC(10) Summary Phase 0.008ms
[52.853s][info ][gc,phases,start] GC(10) Adjust Roots
[52.871s][info ][gc,phases      ] GC(10) Adjust Roots 18.193ms
[52.871s][info ][gc,phases,start] GC(10) Compaction Phase
[53.302s][info ][gc,phases      ] GC(10) Compaction Phase 430.190ms
[53.302s][info ][gc,phases,start] GC(10) Post Compact
[53.304s][info ][gc,phases      ] GC(10) Post Compact 2.112ms
[53.304s][info ][gc,heap        ] GC(10) PSYoungGen: 86351K(1510912K)->85782K(1510912K) Eden: 0K(1424384K)->0K(1424384K) From: 86351K(86528K)->85782K(86528K)
[53.304s][info ][gc,heap        ] GC(10) ParOldGen: 149858K(150016K)->147419K(228864K)
[53.304s][info ][gc,metaspace   ] GC(10) Metaspace: 79473K(80320K)->79471K(80320K) NonClass: 67805K(68224K)->67804K(68224K) Class: 11668K(12096K)->11667K(12096K)
[53.304s][info ][gc             ] GC(10) Pause Full (Ergonomics) 230M->227M(1699M) 563.079ms
[53.304s][info ][gc,cpu         ] GC(10) User=1.67s Sys=0.02s Real=0.56s
[53.304s][info ][safepoint      ] Safepoint "ParallelGCFailedAllocation", Time since last: 687337669 ns, Reaching safepoint: 4000 ns, Cleanup: 50200 ns, At safepoint: 690973769 ns, Total: 691027969 ns
[54.304s][info ][safepoint      ] Safepoint "Cleanup", Time since last: 1000090955 ns, Reaching safepoint: 5800 ns, Cleanup: 55400 ns, At safepoint: 2400 ns, Total: 63600 ns
[55.304s][info ][safepoint      ] Safepoint "Cleanup", Time since last: 1000116055 ns, Reaching safepoint: 6000 ns, Cleanup: 42700 ns, At safepoint: 8300 ns, Total: 57000 ns
[56.304s][info ][safepoint      ] Safepoint "Cleanup", Time since last: 1000109854 ns, Reaching safepoint: 5000 ns, Cleanup: 44800 ns, At safepoint: 4500 ns, Total: 54300 ns
[57.305s][info ][safepoint      ] Safepoint "Cleanup", Time since last: 1000103755 ns, Reaching safepoint: 4500 ns, Cleanup: 50600 ns, At safepoint: 3100 ns, Total: 58200 ns
[58.305s][info ][safepoint      ] Safepoint "Cleanup", Time since last: 1000096055 ns, Reaching safepoint: 4400 ns, Cleanup: 33100 ns, At safepoint: 3100 ns, Total: 40600 ns
[60.040s][info ][safepoint      ] Safepoint "Cleanup", Time since last: 1735667219 ns, Reaching safepoint: 2100 ns, Cleanup: 28400 ns, At safepoint: 5200 ns, Total: 35700 ns
[61.041s][info ][safepoint      ] Safepoint "Cleanup", Time since last: 1000108187 ns, Reaching safepoint: 5000 ns, Cleanup: 45100 ns, At safepoint: 2400 ns, Total: 52500 ns
[62.041s][info ][safepoint      ] Safepoint "Cleanup", Time since last: 1000070988 ns, Reaching safepoint: 4200 ns, Cleanup: 40300 ns, At safepoint: 2300 ns, Total: 46800 ns
[63.041s][info ][safepoint      ] Safepoint "Cleanup", Time since last: 1000092888 ns, Reaching safepoint: 4000 ns, Cleanup: 33500 ns, At safepoint: 3500 ns, Total: 41000 ns
[64.041s][info ][safepoint      ] Safepoint "Cleanup", Time since last: 1000092487 ns, Reaching safepoint: 5300 ns, Cleanup: 35700 ns, At safepoint: 2900 ns, Total: 43900 ns
[65.041s][info ][safepoint      ] Safepoint "Cleanup", Time since last: 1000098588 ns, Reaching safepoint: 4400 ns, Cleanup: 21300 ns, At safepoint: 2100 ns, Total: 27800 ns
[66.041s][info ][safepoint      ] Safepoint "Cleanup", Time since last: 1000150988 ns, Reaching safepoint: 4300 ns, Cleanup: 37200 ns, At safepoint: 2200 ns, Total: 43700 ns
[66.410s][info ][gc,start       ] GC(11) Pause Young (Allocation Failure)
[66.480s][debug][gc,phases      ] GC(11) Scavenge 69.457ms
[66.480s][debug][gc,ref         ] GC(11) Skipped phase 1 of Reference Processing: no references
[66.480s][debug][gc,ref         ] GC(11) ReferenceProcessor::execute queues: 1, RefProcThreadModel::Single, marks_oops_alive: false
[66.480s][debug][gc,ref         ] GC(11) Skipped phase 3 of Reference Processing: no references
[66.480s][debug][gc,ref         ] GC(11) Skipped phase 4 of Reference Processing: no references
[66.480s][debug][gc,phases      ] GC(11) Reference Processing 0.082ms
[66.480s][debug][gc,phases      ] GC(11)   VM Weak                        Min:  0.0, Avg:  0.0, Max:  0.0, Diff:  0.0, Sum:  0.0, Workers: 4
[66.480s][debug][gc,phases      ] GC(11)     Dead                           Min: 0, Avg:  0.0, Max: 0, Diff: 0, Sum: 0, Workers: 4
[66.480s][debug][gc,phases      ] GC(11)     Total                          Min: 0, Avg: 171.5, Max: 559, Diff: 559, Sum: 686, Workers: 4
[66.480s][debug][gc,phases      ] GC(11)   ObjectSynchronizer Weak        Min:  0.0, Avg:  0.0, Max:  0.0, Diff:  0.0, Sum:  0.0, Workers: 4
[66.480s][debug][gc,phases      ] GC(11)     Dead                           Min: 0, Avg:  0.0, Max: 0, Diff: 0, Sum: 0, Workers: 4
[66.480s][debug][gc,phases      ] GC(11)     Total                          Min: 0, Avg:  1.0, Max: 4, Diff: 4, Sum: 4, Workers: 4
[66.480s][debug][gc,phases      ] GC(11)   JVMTI Tag Weak OopStorage      Min:  0.0, Avg:  0.0, Max:  0.0, Diff:  0.0, Sum:  0.0, Workers: 4
[66.480s][debug][gc,phases      ] GC(11)     Dead                           Min: 0, Avg:  0.0, Max: 0, Diff: 0, Sum: 0, Workers: 4
[66.480s][debug][gc,phases      ] GC(11)     Total                          Min: 0, Avg:  0.0, Max: 0, Diff: 0, Sum: 0, Workers: 4
[66.480s][debug][gc,phases      ] GC(11)   StringTable Weak               Min:  0.0, Avg:  0.1, Max:  0.1, Diff:  0.1, Sum:  0.4, Workers: 4
[66.480s][debug][gc,phases      ] GC(11)     Dead                           Min: 0, Avg:  0.0, Max: 0, Diff: 0, Sum: 0, Workers: 4
[66.480s][debug][gc,phases      ] GC(11)     Total                          Min: 0, Avg: 10584.0, Max: 19616, Diff: 19616, Sum: 42336, Workers: 4
[66.480s][debug][gc,phases      ] GC(11)   ResolvedMethodTable Weak       Min:  0.0, Avg:  0.0, Max:  0.0, Diff:  0.0, Sum:  0.1, Workers: 4
[66.480s][debug][gc,phases      ] GC(11)     Dead                           Min: 0, Avg:  0.0, Max: 0, Diff: 0, Sum: 0, Workers: 4
[66.480s][debug][gc,phases      ] GC(11)     Total                          Min: 0, Avg: 2282.8, Max: 3776, Diff: 3776, Sum: 9131, Workers: 4
[66.480s][debug][gc,phases      ] GC(11)   JNI Weak                       Min:  0.0, Avg:  0.0, Max:  0.0, Diff:  0.0, Sum:  0.0, Workers: 4
[66.480s][debug][gc,phases      ] GC(11)     Dead                           Min: 0, Avg:  0.0, Max: 0, Diff: 0, Sum: 0, Workers: 4
[66.480s][debug][gc,phases      ] GC(11)     Total                          Min: 0, Avg: 11.2, Max: 45, Diff: 45, Sum: 45, Workers: 4
[66.480s][debug][gc,phases      ] GC(11)   StringDedup Table Weak         Min:  0.0, Avg:  0.0, Max:  0.0, Diff:  0.0, Sum:  0.0, Workers: 4
[66.480s][debug][gc,phases      ] GC(11)     Dead                           Min: 0, Avg:  0.0, Max: 0, Diff: 0, Sum: 0, Workers: 4
[66.480s][debug][gc,phases      ] GC(11)     Total                          Min: 0, Avg:  0.0, Max: 0, Diff: 0, Sum: 0, Workers: 4
[66.480s][debug][gc,phases      ] GC(11)   StringDedup Requests0 Weak     Min:  0.0, Avg:  0.0, Max:  0.0, Diff:  0.0, Sum:  0.0, Workers: 4
[66.480s][debug][gc,phases      ] GC(11)     Dead                           Min: 0, Avg:  0.0, Max: 0, Diff: 0, Sum: 0, Workers: 4
[66.480s][debug][gc,phases      ] GC(11)     Total                          Min: 0, Avg:  0.0, Max: 0, Diff: 0, Sum: 0, Workers: 4
[66.480s][debug][gc,phases      ] GC(11)   StringDedup Requests1 Weak     Min:  0.0, Avg:  0.0, Max:  0.0, Diff:  0.0, Sum:  0.0, Workers: 4
[66.480s][debug][gc,phases      ] GC(11)     Dead                           Min: 0, Avg:  0.0, Max: 0, Diff: 0, Sum: 0, Workers: 4
[66.480s][debug][gc,phases      ] GC(11)     Total                          Min: 0, Avg:  0.0, Max: 0, Diff: 0, Sum: 0, Workers: 4
[66.480s][debug][gc,phases      ] GC(11)   Weak JFR Old Object Samples    Min:  0.0, Avg:  0.0, Max:  0.0, Diff:  0.0, Sum:  0.0, Workers: 4
[66.480s][debug][gc,phases      ] GC(11)     Dead                           Min: 0, Avg:  0.0, Max: 0, Diff: 0, Sum: 0, Workers: 4
[66.480s][debug][gc,phases      ] GC(11)     Total                          Min: 0, Avg:  0.0, Max: 0, Diff: 0, Sum: 0, Workers: 4
[66.480s][debug][gc,phases      ] GC(11) Weak Processing 0.346ms
[66.480s][debug][gc,age         ] GC(11) Desired survivor size 372244480 bytes, new threshold 4 (max threshold 15)
[66.480s][info ][gc,heap        ] GC(11) PSYoungGen: 1510166K(1510912K)->160K(1712640K) Eden: 1424384K(1424384K)->0K(1370112K) From: 85782K(86528K)->160K(342528K)
[66.480s][info ][gc,heap        ] GC(11) ParOldGen: 147419K(228864K)->235792K(236032K)
[66.480s][info ][gc,metaspace   ] GC(11) Metaspace: 79471K(80320K)->79471K(80320K) NonClass: 67804K(68224K)->67804K(68224K) Class: 11667K(12096K)->11667K(12096K)
[66.480s][info ][gc             ] GC(11) Pause Young (Allocation Failure) 1618M->230M(1903M) 69.997ms
[66.480s][info ][gc,cpu         ] GC(11) User=0.20s Sys=0.04s Real=0.07s
[66.480s][debug][gc,phases      ] GC(12) Pre Compact 0.008ms
[66.480s][info ][gc,start       ] GC(12) Pause Full (Ergonomics)
[66.480s][info ][gc,phases,start] GC(12) Marking Phase
[66.568s][debug][gc,phases      ] GC(12) Par Mark 87.638ms
[66.568s][debug][gc,ref         ] GC(12) Skipped phase 1 of Reference Processing: no references
[66.569s][debug][gc,ref         ] GC(12) ReferenceProcessor::execute queues: 4, RefProcThreadModel::Multi, marks_oops_alive: false
[66.569s][debug][gc,ref         ] GC(12) Skipped phase 3 of Reference Processing: no references
[66.569s][debug][gc,ref         ] GC(12) ReferenceProcessor::execute queues: 1, RefProcThreadModel::Single, marks_oops_alive: false
[66.569s][debug][gc,phases      ] GC(12) Reference Processing 1.022ms
[66.569s][debug][gc,phases      ] GC(12)   VM Weak                        Min:  0.0, Avg:  0.0, Max:  0.0, Diff:  0.0, Sum:  0.0, Workers: 4
[66.569s][debug][gc,phases      ] GC(12)     Dead                           Min: 0, Avg:  0.0, Max: 0, Diff: 0, Sum: 0, Workers: 4
[66.569s][debug][gc,phases      ] GC(12)     Total                          Min: 0, Avg: 171.5, Max: 383, Diff: 383, Sum: 686, Workers: 4
[66.569s][debug][gc,phases      ] GC(12)   ObjectSynchronizer Weak        Min:  0.0, Avg:  0.0, Max:  0.0, Diff:  0.0, Sum:  0.0, Workers: 4
[66.569s][debug][gc,phases      ] GC(12)     Dead                           Min: 0, Avg:  0.0, Max: 0, Diff: 0, Sum: 0, Workers: 4
[66.569s][debug][gc,phases      ] GC(12)     Total                          Min: 0, Avg:  1.0, Max: 4, Diff: 4, Sum: 4, Workers: 4
[66.569s][debug][gc,phases      ] GC(12)   JVMTI Tag Weak OopStorage      Min:  0.0, Avg:  0.0, Max:  0.0, Diff:  0.0, Sum:  0.0, Workers: 4
[66.569s][debug][gc,phases      ] GC(12)     Dead                           Min: 0, Avg:  0.0, Max: 0, Diff: 0, Sum: 0, Workers: 4
[66.569s][debug][gc,phases      ] GC(12)     Total                          Min: 0, Avg:  0.0, Max: 0, Diff: 0, Sum: 0, Workers: 4
[66.569s][debug][gc,phases      ] GC(12)   StringTable Weak               Min:  0.0, Avg:  0.2, Max:  0.2, Diff:  0.2, Sum:  0.6, Workers: 4
[66.569s][debug][gc,phases      ] GC(12)     Dead                           Min: 0, Avg:  0.0, Max: 0, Diff: 0, Sum: 0, Workers: 4
[66.569s][debug][gc,phases      ] GC(12)     Total                          Min: 0, Avg: 10584.0, Max: 14784, Diff: 14784, Sum: 42336, Workers: 4
[66.569s][debug][gc,phases      ] GC(12)   ResolvedMethodTable Weak       Min:  0.0, Avg:  0.0, Max:  0.0, Diff:  0.0, Sum:  0.1, Workers: 4
[66.569s][debug][gc,phases      ] GC(12)     Dead                           Min: 0, Avg:  0.0, Max: 0, Diff: 0, Sum: 0, Workers: 4
[66.569s][debug][gc,phases      ] GC(12)     Total                          Min: 0, Avg: 2282.8, Max: 3115, Diff: 3115, Sum: 9131, Workers: 4
[66.569s][debug][gc,phases      ] GC(12)   JNI Weak                       Min:  0.0, Avg:  0.0, Max:  0.0, Diff:  0.0, Sum:  0.0, Workers: 4
[66.569s][debug][gc,phases      ] GC(12)     Dead                           Min: 0, Avg:  0.0, Max: 0, Diff: 0, Sum: 0, Workers: 4
[66.569s][debug][gc,phases      ] GC(12)     Total                          Min: 0, Avg: 11.2, Max: 45, Diff: 45, Sum: 45, Workers: 4
[66.569s][debug][gc,phases      ] GC(12)   StringDedup Table Weak         Min:  0.0, Avg:  0.0, Max:  0.0, Diff:  0.0, Sum:  0.0, Workers: 4
[66.569s][debug][gc,phases      ] GC(12)     Dead                           Min: 0, Avg:  0.0, Max: 0, Diff: 0, Sum: 0, Workers: 4
[66.569s][debug][gc,phases      ] GC(12)     Total                          Min: 0, Avg:  0.0, Max: 0, Diff: 0, Sum: 0, Workers: 4
[66.569s][debug][gc,phases      ] GC(12)   StringDedup Requests0 Weak     Min:  0.0, Avg:  0.0, Max:  0.0, Diff:  0.0, Sum:  0.0, Workers: 4
[66.569s][debug][gc,phases      ] GC(12)     Dead                           Min: 0, Avg:  0.0, Max: 0, Diff: 0, Sum: 0, Workers: 4
[66.569s][debug][gc,phases      ] GC(12)     Total                          Min: 0, Avg:  0.0, Max: 0, Diff: 0, Sum: 0, Workers: 4
[66.569s][debug][gc,phases      ] GC(12)   StringDedup Requests1 Weak     Min:  0.0, Avg:  0.0, Max:  0.0, Diff:  0.0, Sum:  0.0, Workers: 4
[66.569s][debug][gc,phases      ] GC(12)     Dead                           Min: 0, Avg:  0.0, Max: 0, Diff: 0, Sum: 0, Workers: 4
[66.569s][debug][gc,phases      ] GC(12)     Total                          Min: 0, Avg:  0.0, Max: 0, Diff: 0, Sum: 0, Workers: 4
[66.569s][debug][gc,phases      ] GC(12)   Weak JFR Old Object Samples    Min:  0.0, Avg:  0.0, Max:  0.0, Diff:  0.0, Sum:  0.0, Workers: 4
[66.569s][debug][gc,phases      ] GC(12)     Dead                           Min: 0, Avg:  0.0, Max: 0, Diff: 0, Sum: 0, Workers: 4
[66.569s][debug][gc,phases      ] GC(12)     Total                          Min: 0, Avg:  0.0, Max: 0, Diff: 0, Sum: 0, Workers: 4
[66.570s][debug][gc,phases      ] GC(12) Weak Processing 0.414ms
[66.570s][debug][gc,phases      ] GC(12) ClassLoaderData 0.080ms
[66.570s][debug][gc,phases      ] GC(12) Trigger cleanups 0.000ms
[66.582s][debug][gc,phases      ] GC(12) Class Unloading 12.862ms
[66.582s][debug][gc,phases      ] GC(12) Report Object Count 0.001ms
[66.582s][info ][gc,phases      ] GC(12) Marking Phase 102.094ms
[66.582s][info ][gc,phases,start] GC(12) Summary Phase
[66.582s][info ][gc,phases      ] GC(12) Summary Phase 0.014ms
[66.582s][info ][gc,phases,start] GC(12) Adjust Roots
[66.591s][info ][gc,phases      ] GC(12) Adjust Roots 9.063ms
[66.592s][info ][gc,phases,start] GC(12) Compaction Phase
[66.727s][info ][gc,phases      ] GC(12) Compaction Phase 135.713ms
[66.727s][info ][gc,phases,start] GC(12) Post Compact
[66.728s][info ][gc,phases      ] GC(12) Post Compact 0.563ms
[66.728s][info ][gc,heap        ] GC(12) PSYoungGen: 160K(1712640K)->0K(1733632K) Eden: 0K(1370112K)->0K(1370112K) From: 160K(342528K)->0K(363520K)
[66.728s][info ][gc,heap        ] GC(12) ParOldGen: 235792K(236032K)->233232K(343552K)
[66.728s][info ][gc,metaspace   ] GC(12) Metaspace: 79471K(80320K)->79471K(80320K) NonClass: 67804K(68224K)->67804K(68224K) Class: 11667K(12096K)->11667K(12096K)
[66.728s][info ][gc             ] GC(12) Pause Full (Ergonomics) 230M->227M(2028M) 247.693ms
[66.728s][info ][gc,cpu         ] GC(12) User=0.82s Sys=0.00s Real=0.25s
[66.728s][info ][safepoint      ] Safepoint "ParallelGCFailedAllocation", Time since last: 368903358 ns, Reaching safepoint: 3900 ns, Cleanup: 25500 ns, At safepoint: 317791368 ns, Total: 317820768 ns
[67.728s][info ][safepoint      ] Safepoint "Cleanup", Time since last: 1000082004 ns, Reaching safepoint: 4300 ns, Cleanup: 39200 ns, At safepoint: 2300 ns, Total: 45800 ns
[68.728s][info ][safepoint      ] Safepoint "Cleanup", Time since last: 1000106103 ns, Reaching safepoint: 3900 ns, Cleanup: 30200 ns, At safepoint: 4300 ns, Total: 38400 ns
[69.728s][info ][safepoint      ] Safepoint "Cleanup", Time since last: 1000092704 ns, Reaching safepoint: 4100 ns, Cleanup: 32800 ns, At safepoint: 10700 ns, Total: 47600 ns
[70.729s][info ][safepoint      ] Safepoint "Cleanup", Time since last: 1000103003 ns, Reaching safepoint: 4600 ns, Cleanup: 42100 ns, At safepoint: 4000 ns, Total: 50700 ns
[71.729s][info ][safepoint      ] Safepoint "Cleanup", Time since last: 1000113104 ns, Reaching safepoint: 4100 ns, Cleanup: 39000 ns, At safepoint: 4300 ns, Total: 47400 ns
[72.729s][info ][safepoint      ] Safepoint "Cleanup", Time since last: 1000102403 ns, Reaching safepoint: 3900 ns, Cleanup: 42900 ns, At safepoint: 2000 ns, Total: 48800 ns
[73.729s][info ][safepoint      ] Safepoint "Cleanup", Time since last: 1000065304 ns, Reaching safepoint: 4800 ns, Cleanup: 48900 ns, At safepoint: 3300 ns, Total: 57000 ns
[74.729s][info ][safepoint      ] Safepoint "Cleanup", Time since last: 1000103800 ns, Reaching safepoint: 3800 ns, Cleanup: 36300 ns, At safepoint: 3600 ns, Total: 43700 ns
[75.729s][info ][safepoint      ] Safepoint "Cleanup", Time since last: 1000107987 ns, Reaching safepoint: 5000 ns, Cleanup: 37600 ns, At safepoint: 2300 ns, Total: 44900 ns
[77.730s][info ][safepoint      ] Safepoint "Cleanup", Time since last: 2000159075 ns, Reaching safepoint: 4000 ns, Cleanup: 35700 ns, At safepoint: 2100 ns, Total: 41800 ns
[79.611s][info ][gc,start       ] GC(13) Pause Young (Allocation Failure)
[79.613s][debug][gc,phases      ] GC(13) Scavenge 1.154ms
[79.613s][debug][gc,ref         ] GC(13) Skipped phase 1 of Reference Processing: no references
[79.613s][debug][gc,ref         ] GC(13) ReferenceProcessor::execute queues: 1, RefProcThreadModel::Single, marks_oops_alive: false
[79.613s][debug][gc,ref         ] GC(13) Skipped phase 3 of Reference Processing: no references
[79.613s][debug][gc,ref         ] GC(13) Skipped phase 4 of Reference Processing: no references
[79.613s][debug][gc,phases      ] GC(13) Reference Processing 0.083ms
[79.613s][debug][gc,phases      ] GC(13)   VM Weak                        Min:  0.0, Avg:  0.0, Max:  0.0, Diff:  0.0, Sum:  0.0, Workers: 4
[79.613s][debug][gc,phases      ] GC(13)     Dead                           Min: 0, Avg:  0.0, Max: 0, Diff: 0, Sum: 0, Workers: 4
[79.613s][debug][gc,phases      ] GC(13)     Total                          Min: 0, Avg: 171.5, Max: 559, Diff: 559, Sum: 686, Workers: 4
[79.613s][debug][gc,phases      ] GC(13)   ObjectSynchronizer Weak        Min:  0.0, Avg:  0.0, Max:  0.0, Diff:  0.0, Sum:  0.0, Workers: 4
[79.613s][debug][gc,phases      ] GC(13)     Dead                           Min: 0, Avg:  0.0, Max: 0, Diff: 0, Sum: 0, Workers: 4
[79.613s][debug][gc,phases      ] GC(13)     Total                          Min: 0, Avg:  1.0, Max: 4, Diff: 4, Sum: 4, Workers: 4
[79.613s][debug][gc,phases      ] GC(13)   JVMTI Tag Weak OopStorage      Min:  0.0, Avg:  0.0, Max:  0.0, Diff:  0.0, Sum:  0.0, Workers: 4
[79.613s][debug][gc,phases      ] GC(13)     Dead                           Min: 0, Avg:  0.0, Max: 0, Diff: 0, Sum: 0, Workers: 4
[79.613s][debug][gc,phases      ] GC(13)     Total                          Min: 0, Avg:  0.0, Max: 0, Diff: 0, Sum: 0, Workers: 4
[79.613s][debug][gc,phases      ] GC(13)   StringTable Weak               Min:  0.0, Avg:  0.1, Max:  0.1, Diff:  0.1, Sum:  0.3, Workers: 4
[79.613s][debug][gc,phases      ] GC(13)     Dead                           Min: 0, Avg:  0.0, Max: 0, Diff: 0, Sum: 0, Workers: 4
[79.613s][debug][gc,phases      ] GC(13)     Total                          Min: 0, Avg: 10586.0, Max: 25792, Diff: 25792, Sum: 42344, Workers: 4
[79.613s][debug][gc,phases      ] GC(13)   ResolvedMethodTable Weak       Min:  0.0, Avg:  0.0, Max:  0.0, Diff:  0.0, Sum:  0.1, Workers: 4
[79.613s][debug][gc,phases      ] GC(13)     Dead                           Min: 0, Avg:  0.2, Max: 1, Diff: 1, Sum: 1, Workers: 4
[79.613s][debug][gc,phases      ] GC(13)     Total                          Min: 0, Avg: 2282.8, Max: 5292, Diff: 5292, Sum: 9131, Workers: 4
[79.613s][debug][gc,phases      ] GC(13)   JNI Weak                       Min:  0.0, Avg:  0.0, Max:  0.0, Diff:  0.0, Sum:  0.0, Workers: 4
[79.613s][debug][gc,phases      ] GC(13)     Dead                           Min: 0, Avg:  0.0, Max: 0, Diff: 0, Sum: 0, Workers: 4
[79.613s][debug][gc,phases      ] GC(13)     Total                          Min: 0, Avg: 11.2, Max: 45, Diff: 45, Sum: 45, Workers: 4
[79.613s][debug][gc,phases      ] GC(13)   StringDedup Table Weak         Min:  0.0, Avg:  0.0, Max:  0.0, Diff:  0.0, Sum:  0.0, Workers: 4
[79.613s][debug][gc,phases      ] GC(13)     Dead                           Min: 0, Avg:  0.0, Max: 0, Diff: 0, Sum: 0, Workers: 4
[79.613s][debug][gc,phases      ] GC(13)     Total                          Min: 0, Avg:  0.0, Max: 0, Diff: 0, Sum: 0, Workers: 4
[79.613s][debug][gc,phases      ] GC(13)   StringDedup Requests0 Weak     Min:  0.0, Avg:  0.0, Max:  0.0, Diff:  0.0, Sum:  0.0, Workers: 4
[79.613s][debug][gc,phases      ] GC(13)     Dead                           Min: 0, Avg:  0.0, Max: 0, Diff: 0, Sum: 0, Workers: 4
[79.613s][debug][gc,phases      ] GC(13)     Total                          Min: 0, Avg:  0.0, Max: 0, Diff: 0, Sum: 0, Workers: 4
[79.613s][debug][gc,phases      ] GC(13)   StringDedup Requests1 Weak     Min:  0.0, Avg:  0.0, Max:  0.0, Diff:  0.0, Sum:  0.0, Workers: 4
[79.613s][debug][gc,phases      ] GC(13)     Dead                           Min: 0, Avg:  0.0, Max: 0, Diff: 0, Sum: 0, Workers: 4
[79.613s][debug][gc,phases      ] GC(13)     Total                          Min: 0, Avg:  0.0, Max: 0, Diff: 0, Sum: 0, Workers: 4
[79.613s][debug][gc,phases      ] GC(13)   Weak JFR Old Object Samples    Min:  0.0, Avg:  0.0, Max:  0.0, Diff:  0.0, Sum:  0.0, Workers: 4
[79.613s][debug][gc,phases      ] GC(13)     Dead                           Min: 0, Avg:  0.0, Max: 0, Diff: 0, Sum: 0, Workers: 4
[79.613s][debug][gc,phases      ] GC(13)     Total                          Min: 0, Avg:  0.0, Max: 0, Diff: 0, Sum: 0, Workers: 4
[79.613s][debug][gc,phases      ] GC(13) Weak Processing 0.348ms
[79.613s][debug][gc,age         ] GC(13) Desired survivor size 382730240 bytes, new threshold 5 (max threshold 15)
[79.613s][info ][gc,heap        ] GC(13) PSYoungGen: 1370112K(1733632K)->320K(1713152K) Eden: 1370112K(1370112K)->0K(1349632K) From: 0K(363520K)->320K(363520K)
[79.613s][info ][gc,heap        ] GC(13) ParOldGen: 233232K(343552K)->233232K(343552K)
[79.613s][info ][gc,metaspace   ] GC(13) Metaspace: 79479K(80384K)->79479K(80384K) NonClass: 67809K(68288K)->67809K(68288K) Class: 11669K(12096K)->11669K(12096K)
[79.613s][info ][gc             ] GC(13) Pause Young (Allocation Failure) 1565M->228M(2008M) 1.668ms
[79.613s][info ][gc,cpu         ] GC(13) User=0.01s Sys=0.00s Real=0.00s
[79.613s][info ][safepoint      ] Safepoint "ParallelGCFailedAllocation", Time since last: 1881864788 ns, Reaching safepoint: 4000 ns, Cleanup: 40500 ns, At safepoint: 1722099 ns, Total: 1766599 ns
[80.613s][info ][safepoint      ] Safepoint "Cleanup", Time since last: 1000083888 ns, Reaching safepoint: 4900 ns, Cleanup: 39100 ns, At safepoint: 3600 ns, Total: 47600 ns
[81.614s][info ][safepoint      ] Safepoint "Cleanup", Time since last: 1000104487 ns, Reaching safepoint: 70900 ns, Cleanup: 37800 ns, At safepoint: 5100 ns, Total: 113800 ns
[82.614s][info ][safepoint      ] Safepoint "Cleanup", Time since last: 1000108487 ns, Reaching safepoint: 72000 ns, Cleanup: 37700 ns, At safepoint: 4800 ns, Total: 114500 ns
[84.614s][info ][safepoint      ] Safepoint "Cleanup", Time since last: 2000185969 ns, Reaching safepoint: 6000 ns, Cleanup: 28700 ns, At safepoint: 2100 ns, Total: 36800 ns
[86.614s][info ][safepoint      ] Safepoint "Cleanup", Time since last: 2000133469 ns, Reaching safepoint: 3400 ns, Cleanup: 40100 ns, At safepoint: 2500 ns, Total: 46000 ns
[87.614s][info ][safepoint      ] Safepoint "Cleanup", Time since last: 1000113484 ns, Reaching safepoint: 73200 ns, Cleanup: 43900 ns, At safepoint: 5800 ns, Total: 122900 ns
[90.615s][info ][safepoint      ] Safepoint "Cleanup", Time since last: 3000260452 ns, Reaching safepoint: 75100 ns, Cleanup: 49000 ns, At safepoint: 6600 ns, Total: 130700 ns
[91.615s][info ][safepoint      ] Safepoint "Cleanup", Time since last: 1000106574 ns, Reaching safepoint: 3900 ns, Cleanup: 26300 ns, At safepoint: 2200 ns, Total: 32400 ns
[92.615s][info ][safepoint      ] Safepoint "Cleanup", Time since last: 1000104474 ns, Reaching safepoint: 3900 ns, Cleanup: 37900 ns, At safepoint: 2300 ns, Total: 44100 ns
[92.662s][info ][gc,start       ] GC(14) Pause Young (Allocation Failure)
[92.663s][debug][gc,phases      ] GC(14) Scavenge 1.141ms
[92.663s][debug][gc,ref         ] GC(14) Skipped phase 1 of Reference Processing: no references
[92.663s][debug][gc,ref         ] GC(14) ReferenceProcessor::execute queues: 1, RefProcThreadModel::Single, marks_oops_alive: false
[92.663s][debug][gc,ref         ] GC(14) Skipped phase 3 of Reference Processing: no references
[92.663s][debug][gc,ref         ] GC(14) Skipped phase 4 of Reference Processing: no references
[92.663s][debug][gc,phases      ] GC(14) Reference Processing 0.070ms
[92.663s][debug][gc,phases      ] GC(14)   VM Weak                        Min:  0.0, Avg:  0.0, Max:  0.0, Diff:  0.0, Sum:  0.0, Workers: 4
[92.663s][debug][gc,phases      ] GC(14)     Dead                           Min: 0, Avg:  0.0, Max: 0, Diff: 0, Sum: 0, Workers: 4
[92.663s][debug][gc,phases      ] GC(14)     Total                          Min: 0, Avg: 171.5, Max: 558, Diff: 558, Sum: 686, Workers: 4
[92.663s][debug][gc,phases      ] GC(14)   ObjectSynchronizer Weak        Min:  0.0, Avg:  0.0, Max:  0.0, Diff:  0.0, Sum:  0.0, Workers: 4
[92.663s][debug][gc,phases      ] GC(14)     Dead                           Min: 0, Avg:  0.0, Max: 0, Diff: 0, Sum: 0, Workers: 4
[92.663s][debug][gc,phases      ] GC(14)     Total                          Min: 0, Avg:  1.0, Max: 4, Diff: 4, Sum: 4, Workers: 4
[92.663s][debug][gc,phases      ] GC(14)   JVMTI Tag Weak OopStorage      Min:  0.0, Avg:  0.0, Max:  0.0, Diff:  0.0, Sum:  0.0, Workers: 4
[92.663s][debug][gc,phases      ] GC(14)     Dead                           Min: 0, Avg:  0.0, Max: 0, Diff: 0, Sum: 0, Workers: 4
[92.663s][debug][gc,phases      ] GC(14)     Total                          Min: 0, Avg:  0.0, Max: 0, Diff: 0, Sum: 0, Workers: 4
[92.663s][debug][gc,phases      ] GC(14)   StringTable Weak               Min:  0.0, Avg:  0.1, Max:  0.1, Diff:  0.1, Sum:  0.3, Workers: 4
[92.663s][debug][gc,phases      ] GC(14)     Dead                           Min: 0, Avg:  0.0, Max: 0, Diff: 0, Sum: 0, Workers: 4
[92.663s][debug][gc,phases      ] GC(14)     Total                          Min: 0, Avg: 10588.0, Max: 25776, Diff: 25776, Sum: 42352, Workers: 4
[92.663s][debug][gc,phases      ] GC(14)   ResolvedMethodTable Weak       Min:  0.0, Avg:  0.0, Max:  0.0, Diff:  0.0, Sum:  0.1, Workers: 4
[92.663s][debug][gc,phases      ] GC(14)     Dead                           Min: 0, Avg:  0.0, Max: 0, Diff: 0, Sum: 0, Workers: 4
[92.663s][debug][gc,phases      ] GC(14)     Total                          Min: 0, Avg: 2282.8, Max: 5611, Diff: 5611, Sum: 9131, Workers: 4
[92.663s][debug][gc,phases      ] GC(14)   JNI Weak                       Min:  0.0, Avg:  0.0, Max:  0.0, Diff:  0.0, Sum:  0.0, Workers: 4
[92.663s][debug][gc,phases      ] GC(14)     Dead                           Min: 0, Avg:  0.0, Max: 0, Diff: 0, Sum: 0, Workers: 4
[92.663s][debug][gc,phases      ] GC(14)     Total                          Min: 0, Avg: 11.2, Max: 45, Diff: 45, Sum: 45, Workers: 4
[92.663s][debug][gc,phases      ] GC(14)   StringDedup Table Weak         Min:  0.0, Avg:  0.0, Max:  0.0, Diff:  0.0, Sum:  0.0, Workers: 4
[92.663s][debug][gc,phases      ] GC(14)     Dead                           Min: 0, Avg:  0.0, Max: 0, Diff: 0, Sum: 0, Workers: 4
[92.663s][debug][gc,phases      ] GC(14)     Total                          Min: 0, Avg:  0.0, Max: 0, Diff: 0, Sum: 0, Workers: 4
[92.663s][debug][gc,phases      ] GC(14)   StringDedup Requests0 Weak     Min:  0.0, Avg:  0.0, Max:  0.0, Diff:  0.0, Sum:  0.0, Workers: 4
[92.663s][debug][gc,phases      ] GC(14)     Dead                           Min: 0, Avg:  0.0, Max: 0, Diff: 0, Sum: 0, Workers: 4
[92.663s][debug][gc,phases      ] GC(14)     Total                          Min: 0, Avg:  0.0, Max: 0, Diff: 0, Sum: 0, Workers: 4
[92.663s][debug][gc,phases      ] GC(14)   StringDedup Requests1 Weak     Min:  0.0, Avg:  0.0, Max:  0.0, Diff:  0.0, Sum:  0.0, Workers: 4
[92.663s][debug][gc,phases      ] GC(14)     Dead                           Min: 0, Avg:  0.0, Max: 0, Diff: 0, Sum: 0, Workers: 4
[92.663s][debug][gc,phases      ] GC(14)     Total                          Min: 0, Avg:  0.0, Max: 0, Diff: 0, Sum: 0, Workers: 4
[92.663s][debug][gc,phases      ] GC(14)   Weak JFR Old Object Samples    Min:  0.0, Avg:  0.0, Max:  0.0, Diff:  0.0, Sum:  0.0, Workers: 4
[92.663s][debug][gc,phases      ] GC(14)     Dead                           Min: 0, Avg:  0.0, Max: 0, Diff: 0, Sum: 0, Workers: 4
[92.663s][debug][gc,phases      ] GC(14)     Total                          Min: 0, Avg:  0.0, Max: 0, Diff: 0, Sum: 0, Workers: 4
[92.663s][debug][gc,phases      ] GC(14) Weak Processing 0.345ms
[92.663s][debug][gc,age         ] GC(14) Desired survivor size 386924544 bytes, new threshold 6 (max threshold 15)
[92.663s][info ][gc,heap        ] GC(14) PSYoungGen: 1349952K(1713152K)->192K(1350144K) Eden: 1349632K(1349632K)->0K(1349632K) From: 320K(363520K)->192K(512K)
[92.663s][info ][gc,heap        ] GC(14) ParOldGen: 233232K(343552K)->233232K(343552K)
[92.663s][info ][gc,metaspace   ] GC(14) Metaspace: 79479K(80384K)->79479K(80384K) NonClass: 67809K(68288K)->67809K(68288K) Class: 11669K(12096K)->11669K(12096K)
[92.663s][info ][gc             ] GC(14) Pause Young (Allocation Failure) 1546M->227M(1654M) 1.624ms
[92.663s][info ][gc,cpu         ] GC(14) User=0.00s Sys=0.00s Real=0.00s
[92.663s][info ][safepoint      ] Safepoint "ParallelGCFailedAllocation", Time since last: 46615494 ns, Reaching safepoint: 2300 ns, Cleanup: 25000 ns, At safepoint: 1674200 ns, Total: 1701500 ns
[93.664s][info ][safepoint      ] Safepoint "Cleanup", Time since last: 1000084973 ns, Reaching safepoint: 74400 ns, Cleanup: 36400 ns, At safepoint: 8400 ns, Total: 119200 ns
[94.664s][info ][safepoint      ] Safepoint "Cleanup", Time since last: 1000108474 ns, Reaching safepoint: 73300 ns, Cleanup: 44100 ns, At safepoint: 5600 ns, Total: 123000 ns
[97.664s][info ][safepoint      ] Safepoint "Cleanup", Time since last: 3000247821 ns, Reaching safepoint: 72700 ns, Cleanup: 35300 ns, At safepoint: 8300 ns, Total: 116300 ns
[98.664s][info ][safepoint      ] Safepoint "Cleanup", Time since last: 1000115075 ns, Reaching safepoint: 3400 ns, Cleanup: 40900 ns, At safepoint: 2600 ns, Total: 46900 ns
[100.665s][info ][safepoint      ] Safepoint "Cleanup", Time since last: 2000178060 ns, Reaching safepoint: 5700 ns, Cleanup: 42700 ns, At safepoint: 5200 ns, Total: 53600 ns
[101.665s][info ][safepoint      ] Safepoint "Cleanup", Time since last: 1000107680 ns, Reaching safepoint: 13500 ns, Cleanup: 44800 ns, At safepoint: 4800 ns, Total: 63100 ns
[102.665s][info ][safepoint      ] Safepoint "Cleanup", Time since last: 1000106580 ns, Reaching safepoint: 4100 ns, Cleanup: 51100 ns, At safepoint: 3400 ns, Total: 58600 ns
[104.665s][info ][safepoint      ] Safepoint "Cleanup", Time since last: 2000176560 ns, Reaching safepoint: 4300 ns, Cleanup: 29000 ns, At safepoint: 2800 ns, Total: 36100 ns
[105.665s][info ][safepoint      ] Safepoint "Cleanup", Time since last: 1000097980 ns, Reaching safepoint: 4000 ns, Cleanup: 41000 ns, At safepoint: 1600 ns, Total: 46600 ns
[105.760s][info ][gc,start       ] GC(15) Pause Young (Allocation Failure)
[105.762s][debug][gc,phases      ] GC(15) Scavenge 1.236ms
[105.762s][debug][gc,ref         ] GC(15) Skipped phase 1 of Reference Processing: no references
[105.762s][debug][gc,ref         ] GC(15) ReferenceProcessor::execute queues: 1, RefProcThreadModel::Single, marks_oops_alive: false
[105.762s][debug][gc,ref         ] GC(15) Skipped phase 3 of Reference Processing: no references
[105.762s][debug][gc,ref         ] GC(15) Skipped phase 4 of Reference Processing: no references
[105.762s][debug][gc,phases      ] GC(15) Reference Processing 0.091ms
[105.762s][debug][gc,phases      ] GC(15)   VM Weak                        Min:  0.0, Avg:  0.0, Max:  0.0, Diff:  0.0, Sum:  0.0, Workers: 4
[105.762s][debug][gc,phases      ] GC(15)     Dead                           Min: 0, Avg:  0.0, Max: 0, Diff: 0, Sum: 0, Workers: 4
[105.762s][debug][gc,phases      ] GC(15)     Total                          Min: 0, Avg: 171.5, Max: 511, Diff: 511, Sum: 686, Workers: 4
[105.762s][debug][gc,phases      ] GC(15)   ObjectSynchronizer Weak        Min:  0.0, Avg:  0.0, Max:  0.0, Diff:  0.0, Sum:  0.0, Workers: 4
[105.762s][debug][gc,phases      ] GC(15)     Dead                           Min: 0, Avg:  0.0, Max: 0, Diff: 0, Sum: 0, Workers: 4
[105.762s][debug][gc,phases      ] GC(15)     Total                          Min: 0, Avg:  1.0, Max: 4, Diff: 4, Sum: 4, Workers: 4
[105.762s][debug][gc,phases      ] GC(15)   JVMTI Tag Weak OopStorage      Min:  0.0, Avg:  0.0, Max:  0.0, Diff:  0.0, Sum:  0.0, Workers: 4
[105.762s][debug][gc,phases      ] GC(15)     Dead                           Min: 0, Avg:  0.0, Max: 0, Diff: 0, Sum: 0, Workers: 4
[105.762s][debug][gc,phases      ] GC(15)     Total                          Min: 0, Avg:  0.0, Max: 0, Diff: 0, Sum: 0, Workers: 4
[105.762s][debug][gc,phases      ] GC(15)   StringTable Weak               Min:  0.0, Avg:  0.1, Max:  0.2, Diff:  0.2, Sum:  0.3, Workers: 4
[105.762s][debug][gc,phases      ] GC(15)     Dead                           Min: 0, Avg:  0.0, Max: 0, Diff: 0, Sum: 0, Workers: 4
[105.762s][debug][gc,phases      ] GC(15)     Total                          Min: 0, Avg: 10590.5, Max: 26682, Diff: 26682, Sum: 42362, Workers: 4
[105.762s][debug][gc,phases      ] GC(15)   ResolvedMethodTable Weak       Min:  0.0, Avg:  0.0, Max:  0.0, Diff:  0.0, Sum:  0.1, Workers: 4
[105.762s][debug][gc,phases      ] GC(15)     Dead                           Min: 0, Avg:  0.0, Max: 0, Diff: 0, Sum: 0, Workers: 4
[105.762s][debug][gc,phases      ] GC(15)     Total                          Min: 0, Avg: 2282.8, Max: 5676, Diff: 5676, Sum: 9131, Workers: 4
[105.762s][debug][gc,phases      ] GC(15)   JNI Weak                       Min:  0.0, Avg:  0.0, Max:  0.0, Diff:  0.0, Sum:  0.0, Workers: 4
[105.762s][debug][gc,phases      ] GC(15)     Dead                           Min: 0, Avg:  0.0, Max: 0, Diff: 0, Sum: 0, Workers: 4
[105.762s][debug][gc,phases      ] GC(15)     Total                          Min: 0, Avg: 11.2, Max: 45, Diff: 45, Sum: 45, Workers: 4
[105.762s][debug][gc,phases      ] GC(15)   StringDedup Table Weak         Min:  0.0, Avg:  0.0, Max:  0.0, Diff:  0.0, Sum:  0.0, Workers: 4
[105.762s][debug][gc,phases      ] GC(15)     Dead                           Min: 0, Avg:  0.0, Max: 0, Diff: 0, Sum: 0, Workers: 4
[105.762s][debug][gc,phases      ] GC(15)     Total                          Min: 0, Avg:  0.0, Max: 0, Diff: 0, Sum: 0, Workers: 4
[105.762s][debug][gc,phases      ] GC(15)   StringDedup Requests0 Weak     Min:  0.0, Avg:  0.0, Max:  0.0, Diff:  0.0, Sum:  0.0, Workers: 4
[105.762s][debug][gc,phases      ] GC(15)     Dead                           Min: 0, Avg:  0.0, Max: 0, Diff: 0, Sum: 0, Workers: 4
[105.762s][debug][gc,phases      ] GC(15)     Total                          Min: 0, Avg:  0.0, Max: 0, Diff: 0, Sum: 0, Workers: 4
[105.762s][debug][gc,phases      ] GC(15)   StringDedup Requests1 Weak     Min:  0.0, Avg:  0.0, Max:  0.0, Diff:  0.0, Sum:  0.0, Workers: 4
[105.762s][debug][gc,phases      ] GC(15)     Dead                           Min: 0, Avg:  0.0, Max: 0, Diff: 0, Sum: 0, Workers: 4
[105.762s][debug][gc,phases      ] GC(15)     Total                          Min: 0, Avg:  0.0, Max: 0, Diff: 0, Sum: 0, Workers: 4
[105.762s][debug][gc,phases      ] GC(15)   Weak JFR Old Object Samples    Min:  0.0, Avg:  0.0, Max:  0.0, Diff:  0.0, Sum:  0.0, Workers: 4
[105.762s][debug][gc,phases      ] GC(15)     Dead                           Min: 0, Avg:  0.0, Max: 0, Diff: 0, Sum: 0, Workers: 4
[105.762s][debug][gc,phases      ] GC(15)     Total                          Min: 0, Avg:  0.0, Max: 0, Diff: 0, Sum: 0, Workers: 4
[105.762s][debug][gc,phases      ] GC(15) Weak Processing 0.346ms
[105.762s][debug][gc,age         ] GC(15) Desired survivor size 386400256 bytes, new threshold 7 (max threshold 15)
[105.762s][info ][gc,heap        ] GC(15) PSYoungGen: 1349824K(1350144K)->224K(1719808K) Eden: 1349632K(1349632K)->0K(1341952K) From: 192K(512K)->224K(377856K)
[105.762s][info ][gc,heap        ] GC(15) ParOldGen: 233232K(343552K)->233232K(343552K)
[105.762s][info ][gc,metaspace   ] GC(15) Metaspace: 79480K(80384K)->79480K(80384K) NonClass: 67809K(68288K)->67809K(68288K) Class: 11670K(12096K)->11670K(12096K)
[105.762s][info ][gc             ] GC(15) Pause Young (Allocation Failure) 1545M->227M(2015M) 1.751ms
[105.762s][info ][gc,cpu         ] GC(15) User=0.01s Sys=0.00s Real=0.00s
[105.762s][info ][safepoint      ] Safepoint "ParallelGCFailedAllocation", Time since last: 94986088 ns, Reaching safepoint: 4500 ns, Cleanup: 23500 ns, At safepoint: 1803700 ns, Total: 1831700 ns
[109.762s][info ][safepoint      ] Safepoint "Cleanup", Time since last: 4000296127 ns, Reaching safepoint: 75800 ns, Cleanup: 34100 ns, At safepoint: 5700 ns, Total: 115600 ns
[111.763s][info ][safepoint      ] Safepoint "Cleanup", Time since last: 2000186765 ns, Reaching safepoint: 78500 ns, Cleanup: 43900 ns, At safepoint: 27400 ns, Total: 149800 ns
[114.764s][info ][safepoint      ] Safepoint "Cleanup", Time since last: 3000650446 ns, Reaching safepoint: 5200 ns, Cleanup: 36000 ns, At safepoint: 7600 ns, Total: 48800 ns
[117.764s][info ][safepoint      ] Safepoint "Cleanup", Time since last: 3000253246 ns, Reaching safepoint: 3700 ns, Cleanup: 54000 ns, At safepoint: 5100 ns, Total: 62800 ns
[118.760s][info ][gc,start       ] GC(16) Pause Young (Allocation Failure)
[118.762s][debug][gc,phases      ] GC(16) Scavenge 1.321ms
[118.762s][debug][gc,ref         ] GC(16) Skipped phase 1 of Reference Processing: no references
[118.762s][debug][gc,ref         ] GC(16) Skipped phase 2 of Reference Processing: no references
[118.762s][debug][gc,ref         ] GC(16) Skipped phase 3 of Reference Processing: no references
[118.762s][debug][gc,ref         ] GC(16) Skipped phase 4 of Reference Processing: no references
[118.762s][debug][gc,phases      ] GC(16) Reference Processing 0.019ms
[118.762s][debug][gc,phases      ] GC(16)   VM Weak                        Min:  0.0, Avg:  0.0, Max:  0.0, Diff:  0.0, Sum:  0.0, Workers: 4
[118.762s][debug][gc,phases      ] GC(16)     Dead                           Min: 0, Avg:  0.0, Max: 0, Diff: 0, Sum: 0, Workers: 4
[118.762s][debug][gc,phases      ] GC(16)     Total                          Min: 0, Avg: 171.5, Max: 495, Diff: 495, Sum: 686, Workers: 4
[118.762s][debug][gc,phases      ] GC(16)   ObjectSynchronizer Weak        Min:  0.0, Avg:  0.0, Max:  0.0, Diff:  0.0, Sum:  0.0, Workers: 4
[118.762s][debug][gc,phases      ] GC(16)     Dead                           Min: 0, Avg:  0.0, Max: 0, Diff: 0, Sum: 0, Workers: 4
[118.762s][debug][gc,phases      ] GC(16)     Total                          Min: 0, Avg:  1.0, Max: 4, Diff: 4, Sum: 4, Workers: 4
[118.762s][debug][gc,phases      ] GC(16)   JVMTI Tag Weak OopStorage      Min:  0.0, Avg:  0.0, Max:  0.0, Diff:  0.0, Sum:  0.0, Workers: 4
[118.762s][debug][gc,phases      ] GC(16)     Dead                           Min: 0, Avg:  0.0, Max: 0, Diff: 0, Sum: 0, Workers: 4
[118.762s][debug][gc,phases      ] GC(16)     Total                          Min: 0, Avg:  0.0, Max: 0, Diff: 0, Sum: 0, Workers: 4
[118.762s][debug][gc,phases      ] GC(16)   StringTable Weak               Min:  0.0, Avg:  0.1, Max:  0.2, Diff:  0.2, Sum:  0.3, Workers: 4
[118.762s][debug][gc,phases      ] GC(16)     Dead                           Min: 0, Avg:  0.0, Max: 0, Diff: 0, Sum: 0, Workers: 4
[118.762s][debug][gc,phases      ] GC(16)     Total                          Min: 0, Avg: 10590.8, Max: 26107, Diff: 26107, Sum: 42363, Workers: 4
[118.762s][debug][gc,phases      ] GC(16)   ResolvedMethodTable Weak       Min:  0.0, Avg:  0.0, Max:  0.0, Diff:  0.0, Sum:  0.1, Workers: 4
[118.762s][debug][gc,phases      ] GC(16)     Dead                           Min: 0, Avg:  0.0, Max: 0, Diff: 0, Sum: 0, Workers: 4
[118.762s][debug][gc,phases      ] GC(16)     Total                          Min: 0, Avg: 2282.8, Max: 5567, Diff: 5567, Sum: 9131, Workers: 4
[118.762s][debug][gc,phases      ] GC(16)   JNI Weak                       Min:  0.0, Avg:  0.0, Max:  0.0, Diff:  0.0, Sum:  0.0, Workers: 4
[118.762s][debug][gc,phases      ] GC(16)     Dead                           Min: 0, Avg:  0.0, Max: 0, Diff: 0, Sum: 0, Workers: 4
[118.762s][debug][gc,phases      ] GC(16)     Total                          Min: 0, Avg: 11.2, Max: 45, Diff: 45, Sum: 45, Workers: 4
[118.762s][debug][gc,phases      ] GC(16)   StringDedup Table Weak         Min:  0.0, Avg:  0.0, Max:  0.0, Diff:  0.0, Sum:  0.0, Workers: 4
[118.762s][debug][gc,phases      ] GC(16)     Dead                           Min: 0, Avg:  0.0, Max: 0, Diff: 0, Sum: 0, Workers: 4
[118.762s][debug][gc,phases      ] GC(16)     Total                          Min: 0, Avg:  0.0, Max: 0, Diff: 0, Sum: 0, Workers: 4
[118.762s][debug][gc,phases      ] GC(16)   StringDedup Requests0 Weak     Min:  0.0, Avg:  0.0, Max:  0.0, Diff:  0.0, Sum:  0.0, Workers: 4
[118.762s][debug][gc,phases      ] GC(16)     Dead                           Min: 0, Avg:  0.0, Max: 0, Diff: 0, Sum: 0, Workers: 4
[118.762s][debug][gc,phases      ] GC(16)     Total                          Min: 0, Avg:  0.0, Max: 0, Diff: 0, Sum: 0, Workers: 4
[118.762s][debug][gc,phases      ] GC(16)   StringDedup Requests1 Weak     Min:  0.0, Avg:  0.0, Max:  0.0, Diff:  0.0, Sum:  0.0, Workers: 4
[118.762s][debug][gc,phases      ] GC(16)     Dead                           Min: 0, Avg:  0.0, Max: 0, Diff: 0, Sum: 0, Workers: 4
[118.762s][debug][gc,phases      ] GC(16)     Total                          Min: 0, Avg:  0.0, Max: 0, Diff: 0, Sum: 0, Workers: 4
[118.762s][debug][gc,phases      ] GC(16)   Weak JFR Old Object Samples    Min:  0.0, Avg:  0.0, Max:  0.0, Diff:  0.0, Sum:  0.0, Workers: 4
[118.762s][debug][gc,phases      ] GC(16)     Dead                           Min: 0, Avg:  0.0, Max: 0, Diff: 0, Sum: 0, Workers: 4
[118.762s][debug][gc,phases      ] GC(16)     Total                          Min: 0, Avg:  0.0, Max: 0, Diff: 0, Sum: 0, Workers: 4
[118.762s][debug][gc,phases      ] GC(16) Weak Processing 0.354ms
[118.762s][debug][gc,age         ] GC(16) Desired survivor size 382205952 bytes, new threshold 8 (max threshold 15)
[118.762s][info ][gc,heap        ] GC(16) PSYoungGen: 1342176K(1719808K)->224K(1719296K) Eden: 1341952K(1341952K)->0K(1341952K) From: 224K(377856K)->224K(377344K)
[118.762s][info ][gc,heap        ] GC(16) ParOldGen: 233232K(343552K)->233232K(343552K)
[118.762s][info ][gc,metaspace   ] GC(16) Metaspace: 79480K(80384K)->79480K(80384K) NonClass: 67809K(68288K)->67809K(68288K) Class: 11670K(12096K)->11670K(12096K)
[118.762s][info ][gc             ] GC(16) Pause Young (Allocation Failure) 1538M->227M(2014M) 1.782ms
[118.762s][info ][gc,cpu         ] GC(16) User=0.00s Sys=0.00s Real=0.00s
[118.762s][info ][safepoint      ] Safepoint "ParallelGCFailedAllocation", Time since last: 996445182 ns, Reaching safepoint: 4000 ns, Cleanup: 46100 ns, At safepoint: 1841900 ns, Total: 1892000 ns
[122.763s][info ][safepoint      ] Safepoint "Cleanup", Time since last: 4000319827 ns, Reaching safepoint: 79300 ns, Cleanup: 37100 ns, At safepoint: 5100 ns, Total: 121500 ns
[123.763s][info ][safepoint      ] Safepoint "Cleanup", Time since last: 1000115278 ns, Reaching safepoint: 72900 ns, Cleanup: 36400 ns, At safepoint: 5300 ns, Total: 114600 ns
[125.763s][info ][safepoint      ] Safepoint "Cleanup", Time since last: 2000198456 ns, Reaching safepoint: 79400 ns, Cleanup: 42100 ns, At safepoint: 6200 ns, Total: 127700 ns
[126.763s][info ][safepoint      ] Safepoint "Cleanup", Time since last: 1000138978 ns, Reaching safepoint: 76200 ns, Cleanup: 31200 ns, At safepoint: 5100 ns, Total: 112500 ns
[127.764s][info ][safepoint      ] Safepoint "Cleanup", Time since last: 1000110678 ns, Reaching safepoint: 71600 ns, Cleanup: 35700 ns, At safepoint: 3000 ns, Total: 110300 ns
[130.764s][info ][safepoint      ] Safepoint "Cleanup", Time since last: 3000229434 ns, Reaching safepoint: 138200 ns, Cleanup: 38200 ns, At safepoint: 7800 ns, Total: 184200 ns
[131.762s][info ][gc,start       ] GC(17) Pause Young (Allocation Failure)
[131.764s][debug][gc,phases      ] GC(17) Scavenge 1.656ms
[131.764s][debug][gc,ref         ] GC(17) Skipped phase 1 of Reference Processing: no references
[131.764s][debug][gc,ref         ] GC(17) Skipped phase 2 of Reference Processing: no references
[131.764s][debug][gc,ref         ] GC(17) Skipped phase 3 of Reference Processing: no references
[131.764s][debug][gc,ref         ] GC(17) Skipped phase 4 of Reference Processing: no references
[131.764s][debug][gc,phases      ] GC(17) Reference Processing 0.030ms
[131.764s][debug][gc,phases      ] GC(17)   VM Weak                        Min:  0.0, Avg:  0.0, Max:  0.0, Diff:  0.0, Sum:  0.0, Workers: 4
[131.764s][debug][gc,phases      ] GC(17)     Dead                           Min: 0, Avg:  0.0, Max: 0, Diff: 0, Sum: 0, Workers: 4
[131.764s][debug][gc,phases      ] GC(17)     Total                          Min: 0, Avg: 171.5, Max: 511, Diff: 511, Sum: 686, Workers: 4
[131.764s][debug][gc,phases      ] GC(17)   ObjectSynchronizer Weak        Min:  0.0, Avg:  0.0, Max:  0.0, Diff:  0.0, Sum:  0.0, Workers: 4
[131.764s][debug][gc,phases      ] GC(17)     Dead                           Min: 0, Avg:  0.0, Max: 0, Diff: 0, Sum: 0, Workers: 4
[131.764s][debug][gc,phases      ] GC(17)     Total                          Min: 0, Avg:  1.0, Max: 4, Diff: 4, Sum: 4, Workers: 4
[131.764s][debug][gc,phases      ] GC(17)   JVMTI Tag Weak OopStorage      Min:  0.0, Avg:  0.0, Max:  0.0, Diff:  0.0, Sum:  0.0, Workers: 4
[131.764s][debug][gc,phases      ] GC(17)     Dead                           Min: 0, Avg:  0.0, Max: 0, Diff: 0, Sum: 0, Workers: 4
[131.764s][debug][gc,phases      ] GC(17)     Total                          Min: 0, Avg:  0.0, Max: 0, Diff: 0, Sum: 0, Workers: 4
[131.764s][debug][gc,phases      ] GC(17)   StringTable Weak               Min:  0.0, Avg:  0.1, Max:  0.2, Diff:  0.2, Sum:  0.4, Workers: 4
[131.764s][debug][gc,phases      ] GC(17)     Dead                           Min: 0, Avg:  0.0, Max: 0, Diff: 0, Sum: 0, Workers: 4
[131.764s][debug][gc,phases      ] GC(17)     Total                          Min: 0, Avg: 10591.5, Max: 21696, Diff: 21696, Sum: 42366, Workers: 4
[131.764s][debug][gc,phases      ] GC(17)   ResolvedMethodTable Weak       Min:  0.0, Avg:  0.0, Max:  0.0, Diff:  0.0, Sum:  0.1, Workers: 4
[131.764s][debug][gc,phases      ] GC(17)     Dead                           Min: 0, Avg:  0.0, Max: 0, Diff: 0, Sum: 0, Workers: 4
[131.764s][debug][gc,phases      ] GC(17)     Total                          Min: 0, Avg: 2282.8, Max: 4607, Diff: 4607, Sum: 9131, Workers: 4
[131.764s][debug][gc,phases      ] GC(17)   JNI Weak                       Min:  0.0, Avg:  0.0, Max:  0.0, Diff:  0.0, Sum:  0.0, Workers: 4
[131.764s][debug][gc,phases      ] GC(17)     Dead                           Min: 0, Avg:  0.0, Max: 0, Diff: 0, Sum: 0, Workers: 4
[131.764s][debug][gc,phases      ] GC(17)     Total                          Min: 0, Avg: 11.2, Max: 45, Diff: 45, Sum: 45, Workers: 4
[131.764s][debug][gc,phases      ] GC(17)   StringDedup Table Weak         Min:  0.0, Avg:  0.0, Max:  0.0, Diff:  0.0, Sum:  0.0, Workers: 4
[131.764s][debug][gc,phases      ] GC(17)     Dead                           Min: 0, Avg:  0.0, Max: 0, Diff: 0, Sum: 0, Workers: 4
[131.764s][debug][gc,phases      ] GC(17)     Total                          Min: 0, Avg:  0.0, Max: 0, Diff: 0, Sum: 0, Workers: 4
[131.764s][debug][gc,phases      ] GC(17)   StringDedup Requests0 Weak     Min:  0.0, Avg:  0.0, Max:  0.0, Diff:  0.0, Sum:  0.0, Workers: 4
[131.764s][debug][gc,phases      ] GC(17)     Dead                           Min: 0, Avg:  0.0, Max: 0, Diff: 0, Sum: 0, Workers: 4
[131.764s][debug][gc,phases      ] GC(17)     Total                          Min: 0, Avg:  0.0, Max: 0, Diff: 0, Sum: 0, Workers: 4
[131.764s][debug][gc,phases      ] GC(17)   StringDedup Requests1 Weak     Min:  0.0, Avg:  0.0, Max:  0.0, Diff:  0.0, Sum:  0.0, Workers: 4
[131.764s][debug][gc,phases      ] GC(17)     Dead                           Min: 0, Avg:  0.0, Max: 0, Diff: 0, Sum: 0, Workers: 4
[131.764s][debug][gc,phases      ] GC(17)     Total                          Min: 0, Avg:  0.0, Max: 0, Diff: 0, Sum: 0, Workers: 4
[131.764s][debug][gc,phases      ] GC(17)   Weak JFR Old Object Samples    Min:  0.0, Avg:  0.0, Max:  0.0, Diff:  0.0, Sum:  0.0, Workers: 4
[131.764s][debug][gc,phases      ] GC(17)     Dead                           Min: 0, Avg:  0.0, Max: 0, Diff: 0, Sum: 0, Workers: 4
[131.764s][debug][gc,phases      ] GC(17)     Total                          Min: 0, Avg:  0.0, Max: 0, Diff: 0, Sum: 0, Workers: 4
[131.764s][debug][gc,phases      ] GC(17) Weak Processing 0.498ms
[131.764s][debug][gc,age         ] GC(17) Desired survivor size 374865920 bytes, new threshold 9 (max threshold 15)
[131.764s][info ][gc,heap        ] GC(17) PSYoungGen: 1342176K(1719296K)->192K(1731072K) Eden: 1341952K(1341952K)->0K(1357824K) From: 224K(377344K)->192K(373248K)
[131.764s][info ][gc,heap        ] GC(17) ParOldGen: 233232K(343552K)->233232K(343552K)
[131.764s][info ][gc,metaspace   ] GC(17) Metaspace: 79480K(80384K)->79480K(80384K) NonClass: 67809K(68288K)->67809K(68288K) Class: 11670K(12096K)->11670K(12096K)
[131.764s][info ][gc             ] GC(17) Pause Young (Allocation Failure) 1538M->227M(2026M) 2.297ms
[131.764s][info ][gc,cpu         ] GC(17) User=0.00s Sys=0.00s Real=0.00s
[131.764s][info ][safepoint      ] Safepoint "ParallelGCFailedAllocation", Time since last: 997862377 ns, Reaching safepoint: 5300 ns, Cleanup: 38400 ns, At safepoint: 2365700 ns, Total: 2409400 ns
[132.764s][info ][safepoint      ] Safepoint "Cleanup", Time since last: 1000093977 ns, Reaching safepoint: 4900 ns, Cleanup: 38400 ns, At safepoint: 2600 ns, Total: 45900 ns
[134.765s][info ][safepoint      ] Safepoint "Cleanup", Time since last: 2000174654 ns, Reaching safepoint: 72400 ns, Cleanup: 28000 ns, At safepoint: 6300 ns, Total: 106700 ns
[135.765s][info ][safepoint      ] Safepoint "Cleanup", Time since last: 1000114676 ns, Reaching safepoint: 5400 ns, Cleanup: 37300 ns, At safepoint: 2400 ns, Total: 45100 ns
[136.765s][info ][safepoint      ] Safepoint "Cleanup", Time since last: 1000109877 ns, Reaching safepoint: 3500 ns, Cleanup: 33700 ns, At safepoint: 2400 ns, Total: 39600 ns
[144.910s][info ][gc,start       ] GC(18) Pause Young (Allocation Failure)
[144.911s][debug][gc,phases      ] GC(18) Scavenge 1.567ms
[144.911s][debug][gc,ref         ] GC(18) Skipped phase 1 of Reference Processing: no references
[144.911s][debug][gc,ref         ] GC(18) Skipped phase 2 of Reference Processing: no references
[144.911s][debug][gc,ref         ] GC(18) Skipped phase 3 of Reference Processing: no references
[144.911s][debug][gc,ref         ] GC(18) Skipped phase 4 of Reference Processing: no references
[144.911s][debug][gc,phases      ] GC(18) Reference Processing 0.030ms
[144.912s][debug][gc,phases      ] GC(18)   VM Weak                        Min:  0.0, Avg:  0.0, Max:  0.0, Diff:  0.0, Sum:  0.0, Workers: 4
[144.912s][debug][gc,phases      ] GC(18)     Dead                           Min: 0, Avg:  0.0, Max: 0, Diff: 0, Sum: 0, Workers: 4
[144.912s][debug][gc,phases      ] GC(18)     Total                          Min: 0, Avg: 171.5, Max: 447, Diff: 447, Sum: 686, Workers: 4
[144.912s][debug][gc,phases      ] GC(18)   ObjectSynchronizer Weak        Min:  0.0, Avg:  0.0, Max:  0.0, Diff:  0.0, Sum:  0.0, Workers: 4
[144.912s][debug][gc,phases      ] GC(18)     Dead                           Min: 0, Avg:  0.0, Max: 0, Diff: 0, Sum: 0, Workers: 4
[144.912s][debug][gc,phases      ] GC(18)     Total                          Min: 0, Avg:  1.0, Max: 4, Diff: 4, Sum: 4, Workers: 4
[144.912s][debug][gc,phases      ] GC(18)   JVMTI Tag Weak OopStorage      Min:  0.0, Avg:  0.0, Max:  0.0, Diff:  0.0, Sum:  0.0, Workers: 4
[144.912s][debug][gc,phases      ] GC(18)     Dead                           Min: 0, Avg:  0.0, Max: 0, Diff: 0, Sum: 0, Workers: 4
[144.912s][debug][gc,phases      ] GC(18)     Total                          Min: 0, Avg:  0.0, Max: 0, Diff: 0, Sum: 0, Workers: 4
[144.912s][debug][gc,phases      ] GC(18)   StringTable Weak               Min:  0.0, Avg:  0.1, Max:  0.1, Diff:  0.1, Sum:  0.4, Workers: 4
[144.912s][debug][gc,phases      ] GC(18)     Dead                           Min: 0, Avg:  0.0, Max: 0, Diff: 0, Sum: 0, Workers: 4
[144.912s][debug][gc,phases      ] GC(18)     Total                          Min: 0, Avg: 10606.0, Max: 14464, Diff: 14464, Sum: 42424, Workers: 4
[144.912s][debug][gc,phases      ] GC(18)   ResolvedMethodTable Weak       Min:  0.0, Avg:  0.0, Max:  0.0, Diff:  0.0, Sum:  0.1, Workers: 4
[144.912s][debug][gc,phases      ] GC(18)     Dead                           Min: 0, Avg:  0.0, Max: 0, Diff: 0, Sum: 0, Workers: 4
[144.912s][debug][gc,phases      ] GC(18)     Total                          Min: 0, Avg: 2282.8, Max: 3072, Diff: 3072, Sum: 9131, Workers: 4
[144.912s][debug][gc,phases      ] GC(18)   JNI Weak                       Min:  0.0, Avg:  0.0, Max:  0.0, Diff:  0.0, Sum:  0.0, Workers: 4
[144.912s][debug][gc,phases      ] GC(18)     Dead                           Min: 0, Avg:  0.0, Max: 0, Diff: 0, Sum: 0, Workers: 4
[144.912s][debug][gc,phases      ] GC(18)     Total                          Min: 0, Avg: 11.2, Max: 45, Diff: 45, Sum: 45, Workers: 4
[144.912s][debug][gc,phases      ] GC(18)   StringDedup Table Weak         Min:  0.0, Avg:  0.0, Max:  0.0, Diff:  0.0, Sum:  0.0, Workers: 4
[144.912s][debug][gc,phases      ] GC(18)     Dead                           Min: 0, Avg:  0.0, Max: 0, Diff: 0, Sum: 0, Workers: 4
[144.912s][debug][gc,phases      ] GC(18)     Total                          Min: 0, Avg:  0.0, Max: 0, Diff: 0, Sum: 0, Workers: 4
[144.912s][debug][gc,phases      ] GC(18)   StringDedup Requests0 Weak     Min:  0.0, Avg:  0.0, Max:  0.0, Diff:  0.0, Sum:  0.0, Workers: 4
[144.912s][debug][gc,phases      ] GC(18)     Dead                           Min: 0, Avg:  0.0, Max: 0, Diff: 0, Sum: 0, Workers: 4
[144.912s][debug][gc,phases      ] GC(18)     Total                          Min: 0, Avg:  0.0, Max: 0, Diff: 0, Sum: 0, Workers: 4
[144.912s][debug][gc,phases      ] GC(18)   StringDedup Requests1 Weak     Min:  0.0, Avg:  0.0, Max:  0.0, Diff:  0.0, Sum:  0.0, Workers: 4
[144.912s][debug][gc,phases      ] GC(18)     Dead                           Min: 0, Avg:  0.0, Max: 0, Diff: 0, Sum: 0, Workers: 4
[144.912s][debug][gc,phases      ] GC(18)     Total                          Min: 0, Avg:  0.0, Max: 0, Diff: 0, Sum: 0, Workers: 4
[144.912s][debug][gc,phases      ] GC(18)   Weak JFR Old Object Samples    Min:  0.0, Avg:  0.0, Max:  0.0, Diff:  0.0, Sum:  0.0, Workers: 4
[144.912s][debug][gc,phases      ] GC(18)     Dead                           Min: 0, Avg:  0.0, Max: 0, Diff: 0, Sum: 0, Workers: 4
[144.912s][debug][gc,phases      ] GC(18)     Total                          Min: 0, Avg:  0.0, Max: 0, Diff: 0, Sum: 0, Workers: 4
[144.912s][debug][gc,phases      ] GC(18) Weak Processing 0.409ms
[144.912s][debug][gc,age         ] GC(18) Desired survivor size 365428736 bytes, new threshold 10 (max threshold 15)
[144.912s][info ][gc,heap        ] GC(18) PSYoungGen: 1358016K(1731072K)->256K(1723904K) Eden: 1357824K(1357824K)->0K(1357824K) From: 192K(373248K)->256K(366080K)
[144.912s][info ][gc,heap        ] GC(18) ParOldGen: 233232K(343552K)->233240K(343552K)
[144.912s][info ][gc,metaspace   ] GC(18) Metaspace: 79489K(80384K)->79489K(80384K) NonClass: 67818K(68288K)->67818K(68288K) Class: 11670K(12096K)->11670K(12096K)
[144.912s][info ][gc             ] GC(18) Pause Young (Allocation Failure) 1553M->228M(2019M) 2.111ms
[144.912s][info ][gc,cpu         ] GC(18) User=0.01s Sys=0.00s Real=0.00s
[144.912s][info ][safepoint      ] Safepoint "ParallelGCFailedAllocation", Time since last: 8144605031 ns, Reaching safepoint: 4800 ns, Cleanup: 34300 ns, At safepoint: 2179500 ns, Total: 2218600 ns
[145.912s][info ][safepoint      ] Safepoint "Cleanup", Time since last: 1000105982 ns, Reaching safepoint: 78000 ns, Cleanup: 39300 ns, At safepoint: 6200 ns, Total: 123500 ns
[146.912s][info ][safepoint      ] Safepoint "Cleanup", Time since last: 1000123882 ns, Reaching safepoint: 78400 ns, Cleanup: 33500 ns, At safepoint: 5300 ns, Total: 117200 ns
[149.913s][info ][safepoint      ] Safepoint "Cleanup", Time since last: 3000257847 ns, Reaching safepoint: 4600 ns, Cleanup: 47000 ns, At safepoint: 8400 ns, Total: 60000 ns
[151.913s][info ][safepoint      ] Safepoint "Cleanup", Time since last: 2000479464 ns, Reaching safepoint: 78000 ns, Cleanup: 37600 ns, At safepoint: 5500 ns, Total: 121100 ns
[153.914s][info ][safepoint      ] Safepoint "Cleanup", Time since last: 2000206965 ns, Reaching safepoint: 4600 ns, Cleanup: 40200 ns, At safepoint: 2700 ns, Total: 47500 ns
[158.060s][info ][gc,start       ] GC(19) Pause Young (Allocation Failure)
[158.062s][debug][gc,phases      ] GC(19) Scavenge 1.114ms
[158.062s][debug][gc,ref         ] GC(19) Skipped phase 1 of Reference Processing: no references
[158.062s][debug][gc,ref         ] GC(19) Skipped phase 2 of Reference Processing: no references
[158.062s][debug][gc,ref         ] GC(19) Skipped phase 3 of Reference Processing: no references
[158.062s][debug][gc,ref         ] GC(19) Skipped phase 4 of Reference Processing: no references
[158.062s][debug][gc,phases      ] GC(19) Reference Processing 0.020ms
[158.062s][debug][gc,phases      ] GC(19)   VM Weak                        Min:  0.0, Avg:  0.0, Max:  0.0, Diff:  0.0, Sum:  0.0, Workers: 4
[158.062s][debug][gc,phases      ] GC(19)     Dead                           Min: 0, Avg:  0.0, Max: 0, Diff: 0, Sum: 0, Workers: 4
[158.062s][debug][gc,phases      ] GC(19)     Total                          Min: 0, Avg: 171.5, Max: 367, Diff: 367, Sum: 686, Workers: 4
[158.062s][debug][gc,phases      ] GC(19)   ObjectSynchronizer Weak        Min:  0.0, Avg:  0.0, Max:  0.0, Diff:  0.0, Sum:  0.0, Workers: 4
[158.062s][debug][gc,phases      ] GC(19)     Dead                           Min: 0, Avg:  0.0, Max: 0, Diff: 0, Sum: 0, Workers: 4
[158.062s][debug][gc,phases      ] GC(19)     Total                          Min: 0, Avg:  1.0, Max: 4, Diff: 4, Sum: 4, Workers: 4
[158.062s][debug][gc,phases      ] GC(19)   JVMTI Tag Weak OopStorage      Min:  0.0, Avg:  0.0, Max:  0.0, Diff:  0.0, Sum:  0.0, Workers: 4
[158.062s][debug][gc,phases      ] GC(19)     Dead                           Min: 0, Avg:  0.0, Max: 0, Diff: 0, Sum: 0, Workers: 4
[158.062s][debug][gc,phases      ] GC(19)     Total                          Min: 0, Avg:  0.0, Max: 0, Diff: 0, Sum: 0, Workers: 4
[158.062s][debug][gc,phases      ] GC(19)   StringTable Weak               Min:  0.0, Avg:  0.1, Max:  0.2, Diff:  0.2, Sum:  0.3, Workers: 4
[158.062s][debug][gc,phases      ] GC(19)     Dead                           Min: 0, Avg:  0.0, Max: 0, Diff: 0, Sum: 0, Workers: 4
[158.062s][debug][gc,phases      ] GC(19)     Total                          Min: 0, Avg: 10616.8, Max: 26688, Diff: 26688, Sum: 42467, Workers: 4
[158.062s][debug][gc,phases      ] GC(19)   ResolvedMethodTable Weak       Min:  0.0, Avg:  0.0, Max:  0.0, Diff:  0.0, Sum:  0.1, Workers: 4
[158.062s][debug][gc,phases      ] GC(19)     Dead                           Min: 0, Avg:  0.0, Max: 0, Diff: 0, Sum: 0, Workers: 4
[158.062s][debug][gc,phases      ] GC(19)     Total                          Min: 0, Avg: 2282.8, Max: 5675, Diff: 5675, Sum: 9131, Workers: 4
[158.062s][debug][gc,phases      ] GC(19)   JNI Weak                       Min:  0.0, Avg:  0.0, Max:  0.0, Diff:  0.0, Sum:  0.0, Workers: 4
[158.062s][debug][gc,phases      ] GC(19)     Dead                           Min: 0, Avg:  0.0, Max: 0, Diff: 0, Sum: 0, Workers: 4
[158.062s][debug][gc,phases      ] GC(19)     Total                          Min: 0, Avg: 11.2, Max: 45, Diff: 45, Sum: 45, Workers: 4
[158.062s][debug][gc,phases      ] GC(19)   StringDedup Table Weak         Min:  0.0, Avg:  0.0, Max:  0.0, Diff:  0.0, Sum:  0.0, Workers: 4
[158.062s][debug][gc,phases      ] GC(19)     Dead                           Min: 0, Avg:  0.0, Max: 0, Diff: 0, Sum: 0, Workers: 4
[158.062s][debug][gc,phases      ] GC(19)     Total                          Min: 0, Avg:  0.0, Max: 0, Diff: 0, Sum: 0, Workers: 4
[158.062s][debug][gc,phases      ] GC(19)   StringDedup Requests0 Weak     Min:  0.0, Avg:  0.0, Max:  0.0, Diff:  0.0, Sum:  0.0, Workers: 4
[158.062s][debug][gc,phases      ] GC(19)     Dead                           Min: 0, Avg:  0.0, Max: 0, Diff: 0, Sum: 0, Workers: 4
[158.062s][debug][gc,phases      ] GC(19)     Total                          Min: 0, Avg:  0.0, Max: 0, Diff: 0, Sum: 0, Workers: 4
[158.062s][debug][gc,phases      ] GC(19)   StringDedup Requests1 Weak     Min:  0.0, Avg:  0.0, Max:  0.0, Diff:  0.0, Sum:  0.0, Workers: 4
[158.062s][debug][gc,phases      ] GC(19)     Dead                           Min: 0, Avg:  0.0, Max: 0, Diff: 0, Sum: 0, Workers: 4
[158.062s][debug][gc,phases      ] GC(19)     Total                          Min: 0, Avg:  0.0, Max: 0, Diff: 0, Sum: 0, Workers: 4
[158.062s][debug][gc,phases      ] GC(19)   Weak JFR Old Object Samples    Min:  0.0, Avg:  0.0, Max:  0.0, Diff:  0.0, Sum:  0.0, Workers: 4
[158.062s][debug][gc,phases      ] GC(19)     Dead                           Min: 0, Avg:  0.0, Max: 0, Diff: 0, Sum: 0, Workers: 4
[158.062s][debug][gc,phases      ] GC(19)     Total                          Min: 0, Avg:  0.0, Max: 0, Diff: 0, Sum: 0, Workers: 4
[158.062s][debug][gc,phases      ] GC(19) Weak Processing 0.350ms
[158.062s][debug][gc,age         ] GC(19) Desired survivor size 353894400 bytes, new threshold 11 (max threshold 15)
[158.062s][info ][gc,heap        ] GC(19) PSYoungGen: 1358080K(1723904K)->288K(1751552K) Eden: 1357824K(1357824K)->0K(1394688K) From: 256K(366080K)->288K(356864K)
[158.062s][info ][gc,heap        ] GC(19) ParOldGen: 233240K(343552K)->233248K(343552K)
[158.062s][info ][gc,metaspace   ] GC(19) Metaspace: 79489K(80384K)->79489K(80384K) NonClass: 67818K(68288K)->67818K(68288K) Class: 11670K(12096K)->11670K(12096K)
[158.062s][info ][gc             ] GC(19) Pause Young (Allocation Failure) 1554M->228M(2046M) 1.568ms
[158.062s][info ][gc,cpu         ] GC(19) User=0.01s Sys=0.00s Real=0.00s
[158.062s][info ][safepoint      ] Safepoint "ParallelGCFailedAllocation", Time since last: 4146797607 ns, Reaching safepoint: 4100 ns, Cleanup: 19300 ns, At safepoint: 1621600 ns, Total: 1645000 ns
[159.062s][info ][safepoint      ] Safepoint "Cleanup", Time since last: 1000079181 ns, Reaching safepoint: 72000 ns, Cleanup: 31800 ns, At safepoint: 6100 ns, Total: 109900 ns
[168.063s][info ][safepoint      ] Safepoint "Cleanup", Time since last: 9000684141 ns, Reaching safepoint: 72500 ns, Cleanup: 37500 ns, At safepoint: 8300 ns, Total: 118300 ns
[171.562s][info ][gc,start       ] GC(20) Pause Young (Allocation Failure)
[171.563s][debug][gc,phases      ] GC(20) Scavenge 1.113ms
[171.563s][debug][gc,ref         ] GC(20) Skipped phase 1 of Reference Processing: no references
[171.563s][debug][gc,ref         ] GC(20) Skipped phase 2 of Reference Processing: no references
[171.563s][debug][gc,ref         ] GC(20) Skipped phase 3 of Reference Processing: no references
[171.563s][debug][gc,ref         ] GC(20) Skipped phase 4 of Reference Processing: no references
[171.563s][debug][gc,phases      ] GC(20) Reference Processing 0.031ms
[171.564s][debug][gc,phases      ] GC(20)   VM Weak                        Min:  0.0, Avg:  0.0, Max:  0.0, Diff:  0.0, Sum:  0.0, Workers: 4
[171.564s][debug][gc,phases      ] GC(20)     Dead                           Min: 0, Avg:  0.0, Max: 0, Diff: 0, Sum: 0, Workers: 4
[171.564s][debug][gc,phases      ] GC(20)     Total                          Min: 0, Avg: 171.5, Max: 447, Diff: 447, Sum: 686, Workers: 4
[171.564s][debug][gc,phases      ] GC(20)   ObjectSynchronizer Weak        Min:  0.0, Avg:  0.0, Max:  0.0, Diff:  0.0, Sum:  0.0, Workers: 4
[171.564s][debug][gc,phases      ] GC(20)     Dead                           Min: 0, Avg:  0.0, Max: 0, Diff: 0, Sum: 0, Workers: 4
[171.564s][debug][gc,phases      ] GC(20)     Total                          Min: 0, Avg:  1.0, Max: 4, Diff: 4, Sum: 4, Workers: 4
[171.564s][debug][gc,phases      ] GC(20)   JVMTI Tag Weak OopStorage      Min:  0.0, Avg:  0.0, Max:  0.0, Diff:  0.0, Sum:  0.0, Workers: 4
[171.564s][debug][gc,phases      ] GC(20)     Dead                           Min: 0, Avg:  0.0, Max: 0, Diff: 0, Sum: 0, Workers: 4
[171.564s][debug][gc,phases      ] GC(20)     Total                          Min: 0, Avg:  0.0, Max: 0, Diff: 0, Sum: 0, Workers: 4
[171.564s][debug][gc,phases      ] GC(20)   StringTable Weak               Min:  0.0, Avg:  0.1, Max:  0.1, Diff:  0.1, Sum:  0.4, Workers: 4
[171.564s][debug][gc,phases      ] GC(20)     Dead                           Min: 0, Avg:  0.0, Max: 0, Diff: 0, Sum: 0, Workers: 4
[171.564s][debug][gc,phases      ] GC(20)     Total                          Min: 0, Avg: 10617.2, Max: 14720, Diff: 14720, Sum: 42469, Workers: 4
[171.564s][debug][gc,phases      ] GC(20)   ResolvedMethodTable Weak       Min:  0.0, Avg:  0.0, Max:  0.0, Diff:  0.0, Sum:  0.1, Workers: 4
[171.564s][debug][gc,phases      ] GC(20)     Dead                           Min: 0, Avg:  0.0, Max: 0, Diff: 0, Sum: 0, Workers: 4
[171.564s][debug][gc,phases      ] GC(20)     Total                          Min: 0, Avg: 2282.8, Max: 3136, Diff: 3136, Sum: 9131, Workers: 4
[171.564s][debug][gc,phases      ] GC(20)   JNI Weak                       Min:  0.0, Avg:  0.0, Max:  0.0, Diff:  0.0, Sum:  0.0, Workers: 4
[171.564s][debug][gc,phases      ] GC(20)     Dead                           Min: 0, Avg:  0.0, Max: 0, Diff: 0, Sum: 0, Workers: 4
[171.564s][debug][gc,phases      ] GC(20)     Total                          Min: 0, Avg: 11.2, Max: 45, Diff: 45, Sum: 45, Workers: 4
[171.564s][debug][gc,phases      ] GC(20)   StringDedup Table Weak         Min:  0.0, Avg:  0.0, Max:  0.0, Diff:  0.0, Sum:  0.0, Workers: 4
[171.564s][debug][gc,phases      ] GC(20)     Dead                           Min: 0, Avg:  0.0, Max: 0, Diff: 0, Sum: 0, Workers: 4
[171.564s][debug][gc,phases      ] GC(20)     Total                          Min: 0, Avg:  0.0, Max: 0, Diff: 0, Sum: 0, Workers: 4
[171.564s][debug][gc,phases      ] GC(20)   StringDedup Requests0 Weak     Min:  0.0, Avg:  0.0, Max:  0.0, Diff:  0.0, Sum:  0.0, Workers: 4
[171.564s][debug][gc,phases      ] GC(20)     Dead                           Min: 0, Avg:  0.0, Max: 0, Diff: 0, Sum: 0, Workers: 4
[171.564s][debug][gc,phases      ] GC(20)     Total                          Min: 0, Avg:  0.0, Max: 0, Diff: 0, Sum: 0, Workers: 4
[171.564s][debug][gc,phases      ] GC(20)   StringDedup Requests1 Weak     Min:  0.0, Avg:  0.0, Max:  0.0, Diff:  0.0, Sum:  0.0, Workers: 4
[171.564s][debug][gc,phases      ] GC(20)     Dead                           Min: 0, Avg:  0.0, Max: 0, Diff: 0, Sum: 0, Workers: 4
[171.564s][debug][gc,phases      ] GC(20)     Total                          Min: 0, Avg:  0.0, Max: 0, Diff: 0, Sum: 0, Workers: 4
[171.564s][debug][gc,phases      ] GC(20)   Weak JFR Old Object Samples    Min:  0.0, Avg:  0.0, Max:  0.0, Diff:  0.0, Sum:  0.0, Workers: 4
[171.564s][debug][gc,phases      ] GC(20)     Dead                           Min: 0, Avg:  0.0, Max: 0, Diff: 0, Sum: 0, Workers: 4
[171.564s][debug][gc,phases      ] GC(20)     Total                          Min: 0, Avg:  0.0, Max: 0, Diff: 0, Sum: 0, Workers: 4
[171.564s][debug][gc,phases      ] GC(20) Weak Processing 0.327ms
[171.564s][debug][gc,age         ] GC(20) Desired survivor size 340787200 bytes, new threshold 12 (max threshold 15)
[171.564s][info ][gc,heap        ] GC(20) PSYoungGen: 1394976K(1751552K)->256K(1740288K) Eden: 1394688K(1394688K)->0K(1394688K) From: 288K(356864K)->256K(345600K)
[171.564s][info ][gc,heap        ] GC(20) ParOldGen: 233248K(343552K)->233248K(343552K)
[171.564s][info ][gc,metaspace   ] GC(20) Metaspace: 79491K(80384K)->79491K(80384K) NonClass: 67820K(68288K)->67820K(68288K) Class: 11670K(12096K)->11670K(12096K)
[171.564s][info ][gc             ] GC(20) Pause Young (Allocation Failure) 1590M->228M(2035M) 1.570ms
[171.564s][info ][gc,cpu         ] GC(20) User=0.01s Sys=0.00s Real=0.00s
[171.564s][info ][safepoint      ] Safepoint "ParallelGCFailedAllocation", Time since last: 3499069902 ns, Reaching safepoint: 5100 ns, Cleanup: 31000 ns, At safepoint: 1629300 ns, Total: 1665400 ns
[172.564s][info ][safepoint      ] Safepoint "Cleanup", Time since last: 1000087995 ns, Reaching safepoint: 3800 ns, Cleanup: 40800 ns, At safepoint: 3000 ns, Total: 47600 ns
[174.564s][info ][safepoint      ] Safepoint "Cleanup", Time since last: 2000142690 ns, Reaching safepoint: 4400 ns, Cleanup: 34900 ns, At safepoint: 2300 ns, Total: 41600 ns
[176.329s][info ][safepoint      ] Safepoint "Cleanup", Time since last: 1765051414 ns, Reaching safepoint: 5200 ns, Cleanup: 75100 ns, At safepoint: 2300 ns, Total: 82600 ns
[178.329s][info ][safepoint      ] Safepoint "Cleanup", Time since last: 2000169590 ns, Reaching safepoint: 3700 ns, Cleanup: 37500 ns, At safepoint: 4900 ns, Total: 46100 ns
[179.329s][info ][safepoint      ] Safepoint "Cleanup", Time since last: 1000095420 ns, Reaching safepoint: 5100 ns, Cleanup: 32000 ns, At safepoint: 3600 ns, Total: 40700 ns
[181.330s][info ][safepoint      ] Safepoint "Cleanup", Time since last: 2000165359 ns, Reaching safepoint: 4200 ns, Cleanup: 35200 ns, At safepoint: 2300 ns, Total: 41700 ns
[183.330s][info ][safepoint      ] Safepoint "Cleanup", Time since last: 2000163459 ns, Reaching safepoint: 4000 ns, Cleanup: 34800 ns, At safepoint: 2400 ns, Total: 41200 ns
[185.110s][info ][gc,start       ] GC(21) Pause Young (Allocation Failure)
[185.111s][debug][gc,phases      ] GC(21) Scavenge 1.205ms
[185.111s][debug][gc,ref         ] GC(21) Skipped phase 1 of Reference Processing: no references
[185.111s][debug][gc,ref         ] GC(21) Skipped phase 2 of Reference Processing: no references
[185.111s][debug][gc,ref         ] GC(21) Skipped phase 3 of Reference Processing: no references
[185.111s][debug][gc,ref         ] GC(21) Skipped phase 4 of Reference Processing: no references
[185.111s][debug][gc,phases      ] GC(21) Reference Processing 0.020ms
[185.112s][debug][gc,phases      ] GC(21)   VM Weak                        Min:  0.0, Avg:  0.0, Max:  0.0, Diff:  0.0, Sum:  0.0, Workers: 4
[185.112s][debug][gc,phases      ] GC(21)     Dead                           Min: 0, Avg:  0.0, Max: 0, Diff: 0, Sum: 0, Workers: 4
[185.112s][debug][gc,phases      ] GC(21)     Total                          Min: 0, Avg: 171.5, Max: 367, Diff: 367, Sum: 686, Workers: 4
[185.112s][debug][gc,phases      ] GC(21)   ObjectSynchronizer Weak        Min:  0.0, Avg:  0.0, Max:  0.0, Diff:  0.0, Sum:  0.0, Workers: 4
[185.112s][debug][gc,phases      ] GC(21)     Dead                           Min: 0, Avg:  0.0, Max: 0, Diff: 0, Sum: 0, Workers: 4
[185.112s][debug][gc,phases      ] GC(21)     Total                          Min: 0, Avg:  1.0, Max: 4, Diff: 4, Sum: 4, Workers: 4
[185.112s][debug][gc,phases      ] GC(21)   JVMTI Tag Weak OopStorage      Min:  0.0, Avg:  0.0, Max:  0.0, Diff:  0.0, Sum:  0.0, Workers: 4
[185.112s][debug][gc,phases      ] GC(21)     Dead                           Min: 0, Avg:  0.0, Max: 0, Diff: 0, Sum: 0, Workers: 4
[185.112s][debug][gc,phases      ] GC(21)     Total                          Min: 0, Avg:  0.0, Max: 0, Diff: 0, Sum: 0, Workers: 4
[185.112s][debug][gc,phases      ] GC(21)   StringTable Weak               Min:  0.0, Avg:  0.1, Max:  0.1, Diff:  0.1, Sum:  0.3, Workers: 4
[185.112s][debug][gc,phases      ] GC(21)     Dead                           Min: 0, Avg:  0.0, Max: 0, Diff: 0, Sum: 0, Workers: 4
[185.112s][debug][gc,phases      ] GC(21)     Total                          Min: 0, Avg: 10617.2, Max: 26341, Diff: 26341, Sum: 42469, Workers: 4
[185.112s][debug][gc,phases      ] GC(21)   ResolvedMethodTable Weak       Min:  0.0, Avg:  0.0, Max:  0.0, Diff:  0.0, Sum:  0.1, Workers: 4
[185.112s][debug][gc,phases      ] GC(21)     Dead                           Min: 0, Avg:  0.0, Max: 0, Diff: 0, Sum: 0, Workers: 4
[185.112s][debug][gc,phases      ] GC(21)     Total                          Min: 0, Avg: 2282.8, Max: 5931, Diff: 5931, Sum: 9131, Workers: 4
[185.112s][debug][gc,phases      ] GC(21)   JNI Weak                       Min:  0.0, Avg:  0.0, Max:  0.0, Diff:  0.0, Sum:  0.0, Workers: 4
[185.112s][debug][gc,phases      ] GC(21)     Dead                           Min: 0, Avg:  0.0, Max: 0, Diff: 0, Sum: 0, Workers: 4
[185.112s][debug][gc,phases      ] GC(21)     Total                          Min: 0, Avg: 11.2, Max: 45, Diff: 45, Sum: 45, Workers: 4
[185.112s][debug][gc,phases      ] GC(21)   StringDedup Table Weak         Min:  0.0, Avg:  0.0, Max:  0.0, Diff:  0.0, Sum:  0.0, Workers: 4
[185.112s][debug][gc,phases      ] GC(21)     Dead                           Min: 0, Avg:  0.0, Max: 0, Diff: 0, Sum: 0, Workers: 4
[185.112s][debug][gc,phases      ] GC(21)     Total                          Min: 0, Avg:  0.0, Max: 0, Diff: 0, Sum: 0, Workers: 4
[185.112s][debug][gc,phases      ] GC(21)   StringDedup Requests0 Weak     Min:  0.0, Avg:  0.0, Max:  0.0, Diff:  0.0, Sum:  0.0, Workers: 4
[185.112s][debug][gc,phases      ] GC(21)     Dead                           Min: 0, Avg:  0.0, Max: 0, Diff: 0, Sum: 0, Workers: 4
[185.112s][debug][gc,phases      ] GC(21)     Total                          Min: 0, Avg:  0.0, Max: 0, Diff: 0, Sum: 0, Workers: 4
[185.112s][debug][gc,phases      ] GC(21)   StringDedup Requests1 Weak     Min:  0.0, Avg:  0.0, Max:  0.0, Diff:  0.0, Sum:  0.0, Workers: 4
[185.112s][debug][gc,phases      ] GC(21)     Dead                           Min: 0, Avg:  0.0, Max: 0, Diff: 0, Sum: 0, Workers: 4
[185.112s][debug][gc,phases      ] GC(21)     Total                          Min: 0, Avg:  0.0, Max: 0, Diff: 0, Sum: 0, Workers: 4
[185.112s][debug][gc,phases      ] GC(21)   Weak JFR Old Object Samples    Min:  0.0, Avg:  0.0, Max:  0.0, Diff:  0.0, Sum:  0.0, Workers: 4
[185.112s][debug][gc,phases      ] GC(21)     Dead                           Min: 0, Avg:  0.0, Max: 0, Diff: 0, Sum: 0, Workers: 4
[185.112s][debug][gc,phases      ] GC(21)     Total                          Min: 0, Avg:  0.0, Max: 0, Diff: 0, Sum: 0, Workers: 4
[185.112s][debug][gc,phases      ] GC(21) Weak Processing 0.467ms
[185.112s][debug][gc,age         ] GC(21) Desired survivor size 327155712 bytes, new threshold 13 (max threshold 15)
[185.112s][info ][gc,heap        ] GC(21) PSYoungGen: 1394944K(1740288K)->256K(1777664K) Eden: 1394688K(1394688K)->0K(1444864K) From: 256K(345600K)->256K(332800K)
[185.112s][info ][gc,heap        ] GC(21) ParOldGen: 233248K(343552K)->233248K(343552K)
[185.112s][info ][gc,metaspace   ] GC(21) Metaspace: 79493K(80384K)->79493K(80384K) NonClass: 67823K(68288K)->67823K(68288K) Class: 11670K(12096K)->11670K(12096K)
[185.112s][info ][gc             ] GC(21) Pause Young (Allocation Failure) 1590M->228M(2071M) 1.788ms
[185.112s][info ][gc,cpu         ] GC(21) User=0.00s Sys=0.00s Real=0.00s
[185.112s][info ][safepoint      ] Safepoint "ParallelGCFailedAllocation", Time since last: 1780230675 ns, Reaching safepoint: 4200 ns, Cleanup: 25500 ns, At safepoint: 1848000 ns, Total: 1877700 ns
[186.112s][info ][safepoint      ] Safepoint "Cleanup", Time since last: 1000080429 ns, Reaching safepoint: 71300 ns, Cleanup: 33400 ns, At safepoint: 6100 ns, Total: 110800 ns
[188.112s][info ][safepoint      ] Safepoint "Cleanup", Time since last: 2000167930 ns, Reaching safepoint: 73300 ns, Cleanup: 40300 ns, At safepoint: 5500 ns, Total: 119100 ns
[190.113s][info ][safepoint      ] Safepoint "Cleanup", Time since last: 2000189920 ns, Reaching safepoint: 5500 ns, Cleanup: 38200 ns, At safepoint: 2200 ns, Total: 45900 ns
[192.113s][info ][safepoint      ] Safepoint "Cleanup", Time since last: 2000177420 ns, Reaching safepoint: 4200 ns, Cleanup: 31100 ns, At safepoint: 2700 ns, Total: 38000 ns
[195.113s][info ][safepoint      ] Safepoint "Cleanup", Time since last: 3000251620 ns, Reaching safepoint: 4600 ns, Cleanup: 29600 ns, At safepoint: 2400 ns, Total: 36600 ns
[196.113s][info ][safepoint      ] Safepoint "Cleanup", Time since last: 1000125088 ns, Reaching safepoint: 72400 ns, Cleanup: 28900 ns, At safepoint: 4600 ns, Total: 105900 ns
[199.110s][info ][gc,start       ] GC(22) Pause Young (Allocation Failure)
[199.111s][debug][gc,phases      ] GC(22) Scavenge 1.138ms
[199.111s][debug][gc,ref         ] GC(22) Skipped phase 1 of Reference Processing: no references
[199.111s][debug][gc,ref         ] GC(22) Skipped phase 2 of Reference Processing: no references
[199.111s][debug][gc,ref         ] GC(22) Skipped phase 3 of Reference Processing: no references
[199.111s][debug][gc,ref         ] GC(22) Skipped phase 4 of Reference Processing: no references
[199.111s][debug][gc,phases      ] GC(22) Reference Processing 0.025ms
[199.111s][debug][gc,phases      ] GC(22)   VM Weak                        Min:  0.0, Avg:  0.0, Max:  0.0, Diff:  0.0, Sum:  0.0, Workers: 4
[199.111s][debug][gc,phases      ] GC(22)     Dead                           Min: 0, Avg:  0.0, Max: 0, Diff: 0, Sum: 0, Workers: 4
[199.111s][debug][gc,phases      ] GC(22)     Total                          Min: 0, Avg: 171.5, Max: 495, Diff: 495, Sum: 686, Workers: 4
[199.111s][debug][gc,phases      ] GC(22)   ObjectSynchronizer Weak        Min:  0.0, Avg:  0.0, Max:  0.0, Diff:  0.0, Sum:  0.0, Workers: 4
[199.111s][debug][gc,phases      ] GC(22)     Dead                           Min: 0, Avg:  0.0, Max: 0, Diff: 0, Sum: 0, Workers: 4
[199.111s][debug][gc,phases      ] GC(22)     Total                          Min: 0, Avg:  1.0, Max: 4, Diff: 4, Sum: 4, Workers: 4
[199.111s][debug][gc,phases      ] GC(22)   JVMTI Tag Weak OopStorage      Min:  0.0, Avg:  0.0, Max:  0.0, Diff:  0.0, Sum:  0.0, Workers: 4
[199.111s][debug][gc,phases      ] GC(22)     Dead                           Min: 0, Avg:  0.0, Max: 0, Diff: 0, Sum: 0, Workers: 4
[199.111s][debug][gc,phases      ] GC(22)     Total                          Min: 0, Avg:  0.0, Max: 0, Diff: 0, Sum: 0, Workers: 4
[199.111s][debug][gc,phases      ] GC(22)   StringTable Weak               Min:  0.0, Avg:  0.1, Max:  0.1, Diff:  0.1, Sum:  0.3, Workers: 4
[199.111s][debug][gc,phases      ] GC(22)     Dead                           Min: 0, Avg:  0.0, Max: 0, Diff: 0, Sum: 0, Workers: 4
[199.111s][debug][gc,phases      ] GC(22)     Total                          Min: 0, Avg: 10617.2, Max: 26533, Diff: 26533, Sum: 42469, Workers: 4
[199.111s][debug][gc,phases      ] GC(22)   ResolvedMethodTable Weak       Min:  0.0, Avg:  0.0, Max:  0.0, Diff:  0.0, Sum:  0.1, Workers: 4
[199.111s][debug][gc,phases      ] GC(22)     Dead                           Min: 0, Avg:  0.0, Max: 0, Diff: 0, Sum: 0, Workers: 4
[199.111s][debug][gc,phases      ] GC(22)     Total                          Min: 0, Avg: 2282.8, Max: 5675, Diff: 5675, Sum: 9131, Workers: 4
[199.111s][debug][gc,phases      ] GC(22)   JNI Weak                       Min:  0.0, Avg:  0.0, Max:  0.0, Diff:  0.0, Sum:  0.0, Workers: 4
[199.111s][debug][gc,phases      ] GC(22)     Dead                           Min: 0, Avg:  0.0, Max: 0, Diff: 0, Sum: 0, Workers: 4
[199.111s][debug][gc,phases      ] GC(22)     Total                          Min: 0, Avg: 11.2, Max: 45, Diff: 45, Sum: 45, Workers: 4
[199.111s][debug][gc,phases      ] GC(22)   StringDedup Table Weak         Min:  0.0, Avg:  0.0, Max:  0.0, Diff:  0.0, Sum:  0.0, Workers: 4
[199.111s][debug][gc,phases      ] GC(22)     Dead                           Min: 0, Avg:  0.0, Max: 0, Diff: 0, Sum: 0, Workers: 4
[199.111s][debug][gc,phases      ] GC(22)     Total                          Min: 0, Avg:  0.0, Max: 0, Diff: 0, Sum: 0, Workers: 4
[199.111s][debug][gc,phases      ] GC(22)   StringDedup Requests0 Weak     Min:  0.0, Avg:  0.0, Max:  0.0, Diff:  0.0, Sum:  0.0, Workers: 4
[199.111s][debug][gc,phases      ] GC(22)     Dead                           Min: 0, Avg:  0.0, Max: 0, Diff: 0, Sum: 0, Workers: 4
[199.111s][debug][gc,phases      ] GC(22)     Total                          Min: 0, Avg:  0.0, Max: 0, Diff: 0, Sum: 0, Workers: 4
[199.111s][debug][gc,phases      ] GC(22)   StringDedup Requests1 Weak     Min:  0.0, Avg:  0.0, Max:  0.0, Diff:  0.0, Sum:  0.0, Workers: 4
[199.111s][debug][gc,phases      ] GC(22)     Dead                           Min: 0, Avg:  0.0, Max: 0, Diff: 0, Sum: 0, Workers: 4
[199.111s][debug][gc,phases      ] GC(22)     Total                          Min: 0, Avg:  0.0, Max: 0, Diff: 0, Sum: 0, Workers: 4
[199.111s][debug][gc,phases      ] GC(22)   Weak JFR Old Object Samples    Min:  0.0, Avg:  0.0, Max:  0.0, Diff:  0.0, Sum:  0.0, Workers: 4
[199.111s][debug][gc,phases      ] GC(22)     Dead                           Min: 0, Avg:  0.0, Max: 0, Diff: 0, Sum: 0, Workers: 4
[199.111s][debug][gc,phases      ] GC(22)     Total                          Min: 0, Avg:  0.0, Max: 0, Diff: 0, Sum: 0, Workers: 4
[199.111s][debug][gc,phases      ] GC(22) Weak Processing 0.346ms
[199.111s][debug][gc,age         ] GC(22) Desired survivor size 312475648 bytes, new threshold 14 (max threshold 15)
[199.111s][info ][gc,heap        ] GC(22) PSYoungGen: 1445120K(1777664K)->320K(1764352K) Eden: 1444864K(1444864K)->0K(1444864K) From: 256K(332800K)->320K(319488K)
[199.111s][info ][gc,heap        ] GC(22) ParOldGen: 233248K(343552K)->233248K(343552K)
[199.111s][info ][gc,metaspace   ] GC(22) Metaspace: 79495K(80384K)->79495K(80384K) NonClass: 67824K(68288K)->67824K(68288K) Class: 11670K(12096K)->11670K(12096K)
[199.111s][info ][gc             ] GC(22) Pause Young (Allocation Failure) 1639M->228M(2058M) 1.601ms
[199.111s][info ][gc,cpu         ] GC(22) User=0.01s Sys=0.00s Real=0.00s
[199.111s][info ][safepoint      ] Safepoint "ParallelGCFailedAllocation", Time since last: 2996168367 ns, Reaching safepoint: 4600 ns, Cleanup: 31500 ns, At safepoint: 1658899 ns, Total: 1694999 ns
[204.112s][info ][safepoint      ] Safepoint "Cleanup", Time since last: 5000370443 ns, Reaching safepoint: 78600 ns, Cleanup: 41700 ns, At safepoint: 29400 ns, Total: 149700 ns
[211.112s][info ][safepoint      ] Safepoint "Cleanup", Time since last: 7000541820 ns, Reaching safepoint: 5000 ns, Cleanup: 41400 ns, At safepoint: 7900 ns, Total: 54300 ns
[213.110s][info ][gc,start       ] GC(23) Pause Young (Allocation Failure)
[213.111s][debug][gc,phases      ] GC(23) Scavenge 0.988ms
[213.111s][debug][gc,ref         ] GC(23) Skipped phase 1 of Reference Processing: no references
[213.111s][debug][gc,ref         ] GC(23) Skipped phase 2 of Reference Processing: no references
[213.111s][debug][gc,ref         ] GC(23) Skipped phase 3 of Reference Processing: no references
[213.111s][debug][gc,ref         ] GC(23) Skipped phase 4 of Reference Processing: no references
[213.111s][debug][gc,phases      ] GC(23) Reference Processing 0.019ms
[213.111s][debug][gc,phases      ] GC(23)   VM Weak                        Min:  0.0, Avg:  0.0, Max:  0.0, Diff:  0.0, Sum:  0.0, Workers: 4
[213.111s][debug][gc,phases      ] GC(23)     Dead                           Min: 0, Avg:  0.0, Max: 0, Diff: 0, Sum: 0, Workers: 4
[213.111s][debug][gc,phases      ] GC(23)     Total                          Min: 0, Avg: 171.5, Max: 431, Diff: 431, Sum: 686, Workers: 4
[213.111s][debug][gc,phases      ] GC(23)   ObjectSynchronizer Weak        Min:  0.0, Avg:  0.0, Max:  0.0, Diff:  0.0, Sum:  0.0, Workers: 4
[213.111s][debug][gc,phases      ] GC(23)     Dead                           Min: 0, Avg:  0.0, Max: 0, Diff: 0, Sum: 0, Workers: 4
[213.111s][debug][gc,phases      ] GC(23)     Total                          Min: 0, Avg:  1.0, Max: 4, Diff: 4, Sum: 4, Workers: 4
[213.111s][debug][gc,phases      ] GC(23)   JVMTI Tag Weak OopStorage      Min:  0.0, Avg:  0.0, Max:  0.0, Diff:  0.0, Sum:  0.0, Workers: 4
[213.111s][debug][gc,phases      ] GC(23)     Dead                           Min: 0, Avg:  0.0, Max: 0, Diff: 0, Sum: 0, Workers: 4
[213.111s][debug][gc,phases      ] GC(23)     Total                          Min: 0, Avg:  0.0, Max: 0, Diff: 0, Sum: 0, Workers: 4
[213.111s][debug][gc,phases      ] GC(23)   StringTable Weak               Min:  0.0, Avg:  0.1, Max:  0.1, Diff:  0.1, Sum:  0.3, Workers: 4
[213.111s][debug][gc,phases      ] GC(23)     Dead                           Min: 0, Avg:  0.0, Max: 0, Diff: 0, Sum: 0, Workers: 4
[213.111s][debug][gc,phases      ] GC(23)     Total                          Min: 0, Avg: 10618.0, Max: 26216, Diff: 26216, Sum: 42472, Workers: 4
[213.111s][debug][gc,phases      ] GC(23)   ResolvedMethodTable Weak       Min:  0.0, Avg:  0.0, Max:  0.0, Diff:  0.0, Sum:  0.1, Workers: 4
[213.111s][debug][gc,phases      ] GC(23)     Dead                           Min: 0, Avg:  0.0, Max: 0, Diff: 0, Sum: 0, Workers: 4
[213.111s][debug][gc,phases      ] GC(23)     Total                          Min: 0, Avg: 2282.8, Max: 5696, Diff: 5696, Sum: 9131, Workers: 4
[213.111s][debug][gc,phases      ] GC(23)   JNI Weak                       Min:  0.0, Avg:  0.0, Max:  0.0, Diff:  0.0, Sum:  0.0, Workers: 4
[213.111s][debug][gc,phases      ] GC(23)     Dead                           Min: 0, Avg:  0.0, Max: 0, Diff: 0, Sum: 0, Workers: 4
[213.111s][debug][gc,phases      ] GC(23)     Total                          Min: 0, Avg: 11.2, Max: 45, Diff: 45, Sum: 45, Workers: 4
[213.111s][debug][gc,phases      ] GC(23)   StringDedup Table Weak         Min:  0.0, Avg:  0.0, Max:  0.0, Diff:  0.0, Sum:  0.0, Workers: 4
[213.111s][debug][gc,phases      ] GC(23)     Dead                           Min: 0, Avg:  0.0, Max: 0, Diff: 0, Sum: 0, Workers: 4
[213.111s][debug][gc,phases      ] GC(23)     Total                          Min: 0, Avg:  0.0, Max: 0, Diff: 0, Sum: 0, Workers: 4
[213.111s][debug][gc,phases      ] GC(23)   StringDedup Requests0 Weak     Min:  0.0, Avg:  0.0, Max:  0.0, Diff:  0.0, Sum:  0.0, Workers: 4
[213.111s][debug][gc,phases      ] GC(23)     Dead                           Min: 0, Avg:  0.0, Max: 0, Diff: 0, Sum: 0, Workers: 4
[213.111s][debug][gc,phases      ] GC(23)     Total                          Min: 0, Avg:  0.0, Max: 0, Diff: 0, Sum: 0, Workers: 4
[213.111s][debug][gc,phases      ] GC(23)   StringDedup Requests1 Weak     Min:  0.0, Avg:  0.0, Max:  0.0, Diff:  0.0, Sum:  0.0, Workers: 4
[213.111s][debug][gc,phases      ] GC(23)     Dead                           Min: 0, Avg:  0.0, Max: 0, Diff: 0, Sum: 0, Workers: 4
[213.111s][debug][gc,phases      ] GC(23)     Total                          Min: 0, Avg:  0.0, Max: 0, Diff: 0, Sum: 0, Workers: 4
[213.111s][debug][gc,phases      ] GC(23)   Weak JFR Old Object Samples    Min:  0.0, Avg:  0.0, Max:  0.0, Diff:  0.0, Sum:  0.0, Workers: 4
[213.111s][debug][gc,phases      ] GC(23)     Dead                           Min: 0, Avg:  0.0, Max: 0, Diff: 0, Sum: 0, Workers: 4
[213.111s][debug][gc,phases      ] GC(23)     Total                          Min: 0, Avg:  0.0, Max: 0, Diff: 0, Sum: 0, Workers: 4
[213.111s][debug][gc,phases      ] GC(23) Weak Processing 0.346ms
[213.111s][debug][gc,age         ] GC(23) Desired survivor size 297795584 bytes, new threshold 15 (max threshold 15)
[213.111s][info ][gc,heap        ] GC(23) PSYoungGen: 1445184K(1764352K)->256K(1806336K) Eden: 1444864K(1444864K)->0K(1501184K) From: 320K(319488K)->256K(305152K)
[213.111s][info ][gc,heap        ] GC(23) ParOldGen: 233248K(343552K)->233248K(343552K)
[213.111s][info ][gc,metaspace   ] GC(23) Metaspace: 79511K(80384K)->79511K(80384K) NonClass: 67841K(68288K)->67841K(68288K) Class: 11670K(12096K)->11670K(12096K)
[213.111s][info ][gc             ] GC(23) Pause Young (Allocation Failure) 1639M->228M(2099M) 1.440ms
[213.111s][info ][gc,cpu         ] GC(23) User=0.00s Sys=0.00s Real=0.00s
[213.111s][info ][safepoint      ] Safepoint "ParallelGCFailedAllocation", Time since last: 1997498874 ns, Reaching safepoint: 4000 ns, Cleanup: 38400 ns, At safepoint: 1494700 ns, Total: 1537100 ns
[215.112s][info ][safepoint      ] Safepoint "Cleanup", Time since last: 2000154575 ns, Reaching safepoint: 77300 ns, Cleanup: 50700 ns, At safepoint: 7500 ns, Total: 135500 ns
[216.112s][info ][safepoint      ] Safepoint "Cleanup", Time since last: 1000133087 ns, Reaching safepoint: 79200 ns, Cleanup: 36800 ns, At safepoint: 5300 ns, Total: 121300 ns
[218.112s][info ][safepoint      ] Safepoint "Cleanup", Time since last: 2000200274 ns, Reaching safepoint: 80300 ns, Cleanup: 47400 ns, At safepoint: 5400 ns, Total: 133100 ns
[219.113s][info ][safepoint      ] Safepoint "Cleanup", Time since last: 1000124687 ns, Reaching safepoint: 75100 ns, Cleanup: 32500 ns, At safepoint: 5500 ns, Total: 113100 ns
[227.660s][info ][gc,start       ] GC(24) Pause Young (Allocation Failure)
[227.661s][debug][gc,phases      ] GC(24) Scavenge 1.112ms
[227.661s][debug][gc,ref         ] GC(24) Skipped phase 1 of Reference Processing: no references
[227.661s][debug][gc,ref         ] GC(24) Skipped phase 2 of Reference Processing: no references
[227.661s][debug][gc,ref         ] GC(24) Skipped phase 3 of Reference Processing: no references
[227.662s][debug][gc,ref         ] GC(24) Skipped phase 4 of Reference Processing: no references
[227.662s][debug][gc,phases      ] GC(24) Reference Processing 0.029ms
[227.662s][debug][gc,phases      ] GC(24)   VM Weak                        Min:  0.0, Avg:  0.0, Max:  0.0, Diff:  0.0, Sum:  0.0, Workers: 4
[227.662s][debug][gc,phases      ] GC(24)     Dead                           Min: 0, Avg:  0.0, Max: 0, Diff: 0, Sum: 0, Workers: 4
[227.662s][debug][gc,phases      ] GC(24)     Total                          Min: 0, Avg: 171.5, Max: 575, Diff: 575, Sum: 686, Workers: 4
[227.662s][debug][gc,phases      ] GC(24)   ObjectSynchronizer Weak        Min:  0.0, Avg:  0.0, Max:  0.0, Diff:  0.0, Sum:  0.0, Workers: 4
[227.662s][debug][gc,phases      ] GC(24)     Dead                           Min: 0, Avg:  0.0, Max: 0, Diff: 0, Sum: 0, Workers: 4
[227.662s][debug][gc,phases      ] GC(24)     Total                          Min: 0, Avg:  1.0, Max: 4, Diff: 4, Sum: 4, Workers: 4
[227.662s][debug][gc,phases      ] GC(24)   JVMTI Tag Weak OopStorage      Min:  0.0, Avg:  0.0, Max:  0.0, Diff:  0.0, Sum:  0.0, Workers: 4
[227.662s][debug][gc,phases      ] GC(24)     Dead                           Min: 0, Avg:  0.0, Max: 0, Diff: 0, Sum: 0, Workers: 4
[227.662s][debug][gc,phases      ] GC(24)     Total                          Min: 0, Avg:  0.0, Max: 0, Diff: 0, Sum: 0, Workers: 4
[227.662s][debug][gc,phases      ] GC(24)   StringTable Weak               Min:  0.0, Avg:  0.1, Max:  0.2, Diff:  0.2, Sum:  0.4, Workers: 4
[227.662s][debug][gc,phases      ] GC(24)     Dead                           Min: 0, Avg:  0.0, Max: 0, Diff: 0, Sum: 0, Workers: 4
[227.662s][debug][gc,phases      ] GC(24)     Total                          Min: 0, Avg: 10618.5, Max: 21674, Diff: 21674, Sum: 42474, Workers: 4
[227.662s][debug][gc,phases      ] GC(24)   ResolvedMethodTable Weak       Min:  0.0, Avg:  0.0, Max:  0.0, Diff:  0.0, Sum:  0.1, Workers: 4
[227.662s][debug][gc,phases      ] GC(24)     Dead                           Min: 0, Avg:  0.0, Max: 0, Diff: 0, Sum: 0, Workers: 4
[227.662s][debug][gc,phases      ] GC(24)     Total                          Min: 0, Avg: 2282.8, Max: 4800, Diff: 4800, Sum: 9131, Workers: 4
[227.662s][debug][gc,phases      ] GC(24)   JNI Weak                       Min:  0.0, Avg:  0.0, Max:  0.0, Diff:  0.0, Sum:  0.0, Workers: 4
[227.662s][debug][gc,phases      ] GC(24)     Dead                           Min: 0, Avg:  0.0, Max: 0, Diff: 0, Sum: 0, Workers: 4
[227.662s][debug][gc,phases      ] GC(24)     Total                          Min: 0, Avg: 11.2, Max: 45, Diff: 45, Sum: 45, Workers: 4
[227.662s][debug][gc,phases      ] GC(24)   StringDedup Table Weak         Min:  0.0, Avg:  0.0, Max:  0.0, Diff:  0.0, Sum:  0.0, Workers: 4
[227.662s][debug][gc,phases      ] GC(24)     Dead                           Min: 0, Avg:  0.0, Max: 0, Diff: 0, Sum: 0, Workers: 4
[227.662s][debug][gc,phases      ] GC(24)     Total                          Min: 0, Avg:  0.0, Max: 0, Diff: 0, Sum: 0, Workers: 4
[227.662s][debug][gc,phases      ] GC(24)   StringDedup Requests0 Weak     Min:  0.0, Avg:  0.0, Max:  0.0, Diff:  0.0, Sum:  0.0, Workers: 4
[227.662s][debug][gc,phases      ] GC(24)     Dead                           Min: 0, Avg:  0.0, Max: 0, Diff: 0, Sum: 0, Workers: 4
[227.662s][debug][gc,phases      ] GC(24)     Total                          Min: 0, Avg:  0.0, Max: 0, Diff: 0, Sum: 0, Workers: 4
[227.662s][debug][gc,phases      ] GC(24)   StringDedup Requests1 Weak     Min:  0.0, Avg:  0.0, Max:  0.0, Diff:  0.0, Sum:  0.0, Workers: 4
[227.662s][debug][gc,phases      ] GC(24)     Dead                           Min: 0, Avg:  0.0, Max: 0, Diff: 0, Sum: 0, Workers: 4
[227.662s][debug][gc,phases      ] GC(24)     Total                          Min: 0, Avg:  0.0, Max: 0, Diff: 0, Sum: 0, Workers: 4
[227.662s][debug][gc,phases      ] GC(24)   Weak JFR Old Object Samples    Min:  0.0, Avg:  0.0, Max:  0.0, Diff:  0.0, Sum:  0.0, Workers: 4
[227.662s][debug][gc,phases      ] GC(24)     Dead                           Min: 0, Avg:  0.0, Max: 0, Diff: 0, Sum: 0, Workers: 4
[227.662s][debug][gc,phases      ] GC(24)     Total                          Min: 0, Avg:  0.0, Max: 0, Diff: 0, Sum: 0, Workers: 4
[227.662s][debug][gc,phases      ] GC(24) Weak Processing 0.478ms
[227.662s][debug][gc,age         ] GC(24) Desired survivor size 282591232 bytes, new threshold 15 (max threshold 15)
[227.662s][info ][gc,heap        ] GC(24) PSYoungGen: 1501440K(1806336K)->288K(1792000K) Eden: 1501184K(1501184K)->0K(1501184K) From: 256K(305152K)->288K(290816K)
[227.662s][info ][gc,heap        ] GC(24) ParOldGen: 233248K(343552K)->233248K(343552K)
[227.662s][info ][gc,metaspace   ] GC(24) Metaspace: 79539K(80384K)->79539K(80384K) NonClass: 67868K(68288K)->67868K(68288K) Class: 11670K(12096K)->11670K(12096K)
[227.662s][info ][gc             ] GC(24) Pause Young (Allocation Failure) 1694M->228M(2085M) 1.723ms
[227.662s][info ][gc,cpu         ] GC(24) User=0.00s Sys=0.00s Real=0.00s
[227.662s][info ][safepoint      ] Safepoint "ParallelGCFailedAllocation", Time since last: 8547639629 ns, Reaching safepoint: 4800 ns, Cleanup: 39900 ns, At safepoint: 1787000 ns, Total: 1831700 ns
[228.662s][info ][safepoint      ] Safepoint "Cleanup", Time since last: 1000091986 ns, Reaching safepoint: 75400 ns, Cleanup: 27100 ns, At safepoint: 2800 ns, Total: 105300 ns
[232.663s][info ][safepoint      ] Safepoint "Cleanup", Time since last: 4000324045 ns, Reaching safepoint: 4900 ns, Cleanup: 52900 ns, At safepoint: 5300 ns, Total: 63100 ns
[240.663s][info ][safepoint      ] Safepoint "Cleanup", Time since last: 8000577191 ns, Reaching safepoint: 3900 ns, Cleanup: 36200 ns, At safepoint: 2500 ns, Total: 42600 ns
[242.211s][info ][gc,start       ] GC(25) Pause Young (Allocation Failure)
[242.212s][debug][gc,phases      ] GC(25) Scavenge 1.170ms
[242.212s][debug][gc,ref         ] GC(25) Skipped phase 1 of Reference Processing: no references
[242.212s][debug][gc,ref         ] GC(25) Skipped phase 2 of Reference Processing: no references
[242.212s][debug][gc,ref         ] GC(25) Skipped phase 3 of Reference Processing: no references
[242.212s][debug][gc,ref         ] GC(25) Skipped phase 4 of Reference Processing: no references
[242.212s][debug][gc,phases      ] GC(25) Reference Processing 0.020ms
[242.212s][debug][gc,phases      ] GC(25)   VM Weak                        Min:  0.0, Avg:  0.0, Max:  0.0, Diff:  0.0, Sum:  0.0, Workers: 4
[242.212s][debug][gc,phases      ] GC(25)     Dead                           Min: 0, Avg:  0.0, Max: 0, Diff: 0, Sum: 0, Workers: 4
[242.212s][debug][gc,phases      ] GC(25)     Total                          Min: 0, Avg: 171.5, Max: 383, Diff: 383, Sum: 686, Workers: 4
[242.212s][debug][gc,phases      ] GC(25)   ObjectSynchronizer Weak        Min:  0.0, Avg:  0.0, Max:  0.0, Diff:  0.0, Sum:  0.0, Workers: 4
[242.212s][debug][gc,phases      ] GC(25)     Dead                           Min: 0, Avg:  0.0, Max: 0, Diff: 0, Sum: 0, Workers: 4
[242.212s][debug][gc,phases      ] GC(25)     Total                          Min: 0, Avg:  1.0, Max: 4, Diff: 4, Sum: 4, Workers: 4
[242.212s][debug][gc,phases      ] GC(25)   JVMTI Tag Weak OopStorage      Min:  0.0, Avg:  0.0, Max:  0.0, Diff:  0.0, Sum:  0.0, Workers: 4
[242.212s][debug][gc,phases      ] GC(25)     Dead                           Min: 0, Avg:  0.0, Max: 0, Diff: 0, Sum: 0, Workers: 4
[242.212s][debug][gc,phases      ] GC(25)     Total                          Min: 0, Avg:  0.0, Max: 0, Diff: 0, Sum: 0, Workers: 4
[242.212s][debug][gc,phases      ] GC(25)   StringTable Weak               Min:  0.0, Avg:  0.1, Max:  0.1, Diff:  0.1, Sum:  0.4, Workers: 4
[242.212s][debug][gc,phases      ] GC(25)     Dead                           Min: 0, Avg:  0.0, Max: 0, Diff: 0, Sum: 0, Workers: 4
[242.212s][debug][gc,phases      ] GC(25)     Total                          Min: 0, Avg: 10618.5, Max: 14528, Diff: 14528, Sum: 42474, Workers: 4
[242.212s][debug][gc,phases      ] GC(25)   ResolvedMethodTable Weak       Min:  0.0, Avg:  0.0, Max:  0.0, Diff:  0.0, Sum:  0.1, Workers: 4
[242.212s][debug][gc,phases      ] GC(25)     Dead                           Min: 0, Avg:  0.0, Max: 0, Diff: 0, Sum: 0, Workers: 4
[242.212s][debug][gc,phases      ] GC(25)     Total                          Min: 0, Avg: 2282.8, Max: 3327, Diff: 3327, Sum: 9131, Workers: 4
[242.212s][debug][gc,phases      ] GC(25)   JNI Weak                       Min:  0.0, Avg:  0.0, Max:  0.0, Diff:  0.0, Sum:  0.0, Workers: 4
[242.212s][debug][gc,phases      ] GC(25)     Dead                           Min: 0, Avg:  0.0, Max: 0, Diff: 0, Sum: 0, Workers: 4
[242.212s][debug][gc,phases      ] GC(25)     Total                          Min: 0, Avg: 11.2, Max: 45, Diff: 45, Sum: 45, Workers: 4
[242.212s][debug][gc,phases      ] GC(25)   StringDedup Table Weak         Min:  0.0, Avg:  0.0, Max:  0.0, Diff:  0.0, Sum:  0.0, Workers: 4
[242.212s][debug][gc,phases      ] GC(25)     Dead                           Min: 0, Avg:  0.0, Max: 0, Diff: 0, Sum: 0, Workers: 4
[242.212s][debug][gc,phases      ] GC(25)     Total                          Min: 0, Avg:  0.0, Max: 0, Diff: 0, Sum: 0, Workers: 4
[242.212s][debug][gc,phases      ] GC(25)   StringDedup Requests0 Weak     Min:  0.0, Avg:  0.0, Max:  0.0, Diff:  0.0, Sum:  0.0, Workers: 4
[242.212s][debug][gc,phases      ] GC(25)     Dead                           Min: 0, Avg:  0.0, Max: 0, Diff: 0, Sum: 0, Workers: 4
[242.212s][debug][gc,phases      ] GC(25)     Total                          Min: 0, Avg:  0.0, Max: 0, Diff: 0, Sum: 0, Workers: 4
[242.212s][debug][gc,phases      ] GC(25)   StringDedup Requests1 Weak     Min:  0.0, Avg:  0.0, Max:  0.0, Diff:  0.0, Sum:  0.0, Workers: 4
[242.212s][debug][gc,phases      ] GC(25)     Dead                           Min: 0, Avg:  0.0, Max: 0, Diff: 0, Sum: 0, Workers: 4
[242.212s][debug][gc,phases      ] GC(25)     Total                          Min: 0, Avg:  0.0, Max: 0, Diff: 0, Sum: 0, Workers: 4
[242.212s][debug][gc,phases      ] GC(25)   Weak JFR Old Object Samples    Min:  0.0, Avg:  0.0, Max:  0.0, Diff:  0.0, Sum:  0.0, Workers: 4
[242.212s][debug][gc,phases      ] GC(25)     Dead                           Min: 0, Avg:  0.0, Max: 0, Diff: 0, Sum: 0, Workers: 4
[242.212s][debug][gc,phases      ] GC(25)     Total                          Min: 0, Avg:  0.0, Max: 0, Diff: 0, Sum: 0, Workers: 4
[242.212s][debug][gc,phases      ] GC(25) Weak Processing 0.324ms
[242.212s][debug][gc,age         ] GC(25) Desired survivor size 267911168 bytes, new threshold 15 (max threshold 15)
[242.212s][info ][gc,heap        ] GC(25) PSYoungGen: 1501472K(1792000K)->256K(1835520K) Eden: 1501184K(1501184K)->0K(1559552K) From: 288K(290816K)->256K(275968K)
[242.212s][info ][gc,heap        ] GC(25) ParOldGen: 233248K(343552K)->233248K(343552K)
[242.212s][info ][gc,metaspace   ] GC(25) Metaspace: 79540K(80384K)->79540K(80384K) NonClass: 67869K(68288K)->67869K(68288K) Class: 11670K(12096K)->11670K(12096K)
[242.212s][info ][gc             ] GC(25) Pause Young (Allocation Failure) 1694M->228M(2128M) 1.604ms
[242.212s][info ][gc,cpu         ] GC(25) User=0.01s Sys=0.00s Real=0.00s
[242.212s][info ][safepoint      ] Safepoint "ParallelGCFailedAllocation", Time since last: 1547459525 ns, Reaching safepoint: 3900 ns, Cleanup: 33500 ns, At safepoint: 1659099 ns, Total: 1696499 ns
[246.213s][info ][safepoint      ] Safepoint "Cleanup", Time since last: 4000287346 ns, Reaching safepoint: 72900 ns, Cleanup: 35100 ns, At safepoint: 7100 ns, Total: 115100 ns
[252.213s][info ][safepoint      ] Safepoint "Cleanup", Time since last: 6000459419 ns, Reaching safepoint: 4600 ns, Cleanup: 39600 ns, At safepoint: 5000 ns, Total: 49200 ns
[253.214s][info ][safepoint      ] Safepoint "Cleanup", Time since last: 1000116686 ns, Reaching safepoint: 5200 ns, Cleanup: 35700 ns, At safepoint: 3000 ns, Total: 43900 ns
[257.312s][info ][gc,start       ] GC(26) Pause Young (Allocation Failure)
[257.313s][debug][gc,phases      ] GC(26) Scavenge 1.166ms
[257.313s][debug][gc,ref         ] GC(26) Skipped phase 1 of Reference Processing: no references
[257.313s][debug][gc,ref         ] GC(26) Skipped phase 2 of Reference Processing: no references
[257.313s][debug][gc,ref         ] GC(26) Skipped phase 3 of Reference Processing: no references
[257.313s][debug][gc,ref         ] GC(26) Skipped phase 4 of Reference Processing: no references
[257.313s][debug][gc,phases      ] GC(26) Reference Processing 0.030ms
[257.314s][debug][gc,phases      ] GC(26)   VM Weak                        Min:  0.0, Avg:  0.0, Max:  0.0, Diff:  0.0, Sum:  0.0, Workers: 4
[257.314s][debug][gc,phases      ] GC(26)     Dead                           Min: 0, Avg:  0.0, Max: 0, Diff: 0, Sum: 0, Workers: 4
[257.314s][debug][gc,phases      ] GC(26)     Total                          Min: 0, Avg: 171.5, Max: 686, Diff: 686, Sum: 686, Workers: 4
[257.314s][debug][gc,phases      ] GC(26)   ObjectSynchronizer Weak        Min:  0.0, Avg:  0.0, Max:  0.0, Diff:  0.0, Sum:  0.0, Workers: 4
[257.314s][debug][gc,phases      ] GC(26)     Dead                           Min: 0, Avg:  0.0, Max: 0, Diff: 0, Sum: 0, Workers: 4
[257.314s][debug][gc,phases      ] GC(26)     Total                          Min: 0, Avg:  1.0, Max: 4, Diff: 4, Sum: 4, Workers: 4
[257.314s][debug][gc,phases      ] GC(26)   JVMTI Tag Weak OopStorage      Min:  0.0, Avg:  0.0, Max:  0.0, Diff:  0.0, Sum:  0.0, Workers: 4
[257.314s][debug][gc,phases      ] GC(26)     Dead                           Min: 0, Avg:  0.0, Max: 0, Diff: 0, Sum: 0, Workers: 4
[257.314s][debug][gc,phases      ] GC(26)     Total                          Min: 0, Avg:  0.0, Max: 0, Diff: 0, Sum: 0, Workers: 4
[257.314s][debug][gc,phases      ] GC(26)   StringTable Weak               Min:  0.0, Avg:  0.1, Max:  0.2, Diff:  0.2, Sum:  0.4, Workers: 4
[257.314s][debug][gc,phases      ] GC(26)     Dead                           Min: 0, Avg:  0.0, Max: 0, Diff: 0, Sum: 0, Workers: 4
[257.314s][debug][gc,phases      ] GC(26)     Total                          Min: 0, Avg: 10620.0, Max: 22400, Diff: 22400, Sum: 42480, Workers: 4
[257.314s][debug][gc,phases      ] GC(26)   ResolvedMethodTable Weak       Min:  0.0, Avg:  0.0, Max:  0.0, Diff:  0.0, Sum:  0.1, Workers: 4
[257.314s][debug][gc,phases      ] GC(26)     Dead                           Min: 0, Avg:  0.0, Max: 0, Diff: 0, Sum: 0, Workers: 4
[257.314s][debug][gc,phases      ] GC(26)     Total                          Min: 0, Avg: 2282.8, Max: 4672, Diff: 4672, Sum: 9131, Workers: 4
[257.314s][debug][gc,phases      ] GC(26)   JNI Weak                       Min:  0.0, Avg:  0.0, Max:  0.0, Diff:  0.0, Sum:  0.0, Workers: 4
[257.314s][debug][gc,phases      ] GC(26)     Dead                           Min: 0, Avg:  0.0, Max: 0, Diff: 0, Sum: 0, Workers: 4
[257.314s][debug][gc,phases      ] GC(26)     Total                          Min: 0, Avg: 11.2, Max: 45, Diff: 45, Sum: 45, Workers: 4
[257.314s][debug][gc,phases      ] GC(26)   StringDedup Table Weak         Min:  0.0, Avg:  0.0, Max:  0.0, Diff:  0.0, Sum:  0.0, Workers: 4
[257.314s][debug][gc,phases      ] GC(26)     Dead                           Min: 0, Avg:  0.0, Max: 0, Diff: 0, Sum: 0, Workers: 4
[257.314s][debug][gc,phases      ] GC(26)     Total                          Min: 0, Avg:  0.0, Max: 0, Diff: 0, Sum: 0, Workers: 4
[257.314s][debug][gc,phases      ] GC(26)   StringDedup Requests0 Weak     Min:  0.0, Avg:  0.0, Max:  0.0, Diff:  0.0, Sum:  0.0, Workers: 4
[257.314s][debug][gc,phases      ] GC(26)     Dead                           Min: 0, Avg:  0.0, Max: 0, Diff: 0, Sum: 0, Workers: 4
[257.314s][debug][gc,phases      ] GC(26)     Total                          Min: 0, Avg:  0.0, Max: 0, Diff: 0, Sum: 0, Workers: 4
[257.314s][debug][gc,phases      ] GC(26)   StringDedup Requests1 Weak     Min:  0.0, Avg:  0.0, Max:  0.0, Diff:  0.0, Sum:  0.0, Workers: 4
[257.314s][debug][gc,phases      ] GC(26)     Dead                           Min: 0, Avg:  0.0, Max: 0, Diff: 0, Sum: 0, Workers: 4
[257.314s][debug][gc,phases      ] GC(26)     Total                          Min: 0, Avg:  0.0, Max: 0, Diff: 0, Sum: 0, Workers: 4
[257.314s][debug][gc,phases      ] GC(26)   Weak JFR Old Object Samples    Min:  0.0, Avg:  0.0, Max:  0.0, Diff:  0.0, Sum:  0.0, Workers: 4
[257.314s][debug][gc,phases      ] GC(26)     Dead                           Min: 0, Avg:  0.0, Max: 0, Diff: 0, Sum: 0, Workers: 4
[257.314s][debug][gc,phases      ] GC(26)     Total                          Min: 0, Avg:  0.0, Max: 0, Diff: 0, Sum: 0, Workers: 4
[257.314s][debug][gc,phases      ] GC(26) Weak Processing 0.486ms
[257.314s][debug][gc,age         ] GC(26) Desired survivor size 253231104 bytes, new threshold 15 (max threshold 15)
[257.314s][info ][gc,heap        ] GC(26) PSYoungGen: 1559808K(1835520K)->256K(1821184K) Eden: 1559552K(1559552K)->0K(1559552K) From: 256K(275968K)->256K(261632K)
[257.314s][info ][gc,heap        ] GC(26) ParOldGen: 233248K(343552K)->233256K(343552K)
[257.314s][info ][gc,metaspace   ] GC(26) Metaspace: 79551K(80448K)->79551K(80448K) NonClass: 67880K(68352K)->67880K(68352K) Class: 11670K(12096K)->11670K(12096K)
[257.314s][info ][gc             ] GC(26) Pause Young (Allocation Failure) 1751M->228M(2114M) 1.802ms
[257.314s][info ][gc,cpu         ] GC(26) User=0.00s Sys=0.00s Real=0.00s
[257.314s][info ][safepoint      ] Safepoint "ParallelGCFailedAllocation", Time since last: 4098349734 ns, Reaching safepoint: 4800 ns, Cleanup: 71300 ns, At safepoint: 1868299 ns, Total: 1944399 ns
[262.314s][info ][safepoint      ] Safepoint "Cleanup", Time since last: 5000355733 ns, Reaching safepoint: 80400 ns, Cleanup: 48000 ns, At safepoint: 5800 ns, Total: 134200 ns
[263.314s][info ][safepoint      ] Safepoint "Cleanup", Time since last: 1000129086 ns, Reaching safepoint: 4800 ns, Cleanup: 41300 ns, At safepoint: 2400 ns, Total: 48500 ns
[270.315s][info ][safepoint      ] Safepoint "Cleanup", Time since last: 7000493911 ns, Reaching safepoint: 3600 ns, Cleanup: 27300 ns, At safepoint: 3400 ns, Total: 34300 ns
[271.315s][info ][safepoint      ] Safepoint "Cleanup", Time since last: 1000106587 ns, Reaching safepoint: 4400 ns, Cleanup: 31300 ns, At safepoint: 2000 ns, Total: 37700 ns
[272.460s][info ][gc,start       ] GC(27) Pause Young (Allocation Failure)
[272.462s][debug][gc,phases      ] GC(27) Scavenge 1.048ms
[272.462s][debug][gc,ref         ] GC(27) Skipped phase 1 of Reference Processing: no references
[272.462s][debug][gc,ref         ] GC(27) Skipped phase 2 of Reference Processing: no references
[272.462s][debug][gc,ref         ] GC(27) Skipped phase 3 of Reference Processing: no references
[272.462s][debug][gc,ref         ] GC(27) Skipped phase 4 of Reference Processing: no references
[272.462s][debug][gc,phases      ] GC(27) Reference Processing 0.020ms
[272.462s][debug][gc,phases      ] GC(27)   VM Weak                        Min:  0.0, Avg:  0.0, Max:  0.0, Diff:  0.0, Sum:  0.0, Workers: 4
[272.462s][debug][gc,phases      ] GC(27)     Dead                           Min: 0, Avg:  0.0, Max: 0, Diff: 0, Sum: 0, Workers: 4
[272.462s][debug][gc,phases      ] GC(27)     Total                          Min: 0, Avg: 171.5, Max: 558, Diff: 558, Sum: 686, Workers: 4
[272.462s][debug][gc,phases      ] GC(27)   ObjectSynchronizer Weak        Min:  0.0, Avg:  0.0, Max:  0.0, Diff:  0.0, Sum:  0.0, Workers: 4
[272.462s][debug][gc,phases      ] GC(27)     Dead                           Min: 0, Avg:  0.0, Max: 0, Diff: 0, Sum: 0, Workers: 4
[272.462s][debug][gc,phases      ] GC(27)     Total                          Min: 0, Avg:  1.0, Max: 4, Diff: 4, Sum: 4, Workers: 4
[272.462s][debug][gc,phases      ] GC(27)   JVMTI Tag Weak OopStorage      Min:  0.0, Avg:  0.0, Max:  0.0, Diff:  0.0, Sum:  0.0, Workers: 4
[272.462s][debug][gc,phases      ] GC(27)     Dead                           Min: 0, Avg:  0.0, Max: 0, Diff: 0, Sum: 0, Workers: 4
[272.462s][debug][gc,phases      ] GC(27)     Total                          Min: 0, Avg:  0.0, Max: 0, Diff: 0, Sum: 0, Workers: 4
[272.462s][debug][gc,phases      ] GC(27)   StringTable Weak               Min:  0.0, Avg:  0.1, Max:  0.2, Diff:  0.2, Sum:  0.3, Workers: 4
[272.462s][debug][gc,phases      ] GC(27)     Dead                           Min: 0, Avg:  0.0, Max: 0, Diff: 0, Sum: 0, Workers: 4
[272.462s][debug][gc,phases      ] GC(27)     Total                          Min: 0, Avg: 10623.5, Max: 26494, Diff: 26494, Sum: 42494, Workers: 4
[272.462s][debug][gc,phases      ] GC(27)   ResolvedMethodTable Weak       Min:  0.0, Avg:  0.0, Max:  0.0, Diff:  0.0, Sum:  0.1, Workers: 4
[272.462s][debug][gc,phases      ] GC(27)     Dead                           Min: 0, Avg:  0.0, Max: 0, Diff: 0, Sum: 0, Workers: 4
[272.462s][debug][gc,phases      ] GC(27)     Total                          Min: 0, Avg: 2282.8, Max: 5611, Diff: 5611, Sum: 9131, Workers: 4
[272.462s][debug][gc,phases      ] GC(27)   JNI Weak                       Min:  0.0, Avg:  0.0, Max:  0.0, Diff:  0.0, Sum:  0.0, Workers: 4
[272.462s][debug][gc,phases      ] GC(27)     Dead                           Min: 0, Avg:  0.0, Max: 0, Diff: 0, Sum: 0, Workers: 4
[272.462s][debug][gc,phases      ] GC(27)     Total                          Min: 0, Avg: 11.2, Max: 45, Diff: 45, Sum: 45, Workers: 4
[272.462s][debug][gc,phases      ] GC(27)   StringDedup Table Weak         Min:  0.0, Avg:  0.0, Max:  0.0, Diff:  0.0, Sum:  0.0, Workers: 4
[272.462s][debug][gc,phases      ] GC(27)     Dead                           Min: 0, Avg:  0.0, Max: 0, Diff: 0, Sum: 0, Workers: 4
[272.462s][debug][gc,phases      ] GC(27)     Total                          Min: 0, Avg:  0.0, Max: 0, Diff: 0, Sum: 0, Workers: 4
[272.462s][debug][gc,phases      ] GC(27)   StringDedup Requests0 Weak     Min:  0.0, Avg:  0.0, Max:  0.0, Diff:  0.0, Sum:  0.0, Workers: 4
[272.462s][debug][gc,phases      ] GC(27)     Dead                           Min: 0, Avg:  0.0, Max: 0, Diff: 0, Sum: 0, Workers: 4
[272.462s][debug][gc,phases      ] GC(27)     Total                          Min: 0, Avg:  0.0, Max: 0, Diff: 0, Sum: 0, Workers: 4
[272.462s][debug][gc,phases      ] GC(27)   StringDedup Requests1 Weak     Min:  0.0, Avg:  0.0, Max:  0.0, Diff:  0.0, Sum:  0.0, Workers: 4
[272.462s][debug][gc,phases      ] GC(27)     Dead                           Min: 0, Avg:  0.0, Max: 0, Diff: 0, Sum: 0, Workers: 4
[272.462s][debug][gc,phases      ] GC(27)     Total                          Min: 0, Avg:  0.0, Max: 0, Diff: 0, Sum: 0, Workers: 4
[272.462s][debug][gc,phases      ] GC(27)   Weak JFR Old Object Samples    Min:  0.0, Avg:  0.0, Max:  0.0, Diff:  0.0, Sum:  0.0, Workers: 4
[272.462s][debug][gc,phases      ] GC(27)     Dead                           Min: 0, Avg:  0.0, Max: 0, Diff: 0, Sum: 0, Workers: 4
[272.462s][debug][gc,phases      ] GC(27)     Total                          Min: 0, Avg:  0.0, Max: 0, Diff: 0, Sum: 0, Workers: 4
[272.462s][debug][gc,phases      ] GC(27) Weak Processing 0.352ms
[272.462s][debug][gc,age         ] GC(27) Desired survivor size 238551040 bytes, new threshold 15 (max threshold 15)
[272.462s][info ][gc,heap        ] GC(27) PSYoungGen: 1559808K(1821184K)->256K(1864192K) Eden: 1559552K(1559552K)->0K(1616896K) From: 256K(261632K)->256K(247296K)
[272.462s][info ][gc,heap        ] GC(27) ParOldGen: 233256K(343552K)->233256K(343552K)
[272.462s][info ][gc,metaspace   ] GC(27) Metaspace: 79554K(80448K)->79554K(80448K) NonClass: 67884K(68352K)->67884K(68352K) Class: 11670K(12096K)->11670K(12096K)
[272.462s][info ][gc             ] GC(27) Pause Young (Allocation Failure) 1751M->228M(2156M) 1.508ms
[272.462s][info ][gc,cpu         ] GC(27) User=0.01s Sys=0.00s Real=0.00s
[272.462s][info ][safepoint      ] Safepoint "ParallelGCFailedAllocation", Time since last: 1145235172 ns, Reaching safepoint: 4700 ns, Cleanup: 41300 ns, At safepoint: 1566200 ns, Total: 1612200 ns
[273.462s][info ][safepoint      ] Safepoint "Cleanup", Time since last: 1000093487 ns, Reaching safepoint: 79500 ns, Cleanup: 44500 ns, At safepoint: 5500 ns, Total: 129500 ns
[274.462s][info ][safepoint      ] Safepoint "Cleanup", Time since last: 1000119888 ns, Reaching safepoint: 72400 ns, Cleanup: 48400 ns, At safepoint: 8300 ns, Total: 129100 ns
[276.463s][info ][safepoint      ] Safepoint "Cleanup", Time since last: 2000185184 ns, Reaching safepoint: 78100 ns, Cleanup: 39900 ns, At safepoint: 5600 ns, Total: 123600 ns
[277.463s][info ][safepoint      ] Safepoint "Cleanup", Time since last: 1000117892 ns, Reaching safepoint: 5000 ns, Cleanup: 35500 ns, At safepoint: 4900 ns, Total: 45400 ns
[280.464s][info ][safepoint      ] Safepoint "Cleanup", Time since last: 3000980177 ns, Reaching safepoint: 77200 ns, Cleanup: 70700 ns, At safepoint: 8300 ns, Total: 156200 ns
[284.464s][info ][safepoint      ] Safepoint "Cleanup", Time since last: 4000293957 ns, Reaching safepoint: 4300 ns, Cleanup: 32300 ns, At safepoint: 1900 ns, Total: 38500 ns
[287.465s][info ][safepoint      ] Safepoint "Cleanup", Time since last: 3000230356 ns, Reaching safepoint: 5200 ns, Cleanup: 43600 ns, At safepoint: 4800 ns, Total: 53600 ns
[288.160s][info ][gc,start       ] GC(28) Pause Young (Allocation Failure)
[288.161s][debug][gc,phases      ] GC(28) Scavenge 1.384ms
[288.161s][debug][gc,ref         ] GC(28) Skipped phase 1 of Reference Processing: no references
[288.161s][debug][gc,ref         ] GC(28) Skipped phase 2 of Reference Processing: no references
[288.161s][debug][gc,ref         ] GC(28) Skipped phase 3 of Reference Processing: no references
[288.161s][debug][gc,ref         ] GC(28) Skipped phase 4 of Reference Processing: no references
[288.161s][debug][gc,phases      ] GC(28) Reference Processing 0.020ms
[288.161s][debug][gc,phases      ] GC(28)   VM Weak                        Min:  0.0, Avg:  0.0, Max:  0.0, Diff:  0.0, Sum:  0.0, Workers: 4
[288.161s][debug][gc,phases      ] GC(28)     Dead                           Min: 0, Avg:  0.0, Max: 0, Diff: 0, Sum: 0, Workers: 4
[288.161s][debug][gc,phases      ] GC(28)     Total                          Min: 0, Avg: 171.5, Max: 559, Diff: 559, Sum: 686, Workers: 4
[288.161s][debug][gc,phases      ] GC(28)   ObjectSynchronizer Weak        Min:  0.0, Avg:  0.0, Max:  0.0, Diff:  0.0, Sum:  0.0, Workers: 4
[288.161s][debug][gc,phases      ] GC(28)     Dead                           Min: 0, Avg:  0.0, Max: 0, Diff: 0, Sum: 0, Workers: 4
[288.161s][debug][gc,phases      ] GC(28)     Total                          Min: 0, Avg:  1.0, Max: 4, Diff: 4, Sum: 4, Workers: 4
[288.161s][debug][gc,phases      ] GC(28)   JVMTI Tag Weak OopStorage      Min:  0.0, Avg:  0.0, Max:  0.0, Diff:  0.0, Sum:  0.0, Workers: 4
[288.161s][debug][gc,phases      ] GC(28)     Dead                           Min: 0, Avg:  0.0, Max: 0, Diff: 0, Sum: 0, Workers: 4
[288.161s][debug][gc,phases      ] GC(28)     Total                          Min: 0, Avg:  0.0, Max: 0, Diff: 0, Sum: 0, Workers: 4
[288.161s][debug][gc,phases      ] GC(28)   StringTable Weak               Min:  0.0, Avg:  0.1, Max:  0.1, Diff:  0.1, Sum:  0.4, Workers: 4
[288.161s][debug][gc,phases      ] GC(28)     Dead                           Min: 0, Avg:  0.0, Max: 0, Diff: 0, Sum: 0, Workers: 4
[288.161s][debug][gc,phases      ] GC(28)     Total                          Min: 0, Avg: 10627.8, Max: 15232, Diff: 15232, Sum: 42511, Workers: 4
[288.161s][debug][gc,phases      ] GC(28)   ResolvedMethodTable Weak       Min:  0.0, Avg:  0.0, Max:  0.0, Diff:  0.0, Sum:  0.1, Workers: 4
[288.161s][debug][gc,phases      ] GC(28)     Dead                           Min: 0, Avg:  0.0, Max: 0, Diff: 0, Sum: 0, Workers: 4
[288.161s][debug][gc,phases      ] GC(28)     Total                          Min: 0, Avg: 2282.8, Max: 3499, Diff: 3499, Sum: 9131, Workers: 4
[288.161s][debug][gc,phases      ] GC(28)   JNI Weak                       Min:  0.0, Avg:  0.0, Max:  0.0, Diff:  0.0, Sum:  0.0, Workers: 4
[288.161s][debug][gc,phases      ] GC(28)     Dead                           Min: 0, Avg:  0.0, Max: 0, Diff: 0, Sum: 0, Workers: 4
[288.161s][debug][gc,phases      ] GC(28)     Total                          Min: 0, Avg: 11.2, Max: 45, Diff: 45, Sum: 45, Workers: 4
[288.161s][debug][gc,phases      ] GC(28)   StringDedup Table Weak         Min:  0.0, Avg:  0.0, Max:  0.0, Diff:  0.0, Sum:  0.0, Workers: 4
[288.161s][debug][gc,phases      ] GC(28)     Dead                           Min: 0, Avg:  0.0, Max: 0, Diff: 0, Sum: 0, Workers: 4
[288.161s][debug][gc,phases      ] GC(28)     Total                          Min: 0, Avg:  0.0, Max: 0, Diff: 0, Sum: 0, Workers: 4
[288.161s][debug][gc,phases      ] GC(28)   StringDedup Requests0 Weak     Min:  0.0, Avg:  0.0, Max:  0.0, Diff:  0.0, Sum:  0.0, Workers: 4
[288.161s][debug][gc,phases      ] GC(28)     Dead                           Min: 0, Avg:  0.0, Max: 0, Diff: 0, Sum: 0, Workers: 4
[288.161s][debug][gc,phases      ] GC(28)     Total                          Min: 0, Avg:  0.0, Max: 0, Diff: 0, Sum: 0, Workers: 4
[288.161s][debug][gc,phases      ] GC(28)   StringDedup Requests1 Weak     Min:  0.0, Avg:  0.0, Max:  0.0, Diff:  0.0, Sum:  0.0, Workers: 4
[288.161s][debug][gc,phases      ] GC(28)     Dead                           Min: 0, Avg:  0.0, Max: 0, Diff: 0, Sum: 0, Workers: 4
[288.161s][debug][gc,phases      ] GC(28)     Total                          Min: 0, Avg:  0.0, Max: 0, Diff: 0, Sum: 0, Workers: 4
[288.161s][debug][gc,phases      ] GC(28)   Weak JFR Old Object Samples    Min:  0.0, Avg:  0.0, Max:  0.0, Diff:  0.0, Sum:  0.0, Workers: 4
[288.161s][debug][gc,phases      ] GC(28)     Dead                           Min: 0, Avg:  0.0, Max: 0, Diff: 0, Sum: 0, Workers: 4
[288.161s][debug][gc,phases      ] GC(28)     Total                          Min: 0, Avg:  0.0, Max: 0, Diff: 0, Sum: 0, Workers: 4
[288.161s][debug][gc,phases      ] GC(28) Weak Processing 0.324ms
[288.161s][debug][gc,age         ] GC(28) Desired survivor size 224395264 bytes, new threshold 15 (max threshold 15)
[288.161s][info ][gc,heap        ] GC(28) PSYoungGen: 1617152K(1864192K)->192K(1849856K) Eden: 1616896K(1616896K)->0K(1616896K) From: 256K(247296K)->192K(232960K)
[288.161s][info ][gc,heap        ] GC(28) ParOldGen: 233256K(343552K)->233376K(343552K)
[288.161s][info ][gc,metaspace   ] GC(28) Metaspace: 79559K(80448K)->79559K(80448K) NonClass: 67888K(68352K)->67888K(68352K) Class: 11670K(12096K)->11670K(12096K)
[288.161s][info ][gc             ] GC(28) Pause Young (Allocation Failure) 1807M->228M(2142M) 1.817ms
[288.161s][info ][gc,cpu         ] GC(28) User=0.00s Sys=0.00s Real=0.01s
[288.161s][info ][safepoint      ] Safepoint "ParallelGCFailedAllocation", Time since last: 694827120 ns, Reaching safepoint: 4600 ns, Cleanup: 36000 ns, At safepoint: 1874500 ns, Total: 1915100 ns
[303.812s][info ][gc,start       ] GC(29) Pause Young (Allocation Failure)
[303.813s][debug][gc,phases      ] GC(29) Scavenge 0.984ms
[303.813s][debug][gc,ref         ] GC(29) Skipped phase 1 of Reference Processing: no references
[303.813s][debug][gc,ref         ] GC(29) Skipped phase 2 of Reference Processing: no references
[303.813s][debug][gc,ref         ] GC(29) Skipped phase 3 of Reference Processing: no references
[303.813s][debug][gc,ref         ] GC(29) Skipped phase 4 of Reference Processing: no references
[303.813s][debug][gc,phases      ] GC(29) Reference Processing 0.019ms
[303.813s][debug][gc,phases      ] GC(29)   VM Weak                        Min:  0.0, Avg:  0.0, Max:  0.0, Diff:  0.0, Sum:  0.0, Workers: 4
[303.813s][debug][gc,phases      ] GC(29)     Dead                           Min: 0, Avg:  0.0, Max: 0, Diff: 0, Sum: 0, Workers: 4
[303.813s][debug][gc,phases      ] GC(29)     Total                          Min: 0, Avg: 171.5, Max: 383, Diff: 383, Sum: 686, Workers: 4
[303.813s][debug][gc,phases      ] GC(29)   ObjectSynchronizer Weak        Min:  0.0, Avg:  0.0, Max:  0.0, Diff:  0.0, Sum:  0.0, Workers: 4
[303.813s][debug][gc,phases      ] GC(29)     Dead                           Min: 0, Avg:  0.0, Max: 0, Diff: 0, Sum: 0, Workers: 4
[303.813s][debug][gc,phases      ] GC(29)     Total                          Min: 0, Avg:  1.0, Max: 4, Diff: 4, Sum: 4, Workers: 4
[303.813s][debug][gc,phases      ] GC(29)   JVMTI Tag Weak OopStorage      Min:  0.0, Avg:  0.0, Max:  0.0, Diff:  0.0, Sum:  0.0, Workers: 4
[303.813s][debug][gc,phases      ] GC(29)     Dead                           Min: 0, Avg:  0.0, Max: 0, Diff: 0, Sum: 0, Workers: 4
[303.813s][debug][gc,phases      ] GC(29)     Total                          Min: 0, Avg:  0.0, Max: 0, Diff: 0, Sum: 0, Workers: 4
[303.813s][debug][gc,phases      ] GC(29)   StringTable Weak               Min:  0.0, Avg:  0.1, Max:  0.2, Diff:  0.2, Sum:  0.3, Workers: 4
[303.813s][debug][gc,phases      ] GC(29)     Dead                           Min: 0, Avg:  0.0, Max: 0, Diff: 0, Sum: 0, Workers: 4
[303.813s][debug][gc,phases      ] GC(29)     Total                          Min: 0, Avg: 10636.8, Max: 26304, Diff: 26304, Sum: 42547, Workers: 4
[303.813s][debug][gc,phases      ] GC(29)   ResolvedMethodTable Weak       Min:  0.0, Avg:  0.0, Max:  0.0, Diff:  0.0, Sum:  0.1, Workers: 4
[303.813s][debug][gc,phases      ] GC(29)     Dead                           Min: 0, Avg:  0.0, Max: 0, Diff: 0, Sum: 0, Workers: 4
[303.813s][debug][gc,phases      ] GC(29)     Total                          Min: 0, Avg: 2282.8, Max: 4588, Diff: 4588, Sum: 9131, Workers: 4
[303.813s][debug][gc,phases      ] GC(29)   JNI Weak                       Min:  0.0, Avg:  0.0, Max:  0.0, Diff:  0.0, Sum:  0.0, Workers: 4
[303.813s][debug][gc,phases      ] GC(29)     Dead                           Min: 0, Avg:  0.0, Max: 0, Diff: 0, Sum: 0, Workers: 4
[303.813s][debug][gc,phases      ] GC(29)     Total                          Min: 0, Avg: 11.2, Max: 45, Diff: 45, Sum: 45, Workers: 4
[303.813s][debug][gc,phases      ] GC(29)   StringDedup Table Weak         Min:  0.0, Avg:  0.0, Max:  0.0, Diff:  0.0, Sum:  0.0, Workers: 4
[303.813s][debug][gc,phases      ] GC(29)     Dead                           Min: 0, Avg:  0.0, Max: 0, Diff: 0, Sum: 0, Workers: 4
[303.813s][debug][gc,phases      ] GC(29)     Total                          Min: 0, Avg:  0.0, Max: 0, Diff: 0, Sum: 0, Workers: 4
[303.813s][debug][gc,phases      ] GC(29)   StringDedup Requests0 Weak     Min:  0.0, Avg:  0.0, Max:  0.0, Diff:  0.0, Sum:  0.0, Workers: 4
[303.813s][debug][gc,phases      ] GC(29)     Dead                           Min: 0, Avg:  0.0, Max: 0, Diff: 0, Sum: 0, Workers: 4
[303.813s][debug][gc,phases      ] GC(29)     Total                          Min: 0, Avg:  0.0, Max: 0, Diff: 0, Sum: 0, Workers: 4
[303.813s][debug][gc,phases      ] GC(29)   StringDedup Requests1 Weak     Min:  0.0, Avg:  0.0, Max:  0.0, Diff:  0.0, Sum:  0.0, Workers: 4
[303.813s][debug][gc,phases      ] GC(29)     Dead                           Min: 0, Avg:  0.0, Max: 0, Diff: 0, Sum: 0, Workers: 4
[303.813s][debug][gc,phases      ] GC(29)     Total                          Min: 0, Avg:  0.0, Max: 0, Diff: 0, Sum: 0, Workers: 4
[303.813s][debug][gc,phases      ] GC(29)   Weak JFR Old Object Samples    Min:  0.0, Avg:  0.0, Max:  0.0, Diff:  0.0, Sum:  0.0, Workers: 4
[303.813s][debug][gc,phases      ] GC(29)     Dead                           Min: 0, Avg:  0.0, Max: 0, Diff: 0, Sum: 0, Workers: 4
[303.813s][debug][gc,phases      ] GC(29)     Total                          Min: 0, Avg:  0.0, Max: 0, Diff: 0, Sum: 0, Workers: 4
[303.813s][debug][gc,phases      ] GC(29) Weak Processing 0.365ms
[303.813s][debug][gc,age         ] GC(29) Desired survivor size 210763776 bytes, new threshold 15 (max threshold 15)
[303.813s][info ][gc,heap        ] GC(29) PSYoungGen: 1617088K(1849856K)->128K(1891328K) Eden: 1616896K(1616896K)->0K(1672192K) From: 192K(232960K)->128K(219136K)
[303.813s][info ][gc,heap        ] GC(29) ParOldGen: 233376K(343552K)->233400K(343552K)
[303.813s][info ][gc,metaspace   ] GC(29) Metaspace: 79559K(80448K)->79559K(80448K) NonClass: 67888K(68352K)->67888K(68352K) Class: 11670K(12096K)->11670K(12096K)
[303.813s][info ][gc             ] GC(29) Pause Young (Allocation Failure) 1807M->228M(2182M) 1.459ms
[303.813s][info ][gc,cpu         ] GC(29) User=0.00s Sys=0.00s Real=0.00s
[303.813s][info ][safepoint      ] Safepoint "ParallelGCFailedAllocation", Time since last: 15650130867 ns, Reaching safepoint: 4000 ns, Cleanup: 28900 ns, At safepoint: 1515599 ns, Total: 1548499 ns
[311.322s][info ][safepoint      ] Safepoint "Cleanup", Time since last: 7508785856 ns, Reaching safepoint: 2100 ns, Cleanup: 37100 ns, At safepoint: 4200 ns, Total: 43400 ns
[312.329s][info ][safepoint      ] Safepoint "Cleanup", Time since last: 1006674386 ns, Reaching safepoint: 3800 ns, Cleanup: 123000 ns, At safepoint: 7600 ns, Total: 134400 ns
[314.881s][info ][safepoint      ] Safepoint "Cleanup", Time since last: 2551844809 ns, Reaching safepoint: 77500 ns, Cleanup: 149900 ns, At safepoint: 12100 ns, Total: 239500 ns
[315.050s][info ][safepoint      ] Safepoint "ICBufferFull", Time since last: 168957280 ns, Reaching safepoint: 4800 ns, Cleanup: 192800 ns, At safepoint: 6700 ns, Total: 204300 ns
[316.050s][info ][safepoint      ] Safepoint "Cleanup", Time since last: 1000089281 ns, Reaching safepoint: 4000 ns, Cleanup: 139200 ns, At safepoint: 6700 ns, Total: 149900 ns
[317.050s][info ][safepoint      ] Safepoint "Cleanup", Time since last: 1000104080 ns, Reaching safepoint: 3900 ns, Cleanup: 79700 ns, At safepoint: 6600 ns, Total: 90200 ns
[318.051s][info ][safepoint      ] Safepoint "Cleanup", Time since last: 1000093381 ns, Reaching safepoint: 3800 ns, Cleanup: 60800 ns, At safepoint: 2100 ns, Total: 66700 ns
[318.261s][info ][gc,start       ] GC(30) Pause Young (Allocation Failure)
[318.267s][debug][gc,phases      ] GC(30) Scavenge 5.997ms
[318.267s][debug][gc,ref         ] GC(30) Skipped phase 1 of Reference Processing: no references
[318.267s][debug][gc,ref         ] GC(30) ReferenceProcessor::execute queues: 1, RefProcThreadModel::Single, marks_oops_alive: false
[318.267s][debug][gc,ref         ] GC(30) Skipped phase 3 of Reference Processing: no references
[318.267s][debug][gc,ref         ] GC(30) ReferenceProcessor::execute queues: 1, RefProcThreadModel::Single, marks_oops_alive: false
[318.267s][debug][gc,phases      ] GC(30) Reference Processing 0.099ms
[318.268s][debug][gc,phases      ] GC(30)   VM Weak                        Min:  0.0, Avg:  0.0, Max:  0.0, Diff:  0.0, Sum:  0.0, Workers: 4
[318.268s][debug][gc,phases      ] GC(30)     Dead                           Min: 0, Avg:  0.0, Max: 0, Diff: 0, Sum: 0, Workers: 4
[318.268s][debug][gc,phases      ] GC(30)     Total                          Min: 0, Avg: 172.0, Max: 432, Diff: 432, Sum: 688, Workers: 4
[318.268s][debug][gc,phases      ] GC(30)   ObjectSynchronizer Weak        Min:  0.0, Avg:  0.0, Max:  0.0, Diff:  0.0, Sum:  0.0, Workers: 4
[318.268s][debug][gc,phases      ] GC(30)     Dead                           Min: 0, Avg:  0.0, Max: 0, Diff: 0, Sum: 0, Workers: 4
[318.268s][debug][gc,phases      ] GC(30)     Total                          Min: 0, Avg:  1.2, Max: 5, Diff: 5, Sum: 5, Workers: 4
[318.268s][debug][gc,phases      ] GC(30)   JVMTI Tag Weak OopStorage      Min:  0.0, Avg:  0.0, Max:  0.0, Diff:  0.0, Sum:  0.0, Workers: 4
[318.268s][debug][gc,phases      ] GC(30)     Dead                           Min: 0, Avg:  0.0, Max: 0, Diff: 0, Sum: 0, Workers: 4
[318.268s][debug][gc,phases      ] GC(30)     Total                          Min: 0, Avg:  0.0, Max: 0, Diff: 0, Sum: 0, Workers: 4
[318.268s][debug][gc,phases      ] GC(30)   StringTable Weak               Min:  0.0, Avg:  0.1, Max:  0.2, Diff:  0.2, Sum:  0.3, Workers: 4
[318.268s][debug][gc,phases      ] GC(30)     Dead                           Min: 0, Avg:  0.5, Max: 2, Diff: 2, Sum: 2, Workers: 4
[318.268s][debug][gc,phases      ] GC(30)     Total                          Min: 0, Avg: 10664.8, Max: 26112, Diff: 26112, Sum: 42659, Workers: 4
[318.268s][debug][gc,phases      ] GC(30)   ResolvedMethodTable Weak       Min:  0.0, Avg:  0.0, Max:  0.0, Diff:  0.0, Sum:  0.1, Workers: 4
[318.268s][debug][gc,phases      ] GC(30)     Dead                           Min: 0, Avg:  0.2, Max: 1, Diff: 1, Sum: 1, Workers: 4
[318.268s][debug][gc,phases      ] GC(30)     Total                          Min: 0, Avg: 2299.2, Max: 5421, Diff: 5421, Sum: 9197, Workers: 4
[318.268s][debug][gc,phases      ] GC(30)   JNI Weak                       Min:  0.0, Avg:  0.0, Max:  0.0, Diff:  0.0, Sum:  0.0, Workers: 4
[318.268s][debug][gc,phases      ] GC(30)     Dead                           Min: 0, Avg:  0.0, Max: 0, Diff: 0, Sum: 0, Workers: 4
[318.268s][debug][gc,phases      ] GC(30)     Total                          Min: 0, Avg: 11.2, Max: 45, Diff: 45, Sum: 45, Workers: 4
[318.268s][debug][gc,phases      ] GC(30)   StringDedup Table Weak         Min:  0.0, Avg:  0.0, Max:  0.0, Diff:  0.0, Sum:  0.0, Workers: 4
[318.268s][debug][gc,phases      ] GC(30)     Dead                           Min: 0, Avg:  0.0, Max: 0, Diff: 0, Sum: 0, Workers: 4
[318.268s][debug][gc,phases      ] GC(30)     Total                          Min: 0, Avg:  0.0, Max: 0, Diff: 0, Sum: 0, Workers: 4
[318.268s][debug][gc,phases      ] GC(30)   StringDedup Requests0 Weak     Min:  0.0, Avg:  0.0, Max:  0.0, Diff:  0.0, Sum:  0.0, Workers: 4
[318.268s][debug][gc,phases      ] GC(30)     Dead                           Min: 0, Avg:  0.0, Max: 0, Diff: 0, Sum: 0, Workers: 4
[318.268s][debug][gc,phases      ] GC(30)     Total                          Min: 0, Avg:  0.0, Max: 0, Diff: 0, Sum: 0, Workers: 4
[318.268s][debug][gc,phases      ] GC(30)   StringDedup Requests1 Weak     Min:  0.0, Avg:  0.0, Max:  0.0, Diff:  0.0, Sum:  0.0, Workers: 4
[318.268s][debug][gc,phases      ] GC(30)     Dead                           Min: 0, Avg:  0.0, Max: 0, Diff: 0, Sum: 0, Workers: 4
[318.268s][debug][gc,phases      ] GC(30)     Total                          Min: 0, Avg:  0.0, Max: 0, Diff: 0, Sum: 0, Workers: 4
[318.268s][debug][gc,phases      ] GC(30)   Weak JFR Old Object Samples    Min:  0.0, Avg:  0.0, Max:  0.0, Diff:  0.0, Sum:  0.0, Workers: 4
[318.268s][debug][gc,phases      ] GC(30)     Dead                           Min: 0, Avg:  0.0, Max: 0, Diff: 0, Sum: 0, Workers: 4
[318.268s][debug][gc,phases      ] GC(30)     Total                          Min: 0, Avg:  0.0, Max: 0, Diff: 0, Sum: 0, Workers: 4
[318.268s][debug][gc,phases      ] GC(30) Weak Processing 0.364ms
[318.268s][debug][gc,age         ] GC(30) Desired survivor size 196608000 bytes, new threshold 15 (max threshold 15)
[318.268s][info ][gc,heap        ] GC(30) PSYoungGen: 1672320K(1891328K)->5612K(1878016K) Eden: 1672192K(1672192K)->0K(1672192K) From: 128K(219136K)->5612K(205824K)
[318.268s][info ][gc,heap        ] GC(30) ParOldGen: 233400K(343552K)->233416K(343552K)
[318.268s][info ][gc,metaspace   ] GC(30) Metaspace: 79940K(80768K)->79940K(80768K) NonClass: 68227K(68672K)->68227K(68672K) Class: 11713K(12096K)->11713K(12096K)
[318.268s][info ][gc             ] GC(30) Pause Young (Allocation Failure) 1861M->233M(2169M) 6.562ms
[318.268s][info ][gc,cpu         ] GC(30) User=0.02s Sys=0.00s Real=0.01s
[318.268s][info ][safepoint      ] Safepoint "ParallelGCFailedAllocation", Time since last: 210653775 ns, Reaching safepoint: 4100 ns, Cleanup: 40000 ns, At safepoint: 6654499 ns, Total: 6698599 ns
[319.268s][info ][safepoint      ] Safepoint "Cleanup", Time since last: 1000077881 ns, Reaching safepoint: 3800 ns, Cleanup: 39900 ns, At safepoint: 2700 ns, Total: 46400 ns
[320.268s][info ][safepoint      ] Safepoint "Cleanup", Time since last: 1000063680 ns, Reaching safepoint: 4100 ns, Cleanup: 33700 ns, At safepoint: 4300 ns, Total: 42100 ns
[321.268s][info ][safepoint      ] Safepoint "Cleanup", Time since last: 1000104481 ns, Reaching safepoint: 4500 ns, Cleanup: 53700 ns, At safepoint: 2800 ns, Total: 61000 ns
[322.665s][info ][safepoint      ] Safepoint "Cleanup", Time since last: 1396937533 ns, Reaching safepoint: 3800 ns, Cleanup: 96300 ns, At safepoint: 4600 ns, Total: 104700 ns
[323.666s][info ][safepoint      ] Safepoint "Cleanup", Time since last: 1000104685 ns, Reaching safepoint: 78300 ns, Cleanup: 43700 ns, At safepoint: 8700 ns, Total: 130700 ns
[325.666s][info ][safepoint      ] Safepoint "Cleanup", Time since last: 2000191270 ns, Reaching safepoint: 4200 ns, Cleanup: 30000 ns, At safepoint: 2600 ns, Total: 36800 ns
[329.666s][info ][safepoint      ] Safepoint "Cleanup", Time since last: 4000322941 ns, Reaching safepoint: 5800 ns, Cleanup: 40700 ns, At safepoint: 4300 ns, Total: 50800 ns
[331.666s][info ][safepoint      ] Safepoint "Cleanup", Time since last: 2000188771 ns, Reaching safepoint: 5300 ns, Cleanup: 38000 ns, At safepoint: 2700 ns, Total: 46000 ns
[332.667s][info ][safepoint      ] Safepoint "Cleanup", Time since last: 1000132585 ns, Reaching safepoint: 5100 ns, Cleanup: 40400 ns, At safepoint: 4100 ns, Total: 49600 ns
[333.011s][info ][gc,start       ] GC(31) Pause Young (Allocation Failure)
[333.015s][debug][gc,phases      ] GC(31) Scavenge 3.446ms
[333.015s][debug][gc,ref         ] GC(31) Skipped phase 1 of Reference Processing: no references
[333.015s][debug][gc,ref         ] GC(31) ReferenceProcessor::execute queues: 1, RefProcThreadModel::Single, marks_oops_alive: false
[333.015s][debug][gc,ref         ] GC(31) ReferenceProcessor::execute queues: 4, RefProcThreadModel::Multi, marks_oops_alive: true
[333.015s][debug][gc,ref         ] GC(31) ReferenceProcessor::execute queues: 1, RefProcThreadModel::Single, marks_oops_alive: false
[333.015s][debug][gc,phases      ] GC(31) Reference Processing 0.218ms
[333.015s][debug][gc,phases      ] GC(31)   VM Weak                        Min:  0.0, Avg:  0.0, Max:  0.0, Diff:  0.0, Sum:  0.0, Workers: 4
[333.015s][debug][gc,phases      ] GC(31)     Dead                           Min: 0, Avg:  0.0, Max: 0, Diff: 0, Sum: 0, Workers: 4
[333.015s][debug][gc,phases      ] GC(31)     Total                          Min: 0, Avg: 172.5, Max: 434, Diff: 434, Sum: 690, Workers: 4
[333.015s][debug][gc,phases      ] GC(31)   ObjectSynchronizer Weak        Min:  0.0, Avg:  0.0, Max:  0.0, Diff:  0.0, Sum:  0.0, Workers: 4
[333.015s][debug][gc,phases      ] GC(31)     Dead                           Min: 0, Avg:  0.2, Max: 1, Diff: 1, Sum: 1, Workers: 4
[333.015s][debug][gc,phases      ] GC(31)     Total                          Min: 0, Avg:  1.5, Max: 6, Diff: 6, Sum: 6, Workers: 4
[333.015s][debug][gc,phases      ] GC(31)   JVMTI Tag Weak OopStorage      Min:  0.0, Avg:  0.0, Max:  0.0, Diff:  0.0, Sum:  0.0, Workers: 4
[333.015s][debug][gc,phases      ] GC(31)     Dead                           Min: 0, Avg:  0.0, Max: 0, Diff: 0, Sum: 0, Workers: 4
[333.015s][debug][gc,phases      ] GC(31)     Total                          Min: 0, Avg:  0.0, Max: 0, Diff: 0, Sum: 0, Workers: 4
[333.015s][debug][gc,phases      ] GC(31)   StringTable Weak               Min:  0.0, Avg:  0.1, Max:  0.1, Diff:  0.1, Sum:  0.3, Workers: 4
[333.015s][debug][gc,phases      ] GC(31)     Dead                           Min: 0, Avg:  1.0, Max: 4, Diff: 4, Sum: 4, Workers: 4
[333.015s][debug][gc,phases      ] GC(31)     Total                          Min: 0, Avg: 10679.8, Max: 26112, Diff: 26112, Sum: 42719, Workers: 4
[333.015s][debug][gc,phases      ] GC(31)   ResolvedMethodTable Weak       Min:  0.0, Avg:  0.0, Max:  0.0, Diff:  0.0, Sum:  0.1, Workers: 4
[333.015s][debug][gc,phases      ] GC(31)     Dead                           Min: 0, Avg:  0.0, Max: 0, Diff: 0, Sum: 0, Workers: 4
[333.015s][debug][gc,phases      ] GC(31)     Total                          Min: 0, Avg: 2314.2, Max: 5632, Diff: 5632, Sum: 9257, Workers: 4
[333.015s][debug][gc,phases      ] GC(31)   JNI Weak                       Min:  0.0, Avg:  0.0, Max:  0.0, Diff:  0.0, Sum:  0.0, Workers: 4
[333.015s][debug][gc,phases      ] GC(31)     Dead                           Min: 0, Avg:  0.0, Max: 0, Diff: 0, Sum: 0, Workers: 4
[333.015s][debug][gc,phases      ] GC(31)     Total                          Min: 0, Avg: 11.2, Max: 45, Diff: 45, Sum: 45, Workers: 4
[333.015s][debug][gc,phases      ] GC(31)   StringDedup Table Weak         Min:  0.0, Avg:  0.0, Max:  0.0, Diff:  0.0, Sum:  0.0, Workers: 4
[333.015s][debug][gc,phases      ] GC(31)     Dead                           Min: 0, Avg:  0.0, Max: 0, Diff: 0, Sum: 0, Workers: 4
[333.015s][debug][gc,phases      ] GC(31)     Total                          Min: 0, Avg:  0.0, Max: 0, Diff: 0, Sum: 0, Workers: 4
[333.015s][debug][gc,phases      ] GC(31)   StringDedup Requests0 Weak     Min:  0.0, Avg:  0.0, Max:  0.0, Diff:  0.0, Sum:  0.0, Workers: 4
[333.015s][debug][gc,phases      ] GC(31)     Dead                           Min: 0, Avg:  0.0, Max: 0, Diff: 0, Sum: 0, Workers: 4
[333.015s][debug][gc,phases      ] GC(31)     Total                          Min: 0, Avg:  0.0, Max: 0, Diff: 0, Sum: 0, Workers: 4
[333.015s][debug][gc,phases      ] GC(31)   StringDedup Requests1 Weak     Min:  0.0, Avg:  0.0, Max:  0.0, Diff:  0.0, Sum:  0.0, Workers: 4
[333.015s][debug][gc,phases      ] GC(31)     Dead                           Min: 0, Avg:  0.0, Max: 0, Diff: 0, Sum: 0, Workers: 4
[333.015s][debug][gc,phases      ] GC(31)     Total                          Min: 0, Avg:  0.0, Max: 0, Diff: 0, Sum: 0, Workers: 4
[333.015s][debug][gc,phases      ] GC(31)   Weak JFR Old Object Samples    Min:  0.0, Avg:  0.0, Max:  0.0, Diff:  0.0, Sum:  0.0, Workers: 4
[333.015s][debug][gc,phases      ] GC(31)     Dead                           Min: 0, Avg:  0.0, Max: 0, Diff: 0, Sum: 0, Workers: 4
[333.015s][debug][gc,phases      ] GC(31)     Total                          Min: 0, Avg:  0.0, Max: 0, Diff: 0, Sum: 0, Workers: 4
[333.015s][debug][gc,phases      ] GC(31) Weak Processing 0.353ms
[333.015s][debug][gc,age         ] GC(31) Desired survivor size 183500800 bytes, new threshold 15 (max threshold 15)
[333.015s][info ][gc,heap        ] GC(31) PSYoungGen: 1677804K(1878016K)->5552K(1917952K) Eden: 1672192K(1672192K)->0K(1725952K) From: 5612K(205824K)->5552K(192000K)
[333.015s][info ][gc,heap        ] GC(31) ParOldGen: 233416K(343552K)->233440K(343552K)
[333.015s][info ][gc,metaspace   ] GC(31) Metaspace: 80171K(81088K)->80171K(81088K) NonClass: 68412K(68928K)->68412K(68928K) Class: 11758K(12160K)->11758K(12160K)
[333.015s][info ][gc             ] GC(31) Pause Young (Allocation Failure) 1866M->233M(2208M) 4.113ms
[333.015s][info ][gc,cpu         ] GC(31) User=0.01s Sys=0.00s Real=0.00s
[333.015s][info ][safepoint      ] Safepoint "ParallelGCFailedAllocation", Time since last: 344404061 ns, Reaching safepoint: 78300 ns, Cleanup: 28000 ns, At safepoint: 4179800 ns, Total: 4286100 ns
[338.016s][info ][safepoint      ] Safepoint "Cleanup", Time since last: 5000345929 ns, Reaching safepoint: 3900 ns, Cleanup: 37600 ns, At safepoint: 2600 ns, Total: 44100 ns
[340.016s][info ][safepoint      ] Safepoint "Cleanup", Time since last: 2000185884 ns, Reaching safepoint: 4100 ns, Cleanup: 29600 ns, At safepoint: 2900 ns, Total: 36600 ns
[342.016s][info ][safepoint      ] Safepoint "Cleanup", Time since last: 2000165593 ns, Reaching safepoint: 3900 ns, Cleanup: 34100 ns, At safepoint: 2600 ns, Total: 40600 ns
[343.016s][info ][safepoint      ] Safepoint "Cleanup", Time since last: 1000124696 ns, Reaching safepoint: 5000 ns, Cleanup: 33600 ns, At safepoint: 4700 ns, Total: 43300 ns
[344.016s][info ][safepoint      ] Safepoint "Cleanup", Time since last: 1000113296 ns, Reaching safepoint: 4100 ns, Cleanup: 30500 ns, At safepoint: 4100 ns, Total: 38700 ns
[349.710s][info ][gc,start       ] GC(32) Pause Young (Allocation Failure)
[349.715s][debug][gc,phases      ] GC(32) Scavenge 4.623ms
[349.715s][debug][gc,ref         ] GC(32) Skipped phase 1 of Reference Processing: no references
[349.715s][debug][gc,ref         ] GC(32) ReferenceProcessor::execute queues: 1, RefProcThreadModel::Single, marks_oops_alive: false
[349.715s][debug][gc,ref         ] GC(32) Skipped phase 3 of Reference Processing: no references
[349.715s][debug][gc,ref         ] GC(32) ReferenceProcessor::execute queues: 1, RefProcThreadModel::Single, marks_oops_alive: false
[349.715s][debug][gc,phases      ] GC(32) Reference Processing 0.088ms
[349.715s][debug][gc,phases      ] GC(32)   VM Weak                        Min:  0.0, Avg:  0.0, Max:  0.0, Diff:  0.0, Sum:  0.0, Workers: 4
[349.715s][debug][gc,phases      ] GC(32)     Dead                           Min: 0, Avg:  0.0, Max: 0, Diff: 0, Sum: 0, Workers: 4
[349.715s][debug][gc,phases      ] GC(32)     Total                          Min: 0, Avg: 172.5, Max: 448, Diff: 448, Sum: 690, Workers: 4
[349.715s][debug][gc,phases      ] GC(32)   ObjectSynchronizer Weak        Min:  0.0, Avg:  0.0, Max:  0.0, Diff:  0.0, Sum:  0.0, Workers: 4
[349.715s][debug][gc,phases      ] GC(32)     Dead                           Min: 0, Avg:  0.0, Max: 0, Diff: 0, Sum: 0, Workers: 4
[349.715s][debug][gc,phases      ] GC(32)     Total                          Min: 0, Avg:  1.5, Max: 6, Diff: 6, Sum: 6, Workers: 4
[349.715s][debug][gc,phases      ] GC(32)   JVMTI Tag Weak OopStorage      Min:  0.0, Avg:  0.0, Max:  0.0, Diff:  0.0, Sum:  0.0, Workers: 4
[349.715s][debug][gc,phases      ] GC(32)     Dead                           Min: 0, Avg:  0.0, Max: 0, Diff: 0, Sum: 0, Workers: 4
[349.715s][debug][gc,phases      ] GC(32)     Total                          Min: 0, Avg:  0.0, Max: 0, Diff: 0, Sum: 0, Workers: 4
[349.715s][debug][gc,phases      ] GC(32)   StringTable Weak               Min:  0.0, Avg:  0.1, Max:  0.2, Diff:  0.2, Sum:  0.4, Workers: 4
[349.715s][debug][gc,phases      ] GC(32)     Dead                           Min: 0, Avg:  0.0, Max: 0, Diff: 0, Sum: 0, Workers: 4
[349.715s][debug][gc,phases      ] GC(32)     Total                          Min: 0, Avg: 10679.8, Max: 21760, Diff: 21760, Sum: 42719, Workers: 4
[349.715s][debug][gc,phases      ] GC(32)   ResolvedMethodTable Weak       Min:  0.0, Avg:  0.0, Max:  0.0, Diff:  0.0, Sum:  0.1, Workers: 4
[349.715s][debug][gc,phases      ] GC(32)     Dead                           Min: 0, Avg:  0.0, Max: 0, Diff: 0, Sum: 0, Workers: 4
[349.715s][debug][gc,phases      ] GC(32)     Total                          Min: 0, Avg: 2314.2, Max: 4777, Diff: 4777, Sum: 9257, Workers: 4
[349.715s][debug][gc,phases      ] GC(32)   JNI Weak                       Min:  0.0, Avg:  0.0, Max:  0.0, Diff:  0.0, Sum:  0.0, Workers: 4
[349.715s][debug][gc,phases      ] GC(32)     Dead                           Min: 0, Avg:  0.0, Max: 0, Diff: 0, Sum: 0, Workers: 4
[349.715s][debug][gc,phases      ] GC(32)     Total                          Min: 0, Avg: 11.2, Max: 45, Diff: 45, Sum: 45, Workers: 4
[349.715s][debug][gc,phases      ] GC(32)   StringDedup Table Weak         Min:  0.0, Avg:  0.0, Max:  0.0, Diff:  0.0, Sum:  0.0, Workers: 4
[349.715s][debug][gc,phases      ] GC(32)     Dead                           Min: 0, Avg:  0.0, Max: 0, Diff: 0, Sum: 0, Workers: 4
[349.715s][debug][gc,phases      ] GC(32)     Total                          Min: 0, Avg:  0.0, Max: 0, Diff: 0, Sum: 0, Workers: 4
[349.715s][debug][gc,phases      ] GC(32)   StringDedup Requests0 Weak     Min:  0.0, Avg:  0.0, Max:  0.0, Diff:  0.0, Sum:  0.0, Workers: 4
[349.715s][debug][gc,phases      ] GC(32)     Dead                           Min: 0, Avg:  0.0, Max: 0, Diff: 0, Sum: 0, Workers: 4
[349.715s][debug][gc,phases      ] GC(32)     Total                          Min: 0, Avg:  0.0, Max: 0, Diff: 0, Sum: 0, Workers: 4
[349.715s][debug][gc,phases      ] GC(32)   StringDedup Requests1 Weak     Min:  0.0, Avg:  0.0, Max:  0.0, Diff:  0.0, Sum:  0.0, Workers: 4
[349.715s][debug][gc,phases      ] GC(32)     Dead                           Min: 0, Avg:  0.0, Max: 0, Diff: 0, Sum: 0, Workers: 4
[349.715s][debug][gc,phases      ] GC(32)     Total                          Min: 0, Avg:  0.0, Max: 0, Diff: 0, Sum: 0, Workers: 4
[349.715s][debug][gc,phases      ] GC(32)   Weak JFR Old Object Samples    Min:  0.0, Avg:  0.0, Max:  0.0, Diff:  0.0, Sum:  0.0, Workers: 4
[349.715s][debug][gc,phases      ] GC(32)     Dead                           Min: 0, Avg:  0.0, Max: 0, Diff: 0, Sum: 0, Workers: 4
[349.715s][debug][gc,phases      ] GC(32)     Total                          Min: 0, Avg:  0.0, Max: 0, Diff: 0, Sum: 0, Workers: 4
[349.715s][debug][gc,phases      ] GC(32) Weak Processing 0.494ms
[349.715s][debug][gc,age         ] GC(32) Desired survivor size 170917888 bytes, new threshold 15 (max threshold 15)
[349.715s][info ][gc,heap        ] GC(32) PSYoungGen: 1731504K(1917952K)->5520K(1905152K) Eden: 1725952K(1725952K)->0K(1725952K) From: 5552K(192000K)->5520K(179200K)
[349.715s][info ][gc,heap        ] GC(32) ParOldGen: 233440K(343552K)->233464K(343552K)
[349.715s][info ][gc,metaspace   ] GC(32) Metaspace: 80181K(81088K)->80181K(81088K) NonClass: 68422K(68928K)->68422K(68928K) Class: 11758K(12160K)->11758K(12160K)
[349.715s][info ][gc             ] GC(32) Pause Young (Allocation Failure) 1918M->233M(2196M) 5.316ms
[349.715s][info ][gc,cpu         ] GC(32) User=0.01s Sys=0.00s Real=0.00s
[349.715s][info ][safepoint      ] Safepoint "ParallelGCFailedAllocation", Time since last: 5693586409 ns, Reaching safepoint: 4400 ns, Cleanup: 27800 ns, At safepoint: 5386400 ns, Total: 5418600 ns
[350.716s][info ][safepoint      ] Safepoint "Cleanup", Time since last: 1000093296 ns, Reaching safepoint: 5100 ns, Cleanup: 35900 ns, At safepoint: 2300 ns, Total: 43300 ns
[354.716s][info ][safepoint      ] Safepoint "Cleanup", Time since last: 4000347486 ns, Reaching safepoint: 5100 ns, Cleanup: 36700 ns, At safepoint: 2800 ns, Total: 44600 ns
[355.716s][info ][safepoint      ] Safepoint "Cleanup", Time since last: 1000094395 ns, Reaching safepoint: 5300 ns, Cleanup: 40300 ns, At safepoint: 3300 ns, Total: 48900 ns
[356.716s][info ][safepoint      ] Safepoint "Cleanup", Time since last: 1000115795 ns, Reaching safepoint: 4500 ns, Cleanup: 28500 ns, At safepoint: 2900 ns, Total: 35900 ns
[361.117s][info ][safepoint      ] Safepoint "Cleanup", Time since last: 4400997936 ns, Reaching safepoint: 4800 ns, Cleanup: 34600 ns, At safepoint: 2800 ns, Total: 42200 ns
[366.261s][info ][gc,start       ] GC(33) Pause Young (Allocation Failure)
[366.264s][debug][gc,phases      ] GC(33) Scavenge 3.633ms
[366.264s][debug][gc,ref         ] GC(33) Skipped phase 1 of Reference Processing: no references
[366.264s][debug][gc,ref         ] GC(33) ReferenceProcessor::execute queues: 1, RefProcThreadModel::Single, marks_oops_alive: false
[366.265s][debug][gc,ref         ] GC(33) Skipped phase 3 of Reference Processing: no references
[366.265s][debug][gc,ref         ] GC(33) ReferenceProcessor::execute queues: 1, RefProcThreadModel::Single, marks_oops_alive: false
[366.265s][debug][gc,phases      ] GC(33) Reference Processing 0.090ms
[366.265s][debug][gc,phases      ] GC(33)   VM Weak                        Min:  0.0, Avg:  0.0, Max:  0.0, Diff:  0.0, Sum:  0.0, Workers: 4
[366.265s][debug][gc,phases      ] GC(33)     Dead                           Min: 0, Avg:  0.0, Max: 0, Diff: 0, Sum: 0, Workers: 4
[366.265s][debug][gc,phases      ] GC(33)     Total                          Min: 0, Avg: 172.5, Max: 320, Diff: 320, Sum: 690, Workers: 4
[366.265s][debug][gc,phases      ] GC(33)   ObjectSynchronizer Weak        Min:  0.0, Avg:  0.0, Max:  0.0, Diff:  0.0, Sum:  0.0, Workers: 4
[366.265s][debug][gc,phases      ] GC(33)     Dead                           Min: 0, Avg:  0.0, Max: 0, Diff: 0, Sum: 0, Workers: 4
[366.265s][debug][gc,phases      ] GC(33)     Total                          Min: 0, Avg:  1.0, Max: 4, Diff: 4, Sum: 4, Workers: 4
[366.265s][debug][gc,phases      ] GC(33)   JVMTI Tag Weak OopStorage      Min:  0.0, Avg:  0.0, Max:  0.0, Diff:  0.0, Sum:  0.0, Workers: 4
[366.265s][debug][gc,phases      ] GC(33)     Dead                           Min: 0, Avg:  0.0, Max: 0, Diff: 0, Sum: 0, Workers: 4
[366.265s][debug][gc,phases      ] GC(33)     Total                          Min: 0, Avg:  0.0, Max: 0, Diff: 0, Sum: 0, Workers: 4
[366.265s][debug][gc,phases      ] GC(33)   StringTable Weak               Min:  0.0, Avg:  0.1, Max:  0.1, Diff:  0.1, Sum:  0.4, Workers: 4
[366.265s][debug][gc,phases      ] GC(33)     Dead                           Min: 0, Avg:  0.0, Max: 0, Diff: 0, Sum: 0, Workers: 4
[366.265s][debug][gc,phases      ] GC(33)     Total                          Min: 0, Avg: 10681.2, Max: 14528, Diff: 14528, Sum: 42725, Workers: 4
[366.265s][debug][gc,phases      ] GC(33)   ResolvedMethodTable Weak       Min:  0.0, Avg:  0.0, Max:  0.0, Diff:  0.0, Sum:  0.1, Workers: 4
[366.265s][debug][gc,phases      ] GC(33)     Dead                           Min: 0, Avg:  0.0, Max: 0, Diff: 0, Sum: 0, Workers: 4
[366.265s][debug][gc,phases      ] GC(33)     Total                          Min: 0, Avg: 2314.2, Max: 3136, Diff: 3136, Sum: 9257, Workers: 4
[366.265s][debug][gc,phases      ] GC(33)   JNI Weak                       Min:  0.0, Avg:  0.0, Max:  0.0, Diff:  0.0, Sum:  0.0, Workers: 4
[366.265s][debug][gc,phases      ] GC(33)     Dead                           Min: 0, Avg:  0.0, Max: 0, Diff: 0, Sum: 0, Workers: 4
[366.265s][debug][gc,phases      ] GC(33)     Total                          Min: 0, Avg: 11.2, Max: 45, Diff: 45, Sum: 45, Workers: 4
[366.265s][debug][gc,phases      ] GC(33)   StringDedup Table Weak         Min:  0.0, Avg:  0.0, Max:  0.0, Diff:  0.0, Sum:  0.0, Workers: 4
[366.265s][debug][gc,phases      ] GC(33)     Dead                           Min: 0, Avg:  0.0, Max: 0, Diff: 0, Sum: 0, Workers: 4
[366.265s][debug][gc,phases      ] GC(33)     Total                          Min: 0, Avg:  0.0, Max: 0, Diff: 0, Sum: 0, Workers: 4
[366.265s][debug][gc,phases      ] GC(33)   StringDedup Requests0 Weak     Min:  0.0, Avg:  0.0, Max:  0.0, Diff:  0.0, Sum:  0.0, Workers: 4
[366.265s][debug][gc,phases      ] GC(33)     Dead                           Min: 0, Avg:  0.0, Max: 0, Diff: 0, Sum: 0, Workers: 4
[366.265s][debug][gc,phases      ] GC(33)     Total                          Min: 0, Avg:  0.0, Max: 0, Diff: 0, Sum: 0, Workers: 4
[366.265s][debug][gc,phases      ] GC(33)   StringDedup Requests1 Weak     Min:  0.0, Avg:  0.0, Max:  0.0, Diff:  0.0, Sum:  0.0, Workers: 4
[366.265s][debug][gc,phases      ] GC(33)     Dead                           Min: 0, Avg:  0.0, Max: 0, Diff: 0, Sum: 0, Workers: 4
[366.265s][debug][gc,phases      ] GC(33)     Total                          Min: 0, Avg:  0.0, Max: 0, Diff: 0, Sum: 0, Workers: 4
[366.265s][debug][gc,phases      ] GC(33)   Weak JFR Old Object Samples    Min:  0.0, Avg:  0.0, Max:  0.0, Diff:  0.0, Sum:  0.0, Workers: 4
[366.265s][debug][gc,phases      ] GC(33)     Dead                           Min: 0, Avg:  0.0, Max: 0, Diff: 0, Sum: 0, Workers: 4
[366.265s][debug][gc,phases      ] GC(33)     Total                          Min: 0, Avg:  0.0, Max: 0, Diff: 0, Sum: 0, Workers: 4
[366.265s][debug][gc,phases      ] GC(33) Weak Processing 0.322ms
[366.265s][debug][gc,age         ] GC(33) Desired survivor size 158859264 bytes, new threshold 15 (max threshold 15)
[366.265s][info ][gc,heap        ] GC(33) PSYoungGen: 1731472K(1905152K)->5504K(1942016K) Eden: 1725952K(1725952K)->0K(1775104K) From: 5520K(179200K)->5504K(166912K)
[366.265s][info ][gc,heap        ] GC(33) ParOldGen: 233464K(343552K)->233488K(343552K)
[366.265s][info ][gc,metaspace   ] GC(33) Metaspace: 80188K(81088K)->80188K(81088K) NonClass: 68425K(68928K)->68425K(68928K) Class: 11762K(12160K)->11762K(12160K)
[366.265s][info ][gc             ] GC(33) Pause Young (Allocation Failure) 1918M->233M(2232M) 4.144ms
[366.265s][info ][gc,cpu         ] GC(33) User=0.00s Sys=0.01s Real=0.00s
[366.265s][info ][safepoint      ] Safepoint "ParallelGCFailedAllocation", Time since last: 5143347029 ns, Reaching safepoint: 4000 ns, Cleanup: 22000 ns, At safepoint: 4207500 ns, Total: 4233500 ns
[371.265s][info ][safepoint      ] Safepoint "Cleanup", Time since last: 5000357533 ns, Reaching safepoint: 5300 ns, Cleanup: 33800 ns, At safepoint: 5000 ns, Total: 44100 ns
[376.266s][info ][safepoint      ] Safepoint "Cleanup", Time since last: 5000393933 ns, Reaching safepoint: 5000 ns, Cleanup: 41100 ns, At safepoint: 4100 ns, Total: 50200 ns
[383.410s][info ][gc,start       ] GC(34) Pause Young (Allocation Failure)
[383.415s][debug][gc,phases      ] GC(34) Scavenge 4.238ms
[383.415s][debug][gc,ref         ] GC(34) Skipped phase 1 of Reference Processing: no references
[383.415s][debug][gc,ref         ] GC(34) ReferenceProcessor::execute queues: 1, RefProcThreadModel::Single, marks_oops_alive: false
[383.415s][debug][gc,ref         ] GC(34) Skipped phase 3 of Reference Processing: no references
[383.415s][debug][gc,ref         ] GC(34) ReferenceProcessor::execute queues: 1, RefProcThreadModel::Single, marks_oops_alive: false
[383.415s][debug][gc,phases      ] GC(34) Reference Processing 0.103ms
[383.415s][debug][gc,phases      ] GC(34)   VM Weak                        Min:  0.0, Avg:  0.0, Max:  0.0, Diff:  0.0, Sum:  0.0, Workers: 4
[383.415s][debug][gc,phases      ] GC(34)     Dead                           Min: 0, Avg:  0.0, Max: 0, Diff: 0, Sum: 0, Workers: 4
[383.415s][debug][gc,phases      ] GC(34)     Total                          Min: 0, Avg: 172.5, Max: 640, Diff: 640, Sum: 690, Workers: 4
[383.415s][debug][gc,phases      ] GC(34)   ObjectSynchronizer Weak        Min:  0.0, Avg:  0.0, Max:  0.0, Diff:  0.0, Sum:  0.0, Workers: 4
[383.415s][debug][gc,phases      ] GC(34)     Dead                           Min: 0, Avg:  0.0, Max: 0, Diff: 0, Sum: 0, Workers: 4
[383.415s][debug][gc,phases      ] GC(34)     Total                          Min: 0, Avg:  1.0, Max: 4, Diff: 4, Sum: 4, Workers: 4
[383.415s][debug][gc,phases      ] GC(34)   JVMTI Tag Weak OopStorage      Min:  0.0, Avg:  0.0, Max:  0.0, Diff:  0.0, Sum:  0.0, Workers: 4
[383.415s][debug][gc,phases      ] GC(34)     Dead                           Min: 0, Avg:  0.0, Max: 0, Diff: 0, Sum: 0, Workers: 4
[383.415s][debug][gc,phases      ] GC(34)     Total                          Min: 0, Avg:  0.0, Max: 0, Diff: 0, Sum: 0, Workers: 4
[383.415s][debug][gc,phases      ] GC(34)   StringTable Weak               Min:  0.0, Avg:  0.1, Max:  0.2, Diff:  0.2, Sum:  0.3, Workers: 4
[383.415s][debug][gc,phases      ] GC(34)     Dead                           Min: 0, Avg:  0.0, Max: 0, Diff: 0, Sum: 0, Workers: 4
[383.415s][debug][gc,phases      ] GC(34)     Total                          Min: 0, Avg: 10681.8, Max: 26151, Diff: 26151, Sum: 42727, Workers: 4
[383.415s][debug][gc,phases      ] GC(34)   ResolvedMethodTable Weak       Min:  0.0, Avg:  0.0, Max:  0.0, Diff:  0.0, Sum:  0.1, Workers: 4
[383.415s][debug][gc,phases      ] GC(34)     Dead                           Min: 0, Avg:  0.0, Max: 0, Diff: 0, Sum: 0, Workers: 4
[383.415s][debug][gc,phases      ] GC(34)     Total                          Min: 0, Avg: 2314.2, Max: 5760, Diff: 5760, Sum: 9257, Workers: 4
[383.415s][debug][gc,phases      ] GC(34)   JNI Weak                       Min:  0.0, Avg:  0.0, Max:  0.0, Diff:  0.0, Sum:  0.0, Workers: 4
[383.415s][debug][gc,phases      ] GC(34)     Dead                           Min: 0, Avg:  0.0, Max: 0, Diff: 0, Sum: 0, Workers: 4
[383.415s][debug][gc,phases      ] GC(34)     Total                          Min: 0, Avg: 11.2, Max: 45, Diff: 45, Sum: 45, Workers: 4
[383.415s][debug][gc,phases      ] GC(34)   StringDedup Table Weak         Min:  0.0, Avg:  0.0, Max:  0.0, Diff:  0.0, Sum:  0.0, Workers: 4
[383.415s][debug][gc,phases      ] GC(34)     Dead                           Min: 0, Avg:  0.0, Max: 0, Diff: 0, Sum: 0, Workers: 4
[383.415s][debug][gc,phases      ] GC(34)     Total                          Min: 0, Avg:  0.0, Max: 0, Diff: 0, Sum: 0, Workers: 4
[383.415s][debug][gc,phases      ] GC(34)   StringDedup Requests0 Weak     Min:  0.0, Avg:  0.0, Max:  0.0, Diff:  0.0, Sum:  0.0, Workers: 4
[383.415s][debug][gc,phases      ] GC(34)     Dead                           Min: 0, Avg:  0.0, Max: 0, Diff: 0, Sum: 0, Workers: 4
[383.415s][debug][gc,phases      ] GC(34)     Total                          Min: 0, Avg:  0.0, Max: 0, Diff: 0, Sum: 0, Workers: 4
[383.415s][debug][gc,phases      ] GC(34)   StringDedup Requests1 Weak     Min:  0.0, Avg:  0.0, Max:  0.0, Diff:  0.0, Sum:  0.0, Workers: 4
[383.415s][debug][gc,phases      ] GC(34)     Dead                           Min: 0, Avg:  0.0, Max: 0, Diff: 0, Sum: 0, Workers: 4
[383.415s][debug][gc,phases      ] GC(34)     Total                          Min: 0, Avg:  0.0, Max: 0, Diff: 0, Sum: 0, Workers: 4
[383.415s][debug][gc,phases      ] GC(34)   Weak JFR Old Object Samples    Min:  0.0, Avg:  0.0, Max:  0.0, Diff:  0.0, Sum:  0.0, Workers: 4
[383.415s][debug][gc,phases      ] GC(34)     Dead                           Min: 0, Avg:  0.0, Max: 0, Diff: 0, Sum: 0, Workers: 4
[383.415s][debug][gc,phases      ] GC(34)     Total                          Min: 0, Avg:  0.0, Max: 0, Diff: 0, Sum: 0, Workers: 4
[383.415s][debug][gc,phases      ] GC(34) Weak Processing 0.353ms
[383.415s][debug][gc,age         ] GC(34) Desired survivor size 147849216 bytes, new threshold 15 (max threshold 15)
[383.415s][info ][gc,heap        ] GC(34) PSYoungGen: 1780608K(1942016K)->5552K(1930240K) Eden: 1775104K(1775104K)->0K(1775104K) From: 5504K(166912K)->5552K(155136K)
[383.415s][info ][gc,heap        ] GC(34) ParOldGen: 233488K(343552K)->233504K(343552K)
[383.415s][info ][gc,metaspace   ] GC(34) Metaspace: 80189K(81088K)->80189K(81088K) NonClass: 68427K(68928K)->68427K(68928K) Class: 11762K(12160K)->11762K(12160K)
[383.415s][info ][gc             ] GC(34) Pause Young (Allocation Failure) 1966M->233M(2220M) 4.819ms
[383.415s][info ][gc,cpu         ] GC(34) User=0.01s Sys=0.00s Real=0.00s
[383.415s][info ][safepoint      ] Safepoint "ParallelGCFailedAllocation", Time since last: 7144663427 ns, Reaching safepoint: 4200 ns, Cleanup: 26200 ns, At safepoint: 4879299 ns, Total: 4909699 ns
[391.416s][info ][safepoint      ] Safepoint "Cleanup", Time since last: 8000539170 ns, Reaching safepoint: 4700 ns, Cleanup: 52600 ns, At safepoint: 2900 ns, Total: 60200 ns
[392.416s][info ][safepoint      ] Safepoint "Cleanup", Time since last: 1000105019 ns, Reaching safepoint: 3700 ns, Cleanup: 42400 ns, At safepoint: 2000 ns, Total: 48100 ns
[400.561s][info ][gc,start       ] GC(35) Pause Young (Allocation Failure)
[400.565s][debug][gc,phases      ] GC(35) Scavenge 3.823ms
[400.565s][debug][gc,ref         ] GC(35) Skipped phase 1 of Reference Processing: no references
[400.565s][debug][gc,ref         ] GC(35) ReferenceProcessor::execute queues: 1, RefProcThreadModel::Single, marks_oops_alive: false
[400.565s][debug][gc,ref         ] GC(35) Skipped phase 3 of Reference Processing: no references
[400.565s][debug][gc,ref         ] GC(35) ReferenceProcessor::execute queues: 1, RefProcThreadModel::Single, marks_oops_alive: false
[400.565s][debug][gc,phases      ] GC(35) Reference Processing 0.093ms
[400.565s][debug][gc,phases      ] GC(35)   VM Weak                        Min:  0.0, Avg:  0.0, Max:  0.0, Diff:  0.0, Sum:  0.0, Workers: 4
[400.565s][debug][gc,phases      ] GC(35)     Dead                           Min: 0, Avg:  0.0, Max: 0, Diff: 0, Sum: 0, Workers: 4
[400.565s][debug][gc,phases      ] GC(35)     Total                          Min: 0, Avg: 172.5, Max: 306, Diff: 306, Sum: 690, Workers: 4
[400.565s][debug][gc,phases      ] GC(35)   ObjectSynchronizer Weak        Min:  0.0, Avg:  0.0, Max:  0.0, Diff:  0.0, Sum:  0.0, Workers: 4
[400.565s][debug][gc,phases      ] GC(35)     Dead                           Min: 0, Avg:  0.0, Max: 0, Diff: 0, Sum: 0, Workers: 4
[400.565s][debug][gc,phases      ] GC(35)     Total                          Min: 0, Avg:  1.0, Max: 4, Diff: 4, Sum: 4, Workers: 4
[400.565s][debug][gc,phases      ] GC(35)   JVMTI Tag Weak OopStorage      Min:  0.0, Avg:  0.0, Max:  0.0, Diff:  0.0, Sum:  0.0, Workers: 4
[400.565s][debug][gc,phases      ] GC(35)     Dead                           Min: 0, Avg:  0.0, Max: 0, Diff: 0, Sum: 0, Workers: 4
[400.565s][debug][gc,phases      ] GC(35)     Total                          Min: 0, Avg:  0.0, Max: 0, Diff: 0, Sum: 0, Workers: 4
[400.565s][debug][gc,phases      ] GC(35)   StringTable Weak               Min:  0.0, Avg:  0.1, Max:  0.1, Diff:  0.1, Sum:  0.4, Workers: 4
[400.565s][debug][gc,phases      ] GC(35)     Dead                           Min: 0, Avg:  0.0, Max: 0, Diff: 0, Sum: 0, Workers: 4
[400.565s][debug][gc,phases      ] GC(35)     Total                          Min: 0, Avg: 10681.8, Max: 14400, Diff: 14400, Sum: 42727, Workers: 4
[400.565s][debug][gc,phases      ] GC(35)   ResolvedMethodTable Weak       Min:  0.0, Avg:  0.0, Max:  0.0, Diff:  0.0, Sum:  0.1, Workers: 4
[400.565s][debug][gc,phases      ] GC(35)     Dead                           Min: 0, Avg:  0.0, Max: 0, Diff: 0, Sum: 0, Workers: 4
[400.565s][debug][gc,phases      ] GC(35)     Total                          Min: 0, Avg: 2314.2, Max: 3136, Diff: 3136, Sum: 9257, Workers: 4
[400.565s][debug][gc,phases      ] GC(35)   JNI Weak                       Min:  0.0, Avg:  0.0, Max:  0.0, Diff:  0.0, Sum:  0.0, Workers: 4
[400.565s][debug][gc,phases      ] GC(35)     Dead                           Min: 0, Avg:  0.0, Max: 0, Diff: 0, Sum: 0, Workers: 4
[400.565s][debug][gc,phases      ] GC(35)     Total                          Min: 0, Avg: 11.2, Max: 45, Diff: 45, Sum: 45, Workers: 4
[400.565s][debug][gc,phases      ] GC(35)   StringDedup Table Weak         Min:  0.0, Avg:  0.0, Max:  0.0, Diff:  0.0, Sum:  0.0, Workers: 4
[400.565s][debug][gc,phases      ] GC(35)     Dead                           Min: 0, Avg:  0.0, Max: 0, Diff: 0, Sum: 0, Workers: 4
[400.565s][debug][gc,phases      ] GC(35)     Total                          Min: 0, Avg:  0.0, Max: 0, Diff: 0, Sum: 0, Workers: 4
[400.565s][debug][gc,phases      ] GC(35)   StringDedup Requests0 Weak     Min:  0.0, Avg:  0.0, Max:  0.0, Diff:  0.0, Sum:  0.0, Workers: 4
[400.565s][debug][gc,phases      ] GC(35)     Dead                           Min: 0, Avg:  0.0, Max: 0, Diff: 0, Sum: 0, Workers: 4
[400.565s][debug][gc,phases      ] GC(35)     Total                          Min: 0, Avg:  0.0, Max: 0, Diff: 0, Sum: 0, Workers: 4
[400.565s][debug][gc,phases      ] GC(35)   StringDedup Requests1 Weak     Min:  0.0, Avg:  0.0, Max:  0.0, Diff:  0.0, Sum:  0.0, Workers: 4
[400.565s][debug][gc,phases      ] GC(35)     Dead                           Min: 0, Avg:  0.0, Max: 0, Diff: 0, Sum: 0, Workers: 4
[400.565s][debug][gc,phases      ] GC(35)     Total                          Min: 0, Avg:  0.0, Max: 0, Diff: 0, Sum: 0, Workers: 4
[400.565s][debug][gc,phases      ] GC(35)   Weak JFR Old Object Samples    Min:  0.0, Avg:  0.0, Max:  0.0, Diff:  0.0, Sum:  0.0, Workers: 4
[400.565s][debug][gc,phases      ] GC(35)     Dead                           Min: 0, Avg:  0.0, Max: 0, Diff: 0, Sum: 0, Workers: 4
[400.565s][debug][gc,phases      ] GC(35)     Total                          Min: 0, Avg:  0.0, Max: 0, Diff: 0, Sum: 0, Workers: 4
[400.565s][debug][gc,phases      ] GC(35) Weak Processing 0.425ms
[400.565s][debug][gc,age         ] GC(35) Desired survivor size 137363456 bytes, new threshold 15 (max threshold 15)
[400.565s][info ][gc,heap        ] GC(35) PSYoungGen: 1780656K(1930240K)->5504K(1963008K) Eden: 1775104K(1775104K)->0K(1818624K) From: 5552K(155136K)->5504K(144384K)
[400.565s][info ][gc,heap        ] GC(35) ParOldGen: 233504K(343552K)->233512K(343552K)
[400.565s][info ][gc,metaspace   ] GC(35) Metaspace: 80189K(81088K)->80189K(81088K) NonClass: 68427K(68928K)->68427K(68928K) Class: 11762K(12160K)->11762K(12160K)
[400.565s][info ][gc             ] GC(35) Pause Young (Allocation Failure) 1966M->233M(2252M) 4.463ms
[400.565s][info ][gc,cpu         ] GC(35) User=0.01s Sys=0.00s Real=0.00s
[400.565s][info ][safepoint      ] Safepoint "ParallelGCFailedAllocation", Time since last: 8144684489 ns, Reaching safepoint: 6000 ns, Cleanup: 35800 ns, At safepoint: 4541800 ns, Total: 4583600 ns
[414.566s][info ][safepoint      ] Safepoint "Cleanup", Time since last: 14000950062 ns, Reaching safepoint: 4700 ns, Cleanup: 40500 ns, At safepoint: 2900 ns, Total: 48100 ns
[418.112s][info ][gc,start       ] GC(36) Pause Young (Allocation Failure)
[418.116s][debug][gc,phases      ] GC(36) Scavenge 3.821ms
[418.116s][debug][gc,ref         ] GC(36) Skipped phase 1 of Reference Processing: no references
[418.116s][debug][gc,ref         ] GC(36) ReferenceProcessor::execute queues: 1, RefProcThreadModel::Single, marks_oops_alive: false
[418.116s][debug][gc,ref         ] GC(36) Skipped phase 3 of Reference Processing: no references
[418.116s][debug][gc,ref         ] GC(36) ReferenceProcessor::execute queues: 1, RefProcThreadModel::Single, marks_oops_alive: false
[418.116s][debug][gc,phases      ] GC(36) Reference Processing 0.108ms
[418.116s][debug][gc,phases      ] GC(36)   VM Weak                        Min:  0.0, Avg:  0.0, Max:  0.0, Diff:  0.0, Sum:  0.0, Workers: 4
[418.116s][debug][gc,phases      ] GC(36)     Dead                           Min: 0, Avg:  0.0, Max: 0, Diff: 0, Sum: 0, Workers: 4
[418.116s][debug][gc,phases      ] GC(36)     Total                          Min: 0, Avg: 172.5, Max: 434, Diff: 434, Sum: 690, Workers: 4
[418.116s][debug][gc,phases      ] GC(36)   ObjectSynchronizer Weak        Min:  0.0, Avg:  0.0, Max:  0.0, Diff:  0.0, Sum:  0.0, Workers: 4
[418.116s][debug][gc,phases      ] GC(36)     Dead                           Min: 0, Avg:  0.0, Max: 0, Diff: 0, Sum: 0, Workers: 4
[418.116s][debug][gc,phases      ] GC(36)     Total                          Min: 0, Avg:  1.0, Max: 4, Diff: 4, Sum: 4, Workers: 4
[418.116s][debug][gc,phases      ] GC(36)   JVMTI Tag Weak OopStorage      Min:  0.0, Avg:  0.0, Max:  0.0, Diff:  0.0, Sum:  0.0, Workers: 4
[418.116s][debug][gc,phases      ] GC(36)     Dead                           Min: 0, Avg:  0.0, Max: 0, Diff: 0, Sum: 0, Workers: 4
[418.116s][debug][gc,phases      ] GC(36)     Total                          Min: 0, Avg:  0.0, Max: 0, Diff: 0, Sum: 0, Workers: 4
[418.116s][debug][gc,phases      ] GC(36)   StringTable Weak               Min:  0.0, Avg:  0.1, Max:  0.1, Diff:  0.1, Sum:  0.4, Workers: 4
[418.116s][debug][gc,phases      ] GC(36)     Dead                           Min: 0, Avg:  0.0, Max: 0, Diff: 0, Sum: 0, Workers: 4
[418.116s][debug][gc,phases      ] GC(36)     Total                          Min: 0, Avg: 10681.8, Max: 15719, Diff: 15719, Sum: 42727, Workers: 4
[418.116s][debug][gc,phases      ] GC(36)   ResolvedMethodTable Weak       Min:  0.0, Avg:  0.0, Max:  0.0, Diff:  0.0, Sum:  0.1, Workers: 4
[418.116s][debug][gc,phases      ] GC(36)     Dead                           Min: 0, Avg:  0.0, Max: 0, Diff: 0, Sum: 0, Workers: 4
[418.116s][debug][gc,phases      ] GC(36)     Total                          Min: 0, Avg: 2314.2, Max: 3264, Diff: 3264, Sum: 9257, Workers: 4
[418.116s][debug][gc,phases      ] GC(36)   JNI Weak                       Min:  0.0, Avg:  0.0, Max:  0.0, Diff:  0.0, Sum:  0.0, Workers: 4
[418.116s][debug][gc,phases      ] GC(36)     Dead                           Min: 0, Avg:  0.0, Max: 0, Diff: 0, Sum: 0, Workers: 4
[418.116s][debug][gc,phases      ] GC(36)     Total                          Min: 0, Avg: 11.2, Max: 45, Diff: 45, Sum: 45, Workers: 4
[418.116s][debug][gc,phases      ] GC(36)   StringDedup Table Weak         Min:  0.0, Avg:  0.0, Max:  0.0, Diff:  0.0, Sum:  0.0, Workers: 4
[418.116s][debug][gc,phases      ] GC(36)     Dead                           Min: 0, Avg:  0.0, Max: 0, Diff: 0, Sum: 0, Workers: 4
[418.116s][debug][gc,phases      ] GC(36)     Total                          Min: 0, Avg:  0.0, Max: 0, Diff: 0, Sum: 0, Workers: 4
[418.116s][debug][gc,phases      ] GC(36)   StringDedup Requests0 Weak     Min:  0.0, Avg:  0.0, Max:  0.0, Diff:  0.0, Sum:  0.0, Workers: 4
[418.116s][debug][gc,phases      ] GC(36)     Dead                           Min: 0, Avg:  0.0, Max: 0, Diff: 0, Sum: 0, Workers: 4
[418.116s][debug][gc,phases      ] GC(36)     Total                          Min: 0, Avg:  0.0, Max: 0, Diff: 0, Sum: 0, Workers: 4
[418.116s][debug][gc,phases      ] GC(36)   StringDedup Requests1 Weak     Min:  0.0, Avg:  0.0, Max:  0.0, Diff:  0.0, Sum:  0.0, Workers: 4
[418.116s][debug][gc,phases      ] GC(36)     Dead                           Min: 0, Avg:  0.0, Max: 0, Diff: 0, Sum: 0, Workers: 4
[418.116s][debug][gc,phases      ] GC(36)     Total                          Min: 0, Avg:  0.0, Max: 0, Diff: 0, Sum: 0, Workers: 4
[418.116s][debug][gc,phases      ] GC(36)   Weak JFR Old Object Samples    Min:  0.0, Avg:  0.0, Max:  0.0, Diff:  0.0, Sum:  0.0, Workers: 4
[418.116s][debug][gc,phases      ] GC(36)     Dead                           Min: 0, Avg:  0.0, Max: 0, Diff: 0, Sum: 0, Workers: 4
[418.116s][debug][gc,phases      ] GC(36)     Total                          Min: 0, Avg:  0.0, Max: 0, Diff: 0, Sum: 0, Workers: 4
[418.116s][debug][gc,phases      ] GC(36) Weak Processing 0.308ms
[418.116s][debug][gc,age         ] GC(36) Desired survivor size 127926272 bytes, new threshold 15 (max threshold 15)
[418.116s][info ][gc,heap        ] GC(36) PSYoungGen: 1824128K(1963008K)->5504K(1952768K) Eden: 1818624K(1818624K)->0K(1818624K) From: 5504K(144384K)->5504K(134144K)
[418.116s][info ][gc,heap        ] GC(36) ParOldGen: 233512K(343552K)->233512K(343552K)
[418.116s][info ][gc,metaspace   ] GC(36) Metaspace: 80189K(81088K)->80189K(81088K) NonClass: 68427K(68928K)->68427K(68928K) Class: 11762K(12160K)->11762K(12160K)
[418.116s][info ][gc             ] GC(36) Pause Young (Allocation Failure) 2009M->233M(2242M) 4.389ms
[418.116s][info ][gc,cpu         ] GC(36) User=0.01s Sys=0.00s Real=0.00s
[418.116s][info ][safepoint      ] Safepoint "ParallelGCFailedAllocation", Time since last: 3545554608 ns, Reaching safepoint: 4600 ns, Cleanup: 33900 ns, At safepoint: 4467800 ns, Total: 4506300 ns
[435.710s][info ][gc,start       ] GC(37) Pause Young (Allocation Failure)
[435.713s][debug][gc,phases      ] GC(37) Scavenge 3.460ms
[435.713s][debug][gc,ref         ] GC(37) Skipped phase 1 of Reference Processing: no references
[435.713s][debug][gc,ref         ] GC(37) ReferenceProcessor::execute queues: 1, RefProcThreadModel::Single, marks_oops_alive: false
[435.713s][debug][gc,ref         ] GC(37) Skipped phase 3 of Reference Processing: no references
[435.713s][debug][gc,ref         ] GC(37) ReferenceProcessor::execute queues: 1, RefProcThreadModel::Single, marks_oops_alive: false
[435.713s][debug][gc,phases      ] GC(37) Reference Processing 0.080ms
[435.714s][debug][gc,phases      ] GC(37)   VM Weak                        Min:  0.0, Avg:  0.0, Max:  0.0, Diff:  0.0, Sum:  0.0, Workers: 4
[435.714s][debug][gc,phases      ] GC(37)     Dead                           Min: 0, Avg:  0.0, Max: 0, Diff: 0, Sum: 0, Workers: 4
[435.714s][debug][gc,phases      ] GC(37)     Total                          Min: 0, Avg: 172.5, Max: 320, Diff: 320, Sum: 690, Workers: 4
[435.714s][debug][gc,phases      ] GC(37)   ObjectSynchronizer Weak        Min:  0.0, Avg:  0.0, Max:  0.0, Diff:  0.0, Sum:  0.0, Workers: 4
[435.714s][debug][gc,phases      ] GC(37)     Dead                           Min: 0, Avg:  0.0, Max: 0, Diff: 0, Sum: 0, Workers: 4
[435.714s][debug][gc,phases      ] GC(37)     Total                          Min: 0, Avg:  1.0, Max: 4, Diff: 4, Sum: 4, Workers: 4
[435.714s][debug][gc,phases      ] GC(37)   JVMTI Tag Weak OopStorage      Min:  0.0, Avg:  0.0, Max:  0.0, Diff:  0.0, Sum:  0.0, Workers: 4
[435.714s][debug][gc,phases      ] GC(37)     Dead                           Min: 0, Avg:  0.0, Max: 0, Diff: 0, Sum: 0, Workers: 4
[435.714s][debug][gc,phases      ] GC(37)     Total                          Min: 0, Avg:  0.0, Max: 0, Diff: 0, Sum: 0, Workers: 4
[435.714s][debug][gc,phases      ] GC(37)   StringTable Weak               Min:  0.0, Avg:  0.1, Max:  0.1, Diff:  0.1, Sum:  0.4, Workers: 4
[435.714s][debug][gc,phases      ] GC(37)     Dead                           Min: 0, Avg:  0.0, Max: 0, Diff: 0, Sum: 0, Workers: 4
[435.714s][debug][gc,phases      ] GC(37)     Total                          Min: 0, Avg: 10686.0, Max: 14848, Diff: 14848, Sum: 42744, Workers: 4
[435.714s][debug][gc,phases      ] GC(37)   ResolvedMethodTable Weak       Min:  0.0, Avg:  0.0, Max:  0.0, Diff:  0.0, Sum:  0.1, Workers: 4
[435.714s][debug][gc,phases      ] GC(37)     Dead                           Min: 0, Avg:  0.0, Max: 0, Diff: 0, Sum: 0, Workers: 4
[435.714s][debug][gc,phases      ] GC(37)     Total                          Min: 0, Avg: 2314.2, Max: 3200, Diff: 3200, Sum: 9257, Workers: 4
[435.714s][debug][gc,phases      ] GC(37)   JNI Weak                       Min:  0.0, Avg:  0.0, Max:  0.0, Diff:  0.0, Sum:  0.0, Workers: 4
[435.714s][debug][gc,phases      ] GC(37)     Dead                           Min: 0, Avg:  0.0, Max: 0, Diff: 0, Sum: 0, Workers: 4
[435.714s][debug][gc,phases      ] GC(37)     Total                          Min: 0, Avg: 11.2, Max: 45, Diff: 45, Sum: 45, Workers: 4
[435.714s][debug][gc,phases      ] GC(37)   StringDedup Table Weak         Min:  0.0, Avg:  0.0, Max:  0.0, Diff:  0.0, Sum:  0.0, Workers: 4
[435.714s][debug][gc,phases      ] GC(37)     Dead                           Min: 0, Avg:  0.0, Max: 0, Diff: 0, Sum: 0, Workers: 4
[435.714s][debug][gc,phases      ] GC(37)     Total                          Min: 0, Avg:  0.0, Max: 0, Diff: 0, Sum: 0, Workers: 4
[435.714s][debug][gc,phases      ] GC(37)   StringDedup Requests0 Weak     Min:  0.0, Avg:  0.0, Max:  0.0, Diff:  0.0, Sum:  0.0, Workers: 4
[435.714s][debug][gc,phases      ] GC(37)     Dead                           Min: 0, Avg:  0.0, Max: 0, Diff: 0, Sum: 0, Workers: 4
[435.714s][debug][gc,phases      ] GC(37)     Total                          Min: 0, Avg:  0.0, Max: 0, Diff: 0, Sum: 0, Workers: 4
[435.714s][debug][gc,phases      ] GC(37)   StringDedup Requests1 Weak     Min:  0.0, Avg:  0.0, Max:  0.0, Diff:  0.0, Sum:  0.0, Workers: 4
[435.714s][debug][gc,phases      ] GC(37)     Dead                           Min: 0, Avg:  0.0, Max: 0, Diff: 0, Sum: 0, Workers: 4
[435.714s][debug][gc,phases      ] GC(37)     Total                          Min: 0, Avg:  0.0, Max: 0, Diff: 0, Sum: 0, Workers: 4
[435.714s][debug][gc,phases      ] GC(37)   Weak JFR Old Object Samples    Min:  0.0, Avg:  0.0, Max:  0.0, Diff:  0.0, Sum:  0.0, Workers: 4
[435.714s][debug][gc,phases      ] GC(37)     Dead                           Min: 0, Avg:  0.0, Max: 0, Diff: 0, Sum: 0, Workers: 4
[435.714s][debug][gc,phases      ] GC(37)     Total                          Min: 0, Avg:  0.0, Max: 0, Diff: 0, Sum: 0, Workers: 4
[435.714s][debug][gc,phases      ] GC(37) Weak Processing 0.314ms
[435.714s][debug][gc,age         ] GC(37) Desired survivor size 118489088 bytes, new threshold 15 (max threshold 15)
[435.714s][info ][gc,heap        ] GC(37) PSYoungGen: 1824128K(1952768K)->5472K(1981440K) Eden: 1818624K(1818624K)->0K(1856512K) From: 5504K(134144K)->5472K(124928K)
[435.714s][info ][gc,heap        ] GC(37) ParOldGen: 233512K(343552K)->233520K(343552K)
[435.714s][info ][gc,metaspace   ] GC(37) Metaspace: 80189K(81088K)->80189K(81088K) NonClass: 68427K(68928K)->68427K(68928K) Class: 11762K(12160K)->11762K(12160K)
[435.714s][info ][gc             ] GC(37) Pause Young (Allocation Failure) 2009M->233M(2270M) 3.952ms
[435.714s][info ][gc,cpu         ] GC(37) User=0.01s Sys=0.00s Real=0.00s
[435.714s][info ][safepoint      ] Safepoint "ParallelGCFailedAllocation", Time since last: 17593319856 ns, Reaching safepoint: 4300 ns, Cleanup: 24100 ns, At safepoint: 4019599 ns, Total: 4047999 ns
[440.714s][info ][safepoint      ] Safepoint "Cleanup", Time since last: 5000336949 ns, Reaching safepoint: 4000 ns, Cleanup: 34300 ns, At safepoint: 2200 ns, Total: 40500 ns
[444.715s][info ][safepoint      ] Safepoint "Cleanup", Time since last: 4000321155 ns, Reaching safepoint: 4400 ns, Cleanup: 42600 ns, At safepoint: 2700 ns, Total: 49700 ns
[453.612s][info ][gc,start       ] GC(38) Pause Young (Allocation Failure)
[453.616s][debug][gc,phases      ] GC(38) Scavenge 3.429ms
[453.616s][debug][gc,ref         ] GC(38) Skipped phase 1 of Reference Processing: no references
[453.616s][debug][gc,ref         ] GC(38) ReferenceProcessor::execute queues: 1, RefProcThreadModel::Single, marks_oops_alive: false
[453.616s][debug][gc,ref         ] GC(38) Skipped phase 3 of Reference Processing: no references
[453.616s][debug][gc,ref         ] GC(38) ReferenceProcessor::execute queues: 1, RefProcThreadModel::Single, marks_oops_alive: false
[453.616s][debug][gc,phases      ] GC(38) Reference Processing 0.093ms
[453.616s][debug][gc,phases      ] GC(38)   VM Weak                        Min:  0.0, Avg:  0.0, Max:  0.0, Diff:  0.0, Sum:  0.0, Workers: 4
[453.616s][debug][gc,phases      ] GC(38)     Dead                           Min: 0, Avg:  0.0, Max: 0, Diff: 0, Sum: 0, Workers: 4
[453.616s][debug][gc,phases      ] GC(38)     Total                          Min: 0, Avg: 172.5, Max: 434, Diff: 434, Sum: 690, Workers: 4
[453.616s][debug][gc,phases      ] GC(38)   ObjectSynchronizer Weak        Min:  0.0, Avg:  0.0, Max:  0.0, Diff:  0.0, Sum:  0.0, Workers: 4
[453.616s][debug][gc,phases      ] GC(38)     Dead                           Min: 0, Avg:  0.0, Max: 0, Diff: 0, Sum: 0, Workers: 4
[453.616s][debug][gc,phases      ] GC(38)     Total                          Min: 0, Avg:  1.0, Max: 4, Diff: 4, Sum: 4, Workers: 4
[453.616s][debug][gc,phases      ] GC(38)   JVMTI Tag Weak OopStorage      Min:  0.0, Avg:  0.0, Max:  0.0, Diff:  0.0, Sum:  0.0, Workers: 4
[453.616s][debug][gc,phases      ] GC(38)     Dead                           Min: 0, Avg:  0.0, Max: 0, Diff: 0, Sum: 0, Workers: 4
[453.616s][debug][gc,phases      ] GC(38)     Total                          Min: 0, Avg:  0.0, Max: 0, Diff: 0, Sum: 0, Workers: 4
[453.616s][debug][gc,phases      ] GC(38)   StringTable Weak               Min:  0.0, Avg:  0.1, Max:  0.1, Diff:  0.1, Sum:  0.3, Workers: 4
[453.616s][debug][gc,phases      ] GC(38)     Dead                           Min: 0, Avg:  0.0, Max: 0, Diff: 0, Sum: 0, Workers: 4
[453.616s][debug][gc,phases      ] GC(38)     Total                          Min: 0, Avg: 10686.0, Max: 25984, Diff: 25984, Sum: 42744, Workers: 4
[453.616s][debug][gc,phases      ] GC(38)   ResolvedMethodTable Weak       Min:  0.0, Avg:  0.0, Max:  0.1, Diff:  0.1, Sum:  0.1, Workers: 4
[453.616s][debug][gc,phases      ] GC(38)     Dead                           Min: 0, Avg:  0.0, Max: 0, Diff: 0, Sum: 0, Workers: 4
[453.616s][debug][gc,phases      ] GC(38)     Total                          Min: 0, Avg: 2314.2, Max: 4137, Diff: 4137, Sum: 9257, Workers: 4
[453.616s][debug][gc,phases      ] GC(38)   JNI Weak                       Min:  0.0, Avg:  0.0, Max:  0.0, Diff:  0.0, Sum:  0.0, Workers: 4
[453.616s][debug][gc,phases      ] GC(38)     Dead                           Min: 0, Avg:  0.0, Max: 0, Diff: 0, Sum: 0, Workers: 4
[453.616s][debug][gc,phases      ] GC(38)     Total                          Min: 0, Avg: 11.2, Max: 45, Diff: 45, Sum: 45, Workers: 4
[453.616s][debug][gc,phases      ] GC(38)   StringDedup Table Weak         Min:  0.0, Avg:  0.0, Max:  0.0, Diff:  0.0, Sum:  0.0, Workers: 4
[453.616s][debug][gc,phases      ] GC(38)     Dead                           Min: 0, Avg:  0.0, Max: 0, Diff: 0, Sum: 0, Workers: 4
[453.616s][debug][gc,phases      ] GC(38)     Total                          Min: 0, Avg:  0.0, Max: 0, Diff: 0, Sum: 0, Workers: 4
[453.616s][debug][gc,phases      ] GC(38)   StringDedup Requests0 Weak     Min:  0.0, Avg:  0.0, Max:  0.0, Diff:  0.0, Sum:  0.0, Workers: 4
[453.616s][debug][gc,phases      ] GC(38)     Dead                           Min: 0, Avg:  0.0, Max: 0, Diff: 0, Sum: 0, Workers: 4
[453.616s][debug][gc,phases      ] GC(38)     Total                          Min: 0, Avg:  0.0, Max: 0, Diff: 0, Sum: 0, Workers: 4
[453.616s][debug][gc,phases      ] GC(38)   StringDedup Requests1 Weak     Min:  0.0, Avg:  0.0, Max:  0.0, Diff:  0.0, Sum:  0.0, Workers: 4
[453.616s][debug][gc,phases      ] GC(38)     Dead                           Min: 0, Avg:  0.0, Max: 0, Diff: 0, Sum: 0, Workers: 4
[453.616s][debug][gc,phases      ] GC(38)     Total                          Min: 0, Avg:  0.0, Max: 0, Diff: 0, Sum: 0, Workers: 4
[453.616s][debug][gc,phases      ] GC(38)   Weak JFR Old Object Samples    Min:  0.0, Avg:  0.0, Max:  0.0, Diff:  0.0, Sum:  0.0, Workers: 4
[453.616s][debug][gc,phases      ] GC(38)     Dead                           Min: 0, Avg:  0.0, Max: 0, Diff: 0, Sum: 0, Workers: 4
[453.616s][debug][gc,phases      ] GC(38)     Total                          Min: 0, Avg:  0.0, Max: 0, Diff: 0, Sum: 0, Workers: 4
[453.616s][debug][gc,phases      ] GC(38) Weak Processing 0.366ms
[453.616s][debug][gc,age         ] GC(38) Desired survivor size 110100480 bytes, new threshold 15 (max threshold 15)
[453.616s][info ][gc,heap        ] GC(38) PSYoungGen: 1861984K(1981440K)->5376K(1972224K) Eden: 1856512K(1856512K)->0K(1856512K) From: 5472K(124928K)->5376K(115712K)
[453.616s][info ][gc,heap        ] GC(38) ParOldGen: 233520K(343552K)->233544K(343552K)
[453.616s][info ][gc,metaspace   ] GC(38) Metaspace: 80190K(81088K)->80190K(81088K) NonClass: 68427K(68928K)->68427K(68928K) Class: 11762K(12160K)->11762K(12160K)
[453.616s][info ][gc             ] GC(38) Pause Young (Allocation Failure) 2046M->233M(2261M) 3.986ms
[453.616s][info ][gc,cpu         ] GC(38) User=0.01s Sys=0.00s Real=0.00s
[453.616s][info ][safepoint      ] Safepoint "ParallelGCFailedAllocation", Time since last: 8897527095 ns, Reaching safepoint: 3800 ns, Cleanup: 34300 ns, At safepoint: 4055700 ns, Total: 4093800 ns
[471.561s][info ][gc,start       ] GC(39) Pause Young (Allocation Failure)
[471.565s][debug][gc,phases      ] GC(39) Scavenge 3.987ms
[471.565s][debug][gc,ref         ] GC(39) Skipped phase 1 of Reference Processing: no references
[471.565s][debug][gc,ref         ] GC(39) ReferenceProcessor::execute queues: 1, RefProcThreadModel::Single, marks_oops_alive: false
[471.565s][debug][gc,ref         ] GC(39) Skipped phase 3 of Reference Processing: no references
[471.565s][debug][gc,ref         ] GC(39) ReferenceProcessor::execute queues: 1, RefProcThreadModel::Single, marks_oops_alive: false
[471.565s][debug][gc,phases      ] GC(39) Reference Processing 0.089ms
[471.565s][debug][gc,phases      ] GC(39)   VM Weak                        Min:  0.0, Avg:  0.0, Max:  0.0, Diff:  0.0, Sum:  0.0, Workers: 4
[471.565s][debug][gc,phases      ] GC(39)     Dead                           Min: 0, Avg:  0.0, Max: 0, Diff: 0, Sum: 0, Workers: 4
[471.565s][debug][gc,phases      ] GC(39)     Total                          Min: 0, Avg: 172.5, Max: 384, Diff: 384, Sum: 690, Workers: 4
[471.565s][debug][gc,phases      ] GC(39)   ObjectSynchronizer Weak        Min:  0.0, Avg:  0.0, Max:  0.0, Diff:  0.0, Sum:  0.0, Workers: 4
[471.565s][debug][gc,phases      ] GC(39)     Dead                           Min: 0, Avg:  0.0, Max: 0, Diff: 0, Sum: 0, Workers: 4
[471.565s][debug][gc,phases      ] GC(39)     Total                          Min: 0, Avg:  1.0, Max: 4, Diff: 4, Sum: 4, Workers: 4
[471.565s][debug][gc,phases      ] GC(39)   JVMTI Tag Weak OopStorage      Min:  0.0, Avg:  0.0, Max:  0.0, Diff:  0.0, Sum:  0.0, Workers: 4
[471.565s][debug][gc,phases      ] GC(39)     Dead                           Min: 0, Avg:  0.0, Max: 0, Diff: 0, Sum: 0, Workers: 4
[471.565s][debug][gc,phases      ] GC(39)     Total                          Min: 0, Avg:  0.0, Max: 0, Diff: 0, Sum: 0, Workers: 4
[471.565s][debug][gc,phases      ] GC(39)   StringTable Weak               Min:  0.0, Avg:  0.1, Max:  0.1, Diff:  0.1, Sum:  0.4, Workers: 4
[471.565s][debug][gc,phases      ] GC(39)     Dead                           Min: 0, Avg:  0.0, Max: 0, Diff: 0, Sum: 0, Workers: 4
[471.565s][debug][gc,phases      ] GC(39)     Total                          Min: 0, Avg: 10686.0, Max: 15872, Diff: 15872, Sum: 42744, Workers: 4
[471.565s][debug][gc,phases      ] GC(39)   ResolvedMethodTable Weak       Min:  0.0, Avg:  0.0, Max:  0.0, Diff:  0.0, Sum:  0.1, Workers: 4
[471.565s][debug][gc,phases      ] GC(39)     Dead                           Min: 0, Avg:  0.0, Max: 0, Diff: 0, Sum: 0, Workers: 4
[471.565s][debug][gc,phases      ] GC(39)     Total                          Min: 0, Avg: 2314.2, Max: 3305, Diff: 3305, Sum: 9257, Workers: 4
[471.565s][debug][gc,phases      ] GC(39)   JNI Weak                       Min:  0.0, Avg:  0.0, Max:  0.0, Diff:  0.0, Sum:  0.0, Workers: 4
[471.565s][debug][gc,phases      ] GC(39)     Dead                           Min: 0, Avg:  0.0, Max: 0, Diff: 0, Sum: 0, Workers: 4
[471.565s][debug][gc,phases      ] GC(39)     Total                          Min: 0, Avg: 11.2, Max: 45, Diff: 45, Sum: 45, Workers: 4
[471.565s][debug][gc,phases      ] GC(39)   StringDedup Table Weak         Min:  0.0, Avg:  0.0, Max:  0.0, Diff:  0.0, Sum:  0.0, Workers: 4
[471.565s][debug][gc,phases      ] GC(39)     Dead                           Min: 0, Avg:  0.0, Max: 0, Diff: 0, Sum: 0, Workers: 4
[471.565s][debug][gc,phases      ] GC(39)     Total                          Min: 0, Avg:  0.0, Max: 0, Diff: 0, Sum: 0, Workers: 4
[471.565s][debug][gc,phases      ] GC(39)   StringDedup Requests0 Weak     Min:  0.0, Avg:  0.0, Max:  0.0, Diff:  0.0, Sum:  0.0, Workers: 4
[471.565s][debug][gc,phases      ] GC(39)     Dead                           Min: 0, Avg:  0.0, Max: 0, Diff: 0, Sum: 0, Workers: 4
[471.565s][debug][gc,phases      ] GC(39)     Total                          Min: 0, Avg:  0.0, Max: 0, Diff: 0, Sum: 0, Workers: 4
[471.565s][debug][gc,phases      ] GC(39)   StringDedup Requests1 Weak     Min:  0.0, Avg:  0.0, Max:  0.0, Diff:  0.0, Sum:  0.0, Workers: 4
[471.565s][debug][gc,phases      ] GC(39)     Dead                           Min: 0, Avg:  0.0, Max: 0, Diff: 0, Sum: 0, Workers: 4
[471.565s][debug][gc,phases      ] GC(39)     Total                          Min: 0, Avg:  0.0, Max: 0, Diff: 0, Sum: 0, Workers: 4
[471.565s][debug][gc,phases      ] GC(39)   Weak JFR Old Object Samples    Min:  0.0, Avg:  0.0, Max:  0.0, Diff:  0.0, Sum:  0.0, Workers: 4
[471.565s][debug][gc,phases      ] GC(39)     Dead                           Min: 0, Avg:  0.0, Max: 0, Diff: 0, Sum: 0, Workers: 4
[471.565s][debug][gc,phases      ] GC(39)     Total                          Min: 0, Avg:  0.0, Max: 0, Diff: 0, Sum: 0, Workers: 4
[471.565s][debug][gc,phases      ] GC(39) Weak Processing 0.313ms
[471.565s][debug][gc,age         ] GC(39) Desired survivor size 102236160 bytes, new threshold 15 (max threshold 15)
[471.565s][info ][gc,heap        ] GC(39) PSYoungGen: 1861888K(1972224K)->5408K(1997312K) Eden: 1856512K(1856512K)->0K(1889792K) From: 5376K(115712K)->5408K(107520K)
[471.565s][info ][gc,heap        ] GC(39) ParOldGen: 233544K(343552K)->233560K(343552K)
[471.565s][info ][gc,metaspace   ] GC(39) Metaspace: 80190K(81088K)->80190K(81088K) NonClass: 68427K(68928K)->68427K(68928K) Class: 11762K(12160K)->11762K(12160K)
[471.565s][info ][gc             ] GC(39) Pause Young (Allocation Failure) 2046M->233M(2286M) 4.497ms
[471.565s][info ][gc,cpu         ] GC(39) User=0.00s Sys=0.01s Real=0.00s
[471.565s][info ][safepoint      ] Safepoint "ParallelGCFailedAllocation", Time since last: 17944724264 ns, Reaching safepoint: 4100 ns, Cleanup: 18300 ns, At safepoint: 4560799 ns, Total: 4583199 ns
[482.566s][info ][safepoint      ] Safepoint "Cleanup", Time since last: 11000766271 ns, Reaching safepoint: 4800 ns, Cleanup: 35500 ns, At safepoint: 2400 ns, Total: 42700 ns
[489.811s][info ][gc,start       ] GC(40) Pause Young (Allocation Failure)
[489.815s][debug][gc,phases      ] GC(40) Scavenge 3.574ms
[489.815s][debug][gc,ref         ] GC(40) Skipped phase 1 of Reference Processing: no references
[489.815s][debug][gc,ref         ] GC(40) ReferenceProcessor::execute queues: 1, RefProcThreadModel::Single, marks_oops_alive: false
[489.815s][debug][gc,ref         ] GC(40) Skipped phase 3 of Reference Processing: no references
[489.815s][debug][gc,ref         ] GC(40) ReferenceProcessor::execute queues: 1, RefProcThreadModel::Single, marks_oops_alive: false
[489.815s][debug][gc,phases      ] GC(40) Reference Processing 0.091ms
[489.815s][debug][gc,phases      ] GC(40)   VM Weak                        Min:  0.0, Avg:  0.0, Max:  0.0, Diff:  0.0, Sum:  0.0, Workers: 4
[489.815s][debug][gc,phases      ] GC(40)     Dead                           Min: 0, Avg:  0.0, Max: 0, Diff: 0, Sum: 0, Workers: 4
[489.815s][debug][gc,phases      ] GC(40)     Total                          Min: 0, Avg: 172.5, Max: 576, Diff: 576, Sum: 690, Workers: 4
[489.815s][debug][gc,phases      ] GC(40)   ObjectSynchronizer Weak        Min:  0.0, Avg:  0.0, Max:  0.0, Diff:  0.0, Sum:  0.0, Workers: 4
[489.815s][debug][gc,phases      ] GC(40)     Dead                           Min: 0, Avg:  0.0, Max: 0, Diff: 0, Sum: 0, Workers: 4
[489.815s][debug][gc,phases      ] GC(40)     Total                          Min: 0, Avg:  1.0, Max: 4, Diff: 4, Sum: 4, Workers: 4
[489.815s][debug][gc,phases      ] GC(40)   JVMTI Tag Weak OopStorage      Min:  0.0, Avg:  0.0, Max:  0.0, Diff:  0.0, Sum:  0.0, Workers: 4
[489.815s][debug][gc,phases      ] GC(40)     Dead                           Min: 0, Avg:  0.0, Max: 0, Diff: 0, Sum: 0, Workers: 4
[489.815s][debug][gc,phases      ] GC(40)     Total                          Min: 0, Avg:  0.0, Max: 0, Diff: 0, Sum: 0, Workers: 4
[489.815s][debug][gc,phases      ] GC(40)   StringTable Weak               Min:  0.0, Avg:  0.1, Max:  0.2, Diff:  0.2, Sum:  0.3, Workers: 4
[489.815s][debug][gc,phases      ] GC(40)     Dead                           Min: 0, Avg:  0.0, Max: 0, Diff: 0, Sum: 0, Workers: 4
[489.815s][debug][gc,phases      ] GC(40)     Total                          Min: 0, Avg: 10686.0, Max: 26048, Diff: 26048, Sum: 42744, Workers: 4
[489.815s][debug][gc,phases      ] GC(40)   ResolvedMethodTable Weak       Min:  0.0, Avg:  0.0, Max:  0.0, Diff:  0.0, Sum:  0.1, Workers: 4
[489.815s][debug][gc,phases      ] GC(40)     Dead                           Min: 0, Avg:  0.0, Max: 0, Diff: 0, Sum: 0, Workers: 4
[489.815s][debug][gc,phases      ] GC(40)     Total                          Min: 0, Avg: 2314.2, Max: 5481, Diff: 5481, Sum: 9257, Workers: 4
[489.815s][debug][gc,phases      ] GC(40)   JNI Weak                       Min:  0.0, Avg:  0.0, Max:  0.0, Diff:  0.0, Sum:  0.0, Workers: 4
[489.815s][debug][gc,phases      ] GC(40)     Dead                           Min: 0, Avg:  0.0, Max: 0, Diff: 0, Sum: 0, Workers: 4
[489.815s][debug][gc,phases      ] GC(40)     Total                          Min: 0, Avg: 11.2, Max: 45, Diff: 45, Sum: 45, Workers: 4
[489.815s][debug][gc,phases      ] GC(40)   StringDedup Table Weak         Min:  0.0, Avg:  0.0, Max:  0.0, Diff:  0.0, Sum:  0.0, Workers: 4
[489.815s][debug][gc,phases      ] GC(40)     Dead                           Min: 0, Avg:  0.0, Max: 0, Diff: 0, Sum: 0, Workers: 4
[489.815s][debug][gc,phases      ] GC(40)     Total                          Min: 0, Avg:  0.0, Max: 0, Diff: 0, Sum: 0, Workers: 4
[489.815s][debug][gc,phases      ] GC(40)   StringDedup Requests0 Weak     Min:  0.0, Avg:  0.0, Max:  0.0, Diff:  0.0, Sum:  0.0, Workers: 4
[489.815s][debug][gc,phases      ] GC(40)     Dead                           Min: 0, Avg:  0.0, Max: 0, Diff: 0, Sum: 0, Workers: 4
[489.815s][debug][gc,phases      ] GC(40)     Total                          Min: 0, Avg:  0.0, Max: 0, Diff: 0, Sum: 0, Workers: 4
[489.815s][debug][gc,phases      ] GC(40)   StringDedup Requests1 Weak     Min:  0.0, Avg:  0.0, Max:  0.0, Diff:  0.0, Sum:  0.0, Workers: 4
[489.815s][debug][gc,phases      ] GC(40)     Dead                           Min: 0, Avg:  0.0, Max: 0, Diff: 0, Sum: 0, Workers: 4
[489.815s][debug][gc,phases      ] GC(40)     Total                          Min: 0, Avg:  0.0, Max: 0, Diff: 0, Sum: 0, Workers: 4
[489.815s][debug][gc,phases      ] GC(40)   Weak JFR Old Object Samples    Min:  0.0, Avg:  0.0, Max:  0.0, Diff:  0.0, Sum:  0.0, Workers: 4
[489.815s][debug][gc,phases      ] GC(40)     Dead                           Min: 0, Avg:  0.0, Max: 0, Diff: 0, Sum: 0, Workers: 4
[489.815s][debug][gc,phases      ] GC(40)     Total                          Min: 0, Avg:  0.0, Max: 0, Diff: 0, Sum: 0, Workers: 4
[489.815s][debug][gc,phases      ] GC(40) Weak Processing 0.359ms
[489.815s][debug][gc,age         ] GC(40) Desired survivor size 94896128 bytes, new threshold 15 (max threshold 15)
[489.815s][info ][gc,heap        ] GC(40) PSYoungGen: 1895200K(1997312K)->5408K(1989632K) Eden: 1889792K(1889792K)->0K(1889792K) From: 5408K(107520K)->5408K(99840K)
[489.815s][info ][gc,heap        ] GC(40) ParOldGen: 233560K(343552K)->233568K(343552K)
[489.815s][info ][gc,metaspace   ] GC(40) Metaspace: 80190K(81088K)->80190K(81088K) NonClass: 68427K(68928K)->68427K(68928K) Class: 11762K(12160K)->11762K(12160K)
[489.815s][info ][gc             ] GC(40) Pause Young (Allocation Failure) 2078M->233M(2278M) 4.119ms
[489.815s][info ][gc,cpu         ] GC(40) User=0.01s Sys=0.00s Real=0.00s
[489.815s][info ][safepoint      ] Safepoint "ParallelGCFailedAllocation", Time since last: 7244734649 ns, Reaching safepoint: 4300 ns, Cleanup: 26000 ns, At safepoint: 4180500 ns, Total: 4210800 ns
[508.062s][info ][gc,start       ] GC(41) Pause Young (Allocation Failure)
[508.067s][debug][gc,phases      ] GC(41) Scavenge 4.306ms
[508.067s][debug][gc,ref         ] GC(41) Skipped phase 1 of Reference Processing: no references
[508.067s][debug][gc,ref         ] GC(41) ReferenceProcessor::execute queues: 1, RefProcThreadModel::Single, marks_oops_alive: false
[508.067s][debug][gc,ref         ] GC(41) Skipped phase 3 of Reference Processing: no references
[508.067s][debug][gc,ref         ] GC(41) ReferenceProcessor::execute queues: 1, RefProcThreadModel::Single, marks_oops_alive: false
[508.067s][debug][gc,phases      ] GC(41) Reference Processing 0.092ms
[508.067s][debug][gc,phases      ] GC(41)   VM Weak                        Min:  0.0, Avg:  0.0, Max:  0.0, Diff:  0.0, Sum:  0.0, Workers: 4
[508.067s][debug][gc,phases      ] GC(41)     Dead                           Min: 0, Avg:  0.0, Max: 0, Diff: 0, Sum: 0, Workers: 4
[508.067s][debug][gc,phases      ] GC(41)     Total                          Min: 0, Avg: 172.5, Max: 448, Diff: 448, Sum: 690, Workers: 4
[508.067s][debug][gc,phases      ] GC(41)   ObjectSynchronizer Weak        Min:  0.0, Avg:  0.0, Max:  0.0, Diff:  0.0, Sum:  0.0, Workers: 4
[508.067s][debug][gc,phases      ] GC(41)     Dead                           Min: 0, Avg:  0.0, Max: 0, Diff: 0, Sum: 0, Workers: 4
[508.067s][debug][gc,phases      ] GC(41)     Total                          Min: 0, Avg:  1.0, Max: 4, Diff: 4, Sum: 4, Workers: 4
[508.067s][debug][gc,phases      ] GC(41)   JVMTI Tag Weak OopStorage      Min:  0.0, Avg:  0.0, Max:  0.0, Diff:  0.0, Sum:  0.0, Workers: 4
[508.067s][debug][gc,phases      ] GC(41)     Dead                           Min: 0, Avg:  0.0, Max: 0, Diff: 0, Sum: 0, Workers: 4
[508.067s][debug][gc,phases      ] GC(41)     Total                          Min: 0, Avg:  0.0, Max: 0, Diff: 0, Sum: 0, Workers: 4
[508.067s][debug][gc,phases      ] GC(41)   StringTable Weak               Min:  0.0, Avg:  0.1, Max:  0.2, Diff:  0.2, Sum:  0.3, Workers: 4
[508.067s][debug][gc,phases      ] GC(41)     Dead                           Min: 0, Avg:  0.0, Max: 0, Diff: 0, Sum: 0, Workers: 4
[508.067s][debug][gc,phases      ] GC(41)     Total                          Min: 0, Avg: 10686.0, Max: 25592, Diff: 25592, Sum: 42744, Workers: 4
[508.067s][debug][gc,phases      ] GC(41)   ResolvedMethodTable Weak       Min:  0.0, Avg:  0.0, Max:  0.0, Diff:  0.0, Sum:  0.1, Workers: 4
[508.067s][debug][gc,phases      ] GC(41)     Dead                           Min: 0, Avg:  0.0, Max: 0, Diff: 0, Sum: 0, Workers: 4
[508.067s][debug][gc,phases      ] GC(41)     Total                          Min: 0, Avg: 2314.2, Max: 5568, Diff: 5568, Sum: 9257, Workers: 4
[508.067s][debug][gc,phases      ] GC(41)   JNI Weak                       Min:  0.0, Avg:  0.0, Max:  0.0, Diff:  0.0, Sum:  0.0, Workers: 4
[508.067s][debug][gc,phases      ] GC(41)     Dead                           Min: 0, Avg:  0.0, Max: 0, Diff: 0, Sum: 0, Workers: 4
[508.067s][debug][gc,phases      ] GC(41)     Total                          Min: 0, Avg: 11.2, Max: 45, Diff: 45, Sum: 45, Workers: 4
[508.067s][debug][gc,phases      ] GC(41)   StringDedup Table Weak         Min:  0.0, Avg:  0.0, Max:  0.0, Diff:  0.0, Sum:  0.0, Workers: 4
[508.067s][debug][gc,phases      ] GC(41)     Dead                           Min: 0, Avg:  0.0, Max: 0, Diff: 0, Sum: 0, Workers: 4
[508.067s][debug][gc,phases      ] GC(41)     Total                          Min: 0, Avg:  0.0, Max: 0, Diff: 0, Sum: 0, Workers: 4
[508.067s][debug][gc,phases      ] GC(41)   StringDedup Requests0 Weak     Min:  0.0, Avg:  0.0, Max:  0.0, Diff:  0.0, Sum:  0.0, Workers: 4
[508.067s][debug][gc,phases      ] GC(41)     Dead                           Min: 0, Avg:  0.0, Max: 0, Diff: 0, Sum: 0, Workers: 4
[508.067s][debug][gc,phases      ] GC(41)     Total                          Min: 0, Avg:  0.0, Max: 0, Diff: 0, Sum: 0, Workers: 4
[508.067s][debug][gc,phases      ] GC(41)   StringDedup Requests1 Weak     Min:  0.0, Avg:  0.0, Max:  0.0, Diff:  0.0, Sum:  0.0, Workers: 4
[508.067s][debug][gc,phases      ] GC(41)     Dead                           Min: 0, Avg:  0.0, Max: 0, Diff: 0, Sum: 0, Workers: 4
[508.067s][debug][gc,phases      ] GC(41)     Total                          Min: 0, Avg:  0.0, Max: 0, Diff: 0, Sum: 0, Workers: 4
[508.067s][debug][gc,phases      ] GC(41)   Weak JFR Old Object Samples    Min:  0.0, Avg:  0.0, Max:  0.0, Diff:  0.0, Sum:  0.0, Workers: 4
[508.067s][debug][gc,phases      ] GC(41)     Dead                           Min: 0, Avg:  0.0, Max: 0, Diff: 0, Sum: 0, Workers: 4
[508.067s][debug][gc,phases      ] GC(41)     Total                          Min: 0, Avg:  0.0, Max: 0, Diff: 0, Sum: 0, Workers: 4
[508.067s][debug][gc,phases      ] GC(41) Weak Processing 0.361ms
[508.067s][debug][gc,age         ] GC(41) Desired survivor size 88080384 bytes, new threshold 15 (max threshold 15)
[508.067s][info ][gc,heap        ] GC(41) PSYoungGen: 1895200K(1989632K)->5424K(2011136K) Eden: 1889792K(1889792K)->0K(1918464K) From: 5408K(99840K)->5424K(92672K)
[508.067s][info ][gc,heap        ] GC(41) ParOldGen: 233568K(343552K)->233576K(343552K)
[508.067s][info ][gc,metaspace   ] GC(41) Metaspace: 80191K(81088K)->80191K(81088K) NonClass: 68428K(68928K)->68428K(68928K) Class: 11762K(12160K)->11762K(12160K)
[508.067s][info ][gc             ] GC(41) Pause Young (Allocation Failure) 2078M->233M(2299M) 4.875ms
[508.067s][info ][gc,cpu         ] GC(41) User=0.02s Sys=0.00s Real=0.00s
[508.067s][info ][safepoint      ] Safepoint "ParallelGCFailedAllocation", Time since last: 18247170942 ns, Reaching safepoint: 3700 ns, Cleanup: 30500 ns, At safepoint: 4936500 ns, Total: 4970700 ns
[521.068s][info ][safepoint      ] Safepoint "Cleanup", Time since last: 13000779827 ns, Reaching safepoint: 5000 ns, Cleanup: 40500 ns, At safepoint: 2700 ns, Total: 48200 ns
[525.069s][info ][safepoint      ] Safepoint "Cleanup", Time since last: 4000301728 ns, Reaching safepoint: 4200 ns, Cleanup: 29900 ns, At safepoint: 5300 ns, Total: 39400 ns
[526.610s][info ][gc,start       ] GC(42) Pause Young (Allocation Failure)
[526.614s][debug][gc,phases      ] GC(42) Scavenge 3.568ms
[526.614s][debug][gc,ref         ] GC(42) Skipped phase 1 of Reference Processing: no references
[526.614s][debug][gc,ref         ] GC(42) ReferenceProcessor::execute queues: 1, RefProcThreadModel::Single, marks_oops_alive: false
[526.614s][debug][gc,ref         ] GC(42) Skipped phase 3 of Reference Processing: no references
[526.614s][debug][gc,ref         ] GC(42) ReferenceProcessor::execute queues: 1, RefProcThreadModel::Single, marks_oops_alive: false
[526.614s][debug][gc,phases      ] GC(42) Reference Processing 0.126ms
[526.614s][debug][gc,phases      ] GC(42)   VM Weak                        Min:  0.0, Avg:  0.0, Max:  0.0, Diff:  0.0, Sum:  0.0, Workers: 4
[526.614s][debug][gc,phases      ] GC(42)     Dead                           Min: 0, Avg:  0.0, Max: 0, Diff: 0, Sum: 0, Workers: 4
[526.614s][debug][gc,phases      ] GC(42)     Total                          Min: 0, Avg: 172.5, Max: 448, Diff: 448, Sum: 690, Workers: 4
[526.614s][debug][gc,phases      ] GC(42)   ObjectSynchronizer Weak        Min:  0.0, Avg:  0.0, Max:  0.0, Diff:  0.0, Sum:  0.0, Workers: 4
[526.614s][debug][gc,phases      ] GC(42)     Dead                           Min: 0, Avg:  0.0, Max: 0, Diff: 0, Sum: 0, Workers: 4
[526.614s][debug][gc,phases      ] GC(42)     Total                          Min: 0, Avg:  1.0, Max: 4, Diff: 4, Sum: 4, Workers: 4
[526.614s][debug][gc,phases      ] GC(42)   JVMTI Tag Weak OopStorage      Min:  0.0, Avg:  0.0, Max:  0.0, Diff:  0.0, Sum:  0.0, Workers: 4
[526.614s][debug][gc,phases      ] GC(42)     Dead                           Min: 0, Avg:  0.0, Max: 0, Diff: 0, Sum: 0, Workers: 4
[526.614s][debug][gc,phases      ] GC(42)     Total                          Min: 0, Avg:  0.0, Max: 0, Diff: 0, Sum: 0, Workers: 4
[526.615s][debug][gc,phases      ] GC(42)   StringTable Weak               Min:  0.0, Avg:  0.1, Max:  0.1, Diff:  0.1, Sum:  0.4, Workers: 4
[526.615s][debug][gc,phases      ] GC(42)     Dead                           Min: 0, Avg:  0.0, Max: 0, Diff: 0, Sum: 0, Workers: 4
[526.615s][debug][gc,phases      ] GC(42)     Total                          Min: 0, Avg: 10686.0, Max: 14656, Diff: 14656, Sum: 42744, Workers: 4
[526.615s][debug][gc,phases      ] GC(42)   ResolvedMethodTable Weak       Min:  0.0, Avg:  0.0, Max:  0.0, Diff:  0.0, Sum:  0.1, Workers: 4
[526.615s][debug][gc,phases      ] GC(42)     Dead                           Min: 0, Avg:  0.0, Max: 0, Diff: 0, Sum: 0, Workers: 4
[526.615s][debug][gc,phases      ] GC(42)     Total                          Min: 0, Avg: 2314.2, Max: 3328, Diff: 3328, Sum: 9257, Workers: 4
[526.615s][debug][gc,phases      ] GC(42)   JNI Weak                       Min:  0.0, Avg:  0.0, Max:  0.0, Diff:  0.0, Sum:  0.0, Workers: 4
[526.615s][debug][gc,phases      ] GC(42)     Dead                           Min: 0, Avg:  0.0, Max: 0, Diff: 0, Sum: 0, Workers: 4
[526.615s][debug][gc,phases      ] GC(42)     Total                          Min: 0, Avg: 11.2, Max: 45, Diff: 45, Sum: 45, Workers: 4
[526.615s][debug][gc,phases      ] GC(42)   StringDedup Table Weak         Min:  0.0, Avg:  0.0, Max:  0.0, Diff:  0.0, Sum:  0.0, Workers: 4
[526.615s][debug][gc,phases      ] GC(42)     Dead                           Min: 0, Avg:  0.0, Max: 0, Diff: 0, Sum: 0, Workers: 4
[526.615s][debug][gc,phases      ] GC(42)     Total                          Min: 0, Avg:  0.0, Max: 0, Diff: 0, Sum: 0, Workers: 4
[526.615s][debug][gc,phases      ] GC(42)   StringDedup Requests0 Weak     Min:  0.0, Avg:  0.0, Max:  0.0, Diff:  0.0, Sum:  0.0, Workers: 4
[526.615s][debug][gc,phases      ] GC(42)     Dead                           Min: 0, Avg:  0.0, Max: 0, Diff: 0, Sum: 0, Workers: 4
[526.615s][debug][gc,phases      ] GC(42)     Total                          Min: 0, Avg:  0.0, Max: 0, Diff: 0, Sum: 0, Workers: 4
[526.615s][debug][gc,phases      ] GC(42)   StringDedup Requests1 Weak     Min:  0.0, Avg:  0.0, Max:  0.0, Diff:  0.0, Sum:  0.0, Workers: 4
[526.615s][debug][gc,phases      ] GC(42)     Dead                           Min: 0, Avg:  0.0, Max: 0, Diff: 0, Sum: 0, Workers: 4
[526.615s][debug][gc,phases      ] GC(42)     Total                          Min: 0, Avg:  0.0, Max: 0, Diff: 0, Sum: 0, Workers: 4
[526.615s][debug][gc,phases      ] GC(42)   Weak JFR Old Object Samples    Min:  0.0, Avg:  0.0, Max:  0.0, Diff:  0.0, Sum:  0.0, Workers: 4
[526.615s][debug][gc,phases      ] GC(42)     Dead                           Min: 0, Avg:  0.0, Max: 0, Diff: 0, Sum: 0, Workers: 4
[526.615s][debug][gc,phases      ] GC(42)     Total                          Min: 0, Avg:  0.0, Max: 0, Diff: 0, Sum: 0, Workers: 4
[526.615s][debug][gc,phases      ] GC(42) Weak Processing 0.338ms
[526.615s][debug][gc,age         ] GC(42) Desired survivor size 81264640 bytes, new threshold 15 (max threshold 15)
[526.615s][info ][gc,heap        ] GC(42) PSYoungGen: 1923888K(2011136K)->5440K(2004480K) Eden: 1918464K(1918464K)->0K(1918464K) From: 5424K(92672K)->5440K(86016K)
[526.615s][info ][gc,heap        ] GC(42) ParOldGen: 233576K(343552K)->233600K(343552K)
[526.615s][info ][gc,metaspace   ] GC(42) Metaspace: 80203K(81088K)->80203K(81088K) NonClass: 68441K(68928K)->68441K(68928K) Class: 11762K(12160K)->11762K(12160K)
[526.615s][info ][gc             ] GC(42) Pause Young (Allocation Failure) 2106M->233M(2293M) 4.142ms
[526.615s][info ][gc,cpu         ] GC(42) User=0.01s Sys=0.00s Real=0.00s
[526.615s][info ][safepoint      ] Safepoint "ParallelGCFailedAllocation", Time since last: 1541893921 ns, Reaching safepoint: 5000 ns, Cleanup: 33600 ns, At safepoint: 4204599 ns, Total: 4243199 ns
[529.615s][info ][safepoint      ] Safepoint "Cleanup", Time since last: 3000223251 ns, Reaching safepoint: 5400 ns, Cleanup: 35600 ns, At safepoint: 2200 ns, Total: 43200 ns
[545.160s][info ][gc,start       ] GC(43) Pause Young (Allocation Failure)
[545.164s][debug][gc,phases      ] GC(43) Scavenge 3.705ms
[545.164s][debug][gc,ref         ] GC(43) Skipped phase 1 of Reference Processing: no references
[545.164s][debug][gc,ref         ] GC(43) ReferenceProcessor::execute queues: 1, RefProcThreadModel::Single, marks_oops_alive: false
[545.164s][debug][gc,ref         ] GC(43) Skipped phase 3 of Reference Processing: no references
[545.164s][debug][gc,ref         ] GC(43) ReferenceProcessor::execute queues: 1, RefProcThreadModel::Single, marks_oops_alive: false
[545.164s][debug][gc,phases      ] GC(43) Reference Processing 0.102ms
[545.164s][debug][gc,phases      ] GC(43)   VM Weak                        Min:  0.0, Avg:  0.0, Max:  0.0, Diff:  0.0, Sum:  0.0, Workers: 4
[545.164s][debug][gc,phases      ] GC(43)     Dead                           Min: 0, Avg:  0.0, Max: 0, Diff: 0, Sum: 0, Workers: 4
[545.164s][debug][gc,phases      ] GC(43)     Total                          Min: 0, Avg: 172.5, Max: 512, Diff: 512, Sum: 690, Workers: 4
[545.164s][debug][gc,phases      ] GC(43)   ObjectSynchronizer Weak        Min:  0.0, Avg:  0.0, Max:  0.0, Diff:  0.0, Sum:  0.0, Workers: 4
[545.164s][debug][gc,phases      ] GC(43)     Dead                           Min: 0, Avg:  0.0, Max: 0, Diff: 0, Sum: 0, Workers: 4
[545.164s][debug][gc,phases      ] GC(43)     Total                          Min: 0, Avg:  1.0, Max: 4, Diff: 4, Sum: 4, Workers: 4
[545.164s][debug][gc,phases      ] GC(43)   JVMTI Tag Weak OopStorage      Min:  0.0, Avg:  0.0, Max:  0.0, Diff:  0.0, Sum:  0.0, Workers: 4
[545.164s][debug][gc,phases      ] GC(43)     Dead                           Min: 0, Avg:  0.0, Max: 0, Diff: 0, Sum: 0, Workers: 4
[545.164s][debug][gc,phases      ] GC(43)     Total                          Min: 0, Avg:  0.0, Max: 0, Diff: 0, Sum: 0, Workers: 4
[545.164s][debug][gc,phases      ] GC(43)   StringTable Weak               Min:  0.0, Avg:  0.1, Max:  0.2, Diff:  0.2, Sum:  0.3, Workers: 4
[545.164s][debug][gc,phases      ] GC(43)     Dead                           Min: 0, Avg:  0.0, Max: 0, Diff: 0, Sum: 0, Workers: 4
[545.164s][debug][gc,phases      ] GC(43)     Total                          Min: 0, Avg: 10686.0, Max: 26240, Diff: 26240, Sum: 42744, Workers: 4
[545.164s][debug][gc,phases      ] GC(43)   ResolvedMethodTable Weak       Min:  0.0, Avg:  0.0, Max:  0.0, Diff:  0.0, Sum:  0.1, Workers: 4
[545.164s][debug][gc,phases      ] GC(43)     Dead                           Min: 0, Avg:  0.0, Max: 0, Diff: 0, Sum: 0, Workers: 4
[545.164s][debug][gc,phases      ] GC(43)     Total                          Min: 0, Avg: 2314.2, Max: 5696, Diff: 5696, Sum: 9257, Workers: 4
[545.164s][debug][gc,phases      ] GC(43)   JNI Weak                       Min:  0.0, Avg:  0.0, Max:  0.0, Diff:  0.0, Sum:  0.0, Workers: 4
[545.164s][debug][gc,phases      ] GC(43)     Dead                           Min: 0, Avg:  0.0, Max: 0, Diff: 0, Sum: 0, Workers: 4
[545.164s][debug][gc,phases      ] GC(43)     Total                          Min: 0, Avg: 11.2, Max: 45, Diff: 45, Sum: 45, Workers: 4
[545.164s][debug][gc,phases      ] GC(43)   StringDedup Table Weak         Min:  0.0, Avg:  0.0, Max:  0.0, Diff:  0.0, Sum:  0.0, Workers: 4
[545.164s][debug][gc,phases      ] GC(43)     Dead                           Min: 0, Avg:  0.0, Max: 0, Diff: 0, Sum: 0, Workers: 4
[545.164s][debug][gc,phases      ] GC(43)     Total                          Min: 0, Avg:  0.0, Max: 0, Diff: 0, Sum: 0, Workers: 4
[545.164s][debug][gc,phases      ] GC(43)   StringDedup Requests0 Weak     Min:  0.0, Avg:  0.0, Max:  0.0, Diff:  0.0, Sum:  0.0, Workers: 4
[545.164s][debug][gc,phases      ] GC(43)     Dead                           Min: 0, Avg:  0.0, Max: 0, Diff: 0, Sum: 0, Workers: 4
[545.164s][debug][gc,phases      ] GC(43)     Total                          Min: 0, Avg:  0.0, Max: 0, Diff: 0, Sum: 0, Workers: 4
[545.164s][debug][gc,phases      ] GC(43)   StringDedup Requests1 Weak     Min:  0.0, Avg:  0.0, Max:  0.0, Diff:  0.0, Sum:  0.0, Workers: 4
[545.164s][debug][gc,phases      ] GC(43)     Dead                           Min: 0, Avg:  0.0, Max: 0, Diff: 0, Sum: 0, Workers: 4
[545.164s][debug][gc,phases      ] GC(43)     Total                          Min: 0, Avg:  0.0, Max: 0, Diff: 0, Sum: 0, Workers: 4
[545.164s][debug][gc,phases      ] GC(43)   Weak JFR Old Object Samples    Min:  0.0, Avg:  0.0, Max:  0.0, Diff:  0.0, Sum:  0.0, Workers: 4
[545.164s][debug][gc,phases      ] GC(43)     Dead                           Min: 0, Avg:  0.0, Max: 0, Diff: 0, Sum: 0, Workers: 4
[545.164s][debug][gc,phases      ] GC(43)     Total                          Min: 0, Avg:  0.0, Max: 0, Diff: 0, Sum: 0, Workers: 4
[545.164s][debug][gc,phases      ] GC(43) Weak Processing 0.361ms
[545.164s][debug][gc,age         ] GC(43) Desired survivor size 75497472 bytes, new threshold 15 (max threshold 15)
[545.164s][info ][gc,heap        ] GC(43) PSYoungGen: 1923904K(2004480K)->5408K(2023424K) Eden: 1918464K(1918464K)->0K(1944064K) From: 5440K(86016K)->5408K(79360K)
[545.164s][info ][gc,heap        ] GC(43) ParOldGen: 233600K(343552K)->233632K(343552K)
[545.164s][info ][gc,metaspace   ] GC(43) Metaspace: 80203K(81088K)->80203K(81088K) NonClass: 68441K(68928K)->68441K(68928K) Class: 11762K(12160K)->11762K(12160K)
[545.164s][info ][gc             ] GC(43) Pause Young (Allocation Failure) 2106M->233M(2311M) 4.288ms
[545.164s][info ][gc,cpu         ] GC(43) User=0.00s Sys=0.01s Real=0.01s
[545.164s][info ][safepoint      ] Safepoint "ParallelGCFailedAllocation", Time since last: 15544890781 ns, Reaching safepoint: 3700 ns, Cleanup: 26700 ns, At safepoint: 4349500 ns, Total: 4379900 ns
[552.165s][info ][safepoint      ] Safepoint "Cleanup", Time since last: 7000430284 ns, Reaching safepoint: 3800 ns, Cleanup: 32500 ns, At safepoint: 21800 ns, Total: 58100 ns
[563.759s][info ][gc,start       ] GC(44) Pause Young (Allocation Failure)
[563.763s][debug][gc,phases      ] GC(44) Scavenge 3.895ms
[563.763s][debug][gc,ref         ] GC(44) Skipped phase 1 of Reference Processing: no references
[563.764s][debug][gc,ref         ] GC(44) ReferenceProcessor::execute queues: 1, RefProcThreadModel::Single, marks_oops_alive: false
[563.764s][debug][gc,ref         ] GC(44) Skipped phase 3 of Reference Processing: no references
[563.764s][debug][gc,ref         ] GC(44) ReferenceProcessor::execute queues: 1, RefProcThreadModel::Single, marks_oops_alive: false
[563.764s][debug][gc,phases      ] GC(44) Reference Processing 0.092ms
[563.764s][debug][gc,phases      ] GC(44)   VM Weak                        Min:  0.0, Avg:  0.0, Max:  0.0, Diff:  0.0, Sum:  0.0, Workers: 4
[563.764s][debug][gc,phases      ] GC(44)     Dead                           Min: 0, Avg:  0.0, Max: 0, Diff: 0, Sum: 0, Workers: 4
[563.764s][debug][gc,phases      ] GC(44)     Total                          Min: 0, Avg: 172.5, Max: 384, Diff: 384, Sum: 690, Workers: 4
[563.764s][debug][gc,phases      ] GC(44)   ObjectSynchronizer Weak        Min:  0.0, Avg:  0.0, Max:  0.0, Diff:  0.0, Sum:  0.0, Workers: 4
[563.764s][debug][gc,phases      ] GC(44)     Dead                           Min: 0, Avg:  0.0, Max: 0, Diff: 0, Sum: 0, Workers: 4
[563.764s][debug][gc,phases      ] GC(44)     Total                          Min: 0, Avg:  1.0, Max: 4, Diff: 4, Sum: 4, Workers: 4
[563.764s][debug][gc,phases      ] GC(44)   JVMTI Tag Weak OopStorage      Min:  0.0, Avg:  0.0, Max:  0.0, Diff:  0.0, Sum:  0.0, Workers: 4
[563.764s][debug][gc,phases      ] GC(44)     Dead                           Min: 0, Avg:  0.0, Max: 0, Diff: 0, Sum: 0, Workers: 4
[563.764s][debug][gc,phases      ] GC(44)     Total                          Min: 0, Avg:  0.0, Max: 0, Diff: 0, Sum: 0, Workers: 4
[563.764s][debug][gc,phases      ] GC(44)   StringTable Weak               Min:  0.0, Avg:  0.1, Max:  0.1, Diff:  0.1, Sum:  0.3, Workers: 4
[563.764s][debug][gc,phases      ] GC(44)     Dead                           Min: 0, Avg:  0.0, Max: 0, Diff: 0, Sum: 0, Workers: 4
[563.764s][debug][gc,phases      ] GC(44)     Total                          Min: 0, Avg: 10686.5, Max: 26234, Diff: 26234, Sum: 42746, Workers: 4
[563.764s][debug][gc,phases      ] GC(44)   ResolvedMethodTable Weak       Min:  0.0, Avg:  0.0, Max:  0.0, Diff:  0.0, Sum:  0.1, Workers: 4
[563.764s][debug][gc,phases      ] GC(44)     Dead                           Min: 0, Avg:  0.0, Max: 0, Diff: 0, Sum: 0, Workers: 4
[563.764s][debug][gc,phases      ] GC(44)     Total                          Min: 0, Avg: 2314.2, Max: 5440, Diff: 5440, Sum: 9257, Workers: 4
[563.764s][debug][gc,phases      ] GC(44)   JNI Weak                       Min:  0.0, Avg:  0.0, Max:  0.0, Diff:  0.0, Sum:  0.0, Workers: 4
[563.764s][debug][gc,phases      ] GC(44)     Dead                           Min: 0, Avg:  0.0, Max: 0, Diff: 0, Sum: 0, Workers: 4
[563.764s][debug][gc,phases      ] GC(44)     Total                          Min: 0, Avg: 11.2, Max: 45, Diff: 45, Sum: 45, Workers: 4
[563.764s][debug][gc,phases      ] GC(44)   StringDedup Table Weak         Min:  0.0, Avg:  0.0, Max:  0.0, Diff:  0.0, Sum:  0.0, Workers: 4
[563.764s][debug][gc,phases      ] GC(44)     Dead                           Min: 0, Avg:  0.0, Max: 0, Diff: 0, Sum: 0, Workers: 4
[563.764s][debug][gc,phases      ] GC(44)     Total                          Min: 0, Avg:  0.0, Max: 0, Diff: 0, Sum: 0, Workers: 4
[563.764s][debug][gc,phases      ] GC(44)   StringDedup Requests0 Weak     Min:  0.0, Avg:  0.0, Max:  0.0, Diff:  0.0, Sum:  0.0, Workers: 4
[563.764s][debug][gc,phases      ] GC(44)     Dead                           Min: 0, Avg:  0.0, Max: 0, Diff: 0, Sum: 0, Workers: 4
[563.764s][debug][gc,phases      ] GC(44)     Total                          Min: 0, Avg:  0.0, Max: 0, Diff: 0, Sum: 0, Workers: 4
[563.764s][debug][gc,phases      ] GC(44)   StringDedup Requests1 Weak     Min:  0.0, Avg:  0.0, Max:  0.0, Diff:  0.0, Sum:  0.0, Workers: 4
[563.764s][debug][gc,phases      ] GC(44)     Dead                           Min: 0, Avg:  0.0, Max: 0, Diff: 0, Sum: 0, Workers: 4
[563.764s][debug][gc,phases      ] GC(44)     Total                          Min: 0, Avg:  0.0, Max: 0, Diff: 0, Sum: 0, Workers: 4
[563.764s][debug][gc,phases      ] GC(44)   Weak JFR Old Object Samples    Min:  0.0, Avg:  0.0, Max:  0.0, Diff:  0.0, Sum:  0.0, Workers: 4
[563.764s][debug][gc,phases      ] GC(44)     Dead                           Min: 0, Avg:  0.0, Max: 0, Diff: 0, Sum: 0, Workers: 4
[563.764s][debug][gc,phases      ] GC(44)     Total                          Min: 0, Avg:  0.0, Max: 0, Diff: 0, Sum: 0, Workers: 4
[563.764s][debug][gc,phases      ] GC(44) Weak Processing 0.349ms
[563.764s][debug][gc,age         ] GC(44) Desired survivor size 70254592 bytes, new threshold 15 (max threshold 15)
[563.764s][info ][gc,heap        ] GC(44) PSYoungGen: 1949472K(2023424K)->5408K(2017792K) Eden: 1944064K(1944064K)->0K(1944064K) From: 5408K(79360K)->5408K(73728K)
[563.764s][info ][gc,heap        ] GC(44) ParOldGen: 233632K(343552K)->233648K(343552K)
[563.764s][info ][gc,metaspace   ] GC(44) Metaspace: 80206K(81088K)->80206K(81088K) NonClass: 68443K(68928K)->68443K(68928K) Class: 11762K(12160K)->11762K(12160K)
[563.764s][info ][gc             ] GC(44) Pause Young (Allocation Failure) 2131M->233M(2306M) 4.462ms
[563.764s][info ][gc,cpu         ] GC(44) User=0.01s Sys=0.00s Real=0.01s
[563.764s][info ][safepoint      ] Safepoint "ParallelGCFailedAllocation", Time since last: 11594659172 ns, Reaching safepoint: 75700 ns, Cleanup: 29300 ns, At safepoint: 4528600 ns, Total: 4633600 ns
[569.227s][info ][safepoint      ] Safepoint "Cleanup", Time since last: 5462716044 ns, Reaching safepoint: 4100 ns, Cleanup: 55500 ns, At safepoint: 2300 ns, Total: 61900 ns
[582.509s][info ][gc,start       ] GC(45) Pause Young (Allocation Failure)
[582.514s][debug][gc,phases      ] GC(45) Scavenge 4.165ms
[582.514s][debug][gc,ref         ] GC(45) Skipped phase 1 of Reference Processing: no references
[582.514s][debug][gc,ref         ] GC(45) ReferenceProcessor::execute queues: 1, RefProcThreadModel::Single, marks_oops_alive: false
[582.514s][debug][gc,ref         ] GC(45) Skipped phase 3 of Reference Processing: no references
[582.514s][debug][gc,ref         ] GC(45) ReferenceProcessor::execute queues: 1, RefProcThreadModel::Single, marks_oops_alive: false
[582.514s][debug][gc,phases      ] GC(45) Reference Processing 0.088ms
[582.514s][debug][gc,phases      ] GC(45)   VM Weak                        Min:  0.0, Avg:  0.0, Max:  0.0, Diff:  0.0, Sum:  0.0, Workers: 4
[582.514s][debug][gc,phases      ] GC(45)     Dead                           Min: 0, Avg:  0.0, Max: 0, Diff: 0, Sum: 0, Workers: 4
[582.514s][debug][gc,phases      ] GC(45)     Total                          Min: 0, Avg: 172.5, Max: 370, Diff: 370, Sum: 690, Workers: 4
[582.514s][debug][gc,phases      ] GC(45)   ObjectSynchronizer Weak        Min:  0.0, Avg:  0.0, Max:  0.0, Diff:  0.0, Sum:  0.0, Workers: 4
[582.514s][debug][gc,phases      ] GC(45)     Dead                           Min: 0, Avg:  0.0, Max: 0, Diff: 0, Sum: 0, Workers: 4
[582.514s][debug][gc,phases      ] GC(45)     Total                          Min: 0, Avg:  1.0, Max: 4, Diff: 4, Sum: 4, Workers: 4
[582.514s][debug][gc,phases      ] GC(45)   JVMTI Tag Weak OopStorage      Min:  0.0, Avg:  0.0, Max:  0.0, Diff:  0.0, Sum:  0.0, Workers: 4
[582.514s][debug][gc,phases      ] GC(45)     Dead                           Min: 0, Avg:  0.0, Max: 0, Diff: 0, Sum: 0, Workers: 4
[582.514s][debug][gc,phases      ] GC(45)     Total                          Min: 0, Avg:  0.0, Max: 0, Diff: 0, Sum: 0, Workers: 4
[582.514s][debug][gc,phases      ] GC(45)   StringTable Weak               Min:  0.0, Avg:  0.1, Max:  0.1, Diff:  0.1, Sum:  0.4, Workers: 4
[582.514s][debug][gc,phases      ] GC(45)     Dead                           Min: 0, Avg:  0.0, Max: 0, Diff: 0, Sum: 0, Workers: 4
[582.514s][debug][gc,phases      ] GC(45)     Total                          Min: 0, Avg: 10686.5, Max: 14720, Diff: 14720, Sum: 42746, Workers: 4
[582.514s][debug][gc,phases      ] GC(45)   ResolvedMethodTable Weak       Min:  0.0, Avg:  0.0, Max:  0.0, Diff:  0.0, Sum:  0.1, Workers: 4
[582.514s][debug][gc,phases      ] GC(45)     Dead                           Min: 0, Avg:  0.0, Max: 0, Diff: 0, Sum: 0, Workers: 4
[582.514s][debug][gc,phases      ] GC(45)     Total                          Min: 0, Avg: 2314.2, Max: 3369, Diff: 3369, Sum: 9257, Workers: 4
[582.514s][debug][gc,phases      ] GC(45)   JNI Weak                       Min:  0.0, Avg:  0.0, Max:  0.0, Diff:  0.0, Sum:  0.0, Workers: 4
[582.514s][debug][gc,phases      ] GC(45)     Dead                           Min: 0, Avg:  0.0, Max: 0, Diff: 0, Sum: 0, Workers: 4
[582.514s][debug][gc,phases      ] GC(45)     Total                          Min: 0, Avg: 11.2, Max: 45, Diff: 45, Sum: 45, Workers: 4
[582.514s][debug][gc,phases      ] GC(45)   StringDedup Table Weak         Min:  0.0, Avg:  0.0, Max:  0.0, Diff:  0.0, Sum:  0.0, Workers: 4
[582.514s][debug][gc,phases      ] GC(45)     Dead                           Min: 0, Avg:  0.0, Max: 0, Diff: 0, Sum: 0, Workers: 4
[582.514s][debug][gc,phases      ] GC(45)     Total                          Min: 0, Avg:  0.0, Max: 0, Diff: 0, Sum: 0, Workers: 4
[582.514s][debug][gc,phases      ] GC(45)   StringDedup Requests0 Weak     Min:  0.0, Avg:  0.0, Max:  0.0, Diff:  0.0, Sum:  0.0, Workers: 4
[582.514s][debug][gc,phases      ] GC(45)     Dead                           Min: 0, Avg:  0.0, Max: 0, Diff: 0, Sum: 0, Workers: 4
[582.514s][debug][gc,phases      ] GC(45)     Total                          Min: 0, Avg:  0.0, Max: 0, Diff: 0, Sum: 0, Workers: 4
[582.514s][debug][gc,phases      ] GC(45)   StringDedup Requests1 Weak     Min:  0.0, Avg:  0.0, Max:  0.0, Diff:  0.0, Sum:  0.0, Workers: 4
[582.514s][debug][gc,phases      ] GC(45)     Dead                           Min: 0, Avg:  0.0, Max: 0, Diff: 0, Sum: 0, Workers: 4
[582.514s][debug][gc,phases      ] GC(45)     Total                          Min: 0, Avg:  0.0, Max: 0, Diff: 0, Sum: 0, Workers: 4
[582.514s][debug][gc,phases      ] GC(45)   Weak JFR Old Object Samples    Min:  0.0, Avg:  0.0, Max:  0.0, Diff:  0.0, Sum:  0.0, Workers: 4
[582.514s][debug][gc,phases      ] GC(45)     Dead                           Min: 0, Avg:  0.0, Max: 0, Diff: 0, Sum: 0, Workers: 4
[582.514s][debug][gc,phases      ] GC(45)     Total                          Min: 0, Avg:  0.0, Max: 0, Diff: 0, Sum: 0, Workers: 4
[582.514s][debug][gc,phases      ] GC(45) Weak Processing 0.315ms
[582.514s][debug][gc,age         ] GC(45) Desired survivor size 66060288 bytes, new threshold 15 (max threshold 15)
[582.514s][info ][gc,heap        ] GC(45) PSYoungGen: 1949472K(2017792K)->224K(2032640K) Eden: 1944064K(1944064K)->0K(1964032K) From: 5408K(73728K)->224K(68608K)
[582.514s][info ][gc,heap        ] GC(45) ParOldGen: 233648K(343552K)->238872K(343552K)
[582.514s][info ][gc,metaspace   ] GC(45) Metaspace: 80206K(81088K)->80206K(81088K) NonClass: 68444K(68928K)->68444K(68928K) Class: 11762K(12160K)->11762K(12160K)
[582.514s][info ][gc             ] GC(45) Pause Young (Allocation Failure) 2131M->233M(2320M) 4.669ms
[582.514s][info ][gc,cpu         ] GC(45) User=0.01s Sys=0.01s Real=0.00s
[582.514s][info ][safepoint      ] Safepoint "ParallelGCFailedAllocation", Time since last: 13282513338 ns, Reaching safepoint: 74300 ns, Cleanup: 28400 ns, At safepoint: 4753500 ns, Total: 4856200 ns
[601.364s][info ][gc,start       ] GC(46) Pause Young (Allocation Failure)
[601.366s][debug][gc,phases      ] GC(46) Scavenge 1.385ms
[601.366s][debug][gc,ref         ] GC(46) Skipped phase 1 of Reference Processing: no references
[601.366s][debug][gc,ref         ] GC(46) Skipped phase 2 of Reference Processing: no references
[601.366s][debug][gc,ref         ] GC(46) Skipped phase 3 of Reference Processing: no references
[601.366s][debug][gc,ref         ] GC(46) Skipped phase 4 of Reference Processing: no references
[601.366s][debug][gc,phases      ] GC(46) Reference Processing 0.019ms
[601.366s][debug][gc,phases      ] GC(46)   VM Weak                        Min:  0.0, Avg:  0.0, Max:  0.0, Diff:  0.0, Sum:  0.0, Workers: 4
[601.366s][debug][gc,phases      ] GC(46)     Dead                           Min: 0, Avg:  0.0, Max: 0, Diff: 0, Sum: 0, Workers: 4
[601.366s][debug][gc,phases      ] GC(46)     Total                          Min: 0, Avg: 172.5, Max: 576, Diff: 576, Sum: 690, Workers: 4
[601.366s][debug][gc,phases      ] GC(46)   ObjectSynchronizer Weak        Min:  0.0, Avg:  0.0, Max:  0.0, Diff:  0.0, Sum:  0.0, Workers: 4
[601.366s][debug][gc,phases      ] GC(46)     Dead                           Min: 0, Avg:  0.0, Max: 0, Diff: 0, Sum: 0, Workers: 4
[601.366s][debug][gc,phases      ] GC(46)     Total                          Min: 0, Avg:  1.0, Max: 4, Diff: 4, Sum: 4, Workers: 4
[601.366s][debug][gc,phases      ] GC(46)   JVMTI Tag Weak OopStorage      Min:  0.0, Avg:  0.0, Max:  0.0, Diff:  0.0, Sum:  0.0, Workers: 4
[601.366s][debug][gc,phases      ] GC(46)     Dead                           Min: 0, Avg:  0.0, Max: 0, Diff: 0, Sum: 0, Workers: 4
[601.366s][debug][gc,phases      ] GC(46)     Total                          Min: 0, Avg:  0.0, Max: 0, Diff: 0, Sum: 0, Workers: 4
[601.366s][debug][gc,phases      ] GC(46)   StringTable Weak               Min:  0.0, Avg:  0.1, Max:  0.1, Diff:  0.1, Sum:  0.4, Workers: 4
[601.366s][debug][gc,phases      ] GC(46)     Dead                           Min: 0, Avg:  0.0, Max: 0, Diff: 0, Sum: 0, Workers: 4
[601.366s][debug][gc,phases      ] GC(46)     Total                          Min: 0, Avg: 10686.5, Max: 16192, Diff: 16192, Sum: 42746, Workers: 4
[601.366s][debug][gc,phases      ] GC(46)   ResolvedMethodTable Weak       Min:  0.0, Avg:  0.0, Max:  0.0, Diff:  0.0, Sum:  0.1, Workers: 4
[601.366s][debug][gc,phases      ] GC(46)     Dead                           Min: 0, Avg:  0.0, Max: 0, Diff: 0, Sum: 0, Workers: 4
[601.366s][debug][gc,phases      ] GC(46)     Total                          Min: 0, Avg: 2314.2, Max: 3200, Diff: 3200, Sum: 9257, Workers: 4
[601.366s][debug][gc,phases      ] GC(46)   JNI Weak                       Min:  0.0, Avg:  0.0, Max:  0.0, Diff:  0.0, Sum:  0.0, Workers: 4
[601.366s][debug][gc,phases      ] GC(46)     Dead                           Min: 0, Avg:  0.0, Max: 0, Diff: 0, Sum: 0, Workers: 4
[601.366s][debug][gc,phases      ] GC(46)     Total                          Min: 0, Avg: 11.2, Max: 45, Diff: 45, Sum: 45, Workers: 4
[601.366s][debug][gc,phases      ] GC(46)   StringDedup Table Weak         Min:  0.0, Avg:  0.0, Max:  0.0, Diff:  0.0, Sum:  0.0, Workers: 4
[601.366s][debug][gc,phases      ] GC(46)     Dead                           Min: 0, Avg:  0.0, Max: 0, Diff: 0, Sum: 0, Workers: 4
[601.366s][debug][gc,phases      ] GC(46)     Total                          Min: 0, Avg:  0.0, Max: 0, Diff: 0, Sum: 0, Workers: 4
[601.366s][debug][gc,phases      ] GC(46)   StringDedup Requests0 Weak     Min:  0.0, Avg:  0.0, Max:  0.0, Diff:  0.0, Sum:  0.0, Workers: 4
[601.366s][debug][gc,phases      ] GC(46)     Dead                           Min: 0, Avg:  0.0, Max: 0, Diff: 0, Sum: 0, Workers: 4
[601.366s][debug][gc,phases      ] GC(46)     Total                          Min: 0, Avg:  0.0, Max: 0, Diff: 0, Sum: 0, Workers: 4
[601.366s][debug][gc,phases      ] GC(46)   StringDedup Requests1 Weak     Min:  0.0, Avg:  0.0, Max:  0.0, Diff:  0.0, Sum:  0.0, Workers: 4
[601.366s][debug][gc,phases      ] GC(46)     Dead                           Min: 0, Avg:  0.0, Max: 0, Diff: 0, Sum: 0, Workers: 4
[601.366s][debug][gc,phases      ] GC(46)     Total                          Min: 0, Avg:  0.0, Max: 0, Diff: 0, Sum: 0, Workers: 4
[601.366s][debug][gc,phases      ] GC(46)   Weak JFR Old Object Samples    Min:  0.0, Avg:  0.0, Max:  0.0, Diff:  0.0, Sum:  0.0, Workers: 4
[601.366s][debug][gc,phases      ] GC(46)     Dead                           Min: 0, Avg:  0.0, Max: 0, Diff: 0, Sum: 0, Workers: 4
[601.366s][debug][gc,phases      ] GC(46)     Total                          Min: 0, Avg:  0.0, Max: 0, Diff: 0, Sum: 0, Workers: 4
[601.366s][debug][gc,phases      ] GC(46) Weak Processing 0.334ms
[601.366s][debug][gc,age         ] GC(46) Desired survivor size 61865984 bytes, new threshold 15 (max threshold 15)
[601.366s][info ][gc,heap        ] GC(46) PSYoungGen: 1964256K(2032640K)->96K(2028544K) Eden: 1964032K(1964032K)->0K(1964032K) From: 224K(68608K)->96K(64512K)
[601.366s][info ][gc,heap        ] GC(46) ParOldGen: 238872K(343552K)->238992K(343552K)
[601.366s][info ][gc,metaspace   ] GC(46) Metaspace: 80206K(81088K)->80206K(81088K) NonClass: 68444K(68928K)->68444K(68928K) Class: 11762K(12160K)->11762K(12160K)
[601.366s][info ][gc             ] GC(46) Pause Young (Allocation Failure) 2151M->233M(2316M) 1.823ms
[601.366s][info ][gc,cpu         ] GC(46) User=0.00s Sys=0.00s Real=0.00s
[601.366s][info ][safepoint      ] Safepoint "ParallelGCFailedAllocation", Time since last: 18849877933 ns, Reaching safepoint: 72900 ns, Cleanup: 28900 ns, At safepoint: 1880699 ns, Total: 1982499 ns
[611.367s][info ][safepoint      ] Safepoint "Cleanup", Time since last: 10000696617 ns, Reaching safepoint: 80500 ns, Cleanup: 46600 ns, At safepoint: 5300 ns, Total: 132400 ns
[612.367s][info ][safepoint      ] Safepoint "Cleanup", Time since last: 1000098374 ns, Reaching safepoint: 4900 ns, Cleanup: 65399 ns, At safepoint: 2600 ns, Total: 72899 ns
[620.212s][info ][gc,start       ] GC(47) Pause Young (Allocation Failure)
[620.213s][debug][gc,phases      ] GC(47) Scavenge 1.429ms
[620.213s][debug][gc,ref         ] GC(47) Skipped phase 1 of Reference Processing: no references
[620.213s][debug][gc,ref         ] GC(47) Skipped phase 2 of Reference Processing: no references
[620.213s][debug][gc,ref         ] GC(47) Skipped phase 3 of Reference Processing: no references
[620.213s][debug][gc,ref         ] GC(47) Skipped phase 4 of Reference Processing: no references
[620.213s][debug][gc,phases      ] GC(47) Reference Processing 0.020ms
[620.214s][debug][gc,phases      ] GC(47)   VM Weak                        Min:  0.0, Avg:  0.0, Max:  0.0, Diff:  0.0, Sum:  0.0, Workers: 4
[620.214s][debug][gc,phases      ] GC(47)     Dead                           Min: 0, Avg:  0.0, Max: 0, Diff: 0, Sum: 0, Workers: 4
[620.214s][debug][gc,phases      ] GC(47)     Total                          Min: 0, Avg: 172.5, Max: 640, Diff: 640, Sum: 690, Workers: 4
[620.214s][debug][gc,phases      ] GC(47)   ObjectSynchronizer Weak        Min:  0.0, Avg:  0.0, Max:  0.0, Diff:  0.0, Sum:  0.0, Workers: 4
[620.214s][debug][gc,phases      ] GC(47)     Dead                           Min: 0, Avg:  0.0, Max: 0, Diff: 0, Sum: 0, Workers: 4
[620.214s][debug][gc,phases      ] GC(47)     Total                          Min: 0, Avg:  1.0, Max: 4, Diff: 4, Sum: 4, Workers: 4
[620.214s][debug][gc,phases      ] GC(47)   JVMTI Tag Weak OopStorage      Min:  0.0, Avg:  0.0, Max:  0.0, Diff:  0.0, Sum:  0.0, Workers: 4
[620.214s][debug][gc,phases      ] GC(47)     Dead                           Min: 0, Avg:  0.0, Max: 0, Diff: 0, Sum: 0, Workers: 4
[620.214s][debug][gc,phases      ] GC(47)     Total                          Min: 0, Avg:  0.0, Max: 0, Diff: 0, Sum: 0, Workers: 4
[620.214s][debug][gc,phases      ] GC(47)   StringTable Weak               Min:  0.0, Avg:  0.1, Max:  0.1, Diff:  0.1, Sum:  0.3, Workers: 4
[620.214s][debug][gc,phases      ] GC(47)     Dead                           Min: 0, Avg:  0.0, Max: 0, Diff: 0, Sum: 0, Workers: 4
[620.214s][debug][gc,phases      ] GC(47)     Total                          Min: 0, Avg: 10686.5, Max: 25984, Diff: 25984, Sum: 42746, Workers: 4
[620.214s][debug][gc,phases      ] GC(47)   ResolvedMethodTable Weak       Min:  0.0, Avg:  0.0, Max:  0.0, Diff:  0.0, Sum:  0.1, Workers: 4
[620.214s][debug][gc,phases      ] GC(47)     Dead                           Min: 0, Avg:  0.0, Max: 0, Diff: 0, Sum: 0, Workers: 4
[620.214s][debug][gc,phases      ] GC(47)     Total                          Min: 0, Avg: 2314.2, Max: 5481, Diff: 5481, Sum: 9257, Workers: 4
[620.214s][debug][gc,phases      ] GC(47)   JNI Weak                       Min:  0.0, Avg:  0.0, Max:  0.0, Diff:  0.0, Sum:  0.0, Workers: 4
[620.214s][debug][gc,phases      ] GC(47)     Dead                           Min: 0, Avg:  0.0, Max: 0, Diff: 0, Sum: 0, Workers: 4
[620.214s][debug][gc,phases      ] GC(47)     Total                          Min: 0, Avg: 11.2, Max: 45, Diff: 45, Sum: 45, Workers: 4
[620.214s][debug][gc,phases      ] GC(47)   StringDedup Table Weak         Min:  0.0, Avg:  0.0, Max:  0.0, Diff:  0.0, Sum:  0.0, Workers: 4
[620.214s][debug][gc,phases      ] GC(47)     Dead                           Min: 0, Avg:  0.0, Max: 0, Diff: 0, Sum: 0, Workers: 4
[620.214s][debug][gc,phases      ] GC(47)     Total                          Min: 0, Avg:  0.0, Max: 0, Diff: 0, Sum: 0, Workers: 4
[620.214s][debug][gc,phases      ] GC(47)   StringDedup Requests0 Weak     Min:  0.0, Avg:  0.0, Max:  0.0, Diff:  0.0, Sum:  0.0, Workers: 4
[620.214s][debug][gc,phases      ] GC(47)     Dead                           Min: 0, Avg:  0.0, Max: 0, Diff: 0, Sum: 0, Workers: 4
[620.214s][debug][gc,phases      ] GC(47)     Total                          Min: 0, Avg:  0.0, Max: 0, Diff: 0, Sum: 0, Workers: 4
[620.214s][debug][gc,phases      ] GC(47)   StringDedup Requests1 Weak     Min:  0.0, Avg:  0.0, Max:  0.0, Diff:  0.0, Sum:  0.0, Workers: 4
[620.214s][debug][gc,phases      ] GC(47)     Dead                           Min: 0, Avg:  0.0, Max: 0, Diff: 0, Sum: 0, Workers: 4
[620.214s][debug][gc,phases      ] GC(47)     Total                          Min: 0, Avg:  0.0, Max: 0, Diff: 0, Sum: 0, Workers: 4
[620.214s][debug][gc,phases      ] GC(47)   Weak JFR Old Object Samples    Min:  0.0, Avg:  0.0, Max:  0.0, Diff:  0.0, Sum:  0.0, Workers: 4
[620.214s][debug][gc,phases      ] GC(47)     Dead                           Min: 0, Avg:  0.0, Max: 0, Diff: 0, Sum: 0, Workers: 4
[620.214s][debug][gc,phases      ] GC(47)     Total                          Min: 0, Avg:  0.0, Max: 0, Diff: 0, Sum: 0, Workers: 4
[620.214s][debug][gc,phases      ] GC(47) Weak Processing 0.347ms
[620.214s][debug][gc,age         ] GC(47) Desired survivor size 58195968 bytes, new threshold 15 (max threshold 15)
[620.214s][info ][gc,heap        ] GC(47) PSYoungGen: 1964128K(2028544K)->160K(2040320K) Eden: 1964032K(1964032K)->0K(1979904K) From: 96K(64512K)->160K(60416K)
[620.214s][info ][gc,heap        ] GC(47) ParOldGen: 238992K(343552K)->239000K(343552K)
[620.214s][info ][gc,metaspace   ] GC(47) Metaspace: 80210K(81088K)->80210K(81088K) NonClass: 68447K(68928K)->68447K(68928K) Class: 11762K(12160K)->11762K(12160K)
[620.214s][info ][gc             ] GC(47) Pause Young (Allocation Failure) 2151M->233M(2328M) 1.883ms
[620.214s][info ][gc,cpu         ] GC(47) User=0.01s Sys=0.00s Real=0.00s
[620.214s][info ][safepoint      ] Safepoint "ParallelGCFailedAllocation", Time since last: 7844847136 ns, Reaching safepoint: 3900 ns, Cleanup: 33800 ns, At safepoint: 1953199 ns, Total: 1990899 ns
[639.361s][info ][gc,start       ] GC(48) Pause Young (Allocation Failure)
[639.362s][debug][gc,phases      ] GC(48) Scavenge 1.429ms
[639.362s][debug][gc,ref         ] GC(48) Skipped phase 1 of Reference Processing: no references
[639.362s][debug][gc,ref         ] GC(48) Skipped phase 2 of Reference Processing: no references
[639.362s][debug][gc,ref         ] GC(48) Skipped phase 3 of Reference Processing: no references
[639.362s][debug][gc,ref         ] GC(48) Skipped phase 4 of Reference Processing: no references
[639.362s][debug][gc,phases      ] GC(48) Reference Processing 0.019ms
[639.363s][debug][gc,phases      ] GC(48)   VM Weak                        Min:  0.0, Avg:  0.0, Max:  0.0, Diff:  0.0, Sum:  0.0, Workers: 4
[639.363s][debug][gc,phases      ] GC(48)     Dead                           Min: 0, Avg:  0.0, Max: 0, Diff: 0, Sum: 0, Workers: 4
[639.363s][debug][gc,phases      ] GC(48)     Total                          Min: 0, Avg: 172.5, Max: 448, Diff: 448, Sum: 690, Workers: 4
[639.363s][debug][gc,phases      ] GC(48)   ObjectSynchronizer Weak        Min:  0.0, Avg:  0.0, Max:  0.0, Diff:  0.0, Sum:  0.0, Workers: 4
[639.363s][debug][gc,phases      ] GC(48)     Dead                           Min: 0, Avg:  0.0, Max: 0, Diff: 0, Sum: 0, Workers: 4
[639.363s][debug][gc,phases      ] GC(48)     Total                          Min: 0, Avg:  1.0, Max: 4, Diff: 4, Sum: 4, Workers: 4
[639.363s][debug][gc,phases      ] GC(48)   JVMTI Tag Weak OopStorage      Min:  0.0, Avg:  0.0, Max:  0.0, Diff:  0.0, Sum:  0.0, Workers: 4
[639.363s][debug][gc,phases      ] GC(48)     Dead                           Min: 0, Avg:  0.0, Max: 0, Diff: 0, Sum: 0, Workers: 4
[639.363s][debug][gc,phases      ] GC(48)     Total                          Min: 0, Avg:  0.0, Max: 0, Diff: 0, Sum: 0, Workers: 4
[639.363s][debug][gc,phases      ] GC(48)   StringTable Weak               Min:  0.0, Avg:  0.1, Max:  0.2, Diff:  0.2, Sum:  0.4, Workers: 4
[639.363s][debug][gc,phases      ] GC(48)     Dead                           Min: 0, Avg:  0.0, Max: 0, Diff: 0, Sum: 0, Workers: 4
[639.363s][debug][gc,phases      ] GC(48)     Total                          Min: 0, Avg: 10686.8, Max: 23424, Diff: 23424, Sum: 42747, Workers: 4
[639.363s][debug][gc,phases      ] GC(48)   ResolvedMethodTable Weak       Min:  0.0, Avg:  0.0, Max:  0.0, Diff:  0.0, Sum:  0.1, Workers: 4
[639.363s][debug][gc,phases      ] GC(48)     Dead                           Min: 0, Avg:  0.0, Max: 0, Diff: 0, Sum: 0, Workers: 4
[639.363s][debug][gc,phases      ] GC(48)     Total                          Min: 0, Avg: 2314.2, Max: 5481, Diff: 5481, Sum: 9257, Workers: 4
[639.363s][debug][gc,phases      ] GC(48)   JNI Weak                       Min:  0.0, Avg:  0.0, Max:  0.0, Diff:  0.0, Sum:  0.0, Workers: 4
[639.363s][debug][gc,phases      ] GC(48)     Dead                           Min: 0, Avg:  0.0, Max: 0, Diff: 0, Sum: 0, Workers: 4
[639.363s][debug][gc,phases      ] GC(48)     Total                          Min: 0, Avg: 11.2, Max: 45, Diff: 45, Sum: 45, Workers: 4
[639.363s][debug][gc,phases      ] GC(48)   StringDedup Table Weak         Min:  0.0, Avg:  0.0, Max:  0.0, Diff:  0.0, Sum:  0.0, Workers: 4
[639.363s][debug][gc,phases      ] GC(48)     Dead                           Min: 0, Avg:  0.0, Max: 0, Diff: 0, Sum: 0, Workers: 4
[639.363s][debug][gc,phases      ] GC(48)     Total                          Min: 0, Avg:  0.0, Max: 0, Diff: 0, Sum: 0, Workers: 4
[639.363s][debug][gc,phases      ] GC(48)   StringDedup Requests0 Weak     Min:  0.0, Avg:  0.0, Max:  0.0, Diff:  0.0, Sum:  0.0, Workers: 4
[639.363s][debug][gc,phases      ] GC(48)     Dead                           Min: 0, Avg:  0.0, Max: 0, Diff: 0, Sum: 0, Workers: 4
[639.363s][debug][gc,phases      ] GC(48)     Total                          Min: 0, Avg:  0.0, Max: 0, Diff: 0, Sum: 0, Workers: 4
[639.363s][debug][gc,phases      ] GC(48)   StringDedup Requests1 Weak     Min:  0.0, Avg:  0.0, Max:  0.0, Diff:  0.0, Sum:  0.0, Workers: 4
[639.363s][debug][gc,phases      ] GC(48)     Dead                           Min: 0, Avg:  0.0, Max: 0, Diff: 0, Sum: 0, Workers: 4
[639.363s][debug][gc,phases      ] GC(48)     Total                          Min: 0, Avg:  0.0, Max: 0, Diff: 0, Sum: 0, Workers: 4
[639.363s][debug][gc,phases      ] GC(48)   Weak JFR Old Object Samples    Min:  0.0, Avg:  0.0, Max:  0.0, Diff:  0.0, Sum:  0.0, Workers: 4
[639.363s][debug][gc,phases      ] GC(48)     Dead                           Min: 0, Avg:  0.0, Max: 0, Diff: 0, Sum: 0, Workers: 4
[639.363s][debug][gc,phases      ] GC(48)     Total                          Min: 0, Avg:  0.0, Max: 0, Diff: 0, Sum: 0, Workers: 4
[639.363s][debug][gc,phases      ] GC(48) Weak Processing 0.397ms
[639.363s][debug][gc,age         ] GC(48) Desired survivor size 54001664 bytes, new threshold 15 (max threshold 15)
[639.363s][info ][gc,heap        ] GC(48) PSYoungGen: 1980064K(2040320K)->96K(2036736K) Eden: 1979904K(1979904K)->0K(1979904K) From: 160K(60416K)->96K(56832K)
[639.363s][info ][gc,heap        ] GC(48) ParOldGen: 239000K(343552K)->239008K(343552K)
[639.363s][info ][gc,metaspace   ] GC(48) Metaspace: 80210K(81088K)->80210K(81088K) NonClass: 68447K(68928K)->68447K(68928K) Class: 11762K(12160K)->11762K(12160K)
[639.363s][info ][gc             ] GC(48) Pause Young (Allocation Failure) 2167M->233M(2324M) 1.920ms
[639.363s][info ][gc,cpu         ] GC(48) User=0.01s Sys=0.00s Real=0.00s
[639.363s][info ][safepoint      ] Safepoint "ParallelGCFailedAllocation", Time since last: 19146898212 ns, Reaching safepoint: 3900 ns, Cleanup: 27300 ns, At safepoint: 1988900 ns, Total: 2020100 ns
[658.510s][info ][gc,start       ] GC(49) Pause Young (Allocation Failure)
[658.511s][debug][gc,phases      ] GC(49) Scavenge 1.384ms
[658.511s][debug][gc,ref         ] GC(49) Skipped phase 1 of Reference Processing: no references
[658.511s][debug][gc,ref         ] GC(49) Skipped phase 2 of Reference Processing: no references
[658.511s][debug][gc,ref         ] GC(49) Skipped phase 3 of Reference Processing: no references
[658.511s][debug][gc,ref         ] GC(49) Skipped phase 4 of Reference Processing: no references
[658.511s][debug][gc,phases      ] GC(49) Reference Processing 0.029ms
[658.512s][debug][gc,phases      ] GC(49)   VM Weak                        Min:  0.0, Avg:  0.0, Max:  0.0, Diff:  0.0, Sum:  0.0, Workers: 4
[658.512s][debug][gc,phases      ] GC(49)     Dead                           Min: 0, Avg:  0.0, Max: 0, Diff: 0, Sum: 0, Workers: 4
[658.512s][debug][gc,phases      ] GC(49)     Total                          Min: 0, Avg: 172.5, Max: 448, Diff: 448, Sum: 690, Workers: 4
[658.512s][debug][gc,phases      ] GC(49)   ObjectSynchronizer Weak        Min:  0.0, Avg:  0.0, Max:  0.0, Diff:  0.0, Sum:  0.0, Workers: 4
[658.512s][debug][gc,phases      ] GC(49)     Dead                           Min: 0, Avg:  0.0, Max: 0, Diff: 0, Sum: 0, Workers: 4
[658.512s][debug][gc,phases      ] GC(49)     Total                          Min: 0, Avg:  1.0, Max: 4, Diff: 4, Sum: 4, Workers: 4
[658.512s][debug][gc,phases      ] GC(49)   JVMTI Tag Weak OopStorage      Min:  0.0, Avg:  0.0, Max:  0.0, Diff:  0.0, Sum:  0.0, Workers: 4
[658.512s][debug][gc,phases      ] GC(49)     Dead                           Min: 0, Avg:  0.0, Max: 0, Diff: 0, Sum: 0, Workers: 4
[658.512s][debug][gc,phases      ] GC(49)     Total                          Min: 0, Avg:  0.0, Max: 0, Diff: 0, Sum: 0, Workers: 4
[658.512s][debug][gc,phases      ] GC(49)   StringTable Weak               Min:  0.0, Avg:  0.1, Max:  0.2, Diff:  0.2, Sum:  0.4, Workers: 4
[658.512s][debug][gc,phases      ] GC(49)     Dead                           Min: 0, Avg:  0.0, Max: 0, Diff: 0, Sum: 0, Workers: 4
[658.512s][debug][gc,phases      ] GC(49)     Total                          Min: 0, Avg: 10686.8, Max: 21691, Diff: 21691, Sum: 42747, Workers: 4
[658.512s][debug][gc,phases      ] GC(49)   ResolvedMethodTable Weak       Min:  0.0, Avg:  0.0, Max:  0.0, Diff:  0.0, Sum:  0.1, Workers: 4
[658.512s][debug][gc,phases      ] GC(49)     Dead                           Min: 0, Avg:  0.0, Max: 0, Diff: 0, Sum: 0, Workers: 4
[658.512s][debug][gc,phases      ] GC(49)     Total                          Min: 0, Avg: 2314.2, Max: 4649, Diff: 4649, Sum: 9257, Workers: 4
[658.512s][debug][gc,phases      ] GC(49)   JNI Weak                       Min:  0.0, Avg:  0.0, Max:  0.0, Diff:  0.0, Sum:  0.0, Workers: 4
[658.512s][debug][gc,phases      ] GC(49)     Dead                           Min: 0, Avg:  0.0, Max: 0, Diff: 0, Sum: 0, Workers: 4
[658.512s][debug][gc,phases      ] GC(49)     Total                          Min: 0, Avg: 11.2, Max: 45, Diff: 45, Sum: 45, Workers: 4
[658.512s][debug][gc,phases      ] GC(49)   StringDedup Table Weak         Min:  0.0, Avg:  0.0, Max:  0.0, Diff:  0.0, Sum:  0.0, Workers: 4
[658.512s][debug][gc,phases      ] GC(49)     Dead                           Min: 0, Avg:  0.0, Max: 0, Diff: 0, Sum: 0, Workers: 4
[658.512s][debug][gc,phases      ] GC(49)     Total                          Min: 0, Avg:  0.0, Max: 0, Diff: 0, Sum: 0, Workers: 4
[658.512s][debug][gc,phases      ] GC(49)   StringDedup Requests0 Weak     Min:  0.0, Avg:  0.0, Max:  0.0, Diff:  0.0, Sum:  0.0, Workers: 4
[658.512s][debug][gc,phases      ] GC(49)     Dead                           Min: 0, Avg:  0.0, Max: 0, Diff: 0, Sum: 0, Workers: 4
[658.512s][debug][gc,phases      ] GC(49)     Total                          Min: 0, Avg:  0.0, Max: 0, Diff: 0, Sum: 0, Workers: 4
[658.512s][debug][gc,phases      ] GC(49)   StringDedup Requests1 Weak     Min:  0.0, Avg:  0.0, Max:  0.0, Diff:  0.0, Sum:  0.0, Workers: 4
[658.512s][debug][gc,phases      ] GC(49)     Dead                           Min: 0, Avg:  0.0, Max: 0, Diff: 0, Sum: 0, Workers: 4
[658.512s][debug][gc,phases      ] GC(49)     Total                          Min: 0, Avg:  0.0, Max: 0, Diff: 0, Sum: 0, Workers: 4
[658.512s][debug][gc,phases      ] GC(49)   Weak JFR Old Object Samples    Min:  0.0, Avg:  0.0, Max:  0.0, Diff:  0.0, Sum:  0.0, Workers: 4
[658.512s][debug][gc,phases      ] GC(49)     Dead                           Min: 0, Avg:  0.0, Max: 0, Diff: 0, Sum: 0, Workers: 4
[658.512s][debug][gc,phases      ] GC(49)     Total                          Min: 0, Avg:  0.0, Max: 0, Diff: 0, Sum: 0, Workers: 4
[658.512s][debug][gc,phases      ] GC(49) Weak Processing 0.486ms
[658.512s][debug][gc,age         ] GC(49) Desired survivor size 50855936 bytes, new threshold 15 (max threshold 15)
[658.512s][info ][gc,heap        ] GC(49) PSYoungGen: 1980000K(2036736K)->96K(2047488K) Eden: 1979904K(1979904K)->0K(1994752K) From: 96K(56832K)->96K(52736K)
[658.512s][info ][gc,heap        ] GC(49) ParOldGen: 239008K(343552K)->239016K(343552K)
[658.512s][info ][gc,metaspace   ] GC(49) Metaspace: 80210K(81088K)->80210K(81088K) NonClass: 68447K(68928K)->68447K(68928K) Class: 11762K(12160K)->11762K(12160K)
[658.512s][info ][gc             ] GC(49) Pause Young (Allocation Failure) 2167M->233M(2335M) 2.020ms
[658.512s][info ][gc,cpu         ] GC(49) User=0.00s Sys=0.00s Real=0.00s
[658.512s][info ][safepoint      ] Safepoint "ParallelGCFailedAllocation", Time since last: 19147001660 ns, Reaching safepoint: 4800 ns, Cleanup: 45800 ns, At safepoint: 2096200 ns, Total: 2146800 ns
[677.513s][info ][safepoint      ] Safepoint "Cleanup", Time since last: 19001337348 ns, Reaching safepoint: 4000 ns, Cleanup: 37300 ns, At safepoint: 2300 ns, Total: 43600 ns
[677.761s][info ][gc,start       ] GC(50) Pause Young (Allocation Failure)
[677.762s][debug][gc,phases      ] GC(50) Scavenge 1.514ms
[677.762s][debug][gc,ref         ] GC(50) Skipped phase 1 of Reference Processing: no references
[677.762s][debug][gc,ref         ] GC(50) Skipped phase 2 of Reference Processing: no references
[677.762s][debug][gc,ref         ] GC(50) Skipped phase 3 of Reference Processing: no references
[677.762s][debug][gc,ref         ] GC(50) Skipped phase 4 of Reference Processing: no references
[677.762s][debug][gc,phases      ] GC(50) Reference Processing 0.019ms
[677.763s][debug][gc,phases      ] GC(50)   VM Weak                        Min:  0.0, Avg:  0.0, Max:  0.0, Diff:  0.0, Sum:  0.0, Workers: 4
[677.763s][debug][gc,phases      ] GC(50)     Dead                           Min: 0, Avg:  0.0, Max: 0, Diff: 0, Sum: 0, Workers: 4
[677.763s][debug][gc,phases      ] GC(50)     Total                          Min: 0, Avg: 172.5, Max: 448, Diff: 448, Sum: 690, Workers: 4
[677.763s][debug][gc,phases      ] GC(50)   ObjectSynchronizer Weak        Min:  0.0, Avg:  0.0, Max:  0.0, Diff:  0.0, Sum:  0.0, Workers: 4
[677.763s][debug][gc,phases      ] GC(50)     Dead                           Min: 0, Avg:  0.0, Max: 0, Diff: 0, Sum: 0, Workers: 4
[677.763s][debug][gc,phases      ] GC(50)     Total                          Min: 0, Avg:  1.0, Max: 4, Diff: 4, Sum: 4, Workers: 4
[677.763s][debug][gc,phases      ] GC(50)   JVMTI Tag Weak OopStorage      Min:  0.0, Avg:  0.0, Max:  0.0, Diff:  0.0, Sum:  0.0, Workers: 4
[677.763s][debug][gc,phases      ] GC(50)     Dead                           Min: 0, Avg:  0.0, Max: 0, Diff: 0, Sum: 0, Workers: 4
[677.763s][debug][gc,phases      ] GC(50)     Total                          Min: 0, Avg:  0.0, Max: 0, Diff: 0, Sum: 0, Workers: 4
[677.763s][debug][gc,phases      ] GC(50)   StringTable Weak               Min:  0.0, Avg:  0.1, Max:  0.1, Diff:  0.1, Sum:  0.4, Workers: 4
[677.763s][debug][gc,phases      ] GC(50)     Dead                           Min: 0, Avg:  0.0, Max: 0, Diff: 0, Sum: 0, Workers: 4
[677.763s][debug][gc,phases      ] GC(50)     Total                          Min: 0, Avg: 10686.8, Max: 14651, Diff: 14651, Sum: 42747, Workers: 4
[677.763s][debug][gc,phases      ] GC(50)   ResolvedMethodTable Weak       Min:  0.0, Avg:  0.0, Max:  0.0, Diff:  0.0, Sum:  0.1, Workers: 4
[677.763s][debug][gc,phases      ] GC(50)     Dead                           Min: 0, Avg:  0.0, Max: 0, Diff: 0, Sum: 0, Workers: 4
[677.763s][debug][gc,phases      ] GC(50)     Total                          Min: 0, Avg: 2314.2, Max: 3392, Diff: 3392, Sum: 9257, Workers: 4
[677.763s][debug][gc,phases      ] GC(50)   JNI Weak                       Min:  0.0, Avg:  0.0, Max:  0.0, Diff:  0.0, Sum:  0.0, Workers: 4
[677.763s][debug][gc,phases      ] GC(50)     Dead                           Min: 0, Avg:  0.0, Max: 0, Diff: 0, Sum: 0, Workers: 4
[677.763s][debug][gc,phases      ] GC(50)     Total                          Min: 0, Avg: 11.2, Max: 45, Diff: 45, Sum: 45, Workers: 4
[677.763s][debug][gc,phases      ] GC(50)   StringDedup Table Weak         Min:  0.0, Avg:  0.0, Max:  0.0, Diff:  0.0, Sum:  0.0, Workers: 4
[677.763s][debug][gc,phases      ] GC(50)     Dead                           Min: 0, Avg:  0.0, Max: 0, Diff: 0, Sum: 0, Workers: 4
[677.763s][debug][gc,phases      ] GC(50)     Total                          Min: 0, Avg:  0.0, Max: 0, Diff: 0, Sum: 0, Workers: 4
[677.763s][debug][gc,phases      ] GC(50)   StringDedup Requests0 Weak     Min:  0.0, Avg:  0.0, Max:  0.0, Diff:  0.0, Sum:  0.0, Workers: 4
[677.763s][debug][gc,phases      ] GC(50)     Dead                           Min: 0, Avg:  0.0, Max: 0, Diff: 0, Sum: 0, Workers: 4
[677.763s][debug][gc,phases      ] GC(50)     Total                          Min: 0, Avg:  0.0, Max: 0, Diff: 0, Sum: 0, Workers: 4
[677.763s][debug][gc,phases      ] GC(50)   StringDedup Requests1 Weak     Min:  0.0, Avg:  0.0, Max:  0.0, Diff:  0.0, Sum:  0.0, Workers: 4
[677.763s][debug][gc,phases      ] GC(50)     Dead                           Min: 0, Avg:  0.0, Max: 0, Diff: 0, Sum: 0, Workers: 4
[677.763s][debug][gc,phases      ] GC(50)     Total                          Min: 0, Avg:  0.0, Max: 0, Diff: 0, Sum: 0, Workers: 4
[677.763s][debug][gc,phases      ] GC(50)   Weak JFR Old Object Samples    Min:  0.0, Avg:  0.0, Max:  0.0, Diff:  0.0, Sum:  0.0, Workers: 4
[677.763s][debug][gc,phases      ] GC(50)     Dead                           Min: 0, Avg:  0.0, Max: 0, Diff: 0, Sum: 0, Workers: 4
[677.763s][debug][gc,phases      ] GC(50)     Total                          Min: 0, Avg:  0.0, Max: 0, Diff: 0, Sum: 0, Workers: 4
[677.763s][debug][gc,phases      ] GC(50) Weak Processing 0.326ms
[677.763s][debug][gc,age         ] GC(50) Desired survivor size 47185920 bytes, new threshold 15 (max threshold 15)
[677.763s][info ][gc,heap        ] GC(50) PSYoungGen: 1994848K(2047488K)->192K(2044416K) Eden: 1994752K(1994752K)->0K(1994752K) From: 96K(52736K)->192K(49664K)
[677.763s][info ][gc,heap        ] GC(50) ParOldGen: 239016K(343552K)->239024K(343552K)
[677.763s][info ][gc,metaspace   ] GC(50) Metaspace: 80216K(81088K)->80216K(81088K) NonClass: 68454K(68928K)->68454K(68928K) Class: 11762K(12160K)->11762K(12160K)
[677.763s][info ][gc             ] GC(50) Pause Young (Allocation Failure) 2181M->233M(2332M) 1.950ms
[677.763s][info ][gc,cpu         ] GC(50) User=0.00s Sys=0.00s Real=0.00s
[677.763s][info ][safepoint      ] Safepoint "ParallelGCFailedAllocation", Time since last: 247518772 ns, Reaching safepoint: 5300 ns, Cleanup: 36700 ns, At safepoint: 2014304 ns, Total: 2056304 ns
[690.764s][info ][safepoint      ] Safepoint "Cleanup", Time since last: 13000879468 ns, Reaching safepoint: 73601 ns, Cleanup: 33900 ns, At safepoint: 17100 ns, Total: 124601 ns
[697.012s][info ][gc,start       ] GC(51) Pause Young (Allocation Failure)
[697.013s][debug][gc,phases      ] GC(51) Scavenge 1.435ms
[697.013s][debug][gc,ref         ] GC(51) Skipped phase 1 of Reference Processing: no references
[697.013s][debug][gc,ref         ] GC(51) Skipped phase 2 of Reference Processing: no references
[697.013s][debug][gc,ref         ] GC(51) Skipped phase 3 of Reference Processing: no references
[697.013s][debug][gc,ref         ] GC(51) Skipped phase 4 of Reference Processing: no references
[697.013s][debug][gc,phases      ] GC(51) Reference Processing 0.024ms
[697.013s][debug][gc,phases      ] GC(51)   VM Weak                        Min:  0.0, Avg:  0.0, Max:  0.0, Diff:  0.0, Sum:  0.0, Workers: 4
[697.013s][debug][gc,phases      ] GC(51)     Dead                           Min: 0, Avg:  0.0, Max: 0, Diff: 0, Sum: 0, Workers: 4
[697.013s][debug][gc,phases      ] GC(51)     Total                          Min: 0, Avg: 172.5, Max: 370, Diff: 370, Sum: 690, Workers: 4
[697.013s][debug][gc,phases      ] GC(51)   ObjectSynchronizer Weak        Min:  0.0, Avg:  0.0, Max:  0.0, Diff:  0.0, Sum:  0.0, Workers: 4
[697.013s][debug][gc,phases      ] GC(51)     Dead                           Min: 0, Avg:  0.0, Max: 0, Diff: 0, Sum: 0, Workers: 4
[697.013s][debug][gc,phases      ] GC(51)     Total                          Min: 0, Avg:  1.0, Max: 4, Diff: 4, Sum: 4, Workers: 4
[697.013s][debug][gc,phases      ] GC(51)   JVMTI Tag Weak OopStorage      Min:  0.0, Avg:  0.0, Max:  0.0, Diff:  0.0, Sum:  0.0, Workers: 4
[697.013s][debug][gc,phases      ] GC(51)     Dead                           Min: 0, Avg:  0.0, Max: 0, Diff: 0, Sum: 0, Workers: 4
[697.013s][debug][gc,phases      ] GC(51)     Total                          Min: 0, Avg:  0.0, Max: 0, Diff: 0, Sum: 0, Workers: 4
[697.013s][debug][gc,phases      ] GC(51)   StringTable Weak               Min:  0.0, Avg:  0.1, Max:  0.1, Diff:  0.1, Sum:  0.4, Workers: 4
[697.013s][debug][gc,phases      ] GC(51)     Dead                           Min: 0, Avg:  0.0, Max: 0, Diff: 0, Sum: 0, Workers: 4
[697.013s][debug][gc,phases      ] GC(51)     Total                          Min: 0, Avg: 10686.8, Max: 14651, Diff: 14651, Sum: 42747, Workers: 4
[697.013s][debug][gc,phases      ] GC(51)   ResolvedMethodTable Weak       Min:  0.0, Avg:  0.0, Max:  0.0, Diff:  0.0, Sum:  0.1, Workers: 4
[697.013s][debug][gc,phases      ] GC(51)     Dead                           Min: 0, Avg:  0.0, Max: 0, Diff: 0, Sum: 0, Workers: 4
[697.013s][debug][gc,phases      ] GC(51)     Total                          Min: 0, Avg: 2314.2, Max: 3241, Diff: 3241, Sum: 9257, Workers: 4
[697.013s][debug][gc,phases      ] GC(51)   JNI Weak                       Min:  0.0, Avg:  0.0, Max:  0.0, Diff:  0.0, Sum:  0.0, Workers: 4
[697.013s][debug][gc,phases      ] GC(51)     Dead                           Min: 0, Avg:  0.0, Max: 0, Diff: 0, Sum: 0, Workers: 4
[697.013s][debug][gc,phases      ] GC(51)     Total                          Min: 0, Avg: 11.2, Max: 45, Diff: 45, Sum: 45, Workers: 4
[697.013s][debug][gc,phases      ] GC(51)   StringDedup Table Weak         Min:  0.0, Avg:  0.0, Max:  0.0, Diff:  0.0, Sum:  0.0, Workers: 4
[697.013s][debug][gc,phases      ] GC(51)     Dead                           Min: 0, Avg:  0.0, Max: 0, Diff: 0, Sum: 0, Workers: 4
[697.013s][debug][gc,phases      ] GC(51)     Total                          Min: 0, Avg:  0.0, Max: 0, Diff: 0, Sum: 0, Workers: 4
[697.013s][debug][gc,phases      ] GC(51)   StringDedup Requests0 Weak     Min:  0.0, Avg:  0.0, Max:  0.0, Diff:  0.0, Sum:  0.0, Workers: 4
[697.013s][debug][gc,phases      ] GC(51)     Dead                           Min: 0, Avg:  0.0, Max: 0, Diff: 0, Sum: 0, Workers: 4
[697.013s][debug][gc,phases      ] GC(51)     Total                          Min: 0, Avg:  0.0, Max: 0, Diff: 0, Sum: 0, Workers: 4
[697.013s][debug][gc,phases      ] GC(51)   StringDedup Requests1 Weak     Min:  0.0, Avg:  0.0, Max:  0.0, Diff:  0.0, Sum:  0.0, Workers: 4
[697.013s][debug][gc,phases      ] GC(51)     Dead                           Min: 0, Avg:  0.0, Max: 0, Diff: 0, Sum: 0, Workers: 4
[697.013s][debug][gc,phases      ] GC(51)     Total                          Min: 0, Avg:  0.0, Max: 0, Diff: 0, Sum: 0, Workers: 4
[697.013s][debug][gc,phases      ] GC(51)   Weak JFR Old Object Samples    Min:  0.0, Avg:  0.0, Max:  0.0, Diff:  0.0, Sum:  0.0, Workers: 4
[697.013s][debug][gc,phases      ] GC(51)     Dead                           Min: 0, Avg:  0.0, Max: 0, Diff: 0, Sum: 0, Workers: 4
[697.013s][debug][gc,phases      ] GC(51)     Total                          Min: 0, Avg:  0.0, Max: 0, Diff: 0, Sum: 0, Workers: 4
[697.013s][debug][gc,phases      ] GC(51) Weak Processing 0.324ms
[697.013s][debug][gc,age         ] GC(51) Desired survivor size 44040192 bytes, new threshold 15 (max threshold 15)
[697.013s][info ][gc,heap        ] GC(51) PSYoungGen: 1994944K(2044416K)->96K(2054144K) Eden: 1994752K(1994752K)->0K(2008064K) From: 192K(49664K)->96K(46080K)
[697.013s][info ][gc,heap        ] GC(51) ParOldGen: 239024K(343552K)->239032K(343552K)
[697.013s][info ][gc,metaspace   ] GC(51) Metaspace: 80216K(81088K)->80216K(81088K) NonClass: 68454K(68928K)->68454K(68928K) Class: 11762K(12160K)->11762K(12160K)
[697.013s][info ][gc             ] GC(51) Pause Young (Allocation Failure) 2181M->233M(2341M) 1.866ms
[697.013s][info ][gc,cpu         ] GC(51) User=0.00s Sys=0.01s Real=0.00s
[697.013s][info ][safepoint      ] Safepoint "ParallelGCFailedAllocation", Time since last: 6247620193 ns, Reaching safepoint: 4600 ns, Cleanup: 25300 ns, At safepoint: 1948901 ns, Total: 1978801 ns
[716.413s][info ][gc,start       ] GC(52) Pause Young (Allocation Failure)
[716.414s][debug][gc,phases      ] GC(52) Scavenge 1.133ms
[716.414s][debug][gc,ref         ] GC(52) Skipped phase 1 of Reference Processing: no references
[716.414s][debug][gc,ref         ] GC(52) Skipped phase 2 of Reference Processing: no references
[716.414s][debug][gc,ref         ] GC(52) Skipped phase 3 of Reference Processing: no references
[716.414s][debug][gc,ref         ] GC(52) Skipped phase 4 of Reference Processing: no references
[716.414s][debug][gc,phases      ] GC(52) Reference Processing 0.019ms
[716.414s][debug][gc,phases      ] GC(52)   VM Weak                        Min:  0.0, Avg:  0.0, Max:  0.0, Diff:  0.0, Sum:  0.0, Workers: 4
[716.414s][debug][gc,phases      ] GC(52)     Dead                           Min: 0, Avg:  0.0, Max: 0, Diff: 0, Sum: 0, Workers: 4
[716.414s][debug][gc,phases      ] GC(52)     Total                          Min: 0, Avg: 172.5, Max: 320, Diff: 320, Sum: 690, Workers: 4
[716.414s][debug][gc,phases      ] GC(52)   ObjectSynchronizer Weak        Min:  0.0, Avg:  0.0, Max:  0.0, Diff:  0.0, Sum:  0.0, Workers: 4
[716.414s][debug][gc,phases      ] GC(52)     Dead                           Min: 0, Avg:  0.0, Max: 0, Diff: 0, Sum: 0, Workers: 4
[716.414s][debug][gc,phases      ] GC(52)     Total                          Min: 0, Avg:  1.0, Max: 4, Diff: 4, Sum: 4, Workers: 4
[716.414s][debug][gc,phases      ] GC(52)   JVMTI Tag Weak OopStorage      Min:  0.0, Avg:  0.0, Max:  0.0, Diff:  0.0, Sum:  0.0, Workers: 4
[716.414s][debug][gc,phases      ] GC(52)     Dead                           Min: 0, Avg:  0.0, Max: 0, Diff: 0, Sum: 0, Workers: 4
[716.414s][debug][gc,phases      ] GC(52)     Total                          Min: 0, Avg:  0.0, Max: 0, Diff: 0, Sum: 0, Workers: 4
[716.414s][debug][gc,phases      ] GC(52)   StringTable Weak               Min:  0.0, Avg:  0.1, Max:  0.1, Diff:  0.1, Sum:  0.4, Workers: 4
[716.414s][debug][gc,phases      ] GC(52)     Dead                           Min: 0, Avg:  0.0, Max: 0, Diff: 0, Sum: 0, Workers: 4
[716.414s][debug][gc,phases      ] GC(52)     Total                          Min: 0, Avg: 10686.8, Max: 14400, Diff: 14400, Sum: 42747, Workers: 4
[716.414s][debug][gc,phases      ] GC(52)   ResolvedMethodTable Weak       Min:  0.0, Avg:  0.0, Max:  0.0, Diff:  0.0, Sum:  0.1, Workers: 4
[716.414s][debug][gc,phases      ] GC(52)     Dead                           Min: 0, Avg:  0.0, Max: 0, Diff: 0, Sum: 0, Workers: 4
[716.415s][debug][gc,phases      ] GC(52)     Total                          Min: 0, Avg: 2314.2, Max: 3305, Diff: 3305, Sum: 9257, Workers: 4
[716.415s][debug][gc,phases      ] GC(52)   JNI Weak                       Min:  0.0, Avg:  0.0, Max:  0.0, Diff:  0.0, Sum:  0.0, Workers: 4
[716.415s][debug][gc,phases      ] GC(52)     Dead                           Min: 0, Avg:  0.0, Max: 0, Diff: 0, Sum: 0, Workers: 4
[716.415s][debug][gc,phases      ] GC(52)     Total                          Min: 0, Avg: 11.2, Max: 45, Diff: 45, Sum: 45, Workers: 4
[716.415s][debug][gc,phases      ] GC(52)   StringDedup Table Weak         Min:  0.0, Avg:  0.0, Max:  0.0, Diff:  0.0, Sum:  0.0, Workers: 4
[716.415s][debug][gc,phases      ] GC(52)     Dead                           Min: 0, Avg:  0.0, Max: 0, Diff: 0, Sum: 0, Workers: 4
[716.415s][debug][gc,phases      ] GC(52)     Total                          Min: 0, Avg:  0.0, Max: 0, Diff: 0, Sum: 0, Workers: 4
[716.415s][debug][gc,phases      ] GC(52)   StringDedup Requests0 Weak     Min:  0.0, Avg:  0.0, Max:  0.0, Diff:  0.0, Sum:  0.0, Workers: 4
[716.415s][debug][gc,phases      ] GC(52)     Dead                           Min: 0, Avg:  0.0, Max: 0, Diff: 0, Sum: 0, Workers: 4
[716.415s][debug][gc,phases      ] GC(52)     Total                          Min: 0, Avg:  0.0, Max: 0, Diff: 0, Sum: 0, Workers: 4
[716.415s][debug][gc,phases      ] GC(52)   StringDedup Requests1 Weak     Min:  0.0, Avg:  0.0, Max:  0.0, Diff:  0.0, Sum:  0.0, Workers: 4
[716.415s][debug][gc,phases      ] GC(52)     Dead                           Min: 0, Avg:  0.0, Max: 0, Diff: 0, Sum: 0, Workers: 4
[716.415s][debug][gc,phases      ] GC(52)     Total                          Min: 0, Avg:  0.0, Max: 0, Diff: 0, Sum: 0, Workers: 4
[716.415s][debug][gc,phases      ] GC(52)   Weak JFR Old Object Samples    Min:  0.0, Avg:  0.0, Max:  0.0, Diff:  0.0, Sum:  0.0, Workers: 4
[716.415s][debug][gc,phases      ] GC(52)     Dead                           Min: 0, Avg:  0.0, Max: 0, Diff: 0, Sum: 0, Workers: 4
[716.415s][debug][gc,phases      ] GC(52)     Total                          Min: 0, Avg:  0.0, Max: 0, Diff: 0, Sum: 0, Workers: 4
[716.415s][debug][gc,phases      ] GC(52) Weak Processing 0.325ms
[716.415s][debug][gc,age         ] GC(52) Desired survivor size 40894464 bytes, new threshold 15 (max threshold 15)
[716.415s][info ][gc,heap        ] GC(52) PSYoungGen: 2008160K(2054144K)->128K(2051072K) Eden: 2008064K(2008064K)->0K(2008064K) From: 96K(46080K)->128K(43008K)
[716.415s][info ][gc,heap        ] GC(52) ParOldGen: 239032K(343552K)->239040K(343552K)
[716.415s][info ][gc,metaspace   ] GC(52) Metaspace: 80217K(81088K)->80217K(81088K) NonClass: 68454K(68928K)->68454K(68928K) Class: 11762K(12160K)->11762K(12160K)
[716.415s][info ][gc             ] GC(52) Pause Young (Allocation Failure) 2194M->233M(2338M) 1.551ms
[716.415s][info ][gc,cpu         ] GC(52) User=0.00s Sys=0.00s Real=0.00s
[716.415s][info ][safepoint      ] Safepoint "ParallelGCFailedAllocation", Time since last: 19399515346 ns, Reaching safepoint: 4200 ns, Cleanup: 28400 ns, At safepoint: 1623099 ns, Total: 1655699 ns
[721.415s][info ][safepoint      ] Safepoint "Cleanup", Time since last: 5000364461 ns, Reaching safepoint: 4100 ns, Cleanup: 39200 ns, At safepoint: 21000 ns, Total: 64300 ns
[735.812s][info ][gc,start       ] GC(53) Pause Young (Allocation Failure)
[735.813s][debug][gc,phases      ] GC(53) Scavenge 1.302ms
[735.813s][debug][gc,ref         ] GC(53) Skipped phase 1 of Reference Processing: no references
[735.813s][debug][gc,ref         ] GC(53) Skipped phase 2 of Reference Processing: no references
[735.813s][debug][gc,ref         ] GC(53) Skipped phase 3 of Reference Processing: no references
[735.813s][debug][gc,ref         ] GC(53) Skipped phase 4 of Reference Processing: no references
[735.814s][debug][gc,phases      ] GC(53) Reference Processing 0.020ms
[735.814s][debug][gc,phases      ] GC(53)   VM Weak                        Min:  0.0, Avg:  0.0, Max:  0.0, Diff:  0.0, Sum:  0.0, Workers: 4
[735.814s][debug][gc,phases      ] GC(53)     Dead                           Min: 0, Avg:  0.0, Max: 0, Diff: 0, Sum: 0, Workers: 4
[735.814s][debug][gc,phases      ] GC(53)     Total                          Min: 0, Avg: 172.5, Max: 690, Diff: 690, Sum: 690, Workers: 4
[735.814s][debug][gc,phases      ] GC(53)   ObjectSynchronizer Weak        Min:  0.0, Avg:  0.0, Max:  0.0, Diff:  0.0, Sum:  0.0, Workers: 4
[735.814s][debug][gc,phases      ] GC(53)     Dead                           Min: 0, Avg:  0.0, Max: 0, Diff: 0, Sum: 0, Workers: 4
[735.814s][debug][gc,phases      ] GC(53)     Total                          Min: 0, Avg:  1.0, Max: 4, Diff: 4, Sum: 4, Workers: 4
[735.814s][debug][gc,phases      ] GC(53)   JVMTI Tag Weak OopStorage      Min:  0.0, Avg:  0.0, Max:  0.0, Diff:  0.0, Sum:  0.0, Workers: 4
[735.814s][debug][gc,phases      ] GC(53)     Dead                           Min: 0, Avg:  0.0, Max: 0, Diff: 0, Sum: 0, Workers: 4
[735.814s][debug][gc,phases      ] GC(53)     Total                          Min: 0, Avg:  0.0, Max: 0, Diff: 0, Sum: 0, Workers: 4
[735.814s][debug][gc,phases      ] GC(53)   StringTable Weak               Min:  0.0, Avg:  0.1, Max:  0.2, Diff:  0.2, Sum:  0.3, Workers: 4
[735.814s][debug][gc,phases      ] GC(53)     Dead                           Min: 0, Avg:  0.0, Max: 0, Diff: 0, Sum: 0, Workers: 4
[735.814s][debug][gc,phases      ] GC(53)     Total                          Min: 0, Avg: 10686.8, Max: 24896, Diff: 24896, Sum: 42747, Workers: 4
[735.814s][debug][gc,phases      ] GC(53)   ResolvedMethodTable Weak       Min:  0.0, Avg:  0.0, Max:  0.0, Diff:  0.0, Sum:  0.1, Workers: 4
[735.814s][debug][gc,phases      ] GC(53)     Dead                           Min: 0, Avg:  0.0, Max: 0, Diff: 0, Sum: 0, Workers: 4
[735.814s][debug][gc,phases      ] GC(53)     Total                          Min: 0, Avg: 2314.2, Max: 5673, Diff: 5673, Sum: 9257, Workers: 4
[735.814s][debug][gc,phases      ] GC(53)   JNI Weak                       Min:  0.0, Avg:  0.0, Max:  0.0, Diff:  0.0, Sum:  0.0, Workers: 4
[735.814s][debug][gc,phases      ] GC(53)     Dead                           Min: 0, Avg:  0.0, Max: 0, Diff: 0, Sum: 0, Workers: 4
[735.814s][debug][gc,phases      ] GC(53)     Total                          Min: 0, Avg: 11.2, Max: 45, Diff: 45, Sum: 45, Workers: 4
[735.814s][debug][gc,phases      ] GC(53)   StringDedup Table Weak         Min:  0.0, Avg:  0.0, Max:  0.0, Diff:  0.0, Sum:  0.0, Workers: 4
[735.814s][debug][gc,phases      ] GC(53)     Dead                           Min: 0, Avg:  0.0, Max: 0, Diff: 0, Sum: 0, Workers: 4
[735.814s][debug][gc,phases      ] GC(53)     Total                          Min: 0, Avg:  0.0, Max: 0, Diff: 0, Sum: 0, Workers: 4
[735.814s][debug][gc,phases      ] GC(53)   StringDedup Requests0 Weak     Min:  0.0, Avg:  0.0, Max:  0.0, Diff:  0.0, Sum:  0.0, Workers: 4
[735.814s][debug][gc,phases      ] GC(53)     Dead                           Min: 0, Avg:  0.0, Max: 0, Diff: 0, Sum: 0, Workers: 4
[735.814s][debug][gc,phases      ] GC(53)     Total                          Min: 0, Avg:  0.0, Max: 0, Diff: 0, Sum: 0, Workers: 4
[735.814s][debug][gc,phases      ] GC(53)   StringDedup Requests1 Weak     Min:  0.0, Avg:  0.0, Max:  0.0, Diff:  0.0, Sum:  0.0, Workers: 4
[735.814s][debug][gc,phases      ] GC(53)     Dead                           Min: 0, Avg:  0.0, Max: 0, Diff: 0, Sum: 0, Workers: 4
[735.814s][debug][gc,phases      ] GC(53)     Total                          Min: 0, Avg:  0.0, Max: 0, Diff: 0, Sum: 0, Workers: 4
[735.814s][debug][gc,phases      ] GC(53)   Weak JFR Old Object Samples    Min:  0.0, Avg:  0.0, Max:  0.0, Diff:  0.0, Sum:  0.0, Workers: 4
[735.814s][debug][gc,phases      ] GC(53)     Dead                           Min: 0, Avg:  0.0, Max: 0, Diff: 0, Sum: 0, Workers: 4
[735.814s][debug][gc,phases      ] GC(53)     Total                          Min: 0, Avg:  0.0, Max: 0, Diff: 0, Sum: 0, Workers: 4
[735.814s][debug][gc,phases      ] GC(53) Weak Processing 0.362ms
[735.814s][debug][gc,age         ] GC(53) Desired survivor size 38273024 bytes, new threshold 15 (max threshold 15)
[735.814s][info ][gc,heap        ] GC(53) PSYoungGen: 2008192K(2051072K)->128K(2059776K) Eden: 2008064K(2008064K)->0K(2019840K) From: 128K(43008K)->128K(39936K)
[735.814s][info ][gc,heap        ] GC(53) ParOldGen: 239040K(343552K)->239048K(343552K)
[735.814s][info ][gc,metaspace   ] GC(53) Metaspace: 80217K(81088K)->80217K(81088K) NonClass: 68454K(68928K)->68454K(68928K) Class: 11762K(12160K)->11762K(12160K)
[735.814s][info ][gc             ] GC(53) Pause Young (Allocation Failure) 2194M->233M(2347M) 1.786ms
[735.814s][info ][gc,cpu         ] GC(53) User=0.00s Sys=0.00s Real=0.00s
[735.814s][info ][safepoint      ] Safepoint "ParallelGCFailedAllocation", Time since last: 14397007103 ns, Reaching safepoint: 5300 ns, Cleanup: 27600 ns, At safepoint: 1848600 ns, Total: 1881500 ns
[737.814s][info ][safepoint      ] Safepoint "Cleanup", Time since last: 2000148412 ns, Reaching safepoint: 76200 ns, Cleanup: 63200 ns, At safepoint: 4400 ns, Total: 143800 ns
[738.186s][info ][safepoint      ] Safepoint "ICBufferFull", Time since last: 371502847 ns, Reaching safepoint: 113800 ns, Cleanup: 187000 ns, At safepoint: 11500 ns, Total: 312300 ns
[738.707s][info ][safepoint      ] Safepoint "ICBufferFull", Time since last: 520711425 ns, Reaching safepoint: 58800 ns, Cleanup: 180600 ns, At safepoint: 10400 ns, Total: 249800 ns
[739.563s][info ][safepoint      ] Safepoint "ICBufferFull", Time since last: 855932486 ns, Reaching safepoint: 4400 ns, Cleanup: 179700 ns, At safepoint: 8300 ns, Total: 192400 ns
[740.563s][info ][safepoint      ] Safepoint "Cleanup", Time since last: 1000121976 ns, Reaching safepoint: 79500 ns, Cleanup: 56000 ns, At safepoint: 8800 ns, Total: 144300 ns
[741.564s][info ][safepoint      ] Safepoint "Cleanup", Time since last: 1000103876 ns, Reaching safepoint: 77600 ns, Cleanup: 52800 ns, At safepoint: 5500 ns, Total: 135900 ns
[742.564s][info ][safepoint      ] Safepoint "Cleanup", Time since last: 1000119575 ns, Reaching safepoint: 79100 ns, Cleanup: 53900 ns, At safepoint: 18100 ns, Total: 151100 ns
[743.564s][info ][safepoint      ] Safepoint "Cleanup", Time since last: 1000110176 ns, Reaching safepoint: 73700 ns, Cleanup: 34400 ns, At safepoint: 5500 ns, Total: 113600 ns
[744.564s][info ][safepoint      ] Safepoint "Cleanup", Time since last: 1000097776 ns, Reaching safepoint: 73600 ns, Cleanup: 27400 ns, At safepoint: 3800 ns, Total: 104800 ns
[745.261s][info ][gc,start       ] GC(54) Pause Young (Allocation Failure)
[745.277s][debug][gc,phases      ] GC(54) Scavenge 15.846ms
[745.277s][debug][gc,ref         ] GC(54) Skipped phase 1 of Reference Processing: no references
[745.277s][debug][gc,ref         ] GC(54) ReferenceProcessor::execute queues: 1, RefProcThreadModel::Single, marks_oops_alive: false
[745.277s][debug][gc,ref         ] GC(54) ReferenceProcessor::execute queues: 4, RefProcThreadModel::Multi, marks_oops_alive: true
[745.277s][debug][gc,ref         ] GC(54) ReferenceProcessor::execute queues: 1, RefProcThreadModel::Single, marks_oops_alive: false
[745.277s][debug][gc,phases      ] GC(54) Reference Processing 0.164ms
[745.277s][debug][gc,phases      ] GC(54)   VM Weak                        Min:  0.0, Avg:  0.0, Max:  0.0, Diff:  0.0, Sum:  0.0, Workers: 4
[745.277s][debug][gc,phases      ] GC(54)     Dead                           Min: 0, Avg:  0.0, Max: 0, Diff: 0, Sum: 0, Workers: 4
[745.277s][debug][gc,phases      ] GC(54)     Total                          Min: 0, Avg: 173.5, Max: 374, Diff: 374, Sum: 694, Workers: 4
[745.277s][debug][gc,phases      ] GC(54)   ObjectSynchronizer Weak        Min:  0.0, Avg:  0.0, Max:  0.0, Diff:  0.0, Sum:  0.0, Workers: 4
[745.277s][debug][gc,phases      ] GC(54)     Dead                           Min: 0, Avg:  0.2, Max: 1, Diff: 1, Sum: 1, Workers: 4
[745.277s][debug][gc,phases      ] GC(54)     Total                          Min: 0, Avg:  1.8, Max: 7, Diff: 7, Sum: 7, Workers: 4
[745.277s][debug][gc,phases      ] GC(54)   JVMTI Tag Weak OopStorage      Min:  0.0, Avg:  0.0, Max:  0.0, Diff:  0.0, Sum:  0.0, Workers: 4
[745.277s][debug][gc,phases      ] GC(54)     Dead                           Min: 0, Avg:  0.0, Max: 0, Diff: 0, Sum: 0, Workers: 4
[745.277s][debug][gc,phases      ] GC(54)     Total                          Min: 0, Avg:  0.0, Max: 0, Diff: 0, Sum: 0, Workers: 4
[745.277s][debug][gc,phases      ] GC(54)   StringTable Weak               Min:  0.0, Avg:  0.1, Max:  0.1, Diff:  0.1, Sum:  0.4, Workers: 4
[745.277s][debug][gc,phases      ] GC(54)     Dead                           Min: 0, Avg:  0.5, Max: 2, Diff: 2, Sum: 2, Workers: 4
[745.277s][debug][gc,phases      ] GC(54)     Total                          Min: 0, Avg: 10717.5, Max: 18112, Diff: 18112, Sum: 42870, Workers: 4
[745.277s][debug][gc,phases      ] GC(54)   ResolvedMethodTable Weak       Min:  0.0, Avg:  0.0, Max:  0.0, Diff:  0.0, Sum:  0.1, Workers: 4
[745.277s][debug][gc,phases      ] GC(54)     Dead                           Min: 0, Avg:  4.0, Max: 16, Diff: 16, Sum: 16, Workers: 4
[745.277s][debug][gc,phases      ] GC(54)     Total                          Min: 0, Avg: 2328.8, Max: 4003, Diff: 4003, Sum: 9315, Workers: 4
[745.277s][debug][gc,phases      ] GC(54)   JNI Weak                       Min:  0.0, Avg:  0.0, Max:  0.0, Diff:  0.0, Sum:  0.0, Workers: 4
[745.277s][debug][gc,phases      ] GC(54)     Dead                           Min: 0, Avg:  0.0, Max: 0, Diff: 0, Sum: 0, Workers: 4
[745.277s][debug][gc,phases      ] GC(54)     Total                          Min: 0, Avg: 11.2, Max: 45, Diff: 45, Sum: 45, Workers: 4
[745.277s][debug][gc,phases      ] GC(54)   StringDedup Table Weak         Min:  0.0, Avg:  0.0, Max:  0.0, Diff:  0.0, Sum:  0.0, Workers: 4
[745.277s][debug][gc,phases      ] GC(54)     Dead                           Min: 0, Avg:  0.0, Max: 0, Diff: 0, Sum: 0, Workers: 4
[745.277s][debug][gc,phases      ] GC(54)     Total                          Min: 0, Avg:  0.0, Max: 0, Diff: 0, Sum: 0, Workers: 4
[745.277s][debug][gc,phases      ] GC(54)   StringDedup Requests0 Weak     Min:  0.0, Avg:  0.0, Max:  0.0, Diff:  0.0, Sum:  0.0, Workers: 4
[745.277s][debug][gc,phases      ] GC(54)     Dead                           Min: 0, Avg:  0.0, Max: 0, Diff: 0, Sum: 0, Workers: 4
[745.277s][debug][gc,phases      ] GC(54)     Total                          Min: 0, Avg:  0.0, Max: 0, Diff: 0, Sum: 0, Workers: 4
[745.277s][debug][gc,phases      ] GC(54)   StringDedup Requests1 Weak     Min:  0.0, Avg:  0.0, Max:  0.0, Diff:  0.0, Sum:  0.0, Workers: 4
[745.277s][debug][gc,phases      ] GC(54)     Dead                           Min: 0, Avg:  0.0, Max: 0, Diff: 0, Sum: 0, Workers: 4
[745.277s][debug][gc,phases      ] GC(54)     Total                          Min: 0, Avg:  0.0, Max: 0, Diff: 0, Sum: 0, Workers: 4
[745.277s][debug][gc,phases      ] GC(54)   Weak JFR Old Object Samples    Min:  0.0, Avg:  0.0, Max:  0.0, Diff:  0.0, Sum:  0.0, Workers: 4
[745.277s][debug][gc,phases      ] GC(54)     Dead                           Min: 0, Avg:  0.0, Max: 0, Diff: 0, Sum: 0, Workers: 4
[745.277s][debug][gc,phases      ] GC(54)     Total                          Min: 0, Avg:  0.0, Max: 0, Diff: 0, Sum: 0, Workers: 4
[745.277s][debug][gc,phases      ] GC(54) Weak Processing 0.312ms
[745.277s][debug][gc,age         ] GC(54) Desired survivor size 42991616 bytes, new threshold 15 (max threshold 15)
[745.277s][info ][gc,heap        ] GC(54) PSYoungGen: 2019968K(2059776K)->25228K(2045440K) Eden: 2019840K(2019840K)->0K(2019840K) From: 128K(39936K)->25228K(25600K)
[745.277s][info ][gc,heap        ] GC(54) ParOldGen: 239048K(343552K)->239064K(343552K)
[745.277s][info ][gc,metaspace   ] GC(54) Metaspace: 80543K(81344K)->80543K(81344K) NonClass: 68749K(69184K)->68749K(69184K) Class: 11793K(12160K)->11793K(12160K)
[745.277s][info ][gc             ] GC(54) Pause Young (Allocation Failure) 2206M->258M(2333M) 16.446ms
[745.277s][info ][gc,cpu         ] GC(54) User=0.05s Sys=0.00s Real=0.01s
[745.277s][info ][safepoint      ] Safepoint "ParallelGCFailedAllocation", Time since last: 696246613 ns, Reaching safepoint: 5200 ns, Cleanup: 36400 ns, At safepoint: 16516398 ns, Total: 16557998 ns
[746.277s][info ][safepoint      ] Safepoint "Cleanup", Time since last: 1000075576 ns, Reaching safepoint: 4900 ns, Cleanup: 54200 ns, At safepoint: 6800 ns, Total: 65900 ns
[747.277s][info ][safepoint      ] Safepoint "Cleanup", Time since last: 1000104963 ns, Reaching safepoint: 4800 ns, Cleanup: 44600 ns, At safepoint: 2500 ns, Total: 51900 ns
[748.278s][info ][safepoint      ] Safepoint "Cleanup", Time since last: 1000082705 ns, Reaching safepoint: 5200 ns, Cleanup: 62300 ns, At safepoint: 5400 ns, Total: 72900 ns
[749.278s][info ][safepoint      ] Safepoint "Cleanup", Time since last: 1000062104 ns, Reaching safepoint: 4600 ns, Cleanup: 38700 ns, At safepoint: 4100 ns, Total: 47400 ns
[750.278s][info ][safepoint      ] Safepoint "Cleanup", Time since last: 1000098705 ns, Reaching safepoint: 4400 ns, Cleanup: 49900 ns, At safepoint: 2500 ns, Total: 56800 ns
[751.278s][info ][safepoint      ] Safepoint "Cleanup", Time since last: 1000101104 ns, Reaching safepoint: 4700 ns, Cleanup: 50300 ns, At safepoint: 2900 ns, Total: 57900 ns
[752.278s][info ][safepoint      ] Safepoint "Cleanup", Time since last: 1000111205 ns, Reaching safepoint: 4700 ns, Cleanup: 35300 ns, At safepoint: 5000 ns, Total: 45000 ns
[753.618s][info ][safepoint      ] Safepoint "Cleanup", Time since last: 1339873138 ns, Reaching safepoint: 83800 ns, Cleanup: 120400 ns, At safepoint: 9300 ns, Total: 213500 ns
[754.618s][info ][safepoint      ] Safepoint "Cleanup", Time since last: 1000102104 ns, Reaching safepoint: 4400 ns, Cleanup: 48300 ns, At safepoint: 4700 ns, Total: 57400 ns
[756.619s][info ][safepoint      ] Safepoint "Cleanup", Time since last: 2000177234 ns, Reaching safepoint: 5000 ns, Cleanup: 30200 ns, At safepoint: 2100 ns, Total: 37300 ns
[757.619s][info ][safepoint      ] Safepoint "Cleanup", Time since last: 1000096322 ns, Reaching safepoint: 5400 ns, Cleanup: 33600 ns, At safepoint: 3100 ns, Total: 42100 ns
[758.060s][info ][gc,start       ] GC(55) Pause Young (Allocation Failure)
[758.072s][debug][gc,phases      ] GC(55) Scavenge 12.097ms
[758.072s][debug][gc,ref         ] GC(55) Skipped phase 1 of Reference Processing: no references
[758.072s][debug][gc,ref         ] GC(55) ReferenceProcessor::execute queues: 1, RefProcThreadModel::Single, marks_oops_alive: false
[758.072s][debug][gc,ref         ] GC(55) ReferenceProcessor::execute queues: 4, RefProcThreadModel::Multi, marks_oops_alive: true
[758.073s][debug][gc,ref         ] GC(55) ReferenceProcessor::execute queues: 1, RefProcThreadModel::Single, marks_oops_alive: false
[758.073s][debug][gc,phases      ] GC(55) Reference Processing 0.379ms
[758.073s][debug][gc,phases      ] GC(55)   VM Weak                        Min:  0.0, Avg:  0.0, Max:  0.0, Diff:  0.0, Sum:  0.0, Workers: 4
[758.073s][debug][gc,phases      ] GC(55)     Dead                           Min: 0, Avg:  0.0, Max: 0, Diff: 0, Sum: 0, Workers: 4
[758.073s][debug][gc,phases      ] GC(55)     Total                          Min: 0, Avg: 173.8, Max: 384, Diff: 384, Sum: 695, Workers: 4
[758.073s][debug][gc,phases      ] GC(55)   ObjectSynchronizer Weak        Min:  0.0, Avg:  0.0, Max:  0.0, Diff:  0.0, Sum:  0.0, Workers: 4
[758.073s][debug][gc,phases      ] GC(55)     Dead                           Min: 0, Avg:  0.0, Max: 0, Diff: 0, Sum: 0, Workers: 4
[758.073s][debug][gc,phases      ] GC(55)     Total                          Min: 0, Avg:  1.8, Max: 7, Diff: 7, Sum: 7, Workers: 4
[758.073s][debug][gc,phases      ] GC(55)   JVMTI Tag Weak OopStorage      Min:  0.0, Avg:  0.0, Max:  0.0, Diff:  0.0, Sum:  0.0, Workers: 4
[758.073s][debug][gc,phases      ] GC(55)     Dead                           Min: 0, Avg:  0.0, Max: 0, Diff: 0, Sum: 0, Workers: 4
[758.073s][debug][gc,phases      ] GC(55)     Total                          Min: 0, Avg:  0.0, Max: 0, Diff: 0, Sum: 0, Workers: 4
[758.073s][debug][gc,phases      ] GC(55)   StringTable Weak               Min:  0.0, Avg:  0.1, Max:  0.2, Diff:  0.2, Sum:  0.3, Workers: 4
[758.073s][debug][gc,phases      ] GC(55)     Dead                           Min: 0, Avg:  0.2, Max: 1, Diff: 1, Sum: 1, Workers: 4
[758.073s][debug][gc,phases      ] GC(55)     Total                          Min: 0, Avg: 10724.5, Max: 26515, Diff: 26515, Sum: 42898, Workers: 4
[758.073s][debug][gc,phases      ] GC(55)   ResolvedMethodTable Weak       Min:  0.0, Avg:  0.0, Max:  0.0, Diff:  0.0, Sum:  0.1, Workers: 4
[758.073s][debug][gc,phases      ] GC(55)     Dead                           Min: 0, Avg:  0.0, Max: 0, Diff: 0, Sum: 0, Workers: 4
[758.073s][debug][gc,phases      ] GC(55)     Total                          Min: 0, Avg: 2331.8, Max: 5615, Diff: 5615, Sum: 9327, Workers: 4
[758.073s][debug][gc,phases      ] GC(55)   JNI Weak                       Min:  0.0, Avg:  0.0, Max:  0.0, Diff:  0.0, Sum:  0.0, Workers: 4
[758.073s][debug][gc,phases      ] GC(55)     Dead                           Min: 0, Avg:  0.0, Max: 0, Diff: 0, Sum: 0, Workers: 4
[758.073s][debug][gc,phases      ] GC(55)     Total                          Min: 0, Avg: 11.2, Max: 45, Diff: 45, Sum: 45, Workers: 4
[758.073s][debug][gc,phases      ] GC(55)   StringDedup Table Weak         Min:  0.0, Avg:  0.0, Max:  0.0, Diff:  0.0, Sum:  0.0, Workers: 4
[758.073s][debug][gc,phases      ] GC(55)     Dead                           Min: 0, Avg:  0.0, Max: 0, Diff: 0, Sum: 0, Workers: 4
[758.073s][debug][gc,phases      ] GC(55)     Total                          Min: 0, Avg:  0.0, Max: 0, Diff: 0, Sum: 0, Workers: 4
[758.073s][debug][gc,phases      ] GC(55)   StringDedup Requests0 Weak     Min:  0.0, Avg:  0.0, Max:  0.0, Diff:  0.0, Sum:  0.0, Workers: 4
[758.073s][debug][gc,phases      ] GC(55)     Dead                           Min: 0, Avg:  0.0, Max: 0, Diff: 0, Sum: 0, Workers: 4
[758.073s][debug][gc,phases      ] GC(55)     Total                          Min: 0, Avg:  0.0, Max: 0, Diff: 0, Sum: 0, Workers: 4
[758.073s][debug][gc,phases      ] GC(55)   StringDedup Requests1 Weak     Min:  0.0, Avg:  0.0, Max:  0.0, Diff:  0.0, Sum:  0.0, Workers: 4
[758.073s][debug][gc,phases      ] GC(55)     Dead                           Min: 0, Avg:  0.0, Max: 0, Diff: 0, Sum: 0, Workers: 4
[758.073s][debug][gc,phases      ] GC(55)     Total                          Min: 0, Avg:  0.0, Max: 0, Diff: 0, Sum: 0, Workers: 4
[758.073s][debug][gc,phases      ] GC(55)   Weak JFR Old Object Samples    Min:  0.0, Avg:  0.0, Max:  0.0, Diff:  0.0, Sum:  0.0, Workers: 4
[758.073s][debug][gc,phases      ] GC(55)     Dead                           Min: 0, Avg:  0.0, Max: 0, Diff: 0, Sum: 0, Workers: 4
[758.073s][debug][gc,phases      ] GC(55)     Total                          Min: 0, Avg:  0.0, Max: 0, Diff: 0, Sum: 0, Workers: 4
[758.073s][debug][gc,phases      ] GC(55) Weak Processing 0.369ms
[758.073s][debug][gc,age         ] GC(55) Desired survivor size 46661632 bytes, new threshold 15 (max threshold 15)
[758.073s][info ][gc,heap        ] GC(55) PSYoungGen: 2045068K(2045440K)->25308K(2048000K) Eden: 2019840K(2019840K)->0K(2006016K) From: 25228K(25600K)->25308K(41984K)
[758.073s][info ][gc,heap        ] GC(55) ParOldGen: 239064K(343552K)->239080K(343552K)
[758.073s][info ][gc,metaspace   ] GC(55) Metaspace: 80625K(81472K)->80625K(81472K) NonClass: 68822K(69248K)->68822K(69248K) Class: 11803K(12224K)->11803K(12224K)
[758.073s][info ][gc             ] GC(55) Pause Young (Allocation Failure) 2230M->258M(2335M) 12.978ms
[758.073s][info ][gc,cpu         ] GC(55) User=0.04s Sys=0.00s Real=0.01s
[758.073s][info ][safepoint      ] Safepoint "ParallelGCFailedAllocation", Time since last: 441221233 ns, Reaching safepoint: 5400 ns, Cleanup: 27400 ns, At safepoint: 13052995 ns, Total: 13085795 ns
[759.073s][info ][safepoint      ] Safepoint "Cleanup", Time since last: 1000079722 ns, Reaching safepoint: 4600 ns, Cleanup: 50700 ns, At safepoint: 5200 ns, Total: 60500 ns
[761.073s][info ][safepoint      ] Safepoint "Cleanup", Time since last: 2000127278 ns, Reaching safepoint: 4400 ns, Cleanup: 122000 ns, At safepoint: 5500 ns, Total: 131900 ns
[764.074s][info ][safepoint      ] Safepoint "Cleanup", Time since last: 3000221327 ns, Reaching safepoint: 4400 ns, Cleanup: 31800 ns, At safepoint: 2800 ns, Total: 39000 ns
[765.074s][info ][safepoint      ] Safepoint "Cleanup", Time since last: 1000103649 ns, Reaching safepoint: 4300 ns, Cleanup: 27200 ns, At safepoint: 4600 ns, Total: 36100 ns
[768.076s][info ][safepoint      ] Safepoint "Cleanup", Time since last: 3001510047 ns, Reaching safepoint: 74200 ns, Cleanup: 46000 ns, At safepoint: 5000 ns, Total: 125200 ns
[771.115s][info ][gc,start       ] GC(56) Pause Young (Allocation Failure)
[771.123s][debug][gc,phases      ] GC(56) Scavenge 8.396ms
[771.123s][debug][gc,ref         ] GC(56) Skipped phase 1 of Reference Processing: no references
[771.123s][debug][gc,ref         ] GC(56) ReferenceProcessor::execute queues: 1, RefProcThreadModel::Single, marks_oops_alive: false
[771.123s][debug][gc,ref         ] GC(56) Skipped phase 3 of Reference Processing: no references
[771.123s][debug][gc,ref         ] GC(56) ReferenceProcessor::execute queues: 1, RefProcThreadModel::Single, marks_oops_alive: false
[771.123s][debug][gc,phases      ] GC(56) Reference Processing 0.096ms
[771.123s][debug][gc,phases      ] GC(56)   VM Weak                        Min:  0.0, Avg:  0.0, Max:  0.0, Diff:  0.0, Sum:  0.0, Workers: 4
[771.123s][debug][gc,phases      ] GC(56)     Dead                           Min: 0, Avg:  0.0, Max: 0, Diff: 0, Sum: 0, Workers: 4
[771.123s][debug][gc,phases      ] GC(56)     Total                          Min: 0, Avg: 173.8, Max: 695, Diff: 695, Sum: 695, Workers: 4
[771.123s][debug][gc,phases      ] GC(56)   ObjectSynchronizer Weak        Min:  0.0, Avg:  0.0, Max:  0.0, Diff:  0.0, Sum:  0.0, Workers: 4
[771.123s][debug][gc,phases      ] GC(56)     Dead                           Min: 0, Avg:  0.0, Max: 0, Diff: 0, Sum: 0, Workers: 4
[771.123s][debug][gc,phases      ] GC(56)     Total                          Min: 0, Avg:  1.8, Max: 7, Diff: 7, Sum: 7, Workers: 4
[771.123s][debug][gc,phases      ] GC(56)   JVMTI Tag Weak OopStorage      Min:  0.0, Avg:  0.0, Max:  0.0, Diff:  0.0, Sum:  0.0, Workers: 4
[771.123s][debug][gc,phases      ] GC(56)     Dead                           Min: 0, Avg:  0.0, Max: 0, Diff: 0, Sum: 0, Workers: 4
[771.123s][debug][gc,phases      ] GC(56)     Total                          Min: 0, Avg:  0.0, Max: 0, Diff: 0, Sum: 0, Workers: 4
[771.123s][debug][gc,phases      ] GC(56)   StringTable Weak               Min:  0.0, Avg:  0.1, Max:  0.1, Diff:  0.1, Sum:  0.4, Workers: 4
[771.123s][debug][gc,phases      ] GC(56)     Dead                           Min: 0, Avg:  0.0, Max: 0, Diff: 0, Sum: 0, Workers: 4
[771.123s][debug][gc,phases      ] GC(56)     Total                          Min: 0, Avg: 10725.5, Max: 18903, Diff: 18903, Sum: 42902, Workers: 4
[771.123s][debug][gc,phases      ] GC(56)   ResolvedMethodTable Weak       Min:  0.0, Avg:  0.0, Max:  0.0, Diff:  0.0, Sum:  0.1, Workers: 4
[771.123s][debug][gc,phases      ] GC(56)     Dead                           Min: 0, Avg:  0.0, Max: 0, Diff: 0, Sum: 0, Workers: 4
[771.123s][debug][gc,phases      ] GC(56)     Total                          Min: 0, Avg: 2331.8, Max: 3759, Diff: 3759, Sum: 9327, Workers: 4
[771.123s][debug][gc,phases      ] GC(56)   JNI Weak                       Min:  0.0, Avg:  0.0, Max:  0.0, Diff:  0.0, Sum:  0.0, Workers: 4
[771.123s][debug][gc,phases      ] GC(56)     Dead                           Min: 0, Avg:  0.0, Max: 0, Diff: 0, Sum: 0, Workers: 4
[771.123s][debug][gc,phases      ] GC(56)     Total                          Min: 0, Avg: 11.2, Max: 45, Diff: 45, Sum: 45, Workers: 4
[771.123s][debug][gc,phases      ] GC(56)   StringDedup Table Weak         Min:  0.0, Avg:  0.0, Max:  0.0, Diff:  0.0, Sum:  0.0, Workers: 4
[771.123s][debug][gc,phases      ] GC(56)     Dead                           Min: 0, Avg:  0.0, Max: 0, Diff: 0, Sum: 0, Workers: 4
[771.123s][debug][gc,phases      ] GC(56)     Total                          Min: 0, Avg:  0.0, Max: 0, Diff: 0, Sum: 0, Workers: 4
[771.123s][debug][gc,phases      ] GC(56)   StringDedup Requests0 Weak     Min:  0.0, Avg:  0.0, Max:  0.0, Diff:  0.0, Sum:  0.0, Workers: 4
[771.123s][debug][gc,phases      ] GC(56)     Dead                           Min: 0, Avg:  0.0, Max: 0, Diff: 0, Sum: 0, Workers: 4
[771.123s][debug][gc,phases      ] GC(56)     Total                          Min: 0, Avg:  0.0, Max: 0, Diff: 0, Sum: 0, Workers: 4
[771.123s][debug][gc,phases      ] GC(56)   StringDedup Requests1 Weak     Min:  0.0, Avg:  0.0, Max:  0.0, Diff:  0.0, Sum:  0.0, Workers: 4
[771.123s][debug][gc,phases      ] GC(56)     Dead                           Min: 0, Avg:  0.0, Max: 0, Diff: 0, Sum: 0, Workers: 4
[771.123s][debug][gc,phases      ] GC(56)     Total                          Min: 0, Avg:  0.0, Max: 0, Diff: 0, Sum: 0, Workers: 4
[771.123s][debug][gc,phases      ] GC(56)   Weak JFR Old Object Samples    Min:  0.0, Avg:  0.0, Max:  0.0, Diff:  0.0, Sum:  0.0, Workers: 4
[771.123s][debug][gc,phases      ] GC(56)     Dead                           Min: 0, Avg:  0.0, Max: 0, Diff: 0, Sum: 0, Workers: 4
[771.123s][debug][gc,phases      ] GC(56)     Total                          Min: 0, Avg:  0.0, Max: 0, Diff: 0, Sum: 0, Workers: 4
[771.123s][debug][gc,phases      ] GC(56) Weak Processing 0.323ms
[771.123s][debug][gc,age         ] GC(56) Desired survivor size 49283072 bytes, new threshold 15 (max threshold 15)
[771.123s][info ][gc,heap        ] GC(56) PSYoungGen: 2031324K(2048000K)->25196K(2031616K) Eden: 2006016K(2006016K)->0K(2006016K) From: 25308K(41984K)->25196K(25600K)
[771.123s][info ][gc,heap        ] GC(56) ParOldGen: 239080K(343552K)->239080K(343552K)
[771.124s][info ][gc,metaspace   ] GC(56) Metaspace: 80627K(81472K)->80627K(81472K) NonClass: 68823K(69248K)->68823K(69248K) Class: 11803K(12224K)->11803K(12224K)
[771.124s][info ][gc             ] GC(56) Pause Young (Allocation Failure) 2217M->258M(2319M) 8.931ms
[771.124s][info ][gc,cpu         ] GC(56) User=0.03s Sys=0.00s Real=0.01s
[771.124s][info ][safepoint      ] Safepoint "ParallelGCFailedAllocation", Time since last: 3038943240 ns, Reaching safepoint: 78600 ns, Cleanup: 20300 ns, At safepoint: 9004499 ns, Total: 9103399 ns
[772.124s][info ][safepoint      ] Safepoint "Cleanup", Time since last: 1000093390 ns, Reaching safepoint: 6100 ns, Cleanup: 36900 ns, At safepoint: 3300 ns, Total: 46300 ns
[777.124s][info ][safepoint      ] Safepoint "Cleanup", Time since last: 5000336051 ns, Reaching safepoint: 5000 ns, Cleanup: 41200 ns, At safepoint: 2000 ns, Total: 48200 ns
[778.124s][info ][safepoint      ] Safepoint "Cleanup", Time since last: 1000099391 ns, Reaching safepoint: 4300 ns, Cleanup: 39600 ns, At safepoint: 2300 ns, Total: 46200 ns
[779.124s][info ][safepoint      ] Safepoint "Cleanup", Time since last: 1000103090 ns, Reaching safepoint: 5700 ns, Cleanup: 42500 ns, At safepoint: 2900 ns, Total: 51100 ns
[780.125s][info ][safepoint      ] Safepoint "Cleanup", Time since last: 1000113249 ns, Reaching safepoint: 4400 ns, Cleanup: 39800 ns, At safepoint: 2800 ns, Total: 47000 ns
[784.262s][info ][gc,start       ] GC(57) Pause Young (Allocation Failure)
[784.272s][debug][gc,phases      ] GC(57) Scavenge 9.575ms
[784.272s][debug][gc,ref         ] GC(57) Skipped phase 1 of Reference Processing: no references
[784.272s][debug][gc,ref         ] GC(57) ReferenceProcessor::execute queues: 1, RefProcThreadModel::Single, marks_oops_alive: false
[784.272s][debug][gc,ref         ] GC(57) Skipped phase 3 of Reference Processing: no references
[784.272s][debug][gc,ref         ] GC(57) ReferenceProcessor::execute queues: 1, RefProcThreadModel::Single, marks_oops_alive: false
[784.272s][debug][gc,phases      ] GC(57) Reference Processing 0.098ms
[784.272s][debug][gc,phases      ] GC(57)   VM Weak                        Min:  0.0, Avg:  0.0, Max:  0.0, Diff:  0.0, Sum:  0.0, Workers: 4
[784.272s][debug][gc,phases      ] GC(57)     Dead                           Min: 0, Avg:  0.0, Max: 0, Diff: 0, Sum: 0, Workers: 4
[784.272s][debug][gc,phases      ] GC(57)     Total                          Min: 0, Avg: 173.8, Max: 512, Diff: 512, Sum: 695, Workers: 4
[784.272s][debug][gc,phases      ] GC(57)   ObjectSynchronizer Weak        Min:  0.0, Avg:  0.0, Max:  0.0, Diff:  0.0, Sum:  0.0, Workers: 4
[784.272s][debug][gc,phases      ] GC(57)     Dead                           Min: 0, Avg:  0.0, Max: 0, Diff: 0, Sum: 0, Workers: 4
[784.272s][debug][gc,phases      ] GC(57)     Total                          Min: 0, Avg:  1.0, Max: 4, Diff: 4, Sum: 4, Workers: 4
[784.272s][debug][gc,phases      ] GC(57)   JVMTI Tag Weak OopStorage      Min:  0.0, Avg:  0.0, Max:  0.0, Diff:  0.0, Sum:  0.0, Workers: 4
[784.272s][debug][gc,phases      ] GC(57)     Dead                           Min: 0, Avg:  0.0, Max: 0, Diff: 0, Sum: 0, Workers: 4
[784.272s][debug][gc,phases      ] GC(57)     Total                          Min: 0, Avg:  0.0, Max: 0, Diff: 0, Sum: 0, Workers: 4
[784.272s][debug][gc,phases      ] GC(57)   StringTable Weak               Min:  0.0, Avg:  0.1, Max:  0.1, Diff:  0.1, Sum:  0.4, Workers: 4
[784.272s][debug][gc,phases      ] GC(57)     Dead                           Min: 0, Avg:  0.0, Max: 0, Diff: 0, Sum: 0, Workers: 4
[784.272s][debug][gc,phases      ] GC(57)     Total                          Min: 0, Avg: 10725.5, Max: 14975, Diff: 14975, Sum: 42902, Workers: 4
[784.272s][debug][gc,phases      ] GC(57)   ResolvedMethodTable Weak       Min:  0.0, Avg:  0.0, Max:  0.0, Diff:  0.0, Sum:  0.1, Workers: 4
[784.272s][debug][gc,phases      ] GC(57)     Dead                           Min: 0, Avg:  0.0, Max: 0, Diff: 0, Sum: 0, Workers: 4
[784.272s][debug][gc,phases      ] GC(57)     Total                          Min: 0, Avg: 2331.8, Max: 3311, Diff: 3311, Sum: 9327, Workers: 4
[784.272s][debug][gc,phases      ] GC(57)   JNI Weak                       Min:  0.0, Avg:  0.0, Max:  0.0, Diff:  0.0, Sum:  0.0, Workers: 4
[784.272s][debug][gc,phases      ] GC(57)     Dead                           Min: 0, Avg:  0.0, Max: 0, Diff: 0, Sum: 0, Workers: 4
[784.272s][debug][gc,phases      ] GC(57)     Total                          Min: 0, Avg: 11.2, Max: 45, Diff: 45, Sum: 45, Workers: 4
[784.272s][debug][gc,phases      ] GC(57)   StringDedup Table Weak         Min:  0.0, Avg:  0.0, Max:  0.0, Diff:  0.0, Sum:  0.0, Workers: 4
[784.272s][debug][gc,phases      ] GC(57)     Dead                           Min: 0, Avg:  0.0, Max: 0, Diff: 0, Sum: 0, Workers: 4
[784.272s][debug][gc,phases      ] GC(57)     Total                          Min: 0, Avg:  0.0, Max: 0, Diff: 0, Sum: 0, Workers: 4
[784.272s][debug][gc,phases      ] GC(57)   StringDedup Requests0 Weak     Min:  0.0, Avg:  0.0, Max:  0.0, Diff:  0.0, Sum:  0.0, Workers: 4
[784.272s][debug][gc,phases      ] GC(57)     Dead                           Min: 0, Avg:  0.0, Max: 0, Diff: 0, Sum: 0, Workers: 4
[784.272s][debug][gc,phases      ] GC(57)     Total                          Min: 0, Avg:  0.0, Max: 0, Diff: 0, Sum: 0, Workers: 4
[784.272s][debug][gc,phases      ] GC(57)   StringDedup Requests1 Weak     Min:  0.0, Avg:  0.0, Max:  0.0, Diff:  0.0, Sum:  0.0, Workers: 4
[784.272s][debug][gc,phases      ] GC(57)     Dead                           Min: 0, Avg:  0.0, Max: 0, Diff: 0, Sum: 0, Workers: 4
[784.272s][debug][gc,phases      ] GC(57)     Total                          Min: 0, Avg:  0.0, Max: 0, Diff: 0, Sum: 0, Workers: 4
[784.272s][debug][gc,phases      ] GC(57)   Weak JFR Old Object Samples    Min:  0.0, Avg:  0.0, Max:  0.0, Diff:  0.0, Sum:  0.0, Workers: 4
[784.272s][debug][gc,phases      ] GC(57)     Dead                           Min: 0, Avg:  0.0, Max: 0, Diff: 0, Sum: 0, Workers: 4
[784.272s][debug][gc,phases      ] GC(57)     Total                          Min: 0, Avg:  0.0, Max: 0, Diff: 0, Sum: 0, Workers: 4
[784.272s][debug][gc,phases      ] GC(57) Weak Processing 0.343ms
[784.272s][debug][gc,age         ] GC(57) Desired survivor size 51380224 bytes, new threshold 15 (max threshold 15)
[784.272s][info ][gc,heap        ] GC(57) PSYoungGen: 2031212K(2031616K)->25228K(2044928K) Eden: 2006016K(2006016K)->0K(1996800K) From: 25196K(25600K)->25228K(48128K)
[784.272s][info ][gc,heap        ] GC(57) ParOldGen: 239080K(343552K)->239088K(343552K)
[784.272s][info ][gc,metaspace   ] GC(57) Metaspace: 80637K(81472K)->80637K(81472K) NonClass: 68833K(69248K)->68833K(69248K) Class: 11803K(12224K)->11803K(12224K)
[784.272s][info ][gc             ] GC(57) Pause Young (Allocation Failure) 2217M->258M(2332M) 10.141ms
[784.272s][info ][gc,cpu         ] GC(57) User=0.02s Sys=0.00s Real=0.01s
[784.272s][info ][safepoint      ] Safepoint "ParallelGCFailedAllocation", Time since last: 4137410649 ns, Reaching safepoint: 73400 ns, Cleanup: 32500 ns, At safepoint: 10233297 ns, Total: 10339197 ns
[790.273s][info ][safepoint      ] Safepoint "Cleanup", Time since last: 6000348560 ns, Reaching safepoint: 4500 ns, Cleanup: 30700 ns, At safepoint: 2600 ns, Total: 37800 ns
[791.273s][info ][safepoint      ] Safepoint "Cleanup", Time since last: 1000098260 ns, Reaching safepoint: 7300 ns, Cleanup: 35400 ns, At safepoint: 6300 ns, Total: 49000 ns
[792.273s][info ][safepoint      ] Safepoint "Cleanup", Time since last: 1000096559 ns, Reaching safepoint: 5500 ns, Cleanup: 36100 ns, At safepoint: 2200 ns, Total: 43800 ns
[793.273s][info ][safepoint      ] Safepoint "Cleanup", Time since last: 1000061060 ns, Reaching safepoint: 4900 ns, Cleanup: 90700 ns, At safepoint: 6000 ns, Total: 101600 ns
[794.273s][info ][safepoint      ] Safepoint "Cleanup", Time since last: 1000103836 ns, Reaching safepoint: 4500 ns, Cleanup: 41200 ns, At safepoint: 5000 ns, Total: 50700 ns
[795.273s][info ][safepoint      ] Safepoint "Cleanup", Time since last: 1000098998 ns, Reaching safepoint: 4700 ns, Cleanup: 44499 ns, At safepoint: 2400 ns, Total: 51599 ns
[796.262s][info ][gc,start       ] GC(58) Pause Young (Allocation Failure)
[796.274s][debug][gc,phases      ] GC(58) Scavenge 11.867ms
[796.274s][debug][gc,ref         ] GC(58) Skipped phase 1 of Reference Processing: no references
[796.274s][debug][gc,ref         ] GC(58) ReferenceProcessor::execute queues: 1, RefProcThreadModel::Single, marks_oops_alive: false
[796.274s][debug][gc,ref         ] GC(58) Skipped phase 3 of Reference Processing: no references
[796.274s][debug][gc,ref         ] GC(58) ReferenceProcessor::execute queues: 1, RefProcThreadModel::Single, marks_oops_alive: false
[796.274s][debug][gc,phases      ] GC(58) Reference Processing 0.096ms
[796.274s][debug][gc,phases      ] GC(58)   VM Weak                        Min:  0.0, Avg:  0.0, Max:  0.0, Diff:  0.0, Sum:  0.0, Workers: 4
[796.274s][debug][gc,phases      ] GC(58)     Dead                           Min: 0, Avg:  0.0, Max: 0, Diff: 0, Sum: 0, Workers: 4
[796.274s][debug][gc,phases      ] GC(58)     Total                          Min: 0, Avg: 174.2, Max: 640, Diff: 640, Sum: 697, Workers: 4
[796.274s][debug][gc,phases      ] GC(58)   ObjectSynchronizer Weak        Min:  0.0, Avg:  0.0, Max:  0.0, Diff:  0.0, Sum:  0.0, Workers: 4
[796.274s][debug][gc,phases      ] GC(58)     Dead                           Min: 0, Avg:  0.0, Max: 0, Diff: 0, Sum: 0, Workers: 4
[796.274s][debug][gc,phases      ] GC(58)     Total                          Min: 0, Avg:  1.0, Max: 4, Diff: 4, Sum: 4, Workers: 4
[796.274s][debug][gc,phases      ] GC(58)   JVMTI Tag Weak OopStorage      Min:  0.0, Avg:  0.0, Max:  0.0, Diff:  0.0, Sum:  0.0, Workers: 4
[796.274s][debug][gc,phases      ] GC(58)     Dead                           Min: 0, Avg:  0.0, Max: 0, Diff: 0, Sum: 0, Workers: 4
[796.274s][debug][gc,phases      ] GC(58)     Total                          Min: 0, Avg:  0.0, Max: 0, Diff: 0, Sum: 0, Workers: 4
[796.274s][debug][gc,phases      ] GC(58)   StringTable Weak               Min:  0.0, Avg:  0.1, Max:  0.1, Diff:  0.1, Sum:  0.4, Workers: 4
[796.274s][debug][gc,phases      ] GC(58)     Dead                           Min: 0, Avg:  0.0, Max: 0, Diff: 0, Sum: 0, Workers: 4
[796.274s][debug][gc,phases      ] GC(58)     Total                          Min: 0, Avg: 10728.2, Max: 17698, Diff: 17698, Sum: 42913, Workers: 4
[796.274s][debug][gc,phases      ] GC(58)   ResolvedMethodTable Weak       Min:  0.0, Avg:  0.0, Max:  0.0, Diff:  0.0, Sum:  0.1, Workers: 4
[796.274s][debug][gc,phases      ] GC(58)     Dead                           Min: 0, Avg:  0.0, Max: 0, Diff: 0, Sum: 0, Workers: 4
[796.274s][debug][gc,phases      ] GC(58)     Total                          Min: 0, Avg: 2331.8, Max: 3968, Diff: 3968, Sum: 9327, Workers: 4
[796.274s][debug][gc,phases      ] GC(58)   JNI Weak                       Min:  0.0, Avg:  0.0, Max:  0.0, Diff:  0.0, Sum:  0.0, Workers: 4
[796.274s][debug][gc,phases      ] GC(58)     Dead                           Min: 0, Avg:  0.0, Max: 0, Diff: 0, Sum: 0, Workers: 4
[796.274s][debug][gc,phases      ] GC(58)     Total                          Min: 0, Avg: 11.2, Max: 45, Diff: 45, Sum: 45, Workers: 4
[796.274s][debug][gc,phases      ] GC(58)   StringDedup Table Weak         Min:  0.0, Avg:  0.0, Max:  0.0, Diff:  0.0, Sum:  0.0, Workers: 4
[796.274s][debug][gc,phases      ] GC(58)     Dead                           Min: 0, Avg:  0.0, Max: 0, Diff: 0, Sum: 0, Workers: 4
[796.274s][debug][gc,phases      ] GC(58)     Total                          Min: 0, Avg:  0.0, Max: 0, Diff: 0, Sum: 0, Workers: 4
[796.274s][debug][gc,phases      ] GC(58)   StringDedup Requests0 Weak     Min:  0.0, Avg:  0.0, Max:  0.0, Diff:  0.0, Sum:  0.0, Workers: 4
[796.274s][debug][gc,phases      ] GC(58)     Dead                           Min: 0, Avg:  0.0, Max: 0, Diff: 0, Sum: 0, Workers: 4
[796.274s][debug][gc,phases      ] GC(58)     Total                          Min: 0, Avg:  0.0, Max: 0, Diff: 0, Sum: 0, Workers: 4
[796.274s][debug][gc,phases      ] GC(58)   StringDedup Requests1 Weak     Min:  0.0, Avg:  0.0, Max:  0.0, Diff:  0.0, Sum:  0.0, Workers: 4
[796.274s][debug][gc,phases      ] GC(58)     Dead                           Min: 0, Avg:  0.0, Max: 0, Diff: 0, Sum: 0, Workers: 4
[796.274s][debug][gc,phases      ] GC(58)     Total                          Min: 0, Avg:  0.0, Max: 0, Diff: 0, Sum: 0, Workers: 4
[796.274s][debug][gc,phases      ] GC(58)   Weak JFR Old Object Samples    Min:  0.0, Avg:  0.0, Max:  0.0, Diff:  0.0, Sum:  0.0, Workers: 4
[796.275s][debug][gc,phases      ] GC(58)     Dead                           Min: 0, Avg:  0.0, Max: 0, Diff: 0, Sum: 0, Workers: 4
[796.275s][debug][gc,phases      ] GC(58)     Total                          Min: 0, Avg:  0.0, Max: 0, Diff: 0, Sum: 0, Workers: 4
[796.275s][debug][gc,phases      ] GC(58) Weak Processing 0.320ms
[796.275s][debug][gc,age         ] GC(58) Desired survivor size 54525952 bytes, new threshold 15 (max threshold 15)
[796.275s][info ][gc,heap        ] GC(58) PSYoungGen: 2022028K(2044928K)->30232K(2027520K) Eden: 1996800K(1996800K)->0K(1996800K) From: 25228K(48128K)->30232K(30720K)
[796.275s][info ][gc,heap        ] GC(58) ParOldGen: 239088K(343552K)->239096K(343552K)
[796.275s][info ][gc,metaspace   ] GC(58) Metaspace: 80680K(81536K)->80680K(81536K) NonClass: 68875K(69312K)->68875K(69312K) Class: 11804K(12224K)->11804K(12224K)
[796.275s][info ][gc             ] GC(58) Pause Young (Allocation Failure) 2208M->263M(2315M) 12.390ms
[796.275s][info ][gc,cpu         ] GC(58) User=0.04s Sys=0.00s Real=0.01s
[796.275s][info ][safepoint      ] Safepoint "ParallelGCFailedAllocation", Time since last: 988657786 ns, Reaching safepoint: 6300 ns, Cleanup: 32500 ns, At safepoint: 12461274 ns, Total: 12500074 ns
[798.275s][info ][safepoint      ] Safepoint "Cleanup", Time since last: 2000144125 ns, Reaching safepoint: 4700 ns, Cleanup: 26200 ns, At safepoint: 2400 ns, Total: 33300 ns
[799.275s][info ][safepoint      ] Safepoint "Cleanup", Time since last: 1000073862 ns, Reaching safepoint: 4500 ns, Cleanup: 34300 ns, At safepoint: 2300 ns, Total: 41100 ns
[800.275s][info ][safepoint      ] Safepoint "Cleanup", Time since last: 1000096947 ns, Reaching safepoint: 4500 ns, Cleanup: 43900 ns, At safepoint: 4600 ns, Total: 53000 ns
[801.275s][info ][safepoint      ] Safepoint "Cleanup", Time since last: 1000077712 ns, Reaching safepoint: 4900 ns, Cleanup: 42300 ns, At safepoint: 2900 ns, Total: 50100 ns
[803.275s][info ][safepoint      ] Safepoint "Cleanup", Time since last: 2000138814 ns, Reaching safepoint: 5100 ns, Cleanup: 36300 ns, At safepoint: 4800 ns, Total: 46200 ns
[804.276s][info ][safepoint      ] Safepoint "Cleanup", Time since last: 1000120634 ns, Reaching safepoint: 3900 ns, Cleanup: 43900 ns, At safepoint: 2000 ns, Total: 49800 ns
[805.276s][info ][safepoint      ] Safepoint "Cleanup", Time since last: 1000098034 ns, Reaching safepoint: 4100 ns, Cleanup: 39900 ns, At safepoint: 4000 ns, Total: 48000 ns
[806.276s][info ][safepoint      ] Safepoint "Cleanup", Time since last: 1000118835 ns, Reaching safepoint: 74599 ns, Cleanup: 43700 ns, At safepoint: 6000 ns, Total: 124299 ns
[807.012s][info ][gc,start       ] GC(59) Pause Young (Allocation Failure)
[807.025s][debug][gc,phases      ] GC(59) Scavenge 13.663ms
[807.026s][debug][gc,ref         ] GC(59) Skipped phase 1 of Reference Processing: no references
[807.026s][debug][gc,ref         ] GC(59) ReferenceProcessor::execute queues: 1, RefProcThreadModel::Single, marks_oops_alive: false
[807.026s][debug][gc,ref         ] GC(59) ReferenceProcessor::execute queues: 4, RefProcThreadModel::Multi, marks_oops_alive: true
[807.026s][debug][gc,ref         ] GC(59) ReferenceProcessor::execute queues: 1, RefProcThreadModel::Single, marks_oops_alive: false
[807.026s][debug][gc,phases      ] GC(59) Reference Processing 0.172ms
[807.026s][debug][gc,phases      ] GC(59)   VM Weak                        Min:  0.0, Avg:  0.0, Max:  0.0, Diff:  0.0, Sum:  0.0, Workers: 4
[807.026s][debug][gc,phases      ] GC(59)     Dead                           Min: 0, Avg:  0.0, Max: 0, Diff: 0, Sum: 0, Workers: 4
[807.026s][debug][gc,phases      ] GC(59)     Total                          Min: 0, Avg: 174.5, Max: 378, Diff: 378, Sum: 698, Workers: 4
[807.026s][debug][gc,phases      ] GC(59)   ObjectSynchronizer Weak        Min:  0.0, Avg:  0.0, Max:  0.0, Diff:  0.0, Sum:  0.0, Workers: 4
[807.026s][debug][gc,phases      ] GC(59)     Dead                           Min: 0, Avg:  0.0, Max: 0, Diff: 0, Sum: 0, Workers: 4
[807.026s][debug][gc,phases      ] GC(59)     Total                          Min: 0, Avg:  1.2, Max: 5, Diff: 5, Sum: 5, Workers: 4
[807.026s][debug][gc,phases      ] GC(59)   JVMTI Tag Weak OopStorage      Min:  0.0, Avg:  0.0, Max:  0.0, Diff:  0.0, Sum:  0.0, Workers: 4
[807.026s][debug][gc,phases      ] GC(59)     Dead                           Min: 0, Avg:  0.0, Max: 0, Diff: 0, Sum: 0, Workers: 4
[807.026s][debug][gc,phases      ] GC(59)     Total                          Min: 0, Avg:  0.0, Max: 0, Diff: 0, Sum: 0, Workers: 4
[807.026s][debug][gc,phases      ] GC(59)   StringTable Weak               Min:  0.0, Avg:  0.1, Max:  0.1, Diff:  0.1, Sum:  0.3, Workers: 4
[807.026s][debug][gc,phases      ] GC(59)     Dead                           Min: 0, Avg:  0.5, Max: 2, Diff: 2, Sum: 2, Workers: 4
[807.026s][debug][gc,phases      ] GC(59)     Total                          Min: 0, Avg: 10744.8, Max: 18496, Diff: 18496, Sum: 42979, Workers: 4
[807.026s][debug][gc,phases      ] GC(59)   ResolvedMethodTable Weak       Min:  0.0, Avg:  0.0, Max:  0.0, Diff:  0.0, Sum:  0.1, Workers: 4
[807.026s][debug][gc,phases      ] GC(59)     Dead                           Min: 0, Avg:  0.0, Max: 0, Diff: 0, Sum: 0, Workers: 4
[807.026s][debug][gc,phases      ] GC(59)     Total                          Min: 0, Avg: 2334.8, Max: 3388, Diff: 3388, Sum: 9339, Workers: 4
[807.026s][debug][gc,phases      ] GC(59)   JNI Weak                       Min:  0.0, Avg:  0.0, Max:  0.0, Diff:  0.0, Sum:  0.0, Workers: 4
[807.026s][debug][gc,phases      ] GC(59)     Dead                           Min: 0, Avg:  0.0, Max: 0, Diff: 0, Sum: 0, Workers: 4
[807.026s][debug][gc,phases      ] GC(59)     Total                          Min: 0, Avg: 11.2, Max: 45, Diff: 45, Sum: 45, Workers: 4
[807.026s][debug][gc,phases      ] GC(59)   StringDedup Table Weak         Min:  0.0, Avg:  0.0, Max:  0.0, Diff:  0.0, Sum:  0.0, Workers: 4
[807.026s][debug][gc,phases      ] GC(59)     Dead                           Min: 0, Avg:  0.0, Max: 0, Diff: 0, Sum: 0, Workers: 4
[807.026s][debug][gc,phases      ] GC(59)     Total                          Min: 0, Avg:  0.0, Max: 0, Diff: 0, Sum: 0, Workers: 4
[807.026s][debug][gc,phases      ] GC(59)   StringDedup Requests0 Weak     Min:  0.0, Avg:  0.0, Max:  0.0, Diff:  0.0, Sum:  0.0, Workers: 4
[807.026s][debug][gc,phases      ] GC(59)     Dead                           Min: 0, Avg:  0.0, Max: 0, Diff: 0, Sum: 0, Workers: 4
[807.026s][debug][gc,phases      ] GC(59)     Total                          Min: 0, Avg:  0.0, Max: 0, Diff: 0, Sum: 0, Workers: 4
[807.026s][debug][gc,phases      ] GC(59)   StringDedup Requests1 Weak     Min:  0.0, Avg:  0.0, Max:  0.0, Diff:  0.0, Sum:  0.0, Workers: 4
[807.026s][debug][gc,phases      ] GC(59)     Dead                           Min: 0, Avg:  0.0, Max: 0, Diff: 0, Sum: 0, Workers: 4
[807.026s][debug][gc,phases      ] GC(59)     Total                          Min: 0, Avg:  0.0, Max: 0, Diff: 0, Sum: 0, Workers: 4
[807.026s][debug][gc,phases      ] GC(59)   Weak JFR Old Object Samples    Min:  0.0, Avg:  0.0, Max:  0.0, Diff:  0.0, Sum:  0.0, Workers: 4
[807.026s][debug][gc,phases      ] GC(59)     Dead                           Min: 0, Avg:  0.0, Max: 0, Diff: 0, Sum: 0, Workers: 4
[807.026s][debug][gc,phases      ] GC(59)     Total                          Min: 0, Avg:  0.0, Max: 0, Diff: 0, Sum: 0, Workers: 4
[807.026s][debug][gc,phases      ] GC(59) Weak Processing 0.310ms
[807.026s][debug][gc,age         ] GC(59) Desired survivor size 56623104 bytes, new threshold 15 (max threshold 15)
[807.026s][info ][gc,heap        ] GC(59) PSYoungGen: 2027032K(2027520K)->30360K(2039808K) Eden: 1996800K(1996800K)->0K(1986560K) From: 30232K(30720K)->30360K(53248K)
[807.026s][info ][gc,heap        ] GC(59) ParOldGen: 239096K(343552K)->239120K(343552K)
[807.026s][info ][gc,metaspace   ] GC(59) Metaspace: 80738K(81600K)->80738K(81600K) NonClass: 68924K(69376K)->68924K(69376K) Class: 11813K(12224K)->11813K(12224K)
[807.026s][info ][gc             ] GC(59) Pause Young (Allocation Failure) 2213M->263M(2327M) 14.262ms
[807.026s][info ][gc,cpu         ] GC(59) User=0.03s Sys=0.00s Real=0.01s
[807.026s][info ][safepoint      ] Safepoint "ParallelGCFailedAllocation", Time since last: 735718169 ns, Reaching safepoint: 78100 ns, Cleanup: 42100 ns, At safepoint: 14334182 ns, Total: 14454382 ns
[808.026s][info ][safepoint      ] Safepoint "Cleanup", Time since last: 1000086834 ns, Reaching safepoint: 73200 ns, Cleanup: 58400 ns, At safepoint: 4700 ns, Total: 136300 ns
[809.026s][info ][safepoint      ] Safepoint "Cleanup", Time since last: 1000108034 ns, Reaching safepoint: 4100 ns, Cleanup: 33500 ns, At safepoint: 8200 ns, Total: 45800 ns
[810.027s][info ][safepoint      ] Safepoint "Cleanup", Time since last: 1000100235 ns, Reaching safepoint: 3900 ns, Cleanup: 50200 ns, At safepoint: 8800 ns, Total: 62900 ns
[811.027s][info ][safepoint      ] Safepoint "Cleanup", Time since last: 1000103134 ns, Reaching safepoint: 4200 ns, Cleanup: 42000 ns, At safepoint: 2800 ns, Total: 49000 ns
[813.027s][info ][safepoint      ] Safepoint "Cleanup", Time since last: 2000164584 ns, Reaching safepoint: 4700 ns, Cleanup: 42100 ns, At safepoint: 14500 ns, Total: 61300 ns
[814.027s][info ][safepoint      ] Safepoint "Cleanup", Time since last: 1000116039 ns, Reaching safepoint: 4400 ns, Cleanup: 35900 ns, At safepoint: 5700 ns, Total: 46000 ns
[815.027s][info ][safepoint      ] Safepoint "Cleanup", Time since last: 1000098238 ns, Reaching safepoint: 4200 ns, Cleanup: 33700 ns, At safepoint: 2700 ns, Total: 40600 ns
[816.027s][info ][safepoint      ] Safepoint "Cleanup", Time since last: 1000072338 ns, Reaching safepoint: 5100 ns, Cleanup: 25000 ns, At safepoint: 3600 ns, Total: 33700 ns
[817.028s][info ][safepoint      ] Safepoint "Cleanup", Time since last: 1000101639 ns, Reaching safepoint: 5600 ns, Cleanup: 37800 ns, At safepoint: 3100 ns, Total: 46500 ns
[817.712s][info ][gc,start       ] GC(60) Pause Young (Allocation Failure)
[817.722s][debug][gc,phases      ] GC(60) Scavenge 10.266ms
[817.722s][debug][gc,ref         ] GC(60) Skipped phase 1 of Reference Processing: no references
[817.722s][debug][gc,ref         ] GC(60) ReferenceProcessor::execute queues: 1, RefProcThreadModel::Single, marks_oops_alive: false
[817.722s][debug][gc,ref         ] GC(60) Skipped phase 3 of Reference Processing: no references
[817.722s][debug][gc,ref         ] GC(60) ReferenceProcessor::execute queues: 1, RefProcThreadModel::Single, marks_oops_alive: false
[817.722s][debug][gc,phases      ] GC(60) Reference Processing 0.098ms
[817.722s][debug][gc,phases      ] GC(60)   VM Weak                        Min:  0.0, Avg:  0.0, Max:  0.0, Diff:  0.0, Sum:  0.0, Workers: 4
[817.722s][debug][gc,phases      ] GC(60)     Dead                           Min: 0, Avg:  0.0, Max: 0, Diff: 0, Sum: 0, Workers: 4
[817.722s][debug][gc,phases      ] GC(60)     Total                          Min: 0, Avg: 174.5, Max: 506, Diff: 506, Sum: 698, Workers: 4
[817.722s][debug][gc,phases      ] GC(60)   ObjectSynchronizer Weak        Min:  0.0, Avg:  0.0, Max:  0.0, Diff:  0.0, Sum:  0.0, Workers: 4
[817.722s][debug][gc,phases      ] GC(60)     Dead                           Min: 0, Avg:  0.0, Max: 0, Diff: 0, Sum: 0, Workers: 4
[817.722s][debug][gc,phases      ] GC(60)     Total                          Min: 0, Avg:  1.2, Max: 5, Diff: 5, Sum: 5, Workers: 4
[817.722s][debug][gc,phases      ] GC(60)   JVMTI Tag Weak OopStorage      Min:  0.0, Avg:  0.0, Max:  0.0, Diff:  0.0, Sum:  0.0, Workers: 4
[817.722s][debug][gc,phases      ] GC(60)     Dead                           Min: 0, Avg:  0.0, Max: 0, Diff: 0, Sum: 0, Workers: 4
[817.722s][debug][gc,phases      ] GC(60)     Total                          Min: 0, Avg:  0.0, Max: 0, Diff: 0, Sum: 0, Workers: 4
[817.722s][debug][gc,phases      ] GC(60)   StringTable Weak               Min:  0.0, Avg:  0.1, Max:  0.1, Diff:  0.1, Sum:  0.4, Workers: 4
[817.722s][debug][gc,phases      ] GC(60)     Dead                           Min: 0, Avg:  0.0, Max: 0, Diff: 0, Sum: 0, Workers: 4
[817.722s][debug][gc,phases      ] GC(60)     Total                          Min: 0, Avg: 10746.2, Max: 14592, Diff: 14592, Sum: 42985, Workers: 4
[817.722s][debug][gc,phases      ] GC(60)   ResolvedMethodTable Weak       Min:  0.0, Avg:  0.0, Max:  0.0, Diff:  0.0, Sum:  0.1, Workers: 4
[817.722s][debug][gc,phases      ] GC(60)     Dead                           Min: 0, Avg:  0.0, Max: 0, Diff: 0, Sum: 0, Workers: 4
[817.722s][debug][gc,phases      ] GC(60)     Total                          Min: 0, Avg: 2334.8, Max: 3199, Diff: 3199, Sum: 9339, Workers: 4
[817.722s][debug][gc,phases      ] GC(60)   JNI Weak                       Min:  0.0, Avg:  0.0, Max:  0.0, Diff:  0.0, Sum:  0.0, Workers: 4
[817.722s][debug][gc,phases      ] GC(60)     Dead                           Min: 0, Avg:  0.0, Max: 0, Diff: 0, Sum: 0, Workers: 4
[817.722s][debug][gc,phases      ] GC(60)     Total                          Min: 0, Avg: 11.2, Max: 45, Diff: 45, Sum: 45, Workers: 4
[817.722s][debug][gc,phases      ] GC(60)   StringDedup Table Weak         Min:  0.0, Avg:  0.0, Max:  0.0, Diff:  0.0, Sum:  0.0, Workers: 4
[817.722s][debug][gc,phases      ] GC(60)     Dead                           Min: 0, Avg:  0.0, Max: 0, Diff: 0, Sum: 0, Workers: 4
[817.722s][debug][gc,phases      ] GC(60)     Total                          Min: 0, Avg:  0.0, Max: 0, Diff: 0, Sum: 0, Workers: 4
[817.722s][debug][gc,phases      ] GC(60)   StringDedup Requests0 Weak     Min:  0.0, Avg:  0.0, Max:  0.0, Diff:  0.0, Sum:  0.0, Workers: 4
[817.722s][debug][gc,phases      ] GC(60)     Dead                           Min: 0, Avg:  0.0, Max: 0, Diff: 0, Sum: 0, Workers: 4
[817.722s][debug][gc,phases      ] GC(60)     Total                          Min: 0, Avg:  0.0, Max: 0, Diff: 0, Sum: 0, Workers: 4
[817.722s][debug][gc,phases      ] GC(60)   StringDedup Requests1 Weak     Min:  0.0, Avg:  0.0, Max:  0.0, Diff:  0.0, Sum:  0.0, Workers: 4
[817.722s][debug][gc,phases      ] GC(60)     Dead                           Min: 0, Avg:  0.0, Max: 0, Diff: 0, Sum: 0, Workers: 4
[817.722s][debug][gc,phases      ] GC(60)     Total                          Min: 0, Avg:  0.0, Max: 0, Diff: 0, Sum: 0, Workers: 4
[817.722s][debug][gc,phases      ] GC(60)   Weak JFR Old Object Samples    Min:  0.0, Avg:  0.0, Max:  0.0, Diff:  0.0, Sum:  0.0, Workers: 4
[817.722s][debug][gc,phases      ] GC(60)     Dead                           Min: 0, Avg:  0.0, Max: 0, Diff: 0, Sum: 0, Workers: 4
[817.722s][debug][gc,phases      ] GC(60)     Total                          Min: 0, Avg:  0.0, Max: 0, Diff: 0, Sum: 0, Workers: 4
[817.722s][debug][gc,phases      ] GC(60) Weak Processing 0.344ms
[817.722s][debug][gc,age         ] GC(60) Desired survivor size 58720256 bytes, new threshold 15 (max threshold 15)
[817.722s][info ][gc,heap        ] GC(60) PSYoungGen: 2016920K(2039808K)->30402K(2017280K) Eden: 1986560K(1986560K)->0K(1986560K) From: 30360K(53248K)->30402K(30720K)
[817.722s][info ][gc,heap        ] GC(60) ParOldGen: 239120K(343552K)->239128K(343552K)
[817.722s][info ][gc,metaspace   ] GC(60) Metaspace: 80754K(81664K)->80754K(81664K) NonClass: 68940K(69440K)->68940K(69440K) Class: 11813K(12224K)->11813K(12224K)
[817.722s][info ][gc             ] GC(60) Pause Young (Allocation Failure) 2203M->263M(2305M) 10.820ms
[817.722s][info ][gc,cpu         ] GC(60) User=0.03s Sys=0.00s Real=0.01s
[817.722s][info ][safepoint      ] Safepoint "ParallelGCFailedAllocation", Time since last: 683950889 ns, Reaching safepoint: 75500 ns, Cleanup: 19400 ns, At safepoint: 10891099 ns, Total: 10985999 ns
[818.723s][info ][safepoint      ] Safepoint "Cleanup", Time since last: 1000089738 ns, Reaching safepoint: 5400 ns, Cleanup: 37600 ns, At safepoint: 2600 ns, Total: 45600 ns
[820.723s][info ][safepoint      ] Safepoint "Cleanup", Time since last: 2000119139 ns, Reaching safepoint: 4400 ns, Cleanup: 46400 ns, At safepoint: 6700 ns, Total: 57500 ns
[821.723s][info ][safepoint      ] Safepoint "Cleanup", Time since last: 1000076514 ns, Reaching safepoint: 4500 ns, Cleanup: 40100 ns, At safepoint: 2400 ns, Total: 47000 ns
[822.723s][info ][safepoint      ] Safepoint "Cleanup", Time since last: 1000110713 ns, Reaching safepoint: 5700 ns, Cleanup: 56300 ns, At safepoint: 5200 ns, Total: 67200 ns
[823.723s][info ][safepoint      ] Safepoint "Cleanup", Time since last: 1000104714 ns, Reaching safepoint: 4200 ns, Cleanup: 37200 ns, At safepoint: 4200 ns, Total: 45600 ns
[824.723s][info ][safepoint      ] Safepoint "Cleanup", Time since last: 1000103714 ns, Reaching safepoint: 5100 ns, Cleanup: 31800 ns, At safepoint: 2500 ns, Total: 39400 ns
[826.724s][info ][safepoint      ] Safepoint "Cleanup", Time since last: 2000161328 ns, Reaching safepoint: 4200 ns, Cleanup: 46400 ns, At safepoint: 2300 ns, Total: 52900 ns
[827.724s][info ][safepoint      ] Safepoint "Cleanup", Time since last: 1000099255 ns, Reaching safepoint: 4300 ns, Cleanup: 37600 ns, At safepoint: 2200 ns, Total: 44100 ns
[828.614s][info ][gc,start       ] GC(61) Pause Young (Allocation Failure)
[828.625s][debug][gc,phases      ] GC(61) Scavenge 10.545ms
[828.625s][debug][gc,ref         ] GC(61) Skipped phase 1 of Reference Processing: no references
[828.625s][debug][gc,ref         ] GC(61) ReferenceProcessor::execute queues: 1, RefProcThreadModel::Single, marks_oops_alive: false
[828.625s][debug][gc,ref         ] GC(61) Skipped phase 3 of Reference Processing: no references
[828.625s][debug][gc,ref         ] GC(61) ReferenceProcessor::execute queues: 1, RefProcThreadModel::Single, marks_oops_alive: false
[828.625s][debug][gc,phases      ] GC(61) Reference Processing 0.120ms
[828.625s][debug][gc,phases      ] GC(61)   VM Weak                        Min:  0.0, Avg:  0.0, Max:  0.0, Diff:  0.0, Sum:  0.0, Workers: 4
[828.625s][debug][gc,phases      ] GC(61)     Dead                           Min: 0, Avg:  0.0, Max: 0, Diff: 0, Sum: 0, Workers: 4
[828.625s][debug][gc,phases      ] GC(61)     Total                          Min: 0, Avg: 174.5, Max: 378, Diff: 378, Sum: 698, Workers: 4
[828.625s][debug][gc,phases      ] GC(61)   ObjectSynchronizer Weak        Min:  0.0, Avg:  0.0, Max:  0.0, Diff:  0.0, Sum:  0.0, Workers: 4
[828.625s][debug][gc,phases      ] GC(61)     Dead                           Min: 0, Avg:  0.0, Max: 0, Diff: 0, Sum: 0, Workers: 4
[828.625s][debug][gc,phases      ] GC(61)     Total                          Min: 0, Avg:  1.2, Max: 5, Diff: 5, Sum: 5, Workers: 4
[828.625s][debug][gc,phases      ] GC(61)   JVMTI Tag Weak OopStorage      Min:  0.0, Avg:  0.0, Max:  0.0, Diff:  0.0, Sum:  0.0, Workers: 4
[828.625s][debug][gc,phases      ] GC(61)     Dead                           Min: 0, Avg:  0.0, Max: 0, Diff: 0, Sum: 0, Workers: 4
[828.625s][debug][gc,phases      ] GC(61)     Total                          Min: 0, Avg:  0.0, Max: 0, Diff: 0, Sum: 0, Workers: 4
[828.625s][debug][gc,phases      ] GC(61)   StringTable Weak               Min:  0.0, Avg:  0.1, Max:  0.2, Diff:  0.2, Sum:  0.6, Workers: 4
[828.625s][debug][gc,phases      ] GC(61)     Dead                           Min: 0, Avg:  0.0, Max: 0, Diff: 0, Sum: 0, Workers: 4
[828.625s][debug][gc,phases      ] GC(61)     Total                          Min: 0, Avg: 10754.8, Max: 15616, Diff: 15616, Sum: 43019, Workers: 4
[828.625s][debug][gc,phases      ] GC(61)   ResolvedMethodTable Weak       Min:  0.0, Avg:  0.0, Max:  0.0, Diff:  0.0, Sum:  0.1, Workers: 4
[828.625s][debug][gc,phases      ] GC(61)     Dead                           Min: 0, Avg:  0.0, Max: 0, Diff: 0, Sum: 0, Workers: 4
[828.625s][debug][gc,phases      ] GC(61)     Total                          Min: 0, Avg: 2335.8, Max: 4736, Diff: 4736, Sum: 9343, Workers: 4
[828.625s][debug][gc,phases      ] GC(61)   JNI Weak                       Min:  0.0, Avg:  0.0, Max:  0.0, Diff:  0.0, Sum:  0.0, Workers: 4
[828.625s][debug][gc,phases      ] GC(61)     Dead                           Min: 0, Avg:  0.0, Max: 0, Diff: 0, Sum: 0, Workers: 4
[828.625s][debug][gc,phases      ] GC(61)     Total                          Min: 0, Avg: 11.2, Max: 45, Diff: 45, Sum: 45, Workers: 4
[828.625s][debug][gc,phases      ] GC(61)   StringDedup Table Weak         Min:  0.0, Avg:  0.0, Max:  0.0, Diff:  0.0, Sum:  0.0, Workers: 4
[828.625s][debug][gc,phases      ] GC(61)     Dead                           Min: 0, Avg:  0.0, Max: 0, Diff: 0, Sum: 0, Workers: 4
[828.625s][debug][gc,phases      ] GC(61)     Total                          Min: 0, Avg:  0.0, Max: 0, Diff: 0, Sum: 0, Workers: 4
[828.625s][debug][gc,phases      ] GC(61)   StringDedup Requests0 Weak     Min:  0.0, Avg:  0.0, Max:  0.0, Diff:  0.0, Sum:  0.0, Workers: 4
[828.625s][debug][gc,phases      ] GC(61)     Dead                           Min: 0, Avg:  0.0, Max: 0, Diff: 0, Sum: 0, Workers: 4
[828.625s][debug][gc,phases      ] GC(61)     Total                          Min: 0, Avg:  0.0, Max: 0, Diff: 0, Sum: 0, Workers: 4
[828.625s][debug][gc,phases      ] GC(61)   StringDedup Requests1 Weak     Min:  0.0, Avg:  0.0, Max:  0.0, Diff:  0.0, Sum:  0.0, Workers: 4
[828.625s][debug][gc,phases      ] GC(61)     Dead                           Min: 0, Avg:  0.0, Max: 0, Diff: 0, Sum: 0, Workers: 4
[828.625s][debug][gc,phases      ] GC(61)     Total                          Min: 0, Avg:  0.0, Max: 0, Diff: 0, Sum: 0, Workers: 4
[828.625s][debug][gc,phases      ] GC(61)   Weak JFR Old Object Samples    Min:  0.0, Avg:  0.0, Max:  0.0, Diff:  0.0, Sum:  0.0, Workers: 4
[828.625s][debug][gc,phases      ] GC(61)     Dead                           Min: 0, Avg:  0.0, Max: 0, Diff: 0, Sum: 0, Workers: 4
[828.625s][debug][gc,phases      ] GC(61)     Total                          Min: 0, Avg:  0.0, Max: 0, Diff: 0, Sum: 0, Workers: 4
[828.625s][debug][gc,phases      ] GC(61) Weak Processing 0.484ms
[828.625s][debug][gc,age         ] GC(61) Desired survivor size 59768832 bytes, new threshold 15 (max threshold 15)
[828.626s][info ][gc,heap        ] GC(61) PSYoungGen: 2016962K(2017280K)->30418K(2037760K) Eden: 1986560K(1986560K)->0K(1980416K) From: 30402K(30720K)->30418K(57344K)
[828.626s][info ][gc,heap        ] GC(61) ParOldGen: 239128K(343552K)->239136K(343552K)
[828.626s][info ][gc,metaspace   ] GC(61) Metaspace: 80777K(81664K)->80777K(81664K) NonClass: 68961K(69440K)->68961K(69440K) Class: 11815K(12224K)->11815K(12224K)
[828.626s][info ][gc             ] GC(61) Pause Young (Allocation Failure) 2203M->263M(2325M) 11.283ms
[828.626s][info ][gc,cpu         ] GC(61) User=0.03s Sys=0.00s Real=0.01s
[828.626s][info ][safepoint      ] Safepoint "ParallelGCFailedAllocation", Time since last: 890429126 ns, Reaching safepoint: 4500 ns, Cleanup: 44000 ns, At safepoint: 11350503 ns, Total: 11399003 ns
[831.626s][info ][safepoint      ] Safepoint "Cleanup", Time since last: 3000207958 ns, Reaching safepoint: 3800 ns, Cleanup: 34000 ns, At safepoint: 2500 ns, Total: 40300 ns
[832.626s][info ][safepoint      ] Safepoint "Cleanup", Time since last: 1000118553 ns, Reaching safepoint: 5600 ns, Cleanup: 35300 ns, At safepoint: 2700 ns, Total: 43600 ns
[833.626s][info ][safepoint      ] Safepoint "Cleanup", Time since last: 1000117353 ns, Reaching safepoint: 4000 ns, Cleanup: 50100 ns, At safepoint: 5400 ns, Total: 59500 ns
[834.626s][info ][safepoint      ] Safepoint "Cleanup", Time since last: 1000109786 ns, Reaching safepoint: 4500 ns, Cleanup: 30300 ns, At safepoint: 2600 ns, Total: 37400 ns
[836.627s][info ][safepoint      ] Safepoint "Cleanup", Time since last: 2000166821 ns, Reaching safepoint: 3700 ns, Cleanup: 37300 ns, At safepoint: 4500 ns, Total: 45500 ns
[837.627s][info ][safepoint      ] Safepoint "Cleanup", Time since last: 1000114422 ns, Reaching safepoint: 5000 ns, Cleanup: 35500 ns, At safepoint: 12800 ns, Total: 53300 ns
[838.627s][info ][safepoint      ] Safepoint "Cleanup", Time since last: 1000107323 ns, Reaching safepoint: 4200 ns, Cleanup: 31200 ns, At safepoint: 2400 ns, Total: 37800 ns
[839.560s][info ][gc,start       ] GC(62) Pause Young (Allocation Failure)
[839.571s][debug][gc,phases      ] GC(62) Scavenge 10.093ms
[839.571s][debug][gc,ref         ] GC(62) Skipped phase 1 of Reference Processing: no references
[839.571s][debug][gc,ref         ] GC(62) ReferenceProcessor::execute queues: 1, RefProcThreadModel::Single, marks_oops_alive: false
[839.571s][debug][gc,ref         ] GC(62) Skipped phase 3 of Reference Processing: no references
[839.571s][debug][gc,ref         ] GC(62) ReferenceProcessor::execute queues: 1, RefProcThreadModel::Single, marks_oops_alive: false
[839.571s][debug][gc,phases      ] GC(62) Reference Processing 0.129ms
[839.571s][debug][gc,phases      ] GC(62)   VM Weak                        Min:  0.0, Avg:  0.0, Max:  0.2, Diff:  0.2, Sum:  0.2, Workers: 4
[839.571s][debug][gc,phases      ] GC(62)     Dead                           Min: 0, Avg:  0.0, Max: 0, Diff: 0, Sum: 0, Workers: 4
[839.571s][debug][gc,phases      ] GC(62)     Total                          Min: 0, Avg: 174.5, Max: 384, Diff: 384, Sum: 698, Workers: 4
[839.571s][debug][gc,phases      ] GC(62)   ObjectSynchronizer Weak        Min:  0.0, Avg:  0.0, Max:  0.0, Diff:  0.0, Sum:  0.0, Workers: 4
[839.571s][debug][gc,phases      ] GC(62)     Dead                           Min: 0, Avg:  0.0, Max: 0, Diff: 0, Sum: 0, Workers: 4
[839.571s][debug][gc,phases      ] GC(62)     Total                          Min: 0, Avg:  1.2, Max: 5, Diff: 5, Sum: 5, Workers: 4
[839.571s][debug][gc,phases      ] GC(62)   JVMTI Tag Weak OopStorage      Min:  0.0, Avg:  0.0, Max:  0.0, Diff:  0.0, Sum:  0.0, Workers: 4
[839.571s][debug][gc,phases      ] GC(62)     Dead                           Min: 0, Avg:  0.0, Max: 0, Diff: 0, Sum: 0, Workers: 4
[839.571s][debug][gc,phases      ] GC(62)     Total                          Min: 0, Avg:  0.0, Max: 0, Diff: 0, Sum: 0, Workers: 4
[839.571s][debug][gc,phases      ] GC(62)   StringTable Weak               Min:  0.0, Avg:  0.1, Max:  0.1, Diff:  0.1, Sum:  0.4, Workers: 4
[839.571s][debug][gc,phases      ] GC(62)     Dead                           Min: 0, Avg:  0.0, Max: 0, Diff: 0, Sum: 0, Workers: 4
[839.571s][debug][gc,phases      ] GC(62)     Total                          Min: 0, Avg: 10755.8, Max: 14671, Diff: 14671, Sum: 43023, Workers: 4
[839.571s][debug][gc,phases      ] GC(62)   ResolvedMethodTable Weak       Min:  0.0, Avg:  0.0, Max:  0.0, Diff:  0.0, Sum:  0.1, Workers: 4
[839.571s][debug][gc,phases      ] GC(62)     Dead                           Min: 0, Avg:  0.0, Max: 0, Diff: 0, Sum: 0, Workers: 4
[839.571s][debug][gc,phases      ] GC(62)     Total                          Min: 0, Avg: 2335.8, Max: 3136, Diff: 3136, Sum: 9343, Workers: 4
[839.571s][debug][gc,phases      ] GC(62)   JNI Weak                       Min:  0.0, Avg:  0.0, Max:  0.0, Diff:  0.0, Sum:  0.0, Workers: 4
[839.571s][debug][gc,phases      ] GC(62)     Dead                           Min: 0, Avg:  0.0, Max: 0, Diff: 0, Sum: 0, Workers: 4
[839.571s][debug][gc,phases      ] GC(62)     Total                          Min: 0, Avg: 11.2, Max: 45, Diff: 45, Sum: 45, Workers: 4
[839.571s][debug][gc,phases      ] GC(62)   StringDedup Table Weak         Min:  0.0, Avg:  0.0, Max:  0.0, Diff:  0.0, Sum:  0.0, Workers: 4
[839.571s][debug][gc,phases      ] GC(62)     Dead                           Min: 0, Avg:  0.0, Max: 0, Diff: 0, Sum: 0, Workers: 4
[839.571s][debug][gc,phases      ] GC(62)     Total                          Min: 0, Avg:  0.0, Max: 0, Diff: 0, Sum: 0, Workers: 4
[839.571s][debug][gc,phases      ] GC(62)   StringDedup Requests0 Weak     Min:  0.0, Avg:  0.0, Max:  0.0, Diff:  0.0, Sum:  0.0, Workers: 4
[839.571s][debug][gc,phases      ] GC(62)     Dead                           Min: 0, Avg:  0.0, Max: 0, Diff: 0, Sum: 0, Workers: 4
[839.571s][debug][gc,phases      ] GC(62)     Total                          Min: 0, Avg:  0.0, Max: 0, Diff: 0, Sum: 0, Workers: 4
[839.571s][debug][gc,phases      ] GC(62)   StringDedup Requests1 Weak     Min:  0.0, Avg:  0.0, Max:  0.0, Diff:  0.0, Sum:  0.0, Workers: 4
[839.571s][debug][gc,phases      ] GC(62)     Dead                           Min: 0, Avg:  0.0, Max: 0, Diff: 0, Sum: 0, Workers: 4
[839.571s][debug][gc,phases      ] GC(62)     Total                          Min: 0, Avg:  0.0, Max: 0, Diff: 0, Sum: 0, Workers: 4
[839.571s][debug][gc,phases      ] GC(62)   Weak JFR Old Object Samples    Min:  0.0, Avg:  0.0, Max:  0.0, Diff:  0.0, Sum:  0.0, Workers: 4
[839.571s][debug][gc,phases      ] GC(62)     Dead                           Min: 0, Avg:  0.0, Max: 0, Diff: 0, Sum: 0, Workers: 4
[839.571s][debug][gc,phases      ] GC(62)     Total                          Min: 0, Avg:  0.0, Max: 0, Diff: 0, Sum: 0, Workers: 4
[839.571s][debug][gc,phases      ] GC(62) Weak Processing 0.439ms
[839.571s][debug][gc,age         ] GC(62) Desired survivor size 60293120 bytes, new threshold 15 (max threshold 15)
[839.571s][info ][gc,heap        ] GC(62) PSYoungGen: 2010834K(2037760K)->30428K(2011136K) Eden: 1980416K(1980416K)->0K(1980416K) From: 30418K(57344K)->30428K(30720K)
[839.571s][info ][gc,heap        ] GC(62) ParOldGen: 239136K(343552K)->239152K(343552K)
[839.571s][info ][gc,metaspace   ] GC(62) Metaspace: 80783K(81664K)->80783K(81664K) NonClass: 68968K(69440K)->68968K(69440K) Class: 11815K(12224K)->11815K(12224K)
[839.571s][info ][gc             ] GC(62) Pause Young (Allocation Failure) 2197M->263M(2299M) 10.793ms
[839.571s][info ][gc,cpu         ] GC(62) User=0.03s Sys=0.00s Real=0.01s
[839.571s][info ][safepoint      ] Safepoint "ParallelGCFailedAllocation", Time since last: 933526034 ns, Reaching safepoint: 5700 ns, Cleanup: 30800 ns, At safepoint: 10886098 ns, Total: 10922598 ns
[842.239s][info ][safepoint      ] Safepoint "Cleanup", Time since last: 2667374727 ns, Reaching safepoint: 3600 ns, Cleanup: 34200 ns, At safepoint: 3800 ns, Total: 41600 ns
[843.239s][info ][safepoint      ] Safepoint "Cleanup", Time since last: 1000108942 ns, Reaching safepoint: 4500 ns, Cleanup: 27800 ns, At safepoint: 3500 ns, Total: 35800 ns
[844.239s][info ][safepoint      ] Safepoint "Cleanup", Time since last: 1000118002 ns, Reaching safepoint: 5100 ns, Cleanup: 30900 ns, At safepoint: 2100 ns, Total: 38100 ns
[845.239s][info ][safepoint      ] Safepoint "Cleanup", Time since last: 1000105702 ns, Reaching safepoint: 4500 ns, Cleanup: 31600 ns, At safepoint: 2900 ns, Total: 39000 ns
[848.239s][info ][safepoint      ] Safepoint "Cleanup", Time since last: 3000248407 ns, Reaching safepoint: 3600 ns, Cleanup: 34300 ns, At safepoint: 3600 ns, Total: 41500 ns
[849.240s][info ][safepoint      ] Safepoint "Cleanup", Time since last: 1000102049 ns, Reaching safepoint: 3100 ns, Cleanup: 37100 ns, At safepoint: 2100 ns, Total: 42300 ns
[850.240s][info ][safepoint      ] Safepoint "Cleanup", Time since last: 1000102949 ns, Reaching safepoint: 3800 ns, Cleanup: 45400 ns, At safepoint: 3200 ns, Total: 52400 ns
[850.371s][info ][gc,start       ] GC(63) Pause Young (Allocation Failure)
[850.380s][debug][gc,phases      ] GC(63) Scavenge 8.727ms
[850.380s][debug][gc,ref         ] GC(63) Skipped phase 1 of Reference Processing: no references
[850.380s][debug][gc,ref         ] GC(63) ReferenceProcessor::execute queues: 1, RefProcThreadModel::Single, marks_oops_alive: false
[850.380s][debug][gc,ref         ] GC(63) Skipped phase 3 of Reference Processing: no references
[850.380s][debug][gc,ref         ] GC(63) ReferenceProcessor::execute queues: 1, RefProcThreadModel::Single, marks_oops_alive: false
[850.380s][debug][gc,phases      ] GC(63) Reference Processing 0.096ms
[850.380s][debug][gc,phases      ] GC(63)   VM Weak                        Min:  0.0, Avg:  0.0, Max:  0.0, Diff:  0.0, Sum:  0.0, Workers: 4
[850.380s][debug][gc,phases      ] GC(63)     Dead                           Min: 0, Avg:  0.0, Max: 0, Diff: 0, Sum: 0, Workers: 4
[850.380s][debug][gc,phases      ] GC(63)     Total                          Min: 0, Avg: 174.5, Max: 384, Diff: 384, Sum: 698, Workers: 4
[850.380s][debug][gc,phases      ] GC(63)   ObjectSynchronizer Weak        Min:  0.0, Avg:  0.0, Max:  0.0, Diff:  0.0, Sum:  0.0, Workers: 4
[850.380s][debug][gc,phases      ] GC(63)     Dead                           Min: 0, Avg:  0.0, Max: 0, Diff: 0, Sum: 0, Workers: 4
[850.380s][debug][gc,phases      ] GC(63)     Total                          Min: 0, Avg:  1.2, Max: 5, Diff: 5, Sum: 5, Workers: 4
[850.380s][debug][gc,phases      ] GC(63)   JVMTI Tag Weak OopStorage      Min:  0.0, Avg:  0.0, Max:  0.0, Diff:  0.0, Sum:  0.0, Workers: 4
[850.380s][debug][gc,phases      ] GC(63)     Dead                           Min: 0, Avg:  0.0, Max: 0, Diff: 0, Sum: 0, Workers: 4
[850.380s][debug][gc,phases      ] GC(63)     Total                          Min: 0, Avg:  0.0, Max: 0, Diff: 0, Sum: 0, Workers: 4
[850.380s][debug][gc,phases      ] GC(63)   StringTable Weak               Min:  0.0, Avg:  0.1, Max:  0.2, Diff:  0.2, Sum:  0.4, Workers: 4
[850.380s][debug][gc,phases      ] GC(63)     Dead                           Min: 0, Avg:  0.0, Max: 0, Diff: 0, Sum: 0, Workers: 4
[850.380s][debug][gc,phases      ] GC(63)     Total                          Min: 0, Avg: 10756.8, Max: 23315, Diff: 23315, Sum: 43027, Workers: 4
[850.380s][debug][gc,phases      ] GC(63)   ResolvedMethodTable Weak       Min:  0.0, Avg:  0.0, Max:  0.0, Diff:  0.0, Sum:  0.1, Workers: 4
[850.380s][debug][gc,phases      ] GC(63)     Dead                           Min: 0, Avg:  0.0, Max: 0, Diff: 0, Sum: 0, Workers: 4
[850.380s][debug][gc,phases      ] GC(63)     Total                          Min: 0, Avg: 2335.8, Max: 5567, Diff: 5567, Sum: 9343, Workers: 4
[850.380s][debug][gc,phases      ] GC(63)   JNI Weak                       Min:  0.0, Avg:  0.0, Max:  0.0, Diff:  0.0, Sum:  0.0, Workers: 4
[850.380s][debug][gc,phases      ] GC(63)     Dead                           Min: 0, Avg:  0.0, Max: 0, Diff: 0, Sum: 0, Workers: 4
[850.381s][debug][gc,phases      ] GC(63)     Total                          Min: 0, Avg: 11.2, Max: 45, Diff: 45, Sum: 45, Workers: 4
[850.381s][debug][gc,phases      ] GC(63)   StringDedup Table Weak         Min:  0.0, Avg:  0.0, Max:  0.0, Diff:  0.0, Sum:  0.0, Workers: 4
[850.381s][debug][gc,phases      ] GC(63)     Dead                           Min: 0, Avg:  0.0, Max: 0, Diff: 0, Sum: 0, Workers: 4
[850.381s][debug][gc,phases      ] GC(63)     Total                          Min: 0, Avg:  0.0, Max: 0, Diff: 0, Sum: 0, Workers: 4
[850.381s][debug][gc,phases      ] GC(63)   StringDedup Requests0 Weak     Min:  0.0, Avg:  0.0, Max:  0.0, Diff:  0.0, Sum:  0.0, Workers: 4
[850.381s][debug][gc,phases      ] GC(63)     Dead                           Min: 0, Avg:  0.0, Max: 0, Diff: 0, Sum: 0, Workers: 4
[850.381s][debug][gc,phases      ] GC(63)     Total                          Min: 0, Avg:  0.0, Max: 0, Diff: 0, Sum: 0, Workers: 4
[850.381s][debug][gc,phases      ] GC(63)   StringDedup Requests1 Weak     Min:  0.0, Avg:  0.0, Max:  0.0, Diff:  0.0, Sum:  0.0, Workers: 4
[850.381s][debug][gc,phases      ] GC(63)     Dead                           Min: 0, Avg:  0.0, Max: 0, Diff: 0, Sum: 0, Workers: 4
[850.381s][debug][gc,phases      ] GC(63)     Total                          Min: 0, Avg:  0.0, Max: 0, Diff: 0, Sum: 0, Workers: 4
[850.381s][debug][gc,phases      ] GC(63)   Weak JFR Old Object Samples    Min:  0.0, Avg:  0.0, Max:  0.0, Diff:  0.0, Sum:  0.0, Workers: 4
[850.381s][debug][gc,phases      ] GC(63)     Dead                           Min: 0, Avg:  0.0, Max: 0, Diff: 0, Sum: 0, Workers: 4
[850.381s][debug][gc,phases      ] GC(63)     Total                          Min: 0, Avg:  0.0, Max: 0, Diff: 0, Sum: 0, Workers: 4
[850.381s][debug][gc,phases      ] GC(63) Weak Processing 0.420ms
[850.381s][debug][gc,age         ] GC(63) Desired survivor size 60293120 bytes, new threshold 15 (max threshold 15)
[850.381s][info ][gc,heap        ] GC(63) PSYoungGen: 2010844K(2011136K)->30370K(2038272K) Eden: 1980416K(1980416K)->0K(1979392K) From: 30428K(30720K)->30370K(58880K)
[850.381s][info ][gc,heap        ] GC(63) ParOldGen: 239152K(343552K)->239168K(343552K)
[850.381s][info ][gc,metaspace   ] GC(63) Metaspace: 80802K(81664K)->80802K(81664K) NonClass: 68986K(69440K)->68986K(69440K) Class: 11815K(12224K)->11815K(12224K)
[850.381s][info ][gc             ] GC(63) Pause Young (Allocation Failure) 2197M->263M(2326M) 9.377ms
[850.381s][info ][gc,cpu         ] GC(63) User=0.03s Sys=0.00s Real=0.01s
[850.381s][info ][safepoint      ] Safepoint "ParallelGCFailedAllocation", Time since last: 131434840 ns, Reaching safepoint: 5900 ns, Cleanup: 23400 ns, At safepoint: 9457896 ns, Total: 9487196 ns
[851.381s][info ][safepoint      ] Safepoint "Cleanup", Time since last: 1000078818 ns, Reaching safepoint: 3500 ns, Cleanup: 28000 ns, At safepoint: 3500 ns, Total: 35000 ns
[852.381s][info ][safepoint      ] Safepoint "Cleanup", Time since last: 1000104981 ns, Reaching safepoint: 4000 ns, Cleanup: 35900 ns, At safepoint: 3200 ns, Total: 43100 ns
[853.381s][info ][safepoint      ] Safepoint "Cleanup", Time since last: 1000105281 ns, Reaching safepoint: 4300 ns, Cleanup: 64000 ns, At safepoint: 5500 ns, Total: 73800 ns
[854.381s][info ][safepoint      ] Safepoint "Cleanup", Time since last: 1000104582 ns, Reaching safepoint: 3600 ns, Cleanup: 32200 ns, At safepoint: 2300 ns, Total: 38100 ns
[855.381s][info ][safepoint      ] Safepoint "Cleanup", Time since last: 1000101281 ns, Reaching safepoint: 4700 ns, Cleanup: 26500 ns, At safepoint: 2800 ns, Total: 34000 ns
[858.382s][info ][safepoint      ] Safepoint "Cleanup", Time since last: 3000221945 ns, Reaching safepoint: 4700 ns, Cleanup: 73700 ns, At safepoint: 2800 ns, Total: 81200 ns
[861.311s][info ][gc,start       ] GC(64) Pause Young (Allocation Failure)
[861.320s][debug][gc,phases      ] GC(64) Scavenge 9.447ms
[861.320s][debug][gc,ref         ] GC(64) Skipped phase 1 of Reference Processing: no references
[861.320s][debug][gc,ref         ] GC(64) ReferenceProcessor::execute queues: 1, RefProcThreadModel::Single, marks_oops_alive: false
[861.320s][debug][gc,ref         ] GC(64) Skipped phase 3 of Reference Processing: no references
[861.320s][debug][gc,ref         ] GC(64) ReferenceProcessor::execute queues: 1, RefProcThreadModel::Single, marks_oops_alive: false
[861.320s][debug][gc,phases      ] GC(64) Reference Processing 0.097ms
[861.321s][debug][gc,phases      ] GC(64)   VM Weak                        Min:  0.0, Avg:  0.0, Max:  0.0, Diff:  0.0, Sum:  0.0, Workers: 4
[861.321s][debug][gc,phases      ] GC(64)     Dead                           Min: 0, Avg:  0.0, Max: 0, Diff: 0, Sum: 0, Workers: 4
[861.321s][debug][gc,phases      ] GC(64)     Total                          Min: 0, Avg: 174.5, Max: 634, Diff: 634, Sum: 698, Workers: 4
[861.321s][debug][gc,phases      ] GC(64)   ObjectSynchronizer Weak        Min:  0.0, Avg:  0.0, Max:  0.0, Diff:  0.0, Sum:  0.0, Workers: 4
[861.321s][debug][gc,phases      ] GC(64)     Dead                           Min: 0, Avg:  0.0, Max: 0, Diff: 0, Sum: 0, Workers: 4
[861.321s][debug][gc,phases      ] GC(64)     Total                          Min: 0, Avg:  1.2, Max: 5, Diff: 5, Sum: 5, Workers: 4
[861.321s][debug][gc,phases      ] GC(64)   JVMTI Tag Weak OopStorage      Min:  0.0, Avg:  0.0, Max:  0.0, Diff:  0.0, Sum:  0.0, Workers: 4
[861.321s][debug][gc,phases      ] GC(64)     Dead                           Min: 0, Avg:  0.0, Max: 0, Diff: 0, Sum: 0, Workers: 4
[861.321s][debug][gc,phases      ] GC(64)     Total                          Min: 0, Avg:  0.0, Max: 0, Diff: 0, Sum: 0, Workers: 4
[861.321s][debug][gc,phases      ] GC(64)   StringTable Weak               Min:  0.0, Avg:  0.1, Max:  0.2, Diff:  0.2, Sum:  0.3, Workers: 4
[861.321s][debug][gc,phases      ] GC(64)     Dead                           Min: 0, Avg:  0.0, Max: 0, Diff: 0, Sum: 0, Workers: 4
[861.321s][debug][gc,phases      ] GC(64)     Total                          Min: 0, Avg: 10757.0, Max: 26324, Diff: 26324, Sum: 43028, Workers: 4
[861.321s][debug][gc,phases      ] GC(64)   ResolvedMethodTable Weak       Min:  0.0, Avg:  0.0, Max:  0.0, Diff:  0.0, Sum:  0.1, Workers: 4
[861.321s][debug][gc,phases      ] GC(64)     Dead                           Min: 0, Avg:  0.0, Max: 0, Diff: 0, Sum: 0, Workers: 4
[861.321s][debug][gc,phases      ] GC(64)     Total                          Min: 0, Avg: 2335.8, Max: 5760, Diff: 5760, Sum: 9343, Workers: 4
[861.321s][debug][gc,phases      ] GC(64)   JNI Weak                       Min:  0.0, Avg:  0.0, Max:  0.0, Diff:  0.0, Sum:  0.0, Workers: 4
[861.321s][debug][gc,phases      ] GC(64)     Dead                           Min: 0, Avg:  0.0, Max: 0, Diff: 0, Sum: 0, Workers: 4
[861.321s][debug][gc,phases      ] GC(64)     Total                          Min: 0, Avg: 11.2, Max: 45, Diff: 45, Sum: 45, Workers: 4
[861.321s][debug][gc,phases      ] GC(64)   StringDedup Table Weak         Min:  0.0, Avg:  0.0, Max:  0.0, Diff:  0.0, Sum:  0.0, Workers: 4
[861.321s][debug][gc,phases      ] GC(64)     Dead                           Min: 0, Avg:  0.0, Max: 0, Diff: 0, Sum: 0, Workers: 4
[861.321s][debug][gc,phases      ] GC(64)     Total                          Min: 0, Avg:  0.0, Max: 0, Diff: 0, Sum: 0, Workers: 4
[861.321s][debug][gc,phases      ] GC(64)   StringDedup Requests0 Weak     Min:  0.0, Avg:  0.0, Max:  0.0, Diff:  0.0, Sum:  0.0, Workers: 4
[861.321s][debug][gc,phases      ] GC(64)     Dead                           Min: 0, Avg:  0.0, Max: 0, Diff: 0, Sum: 0, Workers: 4
[861.321s][debug][gc,phases      ] GC(64)     Total                          Min: 0, Avg:  0.0, Max: 0, Diff: 0, Sum: 0, Workers: 4
[861.321s][debug][gc,phases      ] GC(64)   StringDedup Requests1 Weak     Min:  0.0, Avg:  0.0, Max:  0.0, Diff:  0.0, Sum:  0.0, Workers: 4
[861.321s][debug][gc,phases      ] GC(64)     Dead                           Min: 0, Avg:  0.0, Max: 0, Diff: 0, Sum: 0, Workers: 4
[861.321s][debug][gc,phases      ] GC(64)     Total                          Min: 0, Avg:  0.0, Max: 0, Diff: 0, Sum: 0, Workers: 4
[861.321s][debug][gc,phases      ] GC(64)   Weak JFR Old Object Samples    Min:  0.0, Avg:  0.0, Max:  0.0, Diff:  0.0, Sum:  0.0, Workers: 4
[861.321s][debug][gc,phases      ] GC(64)     Dead                           Min: 0, Avg:  0.0, Max: 0, Diff: 0, Sum: 0, Workers: 4
[861.321s][debug][gc,phases      ] GC(64)     Total                          Min: 0, Avg:  0.0, Max: 0, Diff: 0, Sum: 0, Workers: 4
[861.321s][debug][gc,phases      ] GC(64) Weak Processing 0.345ms
[861.321s][debug][gc,age         ] GC(64) Desired survivor size 60293120 bytes, new threshold 15 (max threshold 15)
[861.321s][info ][gc,heap        ] GC(64) PSYoungGen: 2009762K(2038272K)->30402K(2038272K) Eden: 1979392K(1979392K)->0K(1979392K) From: 30370K(58880K)->30402K(58880K)
[861.321s][info ][gc,heap        ] GC(64) ParOldGen: 239168K(343552K)->239168K(343552K)
[861.321s][info ][gc,metaspace   ] GC(64) Metaspace: 80805K(81728K)->80805K(81728K) NonClass: 68989K(69504K)->68989K(69504K) Class: 11815K(12224K)->11815K(12224K)
[861.321s][info ][gc             ] GC(64) Pause Young (Allocation Failure) 2196M->263M(2326M) 10.031ms
[861.321s][info ][gc,cpu         ] GC(64) User=0.02s Sys=0.00s Real=0.01s
[861.321s][info ][safepoint      ] Safepoint "ParallelGCFailedAllocation", Time since last: 2928862517 ns, Reaching safepoint: 5000 ns, Cleanup: 52099 ns, At safepoint: 10113990 ns, Total: 10171089 ns
[862.904s][info ][safepoint      ] Safepoint "Cleanup", Time since last: 1582696792 ns, Reaching safepoint: 6100 ns, Cleanup: 113900 ns, At safepoint: 4300 ns, Total: 124300 ns
[863.904s][info ][safepoint      ] Safepoint "Cleanup", Time since last: 1000099669 ns, Reaching safepoint: 4100 ns, Cleanup: 54300 ns, At safepoint: 2300 ns, Total: 60700 ns
[865.904s][info ][safepoint      ] Safepoint "Cleanup", Time since last: 2000165129 ns, Reaching safepoint: 4000 ns, Cleanup: 49200 ns, At safepoint: 4000 ns, Total: 57200 ns
[867.271s][info ][safepoint      ] Safepoint "Cleanup", Time since last: 1366363401 ns, Reaching safepoint: 78099 ns, Cleanup: 173000 ns, At safepoint: 10800 ns, Total: 261899 ns
[867.581s][info ][safepoint      ] Safepoint "ICBufferFull", Time since last: 309825718 ns, Reaching safepoint: 4000 ns, Cleanup: 175099 ns, At safepoint: 3000 ns, Total: 182099 ns
[868.581s][info ][safepoint      ] Safepoint "Cleanup", Time since last: 1000101910 ns, Reaching safepoint: 3800 ns, Cleanup: 159800 ns, At safepoint: 10500 ns, Total: 174100 ns
[868.823s][info ][gc,start       ] GC(65) Pause Young (Allocation Failure)
[868.850s][debug][gc,phases      ] GC(65) Scavenge 27.034ms
[868.850s][debug][gc,ref         ] GC(65) Skipped phase 1 of Reference Processing: no references
[868.850s][debug][gc,ref         ] GC(65) ReferenceProcessor::execute queues: 1, RefProcThreadModel::Single, marks_oops_alive: false
[868.850s][debug][gc,ref         ] GC(65) Skipped phase 3 of Reference Processing: no references
[868.850s][debug][gc,ref         ] GC(65) ReferenceProcessor::execute queues: 1, RefProcThreadModel::Single, marks_oops_alive: false
[868.850s][debug][gc,phases      ] GC(65) Reference Processing 0.108ms
[868.850s][debug][gc,phases      ] GC(65)   VM Weak                        Min:  0.0, Avg:  0.0, Max:  0.0, Diff:  0.0, Sum:  0.0, Workers: 4
[868.850s][debug][gc,phases      ] GC(65)     Dead                           Min: 0, Avg:  0.0, Max: 0, Diff: 0, Sum: 0, Workers: 4
[868.850s][debug][gc,phases      ] GC(65)     Total                          Min: 64, Avg: 175.0, Max: 320, Diff: 256, Sum: 700, Workers: 4
[868.850s][debug][gc,phases      ] GC(65)   ObjectSynchronizer Weak        Min:  0.0, Avg:  0.0, Max:  0.0, Diff:  0.0, Sum:  0.0, Workers: 4
[868.850s][debug][gc,phases      ] GC(65)     Dead                           Min: 0, Avg:  0.0, Max: 0, Diff: 0, Sum: 0, Workers: 4
[868.850s][debug][gc,phases      ] GC(65)     Total                          Min: 0, Avg:  1.5, Max: 6, Diff: 6, Sum: 6, Workers: 4
[868.850s][debug][gc,phases      ] GC(65)   JVMTI Tag Weak OopStorage      Min:  0.0, Avg:  0.0, Max:  0.0, Diff:  0.0, Sum:  0.0, Workers: 4
[868.850s][debug][gc,phases      ] GC(65)     Dead                           Min: 0, Avg:  0.0, Max: 0, Diff: 0, Sum: 0, Workers: 4
[868.850s][debug][gc,phases      ] GC(65)     Total                          Min: 0, Avg:  0.0, Max: 0, Diff: 0, Sum: 0, Workers: 4
[868.850s][debug][gc,phases      ] GC(65)   StringTable Weak               Min:  0.1, Avg:  0.1, Max:  0.1, Diff:  0.0, Sum:  0.4, Workers: 4
[868.850s][debug][gc,phases      ] GC(65)     Dead                           Min: 0, Avg:  0.8, Max: 2, Diff: 2, Sum: 3, Workers: 4
[868.850s][debug][gc,phases      ] GC(65)     Total                          Min: 9796, Avg: 10785.0, Max: 11328, Diff: 1532, Sum: 43140, Workers: 4
[868.850s][debug][gc,phases      ] GC(65)   ResolvedMethodTable Weak       Min:  0.0, Avg:  0.0, Max:  0.0, Diff:  0.0, Sum:  0.1, Workers: 4
[868.850s][debug][gc,phases      ] GC(65)     Dead                           Min: 0, Avg:  0.0, Max: 0, Diff: 0, Sum: 0, Workers: 4
[868.850s][debug][gc,phases      ] GC(65)     Total                          Min: 2112, Avg: 2364.5, Max: 2687, Diff: 575, Sum: 9458, Workers: 4
[868.850s][debug][gc,phases      ] GC(65)   JNI Weak                       Min:  0.0, Avg:  0.0, Max:  0.0, Diff:  0.0, Sum:  0.0, Workers: 4
[868.850s][debug][gc,phases      ] GC(65)     Dead                           Min: 0, Avg:  0.0, Max: 0, Diff: 0, Sum: 0, Workers: 4
[868.850s][debug][gc,phases      ] GC(65)     Total                          Min: 0, Avg: 12.0, Max: 48, Diff: 48, Sum: 48, Workers: 4
[868.850s][debug][gc,phases      ] GC(65)   StringDedup Table Weak         Min:  0.0, Avg:  0.0, Max:  0.0, Diff:  0.0, Sum:  0.0, Workers: 4
[868.850s][debug][gc,phases      ] GC(65)     Dead                           Min: 0, Avg:  0.0, Max: 0, Diff: 0, Sum: 0, Workers: 4
[868.850s][debug][gc,phases      ] GC(65)     Total                          Min: 0, Avg:  0.0, Max: 0, Diff: 0, Sum: 0, Workers: 4
[868.850s][debug][gc,phases      ] GC(65)   StringDedup Requests0 Weak     Min:  0.0, Avg:  0.0, Max:  0.0, Diff:  0.0, Sum:  0.0, Workers: 4
[868.850s][debug][gc,phases      ] GC(65)     Dead                           Min: 0, Avg:  0.0, Max: 0, Diff: 0, Sum: 0, Workers: 4
[868.850s][debug][gc,phases      ] GC(65)     Total                          Min: 0, Avg:  0.0, Max: 0, Diff: 0, Sum: 0, Workers: 4
[868.850s][debug][gc,phases      ] GC(65)   StringDedup Requests1 Weak     Min:  0.0, Avg:  0.0, Max:  0.0, Diff:  0.0, Sum:  0.0, Workers: 4
[868.850s][debug][gc,phases      ] GC(65)     Dead                           Min: 0, Avg:  0.0, Max: 0, Diff: 0, Sum: 0, Workers: 4
[868.850s][debug][gc,phases      ] GC(65)     Total                          Min: 0, Avg:  0.0, Max: 0, Diff: 0, Sum: 0, Workers: 4
[868.850s][debug][gc,phases      ] GC(65)   Weak JFR Old Object Samples    Min:  0.0, Avg:  0.0, Max:  0.0, Diff:  0.0, Sum:  0.0, Workers: 4
[868.850s][debug][gc,phases      ] GC(65)     Dead                           Min: 0, Avg:  0.0, Max: 0, Diff: 0, Sum: 0, Workers: 4
[868.850s][debug][gc,phases      ] GC(65)     Total                          Min: 0, Avg:  0.0, Max: 0, Diff: 0, Sum: 0, Workers: 4
[868.850s][debug][gc,phases      ] GC(65) Weak Processing 0.295ms
[868.850s][debug][gc,age         ] GC(65) Desired survivor size 74448896 bytes, new threshold 14 (max threshold 15)
[868.850s][info ][gc,heap        ] GC(65) PSYoungGen: 2009794K(2038272K)->58851K(2010624K) Eden: 1979392K(1979392K)->0K(1951744K) From: 30402K(58880K)->58851K(58880K)
[868.850s][info ][gc,heap        ] GC(65) ParOldGen: 239168K(343552K)->248360K(343552K)
[868.850s][info ][gc,metaspace   ] GC(65) Metaspace: 81159K(81984K)->81159K(81984K) NonClass: 69288K(69696K)->69288K(69696K) Class: 11870K(12288K)->11870K(12288K)
[868.850s][info ][gc             ] GC(65) Pause Young (Allocation Failure) 2196M->300M(2299M) 27.562ms
[868.850s][info ][gc,cpu         ] GC(65) User=0.07s Sys=0.01s Real=0.03s
[868.850s][info ][safepoint      ] Safepoint "ParallelGCFailedAllocation", Time since last: 241824857 ns, Reaching safepoint: 77200 ns, Cleanup: 49600 ns, At safepoint: 27651284 ns, Total: 27778084 ns
[869.851s][info ][safepoint      ] Safepoint "Cleanup", Time since last: 1000086810 ns, Reaching safepoint: 4500 ns, Cleanup: 59300 ns, At safepoint: 2900 ns, Total: 66700 ns
[870.851s][info ][safepoint      ] Safepoint "Cleanup", Time since last: 1000075710 ns, Reaching safepoint: 4600 ns, Cleanup: 62700 ns, At safepoint: 2400 ns, Total: 69700 ns
[872.477s][info ][safepoint      ] Safepoint "Cleanup", Time since last: 1625701341 ns, Reaching safepoint: 4000 ns, Cleanup: 176599 ns, At safepoint: 5600 ns, Total: 186199 ns
[873.477s][info ][safepoint      ] Safepoint "Cleanup", Time since last: 1000097210 ns, Reaching safepoint: 4100 ns, Cleanup: 77100 ns, At safepoint: 2600 ns, Total: 83800 ns
[874.477s][info ][safepoint      ] Safepoint "Cleanup", Time since last: 1000092310 ns, Reaching safepoint: 4300 ns, Cleanup: 48200 ns, At safepoint: 2100 ns, Total: 54600 ns
[875.477s][info ][safepoint      ] Safepoint "Cleanup", Time since last: 1000104303 ns, Reaching safepoint: 4400 ns, Cleanup: 66300 ns, At safepoint: 6300 ns, Total: 77000 ns
[876.477s][info ][safepoint      ] Safepoint "Cleanup", Time since last: 1000092382 ns, Reaching safepoint: 60700 ns, Cleanup: 33600 ns, At safepoint: 9700 ns, Total: 104000 ns
[877.477s][info ][safepoint      ] Safepoint "Cleanup", Time since last: 1000052683 ns, Reaching safepoint: 3600 ns, Cleanup: 42400 ns, At safepoint: 2100 ns, Total: 48100 ns
[877.963s][info ][gc,start       ] GC(66) Pause Young (Allocation Failure)
[877.981s][debug][gc,phases      ] GC(66) Scavenge 17.875ms
[877.981s][debug][gc,ref         ] GC(66) Skipped phase 1 of Reference Processing: no references
[877.981s][debug][gc,ref         ] GC(66) ReferenceProcessor::execute queues: 1, RefProcThreadModel::Single, marks_oops_alive: false
[877.981s][debug][gc,ref         ] GC(66) Skipped phase 3 of Reference Processing: no references
[877.981s][debug][gc,ref         ] GC(66) ReferenceProcessor::execute queues: 1, RefProcThreadModel::Single, marks_oops_alive: false
[877.981s][debug][gc,phases      ] GC(66) Reference Processing 0.133ms
[877.981s][debug][gc,phases      ] GC(66)   VM Weak                        Min:  0.0, Avg:  0.0, Max:  0.0, Diff:  0.0, Sum:  0.0, Workers: 4
[877.981s][debug][gc,phases      ] GC(66)     Dead                           Min: 0, Avg:  0.0, Max: 0, Diff: 0, Sum: 0, Workers: 4
[877.981s][debug][gc,phases      ] GC(66)     Total                          Min: 0, Avg: 175.0, Max: 576, Diff: 576, Sum: 700, Workers: 4
[877.981s][debug][gc,phases      ] GC(66)   ObjectSynchronizer Weak        Min:  0.0, Avg:  0.0, Max:  0.0, Diff:  0.0, Sum:  0.0, Workers: 4
[877.981s][debug][gc,phases      ] GC(66)     Dead                           Min: 0, Avg:  0.0, Max: 0, Diff: 0, Sum: 0, Workers: 4
[877.981s][debug][gc,phases      ] GC(66)     Total                          Min: 0, Avg:  1.5, Max: 6, Diff: 6, Sum: 6, Workers: 4
[877.981s][debug][gc,phases      ] GC(66)   JVMTI Tag Weak OopStorage      Min:  0.0, Avg:  0.0, Max:  0.0, Diff:  0.0, Sum:  0.0, Workers: 4
[877.981s][debug][gc,phases      ] GC(66)     Dead                           Min: 0, Avg:  0.0, Max: 0, Diff: 0, Sum: 0, Workers: 4
[877.981s][debug][gc,phases      ] GC(66)     Total                          Min: 0, Avg:  0.0, Max: 0, Diff: 0, Sum: 0, Workers: 4
[877.981s][debug][gc,phases      ] GC(66)   StringTable Weak               Min:  0.0, Avg:  0.1, Max:  0.1, Diff:  0.1, Sum:  0.4, Workers: 4
[877.981s][debug][gc,phases      ] GC(66)     Dead                           Min: 0, Avg:  0.2, Max: 1, Diff: 1, Sum: 1, Workers: 4
[877.981s][debug][gc,phases      ] GC(66)     Total                          Min: 0, Avg: 10799.0, Max: 18304, Diff: 18304, Sum: 43196, Workers: 4
[877.981s][debug][gc,phases      ] GC(66)   ResolvedMethodTable Weak       Min:  0.0, Avg:  0.0, Max:  0.0, Diff:  0.0, Sum:  0.1, Workers: 4
[877.981s][debug][gc,phases      ] GC(66)     Dead                           Min: 0, Avg:  0.0, Max: 0, Diff: 0, Sum: 0, Workers: 4
[877.981s][debug][gc,phases      ] GC(66)     Total                          Min: 0, Avg: 2365.8, Max: 4032, Diff: 4032, Sum: 9463, Workers: 4
[877.981s][debug][gc,phases      ] GC(66)   JNI Weak                       Min:  0.0, Avg:  0.0, Max:  0.0, Diff:  0.0, Sum:  0.0, Workers: 4
[877.981s][debug][gc,phases      ] GC(66)     Dead                           Min: 0, Avg:  0.0, Max: 0, Diff: 0, Sum: 0, Workers: 4
[877.981s][debug][gc,phases      ] GC(66)     Total                          Min: 0, Avg: 11.2, Max: 45, Diff: 45, Sum: 45, Workers: 4
[877.981s][debug][gc,phases      ] GC(66)   StringDedup Table Weak         Min:  0.0, Avg:  0.0, Max:  0.0, Diff:  0.0, Sum:  0.0, Workers: 4
[877.981s][debug][gc,phases      ] GC(66)     Dead                           Min: 0, Avg:  0.0, Max: 0, Diff: 0, Sum: 0, Workers: 4
[877.981s][debug][gc,phases      ] GC(66)     Total                          Min: 0, Avg:  0.0, Max: 0, Diff: 0, Sum: 0, Workers: 4
[877.981s][debug][gc,phases      ] GC(66)   StringDedup Requests0 Weak     Min:  0.0, Avg:  0.0, Max:  0.0, Diff:  0.0, Sum:  0.0, Workers: 4
[877.981s][debug][gc,phases      ] GC(66)     Dead                           Min: 0, Avg:  0.0, Max: 0, Diff: 0, Sum: 0, Workers: 4
[877.981s][debug][gc,phases      ] GC(66)     Total                          Min: 0, Avg:  0.0, Max: 0, Diff: 0, Sum: 0, Workers: 4
[877.981s][debug][gc,phases      ] GC(66)   StringDedup Requests1 Weak     Min:  0.0, Avg:  0.0, Max:  0.0, Diff:  0.0, Sum:  0.0, Workers: 4
[877.981s][debug][gc,phases      ] GC(66)     Dead                           Min: 0, Avg:  0.0, Max: 0, Diff: 0, Sum: 0, Workers: 4
[877.981s][debug][gc,phases      ] GC(66)     Total                          Min: 0, Avg:  0.0, Max: 0, Diff: 0, Sum: 0, Workers: 4
[877.981s][debug][gc,phases      ] GC(66)   Weak JFR Old Object Samples    Min:  0.0, Avg:  0.0, Max:  0.0, Diff:  0.0, Sum:  0.0, Workers: 4
[877.981s][debug][gc,phases      ] GC(66)     Dead                           Min: 0, Avg:  0.0, Max: 0, Diff: 0, Sum: 0, Workers: 4
[877.981s][debug][gc,phases      ] GC(66)     Total                          Min: 0, Avg:  0.0, Max: 0, Diff: 0, Sum: 0, Workers: 4
[877.981s][debug][gc,phases      ] GC(66) Weak Processing 0.348ms
[877.981s][debug][gc,age         ] GC(66) Desired survivor size 82313216 bytes, new threshold 15 (max threshold 15)
[877.981s][info ][gc,heap        ] GC(66) PSYoungGen: 2010595K(2010624K)->59309K(2011136K) Eden: 1951744K(1951744K)->0K(1951744K) From: 58851K(58880K)->59309K(59392K)
[877.981s][info ][gc,heap        ] GC(66) ParOldGen: 248360K(343552K)->248368K(343552K)
[877.981s][info ][gc,metaspace   ] GC(66) Metaspace: 81323K(82240K)->81323K(82240K) NonClass: 69451K(69952K)->69451K(69952K) Class: 11872K(12288K)->11872K(12288K)
[877.981s][info ][gc             ] GC(66) Pause Young (Allocation Failure) 2206M->300M(2299M) 18.487ms
[877.981s][info ][gc,cpu         ] GC(66) User=0.05s Sys=0.00s Real=0.02s
[877.981s][info ][safepoint      ] Safepoint "ParallelGCFailedAllocation", Time since last: 485089900 ns, Reaching safepoint: 5600 ns, Cleanup: 38400 ns, At safepoint: 18572289 ns, Total: 18616289 ns
[878.981s][info ][safepoint      ] Safepoint "Cleanup", Time since last: 1000076682 ns, Reaching safepoint: 4700 ns, Cleanup: 65000 ns, At safepoint: 4100 ns, Total: 73800 ns
[880.061s][info ][safepoint      ] Safepoint "Cleanup", Time since last: 1079692933 ns, Reaching safepoint: 73100 ns, Cleanup: 107100 ns, At safepoint: 13700 ns, Total: 193900 ns
[881.061s][info ][safepoint      ] Safepoint "Cleanup", Time since last: 1000116683 ns, Reaching safepoint: 76500 ns, Cleanup: 63500 ns, At safepoint: 5000 ns, Total: 145000 ns
[882.062s][info ][safepoint      ] Safepoint "Cleanup", Time since last: 1000112482 ns, Reaching safepoint: 6500 ns, Cleanup: 58800 ns, At safepoint: 6000 ns, Total: 71300 ns
[883.062s][info ][safepoint      ] Safepoint "Cleanup", Time since last: 1000115683 ns, Reaching safepoint: 76400 ns, Cleanup: 54299 ns, At safepoint: 6700 ns, Total: 137399 ns
[884.062s][info ][safepoint      ] Safepoint "Cleanup", Time since last: 1000118447 ns, Reaching safepoint: 72900 ns, Cleanup: 41600 ns, At safepoint: 6900 ns, Total: 121400 ns
[885.062s][info ][safepoint      ] Safepoint "Cleanup", Time since last: 1000116726 ns, Reaching safepoint: 78100 ns, Cleanup: 38400 ns, At safepoint: 8500 ns, Total: 125000 ns
[886.719s][info ][safepoint      ] Safepoint "Cleanup", Time since last: 1656919323 ns, Reaching safepoint: 79800 ns, Cleanup: 83600 ns, At safepoint: 10700 ns, Total: 174100 ns
[887.720s][info ][safepoint      ] Safepoint "Cleanup", Time since last: 1000113426 ns, Reaching safepoint: 76500 ns, Cleanup: 56300 ns, At safepoint: 7200 ns, Total: 140000 ns
[887.911s][info ][gc,start       ] GC(67) Pause Young (Allocation Failure)
[887.930s][debug][gc,phases      ] GC(67) Scavenge 19.192ms
[887.930s][debug][gc,ref         ] GC(67) Skipped phase 1 of Reference Processing: no references
[887.930s][debug][gc,ref         ] GC(67) ReferenceProcessor::execute queues: 1, RefProcThreadModel::Single, marks_oops_alive: false
[887.930s][debug][gc,ref         ] GC(67) ReferenceProcessor::execute queues: 4, RefProcThreadModel::Multi, marks_oops_alive: true
[887.930s][debug][gc,ref         ] GC(67) ReferenceProcessor::execute queues: 1, RefProcThreadModel::Single, marks_oops_alive: false
[887.930s][debug][gc,phases      ] GC(67) Reference Processing 0.205ms
[887.930s][debug][gc,phases      ] GC(67)   VM Weak                        Min:  0.0, Avg:  0.0, Max:  0.0, Diff:  0.0, Sum:  0.0, Workers: 4
[887.930s][debug][gc,phases      ] GC(67)     Dead                           Min: 0, Avg:  0.0, Max: 0, Diff: 0, Sum: 0, Workers: 4
[887.930s][debug][gc,phases      ] GC(67)     Total                          Min: 0, Avg: 177.2, Max: 709, Diff: 709, Sum: 709, Workers: 4
[887.930s][debug][gc,phases      ] GC(67)   ObjectSynchronizer Weak        Min:  0.0, Avg:  0.0, Max:  0.0, Diff:  0.0, Sum:  0.0, Workers: 4
[887.930s][debug][gc,phases      ] GC(67)     Dead                           Min: 0, Avg:  0.0, Max: 0, Diff: 0, Sum: 0, Workers: 4
[887.930s][debug][gc,phases      ] GC(67)     Total                          Min: 0, Avg:  1.5, Max: 6, Diff: 6, Sum: 6, Workers: 4
[887.930s][debug][gc,phases      ] GC(67)   JVMTI Tag Weak OopStorage      Min:  0.0, Avg:  0.0, Max:  0.0, Diff:  0.0, Sum:  0.0, Workers: 4
[887.930s][debug][gc,phases      ] GC(67)     Dead                           Min: 0, Avg:  0.0, Max: 0, Diff: 0, Sum: 0, Workers: 4
[887.930s][debug][gc,phases      ] GC(67)     Total                          Min: 0, Avg:  0.0, Max: 0, Diff: 0, Sum: 0, Workers: 4
[887.930s][debug][gc,phases      ] GC(67)   StringTable Weak               Min:  0.0, Avg:  0.1, Max:  0.1, Diff:  0.1, Sum:  0.4, Workers: 4
[887.930s][debug][gc,phases      ] GC(67)     Dead                           Min: 0, Avg:  0.5, Max: 2, Diff: 2, Sum: 2, Workers: 4
[887.930s][debug][gc,phases      ] GC(67)     Total                          Min: 0, Avg: 10809.8, Max: 17576, Diff: 17576, Sum: 43239, Workers: 4
[887.930s][debug][gc,phases      ] GC(67)   ResolvedMethodTable Weak       Min:  0.0, Avg:  0.0, Max:  0.0, Diff:  0.0, Sum:  0.1, Workers: 4
[887.930s][debug][gc,phases      ] GC(67)     Dead                           Min: 0, Avg:  0.0, Max: 0, Diff: 0, Sum: 0, Workers: 4
[887.930s][debug][gc,phases      ] GC(67)     Total                          Min: 0, Avg: 2378.2, Max: 4009, Diff: 4009, Sum: 9513, Workers: 4
[887.930s][debug][gc,phases      ] GC(67)   JNI Weak                       Min:  0.0, Avg:  0.0, Max:  0.0, Diff:  0.0, Sum:  0.0, Workers: 4
[887.930s][debug][gc,phases      ] GC(67)     Dead                           Min: 0, Avg:  0.0, Max: 0, Diff: 0, Sum: 0, Workers: 4
[887.930s][debug][gc,phases      ] GC(67)     Total                          Min: 0, Avg: 11.2, Max: 45, Diff: 45, Sum: 45, Workers: 4
[887.930s][debug][gc,phases      ] GC(67)   StringDedup Table Weak         Min:  0.0, Avg:  0.0, Max:  0.0, Diff:  0.0, Sum:  0.0, Workers: 4
[887.930s][debug][gc,phases      ] GC(67)     Dead                           Min: 0, Avg:  0.0, Max: 0, Diff: 0, Sum: 0, Workers: 4
[887.930s][debug][gc,phases      ] GC(67)     Total                          Min: 0, Avg:  0.0, Max: 0, Diff: 0, Sum: 0, Workers: 4
[887.930s][debug][gc,phases      ] GC(67)   StringDedup Requests0 Weak     Min:  0.0, Avg:  0.0, Max:  0.0, Diff:  0.0, Sum:  0.0, Workers: 4
[887.930s][debug][gc,phases      ] GC(67)     Dead                           Min: 0, Avg:  0.0, Max: 0, Diff: 0, Sum: 0, Workers: 4
[887.930s][debug][gc,phases      ] GC(67)     Total                          Min: 0, Avg:  0.0, Max: 0, Diff: 0, Sum: 0, Workers: 4
[887.930s][debug][gc,phases      ] GC(67)   StringDedup Requests1 Weak     Min:  0.0, Avg:  0.0, Max:  0.0, Diff:  0.0, Sum:  0.0, Workers: 4
[887.930s][debug][gc,phases      ] GC(67)     Dead                           Min: 0, Avg:  0.0, Max: 0, Diff: 0, Sum: 0, Workers: 4
[887.930s][debug][gc,phases      ] GC(67)     Total                          Min: 0, Avg:  0.0, Max: 0, Diff: 0, Sum: 0, Workers: 4
[887.930s][debug][gc,phases      ] GC(67)   Weak JFR Old Object Samples    Min:  0.0, Avg:  0.0, Max:  0.0, Diff:  0.0, Sum:  0.0, Workers: 4
[887.930s][debug][gc,phases      ] GC(67)     Dead                           Min: 0, Avg:  0.0, Max: 0, Diff: 0, Sum: 0, Workers: 4
[887.930s][debug][gc,phases      ] GC(67)     Total                          Min: 0, Avg:  0.0, Max: 0, Diff: 0, Sum: 0, Workers: 4
[887.930s][debug][gc,phases      ] GC(67) Weak Processing 0.336ms
[887.930s][debug][gc,age         ] GC(67) Desired survivor size 88604672 bytes, new threshold 15 (max threshold 15)
[887.930s][info ][gc,heap        ] GC(67) PSYoungGen: 2011053K(2011136K)->59273K(2004480K) Eden: 1951744K(1951744K)->0K(1924096K) From: 59309K(59392K)->59273K(80384K)
[887.930s][info ][gc,heap        ] GC(67) ParOldGen: 248368K(343552K)->248376K(343552K)
[887.930s][info ][gc,metaspace   ] GC(67) Metaspace: 81482K(82368K)->81482K(82368K) NonClass: 69582K(70080K)->69582K(70080K) Class: 11899K(12288K)->11899K(12288K)
[887.930s][info ][gc             ] GC(67) Pause Young (Allocation Failure) 2206M->300M(2293M) 19.861ms
[887.930s][info ][gc,cpu         ] GC(67) User=0.06s Sys=0.00s Real=0.02s
[887.930s][info ][safepoint      ] Safepoint "ParallelGCFailedAllocation", Time since last: 190743889 ns, Reaching safepoint: 75500 ns, Cleanup: 29400 ns, At safepoint: 19943287 ns, Total: 20048187 ns
[888.931s][info ][safepoint      ] Safepoint "Cleanup", Time since last: 1000073670 ns, Reaching safepoint: 4400 ns, Cleanup: 52600 ns, At safepoint: 2700 ns, Total: 59700 ns
[889.931s][info ][safepoint      ] Safepoint "Cleanup", Time since last: 1000072669 ns, Reaching safepoint: 4000 ns, Cleanup: 32300 ns, At safepoint: 2400 ns, Total: 38700 ns
[890.931s][info ][safepoint      ] Safepoint "Cleanup", Time since last: 1000099169 ns, Reaching safepoint: 3700 ns, Cleanup: 34900 ns, At safepoint: 2400 ns, Total: 41000 ns
[891.931s][info ][safepoint      ] Safepoint "Cleanup", Time since last: 1000093662 ns, Reaching safepoint: 4100 ns, Cleanup: 30000 ns, At safepoint: 2600 ns, Total: 36700 ns
[893.931s][info ][safepoint      ] Safepoint "Cleanup", Time since last: 2000173686 ns, Reaching safepoint: 4400 ns, Cleanup: 49800 ns, At safepoint: 2800 ns, Total: 57000 ns
[894.931s][info ][safepoint      ] Safepoint "Cleanup", Time since last: 1000100044 ns, Reaching safepoint: 4400 ns, Cleanup: 41300 ns, At safepoint: 3800 ns, Total: 49500 ns
[895.932s][info ][safepoint      ] Safepoint "Cleanup", Time since last: 1000099843 ns, Reaching safepoint: 4600 ns, Cleanup: 36400 ns, At safepoint: 2800 ns, Total: 43800 ns
[896.932s][info ][safepoint      ] Safepoint "Cleanup", Time since last: 1000104743 ns, Reaching safepoint: 4100 ns, Cleanup: 47000 ns, At safepoint: 3500 ns, Total: 54600 ns
[897.932s][info ][safepoint      ] Safepoint "Cleanup", Time since last: 1000117444 ns, Reaching safepoint: 4800 ns, Cleanup: 23300 ns, At safepoint: 2200 ns, Total: 30300 ns
[897.968s][info ][gc,start       ] GC(68) Pause Young (Allocation Failure)
[897.986s][debug][gc,phases      ] GC(68) Scavenge 17.329ms
[897.986s][debug][gc,ref         ] GC(68) Skipped phase 1 of Reference Processing: no references
[897.986s][debug][gc,ref         ] GC(68) ReferenceProcessor::execute queues: 1, RefProcThreadModel::Single, marks_oops_alive: false
[897.986s][debug][gc,ref         ] GC(68) Skipped phase 3 of Reference Processing: no references
[897.986s][debug][gc,ref         ] GC(68) ReferenceProcessor::execute queues: 1, RefProcThreadModel::Single, marks_oops_alive: false
[897.986s][debug][gc,phases      ] GC(68) Reference Processing 0.135ms
[897.986s][debug][gc,phases      ] GC(68)   VM Weak                        Min:  0.0, Avg:  0.0, Max:  0.0, Diff:  0.0, Sum:  0.0, Workers: 4
[897.986s][debug][gc,phases      ] GC(68)     Dead                           Min: 0, Avg:  0.0, Max: 0, Diff: 0, Sum: 0, Workers: 4
[897.986s][debug][gc,phases      ] GC(68)     Total                          Min: 0, Avg: 177.2, Max: 709, Diff: 709, Sum: 709, Workers: 4
[897.986s][debug][gc,phases      ] GC(68)   ObjectSynchronizer Weak        Min:  0.0, Avg:  0.0, Max:  0.0, Diff:  0.0, Sum:  0.0, Workers: 4
[897.986s][debug][gc,phases      ] GC(68)     Dead                           Min: 0, Avg:  0.0, Max: 0, Diff: 0, Sum: 0, Workers: 4
[897.986s][debug][gc,phases      ] GC(68)     Total                          Min: 0, Avg:  1.5, Max: 6, Diff: 6, Sum: 6, Workers: 4
[897.986s][debug][gc,phases      ] GC(68)   JVMTI Tag Weak OopStorage      Min:  0.0, Avg:  0.0, Max:  0.0, Diff:  0.0, Sum:  0.0, Workers: 4
[897.986s][debug][gc,phases      ] GC(68)     Dead                           Min: 0, Avg:  0.0, Max: 0, Diff: 0, Sum: 0, Workers: 4
[897.986s][debug][gc,phases      ] GC(68)     Total                          Min: 0, Avg:  0.0, Max: 0, Diff: 0, Sum: 0, Workers: 4
[897.986s][debug][gc,phases      ] GC(68)   StringTable Weak               Min:  0.0, Avg:  0.1, Max:  0.2, Diff:  0.2, Sum:  0.4, Workers: 4
[897.986s][debug][gc,phases      ] GC(68)     Dead                           Min: 0, Avg:  0.0, Max: 0, Diff: 0, Sum: 0, Workers: 4
[897.986s][debug][gc,phases      ] GC(68)     Total                          Min: 0, Avg: 10811.2, Max: 18670, Diff: 18670, Sum: 43245, Workers: 4
[897.986s][debug][gc,phases      ] GC(68)   ResolvedMethodTable Weak       Min:  0.0, Avg:  0.0, Max:  0.0, Diff:  0.0, Sum:  0.1, Workers: 4
[897.986s][debug][gc,phases      ] GC(68)     Dead                           Min: 0, Avg:  0.0, Max: 0, Diff: 0, Sum: 0, Workers: 4
[897.986s][debug][gc,phases      ] GC(68)     Total                          Min: 0, Avg: 2378.2, Max: 4905, Diff: 4905, Sum: 9513, Workers: 4
[897.986s][debug][gc,phases      ] GC(68)   JNI Weak                       Min:  0.0, Avg:  0.0, Max:  0.0, Diff:  0.0, Sum:  0.0, Workers: 4
[897.986s][debug][gc,phases      ] GC(68)     Dead                           Min: 0, Avg:  0.0, Max: 0, Diff: 0, Sum: 0, Workers: 4
[897.986s][debug][gc,phases      ] GC(68)     Total                          Min: 0, Avg: 11.2, Max: 45, Diff: 45, Sum: 45, Workers: 4
[897.986s][debug][gc,phases      ] GC(68)   StringDedup Table Weak         Min:  0.0, Avg:  0.0, Max:  0.0, Diff:  0.0, Sum:  0.0, Workers: 4
[897.986s][debug][gc,phases      ] GC(68)     Dead                           Min: 0, Avg:  0.0, Max: 0, Diff: 0, Sum: 0, Workers: 4
[897.986s][debug][gc,phases      ] GC(68)     Total                          Min: 0, Avg:  0.0, Max: 0, Diff: 0, Sum: 0, Workers: 4
[897.986s][debug][gc,phases      ] GC(68)   StringDedup Requests0 Weak     Min:  0.0, Avg:  0.0, Max:  0.0, Diff:  0.0, Sum:  0.0, Workers: 4
[897.986s][debug][gc,phases      ] GC(68)     Dead                           Min: 0, Avg:  0.0, Max: 0, Diff: 0, Sum: 0, Workers: 4
[897.986s][debug][gc,phases      ] GC(68)     Total                          Min: 0, Avg:  0.0, Max: 0, Diff: 0, Sum: 0, Workers: 4
[897.986s][debug][gc,phases      ] GC(68)   StringDedup Requests1 Weak     Min:  0.0, Avg:  0.0, Max:  0.0, Diff:  0.0, Sum:  0.0, Workers: 4
[897.986s][debug][gc,phases      ] GC(68)     Dead                           Min: 0, Avg:  0.0, Max: 0, Diff: 0, Sum: 0, Workers: 4
[897.986s][debug][gc,phases      ] GC(68)     Total                          Min: 0, Avg:  0.0, Max: 0, Diff: 0, Sum: 0, Workers: 4
[897.986s][debug][gc,phases      ] GC(68)   Weak JFR Old Object Samples    Min:  0.0, Avg:  0.0, Max:  0.0, Diff:  0.0, Sum:  0.0, Workers: 4
[897.986s][debug][gc,phases      ] GC(68)     Dead                           Min: 0, Avg:  0.0, Max: 0, Diff: 0, Sum: 0, Workers: 4
[897.986s][debug][gc,phases      ] GC(68)     Total                          Min: 0, Avg:  0.0, Max: 0, Diff: 0, Sum: 0, Workers: 4
[897.986s][debug][gc,phases      ] GC(68) Weak Processing 0.342ms
[897.986s][debug][gc,age         ] GC(68) Desired survivor size 93323264 bytes, new threshold 15 (max threshold 15)
[897.986s][info ][gc,heap        ] GC(68) PSYoungGen: 1983369K(2004480K)->59219K(1983488K) Eden: 1924096K(1924096K)->0K(1924096K) From: 59273K(80384K)->59219K(59392K)
[897.986s][info ][gc,heap        ] GC(68) ParOldGen: 248376K(343552K)->248384K(343552K)
[897.986s][info ][gc,metaspace   ] GC(68) Metaspace: 81510K(82368K)->81510K(82368K) NonClass: 69610K(70080K)->69610K(70080K) Class: 11900K(12288K)->11900K(12288K)
[897.986s][info ][gc             ] GC(68) Pause Young (Allocation Failure) 2179M->300M(2272M) 17.926ms
[897.986s][info ][gc,cpu         ] GC(68) User=0.06s Sys=0.00s Real=0.01s
[897.986s][info ][safepoint      ] Safepoint "ParallelGCFailedAllocation", Time since last: 36406487 ns, Reaching safepoint: 4200 ns, Cleanup: 19100 ns, At safepoint: 18014493 ns, Total: 18037793 ns
[898.986s][info ][safepoint      ] Safepoint "Cleanup", Time since last: 1000078044 ns, Reaching safepoint: 5000 ns, Cleanup: 25800 ns, At safepoint: 2000 ns, Total: 32800 ns
[899.987s][info ][safepoint      ] Safepoint "Cleanup", Time since last: 1000082902 ns, Reaching safepoint: 4900 ns, Cleanup: 29500 ns, At safepoint: 2100 ns, Total: 36500 ns
[901.253s][info ][safepoint      ] Safepoint "Cleanup", Time since last: 1266374147 ns, Reaching safepoint: 4100 ns, Cleanup: 41700 ns, At safepoint: 3200 ns, Total: 49000 ns
[902.253s][info ][safepoint      ] Safepoint "Cleanup", Time since last: 1000101922 ns, Reaching safepoint: 4300 ns, Cleanup: 36200 ns, At safepoint: 12100 ns, Total: 52600 ns
[903.253s][info ][safepoint      ] Safepoint "Cleanup", Time since last: 1000047322 ns, Reaching safepoint: 3700 ns, Cleanup: 28000 ns, At safepoint: 4300 ns, Total: 36000 ns
[905.253s][info ][safepoint      ] Safepoint "Cleanup", Time since last: 2000165443 ns, Reaching safepoint: 5000 ns, Cleanup: 27600 ns, At safepoint: 2200 ns, Total: 34800 ns
[906.254s][info ][safepoint      ] Safepoint "Cleanup", Time since last: 1000102921 ns, Reaching safepoint: 4400 ns, Cleanup: 70200 ns, At safepoint: 4500 ns, Total: 79100 ns
[907.254s][info ][safepoint      ] Safepoint "Cleanup", Time since last: 1000097969 ns, Reaching safepoint: 4000 ns, Cleanup: 50200 ns, At safepoint: 2200 ns, Total: 56400 ns
[908.011s][info ][gc,start       ] GC(69) Pause Young (Allocation Failure)
[908.033s][debug][gc,phases      ] GC(69) Scavenge 21.808ms
[908.033s][debug][gc,ref         ] GC(69) Skipped phase 1 of Reference Processing: no references
[908.033s][debug][gc,ref         ] GC(69) ReferenceProcessor::execute queues: 1, RefProcThreadModel::Single, marks_oops_alive: false
[908.033s][debug][gc,ref         ] GC(69) Skipped phase 3 of Reference Processing: no references
[908.033s][debug][gc,ref         ] GC(69) ReferenceProcessor::execute queues: 1, RefProcThreadModel::Single, marks_oops_alive: false
[908.033s][debug][gc,phases      ] GC(69) Reference Processing 0.103ms
[908.033s][debug][gc,phases      ] GC(69)   VM Weak                        Min:  0.0, Avg:  0.0, Max:  0.0, Diff:  0.0, Sum:  0.0, Workers: 4
[908.033s][debug][gc,phases      ] GC(69)     Dead                           Min: 0, Avg:  0.0, Max: 0, Diff: 0, Sum: 0, Workers: 4
[908.033s][debug][gc,phases      ] GC(69)     Total                          Min: 0, Avg: 177.2, Max: 704, Diff: 704, Sum: 709, Workers: 4
[908.033s][debug][gc,phases      ] GC(69)   ObjectSynchronizer Weak        Min:  0.0, Avg:  0.0, Max:  0.0, Diff:  0.0, Sum:  0.0, Workers: 4
[908.033s][debug][gc,phases      ] GC(69)     Dead                           Min: 0, Avg:  0.0, Max: 0, Diff: 0, Sum: 0, Workers: 4
[908.033s][debug][gc,phases      ] GC(69)     Total                          Min: 0, Avg:  1.2, Max: 5, Diff: 5, Sum: 5, Workers: 4
[908.033s][debug][gc,phases      ] GC(69)   JVMTI Tag Weak OopStorage      Min:  0.0, Avg:  0.0, Max:  0.0, Diff:  0.0, Sum:  0.0, Workers: 4
[908.033s][debug][gc,phases      ] GC(69)     Dead                           Min: 0, Avg:  0.0, Max: 0, Diff: 0, Sum: 0, Workers: 4
[908.033s][debug][gc,phases      ] GC(69)     Total                          Min: 0, Avg:  0.0, Max: 0, Diff: 0, Sum: 0, Workers: 4
[908.033s][debug][gc,phases      ] GC(69)   StringTable Weak               Min:  0.0, Avg:  0.1, Max:  0.1, Diff:  0.1, Sum:  0.4, Workers: 4
[908.033s][debug][gc,phases      ] GC(69)     Dead                           Min: 0, Avg:  0.0, Max: 0, Diff: 0, Sum: 0, Workers: 4
[908.033s][debug][gc,phases      ] GC(69)     Total                          Min: 0, Avg: 10814.8, Max: 18431, Diff: 18431, Sum: 43259, Workers: 4
[908.033s][debug][gc,phases      ] GC(69)   ResolvedMethodTable Weak       Min:  0.0, Avg:  0.0, Max:  0.0, Diff:  0.0, Sum:  0.1, Workers: 4
[908.033s][debug][gc,phases      ] GC(69)     Dead                           Min: 0, Avg:  0.0, Max: 0, Diff: 0, Sum: 0, Workers: 4
[908.033s][debug][gc,phases      ] GC(69)     Total                          Min: 0, Avg: 2378.8, Max: 4032, Diff: 4032, Sum: 9515, Workers: 4
[908.033s][debug][gc,phases      ] GC(69)   JNI Weak                       Min:  0.0, Avg:  0.0, Max:  0.0, Diff:  0.0, Sum:  0.0, Workers: 4
[908.033s][debug][gc,phases      ] GC(69)     Dead                           Min: 0, Avg:  0.0, Max: 0, Diff: 0, Sum: 0, Workers: 4
[908.033s][debug][gc,phases      ] GC(69)     Total                          Min: 0, Avg: 11.2, Max: 45, Diff: 45, Sum: 45, Workers: 4
[908.033s][debug][gc,phases      ] GC(69)   StringDedup Table Weak         Min:  0.0, Avg:  0.0, Max:  0.0, Diff:  0.0, Sum:  0.0, Workers: 4
[908.033s][debug][gc,phases      ] GC(69)     Dead                           Min: 0, Avg:  0.0, Max: 0, Diff: 0, Sum: 0, Workers: 4
[908.033s][debug][gc,phases      ] GC(69)     Total                          Min: 0, Avg:  0.0, Max: 0, Diff: 0, Sum: 0, Workers: 4
[908.033s][debug][gc,phases      ] GC(69)   StringDedup Requests0 Weak     Min:  0.0, Avg:  0.0, Max:  0.0, Diff:  0.0, Sum:  0.0, Workers: 4
[908.033s][debug][gc,phases      ] GC(69)     Dead                           Min: 0, Avg:  0.0, Max: 0, Diff: 0, Sum: 0, Workers: 4
[908.033s][debug][gc,phases      ] GC(69)     Total                          Min: 0, Avg:  0.0, Max: 0, Diff: 0, Sum: 0, Workers: 4
[908.033s][debug][gc,phases      ] GC(69)   StringDedup Requests1 Weak     Min:  0.0, Avg:  0.0, Max:  0.0, Diff:  0.0, Sum:  0.0, Workers: 4
[908.033s][debug][gc,phases      ] GC(69)     Dead                           Min: 0, Avg:  0.0, Max: 0, Diff: 0, Sum: 0, Workers: 4
[908.033s][debug][gc,phases      ] GC(69)     Total                          Min: 0, Avg:  0.0, Max: 0, Diff: 0, Sum: 0, Workers: 4
[908.033s][debug][gc,phases      ] GC(69)   Weak JFR Old Object Samples    Min:  0.0, Avg:  0.0, Max:  0.0, Diff:  0.0, Sum:  0.0, Workers: 4
[908.033s][debug][gc,phases      ] GC(69)     Dead                           Min: 0, Avg:  0.0, Max: 0, Diff: 0, Sum: 0, Workers: 4
[908.033s][debug][gc,phases      ] GC(69)     Total                          Min: 0, Avg:  0.0, Max: 0, Diff: 0, Sum: 0, Workers: 4
[908.033s][debug][gc,phases      ] GC(69) Weak Processing 0.328ms
[908.033s][debug][gc,age         ] GC(69) Desired survivor size 87556096 bytes, new threshold 15 (max threshold 15)
[908.033s][info ][gc,heap        ] GC(69) PSYoungGen: 1983315K(1983488K)->35334K(2011648K) Eden: 1924096K(1924096K)->0K(1920512K) From: 59219K(59392K)->35334K(91136K)
[908.033s][info ][gc,heap        ] GC(69) ParOldGen: 248384K(343552K)->273100K(343552K)
[908.033s][info ][gc,metaspace   ] GC(69) Metaspace: 81545K(82432K)->81545K(82432K) NonClass: 69644K(70144K)->69644K(70144K) Class: 11900K(12288K)->11900K(12288K)
[908.033s][info ][gc             ] GC(69) Pause Young (Allocation Failure) 2179M->301M(2300M) 22.374ms
[908.033s][info ][gc,cpu         ] GC(69) User=0.07s Sys=0.00s Real=0.02s
[908.033s][info ][safepoint      ] Safepoint "ParallelGCFailedAllocation", Time since last: 757115760 ns, Reaching safepoint: 5800 ns, Cleanup: 47900 ns, At safepoint: 22458890 ns, Total: 22512590 ns
[909.033s][info ][safepoint      ] Safepoint "Cleanup", Time since last: 1000096951 ns, Reaching safepoint: 4800 ns, Cleanup: 22200 ns, At safepoint: 2700 ns, Total: 29700 ns
[910.034s][info ][safepoint      ] Safepoint "Cleanup", Time since last: 1000100351 ns, Reaching safepoint: 4000 ns, Cleanup: 68000 ns, At safepoint: 4800 ns, Total: 76800 ns
[911.034s][info ][safepoint      ] Safepoint "Cleanup", Time since last: 1000099551 ns, Reaching safepoint: 4800 ns, Cleanup: 53300 ns, At safepoint: 2600 ns, Total: 60700 ns
[912.034s][info ][safepoint      ] Safepoint "Cleanup", Time since last: 1000095350 ns, Reaching safepoint: 4300 ns, Cleanup: 97600 ns, At safepoint: 4800 ns, Total: 106700 ns
[913.034s][info ][safepoint      ] Safepoint "Cleanup", Time since last: 1000091151 ns, Reaching safepoint: 5400 ns, Cleanup: 52000 ns, At safepoint: 5600 ns, Total: 63000 ns
[914.034s][info ][safepoint      ] Safepoint "Cleanup", Time since last: 1000110451 ns, Reaching safepoint: 4300 ns, Cleanup: 55000 ns, At safepoint: 2100 ns, Total: 61400 ns
[915.034s][info ][safepoint      ] Safepoint "Cleanup", Time since last: 1000069651 ns, Reaching safepoint: 4200 ns, Cleanup: 41700 ns, At safepoint: 2200 ns, Total: 48100 ns
[916.035s][info ][safepoint      ] Safepoint "Cleanup", Time since last: 1000100619 ns, Reaching safepoint: 61900 ns, Cleanup: 39600 ns, At safepoint: 8000 ns, Total: 109500 ns
[917.035s][info ][safepoint      ] Safepoint "Cleanup", Time since last: 1000099719 ns, Reaching safepoint: 4200 ns, Cleanup: 48300 ns, At safepoint: 3500 ns, Total: 56000 ns
[917.667s][info ][gc,start       ] GC(70) Pause Young (Allocation Failure)
[917.679s][debug][gc,phases      ] GC(70) Scavenge 12.612ms
[917.679s][debug][gc,ref         ] GC(70) Skipped phase 1 of Reference Processing: no references
[917.679s][debug][gc,ref         ] GC(70) ReferenceProcessor::execute queues: 1, RefProcThreadModel::Single, marks_oops_alive: false
[917.679s][debug][gc,ref         ] GC(70) Skipped phase 3 of Reference Processing: no references
[917.679s][debug][gc,ref         ] GC(70) ReferenceProcessor::execute queues: 1, RefProcThreadModel::Single, marks_oops_alive: false
[917.679s][debug][gc,phases      ] GC(70) Reference Processing 0.108ms
[917.680s][debug][gc,phases      ] GC(70)   VM Weak                        Min:  0.0, Avg:  0.0, Max:  0.0, Diff:  0.0, Sum:  0.0, Workers: 4
[917.680s][debug][gc,phases      ] GC(70)     Dead                           Min: 0, Avg:  0.0, Max: 0, Diff: 0, Sum: 0, Workers: 4
[917.680s][debug][gc,phases      ] GC(70)     Total                          Min: 0, Avg: 177.2, Max: 576, Diff: 576, Sum: 709, Workers: 4
[917.680s][debug][gc,phases      ] GC(70)   ObjectSynchronizer Weak        Min:  0.0, Avg:  0.0, Max:  0.0, Diff:  0.0, Sum:  0.0, Workers: 4
[917.680s][debug][gc,phases      ] GC(70)     Dead                           Min: 0, Avg:  0.0, Max: 0, Diff: 0, Sum: 0, Workers: 4
[917.680s][debug][gc,phases      ] GC(70)     Total                          Min: 0, Avg:  1.2, Max: 5, Diff: 5, Sum: 5, Workers: 4
[917.680s][debug][gc,phases      ] GC(70)   JVMTI Tag Weak OopStorage      Min:  0.0, Avg:  0.0, Max:  0.0, Diff:  0.0, Sum:  0.0, Workers: 4
[917.680s][debug][gc,phases      ] GC(70)     Dead                           Min: 0, Avg:  0.0, Max: 0, Diff: 0, Sum: 0, Workers: 4
[917.680s][debug][gc,phases      ] GC(70)     Total                          Min: 0, Avg:  0.0, Max: 0, Diff: 0, Sum: 0, Workers: 4
[917.680s][debug][gc,phases      ] GC(70)   StringTable Weak               Min:  0.0, Avg:  0.1, Max:  0.1, Diff:  0.1, Sum:  0.4, Workers: 4
[917.680s][debug][gc,phases      ] GC(70)     Dead                           Min: 0, Avg:  0.0, Max: 0, Diff: 0, Sum: 0, Workers: 4
[917.680s][debug][gc,phases      ] GC(70)     Total                          Min: 0, Avg: 10831.8, Max: 17472, Diff: 17472, Sum: 43327, Workers: 4
[917.680s][debug][gc,phases      ] GC(70)   ResolvedMethodTable Weak       Min:  0.0, Avg:  0.0, Max:  0.0, Diff:  0.0, Sum:  0.1, Workers: 4
[917.680s][debug][gc,phases      ] GC(70)     Dead                           Min: 0, Avg:  4.5, Max: 17, Diff: 17, Sum: 18, Workers: 4
[917.680s][debug][gc,phases      ] GC(70)     Total                          Min: 0, Avg: 2383.5, Max: 3584, Diff: 3584, Sum: 9534, Workers: 4
[917.680s][debug][gc,phases      ] GC(70)   JNI Weak                       Min:  0.0, Avg:  0.0, Max:  0.0, Diff:  0.0, Sum:  0.0, Workers: 4
[917.680s][debug][gc,phases      ] GC(70)     Dead                           Min: 0, Avg:  0.0, Max: 0, Diff: 0, Sum: 0, Workers: 4
[917.680s][debug][gc,phases      ] GC(70)     Total                          Min: 0, Avg: 11.2, Max: 45, Diff: 45, Sum: 45, Workers: 4
[917.680s][debug][gc,phases      ] GC(70)   StringDedup Table Weak         Min:  0.0, Avg:  0.0, Max:  0.0, Diff:  0.0, Sum:  0.0, Workers: 4
[917.680s][debug][gc,phases      ] GC(70)     Dead                           Min: 0, Avg:  0.0, Max: 0, Diff: 0, Sum: 0, Workers: 4
[917.680s][debug][gc,phases      ] GC(70)     Total                          Min: 0, Avg:  0.0, Max: 0, Diff: 0, Sum: 0, Workers: 4
[917.680s][debug][gc,phases      ] GC(70)   StringDedup Requests0 Weak     Min:  0.0, Avg:  0.0, Max:  0.0, Diff:  0.0, Sum:  0.0, Workers: 4
[917.680s][debug][gc,phases      ] GC(70)     Dead                           Min: 0, Avg:  0.0, Max: 0, Diff: 0, Sum: 0, Workers: 4
[917.680s][debug][gc,phases      ] GC(70)     Total                          Min: 0, Avg:  0.0, Max: 0, Diff: 0, Sum: 0, Workers: 4
[917.680s][debug][gc,phases      ] GC(70)   StringDedup Requests1 Weak     Min:  0.0, Avg:  0.0, Max:  0.0, Diff:  0.0, Sum:  0.0, Workers: 4
[917.680s][debug][gc,phases      ] GC(70)     Dead                           Min: 0, Avg:  0.0, Max: 0, Diff: 0, Sum: 0, Workers: 4
[917.680s][debug][gc,phases      ] GC(70)     Total                          Min: 0, Avg:  0.0, Max: 0, Diff: 0, Sum: 0, Workers: 4
[917.680s][debug][gc,phases      ] GC(70)   Weak JFR Old Object Samples    Min:  0.0, Avg:  0.0, Max:  0.0, Diff:  0.0, Sum:  0.0, Workers: 4
[917.680s][debug][gc,phases      ] GC(70)     Dead                           Min: 0, Avg:  0.0, Max: 0, Diff: 0, Sum: 0, Workers: 4
[917.680s][debug][gc,phases      ] GC(70)     Total                          Min: 0, Avg:  0.0, Max: 0, Diff: 0, Sum: 0, Workers: 4
[917.680s][debug][gc,phases      ] GC(70) Weak Processing 0.342ms
[917.680s][debug][gc,age         ] GC(70) Desired survivor size 82313216 bytes, new threshold 15 (max threshold 15)
[917.680s][info ][gc,heap        ] GC(70) PSYoungGen: 1955846K(2011648K)->35062K(2006016K) Eden: 1920512K(1920512K)->0K(1920512K) From: 35334K(91136K)->35062K(85504K)
[917.680s][info ][gc,heap        ] GC(70) ParOldGen: 273100K(343552K)->273356K(343552K)
[917.680s][info ][gc,metaspace   ] GC(70) Metaspace: 81639K(82496K)->81639K(82496K) NonClass: 69731K(70208K)->69731K(70208K) Class: 11907K(12288K)->11907K(12288K)
[917.680s][info ][gc             ] GC(70) Pause Young (Allocation Failure) 2176M->301M(2294M) 13.179ms
[917.680s][info ][gc,cpu         ] GC(70) User=0.04s Sys=0.00s Real=0.01s
[917.680s][info ][safepoint      ] Safepoint "ParallelGCFailedAllocation", Time since last: 631658613 ns, Reaching safepoint: 79800 ns, Cleanup: 42900 ns, At safepoint: 13256200 ns, Total: 13378900 ns
[918.680s][info ][safepoint      ] Safepoint "Cleanup", Time since last: 1000069719 ns, Reaching safepoint: 4600 ns, Cleanup: 58400 ns, At safepoint: 2800 ns, Total: 65800 ns
[919.982s][info ][safepoint      ] Safepoint "Cleanup", Time since last: 1301589625 ns, Reaching safepoint: 4600 ns, Cleanup: 78400 ns, At safepoint: 5300 ns, Total: 88300 ns
[920.982s][info ][safepoint      ] Safepoint "Cleanup", Time since last: 1000099920 ns, Reaching safepoint: 4300 ns, Cleanup: 35000 ns, At safepoint: 2200 ns, Total: 41500 ns
[921.982s][info ][safepoint      ] Safepoint "Cleanup", Time since last: 1000112991 ns, Reaching safepoint: 4500 ns, Cleanup: 45400 ns, At safepoint: 2200 ns, Total: 52100 ns
[922.982s][info ][safepoint      ] Safepoint "Cleanup", Time since last: 1000102585 ns, Reaching safepoint: 4100 ns, Cleanup: 50700 ns, At safepoint: 2800 ns, Total: 57600 ns
[923.982s][info ][safepoint      ] Safepoint "Cleanup", Time since last: 1000106528 ns, Reaching safepoint: 4700 ns, Cleanup: 40000 ns, At safepoint: 7300 ns, Total: 52000 ns
[925.982s][info ][safepoint      ] Safepoint "Cleanup", Time since last: 2000149276 ns, Reaching safepoint: 4500 ns, Cleanup: 32500 ns, At safepoint: 6100 ns, Total: 43100 ns
[926.983s][info ][safepoint      ] Safepoint "Cleanup", Time since last: 1000101325 ns, Reaching safepoint: 4000 ns, Cleanup: 49600 ns, At safepoint: 2200 ns, Total: 55800 ns
[927.613s][info ][gc,start       ] GC(71) Pause Young (Allocation Failure)
[927.629s][debug][gc,phases      ] GC(71) Scavenge 15.645ms
[927.629s][debug][gc,ref         ] GC(71) Skipped phase 1 of Reference Processing: no references
[927.629s][debug][gc,ref         ] GC(71) ReferenceProcessor::execute queues: 1, RefProcThreadModel::Single, marks_oops_alive: false
[927.629s][debug][gc,ref         ] GC(71) Skipped phase 3 of Reference Processing: no references
[927.629s][debug][gc,ref         ] GC(71) ReferenceProcessor::execute queues: 1, RefProcThreadModel::Single, marks_oops_alive: false
[927.629s][debug][gc,phases      ] GC(71) Reference Processing 0.097ms
[927.629s][debug][gc,phases      ] GC(71)   VM Weak                        Min:  0.0, Avg:  0.0, Max:  0.0, Diff:  0.0, Sum:  0.0, Workers: 4
[927.630s][debug][gc,phases      ] GC(71)     Dead                           Min: 0, Avg:  0.0, Max: 0, Diff: 0, Sum: 0, Workers: 4
[927.630s][debug][gc,phases      ] GC(71)     Total                          Min: 0, Avg: 177.2, Max: 448, Diff: 448, Sum: 709, Workers: 4
[927.630s][debug][gc,phases      ] GC(71)   ObjectSynchronizer Weak        Min:  0.0, Avg:  0.0, Max:  0.0, Diff:  0.0, Sum:  0.0, Workers: 4
[927.630s][debug][gc,phases      ] GC(71)     Dead                           Min: 0, Avg:  0.0, Max: 0, Diff: 0, Sum: 0, Workers: 4
[927.630s][debug][gc,phases      ] GC(71)     Total                          Min: 0, Avg:  1.2, Max: 5, Diff: 5, Sum: 5, Workers: 4
[927.630s][debug][gc,phases      ] GC(71)   JVMTI Tag Weak OopStorage      Min:  0.0, Avg:  0.0, Max:  0.0, Diff:  0.0, Sum:  0.0, Workers: 4
[927.630s][debug][gc,phases      ] GC(71)     Dead                           Min: 0, Avg:  0.0, Max: 0, Diff: 0, Sum: 0, Workers: 4
[927.630s][debug][gc,phases      ] GC(71)     Total                          Min: 0, Avg:  0.0, Max: 0, Diff: 0, Sum: 0, Workers: 4
[927.630s][debug][gc,phases      ] GC(71)   StringTable Weak               Min:  0.1, Avg:  0.1, Max:  0.1, Diff:  0.0, Sum:  0.5, Workers: 4
[927.630s][debug][gc,phases      ] GC(71)     Dead                           Min: 0, Avg:  0.2, Max: 1, Diff: 1, Sum: 1, Workers: 4
[927.630s][debug][gc,phases      ] GC(71)     Total                          Min: 9280, Avg: 10835.0, Max: 11776, Diff: 2496, Sum: 43340, Workers: 4
[927.630s][debug][gc,phases      ] GC(71)   ResolvedMethodTable Weak       Min:  0.0, Avg:  0.0, Max:  0.0, Diff:  0.0, Sum:  0.1, Workers: 4
[927.630s][debug][gc,phases      ] GC(71)     Dead                           Min: 0, Avg:  0.0, Max: 0, Diff: 0, Sum: 0, Workers: 4
[927.630s][debug][gc,phases      ] GC(71)     Total                          Min: 2368, Avg: 2384.8, Max: 2435, Diff: 67, Sum: 9539, Workers: 4
[927.630s][debug][gc,phases      ] GC(71)   JNI Weak                       Min:  0.0, Avg:  0.0, Max:  0.0, Diff:  0.0, Sum:  0.0, Workers: 4
[927.630s][debug][gc,phases      ] GC(71)     Dead                           Min: 0, Avg:  0.0, Max: 0, Diff: 0, Sum: 0, Workers: 4
[927.630s][debug][gc,phases      ] GC(71)     Total                          Min: 0, Avg: 11.2, Max: 45, Diff: 45, Sum: 45, Workers: 4
[927.630s][debug][gc,phases      ] GC(71)   StringDedup Table Weak         Min:  0.0, Avg:  0.0, Max:  0.0, Diff:  0.0, Sum:  0.0, Workers: 4
[927.630s][debug][gc,phases      ] GC(71)     Dead                           Min: 0, Avg:  0.0, Max: 0, Diff: 0, Sum: 0, Workers: 4
[927.630s][debug][gc,phases      ] GC(71)     Total                          Min: 0, Avg:  0.0, Max: 0, Diff: 0, Sum: 0, Workers: 4
[927.630s][debug][gc,phases      ] GC(71)   StringDedup Requests0 Weak     Min:  0.0, Avg:  0.0, Max:  0.0, Diff:  0.0, Sum:  0.0, Workers: 4
[927.630s][debug][gc,phases      ] GC(71)     Dead                           Min: 0, Avg:  0.0, Max: 0, Diff: 0, Sum: 0, Workers: 4
[927.630s][debug][gc,phases      ] GC(71)     Total                          Min: 0, Avg:  0.0, Max: 0, Diff: 0, Sum: 0, Workers: 4
[927.630s][debug][gc,phases      ] GC(71)   StringDedup Requests1 Weak     Min:  0.0, Avg:  0.0, Max:  0.0, Diff:  0.0, Sum:  0.0, Workers: 4
[927.630s][debug][gc,phases      ] GC(71)     Dead                           Min: 0, Avg:  0.0, Max: 0, Diff: 0, Sum: 0, Workers: 4
[927.630s][debug][gc,phases      ] GC(71)     Total                          Min: 0, Avg:  0.0, Max: 0, Diff: 0, Sum: 0, Workers: 4
[927.630s][debug][gc,phases      ] GC(71)   Weak JFR Old Object Samples    Min:  0.0, Avg:  0.0, Max:  0.0, Diff:  0.0, Sum:  0.0, Workers: 4
[927.630s][debug][gc,phases      ] GC(71)     Dead                           Min: 0, Avg:  0.0, Max: 0, Diff: 0, Sum: 0, Workers: 4
[927.630s][debug][gc,phases      ] GC(71)     Total                          Min: 0, Avg:  0.0, Max: 0, Diff: 0, Sum: 0, Workers: 4
[927.630s][debug][gc,phases      ] GC(71) Weak Processing 0.334ms
[927.630s][debug][gc,age         ] GC(71) Desired survivor size 77594624 bytes, new threshold 15 (max threshold 15)
[927.630s][info ][gc,heap        ] GC(71) PSYoungGen: 1955574K(2006016K)->35020K(2021376K) Eden: 1920512K(1920512K)->0K(1940992K) From: 35062K(85504K)->35020K(80384K)
[927.630s][info ][gc,heap        ] GC(71) ParOldGen: 273356K(343552K)->273380K(343552K)
[927.630s][info ][gc,metaspace   ] GC(71) Metaspace: 81726K(82560K)->81726K(82560K) NonClass: 69814K(70272K)->69814K(70272K) Class: 11911K(12288K)->11911K(12288K)
[927.630s][info ][gc             ] GC(71) Pause Young (Allocation Failure) 2176M->301M(2309M) 16.197ms
[927.630s][info ][gc,cpu         ] GC(71) User=0.04s Sys=0.00s Real=0.02s
[927.630s][info ][safepoint      ] Safepoint "ParallelGCFailedAllocation", Time since last: 630781763 ns, Reaching safepoint: 5500 ns, Cleanup: 38100 ns, At safepoint: 16271594 ns, Total: 16315194 ns
[928.630s][info ][safepoint      ] Safepoint "Cleanup", Time since last: 1000082125 ns, Reaching safepoint: 4300 ns, Cleanup: 36700 ns, At safepoint: 2600 ns, Total: 43600 ns
[929.630s][info ][safepoint      ] Safepoint "Cleanup", Time since last: 1000102425 ns, Reaching safepoint: 4200 ns, Cleanup: 54800 ns, At safepoint: 2500 ns, Total: 61500 ns
[930.630s][info ][safepoint      ] Safepoint "Cleanup", Time since last: 1000099125 ns, Reaching safepoint: 5000 ns, Cleanup: 39100 ns, At safepoint: 2500 ns, Total: 46600 ns
[931.630s][info ][safepoint      ] Safepoint "Cleanup", Time since last: 1000097164 ns, Reaching safepoint: 4300 ns, Cleanup: 33400 ns, At safepoint: 12500 ns, Total: 50200 ns
[932.630s][info ][safepoint      ] Safepoint "Cleanup", Time since last: 1000109432 ns, Reaching safepoint: 4100 ns, Cleanup: 39700 ns, At safepoint: 2200 ns, Total: 46000 ns
[933.631s][info ][safepoint      ] Safepoint "Cleanup", Time since last: 1000096432 ns, Reaching safepoint: 4900 ns, Cleanup: 76000 ns, At safepoint: 6500 ns, Total: 87400 ns
[934.631s][info ][safepoint      ] Safepoint "Cleanup", Time since last: 1000082032 ns, Reaching safepoint: 4800 ns, Cleanup: 35800 ns, At safepoint: 1900 ns, Total: 42500 ns
[935.631s][info ][safepoint      ] Safepoint "Cleanup", Time since last: 1000121032 ns, Reaching safepoint: 5200 ns, Cleanup: 37300 ns, At safepoint: 2500 ns, Total: 45000 ns
[936.631s][info ][safepoint      ] Safepoint "Cleanup", Time since last: 1000111332 ns, Reaching safepoint: 4800 ns, Cleanup: 36800 ns, At safepoint: 3700 ns, Total: 45300 ns
[937.320s][info ][gc,start       ] GC(72) Pause Young (Allocation Failure)
[937.333s][debug][gc,phases      ] GC(72) Scavenge 13.322ms
[937.333s][debug][gc,ref         ] GC(72) Skipped phase 1 of Reference Processing: no references
[937.334s][debug][gc,ref         ] GC(72) ReferenceProcessor::execute queues: 1, RefProcThreadModel::Single, marks_oops_alive: false
[937.334s][debug][gc,ref         ] GC(72) Skipped phase 3 of Reference Processing: no references
[937.334s][debug][gc,ref         ] GC(72) ReferenceProcessor::execute queues: 1, RefProcThreadModel::Single, marks_oops_alive: false
[937.334s][debug][gc,phases      ] GC(72) Reference Processing 0.112ms
[937.334s][debug][gc,phases      ] GC(72)   VM Weak                        Min:  0.0, Avg:  0.0, Max:  0.0, Diff:  0.0, Sum:  0.0, Workers: 4
[937.334s][debug][gc,phases      ] GC(72)     Dead                           Min: 0, Avg:  0.0, Max: 0, Diff: 0, Sum: 0, Workers: 4
[937.334s][debug][gc,phases      ] GC(72)     Total                          Min: 0, Avg: 177.2, Max: 640, Diff: 640, Sum: 709, Workers: 4
[937.334s][debug][gc,phases      ] GC(72)   ObjectSynchronizer Weak        Min:  0.0, Avg:  0.0, Max:  0.0, Diff:  0.0, Sum:  0.0, Workers: 4
[937.334s][debug][gc,phases      ] GC(72)     Dead                           Min: 0, Avg:  0.0, Max: 0, Diff: 0, Sum: 0, Workers: 4
[937.334s][debug][gc,phases      ] GC(72)     Total                          Min: 0, Avg:  1.2, Max: 5, Diff: 5, Sum: 5, Workers: 4
[937.334s][debug][gc,phases      ] GC(72)   JVMTI Tag Weak OopStorage      Min:  0.0, Avg:  0.0, Max:  0.0, Diff:  0.0, Sum:  0.0, Workers: 4
[937.334s][debug][gc,phases      ] GC(72)     Dead                           Min: 0, Avg:  0.0, Max: 0, Diff: 0, Sum: 0, Workers: 4
[937.334s][debug][gc,phases      ] GC(72)     Total                          Min: 0, Avg:  0.0, Max: 0, Diff: 0, Sum: 0, Workers: 4
[937.334s][debug][gc,phases      ] GC(72)   StringTable Weak               Min:  0.0, Avg:  0.1, Max:  0.1, Diff:  0.1, Sum:  0.4, Workers: 4
[937.334s][debug][gc,phases      ] GC(72)     Dead                           Min: 0, Avg:  0.0, Max: 0, Diff: 0, Sum: 0, Workers: 4
[937.334s][debug][gc,phases      ] GC(72)     Total                          Min: 0, Avg: 10837.2, Max: 17110, Diff: 17110, Sum: 43349, Workers: 4
[937.334s][debug][gc,phases      ] GC(72)   ResolvedMethodTable Weak       Min:  0.0, Avg:  0.0, Max:  0.0, Diff:  0.0, Sum:  0.1, Workers: 4
[937.334s][debug][gc,phases      ] GC(72)     Dead                           Min: 0, Avg:  0.0, Max: 0, Diff: 0, Sum: 0, Workers: 4
[937.334s][debug][gc,phases      ] GC(72)     Total                          Min: 0, Avg: 2384.8, Max: 3523, Diff: 3523, Sum: 9539, Workers: 4
[937.334s][debug][gc,phases      ] GC(72)   JNI Weak                       Min:  0.0, Avg:  0.0, Max:  0.0, Diff:  0.0, Sum:  0.0, Workers: 4
[937.334s][debug][gc,phases      ] GC(72)     Dead                           Min: 0, Avg:  0.0, Max: 0, Diff: 0, Sum: 0, Workers: 4
[937.334s][debug][gc,phases      ] GC(72)     Total                          Min: 0, Avg: 11.2, Max: 45, Diff: 45, Sum: 45, Workers: 4
[937.334s][debug][gc,phases      ] GC(72)   StringDedup Table Weak         Min:  0.0, Avg:  0.0, Max:  0.0, Diff:  0.0, Sum:  0.0, Workers: 4
[937.334s][debug][gc,phases      ] GC(72)     Dead                           Min: 0, Avg:  0.0, Max: 0, Diff: 0, Sum: 0, Workers: 4
[937.334s][debug][gc,phases      ] GC(72)     Total                          Min: 0, Avg:  0.0, Max: 0, Diff: 0, Sum: 0, Workers: 4
[937.334s][debug][gc,phases      ] GC(72)   StringDedup Requests0 Weak     Min:  0.0, Avg:  0.0, Max:  0.0, Diff:  0.0, Sum:  0.0, Workers: 4
[937.334s][debug][gc,phases      ] GC(72)     Dead                           Min: 0, Avg:  0.0, Max: 0, Diff: 0, Sum: 0, Workers: 4
[937.334s][debug][gc,phases      ] GC(72)     Total                          Min: 0, Avg:  0.0, Max: 0, Diff: 0, Sum: 0, Workers: 4
[937.334s][debug][gc,phases      ] GC(72)   StringDedup Requests1 Weak     Min:  0.0, Avg:  0.0, Max:  0.0, Diff:  0.0, Sum:  0.0, Workers: 4
[937.334s][debug][gc,phases      ] GC(72)     Dead                           Min: 0, Avg:  0.0, Max: 0, Diff: 0, Sum: 0, Workers: 4
[937.334s][debug][gc,phases      ] GC(72)     Total                          Min: 0, Avg:  0.0, Max: 0, Diff: 0, Sum: 0, Workers: 4
[937.334s][debug][gc,phases      ] GC(72)   Weak JFR Old Object Samples    Min:  0.0, Avg:  0.0, Max:  0.0, Diff:  0.0, Sum:  0.0, Workers: 4
[937.334s][debug][gc,phases      ] GC(72)     Dead                           Min: 0, Avg:  0.0, Max: 0, Diff: 0, Sum: 0, Workers: 4
[937.334s][debug][gc,phases      ] GC(72)     Total                          Min: 0, Avg:  0.0, Max: 0, Diff: 0, Sum: 0, Workers: 4
[937.334s][debug][gc,phases      ] GC(72) Weak Processing 0.344ms
[937.334s][debug][gc,age         ] GC(72) Desired survivor size 73400320 bytes, new threshold 15 (max threshold 15)
[937.334s][info ][gc,heap        ] GC(72) PSYoungGen: 1976012K(2021376K)->35116K(2016768K) Eden: 1940992K(1940992K)->0K(1940992K) From: 35020K(80384K)->35116K(75776K)
[937.334s][info ][gc,heap        ] GC(72) ParOldGen: 273380K(343552K)->273388K(343552K)
[937.334s][info ][gc,metaspace   ] GC(72) Metaspace: 81752K(82624K)->81752K(82624K) NonClass: 69840K(70336K)->69840K(70336K) Class: 11911K(12288K)->11911K(12288K)
[937.334s][info ][gc             ] GC(72) Pause Young (Allocation Failure) 2196M->301M(2305M) 13.890ms
[937.334s][info ][gc,cpu         ] GC(72) User=0.04s Sys=0.00s Real=0.01s
[937.334s][info ][safepoint      ] Safepoint "ParallelGCFailedAllocation", Time since last: 688814515 ns, Reaching safepoint: 73700 ns, Cleanup: 38900 ns, At safepoint: 13964297 ns, Total: 14076897 ns
[938.334s][info ][safepoint      ] Safepoint "Cleanup", Time since last: 1000035232 ns, Reaching safepoint: 4700 ns, Cleanup: 39200 ns, At safepoint: 2300 ns, Total: 46200 ns
[939.334s][info ][safepoint      ] Safepoint "Cleanup", Time since last: 1000099119 ns, Reaching safepoint: 4100 ns, Cleanup: 46500 ns, At safepoint: 6600 ns, Total: 57200 ns
[940.334s][info ][safepoint      ] Safepoint "Cleanup", Time since last: 1000105733 ns, Reaching safepoint: 3900 ns, Cleanup: 30700 ns, At safepoint: 2700 ns, Total: 37300 ns
[943.335s][info ][safepoint      ] Safepoint "Cleanup", Time since last: 3000227199 ns, Reaching safepoint: 5500 ns, Cleanup: 35300 ns, At safepoint: 2700 ns, Total: 43500 ns
[944.335s][info ][safepoint      ] Safepoint "Cleanup", Time since last: 1000106233 ns, Reaching safepoint: 3900 ns, Cleanup: 34100 ns, At safepoint: 3200 ns, Total: 41200 ns
[945.335s][info ][safepoint      ] Safepoint "Cleanup", Time since last: 1000078933 ns, Reaching safepoint: 4800 ns, Cleanup: 47899 ns, At safepoint: 2300 ns, Total: 54999 ns
[946.335s][info ][safepoint      ] Safepoint "Cleanup", Time since last: 1000095133 ns, Reaching safepoint: 3900 ns, Cleanup: 34000 ns, At safepoint: 2500 ns, Total: 40400 ns
[947.167s][info ][gc,start       ] GC(73) Pause Young (Allocation Failure)
[947.179s][debug][gc,phases      ] GC(73) Scavenge 12.308ms
[947.179s][debug][gc,ref         ] GC(73) Skipped phase 1 of Reference Processing: no references
[947.179s][debug][gc,ref         ] GC(73) ReferenceProcessor::execute queues: 1, RefProcThreadModel::Single, marks_oops_alive: false
[947.179s][debug][gc,ref         ] GC(73) Skipped phase 3 of Reference Processing: no references
[947.179s][debug][gc,ref         ] GC(73) ReferenceProcessor::execute queues: 1, RefProcThreadModel::Single, marks_oops_alive: false
[947.180s][debug][gc,phases      ] GC(73) Reference Processing 0.093ms
[947.180s][debug][gc,phases      ] GC(73)   VM Weak                        Min:  0.0, Avg:  0.0, Max:  0.0, Diff:  0.0, Sum:  0.0, Workers: 4
[947.180s][debug][gc,phases      ] GC(73)     Dead                           Min: 0, Avg:  0.0, Max: 0, Diff: 0, Sum: 0, Workers: 4
[947.180s][debug][gc,phases      ] GC(73)     Total                          Min: 0, Avg: 177.2, Max: 453, Diff: 453, Sum: 709, Workers: 4
[947.180s][debug][gc,phases      ] GC(73)   ObjectSynchronizer Weak        Min:  0.0, Avg:  0.0, Max:  0.0, Diff:  0.0, Sum:  0.0, Workers: 4
[947.180s][debug][gc,phases      ] GC(73)     Dead                           Min: 0, Avg:  0.0, Max: 0, Diff: 0, Sum: 0, Workers: 4
[947.180s][debug][gc,phases      ] GC(73)     Total                          Min: 0, Avg:  1.2, Max: 5, Diff: 5, Sum: 5, Workers: 4
[947.180s][debug][gc,phases      ] GC(73)   JVMTI Tag Weak OopStorage      Min:  0.0, Avg:  0.0, Max:  0.0, Diff:  0.0, Sum:  0.0, Workers: 4
[947.180s][debug][gc,phases      ] GC(73)     Dead                           Min: 0, Avg:  0.0, Max: 0, Diff: 0, Sum: 0, Workers: 4
[947.180s][debug][gc,phases      ] GC(73)     Total                          Min: 0, Avg:  0.0, Max: 0, Diff: 0, Sum: 0, Workers: 4
[947.180s][debug][gc,phases      ] GC(73)   StringTable Weak               Min:  0.0, Avg:  0.1, Max:  0.1, Diff:  0.1, Sum:  0.4, Workers: 4
[947.180s][debug][gc,phases      ] GC(73)     Dead                           Min: 0, Avg:  0.0, Max: 0, Diff: 0, Sum: 0, Workers: 4
[947.180s][debug][gc,phases      ] GC(73)     Total                          Min: 0, Avg: 10839.8, Max: 18208, Diff: 18208, Sum: 43359, Workers: 4
[947.180s][debug][gc,phases      ] GC(73)   ResolvedMethodTable Weak       Min:  0.0, Avg:  0.0, Max:  0.0, Diff:  0.0, Sum:  0.1, Workers: 4
[947.180s][debug][gc,phases      ] GC(73)     Dead                           Min: 0, Avg:  0.0, Max: 0, Diff: 0, Sum: 0, Workers: 4
[947.180s][debug][gc,phases      ] GC(73)     Total                          Min: 0, Avg: 2384.8, Max: 4032, Diff: 4032, Sum: 9539, Workers: 4
[947.180s][debug][gc,phases      ] GC(73)   JNI Weak                       Min:  0.0, Avg:  0.0, Max:  0.0, Diff:  0.0, Sum:  0.0, Workers: 4
[947.180s][debug][gc,phases      ] GC(73)     Dead                           Min: 0, Avg:  0.0, Max: 0, Diff: 0, Sum: 0, Workers: 4
[947.180s][debug][gc,phases      ] GC(73)     Total                          Min: 0, Avg: 11.2, Max: 45, Diff: 45, Sum: 45, Workers: 4
[947.180s][debug][gc,phases      ] GC(73)   StringDedup Table Weak         Min:  0.0, Avg:  0.0, Max:  0.0, Diff:  0.0, Sum:  0.0, Workers: 4
[947.180s][debug][gc,phases      ] GC(73)     Dead                           Min: 0, Avg:  0.0, Max: 0, Diff: 0, Sum: 0, Workers: 4
[947.180s][debug][gc,phases      ] GC(73)     Total                          Min: 0, Avg:  0.0, Max: 0, Diff: 0, Sum: 0, Workers: 4
[947.180s][debug][gc,phases      ] GC(73)   StringDedup Requests0 Weak     Min:  0.0, Avg:  0.0, Max:  0.0, Diff:  0.0, Sum:  0.0, Workers: 4
[947.180s][debug][gc,phases      ] GC(73)     Dead                           Min: 0, Avg:  0.0, Max: 0, Diff: 0, Sum: 0, Workers: 4
[947.180s][debug][gc,phases      ] GC(73)     Total                          Min: 0, Avg:  0.0, Max: 0, Diff: 0, Sum: 0, Workers: 4
[947.180s][debug][gc,phases      ] GC(73)   StringDedup Requests1 Weak     Min:  0.0, Avg:  0.0, Max:  0.0, Diff:  0.0, Sum:  0.0, Workers: 4
[947.180s][debug][gc,phases      ] GC(73)     Dead                           Min: 0, Avg:  0.0, Max: 0, Diff: 0, Sum: 0, Workers: 4
[947.180s][debug][gc,phases      ] GC(73)     Total                          Min: 0, Avg:  0.0, Max: 0, Diff: 0, Sum: 0, Workers: 4
[947.180s][debug][gc,phases      ] GC(73)   Weak JFR Old Object Samples    Min:  0.0, Avg:  0.0, Max:  0.0, Diff:  0.0, Sum:  0.0, Workers: 4
[947.180s][debug][gc,phases      ] GC(73)     Dead                           Min: 0, Avg:  0.0, Max: 0, Diff: 0, Sum: 0, Workers: 4
[947.180s][debug][gc,phases      ] GC(73)     Total                          Min: 0, Avg:  0.0, Max: 0, Diff: 0, Sum: 0, Workers: 4
[947.180s][debug][gc,phases      ] GC(73) Weak Processing 0.329ms
[947.180s][debug][gc,age         ] GC(73) Desired survivor size 70778880 bytes, new threshold 15 (max threshold 15)
[947.180s][info ][gc,heap        ] GC(73) PSYoungGen: 1976108K(2016768K)->30208K(2028032K) Eden: 1940992K(1940992K)->0K(1956352K) From: 35116K(75776K)->30208K(71680K)
[947.180s][info ][gc,heap        ] GC(73) ParOldGen: 273388K(343552K)->278353K(343552K)
[947.180s][info ][gc,metaspace   ] GC(73) Metaspace: 81776K(82624K)->81776K(82624K) NonClass: 69865K(70336K)->69865K(70336K) Class: 11911K(12288K)->11911K(12288K)
[947.180s][info ][gc             ] GC(73) Pause Young (Allocation Failure) 2196M->301M(2316M) 12.870ms
[947.180s][info ][gc,cpu         ] GC(73) User=0.03s Sys=0.01s Real=0.02s
[947.180s][info ][safepoint      ] Safepoint "ParallelGCFailedAllocation", Time since last: 831796712 ns, Reaching safepoint: 83800 ns, Cleanup: 59300 ns, At safepoint: 12947394 ns, Total: 13090494 ns
[948.180s][info ][safepoint      ] Safepoint "Cleanup", Time since last: 1000085441 ns, Reaching safepoint: 4300 ns, Cleanup: 39500 ns, At safepoint: 3600 ns, Total: 47400 ns
[949.180s][info ][safepoint      ] Safepoint "Cleanup", Time since last: 1000102152 ns, Reaching safepoint: 4100 ns, Cleanup: 42400 ns, At safepoint: 2600 ns, Total: 49100 ns
[950.180s][info ][safepoint      ] Safepoint "Cleanup", Time since last: 1000097253 ns, Reaching safepoint: 3700 ns, Cleanup: 39599 ns, At safepoint: 6700 ns, Total: 49999 ns
[951.569s][info ][safepoint      ] Safepoint "Cleanup", Time since last: 1388429318 ns, Reaching safepoint: 78000 ns, Cleanup: 32800 ns, At safepoint: 11800 ns, Total: 122600 ns
[952.622s][info ][safepoint      ] Safepoint "Cleanup", Time since last: 1053104234 ns, Reaching safepoint: 4900 ns, Cleanup: 74800 ns, At safepoint: 11300 ns, Total: 91000 ns
[953.622s][info ][safepoint      ] Safepoint "Cleanup", Time since last: 1000109952 ns, Reaching safepoint: 4500 ns, Cleanup: 83100 ns, At safepoint: 2900 ns, Total: 90500 ns
[954.622s][info ][safepoint      ] Safepoint "Cleanup", Time since last: 1000106453 ns, Reaching safepoint: 4600 ns, Cleanup: 41700 ns, At safepoint: 2200 ns, Total: 48500 ns
[955.761s][info ][safepoint      ] Safepoint "Cleanup", Time since last: 1138065905 ns, Reaching safepoint: 81300 ns, Cleanup: 53300 ns, At safepoint: 14100 ns, Total: 148700 ns
[956.967s][info ][gc,start       ] GC(74) Pause Young (Allocation Failure)
[956.980s][debug][gc,phases      ] GC(74) Scavenge 12.753ms
[956.980s][debug][gc,ref         ] GC(74) Skipped phase 1 of Reference Processing: no references
[956.980s][debug][gc,ref         ] GC(74) ReferenceProcessor::execute queues: 1, RefProcThreadModel::Single, marks_oops_alive: false
[956.980s][debug][gc,ref         ] GC(74) Skipped phase 3 of Reference Processing: no references
[956.980s][debug][gc,ref         ] GC(74) ReferenceProcessor::execute queues: 1, RefProcThreadModel::Single, marks_oops_alive: false
[956.980s][debug][gc,phases      ] GC(74) Reference Processing 0.097ms
[956.980s][debug][gc,phases      ] GC(74)   VM Weak                        Min:  0.0, Avg:  0.0, Max:  0.0, Diff:  0.0, Sum:  0.0, Workers: 4
[956.980s][debug][gc,phases      ] GC(74)     Dead                           Min: 0, Avg:  0.0, Max: 0, Diff: 0, Sum: 0, Workers: 4
[956.980s][debug][gc,phases      ] GC(74)     Total                          Min: 0, Avg: 178.0, Max: 712, Diff: 712, Sum: 712, Workers: 4
[956.980s][debug][gc,phases      ] GC(74)   ObjectSynchronizer Weak        Min:  0.0, Avg:  0.0, Max:  0.0, Diff:  0.0, Sum:  0.0, Workers: 4
[956.980s][debug][gc,phases      ] GC(74)     Dead                           Min: 0, Avg:  0.0, Max: 0, Diff: 0, Sum: 0, Workers: 4
[956.980s][debug][gc,phases      ] GC(74)     Total                          Min: 0, Avg:  1.2, Max: 5, Diff: 5, Sum: 5, Workers: 4
[956.980s][debug][gc,phases      ] GC(74)   JVMTI Tag Weak OopStorage      Min:  0.0, Avg:  0.0, Max:  0.0, Diff:  0.0, Sum:  0.0, Workers: 4
[956.980s][debug][gc,phases      ] GC(74)     Dead                           Min: 0, Avg:  0.0, Max: 0, Diff: 0, Sum: 0, Workers: 4
[956.980s][debug][gc,phases      ] GC(74)     Total                          Min: 0, Avg:  0.0, Max: 0, Diff: 0, Sum: 0, Workers: 4
[956.980s][debug][gc,phases      ] GC(74)   StringTable Weak               Min:  0.0, Avg:  0.1, Max:  0.1, Diff:  0.1, Sum:  0.4, Workers: 4
[956.980s][debug][gc,phases      ] GC(74)     Dead                           Min: 0, Avg:  0.5, Max: 2, Diff: 2, Sum: 2, Workers: 4
[956.980s][debug][gc,phases      ] GC(74)     Total                          Min: 0, Avg: 10842.5, Max: 15614, Diff: 15614, Sum: 43370, Workers: 4
[956.980s][debug][gc,phases      ] GC(74)   ResolvedMethodTable Weak       Min:  0.0, Avg:  0.0, Max:  0.0, Diff:  0.0, Sum:  0.1, Workers: 4
[956.980s][debug][gc,phases      ] GC(74)     Dead                           Min: 0, Avg:  0.0, Max: 0, Diff: 0, Sum: 0, Workers: 4
[956.980s][debug][gc,phases      ] GC(74)     Total                          Min: 0, Avg: 2390.5, Max: 4058, Diff: 4058, Sum: 9562, Workers: 4
[956.980s][debug][gc,phases      ] GC(74)   JNI Weak                       Min:  0.0, Avg:  0.0, Max:  0.0, Diff:  0.0, Sum:  0.0, Workers: 4
[956.980s][debug][gc,phases      ] GC(74)     Dead                           Min: 0, Avg:  0.0, Max: 0, Diff: 0, Sum: 0, Workers: 4
[956.980s][debug][gc,phases      ] GC(74)     Total                          Min: 0, Avg: 11.2, Max: 45, Diff: 45, Sum: 45, Workers: 4
[956.980s][debug][gc,phases      ] GC(74)   StringDedup Table Weak         Min:  0.0, Avg:  0.0, Max:  0.0, Diff:  0.0, Sum:  0.0, Workers: 4
[956.980s][debug][gc,phases      ] GC(74)     Dead                           Min: 0, Avg:  0.0, Max: 0, Diff: 0, Sum: 0, Workers: 4
[956.980s][debug][gc,phases      ] GC(74)     Total                          Min: 0, Avg:  0.0, Max: 0, Diff: 0, Sum: 0, Workers: 4
[956.980s][debug][gc,phases      ] GC(74)   StringDedup Requests0 Weak     Min:  0.0, Avg:  0.0, Max:  0.0, Diff:  0.0, Sum:  0.0, Workers: 4
[956.980s][debug][gc,phases      ] GC(74)     Dead                           Min: 0, Avg:  0.0, Max: 0, Diff: 0, Sum: 0, Workers: 4
[956.980s][debug][gc,phases      ] GC(74)     Total                          Min: 0, Avg:  0.0, Max: 0, Diff: 0, Sum: 0, Workers: 4
[956.980s][debug][gc,phases      ] GC(74)   StringDedup Requests1 Weak     Min:  0.0, Avg:  0.0, Max:  0.0, Diff:  0.0, Sum:  0.0, Workers: 4
[956.980s][debug][gc,phases      ] GC(74)     Dead                           Min: 0, Avg:  0.0, Max: 0, Diff: 0, Sum: 0, Workers: 4
[956.980s][debug][gc,phases      ] GC(74)     Total                          Min: 0, Avg:  0.0, Max: 0, Diff: 0, Sum: 0, Workers: 4
[956.980s][debug][gc,phases      ] GC(74)   Weak JFR Old Object Samples    Min:  0.0, Avg:  0.0, Max:  0.0, Diff:  0.0, Sum:  0.0, Workers: 4
[956.980s][debug][gc,phases      ] GC(74)     Dead                           Min: 0, Avg:  0.0, Max: 0, Diff: 0, Sum: 0, Workers: 4
[956.980s][debug][gc,phases      ] GC(74)     Total                          Min: 0, Avg:  0.0, Max: 0, Diff: 0, Sum: 0, Workers: 4
[956.980s][debug][gc,phases      ] GC(74) Weak Processing 0.353ms
[956.980s][debug][gc,age         ] GC(74) Desired survivor size 68157440 bytes, new threshold 15 (max threshold 15)
[956.980s][info ][gc,heap        ] GC(74) PSYoungGen: 1986560K(2028032K)->30192K(2025472K) Eden: 1956352K(1956352K)->0K(1956352K) From: 30208K(71680K)->30192K(69120K)
[956.980s][info ][gc,heap        ] GC(74) ParOldGen: 278353K(343552K)->278449K(343552K)
[956.980s][info ][gc,metaspace   ] GC(74) Metaspace: 81816K(82688K)->81816K(82688K) NonClass: 69896K(70336K)->69896K(70336K) Class: 11919K(12352K)->11919K(12352K)
[956.980s][info ][gc             ] GC(74) Pause Young (Allocation Failure) 2211M->301M(2313M) 13.315ms
[956.980s][info ][gc,cpu         ] GC(74) User=0.03s Sys=0.00s Real=0.02s
[956.980s][info ][safepoint      ] Safepoint "ParallelGCFailedAllocation", Time since last: 1206186383 ns, Reaching safepoint: 4100 ns, Cleanup: 20900 ns, At safepoint: 13387896 ns, Total: 13412896 ns
[957.980s][info ][safepoint      ] Safepoint "Cleanup", Time since last: 1000078954 ns, Reaching safepoint: 3900 ns, Cleanup: 37400 ns, At safepoint: 2000 ns, Total: 43300 ns
[961.269s][info ][safepoint      ] Safepoint "Cleanup", Time since last: 3288187964 ns, Reaching safepoint: 73200 ns, Cleanup: 43400 ns, At safepoint: 5400 ns, Total: 122000 ns
[966.269s][info ][safepoint      ] Safepoint "Cleanup", Time since last: 5000357316 ns, Reaching safepoint: 79500 ns, Cleanup: 43900 ns, At safepoint: 6100 ns, Total: 129500 ns
[966.968s][info ][gc,start       ] GC(75) Pause Young (Allocation Failure)
[966.980s][debug][gc,phases      ] GC(75) Scavenge 11.317ms
[966.980s][debug][gc,ref         ] GC(75) Skipped phase 1 of Reference Processing: no references
[966.980s][debug][gc,ref         ] GC(75) ReferenceProcessor::execute queues: 1, RefProcThreadModel::Single, marks_oops_alive: false
[966.980s][debug][gc,ref         ] GC(75) Skipped phase 3 of Reference Processing: no references
[966.980s][debug][gc,ref         ] GC(75) ReferenceProcessor::execute queues: 1, RefProcThreadModel::Single, marks_oops_alive: false
[966.980s][debug][gc,phases      ] GC(75) Reference Processing 0.111ms
[966.980s][debug][gc,phases      ] GC(75)   VM Weak                        Min:  0.0, Avg:  0.0, Max:  0.0, Diff:  0.0, Sum:  0.0, Workers: 4
[966.980s][debug][gc,phases      ] GC(75)     Dead                           Min: 0, Avg:  0.0, Max: 0, Diff: 0, Sum: 0, Workers: 4
[966.980s][debug][gc,phases      ] GC(75)     Total                          Min: 0, Avg: 178.0, Max: 456, Diff: 456, Sum: 712, Workers: 4
[966.980s][debug][gc,phases      ] GC(75)   ObjectSynchronizer Weak        Min:  0.0, Avg:  0.0, Max:  0.0, Diff:  0.0, Sum:  0.0, Workers: 4
[966.980s][debug][gc,phases      ] GC(75)     Dead                           Min: 0, Avg:  0.0, Max: 0, Diff: 0, Sum: 0, Workers: 4
[966.980s][debug][gc,phases      ] GC(75)     Total                          Min: 0, Avg:  1.2, Max: 5, Diff: 5, Sum: 5, Workers: 4
[966.980s][debug][gc,phases      ] GC(75)   JVMTI Tag Weak OopStorage      Min:  0.0, Avg:  0.0, Max:  0.0, Diff:  0.0, Sum:  0.0, Workers: 4
[966.980s][debug][gc,phases      ] GC(75)     Dead                           Min: 0, Avg:  0.0, Max: 0, Diff: 0, Sum: 0, Workers: 4
[966.980s][debug][gc,phases      ] GC(75)     Total                          Min: 0, Avg:  0.0, Max: 0, Diff: 0, Sum: 0, Workers: 4
[966.980s][debug][gc,phases      ] GC(75)   StringTable Weak               Min:  0.0, Avg:  0.1, Max:  0.1, Diff:  0.1, Sum:  0.4, Workers: 4
[966.980s][debug][gc,phases      ] GC(75)     Dead                           Min: 0, Avg:  0.0, Max: 0, Diff: 0, Sum: 0, Workers: 4
[966.980s][debug][gc,phases      ] GC(75)     Total                          Min: 0, Avg: 10843.8, Max: 17087, Diff: 17087, Sum: 43375, Workers: 4
[966.980s][debug][gc,phases      ] GC(75)   ResolvedMethodTable Weak       Min:  0.0, Avg:  0.0, Max:  0.0, Diff:  0.0, Sum:  0.1, Workers: 4
[966.980s][debug][gc,phases      ] GC(75)     Dead                           Min: 0, Avg:  0.0, Max: 0, Diff: 0, Sum: 0, Workers: 4
[966.980s][debug][gc,phases      ] GC(75)     Total                          Min: 0, Avg: 2390.5, Max: 3930, Diff: 3930, Sum: 9562, Workers: 4
[966.980s][debug][gc,phases      ] GC(75)   JNI Weak                       Min:  0.0, Avg:  0.0, Max:  0.0, Diff:  0.0, Sum:  0.0, Workers: 4
[966.980s][debug][gc,phases      ] GC(75)     Dead                           Min: 0, Avg:  0.0, Max: 0, Diff: 0, Sum: 0, Workers: 4
[966.980s][debug][gc,phases      ] GC(75)     Total                          Min: 0, Avg: 11.2, Max: 45, Diff: 45, Sum: 45, Workers: 4
[966.980s][debug][gc,phases      ] GC(75)   StringDedup Table Weak         Min:  0.0, Avg:  0.0, Max:  0.0, Diff:  0.0, Sum:  0.0, Workers: 4
[966.980s][debug][gc,phases      ] GC(75)     Dead                           Min: 0, Avg:  0.0, Max: 0, Diff: 0, Sum: 0, Workers: 4
[966.980s][debug][gc,phases      ] GC(75)     Total                          Min: 0, Avg:  0.0, Max: 0, Diff: 0, Sum: 0, Workers: 4
[966.980s][debug][gc,phases      ] GC(75)   StringDedup Requests0 Weak     Min:  0.0, Avg:  0.0, Max:  0.0, Diff:  0.0, Sum:  0.0, Workers: 4
[966.980s][debug][gc,phases      ] GC(75)     Dead                           Min: 0, Avg:  0.0, Max: 0, Diff: 0, Sum: 0, Workers: 4
[966.980s][debug][gc,phases      ] GC(75)     Total                          Min: 0, Avg:  0.0, Max: 0, Diff: 0, Sum: 0, Workers: 4
[966.980s][debug][gc,phases      ] GC(75)   StringDedup Requests1 Weak     Min:  0.0, Avg:  0.0, Max:  0.0, Diff:  0.0, Sum:  0.0, Workers: 4
[966.980s][debug][gc,phases      ] GC(75)     Dead                           Min: 0, Avg:  0.0, Max: 0, Diff: 0, Sum: 0, Workers: 4
[966.980s][debug][gc,phases      ] GC(75)     Total                          Min: 0, Avg:  0.0, Max: 0, Diff: 0, Sum: 0, Workers: 4
[966.980s][debug][gc,phases      ] GC(75)   Weak JFR Old Object Samples    Min:  0.0, Avg:  0.0, Max:  0.0, Diff:  0.0, Sum:  0.0, Workers: 4
[966.980s][debug][gc,phases      ] GC(75)     Dead                           Min: 0, Avg:  0.0, Max: 0, Diff: 0, Sum: 0, Workers: 4
[966.980s][debug][gc,phases      ] GC(75)     Total                          Min: 0, Avg:  0.0, Max: 0, Diff: 0, Sum: 0, Workers: 4
[966.980s][debug][gc,phases      ] GC(75) Weak Processing 0.363ms
[966.980s][debug][gc,age         ] GC(75) Desired survivor size 65536000 bytes, new threshold 15 (max threshold 15)
[966.980s][info ][gc,heap        ] GC(75) PSYoungGen: 1986544K(2025472K)->30064K(2033152K) Eden: 1956352K(1956352K)->0K(1966592K) From: 30192K(69120K)->30064K(66560K)
[966.980s][info ][gc,heap        ] GC(75) ParOldGen: 278449K(343552K)->278585K(343552K)
[966.980s][info ][gc,metaspace   ] GC(75) Metaspace: 81836K(82752K)->81836K(82752K) NonClass: 69916K(70400K)->69916K(70400K) Class: 11919K(12352K)->11919K(12352K)
[966.980s][info ][gc             ] GC(75) Pause Young (Allocation Failure) 2211M->301M(2321M) 11.906ms
[966.980s][info ][gc,cpu         ] GC(75) User=0.03s Sys=0.01s Real=0.01s
[966.980s][info ][safepoint      ] Safepoint "ParallelGCFailedAllocation", Time since last: 699197870 ns, Reaching safepoint: 4000 ns, Cleanup: 41200 ns, At safepoint: 11980589 ns, Total: 12025789 ns
[967.981s][info ][safepoint      ] Safepoint "Cleanup", Time since last: 1000031673 ns, Reaching safepoint: 4200 ns, Cleanup: 32200 ns, At safepoint: 2600 ns, Total: 39000 ns
[968.981s][info ][safepoint      ] Safepoint "Cleanup", Time since last: 1000099527 ns, Reaching safepoint: 3900 ns, Cleanup: 34300 ns, At safepoint: 3900 ns, Total: 42100 ns
[970.981s][info ][safepoint      ] Safepoint "Cleanup", Time since last: 2000143255 ns, Reaching safepoint: 4700 ns, Cleanup: 32800 ns, At safepoint: 2300 ns, Total: 39800 ns
[973.981s][info ][safepoint      ] Safepoint "Cleanup", Time since last: 3000222119 ns, Reaching safepoint: 4200 ns, Cleanup: 35000 ns, At safepoint: 2100 ns, Total: 41300 ns
[974.981s][info ][safepoint      ] Safepoint "Cleanup", Time since last: 1000101666 ns, Reaching safepoint: 4200 ns, Cleanup: 39300 ns, At safepoint: 3100 ns, Total: 46600 ns
[975.981s][info ][safepoint      ] Safepoint "Cleanup", Time since last: 1000102167 ns, Reaching safepoint: 4200 ns, Cleanup: 68400 ns, At safepoint: 2500 ns, Total: 75100 ns
[976.813s][info ][gc,start       ] GC(76) Pause Young (Allocation Failure)
[976.825s][debug][gc,phases      ] GC(76) Scavenge 12.329ms
[976.825s][debug][gc,ref         ] GC(76) Skipped phase 1 of Reference Processing: no references
[976.826s][debug][gc,ref         ] GC(76) ReferenceProcessor::execute queues: 1, RefProcThreadModel::Single, marks_oops_alive: false
[976.826s][debug][gc,ref         ] GC(76) Skipped phase 3 of Reference Processing: no references
[976.826s][debug][gc,ref         ] GC(76) ReferenceProcessor::execute queues: 1, RefProcThreadModel::Single, marks_oops_alive: false
[976.826s][debug][gc,phases      ] GC(76) Reference Processing 0.098ms
[976.826s][debug][gc,phases      ] GC(76)   VM Weak                        Min:  0.0, Avg:  0.0, Max:  0.0, Diff:  0.0, Sum:  0.0, Workers: 4
[976.826s][debug][gc,phases      ] GC(76)     Dead                           Min: 0, Avg:  0.0, Max: 0, Diff: 0, Sum: 0, Workers: 4
[976.826s][debug][gc,phases      ] GC(76)     Total                          Min: 0, Avg: 178.0, Max: 584, Diff: 584, Sum: 712, Workers: 4
[976.826s][debug][gc,phases      ] GC(76)   ObjectSynchronizer Weak        Min:  0.0, Avg:  0.0, Max:  0.0, Diff:  0.0, Sum:  0.0, Workers: 4
[976.826s][debug][gc,phases      ] GC(76)     Dead                           Min: 0, Avg:  0.0, Max: 0, Diff: 0, Sum: 0, Workers: 4
[976.826s][debug][gc,phases      ] GC(76)     Total                          Min: 0, Avg:  1.2, Max: 5, Diff: 5, Sum: 5, Workers: 4
[976.826s][debug][gc,phases      ] GC(76)   JVMTI Tag Weak OopStorage      Min:  0.0, Avg:  0.0, Max:  0.0, Diff:  0.0, Sum:  0.0, Workers: 4
[976.826s][debug][gc,phases      ] GC(76)     Dead                           Min: 0, Avg:  0.0, Max: 0, Diff: 0, Sum: 0, Workers: 4
[976.826s][debug][gc,phases      ] GC(76)     Total                          Min: 0, Avg:  0.0, Max: 0, Diff: 0, Sum: 0, Workers: 4
[976.826s][debug][gc,phases      ] GC(76)   StringTable Weak               Min:  0.0, Avg:  0.1, Max:  0.1, Diff:  0.1, Sum:  0.4, Workers: 4
[976.826s][debug][gc,phases      ] GC(76)     Dead                           Min: 0, Avg:  0.0, Max: 0, Diff: 0, Sum: 0, Workers: 4
[976.826s][debug][gc,phases      ] GC(76)     Total                          Min: 0, Avg: 10843.8, Max: 17856, Diff: 17856, Sum: 43375, Workers: 4
[976.826s][debug][gc,phases      ] GC(76)   ResolvedMethodTable Weak       Min:  0.0, Avg:  0.0, Max:  0.0, Diff:  0.0, Sum:  0.1, Workers: 4
[976.826s][debug][gc,phases      ] GC(76)     Dead                           Min: 0, Avg:  0.0, Max: 0, Diff: 0, Sum: 0, Workers: 4
[976.826s][debug][gc,phases      ] GC(76)     Total                          Min: 0, Avg: 2390.5, Max: 4186, Diff: 4186, Sum: 9562, Workers: 4
[976.826s][debug][gc,phases      ] GC(76)   JNI Weak                       Min:  0.0, Avg:  0.0, Max:  0.0, Diff:  0.0, Sum:  0.0, Workers: 4
[976.826s][debug][gc,phases      ] GC(76)     Dead                           Min: 0, Avg:  0.0, Max: 0, Diff: 0, Sum: 0, Workers: 4
[976.826s][debug][gc,phases      ] GC(76)     Total                          Min: 0, Avg: 11.2, Max: 45, Diff: 45, Sum: 45, Workers: 4
[976.826s][debug][gc,phases      ] GC(76)   StringDedup Table Weak         Min:  0.0, Avg:  0.0, Max:  0.0, Diff:  0.0, Sum:  0.0, Workers: 4
[976.826s][debug][gc,phases      ] GC(76)     Dead                           Min: 0, Avg:  0.0, Max: 0, Diff: 0, Sum: 0, Workers: 4
[976.826s][debug][gc,phases      ] GC(76)     Total                          Min: 0, Avg:  0.0, Max: 0, Diff: 0, Sum: 0, Workers: 4
[976.826s][debug][gc,phases      ] GC(76)   StringDedup Requests0 Weak     Min:  0.0, Avg:  0.0, Max:  0.0, Diff:  0.0, Sum:  0.0, Workers: 4
[976.826s][debug][gc,phases      ] GC(76)     Dead                           Min: 0, Avg:  0.0, Max: 0, Diff: 0, Sum: 0, Workers: 4
[976.826s][debug][gc,phases      ] GC(76)     Total                          Min: 0, Avg:  0.0, Max: 0, Diff: 0, Sum: 0, Workers: 4
[976.826s][debug][gc,phases      ] GC(76)   StringDedup Requests1 Weak     Min:  0.0, Avg:  0.0, Max:  0.0, Diff:  0.0, Sum:  0.0, Workers: 4
[976.826s][debug][gc,phases      ] GC(76)     Dead                           Min: 0, Avg:  0.0, Max: 0, Diff: 0, Sum: 0, Workers: 4
[976.826s][debug][gc,phases      ] GC(76)     Total                          Min: 0, Avg:  0.0, Max: 0, Diff: 0, Sum: 0, Workers: 4
[976.826s][debug][gc,phases      ] GC(76)   Weak JFR Old Object Samples    Min:  0.0, Avg:  0.0, Max:  0.0, Diff:  0.0, Sum:  0.0, Workers: 4
[976.826s][debug][gc,phases      ] GC(76)     Dead                           Min: 0, Avg:  0.0, Max: 0, Diff: 0, Sum: 0, Workers: 4
[976.826s][debug][gc,phases      ] GC(76)     Total                          Min: 0, Avg:  0.0, Max: 0, Diff: 0, Sum: 0, Workers: 4
[976.826s][debug][gc,phases      ] GC(76) Weak Processing 0.327ms
[976.826s][debug][gc,age         ] GC(76) Desired survivor size 62914560 bytes, new threshold 15 (max threshold 15)
[976.826s][info ][gc,heap        ] GC(76) PSYoungGen: 1996656K(2033152K)->30080K(2030592K) Eden: 1966592K(1966592K)->0K(1966592K) From: 30064K(66560K)->30080K(64000K)
[976.826s][info ][gc,heap        ] GC(76) ParOldGen: 278585K(343552K)->278617K(343552K)
[976.826s][info ][gc,metaspace   ] GC(76) Metaspace: 81853K(82752K)->81853K(82752K) NonClass: 69934K(70400K)->69934K(70400K) Class: 11919K(12352K)->11919K(12352K)
[976.826s][info ][gc             ] GC(76) Pause Young (Allocation Failure) 2221M->301M(2318M) 12.867ms
[976.826s][info ][gc,cpu         ] GC(76) User=0.04s Sys=0.00s Real=0.01s
[976.826s][info ][safepoint      ] Safepoint "ParallelGCFailedAllocation", Time since last: 831560039 ns, Reaching safepoint: 3900 ns, Cleanup: 44800 ns, At safepoint: 12937695 ns, Total: 12986395 ns
[977.826s][info ][safepoint      ] Safepoint "Cleanup", Time since last: 1000041366 ns, Reaching safepoint: 5300 ns, Cleanup: 37100 ns, At safepoint: 4600 ns, Total: 47000 ns
[978.826s][info ][safepoint      ] Safepoint "Cleanup", Time since last: 1000106167 ns, Reaching safepoint: 4300 ns, Cleanup: 40100 ns, At safepoint: 2600 ns, Total: 47000 ns
[979.826s][info ][safepoint      ] Safepoint "Cleanup", Time since last: 1000060445 ns, Reaching safepoint: 5800 ns, Cleanup: 40800 ns, At safepoint: 2900 ns, Total: 49500 ns
[982.827s][info ][safepoint      ] Safepoint "Cleanup", Time since last: 3000235252 ns, Reaching safepoint: 4600 ns, Cleanup: 39300 ns, At safepoint: 7900 ns, Total: 51800 ns
[983.827s][info ][safepoint      ] Safepoint "Cleanup", Time since last: 1000105350 ns, Reaching safepoint: 4800 ns, Cleanup: 46000 ns, At safepoint: 2700 ns, Total: 53500 ns
[984.827s][info ][safepoint      ] Safepoint "Cleanup", Time since last: 1000097251 ns, Reaching safepoint: 4800 ns, Cleanup: 33900 ns, At safepoint: 3000 ns, Total: 41700 ns
[985.827s][info ][safepoint      ] Safepoint "Cleanup", Time since last: 1000096850 ns, Reaching safepoint: 4500 ns, Cleanup: 34100 ns, At safepoint: 1900 ns, Total: 40500 ns
[986.765s][info ][gc,start       ] GC(77) Pause Young (Allocation Failure)
[986.782s][debug][gc,phases      ] GC(77) Scavenge 16.857ms
[986.782s][debug][gc,ref         ] GC(77) Skipped phase 1 of Reference Processing: no references
[986.782s][debug][gc,ref         ] GC(77) ReferenceProcessor::execute queues: 1, RefProcThreadModel::Single, marks_oops_alive: false
[986.782s][debug][gc,ref         ] GC(77) Skipped phase 3 of Reference Processing: no references
[986.782s][debug][gc,ref         ] GC(77) ReferenceProcessor::execute queues: 1, RefProcThreadModel::Single, marks_oops_alive: false
[986.782s][debug][gc,phases      ] GC(77) Reference Processing 0.085ms
[986.783s][debug][gc,phases      ] GC(77)   VM Weak                        Min:  0.0, Avg:  0.0, Max:  0.0, Diff:  0.0, Sum:  0.0, Workers: 4
[986.783s][debug][gc,phases      ] GC(77)     Dead                           Min: 0, Avg:  0.0, Max: 0, Diff: 0, Sum: 0, Workers: 4
[986.783s][debug][gc,phases      ] GC(77)     Total                          Min: 0, Avg: 178.0, Max: 704, Diff: 704, Sum: 712, Workers: 4
[986.783s][debug][gc,phases      ] GC(77)   ObjectSynchronizer Weak        Min:  0.0, Avg:  0.0, Max:  0.0, Diff:  0.0, Sum:  0.0, Workers: 4
[986.783s][debug][gc,phases      ] GC(77)     Dead                           Min: 0, Avg:  0.0, Max: 0, Diff: 0, Sum: 0, Workers: 4
[986.783s][debug][gc,phases      ] GC(77)     Total                          Min: 0, Avg:  1.2, Max: 5, Diff: 5, Sum: 5, Workers: 4
[986.783s][debug][gc,phases      ] GC(77)   JVMTI Tag Weak OopStorage      Min:  0.0, Avg:  0.0, Max:  0.0, Diff:  0.0, Sum:  0.0, Workers: 4
[986.783s][debug][gc,phases      ] GC(77)     Dead                           Min: 0, Avg:  0.0, Max: 0, Diff: 0, Sum: 0, Workers: 4
[986.783s][debug][gc,phases      ] GC(77)     Total                          Min: 0, Avg:  0.0, Max: 0, Diff: 0, Sum: 0, Workers: 4
[986.783s][debug][gc,phases      ] GC(77)   StringTable Weak               Min:  0.0, Avg:  0.1, Max:  0.1, Diff:  0.1, Sum:  0.4, Workers: 4
[986.783s][debug][gc,phases      ] GC(77)     Dead                           Min: 0, Avg:  0.0, Max: 0, Diff: 0, Sum: 0, Workers: 4
[986.783s][debug][gc,phases      ] GC(77)     Total                          Min: 0, Avg: 10845.2, Max: 18167, Diff: 18167, Sum: 43381, Workers: 4
[986.783s][debug][gc,phases      ] GC(77)   ResolvedMethodTable Weak       Min:  0.0, Avg:  0.0, Max:  0.0, Diff:  0.0, Sum:  0.1, Workers: 4
[986.783s][debug][gc,phases      ] GC(77)     Dead                           Min: 0, Avg:  0.0, Max: 0, Diff: 0, Sum: 0, Workers: 4
[986.783s][debug][gc,phases      ] GC(77)     Total                          Min: 0, Avg: 2391.2, Max: 3869, Diff: 3869, Sum: 9565, Workers: 4
[986.783s][debug][gc,phases      ] GC(77)   JNI Weak                       Min:  0.0, Avg:  0.0, Max:  0.0, Diff:  0.0, Sum:  0.0, Workers: 4
[986.783s][debug][gc,phases      ] GC(77)     Dead                           Min: 0, Avg:  0.0, Max: 0, Diff: 0, Sum: 0, Workers: 4
[986.783s][debug][gc,phases      ] GC(77)     Total                          Min: 0, Avg: 11.2, Max: 45, Diff: 45, Sum: 45, Workers: 4
[986.783s][debug][gc,phases      ] GC(77)   StringDedup Table Weak         Min:  0.0, Avg:  0.0, Max:  0.0, Diff:  0.0, Sum:  0.0, Workers: 4
[986.783s][debug][gc,phases      ] GC(77)     Dead                           Min: 0, Avg:  0.0, Max: 0, Diff: 0, Sum: 0, Workers: 4
[986.783s][debug][gc,phases      ] GC(77)     Total                          Min: 0, Avg:  0.0, Max: 0, Diff: 0, Sum: 0, Workers: 4
[986.783s][debug][gc,phases      ] GC(77)   StringDedup Requests0 Weak     Min:  0.0, Avg:  0.0, Max:  0.0, Diff:  0.0, Sum:  0.0, Workers: 4
[986.783s][debug][gc,phases      ] GC(77)     Dead                           Min: 0, Avg:  0.0, Max: 0, Diff: 0, Sum: 0, Workers: 4
[986.783s][debug][gc,phases      ] GC(77)     Total                          Min: 0, Avg:  0.0, Max: 0, Diff: 0, Sum: 0, Workers: 4
[986.783s][debug][gc,phases      ] GC(77)   StringDedup Requests1 Weak     Min:  0.0, Avg:  0.0, Max:  0.0, Diff:  0.0, Sum:  0.0, Workers: 4
[986.783s][debug][gc,phases      ] GC(77)     Dead                           Min: 0, Avg:  0.0, Max: 0, Diff: 0, Sum: 0, Workers: 4
[986.783s][debug][gc,phases      ] GC(77)     Total                          Min: 0, Avg:  0.0, Max: 0, Diff: 0, Sum: 0, Workers: 4
[986.783s][debug][gc,phases      ] GC(77)   Weak JFR Old Object Samples    Min:  0.0, Avg:  0.0, Max:  0.0, Diff:  0.0, Sum:  0.0, Workers: 4
[986.783s][debug][gc,phases      ] GC(77)     Dead                           Min: 0, Avg:  0.0, Max: 0, Diff: 0, Sum: 0, Workers: 4
[986.783s][debug][gc,phases      ] GC(77)     Total                          Min: 0, Avg:  0.0, Max: 0, Diff: 0, Sum: 0, Workers: 4
[986.783s][debug][gc,phases      ] GC(77) Weak Processing 0.324ms
[986.783s][debug][gc,age         ] GC(77) Desired survivor size 60817408 bytes, new threshold 15 (max threshold 15)
[986.783s][info ][gc,heap        ] GC(77) PSYoungGen: 1996672K(2030592K)->30112K(2037760K) Eden: 1966592K(1966592K)->0K(1976320K) From: 30080K(64000K)->30112K(61440K)
[986.783s][info ][gc,heap        ] GC(77) ParOldGen: 278617K(343552K)->278649K(343552K)
[986.783s][info ][gc,metaspace   ] GC(77) Metaspace: 81864K(82752K)->81864K(82752K) NonClass: 69943K(70400K)->69943K(70400K) Class: 11921K(12352K)->11921K(12352K)
[986.783s][info ][gc             ] GC(77) Pause Young (Allocation Failure) 2221M->301M(2325M) 17.375ms
[986.783s][info ][gc,cpu         ] GC(77) User=0.04s Sys=0.00s Real=0.02s
[986.783s][info ][safepoint      ] Safepoint "ParallelGCFailedAllocation", Time since last: 938257569 ns, Reaching safepoint: 4300 ns, Cleanup: 45000 ns, At safepoint: 17446392 ns, Total: 17495692 ns
[987.783s][info ][safepoint      ] Safepoint "Cleanup", Time since last: 1000085566 ns, Reaching safepoint: 5800 ns, Cleanup: 43699 ns, At safepoint: 2600 ns, Total: 52099 ns
[988.783s][info ][safepoint      ] Safepoint "Cleanup", Time since last: 1000097711 ns, Reaching safepoint: 4200 ns, Cleanup: 31000 ns, At safepoint: 3100 ns, Total: 38300 ns
[990.783s][info ][safepoint      ] Safepoint "Cleanup", Time since last: 2000172020 ns, Reaching safepoint: 3700 ns, Cleanup: 41300 ns, At safepoint: 3000 ns, Total: 48000 ns
[991.783s][info ][safepoint      ] Safepoint "Cleanup", Time since last: 1000100110 ns, Reaching safepoint: 3600 ns, Cleanup: 42000 ns, At safepoint: 2100 ns, Total: 47700 ns
[992.784s][info ][safepoint      ] Safepoint "Cleanup", Time since last: 1000095111 ns, Reaching safepoint: 3700 ns, Cleanup: 34900 ns, At safepoint: 2600 ns, Total: 41200 ns
[993.784s][info ][safepoint      ] Safepoint "Cleanup", Time since last: 1000113120 ns, Reaching safepoint: 4200 ns, Cleanup: 46400 ns, At safepoint: 7500 ns, Total: 58100 ns
[994.784s][info ][safepoint      ] Safepoint "Cleanup", Time since last: 1000117799 ns, Reaching safepoint: 4700 ns, Cleanup: 64800 ns, At safepoint: 5500 ns, Total: 75000 ns
[995.784s][info ][safepoint      ] Safepoint "Cleanup", Time since last: 1000101108 ns, Reaching safepoint: 4700 ns, Cleanup: 36900 ns, At safepoint: 2400 ns, Total: 44000 ns
[996.512s][info ][gc,start       ] GC(78) Pause Young (Allocation Failure)
[996.526s][debug][gc,phases      ] GC(78) Scavenge 13.797ms
[996.526s][debug][gc,ref         ] GC(78) Skipped phase 1 of Reference Processing: no references
[996.526s][debug][gc,ref         ] GC(78) ReferenceProcessor::execute queues: 1, RefProcThreadModel::Single, marks_oops_alive: false
[996.526s][debug][gc,ref         ] GC(78) Skipped phase 3 of Reference Processing: no references
[996.526s][debug][gc,ref         ] GC(78) ReferenceProcessor::execute queues: 1, RefProcThreadModel::Single, marks_oops_alive: false
[996.526s][debug][gc,phases      ] GC(78) Reference Processing 0.103ms
[996.526s][debug][gc,phases      ] GC(78)   VM Weak                        Min:  0.0, Avg:  0.0, Max:  0.0, Diff:  0.0, Sum:  0.0, Workers: 4
[996.526s][debug][gc,phases      ] GC(78)     Dead                           Min: 0, Avg:  0.0, Max: 0, Diff: 0, Sum: 0, Workers: 4
[996.526s][debug][gc,phases      ] GC(78)     Total                          Min: 0, Avg: 178.0, Max: 328, Diff: 328, Sum: 712, Workers: 4
[996.526s][debug][gc,phases      ] GC(78)   ObjectSynchronizer Weak        Min:  0.0, Avg:  0.0, Max:  0.0, Diff:  0.0, Sum:  0.0, Workers: 4
[996.526s][debug][gc,phases      ] GC(78)     Dead                           Min: 0, Avg:  0.0, Max: 0, Diff: 0, Sum: 0, Workers: 4
[996.526s][debug][gc,phases      ] GC(78)     Total                          Min: 0, Avg:  1.2, Max: 5, Diff: 5, Sum: 5, Workers: 4
[996.526s][debug][gc,phases      ] GC(78)   JVMTI Tag Weak OopStorage      Min:  0.0, Avg:  0.0, Max:  0.0, Diff:  0.0, Sum:  0.0, Workers: 4
[996.526s][debug][gc,phases      ] GC(78)     Dead                           Min: 0, Avg:  0.0, Max: 0, Diff: 0, Sum: 0, Workers: 4
[996.526s][debug][gc,phases      ] GC(78)     Total                          Min: 0, Avg:  0.0, Max: 0, Diff: 0, Sum: 0, Workers: 4
[996.526s][debug][gc,phases      ] GC(78)   StringTable Weak               Min:  0.1, Avg:  0.1, Max:  0.1, Diff:  0.0, Sum:  0.5, Workers: 4
[996.526s][debug][gc,phases      ] GC(78)     Dead                           Min: 0, Avg:  0.0, Max: 0, Diff: 0, Sum: 0, Workers: 4
[996.526s][debug][gc,phases      ] GC(78)     Total                          Min: 9470, Avg: 10845.5, Max: 11577, Diff: 2107, Sum: 43382, Workers: 4
[996.526s][debug][gc,phases      ] GC(78)   ResolvedMethodTable Weak       Min:  0.0, Avg:  0.0, Max:  0.0, Diff:  0.0, Sum:  0.1, Workers: 4
[996.526s][debug][gc,phases      ] GC(78)     Dead                           Min: 0, Avg:  0.0, Max: 0, Diff: 0, Sum: 0, Workers: 4
[996.526s][debug][gc,phases      ] GC(78)     Total                          Min: 2176, Avg: 2391.2, Max: 2560, Diff: 384, Sum: 9565, Workers: 4
[996.526s][debug][gc,phases      ] GC(78)   JNI Weak                       Min:  0.0, Avg:  0.0, Max:  0.0, Diff:  0.0, Sum:  0.0, Workers: 4
[996.526s][debug][gc,phases      ] GC(78)     Dead                           Min: 0, Avg:  0.0, Max: 0, Diff: 0, Sum: 0, Workers: 4
[996.526s][debug][gc,phases      ] GC(78)     Total                          Min: 0, Avg: 11.2, Max: 45, Diff: 45, Sum: 45, Workers: 4
[996.526s][debug][gc,phases      ] GC(78)   StringDedup Table Weak         Min:  0.0, Avg:  0.0, Max:  0.0, Diff:  0.0, Sum:  0.0, Workers: 4
[996.526s][debug][gc,phases      ] GC(78)     Dead                           Min: 0, Avg:  0.0, Max: 0, Diff: 0, Sum: 0, Workers: 4
[996.526s][debug][gc,phases      ] GC(78)     Total                          Min: 0, Avg:  0.0, Max: 0, Diff: 0, Sum: 0, Workers: 4
[996.526s][debug][gc,phases      ] GC(78)   StringDedup Requests0 Weak     Min:  0.0, Avg:  0.0, Max:  0.0, Diff:  0.0, Sum:  0.0, Workers: 4
[996.526s][debug][gc,phases      ] GC(78)     Dead                           Min: 0, Avg:  0.0, Max: 0, Diff: 0, Sum: 0, Workers: 4
[996.526s][debug][gc,phases      ] GC(78)     Total                          Min: 0, Avg:  0.0, Max: 0, Diff: 0, Sum: 0, Workers: 4
[996.526s][debug][gc,phases      ] GC(78)   StringDedup Requests1 Weak     Min:  0.0, Avg:  0.0, Max:  0.0, Diff:  0.0, Sum:  0.0, Workers: 4
[996.526s][debug][gc,phases      ] GC(78)     Dead                           Min: 0, Avg:  0.0, Max: 0, Diff: 0, Sum: 0, Workers: 4
[996.526s][debug][gc,phases      ] GC(78)     Total                          Min: 0, Avg:  0.0, Max: 0, Diff: 0, Sum: 0, Workers: 4
[996.526s][debug][gc,phases      ] GC(78)   Weak JFR Old Object Samples    Min:  0.0, Avg:  0.0, Max:  0.0, Diff:  0.0, Sum:  0.0, Workers: 4
[996.526s][debug][gc,phases      ] GC(78)     Dead                           Min: 0, Avg:  0.0, Max: 0, Diff: 0, Sum: 0, Workers: 4
[996.526s][debug][gc,phases      ] GC(78)     Total                          Min: 0, Avg:  0.0, Max: 0, Diff: 0, Sum: 0, Workers: 4
[996.526s][debug][gc,phases      ] GC(78) Weak Processing 0.315ms
[996.526s][debug][gc,age         ] GC(78) Desired survivor size 58720256 bytes, new threshold 15 (max threshold 15)
[996.526s][info ][gc,heap        ] GC(78) PSYoungGen: 2006432K(2037760K)->30336K(2035712K) Eden: 1976320K(1976320K)->0K(1976320K) From: 30112K(61440K)->30336K(59392K)
[996.526s][info ][gc,heap        ] GC(78) ParOldGen: 278649K(343552K)->278681K(343552K)
[996.526s][info ][gc,metaspace   ] GC(78) Metaspace: 81879K(82752K)->81879K(82752K) NonClass: 69958K(70400K)->69958K(70400K) Class: 11921K(12352K)->11921K(12352K)
[996.526s][info ][gc             ] GC(78) Pause Young (Allocation Failure) 2231M->301M(2323M) 14.326ms
[996.526s][info ][gc,cpu         ] GC(78) User=0.04s Sys=0.01s Real=0.01s
[996.526s][info ][safepoint      ] Safepoint "ParallelGCFailedAllocation", Time since last: 727622434 ns, Reaching safepoint: 3600 ns, Cleanup: 38100 ns, At safepoint: 14390287 ns, Total: 14431987 ns
[998.526s][info ][safepoint      ] Safepoint "Cleanup", Time since last: 2000146171 ns, Reaching safepoint: 4400 ns, Cleanup: 27100 ns, At safepoint: 2400 ns, Total: 33900 ns
[1000.527s][info ][safepoint      ] Safepoint "Cleanup", Time since last: 2000166470 ns, Reaching safepoint: 4200 ns, Cleanup: 40100 ns, At safepoint: 6900 ns, Total: 51200 ns
[1001.527s][info ][safepoint      ] Safepoint "Cleanup", Time since last: 1000104586 ns, Reaching safepoint: 5000 ns, Cleanup: 45200 ns, At safepoint: 6600 ns, Total: 56800 ns
[1002.527s][info ][safepoint      ] Safepoint "Cleanup", Time since last: 1000106585 ns, Reaching safepoint: 6100 ns, Cleanup: 36800 ns, At safepoint: 3200 ns, Total: 46100 ns
[1003.527s][info ][safepoint      ] Safepoint "Cleanup", Time since last: 1000099539 ns, Reaching safepoint: 5200 ns, Cleanup: 35400 ns, At safepoint: 2900 ns, Total: 43500 ns
[1004.527s][info ][safepoint      ] Safepoint "Cleanup", Time since last: 1000082557 ns, Reaching safepoint: 3900 ns, Cleanup: 32200 ns, At safepoint: 2200 ns, Total: 38300 ns
[1006.211s][info ][gc,start       ] GC(79) Pause Young (Allocation Failure)
[1006.225s][debug][gc,phases      ] GC(79) Scavenge 14.304ms
[1006.225s][debug][gc,ref         ] GC(79) Skipped phase 1 of Reference Processing: no references
[1006.225s][debug][gc,ref         ] GC(79) ReferenceProcessor::execute queues: 1, RefProcThreadModel::Single, marks_oops_alive: false
[1006.225s][debug][gc,ref         ] GC(79) Skipped phase 3 of Reference Processing: no references
[1006.225s][debug][gc,ref         ] GC(79) ReferenceProcessor::execute queues: 1, RefProcThreadModel::Single, marks_oops_alive: false
[1006.225s][debug][gc,phases      ] GC(79) Reference Processing 0.077ms
[1006.225s][debug][gc,phases      ] GC(79)   VM Weak                        Min:  0.0, Avg:  0.0, Max:  0.0, Diff:  0.0, Sum:  0.0, Workers: 4
[1006.225s][debug][gc,phases      ] GC(79)     Dead                           Min: 0, Avg:  0.0, Max: 0, Diff: 0, Sum: 0, Workers: 4
[1006.225s][debug][gc,phases      ] GC(79)     Total                          Min: 0, Avg: 178.0, Max: 456, Diff: 456, Sum: 712, Workers: 4
[1006.225s][debug][gc,phases      ] GC(79)   ObjectSynchronizer Weak        Min:  0.0, Avg:  0.0, Max:  0.0, Diff:  0.0, Sum:  0.0, Workers: 4
[1006.225s][debug][gc,phases      ] GC(79)     Dead                           Min: 0, Avg:  0.0, Max: 0, Diff: 0, Sum: 0, Workers: 4
[1006.225s][debug][gc,phases      ] GC(79)     Total                          Min: 0, Avg:  1.2, Max: 5, Diff: 5, Sum: 5, Workers: 4
[1006.225s][debug][gc,phases      ] GC(79)   JVMTI Tag Weak OopStorage      Min:  0.0, Avg:  0.0, Max:  0.0, Diff:  0.0, Sum:  0.0, Workers: 4
[1006.225s][debug][gc,phases      ] GC(79)     Dead                           Min: 0, Avg:  0.0, Max: 0, Diff: 0, Sum: 0, Workers: 4
[1006.225s][debug][gc,phases      ] GC(79)     Total                          Min: 0, Avg:  0.0, Max: 0, Diff: 0, Sum: 0, Workers: 4
[1006.225s][debug][gc,phases      ] GC(79)   StringTable Weak               Min:  0.1, Avg:  0.1, Max:  0.1, Diff:  0.0, Sum:  0.5, Workers: 4
[1006.226s][debug][gc,phases      ] GC(79)     Dead                           Min: 0, Avg:  0.0, Max: 0, Diff: 0, Sum: 0, Workers: 4
[1006.226s][debug][gc,phases      ] GC(79)     Total                          Min: 10368, Avg: 10845.5, Max: 11390, Diff: 1022, Sum: 43382, Workers: 4
[1006.226s][debug][gc,phases      ] GC(79)   ResolvedMethodTable Weak       Min:  0.0, Avg:  0.0, Max:  0.0, Diff:  0.0, Sum:  0.1, Workers: 4
[1006.226s][debug][gc,phases      ] GC(79)     Dead                           Min: 0, Avg:  0.0, Max: 0, Diff: 0, Sum: 0, Workers: 4
[1006.226s][debug][gc,phases      ] GC(79)     Total                          Min: 2304, Avg: 2391.2, Max: 2525, Diff: 221, Sum: 9565, Workers: 4
[1006.226s][debug][gc,phases      ] GC(79)   JNI Weak                       Min:  0.0, Avg:  0.0, Max:  0.0, Diff:  0.0, Sum:  0.0, Workers: 4
[1006.226s][debug][gc,phases      ] GC(79)     Dead                           Min: 0, Avg:  0.0, Max: 0, Diff: 0, Sum: 0, Workers: 4
[1006.226s][debug][gc,phases      ] GC(79)     Total                          Min: 0, Avg: 11.2, Max: 45, Diff: 45, Sum: 45, Workers: 4
[1006.226s][debug][gc,phases      ] GC(79)   StringDedup Table Weak         Min:  0.0, Avg:  0.0, Max:  0.0, Diff:  0.0, Sum:  0.0, Workers: 4
[1006.226s][debug][gc,phases      ] GC(79)     Dead                           Min: 0, Avg:  0.0, Max: 0, Diff: 0, Sum: 0, Workers: 4
[1006.226s][debug][gc,phases      ] GC(79)     Total                          Min: 0, Avg:  0.0, Max: 0, Diff: 0, Sum: 0, Workers: 4
[1006.226s][debug][gc,phases      ] GC(79)   StringDedup Requests0 Weak     Min:  0.0, Avg:  0.0, Max:  0.0, Diff:  0.0, Sum:  0.0, Workers: 4
[1006.226s][debug][gc,phases      ] GC(79)     Dead                           Min: 0, Avg:  0.0, Max: 0, Diff: 0, Sum: 0, Workers: 4
[1006.226s][debug][gc,phases      ] GC(79)     Total                          Min: 0, Avg:  0.0, Max: 0, Diff: 0, Sum: 0, Workers: 4
[1006.226s][debug][gc,phases      ] GC(79)   StringDedup Requests1 Weak     Min:  0.0, Avg:  0.0, Max:  0.0, Diff:  0.0, Sum:  0.0, Workers: 4
[1006.226s][debug][gc,phases      ] GC(79)     Dead                           Min: 0, Avg:  0.0, Max: 0, Diff: 0, Sum: 0, Workers: 4
[1006.226s][debug][gc,phases      ] GC(79)     Total                          Min: 0, Avg:  0.0, Max: 0, Diff: 0, Sum: 0, Workers: 4
[1006.226s][debug][gc,phases      ] GC(79)   Weak JFR Old Object Samples    Min:  0.0, Avg:  0.0, Max:  0.0, Diff:  0.0, Sum:  0.0, Workers: 4
[1006.226s][debug][gc,phases      ] GC(79)     Dead                           Min: 0, Avg:  0.0, Max: 0, Diff: 0, Sum: 0, Workers: 4
[1006.226s][debug][gc,phases      ] GC(79)     Total                          Min: 0, Avg:  0.0, Max: 0, Diff: 0, Sum: 0, Workers: 4
[1006.226s][debug][gc,phases      ] GC(79) Weak Processing 0.295ms
[1006.226s][debug][gc,age         ] GC(79) Desired survivor size 56623104 bytes, new threshold 15 (max threshold 15)
[1006.226s][info ][gc,heap        ] GC(79) PSYoungGen: 2006656K(2035712K)->30208K(2041856K) Eden: 1976320K(1976320K)->0K(1984512K) From: 30336K(59392K)->30208K(57344K)
[1006.226s][info ][gc,heap        ] GC(79) ParOldGen: 278681K(343552K)->278713K(343552K)
[1006.226s][info ][gc,metaspace   ] GC(79) Metaspace: 81886K(82752K)->81886K(82752K) NonClass: 69964K(70400K)->69964K(70400K) Class: 11921K(12352K)->11921K(12352K)
[1006.226s][info ][gc             ] GC(79) Pause Young (Allocation Failure) 2231M->301M(2329M) 14.780ms
[1006.226s][info ][gc,cpu         ] GC(79) User=0.04s Sys=0.00s Real=0.01s
[1006.226s][info ][safepoint      ] Safepoint "ParallelGCFailedAllocation", Time since last: 1683638660 ns, Reaching safepoint: 5400 ns, Cleanup: 42200 ns, At safepoint: 14849998 ns, Total: 14897598 ns
[1007.226s][info ][safepoint      ] Safepoint "Cleanup", Time since last: 1000082257 ns, Reaching safepoint: 5200 ns, Cleanup: 73000 ns, At safepoint: 5400 ns, Total: 83600 ns
[1008.226s][info ][safepoint      ] Safepoint "Cleanup", Time since last: 1000113058 ns, Reaching safepoint: 4100 ns, Cleanup: 44500 ns, At safepoint: 4000 ns, Total: 52600 ns
[1009.226s][info ][safepoint      ] Safepoint "Cleanup", Time since last: 1000106557 ns, Reaching safepoint: 4800 ns, Cleanup: 40200 ns, At safepoint: 2300 ns, Total: 47300 ns
[1010.226s][info ][safepoint      ] Safepoint "Cleanup", Time since last: 1000094958 ns, Reaching safepoint: 3800 ns, Cleanup: 30400 ns, At safepoint: 2800 ns, Total: 37000 ns
[1011.226s][info ][safepoint      ] Safepoint "Cleanup", Time since last: 1000105657 ns, Reaching safepoint: 4600 ns, Cleanup: 31900 ns, At safepoint: 8000 ns, Total: 44500 ns
[1012.227s][info ][safepoint      ] Safepoint "Cleanup", Time since last: 1000076835 ns, Reaching safepoint: 4200 ns, Cleanup: 33400 ns, At safepoint: 2600 ns, Total: 40200 ns
[1013.227s][info ][safepoint      ] Safepoint "Cleanup", Time since last: 1000102013 ns, Reaching safepoint: 4300 ns, Cleanup: 35200 ns, At safepoint: 3500 ns, Total: 43000 ns
[1014.227s][info ][safepoint      ] Safepoint "Cleanup", Time since last: 1000099712 ns, Reaching safepoint: 4700 ns, Cleanup: 32500 ns, At safepoint: 2000 ns, Total: 39200 ns
[1015.227s][info ][safepoint      ] Safepoint "Cleanup", Time since last: 1000101813 ns, Reaching safepoint: 4100 ns, Cleanup: 49500 ns, At safepoint: 2900 ns, Total: 56500 ns
[1016.067s][info ][safepoint      ] Safepoint "ParallelGCFailedAllocation", Time since last: 840188970 ns, Reaching safepoint: 82801 ns, Cleanup: 47500 ns, At safepoint: 15900 ns, Total: 146201 ns
[1016.067s][info ][gc,start       ] GC(80) Pause Young (GCLocker Initiated GC)
[1016.086s][debug][gc,phases      ] GC(80) Scavenge 18.512ms
[1016.086s][debug][gc,ref         ] GC(80) Skipped phase 1 of Reference Processing: no references
[1016.086s][debug][gc,ref         ] GC(80) ReferenceProcessor::execute queues: 1, RefProcThreadModel::Single, marks_oops_alive: false
[1016.086s][debug][gc,ref         ] GC(80) Skipped phase 3 of Reference Processing: no references
[1016.086s][debug][gc,ref         ] GC(80) ReferenceProcessor::execute queues: 1, RefProcThreadModel::Single, marks_oops_alive: false
[1016.086s][debug][gc,phases      ] GC(80) Reference Processing 0.095ms
[1016.086s][debug][gc,phases      ] GC(80)   VM Weak                        Min:  0.0, Avg:  0.0, Max:  0.0, Diff:  0.0, Sum:  0.0, Workers: 4
[1016.086s][debug][gc,phases      ] GC(80)     Dead                           Min: 0, Avg:  0.0, Max: 0, Diff: 0, Sum: 0, Workers: 4
[1016.086s][debug][gc,phases      ] GC(80)     Total                          Min: 0, Avg: 178.2, Max: 448, Diff: 448, Sum: 713, Workers: 4
[1016.086s][debug][gc,phases      ] GC(80)   ObjectSynchronizer Weak        Min:  0.0, Avg:  0.0, Max:  0.0, Diff:  0.0, Sum:  0.0, Workers: 4
[1016.086s][debug][gc,phases      ] GC(80)     Dead                           Min: 0, Avg:  0.0, Max: 0, Diff: 0, Sum: 0, Workers: 4
[1016.086s][debug][gc,phases      ] GC(80)     Total                          Min: 0, Avg:  1.2, Max: 5, Diff: 5, Sum: 5, Workers: 4
[1016.086s][debug][gc,phases      ] GC(80)   JVMTI Tag Weak OopStorage      Min:  0.0, Avg:  0.0, Max:  0.0, Diff:  0.0, Sum:  0.0, Workers: 4
[1016.086s][debug][gc,phases      ] GC(80)     Dead                           Min: 0, Avg:  0.0, Max: 0, Diff: 0, Sum: 0, Workers: 4
[1016.086s][debug][gc,phases      ] GC(80)     Total                          Min: 0, Avg:  0.0, Max: 0, Diff: 0, Sum: 0, Workers: 4
[1016.086s][debug][gc,phases      ] GC(80)   StringTable Weak               Min:  0.1, Avg:  0.1, Max:  0.1, Diff:  0.0, Sum:  0.6, Workers: 4
[1016.086s][debug][gc,phases      ] GC(80)     Dead                           Min: 0, Avg:  0.2, Max: 1, Diff: 1, Sum: 1, Workers: 4
[1016.086s][debug][gc,phases      ] GC(80)     Total                          Min: 8192, Avg: 10855.5, Max: 14144, Diff: 5952, Sum: 43422, Workers: 4
[1016.086s][debug][gc,phases      ] GC(80)   ResolvedMethodTable Weak       Min:  0.0, Avg:  0.0, Max:  0.0, Diff:  0.0, Sum:  0.1, Workers: 4
[1016.086s][debug][gc,phases      ] GC(80)     Dead                           Min: 0, Avg:  0.0, Max: 0, Diff: 0, Sum: 0, Workers: 4
[1016.086s][debug][gc,phases      ] GC(80)     Total                          Min: 2304, Avg: 2393.5, Max: 2560, Diff: 256, Sum: 9574, Workers: 4
[1016.086s][debug][gc,phases      ] GC(80)   JNI Weak                       Min:  0.0, Avg:  0.0, Max:  0.0, Diff:  0.0, Sum:  0.0, Workers: 4
[1016.086s][debug][gc,phases      ] GC(80)     Dead                           Min: 0, Avg:  0.0, Max: 0, Diff: 0, Sum: 0, Workers: 4
[1016.086s][debug][gc,phases      ] GC(80)     Total                          Min: 0, Avg: 11.2, Max: 45, Diff: 45, Sum: 45, Workers: 4
[1016.086s][debug][gc,phases      ] GC(80)   StringDedup Table Weak         Min:  0.0, Avg:  0.0, Max:  0.0, Diff:  0.0, Sum:  0.0, Workers: 4
[1016.086s][debug][gc,phases      ] GC(80)     Dead                           Min: 0, Avg:  0.0, Max: 0, Diff: 0, Sum: 0, Workers: 4
[1016.086s][debug][gc,phases      ] GC(80)     Total                          Min: 0, Avg:  0.0, Max: 0, Diff: 0, Sum: 0, Workers: 4
[1016.086s][debug][gc,phases      ] GC(80)   StringDedup Requests0 Weak     Min:  0.0, Avg:  0.0, Max:  0.0, Diff:  0.0, Sum:  0.0, Workers: 4
[1016.086s][debug][gc,phases      ] GC(80)     Dead                           Min: 0, Avg:  0.0, Max: 0, Diff: 0, Sum: 0, Workers: 4
[1016.086s][debug][gc,phases      ] GC(80)     Total                          Min: 0, Avg:  0.0, Max: 0, Diff: 0, Sum: 0, Workers: 4
[1016.086s][debug][gc,phases      ] GC(80)   StringDedup Requests1 Weak     Min:  0.0, Avg:  0.0, Max:  0.0, Diff:  0.0, Sum:  0.0, Workers: 4
[1016.086s][debug][gc,phases      ] GC(80)     Dead                           Min: 0, Avg:  0.0, Max: 0, Diff: 0, Sum: 0, Workers: 4
[1016.086s][debug][gc,phases      ] GC(80)     Total                          Min: 0, Avg:  0.0, Max: 0, Diff: 0, Sum: 0, Workers: 4
[1016.086s][debug][gc,phases      ] GC(80)   Weak JFR Old Object Samples    Min:  0.0, Avg:  0.0, Max:  0.0, Diff:  0.0, Sum:  0.0, Workers: 4
[1016.086s][debug][gc,phases      ] GC(80)     Dead                           Min: 0, Avg:  0.0, Max: 0, Diff: 0, Sum: 0, Workers: 4
[1016.086s][debug][gc,phases      ] GC(80)     Total                          Min: 0, Avg:  0.0, Max: 0, Diff: 0, Sum: 0, Workers: 4
[1016.086s][debug][gc,phases      ] GC(80) Weak Processing 0.330ms
[1016.087s][debug][gc,age         ] GC(80) Desired survivor size 59244544 bytes, new threshold 15 (max threshold 15)
[1016.087s][info ][gc,heap        ] GC(80) PSYoungGen: 2014720K(2041856K)->1968K(1986560K) Eden: 1984512K(1984512K)->0K(1984512K) From: 30208K(57344K)->1968K(2048K)
[1016.087s][info ][gc,heap        ] GC(80) ParOldGen: 278713K(343552K)->308362K(343552K)
[1016.087s][info ][gc,metaspace   ] GC(80) Metaspace: 81940K(82816K)->81940K(82816K) NonClass: 70014K(70464K)->70014K(70464K) Class: 11925K(12352K)->11925K(12352K)
[1016.087s][info ][gc             ] GC(80) Pause Young (GCLocker Initiated GC) 2239M->303M(2275M) 19.043ms
[1016.087s][info ][gc,cpu         ] GC(80) User=0.07s Sys=0.00s Real=0.02s
[1016.087s][info ][safepoint      ] Safepoint "ParallelGCSystemGC", Time since last: 70100 ns, Reaching safepoint: 71400 ns, Cleanup: 14300 ns, At safepoint: 19112329 ns, Total: 19198029 ns
[1017.087s][info ][safepoint      ] Safepoint "Cleanup", Time since last: 1000091633 ns, Reaching safepoint: 4000 ns, Cleanup: 37000 ns, At safepoint: 2900 ns, Total: 43900 ns
[1019.087s][info ][safepoint      ] Safepoint "Cleanup", Time since last: 2000160098 ns, Reaching safepoint: 3300 ns, Cleanup: 38100 ns, At safepoint: 2100 ns, Total: 43500 ns
[1021.283s][info ][safepoint      ] Safepoint "Cleanup", Time since last: 2196438697 ns, Reaching safepoint: 3800 ns, Cleanup: 36400 ns, At safepoint: 2000 ns, Total: 42200 ns
[1023.284s][info ][safepoint      ] Safepoint "Cleanup", Time since last: 2000159586 ns, Reaching safepoint: 76000 ns, Cleanup: 43200 ns, At safepoint: 5700 ns, Total: 124900 ns
[1026.162s][info ][gc,start       ] GC(81) Pause Young (Allocation Failure)
[1026.166s][debug][gc,phases      ] GC(81) Scavenge 4.107ms
[1026.167s][debug][gc,ref         ] GC(81) Skipped phase 1 of Reference Processing: no references
[1026.167s][debug][gc,ref         ] GC(81) ReferenceProcessor::execute queues: 1, RefProcThreadModel::Single, marks_oops_alive: false
[1026.167s][debug][gc,ref         ] GC(81) ReferenceProcessor::execute queues: 4, RefProcThreadModel::Multi, marks_oops_alive: true
[1026.167s][debug][gc,ref         ] GC(81) ReferenceProcessor::execute queues: 1, RefProcThreadModel::Single, marks_oops_alive: false
[1026.167s][debug][gc,phases      ] GC(81) Reference Processing 0.171ms
[1026.167s][debug][gc,phases      ] GC(81)   VM Weak                        Min:  0.0, Avg:  0.0, Max:  0.0, Diff:  0.0, Sum:  0.0, Workers: 4
[1026.167s][debug][gc,phases      ] GC(81)     Dead                           Min: 0, Avg:  0.0, Max: 0, Diff: 0, Sum: 0, Workers: 4
[1026.167s][debug][gc,phases      ] GC(81)     Total                          Min: 0, Avg: 178.2, Max: 448, Diff: 448, Sum: 713, Workers: 4
[1026.167s][debug][gc,phases      ] GC(81)   ObjectSynchronizer Weak        Min:  0.0, Avg:  0.0, Max:  0.0, Diff:  0.0, Sum:  0.0, Workers: 4
[1026.167s][debug][gc,phases      ] GC(81)     Dead                           Min: 0, Avg:  0.0, Max: 0, Diff: 0, Sum: 0, Workers: 4
[1026.167s][debug][gc,phases      ] GC(81)     Total                          Min: 0, Avg:  1.2, Max: 5, Diff: 5, Sum: 5, Workers: 4
[1026.167s][debug][gc,phases      ] GC(81)   JVMTI Tag Weak OopStorage      Min:  0.0, Avg:  0.0, Max:  0.0, Diff:  0.0, Sum:  0.0, Workers: 4
[1026.167s][debug][gc,phases      ] GC(81)     Dead                           Min: 0, Avg:  0.0, Max: 0, Diff: 0, Sum: 0, Workers: 4
[1026.167s][debug][gc,phases      ] GC(81)     Total                          Min: 0, Avg:  0.0, Max: 0, Diff: 0, Sum: 0, Workers: 4
[1026.167s][debug][gc,phases      ] GC(81)   StringTable Weak               Min:  0.0, Avg:  0.1, Max:  0.1, Diff:  0.1, Sum:  0.4, Workers: 4
[1026.167s][debug][gc,phases      ] GC(81)     Dead                           Min: 0, Avg:  0.0, Max: 0, Diff: 0, Sum: 0, Workers: 4
[1026.167s][debug][gc,phases      ] GC(81)     Total                          Min: 0, Avg: 10855.8, Max: 14752, Diff: 14752, Sum: 43423, Workers: 4
[1026.167s][debug][gc,phases      ] GC(81)   ResolvedMethodTable Weak       Min:  0.0, Avg:  0.0, Max:  0.0, Diff:  0.0, Sum:  0.1, Workers: 4
[1026.167s][debug][gc,phases      ] GC(81)     Dead                           Min: 0, Avg:  0.0, Max: 0, Diff: 0, Sum: 0, Workers: 4
[1026.167s][debug][gc,phases      ] GC(81)     Total                          Min: 0, Avg: 2393.5, Max: 3264, Diff: 3264, Sum: 9574, Workers: 4
[1026.167s][debug][gc,phases      ] GC(81)   JNI Weak                       Min:  0.0, Avg:  0.0, Max:  0.0, Diff:  0.0, Sum:  0.0, Workers: 4
[1026.167s][debug][gc,phases      ] GC(81)     Dead                           Min: 0, Avg:  0.0, Max: 0, Diff: 0, Sum: 0, Workers: 4
[1026.167s][debug][gc,phases      ] GC(81)     Total                          Min: 0, Avg: 11.2, Max: 45, Diff: 45, Sum: 45, Workers: 4
[1026.167s][debug][gc,phases      ] GC(81)   StringDedup Table Weak         Min:  0.0, Avg:  0.0, Max:  0.0, Diff:  0.0, Sum:  0.0, Workers: 4
[1026.167s][debug][gc,phases      ] GC(81)     Dead                           Min: 0, Avg:  0.0, Max: 0, Diff: 0, Sum: 0, Workers: 4
[1026.167s][debug][gc,phases      ] GC(81)     Total                          Min: 0, Avg:  0.0, Max: 0, Diff: 0, Sum: 0, Workers: 4
[1026.167s][debug][gc,phases      ] GC(81)   StringDedup Requests0 Weak     Min:  0.0, Avg:  0.0, Max:  0.0, Diff:  0.0, Sum:  0.0, Workers: 4
[1026.167s][debug][gc,phases      ] GC(81)     Dead                           Min: 0, Avg:  0.0, Max: 0, Diff: 0, Sum: 0, Workers: 4
[1026.167s][debug][gc,phases      ] GC(81)     Total                          Min: 0, Avg:  0.0, Max: 0, Diff: 0, Sum: 0, Workers: 4
[1026.167s][debug][gc,phases      ] GC(81)   StringDedup Requests1 Weak     Min:  0.0, Avg:  0.0, Max:  0.0, Diff:  0.0, Sum:  0.0, Workers: 4
[1026.167s][debug][gc,phases      ] GC(81)     Dead                           Min: 0, Avg:  0.0, Max: 0, Diff: 0, Sum: 0, Workers: 4
[1026.167s][debug][gc,phases      ] GC(81)     Total                          Min: 0, Avg:  0.0, Max: 0, Diff: 0, Sum: 0, Workers: 4
[1026.167s][debug][gc,phases      ] GC(81)   Weak JFR Old Object Samples    Min:  0.0, Avg:  0.0, Max:  0.0, Diff:  0.0, Sum:  0.0, Workers: 4
[1026.167s][debug][gc,phases      ] GC(81)     Dead                           Min: 0, Avg:  0.0, Max: 0, Diff: 0, Sum: 0, Workers: 4
[1026.167s][debug][gc,phases      ] GC(81)     Total                          Min: 0, Avg:  0.0, Max: 0, Diff: 0, Sum: 0, Workers: 4
[1026.167s][debug][gc,phases      ] GC(81) Weak Processing 0.328ms
[1026.167s][debug][gc,age         ] GC(81) Desired survivor size 61341696 bytes, new threshold 15 (max threshold 15)
[1026.167s][info ][gc,heap        ] GC(81) PSYoungGen: 1986480K(1986560K)->1504K(2035200K) Eden: 1984512K(1984512K)->0K(1977344K) From: 1968K(2048K)->1504K(57856K)
[1026.167s][info ][gc,heap        ] GC(81) ParOldGen: 308364K(343552K)->308840K(343552K)
[1026.167s][info ][gc,metaspace   ] GC(81) Metaspace: 81941K(82816K)->81941K(82816K) NonClass: 70015K(70464K)->70015K(70464K) Class: 11925K(12352K)->11925K(12352K)
[1026.167s][info ][gc             ] GC(81) Pause Young (Allocation Failure) 2241M->303M(2323M) 4.723ms
[1026.167s][info ][gc,cpu         ] GC(81) User=0.01s Sys=0.00s Real=0.00s
[1026.167s][info ][safepoint      ] Safepoint "ParallelGCFailedAllocation", Time since last: 2878573544 ns, Reaching safepoint: 5100 ns, Cleanup: 38800 ns, At safepoint: 4789600 ns, Total: 4833500 ns
[1027.167s][info ][safepoint      ] Safepoint "Cleanup", Time since last: 1000088976 ns, Reaching safepoint: 75300 ns, Cleanup: 29800 ns, At safepoint: 6500 ns, Total: 111600 ns
[1028.460s][info ][safepoint      ] Safepoint "Cleanup", Time since last: 1292570206 ns, Reaching safepoint: 5300 ns, Cleanup: 81700 ns, At safepoint: 6700 ns, Total: 93700 ns
[1033.460s][info ][safepoint      ] Safepoint "Cleanup", Time since last: 5000382329 ns, Reaching safepoint: 76300 ns, Cleanup: 50500 ns, At safepoint: 11600 ns, Total: 138400 ns
[1034.461s][info ][safepoint      ] Safepoint "Cleanup", Time since last: 1000438945 ns, Reaching safepoint: 75400 ns, Cleanup: 54800 ns, At safepoint: 6000 ns, Total: 136200 ns
[1035.461s][info ][safepoint      ] Safepoint "Cleanup", Time since last: 1000118109 ns, Reaching safepoint: 81500 ns, Cleanup: 51200 ns, At safepoint: 7600 ns, Total: 140300 ns
[1035.714s][info ][gc,start       ] GC(82) Pause Young (Allocation Failure)
[1035.721s][debug][gc,phases      ] GC(82) Scavenge 6.489ms
[1035.721s][debug][gc,ref         ] GC(82) Skipped phase 1 of Reference Processing: no references
[1035.721s][debug][gc,ref         ] GC(82) ReferenceProcessor::execute queues: 1, RefProcThreadModel::Single, marks_oops_alive: false
[1035.721s][debug][gc,ref         ] GC(82) Skipped phase 3 of Reference Processing: no references
[1035.721s][debug][gc,ref         ] GC(82) Skipped phase 4 of Reference Processing: no references
[1035.721s][debug][gc,phases      ] GC(82) Reference Processing 0.109ms
[1035.721s][debug][gc,phases      ] GC(82)   VM Weak                        Min:  0.0, Avg:  0.0, Max:  0.0, Diff:  0.0, Sum:  0.0, Workers: 4
[1035.721s][debug][gc,phases      ] GC(82)     Dead                           Min: 0, Avg:  0.0, Max: 0, Diff: 0, Sum: 0, Workers: 4
[1035.721s][debug][gc,phases      ] GC(82)     Total                          Min: 0, Avg: 178.2, Max: 713, Diff: 713, Sum: 713, Workers: 4
[1035.721s][debug][gc,phases      ] GC(82)   ObjectSynchronizer Weak        Min:  0.0, Avg:  0.0, Max:  0.0, Diff:  0.0, Sum:  0.0, Workers: 4
[1035.721s][debug][gc,phases      ] GC(82)     Dead                           Min: 0, Avg:  0.0, Max: 0, Diff: 0, Sum: 0, Workers: 4
[1035.721s][debug][gc,phases      ] GC(82)     Total                          Min: 0, Avg:  1.2, Max: 5, Diff: 5, Sum: 5, Workers: 4
[1035.721s][debug][gc,phases      ] GC(82)   JVMTI Tag Weak OopStorage      Min:  0.0, Avg:  0.0, Max:  0.0, Diff:  0.0, Sum:  0.0, Workers: 4
[1035.721s][debug][gc,phases      ] GC(82)     Dead                           Min: 0, Avg:  0.0, Max: 0, Diff: 0, Sum: 0, Workers: 4
[1035.721s][debug][gc,phases      ] GC(82)     Total                          Min: 0, Avg:  0.0, Max: 0, Diff: 0, Sum: 0, Workers: 4
[1035.721s][debug][gc,phases      ] GC(82)   StringTable Weak               Min:  0.0, Avg:  0.1, Max:  0.4, Diff:  0.4, Sum:  0.4, Workers: 4
[1035.721s][debug][gc,phases      ] GC(82)     Dead                           Min: 0, Avg:  0.0, Max: 0, Diff: 0, Sum: 0, Workers: 4
[1035.721s][debug][gc,phases      ] GC(82)     Total                          Min: 0, Avg: 10856.5, Max: 43426, Diff: 43426, Sum: 43426, Workers: 4
[1035.721s][debug][gc,phases      ] GC(82)   ResolvedMethodTable Weak       Min:  0.0, Avg:  0.0, Max:  0.1, Diff:  0.1, Sum:  0.1, Workers: 4
[1035.721s][debug][gc,phases      ] GC(82)     Dead                           Min: 0, Avg:  0.0, Max: 0, Diff: 0, Sum: 0, Workers: 4
[1035.721s][debug][gc,phases      ] GC(82)     Total                          Min: 0, Avg: 2393.5, Max: 9574, Diff: 9574, Sum: 9574, Workers: 4
[1035.721s][debug][gc,phases      ] GC(82)   JNI Weak                       Min:  0.0, Avg:  0.0, Max:  0.0, Diff:  0.0, Sum:  0.0, Workers: 4
[1035.721s][debug][gc,phases      ] GC(82)     Dead                           Min: 0, Avg:  0.0, Max: 0, Diff: 0, Sum: 0, Workers: 4
[1035.721s][debug][gc,phases      ] GC(82)     Total                          Min: 0, Avg: 11.2, Max: 45, Diff: 45, Sum: 45, Workers: 4
[1035.721s][debug][gc,phases      ] GC(82)   StringDedup Table Weak         Min:  0.0, Avg:  0.0, Max:  0.0, Diff:  0.0, Sum:  0.0, Workers: 4
[1035.721s][debug][gc,phases      ] GC(82)     Dead                           Min: 0, Avg:  0.0, Max: 0, Diff: 0, Sum: 0, Workers: 4
[1035.721s][debug][gc,phases      ] GC(82)     Total                          Min: 0, Avg:  0.0, Max: 0, Diff: 0, Sum: 0, Workers: 4
[1035.721s][debug][gc,phases      ] GC(82)   StringDedup Requests0 Weak     Min:  0.0, Avg:  0.0, Max:  0.0, Diff:  0.0, Sum:  0.0, Workers: 4
[1035.721s][debug][gc,phases      ] GC(82)     Dead                           Min: 0, Avg:  0.0, Max: 0, Diff: 0, Sum: 0, Workers: 4
[1035.721s][debug][gc,phases      ] GC(82)     Total                          Min: 0, Avg:  0.0, Max: 0, Diff: 0, Sum: 0, Workers: 4
[1035.721s][debug][gc,phases      ] GC(82)   StringDedup Requests1 Weak     Min:  0.0, Avg:  0.0, Max:  0.0, Diff:  0.0, Sum:  0.0, Workers: 4
[1035.721s][debug][gc,phases      ] GC(82)     Dead                           Min: 0, Avg:  0.0, Max: 0, Diff: 0, Sum: 0, Workers: 4
[1035.721s][debug][gc,phases      ] GC(82)     Total                          Min: 0, Avg:  0.0, Max: 0, Diff: 0, Sum: 0, Workers: 4
[1035.721s][debug][gc,phases      ] GC(82)   Weak JFR Old Object Samples    Min:  0.0, Avg:  0.0, Max:  0.0, Diff:  0.0, Sum:  0.0, Workers: 4
[1035.721s][debug][gc,phases      ] GC(82)     Dead                           Min: 0, Avg:  0.0, Max: 0, Diff: 0, Sum: 0, Workers: 4
[1035.721s][debug][gc,phases      ] GC(82)     Total                          Min: 0, Avg:  0.0, Max: 0, Diff: 0, Sum: 0, Workers: 4
[1035.721s][debug][gc,phases      ] GC(82) Weak Processing 0.729ms
[1035.721s][debug][gc,age         ] GC(82) Desired survivor size 62390272 bytes, new threshold 15 (max threshold 15)
[1035.722s][info ][gc,heap        ] GC(82) PSYoungGen: 1978848K(2035200K)->1472K(1978880K) Eden: 1977344K(1977344K)->0K(1977344K) From: 1504K(57856K)->1472K(1536K)
[1035.722s][info ][gc,heap        ] GC(82) ParOldGen: 308840K(343552K)->308920K(343552K)
[1035.722s][info ][gc,metaspace   ] GC(82) Metaspace: 81963K(82880K)->81963K(82880K) NonClass: 70038K(70528K)->70038K(70528K) Class: 11925K(12352K)->11925K(12352K)
[1035.722s][info ][gc             ] GC(82) Pause Young (Allocation Failure) 2234M->303M(2268M) 7.460ms
[1035.722s][info ][gc,cpu         ] GC(82) User=0.02s Sys=0.00s Real=0.01s
[1035.722s][info ][safepoint      ] Safepoint "ParallelGCFailedAllocation", Time since last: 252614242 ns, Reaching safepoint: 81000 ns, Cleanup: 31200 ns, At safepoint: 7540789 ns, Total: 7652989 ns
[1037.722s][info ][safepoint      ] Safepoint "Cleanup", Time since last: 2000145564 ns, Reaching safepoint: 4000 ns, Cleanup: 49600 ns, At safepoint: 2600 ns, Total: 56200 ns
[1041.722s][info ][safepoint      ] Safepoint "Cleanup", Time since last: 4000294996 ns, Reaching safepoint: 4300 ns, Cleanup: 38900 ns, At safepoint: 5700 ns, Total: 48900 ns
[1042.722s][info ][safepoint      ] Safepoint "Cleanup", Time since last: 1000105658 ns, Reaching safepoint: 4600 ns, Cleanup: 38600 ns, At safepoint: 3000 ns, Total: 46200 ns
[1044.722s][info ][safepoint      ] Safepoint "Cleanup", Time since last: 2000168685 ns, Reaching safepoint: 4500 ns, Cleanup: 30400 ns, At safepoint: 1900 ns, Total: 36800 ns
[1045.515s][info ][gc,start       ] GC(83) Pause Young (Allocation Failure)
[1045.520s][debug][gc,phases      ] GC(83) Scavenge 4.271ms
[1045.520s][debug][gc,ref         ] GC(83) Skipped phase 1 of Reference Processing: no references
[1045.520s][debug][gc,ref         ] GC(83) ReferenceProcessor::execute queues: 1, RefProcThreadModel::Single, marks_oops_alive: false
[1045.520s][debug][gc,ref         ] GC(83) ReferenceProcessor::execute queues: 4, RefProcThreadModel::Multi, marks_oops_alive: true
[1045.520s][debug][gc,ref         ] GC(83) Skipped phase 4 of Reference Processing: no references
[1045.520s][debug][gc,phases      ] GC(83) Reference Processing 0.197ms
[1045.520s][debug][gc,phases      ] GC(83)   VM Weak                        Min:  0.0, Avg:  0.0, Max:  0.0, Diff:  0.0, Sum:  0.0, Workers: 4
[1045.520s][debug][gc,phases      ] GC(83)     Dead                           Min: 0, Avg:  0.0, Max: 0, Diff: 0, Sum: 0, Workers: 4
[1045.520s][debug][gc,phases      ] GC(83)     Total                          Min: 0, Avg: 178.2, Max: 512, Diff: 512, Sum: 713, Workers: 4
[1045.520s][debug][gc,phases      ] GC(83)   ObjectSynchronizer Weak        Min:  0.0, Avg:  0.0, Max:  0.0, Diff:  0.0, Sum:  0.0, Workers: 4
[1045.520s][debug][gc,phases      ] GC(83)     Dead                           Min: 0, Avg:  0.0, Max: 0, Diff: 0, Sum: 0, Workers: 4
[1045.520s][debug][gc,phases      ] GC(83)     Total                          Min: 0, Avg:  1.2, Max: 5, Diff: 5, Sum: 5, Workers: 4
[1045.520s][debug][gc,phases      ] GC(83)   JVMTI Tag Weak OopStorage      Min:  0.0, Avg:  0.0, Max:  0.0, Diff:  0.0, Sum:  0.0, Workers: 4
[1045.520s][debug][gc,phases      ] GC(83)     Dead                           Min: 0, Avg:  0.0, Max: 0, Diff: 0, Sum: 0, Workers: 4
[1045.520s][debug][gc,phases      ] GC(83)     Total                          Min: 0, Avg:  0.0, Max: 0, Diff: 0, Sum: 0, Workers: 4
[1045.520s][debug][gc,phases      ] GC(83)   StringTable Weak               Min:  0.0, Avg:  0.1, Max:  0.2, Diff:  0.2, Sum:  0.5, Workers: 4
[1045.520s][debug][gc,phases      ] GC(83)     Dead                           Min: 0, Avg:  0.0, Max: 0, Diff: 0, Sum: 0, Workers: 4
[1045.520s][debug][gc,phases      ] GC(83)     Total                          Min: 0, Avg: 10856.5, Max: 15103, Diff: 15103, Sum: 43426, Workers: 4
[1045.520s][debug][gc,phases      ] GC(83)   ResolvedMethodTable Weak       Min:  0.0, Avg:  0.0, Max:  0.0, Diff:  0.0, Sum:  0.1, Workers: 4
[1045.520s][debug][gc,phases      ] GC(83)     Dead                           Min: 0, Avg:  0.0, Max: 0, Diff: 0, Sum: 0, Workers: 4
[1045.520s][debug][gc,phases      ] GC(83)     Total                          Min: 0, Avg: 2393.5, Max: 3392, Diff: 3392, Sum: 9574, Workers: 4
[1045.520s][debug][gc,phases      ] GC(83)   JNI Weak                       Min:  0.0, Avg:  0.0, Max:  0.0, Diff:  0.0, Sum:  0.0, Workers: 4
[1045.520s][debug][gc,phases      ] GC(83)     Dead                           Min: 0, Avg:  0.0, Max: 0, Diff: 0, Sum: 0, Workers: 4
[1045.520s][debug][gc,phases      ] GC(83)     Total                          Min: 0, Avg: 11.2, Max: 45, Diff: 45, Sum: 45, Workers: 4
[1045.520s][debug][gc,phases      ] GC(83)   StringDedup Table Weak         Min:  0.0, Avg:  0.0, Max:  0.0, Diff:  0.0, Sum:  0.0, Workers: 4
[1045.520s][debug][gc,phases      ] GC(83)     Dead                           Min: 0, Avg:  0.0, Max: 0, Diff: 0, Sum: 0, Workers: 4
[1045.520s][debug][gc,phases      ] GC(83)     Total                          Min: 0, Avg:  0.0, Max: 0, Diff: 0, Sum: 0, Workers: 4
[1045.520s][debug][gc,phases      ] GC(83)   StringDedup Requests0 Weak     Min:  0.0, Avg:  0.0, Max:  0.0, Diff:  0.0, Sum:  0.0, Workers: 4
[1045.520s][debug][gc,phases      ] GC(83)     Dead                           Min: 0, Avg:  0.0, Max: 0, Diff: 0, Sum: 0, Workers: 4
[1045.520s][debug][gc,phases      ] GC(83)     Total                          Min: 0, Avg:  0.0, Max: 0, Diff: 0, Sum: 0, Workers: 4
[1045.520s][debug][gc,phases      ] GC(83)   StringDedup Requests1 Weak     Min:  0.0, Avg:  0.0, Max:  0.0, Diff:  0.0, Sum:  0.0, Workers: 4
[1045.520s][debug][gc,phases      ] GC(83)     Dead                           Min: 0, Avg:  0.0, Max: 0, Diff: 0, Sum: 0, Workers: 4
[1045.520s][debug][gc,phases      ] GC(83)     Total                          Min: 0, Avg:  0.0, Max: 0, Diff: 0, Sum: 0, Workers: 4
[1045.520s][debug][gc,phases      ] GC(83)   Weak JFR Old Object Samples    Min:  0.0, Avg:  0.0, Max:  0.0, Diff:  0.0, Sum:  0.0, Workers: 4
[1045.520s][debug][gc,phases      ] GC(83)     Dead                           Min: 0, Avg:  0.0, Max: 0, Diff: 0, Sum: 0, Workers: 4
[1045.520s][debug][gc,phases      ] GC(83)     Total                          Min: 0, Avg:  0.0, Max: 0, Diff: 0, Sum: 0, Workers: 4
[1045.520s][debug][gc,phases      ] GC(83) Weak Processing 0.334ms
[1045.520s][debug][gc,age         ] GC(83) Desired survivor size 62390272 bytes, new threshold 15 (max threshold 15)
[1045.520s][info ][gc,heap        ] GC(83) PSYoungGen: 1978816K(1978880K)->1488K(2036224K) Eden: 1977344K(1977344K)->0K(1975296K) From: 1472K(1536K)->1488K(60928K)
[1045.520s][info ][gc,heap        ] GC(83) ParOldGen: 308920K(343552K)->308944K(343552K)
[1045.520s][info ][gc,metaspace   ] GC(83) Metaspace: 81969K(82880K)->81969K(82880K) NonClass: 70043K(70528K)->70043K(70528K) Class: 11925K(12352K)->11925K(12352K)
[1045.520s][info ][gc             ] GC(83) Pause Young (Allocation Failure) 2234M->303M(2324M) 4.902ms
[1045.520s][info ][gc,cpu         ] GC(83) User=0.01s Sys=0.00s Real=0.01s
[1045.520s][info ][safepoint      ] Safepoint "ParallelGCFailedAllocation", Time since last: 792659591 ns, Reaching safepoint: 73900 ns, Cleanup: 36600 ns, At safepoint: 4977298 ns, Total: 5087798 ns
[1048.520s][info ][safepoint      ] Safepoint "Cleanup", Time since last: 3000201906 ns, Reaching safepoint: 4300 ns, Cleanup: 33200 ns, At safepoint: 2300 ns, Total: 39800 ns
[1052.521s][info ][safepoint      ] Safepoint "Cleanup", Time since last: 4000292427 ns, Reaching safepoint: 71500 ns, Cleanup: 39500 ns, At safepoint: 4400 ns, Total: 115400 ns
[1053.521s][info ][safepoint      ] Safepoint "Cleanup", Time since last: 1000108122 ns, Reaching safepoint: 4400 ns, Cleanup: 36100 ns, At safepoint: 2400 ns, Total: 42900 ns
[1055.364s][info ][gc,start       ] GC(84) Pause Young (Allocation Failure)
[1055.368s][debug][gc,phases      ] GC(84) Scavenge 4.011ms
[1055.368s][debug][gc,ref         ] GC(84) Skipped phase 1 of Reference Processing: no references
[1055.368s][debug][gc,ref         ] GC(84) ReferenceProcessor::execute queues: 1, RefProcThreadModel::Single, marks_oops_alive: false
[1055.368s][debug][gc,ref         ] GC(84) ReferenceProcessor::execute queues: 4, RefProcThreadModel::Multi, marks_oops_alive: true
[1055.368s][debug][gc,ref         ] GC(84) Skipped phase 4 of Reference Processing: no references
[1055.368s][debug][gc,phases      ] GC(84) Reference Processing 0.172ms
[1055.368s][debug][gc,phases      ] GC(84)   VM Weak                        Min:  0.0, Avg:  0.0, Max:  0.0, Diff:  0.0, Sum:  0.0, Workers: 4
[1055.368s][debug][gc,phases      ] GC(84)     Dead                           Min: 0, Avg:  0.0, Max: 0, Diff: 0, Sum: 0, Workers: 4
[1055.368s][debug][gc,phases      ] GC(84)     Total                          Min: 0, Avg: 178.2, Max: 704, Diff: 704, Sum: 713, Workers: 4
[1055.368s][debug][gc,phases      ] GC(84)   ObjectSynchronizer Weak        Min:  0.0, Avg:  0.0, Max:  0.0, Diff:  0.0, Sum:  0.0, Workers: 4
[1055.368s][debug][gc,phases      ] GC(84)     Dead                           Min: 0, Avg:  0.0, Max: 0, Diff: 0, Sum: 0, Workers: 4
[1055.368s][debug][gc,phases      ] GC(84)     Total                          Min: 0, Avg:  1.2, Max: 5, Diff: 5, Sum: 5, Workers: 4
[1055.368s][debug][gc,phases      ] GC(84)   JVMTI Tag Weak OopStorage      Min:  0.0, Avg:  0.0, Max:  0.0, Diff:  0.0, Sum:  0.0, Workers: 4
[1055.368s][debug][gc,phases      ] GC(84)     Dead                           Min: 0, Avg:  0.0, Max: 0, Diff: 0, Sum: 0, Workers: 4
[1055.368s][debug][gc,phases      ] GC(84)     Total                          Min: 0, Avg:  0.0, Max: 0, Diff: 0, Sum: 0, Workers: 4
[1055.368s][debug][gc,phases      ] GC(84)   StringTable Weak               Min:  0.0, Avg:  0.1, Max:  0.2, Diff:  0.2, Sum:  0.3, Workers: 4
[1055.368s][debug][gc,phases      ] GC(84)     Dead                           Min: 0, Avg:  0.0, Max: 0, Diff: 0, Sum: 0, Workers: 4
[1055.368s][debug][gc,phases      ] GC(84)     Total                          Min: 0, Avg: 10856.5, Max: 26623, Diff: 26623, Sum: 43426, Workers: 4
[1055.368s][debug][gc,phases      ] GC(84)   ResolvedMethodTable Weak       Min:  0.0, Avg:  0.0, Max:  0.0, Diff:  0.0, Sum:  0.1, Workers: 4
[1055.368s][debug][gc,phases      ] GC(84)     Dead                           Min: 0, Avg:  0.0, Max: 0, Diff: 0, Sum: 0, Workers: 4
[1055.368s][debug][gc,phases      ] GC(84)     Total                          Min: 0, Avg: 2393.5, Max: 5798, Diff: 5798, Sum: 9574, Workers: 4
[1055.368s][debug][gc,phases      ] GC(84)   JNI Weak                       Min:  0.0, Avg:  0.0, Max:  0.0, Diff:  0.0, Sum:  0.0, Workers: 4
[1055.368s][debug][gc,phases      ] GC(84)     Dead                           Min: 0, Avg:  0.0, Max: 0, Diff: 0, Sum: 0, Workers: 4
[1055.368s][debug][gc,phases      ] GC(84)     Total                          Min: 0, Avg: 11.2, Max: 45, Diff: 45, Sum: 45, Workers: 4
[1055.368s][debug][gc,phases      ] GC(84)   StringDedup Table Weak         Min:  0.0, Avg:  0.0, Max:  0.0, Diff:  0.0, Sum:  0.0, Workers: 4
[1055.368s][debug][gc,phases      ] GC(84)     Dead                           Min: 0, Avg:  0.0, Max: 0, Diff: 0, Sum: 0, Workers: 4
[1055.368s][debug][gc,phases      ] GC(84)     Total                          Min: 0, Avg:  0.0, Max: 0, Diff: 0, Sum: 0, Workers: 4
[1055.368s][debug][gc,phases      ] GC(84)   StringDedup Requests0 Weak     Min:  0.0, Avg:  0.0, Max:  0.0, Diff:  0.0, Sum:  0.0, Workers: 4
[1055.368s][debug][gc,phases      ] GC(84)     Dead                           Min: 0, Avg:  0.0, Max: 0, Diff: 0, Sum: 0, Workers: 4
[1055.368s][debug][gc,phases      ] GC(84)     Total                          Min: 0, Avg:  0.0, Max: 0, Diff: 0, Sum: 0, Workers: 4
[1055.368s][debug][gc,phases      ] GC(84)   StringDedup Requests1 Weak     Min:  0.0, Avg:  0.0, Max:  0.0, Diff:  0.0, Sum:  0.0, Workers: 4
[1055.368s][debug][gc,phases      ] GC(84)     Dead                           Min: 0, Avg:  0.0, Max: 0, Diff: 0, Sum: 0, Workers: 4
[1055.368s][debug][gc,phases      ] GC(84)     Total                          Min: 0, Avg:  0.0, Max: 0, Diff: 0, Sum: 0, Workers: 4
[1055.368s][debug][gc,phases      ] GC(84)   Weak JFR Old Object Samples    Min:  0.0, Avg:  0.0, Max:  0.0, Diff:  0.0, Sum:  0.0, Workers: 4
[1055.368s][debug][gc,phases      ] GC(84)     Dead                           Min: 0, Avg:  0.0, Max: 0, Diff: 0, Sum: 0, Workers: 4
[1055.369s][debug][gc,phases      ] GC(84)     Total                          Min: 0, Avg:  0.0, Max: 0, Diff: 0, Sum: 0, Workers: 4
[1055.369s][debug][gc,phases      ] GC(84) Weak Processing 0.343ms
[1055.369s][debug][gc,age         ] GC(84) Desired survivor size 62390272 bytes, new threshold 15 (max threshold 15)
[1055.369s][info ][gc,heap        ] GC(84) PSYoungGen: 1976784K(2036224K)->1376K(2036224K) Eden: 1975296K(1975296K)->0K(1975296K) From: 1488K(60928K)->1376K(60928K)
[1055.369s][info ][gc,heap        ] GC(84) ParOldGen: 308944K(343552K)->309168K(343552K)
[1055.369s][info ][gc,metaspace   ] GC(84) Metaspace: 81976K(82880K)->81976K(82880K) NonClass: 70050K(70528K)->70050K(70528K) Class: 11925K(12352K)->11925K(12352K)
[1055.369s][info ][gc             ] GC(84) Pause Young (Allocation Failure) 2232M->303M(2324M) 4.620ms
[1055.369s][info ][gc,cpu         ] GC(84) User=0.01s Sys=0.00s Real=0.01s
[1055.369s][info ][safepoint      ] Safepoint "ParallelGCFailedAllocation", Time since last: 1842740889 ns, Reaching safepoint: 76900 ns, Cleanup: 40100 ns, At safepoint: 4693999 ns, Total: 4810999 ns
[1057.369s][info ][safepoint      ] Safepoint "Cleanup", Time since last: 2000158244 ns, Reaching safepoint: 5700 ns, Cleanup: 41000 ns, At safepoint: 2500 ns, Total: 49200 ns
[1058.369s][info ][safepoint      ] Safepoint "Cleanup", Time since last: 1000107223 ns, Reaching safepoint: 4000 ns, Cleanup: 33100 ns, At safepoint: 2600 ns, Total: 39700 ns
[1059.369s][info ][safepoint      ] Safepoint "Cleanup", Time since last: 1000113522 ns, Reaching safepoint: 5500 ns, Cleanup: 56400 ns, At safepoint: 30700 ns, Total: 92600 ns
[1061.369s][info ][safepoint      ] Safepoint "Cleanup", Time since last: 2000183390 ns, Reaching safepoint: 71300 ns, Cleanup: 29400 ns, At safepoint: 3100 ns, Total: 103800 ns
[1062.370s][info ][safepoint      ] Safepoint "Cleanup", Time since last: 1000113694 ns, Reaching safepoint: 5100 ns, Cleanup: 41200 ns, At safepoint: 5600 ns, Total: 51900 ns
[1063.370s][info ][safepoint      ] Safepoint "Cleanup", Time since last: 1000117695 ns, Reaching safepoint: 5400 ns, Cleanup: 36000 ns, At safepoint: 4100 ns, Total: 45500 ns
[1065.161s][info ][gc,start       ] GC(85) Pause Young (Allocation Failure)
[1065.165s][debug][gc,phases      ] GC(85) Scavenge 3.729ms
[1065.165s][debug][gc,ref         ] GC(85) Skipped phase 1 of Reference Processing: no references
[1065.165s][debug][gc,ref         ] GC(85) ReferenceProcessor::execute queues: 1, RefProcThreadModel::Single, marks_oops_alive: false
[1065.165s][debug][gc,ref         ] GC(85) Skipped phase 3 of Reference Processing: no references
[1065.165s][debug][gc,ref         ] GC(85) Skipped phase 4 of Reference Processing: no references
[1065.165s][debug][gc,phases      ] GC(85) Reference Processing 0.092ms
[1065.165s][debug][gc,phases      ] GC(85)   VM Weak                        Min:  0.0, Avg:  0.0, Max:  0.0, Diff:  0.0, Sum:  0.0, Workers: 4
[1065.165s][debug][gc,phases      ] GC(85)     Dead                           Min: 0, Avg:  0.0, Max: 0, Diff: 0, Sum: 0, Workers: 4
[1065.165s][debug][gc,phases      ] GC(85)     Total                          Min: 0, Avg: 178.2, Max: 384, Diff: 384, Sum: 713, Workers: 4
[1065.165s][debug][gc,phases      ] GC(85)   ObjectSynchronizer Weak        Min:  0.0, Avg:  0.0, Max:  0.0, Diff:  0.0, Sum:  0.0, Workers: 4
[1065.165s][debug][gc,phases      ] GC(85)     Dead                           Min: 0, Avg:  0.0, Max: 0, Diff: 0, Sum: 0, Workers: 4
[1065.165s][debug][gc,phases      ] GC(85)     Total                          Min: 0, Avg:  1.2, Max: 5, Diff: 5, Sum: 5, Workers: 4
[1065.165s][debug][gc,phases      ] GC(85)   JVMTI Tag Weak OopStorage      Min:  0.0, Avg:  0.0, Max:  0.0, Diff:  0.0, Sum:  0.0, Workers: 4
[1065.165s][debug][gc,phases      ] GC(85)     Dead                           Min: 0, Avg:  0.0, Max: 0, Diff: 0, Sum: 0, Workers: 4
[1065.165s][debug][gc,phases      ] GC(85)     Total                          Min: 0, Avg:  0.0, Max: 0, Diff: 0, Sum: 0, Workers: 4
[1065.165s][debug][gc,phases      ] GC(85)   StringTable Weak               Min:  0.0, Avg:  0.1, Max:  0.2, Diff:  0.2, Sum:  0.3, Workers: 4
[1065.165s][debug][gc,phases      ] GC(85)     Dead                           Min: 0, Avg:  0.0, Max: 0, Diff: 0, Sum: 0, Workers: 4
[1065.165s][debug][gc,phases      ] GC(85)     Total                          Min: 0, Avg: 10856.8, Max: 25983, Diff: 25983, Sum: 43427, Workers: 4
[1065.165s][debug][gc,phases      ] GC(85)   ResolvedMethodTable Weak       Min:  0.0, Avg:  0.0, Max:  0.0, Diff:  0.0, Sum:  0.1, Workers: 4
[1065.165s][debug][gc,phases      ] GC(85)     Dead                           Min: 0, Avg:  0.0, Max: 0, Diff: 0, Sum: 0, Workers: 4
[1065.165s][debug][gc,phases      ] GC(85)     Total                          Min: 0, Avg: 2393.5, Max: 5862, Diff: 5862, Sum: 9574, Workers: 4
[1065.165s][debug][gc,phases      ] GC(85)   JNI Weak                       Min:  0.0, Avg:  0.0, Max:  0.0, Diff:  0.0, Sum:  0.0, Workers: 4
[1065.165s][debug][gc,phases      ] GC(85)     Dead                           Min: 0, Avg:  0.0, Max: 0, Diff: 0, Sum: 0, Workers: 4
[1065.165s][debug][gc,phases      ] GC(85)     Total                          Min: 0, Avg: 11.2, Max: 45, Diff: 45, Sum: 45, Workers: 4
[1065.165s][debug][gc,phases      ] GC(85)   StringDedup Table Weak         Min:  0.0, Avg:  0.0, Max:  0.0, Diff:  0.0, Sum:  0.0, Workers: 4
[1065.165s][debug][gc,phases      ] GC(85)     Dead                           Min: 0, Avg:  0.0, Max: 0, Diff: 0, Sum: 0, Workers: 4
[1065.165s][debug][gc,phases      ] GC(85)     Total                          Min: 0, Avg:  0.0, Max: 0, Diff: 0, Sum: 0, Workers: 4
[1065.165s][debug][gc,phases      ] GC(85)   StringDedup Requests0 Weak     Min:  0.0, Avg:  0.0, Max:  0.0, Diff:  0.0, Sum:  0.0, Workers: 4
[1065.165s][debug][gc,phases      ] GC(85)     Dead                           Min: 0, Avg:  0.0, Max: 0, Diff: 0, Sum: 0, Workers: 4
[1065.165s][debug][gc,phases      ] GC(85)     Total                          Min: 0, Avg:  0.0, Max: 0, Diff: 0, Sum: 0, Workers: 4
[1065.165s][debug][gc,phases      ] GC(85)   StringDedup Requests1 Weak     Min:  0.0, Avg:  0.0, Max:  0.0, Diff:  0.0, Sum:  0.0, Workers: 4
[1065.165s][debug][gc,phases      ] GC(85)     Dead                           Min: 0, Avg:  0.0, Max: 0, Diff: 0, Sum: 0, Workers: 4
[1065.165s][debug][gc,phases      ] GC(85)     Total                          Min: 0, Avg:  0.0, Max: 0, Diff: 0, Sum: 0, Workers: 4
[1065.165s][debug][gc,phases      ] GC(85)   Weak JFR Old Object Samples    Min:  0.0, Avg:  0.0, Max:  0.0, Diff:  0.0, Sum:  0.0, Workers: 4
[1065.165s][debug][gc,phases      ] GC(85)     Dead                           Min: 0, Avg:  0.0, Max: 0, Diff: 0, Sum: 0, Workers: 4
[1065.165s][debug][gc,phases      ] GC(85)     Total                          Min: 0, Avg:  0.0, Max: 0, Diff: 0, Sum: 0, Workers: 4
[1065.165s][debug][gc,phases      ] GC(85) Weak Processing 0.358ms
[1065.165s][debug][gc,age         ] GC(85) Desired survivor size 61341696 bytes, new threshold 15 (max threshold 15)
[1065.165s][info ][gc,heap        ] GC(85) PSYoungGen: 1976672K(2036224K)->1216K(2037248K) Eden: 1975296K(1975296K)->0K(1976320K) From: 1376K(60928K)->1216K(60928K)
[1065.165s][info ][gc,heap        ] GC(85) ParOldGen: 309168K(343552K)->309248K(343552K)
[1065.165s][info ][gc,metaspace   ] GC(85) Metaspace: 81981K(82880K)->81981K(82880K) NonClass: 70056K(70528K)->70056K(70528K) Class: 11925K(12352K)->11925K(12352K)
[1065.165s][info ][gc             ] GC(85) Pause Young (Allocation Failure) 2232M->303M(2325M) 4.280ms
[1065.165s][info ][gc,cpu         ] GC(85) User=0.01s Sys=0.00s Real=0.00s
[1065.165s][info ][safepoint      ] Safepoint "ParallelGCFailedAllocation", Time since last: 1791109873 ns, Reaching safepoint: 4300 ns, Cleanup: 26400 ns, At safepoint: 4342798 ns, Total: 4373498 ns
[1066.165s][info ][safepoint      ] Safepoint "Cleanup", Time since last: 1000093495 ns, Reaching safepoint: 75100 ns, Cleanup: 31300 ns, At safepoint: 7400 ns, Total: 113800 ns
[1069.166s][info ][safepoint      ] Safepoint "Cleanup", Time since last: 3000253976 ns, Reaching safepoint: 76300 ns, Cleanup: 39700 ns, At safepoint: 4900 ns, Total: 120900 ns
[1070.166s][info ][safepoint      ] Safepoint "Cleanup", Time since last: 1000095842 ns, Reaching safepoint: 4000 ns, Cleanup: 47200 ns, At safepoint: 6700 ns, Total: 57900 ns
[1071.166s][info ][safepoint      ] Safepoint "Cleanup", Time since last: 1000113541 ns, Reaching safepoint: 81500 ns, Cleanup: 50700 ns, At safepoint: 6100 ns, Total: 138300 ns
[1072.166s][info ][safepoint      ] Safepoint "Cleanup", Time since last: 1000121042 ns, Reaching safepoint: 76800 ns, Cleanup: 45100 ns, At safepoint: 9200 ns, Total: 131100 ns
[1074.812s][info ][gc,start       ] GC(86) Pause Young (Allocation Failure)
[1074.815s][debug][gc,phases      ] GC(86) Scavenge 3.646ms
[1074.815s][debug][gc,ref         ] GC(86) Skipped phase 1 of Reference Processing: no references
[1074.816s][debug][gc,ref         ] GC(86) ReferenceProcessor::execute queues: 1, RefProcThreadModel::Single, marks_oops_alive: false
[1074.816s][debug][gc,ref         ] GC(86) Skipped phase 3 of Reference Processing: no references
[1074.816s][debug][gc,ref         ] GC(86) Skipped phase 4 of Reference Processing: no references
[1074.816s][debug][gc,phases      ] GC(86) Reference Processing 0.092ms
[1074.816s][debug][gc,phases      ] GC(86)   VM Weak                        Min:  0.0, Avg:  0.0, Max:  0.0, Diff:  0.0, Sum:  0.0, Workers: 4
[1074.816s][debug][gc,phases      ] GC(86)     Dead                           Min: 0, Avg:  0.0, Max: 0, Diff: 0, Sum: 0, Workers: 4
[1074.816s][debug][gc,phases      ] GC(86)     Total                          Min: 0, Avg: 178.2, Max: 585, Diff: 585, Sum: 713, Workers: 4
[1074.816s][debug][gc,phases      ] GC(86)   ObjectSynchronizer Weak        Min:  0.0, Avg:  0.0, Max:  0.0, Diff:  0.0, Sum:  0.0, Workers: 4
[1074.816s][debug][gc,phases      ] GC(86)     Dead                           Min: 0, Avg:  0.0, Max: 0, Diff: 0, Sum: 0, Workers: 4
[1074.816s][debug][gc,phases      ] GC(86)     Total                          Min: 0, Avg:  1.2, Max: 5, Diff: 5, Sum: 5, Workers: 4
[1074.816s][debug][gc,phases      ] GC(86)   JVMTI Tag Weak OopStorage      Min:  0.0, Avg:  0.0, Max:  0.0, Diff:  0.0, Sum:  0.0, Workers: 4
[1074.816s][debug][gc,phases      ] GC(86)     Dead                           Min: 0, Avg:  0.0, Max: 0, Diff: 0, Sum: 0, Workers: 4
[1074.816s][debug][gc,phases      ] GC(86)     Total                          Min: 0, Avg:  0.0, Max: 0, Diff: 0, Sum: 0, Workers: 4
[1074.816s][debug][gc,phases      ] GC(86)   StringTable Weak               Min:  0.0, Avg:  0.1, Max:  0.1, Diff:  0.1, Sum:  0.3, Workers: 4
[1074.816s][debug][gc,phases      ] GC(86)     Dead                           Min: 0, Avg:  0.0, Max: 0, Diff: 0, Sum: 0, Workers: 4
[1074.816s][debug][gc,phases      ] GC(86)     Total                          Min: 0, Avg: 10857.0, Max: 26981, Diff: 26981, Sum: 43428, Workers: 4
[1074.816s][debug][gc,phases      ] GC(86)   ResolvedMethodTable Weak       Min:  0.0, Avg:  0.0, Max:  0.0, Diff:  0.0, Sum:  0.1, Workers: 4
[1074.816s][debug][gc,phases      ] GC(86)     Dead                           Min: 0, Avg:  4.2, Max: 17, Diff: 17, Sum: 17, Workers: 4
[1074.816s][debug][gc,phases      ] GC(86)     Total                          Min: 0, Avg: 2395.5, Max: 5818, Diff: 5818, Sum: 9582, Workers: 4
[1074.816s][debug][gc,phases      ] GC(86)   JNI Weak                       Min:  0.0, Avg:  0.0, Max:  0.0, Diff:  0.0, Sum:  0.0, Workers: 4
[1074.816s][debug][gc,phases      ] GC(86)     Dead                           Min: 0, Avg:  0.0, Max: 0, Diff: 0, Sum: 0, Workers: 4
[1074.816s][debug][gc,phases      ] GC(86)     Total                          Min: 0, Avg: 11.2, Max: 45, Diff: 45, Sum: 45, Workers: 4
[1074.816s][debug][gc,phases      ] GC(86)   StringDedup Table Weak         Min:  0.0, Avg:  0.0, Max:  0.0, Diff:  0.0, Sum:  0.0, Workers: 4
[1074.816s][debug][gc,phases      ] GC(86)     Dead                           Min: 0, Avg:  0.0, Max: 0, Diff: 0, Sum: 0, Workers: 4
[1074.816s][debug][gc,phases      ] GC(86)     Total                          Min: 0, Avg:  0.0, Max: 0, Diff: 0, Sum: 0, Workers: 4
[1074.816s][debug][gc,phases      ] GC(86)   StringDedup Requests0 Weak     Min:  0.0, Avg:  0.0, Max:  0.0, Diff:  0.0, Sum:  0.0, Workers: 4
[1074.816s][debug][gc,phases      ] GC(86)     Dead                           Min: 0, Avg:  0.0, Max: 0, Diff: 0, Sum: 0, Workers: 4
[1074.816s][debug][gc,phases      ] GC(86)     Total                          Min: 0, Avg:  0.0, Max: 0, Diff: 0, Sum: 0, Workers: 4
[1074.816s][debug][gc,phases      ] GC(86)   StringDedup Requests1 Weak     Min:  0.0, Avg:  0.0, Max:  0.0, Diff:  0.0, Sum:  0.0, Workers: 4
[1074.816s][debug][gc,phases      ] GC(86)     Dead                           Min: 0, Avg:  0.0, Max: 0, Diff: 0, Sum: 0, Workers: 4
[1074.816s][debug][gc,phases      ] GC(86)     Total                          Min: 0, Avg:  0.0, Max: 0, Diff: 0, Sum: 0, Workers: 4
[1074.816s][debug][gc,phases      ] GC(86)   Weak JFR Old Object Samples    Min:  0.0, Avg:  0.0, Max:  0.0, Diff:  0.0, Sum:  0.0, Workers: 4
[1074.816s][debug][gc,phases      ] GC(86)     Dead                           Min: 0, Avg:  0.0, Max: 0, Diff: 0, Sum: 0, Workers: 4
[1074.816s][debug][gc,phases      ] GC(86)     Total                          Min: 0, Avg:  0.0, Max: 0, Diff: 0, Sum: 0, Workers: 4
[1074.816s][debug][gc,phases      ] GC(86) Weak Processing 0.373ms
[1074.816s][debug][gc,age         ] GC(86) Desired survivor size 59768832 bytes, new threshold 15 (max threshold 15)
[1074.816s][info ][gc,heap        ] GC(86) PSYoungGen: 1977536K(2037248K)->1200K(2036224K) Eden: 1976320K(1976320K)->0K(1976320K) From: 1216K(60928K)->1200K(59904K)
[1074.816s][info ][gc,heap        ] GC(86) ParOldGen: 309248K(343552K)->309296K(343552K)
[1074.816s][info ][gc,metaspace   ] GC(86) Metaspace: 82007K(82944K)->82007K(82944K) NonClass: 70081K(70592K)->70081K(70592K) Class: 11925K(12352K)->11925K(12352K)
[1074.816s][info ][gc             ] GC(86) Pause Young (Allocation Failure) 2233M->303M(2324M) 4.209ms
[1074.816s][info ][gc,cpu         ] GC(86) User=0.01s Sys=0.00s Real=0.00s
[1074.816s][info ][safepoint      ] Safepoint "ParallelGCFailedAllocation", Time since last: 2645238816 ns, Reaching safepoint: 3900 ns, Cleanup: 27100 ns, At safepoint: 4271298 ns, Total: 4302298 ns
[1077.816s][info ][safepoint      ] Safepoint "Cleanup", Time since last: 3000225438 ns, Reaching safepoint: 73300 ns, Cleanup: 23800 ns, At safepoint: 6300 ns, Total: 103400 ns
[1078.817s][info ][safepoint      ] Safepoint "Cleanup", Time since last: 1000100443 ns, Reaching safepoint: 72200 ns, Cleanup: 37400 ns, At safepoint: 4400 ns, Total: 114000 ns
[1083.298s][info ][safepoint      ] Safepoint "Cleanup", Time since last: 4481367503 ns, Reaching safepoint: 5300 ns, Cleanup: 69000 ns, At safepoint: 5200 ns, Total: 79500 ns
[1084.298s][info ][safepoint      ] Safepoint "Cleanup", Time since last: 1000101099 ns, Reaching safepoint: 4700 ns, Cleanup: 46900 ns, At safepoint: 2900 ns, Total: 54500 ns
[1084.362s][info ][gc,start       ] GC(87) Pause Young (Allocation Failure)
[1084.368s][debug][gc,phases      ] GC(87) Scavenge 6.263ms
[1084.369s][debug][gc,ref         ] GC(87) Skipped phase 1 of Reference Processing: no references
[1084.369s][debug][gc,ref         ] GC(87) ReferenceProcessor::execute queues: 1, RefProcThreadModel::Single, marks_oops_alive: false
[1084.369s][debug][gc,ref         ] GC(87) Skipped phase 3 of Reference Processing: no references
[1084.369s][debug][gc,ref         ] GC(87) ReferenceProcessor::execute queues: 1, RefProcThreadModel::Single, marks_oops_alive: false
[1084.369s][debug][gc,phases      ] GC(87) Reference Processing 0.094ms
[1084.369s][debug][gc,phases      ] GC(87)   VM Weak                        Min:  0.0, Avg:  0.0, Max:  0.0, Diff:  0.0, Sum:  0.0, Workers: 4
[1084.369s][debug][gc,phases      ] GC(87)     Dead                           Min: 0, Avg:  0.0, Max: 0, Diff: 0, Sum: 0, Workers: 4
[1084.369s][debug][gc,phases      ] GC(87)     Total                          Min: 0, Avg: 178.2, Max: 521, Diff: 521, Sum: 713, Workers: 4
[1084.369s][debug][gc,phases      ] GC(87)   ObjectSynchronizer Weak        Min:  0.0, Avg:  0.0, Max:  0.0, Diff:  0.0, Sum:  0.0, Workers: 4
[1084.369s][debug][gc,phases      ] GC(87)     Dead                           Min: 0, Avg:  0.0, Max: 0, Diff: 0, Sum: 0, Workers: 4
[1084.369s][debug][gc,phases      ] GC(87)     Total                          Min: 0, Avg:  1.2, Max: 5, Diff: 5, Sum: 5, Workers: 4
[1084.369s][debug][gc,phases      ] GC(87)   JVMTI Tag Weak OopStorage      Min:  0.0, Avg:  0.0, Max:  0.0, Diff:  0.0, Sum:  0.0, Workers: 4
[1084.369s][debug][gc,phases      ] GC(87)     Dead                           Min: 0, Avg:  0.0, Max: 0, Diff: 0, Sum: 0, Workers: 4
[1084.369s][debug][gc,phases      ] GC(87)     Total                          Min: 0, Avg:  0.0, Max: 0, Diff: 0, Sum: 0, Workers: 4
[1084.369s][debug][gc,phases      ] GC(87)   StringTable Weak               Min:  0.0, Avg:  0.1, Max:  0.2, Diff:  0.2, Sum:  0.3, Workers: 4
[1084.369s][debug][gc,phases      ] GC(87)     Dead                           Min: 0, Avg:  0.0, Max: 0, Diff: 0, Sum: 0, Workers: 4
[1084.369s][debug][gc,phases      ] GC(87)     Total                          Min: 0, Avg: 10858.2, Max: 26794, Diff: 26794, Sum: 43433, Workers: 4
[1084.369s][debug][gc,phases      ] GC(87)   ResolvedMethodTable Weak       Min:  0.0, Avg:  0.0, Max:  0.0, Diff:  0.0, Sum:  0.1, Workers: 4
[1084.369s][debug][gc,phases      ] GC(87)     Dead                           Min: 0, Avg:  0.0, Max: 0, Diff: 0, Sum: 0, Workers: 4
[1084.369s][debug][gc,phases      ] GC(87)     Total                          Min: 0, Avg: 2396.5, Max: 5754, Diff: 5754, Sum: 9586, Workers: 4
[1084.369s][debug][gc,phases      ] GC(87)   JNI Weak                       Min:  0.0, Avg:  0.0, Max:  0.0, Diff:  0.0, Sum:  0.0, Workers: 4
[1084.369s][debug][gc,phases      ] GC(87)     Dead                           Min: 0, Avg:  0.0, Max: 0, Diff: 0, Sum: 0, Workers: 4
[1084.369s][debug][gc,phases      ] GC(87)     Total                          Min: 0, Avg: 11.2, Max: 45, Diff: 45, Sum: 45, Workers: 4
[1084.369s][debug][gc,phases      ] GC(87)   StringDedup Table Weak         Min:  0.0, Avg:  0.0, Max:  0.0, Diff:  0.0, Sum:  0.0, Workers: 4
[1084.369s][debug][gc,phases      ] GC(87)     Dead                           Min: 0, Avg:  0.0, Max: 0, Diff: 0, Sum: 0, Workers: 4
[1084.369s][debug][gc,phases      ] GC(87)     Total                          Min: 0, Avg:  0.0, Max: 0, Diff: 0, Sum: 0, Workers: 4
[1084.369s][debug][gc,phases      ] GC(87)   StringDedup Requests0 Weak     Min:  0.0, Avg:  0.0, Max:  0.0, Diff:  0.0, Sum:  0.0, Workers: 4
[1084.369s][debug][gc,phases      ] GC(87)     Dead                           Min: 0, Avg:  0.0, Max: 0, Diff: 0, Sum: 0, Workers: 4
[1084.369s][debug][gc,phases      ] GC(87)     Total                          Min: 0, Avg:  0.0, Max: 0, Diff: 0, Sum: 0, Workers: 4
[1084.369s][debug][gc,phases      ] GC(87)   StringDedup Requests1 Weak     Min:  0.0, Avg:  0.0, Max:  0.0, Diff:  0.0, Sum:  0.0, Workers: 4
[1084.369s][debug][gc,phases      ] GC(87)     Dead                           Min: 0, Avg:  0.0, Max: 0, Diff: 0, Sum: 0, Workers: 4
[1084.369s][debug][gc,phases      ] GC(87)     Total                          Min: 0, Avg:  0.0, Max: 0, Diff: 0, Sum: 0, Workers: 4
[1084.369s][debug][gc,phases      ] GC(87)   Weak JFR Old Object Samples    Min:  0.0, Avg:  0.0, Max:  0.0, Diff:  0.0, Sum:  0.0, Workers: 4
[1084.369s][debug][gc,phases      ] GC(87)     Dead                           Min: 0, Avg:  0.0, Max: 0, Diff: 0, Sum: 0, Workers: 4
[1084.369s][debug][gc,phases      ] GC(87)     Total                          Min: 0, Avg:  0.0, Max: 0, Diff: 0, Sum: 0, Workers: 4
[1084.369s][debug][gc,phases      ] GC(87) Weak Processing 0.353ms
[1084.369s][debug][gc,age         ] GC(87) Desired survivor size 58195968 bytes, new threshold 15 (max threshold 15)
[1084.369s][info ][gc,heap        ] GC(87) PSYoungGen: 1977520K(2036224K)->1872K(2040320K) Eden: 1976320K(1976320K)->0K(1981952K) From: 1200K(59904K)->1872K(58368K)
[1084.369s][info ][gc,heap        ] GC(87) ParOldGen: 309296K(343552K)->309368K(343552K)
[1084.369s][info ][gc,metaspace   ] GC(87) Metaspace: 82030K(82944K)->82030K(82944K) NonClass: 70103K(70592K)->70103K(70592K) Class: 11926K(12352K)->11926K(12352K)
[1084.369s][info ][gc             ] GC(87) Pause Young (Allocation Failure) 2233M->303M(2328M) 6.816ms
[1084.369s][info ][gc,cpu         ] GC(87) User=0.02s Sys=0.00s Real=0.01s
[1084.369s][info ][safepoint      ] Safepoint "ParallelGCFailedAllocation", Time since last: 63959274 ns, Reaching safepoint: 5100 ns, Cleanup: 26700 ns, At safepoint: 6888597 ns, Total: 6920397 ns
[1085.369s][info ][safepoint      ] Safepoint "Cleanup", Time since last: 1000082494 ns, Reaching safepoint: 4100 ns, Cleanup: 30500 ns, At safepoint: 2400 ns, Total: 37000 ns
[1093.370s][info ][safepoint      ] Safepoint "Cleanup", Time since last: 8000503567 ns, Reaching safepoint: 5000 ns, Cleanup: 28700 ns, At safepoint: 2600 ns, Total: 36300 ns
[1095.184s][info ][gc,start       ] GC(88) Pause Young (Allocation Failure)
[1095.186s][debug][gc,phases      ] GC(88) Scavenge 2.249ms
[1095.186s][debug][gc,ref         ] GC(88) Skipped phase 1 of Reference Processing: no references
[1095.186s][debug][gc,ref         ] GC(88) ReferenceProcessor::execute queues: 1, RefProcThreadModel::Single, marks_oops_alive: false
[1095.186s][debug][gc,ref         ] GC(88) ReferenceProcessor::execute queues: 4, RefProcThreadModel::Multi, marks_oops_alive: true
[1095.186s][debug][gc,ref         ] GC(88) ReferenceProcessor::execute queues: 1, RefProcThreadModel::Single, marks_oops_alive: false
[1095.186s][debug][gc,phases      ] GC(88) Reference Processing 0.180ms
[1095.186s][debug][gc,phases      ] GC(88)   VM Weak                        Min:  0.0, Avg:  0.0, Max:  0.0, Diff:  0.0, Sum:  0.0, Workers: 4
[1095.186s][debug][gc,phases      ] GC(88)     Dead                           Min: 0, Avg:  0.0, Max: 0, Diff: 0, Sum: 0, Workers: 4
[1095.186s][debug][gc,phases      ] GC(88)     Total                          Min: 0, Avg: 178.2, Max: 448, Diff: 448, Sum: 713, Workers: 4
[1095.186s][debug][gc,phases      ] GC(88)   ObjectSynchronizer Weak        Min:  0.0, Avg:  0.0, Max:  0.0, Diff:  0.0, Sum:  0.0, Workers: 4
[1095.186s][debug][gc,phases      ] GC(88)     Dead                           Min: 0, Avg:  0.0, Max: 0, Diff: 0, Sum: 0, Workers: 4
[1095.186s][debug][gc,phases      ] GC(88)     Total                          Min: 0, Avg:  1.2, Max: 5, Diff: 5, Sum: 5, Workers: 4
[1095.186s][debug][gc,phases      ] GC(88)   JVMTI Tag Weak OopStorage      Min:  0.0, Avg:  0.0, Max:  0.0, Diff:  0.0, Sum:  0.0, Workers: 4
[1095.186s][debug][gc,phases      ] GC(88)     Dead                           Min: 0, Avg:  0.0, Max: 0, Diff: 0, Sum: 0, Workers: 4
[1095.186s][debug][gc,phases      ] GC(88)     Total                          Min: 0, Avg:  0.0, Max: 0, Diff: 0, Sum: 0, Workers: 4
[1095.186s][debug][gc,phases      ] GC(88)   StringTable Weak               Min:  0.0, Avg:  0.1, Max:  0.1, Diff:  0.1, Sum:  0.4, Workers: 4
[1095.186s][debug][gc,phases      ] GC(88)     Dead                           Min: 0, Avg:  0.0, Max: 0, Diff: 0, Sum: 0, Workers: 4
[1095.186s][debug][gc,phases      ] GC(88)     Total                          Min: 0, Avg: 10858.2, Max: 18026, Diff: 18026, Sum: 43433, Workers: 4
[1095.186s][debug][gc,phases      ] GC(88)   ResolvedMethodTable Weak       Min:  0.0, Avg:  0.0, Max:  0.0, Diff:  0.0, Sum:  0.1, Workers: 4
[1095.186s][debug][gc,phases      ] GC(88)     Dead                           Min: 0, Avg:  0.0, Max: 0, Diff: 0, Sum: 0, Workers: 4
[1095.186s][debug][gc,phases      ] GC(88)     Total                          Min: 0, Avg: 2396.5, Max: 4152, Diff: 4152, Sum: 9586, Workers: 4
[1095.186s][debug][gc,phases      ] GC(88)   JNI Weak                       Min:  0.0, Avg:  0.0, Max:  0.0, Diff:  0.0, Sum:  0.0, Workers: 4
[1095.186s][debug][gc,phases      ] GC(88)     Dead                           Min: 0, Avg:  0.0, Max: 0, Diff: 0, Sum: 0, Workers: 4
[1095.186s][debug][gc,phases      ] GC(88)     Total                          Min: 0, Avg: 11.2, Max: 45, Diff: 45, Sum: 45, Workers: 4
[1095.186s][debug][gc,phases      ] GC(88)   StringDedup Table Weak         Min:  0.0, Avg:  0.0, Max:  0.0, Diff:  0.0, Sum:  0.0, Workers: 4
[1095.186s][debug][gc,phases      ] GC(88)     Dead                           Min: 0, Avg:  0.0, Max: 0, Diff: 0, Sum: 0, Workers: 4
[1095.186s][debug][gc,phases      ] GC(88)     Total                          Min: 0, Avg:  0.0, Max: 0, Diff: 0, Sum: 0, Workers: 4
[1095.186s][debug][gc,phases      ] GC(88)   StringDedup Requests0 Weak     Min:  0.0, Avg:  0.0, Max:  0.0, Diff:  0.0, Sum:  0.0, Workers: 4
[1095.186s][debug][gc,phases      ] GC(88)     Dead                           Min: 0, Avg:  0.0, Max: 0, Diff: 0, Sum: 0, Workers: 4
[1095.186s][debug][gc,phases      ] GC(88)     Total                          Min: 0, Avg:  0.0, Max: 0, Diff: 0, Sum: 0, Workers: 4
[1095.186s][debug][gc,phases      ] GC(88)   StringDedup Requests1 Weak     Min:  0.0, Avg:  0.0, Max:  0.0, Diff:  0.0, Sum:  0.0, Workers: 4
[1095.186s][debug][gc,phases      ] GC(88)     Dead                           Min: 0, Avg:  0.0, Max: 0, Diff: 0, Sum: 0, Workers: 4
[1095.186s][debug][gc,phases      ] GC(88)     Total                          Min: 0, Avg:  0.0, Max: 0, Diff: 0, Sum: 0, Workers: 4
[1095.186s][debug][gc,phases      ] GC(88)   Weak JFR Old Object Samples    Min:  0.0, Avg:  0.0, Max:  0.0, Diff:  0.0, Sum:  0.0, Workers: 4
[1095.186s][debug][gc,phases      ] GC(88)     Dead                           Min: 0, Avg:  0.0, Max: 0, Diff: 0, Sum: 0, Workers: 4
[1095.186s][debug][gc,phases      ] GC(88)     Total                          Min: 0, Avg:  0.0, Max: 0, Diff: 0, Sum: 0, Workers: 4
[1095.186s][debug][gc,phases      ] GC(88) Weak Processing 0.326ms
[1095.186s][debug][gc,age         ] GC(88) Desired survivor size 56098816 bytes, new threshold 15 (max threshold 15)
[1095.186s][info ][gc,heap        ] GC(88) PSYoungGen: 1983824K(2040320K)->2016K(2038784K) Eden: 1981952K(1981952K)->0K(1981952K) From: 1872K(58368K)->2016K(56832K)
[1095.186s][info ][gc,heap        ] GC(88) ParOldGen: 309368K(343552K)->309400K(343552K)
[1095.186s][info ][gc,metaspace   ] GC(88) Metaspace: 82034K(82944K)->82034K(82944K) NonClass: 70107K(70592K)->70107K(70592K) Class: 11926K(12352K)->11926K(12352K)
[1095.186s][info ][gc             ] GC(88) Pause Young (Allocation Failure) 2239M->304M(2326M) 2.851ms
[1095.186s][info ][gc,cpu         ] GC(88) User=0.00s Sys=0.00s Real=0.00s
[1095.186s][info ][safepoint      ] Safepoint "ParallelGCFailedAllocation", Time since last: 1813765169 ns, Reaching safepoint: 3400 ns, Cleanup: 21600 ns, At safepoint: 2918199 ns, Total: 2943199 ns
[1106.160s][info ][gc,start       ] GC(89) Pause Young (Allocation Failure)
[1106.164s][debug][gc,phases      ] GC(89) Scavenge 3.880ms
[1106.164s][debug][gc,ref         ] GC(89) Skipped phase 1 of Reference Processing: no references
[1106.165s][debug][gc,ref         ] GC(89) ReferenceProcessor::execute queues: 1, RefProcThreadModel::Single, marks_oops_alive: false
[1106.165s][debug][gc,ref         ] GC(89) Skipped phase 3 of Reference Processing: no references
[1106.165s][debug][gc,ref         ] GC(89) Skipped phase 4 of Reference Processing: no references
[1106.165s][debug][gc,phases      ] GC(89) Reference Processing 0.088ms
[1106.165s][debug][gc,phases      ] GC(89)   VM Weak                        Min:  0.0, Avg:  0.0, Max:  0.0, Diff:  0.0, Sum:  0.0, Workers: 4
[1106.165s][debug][gc,phases      ] GC(89)     Dead                           Min: 0, Avg:  0.0, Max: 0, Diff: 0, Sum: 0, Workers: 4
[1106.165s][debug][gc,phases      ] GC(89)     Total                          Min: 0, Avg: 178.2, Max: 521, Diff: 521, Sum: 713, Workers: 4
[1106.165s][debug][gc,phases      ] GC(89)   ObjectSynchronizer Weak        Min:  0.0, Avg:  0.0, Max:  0.0, Diff:  0.0, Sum:  0.0, Workers: 4
[1106.165s][debug][gc,phases      ] GC(89)     Dead                           Min: 0, Avg:  0.0, Max: 0, Diff: 0, Sum: 0, Workers: 4
[1106.165s][debug][gc,phases      ] GC(89)     Total                          Min: 0, Avg:  1.2, Max: 5, Diff: 5, Sum: 5, Workers: 4
[1106.165s][debug][gc,phases      ] GC(89)   JVMTI Tag Weak OopStorage      Min:  0.0, Avg:  0.0, Max:  0.0, Diff:  0.0, Sum:  0.0, Workers: 4
[1106.165s][debug][gc,phases      ] GC(89)     Dead                           Min: 0, Avg:  0.0, Max: 0, Diff: 0, Sum: 0, Workers: 4
[1106.165s][debug][gc,phases      ] GC(89)     Total                          Min: 0, Avg:  0.0, Max: 0, Diff: 0, Sum: 0, Workers: 4
[1106.165s][debug][gc,phases      ] GC(89)   StringTable Weak               Min:  0.0, Avg:  0.1, Max:  0.2, Diff:  0.2, Sum:  0.3, Workers: 4
[1106.165s][debug][gc,phases      ] GC(89)     Dead                           Min: 0, Avg:  0.0, Max: 0, Diff: 0, Sum: 0, Workers: 4
[1106.165s][debug][gc,phases      ] GC(89)     Total                          Min: 0, Avg: 10858.2, Max: 26495, Diff: 26495, Sum: 43433, Workers: 4
[1106.165s][debug][gc,phases      ] GC(89)   ResolvedMethodTable Weak       Min:  0.0, Avg:  0.0, Max:  0.0, Diff:  0.0, Sum:  0.1, Workers: 4
[1106.165s][debug][gc,phases      ] GC(89)     Dead                           Min: 0, Avg:  0.0, Max: 0, Diff: 0, Sum: 0, Workers: 4
[1106.165s][debug][gc,phases      ] GC(89)     Total                          Min: 0, Avg: 2396.5, Max: 5682, Diff: 5682, Sum: 9586, Workers: 4
[1106.165s][debug][gc,phases      ] GC(89)   JNI Weak                       Min:  0.0, Avg:  0.0, Max:  0.0, Diff:  0.0, Sum:  0.0, Workers: 4
[1106.165s][debug][gc,phases      ] GC(89)     Dead                           Min: 0, Avg:  0.0, Max: 0, Diff: 0, Sum: 0, Workers: 4
[1106.165s][debug][gc,phases      ] GC(89)     Total                          Min: 0, Avg: 11.2, Max: 45, Diff: 45, Sum: 45, Workers: 4
[1106.165s][debug][gc,phases      ] GC(89)   StringDedup Table Weak         Min:  0.0, Avg:  0.0, Max:  0.0, Diff:  0.0, Sum:  0.0, Workers: 4
[1106.165s][debug][gc,phases      ] GC(89)     Dead                           Min: 0, Avg:  0.0, Max: 0, Diff: 0, Sum: 0, Workers: 4
[1106.165s][debug][gc,phases      ] GC(89)     Total                          Min: 0, Avg:  0.0, Max: 0, Diff: 0, Sum: 0, Workers: 4
[1106.165s][debug][gc,phases      ] GC(89)   StringDedup Requests0 Weak     Min:  0.0, Avg:  0.0, Max:  0.0, Diff:  0.0, Sum:  0.0, Workers: 4
[1106.165s][debug][gc,phases      ] GC(89)     Dead                           Min: 0, Avg:  0.0, Max: 0, Diff: 0, Sum: 0, Workers: 4
[1106.165s][debug][gc,phases      ] GC(89)     Total                          Min: 0, Avg:  0.0, Max: 0, Diff: 0, Sum: 0, Workers: 4
[1106.165s][debug][gc,phases      ] GC(89)   StringDedup Requests1 Weak     Min:  0.0, Avg:  0.0, Max:  0.0, Diff:  0.0, Sum:  0.0, Workers: 4
[1106.165s][debug][gc,phases      ] GC(89)     Dead                           Min: 0, Avg:  0.0, Max: 0, Diff: 0, Sum: 0, Workers: 4
[1106.165s][debug][gc,phases      ] GC(89)     Total                          Min: 0, Avg:  0.0, Max: 0, Diff: 0, Sum: 0, Workers: 4
[1106.165s][debug][gc,phases      ] GC(89)   Weak JFR Old Object Samples    Min:  0.0, Avg:  0.0, Max:  0.0, Diff:  0.0, Sum:  0.0, Workers: 4
[1106.165s][debug][gc,phases      ] GC(89)     Dead                           Min: 0, Avg:  0.0, Max: 0, Diff: 0, Sum: 0, Workers: 4
[1106.165s][debug][gc,phases      ] GC(89)     Total                          Min: 0, Avg:  0.0, Max: 0, Diff: 0, Sum: 0, Workers: 4
[1106.165s][debug][gc,phases      ] GC(89) Weak Processing 0.361ms
[1106.165s][debug][gc,age         ] GC(89) Desired survivor size 54001664 bytes, new threshold 15 (max threshold 15)
[1106.165s][info ][gc,heap        ] GC(89) PSYoungGen: 1983968K(2038784K)->1856K(2044416K) Eden: 1981952K(1981952K)->0K(1989632K) From: 2016K(56832K)->1856K(54784K)
[1106.165s][info ][gc,heap        ] GC(89) ParOldGen: 309400K(343552K)->309448K(343552K)
[1106.165s][info ][gc,metaspace   ] GC(89) Metaspace: 82034K(82944K)->82034K(82944K) NonClass: 70107K(70592K)->70107K(70592K) Class: 11926K(12352K)->11926K(12352K)
[1106.165s][info ][gc             ] GC(89) Pause Young (Allocation Failure) 2239M->304M(2332M) 4.435ms
[1106.165s][info ][gc,cpu         ] GC(89) User=0.01s Sys=0.00s Real=0.00s
[1106.165s][info ][safepoint      ] Safepoint "ParallelGCFailedAllocation", Time since last: 10974003729 ns, Reaching safepoint: 5200 ns, Cleanup: 31000 ns, At safepoint: 4501998 ns, Total: 4538198 ns
[1112.165s][info ][safepoint      ] Safepoint "Cleanup", Time since last: 6000424289 ns, Reaching safepoint: 72100 ns, Cleanup: 40800 ns, At safepoint: 4700 ns, Total: 117600 ns
[1117.111s][info ][gc,start       ] GC(90) Pause Young (Allocation Failure)
[1117.115s][debug][gc,phases      ] GC(90) Scavenge 3.655ms
[1117.115s][debug][gc,ref         ] GC(90) Skipped phase 1 of Reference Processing: no references
[1117.115s][debug][gc,ref         ] GC(90) ReferenceProcessor::execute queues: 1, RefProcThreadModel::Single, marks_oops_alive: false
[1117.115s][debug][gc,ref         ] GC(90) Skipped phase 3 of Reference Processing: no references
[1117.115s][debug][gc,ref         ] GC(90) Skipped phase 4 of Reference Processing: no references
[1117.115s][debug][gc,phases      ] GC(90) Reference Processing 0.087ms
[1117.115s][debug][gc,phases      ] GC(90)   VM Weak                        Min:  0.0, Avg:  0.0, Max:  0.0, Diff:  0.0, Sum:  0.0, Workers: 4
[1117.115s][debug][gc,phases      ] GC(90)     Dead                           Min: 0, Avg:  0.0, Max: 0, Diff: 0, Sum: 0, Workers: 4
[1117.115s][debug][gc,phases      ] GC(90)     Total                          Min: 0, Avg: 178.2, Max: 457, Diff: 457, Sum: 713, Workers: 4
[1117.115s][debug][gc,phases      ] GC(90)   ObjectSynchronizer Weak        Min:  0.0, Avg:  0.0, Max:  0.0, Diff:  0.0, Sum:  0.0, Workers: 4
[1117.115s][debug][gc,phases      ] GC(90)     Dead                           Min: 0, Avg:  0.0, Max: 0, Diff: 0, Sum: 0, Workers: 4
[1117.115s][debug][gc,phases      ] GC(90)     Total                          Min: 0, Avg:  1.2, Max: 5, Diff: 5, Sum: 5, Workers: 4
[1117.115s][debug][gc,phases      ] GC(90)   JVMTI Tag Weak OopStorage      Min:  0.0, Avg:  0.0, Max:  0.0, Diff:  0.0, Sum:  0.0, Workers: 4
[1117.115s][debug][gc,phases      ] GC(90)     Dead                           Min: 0, Avg:  0.0, Max: 0, Diff: 0, Sum: 0, Workers: 4
[1117.115s][debug][gc,phases      ] GC(90)     Total                          Min: 0, Avg:  0.0, Max: 0, Diff: 0, Sum: 0, Workers: 4
[1117.115s][debug][gc,phases      ] GC(90)   StringTable Weak               Min:  0.0, Avg:  0.1, Max:  0.2, Diff:  0.2, Sum:  0.3, Workers: 4
[1117.115s][debug][gc,phases      ] GC(90)     Dead                           Min: 0, Avg:  0.0, Max: 0, Diff: 0, Sum: 0, Workers: 4
[1117.115s][debug][gc,phases      ] GC(90)     Total                          Min: 0, Avg: 10858.2, Max: 27071, Diff: 27071, Sum: 43433, Workers: 4
[1117.115s][debug][gc,phases      ] GC(90)   ResolvedMethodTable Weak       Min:  0.0, Avg:  0.0, Max:  0.0, Diff:  0.0, Sum:  0.1, Workers: 4
[1117.115s][debug][gc,phases      ] GC(90)     Dead                           Min: 0, Avg:  0.0, Max: 0, Diff: 0, Sum: 0, Workers: 4
[1117.115s][debug][gc,phases      ] GC(90)     Total                          Min: 0, Avg: 2396.5, Max: 5880, Diff: 5880, Sum: 9586, Workers: 4
[1117.115s][debug][gc,phases      ] GC(90)   JNI Weak                       Min:  0.0, Avg:  0.0, Max:  0.0, Diff:  0.0, Sum:  0.0, Workers: 4
[1117.115s][debug][gc,phases      ] GC(90)     Dead                           Min: 0, Avg:  0.0, Max: 0, Diff: 0, Sum: 0, Workers: 4
[1117.116s][debug][gc,phases      ] GC(90)     Total                          Min: 0, Avg: 11.2, Max: 45, Diff: 45, Sum: 45, Workers: 4
[1117.116s][debug][gc,phases      ] GC(90)   StringDedup Table Weak         Min:  0.0, Avg:  0.0, Max:  0.0, Diff:  0.0, Sum:  0.0, Workers: 4
[1117.116s][debug][gc,phases      ] GC(90)     Dead                           Min: 0, Avg:  0.0, Max: 0, Diff: 0, Sum: 0, Workers: 4
[1117.116s][debug][gc,phases      ] GC(90)     Total                          Min: 0, Avg:  0.0, Max: 0, Diff: 0, Sum: 0, Workers: 4
[1117.116s][debug][gc,phases      ] GC(90)   StringDedup Requests0 Weak     Min:  0.0, Avg:  0.0, Max:  0.0, Diff:  0.0, Sum:  0.0, Workers: 4
[1117.116s][debug][gc,phases      ] GC(90)     Dead                           Min: 0, Avg:  0.0, Max: 0, Diff: 0, Sum: 0, Workers: 4
[1117.116s][debug][gc,phases      ] GC(90)     Total                          Min: 0, Avg:  0.0, Max: 0, Diff: 0, Sum: 0, Workers: 4
[1117.116s][debug][gc,phases      ] GC(90)   StringDedup Requests1 Weak     Min:  0.0, Avg:  0.0, Max:  0.0, Diff:  0.0, Sum:  0.0, Workers: 4
[1117.116s][debug][gc,phases      ] GC(90)     Dead                           Min: 0, Avg:  0.0, Max: 0, Diff: 0, Sum: 0, Workers: 4
[1117.116s][debug][gc,phases      ] GC(90)     Total                          Min: 0, Avg:  0.0, Max: 0, Diff: 0, Sum: 0, Workers: 4
[1117.116s][debug][gc,phases      ] GC(90)   Weak JFR Old Object Samples    Min:  0.0, Avg:  0.0, Max:  0.0, Diff:  0.0, Sum:  0.0, Workers: 4
[1117.116s][debug][gc,phases      ] GC(90)     Dead                           Min: 0, Avg:  0.0, Max: 0, Diff: 0, Sum: 0, Workers: 4
[1117.116s][debug][gc,phases      ] GC(90)     Total                          Min: 0, Avg:  0.0, Max: 0, Diff: 0, Sum: 0, Workers: 4
[1117.116s][debug][gc,phases      ] GC(90) Weak Processing 0.369ms
[1117.116s][debug][gc,age         ] GC(90) Desired survivor size 51904512 bytes, new threshold 15 (max threshold 15)
[1117.116s][info ][gc,heap        ] GC(90) PSYoungGen: 1991488K(2044416K)->1904K(2042368K) Eden: 1989632K(1989632K)->0K(1989632K) From: 1856K(54784K)->1904K(52736K)
[1117.116s][info ][gc,heap        ] GC(90) ParOldGen: 309448K(343552K)->309472K(343552K)
[1117.116s][info ][gc,metaspace   ] GC(90) Metaspace: 82034K(82944K)->82034K(82944K) NonClass: 70107K(70592K)->70107K(70592K) Class: 11926K(12352K)->11926K(12352K)
[1117.116s][info ][gc             ] GC(90) Pause Young (Allocation Failure) 2247M->304M(2330M) 4.206ms
[1117.116s][info ][gc,cpu         ] GC(90) User=0.01s Sys=0.00s Real=0.00s
[1117.116s][info ][safepoint      ] Safepoint "ParallelGCFailedAllocation", Time since last: 4945827422 ns, Reaching safepoint: 3700 ns, Cleanup: 28400 ns, At safepoint: 4264999 ns, Total: 4297099 ns
[1128.063s][info ][gc,start       ] GC(91) Pause Young (Allocation Failure)
[1128.066s][debug][gc,phases      ] GC(91) Scavenge 3.418ms
[1128.066s][debug][gc,ref         ] GC(91) Skipped phase 1 of Reference Processing: no references
[1128.066s][debug][gc,ref         ] GC(91) ReferenceProcessor::execute queues: 1, RefProcThreadModel::Single, marks_oops_alive: false
[1128.066s][debug][gc,ref         ] GC(91) Skipped phase 3 of Reference Processing: no references
[1128.066s][debug][gc,ref         ] GC(91) Skipped phase 4 of Reference Processing: no references
[1128.066s][debug][gc,phases      ] GC(91) Reference Processing 0.088ms
[1128.067s][debug][gc,phases      ] GC(91)   VM Weak                        Min:  0.0, Avg:  0.0, Max:  0.0, Diff:  0.0, Sum:  0.0, Workers: 4
[1128.067s][debug][gc,phases      ] GC(91)     Dead                           Min: 0, Avg:  0.0, Max: 0, Diff: 0, Sum: 0, Workers: 4
[1128.067s][debug][gc,phases      ] GC(91)     Total                          Min: 0, Avg: 178.2, Max: 649, Diff: 649, Sum: 713, Workers: 4
[1128.067s][debug][gc,phases      ] GC(91)   ObjectSynchronizer Weak        Min:  0.0, Avg:  0.0, Max:  0.0, Diff:  0.0, Sum:  0.0, Workers: 4
[1128.067s][debug][gc,phases      ] GC(91)     Dead                           Min: 0, Avg:  0.0, Max: 0, Diff: 0, Sum: 0, Workers: 4
[1128.067s][debug][gc,phases      ] GC(91)     Total                          Min: 0, Avg:  1.2, Max: 5, Diff: 5, Sum: 5, Workers: 4
[1128.067s][debug][gc,phases      ] GC(91)   JVMTI Tag Weak OopStorage      Min:  0.0, Avg:  0.0, Max:  0.0, Diff:  0.0, Sum:  0.0, Workers: 4
[1128.067s][debug][gc,phases      ] GC(91)     Dead                           Min: 0, Avg:  0.0, Max: 0, Diff: 0, Sum: 0, Workers: 4
[1128.067s][debug][gc,phases      ] GC(91)     Total                          Min: 0, Avg:  0.0, Max: 0, Diff: 0, Sum: 0, Workers: 4
[1128.067s][debug][gc,phases      ] GC(91)   StringTable Weak               Min:  0.0, Avg:  0.1, Max:  0.2, Diff:  0.2, Sum:  0.3, Workers: 4
[1128.067s][debug][gc,phases      ] GC(91)     Dead                           Min: 0, Avg:  0.0, Max: 0, Diff: 0, Sum: 0, Workers: 4
[1128.067s][debug][gc,phases      ] GC(91)     Total                          Min: 0, Avg: 10858.2, Max: 25023, Diff: 25023, Sum: 43433, Workers: 4
[1128.067s][debug][gc,phases      ] GC(91)   ResolvedMethodTable Weak       Min:  0.0, Avg:  0.0, Max:  0.0, Diff:  0.0, Sum:  0.1, Workers: 4
[1128.067s][debug][gc,phases      ] GC(91)     Dead                           Min: 0, Avg:  0.0, Max: 0, Diff: 0, Sum: 0, Workers: 4
[1128.067s][debug][gc,phases      ] GC(91)     Total                          Min: 0, Avg: 2396.5, Max: 6008, Diff: 6008, Sum: 9586, Workers: 4
[1128.067s][debug][gc,phases      ] GC(91)   JNI Weak                       Min:  0.0, Avg:  0.0, Max:  0.0, Diff:  0.0, Sum:  0.0, Workers: 4
[1128.067s][debug][gc,phases      ] GC(91)     Dead                           Min: 0, Avg:  0.0, Max: 0, Diff: 0, Sum: 0, Workers: 4
[1128.067s][debug][gc,phases      ] GC(91)     Total                          Min: 0, Avg: 11.2, Max: 45, Diff: 45, Sum: 45, Workers: 4
[1128.067s][debug][gc,phases      ] GC(91)   StringDedup Table Weak         Min:  0.0, Avg:  0.0, Max:  0.0, Diff:  0.0, Sum:  0.0, Workers: 4
[1128.067s][debug][gc,phases      ] GC(91)     Dead                           Min: 0, Avg:  0.0, Max: 0, Diff: 0, Sum: 0, Workers: 4
[1128.067s][debug][gc,phases      ] GC(91)     Total                          Min: 0, Avg:  0.0, Max: 0, Diff: 0, Sum: 0, Workers: 4
[1128.067s][debug][gc,phases      ] GC(91)   StringDedup Requests0 Weak     Min:  0.0, Avg:  0.0, Max:  0.0, Diff:  0.0, Sum:  0.0, Workers: 4
[1128.067s][debug][gc,phases      ] GC(91)     Dead                           Min: 0, Avg:  0.0, Max: 0, Diff: 0, Sum: 0, Workers: 4
[1128.067s][debug][gc,phases      ] GC(91)     Total                          Min: 0, Avg:  0.0, Max: 0, Diff: 0, Sum: 0, Workers: 4
[1128.067s][debug][gc,phases      ] GC(91)   StringDedup Requests1 Weak     Min:  0.0, Avg:  0.0, Max:  0.0, Diff:  0.0, Sum:  0.0, Workers: 4
[1128.067s][debug][gc,phases      ] GC(91)     Dead                           Min: 0, Avg:  0.0, Max: 0, Diff: 0, Sum: 0, Workers: 4
[1128.067s][debug][gc,phases      ] GC(91)     Total                          Min: 0, Avg:  0.0, Max: 0, Diff: 0, Sum: 0, Workers: 4
[1128.067s][debug][gc,phases      ] GC(91)   Weak JFR Old Object Samples    Min:  0.0, Avg:  0.0, Max:  0.0, Diff:  0.0, Sum:  0.0, Workers: 4
[1128.067s][debug][gc,phases      ] GC(91)     Dead                           Min: 0, Avg:  0.0, Max: 0, Diff: 0, Sum: 0, Workers: 4
[1128.067s][debug][gc,phases      ] GC(91)     Total                          Min: 0, Avg:  0.0, Max: 0, Diff: 0, Sum: 0, Workers: 4
[1128.067s][debug][gc,phases      ] GC(91) Weak Processing 0.379ms
[1128.067s][debug][gc,age         ] GC(91) Desired survivor size 49283072 bytes, new threshold 15 (max threshold 15)
[1128.067s][info ][gc,heap        ] GC(91) PSYoungGen: 1991536K(2042368K)->1808K(2049024K) Eden: 1989632K(1989632K)->0K(1998336K) From: 1904K(52736K)->1808K(50688K)
[1128.067s][info ][gc,heap        ] GC(91) ParOldGen: 309472K(343552K)->309504K(343552K)
[1128.067s][info ][gc,metaspace   ] GC(91) Metaspace: 82034K(82944K)->82034K(82944K) NonClass: 70107K(70592K)->70107K(70592K) Class: 11926K(12352K)->11926K(12352K)
[1128.067s][info ][gc             ] GC(91) Pause Young (Allocation Failure) 2247M->304M(2336M) 3.992ms
[1128.067s][info ][gc,cpu         ] GC(91) User=0.01s Sys=0.00s Real=0.00s
[1128.067s][info ][safepoint      ] Safepoint "ParallelGCFailedAllocation", Time since last: 10946967217 ns, Reaching safepoint: 5400 ns, Cleanup: 30300 ns, At safepoint: 4058698 ns, Total: 4094398 ns
[1136.067s][info ][safepoint      ] Safepoint "Cleanup", Time since last: 8000539067 ns, Reaching safepoint: 3800 ns, Cleanup: 45100 ns, At safepoint: 7100 ns, Total: 56000 ns
[1139.012s][info ][gc,start       ] GC(92) Pause Young (Allocation Failure)
[1139.016s][debug][gc,phases      ] GC(92) Scavenge 3.678ms
[1139.016s][debug][gc,ref         ] GC(92) Skipped phase 1 of Reference Processing: no references
[1139.016s][debug][gc,ref         ] GC(92) ReferenceProcessor::execute queues: 1, RefProcThreadModel::Single, marks_oops_alive: false
[1139.016s][debug][gc,ref         ] GC(92) Skipped phase 3 of Reference Processing: no references
[1139.016s][debug][gc,ref         ] GC(92) Skipped phase 4 of Reference Processing: no references
[1139.016s][debug][gc,phases      ] GC(92) Reference Processing 0.115ms
[1139.016s][debug][gc,phases      ] GC(92)   VM Weak                        Min:  0.0, Avg:  0.0, Max:  0.0, Diff:  0.0, Sum:  0.0, Workers: 4
[1139.016s][debug][gc,phases      ] GC(92)     Dead                           Min: 0, Avg:  0.0, Max: 0, Diff: 0, Sum: 0, Workers: 4
[1139.016s][debug][gc,phases      ] GC(92)     Total                          Min: 0, Avg: 178.2, Max: 576, Diff: 576, Sum: 713, Workers: 4
[1139.016s][debug][gc,phases      ] GC(92)   ObjectSynchronizer Weak        Min:  0.0, Avg:  0.0, Max:  0.0, Diff:  0.0, Sum:  0.0, Workers: 4
[1139.016s][debug][gc,phases      ] GC(92)     Dead                           Min: 0, Avg:  0.0, Max: 0, Diff: 0, Sum: 0, Workers: 4
[1139.016s][debug][gc,phases      ] GC(92)     Total                          Min: 0, Avg:  1.2, Max: 5, Diff: 5, Sum: 5, Workers: 4
[1139.016s][debug][gc,phases      ] GC(92)   JVMTI Tag Weak OopStorage      Min:  0.0, Avg:  0.0, Max:  0.0, Diff:  0.0, Sum:  0.0, Workers: 4
[1139.016s][debug][gc,phases      ] GC(92)     Dead                           Min: 0, Avg:  0.0, Max: 0, Diff: 0, Sum: 0, Workers: 4
[1139.016s][debug][gc,phases      ] GC(92)     Total                          Min: 0, Avg:  0.0, Max: 0, Diff: 0, Sum: 0, Workers: 4
[1139.016s][debug][gc,phases      ] GC(92)   StringTable Weak               Min:  0.0, Avg:  0.1, Max:  0.1, Diff:  0.1, Sum:  0.4, Workers: 4
[1139.016s][debug][gc,phases      ] GC(92)     Dead                           Min: 0, Avg:  0.0, Max: 0, Diff: 0, Sum: 0, Workers: 4
[1139.016s][debug][gc,phases      ] GC(92)     Total                          Min: 0, Avg: 10858.2, Max: 15616, Diff: 15616, Sum: 43433, Workers: 4
[1139.016s][debug][gc,phases      ] GC(92)   ResolvedMethodTable Weak       Min:  0.0, Avg:  0.0, Max:  0.0, Diff:  0.0, Sum:  0.1, Workers: 4
[1139.016s][debug][gc,phases      ] GC(92)     Dead                           Min: 0, Avg:  0.0, Max: 0, Diff: 0, Sum: 0, Workers: 4
[1139.016s][debug][gc,phases      ] GC(92)     Total                          Min: 0, Avg: 2396.5, Max: 3385, Diff: 3385, Sum: 9586, Workers: 4
[1139.016s][debug][gc,phases      ] GC(92)   JNI Weak                       Min:  0.0, Avg:  0.0, Max:  0.0, Diff:  0.0, Sum:  0.0, Workers: 4
[1139.016s][debug][gc,phases      ] GC(92)     Dead                           Min: 0, Avg:  0.0, Max: 0, Diff: 0, Sum: 0, Workers: 4
[1139.016s][debug][gc,phases      ] GC(92)     Total                          Min: 0, Avg: 11.2, Max: 45, Diff: 45, Sum: 45, Workers: 4
[1139.016s][debug][gc,phases      ] GC(92)   StringDedup Table Weak         Min:  0.0, Avg:  0.0, Max:  0.0, Diff:  0.0, Sum:  0.0, Workers: 4
[1139.016s][debug][gc,phases      ] GC(92)     Dead                           Min: 0, Avg:  0.0, Max: 0, Diff: 0, Sum: 0, Workers: 4
[1139.016s][debug][gc,phases      ] GC(92)     Total                          Min: 0, Avg:  0.0, Max: 0, Diff: 0, Sum: 0, Workers: 4
[1139.016s][debug][gc,phases      ] GC(92)   StringDedup Requests0 Weak     Min:  0.0, Avg:  0.0, Max:  0.0, Diff:  0.0, Sum:  0.0, Workers: 4
[1139.016s][debug][gc,phases      ] GC(92)     Dead                           Min: 0, Avg:  0.0, Max: 0, Diff: 0, Sum: 0, Workers: 4
[1139.016s][debug][gc,phases      ] GC(92)     Total                          Min: 0, Avg:  0.0, Max: 0, Diff: 0, Sum: 0, Workers: 4
[1139.016s][debug][gc,phases      ] GC(92)   StringDedup Requests1 Weak     Min:  0.0, Avg:  0.0, Max:  0.0, Diff:  0.0, Sum:  0.0, Workers: 4
[1139.016s][debug][gc,phases      ] GC(92)     Dead                           Min: 0, Avg:  0.0, Max: 0, Diff: 0, Sum: 0, Workers: 4
[1139.016s][debug][gc,phases      ] GC(92)     Total                          Min: 0, Avg:  0.0, Max: 0, Diff: 0, Sum: 0, Workers: 4
[1139.016s][debug][gc,phases      ] GC(92)   Weak JFR Old Object Samples    Min:  0.0, Avg:  0.0, Max:  0.0, Diff:  0.0, Sum:  0.0, Workers: 4
[1139.016s][debug][gc,phases      ] GC(92)     Dead                           Min: 0, Avg:  0.0, Max: 0, Diff: 0, Sum: 0, Workers: 4
[1139.016s][debug][gc,phases      ] GC(92)     Total                          Min: 0, Avg:  0.0, Max: 0, Diff: 0, Sum: 0, Workers: 4
[1139.016s][debug][gc,phases      ] GC(92) Weak Processing 0.354ms
[1139.016s][debug][gc,age         ] GC(92) Desired survivor size 47185920 bytes, new threshold 15 (max threshold 15)
[1139.016s][info ][gc,heap        ] GC(92) PSYoungGen: 2000144K(2049024K)->1824K(2046464K) Eden: 1998336K(1998336K)->0K(1998336K) From: 1808K(50688K)->1824K(48128K)
[1139.016s][info ][gc,heap        ] GC(92) ParOldGen: 309504K(343552K)->309520K(343552K)
[1139.016s][info ][gc,metaspace   ] GC(92) Metaspace: 82036K(82944K)->82036K(82944K) NonClass: 70110K(70592K)->70110K(70592K) Class: 11926K(12352K)->11926K(12352K)
[1139.016s][info ][gc             ] GC(92) Pause Young (Allocation Failure) 2255M->304M(2334M) 4.274ms
[1139.016s][info ][gc,cpu         ] GC(92) User=0.01s Sys=0.00s Real=0.00s
[1139.016s][info ][safepoint      ] Safepoint "ParallelGCFailedAllocation", Time since last: 2944572628 ns, Reaching safepoint: 5500 ns, Cleanup: 46800 ns, At safepoint: 4341599 ns, Total: 4393899 ns
[1140.016s][info ][safepoint      ] Safepoint "Cleanup", Time since last: 1000082475 ns, Reaching safepoint: 3600 ns, Cleanup: 32800 ns, At safepoint: 7000 ns, Total: 43400 ns
[1142.314s][info ][safepoint      ] Safepoint "Cleanup", Time since last: 2297202833 ns, Reaching safepoint: 71400 ns, Cleanup: 46400 ns, At safepoint: 5900 ns, Total: 123700 ns
[1143.314s][info ][safepoint      ] Safepoint "Cleanup", Time since last: 1000116057 ns, Reaching safepoint: 79500 ns, Cleanup: 49000 ns, At safepoint: 6200 ns, Total: 134700 ns
[1146.325s][info ][safepoint      ] Safepoint "Cleanup", Time since last: 3010003608 ns, Reaching safepoint: 1224299 ns, Cleanup: 64000 ns, At safepoint: 19100 ns, Total: 1307399 ns
[1146.972s][info ][gc,start       ] GC(93) Pause Young (Allocation Failure)
[1146.997s][debug][gc,phases      ] GC(93) Scavenge 24.789ms
[1146.997s][debug][gc,ref         ] GC(93) Skipped phase 1 of Reference Processing: no references
[1146.997s][debug][gc,ref         ] GC(93) ReferenceProcessor::execute queues: 1, RefProcThreadModel::Single, marks_oops_alive: false
[1146.997s][debug][gc,ref         ] GC(93) Skipped phase 3 of Reference Processing: no references
[1146.997s][debug][gc,ref         ] GC(93) ReferenceProcessor::execute queues: 1, RefProcThreadModel::Single, marks_oops_alive: false
[1146.997s][debug][gc,phases      ] GC(93) Reference Processing 0.090ms
[1146.998s][debug][gc,phases      ] GC(93)   VM Weak                        Min:  0.0, Avg:  0.0, Max:  0.0, Diff:  0.0, Sum:  0.0, Workers: 4
[1146.998s][debug][gc,phases      ] GC(93)     Dead                           Min: 0, Avg:  0.0, Max: 0, Diff: 0, Sum: 0, Workers: 4
[1146.998s][debug][gc,phases      ] GC(93)     Total                          Min: 0, Avg: 178.2, Max: 704, Diff: 704, Sum: 713, Workers: 4
[1146.998s][debug][gc,phases      ] GC(93)   ObjectSynchronizer Weak        Min:  0.0, Avg:  0.0, Max:  0.0, Diff:  0.0, Sum:  0.0, Workers: 4
[1146.998s][debug][gc,phases      ] GC(93)     Dead                           Min: 0, Avg:  0.0, Max: 0, Diff: 0, Sum: 0, Workers: 4
[1146.998s][debug][gc,phases      ] GC(93)     Total                          Min: 0, Avg:  1.2, Max: 5, Diff: 5, Sum: 5, Workers: 4
[1146.998s][debug][gc,phases      ] GC(93)   JVMTI Tag Weak OopStorage      Min:  0.0, Avg:  0.0, Max:  0.0, Diff:  0.0, Sum:  0.0, Workers: 4
[1146.998s][debug][gc,phases      ] GC(93)     Dead                           Min: 0, Avg:  0.0, Max: 0, Diff: 0, Sum: 0, Workers: 4
[1146.998s][debug][gc,phases      ] GC(93)     Total                          Min: 0, Avg:  0.0, Max: 0, Diff: 0, Sum: 0, Workers: 4
[1146.998s][debug][gc,phases      ] GC(93)   StringTable Weak               Min:  0.0, Avg:  0.1, Max:  0.1, Diff:  0.1, Sum:  0.4, Workers: 4
[1146.998s][debug][gc,phases      ] GC(93)     Dead                           Min: 0, Avg:  0.0, Max: 0, Diff: 0, Sum: 0, Workers: 4
[1146.998s][debug][gc,phases      ] GC(93)     Total                          Min: 0, Avg: 10858.8, Max: 18047, Diff: 18047, Sum: 43435, Workers: 4
[1146.998s][debug][gc,phases      ] GC(93)   ResolvedMethodTable Weak       Min:  0.0, Avg:  0.0, Max:  0.0, Diff:  0.0, Sum:  0.1, Workers: 4
[1146.998s][debug][gc,phases      ] GC(93)     Dead                           Min: 0, Avg:  0.0, Max: 0, Diff: 0, Sum: 0, Workers: 4
[1146.998s][debug][gc,phases      ] GC(93)     Total                          Min: 0, Avg: 2396.5, Max: 3901, Diff: 3901, Sum: 9586, Workers: 4
[1146.998s][debug][gc,phases      ] GC(93)   JNI Weak                       Min:  0.0, Avg:  0.0, Max:  0.0, Diff:  0.0, Sum:  0.0, Workers: 4
[1146.998s][debug][gc,phases      ] GC(93)     Dead                           Min: 0, Avg:  0.0, Max: 0, Diff: 0, Sum: 0, Workers: 4
[1146.998s][debug][gc,phases      ] GC(93)     Total                          Min: 0, Avg: 11.8, Max: 47, Diff: 47, Sum: 47, Workers: 4
[1146.998s][debug][gc,phases      ] GC(93)   StringDedup Table Weak         Min:  0.0, Avg:  0.0, Max:  0.0, Diff:  0.0, Sum:  0.0, Workers: 4
[1146.998s][debug][gc,phases      ] GC(93)     Dead                           Min: 0, Avg:  0.0, Max: 0, Diff: 0, Sum: 0, Workers: 4
[1146.998s][debug][gc,phases      ] GC(93)     Total                          Min: 0, Avg:  0.0, Max: 0, Diff: 0, Sum: 0, Workers: 4
[1146.998s][debug][gc,phases      ] GC(93)   StringDedup Requests0 Weak     Min:  0.0, Avg:  0.0, Max:  0.0, Diff:  0.0, Sum:  0.0, Workers: 4
[1146.998s][debug][gc,phases      ] GC(93)     Dead                           Min: 0, Avg:  0.0, Max: 0, Diff: 0, Sum: 0, Workers: 4
[1146.998s][debug][gc,phases      ] GC(93)     Total                          Min: 0, Avg:  0.0, Max: 0, Diff: 0, Sum: 0, Workers: 4
[1146.998s][debug][gc,phases      ] GC(93)   StringDedup Requests1 Weak     Min:  0.0, Avg:  0.0, Max:  0.0, Diff:  0.0, Sum:  0.0, Workers: 4
[1146.998s][debug][gc,phases      ] GC(93)     Dead                           Min: 0, Avg:  0.0, Max: 0, Diff: 0, Sum: 0, Workers: 4
[1146.998s][debug][gc,phases      ] GC(93)     Total                          Min: 0, Avg:  0.0, Max: 0, Diff: 0, Sum: 0, Workers: 4
[1146.998s][debug][gc,phases      ] GC(93)   Weak JFR Old Object Samples    Min:  0.0, Avg:  0.0, Max:  0.0, Diff:  0.0, Sum:  0.0, Workers: 4
[1146.998s][debug][gc,phases      ] GC(93)     Dead                           Min: 0, Avg:  0.0, Max: 0, Diff: 0, Sum: 0, Workers: 4
[1146.998s][debug][gc,phases      ] GC(93)     Total                          Min: 0, Avg:  0.0, Max: 0, Diff: 0, Sum: 0, Workers: 4
[1146.998s][debug][gc,phases      ] GC(93) Weak Processing 0.311ms
[1146.998s][debug][gc,age         ] GC(93) Desired survivor size 59768832 bytes, new threshold 14 (max threshold 15)
[1146.998s][info ][gc,heap        ] GC(93) PSYoungGen: 2000160K(2046464K)->46064K(2026496K) Eden: 1998336K(1998336K)->0K(1980416K) From: 1824K(48128K)->46064K(46080K)
[1146.998s][info ][gc,heap        ] GC(93) ParOldGen: 309520K(343552K)->316885K(343552K)
[1146.998s][info ][gc,metaspace   ] GC(93) Metaspace: 82060K(83008K)->82060K(83008K) NonClass: 70133K(70656K)->70133K(70656K) Class: 11926K(12352K)->11926K(12352K)
[1146.998s][info ][gc             ] GC(93) Pause Young (Allocation Failure) 2255M->354M(2314M) 25.314ms
[1146.998s][info ][gc,cpu         ] GC(93) User=0.09s Sys=0.01s Real=0.02s
[1146.998s][info ][safepoint      ] Safepoint "ParallelGCFailedAllocation", Time since last: 646960691 ns, Reaching safepoint: 77100 ns, Cleanup: 71100 ns, At safepoint: 25388991 ns, Total: 25537191 ns
[1148.167s][info ][safepoint      ] Safepoint "Cleanup", Time since last: 1169133384 ns, Reaching safepoint: 4600 ns, Cleanup: 91400 ns, At safepoint: 5900 ns, Total: 101900 ns
[1150.167s][info ][safepoint      ] Safepoint "Cleanup", Time since last: 2000169946 ns, Reaching safepoint: 73600 ns, Cleanup: 29200 ns, At safepoint: 5600 ns, Total: 108400 ns
[1151.167s][info ][safepoint      ] Safepoint "Cleanup", Time since last: 1000087523 ns, Reaching safepoint: 4400 ns, Cleanup: 30900 ns, At safepoint: 2200 ns, Total: 37500 ns
[1152.168s][info ][safepoint      ] Safepoint "Cleanup", Time since last: 1000111723 ns, Reaching safepoint: 76300 ns, Cleanup: 45200 ns, At safepoint: 5300 ns, Total: 126800 ns
[1154.168s][info ][safepoint      ] Safepoint "Cleanup", Time since last: 2000179047 ns, Reaching safepoint: 5700 ns, Cleanup: 30799 ns, At safepoint: 4700 ns, Total: 41199 ns
[1155.168s][info ][safepoint      ] Safepoint "Cleanup", Time since last: 1000129224 ns, Reaching safepoint: 4700 ns, Cleanup: 39500 ns, At safepoint: 3100 ns, Total: 47300 ns
[1155.816s][info ][safepoint      ] Safepoint "ParallelGCFailedAllocation", Time since last: 647982069 ns, Reaching safepoint: 83700 ns, Cleanup: 29200 ns, At safepoint: 20000 ns, Total: 132900 ns
[1155.816s][info ][gc,start       ] GC(94) Pause Young (GCLocker Initiated GC)
[1155.830s][debug][gc,phases      ] GC(94) Scavenge 14.109ms
[1155.831s][debug][gc,ref         ] GC(94) Skipped phase 1 of Reference Processing: no references
[1155.831s][debug][gc,ref         ] GC(94) ReferenceProcessor::execute queues: 1, RefProcThreadModel::Single, marks_oops_alive: false
[1155.831s][debug][gc,ref         ] GC(94) Skipped phase 3 of Reference Processing: no references
[1155.831s][debug][gc,ref         ] GC(94) ReferenceProcessor::execute queues: 1, RefProcThreadModel::Single, marks_oops_alive: false
[1155.831s][debug][gc,phases      ] GC(94) Reference Processing 0.096ms
[1155.831s][debug][gc,phases      ] GC(94)   VM Weak                        Min:  0.0, Avg:  0.0, Max:  0.0, Diff:  0.0, Sum:  0.0, Workers: 4
[1155.831s][debug][gc,phases      ] GC(94)     Dead                           Min: 0, Avg:  0.0, Max: 0, Diff: 0, Sum: 0, Workers: 4
[1155.831s][debug][gc,phases      ] GC(94)     Total                          Min: 0, Avg: 178.2, Max: 512, Diff: 512, Sum: 713, Workers: 4
[1155.831s][debug][gc,phases      ] GC(94)   ObjectSynchronizer Weak        Min:  0.0, Avg:  0.0, Max:  0.0, Diff:  0.0, Sum:  0.0, Workers: 4
[1155.831s][debug][gc,phases      ] GC(94)     Dead                           Min: 0, Avg:  0.0, Max: 0, Diff: 0, Sum: 0, Workers: 4
[1155.831s][debug][gc,phases      ] GC(94)     Total                          Min: 0, Avg:  1.2, Max: 5, Diff: 5, Sum: 5, Workers: 4
[1155.831s][debug][gc,phases      ] GC(94)   JVMTI Tag Weak OopStorage      Min:  0.0, Avg:  0.0, Max:  0.0, Diff:  0.0, Sum:  0.0, Workers: 4
[1155.831s][debug][gc,phases      ] GC(94)     Dead                           Min: 0, Avg:  0.0, Max: 0, Diff: 0, Sum: 0, Workers: 4
[1155.831s][debug][gc,phases      ] GC(94)     Total                          Min: 0, Avg:  0.0, Max: 0, Diff: 0, Sum: 0, Workers: 4
[1155.831s][debug][gc,phases      ] GC(94)   StringTable Weak               Min:  0.0, Avg:  0.1, Max:  0.1, Diff:  0.1, Sum:  0.4, Workers: 4
[1155.831s][debug][gc,phases      ] GC(94)     Dead                           Min: 0, Avg:  0.5, Max: 2, Diff: 2, Sum: 2, Workers: 4
[1155.831s][debug][gc,phases      ] GC(94)     Total                          Min: 0, Avg: 10860.8, Max: 18622, Diff: 18622, Sum: 43443, Workers: 4
[1155.831s][debug][gc,phases      ] GC(94)   ResolvedMethodTable Weak       Min:  0.0, Avg:  0.0, Max:  0.0, Diff:  0.0, Sum:  0.1, Workers: 4
[1155.831s][debug][gc,phases      ] GC(94)     Dead                           Min: 0, Avg:  0.0, Max: 0, Diff: 0, Sum: 0, Workers: 4
[1155.831s][debug][gc,phases      ] GC(94)     Total                          Min: 0, Avg: 2399.8, Max: 4159, Diff: 4159, Sum: 9599, Workers: 4
[1155.831s][debug][gc,phases      ] GC(94)   JNI Weak                       Min:  0.0, Avg:  0.0, Max:  0.0, Diff:  0.0, Sum:  0.0, Workers: 4
[1155.831s][debug][gc,phases      ] GC(94)     Dead                           Min: 0, Avg:  0.0, Max: 0, Diff: 0, Sum: 0, Workers: 4
[1155.831s][debug][gc,phases      ] GC(94)     Total                          Min: 0, Avg: 11.2, Max: 45, Diff: 45, Sum: 45, Workers: 4
[1155.831s][debug][gc,phases      ] GC(94)   StringDedup Table Weak         Min:  0.0, Avg:  0.0, Max:  0.0, Diff:  0.0, Sum:  0.0, Workers: 4
[1155.831s][debug][gc,phases      ] GC(94)     Dead                           Min: 0, Avg:  0.0, Max: 0, Diff: 0, Sum: 0, Workers: 4
[1155.831s][debug][gc,phases      ] GC(94)     Total                          Min: 0, Avg:  0.0, Max: 0, Diff: 0, Sum: 0, Workers: 4
[1155.831s][debug][gc,phases      ] GC(94)   StringDedup Requests0 Weak     Min:  0.0, Avg:  0.0, Max:  0.0, Diff:  0.0, Sum:  0.0, Workers: 4
[1155.831s][debug][gc,phases      ] GC(94)     Dead                           Min: 0, Avg:  0.0, Max: 0, Diff: 0, Sum: 0, Workers: 4
[1155.831s][debug][gc,phases      ] GC(94)     Total                          Min: 0, Avg:  0.0, Max: 0, Diff: 0, Sum: 0, Workers: 4
[1155.831s][debug][gc,phases      ] GC(94)   StringDedup Requests1 Weak     Min:  0.0, Avg:  0.0, Max:  0.0, Diff:  0.0, Sum:  0.0, Workers: 4
[1155.831s][debug][gc,phases      ] GC(94)     Dead                           Min: 0, Avg:  0.0, Max: 0, Diff: 0, Sum: 0, Workers: 4
[1155.831s][debug][gc,phases      ] GC(94)     Total                          Min: 0, Avg:  0.0, Max: 0, Diff: 0, Sum: 0, Workers: 4
[1155.831s][debug][gc,phases      ] GC(94)   Weak JFR Old Object Samples    Min:  0.0, Avg:  0.0, Max:  0.0, Diff:  0.0, Sum:  0.0, Workers: 4
[1155.831s][debug][gc,phases      ] GC(94)     Dead                           Min: 0, Avg:  0.0, Max: 0, Diff: 0, Sum: 0, Workers: 4
[1155.831s][debug][gc,phases      ] GC(94)     Total                          Min: 0, Avg:  0.0, Max: 0, Diff: 0, Sum: 0, Workers: 4
[1155.831s][debug][gc,phases      ] GC(94) Weak Processing 0.327ms
[1155.831s][debug][gc,age         ] GC(94) Desired survivor size 65536000 bytes, new threshold 15 (max threshold 15)
[1155.831s][info ][gc,heap        ] GC(94) PSYoungGen: 2026480K(2026496K)->40864K(2021376K) Eden: 1980416K(1980416K)->0K(1980416K) From: 46064K(46080K)->40864K(40960K)
[1155.831s][info ][gc,heap        ] GC(94) ParOldGen: 316886K(343552K)->316926K(343552K)
[1155.831s][info ][gc,metaspace   ] GC(94) Metaspace: 82121K(83008K)->82121K(83008K) NonClass: 70188K(70656K)->70188K(70656K) Class: 11933K(12352K)->11933K(12352K)
[1155.831s][info ][gc             ] GC(94) Pause Young (GCLocker Initiated GC) 2288M->349M(2309M) 14.623ms
[1155.831s][info ][gc,cpu         ] GC(94) User=0.04s Sys=0.00s Real=0.02s
[1155.831s][info ][safepoint      ] Safepoint "ParallelGCSystemGC", Time since last: 84000 ns, Reaching safepoint: 70800 ns, Cleanup: 11300 ns, At safepoint: 14691204 ns, Total: 14773304 ns
[1156.831s][info ][safepoint      ] Safepoint "Cleanup", Time since last: 1000084922 ns, Reaching safepoint: 4500 ns, Cleanup: 90000 ns, At safepoint: 4800 ns, Total: 99300 ns
[1162.567s][info ][safepoint      ] Safepoint "Cleanup", Time since last: 5735444552 ns, Reaching safepoint: 4700 ns, Cleanup: 36700 ns, At safepoint: 2600 ns, Total: 44000 ns
[1163.567s][info ][safepoint      ] Safepoint "Cleanup", Time since last: 1000110790 ns, Reaching safepoint: 73800 ns, Cleanup: 48800 ns, At safepoint: 4700 ns, Total: 127300 ns
[1165.964s][info ][gc,start       ] GC(95) Pause Young (Allocation Failure)
[1165.980s][debug][gc,phases      ] GC(95) Scavenge 15.789ms
[1165.980s][debug][gc,ref         ] GC(95) Skipped phase 1 of Reference Processing: no references
[1165.980s][debug][gc,ref         ] GC(95) ReferenceProcessor::execute queues: 1, RefProcThreadModel::Single, marks_oops_alive: false
[1165.980s][debug][gc,ref         ] GC(95) Skipped phase 3 of Reference Processing: no references
[1165.980s][debug][gc,ref         ] GC(95) ReferenceProcessor::execute queues: 1, RefProcThreadModel::Single, marks_oops_alive: false
[1165.980s][debug][gc,phases      ] GC(95) Reference Processing 0.096ms
[1165.980s][debug][gc,phases      ] GC(95)   VM Weak                        Min:  0.0, Avg:  0.0, Max:  0.0, Diff:  0.0, Sum:  0.0, Workers: 4
[1165.980s][debug][gc,phases      ] GC(95)     Dead                           Min: 0, Avg:  0.0, Max: 0, Diff: 0, Sum: 0, Workers: 4
[1165.980s][debug][gc,phases      ] GC(95)     Total                          Min: 0, Avg: 178.2, Max: 384, Diff: 384, Sum: 713, Workers: 4
[1165.980s][debug][gc,phases      ] GC(95)   ObjectSynchronizer Weak        Min:  0.0, Avg:  0.0, Max:  0.0, Diff:  0.0, Sum:  0.0, Workers: 4
[1165.980s][debug][gc,phases      ] GC(95)     Dead                           Min: 0, Avg:  0.0, Max: 0, Diff: 0, Sum: 0, Workers: 4
[1165.980s][debug][gc,phases      ] GC(95)     Total                          Min: 0, Avg:  1.8, Max: 7, Diff: 7, Sum: 7, Workers: 4
[1165.980s][debug][gc,phases      ] GC(95)   JVMTI Tag Weak OopStorage      Min:  0.0, Avg:  0.0, Max:  0.0, Diff:  0.0, Sum:  0.0, Workers: 4
[1165.980s][debug][gc,phases      ] GC(95)     Dead                           Min: 0, Avg:  0.0, Max: 0, Diff: 0, Sum: 0, Workers: 4
[1165.980s][debug][gc,phases      ] GC(95)     Total                          Min: 0, Avg:  0.0, Max: 0, Diff: 0, Sum: 0, Workers: 4
[1165.980s][debug][gc,phases      ] GC(95)   StringTable Weak               Min:  0.0, Avg:  0.1, Max:  0.1, Diff:  0.1, Sum:  0.4, Workers: 4
[1165.980s][debug][gc,phases      ] GC(95)     Dead                           Min: 0, Avg:  0.0, Max: 0, Diff: 0, Sum: 0, Workers: 4
[1165.980s][debug][gc,phases      ] GC(95)     Total                          Min: 0, Avg: 10861.2, Max: 18046, Diff: 18046, Sum: 43445, Workers: 4
[1165.980s][debug][gc,phases      ] GC(95)   ResolvedMethodTable Weak       Min:  0.0, Avg:  0.0, Max:  0.0, Diff:  0.0, Sum:  0.1, Workers: 4
[1165.980s][debug][gc,phases      ] GC(95)     Dead                           Min: 0, Avg:  0.0, Max: 0, Diff: 0, Sum: 0, Workers: 4
[1165.980s][debug][gc,phases      ] GC(95)     Total                          Min: 0, Avg: 2399.8, Max: 4159, Diff: 4159, Sum: 9599, Workers: 4
[1165.980s][debug][gc,phases      ] GC(95)   JNI Weak                       Min:  0.0, Avg:  0.0, Max:  0.0, Diff:  0.0, Sum:  0.0, Workers: 4
[1165.980s][debug][gc,phases      ] GC(95)     Dead                           Min: 0, Avg:  0.0, Max: 0, Diff: 0, Sum: 0, Workers: 4
[1165.980s][debug][gc,phases      ] GC(95)     Total                          Min: 0, Avg: 11.2, Max: 45, Diff: 45, Sum: 45, Workers: 4
[1165.980s][debug][gc,phases      ] GC(95)   StringDedup Table Weak         Min:  0.0, Avg:  0.0, Max:  0.0, Diff:  0.0, Sum:  0.0, Workers: 4
[1165.980s][debug][gc,phases      ] GC(95)     Dead                           Min: 0, Avg:  0.0, Max: 0, Diff: 0, Sum: 0, Workers: 4
[1165.980s][debug][gc,phases      ] GC(95)     Total                          Min: 0, Avg:  0.0, Max: 0, Diff: 0, Sum: 0, Workers: 4
[1165.980s][debug][gc,phases      ] GC(95)   StringDedup Requests0 Weak     Min:  0.0, Avg:  0.0, Max:  0.0, Diff:  0.0, Sum:  0.0, Workers: 4
[1165.980s][debug][gc,phases      ] GC(95)     Dead                           Min: 0, Avg:  0.0, Max: 0, Diff: 0, Sum: 0, Workers: 4
[1165.980s][debug][gc,phases      ] GC(95)     Total                          Min: 0, Avg:  0.0, Max: 0, Diff: 0, Sum: 0, Workers: 4
[1165.980s][debug][gc,phases      ] GC(95)   StringDedup Requests1 Weak     Min:  0.0, Avg:  0.0, Max:  0.0, Diff:  0.0, Sum:  0.0, Workers: 4
[1165.980s][debug][gc,phases      ] GC(95)     Dead                           Min: 0, Avg:  0.0, Max: 0, Diff: 0, Sum: 0, Workers: 4
[1165.980s][debug][gc,phases      ] GC(95)     Total                          Min: 0, Avg:  0.0, Max: 0, Diff: 0, Sum: 0, Workers: 4
[1165.980s][debug][gc,phases      ] GC(95)   Weak JFR Old Object Samples    Min:  0.0, Avg:  0.0, Max:  0.0, Diff:  0.0, Sum:  0.0, Workers: 4
[1165.980s][debug][gc,phases      ] GC(95)     Dead                           Min: 0, Avg:  0.0, Max: 0, Diff: 0, Sum: 0, Workers: 4
[1165.980s][debug][gc,phases      ] GC(95)     Total                          Min: 0, Avg:  0.0, Max: 0, Diff: 0, Sum: 0, Workers: 4
[1165.980s][debug][gc,phases      ] GC(95) Weak Processing 0.338ms
[1165.980s][debug][gc,age         ] GC(95) Desired survivor size 67633152 bytes, new threshold 15 (max threshold 15)
[1165.980s][info ][gc,heap        ] GC(95) PSYoungGen: 2021280K(2021376K)->34304K(2029056K) Eden: 1980416K(1980416K)->0K(1965056K) From: 40864K(40960K)->34304K(64000K)
[1165.980s][info ][gc,heap        ] GC(95) ParOldGen: 316928K(343552K)->316928K(343552K)
[1165.980s][info ][gc,metaspace   ] GC(95) Metaspace: 82126K(83008K)->82126K(83008K) NonClass: 70192K(70656K)->70192K(70656K) Class: 11933K(12352K)->11933K(12352K)
[1165.980s][info ][gc             ] GC(95) Pause Young (Allocation Failure) 2283M->343M(2317M) 16.344ms
[1165.980s][info ][gc,cpu         ] GC(95) User=0.05s Sys=0.01s Real=0.02s
[1165.980s][info ][safepoint      ] Safepoint "ParallelGCFailedAllocation", Time since last: 2396744783 ns, Reaching safepoint: 4000 ns, Cleanup: 29400 ns, At safepoint: 16415096 ns, Total: 16448496 ns
[1166.980s][info ][safepoint      ] Safepoint "Cleanup", Time since last: 1000082542 ns, Reaching safepoint: 4400 ns, Cleanup: 36000 ns, At safepoint: 2600 ns, Total: 43000 ns
[1168.980s][info ][safepoint      ] Safepoint "Cleanup", Time since last: 2000153086 ns, Reaching safepoint: 3900 ns, Cleanup: 30600 ns, At safepoint: 6900 ns, Total: 41400 ns
[1170.981s][info ][safepoint      ] Safepoint "Cleanup", Time since last: 2000154885 ns, Reaching safepoint: 4500 ns, Cleanup: 33200 ns, At safepoint: 2600 ns, Total: 40300 ns
[1171.981s][info ][safepoint      ] Safepoint "Cleanup", Time since last: 1000102566 ns, Reaching safepoint: 4500 ns, Cleanup: 44200 ns, At safepoint: 2600 ns, Total: 51300 ns
[1172.981s][info ][safepoint      ] Safepoint "Cleanup", Time since last: 1000055183 ns, Reaching safepoint: 4200 ns, Cleanup: 37100 ns, At safepoint: 2400 ns, Total: 43700 ns
[1173.981s][info ][safepoint      ] Safepoint "Cleanup", Time since last: 1000074582 ns, Reaching safepoint: 3900 ns, Cleanup: 38900 ns, At safepoint: 2200 ns, Total: 45000 ns
[1174.981s][info ][safepoint      ] Safepoint "Cleanup", Time since last: 1000103183 ns, Reaching safepoint: 77500 ns, Cleanup: 41200 ns, At safepoint: 13200 ns, Total: 131900 ns
[1175.982s][info ][safepoint      ] Safepoint "Cleanup", Time since last: 1000466882 ns, Reaching safepoint: 4400 ns, Cleanup: 64700 ns, At safepoint: 10800 ns, Total: 79900 ns
[1176.313s][info ][gc,start       ] GC(96) Pause Young (Allocation Failure)
[1176.328s][debug][gc,phases      ] GC(96) Scavenge 15.658ms
[1176.328s][debug][gc,ref         ] GC(96) Skipped phase 1 of Reference Processing: no references
[1176.328s][debug][gc,ref         ] GC(96) ReferenceProcessor::execute queues: 1, RefProcThreadModel::Single, marks_oops_alive: false
[1176.328s][debug][gc,ref         ] GC(96) Skipped phase 3 of Reference Processing: no references
[1176.328s][debug][gc,ref         ] GC(96) ReferenceProcessor::execute queues: 1, RefProcThreadModel::Single, marks_oops_alive: false
[1176.328s][debug][gc,phases      ] GC(96) Reference Processing 0.103ms
[1176.329s][debug][gc,phases      ] GC(96)   VM Weak                        Min:  0.0, Avg:  0.0, Max:  0.0, Diff:  0.0, Sum:  0.0, Workers: 4
[1176.329s][debug][gc,phases      ] GC(96)     Dead                           Min: 0, Avg:  0.0, Max: 0, Diff: 0, Sum: 0, Workers: 4
[1176.329s][debug][gc,phases      ] GC(96)     Total                          Min: 0, Avg: 179.8, Max: 527, Diff: 527, Sum: 719, Workers: 4
[1176.329s][debug][gc,phases      ] GC(96)   ObjectSynchronizer Weak        Min:  0.0, Avg:  0.0, Max:  0.0, Diff:  0.0, Sum:  0.0, Workers: 4
[1176.329s][debug][gc,phases      ] GC(96)     Dead                           Min: 0, Avg:  0.0, Max: 0, Diff: 0, Sum: 0, Workers: 4
[1176.329s][debug][gc,phases      ] GC(96)     Total                          Min: 0, Avg:  1.8, Max: 7, Diff: 7, Sum: 7, Workers: 4
[1176.329s][debug][gc,phases      ] GC(96)   JVMTI Tag Weak OopStorage      Min:  0.0, Avg:  0.0, Max:  0.0, Diff:  0.0, Sum:  0.0, Workers: 4
[1176.329s][debug][gc,phases      ] GC(96)     Dead                           Min: 0, Avg:  0.0, Max: 0, Diff: 0, Sum: 0, Workers: 4
[1176.329s][debug][gc,phases      ] GC(96)     Total                          Min: 0, Avg:  0.0, Max: 0, Diff: 0, Sum: 0, Workers: 4
[1176.329s][debug][gc,phases      ] GC(96)   StringTable Weak               Min:  0.0, Avg:  0.1, Max:  0.1, Diff:  0.1, Sum:  0.4, Workers: 4
[1176.329s][debug][gc,phases      ] GC(96)     Dead                           Min: 0, Avg:  0.8, Max: 1, Diff: 1, Sum: 3, Workers: 4
[1176.329s][debug][gc,phases      ] GC(96)     Total                          Min: 0, Avg: 10870.0, Max: 18009, Diff: 18009, Sum: 43480, Workers: 4
[1176.329s][debug][gc,phases      ] GC(96)   ResolvedMethodTable Weak       Min:  0.0, Avg:  0.0, Max:  0.0, Diff:  0.0, Sum:  0.1, Workers: 4
[1176.329s][debug][gc,phases      ] GC(96)     Dead                           Min: 0, Avg:  0.0, Max: 0, Diff: 0, Sum: 0, Workers: 4
[1176.329s][debug][gc,phases      ] GC(96)     Total                          Min: 0, Avg: 2411.2, Max: 4014, Diff: 4014, Sum: 9645, Workers: 4
[1176.329s][debug][gc,phases      ] GC(96)   JNI Weak                       Min:  0.0, Avg:  0.0, Max:  0.0, Diff:  0.0, Sum:  0.0, Workers: 4
[1176.329s][debug][gc,phases      ] GC(96)     Dead                           Min: 0, Avg:  0.0, Max: 0, Diff: 0, Sum: 0, Workers: 4
[1176.329s][debug][gc,phases      ] GC(96)     Total                          Min: 0, Avg: 11.2, Max: 45, Diff: 45, Sum: 45, Workers: 4
[1176.329s][debug][gc,phases      ] GC(96)   StringDedup Table Weak         Min:  0.0, Avg:  0.0, Max:  0.0, Diff:  0.0, Sum:  0.0, Workers: 4
[1176.329s][debug][gc,phases      ] GC(96)     Dead                           Min: 0, Avg:  0.0, Max: 0, Diff: 0, Sum: 0, Workers: 4
[1176.329s][debug][gc,phases      ] GC(96)     Total                          Min: 0, Avg:  0.0, Max: 0, Diff: 0, Sum: 0, Workers: 4
[1176.329s][debug][gc,phases      ] GC(96)   StringDedup Requests0 Weak     Min:  0.0, Avg:  0.0, Max:  0.0, Diff:  0.0, Sum:  0.0, Workers: 4
[1176.329s][debug][gc,phases      ] GC(96)     Dead                           Min: 0, Avg:  0.0, Max: 0, Diff: 0, Sum: 0, Workers: 4
[1176.329s][debug][gc,phases      ] GC(96)     Total                          Min: 0, Avg:  0.0, Max: 0, Diff: 0, Sum: 0, Workers: 4
[1176.329s][debug][gc,phases      ] GC(96)   StringDedup Requests1 Weak     Min:  0.0, Avg:  0.0, Max:  0.0, Diff:  0.0, Sum:  0.0, Workers: 4
[1176.329s][debug][gc,phases      ] GC(96)     Dead                           Min: 0, Avg:  0.0, Max: 0, Diff: 0, Sum: 0, Workers: 4
[1176.329s][debug][gc,phases      ] GC(96)     Total                          Min: 0, Avg:  0.0, Max: 0, Diff: 0, Sum: 0, Workers: 4
[1176.329s][debug][gc,phases      ] GC(96)   Weak JFR Old Object Samples    Min:  0.0, Avg:  0.0, Max:  0.0, Diff:  0.0, Sum:  0.0, Workers: 4
[1176.329s][debug][gc,phases      ] GC(96)     Dead                           Min: 0, Avg:  0.0, Max: 0, Diff: 0, Sum: 0, Workers: 4
[1176.329s][debug][gc,phases      ] GC(96)     Total                          Min: 0, Avg:  0.0, Max: 0, Diff: 0, Sum: 0, Workers: 4
[1176.329s][debug][gc,phases      ] GC(96) Weak Processing 0.325ms
[1176.329s][debug][gc,age         ] GC(96) Desired survivor size 68681728 bytes, new threshold 15 (max threshold 15)
[1176.329s][info ][gc,heap        ] GC(96) PSYoungGen: 1999360K(2029056K)->34608K(1999872K) Eden: 1965056K(1965056K)->0K(1965056K) From: 34304K(64000K)->34608K(34816K)
[1176.329s][info ][gc,heap        ] GC(96) ParOldGen: 316928K(343552K)->316944K(343552K)
[1176.329s][info ][gc,metaspace   ] GC(96) Metaspace: 82242K(83136K)->82242K(83136K) NonClass: 70283K(70784K)->70283K(70784K) Class: 11958K(12352K)->11958K(12352K)
[1176.329s][info ][gc             ] GC(96) Pause Young (Allocation Failure) 2262M->343M(2288M) 16.210ms
[1176.329s][info ][gc,cpu         ] GC(96) User=0.05s Sys=0.00s Real=0.02s
[1176.329s][info ][safepoint      ] Safepoint "ParallelGCFailedAllocation", Time since last: 330640673 ns, Reaching safepoint: 4000 ns, Cleanup: 58500 ns, At safepoint: 16282196 ns, Total: 16344696 ns
[1177.329s][info ][safepoint      ] Safepoint "Cleanup", Time since last: 1000085586 ns, Reaching safepoint: 3900 ns, Cleanup: 52600 ns, At safepoint: 2400 ns, Total: 58900 ns
[1178.329s][info ][safepoint      ] Safepoint "Cleanup", Time since last: 1000108087 ns, Reaching safepoint: 5700 ns, Cleanup: 52500 ns, At safepoint: 2500 ns, Total: 60700 ns
[1179.329s][info ][safepoint      ] Safepoint "Cleanup", Time since last: 1000117686 ns, Reaching safepoint: 6200 ns, Cleanup: 30000 ns, At safepoint: 2400 ns, Total: 38600 ns
[1180.329s][info ][safepoint      ] Safepoint "Cleanup", Time since last: 1000102512 ns, Reaching safepoint: 4500 ns, Cleanup: 39400 ns, At safepoint: 2800 ns, Total: 46700 ns
[1181.330s][info ][safepoint      ] Safepoint "Cleanup", Time since last: 1000109816 ns, Reaching safepoint: 74300 ns, Cleanup: 44500 ns, At safepoint: 4500 ns, Total: 123300 ns
[1182.330s][info ][safepoint      ] Safepoint "Cleanup", Time since last: 1000098516 ns, Reaching safepoint: 4200 ns, Cleanup: 50300 ns, At safepoint: 17600 ns, Total: 72100 ns
[1185.330s][info ][safepoint      ] Safepoint "Cleanup", Time since last: 3000224749 ns, Reaching safepoint: 73400 ns, Cleanup: 36900 ns, At safepoint: 11400 ns, Total: 121700 ns
[1185.512s][info ][gc,start       ] GC(97) Pause Young (Allocation Failure)
[1185.534s][debug][gc,phases      ] GC(97) Scavenge 22.808ms
[1185.534s][debug][gc,ref         ] GC(97) Skipped phase 1 of Reference Processing: no references
[1185.535s][debug][gc,ref         ] GC(97) ReferenceProcessor::execute queues: 1, RefProcThreadModel::Single, marks_oops_alive: false
[1185.535s][debug][gc,ref         ] GC(97) Skipped phase 3 of Reference Processing: no references
[1185.535s][debug][gc,ref         ] GC(97) ReferenceProcessor::execute queues: 1, RefProcThreadModel::Single, marks_oops_alive: false
[1185.535s][debug][gc,phases      ] GC(97) Reference Processing 0.112ms
[1185.535s][debug][gc,phases      ] GC(97)   VM Weak                        Min:  0.0, Avg:  0.0, Max:  0.0, Diff:  0.0, Sum:  0.0, Workers: 4
[1185.535s][debug][gc,phases      ] GC(97)     Dead                           Min: 0, Avg:  0.0, Max: 0, Diff: 0, Sum: 0, Workers: 4
[1185.535s][debug][gc,phases      ] GC(97)     Total                          Min: 0, Avg: 180.8, Max: 659, Diff: 659, Sum: 723, Workers: 4
[1185.535s][debug][gc,phases      ] GC(97)   ObjectSynchronizer Weak        Min:  0.0, Avg:  0.0, Max:  0.0, Diff:  0.0, Sum:  0.0, Workers: 4
[1185.535s][debug][gc,phases      ] GC(97)     Dead                           Min: 0, Avg:  0.0, Max: 0, Diff: 0, Sum: 0, Workers: 4
[1185.535s][debug][gc,phases      ] GC(97)     Total                          Min: 0, Avg:  1.8, Max: 7, Diff: 7, Sum: 7, Workers: 4
[1185.535s][debug][gc,phases      ] GC(97)   JVMTI Tag Weak OopStorage      Min:  0.0, Avg:  0.0, Max:  0.0, Diff:  0.0, Sum:  0.0, Workers: 4
[1185.535s][debug][gc,phases      ] GC(97)     Dead                           Min: 0, Avg:  0.0, Max: 0, Diff: 0, Sum: 0, Workers: 4
[1185.535s][debug][gc,phases      ] GC(97)     Total                          Min: 0, Avg:  0.0, Max: 0, Diff: 0, Sum: 0, Workers: 4
[1185.535s][debug][gc,phases      ] GC(97)   StringTable Weak               Min:  0.0, Avg:  0.1, Max:  0.1, Diff:  0.1, Sum:  0.4, Workers: 4
[1185.535s][debug][gc,phases      ] GC(97)     Dead                           Min: 0, Avg:  0.2, Max: 1, Diff: 1, Sum: 1, Workers: 4
[1185.535s][debug][gc,phases      ] GC(97)     Total                          Min: 0, Avg: 10877.0, Max: 18101, Diff: 18101, Sum: 43508, Workers: 4
[1185.535s][debug][gc,phases      ] GC(97)   ResolvedMethodTable Weak       Min:  0.0, Avg:  0.0, Max:  0.0, Diff:  0.0, Sum:  0.1, Workers: 4
[1185.535s][debug][gc,phases      ] GC(97)     Dead                           Min: 0, Avg:  3.2, Max: 9, Diff: 9, Sum: 13, Workers: 4
[1185.535s][debug][gc,phases      ] GC(97)     Total                          Min: 0, Avg: 2418.8, Max: 4160, Diff: 4160, Sum: 9675, Workers: 4
[1185.535s][debug][gc,phases      ] GC(97)   JNI Weak                       Min:  0.0, Avg:  0.0, Max:  0.0, Diff:  0.0, Sum:  0.0, Workers: 4
[1185.535s][debug][gc,phases      ] GC(97)     Dead                           Min: 0, Avg:  0.0, Max: 0, Diff: 0, Sum: 0, Workers: 4
[1185.535s][debug][gc,phases      ] GC(97)     Total                          Min: 0, Avg: 11.2, Max: 45, Diff: 45, Sum: 45, Workers: 4
[1185.535s][debug][gc,phases      ] GC(97)   StringDedup Table Weak         Min:  0.0, Avg:  0.0, Max:  0.0, Diff:  0.0, Sum:  0.0, Workers: 4
[1185.535s][debug][gc,phases      ] GC(97)     Dead                           Min: 0, Avg:  0.0, Max: 0, Diff: 0, Sum: 0, Workers: 4
[1185.535s][debug][gc,phases      ] GC(97)     Total                          Min: 0, Avg:  0.0, Max: 0, Diff: 0, Sum: 0, Workers: 4
[1185.535s][debug][gc,phases      ] GC(97)   StringDedup Requests0 Weak     Min:  0.0, Avg:  0.0, Max:  0.0, Diff:  0.0, Sum:  0.0, Workers: 4
[1185.535s][debug][gc,phases      ] GC(97)     Dead                           Min: 0, Avg:  0.0, Max: 0, Diff: 0, Sum: 0, Workers: 4
[1185.535s][debug][gc,phases      ] GC(97)     Total                          Min: 0, Avg:  0.0, Max: 0, Diff: 0, Sum: 0, Workers: 4
[1185.535s][debug][gc,phases      ] GC(97)   StringDedup Requests1 Weak     Min:  0.0, Avg:  0.0, Max:  0.0, Diff:  0.0, Sum:  0.0, Workers: 4
[1185.535s][debug][gc,phases      ] GC(97)     Dead                           Min: 0, Avg:  0.0, Max: 0, Diff: 0, Sum: 0, Workers: 4
[1185.535s][debug][gc,phases      ] GC(97)     Total                          Min: 0, Avg:  0.0, Max: 0, Diff: 0, Sum: 0, Workers: 4
[1185.535s][debug][gc,phases      ] GC(97)   Weak JFR Old Object Samples    Min:  0.0, Avg:  0.0, Max:  0.0, Diff:  0.0, Sum:  0.0, Workers: 4
[1185.535s][debug][gc,phases      ] GC(97)     Dead                           Min: 0, Avg:  0.0, Max: 0, Diff: 0, Sum: 0, Workers: 4
[1185.535s][debug][gc,phases      ] GC(97)     Total                          Min: 0, Avg:  0.0, Max: 0, Diff: 0, Sum: 0, Workers: 4
[1185.535s][debug][gc,phases      ] GC(97) Weak Processing 0.344ms
[1185.535s][debug][gc,age         ] GC(97) Desired survivor size 78118912 bytes, new threshold 15 (max threshold 15)
[1185.535s][info ][gc,heap        ] GC(97) PSYoungGen: 1999664K(1999872K)->57184K(2011648K) Eden: 1965056K(1965056K)->0K(1944576K) From: 34608K(34816K)->57184K(67072K)
[1185.535s][info ][gc,heap        ] GC(97) ParOldGen: 316944K(343552K)->316968K(343552K)
[1185.535s][info ][gc,metaspace   ] GC(97) Metaspace: 82344K(83200K)->82344K(83200K) NonClass: 70369K(70848K)->70369K(70848K) Class: 11974K(12352K)->11974K(12352K)
[1185.535s][info ][gc             ] GC(97) Pause Young (Allocation Failure) 2262M->365M(2300M) 23.385ms
[1185.535s][info ][gc,cpu         ] GC(97) User=0.08s Sys=0.00s Real=0.02s
[1185.535s][info ][safepoint      ] Safepoint "ParallelGCFailedAllocation", Time since last: 181264566 ns, Reaching safepoint: 76600 ns, Cleanup: 58900 ns, At safepoint: 23468596 ns, Total: 23604096 ns
[1186.535s][info ][safepoint      ] Safepoint "Cleanup", Time since last: 1000086916 ns, Reaching safepoint: 4300 ns, Cleanup: 58500 ns, At safepoint: 2200 ns, Total: 65000 ns
[1187.809s][info ][safepoint      ] Safepoint "Cleanup", Time since last: 1273307953 ns, Reaching safepoint: 4700 ns, Cleanup: 146000 ns, At safepoint: 5800 ns, Total: 156500 ns
[1188.809s][info ][safepoint      ] Safepoint "Cleanup", Time since last: 1000090473 ns, Reaching safepoint: 4400 ns, Cleanup: 35600 ns, At safepoint: 2700 ns, Total: 42700 ns
[1189.809s][info ][safepoint      ] Safepoint "Cleanup", Time since last: 1000058074 ns, Reaching safepoint: 4400 ns, Cleanup: 28600 ns, At safepoint: 2100 ns, Total: 35100 ns
[1190.809s][info ][safepoint      ] Safepoint "Cleanup", Time since last: 1000064774 ns, Reaching safepoint: 5200 ns, Cleanup: 30100 ns, At safepoint: 5700 ns, Total: 41000 ns
[1190.971s][info ][safepoint      ] Safepoint "ParallelGCFailedAllocation", Time since last: 161445163 ns, Reaching safepoint: 75000 ns, Cleanup: 28800 ns, At safepoint: 13100 ns, Total: 116900 ns
[1190.971s][info ][gc,start       ] GC(98) Pause Young (GCLocker Initiated GC)
[1191.012s][debug][gc,phases      ] GC(98) Scavenge 41.315ms
[1191.012s][debug][gc,ref         ] GC(98) Skipped phase 1 of Reference Processing: no references
[1191.012s][debug][gc,ref         ] GC(98) ReferenceProcessor::execute queues: 1, RefProcThreadModel::Single, marks_oops_alive: false
[1191.012s][debug][gc,ref         ] GC(98) Skipped phase 3 of Reference Processing: no references
[1191.012s][debug][gc,ref         ] GC(98) ReferenceProcessor::execute queues: 1, RefProcThreadModel::Single, marks_oops_alive: false
[1191.012s][debug][gc,phases      ] GC(98) Reference Processing 0.110ms
[1191.012s][debug][gc,phases      ] GC(98)   VM Weak                        Min:  0.0, Avg:  0.0, Max:  0.0, Diff:  0.0, Sum:  0.0, Workers: 4
[1191.012s][debug][gc,phases      ] GC(98)     Dead                           Min: 0, Avg:  0.0, Max: 0, Diff: 0, Sum: 0, Workers: 4
[1191.012s][debug][gc,phases      ] GC(98)     Total                          Min: 0, Avg: 180.8, Max: 723, Diff: 723, Sum: 723, Workers: 4
[1191.012s][debug][gc,phases      ] GC(98)   ObjectSynchronizer Weak        Min:  0.0, Avg:  0.0, Max:  0.0, Diff:  0.0, Sum:  0.0, Workers: 4
[1191.012s][debug][gc,phases      ] GC(98)     Dead                           Min: 0, Avg:  0.0, Max: 0, Diff: 0, Sum: 0, Workers: 4
[1191.012s][debug][gc,phases      ] GC(98)     Total                          Min: 0, Avg:  1.8, Max: 7, Diff: 7, Sum: 7, Workers: 4
[1191.012s][debug][gc,phases      ] GC(98)   JVMTI Tag Weak OopStorage      Min:  0.0, Avg:  0.0, Max:  0.0, Diff:  0.0, Sum:  0.0, Workers: 4
[1191.012s][debug][gc,phases      ] GC(98)     Dead                           Min: 0, Avg:  0.0, Max: 0, Diff: 0, Sum: 0, Workers: 4
[1191.012s][debug][gc,phases      ] GC(98)     Total                          Min: 0, Avg:  0.0, Max: 0, Diff: 0, Sum: 0, Workers: 4
[1191.013s][debug][gc,phases      ] GC(98)   StringTable Weak               Min:  0.0, Avg:  0.1, Max:  0.2, Diff:  0.2, Sum:  0.4, Workers: 4
[1191.013s][debug][gc,phases      ] GC(98)     Dead                           Min: 0, Avg:  0.2, Max: 1, Diff: 1, Sum: 1, Workers: 4
[1191.013s][debug][gc,phases      ] GC(98)     Total                          Min: 0, Avg: 10881.0, Max: 16256, Diff: 16256, Sum: 43524, Workers: 4
[1191.013s][debug][gc,phases      ] GC(98)   ResolvedMethodTable Weak       Min:  0.0, Avg:  0.0, Max:  0.0, Diff:  0.0, Sum:  0.1, Workers: 4
[1191.013s][debug][gc,phases      ] GC(98)     Dead                           Min: 0, Avg:  0.0, Max: 0, Diff: 0, Sum: 0, Workers: 4
[1191.013s][debug][gc,phases      ] GC(98)     Total                          Min: 0, Avg: 2420.8, Max: 3328, Diff: 3328, Sum: 9683, Workers: 4
[1191.013s][debug][gc,phases      ] GC(98)   JNI Weak                       Min:  0.0, Avg:  0.0, Max:  0.0, Diff:  0.0, Sum:  0.0, Workers: 4
[1191.013s][debug][gc,phases      ] GC(98)     Dead                           Min: 0, Avg:  0.0, Max: 0, Diff: 0, Sum: 0, Workers: 4
[1191.013s][debug][gc,phases      ] GC(98)     Total                          Min: 0, Avg: 11.2, Max: 45, Diff: 45, Sum: 45, Workers: 4
[1191.013s][debug][gc,phases      ] GC(98)   StringDedup Table Weak         Min:  0.0, Avg:  0.0, Max:  0.0, Diff:  0.0, Sum:  0.0, Workers: 4
[1191.013s][debug][gc,phases      ] GC(98)     Dead                           Min: 0, Avg:  0.0, Max: 0, Diff: 0, Sum: 0, Workers: 4
[1191.013s][debug][gc,phases      ] GC(98)     Total                          Min: 0, Avg:  0.0, Max: 0, Diff: 0, Sum: 0, Workers: 4
[1191.013s][debug][gc,phases      ] GC(98)   StringDedup Requests0 Weak     Min:  0.0, Avg:  0.0, Max:  0.0, Diff:  0.0, Sum:  0.0, Workers: 4
[1191.013s][debug][gc,phases      ] GC(98)     Dead                           Min: 0, Avg:  0.0, Max: 0, Diff: 0, Sum: 0, Workers: 4
[1191.013s][debug][gc,phases      ] GC(98)     Total                          Min: 0, Avg:  0.0, Max: 0, Diff: 0, Sum: 0, Workers: 4
[1191.013s][debug][gc,phases      ] GC(98)   StringDedup Requests1 Weak     Min:  0.0, Avg:  0.0, Max:  0.0, Diff:  0.0, Sum:  0.0, Workers: 4
[1191.013s][debug][gc,phases      ] GC(98)     Dead                           Min: 0, Avg:  0.0, Max: 0, Diff: 0, Sum: 0, Workers: 4
[1191.013s][debug][gc,phases      ] GC(98)     Total                          Min: 0, Avg:  0.0, Max: 0, Diff: 0, Sum: 0, Workers: 4
[1191.013s][debug][gc,phases      ] GC(98)   Weak JFR Old Object Samples    Min:  0.0, Avg:  0.0, Max:  0.0, Diff:  0.0, Sum:  0.0, Workers: 4
[1191.013s][debug][gc,phases      ] GC(98)     Dead                           Min: 0, Avg:  0.0, Max: 0, Diff: 0, Sum: 0, Workers: 4
[1191.013s][debug][gc,phases      ] GC(98)     Total                          Min: 0, Avg:  0.0, Max: 0, Diff: 0, Sum: 0, Workers: 4
[1191.013s][debug][gc,phases      ] GC(98) Weak Processing 0.463ms
[1191.013s][debug][gc,age         ] GC(98) Desired survivor size 100663296 bytes, new threshold 14 (max threshold 15)
[1191.013s][info ][gc,heap        ] GC(98) PSYoungGen: 2001760K(2011648K)->76272K(2020864K) Eden: 1944576K(1944576K)->0K(1944576K) From: 57184K(67072K)->76272K(76288K)
[1191.013s][info ][gc,heap        ] GC(98) ParOldGen: 316968K(343552K)->338768K(343552K)
[1191.013s][info ][gc,metaspace   ] GC(98) Metaspace: 82439K(83328K)->82439K(83328K) NonClass: 70459K(70912K)->70459K(70912K) Class: 11979K(12416K)->11979K(12416K)
[1191.013s][info ][gc             ] GC(98) Pause Young (GCLocker Initiated GC) 2264M->405M(2309M) 42.015ms
[1191.013s][info ][gc,cpu         ] GC(98) User=0.09s Sys=0.05s Real=0.04s
[1191.013s][debug][gc,phases      ] GC(99) Pre Compact 0.015ms
[1191.013s][info ][gc,start       ] GC(99) Pause Full (Ergonomics)
[1191.013s][info ][gc,phases,start] GC(99) Marking Phase
[1191.127s][debug][gc,phases      ] GC(99) Par Mark 114.060ms
[1191.127s][debug][gc,ref         ] GC(99) Skipped phase 1 of Reference Processing: no references
[1191.127s][debug][gc,ref         ] GC(99) ReferenceProcessor::execute queues: 4, RefProcThreadModel::Multi, marks_oops_alive: false
[1191.128s][debug][gc,ref         ] GC(99) Skipped phase 3 of Reference Processing: no references
[1191.128s][debug][gc,ref         ] GC(99) ReferenceProcessor::execute queues: 1, RefProcThreadModel::Single, marks_oops_alive: false
[1191.128s][debug][gc,phases      ] GC(99) Reference Processing 0.913ms
[1191.128s][debug][gc,phases      ] GC(99)   VM Weak                        Min:  0.0, Avg:  0.0, Max:  0.0, Diff:  0.0, Sum:  0.0, Workers: 4
[1191.128s][debug][gc,phases      ] GC(99)     Dead                           Min: 0, Avg:  0.0, Max: 0, Diff: 0, Sum: 0, Workers: 4
[1191.128s][debug][gc,phases      ] GC(99)     Total                          Min: 0, Avg: 180.8, Max: 403, Diff: 403, Sum: 723, Workers: 4
[1191.128s][debug][gc,phases      ] GC(99)   ObjectSynchronizer Weak        Min:  0.0, Avg:  0.0, Max:  0.0, Diff:  0.0, Sum:  0.0, Workers: 4
[1191.128s][debug][gc,phases      ] GC(99)     Dead                           Min: 0, Avg:  0.0, Max: 0, Diff: 0, Sum: 0, Workers: 4
[1191.128s][debug][gc,phases      ] GC(99)     Total                          Min: 0, Avg:  1.8, Max: 7, Diff: 7, Sum: 7, Workers: 4
[1191.128s][debug][gc,phases      ] GC(99)   JVMTI Tag Weak OopStorage      Min:  0.0, Avg:  0.0, Max:  0.0, Diff:  0.0, Sum:  0.0, Workers: 4
[1191.128s][debug][gc,phases      ] GC(99)     Dead                           Min: 0, Avg:  0.0, Max: 0, Diff: 0, Sum: 0, Workers: 4
[1191.128s][debug][gc,phases      ] GC(99)     Total                          Min: 0, Avg:  0.0, Max: 0, Diff: 0, Sum: 0, Workers: 4
[1191.128s][debug][gc,phases      ] GC(99)   StringTable Weak               Min:  0.2, Avg:  0.2, Max:  0.2, Diff:  0.0, Sum:  0.7, Workers: 4
[1191.128s][debug][gc,phases      ] GC(99)     Dead                           Min: 0, Avg:  0.0, Max: 0, Diff: 0, Sum: 0, Workers: 4
[1191.128s][debug][gc,phases      ] GC(99)     Total                          Min: 10180, Avg: 10881.0, Max: 11648, Diff: 1468, Sum: 43524, Workers: 4
[1191.128s][debug][gc,phases      ] GC(99)   ResolvedMethodTable Weak       Min:  0.0, Avg:  0.0, Max:  0.0, Diff:  0.0, Sum:  0.1, Workers: 4
[1191.128s][debug][gc,phases      ] GC(99)     Dead                           Min: 0, Avg:  0.0, Max: 0, Diff: 0, Sum: 0, Workers: 4
[1191.128s][debug][gc,phases      ] GC(99)     Total                          Min: 2239, Avg: 2420.8, Max: 2560, Diff: 321, Sum: 9683, Workers: 4
[1191.128s][debug][gc,phases      ] GC(99)   JNI Weak                       Min:  0.0, Avg:  0.0, Max:  0.0, Diff:  0.0, Sum:  0.0, Workers: 4
[1191.128s][debug][gc,phases      ] GC(99)     Dead                           Min: 0, Avg:  0.0, Max: 0, Diff: 0, Sum: 0, Workers: 4
[1191.128s][debug][gc,phases      ] GC(99)     Total                          Min: 0, Avg: 11.2, Max: 45, Diff: 45, Sum: 45, Workers: 4
[1191.128s][debug][gc,phases      ] GC(99)   StringDedup Table Weak         Min:  0.0, Avg:  0.0, Max:  0.0, Diff:  0.0, Sum:  0.0, Workers: 4
[1191.128s][debug][gc,phases      ] GC(99)     Dead                           Min: 0, Avg:  0.0, Max: 0, Diff: 0, Sum: 0, Workers: 4
[1191.128s][debug][gc,phases      ] GC(99)     Total                          Min: 0, Avg:  0.0, Max: 0, Diff: 0, Sum: 0, Workers: 4
[1191.128s][debug][gc,phases      ] GC(99)   StringDedup Requests0 Weak     Min:  0.0, Avg:  0.0, Max:  0.0, Diff:  0.0, Sum:  0.0, Workers: 4
[1191.128s][debug][gc,phases      ] GC(99)     Dead                           Min: 0, Avg:  0.0, Max: 0, Diff: 0, Sum: 0, Workers: 4
[1191.128s][debug][gc,phases      ] GC(99)     Total                          Min: 0, Avg:  0.0, Max: 0, Diff: 0, Sum: 0, Workers: 4
[1191.128s][debug][gc,phases      ] GC(99)   StringDedup Requests1 Weak     Min:  0.0, Avg:  0.0, Max:  0.0, Diff:  0.0, Sum:  0.0, Workers: 4
[1191.128s][debug][gc,phases      ] GC(99)     Dead                           Min: 0, Avg:  0.0, Max: 0, Diff: 0, Sum: 0, Workers: 4
[1191.128s][debug][gc,phases      ] GC(99)     Total                          Min: 0, Avg:  0.0, Max: 0, Diff: 0, Sum: 0, Workers: 4
[1191.128s][debug][gc,phases      ] GC(99)   Weak JFR Old Object Samples    Min:  0.0, Avg:  0.0, Max:  0.0, Diff:  0.0, Sum:  0.0, Workers: 4
[1191.128s][debug][gc,phases      ] GC(99)     Dead                           Min: 0, Avg:  0.0, Max: 0, Diff: 0, Sum: 0, Workers: 4
[1191.128s][debug][gc,phases      ] GC(99)     Total                          Min: 0, Avg:  0.0, Max: 0, Diff: 0, Sum: 0, Workers: 4
[1191.128s][debug][gc,phases      ] GC(99) Weak Processing 0.375ms
[1191.128s][debug][gc,phases      ] GC(99) ClassLoaderData 0.082ms
[1191.128s][debug][gc,phases      ] GC(99) Trigger cleanups 0.000ms
[1191.146s][debug][gc,phases      ] GC(99) Class Unloading 17.292ms
[1191.146s][debug][gc,phases      ] GC(99) Report Object Count 0.001ms
[1191.146s][info ][gc,phases      ] GC(99) Marking Phase 132.815ms
[1191.146s][info ][gc,phases,start] GC(99) Summary Phase
[1191.146s][info ][gc,phases      ] GC(99) Summary Phase 0.014ms
[1191.146s][info ][gc,phases,start] GC(99) Adjust Roots
[1191.158s][info ][gc,phases      ] GC(99) Adjust Roots 12.754ms
[1191.158s][info ][gc,phases,start] GC(99) Compaction Phase
[1191.276s][info ][gc,phases      ] GC(99) Compaction Phase 118.009ms
[1191.276s][info ][gc,phases,start] GC(99) Post Compact
[1191.278s][info ][gc,phases      ] GC(99) Post Compact 2.036ms
[1191.279s][info ][gc,heap        ] GC(99) PSYoungGen: 76272K(2020864K)->0K(1976832K) Eden: 0K(1944576K)->0K(1900544K) From: 76272K(76288K)->0K(76288K)
[1191.279s][info ][gc,heap        ] GC(99) ParOldGen: 338768K(343552K)->322612K(359936K)
[1191.279s][info ][gc,metaspace   ] GC(99) Metaspace: 82439K(83328K)->82439K(83328K) NonClass: 70459K(70912K)->70459K(70912K) Class: 11979K(12416K)->11979K(12416K)
[1191.279s][info ][gc             ] GC(99) Pause Full (Ergonomics) 405M->315M(2282M) 265.788ms
[1191.279s][info ][gc,cpu         ] GC(99) User=0.84s Sys=0.00s Real=0.26s
[1191.279s][info ][safepoint      ] Safepoint "ParallelGCSystemGC", Time since last: 58500 ns, Reaching safepoint: 70700 ns, Cleanup: 20700 ns, At safepoint: 307943631 ns, Total: 308035031 ns
[1192.279s][info ][safepoint      ] Safepoint "Cleanup", Time since last: 1000076773 ns, Reaching safepoint: 4100 ns, Cleanup: 34300 ns, At safepoint: 3500 ns, Total: 41900 ns
[1193.279s][info ][safepoint      ] Safepoint "Cleanup", Time since last: 1000103374 ns, Reaching safepoint: 4000 ns, Cleanup: 34100 ns, At safepoint: 2300 ns, Total: 40400 ns
[1194.279s][info ][safepoint      ] Safepoint "Cleanup", Time since last: 1000074074 ns, Reaching safepoint: 4900 ns, Cleanup: 30400 ns, At safepoint: 2000 ns, Total: 37300 ns
[1195.279s][info ][safepoint      ] Safepoint "Cleanup", Time since last: 1000086673 ns, Reaching safepoint: 5200 ns, Cleanup: 39100 ns, At safepoint: 3000 ns, Total: 47300 ns
[1196.279s][info ][safepoint      ] Safepoint "Cleanup", Time since last: 1000101181 ns, Reaching safepoint: 4200 ns, Cleanup: 33700 ns, At safepoint: 2600 ns, Total: 40500 ns
[1198.279s][info ][safepoint      ] Safepoint "Cleanup", Time since last: 2000152510 ns, Reaching safepoint: 4600 ns, Cleanup: 33900 ns, At safepoint: 11300 ns, Total: 49800 ns
[1199.280s][info ][safepoint      ] Safepoint "Cleanup", Time since last: 1000058355 ns, Reaching safepoint: 4800 ns, Cleanup: 34500 ns, At safepoint: 2300 ns, Total: 41600 ns
[1199.462s][info ][gc,start       ] GC(100) Pause Young (Allocation Failure)
[1199.472s][debug][gc,phases      ] GC(100) Scavenge 10.861ms
[1199.472s][debug][gc,ref         ] GC(100) Skipped phase 1 of Reference Processing: no references
[1199.472s][debug][gc,ref         ] GC(100) Skipped phase 2 of Reference Processing: no references
[1199.473s][debug][gc,ref         ] GC(100) Skipped phase 3 of Reference Processing: no references
[1199.473s][debug][gc,ref         ] GC(100) Skipped phase 4 of Reference Processing: no references
[1199.473s][debug][gc,phases      ] GC(100) Reference Processing 0.038ms
[1199.473s][debug][gc,phases      ] GC(100)   VM Weak                        Min:  0.0, Avg:  0.0, Max:  0.0, Diff:  0.0, Sum:  0.0, Workers: 4
[1199.473s][debug][gc,phases      ] GC(100)     Dead                           Min: 0, Avg:  0.0, Max: 0, Diff: 0, Sum: 0, Workers: 4
[1199.473s][debug][gc,phases      ] GC(100)     Total                          Min: 0, Avg: 180.8, Max: 384, Diff: 384, Sum: 723, Workers: 4
[1199.473s][debug][gc,phases      ] GC(100)   ObjectSynchronizer Weak        Min:  0.0, Avg:  0.0, Max:  0.0, Diff:  0.0, Sum:  0.0, Workers: 4
[1199.473s][debug][gc,phases      ] GC(100)     Dead                           Min: 0, Avg:  0.0, Max: 0, Diff: 0, Sum: 0, Workers: 4
[1199.473s][debug][gc,phases      ] GC(100)     Total                          Min: 0, Avg:  1.8, Max: 7, Diff: 7, Sum: 7, Workers: 4
[1199.473s][debug][gc,phases      ] GC(100)   JVMTI Tag Weak OopStorage      Min:  0.0, Avg:  0.0, Max:  0.0, Diff:  0.0, Sum:  0.0, Workers: 4
[1199.473s][debug][gc,phases      ] GC(100)     Dead                           Min: 0, Avg:  0.0, Max: 0, Diff: 0, Sum: 0, Workers: 4
[1199.473s][debug][gc,phases      ] GC(100)     Total                          Min: 0, Avg:  0.0, Max: 0, Diff: 0, Sum: 0, Workers: 4
[1199.473s][debug][gc,phases      ] GC(100)   StringTable Weak               Min:  0.0, Avg:  0.1, Max:  0.3, Diff:  0.3, Sum:  0.5, Workers: 4
[1199.473s][debug][gc,phases      ] GC(100)     Dead                           Min: 0, Avg:  0.0, Max: 0, Diff: 0, Sum: 0, Workers: 4
[1199.473s][debug][gc,phases      ] GC(100)     Total                          Min: 0, Avg: 10881.0, Max: 26944, Diff: 26944, Sum: 43524, Workers: 4
[1199.473s][debug][gc,phases      ] GC(100)   ResolvedMethodTable Weak       Min:  0.0, Avg:  0.0, Max:  0.0, Diff:  0.0, Sum:  0.1, Workers: 4
[1199.473s][debug][gc,phases      ] GC(100)     Dead                           Min: 0, Avg:  0.0, Max: 0, Diff: 0, Sum: 0, Workers: 4
[1199.473s][debug][gc,phases      ] GC(100)     Total                          Min: 0, Avg: 2420.8, Max: 6100, Diff: 6100, Sum: 9683, Workers: 4
[1199.473s][debug][gc,phases      ] GC(100)   JNI Weak                       Min:  0.0, Avg:  0.0, Max:  0.0, Diff:  0.0, Sum:  0.0, Workers: 4
[1199.473s][debug][gc,phases      ] GC(100)     Dead                           Min: 0, Avg:  0.0, Max: 0, Diff: 0, Sum: 0, Workers: 4
[1199.473s][debug][gc,phases      ] GC(100)     Total                          Min: 0, Avg: 11.2, Max: 45, Diff: 45, Sum: 45, Workers: 4
[1199.473s][debug][gc,phases      ] GC(100)   StringDedup Table Weak         Min:  0.0, Avg:  0.0, Max:  0.0, Diff:  0.0, Sum:  0.0, Workers: 4
[1199.473s][debug][gc,phases      ] GC(100)     Dead                           Min: 0, Avg:  0.0, Max: 0, Diff: 0, Sum: 0, Workers: 4
[1199.473s][debug][gc,phases      ] GC(100)     Total                          Min: 0, Avg:  0.0, Max: 0, Diff: 0, Sum: 0, Workers: 4
[1199.473s][debug][gc,phases      ] GC(100)   StringDedup Requests0 Weak     Min:  0.0, Avg:  0.0, Max:  0.0, Diff:  0.0, Sum:  0.0, Workers: 4
[1199.473s][debug][gc,phases      ] GC(100)     Dead                           Min: 0, Avg:  0.0, Max: 0, Diff: 0, Sum: 0, Workers: 4
[1199.473s][debug][gc,phases      ] GC(100)     Total                          Min: 0, Avg:  0.0, Max: 0, Diff: 0, Sum: 0, Workers: 4
[1199.473s][debug][gc,phases      ] GC(100)   StringDedup Requests1 Weak     Min:  0.0, Avg:  0.0, Max:  0.0, Diff:  0.0, Sum:  0.0, Workers: 4
[1199.473s][debug][gc,phases      ] GC(100)     Dead                           Min: 0, Avg:  0.0, Max: 0, Diff: 0, Sum: 0, Workers: 4
[1199.473s][debug][gc,phases      ] GC(100)     Total                          Min: 0, Avg:  0.0, Max: 0, Diff: 0, Sum: 0, Workers: 4
[1199.473s][debug][gc,phases      ] GC(100)   Weak JFR Old Object Samples    Min:  0.0, Avg:  0.0, Max:  0.0, Diff:  0.0, Sum:  0.0, Workers: 4
[1199.473s][debug][gc,phases      ] GC(100)     Dead                           Min: 0, Avg:  0.0, Max: 0, Diff: 0, Sum: 0, Workers: 4
[1199.473s][debug][gc,phases      ] GC(100)     Total                          Min: 0, Avg:  0.0, Max: 0, Diff: 0, Sum: 0, Workers: 4
[1199.473s][debug][gc,phases      ] GC(100) Weak Processing 0.509ms
[1199.473s][debug][gc,age         ] GC(100) Desired survivor size 98041856 bytes, new threshold 15 (max threshold 15)
[1199.473s][info ][gc,heap        ] GC(100) PSYoungGen: 1900544K(1976832K)->8800K(1998848K) Eden: 1900544K(1900544K)->0K(1900544K) From: 0K(76288K)->8800K(98304K)
[1199.473s][info ][gc,heap        ] GC(100) ParOldGen: 322614K(359936K)->322614K(359936K)
[1199.473s][info ][gc,metaspace   ] GC(100) Metaspace: 82465K(83392K)->82465K(83392K) NonClass: 70485K(70976K)->70485K(70976K) Class: 11979K(12416K)->11979K(12416K)
[1199.473s][info ][gc             ] GC(100) Pause Young (Allocation Failure) 2171M->323M(2303M) 11.530ms
[1199.473s][info ][gc,cpu         ] GC(100) User=0.02s Sys=0.00s Real=0.01s
[1199.473s][info ][safepoint      ] Safepoint "ParallelGCFailedAllocation", Time since last: 181906138 ns, Reaching safepoint: 5600 ns, Cleanup: 39300 ns, At safepoint: 11607696 ns, Total: 11652596 ns
[1201.341s][info ][safepoint      ] Safepoint "Cleanup", Time since last: 1867554955 ns, Reaching safepoint: 4100 ns, Cleanup: 36800 ns, At safepoint: 3500 ns, Total: 44400 ns
[1202.341s][info ][safepoint      ] Safepoint "Cleanup", Time since last: 1000107455 ns, Reaching safepoint: 4200 ns, Cleanup: 35800 ns, At safepoint: 3900 ns, Total: 43900 ns
[1205.341s][info ][safepoint      ] Safepoint "Cleanup", Time since last: 3000222788 ns, Reaching safepoint: 4500 ns, Cleanup: 33600 ns, At safepoint: 2400 ns, Total: 40500 ns
[1206.341s][info ][safepoint      ] Safepoint "Cleanup", Time since last: 1000099175 ns, Reaching safepoint: 4300 ns, Cleanup: 43300 ns, At safepoint: 5200 ns, Total: 52800 ns
[1207.341s][info ][safepoint      ] Safepoint "Cleanup", Time since last: 1000111276 ns, Reaching safepoint: 4100 ns, Cleanup: 30100 ns, At safepoint: 2800 ns, Total: 37000 ns
[1208.342s][info ][safepoint      ] Safepoint "Cleanup", Time since last: 1000070176 ns, Reaching safepoint: 4300 ns, Cleanup: 30900 ns, At safepoint: 2400 ns, Total: 37600 ns
[1208.920s][info ][gc,start       ] GC(101) Pause Young (Allocation Failure)
[1208.925s][debug][gc,phases      ] GC(101) Scavenge 5.294ms
[1208.925s][debug][gc,ref         ] GC(101) Skipped phase 1 of Reference Processing: no references
[1208.925s][debug][gc,ref         ] GC(101) Skipped phase 2 of Reference Processing: no references
[1208.925s][debug][gc,ref         ] GC(101) Skipped phase 3 of Reference Processing: no references
[1208.925s][debug][gc,ref         ] GC(101) ReferenceProcessor::execute queues: 1, RefProcThreadModel::Single, marks_oops_alive: false
[1208.925s][debug][gc,phases      ] GC(101) Reference Processing 0.099ms
[1208.925s][debug][gc,phases      ] GC(101)   VM Weak                        Min:  0.0, Avg:  0.0, Max:  0.0, Diff:  0.0, Sum:  0.0, Workers: 4
[1208.925s][debug][gc,phases      ] GC(101)     Dead                           Min: 0, Avg:  0.0, Max: 0, Diff: 0, Sum: 0, Workers: 4
[1208.925s][debug][gc,phases      ] GC(101)     Total                          Min: 0, Avg: 180.8, Max: 640, Diff: 640, Sum: 723, Workers: 4
[1208.925s][debug][gc,phases      ] GC(101)   ObjectSynchronizer Weak        Min:  0.0, Avg:  0.0, Max:  0.0, Diff:  0.0, Sum:  0.0, Workers: 4
[1208.925s][debug][gc,phases      ] GC(101)     Dead                           Min: 0, Avg:  0.0, Max: 0, Diff: 0, Sum: 0, Workers: 4
[1208.925s][debug][gc,phases      ] GC(101)     Total                          Min: 0, Avg:  1.2, Max: 5, Diff: 5, Sum: 5, Workers: 4
[1208.925s][debug][gc,phases      ] GC(101)   JVMTI Tag Weak OopStorage      Min:  0.0, Avg:  0.0, Max:  0.0, Diff:  0.0, Sum:  0.0, Workers: 4
[1208.925s][debug][gc,phases      ] GC(101)     Dead                           Min: 0, Avg:  0.0, Max: 0, Diff: 0, Sum: 0, Workers: 4
[1208.925s][debug][gc,phases      ] GC(101)     Total                          Min: 0, Avg:  0.0, Max: 0, Diff: 0, Sum: 0, Workers: 4
[1208.925s][debug][gc,phases      ] GC(101)   StringTable Weak               Min:  0.0, Avg:  0.1, Max:  0.2, Diff:  0.2, Sum:  0.6, Workers: 4
[1208.925s][debug][gc,phases      ] GC(101)     Dead                           Min: 0, Avg:  0.0, Max: 0, Diff: 0, Sum: 0, Workers: 4
[1208.925s][debug][gc,phases      ] GC(101)     Total                          Min: 0, Avg: 10881.2, Max: 19008, Diff: 19008, Sum: 43525, Workers: 4
[1208.925s][debug][gc,phases      ] GC(101)   ResolvedMethodTable Weak       Min:  0.0, Avg:  0.0, Max:  0.0, Diff:  0.0, Sum:  0.1, Workers: 4
[1208.925s][debug][gc,phases      ] GC(101)     Dead                           Min: 0, Avg:  0.0, Max: 0, Diff: 0, Sum: 0, Workers: 4
[1208.925s][debug][gc,phases      ] GC(101)     Total                          Min: 0, Avg: 2420.8, Max: 3520, Diff: 3520, Sum: 9683, Workers: 4
[1208.925s][debug][gc,phases      ] GC(101)   JNI Weak                       Min:  0.0, Avg:  0.0, Max:  0.0, Diff:  0.0, Sum:  0.0, Workers: 4
[1208.925s][debug][gc,phases      ] GC(101)     Dead                           Min: 0, Avg:  0.0, Max: 0, Diff: 0, Sum: 0, Workers: 4
[1208.925s][debug][gc,phases      ] GC(101)     Total                          Min: 0, Avg: 11.2, Max: 45, Diff: 45, Sum: 45, Workers: 4
[1208.925s][debug][gc,phases      ] GC(101)   StringDedup Table Weak         Min:  0.0, Avg:  0.0, Max:  0.0, Diff:  0.0, Sum:  0.0, Workers: 4
[1208.925s][debug][gc,phases      ] GC(101)     Dead                           Min: 0, Avg:  0.0, Max: 0, Diff: 0, Sum: 0, Workers: 4
[1208.925s][debug][gc,phases      ] GC(101)     Total                          Min: 0, Avg:  0.0, Max: 0, Diff: 0, Sum: 0, Workers: 4
[1208.925s][debug][gc,phases      ] GC(101)   StringDedup Requests0 Weak     Min:  0.0, Avg:  0.0, Max:  0.0, Diff:  0.0, Sum:  0.0, Workers: 4
[1208.925s][debug][gc,phases      ] GC(101)     Dead                           Min: 0, Avg:  0.0, Max: 0, Diff: 0, Sum: 0, Workers: 4
[1208.925s][debug][gc,phases      ] GC(101)     Total                          Min: 0, Avg:  0.0, Max: 0, Diff: 0, Sum: 0, Workers: 4
[1208.925s][debug][gc,phases      ] GC(101)   StringDedup Requests1 Weak     Min:  0.0, Avg:  0.0, Max:  0.0, Diff:  0.0, Sum:  0.0, Workers: 4
[1208.925s][debug][gc,phases      ] GC(101)     Dead                           Min: 0, Avg:  0.0, Max: 0, Diff: 0, Sum: 0, Workers: 4
[1208.925s][debug][gc,phases      ] GC(101)     Total                          Min: 0, Avg:  0.0, Max: 0, Diff: 0, Sum: 0, Workers: 4
[1208.925s][debug][gc,phases      ] GC(101)   Weak JFR Old Object Samples    Min:  0.0, Avg:  0.0, Max:  0.0, Diff:  0.0, Sum:  0.0, Workers: 4
[1208.925s][debug][gc,phases      ] GC(101)     Dead                           Min: 0, Avg:  0.0, Max: 0, Diff: 0, Sum: 0, Workers: 4
[1208.925s][debug][gc,phases      ] GC(101)     Total                          Min: 0, Avg:  0.0, Max: 0, Diff: 0, Sum: 0, Workers: 4
[1208.925s][debug][gc,phases      ] GC(101) Weak Processing 0.379ms
[1208.925s][debug][gc,age         ] GC(101) Desired survivor size 94371840 bytes, new threshold 15 (max threshold 15)
[1208.926s][info ][gc,heap        ] GC(101) PSYoungGen: 1909344K(1998848K)->8832K(2004992K) Eden: 1900544K(1900544K)->0K(1909248K) From: 8800K(98304K)->8832K(95744K)
[1208.926s][info ][gc,heap        ] GC(101) ParOldGen: 322614K(359936K)->322614K(359936K)
[1208.926s][info ][gc,metaspace   ] GC(101) Metaspace: 82472K(83392K)->82472K(83392K) NonClass: 70492K(70976K)->70492K(70976K) Class: 11979K(12416K)->11979K(12416K)
[1208.926s][info ][gc             ] GC(101) Pause Young (Allocation Failure) 2179M->323M(2309M) 5.879ms
[1208.926s][info ][gc,cpu         ] GC(101) User=0.01s Sys=0.00s Real=0.01s
[1208.926s][info ][safepoint      ] Safepoint "ParallelGCFailedAllocation", Time since last: 577981670 ns, Reaching safepoint: 74500 ns, Cleanup: 18800 ns, At safepoint: 5950499 ns, Total: 6043799 ns
[1210.926s][info ][safepoint      ] Safepoint "Cleanup", Time since last: 2000140351 ns, Reaching safepoint: 4400 ns, Cleanup: 35400 ns, At safepoint: 4700 ns, Total: 44500 ns
[1211.926s][info ][safepoint      ] Safepoint "Cleanup", Time since last: 1000085559 ns, Reaching safepoint: 4300 ns, Cleanup: 45600 ns, At safepoint: 2400 ns, Total: 52300 ns
[1212.926s][info ][safepoint      ] Safepoint "Cleanup", Time since last: 1000111336 ns, Reaching safepoint: 6200 ns, Cleanup: 29400 ns, At safepoint: 12200 ns, Total: 47800 ns
[1218.416s][info ][gc,start       ] GC(102) Pause Young (Allocation Failure)
[1218.422s][debug][gc,phases      ] GC(102) Scavenge 5.541ms
[1218.422s][debug][gc,ref         ] GC(102) Skipped phase 1 of Reference Processing: no references
[1218.422s][debug][gc,ref         ] GC(102) Skipped phase 2 of Reference Processing: no references
[1218.422s][debug][gc,ref         ] GC(102) Skipped phase 3 of Reference Processing: no references
[1218.422s][debug][gc,ref         ] GC(102) ReferenceProcessor::execute queues: 1, RefProcThreadModel::Single, marks_oops_alive: false
[1218.422s][debug][gc,phases      ] GC(102) Reference Processing 0.090ms
[1218.422s][debug][gc,phases      ] GC(102)   VM Weak                        Min:  0.0, Avg:  0.0, Max:  0.0, Diff:  0.0, Sum:  0.0, Workers: 4
[1218.422s][debug][gc,phases      ] GC(102)     Dead                           Min: 0, Avg:  0.0, Max: 0, Diff: 0, Sum: 0, Workers: 4
[1218.422s][debug][gc,phases      ] GC(102)     Total                          Min: 0, Avg: 180.8, Max: 595, Diff: 595, Sum: 723, Workers: 4
[1218.422s][debug][gc,phases      ] GC(102)   ObjectSynchronizer Weak        Min:  0.0, Avg:  0.0, Max:  0.0, Diff:  0.0, Sum:  0.0, Workers: 4
[1218.422s][debug][gc,phases      ] GC(102)     Dead                           Min: 0, Avg:  0.0, Max: 0, Diff: 0, Sum: 0, Workers: 4
[1218.422s][debug][gc,phases      ] GC(102)     Total                          Min: 0, Avg:  1.2, Max: 5, Diff: 5, Sum: 5, Workers: 4
[1218.422s][debug][gc,phases      ] GC(102)   JVMTI Tag Weak OopStorage      Min:  0.0, Avg:  0.0, Max:  0.0, Diff:  0.0, Sum:  0.0, Workers: 4
[1218.422s][debug][gc,phases      ] GC(102)     Dead                           Min: 0, Avg:  0.0, Max: 0, Diff: 0, Sum: 0, Workers: 4
[1218.422s][debug][gc,phases      ] GC(102)     Total                          Min: 0, Avg:  0.0, Max: 0, Diff: 0, Sum: 0, Workers: 4
[1218.422s][debug][gc,phases      ] GC(102)   StringTable Weak               Min:  0.0, Avg:  0.1, Max:  0.1, Diff:  0.1, Sum:  0.4, Workers: 4
[1218.422s][debug][gc,phases      ] GC(102)     Dead                           Min: 0, Avg:  0.0, Max: 0, Diff: 0, Sum: 0, Workers: 4
[1218.422s][debug][gc,phases      ] GC(102)     Total                          Min: 0, Avg: 10883.0, Max: 18880, Diff: 18880, Sum: 43532, Workers: 4
[1218.422s][debug][gc,phases      ] GC(102)   ResolvedMethodTable Weak       Min:  0.0, Avg:  0.0, Max:  0.0, Diff:  0.0, Sum:  0.1, Workers: 4
[1218.422s][debug][gc,phases      ] GC(102)     Dead                           Min: 0, Avg:  0.0, Max: 0, Diff: 0, Sum: 0, Workers: 4
[1218.422s][debug][gc,phases      ] GC(102)     Total                          Min: 0, Avg: 2420.8, Max: 4224, Diff: 4224, Sum: 9683, Workers: 4
[1218.422s][debug][gc,phases      ] GC(102)   JNI Weak                       Min:  0.0, Avg:  0.0, Max:  0.0, Diff:  0.0, Sum:  0.0, Workers: 4
[1218.422s][debug][gc,phases      ] GC(102)     Dead                           Min: 0, Avg:  0.0, Max: 0, Diff: 0, Sum: 0, Workers: 4
[1218.422s][debug][gc,phases      ] GC(102)     Total                          Min: 0, Avg: 11.2, Max: 45, Diff: 45, Sum: 45, Workers: 4
[1218.422s][debug][gc,phases      ] GC(102)   StringDedup Table Weak         Min:  0.0, Avg:  0.0, Max:  0.0, Diff:  0.0, Sum:  0.0, Workers: 4
[1218.422s][debug][gc,phases      ] GC(102)     Dead                           Min: 0, Avg:  0.0, Max: 0, Diff: 0, Sum: 0, Workers: 4
[1218.422s][debug][gc,phases      ] GC(102)     Total                          Min: 0, Avg:  0.0, Max: 0, Diff: 0, Sum: 0, Workers: 4
[1218.422s][debug][gc,phases      ] GC(102)   StringDedup Requests0 Weak     Min:  0.0, Avg:  0.0, Max:  0.0, Diff:  0.0, Sum:  0.0, Workers: 4
[1218.422s][debug][gc,phases      ] GC(102)     Dead                           Min: 0, Avg:  0.0, Max: 0, Diff: 0, Sum: 0, Workers: 4
[1218.422s][debug][gc,phases      ] GC(102)     Total                          Min: 0, Avg:  0.0, Max: 0, Diff: 0, Sum: 0, Workers: 4
[1218.422s][debug][gc,phases      ] GC(102)   StringDedup Requests1 Weak     Min:  0.0, Avg:  0.0, Max:  0.0, Diff:  0.0, Sum:  0.0, Workers: 4
[1218.422s][debug][gc,phases      ] GC(102)     Dead                           Min: 0, Avg:  0.0, Max: 0, Diff: 0, Sum: 0, Workers: 4
[1218.422s][debug][gc,phases      ] GC(102)     Total                          Min: 0, Avg:  0.0, Max: 0, Diff: 0, Sum: 0, Workers: 4
[1218.422s][debug][gc,phases      ] GC(102)   Weak JFR Old Object Samples    Min:  0.0, Avg:  0.0, Max:  0.0, Diff:  0.0, Sum:  0.0, Workers: 4
[1218.422s][debug][gc,phases      ] GC(102)     Dead                           Min: 0, Avg:  0.0, Max: 0, Diff: 0, Sum: 0, Workers: 4
[1218.422s][debug][gc,phases      ] GC(102)     Total                          Min: 0, Avg:  0.0, Max: 0, Diff: 0, Sum: 0, Workers: 4
[1218.422s][debug][gc,phases      ] GC(102) Weak Processing 0.325ms
[1218.422s][debug][gc,age         ] GC(102) Desired survivor size 91226112 bytes, new threshold 15 (max threshold 15)
[1218.422s][info ][gc,heap        ] GC(102) PSYoungGen: 1918080K(2004992K)->8864K(2001408K) Eden: 1909248K(1909248K)->0K(1909248K) From: 8832K(95744K)->8864K(92160K)
[1218.422s][info ][gc,heap        ] GC(102) ParOldGen: 322614K(359936K)->322622K(359936K)
[1218.422s][info ][gc,metaspace   ] GC(102) Metaspace: 82493K(83456K)->82493K(83456K) NonClass: 70513K(71040K)->70513K(71040K) Class: 11979K(12416K)->11979K(12416K)
[1218.422s][info ][gc             ] GC(102) Pause Young (Allocation Failure) 2188M->323M(2306M) 6.081ms
[1218.422s][info ][gc,cpu         ] GC(102) User=0.01s Sys=0.00s Real=0.01s
[1218.422s][info ][safepoint      ] Safepoint "ParallelGCFailedAllocation", Time since last: 5489876250 ns, Reaching safepoint: 81500 ns, Cleanup: 36900 ns, At safepoint: 6153599 ns, Total: 6271999 ns
[1219.422s][info ][safepoint      ] Safepoint "Cleanup", Time since last: 1000085335 ns, Reaching safepoint: 3900 ns, Cleanup: 38500 ns, At safepoint: 2200 ns, Total: 44600 ns
[1220.422s][info ][safepoint      ] Safepoint "Cleanup", Time since last: 1000106457 ns, Reaching safepoint: 4600 ns, Cleanup: 53800 ns, At safepoint: 2600 ns, Total: 61000 ns
[1221.423s][info ][safepoint      ] Safepoint "Cleanup", Time since last: 1000102358 ns, Reaching safepoint: 4400 ns, Cleanup: 38800 ns, At safepoint: 3900 ns, Total: 47100 ns
[1224.423s][info ][safepoint      ] Safepoint "Cleanup", Time since last: 3000226875 ns, Reaching safepoint: 4800 ns, Cleanup: 35700 ns, At safepoint: 2700 ns, Total: 43200 ns
[1226.423s][info ][safepoint      ] Safepoint "Cleanup", Time since last: 2000181316 ns, Reaching safepoint: 4300 ns, Cleanup: 60300 ns, At safepoint: 2800 ns, Total: 67400 ns
[1227.423s][info ][safepoint      ] Safepoint "Cleanup", Time since last: 1000109059 ns, Reaching safepoint: 4800 ns, Cleanup: 42100 ns, At safepoint: 5300 ns, Total: 52200 ns
[1227.810s][info ][gc,start       ] GC(103) Pause Young (Allocation Failure)
[1227.817s][debug][gc,phases      ] GC(103) Scavenge 6.037ms
[1227.817s][debug][gc,ref         ] GC(103) Skipped phase 1 of Reference Processing: no references
[1227.817s][debug][gc,ref         ] GC(103) ReferenceProcessor::execute queues: 1, RefProcThreadModel::Single, marks_oops_alive: false
[1227.817s][debug][gc,ref         ] GC(103) Skipped phase 3 of Reference Processing: no references
[1227.817s][debug][gc,ref         ] GC(103) ReferenceProcessor::execute queues: 1, RefProcThreadModel::Single, marks_oops_alive: false
[1227.817s][debug][gc,phases      ] GC(103) Reference Processing 0.088ms
[1227.817s][debug][gc,phases      ] GC(103)   VM Weak                        Min:  0.0, Avg:  0.0, Max:  0.0, Diff:  0.0, Sum:  0.0, Workers: 4
[1227.817s][debug][gc,phases      ] GC(103)     Dead                           Min: 0, Avg:  0.0, Max: 0, Diff: 0, Sum: 0, Workers: 4
[1227.817s][debug][gc,phases      ] GC(103)     Total                          Min: 0, Avg: 181.0, Max: 384, Diff: 384, Sum: 724, Workers: 4
[1227.817s][debug][gc,phases      ] GC(103)   ObjectSynchronizer Weak        Min:  0.0, Avg:  0.0, Max:  0.0, Diff:  0.0, Sum:  0.0, Workers: 4
[1227.817s][debug][gc,phases      ] GC(103)     Dead                           Min: 0, Avg:  0.0, Max: 0, Diff: 0, Sum: 0, Workers: 4
[1227.817s][debug][gc,phases      ] GC(103)     Total                          Min: 0, Avg:  1.2, Max: 5, Diff: 5, Sum: 5, Workers: 4
[1227.817s][debug][gc,phases      ] GC(103)   JVMTI Tag Weak OopStorage      Min:  0.0, Avg:  0.0, Max:  0.0, Diff:  0.0, Sum:  0.0, Workers: 4
[1227.817s][debug][gc,phases      ] GC(103)     Dead                           Min: 0, Avg:  0.0, Max: 0, Diff: 0, Sum: 0, Workers: 4
[1227.817s][debug][gc,phases      ] GC(103)     Total                          Min: 0, Avg:  0.0, Max: 0, Diff: 0, Sum: 0, Workers: 4
[1227.817s][debug][gc,phases      ] GC(103)   StringTable Weak               Min:  0.0, Avg:  0.1, Max:  0.1, Diff:  0.1, Sum:  0.4, Workers: 4
[1227.817s][debug][gc,phases      ] GC(103)     Dead                           Min: 0, Avg:  0.0, Max: 0, Diff: 0, Sum: 0, Workers: 4
[1227.817s][debug][gc,phases      ] GC(103)     Total                          Min: 0, Avg: 10883.2, Max: 15168, Diff: 15168, Sum: 43533, Workers: 4
[1227.817s][debug][gc,phases      ] GC(103)   ResolvedMethodTable Weak       Min:  0.0, Avg:  0.0, Max:  0.0, Diff:  0.0, Sum:  0.1, Workers: 4
[1227.817s][debug][gc,phases      ] GC(103)     Dead                           Min: 0, Avg:  0.0, Max: 0, Diff: 0, Sum: 0, Workers: 4
[1227.817s][debug][gc,phases      ] GC(103)     Total                          Min: 0, Avg: 2421.8, Max: 3415, Diff: 3415, Sum: 9687, Workers: 4
[1227.817s][debug][gc,phases      ] GC(103)   JNI Weak                       Min:  0.0, Avg:  0.0, Max:  0.0, Diff:  0.0, Sum:  0.0, Workers: 4
[1227.817s][debug][gc,phases      ] GC(103)     Dead                           Min: 0, Avg:  0.0, Max: 0, Diff: 0, Sum: 0, Workers: 4
[1227.817s][debug][gc,phases      ] GC(103)     Total                          Min: 0, Avg: 11.2, Max: 45, Diff: 45, Sum: 45, Workers: 4
[1227.817s][debug][gc,phases      ] GC(103)   StringDedup Table Weak         Min:  0.0, Avg:  0.0, Max:  0.0, Diff:  0.0, Sum:  0.0, Workers: 4
[1227.817s][debug][gc,phases      ] GC(103)     Dead                           Min: 0, Avg:  0.0, Max: 0, Diff: 0, Sum: 0, Workers: 4
[1227.817s][debug][gc,phases      ] GC(103)     Total                          Min: 0, Avg:  0.0, Max: 0, Diff: 0, Sum: 0, Workers: 4
[1227.817s][debug][gc,phases      ] GC(103)   StringDedup Requests0 Weak     Min:  0.0, Avg:  0.0, Max:  0.0, Diff:  0.0, Sum:  0.0, Workers: 4
[1227.817s][debug][gc,phases      ] GC(103)     Dead                           Min: 0, Avg:  0.0, Max: 0, Diff: 0, Sum: 0, Workers: 4
[1227.817s][debug][gc,phases      ] GC(103)     Total                          Min: 0, Avg:  0.0, Max: 0, Diff: 0, Sum: 0, Workers: 4
[1227.817s][debug][gc,phases      ] GC(103)   StringDedup Requests1 Weak     Min:  0.0, Avg:  0.0, Max:  0.0, Diff:  0.0, Sum:  0.0, Workers: 4
[1227.817s][debug][gc,phases      ] GC(103)     Dead                           Min: 0, Avg:  0.0, Max: 0, Diff: 0, Sum: 0, Workers: 4
[1227.817s][debug][gc,phases      ] GC(103)     Total                          Min: 0, Avg:  0.0, Max: 0, Diff: 0, Sum: 0, Workers: 4
[1227.817s][debug][gc,phases      ] GC(103)   Weak JFR Old Object Samples    Min:  0.0, Avg:  0.0, Max:  0.0, Diff:  0.0, Sum:  0.0, Workers: 4
[1227.817s][debug][gc,phases      ] GC(103)     Dead                           Min: 0, Avg:  0.0, Max: 0, Diff: 0, Sum: 0, Workers: 4
[1227.817s][debug][gc,phases      ] GC(103)     Total                          Min: 0, Avg:  0.0, Max: 0, Diff: 0, Sum: 0, Workers: 4
[1227.817s][debug][gc,phases      ] GC(103) Weak Processing 0.440ms
[1227.817s][debug][gc,age         ] GC(103) Desired survivor size 87556096 bytes, new threshold 15 (max threshold 15)
[1227.817s][info ][gc,heap        ] GC(103) PSYoungGen: 1918112K(2001408K)->8848K(2011648K) Eden: 1909248K(1909248K)->0K(1922560K) From: 8864K(92160K)->8848K(89088K)
[1227.817s][info ][gc,heap        ] GC(103) ParOldGen: 322622K(359936K)->322622K(359936K)
[1227.817s][info ][gc,metaspace   ] GC(103) Metaspace: 82502K(83456K)->82502K(83456K) NonClass: 70521K(71040K)->70521K(71040K) Class: 11980K(12416K)->11980K(12416K)
[1227.817s][info ][gc             ] GC(103) Pause Young (Allocation Failure) 2188M->323M(2316M) 6.681ms
[1227.817s][info ][gc,cpu         ] GC(103) User=0.01s Sys=0.01s Real=0.00s
[1227.817s][info ][safepoint      ] Safepoint "ParallelGCFailedAllocation", Time since last: 387009722 ns, Reaching safepoint: 73400 ns, Cleanup: 27000 ns, At safepoint: 6763498 ns, Total: 6863898 ns
[1229.817s][info ][safepoint      ] Safepoint "Cleanup", Time since last: 2000144525 ns, Reaching safepoint: 72400 ns, Cleanup: 43800 ns, At safepoint: 9100 ns, Total: 125300 ns
[1231.818s][info ][safepoint      ] Safepoint "Cleanup", Time since last: 2000186425 ns, Reaching safepoint: 4800 ns, Cleanup: 29900 ns, At safepoint: 2500 ns, Total: 37200 ns
[1232.818s][info ][safepoint      ] Safepoint "Cleanup", Time since last: 1000108512 ns, Reaching safepoint: 6700 ns, Cleanup: 47300 ns, At safepoint: 5900 ns, Total: 59900 ns
[1233.818s][info ][safepoint      ] Safepoint "Cleanup", Time since last: 1000109513 ns, Reaching safepoint: 4800 ns, Cleanup: 36200 ns, At safepoint: 4200 ns, Total: 45200 ns
[1234.818s][info ][safepoint      ] Safepoint "Cleanup", Time since last: 1000114412 ns, Reaching safepoint: 5700 ns, Cleanup: 46700 ns, At safepoint: 6800 ns, Total: 59200 ns
[1235.818s][info ][safepoint      ] Safepoint "Cleanup", Time since last: 1000144239 ns, Reaching safepoint: 5400 ns, Cleanup: 43900 ns, At safepoint: 2700 ns, Total: 52000 ns
[1236.912s][info ][gc,start       ] GC(104) Pause Young (Allocation Failure)
[1236.921s][debug][gc,phases      ] GC(104) Scavenge 8.864ms
[1236.921s][debug][gc,ref         ] GC(104) Skipped phase 1 of Reference Processing: no references
[1236.921s][debug][gc,ref         ] GC(104) Skipped phase 2 of Reference Processing: no references
[1236.921s][debug][gc,ref         ] GC(104) Skipped phase 3 of Reference Processing: no references
[1236.921s][debug][gc,ref         ] GC(104) ReferenceProcessor::execute queues: 1, RefProcThreadModel::Single, marks_oops_alive: false
[1236.921s][debug][gc,phases      ] GC(104) Reference Processing 0.092ms
[1236.921s][debug][gc,phases      ] GC(104)   VM Weak                        Min:  0.0, Avg:  0.0, Max:  0.0, Diff:  0.0, Sum:  0.0, Workers: 4
[1236.921s][debug][gc,phases      ] GC(104)     Dead                           Min: 0, Avg:  0.0, Max: 0, Diff: 0, Sum: 0, Workers: 4
[1236.921s][debug][gc,phases      ] GC(104)     Total                          Min: 0, Avg: 181.0, Max: 596, Diff: 596, Sum: 724, Workers: 4
[1236.921s][debug][gc,phases      ] GC(104)   ObjectSynchronizer Weak        Min:  0.0, Avg:  0.0, Max:  0.0, Diff:  0.0, Sum:  0.0, Workers: 4
[1236.921s][debug][gc,phases      ] GC(104)     Dead                           Min: 0, Avg:  0.0, Max: 0, Diff: 0, Sum: 0, Workers: 4
[1236.921s][debug][gc,phases      ] GC(104)     Total                          Min: 0, Avg:  1.2, Max: 5, Diff: 5, Sum: 5, Workers: 4
[1236.921s][debug][gc,phases      ] GC(104)   JVMTI Tag Weak OopStorage      Min:  0.0, Avg:  0.0, Max:  0.0, Diff:  0.0, Sum:  0.0, Workers: 4
[1236.921s][debug][gc,phases      ] GC(104)     Dead                           Min: 0, Avg:  0.0, Max: 0, Diff: 0, Sum: 0, Workers: 4
[1236.921s][debug][gc,phases      ] GC(104)     Total                          Min: 0, Avg:  0.0, Max: 0, Diff: 0, Sum: 0, Workers: 4
[1236.921s][debug][gc,phases      ] GC(104)   StringTable Weak               Min:  0.0, Avg:  0.1, Max:  0.2, Diff:  0.2, Sum:  0.3, Workers: 4
[1236.921s][debug][gc,phases      ] GC(104)     Dead                           Min: 0, Avg:  0.0, Max: 0, Diff: 0, Sum: 0, Workers: 4
[1236.921s][debug][gc,phases      ] GC(104)     Total                          Min: 0, Avg: 10884.8, Max: 26707, Diff: 26707, Sum: 43539, Workers: 4
[1236.921s][debug][gc,phases      ] GC(104)   ResolvedMethodTable Weak       Min:  0.0, Avg:  0.0, Max:  0.0, Diff:  0.0, Sum:  0.1, Workers: 4
[1236.921s][debug][gc,phases      ] GC(104)     Dead                           Min: 0, Avg:  0.0, Max: 0, Diff: 0, Sum: 0, Workers: 4
[1236.921s][debug][gc,phases      ] GC(104)     Total                          Min: 0, Avg: 2421.8, Max: 5760, Diff: 5760, Sum: 9687, Workers: 4
[1236.921s][debug][gc,phases      ] GC(104)   JNI Weak                       Min:  0.0, Avg:  0.0, Max:  0.0, Diff:  0.0, Sum:  0.0, Workers: 4
[1236.921s][debug][gc,phases      ] GC(104)     Dead                           Min: 0, Avg:  0.0, Max: 0, Diff: 0, Sum: 0, Workers: 4
[1236.921s][debug][gc,phases      ] GC(104)     Total                          Min: 0, Avg: 11.2, Max: 45, Diff: 45, Sum: 45, Workers: 4
[1236.921s][debug][gc,phases      ] GC(104)   StringDedup Table Weak         Min:  0.0, Avg:  0.0, Max:  0.0, Diff:  0.0, Sum:  0.0, Workers: 4
[1236.921s][debug][gc,phases      ] GC(104)     Dead                           Min: 0, Avg:  0.0, Max: 0, Diff: 0, Sum: 0, Workers: 4
[1236.921s][debug][gc,phases      ] GC(104)     Total                          Min: 0, Avg:  0.0, Max: 0, Diff: 0, Sum: 0, Workers: 4
[1236.921s][debug][gc,phases      ] GC(104)   StringDedup Requests0 Weak     Min:  0.0, Avg:  0.0, Max:  0.0, Diff:  0.0, Sum:  0.0, Workers: 4
[1236.921s][debug][gc,phases      ] GC(104)     Dead                           Min: 0, Avg:  0.0, Max: 0, Diff: 0, Sum: 0, Workers: 4
[1236.921s][debug][gc,phases      ] GC(104)     Total                          Min: 0, Avg:  0.0, Max: 0, Diff: 0, Sum: 0, Workers: 4
[1236.921s][debug][gc,phases      ] GC(104)   StringDedup Requests1 Weak     Min:  0.0, Avg:  0.0, Max:  0.0, Diff:  0.0, Sum:  0.0, Workers: 4
[1236.921s][debug][gc,phases      ] GC(104)     Dead                           Min: 0, Avg:  0.0, Max: 0, Diff: 0, Sum: 0, Workers: 4
[1236.921s][debug][gc,phases      ] GC(104)     Total                          Min: 0, Avg:  0.0, Max: 0, Diff: 0, Sum: 0, Workers: 4
[1236.921s][debug][gc,phases      ] GC(104)   Weak JFR Old Object Samples    Min:  0.0, Avg:  0.0, Max:  0.0, Diff:  0.0, Sum:  0.0, Workers: 4
[1236.921s][debug][gc,phases      ] GC(104)     Dead                           Min: 0, Avg:  0.0, Max: 0, Diff: 0, Sum: 0, Workers: 4
[1236.921s][debug][gc,phases      ] GC(104)     Total                          Min: 0, Avg:  0.0, Max: 0, Diff: 0, Sum: 0, Workers: 4
[1236.921s][debug][gc,phases      ] GC(104) Weak Processing 0.365ms
[1236.921s][debug][gc,age         ] GC(104) Desired survivor size 83361792 bytes, new threshold 15 (max threshold 15)
[1236.921s][info ][gc,heap        ] GC(104) PSYoungGen: 1931408K(2011648K)->8880K(2008064K) Eden: 1922560K(1922560K)->0K(1922560K) From: 8848K(89088K)->8880K(85504K)
[1236.921s][info ][gc,heap        ] GC(104) ParOldGen: 322622K(359936K)->322630K(359936K)
[1236.921s][info ][gc,metaspace   ] GC(104) Metaspace: 82516K(83456K)->82516K(83456K) NonClass: 70535K(71040K)->70535K(71040K) Class: 11980K(12416K)->11980K(12416K)
[1236.921s][info ][gc             ] GC(104) Pause Young (Allocation Failure) 2201M->323M(2312M) 9.436ms
[1236.922s][info ][gc,cpu         ] GC(104) User=0.01s Sys=0.00s Real=0.01s
[1236.922s][info ][safepoint      ] Safepoint "ParallelGCFailedAllocation", Time since last: 1093542194 ns, Reaching safepoint: 75500 ns, Cleanup: 33100 ns, At safepoint: 9514399 ns, Total: 9622999 ns
[1237.922s][info ][safepoint      ] Safepoint "Cleanup", Time since last: 1000087803 ns, Reaching safepoint: 4100 ns, Cleanup: 39200 ns, At safepoint: 2300 ns, Total: 45600 ns
[1239.922s][info ][safepoint      ] Safepoint "Cleanup", Time since last: 2000147306 ns, Reaching safepoint: 76300 ns, Cleanup: 35000 ns, At safepoint: 10600 ns, Total: 121900 ns
[1241.922s][info ][safepoint      ] Safepoint "Cleanup", Time since last: 2000181807 ns, Reaching safepoint: 6200 ns, Cleanup: 35800 ns, At safepoint: 4600 ns, Total: 46600 ns
[1245.922s][info ][safepoint      ] Safepoint "Cleanup", Time since last: 4000281607 ns, Reaching safepoint: 4300 ns, Cleanup: 39200 ns, At safepoint: 2200 ns, Total: 45700 ns
[1246.670s][info ][gc,start       ] GC(105) Pause Young (Allocation Failure)
[1246.676s][debug][gc,phases      ] GC(105) Scavenge 5.598ms
[1246.676s][debug][gc,ref         ] GC(105) Skipped phase 1 of Reference Processing: no references
[1246.676s][debug][gc,ref         ] GC(105) ReferenceProcessor::execute queues: 1, RefProcThreadModel::Single, marks_oops_alive: false
[1246.676s][debug][gc,ref         ] GC(105) Skipped phase 3 of Reference Processing: no references
[1246.676s][debug][gc,ref         ] GC(105) ReferenceProcessor::execute queues: 1, RefProcThreadModel::Single, marks_oops_alive: false
[1246.676s][debug][gc,phases      ] GC(105) Reference Processing 0.103ms
[1246.676s][debug][gc,phases      ] GC(105)   VM Weak                        Min:  0.0, Avg:  0.0, Max:  0.0, Diff:  0.0, Sum:  0.0, Workers: 4
[1246.676s][debug][gc,phases      ] GC(105)     Dead                           Min: 0, Avg:  0.0, Max: 0, Diff: 0, Sum: 0, Workers: 4
[1246.676s][debug][gc,phases      ] GC(105)     Total                          Min: 0, Avg: 181.0, Max: 704, Diff: 704, Sum: 724, Workers: 4
[1246.676s][debug][gc,phases      ] GC(105)   ObjectSynchronizer Weak        Min:  0.0, Avg:  0.0, Max:  0.0, Diff:  0.0, Sum:  0.0, Workers: 4
[1246.676s][debug][gc,phases      ] GC(105)     Dead                           Min: 0, Avg:  0.0, Max: 0, Diff: 0, Sum: 0, Workers: 4
[1246.676s][debug][gc,phases      ] GC(105)     Total                          Min: 0, Avg:  1.2, Max: 5, Diff: 5, Sum: 5, Workers: 4
[1246.676s][debug][gc,phases      ] GC(105)   JVMTI Tag Weak OopStorage      Min:  0.0, Avg:  0.0, Max:  0.0, Diff:  0.0, Sum:  0.0, Workers: 4
[1246.676s][debug][gc,phases      ] GC(105)     Dead                           Min: 0, Avg:  0.0, Max: 0, Diff: 0, Sum: 0, Workers: 4
[1246.676s][debug][gc,phases      ] GC(105)     Total                          Min: 0, Avg:  0.0, Max: 0, Diff: 0, Sum: 0, Workers: 4
[1246.676s][debug][gc,phases      ] GC(105)   StringTable Weak               Min:  0.0, Avg:  0.1, Max:  0.1, Diff:  0.1, Sum:  0.3, Workers: 4
[1246.676s][debug][gc,phases      ] GC(105)     Dead                           Min: 0, Avg:  0.0, Max: 0, Diff: 0, Sum: 0, Workers: 4
[1246.676s][debug][gc,phases      ] GC(105)     Total                          Min: 0, Avg: 10884.8, Max: 18944, Diff: 18944, Sum: 43539, Workers: 4
[1246.676s][debug][gc,phases      ] GC(105)   ResolvedMethodTable Weak       Min:  0.0, Avg:  0.0, Max:  0.0, Diff:  0.0, Sum:  0.1, Workers: 4
[1246.676s][debug][gc,phases      ] GC(105)     Dead                           Min: 0, Avg:  0.0, Max: 0, Diff: 0, Sum: 0, Workers: 4
[1246.676s][debug][gc,phases      ] GC(105)     Total                          Min: 0, Avg: 2421.8, Max: 3288, Diff: 3288, Sum: 9687, Workers: 4
[1246.676s][debug][gc,phases      ] GC(105)   JNI Weak                       Min:  0.0, Avg:  0.0, Max:  0.0, Diff:  0.0, Sum:  0.0, Workers: 4
[1246.676s][debug][gc,phases      ] GC(105)     Dead                           Min: 0, Avg:  0.0, Max: 0, Diff: 0, Sum: 0, Workers: 4
[1246.676s][debug][gc,phases      ] GC(105)     Total                          Min: 0, Avg: 11.2, Max: 45, Diff: 45, Sum: 45, Workers: 4
[1246.676s][debug][gc,phases      ] GC(105)   StringDedup Table Weak         Min:  0.0, Avg:  0.0, Max:  0.0, Diff:  0.0, Sum:  0.0, Workers: 4
[1246.676s][debug][gc,phases      ] GC(105)     Dead                           Min: 0, Avg:  0.0, Max: 0, Diff: 0, Sum: 0, Workers: 4
[1246.676s][debug][gc,phases      ] GC(105)     Total                          Min: 0, Avg:  0.0, Max: 0, Diff: 0, Sum: 0, Workers: 4
[1246.676s][debug][gc,phases      ] GC(105)   StringDedup Requests0 Weak     Min:  0.0, Avg:  0.0, Max:  0.0, Diff:  0.0, Sum:  0.0, Workers: 4
[1246.676s][debug][gc,phases      ] GC(105)     Dead                           Min: 0, Avg:  0.0, Max: 0, Diff: 0, Sum: 0, Workers: 4
[1246.676s][debug][gc,phases      ] GC(105)     Total                          Min: 0, Avg:  0.0, Max: 0, Diff: 0, Sum: 0, Workers: 4
[1246.676s][debug][gc,phases      ] GC(105)   StringDedup Requests1 Weak     Min:  0.0, Avg:  0.0, Max:  0.0, Diff:  0.0, Sum:  0.0, Workers: 4
[1246.676s][debug][gc,phases      ] GC(105)     Dead                           Min: 0, Avg:  0.0, Max: 0, Diff: 0, Sum: 0, Workers: 4
[1246.676s][debug][gc,phases      ] GC(105)     Total                          Min: 0, Avg:  0.0, Max: 0, Diff: 0, Sum: 0, Workers: 4
[1246.676s][debug][gc,phases      ] GC(105)   Weak JFR Old Object Samples    Min:  0.0, Avg:  0.0, Max:  0.0, Diff:  0.0, Sum:  0.0, Workers: 4
[1246.676s][debug][gc,phases      ] GC(105)     Dead                           Min: 0, Avg:  0.0, Max: 0, Diff: 0, Sum: 0, Workers: 4
[1246.676s][debug][gc,phases      ] GC(105)     Total                          Min: 0, Avg:  0.0, Max: 0, Diff: 0, Sum: 0, Workers: 4
[1246.676s][debug][gc,phases      ] GC(105) Weak Processing 0.307ms
[1246.676s][debug][gc,age         ] GC(105) Desired survivor size 79691776 bytes, new threshold 15 (max threshold 15)
[1246.676s][info ][gc,heap        ] GC(105) PSYoungGen: 1931440K(2008064K)->8880K(2019328K) Eden: 1922560K(1922560K)->0K(1937920K) From: 8880K(85504K)->8880K(81408K)
[1246.676s][info ][gc,heap        ] GC(105) ParOldGen: 322630K(359936K)->322630K(359936K)
[1246.676s][info ][gc,metaspace   ] GC(105) Metaspace: 82524K(83456K)->82524K(83456K) NonClass: 70543K(71040K)->70543K(71040K) Class: 11980K(12416K)->11980K(12416K)
[1246.676s][info ][gc             ] GC(105) Pause Young (Allocation Failure) 2201M->323M(2323M) 6.134ms
[1246.676s][info ][gc,cpu         ] GC(105) User=0.02s Sys=0.00s Real=0.00s
[1246.676s][info ][safepoint      ] Safepoint "ParallelGCFailedAllocation", Time since last: 747639801 ns, Reaching safepoint: 6300 ns, Cleanup: 29000 ns, At safepoint: 6204098 ns, Total: 6239398 ns
[1247.677s][info ][safepoint      ] Safepoint "Cleanup", Time since last: 1000087133 ns, Reaching safepoint: 4500 ns, Cleanup: 34000 ns, At safepoint: 6600 ns, Total: 45100 ns
[1250.677s][info ][safepoint      ] Safepoint "Cleanup", Time since last: 3000227800 ns, Reaching safepoint: 4300 ns, Cleanup: 32400 ns, At safepoint: 2300 ns, Total: 39000 ns
[1253.677s][info ][safepoint      ] Safepoint "Cleanup", Time since last: 3000158684 ns, Reaching safepoint: 11100 ns, Cleanup: 40600 ns, At safepoint: 4800 ns, Total: 56500 ns
[1255.677s][info ][safepoint      ] Safepoint "Cleanup", Time since last: 2000134444 ns, Reaching safepoint: 6200 ns, Cleanup: 32700 ns, At safepoint: 4800 ns, Total: 43700 ns
[1256.316s][info ][safepoint      ] Safepoint "ParallelGCFailedAllocation", Time since last: 638536955 ns, Reaching safepoint: 85700 ns, Cleanup: 31800 ns, At safepoint: 17400 ns, Total: 134900 ns
[1256.317s][info ][gc,start       ] GC(106) Pause Young (GCLocker Initiated GC)
[1256.322s][debug][gc,phases      ] GC(106) Scavenge 5.418ms
[1256.322s][debug][gc,ref         ] GC(106) Skipped phase 1 of Reference Processing: no references
[1256.323s][debug][gc,ref         ] GC(106) ReferenceProcessor::execute queues: 1, RefProcThreadModel::Single, marks_oops_alive: false
[1256.323s][debug][gc,ref         ] GC(106) Skipped phase 3 of Reference Processing: no references
[1256.323s][debug][gc,ref         ] GC(106) ReferenceProcessor::execute queues: 1, RefProcThreadModel::Single, marks_oops_alive: false
[1256.323s][debug][gc,phases      ] GC(106) Reference Processing 0.106ms
[1256.323s][debug][gc,phases      ] GC(106)   VM Weak                        Min:  0.0, Avg:  0.0, Max:  0.0, Diff:  0.0, Sum:  0.0, Workers: 4
[1256.323s][debug][gc,phases      ] GC(106)     Dead                           Min: 0, Avg:  0.0, Max: 0, Diff: 0, Sum: 0, Workers: 4
[1256.323s][debug][gc,phases      ] GC(106)     Total                          Min: 0, Avg: 181.0, Max: 468, Diff: 468, Sum: 724, Workers: 4
[1256.323s][debug][gc,phases      ] GC(106)   ObjectSynchronizer Weak        Min:  0.0, Avg:  0.0, Max:  0.0, Diff:  0.0, Sum:  0.0, Workers: 4
[1256.323s][debug][gc,phases      ] GC(106)     Dead                           Min: 0, Avg:  0.0, Max: 0, Diff: 0, Sum: 0, Workers: 4
[1256.323s][debug][gc,phases      ] GC(106)     Total                          Min: 0, Avg:  1.2, Max: 5, Diff: 5, Sum: 5, Workers: 4
[1256.323s][debug][gc,phases      ] GC(106)   JVMTI Tag Weak OopStorage      Min:  0.0, Avg:  0.0, Max:  0.0, Diff:  0.0, Sum:  0.0, Workers: 4
[1256.323s][debug][gc,phases      ] GC(106)     Dead                           Min: 0, Avg:  0.0, Max: 0, Diff: 0, Sum: 0, Workers: 4
[1256.323s][debug][gc,phases      ] GC(106)     Total                          Min: 0, Avg:  0.0, Max: 0, Diff: 0, Sum: 0, Workers: 4
[1256.323s][debug][gc,phases      ] GC(106)   StringTable Weak               Min:  0.0, Avg:  0.1, Max:  0.1, Diff:  0.1, Sum:  0.3, Workers: 4
[1256.323s][debug][gc,phases      ] GC(106)     Dead                           Min: 0, Avg:  0.0, Max: 0, Diff: 0, Sum: 0, Workers: 4
[1256.323s][debug][gc,phases      ] GC(106)     Total                          Min: 0, Avg: 10884.8, Max: 25344, Diff: 25344, Sum: 43539, Workers: 4
[1256.323s][debug][gc,phases      ] GC(106)   ResolvedMethodTable Weak       Min:  0.0, Avg:  0.0, Max:  0.0, Diff:  0.0, Sum:  0.1, Workers: 4
[1256.323s][debug][gc,phases      ] GC(106)     Dead                           Min: 0, Avg:  0.0, Max: 0, Diff: 0, Sum: 0, Workers: 4
[1256.323s][debug][gc,phases      ] GC(106)     Total                          Min: 0, Avg: 2421.8, Max: 4951, Diff: 4951, Sum: 9687, Workers: 4
[1256.323s][debug][gc,phases      ] GC(106)   JNI Weak                       Min:  0.0, Avg:  0.0, Max:  0.0, Diff:  0.0, Sum:  0.0, Workers: 4
[1256.323s][debug][gc,phases      ] GC(106)     Dead                           Min: 0, Avg:  0.0, Max: 0, Diff: 0, Sum: 0, Workers: 4
[1256.323s][debug][gc,phases      ] GC(106)     Total                          Min: 0, Avg: 11.2, Max: 45, Diff: 45, Sum: 45, Workers: 4
[1256.323s][debug][gc,phases      ] GC(106)   StringDedup Table Weak         Min:  0.0, Avg:  0.0, Max:  0.0, Diff:  0.0, Sum:  0.0, Workers: 4
[1256.323s][debug][gc,phases      ] GC(106)     Dead                           Min: 0, Avg:  0.0, Max: 0, Diff: 0, Sum: 0, Workers: 4
[1256.323s][debug][gc,phases      ] GC(106)     Total                          Min: 0, Avg:  0.0, Max: 0, Diff: 0, Sum: 0, Workers: 4
[1256.323s][debug][gc,phases      ] GC(106)   StringDedup Requests0 Weak     Min:  0.0, Avg:  0.0, Max:  0.0, Diff:  0.0, Sum:  0.0, Workers: 4
[1256.323s][debug][gc,phases      ] GC(106)     Dead                           Min: 0, Avg:  0.0, Max: 0, Diff: 0, Sum: 0, Workers: 4
[1256.323s][debug][gc,phases      ] GC(106)     Total                          Min: 0, Avg:  0.0, Max: 0, Diff: 0, Sum: 0, Workers: 4
[1256.323s][debug][gc,phases      ] GC(106)   StringDedup Requests1 Weak     Min:  0.0, Avg:  0.0, Max:  0.0, Diff:  0.0, Sum:  0.0, Workers: 4
[1256.323s][debug][gc,phases      ] GC(106)     Dead                           Min: 0, Avg:  0.0, Max: 0, Diff: 0, Sum: 0, Workers: 4
[1256.323s][debug][gc,phases      ] GC(106)     Total                          Min: 0, Avg:  0.0, Max: 0, Diff: 0, Sum: 0, Workers: 4
[1256.323s][debug][gc,phases      ] GC(106)   Weak JFR Old Object Samples    Min:  0.0, Avg:  0.0, Max:  0.0, Diff:  0.0, Sum:  0.0, Workers: 4
[1256.323s][debug][gc,phases      ] GC(106)     Dead                           Min: 0, Avg:  0.0, Max: 0, Diff: 0, Sum: 0, Workers: 4
[1256.323s][debug][gc,phases      ] GC(106)     Total                          Min: 0, Avg:  0.0, Max: 0, Diff: 0, Sum: 0, Workers: 4
[1256.323s][debug][gc,phases      ] GC(106) Weak Processing 0.354ms
[1256.323s][debug][gc,age         ] GC(106) Desired survivor size 76021760 bytes, new threshold 15 (max threshold 15)
[1256.323s][info ][gc,heap        ] GC(106) PSYoungGen: 1946800K(2019328K)->8928K(2015744K) Eden: 1937920K(1937920K)->0K(1937920K) From: 8880K(81408K)->8928K(77824K)
[1256.323s][info ][gc,heap        ] GC(106) ParOldGen: 322632K(359936K)->322632K(359936K)
[1256.323s][info ][gc,metaspace   ] GC(106) Metaspace: 82527K(83456K)->82527K(83456K) NonClass: 70546K(71040K)->70546K(71040K) Class: 11980K(12416K)->11980K(12416K)
[1256.323s][info ][gc             ] GC(106) Pause Young (GCLocker Initiated GC) 2216M->323M(2320M) 5.968ms
[1256.323s][info ][gc,cpu         ] GC(106) User=0.01s Sys=0.00s Real=0.01s
[1256.323s][info ][safepoint      ] Safepoint "ParallelGCSystemGC", Time since last: 1048100 ns, Reaching safepoint: 2300 ns, Cleanup: 30500 ns, At safepoint: 6029098 ns, Total: 6061898 ns
[1258.323s][info ][safepoint      ] Safepoint "Cleanup", Time since last: 2000145445 ns, Reaching safepoint: 3900 ns, Cleanup: 27700 ns, At safepoint: 2300 ns, Total: 33900 ns
[1259.323s][info ][safepoint      ] Safepoint "Cleanup", Time since last: 1000099172 ns, Reaching safepoint: 4100 ns, Cleanup: 33100 ns, At safepoint: 6900 ns, Total: 44100 ns
[1260.323s][info ][safepoint      ] Safepoint "Cleanup", Time since last: 1000105788 ns, Reaching safepoint: 4100 ns, Cleanup: 35500 ns, At safepoint: 2800 ns, Total: 42400 ns
[1264.355s][info ][safepoint      ] Safepoint "Cleanup", Time since last: 4031966765 ns, Reaching safepoint: 3900 ns, Cleanup: 33300 ns, At safepoint: 2900 ns, Total: 40100 ns
[1266.117s][info ][gc,start       ] GC(107) Pause Young (Allocation Failure)
[1266.124s][debug][gc,phases      ] GC(107) Scavenge 6.243ms
[1266.124s][debug][gc,ref         ] GC(107) Skipped phase 1 of Reference Processing: no references
[1266.124s][debug][gc,ref         ] GC(107) ReferenceProcessor::execute queues: 1, RefProcThreadModel::Single, marks_oops_alive: false
[1266.124s][debug][gc,ref         ] GC(107) Skipped phase 3 of Reference Processing: no references
[1266.124s][debug][gc,ref         ] GC(107) ReferenceProcessor::execute queues: 1, RefProcThreadModel::Single, marks_oops_alive: false
[1266.124s][debug][gc,phases      ] GC(107) Reference Processing 0.089ms
[1266.124s][debug][gc,phases      ] GC(107)   VM Weak                        Min:  0.0, Avg:  0.0, Max:  0.0, Diff:  0.0, Sum:  0.0, Workers: 4
[1266.124s][debug][gc,phases      ] GC(107)     Dead                           Min: 0, Avg:  0.0, Max: 0, Diff: 0, Sum: 0, Workers: 4
[1266.124s][debug][gc,phases      ] GC(107)     Total                          Min: 0, Avg: 181.0, Max: 468, Diff: 468, Sum: 724, Workers: 4
[1266.124s][debug][gc,phases      ] GC(107)   ObjectSynchronizer Weak        Min:  0.0, Avg:  0.0, Max:  0.0, Diff:  0.0, Sum:  0.0, Workers: 4
[1266.124s][debug][gc,phases      ] GC(107)     Dead                           Min: 0, Avg:  0.0, Max: 0, Diff: 0, Sum: 0, Workers: 4
[1266.124s][debug][gc,phases      ] GC(107)     Total                          Min: 0, Avg:  1.2, Max: 5, Diff: 5, Sum: 5, Workers: 4
[1266.124s][debug][gc,phases      ] GC(107)   JVMTI Tag Weak OopStorage      Min:  0.0, Avg:  0.0, Max:  0.0, Diff:  0.0, Sum:  0.0, Workers: 4
[1266.124s][debug][gc,phases      ] GC(107)     Dead                           Min: 0, Avg:  0.0, Max: 0, Diff: 0, Sum: 0, Workers: 4
[1266.124s][debug][gc,phases      ] GC(107)     Total                          Min: 0, Avg:  0.0, Max: 0, Diff: 0, Sum: 0, Workers: 4
[1266.124s][debug][gc,phases      ] GC(107)   StringTable Weak               Min:  0.0, Avg:  0.1, Max:  0.1, Diff:  0.1, Sum:  0.4, Workers: 4
[1266.124s][debug][gc,phases      ] GC(107)     Dead                           Min: 0, Avg:  0.0, Max: 0, Diff: 0, Sum: 0, Workers: 4
[1266.124s][debug][gc,phases      ] GC(107)     Total                          Min: 0, Avg: 10885.0, Max: 16404, Diff: 16404, Sum: 43540, Workers: 4
[1266.124s][debug][gc,phases      ] GC(107)   ResolvedMethodTable Weak       Min:  0.0, Avg:  0.0, Max:  0.0, Diff:  0.0, Sum:  0.1, Workers: 4
[1266.124s][debug][gc,phases      ] GC(107)     Dead                           Min: 0, Avg:  0.0, Max: 0, Diff: 0, Sum: 0, Workers: 4
[1266.124s][debug][gc,phases      ] GC(107)     Total                          Min: 0, Avg: 2421.8, Max: 4287, Diff: 4287, Sum: 9687, Workers: 4
[1266.124s][debug][gc,phases      ] GC(107)   JNI Weak                       Min:  0.0, Avg:  0.0, Max:  0.0, Diff:  0.0, Sum:  0.0, Workers: 4
[1266.124s][debug][gc,phases      ] GC(107)     Dead                           Min: 0, Avg:  0.0, Max: 0, Diff: 0, Sum: 0, Workers: 4
[1266.124s][debug][gc,phases      ] GC(107)     Total                          Min: 0, Avg: 11.2, Max: 45, Diff: 45, Sum: 45, Workers: 4
[1266.124s][debug][gc,phases      ] GC(107)   StringDedup Table Weak         Min:  0.0, Avg:  0.0, Max:  0.0, Diff:  0.0, Sum:  0.0, Workers: 4
[1266.124s][debug][gc,phases      ] GC(107)     Dead                           Min: 0, Avg:  0.0, Max: 0, Diff: 0, Sum: 0, Workers: 4
[1266.124s][debug][gc,phases      ] GC(107)     Total                          Min: 0, Avg:  0.0, Max: 0, Diff: 0, Sum: 0, Workers: 4
[1266.124s][debug][gc,phases      ] GC(107)   StringDedup Requests0 Weak     Min:  0.0, Avg:  0.0, Max:  0.0, Diff:  0.0, Sum:  0.0, Workers: 4
[1266.124s][debug][gc,phases      ] GC(107)     Dead                           Min: 0, Avg:  0.0, Max: 0, Diff: 0, Sum: 0, Workers: 4
[1266.124s][debug][gc,phases      ] GC(107)     Total                          Min: 0, Avg:  0.0, Max: 0, Diff: 0, Sum: 0, Workers: 4
[1266.124s][debug][gc,phases      ] GC(107)   StringDedup Requests1 Weak     Min:  0.0, Avg:  0.0, Max:  0.0, Diff:  0.0, Sum:  0.0, Workers: 4
[1266.124s][debug][gc,phases      ] GC(107)     Dead                           Min: 0, Avg:  0.0, Max: 0, Diff: 0, Sum: 0, Workers: 4
[1266.124s][debug][gc,phases      ] GC(107)     Total                          Min: 0, Avg:  0.0, Max: 0, Diff: 0, Sum: 0, Workers: 4
[1266.124s][debug][gc,phases      ] GC(107)   Weak JFR Old Object Samples    Min:  0.0, Avg:  0.0, Max:  0.0, Diff:  0.0, Sum:  0.0, Workers: 4
[1266.124s][debug][gc,phases      ] GC(107)     Dead                           Min: 0, Avg:  0.0, Max: 0, Diff: 0, Sum: 0, Workers: 4
[1266.124s][debug][gc,phases      ] GC(107)     Total                          Min: 0, Avg:  0.0, Max: 0, Diff: 0, Sum: 0, Workers: 4
[1266.124s][debug][gc,phases      ] GC(107) Weak Processing 0.344ms
[1266.124s][debug][gc,age         ] GC(107) Desired survivor size 72351744 bytes, new threshold 15 (max threshold 15)
[1266.124s][info ][gc,heap        ] GC(107) PSYoungGen: 1946848K(2015744K)->8880K(2026496K) Eden: 1937920K(1937920K)->0K(1952256K) From: 8928K(77824K)->8880K(74240K)
[1266.124s][info ][gc,heap        ] GC(107) ParOldGen: 322636K(359936K)->322636K(359936K)
[1266.124s][info ][gc,metaspace   ] GC(107) Metaspace: 82531K(83456K)->82531K(83456K) NonClass: 70550K(71040K)->70550K(71040K) Class: 11980K(12416K)->11980K(12416K)
[1266.124s][info ][gc             ] GC(107) Pause Young (Allocation Failure) 2216M->323M(2330M) 6.775ms
[1266.124s][info ][gc,cpu         ] GC(107) User=0.01s Sys=0.01s Real=0.01s
[1266.124s][info ][safepoint      ] Safepoint "ParallelGCFailedAllocation", Time since last: 1761676935 ns, Reaching safepoint: 70899 ns, Cleanup: 44300 ns, At safepoint: 6841699 ns, Total: 6956898 ns
[1267.124s][info ][safepoint      ] Safepoint "Cleanup", Time since last: 1000079993 ns, Reaching safepoint: 5000 ns, Cleanup: 30800 ns, At safepoint: 2800 ns, Total: 38600 ns
[1268.124s][info ][safepoint      ] Safepoint "Cleanup", Time since last: 1000104997 ns, Reaching safepoint: 4200 ns, Cleanup: 42700 ns, At safepoint: 2300 ns, Total: 49200 ns
[1273.267s][info ][safepoint      ] Safepoint "Cleanup", Time since last: 5142863671 ns, Reaching safepoint: 75900 ns, Cleanup: 69400 ns, At safepoint: 14000 ns, Total: 159300 ns
[1274.268s][info ][safepoint      ] Safepoint "Cleanup", Time since last: 1000100800 ns, Reaching safepoint: 71500 ns, Cleanup: 41700 ns, At safepoint: 4300 ns, Total: 117500 ns
[1275.960s][info ][gc,start       ] GC(108) Pause Young (Allocation Failure)
[1275.965s][debug][gc,phases      ] GC(108) Scavenge 5.782ms
[1275.965s][debug][gc,ref         ] GC(108) Skipped phase 1 of Reference Processing: no references
[1275.966s][debug][gc,ref         ] GC(108) ReferenceProcessor::execute queues: 1, RefProcThreadModel::Single, marks_oops_alive: false
[1275.966s][debug][gc,ref         ] GC(108) Skipped phase 3 of Reference Processing: no references
[1275.966s][debug][gc,ref         ] GC(108) ReferenceProcessor::execute queues: 1, RefProcThreadModel::Single, marks_oops_alive: false
[1275.966s][debug][gc,phases      ] GC(108) Reference Processing 0.091ms
[1275.966s][debug][gc,phases      ] GC(108)   VM Weak                        Min:  0.0, Avg:  0.0, Max:  0.0, Diff:  0.0, Sum:  0.0, Workers: 4
[1275.966s][debug][gc,phases      ] GC(108)     Dead                           Min: 0, Avg:  0.0, Max: 0, Diff: 0, Sum: 0, Workers: 4
[1275.966s][debug][gc,phases      ] GC(108)     Total                          Min: 0, Avg: 181.0, Max: 704, Diff: 704, Sum: 724, Workers: 4
[1275.966s][debug][gc,phases      ] GC(108)   ObjectSynchronizer Weak        Min:  0.0, Avg:  0.0, Max:  0.0, Diff:  0.0, Sum:  0.0, Workers: 4
[1275.966s][debug][gc,phases      ] GC(108)     Dead                           Min: 0, Avg:  0.0, Max: 0, Diff: 0, Sum: 0, Workers: 4
[1275.966s][debug][gc,phases      ] GC(108)     Total                          Min: 0, Avg:  1.2, Max: 5, Diff: 5, Sum: 5, Workers: 4
[1275.966s][debug][gc,phases      ] GC(108)   JVMTI Tag Weak OopStorage      Min:  0.0, Avg:  0.0, Max:  0.0, Diff:  0.0, Sum:  0.0, Workers: 4
[1275.966s][debug][gc,phases      ] GC(108)     Dead                           Min: 0, Avg:  0.0, Max: 0, Diff: 0, Sum: 0, Workers: 4
[1275.966s][debug][gc,phases      ] GC(108)     Total                          Min: 0, Avg:  0.0, Max: 0, Diff: 0, Sum: 0, Workers: 4
[1275.966s][debug][gc,phases      ] GC(108)   StringTable Weak               Min:  0.0, Avg:  0.1, Max:  0.2, Diff:  0.2, Sum:  0.3, Workers: 4
[1275.966s][debug][gc,phases      ] GC(108)     Dead                           Min: 0, Avg:  0.0, Max: 0, Diff: 0, Sum: 0, Workers: 4
[1275.966s][debug][gc,phases      ] GC(108)     Total                          Min: 0, Avg: 10885.0, Max: 25920, Diff: 25920, Sum: 43540, Workers: 4
[1275.966s][debug][gc,phases      ] GC(108)   ResolvedMethodTable Weak       Min:  0.0, Avg:  0.0, Max:  0.0, Diff:  0.0, Sum:  0.1, Workers: 4
[1275.966s][debug][gc,phases      ] GC(108)     Dead                           Min: 0, Avg:  0.0, Max: 0, Diff: 0, Sum: 0, Workers: 4
[1275.966s][debug][gc,phases      ] GC(108)     Total                          Min: 0, Avg: 2421.8, Max: 5823, Diff: 5823, Sum: 9687, Workers: 4
[1275.966s][debug][gc,phases      ] GC(108)   JNI Weak                       Min:  0.0, Avg:  0.0, Max:  0.0, Diff:  0.0, Sum:  0.0, Workers: 4
[1275.966s][debug][gc,phases      ] GC(108)     Dead                           Min: 0, Avg:  0.0, Max: 0, Diff: 0, Sum: 0, Workers: 4
[1275.966s][debug][gc,phases      ] GC(108)     Total                          Min: 0, Avg: 11.2, Max: 45, Diff: 45, Sum: 45, Workers: 4
[1275.966s][debug][gc,phases      ] GC(108)   StringDedup Table Weak         Min:  0.0, Avg:  0.0, Max:  0.0, Diff:  0.0, Sum:  0.0, Workers: 4
[1275.966s][debug][gc,phases      ] GC(108)     Dead                           Min: 0, Avg:  0.0, Max: 0, Diff: 0, Sum: 0, Workers: 4
[1275.966s][debug][gc,phases      ] GC(108)     Total                          Min: 0, Avg:  0.0, Max: 0, Diff: 0, Sum: 0, Workers: 4
[1275.966s][debug][gc,phases      ] GC(108)   StringDedup Requests0 Weak     Min:  0.0, Avg:  0.0, Max:  0.0, Diff:  0.0, Sum:  0.0, Workers: 4
[1275.966s][debug][gc,phases      ] GC(108)     Dead                           Min: 0, Avg:  0.0, Max: 0, Diff: 0, Sum: 0, Workers: 4
[1275.966s][debug][gc,phases      ] GC(108)     Total                          Min: 0, Avg:  0.0, Max: 0, Diff: 0, Sum: 0, Workers: 4
[1275.966s][debug][gc,phases      ] GC(108)   StringDedup Requests1 Weak     Min:  0.0, Avg:  0.0, Max:  0.0, Diff:  0.0, Sum:  0.0, Workers: 4
[1275.966s][debug][gc,phases      ] GC(108)     Dead                           Min: 0, Avg:  0.0, Max: 0, Diff: 0, Sum: 0, Workers: 4
[1275.966s][debug][gc,phases      ] GC(108)     Total                          Min: 0, Avg:  0.0, Max: 0, Diff: 0, Sum: 0, Workers: 4
[1275.966s][debug][gc,phases      ] GC(108)   Weak JFR Old Object Samples    Min:  0.0, Avg:  0.0, Max:  0.0, Diff:  0.0, Sum:  0.0, Workers: 4
[1275.966s][debug][gc,phases      ] GC(108)     Dead                           Min: 0, Avg:  0.0, Max: 0, Diff: 0, Sum: 0, Workers: 4
[1275.966s][debug][gc,phases      ] GC(108)     Total                          Min: 0, Avg:  0.0, Max: 0, Diff: 0, Sum: 0, Workers: 4
[1275.966s][debug][gc,phases      ] GC(108) Weak Processing 0.358ms
[1275.966s][debug][gc,age         ] GC(108) Desired survivor size 68681728 bytes, new threshold 15 (max threshold 15)
[1275.966s][info ][gc,heap        ] GC(108) PSYoungGen: 1961136K(2026496K)->8944K(2022912K) Eden: 1952256K(1952256K)->0K(1952256K) From: 8880K(74240K)->8944K(70656K)
[1275.966s][info ][gc,heap        ] GC(108) ParOldGen: 322636K(359936K)->322636K(359936K)
[1275.966s][info ][gc,metaspace   ] GC(108) Metaspace: 82535K(83456K)->82535K(83456K) NonClass: 70554K(71040K)->70554K(71040K) Class: 11980K(12416K)->11980K(12416K)
[1275.966s][info ][gc             ] GC(108) Pause Young (Allocation Failure) 2230M->323M(2327M) 6.339ms
[1275.966s][info ][gc,cpu         ] GC(108) User=0.01s Sys=0.00s Real=0.01s
[1275.966s][info ][safepoint      ] Safepoint "ParallelGCFailedAllocation", Time since last: 1691942190 ns, Reaching safepoint: 4400 ns, Cleanup: 29100 ns, At safepoint: 6408099 ns, Total: 6441599 ns
[1279.966s][info ][safepoint      ] Safepoint "Cleanup", Time since last: 4000296782 ns, Reaching safepoint: 77800 ns, Cleanup: 40800 ns, At safepoint: 10200 ns, Total: 128800 ns
[1285.917s][info ][gc,start       ] GC(109) Pause Young (Allocation Failure)
[1285.923s][debug][gc,phases      ] GC(109) Scavenge 6.297ms
[1285.923s][debug][gc,ref         ] GC(109) Skipped phase 1 of Reference Processing: no references
[1285.923s][debug][gc,ref         ] GC(109) ReferenceProcessor::execute queues: 1, RefProcThreadModel::Single, marks_oops_alive: false
[1285.923s][debug][gc,ref         ] GC(109) Skipped phase 3 of Reference Processing: no references
[1285.923s][debug][gc,ref         ] GC(109) ReferenceProcessor::execute queues: 1, RefProcThreadModel::Single, marks_oops_alive: false
[1285.923s][debug][gc,phases      ] GC(109) Reference Processing 0.084ms
[1285.923s][debug][gc,phases      ] GC(109)   VM Weak                        Min:  0.0, Avg:  0.0, Max:  0.0, Diff:  0.0, Sum:  0.0, Workers: 4
[1285.923s][debug][gc,phases      ] GC(109)     Dead                           Min: 0, Avg:  0.0, Max: 0, Diff: 0, Sum: 0, Workers: 4
[1285.923s][debug][gc,phases      ] GC(109)     Total                          Min: 0, Avg: 181.0, Max: 468, Diff: 468, Sum: 724, Workers: 4
[1285.923s][debug][gc,phases      ] GC(109)   ObjectSynchronizer Weak        Min:  0.0, Avg:  0.0, Max:  0.0, Diff:  0.0, Sum:  0.0, Workers: 4
[1285.923s][debug][gc,phases      ] GC(109)     Dead                           Min: 0, Avg:  0.0, Max: 0, Diff: 0, Sum: 0, Workers: 4
[1285.923s][debug][gc,phases      ] GC(109)     Total                          Min: 0, Avg:  1.2, Max: 5, Diff: 5, Sum: 5, Workers: 4
[1285.923s][debug][gc,phases      ] GC(109)   JVMTI Tag Weak OopStorage      Min:  0.0, Avg:  0.0, Max:  0.0, Diff:  0.0, Sum:  0.0, Workers: 4
[1285.923s][debug][gc,phases      ] GC(109)     Dead                           Min: 0, Avg:  0.0, Max: 0, Diff: 0, Sum: 0, Workers: 4
[1285.923s][debug][gc,phases      ] GC(109)     Total                          Min: 0, Avg:  0.0, Max: 0, Diff: 0, Sum: 0, Workers: 4
[1285.923s][debug][gc,phases      ] GC(109)   StringTable Weak               Min:  0.0, Avg:  0.1, Max:  0.1, Diff:  0.1, Sum:  0.4, Workers: 4
[1285.923s][debug][gc,phases      ] GC(109)     Dead                           Min: 0, Avg:  0.0, Max: 0, Diff: 0, Sum: 0, Workers: 4
[1285.923s][debug][gc,phases      ] GC(109)     Total                          Min: 0, Avg: 10885.0, Max: 18132, Diff: 18132, Sum: 43540, Workers: 4
[1285.923s][debug][gc,phases      ] GC(109)   ResolvedMethodTable Weak       Min:  0.0, Avg:  0.0, Max:  0.0, Diff:  0.0, Sum:  0.1, Workers: 4
[1285.923s][debug][gc,phases      ] GC(109)     Dead                           Min: 0, Avg:  0.0, Max: 0, Diff: 0, Sum: 0, Workers: 4
[1285.923s][debug][gc,phases      ] GC(109)     Total                          Min: 0, Avg: 2421.8, Max: 4311, Diff: 4311, Sum: 9687, Workers: 4
[1285.923s][debug][gc,phases      ] GC(109)   JNI Weak                       Min:  0.0, Avg:  0.0, Max:  0.0, Diff:  0.0, Sum:  0.0, Workers: 4
[1285.923s][debug][gc,phases      ] GC(109)     Dead                           Min: 0, Avg:  0.0, Max: 0, Diff: 0, Sum: 0, Workers: 4
[1285.923s][debug][gc,phases      ] GC(109)     Total                          Min: 0, Avg: 11.2, Max: 45, Diff: 45, Sum: 45, Workers: 4
[1285.923s][debug][gc,phases      ] GC(109)   StringDedup Table Weak         Min:  0.0, Avg:  0.0, Max:  0.0, Diff:  0.0, Sum:  0.0, Workers: 4
[1285.923s][debug][gc,phases      ] GC(109)     Dead                           Min: 0, Avg:  0.0, Max: 0, Diff: 0, Sum: 0, Workers: 4
[1285.923s][debug][gc,phases      ] GC(109)     Total                          Min: 0, Avg:  0.0, Max: 0, Diff: 0, Sum: 0, Workers: 4
[1285.923s][debug][gc,phases      ] GC(109)   StringDedup Requests0 Weak     Min:  0.0, Avg:  0.0, Max:  0.0, Diff:  0.0, Sum:  0.0, Workers: 4
[1285.923s][debug][gc,phases      ] GC(109)     Dead                           Min: 0, Avg:  0.0, Max: 0, Diff: 0, Sum: 0, Workers: 4
[1285.923s][debug][gc,phases      ] GC(109)     Total                          Min: 0, Avg:  0.0, Max: 0, Diff: 0, Sum: 0, Workers: 4
[1285.923s][debug][gc,phases      ] GC(109)   StringDedup Requests1 Weak     Min:  0.0, Avg:  0.0, Max:  0.0, Diff:  0.0, Sum:  0.0, Workers: 4
[1285.923s][debug][gc,phases      ] GC(109)     Dead                           Min: 0, Avg:  0.0, Max: 0, Diff: 0, Sum: 0, Workers: 4
[1285.923s][debug][gc,phases      ] GC(109)     Total                          Min: 0, Avg:  0.0, Max: 0, Diff: 0, Sum: 0, Workers: 4
[1285.923s][debug][gc,phases      ] GC(109)   Weak JFR Old Object Samples    Min:  0.0, Avg:  0.0, Max:  0.0, Diff:  0.0, Sum:  0.0, Workers: 4
[1285.923s][debug][gc,phases      ] GC(109)     Dead                           Min: 0, Avg:  0.0, Max: 0, Diff: 0, Sum: 0, Workers: 4
[1285.923s][debug][gc,phases      ] GC(109)     Total                          Min: 0, Avg:  0.0, Max: 0, Diff: 0, Sum: 0, Workers: 4
[1285.923s][debug][gc,phases      ] GC(109) Weak Processing 0.326ms
[1285.923s][debug][gc,age         ] GC(109) Desired survivor size 65011712 bytes, new threshold 15 (max threshold 15)
[1285.923s][info ][gc,heap        ] GC(109) PSYoungGen: 1961200K(2022912K)->8912K(2033664K) Eden: 1952256K(1952256K)->0K(1966592K) From: 8944K(70656K)->8912K(67072K)
[1285.923s][info ][gc,heap        ] GC(109) ParOldGen: 322636K(359936K)->322636K(359936K)
[1285.923s][info ][gc,metaspace   ] GC(109) Metaspace: 82539K(83456K)->82539K(83456K) NonClass: 70559K(71040K)->70559K(71040K) Class: 11980K(12416K)->11980K(12416K)
[1285.923s][info ][gc             ] GC(109) Pause Young (Allocation Failure) 2230M->323M(2337M) 6.812ms
[1285.923s][info ][gc,cpu         ] GC(109) User=0.01s Sys=0.00s Real=0.01s
[1285.924s][info ][safepoint      ] Safepoint "ParallelGCFailedAllocation", Time since last: 5950115571 ns, Reaching safepoint: 81600 ns, Cleanup: 47300 ns, At safepoint: 6878999 ns, Total: 7007899 ns
[1294.924s][info ][safepoint      ] Safepoint "Cleanup", Time since last: 9000594501 ns, Reaching safepoint: 4500 ns, Cleanup: 38800 ns, At safepoint: 4300 ns, Total: 47600 ns
[1295.461s][info ][gc,start       ] GC(110) Pause Young (Allocation Failure)
[1295.467s][debug][gc,phases      ] GC(110) Scavenge 6.224ms
[1295.467s][debug][gc,ref         ] GC(110) Skipped phase 1 of Reference Processing: no references
[1295.467s][debug][gc,ref         ] GC(110) Skipped phase 2 of Reference Processing: no references
[1295.467s][debug][gc,ref         ] GC(110) Skipped phase 3 of Reference Processing: no references
[1295.467s][debug][gc,ref         ] GC(110) ReferenceProcessor::execute queues: 1, RefProcThreadModel::Single, marks_oops_alive: false
[1295.467s][debug][gc,phases      ] GC(110) Reference Processing 0.092ms
[1295.467s][debug][gc,phases      ] GC(110)   VM Weak                        Min:  0.0, Avg:  0.0, Max:  0.0, Diff:  0.0, Sum:  0.0, Workers: 4
[1295.467s][debug][gc,phases      ] GC(110)     Dead                           Min: 0, Avg:  0.0, Max: 0, Diff: 0, Sum: 0, Workers: 4
[1295.467s][debug][gc,phases      ] GC(110)     Total                          Min: 0, Avg: 181.0, Max: 724, Diff: 724, Sum: 724, Workers: 4
[1295.467s][debug][gc,phases      ] GC(110)   ObjectSynchronizer Weak        Min:  0.0, Avg:  0.0, Max:  0.0, Diff:  0.0, Sum:  0.0, Workers: 4
[1295.467s][debug][gc,phases      ] GC(110)     Dead                           Min: 0, Avg:  0.0, Max: 0, Diff: 0, Sum: 0, Workers: 4
[1295.467s][debug][gc,phases      ] GC(110)     Total                          Min: 0, Avg:  1.2, Max: 5, Diff: 5, Sum: 5, Workers: 4
[1295.467s][debug][gc,phases      ] GC(110)   JVMTI Tag Weak OopStorage      Min:  0.0, Avg:  0.0, Max:  0.0, Diff:  0.0, Sum:  0.0, Workers: 4
[1295.467s][debug][gc,phases      ] GC(110)     Dead                           Min: 0, Avg:  0.0, Max: 0, Diff: 0, Sum: 0, Workers: 4
[1295.467s][debug][gc,phases      ] GC(110)     Total                          Min: 0, Avg:  0.0, Max: 0, Diff: 0, Sum: 0, Workers: 4
[1295.467s][debug][gc,phases      ] GC(110)   StringTable Weak               Min:  0.0, Avg:  0.1, Max:  0.2, Diff:  0.2, Sum:  0.3, Workers: 4
[1295.467s][debug][gc,phases      ] GC(110)     Dead                           Min: 0, Avg:  0.0, Max: 0, Diff: 0, Sum: 0, Workers: 4
[1295.467s][debug][gc,phases      ] GC(110)     Total                          Min: 0, Avg: 10885.0, Max: 26624, Diff: 26624, Sum: 43540, Workers: 4
[1295.467s][debug][gc,phases      ] GC(110)   ResolvedMethodTable Weak       Min:  0.0, Avg:  0.0, Max:  0.0, Diff:  0.0, Sum:  0.1, Workers: 4
[1295.467s][debug][gc,phases      ] GC(110)     Dead                           Min: 0, Avg:  0.0, Max: 0, Diff: 0, Sum: 0, Workers: 4
[1295.467s][debug][gc,phases      ] GC(110)     Total                          Min: 0, Avg: 2421.8, Max: 6039, Diff: 6039, Sum: 9687, Workers: 4
[1295.467s][debug][gc,phases      ] GC(110)   JNI Weak                       Min:  0.0, Avg:  0.0, Max:  0.0, Diff:  0.0, Sum:  0.0, Workers: 4
[1295.467s][debug][gc,phases      ] GC(110)     Dead                           Min: 0, Avg:  0.0, Max: 0, Diff: 0, Sum: 0, Workers: 4
[1295.467s][debug][gc,phases      ] GC(110)     Total                          Min: 0, Avg: 11.2, Max: 45, Diff: 45, Sum: 45, Workers: 4
[1295.467s][debug][gc,phases      ] GC(110)   StringDedup Table Weak         Min:  0.0, Avg:  0.0, Max:  0.0, Diff:  0.0, Sum:  0.0, Workers: 4
[1295.467s][debug][gc,phases      ] GC(110)     Dead                           Min: 0, Avg:  0.0, Max: 0, Diff: 0, Sum: 0, Workers: 4
[1295.467s][debug][gc,phases      ] GC(110)     Total                          Min: 0, Avg:  0.0, Max: 0, Diff: 0, Sum: 0, Workers: 4
[1295.467s][debug][gc,phases      ] GC(110)   StringDedup Requests0 Weak     Min:  0.0, Avg:  0.0, Max:  0.0, Diff:  0.0, Sum:  0.0, Workers: 4
[1295.467s][debug][gc,phases      ] GC(110)     Dead                           Min: 0, Avg:  0.0, Max: 0, Diff: 0, Sum: 0, Workers: 4
[1295.467s][debug][gc,phases      ] GC(110)     Total                          Min: 0, Avg:  0.0, Max: 0, Diff: 0, Sum: 0, Workers: 4
[1295.467s][debug][gc,phases      ] GC(110)   StringDedup Requests1 Weak     Min:  0.0, Avg:  0.0, Max:  0.0, Diff:  0.0, Sum:  0.0, Workers: 4
[1295.467s][debug][gc,phases      ] GC(110)     Dead                           Min: 0, Avg:  0.0, Max: 0, Diff: 0, Sum: 0, Workers: 4
[1295.467s][debug][gc,phases      ] GC(110)     Total                          Min: 0, Avg:  0.0, Max: 0, Diff: 0, Sum: 0, Workers: 4
[1295.467s][debug][gc,phases      ] GC(110)   Weak JFR Old Object Samples    Min:  0.0, Avg:  0.0, Max:  0.0, Diff:  0.0, Sum:  0.0, Workers: 4
[1295.467s][debug][gc,phases      ] GC(110)     Dead                           Min: 0, Avg:  0.0, Max: 0, Diff: 0, Sum: 0, Workers: 4
[1295.467s][debug][gc,phases      ] GC(110)     Total                          Min: 0, Avg:  0.0, Max: 0, Diff: 0, Sum: 0, Workers: 4
[1295.467s][debug][gc,phases      ] GC(110) Weak Processing 0.355ms
[1295.467s][debug][gc,age         ] GC(110) Desired survivor size 61865984 bytes, new threshold 15 (max threshold 15)
[1295.467s][info ][gc,heap        ] GC(110) PSYoungGen: 1975504K(2033664K)->8992K(2030080K) Eden: 1966592K(1966592K)->0K(1966592K) From: 8912K(67072K)->8992K(63488K)
[1295.467s][info ][gc,heap        ] GC(110) ParOldGen: 322636K(359936K)->322636K(359936K)
[1295.467s][info ][gc,metaspace   ] GC(110) Metaspace: 82539K(83456K)->82539K(83456K) NonClass: 70559K(71040K)->70559K(71040K) Class: 11980K(12416K)->11980K(12416K)
[1295.467s][info ][gc             ] GC(110) Pause Young (Allocation Failure) 2244M->323M(2334M) 6.770ms
[1295.467s][info ][gc,cpu         ] GC(110) User=0.01s Sys=0.00s Real=0.00s
[1295.467s][info ][safepoint      ] Safepoint "ParallelGCFailedAllocation", Time since last: 536303871 ns, Reaching safepoint: 3700 ns, Cleanup: 31400 ns, At safepoint: 6831200 ns, Total: 6866300 ns
[1301.468s][info ][safepoint      ] Safepoint "Cleanup", Time since last: 6000453972 ns, Reaching safepoint: 6500 ns, Cleanup: 47100 ns, At safepoint: 8500 ns, Total: 62100 ns
[1303.468s][info ][safepoint      ] Safepoint "Cleanup", Time since last: 2000176171 ns, Reaching safepoint: 72600 ns, Cleanup: 32600 ns, At safepoint: 3100 ns, Total: 108300 ns
[1305.262s][info ][gc,start       ] GC(111) Pause Young (Allocation Failure)
[1305.268s][debug][gc,phases      ] GC(111) Scavenge 5.885ms
[1305.268s][debug][gc,ref         ] GC(111) Skipped phase 1 of Reference Processing: no references
[1305.268s][debug][gc,ref         ] GC(111) Skipped phase 2 of Reference Processing: no references
[1305.268s][debug][gc,ref         ] GC(111) Skipped phase 3 of Reference Processing: no references
[1305.268s][debug][gc,ref         ] GC(111) ReferenceProcessor::execute queues: 1, RefProcThreadModel::Single, marks_oops_alive: false
[1305.268s][debug][gc,phases      ] GC(111) Reference Processing 0.114ms
[1305.268s][debug][gc,phases      ] GC(111)   VM Weak                        Min:  0.0, Avg:  0.0, Max:  0.0, Diff:  0.0, Sum:  0.0, Workers: 4
[1305.268s][debug][gc,phases      ] GC(111)     Dead                           Min: 0, Avg:  0.0, Max: 0, Diff: 0, Sum: 0, Workers: 4
[1305.268s][debug][gc,phases      ] GC(111)     Total                          Min: 0, Avg: 181.0, Max: 724, Diff: 724, Sum: 724, Workers: 4
[1305.268s][debug][gc,phases      ] GC(111)   ObjectSynchronizer Weak        Min:  0.0, Avg:  0.0, Max:  0.0, Diff:  0.0, Sum:  0.0, Workers: 4
[1305.268s][debug][gc,phases      ] GC(111)     Dead                           Min: 0, Avg:  0.0, Max: 0, Diff: 0, Sum: 0, Workers: 4
[1305.268s][debug][gc,phases      ] GC(111)     Total                          Min: 0, Avg:  1.2, Max: 5, Diff: 5, Sum: 5, Workers: 4
[1305.268s][debug][gc,phases      ] GC(111)   JVMTI Tag Weak OopStorage      Min:  0.0, Avg:  0.0, Max:  0.0, Diff:  0.0, Sum:  0.0, Workers: 4
[1305.268s][debug][gc,phases      ] GC(111)     Dead                           Min: 0, Avg:  0.0, Max: 0, Diff: 0, Sum: 0, Workers: 4
[1305.268s][debug][gc,phases      ] GC(111)     Total                          Min: 0, Avg:  0.0, Max: 0, Diff: 0, Sum: 0, Workers: 4
[1305.268s][debug][gc,phases      ] GC(111)   StringTable Weak               Min:  0.0, Avg:  0.1, Max:  0.1, Diff:  0.1, Sum:  0.4, Workers: 4
[1305.268s][debug][gc,phases      ] GC(111)     Dead                           Min: 0, Avg:  0.0, Max: 0, Diff: 0, Sum: 0, Workers: 4
[1305.268s][debug][gc,phases      ] GC(111)     Total                          Min: 0, Avg: 10885.2, Max: 15616, Diff: 15616, Sum: 43541, Workers: 4
[1305.268s][debug][gc,phases      ] GC(111)   ResolvedMethodTable Weak       Min:  0.0, Avg:  0.0, Max:  0.0, Diff:  0.0, Sum:  0.1, Workers: 4
[1305.268s][debug][gc,phases      ] GC(111)     Dead                           Min: 0, Avg:  0.0, Max: 0, Diff: 0, Sum: 0, Workers: 4
[1305.268s][debug][gc,phases      ] GC(111)     Total                          Min: 0, Avg: 2421.8, Max: 3415, Diff: 3415, Sum: 9687, Workers: 4
[1305.268s][debug][gc,phases      ] GC(111)   JNI Weak                       Min:  0.0, Avg:  0.0, Max:  0.0, Diff:  0.0, Sum:  0.0, Workers: 4
[1305.268s][debug][gc,phases      ] GC(111)     Dead                           Min: 0, Avg:  0.0, Max: 0, Diff: 0, Sum: 0, Workers: 4
[1305.268s][debug][gc,phases      ] GC(111)     Total                          Min: 0, Avg: 11.2, Max: 45, Diff: 45, Sum: 45, Workers: 4
[1305.268s][debug][gc,phases      ] GC(111)   StringDedup Table Weak         Min:  0.0, Avg:  0.0, Max:  0.0, Diff:  0.0, Sum:  0.0, Workers: 4
[1305.268s][debug][gc,phases      ] GC(111)     Dead                           Min: 0, Avg:  0.0, Max: 0, Diff: 0, Sum: 0, Workers: 4
[1305.268s][debug][gc,phases      ] GC(111)     Total                          Min: 0, Avg:  0.0, Max: 0, Diff: 0, Sum: 0, Workers: 4
[1305.268s][debug][gc,phases      ] GC(111)   StringDedup Requests0 Weak     Min:  0.0, Avg:  0.0, Max:  0.0, Diff:  0.0, Sum:  0.0, Workers: 4
[1305.268s][debug][gc,phases      ] GC(111)     Dead                           Min: 0, Avg:  0.0, Max: 0, Diff: 0, Sum: 0, Workers: 4
[1305.268s][debug][gc,phases      ] GC(111)     Total                          Min: 0, Avg:  0.0, Max: 0, Diff: 0, Sum: 0, Workers: 4
[1305.268s][debug][gc,phases      ] GC(111)   StringDedup Requests1 Weak     Min:  0.0, Avg:  0.0, Max:  0.0, Diff:  0.0, Sum:  0.0, Workers: 4
[1305.268s][debug][gc,phases      ] GC(111)     Dead                           Min: 0, Avg:  0.0, Max: 0, Diff: 0, Sum: 0, Workers: 4
[1305.268s][debug][gc,phases      ] GC(111)     Total                          Min: 0, Avg:  0.0, Max: 0, Diff: 0, Sum: 0, Workers: 4
[1305.268s][debug][gc,phases      ] GC(111)   Weak JFR Old Object Samples    Min:  0.0, Avg:  0.0, Max:  0.0, Diff:  0.0, Sum:  0.0, Workers: 4
[1305.269s][debug][gc,phases      ] GC(111)     Dead                           Min: 0, Avg:  0.0, Max: 0, Diff: 0, Sum: 0, Workers: 4
[1305.269s][debug][gc,phases      ] GC(111)     Total                          Min: 0, Avg:  0.0, Max: 0, Diff: 0, Sum: 0, Workers: 4
[1305.269s][debug][gc,phases      ] GC(111) Weak Processing 0.341ms
[1305.269s][debug][gc,age         ] GC(111) Desired survivor size 58195968 bytes, new threshold 15 (max threshold 15)
[1305.269s][info ][gc,heap        ] GC(111) PSYoungGen: 1975584K(2030080K)->8944K(2040320K) Eden: 1966592K(1966592K)->0K(1979904K) From: 8992K(63488K)->8944K(60416K)
[1305.269s][info ][gc,heap        ] GC(111) ParOldGen: 322636K(359936K)->322636K(359936K)
[1305.269s][info ][gc,metaspace   ] GC(111) Metaspace: 82555K(83520K)->82555K(83520K) NonClass: 70574K(71104K)->70574K(71104K) Class: 11980K(12416K)->11980K(12416K)
[1305.269s][info ][gc             ] GC(111) Pause Young (Allocation Failure) 2244M->323M(2344M) 6.456ms
[1305.269s][info ][gc,cpu         ] GC(111) User=0.01s Sys=0.00s Real=0.01s
[1305.269s][info ][safepoint      ] Safepoint "ParallelGCFailedAllocation", Time since last: 1793885114 ns, Reaching safepoint: 5500 ns, Cleanup: 41100 ns, At safepoint: 6524399 ns, Total: 6570999 ns
[1306.269s][info ][safepoint      ] Safepoint "Cleanup", Time since last: 1000078485 ns, Reaching safepoint: 3900 ns, Cleanup: 32000 ns, At safepoint: 2500 ns, Total: 38400 ns
[1311.269s][info ][safepoint      ] Safepoint "Cleanup", Time since last: 5000364340 ns, Reaching safepoint: 3700 ns, Cleanup: 38700 ns, At safepoint: 9500 ns, Total: 51900 ns
[1315.161s][info ][gc,start       ] GC(112) Pause Young (Allocation Failure)
[1315.168s][debug][gc,phases      ] GC(112) Scavenge 6.419ms
[1315.168s][debug][gc,ref         ] GC(112) Skipped phase 1 of Reference Processing: no references
[1315.168s][debug][gc,ref         ] GC(112) ReferenceProcessor::execute queues: 1, RefProcThreadModel::Single, marks_oops_alive: false
[1315.168s][debug][gc,ref         ] GC(112) Skipped phase 3 of Reference Processing: no references
[1315.168s][debug][gc,ref         ] GC(112) ReferenceProcessor::execute queues: 1, RefProcThreadModel::Single, marks_oops_alive: false
[1315.168s][debug][gc,phases      ] GC(112) Reference Processing 0.068ms
[1315.168s][debug][gc,phases      ] GC(112)   VM Weak                        Min:  0.0, Avg:  0.0, Max:  0.0, Diff:  0.0, Sum:  0.0, Workers: 4
[1315.168s][debug][gc,phases      ] GC(112)     Dead                           Min: 0, Avg:  0.0, Max: 0, Diff: 0, Sum: 0, Workers: 4
[1315.168s][debug][gc,phases      ] GC(112)     Total                          Min: 0, Avg: 181.0, Max: 384, Diff: 384, Sum: 724, Workers: 4
[1315.168s][debug][gc,phases      ] GC(112)   ObjectSynchronizer Weak        Min:  0.0, Avg:  0.0, Max:  0.0, Diff:  0.0, Sum:  0.0, Workers: 4
[1315.168s][debug][gc,phases      ] GC(112)     Dead                           Min: 0, Avg:  0.0, Max: 0, Diff: 0, Sum: 0, Workers: 4
[1315.168s][debug][gc,phases      ] GC(112)     Total                          Min: 0, Avg:  1.2, Max: 5, Diff: 5, Sum: 5, Workers: 4
[1315.168s][debug][gc,phases      ] GC(112)   JVMTI Tag Weak OopStorage      Min:  0.0, Avg:  0.0, Max:  0.0, Diff:  0.0, Sum:  0.0, Workers: 4
[1315.168s][debug][gc,phases      ] GC(112)     Dead                           Min: 0, Avg:  0.0, Max: 0, Diff: 0, Sum: 0, Workers: 4
[1315.168s][debug][gc,phases      ] GC(112)     Total                          Min: 0, Avg:  0.0, Max: 0, Diff: 0, Sum: 0, Workers: 4
[1315.168s][debug][gc,phases      ] GC(112)   StringTable Weak               Min:  0.0, Avg:  0.1, Max:  0.1, Diff:  0.1, Sum:  0.4, Workers: 4
[1315.168s][debug][gc,phases      ] GC(112)     Dead                           Min: 0, Avg:  0.0, Max: 0, Diff: 0, Sum: 0, Workers: 4
[1315.168s][debug][gc,phases      ] GC(112)     Total                          Min: 0, Avg: 10885.2, Max: 15040, Diff: 15040, Sum: 43541, Workers: 4
[1315.168s][debug][gc,phases      ] GC(112)   ResolvedMethodTable Weak       Min:  0.0, Avg:  0.0, Max:  0.0, Diff:  0.0, Sum:  0.1, Workers: 4
[1315.168s][debug][gc,phases      ] GC(112)     Dead                           Min: 0, Avg:  0.0, Max: 0, Diff: 0, Sum: 0, Workers: 4
[1315.168s][debug][gc,phases      ] GC(112)     Total                          Min: 0, Avg: 2421.8, Max: 3519, Diff: 3519, Sum: 9687, Workers: 4
[1315.168s][debug][gc,phases      ] GC(112)   JNI Weak                       Min:  0.0, Avg:  0.0, Max:  0.0, Diff:  0.0, Sum:  0.0, Workers: 4
[1315.168s][debug][gc,phases      ] GC(112)     Dead                           Min: 0, Avg:  0.0, Max: 0, Diff: 0, Sum: 0, Workers: 4
[1315.168s][debug][gc,phases      ] GC(112)     Total                          Min: 0, Avg: 11.2, Max: 45, Diff: 45, Sum: 45, Workers: 4
[1315.168s][debug][gc,phases      ] GC(112)   StringDedup Table Weak         Min:  0.0, Avg:  0.0, Max:  0.0, Diff:  0.0, Sum:  0.0, Workers: 4
[1315.168s][debug][gc,phases      ] GC(112)     Dead                           Min: 0, Avg:  0.0, Max: 0, Diff: 0, Sum: 0, Workers: 4
[1315.168s][debug][gc,phases      ] GC(112)     Total                          Min: 0, Avg:  0.0, Max: 0, Diff: 0, Sum: 0, Workers: 4
[1315.168s][debug][gc,phases      ] GC(112)   StringDedup Requests0 Weak     Min:  0.0, Avg:  0.0, Max:  0.0, Diff:  0.0, Sum:  0.0, Workers: 4
[1315.168s][debug][gc,phases      ] GC(112)     Dead                           Min: 0, Avg:  0.0, Max: 0, Diff: 0, Sum: 0, Workers: 4
[1315.168s][debug][gc,phases      ] GC(112)     Total                          Min: 0, Avg:  0.0, Max: 0, Diff: 0, Sum: 0, Workers: 4
[1315.168s][debug][gc,phases      ] GC(112)   StringDedup Requests1 Weak     Min:  0.0, Avg:  0.0, Max:  0.0, Diff:  0.0, Sum:  0.0, Workers: 4
[1315.168s][debug][gc,phases      ] GC(112)     Dead                           Min: 0, Avg:  0.0, Max: 0, Diff: 0, Sum: 0, Workers: 4
[1315.168s][debug][gc,phases      ] GC(112)     Total                          Min: 0, Avg:  0.0, Max: 0, Diff: 0, Sum: 0, Workers: 4
[1315.168s][debug][gc,phases      ] GC(112)   Weak JFR Old Object Samples    Min:  0.0, Avg:  0.0, Max:  0.0, Diff:  0.0, Sum:  0.0, Workers: 4
[1315.168s][debug][gc,phases      ] GC(112)     Dead                           Min: 0, Avg:  0.0, Max: 0, Diff: 0, Sum: 0, Workers: 4
[1315.168s][debug][gc,phases      ] GC(112)     Total                          Min: 0, Avg:  0.0, Max: 0, Diff: 0, Sum: 0, Workers: 4
[1315.168s][debug][gc,phases      ] GC(112) Weak Processing 0.345ms
[1315.168s][debug][gc,age         ] GC(112) Desired survivor size 55050240 bytes, new threshold 15 (max threshold 15)
[1315.168s][info ][gc,heap        ] GC(112) PSYoungGen: 1988848K(2040320K)->8912K(2036736K) Eden: 1979904K(1979904K)->0K(1979904K) From: 8944K(60416K)->8912K(56832K)
[1315.168s][info ][gc,heap        ] GC(112) ParOldGen: 322636K(359936K)->322636K(359936K)
[1315.168s][info ][gc,metaspace   ] GC(112) Metaspace: 82557K(83520K)->82557K(83520K) NonClass: 70576K(71104K)->70576K(71104K) Class: 11980K(12416K)->11980K(12416K)
[1315.168s][info ][gc             ] GC(112) Pause Young (Allocation Failure) 2257M->323M(2340M) 6.930ms
[1315.168s][info ][gc,cpu         ] GC(112) User=0.01s Sys=0.00s Real=0.01s
[1315.168s][info ][safepoint      ] Safepoint "ParallelGCFailedAllocation", Time since last: 3891996080 ns, Reaching safepoint: 4200 ns, Cleanup: 19600 ns, At safepoint: 6998998 ns, Total: 7022798 ns
[1317.169s][info ][safepoint      ] Safepoint "Cleanup", Time since last: 2000413187 ns, Reaching safepoint: 74600 ns, Cleanup: 34300 ns, At safepoint: 6300 ns, Total: 115200 ns
[1324.813s][info ][gc,start       ] GC(113) Pause Young (Allocation Failure)
[1324.818s][debug][gc,phases      ] GC(113) Scavenge 5.815ms
[1324.818s][debug][gc,ref         ] GC(113) Skipped phase 1 of Reference Processing: no references
[1324.818s][debug][gc,ref         ] GC(113) ReferenceProcessor::execute queues: 1, RefProcThreadModel::Single, marks_oops_alive: false
[1324.819s][debug][gc,ref         ] GC(113) Skipped phase 3 of Reference Processing: no references
[1324.819s][debug][gc,ref         ] GC(113) ReferenceProcessor::execute queues: 1, RefProcThreadModel::Single, marks_oops_alive: false
[1324.819s][debug][gc,phases      ] GC(113) Reference Processing 0.093ms
[1324.819s][debug][gc,phases      ] GC(113)   VM Weak                        Min:  0.0, Avg:  0.0, Max:  0.0, Diff:  0.0, Sum:  0.0, Workers: 4
[1324.819s][debug][gc,phases      ] GC(113)     Dead                           Min: 0, Avg:  0.0, Max: 0, Diff: 0, Sum: 0, Workers: 4
[1324.819s][debug][gc,phases      ] GC(113)     Total                          Min: 0, Avg: 181.0, Max: 532, Diff: 532, Sum: 724, Workers: 4
[1324.819s][debug][gc,phases      ] GC(113)   ObjectSynchronizer Weak        Min:  0.0, Avg:  0.0, Max:  0.0, Diff:  0.0, Sum:  0.0, Workers: 4
[1324.819s][debug][gc,phases      ] GC(113)     Dead                           Min: 0, Avg:  0.0, Max: 0, Diff: 0, Sum: 0, Workers: 4
[1324.819s][debug][gc,phases      ] GC(113)     Total                          Min: 0, Avg:  1.2, Max: 5, Diff: 5, Sum: 5, Workers: 4
[1324.819s][debug][gc,phases      ] GC(113)   JVMTI Tag Weak OopStorage      Min:  0.0, Avg:  0.0, Max:  0.0, Diff:  0.0, Sum:  0.0, Workers: 4
[1324.819s][debug][gc,phases      ] GC(113)     Dead                           Min: 0, Avg:  0.0, Max: 0, Diff: 0, Sum: 0, Workers: 4
[1324.819s][debug][gc,phases      ] GC(113)     Total                          Min: 0, Avg:  0.0, Max: 0, Diff: 0, Sum: 0, Workers: 4
[1324.819s][debug][gc,phases      ] GC(113)   StringTable Weak               Min:  0.0, Avg:  0.1, Max:  0.1, Diff:  0.1, Sum:  0.4, Workers: 4
[1324.819s][debug][gc,phases      ] GC(113)     Dead                           Min: 0, Avg:  0.0, Max: 0, Diff: 0, Sum: 0, Workers: 4
[1324.819s][debug][gc,phases      ] GC(113)     Total                          Min: 0, Avg: 10885.5, Max: 15552, Diff: 15552, Sum: 43542, Workers: 4
[1324.819s][debug][gc,phases      ] GC(113)   ResolvedMethodTable Weak       Min:  0.0, Avg:  0.0, Max:  0.0, Diff:  0.0, Sum:  0.1, Workers: 4
[1324.819s][debug][gc,phases      ] GC(113)     Dead                           Min: 0, Avg:  0.0, Max: 0, Diff: 0, Sum: 0, Workers: 4
[1324.819s][debug][gc,phases      ] GC(113)     Total                          Min: 0, Avg: 2421.8, Max: 3455, Diff: 3455, Sum: 9687, Workers: 4
[1324.819s][debug][gc,phases      ] GC(113)   JNI Weak                       Min:  0.0, Avg:  0.0, Max:  0.0, Diff:  0.0, Sum:  0.0, Workers: 4
[1324.819s][debug][gc,phases      ] GC(113)     Dead                           Min: 0, Avg:  0.0, Max: 0, Diff: 0, Sum: 0, Workers: 4
[1324.819s][debug][gc,phases      ] GC(113)     Total                          Min: 0, Avg: 11.2, Max: 45, Diff: 45, Sum: 45, Workers: 4
[1324.819s][debug][gc,phases      ] GC(113)   StringDedup Table Weak         Min:  0.0, Avg:  0.0, Max:  0.0, Diff:  0.0, Sum:  0.0, Workers: 4
[1324.819s][debug][gc,phases      ] GC(113)     Dead                           Min: 0, Avg:  0.0, Max: 0, Diff: 0, Sum: 0, Workers: 4
[1324.819s][debug][gc,phases      ] GC(113)     Total                          Min: 0, Avg:  0.0, Max: 0, Diff: 0, Sum: 0, Workers: 4
[1324.819s][debug][gc,phases      ] GC(113)   StringDedup Requests0 Weak     Min:  0.0, Avg:  0.0, Max:  0.0, Diff:  0.0, Sum:  0.0, Workers: 4
[1324.819s][debug][gc,phases      ] GC(113)     Dead                           Min: 0, Avg:  0.0, Max: 0, Diff: 0, Sum: 0, Workers: 4
[1324.819s][debug][gc,phases      ] GC(113)     Total                          Min: 0, Avg:  0.0, Max: 0, Diff: 0, Sum: 0, Workers: 4
[1324.819s][debug][gc,phases      ] GC(113)   StringDedup Requests1 Weak     Min:  0.0, Avg:  0.0, Max:  0.0, Diff:  0.0, Sum:  0.0, Workers: 4
[1324.819s][debug][gc,phases      ] GC(113)     Dead                           Min: 0, Avg:  0.0, Max: 0, Diff: 0, Sum: 0, Workers: 4
[1324.819s][debug][gc,phases      ] GC(113)     Total                          Min: 0, Avg:  0.0, Max: 0, Diff: 0, Sum: 0, Workers: 4
[1324.819s][debug][gc,phases      ] GC(113)   Weak JFR Old Object Samples    Min:  0.0, Avg:  0.0, Max:  0.0, Diff:  0.0, Sum:  0.0, Workers: 4
[1324.819s][debug][gc,phases      ] GC(113)     Dead                           Min: 0, Avg:  0.0, Max: 0, Diff: 0, Sum: 0, Workers: 4
[1324.819s][debug][gc,phases      ] GC(113)     Total                          Min: 0, Avg:  0.0, Max: 0, Diff: 0, Sum: 0, Workers: 4
[1324.819s][debug][gc,phases      ] GC(113) Weak Processing 0.329ms
[1324.819s][debug][gc,age         ] GC(113) Desired survivor size 51904512 bytes, new threshold 15 (max threshold 15)
[1324.819s][info ][gc,heap        ] GC(113) PSYoungGen: 1988816K(2036736K)->9008K(2046464K) Eden: 1979904K(1979904K)->0K(1992704K) From: 8912K(56832K)->9008K(53760K)
[1324.819s][info ][gc,heap        ] GC(113) ParOldGen: 322636K(359936K)->322636K(359936K)
[1324.819s][info ][gc,metaspace   ] GC(113) Metaspace: 82557K(83520K)->82557K(83520K) NonClass: 70576K(71104K)->70576K(71104K) Class: 11980K(12416K)->11980K(12416K)
[1324.819s][info ][gc             ] GC(113) Pause Young (Allocation Failure) 2257M->323M(2350M) 6.339ms
[1324.819s][info ][gc,cpu         ] GC(113) User=0.02s Sys=0.00s Real=0.00s
[1324.819s][info ][safepoint      ] Safepoint "ParallelGCFailedAllocation", Time since last: 7643821534 ns, Reaching safepoint: 4400 ns, Cleanup: 25200 ns, At safepoint: 6408699 ns, Total: 6438299 ns
[1327.819s][info ][safepoint      ] Safepoint "Cleanup", Time since last: 3000212489 ns, Reaching safepoint: 4200 ns, Cleanup: 39300 ns, At safepoint: 4900 ns, Total: 48400 ns
[1331.820s][info ][safepoint      ] Safepoint "Cleanup", Time since last: 4000300888 ns, Reaching safepoint: 4800 ns, Cleanup: 42300 ns, At safepoint: 2600 ns, Total: 49700 ns
[1332.820s][info ][safepoint      ] Safepoint "Cleanup", Time since last: 1000112108 ns, Reaching safepoint: 5000 ns, Cleanup: 37400 ns, At safepoint: 2900 ns, Total: 45300 ns
[1334.414s][info ][gc,start       ] GC(114) Pause Young (Allocation Failure)
[1334.421s][debug][gc,phases      ] GC(114) Scavenge 6.789ms
[1334.421s][debug][gc,ref         ] GC(114) Skipped phase 1 of Reference Processing: no references
[1334.421s][debug][gc,ref         ] GC(114) ReferenceProcessor::execute queues: 1, RefProcThreadModel::Single, marks_oops_alive: false
[1334.421s][debug][gc,ref         ] GC(114) Skipped phase 3 of Reference Processing: no references
[1334.421s][debug][gc,ref         ] GC(114) ReferenceProcessor::execute queues: 1, RefProcThreadModel::Single, marks_oops_alive: false
[1334.421s][debug][gc,phases      ] GC(114) Reference Processing 0.087ms
[1334.421s][debug][gc,phases      ] GC(114)   VM Weak                        Min:  0.0, Avg:  0.0, Max:  0.0, Diff:  0.0, Sum:  0.0, Workers: 4
[1334.421s][debug][gc,phases      ] GC(114)     Dead                           Min: 0, Avg:  0.0, Max: 0, Diff: 0, Sum: 0, Workers: 4
[1334.421s][debug][gc,phases      ] GC(114)     Total                          Min: 0, Avg: 181.0, Max: 660, Diff: 660, Sum: 724, Workers: 4
[1334.421s][debug][gc,phases      ] GC(114)   ObjectSynchronizer Weak        Min:  0.0, Avg:  0.0, Max:  0.0, Diff:  0.0, Sum:  0.0, Workers: 4
[1334.421s][debug][gc,phases      ] GC(114)     Dead                           Min: 0, Avg:  0.0, Max: 0, Diff: 0, Sum: 0, Workers: 4
[1334.421s][debug][gc,phases      ] GC(114)     Total                          Min: 0, Avg:  1.2, Max: 5, Diff: 5, Sum: 5, Workers: 4
[1334.421s][debug][gc,phases      ] GC(114)   JVMTI Tag Weak OopStorage      Min:  0.0, Avg:  0.0, Max:  0.0, Diff:  0.0, Sum:  0.0, Workers: 4
[1334.421s][debug][gc,phases      ] GC(114)     Dead                           Min: 0, Avg:  0.0, Max: 0, Diff: 0, Sum: 0, Workers: 4
[1334.421s][debug][gc,phases      ] GC(114)     Total                          Min: 0, Avg:  0.0, Max: 0, Diff: 0, Sum: 0, Workers: 4
[1334.421s][debug][gc,phases      ] GC(114)   StringTable Weak               Min:  0.0, Avg:  0.1, Max:  0.2, Diff:  0.2, Sum:  0.3, Workers: 4
[1334.421s][debug][gc,phases      ] GC(114)     Dead                           Min: 0, Avg:  0.0, Max: 0, Diff: 0, Sum: 0, Workers: 4
[1334.421s][debug][gc,phases      ] GC(114)     Total                          Min: 0, Avg: 10885.5, Max: 27200, Diff: 27200, Sum: 43542, Workers: 4
[1334.421s][debug][gc,phases      ] GC(114)   ResolvedMethodTable Weak       Min:  0.0, Avg:  0.0, Max:  0.0, Diff:  0.0, Sum:  0.1, Workers: 4
[1334.421s][debug][gc,phases      ] GC(114)     Dead                           Min: 0, Avg:  0.0, Max: 0, Diff: 0, Sum: 0, Workers: 4
[1334.421s][debug][gc,phases      ] GC(114)     Total                          Min: 0, Avg: 2421.8, Max: 6079, Diff: 6079, Sum: 9687, Workers: 4
[1334.421s][debug][gc,phases      ] GC(114)   JNI Weak                       Min:  0.0, Avg:  0.0, Max:  0.0, Diff:  0.0, Sum:  0.0, Workers: 4
[1334.421s][debug][gc,phases      ] GC(114)     Dead                           Min: 0, Avg:  0.0, Max: 0, Diff: 0, Sum: 0, Workers: 4
[1334.421s][debug][gc,phases      ] GC(114)     Total                          Min: 0, Avg: 11.2, Max: 45, Diff: 45, Sum: 45, Workers: 4
[1334.421s][debug][gc,phases      ] GC(114)   StringDedup Table Weak         Min:  0.0, Avg:  0.0, Max:  0.0, Diff:  0.0, Sum:  0.0, Workers: 4
[1334.421s][debug][gc,phases      ] GC(114)     Dead                           Min: 0, Avg:  0.0, Max: 0, Diff: 0, Sum: 0, Workers: 4
[1334.421s][debug][gc,phases      ] GC(114)     Total                          Min: 0, Avg:  0.0, Max: 0, Diff: 0, Sum: 0, Workers: 4
[1334.421s][debug][gc,phases      ] GC(114)   StringDedup Requests0 Weak     Min:  0.0, Avg:  0.0, Max:  0.0, Diff:  0.0, Sum:  0.0, Workers: 4
[1334.421s][debug][gc,phases      ] GC(114)     Dead                           Min: 0, Avg:  0.0, Max: 0, Diff: 0, Sum: 0, Workers: 4
[1334.421s][debug][gc,phases      ] GC(114)     Total                          Min: 0, Avg:  0.0, Max: 0, Diff: 0, Sum: 0, Workers: 4
[1334.421s][debug][gc,phases      ] GC(114)   StringDedup Requests1 Weak     Min:  0.0, Avg:  0.0, Max:  0.0, Diff:  0.0, Sum:  0.0, Workers: 4
[1334.421s][debug][gc,phases      ] GC(114)     Dead                           Min: 0, Avg:  0.0, Max: 0, Diff: 0, Sum: 0, Workers: 4
[1334.421s][debug][gc,phases      ] GC(114)     Total                          Min: 0, Avg:  0.0, Max: 0, Diff: 0, Sum: 0, Workers: 4
[1334.421s][debug][gc,phases      ] GC(114)   Weak JFR Old Object Samples    Min:  0.0, Avg:  0.0, Max:  0.0, Diff:  0.0, Sum:  0.0, Workers: 4
[1334.421s][debug][gc,phases      ] GC(114)     Dead                           Min: 0, Avg:  0.0, Max: 0, Diff: 0, Sum: 0, Workers: 4
[1334.421s][debug][gc,phases      ] GC(114)     Total                          Min: 0, Avg:  0.0, Max: 0, Diff: 0, Sum: 0, Workers: 4
[1334.421s][debug][gc,phases      ] GC(114) Weak Processing 0.363ms
[1334.421s][debug][gc,age         ] GC(114) Desired survivor size 49283072 bytes, new threshold 15 (max threshold 15)
[1334.421s][info ][gc,heap        ] GC(114) PSYoungGen: 2001712K(2046464K)->8992K(2043392K) Eden: 1992704K(1992704K)->0K(1992704K) From: 9008K(53760K)->8992K(50688K)
[1334.421s][info ][gc,heap        ] GC(114) ParOldGen: 322636K(359936K)->322636K(359936K)
[1334.421s][info ][gc,metaspace   ] GC(114) Metaspace: 82561K(83520K)->82561K(83520K) NonClass: 70580K(71104K)->70580K(71104K) Class: 11980K(12416K)->11980K(12416K)
[1334.421s][info ][gc             ] GC(114) Pause Young (Allocation Failure) 2269M->323M(2347M) 7.340ms
[1334.421s][info ][gc,cpu         ] GC(114) User=0.02s Sys=0.00s Real=0.01s
[1334.421s][info ][safepoint      ] Safepoint "ParallelGCFailedAllocation", Time since last: 1593992092 ns, Reaching safepoint: 80600 ns, Cleanup: 39500 ns, At safepoint: 7415599 ns, Total: 7535699 ns
[1336.421s][info ][safepoint      ] Safepoint "Cleanup", Time since last: 2000150014 ns, Reaching safepoint: 4300 ns, Cleanup: 27100 ns, At safepoint: 3000 ns, Total: 34400 ns
[1344.084s][info ][gc,start       ] GC(115) Pause Young (Allocation Failure)
[1344.090s][debug][gc,phases      ] GC(115) Scavenge 5.499ms
[1344.090s][debug][gc,ref         ] GC(115) Skipped phase 1 of Reference Processing: no references
[1344.090s][debug][gc,ref         ] GC(115) ReferenceProcessor::execute queues: 1, RefProcThreadModel::Single, marks_oops_alive: false
[1344.090s][debug][gc,ref         ] GC(115) Skipped phase 3 of Reference Processing: no references
[1344.090s][debug][gc,ref         ] GC(115) ReferenceProcessor::execute queues: 1, RefProcThreadModel::Single, marks_oops_alive: false
[1344.090s][debug][gc,phases      ] GC(115) Reference Processing 0.088ms
[1344.090s][debug][gc,phases      ] GC(115)   VM Weak                        Min:  0.0, Avg:  0.0, Max:  0.0, Diff:  0.0, Sum:  0.0, Workers: 4
[1344.090s][debug][gc,phases      ] GC(115)     Dead                           Min: 0, Avg:  0.0, Max: 0, Diff: 0, Sum: 0, Workers: 4
[1344.090s][debug][gc,phases      ] GC(115)     Total                          Min: 0, Avg: 181.0, Max: 724, Diff: 724, Sum: 724, Workers: 4
[1344.090s][debug][gc,phases      ] GC(115)   ObjectSynchronizer Weak        Min:  0.0, Avg:  0.0, Max:  0.0, Diff:  0.0, Sum:  0.0, Workers: 4
[1344.090s][debug][gc,phases      ] GC(115)     Dead                           Min: 0, Avg:  0.0, Max: 0, Diff: 0, Sum: 0, Workers: 4
[1344.090s][debug][gc,phases      ] GC(115)     Total                          Min: 0, Avg:  1.2, Max: 5, Diff: 5, Sum: 5, Workers: 4
[1344.090s][debug][gc,phases      ] GC(115)   JVMTI Tag Weak OopStorage      Min:  0.0, Avg:  0.0, Max:  0.0, Diff:  0.0, Sum:  0.0, Workers: 4
[1344.090s][debug][gc,phases      ] GC(115)     Dead                           Min: 0, Avg:  0.0, Max: 0, Diff: 0, Sum: 0, Workers: 4
[1344.090s][debug][gc,phases      ] GC(115)     Total                          Min: 0, Avg:  0.0, Max: 0, Diff: 0, Sum: 0, Workers: 4
[1344.090s][debug][gc,phases      ] GC(115)   StringTable Weak               Min:  0.0, Avg:  0.1, Max:  0.1, Diff:  0.1, Sum:  0.3, Workers: 4
[1344.090s][debug][gc,phases      ] GC(115)     Dead                           Min: 0, Avg:  0.0, Max: 0, Diff: 0, Sum: 0, Workers: 4
[1344.090s][debug][gc,phases      ] GC(115)     Total                          Min: 0, Avg: 10885.8, Max: 18816, Diff: 18816, Sum: 43543, Workers: 4
[1344.090s][debug][gc,phases      ] GC(115)   ResolvedMethodTable Weak       Min:  0.0, Avg:  0.0, Max:  0.0, Diff:  0.0, Sum:  0.1, Workers: 4
[1344.090s][debug][gc,phases      ] GC(115)     Dead                           Min: 0, Avg:  0.0, Max: 0, Diff: 0, Sum: 0, Workers: 4
[1344.090s][debug][gc,phases      ] GC(115)     Total                          Min: 0, Avg: 2421.8, Max: 4160, Diff: 4160, Sum: 9687, Workers: 4
[1344.090s][debug][gc,phases      ] GC(115)   JNI Weak                       Min:  0.0, Avg:  0.0, Max:  0.0, Diff:  0.0, Sum:  0.0, Workers: 4
[1344.090s][debug][gc,phases      ] GC(115)     Dead                           Min: 0, Avg:  0.0, Max: 0, Diff: 0, Sum: 0, Workers: 4
[1344.090s][debug][gc,phases      ] GC(115)     Total                          Min: 0, Avg: 11.2, Max: 45, Diff: 45, Sum: 45, Workers: 4
[1344.090s][debug][gc,phases      ] GC(115)   StringDedup Table Weak         Min:  0.0, Avg:  0.0, Max:  0.0, Diff:  0.0, Sum:  0.0, Workers: 4
[1344.090s][debug][gc,phases      ] GC(115)     Dead                           Min: 0, Avg:  0.0, Max: 0, Diff: 0, Sum: 0, Workers: 4
[1344.090s][debug][gc,phases      ] GC(115)     Total                          Min: 0, Avg:  0.0, Max: 0, Diff: 0, Sum: 0, Workers: 4
[1344.090s][debug][gc,phases      ] GC(115)   StringDedup Requests0 Weak     Min:  0.0, Avg:  0.0, Max:  0.0, Diff:  0.0, Sum:  0.0, Workers: 4
[1344.090s][debug][gc,phases      ] GC(115)     Dead                           Min: 0, Avg:  0.0, Max: 0, Diff: 0, Sum: 0, Workers: 4
[1344.090s][debug][gc,phases      ] GC(115)     Total                          Min: 0, Avg:  0.0, Max: 0, Diff: 0, Sum: 0, Workers: 4
[1344.090s][debug][gc,phases      ] GC(115)   StringDedup Requests1 Weak     Min:  0.0, Avg:  0.0, Max:  0.0, Diff:  0.0, Sum:  0.0, Workers: 4
[1344.090s][debug][gc,phases      ] GC(115)     Dead                           Min: 0, Avg:  0.0, Max: 0, Diff: 0, Sum: 0, Workers: 4
[1344.090s][debug][gc,phases      ] GC(115)     Total                          Min: 0, Avg:  0.0, Max: 0, Diff: 0, Sum: 0, Workers: 4
[1344.090s][debug][gc,phases      ] GC(115)   Weak JFR Old Object Samples    Min:  0.0, Avg:  0.0, Max:  0.0, Diff:  0.0, Sum:  0.0, Workers: 4
[1344.090s][debug][gc,phases      ] GC(115)     Dead                           Min: 0, Avg:  0.0, Max: 0, Diff: 0, Sum: 0, Workers: 4
[1344.090s][debug][gc,phases      ] GC(115)     Total                          Min: 0, Avg:  0.0, Max: 0, Diff: 0, Sum: 0, Workers: 4
[1344.090s][debug][gc,phases      ] GC(115) Weak Processing 0.316ms
[1344.090s][debug][gc,age         ] GC(115) Desired survivor size 47710208 bytes, new threshold 15 (max threshold 15)
[1344.090s][info ][gc,heap        ] GC(115) PSYoungGen: 2001696K(2043392K)->1152K(2050560K) Eden: 1992704K(1992704K)->0K(2002432K) From: 8992K(50688K)->1152K(48128K)
[1344.090s][info ][gc,heap        ] GC(115) ParOldGen: 322636K(359936K)->330812K(359936K)
[1344.090s][info ][gc,metaspace   ] GC(115) Metaspace: 82574K(83520K)->82574K(83520K) NonClass: 70593K(71104K)->70593K(71104K) Class: 11980K(12416K)->11980K(12416K)
[1344.090s][info ][gc             ] GC(115) Pause Young (Allocation Failure) 2269M->324M(2354M) 6.015ms
[1344.090s][info ][gc,cpu         ] GC(115) User=0.02s Sys=0.00s Real=0.01s
[1344.090s][info ][safepoint      ] Safepoint "ParallelGCFailedAllocation", Time since last: 7662748613 ns, Reaching safepoint: 4200 ns, Cleanup: 21200 ns, At safepoint: 6089999 ns, Total: 6115399 ns
[1347.090s][info ][safepoint      ] Safepoint "Cleanup", Time since last: 3000152915 ns, Reaching safepoint: 10700 ns, Cleanup: 36200 ns, At safepoint: 19900 ns, Total: 66800 ns
[1349.091s][info ][safepoint      ] Safepoint "Cleanup", Time since last: 2000164705 ns, Reaching safepoint: 4000 ns, Cleanup: 26800 ns, At safepoint: 2500 ns, Total: 33300 ns
[1353.667s][info ][gc,start       ] GC(116) Pause Young (Allocation Failure)
[1353.670s][debug][gc,phases      ] GC(116) Scavenge 3.125ms
[1353.670s][debug][gc,ref         ] GC(116) Skipped phase 1 of Reference Processing: no references
[1353.670s][debug][gc,ref         ] GC(116) ReferenceProcessor::execute queues: 1, RefProcThreadModel::Single, marks_oops_alive: false
[1353.670s][debug][gc,ref         ] GC(116) Skipped phase 3 of Reference Processing: no references
[1353.670s][debug][gc,ref         ] GC(116) ReferenceProcessor::execute queues: 1, RefProcThreadModel::Single, marks_oops_alive: false
[1353.670s][debug][gc,phases      ] GC(116) Reference Processing 0.128ms
[1353.670s][debug][gc,phases      ] GC(116)   VM Weak                        Min:  0.0, Avg:  0.0, Max:  0.0, Diff:  0.0, Sum:  0.0, Workers: 4
[1353.670s][debug][gc,phases      ] GC(116)     Dead                           Min: 0, Avg:  0.0, Max: 0, Diff: 0, Sum: 0, Workers: 4
[1353.670s][debug][gc,phases      ] GC(116)     Total                          Min: 0, Avg: 181.0, Max: 448, Diff: 448, Sum: 724, Workers: 4
[1353.670s][debug][gc,phases      ] GC(116)   ObjectSynchronizer Weak        Min:  0.0, Avg:  0.0, Max:  0.0, Diff:  0.0, Sum:  0.0, Workers: 4
[1353.670s][debug][gc,phases      ] GC(116)     Dead                           Min: 0, Avg:  0.0, Max: 0, Diff: 0, Sum: 0, Workers: 4
[1353.670s][debug][gc,phases      ] GC(116)     Total                          Min: 0, Avg:  1.2, Max: 5, Diff: 5, Sum: 5, Workers: 4
[1353.670s][debug][gc,phases      ] GC(116)   JVMTI Tag Weak OopStorage      Min:  0.0, Avg:  0.0, Max:  0.0, Diff:  0.0, Sum:  0.0, Workers: 4
[1353.670s][debug][gc,phases      ] GC(116)     Dead                           Min: 0, Avg:  0.0, Max: 0, Diff: 0, Sum: 0, Workers: 4
[1353.670s][debug][gc,phases      ] GC(116)     Total                          Min: 0, Avg:  0.0, Max: 0, Diff: 0, Sum: 0, Workers: 4
[1353.670s][debug][gc,phases      ] GC(116)   StringTable Weak               Min:  0.0, Avg:  0.1, Max:  0.2, Diff:  0.2, Sum:  0.5, Workers: 4
[1353.670s][debug][gc,phases      ] GC(116)     Dead                           Min: 0, Avg:  0.0, Max: 0, Diff: 0, Sum: 0, Workers: 4
[1353.670s][debug][gc,phases      ] GC(116)     Total                          Min: 0, Avg: 10886.2, Max: 16896, Diff: 16896, Sum: 43545, Workers: 4
[1353.670s][debug][gc,phases      ] GC(116)   ResolvedMethodTable Weak       Min:  0.0, Avg:  0.0, Max:  0.0, Diff:  0.0, Sum:  0.1, Workers: 4
[1353.670s][debug][gc,phases      ] GC(116)     Dead                           Min: 0, Avg:  0.0, Max: 0, Diff: 0, Sum: 0, Workers: 4
[1353.670s][debug][gc,phases      ] GC(116)     Total                          Min: 0, Avg: 2422.2, Max: 3328, Diff: 3328, Sum: 9689, Workers: 4
[1353.670s][debug][gc,phases      ] GC(116)   JNI Weak                       Min:  0.0, Avg:  0.0, Max:  0.0, Diff:  0.0, Sum:  0.0, Workers: 4
[1353.670s][debug][gc,phases      ] GC(116)     Dead                           Min: 0, Avg:  0.0, Max: 0, Diff: 0, Sum: 0, Workers: 4
[1353.670s][debug][gc,phases      ] GC(116)     Total                          Min: 0, Avg: 11.2, Max: 45, Diff: 45, Sum: 45, Workers: 4
[1353.670s][debug][gc,phases      ] GC(116)   StringDedup Table Weak         Min:  0.0, Avg:  0.0, Max:  0.0, Diff:  0.0, Sum:  0.0, Workers: 4
[1353.670s][debug][gc,phases      ] GC(116)     Dead                           Min: 0, Avg:  0.0, Max: 0, Diff: 0, Sum: 0, Workers: 4
[1353.670s][debug][gc,phases      ] GC(116)     Total                          Min: 0, Avg:  0.0, Max: 0, Diff: 0, Sum: 0, Workers: 4
[1353.670s][debug][gc,phases      ] GC(116)   StringDedup Requests0 Weak     Min:  0.0, Avg:  0.0, Max:  0.0, Diff:  0.0, Sum:  0.0, Workers: 4
[1353.670s][debug][gc,phases      ] GC(116)     Dead                           Min: 0, Avg:  0.0, Max: 0, Diff: 0, Sum: 0, Workers: 4
[1353.670s][debug][gc,phases      ] GC(116)     Total                          Min: 0, Avg:  0.0, Max: 0, Diff: 0, Sum: 0, Workers: 4
[1353.670s][debug][gc,phases      ] GC(116)   StringDedup Requests1 Weak     Min:  0.0, Avg:  0.0, Max:  0.0, Diff:  0.0, Sum:  0.0, Workers: 4
[1353.670s][debug][gc,phases      ] GC(116)     Dead                           Min: 0, Avg:  0.0, Max: 0, Diff: 0, Sum: 0, Workers: 4
[1353.670s][debug][gc,phases      ] GC(116)     Total                          Min: 0, Avg:  0.0, Max: 0, Diff: 0, Sum: 0, Workers: 4
[1353.670s][debug][gc,phases      ] GC(116)   Weak JFR Old Object Samples    Min:  0.0, Avg:  0.0, Max:  0.0, Diff:  0.0, Sum:  0.0, Workers: 4
[1353.670s][debug][gc,phases      ] GC(116)     Dead                           Min: 0, Avg:  0.0, Max: 0, Diff: 0, Sum: 0, Workers: 4
[1353.670s][debug][gc,phases      ] GC(116)     Total                          Min: 0, Avg:  0.0, Max: 0, Diff: 0, Sum: 0, Workers: 4
[1353.670s][debug][gc,phases      ] GC(116) Weak Processing 0.462ms
[1353.670s][debug][gc,age         ] GC(116) Desired survivor size 46137344 bytes, new threshold 15 (max threshold 15)
[1353.670s][info ][gc,heap        ] GC(116) PSYoungGen: 2003584K(2050560K)->928K(2049024K) Eden: 2002432K(2002432K)->0K(2002432K) From: 1152K(48128K)->928K(46592K)
[1353.670s][info ][gc,heap        ] GC(116) ParOldGen: 330812K(359936K)->331204K(359936K)
[1353.670s][info ][gc,metaspace   ] GC(116) Metaspace: 82582K(83520K)->82582K(83520K) NonClass: 70601K(71104K)->70601K(71104K) Class: 11981K(12416K)->11981K(12416K)
[1353.670s][info ][gc             ] GC(116) Pause Young (Allocation Failure) 2279M->324M(2352M) 3.840ms
[1353.670s][info ][gc,cpu         ] GC(116) User=0.01s Sys=0.00s Real=0.01s
[1353.670s][info ][safepoint      ] Safepoint "ParallelGCFailedAllocation", Time since last: 4575745391 ns, Reaching safepoint: 80000 ns, Cleanup: 27500 ns, At safepoint: 3928799 ns, Total: 4036299 ns
[1354.671s][info ][safepoint      ] Safepoint "Cleanup", Time since last: 1000086502 ns, Reaching safepoint: 76600 ns, Cleanup: 34100 ns, At safepoint: 4900 ns, Total: 115600 ns
[1355.671s][info ][safepoint      ] Safepoint "Cleanup", Time since last: 1000115701 ns, Reaching safepoint: 5000 ns, Cleanup: 47300 ns, At safepoint: 4000 ns, Total: 56300 ns
[1362.671s][info ][safepoint      ] Safepoint "Cleanup", Time since last: 7000445717 ns, Reaching safepoint: 4100 ns, Cleanup: 41100 ns, At safepoint: 6600 ns, Total: 51800 ns
[1363.671s][info ][safepoint      ] Safepoint "Cleanup", Time since last: 1000109002 ns, Reaching safepoint: 4300 ns, Cleanup: 42200 ns, At safepoint: 2700 ns, Total: 49200 ns
[1364.015s][info ][gc,start       ] GC(117) Pause Young (Allocation Failure)
[1364.021s][debug][gc,phases      ] GC(117) Scavenge 5.856ms
[1364.021s][debug][gc,ref         ] GC(117) Skipped phase 1 of Reference Processing: no references
[1364.021s][debug][gc,ref         ] GC(117) ReferenceProcessor::execute queues: 1, RefProcThreadModel::Single, marks_oops_alive: false
[1364.021s][debug][gc,ref         ] GC(117) Skipped phase 3 of Reference Processing: no references
[1364.021s][debug][gc,ref         ] GC(117) ReferenceProcessor::execute queues: 1, RefProcThreadModel::Single, marks_oops_alive: false
[1364.021s][debug][gc,phases      ] GC(117) Reference Processing 0.119ms
[1364.022s][debug][gc,phases      ] GC(117)   VM Weak                        Min:  0.0, Avg:  0.0, Max:  0.0, Diff:  0.0, Sum:  0.0, Workers: 4
[1364.022s][debug][gc,phases      ] GC(117)     Dead                           Min: 0, Avg:  0.0, Max: 0, Diff: 0, Sum: 0, Workers: 4
[1364.022s][debug][gc,phases      ] GC(117)     Total                          Min: 0, Avg: 181.0, Max: 448, Diff: 448, Sum: 724, Workers: 4
[1364.022s][debug][gc,phases      ] GC(117)   ObjectSynchronizer Weak        Min:  0.0, Avg:  0.0, Max:  0.0, Diff:  0.0, Sum:  0.0, Workers: 4
[1364.022s][debug][gc,phases      ] GC(117)     Dead                           Min: 0, Avg:  0.0, Max: 0, Diff: 0, Sum: 0, Workers: 4
[1364.022s][debug][gc,phases      ] GC(117)     Total                          Min: 0, Avg:  1.5, Max: 6, Diff: 6, Sum: 6, Workers: 4
[1364.022s][debug][gc,phases      ] GC(117)   JVMTI Tag Weak OopStorage      Min:  0.0, Avg:  0.0, Max:  0.0, Diff:  0.0, Sum:  0.0, Workers: 4
[1364.022s][debug][gc,phases      ] GC(117)     Dead                           Min: 0, Avg:  0.0, Max: 0, Diff: 0, Sum: 0, Workers: 4
[1364.022s][debug][gc,phases      ] GC(117)     Total                          Min: 0, Avg:  0.0, Max: 0, Diff: 0, Sum: 0, Workers: 4
[1364.022s][debug][gc,phases      ] GC(117)   StringTable Weak               Min:  0.0, Avg:  0.1, Max:  0.2, Diff:  0.2, Sum:  0.3, Workers: 4
[1364.022s][debug][gc,phases      ] GC(117)     Dead                           Min: 0, Avg:  0.0, Max: 0, Diff: 0, Sum: 0, Workers: 4
[1364.022s][debug][gc,phases      ] GC(117)     Total                          Min: 0, Avg: 10886.5, Max: 27034, Diff: 27034, Sum: 43546, Workers: 4
[1364.022s][debug][gc,phases      ] GC(117)   ResolvedMethodTable Weak       Min:  0.0, Avg:  0.0, Max:  0.0, Diff:  0.0, Sum:  0.1, Workers: 4
[1364.022s][debug][gc,phases      ] GC(117)     Dead                           Min: 0, Avg:  0.0, Max: 0, Diff: 0, Sum: 0, Workers: 4
[1364.022s][debug][gc,phases      ] GC(117)     Total                          Min: 0, Avg: 2422.8, Max: 5659, Diff: 5659, Sum: 9691, Workers: 4
[1364.022s][debug][gc,phases      ] GC(117)   JNI Weak                       Min:  0.0, Avg:  0.0, Max:  0.0, Diff:  0.0, Sum:  0.0, Workers: 4
[1364.022s][debug][gc,phases      ] GC(117)     Dead                           Min: 0, Avg:  0.0, Max: 0, Diff: 0, Sum: 0, Workers: 4
[1364.022s][debug][gc,phases      ] GC(117)     Total                          Min: 0, Avg: 11.2, Max: 45, Diff: 45, Sum: 45, Workers: 4
[1364.022s][debug][gc,phases      ] GC(117)   StringDedup Table Weak         Min:  0.0, Avg:  0.0, Max:  0.0, Diff:  0.0, Sum:  0.0, Workers: 4
[1364.022s][debug][gc,phases      ] GC(117)     Dead                           Min: 0, Avg:  0.0, Max: 0, Diff: 0, Sum: 0, Workers: 4
[1364.022s][debug][gc,phases      ] GC(117)     Total                          Min: 0, Avg:  0.0, Max: 0, Diff: 0, Sum: 0, Workers: 4
[1364.022s][debug][gc,phases      ] GC(117)   StringDedup Requests0 Weak     Min:  0.0, Avg:  0.0, Max:  0.0, Diff:  0.0, Sum:  0.0, Workers: 4
[1364.022s][debug][gc,phases      ] GC(117)     Dead                           Min: 0, Avg:  0.0, Max: 0, Diff: 0, Sum: 0, Workers: 4
[1364.022s][debug][gc,phases      ] GC(117)     Total                          Min: 0, Avg:  0.0, Max: 0, Diff: 0, Sum: 0, Workers: 4
[1364.022s][debug][gc,phases      ] GC(117)   StringDedup Requests1 Weak     Min:  0.0, Avg:  0.0, Max:  0.0, Diff:  0.0, Sum:  0.0, Workers: 4
[1364.022s][debug][gc,phases      ] GC(117)     Dead                           Min: 0, Avg:  0.0, Max: 0, Diff: 0, Sum: 0, Workers: 4
[1364.022s][debug][gc,phases      ] GC(117)     Total                          Min: 0, Avg:  0.0, Max: 0, Diff: 0, Sum: 0, Workers: 4
[1364.022s][debug][gc,phases      ] GC(117)   Weak JFR Old Object Samples    Min:  0.0, Avg:  0.0, Max:  0.0, Diff:  0.0, Sum:  0.0, Workers: 4
[1364.022s][debug][gc,phases      ] GC(117)     Dead                           Min: 0, Avg:  0.0, Max: 0, Diff: 0, Sum: 0, Workers: 4
[1364.022s][debug][gc,phases      ] GC(117)     Total                          Min: 0, Avg:  0.0, Max: 0, Diff: 0, Sum: 0, Workers: 4
[1364.022s][debug][gc,phases      ] GC(117) Weak Processing 0.362ms
[1364.022s][debug][gc,age         ] GC(117) Desired survivor size 44564480 bytes, new threshold 15 (max threshold 15)
[1364.022s][info ][gc,heap        ] GC(117) PSYoungGen: 2003360K(2049024K)->1920K(2053632K) Eden: 2002432K(2002432K)->0K(2008576K) From: 928K(46592K)->1920K(45056K)
[1364.022s][info ][gc,heap        ] GC(117) ParOldGen: 331204K(359936K)->331228K(359936K)
[1364.022s][info ][gc,metaspace   ] GC(117) Metaspace: 82591K(83520K)->82591K(83520K) NonClass: 70609K(71104K)->70609K(71104K) Class: 11982K(12416K)->11982K(12416K)
[1364.022s][info ][gc             ] GC(117) Pause Young (Allocation Failure) 2279M->325M(2357M) 6.435ms
[1364.022s][info ][gc,cpu         ] GC(117) User=0.01s Sys=0.00s Real=0.01s
[1364.022s][info ][safepoint      ] Safepoint "ParallelGCFailedAllocation", Time since last: 343800532 ns, Reaching safepoint: 4100 ns, Cleanup: 14600 ns, At safepoint: 6500699 ns, Total: 6519399 ns
[1367.022s][info ][safepoint      ] Safepoint "Cleanup", Time since last: 3000171404 ns, Reaching safepoint: 4700 ns, Cleanup: 47700 ns, At safepoint: 2500 ns, Total: 54900 ns
[1368.022s][info ][safepoint      ] Safepoint "Cleanup", Time since last: 1000107901 ns, Reaching safepoint: 4800 ns, Cleanup: 43000 ns, At safepoint: 4400 ns, Total: 52200 ns
[1369.022s][info ][safepoint      ] Safepoint "Cleanup", Time since last: 1000076501 ns, Reaching safepoint: 4100 ns, Cleanup: 34400 ns, At safepoint: 2500 ns, Total: 41000 ns
[1370.022s][info ][safepoint      ] Safepoint "Cleanup", Time since last: 1000103202 ns, Reaching safepoint: 5500 ns, Cleanup: 36000 ns, At safepoint: 2900 ns, Total: 44400 ns
[1371.023s][info ][safepoint      ] Safepoint "Cleanup", Time since last: 1000110501 ns, Reaching safepoint: 74100 ns, Cleanup: 35500 ns, At safepoint: 6100 ns, Total: 115700 ns
[1373.023s][info ][safepoint      ] Safepoint "Cleanup", Time since last: 2000162609 ns, Reaching safepoint: 4900 ns, Cleanup: 39300 ns, At safepoint: 12000 ns, Total: 56200 ns
[1374.023s][info ][safepoint      ] Safepoint "Cleanup", Time since last: 1000105606 ns, Reaching safepoint: 3800 ns, Cleanup: 42700 ns, At safepoint: 2200 ns, Total: 48700 ns
[1374.511s][info ][gc,start       ] GC(118) Pause Young (Allocation Failure)
[1374.515s][debug][gc,phases      ] GC(118) Scavenge 3.897ms
[1374.515s][debug][gc,ref         ] GC(118) Skipped phase 1 of Reference Processing: no references
[1374.515s][debug][gc,ref         ] GC(118) ReferenceProcessor::execute queues: 1, RefProcThreadModel::Single, marks_oops_alive: false
[1374.515s][debug][gc,ref         ] GC(118) Skipped phase 3 of Reference Processing: no references
[1374.515s][debug][gc,ref         ] GC(118) ReferenceProcessor::execute queues: 1, RefProcThreadModel::Single, marks_oops_alive: false
[1374.515s][debug][gc,phases      ] GC(118) Reference Processing 0.086ms
[1374.515s][debug][gc,phases      ] GC(118)   VM Weak                        Min:  0.0, Avg:  0.0, Max:  0.0, Diff:  0.0, Sum:  0.0, Workers: 4
[1374.515s][debug][gc,phases      ] GC(118)     Dead                           Min: 0, Avg:  0.0, Max: 0, Diff: 0, Sum: 0, Workers: 4
[1374.515s][debug][gc,phases      ] GC(118)     Total                          Min: 0, Avg: 181.0, Max: 532, Diff: 532, Sum: 724, Workers: 4
[1374.515s][debug][gc,phases      ] GC(118)   ObjectSynchronizer Weak        Min:  0.0, Avg:  0.0, Max:  0.0, Diff:  0.0, Sum:  0.0, Workers: 4
[1374.515s][debug][gc,phases      ] GC(118)     Dead                           Min: 0, Avg:  0.0, Max: 0, Diff: 0, Sum: 0, Workers: 4
[1374.515s][debug][gc,phases      ] GC(118)     Total                          Min: 0, Avg:  1.5, Max: 6, Diff: 6, Sum: 6, Workers: 4
[1374.515s][debug][gc,phases      ] GC(118)   JVMTI Tag Weak OopStorage      Min:  0.0, Avg:  0.0, Max:  0.0, Diff:  0.0, Sum:  0.0, Workers: 4
[1374.515s][debug][gc,phases      ] GC(118)     Dead                           Min: 0, Avg:  0.0, Max: 0, Diff: 0, Sum: 0, Workers: 4
[1374.515s][debug][gc,phases      ] GC(118)     Total                          Min: 0, Avg:  0.0, Max: 0, Diff: 0, Sum: 0, Workers: 4
[1374.515s][debug][gc,phases      ] GC(118)   StringTable Weak               Min:  0.0, Avg:  0.1, Max:  0.1, Diff:  0.1, Sum:  0.4, Workers: 4
[1374.515s][debug][gc,phases      ] GC(118)     Dead                           Min: 0, Avg:  0.0, Max: 0, Diff: 0, Sum: 0, Workers: 4
[1374.515s][debug][gc,phases      ] GC(118)     Total                          Min: 0, Avg: 10887.0, Max: 15296, Diff: 15296, Sum: 43548, Workers: 4
[1374.515s][debug][gc,phases      ] GC(118)   ResolvedMethodTable Weak       Min:  0.0, Avg:  0.0, Max:  0.0, Diff:  0.0, Sum:  0.1, Workers: 4
[1374.515s][debug][gc,phases      ] GC(118)     Dead                           Min: 0, Avg:  0.0, Max: 0, Diff: 0, Sum: 0, Workers: 4
[1374.515s][debug][gc,phases      ] GC(118)     Total                          Min: 0, Avg: 2422.8, Max: 3456, Diff: 3456, Sum: 9691, Workers: 4
[1374.515s][debug][gc,phases      ] GC(118)   JNI Weak                       Min:  0.0, Avg:  0.0, Max:  0.0, Diff:  0.0, Sum:  0.0, Workers: 4
[1374.515s][debug][gc,phases      ] GC(118)     Dead                           Min: 0, Avg:  0.0, Max: 0, Diff: 0, Sum: 0, Workers: 4
[1374.515s][debug][gc,phases      ] GC(118)     Total                          Min: 0, Avg: 11.2, Max: 45, Diff: 45, Sum: 45, Workers: 4
[1374.515s][debug][gc,phases      ] GC(118)   StringDedup Table Weak         Min:  0.0, Avg:  0.0, Max:  0.0, Diff:  0.0, Sum:  0.0, Workers: 4
[1374.515s][debug][gc,phases      ] GC(118)     Dead                           Min: 0, Avg:  0.0, Max: 0, Diff: 0, Sum: 0, Workers: 4
[1374.515s][debug][gc,phases      ] GC(118)     Total                          Min: 0, Avg:  0.0, Max: 0, Diff: 0, Sum: 0, Workers: 4
[1374.515s][debug][gc,phases      ] GC(118)   StringDedup Requests0 Weak     Min:  0.0, Avg:  0.0, Max:  0.0, Diff:  0.0, Sum:  0.0, Workers: 4
[1374.515s][debug][gc,phases      ] GC(118)     Dead                           Min: 0, Avg:  0.0, Max: 0, Diff: 0, Sum: 0, Workers: 4
[1374.515s][debug][gc,phases      ] GC(118)     Total                          Min: 0, Avg:  0.0, Max: 0, Diff: 0, Sum: 0, Workers: 4
[1374.515s][debug][gc,phases      ] GC(118)   StringDedup Requests1 Weak     Min:  0.0, Avg:  0.0, Max:  0.0, Diff:  0.0, Sum:  0.0, Workers: 4
[1374.515s][debug][gc,phases      ] GC(118)     Dead                           Min: 0, Avg:  0.0, Max: 0, Diff: 0, Sum: 0, Workers: 4
[1374.515s][debug][gc,phases      ] GC(118)     Total                          Min: 0, Avg:  0.0, Max: 0, Diff: 0, Sum: 0, Workers: 4
[1374.515s][debug][gc,phases      ] GC(118)   Weak JFR Old Object Samples    Min:  0.0, Avg:  0.0, Max:  0.0, Diff:  0.0, Sum:  0.0, Workers: 4
[1374.515s][debug][gc,phases      ] GC(118)     Dead                           Min: 0, Avg:  0.0, Max: 0, Diff: 0, Sum: 0, Workers: 4
[1374.515s][debug][gc,phases      ] GC(118)     Total                          Min: 0, Avg:  0.0, Max: 0, Diff: 0, Sum: 0, Workers: 4
[1374.515s][debug][gc,phases      ] GC(118) Weak Processing 0.318ms
[1374.515s][debug][gc,age         ] GC(118) Desired survivor size 42467328 bytes, new threshold 15 (max threshold 15)
[1374.516s][info ][gc,heap        ] GC(118) PSYoungGen: 2010496K(2053632K)->2176K(2052096K) Eden: 2008576K(2008576K)->0K(2008576K) From: 1920K(45056K)->2176K(43520K)
[1374.516s][info ][gc,heap        ] GC(118) ParOldGen: 331228K(359936K)->331260K(359936K)
[1374.516s][info ][gc,metaspace   ] GC(118) Metaspace: 82610K(83520K)->82610K(83520K) NonClass: 70628K(71104K)->70628K(71104K) Class: 11982K(12416K)->11982K(12416K)
[1374.516s][info ][gc             ] GC(118) Pause Young (Allocation Failure) 2286M->325M(2355M) 4.399ms
[1374.516s][info ][gc,cpu         ] GC(118) User=0.01s Sys=0.00s Real=0.00s
[1374.516s][info ][safepoint      ] Safepoint "ParallelGCFailedAllocation", Time since last: 487985905 ns, Reaching safepoint: 5200 ns, Cleanup: 32400 ns, At safepoint: 4469200 ns, Total: 4506800 ns
[1375.516s][info ][safepoint      ] Safepoint "Cleanup", Time since last: 1000086906 ns, Reaching safepoint: 4200 ns, Cleanup: 46200 ns, At safepoint: 3100 ns, Total: 53500 ns
[1377.516s][info ][safepoint      ] Safepoint "Cleanup", Time since last: 2000183612 ns, Reaching safepoint: 90500 ns, Cleanup: 41100 ns, At safepoint: 9300 ns, Total: 140900 ns
[1378.516s][info ][safepoint      ] Safepoint "Cleanup", Time since last: 1000120006 ns, Reaching safepoint: 74800 ns, Cleanup: 35800 ns, At safepoint: 4300 ns, Total: 114900 ns
[1381.386s][info ][safepoint      ] Safepoint "Cleanup", Time since last: 2869288729 ns, Reaching safepoint: 4800 ns, Cleanup: 32300 ns, At safepoint: 3100 ns, Total: 40200 ns
[1382.386s][info ][safepoint      ] Safepoint "Cleanup", Time since last: 1000094897 ns, Reaching safepoint: 75700 ns, Cleanup: 34000 ns, At safepoint: 8400 ns, Total: 118100 ns
[1382.759s][info ][gc,start       ] GC(119) Pause Young (Allocation Failure)
[1382.786s][debug][gc,phases      ] GC(119) Scavenge 26.557ms
[1382.786s][debug][gc,ref         ] GC(119) Skipped phase 1 of Reference Processing: no references
[1382.786s][debug][gc,ref         ] GC(119) ReferenceProcessor::execute queues: 1, RefProcThreadModel::Single, marks_oops_alive: false
[1382.786s][debug][gc,ref         ] GC(119) Skipped phase 3 of Reference Processing: no references
[1382.786s][debug][gc,ref         ] GC(119) ReferenceProcessor::execute queues: 1, RefProcThreadModel::Single, marks_oops_alive: false
[1382.786s][debug][gc,phases      ] GC(119) Reference Processing 0.089ms
[1382.786s][debug][gc,phases      ] GC(119)   VM Weak                        Min:  0.0, Avg:  0.0, Max:  0.0, Diff:  0.0, Sum:  0.0, Workers: 4
[1382.786s][debug][gc,phases      ] GC(119)     Dead                           Min: 0, Avg:  0.0, Max: 0, Diff: 0, Sum: 0, Workers: 4
[1382.786s][debug][gc,phases      ] GC(119)     Total                          Min: 0, Avg: 181.0, Max: 340, Diff: 340, Sum: 724, Workers: 4
[1382.786s][debug][gc,phases      ] GC(119)   ObjectSynchronizer Weak        Min:  0.0, Avg:  0.0, Max:  0.0, Diff:  0.0, Sum:  0.0, Workers: 4
[1382.786s][debug][gc,phases      ] GC(119)     Dead                           Min: 0, Avg:  0.0, Max: 0, Diff: 0, Sum: 0, Workers: 4
[1382.786s][debug][gc,phases      ] GC(119)     Total                          Min: 0, Avg:  1.2, Max: 5, Diff: 5, Sum: 5, Workers: 4
[1382.786s][debug][gc,phases      ] GC(119)   JVMTI Tag Weak OopStorage      Min:  0.0, Avg:  0.0, Max:  0.0, Diff:  0.0, Sum:  0.0, Workers: 4
[1382.786s][debug][gc,phases      ] GC(119)     Dead                           Min: 0, Avg:  0.0, Max: 0, Diff: 0, Sum: 0, Workers: 4
[1382.786s][debug][gc,phases      ] GC(119)     Total                          Min: 0, Avg:  0.0, Max: 0, Diff: 0, Sum: 0, Workers: 4
[1382.786s][debug][gc,phases      ] GC(119)   StringTable Weak               Min:  0.1, Avg:  0.1, Max:  0.1, Diff:  0.0, Sum:  0.4, Workers: 4
[1382.786s][debug][gc,phases      ] GC(119)     Dead                           Min: 0, Avg:  0.0, Max: 0, Diff: 0, Sum: 0, Workers: 4
[1382.786s][debug][gc,phases      ] GC(119)     Total                          Min: 9792, Avg: 10887.2, Max: 11840, Diff: 2048, Sum: 43549, Workers: 4
[1382.786s][debug][gc,phases      ] GC(119)   ResolvedMethodTable Weak       Min:  0.0, Avg:  0.0, Max:  0.0, Diff:  0.0, Sum:  0.1, Workers: 4
[1382.786s][debug][gc,phases      ] GC(119)     Dead                           Min: 0, Avg:  0.0, Max: 0, Diff: 0, Sum: 0, Workers: 4
[1382.786s][debug][gc,phases      ] GC(119)     Total                          Min: 2303, Avg: 2422.8, Max: 2688, Diff: 385, Sum: 9691, Workers: 4
[1382.786s][debug][gc,phases      ] GC(119)   JNI Weak                       Min:  0.0, Avg:  0.0, Max:  0.0, Diff:  0.0, Sum:  0.0, Workers: 4
[1382.786s][debug][gc,phases      ] GC(119)     Dead                           Min: 0, Avg:  0.0, Max: 0, Diff: 0, Sum: 0, Workers: 4
[1382.786s][debug][gc,phases      ] GC(119)     Total                          Min: 0, Avg: 11.2, Max: 45, Diff: 45, Sum: 45, Workers: 4
[1382.786s][debug][gc,phases      ] GC(119)   StringDedup Table Weak         Min:  0.0, Avg:  0.0, Max:  0.0, Diff:  0.0, Sum:  0.0, Workers: 4
[1382.786s][debug][gc,phases      ] GC(119)     Dead                           Min: 0, Avg:  0.0, Max: 0, Diff: 0, Sum: 0, Workers: 4
[1382.786s][debug][gc,phases      ] GC(119)     Total                          Min: 0, Avg:  0.0, Max: 0, Diff: 0, Sum: 0, Workers: 4
[1382.786s][debug][gc,phases      ] GC(119)   StringDedup Requests0 Weak     Min:  0.0, Avg:  0.0, Max:  0.0, Diff:  0.0, Sum:  0.0, Workers: 4
[1382.786s][debug][gc,phases      ] GC(119)     Dead                           Min: 0, Avg:  0.0, Max: 0, Diff: 0, Sum: 0, Workers: 4
[1382.786s][debug][gc,phases      ] GC(119)     Total                          Min: 0, Avg:  0.0, Max: 0, Diff: 0, Sum: 0, Workers: 4
[1382.786s][debug][gc,phases      ] GC(119)   StringDedup Requests1 Weak     Min:  0.0, Avg:  0.0, Max:  0.0, Diff:  0.0, Sum:  0.0, Workers: 4
[1382.786s][debug][gc,phases      ] GC(119)     Dead                           Min: 0, Avg:  0.0, Max: 0, Diff: 0, Sum: 0, Workers: 4
[1382.786s][debug][gc,phases      ] GC(119)     Total                          Min: 0, Avg:  0.0, Max: 0, Diff: 0, Sum: 0, Workers: 4
[1382.786s][debug][gc,phases      ] GC(119)   Weak JFR Old Object Samples    Min:  0.0, Avg:  0.0, Max:  0.0, Diff:  0.0, Sum:  0.0, Workers: 4
[1382.786s][debug][gc,phases      ] GC(119)     Dead                           Min: 0, Avg:  0.0, Max: 0, Diff: 0, Sum: 0, Workers: 4
[1382.786s][debug][gc,phases      ] GC(119)     Total                          Min: 0, Avg:  0.0, Max: 0, Diff: 0, Sum: 0, Workers: 4
[1382.786s][debug][gc,phases      ] GC(119) Weak Processing 0.289ms
[1382.786s][debug][gc,age         ] GC(119) Desired survivor size 55050240 bytes, new threshold 14 (max threshold 15)
[1382.786s][info ][gc,heap        ] GC(119) PSYoungGen: 2010752K(2052096K)->41440K(2031104K) Eden: 2008576K(2008576K)->0K(1989632K) From: 2176K(43520K)->41440K(41472K)
[1382.786s][info ][gc,heap        ] GC(119) ParOldGen: 331260K(359936K)->341204K(359936K)
[1382.786s][info ][gc,metaspace   ] GC(119) Metaspace: 82627K(83584K)->82627K(83584K) NonClass: 70644K(71168K)->70644K(71168K) Class: 11983K(12416K)->11983K(12416K)
[1382.786s][info ][gc             ] GC(119) Pause Young (Allocation Failure) 2287M->373M(2335M) 27.047ms
[1382.786s][info ][gc,cpu         ] GC(119) User=0.08s Sys=0.01s Real=0.03s
[1382.786s][info ][safepoint      ] Safepoint "ParallelGCFailedAllocation", Time since last: 373190725 ns, Reaching safepoint: 77600 ns, Cleanup: 45000 ns, At safepoint: 27125594 ns, Total: 27248194 ns
[1383.786s][info ][safepoint      ] Safepoint "Cleanup", Time since last: 1000078598 ns, Reaching safepoint: 3500 ns, Cleanup: 38400 ns, At safepoint: 4500 ns, Total: 46400 ns
[1384.787s][info ][safepoint      ] Safepoint "Cleanup", Time since last: 1000101298 ns, Reaching safepoint: 5400 ns, Cleanup: 46700 ns, At safepoint: 2400 ns, Total: 54500 ns
[1388.787s][info ][safepoint      ] Safepoint "Cleanup", Time since last: 4000296993 ns, Reaching safepoint: 4000 ns, Cleanup: 40600 ns, At safepoint: 2300 ns, Total: 46900 ns
[1389.787s][info ][safepoint      ] Safepoint "Cleanup", Time since last: 1000106100 ns, Reaching safepoint: 6200 ns, Cleanup: 46700 ns, At safepoint: 13900 ns, Total: 66800 ns
[1391.562s][info ][gc,start       ] GC(120) Pause Young (Allocation Failure)
[1391.583s][debug][gc,phases      ] GC(120) Scavenge 20.984ms
[1391.583s][debug][gc,ref         ] GC(120) Skipped phase 1 of Reference Processing: no references
[1391.583s][debug][gc,ref         ] GC(120) ReferenceProcessor::execute queues: 1, RefProcThreadModel::Single, marks_oops_alive: false
[1391.583s][debug][gc,ref         ] GC(120) Skipped phase 3 of Reference Processing: no references
[1391.583s][debug][gc,ref         ] GC(120) ReferenceProcessor::execute queues: 1, RefProcThreadModel::Single, marks_oops_alive: false
[1391.583s][debug][gc,phases      ] GC(120) Reference Processing 0.086ms
[1391.583s][debug][gc,phases      ] GC(120)   VM Weak                        Min:  0.0, Avg:  0.0, Max:  0.0, Diff:  0.0, Sum:  0.0, Workers: 4
[1391.583s][debug][gc,phases      ] GC(120)     Dead                           Min: 0, Avg:  0.0, Max: 0, Diff: 0, Sum: 0, Workers: 4
[1391.583s][debug][gc,phases      ] GC(120)     Total                          Min: 0, Avg: 181.0, Max: 660, Diff: 660, Sum: 724, Workers: 4
[1391.583s][debug][gc,phases      ] GC(120)   ObjectSynchronizer Weak        Min:  0.0, Avg:  0.0, Max:  0.0, Diff:  0.0, Sum:  0.0, Workers: 4
[1391.583s][debug][gc,phases      ] GC(120)     Dead                           Min: 0, Avg:  0.0, Max: 0, Diff: 0, Sum: 0, Workers: 4
[1391.583s][debug][gc,phases      ] GC(120)     Total                          Min: 0, Avg:  1.2, Max: 5, Diff: 5, Sum: 5, Workers: 4
[1391.583s][debug][gc,phases      ] GC(120)   JVMTI Tag Weak OopStorage      Min:  0.0, Avg:  0.0, Max:  0.0, Diff:  0.0, Sum:  0.0, Workers: 4
[1391.583s][debug][gc,phases      ] GC(120)     Dead                           Min: 0, Avg:  0.0, Max: 0, Diff: 0, Sum: 0, Workers: 4
[1391.583s][debug][gc,phases      ] GC(120)     Total                          Min: 0, Avg:  0.0, Max: 0, Diff: 0, Sum: 0, Workers: 4
[1391.583s][debug][gc,phases      ] GC(120)   StringTable Weak               Min:  0.0, Avg:  0.1, Max:  0.1, Diff:  0.1, Sum:  0.4, Workers: 4
[1391.583s][debug][gc,phases      ] GC(120)     Dead                           Min: 0, Avg:  0.0, Max: 0, Diff: 0, Sum: 0, Workers: 4
[1391.583s][debug][gc,phases      ] GC(120)     Total                          Min: 0, Avg: 10887.2, Max: 15680, Diff: 15680, Sum: 43549, Workers: 4
[1391.583s][debug][gc,phases      ] GC(120)   ResolvedMethodTable Weak       Min:  0.0, Avg:  0.0, Max:  0.0, Diff:  0.0, Sum:  0.1, Workers: 4
[1391.583s][debug][gc,phases      ] GC(120)     Dead                           Min: 0, Avg:  0.0, Max: 0, Diff: 0, Sum: 0, Workers: 4
[1391.583s][debug][gc,phases      ] GC(120)     Total                          Min: 0, Avg: 2422.8, Max: 4123, Diff: 4123, Sum: 9691, Workers: 4
[1391.583s][debug][gc,phases      ] GC(120)   JNI Weak                       Min:  0.0, Avg:  0.0, Max:  0.0, Diff:  0.0, Sum:  0.0, Workers: 4
[1391.583s][debug][gc,phases      ] GC(120)     Dead                           Min: 0, Avg:  0.0, Max: 0, Diff: 0, Sum: 0, Workers: 4
[1391.583s][debug][gc,phases      ] GC(120)     Total                          Min: 0, Avg: 11.2, Max: 45, Diff: 45, Sum: 45, Workers: 4
[1391.583s][debug][gc,phases      ] GC(120)   StringDedup Table Weak         Min:  0.0, Avg:  0.0, Max:  0.0, Diff:  0.0, Sum:  0.0, Workers: 4
[1391.583s][debug][gc,phases      ] GC(120)     Dead                           Min: 0, Avg:  0.0, Max: 0, Diff: 0, Sum: 0, Workers: 4
[1391.583s][debug][gc,phases      ] GC(120)     Total                          Min: 0, Avg:  0.0, Max: 0, Diff: 0, Sum: 0, Workers: 4
[1391.583s][debug][gc,phases      ] GC(120)   StringDedup Requests0 Weak     Min:  0.0, Avg:  0.0, Max:  0.0, Diff:  0.0, Sum:  0.0, Workers: 4
[1391.584s][debug][gc,phases      ] GC(120)     Dead                           Min: 0, Avg:  0.0, Max: 0, Diff: 0, Sum: 0, Workers: 4
[1391.584s][debug][gc,phases      ] GC(120)     Total                          Min: 0, Avg:  0.0, Max: 0, Diff: 0, Sum: 0, Workers: 4
[1391.584s][debug][gc,phases      ] GC(120)   StringDedup Requests1 Weak     Min:  0.0, Avg:  0.0, Max:  0.0, Diff:  0.0, Sum:  0.0, Workers: 4
[1391.584s][debug][gc,phases      ] GC(120)     Dead                           Min: 0, Avg:  0.0, Max: 0, Diff: 0, Sum: 0, Workers: 4
[1391.584s][debug][gc,phases      ] GC(120)     Total                          Min: 0, Avg:  0.0, Max: 0, Diff: 0, Sum: 0, Workers: 4
[1391.584s][debug][gc,phases      ] GC(120)   Weak JFR Old Object Samples    Min:  0.0, Avg:  0.0, Max:  0.0, Diff:  0.0, Sum:  0.0, Workers: 4
[1391.584s][debug][gc,phases      ] GC(120)     Dead                           Min: 0, Avg:  0.0, Max: 0, Diff: 0, Sum: 0, Workers: 4
[1391.584s][debug][gc,phases      ] GC(120)     Total                          Min: 0, Avg:  0.0, Max: 0, Diff: 0, Sum: 0, Workers: 4
[1391.584s][debug][gc,phases      ] GC(120) Weak Processing 0.345ms
[1391.584s][debug][gc,age         ] GC(120) Desired survivor size 59768832 bytes, new threshold 15 (max threshold 15)
[1391.584s][info ][gc,heap        ] GC(120) PSYoungGen: 2031072K(2031104K)->36784K(2026496K) Eden: 1989632K(1989632K)->0K(1989632K) From: 41440K(41472K)->36784K(36864K)
[1391.584s][info ][gc,heap        ] GC(120) ParOldGen: 341204K(359936K)->341236K(359936K)
[1391.584s][info ][gc,metaspace   ] GC(120) Metaspace: 82636K(83584K)->82636K(83584K) NonClass: 70653K(71168K)->70653K(71168K) Class: 11983K(12416K)->11983K(12416K)
[1391.584s][info ][gc             ] GC(120) Pause Young (Allocation Failure) 2316M->369M(2330M) 21.539ms
[1391.584s][info ][gc,cpu         ] GC(120) User=0.04s Sys=0.00s Real=0.02s
[1391.584s][info ][safepoint      ] Safepoint "ParallelGCFailedAllocation", Time since last: 1774896545 ns, Reaching safepoint: 7200 ns, Cleanup: 51600 ns, At safepoint: 21627495 ns, Total: 21686295 ns
[1394.584s][info ][safepoint      ] Safepoint "Cleanup", Time since last: 3000220400 ns, Reaching safepoint: 6200 ns, Cleanup: 48300 ns, At safepoint: 4300 ns, Total: 58800 ns
[1401.517s][info ][gc,start       ] GC(121) Pause Young (Allocation Failure)
[1401.530s][debug][gc,phases      ] GC(121) Scavenge 13.441ms
[1401.530s][debug][gc,ref         ] GC(121) Skipped phase 1 of Reference Processing: no references
[1401.530s][debug][gc,ref         ] GC(121) ReferenceProcessor::execute queues: 1, RefProcThreadModel::Single, marks_oops_alive: false
[1401.530s][debug][gc,ref         ] GC(121) Skipped phase 3 of Reference Processing: no references
[1401.530s][debug][gc,ref         ] GC(121) ReferenceProcessor::execute queues: 1, RefProcThreadModel::Single, marks_oops_alive: false
[1401.530s][debug][gc,phases      ] GC(121) Reference Processing 0.095ms
[1401.530s][debug][gc,phases      ] GC(121)   VM Weak                        Min:  0.0, Avg:  0.0, Max:  0.0, Diff:  0.0, Sum:  0.0, Workers: 4
[1401.530s][debug][gc,phases      ] GC(121)     Dead                           Min: 0, Avg:  0.0, Max: 0, Diff: 0, Sum: 0, Workers: 4
[1401.530s][debug][gc,phases      ] GC(121)     Total                          Min: 0, Avg: 181.0, Max: 596, Diff: 596, Sum: 724, Workers: 4
[1401.530s][debug][gc,phases      ] GC(121)   ObjectSynchronizer Weak        Min:  0.0, Avg:  0.0, Max:  0.0, Diff:  0.0, Sum:  0.0, Workers: 4
[1401.530s][debug][gc,phases      ] GC(121)     Dead                           Min: 0, Avg:  0.0, Max: 0, Diff: 0, Sum: 0, Workers: 4
[1401.530s][debug][gc,phases      ] GC(121)     Total                          Min: 0, Avg:  1.2, Max: 5, Diff: 5, Sum: 5, Workers: 4
[1401.530s][debug][gc,phases      ] GC(121)   JVMTI Tag Weak OopStorage      Min:  0.0, Avg:  0.0, Max:  0.0, Diff:  0.0, Sum:  0.0, Workers: 4
[1401.530s][debug][gc,phases      ] GC(121)     Dead                           Min: 0, Avg:  0.0, Max: 0, Diff: 0, Sum: 0, Workers: 4
[1401.530s][debug][gc,phases      ] GC(121)     Total                          Min: 0, Avg:  0.0, Max: 0, Diff: 0, Sum: 0, Workers: 4
[1401.530s][debug][gc,phases      ] GC(121)   StringTable Weak               Min:  0.0, Avg:  0.1, Max:  0.1, Diff:  0.1, Sum:  0.4, Workers: 4
[1401.530s][debug][gc,phases      ] GC(121)     Dead                           Min: 0, Avg:  0.0, Max: 0, Diff: 0, Sum: 0, Workers: 4
[1401.530s][debug][gc,phases      ] GC(121)     Total                          Min: 0, Avg: 10887.2, Max: 17920, Diff: 17920, Sum: 43549, Workers: 4
[1401.530s][debug][gc,phases      ] GC(121)   ResolvedMethodTable Weak       Min:  0.0, Avg:  0.0, Max:  0.0, Diff:  0.0, Sum:  0.1, Workers: 4
[1401.530s][debug][gc,phases      ] GC(121)     Dead                           Min: 0, Avg:  0.0, Max: 0, Diff: 0, Sum: 0, Workers: 4
[1401.530s][debug][gc,phases      ] GC(121)     Total                          Min: 0, Avg: 2422.8, Max: 4160, Diff: 4160, Sum: 9691, Workers: 4
[1401.530s][debug][gc,phases      ] GC(121)   JNI Weak                       Min:  0.0, Avg:  0.0, Max:  0.0, Diff:  0.0, Sum:  0.0, Workers: 4
[1401.530s][debug][gc,phases      ] GC(121)     Dead                           Min: 0, Avg:  0.0, Max: 0, Diff: 0, Sum: 0, Workers: 4
[1401.530s][debug][gc,phases      ] GC(121)     Total                          Min: 0, Avg: 11.2, Max: 45, Diff: 45, Sum: 45, Workers: 4
[1401.530s][debug][gc,phases      ] GC(121)   StringDedup Table Weak         Min:  0.0, Avg:  0.0, Max:  0.0, Diff:  0.0, Sum:  0.0, Workers: 4
[1401.530s][debug][gc,phases      ] GC(121)     Dead                           Min: 0, Avg:  0.0, Max: 0, Diff: 0, Sum: 0, Workers: 4
[1401.530s][debug][gc,phases      ] GC(121)     Total                          Min: 0, Avg:  0.0, Max: 0, Diff: 0, Sum: 0, Workers: 4
[1401.530s][debug][gc,phases      ] GC(121)   StringDedup Requests0 Weak     Min:  0.0, Avg:  0.0, Max:  0.0, Diff:  0.0, Sum:  0.0, Workers: 4
[1401.530s][debug][gc,phases      ] GC(121)     Dead                           Min: 0, Avg:  0.0, Max: 0, Diff: 0, Sum: 0, Workers: 4
[1401.530s][debug][gc,phases      ] GC(121)     Total                          Min: 0, Avg:  0.0, Max: 0, Diff: 0, Sum: 0, Workers: 4
[1401.530s][debug][gc,phases      ] GC(121)   StringDedup Requests1 Weak     Min:  0.0, Avg:  0.0, Max:  0.0, Diff:  0.0, Sum:  0.0, Workers: 4
[1401.530s][debug][gc,phases      ] GC(121)     Dead                           Min: 0, Avg:  0.0, Max: 0, Diff: 0, Sum: 0, Workers: 4
[1401.530s][debug][gc,phases      ] GC(121)     Total                          Min: 0, Avg:  0.0, Max: 0, Diff: 0, Sum: 0, Workers: 4
[1401.530s][debug][gc,phases      ] GC(121)   Weak JFR Old Object Samples    Min:  0.0, Avg:  0.0, Max:  0.0, Diff:  0.0, Sum:  0.0, Workers: 4
[1401.531s][debug][gc,phases      ] GC(121)     Dead                           Min: 0, Avg:  0.0, Max: 0, Diff: 0, Sum: 0, Workers: 4
[1401.531s][debug][gc,phases      ] GC(121)     Total                          Min: 0, Avg:  0.0, Max: 0, Diff: 0, Sum: 0, Workers: 4
[1401.531s][debug][gc,phases      ] GC(121) Weak Processing 0.323ms
[1401.531s][debug][gc,age         ] GC(121) Desired survivor size 63438848 bytes, new threshold 15 (max threshold 15)
[1401.531s][info ][gc,heap        ] GC(121) PSYoungGen: 2026416K(2026496K)->36688K(2031616K) Eden: 1989632K(1989632K)->0K(1973248K) From: 36784K(36864K)->36688K(58368K)
[1401.531s][info ][gc,heap        ] GC(121) ParOldGen: 341236K(359936K)->341236K(359936K)
[1401.531s][info ][gc,metaspace   ] GC(121) Metaspace: 82637K(83584K)->82637K(83584K) NonClass: 70653K(71168K)->70653K(71168K) Class: 11983K(12416K)->11983K(12416K)
[1401.531s][info ][gc             ] GC(121) Pause Young (Allocation Failure) 2312M->369M(2335M) 13.981ms
[1401.531s][info ][gc,cpu         ] GC(121) User=0.04s Sys=0.00s Real=0.02s
[1401.531s][info ][safepoint      ] Safepoint "ParallelGCFailedAllocation", Time since last: 6932526431 ns, Reaching safepoint: 79800 ns, Cleanup: 28000 ns, At safepoint: 14057997 ns, Total: 14165797 ns
[1403.531s][info ][safepoint      ] Safepoint "Cleanup", Time since last: 2000097840 ns, Reaching safepoint: 3700 ns, Cleanup: 52400 ns, At safepoint: 4600 ns, Total: 60700 ns
[1404.531s][info ][safepoint      ] Safepoint "Cleanup", Time since last: 1000096931 ns, Reaching safepoint: 3500 ns, Cleanup: 34400 ns, At safepoint: 2200 ns, Total: 40100 ns
[1406.531s][info ][safepoint      ] Safepoint "Cleanup", Time since last: 2000161365 ns, Reaching safepoint: 5400 ns, Cleanup: 35100 ns, At safepoint: 3600 ns, Total: 44100 ns
[1411.662s][info ][gc,start       ] GC(122) Pause Young (Allocation Failure)
[1411.676s][debug][gc,phases      ] GC(122) Scavenge 14.629ms
[1411.676s][debug][gc,ref         ] GC(122) Skipped phase 1 of Reference Processing: no references
[1411.676s][debug][gc,ref         ] GC(122) ReferenceProcessor::execute queues: 1, RefProcThreadModel::Single, marks_oops_alive: false
[1411.676s][debug][gc,ref         ] GC(122) Skipped phase 3 of Reference Processing: no references
[1411.676s][debug][gc,ref         ] GC(122) ReferenceProcessor::execute queues: 1, RefProcThreadModel::Single, marks_oops_alive: false
[1411.676s][debug][gc,phases      ] GC(122) Reference Processing 0.095ms
[1411.677s][debug][gc,phases      ] GC(122)   VM Weak                        Min:  0.0, Avg:  0.0, Max:  0.0, Diff:  0.0, Sum:  0.0, Workers: 4
[1411.677s][debug][gc,phases      ] GC(122)     Dead                           Min: 0, Avg:  0.0, Max: 0, Diff: 0, Sum: 0, Workers: 4
[1411.677s][debug][gc,phases      ] GC(122)     Total                          Min: 0, Avg: 181.0, Max: 724, Diff: 724, Sum: 724, Workers: 4
[1411.677s][debug][gc,phases      ] GC(122)   ObjectSynchronizer Weak        Min:  0.0, Avg:  0.0, Max:  0.0, Diff:  0.0, Sum:  0.0, Workers: 4
[1411.677s][debug][gc,phases      ] GC(122)     Dead                           Min: 0, Avg:  0.0, Max: 0, Diff: 0, Sum: 0, Workers: 4
[1411.677s][debug][gc,phases      ] GC(122)     Total                          Min: 0, Avg:  1.2, Max: 5, Diff: 5, Sum: 5, Workers: 4
[1411.677s][debug][gc,phases      ] GC(122)   JVMTI Tag Weak OopStorage      Min:  0.0, Avg:  0.0, Max:  0.0, Diff:  0.0, Sum:  0.0, Workers: 4
[1411.677s][debug][gc,phases      ] GC(122)     Dead                           Min: 0, Avg:  0.0, Max: 0, Diff: 0, Sum: 0, Workers: 4
[1411.677s][debug][gc,phases      ] GC(122)     Total                          Min: 0, Avg:  0.0, Max: 0, Diff: 0, Sum: 0, Workers: 4
[1411.677s][debug][gc,phases      ] GC(122)   StringTable Weak               Min:  0.0, Avg:  0.1, Max:  0.1, Diff:  0.1, Sum:  0.4, Workers: 4
[1411.677s][debug][gc,phases      ] GC(122)     Dead                           Min: 0, Avg:  0.0, Max: 0, Diff: 0, Sum: 0, Workers: 4
[1411.677s][debug][gc,phases      ] GC(122)     Total                          Min: 0, Avg: 10887.2, Max: 17373, Diff: 17373, Sum: 43549, Workers: 4
[1411.677s][debug][gc,phases      ] GC(122)   ResolvedMethodTable Weak       Min:  0.0, Avg:  0.0, Max:  0.0, Diff:  0.0, Sum:  0.1, Workers: 4
[1411.677s][debug][gc,phases      ] GC(122)     Dead                           Min: 0, Avg:  0.0, Max: 0, Diff: 0, Sum: 0, Workers: 4
[1411.677s][debug][gc,phases      ] GC(122)     Total                          Min: 0, Avg: 2422.8, Max: 4124, Diff: 4124, Sum: 9691, Workers: 4
[1411.677s][debug][gc,phases      ] GC(122)   JNI Weak                       Min:  0.0, Avg:  0.0, Max:  0.0, Diff:  0.0, Sum:  0.0, Workers: 4
[1411.677s][debug][gc,phases      ] GC(122)     Dead                           Min: 0, Avg:  0.0, Max: 0, Diff: 0, Sum: 0, Workers: 4
[1411.677s][debug][gc,phases      ] GC(122)     Total                          Min: 0, Avg: 11.2, Max: 45, Diff: 45, Sum: 45, Workers: 4
[1411.677s][debug][gc,phases      ] GC(122)   StringDedup Table Weak         Min:  0.0, Avg:  0.0, Max:  0.0, Diff:  0.0, Sum:  0.0, Workers: 4
[1411.677s][debug][gc,phases      ] GC(122)     Dead                           Min: 0, Avg:  0.0, Max: 0, Diff: 0, Sum: 0, Workers: 4
[1411.677s][debug][gc,phases      ] GC(122)     Total                          Min: 0, Avg:  0.0, Max: 0, Diff: 0, Sum: 0, Workers: 4
[1411.677s][debug][gc,phases      ] GC(122)   StringDedup Requests0 Weak     Min:  0.0, Avg:  0.0, Max:  0.0, Diff:  0.0, Sum:  0.0, Workers: 4
[1411.677s][debug][gc,phases      ] GC(122)     Dead                           Min: 0, Avg:  0.0, Max: 0, Diff: 0, Sum: 0, Workers: 4
[1411.677s][debug][gc,phases      ] GC(122)     Total                          Min: 0, Avg:  0.0, Max: 0, Diff: 0, Sum: 0, Workers: 4
[1411.677s][debug][gc,phases      ] GC(122)   StringDedup Requests1 Weak     Min:  0.0, Avg:  0.0, Max:  0.0, Diff:  0.0, Sum:  0.0, Workers: 4
[1411.677s][debug][gc,phases      ] GC(122)     Dead                           Min: 0, Avg:  0.0, Max: 0, Diff: 0, Sum: 0, Workers: 4
[1411.677s][debug][gc,phases      ] GC(122)     Total                          Min: 0, Avg:  0.0, Max: 0, Diff: 0, Sum: 0, Workers: 4
[1411.677s][debug][gc,phases      ] GC(122)   Weak JFR Old Object Samples    Min:  0.0, Avg:  0.0, Max:  0.0, Diff:  0.0, Sum:  0.0, Workers: 4
[1411.677s][debug][gc,phases      ] GC(122)     Dead                           Min: 0, Avg:  0.0, Max: 0, Diff: 0, Sum: 0, Workers: 4
[1411.677s][debug][gc,phases      ] GC(122)     Total                          Min: 0, Avg:  0.0, Max: 0, Diff: 0, Sum: 0, Workers: 4
[1411.677s][debug][gc,phases      ] GC(122) Weak Processing 0.334ms
[1411.677s][debug][gc,age         ] GC(122) Desired survivor size 66060288 bytes, new threshold 15 (max threshold 15)
[1411.677s][info ][gc,heap        ] GC(122) PSYoungGen: 2009936K(2031616K)->36672K(2010112K) Eden: 1973248K(1973248K)->0K(1973248K) From: 36688K(58368K)->36672K(36864K)
[1411.677s][info ][gc,heap        ] GC(122) ParOldGen: 341236K(359936K)->341252K(359936K)
[1411.677s][info ][gc,metaspace   ] GC(122) Metaspace: 82642K(83584K)->82642K(83584K) NonClass: 70659K(71168K)->70659K(71168K) Class: 11983K(12416K)->11983K(12416K)
[1411.677s][info ][gc             ] GC(122) Pause Young (Allocation Failure) 2296M->369M(2314M) 15.201ms
[1411.677s][info ][gc,cpu         ] GC(122) User=0.04s Sys=0.01s Real=0.01s
[1411.677s][info ][safepoint      ] Safepoint "ParallelGCFailedAllocation", Time since last: 5130267242 ns, Reaching safepoint: 78300 ns, Cleanup: 28900 ns, At safepoint: 15285897 ns, Total: 15393097 ns
[1416.677s][info ][safepoint      ] Safepoint "Cleanup", Time since last: 5000325909 ns, Reaching safepoint: 4500 ns, Cleanup: 34900 ns, At safepoint: 4700 ns, Total: 44100 ns
[1420.677s][info ][safepoint      ] Safepoint "Cleanup", Time since last: 4000291703 ns, Reaching safepoint: 4200 ns, Cleanup: 37100 ns, At safepoint: 2300 ns, Total: 43600 ns
[1421.512s][info ][gc,start       ] GC(123) Pause Young (Allocation Failure)
[1421.527s][debug][gc,phases      ] GC(123) Scavenge 14.082ms
[1421.527s][debug][gc,ref         ] GC(123) Skipped phase 1 of Reference Processing: no references
[1421.527s][debug][gc,ref         ] GC(123) ReferenceProcessor::execute queues: 1, RefProcThreadModel::Single, marks_oops_alive: false
[1421.527s][debug][gc,ref         ] GC(123) Skipped phase 3 of Reference Processing: no references
[1421.527s][debug][gc,ref         ] GC(123) ReferenceProcessor::execute queues: 1, RefProcThreadModel::Single, marks_oops_alive: false
[1421.527s][debug][gc,phases      ] GC(123) Reference Processing 0.097ms
[1421.527s][debug][gc,phases      ] GC(123)   VM Weak                        Min:  0.0, Avg:  0.0, Max:  0.0, Diff:  0.0, Sum:  0.0, Workers: 4
[1421.527s][debug][gc,phases      ] GC(123)     Dead                           Min: 0, Avg:  0.0, Max: 0, Diff: 0, Sum: 0, Workers: 4
[1421.527s][debug][gc,phases      ] GC(123)     Total                          Min: 0, Avg: 181.0, Max: 468, Diff: 468, Sum: 724, Workers: 4
[1421.527s][debug][gc,phases      ] GC(123)   ObjectSynchronizer Weak        Min:  0.0, Avg:  0.0, Max:  0.0, Diff:  0.0, Sum:  0.0, Workers: 4
[1421.527s][debug][gc,phases      ] GC(123)     Dead                           Min: 0, Avg:  0.0, Max: 0, Diff: 0, Sum: 0, Workers: 4
[1421.527s][debug][gc,phases      ] GC(123)     Total                          Min: 0, Avg:  1.2, Max: 5, Diff: 5, Sum: 5, Workers: 4
[1421.527s][debug][gc,phases      ] GC(123)   JVMTI Tag Weak OopStorage      Min:  0.0, Avg:  0.0, Max:  0.0, Diff:  0.0, Sum:  0.0, Workers: 4
[1421.527s][debug][gc,phases      ] GC(123)     Dead                           Min: 0, Avg:  0.0, Max: 0, Diff: 0, Sum: 0, Workers: 4
[1421.527s][debug][gc,phases      ] GC(123)     Total                          Min: 0, Avg:  0.0, Max: 0, Diff: 0, Sum: 0, Workers: 4
[1421.527s][debug][gc,phases      ] GC(123)   StringTable Weak               Min:  0.0, Avg:  0.1, Max:  0.1, Diff:  0.1, Sum:  0.4, Workers: 4
[1421.527s][debug][gc,phases      ] GC(123)     Dead                           Min: 0, Avg:  0.0, Max: 0, Diff: 0, Sum: 0, Workers: 4
[1421.527s][debug][gc,phases      ] GC(123)     Total                          Min: 0, Avg: 10887.2, Max: 19165, Diff: 19165, Sum: 43549, Workers: 4
[1421.527s][debug][gc,phases      ] GC(123)   ResolvedMethodTable Weak       Min:  0.0, Avg:  0.0, Max:  0.0, Diff:  0.0, Sum:  0.1, Workers: 4
[1421.527s][debug][gc,phases      ] GC(123)     Dead                           Min: 0, Avg:  0.0, Max: 0, Diff: 0, Sum: 0, Workers: 4
[1421.527s][debug][gc,phases      ] GC(123)     Total                          Min: 0, Avg: 2422.8, Max: 3776, Diff: 3776, Sum: 9691, Workers: 4
[1421.527s][debug][gc,phases      ] GC(123)   JNI Weak                       Min:  0.0, Avg:  0.0, Max:  0.0, Diff:  0.0, Sum:  0.0, Workers: 4
[1421.527s][debug][gc,phases      ] GC(123)     Dead                           Min: 0, Avg:  0.0, Max: 0, Diff: 0, Sum: 0, Workers: 4
[1421.527s][debug][gc,phases      ] GC(123)     Total                          Min: 0, Avg: 11.2, Max: 45, Diff: 45, Sum: 45, Workers: 4
[1421.527s][debug][gc,phases      ] GC(123)   StringDedup Table Weak         Min:  0.0, Avg:  0.0, Max:  0.0, Diff:  0.0, Sum:  0.0, Workers: 4
[1421.527s][debug][gc,phases      ] GC(123)     Dead                           Min: 0, Avg:  0.0, Max: 0, Diff: 0, Sum: 0, Workers: 4
[1421.527s][debug][gc,phases      ] GC(123)     Total                          Min: 0, Avg:  0.0, Max: 0, Diff: 0, Sum: 0, Workers: 4
[1421.527s][debug][gc,phases      ] GC(123)   StringDedup Requests0 Weak     Min:  0.0, Avg:  0.0, Max:  0.0, Diff:  0.0, Sum:  0.0, Workers: 4
[1421.527s][debug][gc,phases      ] GC(123)     Dead                           Min: 0, Avg:  0.0, Max: 0, Diff: 0, Sum: 0, Workers: 4
[1421.527s][debug][gc,phases      ] GC(123)     Total                          Min: 0, Avg:  0.0, Max: 0, Diff: 0, Sum: 0, Workers: 4
[1421.527s][debug][gc,phases      ] GC(123)   StringDedup Requests1 Weak     Min:  0.0, Avg:  0.0, Max:  0.0, Diff:  0.0, Sum:  0.0, Workers: 4
[1421.527s][debug][gc,phases      ] GC(123)     Dead                           Min: 0, Avg:  0.0, Max: 0, Diff: 0, Sum: 0, Workers: 4
[1421.527s][debug][gc,phases      ] GC(123)     Total                          Min: 0, Avg:  0.0, Max: 0, Diff: 0, Sum: 0, Workers: 4
[1421.527s][debug][gc,phases      ] GC(123)   Weak JFR Old Object Samples    Min:  0.0, Avg:  0.0, Max:  0.0, Diff:  0.0, Sum:  0.0, Workers: 4
[1421.527s][debug][gc,phases      ] GC(123)     Dead                           Min: 0, Avg:  0.0, Max: 0, Diff: 0, Sum: 0, Workers: 4
[1421.527s][debug][gc,phases      ] GC(123)     Total                          Min: 0, Avg:  0.0, Max: 0, Diff: 0, Sum: 0, Workers: 4
[1421.527s][debug][gc,phases      ] GC(123) Weak Processing 0.327ms
[1421.527s][debug][gc,age         ] GC(123) Desired survivor size 67633152 bytes, new threshold 15 (max threshold 15)
[1421.527s][info ][gc,heap        ] GC(123) PSYoungGen: 2009920K(2010112K)->36688K(2029568K) Eden: 1973248K(1973248K)->0K(1965056K) From: 36672K(36864K)->36688K(64512K)
[1421.527s][info ][gc,heap        ] GC(123) ParOldGen: 341252K(359936K)->341252K(359936K)
[1421.527s][info ][gc,metaspace   ] GC(123) Metaspace: 82646K(83584K)->82646K(83584K) NonClass: 70662K(71168K)->70662K(71168K) Class: 11983K(12416K)->11983K(12416K)
[1421.527s][info ][gc             ] GC(123) Pause Young (Allocation Failure) 2296M->369M(2333M) 14.630ms
[1421.527s][info ][gc,cpu         ] GC(123) User=0.04s Sys=0.00s Real=0.01s
[1421.527s][info ][safepoint      ] Safepoint "ParallelGCFailedAllocation", Time since last: 834884231 ns, Reaching safepoint: 76600 ns, Cleanup: 18900 ns, At safepoint: 14702697 ns, Total: 14798197 ns
[1424.527s][info ][safepoint      ] Safepoint "Cleanup", Time since last: 3000212692 ns, Reaching safepoint: 5200 ns, Cleanup: 38600 ns, At safepoint: 3500 ns, Total: 47300 ns
[1431.369s][info ][gc,start       ] GC(124) Pause Young (Allocation Failure)
[1431.382s][debug][gc,phases      ] GC(124) Scavenge 12.348ms
[1431.382s][debug][gc,ref         ] GC(124) Skipped phase 1 of Reference Processing: no references
[1431.382s][debug][gc,ref         ] GC(124) ReferenceProcessor::execute queues: 1, RefProcThreadModel::Single, marks_oops_alive: false
[1431.382s][debug][gc,ref         ] GC(124) Skipped phase 3 of Reference Processing: no references
[1431.382s][debug][gc,ref         ] GC(124) ReferenceProcessor::execute queues: 1, RefProcThreadModel::Single, marks_oops_alive: false
[1431.382s][debug][gc,phases      ] GC(124) Reference Processing 0.101ms
[1431.382s][debug][gc,phases      ] GC(124)   VM Weak                        Min:  0.0, Avg:  0.0, Max:  0.0, Diff:  0.0, Sum:  0.0, Workers: 4
[1431.382s][debug][gc,phases      ] GC(124)     Dead                           Min: 0, Avg:  0.0, Max: 0, Diff: 0, Sum: 0, Workers: 4
[1431.382s][debug][gc,phases      ] GC(124)     Total                          Min: 0, Avg: 181.0, Max: 532, Diff: 532, Sum: 724, Workers: 4
[1431.382s][debug][gc,phases      ] GC(124)   ObjectSynchronizer Weak        Min:  0.0, Avg:  0.0, Max:  0.0, Diff:  0.0, Sum:  0.0, Workers: 4
[1431.382s][debug][gc,phases      ] GC(124)     Dead                           Min: 0, Avg:  0.0, Max: 0, Diff: 0, Sum: 0, Workers: 4
[1431.382s][debug][gc,phases      ] GC(124)     Total                          Min: 0, Avg:  1.2, Max: 5, Diff: 5, Sum: 5, Workers: 4
[1431.382s][debug][gc,phases      ] GC(124)   JVMTI Tag Weak OopStorage      Min:  0.0, Avg:  0.0, Max:  0.0, Diff:  0.0, Sum:  0.0, Workers: 4
[1431.382s][debug][gc,phases      ] GC(124)     Dead                           Min: 0, Avg:  0.0, Max: 0, Diff: 0, Sum: 0, Workers: 4
[1431.382s][debug][gc,phases      ] GC(124)     Total                          Min: 0, Avg:  0.0, Max: 0, Diff: 0, Sum: 0, Workers: 4
[1431.382s][debug][gc,phases      ] GC(124)   StringTable Weak               Min:  0.0, Avg:  0.1, Max:  0.1, Diff:  0.1, Sum:  0.3, Workers: 4
[1431.382s][debug][gc,phases      ] GC(124)     Dead                           Min: 0, Avg:  0.0, Max: 0, Diff: 0, Sum: 0, Workers: 4
[1431.382s][debug][gc,phases      ] GC(124)     Total                          Min: 0, Avg: 10887.2, Max: 19008, Diff: 19008, Sum: 43549, Workers: 4
[1431.382s][debug][gc,phases      ] GC(124)   ResolvedMethodTable Weak       Min:  0.0, Avg:  0.0, Max:  0.0, Diff:  0.0, Sum:  0.1, Workers: 4
[1431.382s][debug][gc,phases      ] GC(124)     Dead                           Min: 0, Avg:  0.0, Max: 0, Diff: 0, Sum: 0, Workers: 4
[1431.382s][debug][gc,phases      ] GC(124)     Total                          Min: 0, Avg: 2422.8, Max: 3264, Diff: 3264, Sum: 9691, Workers: 4
[1431.382s][debug][gc,phases      ] GC(124)   JNI Weak                       Min:  0.0, Avg:  0.0, Max:  0.0, Diff:  0.0, Sum:  0.0, Workers: 4
[1431.382s][debug][gc,phases      ] GC(124)     Dead                           Min: 0, Avg:  0.0, Max: 0, Diff: 0, Sum: 0, Workers: 4
[1431.382s][debug][gc,phases      ] GC(124)     Total                          Min: 0, Avg: 11.2, Max: 45, Diff: 45, Sum: 45, Workers: 4
[1431.382s][debug][gc,phases      ] GC(124)   StringDedup Table Weak         Min:  0.0, Avg:  0.0, Max:  0.0, Diff:  0.0, Sum:  0.0, Workers: 4
[1431.382s][debug][gc,phases      ] GC(124)     Dead                           Min: 0, Avg:  0.0, Max: 0, Diff: 0, Sum: 0, Workers: 4
[1431.382s][debug][gc,phases      ] GC(124)     Total                          Min: 0, Avg:  0.0, Max: 0, Diff: 0, Sum: 0, Workers: 4
[1431.382s][debug][gc,phases      ] GC(124)   StringDedup Requests0 Weak     Min:  0.0, Avg:  0.0, Max:  0.0, Diff:  0.0, Sum:  0.0, Workers: 4
[1431.382s][debug][gc,phases      ] GC(124)     Dead                           Min: 0, Avg:  0.0, Max: 0, Diff: 0, Sum: 0, Workers: 4
[1431.382s][debug][gc,phases      ] GC(124)     Total                          Min: 0, Avg:  0.0, Max: 0, Diff: 0, Sum: 0, Workers: 4
[1431.382s][debug][gc,phases      ] GC(124)   StringDedup Requests1 Weak     Min:  0.0, Avg:  0.0, Max:  0.0, Diff:  0.0, Sum:  0.0, Workers: 4
[1431.382s][debug][gc,phases      ] GC(124)     Dead                           Min: 0, Avg:  0.0, Max: 0, Diff: 0, Sum: 0, Workers: 4
[1431.382s][debug][gc,phases      ] GC(124)     Total                          Min: 0, Avg:  0.0, Max: 0, Diff: 0, Sum: 0, Workers: 4
[1431.382s][debug][gc,phases      ] GC(124)   Weak JFR Old Object Samples    Min:  0.0, Avg:  0.0, Max:  0.0, Diff:  0.0, Sum:  0.0, Workers: 4
[1431.382s][debug][gc,phases      ] GC(124)     Dead                           Min: 0, Avg:  0.0, Max: 0, Diff: 0, Sum: 0, Workers: 4
[1431.382s][debug][gc,phases      ] GC(124)     Total                          Min: 0, Avg:  0.0, Max: 0, Diff: 0, Sum: 0, Workers: 4
[1431.382s][debug][gc,phases      ] GC(124) Weak Processing 0.325ms
[1431.382s][debug][gc,age         ] GC(124) Desired survivor size 69206016 bytes, new threshold 15 (max threshold 15)
[1431.382s][info ][gc,heap        ] GC(124) PSYoungGen: 2001744K(2029568K)->36592K(2001920K) Eden: 1965056K(1965056K)->0K(1965056K) From: 36688K(64512K)->36592K(36864K)
[1431.382s][info ][gc,heap        ] GC(124) ParOldGen: 341252K(359936K)->341260K(359936K)
[1431.382s][info ][gc,metaspace   ] GC(124) Metaspace: 82648K(83584K)->82648K(83584K) NonClass: 70664K(71168K)->70664K(71168K) Class: 11983K(12416K)->11983K(12416K)
[1431.382s][info ][gc             ] GC(124) Pause Young (Allocation Failure) 2288M->368M(2306M) 12.921ms
[1431.382s][info ][gc,cpu         ] GC(124) User=0.04s Sys=0.00s Real=0.01s
[1431.382s][info ][safepoint      ] Safepoint "ParallelGCFailedAllocation", Time since last: 6841781915 ns, Reaching safepoint: 75300 ns, Cleanup: 28200 ns, At safepoint: 12993597 ns, Total: 13097097 ns
[1441.516s][info ][gc,start       ] GC(125) Pause Young (Allocation Failure)
[1441.529s][debug][gc,phases      ] GC(125) Scavenge 13.028ms
[1441.529s][debug][gc,ref         ] GC(125) Skipped phase 1 of Reference Processing: no references
[1441.529s][debug][gc,ref         ] GC(125) ReferenceProcessor::execute queues: 1, RefProcThreadModel::Single, marks_oops_alive: false
[1441.529s][debug][gc,ref         ] GC(125) Skipped phase 3 of Reference Processing: no references
[1441.529s][debug][gc,ref         ] GC(125) ReferenceProcessor::execute queues: 1, RefProcThreadModel::Single, marks_oops_alive: false
[1441.529s][debug][gc,phases      ] GC(125) Reference Processing 0.095ms
[1441.529s][debug][gc,phases      ] GC(125)   VM Weak                        Min:  0.0, Avg:  0.0, Max:  0.0, Diff:  0.0, Sum:  0.0, Workers: 4
[1441.529s][debug][gc,phases      ] GC(125)     Dead                           Min: 0, Avg:  0.0, Max: 0, Diff: 0, Sum: 0, Workers: 4
[1441.529s][debug][gc,phases      ] GC(125)     Total                          Min: 0, Avg: 181.0, Max: 724, Diff: 724, Sum: 724, Workers: 4
[1441.529s][debug][gc,phases      ] GC(125)   ObjectSynchronizer Weak        Min:  0.0, Avg:  0.0, Max:  0.0, Diff:  0.0, Sum:  0.0, Workers: 4
[1441.529s][debug][gc,phases      ] GC(125)     Dead                           Min: 0, Avg:  0.0, Max: 0, Diff: 0, Sum: 0, Workers: 4
[1441.529s][debug][gc,phases      ] GC(125)     Total                          Min: 0, Avg:  1.0, Max: 4, Diff: 4, Sum: 4, Workers: 4
[1441.529s][debug][gc,phases      ] GC(125)   JVMTI Tag Weak OopStorage      Min:  0.0, Avg:  0.0, Max:  0.0, Diff:  0.0, Sum:  0.0, Workers: 4
[1441.529s][debug][gc,phases      ] GC(125)     Dead                           Min: 0, Avg:  0.0, Max: 0, Diff: 0, Sum: 0, Workers: 4
[1441.529s][debug][gc,phases      ] GC(125)     Total                          Min: 0, Avg:  0.0, Max: 0, Diff: 0, Sum: 0, Workers: 4
[1441.529s][debug][gc,phases      ] GC(125)   StringTable Weak               Min:  0.0, Avg:  0.1, Max:  0.1, Diff:  0.1, Sum:  0.3, Workers: 4
[1441.529s][debug][gc,phases      ] GC(125)     Dead                           Min: 0, Avg:  0.0, Max: 0, Diff: 0, Sum: 0, Workers: 4
[1441.529s][debug][gc,phases      ] GC(125)     Total                          Min: 0, Avg: 10887.2, Max: 18525, Diff: 18525, Sum: 43549, Workers: 4
[1441.529s][debug][gc,phases      ] GC(125)   ResolvedMethodTable Weak       Min:  0.0, Avg:  0.0, Max:  0.0, Diff:  0.0, Sum:  0.1, Workers: 4
[1441.529s][debug][gc,phases      ] GC(125)     Dead                           Min: 0, Avg:  0.0, Max: 0, Diff: 0, Sum: 0, Workers: 4
[1441.529s][debug][gc,phases      ] GC(125)     Total                          Min: 0, Avg: 2422.8, Max: 4288, Diff: 4288, Sum: 9691, Workers: 4
[1441.529s][debug][gc,phases      ] GC(125)   JNI Weak                       Min:  0.0, Avg:  0.0, Max:  0.0, Diff:  0.0, Sum:  0.0, Workers: 4
[1441.529s][debug][gc,phases      ] GC(125)     Dead                           Min: 0, Avg:  0.0, Max: 0, Diff: 0, Sum: 0, Workers: 4
[1441.529s][debug][gc,phases      ] GC(125)     Total                          Min: 0, Avg: 11.2, Max: 45, Diff: 45, Sum: 45, Workers: 4
[1441.529s][debug][gc,phases      ] GC(125)   StringDedup Table Weak         Min:  0.0, Avg:  0.0, Max:  0.0, Diff:  0.0, Sum:  0.0, Workers: 4
[1441.529s][debug][gc,phases      ] GC(125)     Dead                           Min: 0, Avg:  0.0, Max: 0, Diff: 0, Sum: 0, Workers: 4
[1441.529s][debug][gc,phases      ] GC(125)     Total                          Min: 0, Avg:  0.0, Max: 0, Diff: 0, Sum: 0, Workers: 4
[1441.529s][debug][gc,phases      ] GC(125)   StringDedup Requests0 Weak     Min:  0.0, Avg:  0.0, Max:  0.0, Diff:  0.0, Sum:  0.0, Workers: 4
[1441.529s][debug][gc,phases      ] GC(125)     Dead                           Min: 0, Avg:  0.0, Max: 0, Diff: 0, Sum: 0, Workers: 4
[1441.529s][debug][gc,phases      ] GC(125)     Total                          Min: 0, Avg:  0.0, Max: 0, Diff: 0, Sum: 0, Workers: 4
[1441.529s][debug][gc,phases      ] GC(125)   StringDedup Requests1 Weak     Min:  0.0, Avg:  0.0, Max:  0.0, Diff:  0.0, Sum:  0.0, Workers: 4
[1441.529s][debug][gc,phases      ] GC(125)     Dead                           Min: 0, Avg:  0.0, Max: 0, Diff: 0, Sum: 0, Workers: 4
[1441.529s][debug][gc,phases      ] GC(125)     Total                          Min: 0, Avg:  0.0, Max: 0, Diff: 0, Sum: 0, Workers: 4
[1441.529s][debug][gc,phases      ] GC(125)   Weak JFR Old Object Samples    Min:  0.0, Avg:  0.0, Max:  0.0, Diff:  0.0, Sum:  0.0, Workers: 4
[1441.529s][debug][gc,phases      ] GC(125)     Dead                           Min: 0, Avg:  0.0, Max: 0, Diff: 0, Sum: 0, Workers: 4
[1441.529s][debug][gc,phases      ] GC(125)     Total                          Min: 0, Avg:  0.0, Max: 0, Diff: 0, Sum: 0, Workers: 4
[1441.529s][debug][gc,phases      ] GC(125) Weak Processing 0.322ms
[1441.529s][debug][gc,age         ] GC(125) Desired survivor size 69730304 bytes, new threshold 15 (max threshold 15)
[1441.529s][info ][gc,heap        ] GC(125) PSYoungGen: 2001648K(2001920K)->36560K(2028544K) Eden: 1965056K(1965056K)->0K(1960960K) From: 36592K(36864K)->36560K(67584K)
[1441.529s][info ][gc,heap        ] GC(125) ParOldGen: 341260K(359936K)->341292K(359936K)
[1441.530s][info ][gc,metaspace   ] GC(125) Metaspace: 82660K(83584K)->82660K(83584K) NonClass: 70677K(71168K)->70677K(71168K) Class: 11983K(12416K)->11983K(12416K)
[1441.530s][info ][gc             ] GC(125) Pause Young (Allocation Failure) 2287M->368M(2332M) 13.562ms
[1441.530s][info ][gc,cpu         ] GC(125) User=0.04s Sys=0.00s Real=0.02s
[1441.530s][info ][safepoint      ] Safepoint "ParallelGCFailedAllocation", Time since last: 10133538746 ns, Reaching safepoint: 75700 ns, Cleanup: 28400 ns, At safepoint: 13635697 ns, Total: 13739797 ns
[1451.316s][info ][safepoint      ] Safepoint "ParallelGCFailedAllocation", Time since last: 9786180186 ns, Reaching safepoint: 77900 ns, Cleanup: 26100 ns, At safepoint: 13400 ns, Total: 117400 ns
[1451.316s][info ][gc,start       ] GC(126) Pause Young (GCLocker Initiated GC)
[1451.330s][debug][gc,phases      ] GC(126) Scavenge 14.035ms
[1451.330s][debug][gc,ref         ] GC(126) Skipped phase 1 of Reference Processing: no references
[1451.330s][debug][gc,ref         ] GC(126) ReferenceProcessor::execute queues: 1, RefProcThreadModel::Single, marks_oops_alive: false
[1451.330s][debug][gc,ref         ] GC(126) Skipped phase 3 of Reference Processing: no references
[1451.330s][debug][gc,ref         ] GC(126) ReferenceProcessor::execute queues: 1, RefProcThreadModel::Single, marks_oops_alive: false
[1451.330s][debug][gc,phases      ] GC(126) Reference Processing 0.105ms
[1451.330s][debug][gc,phases      ] GC(126)   VM Weak                        Min:  0.0, Avg:  0.0, Max:  0.0, Diff:  0.0, Sum:  0.0, Workers: 4
[1451.330s][debug][gc,phases      ] GC(126)     Dead                           Min: 0, Avg:  0.0, Max: 0, Diff: 0, Sum: 0, Workers: 4
[1451.330s][debug][gc,phases      ] GC(126)     Total                          Min: 0, Avg: 181.0, Max: 532, Diff: 532, Sum: 724, Workers: 4
[1451.330s][debug][gc,phases      ] GC(126)   ObjectSynchronizer Weak        Min:  0.0, Avg:  0.0, Max:  0.0, Diff:  0.0, Sum:  0.0, Workers: 4
[1451.331s][debug][gc,phases      ] GC(126)     Dead                           Min: 0, Avg:  0.0, Max: 0, Diff: 0, Sum: 0, Workers: 4
[1451.331s][debug][gc,phases      ] GC(126)     Total                          Min: 0, Avg:  1.2, Max: 5, Diff: 5, Sum: 5, Workers: 4
[1451.331s][debug][gc,phases      ] GC(126)   JVMTI Tag Weak OopStorage      Min:  0.0, Avg:  0.0, Max:  0.0, Diff:  0.0, Sum:  0.0, Workers: 4
[1451.331s][debug][gc,phases      ] GC(126)     Dead                           Min: 0, Avg:  0.0, Max: 0, Diff: 0, Sum: 0, Workers: 4
[1451.331s][debug][gc,phases      ] GC(126)     Total                          Min: 0, Avg:  0.0, Max: 0, Diff: 0, Sum: 0, Workers: 4
[1451.331s][debug][gc,phases      ] GC(126)   StringTable Weak               Min:  0.0, Avg:  0.1, Max:  0.1, Diff:  0.1, Sum:  0.4, Workers: 4
[1451.331s][debug][gc,phases      ] GC(126)     Dead                           Min: 0, Avg:  0.0, Max: 0, Diff: 0, Sum: 0, Workers: 4
[1451.331s][debug][gc,phases      ] GC(126)     Total                          Min: 0, Avg: 10887.2, Max: 17949, Diff: 17949, Sum: 43549, Workers: 4
[1451.331s][debug][gc,phases      ] GC(126)   ResolvedMethodTable Weak       Min:  0.0, Avg:  0.0, Max:  0.0, Diff:  0.0, Sum:  0.1, Workers: 4
[1451.331s][debug][gc,phases      ] GC(126)     Dead                           Min: 0, Avg:  0.0, Max: 0, Diff: 0, Sum: 0, Workers: 4
[1451.331s][debug][gc,phases      ] GC(126)     Total                          Min: 0, Avg: 2422.8, Max: 4287, Diff: 4287, Sum: 9691, Workers: 4
[1451.331s][debug][gc,phases      ] GC(126)   JNI Weak                       Min:  0.0, Avg:  0.0, Max:  0.0, Diff:  0.0, Sum:  0.0, Workers: 4
[1451.331s][debug][gc,phases      ] GC(126)     Dead                           Min: 0, Avg:  0.0, Max: 0, Diff: 0, Sum: 0, Workers: 4
[1451.331s][debug][gc,phases      ] GC(126)     Total                          Min: 0, Avg: 11.2, Max: 45, Diff: 45, Sum: 45, Workers: 4
[1451.331s][debug][gc,phases      ] GC(126)   StringDedup Table Weak         Min:  0.0, Avg:  0.0, Max:  0.0, Diff:  0.0, Sum:  0.0, Workers: 4
[1451.331s][debug][gc,phases      ] GC(126)     Dead                           Min: 0, Avg:  0.0, Max: 0, Diff: 0, Sum: 0, Workers: 4
[1451.331s][debug][gc,phases      ] GC(126)     Total                          Min: 0, Avg:  0.0, Max: 0, Diff: 0, Sum: 0, Workers: 4
[1451.331s][debug][gc,phases      ] GC(126)   StringDedup Requests0 Weak     Min:  0.0, Avg:  0.0, Max:  0.0, Diff:  0.0, Sum:  0.0, Workers: 4
[1451.331s][debug][gc,phases      ] GC(126)     Dead                           Min: 0, Avg:  0.0, Max: 0, Diff: 0, Sum: 0, Workers: 4
[1451.331s][debug][gc,phases      ] GC(126)     Total                          Min: 0, Avg:  0.0, Max: 0, Diff: 0, Sum: 0, Workers: 4
[1451.331s][debug][gc,phases      ] GC(126)   StringDedup Requests1 Weak     Min:  0.0, Avg:  0.0, Max:  0.0, Diff:  0.0, Sum:  0.0, Workers: 4
[1451.331s][debug][gc,phases      ] GC(126)     Dead                           Min: 0, Avg:  0.0, Max: 0, Diff: 0, Sum: 0, Workers: 4
[1451.331s][debug][gc,phases      ] GC(126)     Total                          Min: 0, Avg:  0.0, Max: 0, Diff: 0, Sum: 0, Workers: 4
[1451.331s][debug][gc,phases      ] GC(126)   Weak JFR Old Object Samples    Min:  0.0, Avg:  0.0, Max:  0.0, Diff:  0.0, Sum:  0.0, Workers: 4
[1451.331s][debug][gc,phases      ] GC(126)     Dead                           Min: 0, Avg:  0.0, Max: 0, Diff: 0, Sum: 0, Workers: 4
[1451.331s][debug][gc,phases      ] GC(126)     Total                          Min: 0, Avg:  0.0, Max: 0, Diff: 0, Sum: 0, Workers: 4
[1451.331s][debug][gc,phases      ] GC(126) Weak Processing 0.335ms
[1451.331s][debug][gc,age         ] GC(126) Desired survivor size 69730304 bytes, new threshold 15 (max threshold 15)
[1451.331s][info ][gc,heap        ] GC(126) PSYoungGen: 1997520K(2028544K)->36576K(2029056K) Eden: 1960960K(1960960K)->0K(1960960K) From: 36560K(67584K)->36576K(68096K)
[1451.331s][info ][gc,heap        ] GC(126) ParOldGen: 341294K(359936K)->341318K(359936K)
[1451.331s][info ][gc,metaspace   ] GC(126) Metaspace: 82668K(83584K)->82668K(83584K) NonClass: 70685K(71168K)->70685K(71168K) Class: 11983K(12416K)->11983K(12416K)
[1451.331s][info ][gc             ] GC(126) Pause Young (GCLocker Initiated GC) 2283M->369M(2333M) 14.577ms
[1451.331s][info ][gc,cpu         ] GC(126) User=0.04s Sys=0.00s Real=0.02s
[1451.331s][info ][safepoint      ] Safepoint "ParallelGCSystemGC", Time since last: 106900 ns, Reaching safepoint: 74900 ns, Cleanup: 15100 ns, At safepoint: 14645098 ns, Total: 14735098 ns
[1461.411s][info ][gc,start       ] GC(127) Pause Young (Allocation Failure)
[1461.426s][debug][gc,phases      ] GC(127) Scavenge 14.539ms
[1461.426s][debug][gc,ref         ] GC(127) Skipped phase 1 of Reference Processing: no references
[1461.426s][debug][gc,ref         ] GC(127) ReferenceProcessor::execute queues: 1, RefProcThreadModel::Single, marks_oops_alive: false
[1461.426s][debug][gc,ref         ] GC(127) Skipped phase 3 of Reference Processing: no references
[1461.426s][debug][gc,ref         ] GC(127) ReferenceProcessor::execute queues: 1, RefProcThreadModel::Single, marks_oops_alive: false
[1461.426s][debug][gc,phases      ] GC(127) Reference Processing 0.095ms
[1461.426s][debug][gc,phases      ] GC(127)   VM Weak                        Min:  0.0, Avg:  0.0, Max:  0.0, Diff:  0.0, Sum:  0.0, Workers: 4
[1461.426s][debug][gc,phases      ] GC(127)     Dead                           Min: 0, Avg:  0.0, Max: 0, Diff: 0, Sum: 0, Workers: 4
[1461.426s][debug][gc,phases      ] GC(127)     Total                          Min: 0, Avg: 181.0, Max: 340, Diff: 340, Sum: 724, Workers: 4
[1461.426s][debug][gc,phases      ] GC(127)   ObjectSynchronizer Weak        Min:  0.0, Avg:  0.0, Max:  0.0, Diff:  0.0, Sum:  0.0, Workers: 4
[1461.426s][debug][gc,phases      ] GC(127)     Dead                           Min: 0, Avg:  0.0, Max: 0, Diff: 0, Sum: 0, Workers: 4
[1461.426s][debug][gc,phases      ] GC(127)     Total                          Min: 0, Avg:  1.2, Max: 5, Diff: 5, Sum: 5, Workers: 4
[1461.426s][debug][gc,phases      ] GC(127)   JVMTI Tag Weak OopStorage      Min:  0.0, Avg:  0.0, Max:  0.0, Diff:  0.0, Sum:  0.0, Workers: 4
[1461.426s][debug][gc,phases      ] GC(127)     Dead                           Min: 0, Avg:  0.0, Max: 0, Diff: 0, Sum: 0, Workers: 4
[1461.426s][debug][gc,phases      ] GC(127)     Total                          Min: 0, Avg:  0.0, Max: 0, Diff: 0, Sum: 0, Workers: 4
[1461.426s][debug][gc,phases      ] GC(127)   StringTable Weak               Min:  0.0, Avg:  0.1, Max:  0.1, Diff:  0.1, Sum:  0.4, Workers: 4
[1461.426s][debug][gc,phases      ] GC(127)     Dead                           Min: 0, Avg:  0.0, Max: 0, Diff: 0, Sum: 0, Workers: 4
[1461.426s][debug][gc,phases      ] GC(127)     Total                          Min: 0, Avg: 10887.2, Max: 18845, Diff: 18845, Sum: 43549, Workers: 4
[1461.426s][debug][gc,phases      ] GC(127)   ResolvedMethodTable Weak       Min:  0.0, Avg:  0.0, Max:  0.0, Diff:  0.0, Sum:  0.1, Workers: 4
[1461.426s][debug][gc,phases      ] GC(127)     Dead                           Min: 0, Avg:  0.0, Max: 0, Diff: 0, Sum: 0, Workers: 4
[1461.426s][debug][gc,phases      ] GC(127)     Total                          Min: 0, Avg: 2422.8, Max: 4287, Diff: 4287, Sum: 9691, Workers: 4
[1461.426s][debug][gc,phases      ] GC(127)   JNI Weak                       Min:  0.0, Avg:  0.0, Max:  0.0, Diff:  0.0, Sum:  0.0, Workers: 4
[1461.426s][debug][gc,phases      ] GC(127)     Dead                           Min: 0, Avg:  0.0, Max: 0, Diff: 0, Sum: 0, Workers: 4
[1461.426s][debug][gc,phases      ] GC(127)     Total                          Min: 0, Avg: 11.2, Max: 45, Diff: 45, Sum: 45, Workers: 4
[1461.426s][debug][gc,phases      ] GC(127)   StringDedup Table Weak         Min:  0.0, Avg:  0.0, Max:  0.0, Diff:  0.0, Sum:  0.0, Workers: 4
[1461.426s][debug][gc,phases      ] GC(127)     Dead                           Min: 0, Avg:  0.0, Max: 0, Diff: 0, Sum: 0, Workers: 4
[1461.426s][debug][gc,phases      ] GC(127)     Total                          Min: 0, Avg:  0.0, Max: 0, Diff: 0, Sum: 0, Workers: 4
[1461.426s][debug][gc,phases      ] GC(127)   StringDedup Requests0 Weak     Min:  0.0, Avg:  0.0, Max:  0.0, Diff:  0.0, Sum:  0.0, Workers: 4
[1461.426s][debug][gc,phases      ] GC(127)     Dead                           Min: 0, Avg:  0.0, Max: 0, Diff: 0, Sum: 0, Workers: 4
[1461.426s][debug][gc,phases      ] GC(127)     Total                          Min: 0, Avg:  0.0, Max: 0, Diff: 0, Sum: 0, Workers: 4
[1461.426s][debug][gc,phases      ] GC(127)   StringDedup Requests1 Weak     Min:  0.0, Avg:  0.0, Max:  0.0, Diff:  0.0, Sum:  0.0, Workers: 4
[1461.426s][debug][gc,phases      ] GC(127)     Dead                           Min: 0, Avg:  0.0, Max: 0, Diff: 0, Sum: 0, Workers: 4
[1461.426s][debug][gc,phases      ] GC(127)     Total                          Min: 0, Avg:  0.0, Max: 0, Diff: 0, Sum: 0, Workers: 4
[1461.426s][debug][gc,phases      ] GC(127)   Weak JFR Old Object Samples    Min:  0.0, Avg:  0.0, Max:  0.0, Diff:  0.0, Sum:  0.0, Workers: 4
[1461.426s][debug][gc,phases      ] GC(127)     Dead                           Min: 0, Avg:  0.0, Max: 0, Diff: 0, Sum: 0, Workers: 4
[1461.426s][debug][gc,phases      ] GC(127)     Total                          Min: 0, Avg:  0.0, Max: 0, Diff: 0, Sum: 0, Workers: 4
[1461.426s][debug][gc,phases      ] GC(127) Weak Processing 0.332ms
[1461.426s][debug][gc,age         ] GC(127) Desired survivor size 69730304 bytes, new threshold 15 (max threshold 15)
[1461.426s][info ][gc,heap        ] GC(127) PSYoungGen: 1997536K(2029056K)->36608K(2029056K) Eden: 1960960K(1960960K)->0K(1960960K) From: 36576K(68096K)->36608K(68096K)
[1461.426s][info ][gc,heap        ] GC(127) ParOldGen: 341320K(359936K)->341328K(359936K)
[1461.426s][info ][gc,metaspace   ] GC(127) Metaspace: 82668K(83584K)->82668K(83584K) NonClass: 70685K(71168K)->70685K(71168K) Class: 11983K(12416K)->11983K(12416K)
[1461.426s][info ][gc             ] GC(127) Pause Young (Allocation Failure) 2284M->369M(2333M) 15.092ms
[1461.426s][info ][gc,cpu         ] GC(127) User=0.05s Sys=0.00s Real=0.01s
[1461.426s][info ][safepoint      ] Safepoint "ParallelGCFailedAllocation", Time since last: 10080566432 ns, Reaching safepoint: 3800 ns, Cleanup: 20800 ns, At safepoint: 15167197 ns, Total: 15191797 ns
[1462.427s][info ][safepoint      ] Safepoint "Cleanup", Time since last: 1000078527 ns, Reaching safepoint: 4300 ns, Cleanup: 34300 ns, At safepoint: 3100 ns, Total: 41700 ns
[1467.427s][info ][safepoint      ] Safepoint "Cleanup", Time since last: 5000330934 ns, Reaching safepoint: 4100 ns, Cleanup: 32900 ns, At safepoint: 3100 ns, Total: 40100 ns
[1471.013s][info ][gc,start       ] GC(128) Pause Young (Allocation Failure)
[1471.028s][debug][gc,phases      ] GC(128) Scavenge 15.126ms
[1471.028s][debug][gc,ref         ] GC(128) Skipped phase 1 of Reference Processing: no references
[1471.028s][debug][gc,ref         ] GC(128) ReferenceProcessor::execute queues: 1, RefProcThreadModel::Single, marks_oops_alive: false
[1471.028s][debug][gc,ref         ] GC(128) Skipped phase 3 of Reference Processing: no references
[1471.028s][debug][gc,ref         ] GC(128) ReferenceProcessor::execute queues: 1, RefProcThreadModel::Single, marks_oops_alive: false
[1471.028s][debug][gc,phases      ] GC(128) Reference Processing 0.100ms
[1471.028s][debug][gc,phases      ] GC(128)   VM Weak                        Min:  0.0, Avg:  0.0, Max:  0.0, Diff:  0.0, Sum:  0.0, Workers: 4
[1471.028s][debug][gc,phases      ] GC(128)     Dead                           Min: 0, Avg:  0.0, Max: 0, Diff: 0, Sum: 0, Workers: 4
[1471.028s][debug][gc,phases      ] GC(128)     Total                          Min: 20, Avg: 181.0, Max: 512, Diff: 492, Sum: 724, Workers: 4
[1471.028s][debug][gc,phases      ] GC(128)   ObjectSynchronizer Weak        Min:  0.0, Avg:  0.0, Max:  0.0, Diff:  0.0, Sum:  0.0, Workers: 4
[1471.028s][debug][gc,phases      ] GC(128)     Dead                           Min: 0, Avg:  0.0, Max: 0, Diff: 0, Sum: 0, Workers: 4
[1471.028s][debug][gc,phases      ] GC(128)     Total                          Min: 0, Avg:  1.2, Max: 5, Diff: 5, Sum: 5, Workers: 4
[1471.028s][debug][gc,phases      ] GC(128)   JVMTI Tag Weak OopStorage      Min:  0.0, Avg:  0.0, Max:  0.0, Diff:  0.0, Sum:  0.0, Workers: 4
[1471.028s][debug][gc,phases      ] GC(128)     Dead                           Min: 0, Avg:  0.0, Max: 0, Diff: 0, Sum: 0, Workers: 4
[1471.028s][debug][gc,phases      ] GC(128)     Total                          Min: 0, Avg:  0.0, Max: 0, Diff: 0, Sum: 0, Workers: 4
[1471.028s][debug][gc,phases      ] GC(128)   StringTable Weak               Min:  0.1, Avg:  0.1, Max:  0.1, Diff:  0.0, Sum:  0.4, Workers: 4
[1471.028s][debug][gc,phases      ] GC(128)     Dead                           Min: 0, Avg:  0.0, Max: 0, Diff: 0, Sum: 0, Workers: 4
[1471.028s][debug][gc,phases      ] GC(128)     Total                          Min: 10653, Avg: 10887.2, Max: 11072, Diff: 419, Sum: 43549, Workers: 4
[1471.028s][debug][gc,phases      ] GC(128)   ResolvedMethodTable Weak       Min:  0.0, Avg:  0.0, Max:  0.0, Diff:  0.0, Sum:  0.1, Workers: 4
[1471.028s][debug][gc,phases      ] GC(128)     Dead                           Min: 0, Avg:  0.0, Max: 0, Diff: 0, Sum: 0, Workers: 4
[1471.028s][debug][gc,phases      ] GC(128)     Total                          Min: 2368, Avg: 2422.8, Max: 2496, Diff: 128, Sum: 9691, Workers: 4
[1471.028s][debug][gc,phases      ] GC(128)   JNI Weak                       Min:  0.0, Avg:  0.0, Max:  0.0, Diff:  0.0, Sum:  0.0, Workers: 4
[1471.028s][debug][gc,phases      ] GC(128)     Dead                           Min: 0, Avg:  0.0, Max: 0, Diff: 0, Sum: 0, Workers: 4
[1471.028s][debug][gc,phases      ] GC(128)     Total                          Min: 0, Avg: 11.2, Max: 45, Diff: 45, Sum: 45, Workers: 4
[1471.028s][debug][gc,phases      ] GC(128)   StringDedup Table Weak         Min:  0.0, Avg:  0.0, Max:  0.0, Diff:  0.0, Sum:  0.0, Workers: 4
[1471.028s][debug][gc,phases      ] GC(128)     Dead                           Min: 0, Avg:  0.0, Max: 0, Diff: 0, Sum: 0, Workers: 4
[1471.028s][debug][gc,phases      ] GC(128)     Total                          Min: 0, Avg:  0.0, Max: 0, Diff: 0, Sum: 0, Workers: 4
[1471.028s][debug][gc,phases      ] GC(128)   StringDedup Requests0 Weak     Min:  0.0, Avg:  0.0, Max:  0.0, Diff:  0.0, Sum:  0.0, Workers: 4
[1471.028s][debug][gc,phases      ] GC(128)     Dead                           Min: 0, Avg:  0.0, Max: 0, Diff: 0, Sum: 0, Workers: 4
[1471.028s][debug][gc,phases      ] GC(128)     Total                          Min: 0, Avg:  0.0, Max: 0, Diff: 0, Sum: 0, Workers: 4
[1471.028s][debug][gc,phases      ] GC(128)   StringDedup Requests1 Weak     Min:  0.0, Avg:  0.0, Max:  0.0, Diff:  0.0, Sum:  0.0, Workers: 4
[1471.028s][debug][gc,phases      ] GC(128)     Dead                           Min: 0, Avg:  0.0, Max: 0, Diff: 0, Sum: 0, Workers: 4
[1471.028s][debug][gc,phases      ] GC(128)     Total                          Min: 0, Avg:  0.0, Max: 0, Diff: 0, Sum: 0, Workers: 4
[1471.028s][debug][gc,phases      ] GC(128)   Weak JFR Old Object Samples    Min:  0.0, Avg:  0.0, Max:  0.0, Diff:  0.0, Sum:  0.0, Workers: 4
[1471.028s][debug][gc,phases      ] GC(128)     Dead                           Min: 0, Avg:  0.0, Max: 0, Diff: 0, Sum: 0, Workers: 4
[1471.028s][debug][gc,phases      ] GC(128)     Total                          Min: 0, Avg:  0.0, Max: 0, Diff: 0, Sum: 0, Workers: 4
[1471.028s][debug][gc,phases      ] GC(128) Weak Processing 0.287ms
[1471.028s][debug][gc,age         ] GC(128) Desired survivor size 69206016 bytes, new threshold 15 (max threshold 15)
[1471.028s][info ][gc,heap        ] GC(128) PSYoungGen: 1997568K(2029056K)->36576K(2029056K) Eden: 1960960K(1960960K)->0K(1960960K) From: 36608K(68096K)->36576K(68096K)
[1471.028s][info ][gc,heap        ] GC(128) ParOldGen: 341328K(359936K)->341360K(359936K)
[1471.029s][info ][gc,metaspace   ] GC(128) Metaspace: 82668K(83584K)->82668K(83584K) NonClass: 70685K(71168K)->70685K(71168K) Class: 11983K(12416K)->11983K(12416K)
[1471.029s][info ][gc             ] GC(128) Pause Young (Allocation Failure) 2284M->369M(2333M) 15.627ms
[1471.029s][info ][gc,cpu         ] GC(128) User=0.04s Sys=0.00s Real=0.02s
[1471.029s][info ][safepoint      ] Safepoint "ParallelGCFailedAllocation", Time since last: 3585884004 ns, Reaching safepoint: 4000 ns, Cleanup: 18300 ns, At safepoint: 15696997 ns, Total: 15719297 ns
[1472.029s][info ][safepoint      ] Safepoint "Cleanup", Time since last: 1000083305 ns, Reaching safepoint: 4200 ns, Cleanup: 36700 ns, At safepoint: 3900 ns, Total: 44800 ns
[1475.029s][info ][safepoint      ] Safepoint "Cleanup", Time since last: 3000180112 ns, Reaching safepoint: 3500 ns, Cleanup: 36900 ns, At safepoint: 2800 ns, Total: 43200 ns
[1479.029s][info ][safepoint      ] Safepoint "Cleanup", Time since last: 4000297079 ns, Reaching safepoint: 4000 ns, Cleanup: 35600 ns, At safepoint: 22300 ns, Total: 61900 ns
[1480.265s][info ][gc,start       ] GC(129) Pause Young (Allocation Failure)
[1480.279s][debug][gc,phases      ] GC(129) Scavenge 13.982ms
[1480.279s][debug][gc,ref         ] GC(129) Skipped phase 1 of Reference Processing: no references
[1480.279s][debug][gc,ref         ] GC(129) ReferenceProcessor::execute queues: 1, RefProcThreadModel::Single, marks_oops_alive: false
[1480.279s][debug][gc,ref         ] GC(129) Skipped phase 3 of Reference Processing: no references
[1480.279s][debug][gc,ref         ] GC(129) ReferenceProcessor::execute queues: 1, RefProcThreadModel::Single, marks_oops_alive: false
[1480.279s][debug][gc,phases      ] GC(129) Reference Processing 0.092ms
[1480.279s][debug][gc,phases      ] GC(129)   VM Weak                        Min:  0.0, Avg:  0.0, Max:  0.0, Diff:  0.0, Sum:  0.0, Workers: 4
[1480.279s][debug][gc,phases      ] GC(129)     Dead                           Min: 0, Avg:  0.0, Max: 0, Diff: 0, Sum: 0, Workers: 4
[1480.279s][debug][gc,phases      ] GC(129)     Total                          Min: 0, Avg: 181.0, Max: 532, Diff: 532, Sum: 724, Workers: 4
[1480.279s][debug][gc,phases      ] GC(129)   ObjectSynchronizer Weak        Min:  0.0, Avg:  0.0, Max:  0.0, Diff:  0.0, Sum:  0.0, Workers: 4
[1480.279s][debug][gc,phases      ] GC(129)     Dead                           Min: 0, Avg:  0.0, Max: 0, Diff: 0, Sum: 0, Workers: 4
[1480.279s][debug][gc,phases      ] GC(129)     Total                          Min: 0, Avg:  1.2, Max: 5, Diff: 5, Sum: 5, Workers: 4
[1480.279s][debug][gc,phases      ] GC(129)   JVMTI Tag Weak OopStorage      Min:  0.0, Avg:  0.0, Max:  0.0, Diff:  0.0, Sum:  0.0, Workers: 4
[1480.279s][debug][gc,phases      ] GC(129)     Dead                           Min: 0, Avg:  0.0, Max: 0, Diff: 0, Sum: 0, Workers: 4
[1480.279s][debug][gc,phases      ] GC(129)     Total                          Min: 0, Avg:  0.0, Max: 0, Diff: 0, Sum: 0, Workers: 4
[1480.279s][debug][gc,phases      ] GC(129)   StringTable Weak               Min:  0.0, Avg:  0.1, Max:  0.1, Diff:  0.1, Sum:  0.4, Workers: 4
[1480.279s][debug][gc,phases      ] GC(129)     Dead                           Min: 0, Avg:  0.0, Max: 0, Diff: 0, Sum: 0, Workers: 4
[1480.279s][debug][gc,phases      ] GC(129)     Total                          Min: 0, Avg: 10887.2, Max: 19357, Diff: 19357, Sum: 43549, Workers: 4
[1480.279s][debug][gc,phases      ] GC(129)   ResolvedMethodTable Weak       Min:  0.0, Avg:  0.0, Max:  0.0, Diff:  0.0, Sum:  0.1, Workers: 4
[1480.279s][debug][gc,phases      ] GC(129)     Dead                           Min: 0, Avg:  0.0, Max: 0, Diff: 0, Sum: 0, Workers: 4
[1480.279s][debug][gc,phases      ] GC(129)     Total                          Min: 0, Avg: 2422.8, Max: 4160, Diff: 4160, Sum: 9691, Workers: 4
[1480.279s][debug][gc,phases      ] GC(129)   JNI Weak                       Min:  0.0, Avg:  0.0, Max:  0.0, Diff:  0.0, Sum:  0.0, Workers: 4
[1480.279s][debug][gc,phases      ] GC(129)     Dead                           Min: 0, Avg:  0.0, Max: 0, Diff: 0, Sum: 0, Workers: 4
[1480.279s][debug][gc,phases      ] GC(129)     Total                          Min: 0, Avg: 11.2, Max: 45, Diff: 45, Sum: 45, Workers: 4
[1480.279s][debug][gc,phases      ] GC(129)   StringDedup Table Weak         Min:  0.0, Avg:  0.0, Max:  0.0, Diff:  0.0, Sum:  0.0, Workers: 4
[1480.279s][debug][gc,phases      ] GC(129)     Dead                           Min: 0, Avg:  0.0, Max: 0, Diff: 0, Sum: 0, Workers: 4
[1480.279s][debug][gc,phases      ] GC(129)     Total                          Min: 0, Avg:  0.0, Max: 0, Diff: 0, Sum: 0, Workers: 4
[1480.279s][debug][gc,phases      ] GC(129)   StringDedup Requests0 Weak     Min:  0.0, Avg:  0.0, Max:  0.0, Diff:  0.0, Sum:  0.0, Workers: 4
[1480.279s][debug][gc,phases      ] GC(129)     Dead                           Min: 0, Avg:  0.0, Max: 0, Diff: 0, Sum: 0, Workers: 4
[1480.279s][debug][gc,phases      ] GC(129)     Total                          Min: 0, Avg:  0.0, Max: 0, Diff: 0, Sum: 0, Workers: 4
[1480.279s][debug][gc,phases      ] GC(129)   StringDedup Requests1 Weak     Min:  0.0, Avg:  0.0, Max:  0.0, Diff:  0.0, Sum:  0.0, Workers: 4
[1480.279s][debug][gc,phases      ] GC(129)     Dead                           Min: 0, Avg:  0.0, Max: 0, Diff: 0, Sum: 0, Workers: 4
[1480.279s][debug][gc,phases      ] GC(129)     Total                          Min: 0, Avg:  0.0, Max: 0, Diff: 0, Sum: 0, Workers: 4
[1480.279s][debug][gc,phases      ] GC(129)   Weak JFR Old Object Samples    Min:  0.0, Avg:  0.0, Max:  0.0, Diff:  0.0, Sum:  0.0, Workers: 4
[1480.279s][debug][gc,phases      ] GC(129)     Dead                           Min: 0, Avg:  0.0, Max: 0, Diff: 0, Sum: 0, Workers: 4
[1480.279s][debug][gc,phases      ] GC(129)     Total                          Min: 0, Avg:  0.0, Max: 0, Diff: 0, Sum: 0, Workers: 4
[1480.279s][debug][gc,phases      ] GC(129) Weak Processing 0.326ms
[1480.279s][debug][gc,age         ] GC(129) Desired survivor size 68681728 bytes, new threshold 15 (max threshold 15)
[1480.279s][info ][gc,heap        ] GC(129) PSYoungGen: 1997536K(2029056K)->36688K(2030080K) Eden: 1960960K(1960960K)->0K(1962496K) From: 36576K(68096K)->36688K(67584K)
[1480.279s][info ][gc,heap        ] GC(129) ParOldGen: 341360K(359936K)->341384K(359936K)
[1480.279s][info ][gc,metaspace   ] GC(129) Metaspace: 82669K(83584K)->82669K(83584K) NonClass: 70685K(71168K)->70685K(71168K) Class: 11983K(12416K)->11983K(12416K)
[1480.279s][info ][gc             ] GC(129) Pause Young (Allocation Failure) 2284M->369M(2334M) 14.515ms
[1480.279s][info ][gc,cpu         ] GC(129) User=0.05s Sys=0.00s Real=0.01s
[1480.279s][info ][safepoint      ] Safepoint "ParallelGCFailedAllocation", Time since last: 1235224744 ns, Reaching safepoint: 3700 ns, Cleanup: 19700 ns, At safepoint: 14583497 ns, Total: 14606897 ns
[1482.279s][info ][safepoint      ] Safepoint "Cleanup", Time since last: 2000137786 ns, Reaching safepoint: 4000 ns, Cleanup: 35200 ns, At safepoint: 3600 ns, Total: 42800 ns
[1485.280s][info ][safepoint      ] Safepoint "Cleanup", Time since last: 3000216321 ns, Reaching safepoint: 3900 ns, Cleanup: 37100 ns, At safepoint: 2900 ns, Total: 43900 ns
[1487.280s][info ][safepoint      ] Safepoint "Cleanup", Time since last: 2000180410 ns, Reaching safepoint: 6500 ns, Cleanup: 32600 ns, At safepoint: 4700 ns, Total: 43800 ns
[1489.713s][info ][gc,start       ] GC(130) Pause Young (Allocation Failure)
[1489.727s][debug][gc,phases      ] GC(130) Scavenge 13.919ms
[1489.727s][debug][gc,ref         ] GC(130) Skipped phase 1 of Reference Processing: no references
[1489.727s][debug][gc,ref         ] GC(130) ReferenceProcessor::execute queues: 1, RefProcThreadModel::Single, marks_oops_alive: false
[1489.727s][debug][gc,ref         ] GC(130) Skipped phase 3 of Reference Processing: no references
[1489.727s][debug][gc,ref         ] GC(130) ReferenceProcessor::execute queues: 1, RefProcThreadModel::Single, marks_oops_alive: false
[1489.727s][debug][gc,phases      ] GC(130) Reference Processing 0.100ms
[1489.727s][debug][gc,phases      ] GC(130)   VM Weak                        Min:  0.0, Avg:  0.0, Max:  0.0, Diff:  0.0, Sum:  0.0, Workers: 4
[1489.727s][debug][gc,phases      ] GC(130)     Dead                           Min: 0, Avg:  0.0, Max: 0, Diff: 0, Sum: 0, Workers: 4
[1489.727s][debug][gc,phases      ] GC(130)     Total                          Min: 0, Avg: 181.0, Max: 404, Diff: 404, Sum: 724, Workers: 4
[1489.727s][debug][gc,phases      ] GC(130)   ObjectSynchronizer Weak        Min:  0.0, Avg:  0.0, Max:  0.0, Diff:  0.0, Sum:  0.0, Workers: 4
[1489.727s][debug][gc,phases      ] GC(130)     Dead                           Min: 0, Avg:  0.0, Max: 0, Diff: 0, Sum: 0, Workers: 4
[1489.727s][debug][gc,phases      ] GC(130)     Total                          Min: 0, Avg:  1.2, Max: 5, Diff: 5, Sum: 5, Workers: 4
[1489.727s][debug][gc,phases      ] GC(130)   JVMTI Tag Weak OopStorage      Min:  0.0, Avg:  0.0, Max:  0.0, Diff:  0.0, Sum:  0.0, Workers: 4
[1489.727s][debug][gc,phases      ] GC(130)     Dead                           Min: 0, Avg:  0.0, Max: 0, Diff: 0, Sum: 0, Workers: 4
[1489.727s][debug][gc,phases      ] GC(130)     Total                          Min: 0, Avg:  0.0, Max: 0, Diff: 0, Sum: 0, Workers: 4
[1489.727s][debug][gc,phases      ] GC(130)   StringTable Weak               Min:  0.0, Avg:  0.1, Max:  0.1, Diff:  0.1, Sum:  0.4, Workers: 4
[1489.727s][debug][gc,phases      ] GC(130)     Dead                           Min: 0, Avg:  0.0, Max: 0, Diff: 0, Sum: 0, Workers: 4
[1489.727s][debug][gc,phases      ] GC(130)     Total                          Min: 0, Avg: 10887.2, Max: 18944, Diff: 18944, Sum: 43549, Workers: 4
[1489.727s][debug][gc,phases      ] GC(130)   ResolvedMethodTable Weak       Min:  0.0, Avg:  0.0, Max:  0.0, Diff:  0.0, Sum:  0.1, Workers: 4
[1489.727s][debug][gc,phases      ] GC(130)     Dead                           Min: 0, Avg:  0.0, Max: 0, Diff: 0, Sum: 0, Workers: 4
[1489.727s][debug][gc,phases      ] GC(130)     Total                          Min: 0, Avg: 2422.8, Max: 3648, Diff: 3648, Sum: 9691, Workers: 4
[1489.727s][debug][gc,phases      ] GC(130)   JNI Weak                       Min:  0.0, Avg:  0.0, Max:  0.0, Diff:  0.0, Sum:  0.0, Workers: 4
[1489.727s][debug][gc,phases      ] GC(130)     Dead                           Min: 0, Avg:  0.0, Max: 0, Diff: 0, Sum: 0, Workers: 4
[1489.727s][debug][gc,phases      ] GC(130)     Total                          Min: 0, Avg: 11.2, Max: 45, Diff: 45, Sum: 45, Workers: 4
[1489.727s][debug][gc,phases      ] GC(130)   StringDedup Table Weak         Min:  0.0, Avg:  0.0, Max:  0.0, Diff:  0.0, Sum:  0.0, Workers: 4
[1489.727s][debug][gc,phases      ] GC(130)     Dead                           Min: 0, Avg:  0.0, Max: 0, Diff: 0, Sum: 0, Workers: 4
[1489.727s][debug][gc,phases      ] GC(130)     Total                          Min: 0, Avg:  0.0, Max: 0, Diff: 0, Sum: 0, Workers: 4
[1489.727s][debug][gc,phases      ] GC(130)   StringDedup Requests0 Weak     Min:  0.0, Avg:  0.0, Max:  0.0, Diff:  0.0, Sum:  0.0, Workers: 4
[1489.727s][debug][gc,phases      ] GC(130)     Dead                           Min: 0, Avg:  0.0, Max: 0, Diff: 0, Sum: 0, Workers: 4
[1489.727s][debug][gc,phases      ] GC(130)     Total                          Min: 0, Avg:  0.0, Max: 0, Diff: 0, Sum: 0, Workers: 4
[1489.727s][debug][gc,phases      ] GC(130)   StringDedup Requests1 Weak     Min:  0.0, Avg:  0.0, Max:  0.0, Diff:  0.0, Sum:  0.0, Workers: 4
[1489.727s][debug][gc,phases      ] GC(130)     Dead                           Min: 0, Avg:  0.0, Max: 0, Diff: 0, Sum: 0, Workers: 4
[1489.727s][debug][gc,phases      ] GC(130)     Total                          Min: 0, Avg:  0.0, Max: 0, Diff: 0, Sum: 0, Workers: 4
[1489.727s][debug][gc,phases      ] GC(130)   Weak JFR Old Object Samples    Min:  0.0, Avg:  0.0, Max:  0.0, Diff:  0.0, Sum:  0.0, Workers: 4
[1489.727s][debug][gc,phases      ] GC(130)     Dead                           Min: 0, Avg:  0.0, Max: 0, Diff: 0, Sum: 0, Workers: 4
[1489.727s][debug][gc,phases      ] GC(130)     Total                          Min: 0, Avg:  0.0, Max: 0, Diff: 0, Sum: 0, Workers: 4
[1489.727s][debug][gc,phases      ] GC(130) Weak Processing 0.330ms
[1489.727s][debug][gc,age         ] GC(130) Desired survivor size 67633152 bytes, new threshold 15 (max threshold 15)
[1489.727s][info ][gc,heap        ] GC(130) PSYoungGen: 1999184K(2030080K)->36624K(2029568K) Eden: 1962496K(1962496K)->0K(1962496K) From: 36688K(67584K)->36624K(67072K)
[1489.727s][info ][gc,heap        ] GC(130) ParOldGen: 341384K(359936K)->341408K(359936K)
[1489.727s][info ][gc,metaspace   ] GC(130) Metaspace: 82669K(83584K)->82669K(83584K) NonClass: 70685K(71168K)->70685K(71168K) Class: 11983K(12416K)->11983K(12416K)
[1489.727s][info ][gc             ] GC(130) Pause Young (Allocation Failure) 2285M->369M(2333M) 14.459ms
[1489.727s][info ][gc,cpu         ] GC(130) User=0.04s Sys=0.00s Real=0.01s
[1489.727s][info ][safepoint      ] Safepoint "ParallelGCFailedAllocation", Time since last: 2433140504 ns, Reaching safepoint: 3900 ns, Cleanup: 35300 ns, At safepoint: 14526196 ns, Total: 14565396 ns
[1491.728s][info ][safepoint      ] Safepoint "Cleanup", Time since last: 2000141611 ns, Reaching safepoint: 3600 ns, Cleanup: 49600 ns, At safepoint: 2600 ns, Total: 55800 ns
[1494.728s][info ][safepoint      ] Safepoint "Cleanup", Time since last: 3000245438 ns, Reaching safepoint: 6500 ns, Cleanup: 36100 ns, At safepoint: 2400 ns, Total: 45000 ns
[1495.728s][info ][safepoint      ] Safepoint "Cleanup", Time since last: 1000099179 ns, Reaching safepoint: 4600 ns, Cleanup: 42000 ns, At safepoint: 4300 ns, Total: 50900 ns
[1497.728s][info ][safepoint      ] Safepoint "Cleanup", Time since last: 2000162460 ns, Reaching safepoint: 4600 ns, Cleanup: 31100 ns, At safepoint: 2300 ns, Total: 38000 ns
[1498.728s][info ][safepoint      ] Safepoint "Cleanup", Time since last: 1000105579 ns, Reaching safepoint: 4100 ns, Cleanup: 35200 ns, At safepoint: 4200 ns, Total: 43500 ns
[1499.218s][info ][gc,start       ] GC(131) Pause Young (Allocation Failure)
[1499.231s][debug][gc,phases      ] GC(131) Scavenge 13.357ms
[1499.232s][debug][gc,ref         ] GC(131) Skipped phase 1 of Reference Processing: no references
[1499.232s][debug][gc,ref         ] GC(131) ReferenceProcessor::execute queues: 1, RefProcThreadModel::Single, marks_oops_alive: false
[1499.232s][debug][gc,ref         ] GC(131) Skipped phase 3 of Reference Processing: no references
[1499.232s][debug][gc,ref         ] GC(131) ReferenceProcessor::execute queues: 1, RefProcThreadModel::Single, marks_oops_alive: false
[1499.232s][debug][gc,phases      ] GC(131) Reference Processing 0.092ms
[1499.232s][debug][gc,phases      ] GC(131)   VM Weak                        Min:  0.0, Avg:  0.0, Max:  0.0, Diff:  0.0, Sum:  0.0, Workers: 4
[1499.232s][debug][gc,phases      ] GC(131)     Dead                           Min: 0, Avg:  0.0, Max: 0, Diff: 0, Sum: 0, Workers: 4
[1499.232s][debug][gc,phases      ] GC(131)     Total                          Min: 0, Avg: 181.0, Max: 468, Diff: 468, Sum: 724, Workers: 4
[1499.232s][debug][gc,phases      ] GC(131)   ObjectSynchronizer Weak        Min:  0.0, Avg:  0.0, Max:  0.0, Diff:  0.0, Sum:  0.0, Workers: 4
[1499.232s][debug][gc,phases      ] GC(131)     Dead                           Min: 0, Avg:  0.0, Max: 0, Diff: 0, Sum: 0, Workers: 4
[1499.232s][debug][gc,phases      ] GC(131)     Total                          Min: 0, Avg:  1.2, Max: 5, Diff: 5, Sum: 5, Workers: 4
[1499.232s][debug][gc,phases      ] GC(131)   JVMTI Tag Weak OopStorage      Min:  0.0, Avg:  0.0, Max:  0.0, Diff:  0.0, Sum:  0.0, Workers: 4
[1499.232s][debug][gc,phases      ] GC(131)     Dead                           Min: 0, Avg:  0.0, Max: 0, Diff: 0, Sum: 0, Workers: 4
[1499.232s][debug][gc,phases      ] GC(131)     Total                          Min: 0, Avg:  0.0, Max: 0, Diff: 0, Sum: 0, Workers: 4
[1499.232s][debug][gc,phases      ] GC(131)   StringTable Weak               Min:  0.0, Avg:  0.1, Max:  0.1, Diff:  0.1, Sum:  0.4, Workers: 4
[1499.232s][debug][gc,phases      ] GC(131)     Dead                           Min: 0, Avg:  0.0, Max: 0, Diff: 0, Sum: 0, Workers: 4
[1499.232s][debug][gc,phases      ] GC(131)     Total                          Min: 0, Avg: 10887.2, Max: 18368, Diff: 18368, Sum: 43549, Workers: 4
[1499.232s][debug][gc,phases      ] GC(131)   ResolvedMethodTable Weak       Min:  0.0, Avg:  0.0, Max:  0.0, Diff:  0.0, Sum:  0.1, Workers: 4
[1499.232s][debug][gc,phases      ] GC(131)     Dead                           Min: 0, Avg:  0.0, Max: 0, Diff: 0, Sum: 0, Workers: 4
[1499.232s][debug][gc,phases      ] GC(131)     Total                          Min: 0, Avg: 2422.8, Max: 4287, Diff: 4287, Sum: 9691, Workers: 4
[1499.232s][debug][gc,phases      ] GC(131)   JNI Weak                       Min:  0.0, Avg:  0.0, Max:  0.0, Diff:  0.0, Sum:  0.0, Workers: 4
[1499.232s][debug][gc,phases      ] GC(131)     Dead                           Min: 0, Avg:  0.0, Max: 0, Diff: 0, Sum: 0, Workers: 4
[1499.232s][debug][gc,phases      ] GC(131)     Total                          Min: 0, Avg: 11.2, Max: 45, Diff: 45, Sum: 45, Workers: 4
[1499.232s][debug][gc,phases      ] GC(131)   StringDedup Table Weak         Min:  0.0, Avg:  0.0, Max:  0.0, Diff:  0.0, Sum:  0.0, Workers: 4
[1499.232s][debug][gc,phases      ] GC(131)     Dead                           Min: 0, Avg:  0.0, Max: 0, Diff: 0, Sum: 0, Workers: 4
[1499.232s][debug][gc,phases      ] GC(131)     Total                          Min: 0, Avg:  0.0, Max: 0, Diff: 0, Sum: 0, Workers: 4
[1499.232s][debug][gc,phases      ] GC(131)   StringDedup Requests0 Weak     Min:  0.0, Avg:  0.0, Max:  0.0, Diff:  0.0, Sum:  0.0, Workers: 4
[1499.232s][debug][gc,phases      ] GC(131)     Dead                           Min: 0, Avg:  0.0, Max: 0, Diff: 0, Sum: 0, Workers: 4
[1499.232s][debug][gc,phases      ] GC(131)     Total                          Min: 0, Avg:  0.0, Max: 0, Diff: 0, Sum: 0, Workers: 4
[1499.232s][debug][gc,phases      ] GC(131)   StringDedup Requests1 Weak     Min:  0.0, Avg:  0.0, Max:  0.0, Diff:  0.0, Sum:  0.0, Workers: 4
[1499.232s][debug][gc,phases      ] GC(131)     Dead                           Min: 0, Avg:  0.0, Max: 0, Diff: 0, Sum: 0, Workers: 4
[1499.232s][debug][gc,phases      ] GC(131)     Total                          Min: 0, Avg:  0.0, Max: 0, Diff: 0, Sum: 0, Workers: 4
[1499.232s][debug][gc,phases      ] GC(131)   Weak JFR Old Object Samples    Min:  0.0, Avg:  0.0, Max:  0.0, Diff:  0.0, Sum:  0.0, Workers: 4
[1499.232s][debug][gc,phases      ] GC(131)     Dead                           Min: 0, Avg:  0.0, Max: 0, Diff: 0, Sum: 0, Workers: 4
[1499.232s][debug][gc,phases      ] GC(131)     Total                          Min: 0, Avg:  0.0, Max: 0, Diff: 0, Sum: 0, Workers: 4
[1499.232s][debug][gc,phases      ] GC(131) Weak Processing 0.350ms
[1499.232s][debug][gc,age         ] GC(131) Desired survivor size 66584576 bytes, new threshold 15 (max threshold 15)
[1499.232s][info ][gc,heap        ] GC(131) PSYoungGen: 1999044K(2029568K)->36640K(2032128K) Eden: 1962420K(1962496K)->0K(1966080K) From: 36624K(67072K)->36640K(66048K)
[1499.232s][info ][gc,heap        ] GC(131) ParOldGen: 341408K(359936K)->341440K(359936K)
[1499.232s][info ][gc,metaspace   ] GC(131) Metaspace: 82670K(83584K)->82670K(83584K) NonClass: 70687K(71168K)->70687K(71168K) Class: 11983K(12416K)->11983K(12416K)
[1499.232s][info ][gc             ] GC(131) Pause Young (Allocation Failure) 2285M->369M(2336M) 13.922ms
[1499.232s][info ][gc,cpu         ] GC(131) User=0.04s Sys=0.01s Real=0.02s
[1499.232s][info ][safepoint      ] Safepoint "ParallelGCFailedAllocation", Time since last: 489549592 ns, Reaching safepoint: 3500 ns, Cleanup: 32800 ns, At safepoint: 13994497 ns, Total: 14030797 ns
[1509.071s][info ][gc,start       ] GC(132) Pause Young (Allocation Failure)
[1509.084s][debug][gc,phases      ] GC(132) Scavenge 12.461ms
[1509.084s][debug][gc,ref         ] GC(132) Skipped phase 1 of Reference Processing: no references
[1509.084s][debug][gc,ref         ] GC(132) ReferenceProcessor::execute queues: 1, RefProcThreadModel::Single, marks_oops_alive: false
[1509.084s][debug][gc,ref         ] GC(132) Skipped phase 3 of Reference Processing: no references
[1509.084s][debug][gc,ref         ] GC(132) ReferenceProcessor::execute queues: 1, RefProcThreadModel::Single, marks_oops_alive: false
[1509.084s][debug][gc,phases      ] GC(132) Reference Processing 0.111ms
[1509.084s][debug][gc,phases      ] GC(132)   VM Weak                        Min:  0.0, Avg:  0.0, Max:  0.0, Diff:  0.0, Sum:  0.0, Workers: 4
[1509.084s][debug][gc,phases      ] GC(132)     Dead                           Min: 0, Avg:  0.0, Max: 0, Diff: 0, Sum: 0, Workers: 4
[1509.084s][debug][gc,phases      ] GC(132)     Total                          Min: 0, Avg: 181.0, Max: 448, Diff: 448, Sum: 724, Workers: 4
[1509.084s][debug][gc,phases      ] GC(132)   ObjectSynchronizer Weak        Min:  0.0, Avg:  0.0, Max:  0.0, Diff:  0.0, Sum:  0.0, Workers: 4
[1509.084s][debug][gc,phases      ] GC(132)     Dead                           Min: 0, Avg:  0.0, Max: 0, Diff: 0, Sum: 0, Workers: 4
[1509.084s][debug][gc,phases      ] GC(132)     Total                          Min: 0, Avg:  1.2, Max: 5, Diff: 5, Sum: 5, Workers: 4
[1509.084s][debug][gc,phases      ] GC(132)   JVMTI Tag Weak OopStorage      Min:  0.0, Avg:  0.0, Max:  0.0, Diff:  0.0, Sum:  0.0, Workers: 4
[1509.084s][debug][gc,phases      ] GC(132)     Dead                           Min: 0, Avg:  0.0, Max: 0, Diff: 0, Sum: 0, Workers: 4
[1509.084s][debug][gc,phases      ] GC(132)     Total                          Min: 0, Avg:  0.0, Max: 0, Diff: 0, Sum: 0, Workers: 4
[1509.084s][debug][gc,phases      ] GC(132)   StringTable Weak               Min:  0.0, Avg:  0.1, Max:  0.1, Diff:  0.1, Sum:  0.4, Workers: 4
[1509.084s][debug][gc,phases      ] GC(132)     Dead                           Min: 0, Avg:  0.0, Max: 0, Diff: 0, Sum: 0, Workers: 4
[1509.084s][debug][gc,phases      ] GC(132)     Total                          Min: 0, Avg: 10887.2, Max: 14912, Diff: 14912, Sum: 43549, Workers: 4
[1509.084s][debug][gc,phases      ] GC(132)   ResolvedMethodTable Weak       Min:  0.0, Avg:  0.0, Max:  0.0, Diff:  0.0, Sum:  0.1, Workers: 4
[1509.084s][debug][gc,phases      ] GC(132)     Dead                           Min: 0, Avg:  0.0, Max: 0, Diff: 0, Sum: 0, Workers: 4
[1509.084s][debug][gc,phases      ] GC(132)     Total                          Min: 0, Avg: 2422.8, Max: 3996, Diff: 3996, Sum: 9691, Workers: 4
[1509.084s][debug][gc,phases      ] GC(132)   JNI Weak                       Min:  0.0, Avg:  0.0, Max:  0.0, Diff:  0.0, Sum:  0.0, Workers: 4
[1509.084s][debug][gc,phases      ] GC(132)     Dead                           Min: 0, Avg:  0.0, Max: 0, Diff: 0, Sum: 0, Workers: 4
[1509.084s][debug][gc,phases      ] GC(132)     Total                          Min: 0, Avg: 11.2, Max: 45, Diff: 45, Sum: 45, Workers: 4
[1509.084s][debug][gc,phases      ] GC(132)   StringDedup Table Weak         Min:  0.0, Avg:  0.0, Max:  0.0, Diff:  0.0, Sum:  0.0, Workers: 4
[1509.084s][debug][gc,phases      ] GC(132)     Dead                           Min: 0, Avg:  0.0, Max: 0, Diff: 0, Sum: 0, Workers: 4
[1509.084s][debug][gc,phases      ] GC(132)     Total                          Min: 0, Avg:  0.0, Max: 0, Diff: 0, Sum: 0, Workers: 4
[1509.084s][debug][gc,phases      ] GC(132)   StringDedup Requests0 Weak     Min:  0.0, Avg:  0.0, Max:  0.0, Diff:  0.0, Sum:  0.0, Workers: 4
[1509.084s][debug][gc,phases      ] GC(132)     Dead                           Min: 0, Avg:  0.0, Max: 0, Diff: 0, Sum: 0, Workers: 4
[1509.084s][debug][gc,phases      ] GC(132)     Total                          Min: 0, Avg:  0.0, Max: 0, Diff: 0, Sum: 0, Workers: 4
[1509.084s][debug][gc,phases      ] GC(132)   StringDedup Requests1 Weak     Min:  0.0, Avg:  0.0, Max:  0.0, Diff:  0.0, Sum:  0.0, Workers: 4
[1509.084s][debug][gc,phases      ] GC(132)     Dead                           Min: 0, Avg:  0.0, Max: 0, Diff: 0, Sum: 0, Workers: 4
[1509.084s][debug][gc,phases      ] GC(132)     Total                          Min: 0, Avg:  0.0, Max: 0, Diff: 0, Sum: 0, Workers: 4
[1509.084s][debug][gc,phases      ] GC(132)   Weak JFR Old Object Samples    Min:  0.0, Avg:  0.0, Max:  0.0, Diff:  0.0, Sum:  0.0, Workers: 4
[1509.084s][debug][gc,phases      ] GC(132)     Dead                           Min: 0, Avg:  0.0, Max: 0, Diff: 0, Sum: 0, Workers: 4
[1509.084s][debug][gc,phases      ] GC(132)     Total                          Min: 0, Avg:  0.0, Max: 0, Diff: 0, Sum: 0, Workers: 4
[1509.084s][debug][gc,phases      ] GC(132) Weak Processing 0.350ms
[1509.084s][debug][gc,age         ] GC(132) Desired survivor size 65536000 bytes, new threshold 15 (max threshold 15)
[1509.084s][info ][gc,heap        ] GC(132) PSYoungGen: 2002720K(2032128K)->36080K(2031104K) Eden: 1966080K(1966080K)->0K(1966080K) From: 36640K(66048K)->36080K(65024K)
[1509.084s][info ][gc,heap        ] GC(132) ParOldGen: 341440K(359936K)->342104K(359936K)
[1509.084s][info ][gc,metaspace   ] GC(132) Metaspace: 82670K(83584K)->82670K(83584K) NonClass: 70687K(71168K)->70687K(71168K) Class: 11983K(12416K)->11983K(12416K)
[1509.084s][info ][gc             ] GC(132) Pause Young (Allocation Failure) 2289M->369M(2335M) 13.065ms
[1509.084s][info ][gc,cpu         ] GC(132) User=0.04s Sys=0.00s Real=0.01s
[1509.084s][info ][safepoint      ] Safepoint "ParallelGCFailedAllocation", Time since last: 9839010294 ns, Reaching safepoint: 72100 ns, Cleanup: 31900 ns, At safepoint: 13148897 ns, Total: 13252897 ns
[1510.084s][info ][safepoint      ] Safepoint "Cleanup", Time since last: 1000041736 ns, Reaching safepoint: 5300 ns, Cleanup: 52600 ns, At safepoint: 2700 ns, Total: 60600 ns
[1512.085s][info ][safepoint      ] Safepoint "Cleanup", Time since last: 2000163673 ns, Reaching safepoint: 4800 ns, Cleanup: 38900 ns, At safepoint: 3600 ns, Total: 47300 ns
[1513.085s][info ][safepoint      ] Safepoint "Cleanup", Time since last: 1000073536 ns, Reaching safepoint: 4100 ns, Cleanup: 34900 ns, At safepoint: 2400 ns, Total: 41400 ns
[1514.085s][info ][safepoint      ] Safepoint "Cleanup", Time since last: 1000089037 ns, Reaching safepoint: 3900 ns, Cleanup: 66600 ns, At safepoint: 5100 ns, Total: 75600 ns
[1518.763s][info ][gc,start       ] GC(133) Pause Young (Allocation Failure)
[1518.777s][debug][gc,phases      ] GC(133) Scavenge 13.894ms
[1518.777s][debug][gc,ref         ] GC(133) Skipped phase 1 of Reference Processing: no references
[1518.777s][debug][gc,ref         ] GC(133) ReferenceProcessor::execute queues: 1, RefProcThreadModel::Single, marks_oops_alive: false
[1518.777s][debug][gc,ref         ] GC(133) Skipped phase 3 of Reference Processing: no references
[1518.777s][debug][gc,ref         ] GC(133) ReferenceProcessor::execute queues: 1, RefProcThreadModel::Single, marks_oops_alive: false
[1518.777s][debug][gc,phases      ] GC(133) Reference Processing 0.106ms
[1518.778s][debug][gc,phases      ] GC(133)   VM Weak                        Min:  0.0, Avg:  0.0, Max:  0.0, Diff:  0.0, Sum:  0.0, Workers: 4
[1518.778s][debug][gc,phases      ] GC(133)     Dead                           Min: 0, Avg:  0.0, Max: 0, Diff: 0, Sum: 0, Workers: 4
[1518.778s][debug][gc,phases      ] GC(133)     Total                          Min: 0, Avg: 181.0, Max: 448, Diff: 448, Sum: 724, Workers: 4
[1518.778s][debug][gc,phases      ] GC(133)   ObjectSynchronizer Weak        Min:  0.0, Avg:  0.0, Max:  0.0, Diff:  0.0, Sum:  0.0, Workers: 4
[1518.778s][debug][gc,phases      ] GC(133)     Dead                           Min: 0, Avg:  0.0, Max: 0, Diff: 0, Sum: 0, Workers: 4
[1518.778s][debug][gc,phases      ] GC(133)     Total                          Min: 0, Avg:  1.2, Max: 5, Diff: 5, Sum: 5, Workers: 4
[1518.778s][debug][gc,phases      ] GC(133)   JVMTI Tag Weak OopStorage      Min:  0.0, Avg:  0.0, Max:  0.0, Diff:  0.0, Sum:  0.0, Workers: 4
[1518.778s][debug][gc,phases      ] GC(133)     Dead                           Min: 0, Avg:  0.0, Max: 0, Diff: 0, Sum: 0, Workers: 4
[1518.778s][debug][gc,phases      ] GC(133)     Total                          Min: 0, Avg:  0.0, Max: 0, Diff: 0, Sum: 0, Workers: 4
[1518.778s][debug][gc,phases      ] GC(133)   StringTable Weak               Min:  0.0, Avg:  0.1, Max:  0.1, Diff:  0.1, Sum:  0.4, Workers: 4
[1518.778s][debug][gc,phases      ] GC(133)     Dead                           Min: 0, Avg:  0.5, Max: 2, Diff: 2, Sum: 2, Workers: 4
[1518.778s][debug][gc,phases      ] GC(133)     Total                          Min: 0, Avg: 10890.2, Max: 18495, Diff: 18495, Sum: 43561, Workers: 4
[1518.778s][debug][gc,phases      ] GC(133)   ResolvedMethodTable Weak       Min:  0.0, Avg:  0.0, Max:  0.0, Diff:  0.0, Sum:  0.1, Workers: 4
[1518.778s][debug][gc,phases      ] GC(133)     Dead                           Min: 0, Avg:  0.0, Max: 0, Diff: 0, Sum: 0, Workers: 4
[1518.778s][debug][gc,phases      ] GC(133)     Total                          Min: 0, Avg: 2423.2, Max: 3997, Diff: 3997, Sum: 9693, Workers: 4
[1518.778s][debug][gc,phases      ] GC(133)   JNI Weak                       Min:  0.0, Avg:  0.0, Max:  0.0, Diff:  0.0, Sum:  0.0, Workers: 4
[1518.778s][debug][gc,phases      ] GC(133)     Dead                           Min: 0, Avg:  0.0, Max: 0, Diff: 0, Sum: 0, Workers: 4
[1518.778s][debug][gc,phases      ] GC(133)     Total                          Min: 0, Avg: 11.2, Max: 45, Diff: 45, Sum: 45, Workers: 4
[1518.778s][debug][gc,phases      ] GC(133)   StringDedup Table Weak         Min:  0.0, Avg:  0.0, Max:  0.0, Diff:  0.0, Sum:  0.0, Workers: 4
[1518.778s][debug][gc,phases      ] GC(133)     Dead                           Min: 0, Avg:  0.0, Max: 0, Diff: 0, Sum: 0, Workers: 4
[1518.778s][debug][gc,phases      ] GC(133)     Total                          Min: 0, Avg:  0.0, Max: 0, Diff: 0, Sum: 0, Workers: 4
[1518.778s][debug][gc,phases      ] GC(133)   StringDedup Requests0 Weak     Min:  0.0, Avg:  0.0, Max:  0.0, Diff:  0.0, Sum:  0.0, Workers: 4
[1518.778s][debug][gc,phases      ] GC(133)     Dead                           Min: 0, Avg:  0.0, Max: 0, Diff: 0, Sum: 0, Workers: 4
[1518.778s][debug][gc,phases      ] GC(133)     Total                          Min: 0, Avg:  0.0, Max: 0, Diff: 0, Sum: 0, Workers: 4
[1518.778s][debug][gc,phases      ] GC(133)   StringDedup Requests1 Weak     Min:  0.0, Avg:  0.0, Max:  0.0, Diff:  0.0, Sum:  0.0, Workers: 4
[1518.778s][debug][gc,phases      ] GC(133)     Dead                           Min: 0, Avg:  0.0, Max: 0, Diff: 0, Sum: 0, Workers: 4
[1518.778s][debug][gc,phases      ] GC(133)     Total                          Min: 0, Avg:  0.0, Max: 0, Diff: 0, Sum: 0, Workers: 4
[1518.778s][debug][gc,phases      ] GC(133)   Weak JFR Old Object Samples    Min:  0.0, Avg:  0.0, Max:  0.0, Diff:  0.0, Sum:  0.0, Workers: 4
[1518.778s][debug][gc,phases      ] GC(133)     Dead                           Min: 0, Avg:  0.0, Max: 0, Diff: 0, Sum: 0, Workers: 4
[1518.778s][debug][gc,phases      ] GC(133)     Total                          Min: 0, Avg:  0.0, Max: 0, Diff: 0, Sum: 0, Workers: 4
[1518.778s][debug][gc,phases      ] GC(133) Weak Processing 0.324ms
[1518.778s][debug][gc,age         ] GC(133) Desired survivor size 63963136 bytes, new threshold 15 (max threshold 15)
[1518.778s][info ][gc,heap        ] GC(133) PSYoungGen: 2002160K(2031104K)->35952K(2034688K) Eden: 1966080K(1966080K)->0K(1970688K) From: 36080K(65024K)->35952K(64000K)
[1518.778s][info ][gc,heap        ] GC(133) ParOldGen: 342104K(359936K)->342312K(359936K)
[1518.778s][info ][gc,metaspace   ] GC(133) Metaspace: 82677K(83584K)->82677K(83584K) NonClass: 70693K(71168K)->70693K(71168K) Class: 11984K(12416K)->11984K(12416K)
[1518.778s][info ][gc             ] GC(133) Pause Young (Allocation Failure) 2289M->369M(2338M) 14.443ms
[1518.778s][info ][gc,cpu         ] GC(133) User=0.04s Sys=0.00s Real=0.01s
[1518.778s][info ][safepoint      ] Safepoint "ParallelGCFailedAllocation", Time since last: 4678445540 ns, Reaching safepoint: 5000 ns, Cleanup: 31100 ns, At safepoint: 14520597 ns, Total: 14556697 ns
[1520.778s][info ][safepoint      ] Safepoint "Cleanup", Time since last: 2000128289 ns, Reaching safepoint: 4100 ns, Cleanup: 52200 ns, At safepoint: 5200 ns, Total: 61500 ns
[1524.778s][info ][safepoint      ] Safepoint "Cleanup", Time since last: 4000214282 ns, Reaching safepoint: 3800 ns, Cleanup: 28200 ns, At safepoint: 2700 ns, Total: 34700 ns
[1528.164s][info ][gc,start       ] GC(134) Pause Young (Allocation Failure)
[1528.185s][debug][gc,phases      ] GC(134) Scavenge 21.110ms
[1528.185s][debug][gc,ref         ] GC(134) Skipped phase 1 of Reference Processing: no references
[1528.185s][debug][gc,ref         ] GC(134) ReferenceProcessor::execute queues: 1, RefProcThreadModel::Single, marks_oops_alive: false
[1528.185s][debug][gc,ref         ] GC(134) Skipped phase 3 of Reference Processing: no references
[1528.185s][debug][gc,ref         ] GC(134) ReferenceProcessor::execute queues: 1, RefProcThreadModel::Single, marks_oops_alive: false
[1528.185s][debug][gc,phases      ] GC(134) Reference Processing 0.091ms
[1528.185s][debug][gc,phases      ] GC(134)   VM Weak                        Min:  0.0, Avg:  0.0, Max:  0.0, Diff:  0.0, Sum:  0.0, Workers: 4
[1528.185s][debug][gc,phases      ] GC(134)     Dead                           Min: 0, Avg:  0.0, Max: 0, Diff: 0, Sum: 0, Workers: 4
[1528.185s][debug][gc,phases      ] GC(134)     Total                          Min: 0, Avg: 181.0, Max: 448, Diff: 448, Sum: 724, Workers: 4
[1528.185s][debug][gc,phases      ] GC(134)   ObjectSynchronizer Weak        Min:  0.0, Avg:  0.0, Max:  0.0, Diff:  0.0, Sum:  0.0, Workers: 4
[1528.185s][debug][gc,phases      ] GC(134)     Dead                           Min: 0, Avg:  0.0, Max: 0, Diff: 0, Sum: 0, Workers: 4
[1528.185s][debug][gc,phases      ] GC(134)     Total                          Min: 0, Avg:  1.2, Max: 5, Diff: 5, Sum: 5, Workers: 4
[1528.185s][debug][gc,phases      ] GC(134)   JVMTI Tag Weak OopStorage      Min:  0.0, Avg:  0.0, Max:  0.0, Diff:  0.0, Sum:  0.0, Workers: 4
[1528.185s][debug][gc,phases      ] GC(134)     Dead                           Min: 0, Avg:  0.0, Max: 0, Diff: 0, Sum: 0, Workers: 4
[1528.185s][debug][gc,phases      ] GC(134)     Total                          Min: 0, Avg:  0.0, Max: 0, Diff: 0, Sum: 0, Workers: 4
[1528.185s][debug][gc,phases      ] GC(134)   StringTable Weak               Min:  0.0, Avg:  0.1, Max:  0.1, Diff:  0.1, Sum:  0.4, Workers: 4
[1528.185s][debug][gc,phases      ] GC(134)     Dead                           Min: 0, Avg:  0.5, Max: 2, Diff: 2, Sum: 2, Workers: 4
[1528.185s][debug][gc,phases      ] GC(134)     Total                          Min: 0, Avg: 10891.8, Max: 19199, Diff: 19199, Sum: 43567, Workers: 4
[1528.185s][debug][gc,phases      ] GC(134)   ResolvedMethodTable Weak       Min:  0.0, Avg:  0.0, Max:  0.0, Diff:  0.0, Sum:  0.1, Workers: 4
[1528.185s][debug][gc,phases      ] GC(134)     Dead                           Min: 0, Avg:  4.5, Max: 18, Diff: 18, Sum: 18, Workers: 4
[1528.185s][debug][gc,phases      ] GC(134)     Total                          Min: 0, Avg: 2426.5, Max: 4479, Diff: 4479, Sum: 9706, Workers: 4
[1528.185s][debug][gc,phases      ] GC(134)   JNI Weak                       Min:  0.0, Avg:  0.0, Max:  0.0, Diff:  0.0, Sum:  0.0, Workers: 4
[1528.185s][debug][gc,phases      ] GC(134)     Dead                           Min: 0, Avg:  0.0, Max: 0, Diff: 0, Sum: 0, Workers: 4
[1528.185s][debug][gc,phases      ] GC(134)     Total                          Min: 0, Avg: 11.2, Max: 45, Diff: 45, Sum: 45, Workers: 4
[1528.185s][debug][gc,phases      ] GC(134)   StringDedup Table Weak         Min:  0.0, Avg:  0.0, Max:  0.0, Diff:  0.0, Sum:  0.0, Workers: 4
[1528.185s][debug][gc,phases      ] GC(134)     Dead                           Min: 0, Avg:  0.0, Max: 0, Diff: 0, Sum: 0, Workers: 4
[1528.185s][debug][gc,phases      ] GC(134)     Total                          Min: 0, Avg:  0.0, Max: 0, Diff: 0, Sum: 0, Workers: 4
[1528.185s][debug][gc,phases      ] GC(134)   StringDedup Requests0 Weak     Min:  0.0, Avg:  0.0, Max:  0.0, Diff:  0.0, Sum:  0.0, Workers: 4
[1528.185s][debug][gc,phases      ] GC(134)     Dead                           Min: 0, Avg:  0.0, Max: 0, Diff: 0, Sum: 0, Workers: 4
[1528.185s][debug][gc,phases      ] GC(134)     Total                          Min: 0, Avg:  0.0, Max: 0, Diff: 0, Sum: 0, Workers: 4
[1528.185s][debug][gc,phases      ] GC(134)   StringDedup Requests1 Weak     Min:  0.0, Avg:  0.0, Max:  0.0, Diff:  0.0, Sum:  0.0, Workers: 4
[1528.185s][debug][gc,phases      ] GC(134)     Dead                           Min: 0, Avg:  0.0, Max: 0, Diff: 0, Sum: 0, Workers: 4
[1528.185s][debug][gc,phases      ] GC(134)     Total                          Min: 0, Avg:  0.0, Max: 0, Diff: 0, Sum: 0, Workers: 4
[1528.185s][debug][gc,phases      ] GC(134)   Weak JFR Old Object Samples    Min:  0.0, Avg:  0.0, Max:  0.0, Diff:  0.0, Sum:  0.0, Workers: 4
[1528.185s][debug][gc,phases      ] GC(134)     Dead                           Min: 0, Avg:  0.0, Max: 0, Diff: 0, Sum: 0, Workers: 4
[1528.185s][debug][gc,phases      ] GC(134)     Total                          Min: 0, Avg:  0.0, Max: 0, Diff: 0, Sum: 0, Workers: 4
[1528.185s][debug][gc,phases      ] GC(134) Weak Processing 0.320ms
[1528.185s][debug][gc,age         ] GC(134) Desired survivor size 65011712 bytes, new threshold 15 (max threshold 15)
[1528.185s][info ][gc,heap        ] GC(134) PSYoungGen: 2006640K(2034688K)->5536K(2033152K) Eden: 1970688K(1970688K)->0K(1970688K) From: 35952K(64000K)->5536K(62464K)
[1528.185s][info ][gc,heap        ] GC(134) ParOldGen: 342312K(359936K)->374404K(374784K)
[1528.185s][info ][gc,metaspace   ] GC(134) Metaspace: 82696K(83648K)->82696K(83648K) NonClass: 70709K(71232K)->70709K(71232K) Class: 11987K(12416K)->11987K(12416K)
[1528.185s][info ][gc             ] GC(134) Pause Young (Allocation Failure) 2293M->371M(2351M) 21.650ms
[1528.185s][info ][gc,cpu         ] GC(134) User=0.06s Sys=0.01s Real=0.02s
[1528.185s][debug][gc,phases      ] GC(135) Pre Compact 0.009ms
[1528.185s][info ][gc,start       ] GC(135) Pause Full (Ergonomics)
[1528.185s][info ][gc,phases,start] GC(135) Marking Phase
[1528.287s][debug][gc,phases      ] GC(135) Par Mark 101.497ms
[1528.287s][debug][gc,ref         ] GC(135) Skipped phase 1 of Reference Processing: no references
[1528.288s][debug][gc,ref         ] GC(135) ReferenceProcessor::execute queues: 4, RefProcThreadModel::Multi, marks_oops_alive: false
[1528.288s][debug][gc,ref         ] GC(135) Skipped phase 3 of Reference Processing: no references
[1528.288s][debug][gc,ref         ] GC(135) ReferenceProcessor::execute queues: 1, RefProcThreadModel::Single, marks_oops_alive: false
[1528.288s][debug][gc,phases      ] GC(135) Reference Processing 0.840ms
[1528.288s][debug][gc,phases      ] GC(135)   VM Weak                        Min:  0.0, Avg:  0.0, Max:  0.0, Diff:  0.0, Sum:  0.0, Workers: 4
[1528.288s][debug][gc,phases      ] GC(135)     Dead                           Min: 0, Avg:  0.0, Max: 0, Diff: 0, Sum: 0, Workers: 4
[1528.288s][debug][gc,phases      ] GC(135)     Total                          Min: 0, Avg: 181.0, Max: 404, Diff: 404, Sum: 724, Workers: 4
[1528.288s][debug][gc,phases      ] GC(135)   ObjectSynchronizer Weak        Min:  0.0, Avg:  0.0, Max:  0.0, Diff:  0.0, Sum:  0.0, Workers: 4
[1528.288s][debug][gc,phases      ] GC(135)     Dead                           Min: 0, Avg:  0.0, Max: 0, Diff: 0, Sum: 0, Workers: 4
[1528.288s][debug][gc,phases      ] GC(135)     Total                          Min: 0, Avg:  1.2, Max: 5, Diff: 5, Sum: 5, Workers: 4
[1528.288s][debug][gc,phases      ] GC(135)   JVMTI Tag Weak OopStorage      Min:  0.0, Avg:  0.0, Max:  0.0, Diff:  0.0, Sum:  0.0, Workers: 4
[1528.288s][debug][gc,phases      ] GC(135)     Dead                           Min: 0, Avg:  0.0, Max: 0, Diff: 0, Sum: 0, Workers: 4
[1528.288s][debug][gc,phases      ] GC(135)     Total                          Min: 0, Avg:  0.0, Max: 0, Diff: 0, Sum: 0, Workers: 4
[1528.288s][debug][gc,phases      ] GC(135)   StringTable Weak               Min:  0.0, Avg:  0.1, Max:  0.2, Diff:  0.2, Sum:  0.6, Workers: 4
[1528.288s][debug][gc,phases      ] GC(135)     Dead                           Min: 0, Avg:  0.0, Max: 0, Diff: 0, Sum: 0, Workers: 4
[1528.288s][debug][gc,phases      ] GC(135)     Total                          Min: 0, Avg: 10891.8, Max: 16574, Diff: 16574, Sum: 43567, Workers: 4
[1528.288s][debug][gc,phases      ] GC(135)   ResolvedMethodTable Weak       Min:  0.0, Avg:  0.0, Max:  0.0, Diff:  0.0, Sum:  0.1, Workers: 4
[1528.288s][debug][gc,phases      ] GC(135)     Dead                           Min: 0, Avg:  0.0, Max: 0, Diff: 0, Sum: 0, Workers: 4
[1528.288s][debug][gc,phases      ] GC(135)     Total                          Min: 0, Avg: 2426.5, Max: 3519, Diff: 3519, Sum: 9706, Workers: 4
[1528.288s][debug][gc,phases      ] GC(135)   JNI Weak                       Min:  0.0, Avg:  0.0, Max:  0.0, Diff:  0.0, Sum:  0.0, Workers: 4
[1528.288s][debug][gc,phases      ] GC(135)     Dead                           Min: 0, Avg:  0.0, Max: 0, Diff: 0, Sum: 0, Workers: 4
[1528.288s][debug][gc,phases      ] GC(135)     Total                          Min: 0, Avg: 11.2, Max: 45, Diff: 45, Sum: 45, Workers: 4
[1528.288s][debug][gc,phases      ] GC(135)   StringDedup Table Weak         Min:  0.0, Avg:  0.0, Max:  0.0, Diff:  0.0, Sum:  0.0, Workers: 4
[1528.288s][debug][gc,phases      ] GC(135)     Dead                           Min: 0, Avg:  0.0, Max: 0, Diff: 0, Sum: 0, Workers: 4
[1528.288s][debug][gc,phases      ] GC(135)     Total                          Min: 0, Avg:  0.0, Max: 0, Diff: 0, Sum: 0, Workers: 4
[1528.288s][debug][gc,phases      ] GC(135)   StringDedup Requests0 Weak     Min:  0.0, Avg:  0.0, Max:  0.0, Diff:  0.0, Sum:  0.0, Workers: 4
[1528.288s][debug][gc,phases      ] GC(135)     Dead                           Min: 0, Avg:  0.0, Max: 0, Diff: 0, Sum: 0, Workers: 4
[1528.288s][debug][gc,phases      ] GC(135)     Total                          Min: 0, Avg:  0.0, Max: 0, Diff: 0, Sum: 0, Workers: 4
[1528.288s][debug][gc,phases      ] GC(135)   StringDedup Requests1 Weak     Min:  0.0, Avg:  0.0, Max:  0.0, Diff:  0.0, Sum:  0.0, Workers: 4
[1528.288s][debug][gc,phases      ] GC(135)     Dead                           Min: 0, Avg:  0.0, Max: 0, Diff: 0, Sum: 0, Workers: 4
[1528.288s][debug][gc,phases      ] GC(135)     Total                          Min: 0, Avg:  0.0, Max: 0, Diff: 0, Sum: 0, Workers: 4
[1528.288s][debug][gc,phases      ] GC(135)   Weak JFR Old Object Samples    Min:  0.0, Avg:  0.0, Max:  0.0, Diff:  0.0, Sum:  0.0, Workers: 4
[1528.288s][debug][gc,phases      ] GC(135)     Dead                           Min: 0, Avg:  0.0, Max: 0, Diff: 0, Sum: 0, Workers: 4
[1528.288s][debug][gc,phases      ] GC(135)     Total                          Min: 0, Avg:  0.0, Max: 0, Diff: 0, Sum: 0, Workers: 4
[1528.288s][debug][gc,phases      ] GC(135) Weak Processing 0.405ms
[1528.288s][debug][gc,phases      ] GC(135) ClassLoaderData 0.091ms
[1528.288s][debug][gc,phases      ] GC(135) Trigger cleanups 0.000ms
[1528.307s][debug][gc,phases      ] GC(135) Class Unloading 18.584ms
[1528.307s][debug][gc,phases      ] GC(135) Report Object Count 0.001ms
[1528.307s][info ][gc,phases      ] GC(135) Marking Phase 121.505ms
[1528.307s][info ][gc,phases,start] GC(135) Summary Phase
[1528.307s][info ][gc,phases      ] GC(135) Summary Phase 0.013ms
[1528.307s][info ][gc,phases,start] GC(135) Adjust Roots
[1528.319s][info ][gc,phases      ] GC(135) Adjust Roots 11.571ms
[1528.319s][info ][gc,phases,start] GC(135) Compaction Phase
[1528.409s][info ][gc,phases      ] GC(135) Compaction Phase 90.270ms
[1528.409s][info ][gc,phases,start] GC(135) Post Compact
[1528.410s][info ][gc,phases      ] GC(135) Post Compact 0.690ms
[1528.411s][info ][gc,heap        ] GC(135) PSYoungGen: 5536K(2033152K)->0K(2033664K) Eden: 0K(1970688K)->0K(1970176K) From: 5536K(62464K)->0K(63488K)
[1528.411s][info ][gc,heap        ] GC(135) ParOldGen: 374404K(374784K)->305567K(343040K)
[1528.411s][info ][gc,metaspace   ] GC(135) Metaspace: 82696K(83648K)->82696K(83648K) NonClass: 70709K(71232K)->70709K(71232K) Class: 11987K(12416K)->11987K(12416K)
[1528.412s][info ][gc             ] GC(135) Pause Full (Ergonomics) 371M->298M(2321M) 226.053ms
[1528.412s][info ][gc,cpu         ] GC(135) User=0.71s Sys=0.00s Real=0.23s
[1528.412s][info ][safepoint      ] Safepoint "ParallelGCFailedAllocation", Time since last: 3385375917 ns, Reaching safepoint: 4000 ns, Cleanup: 17300 ns, At safepoint: 248009650 ns, Total: 248030950 ns
[1530.412s][info ][safepoint      ] Safepoint "Cleanup", Time since last: 2000158497 ns, Reaching safepoint: 74000 ns, Cleanup: 38400 ns, At safepoint: 4700 ns, Total: 117100 ns
[1535.412s][info ][safepoint      ] Safepoint "Cleanup", Time since last: 5000356060 ns, Reaching safepoint: 78300 ns, Cleanup: 37200 ns, At safepoint: 6600 ns, Total: 122100 ns
[1537.517s][info ][safepoint      ] Safepoint "ParallelGCFailedAllocation", Time since last: 2104056257 ns, Reaching safepoint: 80000 ns, Cleanup: 29400 ns, At safepoint: 17800 ns, Total: 127200 ns
[1537.518s][info ][gc,start       ] GC(136) Pause Young (GCLocker Initiated GC)
[1537.521s][debug][gc,phases      ] GC(136) Scavenge 2.969ms
[1537.521s][debug][gc,ref         ] GC(136) Skipped phase 1 of Reference Processing: no references
[1537.521s][debug][gc,ref         ] GC(136) Skipped phase 2 of Reference Processing: no references
[1537.521s][debug][gc,ref         ] GC(136) Skipped phase 3 of Reference Processing: no references
[1537.521s][debug][gc,ref         ] GC(136) Skipped phase 4 of Reference Processing: no references
[1537.521s][debug][gc,phases      ] GC(136) Reference Processing 0.036ms
[1537.521s][debug][gc,phases      ] GC(136)   VM Weak                        Min:  0.0, Avg:  0.0, Max:  0.0, Diff:  0.0, Sum:  0.0, Workers: 4
[1537.521s][debug][gc,phases      ] GC(136)     Dead                           Min: 0, Avg:  0.0, Max: 0, Diff: 0, Sum: 0, Workers: 4
[1537.521s][debug][gc,phases      ] GC(136)     Total                          Min: 0, Avg: 181.0, Max: 596, Diff: 596, Sum: 724, Workers: 4
[1537.521s][debug][gc,phases      ] GC(136)   ObjectSynchronizer Weak        Min:  0.0, Avg:  0.0, Max:  0.0, Diff:  0.0, Sum:  0.0, Workers: 4
[1537.521s][debug][gc,phases      ] GC(136)     Dead                           Min: 0, Avg:  0.0, Max: 0, Diff: 0, Sum: 0, Workers: 4
[1537.521s][debug][gc,phases      ] GC(136)     Total                          Min: 0, Avg:  1.2, Max: 5, Diff: 5, Sum: 5, Workers: 4
[1537.521s][debug][gc,phases      ] GC(136)   JVMTI Tag Weak OopStorage      Min:  0.0, Avg:  0.0, Max:  0.0, Diff:  0.0, Sum:  0.0, Workers: 4
[1537.521s][debug][gc,phases      ] GC(136)     Dead                           Min: 0, Avg:  0.0, Max: 0, Diff: 0, Sum: 0, Workers: 4
[1537.521s][debug][gc,phases      ] GC(136)     Total                          Min: 0, Avg:  0.0, Max: 0, Diff: 0, Sum: 0, Workers: 4
[1537.521s][debug][gc,phases      ] GC(136)   StringTable Weak               Min:  0.0, Avg:  0.1, Max:  0.2, Diff:  0.2, Sum:  0.3, Workers: 4
[1537.521s][debug][gc,phases      ] GC(136)     Dead                           Min: 0, Avg:  0.0, Max: 0, Diff: 0, Sum: 0, Workers: 4
[1537.521s][debug][gc,phases      ] GC(136)     Total                          Min: 0, Avg: 10891.8, Max: 27391, Diff: 27391, Sum: 43567, Workers: 4
[1537.521s][debug][gc,phases      ] GC(136)   ResolvedMethodTable Weak       Min:  0.0, Avg:  0.0, Max:  0.0, Diff:  0.0, Sum:  0.1, Workers: 4
[1537.521s][debug][gc,phases      ] GC(136)     Dead                           Min: 0, Avg:  0.0, Max: 0, Diff: 0, Sum: 0, Workers: 4
[1537.521s][debug][gc,phases      ] GC(136)     Total                          Min: 0, Avg: 2426.5, Max: 6058, Diff: 6058, Sum: 9706, Workers: 4
[1537.521s][debug][gc,phases      ] GC(136)   JNI Weak                       Min:  0.0, Avg:  0.0, Max:  0.0, Diff:  0.0, Sum:  0.0, Workers: 4
[1537.521s][debug][gc,phases      ] GC(136)     Dead                           Min: 0, Avg:  0.0, Max: 0, Diff: 0, Sum: 0, Workers: 4
[1537.521s][debug][gc,phases      ] GC(136)     Total                          Min: 0, Avg: 11.2, Max: 45, Diff: 45, Sum: 45, Workers: 4
[1537.521s][debug][gc,phases      ] GC(136)   StringDedup Table Weak         Min:  0.0, Avg:  0.0, Max:  0.0, Diff:  0.0, Sum:  0.0, Workers: 4
[1537.521s][debug][gc,phases      ] GC(136)     Dead                           Min: 0, Avg:  0.0, Max: 0, Diff: 0, Sum: 0, Workers: 4
[1537.521s][debug][gc,phases      ] GC(136)     Total                          Min: 0, Avg:  0.0, Max: 0, Diff: 0, Sum: 0, Workers: 4
[1537.521s][debug][gc,phases      ] GC(136)   StringDedup Requests0 Weak     Min:  0.0, Avg:  0.0, Max:  0.0, Diff:  0.0, Sum:  0.0, Workers: 4
[1537.521s][debug][gc,phases      ] GC(136)     Dead                           Min: 0, Avg:  0.0, Max: 0, Diff: 0, Sum: 0, Workers: 4
[1537.521s][debug][gc,phases      ] GC(136)     Total                          Min: 0, Avg:  0.0, Max: 0, Diff: 0, Sum: 0, Workers: 4
[1537.521s][debug][gc,phases      ] GC(136)   StringDedup Requests1 Weak     Min:  0.0, Avg:  0.0, Max:  0.0, Diff:  0.0, Sum:  0.0, Workers: 4
[1537.521s][debug][gc,phases      ] GC(136)     Dead                           Min: 0, Avg:  0.0, Max: 0, Diff: 0, Sum: 0, Workers: 4
[1537.521s][debug][gc,phases      ] GC(136)     Total                          Min: 0, Avg:  0.0, Max: 0, Diff: 0, Sum: 0, Workers: 4
[1537.521s][debug][gc,phases      ] GC(136)   Weak JFR Old Object Samples    Min:  0.0, Avg:  0.0, Max:  0.0, Diff:  0.0, Sum:  0.0, Workers: 4
[1537.521s][debug][gc,phases      ] GC(136)     Dead                           Min: 0, Avg:  0.0, Max: 0, Diff: 0, Sum: 0, Workers: 4
[1537.521s][debug][gc,phases      ] GC(136)     Total                          Min: 0, Avg:  0.0, Max: 0, Diff: 0, Sum: 0, Workers: 4
[1537.521s][debug][gc,phases      ] GC(136) Weak Processing 0.353ms
[1537.521s][debug][gc,age         ] GC(136) Desired survivor size 66584576 bytes, new threshold 15 (max threshold 15)
[1537.521s][info ][gc,heap        ] GC(136) PSYoungGen: 1970176K(2033664K)->784K(1971200K) Eden: 1970176K(1970176K)->0K(1970176K) From: 0K(63488K)->784K(1024K)
[1537.521s][info ][gc,heap        ] GC(136) ParOldGen: 305570K(343040K)->305570K(343040K)
[1537.521s][info ][gc,metaspace   ] GC(136) Metaspace: 82698K(83648K)->82698K(83648K) NonClass: 70711K(71232K)->70711K(71232K) Class: 11987K(12416K)->11987K(12416K)
[1537.521s][info ][gc             ] GC(136) Pause Young (GCLocker Initiated GC) 2222M->299M(2260M) 3.435ms
[1537.521s][info ][gc,cpu         ] GC(136) User=0.01s Sys=0.00s Real=0.01s
[1537.521s][info ][safepoint      ] Safepoint "ParallelGCSystemGC", Time since last: 922700 ns, Reaching safepoint: 1700 ns, Cleanup: 23700 ns, At safepoint: 3498599 ns, Total: 3523999 ns
[1546.522s][info ][safepoint      ] Safepoint "Cleanup", Time since last: 9000530672 ns, Reaching safepoint: 5100 ns, Cleanup: 31100 ns, At safepoint: 3100 ns, Total: 39300 ns
[1547.111s][info ][gc,start       ] GC(137) Pause Young (Allocation Failure)
[1547.115s][debug][gc,phases      ] GC(137) Scavenge 3.480ms
[1547.115s][debug][gc,ref         ] GC(137) Skipped phase 1 of Reference Processing: no references
[1547.115s][debug][gc,ref         ] GC(137) Skipped phase 2 of Reference Processing: no references
[1547.115s][debug][gc,ref         ] GC(137) Skipped phase 3 of Reference Processing: no references
[1547.115s][debug][gc,ref         ] GC(137) Skipped phase 4 of Reference Processing: no references
[1547.115s][debug][gc,phases      ] GC(137) Reference Processing 0.020ms
[1547.115s][debug][gc,phases      ] GC(137)   VM Weak                        Min:  0.0, Avg:  0.0, Max:  0.0, Diff:  0.0, Sum:  0.0, Workers: 4
[1547.115s][debug][gc,phases      ] GC(137)     Dead                           Min: 0, Avg:  0.0, Max: 0, Diff: 0, Sum: 0, Workers: 4
[1547.115s][debug][gc,phases      ] GC(137)     Total                          Min: 0, Avg: 181.0, Max: 384, Diff: 384, Sum: 724, Workers: 4
[1547.115s][debug][gc,phases      ] GC(137)   ObjectSynchronizer Weak        Min:  0.0, Avg:  0.0, Max:  0.0, Diff:  0.0, Sum:  0.0, Workers: 4
[1547.115s][debug][gc,phases      ] GC(137)     Dead                           Min: 0, Avg:  0.0, Max: 0, Diff: 0, Sum: 0, Workers: 4
[1547.115s][debug][gc,phases      ] GC(137)     Total                          Min: 0, Avg:  1.2, Max: 5, Diff: 5, Sum: 5, Workers: 4
[1547.115s][debug][gc,phases      ] GC(137)   JVMTI Tag Weak OopStorage      Min:  0.0, Avg:  0.0, Max:  0.0, Diff:  0.0, Sum:  0.0, Workers: 4
[1547.115s][debug][gc,phases      ] GC(137)     Dead                           Min: 0, Avg:  0.0, Max: 0, Diff: 0, Sum: 0, Workers: 4
[1547.115s][debug][gc,phases      ] GC(137)     Total                          Min: 0, Avg:  0.0, Max: 0, Diff: 0, Sum: 0, Workers: 4
[1547.115s][debug][gc,phases      ] GC(137)   StringTable Weak               Min:  0.0, Avg:  0.1, Max:  0.2, Diff:  0.2, Sum:  0.3, Workers: 4
[1547.115s][debug][gc,phases      ] GC(137)     Dead                           Min: 0, Avg:  0.0, Max: 0, Diff: 0, Sum: 0, Workers: 4
[1547.115s][debug][gc,phases      ] GC(137)     Total                          Min: 0, Avg: 10891.8, Max: 26416, Diff: 26416, Sum: 43567, Workers: 4
[1547.115s][debug][gc,phases      ] GC(137)   ResolvedMethodTable Weak       Min:  0.0, Avg:  0.0, Max:  0.0, Diff:  0.0, Sum:  0.1, Workers: 4
[1547.115s][debug][gc,phases      ] GC(137)     Dead                           Min: 0, Avg:  0.0, Max: 0, Diff: 0, Sum: 0, Workers: 4
[1547.115s][debug][gc,phases      ] GC(137)     Total                          Min: 0, Avg: 2426.5, Max: 5873, Diff: 5873, Sum: 9706, Workers: 4
[1547.115s][debug][gc,phases      ] GC(137)   JNI Weak                       Min:  0.0, Avg:  0.0, Max:  0.0, Diff:  0.0, Sum:  0.0, Workers: 4
[1547.115s][debug][gc,phases      ] GC(137)     Dead                           Min: 0, Avg:  0.0, Max: 0, Diff: 0, Sum: 0, Workers: 4
[1547.115s][debug][gc,phases      ] GC(137)     Total                          Min: 0, Avg: 11.2, Max: 45, Diff: 45, Sum: 45, Workers: 4
[1547.115s][debug][gc,phases      ] GC(137)   StringDedup Table Weak         Min:  0.0, Avg:  0.0, Max:  0.0, Diff:  0.0, Sum:  0.0, Workers: 4
[1547.115s][debug][gc,phases      ] GC(137)     Dead                           Min: 0, Avg:  0.0, Max: 0, Diff: 0, Sum: 0, Workers: 4
[1547.115s][debug][gc,phases      ] GC(137)     Total                          Min: 0, Avg:  0.0, Max: 0, Diff: 0, Sum: 0, Workers: 4
[1547.115s][debug][gc,phases      ] GC(137)   StringDedup Requests0 Weak     Min:  0.0, Avg:  0.0, Max:  0.0, Diff:  0.0, Sum:  0.0, Workers: 4
[1547.115s][debug][gc,phases      ] GC(137)     Dead                           Min: 0, Avg:  0.0, Max: 0, Diff: 0, Sum: 0, Workers: 4
[1547.115s][debug][gc,phases      ] GC(137)     Total                          Min: 0, Avg:  0.0, Max: 0, Diff: 0, Sum: 0, Workers: 4
[1547.115s][debug][gc,phases      ] GC(137)   StringDedup Requests1 Weak     Min:  0.0, Avg:  0.0, Max:  0.0, Diff:  0.0, Sum:  0.0, Workers: 4
[1547.115s][debug][gc,phases      ] GC(137)     Dead                           Min: 0, Avg:  0.0, Max: 0, Diff: 0, Sum: 0, Workers: 4
[1547.115s][debug][gc,phases      ] GC(137)     Total                          Min: 0, Avg:  0.0, Max: 0, Diff: 0, Sum: 0, Workers: 4
[1547.115s][debug][gc,phases      ] GC(137)   Weak JFR Old Object Samples    Min:  0.0, Avg:  0.0, Max:  0.0, Diff:  0.0, Sum:  0.0, Workers: 4
[1547.115s][debug][gc,phases      ] GC(137)     Dead                           Min: 0, Avg:  0.0, Max: 0, Diff: 0, Sum: 0, Workers: 4
[1547.115s][debug][gc,phases      ] GC(137)     Total                          Min: 0, Avg:  0.0, Max: 0, Diff: 0, Sum: 0, Workers: 4
[1547.115s][debug][gc,phases      ] GC(137) Weak Processing 0.367ms
[1547.115s][debug][gc,age         ] GC(137) Desired survivor size 67108864 bytes, new threshold 15 (max threshold 15)
[1547.115s][info ][gc,heap        ] GC(137) PSYoungGen: 1970960K(1971200K)->1056K(2031104K) Eden: 1970176K(1970176K)->0K(1966080K) From: 784K(1024K)->1056K(65024K)
[1547.115s][info ][gc,heap        ] GC(137) ParOldGen: 305573K(343040K)->305573K(343040K)
[1547.115s][info ][gc,metaspace   ] GC(137) Metaspace: 82699K(83648K)->82699K(83648K) NonClass: 70712K(71232K)->70712K(71232K) Class: 11987K(12416K)->11987K(12416K)
[1547.115s][info ][gc             ] GC(137) Pause Young (Allocation Failure) 2223M->299M(2318M) 3.960ms
[1547.115s][info ][gc,cpu         ] GC(137) User=0.01s Sys=0.00s Real=0.00s
[1547.115s][info ][safepoint      ] Safepoint "ParallelGCFailedAllocation", Time since last: 589213382 ns, Reaching safepoint: 74100 ns, Cleanup: 19700 ns, At safepoint: 4025999 ns, Total: 4119799 ns
[1548.115s][info ][safepoint      ] Safepoint "Cleanup", Time since last: 1000083309 ns, Reaching safepoint: 85700 ns, Cleanup: 34200 ns, At safepoint: 6800 ns, Total: 126700 ns
[1549.115s][info ][safepoint      ] Safepoint "Cleanup", Time since last: 1000104234 ns, Reaching safepoint: 76400 ns, Cleanup: 41200 ns, At safepoint: 5600 ns, Total: 123200 ns
[1551.116s][info ][safepoint      ] Safepoint "Cleanup", Time since last: 2000185666 ns, Reaching safepoint: 77300 ns, Cleanup: 33800 ns, At safepoint: 3800 ns, Total: 114900 ns
[1554.116s][info ][safepoint      ] Safepoint "Cleanup", Time since last: 3000254499 ns, Reaching safepoint: 73300 ns, Cleanup: 45600 ns, At safepoint: 6200 ns, Total: 125100 ns
[1555.812s][info ][gc,start       ] GC(138) Pause Young (Allocation Failure)
[1555.819s][debug][gc,phases      ] GC(138) Scavenge 6.421ms
[1555.819s][debug][gc,ref         ] GC(138) Skipped phase 1 of Reference Processing: no references
[1555.819s][debug][gc,ref         ] GC(138) ReferenceProcessor::execute queues: 1, RefProcThreadModel::Single, marks_oops_alive: false
[1555.819s][debug][gc,ref         ] GC(138) Skipped phase 3 of Reference Processing: no references
[1555.819s][debug][gc,ref         ] GC(138) ReferenceProcessor::execute queues: 1, RefProcThreadModel::Single, marks_oops_alive: false
[1555.819s][debug][gc,phases      ] GC(138) Reference Processing 0.103ms
[1555.819s][debug][gc,phases      ] GC(138)   VM Weak                        Min:  0.0, Avg:  0.0, Max:  0.0, Diff:  0.0, Sum:  0.0, Workers: 4
[1555.819s][debug][gc,phases      ] GC(138)     Dead                           Min: 0, Avg:  0.0, Max: 0, Diff: 0, Sum: 0, Workers: 4
[1555.819s][debug][gc,phases      ] GC(138)     Total                          Min: 0, Avg: 181.0, Max: 532, Diff: 532, Sum: 724, Workers: 4
[1555.819s][debug][gc,phases      ] GC(138)   ObjectSynchronizer Weak        Min:  0.0, Avg:  0.0, Max:  0.0, Diff:  0.0, Sum:  0.0, Workers: 4
[1555.819s][debug][gc,phases      ] GC(138)     Dead                           Min: 0, Avg:  0.0, Max: 0, Diff: 0, Sum: 0, Workers: 4
[1555.819s][debug][gc,phases      ] GC(138)     Total                          Min: 0, Avg:  1.2, Max: 5, Diff: 5, Sum: 5, Workers: 4
[1555.819s][debug][gc,phases      ] GC(138)   JVMTI Tag Weak OopStorage      Min:  0.0, Avg:  0.0, Max:  0.0, Diff:  0.0, Sum:  0.0, Workers: 4
[1555.819s][debug][gc,phases      ] GC(138)     Dead                           Min: 0, Avg:  0.0, Max: 0, Diff: 0, Sum: 0, Workers: 4
[1555.819s][debug][gc,phases      ] GC(138)     Total                          Min: 0, Avg:  0.0, Max: 0, Diff: 0, Sum: 0, Workers: 4
[1555.819s][debug][gc,phases      ] GC(138)   StringTable Weak               Min:  0.0, Avg:  0.1, Max:  0.2, Diff:  0.2, Sum:  0.3, Workers: 4
[1555.819s][debug][gc,phases      ] GC(138)     Dead                           Min: 0, Avg:  0.0, Max: 0, Diff: 0, Sum: 0, Workers: 4
[1555.819s][debug][gc,phases      ] GC(138)     Total                          Min: 0, Avg: 10893.5, Max: 27646, Diff: 27646, Sum: 43574, Workers: 4
[1555.819s][debug][gc,phases      ] GC(138)   ResolvedMethodTable Weak       Min:  0.0, Avg:  0.0, Max:  0.0, Diff:  0.0, Sum:  0.1, Workers: 4
[1555.819s][debug][gc,phases      ] GC(138)     Dead                           Min: 0, Avg:  0.0, Max: 0, Diff: 0, Sum: 0, Workers: 4
[1555.819s][debug][gc,phases      ] GC(138)     Total                          Min: 0, Avg: 2426.5, Max: 6143, Diff: 6143, Sum: 9706, Workers: 4
[1555.819s][debug][gc,phases      ] GC(138)   JNI Weak                       Min:  0.0, Avg:  0.0, Max:  0.0, Diff:  0.0, Sum:  0.0, Workers: 4
[1555.819s][debug][gc,phases      ] GC(138)     Dead                           Min: 0, Avg:  0.0, Max: 0, Diff: 0, Sum: 0, Workers: 4
[1555.819s][debug][gc,phases      ] GC(138)     Total                          Min: 0, Avg: 11.2, Max: 45, Diff: 45, Sum: 45, Workers: 4
[1555.819s][debug][gc,phases      ] GC(138)   StringDedup Table Weak         Min:  0.0, Avg:  0.0, Max:  0.0, Diff:  0.0, Sum:  0.0, Workers: 4
[1555.819s][debug][gc,phases      ] GC(138)     Dead                           Min: 0, Avg:  0.0, Max: 0, Diff: 0, Sum: 0, Workers: 4
[1555.819s][debug][gc,phases      ] GC(138)     Total                          Min: 0, Avg:  0.0, Max: 0, Diff: 0, Sum: 0, Workers: 4
[1555.819s][debug][gc,phases      ] GC(138)   StringDedup Requests0 Weak     Min:  0.0, Avg:  0.0, Max:  0.0, Diff:  0.0, Sum:  0.0, Workers: 4
[1555.819s][debug][gc,phases      ] GC(138)     Dead                           Min: 0, Avg:  0.0, Max: 0, Diff: 0, Sum: 0, Workers: 4
[1555.819s][debug][gc,phases      ] GC(138)     Total                          Min: 0, Avg:  0.0, Max: 0, Diff: 0, Sum: 0, Workers: 4
[1555.819s][debug][gc,phases      ] GC(138)   StringDedup Requests1 Weak     Min:  0.0, Avg:  0.0, Max:  0.0, Diff:  0.0, Sum:  0.0, Workers: 4
[1555.819s][debug][gc,phases      ] GC(138)     Dead                           Min: 0, Avg:  0.0, Max: 0, Diff: 0, Sum: 0, Workers: 4
[1555.819s][debug][gc,phases      ] GC(138)     Total                          Min: 0, Avg:  0.0, Max: 0, Diff: 0, Sum: 0, Workers: 4
[1555.819s][debug][gc,phases      ] GC(138)   Weak JFR Old Object Samples    Min:  0.0, Avg:  0.0, Max:  0.0, Diff:  0.0, Sum:  0.0, Workers: 4
[1555.819s][debug][gc,phases      ] GC(138)     Dead                           Min: 0, Avg:  0.0, Max: 0, Diff: 0, Sum: 0, Workers: 4
[1555.819s][debug][gc,phases      ] GC(138)     Total                          Min: 0, Avg:  0.0, Max: 0, Diff: 0, Sum: 0, Workers: 4
[1555.819s][debug][gc,phases      ] GC(138) Weak Processing 0.356ms
[1555.819s][debug][gc,age         ] GC(138) Desired survivor size 65011712 bytes, new threshold 15 (max threshold 15)
[1555.819s][info ][gc,heap        ] GC(138) PSYoungGen: 1967136K(2031104K)->8416K(2031616K) Eden: 1966080K(1966080K)->0K(1966080K) From: 1056K(65024K)->8416K(65536K)
[1555.819s][info ][gc,heap        ] GC(138) ParOldGen: 305573K(343040K)->305581K(343040K)
[1555.819s][info ][gc,metaspace   ] GC(138) Metaspace: 82718K(83648K)->82718K(83648K) NonClass: 70731K(71232K)->70731K(71232K) Class: 11987K(12416K)->11987K(12416K)
[1555.819s][info ][gc             ] GC(138) Pause Young (Allocation Failure) 2219M->306M(2319M) 6.997ms
[1555.819s][info ][gc,cpu         ] GC(138) User=0.02s Sys=0.00s Real=0.00s
[1555.819s][info ][safepoint      ] Safepoint "ParallelGCFailedAllocation", Time since last: 1696155417 ns, Reaching safepoint: 5500 ns, Cleanup: 42600 ns, At safepoint: 7069199 ns, Total: 7117299 ns
[1557.820s][info ][safepoint      ] Safepoint "Cleanup", Time since last: 2000153727 ns, Reaching safepoint: 11300 ns, Cleanup: 32600 ns, At safepoint: 2800 ns, Total: 46700 ns
[1559.820s][info ][safepoint      ] Safepoint "Cleanup", Time since last: 2000168327 ns, Reaching safepoint: 14300 ns, Cleanup: 46100 ns, At safepoint: 5900 ns, Total: 66300 ns
[1561.430s][info ][safepoint      ] Safepoint "Cleanup", Time since last: 1610463100 ns, Reaching safepoint: 4500 ns, Cleanup: 42600 ns, At safepoint: 6800 ns, Total: 53900 ns
[1565.431s][info ][safepoint      ] Safepoint "Cleanup", Time since last: 4000270902 ns, Reaching safepoint: 4900 ns, Cleanup: 31800 ns, At safepoint: 2400 ns, Total: 39100 ns
[1566.813s][info ][gc,start       ] GC(139) Pause Young (Allocation Failure)
[1566.820s][debug][gc,phases      ] GC(139) Scavenge 6.884ms
[1566.820s][debug][gc,ref         ] GC(139) Skipped phase 1 of Reference Processing: no references
[1566.820s][debug][gc,ref         ] GC(139) ReferenceProcessor::execute queues: 1, RefProcThreadModel::Single, marks_oops_alive: false
[1566.820s][debug][gc,ref         ] GC(139) ReferenceProcessor::execute queues: 4, RefProcThreadModel::Multi, marks_oops_alive: true
[1566.820s][debug][gc,ref         ] GC(139) Skipped phase 4 of Reference Processing: no references
[1566.820s][debug][gc,phases      ] GC(139) Reference Processing 0.409ms
[1566.821s][debug][gc,phases      ] GC(139)   VM Weak                        Min:  0.0, Avg:  0.0, Max:  0.0, Diff:  0.0, Sum:  0.0, Workers: 4
[1566.821s][debug][gc,phases      ] GC(139)     Dead                           Min: 0, Avg:  0.0, Max: 0, Diff: 0, Sum: 0, Workers: 4
[1566.821s][debug][gc,phases      ] GC(139)     Total                          Min: 0, Avg: 181.0, Max: 512, Diff: 512, Sum: 724, Workers: 4
[1566.821s][debug][gc,phases      ] GC(139)   ObjectSynchronizer Weak        Min:  0.0, Avg:  0.0, Max:  0.0, Diff:  0.0, Sum:  0.0, Workers: 4
[1566.821s][debug][gc,phases      ] GC(139)     Dead                           Min: 0, Avg:  0.0, Max: 0, Diff: 0, Sum: 0, Workers: 4
[1566.821s][debug][gc,phases      ] GC(139)     Total                          Min: 0, Avg:  1.2, Max: 5, Diff: 5, Sum: 5, Workers: 4
[1566.821s][debug][gc,phases      ] GC(139)   JVMTI Tag Weak OopStorage      Min:  0.0, Avg:  0.0, Max:  0.0, Diff:  0.0, Sum:  0.0, Workers: 4
[1566.821s][debug][gc,phases      ] GC(139)     Dead                           Min: 0, Avg:  0.0, Max: 0, Diff: 0, Sum: 0, Workers: 4
[1566.821s][debug][gc,phases      ] GC(139)     Total                          Min: 0, Avg:  0.0, Max: 0, Diff: 0, Sum: 0, Workers: 4
[1566.821s][debug][gc,phases      ] GC(139)   StringTable Weak               Min:  0.0, Avg:  0.1, Max:  0.2, Diff:  0.2, Sum:  0.4, Workers: 4
[1566.821s][debug][gc,phases      ] GC(139)     Dead                           Min: 0, Avg:  0.0, Max: 0, Diff: 0, Sum: 0, Workers: 4
[1566.821s][debug][gc,phases      ] GC(139)     Total                          Min: 0, Avg: 10893.5, Max: 22015, Diff: 22015, Sum: 43574, Workers: 4
[1566.821s][debug][gc,phases      ] GC(139)   ResolvedMethodTable Weak       Min:  0.0, Avg:  0.0, Max:  0.0, Diff:  0.0, Sum:  0.1, Workers: 4
[1566.821s][debug][gc,phases      ] GC(139)     Dead                           Min: 0, Avg:  0.0, Max: 0, Diff: 0, Sum: 0, Workers: 4
[1566.821s][debug][gc,phases      ] GC(139)     Total                          Min: 0, Avg: 2426.5, Max: 4907, Diff: 4907, Sum: 9706, Workers: 4
[1566.821s][debug][gc,phases      ] GC(139)   JNI Weak                       Min:  0.0, Avg:  0.0, Max:  0.0, Diff:  0.0, Sum:  0.0, Workers: 4
[1566.821s][debug][gc,phases      ] GC(139)     Dead                           Min: 0, Avg:  0.0, Max: 0, Diff: 0, Sum: 0, Workers: 4
[1566.821s][debug][gc,phases      ] GC(139)     Total                          Min: 0, Avg: 11.2, Max: 45, Diff: 45, Sum: 45, Workers: 4
[1566.821s][debug][gc,phases      ] GC(139)   StringDedup Table Weak         Min:  0.0, Avg:  0.0, Max:  0.0, Diff:  0.0, Sum:  0.0, Workers: 4
[1566.821s][debug][gc,phases      ] GC(139)     Dead                           Min: 0, Avg:  0.0, Max: 0, Diff: 0, Sum: 0, Workers: 4
[1566.821s][debug][gc,phases      ] GC(139)     Total                          Min: 0, Avg:  0.0, Max: 0, Diff: 0, Sum: 0, Workers: 4
[1566.821s][debug][gc,phases      ] GC(139)   StringDedup Requests0 Weak     Min:  0.0, Avg:  0.0, Max:  0.0, Diff:  0.0, Sum:  0.0, Workers: 4
[1566.821s][debug][gc,phases      ] GC(139)     Dead                           Min: 0, Avg:  0.0, Max: 0, Diff: 0, Sum: 0, Workers: 4
[1566.821s][debug][gc,phases      ] GC(139)     Total                          Min: 0, Avg:  0.0, Max: 0, Diff: 0, Sum: 0, Workers: 4
[1566.821s][debug][gc,phases      ] GC(139)   StringDedup Requests1 Weak     Min:  0.0, Avg:  0.0, Max:  0.0, Diff:  0.0, Sum:  0.0, Workers: 4
[1566.821s][debug][gc,phases      ] GC(139)     Dead                           Min: 0, Avg:  0.0, Max: 0, Diff: 0, Sum: 0, Workers: 4
[1566.821s][debug][gc,phases      ] GC(139)     Total                          Min: 0, Avg:  0.0, Max: 0, Diff: 0, Sum: 0, Workers: 4
[1566.821s][debug][gc,phases      ] GC(139)   Weak JFR Old Object Samples    Min:  0.0, Avg:  0.0, Max:  0.0, Diff:  0.0, Sum:  0.0, Workers: 4
[1566.821s][debug][gc,phases      ] GC(139)     Dead                           Min: 0, Avg:  0.0, Max: 0, Diff: 0, Sum: 0, Workers: 4
[1566.821s][debug][gc,phases      ] GC(139)     Total                          Min: 0, Avg:  0.0, Max: 0, Diff: 0, Sum: 0, Workers: 4
[1566.821s][debug][gc,phases      ] GC(139) Weak Processing 0.514ms
[1566.821s][debug][gc,age         ] GC(139) Desired survivor size 63438848 bytes, new threshold 15 (max threshold 15)
[1566.821s][info ][gc,heap        ] GC(139) PSYoungGen: 1974496K(2031616K)->8464K(2035200K) Eden: 1966080K(1966080K)->0K(1971712K) From: 8416K(65536K)->8464K(63488K)
[1566.821s][info ][gc,heap        ] GC(139) ParOldGen: 305581K(343040K)->305581K(343040K)
[1566.821s][info ][gc,metaspace   ] GC(139) Metaspace: 82721K(83648K)->82721K(83648K) NonClass: 70734K(71232K)->70734K(71232K) Class: 11987K(12416K)->11987K(12416K)
[1566.821s][info ][gc             ] GC(139) Pause Young (Allocation Failure) 2226M->306M(2322M) 7.946ms
[1566.821s][info ][gc,cpu         ] GC(139) User=0.02s Sys=0.00s Real=0.01s
[1566.821s][info ][safepoint      ] Safepoint "ParallelGCFailedAllocation", Time since last: 1382373283 ns, Reaching safepoint: 6200 ns, Cleanup: 18700 ns, At safepoint: 8038999 ns, Total: 8063899 ns
[1570.821s][info ][safepoint      ] Safepoint "Cleanup", Time since last: 4000278071 ns, Reaching safepoint: 5700 ns, Cleanup: 39100 ns, At safepoint: 20600 ns, Total: 65400 ns
[1578.912s][info ][gc,start       ] GC(140) Pause Young (Allocation Failure)
[1578.920s][debug][gc,phases      ] GC(140) Scavenge 8.361ms
[1578.920s][debug][gc,ref         ] GC(140) Skipped phase 1 of Reference Processing: no references
[1578.920s][debug][gc,ref         ] GC(140) ReferenceProcessor::execute queues: 1, RefProcThreadModel::Single, marks_oops_alive: false
[1578.920s][debug][gc,ref         ] GC(140) Skipped phase 3 of Reference Processing: no references
[1578.920s][debug][gc,ref         ] GC(140) Skipped phase 4 of Reference Processing: no references
[1578.920s][debug][gc,phases      ] GC(140) Reference Processing 0.088ms
[1578.920s][debug][gc,phases      ] GC(140)   VM Weak                        Min:  0.0, Avg:  0.0, Max:  0.0, Diff:  0.0, Sum:  0.0, Workers: 4
[1578.920s][debug][gc,phases      ] GC(140)     Dead                           Min: 0, Avg:  0.0, Max: 0, Diff: 0, Sum: 0, Workers: 4
[1578.920s][debug][gc,phases      ] GC(140)     Total                          Min: 0, Avg: 181.0, Max: 448, Diff: 448, Sum: 724, Workers: 4
[1578.920s][debug][gc,phases      ] GC(140)   ObjectSynchronizer Weak        Min:  0.0, Avg:  0.0, Max:  0.0, Diff:  0.0, Sum:  0.0, Workers: 4
[1578.920s][debug][gc,phases      ] GC(140)     Dead                           Min: 0, Avg:  0.0, Max: 0, Diff: 0, Sum: 0, Workers: 4
[1578.920s][debug][gc,phases      ] GC(140)     Total                          Min: 0, Avg:  1.8, Max: 7, Diff: 7, Sum: 7, Workers: 4
[1578.920s][debug][gc,phases      ] GC(140)   JVMTI Tag Weak OopStorage      Min:  0.0, Avg:  0.0, Max:  0.0, Diff:  0.0, Sum:  0.0, Workers: 4
[1578.920s][debug][gc,phases      ] GC(140)     Dead                           Min: 0, Avg:  0.0, Max: 0, Diff: 0, Sum: 0, Workers: 4
[1578.920s][debug][gc,phases      ] GC(140)     Total                          Min: 0, Avg:  0.0, Max: 0, Diff: 0, Sum: 0, Workers: 4
[1578.920s][debug][gc,phases      ] GC(140)   StringTable Weak               Min:  0.0, Avg:  0.1, Max:  0.1, Diff:  0.1, Sum:  0.4, Workers: 4
[1578.920s][debug][gc,phases      ] GC(140)     Dead                           Min: 0, Avg:  0.0, Max: 0, Diff: 0, Sum: 0, Workers: 4
[1578.920s][debug][gc,phases      ] GC(140)     Total                          Min: 0, Avg: 10893.5, Max: 14528, Diff: 14528, Sum: 43574, Workers: 4
[1578.920s][debug][gc,phases      ] GC(140)   ResolvedMethodTable Weak       Min:  0.0, Avg:  0.0, Max:  0.0, Diff:  0.0, Sum:  0.1, Workers: 4
[1578.920s][debug][gc,phases      ] GC(140)     Dead                           Min: 0, Avg:  0.0, Max: 0, Diff: 0, Sum: 0, Workers: 4
[1578.920s][debug][gc,phases      ] GC(140)     Total                          Min: 0, Avg: 2426.5, Max: 3391, Diff: 3391, Sum: 9706, Workers: 4
[1578.920s][debug][gc,phases      ] GC(140)   JNI Weak                       Min:  0.0, Avg:  0.0, Max:  0.0, Diff:  0.0, Sum:  0.0, Workers: 4
[1578.920s][debug][gc,phases      ] GC(140)     Dead                           Min: 0, Avg:  0.0, Max: 0, Diff: 0, Sum: 0, Workers: 4
[1578.920s][debug][gc,phases      ] GC(140)     Total                          Min: 0, Avg: 11.2, Max: 45, Diff: 45, Sum: 45, Workers: 4
[1578.920s][debug][gc,phases      ] GC(140)   StringDedup Table Weak         Min:  0.0, Avg:  0.0, Max:  0.0, Diff:  0.0, Sum:  0.0, Workers: 4
[1578.920s][debug][gc,phases      ] GC(140)     Dead                           Min: 0, Avg:  0.0, Max: 0, Diff: 0, Sum: 0, Workers: 4
[1578.920s][debug][gc,phases      ] GC(140)     Total                          Min: 0, Avg:  0.0, Max: 0, Diff: 0, Sum: 0, Workers: 4
[1578.920s][debug][gc,phases      ] GC(140)   StringDedup Requests0 Weak     Min:  0.0, Avg:  0.0, Max:  0.0, Diff:  0.0, Sum:  0.0, Workers: 4
[1578.920s][debug][gc,phases      ] GC(140)     Dead                           Min: 0, Avg:  0.0, Max: 0, Diff: 0, Sum: 0, Workers: 4
[1578.920s][debug][gc,phases      ] GC(140)     Total                          Min: 0, Avg:  0.0, Max: 0, Diff: 0, Sum: 0, Workers: 4
[1578.920s][debug][gc,phases      ] GC(140)   StringDedup Requests1 Weak     Min:  0.0, Avg:  0.0, Max:  0.0, Diff:  0.0, Sum:  0.0, Workers: 4
[1578.920s][debug][gc,phases      ] GC(140)     Dead                           Min: 0, Avg:  0.0, Max: 0, Diff: 0, Sum: 0, Workers: 4
[1578.920s][debug][gc,phases      ] GC(140)     Total                          Min: 0, Avg:  0.0, Max: 0, Diff: 0, Sum: 0, Workers: 4
[1578.920s][debug][gc,phases      ] GC(140)   Weak JFR Old Object Samples    Min:  0.0, Avg:  0.0, Max:  0.0, Diff:  0.0, Sum:  0.0, Workers: 4
[1578.920s][debug][gc,phases      ] GC(140)     Dead                           Min: 0, Avg:  0.0, Max: 0, Diff: 0, Sum: 0, Workers: 4
[1578.920s][debug][gc,phases      ] GC(140)     Total                          Min: 0, Avg:  0.0, Max: 0, Diff: 0, Sum: 0, Workers: 4
[1578.920s][debug][gc,phases      ] GC(140) Weak Processing 0.338ms
[1578.920s][debug][gc,age         ] GC(140) Desired survivor size 61341696 bytes, new threshold 15 (max threshold 15)
[1578.921s][info ][gc,heap        ] GC(140) PSYoungGen: 1980176K(2035200K)->7344K(2033664K) Eden: 1971712K(1971712K)->0K(1971712K) From: 8464K(63488K)->7344K(61952K)
[1578.921s][info ][gc,heap        ] GC(140) ParOldGen: 305581K(343040K)->305581K(343040K)
[1578.921s][info ][gc,metaspace   ] GC(140) Metaspace: 82721K(83648K)->82721K(83648K) NonClass: 70734K(71232K)->70734K(71232K) Class: 11987K(12416K)->11987K(12416K)
[1578.921s][info ][gc             ] GC(140) Pause Young (Allocation Failure) 2232M->305M(2321M) 8.907ms
[1578.921s][info ][gc,cpu         ] GC(140) User=0.02s Sys=0.00s Real=0.01s
[1578.921s][info ][safepoint      ] Safepoint "ParallelGCFailedAllocation", Time since last: 8090121168 ns, Reaching safepoint: 4400 ns, Cleanup: 17800 ns, At safepoint: 8988299 ns, Total: 9010499 ns
[1581.921s][info ][safepoint      ] Safepoint "Cleanup", Time since last: 3000216013 ns, Reaching safepoint: 5000 ns, Cleanup: 34600 ns, At safepoint: 5400 ns, Total: 45000 ns
[1588.921s][info ][safepoint      ] Safepoint "Cleanup", Time since last: 7000477314 ns, Reaching safepoint: 5900 ns, Cleanup: 38900 ns, At safepoint: 2800 ns, Total: 47600 ns
[1591.111s][info ][gc,start       ] GC(141) Pause Young (Allocation Failure)
[1591.117s][debug][gc,phases      ] GC(141) Scavenge 6.376ms
[1591.117s][debug][gc,ref         ] GC(141) Skipped phase 1 of Reference Processing: no references
[1591.117s][debug][gc,ref         ] GC(141) ReferenceProcessor::execute queues: 1, RefProcThreadModel::Single, marks_oops_alive: false
[1591.117s][debug][gc,ref         ] GC(141) Skipped phase 3 of Reference Processing: no references
[1591.117s][debug][gc,ref         ] GC(141) ReferenceProcessor::execute queues: 1, RefProcThreadModel::Single, marks_oops_alive: false
[1591.117s][debug][gc,phases      ] GC(141) Reference Processing 0.087ms
[1591.118s][debug][gc,phases      ] GC(141)   VM Weak                        Min:  0.0, Avg:  0.0, Max:  0.0, Diff:  0.0, Sum:  0.0, Workers: 4
[1591.118s][debug][gc,phases      ] GC(141)     Dead                           Min: 0, Avg:  0.0, Max: 0, Diff: 0, Sum: 0, Workers: 4
[1591.118s][debug][gc,phases      ] GC(141)     Total                          Min: 0, Avg: 181.0, Max: 468, Diff: 468, Sum: 724, Workers: 4
[1591.118s][debug][gc,phases      ] GC(141)   ObjectSynchronizer Weak        Min:  0.0, Avg:  0.0, Max:  0.0, Diff:  0.0, Sum:  0.0, Workers: 4
[1591.118s][debug][gc,phases      ] GC(141)     Dead                           Min: 0, Avg:  0.0, Max: 0, Diff: 0, Sum: 0, Workers: 4
[1591.118s][debug][gc,phases      ] GC(141)     Total                          Min: 0, Avg:  1.8, Max: 7, Diff: 7, Sum: 7, Workers: 4
[1591.118s][debug][gc,phases      ] GC(141)   JVMTI Tag Weak OopStorage      Min:  0.0, Avg:  0.0, Max:  0.0, Diff:  0.0, Sum:  0.0, Workers: 4
[1591.118s][debug][gc,phases      ] GC(141)     Dead                           Min: 0, Avg:  0.0, Max: 0, Diff: 0, Sum: 0, Workers: 4
[1591.118s][debug][gc,phases      ] GC(141)     Total                          Min: 0, Avg:  0.0, Max: 0, Diff: 0, Sum: 0, Workers: 4
[1591.118s][debug][gc,phases      ] GC(141)   StringTable Weak               Min:  0.0, Avg:  0.1, Max:  0.2, Diff:  0.2, Sum:  0.3, Workers: 4
[1591.118s][debug][gc,phases      ] GC(141)     Dead                           Min: 0, Avg:  0.0, Max: 0, Diff: 0, Sum: 0, Workers: 4
[1591.118s][debug][gc,phases      ] GC(141)     Total                          Min: 0, Avg: 10893.8, Max: 26558, Diff: 26558, Sum: 43575, Workers: 4
[1591.118s][debug][gc,phases      ] GC(141)   ResolvedMethodTable Weak       Min:  0.0, Avg:  0.0, Max:  0.0, Diff:  0.0, Sum:  0.1, Workers: 4
[1591.118s][debug][gc,phases      ] GC(141)     Dead                           Min: 0, Avg:  0.0, Max: 0, Diff: 0, Sum: 0, Workers: 4
[1591.118s][debug][gc,phases      ] GC(141)     Total                          Min: 0, Avg: 2426.5, Max: 5739, Diff: 5739, Sum: 9706, Workers: 4
[1591.118s][debug][gc,phases      ] GC(141)   JNI Weak                       Min:  0.0, Avg:  0.0, Max:  0.0, Diff:  0.0, Sum:  0.0, Workers: 4
[1591.118s][debug][gc,phases      ] GC(141)     Dead                           Min: 0, Avg:  0.0, Max: 0, Diff: 0, Sum: 0, Workers: 4
[1591.118s][debug][gc,phases      ] GC(141)     Total                          Min: 0, Avg: 11.2, Max: 45, Diff: 45, Sum: 45, Workers: 4
[1591.118s][debug][gc,phases      ] GC(141)   StringDedup Table Weak         Min:  0.0, Avg:  0.0, Max:  0.0, Diff:  0.0, Sum:  0.0, Workers: 4
[1591.118s][debug][gc,phases      ] GC(141)     Dead                           Min: 0, Avg:  0.0, Max: 0, Diff: 0, Sum: 0, Workers: 4
[1591.118s][debug][gc,phases      ] GC(141)     Total                          Min: 0, Avg:  0.0, Max: 0, Diff: 0, Sum: 0, Workers: 4
[1591.118s][debug][gc,phases      ] GC(141)   StringDedup Requests0 Weak     Min:  0.0, Avg:  0.0, Max:  0.0, Diff:  0.0, Sum:  0.0, Workers: 4
[1591.118s][debug][gc,phases      ] GC(141)     Dead                           Min: 0, Avg:  0.0, Max: 0, Diff: 0, Sum: 0, Workers: 4
[1591.118s][debug][gc,phases      ] GC(141)     Total                          Min: 0, Avg:  0.0, Max: 0, Diff: 0, Sum: 0, Workers: 4
[1591.118s][debug][gc,phases      ] GC(141)   StringDedup Requests1 Weak     Min:  0.0, Avg:  0.0, Max:  0.0, Diff:  0.0, Sum:  0.0, Workers: 4
[1591.118s][debug][gc,phases      ] GC(141)     Dead                           Min: 0, Avg:  0.0, Max: 0, Diff: 0, Sum: 0, Workers: 4
[1591.118s][debug][gc,phases      ] GC(141)     Total                          Min: 0, Avg:  0.0, Max: 0, Diff: 0, Sum: 0, Workers: 4
[1591.118s][debug][gc,phases      ] GC(141)   Weak JFR Old Object Samples    Min:  0.0, Avg:  0.0, Max:  0.0, Diff:  0.0, Sum:  0.0, Workers: 4
[1591.118s][debug][gc,phases      ] GC(141)     Dead                           Min: 0, Avg:  0.0, Max: 0, Diff: 0, Sum: 0, Workers: 4
[1591.118s][debug][gc,phases      ] GC(141)     Total                          Min: 0, Avg:  0.0, Max: 0, Diff: 0, Sum: 0, Workers: 4
[1591.118s][debug][gc,phases      ] GC(141) Weak Processing 0.347ms
[1591.118s][debug][gc,age         ] GC(141) Desired survivor size 59244544 bytes, new threshold 15 (max threshold 15)
[1591.118s][info ][gc,heap        ] GC(141) PSYoungGen: 1979056K(2033664K)->7648K(2039296K) Eden: 1971712K(1971712K)->0K(1979392K) From: 7344K(61952K)->7648K(59904K)
[1591.118s][info ][gc,heap        ] GC(141) ParOldGen: 305581K(343040K)->305581K(343040K)
[1591.118s][info ][gc,metaspace   ] GC(141) Metaspace: 82741K(83648K)->82741K(83648K) NonClass: 70754K(71232K)->70754K(71232K) Class: 11987K(12416K)->11987K(12416K)
[1591.118s][info ][gc             ] GC(141) Pause Young (Allocation Failure) 2231M->305M(2326M) 6.918ms
[1591.118s][info ][gc,cpu         ] GC(141) User=0.02s Sys=0.00s Real=0.00s
[1591.118s][info ][safepoint      ] Safepoint "ParallelGCFailedAllocation", Time since last: 2189413649 ns, Reaching safepoint: 5800 ns, Cleanup: 38000 ns, At safepoint: 6982498 ns, Total: 7026298 ns
[1595.118s][info ][safepoint      ] Safepoint "Cleanup", Time since last: 4000245975 ns, Reaching safepoint: 4800 ns, Cleanup: 44600 ns, At safepoint: 2500 ns, Total: 51900 ns
[1596.118s][info ][safepoint      ] Safepoint "Cleanup", Time since last: 1000124092 ns, Reaching safepoint: 6200 ns, Cleanup: 34600 ns, At safepoint: 7800 ns, Total: 48600 ns
[1601.119s][info ][safepoint      ] Safepoint "Cleanup", Time since last: 5000342129 ns, Reaching safepoint: 72800 ns, Cleanup: 27900 ns, At safepoint: 4700 ns, Total: 105400 ns
[1603.713s][info ][gc,start       ] GC(142) Pause Young (Allocation Failure)
[1603.720s][debug][gc,phases      ] GC(142) Scavenge 6.764ms
[1603.720s][debug][gc,ref         ] GC(142) Skipped phase 1 of Reference Processing: no references
[1603.720s][debug][gc,ref         ] GC(142) ReferenceProcessor::execute queues: 1, RefProcThreadModel::Single, marks_oops_alive: false
[1603.720s][debug][gc,ref         ] GC(142) Skipped phase 3 of Reference Processing: no references
[1603.720s][debug][gc,ref         ] GC(142) Skipped phase 4 of Reference Processing: no references
[1603.720s][debug][gc,phases      ] GC(142) Reference Processing 0.090ms
[1603.721s][debug][gc,phases      ] GC(142)   VM Weak                        Min:  0.0, Avg:  0.0, Max:  0.0, Diff:  0.0, Sum:  0.0, Workers: 4
[1603.721s][debug][gc,phases      ] GC(142)     Dead                           Min: 0, Avg:  0.0, Max: 0, Diff: 0, Sum: 0, Workers: 4
[1603.721s][debug][gc,phases      ] GC(142)     Total                          Min: 0, Avg: 181.0, Max: 660, Diff: 660, Sum: 724, Workers: 4
[1603.721s][debug][gc,phases      ] GC(142)   ObjectSynchronizer Weak        Min:  0.0, Avg:  0.0, Max:  0.0, Diff:  0.0, Sum:  0.0, Workers: 4
[1603.721s][debug][gc,phases      ] GC(142)     Dead                           Min: 0, Avg:  0.0, Max: 0, Diff: 0, Sum: 0, Workers: 4
[1603.721s][debug][gc,phases      ] GC(142)     Total                          Min: 0, Avg:  1.8, Max: 7, Diff: 7, Sum: 7, Workers: 4
[1603.721s][debug][gc,phases      ] GC(142)   JVMTI Tag Weak OopStorage      Min:  0.0, Avg:  0.0, Max:  0.0, Diff:  0.0, Sum:  0.0, Workers: 4
[1603.721s][debug][gc,phases      ] GC(142)     Dead                           Min: 0, Avg:  0.0, Max: 0, Diff: 0, Sum: 0, Workers: 4
[1603.721s][debug][gc,phases      ] GC(142)     Total                          Min: 0, Avg:  0.0, Max: 0, Diff: 0, Sum: 0, Workers: 4
[1603.721s][debug][gc,phases      ] GC(142)   StringTable Weak               Min:  0.0, Avg:  0.1, Max:  0.2, Diff:  0.2, Sum:  0.3, Workers: 4
[1603.721s][debug][gc,phases      ] GC(142)     Dead                           Min: 0, Avg:  0.0, Max: 0, Diff: 0, Sum: 0, Workers: 4
[1603.721s][debug][gc,phases      ] GC(142)     Total                          Min: 0, Avg: 10893.8, Max: 26615, Diff: 26615, Sum: 43575, Workers: 4
[1603.721s][debug][gc,phases      ] GC(142)   ResolvedMethodTable Weak       Min:  0.0, Avg:  0.0, Max:  0.0, Diff:  0.0, Sum:  0.1, Workers: 4
[1603.721s][debug][gc,phases      ] GC(142)     Dead                           Min: 0, Avg:  0.0, Max: 0, Diff: 0, Sum: 0, Workers: 4
[1603.721s][debug][gc,phases      ] GC(142)     Total                          Min: 0, Avg: 2426.5, Max: 5759, Diff: 5759, Sum: 9706, Workers: 4
[1603.721s][debug][gc,phases      ] GC(142)   JNI Weak                       Min:  0.0, Avg:  0.0, Max:  0.0, Diff:  0.0, Sum:  0.0, Workers: 4
[1603.721s][debug][gc,phases      ] GC(142)     Dead                           Min: 0, Avg:  0.0, Max: 0, Diff: 0, Sum: 0, Workers: 4
[1603.721s][debug][gc,phases      ] GC(142)     Total                          Min: 0, Avg: 11.2, Max: 45, Diff: 45, Sum: 45, Workers: 4
[1603.721s][debug][gc,phases      ] GC(142)   StringDedup Table Weak         Min:  0.0, Avg:  0.0, Max:  0.0, Diff:  0.0, Sum:  0.0, Workers: 4
[1603.721s][debug][gc,phases      ] GC(142)     Dead                           Min: 0, Avg:  0.0, Max: 0, Diff: 0, Sum: 0, Workers: 4
[1603.721s][debug][gc,phases      ] GC(142)     Total                          Min: 0, Avg:  0.0, Max: 0, Diff: 0, Sum: 0, Workers: 4
[1603.721s][debug][gc,phases      ] GC(142)   StringDedup Requests0 Weak     Min:  0.0, Avg:  0.0, Max:  0.0, Diff:  0.0, Sum:  0.0, Workers: 4
[1603.721s][debug][gc,phases      ] GC(142)     Dead                           Min: 0, Avg:  0.0, Max: 0, Diff: 0, Sum: 0, Workers: 4
[1603.721s][debug][gc,phases      ] GC(142)     Total                          Min: 0, Avg:  0.0, Max: 0, Diff: 0, Sum: 0, Workers: 4
[1603.721s][debug][gc,phases      ] GC(142)   StringDedup Requests1 Weak     Min:  0.0, Avg:  0.0, Max:  0.0, Diff:  0.0, Sum:  0.0, Workers: 4
[1603.721s][debug][gc,phases      ] GC(142)     Dead                           Min: 0, Avg:  0.0, Max: 0, Diff: 0, Sum: 0, Workers: 4
[1603.721s][debug][gc,phases      ] GC(142)     Total                          Min: 0, Avg:  0.0, Max: 0, Diff: 0, Sum: 0, Workers: 4
[1603.721s][debug][gc,phases      ] GC(142)   Weak JFR Old Object Samples    Min:  0.0, Avg:  0.0, Max:  0.0, Diff:  0.0, Sum:  0.0, Workers: 4
[1603.721s][debug][gc,phases      ] GC(142)     Dead                           Min: 0, Avg:  0.0, Max: 0, Diff: 0, Sum: 0, Workers: 4
[1603.721s][debug][gc,phases      ] GC(142)     Total                          Min: 0, Avg:  0.0, Max: 0, Diff: 0, Sum: 0, Workers: 4
[1603.721s][debug][gc,phases      ] GC(142) Weak Processing 0.368ms
[1603.721s][debug][gc,age         ] GC(142) Desired survivor size 57147392 bytes, new threshold 15 (max threshold 15)
[1603.721s][info ][gc,heap        ] GC(142) PSYoungGen: 1987040K(2039296K)->7632K(2037248K) Eden: 1979392K(1979392K)->0K(1979392K) From: 7648K(59904K)->7632K(57856K)
[1603.721s][info ][gc,heap        ] GC(142) ParOldGen: 305581K(343040K)->305581K(343040K)
[1603.721s][info ][gc,metaspace   ] GC(142) Metaspace: 82744K(83648K)->82744K(83648K) NonClass: 70757K(71232K)->70757K(71232K) Class: 11987K(12416K)->11987K(12416K)
[1603.721s][info ][gc             ] GC(142) Pause Young (Allocation Failure) 2238M->305M(2324M) 7.324ms
[1603.721s][info ][gc,cpu         ] GC(142) User=0.02s Sys=0.00s Real=0.01s
[1603.721s][info ][safepoint      ] Safepoint "ParallelGCFailedAllocation", Time since last: 2594587845 ns, Reaching safepoint: 4500 ns, Cleanup: 26300 ns, At safepoint: 7391998 ns, Total: 7422798 ns
[1607.721s][info ][safepoint      ] Safepoint "Cleanup", Time since last: 4000288367 ns, Reaching safepoint: 6300 ns, Cleanup: 36500 ns, At safepoint: 5800 ns, Total: 48600 ns
[1608.721s][info ][safepoint      ] Safepoint "Cleanup", Time since last: 1000113393 ns, Reaching safepoint: 5200 ns, Cleanup: 36200 ns, At safepoint: 3200 ns, Total: 44600 ns
[1610.721s][info ][safepoint      ] Safepoint "Cleanup", Time since last: 2000171684 ns, Reaching safepoint: 6300 ns, Cleanup: 30600 ns, At safepoint: 2500 ns, Total: 39400 ns
[1613.722s][info ][safepoint      ] Safepoint "Cleanup", Time since last: 3000238498 ns, Reaching safepoint: 82700 ns, Cleanup: 41800 ns, At safepoint: 7500 ns, Total: 132000 ns
[1616.261s][info ][gc,start       ] GC(143) Pause Young (Allocation Failure)
[1616.268s][debug][gc,phases      ] GC(143) Scavenge 7.107ms
[1616.268s][debug][gc,ref         ] GC(143) Skipped phase 1 of Reference Processing: no references
[1616.268s][debug][gc,ref         ] GC(143) ReferenceProcessor::execute queues: 1, RefProcThreadModel::Single, marks_oops_alive: false
[1616.268s][debug][gc,ref         ] GC(143) Skipped phase 3 of Reference Processing: no references
[1616.268s][debug][gc,ref         ] GC(143) Skipped phase 4 of Reference Processing: no references
[1616.268s][debug][gc,phases      ] GC(143) Reference Processing 0.088ms
[1616.268s][debug][gc,phases      ] GC(143)   VM Weak                        Min:  0.0, Avg:  0.0, Max:  0.0, Diff:  0.0, Sum:  0.0, Workers: 4
[1616.268s][debug][gc,phases      ] GC(143)     Dead                           Min: 0, Avg:  0.0, Max: 0, Diff: 0, Sum: 0, Workers: 4
[1616.268s][debug][gc,phases      ] GC(143)     Total                          Min: 0, Avg: 181.0, Max: 448, Diff: 448, Sum: 724, Workers: 4
[1616.268s][debug][gc,phases      ] GC(143)   ObjectSynchronizer Weak        Min:  0.0, Avg:  0.0, Max:  0.0, Diff:  0.0, Sum:  0.0, Workers: 4
[1616.268s][debug][gc,phases      ] GC(143)     Dead                           Min: 0, Avg:  0.0, Max: 0, Diff: 0, Sum: 0, Workers: 4
[1616.268s][debug][gc,phases      ] GC(143)     Total                          Min: 0, Avg:  1.8, Max: 7, Diff: 7, Sum: 7, Workers: 4
[1616.268s][debug][gc,phases      ] GC(143)   JVMTI Tag Weak OopStorage      Min:  0.0, Avg:  0.0, Max:  0.0, Diff:  0.0, Sum:  0.0, Workers: 4
[1616.268s][debug][gc,phases      ] GC(143)     Dead                           Min: 0, Avg:  0.0, Max: 0, Diff: 0, Sum: 0, Workers: 4
[1616.268s][debug][gc,phases      ] GC(143)     Total                          Min: 0, Avg:  0.0, Max: 0, Diff: 0, Sum: 0, Workers: 4
[1616.268s][debug][gc,phases      ] GC(143)   StringTable Weak               Min:  0.0, Avg:  0.1, Max:  0.1, Diff:  0.1, Sum:  0.4, Workers: 4
[1616.268s][debug][gc,phases      ] GC(143)     Dead                           Min: 0, Avg:  0.0, Max: 0, Diff: 0, Sum: 0, Workers: 4
[1616.268s][debug][gc,phases      ] GC(143)     Total                          Min: 0, Avg: 10895.0, Max: 15868, Diff: 15868, Sum: 43580, Workers: 4
[1616.268s][debug][gc,phases      ] GC(143)   ResolvedMethodTable Weak       Min:  0.0, Avg:  0.0, Max:  0.0, Diff:  0.0, Sum:  0.1, Workers: 4
[1616.268s][debug][gc,phases      ] GC(143)     Dead                           Min: 0, Avg:  0.0, Max: 0, Diff: 0, Sum: 0, Workers: 4
[1616.268s][debug][gc,phases      ] GC(143)     Total                          Min: 0, Avg: 2426.5, Max: 3454, Diff: 3454, Sum: 9706, Workers: 4
[1616.268s][debug][gc,phases      ] GC(143)   JNI Weak                       Min:  0.0, Avg:  0.0, Max:  0.0, Diff:  0.0, Sum:  0.0, Workers: 4
[1616.268s][debug][gc,phases      ] GC(143)     Dead                           Min: 0, Avg:  0.0, Max: 0, Diff: 0, Sum: 0, Workers: 4
[1616.268s][debug][gc,phases      ] GC(143)     Total                          Min: 0, Avg: 11.2, Max: 45, Diff: 45, Sum: 45, Workers: 4
[1616.268s][debug][gc,phases      ] GC(143)   StringDedup Table Weak         Min:  0.0, Avg:  0.0, Max:  0.0, Diff:  0.0, Sum:  0.0, Workers: 4
[1616.268s][debug][gc,phases      ] GC(143)     Dead                           Min: 0, Avg:  0.0, Max: 0, Diff: 0, Sum: 0, Workers: 4
[1616.268s][debug][gc,phases      ] GC(143)     Total                          Min: 0, Avg:  0.0, Max: 0, Diff: 0, Sum: 0, Workers: 4
[1616.268s][debug][gc,phases      ] GC(143)   StringDedup Requests0 Weak     Min:  0.0, Avg:  0.0, Max:  0.0, Diff:  0.0, Sum:  0.0, Workers: 4
[1616.268s][debug][gc,phases      ] GC(143)     Dead                           Min: 0, Avg:  0.0, Max: 0, Diff: 0, Sum: 0, Workers: 4
[1616.268s][debug][gc,phases      ] GC(143)     Total                          Min: 0, Avg:  0.0, Max: 0, Diff: 0, Sum: 0, Workers: 4
[1616.268s][debug][gc,phases      ] GC(143)   StringDedup Requests1 Weak     Min:  0.0, Avg:  0.0, Max:  0.0, Diff:  0.0, Sum:  0.0, Workers: 4
[1616.268s][debug][gc,phases      ] GC(143)     Dead                           Min: 0, Avg:  0.0, Max: 0, Diff: 0, Sum: 0, Workers: 4
[1616.268s][debug][gc,phases      ] GC(143)     Total                          Min: 0, Avg:  0.0, Max: 0, Diff: 0, Sum: 0, Workers: 4
[1616.268s][debug][gc,phases      ] GC(143)   Weak JFR Old Object Samples    Min:  0.0, Avg:  0.0, Max:  0.0, Diff:  0.0, Sum:  0.0, Workers: 4
[1616.268s][debug][gc,phases      ] GC(143)     Dead                           Min: 0, Avg:  0.0, Max: 0, Diff: 0, Sum: 0, Workers: 4
[1616.268s][debug][gc,phases      ] GC(143)     Total                          Min: 0, Avg:  0.0, Max: 0, Diff: 0, Sum: 0, Workers: 4
[1616.268s][debug][gc,phases      ] GC(143) Weak Processing 0.323ms
[1616.268s][debug][gc,age         ] GC(143) Desired survivor size 54525952 bytes, new threshold 15 (max threshold 15)
[1616.268s][info ][gc,heap        ] GC(143) PSYoungGen: 1987024K(2037248K)->7744K(2043904K) Eden: 1979392K(1979392K)->0K(1988096K) From: 7632K(57856K)->7744K(55808K)
[1616.268s][info ][gc,heap        ] GC(143) ParOldGen: 305581K(343040K)->305581K(343040K)
[1616.268s][info ][gc,metaspace   ] GC(143) Metaspace: 82772K(83712K)->82772K(83712K) NonClass: 70785K(71296K)->70785K(71296K) Class: 11987K(12416K)->11987K(12416K)
[1616.268s][info ][gc             ] GC(143) Pause Young (Allocation Failure) 2238M->305M(2331M) 7.615ms
[1616.268s][info ][gc,cpu         ] GC(143) User=0.01s Sys=0.00s Real=0.01s
[1616.268s][info ][safepoint      ] Safepoint "ParallelGCFailedAllocation", Time since last: 2538887601 ns, Reaching safepoint: 3900 ns, Cleanup: 17600 ns, At safepoint: 7682799 ns, Total: 7704299 ns
[1619.269s][info ][safepoint      ] Safepoint "Cleanup", Time since last: 3000219311 ns, Reaching safepoint: 4600 ns, Cleanup: 32400 ns, At safepoint: 2800 ns, Total: 39800 ns
[1620.269s][info ][safepoint      ] Safepoint "Cleanup", Time since last: 1000111805 ns, Reaching safepoint: 78900 ns, Cleanup: 27400 ns, At safepoint: 8700 ns, Total: 115000 ns
[1626.445s][info ][safepoint      ] Safepoint "Cleanup", Time since last: 6176247103 ns, Reaching safepoint: 6700 ns, Cleanup: 41900 ns, At safepoint: 8600 ns, Total: 57200 ns
[1628.809s][info ][gc,start       ] GC(144) Pause Young (Allocation Failure)
[1628.813s][debug][gc,phases      ] GC(144) Scavenge 3.557ms
[1628.813s][debug][gc,ref         ] GC(144) Skipped phase 1 of Reference Processing: no references
[1628.813s][debug][gc,ref         ] GC(144) ReferenceProcessor::execute queues: 1, RefProcThreadModel::Single, marks_oops_alive: false
[1628.813s][debug][gc,ref         ] GC(144) Skipped phase 3 of Reference Processing: no references
[1628.813s][debug][gc,ref         ] GC(144) Skipped phase 4 of Reference Processing: no references
[1628.813s][debug][gc,phases      ] GC(144) Reference Processing 0.103ms
[1628.816s][debug][gc,phases      ] GC(144)   VM Weak                        Min:  0.0, Avg:  0.0, Max:  0.0, Diff:  0.0, Sum:  0.0, Workers: 4
[1628.816s][debug][gc,phases      ] GC(144)     Dead                           Min: 0, Avg:  0.0, Max: 0, Diff: 0, Sum: 0, Workers: 4
[1628.816s][debug][gc,phases      ] GC(144)     Total                          Min: 0, Avg: 181.0, Max: 468, Diff: 468, Sum: 724, Workers: 4
[1628.816s][debug][gc,phases      ] GC(144)   ObjectSynchronizer Weak        Min:  0.0, Avg:  0.0, Max:  0.0, Diff:  0.0, Sum:  0.0, Workers: 4
[1628.816s][debug][gc,phases      ] GC(144)     Dead                           Min: 0, Avg:  0.0, Max: 0, Diff: 0, Sum: 0, Workers: 4
[1628.816s][debug][gc,phases      ] GC(144)     Total                          Min: 0, Avg:  1.0, Max: 4, Diff: 4, Sum: 4, Workers: 4
[1628.816s][debug][gc,phases      ] GC(144)   JVMTI Tag Weak OopStorage      Min:  0.0, Avg:  0.0, Max:  0.0, Diff:  0.0, Sum:  0.0, Workers: 4
[1628.816s][debug][gc,phases      ] GC(144)     Dead                           Min: 0, Avg:  0.0, Max: 0, Diff: 0, Sum: 0, Workers: 4
[1628.816s][debug][gc,phases      ] GC(144)     Total                          Min: 0, Avg:  0.0, Max: 0, Diff: 0, Sum: 0, Workers: 4
[1628.816s][debug][gc,phases      ] GC(144)   StringTable Weak               Min:  0.1, Avg:  0.1, Max:  0.1, Diff:  0.0, Sum:  0.4, Workers: 4
[1628.816s][debug][gc,phases      ] GC(144)     Dead                           Min: 0, Avg:  0.0, Max: 0, Diff: 0, Sum: 0, Workers: 4
[1628.816s][debug][gc,phases      ] GC(144)     Total                          Min: 10562, Avg: 10896.5, Max: 11264, Diff: 702, Sum: 43586, Workers: 4
[1628.816s][debug][gc,phases      ] GC(144)   ResolvedMethodTable Weak       Min:  0.0, Avg:  0.0, Max:  0.0, Diff:  0.0, Sum:  0.1, Workers: 4
[1628.816s][debug][gc,phases      ] GC(144)     Dead                           Min: 0, Avg:  0.0, Max: 0, Diff: 0, Sum: 0, Workers: 4
[1628.816s][debug][gc,phases      ] GC(144)     Total                          Min: 2367, Avg: 2426.5, Max: 2496, Diff: 129, Sum: 9706, Workers: 4
[1628.816s][debug][gc,phases      ] GC(144)   JNI Weak                       Min:  0.0, Avg:  0.0, Max:  0.0, Diff:  0.0, Sum:  0.0, Workers: 4
[1628.816s][debug][gc,phases      ] GC(144)     Dead                           Min: 0, Avg:  0.0, Max: 0, Diff: 0, Sum: 0, Workers: 4
[1628.816s][debug][gc,phases      ] GC(144)     Total                          Min: 0, Avg: 11.2, Max: 45, Diff: 45, Sum: 45, Workers: 4
[1628.816s][debug][gc,phases      ] GC(144)   StringDedup Table Weak         Min:  0.0, Avg:  0.0, Max:  0.0, Diff:  0.0, Sum:  0.0, Workers: 4
[1628.816s][debug][gc,phases      ] GC(144)     Dead                           Min: 0, Avg:  0.0, Max: 0, Diff: 0, Sum: 0, Workers: 4
[1628.816s][debug][gc,phases      ] GC(144)     Total                          Min: 0, Avg:  0.0, Max: 0, Diff: 0, Sum: 0, Workers: 4
[1628.816s][debug][gc,phases      ] GC(144)   StringDedup Requests0 Weak     Min:  0.0, Avg:  0.0, Max:  0.0, Diff:  0.0, Sum:  0.0, Workers: 4
[1628.816s][debug][gc,phases      ] GC(144)     Dead                           Min: 0, Avg:  0.0, Max: 0, Diff: 0, Sum: 0, Workers: 4
[1628.816s][debug][gc,phases      ] GC(144)     Total                          Min: 0, Avg:  0.0, Max: 0, Diff: 0, Sum: 0, Workers: 4
[1628.816s][debug][gc,phases      ] GC(144)   StringDedup Requests1 Weak     Min:  0.0, Avg:  0.0, Max:  0.0, Diff:  0.0, Sum:  0.0, Workers: 4
[1628.816s][debug][gc,phases      ] GC(144)     Dead                           Min: 0, Avg:  0.0, Max: 0, Diff: 0, Sum: 0, Workers: 4
[1628.816s][debug][gc,phases      ] GC(144)     Total                          Min: 0, Avg:  0.0, Max: 0, Diff: 0, Sum: 0, Workers: 4
[1628.816s][debug][gc,phases      ] GC(144)   Weak JFR Old Object Samples    Min:  0.0, Avg:  0.0, Max:  0.0, Diff:  0.0, Sum:  0.0, Workers: 4
[1628.816s][debug][gc,phases      ] GC(144)     Dead                           Min: 0, Avg:  0.0, Max: 0, Diff: 0, Sum: 0, Workers: 4
[1628.816s][debug][gc,phases      ] GC(144)     Total                          Min: 0, Avg:  0.0, Max: 0, Diff: 0, Sum: 0, Workers: 4
[1628.816s][debug][gc,phases      ] GC(144) Weak Processing 2.986ms
[1628.816s][debug][gc,age         ] GC(144) Desired survivor size 52428800 bytes, new threshold 15 (max threshold 15)
[1628.816s][info ][gc,heap        ] GC(144) PSYoungGen: 1995840K(2043904K)->7616K(2041344K) Eden: 1988096K(1988096K)->0K(1988096K) From: 7744K(55808K)->7616K(53248K)
[1628.816s][info ][gc,heap        ] GC(144) ParOldGen: 305581K(343040K)->305581K(343040K)
[1628.816s][info ][gc,metaspace   ] GC(144) Metaspace: 82775K(83712K)->82775K(83712K) NonClass: 70788K(71296K)->70788K(71296K) Class: 11987K(12416K)->11987K(12416K)
[1628.816s][info ][gc             ] GC(144) Pause Young (Allocation Failure) 2247M->305M(2328M) 6.754ms
[1628.816s][info ][gc,cpu         ] GC(144) User=0.01s Sys=0.00s Real=0.00s
[1628.816s][info ][safepoint      ] Safepoint "ParallelGCFailedAllocation", Time since last: 2364051439 ns, Reaching safepoint: 78000 ns, Cleanup: 21800 ns, At safepoint: 6863099 ns, Total: 6962899 ns
[1629.816s][info ][safepoint      ] Safepoint "Cleanup", Time since last: 1000088604 ns, Reaching safepoint: 81100 ns, Cleanup: 39200 ns, At safepoint: 7900 ns, Total: 128200 ns
[1630.820s][info ][safepoint      ] Safepoint "Cleanup", Time since last: 1000096004 ns, Reaching safepoint: 3379499 ns, Cleanup: 30600 ns, At safepoint: 8900 ns, Total: 3418999 ns
[1638.821s][info ][safepoint      ] Safepoint "Cleanup", Time since last: 8000553960 ns, Reaching safepoint: 5900 ns, Cleanup: 34800 ns, At safepoint: 4800 ns, Total: 45500 ns
[1641.068s][info ][gc,start       ] GC(145) Pause Young (Allocation Failure)
[1641.077s][debug][gc,phases      ] GC(145) Scavenge 8.979ms
[1641.077s][debug][gc,ref         ] GC(145) Skipped phase 1 of Reference Processing: no references
[1641.077s][debug][gc,ref         ] GC(145) ReferenceProcessor::execute queues: 1, RefProcThreadModel::Single, marks_oops_alive: false
[1641.077s][debug][gc,ref         ] GC(145) Skipped phase 3 of Reference Processing: no references
[1641.077s][debug][gc,ref         ] GC(145) Skipped phase 4 of Reference Processing: no references
[1641.078s][debug][gc,phases      ] GC(145) Reference Processing 0.120ms
[1641.078s][debug][gc,phases      ] GC(145)   VM Weak                        Min:  0.0, Avg:  0.0, Max:  0.0, Diff:  0.0, Sum:  0.0, Workers: 4
[1641.078s][debug][gc,phases      ] GC(145)     Dead                           Min: 0, Avg:  0.0, Max: 0, Diff: 0, Sum: 0, Workers: 4
[1641.078s][debug][gc,phases      ] GC(145)     Total                          Min: 0, Avg: 181.0, Max: 724, Diff: 724, Sum: 724, Workers: 4
[1641.078s][debug][gc,phases      ] GC(145)   ObjectSynchronizer Weak        Min:  0.0, Avg:  0.0, Max:  0.0, Diff:  0.0, Sum:  0.0, Workers: 4
[1641.078s][debug][gc,phases      ] GC(145)     Dead                           Min: 0, Avg:  0.0, Max: 0, Diff: 0, Sum: 0, Workers: 4
[1641.078s][debug][gc,phases      ] GC(145)     Total                          Min: 0, Avg:  1.0, Max: 4, Diff: 4, Sum: 4, Workers: 4
[1641.078s][debug][gc,phases      ] GC(145)   JVMTI Tag Weak OopStorage      Min:  0.0, Avg:  0.0, Max:  0.0, Diff:  0.0, Sum:  0.0, Workers: 4
[1641.078s][debug][gc,phases      ] GC(145)     Dead                           Min: 0, Avg:  0.0, Max: 0, Diff: 0, Sum: 0, Workers: 4
[1641.078s][debug][gc,phases      ] GC(145)     Total                          Min: 0, Avg:  0.0, Max: 0, Diff: 0, Sum: 0, Workers: 4
[1641.078s][debug][gc,phases      ] GC(145)   StringTable Weak               Min:  0.0, Avg:  0.2, Max:  0.6, Diff:  0.6, Sum:  0.9, Workers: 4
[1641.078s][debug][gc,phases      ] GC(145)     Dead                           Min: 0, Avg:  0.0, Max: 0, Diff: 0, Sum: 0, Workers: 4
[1641.078s][debug][gc,phases      ] GC(145)     Total                          Min: 0, Avg: 10897.0, Max: 16448, Diff: 16448, Sum: 43588, Workers: 4
[1641.078s][debug][gc,phases      ] GC(145)   ResolvedMethodTable Weak       Min:  0.0, Avg:  0.0, Max:  0.1, Diff:  0.1, Sum:  0.1, Workers: 4
[1641.078s][debug][gc,phases      ] GC(145)     Dead                           Min: 0, Avg:  0.0, Max: 0, Diff: 0, Sum: 0, Workers: 4
[1641.078s][debug][gc,phases      ] GC(145)     Total                          Min: 0, Avg: 2426.5, Max: 5362, Diff: 5362, Sum: 9706, Workers: 4
[1641.078s][debug][gc,phases      ] GC(145)   JNI Weak                       Min:  0.0, Avg:  0.0, Max:  0.0, Diff:  0.0, Sum:  0.0, Workers: 4
[1641.078s][debug][gc,phases      ] GC(145)     Dead                           Min: 0, Avg:  0.0, Max: 0, Diff: 0, Sum: 0, Workers: 4
[1641.078s][debug][gc,phases      ] GC(145)     Total                          Min: 0, Avg: 11.2, Max: 45, Diff: 45, Sum: 45, Workers: 4
[1641.078s][debug][gc,phases      ] GC(145)   StringDedup Table Weak         Min:  0.0, Avg:  0.0, Max:  0.0, Diff:  0.0, Sum:  0.0, Workers: 4
[1641.078s][debug][gc,phases      ] GC(145)     Dead                           Min: 0, Avg:  0.0, Max: 0, Diff: 0, Sum: 0, Workers: 4
[1641.078s][debug][gc,phases      ] GC(145)     Total                          Min: 0, Avg:  0.0, Max: 0, Diff: 0, Sum: 0, Workers: 4
[1641.078s][debug][gc,phases      ] GC(145)   StringDedup Requests0 Weak     Min:  0.0, Avg:  0.0, Max:  0.0, Diff:  0.0, Sum:  0.0, Workers: 4
[1641.078s][debug][gc,phases      ] GC(145)     Dead                           Min: 0, Avg:  0.0, Max: 0, Diff: 0, Sum: 0, Workers: 4
[1641.078s][debug][gc,phases      ] GC(145)     Total                          Min: 0, Avg:  0.0, Max: 0, Diff: 0, Sum: 0, Workers: 4
[1641.078s][debug][gc,phases      ] GC(145)   StringDedup Requests1 Weak     Min:  0.0, Avg:  0.0, Max:  0.0, Diff:  0.0, Sum:  0.0, Workers: 4
[1641.078s][debug][gc,phases      ] GC(145)     Dead                           Min: 0, Avg:  0.0, Max: 0, Diff: 0, Sum: 0, Workers: 4
[1641.078s][debug][gc,phases      ] GC(145)     Total                          Min: 0, Avg:  0.0, Max: 0, Diff: 0, Sum: 0, Workers: 4
[1641.078s][debug][gc,phases      ] GC(145)   Weak JFR Old Object Samples    Min:  0.0, Avg:  0.0, Max:  0.0, Diff:  0.0, Sum:  0.0, Workers: 4
[1641.078s][debug][gc,phases      ] GC(145)     Dead                           Min: 0, Avg:  0.0, Max: 0, Diff: 0, Sum: 0, Workers: 4
[1641.078s][debug][gc,phases      ] GC(145)     Total                          Min: 0, Avg:  0.0, Max: 0, Diff: 0, Sum: 0, Workers: 4
[1641.078s][debug][gc,phases      ] GC(145) Weak Processing 0.907ms
[1641.078s][debug][gc,age         ] GC(145) Desired survivor size 50331648 bytes, new threshold 15 (max threshold 15)
[1641.078s][info ][gc,heap        ] GC(145) PSYoungGen: 1995712K(2041344K)->7632K(2048000K) Eden: 1988096K(1988096K)->0K(1996800K) From: 7616K(53248K)->7632K(51200K)
[1641.078s][info ][gc,heap        ] GC(145) ParOldGen: 305581K(343040K)->305589K(343040K)
[1641.078s][info ][gc,metaspace   ] GC(145) Metaspace: 82806K(83712K)->82806K(83712K) NonClass: 70818K(71296K)->70818K(71296K) Class: 11987K(12416K)->11987K(12416K)
[1641.079s][info ][gc             ] GC(145) Pause Young (Allocation Failure) 2247M->305M(2335M) 10.164ms
[1641.079s][info ][gc,cpu         ] GC(145) User=0.02s Sys=0.00s Real=0.00s
[1641.079s][info ][safepoint      ] Safepoint "ParallelGCFailedAllocation", Time since last: 2247646481 ns, Reaching safepoint: 85400 ns, Cleanup: 23800 ns, At safepoint: 10247498 ns, Total: 10356698 ns
[1651.079s][info ][safepoint      ] Safepoint "Cleanup", Time since last: 10000595897 ns, Reaching safepoint: 6300 ns, Cleanup: 37300 ns, At safepoint: 4200 ns, Total: 47800 ns
[1654.410s][info ][gc,start       ] GC(146) Pause Young (Allocation Failure)
[1654.416s][debug][gc,phases      ] GC(146) Scavenge 5.648ms
[1654.416s][debug][gc,ref         ] GC(146) Skipped phase 1 of Reference Processing: no references
[1654.416s][debug][gc,ref         ] GC(146) ReferenceProcessor::execute queues: 1, RefProcThreadModel::Single, marks_oops_alive: false
[1654.416s][debug][gc,ref         ] GC(146) Skipped phase 3 of Reference Processing: no references
[1654.416s][debug][gc,ref         ] GC(146) ReferenceProcessor::execute queues: 1, RefProcThreadModel::Single, marks_oops_alive: false
[1654.416s][debug][gc,phases      ] GC(146) Reference Processing 0.082ms
[1654.416s][debug][gc,phases      ] GC(146)   VM Weak                        Min:  0.0, Avg:  0.0, Max:  0.0, Diff:  0.0, Sum:  0.0, Workers: 4
[1654.416s][debug][gc,phases      ] GC(146)     Dead                           Min: 0, Avg:  0.0, Max: 0, Diff: 0, Sum: 0, Workers: 4
[1654.416s][debug][gc,phases      ] GC(146)     Total                          Min: 0, Avg: 181.0, Max: 384, Diff: 384, Sum: 724, Workers: 4
[1654.416s][debug][gc,phases      ] GC(146)   ObjectSynchronizer Weak        Min:  0.0, Avg:  0.0, Max:  0.0, Diff:  0.0, Sum:  0.0, Workers: 4
[1654.416s][debug][gc,phases      ] GC(146)     Dead                           Min: 0, Avg:  0.0, Max: 0, Diff: 0, Sum: 0, Workers: 4
[1654.416s][debug][gc,phases      ] GC(146)     Total                          Min: 0, Avg:  1.2, Max: 5, Diff: 5, Sum: 5, Workers: 4
[1654.416s][debug][gc,phases      ] GC(146)   JVMTI Tag Weak OopStorage      Min:  0.0, Avg:  0.0, Max:  0.0, Diff:  0.0, Sum:  0.0, Workers: 4
[1654.416s][debug][gc,phases      ] GC(146)     Dead                           Min: 0, Avg:  0.0, Max: 0, Diff: 0, Sum: 0, Workers: 4
[1654.416s][debug][gc,phases      ] GC(146)     Total                          Min: 0, Avg:  0.0, Max: 0, Diff: 0, Sum: 0, Workers: 4
[1654.416s][debug][gc,phases      ] GC(146)   StringTable Weak               Min:  0.0, Avg:  0.1, Max:  0.2, Diff:  0.2, Sum:  0.3, Workers: 4
[1654.416s][debug][gc,phases      ] GC(146)     Dead                           Min: 0, Avg:  0.0, Max: 0, Diff: 0, Sum: 0, Workers: 4
[1654.416s][debug][gc,phases      ] GC(146)     Total                          Min: 0, Avg: 10897.8, Max: 25856, Diff: 25856, Sum: 43591, Workers: 4
[1654.416s][debug][gc,phases      ] GC(146)   ResolvedMethodTable Weak       Min:  0.0, Avg:  0.0, Max:  0.0, Diff:  0.0, Sum:  0.1, Workers: 4
[1654.416s][debug][gc,phases      ] GC(146)     Dead                           Min: 0, Avg:  0.0, Max: 0, Diff: 0, Sum: 0, Workers: 4
[1654.416s][debug][gc,phases      ] GC(146)     Total                          Min: 0, Avg: 2426.8, Max: 5868, Diff: 5868, Sum: 9707, Workers: 4
[1654.416s][debug][gc,phases      ] GC(146)   JNI Weak                       Min:  0.0, Avg:  0.0, Max:  0.0, Diff:  0.0, Sum:  0.0, Workers: 4
[1654.416s][debug][gc,phases      ] GC(146)     Dead                           Min: 0, Avg:  0.0, Max: 0, Diff: 0, Sum: 0, Workers: 4
[1654.416s][debug][gc,phases      ] GC(146)     Total                          Min: 0, Avg: 11.2, Max: 45, Diff: 45, Sum: 45, Workers: 4
[1654.416s][debug][gc,phases      ] GC(146)   StringDedup Table Weak         Min:  0.0, Avg:  0.0, Max:  0.0, Diff:  0.0, Sum:  0.0, Workers: 4
[1654.416s][debug][gc,phases      ] GC(146)     Dead                           Min: 0, Avg:  0.0, Max: 0, Diff: 0, Sum: 0, Workers: 4
[1654.416s][debug][gc,phases      ] GC(146)     Total                          Min: 0, Avg:  0.0, Max: 0, Diff: 0, Sum: 0, Workers: 4
[1654.416s][debug][gc,phases      ] GC(146)   StringDedup Requests0 Weak     Min:  0.0, Avg:  0.0, Max:  0.0, Diff:  0.0, Sum:  0.0, Workers: 4
[1654.416s][debug][gc,phases      ] GC(146)     Dead                           Min: 0, Avg:  0.0, Max: 0, Diff: 0, Sum: 0, Workers: 4
[1654.416s][debug][gc,phases      ] GC(146)     Total                          Min: 0, Avg:  0.0, Max: 0, Diff: 0, Sum: 0, Workers: 4
[1654.416s][debug][gc,phases      ] GC(146)   StringDedup Requests1 Weak     Min:  0.0, Avg:  0.0, Max:  0.0, Diff:  0.0, Sum:  0.0, Workers: 4
[1654.416s][debug][gc,phases      ] GC(146)     Dead                           Min: 0, Avg:  0.0, Max: 0, Diff: 0, Sum: 0, Workers: 4
[1654.416s][debug][gc,phases      ] GC(146)     Total                          Min: 0, Avg:  0.0, Max: 0, Diff: 0, Sum: 0, Workers: 4
[1654.416s][debug][gc,phases      ] GC(146)   Weak JFR Old Object Samples    Min:  0.0, Avg:  0.0, Max:  0.0, Diff:  0.0, Sum:  0.0, Workers: 4
[1654.416s][debug][gc,phases      ] GC(146)     Dead                           Min: 0, Avg:  0.0, Max: 0, Diff: 0, Sum: 0, Workers: 4
[1654.416s][debug][gc,phases      ] GC(146)     Total                          Min: 0, Avg:  0.0, Max: 0, Diff: 0, Sum: 0, Workers: 4
[1654.416s][debug][gc,phases      ] GC(146) Weak Processing 0.344ms
[1654.416s][debug][gc,age         ] GC(146) Desired survivor size 47710208 bytes, new threshold 15 (max threshold 15)
[1654.416s][info ][gc,heap        ] GC(146) PSYoungGen: 2004432K(2048000K)->7664K(2045952K) Eden: 1996800K(1996800K)->0K(1996800K) From: 7632K(51200K)->7664K(49152K)
[1654.416s][info ][gc,heap        ] GC(146) ParOldGen: 305589K(343040K)->305589K(343040K)
[1654.416s][info ][gc,metaspace   ] GC(146) Metaspace: 82810K(83712K)->82810K(83712K) NonClass: 70821K(71296K)->70821K(71296K) Class: 11988K(12416K)->11988K(12416K)
[1654.416s][info ][gc             ] GC(146) Pause Young (Allocation Failure) 2255M->305M(2333M) 6.156ms
[1654.416s][info ][gc,cpu         ] GC(146) User=0.02s Sys=0.00s Real=0.00s
[1654.416s][info ][safepoint      ] Safepoint "ParallelGCFailedAllocation", Time since last: 3331063457 ns, Reaching safepoint: 4600 ns, Cleanup: 21700 ns, At safepoint: 6214599 ns, Total: 6240899 ns
[1656.417s][info ][safepoint      ] Safepoint "Cleanup", Time since last: 2000144313 ns, Reaching safepoint: 77800 ns, Cleanup: 39200 ns, At safepoint: 11300 ns, Total: 128300 ns
[1657.417s][info ][safepoint      ] Safepoint "Cleanup", Time since last: 1000108007 ns, Reaching safepoint: 5000 ns, Cleanup: 28900 ns, At safepoint: 7500 ns, Total: 41400 ns
[1660.417s][info ][safepoint      ] Safepoint "Cleanup", Time since last: 3000200817 ns, Reaching safepoint: 5400 ns, Cleanup: 29900 ns, At safepoint: 2500 ns, Total: 37800 ns
[1663.417s][info ][safepoint      ] Safepoint "Cleanup", Time since last: 3000223107 ns, Reaching safepoint: 80200 ns, Cleanup: 26200 ns, At safepoint: 5500 ns, Total: 111900 ns
[1666.762s][info ][gc,start       ] GC(147) Pause Young (Allocation Failure)
[1666.769s][debug][gc,phases      ] GC(147) Scavenge 6.345ms
[1666.769s][debug][gc,ref         ] GC(147) Skipped phase 1 of Reference Processing: no references
[1666.769s][debug][gc,ref         ] GC(147) ReferenceProcessor::execute queues: 1, RefProcThreadModel::Single, marks_oops_alive: false
[1666.769s][debug][gc,ref         ] GC(147) Skipped phase 3 of Reference Processing: no references
[1666.769s][debug][gc,ref         ] GC(147) Skipped phase 4 of Reference Processing: no references
[1666.769s][debug][gc,phases      ] GC(147) Reference Processing 0.099ms
[1666.769s][debug][gc,phases      ] GC(147)   VM Weak                        Min:  0.0, Avg:  0.0, Max:  0.0, Diff:  0.0, Sum:  0.0, Workers: 4
[1666.769s][debug][gc,phases      ] GC(147)     Dead                           Min: 0, Avg:  0.0, Max: 0, Diff: 0, Sum: 0, Workers: 4
[1666.769s][debug][gc,phases      ] GC(147)     Total                          Min: 0, Avg: 181.0, Max: 384, Diff: 384, Sum: 724, Workers: 4
[1666.769s][debug][gc,phases      ] GC(147)   ObjectSynchronizer Weak        Min:  0.0, Avg:  0.0, Max:  0.0, Diff:  0.0, Sum:  0.0, Workers: 4
[1666.769s][debug][gc,phases      ] GC(147)     Dead                           Min: 0, Avg:  0.0, Max: 0, Diff: 0, Sum: 0, Workers: 4
[1666.769s][debug][gc,phases      ] GC(147)     Total                          Min: 0, Avg:  1.2, Max: 5, Diff: 5, Sum: 5, Workers: 4
[1666.769s][debug][gc,phases      ] GC(147)   JVMTI Tag Weak OopStorage      Min:  0.0, Avg:  0.0, Max:  0.0, Diff:  0.0, Sum:  0.0, Workers: 4
[1666.769s][debug][gc,phases      ] GC(147)     Dead                           Min: 0, Avg:  0.0, Max: 0, Diff: 0, Sum: 0, Workers: 4
[1666.769s][debug][gc,phases      ] GC(147)     Total                          Min: 0, Avg:  0.0, Max: 0, Diff: 0, Sum: 0, Workers: 4
[1666.769s][debug][gc,phases      ] GC(147)   StringTable Weak               Min:  0.0, Avg:  0.1, Max:  0.1, Diff:  0.1, Sum:  0.4, Workers: 4
[1666.769s][debug][gc,phases      ] GC(147)     Dead                           Min: 0, Avg:  0.0, Max: 0, Diff: 0, Sum: 0, Workers: 4
[1666.769s][debug][gc,phases      ] GC(147)     Total                          Min: 0, Avg: 10897.8, Max: 15040, Diff: 15040, Sum: 43591, Workers: 4
[1666.769s][debug][gc,phases      ] GC(147)   ResolvedMethodTable Weak       Min:  0.0, Avg:  0.0, Max:  0.0, Diff:  0.0, Sum:  0.1, Workers: 4
[1666.769s][debug][gc,phases      ] GC(147)     Dead                           Min: 0, Avg:  0.0, Max: 0, Diff: 0, Sum: 0, Workers: 4
[1666.769s][debug][gc,phases      ] GC(147)     Total                          Min: 0, Avg: 2426.8, Max: 3327, Diff: 3327, Sum: 9707, Workers: 4
[1666.769s][debug][gc,phases      ] GC(147)   JNI Weak                       Min:  0.0, Avg:  0.0, Max:  0.0, Diff:  0.0, Sum:  0.0, Workers: 4
[1666.769s][debug][gc,phases      ] GC(147)     Dead                           Min: 0, Avg:  0.0, Max: 0, Diff: 0, Sum: 0, Workers: 4
[1666.769s][debug][gc,phases      ] GC(147)     Total                          Min: 0, Avg: 11.2, Max: 45, Diff: 45, Sum: 45, Workers: 4
[1666.769s][debug][gc,phases      ] GC(147)   StringDedup Table Weak         Min:  0.0, Avg:  0.0, Max:  0.0, Diff:  0.0, Sum:  0.0, Workers: 4
[1666.769s][debug][gc,phases      ] GC(147)     Dead                           Min: 0, Avg:  0.0, Max: 0, Diff: 0, Sum: 0, Workers: 4
[1666.769s][debug][gc,phases      ] GC(147)     Total                          Min: 0, Avg:  0.0, Max: 0, Diff: 0, Sum: 0, Workers: 4
[1666.769s][debug][gc,phases      ] GC(147)   StringDedup Requests0 Weak     Min:  0.0, Avg:  0.0, Max:  0.0, Diff:  0.0, Sum:  0.0, Workers: 4
[1666.769s][debug][gc,phases      ] GC(147)     Dead                           Min: 0, Avg:  0.0, Max: 0, Diff: 0, Sum: 0, Workers: 4
[1666.769s][debug][gc,phases      ] GC(147)     Total                          Min: 0, Avg:  0.0, Max: 0, Diff: 0, Sum: 0, Workers: 4
[1666.769s][debug][gc,phases      ] GC(147)   StringDedup Requests1 Weak     Min:  0.0, Avg:  0.0, Max:  0.0, Diff:  0.0, Sum:  0.0, Workers: 4
[1666.769s][debug][gc,phases      ] GC(147)     Dead                           Min: 0, Avg:  0.0, Max: 0, Diff: 0, Sum: 0, Workers: 4
[1666.769s][debug][gc,phases      ] GC(147)     Total                          Min: 0, Avg:  0.0, Max: 0, Diff: 0, Sum: 0, Workers: 4
[1666.769s][debug][gc,phases      ] GC(147)   Weak JFR Old Object Samples    Min:  0.0, Avg:  0.0, Max:  0.0, Diff:  0.0, Sum:  0.0, Workers: 4
[1666.769s][debug][gc,phases      ] GC(147)     Dead                           Min: 0, Avg:  0.0, Max: 0, Diff: 0, Sum: 0, Workers: 4
[1666.769s][debug][gc,phases      ] GC(147)     Total                          Min: 0, Avg:  0.0, Max: 0, Diff: 0, Sum: 0, Workers: 4
[1666.769s][debug][gc,phases      ] GC(147) Weak Processing 0.335ms
[1666.769s][debug][gc,age         ] GC(147) Desired survivor size 45613056 bytes, new threshold 15 (max threshold 15)
[1666.769s][info ][gc,heap        ] GC(147) PSYoungGen: 2004464K(2045952K)->7600K(2052608K) Eden: 1996800K(1996800K)->0K(2006016K) From: 7664K(49152K)->7600K(46592K)
[1666.769s][info ][gc,heap        ] GC(147) ParOldGen: 305589K(343040K)->305589K(343040K)
[1666.769s][info ][gc,metaspace   ] GC(147) Metaspace: 82832K(83712K)->82832K(83712K) NonClass: 70844K(71296K)->70844K(71296K) Class: 11988K(12416K)->11988K(12416K)
[1666.769s][info ][gc             ] GC(147) Pause Young (Allocation Failure) 2255M->305M(2339M) 6.888ms
[1666.769s][info ][gc,cpu         ] GC(147) User=0.02s Sys=0.00s Real=0.01s
[1666.769s][info ][safepoint      ] Safepoint "ParallelGCFailedAllocation", Time since last: 3344813338 ns, Reaching safepoint: 73300 ns, Cleanup: 29600 ns, At safepoint: 6954298 ns, Total: 7057198 ns
[1668.770s][info ][safepoint      ] Safepoint "Cleanup", Time since last: 2000159908 ns, Reaching safepoint: 84400 ns, Cleanup: 21900 ns, At safepoint: 8300 ns, Total: 114600 ns
[1670.238s][info ][safepoint      ] Safepoint "Cleanup", Time since last: 1468193115 ns, Reaching safepoint: 3900 ns, Cleanup: 59500 ns, At safepoint: 2300 ns, Total: 65700 ns
[1671.238s][info ][safepoint      ] Safepoint "Cleanup", Time since last: 1000085406 ns, Reaching safepoint: 7500 ns, Cleanup: 23200 ns, At safepoint: 3000 ns, Total: 33700 ns
[1674.014s][info ][gc,start       ] GC(148) Pause Young (Allocation Failure)
[1674.042s][debug][gc,phases      ] GC(148) Scavenge 27.991ms
[1674.042s][debug][gc,ref         ] GC(148) Skipped phase 1 of Reference Processing: no references
[1674.042s][debug][gc,ref         ] GC(148) ReferenceProcessor::execute queues: 1, RefProcThreadModel::Single, marks_oops_alive: false
[1674.042s][debug][gc,ref         ] GC(148) Skipped phase 3 of Reference Processing: no references
[1674.042s][debug][gc,ref         ] GC(148) ReferenceProcessor::execute queues: 1, RefProcThreadModel::Single, marks_oops_alive: false
[1674.042s][debug][gc,phases      ] GC(148) Reference Processing 0.099ms
[1674.042s][debug][gc,phases      ] GC(148)   VM Weak                        Min:  0.0, Avg:  0.0, Max:  0.0, Diff:  0.0, Sum:  0.0, Workers: 4
[1674.042s][debug][gc,phases      ] GC(148)     Dead                           Min: 0, Avg:  0.0, Max: 0, Diff: 0, Sum: 0, Workers: 4
[1674.042s][debug][gc,phases      ] GC(148)     Total                          Min: 0, Avg: 181.0, Max: 576, Diff: 576, Sum: 724, Workers: 4
[1674.042s][debug][gc,phases      ] GC(148)   ObjectSynchronizer Weak        Min:  0.0, Avg:  0.0, Max:  0.0, Diff:  0.0, Sum:  0.0, Workers: 4
[1674.042s][debug][gc,phases      ] GC(148)     Dead                           Min: 0, Avg:  0.0, Max: 0, Diff: 0, Sum: 0, Workers: 4
[1674.042s][debug][gc,phases      ] GC(148)     Total                          Min: 0, Avg:  1.2, Max: 5, Diff: 5, Sum: 5, Workers: 4
[1674.042s][debug][gc,phases      ] GC(148)   JVMTI Tag Weak OopStorage      Min:  0.0, Avg:  0.0, Max:  0.0, Diff:  0.0, Sum:  0.0, Workers: 4
[1674.042s][debug][gc,phases      ] GC(148)     Dead                           Min: 0, Avg:  0.0, Max: 0, Diff: 0, Sum: 0, Workers: 4
[1674.042s][debug][gc,phases      ] GC(148)     Total                          Min: 0, Avg:  0.0, Max: 0, Diff: 0, Sum: 0, Workers: 4
[1674.042s][debug][gc,phases      ] GC(148)   StringTable Weak               Min:  0.0, Avg:  0.1, Max:  0.1, Diff:  0.1, Sum:  0.4, Workers: 4
[1674.042s][debug][gc,phases      ] GC(148)     Dead                           Min: 0, Avg:  0.0, Max: 0, Diff: 0, Sum: 0, Workers: 4
[1674.042s][debug][gc,phases      ] GC(148)     Total                          Min: 0, Avg: 10898.5, Max: 17354, Diff: 17354, Sum: 43594, Workers: 4
[1674.042s][debug][gc,phases      ] GC(148)   ResolvedMethodTable Weak       Min:  0.0, Avg:  0.0, Max:  0.0, Diff:  0.0, Sum:  0.1, Workers: 4
[1674.042s][debug][gc,phases      ] GC(148)     Dead                           Min: 0, Avg:  0.0, Max: 0, Diff: 0, Sum: 0, Workers: 4
[1674.042s][debug][gc,phases      ] GC(148)     Total                          Min: 0, Avg: 2426.8, Max: 4141, Diff: 4141, Sum: 9707, Workers: 4
[1674.042s][debug][gc,phases      ] GC(148)   JNI Weak                       Min:  0.0, Avg:  0.0, Max:  0.0, Diff:  0.0, Sum:  0.0, Workers: 4
[1674.042s][debug][gc,phases      ] GC(148)     Dead                           Min: 0, Avg:  0.0, Max: 0, Diff: 0, Sum: 0, Workers: 4
[1674.042s][debug][gc,phases      ] GC(148)     Total                          Min: 0, Avg: 11.2, Max: 45, Diff: 45, Sum: 45, Workers: 4
[1674.042s][debug][gc,phases      ] GC(148)   StringDedup Table Weak         Min:  0.0, Avg:  0.0, Max:  0.0, Diff:  0.0, Sum:  0.0, Workers: 4
[1674.042s][debug][gc,phases      ] GC(148)     Dead                           Min: 0, Avg:  0.0, Max: 0, Diff: 0, Sum: 0, Workers: 4
[1674.042s][debug][gc,phases      ] GC(148)     Total                          Min: 0, Avg:  0.0, Max: 0, Diff: 0, Sum: 0, Workers: 4
[1674.042s][debug][gc,phases      ] GC(148)   StringDedup Requests0 Weak     Min:  0.0, Avg:  0.0, Max:  0.0, Diff:  0.0, Sum:  0.0, Workers: 4
[1674.042s][debug][gc,phases      ] GC(148)     Dead                           Min: 0, Avg:  0.0, Max: 0, Diff: 0, Sum: 0, Workers: 4
[1674.042s][debug][gc,phases      ] GC(148)     Total                          Min: 0, Avg:  0.0, Max: 0, Diff: 0, Sum: 0, Workers: 4
[1674.042s][debug][gc,phases      ] GC(148)   StringDedup Requests1 Weak     Min:  0.0, Avg:  0.0, Max:  0.0, Diff:  0.0, Sum:  0.0, Workers: 4
[1674.042s][debug][gc,phases      ] GC(148)     Dead                           Min: 0, Avg:  0.0, Max: 0, Diff: 0, Sum: 0, Workers: 4
[1674.042s][debug][gc,phases      ] GC(148)     Total                          Min: 0, Avg:  0.0, Max: 0, Diff: 0, Sum: 0, Workers: 4
[1674.042s][debug][gc,phases      ] GC(148)   Weak JFR Old Object Samples    Min:  0.0, Avg:  0.0, Max:  0.0, Diff:  0.0, Sum:  0.0, Workers: 4
[1674.042s][debug][gc,phases      ] GC(148)     Dead                           Min: 0, Avg:  0.0, Max: 0, Diff: 0, Sum: 0, Workers: 4
[1674.042s][debug][gc,phases      ] GC(148)     Total                          Min: 0, Avg:  0.0, Max: 0, Diff: 0, Sum: 0, Workers: 4
[1674.042s][debug][gc,phases      ] GC(148) Weak Processing 0.335ms
[1674.042s][debug][gc,age         ] GC(148) Desired survivor size 60293120 bytes, new threshold 14 (max threshold 15)
[1674.042s][info ][gc,heap        ] GC(148) PSYoungGen: 2013616K(2052608K)->44528K(2050560K) Eden: 2006016K(2006016K)->0K(2006016K) From: 7600K(46592K)->44528K(44544K)
[1674.042s][info ][gc,heap        ] GC(148) ParOldGen: 305589K(343040K)->321933K(343040K)
[1674.042s][info ][gc,metaspace   ] GC(148) Metaspace: 82848K(83776K)->82848K(83776K) NonClass: 70860K(71360K)->70860K(71360K) Class: 11988K(12416K)->11988K(12416K)
[1674.042s][info ][gc             ] GC(148) Pause Young (Allocation Failure) 2264M->357M(2337M) 28.562ms
[1674.042s][info ][gc,cpu         ] GC(148) User=0.10s Sys=0.00s Real=0.03s
[1674.042s][info ][safepoint      ] Safepoint "ParallelGCFailedAllocation", Time since last: 2775442961 ns, Reaching safepoint: 80000 ns, Cleanup: 20800 ns, At safepoint: 28649095 ns, Total: 28749895 ns
[1676.042s][info ][safepoint      ] Safepoint "Cleanup", Time since last: 2000149012 ns, Reaching safepoint: 4800 ns, Cleanup: 55500 ns, At safepoint: 2300 ns, Total: 62600 ns
[1681.460s][info ][safepoint      ] Safepoint "Cleanup", Time since last: 5417130741 ns, Reaching safepoint: 4500 ns, Cleanup: 31400 ns, At safepoint: 6900 ns, Total: 42800 ns
[1682.460s][info ][safepoint      ] Safepoint "Cleanup", Time since last: 1000106804 ns, Reaching safepoint: 76300 ns, Cleanup: 33200 ns, At safepoint: 5600 ns, Total: 115100 ns
[1684.952s][info ][gc,start       ] GC(149) Pause Young (Allocation Failure)
[1684.965s][debug][gc,phases      ] GC(149) Scavenge 12.519ms
[1684.965s][debug][gc,ref         ] GC(149) Skipped phase 1 of Reference Processing: no references
[1684.965s][debug][gc,ref         ] GC(149) ReferenceProcessor::execute queues: 1, RefProcThreadModel::Single, marks_oops_alive: false
[1684.965s][debug][gc,ref         ] GC(149) Skipped phase 3 of Reference Processing: no references
[1684.965s][debug][gc,ref         ] GC(149) ReferenceProcessor::execute queues: 1, RefProcThreadModel::Single, marks_oops_alive: false
[1684.965s][debug][gc,phases      ] GC(149) Reference Processing 0.139ms
[1684.965s][debug][gc,phases      ] GC(149)   VM Weak                        Min:  0.0, Avg:  0.0, Max:  0.0, Diff:  0.0, Sum:  0.0, Workers: 4
[1684.965s][debug][gc,phases      ] GC(149)     Dead                           Min: 0, Avg:  0.0, Max: 0, Diff: 0, Sum: 0, Workers: 4
[1684.965s][debug][gc,phases      ] GC(149)     Total                          Min: 0, Avg: 181.0, Max: 340, Diff: 340, Sum: 724, Workers: 4
[1684.965s][debug][gc,phases      ] GC(149)   ObjectSynchronizer Weak        Min:  0.0, Avg:  0.0, Max:  0.0, Diff:  0.0, Sum:  0.0, Workers: 4
[1684.965s][debug][gc,phases      ] GC(149)     Dead                           Min: 0, Avg:  0.0, Max: 0, Diff: 0, Sum: 0, Workers: 4
[1684.965s][debug][gc,phases      ] GC(149)     Total                          Min: 0, Avg:  1.2, Max: 5, Diff: 5, Sum: 5, Workers: 4
[1684.965s][debug][gc,phases      ] GC(149)   JVMTI Tag Weak OopStorage      Min:  0.0, Avg:  0.0, Max:  0.0, Diff:  0.0, Sum:  0.0, Workers: 4
[1684.965s][debug][gc,phases      ] GC(149)     Dead                           Min: 0, Avg:  0.0, Max: 0, Diff: 0, Sum: 0, Workers: 4
[1684.965s][debug][gc,phases      ] GC(149)     Total                          Min: 0, Avg:  0.0, Max: 0, Diff: 0, Sum: 0, Workers: 4
[1684.965s][debug][gc,phases      ] GC(149)   StringTable Weak               Min:  0.0, Avg:  0.1, Max:  0.1, Diff:  0.1, Sum:  0.4, Workers: 4
[1684.965s][debug][gc,phases      ] GC(149)     Dead                           Min: 0, Avg:  0.0, Max: 0, Diff: 0, Sum: 0, Workers: 4
[1684.965s][debug][gc,phases      ] GC(149)     Total                          Min: 0, Avg: 10898.8, Max: 14539, Diff: 14539, Sum: 43595, Workers: 4
[1684.965s][debug][gc,phases      ] GC(149)   ResolvedMethodTable Weak       Min:  0.0, Avg:  0.0, Max:  0.0, Diff:  0.0, Sum:  0.1, Workers: 4
[1684.965s][debug][gc,phases      ] GC(149)     Dead                           Min: 0, Avg:  0.0, Max: 0, Diff: 0, Sum: 0, Workers: 4
[1684.965s][debug][gc,phases      ] GC(149)     Total                          Min: 0, Avg: 2426.8, Max: 3443, Diff: 3443, Sum: 9707, Workers: 4
[1684.965s][debug][gc,phases      ] GC(149)   JNI Weak                       Min:  0.0, Avg:  0.0, Max:  0.0, Diff:  0.0, Sum:  0.0, Workers: 4
[1684.965s][debug][gc,phases      ] GC(149)     Dead                           Min: 0, Avg:  0.0, Max: 0, Diff: 0, Sum: 0, Workers: 4
[1684.965s][debug][gc,phases      ] GC(149)     Total                          Min: 0, Avg: 11.2, Max: 45, Diff: 45, Sum: 45, Workers: 4
[1684.965s][debug][gc,phases      ] GC(149)   StringDedup Table Weak         Min:  0.0, Avg:  0.0, Max:  0.0, Diff:  0.0, Sum:  0.0, Workers: 4
[1684.965s][debug][gc,phases      ] GC(149)     Dead                           Min: 0, Avg:  0.0, Max: 0, Diff: 0, Sum: 0, Workers: 4
[1684.965s][debug][gc,phases      ] GC(149)     Total                          Min: 0, Avg:  0.0, Max: 0, Diff: 0, Sum: 0, Workers: 4
[1684.965s][debug][gc,phases      ] GC(149)   StringDedup Requests0 Weak     Min:  0.0, Avg:  0.0, Max:  0.0, Diff:  0.0, Sum:  0.0, Workers: 4
[1684.965s][debug][gc,phases      ] GC(149)     Dead                           Min: 0, Avg:  0.0, Max: 0, Diff: 0, Sum: 0, Workers: 4
[1684.965s][debug][gc,phases      ] GC(149)     Total                          Min: 0, Avg:  0.0, Max: 0, Diff: 0, Sum: 0, Workers: 4
[1684.965s][debug][gc,phases      ] GC(149)   StringDedup Requests1 Weak     Min:  0.0, Avg:  0.0, Max:  0.0, Diff:  0.0, Sum:  0.0, Workers: 4
[1684.965s][debug][gc,phases      ] GC(149)     Dead                           Min: 0, Avg:  0.0, Max: 0, Diff: 0, Sum: 0, Workers: 4
[1684.965s][debug][gc,phases      ] GC(149)     Total                          Min: 0, Avg:  0.0, Max: 0, Diff: 0, Sum: 0, Workers: 4
[1684.965s][debug][gc,phases      ] GC(149)   Weak JFR Old Object Samples    Min:  0.0, Avg:  0.0, Max:  0.0, Diff:  0.0, Sum:  0.0, Workers: 4
[1684.965s][debug][gc,phases      ] GC(149)     Dead                           Min: 0, Avg:  0.0, Max: 0, Diff: 0, Sum: 0, Workers: 4
[1684.965s][debug][gc,phases      ] GC(149)     Total                          Min: 0, Avg:  0.0, Max: 0, Diff: 0, Sum: 0, Workers: 4
[1684.965s][debug][gc,phases      ] GC(149) Weak Processing 0.336ms
[1684.965s][debug][gc,age         ] GC(149) Desired survivor size 59244544 bytes, new threshold 15 (max threshold 15)
[1684.965s][info ][gc,heap        ] GC(149) PSYoungGen: 2050544K(2050560K)->26336K(2028032K) Eden: 2006016K(2006016K)->0K(1981440K) From: 44528K(44544K)->26336K(46592K)
[1684.965s][info ][gc,heap        ] GC(149) ParOldGen: 321933K(343040K)->321933K(343040K)
[1684.965s][info ][gc,metaspace   ] GC(149) Metaspace: 82849K(83776K)->82849K(83776K) NonClass: 70860K(71360K)->70860K(71360K) Class: 11988K(12416K)->11988K(12416K)
[1684.965s][info ][gc             ] GC(149) Pause Young (Allocation Failure) 2316M->340M(2315M) 13.127ms
[1684.965s][info ][gc,cpu         ] GC(149) User=0.04s Sys=0.00s Real=0.01s
[1684.965s][info ][safepoint      ] Safepoint "ParallelGCFailedAllocation", Time since last: 2492266622 ns, Reaching safepoint: 75900 ns, Cleanup: 33400 ns, At safepoint: 13198198 ns, Total: 13307498 ns
[1685.966s][info ][safepoint      ] Safepoint "Cleanup", Time since last: 1000079713 ns, Reaching safepoint: 72400 ns, Cleanup: 46800 ns, At safepoint: 7700 ns, Total: 126900 ns
[1686.966s][info ][safepoint      ] Safepoint "Cleanup", Time since last: 1000106714 ns, Reaching safepoint: 75200 ns, Cleanup: 35200 ns, At safepoint: 6100 ns, Total: 116500 ns
[1690.966s][info ][safepoint      ] Safepoint "Cleanup", Time since last: 4000314753 ns, Reaching safepoint: 75700 ns, Cleanup: 33400 ns, At safepoint: 5100 ns, Total: 114200 ns
[1692.312s][info ][gc,start       ] GC(150) Pause Young (Allocation Failure)
[1692.339s][debug][gc,phases      ] GC(150) Scavenge 26.716ms
[1692.339s][debug][gc,ref         ] GC(150) Skipped phase 1 of Reference Processing: no references
[1692.339s][debug][gc,ref         ] GC(150) ReferenceProcessor::execute queues: 1, RefProcThreadModel::Single, marks_oops_alive: false
[1692.339s][debug][gc,ref         ] GC(150) Skipped phase 3 of Reference Processing: no references
[1692.339s][debug][gc,ref         ] GC(150) ReferenceProcessor::execute queues: 1, RefProcThreadModel::Single, marks_oops_alive: false
[1692.339s][debug][gc,phases      ] GC(150) Reference Processing 0.093ms
[1692.339s][debug][gc,phases      ] GC(150)   VM Weak                        Min:  0.0, Avg:  0.0, Max:  0.0, Diff:  0.0, Sum:  0.0, Workers: 4
[1692.339s][debug][gc,phases      ] GC(150)     Dead                           Min: 0, Avg:  0.0, Max: 0, Diff: 0, Sum: 0, Workers: 4
[1692.339s][debug][gc,phases      ] GC(150)     Total                          Min: 0, Avg: 181.0, Max: 640, Diff: 640, Sum: 724, Workers: 4
[1692.339s][debug][gc,phases      ] GC(150)   ObjectSynchronizer Weak        Min:  0.0, Avg:  0.0, Max:  0.0, Diff:  0.0, Sum:  0.0, Workers: 4
[1692.339s][debug][gc,phases      ] GC(150)     Dead                           Min: 0, Avg:  0.0, Max: 0, Diff: 0, Sum: 0, Workers: 4
[1692.339s][debug][gc,phases      ] GC(150)     Total                          Min: 0, Avg:  1.2, Max: 5, Diff: 5, Sum: 5, Workers: 4
[1692.339s][debug][gc,phases      ] GC(150)   JVMTI Tag Weak OopStorage      Min:  0.0, Avg:  0.0, Max:  0.0, Diff:  0.0, Sum:  0.0, Workers: 4
[1692.339s][debug][gc,phases      ] GC(150)     Dead                           Min: 0, Avg:  0.0, Max: 0, Diff: 0, Sum: 0, Workers: 4
[1692.339s][debug][gc,phases      ] GC(150)     Total                          Min: 0, Avg:  0.0, Max: 0, Diff: 0, Sum: 0, Workers: 4
[1692.339s][debug][gc,phases      ] GC(150)   StringTable Weak               Min:  0.0, Avg:  0.1, Max:  0.1, Diff:  0.1, Sum:  0.4, Workers: 4
[1692.339s][debug][gc,phases      ] GC(150)     Dead                           Min: 0, Avg:  0.0, Max: 0, Diff: 0, Sum: 0, Workers: 4
[1692.339s][debug][gc,phases      ] GC(150)     Total                          Min: 0, Avg: 10899.0, Max: 18508, Diff: 18508, Sum: 43596, Workers: 4
[1692.339s][debug][gc,phases      ] GC(150)   ResolvedMethodTable Weak       Min:  0.0, Avg:  0.0, Max:  0.0, Diff:  0.0, Sum:  0.1, Workers: 4
[1692.339s][debug][gc,phases      ] GC(150)     Dead                           Min: 0, Avg:  0.0, Max: 0, Diff: 0, Sum: 0, Workers: 4
[1692.339s][debug][gc,phases      ] GC(150)     Total                          Min: 0, Avg: 2426.8, Max: 4152, Diff: 4152, Sum: 9707, Workers: 4
[1692.339s][debug][gc,phases      ] GC(150)   JNI Weak                       Min:  0.0, Avg:  0.0, Max:  0.0, Diff:  0.0, Sum:  0.0, Workers: 4
[1692.339s][debug][gc,phases      ] GC(150)     Dead                           Min: 0, Avg:  0.0, Max: 0, Diff: 0, Sum: 0, Workers: 4
[1692.339s][debug][gc,phases      ] GC(150)     Total                          Min: 0, Avg: 11.2, Max: 45, Diff: 45, Sum: 45, Workers: 4
[1692.339s][debug][gc,phases      ] GC(150)   StringDedup Table Weak         Min:  0.0, Avg:  0.0, Max:  0.0, Diff:  0.0, Sum:  0.0, Workers: 4
[1692.339s][debug][gc,phases      ] GC(150)     Dead                           Min: 0, Avg:  0.0, Max: 0, Diff: 0, Sum: 0, Workers: 4
[1692.339s][debug][gc,phases      ] GC(150)     Total                          Min: 0, Avg:  0.0, Max: 0, Diff: 0, Sum: 0, Workers: 4
[1692.339s][debug][gc,phases      ] GC(150)   StringDedup Requests0 Weak     Min:  0.0, Avg:  0.0, Max:  0.0, Diff:  0.0, Sum:  0.0, Workers: 4
[1692.339s][debug][gc,phases      ] GC(150)     Dead                           Min: 0, Avg:  0.0, Max: 0, Diff: 0, Sum: 0, Workers: 4
[1692.339s][debug][gc,phases      ] GC(150)     Total                          Min: 0, Avg:  0.0, Max: 0, Diff: 0, Sum: 0, Workers: 4
[1692.339s][debug][gc,phases      ] GC(150)   StringDedup Requests1 Weak     Min:  0.0, Avg:  0.0, Max:  0.0, Diff:  0.0, Sum:  0.0, Workers: 4
[1692.339s][debug][gc,phases      ] GC(150)     Dead                           Min: 0, Avg:  0.0, Max: 0, Diff: 0, Sum: 0, Workers: 4
[1692.339s][debug][gc,phases      ] GC(150)     Total                          Min: 0, Avg:  0.0, Max: 0, Diff: 0, Sum: 0, Workers: 4
[1692.339s][debug][gc,phases      ] GC(150)   Weak JFR Old Object Samples    Min:  0.0, Avg:  0.0, Max:  0.0, Diff:  0.0, Sum:  0.0, Workers: 4
[1692.339s][debug][gc,phases      ] GC(150)     Dead                           Min: 0, Avg:  0.0, Max: 0, Diff: 0, Sum: 0, Workers: 4
[1692.339s][debug][gc,phases      ] GC(150)     Total                          Min: 0, Avg:  0.0, Max: 0, Diff: 0, Sum: 0, Workers: 4
[1692.339s][debug][gc,phases      ] GC(150) Weak Processing 0.425ms
[1692.339s][debug][gc,age         ] GC(150) Desired survivor size 72351744 bytes, new threshold 14 (max threshold 15)
[1692.339s][info ][gc,heap        ] GC(150) PSYoungGen: 2007776K(2028032K)->57840K(2039296K) Eden: 1981440K(1981440K)->0K(1981440K) From: 26336K(46592K)->57840K(57856K)
[1692.339s][info ][gc,heap        ] GC(150) ParOldGen: 321933K(343040K)->327325K(343040K)
[1692.339s][info ][gc,metaspace   ] GC(150) Metaspace: 82865K(83776K)->82865K(83776K) NonClass: 70876K(71360K)->70876K(71360K) Class: 11988K(12416K)->11988K(12416K)
[1692.339s][info ][gc             ] GC(150) Pause Young (Allocation Failure) 2275M->376M(2326M) 27.364ms
[1692.339s][info ][gc,cpu         ] GC(150) User=0.08s Sys=0.00s Real=0.02s
[1692.339s][debug][gc,phases      ] GC(151) Pre Compact 0.010ms
[1692.339s][info ][gc,start       ] GC(151) Pause Full (Ergonomics)
[1692.339s][info ][gc,phases,start] GC(151) Marking Phase
[1692.442s][debug][gc,phases      ] GC(151) Par Mark 102.798ms
[1692.442s][debug][gc,ref         ] GC(151) Skipped phase 1 of Reference Processing: no references
[1692.443s][debug][gc,ref         ] GC(151) ReferenceProcessor::execute queues: 4, RefProcThreadModel::Multi, marks_oops_alive: false
[1692.443s][debug][gc,ref         ] GC(151) Skipped phase 3 of Reference Processing: no references
[1692.443s][debug][gc,ref         ] GC(151) ReferenceProcessor::execute queues: 1, RefProcThreadModel::Single, marks_oops_alive: false
[1692.443s][debug][gc,phases      ] GC(151) Reference Processing 0.821ms
[1692.443s][debug][gc,phases      ] GC(151)   VM Weak                        Min:  0.0, Avg:  0.0, Max:  0.0, Diff:  0.0, Sum:  0.0, Workers: 4
[1692.443s][debug][gc,phases      ] GC(151)     Dead                           Min: 0, Avg:  0.0, Max: 0, Diff: 0, Sum: 0, Workers: 4
[1692.443s][debug][gc,phases      ] GC(151)     Total                          Min: 0, Avg: 181.0, Max: 340, Diff: 340, Sum: 724, Workers: 4
[1692.443s][debug][gc,phases      ] GC(151)   ObjectSynchronizer Weak        Min:  0.0, Avg:  0.0, Max:  0.0, Diff:  0.0, Sum:  0.0, Workers: 4
[1692.443s][debug][gc,phases      ] GC(151)     Dead                           Min: 0, Avg:  0.0, Max: 0, Diff: 0, Sum: 0, Workers: 4
[1692.443s][debug][gc,phases      ] GC(151)     Total                          Min: 0, Avg:  1.2, Max: 5, Diff: 5, Sum: 5, Workers: 4
[1692.443s][debug][gc,phases      ] GC(151)   JVMTI Tag Weak OopStorage      Min:  0.0, Avg:  0.0, Max:  0.0, Diff:  0.0, Sum:  0.0, Workers: 4
[1692.443s][debug][gc,phases      ] GC(151)     Dead                           Min: 0, Avg:  0.0, Max: 0, Diff: 0, Sum: 0, Workers: 4
[1692.443s][debug][gc,phases      ] GC(151)     Total                          Min: 0, Avg:  0.0, Max: 0, Diff: 0, Sum: 0, Workers: 4
[1692.443s][debug][gc,phases      ] GC(151)   StringTable Weak               Min:  0.2, Avg:  0.2, Max:  0.2, Diff:  0.0, Sum:  0.6, Workers: 4
[1692.443s][debug][gc,phases      ] GC(151)     Dead                           Min: 0, Avg:  0.0, Max: 0, Diff: 0, Sum: 0, Workers: 4
[1692.443s][debug][gc,phases      ] GC(151)     Total                          Min: 10304, Avg: 10899.0, Max: 11840, Diff: 1536, Sum: 43596, Workers: 4
[1692.443s][debug][gc,phases      ] GC(151)   ResolvedMethodTable Weak       Min:  0.0, Avg:  0.0, Max:  0.0, Diff:  0.0, Sum:  0.1, Workers: 4
[1692.443s][debug][gc,phases      ] GC(151)     Dead                           Min: 0, Avg:  0.0, Max: 0, Diff: 0, Sum: 0, Workers: 4
[1692.443s][debug][gc,phases      ] GC(151)     Total                          Min: 2232, Avg: 2426.8, Max: 2548, Diff: 316, Sum: 9707, Workers: 4
[1692.443s][debug][gc,phases      ] GC(151)   JNI Weak                       Min:  0.0, Avg:  0.0, Max:  0.0, Diff:  0.0, Sum:  0.0, Workers: 4
[1692.443s][debug][gc,phases      ] GC(151)     Dead                           Min: 0, Avg:  0.0, Max: 0, Diff: 0, Sum: 0, Workers: 4
[1692.443s][debug][gc,phases      ] GC(151)     Total                          Min: 0, Avg: 11.2, Max: 45, Diff: 45, Sum: 45, Workers: 4
[1692.443s][debug][gc,phases      ] GC(151)   StringDedup Table Weak         Min:  0.0, Avg:  0.0, Max:  0.0, Diff:  0.0, Sum:  0.0, Workers: 4
[1692.443s][debug][gc,phases      ] GC(151)     Dead                           Min: 0, Avg:  0.0, Max: 0, Diff: 0, Sum: 0, Workers: 4
[1692.443s][debug][gc,phases      ] GC(151)     Total                          Min: 0, Avg:  0.0, Max: 0, Diff: 0, Sum: 0, Workers: 4
[1692.443s][debug][gc,phases      ] GC(151)   StringDedup Requests0 Weak     Min:  0.0, Avg:  0.0, Max:  0.0, Diff:  0.0, Sum:  0.0, Workers: 4
[1692.443s][debug][gc,phases      ] GC(151)     Dead                           Min: 0, Avg:  0.0, Max: 0, Diff: 0, Sum: 0, Workers: 4
[1692.443s][debug][gc,phases      ] GC(151)     Total                          Min: 0, Avg:  0.0, Max: 0, Diff: 0, Sum: 0, Workers: 4
[1692.443s][debug][gc,phases      ] GC(151)   StringDedup Requests1 Weak     Min:  0.0, Avg:  0.0, Max:  0.0, Diff:  0.0, Sum:  0.0, Workers: 4
[1692.443s][debug][gc,phases      ] GC(151)     Dead                           Min: 0, Avg:  0.0, Max: 0, Diff: 0, Sum: 0, Workers: 4
[1692.443s][debug][gc,phases      ] GC(151)     Total                          Min: 0, Avg:  0.0, Max: 0, Diff: 0, Sum: 0, Workers: 4
[1692.443s][debug][gc,phases      ] GC(151)   Weak JFR Old Object Samples    Min:  0.0, Avg:  0.0, Max:  0.0, Diff:  0.0, Sum:  0.0, Workers: 4
[1692.443s][debug][gc,phases      ] GC(151)     Dead                           Min: 0, Avg:  0.0, Max: 0, Diff: 0, Sum: 0, Workers: 4
[1692.443s][debug][gc,phases      ] GC(151)     Total                          Min: 0, Avg:  0.0, Max: 0, Diff: 0, Sum: 0, Workers: 4
[1692.443s][debug][gc,phases      ] GC(151) Weak Processing 0.367ms
[1692.443s][debug][gc,phases      ] GC(151) ClassLoaderData 0.082ms
[1692.443s][debug][gc,phases      ] GC(151) Trigger cleanups 0.000ms
[1692.461s][debug][gc,phases      ] GC(151) Class Unloading 17.651ms
[1692.461s][debug][gc,phases      ] GC(151) Report Object Count 0.001ms
[1692.461s][info ][gc,phases      ] GC(151) Marking Phase 121.789ms
[1692.461s][info ][gc,phases,start] GC(151) Summary Phase
[1692.461s][info ][gc,phases      ] GC(151) Summary Phase 0.013ms
[1692.461s][info ][gc,phases,start] GC(151) Adjust Roots
[1692.473s][info ][gc,phases      ] GC(151) Adjust Roots 11.661ms
[1692.473s][info ][gc,phases,start] GC(151) Compaction Phase
[1692.577s][info ][gc,phases      ] GC(151) Compaction Phase 104.078ms
[1692.577s][info ][gc,phases,start] GC(151) Post Compact
[1692.578s][info ][gc,phases      ] GC(151) Post Compact 0.861ms
[1692.578s][info ][gc,heap        ] GC(151) PSYoungGen: 57840K(2039296K)->0K(2013696K) Eden: 0K(1981440K)->0K(1955840K) From: 57840K(57856K)->0K(57856K)
[1692.578s][info ][gc,heap        ] GC(151) ParOldGen: 327325K(343040K)->316824K(354304K)
[1692.578s][info ][gc,metaspace   ] GC(151) Metaspace: 82865K(83776K)->82865K(83776K) NonClass: 70876K(71360K)->70876K(71360K) Class: 11988K(12416K)->11988K(12416K)
[1692.578s][info ][gc             ] GC(151) Pause Full (Ergonomics) 376M->309M(2312M) 238.573ms
[1692.578s][info ][gc,cpu         ] GC(151) User=0.72s Sys=0.01s Real=0.24s
[1692.578s][info ][safepoint      ] Safepoint "ParallelGCFailedAllocation", Time since last: 1345431746 ns, Reaching safepoint: 3600 ns, Cleanup: 26400 ns, At safepoint: 266066849 ns, Total: 266096849 ns
[1703.110s][info ][gc,start       ] GC(152) Pause Young (Allocation Failure)
[1703.114s][debug][gc,phases      ] GC(152) Scavenge 4.216ms
[1703.114s][debug][gc,ref         ] GC(152) Skipped phase 1 of Reference Processing: no references
[1703.114s][debug][gc,ref         ] GC(152) Skipped phase 2 of Reference Processing: no references
[1703.114s][debug][gc,ref         ] GC(152) Skipped phase 3 of Reference Processing: no references
[1703.114s][debug][gc,ref         ] GC(152) Skipped phase 4 of Reference Processing: no references
[1703.114s][debug][gc,phases      ] GC(152) Reference Processing 0.032ms
[1703.114s][debug][gc,phases      ] GC(152)   VM Weak                        Min:  0.0, Avg:  0.0, Max:  0.0, Diff:  0.0, Sum:  0.0, Workers: 4
[1703.114s][debug][gc,phases      ] GC(152)     Dead                           Min: 0, Avg:  0.0, Max: 0, Diff: 0, Sum: 0, Workers: 4
[1703.114s][debug][gc,phases      ] GC(152)     Total                          Min: 0, Avg: 181.0, Max: 448, Diff: 448, Sum: 724, Workers: 4
[1703.114s][debug][gc,phases      ] GC(152)   ObjectSynchronizer Weak        Min:  0.0, Avg:  0.0, Max:  0.0, Diff:  0.0, Sum:  0.0, Workers: 4
[1703.114s][debug][gc,phases      ] GC(152)     Dead                           Min: 0, Avg:  0.0, Max: 0, Diff: 0, Sum: 0, Workers: 4
[1703.114s][debug][gc,phases      ] GC(152)     Total                          Min: 0, Avg:  1.2, Max: 5, Diff: 5, Sum: 5, Workers: 4
[1703.114s][debug][gc,phases      ] GC(152)   JVMTI Tag Weak OopStorage      Min:  0.0, Avg:  0.0, Max:  0.0, Diff:  0.0, Sum:  0.0, Workers: 4
[1703.114s][debug][gc,phases      ] GC(152)     Dead                           Min: 0, Avg:  0.0, Max: 0, Diff: 0, Sum: 0, Workers: 4
[1703.114s][debug][gc,phases      ] GC(152)     Total                          Min: 0, Avg:  0.0, Max: 0, Diff: 0, Sum: 0, Workers: 4
[1703.114s][debug][gc,phases      ] GC(152)   StringTable Weak               Min:  0.0, Avg:  0.1, Max:  0.2, Diff:  0.2, Sum:  0.4, Workers: 4
[1703.114s][debug][gc,phases      ] GC(152)     Dead                           Min: 0, Avg:  0.0, Max: 0, Diff: 0, Sum: 0, Workers: 4
[1703.114s][debug][gc,phases      ] GC(152)     Total                          Min: 0, Avg: 10899.0, Max: 22476, Diff: 22476, Sum: 43596, Workers: 4
[1703.114s][debug][gc,phases      ] GC(152)   ResolvedMethodTable Weak       Min:  0.0, Avg:  0.0, Max:  0.0, Diff:  0.0, Sum:  0.1, Workers: 4
[1703.114s][debug][gc,phases      ] GC(152)     Dead                           Min: 0, Avg:  0.0, Max: 0, Diff: 0, Sum: 0, Workers: 4
[1703.114s][debug][gc,phases      ] GC(152)     Total                          Min: 0, Avg: 2426.8, Max: 5037, Diff: 5037, Sum: 9707, Workers: 4
[1703.114s][debug][gc,phases      ] GC(152)   JNI Weak                       Min:  0.0, Avg:  0.0, Max:  0.0, Diff:  0.0, Sum:  0.0, Workers: 4
[1703.114s][debug][gc,phases      ] GC(152)     Dead                           Min: 0, Avg:  0.0, Max: 0, Diff: 0, Sum: 0, Workers: 4
[1703.114s][debug][gc,phases      ] GC(152)     Total                          Min: 0, Avg: 11.2, Max: 45, Diff: 45, Sum: 45, Workers: 4
[1703.114s][debug][gc,phases      ] GC(152)   StringDedup Table Weak         Min:  0.0, Avg:  0.0, Max:  0.0, Diff:  0.0, Sum:  0.0, Workers: 4
[1703.114s][debug][gc,phases      ] GC(152)     Dead                           Min: 0, Avg:  0.0, Max: 0, Diff: 0, Sum: 0, Workers: 4
[1703.114s][debug][gc,phases      ] GC(152)     Total                          Min: 0, Avg:  0.0, Max: 0, Diff: 0, Sum: 0, Workers: 4
[1703.114s][debug][gc,phases      ] GC(152)   StringDedup Requests0 Weak     Min:  0.0, Avg:  0.0, Max:  0.0, Diff:  0.0, Sum:  0.0, Workers: 4
[1703.114s][debug][gc,phases      ] GC(152)     Dead                           Min: 0, Avg:  0.0, Max: 0, Diff: 0, Sum: 0, Workers: 4
[1703.114s][debug][gc,phases      ] GC(152)     Total                          Min: 0, Avg:  0.0, Max: 0, Diff: 0, Sum: 0, Workers: 4
[1703.114s][debug][gc,phases      ] GC(152)   StringDedup Requests1 Weak     Min:  0.0, Avg:  0.0, Max:  0.0, Diff:  0.0, Sum:  0.0, Workers: 4
[1703.114s][debug][gc,phases      ] GC(152)     Dead                           Min: 0, Avg:  0.0, Max: 0, Diff: 0, Sum: 0, Workers: 4
[1703.114s][debug][gc,phases      ] GC(152)     Total                          Min: 0, Avg:  0.0, Max: 0, Diff: 0, Sum: 0, Workers: 4
[1703.114s][debug][gc,phases      ] GC(152)   Weak JFR Old Object Samples    Min:  0.0, Avg:  0.0, Max:  0.0, Diff:  0.0, Sum:  0.0, Workers: 4
[1703.115s][debug][gc,phases      ] GC(152)     Dead                           Min: 0, Avg:  0.0, Max: 0, Diff: 0, Sum: 0, Workers: 4
[1703.115s][debug][gc,phases      ] GC(152)     Total                          Min: 0, Avg:  0.0, Max: 0, Diff: 0, Sum: 0, Workers: 4
[1703.115s][debug][gc,phases      ] GC(152) Weak Processing 0.498ms
[1703.115s][debug][gc,age         ] GC(152) Desired survivor size 71303168 bytes, new threshold 15 (max threshold 15)
[1703.115s][info ][gc,heap        ] GC(152) PSYoungGen: 1955840K(2013696K)->976K(2026496K) Eden: 1955840K(1955840K)->0K(1955840K) From: 0K(57856K)->976K(70656K)
[1703.115s][info ][gc,heap        ] GC(152) ParOldGen: 316824K(354304K)->316824K(354304K)
[1703.115s][info ][gc,metaspace   ] GC(152) Metaspace: 82865K(83776K)->82865K(83776K) NonClass: 70876K(71360K)->70876K(71360K) Class: 11988K(12416K)->11988K(12416K)
[1703.115s][info ][gc             ] GC(152) Pause Young (Allocation Failure) 2219M->310M(2325M) 4.863ms
[1703.115s][info ][gc,cpu         ] GC(152) User=0.01s Sys=0.00s Real=0.00s
[1703.115s][info ][safepoint      ] Safepoint "ParallelGCFailedAllocation", Time since last: 10531834560 ns, Reaching safepoint: 6000 ns, Cleanup: 28800 ns, At safepoint: 4963399 ns, Total: 4998199 ns
[1707.115s][info ][safepoint      ] Safepoint "Cleanup", Time since last: 4000313420 ns, Reaching safepoint: 85600 ns, Cleanup: 41900 ns, At safepoint: 9600 ns, Total: 137100 ns
[1714.564s][info ][gc,start       ] GC(153) Pause Young (Allocation Failure)
[1714.565s][debug][gc,phases      ] GC(153) Scavenge 1.878ms
[1714.565s][debug][gc,ref         ] GC(153) Skipped phase 1 of Reference Processing: no references
[1714.565s][debug][gc,ref         ] GC(153) Skipped phase 2 of Reference Processing: no references
[1714.565s][debug][gc,ref         ] GC(153) Skipped phase 3 of Reference Processing: no references
[1714.565s][debug][gc,ref         ] GC(153) Skipped phase 4 of Reference Processing: no references
[1714.565s][debug][gc,phases      ] GC(153) Reference Processing 0.031ms
[1714.566s][debug][gc,phases      ] GC(153)   VM Weak                        Min:  0.0, Avg:  0.0, Max:  0.0, Diff:  0.0, Sum:  0.0, Workers: 4
[1714.566s][debug][gc,phases      ] GC(153)     Dead                           Min: 0, Avg:  0.0, Max: 0, Diff: 0, Sum: 0, Workers: 4
[1714.566s][debug][gc,phases      ] GC(153)     Total                          Min: 0, Avg: 181.0, Max: 596, Diff: 596, Sum: 724, Workers: 4
[1714.566s][debug][gc,phases      ] GC(153)   ObjectSynchronizer Weak        Min:  0.0, Avg:  0.0, Max:  0.0, Diff:  0.0, Sum:  0.0, Workers: 4
[1714.566s][debug][gc,phases      ] GC(153)     Dead                           Min: 0, Avg:  0.0, Max: 0, Diff: 0, Sum: 0, Workers: 4
[1714.566s][debug][gc,phases      ] GC(153)     Total                          Min: 0, Avg:  1.2, Max: 5, Diff: 5, Sum: 5, Workers: 4
[1714.566s][debug][gc,phases      ] GC(153)   JVMTI Tag Weak OopStorage      Min:  0.0, Avg:  0.0, Max:  0.0, Diff:  0.0, Sum:  0.0, Workers: 4
[1714.566s][debug][gc,phases      ] GC(153)     Dead                           Min: 0, Avg:  0.0, Max: 0, Diff: 0, Sum: 0, Workers: 4
[1714.566s][debug][gc,phases      ] GC(153)     Total                          Min: 0, Avg:  0.0, Max: 0, Diff: 0, Sum: 0, Workers: 4
[1714.566s][debug][gc,phases      ] GC(153)   StringTable Weak               Min:  0.0, Avg:  0.1, Max:  0.2, Diff:  0.2, Sum:  0.4, Workers: 4
[1714.566s][debug][gc,phases      ] GC(153)     Dead                           Min: 0, Avg:  0.0, Max: 0, Diff: 0, Sum: 0, Workers: 4
[1714.566s][debug][gc,phases      ] GC(153)     Total                          Min: 0, Avg: 10899.0, Max: 22156, Diff: 22156, Sum: 43596, Workers: 4
[1714.566s][debug][gc,phases      ] GC(153)   ResolvedMethodTable Weak       Min:  0.0, Avg:  0.0, Max:  0.0, Diff:  0.0, Sum:  0.1, Workers: 4
[1714.566s][debug][gc,phases      ] GC(153)     Dead                           Min: 0, Avg:  0.0, Max: 0, Diff: 0, Sum: 0, Workers: 4
[1714.566s][debug][gc,phases      ] GC(153)     Total                          Min: 0, Avg: 2426.8, Max: 4856, Diff: 4856, Sum: 9707, Workers: 4
[1714.566s][debug][gc,phases      ] GC(153)   JNI Weak                       Min:  0.0, Avg:  0.0, Max:  0.0, Diff:  0.0, Sum:  0.0, Workers: 4
[1714.566s][debug][gc,phases      ] GC(153)     Dead                           Min: 0, Avg:  0.0, Max: 0, Diff: 0, Sum: 0, Workers: 4
[1714.566s][debug][gc,phases      ] GC(153)     Total                          Min: 0, Avg: 11.2, Max: 45, Diff: 45, Sum: 45, Workers: 4
[1714.566s][debug][gc,phases      ] GC(153)   StringDedup Table Weak         Min:  0.0, Avg:  0.0, Max:  0.0, Diff:  0.0, Sum:  0.0, Workers: 4
[1714.566s][debug][gc,phases      ] GC(153)     Dead                           Min: 0, Avg:  0.0, Max: 0, Diff: 0, Sum: 0, Workers: 4
[1714.566s][debug][gc,phases      ] GC(153)     Total                          Min: 0, Avg:  0.0, Max: 0, Diff: 0, Sum: 0, Workers: 4
[1714.566s][debug][gc,phases      ] GC(153)   StringDedup Requests0 Weak     Min:  0.0, Avg:  0.0, Max:  0.0, Diff:  0.0, Sum:  0.0, Workers: 4
[1714.566s][debug][gc,phases      ] GC(153)     Dead                           Min: 0, Avg:  0.0, Max: 0, Diff: 0, Sum: 0, Workers: 4
[1714.566s][debug][gc,phases      ] GC(153)     Total                          Min: 0, Avg:  0.0, Max: 0, Diff: 0, Sum: 0, Workers: 4
[1714.566s][debug][gc,phases      ] GC(153)   StringDedup Requests1 Weak     Min:  0.0, Avg:  0.0, Max:  0.0, Diff:  0.0, Sum:  0.0, Workers: 4
[1714.566s][debug][gc,phases      ] GC(153)     Dead                           Min: 0, Avg:  0.0, Max: 0, Diff: 0, Sum: 0, Workers: 4
[1714.566s][debug][gc,phases      ] GC(153)     Total                          Min: 0, Avg:  0.0, Max: 0, Diff: 0, Sum: 0, Workers: 4
[1714.566s][debug][gc,phases      ] GC(153)   Weak JFR Old Object Samples    Min:  0.0, Avg:  0.0, Max:  0.0, Diff:  0.0, Sum:  0.0, Workers: 4
[1714.566s][debug][gc,phases      ] GC(153)     Dead                           Min: 0, Avg:  0.0, Max: 0, Diff: 0, Sum: 0, Workers: 4
[1714.566s][debug][gc,phases      ] GC(153)     Total                          Min: 0, Avg:  0.0, Max: 0, Diff: 0, Sum: 0, Workers: 4
[1714.566s][debug][gc,phases      ] GC(153) Weak Processing 0.501ms
[1714.566s][debug][gc,age         ] GC(153) Desired survivor size 69730304 bytes, new threshold 15 (max threshold 15)
[1714.566s][info ][gc,heap        ] GC(153) PSYoungGen: 1956816K(2026496K)->960K(2029056K) Eden: 1955840K(1955840K)->0K(1959424K) From: 976K(70656K)->960K(69632K)
[1714.566s][info ][gc,heap        ] GC(153) ParOldGen: 316824K(354304K)->316824K(354304K)
[1714.566s][info ][gc,metaspace   ] GC(153) Metaspace: 82866K(83776K)->82866K(83776K) NonClass: 70877K(71360K)->70877K(71360K) Class: 11988K(12416K)->11988K(12416K)
[1714.566s][info ][gc             ] GC(153) Pause Young (Allocation Failure) 2220M->310M(2327M) 2.550ms
[1714.566s][info ][gc,cpu         ] GC(153) User=0.00s Sys=0.00s Real=0.00s
[1714.566s][info ][safepoint      ] Safepoint "ParallelGCFailedAllocation", Time since last: 7448361548 ns, Reaching safepoint: 6700 ns, Cleanup: 33300 ns, At safepoint: 2632199 ns, Total: 2672199 ns
[1720.567s][info ][safepoint      ] Safepoint "Cleanup", Time since last: 6000440605 ns, Reaching safepoint: 5400 ns, Cleanup: 48500 ns, At safepoint: 3000 ns, Total: 56900 ns
[1723.567s][info ][safepoint      ] Safepoint "Cleanup", Time since last: 3000259498 ns, Reaching safepoint: 3800 ns, Cleanup: 30700 ns, At safepoint: 2300 ns, Total: 36800 ns
[1724.567s][info ][safepoint      ] Safepoint "Cleanup", Time since last: 1000105597 ns, Reaching safepoint: 4300 ns, Cleanup: 32800 ns, At safepoint: 2300 ns, Total: 39400 ns
[1725.565s][info ][safepoint      ] Safepoint "ParallelGCFailedAllocation", Time since last: 998322994 ns, Reaching safepoint: 80000 ns, Cleanup: 41400 ns, At safepoint: 14900 ns, Total: 136300 ns
[1725.566s][info ][gc,start       ] GC(154) Pause Young (GCLocker Initiated GC)
[1725.568s][debug][gc,phases      ] GC(154) Scavenge 2.525ms
[1725.568s][debug][gc,ref         ] GC(154) Skipped phase 1 of Reference Processing: no references
[1725.568s][debug][gc,ref         ] GC(154) Skipped phase 2 of Reference Processing: no references
[1725.568s][debug][gc,ref         ] GC(154) Skipped phase 3 of Reference Processing: no references
[1725.568s][debug][gc,ref         ] GC(154) Skipped phase 4 of Reference Processing: no references
[1725.568s][debug][gc,phases      ] GC(154) Reference Processing 0.020ms
[1725.569s][debug][gc,phases      ] GC(154)   VM Weak                        Min:  0.0, Avg:  0.0, Max:  0.0, Diff:  0.0, Sum:  0.0, Workers: 4
[1725.569s][debug][gc,phases      ] GC(154)     Dead                           Min: 0, Avg:  0.0, Max: 0, Diff: 0, Sum: 0, Workers: 4
[1725.569s][debug][gc,phases      ] GC(154)     Total                          Min: 0, Avg: 181.0, Max: 532, Diff: 532, Sum: 724, Workers: 4
[1725.569s][debug][gc,phases      ] GC(154)   ObjectSynchronizer Weak        Min:  0.0, Avg:  0.0, Max:  0.0, Diff:  0.0, Sum:  0.0, Workers: 4
[1725.569s][debug][gc,phases      ] GC(154)     Dead                           Min: 0, Avg:  0.0, Max: 0, Diff: 0, Sum: 0, Workers: 4
[1725.569s][debug][gc,phases      ] GC(154)     Total                          Min: 0, Avg:  1.2, Max: 5, Diff: 5, Sum: 5, Workers: 4
[1725.569s][debug][gc,phases      ] GC(154)   JVMTI Tag Weak OopStorage      Min:  0.0, Avg:  0.0, Max:  0.0, Diff:  0.0, Sum:  0.0, Workers: 4
[1725.569s][debug][gc,phases      ] GC(154)     Dead                           Min: 0, Avg:  0.0, Max: 0, Diff: 0, Sum: 0, Workers: 4
[1725.569s][debug][gc,phases      ] GC(154)     Total                          Min: 0, Avg:  0.0, Max: 0, Diff: 0, Sum: 0, Workers: 4
[1725.569s][debug][gc,phases      ] GC(154)   StringTable Weak               Min:  0.0, Avg:  0.1, Max:  0.2, Diff:  0.2, Sum:  0.3, Workers: 4
[1725.569s][debug][gc,phases      ] GC(154)     Dead                           Min: 0, Avg:  0.0, Max: 0, Diff: 0, Sum: 0, Workers: 4
[1725.569s][debug][gc,phases      ] GC(154)     Total                          Min: 0, Avg: 10899.0, Max: 26828, Diff: 26828, Sum: 43596, Workers: 4
[1725.569s][debug][gc,phases      ] GC(154)   ResolvedMethodTable Weak       Min:  0.0, Avg:  0.0, Max:  0.0, Diff:  0.0, Sum:  0.1, Workers: 4
[1725.569s][debug][gc,phases      ] GC(154)     Dead                           Min: 0, Avg:  0.0, Max: 0, Diff: 0, Sum: 0, Workers: 4
[1725.569s][debug][gc,phases      ] GC(154)     Total                          Min: 0, Avg: 2426.8, Max: 5631, Diff: 5631, Sum: 9707, Workers: 4
[1725.569s][debug][gc,phases      ] GC(154)   JNI Weak                       Min:  0.0, Avg:  0.0, Max:  0.0, Diff:  0.0, Sum:  0.0, Workers: 4
[1725.569s][debug][gc,phases      ] GC(154)     Dead                           Min: 0, Avg:  0.0, Max: 0, Diff: 0, Sum: 0, Workers: 4
[1725.569s][debug][gc,phases      ] GC(154)     Total                          Min: 0, Avg: 11.2, Max: 45, Diff: 45, Sum: 45, Workers: 4
[1725.569s][debug][gc,phases      ] GC(154)   StringDedup Table Weak         Min:  0.0, Avg:  0.0, Max:  0.0, Diff:  0.0, Sum:  0.0, Workers: 4
[1725.569s][debug][gc,phases      ] GC(154)     Dead                           Min: 0, Avg:  0.0, Max: 0, Diff: 0, Sum: 0, Workers: 4
[1725.569s][debug][gc,phases      ] GC(154)     Total                          Min: 0, Avg:  0.0, Max: 0, Diff: 0, Sum: 0, Workers: 4
[1725.569s][debug][gc,phases      ] GC(154)   StringDedup Requests0 Weak     Min:  0.0, Avg:  0.0, Max:  0.0, Diff:  0.0, Sum:  0.0, Workers: 4
[1725.569s][debug][gc,phases      ] GC(154)     Dead                           Min: 0, Avg:  0.0, Max: 0, Diff: 0, Sum: 0, Workers: 4
[1725.569s][debug][gc,phases      ] GC(154)     Total                          Min: 0, Avg:  0.0, Max: 0, Diff: 0, Sum: 0, Workers: 4
[1725.569s][debug][gc,phases      ] GC(154)   StringDedup Requests1 Weak     Min:  0.0, Avg:  0.0, Max:  0.0, Diff:  0.0, Sum:  0.0, Workers: 4
[1725.569s][debug][gc,phases      ] GC(154)     Dead                           Min: 0, Avg:  0.0, Max: 0, Diff: 0, Sum: 0, Workers: 4
[1725.569s][debug][gc,phases      ] GC(154)     Total                          Min: 0, Avg:  0.0, Max: 0, Diff: 0, Sum: 0, Workers: 4
[1725.569s][debug][gc,phases      ] GC(154)   Weak JFR Old Object Samples    Min:  0.0, Avg:  0.0, Max:  0.0, Diff:  0.0, Sum:  0.0, Workers: 4
[1725.569s][debug][gc,phases      ] GC(154)     Dead                           Min: 0, Avg:  0.0, Max: 0, Diff: 0, Sum: 0, Workers: 4
[1725.569s][debug][gc,phases      ] GC(154)     Total                          Min: 0, Avg:  0.0, Max: 0, Diff: 0, Sum: 0, Workers: 4
[1725.569s][debug][gc,phases      ] GC(154) Weak Processing 0.369ms
[1725.569s][debug][gc,age         ] GC(154) Desired survivor size 68157440 bytes, new threshold 15 (max threshold 15)
[1725.569s][info ][gc,heap        ] GC(154) PSYoungGen: 1960384K(2029056K)->1136K(2027520K) Eden: 1959424K(1959424K)->0K(1959424K) From: 960K(69632K)->1136K(68096K)
[1725.569s][info ][gc,heap        ] GC(154) ParOldGen: 316825K(354304K)->316825K(354304K)
[1725.569s][info ][gc,metaspace   ] GC(154) Metaspace: 82867K(83776K)->82867K(83776K) NonClass: 70878K(71360K)->70878K(71360K) Class: 11988K(12416K)->11988K(12416K)
[1725.569s][info ][gc             ] GC(154) Pause Young (GCLocker Initiated GC) 2223M->310M(2326M) 2.985ms
[1725.569s][info ][gc,cpu         ] GC(154) User=0.01s Sys=0.00s Real=0.01s
[1725.569s][info ][safepoint      ] Safepoint "ParallelGCSystemGC", Time since last: 77900 ns, Reaching safepoint: 72500 ns, Cleanup: 26900 ns, At safepoint: 3042700 ns, Total: 3142100 ns
[1731.569s][info ][safepoint      ] Safepoint "Cleanup", Time since last: 6000420265 ns, Reaching safepoint: 4100 ns, Cleanup: 35000 ns, At safepoint: 26000 ns, Total: 65100 ns
[1736.063s][info ][gc,start       ] GC(155) Pause Young (Allocation Failure)
[1736.066s][debug][gc,phases      ] GC(155) Scavenge 2.689ms
[1736.066s][debug][gc,ref         ] GC(155) Skipped phase 1 of Reference Processing: no references
[1736.066s][debug][gc,ref         ] GC(155) Skipped phase 2 of Reference Processing: no references
[1736.066s][debug][gc,ref         ] GC(155) Skipped phase 3 of Reference Processing: no references
[1736.066s][debug][gc,ref         ] GC(155) Skipped phase 4 of Reference Processing: no references
[1736.066s][debug][gc,phases      ] GC(155) Reference Processing 0.035ms
[1736.066s][debug][gc,phases      ] GC(155)   VM Weak                        Min:  0.0, Avg:  0.0, Max:  0.0, Diff:  0.0, Sum:  0.0, Workers: 4
[1736.066s][debug][gc,phases      ] GC(155)     Dead                           Min: 0, Avg:  0.0, Max: 0, Diff: 0, Sum: 0, Workers: 4
[1736.066s][debug][gc,phases      ] GC(155)     Total                          Min: 0, Avg: 181.0, Max: 448, Diff: 448, Sum: 724, Workers: 4
[1736.066s][debug][gc,phases      ] GC(155)   ObjectSynchronizer Weak        Min:  0.0, Avg:  0.0, Max:  0.0, Diff:  0.0, Sum:  0.0, Workers: 4
[1736.066s][debug][gc,phases      ] GC(155)     Dead                           Min: 0, Avg:  0.0, Max: 0, Diff: 0, Sum: 0, Workers: 4
[1736.066s][debug][gc,phases      ] GC(155)     Total                          Min: 0, Avg:  1.2, Max: 5, Diff: 5, Sum: 5, Workers: 4
[1736.066s][debug][gc,phases      ] GC(155)   JVMTI Tag Weak OopStorage      Min:  0.0, Avg:  0.0, Max:  0.0, Diff:  0.0, Sum:  0.0, Workers: 4
[1736.066s][debug][gc,phases      ] GC(155)     Dead                           Min: 0, Avg:  0.0, Max: 0, Diff: 0, Sum: 0, Workers: 4
[1736.066s][debug][gc,phases      ] GC(155)     Total                          Min: 0, Avg:  0.0, Max: 0, Diff: 0, Sum: 0, Workers: 4
[1736.066s][debug][gc,phases      ] GC(155)   StringTable Weak               Min:  0.0, Avg:  0.1, Max:  0.2, Diff:  0.2, Sum:  0.4, Workers: 4
[1736.066s][debug][gc,phases      ] GC(155)     Dead                           Min: 0, Avg:  0.0, Max: 0, Diff: 0, Sum: 0, Workers: 4
[1736.066s][debug][gc,phases      ] GC(155)     Total                          Min: 0, Avg: 10899.0, Max: 25356, Diff: 25356, Sum: 43596, Workers: 4
[1736.066s][debug][gc,phases      ] GC(155)   ResolvedMethodTable Weak       Min:  0.0, Avg:  0.0, Max:  0.0, Diff:  0.0, Sum:  0.1, Workers: 4
[1736.066s][debug][gc,phases      ] GC(155)     Dead                           Min: 0, Avg:  0.0, Max: 0, Diff: 0, Sum: 0, Workers: 4
[1736.066s][debug][gc,phases      ] GC(155)     Total                          Min: 0, Avg: 2426.8, Max: 5688, Diff: 5688, Sum: 9707, Workers: 4
[1736.066s][debug][gc,phases      ] GC(155)   JNI Weak                       Min:  0.0, Avg:  0.0, Max:  0.0, Diff:  0.0, Sum:  0.0, Workers: 4
[1736.066s][debug][gc,phases      ] GC(155)     Dead                           Min: 0, Avg:  0.0, Max: 0, Diff: 0, Sum: 0, Workers: 4
[1736.066s][debug][gc,phases      ] GC(155)     Total                          Min: 0, Avg: 11.2, Max: 45, Diff: 45, Sum: 45, Workers: 4
[1736.066s][debug][gc,phases      ] GC(155)   StringDedup Table Weak         Min:  0.0, Avg:  0.0, Max:  0.0, Diff:  0.0, Sum:  0.0, Workers: 4
[1736.066s][debug][gc,phases      ] GC(155)     Dead                           Min: 0, Avg:  0.0, Max: 0, Diff: 0, Sum: 0, Workers: 4
[1736.066s][debug][gc,phases      ] GC(155)     Total                          Min: 0, Avg:  0.0, Max: 0, Diff: 0, Sum: 0, Workers: 4
[1736.066s][debug][gc,phases      ] GC(155)   StringDedup Requests0 Weak     Min:  0.0, Avg:  0.0, Max:  0.0, Diff:  0.0, Sum:  0.0, Workers: 4
[1736.066s][debug][gc,phases      ] GC(155)     Dead                           Min: 0, Avg:  0.0, Max: 0, Diff: 0, Sum: 0, Workers: 4
[1736.066s][debug][gc,phases      ] GC(155)     Total                          Min: 0, Avg:  0.0, Max: 0, Diff: 0, Sum: 0, Workers: 4
[1736.066s][debug][gc,phases      ] GC(155)   StringDedup Requests1 Weak     Min:  0.0, Avg:  0.0, Max:  0.0, Diff:  0.0, Sum:  0.0, Workers: 4
[1736.066s][debug][gc,phases      ] GC(155)     Dead                           Min: 0, Avg:  0.0, Max: 0, Diff: 0, Sum: 0, Workers: 4
[1736.066s][debug][gc,phases      ] GC(155)     Total                          Min: 0, Avg:  0.0, Max: 0, Diff: 0, Sum: 0, Workers: 4
[1736.066s][debug][gc,phases      ] GC(155)   Weak JFR Old Object Samples    Min:  0.0, Avg:  0.0, Max:  0.0, Diff:  0.0, Sum:  0.0, Workers: 4
[1736.066s][debug][gc,phases      ] GC(155)     Dead                           Min: 0, Avg:  0.0, Max: 0, Diff: 0, Sum: 0, Workers: 4
[1736.066s][debug][gc,phases      ] GC(155)     Total                          Min: 0, Avg:  0.0, Max: 0, Diff: 0, Sum: 0, Workers: 4
[1736.066s][debug][gc,phases      ] GC(155) Weak Processing 0.376ms
[1736.066s][debug][gc,age         ] GC(155) Desired survivor size 65536000 bytes, new threshold 15 (max threshold 15)
[1736.066s][info ][gc,heap        ] GC(155) PSYoungGen: 1960560K(2027520K)->1152K(2033152K) Eden: 1959424K(1959424K)->0K(1966592K) From: 1136K(68096K)->1152K(66560K)
[1736.066s][info ][gc,heap        ] GC(155) ParOldGen: 316827K(354304K)->316827K(354304K)
[1736.066s][info ][gc,metaspace   ] GC(155) Metaspace: 82867K(83776K)->82867K(83776K) NonClass: 70878K(71360K)->70878K(71360K) Class: 11988K(12416K)->11988K(12416K)
[1736.066s][info ][gc             ] GC(155) Pause Young (Allocation Failure) 2224M->310M(2331M) 3.194ms
[1736.066s][info ][gc,cpu         ] GC(155) User=0.00s Sys=0.00s Real=0.00s
[1736.066s][info ][safepoint      ] Safepoint "ParallelGCFailedAllocation", Time since last: 4493912884 ns, Reaching safepoint: 4300 ns, Cleanup: 34900 ns, At safepoint: 3254399 ns, Total: 3293599 ns
[1746.862s][info ][gc,start       ] GC(156) Pause Young (Allocation Failure)
[1746.865s][debug][gc,phases      ] GC(156) Scavenge 2.893ms
[1746.865s][debug][gc,ref         ] GC(156) Skipped phase 1 of Reference Processing: no references
[1746.865s][debug][gc,ref         ] GC(156) Skipped phase 2 of Reference Processing: no references
[1746.865s][debug][gc,ref         ] GC(156) Skipped phase 3 of Reference Processing: no references
[1746.865s][debug][gc,ref         ] GC(156) Skipped phase 4 of Reference Processing: no references
[1746.865s][debug][gc,phases      ] GC(156) Reference Processing 0.031ms
[1746.865s][debug][gc,phases      ] GC(156)   VM Weak                        Min:  0.0, Avg:  0.0, Max:  0.0, Diff:  0.0, Sum:  0.0, Workers: 4
[1746.865s][debug][gc,phases      ] GC(156)     Dead                           Min: 0, Avg:  0.0, Max: 0, Diff: 0, Sum: 0, Workers: 4
[1746.865s][debug][gc,phases      ] GC(156)     Total                          Min: 0, Avg: 181.0, Max: 468, Diff: 468, Sum: 724, Workers: 4
[1746.865s][debug][gc,phases      ] GC(156)   ObjectSynchronizer Weak        Min:  0.0, Avg:  0.0, Max:  0.0, Diff:  0.0, Sum:  0.0, Workers: 4
[1746.865s][debug][gc,phases      ] GC(156)     Dead                           Min: 0, Avg:  0.0, Max: 0, Diff: 0, Sum: 0, Workers: 4
[1746.865s][debug][gc,phases      ] GC(156)     Total                          Min: 0, Avg:  1.2, Max: 5, Diff: 5, Sum: 5, Workers: 4
[1746.865s][debug][gc,phases      ] GC(156)   JVMTI Tag Weak OopStorage      Min:  0.0, Avg:  0.0, Max:  0.0, Diff:  0.0, Sum:  0.0, Workers: 4
[1746.865s][debug][gc,phases      ] GC(156)     Dead                           Min: 0, Avg:  0.0, Max: 0, Diff: 0, Sum: 0, Workers: 4
[1746.865s][debug][gc,phases      ] GC(156)     Total                          Min: 0, Avg:  0.0, Max: 0, Diff: 0, Sum: 0, Workers: 4
[1746.865s][debug][gc,phases      ] GC(156)   StringTable Weak               Min:  0.0, Avg:  0.1, Max:  0.1, Diff:  0.1, Sum:  0.4, Workers: 4
[1746.865s][debug][gc,phases      ] GC(156)     Dead                           Min: 0, Avg:  0.0, Max: 0, Diff: 0, Sum: 0, Workers: 4
[1746.865s][debug][gc,phases      ] GC(156)     Total                          Min: 0, Avg: 10899.0, Max: 15296, Diff: 15296, Sum: 43596, Workers: 4
[1746.865s][debug][gc,phases      ] GC(156)   ResolvedMethodTable Weak       Min:  0.0, Avg:  0.0, Max:  0.0, Diff:  0.0, Sum:  0.1, Workers: 4
[1746.865s][debug][gc,phases      ] GC(156)     Dead                           Min: 0, Avg:  0.0, Max: 0, Diff: 0, Sum: 0, Workers: 4
[1746.865s][debug][gc,phases      ] GC(156)     Total                          Min: 0, Avg: 2426.8, Max: 3391, Diff: 3391, Sum: 9707, Workers: 4
[1746.865s][debug][gc,phases      ] GC(156)   JNI Weak                       Min:  0.0, Avg:  0.0, Max:  0.0, Diff:  0.0, Sum:  0.0, Workers: 4
[1746.865s][debug][gc,phases      ] GC(156)     Dead                           Min: 0, Avg:  0.0, Max: 0, Diff: 0, Sum: 0, Workers: 4
[1746.865s][debug][gc,phases      ] GC(156)     Total                          Min: 0, Avg: 11.2, Max: 45, Diff: 45, Sum: 45, Workers: 4
[1746.865s][debug][gc,phases      ] GC(156)   StringDedup Table Weak         Min:  0.0, Avg:  0.0, Max:  0.0, Diff:  0.0, Sum:  0.0, Workers: 4
[1746.865s][debug][gc,phases      ] GC(156)     Dead                           Min: 0, Avg:  0.0, Max: 0, Diff: 0, Sum: 0, Workers: 4
[1746.865s][debug][gc,phases      ] GC(156)     Total                          Min: 0, Avg:  0.0, Max: 0, Diff: 0, Sum: 0, Workers: 4
[1746.865s][debug][gc,phases      ] GC(156)   StringDedup Requests0 Weak     Min:  0.0, Avg:  0.0, Max:  0.0, Diff:  0.0, Sum:  0.0, Workers: 4
[1746.865s][debug][gc,phases      ] GC(156)     Dead                           Min: 0, Avg:  0.0, Max: 0, Diff: 0, Sum: 0, Workers: 4
[1746.865s][debug][gc,phases      ] GC(156)     Total                          Min: 0, Avg:  0.0, Max: 0, Diff: 0, Sum: 0, Workers: 4
[1746.865s][debug][gc,phases      ] GC(156)   StringDedup Requests1 Weak     Min:  0.0, Avg:  0.0, Max:  0.0, Diff:  0.0, Sum:  0.0, Workers: 4
[1746.865s][debug][gc,phases      ] GC(156)     Dead                           Min: 0, Avg:  0.0, Max: 0, Diff: 0, Sum: 0, Workers: 4
[1746.865s][debug][gc,phases      ] GC(156)     Total                          Min: 0, Avg:  0.0, Max: 0, Diff: 0, Sum: 0, Workers: 4
[1746.865s][debug][gc,phases      ] GC(156)   Weak JFR Old Object Samples    Min:  0.0, Avg:  0.0, Max:  0.0, Diff:  0.0, Sum:  0.0, Workers: 4
[1746.865s][debug][gc,phases      ] GC(156)     Dead                           Min: 0, Avg:  0.0, Max: 0, Diff: 0, Sum: 0, Workers: 4
[1746.865s][debug][gc,phases      ] GC(156)     Total                          Min: 0, Avg:  0.0, Max: 0, Diff: 0, Sum: 0, Workers: 4
[1746.865s][debug][gc,phases      ] GC(156) Weak Processing 0.344ms
[1746.865s][debug][gc,age         ] GC(156) Desired survivor size 63438848 bytes, new threshold 15 (max threshold 15)
[1746.865s][info ][gc,heap        ] GC(156) PSYoungGen: 1967744K(2033152K)->1120K(2030592K) Eden: 1966592K(1966592K)->0K(1966592K) From: 1152K(66560K)->1120K(64000K)
[1746.865s][info ][gc,heap        ] GC(156) ParOldGen: 316827K(354304K)->316827K(354304K)
[1746.865s][info ][gc,metaspace   ] GC(156) Metaspace: 82867K(83776K)->82867K(83776K) NonClass: 70878K(71360K)->70878K(71360K) Class: 11988K(12416K)->11988K(12416K)
[1746.865s][info ][gc             ] GC(156) Pause Young (Allocation Failure) 2231M->310M(2329M) 3.373ms
[1746.865s][info ][gc,cpu         ] GC(156) User=0.01s Sys=0.00s Real=0.00s
[1746.865s][info ][safepoint      ] Safepoint "ParallelGCFailedAllocation", Time since last: 10795391604 ns, Reaching safepoint: 6100 ns, Cleanup: 20200 ns, At safepoint: 3441599 ns, Total: 3467899 ns
[1748.866s][info ][safepoint      ] Safepoint "Cleanup", Time since last: 2000159199 ns, Reaching safepoint: 76700 ns, Cleanup: 38900 ns, At safepoint: 5000 ns, Total: 120600 ns
[1750.866s][info ][safepoint      ] Safepoint "Cleanup", Time since last: 2000183109 ns, Reaching safepoint: 74900 ns, Cleanup: 33600 ns, At safepoint: 4600 ns, Total: 113100 ns
[1751.866s][info ][safepoint      ] Safepoint "Cleanup", Time since last: 1000113804 ns, Reaching safepoint: 81300 ns, Cleanup: 45400 ns, At safepoint: 6500 ns, Total: 133200 ns
[1758.010s][info ][gc,start       ] GC(157) Pause Young (Allocation Failure)
[1758.013s][debug][gc,phases      ] GC(157) Scavenge 2.635ms
[1758.013s][debug][gc,ref         ] GC(157) Skipped phase 1 of Reference Processing: no references
[1758.013s][debug][gc,ref         ] GC(157) Skipped phase 2 of Reference Processing: no references
[1758.013s][debug][gc,ref         ] GC(157) Skipped phase 3 of Reference Processing: no references
[1758.013s][debug][gc,ref         ] GC(157) Skipped phase 4 of Reference Processing: no references
[1758.013s][debug][gc,phases      ] GC(157) Reference Processing 0.020ms
[1758.013s][debug][gc,phases      ] GC(157)   VM Weak                        Min:  0.0, Avg:  0.0, Max:  0.0, Diff:  0.0, Sum:  0.0, Workers: 4
[1758.013s][debug][gc,phases      ] GC(157)     Dead                           Min: 0, Avg:  0.0, Max: 0, Diff: 0, Sum: 0, Workers: 4
[1758.013s][debug][gc,phases      ] GC(157)     Total                          Min: 0, Avg: 181.0, Max: 320, Diff: 320, Sum: 724, Workers: 4
[1758.013s][debug][gc,phases      ] GC(157)   ObjectSynchronizer Weak        Min:  0.0, Avg:  0.0, Max:  0.0, Diff:  0.0, Sum:  0.0, Workers: 4
[1758.013s][debug][gc,phases      ] GC(157)     Dead                           Min: 0, Avg:  0.0, Max: 0, Diff: 0, Sum: 0, Workers: 4
[1758.013s][debug][gc,phases      ] GC(157)     Total                          Min: 0, Avg:  1.2, Max: 5, Diff: 5, Sum: 5, Workers: 4
[1758.013s][debug][gc,phases      ] GC(157)   JVMTI Tag Weak OopStorage      Min:  0.0, Avg:  0.0, Max:  0.0, Diff:  0.0, Sum:  0.0, Workers: 4
[1758.013s][debug][gc,phases      ] GC(157)     Dead                           Min: 0, Avg:  0.0, Max: 0, Diff: 0, Sum: 0, Workers: 4
[1758.013s][debug][gc,phases      ] GC(157)     Total                          Min: 0, Avg:  0.0, Max: 0, Diff: 0, Sum: 0, Workers: 4
[1758.013s][debug][gc,phases      ] GC(157)   StringTable Weak               Min:  0.0, Avg:  0.1, Max:  0.1, Diff:  0.1, Sum:  0.4, Workers: 4
[1758.013s][debug][gc,phases      ] GC(157)     Dead                           Min: 0, Avg:  0.0, Max: 0, Diff: 0, Sum: 0, Workers: 4
[1758.013s][debug][gc,phases      ] GC(157)     Total                          Min: 0, Avg: 10899.0, Max: 14732, Diff: 14732, Sum: 43596, Workers: 4
[1758.013s][debug][gc,phases      ] GC(157)   ResolvedMethodTable Weak       Min:  0.0, Avg:  0.0, Max:  0.0, Diff:  0.0, Sum:  0.1, Workers: 4
[1758.013s][debug][gc,phases      ] GC(157)     Dead                           Min: 0, Avg:  0.0, Max: 0, Diff: 0, Sum: 0, Workers: 4
[1758.013s][debug][gc,phases      ] GC(157)     Total                          Min: 0, Avg: 2426.8, Max: 3264, Diff: 3264, Sum: 9707, Workers: 4
[1758.013s][debug][gc,phases      ] GC(157)   JNI Weak                       Min:  0.0, Avg:  0.0, Max:  0.0, Diff:  0.0, Sum:  0.0, Workers: 4
[1758.013s][debug][gc,phases      ] GC(157)     Dead                           Min: 0, Avg:  0.0, Max: 0, Diff: 0, Sum: 0, Workers: 4
[1758.013s][debug][gc,phases      ] GC(157)     Total                          Min: 0, Avg: 11.2, Max: 45, Diff: 45, Sum: 45, Workers: 4
[1758.013s][debug][gc,phases      ] GC(157)   StringDedup Table Weak         Min:  0.0, Avg:  0.0, Max:  0.0, Diff:  0.0, Sum:  0.0, Workers: 4
[1758.013s][debug][gc,phases      ] GC(157)     Dead                           Min: 0, Avg:  0.0, Max: 0, Diff: 0, Sum: 0, Workers: 4
[1758.013s][debug][gc,phases      ] GC(157)     Total                          Min: 0, Avg:  0.0, Max: 0, Diff: 0, Sum: 0, Workers: 4
[1758.013s][debug][gc,phases      ] GC(157)   StringDedup Requests0 Weak     Min:  0.0, Avg:  0.0, Max:  0.0, Diff:  0.0, Sum:  0.0, Workers: 4
[1758.013s][debug][gc,phases      ] GC(157)     Dead                           Min: 0, Avg:  0.0, Max: 0, Diff: 0, Sum: 0, Workers: 4
[1758.013s][debug][gc,phases      ] GC(157)     Total                          Min: 0, Avg:  0.0, Max: 0, Diff: 0, Sum: 0, Workers: 4
[1758.013s][debug][gc,phases      ] GC(157)   StringDedup Requests1 Weak     Min:  0.0, Avg:  0.0, Max:  0.0, Diff:  0.0, Sum:  0.0, Workers: 4
[1758.013s][debug][gc,phases      ] GC(157)     Dead                           Min: 0, Avg:  0.0, Max: 0, Diff: 0, Sum: 0, Workers: 4
[1758.013s][debug][gc,phases      ] GC(157)     Total                          Min: 0, Avg:  0.0, Max: 0, Diff: 0, Sum: 0, Workers: 4
[1758.013s][debug][gc,phases      ] GC(157)   Weak JFR Old Object Samples    Min:  0.0, Avg:  0.0, Max:  0.0, Diff:  0.0, Sum:  0.0, Workers: 4
[1758.013s][debug][gc,phases      ] GC(157)     Dead                           Min: 0, Avg:  0.0, Max: 0, Diff: 0, Sum: 0, Workers: 4
[1758.013s][debug][gc,phases      ] GC(157)     Total                          Min: 0, Avg:  0.0, Max: 0, Diff: 0, Sum: 0, Workers: 4
[1758.013s][debug][gc,phases      ] GC(157) Weak Processing 0.338ms
[1758.013s][debug][gc,age         ] GC(157) Desired survivor size 60817408 bytes, new threshold 15 (max threshold 15)
[1758.013s][info ][gc,heap        ] GC(157) PSYoungGen: 1967712K(2030592K)->1200K(2037760K) Eden: 1966592K(1966592K)->0K(1975808K) From: 1120K(64000K)->1200K(61952K)
[1758.013s][info ][gc,heap        ] GC(157) ParOldGen: 316827K(354304K)->316827K(354304K)
[1758.013s][info ][gc,metaspace   ] GC(157) Metaspace: 82867K(83776K)->82867K(83776K) NonClass: 70878K(71360K)->70878K(71360K) Class: 11988K(12416K)->11988K(12416K)
[1758.013s][info ][gc             ] GC(157) Pause Young (Allocation Failure) 2230M->310M(2336M) 3.102ms
[1758.013s][info ][gc,cpu         ] GC(157) User=0.01s Sys=0.00s Real=0.00s
[1758.013s][info ][safepoint      ] Safepoint "ParallelGCFailedAllocation", Time since last: 6143757183 ns, Reaching safepoint: 4100 ns, Cleanup: 28200 ns, At safepoint: 3163399 ns, Total: 3195699 ns
[1761.013s][info ][safepoint      ] Safepoint "Cleanup", Time since last: 3000223991 ns, Reaching safepoint: 75100 ns, Cleanup: 41500 ns, At safepoint: 5900 ns, Total: 122500 ns
[1762.014s][info ][safepoint      ] Safepoint "Cleanup", Time since last: 1000119596 ns, Reaching safepoint: 74200 ns, Cleanup: 37200 ns, At safepoint: 4100 ns, Total: 115500 ns
[1763.014s][info ][safepoint      ] Safepoint "Cleanup", Time since last: 1000111597 ns, Reaching safepoint: 78700 ns, Cleanup: 48600 ns, At safepoint: 8400 ns, Total: 135700 ns
[1769.013s][info ][gc,start       ] GC(158) Pause Young (Allocation Failure)
[1769.017s][debug][gc,phases      ] GC(158) Scavenge 3.740ms
[1769.017s][debug][gc,ref         ] GC(158) Skipped phase 1 of Reference Processing: no references
[1769.017s][debug][gc,ref         ] GC(158) Skipped phase 2 of Reference Processing: no references
[1769.017s][debug][gc,ref         ] GC(158) Skipped phase 3 of Reference Processing: no references
[1769.017s][debug][gc,ref         ] GC(158) Skipped phase 4 of Reference Processing: no references
[1769.017s][debug][gc,phases      ] GC(158) Reference Processing 0.019ms
[1769.017s][debug][gc,phases      ] GC(158)   VM Weak                        Min:  0.0, Avg:  0.0, Max:  0.0, Diff:  0.0, Sum:  0.0, Workers: 4
[1769.017s][debug][gc,phases      ] GC(158)     Dead                           Min: 0, Avg:  0.0, Max: 0, Diff: 0, Sum: 0, Workers: 4
[1769.017s][debug][gc,phases      ] GC(158)     Total                          Min: 0, Avg: 181.0, Max: 404, Diff: 404, Sum: 724, Workers: 4
[1769.017s][debug][gc,phases      ] GC(158)   ObjectSynchronizer Weak        Min:  0.0, Avg:  0.0, Max:  0.0, Diff:  0.0, Sum:  0.0, Workers: 4
[1769.017s][debug][gc,phases      ] GC(158)     Dead                           Min: 0, Avg:  0.0, Max: 0, Diff: 0, Sum: 0, Workers: 4
[1769.017s][debug][gc,phases      ] GC(158)     Total                          Min: 0, Avg:  1.2, Max: 5, Diff: 5, Sum: 5, Workers: 4
[1769.017s][debug][gc,phases      ] GC(158)   JVMTI Tag Weak OopStorage      Min:  0.0, Avg:  0.0, Max:  0.0, Diff:  0.0, Sum:  0.0, Workers: 4
[1769.017s][debug][gc,phases      ] GC(158)     Dead                           Min: 0, Avg:  0.0, Max: 0, Diff: 0, Sum: 0, Workers: 4
[1769.017s][debug][gc,phases      ] GC(158)     Total                          Min: 0, Avg:  0.0, Max: 0, Diff: 0, Sum: 0, Workers: 4
[1769.017s][debug][gc,phases      ] GC(158)   StringTable Weak               Min:  0.0, Avg:  0.1, Max:  0.2, Diff:  0.2, Sum:  0.3, Workers: 4
[1769.017s][debug][gc,phases      ] GC(158)     Dead                           Min: 0, Avg:  0.0, Max: 0, Diff: 0, Sum: 0, Workers: 4
[1769.017s][debug][gc,phases      ] GC(158)     Total                          Min: 0, Avg: 10899.0, Max: 25920, Diff: 25920, Sum: 43596, Workers: 4
[1769.017s][debug][gc,phases      ] GC(158)   ResolvedMethodTable Weak       Min:  0.0, Avg:  0.0, Max:  0.0, Diff:  0.0, Sum:  0.1, Workers: 4
[1769.017s][debug][gc,phases      ] GC(158)     Dead                           Min: 0, Avg:  0.0, Max: 0, Diff: 0, Sum: 0, Workers: 4
[1769.017s][debug][gc,phases      ] GC(158)     Total                          Min: 0, Avg: 2426.8, Max: 5932, Diff: 5932, Sum: 9707, Workers: 4
[1769.017s][debug][gc,phases      ] GC(158)   JNI Weak                       Min:  0.0, Avg:  0.0, Max:  0.0, Diff:  0.0, Sum:  0.0, Workers: 4
[1769.017s][debug][gc,phases      ] GC(158)     Dead                           Min: 0, Avg:  0.0, Max: 0, Diff: 0, Sum: 0, Workers: 4
[1769.017s][debug][gc,phases      ] GC(158)     Total                          Min: 0, Avg: 11.2, Max: 45, Diff: 45, Sum: 45, Workers: 4
[1769.017s][debug][gc,phases      ] GC(158)   StringDedup Table Weak         Min:  0.0, Avg:  0.0, Max:  0.0, Diff:  0.0, Sum:  0.0, Workers: 4
[1769.017s][debug][gc,phases      ] GC(158)     Dead                           Min: 0, Avg:  0.0, Max: 0, Diff: 0, Sum: 0, Workers: 4
[1769.017s][debug][gc,phases      ] GC(158)     Total                          Min: 0, Avg:  0.0, Max: 0, Diff: 0, Sum: 0, Workers: 4
[1769.017s][debug][gc,phases      ] GC(158)   StringDedup Requests0 Weak     Min:  0.0, Avg:  0.0, Max:  0.0, Diff:  0.0, Sum:  0.0, Workers: 4
[1769.017s][debug][gc,phases      ] GC(158)     Dead                           Min: 0, Avg:  0.0, Max: 0, Diff: 0, Sum: 0, Workers: 4
[1769.017s][debug][gc,phases      ] GC(158)     Total                          Min: 0, Avg:  0.0, Max: 0, Diff: 0, Sum: 0, Workers: 4
[1769.017s][debug][gc,phases      ] GC(158)   StringDedup Requests1 Weak     Min:  0.0, Avg:  0.0, Max:  0.0, Diff:  0.0, Sum:  0.0, Workers: 4
[1769.017s][debug][gc,phases      ] GC(158)     Dead                           Min: 0, Avg:  0.0, Max: 0, Diff: 0, Sum: 0, Workers: 4
[1769.017s][debug][gc,phases      ] GC(158)     Total                          Min: 0, Avg:  0.0, Max: 0, Diff: 0, Sum: 0, Workers: 4
[1769.017s][debug][gc,phases      ] GC(158)   Weak JFR Old Object Samples    Min:  0.0, Avg:  0.0, Max:  0.0, Diff:  0.0, Sum:  0.0, Workers: 4
[1769.017s][debug][gc,phases      ] GC(158)     Dead                           Min: 0, Avg:  0.0, Max: 0, Diff: 0, Sum: 0, Workers: 4
[1769.017s][debug][gc,phases      ] GC(158)     Total                          Min: 0, Avg:  0.0, Max: 0, Diff: 0, Sum: 0, Workers: 4
[1769.017s][debug][gc,phases      ] GC(158) Weak Processing 0.354ms
[1769.017s][debug][gc,age         ] GC(158) Desired survivor size 58195968 bytes, new threshold 15 (max threshold 15)
[1769.017s][info ][gc,heap        ] GC(158) PSYoungGen: 1977008K(2037760K)->1184K(2035200K) Eden: 1975808K(1975808K)->0K(1975808K) From: 1200K(61952K)->1184K(59392K)
[1769.017s][info ][gc,heap        ] GC(158) ParOldGen: 316827K(354304K)->316827K(354304K)
[1769.017s][info ][gc,metaspace   ] GC(158) Metaspace: 82869K(83776K)->82869K(83776K) NonClass: 70881K(71360K)->70881K(71360K) Class: 11988K(12416K)->11988K(12416K)
[1769.017s][info ][gc             ] GC(158) Pause Young (Allocation Failure) 2240M->310M(2333M) 4.203ms
[1769.017s][info ][gc,cpu         ] GC(158) User=0.01s Sys=0.00s Real=0.00s
[1769.017s][info ][safepoint      ] Safepoint "ParallelGCFailedAllocation", Time since last: 5999264278 ns, Reaching safepoint: 4400 ns, Cleanup: 31900 ns, At safepoint: 4263199 ns, Total: 4299499 ns
[1774.018s][info ][safepoint      ] Safepoint "Cleanup", Time since last: 5000379484 ns, Reaching safepoint: 6100 ns, Cleanup: 32000 ns, At safepoint: 2500 ns, Total: 40600 ns
[1776.018s][info ][safepoint      ] Safepoint "Cleanup", Time since last: 2000190595 ns, Reaching safepoint: 76600 ns, Cleanup: 35400 ns, At safepoint: 5700 ns, Total: 117700 ns
[1779.018s][info ][safepoint      ] Safepoint "Cleanup", Time since last: 3000209492 ns, Reaching safepoint: 4800 ns, Cleanup: 38000 ns, At safepoint: 2400 ns, Total: 45200 ns
[1779.564s][info ][gc,start       ] GC(159) Pause Young (Allocation Failure)
[1779.568s][debug][gc,phases      ] GC(159) Scavenge 3.994ms
[1779.568s][debug][gc,ref         ] GC(159) Skipped phase 1 of Reference Processing: no references
[1779.568s][debug][gc,ref         ] GC(159) Skipped phase 2 of Reference Processing: no references
[1779.568s][debug][gc,ref         ] GC(159) Skipped phase 3 of Reference Processing: no references
[1779.568s][debug][gc,ref         ] GC(159) Skipped phase 4 of Reference Processing: no references
[1779.568s][debug][gc,phases      ] GC(159) Reference Processing 0.029ms
[1779.569s][debug][gc,phases      ] GC(159)   VM Weak                        Min:  0.0, Avg:  0.0, Max:  0.0, Diff:  0.0, Sum:  0.0, Workers: 4
[1779.569s][debug][gc,phases      ] GC(159)     Dead                           Min: 0, Avg:  0.0, Max: 0, Diff: 0, Sum: 0, Workers: 4
[1779.569s][debug][gc,phases      ] GC(159)     Total                          Min: 0, Avg: 181.0, Max: 404, Diff: 404, Sum: 724, Workers: 4
[1779.569s][debug][gc,phases      ] GC(159)   ObjectSynchronizer Weak        Min:  0.0, Avg:  0.0, Max:  0.0, Diff:  0.0, Sum:  0.0, Workers: 4
[1779.569s][debug][gc,phases      ] GC(159)     Dead                           Min: 0, Avg:  0.0, Max: 0, Diff: 0, Sum: 0, Workers: 4
[1779.569s][debug][gc,phases      ] GC(159)     Total                          Min: 0, Avg:  1.2, Max: 5, Diff: 5, Sum: 5, Workers: 4
[1779.569s][debug][gc,phases      ] GC(159)   JVMTI Tag Weak OopStorage      Min:  0.0, Avg:  0.0, Max:  0.0, Diff:  0.0, Sum:  0.0, Workers: 4
[1779.569s][debug][gc,phases      ] GC(159)     Dead                           Min: 0, Avg:  0.0, Max: 0, Diff: 0, Sum: 0, Workers: 4
[1779.569s][debug][gc,phases      ] GC(159)     Total                          Min: 0, Avg:  0.0, Max: 0, Diff: 0, Sum: 0, Workers: 4
[1779.569s][debug][gc,phases      ] GC(159)   StringTable Weak               Min:  0.0, Avg:  0.1, Max:  0.1, Diff:  0.1, Sum:  0.4, Workers: 4
[1779.569s][debug][gc,phases      ] GC(159)     Dead                           Min: 0, Avg:  0.0, Max: 0, Diff: 0, Sum: 0, Workers: 4
[1779.569s][debug][gc,phases      ] GC(159)     Total                          Min: 0, Avg: 10899.0, Max: 14668, Diff: 14668, Sum: 43596, Workers: 4
[1779.569s][debug][gc,phases      ] GC(159)   ResolvedMethodTable Weak       Min:  0.0, Avg:  0.0, Max:  0.0, Diff:  0.0, Sum:  0.1, Workers: 4
[1779.569s][debug][gc,phases      ] GC(159)     Dead                           Min: 0, Avg:  0.0, Max: 0, Diff: 0, Sum: 0, Workers: 4
[1779.569s][debug][gc,phases      ] GC(159)     Total                          Min: 0, Avg: 2426.8, Max: 3321, Diff: 3321, Sum: 9707, Workers: 4
[1779.569s][debug][gc,phases      ] GC(159)   JNI Weak                       Min:  0.0, Avg:  0.0, Max:  0.0, Diff:  0.0, Sum:  0.0, Workers: 4
[1779.569s][debug][gc,phases      ] GC(159)     Dead                           Min: 0, Avg:  0.0, Max: 0, Diff: 0, Sum: 0, Workers: 4
[1779.569s][debug][gc,phases      ] GC(159)     Total                          Min: 0, Avg: 11.2, Max: 45, Diff: 45, Sum: 45, Workers: 4
[1779.569s][debug][gc,phases      ] GC(159)   StringDedup Table Weak         Min:  0.0, Avg:  0.0, Max:  0.0, Diff:  0.0, Sum:  0.0, Workers: 4
[1779.569s][debug][gc,phases      ] GC(159)     Dead                           Min: 0, Avg:  0.0, Max: 0, Diff: 0, Sum: 0, Workers: 4
[1779.569s][debug][gc,phases      ] GC(159)     Total                          Min: 0, Avg:  0.0, Max: 0, Diff: 0, Sum: 0, Workers: 4
[1779.569s][debug][gc,phases      ] GC(159)   StringDedup Requests0 Weak     Min:  0.0, Avg:  0.0, Max:  0.0, Diff:  0.0, Sum:  0.0, Workers: 4
[1779.569s][debug][gc,phases      ] GC(159)     Dead                           Min: 0, Avg:  0.0, Max: 0, Diff: 0, Sum: 0, Workers: 4
[1779.569s][debug][gc,phases      ] GC(159)     Total                          Min: 0, Avg:  0.0, Max: 0, Diff: 0, Sum: 0, Workers: 4
[1779.569s][debug][gc,phases      ] GC(159)   StringDedup Requests1 Weak     Min:  0.0, Avg:  0.0, Max:  0.0, Diff:  0.0, Sum:  0.0, Workers: 4
[1779.569s][debug][gc,phases      ] GC(159)     Dead                           Min: 0, Avg:  0.0, Max: 0, Diff: 0, Sum: 0, Workers: 4
[1779.569s][debug][gc,phases      ] GC(159)     Total                          Min: 0, Avg:  0.0, Max: 0, Diff: 0, Sum: 0, Workers: 4
[1779.569s][debug][gc,phases      ] GC(159)   Weak JFR Old Object Samples    Min:  0.0, Avg:  0.0, Max:  0.0, Diff:  0.0, Sum:  0.0, Workers: 4
[1779.569s][debug][gc,phases      ] GC(159)     Dead                           Min: 0, Avg:  0.0, Max: 0, Diff: 0, Sum: 0, Workers: 4
[1779.569s][debug][gc,phases      ] GC(159)     Total                          Min: 0, Avg:  0.0, Max: 0, Diff: 0, Sum: 0, Workers: 4
[1779.569s][debug][gc,phases      ] GC(159) Weak Processing 0.324ms
[1779.569s][debug][gc,age         ] GC(159) Desired survivor size 55050240 bytes, new threshold 15 (max threshold 15)
[1779.569s][info ][gc,heap        ] GC(159) PSYoungGen: 1976992K(2035200K)->1264K(2043392K) Eden: 1975808K(1975808K)->0K(1986560K) From: 1184K(59392K)->1264K(56832K)
[1779.569s][info ][gc,heap        ] GC(159) ParOldGen: 316827K(354304K)->316827K(354304K)
[1779.569s][info ][gc,metaspace   ] GC(159) Metaspace: 82872K(83776K)->82872K(83776K) NonClass: 70884K(71360K)->70884K(71360K) Class: 11988K(12416K)->11988K(12416K)
[1779.569s][info ][gc             ] GC(159) Pause Young (Allocation Failure) 2240M->310M(2341M) 4.447ms
[1779.569s][info ][gc,cpu         ] GC(159) User=0.00s Sys=0.00s Real=0.01s
[1779.569s][info ][safepoint      ] Safepoint "ParallelGCFailedAllocation", Time since last: 545818389 ns, Reaching safepoint: 6200 ns, Cleanup: 31800 ns, At safepoint: 4519499 ns, Total: 4557499 ns
[1780.569s][info ][safepoint      ] Safepoint "Cleanup", Time since last: 1000088598 ns, Reaching safepoint: 5300 ns, Cleanup: 40600 ns, At safepoint: 6200 ns, Total: 52100 ns
[1785.569s][info ][safepoint      ] Safepoint "Cleanup", Time since last: 5000344895 ns, Reaching safepoint: 6800 ns, Cleanup: 44400 ns, At safepoint: 9400 ns, Total: 60600 ns
[1786.570s][info ][safepoint      ] Safepoint "Cleanup", Time since last: 1000121199 ns, Reaching safepoint: 78400 ns, Cleanup: 43200 ns, At safepoint: 6100 ns, Total: 127700 ns
[1789.965s][info ][safepoint      ] Safepoint "ParallelGCFailedAllocation", Time since last: 3395522818 ns, Reaching safepoint: 79400 ns, Cleanup: 27600 ns, At safepoint: 12800 ns, Total: 119800 ns
[1789.966s][info ][gc,start       ] GC(160) Pause Young (GCLocker Initiated GC)
[1789.969s][debug][gc,phases      ] GC(160) Scavenge 3.858ms
[1789.969s][debug][gc,ref         ] GC(160) Skipped phase 1 of Reference Processing: no references
[1789.969s][debug][gc,ref         ] GC(160) Skipped phase 2 of Reference Processing: no references
[1789.969s][debug][gc,ref         ] GC(160) Skipped phase 3 of Reference Processing: no references
[1789.969s][debug][gc,ref         ] GC(160) Skipped phase 4 of Reference Processing: no references
[1789.969s][debug][gc,phases      ] GC(160) Reference Processing 0.032ms
[1789.970s][debug][gc,phases      ] GC(160)   VM Weak                        Min:  0.0, Avg:  0.0, Max:  0.0, Diff:  0.0, Sum:  0.0, Workers: 4
[1789.970s][debug][gc,phases      ] GC(160)     Dead                           Min: 0, Avg:  0.0, Max: 0, Diff: 0, Sum: 0, Workers: 4
[1789.970s][debug][gc,phases      ] GC(160)     Total                          Min: 0, Avg: 181.0, Max: 468, Diff: 468, Sum: 724, Workers: 4
[1789.970s][debug][gc,phases      ] GC(160)   ObjectSynchronizer Weak        Min:  0.0, Avg:  0.0, Max:  0.0, Diff:  0.0, Sum:  0.0, Workers: 4
[1789.970s][debug][gc,phases      ] GC(160)     Dead                           Min: 0, Avg:  0.0, Max: 0, Diff: 0, Sum: 0, Workers: 4
[1789.970s][debug][gc,phases      ] GC(160)     Total                          Min: 0, Avg:  1.2, Max: 5, Diff: 5, Sum: 5, Workers: 4
[1789.970s][debug][gc,phases      ] GC(160)   JVMTI Tag Weak OopStorage      Min:  0.0, Avg:  0.0, Max:  0.0, Diff:  0.0, Sum:  0.0, Workers: 4
[1789.970s][debug][gc,phases      ] GC(160)     Dead                           Min: 0, Avg:  0.0, Max: 0, Diff: 0, Sum: 0, Workers: 4
[1789.970s][debug][gc,phases      ] GC(160)     Total                          Min: 0, Avg:  0.0, Max: 0, Diff: 0, Sum: 0, Workers: 4
[1789.970s][debug][gc,phases      ] GC(160)   StringTable Weak               Min:  0.0, Avg:  0.1, Max:  0.1, Diff:  0.1, Sum:  0.4, Workers: 4
[1789.970s][debug][gc,phases      ] GC(160)     Dead                           Min: 0, Avg:  0.0, Max: 0, Diff: 0, Sum: 0, Workers: 4
[1789.970s][debug][gc,phases      ] GC(160)     Total                          Min: 0, Avg: 10899.0, Max: 15680, Diff: 15680, Sum: 43596, Workers: 4
[1789.970s][debug][gc,phases      ] GC(160)   ResolvedMethodTable Weak       Min:  0.0, Avg:  0.0, Max:  0.0, Diff:  0.0, Sum:  0.1, Workers: 4
[1789.970s][debug][gc,phases      ] GC(160)     Dead                           Min: 0, Avg:  0.0, Max: 0, Diff: 0, Sum: 0, Workers: 4
[1789.970s][debug][gc,phases      ] GC(160)     Total                          Min: 0, Avg: 2426.8, Max: 3636, Diff: 3636, Sum: 9707, Workers: 4
[1789.970s][debug][gc,phases      ] GC(160)   JNI Weak                       Min:  0.0, Avg:  0.0, Max:  0.0, Diff:  0.0, Sum:  0.0, Workers: 4
[1789.970s][debug][gc,phases      ] GC(160)     Dead                           Min: 0, Avg:  0.0, Max: 0, Diff: 0, Sum: 0, Workers: 4
[1789.970s][debug][gc,phases      ] GC(160)     Total                          Min: 0, Avg: 11.2, Max: 45, Diff: 45, Sum: 45, Workers: 4
[1789.970s][debug][gc,phases      ] GC(160)   StringDedup Table Weak         Min:  0.0, Avg:  0.0, Max:  0.0, Diff:  0.0, Sum:  0.0, Workers: 4
[1789.970s][debug][gc,phases      ] GC(160)     Dead                           Min: 0, Avg:  0.0, Max: 0, Diff: 0, Sum: 0, Workers: 4
[1789.970s][debug][gc,phases      ] GC(160)     Total                          Min: 0, Avg:  0.0, Max: 0, Diff: 0, Sum: 0, Workers: 4
[1789.970s][debug][gc,phases      ] GC(160)   StringDedup Requests0 Weak     Min:  0.0, Avg:  0.0, Max:  0.0, Diff:  0.0, Sum:  0.0, Workers: 4
[1789.970s][debug][gc,phases      ] GC(160)     Dead                           Min: 0, Avg:  0.0, Max: 0, Diff: 0, Sum: 0, Workers: 4
[1789.970s][debug][gc,phases      ] GC(160)     Total                          Min: 0, Avg:  0.0, Max: 0, Diff: 0, Sum: 0, Workers: 4
[1789.970s][debug][gc,phases      ] GC(160)   StringDedup Requests1 Weak     Min:  0.0, Avg:  0.0, Max:  0.0, Diff:  0.0, Sum:  0.0, Workers: 4
[1789.970s][debug][gc,phases      ] GC(160)     Dead                           Min: 0, Avg:  0.0, Max: 0, Diff: 0, Sum: 0, Workers: 4
[1789.970s][debug][gc,phases      ] GC(160)     Total                          Min: 0, Avg:  0.0, Max: 0, Diff: 0, Sum: 0, Workers: 4
[1789.970s][debug][gc,phases      ] GC(160)   Weak JFR Old Object Samples    Min:  0.0, Avg:  0.0, Max:  0.0, Diff:  0.0, Sum:  0.0, Workers: 4
[1789.970s][debug][gc,phases      ] GC(160)     Dead                           Min: 0, Avg:  0.0, Max: 0, Diff: 0, Sum: 0, Workers: 4
[1789.970s][debug][gc,phases      ] GC(160)     Total                          Min: 0, Avg:  0.0, Max: 0, Diff: 0, Sum: 0, Workers: 4
[1789.970s][debug][gc,phases      ] GC(160) Weak Processing 0.334ms
[1789.970s][debug][gc,age         ] GC(160) Desired survivor size 52428800 bytes, new threshold 15 (max threshold 15)
[1789.970s][info ][gc,heap        ] GC(160) PSYoungGen: 1987824K(2043392K)->1264K(2040320K) Eden: 1986560K(1986560K)->0K(1986560K) From: 1264K(56832K)->1264K(53760K)
[1789.970s][info ][gc,heap        ] GC(160) ParOldGen: 316828K(354304K)->316828K(354304K)
[1789.970s][info ][gc,metaspace   ] GC(160) Metaspace: 82878K(83776K)->82878K(83776K) NonClass: 70890K(71360K)->70890K(71360K) Class: 11988K(12416K)->11988K(12416K)
[1789.970s][info ][gc             ] GC(160) Pause Young (GCLocker Initiated GC) 2250M->310M(2338M) 4.306ms
[1789.970s][info ][gc,cpu         ] GC(160) User=0.01s Sys=0.00s Real=0.01s
[1789.970s][info ][safepoint      ] Safepoint "ParallelGCSystemGC", Time since last: 78700 ns, Reaching safepoint: 145300 ns, Cleanup: 27600 ns, At safepoint: 4369799 ns, Total: 4542699 ns
[1796.976s][info ][safepoint      ] Safepoint "Cleanup", Time since last: 7006126096 ns, Reaching safepoint: 4700 ns, Cleanup: 31400 ns, At safepoint: 3500 ns, Total: 39600 ns
[1800.246s][info ][safepoint      ] Safepoint "Cleanup", Time since last: 3270285044 ns, Reaching safepoint: 2500 ns, Cleanup: 36200 ns, At safepoint: 5000 ns, Total: 43700 ns
[1801.060s][info ][gc,start       ] GC(161) Pause Young (Allocation Failure)
[1801.073s][debug][gc,phases      ] GC(161) Scavenge 13.533ms
[1801.073s][debug][gc,ref         ] GC(161) Skipped phase 1 of Reference Processing: no references
[1801.073s][debug][gc,ref         ] GC(161) ReferenceProcessor::execute queues: 1, RefProcThreadModel::Single, marks_oops_alive: false
[1801.073s][debug][gc,ref         ] GC(161) Skipped phase 3 of Reference Processing: no references
[1801.073s][debug][gc,ref         ] GC(161) ReferenceProcessor::execute queues: 1, RefProcThreadModel::Single, marks_oops_alive: false
[1801.073s][debug][gc,phases      ] GC(161) Reference Processing 0.108ms
[1801.074s][debug][gc,phases      ] GC(161)   VM Weak                        Min:  0.0, Avg:  0.0, Max:  0.0, Diff:  0.0, Sum:  0.0, Workers: 4
[1801.074s][debug][gc,phases      ] GC(161)     Dead                           Min: 0, Avg:  0.0, Max: 0, Diff: 0, Sum: 0, Workers: 4
[1801.074s][debug][gc,phases      ] GC(161)     Total                          Min: 0, Avg: 181.0, Max: 384, Diff: 384, Sum: 724, Workers: 4
[1801.074s][debug][gc,phases      ] GC(161)   ObjectSynchronizer Weak        Min:  0.0, Avg:  0.0, Max:  0.0, Diff:  0.0, Sum:  0.0, Workers: 4
[1801.074s][debug][gc,phases      ] GC(161)     Dead                           Min: 0, Avg:  0.0, Max: 0, Diff: 0, Sum: 0, Workers: 4
[1801.074s][debug][gc,phases      ] GC(161)     Total                          Min: 0, Avg:  1.0, Max: 4, Diff: 4, Sum: 4, Workers: 4
[1801.074s][debug][gc,phases      ] GC(161)   JVMTI Tag Weak OopStorage      Min:  0.0, Avg:  0.0, Max:  0.0, Diff:  0.0, Sum:  0.0, Workers: 4
[1801.074s][debug][gc,phases      ] GC(161)     Dead                           Min: 0, Avg:  0.0, Max: 0, Diff: 0, Sum: 0, Workers: 4
[1801.074s][debug][gc,phases      ] GC(161)     Total                          Min: 0, Avg:  0.0, Max: 0, Diff: 0, Sum: 0, Workers: 4
[1801.074s][debug][gc,phases      ] GC(161)   StringTable Weak               Min:  0.0, Avg:  0.2, Max:  0.4, Diff:  0.4, Sum:  0.7, Workers: 4
[1801.074s][debug][gc,phases      ] GC(161)     Dead                           Min: 0, Avg:  0.5, Max: 2, Diff: 2, Sum: 2, Workers: 4
[1801.074s][debug][gc,phases      ] GC(161)     Total                          Min: 0, Avg: 10906.0, Max: 35625, Diff: 35625, Sum: 43624, Workers: 4
[1801.074s][debug][gc,phases      ] GC(161)   ResolvedMethodTable Weak       Min:  0.0, Avg:  0.0, Max:  0.0, Diff:  0.0, Sum:  0.1, Workers: 4
[1801.074s][debug][gc,phases      ] GC(161)     Dead                           Min: 0, Avg:  0.0, Max: 0, Diff: 0, Sum: 0, Workers: 4
[1801.074s][debug][gc,phases      ] GC(161)     Total                          Min: 0, Avg: 2434.8, Max: 4875, Diff: 4875, Sum: 9739, Workers: 4
[1801.074s][debug][gc,phases      ] GC(161)   JNI Weak                       Min:  0.0, Avg:  0.0, Max:  0.0, Diff:  0.0, Sum:  0.0, Workers: 4
[1801.074s][debug][gc,phases      ] GC(161)     Dead                           Min: 0, Avg:  0.0, Max: 0, Diff: 0, Sum: 0, Workers: 4
[1801.074s][debug][gc,phases      ] GC(161)     Total                          Min: 0, Avg: 11.2, Max: 45, Diff: 45, Sum: 45, Workers: 4
[1801.074s][debug][gc,phases      ] GC(161)   StringDedup Table Weak         Min:  0.0, Avg:  0.0, Max:  0.0, Diff:  0.0, Sum:  0.0, Workers: 4
[1801.074s][debug][gc,phases      ] GC(161)     Dead                           Min: 0, Avg:  0.0, Max: 0, Diff: 0, Sum: 0, Workers: 4
[1801.074s][debug][gc,phases      ] GC(161)     Total                          Min: 0, Avg:  0.0, Max: 0, Diff: 0, Sum: 0, Workers: 4
[1801.074s][debug][gc,phases      ] GC(161)   StringDedup Requests0 Weak     Min:  0.0, Avg:  0.0, Max:  0.0, Diff:  0.0, Sum:  0.0, Workers: 4
[1801.074s][debug][gc,phases      ] GC(161)     Dead                           Min: 0, Avg:  0.0, Max: 0, Diff: 0, Sum: 0, Workers: 4
[1801.074s][debug][gc,phases      ] GC(161)     Total                          Min: 0, Avg:  0.0, Max: 0, Diff: 0, Sum: 0, Workers: 4
[1801.074s][debug][gc,phases      ] GC(161)   StringDedup Requests1 Weak     Min:  0.0, Avg:  0.0, Max:  0.0, Diff:  0.0, Sum:  0.0, Workers: 4
[1801.074s][debug][gc,phases      ] GC(161)     Dead                           Min: 0, Avg:  0.0, Max: 0, Diff: 0, Sum: 0, Workers: 4
[1801.074s][debug][gc,phases      ] GC(161)     Total                          Min: 0, Avg:  0.0, Max: 0, Diff: 0, Sum: 0, Workers: 4
[1801.074s][debug][gc,phases      ] GC(161)   Weak JFR Old Object Samples    Min:  0.0, Avg:  0.0, Max:  0.0, Diff:  0.0, Sum:  0.0, Workers: 4
[1801.074s][debug][gc,phases      ] GC(161)     Dead                           Min: 0, Avg:  0.0, Max: 0, Diff: 0, Sum: 0, Workers: 4
[1801.074s][debug][gc,phases      ] GC(161)     Total                          Min: 0, Avg:  0.0, Max: 0, Diff: 0, Sum: 0, Workers: 4
[1801.074s][debug][gc,phases      ] GC(161) Weak Processing 0.629ms
[1801.074s][debug][gc,age         ] GC(161) Desired survivor size 49807360 bytes, new threshold 15 (max threshold 15)
[1801.074s][info ][gc,heap        ] GC(161) PSYoungGen: 1987824K(2040320K)->1280K(2048512K) Eden: 1986560K(1986560K)->0K(1997312K) From: 1264K(53760K)->1280K(51200K)
[1801.074s][info ][gc,heap        ] GC(161) ParOldGen: 316830K(354304K)->316838K(354304K)
[1801.074s][info ][gc,metaspace   ] GC(161) Metaspace: 82960K(83840K)->82960K(83840K) NonClass: 70953K(71424K)->70953K(71424K) Class: 12007K(12416K)->12007K(12416K)
[1801.074s][info ][gc             ] GC(161) Pause Young (Allocation Failure) 2250M->310M(2346M) 14.394ms
[1801.074s][info ][gc,cpu         ] GC(161) User=0.02s Sys=0.00s Real=0.02s
[1801.074s][info ][safepoint      ] Safepoint "ParallelGCFailedAllocation", Time since last: 813085736 ns, Reaching safepoint: 6100 ns, Cleanup: 41000 ns, At safepoint: 14467097 ns, Total: 14514197 ns
[1812.075s][info ][safepoint      ] Safepoint "Cleanup", Time since last: 11000699200 ns, Reaching safepoint: 6200 ns, Cleanup: 42500 ns, At safepoint: 3300 ns, Total: 52000 ns
[1812.113s][info ][gc,start       ] GC(162) Pause Young (Allocation Failure)
[1812.116s][debug][gc,phases      ] GC(162) Scavenge 3.761ms
[1812.116s][debug][gc,ref         ] GC(162) Skipped phase 1 of Reference Processing: no references
[1812.116s][debug][gc,ref         ] GC(162) ReferenceProcessor::execute queues: 1, RefProcThreadModel::Single, marks_oops_alive: false
[1812.116s][debug][gc,ref         ] GC(162) Skipped phase 3 of Reference Processing: no references
[1812.116s][debug][gc,ref         ] GC(162) ReferenceProcessor::execute queues: 1, RefProcThreadModel::Single, marks_oops_alive: false
[1812.116s][debug][gc,phases      ] GC(162) Reference Processing 0.106ms
[1812.117s][debug][gc,phases      ] GC(162)   VM Weak                        Min:  0.0, Avg:  0.0, Max:  0.0, Diff:  0.0, Sum:  0.0, Workers: 4
[1812.117s][debug][gc,phases      ] GC(162)     Dead                           Min: 0, Avg:  0.0, Max: 0, Diff: 0, Sum: 0, Workers: 4
[1812.117s][debug][gc,phases      ] GC(162)     Total                          Min: 0, Avg: 181.0, Max: 404, Diff: 404, Sum: 724, Workers: 4
[1812.117s][debug][gc,phases      ] GC(162)   ObjectSynchronizer Weak        Min:  0.0, Avg:  0.0, Max:  0.0, Diff:  0.0, Sum:  0.0, Workers: 4
[1812.117s][debug][gc,phases      ] GC(162)     Dead                           Min: 0, Avg:  0.2, Max: 1, Diff: 1, Sum: 1, Workers: 4
[1812.117s][debug][gc,phases      ] GC(162)     Total                          Min: 0, Avg:  1.5, Max: 6, Diff: 6, Sum: 6, Workers: 4
[1812.117s][debug][gc,phases      ] GC(162)   JVMTI Tag Weak OopStorage      Min:  0.0, Avg:  0.0, Max:  0.0, Diff:  0.0, Sum:  0.0, Workers: 4
[1812.117s][debug][gc,phases      ] GC(162)     Dead                           Min: 0, Avg:  0.0, Max: 0, Diff: 0, Sum: 0, Workers: 4
[1812.117s][debug][gc,phases      ] GC(162)     Total                          Min: 0, Avg:  0.0, Max: 0, Diff: 0, Sum: 0, Workers: 4
[1812.117s][debug][gc,phases      ] GC(162)   StringTable Weak               Min:  0.0, Avg:  0.1, Max:  0.2, Diff:  0.2, Sum:  0.4, Workers: 4
[1812.117s][debug][gc,phases      ] GC(162)     Dead                           Min: 0, Avg:  0.0, Max: 0, Diff: 0, Sum: 0, Workers: 4
[1812.117s][debug][gc,phases      ] GC(162)     Total                          Min: 0, Avg: 10906.2, Max: 22015, Diff: 22015, Sum: 43625, Workers: 4
[1812.117s][debug][gc,phases      ] GC(162)   ResolvedMethodTable Weak       Min:  0.0, Avg:  0.0, Max:  0.0, Diff:  0.0, Sum:  0.1, Workers: 4
[1812.117s][debug][gc,phases      ] GC(162)     Dead                           Min: 0, Avg:  0.0, Max: 0, Diff: 0, Sum: 0, Workers: 4
[1812.117s][debug][gc,phases      ] GC(162)     Total                          Min: 0, Avg: 2435.0, Max: 4940, Diff: 4940, Sum: 9740, Workers: 4
[1812.117s][debug][gc,phases      ] GC(162)   JNI Weak                       Min:  0.0, Avg:  0.0, Max:  0.0, Diff:  0.0, Sum:  0.0, Workers: 4
[1812.117s][debug][gc,phases      ] GC(162)     Dead                           Min: 0, Avg:  0.0, Max: 0, Diff: 0, Sum: 0, Workers: 4
[1812.117s][debug][gc,phases      ] GC(162)     Total                          Min: 0, Avg: 11.2, Max: 45, Diff: 45, Sum: 45, Workers: 4
[1812.117s][debug][gc,phases      ] GC(162)   StringDedup Table Weak         Min:  0.0, Avg:  0.0, Max:  0.0, Diff:  0.0, Sum:  0.0, Workers: 4
[1812.117s][debug][gc,phases      ] GC(162)     Dead                           Min: 0, Avg:  0.0, Max: 0, Diff: 0, Sum: 0, Workers: 4
[1812.117s][debug][gc,phases      ] GC(162)     Total                          Min: 0, Avg:  0.0, Max: 0, Diff: 0, Sum: 0, Workers: 4
[1812.117s][debug][gc,phases      ] GC(162)   StringDedup Requests0 Weak     Min:  0.0, Avg:  0.0, Max:  0.0, Diff:  0.0, Sum:  0.0, Workers: 4
[1812.117s][debug][gc,phases      ] GC(162)     Dead                           Min: 0, Avg:  0.0, Max: 0, Diff: 0, Sum: 0, Workers: 4
[1812.117s][debug][gc,phases      ] GC(162)     Total                          Min: 0, Avg:  0.0, Max: 0, Diff: 0, Sum: 0, Workers: 4
[1812.117s][debug][gc,phases      ] GC(162)   StringDedup Requests1 Weak     Min:  0.0, Avg:  0.0, Max:  0.0, Diff:  0.0, Sum:  0.0, Workers: 4
[1812.117s][debug][gc,phases      ] GC(162)     Dead                           Min: 0, Avg:  0.0, Max: 0, Diff: 0, Sum: 0, Workers: 4
[1812.117s][debug][gc,phases      ] GC(162)     Total                          Min: 0, Avg:  0.0, Max: 0, Diff: 0, Sum: 0, Workers: 4
[1812.117s][debug][gc,phases      ] GC(162)   Weak JFR Old Object Samples    Min:  0.0, Avg:  0.0, Max:  0.0, Diff:  0.0, Sum:  0.0, Workers: 4
[1812.117s][debug][gc,phases      ] GC(162)     Dead                           Min: 0, Avg:  0.0, Max: 0, Diff: 0, Sum: 0, Workers: 4
[1812.117s][debug][gc,phases      ] GC(162)     Total                          Min: 0, Avg:  0.0, Max: 0, Diff: 0, Sum: 0, Workers: 4
[1812.117s][debug][gc,phases      ] GC(162) Weak Processing 0.503ms
[1812.117s][debug][gc,age         ] GC(162) Desired survivor size 47185920 bytes, new threshold 15 (max threshold 15)
[1812.117s][info ][gc,heap        ] GC(162) PSYoungGen: 1998592K(2048512K)->1360K(2045952K) Eden: 1997312K(1997312K)->0K(1997312K) From: 1280K(51200K)->1360K(48640K)
[1812.117s][info ][gc,heap        ] GC(162) ParOldGen: 316838K(354304K)->316838K(354304K)
[1812.117s][info ][gc,metaspace   ] GC(162) Metaspace: 82962K(83840K)->82962K(83840K) NonClass: 70954K(71424K)->70954K(71424K) Class: 12007K(12416K)->12007K(12416K)
[1812.117s][info ][gc             ] GC(162) Pause Young (Allocation Failure) 2261M->310M(2344M) 4.478ms
[1812.117s][info ][gc,cpu         ] GC(162) User=0.01s Sys=0.00s Real=0.00s
[1812.117s][info ][safepoint      ] Safepoint "ParallelGCFailedAllocation", Time since last: 37789092 ns, Reaching safepoint: 4300 ns, Cleanup: 30600 ns, At safepoint: 4548299 ns, Total: 4583199 ns
[1821.118s][info ][safepoint      ] Safepoint "Cleanup", Time since last: 9000638937 ns, Reaching safepoint: 76400 ns, Cleanup: 33600 ns, At safepoint: 3900 ns, Total: 113900 ns
[1822.118s][info ][safepoint      ] Safepoint "Cleanup", Time since last: 1000126385 ns, Reaching safepoint: 6300 ns, Cleanup: 45200 ns, At safepoint: 2700 ns, Total: 54200 ns
[1822.860s][info ][gc,start       ] GC(163) Pause Young (Allocation Failure)
[1822.865s][debug][gc,phases      ] GC(163) Scavenge 4.897ms
[1822.865s][debug][gc,ref         ] GC(163) Skipped phase 1 of Reference Processing: no references
[1822.865s][debug][gc,ref         ] GC(163) ReferenceProcessor::execute queues: 1, RefProcThreadModel::Single, marks_oops_alive: false
[1822.865s][debug][gc,ref         ] GC(163) Skipped phase 3 of Reference Processing: no references
[1822.865s][debug][gc,ref         ] GC(163) Skipped phase 4 of Reference Processing: no references
[1822.865s][debug][gc,phases      ] GC(163) Reference Processing 0.148ms
[1822.866s][debug][gc,phases      ] GC(163)   VM Weak                        Min:  0.0, Avg:  0.0, Max:  0.0, Diff:  0.0, Sum:  0.0, Workers: 4
[1822.866s][debug][gc,phases      ] GC(163)     Dead                           Min: 0, Avg:  0.0, Max: 0, Diff: 0, Sum: 0, Workers: 4
[1822.866s][debug][gc,phases      ] GC(163)     Total                          Min: 0, Avg: 181.0, Max: 724, Diff: 724, Sum: 724, Workers: 4
[1822.866s][debug][gc,phases      ] GC(163)   ObjectSynchronizer Weak        Min:  0.0, Avg:  0.0, Max:  0.0, Diff:  0.0, Sum:  0.0, Workers: 4
[1822.866s][debug][gc,phases      ] GC(163)     Dead                           Min: 0, Avg:  0.0, Max: 0, Diff: 0, Sum: 0, Workers: 4
[1822.866s][debug][gc,phases      ] GC(163)     Total                          Min: 0, Avg:  1.5, Max: 6, Diff: 6, Sum: 6, Workers: 4
[1822.866s][debug][gc,phases      ] GC(163)   JVMTI Tag Weak OopStorage      Min:  0.0, Avg:  0.0, Max:  0.0, Diff:  0.0, Sum:  0.0, Workers: 4
[1822.866s][debug][gc,phases      ] GC(163)     Dead                           Min: 0, Avg:  0.0, Max: 0, Diff: 0, Sum: 0, Workers: 4
[1822.866s][debug][gc,phases      ] GC(163)     Total                          Min: 0, Avg:  0.0, Max: 0, Diff: 0, Sum: 0, Workers: 4
[1822.866s][debug][gc,phases      ] GC(163)   StringTable Weak               Min:  0.0, Avg:  0.2, Max:  0.3, Diff:  0.3, Sum:  0.7, Workers: 4
[1822.866s][debug][gc,phases      ] GC(163)     Dead                           Min: 0, Avg:  0.0, Max: 0, Diff: 0, Sum: 0, Workers: 4
[1822.866s][debug][gc,phases      ] GC(163)     Total                          Min: 0, Avg: 10906.2, Max: 21931, Diff: 21931, Sum: 43625, Workers: 4
[1822.866s][debug][gc,phases      ] GC(163)   ResolvedMethodTable Weak       Min:  0.0, Avg:  0.0, Max:  0.0, Diff:  0.0, Sum:  0.1, Workers: 4
[1822.866s][debug][gc,phases      ] GC(163)     Dead                           Min: 0, Avg:  0.0, Max: 0, Diff: 0, Sum: 0, Workers: 4
[1822.866s][debug][gc,phases      ] GC(163)     Total                          Min: 0, Avg: 2435.0, Max: 5120, Diff: 5120, Sum: 9740, Workers: 4
[1822.866s][debug][gc,phases      ] GC(163)   JNI Weak                       Min:  0.0, Avg:  0.0, Max:  0.0, Diff:  0.0, Sum:  0.0, Workers: 4
[1822.866s][debug][gc,phases      ] GC(163)     Dead                           Min: 0, Avg:  0.0, Max: 0, Diff: 0, Sum: 0, Workers: 4
[1822.866s][debug][gc,phases      ] GC(163)     Total                          Min: 0, Avg: 11.2, Max: 45, Diff: 45, Sum: 45, Workers: 4
[1822.866s][debug][gc,phases      ] GC(163)   StringDedup Table Weak         Min:  0.0, Avg:  0.0, Max:  0.0, Diff:  0.0, Sum:  0.0, Workers: 4
[1822.866s][debug][gc,phases      ] GC(163)     Dead                           Min: 0, Avg:  0.0, Max: 0, Diff: 0, Sum: 0, Workers: 4
[1822.866s][debug][gc,phases      ] GC(163)     Total                          Min: 0, Avg:  0.0, Max: 0, Diff: 0, Sum: 0, Workers: 4
[1822.866s][debug][gc,phases      ] GC(163)   StringDedup Requests0 Weak     Min:  0.0, Avg:  0.0, Max:  0.0, Diff:  0.0, Sum:  0.0, Workers: 4
[1822.866s][debug][gc,phases      ] GC(163)     Dead                           Min: 0, Avg:  0.0, Max: 0, Diff: 0, Sum: 0, Workers: 4
[1822.866s][debug][gc,phases      ] GC(163)     Total                          Min: 0, Avg:  0.0, Max: 0, Diff: 0, Sum: 0, Workers: 4
[1822.866s][debug][gc,phases      ] GC(163)   StringDedup Requests1 Weak     Min:  0.0, Avg:  0.0, Max:  0.0, Diff:  0.0, Sum:  0.0, Workers: 4
[1822.866s][debug][gc,phases      ] GC(163)     Dead                           Min: 0, Avg:  0.0, Max: 0, Diff: 0, Sum: 0, Workers: 4
[1822.866s][debug][gc,phases      ] GC(163)     Total                          Min: 0, Avg:  0.0, Max: 0, Diff: 0, Sum: 0, Workers: 4
[1822.866s][debug][gc,phases      ] GC(163)   Weak JFR Old Object Samples    Min:  0.0, Avg:  0.0, Max:  0.0, Diff:  0.0, Sum:  0.0, Workers: 4
[1822.866s][debug][gc,phases      ] GC(163)     Dead                           Min: 0, Avg:  0.0, Max: 0, Diff: 0, Sum: 0, Workers: 4
[1822.866s][debug][gc,phases      ] GC(163)     Total                          Min: 0, Avg:  0.0, Max: 0, Diff: 0, Sum: 0, Workers: 4
[1822.866s][debug][gc,phases      ] GC(163) Weak Processing 0.511ms
[1822.866s][debug][gc,age         ] GC(163) Desired survivor size 44564480 bytes, new threshold 15 (max threshold 15)
[1822.866s][info ][gc,heap        ] GC(163) PSYoungGen: 1998672K(2045952K)->1520K(2053632K) Eden: 1997312K(1997312K)->0K(2007552K) From: 1360K(48640K)->1520K(46080K)
[1822.866s][info ][gc,heap        ] GC(163) ParOldGen: 316838K(354304K)->316838K(354304K)
[1822.866s][info ][gc,metaspace   ] GC(163) Metaspace: 82965K(83840K)->82965K(83840K) NonClass: 70957K(71424K)->70957K(71424K) Class: 12007K(12416K)->12007K(12416K)
[1822.866s][info ][gc             ] GC(163) Pause Young (Allocation Failure) 2261M->310M(2351M) 5.681ms
[1822.866s][info ][gc,cpu         ] GC(163) User=0.02s Sys=0.00s Real=0.00s
[1822.866s][info ][safepoint      ] Safepoint "ParallelGCFailedAllocation", Time since last: 742186841 ns, Reaching safepoint: 4600 ns, Cleanup: 36200 ns, At safepoint: 5760299 ns, Total: 5801099 ns
[1831.867s][info ][safepoint      ] Safepoint "Cleanup", Time since last: 9000648119 ns, Reaching safepoint: 94800 ns, Cleanup: 49200 ns, At safepoint: 9900 ns, Total: 153900 ns
[1833.964s][info ][gc,start       ] GC(164) Pause Young (Allocation Failure)
[1833.968s][debug][gc,phases      ] GC(164) Scavenge 4.447ms
[1833.968s][debug][gc,ref         ] GC(164) Skipped phase 1 of Reference Processing: no references
[1833.968s][debug][gc,ref         ] GC(164) ReferenceProcessor::execute queues: 1, RefProcThreadModel::Single, marks_oops_alive: false
[1833.968s][debug][gc,ref         ] GC(164) Skipped phase 3 of Reference Processing: no references
[1833.968s][debug][gc,ref         ] GC(164) Skipped phase 4 of Reference Processing: no references
[1833.968s][debug][gc,phases      ] GC(164) Reference Processing 0.087ms
[1833.969s][debug][gc,phases      ] GC(164)   VM Weak                        Min:  0.0, Avg:  0.0, Max:  0.0, Diff:  0.0, Sum:  0.0, Workers: 4
[1833.969s][debug][gc,phases      ] GC(164)     Dead                           Min: 0, Avg:  0.0, Max: 0, Diff: 0, Sum: 0, Workers: 4
[1833.969s][debug][gc,phases      ] GC(164)     Total                          Min: 0, Avg: 181.0, Max: 640, Diff: 640, Sum: 724, Workers: 4
[1833.969s][debug][gc,phases      ] GC(164)   ObjectSynchronizer Weak        Min:  0.0, Avg:  0.0, Max:  0.0, Diff:  0.0, Sum:  0.0, Workers: 4
[1833.969s][debug][gc,phases      ] GC(164)     Dead                           Min: 0, Avg:  0.0, Max: 0, Diff: 0, Sum: 0, Workers: 4
[1833.969s][debug][gc,phases      ] GC(164)     Total                          Min: 0, Avg:  1.5, Max: 6, Diff: 6, Sum: 6, Workers: 4
[1833.969s][debug][gc,phases      ] GC(164)   JVMTI Tag Weak OopStorage      Min:  0.0, Avg:  0.0, Max:  0.0, Diff:  0.0, Sum:  0.0, Workers: 4
[1833.969s][debug][gc,phases      ] GC(164)     Dead                           Min: 0, Avg:  0.0, Max: 0, Diff: 0, Sum: 0, Workers: 4
[1833.969s][debug][gc,phases      ] GC(164)     Total                          Min: 0, Avg:  0.0, Max: 0, Diff: 0, Sum: 0, Workers: 4
[1833.969s][debug][gc,phases      ] GC(164)   StringTable Weak               Min:  0.0, Avg:  0.1, Max:  0.2, Diff:  0.2, Sum:  0.3, Workers: 4
[1833.969s][debug][gc,phases      ] GC(164)     Dead                           Min: 0, Avg:  0.0, Max: 0, Diff: 0, Sum: 0, Workers: 4
[1833.969s][debug][gc,phases      ] GC(164)     Total                          Min: 0, Avg: 10906.2, Max: 26667, Diff: 26667, Sum: 43625, Workers: 4
[1833.969s][debug][gc,phases      ] GC(164)   ResolvedMethodTable Weak       Min:  0.0, Avg:  0.0, Max:  0.0, Diff:  0.0, Sum:  0.1, Workers: 4
[1833.969s][debug][gc,phases      ] GC(164)     Dead                           Min: 0, Avg:  0.0, Max: 0, Diff: 0, Sum: 0, Workers: 4
[1833.969s][debug][gc,phases      ] GC(164)     Total                          Min: 0, Avg: 2435.0, Max: 5644, Diff: 5644, Sum: 9740, Workers: 4
[1833.969s][debug][gc,phases      ] GC(164)   JNI Weak                       Min:  0.0, Avg:  0.0, Max:  0.0, Diff:  0.0, Sum:  0.0, Workers: 4
[1833.969s][debug][gc,phases      ] GC(164)     Dead                           Min: 0, Avg:  0.0, Max: 0, Diff: 0, Sum: 0, Workers: 4
[1833.969s][debug][gc,phases      ] GC(164)     Total                          Min: 0, Avg: 11.2, Max: 45, Diff: 45, Sum: 45, Workers: 4
[1833.969s][debug][gc,phases      ] GC(164)   StringDedup Table Weak         Min:  0.0, Avg:  0.0, Max:  0.0, Diff:  0.0, Sum:  0.0, Workers: 4
[1833.969s][debug][gc,phases      ] GC(164)     Dead                           Min: 0, Avg:  0.0, Max: 0, Diff: 0, Sum: 0, Workers: 4
[1833.969s][debug][gc,phases      ] GC(164)     Total                          Min: 0, Avg:  0.0, Max: 0, Diff: 0, Sum: 0, Workers: 4
[1833.969s][debug][gc,phases      ] GC(164)   StringDedup Requests0 Weak     Min:  0.0, Avg:  0.0, Max:  0.0, Diff:  0.0, Sum:  0.0, Workers: 4
[1833.969s][debug][gc,phases      ] GC(164)     Dead                           Min: 0, Avg:  0.0, Max: 0, Diff: 0, Sum: 0, Workers: 4
[1833.969s][debug][gc,phases      ] GC(164)     Total                          Min: 0, Avg:  0.0, Max: 0, Diff: 0, Sum: 0, Workers: 4
[1833.969s][debug][gc,phases      ] GC(164)   StringDedup Requests1 Weak     Min:  0.0, Avg:  0.0, Max:  0.0, Diff:  0.0, Sum:  0.0, Workers: 4
[1833.969s][debug][gc,phases      ] GC(164)     Dead                           Min: 0, Avg:  0.0, Max: 0, Diff: 0, Sum: 0, Workers: 4
[1833.969s][debug][gc,phases      ] GC(164)     Total                          Min: 0, Avg:  0.0, Max: 0, Diff: 0, Sum: 0, Workers: 4
[1833.969s][debug][gc,phases      ] GC(164)   Weak JFR Old Object Samples    Min:  0.0, Avg:  0.0, Max:  0.0, Diff:  0.0, Sum:  0.0, Workers: 4
[1833.969s][debug][gc,phases      ] GC(164)     Dead                           Min: 0, Avg:  0.0, Max: 0, Diff: 0, Sum: 0, Workers: 4
[1833.969s][debug][gc,phases      ] GC(164)     Total                          Min: 0, Avg:  0.0, Max: 0, Diff: 0, Sum: 0, Workers: 4
[1833.969s][debug][gc,phases      ] GC(164) Weak Processing 0.355ms
[1833.969s][debug][gc,age         ] GC(164) Desired survivor size 41943040 bytes, new threshold 15 (max threshold 15)
[1833.969s][info ][gc,heap        ] GC(164) PSYoungGen: 2009072K(2053632K)->1424K(2051072K) Eden: 2007552K(2007552K)->0K(2007552K) From: 1520K(46080K)->1424K(43520K)
[1833.969s][info ][gc,heap        ] GC(164) ParOldGen: 316838K(354304K)->316838K(354304K)
[1833.969s][info ][gc,metaspace   ] GC(164) Metaspace: 82965K(83840K)->82965K(83840K) NonClass: 70957K(71424K)->70957K(71424K) Class: 12007K(12416K)->12007K(12416K)
[1833.969s][info ][gc             ] GC(164) Pause Young (Allocation Failure) 2271M->310M(2349M) 4.976ms
[1833.969s][info ][gc,cpu         ] GC(164) User=0.01s Sys=0.00s Real=0.01s
[1833.969s][info ][safepoint      ] Safepoint "ParallelGCFailedAllocation", Time since last: 2097039678 ns, Reaching safepoint: 3700 ns, Cleanup: 26500 ns, At safepoint: 5061899 ns, Total: 5092099 ns
[1839.969s][info ][safepoint      ] Safepoint "Cleanup", Time since last: 6000353494 ns, Reaching safepoint: 4400 ns, Cleanup: 33000 ns, At safepoint: 2400 ns, Total: 39800 ns
[1845.013s][info ][gc,start       ] GC(165) Pause Young (Allocation Failure)
[1845.016s][debug][gc,phases      ] GC(165) Scavenge 3.024ms
[1845.016s][debug][gc,ref         ] GC(165) Skipped phase 1 of Reference Processing: no references
[1845.016s][debug][gc,ref         ] GC(165) ReferenceProcessor::execute queues: 1, RefProcThreadModel::Single, marks_oops_alive: false
[1845.016s][debug][gc,ref         ] GC(165) Skipped phase 3 of Reference Processing: no references
[1845.016s][debug][gc,ref         ] GC(165) Skipped phase 4 of Reference Processing: no references
[1845.016s][debug][gc,phases      ] GC(165) Reference Processing 0.090ms
[1845.017s][debug][gc,phases      ] GC(165)   VM Weak                        Min:  0.0, Avg:  0.0, Max:  0.0, Diff:  0.0, Sum:  0.0, Workers: 4
[1845.017s][debug][gc,phases      ] GC(165)     Dead                           Min: 0, Avg:  0.0, Max: 0, Diff: 0, Sum: 0, Workers: 4
[1845.017s][debug][gc,phases      ] GC(165)     Total                          Min: 0, Avg: 181.0, Max: 448, Diff: 448, Sum: 724, Workers: 4
[1845.017s][debug][gc,phases      ] GC(165)   ObjectSynchronizer Weak        Min:  0.0, Avg:  0.0, Max:  0.0, Diff:  0.0, Sum:  0.0, Workers: 4
[1845.017s][debug][gc,phases      ] GC(165)     Dead                           Min: 0, Avg:  0.0, Max: 0, Diff: 0, Sum: 0, Workers: 4
[1845.017s][debug][gc,phases      ] GC(165)     Total                          Min: 0, Avg:  1.5, Max: 6, Diff: 6, Sum: 6, Workers: 4
[1845.017s][debug][gc,phases      ] GC(165)   JVMTI Tag Weak OopStorage      Min:  0.0, Avg:  0.0, Max:  0.0, Diff:  0.0, Sum:  0.0, Workers: 4
[1845.017s][debug][gc,phases      ] GC(165)     Dead                           Min: 0, Avg:  0.0, Max: 0, Diff: 0, Sum: 0, Workers: 4
[1845.017s][debug][gc,phases      ] GC(165)     Total                          Min: 0, Avg:  0.0, Max: 0, Diff: 0, Sum: 0, Workers: 4
[1845.017s][debug][gc,phases      ] GC(165)   StringTable Weak               Min:  0.0, Avg:  0.1, Max:  0.2, Diff:  0.2, Sum:  0.3, Workers: 4
[1845.017s][debug][gc,phases      ] GC(165)     Dead                           Min: 0, Avg:  0.0, Max: 0, Diff: 0, Sum: 0, Workers: 4
[1845.017s][debug][gc,phases      ] GC(165)     Total                          Min: 0, Avg: 10906.2, Max: 26623, Diff: 26623, Sum: 43625, Workers: 4
[1845.017s][debug][gc,phases      ] GC(165)   ResolvedMethodTable Weak       Min:  0.0, Avg:  0.0, Max:  0.0, Diff:  0.0, Sum:  0.1, Workers: 4
[1845.017s][debug][gc,phases      ] GC(165)     Dead                           Min: 0, Avg:  0.0, Max: 0, Diff: 0, Sum: 0, Workers: 4
[1845.017s][debug][gc,phases      ] GC(165)     Total                          Min: 0, Avg: 2435.0, Max: 4940, Diff: 4940, Sum: 9740, Workers: 4
[1845.017s][debug][gc,phases      ] GC(165)   JNI Weak                       Min:  0.0, Avg:  0.0, Max:  0.0, Diff:  0.0, Sum:  0.0, Workers: 4
[1845.017s][debug][gc,phases      ] GC(165)     Dead                           Min: 0, Avg:  0.0, Max: 0, Diff: 0, Sum: 0, Workers: 4
[1845.017s][debug][gc,phases      ] GC(165)     Total                          Min: 0, Avg: 11.2, Max: 45, Diff: 45, Sum: 45, Workers: 4
[1845.017s][debug][gc,phases      ] GC(165)   StringDedup Table Weak         Min:  0.0, Avg:  0.0, Max:  0.0, Diff:  0.0, Sum:  0.0, Workers: 4
[1845.017s][debug][gc,phases      ] GC(165)     Dead                           Min: 0, Avg:  0.0, Max: 0, Diff: 0, Sum: 0, Workers: 4
[1845.017s][debug][gc,phases      ] GC(165)     Total                          Min: 0, Avg:  0.0, Max: 0, Diff: 0, Sum: 0, Workers: 4
[1845.017s][debug][gc,phases      ] GC(165)   StringDedup Requests0 Weak     Min:  0.0, Avg:  0.0, Max:  0.0, Diff:  0.0, Sum:  0.0, Workers: 4
[1845.017s][debug][gc,phases      ] GC(165)     Dead                           Min: 0, Avg:  0.0, Max: 0, Diff: 0, Sum: 0, Workers: 4
[1845.017s][debug][gc,phases      ] GC(165)     Total                          Min: 0, Avg:  0.0, Max: 0, Diff: 0, Sum: 0, Workers: 4
[1845.017s][debug][gc,phases      ] GC(165)   StringDedup Requests1 Weak     Min:  0.0, Avg:  0.0, Max:  0.0, Diff:  0.0, Sum:  0.0, Workers: 4
[1845.017s][debug][gc,phases      ] GC(165)     Dead                           Min: 0, Avg:  0.0, Max: 0, Diff: 0, Sum: 0, Workers: 4
[1845.017s][debug][gc,phases      ] GC(165)     Total                          Min: 0, Avg:  0.0, Max: 0, Diff: 0, Sum: 0, Workers: 4
[1845.017s][debug][gc,phases      ] GC(165)   Weak JFR Old Object Samples    Min:  0.0, Avg:  0.0, Max:  0.0, Diff:  0.0, Sum:  0.0, Workers: 4
[1845.017s][debug][gc,phases      ] GC(165)     Dead                           Min: 0, Avg:  0.0, Max: 0, Diff: 0, Sum: 0, Workers: 4
[1845.017s][debug][gc,phases      ] GC(165)     Total                          Min: 0, Avg:  0.0, Max: 0, Diff: 0, Sum: 0, Workers: 4
[1845.017s][debug][gc,phases      ] GC(165) Weak Processing 0.454ms
[1845.017s][debug][gc,age         ] GC(165) Desired survivor size 39321600 bytes, new threshold 15 (max threshold 15)
[1845.017s][info ][gc,heap        ] GC(165) PSYoungGen: 2008976K(2051072K)->1440K(2058752K) Eden: 2007552K(2007552K)->0K(2017792K) From: 1424K(43520K)->1440K(40960K)
[1845.017s][info ][gc,heap        ] GC(165) ParOldGen: 316838K(354304K)->316846K(354304K)
[1845.017s][info ][gc,metaspace   ] GC(165) Metaspace: 82969K(83840K)->82969K(83840K) NonClass: 70962K(71424K)->70962K(71424K) Class: 12007K(12416K)->12007K(12416K)
[1845.017s][info ][gc             ] GC(165) Pause Young (Allocation Failure) 2271M->310M(2356M) 3.702ms
[1845.017s][info ][gc,cpu         ] GC(165) User=0.00s Sys=0.00s Real=0.00s
[1845.017s][info ][safepoint      ] Safepoint "ParallelGCFailedAllocation", Time since last: 5043843938 ns, Reaching safepoint: 4900 ns, Cleanup: 30800 ns, At safepoint: 3779899 ns, Total: 3815599 ns
[1848.017s][info ][safepoint      ] Safepoint "Cleanup", Time since last: 3000228235 ns, Reaching safepoint: 78100 ns, Cleanup: 34800 ns, At safepoint: 7500 ns, Total: 120400 ns
[1851.018s][info ][safepoint      ] Safepoint "Cleanup", Time since last: 3000233135 ns, Reaching safepoint: 4100 ns, Cleanup: 35400 ns, At safepoint: 2600 ns, Total: 42100 ns
[1856.061s][info ][gc,start       ] GC(166) Pause Young (Allocation Failure)
[1856.065s][debug][gc,phases      ] GC(166) Scavenge 3.701ms
[1856.065s][debug][gc,ref         ] GC(166) Skipped phase 1 of Reference Processing: no references
[1856.065s][debug][gc,ref         ] GC(166) ReferenceProcessor::execute queues: 1, RefProcThreadModel::Single, marks_oops_alive: false
[1856.065s][debug][gc,ref         ] GC(166) Skipped phase 3 of Reference Processing: no references
[1856.065s][debug][gc,ref         ] GC(166) Skipped phase 4 of Reference Processing: no references
[1856.065s][debug][gc,phases      ] GC(166) Reference Processing 0.083ms
[1856.065s][debug][gc,phases      ] GC(166)   VM Weak                        Min:  0.0, Avg:  0.0, Max:  0.0, Diff:  0.0, Sum:  0.0, Workers: 4
[1856.065s][debug][gc,phases      ] GC(166)     Dead                           Min: 0, Avg:  0.0, Max: 0, Diff: 0, Sum: 0, Workers: 4
[1856.065s][debug][gc,phases      ] GC(166)     Total                          Min: 0, Avg: 181.0, Max: 384, Diff: 384, Sum: 724, Workers: 4
[1856.065s][debug][gc,phases      ] GC(166)   ObjectSynchronizer Weak        Min:  0.0, Avg:  0.0, Max:  0.0, Diff:  0.0, Sum:  0.0, Workers: 4
[1856.065s][debug][gc,phases      ] GC(166)     Dead                           Min: 0, Avg:  0.0, Max: 0, Diff: 0, Sum: 0, Workers: 4
[1856.065s][debug][gc,phases      ] GC(166)     Total                          Min: 0, Avg:  1.5, Max: 6, Diff: 6, Sum: 6, Workers: 4
[1856.065s][debug][gc,phases      ] GC(166)   JVMTI Tag Weak OopStorage      Min:  0.0, Avg:  0.0, Max:  0.0, Diff:  0.0, Sum:  0.0, Workers: 4
[1856.065s][debug][gc,phases      ] GC(166)     Dead                           Min: 0, Avg:  0.0, Max: 0, Diff: 0, Sum: 0, Workers: 4
[1856.065s][debug][gc,phases      ] GC(166)     Total                          Min: 0, Avg:  0.0, Max: 0, Diff: 0, Sum: 0, Workers: 4
[1856.065s][debug][gc,phases      ] GC(166)   StringTable Weak               Min:  0.0, Avg:  0.1, Max:  0.2, Diff:  0.2, Sum:  0.4, Workers: 4
[1856.065s][debug][gc,phases      ] GC(166)     Dead                           Min: 0, Avg:  0.0, Max: 0, Diff: 0, Sum: 0, Workers: 4
[1856.065s][debug][gc,phases      ] GC(166)     Total                          Min: 0, Avg: 10906.2, Max: 22890, Diff: 22890, Sum: 43625, Workers: 4
[1856.065s][debug][gc,phases      ] GC(166)   ResolvedMethodTable Weak       Min:  0.0, Avg:  0.0, Max:  0.0, Diff:  0.0, Sum:  0.1, Workers: 4
[1856.065s][debug][gc,phases      ] GC(166)     Dead                           Min: 0, Avg:  0.0, Max: 0, Diff: 0, Sum: 0, Workers: 4
[1856.065s][debug][gc,phases      ] GC(166)     Total                          Min: 0, Avg: 2435.0, Max: 5184, Diff: 5184, Sum: 9740, Workers: 4
[1856.065s][debug][gc,phases      ] GC(166)   JNI Weak                       Min:  0.0, Avg:  0.0, Max:  0.0, Diff:  0.0, Sum:  0.0, Workers: 4
[1856.065s][debug][gc,phases      ] GC(166)     Dead                           Min: 0, Avg:  0.0, Max: 0, Diff: 0, Sum: 0, Workers: 4
[1856.065s][debug][gc,phases      ] GC(166)     Total                          Min: 0, Avg: 11.2, Max: 45, Diff: 45, Sum: 45, Workers: 4
[1856.065s][debug][gc,phases      ] GC(166)   StringDedup Table Weak         Min:  0.0, Avg:  0.0, Max:  0.0, Diff:  0.0, Sum:  0.0, Workers: 4
[1856.065s][debug][gc,phases      ] GC(166)     Dead                           Min: 0, Avg:  0.0, Max: 0, Diff: 0, Sum: 0, Workers: 4
[1856.065s][debug][gc,phases      ] GC(166)     Total                          Min: 0, Avg:  0.0, Max: 0, Diff: 0, Sum: 0, Workers: 4
[1856.065s][debug][gc,phases      ] GC(166)   StringDedup Requests0 Weak     Min:  0.0, Avg:  0.0, Max:  0.0, Diff:  0.0, Sum:  0.0, Workers: 4
[1856.065s][debug][gc,phases      ] GC(166)     Dead                           Min: 0, Avg:  0.0, Max: 0, Diff: 0, Sum: 0, Workers: 4
[1856.065s][debug][gc,phases      ] GC(166)     Total                          Min: 0, Avg:  0.0, Max: 0, Diff: 0, Sum: 0, Workers: 4
[1856.065s][debug][gc,phases      ] GC(166)   StringDedup Requests1 Weak     Min:  0.0, Avg:  0.0, Max:  0.0, Diff:  0.0, Sum:  0.0, Workers: 4
[1856.065s][debug][gc,phases      ] GC(166)     Dead                           Min: 0, Avg:  0.0, Max: 0, Diff: 0, Sum: 0, Workers: 4
[1856.065s][debug][gc,phases      ] GC(166)     Total                          Min: 0, Avg:  0.0, Max: 0, Diff: 0, Sum: 0, Workers: 4
[1856.065s][debug][gc,phases      ] GC(166)   Weak JFR Old Object Samples    Min:  0.0, Avg:  0.0, Max:  0.0, Diff:  0.0, Sum:  0.0, Workers: 4
[1856.065s][debug][gc,phases      ] GC(166)     Dead                           Min: 0, Avg:  0.0, Max: 0, Diff: 0, Sum: 0, Workers: 4
[1856.065s][debug][gc,phases      ] GC(166)     Total                          Min: 0, Avg:  0.0, Max: 0, Diff: 0, Sum: 0, Workers: 4
[1856.065s][debug][gc,phases      ] GC(166) Weak Processing 0.386ms
[1856.065s][debug][gc,age         ] GC(166) Desired survivor size 36700160 bytes, new threshold 15 (max threshold 15)
[1856.065s][info ][gc,heap        ] GC(166) PSYoungGen: 2019232K(2058752K)->1536K(2056192K) Eden: 2017792K(2017792K)->0K(2017792K) From: 1440K(40960K)->1536K(38400K)
[1856.065s][info ][gc,heap        ] GC(166) ParOldGen: 316846K(354304K)->316846K(354304K)
[1856.065s][info ][gc,metaspace   ] GC(166) Metaspace: 82971K(83840K)->82971K(83840K) NonClass: 70963K(71424K)->70963K(71424K) Class: 12007K(12416K)->12007K(12416K)
[1856.065s][info ][gc             ] GC(166) Pause Young (Allocation Failure) 2281M->310M(2354M) 4.262ms
[1856.065s][info ][gc,cpu         ] GC(166) User=0.01s Sys=0.00s Real=0.00s
[1856.065s][info ][safepoint      ] Safepoint "ParallelGCFailedAllocation", Time since last: 5043509252 ns, Reaching safepoint: 5300 ns, Cleanup: 31300 ns, At safepoint: 4322899 ns, Total: 4359499 ns
[1860.507s][info ][safepoint      ] Safepoint "Cleanup", Time since last: 4441794616 ns, Reaching safepoint: 3400 ns, Cleanup: 35100 ns, At safepoint: 7300 ns, Total: 45800 ns
[1867.215s][info ][gc,start       ] GC(167) Pause Young (Allocation Failure)
[1867.218s][debug][gc,phases      ] GC(167) Scavenge 3.095ms
[1867.218s][debug][gc,ref         ] GC(167) Skipped phase 1 of Reference Processing: no references
[1867.218s][debug][gc,ref         ] GC(167) ReferenceProcessor::execute queues: 1, RefProcThreadModel::Single, marks_oops_alive: false
[1867.218s][debug][gc,ref         ] GC(167) Skipped phase 3 of Reference Processing: no references
[1867.218s][debug][gc,ref         ] GC(167) Skipped phase 4 of Reference Processing: no references
[1867.218s][debug][gc,phases      ] GC(167) Reference Processing 0.110ms
[1867.219s][debug][gc,phases      ] GC(167)   VM Weak                        Min:  0.0, Avg:  0.0, Max:  0.0, Diff:  0.0, Sum:  0.0, Workers: 4
[1867.219s][debug][gc,phases      ] GC(167)     Dead                           Min: 0, Avg:  0.0, Max: 0, Diff: 0, Sum: 0, Workers: 4
[1867.219s][debug][gc,phases      ] GC(167)     Total                          Min: 0, Avg: 181.0, Max: 468, Diff: 468, Sum: 724, Workers: 4
[1867.219s][debug][gc,phases      ] GC(167)   ObjectSynchronizer Weak        Min:  0.0, Avg:  0.0, Max:  0.0, Diff:  0.0, Sum:  0.0, Workers: 4
[1867.219s][debug][gc,phases      ] GC(167)     Dead                           Min: 0, Avg:  0.0, Max: 0, Diff: 0, Sum: 0, Workers: 4
[1867.219s][debug][gc,phases      ] GC(167)     Total                          Min: 0, Avg:  1.2, Max: 5, Diff: 5, Sum: 5, Workers: 4
[1867.219s][debug][gc,phases      ] GC(167)   JVMTI Tag Weak OopStorage      Min:  0.0, Avg:  0.0, Max:  0.0, Diff:  0.0, Sum:  0.0, Workers: 4
[1867.219s][debug][gc,phases      ] GC(167)     Dead                           Min: 0, Avg:  0.0, Max: 0, Diff: 0, Sum: 0, Workers: 4
[1867.219s][debug][gc,phases      ] GC(167)     Total                          Min: 0, Avg:  0.0, Max: 0, Diff: 0, Sum: 0, Workers: 4
[1867.219s][debug][gc,phases      ] GC(167)   StringTable Weak               Min:  0.0, Avg:  0.1, Max:  0.1, Diff:  0.1, Sum:  0.4, Workers: 4
[1867.219s][debug][gc,phases      ] GC(167)     Dead                           Min: 0, Avg:  0.0, Max: 0, Diff: 0, Sum: 0, Workers: 4
[1867.219s][debug][gc,phases      ] GC(167)     Total                          Min: 0, Avg: 10906.2, Max: 14890, Diff: 14890, Sum: 43625, Workers: 4
[1867.219s][debug][gc,phases      ] GC(167)   ResolvedMethodTable Weak       Min:  0.0, Avg:  0.0, Max:  0.0, Diff:  0.0, Sum:  0.1, Workers: 4
[1867.219s][debug][gc,phases      ] GC(167)     Dead                           Min: 0, Avg:  0.0, Max: 0, Diff: 0, Sum: 0, Workers: 4
[1867.219s][debug][gc,phases      ] GC(167)     Total                          Min: 0, Avg: 2435.0, Max: 3392, Diff: 3392, Sum: 9740, Workers: 4
[1867.219s][debug][gc,phases      ] GC(167)   JNI Weak                       Min:  0.0, Avg:  0.0, Max:  0.0, Diff:  0.0, Sum:  0.0, Workers: 4
[1867.219s][debug][gc,phases      ] GC(167)     Dead                           Min: 0, Avg:  0.0, Max: 0, Diff: 0, Sum: 0, Workers: 4
[1867.219s][debug][gc,phases      ] GC(167)     Total                          Min: 0, Avg: 11.2, Max: 45, Diff: 45, Sum: 45, Workers: 4
[1867.219s][debug][gc,phases      ] GC(167)   StringDedup Table Weak         Min:  0.0, Avg:  0.0, Max:  0.0, Diff:  0.0, Sum:  0.0, Workers: 4
[1867.219s][debug][gc,phases      ] GC(167)     Dead                           Min: 0, Avg:  0.0, Max: 0, Diff: 0, Sum: 0, Workers: 4
[1867.219s][debug][gc,phases      ] GC(167)     Total                          Min: 0, Avg:  0.0, Max: 0, Diff: 0, Sum: 0, Workers: 4
[1867.219s][debug][gc,phases      ] GC(167)   StringDedup Requests0 Weak     Min:  0.0, Avg:  0.0, Max:  0.0, Diff:  0.0, Sum:  0.0, Workers: 4
[1867.219s][debug][gc,phases      ] GC(167)     Dead                           Min: 0, Avg:  0.0, Max: 0, Diff: 0, Sum: 0, Workers: 4
[1867.219s][debug][gc,phases      ] GC(167)     Total                          Min: 0, Avg:  0.0, Max: 0, Diff: 0, Sum: 0, Workers: 4
[1867.219s][debug][gc,phases      ] GC(167)   StringDedup Requests1 Weak     Min:  0.0, Avg:  0.0, Max:  0.0, Diff:  0.0, Sum:  0.0, Workers: 4
[1867.219s][debug][gc,phases      ] GC(167)     Dead                           Min: 0, Avg:  0.0, Max: 0, Diff: 0, Sum: 0, Workers: 4
[1867.219s][debug][gc,phases      ] GC(167)     Total                          Min: 0, Avg:  0.0, Max: 0, Diff: 0, Sum: 0, Workers: 4
[1867.219s][debug][gc,phases      ] GC(167)   Weak JFR Old Object Samples    Min:  0.0, Avg:  0.0, Max:  0.0, Diff:  0.0, Sum:  0.0, Workers: 4
[1867.219s][debug][gc,phases      ] GC(167)     Dead                           Min: 0, Avg:  0.0, Max: 0, Diff: 0, Sum: 0, Workers: 4
[1867.219s][debug][gc,phases      ] GC(167)     Total                          Min: 0, Avg:  0.0, Max: 0, Diff: 0, Sum: 0, Workers: 4
[1867.219s][debug][gc,phases      ] GC(167) Weak Processing 0.338ms
[1867.219s][debug][gc,age         ] GC(167) Desired survivor size 34603008 bytes, new threshold 15 (max threshold 15)
[1867.219s][info ][gc,heap        ] GC(167) PSYoungGen: 2019328K(2056192K)->1264K(2063360K) Eden: 2017792K(2017792K)->0K(2027520K) From: 1536K(38400K)->1264K(35840K)
[1867.219s][info ][gc,heap        ] GC(167) ParOldGen: 316846K(354304K)->317038K(354304K)
[1867.219s][info ][gc,metaspace   ] GC(167) Metaspace: 82976K(83840K)->82976K(83840K) NonClass: 70969K(71424K)->70969K(71424K) Class: 12007K(12416K)->12007K(12416K)
[1867.219s][info ][gc             ] GC(167) Pause Young (Allocation Failure) 2281M->310M(2361M) 3.638ms
[1867.219s][info ][gc,cpu         ] GC(167) User=0.01s Sys=0.00s Real=0.00s
[1867.219s][info ][safepoint      ] Safepoint "ParallelGCFailedAllocation", Time since last: 6707750883 ns, Reaching safepoint: 5100 ns, Cleanup: 38000 ns, At safepoint: 3701399 ns, Total: 3744499 ns
[1868.219s][info ][safepoint      ] Safepoint "Cleanup", Time since last: 1000082242 ns, Reaching safepoint: 4000 ns, Cleanup: 46300 ns, At safepoint: 2300 ns, Total: 52600 ns
[1869.223s][info ][safepoint      ] Safepoint "Cleanup", Time since last: 1000109428 ns, Reaching safepoint: 4310097 ns, Cleanup: 39100 ns, At safepoint: 5000 ns, Total: 4354197 ns
[1872.224s][info ][safepoint      ] Safepoint "Cleanup", Time since last: 3000245184 ns, Reaching safepoint: 5800 ns, Cleanup: 37100 ns, At safepoint: 2400 ns, Total: 45300 ns
[1877.463s][info ][gc,start       ] GC(168) Pause Young (Allocation Failure)
[1877.466s][debug][gc,phases      ] GC(168) Scavenge 2.833ms
[1877.466s][debug][gc,ref         ] GC(168) Skipped phase 1 of Reference Processing: no references
[1877.466s][debug][gc,ref         ] GC(168) ReferenceProcessor::execute queues: 1, RefProcThreadModel::Single, marks_oops_alive: false
[1877.466s][debug][gc,ref         ] GC(168) Skipped phase 3 of Reference Processing: no references
[1877.466s][debug][gc,ref         ] GC(168) ReferenceProcessor::execute queues: 1, RefProcThreadModel::Single, marks_oops_alive: false
[1877.466s][debug][gc,phases      ] GC(168) Reference Processing 0.114ms
[1877.466s][debug][gc,phases      ] GC(168)   VM Weak                        Min:  0.0, Avg:  0.0, Max:  0.0, Diff:  0.0, Sum:  0.0, Workers: 4
[1877.466s][debug][gc,phases      ] GC(168)     Dead                           Min: 0, Avg:  0.0, Max: 0, Diff: 0, Sum: 0, Workers: 4
[1877.466s][debug][gc,phases      ] GC(168)     Total                          Min: 0, Avg: 181.0, Max: 532, Diff: 532, Sum: 724, Workers: 4
[1877.466s][debug][gc,phases      ] GC(168)   ObjectSynchronizer Weak        Min:  0.0, Avg:  0.0, Max:  0.0, Diff:  0.0, Sum:  0.0, Workers: 4
[1877.466s][debug][gc,phases      ] GC(168)     Dead                           Min: 0, Avg:  0.0, Max: 0, Diff: 0, Sum: 0, Workers: 4
[1877.466s][debug][gc,phases      ] GC(168)     Total                          Min: 0, Avg:  1.2, Max: 5, Diff: 5, Sum: 5, Workers: 4
[1877.466s][debug][gc,phases      ] GC(168)   JVMTI Tag Weak OopStorage      Min:  0.0, Avg:  0.0, Max:  0.0, Diff:  0.0, Sum:  0.0, Workers: 4
[1877.466s][debug][gc,phases      ] GC(168)     Dead                           Min: 0, Avg:  0.0, Max: 0, Diff: 0, Sum: 0, Workers: 4
[1877.466s][debug][gc,phases      ] GC(168)     Total                          Min: 0, Avg:  0.0, Max: 0, Diff: 0, Sum: 0, Workers: 4
[1877.466s][debug][gc,phases      ] GC(168)   StringTable Weak               Min:  0.0, Avg:  0.1, Max:  0.2, Diff:  0.2, Sum:  0.4, Workers: 4
[1877.466s][debug][gc,phases      ] GC(168)     Dead                           Min: 0, Avg:  0.0, Max: 0, Diff: 0, Sum: 0, Workers: 4
[1877.466s][debug][gc,phases      ] GC(168)     Total                          Min: 0, Avg: 10906.8, Max: 22381, Diff: 22381, Sum: 43627, Workers: 4
[1877.466s][debug][gc,phases      ] GC(168)   ResolvedMethodTable Weak       Min:  0.0, Avg:  0.0, Max:  0.0, Diff:  0.0, Sum:  0.1, Workers: 4
[1877.466s][debug][gc,phases      ] GC(168)     Dead                           Min: 0, Avg:  0.0, Max: 0, Diff: 0, Sum: 0, Workers: 4
[1877.466s][debug][gc,phases      ] GC(168)     Total                          Min: 0, Avg: 2435.8, Max: 5056, Diff: 5056, Sum: 9743, Workers: 4
[1877.466s][debug][gc,phases      ] GC(168)   JNI Weak                       Min:  0.0, Avg:  0.0, Max:  0.0, Diff:  0.0, Sum:  0.0, Workers: 4
[1877.466s][debug][gc,phases      ] GC(168)     Dead                           Min: 0, Avg:  0.0, Max: 0, Diff: 0, Sum: 0, Workers: 4
[1877.466s][debug][gc,phases      ] GC(168)     Total                          Min: 0, Avg: 11.2, Max: 45, Diff: 45, Sum: 45, Workers: 4
[1877.466s][debug][gc,phases      ] GC(168)   StringDedup Table Weak         Min:  0.0, Avg:  0.0, Max:  0.0, Diff:  0.0, Sum:  0.0, Workers: 4
[1877.466s][debug][gc,phases      ] GC(168)     Dead                           Min: 0, Avg:  0.0, Max: 0, Diff: 0, Sum: 0, Workers: 4
[1877.466s][debug][gc,phases      ] GC(168)     Total                          Min: 0, Avg:  0.0, Max: 0, Diff: 0, Sum: 0, Workers: 4
[1877.466s][debug][gc,phases      ] GC(168)   StringDedup Requests0 Weak     Min:  0.0, Avg:  0.0, Max:  0.0, Diff:  0.0, Sum:  0.0, Workers: 4
[1877.466s][debug][gc,phases      ] GC(168)     Dead                           Min: 0, Avg:  0.0, Max: 0, Diff: 0, Sum: 0, Workers: 4
[1877.466s][debug][gc,phases      ] GC(168)     Total                          Min: 0, Avg:  0.0, Max: 0, Diff: 0, Sum: 0, Workers: 4
[1877.466s][debug][gc,phases      ] GC(168)   StringDedup Requests1 Weak     Min:  0.0, Avg:  0.0, Max:  0.0, Diff:  0.0, Sum:  0.0, Workers: 4
[1877.466s][debug][gc,phases      ] GC(168)     Dead                           Min: 0, Avg:  0.0, Max: 0, Diff: 0, Sum: 0, Workers: 4
[1877.466s][debug][gc,phases      ] GC(168)     Total                          Min: 0, Avg:  0.0, Max: 0, Diff: 0, Sum: 0, Workers: 4
[1877.466s][debug][gc,phases      ] GC(168)   Weak JFR Old Object Samples    Min:  0.0, Avg:  0.0, Max:  0.0, Diff:  0.0, Sum:  0.0, Workers: 4
[1877.466s][debug][gc,phases      ] GC(168)     Dead                           Min: 0, Avg:  0.0, Max: 0, Diff: 0, Sum: 0, Workers: 4
[1877.466s][debug][gc,phases      ] GC(168)     Total                          Min: 0, Avg:  0.0, Max: 0, Diff: 0, Sum: 0, Workers: 4
[1877.466s][debug][gc,phases      ] GC(168) Weak Processing 0.496ms
[1877.466s][debug][gc,age         ] GC(168) Desired survivor size 32505856 bytes, new threshold 15 (max threshold 15)
[1877.466s][info ][gc,heap        ] GC(168) PSYoungGen: 2028784K(2063360K)->1376K(2061312K) Eden: 2027520K(2027520K)->0K(2027520K) From: 1264K(35840K)->1376K(33792K)
[1877.466s][info ][gc,heap        ] GC(168) ParOldGen: 317038K(354304K)->317062K(354304K)
[1877.466s][info ][gc,metaspace   ] GC(168) Metaspace: 82984K(83840K)->82984K(83840K) NonClass: 70975K(71424K)->70975K(71424K) Class: 12009K(12416K)->12009K(12416K)
[1877.466s][info ][gc             ] GC(168) Pause Young (Allocation Failure) 2290M->310M(2359M) 3.558ms
[1877.466s][info ][gc,cpu         ] GC(168) User=0.01s Sys=0.00s Real=0.00s
[1877.466s][info ][safepoint      ] Safepoint "ParallelGCFailedAllocation", Time since last: 5239078723 ns, Reaching safepoint: 4300 ns, Cleanup: 26900 ns, At safepoint: 3629198 ns, Total: 3660398 ns
[1885.467s][info ][safepoint      ] Safepoint "Cleanup", Time since last: 8000572476 ns, Reaching safepoint: 72100 ns, Cleanup: 31300 ns, At safepoint: 3700 ns, Total: 107100 ns
[1888.310s][info ][gc,start       ] GC(169) Pause Young (Allocation Failure)
[1888.314s][debug][gc,phases      ] GC(169) Scavenge 3.436ms
[1888.314s][debug][gc,ref         ] GC(169) Skipped phase 1 of Reference Processing: no references
[1888.314s][debug][gc,ref         ] GC(169) ReferenceProcessor::execute queues: 1, RefProcThreadModel::Single, marks_oops_alive: false
[1888.314s][debug][gc,ref         ] GC(169) Skipped phase 3 of Reference Processing: no references
[1888.314s][debug][gc,ref         ] GC(169) Skipped phase 4 of Reference Processing: no references
[1888.314s][debug][gc,phases      ] GC(169) Reference Processing 0.093ms
[1888.314s][debug][gc,phases      ] GC(169)   VM Weak                        Min:  0.0, Avg:  0.0, Max:  0.0, Diff:  0.0, Sum:  0.0, Workers: 4
[1888.314s][debug][gc,phases      ] GC(169)     Dead                           Min: 0, Avg:  0.0, Max: 0, Diff: 0, Sum: 0, Workers: 4
[1888.314s][debug][gc,phases      ] GC(169)     Total                          Min: 0, Avg: 181.0, Max: 724, Diff: 724, Sum: 724, Workers: 4
[1888.314s][debug][gc,phases      ] GC(169)   ObjectSynchronizer Weak        Min:  0.0, Avg:  0.0, Max:  0.0, Diff:  0.0, Sum:  0.0, Workers: 4
[1888.314s][debug][gc,phases      ] GC(169)     Dead                           Min: 0, Avg:  0.0, Max: 0, Diff: 0, Sum: 0, Workers: 4
[1888.314s][debug][gc,phases      ] GC(169)     Total                          Min: 0, Avg:  1.2, Max: 5, Diff: 5, Sum: 5, Workers: 4
[1888.314s][debug][gc,phases      ] GC(169)   JVMTI Tag Weak OopStorage      Min:  0.0, Avg:  0.0, Max:  0.0, Diff:  0.0, Sum:  0.0, Workers: 4
[1888.314s][debug][gc,phases      ] GC(169)     Dead                           Min: 0, Avg:  0.0, Max: 0, Diff: 0, Sum: 0, Workers: 4
[1888.314s][debug][gc,phases      ] GC(169)     Total                          Min: 0, Avg:  0.0, Max: 0, Diff: 0, Sum: 0, Workers: 4
[1888.314s][debug][gc,phases      ] GC(169)   StringTable Weak               Min:  0.0, Avg:  0.1, Max:  0.2, Diff:  0.1, Sum:  0.3, Workers: 4
[1888.314s][debug][gc,phases      ] GC(169)     Dead                           Min: 0, Avg:  0.0, Max: 0, Diff: 0, Sum: 0, Workers: 4
[1888.314s][debug][gc,phases      ] GC(169)     Total                          Min: 0, Avg: 10906.8, Max: 25982, Diff: 25982, Sum: 43627, Workers: 4
[1888.314s][debug][gc,phases      ] GC(169)   ResolvedMethodTable Weak       Min:  0.0, Avg:  0.0, Max:  0.0, Diff:  0.0, Sum:  0.1, Workers: 4
[1888.314s][debug][gc,phases      ] GC(169)     Dead                           Min: 0, Avg:  0.0, Max: 0, Diff: 0, Sum: 0, Workers: 4
[1888.314s][debug][gc,phases      ] GC(169)     Total                          Min: 0, Avg: 2435.8, Max: 5888, Diff: 5888, Sum: 9743, Workers: 4
[1888.314s][debug][gc,phases      ] GC(169)   JNI Weak                       Min:  0.0, Avg:  0.0, Max:  0.0, Diff:  0.0, Sum:  0.0, Workers: 4
[1888.314s][debug][gc,phases      ] GC(169)     Dead                           Min: 0, Avg:  0.0, Max: 0, Diff: 0, Sum: 0, Workers: 4
[1888.314s][debug][gc,phases      ] GC(169)     Total                          Min: 0, Avg: 11.2, Max: 45, Diff: 45, Sum: 45, Workers: 4
[1888.314s][debug][gc,phases      ] GC(169)   StringDedup Table Weak         Min:  0.0, Avg:  0.0, Max:  0.0, Diff:  0.0, Sum:  0.0, Workers: 4
[1888.314s][debug][gc,phases      ] GC(169)     Dead                           Min: 0, Avg:  0.0, Max: 0, Diff: 0, Sum: 0, Workers: 4
[1888.314s][debug][gc,phases      ] GC(169)     Total                          Min: 0, Avg:  0.0, Max: 0, Diff: 0, Sum: 0, Workers: 4
[1888.314s][debug][gc,phases      ] GC(169)   StringDedup Requests0 Weak     Min:  0.0, Avg:  0.0, Max:  0.0, Diff:  0.0, Sum:  0.0, Workers: 4
[1888.314s][debug][gc,phases      ] GC(169)     Dead                           Min: 0, Avg:  0.0, Max: 0, Diff: 0, Sum: 0, Workers: 4
[1888.314s][debug][gc,phases      ] GC(169)     Total                          Min: 0, Avg:  0.0, Max: 0, Diff: 0, Sum: 0, Workers: 4
[1888.314s][debug][gc,phases      ] GC(169)   StringDedup Requests1 Weak     Min:  0.0, Avg:  0.0, Max:  0.0, Diff:  0.0, Sum:  0.0, Workers: 4
[1888.314s][debug][gc,phases      ] GC(169)     Dead                           Min: 0, Avg:  0.0, Max: 0, Diff: 0, Sum: 0, Workers: 4
[1888.314s][debug][gc,phases      ] GC(169)     Total                          Min: 0, Avg:  0.0, Max: 0, Diff: 0, Sum: 0, Workers: 4
[1888.314s][debug][gc,phases      ] GC(169)   Weak JFR Old Object Samples    Min:  0.0, Avg:  0.0, Max:  0.0, Diff:  0.0, Sum:  0.0, Workers: 4
[1888.314s][debug][gc,phases      ] GC(169)     Dead                           Min: 0, Avg:  0.0, Max: 0, Diff: 0, Sum: 0, Workers: 4
[1888.314s][debug][gc,phases      ] GC(169)     Total                          Min: 0, Avg:  0.0, Max: 0, Diff: 0, Sum: 0, Workers: 4
[1888.314s][debug][gc,phases      ] GC(169) Weak Processing 0.350ms
[1888.314s][debug][gc,age         ] GC(169) Desired survivor size 30408704 bytes, new threshold 15 (max threshold 15)
[1888.314s][info ][gc,heap        ] GC(169) PSYoungGen: 2028896K(2061312K)->1424K(2067456K) Eden: 2027520K(2027520K)->0K(2035712K) From: 1376K(33792K)->1424K(31744K)
[1888.314s][info ][gc,heap        ] GC(169) ParOldGen: 317062K(354304K)->317086K(354304K)
[1888.314s][info ][gc,metaspace   ] GC(169) Metaspace: 82987K(83840K)->82987K(83840K) NonClass: 70978K(71424K)->70978K(71424K) Class: 12009K(12416K)->12009K(12416K)
[1888.314s][info ][gc             ] GC(169) Pause Young (Allocation Failure) 2290M->311M(2365M) 3.970ms
[1888.314s][info ][gc,cpu         ] GC(169) User=0.01s Sys=0.00s Real=0.00s
[1888.314s][info ][safepoint      ] Safepoint "ParallelGCFailedAllocation", Time since last: 2843134521 ns, Reaching safepoint: 5400 ns, Cleanup: 34700 ns, At safepoint: 4032098 ns, Total: 4072198 ns
[1894.315s][info ][safepoint      ] Safepoint "Cleanup", Time since last: 6000448947 ns, Reaching safepoint: 77800 ns, Cleanup: 45100 ns, At safepoint: 5900 ns, Total: 128800 ns
[1899.015s][info ][gc,start       ] GC(170) Pause Young (Allocation Failure)
[1899.019s][debug][gc,phases      ] GC(170) Scavenge 4.163ms
[1899.020s][debug][gc,ref         ] GC(170) Skipped phase 1 of Reference Processing: no references
[1899.020s][debug][gc,ref         ] GC(170) ReferenceProcessor::execute queues: 1, RefProcThreadModel::Single, marks_oops_alive: false
[1899.020s][debug][gc,ref         ] GC(170) Skipped phase 3 of Reference Processing: no references
[1899.020s][debug][gc,ref         ] GC(170) Skipped phase 4 of Reference Processing: no references
[1899.020s][debug][gc,phases      ] GC(170) Reference Processing 0.098ms
[1899.020s][debug][gc,phases      ] GC(170)   VM Weak                        Min:  0.0, Avg:  0.0, Max:  0.0, Diff:  0.0, Sum:  0.0, Workers: 4
[1899.020s][debug][gc,phases      ] GC(170)     Dead                           Min: 0, Avg:  0.0, Max: 0, Diff: 0, Sum: 0, Workers: 4
[1899.020s][debug][gc,phases      ] GC(170)     Total                          Min: 0, Avg: 181.0, Max: 468, Diff: 468, Sum: 724, Workers: 4
[1899.020s][debug][gc,phases      ] GC(170)   ObjectSynchronizer Weak        Min:  0.0, Avg:  0.0, Max:  0.0, Diff:  0.0, Sum:  0.0, Workers: 4
[1899.020s][debug][gc,phases      ] GC(170)     Dead                           Min: 0, Avg:  0.0, Max: 0, Diff: 0, Sum: 0, Workers: 4
[1899.020s][debug][gc,phases      ] GC(170)     Total                          Min: 0, Avg:  1.2, Max: 5, Diff: 5, Sum: 5, Workers: 4
[1899.020s][debug][gc,phases      ] GC(170)   JVMTI Tag Weak OopStorage      Min:  0.0, Avg:  0.0, Max:  0.0, Diff:  0.0, Sum:  0.0, Workers: 4
[1899.020s][debug][gc,phases      ] GC(170)     Dead                           Min: 0, Avg:  0.0, Max: 0, Diff: 0, Sum: 0, Workers: 4
[1899.020s][debug][gc,phases      ] GC(170)     Total                          Min: 0, Avg:  0.0, Max: 0, Diff: 0, Sum: 0, Workers: 4
[1899.020s][debug][gc,phases      ] GC(170)   StringTable Weak               Min:  0.0, Avg:  0.1, Max:  0.2, Diff:  0.2, Sum:  0.3, Workers: 4
[1899.020s][debug][gc,phases      ] GC(170)     Dead                           Min: 0, Avg:  0.0, Max: 0, Diff: 0, Sum: 0, Workers: 4
[1899.020s][debug][gc,phases      ] GC(170)     Total                          Min: 0, Avg: 10906.8, Max: 26732, Diff: 26732, Sum: 43627, Workers: 4
[1899.020s][debug][gc,phases      ] GC(170)   ResolvedMethodTable Weak       Min:  0.0, Avg:  0.0, Max:  0.0, Diff:  0.0, Sum:  0.1, Workers: 4
[1899.020s][debug][gc,phases      ] GC(170)     Dead                           Min: 0, Avg:  0.0, Max: 0, Diff: 0, Sum: 0, Workers: 4
[1899.020s][debug][gc,phases      ] GC(170)     Total                          Min: 0, Avg: 2435.8, Max: 5888, Diff: 5888, Sum: 9743, Workers: 4
[1899.020s][debug][gc,phases      ] GC(170)   JNI Weak                       Min:  0.0, Avg:  0.0, Max:  0.0, Diff:  0.0, Sum:  0.0, Workers: 4
[1899.020s][debug][gc,phases      ] GC(170)     Dead                           Min: 0, Avg:  0.0, Max: 0, Diff: 0, Sum: 0, Workers: 4
[1899.020s][debug][gc,phases      ] GC(170)     Total                          Min: 0, Avg: 11.2, Max: 45, Diff: 45, Sum: 45, Workers: 4
[1899.020s][debug][gc,phases      ] GC(170)   StringDedup Table Weak         Min:  0.0, Avg:  0.0, Max:  0.0, Diff:  0.0, Sum:  0.0, Workers: 4
[1899.020s][debug][gc,phases      ] GC(170)     Dead                           Min: 0, Avg:  0.0, Max: 0, Diff: 0, Sum: 0, Workers: 4
[1899.020s][debug][gc,phases      ] GC(170)     Total                          Min: 0, Avg:  0.0, Max: 0, Diff: 0, Sum: 0, Workers: 4
[1899.020s][debug][gc,phases      ] GC(170)   StringDedup Requests0 Weak     Min:  0.0, Avg:  0.0, Max:  0.0, Diff:  0.0, Sum:  0.0, Workers: 4
[1899.020s][debug][gc,phases      ] GC(170)     Dead                           Min: 0, Avg:  0.0, Max: 0, Diff: 0, Sum: 0, Workers: 4
[1899.020s][debug][gc,phases      ] GC(170)     Total                          Min: 0, Avg:  0.0, Max: 0, Diff: 0, Sum: 0, Workers: 4
[1899.020s][debug][gc,phases      ] GC(170)   StringDedup Requests1 Weak     Min:  0.0, Avg:  0.0, Max:  0.0, Diff:  0.0, Sum:  0.0, Workers: 4
[1899.020s][debug][gc,phases      ] GC(170)     Dead                           Min: 0, Avg:  0.0, Max: 0, Diff: 0, Sum: 0, Workers: 4
[1899.020s][debug][gc,phases      ] GC(170)     Total                          Min: 0, Avg:  0.0, Max: 0, Diff: 0, Sum: 0, Workers: 4
[1899.020s][debug][gc,phases      ] GC(170)   Weak JFR Old Object Samples    Min:  0.0, Avg:  0.0, Max:  0.0, Diff:  0.0, Sum:  0.0, Workers: 4
[1899.020s][debug][gc,phases      ] GC(170)     Dead                           Min: 0, Avg:  0.0, Max: 0, Diff: 0, Sum: 0, Workers: 4
[1899.020s][debug][gc,phases      ] GC(170)     Total                          Min: 0, Avg:  0.0, Max: 0, Diff: 0, Sum: 0, Workers: 4
[1899.020s][debug][gc,phases      ] GC(170) Weak Processing 0.385ms
[1899.020s][debug][gc,age         ] GC(170) Desired survivor size 28311552 bytes, new threshold 15 (max threshold 15)
[1899.020s][info ][gc,heap        ] GC(170) PSYoungGen: 2037136K(2067456K)->1424K(2065408K) Eden: 2035712K(2035712K)->0K(2035712K) From: 1424K(31744K)->1424K(29696K)
[1899.020s][info ][gc,heap        ] GC(170) ParOldGen: 317086K(354304K)->317118K(354304K)
[1899.020s][info ][gc,metaspace   ] GC(170) Metaspace: 82989K(83840K)->82989K(83840K) NonClass: 70980K(71424K)->70980K(71424K) Class: 12009K(12416K)->12009K(12416K)
[1899.020s][info ][gc             ] GC(170) Pause Young (Allocation Failure) 2299M->311M(2363M) 4.750ms
[1899.020s][info ][gc,cpu         ] GC(170) User=0.00s Sys=0.00s Real=0.01s
[1899.020s][info ][safepoint      ] Safepoint "ParallelGCFailedAllocation", Time since last: 4700236704 ns, Reaching safepoint: 81200 ns, Cleanup: 30000 ns, At safepoint: 4830497 ns, Total: 4941697 ns
[1902.020s][info ][safepoint      ] Safepoint "Cleanup", Time since last: 3000216513 ns, Reaching safepoint: 3800 ns, Cleanup: 56600 ns, At safepoint: 4000 ns, Total: 64400 ns
[1909.816s][info ][gc,start       ] GC(171) Pause Young (Allocation Failure)
[1909.819s][debug][gc,phases      ] GC(171) Scavenge 2.787ms
[1909.819s][debug][gc,ref         ] GC(171) Skipped phase 1 of Reference Processing: no references
[1909.819s][debug][gc,ref         ] GC(171) ReferenceProcessor::execute queues: 1, RefProcThreadModel::Single, marks_oops_alive: false
[1909.819s][debug][gc,ref         ] GC(171) Skipped phase 3 of Reference Processing: no references
[1909.819s][debug][gc,ref         ] GC(171) Skipped phase 4 of Reference Processing: no references
[1909.819s][debug][gc,phases      ] GC(171) Reference Processing 0.087ms
[1909.819s][debug][gc,phases      ] GC(171)   VM Weak                        Min:  0.0, Avg:  0.0, Max:  0.0, Diff:  0.0, Sum:  0.0, Workers: 4
[1909.819s][debug][gc,phases      ] GC(171)     Dead                           Min: 0, Avg:  0.0, Max: 0, Diff: 0, Sum: 0, Workers: 4
[1909.819s][debug][gc,phases      ] GC(171)     Total                          Min: 0, Avg: 181.0, Max: 448, Diff: 448, Sum: 724, Workers: 4
[1909.819s][debug][gc,phases      ] GC(171)   ObjectSynchronizer Weak        Min:  0.0, Avg:  0.0, Max:  0.0, Diff:  0.0, Sum:  0.0, Workers: 4
[1909.819s][debug][gc,phases      ] GC(171)     Dead                           Min: 0, Avg:  0.0, Max: 0, Diff: 0, Sum: 0, Workers: 4
[1909.819s][debug][gc,phases      ] GC(171)     Total                          Min: 0, Avg:  1.2, Max: 5, Diff: 5, Sum: 5, Workers: 4
[1909.819s][debug][gc,phases      ] GC(171)   JVMTI Tag Weak OopStorage      Min:  0.0, Avg:  0.0, Max:  0.0, Diff:  0.0, Sum:  0.0, Workers: 4
[1909.819s][debug][gc,phases      ] GC(171)     Dead                           Min: 0, Avg:  0.0, Max: 0, Diff: 0, Sum: 0, Workers: 4
[1909.819s][debug][gc,phases      ] GC(171)     Total                          Min: 0, Avg:  0.0, Max: 0, Diff: 0, Sum: 0, Workers: 4
[1909.819s][debug][gc,phases      ] GC(171)   StringTable Weak               Min:  0.0, Avg:  0.1, Max:  0.2, Diff:  0.2, Sum:  0.3, Workers: 4
[1909.819s][debug][gc,phases      ] GC(171)     Dead                           Min: 0, Avg:  0.0, Max: 0, Diff: 0, Sum: 0, Workers: 4
[1909.819s][debug][gc,phases      ] GC(171)     Total                          Min: 0, Avg: 10906.8, Max: 26604, Diff: 26604, Sum: 43627, Workers: 4
[1909.819s][debug][gc,phases      ] GC(171)   ResolvedMethodTable Weak       Min:  0.0, Avg:  0.0, Max:  0.0, Diff:  0.0, Sum:  0.1, Workers: 4
[1909.819s][debug][gc,phases      ] GC(171)     Dead                           Min: 0, Avg:  0.0, Max: 0, Diff: 0, Sum: 0, Workers: 4
[1909.819s][debug][gc,phases      ] GC(171)     Total                          Min: 0, Avg: 2435.8, Max: 5760, Diff: 5760, Sum: 9743, Workers: 4
[1909.819s][debug][gc,phases      ] GC(171)   JNI Weak                       Min:  0.0, Avg:  0.0, Max:  0.0, Diff:  0.0, Sum:  0.0, Workers: 4
[1909.819s][debug][gc,phases      ] GC(171)     Dead                           Min: 0, Avg:  0.0, Max: 0, Diff: 0, Sum: 0, Workers: 4
[1909.819s][debug][gc,phases      ] GC(171)     Total                          Min: 0, Avg: 11.2, Max: 45, Diff: 45, Sum: 45, Workers: 4
[1909.819s][debug][gc,phases      ] GC(171)   StringDedup Table Weak         Min:  0.0, Avg:  0.0, Max:  0.0, Diff:  0.0, Sum:  0.0, Workers: 4
[1909.819s][debug][gc,phases      ] GC(171)     Dead                           Min: 0, Avg:  0.0, Max: 0, Diff: 0, Sum: 0, Workers: 4
[1909.819s][debug][gc,phases      ] GC(171)     Total                          Min: 0, Avg:  0.0, Max: 0, Diff: 0, Sum: 0, Workers: 4
[1909.819s][debug][gc,phases      ] GC(171)   StringDedup Requests0 Weak     Min:  0.0, Avg:  0.0, Max:  0.0, Diff:  0.0, Sum:  0.0, Workers: 4
[1909.819s][debug][gc,phases      ] GC(171)     Dead                           Min: 0, Avg:  0.0, Max: 0, Diff: 0, Sum: 0, Workers: 4
[1909.819s][debug][gc,phases      ] GC(171)     Total                          Min: 0, Avg:  0.0, Max: 0, Diff: 0, Sum: 0, Workers: 4
[1909.819s][debug][gc,phases      ] GC(171)   StringDedup Requests1 Weak     Min:  0.0, Avg:  0.0, Max:  0.0, Diff:  0.0, Sum:  0.0, Workers: 4
[1909.819s][debug][gc,phases      ] GC(171)     Dead                           Min: 0, Avg:  0.0, Max: 0, Diff: 0, Sum: 0, Workers: 4
[1909.819s][debug][gc,phases      ] GC(171)     Total                          Min: 0, Avg:  0.0, Max: 0, Diff: 0, Sum: 0, Workers: 4
[1909.819s][debug][gc,phases      ] GC(171)   Weak JFR Old Object Samples    Min:  0.0, Avg:  0.0, Max:  0.0, Diff:  0.0, Sum:  0.0, Workers: 4
[1909.819s][debug][gc,phases      ] GC(171)     Dead                           Min: 0, Avg:  0.0, Max: 0, Diff: 0, Sum: 0, Workers: 4
[1909.819s][debug][gc,phases      ] GC(171)     Total                          Min: 0, Avg:  0.0, Max: 0, Diff: 0, Sum: 0, Workers: 4
[1909.819s][debug][gc,phases      ] GC(171) Weak Processing 0.356ms
[1909.819s][debug][gc,age         ] GC(171) Desired survivor size 26214400 bytes, new threshold 15 (max threshold 15)
[1909.819s][info ][gc,heap        ] GC(171) PSYoungGen: 2037136K(2065408K)->1328K(2071552K) Eden: 2035712K(2035712K)->0K(2043904K) From: 1424K(29696K)->1328K(27648K)
[1909.819s][info ][gc,heap        ] GC(171) ParOldGen: 317118K(354304K)->317158K(354304K)
[1909.819s][info ][gc,metaspace   ] GC(171) Metaspace: 82993K(83840K)->82993K(83840K) NonClass: 70984K(71424K)->70984K(71424K) Class: 12009K(12416K)->12009K(12416K)
[1909.819s][info ][gc             ] GC(171) Pause Young (Allocation Failure) 2299M->311M(2369M) 3.327ms
[1909.819s][info ][gc,cpu         ] GC(171) User=0.01s Sys=0.00s Real=0.00s
[1909.819s][info ][safepoint      ] Safepoint "ParallelGCFailedAllocation", Time since last: 7795502398 ns, Reaching safepoint: 72500 ns, Cleanup: 23700 ns, At safepoint: 3394898 ns, Total: 3491098 ns
[1913.820s][info ][safepoint      ] Safepoint "Cleanup", Time since last: 4000285966 ns, Reaching safepoint: 4000 ns, Cleanup: 39400 ns, At safepoint: 2400 ns, Total: 45800 ns
[1920.768s][info ][gc,start       ] GC(172) Pause Young (Allocation Failure)
[1920.773s][debug][gc,phases      ] GC(172) Scavenge 4.701ms
[1920.773s][debug][gc,ref         ] GC(172) Skipped phase 1 of Reference Processing: no references
[1920.773s][debug][gc,ref         ] GC(172) ReferenceProcessor::execute queues: 1, RefProcThreadModel::Single, marks_oops_alive: false
[1920.773s][debug][gc,ref         ] GC(172) Skipped phase 3 of Reference Processing: no references
[1920.773s][debug][gc,ref         ] GC(172) Skipped phase 4 of Reference Processing: no references
[1920.773s][debug][gc,phases      ] GC(172) Reference Processing 0.113ms
[1920.773s][debug][gc,phases      ] GC(172)   VM Weak                        Min:  0.0, Avg:  0.0, Max:  0.0, Diff:  0.0, Sum:  0.0, Workers: 4
[1920.773s][debug][gc,phases      ] GC(172)     Dead                           Min: 0, Avg:  0.0, Max: 0, Diff: 0, Sum: 0, Workers: 4
[1920.773s][debug][gc,phases      ] GC(172)     Total                          Min: 0, Avg: 181.0, Max: 384, Diff: 384, Sum: 724, Workers: 4
[1920.773s][debug][gc,phases      ] GC(172)   ObjectSynchronizer Weak        Min:  0.0, Avg:  0.0, Max:  0.0, Diff:  0.0, Sum:  0.0, Workers: 4
[1920.773s][debug][gc,phases      ] GC(172)     Dead                           Min: 0, Avg:  0.0, Max: 0, Diff: 0, Sum: 0, Workers: 4
[1920.773s][debug][gc,phases      ] GC(172)     Total                          Min: 0, Avg:  1.0, Max: 4, Diff: 4, Sum: 4, Workers: 4
[1920.773s][debug][gc,phases      ] GC(172)   JVMTI Tag Weak OopStorage      Min:  0.0, Avg:  0.0, Max:  0.0, Diff:  0.0, Sum:  0.0, Workers: 4
[1920.773s][debug][gc,phases      ] GC(172)     Dead                           Min: 0, Avg:  0.0, Max: 0, Diff: 0, Sum: 0, Workers: 4
[1920.773s][debug][gc,phases      ] GC(172)     Total                          Min: 0, Avg:  0.0, Max: 0, Diff: 0, Sum: 0, Workers: 4
[1920.773s][debug][gc,phases      ] GC(172)   StringTable Weak               Min:  0.0, Avg:  0.1, Max:  0.2, Diff:  0.2, Sum:  0.4, Workers: 4
[1920.773s][debug][gc,phases      ] GC(172)     Dead                           Min: 0, Avg:  0.0, Max: 0, Diff: 0, Sum: 0, Workers: 4
[1920.773s][debug][gc,phases      ] GC(172)     Total                          Min: 0, Avg: 10906.8, Max: 22398, Diff: 22398, Sum: 43627, Workers: 4
[1920.773s][debug][gc,phases      ] GC(172)   ResolvedMethodTable Weak       Min:  0.0, Avg:  0.0, Max:  0.0, Diff:  0.0, Sum:  0.1, Workers: 4
[1920.773s][debug][gc,phases      ] GC(172)     Dead                           Min: 0, Avg:  0.0, Max: 0, Diff: 0, Sum: 0, Workers: 4
[1920.773s][debug][gc,phases      ] GC(172)     Total                          Min: 0, Avg: 2435.8, Max: 4992, Diff: 4992, Sum: 9743, Workers: 4
[1920.773s][debug][gc,phases      ] GC(172)   JNI Weak                       Min:  0.0, Avg:  0.0, Max:  0.0, Diff:  0.0, Sum:  0.0, Workers: 4
[1920.773s][debug][gc,phases      ] GC(172)     Dead                           Min: 0, Avg:  0.0, Max: 0, Diff: 0, Sum: 0, Workers: 4
[1920.773s][debug][gc,phases      ] GC(172)     Total                          Min: 0, Avg: 11.2, Max: 45, Diff: 45, Sum: 45, Workers: 4
[1920.773s][debug][gc,phases      ] GC(172)   StringDedup Table Weak         Min:  0.0, Avg:  0.0, Max:  0.0, Diff:  0.0, Sum:  0.0, Workers: 4
[1920.773s][debug][gc,phases      ] GC(172)     Dead                           Min: 0, Avg:  0.0, Max: 0, Diff: 0, Sum: 0, Workers: 4
[1920.773s][debug][gc,phases      ] GC(172)     Total                          Min: 0, Avg:  0.0, Max: 0, Diff: 0, Sum: 0, Workers: 4
[1920.773s][debug][gc,phases      ] GC(172)   StringDedup Requests0 Weak     Min:  0.0, Avg:  0.0, Max:  0.0, Diff:  0.0, Sum:  0.0, Workers: 4
[1920.773s][debug][gc,phases      ] GC(172)     Dead                           Min: 0, Avg:  0.0, Max: 0, Diff: 0, Sum: 0, Workers: 4
[1920.773s][debug][gc,phases      ] GC(172)     Total                          Min: 0, Avg:  0.0, Max: 0, Diff: 0, Sum: 0, Workers: 4
[1920.773s][debug][gc,phases      ] GC(172)   StringDedup Requests1 Weak     Min:  0.0, Avg:  0.0, Max:  0.0, Diff:  0.0, Sum:  0.0, Workers: 4
[1920.773s][debug][gc,phases      ] GC(172)     Dead                           Min: 0, Avg:  0.0, Max: 0, Diff: 0, Sum: 0, Workers: 4
[1920.773s][debug][gc,phases      ] GC(172)     Total                          Min: 0, Avg:  0.0, Max: 0, Diff: 0, Sum: 0, Workers: 4
[1920.773s][debug][gc,phases      ] GC(172)   Weak JFR Old Object Samples    Min:  0.0, Avg:  0.0, Max:  0.0, Diff:  0.0, Sum:  0.0, Workers: 4
[1920.773s][debug][gc,phases      ] GC(172)     Dead                           Min: 0, Avg:  0.0, Max: 0, Diff: 0, Sum: 0, Workers: 4
[1920.773s][debug][gc,phases      ] GC(172)     Total                          Min: 0, Avg:  0.0, Max: 0, Diff: 0, Sum: 0, Workers: 4
[1920.773s][debug][gc,phases      ] GC(172) Weak Processing 0.497ms
[1920.773s][debug][gc,age         ] GC(172) Desired survivor size 24641536 bytes, new threshold 15 (max threshold 15)
[1920.773s][info ][gc,heap        ] GC(172) PSYoungGen: 2045232K(2071552K)->1344K(2069504K) Eden: 2043904K(2043904K)->0K(2043904K) From: 1328K(27648K)->1344K(25600K)
[1920.773s][info ][gc,heap        ] GC(172) ParOldGen: 317158K(354304K)->317166K(354304K)
[1920.773s][info ][gc,metaspace   ] GC(172) Metaspace: 82994K(83840K)->82994K(83840K) NonClass: 70985K(71424K)->70985K(71424K) Class: 12009K(12416K)->12009K(12416K)
[1920.773s][info ][gc             ] GC(172) Pause Young (Allocation Failure) 2307M->311M(2367M) 5.453ms
[1920.773s][info ][gc,cpu         ] GC(172) User=0.00s Sys=0.00s Real=0.01s
[1920.773s][info ][safepoint      ] Safepoint "ParallelGCFailedAllocation", Time since last: 6948130887 ns, Reaching safepoint: 6300 ns, Cleanup: 25200 ns, At safepoint: 5528297 ns, Total: 5559797 ns
[1925.774s][info ][safepoint      ] Safepoint "Cleanup", Time since last: 5000335846 ns, Reaching safepoint: 4600 ns, Cleanup: 32800 ns, At safepoint: 2700 ns, Total: 40100 ns
[1930.774s][info ][safepoint      ] Safepoint "Cleanup", Time since last: 5000371746 ns, Reaching safepoint: 5700 ns, Cleanup: 49400 ns, At safepoint: 2800 ns, Total: 57900 ns
[1931.513s][info ][gc,start       ] GC(173) Pause Young (Allocation Failure)
[1931.517s][debug][gc,phases      ] GC(173) Scavenge 4.018ms
[1931.517s][debug][gc,ref         ] GC(173) Skipped phase 1 of Reference Processing: no references
[1931.517s][debug][gc,ref         ] GC(173) ReferenceProcessor::execute queues: 1, RefProcThreadModel::Single, marks_oops_alive: false
[1931.517s][debug][gc,ref         ] GC(173) Skipped phase 3 of Reference Processing: no references
[1931.517s][debug][gc,ref         ] GC(173) Skipped phase 4 of Reference Processing: no references
[1931.518s][debug][gc,phases      ] GC(173) Reference Processing 0.076ms
[1931.518s][debug][gc,phases      ] GC(173)   VM Weak                        Min:  0.0, Avg:  0.0, Max:  0.0, Diff:  0.0, Sum:  0.0, Workers: 4
[1931.518s][debug][gc,phases      ] GC(173)     Dead                           Min: 0, Avg:  0.0, Max: 0, Diff: 0, Sum: 0, Workers: 4
[1931.518s][debug][gc,phases      ] GC(173)     Total                          Min: 0, Avg: 181.0, Max: 384, Diff: 384, Sum: 724, Workers: 4
[1931.518s][debug][gc,phases      ] GC(173)   ObjectSynchronizer Weak        Min:  0.0, Avg:  0.0, Max:  0.0, Diff:  0.0, Sum:  0.0, Workers: 4
[1931.518s][debug][gc,phases      ] GC(173)     Dead                           Min: 0, Avg:  0.0, Max: 0, Diff: 0, Sum: 0, Workers: 4
[1931.518s][debug][gc,phases      ] GC(173)     Total                          Min: 0, Avg:  1.2, Max: 5, Diff: 5, Sum: 5, Workers: 4
[1931.518s][debug][gc,phases      ] GC(173)   JVMTI Tag Weak OopStorage      Min:  0.0, Avg:  0.0, Max:  0.0, Diff:  0.0, Sum:  0.0, Workers: 4
[1931.518s][debug][gc,phases      ] GC(173)     Dead                           Min: 0, Avg:  0.0, Max: 0, Diff: 0, Sum: 0, Workers: 4
[1931.518s][debug][gc,phases      ] GC(173)     Total                          Min: 0, Avg:  0.0, Max: 0, Diff: 0, Sum: 0, Workers: 4
[1931.518s][debug][gc,phases      ] GC(173)   StringTable Weak               Min:  0.0, Avg:  0.1, Max:  0.2, Diff:  0.2, Sum:  0.4, Workers: 4
[1931.518s][debug][gc,phases      ] GC(173)     Dead                           Min: 0, Avg:  0.0, Max: 0, Diff: 0, Sum: 0, Workers: 4
[1931.518s][debug][gc,phases      ] GC(173)     Total                          Min: 0, Avg: 10906.8, Max: 23104, Diff: 23104, Sum: 43627, Workers: 4
[1931.518s][debug][gc,phases      ] GC(173)   ResolvedMethodTable Weak       Min:  0.0, Avg:  0.0, Max:  0.0, Diff:  0.0, Sum:  0.1, Workers: 4
[1931.518s][debug][gc,phases      ] GC(173)     Dead                           Min: 0, Avg:  0.0, Max: 0, Diff: 0, Sum: 0, Workers: 4
[1931.518s][debug][gc,phases      ] GC(173)     Total                          Min: 0, Avg: 2435.8, Max: 4943, Diff: 4943, Sum: 9743, Workers: 4
[1931.518s][debug][gc,phases      ] GC(173)   JNI Weak                       Min:  0.0, Avg:  0.0, Max:  0.0, Diff:  0.0, Sum:  0.0, Workers: 4
[1931.518s][debug][gc,phases      ] GC(173)     Dead                           Min: 0, Avg:  0.0, Max: 0, Diff: 0, Sum: 0, Workers: 4
[1931.518s][debug][gc,phases      ] GC(173)     Total                          Min: 0, Avg: 11.2, Max: 45, Diff: 45, Sum: 45, Workers: 4
[1931.518s][debug][gc,phases      ] GC(173)   StringDedup Table Weak         Min:  0.0, Avg:  0.0, Max:  0.0, Diff:  0.0, Sum:  0.0, Workers: 4
[1931.518s][debug][gc,phases      ] GC(173)     Dead                           Min: 0, Avg:  0.0, Max: 0, Diff: 0, Sum: 0, Workers: 4
[1931.518s][debug][gc,phases      ] GC(173)     Total                          Min: 0, Avg:  0.0, Max: 0, Diff: 0, Sum: 0, Workers: 4
[1931.518s][debug][gc,phases      ] GC(173)   StringDedup Requests0 Weak     Min:  0.0, Avg:  0.0, Max:  0.0, Diff:  0.0, Sum:  0.0, Workers: 4
[1931.518s][debug][gc,phases      ] GC(173)     Dead                           Min: 0, Avg:  0.0, Max: 0, Diff: 0, Sum: 0, Workers: 4
[1931.518s][debug][gc,phases      ] GC(173)     Total                          Min: 0, Avg:  0.0, Max: 0, Diff: 0, Sum: 0, Workers: 4
[1931.518s][debug][gc,phases      ] GC(173)   StringDedup Requests1 Weak     Min:  0.0, Avg:  0.0, Max:  0.0, Diff:  0.0, Sum:  0.0, Workers: 4
[1931.518s][debug][gc,phases      ] GC(173)     Dead                           Min: 0, Avg:  0.0, Max: 0, Diff: 0, Sum: 0, Workers: 4
[1931.518s][debug][gc,phases      ] GC(173)     Total                          Min: 0, Avg:  0.0, Max: 0, Diff: 0, Sum: 0, Workers: 4
[1931.518s][debug][gc,phases      ] GC(173)   Weak JFR Old Object Samples    Min:  0.0, Avg:  0.0, Max:  0.0, Diff:  0.0, Sum:  0.0, Workers: 4
[1931.518s][debug][gc,phases      ] GC(173)     Dead                           Min: 0, Avg:  0.0, Max: 0, Diff: 0, Sum: 0, Workers: 4
[1931.518s][debug][gc,phases      ] GC(173)     Total                          Min: 0, Avg:  0.0, Max: 0, Diff: 0, Sum: 0, Workers: 4
[1931.518s][debug][gc,phases      ] GC(173) Weak Processing 0.393ms
[1931.518s][debug][gc,age         ] GC(173) Desired survivor size 23068672 bytes, new threshold 15 (max threshold 15)
[1931.518s][info ][gc,heap        ] GC(173) PSYoungGen: 2045248K(2069504K)->1360K(2074624K) Eden: 2043904K(2043904K)->0K(2050560K) From: 1344K(25600K)->1360K(24064K)
[1931.518s][info ][gc,heap        ] GC(173) ParOldGen: 317166K(354304K)->317174K(354304K)
[1931.518s][info ][gc,metaspace   ] GC(173) Metaspace: 82998K(83904K)->82998K(83904K) NonClass: 70988K(71488K)->70988K(71488K) Class: 12009K(12416K)->12009K(12416K)
[1931.518s][info ][gc             ] GC(173) Pause Young (Allocation Failure) 2307M->311M(2372M) 4.578ms
[1931.518s][info ][gc,cpu         ] GC(173) User=0.01s Sys=0.00s Real=0.00s
[1931.518s][info ][safepoint      ] Safepoint "ParallelGCFailedAllocation", Time since last: 739118063 ns, Reaching safepoint: 4400 ns, Cleanup: 32200 ns, At safepoint: 4635597 ns, Total: 4672197 ns
[1932.518s][info ][safepoint      ] Safepoint "Cleanup", Time since last: 1000090228 ns, Reaching safepoint: 76900 ns, Cleanup: 32300 ns, At safepoint: 6800 ns, Total: 116000 ns
[1934.518s][info ][safepoint      ] Safepoint "Cleanup", Time since last: 2000181819 ns, Reaching safepoint: 85800 ns, Cleanup: 35200 ns, At safepoint: 13700 ns, Total: 134700 ns
[1935.519s][info ][safepoint      ] Safepoint "Cleanup", Time since last: 1000131060 ns, Reaching safepoint: 81100 ns, Cleanup: 37900 ns, At safepoint: 3800 ns, Total: 122800 ns
[1941.963s][info ][gc,start       ] GC(174) Pause Young (Allocation Failure)
[1941.967s][debug][gc,phases      ] GC(174) Scavenge 3.820ms
[1941.967s][debug][gc,ref         ] GC(174) Skipped phase 1 of Reference Processing: no references
[1941.967s][debug][gc,ref         ] GC(174) ReferenceProcessor::execute queues: 1, RefProcThreadModel::Single, marks_oops_alive: false
[1941.967s][debug][gc,ref         ] GC(174) Skipped phase 3 of Reference Processing: no references
[1941.967s][debug][gc,ref         ] GC(174) Skipped phase 4 of Reference Processing: no references
[1941.967s][debug][gc,phases      ] GC(174) Reference Processing 0.113ms
[1941.968s][debug][gc,phases      ] GC(174)   VM Weak                        Min:  0.0, Avg:  0.0, Max:  0.0, Diff:  0.0, Sum:  0.0, Workers: 4
[1941.968s][debug][gc,phases      ] GC(174)     Dead                           Min: 0, Avg:  0.0, Max: 0, Diff: 0, Sum: 0, Workers: 4
[1941.968s][debug][gc,phases      ] GC(174)     Total                          Min: 0, Avg: 181.0, Max: 448, Diff: 448, Sum: 724, Workers: 4
[1941.968s][debug][gc,phases      ] GC(174)   ObjectSynchronizer Weak        Min:  0.0, Avg:  0.0, Max:  0.0, Diff:  0.0, Sum:  0.0, Workers: 4
[1941.968s][debug][gc,phases      ] GC(174)     Dead                           Min: 0, Avg:  0.0, Max: 0, Diff: 0, Sum: 0, Workers: 4
[1941.968s][debug][gc,phases      ] GC(174)     Total                          Min: 0, Avg:  1.2, Max: 5, Diff: 5, Sum: 5, Workers: 4
[1941.968s][debug][gc,phases      ] GC(174)   JVMTI Tag Weak OopStorage      Min:  0.0, Avg:  0.0, Max:  0.0, Diff:  0.0, Sum:  0.0, Workers: 4
[1941.968s][debug][gc,phases      ] GC(174)     Dead                           Min: 0, Avg:  0.0, Max: 0, Diff: 0, Sum: 0, Workers: 4
[1941.968s][debug][gc,phases      ] GC(174)     Total                          Min: 0, Avg:  0.0, Max: 0, Diff: 0, Sum: 0, Workers: 4
[1941.968s][debug][gc,phases      ] GC(174)   StringTable Weak               Min:  0.0, Avg:  0.1, Max:  0.2, Diff:  0.2, Sum:  0.4, Workers: 4
[1941.968s][debug][gc,phases      ] GC(174)     Dead                           Min: 0, Avg:  0.0, Max: 0, Diff: 0, Sum: 0, Workers: 4
[1941.968s][debug][gc,phases      ] GC(174)     Total                          Min: 0, Avg: 10906.8, Max: 22464, Diff: 22464, Sum: 43627, Workers: 4
[1941.968s][debug][gc,phases      ] GC(174)   ResolvedMethodTable Weak       Min:  0.0, Avg:  0.0, Max:  0.0, Diff:  0.0, Sum:  0.1, Workers: 4
[1941.968s][debug][gc,phases      ] GC(174)     Dead                           Min: 0, Avg:  0.0, Max: 0, Diff: 0, Sum: 0, Workers: 4
[1941.968s][debug][gc,phases      ] GC(174)     Total                          Min: 0, Avg: 2435.8, Max: 4992, Diff: 4992, Sum: 9743, Workers: 4
[1941.968s][debug][gc,phases      ] GC(174)   JNI Weak                       Min:  0.0, Avg:  0.0, Max:  0.0, Diff:  0.0, Sum:  0.0, Workers: 4
[1941.968s][debug][gc,phases      ] GC(174)     Dead                           Min: 0, Avg:  0.0, Max: 0, Diff: 0, Sum: 0, Workers: 4
[1941.968s][debug][gc,phases      ] GC(174)     Total                          Min: 0, Avg: 11.2, Max: 45, Diff: 45, Sum: 45, Workers: 4
[1941.968s][debug][gc,phases      ] GC(174)   StringDedup Table Weak         Min:  0.0, Avg:  0.0, Max:  0.0, Diff:  0.0, Sum:  0.0, Workers: 4
[1941.968s][debug][gc,phases      ] GC(174)     Dead                           Min: 0, Avg:  0.0, Max: 0, Diff: 0, Sum: 0, Workers: 4
[1941.968s][debug][gc,phases      ] GC(174)     Total                          Min: 0, Avg:  0.0, Max: 0, Diff: 0, Sum: 0, Workers: 4
[1941.968s][debug][gc,phases      ] GC(174)   StringDedup Requests0 Weak     Min:  0.0, Avg:  0.0, Max:  0.0, Diff:  0.0, Sum:  0.0, Workers: 4
[1941.968s][debug][gc,phases      ] GC(174)     Dead                           Min: 0, Avg:  0.0, Max: 0, Diff: 0, Sum: 0, Workers: 4
[1941.968s][debug][gc,phases      ] GC(174)     Total                          Min: 0, Avg:  0.0, Max: 0, Diff: 0, Sum: 0, Workers: 4
[1941.968s][debug][gc,phases      ] GC(174)   StringDedup Requests1 Weak     Min:  0.0, Avg:  0.0, Max:  0.0, Diff:  0.0, Sum:  0.0, Workers: 4
[1941.968s][debug][gc,phases      ] GC(174)     Dead                           Min: 0, Avg:  0.0, Max: 0, Diff: 0, Sum: 0, Workers: 4
[1941.968s][debug][gc,phases      ] GC(174)     Total                          Min: 0, Avg:  0.0, Max: 0, Diff: 0, Sum: 0, Workers: 4
[1941.968s][debug][gc,phases      ] GC(174)   Weak JFR Old Object Samples    Min:  0.0, Avg:  0.0, Max:  0.0, Diff:  0.0, Sum:  0.0, Workers: 4
[1941.968s][debug][gc,phases      ] GC(174)     Dead                           Min: 0, Avg:  0.0, Max: 0, Diff: 0, Sum: 0, Workers: 4
[1941.968s][debug][gc,phases      ] GC(174)     Total                          Min: 0, Avg:  0.0, Max: 0, Diff: 0, Sum: 0, Workers: 4
[1941.968s][debug][gc,phases      ] GC(174) Weak Processing 0.501ms
[1941.968s][debug][gc,age         ] GC(174) Desired survivor size 21495808 bytes, new threshold 15 (max threshold 15)
[1941.968s][info ][gc,heap        ] GC(174) PSYoungGen: 2051920K(2074624K)->1264K(2073088K) Eden: 2050560K(2050560K)->0K(2050560K) From: 1360K(24064K)->1264K(22528K)
[1941.968s][info ][gc,heap        ] GC(174) ParOldGen: 317174K(354304K)->317182K(354304K)
[1941.968s][info ][gc,metaspace   ] GC(174) Metaspace: 83000K(83904K)->83000K(83904K) NonClass: 70991K(71488K)->70991K(71488K) Class: 12009K(12416K)->12009K(12416K)
[1941.968s][info ][gc             ] GC(174) Pause Young (Allocation Failure) 2313M->310M(2370M) 4.548ms
[1941.968s][info ][gc,cpu         ] GC(174) User=0.01s Sys=0.00s Real=0.01s
[1941.968s][info ][safepoint      ] Safepoint "ParallelGCFailedAllocation", Time since last: 6444593370 ns, Reaching safepoint: 5100 ns, Cleanup: 32400 ns, At safepoint: 4619298 ns, Total: 4656798 ns
[1944.968s][info ][safepoint      ] Safepoint "Cleanup", Time since last: 3000214400 ns, Reaching safepoint: 4300 ns, Cleanup: 34300 ns, At safepoint: 2700 ns, Total: 41300 ns
[1945.968s][info ][safepoint      ] Safepoint "Cleanup", Time since last: 1000112334 ns, Reaching safepoint: 73100 ns, Cleanup: 32100 ns, At safepoint: 9900 ns, Total: 115100 ns
[1950.969s][info ][safepoint      ] Safepoint "Cleanup", Time since last: 5000374226 ns, Reaching safepoint: 5200 ns, Cleanup: 44500 ns, At safepoint: 7800 ns, Total: 57500 ns
[1952.812s][info ][gc,start       ] GC(175) Pause Young (Allocation Failure)
[1952.818s][debug][gc,phases      ] GC(175) Scavenge 5.879ms
[1952.818s][debug][gc,ref         ] GC(175) Skipped phase 1 of Reference Processing: no references
[1952.818s][debug][gc,ref         ] GC(175) ReferenceProcessor::execute queues: 1, RefProcThreadModel::Single, marks_oops_alive: false
[1952.818s][debug][gc,ref         ] GC(175) Skipped phase 3 of Reference Processing: no references
[1952.818s][debug][gc,ref         ] GC(175) Skipped phase 4 of Reference Processing: no references
[1952.818s][debug][gc,phases      ] GC(175) Reference Processing 0.099ms
[1952.819s][debug][gc,phases      ] GC(175)   VM Weak                        Min:  0.0, Avg:  0.0, Max:  0.0, Diff:  0.0, Sum:  0.0, Workers: 4
[1952.819s][debug][gc,phases      ] GC(175)     Dead                           Min: 0, Avg:  0.0, Max: 0, Diff: 0, Sum: 0, Workers: 4
[1952.819s][debug][gc,phases      ] GC(175)     Total                          Min: 0, Avg: 181.0, Max: 640, Diff: 640, Sum: 724, Workers: 4
[1952.819s][debug][gc,phases      ] GC(175)   ObjectSynchronizer Weak        Min:  0.0, Avg:  0.0, Max:  0.0, Diff:  0.0, Sum:  0.0, Workers: 4
[1952.819s][debug][gc,phases      ] GC(175)     Dead                           Min: 0, Avg:  0.0, Max: 0, Diff: 0, Sum: 0, Workers: 4
[1952.819s][debug][gc,phases      ] GC(175)     Total                          Min: 0, Avg:  1.8, Max: 7, Diff: 7, Sum: 7, Workers: 4
[1952.819s][debug][gc,phases      ] GC(175)   JVMTI Tag Weak OopStorage      Min:  0.0, Avg:  0.0, Max:  0.0, Diff:  0.0, Sum:  0.0, Workers: 4
[1952.819s][debug][gc,phases      ] GC(175)     Dead                           Min: 0, Avg:  0.0, Max: 0, Diff: 0, Sum: 0, Workers: 4
[1952.819s][debug][gc,phases      ] GC(175)     Total                          Min: 0, Avg:  0.0, Max: 0, Diff: 0, Sum: 0, Workers: 4
[1952.819s][debug][gc,phases      ] GC(175)   StringTable Weak               Min:  0.0, Avg:  0.1, Max:  0.2, Diff:  0.2, Sum:  0.3, Workers: 4
[1952.819s][debug][gc,phases      ] GC(175)     Dead                           Min: 0, Avg:  0.0, Max: 0, Diff: 0, Sum: 0, Workers: 4
[1952.819s][debug][gc,phases      ] GC(175)     Total                          Min: 0, Avg: 10907.0, Max: 25918, Diff: 25918, Sum: 43628, Workers: 4
[1952.819s][debug][gc,phases      ] GC(175)   ResolvedMethodTable Weak       Min:  0.0, Avg:  0.0, Max:  0.0, Diff:  0.0, Sum:  0.1, Workers: 4
[1952.819s][debug][gc,phases      ] GC(175)     Dead                           Min: 0, Avg:  0.0, Max: 0, Diff: 0, Sum: 0, Workers: 4
[1952.819s][debug][gc,phases      ] GC(175)     Total                          Min: 0, Avg: 2435.8, Max: 5775, Diff: 5775, Sum: 9743, Workers: 4
[1952.819s][debug][gc,phases      ] GC(175)   JNI Weak                       Min:  0.0, Avg:  0.0, Max:  0.0, Diff:  0.0, Sum:  0.0, Workers: 4
[1952.819s][debug][gc,phases      ] GC(175)     Dead                           Min: 0, Avg:  0.0, Max: 0, Diff: 0, Sum: 0, Workers: 4
[1952.819s][debug][gc,phases      ] GC(175)     Total                          Min: 0, Avg: 11.2, Max: 45, Diff: 45, Sum: 45, Workers: 4
[1952.819s][debug][gc,phases      ] GC(175)   StringDedup Table Weak         Min:  0.0, Avg:  0.0, Max:  0.0, Diff:  0.0, Sum:  0.0, Workers: 4
[1952.819s][debug][gc,phases      ] GC(175)     Dead                           Min: 0, Avg:  0.0, Max: 0, Diff: 0, Sum: 0, Workers: 4
[1952.819s][debug][gc,phases      ] GC(175)     Total                          Min: 0, Avg:  0.0, Max: 0, Diff: 0, Sum: 0, Workers: 4
[1952.819s][debug][gc,phases      ] GC(175)   StringDedup Requests0 Weak     Min:  0.0, Avg:  0.0, Max:  0.0, Diff:  0.0, Sum:  0.0, Workers: 4
[1952.819s][debug][gc,phases      ] GC(175)     Dead                           Min: 0, Avg:  0.0, Max: 0, Diff: 0, Sum: 0, Workers: 4
[1952.819s][debug][gc,phases      ] GC(175)     Total                          Min: 0, Avg:  0.0, Max: 0, Diff: 0, Sum: 0, Workers: 4
[1952.819s][debug][gc,phases      ] GC(175)   StringDedup Requests1 Weak     Min:  0.0, Avg:  0.0, Max:  0.0, Diff:  0.0, Sum:  0.0, Workers: 4
[1952.819s][debug][gc,phases      ] GC(175)     Dead                           Min: 0, Avg:  0.0, Max: 0, Diff: 0, Sum: 0, Workers: 4
[1952.819s][debug][gc,phases      ] GC(175)     Total                          Min: 0, Avg:  0.0, Max: 0, Diff: 0, Sum: 0, Workers: 4
[1952.819s][debug][gc,phases      ] GC(175)   Weak JFR Old Object Samples    Min:  0.0, Avg:  0.0, Max:  0.0, Diff:  0.0, Sum:  0.0, Workers: 4
[1952.819s][debug][gc,phases      ] GC(175)     Dead                           Min: 0, Avg:  0.0, Max: 0, Diff: 0, Sum: 0, Workers: 4
[1952.819s][debug][gc,phases      ] GC(175)     Total                          Min: 0, Avg:  0.0, Max: 0, Diff: 0, Sum: 0, Workers: 4
[1952.819s][debug][gc,phases      ] GC(175) Weak Processing 0.357ms
[1952.819s][debug][gc,age         ] GC(175) Desired survivor size 19922944 bytes, new threshold 15 (max threshold 15)
[1952.819s][info ][gc,heap        ] GC(175) PSYoungGen: 2051824K(2073088K)->1808K(2077696K) Eden: 2050560K(2050560K)->0K(2056704K) From: 1264K(22528K)->1808K(20992K)
[1952.819s][info ][gc,heap        ] GC(175) ParOldGen: 317182K(354304K)->317198K(354304K)
[1952.819s][info ][gc,metaspace   ] GC(175) Metaspace: 83018K(83904K)->83018K(83904K) NonClass: 71008K(71488K)->71008K(71488K) Class: 12009K(12416K)->12009K(12416K)
[1952.819s][info ][gc             ] GC(175) Pause Young (Allocation Failure) 2313M->311M(2375M) 6.446ms
[1952.819s][info ][gc,cpu         ] GC(175) User=0.02s Sys=0.00s Real=0.00s
[1952.819s][info ][safepoint      ] Safepoint "ParallelGCFailedAllocation", Time since last: 1843405093 ns, Reaching safepoint: 4800 ns, Cleanup: 26600 ns, At safepoint: 6511997 ns, Total: 6543397 ns
[1961.820s][info ][safepoint      ] Safepoint "Cleanup", Time since last: 9000624543 ns, Reaching safepoint: 4200 ns, Cleanup: 32900 ns, At safepoint: 17699 ns, Total: 54799 ns
[1966.210s][info ][gc,start       ] GC(176) Pause Young (Allocation Failure)
[1966.214s][debug][gc,phases      ] GC(176) Scavenge 3.766ms
[1966.214s][debug][gc,ref         ] GC(176) Skipped phase 1 of Reference Processing: no references
[1966.214s][debug][gc,ref         ] GC(176) ReferenceProcessor::execute queues: 1, RefProcThreadModel::Single, marks_oops_alive: false
[1966.214s][debug][gc,ref         ] GC(176) Skipped phase 3 of Reference Processing: no references
[1966.214s][debug][gc,ref         ] GC(176) Skipped phase 4 of Reference Processing: no references
[1966.214s][debug][gc,phases      ] GC(176) Reference Processing 0.090ms
[1966.214s][debug][gc,phases      ] GC(176)   VM Weak                        Min:  0.0, Avg:  0.0, Max:  0.0, Diff:  0.0, Sum:  0.0, Workers: 4
[1966.214s][debug][gc,phases      ] GC(176)     Dead                           Min: 0, Avg:  0.0, Max: 0, Diff: 0, Sum: 0, Workers: 4
[1966.214s][debug][gc,phases      ] GC(176)     Total                          Min: 0, Avg: 181.0, Max: 576, Diff: 576, Sum: 724, Workers: 4
[1966.214s][debug][gc,phases      ] GC(176)   ObjectSynchronizer Weak        Min:  0.0, Avg:  0.0, Max:  0.0, Diff:  0.0, Sum:  0.0, Workers: 4
[1966.214s][debug][gc,phases      ] GC(176)     Dead                           Min: 0, Avg:  0.0, Max: 0, Diff: 0, Sum: 0, Workers: 4
[1966.214s][debug][gc,phases      ] GC(176)     Total                          Min: 0, Avg:  1.8, Max: 7, Diff: 7, Sum: 7, Workers: 4
[1966.214s][debug][gc,phases      ] GC(176)   JVMTI Tag Weak OopStorage      Min:  0.0, Avg:  0.0, Max:  0.0, Diff:  0.0, Sum:  0.0, Workers: 4
[1966.214s][debug][gc,phases      ] GC(176)     Dead                           Min: 0, Avg:  0.0, Max: 0, Diff: 0, Sum: 0, Workers: 4
[1966.214s][debug][gc,phases      ] GC(176)     Total                          Min: 0, Avg:  0.0, Max: 0, Diff: 0, Sum: 0, Workers: 4
[1966.214s][debug][gc,phases      ] GC(176)   StringTable Weak               Min:  0.0, Avg:  0.1, Max:  0.2, Diff:  0.2, Sum:  0.3, Workers: 4
[1966.214s][debug][gc,phases      ] GC(176)     Dead                           Min: 0, Avg:  0.0, Max: 0, Diff: 0, Sum: 0, Workers: 4
[1966.214s][debug][gc,phases      ] GC(176)     Total                          Min: 0, Avg: 10907.0, Max: 25918, Diff: 25918, Sum: 43628, Workers: 4
[1966.214s][debug][gc,phases      ] GC(176)   ResolvedMethodTable Weak       Min:  0.0, Avg:  0.0, Max:  0.0, Diff:  0.0, Sum:  0.1, Workers: 4
[1966.214s][debug][gc,phases      ] GC(176)     Dead                           Min: 0, Avg:  0.0, Max: 0, Diff: 0, Sum: 0, Workers: 4
[1966.214s][debug][gc,phases      ] GC(176)     Total                          Min: 0, Avg: 2435.8, Max: 5903, Diff: 5903, Sum: 9743, Workers: 4
[1966.214s][debug][gc,phases      ] GC(176)   JNI Weak                       Min:  0.0, Avg:  0.0, Max:  0.0, Diff:  0.0, Sum:  0.0, Workers: 4
[1966.214s][debug][gc,phases      ] GC(176)     Dead                           Min: 0, Avg:  0.0, Max: 0, Diff: 0, Sum: 0, Workers: 4
[1966.214s][debug][gc,phases      ] GC(176)     Total                          Min: 0, Avg: 11.2, Max: 45, Diff: 45, Sum: 45, Workers: 4
[1966.214s][debug][gc,phases      ] GC(176)   StringDedup Table Weak         Min:  0.0, Avg:  0.0, Max:  0.0, Diff:  0.0, Sum:  0.0, Workers: 4
[1966.214s][debug][gc,phases      ] GC(176)     Dead                           Min: 0, Avg:  0.0, Max: 0, Diff: 0, Sum: 0, Workers: 4
[1966.214s][debug][gc,phases      ] GC(176)     Total                          Min: 0, Avg:  0.0, Max: 0, Diff: 0, Sum: 0, Workers: 4
[1966.214s][debug][gc,phases      ] GC(176)   StringDedup Requests0 Weak     Min:  0.0, Avg:  0.0, Max:  0.0, Diff:  0.0, Sum:  0.0, Workers: 4
[1966.214s][debug][gc,phases      ] GC(176)     Dead                           Min: 0, Avg:  0.0, Max: 0, Diff: 0, Sum: 0, Workers: 4
[1966.214s][debug][gc,phases      ] GC(176)     Total                          Min: 0, Avg:  0.0, Max: 0, Diff: 0, Sum: 0, Workers: 4
[1966.214s][debug][gc,phases      ] GC(176)   StringDedup Requests1 Weak     Min:  0.0, Avg:  0.0, Max:  0.0, Diff:  0.0, Sum:  0.0, Workers: 4
[1966.214s][debug][gc,phases      ] GC(176)     Dead                           Min: 0, Avg:  0.0, Max: 0, Diff: 0, Sum: 0, Workers: 4
[1966.214s][debug][gc,phases      ] GC(176)     Total                          Min: 0, Avg:  0.0, Max: 0, Diff: 0, Sum: 0, Workers: 4
[1966.214s][debug][gc,phases      ] GC(176)   Weak JFR Old Object Samples    Min:  0.0, Avg:  0.0, Max:  0.0, Diff:  0.0, Sum:  0.0, Workers: 4
[1966.214s][debug][gc,phases      ] GC(176)     Dead                           Min: 0, Avg:  0.0, Max: 0, Diff: 0, Sum: 0, Workers: 4
[1966.214s][debug][gc,phases      ] GC(176)     Total                          Min: 0, Avg:  0.0, Max: 0, Diff: 0, Sum: 0, Workers: 4
[1966.214s][debug][gc,phases      ] GC(176) Weak Processing 0.352ms
[1966.214s][debug][gc,age         ] GC(176) Desired survivor size 18350080 bytes, new threshold 15 (max threshold 15)
[1966.214s][info ][gc,heap        ] GC(176) PSYoungGen: 2058512K(2077696K)->1808K(2076160K) Eden: 2056704K(2056704K)->0K(2056704K) From: 1808K(20992K)->1808K(19456K)
[1966.214s][info ][gc,heap        ] GC(176) ParOldGen: 317198K(354304K)->317246K(354304K)
[1966.214s][info ][gc,metaspace   ] GC(176) Metaspace: 83018K(83904K)->83018K(83904K) NonClass: 71008K(71488K)->71008K(71488K) Class: 12009K(12416K)->12009K(12416K)
[1966.214s][info ][gc             ] GC(176) Pause Young (Allocation Failure) 2320M->311M(2373M) 4.300ms
[1966.214s][info ][gc,cpu         ] GC(176) User=0.00s Sys=0.00s Real=0.00s
[1966.214s][info ][safepoint      ] Safepoint "ParallelGCFailedAllocation", Time since last: 4390181635 ns, Reaching safepoint: 4600 ns, Cleanup: 34800 ns, At safepoint: 4395297 ns, Total: 4434697 ns
[1968.481s][info ][safepoint      ] Safepoint "Cleanup", Time since last: 2267156018 ns, Reaching safepoint: 76500 ns, Cleanup: 27200 ns, At safepoint: 11000 ns, Total: 114700 ns
[1970.452s][info ][safepoint      ] Safepoint "Cleanup", Time since last: 1970459473 ns, Reaching safepoint: 16400 ns, Cleanup: 154199 ns, At safepoint: 3100 ns, Total: 173699 ns
[1970.974s][info ][gc,start       ] GC(177) Pause Young (Allocation Failure)
[1971.024s][debug][gc,phases      ] GC(177) Scavenge 50.012ms
[1971.024s][debug][gc,ref         ] GC(177) Skipped phase 1 of Reference Processing: no references
[1971.024s][debug][gc,ref         ] GC(177) ReferenceProcessor::execute queues: 1, RefProcThreadModel::Single, marks_oops_alive: false
[1971.024s][debug][gc,ref         ] GC(177) Skipped phase 3 of Reference Processing: no references
[1971.024s][debug][gc,ref         ] GC(177) ReferenceProcessor::execute queues: 1, RefProcThreadModel::Single, marks_oops_alive: false
[1971.024s][debug][gc,phases      ] GC(177) Reference Processing 0.096ms
[1971.024s][debug][gc,phases      ] GC(177)   VM Weak                        Min:  0.0, Avg:  0.0, Max:  0.0, Diff:  0.0, Sum:  0.0, Workers: 4
[1971.024s][debug][gc,phases      ] GC(177)     Dead                           Min: 0, Avg:  0.0, Max: 0, Diff: 0, Sum: 0, Workers: 4
[1971.024s][debug][gc,phases      ] GC(177)     Total                          Min: 0, Avg: 181.0, Max: 384, Diff: 384, Sum: 724, Workers: 4
[1971.024s][debug][gc,phases      ] GC(177)   ObjectSynchronizer Weak        Min:  0.0, Avg:  0.0, Max:  0.0, Diff:  0.0, Sum:  0.0, Workers: 4
[1971.024s][debug][gc,phases      ] GC(177)     Dead                           Min: 0, Avg:  0.0, Max: 0, Diff: 0, Sum: 0, Workers: 4
[1971.024s][debug][gc,phases      ] GC(177)     Total                          Min: 0, Avg:  1.8, Max: 7, Diff: 7, Sum: 7, Workers: 4
[1971.024s][debug][gc,phases      ] GC(177)   JVMTI Tag Weak OopStorage      Min:  0.0, Avg:  0.0, Max:  0.0, Diff:  0.0, Sum:  0.0, Workers: 4
[1971.024s][debug][gc,phases      ] GC(177)     Dead                           Min: 0, Avg:  0.0, Max: 0, Diff: 0, Sum: 0, Workers: 4
[1971.024s][debug][gc,phases      ] GC(177)     Total                          Min: 0, Avg:  0.0, Max: 0, Diff: 0, Sum: 0, Workers: 4
[1971.024s][debug][gc,phases      ] GC(177)   StringTable Weak               Min:  0.0, Avg:  0.1, Max:  0.1, Diff:  0.1, Sum:  0.4, Workers: 4
[1971.024s][debug][gc,phases      ] GC(177)     Dead                           Min: 0, Avg:  0.2, Max: 1, Diff: 1, Sum: 1, Workers: 4
[1971.024s][debug][gc,phases      ] GC(177)     Total                          Min: 0, Avg: 10911.0, Max: 15104, Diff: 15104, Sum: 43644, Workers: 4
[1971.024s][debug][gc,phases      ] GC(177)   ResolvedMethodTable Weak       Min:  0.0, Avg:  0.0, Max:  0.0, Diff:  0.0, Sum:  0.1, Workers: 4
[1971.024s][debug][gc,phases      ] GC(177)     Dead                           Min: 0, Avg:  0.0, Max: 0, Diff: 0, Sum: 0, Workers: 4
[1971.024s][debug][gc,phases      ] GC(177)     Total                          Min: 0, Avg: 2437.0, Max: 3392, Diff: 3392, Sum: 9748, Workers: 4
[1971.024s][debug][gc,phases      ] GC(177)   JNI Weak                       Min:  0.0, Avg:  0.0, Max:  0.0, Diff:  0.0, Sum:  0.0, Workers: 4
[1971.024s][debug][gc,phases      ] GC(177)     Dead                           Min: 0, Avg:  0.0, Max: 0, Diff: 0, Sum: 0, Workers: 4
[1971.024s][debug][gc,phases      ] GC(177)     Total                          Min: 0, Avg: 11.2, Max: 45, Diff: 45, Sum: 45, Workers: 4
[1971.024s][debug][gc,phases      ] GC(177)   StringDedup Table Weak         Min:  0.0, Avg:  0.0, Max:  0.0, Diff:  0.0, Sum:  0.0, Workers: 4
[1971.024s][debug][gc,phases      ] GC(177)     Dead                           Min: 0, Avg:  0.0, Max: 0, Diff: 0, Sum: 0, Workers: 4
[1971.024s][debug][gc,phases      ] GC(177)     Total                          Min: 0, Avg:  0.0, Max: 0, Diff: 0, Sum: 0, Workers: 4
[1971.024s][debug][gc,phases      ] GC(177)   StringDedup Requests0 Weak     Min:  0.0, Avg:  0.0, Max:  0.0, Diff:  0.0, Sum:  0.0, Workers: 4
[1971.024s][debug][gc,phases      ] GC(177)     Dead                           Min: 0, Avg:  0.0, Max: 0, Diff: 0, Sum: 0, Workers: 4
[1971.024s][debug][gc,phases      ] GC(177)     Total                          Min: 0, Avg:  0.0, Max: 0, Diff: 0, Sum: 0, Workers: 4
[1971.024s][debug][gc,phases      ] GC(177)   StringDedup Requests1 Weak     Min:  0.0, Avg:  0.0, Max:  0.0, Diff:  0.0, Sum:  0.0, Workers: 4
[1971.024s][debug][gc,phases      ] GC(177)     Dead                           Min: 0, Avg:  0.0, Max: 0, Diff: 0, Sum: 0, Workers: 4
[1971.024s][debug][gc,phases      ] GC(177)     Total                          Min: 0, Avg:  0.0, Max: 0, Diff: 0, Sum: 0, Workers: 4
[1971.024s][debug][gc,phases      ] GC(177)   Weak JFR Old Object Samples    Min:  0.0, Avg:  0.0, Max:  0.0, Diff:  0.0, Sum:  0.0, Workers: 4
[1971.024s][debug][gc,phases      ] GC(177)     Dead                           Min: 0, Avg:  0.0, Max: 0, Diff: 0, Sum: 0, Workers: 4
[1971.024s][debug][gc,phases      ] GC(177)     Total                          Min: 0, Avg:  0.0, Max: 0, Diff: 0, Sum: 0, Workers: 4
[1971.024s][debug][gc,phases      ] GC(177) Weak Processing 0.341ms
[1971.024s][debug][gc,age         ] GC(177) Desired survivor size 45613056 bytes, new threshold 14 (max threshold 15)
[1971.024s][info ][gc,heap        ] GC(177) PSYoungGen: 2058512K(2076160K)->17904K(2025984K) Eden: 2056704K(2056704K)->0K(2008064K) From: 1808K(19456K)->17904K(17920K)
[1971.024s][info ][gc,heap        ] GC(177) ParOldGen: 317246K(354304K)->377046K(377344K)
[1971.024s][info ][gc,metaspace   ] GC(177) Metaspace: 83083K(83968K)->83083K(83968K) NonClass: 71068K(71552K)->71068K(71552K) Class: 12014K(12416K)->12014K(12416K)
[1971.024s][info ][gc             ] GC(177) Pause Young (Allocation Failure) 2320M->385M(2347M) 50.558ms
[1971.024s][info ][gc,cpu         ] GC(177) User=0.15s Sys=0.00s Real=0.05s
[1971.025s][debug][gc,phases      ] GC(178) Pre Compact 0.009ms
[1971.025s][info ][gc,start       ] GC(178) Pause Full (Ergonomics)
[1971.025s][info ][gc,phases,start] GC(178) Marking Phase
[1971.136s][debug][gc,phases      ] GC(178) Par Mark 110.953ms
[1971.136s][debug][gc,ref         ] GC(178) Skipped phase 1 of Reference Processing: no references
[1971.136s][debug][gc,ref         ] GC(178) ReferenceProcessor::execute queues: 4, RefProcThreadModel::Multi, marks_oops_alive: false
[1971.136s][debug][gc,ref         ] GC(178) Skipped phase 3 of Reference Processing: no references
[1971.136s][debug][gc,ref         ] GC(178) ReferenceProcessor::execute queues: 1, RefProcThreadModel::Single, marks_oops_alive: false
[1971.136s][debug][gc,phases      ] GC(178) Reference Processing 0.712ms
[1971.137s][debug][gc,phases      ] GC(178)   VM Weak                        Min:  0.0, Avg:  0.0, Max:  0.0, Diff:  0.0, Sum:  0.0, Workers: 4
[1971.137s][debug][gc,phases      ] GC(178)     Dead                           Min: 0, Avg:  0.0, Max: 0, Diff: 0, Sum: 0, Workers: 4
[1971.137s][debug][gc,phases      ] GC(178)     Total                          Min: 0, Avg: 181.0, Max: 340, Diff: 340, Sum: 724, Workers: 4
[1971.137s][debug][gc,phases      ] GC(178)   ObjectSynchronizer Weak        Min:  0.0, Avg:  0.0, Max:  0.0, Diff:  0.0, Sum:  0.0, Workers: 4
[1971.137s][debug][gc,phases      ] GC(178)     Dead                           Min: 0, Avg:  0.0, Max: 0, Diff: 0, Sum: 0, Workers: 4
[1971.137s][debug][gc,phases      ] GC(178)     Total                          Min: 0, Avg:  1.8, Max: 7, Diff: 7, Sum: 7, Workers: 4
[1971.137s][debug][gc,phases      ] GC(178)   JVMTI Tag Weak OopStorage      Min:  0.0, Avg:  0.0, Max:  0.0, Diff:  0.0, Sum:  0.0, Workers: 4
[1971.137s][debug][gc,phases      ] GC(178)     Dead                           Min: 0, Avg:  0.0, Max: 0, Diff: 0, Sum: 0, Workers: 4
[1971.137s][debug][gc,phases      ] GC(178)     Total                          Min: 0, Avg:  0.0, Max: 0, Diff: 0, Sum: 0, Workers: 4
[1971.137s][debug][gc,phases      ] GC(178)   StringTable Weak               Min:  0.2, Avg:  0.2, Max:  0.2, Diff:  0.0, Sum:  0.7, Workers: 4
[1971.137s][debug][gc,phases      ] GC(178)     Dead                           Min: 0, Avg:  0.0, Max: 0, Diff: 0, Sum: 0, Workers: 4
[1971.137s][debug][gc,phases      ] GC(178)     Total                          Min: 9854, Avg: 10911.0, Max: 11648, Diff: 1794, Sum: 43644, Workers: 4
[1971.137s][debug][gc,phases      ] GC(178)   ResolvedMethodTable Weak       Min:  0.0, Avg:  0.0, Max:  0.0, Diff:  0.0, Sum:  0.1, Workers: 4
[1971.137s][debug][gc,phases      ] GC(178)     Dead                           Min: 0, Avg:  0.0, Max: 0, Diff: 0, Sum: 0, Workers: 4
[1971.137s][debug][gc,phases      ] GC(178)     Total                          Min: 2304, Avg: 2437.0, Max: 2580, Diff: 276, Sum: 9748, Workers: 4
[1971.137s][debug][gc,phases      ] GC(178)   JNI Weak                       Min:  0.0, Avg:  0.0, Max:  0.0, Diff:  0.0, Sum:  0.0, Workers: 4
[1971.137s][debug][gc,phases      ] GC(178)     Dead                           Min: 0, Avg:  0.0, Max: 0, Diff: 0, Sum: 0, Workers: 4
[1971.137s][debug][gc,phases      ] GC(178)     Total                          Min: 0, Avg: 11.2, Max: 45, Diff: 45, Sum: 45, Workers: 4
[1971.137s][debug][gc,phases      ] GC(178)   StringDedup Table Weak         Min:  0.0, Avg:  0.0, Max:  0.0, Diff:  0.0, Sum:  0.0, Workers: 4
[1971.137s][debug][gc,phases      ] GC(178)     Dead                           Min: 0, Avg:  0.0, Max: 0, Diff: 0, Sum: 0, Workers: 4
[1971.137s][debug][gc,phases      ] GC(178)     Total                          Min: 0, Avg:  0.0, Max: 0, Diff: 0, Sum: 0, Workers: 4
[1971.137s][debug][gc,phases      ] GC(178)   StringDedup Requests0 Weak     Min:  0.0, Avg:  0.0, Max:  0.0, Diff:  0.0, Sum:  0.0, Workers: 4
[1971.137s][debug][gc,phases      ] GC(178)     Dead                           Min: 0, Avg:  0.0, Max: 0, Diff: 0, Sum: 0, Workers: 4
[1971.137s][debug][gc,phases      ] GC(178)     Total                          Min: 0, Avg:  0.0, Max: 0, Diff: 0, Sum: 0, Workers: 4
[1971.137s][debug][gc,phases      ] GC(178)   StringDedup Requests1 Weak     Min:  0.0, Avg:  0.0, Max:  0.0, Diff:  0.0, Sum:  0.0, Workers: 4
[1971.137s][debug][gc,phases      ] GC(178)     Dead                           Min: 0, Avg:  0.0, Max: 0, Diff: 0, Sum: 0, Workers: 4
[1971.137s][debug][gc,phases      ] GC(178)     Total                          Min: 0, Avg:  0.0, Max: 0, Diff: 0, Sum: 0, Workers: 4
[1971.137s][debug][gc,phases      ] GC(178)   Weak JFR Old Object Samples    Min:  0.0, Avg:  0.0, Max:  0.0, Diff:  0.0, Sum:  0.0, Workers: 4
[1971.137s][debug][gc,phases      ] GC(178)     Dead                           Min: 0, Avg:  0.0, Max: 0, Diff: 0, Sum: 0, Workers: 4
[1971.137s][debug][gc,phases      ] GC(178)     Total                          Min: 0, Avg:  0.0, Max: 0, Diff: 0, Sum: 0, Workers: 4
[1971.137s][debug][gc,phases      ] GC(178) Weak Processing 0.376ms
[1971.137s][debug][gc,phases      ] GC(178) ClassLoaderData 0.095ms
[1971.137s][debug][gc,phases      ] GC(178) Trigger cleanups 0.000ms
[1971.156s][debug][gc,phases      ] GC(178) Class Unloading 18.984ms
[1971.156s][debug][gc,phases      ] GC(178) Report Object Count 0.001ms
[1971.156s][info ][gc,phases      ] GC(178) Marking Phase 131.170ms
[1971.156s][info ][gc,phases,start] GC(178) Summary Phase
[1971.156s][info ][gc,phases      ] GC(178) Summary Phase 0.012ms
[1971.156s][info ][gc,phases,start] GC(178) Adjust Roots
[1971.167s][info ][gc,phases      ] GC(178) Adjust Roots 11.736ms
[1971.167s][info ][gc,phases,start] GC(178) Compaction Phase
[1971.289s][info ][gc,phases      ] GC(178) Compaction Phase 121.681ms
[1971.289s][info ][gc,phases,start] GC(178) Post Compact
[1971.290s][info ][gc,phases      ] GC(178) Post Compact 0.886ms
[1971.290s][info ][gc,heap        ] GC(178) PSYoungGen: 17904K(2025984K)->0K(2052608K) Eden: 0K(2008064K)->0K(2008064K) From: 17904K(17920K)->0K(44544K)
[1971.290s][info ][gc,heap        ] GC(178) ParOldGen: 377046K(377344K)->336148K(384000K)
[1971.290s][info ][gc,metaspace   ] GC(178) Metaspace: 83083K(83968K)->83083K(83968K) NonClass: 71068K(71552K)->71068K(71552K) Class: 12014K(12416K)->12014K(12416K)
[1971.290s][info ][gc             ] GC(178) Pause Full (Ergonomics) 385M->328M(2379M) 265.651ms
[1971.290s][info ][gc,cpu         ] GC(178) User=0.84s Sys=0.01s Real=0.27s
[1971.290s][info ][safepoint      ] Safepoint "ParallelGCFailedAllocation", Time since last: 521727828 ns, Reaching safepoint: 72800 ns, Cleanup: 33100 ns, At safepoint: 316328635 ns, Total: 316434535 ns
[1974.291s][info ][safepoint      ] Safepoint "Cleanup", Time since last: 3000173573 ns, Reaching safepoint: 6100 ns, Cleanup: 100700 ns, At safepoint: 6300 ns, Total: 113100 ns
[1975.291s][info ][safepoint      ] Safepoint "Cleanup", Time since last: 1000102030 ns, Reaching safepoint: 4400 ns, Cleanup: 41900 ns, At safepoint: 25400 ns, Total: 71700 ns
[1976.291s][info ][safepoint      ] Safepoint "Cleanup", Time since last: 1000099030 ns, Reaching safepoint: 4100 ns, Cleanup: 42600 ns, At safepoint: 2600 ns, Total: 49300 ns
[1979.291s][info ][safepoint      ] Safepoint "Cleanup", Time since last: 3000239277 ns, Reaching safepoint: 6700 ns, Cleanup: 44700 ns, At safepoint: 9400 ns, Total: 60800 ns
[1979.564s][info ][gc,start       ] GC(179) Pause Young (Allocation Failure)
[1979.577s][debug][gc,phases      ] GC(179) Scavenge 12.722ms
[1979.577s][debug][gc,ref         ] GC(179) Skipped phase 1 of Reference Processing: no references
[1979.577s][debug][gc,ref         ] GC(179) ReferenceProcessor::execute queues: 1, RefProcThreadModel::Single, marks_oops_alive: false
[1979.577s][debug][gc,ref         ] GC(179) Skipped phase 3 of Reference Processing: no references
[1979.577s][debug][gc,ref         ] GC(179) ReferenceProcessor::execute queues: 1, RefProcThreadModel::Single, marks_oops_alive: false
[1979.577s][debug][gc,phases      ] GC(179) Reference Processing 0.102ms
[1979.577s][debug][gc,phases      ] GC(179)   VM Weak                        Min:  0.0, Avg:  0.0, Max:  0.0, Diff:  0.0, Sum:  0.0, Workers: 4
[1979.577s][debug][gc,phases      ] GC(179)     Dead                           Min: 0, Avg:  0.0, Max: 0, Diff: 0, Sum: 0, Workers: 4
[1979.577s][debug][gc,phases      ] GC(179)     Total                          Min: 0, Avg: 181.0, Max: 512, Diff: 512, Sum: 724, Workers: 4
[1979.577s][debug][gc,phases      ] GC(179)   ObjectSynchronizer Weak        Min:  0.0, Avg:  0.0, Max:  0.0, Diff:  0.0, Sum:  0.0, Workers: 4
[1979.577s][debug][gc,phases      ] GC(179)     Dead                           Min: 0, Avg:  0.0, Max: 0, Diff: 0, Sum: 0, Workers: 4
[1979.577s][debug][gc,phases      ] GC(179)     Total                          Min: 0, Avg:  2.0, Max: 8, Diff: 8, Sum: 8, Workers: 4
[1979.577s][debug][gc,phases      ] GC(179)   JVMTI Tag Weak OopStorage      Min:  0.0, Avg:  0.0, Max:  0.0, Diff:  0.0, Sum:  0.0, Workers: 4
[1979.577s][debug][gc,phases      ] GC(179)     Dead                           Min: 0, Avg:  0.0, Max: 0, Diff: 0, Sum: 0, Workers: 4
[1979.577s][debug][gc,phases      ] GC(179)     Total                          Min: 0, Avg:  0.0, Max: 0, Diff: 0, Sum: 0, Workers: 4
[1979.577s][debug][gc,phases      ] GC(179)   StringTable Weak               Min:  0.0, Avg:  0.1, Max:  0.2, Diff:  0.2, Sum:  0.5, Workers: 4
[1979.577s][debug][gc,phases      ] GC(179)     Dead                           Min: 0, Avg:  0.2, Max: 1, Diff: 1, Sum: 1, Workers: 4
[1979.577s][debug][gc,phases      ] GC(179)     Total                          Min: 0, Avg: 10917.5, Max: 15830, Diff: 15830, Sum: 43670, Workers: 4
[1979.577s][debug][gc,phases      ] GC(179)   ResolvedMethodTable Weak       Min:  0.0, Avg:  0.0, Max:  0.0, Diff:  0.0, Sum:  0.1, Workers: 4
[1979.577s][debug][gc,phases      ] GC(179)     Dead                           Min: 0, Avg:  0.0, Max: 0, Diff: 0, Sum: 0, Workers: 4
[1979.577s][debug][gc,phases      ] GC(179)     Total                          Min: 0, Avg: 2439.8, Max: 5023, Diff: 5023, Sum: 9759, Workers: 4
[1979.577s][debug][gc,phases      ] GC(179)   JNI Weak                       Min:  0.0, Avg:  0.0, Max:  0.0, Diff:  0.0, Sum:  0.0, Workers: 4
[1979.577s][debug][gc,phases      ] GC(179)     Dead                           Min: 0, Avg:  0.0, Max: 0, Diff: 0, Sum: 0, Workers: 4
[1979.577s][debug][gc,phases      ] GC(179)     Total                          Min: 0, Avg: 11.2, Max: 45, Diff: 45, Sum: 45, Workers: 4
[1979.577s][debug][gc,phases      ] GC(179)   StringDedup Table Weak         Min:  0.0, Avg:  0.0, Max:  0.0, Diff:  0.0, Sum:  0.0, Workers: 4
[1979.577s][debug][gc,phases      ] GC(179)     Dead                           Min: 0, Avg:  0.0, Max: 0, Diff: 0, Sum: 0, Workers: 4
[1979.577s][debug][gc,phases      ] GC(179)     Total                          Min: 0, Avg:  0.0, Max: 0, Diff: 0, Sum: 0, Workers: 4
[1979.577s][debug][gc,phases      ] GC(179)   StringDedup Requests0 Weak     Min:  0.0, Avg:  0.0, Max:  0.0, Diff:  0.0, Sum:  0.0, Workers: 4
[1979.577s][debug][gc,phases      ] GC(179)     Dead                           Min: 0, Avg:  0.0, Max: 0, Diff: 0, Sum: 0, Workers: 4
[1979.577s][debug][gc,phases      ] GC(179)     Total                          Min: 0, Avg:  0.0, Max: 0, Diff: 0, Sum: 0, Workers: 4
[1979.577s][debug][gc,phases      ] GC(179)   StringDedup Requests1 Weak     Min:  0.0, Avg:  0.0, Max:  0.0, Diff:  0.0, Sum:  0.0, Workers: 4
[1979.577s][debug][gc,phases      ] GC(179)     Dead                           Min: 0, Avg:  0.0, Max: 0, Diff: 0, Sum: 0, Workers: 4
[1979.577s][debug][gc,phases      ] GC(179)     Total                          Min: 0, Avg:  0.0, Max: 0, Diff: 0, Sum: 0, Workers: 4
[1979.577s][debug][gc,phases      ] GC(179)   Weak JFR Old Object Samples    Min:  0.0, Avg:  0.0, Max:  0.0, Diff:  0.0, Sum:  0.0, Workers: 4
[1979.577s][debug][gc,phases      ] GC(179)     Dead                           Min: 0, Avg:  0.0, Max: 0, Diff: 0, Sum: 0, Workers: 4
[1979.577s][debug][gc,phases      ] GC(179)     Total                          Min: 0, Avg:  0.0, Max: 0, Diff: 0, Sum: 0, Workers: 4
[1979.577s][debug][gc,phases      ] GC(179) Weak Processing 0.374ms
[1979.577s][debug][gc,age         ] GC(179) Desired survivor size 44564480 bytes, new threshold 15 (max threshold 15)
[1979.577s][info ][gc,heap        ] GC(179) PSYoungGen: 2008064K(2052608K)->17824K(2053632K) Eden: 2008064K(2008064K)->0K(2009088K) From: 0K(44544K)->17824K(44544K)
[1979.577s][info ][gc,heap        ] GC(179) ParOldGen: 336148K(384000K)->336156K(384000K)
[1979.577s][info ][gc,metaspace   ] GC(179) Metaspace: 83138K(83968K)->83138K(83968K) NonClass: 71118K(71552K)->71118K(71552K) Class: 12019K(12416K)->12019K(12416K)
[1979.577s][info ][gc             ] GC(179) Pause Young (Allocation Failure) 2289M->345M(2380M) 13.318ms
[1979.577s][info ][gc,cpu         ] GC(179) User=0.04s Sys=0.00s Real=0.01s
[1979.577s][info ][safepoint      ] Safepoint "ParallelGCFailedAllocation", Time since last: 272554752 ns, Reaching safepoint: 73700 ns, Cleanup: 28500 ns, At safepoint: 13403693 ns, Total: 13505893 ns
[1981.541s][info ][safepoint      ] Safepoint "Cleanup", Time since last: 1963909096 ns, Reaching safepoint: 4900 ns, Cleanup: 38900 ns, At safepoint: 5300 ns, Total: 49100 ns
[1982.541s][info ][safepoint      ] Safepoint "Cleanup", Time since last: 1000087805 ns, Reaching safepoint: 4800 ns, Cleanup: 29000 ns, At safepoint: 4700 ns, Total: 38500 ns
[1989.542s][info ][safepoint      ] Safepoint "Cleanup", Time since last: 7000459689 ns, Reaching safepoint: 4800 ns, Cleanup: 33800 ns, At safepoint: 2800 ns, Total: 41400 ns
[1991.264s][info ][gc,start       ] GC(180) Pause Young (Allocation Failure)
[1991.281s][debug][gc,phases      ] GC(180) Scavenge 16.469ms
[1991.281s][debug][gc,ref         ] GC(180) Skipped phase 1 of Reference Processing: no references
[1991.281s][debug][gc,ref         ] GC(180) ReferenceProcessor::execute queues: 1, RefProcThreadModel::Single, marks_oops_alive: false
[1991.281s][debug][gc,ref         ] GC(180) Skipped phase 3 of Reference Processing: no references
[1991.281s][debug][gc,ref         ] GC(180) ReferenceProcessor::execute queues: 1, RefProcThreadModel::Single, marks_oops_alive: false
[1991.281s][debug][gc,phases      ] GC(180) Reference Processing 0.106ms
[1991.281s][debug][gc,phases      ] GC(180)   VM Weak                        Min:  0.0, Avg:  0.0, Max:  0.0, Diff:  0.0, Sum:  0.0, Workers: 4
[1991.281s][debug][gc,phases      ] GC(180)     Dead                           Min: 0, Avg:  0.0, Max: 0, Diff: 0, Sum: 0, Workers: 4
[1991.281s][debug][gc,phases      ] GC(180)     Total                          Min: 0, Avg: 181.0, Max: 660, Diff: 660, Sum: 724, Workers: 4
[1991.281s][debug][gc,phases      ] GC(180)   ObjectSynchronizer Weak        Min:  0.0, Avg:  0.0, Max:  0.0, Diff:  0.0, Sum:  0.0, Workers: 4
[1991.281s][debug][gc,phases      ] GC(180)     Dead                           Min: 0, Avg:  0.0, Max: 0, Diff: 0, Sum: 0, Workers: 4
[1991.281s][debug][gc,phases      ] GC(180)     Total                          Min: 0, Avg:  1.2, Max: 5, Diff: 5, Sum: 5, Workers: 4
[1991.281s][debug][gc,phases      ] GC(180)   JVMTI Tag Weak OopStorage      Min:  0.0, Avg:  0.0, Max:  0.0, Diff:  0.0, Sum:  0.0, Workers: 4
[1991.281s][debug][gc,phases      ] GC(180)     Dead                           Min: 0, Avg:  0.0, Max: 0, Diff: 0, Sum: 0, Workers: 4
[1991.281s][debug][gc,phases      ] GC(180)     Total                          Min: 0, Avg:  0.0, Max: 0, Diff: 0, Sum: 0, Workers: 4
[1991.281s][debug][gc,phases      ] GC(180)   StringTable Weak               Min:  0.0, Avg:  0.1, Max:  0.2, Diff:  0.2, Sum:  0.4, Workers: 4
[1991.281s][debug][gc,phases      ] GC(180)     Dead                           Min: 0, Avg:  0.0, Max: 0, Diff: 0, Sum: 0, Workers: 4
[1991.281s][debug][gc,phases      ] GC(180)     Total                          Min: 0, Avg: 10917.5, Max: 22592, Diff: 22592, Sum: 43670, Workers: 4
[1991.281s][debug][gc,phases      ] GC(180)   ResolvedMethodTable Weak       Min:  0.0, Avg:  0.0, Max:  0.0, Diff:  0.0, Sum:  0.1, Workers: 4
[1991.281s][debug][gc,phases      ] GC(180)     Dead                           Min: 0, Avg:  0.0, Max: 0, Diff: 0, Sum: 0, Workers: 4
[1991.281s][debug][gc,phases      ] GC(180)     Total                          Min: 0, Avg: 2439.8, Max: 5023, Diff: 5023, Sum: 9759, Workers: 4
[1991.281s][debug][gc,phases      ] GC(180)   JNI Weak                       Min:  0.0, Avg:  0.0, Max:  0.0, Diff:  0.0, Sum:  0.0, Workers: 4
[1991.281s][debug][gc,phases      ] GC(180)     Dead                           Min: 0, Avg:  0.0, Max: 0, Diff: 0, Sum: 0, Workers: 4
[1991.281s][debug][gc,phases      ] GC(180)     Total                          Min: 0, Avg: 11.2, Max: 45, Diff: 45, Sum: 45, Workers: 4
[1991.281s][debug][gc,phases      ] GC(180)   StringDedup Table Weak         Min:  0.0, Avg:  0.0, Max:  0.0, Diff:  0.0, Sum:  0.0, Workers: 4
[1991.281s][debug][gc,phases      ] GC(180)     Dead                           Min: 0, Avg:  0.0, Max: 0, Diff: 0, Sum: 0, Workers: 4
[1991.281s][debug][gc,phases      ] GC(180)     Total                          Min: 0, Avg:  0.0, Max: 0, Diff: 0, Sum: 0, Workers: 4
[1991.281s][debug][gc,phases      ] GC(180)   StringDedup Requests0 Weak     Min:  0.0, Avg:  0.0, Max:  0.0, Diff:  0.0, Sum:  0.0, Workers: 4
[1991.281s][debug][gc,phases      ] GC(180)     Dead                           Min: 0, Avg:  0.0, Max: 0, Diff: 0, Sum: 0, Workers: 4
[1991.281s][debug][gc,phases      ] GC(180)     Total                          Min: 0, Avg:  0.0, Max: 0, Diff: 0, Sum: 0, Workers: 4
[1991.281s][debug][gc,phases      ] GC(180)   StringDedup Requests1 Weak     Min:  0.0, Avg:  0.0, Max:  0.0, Diff:  0.0, Sum:  0.0, Workers: 4
[1991.281s][debug][gc,phases      ] GC(180)     Dead                           Min: 0, Avg:  0.0, Max: 0, Diff: 0, Sum: 0, Workers: 4
[1991.281s][debug][gc,phases      ] GC(180)     Total                          Min: 0, Avg:  0.0, Max: 0, Diff: 0, Sum: 0, Workers: 4
[1991.281s][debug][gc,phases      ] GC(180)   Weak JFR Old Object Samples    Min:  0.0, Avg:  0.0, Max:  0.0, Diff:  0.0, Sum:  0.0, Workers: 4
[1991.281s][debug][gc,phases      ] GC(180)     Dead                           Min: 0, Avg:  0.0, Max: 0, Diff: 0, Sum: 0, Workers: 4
[1991.281s][debug][gc,phases      ] GC(180)     Total                          Min: 0, Avg:  0.0, Max: 0, Diff: 0, Sum: 0, Workers: 4
[1991.281s][debug][gc,phases      ] GC(180) Weak Processing 0.471ms
[1991.281s][debug][gc,age         ] GC(180) Desired survivor size 43515904 bytes, new threshold 15 (max threshold 15)
[1991.281s][info ][gc,heap        ] GC(180) PSYoungGen: 2026912K(2053632K)->17184K(2052608K) Eden: 2009088K(2009088K)->0K(2009088K) From: 17824K(44544K)->17184K(43520K)
[1991.281s][info ][gc,heap        ] GC(180) ParOldGen: 336156K(384000K)->336156K(384000K)
[1991.281s][info ][gc,metaspace   ] GC(180) Metaspace: 83152K(84032K)->83152K(84032K) NonClass: 71132K(71616K)->71132K(71616K) Class: 12019K(12416K)->12019K(12416K)
[1991.281s][info ][gc             ] GC(180) Pause Young (Allocation Failure) 2307M->345M(2379M) 17.175ms
[1991.281s][info ][gc,cpu         ] GC(180) User=0.03s Sys=0.00s Real=0.02s
[1991.281s][info ][safepoint      ] Safepoint "ParallelGCFailedAllocation", Time since last: 1722374325 ns, Reaching safepoint: 6800 ns, Cleanup: 30600 ns, At safepoint: 17262201 ns, Total: 17299601 ns
[2002.811s][info ][gc,start       ] GC(181) Pause Young (Allocation Failure)
[2002.822s][debug][gc,phases      ] GC(181) Scavenge 10.200ms
[2002.822s][debug][gc,ref         ] GC(181) Skipped phase 1 of Reference Processing: no references
[2002.822s][debug][gc,ref         ] GC(181) ReferenceProcessor::execute queues: 1, RefProcThreadModel::Single, marks_oops_alive: false
[2002.822s][debug][gc,ref         ] GC(181) Skipped phase 3 of Reference Processing: no references
[2002.822s][debug][gc,ref         ] GC(181) ReferenceProcessor::execute queues: 1, RefProcThreadModel::Single, marks_oops_alive: false
[2002.822s][debug][gc,phases      ] GC(181) Reference Processing 0.132ms
[2002.822s][debug][gc,phases      ] GC(181)   VM Weak                        Min:  0.0, Avg:  0.0, Max:  0.0, Diff:  0.0, Sum:  0.0, Workers: 4
[2002.822s][debug][gc,phases      ] GC(181)     Dead                           Min: 0, Avg:  0.0, Max: 0, Diff: 0, Sum: 0, Workers: 4
[2002.822s][debug][gc,phases      ] GC(181)     Total                          Min: 0, Avg: 181.0, Max: 468, Diff: 468, Sum: 724, Workers: 4
[2002.822s][debug][gc,phases      ] GC(181)   ObjectSynchronizer Weak        Min:  0.0, Avg:  0.0, Max:  0.0, Diff:  0.0, Sum:  0.0, Workers: 4
[2002.822s][debug][gc,phases      ] GC(181)     Dead                           Min: 0, Avg:  0.0, Max: 0, Diff: 0, Sum: 0, Workers: 4
[2002.822s][debug][gc,phases      ] GC(181)     Total                          Min: 0, Avg:  1.2, Max: 5, Diff: 5, Sum: 5, Workers: 4
[2002.822s][debug][gc,phases      ] GC(181)   JVMTI Tag Weak OopStorage      Min:  0.0, Avg:  0.0, Max:  0.0, Diff:  0.0, Sum:  0.0, Workers: 4
[2002.822s][debug][gc,phases      ] GC(181)     Dead                           Min: 0, Avg:  0.0, Max: 0, Diff: 0, Sum: 0, Workers: 4
[2002.822s][debug][gc,phases      ] GC(181)     Total                          Min: 0, Avg:  0.0, Max: 0, Diff: 0, Sum: 0, Workers: 4
[2002.822s][debug][gc,phases      ] GC(181)   StringTable Weak               Min:  0.0, Avg:  0.1, Max:  0.2, Diff:  0.2, Sum:  0.4, Workers: 4
[2002.822s][debug][gc,phases      ] GC(181)     Dead                           Min: 0, Avg:  0.0, Max: 0, Diff: 0, Sum: 0, Workers: 4
[2002.822s][debug][gc,phases      ] GC(181)     Total                          Min: 0, Avg: 10917.5, Max: 22614, Diff: 22614, Sum: 43670, Workers: 4
[2002.822s][debug][gc,phases      ] GC(181)   ResolvedMethodTable Weak       Min:  0.0, Avg:  0.0, Max:  0.0, Diff:  0.0, Sum:  0.1, Workers: 4
[2002.822s][debug][gc,phases      ] GC(181)     Dead                           Min: 0, Avg:  0.0, Max: 0, Diff: 0, Sum: 0, Workers: 4
[2002.822s][debug][gc,phases      ] GC(181)     Total                          Min: 0, Avg: 2439.8, Max: 5023, Diff: 5023, Sum: 9759, Workers: 4
[2002.822s][debug][gc,phases      ] GC(181)   JNI Weak                       Min:  0.0, Avg:  0.0, Max:  0.0, Diff:  0.0, Sum:  0.0, Workers: 4
[2002.822s][debug][gc,phases      ] GC(181)     Dead                           Min: 0, Avg:  0.0, Max: 0, Diff: 0, Sum: 0, Workers: 4
[2002.822s][debug][gc,phases      ] GC(181)     Total                          Min: 0, Avg: 11.2, Max: 45, Diff: 45, Sum: 45, Workers: 4
[2002.822s][debug][gc,phases      ] GC(181)   StringDedup Table Weak         Min:  0.0, Avg:  0.0, Max:  0.0, Diff:  0.0, Sum:  0.0, Workers: 4
[2002.822s][debug][gc,phases      ] GC(181)     Dead                           Min: 0, Avg:  0.0, Max: 0, Diff: 0, Sum: 0, Workers: 4
[2002.822s][debug][gc,phases      ] GC(181)     Total                          Min: 0, Avg:  0.0, Max: 0, Diff: 0, Sum: 0, Workers: 4
[2002.822s][debug][gc,phases      ] GC(181)   StringDedup Requests0 Weak     Min:  0.0, Avg:  0.0, Max:  0.0, Diff:  0.0, Sum:  0.0, Workers: 4
[2002.822s][debug][gc,phases      ] GC(181)     Dead                           Min: 0, Avg:  0.0, Max: 0, Diff: 0, Sum: 0, Workers: 4
[2002.822s][debug][gc,phases      ] GC(181)     Total                          Min: 0, Avg:  0.0, Max: 0, Diff: 0, Sum: 0, Workers: 4
[2002.822s][debug][gc,phases      ] GC(181)   StringDedup Requests1 Weak     Min:  0.0, Avg:  0.0, Max:  0.0, Diff:  0.0, Sum:  0.0, Workers: 4
[2002.822s][debug][gc,phases      ] GC(181)     Dead                           Min: 0, Avg:  0.0, Max: 0, Diff: 0, Sum: 0, Workers: 4
[2002.822s][debug][gc,phases      ] GC(181)     Total                          Min: 0, Avg:  0.0, Max: 0, Diff: 0, Sum: 0, Workers: 4
[2002.822s][debug][gc,phases      ] GC(181)   Weak JFR Old Object Samples    Min:  0.0, Avg:  0.0, Max:  0.0, Diff:  0.0, Sum:  0.0, Workers: 4
[2002.822s][debug][gc,phases      ] GC(181)     Dead                           Min: 0, Avg:  0.0, Max: 0, Diff: 0, Sum: 0, Workers: 4
[2002.822s][debug][gc,phases      ] GC(181)     Total                          Min: 0, Avg:  0.0, Max: 0, Diff: 0, Sum: 0, Workers: 4
[2002.822s][debug][gc,phases      ] GC(181) Weak Processing 0.490ms
[2002.822s][debug][gc,age         ] GC(181) Desired survivor size 42467328 bytes, new threshold 15 (max threshold 15)
[2002.822s][info ][gc,heap        ] GC(181) PSYoungGen: 2026272K(2052608K)->17248K(2055680K) Eden: 2009088K(2009088K)->0K(2013184K) From: 17184K(43520K)->17248K(42496K)
[2002.822s][info ][gc,heap        ] GC(181) ParOldGen: 336156K(384000K)->336156K(384000K)
[2002.822s][info ][gc,metaspace   ] GC(181) Metaspace: 83153K(84032K)->83153K(84032K) NonClass: 71133K(71616K)->71133K(71616K) Class: 12019K(12416K)->12019K(12416K)
[2002.822s][info ][gc             ] GC(181) Pause Young (Allocation Failure) 2307M->345M(2382M) 10.957ms
[2002.822s][info ][gc,cpu         ] GC(181) User=0.03s Sys=0.00s Real=0.01s
[2002.822s][info ][safepoint      ] Safepoint "ParallelGCFailedAllocation", Time since last: 11529810486 ns, Reaching safepoint: 4900 ns, Cleanup: 19900 ns, At safepoint: 11034596 ns, Total: 11059396 ns
[2004.823s][info ][safepoint      ] Safepoint "Cleanup", Time since last: 2000150215 ns, Reaching safepoint: 4800 ns, Cleanup: 30700 ns, At safepoint: 3100 ns, Total: 38600 ns
[2012.823s][info ][safepoint      ] Safepoint "Cleanup", Time since last: 8000587527 ns, Reaching safepoint: 6700 ns, Cleanup: 39300 ns, At safepoint: 4500 ns, Total: 50500 ns
[2013.710s][info ][gc,start       ] GC(182) Pause Young (Allocation Failure)
[2013.721s][debug][gc,phases      ] GC(182) Scavenge 10.092ms
[2013.721s][debug][gc,ref         ] GC(182) Skipped phase 1 of Reference Processing: no references
[2013.721s][debug][gc,ref         ] GC(182) ReferenceProcessor::execute queues: 1, RefProcThreadModel::Single, marks_oops_alive: false
[2013.721s][debug][gc,ref         ] GC(182) Skipped phase 3 of Reference Processing: no references
[2013.721s][debug][gc,ref         ] GC(182) ReferenceProcessor::execute queues: 1, RefProcThreadModel::Single, marks_oops_alive: false
[2013.721s][debug][gc,phases      ] GC(182) Reference Processing 0.093ms
[2013.721s][debug][gc,phases      ] GC(182)   VM Weak                        Min:  0.0, Avg:  0.0, Max:  0.0, Diff:  0.0, Sum:  0.0, Workers: 4
[2013.721s][debug][gc,phases      ] GC(182)     Dead                           Min: 0, Avg:  0.0, Max: 0, Diff: 0, Sum: 0, Workers: 4
[2013.721s][debug][gc,phases      ] GC(182)     Total                          Min: 0, Avg: 181.0, Max: 704, Diff: 704, Sum: 724, Workers: 4
[2013.721s][debug][gc,phases      ] GC(182)   ObjectSynchronizer Weak        Min:  0.0, Avg:  0.0, Max:  0.0, Diff:  0.0, Sum:  0.0, Workers: 4
[2013.721s][debug][gc,phases      ] GC(182)     Dead                           Min: 0, Avg:  0.0, Max: 0, Diff: 0, Sum: 0, Workers: 4
[2013.721s][debug][gc,phases      ] GC(182)     Total                          Min: 0, Avg:  1.2, Max: 5, Diff: 5, Sum: 5, Workers: 4
[2013.721s][debug][gc,phases      ] GC(182)   JVMTI Tag Weak OopStorage      Min:  0.0, Avg:  0.0, Max:  0.0, Diff:  0.0, Sum:  0.0, Workers: 4
[2013.721s][debug][gc,phases      ] GC(182)     Dead                           Min: 0, Avg:  0.0, Max: 0, Diff: 0, Sum: 0, Workers: 4
[2013.721s][debug][gc,phases      ] GC(182)     Total                          Min: 0, Avg:  0.0, Max: 0, Diff: 0, Sum: 0, Workers: 4
[2013.721s][debug][gc,phases      ] GC(182)   StringTable Weak               Min:  0.0, Avg:  0.1, Max:  0.1, Diff:  0.1, Sum:  0.4, Workers: 4
[2013.721s][debug][gc,phases      ] GC(182)     Dead                           Min: 0, Avg:  0.0, Max: 0, Diff: 0, Sum: 0, Workers: 4
[2013.721s][debug][gc,phases      ] GC(182)     Total                          Min: 0, Avg: 10917.5, Max: 15062, Diff: 15062, Sum: 43670, Workers: 4
[2013.721s][debug][gc,phases      ] GC(182)   ResolvedMethodTable Weak       Min:  0.0, Avg:  0.0, Max:  0.0, Diff:  0.0, Sum:  0.1, Workers: 4
[2013.721s][debug][gc,phases      ] GC(182)     Dead                           Min: 0, Avg:  0.0, Max: 0, Diff: 0, Sum: 0, Workers: 4
[2013.721s][debug][gc,phases      ] GC(182)     Total                          Min: 0, Avg: 2439.8, Max: 3328, Diff: 3328, Sum: 9759, Workers: 4
[2013.721s][debug][gc,phases      ] GC(182)   JNI Weak                       Min:  0.0, Avg:  0.0, Max:  0.0, Diff:  0.0, Sum:  0.0, Workers: 4
[2013.721s][debug][gc,phases      ] GC(182)     Dead                           Min: 0, Avg:  0.0, Max: 0, Diff: 0, Sum: 0, Workers: 4
[2013.721s][debug][gc,phases      ] GC(182)     Total                          Min: 0, Avg: 11.2, Max: 45, Diff: 45, Sum: 45, Workers: 4
[2013.721s][debug][gc,phases      ] GC(182)   StringDedup Table Weak         Min:  0.0, Avg:  0.0, Max:  0.0, Diff:  0.0, Sum:  0.0, Workers: 4
[2013.721s][debug][gc,phases      ] GC(182)     Dead                           Min: 0, Avg:  0.0, Max: 0, Diff: 0, Sum: 0, Workers: 4
[2013.721s][debug][gc,phases      ] GC(182)     Total                          Min: 0, Avg:  0.0, Max: 0, Diff: 0, Sum: 0, Workers: 4
[2013.721s][debug][gc,phases      ] GC(182)   StringDedup Requests0 Weak     Min:  0.0, Avg:  0.0, Max:  0.0, Diff:  0.0, Sum:  0.0, Workers: 4
[2013.721s][debug][gc,phases      ] GC(182)     Dead                           Min: 0, Avg:  0.0, Max: 0, Diff: 0, Sum: 0, Workers: 4
[2013.721s][debug][gc,phases      ] GC(182)     Total                          Min: 0, Avg:  0.0, Max: 0, Diff: 0, Sum: 0, Workers: 4
[2013.721s][debug][gc,phases      ] GC(182)   StringDedup Requests1 Weak     Min:  0.0, Avg:  0.0, Max:  0.0, Diff:  0.0, Sum:  0.0, Workers: 4
[2013.721s][debug][gc,phases      ] GC(182)     Dead                           Min: 0, Avg:  0.0, Max: 0, Diff: 0, Sum: 0, Workers: 4
[2013.721s][debug][gc,phases      ] GC(182)     Total                          Min: 0, Avg:  0.0, Max: 0, Diff: 0, Sum: 0, Workers: 4
[2013.721s][debug][gc,phases      ] GC(182)   Weak JFR Old Object Samples    Min:  0.0, Avg:  0.0, Max:  0.0, Diff:  0.0, Sum:  0.0, Workers: 4
[2013.721s][debug][gc,phases      ] GC(182)     Dead                           Min: 0, Avg:  0.0, Max: 0, Diff: 0, Sum: 0, Workers: 4
[2013.721s][debug][gc,phases      ] GC(182)     Total                          Min: 0, Avg:  0.0, Max: 0, Diff: 0, Sum: 0, Workers: 4
[2013.721s][debug][gc,phases      ] GC(182) Weak Processing 0.330ms
[2013.721s][debug][gc,age         ] GC(182) Desired survivor size 41418752 bytes, new threshold 15 (max threshold 15)
[2013.721s][info ][gc,heap        ] GC(182) PSYoungGen: 2030432K(2055680K)->17120K(2054656K) Eden: 2013184K(2013184K)->0K(2013184K) From: 17248K(42496K)->17120K(41472K)
[2013.721s][info ][gc,heap        ] GC(182) ParOldGen: 336156K(384000K)->336156K(384000K)
[2013.721s][info ][gc,metaspace   ] GC(182) Metaspace: 83158K(84032K)->83158K(84032K) NonClass: 71138K(71616K)->71138K(71616K) Class: 12019K(12416K)->12019K(12416K)
[2013.721s][info ][gc             ] GC(182) Pause Young (Allocation Failure) 2311M->344M(2381M) 10.628ms
[2013.721s][info ][gc,cpu         ] GC(182) User=0.03s Sys=0.00s Real=0.01s
[2013.721s][info ][safepoint      ] Safepoint "ParallelGCFailedAllocation", Time since last: 887153680 ns, Reaching safepoint: 76800 ns, Cleanup: 39400 ns, At safepoint: 10700897 ns, Total: 10817097 ns
[2016.721s][info ][safepoint      ] Safepoint "Cleanup", Time since last: 3000221354 ns, Reaching safepoint: 4800 ns, Cleanup: 54800 ns, At safepoint: 4300 ns, Total: 63900 ns
[2021.722s][info ][safepoint      ] Safepoint "Cleanup", Time since last: 5000367075 ns, Reaching safepoint: 5700 ns, Cleanup: 30300 ns, At safepoint: 2900 ns, Total: 38900 ns
[2023.722s][info ][safepoint      ] Safepoint "Cleanup", Time since last: 2000160357 ns, Reaching safepoint: 5600 ns, Cleanup: 39200 ns, At safepoint: 2800 ns, Total: 47600 ns
[2024.714s][info ][gc,start       ] GC(183) Pause Young (Allocation Failure)
[2024.724s][debug][gc,phases      ] GC(183) Scavenge 10.367ms
[2024.724s][debug][gc,ref         ] GC(183) Skipped phase 1 of Reference Processing: no references
[2024.724s][debug][gc,ref         ] GC(183) ReferenceProcessor::execute queues: 1, RefProcThreadModel::Single, marks_oops_alive: false
[2024.724s][debug][gc,ref         ] GC(183) Skipped phase 3 of Reference Processing: no references
[2024.724s][debug][gc,ref         ] GC(183) ReferenceProcessor::execute queues: 1, RefProcThreadModel::Single, marks_oops_alive: false
[2024.724s][debug][gc,phases      ] GC(183) Reference Processing 0.125ms
[2024.725s][debug][gc,phases      ] GC(183)   VM Weak                        Min:  0.0, Avg:  0.0, Max:  0.0, Diff:  0.0, Sum:  0.0, Workers: 4
[2024.725s][debug][gc,phases      ] GC(183)     Dead                           Min: 0, Avg:  0.0, Max: 0, Diff: 0, Sum: 0, Workers: 4
[2024.725s][debug][gc,phases      ] GC(183)     Total                          Min: 0, Avg: 181.0, Max: 724, Diff: 724, Sum: 724, Workers: 4
[2024.725s][debug][gc,phases      ] GC(183)   ObjectSynchronizer Weak        Min:  0.0, Avg:  0.0, Max:  0.0, Diff:  0.0, Sum:  0.0, Workers: 4
[2024.725s][debug][gc,phases      ] GC(183)     Dead                           Min: 0, Avg:  0.0, Max: 0, Diff: 0, Sum: 0, Workers: 4
[2024.725s][debug][gc,phases      ] GC(183)     Total                          Min: 0, Avg:  1.2, Max: 5, Diff: 5, Sum: 5, Workers: 4
[2024.725s][debug][gc,phases      ] GC(183)   JVMTI Tag Weak OopStorage      Min:  0.0, Avg:  0.0, Max:  0.0, Diff:  0.0, Sum:  0.0, Workers: 4
[2024.725s][debug][gc,phases      ] GC(183)     Dead                           Min: 0, Avg:  0.0, Max: 0, Diff: 0, Sum: 0, Workers: 4
[2024.725s][debug][gc,phases      ] GC(183)     Total                          Min: 0, Avg:  0.0, Max: 0, Diff: 0, Sum: 0, Workers: 4
[2024.725s][debug][gc,phases      ] GC(183)   StringTable Weak               Min:  0.0, Avg:  0.1, Max:  0.4, Diff:  0.4, Sum:  0.4, Workers: 4
[2024.725s][debug][gc,phases      ] GC(183)     Dead                           Min: 0, Avg:  0.0, Max: 0, Diff: 0, Sum: 0, Workers: 4
[2024.725s][debug][gc,phases      ] GC(183)     Total                          Min: 0, Avg: 10917.5, Max: 43670, Diff: 43670, Sum: 43670, Workers: 4
[2024.725s][debug][gc,phases      ] GC(183)   ResolvedMethodTable Weak       Min:  0.0, Avg:  0.0, Max:  0.1, Diff:  0.1, Sum:  0.1, Workers: 4
[2024.725s][debug][gc,phases      ] GC(183)     Dead                           Min: 0, Avg:  0.0, Max: 0, Diff: 0, Sum: 0, Workers: 4
[2024.725s][debug][gc,phases      ] GC(183)     Total                          Min: 0, Avg: 2439.8, Max: 9759, Diff: 9759, Sum: 9759, Workers: 4
[2024.725s][debug][gc,phases      ] GC(183)   JNI Weak                       Min:  0.0, Avg:  0.0, Max:  0.0, Diff:  0.0, Sum:  0.0, Workers: 4
[2024.725s][debug][gc,phases      ] GC(183)     Dead                           Min: 0, Avg:  0.0, Max: 0, Diff: 0, Sum: 0, Workers: 4
[2024.725s][debug][gc,phases      ] GC(183)     Total                          Min: 0, Avg: 11.2, Max: 45, Diff: 45, Sum: 45, Workers: 4
[2024.725s][debug][gc,phases      ] GC(183)   StringDedup Table Weak         Min:  0.0, Avg:  0.0, Max:  0.0, Diff:  0.0, Sum:  0.0, Workers: 4
[2024.725s][debug][gc,phases      ] GC(183)     Dead                           Min: 0, Avg:  0.0, Max: 0, Diff: 0, Sum: 0, Workers: 4
[2024.725s][debug][gc,phases      ] GC(183)     Total                          Min: 0, Avg:  0.0, Max: 0, Diff: 0, Sum: 0, Workers: 4
[2024.725s][debug][gc,phases      ] GC(183)   StringDedup Requests0 Weak     Min:  0.0, Avg:  0.0, Max:  0.0, Diff:  0.0, Sum:  0.0, Workers: 4
[2024.725s][debug][gc,phases      ] GC(183)     Dead                           Min: 0, Avg:  0.0, Max: 0, Diff: 0, Sum: 0, Workers: 4
[2024.725s][debug][gc,phases      ] GC(183)     Total                          Min: 0, Avg:  0.0, Max: 0, Diff: 0, Sum: 0, Workers: 4
[2024.725s][debug][gc,phases      ] GC(183)   StringDedup Requests1 Weak     Min:  0.0, Avg:  0.0, Max:  0.0, Diff:  0.0, Sum:  0.0, Workers: 4
[2024.725s][debug][gc,phases      ] GC(183)     Dead                           Min: 0, Avg:  0.0, Max: 0, Diff: 0, Sum: 0, Workers: 4
[2024.725s][debug][gc,phases      ] GC(183)     Total                          Min: 0, Avg:  0.0, Max: 0, Diff: 0, Sum: 0, Workers: 4
[2024.725s][debug][gc,phases      ] GC(183)   Weak JFR Old Object Samples    Min:  0.0, Avg:  0.0, Max:  0.0, Diff:  0.0, Sum:  0.0, Workers: 4
[2024.725s][debug][gc,phases      ] GC(183)     Dead                           Min: 0, Avg:  0.0, Max: 0, Diff: 0, Sum: 0, Workers: 4
[2024.725s][debug][gc,phases      ] GC(183)     Total                          Min: 0, Avg:  0.0, Max: 0, Diff: 0, Sum: 0, Workers: 4
[2024.725s][debug][gc,phases      ] GC(183) Weak Processing 0.703ms
[2024.725s][debug][gc,age         ] GC(183) Desired survivor size 40370176 bytes, new threshold 15 (max threshold 15)
[2024.725s][info ][gc,heap        ] GC(183) PSYoungGen: 2030304K(2054656K)->17120K(2057728K) Eden: 2013184K(2013184K)->0K(2017280K) From: 17120K(41472K)->17120K(40448K)
[2024.725s][info ][gc,heap        ] GC(183) ParOldGen: 336156K(384000K)->336156K(384000K)
[2024.725s][info ][gc,metaspace   ] GC(183) Metaspace: 83161K(84032K)->83161K(84032K) NonClass: 71141K(71616K)->71141K(71616K) Class: 12019K(12416K)->12019K(12416K)
[2024.725s][info ][gc             ] GC(183) Pause Young (Allocation Failure) 2310M->344M(2384M) 11.319ms
[2024.725s][info ][gc,cpu         ] GC(183) User=0.03s Sys=0.00s Real=0.01s
[2024.725s][info ][safepoint      ] Safepoint "ParallelGCFailedAllocation", Time since last: 991363232 ns, Reaching safepoint: 78700 ns, Cleanup: 19400 ns, At safepoint: 11409296 ns, Total: 11507396 ns
[2030.725s][info ][safepoint      ] Safepoint "Cleanup", Time since last: 6000398926 ns, Reaching safepoint: 6000 ns, Cleanup: 32500 ns, At safepoint: 10700 ns, Total: 49200 ns
[2036.161s][info ][gc,start       ] GC(184) Pause Young (Allocation Failure)
[2036.171s][debug][gc,phases      ] GC(184) Scavenge 9.405ms
[2036.171s][debug][gc,ref         ] GC(184) Skipped phase 1 of Reference Processing: no references
[2036.171s][debug][gc,ref         ] GC(184) ReferenceProcessor::execute queues: 1, RefProcThreadModel::Single, marks_oops_alive: false
[2036.171s][debug][gc,ref         ] GC(184) Skipped phase 3 of Reference Processing: no references
[2036.171s][debug][gc,ref         ] GC(184) Skipped phase 4 of Reference Processing: no references
[2036.171s][debug][gc,phases      ] GC(184) Reference Processing 0.089ms
[2036.171s][debug][gc,phases      ] GC(184)   VM Weak                        Min:  0.0, Avg:  0.0, Max:  0.0, Diff:  0.0, Sum:  0.0, Workers: 4
[2036.171s][debug][gc,phases      ] GC(184)     Dead                           Min: 0, Avg:  0.0, Max: 0, Diff: 0, Sum: 0, Workers: 4
[2036.171s][debug][gc,phases      ] GC(184)     Total                          Min: 0, Avg: 181.0, Max: 320, Diff: 320, Sum: 724, Workers: 4
[2036.171s][debug][gc,phases      ] GC(184)   ObjectSynchronizer Weak        Min:  0.0, Avg:  0.0, Max:  0.0, Diff:  0.0, Sum:  0.0, Workers: 4
[2036.171s][debug][gc,phases      ] GC(184)     Dead                           Min: 0, Avg:  0.0, Max: 0, Diff: 0, Sum: 0, Workers: 4
[2036.171s][debug][gc,phases      ] GC(184)     Total                          Min: 0, Avg:  1.2, Max: 5, Diff: 5, Sum: 5, Workers: 4
[2036.171s][debug][gc,phases      ] GC(184)   JVMTI Tag Weak OopStorage      Min:  0.0, Avg:  0.0, Max:  0.0, Diff:  0.0, Sum:  0.0, Workers: 4
[2036.171s][debug][gc,phases      ] GC(184)     Dead                           Min: 0, Avg:  0.0, Max: 0, Diff: 0, Sum: 0, Workers: 4
[2036.171s][debug][gc,phases      ] GC(184)     Total                          Min: 0, Avg:  0.0, Max: 0, Diff: 0, Sum: 0, Workers: 4
[2036.171s][debug][gc,phases      ] GC(184)   StringTable Weak               Min:  0.0, Avg:  0.1, Max:  0.1, Diff:  0.1, Sum:  0.4, Workers: 4
[2036.171s][debug][gc,phases      ] GC(184)     Dead                           Min: 0, Avg:  0.0, Max: 0, Diff: 0, Sum: 0, Workers: 4
[2036.171s][debug][gc,phases      ] GC(184)     Total                          Min: 0, Avg: 10917.5, Max: 15126, Diff: 15126, Sum: 43670, Workers: 4
[2036.171s][debug][gc,phases      ] GC(184)   ResolvedMethodTable Weak       Min:  0.0, Avg:  0.0, Max:  0.0, Diff:  0.0, Sum:  0.1, Workers: 4
[2036.171s][debug][gc,phases      ] GC(184)     Dead                           Min: 0, Avg:  0.0, Max: 0, Diff: 0, Sum: 0, Workers: 4
[2036.171s][debug][gc,phases      ] GC(184)     Total                          Min: 0, Avg: 2439.8, Max: 3328, Diff: 3328, Sum: 9759, Workers: 4
[2036.171s][debug][gc,phases      ] GC(184)   JNI Weak                       Min:  0.0, Avg:  0.0, Max:  0.0, Diff:  0.0, Sum:  0.0, Workers: 4
[2036.171s][debug][gc,phases      ] GC(184)     Dead                           Min: 0, Avg:  0.0, Max: 0, Diff: 0, Sum: 0, Workers: 4
[2036.171s][debug][gc,phases      ] GC(184)     Total                          Min: 0, Avg: 11.2, Max: 45, Diff: 45, Sum: 45, Workers: 4
[2036.171s][debug][gc,phases      ] GC(184)   StringDedup Table Weak         Min:  0.0, Avg:  0.0, Max:  0.0, Diff:  0.0, Sum:  0.0, Workers: 4
[2036.171s][debug][gc,phases      ] GC(184)     Dead                           Min: 0, Avg:  0.0, Max: 0, Diff: 0, Sum: 0, Workers: 4
[2036.171s][debug][gc,phases      ] GC(184)     Total                          Min: 0, Avg:  0.0, Max: 0, Diff: 0, Sum: 0, Workers: 4
[2036.171s][debug][gc,phases      ] GC(184)   StringDedup Requests0 Weak     Min:  0.0, Avg:  0.0, Max:  0.0, Diff:  0.0, Sum:  0.0, Workers: 4
[2036.171s][debug][gc,phases      ] GC(184)     Dead                           Min: 0, Avg:  0.0, Max: 0, Diff: 0, Sum: 0, Workers: 4
[2036.171s][debug][gc,phases      ] GC(184)     Total                          Min: 0, Avg:  0.0, Max: 0, Diff: 0, Sum: 0, Workers: 4
[2036.171s][debug][gc,phases      ] GC(184)   StringDedup Requests1 Weak     Min:  0.0, Avg:  0.0, Max:  0.0, Diff:  0.0, Sum:  0.0, Workers: 4
[2036.171s][debug][gc,phases      ] GC(184)     Dead                           Min: 0, Avg:  0.0, Max: 0, Diff: 0, Sum: 0, Workers: 4
[2036.171s][debug][gc,phases      ] GC(184)     Total                          Min: 0, Avg:  0.0, Max: 0, Diff: 0, Sum: 0, Workers: 4
[2036.171s][debug][gc,phases      ] GC(184)   Weak JFR Old Object Samples    Min:  0.0, Avg:  0.0, Max:  0.0, Diff:  0.0, Sum:  0.0, Workers: 4
[2036.171s][debug][gc,phases      ] GC(184)     Dead                           Min: 0, Avg:  0.0, Max: 0, Diff: 0, Sum: 0, Workers: 4
[2036.171s][debug][gc,phases      ] GC(184)     Total                          Min: 0, Avg:  0.0, Max: 0, Diff: 0, Sum: 0, Workers: 4
[2036.171s][debug][gc,phases      ] GC(184) Weak Processing 0.450ms
[2036.171s][debug][gc,age         ] GC(184) Desired survivor size 39321600 bytes, new threshold 15 (max threshold 15)
[2036.171s][info ][gc,heap        ] GC(184) PSYoungGen: 2034400K(2057728K)->17152K(2056704K) Eden: 2017280K(2017280K)->0K(2017280K) From: 17120K(40448K)->17152K(39424K)
[2036.171s][info ][gc,heap        ] GC(184) ParOldGen: 336156K(384000K)->336156K(384000K)
[2036.171s][info ][gc,metaspace   ] GC(184) Metaspace: 83162K(84032K)->83162K(84032K) NonClass: 71142K(71616K)->71142K(71616K) Class: 12019K(12416K)->12019K(12416K)
[2036.171s][info ][gc             ] GC(184) Pause Young (Allocation Failure) 2314M->345M(2383M) 10.069ms
[2036.171s][info ][gc,cpu         ] GC(184) User=0.03s Sys=0.00s Real=0.01s
[2036.171s][info ][safepoint      ] Safepoint "ParallelGCFailedAllocation", Time since last: 5435811361 ns, Reaching safepoint: 3900 ns, Cleanup: 31100 ns, At safepoint: 10145595 ns, Total: 10180595 ns
[2042.556s][info ][safepoint      ] Safepoint "Cleanup", Time since last: 6384194210 ns, Reaching safepoint: 3700 ns, Cleanup: 61500 ns, At safepoint: 4900 ns, Total: 70100 ns
[2043.556s][info ][safepoint      ] Safepoint "Cleanup", Time since last: 1000058327 ns, Reaching safepoint: 4600 ns, Cleanup: 32200 ns, At safepoint: 3000 ns, Total: 39800 ns
[2045.556s][info ][safepoint      ] Safepoint "Cleanup", Time since last: 2000165071 ns, Reaching safepoint: 4800 ns, Cleanup: 49000 ns, At safepoint: 7400 ns, Total: 61200 ns
[2047.563s][info ][gc,start       ] GC(185) Pause Young (Allocation Failure)
[2047.580s][debug][gc,phases      ] GC(185) Scavenge 16.718ms
[2047.580s][debug][gc,ref         ] GC(185) Skipped phase 1 of Reference Processing: no references
[2047.580s][debug][gc,ref         ] GC(185) ReferenceProcessor::execute queues: 1, RefProcThreadModel::Single, marks_oops_alive: false
[2047.580s][debug][gc,ref         ] GC(185) Skipped phase 3 of Reference Processing: no references
[2047.580s][debug][gc,ref         ] GC(185) Skipped phase 4 of Reference Processing: no references
[2047.580s][debug][gc,phases      ] GC(185) Reference Processing 0.144ms
[2047.580s][debug][gc,phases      ] GC(185)   VM Weak                        Min:  0.0, Avg:  0.0, Max:  0.0, Diff:  0.0, Sum:  0.0, Workers: 4
[2047.580s][debug][gc,phases      ] GC(185)     Dead                           Min: 0, Avg:  0.0, Max: 0, Diff: 0, Sum: 0, Workers: 4
[2047.580s][debug][gc,phases      ] GC(185)     Total                          Min: 0, Avg: 181.0, Max: 448, Diff: 448, Sum: 724, Workers: 4
[2047.580s][debug][gc,phases      ] GC(185)   ObjectSynchronizer Weak        Min:  0.0, Avg:  0.0, Max:  0.0, Diff:  0.0, Sum:  0.0, Workers: 4
[2047.580s][debug][gc,phases      ] GC(185)     Dead                           Min: 0, Avg:  0.0, Max: 0, Diff: 0, Sum: 0, Workers: 4
[2047.580s][debug][gc,phases      ] GC(185)     Total                          Min: 0, Avg:  1.2, Max: 5, Diff: 5, Sum: 5, Workers: 4
[2047.580s][debug][gc,phases      ] GC(185)   JVMTI Tag Weak OopStorage      Min:  0.0, Avg:  0.0, Max:  0.0, Diff:  0.0, Sum:  0.0, Workers: 4
[2047.580s][debug][gc,phases      ] GC(185)     Dead                           Min: 0, Avg:  0.0, Max: 0, Diff: 0, Sum: 0, Workers: 4
[2047.580s][debug][gc,phases      ] GC(185)     Total                          Min: 0, Avg:  0.0, Max: 0, Diff: 0, Sum: 0, Workers: 4
[2047.580s][debug][gc,phases      ] GC(185)   StringTable Weak               Min:  0.0, Avg:  0.1, Max:  0.1, Diff:  0.1, Sum:  0.4, Workers: 4
[2047.580s][debug][gc,phases      ] GC(185)     Dead                           Min: 0, Avg:  0.0, Max: 0, Diff: 0, Sum: 0, Workers: 4
[2047.580s][debug][gc,phases      ] GC(185)     Total                          Min: 0, Avg: 10917.5, Max: 15040, Diff: 15040, Sum: 43670, Workers: 4
[2047.580s][debug][gc,phases      ] GC(185)   ResolvedMethodTable Weak       Min:  0.0, Avg:  0.0, Max:  0.0, Diff:  0.0, Sum:  0.1, Workers: 4
[2047.580s][debug][gc,phases      ] GC(185)     Dead                           Min: 0, Avg:  0.0, Max: 0, Diff: 0, Sum: 0, Workers: 4
[2047.580s][debug][gc,phases      ] GC(185)     Total                          Min: 0, Avg: 2439.8, Max: 3392, Diff: 3392, Sum: 9759, Workers: 4
[2047.580s][debug][gc,phases      ] GC(185)   JNI Weak                       Min:  0.0, Avg:  0.0, Max:  0.0, Diff:  0.0, Sum:  0.0, Workers: 4
[2047.580s][debug][gc,phases      ] GC(185)     Dead                           Min: 0, Avg:  0.0, Max: 0, Diff: 0, Sum: 0, Workers: 4
[2047.580s][debug][gc,phases      ] GC(185)     Total                          Min: 0, Avg: 11.2, Max: 45, Diff: 45, Sum: 45, Workers: 4
[2047.580s][debug][gc,phases      ] GC(185)   StringDedup Table Weak         Min:  0.0, Avg:  0.0, Max:  0.0, Diff:  0.0, Sum:  0.0, Workers: 4
[2047.580s][debug][gc,phases      ] GC(185)     Dead                           Min: 0, Avg:  0.0, Max: 0, Diff: 0, Sum: 0, Workers: 4
[2047.580s][debug][gc,phases      ] GC(185)     Total                          Min: 0, Avg:  0.0, Max: 0, Diff: 0, Sum: 0, Workers: 4
[2047.580s][debug][gc,phases      ] GC(185)   StringDedup Requests0 Weak     Min:  0.0, Avg:  0.0, Max:  0.0, Diff:  0.0, Sum:  0.0, Workers: 4
[2047.581s][debug][gc,phases      ] GC(185)     Dead                           Min: 0, Avg:  0.0, Max: 0, Diff: 0, Sum: 0, Workers: 4
[2047.581s][debug][gc,phases      ] GC(185)     Total                          Min: 0, Avg:  0.0, Max: 0, Diff: 0, Sum: 0, Workers: 4
[2047.581s][debug][gc,phases      ] GC(185)   StringDedup Requests1 Weak     Min:  0.0, Avg:  0.0, Max:  0.0, Diff:  0.0, Sum:  0.0, Workers: 4
[2047.581s][debug][gc,phases      ] GC(185)     Dead                           Min: 0, Avg:  0.0, Max: 0, Diff: 0, Sum: 0, Workers: 4
[2047.581s][debug][gc,phases      ] GC(185)     Total                          Min: 0, Avg:  0.0, Max: 0, Diff: 0, Sum: 0, Workers: 4
[2047.581s][debug][gc,phases      ] GC(185)   Weak JFR Old Object Samples    Min:  0.0, Avg:  0.0, Max:  0.0, Diff:  0.0, Sum:  0.0, Workers: 4
[2047.581s][debug][gc,phases      ] GC(185)     Dead                           Min: 0, Avg:  0.0, Max: 0, Diff: 0, Sum: 0, Workers: 4
[2047.581s][debug][gc,phases      ] GC(185)     Total                          Min: 0, Avg:  0.0, Max: 0, Diff: 0, Sum: 0, Workers: 4
[2047.581s][debug][gc,phases      ] GC(185) Weak Processing 0.431ms
[2047.581s][debug][gc,age         ] GC(185) Desired survivor size 37748736 bytes, new threshold 15 (max threshold 15)
[2047.581s][info ][gc,heap        ] GC(185) PSYoungGen: 2034432K(2056704K)->16832K(2060288K) Eden: 2017280K(2017280K)->0K(2021888K) From: 17152K(39424K)->16832K(38400K)
[2047.581s][info ][gc,heap        ] GC(185) ParOldGen: 336156K(384000K)->336156K(384000K)
[2047.581s][info ][gc,metaspace   ] GC(185) Metaspace: 83164K(84032K)->83164K(84032K) NonClass: 71144K(71616K)->71144K(71616K) Class: 12019K(12416K)->12019K(12416K)
[2047.581s][info ][gc             ] GC(185) Pause Young (Allocation Failure) 2315M->344M(2387M) 17.409ms
[2047.581s][info ][gc,cpu         ] GC(185) User=0.03s Sys=0.00s Real=0.02s
[2047.581s][info ][safepoint      ] Safepoint "ParallelGCFailedAllocation", Time since last: 2007122525 ns, Reaching safepoint: 79400 ns, Cleanup: 50200 ns, At safepoint: 17496492 ns, Total: 17626092 ns
[2051.581s][info ][safepoint      ] Safepoint "Cleanup", Time since last: 4000274456 ns, Reaching safepoint: 6700 ns, Cleanup: 34000 ns, At safepoint: 2500 ns, Total: 43200 ns
[2058.581s][info ][safepoint      ] Safepoint "Cleanup", Time since last: 7000441595 ns, Reaching safepoint: 5600 ns, Cleanup: 32700 ns, At safepoint: 9200 ns, Total: 47500 ns
[2059.019s][info ][gc,start       ] GC(186) Pause Young (Allocation Failure)
[2059.028s][debug][gc,phases      ] GC(186) Scavenge 8.899ms
[2059.028s][debug][gc,ref         ] GC(186) Skipped phase 1 of Reference Processing: no references
[2059.028s][debug][gc,ref         ] GC(186) ReferenceProcessor::execute queues: 1, RefProcThreadModel::Single, marks_oops_alive: false
[2059.028s][debug][gc,ref         ] GC(186) Skipped phase 3 of Reference Processing: no references
[2059.028s][debug][gc,ref         ] GC(186) ReferenceProcessor::execute queues: 1, RefProcThreadModel::Single, marks_oops_alive: false
[2059.028s][debug][gc,phases      ] GC(186) Reference Processing 0.091ms
[2059.028s][debug][gc,phases      ] GC(186)   VM Weak                        Min:  0.0, Avg:  0.0, Max:  0.0, Diff:  0.0, Sum:  0.0, Workers: 4
[2059.028s][debug][gc,phases      ] GC(186)     Dead                           Min: 0, Avg:  0.0, Max: 0, Diff: 0, Sum: 0, Workers: 4
[2059.028s][debug][gc,phases      ] GC(186)     Total                          Min: 0, Avg: 181.0, Max: 704, Diff: 704, Sum: 724, Workers: 4
[2059.028s][debug][gc,phases      ] GC(186)   ObjectSynchronizer Weak        Min:  0.0, Avg:  0.0, Max:  0.0, Diff:  0.0, Sum:  0.0, Workers: 4
[2059.028s][debug][gc,phases      ] GC(186)     Dead                           Min: 0, Avg:  0.0, Max: 0, Diff: 0, Sum: 0, Workers: 4
[2059.028s][debug][gc,phases      ] GC(186)     Total                          Min: 0, Avg:  1.5, Max: 6, Diff: 6, Sum: 6, Workers: 4
[2059.028s][debug][gc,phases      ] GC(186)   JVMTI Tag Weak OopStorage      Min:  0.0, Avg:  0.0, Max:  0.0, Diff:  0.0, Sum:  0.0, Workers: 4
[2059.028s][debug][gc,phases      ] GC(186)     Dead                           Min: 0, Avg:  0.0, Max: 0, Diff: 0, Sum: 0, Workers: 4
[2059.028s][debug][gc,phases      ] GC(186)     Total                          Min: 0, Avg:  0.0, Max: 0, Diff: 0, Sum: 0, Workers: 4
[2059.028s][debug][gc,phases      ] GC(186)   StringTable Weak               Min:  0.0, Avg:  0.1, Max:  0.1, Diff:  0.1, Sum:  0.4, Workers: 4
[2059.028s][debug][gc,phases      ] GC(186)     Dead                           Min: 0, Avg:  0.0, Max: 0, Diff: 0, Sum: 0, Workers: 4
[2059.028s][debug][gc,phases      ] GC(186)     Total                          Min: 0, Avg: 10917.5, Max: 16022, Diff: 16022, Sum: 43670, Workers: 4
[2059.029s][debug][gc,phases      ] GC(186)   ResolvedMethodTable Weak       Min:  0.0, Avg:  0.0, Max:  0.0, Diff:  0.0, Sum:  0.1, Workers: 4
[2059.029s][debug][gc,phases      ] GC(186)     Dead                           Min: 0, Avg:  0.0, Max: 0, Diff: 0, Sum: 0, Workers: 4
[2059.029s][debug][gc,phases      ] GC(186)     Total                          Min: 0, Avg: 2439.8, Max: 3487, Diff: 3487, Sum: 9759, Workers: 4
[2059.029s][debug][gc,phases      ] GC(186)   JNI Weak                       Min:  0.0, Avg:  0.0, Max:  0.0, Diff:  0.0, Sum:  0.0, Workers: 4
[2059.029s][debug][gc,phases      ] GC(186)     Dead                           Min: 0, Avg:  0.0, Max: 0, Diff: 0, Sum: 0, Workers: 4
[2059.029s][debug][gc,phases      ] GC(186)     Total                          Min: 0, Avg: 11.2, Max: 45, Diff: 45, Sum: 45, Workers: 4
[2059.029s][debug][gc,phases      ] GC(186)   StringDedup Table Weak         Min:  0.0, Avg:  0.0, Max:  0.0, Diff:  0.0, Sum:  0.0, Workers: 4
[2059.029s][debug][gc,phases      ] GC(186)     Dead                           Min: 0, Avg:  0.0, Max: 0, Diff: 0, Sum: 0, Workers: 4
[2059.029s][debug][gc,phases      ] GC(186)     Total                          Min: 0, Avg:  0.0, Max: 0, Diff: 0, Sum: 0, Workers: 4
[2059.029s][debug][gc,phases      ] GC(186)   StringDedup Requests0 Weak     Min:  0.0, Avg:  0.0, Max:  0.0, Diff:  0.0, Sum:  0.0, Workers: 4
[2059.029s][debug][gc,phases      ] GC(186)     Dead                           Min: 0, Avg:  0.0, Max: 0, Diff: 0, Sum: 0, Workers: 4
[2059.029s][debug][gc,phases      ] GC(186)     Total                          Min: 0, Avg:  0.0, Max: 0, Diff: 0, Sum: 0, Workers: 4
[2059.029s][debug][gc,phases      ] GC(186)   StringDedup Requests1 Weak     Min:  0.0, Avg:  0.0, Max:  0.0, Diff:  0.0, Sum:  0.0, Workers: 4
[2059.029s][debug][gc,phases      ] GC(186)     Dead                           Min: 0, Avg:  0.0, Max: 0, Diff: 0, Sum: 0, Workers: 4
[2059.029s][debug][gc,phases      ] GC(186)     Total                          Min: 0, Avg:  0.0, Max: 0, Diff: 0, Sum: 0, Workers: 4
[2059.029s][debug][gc,phases      ] GC(186)   Weak JFR Old Object Samples    Min:  0.0, Avg:  0.0, Max:  0.0, Diff:  0.0, Sum:  0.0, Workers: 4
[2059.029s][debug][gc,phases      ] GC(186)     Dead                           Min: 0, Avg:  0.0, Max: 0, Diff: 0, Sum: 0, Workers: 4
[2059.029s][debug][gc,phases      ] GC(186)     Total                          Min: 0, Avg:  0.0, Max: 0, Diff: 0, Sum: 0, Workers: 4
[2059.029s][debug][gc,phases      ] GC(186) Weak Processing 0.326ms
[2059.029s][debug][gc,age         ] GC(186) Desired survivor size 36700160 bytes, new threshold 15 (max threshold 15)
[2059.029s][info ][gc,heap        ] GC(186) PSYoungGen: 2038720K(2060288K)->16928K(2058752K) Eden: 2021888K(2021888K)->0K(2021888K) From: 16832K(38400K)->16928K(36864K)
[2059.029s][info ][gc,heap        ] GC(186) ParOldGen: 336156K(384000K)->336156K(384000K)
[2059.029s][info ][gc,metaspace   ] GC(186) Metaspace: 83166K(84032K)->83166K(84032K) NonClass: 71146K(71616K)->71146K(71616K) Class: 12019K(12416K)->12019K(12416K)
[2059.029s][info ][gc             ] GC(186) Pause Young (Allocation Failure) 2319M->344M(2385M) 9.427ms
[2059.029s][info ][gc,cpu         ] GC(186) User=0.02s Sys=0.00s Real=0.02s
[2059.029s][info ][safepoint      ] Safepoint "ParallelGCFailedAllocation", Time since last: 437575520 ns, Reaching safepoint: 76900 ns, Cleanup: 30900 ns, At safepoint: 9494696 ns, Total: 9602496 ns
[2060.029s][info ][safepoint      ] Safepoint "Cleanup", Time since last: 1000086987 ns, Reaching safepoint: 4400 ns, Cleanup: 35800 ns, At safepoint: 2300 ns, Total: 42500 ns
[2061.029s][info ][safepoint      ] Safepoint "Cleanup", Time since last: 1000093505 ns, Reaching safepoint: 3800 ns, Cleanup: 28900 ns, At safepoint: 2500 ns, Total: 35200 ns
[2070.264s][info ][gc,start       ] GC(187) Pause Young (Allocation Failure)
[2070.274s][debug][gc,phases      ] GC(187) Scavenge 10.489ms
[2070.274s][debug][gc,ref         ] GC(187) Skipped phase 1 of Reference Processing: no references
[2070.274s][debug][gc,ref         ] GC(187) ReferenceProcessor::execute queues: 1, RefProcThreadModel::Single, marks_oops_alive: false
[2070.274s][debug][gc,ref         ] GC(187) Skipped phase 3 of Reference Processing: no references
[2070.274s][debug][gc,ref         ] GC(187) Skipped phase 4 of Reference Processing: no references
[2070.274s][debug][gc,phases      ] GC(187) Reference Processing 0.099ms
[2070.274s][debug][gc,phases      ] GC(187)   VM Weak                        Min:  0.0, Avg:  0.0, Max:  0.0, Diff:  0.0, Sum:  0.0, Workers: 4
[2070.274s][debug][gc,phases      ] GC(187)     Dead                           Min: 0, Avg:  0.0, Max: 0, Diff: 0, Sum: 0, Workers: 4
[2070.274s][debug][gc,phases      ] GC(187)     Total                          Min: 0, Avg: 181.0, Max: 468, Diff: 468, Sum: 724, Workers: 4
[2070.274s][debug][gc,phases      ] GC(187)   ObjectSynchronizer Weak        Min:  0.0, Avg:  0.0, Max:  0.0, Diff:  0.0, Sum:  0.0, Workers: 4
[2070.274s][debug][gc,phases      ] GC(187)     Dead                           Min: 0, Avg:  0.0, Max: 0, Diff: 0, Sum: 0, Workers: 4
[2070.274s][debug][gc,phases      ] GC(187)     Total                          Min: 0, Avg:  1.5, Max: 6, Diff: 6, Sum: 6, Workers: 4
[2070.274s][debug][gc,phases      ] GC(187)   JVMTI Tag Weak OopStorage      Min:  0.0, Avg:  0.0, Max:  0.0, Diff:  0.0, Sum:  0.0, Workers: 4
[2070.274s][debug][gc,phases      ] GC(187)     Dead                           Min: 0, Avg:  0.0, Max: 0, Diff: 0, Sum: 0, Workers: 4
[2070.274s][debug][gc,phases      ] GC(187)     Total                          Min: 0, Avg:  0.0, Max: 0, Diff: 0, Sum: 0, Workers: 4
[2070.274s][debug][gc,phases      ] GC(187)   StringTable Weak               Min:  0.0, Avg:  0.1, Max:  0.2, Diff:  0.2, Sum:  0.3, Workers: 4
[2070.274s][debug][gc,phases      ] GC(187)     Dead                           Min: 0, Avg:  0.0, Max: 0, Diff: 0, Sum: 0, Workers: 4
[2070.274s][debug][gc,phases      ] GC(187)     Total                          Min: 0, Avg: 10917.5, Max: 27520, Diff: 27520, Sum: 43670, Workers: 4
[2070.274s][debug][gc,phases      ] GC(187)   ResolvedMethodTable Weak       Min:  0.0, Avg:  0.0, Max:  0.0, Diff:  0.0, Sum:  0.1, Workers: 4
[2070.274s][debug][gc,phases      ] GC(187)     Dead                           Min: 0, Avg:  0.0, Max: 0, Diff: 0, Sum: 0, Workers: 4
[2070.274s][debug][gc,phases      ] GC(187)     Total                          Min: 0, Avg: 2439.8, Max: 6016, Diff: 6016, Sum: 9759, Workers: 4
[2070.274s][debug][gc,phases      ] GC(187)   JNI Weak                       Min:  0.0, Avg:  0.0, Max:  0.0, Diff:  0.0, Sum:  0.0, Workers: 4
[2070.274s][debug][gc,phases      ] GC(187)     Dead                           Min: 0, Avg:  0.0, Max: 0, Diff: 0, Sum: 0, Workers: 4
[2070.274s][debug][gc,phases      ] GC(187)     Total                          Min: 0, Avg: 11.2, Max: 45, Diff: 45, Sum: 45, Workers: 4
[2070.274s][debug][gc,phases      ] GC(187)   StringDedup Table Weak         Min:  0.0, Avg:  0.0, Max:  0.0, Diff:  0.0, Sum:  0.0, Workers: 4
[2070.275s][debug][gc,phases      ] GC(187)     Dead                           Min: 0, Avg:  0.0, Max: 0, Diff: 0, Sum: 0, Workers: 4
[2070.275s][debug][gc,phases      ] GC(187)     Total                          Min: 0, Avg:  0.0, Max: 0, Diff: 0, Sum: 0, Workers: 4
[2070.275s][debug][gc,phases      ] GC(187)   StringDedup Requests0 Weak     Min:  0.0, Avg:  0.0, Max:  0.0, Diff:  0.0, Sum:  0.0, Workers: 4
[2070.275s][debug][gc,phases      ] GC(187)     Dead                           Min: 0, Avg:  0.0, Max: 0, Diff: 0, Sum: 0, Workers: 4
[2070.275s][debug][gc,phases      ] GC(187)     Total                          Min: 0, Avg:  0.0, Max: 0, Diff: 0, Sum: 0, Workers: 4
[2070.275s][debug][gc,phases      ] GC(187)   StringDedup Requests1 Weak     Min:  0.0, Avg:  0.0, Max:  0.0, Diff:  0.0, Sum:  0.0, Workers: 4
[2070.275s][debug][gc,phases      ] GC(187)     Dead                           Min: 0, Avg:  0.0, Max: 0, Diff: 0, Sum: 0, Workers: 4
[2070.275s][debug][gc,phases      ] GC(187)     Total                          Min: 0, Avg:  0.0, Max: 0, Diff: 0, Sum: 0, Workers: 4
[2070.275s][debug][gc,phases      ] GC(187)   Weak JFR Old Object Samples    Min:  0.0, Avg:  0.0, Max:  0.0, Diff:  0.0, Sum:  0.0, Workers: 4
[2070.275s][debug][gc,phases      ] GC(187)     Dead                           Min: 0, Avg:  0.0, Max: 0, Diff: 0, Sum: 0, Workers: 4
[2070.275s][debug][gc,phases      ] GC(187)     Total                          Min: 0, Avg:  0.0, Max: 0, Diff: 0, Sum: 0, Workers: 4
[2070.275s][debug][gc,phases      ] GC(187) Weak Processing 0.371ms
[2070.275s][debug][gc,age         ] GC(187) Desired survivor size 35651584 bytes, new threshold 15 (max threshold 15)
[2070.275s][info ][gc,heap        ] GC(187) PSYoungGen: 2038816K(2058752K)->16896K(2062336K) Eden: 2021888K(2021888K)->0K(2026496K) From: 16928K(36864K)->16896K(35840K)
[2070.275s][info ][gc,heap        ] GC(187) ParOldGen: 336156K(384000K)->336156K(384000K)
[2070.275s][info ][gc,metaspace   ] GC(187) Metaspace: 83173K(84032K)->83173K(84032K) NonClass: 71153K(71616K)->71153K(71616K) Class: 12019K(12416K)->12019K(12416K)
[2070.275s][info ][gc             ] GC(187) Pause Young (Allocation Failure) 2319M->344M(2389M) 11.051ms
[2070.275s][info ][gc,cpu         ] GC(187) User=0.03s Sys=0.00s Real=0.01s
[2070.275s][info ][safepoint      ] Safepoint "ParallelGCFailedAllocation", Time since last: 9234565601 ns, Reaching safepoint: 4100 ns, Cleanup: 24100 ns, At safepoint: 11126295 ns, Total: 11154495 ns
[2072.275s][info ][safepoint      ] Safepoint "Cleanup", Time since last: 2000144024 ns, Reaching safepoint: 4700 ns, Cleanup: 31100 ns, At safepoint: 2800 ns, Total: 38600 ns
[2075.275s][info ][safepoint      ] Safepoint "Cleanup", Time since last: 3000231987 ns, Reaching safepoint: 5400 ns, Cleanup: 31200 ns, At safepoint: 3200 ns, Total: 39800 ns
[2081.264s][info ][gc,start       ] GC(188) Pause Young (Allocation Failure)
[2081.280s][debug][gc,phases      ] GC(188) Scavenge 15.070ms
[2081.280s][debug][gc,ref         ] GC(188) Skipped phase 1 of Reference Processing: no references
[2081.280s][debug][gc,ref         ] GC(188) ReferenceProcessor::execute queues: 1, RefProcThreadModel::Single, marks_oops_alive: false
[2081.280s][debug][gc,ref         ] GC(188) Skipped phase 3 of Reference Processing: no references
[2081.280s][debug][gc,ref         ] GC(188) Skipped phase 4 of Reference Processing: no references
[2081.280s][debug][gc,phases      ] GC(188) Reference Processing 0.085ms
[2081.280s][debug][gc,phases      ] GC(188)   VM Weak                        Min:  0.0, Avg:  0.0, Max:  0.0, Diff:  0.0, Sum:  0.0, Workers: 4
[2081.280s][debug][gc,phases      ] GC(188)     Dead                           Min: 0, Avg:  0.0, Max: 0, Diff: 0, Sum: 0, Workers: 4
[2081.280s][debug][gc,phases      ] GC(188)     Total                          Min: 0, Avg: 181.0, Max: 704, Diff: 704, Sum: 724, Workers: 4
[2081.280s][debug][gc,phases      ] GC(188)   ObjectSynchronizer Weak        Min:  0.0, Avg:  0.0, Max:  0.0, Diff:  0.0, Sum:  0.0, Workers: 4
[2081.280s][debug][gc,phases      ] GC(188)     Dead                           Min: 0, Avg:  0.0, Max: 0, Diff: 0, Sum: 0, Workers: 4
[2081.280s][debug][gc,phases      ] GC(188)     Total                          Min: 0, Avg:  1.5, Max: 6, Diff: 6, Sum: 6, Workers: 4
[2081.280s][debug][gc,phases      ] GC(188)   JVMTI Tag Weak OopStorage      Min:  0.0, Avg:  0.0, Max:  0.0, Diff:  0.0, Sum:  0.0, Workers: 4
[2081.280s][debug][gc,phases      ] GC(188)     Dead                           Min: 0, Avg:  0.0, Max: 0, Diff: 0, Sum: 0, Workers: 4
[2081.280s][debug][gc,phases      ] GC(188)     Total                          Min: 0, Avg:  0.0, Max: 0, Diff: 0, Sum: 0, Workers: 4
[2081.280s][debug][gc,phases      ] GC(188)   StringTable Weak               Min:  0.0, Avg:  0.1, Max:  0.1, Diff:  0.1, Sum:  0.4, Workers: 4
[2081.280s][debug][gc,phases      ] GC(188)     Dead                           Min: 0, Avg:  0.0, Max: 0, Diff: 0, Sum: 0, Workers: 4
[2081.280s][debug][gc,phases      ] GC(188)     Total                          Min: 0, Avg: 10917.5, Max: 15104, Diff: 15104, Sum: 43670, Workers: 4
[2081.280s][debug][gc,phases      ] GC(188)   ResolvedMethodTable Weak       Min:  0.0, Avg:  0.1, Max:  0.1, Diff:  0.1, Sum:  0.2, Workers: 4
[2081.280s][debug][gc,phases      ] GC(188)     Dead                           Min: 0, Avg:  0.0, Max: 0, Diff: 0, Sum: 0, Workers: 4
[2081.280s][debug][gc,phases      ] GC(188)     Total                          Min: 0, Avg: 2439.8, Max: 6239, Diff: 6239, Sum: 9759, Workers: 4
[2081.280s][debug][gc,phases      ] GC(188)   JNI Weak                       Min:  0.0, Avg:  0.0, Max:  0.0, Diff:  0.0, Sum:  0.0, Workers: 4
[2081.280s][debug][gc,phases      ] GC(188)     Dead                           Min: 0, Avg:  0.0, Max: 0, Diff: 0, Sum: 0, Workers: 4
[2081.280s][debug][gc,phases      ] GC(188)     Total                          Min: 0, Avg: 11.2, Max: 45, Diff: 45, Sum: 45, Workers: 4
[2081.280s][debug][gc,phases      ] GC(188)   StringDedup Table Weak         Min:  0.0, Avg:  0.0, Max:  0.0, Diff:  0.0, Sum:  0.0, Workers: 4
[2081.280s][debug][gc,phases      ] GC(188)     Dead                           Min: 0, Avg:  0.0, Max: 0, Diff: 0, Sum: 0, Workers: 4
[2081.280s][debug][gc,phases      ] GC(188)     Total                          Min: 0, Avg:  0.0, Max: 0, Diff: 0, Sum: 0, Workers: 4
[2081.280s][debug][gc,phases      ] GC(188)   StringDedup Requests0 Weak     Min:  0.0, Avg:  0.0, Max:  0.0, Diff:  0.0, Sum:  0.0, Workers: 4
[2081.280s][debug][gc,phases      ] GC(188)     Dead                           Min: 0, Avg:  0.0, Max: 0, Diff: 0, Sum: 0, Workers: 4
[2081.280s][debug][gc,phases      ] GC(188)     Total                          Min: 0, Avg:  0.0, Max: 0, Diff: 0, Sum: 0, Workers: 4
[2081.280s][debug][gc,phases      ] GC(188)   StringDedup Requests1 Weak     Min:  0.0, Avg:  0.0, Max:  0.0, Diff:  0.0, Sum:  0.0, Workers: 4
[2081.280s][debug][gc,phases      ] GC(188)     Dead                           Min: 0, Avg:  0.0, Max: 0, Diff: 0, Sum: 0, Workers: 4
[2081.280s][debug][gc,phases      ] GC(188)     Total                          Min: 0, Avg:  0.0, Max: 0, Diff: 0, Sum: 0, Workers: 4
[2081.280s][debug][gc,phases      ] GC(188)   Weak JFR Old Object Samples    Min:  0.0, Avg:  0.0, Max:  0.0, Diff:  0.0, Sum:  0.0, Workers: 4
[2081.280s][debug][gc,phases      ] GC(188)     Dead                           Min: 0, Avg:  0.0, Max: 0, Diff: 0, Sum: 0, Workers: 4
[2081.280s][debug][gc,phases      ] GC(188)     Total                          Min: 0, Avg:  0.0, Max: 0, Diff: 0, Sum: 0, Workers: 4
[2081.280s][debug][gc,phases      ] GC(188) Weak Processing 0.451ms
[2081.280s][debug][gc,age         ] GC(188) Desired survivor size 34603008 bytes, new threshold 15 (max threshold 15)
[2081.280s][info ][gc,heap        ] GC(188) PSYoungGen: 2043392K(2062336K)->17056K(2061312K) Eden: 2026496K(2026496K)->0K(2026496K) From: 16896K(35840K)->17056K(34816K)
[2081.280s][info ][gc,heap        ] GC(188) ParOldGen: 336156K(384000K)->336156K(384000K)
[2081.280s][info ][gc,metaspace   ] GC(188) Metaspace: 83176K(84032K)->83176K(84032K) NonClass: 71156K(71616K)->71156K(71616K) Class: 12019K(12416K)->12019K(12416K)
[2081.280s][info ][gc             ] GC(188) Pause Young (Allocation Failure) 2323M->344M(2388M) 15.703ms
[2081.280s][info ][gc,cpu         ] GC(188) User=0.03s Sys=0.00s Real=0.02s
[2081.280s][info ][safepoint      ] Safepoint "ParallelGCFailedAllocation", Time since last: 5989338386 ns, Reaching safepoint: 5700 ns, Cleanup: 26600 ns, At safepoint: 15769294 ns, Total: 15801594 ns
[2084.280s][info ][safepoint      ] Safepoint "Cleanup", Time since last: 3000111512 ns, Reaching safepoint: 5300 ns, Cleanup: 36900 ns, At safepoint: 4600 ns, Total: 46800 ns
[2092.816s][info ][gc,start       ] GC(189) Pause Young (Allocation Failure)
[2092.827s][debug][gc,phases      ] GC(189) Scavenge 10.852ms
[2092.827s][debug][gc,ref         ] GC(189) Skipped phase 1 of Reference Processing: no references
[2092.827s][debug][gc,ref         ] GC(189) ReferenceProcessor::execute queues: 1, RefProcThreadModel::Single, marks_oops_alive: false
[2092.827s][debug][gc,ref         ] GC(189) Skipped phase 3 of Reference Processing: no references
[2092.827s][debug][gc,ref         ] GC(189) Skipped phase 4 of Reference Processing: no references
[2092.827s][debug][gc,phases      ] GC(189) Reference Processing 0.129ms
[2092.827s][debug][gc,phases      ] GC(189)   VM Weak                        Min:  0.0, Avg:  0.0, Max:  0.0, Diff:  0.0, Sum:  0.0, Workers: 4
[2092.827s][debug][gc,phases      ] GC(189)     Dead                           Min: 0, Avg:  0.0, Max: 0, Diff: 0, Sum: 0, Workers: 4
[2092.827s][debug][gc,phases      ] GC(189)     Total                          Min: 0, Avg: 181.0, Max: 640, Diff: 640, Sum: 724, Workers: 4
[2092.827s][debug][gc,phases      ] GC(189)   ObjectSynchronizer Weak        Min:  0.0, Avg:  0.0, Max:  0.0, Diff:  0.0, Sum:  0.0, Workers: 4
[2092.827s][debug][gc,phases      ] GC(189)     Dead                           Min: 0, Avg:  0.0, Max: 0, Diff: 0, Sum: 0, Workers: 4
[2092.827s][debug][gc,phases      ] GC(189)     Total                          Min: 0, Avg:  1.5, Max: 6, Diff: 6, Sum: 6, Workers: 4
[2092.827s][debug][gc,phases      ] GC(189)   JVMTI Tag Weak OopStorage      Min:  0.0, Avg:  0.0, Max:  0.0, Diff:  0.0, Sum:  0.0, Workers: 4
[2092.827s][debug][gc,phases      ] GC(189)     Dead                           Min: 0, Avg:  0.0, Max: 0, Diff: 0, Sum: 0, Workers: 4
[2092.827s][debug][gc,phases      ] GC(189)     Total                          Min: 0, Avg:  0.0, Max: 0, Diff: 0, Sum: 0, Workers: 4
[2092.827s][debug][gc,phases      ] GC(189)   StringTable Weak               Min:  0.0, Avg:  0.1, Max:  0.2, Diff:  0.2, Sum:  0.4, Workers: 4
[2092.827s][debug][gc,phases      ] GC(189)     Dead                           Min: 0, Avg:  0.0, Max: 0, Diff: 0, Sum: 0, Workers: 4
[2092.827s][debug][gc,phases      ] GC(189)     Total                          Min: 0, Avg: 10917.5, Max: 22166, Diff: 22166, Sum: 43670, Workers: 4
[2092.827s][debug][gc,phases      ] GC(189)   ResolvedMethodTable Weak       Min:  0.0, Avg:  0.0, Max:  0.0, Diff:  0.0, Sum:  0.1, Workers: 4
[2092.827s][debug][gc,phases      ] GC(189)     Dead                           Min: 0, Avg:  0.0, Max: 0, Diff: 0, Sum: 0, Workers: 4
[2092.827s][debug][gc,phases      ] GC(189)     Total                          Min: 0, Avg: 2439.8, Max: 4992, Diff: 4992, Sum: 9759, Workers: 4
[2092.827s][debug][gc,phases      ] GC(189)   JNI Weak                       Min:  0.0, Avg:  0.0, Max:  0.0, Diff:  0.0, Sum:  0.0, Workers: 4
[2092.827s][debug][gc,phases      ] GC(189)     Dead                           Min: 0, Avg:  0.0, Max: 0, Diff: 0, Sum: 0, Workers: 4
[2092.827s][debug][gc,phases      ] GC(189)     Total                          Min: 0, Avg: 11.2, Max: 45, Diff: 45, Sum: 45, Workers: 4
[2092.827s][debug][gc,phases      ] GC(189)   StringDedup Table Weak         Min:  0.0, Avg:  0.0, Max:  0.0, Diff:  0.0, Sum:  0.0, Workers: 4
[2092.827s][debug][gc,phases      ] GC(189)     Dead                           Min: 0, Avg:  0.0, Max: 0, Diff: 0, Sum: 0, Workers: 4
[2092.827s][debug][gc,phases      ] GC(189)     Total                          Min: 0, Avg:  0.0, Max: 0, Diff: 0, Sum: 0, Workers: 4
[2092.827s][debug][gc,phases      ] GC(189)   StringDedup Requests0 Weak     Min:  0.0, Avg:  0.0, Max:  0.0, Diff:  0.0, Sum:  0.0, Workers: 4
[2092.827s][debug][gc,phases      ] GC(189)     Dead                           Min: 0, Avg:  0.0, Max: 0, Diff: 0, Sum: 0, Workers: 4
[2092.827s][debug][gc,phases      ] GC(189)     Total                          Min: 0, Avg:  0.0, Max: 0, Diff: 0, Sum: 0, Workers: 4
[2092.827s][debug][gc,phases      ] GC(189)   StringDedup Requests1 Weak     Min:  0.0, Avg:  0.0, Max:  0.0, Diff:  0.0, Sum:  0.0, Workers: 4
[2092.827s][debug][gc,phases      ] GC(189)     Dead                           Min: 0, Avg:  0.0, Max: 0, Diff: 0, Sum: 0, Workers: 4
[2092.827s][debug][gc,phases      ] GC(189)     Total                          Min: 0, Avg:  0.0, Max: 0, Diff: 0, Sum: 0, Workers: 4
[2092.827s][debug][gc,phases      ] GC(189)   Weak JFR Old Object Samples    Min:  0.0, Avg:  0.0, Max:  0.0, Diff:  0.0, Sum:  0.0, Workers: 4
[2092.827s][debug][gc,phases      ] GC(189)     Dead                           Min: 0, Avg:  0.0, Max: 0, Diff: 0, Sum: 0, Workers: 4
[2092.827s][debug][gc,phases      ] GC(189)     Total                          Min: 0, Avg:  0.0, Max: 0, Diff: 0, Sum: 0, Workers: 4
[2092.827s][debug][gc,phases      ] GC(189) Weak Processing 0.452ms
[2092.827s][debug][gc,age         ] GC(189) Desired survivor size 33030144 bytes, new threshold 15 (max threshold 15)
[2092.827s][info ][gc,heap        ] GC(189) PSYoungGen: 2043552K(2061312K)->16864K(2064896K) Eden: 2026496K(2026496K)->0K(2031104K) From: 17056K(34816K)->16864K(33792K)
[2092.827s][info ][gc,heap        ] GC(189) ParOldGen: 336156K(384000K)->336156K(384000K)
[2092.827s][info ][gc,metaspace   ] GC(189) Metaspace: 83184K(84032K)->83184K(84032K) NonClass: 71164K(71616K)->71164K(71616K) Class: 12019K(12416K)->12019K(12416K)
[2092.827s][info ][gc             ] GC(189) Pause Young (Allocation Failure) 2323M->344M(2391M) 11.568ms
[2092.827s][info ][gc,cpu         ] GC(189) User=0.02s Sys=0.00s Real=0.01s
[2092.827s][info ][safepoint      ] Safepoint "ParallelGCFailedAllocation", Time since last: 8535347011 ns, Reaching safepoint: 82699 ns, Cleanup: 19500 ns, At safepoint: 11639297 ns, Total: 11741496 ns
[2098.828s][info ][safepoint      ] Safepoint "Cleanup", Time since last: 6000367481 ns, Reaching safepoint: 4800 ns, Cleanup: 39400 ns, At safepoint: 37900 ns, Total: 82100 ns
[2103.615s][info ][gc,start       ] GC(190) Pause Young (Allocation Failure)
[2103.625s][debug][gc,phases      ] GC(190) Scavenge 10.207ms
[2103.625s][debug][gc,ref         ] GC(190) Skipped phase 1 of Reference Processing: no references
[2103.625s][debug][gc,ref         ] GC(190) ReferenceProcessor::execute queues: 1, RefProcThreadModel::Single, marks_oops_alive: false
[2103.625s][debug][gc,ref         ] GC(190) Skipped phase 3 of Reference Processing: no references
[2103.625s][debug][gc,ref         ] GC(190) Skipped phase 4 of Reference Processing: no references
[2103.625s][debug][gc,phases      ] GC(190) Reference Processing 0.091ms
[2103.625s][debug][gc,phases      ] GC(190)   VM Weak                        Min:  0.0, Avg:  0.0, Max:  0.0, Diff:  0.0, Sum:  0.0, Workers: 4
[2103.625s][debug][gc,phases      ] GC(190)     Dead                           Min: 0, Avg:  0.0, Max: 0, Diff: 0, Sum: 0, Workers: 4
[2103.625s][debug][gc,phases      ] GC(190)     Total                          Min: 0, Avg: 181.0, Max: 384, Diff: 384, Sum: 724, Workers: 4
[2103.625s][debug][gc,phases      ] GC(190)   ObjectSynchronizer Weak        Min:  0.0, Avg:  0.0, Max:  0.0, Diff:  0.0, Sum:  0.0, Workers: 4
[2103.625s][debug][gc,phases      ] GC(190)     Dead                           Min: 0, Avg:  0.0, Max: 0, Diff: 0, Sum: 0, Workers: 4
[2103.625s][debug][gc,phases      ] GC(190)     Total                          Min: 0, Avg:  1.2, Max: 5, Diff: 5, Sum: 5, Workers: 4
[2103.625s][debug][gc,phases      ] GC(190)   JVMTI Tag Weak OopStorage      Min:  0.0, Avg:  0.0, Max:  0.0, Diff:  0.0, Sum:  0.0, Workers: 4
[2103.625s][debug][gc,phases      ] GC(190)     Dead                           Min: 0, Avg:  0.0, Max: 0, Diff: 0, Sum: 0, Workers: 4
[2103.625s][debug][gc,phases      ] GC(190)     Total                          Min: 0, Avg:  0.0, Max: 0, Diff: 0, Sum: 0, Workers: 4
[2103.625s][debug][gc,phases      ] GC(190)   StringTable Weak               Min:  0.0, Avg:  0.1, Max:  0.1, Diff:  0.1, Sum:  0.4, Workers: 4
[2103.625s][debug][gc,phases      ] GC(190)     Dead                           Min: 0, Avg:  0.0, Max: 0, Diff: 0, Sum: 0, Workers: 4
[2103.625s][debug][gc,phases      ] GC(190)     Total                          Min: 0, Avg: 10917.5, Max: 14742, Diff: 14742, Sum: 43670, Workers: 4
[2103.625s][debug][gc,phases      ] GC(190)   ResolvedMethodTable Weak       Min:  0.0, Avg:  0.0, Max:  0.0, Diff:  0.0, Sum:  0.1, Workers: 4
[2103.625s][debug][gc,phases      ] GC(190)     Dead                           Min: 0, Avg:  0.0, Max: 0, Diff: 0, Sum: 0, Workers: 4
[2103.626s][debug][gc,phases      ] GC(190)     Total                          Min: 0, Avg: 2439.8, Max: 3456, Diff: 3456, Sum: 9759, Workers: 4
[2103.626s][debug][gc,phases      ] GC(190)   JNI Weak                       Min:  0.0, Avg:  0.0, Max:  0.0, Diff:  0.0, Sum:  0.0, Workers: 4
[2103.626s][debug][gc,phases      ] GC(190)     Dead                           Min: 0, Avg:  0.0, Max: 0, Diff: 0, Sum: 0, Workers: 4
[2103.626s][debug][gc,phases      ] GC(190)     Total                          Min: 0, Avg: 11.2, Max: 45, Diff: 45, Sum: 45, Workers: 4
[2103.626s][debug][gc,phases      ] GC(190)   StringDedup Table Weak         Min:  0.0, Avg:  0.0, Max:  0.0, Diff:  0.0, Sum:  0.0, Workers: 4
[2103.626s][debug][gc,phases      ] GC(190)     Dead                           Min: 0, Avg:  0.0, Max: 0, Diff: 0, Sum: 0, Workers: 4
[2103.626s][debug][gc,phases      ] GC(190)     Total                          Min: 0, Avg:  0.0, Max: 0, Diff: 0, Sum: 0, Workers: 4
[2103.626s][debug][gc,phases      ] GC(190)   StringDedup Requests0 Weak     Min:  0.0, Avg:  0.0, Max:  0.0, Diff:  0.0, Sum:  0.0, Workers: 4
[2103.626s][debug][gc,phases      ] GC(190)     Dead                           Min: 0, Avg:  0.0, Max: 0, Diff: 0, Sum: 0, Workers: 4
[2103.626s][debug][gc,phases      ] GC(190)     Total                          Min: 0, Avg:  0.0, Max: 0, Diff: 0, Sum: 0, Workers: 4
[2103.626s][debug][gc,phases      ] GC(190)   StringDedup Requests1 Weak     Min:  0.0, Avg:  0.0, Max:  0.0, Diff:  0.0, Sum:  0.0, Workers: 4
[2103.626s][debug][gc,phases      ] GC(190)     Dead                           Min: 0, Avg:  0.0, Max: 0, Diff: 0, Sum: 0, Workers: 4
[2103.626s][debug][gc,phases      ] GC(190)     Total                          Min: 0, Avg:  0.0, Max: 0, Diff: 0, Sum: 0, Workers: 4
[2103.626s][debug][gc,phases      ] GC(190)   Weak JFR Old Object Samples    Min:  0.0, Avg:  0.0, Max:  0.0, Diff:  0.0, Sum:  0.0, Workers: 4
[2103.626s][debug][gc,phases      ] GC(190)     Dead                           Min: 0, Avg:  0.0, Max: 0, Diff: 0, Sum: 0, Workers: 4
[2103.626s][debug][gc,phases      ] GC(190)     Total                          Min: 0, Avg:  0.0, Max: 0, Diff: 0, Sum: 0, Workers: 4
[2103.626s][debug][gc,phases      ] GC(190) Weak Processing 0.339ms
[2103.626s][debug][gc,age         ] GC(190) Desired survivor size 32505856 bytes, new threshold 15 (max threshold 15)
[2103.626s][info ][gc,heap        ] GC(190) PSYoungGen: 2047968K(2064896K)->17088K(2063360K) Eden: 2031104K(2031104K)->0K(2031104K) From: 16864K(33792K)->17088K(32256K)
[2103.626s][info ][gc,heap        ] GC(190) ParOldGen: 336156K(384000K)->336156K(384000K)
[2103.626s][info ][gc,metaspace   ] GC(190) Metaspace: 83190K(84032K)->83190K(84032K) NonClass: 71170K(71616K)->71170K(71616K) Class: 12019K(12416K)->12019K(12416K)
[2103.626s][info ][gc             ] GC(190) Pause Young (Allocation Failure) 2328M->344M(2390M) 10.747ms
[2103.626s][info ][gc,cpu         ] GC(190) User=0.03s Sys=0.00s Real=0.01s
[2103.626s][info ][safepoint      ] Safepoint "ParallelGCFailedAllocation", Time since last: 4786881284 ns, Reaching safepoint: 4500 ns, Cleanup: 20000 ns, At safepoint: 10825498 ns, Total: 10849998 ns
[2105.626s][info ][safepoint      ] Safepoint "Cleanup", Time since last: 2000145033 ns, Reaching safepoint: 4700 ns, Cleanup: 27600 ns, At safepoint: 4600 ns, Total: 36900 ns
[2111.626s][info ][safepoint      ] Safepoint "Cleanup", Time since last: 6000438144 ns, Reaching safepoint: 4800 ns, Cleanup: 50500 ns, At safepoint: 5900 ns, Total: 61200 ns
[2115.163s][info ][gc,start       ] GC(191) Pause Young (Allocation Failure)
[2115.172s][debug][gc,phases      ] GC(191) Scavenge 8.977ms
[2115.172s][debug][gc,ref         ] GC(191) Skipped phase 1 of Reference Processing: no references
[2115.172s][debug][gc,ref         ] GC(191) ReferenceProcessor::execute queues: 1, RefProcThreadModel::Single, marks_oops_alive: false
[2115.172s][debug][gc,ref         ] GC(191) Skipped phase 3 of Reference Processing: no references
[2115.172s][debug][gc,ref         ] GC(191) Skipped phase 4 of Reference Processing: no references
[2115.172s][debug][gc,phases      ] GC(191) Reference Processing 0.090ms
[2115.173s][debug][gc,phases      ] GC(191)   VM Weak                        Min:  0.0, Avg:  0.0, Max:  0.0, Diff:  0.0, Sum:  0.0, Workers: 4
[2115.173s][debug][gc,phases      ] GC(191)     Dead                           Min: 0, Avg:  0.0, Max: 0, Diff: 0, Sum: 0, Workers: 4
[2115.173s][debug][gc,phases      ] GC(191)     Total                          Min: 0, Avg: 181.0, Max: 320, Diff: 320, Sum: 724, Workers: 4
[2115.173s][debug][gc,phases      ] GC(191)   ObjectSynchronizer Weak        Min:  0.0, Avg:  0.0, Max:  0.0, Diff:  0.0, Sum:  0.0, Workers: 4
[2115.173s][debug][gc,phases      ] GC(191)     Dead                           Min: 0, Avg:  0.5, Max: 2, Diff: 2, Sum: 2, Workers: 4
[2115.173s][debug][gc,phases      ] GC(191)     Total                          Min: 0, Avg:  1.8, Max: 7, Diff: 7, Sum: 7, Workers: 4
[2115.173s][debug][gc,phases      ] GC(191)   JVMTI Tag Weak OopStorage      Min:  0.0, Avg:  0.0, Max:  0.0, Diff:  0.0, Sum:  0.0, Workers: 4
[2115.173s][debug][gc,phases      ] GC(191)     Dead                           Min: 0, Avg:  0.0, Max: 0, Diff: 0, Sum: 0, Workers: 4
[2115.173s][debug][gc,phases      ] GC(191)     Total                          Min: 0, Avg:  0.0, Max: 0, Diff: 0, Sum: 0, Workers: 4
[2115.173s][debug][gc,phases      ] GC(191)   StringTable Weak               Min:  0.0, Avg:  0.1, Max:  0.1, Diff:  0.1, Sum:  0.4, Workers: 4
[2115.173s][debug][gc,phases      ] GC(191)     Dead                           Min: 0, Avg:  0.0, Max: 0, Diff: 0, Sum: 0, Workers: 4
[2115.173s][debug][gc,phases      ] GC(191)     Total                          Min: 0, Avg: 10920.8, Max: 14592, Diff: 14592, Sum: 43683, Workers: 4
[2115.173s][debug][gc,phases      ] GC(191)   ResolvedMethodTable Weak       Min:  0.0, Avg:  0.0, Max:  0.0, Diff:  0.0, Sum:  0.1, Workers: 4
[2115.173s][debug][gc,phases      ] GC(191)     Dead                           Min: 0, Avg:  0.0, Max: 0, Diff: 0, Sum: 0, Workers: 4
[2115.173s][debug][gc,phases      ] GC(191)     Total                          Min: 0, Avg: 2439.8, Max: 3392, Diff: 3392, Sum: 9759, Workers: 4
[2115.173s][debug][gc,phases      ] GC(191)   JNI Weak                       Min:  0.0, Avg:  0.0, Max:  0.0, Diff:  0.0, Sum:  0.0, Workers: 4
[2115.173s][debug][gc,phases      ] GC(191)     Dead                           Min: 0, Avg:  0.0, Max: 0, Diff: 0, Sum: 0, Workers: 4
[2115.173s][debug][gc,phases      ] GC(191)     Total                          Min: 0, Avg: 11.2, Max: 45, Diff: 45, Sum: 45, Workers: 4
[2115.173s][debug][gc,phases      ] GC(191)   StringDedup Table Weak         Min:  0.0, Avg:  0.0, Max:  0.0, Diff:  0.0, Sum:  0.0, Workers: 4
[2115.173s][debug][gc,phases      ] GC(191)     Dead                           Min: 0, Avg:  0.0, Max: 0, Diff: 0, Sum: 0, Workers: 4
[2115.173s][debug][gc,phases      ] GC(191)     Total                          Min: 0, Avg:  0.0, Max: 0, Diff: 0, Sum: 0, Workers: 4
[2115.173s][debug][gc,phases      ] GC(191)   StringDedup Requests0 Weak     Min:  0.0, Avg:  0.0, Max:  0.0, Diff:  0.0, Sum:  0.0, Workers: 4
[2115.173s][debug][gc,phases      ] GC(191)     Dead                           Min: 0, Avg:  0.0, Max: 0, Diff: 0, Sum: 0, Workers: 4
[2115.173s][debug][gc,phases      ] GC(191)     Total                          Min: 0, Avg:  0.0, Max: 0, Diff: 0, Sum: 0, Workers: 4
[2115.173s][debug][gc,phases      ] GC(191)   StringDedup Requests1 Weak     Min:  0.0, Avg:  0.0, Max:  0.0, Diff:  0.0, Sum:  0.0, Workers: 4
[2115.173s][debug][gc,phases      ] GC(191)     Dead                           Min: 0, Avg:  0.0, Max: 0, Diff: 0, Sum: 0, Workers: 4
[2115.173s][debug][gc,phases      ] GC(191)     Total                          Min: 0, Avg:  0.0, Max: 0, Diff: 0, Sum: 0, Workers: 4
[2115.173s][debug][gc,phases      ] GC(191)   Weak JFR Old Object Samples    Min:  0.0, Avg:  0.0, Max:  0.0, Diff:  0.0, Sum:  0.0, Workers: 4
[2115.173s][debug][gc,phases      ] GC(191)     Dead                           Min: 0, Avg:  0.0, Max: 0, Diff: 0, Sum: 0, Workers: 4
[2115.173s][debug][gc,phases      ] GC(191)     Total                          Min: 0, Avg:  0.0, Max: 0, Diff: 0, Sum: 0, Workers: 4
[2115.173s][debug][gc,phases      ] GC(191) Weak Processing 0.377ms
[2115.173s][debug][gc,age         ] GC(191) Desired survivor size 31457280 bytes, new threshold 15 (max threshold 15)
[2115.173s][info ][gc,heap        ] GC(191) PSYoungGen: 2048192K(2063360K)->16992K(2066432K) Eden: 2031104K(2031104K)->0K(2034688K) From: 17088K(32256K)->16992K(31744K)
[2115.173s][info ][gc,heap        ] GC(191) ParOldGen: 336156K(384000K)->336156K(384000K)
[2115.173s][info ][gc,metaspace   ] GC(191) Metaspace: 83204K(84032K)->83204K(84032K) NonClass: 71184K(71616K)->71184K(71616K) Class: 12019K(12416K)->12019K(12416K)
[2115.173s][info ][gc             ] GC(191) Pause Young (Allocation Failure) 2328M->344M(2393M) 9.570ms
[2115.173s][info ][gc,cpu         ] GC(191) User=0.03s Sys=0.00s Real=0.01s
[2115.173s][info ][safepoint      ] Safepoint "ParallelGCFailedAllocation", Time since last: 3536786311 ns, Reaching safepoint: 5100 ns, Cleanup: 24000 ns, At safepoint: 9636301 ns, Total: 9665401 ns
[2126.466s][info ][gc,start       ] GC(192) Pause Young (Allocation Failure)
[2126.477s][debug][gc,phases      ] GC(192) Scavenge 10.633ms
[2126.477s][debug][gc,ref         ] GC(192) Skipped phase 1 of Reference Processing: no references
[2126.477s][debug][gc,ref         ] GC(192) ReferenceProcessor::execute queues: 1, RefProcThreadModel::Single, marks_oops_alive: false
[2126.477s][debug][gc,ref         ] GC(192) Skipped phase 3 of Reference Processing: no references
[2126.477s][debug][gc,ref         ] GC(192) Skipped phase 4 of Reference Processing: no references
[2126.477s][debug][gc,phases      ] GC(192) Reference Processing 0.093ms
[2126.477s][debug][gc,phases      ] GC(192)   VM Weak                        Min:  0.0, Avg:  0.0, Max:  0.0, Diff:  0.0, Sum:  0.0, Workers: 4
[2126.477s][debug][gc,phases      ] GC(192)     Dead                           Min: 0, Avg:  0.0, Max: 0, Diff: 0, Sum: 0, Workers: 4
[2126.477s][debug][gc,phases      ] GC(192)     Total                          Min: 0, Avg: 181.0, Max: 448, Diff: 448, Sum: 724, Workers: 4
[2126.477s][debug][gc,phases      ] GC(192)   ObjectSynchronizer Weak        Min:  0.0, Avg:  0.0, Max:  0.0, Diff:  0.0, Sum:  0.0, Workers: 4
[2126.477s][debug][gc,phases      ] GC(192)     Dead                           Min: 0, Avg:  0.0, Max: 0, Diff: 0, Sum: 0, Workers: 4
[2126.477s][debug][gc,phases      ] GC(192)     Total                          Min: 0, Avg:  1.8, Max: 7, Diff: 7, Sum: 7, Workers: 4
[2126.477s][debug][gc,phases      ] GC(192)   JVMTI Tag Weak OopStorage      Min:  0.0, Avg:  0.0, Max:  0.0, Diff:  0.0, Sum:  0.0, Workers: 4
[2126.477s][debug][gc,phases      ] GC(192)     Dead                           Min: 0, Avg:  0.0, Max: 0, Diff: 0, Sum: 0, Workers: 4
[2126.477s][debug][gc,phases      ] GC(192)     Total                          Min: 0, Avg:  0.0, Max: 0, Diff: 0, Sum: 0, Workers: 4
[2126.477s][debug][gc,phases      ] GC(192)   StringTable Weak               Min:  0.0, Avg:  0.1, Max:  0.1, Diff:  0.1, Sum:  0.4, Workers: 4
[2126.477s][debug][gc,phases      ] GC(192)     Dead                           Min: 0, Avg:  0.0, Max: 0, Diff: 0, Sum: 0, Workers: 4
[2126.477s][debug][gc,phases      ] GC(192)     Total                          Min: 0, Avg: 10921.0, Max: 15296, Diff: 15296, Sum: 43684, Workers: 4
[2126.477s][debug][gc,phases      ] GC(192)   ResolvedMethodTable Weak       Min:  0.0, Avg:  0.0, Max:  0.0, Diff:  0.0, Sum:  0.1, Workers: 4
[2126.477s][debug][gc,phases      ] GC(192)     Dead                           Min: 0, Avg:  0.0, Max: 0, Diff: 0, Sum: 0, Workers: 4
[2126.477s][debug][gc,phases      ] GC(192)     Total                          Min: 0, Avg: 2439.8, Max: 3392, Diff: 3392, Sum: 9759, Workers: 4
[2126.477s][debug][gc,phases      ] GC(192)   JNI Weak                       Min:  0.0, Avg:  0.0, Max:  0.0, Diff:  0.0, Sum:  0.0, Workers: 4
[2126.477s][debug][gc,phases      ] GC(192)     Dead                           Min: 0, Avg:  0.0, Max: 0, Diff: 0, Sum: 0, Workers: 4
[2126.477s][debug][gc,phases      ] GC(192)     Total                          Min: 0, Avg: 11.2, Max: 45, Diff: 45, Sum: 45, Workers: 4
[2126.477s][debug][gc,phases      ] GC(192)   StringDedup Table Weak         Min:  0.0, Avg:  0.0, Max:  0.0, Diff:  0.0, Sum:  0.0, Workers: 4
[2126.477s][debug][gc,phases      ] GC(192)     Dead                           Min: 0, Avg:  0.0, Max: 0, Diff: 0, Sum: 0, Workers: 4
[2126.477s][debug][gc,phases      ] GC(192)     Total                          Min: 0, Avg:  0.0, Max: 0, Diff: 0, Sum: 0, Workers: 4
[2126.477s][debug][gc,phases      ] GC(192)   StringDedup Requests0 Weak     Min:  0.0, Avg:  0.0, Max:  0.0, Diff:  0.0, Sum:  0.0, Workers: 4
[2126.477s][debug][gc,phases      ] GC(192)     Dead                           Min: 0, Avg:  0.0, Max: 0, Diff: 0, Sum: 0, Workers: 4
[2126.477s][debug][gc,phases      ] GC(192)     Total                          Min: 0, Avg:  0.0, Max: 0, Diff: 0, Sum: 0, Workers: 4
[2126.477s][debug][gc,phases      ] GC(192)   StringDedup Requests1 Weak     Min:  0.0, Avg:  0.0, Max:  0.0, Diff:  0.0, Sum:  0.0, Workers: 4
[2126.477s][debug][gc,phases      ] GC(192)     Dead                           Min: 0, Avg:  0.0, Max: 0, Diff: 0, Sum: 0, Workers: 4
[2126.477s][debug][gc,phases      ] GC(192)     Total                          Min: 0, Avg:  0.0, Max: 0, Diff: 0, Sum: 0, Workers: 4
[2126.477s][debug][gc,phases      ] GC(192)   Weak JFR Old Object Samples    Min:  0.0, Avg:  0.0, Max:  0.0, Diff:  0.0, Sum:  0.0, Workers: 4
[2126.477s][debug][gc,phases      ] GC(192)     Dead                           Min: 0, Avg:  0.0, Max: 0, Diff: 0, Sum: 0, Workers: 4
[2126.477s][debug][gc,phases      ] GC(192)     Total                          Min: 0, Avg:  0.0, Max: 0, Diff: 0, Sum: 0, Workers: 4
[2126.477s][debug][gc,phases      ] GC(192) Weak Processing 0.341ms
[2126.477s][debug][gc,age         ] GC(192) Desired survivor size 30408704 bytes, new threshold 15 (max threshold 15)
[2126.477s][info ][gc,heap        ] GC(192) PSYoungGen: 2051680K(2066432K)->16896K(2065408K) Eden: 2034688K(2034688K)->0K(2034688K) From: 16992K(31744K)->16896K(30720K)
[2126.477s][info ][gc,heap        ] GC(192) ParOldGen: 336156K(384000K)->336156K(384000K)
[2126.477s][info ][gc,metaspace   ] GC(192) Metaspace: 83204K(84032K)->83204K(84032K) NonClass: 71184K(71616K)->71184K(71616K) Class: 12019K(12416K)->12019K(12416K)
[2126.477s][info ][gc             ] GC(192) Pause Young (Allocation Failure) 2331M->344M(2392M) 11.181ms
[2126.477s][info ][gc,cpu         ] GC(192) User=0.03s Sys=0.00s Real=0.01s
[2126.477s][info ][safepoint      ] Safepoint "ParallelGCFailedAllocation", Time since last: 11293215895 ns, Reaching safepoint: 4900 ns, Cleanup: 34600 ns, At safepoint: 11250296 ns, Total: 11289796 ns
[2135.478s][info ][safepoint      ] Safepoint "Cleanup", Time since last: 9000601891 ns, Reaching safepoint: 4500 ns, Cleanup: 34600 ns, At safepoint: 5600 ns, Total: 44700 ns
[2137.115s][info ][safepoint      ] Safepoint "ParallelGCFailedAllocation", Time since last: 1636758768 ns, Reaching safepoint: 79300 ns, Cleanup: 35300 ns, At safepoint: 14600 ns, Total: 129200 ns
[2137.115s][info ][gc,start       ] GC(193) Pause Young (GCLocker Initiated GC)
[2137.125s][debug][gc,phases      ] GC(193) Scavenge 9.677ms
[2137.125s][debug][gc,ref         ] GC(193) Skipped phase 1 of Reference Processing: no references
[2137.125s][debug][gc,ref         ] GC(193) ReferenceProcessor::execute queues: 1, RefProcThreadModel::Single, marks_oops_alive: false
[2137.125s][debug][gc,ref         ] GC(193) Skipped phase 3 of Reference Processing: no references
[2137.125s][debug][gc,ref         ] GC(193) Skipped phase 4 of Reference Processing: no references
[2137.125s][debug][gc,phases      ] GC(193) Reference Processing 0.087ms
[2137.125s][debug][gc,phases      ] GC(193)   VM Weak                        Min:  0.0, Avg:  0.0, Max:  0.0, Diff:  0.0, Sum:  0.0, Workers: 4
[2137.125s][debug][gc,phases      ] GC(193)     Dead                           Min: 0, Avg:  0.0, Max: 0, Diff: 0, Sum: 0, Workers: 4
[2137.125s][debug][gc,phases      ] GC(193)     Total                          Min: 0, Avg: 181.0, Max: 576, Diff: 576, Sum: 724, Workers: 4
[2137.125s][debug][gc,phases      ] GC(193)   ObjectSynchronizer Weak        Min:  0.0, Avg:  0.0, Max:  0.0, Diff:  0.0, Sum:  0.0, Workers: 4
[2137.125s][debug][gc,phases      ] GC(193)     Dead                           Min: 0, Avg:  0.0, Max: 0, Diff: 0, Sum: 0, Workers: 4
[2137.125s][debug][gc,phases      ] GC(193)     Total                          Min: 0, Avg:  1.8, Max: 7, Diff: 7, Sum: 7, Workers: 4
[2137.125s][debug][gc,phases      ] GC(193)   JVMTI Tag Weak OopStorage      Min:  0.0, Avg:  0.0, Max:  0.0, Diff:  0.0, Sum:  0.0, Workers: 4
[2137.125s][debug][gc,phases      ] GC(193)     Dead                           Min: 0, Avg:  0.0, Max: 0, Diff: 0, Sum: 0, Workers: 4
[2137.125s][debug][gc,phases      ] GC(193)     Total                          Min: 0, Avg:  0.0, Max: 0, Diff: 0, Sum: 0, Workers: 4
[2137.125s][debug][gc,phases      ] GC(193)   StringTable Weak               Min:  0.0, Avg:  0.1, Max:  0.1, Diff:  0.1, Sum:  0.4, Workers: 4
[2137.125s][debug][gc,phases      ] GC(193)     Dead                           Min: 0, Avg:  0.0, Max: 0, Diff: 0, Sum: 0, Workers: 4
[2137.125s][debug][gc,phases      ] GC(193)     Total                          Min: 0, Avg: 10921.0, Max: 18624, Diff: 18624, Sum: 43684, Workers: 4
[2137.125s][debug][gc,phases      ] GC(193)   ResolvedMethodTable Weak       Min:  0.0, Avg:  0.0, Max:  0.0, Diff:  0.0, Sum:  0.1, Workers: 4
[2137.125s][debug][gc,phases      ] GC(193)     Dead                           Min: 0, Avg:  0.0, Max: 0, Diff: 0, Sum: 0, Workers: 4
[2137.125s][debug][gc,phases      ] GC(193)     Total                          Min: 0, Avg: 2439.8, Max: 4063, Diff: 4063, Sum: 9759, Workers: 4
[2137.125s][debug][gc,phases      ] GC(193)   JNI Weak                       Min:  0.0, Avg:  0.0, Max:  0.0, Diff:  0.0, Sum:  0.0, Workers: 4
[2137.125s][debug][gc,phases      ] GC(193)     Dead                           Min: 0, Avg:  0.0, Max: 0, Diff: 0, Sum: 0, Workers: 4
[2137.125s][debug][gc,phases      ] GC(193)     Total                          Min: 0, Avg: 11.2, Max: 45, Diff: 45, Sum: 45, Workers: 4
[2137.125s][debug][gc,phases      ] GC(193)   StringDedup Table Weak         Min:  0.0, Avg:  0.0, Max:  0.0, Diff:  0.0, Sum:  0.0, Workers: 4
[2137.125s][debug][gc,phases      ] GC(193)     Dead                           Min: 0, Avg:  0.0, Max: 0, Diff: 0, Sum: 0, Workers: 4
[2137.125s][debug][gc,phases      ] GC(193)     Total                          Min: 0, Avg:  0.0, Max: 0, Diff: 0, Sum: 0, Workers: 4
[2137.125s][debug][gc,phases      ] GC(193)   StringDedup Requests0 Weak     Min:  0.0, Avg:  0.0, Max:  0.0, Diff:  0.0, Sum:  0.0, Workers: 4
[2137.125s][debug][gc,phases      ] GC(193)     Dead                           Min: 0, Avg:  0.0, Max: 0, Diff: 0, Sum: 0, Workers: 4
[2137.125s][debug][gc,phases      ] GC(193)     Total                          Min: 0, Avg:  0.0, Max: 0, Diff: 0, Sum: 0, Workers: 4
[2137.125s][debug][gc,phases      ] GC(193)   StringDedup Requests1 Weak     Min:  0.0, Avg:  0.0, Max:  0.0, Diff:  0.0, Sum:  0.0, Workers: 4
[2137.125s][debug][gc,phases      ] GC(193)     Dead                           Min: 0, Avg:  0.0, Max: 0, Diff: 0, Sum: 0, Workers: 4
[2137.125s][debug][gc,phases      ] GC(193)     Total                          Min: 0, Avg:  0.0, Max: 0, Diff: 0, Sum: 0, Workers: 4
[2137.125s][debug][gc,phases      ] GC(193)   Weak JFR Old Object Samples    Min:  0.0, Avg:  0.0, Max:  0.0, Diff:  0.0, Sum:  0.0, Workers: 4
[2137.125s][debug][gc,phases      ] GC(193)     Dead                           Min: 0, Avg:  0.0, Max: 0, Diff: 0, Sum: 0, Workers: 4
[2137.125s][debug][gc,phases      ] GC(193)     Total                          Min: 0, Avg:  0.0, Max: 0, Diff: 0, Sum: 0, Workers: 4
[2137.125s][debug][gc,phases      ] GC(193) Weak Processing 0.320ms
[2137.125s][debug][gc,age         ] GC(193) Desired survivor size 29360128 bytes, new threshold 15 (max threshold 15)
[2137.125s][info ][gc,heap        ] GC(193) PSYoungGen: 2051584K(2065408K)->16992K(2068480K) Eden: 2034688K(2034688K)->0K(2038784K) From: 16896K(30720K)->16992K(29696K)
[2137.125s][info ][gc,heap        ] GC(193) ParOldGen: 336156K(384000K)->336156K(384000K)
[2137.125s][info ][gc,metaspace   ] GC(193) Metaspace: 83206K(84032K)->83206K(84032K) NonClass: 71186K(71616K)->71186K(71616K) Class: 12019K(12416K)->12019K(12416K)
[2137.125s][info ][gc             ] GC(193) Pause Young (GCLocker Initiated GC) 2331M->344M(2395M) 10.178ms
[2137.125s][info ][gc,cpu         ] GC(193) User=0.03s Sys=0.00s Real=0.01s
[2137.125s][info ][safepoint      ] Safepoint "ParallelGCSystemGC", Time since last: 98100 ns, Reaching safepoint: 74400 ns, Cleanup: 26400 ns, At safepoint: 10248197 ns, Total: 10348997 ns
[2141.126s][info ][safepoint      ] Safepoint "Cleanup", Time since last: 4000266435 ns, Reaching safepoint: 4800 ns, Cleanup: 43700 ns, At safepoint: 2200 ns, Total: 50700 ns
[2147.711s][info ][gc,start       ] GC(194) Pause Young (Allocation Failure)
[2147.723s][debug][gc,phases      ] GC(194) Scavenge 12.045ms
[2147.723s][debug][gc,ref         ] GC(194) Skipped phase 1 of Reference Processing: no references
[2147.723s][debug][gc,ref         ] GC(194) Skipped phase 2 of Reference Processing: no references
[2147.723s][debug][gc,ref         ] GC(194) Skipped phase 3 of Reference Processing: no references
[2147.723s][debug][gc,ref         ] GC(194) Skipped phase 4 of Reference Processing: no references
[2147.723s][debug][gc,phases      ] GC(194) Reference Processing 0.021ms
[2147.724s][debug][gc,phases      ] GC(194)   VM Weak                        Min:  0.0, Avg:  0.0, Max:  0.0, Diff:  0.0, Sum:  0.0, Workers: 4
[2147.724s][debug][gc,phases      ] GC(194)     Dead                           Min: 0, Avg:  0.0, Max: 0, Diff: 0, Sum: 0, Workers: 4
[2147.724s][debug][gc,phases      ] GC(194)     Total                          Min: 0, Avg: 181.0, Max: 448, Diff: 448, Sum: 724, Workers: 4
[2147.724s][debug][gc,phases      ] GC(194)   ObjectSynchronizer Weak        Min:  0.0, Avg:  0.0, Max:  0.0, Diff:  0.0, Sum:  0.0, Workers: 4
[2147.724s][debug][gc,phases      ] GC(194)     Dead                           Min: 0, Avg:  0.0, Max: 0, Diff: 0, Sum: 0, Workers: 4
[2147.724s][debug][gc,phases      ] GC(194)     Total                          Min: 0, Avg:  1.8, Max: 7, Diff: 7, Sum: 7, Workers: 4
[2147.724s][debug][gc,phases      ] GC(194)   JVMTI Tag Weak OopStorage      Min:  0.0, Avg:  0.0, Max:  0.0, Diff:  0.0, Sum:  0.0, Workers: 4
[2147.724s][debug][gc,phases      ] GC(194)     Dead                           Min: 0, Avg:  0.0, Max: 0, Diff: 0, Sum: 0, Workers: 4
[2147.724s][debug][gc,phases      ] GC(194)     Total                          Min: 0, Avg:  0.0, Max: 0, Diff: 0, Sum: 0, Workers: 4
[2147.724s][debug][gc,phases      ] GC(194)   StringTable Weak               Min:  0.0, Avg:  0.1, Max:  0.2, Diff:  0.2, Sum:  0.3, Workers: 4
[2147.724s][debug][gc,phases      ] GC(194)     Dead                           Min: 0, Avg:  0.0, Max: 0, Diff: 0, Sum: 0, Workers: 4
[2147.724s][debug][gc,phases      ] GC(194)     Total                          Min: 0, Avg: 10921.0, Max: 26660, Diff: 26660, Sum: 43684, Workers: 4
[2147.724s][debug][gc,phases      ] GC(194)   ResolvedMethodTable Weak       Min:  0.0, Avg:  0.0, Max:  0.0, Diff:  0.0, Sum:  0.1, Workers: 4
[2147.724s][debug][gc,phases      ] GC(194)     Dead                           Min: 0, Avg:  0.0, Max: 0, Diff: 0, Sum: 0, Workers: 4
[2147.724s][debug][gc,phases      ] GC(194)     Total                          Min: 0, Avg: 2439.8, Max: 5855, Diff: 5855, Sum: 9759, Workers: 4
[2147.724s][debug][gc,phases      ] GC(194)   JNI Weak                       Min:  0.0, Avg:  0.0, Max:  0.0, Diff:  0.0, Sum:  0.0, Workers: 4
[2147.724s][debug][gc,phases      ] GC(194)     Dead                           Min: 0, Avg:  0.0, Max: 0, Diff: 0, Sum: 0, Workers: 4
[2147.724s][debug][gc,phases      ] GC(194)     Total                          Min: 0, Avg: 11.2, Max: 45, Diff: 45, Sum: 45, Workers: 4
[2147.724s][debug][gc,phases      ] GC(194)   StringDedup Table Weak         Min:  0.0, Avg:  0.0, Max:  0.0, Diff:  0.0, Sum:  0.0, Workers: 4
[2147.724s][debug][gc,phases      ] GC(194)     Dead                           Min: 0, Avg:  0.0, Max: 0, Diff: 0, Sum: 0, Workers: 4
[2147.724s][debug][gc,phases      ] GC(194)     Total                          Min: 0, Avg:  0.0, Max: 0, Diff: 0, Sum: 0, Workers: 4
[2147.724s][debug][gc,phases      ] GC(194)   StringDedup Requests0 Weak     Min:  0.0, Avg:  0.0, Max:  0.0, Diff:  0.0, Sum:  0.0, Workers: 4
[2147.724s][debug][gc,phases      ] GC(194)     Dead                           Min: 0, Avg:  0.0, Max: 0, Diff: 0, Sum: 0, Workers: 4
[2147.724s][debug][gc,phases      ] GC(194)     Total                          Min: 0, Avg:  0.0, Max: 0, Diff: 0, Sum: 0, Workers: 4
[2147.724s][debug][gc,phases      ] GC(194)   StringDedup Requests1 Weak     Min:  0.0, Avg:  0.0, Max:  0.0, Diff:  0.0, Sum:  0.0, Workers: 4
[2147.724s][debug][gc,phases      ] GC(194)     Dead                           Min: 0, Avg:  0.0, Max: 0, Diff: 0, Sum: 0, Workers: 4
[2147.724s][debug][gc,phases      ] GC(194)     Total                          Min: 0, Avg:  0.0, Max: 0, Diff: 0, Sum: 0, Workers: 4
[2147.724s][debug][gc,phases      ] GC(194)   Weak JFR Old Object Samples    Min:  0.0, Avg:  0.0, Max:  0.0, Diff:  0.0, Sum:  0.0, Workers: 4
[2147.724s][debug][gc,phases      ] GC(194)     Dead                           Min: 0, Avg:  0.0, Max: 0, Diff: 0, Sum: 0, Workers: 4
[2147.724s][debug][gc,phases      ] GC(194)     Total                          Min: 0, Avg:  0.0, Max: 0, Diff: 0, Sum: 0, Workers: 4
[2147.724s][debug][gc,phases      ] GC(194) Weak Processing 0.380ms
[2147.724s][debug][gc,age         ] GC(194) Desired survivor size 30408704 bytes, new threshold 15 (max threshold 15)
[2147.724s][info ][gc,heap        ] GC(194) PSYoungGen: 2055776K(2068480K)->1504K(2067456K) Eden: 2038784K(2038784K)->0K(2038784K) From: 16992K(29696K)->1504K(28672K)
[2147.724s][info ][gc,heap        ] GC(194) ParOldGen: 336158K(384000K)->352366K(384000K)
[2147.724s][info ][gc,metaspace   ] GC(194) Metaspace: 83209K(84032K)->83209K(84032K) NonClass: 71189K(71616K)->71189K(71616K) Class: 12019K(12416K)->12019K(12416K)
[2147.724s][info ][gc             ] GC(194) Pause Young (Allocation Failure) 2335M->345M(2394M) 12.559ms
[2147.724s][info ][gc,cpu         ] GC(194) User=0.04s Sys=0.00s Real=0.01s
[2147.724s][info ][safepoint      ] Safepoint "ParallelGCFailedAllocation", Time since last: 6585468827 ns, Reaching safepoint: 5800 ns, Cleanup: 25300 ns, At safepoint: 12629695 ns, Total: 12660795 ns
[2154.724s][info ][safepoint      ] Safepoint "Cleanup", Time since last: 7000440742 ns, Reaching safepoint: 4900 ns, Cleanup: 38900 ns, At safepoint: 3500 ns, Total: 47300 ns
[2157.724s][info ][safepoint      ] Safepoint "Cleanup", Time since last: 3000189412 ns, Reaching safepoint: 4200 ns, Cleanup: 47900 ns, At safepoint: 6200 ns, Total: 58300 ns
[2158.016s][info ][gc,start       ] GC(195) Pause Young (Allocation Failure)
[2158.021s][debug][gc,phases      ] GC(195) Scavenge 5.207ms
[2158.021s][debug][gc,ref         ] GC(195) Skipped phase 1 of Reference Processing: no references
[2158.021s][debug][gc,ref         ] GC(195) Skipped phase 2 of Reference Processing: no references
[2158.021s][debug][gc,ref         ] GC(195) Skipped phase 3 of Reference Processing: no references
[2158.021s][debug][gc,ref         ] GC(195) Skipped phase 4 of Reference Processing: no references
[2158.021s][debug][gc,phases      ] GC(195) Reference Processing 0.020ms
[2158.022s][debug][gc,phases      ] GC(195)   VM Weak                        Min:  0.0, Avg:  0.0, Max:  0.0, Diff:  0.0, Sum:  0.0, Workers: 4
[2158.022s][debug][gc,phases      ] GC(195)     Dead                           Min: 0, Avg:  0.0, Max: 0, Diff: 0, Sum: 0, Workers: 4
[2158.022s][debug][gc,phases      ] GC(195)     Total                          Min: 0, Avg: 181.0, Max: 724, Diff: 724, Sum: 724, Workers: 4
[2158.022s][debug][gc,phases      ] GC(195)   ObjectSynchronizer Weak        Min:  0.0, Avg:  0.0, Max:  0.0, Diff:  0.0, Sum:  0.0, Workers: 4
[2158.022s][debug][gc,phases      ] GC(195)     Dead                           Min: 0, Avg:  0.0, Max: 0, Diff: 0, Sum: 0, Workers: 4
[2158.022s][debug][gc,phases      ] GC(195)     Total                          Min: 0, Avg:  1.8, Max: 7, Diff: 7, Sum: 7, Workers: 4
[2158.022s][debug][gc,phases      ] GC(195)   JVMTI Tag Weak OopStorage      Min:  0.0, Avg:  0.0, Max:  0.0, Diff:  0.0, Sum:  0.0, Workers: 4
[2158.022s][debug][gc,phases      ] GC(195)     Dead                           Min: 0, Avg:  0.0, Max: 0, Diff: 0, Sum: 0, Workers: 4
[2158.022s][debug][gc,phases      ] GC(195)     Total                          Min: 0, Avg:  0.0, Max: 0, Diff: 0, Sum: 0, Workers: 4
[2158.022s][debug][gc,phases      ] GC(195)   StringTable Weak               Min:  0.0, Avg:  0.1, Max:  0.2, Diff:  0.2, Sum:  0.3, Workers: 4
[2158.022s][debug][gc,phases      ] GC(195)     Dead                           Min: 0, Avg:  0.0, Max: 0, Diff: 0, Sum: 0, Workers: 4
[2158.022s][debug][gc,phases      ] GC(195)     Total                          Min: 0, Avg: 10921.0, Max: 26660, Diff: 26660, Sum: 43684, Workers: 4
[2158.022s][debug][gc,phases      ] GC(195)   ResolvedMethodTable Weak       Min:  0.0, Avg:  0.0, Max:  0.0, Diff:  0.0, Sum:  0.1, Workers: 4
[2158.022s][debug][gc,phases      ] GC(195)     Dead                           Min: 0, Avg:  0.0, Max: 0, Diff: 0, Sum: 0, Workers: 4
[2158.022s][debug][gc,phases      ] GC(195)     Total                          Min: 0, Avg: 2439.8, Max: 5791, Diff: 5791, Sum: 9759, Workers: 4
[2158.022s][debug][gc,phases      ] GC(195)   JNI Weak                       Min:  0.0, Avg:  0.0, Max:  0.0, Diff:  0.0, Sum:  0.0, Workers: 4
[2158.022s][debug][gc,phases      ] GC(195)     Dead                           Min: 0, Avg:  0.0, Max: 0, Diff: 0, Sum: 0, Workers: 4
[2158.022s][debug][gc,phases      ] GC(195)     Total                          Min: 0, Avg: 11.2, Max: 45, Diff: 45, Sum: 45, Workers: 4
[2158.022s][debug][gc,phases      ] GC(195)   StringDedup Table Weak         Min:  0.0, Avg:  0.0, Max:  0.0, Diff:  0.0, Sum:  0.0, Workers: 4
[2158.022s][debug][gc,phases      ] GC(195)     Dead                           Min: 0, Avg:  0.0, Max: 0, Diff: 0, Sum: 0, Workers: 4
[2158.022s][debug][gc,phases      ] GC(195)     Total                          Min: 0, Avg:  0.0, Max: 0, Diff: 0, Sum: 0, Workers: 4
[2158.022s][debug][gc,phases      ] GC(195)   StringDedup Requests0 Weak     Min:  0.0, Avg:  0.0, Max:  0.0, Diff:  0.0, Sum:  0.0, Workers: 4
[2158.022s][debug][gc,phases      ] GC(195)     Dead                           Min: 0, Avg:  0.0, Max: 0, Diff: 0, Sum: 0, Workers: 4
[2158.022s][debug][gc,phases      ] GC(195)     Total                          Min: 0, Avg:  0.0, Max: 0, Diff: 0, Sum: 0, Workers: 4
[2158.022s][debug][gc,phases      ] GC(195)   StringDedup Requests1 Weak     Min:  0.0, Avg:  0.0, Max:  0.0, Diff:  0.0, Sum:  0.0, Workers: 4
[2158.022s][debug][gc,phases      ] GC(195)     Dead                           Min: 0, Avg:  0.0, Max: 0, Diff: 0, Sum: 0, Workers: 4
[2158.022s][debug][gc,phases      ] GC(195)     Total                          Min: 0, Avg:  0.0, Max: 0, Diff: 0, Sum: 0, Workers: 4
[2158.022s][debug][gc,phases      ] GC(195)   Weak JFR Old Object Samples    Min:  0.0, Avg:  0.0, Max:  0.0, Diff:  0.0, Sum:  0.0, Workers: 4
[2158.022s][debug][gc,phases      ] GC(195)     Dead                           Min: 0, Avg:  0.0, Max: 0, Diff: 0, Sum: 0, Workers: 4
[2158.022s][debug][gc,phases      ] GC(195)     Total                          Min: 0, Avg:  0.0, Max: 0, Diff: 0, Sum: 0, Workers: 4
[2158.022s][debug][gc,phases      ] GC(195) Weak Processing 0.372ms
[2158.022s][debug][gc,age         ] GC(195) Desired survivor size 31457280 bytes, new threshold 15 (max threshold 15)
[2158.022s][info ][gc,heap        ] GC(195) PSYoungGen: 2040288K(2067456K)->1248K(2065408K) Eden: 2038784K(2038784K)->0K(2035712K) From: 1504K(28672K)->1248K(29696K)
[2158.022s][info ][gc,heap        ] GC(195) ParOldGen: 352366K(384000K)->352478K(384000K)
[2158.022s][info ][gc,metaspace   ] GC(195) Metaspace: 83224K(84160K)->83224K(84160K) NonClass: 71204K(71744K)->71204K(71744K) Class: 12019K(12416K)->12019K(12416K)
[2158.022s][info ][gc             ] GC(195) Pause Young (Allocation Failure) 2336M->345M(2392M) 5.697ms
[2158.022s][info ][gc,cpu         ] GC(195) User=0.02s Sys=0.00s Real=0.01s
[2158.022s][info ][safepoint      ] Safepoint "ParallelGCFailedAllocation", Time since last: 291570751 ns, Reaching safepoint: 78100 ns, Cleanup: 28400 ns, At safepoint: 5767097 ns, Total: 5873597 ns
[2159.022s][info ][safepoint      ] Safepoint "Cleanup", Time since last: 1000063988 ns, Reaching safepoint: 4500 ns, Cleanup: 39900 ns, At safepoint: 4000 ns, Total: 48400 ns
[2160.022s][info ][safepoint      ] Safepoint "Cleanup", Time since last: 1000104388 ns, Reaching safepoint: 5100 ns, Cleanup: 45200 ns, At safepoint: 29100 ns, Total: 79400 ns
[2162.589s][info ][safepoint      ] Safepoint "Cleanup", Time since last: 2567198786 ns, Reaching safepoint: 4800 ns, Cleanup: 45700 ns, At safepoint: 2300 ns, Total: 52800 ns
[2168.840s][info ][gc,start       ] GC(196) Pause Young (Allocation Failure)
[2168.843s][debug][gc,phases      ] GC(196) Scavenge 3.856ms
[2168.844s][debug][gc,ref         ] GC(196) Skipped phase 1 of Reference Processing: no references
[2168.844s][debug][gc,ref         ] GC(196) Skipped phase 2 of Reference Processing: no references
[2168.844s][debug][gc,ref         ] GC(196) Skipped phase 3 of Reference Processing: no references
[2168.844s][debug][gc,ref         ] GC(196) Skipped phase 4 of Reference Processing: no references
[2168.844s][debug][gc,phases      ] GC(196) Reference Processing 0.020ms
[2168.844s][debug][gc,phases      ] GC(196)   VM Weak                        Min:  0.0, Avg:  0.0, Max:  0.0, Diff:  0.0, Sum:  0.0, Workers: 4
[2168.844s][debug][gc,phases      ] GC(196)     Dead                           Min: 0, Avg:  0.0, Max: 0, Diff: 0, Sum: 0, Workers: 4
[2168.844s][debug][gc,phases      ] GC(196)     Total                          Min: 0, Avg: 181.0, Max: 576, Diff: 576, Sum: 724, Workers: 4
[2168.844s][debug][gc,phases      ] GC(196)   ObjectSynchronizer Weak        Min:  0.0, Avg:  0.0, Max:  0.0, Diff:  0.0, Sum:  0.0, Workers: 4
[2168.844s][debug][gc,phases      ] GC(196)     Dead                           Min: 0, Avg:  0.0, Max: 0, Diff: 0, Sum: 0, Workers: 4
[2168.844s][debug][gc,phases      ] GC(196)     Total                          Min: 0, Avg:  1.2, Max: 5, Diff: 5, Sum: 5, Workers: 4
[2168.844s][debug][gc,phases      ] GC(196)   JVMTI Tag Weak OopStorage      Min:  0.0, Avg:  0.0, Max:  0.0, Diff:  0.0, Sum:  0.0, Workers: 4
[2168.844s][debug][gc,phases      ] GC(196)     Dead                           Min: 0, Avg:  0.0, Max: 0, Diff: 0, Sum: 0, Workers: 4
[2168.844s][debug][gc,phases      ] GC(196)     Total                          Min: 0, Avg:  0.0, Max: 0, Diff: 0, Sum: 0, Workers: 4
[2168.844s][debug][gc,phases      ] GC(196)   StringTable Weak               Min:  0.0, Avg:  0.1, Max:  0.1, Diff:  0.1, Sum:  0.4, Workers: 4
[2168.844s][debug][gc,phases      ] GC(196)     Dead                           Min: 0, Avg:  0.0, Max: 0, Diff: 0, Sum: 0, Workers: 4
[2168.844s][debug][gc,phases      ] GC(196)     Total                          Min: 0, Avg: 10921.0, Max: 18304, Diff: 18304, Sum: 43684, Workers: 4
[2168.844s][debug][gc,phases      ] GC(196)   ResolvedMethodTable Weak       Min:  0.0, Avg:  0.0, Max:  0.0, Diff:  0.0, Sum:  0.1, Workers: 4
[2168.844s][debug][gc,phases      ] GC(196)     Dead                           Min: 0, Avg:  0.0, Max: 0, Diff: 0, Sum: 0, Workers: 4
[2168.844s][debug][gc,phases      ] GC(196)     Total                          Min: 0, Avg: 2439.8, Max: 3487, Diff: 3487, Sum: 9759, Workers: 4
[2168.844s][debug][gc,phases      ] GC(196)   JNI Weak                       Min:  0.0, Avg:  0.0, Max:  0.0, Diff:  0.0, Sum:  0.0, Workers: 4
[2168.844s][debug][gc,phases      ] GC(196)     Dead                           Min: 0, Avg:  0.0, Max: 0, Diff: 0, Sum: 0, Workers: 4
[2168.844s][debug][gc,phases      ] GC(196)     Total                          Min: 0, Avg: 11.2, Max: 45, Diff: 45, Sum: 45, Workers: 4
[2168.844s][debug][gc,phases      ] GC(196)   StringDedup Table Weak         Min:  0.0, Avg:  0.0, Max:  0.0, Diff:  0.0, Sum:  0.0, Workers: 4
[2168.844s][debug][gc,phases      ] GC(196)     Dead                           Min: 0, Avg:  0.0, Max: 0, Diff: 0, Sum: 0, Workers: 4
[2168.844s][debug][gc,phases      ] GC(196)     Total                          Min: 0, Avg:  0.0, Max: 0, Diff: 0, Sum: 0, Workers: 4
[2168.844s][debug][gc,phases      ] GC(196)   StringDedup Requests0 Weak     Min:  0.0, Avg:  0.0, Max:  0.0, Diff:  0.0, Sum:  0.0, Workers: 4
[2168.844s][debug][gc,phases      ] GC(196)     Dead                           Min: 0, Avg:  0.0, Max: 0, Diff: 0, Sum: 0, Workers: 4
[2168.844s][debug][gc,phases      ] GC(196)     Total                          Min: 0, Avg:  0.0, Max: 0, Diff: 0, Sum: 0, Workers: 4
[2168.844s][debug][gc,phases      ] GC(196)   StringDedup Requests1 Weak     Min:  0.0, Avg:  0.0, Max:  0.0, Diff:  0.0, Sum:  0.0, Workers: 4
[2168.844s][debug][gc,phases      ] GC(196)     Dead                           Min: 0, Avg:  0.0, Max: 0, Diff: 0, Sum: 0, Workers: 4
[2168.844s][debug][gc,phases      ] GC(196)     Total                          Min: 0, Avg:  0.0, Max: 0, Diff: 0, Sum: 0, Workers: 4
[2168.844s][debug][gc,phases      ] GC(196)   Weak JFR Old Object Samples    Min:  0.0, Avg:  0.0, Max:  0.0, Diff:  0.0, Sum:  0.0, Workers: 4
[2168.844s][debug][gc,phases      ] GC(196)     Dead                           Min: 0, Avg:  0.0, Max: 0, Diff: 0, Sum: 0, Workers: 4
[2168.844s][debug][gc,phases      ] GC(196)     Total                          Min: 0, Avg:  0.0, Max: 0, Diff: 0, Sum: 0, Workers: 4
[2168.844s][debug][gc,phases      ] GC(196) Weak Processing 0.330ms
[2168.844s][debug][gc,age         ] GC(196) Desired survivor size 31457280 bytes, new threshold 15 (max threshold 15)
[2168.844s][info ][gc,heap        ] GC(196) PSYoungGen: 2036960K(2065408K)->1424K(2066432K) Eden: 2035712K(2035712K)->0K(2035712K) From: 1248K(29696K)->1424K(30720K)
[2168.844s][info ][gc,heap        ] GC(196) ParOldGen: 352478K(384000K)->352510K(384000K)
[2168.844s][info ][gc,metaspace   ] GC(196) Metaspace: 83227K(84160K)->83227K(84160K) NonClass: 71207K(71744K)->71207K(71744K) Class: 12019K(12416K)->12019K(12416K)
[2168.844s][info ][gc             ] GC(196) Pause Young (Allocation Failure) 2333M->345M(2393M) 4.330ms
[2168.844s][info ][gc,cpu         ] GC(196) User=0.01s Sys=0.00s Real=0.01s
[2168.844s][info ][safepoint      ] Safepoint "ParallelGCFailedAllocation", Time since last: 6250077433 ns, Reaching safepoint: 3900 ns, Cleanup: 26500 ns, At safepoint: 4397498 ns, Total: 4427898 ns
[2169.844s][info ][safepoint      ] Safepoint "Cleanup", Time since last: 1000077974 ns, Reaching safepoint: 4300 ns, Cleanup: 34400 ns, At safepoint: 3400 ns, Total: 42100 ns
[2170.844s][info ][safepoint      ] Safepoint "Cleanup", Time since last: 1000101774 ns, Reaching safepoint: 6500 ns, Cleanup: 47300 ns, At safepoint: 5900 ns, Total: 59700 ns
[2173.844s][info ][safepoint      ] Safepoint "Cleanup", Time since last: 3000204848 ns, Reaching safepoint: 4200 ns, Cleanup: 34400 ns, At safepoint: 4600 ns, Total: 43200 ns
[2179.841s][info ][gc,start       ] GC(197) Pause Young (Allocation Failure)
[2179.845s][debug][gc,phases      ] GC(197) Scavenge 3.066ms
[2179.845s][debug][gc,ref         ] GC(197) Skipped phase 1 of Reference Processing: no references
[2179.845s][debug][gc,ref         ] GC(197) Skipped phase 2 of Reference Processing: no references
[2179.845s][debug][gc,ref         ] GC(197) Skipped phase 3 of Reference Processing: no references
[2179.845s][debug][gc,ref         ] GC(197) Skipped phase 4 of Reference Processing: no references
[2179.845s][debug][gc,phases      ] GC(197) Reference Processing 0.021ms
[2179.845s][debug][gc,phases      ] GC(197)   VM Weak                        Min:  0.0, Avg:  0.0, Max:  0.0, Diff:  0.0, Sum:  0.0, Workers: 4
[2179.845s][debug][gc,phases      ] GC(197)     Dead                           Min: 0, Avg:  0.0, Max: 0, Diff: 0, Sum: 0, Workers: 4
[2179.845s][debug][gc,phases      ] GC(197)     Total                          Min: 0, Avg: 181.0, Max: 512, Diff: 512, Sum: 724, Workers: 4
[2179.845s][debug][gc,phases      ] GC(197)   ObjectSynchronizer Weak        Min:  0.0, Avg:  0.0, Max:  0.0, Diff:  0.0, Sum:  0.0, Workers: 4
[2179.845s][debug][gc,phases      ] GC(197)     Dead                           Min: 0, Avg:  0.0, Max: 0, Diff: 0, Sum: 0, Workers: 4
[2179.845s][debug][gc,phases      ] GC(197)     Total                          Min: 0, Avg:  1.2, Max: 5, Diff: 5, Sum: 5, Workers: 4
[2179.845s][debug][gc,phases      ] GC(197)   JVMTI Tag Weak OopStorage      Min:  0.0, Avg:  0.0, Max:  0.0, Diff:  0.0, Sum:  0.0, Workers: 4
[2179.845s][debug][gc,phases      ] GC(197)     Dead                           Min: 0, Avg:  0.0, Max: 0, Diff: 0, Sum: 0, Workers: 4
[2179.845s][debug][gc,phases      ] GC(197)     Total                          Min: 0, Avg:  0.0, Max: 0, Diff: 0, Sum: 0, Workers: 4
[2179.845s][debug][gc,phases      ] GC(197)   StringTable Weak               Min:  0.0, Avg:  0.1, Max:  0.1, Diff:  0.1, Sum:  0.4, Workers: 4
[2179.845s][debug][gc,phases      ] GC(197)     Dead                           Min: 0, Avg:  0.0, Max: 0, Diff: 0, Sum: 0, Workers: 4
[2179.845s][debug][gc,phases      ] GC(197)     Total                          Min: 0, Avg: 10921.2, Max: 19493, Diff: 19493, Sum: 43685, Workers: 4
[2179.845s][debug][gc,phases      ] GC(197)   ResolvedMethodTable Weak       Min:  0.0, Avg:  0.0, Max:  0.0, Diff:  0.0, Sum:  0.1, Workers: 4
[2179.845s][debug][gc,phases      ] GC(197)     Dead                           Min: 0, Avg:  0.0, Max: 0, Diff: 0, Sum: 0, Workers: 4
[2179.845s][debug][gc,phases      ] GC(197)     Total                          Min: 0, Avg: 2439.8, Max: 3648, Diff: 3648, Sum: 9759, Workers: 4
[2179.845s][debug][gc,phases      ] GC(197)   JNI Weak                       Min:  0.0, Avg:  0.0, Max:  0.0, Diff:  0.0, Sum:  0.0, Workers: 4
[2179.845s][debug][gc,phases      ] GC(197)     Dead                           Min: 0, Avg:  0.0, Max: 0, Diff: 0, Sum: 0, Workers: 4
[2179.845s][debug][gc,phases      ] GC(197)     Total                          Min: 0, Avg: 11.2, Max: 45, Diff: 45, Sum: 45, Workers: 4
[2179.845s][debug][gc,phases      ] GC(197)   StringDedup Table Weak         Min:  0.0, Avg:  0.0, Max:  0.0, Diff:  0.0, Sum:  0.0, Workers: 4
[2179.845s][debug][gc,phases      ] GC(197)     Dead                           Min: 0, Avg:  0.0, Max: 0, Diff: 0, Sum: 0, Workers: 4
[2179.845s][debug][gc,phases      ] GC(197)     Total                          Min: 0, Avg:  0.0, Max: 0, Diff: 0, Sum: 0, Workers: 4
[2179.845s][debug][gc,phases      ] GC(197)   StringDedup Requests0 Weak     Min:  0.0, Avg:  0.0, Max:  0.0, Diff:  0.0, Sum:  0.0, Workers: 4
[2179.845s][debug][gc,phases      ] GC(197)     Dead                           Min: 0, Avg:  0.0, Max: 0, Diff: 0, Sum: 0, Workers: 4
[2179.845s][debug][gc,phases      ] GC(197)     Total                          Min: 0, Avg:  0.0, Max: 0, Diff: 0, Sum: 0, Workers: 4
[2179.845s][debug][gc,phases      ] GC(197)   StringDedup Requests1 Weak     Min:  0.0, Avg:  0.0, Max:  0.0, Diff:  0.0, Sum:  0.0, Workers: 4
[2179.845s][debug][gc,phases      ] GC(197)     Dead                           Min: 0, Avg:  0.0, Max: 0, Diff: 0, Sum: 0, Workers: 4
[2179.845s][debug][gc,phases      ] GC(197)     Total                          Min: 0, Avg:  0.0, Max: 0, Diff: 0, Sum: 0, Workers: 4
[2179.845s][debug][gc,phases      ] GC(197)   Weak JFR Old Object Samples    Min:  0.0, Avg:  0.0, Max:  0.0, Diff:  0.0, Sum:  0.0, Workers: 4
[2179.845s][debug][gc,phases      ] GC(197)     Dead                           Min: 0, Avg:  0.0, Max: 0, Diff: 0, Sum: 0, Workers: 4
[2179.845s][debug][gc,phases      ] GC(197)     Total                          Min: 0, Avg:  0.0, Max: 0, Diff: 0, Sum: 0, Workers: 4
[2179.845s][debug][gc,phases      ] GC(197) Weak Processing 0.347ms
[2179.845s][debug][gc,age         ] GC(197) Desired survivor size 31457280 bytes, new threshold 15 (max threshold 15)
[2179.845s][info ][gc,heap        ] GC(197) PSYoungGen: 2037136K(2066432K)->1376K(2066432K) Eden: 2035712K(2035712K)->0K(2035712K) From: 1424K(30720K)->1376K(30720K)
[2179.845s][info ][gc,heap        ] GC(197) ParOldGen: 352510K(384000K)->352550K(384000K)
[2179.845s][info ][gc,metaspace   ] GC(197) Metaspace: 83233K(84160K)->83233K(84160K) NonClass: 71213K(71744K)->71213K(71744K) Class: 12019K(12416K)->12019K(12416K)
[2179.845s][info ][gc             ] GC(197) Pause Young (Allocation Failure) 2333M->345M(2393M) 3.533ms
[2179.845s][info ][gc,cpu         ] GC(197) User=0.00s Sys=0.00s Real=0.00s
[2179.845s][info ][safepoint      ] Safepoint "ParallelGCFailedAllocation", Time since last: 5996863954 ns, Reaching safepoint: 74200 ns, Cleanup: 32200 ns, At safepoint: 3597399 ns, Total: 3703799 ns
[2181.845s][info ][safepoint      ] Safepoint "Cleanup", Time since last: 2000141055 ns, Reaching safepoint: 4400 ns, Cleanup: 35900 ns, At safepoint: 2700 ns, Total: 43000 ns
[2184.845s][info ][safepoint      ] Safepoint "Cleanup", Time since last: 3000221427 ns, Reaching safepoint: 4500 ns, Cleanup: 38400 ns, At safepoint: 5000 ns, Total: 47900 ns
[2191.018s][info ][safepoint      ] Safepoint "ParallelGCFailedAllocation", Time since last: 6172708092 ns, Reaching safepoint: 15800 ns, Cleanup: 26500 ns, At safepoint: 33800 ns, Total: 76100 ns
[2191.018s][info ][gc,start       ] GC(198) Pause Young (GCLocker Initiated GC)
[2191.022s][debug][gc,phases      ] GC(198) Scavenge 3.092ms
[2191.022s][debug][gc,ref         ] GC(198) Skipped phase 1 of Reference Processing: no references
[2191.022s][debug][gc,ref         ] GC(198) Skipped phase 2 of Reference Processing: no references
[2191.022s][debug][gc,ref         ] GC(198) Skipped phase 3 of Reference Processing: no references
[2191.022s][debug][gc,ref         ] GC(198) Skipped phase 4 of Reference Processing: no references
[2191.022s][debug][gc,phases      ] GC(198) Reference Processing 0.020ms
[2191.022s][debug][gc,phases      ] GC(198)   VM Weak                        Min:  0.0, Avg:  0.0, Max:  0.0, Diff:  0.0, Sum:  0.0, Workers: 4
[2191.022s][debug][gc,phases      ] GC(198)     Dead                           Min: 0, Avg:  0.0, Max: 0, Diff: 0, Sum: 0, Workers: 4
[2191.022s][debug][gc,phases      ] GC(198)     Total                          Min: 0, Avg: 181.0, Max: 724, Diff: 724, Sum: 724, Workers: 4
[2191.022s][debug][gc,phases      ] GC(198)   ObjectSynchronizer Weak        Min:  0.0, Avg:  0.0, Max:  0.0, Diff:  0.0, Sum:  0.0, Workers: 4
[2191.022s][debug][gc,phases      ] GC(198)     Dead                           Min: 0, Avg:  0.0, Max: 0, Diff: 0, Sum: 0, Workers: 4
[2191.022s][debug][gc,phases      ] GC(198)     Total                          Min: 0, Avg:  1.2, Max: 5, Diff: 5, Sum: 5, Workers: 4
[2191.022s][debug][gc,phases      ] GC(198)   JVMTI Tag Weak OopStorage      Min:  0.0, Avg:  0.0, Max:  0.0, Diff:  0.0, Sum:  0.0, Workers: 4
[2191.022s][debug][gc,phases      ] GC(198)     Dead                           Min: 0, Avg:  0.0, Max: 0, Diff: 0, Sum: 0, Workers: 4
[2191.022s][debug][gc,phases      ] GC(198)     Total                          Min: 0, Avg:  0.0, Max: 0, Diff: 0, Sum: 0, Workers: 4
[2191.022s][debug][gc,phases      ] GC(198)   StringTable Weak               Min:  0.0, Avg:  0.1, Max:  0.2, Diff:  0.2, Sum:  0.3, Workers: 4
[2191.022s][debug][gc,phases      ] GC(198)     Dead                           Min: 0, Avg:  0.0, Max: 0, Diff: 0, Sum: 0, Workers: 4
[2191.022s][debug][gc,phases      ] GC(198)     Total                          Min: 0, Avg: 10921.2, Max: 26688, Diff: 26688, Sum: 43685, Workers: 4
[2191.022s][debug][gc,phases      ] GC(198)   ResolvedMethodTable Weak       Min:  0.0, Avg:  0.0, Max:  0.0, Diff:  0.0, Sum:  0.1, Workers: 4
[2191.022s][debug][gc,phases      ] GC(198)     Dead                           Min: 0, Avg:  0.0, Max: 0, Diff: 0, Sum: 0, Workers: 4
[2191.022s][debug][gc,phases      ] GC(198)     Total                          Min: 0, Avg: 2439.8, Max: 5824, Diff: 5824, Sum: 9759, Workers: 4
[2191.022s][debug][gc,phases      ] GC(198)   JNI Weak                       Min:  0.0, Avg:  0.0, Max:  0.0, Diff:  0.0, Sum:  0.0, Workers: 4
[2191.022s][debug][gc,phases      ] GC(198)     Dead                           Min: 0, Avg:  0.0, Max: 0, Diff: 0, Sum: 0, Workers: 4
[2191.022s][debug][gc,phases      ] GC(198)     Total                          Min: 0, Avg: 11.2, Max: 45, Diff: 45, Sum: 45, Workers: 4
[2191.022s][debug][gc,phases      ] GC(198)   StringDedup Table Weak         Min:  0.0, Avg:  0.0, Max:  0.0, Diff:  0.0, Sum:  0.0, Workers: 4
[2191.022s][debug][gc,phases      ] GC(198)     Dead                           Min: 0, Avg:  0.0, Max: 0, Diff: 0, Sum: 0, Workers: 4
[2191.022s][debug][gc,phases      ] GC(198)     Total                          Min: 0, Avg:  0.0, Max: 0, Diff: 0, Sum: 0, Workers: 4
[2191.022s][debug][gc,phases      ] GC(198)   StringDedup Requests0 Weak     Min:  0.0, Avg:  0.0, Max:  0.0, Diff:  0.0, Sum:  0.0, Workers: 4
[2191.022s][debug][gc,phases      ] GC(198)     Dead                           Min: 0, Avg:  0.0, Max: 0, Diff: 0, Sum: 0, Workers: 4
[2191.022s][debug][gc,phases      ] GC(198)     Total                          Min: 0, Avg:  0.0, Max: 0, Diff: 0, Sum: 0, Workers: 4
[2191.022s][debug][gc,phases      ] GC(198)   StringDedup Requests1 Weak     Min:  0.0, Avg:  0.0, Max:  0.0, Diff:  0.0, Sum:  0.0, Workers: 4
[2191.022s][debug][gc,phases      ] GC(198)     Dead                           Min: 0, Avg:  0.0, Max: 0, Diff: 0, Sum: 0, Workers: 4
[2191.022s][debug][gc,phases      ] GC(198)     Total                          Min: 0, Avg:  0.0, Max: 0, Diff: 0, Sum: 0, Workers: 4
[2191.022s][debug][gc,phases      ] GC(198)   Weak JFR Old Object Samples    Min:  0.0, Avg:  0.0, Max:  0.0, Diff:  0.0, Sum:  0.0, Workers: 4
[2191.022s][debug][gc,phases      ] GC(198)     Dead                           Min: 0, Avg:  0.0, Max: 0, Diff: 0, Sum: 0, Workers: 4
[2191.022s][debug][gc,phases      ] GC(198)     Total                          Min: 0, Avg:  0.0, Max: 0, Diff: 0, Sum: 0, Workers: 4
[2191.022s][debug][gc,phases      ] GC(198) Weak Processing 0.356ms
[2191.022s][debug][gc,age         ] GC(198) Desired survivor size 30932992 bytes, new threshold 15 (max threshold 15)
[2191.022s][info ][gc,heap        ] GC(198) PSYoungGen: 2037088K(2066432K)->1232K(2066432K) Eden: 2035712K(2035712K)->0K(2035712K) From: 1376K(30720K)->1232K(30720K)
[2191.022s][info ][gc,heap        ] GC(198) ParOldGen: 352550K(384000K)->352558K(384000K)
[2191.022s][info ][gc,metaspace   ] GC(198) Metaspace: 83235K(84160K)->83235K(84160K) NonClass: 71215K(71744K)->71215K(71744K) Class: 12019K(12416K)->12019K(12416K)
[2191.022s][info ][gc             ] GC(198) Pause Young (GCLocker Initiated GC) 2333M->345M(2393M) 3.546ms
[2191.022s][info ][gc,cpu         ] GC(198) User=0.01s Sys=0.00s Real=0.01s
[2191.022s][info ][safepoint      ] Safepoint "ParallelGCSystemGC", Time since last: 71200 ns, Reaching safepoint: 70500 ns, Cleanup: 11700 ns, At safepoint: 3606999 ns, Total: 3689199 ns
[2201.813s][info ][gc,start       ] GC(199) Pause Young (Allocation Failure)
[2201.816s][debug][gc,phases      ] GC(199) Scavenge 3.933ms
[2201.817s][debug][gc,ref         ] GC(199) Skipped phase 1 of Reference Processing: no references
[2201.817s][debug][gc,ref         ] GC(199) Skipped phase 2 of Reference Processing: no references
[2201.817s][debug][gc,ref         ] GC(199) Skipped phase 3 of Reference Processing: no references
[2201.817s][debug][gc,ref         ] GC(199) Skipped phase 4 of Reference Processing: no references
[2201.817s][debug][gc,phases      ] GC(199) Reference Processing 0.021ms
[2201.817s][debug][gc,phases      ] GC(199)   VM Weak                        Min:  0.0, Avg:  0.0, Max:  0.0, Diff:  0.0, Sum:  0.0, Workers: 4
[2201.817s][debug][gc,phases      ] GC(199)     Dead                           Min: 0, Avg:  0.0, Max: 0, Diff: 0, Sum: 0, Workers: 4
[2201.817s][debug][gc,phases      ] GC(199)     Total                          Min: 0, Avg: 181.0, Max: 468, Diff: 468, Sum: 724, Workers: 4
[2201.817s][debug][gc,phases      ] GC(199)   ObjectSynchronizer Weak        Min:  0.0, Avg:  0.0, Max:  0.0, Diff:  0.0, Sum:  0.0, Workers: 4
[2201.817s][debug][gc,phases      ] GC(199)     Dead                           Min: 0, Avg:  0.0, Max: 0, Diff: 0, Sum: 0, Workers: 4
[2201.817s][debug][gc,phases      ] GC(199)     Total                          Min: 0, Avg:  1.2, Max: 5, Diff: 5, Sum: 5, Workers: 4
[2201.817s][debug][gc,phases      ] GC(199)   JVMTI Tag Weak OopStorage      Min:  0.0, Avg:  0.0, Max:  0.0, Diff:  0.0, Sum:  0.0, Workers: 4
[2201.817s][debug][gc,phases      ] GC(199)     Dead                           Min: 0, Avg:  0.0, Max: 0, Diff: 0, Sum: 0, Workers: 4
[2201.817s][debug][gc,phases      ] GC(199)     Total                          Min: 0, Avg:  0.0, Max: 0, Diff: 0, Sum: 0, Workers: 4
[2201.817s][debug][gc,phases      ] GC(199)   StringTable Weak               Min:  0.0, Avg:  0.1, Max:  0.2, Diff:  0.2, Sum:  0.3, Workers: 4
[2201.817s][debug][gc,phases      ] GC(199)     Dead                           Min: 0, Avg:  0.0, Max: 0, Diff: 0, Sum: 0, Workers: 4
[2201.817s][debug][gc,phases      ] GC(199)     Total                          Min: 0, Avg: 10921.2, Max: 26853, Diff: 26853, Sum: 43685, Workers: 4
[2201.817s][debug][gc,phases      ] GC(199)   ResolvedMethodTable Weak       Min:  0.0, Avg:  0.0, Max:  0.0, Diff:  0.0, Sum:  0.1, Workers: 4
[2201.817s][debug][gc,phases      ] GC(199)     Dead                           Min: 0, Avg:  0.0, Max: 0, Diff: 0, Sum: 0, Workers: 4
[2201.817s][debug][gc,phases      ] GC(199)     Total                          Min: 0, Avg: 2439.8, Max: 5824, Diff: 5824, Sum: 9759, Workers: 4
[2201.817s][debug][gc,phases      ] GC(199)   JNI Weak                       Min:  0.0, Avg:  0.0, Max:  0.0, Diff:  0.0, Sum:  0.0, Workers: 4
[2201.817s][debug][gc,phases      ] GC(199)     Dead                           Min: 0, Avg:  0.0, Max: 0, Diff: 0, Sum: 0, Workers: 4
[2201.817s][debug][gc,phases      ] GC(199)     Total                          Min: 0, Avg: 11.2, Max: 45, Diff: 45, Sum: 45, Workers: 4
[2201.817s][debug][gc,phases      ] GC(199)   StringDedup Table Weak         Min:  0.0, Avg:  0.0, Max:  0.0, Diff:  0.0, Sum:  0.0, Workers: 4
[2201.817s][debug][gc,phases      ] GC(199)     Dead                           Min: 0, Avg:  0.0, Max: 0, Diff: 0, Sum: 0, Workers: 4
[2201.817s][debug][gc,phases      ] GC(199)     Total                          Min: 0, Avg:  0.0, Max: 0, Diff: 0, Sum: 0, Workers: 4
[2201.817s][debug][gc,phases      ] GC(199)   StringDedup Requests0 Weak     Min:  0.0, Avg:  0.0, Max:  0.0, Diff:  0.0, Sum:  0.0, Workers: 4
[2201.817s][debug][gc,phases      ] GC(199)     Dead                           Min: 0, Avg:  0.0, Max: 0, Diff: 0, Sum: 0, Workers: 4
[2201.817s][debug][gc,phases      ] GC(199)     Total                          Min: 0, Avg:  0.0, Max: 0, Diff: 0, Sum: 0, Workers: 4
[2201.817s][debug][gc,phases      ] GC(199)   StringDedup Requests1 Weak     Min:  0.0, Avg:  0.0, Max:  0.0, Diff:  0.0, Sum:  0.0, Workers: 4
[2201.817s][debug][gc,phases      ] GC(199)     Dead                           Min: 0, Avg:  0.0, Max: 0, Diff: 0, Sum: 0, Workers: 4
[2201.817s][debug][gc,phases      ] GC(199)     Total                          Min: 0, Avg:  0.0, Max: 0, Diff: 0, Sum: 0, Workers: 4
[2201.817s][debug][gc,phases      ] GC(199)   Weak JFR Old Object Samples    Min:  0.0, Avg:  0.0, Max:  0.0, Diff:  0.0, Sum:  0.0, Workers: 4
[2201.817s][debug][gc,phases      ] GC(199)     Dead                           Min: 0, Avg:  0.0, Max: 0, Diff: 0, Sum: 0, Workers: 4
[2201.817s][debug][gc,phases      ] GC(199)     Total                          Min: 0, Avg:  0.0, Max: 0, Diff: 0, Sum: 0, Workers: 4
[2201.817s][debug][gc,phases      ] GC(199) Weak Processing 0.358ms
[2201.817s][debug][gc,age         ] GC(199) Desired survivor size 30408704 bytes, new threshold 15 (max threshold 15)
[2201.817s][info ][gc,heap        ] GC(199) PSYoungGen: 2036944K(2066432K)->1376K(2067456K) Eden: 2035712K(2035712K)->0K(2037248K) From: 1232K(30720K)->1376K(30208K)
[2201.817s][info ][gc,heap        ] GC(199) ParOldGen: 352560K(384000K)->352592K(384000K)
[2201.817s][info ][gc,metaspace   ] GC(199) Metaspace: 83236K(84160K)->83236K(84160K) NonClass: 71216K(71744K)->71216K(71744K) Class: 12019K(12416K)->12019K(12416K)
[2201.817s][info ][gc             ] GC(199) Pause Young (Allocation Failure) 2333M->345M(2394M) 4.406ms
[2201.817s][info ][gc,cpu         ] GC(199) User=0.01s Sys=0.00s Real=0.00s
[2201.817s][info ][safepoint      ] Safepoint "ParallelGCFailedAllocation", Time since last: 10790400566 ns, Reaching safepoint: 4700 ns, Cleanup: 29400 ns, At safepoint: 4467599 ns, Total: 4501699 ns
[2205.817s][info ][safepoint      ] Safepoint "Cleanup", Time since last: 4000271839 ns, Reaching safepoint: 4700 ns, Cleanup: 48900 ns, At safepoint: 2900 ns, Total: 56500 ns
[2211.814s][info ][gc,start       ] GC(200) Pause Young (Allocation Failure)
[2211.838s][debug][gc,phases      ] GC(200) Scavenge 24.659ms
[2211.838s][debug][gc,ref         ] GC(200) Skipped phase 1 of Reference Processing: no references
[2211.838s][debug][gc,ref         ] GC(200) ReferenceProcessor::execute queues: 1, RefProcThreadModel::Single, marks_oops_alive: false
[2211.838s][debug][gc,ref         ] GC(200) Skipped phase 3 of Reference Processing: no references
[2211.838s][debug][gc,ref         ] GC(200) ReferenceProcessor::execute queues: 1, RefProcThreadModel::Single, marks_oops_alive: false
[2211.838s][debug][gc,phases      ] GC(200) Reference Processing 0.101ms
[2211.839s][debug][gc,phases      ] GC(200)   VM Weak                        Min:  0.0, Avg:  0.0, Max:  0.0, Diff:  0.0, Sum:  0.0, Workers: 4
[2211.839s][debug][gc,phases      ] GC(200)     Dead                           Min: 0, Avg:  0.0, Max: 0, Diff: 0, Sum: 0, Workers: 4
[2211.839s][debug][gc,phases      ] GC(200)     Total                          Min: 0, Avg: 181.0, Max: 660, Diff: 660, Sum: 724, Workers: 4
[2211.839s][debug][gc,phases      ] GC(200)   ObjectSynchronizer Weak        Min:  0.0, Avg:  0.0, Max:  0.0, Diff:  0.0, Sum:  0.0, Workers: 4
[2211.839s][debug][gc,phases      ] GC(200)     Dead                           Min: 0, Avg:  0.0, Max: 0, Diff: 0, Sum: 0, Workers: 4
[2211.839s][debug][gc,phases      ] GC(200)     Total                          Min: 0, Avg:  1.8, Max: 7, Diff: 7, Sum: 7, Workers: 4
[2211.839s][debug][gc,phases      ] GC(200)   JVMTI Tag Weak OopStorage      Min:  0.0, Avg:  0.0, Max:  0.0, Diff:  0.0, Sum:  0.0, Workers: 4
[2211.839s][debug][gc,phases      ] GC(200)     Dead                           Min: 0, Avg:  0.0, Max: 0, Diff: 0, Sum: 0, Workers: 4
[2211.839s][debug][gc,phases      ] GC(200)     Total                          Min: 0, Avg:  0.0, Max: 0, Diff: 0, Sum: 0, Workers: 4
[2211.839s][debug][gc,phases      ] GC(200)   StringTable Weak               Min:  0.1, Avg:  0.1, Max:  0.1, Diff:  0.0, Sum:  0.4, Workers: 4
[2211.839s][debug][gc,phases      ] GC(200)     Dead                           Min: 0, Avg:  0.0, Max: 0, Diff: 0, Sum: 0, Workers: 4
[2211.839s][debug][gc,phases      ] GC(200)     Total                          Min: 9344, Avg: 10921.5, Max: 12006, Diff: 2662, Sum: 43686, Workers: 4
[2211.839s][debug][gc,phases      ] GC(200)   ResolvedMethodTable Weak       Min:  0.0, Avg:  0.0, Max:  0.0, Diff:  0.0, Sum:  0.1, Workers: 4
[2211.839s][debug][gc,phases      ] GC(200)     Dead                           Min: 0, Avg:  0.0, Max: 0, Diff: 0, Sum: 0, Workers: 4
[2211.839s][debug][gc,phases      ] GC(200)     Total                          Min: 2304, Avg: 2439.8, Max: 2591, Diff: 287, Sum: 9759, Workers: 4
[2211.839s][debug][gc,phases      ] GC(200)   JNI Weak                       Min:  0.0, Avg:  0.0, Max:  0.0, Diff:  0.0, Sum:  0.0, Workers: 4
[2211.839s][debug][gc,phases      ] GC(200)     Dead                           Min: 0, Avg:  0.0, Max: 0, Diff: 0, Sum: 0, Workers: 4
[2211.839s][debug][gc,phases      ] GC(200)     Total                          Min: 0, Avg: 11.2, Max: 45, Diff: 45, Sum: 45, Workers: 4
[2211.839s][debug][gc,phases      ] GC(200)   StringDedup Table Weak         Min:  0.0, Avg:  0.0, Max:  0.0, Diff:  0.0, Sum:  0.0, Workers: 4
[2211.839s][debug][gc,phases      ] GC(200)     Dead                           Min: 0, Avg:  0.0, Max: 0, Diff: 0, Sum: 0, Workers: 4
[2211.839s][debug][gc,phases      ] GC(200)     Total                          Min: 0, Avg:  0.0, Max: 0, Diff: 0, Sum: 0, Workers: 4
[2211.839s][debug][gc,phases      ] GC(200)   StringDedup Requests0 Weak     Min:  0.0, Avg:  0.0, Max:  0.0, Diff:  0.0, Sum:  0.0, Workers: 4
[2211.839s][debug][gc,phases      ] GC(200)     Dead                           Min: 0, Avg:  0.0, Max: 0, Diff: 0, Sum: 0, Workers: 4
[2211.839s][debug][gc,phases      ] GC(200)     Total                          Min: 0, Avg:  0.0, Max: 0, Diff: 0, Sum: 0, Workers: 4
[2211.839s][debug][gc,phases      ] GC(200)   StringDedup Requests1 Weak     Min:  0.0, Avg:  0.0, Max:  0.0, Diff:  0.0, Sum:  0.0, Workers: 4
[2211.839s][debug][gc,phases      ] GC(200)     Dead                           Min: 0, Avg:  0.0, Max: 0, Diff: 0, Sum: 0, Workers: 4
[2211.839s][debug][gc,phases      ] GC(200)     Total                          Min: 0, Avg:  0.0, Max: 0, Diff: 0, Sum: 0, Workers: 4
[2211.839s][debug][gc,phases      ] GC(200)   Weak JFR Old Object Samples    Min:  0.0, Avg:  0.0, Max:  0.0, Diff:  0.0, Sum:  0.0, Workers: 4
[2211.839s][debug][gc,phases      ] GC(200)     Dead                           Min: 0, Avg:  0.0, Max: 0, Diff: 0, Sum: 0, Workers: 4
[2211.839s][debug][gc,phases      ] GC(200)     Total                          Min: 0, Avg:  0.0, Max: 0, Diff: 0, Sum: 0, Workers: 4
[2211.839s][debug][gc,phases      ] GC(200) Weak Processing 0.309ms
[2211.839s][debug][gc,age         ] GC(200) Desired survivor size 40370176 bytes, new threshold 14 (max threshold 15)
[2211.839s][info ][gc,heap        ] GC(200) PSYoungGen: 2038624K(2067456K)->29664K(2066944K) Eden: 2037248K(2037248K)->0K(2037248K) From: 1376K(30208K)->29664K(29696K)
[2211.839s][info ][gc,heap        ] GC(200) ParOldGen: 352592K(384000K)->364048K(384000K)
[2211.839s][info ][gc,metaspace   ] GC(200) Metaspace: 83238K(84160K)->83238K(84160K) NonClass: 71218K(71744K)->71218K(71744K) Class: 12019K(12416K)->12019K(12416K)
[2211.839s][info ][gc             ] GC(200) Pause Young (Allocation Failure) 2335M->384M(2393M) 25.194ms
[2211.839s][info ][gc,cpu         ] GC(200) User=0.09s Sys=0.00s Real=0.02s
[2211.839s][info ][safepoint      ] Safepoint "ParallelGCFailedAllocation", Time since last: 5996124094 ns, Reaching safepoint: 79700 ns, Cleanup: 28800 ns, At safepoint: 25271392 ns, Total: 25379892 ns
[2212.839s][info ][safepoint      ] Safepoint "Cleanup", Time since last: 1000074168 ns, Reaching safepoint: 5400 ns, Cleanup: 52900 ns, At safepoint: 3100 ns, Total: 61400 ns
[2213.839s][info ][safepoint      ] Safepoint "Cleanup", Time since last: 1000095870 ns, Reaching safepoint: 4700 ns, Cleanup: 39100 ns, At safepoint: 2300 ns, Total: 46100 ns
[2214.839s][info ][safepoint      ] Safepoint "Cleanup", Time since last: 1000087571 ns, Reaching safepoint: 5500 ns, Cleanup: 35700 ns, At safepoint: 3100 ns, Total: 44300 ns
[2217.061s][info ][gc,start       ] GC(201) Pause Young (Allocation Failure)
[2217.097s][debug][gc,phases      ] GC(201) Scavenge 36.526ms
[2217.097s][debug][gc,ref         ] GC(201) Skipped phase 1 of Reference Processing: no references
[2217.097s][debug][gc,ref         ] GC(201) ReferenceProcessor::execute queues: 1, RefProcThreadModel::Single, marks_oops_alive: false
[2217.097s][debug][gc,ref         ] GC(201) Skipped phase 3 of Reference Processing: no references
[2217.097s][debug][gc,ref         ] GC(201) ReferenceProcessor::execute queues: 1, RefProcThreadModel::Single, marks_oops_alive: false
[2217.097s][debug][gc,phases      ] GC(201) Reference Processing 0.095ms
[2217.097s][debug][gc,phases      ] GC(201)   VM Weak                        Min:  0.0, Avg:  0.0, Max:  0.0, Diff:  0.0, Sum:  0.0, Workers: 4
[2217.098s][debug][gc,phases      ] GC(201)     Dead                           Min: 0, Avg:  0.0, Max: 0, Diff: 0, Sum: 0, Workers: 4
[2217.098s][debug][gc,phases      ] GC(201)     Total                          Min: 0, Avg: 181.0, Max: 512, Diff: 512, Sum: 724, Workers: 4
[2217.098s][debug][gc,phases      ] GC(201)   ObjectSynchronizer Weak        Min:  0.0, Avg:  0.0, Max:  0.0, Diff:  0.0, Sum:  0.0, Workers: 4
[2217.098s][debug][gc,phases      ] GC(201)     Dead                           Min: 0, Avg:  0.0, Max: 0, Diff: 0, Sum: 0, Workers: 4
[2217.098s][debug][gc,phases      ] GC(201)     Total                          Min: 0, Avg:  1.8, Max: 7, Diff: 7, Sum: 7, Workers: 4
[2217.098s][debug][gc,phases      ] GC(201)   JVMTI Tag Weak OopStorage      Min:  0.0, Avg:  0.0, Max:  0.0, Diff:  0.0, Sum:  0.0, Workers: 4
[2217.098s][debug][gc,phases      ] GC(201)     Dead                           Min: 0, Avg:  0.0, Max: 0, Diff: 0, Sum: 0, Workers: 4
[2217.098s][debug][gc,phases      ] GC(201)     Total                          Min: 0, Avg:  0.0, Max: 0, Diff: 0, Sum: 0, Workers: 4
[2217.098s][debug][gc,phases      ] GC(201)   StringTable Weak               Min:  0.0, Avg:  0.1, Max:  0.1, Diff:  0.1, Sum:  0.4, Workers: 4
[2217.098s][debug][gc,phases      ] GC(201)     Dead                           Min: 0, Avg:  0.0, Max: 0, Diff: 0, Sum: 0, Workers: 4
[2217.098s][debug][gc,phases      ] GC(201)     Total                          Min: 0, Avg: 10921.5, Max: 17830, Diff: 17830, Sum: 43686, Workers: 4
[2217.098s][debug][gc,phases      ] GC(201)   ResolvedMethodTable Weak       Min:  0.0, Avg:  0.0, Max:  0.0, Diff:  0.0, Sum:  0.1, Workers: 4
[2217.098s][debug][gc,phases      ] GC(201)     Dead                           Min: 0, Avg:  0.0, Max: 0, Diff: 0, Sum: 0, Workers: 4
[2217.098s][debug][gc,phases      ] GC(201)     Total                          Min: 0, Avg: 2439.8, Max: 4255, Diff: 4255, Sum: 9759, Workers: 4
[2217.098s][debug][gc,phases      ] GC(201)   JNI Weak                       Min:  0.0, Avg:  0.0, Max:  0.0, Diff:  0.0, Sum:  0.0, Workers: 4
[2217.098s][debug][gc,phases      ] GC(201)     Dead                           Min: 0, Avg:  0.0, Max: 0, Diff: 0, Sum: 0, Workers: 4
[2217.098s][debug][gc,phases      ] GC(201)     Total                          Min: 0, Avg: 11.2, Max: 45, Diff: 45, Sum: 45, Workers: 4
[2217.098s][debug][gc,phases      ] GC(201)   StringDedup Table Weak         Min:  0.0, Avg:  0.0, Max:  0.0, Diff:  0.0, Sum:  0.0, Workers: 4
[2217.098s][debug][gc,phases      ] GC(201)     Dead                           Min: 0, Avg:  0.0, Max: 0, Diff: 0, Sum: 0, Workers: 4
[2217.098s][debug][gc,phases      ] GC(201)     Total                          Min: 0, Avg:  0.0, Max: 0, Diff: 0, Sum: 0, Workers: 4
[2217.098s][debug][gc,phases      ] GC(201)   StringDedup Requests0 Weak     Min:  0.0, Avg:  0.0, Max:  0.0, Diff:  0.0, Sum:  0.0, Workers: 4
[2217.098s][debug][gc,phases      ] GC(201)     Dead                           Min: 0, Avg:  0.0, Max: 0, Diff: 0, Sum: 0, Workers: 4
[2217.098s][debug][gc,phases      ] GC(201)     Total                          Min: 0, Avg:  0.0, Max: 0, Diff: 0, Sum: 0, Workers: 4
[2217.098s][debug][gc,phases      ] GC(201)   StringDedup Requests1 Weak     Min:  0.0, Avg:  0.0, Max:  0.0, Diff:  0.0, Sum:  0.0, Workers: 4
[2217.098s][debug][gc,phases      ] GC(201)     Dead                           Min: 0, Avg:  0.0, Max: 0, Diff: 0, Sum: 0, Workers: 4
[2217.098s][debug][gc,phases      ] GC(201)     Total                          Min: 0, Avg:  0.0, Max: 0, Diff: 0, Sum: 0, Workers: 4
[2217.098s][debug][gc,phases      ] GC(201)   Weak JFR Old Object Samples    Min:  0.0, Avg:  0.0, Max:  0.0, Diff:  0.0, Sum:  0.0, Workers: 4
[2217.098s][debug][gc,phases      ] GC(201)     Dead                           Min: 0, Avg:  0.0, Max: 0, Diff: 0, Sum: 0, Workers: 4
[2217.098s][debug][gc,phases      ] GC(201)     Total                          Min: 0, Avg:  0.0, Max: 0, Diff: 0, Sum: 0, Workers: 4
[2217.098s][debug][gc,phases      ] GC(201) Weak Processing 0.331ms
[2217.098s][debug][gc,age         ] GC(201) Desired survivor size 58720256 bytes, new threshold 13 (max threshold 15)
[2217.098s][info ][gc,heap        ] GC(201) PSYoungGen: 2066912K(2066944K)->30192K(2012672K) Eden: 2037248K(2037248K)->0K(1982464K) From: 29664K(29696K)->30192K(30208K)
[2217.098s][info ][gc,heap        ] GC(201) ParOldGen: 364048K(384000K)->401368K(401408K)
[2217.098s][info ][gc,metaspace   ] GC(201) Metaspace: 83252K(84160K)->83252K(84160K) NonClass: 71232K(71744K)->71232K(71744K) Class: 12019K(12416K)->12019K(12416K)
[2217.098s][info ][gc             ] GC(201) Pause Young (Allocation Failure) 2373M->421M(2357M) 37.083ms
[2217.098s][info ][gc,cpu         ] GC(201) User=0.12s Sys=0.02s Real=0.03s
[2217.098s][debug][gc,phases      ] GC(202) Pre Compact 0.010ms
[2217.098s][info ][gc,start       ] GC(202) Pause Full (Ergonomics)
[2217.098s][info ][gc,phases,start] GC(202) Marking Phase
[2217.218s][debug][gc,phases      ] GC(202) Par Mark 119.936ms
[2217.218s][debug][gc,ref         ] GC(202) Skipped phase 1 of Reference Processing: no references
[2217.218s][debug][gc,ref         ] GC(202) ReferenceProcessor::execute queues: 4, RefProcThreadModel::Multi, marks_oops_alive: false
[2217.219s][debug][gc,ref         ] GC(202) Skipped phase 3 of Reference Processing: no references
[2217.219s][debug][gc,ref         ] GC(202) ReferenceProcessor::execute queues: 1, RefProcThreadModel::Single, marks_oops_alive: false
[2217.219s][debug][gc,phases      ] GC(202) Reference Processing 0.977ms
[2217.219s][debug][gc,phases      ] GC(202)   VM Weak                        Min:  0.0, Avg:  0.0, Max:  0.0, Diff:  0.0, Sum:  0.0, Workers: 4
[2217.219s][debug][gc,phases      ] GC(202)     Dead                           Min: 0, Avg:  0.0, Max: 0, Diff: 0, Sum: 0, Workers: 4
[2217.219s][debug][gc,phases      ] GC(202)     Total                          Min: 0, Avg: 181.0, Max: 384, Diff: 384, Sum: 724, Workers: 4
[2217.219s][debug][gc,phases      ] GC(202)   ObjectSynchronizer Weak        Min:  0.0, Avg:  0.0, Max:  0.0, Diff:  0.0, Sum:  0.0, Workers: 4
[2217.219s][debug][gc,phases      ] GC(202)     Dead                           Min: 0, Avg:  0.0, Max: 0, Diff: 0, Sum: 0, Workers: 4
[2217.219s][debug][gc,phases      ] GC(202)     Total                          Min: 0, Avg:  1.8, Max: 7, Diff: 7, Sum: 7, Workers: 4
[2217.219s][debug][gc,phases      ] GC(202)   JVMTI Tag Weak OopStorage      Min:  0.0, Avg:  0.0, Max:  0.0, Diff:  0.0, Sum:  0.0, Workers: 4
[2217.219s][debug][gc,phases      ] GC(202)     Dead                           Min: 0, Avg:  0.0, Max: 0, Diff: 0, Sum: 0, Workers: 4
[2217.219s][debug][gc,phases      ] GC(202)     Total                          Min: 0, Avg:  0.0, Max: 0, Diff: 0, Sum: 0, Workers: 4
[2217.219s][debug][gc,phases      ] GC(202)   StringTable Weak               Min:  0.0, Avg:  0.2, Max:  0.2, Diff:  0.2, Sum:  0.6, Workers: 4
[2217.219s][debug][gc,phases      ] GC(202)     Dead                           Min: 0, Avg:  0.0, Max: 0, Diff: 0, Sum: 0, Workers: 4
[2217.219s][debug][gc,phases      ] GC(202)     Total                          Min: 0, Avg: 10921.5, Max: 15078, Diff: 15078, Sum: 43686, Workers: 4
[2217.219s][debug][gc,phases      ] GC(202)   ResolvedMethodTable Weak       Min:  0.0, Avg:  0.0, Max:  0.1, Diff:  0.1, Sum:  0.2, Workers: 4
[2217.219s][debug][gc,phases      ] GC(202)     Dead                           Min: 0, Avg:  0.0, Max: 0, Diff: 0, Sum: 0, Workers: 4
[2217.219s][debug][gc,phases      ] GC(202)     Total                          Min: 0, Avg: 2439.8, Max: 3456, Diff: 3456, Sum: 9759, Workers: 4
[2217.219s][debug][gc,phases      ] GC(202)   JNI Weak                       Min:  0.0, Avg:  0.0, Max:  0.0, Diff:  0.0, Sum:  0.0, Workers: 4
[2217.219s][debug][gc,phases      ] GC(202)     Dead                           Min: 0, Avg:  0.0, Max: 0, Diff: 0, Sum: 0, Workers: 4
[2217.219s][debug][gc,phases      ] GC(202)     Total                          Min: 0, Avg: 11.2, Max: 45, Diff: 45, Sum: 45, Workers: 4
[2217.219s][debug][gc,phases      ] GC(202)   StringDedup Table Weak         Min:  0.0, Avg:  0.0, Max:  0.0, Diff:  0.0, Sum:  0.0, Workers: 4
[2217.219s][debug][gc,phases      ] GC(202)     Dead                           Min: 0, Avg:  0.0, Max: 0, Diff: 0, Sum: 0, Workers: 4
[2217.219s][debug][gc,phases      ] GC(202)     Total                          Min: 0, Avg:  0.0, Max: 0, Diff: 0, Sum: 0, Workers: 4
[2217.219s][debug][gc,phases      ] GC(202)   StringDedup Requests0 Weak     Min:  0.0, Avg:  0.0, Max:  0.0, Diff:  0.0, Sum:  0.0, Workers: 4
[2217.219s][debug][gc,phases      ] GC(202)     Dead                           Min: 0, Avg:  0.0, Max: 0, Diff: 0, Sum: 0, Workers: 4
[2217.219s][debug][gc,phases      ] GC(202)     Total                          Min: 0, Avg:  0.0, Max: 0, Diff: 0, Sum: 0, Workers: 4
[2217.219s][debug][gc,phases      ] GC(202)   StringDedup Requests1 Weak     Min:  0.0, Avg:  0.0, Max:  0.0, Diff:  0.0, Sum:  0.0, Workers: 4
[2217.219s][debug][gc,phases      ] GC(202)     Dead                           Min: 0, Avg:  0.0, Max: 0, Diff: 0, Sum: 0, Workers: 4
[2217.219s][debug][gc,phases      ] GC(202)     Total                          Min: 0, Avg:  0.0, Max: 0, Diff: 0, Sum: 0, Workers: 4
[2217.219s][debug][gc,phases      ] GC(202)   Weak JFR Old Object Samples    Min:  0.0, Avg:  0.0, Max:  0.0, Diff:  0.0, Sum:  0.0, Workers: 4
[2217.219s][debug][gc,phases      ] GC(202)     Dead                           Min: 0, Avg:  0.0, Max: 0, Diff: 0, Sum: 0, Workers: 4
[2217.219s][debug][gc,phases      ] GC(202)     Total                          Min: 0, Avg:  0.0, Max: 0, Diff: 0, Sum: 0, Workers: 4
[2217.219s][debug][gc,phases      ] GC(202) Weak Processing 0.431ms
[2217.219s][debug][gc,phases      ] GC(202) ClassLoaderData 0.086ms
[2217.219s][debug][gc,phases      ] GC(202) Trigger cleanups 0.000ms
[2217.238s][debug][gc,phases      ] GC(202) Class Unloading 18.811ms
[2217.238s][debug][gc,phases      ] GC(202) Report Object Count 0.001ms
[2217.238s][info ][gc,phases      ] GC(202) Marking Phase 140.318ms
[2217.238s][info ][gc,phases,start] GC(202) Summary Phase
[2217.238s][info ][gc,phases      ] GC(202) Summary Phase 0.014ms
[2217.238s][info ][gc,phases,start] GC(202) Adjust Roots
[2217.250s][info ][gc,phases      ] GC(202) Adjust Roots 11.809ms
[2217.250s][info ][gc,phases,start] GC(202) Compaction Phase
[2217.371s][info ][gc,phases      ] GC(202) Compaction Phase 121.542ms
[2217.371s][info ][gc,phases,start] GC(202) Post Compact
[2217.372s][info ][gc,phases      ] GC(202) Post Compact 0.822ms
[2217.373s][info ][gc,heap        ] GC(202) PSYoungGen: 30192K(2012672K)->0K(2039808K) Eden: 0K(1982464K)->0K(1982464K) From: 30192K(30208K)->0K(57344K)
[2217.373s][info ][gc,heap        ] GC(202) ParOldGen: 401368K(401408K)->339973K(391680K)
[2217.373s][info ][gc,metaspace   ] GC(202) Metaspace: 83252K(84160K)->83252K(84160K) NonClass: 71232K(71744K)->71232K(71744K) Class: 12019K(12416K)->12019K(12416K)
[2217.373s][info ][gc             ] GC(202) Pause Full (Ergonomics) 421M->332M(2374M) 275.326ms
[2217.373s][info ][gc,cpu         ] GC(202) User=0.85s Sys=0.00s Real=0.28s
[2217.373s][info ][safepoint      ] Safepoint "ParallelGCFailedAllocation", Time since last: 2221318569 ns, Reaching safepoint: 6600 ns, Cleanup: 34400 ns, At safepoint: 312557097 ns, Total: 312598097 ns
[2218.373s][info ][safepoint      ] Safepoint "Cleanup", Time since last: 1000088371 ns, Reaching safepoint: 5600 ns, Cleanup: 55400 ns, At safepoint: 2600 ns, Total: 63600 ns
[2226.114s][info ][gc,start       ] GC(203) Pause Young (Allocation Failure)
[2226.123s][debug][gc,phases      ] GC(203) Scavenge 8.921ms
[2226.123s][debug][gc,ref         ] GC(203) Skipped phase 1 of Reference Processing: no references
[2226.123s][debug][gc,ref         ] GC(203) Skipped phase 2 of Reference Processing: no references
[2226.123s][debug][gc,ref         ] GC(203) Skipped phase 3 of Reference Processing: no references
[2226.123s][debug][gc,ref         ] GC(203) ReferenceProcessor::execute queues: 1, RefProcThreadModel::Single, marks_oops_alive: false
[2226.123s][debug][gc,phases      ] GC(203) Reference Processing 0.090ms
[2226.123s][debug][gc,phases      ] GC(203)   VM Weak                        Min:  0.0, Avg:  0.0, Max:  0.0, Diff:  0.0, Sum:  0.0, Workers: 4
[2226.123s][debug][gc,phases      ] GC(203)     Dead                           Min: 0, Avg:  0.0, Max: 0, Diff: 0, Sum: 0, Workers: 4
[2226.123s][debug][gc,phases      ] GC(203)     Total                          Min: 0, Avg: 181.0, Max: 448, Diff: 448, Sum: 724, Workers: 4
[2226.123s][debug][gc,phases      ] GC(203)   ObjectSynchronizer Weak        Min:  0.0, Avg:  0.0, Max:  0.0, Diff:  0.0, Sum:  0.0, Workers: 4
[2226.123s][debug][gc,phases      ] GC(203)     Dead                           Min: 0, Avg:  0.0, Max: 0, Diff: 0, Sum: 0, Workers: 4
[2226.123s][debug][gc,phases      ] GC(203)     Total                          Min: 0, Avg:  1.2, Max: 5, Diff: 5, Sum: 5, Workers: 4
[2226.123s][debug][gc,phases      ] GC(203)   JVMTI Tag Weak OopStorage      Min:  0.0, Avg:  0.0, Max:  0.0, Diff:  0.0, Sum:  0.0, Workers: 4
[2226.123s][debug][gc,phases      ] GC(203)     Dead                           Min: 0, Avg:  0.0, Max: 0, Diff: 0, Sum: 0, Workers: 4
[2226.123s][debug][gc,phases      ] GC(203)     Total                          Min: 0, Avg:  0.0, Max: 0, Diff: 0, Sum: 0, Workers: 4
[2226.123s][debug][gc,phases      ] GC(203)   StringTable Weak               Min:  0.0, Avg:  0.1, Max:  0.2, Diff:  0.2, Sum:  0.3, Workers: 4
[2226.123s][debug][gc,phases      ] GC(203)     Dead                           Min: 0, Avg:  0.0, Max: 0, Diff: 0, Sum: 0, Workers: 4
[2226.123s][debug][gc,phases      ] GC(203)     Total                          Min: 0, Avg: 10923.0, Max: 25216, Diff: 25216, Sum: 43692, Workers: 4
[2226.123s][debug][gc,phases      ] GC(203)   ResolvedMethodTable Weak       Min:  0.0, Avg:  0.0, Max:  0.0, Diff:  0.0, Sum:  0.1, Workers: 4
[2226.123s][debug][gc,phases      ] GC(203)     Dead                           Min: 0, Avg:  0.0, Max: 0, Diff: 0, Sum: 0, Workers: 4
[2226.123s][debug][gc,phases      ] GC(203)     Total                          Min: 0, Avg: 2439.8, Max: 5983, Diff: 5983, Sum: 9759, Workers: 4
[2226.123s][debug][gc,phases      ] GC(203)   JNI Weak                       Min:  0.0, Avg:  0.0, Max:  0.0, Diff:  0.0, Sum:  0.0, Workers: 4
[2226.123s][debug][gc,phases      ] GC(203)     Dead                           Min: 0, Avg:  0.0, Max: 0, Diff: 0, Sum: 0, Workers: 4
[2226.123s][debug][gc,phases      ] GC(203)     Total                          Min: 0, Avg: 11.2, Max: 45, Diff: 45, Sum: 45, Workers: 4
[2226.123s][debug][gc,phases      ] GC(203)   StringDedup Table Weak         Min:  0.0, Avg:  0.0, Max:  0.0, Diff:  0.0, Sum:  0.0, Workers: 4
[2226.123s][debug][gc,phases      ] GC(203)     Dead                           Min: 0, Avg:  0.0, Max: 0, Diff: 0, Sum: 0, Workers: 4
[2226.123s][debug][gc,phases      ] GC(203)     Total                          Min: 0, Avg:  0.0, Max: 0, Diff: 0, Sum: 0, Workers: 4
[2226.123s][debug][gc,phases      ] GC(203)   StringDedup Requests0 Weak     Min:  0.0, Avg:  0.0, Max:  0.0, Diff:  0.0, Sum:  0.0, Workers: 4
[2226.123s][debug][gc,phases      ] GC(203)     Dead                           Min: 0, Avg:  0.0, Max: 0, Diff: 0, Sum: 0, Workers: 4
[2226.123s][debug][gc,phases      ] GC(203)     Total                          Min: 0, Avg:  0.0, Max: 0, Diff: 0, Sum: 0, Workers: 4
[2226.123s][debug][gc,phases      ] GC(203)   StringDedup Requests1 Weak     Min:  0.0, Avg:  0.0, Max:  0.0, Diff:  0.0, Sum:  0.0, Workers: 4
[2226.123s][debug][gc,phases      ] GC(203)     Dead                           Min: 0, Avg:  0.0, Max: 0, Diff: 0, Sum: 0, Workers: 4
[2226.123s][debug][gc,phases      ] GC(203)     Total                          Min: 0, Avg:  0.0, Max: 0, Diff: 0, Sum: 0, Workers: 4
[2226.123s][debug][gc,phases      ] GC(203)   Weak JFR Old Object Samples    Min:  0.0, Avg:  0.0, Max:  0.0, Diff:  0.0, Sum:  0.0, Workers: 4
[2226.123s][debug][gc,phases      ] GC(203)     Dead                           Min: 0, Avg:  0.0, Max: 0, Diff: 0, Sum: 0, Workers: 4
[2226.123s][debug][gc,phases      ] GC(203)     Total                          Min: 0, Avg:  0.0, Max: 0, Diff: 0, Sum: 0, Workers: 4
[2226.123s][debug][gc,phases      ] GC(203) Weak Processing 0.376ms
[2226.123s][debug][gc,age         ] GC(203) Desired survivor size 55574528 bytes, new threshold 14 (max threshold 15)
[2226.123s][info ][gc,heap        ] GC(203) PSYoungGen: 1982464K(2039808K)->14112K(2042880K) Eden: 1982464K(1982464K)->0K(1985536K) From: 0K(57344K)->14112K(57344K)
[2226.123s][info ][gc,heap        ] GC(203) ParOldGen: 339973K(391680K)->339973K(391680K)
[2226.123s][info ][gc,metaspace   ] GC(203) Metaspace: 83267K(84160K)->83267K(84160K) NonClass: 71247K(71744K)->71247K(71744K) Class: 12019K(12416K)->12019K(12416K)
[2226.123s][info ][gc             ] GC(203) Pause Young (Allocation Failure) 2268M->345M(2377M) 9.499ms
[2226.124s][info ][gc,cpu         ] GC(203) User=0.03s Sys=0.00s Real=0.01s
[2226.124s][info ][safepoint      ] Safepoint "ParallelGCFailedAllocation", Time since last: 7740681420 ns, Reaching safepoint: 4600 ns, Cleanup: 20700 ns, At safepoint: 9569597 ns, Total: 9594897 ns
[2238.010s][info ][gc,start       ] GC(204) Pause Young (Allocation Failure)
[2238.027s][debug][gc,phases      ] GC(204) Scavenge 16.541ms
[2238.027s][debug][gc,ref         ] GC(204) Skipped phase 1 of Reference Processing: no references
[2238.027s][debug][gc,ref         ] GC(204) Skipped phase 2 of Reference Processing: no references
[2238.027s][debug][gc,ref         ] GC(204) Skipped phase 3 of Reference Processing: no references
[2238.027s][debug][gc,ref         ] GC(204) ReferenceProcessor::execute queues: 1, RefProcThreadModel::Single, marks_oops_alive: false
[2238.027s][debug][gc,phases      ] GC(204) Reference Processing 0.105ms
[2238.027s][debug][gc,phases      ] GC(204)   VM Weak                        Min:  0.0, Avg:  0.0, Max:  0.0, Diff:  0.0, Sum:  0.0, Workers: 4
[2238.027s][debug][gc,phases      ] GC(204)     Dead                           Min: 0, Avg:  0.0, Max: 0, Diff: 0, Sum: 0, Workers: 4
[2238.027s][debug][gc,phases      ] GC(204)     Total                          Min: 0, Avg: 181.0, Max: 532, Diff: 532, Sum: 724, Workers: 4
[2238.027s][debug][gc,phases      ] GC(204)   ObjectSynchronizer Weak        Min:  0.0, Avg:  0.0, Max:  0.0, Diff:  0.0, Sum:  0.0, Workers: 4
[2238.027s][debug][gc,phases      ] GC(204)     Dead                           Min: 0, Avg:  0.0, Max: 0, Diff: 0, Sum: 0, Workers: 4
[2238.027s][debug][gc,phases      ] GC(204)     Total                          Min: 0, Avg:  1.2, Max: 5, Diff: 5, Sum: 5, Workers: 4
[2238.027s][debug][gc,phases      ] GC(204)   JVMTI Tag Weak OopStorage      Min:  0.0, Avg:  0.0, Max:  0.0, Diff:  0.0, Sum:  0.0, Workers: 4
[2238.027s][debug][gc,phases      ] GC(204)     Dead                           Min: 0, Avg:  0.0, Max: 0, Diff: 0, Sum: 0, Workers: 4
[2238.027s][debug][gc,phases      ] GC(204)     Total                          Min: 0, Avg:  0.0, Max: 0, Diff: 0, Sum: 0, Workers: 4
[2238.027s][debug][gc,phases      ] GC(204)   StringTable Weak               Min:  0.0, Avg:  0.1, Max:  0.2, Diff:  0.2, Sum:  0.4, Workers: 4
[2238.027s][debug][gc,phases      ] GC(204)     Dead                           Min: 0, Avg:  0.0, Max: 0, Diff: 0, Sum: 0, Workers: 4
[2238.027s][debug][gc,phases      ] GC(204)     Total                          Min: 0, Avg: 10923.0, Max: 22208, Diff: 22208, Sum: 43692, Workers: 4
[2238.027s][debug][gc,phases      ] GC(204)   ResolvedMethodTable Weak       Min:  0.0, Avg:  0.0, Max:  0.0, Diff:  0.0, Sum:  0.1, Workers: 4
[2238.027s][debug][gc,phases      ] GC(204)     Dead                           Min: 0, Avg:  0.0, Max: 0, Diff: 0, Sum: 0, Workers: 4
[2238.027s][debug][gc,phases      ] GC(204)     Total                          Min: 0, Avg: 2439.8, Max: 5120, Diff: 5120, Sum: 9759, Workers: 4
[2238.027s][debug][gc,phases      ] GC(204)   JNI Weak                       Min:  0.0, Avg:  0.0, Max:  0.0, Diff:  0.0, Sum:  0.0, Workers: 4
[2238.027s][debug][gc,phases      ] GC(204)     Dead                           Min: 0, Avg:  0.0, Max: 0, Diff: 0, Sum: 0, Workers: 4
[2238.027s][debug][gc,phases      ] GC(204)     Total                          Min: 0, Avg: 11.2, Max: 45, Diff: 45, Sum: 45, Workers: 4
[2238.027s][debug][gc,phases      ] GC(204)   StringDedup Table Weak         Min:  0.0, Avg:  0.0, Max:  0.0, Diff:  0.0, Sum:  0.0, Workers: 4
[2238.027s][debug][gc,phases      ] GC(204)     Dead                           Min: 0, Avg:  0.0, Max: 0, Diff: 0, Sum: 0, Workers: 4
[2238.027s][debug][gc,phases      ] GC(204)     Total                          Min: 0, Avg:  0.0, Max: 0, Diff: 0, Sum: 0, Workers: 4
[2238.027s][debug][gc,phases      ] GC(204)   StringDedup Requests0 Weak     Min:  0.0, Avg:  0.0, Max:  0.0, Diff:  0.0, Sum:  0.0, Workers: 4
[2238.027s][debug][gc,phases      ] GC(204)     Dead                           Min: 0, Avg:  0.0, Max: 0, Diff: 0, Sum: 0, Workers: 4
[2238.027s][debug][gc,phases      ] GC(204)     Total                          Min: 0, Avg:  0.0, Max: 0, Diff: 0, Sum: 0, Workers: 4
[2238.027s][debug][gc,phases      ] GC(204)   StringDedup Requests1 Weak     Min:  0.0, Avg:  0.0, Max:  0.0, Diff:  0.0, Sum:  0.0, Workers: 4
[2238.027s][debug][gc,phases      ] GC(204)     Dead                           Min: 0, Avg:  0.0, Max: 0, Diff: 0, Sum: 0, Workers: 4
[2238.027s][debug][gc,phases      ] GC(204)     Total                          Min: 0, Avg:  0.0, Max: 0, Diff: 0, Sum: 0, Workers: 4
[2238.027s][debug][gc,phases      ] GC(204)   Weak JFR Old Object Samples    Min:  0.0, Avg:  0.0, Max:  0.0, Diff:  0.0, Sum:  0.0, Workers: 4
[2238.027s][debug][gc,phases      ] GC(204)     Dead                           Min: 0, Avg:  0.0, Max: 0, Diff: 0, Sum: 0, Workers: 4
[2238.027s][debug][gc,phases      ] GC(204)     Total                          Min: 0, Avg:  0.0, Max: 0, Diff: 0, Sum: 0, Workers: 4
[2238.027s][debug][gc,phases      ] GC(204) Weak Processing 0.516ms
[2238.027s][debug][gc,age         ] GC(204) Desired survivor size 52428800 bytes, new threshold 15 (max threshold 15)
[2238.027s][info ][gc,heap        ] GC(204) PSYoungGen: 1999648K(2042880K)->13248K(2039808K) Eden: 1985536K(1985536K)->0K(1985536K) From: 14112K(57344K)->13248K(54272K)
[2238.027s][info ][gc,heap        ] GC(204) ParOldGen: 339973K(391680K)->339973K(391680K)
[2238.027s][info ][gc,metaspace   ] GC(204) Metaspace: 83267K(84160K)->83267K(84160K) NonClass: 71247K(71744K)->71247K(71744K) Class: 12019K(12416K)->12019K(12416K)
[2238.027s][info ][gc             ] GC(204) Pause Young (Allocation Failure) 2284M->344M(2374M) 17.288ms
[2238.027s][info ][gc,cpu         ] GC(204) User=0.02s Sys=0.00s Real=0.01s
[2238.027s][info ][safepoint      ] Safepoint "ParallelGCFailedAllocation", Time since last: 11886327341 ns, Reaching safepoint: 6600 ns, Cleanup: 31400 ns, At safepoint: 17385395 ns, Total: 17423395 ns
[2239.027s][info ][safepoint      ] Safepoint "Cleanup", Time since last: 1000080285 ns, Reaching safepoint: 4700 ns, Cleanup: 36100 ns, At safepoint: 2500 ns, Total: 43300 ns
[2249.310s][info ][gc,start       ] GC(205) Pause Young (Allocation Failure)
[2249.317s][debug][gc,phases      ] GC(205) Scavenge 7.372ms
[2249.317s][debug][gc,ref         ] GC(205) Skipped phase 1 of Reference Processing: no references
[2249.317s][debug][gc,ref         ] GC(205) Skipped phase 2 of Reference Processing: no references
[2249.317s][debug][gc,ref         ] GC(205) Skipped phase 3 of Reference Processing: no references
[2249.317s][debug][gc,ref         ] GC(205) ReferenceProcessor::execute queues: 1, RefProcThreadModel::Single, marks_oops_alive: false
[2249.317s][debug][gc,phases      ] GC(205) Reference Processing 0.118ms
[2249.318s][debug][gc,phases      ] GC(205)   VM Weak                        Min:  0.0, Avg:  0.0, Max:  0.0, Diff:  0.0, Sum:  0.0, Workers: 4
[2249.318s][debug][gc,phases      ] GC(205)     Dead                           Min: 0, Avg:  0.0, Max: 0, Diff: 0, Sum: 0, Workers: 4
[2249.318s][debug][gc,phases      ] GC(205)     Total                          Min: 0, Avg: 181.0, Max: 448, Diff: 448, Sum: 724, Workers: 4
[2249.318s][debug][gc,phases      ] GC(205)   ObjectSynchronizer Weak        Min:  0.0, Avg:  0.0, Max:  0.0, Diff:  0.0, Sum:  0.0, Workers: 4
[2249.318s][debug][gc,phases      ] GC(205)     Dead                           Min: 0, Avg:  0.0, Max: 0, Diff: 0, Sum: 0, Workers: 4
[2249.318s][debug][gc,phases      ] GC(205)     Total                          Min: 0, Avg:  1.5, Max: 6, Diff: 6, Sum: 6, Workers: 4
[2249.318s][debug][gc,phases      ] GC(205)   JVMTI Tag Weak OopStorage      Min:  0.0, Avg:  0.0, Max:  0.0, Diff:  0.0, Sum:  0.0, Workers: 4
[2249.318s][debug][gc,phases      ] GC(205)     Dead                           Min: 0, Avg:  0.0, Max: 0, Diff: 0, Sum: 0, Workers: 4
[2249.318s][debug][gc,phases      ] GC(205)     Total                          Min: 0, Avg:  0.0, Max: 0, Diff: 0, Sum: 0, Workers: 4
[2249.318s][debug][gc,phases      ] GC(205)   StringTable Weak               Min:  0.0, Avg:  0.1, Max:  0.2, Diff:  0.2, Sum:  0.4, Workers: 4
[2249.318s][debug][gc,phases      ] GC(205)     Dead                           Min: 0, Avg:  0.0, Max: 0, Diff: 0, Sum: 0, Workers: 4
[2249.318s][debug][gc,phases      ] GC(205)     Total                          Min: 0, Avg: 10923.0, Max: 22080, Diff: 22080, Sum: 43692, Workers: 4
[2249.318s][debug][gc,phases      ] GC(205)   ResolvedMethodTable Weak       Min:  0.0, Avg:  0.0, Max:  0.0, Diff:  0.0, Sum:  0.1, Workers: 4
[2249.318s][debug][gc,phases      ] GC(205)     Dead                           Min: 0, Avg:  0.0, Max: 0, Diff: 0, Sum: 0, Workers: 4
[2249.318s][debug][gc,phases      ] GC(205)     Total                          Min: 0, Avg: 2439.8, Max: 5023, Diff: 5023, Sum: 9759, Workers: 4
[2249.318s][debug][gc,phases      ] GC(205)   JNI Weak                       Min:  0.0, Avg:  0.0, Max:  0.0, Diff:  0.0, Sum:  0.0, Workers: 4
[2249.318s][debug][gc,phases      ] GC(205)     Dead                           Min: 0, Avg:  0.0, Max: 0, Diff: 0, Sum: 0, Workers: 4
[2249.318s][debug][gc,phases      ] GC(205)     Total                          Min: 0, Avg: 11.2, Max: 45, Diff: 45, Sum: 45, Workers: 4
[2249.318s][debug][gc,phases      ] GC(205)   StringDedup Table Weak         Min:  0.0, Avg:  0.0, Max:  0.0, Diff:  0.0, Sum:  0.0, Workers: 4
[2249.318s][debug][gc,phases      ] GC(205)     Dead                           Min: 0, Avg:  0.0, Max: 0, Diff: 0, Sum: 0, Workers: 4
[2249.318s][debug][gc,phases      ] GC(205)     Total                          Min: 0, Avg:  0.0, Max: 0, Diff: 0, Sum: 0, Workers: 4
[2249.318s][debug][gc,phases      ] GC(205)   StringDedup Requests0 Weak     Min:  0.0, Avg:  0.0, Max:  0.0, Diff:  0.0, Sum:  0.0, Workers: 4
[2249.318s][debug][gc,phases      ] GC(205)     Dead                           Min: 0, Avg:  0.0, Max: 0, Diff: 0, Sum: 0, Workers: 4
[2249.318s][debug][gc,phases      ] GC(205)     Total                          Min: 0, Avg:  0.0, Max: 0, Diff: 0, Sum: 0, Workers: 4
[2249.318s][debug][gc,phases      ] GC(205)   StringDedup Requests1 Weak     Min:  0.0, Avg:  0.0, Max:  0.0, Diff:  0.0, Sum:  0.0, Workers: 4
[2249.318s][debug][gc,phases      ] GC(205)     Dead                           Min: 0, Avg:  0.0, Max: 0, Diff: 0, Sum: 0, Workers: 4
[2249.318s][debug][gc,phases      ] GC(205)     Total                          Min: 0, Avg:  0.0, Max: 0, Diff: 0, Sum: 0, Workers: 4
[2249.318s][debug][gc,phases      ] GC(205)   Weak JFR Old Object Samples    Min:  0.0, Avg:  0.0, Max:  0.0, Diff:  0.0, Sum:  0.0, Workers: 4
[2249.318s][debug][gc,phases      ] GC(205)     Dead                           Min: 0, Avg:  0.0, Max: 0, Diff: 0, Sum: 0, Workers: 4
[2249.318s][debug][gc,phases      ] GC(205)     Total                          Min: 0, Avg:  0.0, Max: 0, Diff: 0, Sum: 0, Workers: 4
[2249.318s][debug][gc,phases      ] GC(205) Weak Processing 0.507ms
[2249.318s][debug][gc,age         ] GC(205) Desired survivor size 49807360 bytes, new threshold 15 (max threshold 15)
[2249.318s][info ][gc,heap        ] GC(205) PSYoungGen: 1998784K(2039808K)->12896K(2048512K) Eden: 1985536K(1985536K)->0K(1997312K) From: 13248K(54272K)->12896K(51200K)
[2249.318s][info ][gc,heap        ] GC(205) ParOldGen: 339973K(391680K)->339973K(391680K)
[2249.318s][info ][gc,metaspace   ] GC(205) Metaspace: 83268K(84160K)->83268K(84160K) NonClass: 71248K(71744K)->71248K(71744K) Class: 12019K(12416K)->12019K(12416K)
[2249.318s][info ][gc             ] GC(205) Pause Young (Allocation Failure) 2283M->344M(2383M) 8.136ms
[2249.318s][info ][gc,cpu         ] GC(205) User=0.02s Sys=0.00s Real=0.00s
[2249.318s][info ][safepoint      ] Safepoint "ParallelGCFailedAllocation", Time since last: 10282188393 ns, Reaching safepoint: 4700 ns, Cleanup: 34800 ns, At safepoint: 8218099 ns, Total: 8257599 ns
[2260.716s][info ][gc,start       ] GC(206) Pause Young (Allocation Failure)
[2260.723s][debug][gc,phases      ] GC(206) Scavenge 7.196ms
[2260.723s][debug][gc,ref         ] GC(206) Skipped phase 1 of Reference Processing: no references
[2260.723s][debug][gc,ref         ] GC(206) Skipped phase 2 of Reference Processing: no references
[2260.723s][debug][gc,ref         ] GC(206) Skipped phase 3 of Reference Processing: no references
[2260.723s][debug][gc,ref         ] GC(206) ReferenceProcessor::execute queues: 1, RefProcThreadModel::Single, marks_oops_alive: false
[2260.723s][debug][gc,phases      ] GC(206) Reference Processing 0.115ms
[2260.723s][debug][gc,phases      ] GC(206)   VM Weak                        Min:  0.0, Avg:  0.0, Max:  0.0, Diff:  0.0, Sum:  0.0, Workers: 4
[2260.723s][debug][gc,phases      ] GC(206)     Dead                           Min: 0, Avg:  0.0, Max: 0, Diff: 0, Sum: 0, Workers: 4
[2260.723s][debug][gc,phases      ] GC(206)     Total                          Min: 0, Avg: 181.0, Max: 724, Diff: 724, Sum: 724, Workers: 4
[2260.723s][debug][gc,phases      ] GC(206)   ObjectSynchronizer Weak        Min:  0.0, Avg:  0.0, Max:  0.0, Diff:  0.0, Sum:  0.0, Workers: 4
[2260.723s][debug][gc,phases      ] GC(206)     Dead                           Min: 0, Avg:  0.0, Max: 0, Diff: 0, Sum: 0, Workers: 4
[2260.723s][debug][gc,phases      ] GC(206)     Total                          Min: 0, Avg:  1.5, Max: 6, Diff: 6, Sum: 6, Workers: 4
[2260.723s][debug][gc,phases      ] GC(206)   JVMTI Tag Weak OopStorage      Min:  0.0, Avg:  0.0, Max:  0.0, Diff:  0.0, Sum:  0.0, Workers: 4
[2260.723s][debug][gc,phases      ] GC(206)     Dead                           Min: 0, Avg:  0.0, Max: 0, Diff: 0, Sum: 0, Workers: 4
[2260.723s][debug][gc,phases      ] GC(206)     Total                          Min: 0, Avg:  0.0, Max: 0, Diff: 0, Sum: 0, Workers: 4
[2260.723s][debug][gc,phases      ] GC(206)   StringTable Weak               Min:  0.0, Avg:  0.1, Max:  0.1, Diff:  0.1, Sum:  0.4, Workers: 4
[2260.723s][debug][gc,phases      ] GC(206)     Dead                           Min: 0, Avg:  0.0, Max: 0, Diff: 0, Sum: 0, Workers: 4
[2260.723s][debug][gc,phases      ] GC(206)     Total                          Min: 0, Avg: 10923.0, Max: 17344, Diff: 17344, Sum: 43692, Workers: 4
[2260.723s][debug][gc,phases      ] GC(206)   ResolvedMethodTable Weak       Min:  0.0, Avg:  0.0, Max:  0.0, Diff:  0.0, Sum:  0.1, Workers: 4
[2260.723s][debug][gc,phases      ] GC(206)     Dead                           Min: 0, Avg:  0.0, Max: 0, Diff: 0, Sum: 0, Workers: 4
[2260.723s][debug][gc,phases      ] GC(206)     Total                          Min: 0, Avg: 2439.8, Max: 4160, Diff: 4160, Sum: 9759, Workers: 4
[2260.723s][debug][gc,phases      ] GC(206)   JNI Weak                       Min:  0.0, Avg:  0.0, Max:  0.0, Diff:  0.0, Sum:  0.0, Workers: 4
[2260.723s][debug][gc,phases      ] GC(206)     Dead                           Min: 0, Avg:  0.0, Max: 0, Diff: 0, Sum: 0, Workers: 4
[2260.723s][debug][gc,phases      ] GC(206)     Total                          Min: 0, Avg: 11.2, Max: 45, Diff: 45, Sum: 45, Workers: 4
[2260.723s][debug][gc,phases      ] GC(206)   StringDedup Table Weak         Min:  0.0, Avg:  0.0, Max:  0.0, Diff:  0.0, Sum:  0.0, Workers: 4
[2260.724s][debug][gc,phases      ] GC(206)     Dead                           Min: 0, Avg:  0.0, Max: 0, Diff: 0, Sum: 0, Workers: 4
[2260.724s][debug][gc,phases      ] GC(206)     Total                          Min: 0, Avg:  0.0, Max: 0, Diff: 0, Sum: 0, Workers: 4
[2260.724s][debug][gc,phases      ] GC(206)   StringDedup Requests0 Weak     Min:  0.0, Avg:  0.0, Max:  0.0, Diff:  0.0, Sum:  0.0, Workers: 4
[2260.724s][debug][gc,phases      ] GC(206)     Dead                           Min: 0, Avg:  0.0, Max: 0, Diff: 0, Sum: 0, Workers: 4
[2260.724s][debug][gc,phases      ] GC(206)     Total                          Min: 0, Avg:  0.0, Max: 0, Diff: 0, Sum: 0, Workers: 4
[2260.724s][debug][gc,phases      ] GC(206)   StringDedup Requests1 Weak     Min:  0.0, Avg:  0.0, Max:  0.0, Diff:  0.0, Sum:  0.0, Workers: 4
[2260.724s][debug][gc,phases      ] GC(206)     Dead                           Min: 0, Avg:  0.0, Max: 0, Diff: 0, Sum: 0, Workers: 4
[2260.724s][debug][gc,phases      ] GC(206)     Total                          Min: 0, Avg:  0.0, Max: 0, Diff: 0, Sum: 0, Workers: 4
[2260.724s][debug][gc,phases      ] GC(206)   Weak JFR Old Object Samples    Min:  0.0, Avg:  0.0, Max:  0.0, Diff:  0.0, Sum:  0.0, Workers: 4
[2260.724s][debug][gc,phases      ] GC(206)     Dead                           Min: 0, Avg:  0.0, Max: 0, Diff: 0, Sum: 0, Workers: 4
[2260.724s][debug][gc,phases      ] GC(206)     Total                          Min: 0, Avg:  0.0, Max: 0, Diff: 0, Sum: 0, Workers: 4
[2260.724s][debug][gc,phases      ] GC(206) Weak Processing 0.337ms
[2260.724s][debug][gc,age         ] GC(206) Desired survivor size 47185920 bytes, new threshold 15 (max threshold 15)
[2260.724s][info ][gc,heap        ] GC(206) PSYoungGen: 2010208K(2048512K)->12960K(2045952K) Eden: 1997312K(1997312K)->0K(1997312K) From: 12896K(51200K)->12960K(48640K)
[2260.724s][info ][gc,heap        ] GC(206) ParOldGen: 339973K(391680K)->339973K(391680K)
[2260.724s][info ][gc,metaspace   ] GC(206) Metaspace: 83269K(84160K)->83269K(84160K) NonClass: 71249K(71744K)->71249K(71744K) Class: 12019K(12416K)->12019K(12416K)
[2260.724s][info ][gc             ] GC(206) Pause Young (Allocation Failure) 2295M->344M(2380M) 7.769ms
[2260.724s][info ][gc,cpu         ] GC(206) User=0.02s Sys=0.01s Real=0.01s
[2260.724s][info ][safepoint      ] Safepoint "ParallelGCFailedAllocation", Time since last: 11397898914 ns, Reaching safepoint: 12700 ns, Cleanup: 29900 ns, At safepoint: 7846904 ns, Total: 7889504 ns
[2272.071s][info ][gc,start       ] GC(207) Pause Young (Allocation Failure)
[2272.078s][debug][gc,phases      ] GC(207) Scavenge 6.720ms
[2272.078s][debug][gc,ref         ] GC(207) Skipped phase 1 of Reference Processing: no references
[2272.078s][debug][gc,ref         ] GC(207) Skipped phase 2 of Reference Processing: no references
[2272.078s][debug][gc,ref         ] GC(207) Skipped phase 3 of Reference Processing: no references
[2272.078s][debug][gc,ref         ] GC(207) ReferenceProcessor::execute queues: 1, RefProcThreadModel::Single, marks_oops_alive: false
[2272.078s][debug][gc,phases      ] GC(207) Reference Processing 0.078ms
[2272.079s][debug][gc,phases      ] GC(207)   VM Weak                        Min:  0.0, Avg:  0.0, Max:  0.0, Diff:  0.0, Sum:  0.0, Workers: 4
[2272.079s][debug][gc,phases      ] GC(207)     Dead                           Min: 0, Avg:  0.0, Max: 0, Diff: 0, Sum: 0, Workers: 4
[2272.079s][debug][gc,phases      ] GC(207)     Total                          Min: 0, Avg: 181.0, Max: 724, Diff: 724, Sum: 724, Workers: 4
[2272.079s][debug][gc,phases      ] GC(207)   ObjectSynchronizer Weak        Min:  0.0, Avg:  0.0, Max:  0.0, Diff:  0.0, Sum:  0.0, Workers: 4
[2272.079s][debug][gc,phases      ] GC(207)     Dead                           Min: 0, Avg:  0.0, Max: 0, Diff: 0, Sum: 0, Workers: 4
[2272.079s][debug][gc,phases      ] GC(207)     Total                          Min: 0, Avg:  1.5, Max: 6, Diff: 6, Sum: 6, Workers: 4
[2272.079s][debug][gc,phases      ] GC(207)   JVMTI Tag Weak OopStorage      Min:  0.0, Avg:  0.0, Max:  0.0, Diff:  0.0, Sum:  0.0, Workers: 4
[2272.079s][debug][gc,phases      ] GC(207)     Dead                           Min: 0, Avg:  0.0, Max: 0, Diff: 0, Sum: 0, Workers: 4
[2272.079s][debug][gc,phases      ] GC(207)     Total                          Min: 0, Avg:  0.0, Max: 0, Diff: 0, Sum: 0, Workers: 4
[2272.079s][debug][gc,phases      ] GC(207)   StringTable Weak               Min:  0.0, Avg:  0.1, Max:  0.1, Diff:  0.1, Sum:  0.4, Workers: 4
[2272.079s][debug][gc,phases      ] GC(207)     Dead                           Min: 0, Avg:  0.0, Max: 0, Diff: 0, Sum: 0, Workers: 4
[2272.079s][debug][gc,phases      ] GC(207)     Total                          Min: 0, Avg: 10923.0, Max: 15296, Diff: 15296, Sum: 43692, Workers: 4
[2272.079s][debug][gc,phases      ] GC(207)   ResolvedMethodTable Weak       Min:  0.0, Avg:  0.0, Max:  0.0, Diff:  0.0, Sum:  0.1, Workers: 4
[2272.079s][debug][gc,phases      ] GC(207)     Dead                           Min: 0, Avg:  0.0, Max: 0, Diff: 0, Sum: 0, Workers: 4
[2272.079s][debug][gc,phases      ] GC(207)     Total                          Min: 0, Avg: 2439.8, Max: 3456, Diff: 3456, Sum: 9759, Workers: 4
[2272.079s][debug][gc,phases      ] GC(207)   JNI Weak                       Min:  0.0, Avg:  0.0, Max:  0.0, Diff:  0.0, Sum:  0.0, Workers: 4
[2272.079s][debug][gc,phases      ] GC(207)     Dead                           Min: 0, Avg:  0.0, Max: 0, Diff: 0, Sum: 0, Workers: 4
[2272.079s][debug][gc,phases      ] GC(207)     Total                          Min: 0, Avg: 11.2, Max: 45, Diff: 45, Sum: 45, Workers: 4
[2272.079s][debug][gc,phases      ] GC(207)   StringDedup Table Weak         Min:  0.0, Avg:  0.0, Max:  0.0, Diff:  0.0, Sum:  0.0, Workers: 4
[2272.079s][debug][gc,phases      ] GC(207)     Dead                           Min: 0, Avg:  0.0, Max: 0, Diff: 0, Sum: 0, Workers: 4
[2272.079s][debug][gc,phases      ] GC(207)     Total                          Min: 0, Avg:  0.0, Max: 0, Diff: 0, Sum: 0, Workers: 4
[2272.079s][debug][gc,phases      ] GC(207)   StringDedup Requests0 Weak     Min:  0.0, Avg:  0.0, Max:  0.0, Diff:  0.0, Sum:  0.0, Workers: 4
[2272.079s][debug][gc,phases      ] GC(207)     Dead                           Min: 0, Avg:  0.0, Max: 0, Diff: 0, Sum: 0, Workers: 4
[2272.079s][debug][gc,phases      ] GC(207)     Total                          Min: 0, Avg:  0.0, Max: 0, Diff: 0, Sum: 0, Workers: 4
[2272.079s][debug][gc,phases      ] GC(207)   StringDedup Requests1 Weak     Min:  0.0, Avg:  0.0, Max:  0.0, Diff:  0.0, Sum:  0.0, Workers: 4
[2272.079s][debug][gc,phases      ] GC(207)     Dead                           Min: 0, Avg:  0.0, Max: 0, Diff: 0, Sum: 0, Workers: 4
[2272.079s][debug][gc,phases      ] GC(207)     Total                          Min: 0, Avg:  0.0, Max: 0, Diff: 0, Sum: 0, Workers: 4
[2272.079s][debug][gc,phases      ] GC(207)   Weak JFR Old Object Samples    Min:  0.0, Avg:  0.0, Max:  0.0, Diff:  0.0, Sum:  0.0, Workers: 4
[2272.079s][debug][gc,phases      ] GC(207)     Dead                           Min: 0, Avg:  0.0, Max: 0, Diff: 0, Sum: 0, Workers: 4
[2272.079s][debug][gc,phases      ] GC(207)     Total                          Min: 0, Avg:  0.0, Max: 0, Diff: 0, Sum: 0, Workers: 4
[2272.079s][debug][gc,phases      ] GC(207) Weak Processing 0.316ms
[2272.079s][debug][gc,age         ] GC(207) Desired survivor size 44564480 bytes, new threshold 15 (max threshold 15)
[2272.079s][info ][gc,heap        ] GC(207) PSYoungGen: 2010272K(2045952K)->13120K(2053632K) Eden: 1997312K(1997312K)->0K(2007552K) From: 12960K(48640K)->13120K(46080K)
[2272.079s][info ][gc,heap        ] GC(207) ParOldGen: 339973K(391680K)->339973K(391680K)
[2272.079s][info ][gc,metaspace   ] GC(207) Metaspace: 83269K(84160K)->83269K(84160K) NonClass: 71249K(71744K)->71249K(71744K) Class: 12019K(12416K)->12019K(12416K)
[2272.079s][info ][gc             ] GC(207) Pause Young (Allocation Failure) 2295M->344M(2388M) 7.212ms
[2272.079s][info ][gc,cpu         ] GC(207) User=0.02s Sys=0.00s Real=0.00s
[2272.079s][info ][safepoint      ] Safepoint "ParallelGCFailedAllocation", Time since last: 11347633814 ns, Reaching safepoint: 83800 ns, Cleanup: 35300 ns, At safepoint: 7295399 ns, Total: 7414499 ns
[2282.625s][info ][safepoint      ] Safepoint "Cleanup", Time since last: 10546134479 ns, Reaching safepoint: 4200 ns, Cleanup: 39900 ns, At safepoint: 2700 ns, Total: 46800 ns
[2283.115s][info ][gc,start       ] GC(208) Pause Young (Allocation Failure)
[2283.122s][debug][gc,phases      ] GC(208) Scavenge 7.166ms
[2283.122s][debug][gc,ref         ] GC(208) Skipped phase 1 of Reference Processing: no references
[2283.122s][debug][gc,ref         ] GC(208) Skipped phase 2 of Reference Processing: no references
[2283.122s][debug][gc,ref         ] GC(208) Skipped phase 3 of Reference Processing: no references
[2283.122s][debug][gc,ref         ] GC(208) ReferenceProcessor::execute queues: 1, RefProcThreadModel::Single, marks_oops_alive: false
[2283.122s][debug][gc,phases      ] GC(208) Reference Processing 0.140ms
[2283.123s][debug][gc,phases      ] GC(208)   VM Weak                        Min:  0.0, Avg:  0.0, Max:  0.0, Diff:  0.0, Sum:  0.0, Workers: 4
[2283.123s][debug][gc,phases      ] GC(208)     Dead                           Min: 0, Avg:  0.0, Max: 0, Diff: 0, Sum: 0, Workers: 4
[2283.123s][debug][gc,phases      ] GC(208)     Total                          Min: 0, Avg: 181.0, Max: 384, Diff: 384, Sum: 724, Workers: 4
[2283.123s][debug][gc,phases      ] GC(208)   ObjectSynchronizer Weak        Min:  0.0, Avg:  0.0, Max:  0.0, Diff:  0.0, Sum:  0.0, Workers: 4
[2283.123s][debug][gc,phases      ] GC(208)     Dead                           Min: 0, Avg:  0.0, Max: 0, Diff: 0, Sum: 0, Workers: 4
[2283.123s][debug][gc,phases      ] GC(208)     Total                          Min: 0, Avg:  1.0, Max: 4, Diff: 4, Sum: 4, Workers: 4
[2283.123s][debug][gc,phases      ] GC(208)   JVMTI Tag Weak OopStorage      Min:  0.0, Avg:  0.0, Max:  0.0, Diff:  0.0, Sum:  0.0, Workers: 4
[2283.123s][debug][gc,phases      ] GC(208)     Dead                           Min: 0, Avg:  0.0, Max: 0, Diff: 0, Sum: 0, Workers: 4
[2283.123s][debug][gc,phases      ] GC(208)     Total                          Min: 0, Avg:  0.0, Max: 0, Diff: 0, Sum: 0, Workers: 4
[2283.123s][debug][gc,phases      ] GC(208)   StringTable Weak               Min:  0.0, Avg:  0.1, Max:  0.1, Diff:  0.1, Sum:  0.4, Workers: 4
[2283.123s][debug][gc,phases      ] GC(208)     Dead                           Min: 0, Avg:  0.0, Max: 0, Diff: 0, Sum: 0, Workers: 4
[2283.123s][debug][gc,phases      ] GC(208)     Total                          Min: 0, Avg: 10923.0, Max: 15680, Diff: 15680, Sum: 43692, Workers: 4
[2283.123s][debug][gc,phases      ] GC(208)   ResolvedMethodTable Weak       Min:  0.0, Avg:  0.0, Max:  0.0, Diff:  0.0, Sum:  0.1, Workers: 4
[2283.123s][debug][gc,phases      ] GC(208)     Dead                           Min: 0, Avg:  0.0, Max: 0, Diff: 0, Sum: 0, Workers: 4
[2283.123s][debug][gc,phases      ] GC(208)     Total                          Min: 0, Avg: 2439.8, Max: 3584, Diff: 3584, Sum: 9759, Workers: 4
[2283.123s][debug][gc,phases      ] GC(208)   JNI Weak                       Min:  0.0, Avg:  0.0, Max:  0.0, Diff:  0.0, Sum:  0.0, Workers: 4
[2283.123s][debug][gc,phases      ] GC(208)     Dead                           Min: 0, Avg:  0.0, Max: 0, Diff: 0, Sum: 0, Workers: 4
[2283.123s][debug][gc,phases      ] GC(208)     Total                          Min: 0, Avg: 11.2, Max: 45, Diff: 45, Sum: 45, Workers: 4
[2283.123s][debug][gc,phases      ] GC(208)   StringDedup Table Weak         Min:  0.0, Avg:  0.0, Max:  0.0, Diff:  0.0, Sum:  0.0, Workers: 4
[2283.123s][debug][gc,phases      ] GC(208)     Dead                           Min: 0, Avg:  0.0, Max: 0, Diff: 0, Sum: 0, Workers: 4
[2283.123s][debug][gc,phases      ] GC(208)     Total                          Min: 0, Avg:  0.0, Max: 0, Diff: 0, Sum: 0, Workers: 4
[2283.123s][debug][gc,phases      ] GC(208)   StringDedup Requests0 Weak     Min:  0.0, Avg:  0.0, Max:  0.0, Diff:  0.0, Sum:  0.0, Workers: 4
[2283.123s][debug][gc,phases      ] GC(208)     Dead                           Min: 0, Avg:  0.0, Max: 0, Diff: 0, Sum: 0, Workers: 4
[2283.123s][debug][gc,phases      ] GC(208)     Total                          Min: 0, Avg:  0.0, Max: 0, Diff: 0, Sum: 0, Workers: 4
[2283.123s][debug][gc,phases      ] GC(208)   StringDedup Requests1 Weak     Min:  0.0, Avg:  0.0, Max:  0.0, Diff:  0.0, Sum:  0.0, Workers: 4
[2283.123s][debug][gc,phases      ] GC(208)     Dead                           Min: 0, Avg:  0.0, Max: 0, Diff: 0, Sum: 0, Workers: 4
[2283.123s][debug][gc,phases      ] GC(208)     Total                          Min: 0, Avg:  0.0, Max: 0, Diff: 0, Sum: 0, Workers: 4
[2283.123s][debug][gc,phases      ] GC(208)   Weak JFR Old Object Samples    Min:  0.0, Avg:  0.0, Max:  0.0, Diff:  0.0, Sum:  0.0, Workers: 4
[2283.123s][debug][gc,phases      ] GC(208)     Dead                           Min: 0, Avg:  0.0, Max: 0, Diff: 0, Sum: 0, Workers: 4
[2283.123s][debug][gc,phases      ] GC(208)     Total                          Min: 0, Avg:  0.0, Max: 0, Diff: 0, Sum: 0, Workers: 4
[2283.123s][debug][gc,phases      ] GC(208) Weak Processing 0.340ms
[2283.123s][debug][gc,age         ] GC(208) Desired survivor size 41943040 bytes, new threshold 15 (max threshold 15)
[2283.123s][info ][gc,heap        ] GC(208) PSYoungGen: 2020672K(2053632K)->12960K(2051072K) Eden: 2007552K(2007552K)->0K(2007552K) From: 13120K(46080K)->12960K(43520K)
[2283.123s][info ][gc,heap        ] GC(208) ParOldGen: 339973K(391680K)->339973K(391680K)
[2283.123s][info ][gc,metaspace   ] GC(208) Metaspace: 83269K(84160K)->83269K(84160K) NonClass: 71249K(71744K)->71249K(71744K) Class: 12019K(12416K)->12019K(12416K)
[2283.123s][info ][gc             ] GC(208) Pause Young (Allocation Failure) 2305M->344M(2385M) 7.760ms
[2283.123s][info ][gc,cpu         ] GC(208) User=0.02s Sys=0.00s Real=0.01s
[2283.123s][info ][safepoint      ] Safepoint "ParallelGCFailedAllocation", Time since last: 490162075 ns, Reaching safepoint: 6200 ns, Cleanup: 35100 ns, At safepoint: 7839398 ns, Total: 7880698 ns
[2294.415s][info ][safepoint      ] Safepoint "ParallelGCFailedAllocation", Time since last: 11291697928 ns, Reaching safepoint: 76200 ns, Cleanup: 34500 ns, At safepoint: 13900 ns, Total: 124600 ns
[2294.415s][info ][gc,start       ] GC(209) Pause Young (GCLocker Initiated GC)
[2294.422s][debug][gc,phases      ] GC(209) Scavenge 7.442ms
[2294.422s][debug][gc,ref         ] GC(209) Skipped phase 1 of Reference Processing: no references
[2294.422s][debug][gc,ref         ] GC(209) Skipped phase 2 of Reference Processing: no references
[2294.422s][debug][gc,ref         ] GC(209) Skipped phase 3 of Reference Processing: no references
[2294.423s][debug][gc,ref         ] GC(209) ReferenceProcessor::execute queues: 1, RefProcThreadModel::Single, marks_oops_alive: false
[2294.423s][debug][gc,phases      ] GC(209) Reference Processing 0.091ms
[2294.423s][debug][gc,phases      ] GC(209)   VM Weak                        Min:  0.0, Avg:  0.0, Max:  0.0, Diff:  0.0, Sum:  0.0, Workers: 4
[2294.423s][debug][gc,phases      ] GC(209)     Dead                           Min: 0, Avg:  0.0, Max: 0, Diff: 0, Sum: 0, Workers: 4
[2294.423s][debug][gc,phases      ] GC(209)     Total                          Min: 0, Avg: 181.0, Max: 576, Diff: 576, Sum: 724, Workers: 4
[2294.423s][debug][gc,phases      ] GC(209)   ObjectSynchronizer Weak        Min:  0.0, Avg:  0.0, Max:  0.0, Diff:  0.0, Sum:  0.0, Workers: 4
[2294.423s][debug][gc,phases      ] GC(209)     Dead                           Min: 0, Avg:  0.0, Max: 0, Diff: 0, Sum: 0, Workers: 4
[2294.423s][debug][gc,phases      ] GC(209)     Total                          Min: 0, Avg:  1.2, Max: 5, Diff: 5, Sum: 5, Workers: 4
[2294.423s][debug][gc,phases      ] GC(209)   JVMTI Tag Weak OopStorage      Min:  0.0, Avg:  0.0, Max:  0.0, Diff:  0.0, Sum:  0.0, Workers: 4
[2294.423s][debug][gc,phases      ] GC(209)     Dead                           Min: 0, Avg:  0.0, Max: 0, Diff: 0, Sum: 0, Workers: 4
[2294.423s][debug][gc,phases      ] GC(209)     Total                          Min: 0, Avg:  0.0, Max: 0, Diff: 0, Sum: 0, Workers: 4
[2294.423s][debug][gc,phases      ] GC(209)   StringTable Weak               Min:  0.0, Avg:  0.1, Max:  0.2, Diff:  0.2, Sum:  0.3, Workers: 4
[2294.423s][debug][gc,phases      ] GC(209)     Dead                           Min: 0, Avg:  0.0, Max: 0, Diff: 0, Sum: 0, Workers: 4
[2294.423s][debug][gc,phases      ] GC(209)     Total                          Min: 0, Avg: 10923.0, Max: 26560, Diff: 26560, Sum: 43692, Workers: 4
[2294.423s][debug][gc,phases      ] GC(209)   ResolvedMethodTable Weak       Min:  0.0, Avg:  0.0, Max:  0.0, Diff:  0.0, Sum:  0.1, Workers: 4
[2294.423s][debug][gc,phases      ] GC(209)     Dead                           Min: 0, Avg:  0.0, Max: 0, Diff: 0, Sum: 0, Workers: 4
[2294.423s][debug][gc,phases      ] GC(209)     Total                          Min: 0, Avg: 2439.8, Max: 5919, Diff: 5919, Sum: 9759, Workers: 4
[2294.423s][debug][gc,phases      ] GC(209)   JNI Weak                       Min:  0.0, Avg:  0.0, Max:  0.0, Diff:  0.0, Sum:  0.0, Workers: 4
[2294.423s][debug][gc,phases      ] GC(209)     Dead                           Min: 0, Avg:  0.0, Max: 0, Diff: 0, Sum: 0, Workers: 4
[2294.423s][debug][gc,phases      ] GC(209)     Total                          Min: 0, Avg: 11.2, Max: 45, Diff: 45, Sum: 45, Workers: 4
[2294.423s][debug][gc,phases      ] GC(209)   StringDedup Table Weak         Min:  0.0, Avg:  0.0, Max:  0.0, Diff:  0.0, Sum:  0.0, Workers: 4
[2294.423s][debug][gc,phases      ] GC(209)     Dead                           Min: 0, Avg:  0.0, Max: 0, Diff: 0, Sum: 0, Workers: 4
[2294.423s][debug][gc,phases      ] GC(209)     Total                          Min: 0, Avg:  0.0, Max: 0, Diff: 0, Sum: 0, Workers: 4
[2294.423s][debug][gc,phases      ] GC(209)   StringDedup Requests0 Weak     Min:  0.0, Avg:  0.0, Max:  0.0, Diff:  0.0, Sum:  0.0, Workers: 4
[2294.423s][debug][gc,phases      ] GC(209)     Dead                           Min: 0, Avg:  0.0, Max: 0, Diff: 0, Sum: 0, Workers: 4
[2294.423s][debug][gc,phases      ] GC(209)     Total                          Min: 0, Avg:  0.0, Max: 0, Diff: 0, Sum: 0, Workers: 4
[2294.423s][debug][gc,phases      ] GC(209)   StringDedup Requests1 Weak     Min:  0.0, Avg:  0.0, Max:  0.0, Diff:  0.0, Sum:  0.0, Workers: 4
[2294.423s][debug][gc,phases      ] GC(209)     Dead                           Min: 0, Avg:  0.0, Max: 0, Diff: 0, Sum: 0, Workers: 4
[2294.423s][debug][gc,phases      ] GC(209)     Total                          Min: 0, Avg:  0.0, Max: 0, Diff: 0, Sum: 0, Workers: 4
[2294.423s][debug][gc,phases      ] GC(209)   Weak JFR Old Object Samples    Min:  0.0, Avg:  0.0, Max:  0.0, Diff:  0.0, Sum:  0.0, Workers: 4
[2294.423s][debug][gc,phases      ] GC(209)     Dead                           Min: 0, Avg:  0.0, Max: 0, Diff: 0, Sum: 0, Workers: 4
[2294.423s][debug][gc,phases      ] GC(209)     Total                          Min: 0, Avg:  0.0, Max: 0, Diff: 0, Sum: 0, Workers: 4
[2294.423s][debug][gc,phases      ] GC(209) Weak Processing 0.361ms
[2294.423s][debug][gc,age         ] GC(209) Desired survivor size 39845888 bytes, new threshold 15 (max threshold 15)
[2294.423s][info ][gc,heap        ] GC(209) PSYoungGen: 2020512K(2051072K)->13024K(2058240K) Eden: 2007552K(2007552K)->0K(2017280K) From: 12960K(43520K)->13024K(40960K)
[2294.423s][info ][gc,heap        ] GC(209) ParOldGen: 339973K(391680K)->339973K(391680K)
[2294.423s][info ][gc,metaspace   ] GC(209) Metaspace: 83270K(84160K)->83270K(84160K) NonClass: 71250K(71744K)->71250K(71744K) Class: 12019K(12416K)->12019K(12416K)
[2294.423s][info ][gc             ] GC(209) Pause Young (GCLocker Initiated GC) 2305M->344M(2392M) 7.970ms
[2294.423s][info ][gc,cpu         ] GC(209) User=0.02s Sys=0.00s Real=0.01s
[2294.423s][info ][safepoint      ] Safepoint "ParallelGCSystemGC", Time since last: 88500 ns, Reaching safepoint: 76000 ns, Cleanup: 19900 ns, At safepoint: 8034798 ns, Total: 8130698 ns
[2301.423s][info ][safepoint      ] Safepoint "Cleanup", Time since last: 7000461960 ns, Reaching safepoint: 4900 ns, Cleanup: 33300 ns, At safepoint: 36600 ns, Total: 74800 ns
[2306.316s][info ][gc,start       ] GC(210) Pause Young (Allocation Failure)
[2306.323s][debug][gc,phases      ] GC(210) Scavenge 7.192ms
[2306.323s][debug][gc,ref         ] GC(210) Skipped phase 1 of Reference Processing: no references
[2306.323s][debug][gc,ref         ] GC(210) Skipped phase 2 of Reference Processing: no references
[2306.323s][debug][gc,ref         ] GC(210) Skipped phase 3 of Reference Processing: no references
[2306.323s][debug][gc,ref         ] GC(210) ReferenceProcessor::execute queues: 1, RefProcThreadModel::Single, marks_oops_alive: false
[2306.323s][debug][gc,phases      ] GC(210) Reference Processing 0.086ms
[2306.323s][debug][gc,phases      ] GC(210)   VM Weak                        Min:  0.0, Avg:  0.0, Max:  0.0, Diff:  0.0, Sum:  0.0, Workers: 4
[2306.323s][debug][gc,phases      ] GC(210)     Dead                           Min: 0, Avg:  0.0, Max: 0, Diff: 0, Sum: 0, Workers: 4
[2306.323s][debug][gc,phases      ] GC(210)     Total                          Min: 0, Avg: 181.0, Max: 384, Diff: 384, Sum: 724, Workers: 4
[2306.323s][debug][gc,phases      ] GC(210)   ObjectSynchronizer Weak        Min:  0.0, Avg:  0.0, Max:  0.0, Diff:  0.0, Sum:  0.0, Workers: 4
[2306.323s][debug][gc,phases      ] GC(210)     Dead                           Min: 0, Avg:  0.0, Max: 0, Diff: 0, Sum: 0, Workers: 4
[2306.323s][debug][gc,phases      ] GC(210)     Total                          Min: 0, Avg:  1.2, Max: 5, Diff: 5, Sum: 5, Workers: 4
[2306.323s][debug][gc,phases      ] GC(210)   JVMTI Tag Weak OopStorage      Min:  0.0, Avg:  0.0, Max:  0.0, Diff:  0.0, Sum:  0.0, Workers: 4
[2306.323s][debug][gc,phases      ] GC(210)     Dead                           Min: 0, Avg:  0.0, Max: 0, Diff: 0, Sum: 0, Workers: 4
[2306.323s][debug][gc,phases      ] GC(210)     Total                          Min: 0, Avg:  0.0, Max: 0, Diff: 0, Sum: 0, Workers: 4
[2306.323s][debug][gc,phases      ] GC(210)   StringTable Weak               Min:  0.0, Avg:  0.1, Max:  0.1, Diff:  0.1, Sum:  0.4, Workers: 4
[2306.323s][debug][gc,phases      ] GC(210)     Dead                           Min: 0, Avg:  0.0, Max: 0, Diff: 0, Sum: 0, Workers: 4
[2306.323s][debug][gc,phases      ] GC(210)     Total                          Min: 0, Avg: 10923.0, Max: 14784, Diff: 14784, Sum: 43692, Workers: 4
[2306.323s][debug][gc,phases      ] GC(210)   ResolvedMethodTable Weak       Min:  0.0, Avg:  0.0, Max:  0.0, Diff:  0.0, Sum:  0.1, Workers: 4
[2306.323s][debug][gc,phases      ] GC(210)     Dead                           Min: 0, Avg:  0.0, Max: 0, Diff: 0, Sum: 0, Workers: 4
[2306.323s][debug][gc,phases      ] GC(210)     Total                          Min: 0, Avg: 2439.8, Max: 3392, Diff: 3392, Sum: 9759, Workers: 4
[2306.323s][debug][gc,phases      ] GC(210)   JNI Weak                       Min:  0.0, Avg:  0.0, Max:  0.0, Diff:  0.0, Sum:  0.0, Workers: 4
[2306.323s][debug][gc,phases      ] GC(210)     Dead                           Min: 0, Avg:  0.0, Max: 0, Diff: 0, Sum: 0, Workers: 4
[2306.323s][debug][gc,phases      ] GC(210)     Total                          Min: 0, Avg: 11.2, Max: 45, Diff: 45, Sum: 45, Workers: 4
[2306.323s][debug][gc,phases      ] GC(210)   StringDedup Table Weak         Min:  0.0, Avg:  0.0, Max:  0.0, Diff:  0.0, Sum:  0.0, Workers: 4
[2306.323s][debug][gc,phases      ] GC(210)     Dead                           Min: 0, Avg:  0.0, Max: 0, Diff: 0, Sum: 0, Workers: 4
[2306.323s][debug][gc,phases      ] GC(210)     Total                          Min: 0, Avg:  0.0, Max: 0, Diff: 0, Sum: 0, Workers: 4
[2306.323s][debug][gc,phases      ] GC(210)   StringDedup Requests0 Weak     Min:  0.0, Avg:  0.0, Max:  0.0, Diff:  0.0, Sum:  0.0, Workers: 4
[2306.323s][debug][gc,phases      ] GC(210)     Dead                           Min: 0, Avg:  0.0, Max: 0, Diff: 0, Sum: 0, Workers: 4
[2306.323s][debug][gc,phases      ] GC(210)     Total                          Min: 0, Avg:  0.0, Max: 0, Diff: 0, Sum: 0, Workers: 4
[2306.323s][debug][gc,phases      ] GC(210)   StringDedup Requests1 Weak     Min:  0.0, Avg:  0.0, Max:  0.0, Diff:  0.0, Sum:  0.0, Workers: 4
[2306.323s][debug][gc,phases      ] GC(210)     Dead                           Min: 0, Avg:  0.0, Max: 0, Diff: 0, Sum: 0, Workers: 4
[2306.323s][debug][gc,phases      ] GC(210)     Total                          Min: 0, Avg:  0.0, Max: 0, Diff: 0, Sum: 0, Workers: 4
[2306.323s][debug][gc,phases      ] GC(210)   Weak JFR Old Object Samples    Min:  0.0, Avg:  0.0, Max:  0.0, Diff:  0.0, Sum:  0.0, Workers: 4
[2306.323s][debug][gc,phases      ] GC(210)     Dead                           Min: 0, Avg:  0.0, Max: 0, Diff: 0, Sum: 0, Workers: 4
[2306.323s][debug][gc,phases      ] GC(210)     Total                          Min: 0, Avg:  0.0, Max: 0, Diff: 0, Sum: 0, Workers: 4
[2306.323s][debug][gc,phases      ] GC(210) Weak Processing 0.339ms
[2306.323s][debug][gc,age         ] GC(210) Desired survivor size 38273024 bytes, new threshold 15 (max threshold 15)
[2306.323s][info ][gc,heap        ] GC(210) PSYoungGen: 2030304K(2058240K)->12960K(2056192K) Eden: 2017280K(2017280K)->0K(2017280K) From: 13024K(40960K)->12960K(38912K)
[2306.323s][info ][gc,heap        ] GC(210) ParOldGen: 339976K(391680K)->339976K(391680K)
[2306.323s][info ][gc,metaspace   ] GC(210) Metaspace: 83270K(84160K)->83270K(84160K) NonClass: 71250K(71744K)->71250K(71744K) Class: 12019K(12416K)->12019K(12416K)
[2306.323s][info ][gc             ] GC(210) Pause Young (Allocation Failure) 2314M->344M(2390M) 7.725ms
[2306.323s][info ][gc,cpu         ] GC(210) User=0.02s Sys=0.00s Real=0.01s
[2306.323s][info ][safepoint      ] Safepoint "ParallelGCFailedAllocation", Time since last: 4891914248 ns, Reaching safepoint: 73200 ns, Cleanup: 31800 ns, At safepoint: 7791098 ns, Total: 7896098 ns
[2307.323s][info ][safepoint      ] Safepoint "Cleanup", Time since last: 1000083583 ns, Reaching safepoint: 5500 ns, Cleanup: 40800 ns, At safepoint: 3000 ns, Total: 49300 ns
[2311.324s][info ][safepoint      ] Safepoint "Cleanup", Time since last: 4000256849 ns, Reaching safepoint: 269000 ns, Cleanup: 39600 ns, At safepoint: 8000 ns, Total: 316600 ns
[2315.324s][info ][safepoint      ] Safepoint "Cleanup", Time since last: 4000301457 ns, Reaching safepoint: 4300 ns, Cleanup: 34900 ns, At safepoint: 4000 ns, Total: 43200 ns
[2317.759s][info ][gc,start       ] GC(211) Pause Young (Allocation Failure)
[2317.767s][debug][gc,phases      ] GC(211) Scavenge 7.838ms
[2317.767s][debug][gc,ref         ] GC(211) Skipped phase 1 of Reference Processing: no references
[2317.767s][debug][gc,ref         ] GC(211) Skipped phase 2 of Reference Processing: no references
[2317.767s][debug][gc,ref         ] GC(211) Skipped phase 3 of Reference Processing: no references
[2317.767s][debug][gc,ref         ] GC(211) ReferenceProcessor::execute queues: 1, RefProcThreadModel::Single, marks_oops_alive: false
[2317.767s][debug][gc,phases      ] GC(211) Reference Processing 0.107ms
[2317.767s][debug][gc,phases      ] GC(211)   VM Weak                        Min:  0.0, Avg:  0.0, Max:  0.0, Diff:  0.0, Sum:  0.0, Workers: 4
[2317.768s][debug][gc,phases      ] GC(211)     Dead                           Min: 0, Avg:  0.0, Max: 0, Diff: 0, Sum: 0, Workers: 4
[2317.768s][debug][gc,phases      ] GC(211)     Total                          Min: 0, Avg: 181.0, Max: 724, Diff: 724, Sum: 724, Workers: 4
[2317.768s][debug][gc,phases      ] GC(211)   ObjectSynchronizer Weak        Min:  0.0, Avg:  0.0, Max:  0.0, Diff:  0.0, Sum:  0.0, Workers: 4
[2317.768s][debug][gc,phases      ] GC(211)     Dead                           Min: 0, Avg:  0.0, Max: 0, Diff: 0, Sum: 0, Workers: 4
[2317.768s][debug][gc,phases      ] GC(211)     Total                          Min: 0, Avg:  1.2, Max: 5, Diff: 5, Sum: 5, Workers: 4
[2317.768s][debug][gc,phases      ] GC(211)   JVMTI Tag Weak OopStorage      Min:  0.0, Avg:  0.0, Max:  0.0, Diff:  0.0, Sum:  0.0, Workers: 4
[2317.768s][debug][gc,phases      ] GC(211)     Dead                           Min: 0, Avg:  0.0, Max: 0, Diff: 0, Sum: 0, Workers: 4
[2317.768s][debug][gc,phases      ] GC(211)     Total                          Min: 0, Avg:  0.0, Max: 0, Diff: 0, Sum: 0, Workers: 4
[2317.768s][debug][gc,phases      ] GC(211)   StringTable Weak               Min:  0.0, Avg:  0.1, Max:  0.2, Diff:  0.2, Sum:  0.4, Workers: 4
[2317.768s][debug][gc,phases      ] GC(211)     Dead                           Min: 0, Avg:  0.0, Max: 0, Diff: 0, Sum: 0, Workers: 4
[2317.768s][debug][gc,phases      ] GC(211)     Total                          Min: 0, Avg: 10923.0, Max: 22272, Diff: 22272, Sum: 43692, Workers: 4
[2317.768s][debug][gc,phases      ] GC(211)   ResolvedMethodTable Weak       Min:  0.0, Avg:  0.0, Max:  0.0, Diff:  0.0, Sum:  0.1, Workers: 4
[2317.768s][debug][gc,phases      ] GC(211)     Dead                           Min: 0, Avg:  0.0, Max: 0, Diff: 0, Sum: 0, Workers: 4
[2317.768s][debug][gc,phases      ] GC(211)     Total                          Min: 0, Avg: 2439.8, Max: 5087, Diff: 5087, Sum: 9759, Workers: 4
[2317.768s][debug][gc,phases      ] GC(211)   JNI Weak                       Min:  0.0, Avg:  0.0, Max:  0.0, Diff:  0.0, Sum:  0.0, Workers: 4
[2317.768s][debug][gc,phases      ] GC(211)     Dead                           Min: 0, Avg:  0.0, Max: 0, Diff: 0, Sum: 0, Workers: 4
[2317.768s][debug][gc,phases      ] GC(211)     Total                          Min: 0, Avg: 11.2, Max: 45, Diff: 45, Sum: 45, Workers: 4
[2317.768s][debug][gc,phases      ] GC(211)   StringDedup Table Weak         Min:  0.0, Avg:  0.0, Max:  0.0, Diff:  0.0, Sum:  0.0, Workers: 4
[2317.768s][debug][gc,phases      ] GC(211)     Dead                           Min: 0, Avg:  0.0, Max: 0, Diff: 0, Sum: 0, Workers: 4
[2317.768s][debug][gc,phases      ] GC(211)     Total                          Min: 0, Avg:  0.0, Max: 0, Diff: 0, Sum: 0, Workers: 4
[2317.768s][debug][gc,phases      ] GC(211)   StringDedup Requests0 Weak     Min:  0.0, Avg:  0.0, Max:  0.0, Diff:  0.0, Sum:  0.0, Workers: 4
[2317.768s][debug][gc,phases      ] GC(211)     Dead                           Min: 0, Avg:  0.0, Max: 0, Diff: 0, Sum: 0, Workers: 4
[2317.768s][debug][gc,phases      ] GC(211)     Total                          Min: 0, Avg:  0.0, Max: 0, Diff: 0, Sum: 0, Workers: 4
[2317.768s][debug][gc,phases      ] GC(211)   StringDedup Requests1 Weak     Min:  0.0, Avg:  0.0, Max:  0.0, Diff:  0.0, Sum:  0.0, Workers: 4
[2317.768s][debug][gc,phases      ] GC(211)     Dead                           Min: 0, Avg:  0.0, Max: 0, Diff: 0, Sum: 0, Workers: 4
[2317.768s][debug][gc,phases      ] GC(211)     Total                          Min: 0, Avg:  0.0, Max: 0, Diff: 0, Sum: 0, Workers: 4
[2317.768s][debug][gc,phases      ] GC(211)   Weak JFR Old Object Samples    Min:  0.0, Avg:  0.0, Max:  0.0, Diff:  0.0, Sum:  0.0, Workers: 4
[2317.768s][debug][gc,phases      ] GC(211)     Dead                           Min: 0, Avg:  0.0, Max: 0, Diff: 0, Sum: 0, Workers: 4
[2317.768s][debug][gc,phases      ] GC(211)     Total                          Min: 0, Avg:  0.0, Max: 0, Diff: 0, Sum: 0, Workers: 4
[2317.768s][debug][gc,phases      ] GC(211) Weak Processing 0.502ms
[2317.768s][debug][gc,age         ] GC(211) Desired survivor size 36175872 bytes, new threshold 15 (max threshold 15)
[2317.768s][info ][gc,heap        ] GC(211) PSYoungGen: 2030240K(2056192K)->12992K(2061824K) Eden: 2017280K(2017280K)->0K(2024448K) From: 12960K(38912K)->12992K(37376K)
[2317.768s][info ][gc,heap        ] GC(211) ParOldGen: 339976K(391680K)->339976K(391680K)
[2317.768s][info ][gc,metaspace   ] GC(211) Metaspace: 83271K(84160K)->83271K(84160K) NonClass: 71251K(71744K)->71251K(71744K) Class: 12019K(12416K)->12019K(12416K)
[2317.768s][info ][gc             ] GC(211) Pause Young (Allocation Failure) 2314M->344M(2396M) 8.562ms
[2317.768s][info ][gc,cpu         ] GC(211) User=0.02s Sys=0.00s Real=0.01s
[2317.768s][info ][safepoint      ] Safepoint "ParallelGCFailedAllocation", Time since last: 2434750455 ns, Reaching safepoint: 5300 ns, Cleanup: 21700 ns, At safepoint: 8642998 ns, Total: 8669998 ns
[2318.768s][info ][safepoint      ] Safepoint "Cleanup", Time since last: 1000092378 ns, Reaching safepoint: 77900 ns, Cleanup: 33300 ns, At safepoint: 4800 ns, Total: 116000 ns
[2329.264s][info ][gc,start       ] GC(212) Pause Young (Allocation Failure)
[2329.273s][debug][gc,phases      ] GC(212) Scavenge 9.314ms
[2329.273s][debug][gc,ref         ] GC(212) Skipped phase 1 of Reference Processing: no references
[2329.273s][debug][gc,ref         ] GC(212) Skipped phase 2 of Reference Processing: no references
[2329.273s][debug][gc,ref         ] GC(212) Skipped phase 3 of Reference Processing: no references
[2329.273s][debug][gc,ref         ] GC(212) ReferenceProcessor::execute queues: 1, RefProcThreadModel::Single, marks_oops_alive: false
[2329.273s][debug][gc,phases      ] GC(212) Reference Processing 0.111ms
[2329.273s][debug][gc,phases      ] GC(212)   VM Weak                        Min:  0.0, Avg:  0.0, Max:  0.0, Diff:  0.0, Sum:  0.0, Workers: 4
[2329.273s][debug][gc,phases      ] GC(212)     Dead                           Min: 0, Avg:  0.0, Max: 0, Diff: 0, Sum: 0, Workers: 4
[2329.273s][debug][gc,phases      ] GC(212)     Total                          Min: 0, Avg: 181.0, Max: 660, Diff: 660, Sum: 724, Workers: 4
[2329.273s][debug][gc,phases      ] GC(212)   ObjectSynchronizer Weak        Min:  0.0, Avg:  0.0, Max:  0.0, Diff:  0.0, Sum:  0.0, Workers: 4
[2329.273s][debug][gc,phases      ] GC(212)     Dead                           Min: 0, Avg:  0.0, Max: 0, Diff: 0, Sum: 0, Workers: 4
[2329.273s][debug][gc,phases      ] GC(212)     Total                          Min: 0, Avg:  1.5, Max: 6, Diff: 6, Sum: 6, Workers: 4
[2329.273s][debug][gc,phases      ] GC(212)   JVMTI Tag Weak OopStorage      Min:  0.0, Avg:  0.0, Max:  0.0, Diff:  0.0, Sum:  0.0, Workers: 4
[2329.273s][debug][gc,phases      ] GC(212)     Dead                           Min: 0, Avg:  0.0, Max: 0, Diff: 0, Sum: 0, Workers: 4
[2329.274s][debug][gc,phases      ] GC(212)     Total                          Min: 0, Avg:  0.0, Max: 0, Diff: 0, Sum: 0, Workers: 4
[2329.274s][debug][gc,phases      ] GC(212)   StringTable Weak               Min:  0.0, Avg:  0.1, Max:  0.1, Diff:  0.1, Sum:  0.4, Workers: 4
[2329.274s][debug][gc,phases      ] GC(212)     Dead                           Min: 0, Avg:  0.0, Max: 0, Diff: 0, Sum: 0, Workers: 4
[2329.274s][debug][gc,phases      ] GC(212)     Total                          Min: 0, Avg: 10923.0, Max: 15040, Diff: 15040, Sum: 43692, Workers: 4
[2329.274s][debug][gc,phases      ] GC(212)   ResolvedMethodTable Weak       Min:  0.0, Avg:  0.0, Max:  0.0, Diff:  0.0, Sum:  0.1, Workers: 4
[2329.274s][debug][gc,phases      ] GC(212)     Dead                           Min: 0, Avg:  0.0, Max: 0, Diff: 0, Sum: 0, Workers: 4
[2329.274s][debug][gc,phases      ] GC(212)     Total                          Min: 0, Avg: 2439.8, Max: 3423, Diff: 3423, Sum: 9759, Workers: 4
[2329.274s][debug][gc,phases      ] GC(212)   JNI Weak                       Min:  0.0, Avg:  0.0, Max:  0.0, Diff:  0.0, Sum:  0.0, Workers: 4
[2329.274s][debug][gc,phases      ] GC(212)     Dead                           Min: 0, Avg:  0.0, Max: 0, Diff: 0, Sum: 0, Workers: 4
[2329.274s][debug][gc,phases      ] GC(212)     Total                          Min: 0, Avg: 11.2, Max: 45, Diff: 45, Sum: 45, Workers: 4
[2329.274s][debug][gc,phases      ] GC(212)   StringDedup Table Weak         Min:  0.0, Avg:  0.0, Max:  0.0, Diff:  0.0, Sum:  0.0, Workers: 4
[2329.274s][debug][gc,phases      ] GC(212)     Dead                           Min: 0, Avg:  0.0, Max: 0, Diff: 0, Sum: 0, Workers: 4
[2329.274s][debug][gc,phases      ] GC(212)     Total                          Min: 0, Avg:  0.0, Max: 0, Diff: 0, Sum: 0, Workers: 4
[2329.274s][debug][gc,phases      ] GC(212)   StringDedup Requests0 Weak     Min:  0.0, Avg:  0.0, Max:  0.0, Diff:  0.0, Sum:  0.0, Workers: 4
[2329.274s][debug][gc,phases      ] GC(212)     Dead                           Min: 0, Avg:  0.0, Max: 0, Diff: 0, Sum: 0, Workers: 4
[2329.274s][debug][gc,phases      ] GC(212)     Total                          Min: 0, Avg:  0.0, Max: 0, Diff: 0, Sum: 0, Workers: 4
[2329.274s][debug][gc,phases      ] GC(212)   StringDedup Requests1 Weak     Min:  0.0, Avg:  0.0, Max:  0.0, Diff:  0.0, Sum:  0.0, Workers: 4
[2329.274s][debug][gc,phases      ] GC(212)     Dead                           Min: 0, Avg:  0.0, Max: 0, Diff: 0, Sum: 0, Workers: 4
[2329.274s][debug][gc,phases      ] GC(212)     Total                          Min: 0, Avg:  0.0, Max: 0, Diff: 0, Sum: 0, Workers: 4
[2329.274s][debug][gc,phases      ] GC(212)   Weak JFR Old Object Samples    Min:  0.0, Avg:  0.0, Max:  0.0, Diff:  0.0, Sum:  0.0, Workers: 4
[2329.274s][debug][gc,phases      ] GC(212)     Dead                           Min: 0, Avg:  0.0, Max: 0, Diff: 0, Sum: 0, Workers: 4
[2329.274s][debug][gc,phases      ] GC(212)     Total                          Min: 0, Avg:  0.0, Max: 0, Diff: 0, Sum: 0, Workers: 4
[2329.274s][debug][gc,phases      ] GC(212) Weak Processing 0.439ms
[2329.274s][debug][gc,age         ] GC(212) Desired survivor size 34603008 bytes, new threshold 15 (max threshold 15)
[2329.274s][info ][gc,heap        ] GC(212) PSYoungGen: 2037440K(2061824K)->13120K(2059776K) Eden: 2024448K(2024448K)->0K(2024448K) From: 12992K(37376K)->13120K(35328K)
[2329.274s][info ][gc,heap        ] GC(212) ParOldGen: 339976K(391680K)->339976K(391680K)
[2329.274s][info ][gc,metaspace   ] GC(212) Metaspace: 83273K(84160K)->83273K(84160K) NonClass: 71253K(71744K)->71253K(71744K) Class: 12019K(12416K)->12019K(12416K)
[2329.274s][info ][gc             ] GC(212) Pause Young (Allocation Failure) 2321M->344M(2394M) 9.974ms
[2329.274s][info ][gc,cpu         ] GC(212) User=0.02s Sys=0.00s Real=0.01s
[2329.274s][info ][safepoint      ] Safepoint "ParallelGCFailedAllocation", Time since last: 10495670611 ns, Reaching safepoint: 4700 ns, Cleanup: 24000 ns, At safepoint: 10061305 ns, Total: 10090005 ns
[2340.964s][info ][gc,start       ] GC(213) Pause Young (Allocation Failure)
[2340.972s][debug][gc,phases      ] GC(213) Scavenge 8.351ms
[2340.972s][debug][gc,ref         ] GC(213) Skipped phase 1 of Reference Processing: no references
[2340.972s][debug][gc,ref         ] GC(213) ReferenceProcessor::execute queues: 1, RefProcThreadModel::Single, marks_oops_alive: false
[2340.972s][debug][gc,ref         ] GC(213) Skipped phase 3 of Reference Processing: no references
[2340.972s][debug][gc,ref         ] GC(213) ReferenceProcessor::execute queues: 1, RefProcThreadModel::Single, marks_oops_alive: false
[2340.972s][debug][gc,phases      ] GC(213) Reference Processing 0.093ms
[2340.973s][debug][gc,phases      ] GC(213)   VM Weak                        Min:  0.0, Avg:  0.0, Max:  0.0, Diff:  0.0, Sum:  0.0, Workers: 4
[2340.973s][debug][gc,phases      ] GC(213)     Dead                           Min: 0, Avg:  0.0, Max: 0, Diff: 0, Sum: 0, Workers: 4
[2340.973s][debug][gc,phases      ] GC(213)     Total                          Min: 0, Avg: 181.0, Max: 404, Diff: 404, Sum: 724, Workers: 4
[2340.973s][debug][gc,phases      ] GC(213)   ObjectSynchronizer Weak        Min:  0.0, Avg:  0.0, Max:  0.0, Diff:  0.0, Sum:  0.0, Workers: 4
[2340.973s][debug][gc,phases      ] GC(213)     Dead                           Min: 0, Avg:  0.0, Max: 0, Diff: 0, Sum: 0, Workers: 4
[2340.973s][debug][gc,phases      ] GC(213)     Total                          Min: 0, Avg:  1.0, Max: 4, Diff: 4, Sum: 4, Workers: 4
[2340.973s][debug][gc,phases      ] GC(213)   JVMTI Tag Weak OopStorage      Min:  0.0, Avg:  0.0, Max:  0.0, Diff:  0.0, Sum:  0.0, Workers: 4
[2340.973s][debug][gc,phases      ] GC(213)     Dead                           Min: 0, Avg:  0.0, Max: 0, Diff: 0, Sum: 0, Workers: 4
[2340.973s][debug][gc,phases      ] GC(213)     Total                          Min: 0, Avg:  0.0, Max: 0, Diff: 0, Sum: 0, Workers: 4
[2340.973s][debug][gc,phases      ] GC(213)   StringTable Weak               Min:  0.0, Avg:  0.1, Max:  0.2, Diff:  0.2, Sum:  0.4, Workers: 4
[2340.973s][debug][gc,phases      ] GC(213)     Dead                           Min: 0, Avg:  0.0, Max: 0, Diff: 0, Sum: 0, Workers: 4
[2340.973s][debug][gc,phases      ] GC(213)     Total                          Min: 0, Avg: 10923.0, Max: 22316, Diff: 22316, Sum: 43692, Workers: 4
[2340.973s][debug][gc,phases      ] GC(213)   ResolvedMethodTable Weak       Min:  0.0, Avg:  0.0, Max:  0.0, Diff:  0.0, Sum:  0.1, Workers: 4
[2340.973s][debug][gc,phases      ] GC(213)     Dead                           Min: 0, Avg:  0.0, Max: 0, Diff: 0, Sum: 0, Workers: 4
[2340.973s][debug][gc,phases      ] GC(213)     Total                          Min: 0, Avg: 2439.8, Max: 4928, Diff: 4928, Sum: 9759, Workers: 4
[2340.973s][debug][gc,phases      ] GC(213)   JNI Weak                       Min:  0.0, Avg:  0.0, Max:  0.0, Diff:  0.0, Sum:  0.0, Workers: 4
[2340.973s][debug][gc,phases      ] GC(213)     Dead                           Min: 0, Avg:  0.0, Max: 0, Diff: 0, Sum: 0, Workers: 4
[2340.973s][debug][gc,phases      ] GC(213)     Total                          Min: 0, Avg: 11.2, Max: 45, Diff: 45, Sum: 45, Workers: 4
[2340.973s][debug][gc,phases      ] GC(213)   StringDedup Table Weak         Min:  0.0, Avg:  0.0, Max:  0.0, Diff:  0.0, Sum:  0.0, Workers: 4
[2340.973s][debug][gc,phases      ] GC(213)     Dead                           Min: 0, Avg:  0.0, Max: 0, Diff: 0, Sum: 0, Workers: 4
[2340.973s][debug][gc,phases      ] GC(213)     Total                          Min: 0, Avg:  0.0, Max: 0, Diff: 0, Sum: 0, Workers: 4
[2340.973s][debug][gc,phases      ] GC(213)   StringDedup Requests0 Weak     Min:  0.0, Avg:  0.0, Max:  0.0, Diff:  0.0, Sum:  0.0, Workers: 4
[2340.973s][debug][gc,phases      ] GC(213)     Dead                           Min: 0, Avg:  0.0, Max: 0, Diff: 0, Sum: 0, Workers: 4
[2340.973s][debug][gc,phases      ] GC(213)     Total                          Min: 0, Avg:  0.0, Max: 0, Diff: 0, Sum: 0, Workers: 4
[2340.973s][debug][gc,phases      ] GC(213)   StringDedup Requests1 Weak     Min:  0.0, Avg:  0.0, Max:  0.0, Diff:  0.0, Sum:  0.0, Workers: 4
[2340.973s][debug][gc,phases      ] GC(213)     Dead                           Min: 0, Avg:  0.0, Max: 0, Diff: 0, Sum: 0, Workers: 4
[2340.973s][debug][gc,phases      ] GC(213)     Total                          Min: 0, Avg:  0.0, Max: 0, Diff: 0, Sum: 0, Workers: 4
[2340.973s][debug][gc,phases      ] GC(213)   Weak JFR Old Object Samples    Min:  0.0, Avg:  0.0, Max:  0.0, Diff:  0.0, Sum:  0.0, Workers: 4
[2340.973s][debug][gc,phases      ] GC(213)     Dead                           Min: 0, Avg:  0.0, Max: 0, Diff: 0, Sum: 0, Workers: 4
[2340.973s][debug][gc,phases      ] GC(213)     Total                          Min: 0, Avg:  0.0, Max: 0, Diff: 0, Sum: 0, Workers: 4
[2340.973s][debug][gc,phases      ] GC(213) Weak Processing 0.521ms
[2340.973s][debug][gc,age         ] GC(213) Desired survivor size 32505856 bytes, new threshold 15 (max threshold 15)
[2340.973s][info ][gc,heap        ] GC(213) PSYoungGen: 2037568K(2059776K)->13184K(2065408K) Eden: 2024448K(2024448K)->0K(2031616K) From: 13120K(35328K)->13184K(33792K)
[2340.973s][info ][gc,heap        ] GC(213) ParOldGen: 339976K(391680K)->339976K(391680K)
[2340.973s][info ][gc,metaspace   ] GC(213) Metaspace: 83273K(84160K)->83273K(84160K) NonClass: 71253K(71744K)->71253K(71744K) Class: 12019K(12416K)->12019K(12416K)
[2340.973s][info ][gc             ] GC(213) Pause Young (Allocation Failure) 2321M->344M(2399M) 9.084ms
[2340.973s][info ][gc,cpu         ] GC(213) User=0.02s Sys=0.00s Real=0.01s
[2340.973s][info ][safepoint      ] Safepoint "ParallelGCFailedAllocation", Time since last: 11689907804 ns, Reaching safepoint: 5900 ns, Cleanup: 29800 ns, At safepoint: 9166898 ns, Total: 9202598 ns
[2352.510s][info ][gc,start       ] GC(214) Pause Young (Allocation Failure)
[2352.518s][debug][gc,phases      ] GC(214) Scavenge 7.620ms
[2352.518s][debug][gc,ref         ] GC(214) Skipped phase 1 of Reference Processing: no references
[2352.518s][debug][gc,ref         ] GC(214) ReferenceProcessor::execute queues: 1, RefProcThreadModel::Single, marks_oops_alive: false
[2352.518s][debug][gc,ref         ] GC(214) Skipped phase 3 of Reference Processing: no references
[2352.518s][debug][gc,ref         ] GC(214) ReferenceProcessor::execute queues: 1, RefProcThreadModel::Single, marks_oops_alive: false
[2352.518s][debug][gc,phases      ] GC(214) Reference Processing 0.109ms
[2352.519s][debug][gc,phases      ] GC(214)   VM Weak                        Min:  0.0, Avg:  0.0, Max:  0.0, Diff:  0.0, Sum:  0.0, Workers: 4
[2352.519s][debug][gc,phases      ] GC(214)     Dead                           Min: 0, Avg:  0.0, Max: 0, Diff: 0, Sum: 0, Workers: 4
[2352.519s][debug][gc,phases      ] GC(214)     Total                          Min: 0, Avg: 181.0, Max: 404, Diff: 404, Sum: 724, Workers: 4
[2352.519s][debug][gc,phases      ] GC(214)   ObjectSynchronizer Weak        Min:  0.0, Avg:  0.0, Max:  0.0, Diff:  0.0, Sum:  0.0, Workers: 4
[2352.519s][debug][gc,phases      ] GC(214)     Dead                           Min: 0, Avg:  0.0, Max: 0, Diff: 0, Sum: 0, Workers: 4
[2352.519s][debug][gc,phases      ] GC(214)     Total                          Min: 0, Avg:  1.2, Max: 5, Diff: 5, Sum: 5, Workers: 4
[2352.519s][debug][gc,phases      ] GC(214)   JVMTI Tag Weak OopStorage      Min:  0.0, Avg:  0.0, Max:  0.0, Diff:  0.0, Sum:  0.0, Workers: 4
[2352.519s][debug][gc,phases      ] GC(214)     Dead                           Min: 0, Avg:  0.0, Max: 0, Diff: 0, Sum: 0, Workers: 4
[2352.519s][debug][gc,phases      ] GC(214)     Total                          Min: 0, Avg:  0.0, Max: 0, Diff: 0, Sum: 0, Workers: 4
[2352.519s][debug][gc,phases      ] GC(214)   StringTable Weak               Min:  0.0, Avg:  0.1, Max:  0.2, Diff:  0.2, Sum:  0.4, Workers: 4
[2352.519s][debug][gc,phases      ] GC(214)     Dead                           Min: 0, Avg:  0.0, Max: 0, Diff: 0, Sum: 0, Workers: 4
[2352.519s][debug][gc,phases      ] GC(214)     Total                          Min: 0, Avg: 10923.0, Max: 22124, Diff: 22124, Sum: 43692, Workers: 4
[2352.519s][debug][gc,phases      ] GC(214)   ResolvedMethodTable Weak       Min:  0.0, Avg:  0.0, Max:  0.0, Diff:  0.0, Sum:  0.1, Workers: 4
[2352.519s][debug][gc,phases      ] GC(214)     Dead                           Min: 0, Avg:  0.0, Max: 0, Diff: 0, Sum: 0, Workers: 4
[2352.519s][debug][gc,phases      ] GC(214)     Total                          Min: 0, Avg: 2439.8, Max: 5056, Diff: 5056, Sum: 9759, Workers: 4
[2352.519s][debug][gc,phases      ] GC(214)   JNI Weak                       Min:  0.0, Avg:  0.0, Max:  0.0, Diff:  0.0, Sum:  0.0, Workers: 4
[2352.519s][debug][gc,phases      ] GC(214)     Dead                           Min: 0, Avg:  0.0, Max: 0, Diff: 0, Sum: 0, Workers: 4
[2352.519s][debug][gc,phases      ] GC(214)     Total                          Min: 0, Avg: 11.2, Max: 45, Diff: 45, Sum: 45, Workers: 4
[2352.519s][debug][gc,phases      ] GC(214)   StringDedup Table Weak         Min:  0.0, Avg:  0.0, Max:  0.0, Diff:  0.0, Sum:  0.0, Workers: 4
[2352.519s][debug][gc,phases      ] GC(214)     Dead                           Min: 0, Avg:  0.0, Max: 0, Diff: 0, Sum: 0, Workers: 4
[2352.519s][debug][gc,phases      ] GC(214)     Total                          Min: 0, Avg:  0.0, Max: 0, Diff: 0, Sum: 0, Workers: 4
[2352.519s][debug][gc,phases      ] GC(214)   StringDedup Requests0 Weak     Min:  0.0, Avg:  0.0, Max:  0.0, Diff:  0.0, Sum:  0.0, Workers: 4
[2352.519s][debug][gc,phases      ] GC(214)     Dead                           Min: 0, Avg:  0.0, Max: 0, Diff: 0, Sum: 0, Workers: 4
[2352.519s][debug][gc,phases      ] GC(214)     Total                          Min: 0, Avg:  0.0, Max: 0, Diff: 0, Sum: 0, Workers: 4
[2352.519s][debug][gc,phases      ] GC(214)   StringDedup Requests1 Weak     Min:  0.0, Avg:  0.0, Max:  0.0, Diff:  0.0, Sum:  0.0, Workers: 4
[2352.519s][debug][gc,phases      ] GC(214)     Dead                           Min: 0, Avg:  0.0, Max: 0, Diff: 0, Sum: 0, Workers: 4
[2352.519s][debug][gc,phases      ] GC(214)     Total                          Min: 0, Avg:  0.0, Max: 0, Diff: 0, Sum: 0, Workers: 4
[2352.519s][debug][gc,phases      ] GC(214)   Weak JFR Old Object Samples    Min:  0.0, Avg:  0.0, Max:  0.0, Diff:  0.0, Sum:  0.0, Workers: 4
[2352.519s][debug][gc,phases      ] GC(214)     Dead                           Min: 0, Avg:  0.0, Max: 0, Diff: 0, Sum: 0, Workers: 4
[2352.519s][debug][gc,phases      ] GC(214)     Total                          Min: 0, Avg:  0.0, Max: 0, Diff: 0, Sum: 0, Workers: 4
[2352.519s][debug][gc,phases      ] GC(214) Weak Processing 0.466ms
[2352.519s][debug][gc,age         ] GC(214) Desired survivor size 31457280 bytes, new threshold 15 (max threshold 15)
[2352.519s][info ][gc,heap        ] GC(214) PSYoungGen: 2044800K(2065408K)->13152K(2063360K) Eden: 2031616K(2031616K)->0K(2031616K) From: 13184K(33792K)->13152K(31744K)
[2352.519s][info ][gc,heap        ] GC(214) ParOldGen: 339976K(391680K)->339976K(391680K)
[2352.519s][info ][gc,metaspace   ] GC(214) Metaspace: 83273K(84160K)->83273K(84160K) NonClass: 71253K(71744K)->71253K(71744K) Class: 12019K(12416K)->12019K(12416K)
[2352.519s][info ][gc             ] GC(214) Pause Young (Allocation Failure) 2328M->344M(2397M) 8.313ms
[2352.519s][info ][gc,cpu         ] GC(214) User=0.02s Sys=0.00s Real=0.00s
[2352.519s][info ][safepoint      ] Safepoint "ParallelGCFailedAllocation", Time since last: 11537455163 ns, Reaching safepoint: 74000 ns, Cleanup: 28500 ns, At safepoint: 8389399 ns, Total: 8491899 ns
[2358.519s][info ][safepoint      ] Safepoint "Cleanup", Time since last: 6000398306 ns, Reaching safepoint: 74400 ns, Cleanup: 34600 ns, At safepoint: 7700 ns, Total: 116700 ns
[2363.310s][info ][gc,start       ] GC(215) Pause Young (Allocation Failure)
[2363.318s][debug][gc,phases      ] GC(215) Scavenge 7.402ms
[2363.318s][debug][gc,ref         ] GC(215) Skipped phase 1 of Reference Processing: no references
[2363.318s][debug][gc,ref         ] GC(215) ReferenceProcessor::execute queues: 1, RefProcThreadModel::Single, marks_oops_alive: false
[2363.318s][debug][gc,ref         ] GC(215) Skipped phase 3 of Reference Processing: no references
[2363.318s][debug][gc,ref         ] GC(215) ReferenceProcessor::execute queues: 1, RefProcThreadModel::Single, marks_oops_alive: false
[2363.318s][debug][gc,phases      ] GC(215) Reference Processing 0.094ms
[2363.318s][debug][gc,phases      ] GC(215)   VM Weak                        Min:  0.0, Avg:  0.0, Max:  0.0, Diff:  0.0, Sum:  0.0, Workers: 4
[2363.318s][debug][gc,phases      ] GC(215)     Dead                           Min: 0, Avg:  0.0, Max: 0, Diff: 0, Sum: 0, Workers: 4
[2363.318s][debug][gc,phases      ] GC(215)     Total                          Min: 0, Avg: 181.0, Max: 468, Diff: 468, Sum: 724, Workers: 4
[2363.318s][debug][gc,phases      ] GC(215)   ObjectSynchronizer Weak        Min:  0.0, Avg:  0.0, Max:  0.0, Diff:  0.0, Sum:  0.0, Workers: 4
[2363.318s][debug][gc,phases      ] GC(215)     Dead                           Min: 0, Avg:  0.0, Max: 0, Diff: 0, Sum: 0, Workers: 4
[2363.318s][debug][gc,phases      ] GC(215)     Total                          Min: 0, Avg:  1.2, Max: 5, Diff: 5, Sum: 5, Workers: 4
[2363.318s][debug][gc,phases      ] GC(215)   JVMTI Tag Weak OopStorage      Min:  0.0, Avg:  0.0, Max:  0.0, Diff:  0.0, Sum:  0.0, Workers: 4
[2363.318s][debug][gc,phases      ] GC(215)     Dead                           Min: 0, Avg:  0.0, Max: 0, Diff: 0, Sum: 0, Workers: 4
[2363.318s][debug][gc,phases      ] GC(215)     Total                          Min: 0, Avg:  0.0, Max: 0, Diff: 0, Sum: 0, Workers: 4
[2363.318s][debug][gc,phases      ] GC(215)   StringTable Weak               Min:  0.0, Avg:  0.1, Max:  0.1, Diff:  0.1, Sum:  0.4, Workers: 4
[2363.318s][debug][gc,phases      ] GC(215)     Dead                           Min: 0, Avg:  0.0, Max: 0, Diff: 0, Sum: 0, Workers: 4
[2363.318s][debug][gc,phases      ] GC(215)     Total                          Min: 0, Avg: 10923.0, Max: 15148, Diff: 15148, Sum: 43692, Workers: 4
[2363.318s][debug][gc,phases      ] GC(215)   ResolvedMethodTable Weak       Min:  0.0, Avg:  0.0, Max:  0.0, Diff:  0.0, Sum:  0.1, Workers: 4
[2363.318s][debug][gc,phases      ] GC(215)     Dead                           Min: 0, Avg:  0.0, Max: 0, Diff: 0, Sum: 0, Workers: 4
[2363.318s][debug][gc,phases      ] GC(215)     Total                          Min: 0, Avg: 2439.8, Max: 3392, Diff: 3392, Sum: 9759, Workers: 4
[2363.318s][debug][gc,phases      ] GC(215)   JNI Weak                       Min:  0.0, Avg:  0.0, Max:  0.0, Diff:  0.0, Sum:  0.0, Workers: 4
[2363.318s][debug][gc,phases      ] GC(215)     Dead                           Min: 0, Avg:  0.0, Max: 0, Diff: 0, Sum: 0, Workers: 4
[2363.318s][debug][gc,phases      ] GC(215)     Total                          Min: 0, Avg: 11.2, Max: 45, Diff: 45, Sum: 45, Workers: 4
[2363.318s][debug][gc,phases      ] GC(215)   StringDedup Table Weak         Min:  0.0, Avg:  0.0, Max:  0.0, Diff:  0.0, Sum:  0.0, Workers: 4
[2363.318s][debug][gc,phases      ] GC(215)     Dead                           Min: 0, Avg:  0.0, Max: 0, Diff: 0, Sum: 0, Workers: 4
[2363.318s][debug][gc,phases      ] GC(215)     Total                          Min: 0, Avg:  0.0, Max: 0, Diff: 0, Sum: 0, Workers: 4
[2363.318s][debug][gc,phases      ] GC(215)   StringDedup Requests0 Weak     Min:  0.0, Avg:  0.0, Max:  0.0, Diff:  0.0, Sum:  0.0, Workers: 4
[2363.318s][debug][gc,phases      ] GC(215)     Dead                           Min: 0, Avg:  0.0, Max: 0, Diff: 0, Sum: 0, Workers: 4
[2363.318s][debug][gc,phases      ] GC(215)     Total                          Min: 0, Avg:  0.0, Max: 0, Diff: 0, Sum: 0, Workers: 4
[2363.318s][debug][gc,phases      ] GC(215)   StringDedup Requests1 Weak     Min:  0.0, Avg:  0.0, Max:  0.0, Diff:  0.0, Sum:  0.0, Workers: 4
[2363.318s][debug][gc,phases      ] GC(215)     Dead                           Min: 0, Avg:  0.0, Max: 0, Diff: 0, Sum: 0, Workers: 4
[2363.318s][debug][gc,phases      ] GC(215)     Total                          Min: 0, Avg:  0.0, Max: 0, Diff: 0, Sum: 0, Workers: 4
[2363.318s][debug][gc,phases      ] GC(215)   Weak JFR Old Object Samples    Min:  0.0, Avg:  0.0, Max:  0.0, Diff:  0.0, Sum:  0.0, Workers: 4
[2363.318s][debug][gc,phases      ] GC(215)     Dead                           Min: 0, Avg:  0.0, Max: 0, Diff: 0, Sum: 0, Workers: 4
[2363.318s][debug][gc,phases      ] GC(215)     Total                          Min: 0, Avg:  0.0, Max: 0, Diff: 0, Sum: 0, Workers: 4
[2363.318s][debug][gc,phases      ] GC(215) Weak Processing 0.335ms
[2363.318s][debug][gc,age         ] GC(215) Desired survivor size 29884416 bytes, new threshold 15 (max threshold 15)
[2363.318s][info ][gc,heap        ] GC(215) PSYoungGen: 2044768K(2063360K)->13152K(2067968K) Eden: 2031616K(2031616K)->0K(2037248K) From: 13152K(31744K)->13152K(30720K)
[2363.318s][info ][gc,heap        ] GC(215) ParOldGen: 339976K(391680K)->339976K(391680K)
[2363.318s][info ][gc,metaspace   ] GC(215) Metaspace: 83278K(84160K)->83278K(84160K) NonClass: 71258K(71744K)->71258K(71744K) Class: 12019K(12416K)->12019K(12416K)
[2363.318s][info ][gc             ] GC(215) Pause Young (Allocation Failure) 2328M->344M(2402M) 7.935ms
[2363.318s][info ][gc,cpu         ] GC(215) User=0.02s Sys=0.00s Real=0.00s
[2363.318s][info ][safepoint      ] Safepoint "ParallelGCFailedAllocation", Time since last: 4790736653 ns, Reaching safepoint: 4300 ns, Cleanup: 34500 ns, At safepoint: 8023798 ns, Total: 8062598 ns
[2364.318s][info ][safepoint      ] Safepoint "Cleanup", Time since last: 1000084944 ns, Reaching safepoint: 14400 ns, Cleanup: 40200 ns, At safepoint: 5300 ns, Total: 59900 ns
[2368.319s][info ][safepoint      ] Safepoint "Cleanup", Time since last: 4000306688 ns, Reaching safepoint: 73500 ns, Cleanup: 37400 ns, At safepoint: 5900 ns, Total: 116800 ns
[2375.115s][info ][gc,start       ] GC(216) Pause Young (Allocation Failure)
[2375.123s][debug][gc,phases      ] GC(216) Scavenge 7.368ms
[2375.123s][debug][gc,ref         ] GC(216) Skipped phase 1 of Reference Processing: no references
[2375.123s][debug][gc,ref         ] GC(216) ReferenceProcessor::execute queues: 1, RefProcThreadModel::Single, marks_oops_alive: false
[2375.123s][debug][gc,ref         ] GC(216) Skipped phase 3 of Reference Processing: no references
[2375.123s][debug][gc,ref         ] GC(216) ReferenceProcessor::execute queues: 1, RefProcThreadModel::Single, marks_oops_alive: false
[2375.123s][debug][gc,phases      ] GC(216) Reference Processing 0.093ms
[2375.123s][debug][gc,phases      ] GC(216)   VM Weak                        Min:  0.0, Avg:  0.0, Max:  0.0, Diff:  0.0, Sum:  0.0, Workers: 4
[2375.123s][debug][gc,phases      ] GC(216)     Dead                           Min: 0, Avg:  0.0, Max: 0, Diff: 0, Sum: 0, Workers: 4
[2375.123s][debug][gc,phases      ] GC(216)     Total                          Min: 0, Avg: 181.0, Max: 404, Diff: 404, Sum: 724, Workers: 4
[2375.123s][debug][gc,phases      ] GC(216)   ObjectSynchronizer Weak        Min:  0.0, Avg:  0.0, Max:  0.0, Diff:  0.0, Sum:  0.0, Workers: 4
[2375.123s][debug][gc,phases      ] GC(216)     Dead                           Min: 0, Avg:  0.0, Max: 0, Diff: 0, Sum: 0, Workers: 4
[2375.123s][debug][gc,phases      ] GC(216)     Total                          Min: 0, Avg:  1.2, Max: 5, Diff: 5, Sum: 5, Workers: 4
[2375.123s][debug][gc,phases      ] GC(216)   JVMTI Tag Weak OopStorage      Min:  0.0, Avg:  0.0, Max:  0.0, Diff:  0.0, Sum:  0.0, Workers: 4
[2375.123s][debug][gc,phases      ] GC(216)     Dead                           Min: 0, Avg:  0.0, Max: 0, Diff: 0, Sum: 0, Workers: 4
[2375.123s][debug][gc,phases      ] GC(216)     Total                          Min: 0, Avg:  0.0, Max: 0, Diff: 0, Sum: 0, Workers: 4
[2375.123s][debug][gc,phases      ] GC(216)   StringTable Weak               Min:  0.0, Avg:  0.1, Max:  0.2, Diff:  0.2, Sum:  0.3, Workers: 4
[2375.123s][debug][gc,phases      ] GC(216)     Dead                           Min: 0, Avg:  0.0, Max: 0, Diff: 0, Sum: 0, Workers: 4
[2375.123s][debug][gc,phases      ] GC(216)     Total                          Min: 0, Avg: 10923.0, Max: 27008, Diff: 27008, Sum: 43692, Workers: 4
[2375.123s][debug][gc,phases      ] GC(216)   ResolvedMethodTable Weak       Min:  0.0, Avg:  0.0, Max:  0.0, Diff:  0.0, Sum:  0.1, Workers: 4
[2375.123s][debug][gc,phases      ] GC(216)     Dead                           Min: 0, Avg:  0.0, Max: 0, Diff: 0, Sum: 0, Workers: 4
[2375.123s][debug][gc,phases      ] GC(216)     Total                          Min: 0, Avg: 2439.8, Max: 5919, Diff: 5919, Sum: 9759, Workers: 4
[2375.123s][debug][gc,phases      ] GC(216)   JNI Weak                       Min:  0.0, Avg:  0.0, Max:  0.0, Diff:  0.0, Sum:  0.0, Workers: 4
[2375.123s][debug][gc,phases      ] GC(216)     Dead                           Min: 0, Avg:  0.0, Max: 0, Diff: 0, Sum: 0, Workers: 4
[2375.123s][debug][gc,phases      ] GC(216)     Total                          Min: 0, Avg: 11.2, Max: 45, Diff: 45, Sum: 45, Workers: 4
[2375.123s][debug][gc,phases      ] GC(216)   StringDedup Table Weak         Min:  0.0, Avg:  0.0, Max:  0.0, Diff:  0.0, Sum:  0.0, Workers: 4
[2375.123s][debug][gc,phases      ] GC(216)     Dead                           Min: 0, Avg:  0.0, Max: 0, Diff: 0, Sum: 0, Workers: 4
[2375.123s][debug][gc,phases      ] GC(216)     Total                          Min: 0, Avg:  0.0, Max: 0, Diff: 0, Sum: 0, Workers: 4
[2375.123s][debug][gc,phases      ] GC(216)   StringDedup Requests0 Weak     Min:  0.0, Avg:  0.0, Max:  0.0, Diff:  0.0, Sum:  0.0, Workers: 4
[2375.123s][debug][gc,phases      ] GC(216)     Dead                           Min: 0, Avg:  0.0, Max: 0, Diff: 0, Sum: 0, Workers: 4
[2375.123s][debug][gc,phases      ] GC(216)     Total                          Min: 0, Avg:  0.0, Max: 0, Diff: 0, Sum: 0, Workers: 4
[2375.123s][debug][gc,phases      ] GC(216)   StringDedup Requests1 Weak     Min:  0.0, Avg:  0.0, Max:  0.0, Diff:  0.0, Sum:  0.0, Workers: 4
[2375.123s][debug][gc,phases      ] GC(216)     Dead                           Min: 0, Avg:  0.0, Max: 0, Diff: 0, Sum: 0, Workers: 4
[2375.123s][debug][gc,phases      ] GC(216)     Total                          Min: 0, Avg:  0.0, Max: 0, Diff: 0, Sum: 0, Workers: 4
[2375.123s][debug][gc,phases      ] GC(216)   Weak JFR Old Object Samples    Min:  0.0, Avg:  0.0, Max:  0.0, Diff:  0.0, Sum:  0.0, Workers: 4
[2375.123s][debug][gc,phases      ] GC(216)     Dead                           Min: 0, Avg:  0.0, Max: 0, Diff: 0, Sum: 0, Workers: 4
[2375.123s][debug][gc,phases      ] GC(216)     Total                          Min: 0, Avg:  0.0, Max: 0, Diff: 0, Sum: 0, Workers: 4
[2375.123s][debug][gc,phases      ] GC(216) Weak Processing 0.357ms
[2375.123s][debug][gc,age         ] GC(216) Desired survivor size 28311552 bytes, new threshold 15 (max threshold 15)
[2375.123s][info ][gc,heap        ] GC(216) PSYoungGen: 2050400K(2067968K)->13056K(2066432K) Eden: 2037248K(2037248K)->0K(2037248K) From: 13152K(30720K)->13056K(29184K)
[2375.123s][info ][gc,heap        ] GC(216) ParOldGen: 339976K(391680K)->339976K(391680K)
[2375.123s][info ][gc,metaspace   ] GC(216) Metaspace: 83278K(84160K)->83278K(84160K) NonClass: 71259K(71744K)->71259K(71744K) Class: 12019K(12416K)->12019K(12416K)
[2375.123s][info ][gc             ] GC(216) Pause Young (Allocation Failure) 2334M->344M(2400M) 7.923ms
[2375.123s][info ][gc,cpu         ] GC(216) User=0.02s Sys=0.00s Real=0.01s
[2375.123s][info ][safepoint      ] Safepoint "ParallelGCFailedAllocation", Time since last: 6796670665 ns, Reaching safepoint: 4200 ns, Cleanup: 18900 ns, At safepoint: 7997895 ns, Total: 8020995 ns
[2384.124s][info ][safepoint      ] Safepoint "Cleanup", Time since last: 9000566179 ns, Reaching safepoint: 4200 ns, Cleanup: 27900 ns, At safepoint: 2700 ns, Total: 34800 ns
[2385.124s][info ][safepoint      ] Safepoint "Cleanup", Time since last: 1000100042 ns, Reaching safepoint: 3700 ns, Cleanup: 37900 ns, At safepoint: 22700 ns, Total: 64300 ns
[2386.315s][info ][safepoint      ] Safepoint "ParallelGCFailedAllocation", Time since last: 1191155832 ns, Reaching safepoint: 80700 ns, Cleanup: 30400 ns, At safepoint: 17000 ns, Total: 128100 ns
[2386.316s][info ][gc,start       ] GC(217) Pause Young (GCLocker Initiated GC)
[2386.323s][debug][gc,phases      ] GC(217) Scavenge 7.572ms
[2386.323s][debug][gc,ref         ] GC(217) Skipped phase 1 of Reference Processing: no references
[2386.323s][debug][gc,ref         ] GC(217) ReferenceProcessor::execute queues: 1, RefProcThreadModel::Single, marks_oops_alive: false
[2386.323s][debug][gc,ref         ] GC(217) Skipped phase 3 of Reference Processing: no references
[2386.323s][debug][gc,ref         ] GC(217) ReferenceProcessor::execute queues: 1, RefProcThreadModel::Single, marks_oops_alive: false
[2386.323s][debug][gc,phases      ] GC(217) Reference Processing 0.089ms
[2386.324s][debug][gc,phases      ] GC(217)   VM Weak                        Min:  0.0, Avg:  0.0, Max:  0.0, Diff:  0.0, Sum:  0.0, Workers: 4
[2386.324s][debug][gc,phases      ] GC(217)     Dead                           Min: 0, Avg:  0.0, Max: 0, Diff: 0, Sum: 0, Workers: 4
[2386.324s][debug][gc,phases      ] GC(217)     Total                          Min: 0, Avg: 181.0, Max: 532, Diff: 532, Sum: 724, Workers: 4
[2386.324s][debug][gc,phases      ] GC(217)   ObjectSynchronizer Weak        Min:  0.0, Avg:  0.0, Max:  0.0, Diff:  0.0, Sum:  0.0, Workers: 4
[2386.324s][debug][gc,phases      ] GC(217)     Dead                           Min: 0, Avg:  0.0, Max: 0, Diff: 0, Sum: 0, Workers: 4
[2386.324s][debug][gc,phases      ] GC(217)     Total                          Min: 0, Avg:  1.2, Max: 5, Diff: 5, Sum: 5, Workers: 4
[2386.324s][debug][gc,phases      ] GC(217)   JVMTI Tag Weak OopStorage      Min:  0.0, Avg:  0.0, Max:  0.0, Diff:  0.0, Sum:  0.0, Workers: 4
[2386.324s][debug][gc,phases      ] GC(217)     Dead                           Min: 0, Avg:  0.0, Max: 0, Diff: 0, Sum: 0, Workers: 4
[2386.324s][debug][gc,phases      ] GC(217)     Total                          Min: 0, Avg:  0.0, Max: 0, Diff: 0, Sum: 0, Workers: 4
[2386.324s][debug][gc,phases      ] GC(217)   StringTable Weak               Min:  0.1, Avg:  0.1, Max:  0.1, Diff:  0.0, Sum:  0.4, Workers: 4
[2386.324s][debug][gc,phases      ] GC(217)     Dead                           Min: 0, Avg:  0.0, Max: 0, Diff: 0, Sum: 0, Workers: 4
[2386.324s][debug][gc,phases      ] GC(217)     Total                          Min: 9664, Avg: 10923.2, Max: 11520, Diff: 1856, Sum: 43693, Workers: 4
[2386.324s][debug][gc,phases      ] GC(217)   ResolvedMethodTable Weak       Min:  0.0, Avg:  0.0, Max:  0.0, Diff:  0.0, Sum:  0.1, Workers: 4
[2386.324s][debug][gc,phases      ] GC(217)     Dead                           Min: 0, Avg:  0.0, Max: 0, Diff: 0, Sum: 0, Workers: 4
[2386.324s][debug][gc,phases      ] GC(217)     Total                          Min: 2368, Avg: 2439.8, Max: 2496, Diff: 128, Sum: 9759, Workers: 4
[2386.324s][debug][gc,phases      ] GC(217)   JNI Weak                       Min:  0.0, Avg:  0.0, Max:  0.0, Diff:  0.0, Sum:  0.0, Workers: 4
[2386.324s][debug][gc,phases      ] GC(217)     Dead                           Min: 0, Avg:  0.0, Max: 0, Diff: 0, Sum: 0, Workers: 4
[2386.324s][debug][gc,phases      ] GC(217)     Total                          Min: 0, Avg: 11.2, Max: 45, Diff: 45, Sum: 45, Workers: 4
[2386.324s][debug][gc,phases      ] GC(217)   StringDedup Table Weak         Min:  0.0, Avg:  0.0, Max:  0.0, Diff:  0.0, Sum:  0.0, Workers: 4
[2386.324s][debug][gc,phases      ] GC(217)     Dead                           Min: 0, Avg:  0.0, Max: 0, Diff: 0, Sum: 0, Workers: 4
[2386.324s][debug][gc,phases      ] GC(217)     Total                          Min: 0, Avg:  0.0, Max: 0, Diff: 0, Sum: 0, Workers: 4
[2386.324s][debug][gc,phases      ] GC(217)   StringDedup Requests0 Weak     Min:  0.0, Avg:  0.0, Max:  0.0, Diff:  0.0, Sum:  0.0, Workers: 4
[2386.324s][debug][gc,phases      ] GC(217)     Dead                           Min: 0, Avg:  0.0, Max: 0, Diff: 0, Sum: 0, Workers: 4
[2386.324s][debug][gc,phases      ] GC(217)     Total                          Min: 0, Avg:  0.0, Max: 0, Diff: 0, Sum: 0, Workers: 4
[2386.324s][debug][gc,phases      ] GC(217)   StringDedup Requests1 Weak     Min:  0.0, Avg:  0.0, Max:  0.0, Diff:  0.0, Sum:  0.0, Workers: 4
[2386.324s][debug][gc,phases      ] GC(217)     Dead                           Min: 0, Avg:  0.0, Max: 0, Diff: 0, Sum: 0, Workers: 4
[2386.324s][debug][gc,phases      ] GC(217)     Total                          Min: 0, Avg:  0.0, Max: 0, Diff: 0, Sum: 0, Workers: 4
[2386.324s][debug][gc,phases      ] GC(217)   Weak JFR Old Object Samples    Min:  0.0, Avg:  0.0, Max:  0.0, Diff:  0.0, Sum:  0.0, Workers: 4
[2386.324s][debug][gc,phases      ] GC(217)     Dead                           Min: 0, Avg:  0.0, Max: 0, Diff: 0, Sum: 0, Workers: 4
[2386.324s][debug][gc,phases      ] GC(217)     Total                          Min: 0, Avg:  0.0, Max: 0, Diff: 0, Sum: 0, Workers: 4
[2386.324s][debug][gc,phases      ] GC(217) Weak Processing 0.292ms
[2386.324s][debug][gc,age         ] GC(217) Desired survivor size 27262976 bytes, new threshold 15 (max threshold 15)
[2386.324s][info ][gc,heap        ] GC(217) PSYoungGen: 2050304K(2066432K)->13216K(2070528K) Eden: 2037248K(2037248K)->0K(2042880K) From: 13056K(29184K)->13216K(27648K)
[2386.324s][info ][gc,heap        ] GC(217) ParOldGen: 339977K(391680K)->339977K(391680K)
[2386.324s][info ][gc,metaspace   ] GC(217) Metaspace: 83290K(84160K)->83290K(84160K) NonClass: 71270K(71744K)->71270K(71744K) Class: 12019K(12416K)->12019K(12416K)
[2386.324s][info ][gc             ] GC(217) Pause Young (GCLocker Initiated GC) 2334M->344M(2404M) 8.037ms
[2386.324s][info ][gc,cpu         ] GC(217) User=0.02s Sys=0.00s Real=0.01s
[2386.324s][info ][safepoint      ] Safepoint "ParallelGCSystemGC", Time since last: 85400 ns, Reaching safepoint: 74500 ns, Cleanup: 15000 ns, At safepoint: 8109199 ns, Total: 8198699 ns
[2388.324s][info ][safepoint      ] Safepoint "Cleanup", Time since last: 2000111285 ns, Reaching safepoint: 10800 ns, Cleanup: 34000 ns, At safepoint: 7000 ns, Total: 51800 ns
[2397.309s][info ][gc,start       ] GC(218) Pause Young (Allocation Failure)
[2397.319s][debug][gc,phases      ] GC(218) Scavenge 9.068ms
[2397.319s][debug][gc,ref         ] GC(218) Skipped phase 1 of Reference Processing: no references
[2397.319s][debug][gc,ref         ] GC(218) ReferenceProcessor::execute queues: 1, RefProcThreadModel::Single, marks_oops_alive: false
[2397.319s][debug][gc,ref         ] GC(218) Skipped phase 3 of Reference Processing: no references
[2397.319s][debug][gc,ref         ] GC(218) Skipped phase 4 of Reference Processing: no references
[2397.319s][debug][gc,phases      ] GC(218) Reference Processing 0.088ms
[2397.319s][debug][gc,phases      ] GC(218)   VM Weak                        Min:  0.0, Avg:  0.0, Max:  0.0, Diff:  0.0, Sum:  0.0, Workers: 4
[2397.319s][debug][gc,phases      ] GC(218)     Dead                           Min: 0, Avg:  0.0, Max: 0, Diff: 0, Sum: 0, Workers: 4
[2397.319s][debug][gc,phases      ] GC(218)     Total                          Min: 0, Avg: 181.0, Max: 576, Diff: 576, Sum: 724, Workers: 4
[2397.319s][debug][gc,phases      ] GC(218)   ObjectSynchronizer Weak        Min:  0.0, Avg:  0.0, Max:  0.0, Diff:  0.0, Sum:  0.0, Workers: 4
[2397.319s][debug][gc,phases      ] GC(218)     Dead                           Min: 0, Avg:  0.0, Max: 0, Diff: 0, Sum: 0, Workers: 4
[2397.319s][debug][gc,phases      ] GC(218)     Total                          Min: 0, Avg:  1.2, Max: 5, Diff: 5, Sum: 5, Workers: 4
[2397.319s][debug][gc,phases      ] GC(218)   JVMTI Tag Weak OopStorage      Min:  0.0, Avg:  0.0, Max:  0.0, Diff:  0.0, Sum:  0.0, Workers: 4
[2397.319s][debug][gc,phases      ] GC(218)     Dead                           Min: 0, Avg:  0.0, Max: 0, Diff: 0, Sum: 0, Workers: 4
[2397.319s][debug][gc,phases      ] GC(218)     Total                          Min: 0, Avg:  0.0, Max: 0, Diff: 0, Sum: 0, Workers: 4
[2397.319s][debug][gc,phases      ] GC(218)   StringTable Weak               Min:  0.0, Avg:  0.1, Max:  0.2, Diff:  0.2, Sum:  0.3, Workers: 4
[2397.319s][debug][gc,phases      ] GC(218)     Dead                           Min: 0, Avg:  0.0, Max: 0, Diff: 0, Sum: 0, Workers: 4
[2397.319s][debug][gc,phases      ] GC(218)     Total                          Min: 0, Avg: 10924.0, Max: 25904, Diff: 25904, Sum: 43696, Workers: 4
[2397.319s][debug][gc,phases      ] GC(218)   ResolvedMethodTable Weak       Min:  0.0, Avg:  0.0, Max:  0.0, Diff:  0.0, Sum:  0.1, Workers: 4
[2397.319s][debug][gc,phases      ] GC(218)     Dead                           Min: 0, Avg:  0.0, Max: 0, Diff: 0, Sum: 0, Workers: 4
[2397.319s][debug][gc,phases      ] GC(218)     Total                          Min: 0, Avg: 2439.8, Max: 5727, Diff: 5727, Sum: 9759, Workers: 4
[2397.319s][debug][gc,phases      ] GC(218)   JNI Weak                       Min:  0.0, Avg:  0.0, Max:  0.0, Diff:  0.0, Sum:  0.0, Workers: 4
[2397.319s][debug][gc,phases      ] GC(218)     Dead                           Min: 0, Avg:  0.0, Max: 0, Diff: 0, Sum: 0, Workers: 4
[2397.319s][debug][gc,phases      ] GC(218)     Total                          Min: 0, Avg: 11.2, Max: 45, Diff: 45, Sum: 45, Workers: 4
[2397.319s][debug][gc,phases      ] GC(218)   StringDedup Table Weak         Min:  0.0, Avg:  0.0, Max:  0.0, Diff:  0.0, Sum:  0.0, Workers: 4
[2397.319s][debug][gc,phases      ] GC(218)     Dead                           Min: 0, Avg:  0.0, Max: 0, Diff: 0, Sum: 0, Workers: 4
[2397.319s][debug][gc,phases      ] GC(218)     Total                          Min: 0, Avg:  0.0, Max: 0, Diff: 0, Sum: 0, Workers: 4
[2397.319s][debug][gc,phases      ] GC(218)   StringDedup Requests0 Weak     Min:  0.0, Avg:  0.0, Max:  0.0, Diff:  0.0, Sum:  0.0, Workers: 4
[2397.319s][debug][gc,phases      ] GC(218)     Dead                           Min: 0, Avg:  0.0, Max: 0, Diff: 0, Sum: 0, Workers: 4
[2397.319s][debug][gc,phases      ] GC(218)     Total                          Min: 0, Avg:  0.0, Max: 0, Diff: 0, Sum: 0, Workers: 4
[2397.319s][debug][gc,phases      ] GC(218)   StringDedup Requests1 Weak     Min:  0.0, Avg:  0.0, Max:  0.0, Diff:  0.0, Sum:  0.0, Workers: 4
[2397.319s][debug][gc,phases      ] GC(218)     Dead                           Min: 0, Avg:  0.0, Max: 0, Diff: 0, Sum: 0, Workers: 4
[2397.319s][debug][gc,phases      ] GC(218)     Total                          Min: 0, Avg:  0.0, Max: 0, Diff: 0, Sum: 0, Workers: 4
[2397.319s][debug][gc,phases      ] GC(218)   Weak JFR Old Object Samples    Min:  0.0, Avg:  0.0, Max:  0.0, Diff:  0.0, Sum:  0.0, Workers: 4
[2397.319s][debug][gc,phases      ] GC(218)     Dead                           Min: 0, Avg:  0.0, Max: 0, Diff: 0, Sum: 0, Workers: 4
[2397.319s][debug][gc,phases      ] GC(218)     Total                          Min: 0, Avg:  0.0, Max: 0, Diff: 0, Sum: 0, Workers: 4
[2397.319s][debug][gc,phases      ] GC(218) Weak Processing 0.361ms
[2397.319s][debug][gc,age         ] GC(218) Desired survivor size 28311552 bytes, new threshold 15 (max threshold 15)
[2397.319s][info ][gc,heap        ] GC(218) PSYoungGen: 2056096K(2070528K)->1344K(2069504K) Eden: 2042880K(2042880K)->0K(2042880K) From: 13216K(27648K)->1344K(26624K)
[2397.319s][info ][gc,heap        ] GC(218) ParOldGen: 339982K(391680K)->352462K(391680K)
[2397.319s][info ][gc,metaspace   ] GC(218) Metaspace: 83291K(84160K)->83291K(84160K) NonClass: 71271K(71744K)->71271K(71744K) Class: 12019K(12416K)->12019K(12416K)
[2397.319s][info ][gc             ] GC(218) Pause Young (Allocation Failure) 2339M->345M(2403M) 9.625ms
[2397.319s][info ][gc,cpu         ] GC(218) User=0.03s Sys=0.00s Real=0.00s
[2397.319s][info ][safepoint      ] Safepoint "ParallelGCFailedAllocation", Time since last: 8985466740 ns, Reaching safepoint: 4500 ns, Cleanup: 36700 ns, At safepoint: 9712998 ns, Total: 9754198 ns
[2408.112s][info ][gc,start       ] GC(219) Pause Young (Allocation Failure)
[2408.116s][debug][gc,phases      ] GC(219) Scavenge 3.677ms
[2408.116s][debug][gc,ref         ] GC(219) Skipped phase 1 of Reference Processing: no references
[2408.116s][debug][gc,ref         ] GC(219) ReferenceProcessor::execute queues: 1, RefProcThreadModel::Single, marks_oops_alive: false
[2408.116s][debug][gc,ref         ] GC(219) Skipped phase 3 of Reference Processing: no references
[2408.116s][debug][gc,ref         ] GC(219) Skipped phase 4 of Reference Processing: no references
[2408.116s][debug][gc,phases      ] GC(219) Reference Processing 0.090ms
[2408.117s][debug][gc,phases      ] GC(219)   VM Weak                        Min:  0.0, Avg:  0.0, Max:  0.0, Diff:  0.0, Sum:  0.0, Workers: 4
[2408.117s][debug][gc,phases      ] GC(219)     Dead                           Min: 0, Avg:  0.0, Max: 0, Diff: 0, Sum: 0, Workers: 4
[2408.117s][debug][gc,phases      ] GC(219)     Total                          Min: 0, Avg: 181.0, Max: 468, Diff: 468, Sum: 724, Workers: 4
[2408.117s][debug][gc,phases      ] GC(219)   ObjectSynchronizer Weak        Min:  0.0, Avg:  0.0, Max:  0.0, Diff:  0.0, Sum:  0.0, Workers: 4
[2408.117s][debug][gc,phases      ] GC(219)     Dead                           Min: 0, Avg:  0.0, Max: 0, Diff: 0, Sum: 0, Workers: 4
[2408.117s][debug][gc,phases      ] GC(219)     Total                          Min: 0, Avg:  1.2, Max: 5, Diff: 5, Sum: 5, Workers: 4
[2408.117s][debug][gc,phases      ] GC(219)   JVMTI Tag Weak OopStorage      Min:  0.0, Avg:  0.0, Max:  0.0, Diff:  0.0, Sum:  0.0, Workers: 4
[2408.117s][debug][gc,phases      ] GC(219)     Dead                           Min: 0, Avg:  0.0, Max: 0, Diff: 0, Sum: 0, Workers: 4
[2408.117s][debug][gc,phases      ] GC(219)     Total                          Min: 0, Avg:  0.0, Max: 0, Diff: 0, Sum: 0, Workers: 4
[2408.117s][debug][gc,phases      ] GC(219)   StringTable Weak               Min:  0.0, Avg:  0.1, Max:  0.1, Diff:  0.1, Sum:  0.4, Workers: 4
[2408.117s][debug][gc,phases      ] GC(219)     Dead                           Min: 0, Avg:  0.0, Max: 0, Diff: 0, Sum: 0, Workers: 4
[2408.117s][debug][gc,phases      ] GC(219)     Total                          Min: 0, Avg: 10924.0, Max: 15104, Diff: 15104, Sum: 43696, Workers: 4
[2408.117s][debug][gc,phases      ] GC(219)   ResolvedMethodTable Weak       Min:  0.0, Avg:  0.0, Max:  0.0, Diff:  0.0, Sum:  0.1, Workers: 4
[2408.117s][debug][gc,phases      ] GC(219)     Dead                           Min: 0, Avg:  0.0, Max: 0, Diff: 0, Sum: 0, Workers: 4
[2408.117s][debug][gc,phases      ] GC(219)     Total                          Min: 0, Avg: 2439.8, Max: 3392, Diff: 3392, Sum: 9759, Workers: 4
[2408.117s][debug][gc,phases      ] GC(219)   JNI Weak                       Min:  0.0, Avg:  0.0, Max:  0.0, Diff:  0.0, Sum:  0.0, Workers: 4
[2408.117s][debug][gc,phases      ] GC(219)     Dead                           Min: 0, Avg:  0.0, Max: 0, Diff: 0, Sum: 0, Workers: 4
[2408.117s][debug][gc,phases      ] GC(219)     Total                          Min: 0, Avg: 11.2, Max: 45, Diff: 45, Sum: 45, Workers: 4
[2408.117s][debug][gc,phases      ] GC(219)   StringDedup Table Weak         Min:  0.0, Avg:  0.0, Max:  0.0, Diff:  0.0, Sum:  0.0, Workers: 4
[2408.117s][debug][gc,phases      ] GC(219)     Dead                           Min: 0, Avg:  0.0, Max: 0, Diff: 0, Sum: 0, Workers: 4
[2408.117s][debug][gc,phases      ] GC(219)     Total                          Min: 0, Avg:  0.0, Max: 0, Diff: 0, Sum: 0, Workers: 4
[2408.117s][debug][gc,phases      ] GC(219)   StringDedup Requests0 Weak     Min:  0.0, Avg:  0.0, Max:  0.0, Diff:  0.0, Sum:  0.0, Workers: 4
[2408.117s][debug][gc,phases      ] GC(219)     Dead                           Min: 0, Avg:  0.0, Max: 0, Diff: 0, Sum: 0, Workers: 4
[2408.117s][debug][gc,phases      ] GC(219)     Total                          Min: 0, Avg:  0.0, Max: 0, Diff: 0, Sum: 0, Workers: 4
[2408.117s][debug][gc,phases      ] GC(219)   StringDedup Requests1 Weak     Min:  0.0, Avg:  0.0, Max:  0.0, Diff:  0.0, Sum:  0.0, Workers: 4
[2408.117s][debug][gc,phases      ] GC(219)     Dead                           Min: 0, Avg:  0.0, Max: 0, Diff: 0, Sum: 0, Workers: 4
[2408.117s][debug][gc,phases      ] GC(219)     Total                          Min: 0, Avg:  0.0, Max: 0, Diff: 0, Sum: 0, Workers: 4
[2408.117s][debug][gc,phases      ] GC(219)   Weak JFR Old Object Samples    Min:  0.0, Avg:  0.0, Max:  0.0, Diff:  0.0, Sum:  0.0, Workers: 4
[2408.117s][debug][gc,phases      ] GC(219)     Dead                           Min: 0, Avg:  0.0, Max: 0, Diff: 0, Sum: 0, Workers: 4
[2408.117s][debug][gc,phases      ] GC(219)     Total                          Min: 0, Avg:  0.0, Max: 0, Diff: 0, Sum: 0, Workers: 4
[2408.117s][debug][gc,phases      ] GC(219) Weak Processing 0.348ms
[2408.117s][debug][gc,age         ] GC(219) Desired survivor size 28835840 bytes, new threshold 15 (max threshold 15)
[2408.117s][info ][gc,heap        ] GC(219) PSYoungGen: 2044224K(2069504K)->1472K(2068480K) Eden: 2042880K(2042880K)->0K(2040832K) From: 1344K(26624K)->1472K(27648K)
[2408.117s][info ][gc,heap        ] GC(219) ParOldGen: 352462K(391680K)->352510K(391680K)
[2408.117s][info ][gc,metaspace   ] GC(219) Metaspace: 83293K(84224K)->83293K(84224K) NonClass: 71273K(71808K)->71273K(71808K) Class: 12019K(12416K)->12019K(12416K)
[2408.117s][info ][gc             ] GC(219) Pause Young (Allocation Failure) 2340M->345M(2402M) 4.217ms
[2408.117s][info ][gc,cpu         ] GC(219) User=0.00s Sys=0.00s Real=0.00s
[2408.117s][info ][safepoint      ] Safepoint "ParallelGCFailedAllocation", Time since last: 10793329768 ns, Reaching safepoint: 4100 ns, Cleanup: 29100 ns, At safepoint: 4286699 ns, Total: 4319899 ns
[2410.117s][info ][safepoint      ] Safepoint "Cleanup", Time since last: 2000140621 ns, Reaching safepoint: 4200 ns, Cleanup: 28600 ns, At safepoint: 3400 ns, Total: 36200 ns
[2412.117s][info ][safepoint      ] Safepoint "Cleanup", Time since last: 2000175521 ns, Reaching safepoint: 5800 ns, Cleanup: 37300 ns, At safepoint: 2800 ns, Total: 45900 ns
[2419.611s][info ][gc,start       ] GC(220) Pause Young (Allocation Failure)
[2419.614s][debug][gc,phases      ] GC(220) Scavenge 2.917ms
[2419.614s][debug][gc,ref         ] GC(220) Skipped phase 1 of Reference Processing: no references
[2419.614s][debug][gc,ref         ] GC(220) ReferenceProcessor::execute queues: 1, RefProcThreadModel::Single, marks_oops_alive: false
[2419.614s][debug][gc,ref         ] GC(220) Skipped phase 3 of Reference Processing: no references
[2419.614s][debug][gc,ref         ] GC(220) Skipped phase 4 of Reference Processing: no references
[2419.614s][debug][gc,phases      ] GC(220) Reference Processing 0.090ms
[2419.614s][debug][gc,phases      ] GC(220)   VM Weak                        Min:  0.0, Avg:  0.0, Max:  0.0, Diff:  0.0, Sum:  0.0, Workers: 4
[2419.614s][debug][gc,phases      ] GC(220)     Dead                           Min: 0, Avg:  0.0, Max: 0, Diff: 0, Sum: 0, Workers: 4
[2419.614s][debug][gc,phases      ] GC(220)     Total                          Min: 0, Avg: 181.0, Max: 532, Diff: 532, Sum: 724, Workers: 4
[2419.614s][debug][gc,phases      ] GC(220)   ObjectSynchronizer Weak        Min:  0.0, Avg:  0.0, Max:  0.0, Diff:  0.0, Sum:  0.0, Workers: 4
[2419.614s][debug][gc,phases      ] GC(220)     Dead                           Min: 0, Avg:  0.0, Max: 0, Diff: 0, Sum: 0, Workers: 4
[2419.614s][debug][gc,phases      ] GC(220)     Total                          Min: 0, Avg:  1.2, Max: 5, Diff: 5, Sum: 5, Workers: 4
[2419.614s][debug][gc,phases      ] GC(220)   JVMTI Tag Weak OopStorage      Min:  0.0, Avg:  0.0, Max:  0.0, Diff:  0.0, Sum:  0.0, Workers: 4
[2419.614s][debug][gc,phases      ] GC(220)     Dead                           Min: 0, Avg:  0.0, Max: 0, Diff: 0, Sum: 0, Workers: 4
[2419.614s][debug][gc,phases      ] GC(220)     Total                          Min: 0, Avg:  0.0, Max: 0, Diff: 0, Sum: 0, Workers: 4
[2419.614s][debug][gc,phases      ] GC(220)   StringTable Weak               Min:  0.0, Avg:  0.1, Max:  0.2, Diff:  0.2, Sum:  0.3, Workers: 4
[2419.614s][debug][gc,phases      ] GC(220)     Dead                           Min: 0, Avg:  0.0, Max: 0, Diff: 0, Sum: 0, Workers: 4
[2419.614s][debug][gc,phases      ] GC(220)     Total                          Min: 0, Avg: 10926.2, Max: 25849, Diff: 25849, Sum: 43705, Workers: 4
[2419.614s][debug][gc,phases      ] GC(220)   ResolvedMethodTable Weak       Min:  0.0, Avg:  0.0, Max:  0.0, Diff:  0.0, Sum:  0.1, Workers: 4
[2419.614s][debug][gc,phases      ] GC(220)     Dead                           Min: 0, Avg:  0.0, Max: 0, Diff: 0, Sum: 0, Workers: 4
[2419.614s][debug][gc,phases      ] GC(220)     Total                          Min: 0, Avg: 2439.8, Max: 6080, Diff: 6080, Sum: 9759, Workers: 4
[2419.614s][debug][gc,phases      ] GC(220)   JNI Weak                       Min:  0.0, Avg:  0.0, Max:  0.0, Diff:  0.0, Sum:  0.0, Workers: 4
[2419.614s][debug][gc,phases      ] GC(220)     Dead                           Min: 0, Avg:  0.0, Max: 0, Diff: 0, Sum: 0, Workers: 4
[2419.614s][debug][gc,phases      ] GC(220)     Total                          Min: 0, Avg: 11.2, Max: 45, Diff: 45, Sum: 45, Workers: 4
[2419.614s][debug][gc,phases      ] GC(220)   StringDedup Table Weak         Min:  0.0, Avg:  0.0, Max:  0.0, Diff:  0.0, Sum:  0.0, Workers: 4
[2419.614s][debug][gc,phases      ] GC(220)     Dead                           Min: 0, Avg:  0.0, Max: 0, Diff: 0, Sum: 0, Workers: 4
[2419.614s][debug][gc,phases      ] GC(220)     Total                          Min: 0, Avg:  0.0, Max: 0, Diff: 0, Sum: 0, Workers: 4
[2419.614s][debug][gc,phases      ] GC(220)   StringDedup Requests0 Weak     Min:  0.0, Avg:  0.0, Max:  0.0, Diff:  0.0, Sum:  0.0, Workers: 4
[2419.614s][debug][gc,phases      ] GC(220)     Dead                           Min: 0, Avg:  0.0, Max: 0, Diff: 0, Sum: 0, Workers: 4
[2419.614s][debug][gc,phases      ] GC(220)     Total                          Min: 0, Avg:  0.0, Max: 0, Diff: 0, Sum: 0, Workers: 4
[2419.614s][debug][gc,phases      ] GC(220)   StringDedup Requests1 Weak     Min:  0.0, Avg:  0.0, Max:  0.0, Diff:  0.0, Sum:  0.0, Workers: 4
[2419.614s][debug][gc,phases      ] GC(220)     Dead                           Min: 0, Avg:  0.0, Max: 0, Diff: 0, Sum: 0, Workers: 4
[2419.614s][debug][gc,phases      ] GC(220)     Total                          Min: 0, Avg:  0.0, Max: 0, Diff: 0, Sum: 0, Workers: 4
[2419.614s][debug][gc,phases      ] GC(220)   Weak JFR Old Object Samples    Min:  0.0, Avg:  0.0, Max:  0.0, Diff:  0.0, Sum:  0.0, Workers: 4
[2419.614s][debug][gc,phases      ] GC(220)     Dead                           Min: 0, Avg:  0.0, Max: 0, Diff: 0, Sum: 0, Workers: 4
[2419.614s][debug][gc,phases      ] GC(220)     Total                          Min: 0, Avg:  0.0, Max: 0, Diff: 0, Sum: 0, Workers: 4
[2419.614s][debug][gc,phases      ] GC(220) Weak Processing 0.372ms
[2419.614s][debug][gc,age         ] GC(220) Desired survivor size 28835840 bytes, new threshold 15 (max threshold 15)
[2419.614s][info ][gc,heap        ] GC(220) PSYoungGen: 2042304K(2068480K)->1312K(2068992K) Eden: 2040832K(2040832K)->0K(2040832K) From: 1472K(27648K)->1312K(28160K)
[2419.614s][info ][gc,heap        ] GC(220) ParOldGen: 352510K(391680K)->352542K(391680K)
[2419.614s][info ][gc,metaspace   ] GC(220) Metaspace: 83293K(84224K)->83293K(84224K) NonClass: 71273K(71808K)->71273K(71808K) Class: 12019K(12416K)->12019K(12416K)
[2419.614s][info ][gc             ] GC(220) Pause Young (Allocation Failure) 2338M->345M(2403M) 3.473ms
[2419.614s][info ][gc,cpu         ] GC(220) User=0.01s Sys=0.00s Real=0.00s
[2419.614s][info ][safepoint      ] Safepoint "ParallelGCFailedAllocation", Time since last: 7493414802 ns, Reaching safepoint: 4300 ns, Cleanup: 30500 ns, At safepoint: 3537799 ns, Total: 3572599 ns
[2431.264s][info ][gc,start       ] GC(221) Pause Young (Allocation Failure)
[2431.267s][debug][gc,phases      ] GC(221) Scavenge 3.084ms
[2431.267s][debug][gc,ref         ] GC(221) Skipped phase 1 of Reference Processing: no references
[2431.267s][debug][gc,ref         ] GC(221) ReferenceProcessor::execute queues: 1, RefProcThreadModel::Single, marks_oops_alive: false
[2431.267s][debug][gc,ref         ] GC(221) Skipped phase 3 of Reference Processing: no references
[2431.267s][debug][gc,ref         ] GC(221) Skipped phase 4 of Reference Processing: no references
[2431.267s][debug][gc,phases      ] GC(221) Reference Processing 0.084ms
[2431.267s][debug][gc,phases      ] GC(221)   VM Weak                        Min:  0.0, Avg:  0.0, Max:  0.0, Diff:  0.0, Sum:  0.0, Workers: 4
[2431.267s][debug][gc,phases      ] GC(221)     Dead                           Min: 0, Avg:  0.0, Max: 0, Diff: 0, Sum: 0, Workers: 4
[2431.267s][debug][gc,phases      ] GC(221)     Total                          Min: 0, Avg: 181.0, Max: 640, Diff: 640, Sum: 724, Workers: 4
[2431.267s][debug][gc,phases      ] GC(221)   ObjectSynchronizer Weak        Min:  0.0, Avg:  0.0, Max:  0.0, Diff:  0.0, Sum:  0.0, Workers: 4
[2431.267s][debug][gc,phases      ] GC(221)     Dead                           Min: 0, Avg:  0.0, Max: 0, Diff: 0, Sum: 0, Workers: 4
[2431.267s][debug][gc,phases      ] GC(221)     Total                          Min: 0, Avg:  1.2, Max: 5, Diff: 5, Sum: 5, Workers: 4
[2431.267s][debug][gc,phases      ] GC(221)   JVMTI Tag Weak OopStorage      Min:  0.0, Avg:  0.0, Max:  0.0, Diff:  0.0, Sum:  0.0, Workers: 4
[2431.267s][debug][gc,phases      ] GC(221)     Dead                           Min: 0, Avg:  0.0, Max: 0, Diff: 0, Sum: 0, Workers: 4
[2431.267s][debug][gc,phases      ] GC(221)     Total                          Min: 0, Avg:  0.0, Max: 0, Diff: 0, Sum: 0, Workers: 4
[2431.267s][debug][gc,phases      ] GC(221)   StringTable Weak               Min:  0.0, Avg:  0.1, Max:  0.2, Diff:  0.2, Sum:  0.3, Workers: 4
[2431.267s][debug][gc,phases      ] GC(221)     Dead                           Min: 0, Avg:  0.0, Max: 0, Diff: 0, Sum: 0, Workers: 4
[2431.267s][debug][gc,phases      ] GC(221)     Total                          Min: 0, Avg: 10926.2, Max: 26617, Diff: 26617, Sum: 43705, Workers: 4
[2431.267s][debug][gc,phases      ] GC(221)   ResolvedMethodTable Weak       Min:  0.0, Avg:  0.0, Max:  0.0, Diff:  0.0, Sum:  0.1, Workers: 4
[2431.267s][debug][gc,phases      ] GC(221)     Dead                           Min: 0, Avg:  0.0, Max: 0, Diff: 0, Sum: 0, Workers: 4
[2431.267s][debug][gc,phases      ] GC(221)     Total                          Min: 0, Avg: 2439.8, Max: 5855, Diff: 5855, Sum: 9759, Workers: 4
[2431.267s][debug][gc,phases      ] GC(221)   JNI Weak                       Min:  0.0, Avg:  0.0, Max:  0.0, Diff:  0.0, Sum:  0.0, Workers: 4
[2431.267s][debug][gc,phases      ] GC(221)     Dead                           Min: 0, Avg:  0.0, Max: 0, Diff: 0, Sum: 0, Workers: 4
[2431.267s][debug][gc,phases      ] GC(221)     Total                          Min: 0, Avg: 11.2, Max: 45, Diff: 45, Sum: 45, Workers: 4
[2431.267s][debug][gc,phases      ] GC(221)   StringDedup Table Weak         Min:  0.0, Avg:  0.0, Max:  0.0, Diff:  0.0, Sum:  0.0, Workers: 4
[2431.267s][debug][gc,phases      ] GC(221)     Dead                           Min: 0, Avg:  0.0, Max: 0, Diff: 0, Sum: 0, Workers: 4
[2431.267s][debug][gc,phases      ] GC(221)     Total                          Min: 0, Avg:  0.0, Max: 0, Diff: 0, Sum: 0, Workers: 4
[2431.267s][debug][gc,phases      ] GC(221)   StringDedup Requests0 Weak     Min:  0.0, Avg:  0.0, Max:  0.0, Diff:  0.0, Sum:  0.0, Workers: 4
[2431.267s][debug][gc,phases      ] GC(221)     Dead                           Min: 0, Avg:  0.0, Max: 0, Diff: 0, Sum: 0, Workers: 4
[2431.267s][debug][gc,phases      ] GC(221)     Total                          Min: 0, Avg:  0.0, Max: 0, Diff: 0, Sum: 0, Workers: 4
[2431.267s][debug][gc,phases      ] GC(221)   StringDedup Requests1 Weak     Min:  0.0, Avg:  0.0, Max:  0.0, Diff:  0.0, Sum:  0.0, Workers: 4
[2431.267s][debug][gc,phases      ] GC(221)     Dead                           Min: 0, Avg:  0.0, Max: 0, Diff: 0, Sum: 0, Workers: 4
[2431.267s][debug][gc,phases      ] GC(221)     Total                          Min: 0, Avg:  0.0, Max: 0, Diff: 0, Sum: 0, Workers: 4
[2431.267s][debug][gc,phases      ] GC(221)   Weak JFR Old Object Samples    Min:  0.0, Avg:  0.0, Max:  0.0, Diff:  0.0, Sum:  0.0, Workers: 4
[2431.267s][debug][gc,phases      ] GC(221)     Dead                           Min: 0, Avg:  0.0, Max: 0, Diff: 0, Sum: 0, Workers: 4
[2431.267s][debug][gc,phases      ] GC(221)     Total                          Min: 0, Avg:  0.0, Max: 0, Diff: 0, Sum: 0, Workers: 4
[2431.267s][debug][gc,phases      ] GC(221) Weak Processing 0.358ms
[2431.267s][debug][gc,age         ] GC(221) Desired survivor size 28835840 bytes, new threshold 15 (max threshold 15)
[2431.267s][info ][gc,heap        ] GC(221) PSYoungGen: 2042144K(2068992K)->1328K(2068992K) Eden: 2040832K(2040832K)->0K(2040832K) From: 1312K(28160K)->1328K(28160K)
[2431.267s][info ][gc,heap        ] GC(221) ParOldGen: 352542K(391680K)->352566K(391680K)
[2431.267s][info ][gc,metaspace   ] GC(221) Metaspace: 83293K(84224K)->83293K(84224K) NonClass: 71273K(71808K)->71273K(71808K) Class: 12019K(12416K)->12019K(12416K)
[2431.267s][info ][gc             ] GC(221) Pause Young (Allocation Failure) 2338M->345M(2403M) 3.631ms
[2431.267s][info ][gc,cpu         ] GC(221) User=0.00s Sys=0.00s Real=0.00s
[2431.267s][info ][safepoint      ] Safepoint "ParallelGCFailedAllocation", Time since last: 11649326205 ns, Reaching safepoint: 4500 ns, Cleanup: 37800 ns, At safepoint: 3694199 ns, Total: 3736499 ns
[2442.411s][info ][gc,start       ] GC(222) Pause Young (Allocation Failure)
[2442.414s][debug][gc,phases      ] GC(222) Scavenge 2.612ms
[2442.414s][debug][gc,ref         ] GC(222) Skipped phase 1 of Reference Processing: no references
[2442.414s][debug][gc,ref         ] GC(222) ReferenceProcessor::execute queues: 1, RefProcThreadModel::Single, marks_oops_alive: false
[2442.414s][debug][gc,ref         ] GC(222) Skipped phase 3 of Reference Processing: no references
[2442.414s][debug][gc,ref         ] GC(222) Skipped phase 4 of Reference Processing: no references
[2442.414s][debug][gc,phases      ] GC(222) Reference Processing 0.117ms
[2442.415s][debug][gc,phases      ] GC(222)   VM Weak                        Min:  0.0, Avg:  0.0, Max:  0.0, Diff:  0.0, Sum:  0.0, Workers: 4
[2442.415s][debug][gc,phases      ] GC(222)     Dead                           Min: 0, Avg:  0.0, Max: 0, Diff: 0, Sum: 0, Workers: 4
[2442.415s][debug][gc,phases      ] GC(222)     Total                          Min: 0, Avg: 181.0, Max: 596, Diff: 596, Sum: 724, Workers: 4
[2442.415s][debug][gc,phases      ] GC(222)   ObjectSynchronizer Weak        Min:  0.0, Avg:  0.0, Max:  0.0, Diff:  0.0, Sum:  0.0, Workers: 4
[2442.415s][debug][gc,phases      ] GC(222)     Dead                           Min: 0, Avg:  0.0, Max: 0, Diff: 0, Sum: 0, Workers: 4
[2442.415s][debug][gc,phases      ] GC(222)     Total                          Min: 0, Avg:  1.2, Max: 5, Diff: 5, Sum: 5, Workers: 4
[2442.415s][debug][gc,phases      ] GC(222)   JVMTI Tag Weak OopStorage      Min:  0.0, Avg:  0.0, Max:  0.0, Diff:  0.0, Sum:  0.0, Workers: 4
[2442.415s][debug][gc,phases      ] GC(222)     Dead                           Min: 0, Avg:  0.0, Max: 0, Diff: 0, Sum: 0, Workers: 4
[2442.415s][debug][gc,phases      ] GC(222)     Total                          Min: 0, Avg:  0.0, Max: 0, Diff: 0, Sum: 0, Workers: 4
[2442.415s][debug][gc,phases      ] GC(222)   StringTable Weak               Min:  0.0, Avg:  0.1, Max:  0.2, Diff:  0.2, Sum:  0.4, Workers: 4
[2442.415s][debug][gc,phases      ] GC(222)     Dead                           Min: 0, Avg:  0.0, Max: 0, Diff: 0, Sum: 0, Workers: 4
[2442.415s][debug][gc,phases      ] GC(222)     Total                          Min: 0, Avg: 10926.2, Max: 23225, Diff: 23225, Sum: 43705, Workers: 4
[2442.415s][debug][gc,phases      ] GC(222)   ResolvedMethodTable Weak       Min:  0.0, Avg:  0.0, Max:  0.0, Diff:  0.0, Sum:  0.1, Workers: 4
[2442.415s][debug][gc,phases      ] GC(222)     Dead                           Min: 0, Avg:  0.0, Max: 0, Diff: 0, Sum: 0, Workers: 4
[2442.415s][debug][gc,phases      ] GC(222)     Total                          Min: 0, Avg: 2439.8, Max: 5215, Diff: 5215, Sum: 9759, Workers: 4
[2442.415s][debug][gc,phases      ] GC(222)   JNI Weak                       Min:  0.0, Avg:  0.0, Max:  0.0, Diff:  0.0, Sum:  0.0, Workers: 4
[2442.415s][debug][gc,phases      ] GC(222)     Dead                           Min: 0, Avg:  0.0, Max: 0, Diff: 0, Sum: 0, Workers: 4
[2442.415s][debug][gc,phases      ] GC(222)     Total                          Min: 0, Avg: 11.2, Max: 45, Diff: 45, Sum: 45, Workers: 4
[2442.415s][debug][gc,phases      ] GC(222)   StringDedup Table Weak         Min:  0.0, Avg:  0.0, Max:  0.0, Diff:  0.0, Sum:  0.0, Workers: 4
[2442.415s][debug][gc,phases      ] GC(222)     Dead                           Min: 0, Avg:  0.0, Max: 0, Diff: 0, Sum: 0, Workers: 4
[2442.415s][debug][gc,phases      ] GC(222)     Total                          Min: 0, Avg:  0.0, Max: 0, Diff: 0, Sum: 0, Workers: 4
[2442.415s][debug][gc,phases      ] GC(222)   StringDedup Requests0 Weak     Min:  0.0, Avg:  0.0, Max:  0.0, Diff:  0.0, Sum:  0.0, Workers: 4
[2442.415s][debug][gc,phases      ] GC(222)     Dead                           Min: 0, Avg:  0.0, Max: 0, Diff: 0, Sum: 0, Workers: 4
[2442.415s][debug][gc,phases      ] GC(222)     Total                          Min: 0, Avg:  0.0, Max: 0, Diff: 0, Sum: 0, Workers: 4
[2442.415s][debug][gc,phases      ] GC(222)   StringDedup Requests1 Weak     Min:  0.0, Avg:  0.0, Max:  0.0, Diff:  0.0, Sum:  0.0, Workers: 4
[2442.415s][debug][gc,phases      ] GC(222)     Dead                           Min: 0, Avg:  0.0, Max: 0, Diff: 0, Sum: 0, Workers: 4
[2442.415s][debug][gc,phases      ] GC(222)     Total                          Min: 0, Avg:  0.0, Max: 0, Diff: 0, Sum: 0, Workers: 4
[2442.415s][debug][gc,phases      ] GC(222)   Weak JFR Old Object Samples    Min:  0.0, Avg:  0.0, Max:  0.0, Diff:  0.0, Sum:  0.0, Workers: 4
[2442.415s][debug][gc,phases      ] GC(222)     Dead                           Min: 0, Avg:  0.0, Max: 0, Diff: 0, Sum: 0, Workers: 4
[2442.415s][debug][gc,phases      ] GC(222)     Total                          Min: 0, Avg:  0.0, Max: 0, Diff: 0, Sum: 0, Workers: 4
[2442.415s][debug][gc,phases      ] GC(222) Weak Processing 0.476ms
[2442.415s][debug][gc,age         ] GC(222) Desired survivor size 28311552 bytes, new threshold 15 (max threshold 15)
[2442.415s][info ][gc,heap        ] GC(222) PSYoungGen: 2042160K(2068992K)->1376K(2068992K) Eden: 2040832K(2040832K)->0K(2040832K) From: 1328K(28160K)->1376K(28160K)
[2442.415s][info ][gc,heap        ] GC(222) ParOldGen: 352566K(391680K)->352590K(391680K)
[2442.415s][info ][gc,metaspace   ] GC(222) Metaspace: 83312K(84224K)->83312K(84224K) NonClass: 71292K(71808K)->71292K(71808K) Class: 12019K(12416K)->12019K(12416K)
[2442.415s][info ][gc             ] GC(222) Pause Young (Allocation Failure) 2338M->345M(2403M) 3.321ms
[2442.415s][info ][gc,cpu         ] GC(222) User=0.01s Sys=0.00s Real=0.00s
[2442.415s][info ][safepoint      ] Safepoint "ParallelGCFailedAllocation", Time since last: 11144202587 ns, Reaching safepoint: 4400 ns, Cleanup: 38800 ns, At safepoint: 3399399 ns, Total: 3442599 ns
[2453.766s][info ][gc,start       ] GC(223) Pause Young (Allocation Failure)
[2453.769s][debug][gc,phases      ] GC(223) Scavenge 3.049ms
[2453.769s][debug][gc,ref         ] GC(223) Skipped phase 1 of Reference Processing: no references
[2453.769s][debug][gc,ref         ] GC(223) ReferenceProcessor::execute queues: 1, RefProcThreadModel::Single, marks_oops_alive: false
[2453.769s][debug][gc,ref         ] GC(223) Skipped phase 3 of Reference Processing: no references
[2453.769s][debug][gc,ref         ] GC(223) Skipped phase 4 of Reference Processing: no references
[2453.769s][debug][gc,phases      ] GC(223) Reference Processing 0.088ms
[2453.769s][debug][gc,phases      ] GC(223)   VM Weak                        Min:  0.0, Avg:  0.0, Max:  0.0, Diff:  0.0, Sum:  0.0, Workers: 4
[2453.769s][debug][gc,phases      ] GC(223)     Dead                           Min: 0, Avg:  0.0, Max: 0, Diff: 0, Sum: 0, Workers: 4
[2453.769s][debug][gc,phases      ] GC(223)     Total                          Min: 0, Avg: 181.0, Max: 704, Diff: 704, Sum: 724, Workers: 4
[2453.769s][debug][gc,phases      ] GC(223)   ObjectSynchronizer Weak        Min:  0.0, Avg:  0.0, Max:  0.0, Diff:  0.0, Sum:  0.0, Workers: 4
[2453.769s][debug][gc,phases      ] GC(223)     Dead                           Min: 0, Avg:  0.0, Max: 0, Diff: 0, Sum: 0, Workers: 4
[2453.769s][debug][gc,phases      ] GC(223)     Total                          Min: 0, Avg:  1.2, Max: 5, Diff: 5, Sum: 5, Workers: 4
[2453.769s][debug][gc,phases      ] GC(223)   JVMTI Tag Weak OopStorage      Min:  0.0, Avg:  0.0, Max:  0.0, Diff:  0.0, Sum:  0.0, Workers: 4
[2453.769s][debug][gc,phases      ] GC(223)     Dead                           Min: 0, Avg:  0.0, Max: 0, Diff: 0, Sum: 0, Workers: 4
[2453.769s][debug][gc,phases      ] GC(223)     Total                          Min: 0, Avg:  0.0, Max: 0, Diff: 0, Sum: 0, Workers: 4
[2453.769s][debug][gc,phases      ] GC(223)   StringTable Weak               Min:  0.0, Avg:  0.1, Max:  0.2, Diff:  0.2, Sum:  0.3, Workers: 4
[2453.770s][debug][gc,phases      ] GC(223)     Dead                           Min: 0, Avg:  0.0, Max: 0, Diff: 0, Sum: 0, Workers: 4
[2453.770s][debug][gc,phases      ] GC(223)     Total                          Min: 0, Avg: 10926.2, Max: 26105, Diff: 26105, Sum: 43705, Workers: 4
[2453.770s][debug][gc,phases      ] GC(223)   ResolvedMethodTable Weak       Min:  0.0, Avg:  0.0, Max:  0.0, Diff:  0.0, Sum:  0.1, Workers: 4
[2453.770s][debug][gc,phases      ] GC(223)     Dead                           Min: 0, Avg:  0.0, Max: 0, Diff: 0, Sum: 0, Workers: 4
[2453.770s][debug][gc,phases      ] GC(223)     Total                          Min: 0, Avg: 2439.8, Max: 5983, Diff: 5983, Sum: 9759, Workers: 4
[2453.770s][debug][gc,phases      ] GC(223)   JNI Weak                       Min:  0.0, Avg:  0.0, Max:  0.0, Diff:  0.0, Sum:  0.0, Workers: 4
[2453.770s][debug][gc,phases      ] GC(223)     Dead                           Min: 0, Avg:  0.0, Max: 0, Diff: 0, Sum: 0, Workers: 4
[2453.770s][debug][gc,phases      ] GC(223)     Total                          Min: 0, Avg: 11.2, Max: 45, Diff: 45, Sum: 45, Workers: 4
[2453.770s][debug][gc,phases      ] GC(223)   StringDedup Table Weak         Min:  0.0, Avg:  0.0, Max:  0.0, Diff:  0.0, Sum:  0.0, Workers: 4
[2453.770s][debug][gc,phases      ] GC(223)     Dead                           Min: 0, Avg:  0.0, Max: 0, Diff: 0, Sum: 0, Workers: 4
[2453.770s][debug][gc,phases      ] GC(223)     Total                          Min: 0, Avg:  0.0, Max: 0, Diff: 0, Sum: 0, Workers: 4
[2453.770s][debug][gc,phases      ] GC(223)   StringDedup Requests0 Weak     Min:  0.0, Avg:  0.0, Max:  0.0, Diff:  0.0, Sum:  0.0, Workers: 4
[2453.770s][debug][gc,phases      ] GC(223)     Dead                           Min: 0, Avg:  0.0, Max: 0, Diff: 0, Sum: 0, Workers: 4
[2453.770s][debug][gc,phases      ] GC(223)     Total                          Min: 0, Avg:  0.0, Max: 0, Diff: 0, Sum: 0, Workers: 4
[2453.770s][debug][gc,phases      ] GC(223)   StringDedup Requests1 Weak     Min:  0.0, Avg:  0.0, Max:  0.0, Diff:  0.0, Sum:  0.0, Workers: 4
[2453.770s][debug][gc,phases      ] GC(223)     Dead                           Min: 0, Avg:  0.0, Max: 0, Diff: 0, Sum: 0, Workers: 4
[2453.770s][debug][gc,phases      ] GC(223)     Total                          Min: 0, Avg:  0.0, Max: 0, Diff: 0, Sum: 0, Workers: 4
[2453.770s][debug][gc,phases      ] GC(223)   Weak JFR Old Object Samples    Min:  0.0, Avg:  0.0, Max:  0.0, Diff:  0.0, Sum:  0.0, Workers: 4
[2453.770s][debug][gc,phases      ] GC(223)     Dead                           Min: 0, Avg:  0.0, Max: 0, Diff: 0, Sum: 0, Workers: 4
[2453.770s][debug][gc,phases      ] GC(223)     Total                          Min: 0, Avg:  0.0, Max: 0, Diff: 0, Sum: 0, Workers: 4
[2453.770s][debug][gc,phases      ] GC(223) Weak Processing 0.361ms
[2453.770s][debug][gc,age         ] GC(223) Desired survivor size 27787264 bytes, new threshold 15 (max threshold 15)
[2453.770s][info ][gc,heap        ] GC(223) PSYoungGen: 2042208K(2068992K)->1248K(2070016K) Eden: 2040832K(2040832K)->0K(2042368K) From: 1376K(28160K)->1248K(27648K)
[2453.770s][info ][gc,heap        ] GC(223) ParOldGen: 352590K(391680K)->352614K(391680K)
[2453.770s][info ][gc,metaspace   ] GC(223) Metaspace: 83313K(84224K)->83313K(84224K) NonClass: 71293K(71808K)->71293K(71808K) Class: 12019K(12416K)->12019K(12416K)
[2453.770s][info ][gc             ] GC(223) Pause Young (Allocation Failure) 2338M->345M(2404M) 3.595ms
[2453.770s][info ][gc,cpu         ] GC(223) User=0.01s Sys=0.00s Real=0.01s
[2453.770s][info ][safepoint      ] Safepoint "ParallelGCFailedAllocation", Time since last: 11351117600 ns, Reaching safepoint: 4600 ns, Cleanup: 19300 ns, At safepoint: 3658499 ns, Total: 3682399 ns
[2455.770s][info ][safepoint      ] Safepoint "Cleanup", Time since last: 2000146870 ns, Reaching safepoint: 4400 ns, Cleanup: 25100 ns, At safepoint: 3200 ns, Total: 32700 ns
[2464.314s][info ][gc,start       ] GC(224) Pause Young (Allocation Failure)
[2464.317s][debug][gc,phases      ] GC(224) Scavenge 2.844ms
[2464.317s][debug][gc,ref         ] GC(224) Skipped phase 1 of Reference Processing: no references
[2464.317s][debug][gc,ref         ] GC(224) ReferenceProcessor::execute queues: 1, RefProcThreadModel::Single, marks_oops_alive: false
[2464.317s][debug][gc,ref         ] GC(224) Skipped phase 3 of Reference Processing: no references
[2464.317s][debug][gc,ref         ] GC(224) Skipped phase 4 of Reference Processing: no references
[2464.317s][debug][gc,phases      ] GC(224) Reference Processing 0.102ms
[2464.317s][debug][gc,phases      ] GC(224)   VM Weak                        Min:  0.0, Avg:  0.0, Max:  0.0, Diff:  0.0, Sum:  0.0, Workers: 4
[2464.317s][debug][gc,phases      ] GC(224)     Dead                           Min: 0, Avg:  0.0, Max: 0, Diff: 0, Sum: 0, Workers: 4
[2464.317s][debug][gc,phases      ] GC(224)     Total                          Min: 0, Avg: 181.0, Max: 724, Diff: 724, Sum: 724, Workers: 4
[2464.317s][debug][gc,phases      ] GC(224)   ObjectSynchronizer Weak        Min:  0.0, Avg:  0.0, Max:  0.0, Diff:  0.0, Sum:  0.0, Workers: 4
[2464.317s][debug][gc,phases      ] GC(224)     Dead                           Min: 0, Avg:  0.0, Max: 0, Diff: 0, Sum: 0, Workers: 4
[2464.317s][debug][gc,phases      ] GC(224)     Total                          Min: 0, Avg:  1.2, Max: 5, Diff: 5, Sum: 5, Workers: 4
[2464.317s][debug][gc,phases      ] GC(224)   JVMTI Tag Weak OopStorage      Min:  0.0, Avg:  0.0, Max:  0.0, Diff:  0.0, Sum:  0.0, Workers: 4
[2464.317s][debug][gc,phases      ] GC(224)     Dead                           Min: 0, Avg:  0.0, Max: 0, Diff: 0, Sum: 0, Workers: 4
[2464.317s][debug][gc,phases      ] GC(224)     Total                          Min: 0, Avg:  0.0, Max: 0, Diff: 0, Sum: 0, Workers: 4
[2464.317s][debug][gc,phases      ] GC(224)   StringTable Weak               Min:  0.0, Avg:  0.1, Max:  0.2, Diff:  0.2, Sum:  0.3, Workers: 4
[2464.317s][debug][gc,phases      ] GC(224)     Dead                           Min: 0, Avg:  0.0, Max: 0, Diff: 0, Sum: 0, Workers: 4
[2464.317s][debug][gc,phases      ] GC(224)     Total                          Min: 0, Avg: 10926.2, Max: 26304, Diff: 26304, Sum: 43705, Workers: 4
[2464.317s][debug][gc,phases      ] GC(224)   ResolvedMethodTable Weak       Min:  0.0, Avg:  0.0, Max:  0.0, Diff:  0.0, Sum:  0.1, Workers: 4
[2464.317s][debug][gc,phases      ] GC(224)     Dead                           Min: 0, Avg:  0.0, Max: 0, Diff: 0, Sum: 0, Workers: 4
[2464.317s][debug][gc,phases      ] GC(224)     Total                          Min: 0, Avg: 2439.8, Max: 5727, Diff: 5727, Sum: 9759, Workers: 4
[2464.317s][debug][gc,phases      ] GC(224)   JNI Weak                       Min:  0.0, Avg:  0.0, Max:  0.0, Diff:  0.0, Sum:  0.0, Workers: 4
[2464.317s][debug][gc,phases      ] GC(224)     Dead                           Min: 0, Avg:  0.0, Max: 0, Diff: 0, Sum: 0, Workers: 4
[2464.317s][debug][gc,phases      ] GC(224)     Total                          Min: 0, Avg: 11.2, Max: 45, Diff: 45, Sum: 45, Workers: 4
[2464.317s][debug][gc,phases      ] GC(224)   StringDedup Table Weak         Min:  0.0, Avg:  0.0, Max:  0.0, Diff:  0.0, Sum:  0.0, Workers: 4
[2464.317s][debug][gc,phases      ] GC(224)     Dead                           Min: 0, Avg:  0.0, Max: 0, Diff: 0, Sum: 0, Workers: 4
[2464.317s][debug][gc,phases      ] GC(224)     Total                          Min: 0, Avg:  0.0, Max: 0, Diff: 0, Sum: 0, Workers: 4
[2464.317s][debug][gc,phases      ] GC(224)   StringDedup Requests0 Weak     Min:  0.0, Avg:  0.0, Max:  0.0, Diff:  0.0, Sum:  0.0, Workers: 4
[2464.317s][debug][gc,phases      ] GC(224)     Dead                           Min: 0, Avg:  0.0, Max: 0, Diff: 0, Sum: 0, Workers: 4
[2464.317s][debug][gc,phases      ] GC(224)     Total                          Min: 0, Avg:  0.0, Max: 0, Diff: 0, Sum: 0, Workers: 4
[2464.317s][debug][gc,phases      ] GC(224)   StringDedup Requests1 Weak     Min:  0.0, Avg:  0.0, Max:  0.0, Diff:  0.0, Sum:  0.0, Workers: 4
[2464.317s][debug][gc,phases      ] GC(224)     Dead                           Min: 0, Avg:  0.0, Max: 0, Diff: 0, Sum: 0, Workers: 4
[2464.317s][debug][gc,phases      ] GC(224)     Total                          Min: 0, Avg:  0.0, Max: 0, Diff: 0, Sum: 0, Workers: 4
[2464.317s][debug][gc,phases      ] GC(224)   Weak JFR Old Object Samples    Min:  0.0, Avg:  0.0, Max:  0.0, Diff:  0.0, Sum:  0.0, Workers: 4
[2464.317s][debug][gc,phases      ] GC(224)     Dead                           Min: 0, Avg:  0.0, Max: 0, Diff: 0, Sum: 0, Workers: 4
[2464.317s][debug][gc,phases      ] GC(224)     Total                          Min: 0, Avg:  0.0, Max: 0, Diff: 0, Sum: 0, Workers: 4
[2464.317s][debug][gc,phases      ] GC(224) Weak Processing 0.369ms
[2464.317s][debug][gc,age         ] GC(224) Desired survivor size 27262976 bytes, new threshold 15 (max threshold 15)
[2464.317s][info ][gc,heap        ] GC(224) PSYoungGen: 2043616K(2070016K)->1392K(2069504K) Eden: 2042368K(2042368K)->0K(2042368K) From: 1248K(27648K)->1392K(27136K)
[2464.317s][info ][gc,heap        ] GC(224) ParOldGen: 352614K(391680K)->352638K(391680K)
[2464.317s][info ][gc,metaspace   ] GC(224) Metaspace: 83314K(84224K)->83314K(84224K) NonClass: 71294K(71808K)->71294K(71808K) Class: 12019K(12416K)->12019K(12416K)
[2464.317s][info ][gc             ] GC(224) Pause Young (Allocation Failure) 2340M->345M(2403M) 3.413ms
[2464.317s][info ][gc,cpu         ] GC(224) User=0.01s Sys=0.00s Real=0.00s
[2464.317s][info ][safepoint      ] Safepoint "ParallelGCFailedAllocation", Time since last: 8543724547 ns, Reaching safepoint: 76700 ns, Cleanup: 29700 ns, At safepoint: 3482199 ns, Total: 3588599 ns
[2470.318s][info ][safepoint      ] Safepoint "Cleanup", Time since last: 6000486767 ns, Reaching safepoint: 5100 ns, Cleanup: 36700 ns, At safepoint: 2600 ns, Total: 44400 ns
[2471.318s][info ][safepoint      ] Safepoint "Cleanup", Time since last: 1000113789 ns, Reaching safepoint: 154900 ns, Cleanup: 47700 ns, At safepoint: 13800 ns, Total: 216400 ns
[2475.311s][info ][gc,start       ] GC(225) Pause Young (Allocation Failure)
[2475.319s][debug][gc,phases      ] GC(225) Scavenge 8.148ms
[2475.320s][debug][gc,ref         ] GC(225) Skipped phase 1 of Reference Processing: no references
[2475.320s][debug][gc,ref         ] GC(225) ReferenceProcessor::execute queues: 1, RefProcThreadModel::Single, marks_oops_alive: false
[2475.320s][debug][gc,ref         ] GC(225) Skipped phase 3 of Reference Processing: no references
[2475.320s][debug][gc,ref         ] GC(225) ReferenceProcessor::execute queues: 1, RefProcThreadModel::Single, marks_oops_alive: false
[2475.320s][debug][gc,phases      ] GC(225) Reference Processing 0.100ms
[2475.320s][debug][gc,phases      ] GC(225)   VM Weak                        Min:  0.0, Avg:  0.0, Max:  0.0, Diff:  0.0, Sum:  0.0, Workers: 4
[2475.320s][debug][gc,phases      ] GC(225)     Dead                           Min: 0, Avg:  0.0, Max: 0, Diff: 0, Sum: 0, Workers: 4
[2475.320s][debug][gc,phases      ] GC(225)     Total                          Min: 0, Avg: 181.0, Max: 404, Diff: 404, Sum: 724, Workers: 4
[2475.320s][debug][gc,phases      ] GC(225)   ObjectSynchronizer Weak        Min:  0.0, Avg:  0.0, Max:  0.0, Diff:  0.0, Sum:  0.0, Workers: 4
[2475.320s][debug][gc,phases      ] GC(225)     Dead                           Min: 0, Avg:  0.0, Max: 0, Diff: 0, Sum: 0, Workers: 4
[2475.320s][debug][gc,phases      ] GC(225)     Total                          Min: 0, Avg:  1.8, Max: 7, Diff: 7, Sum: 7, Workers: 4
[2475.320s][debug][gc,phases      ] GC(225)   JVMTI Tag Weak OopStorage      Min:  0.0, Avg:  0.0, Max:  0.0, Diff:  0.0, Sum:  0.0, Workers: 4
[2475.320s][debug][gc,phases      ] GC(225)     Dead                           Min: 0, Avg:  0.0, Max: 0, Diff: 0, Sum: 0, Workers: 4
[2475.320s][debug][gc,phases      ] GC(225)     Total                          Min: 0, Avg:  0.0, Max: 0, Diff: 0, Sum: 0, Workers: 4
[2475.320s][debug][gc,phases      ] GC(225)   StringTable Weak               Min:  0.0, Avg:  0.1, Max:  0.2, Diff:  0.2, Sum:  0.3, Workers: 4
[2475.320s][debug][gc,phases      ] GC(225)     Dead                           Min: 0, Avg:  0.0, Max: 0, Diff: 0, Sum: 0, Workers: 4
[2475.320s][debug][gc,phases      ] GC(225)     Total                          Min: 0, Avg: 10927.2, Max: 27072, Diff: 27072, Sum: 43709, Workers: 4
[2475.320s][debug][gc,phases      ] GC(225)   ResolvedMethodTable Weak       Min:  0.0, Avg:  0.0, Max:  0.0, Diff:  0.0, Sum:  0.1, Workers: 4
[2475.320s][debug][gc,phases      ] GC(225)     Dead                           Min: 0, Avg:  0.0, Max: 0, Diff: 0, Sum: 0, Workers: 4
[2475.320s][debug][gc,phases      ] GC(225)     Total                          Min: 0, Avg: 2439.8, Max: 6111, Diff: 6111, Sum: 9759, Workers: 4
[2475.320s][debug][gc,phases      ] GC(225)   JNI Weak                       Min:  0.0, Avg:  0.0, Max:  0.0, Diff:  0.0, Sum:  0.0, Workers: 4
[2475.320s][debug][gc,phases      ] GC(225)     Dead                           Min: 0, Avg:  0.0, Max: 0, Diff: 0, Sum: 0, Workers: 4
[2475.320s][debug][gc,phases      ] GC(225)     Total                          Min: 0, Avg: 11.2, Max: 45, Diff: 45, Sum: 45, Workers: 4
[2475.320s][debug][gc,phases      ] GC(225)   StringDedup Table Weak         Min:  0.0, Avg:  0.0, Max:  0.0, Diff:  0.0, Sum:  0.0, Workers: 4
[2475.320s][debug][gc,phases      ] GC(225)     Dead                           Min: 0, Avg:  0.0, Max: 0, Diff: 0, Sum: 0, Workers: 4
[2475.320s][debug][gc,phases      ] GC(225)     Total                          Min: 0, Avg:  0.0, Max: 0, Diff: 0, Sum: 0, Workers: 4
[2475.320s][debug][gc,phases      ] GC(225)   StringDedup Requests0 Weak     Min:  0.0, Avg:  0.0, Max:  0.0, Diff:  0.0, Sum:  0.0, Workers: 4
[2475.320s][debug][gc,phases      ] GC(225)     Dead                           Min: 0, Avg:  0.0, Max: 0, Diff: 0, Sum: 0, Workers: 4
[2475.320s][debug][gc,phases      ] GC(225)     Total                          Min: 0, Avg:  0.0, Max: 0, Diff: 0, Sum: 0, Workers: 4
[2475.320s][debug][gc,phases      ] GC(225)   StringDedup Requests1 Weak     Min:  0.0, Avg:  0.0, Max:  0.0, Diff:  0.0, Sum:  0.0, Workers: 4
[2475.320s][debug][gc,phases      ] GC(225)     Dead                           Min: 0, Avg:  0.0, Max: 0, Diff: 0, Sum: 0, Workers: 4
[2475.320s][debug][gc,phases      ] GC(225)     Total                          Min: 0, Avg:  0.0, Max: 0, Diff: 0, Sum: 0, Workers: 4
[2475.320s][debug][gc,phases      ] GC(225)   Weak JFR Old Object Samples    Min:  0.0, Avg:  0.0, Max:  0.0, Diff:  0.0, Sum:  0.0, Workers: 4
[2475.320s][debug][gc,phases      ] GC(225)     Dead                           Min: 0, Avg:  0.0, Max: 0, Diff: 0, Sum: 0, Workers: 4
[2475.320s][debug][gc,phases      ] GC(225)     Total                          Min: 0, Avg:  0.0, Max: 0, Diff: 0, Sum: 0, Workers: 4
[2475.320s][debug][gc,phases      ] GC(225) Weak Processing 0.388ms
[2475.320s][debug][gc,age         ] GC(225) Desired survivor size 26214400 bytes, new threshold 15 (max threshold 15)
[2475.320s][info ][gc,heap        ] GC(225) PSYoungGen: 2043760K(2069504K)->1776K(2071552K) Eden: 2042368K(2042368K)->0K(2044928K) From: 1392K(27136K)->1776K(26624K)
[2475.320s][info ][gc,heap        ] GC(225) ParOldGen: 352638K(391680K)->352654K(391680K)
[2475.320s][info ][gc,metaspace   ] GC(225) Metaspace: 83322K(84224K)->83322K(84224K) NonClass: 71302K(71808K)->71302K(71808K) Class: 12019K(12416K)->12019K(12416K)
[2475.320s][info ][gc             ] GC(225) Pause Young (Allocation Failure) 2340M->346M(2405M) 8.749ms
[2475.320s][info ][gc,cpu         ] GC(225) User=0.02s Sys=0.00s Real=0.01s
[2475.320s][info ][safepoint      ] Safepoint "ParallelGCFailedAllocation", Time since last: 3993249657 ns, Reaching safepoint: 6300 ns, Cleanup: 21500 ns, At safepoint: 8816798 ns, Total: 8844598 ns
[2488.321s][info ][safepoint      ] Safepoint "Cleanup", Time since last: 13000800349 ns, Reaching safepoint: 4700 ns, Cleanup: 37300 ns, At safepoint: 2700 ns, Total: 44700 ns
[2488.410s][info ][gc,start       ] GC(226) Pause Young (Allocation Failure)
[2488.413s][debug][gc,phases      ] GC(226) Scavenge 3.190ms
[2488.413s][debug][gc,ref         ] GC(226) Skipped phase 1 of Reference Processing: no references
[2488.413s][debug][gc,ref         ] GC(226) ReferenceProcessor::execute queues: 1, RefProcThreadModel::Single, marks_oops_alive: false
[2488.413s][debug][gc,ref         ] GC(226) Skipped phase 3 of Reference Processing: no references
[2488.413s][debug][gc,ref         ] GC(226) ReferenceProcessor::execute queues: 1, RefProcThreadModel::Single, marks_oops_alive: false
[2488.413s][debug][gc,phases      ] GC(226) Reference Processing 0.091ms
[2488.413s][debug][gc,phases      ] GC(226)   VM Weak                        Min:  0.0, Avg:  0.0, Max:  0.0, Diff:  0.0, Sum:  0.0, Workers: 4
[2488.413s][debug][gc,phases      ] GC(226)     Dead                           Min: 0, Avg:  0.0, Max: 0, Diff: 0, Sum: 0, Workers: 4
[2488.413s][debug][gc,phases      ] GC(226)     Total                          Min: 0, Avg: 181.0, Max: 640, Diff: 640, Sum: 724, Workers: 4
[2488.413s][debug][gc,phases      ] GC(226)   ObjectSynchronizer Weak        Min:  0.0, Avg:  0.0, Max:  0.0, Diff:  0.0, Sum:  0.0, Workers: 4
[2488.413s][debug][gc,phases      ] GC(226)     Dead                           Min: 0, Avg:  0.0, Max: 0, Diff: 0, Sum: 0, Workers: 4
[2488.413s][debug][gc,phases      ] GC(226)     Total                          Min: 0, Avg:  1.8, Max: 7, Diff: 7, Sum: 7, Workers: 4
[2488.413s][debug][gc,phases      ] GC(226)   JVMTI Tag Weak OopStorage      Min:  0.0, Avg:  0.0, Max:  0.0, Diff:  0.0, Sum:  0.0, Workers: 4
[2488.413s][debug][gc,phases      ] GC(226)     Dead                           Min: 0, Avg:  0.0, Max: 0, Diff: 0, Sum: 0, Workers: 4
[2488.413s][debug][gc,phases      ] GC(226)     Total                          Min: 0, Avg:  0.0, Max: 0, Diff: 0, Sum: 0, Workers: 4
[2488.413s][debug][gc,phases      ] GC(226)   StringTable Weak               Min:  0.0, Avg:  0.1, Max:  0.1, Diff:  0.1, Sum:  0.4, Workers: 4
[2488.413s][debug][gc,phases      ] GC(226)     Dead                           Min: 0, Avg:  0.0, Max: 0, Diff: 0, Sum: 0, Workers: 4
[2488.413s][debug][gc,phases      ] GC(226)     Total                          Min: 0, Avg: 10927.2, Max: 14781, Diff: 14781, Sum: 43709, Workers: 4
[2488.413s][debug][gc,phases      ] GC(226)   ResolvedMethodTable Weak       Min:  0.0, Avg:  0.0, Max:  0.0, Diff:  0.0, Sum:  0.1, Workers: 4
[2488.413s][debug][gc,phases      ] GC(226)     Dead                           Min: 0, Avg:  0.0, Max: 0, Diff: 0, Sum: 0, Workers: 4
[2488.413s][debug][gc,phases      ] GC(226)     Total                          Min: 0, Avg: 2439.8, Max: 3615, Diff: 3615, Sum: 9759, Workers: 4
[2488.413s][debug][gc,phases      ] GC(226)   JNI Weak                       Min:  0.0, Avg:  0.0, Max:  0.0, Diff:  0.0, Sum:  0.0, Workers: 4
[2488.413s][debug][gc,phases      ] GC(226)     Dead                           Min: 0, Avg:  0.0, Max: 0, Diff: 0, Sum: 0, Workers: 4
[2488.413s][debug][gc,phases      ] GC(226)     Total                          Min: 0, Avg: 11.2, Max: 45, Diff: 45, Sum: 45, Workers: 4
[2488.413s][debug][gc,phases      ] GC(226)   StringDedup Table Weak         Min:  0.0, Avg:  0.0, Max:  0.0, Diff:  0.0, Sum:  0.0, Workers: 4
[2488.413s][debug][gc,phases      ] GC(226)     Dead                           Min: 0, Avg:  0.0, Max: 0, Diff: 0, Sum: 0, Workers: 4
[2488.413s][debug][gc,phases      ] GC(226)     Total                          Min: 0, Avg:  0.0, Max: 0, Diff: 0, Sum: 0, Workers: 4
[2488.413s][debug][gc,phases      ] GC(226)   StringDedup Requests0 Weak     Min:  0.0, Avg:  0.0, Max:  0.0, Diff:  0.0, Sum:  0.0, Workers: 4
[2488.413s][debug][gc,phases      ] GC(226)     Dead                           Min: 0, Avg:  0.0, Max: 0, Diff: 0, Sum: 0, Workers: 4
[2488.413s][debug][gc,phases      ] GC(226)     Total                          Min: 0, Avg:  0.0, Max: 0, Diff: 0, Sum: 0, Workers: 4
[2488.413s][debug][gc,phases      ] GC(226)   StringDedup Requests1 Weak     Min:  0.0, Avg:  0.0, Max:  0.0, Diff:  0.0, Sum:  0.0, Workers: 4
[2488.413s][debug][gc,phases      ] GC(226)     Dead                           Min: 0, Avg:  0.0, Max: 0, Diff: 0, Sum: 0, Workers: 4
[2488.413s][debug][gc,phases      ] GC(226)     Total                          Min: 0, Avg:  0.0, Max: 0, Diff: 0, Sum: 0, Workers: 4
[2488.413s][debug][gc,phases      ] GC(226)   Weak JFR Old Object Samples    Min:  0.0, Avg:  0.0, Max:  0.0, Diff:  0.0, Sum:  0.0, Workers: 4
[2488.413s][debug][gc,phases      ] GC(226)     Dead                           Min: 0, Avg:  0.0, Max: 0, Diff: 0, Sum: 0, Workers: 4
[2488.413s][debug][gc,phases      ] GC(226)     Total                          Min: 0, Avg:  0.0, Max: 0, Diff: 0, Sum: 0, Workers: 4
[2488.413s][debug][gc,phases      ] GC(226) Weak Processing 0.327ms
[2488.413s][debug][gc,age         ] GC(226) Desired survivor size 25165824 bytes, new threshold 15 (max threshold 15)
[2488.413s][info ][gc,heap        ] GC(226) PSYoungGen: 2046704K(2071552K)->1760K(2070528K) Eden: 2044928K(2044928K)->0K(2044928K) From: 1776K(26624K)->1760K(25600K)
[2488.413s][info ][gc,heap        ] GC(226) ParOldGen: 352654K(391680K)->352662K(391680K)
[2488.413s][info ][gc,metaspace   ] GC(226) Metaspace: 83322K(84224K)->83322K(84224K) NonClass: 71302K(71808K)->71302K(71808K) Class: 12019K(12416K)->12019K(12416K)
[2488.413s][info ][gc             ] GC(226) Pause Young (Allocation Failure) 2343M->346M(2404M) 3.697ms
[2488.413s][info ][gc,cpu         ] GC(226) User=0.01s Sys=0.00s Real=0.00s
[2488.413s][info ][safepoint      ] Safepoint "ParallelGCFailedAllocation", Time since last: 88744583 ns, Reaching safepoint: 4200 ns, Cleanup: 22700 ns, At safepoint: 3759499 ns, Total: 3786399 ns
[2493.414s][info ][safepoint      ] Safepoint "Cleanup", Time since last: 5000374573 ns, Reaching safepoint: 6200 ns, Cleanup: 43900 ns, At safepoint: 5200 ns, Total: 55300 ns
[2499.414s][info ][safepoint      ] Safepoint "Cleanup", Time since last: 6000478154 ns, Reaching safepoint: 6000 ns, Cleanup: 34600 ns, At safepoint: 2800 ns, Total: 43400 ns
[2500.415s][info ][safepoint      ] Safepoint "Cleanup", Time since last: 1000115509 ns, Reaching safepoint: 73000 ns, Cleanup: 32600 ns, At safepoint: 5600 ns, Total: 111200 ns
[2501.616s][info ][gc,start       ] GC(227) Pause Young (Allocation Failure)
[2501.620s][debug][gc,phases      ] GC(227) Scavenge 3.433ms
[2501.620s][debug][gc,ref         ] GC(227) Skipped phase 1 of Reference Processing: no references
[2501.620s][debug][gc,ref         ] GC(227) ReferenceProcessor::execute queues: 1, RefProcThreadModel::Single, marks_oops_alive: false
[2501.620s][debug][gc,ref         ] GC(227) Skipped phase 3 of Reference Processing: no references
[2501.620s][debug][gc,ref         ] GC(227) ReferenceProcessor::execute queues: 1, RefProcThreadModel::Single, marks_oops_alive: false
[2501.620s][debug][gc,phases      ] GC(227) Reference Processing 0.083ms
[2501.620s][debug][gc,phases      ] GC(227)   VM Weak                        Min:  0.0, Avg:  0.0, Max:  0.0, Diff:  0.0, Sum:  0.0, Workers: 4
[2501.620s][debug][gc,phases      ] GC(227)     Dead                           Min: 0, Avg:  0.0, Max: 0, Diff: 0, Sum: 0, Workers: 4
[2501.620s][debug][gc,phases      ] GC(227)     Total                          Min: 0, Avg: 181.0, Max: 448, Diff: 448, Sum: 724, Workers: 4
[2501.620s][debug][gc,phases      ] GC(227)   ObjectSynchronizer Weak        Min:  0.0, Avg:  0.0, Max:  0.0, Diff:  0.0, Sum:  0.0, Workers: 4
[2501.620s][debug][gc,phases      ] GC(227)     Dead                           Min: 0, Avg:  0.0, Max: 0, Diff: 0, Sum: 0, Workers: 4
[2501.620s][debug][gc,phases      ] GC(227)     Total                          Min: 0, Avg:  1.8, Max: 7, Diff: 7, Sum: 7, Workers: 4
[2501.620s][debug][gc,phases      ] GC(227)   JVMTI Tag Weak OopStorage      Min:  0.0, Avg:  0.0, Max:  0.0, Diff:  0.0, Sum:  0.0, Workers: 4
[2501.620s][debug][gc,phases      ] GC(227)     Dead                           Min: 0, Avg:  0.0, Max: 0, Diff: 0, Sum: 0, Workers: 4
[2501.620s][debug][gc,phases      ] GC(227)     Total                          Min: 0, Avg:  0.0, Max: 0, Diff: 0, Sum: 0, Workers: 4
[2501.620s][debug][gc,phases      ] GC(227)   StringTable Weak               Min:  0.0, Avg:  0.1, Max:  0.2, Diff:  0.2, Sum:  0.4, Workers: 4
[2501.620s][debug][gc,phases      ] GC(227)     Dead                           Min: 0, Avg:  0.0, Max: 0, Diff: 0, Sum: 0, Workers: 4
[2501.620s][debug][gc,phases      ] GC(227)     Total                          Min: 0, Avg: 10927.2, Max: 21888, Diff: 21888, Sum: 43709, Workers: 4
[2501.620s][debug][gc,phases      ] GC(227)   ResolvedMethodTable Weak       Min:  0.0, Avg:  0.0, Max:  0.1, Diff:  0.1, Sum:  0.1, Workers: 4
[2501.620s][debug][gc,phases      ] GC(227)     Dead                           Min: 0, Avg:  0.0, Max: 0, Diff: 0, Sum: 0, Workers: 4
[2501.620s][debug][gc,phases      ] GC(227)     Total                          Min: 0, Avg: 2439.8, Max: 4575, Diff: 4575, Sum: 9759, Workers: 4
[2501.620s][debug][gc,phases      ] GC(227)   JNI Weak                       Min:  0.0, Avg:  0.0, Max:  0.0, Diff:  0.0, Sum:  0.0, Workers: 4
[2501.620s][debug][gc,phases      ] GC(227)     Dead                           Min: 0, Avg:  0.0, Max: 0, Diff: 0, Sum: 0, Workers: 4
[2501.620s][debug][gc,phases      ] GC(227)     Total                          Min: 0, Avg: 11.2, Max: 45, Diff: 45, Sum: 45, Workers: 4
[2501.620s][debug][gc,phases      ] GC(227)   StringDedup Table Weak         Min:  0.0, Avg:  0.0, Max:  0.0, Diff:  0.0, Sum:  0.0, Workers: 4
[2501.620s][debug][gc,phases      ] GC(227)     Dead                           Min: 0, Avg:  0.0, Max: 0, Diff: 0, Sum: 0, Workers: 4
[2501.620s][debug][gc,phases      ] GC(227)     Total                          Min: 0, Avg:  0.0, Max: 0, Diff: 0, Sum: 0, Workers: 4
[2501.620s][debug][gc,phases      ] GC(227)   StringDedup Requests0 Weak     Min:  0.0, Avg:  0.0, Max:  0.0, Diff:  0.0, Sum:  0.0, Workers: 4
[2501.620s][debug][gc,phases      ] GC(227)     Dead                           Min: 0, Avg:  0.0, Max: 0, Diff: 0, Sum: 0, Workers: 4
[2501.620s][debug][gc,phases      ] GC(227)     Total                          Min: 0, Avg:  0.0, Max: 0, Diff: 0, Sum: 0, Workers: 4
[2501.620s][debug][gc,phases      ] GC(227)   StringDedup Requests1 Weak     Min:  0.0, Avg:  0.0, Max:  0.0, Diff:  0.0, Sum:  0.0, Workers: 4
[2501.620s][debug][gc,phases      ] GC(227)     Dead                           Min: 0, Avg:  0.0, Max: 0, Diff: 0, Sum: 0, Workers: 4
[2501.620s][debug][gc,phases      ] GC(227)     Total                          Min: 0, Avg:  0.0, Max: 0, Diff: 0, Sum: 0, Workers: 4
[2501.620s][debug][gc,phases      ] GC(227)   Weak JFR Old Object Samples    Min:  0.0, Avg:  0.0, Max:  0.0, Diff:  0.0, Sum:  0.0, Workers: 4
[2501.620s][debug][gc,phases      ] GC(227)     Dead                           Min: 0, Avg:  0.0, Max: 0, Diff: 0, Sum: 0, Workers: 4
[2501.620s][debug][gc,phases      ] GC(227)     Total                          Min: 0, Avg:  0.0, Max: 0, Diff: 0, Sum: 0, Workers: 4
[2501.620s][debug][gc,phases      ] GC(227) Weak Processing 0.417ms
[2501.620s][debug][gc,age         ] GC(227) Desired survivor size 24117248 bytes, new threshold 15 (max threshold 15)
[2501.620s][info ][gc,heap        ] GC(227) PSYoungGen: 2046688K(2070528K)->2032K(2073600K) Eden: 2044928K(2044928K)->0K(2049024K) From: 1760K(25600K)->2032K(24576K)
[2501.620s][info ][gc,heap        ] GC(227) ParOldGen: 352662K(391680K)->352694K(391680K)
[2501.620s][info ][gc,metaspace   ] GC(227) Metaspace: 83322K(84224K)->83322K(84224K) NonClass: 71302K(71808K)->71302K(71808K) Class: 12019K(12416K)->12019K(12416K)
[2501.620s][info ][gc             ] GC(227) Pause Young (Allocation Failure) 2343M->346M(2407M) 4.017ms
[2501.620s][info ][gc,cpu         ] GC(227) User=0.01s Sys=0.00s Real=0.01s
[2501.620s][info ][safepoint      ] Safepoint "ParallelGCFailedAllocation", Time since last: 1201328017 ns, Reaching safepoint: 73100 ns, Cleanup: 22800 ns, At safepoint: 4080399 ns, Total: 4176299 ns
[2503.620s][info ][safepoint      ] Safepoint "Cleanup", Time since last: 2000149956 ns, Reaching safepoint: 77600 ns, Cleanup: 28400 ns, At safepoint: 14900 ns, Total: 120900 ns
[2506.621s][info ][safepoint      ] Safepoint "Cleanup", Time since last: 3000229335 ns, Reaching safepoint: 4900 ns, Cleanup: 36600 ns, At safepoint: 2400 ns, Total: 43900 ns
[2514.510s][info ][gc,start       ] GC(228) Pause Young (Allocation Failure)
[2514.514s][debug][gc,phases      ] GC(228) Scavenge 3.753ms
[2514.514s][debug][gc,ref         ] GC(228) Skipped phase 1 of Reference Processing: no references
[2514.514s][debug][gc,ref         ] GC(228) ReferenceProcessor::execute queues: 1, RefProcThreadModel::Single, marks_oops_alive: false
[2514.514s][debug][gc,ref         ] GC(228) Skipped phase 3 of Reference Processing: no references
[2514.514s][debug][gc,ref         ] GC(228) ReferenceProcessor::execute queues: 1, RefProcThreadModel::Single, marks_oops_alive: false
[2514.514s][debug][gc,phases      ] GC(228) Reference Processing 0.110ms
[2514.514s][debug][gc,phases      ] GC(228)   VM Weak                        Min:  0.0, Avg:  0.0, Max:  0.0, Diff:  0.0, Sum:  0.0, Workers: 4
[2514.514s][debug][gc,phases      ] GC(228)     Dead                           Min: 0, Avg:  0.0, Max: 0, Diff: 0, Sum: 0, Workers: 4
[2514.514s][debug][gc,phases      ] GC(228)     Total                          Min: 0, Avg: 181.0, Max: 532, Diff: 532, Sum: 724, Workers: 4
[2514.514s][debug][gc,phases      ] GC(228)   ObjectSynchronizer Weak        Min:  0.0, Avg:  0.0, Max:  0.0, Diff:  0.0, Sum:  0.0, Workers: 4
[2514.514s][debug][gc,phases      ] GC(228)     Dead                           Min: 0, Avg:  0.0, Max: 0, Diff: 0, Sum: 0, Workers: 4
[2514.514s][debug][gc,phases      ] GC(228)     Total                          Min: 0, Avg:  1.8, Max: 7, Diff: 7, Sum: 7, Workers: 4
[2514.514s][debug][gc,phases      ] GC(228)   JVMTI Tag Weak OopStorage      Min:  0.0, Avg:  0.0, Max:  0.0, Diff:  0.0, Sum:  0.0, Workers: 4
[2514.514s][debug][gc,phases      ] GC(228)     Dead                           Min: 0, Avg:  0.0, Max: 0, Diff: 0, Sum: 0, Workers: 4
[2514.514s][debug][gc,phases      ] GC(228)     Total                          Min: 0, Avg:  0.0, Max: 0, Diff: 0, Sum: 0, Workers: 4
[2514.514s][debug][gc,phases      ] GC(228)   StringTable Weak               Min:  0.0, Avg:  0.1, Max:  0.1, Diff:  0.1, Sum:  0.4, Workers: 4
[2514.514s][debug][gc,phases      ] GC(228)     Dead                           Min: 0, Avg:  0.0, Max: 0, Diff: 0, Sum: 0, Workers: 4
[2514.514s][debug][gc,phases      ] GC(228)     Total                          Min: 0, Avg: 10930.0, Max: 15040, Diff: 15040, Sum: 43720, Workers: 4
[2514.514s][debug][gc,phases      ] GC(228)   ResolvedMethodTable Weak       Min:  0.0, Avg:  0.0, Max:  0.0, Diff:  0.0, Sum:  0.1, Workers: 4
[2514.514s][debug][gc,phases      ] GC(228)     Dead                           Min: 0, Avg:  0.0, Max: 0, Diff: 0, Sum: 0, Workers: 4
[2514.514s][debug][gc,phases      ] GC(228)     Total                          Min: 0, Avg: 2439.8, Max: 3264, Diff: 3264, Sum: 9759, Workers: 4
[2514.514s][debug][gc,phases      ] GC(228)   JNI Weak                       Min:  0.0, Avg:  0.0, Max:  0.0, Diff:  0.0, Sum:  0.0, Workers: 4
[2514.514s][debug][gc,phases      ] GC(228)     Dead                           Min: 0, Avg:  0.0, Max: 0, Diff: 0, Sum: 0, Workers: 4
[2514.514s][debug][gc,phases      ] GC(228)     Total                          Min: 0, Avg: 11.2, Max: 45, Diff: 45, Sum: 45, Workers: 4
[2514.514s][debug][gc,phases      ] GC(228)   StringDedup Table Weak         Min:  0.0, Avg:  0.0, Max:  0.0, Diff:  0.0, Sum:  0.0, Workers: 4
[2514.514s][debug][gc,phases      ] GC(228)     Dead                           Min: 0, Avg:  0.0, Max: 0, Diff: 0, Sum: 0, Workers: 4
[2514.514s][debug][gc,phases      ] GC(228)     Total                          Min: 0, Avg:  0.0, Max: 0, Diff: 0, Sum: 0, Workers: 4
[2514.514s][debug][gc,phases      ] GC(228)   StringDedup Requests0 Weak     Min:  0.0, Avg:  0.0, Max:  0.0, Diff:  0.0, Sum:  0.0, Workers: 4
[2514.514s][debug][gc,phases      ] GC(228)     Dead                           Min: 0, Avg:  0.0, Max: 0, Diff: 0, Sum: 0, Workers: 4
[2514.514s][debug][gc,phases      ] GC(228)     Total                          Min: 0, Avg:  0.0, Max: 0, Diff: 0, Sum: 0, Workers: 4
[2514.514s][debug][gc,phases      ] GC(228)   StringDedup Requests1 Weak     Min:  0.0, Avg:  0.0, Max:  0.0, Diff:  0.0, Sum:  0.0, Workers: 4
[2514.514s][debug][gc,phases      ] GC(228)     Dead                           Min: 0, Avg:  0.0, Max: 0, Diff: 0, Sum: 0, Workers: 4
[2514.514s][debug][gc,phases      ] GC(228)     Total                          Min: 0, Avg:  0.0, Max: 0, Diff: 0, Sum: 0, Workers: 4
[2514.514s][debug][gc,phases      ] GC(228)   Weak JFR Old Object Samples    Min:  0.0, Avg:  0.0, Max:  0.0, Diff:  0.0, Sum:  0.0, Workers: 4
[2514.514s][debug][gc,phases      ] GC(228)     Dead                           Min: 0, Avg:  0.0, Max: 0, Diff: 0, Sum: 0, Workers: 4
[2514.514s][debug][gc,phases      ] GC(228)     Total                          Min: 0, Avg:  0.0, Max: 0, Diff: 0, Sum: 0, Workers: 4
[2514.514s][debug][gc,phases      ] GC(228) Weak Processing 0.424ms
[2514.514s][debug][gc,age         ] GC(228) Desired survivor size 23068672 bytes, new threshold 15 (max threshold 15)
[2514.514s][info ][gc,heap        ] GC(228) PSYoungGen: 2051056K(2073600K)->1856K(2072576K) Eden: 2049024K(2049024K)->0K(2049024K) From: 2032K(24576K)->1856K(23552K)
[2514.514s][info ][gc,heap        ] GC(228) ParOldGen: 352694K(391680K)->352718K(391680K)
[2514.514s][info ][gc,metaspace   ] GC(228) Metaspace: 83329K(84224K)->83329K(84224K) NonClass: 71309K(71808K)->71309K(71808K) Class: 12019K(12416K)->12019K(12416K)
[2514.514s][info ][gc             ] GC(228) Pause Young (Allocation Failure) 2347M->346M(2406M) 4.428ms
[2514.514s][info ][gc,cpu         ] GC(228) User=0.01s Sys=0.00s Real=0.00s
[2514.514s][info ][safepoint      ] Safepoint "ParallelGCFailedAllocation", Time since last: 7889069963 ns, Reaching safepoint: 6000 ns, Cleanup: 20600 ns, At safepoint: 4506200 ns, Total: 4532800 ns
[2520.435s][info ][safepoint      ] Safepoint "Cleanup", Time since last: 5920687878 ns, Reaching safepoint: 5100 ns, Cleanup: 44900 ns, At safepoint: 2400 ns, Total: 52400 ns
[2525.692s][info ][safepoint      ] Safepoint "Cleanup", Time since last: 5257315522 ns, Reaching safepoint: 5900 ns, Cleanup: 40700 ns, At safepoint: 2400 ns, Total: 49000 ns
[2528.013s][info ][gc,start       ] GC(229) Pause Young (Allocation Failure)
[2528.016s][debug][gc,phases      ] GC(229) Scavenge 3.546ms
[2528.016s][debug][gc,ref         ] GC(229) Skipped phase 1 of Reference Processing: no references
[2528.016s][debug][gc,ref         ] GC(229) ReferenceProcessor::execute queues: 1, RefProcThreadModel::Single, marks_oops_alive: false
[2528.016s][debug][gc,ref         ] GC(229) Skipped phase 3 of Reference Processing: no references
[2528.016s][debug][gc,ref         ] GC(229) Skipped phase 4 of Reference Processing: no references
[2528.016s][debug][gc,phases      ] GC(229) Reference Processing 0.088ms
[2528.017s][debug][gc,phases      ] GC(229)   VM Weak                        Min:  0.0, Avg:  0.0, Max:  0.0, Diff:  0.0, Sum:  0.0, Workers: 4
[2528.017s][debug][gc,phases      ] GC(229)     Dead                           Min: 0, Avg:  0.0, Max: 0, Diff: 0, Sum: 0, Workers: 4
[2528.017s][debug][gc,phases      ] GC(229)     Total                          Min: 0, Avg: 181.0, Max: 468, Diff: 468, Sum: 724, Workers: 4
[2528.017s][debug][gc,phases      ] GC(229)   ObjectSynchronizer Weak        Min:  0.0, Avg:  0.0, Max:  0.0, Diff:  0.0, Sum:  0.0, Workers: 4
[2528.017s][debug][gc,phases      ] GC(229)     Dead                           Min: 0, Avg:  0.0, Max: 0, Diff: 0, Sum: 0, Workers: 4
[2528.017s][debug][gc,phases      ] GC(229)     Total                          Min: 0, Avg:  1.2, Max: 5, Diff: 5, Sum: 5, Workers: 4
[2528.017s][debug][gc,phases      ] GC(229)   JVMTI Tag Weak OopStorage      Min:  0.0, Avg:  0.0, Max:  0.0, Diff:  0.0, Sum:  0.0, Workers: 4
[2528.017s][debug][gc,phases      ] GC(229)     Dead                           Min: 0, Avg:  0.0, Max: 0, Diff: 0, Sum: 0, Workers: 4
[2528.017s][debug][gc,phases      ] GC(229)     Total                          Min: 0, Avg:  0.0, Max: 0, Diff: 0, Sum: 0, Workers: 4
[2528.017s][debug][gc,phases      ] GC(229)   StringTable Weak               Min:  0.0, Avg:  0.1, Max:  0.2, Diff:  0.2, Sum:  0.3, Workers: 4
[2528.017s][debug][gc,phases      ] GC(229)     Dead                           Min: 0, Avg:  0.0, Max: 0, Diff: 0, Sum: 0, Workers: 4
[2528.017s][debug][gc,phases      ] GC(229)     Total                          Min: 0, Avg: 10930.0, Max: 26504, Diff: 26504, Sum: 43720, Workers: 4
[2528.017s][debug][gc,phases      ] GC(229)   ResolvedMethodTable Weak       Min:  0.0, Avg:  0.0, Max:  0.0, Diff:  0.0, Sum:  0.1, Workers: 4
[2528.017s][debug][gc,phases      ] GC(229)     Dead                           Min: 0, Avg:  0.0, Max: 0, Diff: 0, Sum: 0, Workers: 4
[2528.017s][debug][gc,phases      ] GC(229)     Total                          Min: 0, Avg: 2439.8, Max: 5727, Diff: 5727, Sum: 9759, Workers: 4
[2528.017s][debug][gc,phases      ] GC(229)   JNI Weak                       Min:  0.0, Avg:  0.0, Max:  0.0, Diff:  0.0, Sum:  0.0, Workers: 4
[2528.017s][debug][gc,phases      ] GC(229)     Dead                           Min: 0, Avg:  0.0, Max: 0, Diff: 0, Sum: 0, Workers: 4
[2528.017s][debug][gc,phases      ] GC(229)     Total                          Min: 0, Avg: 11.2, Max: 45, Diff: 45, Sum: 45, Workers: 4
[2528.017s][debug][gc,phases      ] GC(229)   StringDedup Table Weak         Min:  0.0, Avg:  0.0, Max:  0.0, Diff:  0.0, Sum:  0.0, Workers: 4
[2528.017s][debug][gc,phases      ] GC(229)     Dead                           Min: 0, Avg:  0.0, Max: 0, Diff: 0, Sum: 0, Workers: 4
[2528.017s][debug][gc,phases      ] GC(229)     Total                          Min: 0, Avg:  0.0, Max: 0, Diff: 0, Sum: 0, Workers: 4
[2528.017s][debug][gc,phases      ] GC(229)   StringDedup Requests0 Weak     Min:  0.0, Avg:  0.0, Max:  0.0, Diff:  0.0, Sum:  0.0, Workers: 4
[2528.017s][debug][gc,phases      ] GC(229)     Dead                           Min: 0, Avg:  0.0, Max: 0, Diff: 0, Sum: 0, Workers: 4
[2528.017s][debug][gc,phases      ] GC(229)     Total                          Min: 0, Avg:  0.0, Max: 0, Diff: 0, Sum: 0, Workers: 4
[2528.017s][debug][gc,phases      ] GC(229)   StringDedup Requests1 Weak     Min:  0.0, Avg:  0.0, Max:  0.0, Diff:  0.0, Sum:  0.0, Workers: 4
[2528.017s][debug][gc,phases      ] GC(229)     Dead                           Min: 0, Avg:  0.0, Max: 0, Diff: 0, Sum: 0, Workers: 4
[2528.017s][debug][gc,phases      ] GC(229)     Total                          Min: 0, Avg:  0.0, Max: 0, Diff: 0, Sum: 0, Workers: 4
[2528.017s][debug][gc,phases      ] GC(229)   Weak JFR Old Object Samples    Min:  0.0, Avg:  0.0, Max:  0.0, Diff:  0.0, Sum:  0.0, Workers: 4
[2528.017s][debug][gc,phases      ] GC(229)     Dead                           Min: 0, Avg:  0.0, Max: 0, Diff: 0, Sum: 0, Workers: 4
[2528.017s][debug][gc,phases      ] GC(229)     Total                          Min: 0, Avg:  0.0, Max: 0, Diff: 0, Sum: 0, Workers: 4
[2528.017s][debug][gc,phases      ] GC(229) Weak Processing 0.358ms
[2528.017s][debug][gc,age         ] GC(229) Desired survivor size 22020096 bytes, new threshold 15 (max threshold 15)
[2528.017s][info ][gc,heap        ] GC(229) PSYoungGen: 2050880K(2072576K)->1856K(2075648K) Eden: 2049024K(2049024K)->0K(2053120K) From: 1856K(23552K)->1856K(22528K)
[2528.017s][info ][gc,heap        ] GC(229) ParOldGen: 352718K(391680K)->352734K(391680K)
[2528.017s][info ][gc,metaspace   ] GC(229) Metaspace: 83330K(84224K)->83330K(84224K) NonClass: 71310K(71808K)->71310K(71808K) Class: 12019K(12416K)->12019K(12416K)
[2528.017s][info ][gc             ] GC(229) Pause Young (Allocation Failure) 2347M->346M(2409M) 4.088ms
[2528.017s][info ][gc,cpu         ] GC(229) User=0.01s Sys=0.00s Real=0.00s
[2528.017s][info ][safepoint      ] Safepoint "ParallelGCFailedAllocation", Time since last: 2320277732 ns, Reaching safepoint: 5200 ns, Cleanup: 36100 ns, At safepoint: 4153699 ns, Total: 4194999 ns
[2529.017s][info ][safepoint      ] Safepoint "Cleanup", Time since last: 1000084498 ns, Reaching safepoint: 80800 ns, Cleanup: 51200 ns, At safepoint: 9400 ns, Total: 141400 ns
[2530.017s][info ][safepoint      ] Safepoint "Cleanup", Time since last: 1000105499 ns, Reaching safepoint: 77500 ns, Cleanup: 40200 ns, At safepoint: 7900 ns, Total: 125600 ns
[2534.018s][info ][safepoint      ] Safepoint "Cleanup", Time since last: 4000306957 ns, Reaching safepoint: 5900 ns, Cleanup: 41400 ns, At safepoint: 6500 ns, Total: 53800 ns
[2534.166s][info ][safepoint      ] Safepoint "ParallelGCFailedAllocation", Time since last: 148414066 ns, Reaching safepoint: 77400 ns, Cleanup: 53400 ns, At safepoint: 15000 ns, Total: 145800 ns
[2534.166s][info ][gc,start       ] GC(230) Pause Young (GCLocker Initiated GC)
[2534.197s][debug][gc,phases      ] GC(230) Scavenge 30.392ms
[2534.197s][debug][gc,ref         ] GC(230) Skipped phase 1 of Reference Processing: no references
[2534.197s][debug][gc,ref         ] GC(230) ReferenceProcessor::execute queues: 1, RefProcThreadModel::Single, marks_oops_alive: false
[2534.197s][debug][gc,ref         ] GC(230) Skipped phase 3 of Reference Processing: no references
[2534.197s][debug][gc,ref         ] GC(230) ReferenceProcessor::execute queues: 1, RefProcThreadModel::Single, marks_oops_alive: false
[2534.197s][debug][gc,phases      ] GC(230) Reference Processing 0.108ms
[2534.197s][debug][gc,phases      ] GC(230)   VM Weak                        Min:  0.0, Avg:  0.0, Max:  0.0, Diff:  0.0, Sum:  0.0, Workers: 4
[2534.197s][debug][gc,phases      ] GC(230)     Dead                           Min: 0, Avg:  0.0, Max: 0, Diff: 0, Sum: 0, Workers: 4
[2534.197s][debug][gc,phases      ] GC(230)     Total                          Min: 0, Avg: 181.0, Max: 320, Diff: 320, Sum: 724, Workers: 4
[2534.197s][debug][gc,phases      ] GC(230)   ObjectSynchronizer Weak        Min:  0.0, Avg:  0.0, Max:  0.0, Diff:  0.0, Sum:  0.0, Workers: 4
[2534.197s][debug][gc,phases      ] GC(230)     Dead                           Min: 0, Avg:  0.0, Max: 0, Diff: 0, Sum: 0, Workers: 4
[2534.197s][debug][gc,phases      ] GC(230)     Total                          Min: 0, Avg:  1.2, Max: 5, Diff: 5, Sum: 5, Workers: 4
[2534.197s][debug][gc,phases      ] GC(230)   JVMTI Tag Weak OopStorage      Min:  0.0, Avg:  0.0, Max:  0.0, Diff:  0.0, Sum:  0.0, Workers: 4
[2534.197s][debug][gc,phases      ] GC(230)     Dead                           Min: 0, Avg:  0.0, Max: 0, Diff: 0, Sum: 0, Workers: 4
[2534.197s][debug][gc,phases      ] GC(230)     Total                          Min: 0, Avg:  0.0, Max: 0, Diff: 0, Sum: 0, Workers: 4
[2534.197s][debug][gc,phases      ] GC(230)   StringTable Weak               Min:  0.0, Avg:  0.1, Max:  0.1, Diff:  0.1, Sum:  0.4, Workers: 4
[2534.197s][debug][gc,phases      ] GC(230)     Dead                           Min: 0, Avg:  0.0, Max: 0, Diff: 0, Sum: 0, Workers: 4
[2534.197s][debug][gc,phases      ] GC(230)     Total                          Min: 0, Avg: 10930.0, Max: 17600, Diff: 17600, Sum: 43720, Workers: 4
[2534.197s][debug][gc,phases      ] GC(230)   ResolvedMethodTable Weak       Min:  0.0, Avg:  0.0, Max:  0.0, Diff:  0.0, Sum:  0.1, Workers: 4
[2534.197s][debug][gc,phases      ] GC(230)     Dead                           Min: 0, Avg:  0.0, Max: 0, Diff: 0, Sum: 0, Workers: 4
[2534.197s][debug][gc,phases      ] GC(230)     Total                          Min: 0, Avg: 2439.8, Max: 4288, Diff: 4288, Sum: 9759, Workers: 4
[2534.197s][debug][gc,phases      ] GC(230)   JNI Weak                       Min:  0.0, Avg:  0.0, Max:  0.0, Diff:  0.0, Sum:  0.0, Workers: 4
[2534.197s][debug][gc,phases      ] GC(230)     Dead                           Min: 0, Avg:  0.0, Max: 0, Diff: 0, Sum: 0, Workers: 4
[2534.197s][debug][gc,phases      ] GC(230)     Total                          Min: 0, Avg: 11.2, Max: 45, Diff: 45, Sum: 45, Workers: 4
[2534.197s][debug][gc,phases      ] GC(230)   StringDedup Table Weak         Min:  0.0, Avg:  0.0, Max:  0.0, Diff:  0.0, Sum:  0.0, Workers: 4
[2534.197s][debug][gc,phases      ] GC(230)     Dead                           Min: 0, Avg:  0.0, Max: 0, Diff: 0, Sum: 0, Workers: 4
[2534.197s][debug][gc,phases      ] GC(230)     Total                          Min: 0, Avg:  0.0, Max: 0, Diff: 0, Sum: 0, Workers: 4
[2534.197s][debug][gc,phases      ] GC(230)   StringDedup Requests0 Weak     Min:  0.0, Avg:  0.0, Max:  0.0, Diff:  0.0, Sum:  0.0, Workers: 4
[2534.197s][debug][gc,phases      ] GC(230)     Dead                           Min: 0, Avg:  0.0, Max: 0, Diff: 0, Sum: 0, Workers: 4
[2534.197s][debug][gc,phases      ] GC(230)     Total                          Min: 0, Avg:  0.0, Max: 0, Diff: 0, Sum: 0, Workers: 4
[2534.197s][debug][gc,phases      ] GC(230)   StringDedup Requests1 Weak     Min:  0.0, Avg:  0.0, Max:  0.0, Diff:  0.0, Sum:  0.0, Workers: 4
[2534.197s][debug][gc,phases      ] GC(230)     Dead                           Min: 0, Avg:  0.0, Max: 0, Diff: 0, Sum: 0, Workers: 4
[2534.197s][debug][gc,phases      ] GC(230)     Total                          Min: 0, Avg:  0.0, Max: 0, Diff: 0, Sum: 0, Workers: 4
[2534.197s][debug][gc,phases      ] GC(230)   Weak JFR Old Object Samples    Min:  0.0, Avg:  0.0, Max:  0.0, Diff:  0.0, Sum:  0.0, Workers: 4
[2534.197s][debug][gc,phases      ] GC(230)     Dead                           Min: 0, Avg:  0.0, Max: 0, Diff: 0, Sum: 0, Workers: 4
[2534.197s][debug][gc,phases      ] GC(230)     Total                          Min: 0, Avg:  0.0, Max: 0, Diff: 0, Sum: 0, Workers: 4
[2534.197s][debug][gc,phases      ] GC(230) Weak Processing 0.342ms
[2534.197s][debug][gc,age         ] GC(230) Desired survivor size 40894464 bytes, new threshold 14 (max threshold 15)
[2534.197s][info ][gc,heap        ] GC(230) PSYoungGen: 2054976K(2075648K)->21488K(2074624K) Eden: 2053120K(2053120K)->0K(2053120K) From: 1856K(22528K)->21488K(21504K)
[2534.197s][info ][gc,heap        ] GC(230) ParOldGen: 352734K(391680K)->390607K(391680K)
[2534.197s][info ][gc,metaspace   ] GC(230) Metaspace: 83335K(84224K)->83335K(84224K) NonClass: 71315K(71808K)->71315K(71808K) Class: 12019K(12416K)->12019K(12416K)
[2534.197s][info ][gc             ] GC(230) Pause Young (GCLocker Initiated GC) 2351M->402M(2408M) 30.946ms
[2534.197s][info ][gc,cpu         ] GC(230) User=0.11s Sys=0.00s Real=0.03s
[2534.197s][debug][gc,phases      ] GC(231) Pre Compact 0.009ms
[2534.197s][info ][gc,start       ] GC(231) Pause Full (Ergonomics)
[2534.197s][info ][gc,phases,start] GC(231) Marking Phase
[2534.304s][debug][gc,phases      ] GC(231) Par Mark 106.290ms
[2534.304s][debug][gc,ref         ] GC(231) Skipped phase 1 of Reference Processing: no references
[2534.304s][debug][gc,ref         ] GC(231) ReferenceProcessor::execute queues: 4, RefProcThreadModel::Multi, marks_oops_alive: false
[2534.305s][debug][gc,ref         ] GC(231) Skipped phase 3 of Reference Processing: no references
[2534.305s][debug][gc,ref         ] GC(231) ReferenceProcessor::execute queues: 1, RefProcThreadModel::Single, marks_oops_alive: false
[2534.305s][debug][gc,phases      ] GC(231) Reference Processing 0.917ms
[2534.305s][debug][gc,phases      ] GC(231)   VM Weak                        Min:  0.0, Avg:  0.0, Max:  0.0, Diff:  0.0, Sum:  0.0, Workers: 4
[2534.305s][debug][gc,phases      ] GC(231)     Dead                           Min: 0, Avg:  0.0, Max: 0, Diff: 0, Sum: 0, Workers: 4
[2534.305s][debug][gc,phases      ] GC(231)     Total                          Min: 0, Avg: 181.0, Max: 320, Diff: 320, Sum: 724, Workers: 4
[2534.305s][debug][gc,phases      ] GC(231)   ObjectSynchronizer Weak        Min:  0.0, Avg:  0.0, Max:  0.0, Diff:  0.0, Sum:  0.0, Workers: 4
[2534.305s][debug][gc,phases      ] GC(231)     Dead                           Min: 0, Avg:  0.0, Max: 0, Diff: 0, Sum: 0, Workers: 4
[2534.305s][debug][gc,phases      ] GC(231)     Total                          Min: 0, Avg:  1.2, Max: 5, Diff: 5, Sum: 5, Workers: 4
[2534.305s][debug][gc,phases      ] GC(231)   JVMTI Tag Weak OopStorage      Min:  0.0, Avg:  0.0, Max:  0.0, Diff:  0.0, Sum:  0.0, Workers: 4
[2534.305s][debug][gc,phases      ] GC(231)     Dead                           Min: 0, Avg:  0.0, Max: 0, Diff: 0, Sum: 0, Workers: 4
[2534.305s][debug][gc,phases      ] GC(231)     Total                          Min: 0, Avg:  0.0, Max: 0, Diff: 0, Sum: 0, Workers: 4
[2534.305s][debug][gc,phases      ] GC(231)   StringTable Weak               Min:  0.0, Avg:  0.2, Max:  0.2, Diff:  0.2, Sum:  0.6, Workers: 4
[2534.305s][debug][gc,phases      ] GC(231)     Dead                           Min: 0, Avg:  0.0, Max: 0, Diff: 0, Sum: 0, Workers: 4
[2534.305s][debug][gc,phases      ] GC(231)     Total                          Min: 0, Avg: 10930.0, Max: 16640, Diff: 16640, Sum: 43720, Workers: 4
[2534.305s][debug][gc,phases      ] GC(231)   ResolvedMethodTable Weak       Min:  0.0, Avg:  0.0, Max:  0.0, Diff:  0.0, Sum:  0.1, Workers: 4
[2534.305s][debug][gc,phases      ] GC(231)     Dead                           Min: 0, Avg:  0.0, Max: 0, Diff: 0, Sum: 0, Workers: 4
[2534.305s][debug][gc,phases      ] GC(231)     Total                          Min: 0, Avg: 2439.8, Max: 3648, Diff: 3648, Sum: 9759, Workers: 4
[2534.305s][debug][gc,phases      ] GC(231)   JNI Weak                       Min:  0.0, Avg:  0.0, Max:  0.0, Diff:  0.0, Sum:  0.0, Workers: 4
[2534.305s][debug][gc,phases      ] GC(231)     Dead                           Min: 0, Avg:  0.0, Max: 0, Diff: 0, Sum: 0, Workers: 4
[2534.305s][debug][gc,phases      ] GC(231)     Total                          Min: 0, Avg: 11.2, Max: 45, Diff: 45, Sum: 45, Workers: 4
[2534.305s][debug][gc,phases      ] GC(231)   StringDedup Table Weak         Min:  0.0, Avg:  0.0, Max:  0.0, Diff:  0.0, Sum:  0.0, Workers: 4
[2534.305s][debug][gc,phases      ] GC(231)     Dead                           Min: 0, Avg:  0.0, Max: 0, Diff: 0, Sum: 0, Workers: 4
[2534.305s][debug][gc,phases      ] GC(231)     Total                          Min: 0, Avg:  0.0, Max: 0, Diff: 0, Sum: 0, Workers: 4
[2534.305s][debug][gc,phases      ] GC(231)   StringDedup Requests0 Weak     Min:  0.0, Avg:  0.0, Max:  0.0, Diff:  0.0, Sum:  0.0, Workers: 4
[2534.305s][debug][gc,phases      ] GC(231)     Dead                           Min: 0, Avg:  0.0, Max: 0, Diff: 0, Sum: 0, Workers: 4
[2534.305s][debug][gc,phases      ] GC(231)     Total                          Min: 0, Avg:  0.0, Max: 0, Diff: 0, Sum: 0, Workers: 4
[2534.305s][debug][gc,phases      ] GC(231)   StringDedup Requests1 Weak     Min:  0.0, Avg:  0.0, Max:  0.0, Diff:  0.0, Sum:  0.0, Workers: 4
[2534.305s][debug][gc,phases      ] GC(231)     Dead                           Min: 0, Avg:  0.0, Max: 0, Diff: 0, Sum: 0, Workers: 4
[2534.305s][debug][gc,phases      ] GC(231)     Total                          Min: 0, Avg:  0.0, Max: 0, Diff: 0, Sum: 0, Workers: 4
[2534.305s][debug][gc,phases      ] GC(231)   Weak JFR Old Object Samples    Min:  0.0, Avg:  0.0, Max:  0.0, Diff:  0.0, Sum:  0.0, Workers: 4
[2534.305s][debug][gc,phases      ] GC(231)     Dead                           Min: 0, Avg:  0.0, Max: 0, Diff: 0, Sum: 0, Workers: 4
[2534.305s][debug][gc,phases      ] GC(231)     Total                          Min: 0, Avg:  0.0, Max: 0, Diff: 0, Sum: 0, Workers: 4
[2534.305s][debug][gc,phases      ] GC(231) Weak Processing 0.422ms
[2534.305s][debug][gc,phases      ] GC(231) ClassLoaderData 0.099ms
[2534.305s][debug][gc,phases      ] GC(231) Trigger cleanups 0.000ms
[2534.332s][debug][gc,phases      ] GC(231) Class Unloading 26.596ms
[2534.332s][debug][gc,phases      ] GC(231) Report Object Count 0.001ms
[2534.332s][info ][gc,phases      ] GC(231) Marking Phase 134.404ms
[2534.332s][info ][gc,phases,start] GC(231) Summary Phase
[2534.332s][info ][gc,phases      ] GC(231) Summary Phase 0.013ms
[2534.332s][info ][gc,phases,start] GC(231) Adjust Roots
[2534.343s][info ][gc,phases      ] GC(231) Adjust Roots 11.576ms
[2534.343s][info ][gc,phases,start] GC(231) Compaction Phase
[2534.447s][info ][gc,phases      ] GC(231) Compaction Phase 103.126ms
[2534.447s][info ][gc,phases,start] GC(231) Post Compact
[2534.448s][info ][gc,phases      ] GC(231) Post Compact 0.949ms
[2534.450s][info ][gc,heap        ] GC(231) PSYoungGen: 21488K(2074624K)->0K(2039808K) Eden: 0K(2053120K)->0K(2017280K) From: 21488K(21504K)->0K(22528K)
[2534.450s][info ][gc,heap        ] GC(231) ParOldGen: 390607K(391680K)->320887K(366080K)
[2534.450s][info ][gc,metaspace   ] GC(231) Metaspace: 83335K(84224K)->83335K(84224K) NonClass: 71315K(71808K)->71315K(71808K) Class: 12019K(12416K)->12019K(12416K)
[2534.450s][info ][gc             ] GC(231) Pause Full (Ergonomics) 402M->313M(2349M) 252.304ms
[2534.450s][info ][gc,cpu         ] GC(231) User=0.77s Sys=0.00s Real=0.26s
[2534.450s][info ][safepoint      ] Safepoint "ParallelGCSystemGC", Time since last: 76800 ns, Reaching safepoint: 74000 ns, Cleanup: 22600 ns, At safepoint: 283371935 ns, Total: 283468535 ns
[2545.162s][info ][gc,start       ] GC(232) Pause Young (Allocation Failure)
[2545.165s][debug][gc,phases      ] GC(232) Scavenge 2.545ms
[2545.165s][debug][gc,ref         ] GC(232) Skipped phase 1 of Reference Processing: no references
[2545.165s][debug][gc,ref         ] GC(232) Skipped phase 2 of Reference Processing: no references
[2545.165s][debug][gc,ref         ] GC(232) Skipped phase 3 of Reference Processing: no references
[2545.165s][debug][gc,ref         ] GC(232) Skipped phase 4 of Reference Processing: no references
[2545.165s][debug][gc,phases      ] GC(232) Reference Processing 0.019ms
[2545.165s][debug][gc,phases      ] GC(232)   VM Weak                        Min:  0.0, Avg:  0.0, Max:  0.0, Diff:  0.0, Sum:  0.0, Workers: 4
[2545.165s][debug][gc,phases      ] GC(232)     Dead                           Min: 0, Avg:  0.0, Max: 0, Diff: 0, Sum: 0, Workers: 4
[2545.165s][debug][gc,phases      ] GC(232)     Total                          Min: 0, Avg: 181.0, Max: 448, Diff: 448, Sum: 724, Workers: 4
[2545.165s][debug][gc,phases      ] GC(232)   ObjectSynchronizer Weak        Min:  0.0, Avg:  0.0, Max:  0.0, Diff:  0.0, Sum:  0.0, Workers: 4
[2545.165s][debug][gc,phases      ] GC(232)     Dead                           Min: 0, Avg:  0.0, Max: 0, Diff: 0, Sum: 0, Workers: 4
[2545.165s][debug][gc,phases      ] GC(232)     Total                          Min: 0, Avg:  1.2, Max: 5, Diff: 5, Sum: 5, Workers: 4
[2545.165s][debug][gc,phases      ] GC(232)   JVMTI Tag Weak OopStorage      Min:  0.0, Avg:  0.0, Max:  0.0, Diff:  0.0, Sum:  0.0, Workers: 4
[2545.165s][debug][gc,phases      ] GC(232)     Dead                           Min: 0, Avg:  0.0, Max: 0, Diff: 0, Sum: 0, Workers: 4
[2545.165s][debug][gc,phases      ] GC(232)     Total                          Min: 0, Avg:  0.0, Max: 0, Diff: 0, Sum: 0, Workers: 4
[2545.165s][debug][gc,phases      ] GC(232)   StringTable Weak               Min:  0.0, Avg:  0.1, Max:  0.2, Diff:  0.2, Sum:  0.3, Workers: 4
[2545.165s][debug][gc,phases      ] GC(232)     Dead                           Min: 0, Avg:  0.0, Max: 0, Diff: 0, Sum: 0, Workers: 4
[2545.165s][debug][gc,phases      ] GC(232)     Total                          Min: 0, Avg: 10930.0, Max: 26624, Diff: 26624, Sum: 43720, Workers: 4
[2545.165s][debug][gc,phases      ] GC(232)   ResolvedMethodTable Weak       Min:  0.0, Avg:  0.0, Max:  0.0, Diff:  0.0, Sum:  0.1, Workers: 4
[2545.165s][debug][gc,phases      ] GC(232)     Dead                           Min: 0, Avg:  0.0, Max: 0, Diff: 0, Sum: 0, Workers: 4
[2545.165s][debug][gc,phases      ] GC(232)     Total                          Min: 0, Avg: 2439.8, Max: 5760, Diff: 5760, Sum: 9759, Workers: 4
[2545.165s][debug][gc,phases      ] GC(232)   JNI Weak                       Min:  0.0, Avg:  0.0, Max:  0.0, Diff:  0.0, Sum:  0.0, Workers: 4
[2545.165s][debug][gc,phases      ] GC(232)     Dead                           Min: 0, Avg:  0.0, Max: 0, Diff: 0, Sum: 0, Workers: 4
[2545.165s][debug][gc,phases      ] GC(232)     Total                          Min: 0, Avg: 11.2, Max: 45, Diff: 45, Sum: 45, Workers: 4
[2545.165s][debug][gc,phases      ] GC(232)   StringDedup Table Weak         Min:  0.0, Avg:  0.0, Max:  0.0, Diff:  0.0, Sum:  0.0, Workers: 4
[2545.165s][debug][gc,phases      ] GC(232)     Dead                           Min: 0, Avg:  0.0, Max: 0, Diff: 0, Sum: 0, Workers: 4
[2545.165s][debug][gc,phases      ] GC(232)     Total                          Min: 0, Avg:  0.0, Max: 0, Diff: 0, Sum: 0, Workers: 4
[2545.165s][debug][gc,phases      ] GC(232)   StringDedup Requests0 Weak     Min:  0.0, Avg:  0.0, Max:  0.0, Diff:  0.0, Sum:  0.0, Workers: 4
[2545.165s][debug][gc,phases      ] GC(232)     Dead                           Min: 0, Avg:  0.0, Max: 0, Diff: 0, Sum: 0, Workers: 4
[2545.165s][debug][gc,phases      ] GC(232)     Total                          Min: 0, Avg:  0.0, Max: 0, Diff: 0, Sum: 0, Workers: 4
[2545.165s][debug][gc,phases      ] GC(232)   StringDedup Requests1 Weak     Min:  0.0, Avg:  0.0, Max:  0.0, Diff:  0.0, Sum:  0.0, Workers: 4
[2545.165s][debug][gc,phases      ] GC(232)     Dead                           Min: 0, Avg:  0.0, Max: 0, Diff: 0, Sum: 0, Workers: 4
[2545.165s][debug][gc,phases      ] GC(232)     Total                          Min: 0, Avg:  0.0, Max: 0, Diff: 0, Sum: 0, Workers: 4
[2545.165s][debug][gc,phases      ] GC(232)   Weak JFR Old Object Samples    Min:  0.0, Avg:  0.0, Max:  0.0, Diff:  0.0, Sum:  0.0, Workers: 4
[2545.165s][debug][gc,phases      ] GC(232)     Dead                           Min: 0, Avg:  0.0, Max: 0, Diff: 0, Sum: 0, Workers: 4
[2545.165s][debug][gc,phases      ] GC(232)     Total                          Min: 0, Avg:  0.0, Max: 0, Diff: 0, Sum: 0, Workers: 4
[2545.165s][debug][gc,phases      ] GC(232) Weak Processing 0.350ms
[2545.165s][debug][gc,age         ] GC(232) Desired survivor size 39321600 bytes, new threshold 15 (max threshold 15)
[2545.165s][info ][gc,heap        ] GC(232) PSYoungGen: 2017280K(2039808K)->992K(2057216K) Eden: 2017280K(2017280K)->0K(2017280K) From: 0K(22528K)->992K(39936K)
[2545.165s][info ][gc,heap        ] GC(232) ParOldGen: 320891K(366080K)->320891K(366080K)
[2545.165s][info ][gc,metaspace   ] GC(232) Metaspace: 83336K(84224K)->83336K(84224K) NonClass: 71316K(71808K)->71316K(71808K) Class: 12019K(12416K)->12019K(12416K)
[2545.165s][info ][gc             ] GC(232) Pause Young (Allocation Failure) 2283M->314M(2366M) 3.001ms
[2545.165s][info ][gc,cpu         ] GC(232) User=0.01s Sys=0.00s Real=0.00s
[2545.165s][info ][safepoint      ] Safepoint "ParallelGCFailedAllocation", Time since last: 10712092360 ns, Reaching safepoint: 6100 ns, Cleanup: 20500 ns, At safepoint: 3068199 ns, Total: 3094799 ns
[2553.166s][info ][safepoint      ] Safepoint "Cleanup", Time since last: 8000584372 ns, Reaching safepoint: 40800 ns, Cleanup: 85300 ns, At safepoint: 5100 ns, Total: 131200 ns
[2554.166s][info ][safepoint      ] Safepoint "Cleanup", Time since last: 1000107496 ns, Reaching safepoint: 41300 ns, Cleanup: 35800 ns, At safepoint: 25800 ns, Total: 102900 ns
[2556.714s][info ][gc,start       ] GC(233) Pause Young (Allocation Failure)
[2556.716s][debug][gc,phases      ] GC(233) Scavenge 2.812ms
[2556.716s][debug][gc,ref         ] GC(233) Skipped phase 1 of Reference Processing: no references
[2556.716s][debug][gc,ref         ] GC(233) Skipped phase 2 of Reference Processing: no references
[2556.716s][debug][gc,ref         ] GC(233) Skipped phase 3 of Reference Processing: no references
[2556.716s][debug][gc,ref         ] GC(233) Skipped phase 4 of Reference Processing: no references
[2556.717s][debug][gc,phases      ] GC(233) Reference Processing 0.036ms
[2556.717s][debug][gc,phases      ] GC(233)   VM Weak                        Min:  0.0, Avg:  0.0, Max:  0.0, Diff:  0.0, Sum:  0.0, Workers: 4
[2556.717s][debug][gc,phases      ] GC(233)     Dead                           Min: 0, Avg:  0.0, Max: 0, Diff: 0, Sum: 0, Workers: 4
[2556.717s][debug][gc,phases      ] GC(233)     Total                          Min: 0, Avg: 181.0, Max: 576, Diff: 576, Sum: 724, Workers: 4
[2556.717s][debug][gc,phases      ] GC(233)   ObjectSynchronizer Weak        Min:  0.0, Avg:  0.0, Max:  0.0, Diff:  0.0, Sum:  0.0, Workers: 4
[2556.717s][debug][gc,phases      ] GC(233)     Dead                           Min: 0, Avg:  0.0, Max: 0, Diff: 0, Sum: 0, Workers: 4
[2556.717s][debug][gc,phases      ] GC(233)     Total                          Min: 0, Avg:  1.2, Max: 5, Diff: 5, Sum: 5, Workers: 4
[2556.717s][debug][gc,phases      ] GC(233)   JVMTI Tag Weak OopStorage      Min:  0.0, Avg:  0.0, Max:  0.0, Diff:  0.0, Sum:  0.0, Workers: 4
[2556.717s][debug][gc,phases      ] GC(233)     Dead                           Min: 0, Avg:  0.0, Max: 0, Diff: 0, Sum: 0, Workers: 4
[2556.717s][debug][gc,phases      ] GC(233)     Total                          Min: 0, Avg:  0.0, Max: 0, Diff: 0, Sum: 0, Workers: 4
[2556.717s][debug][gc,phases      ] GC(233)   StringTable Weak               Min:  0.0, Avg:  0.1, Max:  0.1, Diff:  0.1, Sum:  0.4, Workers: 4
[2556.717s][debug][gc,phases      ] GC(233)     Dead                           Min: 0, Avg:  0.0, Max: 0, Diff: 0, Sum: 0, Workers: 4
[2556.717s][debug][gc,phases      ] GC(233)     Total                          Min: 0, Avg: 10930.0, Max: 16392, Diff: 16392, Sum: 43720, Workers: 4
[2556.717s][debug][gc,phases      ] GC(233)   ResolvedMethodTable Weak       Min:  0.0, Avg:  0.0, Max:  0.0, Diff:  0.0, Sum:  0.1, Workers: 4
[2556.717s][debug][gc,phases      ] GC(233)     Dead                           Min: 0, Avg:  0.0, Max: 0, Diff: 0, Sum: 0, Workers: 4
[2556.717s][debug][gc,phases      ] GC(233)     Total                          Min: 0, Avg: 2439.8, Max: 3456, Diff: 3456, Sum: 9759, Workers: 4
[2556.717s][debug][gc,phases      ] GC(233)   JNI Weak                       Min:  0.0, Avg:  0.0, Max:  0.0, Diff:  0.0, Sum:  0.0, Workers: 4
[2556.717s][debug][gc,phases      ] GC(233)     Dead                           Min: 0, Avg:  0.0, Max: 0, Diff: 0, Sum: 0, Workers: 4
[2556.717s][debug][gc,phases      ] GC(233)     Total                          Min: 0, Avg: 11.2, Max: 45, Diff: 45, Sum: 45, Workers: 4
[2556.717s][debug][gc,phases      ] GC(233)   StringDedup Table Weak         Min:  0.0, Avg:  0.0, Max:  0.0, Diff:  0.0, Sum:  0.0, Workers: 4
[2556.717s][debug][gc,phases      ] GC(233)     Dead                           Min: 0, Avg:  0.0, Max: 0, Diff: 0, Sum: 0, Workers: 4
[2556.717s][debug][gc,phases      ] GC(233)     Total                          Min: 0, Avg:  0.0, Max: 0, Diff: 0, Sum: 0, Workers: 4
[2556.717s][debug][gc,phases      ] GC(233)   StringDedup Requests0 Weak     Min:  0.0, Avg:  0.0, Max:  0.0, Diff:  0.0, Sum:  0.0, Workers: 4
[2556.717s][debug][gc,phases      ] GC(233)     Dead                           Min: 0, Avg:  0.0, Max: 0, Diff: 0, Sum: 0, Workers: 4
[2556.717s][debug][gc,phases      ] GC(233)     Total                          Min: 0, Avg:  0.0, Max: 0, Diff: 0, Sum: 0, Workers: 4
[2556.717s][debug][gc,phases      ] GC(233)   StringDedup Requests1 Weak     Min:  0.0, Avg:  0.0, Max:  0.0, Diff:  0.0, Sum:  0.0, Workers: 4
[2556.717s][debug][gc,phases      ] GC(233)     Dead                           Min: 0, Avg:  0.0, Max: 0, Diff: 0, Sum: 0, Workers: 4
[2556.717s][debug][gc,phases      ] GC(233)     Total                          Min: 0, Avg:  0.0, Max: 0, Diff: 0, Sum: 0, Workers: 4
[2556.717s][debug][gc,phases      ] GC(233)   Weak JFR Old Object Samples    Min:  0.0, Avg:  0.0, Max:  0.0, Diff:  0.0, Sum:  0.0, Workers: 4
[2556.717s][debug][gc,phases      ] GC(233)     Dead                           Min: 0, Avg:  0.0, Max: 0, Diff: 0, Sum: 0, Workers: 4
[2556.717s][debug][gc,phases      ] GC(233)     Total                          Min: 0, Avg:  0.0, Max: 0, Diff: 0, Sum: 0, Workers: 4
[2556.717s][debug][gc,phases      ] GC(233) Weak Processing 0.349ms
[2556.717s][debug][gc,age         ] GC(233) Desired survivor size 38273024 bytes, new threshold 15 (max threshold 15)
[2556.717s][info ][gc,heap        ] GC(233) PSYoungGen: 2018272K(2057216K)->1120K(2059776K) Eden: 2017280K(2017280K)->0K(2021376K) From: 992K(39936K)->1120K(38400K)
[2556.717s][info ][gc,heap        ] GC(233) ParOldGen: 320891K(366080K)->320891K(366080K)
[2556.717s][info ][gc,metaspace   ] GC(233) Metaspace: 83336K(84224K)->83336K(84224K) NonClass: 71316K(71808K)->71316K(71808K) Class: 12019K(12416K)->12019K(12416K)
[2556.717s][info ][gc             ] GC(233) Pause Young (Allocation Failure) 2284M->314M(2369M) 3.287ms
[2556.717s][info ][gc,cpu         ] GC(233) User=0.00s Sys=0.00s Real=0.00s
[2556.717s][info ][safepoint      ] Safepoint "ParallelGCFailedAllocation", Time since last: 2547641683 ns, Reaching safepoint: 4200 ns, Cleanup: 27100 ns, At safepoint: 3349499 ns, Total: 3380799 ns
[2567.510s][info ][gc,start       ] GC(234) Pause Young (Allocation Failure)
[2567.513s][debug][gc,phases      ] GC(234) Scavenge 2.361ms
[2567.513s][debug][gc,ref         ] GC(234) Skipped phase 1 of Reference Processing: no references
[2567.513s][debug][gc,ref         ] GC(234) Skipped phase 2 of Reference Processing: no references
[2567.513s][debug][gc,ref         ] GC(234) Skipped phase 3 of Reference Processing: no references
[2567.513s][debug][gc,ref         ] GC(234) Skipped phase 4 of Reference Processing: no references
[2567.513s][debug][gc,phases      ] GC(234) Reference Processing 0.019ms
[2567.513s][debug][gc,phases      ] GC(234)   VM Weak                        Min:  0.0, Avg:  0.0, Max:  0.0, Diff:  0.0, Sum:  0.0, Workers: 4
[2567.513s][debug][gc,phases      ] GC(234)     Dead                           Min: 0, Avg:  0.0, Max: 0, Diff: 0, Sum: 0, Workers: 4
[2567.513s][debug][gc,phases      ] GC(234)     Total                          Min: 0, Avg: 181.0, Max: 724, Diff: 724, Sum: 724, Workers: 4
[2567.513s][debug][gc,phases      ] GC(234)   ObjectSynchronizer Weak        Min:  0.0, Avg:  0.0, Max:  0.0, Diff:  0.0, Sum:  0.0, Workers: 4
[2567.513s][debug][gc,phases      ] GC(234)     Dead                           Min: 0, Avg:  0.0, Max: 0, Diff: 0, Sum: 0, Workers: 4
[2567.513s][debug][gc,phases      ] GC(234)     Total                          Min: 0, Avg:  1.2, Max: 5, Diff: 5, Sum: 5, Workers: 4
[2567.513s][debug][gc,phases      ] GC(234)   JVMTI Tag Weak OopStorage      Min:  0.0, Avg:  0.0, Max:  0.0, Diff:  0.0, Sum:  0.0, Workers: 4
[2567.513s][debug][gc,phases      ] GC(234)     Dead                           Min: 0, Avg:  0.0, Max: 0, Diff: 0, Sum: 0, Workers: 4
[2567.513s][debug][gc,phases      ] GC(234)     Total                          Min: 0, Avg:  0.0, Max: 0, Diff: 0, Sum: 0, Workers: 4
[2567.513s][debug][gc,phases      ] GC(234)   StringTable Weak               Min:  0.0, Avg:  0.1, Max:  0.2, Diff:  0.2, Sum:  0.3, Workers: 4
[2567.513s][debug][gc,phases      ] GC(234)     Dead                           Min: 0, Avg:  0.0, Max: 0, Diff: 0, Sum: 0, Workers: 4
[2567.513s][debug][gc,phases      ] GC(234)     Total                          Min: 0, Avg: 10930.0, Max: 28032, Diff: 28032, Sum: 43720, Workers: 4
[2567.513s][debug][gc,phases      ] GC(234)   ResolvedMethodTable Weak       Min:  0.0, Avg:  0.0, Max:  0.0, Diff:  0.0, Sum:  0.1, Workers: 4
[2567.513s][debug][gc,phases      ] GC(234)     Dead                           Min: 0, Avg:  0.0, Max: 0, Diff: 0, Sum: 0, Workers: 4
[2567.513s][debug][gc,phases      ] GC(234)     Total                          Min: 0, Avg: 2439.8, Max: 5919, Diff: 5919, Sum: 9759, Workers: 4
[2567.513s][debug][gc,phases      ] GC(234)   JNI Weak                       Min:  0.0, Avg:  0.0, Max:  0.0, Diff:  0.0, Sum:  0.0, Workers: 4
[2567.513s][debug][gc,phases      ] GC(234)     Dead                           Min: 0, Avg:  0.0, Max: 0, Diff: 0, Sum: 0, Workers: 4
[2567.513s][debug][gc,phases      ] GC(234)     Total                          Min: 0, Avg: 11.2, Max: 45, Diff: 45, Sum: 45, Workers: 4
[2567.513s][debug][gc,phases      ] GC(234)   StringDedup Table Weak         Min:  0.0, Avg:  0.0, Max:  0.0, Diff:  0.0, Sum:  0.0, Workers: 4
[2567.513s][debug][gc,phases      ] GC(234)     Dead                           Min: 0, Avg:  0.0, Max: 0, Diff: 0, Sum: 0, Workers: 4
[2567.513s][debug][gc,phases      ] GC(234)     Total                          Min: 0, Avg:  0.0, Max: 0, Diff: 0, Sum: 0, Workers: 4
[2567.513s][debug][gc,phases      ] GC(234)   StringDedup Requests0 Weak     Min:  0.0, Avg:  0.0, Max:  0.0, Diff:  0.0, Sum:  0.0, Workers: 4
[2567.513s][debug][gc,phases      ] GC(234)     Dead                           Min: 0, Avg:  0.0, Max: 0, Diff: 0, Sum: 0, Workers: 4
[2567.513s][debug][gc,phases      ] GC(234)     Total                          Min: 0, Avg:  0.0, Max: 0, Diff: 0, Sum: 0, Workers: 4
[2567.513s][debug][gc,phases      ] GC(234)   StringDedup Requests1 Weak     Min:  0.0, Avg:  0.0, Max:  0.0, Diff:  0.0, Sum:  0.0, Workers: 4
[2567.513s][debug][gc,phases      ] GC(234)     Dead                           Min: 0, Avg:  0.0, Max: 0, Diff: 0, Sum: 0, Workers: 4
[2567.513s][debug][gc,phases      ] GC(234)     Total                          Min: 0, Avg:  0.0, Max: 0, Diff: 0, Sum: 0, Workers: 4
[2567.513s][debug][gc,phases      ] GC(234)   Weak JFR Old Object Samples    Min:  0.0, Avg:  0.0, Max:  0.0, Diff:  0.0, Sum:  0.0, Workers: 4
[2567.513s][debug][gc,phases      ] GC(234)     Dead                           Min: 0, Avg:  0.0, Max: 0, Diff: 0, Sum: 0, Workers: 4
[2567.513s][debug][gc,phases      ] GC(234)     Total                          Min: 0, Avg:  0.0, Max: 0, Diff: 0, Sum: 0, Workers: 4
[2567.513s][debug][gc,phases      ] GC(234) Weak Processing 0.382ms
[2567.513s][debug][gc,age         ] GC(234) Desired survivor size 36700160 bytes, new threshold 15 (max threshold 15)
[2567.513s][info ][gc,heap        ] GC(234) PSYoungGen: 2022496K(2059776K)->1152K(2058752K) Eden: 2021376K(2021376K)->0K(2021376K) From: 1120K(38400K)->1152K(37376K)
[2567.513s][info ][gc,heap        ] GC(234) ParOldGen: 320891K(366080K)->320891K(366080K)
[2567.513s][info ][gc,metaspace   ] GC(234) Metaspace: 83336K(84224K)->83336K(84224K) NonClass: 71316K(71808K)->71316K(71808K) Class: 12019K(12416K)->12019K(12416K)
[2567.513s][info ][gc             ] GC(234) Pause Young (Allocation Failure) 2288M->314M(2368M) 2.858ms
[2567.513s][info ][gc,cpu         ] GC(234) User=0.00s Sys=0.00s Real=0.00s
[2567.513s][info ][safepoint      ] Safepoint "ParallelGCFailedAllocation", Time since last: 10793142425 ns, Reaching safepoint: 77600 ns, Cleanup: 27000 ns, At safepoint: 2926100 ns, Total: 3030700 ns
[2574.514s][info ][safepoint      ] Safepoint "Cleanup", Time since last: 7000564032 ns, Reaching safepoint: 78000 ns, Cleanup: 33400 ns, At safepoint: 25400 ns, Total: 136800 ns
[2578.514s][info ][safepoint      ] Safepoint "Cleanup", Time since last: 4000306932 ns, Reaching safepoint: 71100 ns, Cleanup: 35000 ns, At safepoint: 2700 ns, Total: 108800 ns
[2578.593s][info ][gc,start       ] GC(235) Pause Young (Allocation Failure)
[2578.596s][debug][gc,phases      ] GC(235) Scavenge 2.923ms
[2578.596s][debug][gc,ref         ] GC(235) Skipped phase 1 of Reference Processing: no references
[2578.596s][debug][gc,ref         ] GC(235) Skipped phase 2 of Reference Processing: no references
[2578.596s][debug][gc,ref         ] GC(235) Skipped phase 3 of Reference Processing: no references
[2578.596s][debug][gc,ref         ] GC(235) Skipped phase 4 of Reference Processing: no references
[2578.596s][debug][gc,phases      ] GC(235) Reference Processing 0.021ms
[2578.596s][debug][gc,phases      ] GC(235)   VM Weak                        Min:  0.0, Avg:  0.0, Max:  0.0, Diff:  0.0, Sum:  0.0, Workers: 4
[2578.596s][debug][gc,phases      ] GC(235)     Dead                           Min: 0, Avg:  0.0, Max: 0, Diff: 0, Sum: 0, Workers: 4
[2578.596s][debug][gc,phases      ] GC(235)     Total                          Min: 0, Avg: 181.0, Max: 660, Diff: 660, Sum: 724, Workers: 4
[2578.596s][debug][gc,phases      ] GC(235)   ObjectSynchronizer Weak        Min:  0.0, Avg:  0.0, Max:  0.0, Diff:  0.0, Sum:  0.0, Workers: 4
[2578.596s][debug][gc,phases      ] GC(235)     Dead                           Min: 0, Avg:  0.0, Max: 0, Diff: 0, Sum: 0, Workers: 4
[2578.596s][debug][gc,phases      ] GC(235)     Total                          Min: 0, Avg:  1.2, Max: 5, Diff: 5, Sum: 5, Workers: 4
[2578.596s][debug][gc,phases      ] GC(235)   JVMTI Tag Weak OopStorage      Min:  0.0, Avg:  0.0, Max:  0.0, Diff:  0.0, Sum:  0.0, Workers: 4
[2578.596s][debug][gc,phases      ] GC(235)     Dead                           Min: 0, Avg:  0.0, Max: 0, Diff: 0, Sum: 0, Workers: 4
[2578.596s][debug][gc,phases      ] GC(235)     Total                          Min: 0, Avg:  0.0, Max: 0, Diff: 0, Sum: 0, Workers: 4
[2578.596s][debug][gc,phases      ] GC(235)   StringTable Weak               Min:  0.0, Avg:  0.1, Max:  0.1, Diff:  0.1, Sum:  0.4, Workers: 4
[2578.596s][debug][gc,phases      ] GC(235)     Dead                           Min: 0, Avg:  0.0, Max: 0, Diff: 0, Sum: 0, Workers: 4
[2578.596s][debug][gc,phases      ] GC(235)     Total                          Min: 0, Avg: 10930.0, Max: 19400, Diff: 19400, Sum: 43720, Workers: 4
[2578.596s][debug][gc,phases      ] GC(235)   ResolvedMethodTable Weak       Min:  0.0, Avg:  0.0, Max:  0.0, Diff:  0.0, Sum:  0.1, Workers: 4
[2578.596s][debug][gc,phases      ] GC(235)     Dead                           Min: 0, Avg:  0.0, Max: 0, Diff: 0, Sum: 0, Workers: 4
[2578.596s][debug][gc,phases      ] GC(235)     Total                          Min: 0, Avg: 2439.8, Max: 4255, Diff: 4255, Sum: 9759, Workers: 4
[2578.596s][debug][gc,phases      ] GC(235)   JNI Weak                       Min:  0.0, Avg:  0.0, Max:  0.0, Diff:  0.0, Sum:  0.0, Workers: 4
[2578.596s][debug][gc,phases      ] GC(235)     Dead                           Min: 0, Avg:  0.0, Max: 0, Diff: 0, Sum: 0, Workers: 4
[2578.596s][debug][gc,phases      ] GC(235)     Total                          Min: 0, Avg: 11.2, Max: 45, Diff: 45, Sum: 45, Workers: 4
[2578.596s][debug][gc,phases      ] GC(235)   StringDedup Table Weak         Min:  0.0, Avg:  0.0, Max:  0.0, Diff:  0.0, Sum:  0.0, Workers: 4
[2578.596s][debug][gc,phases      ] GC(235)     Dead                           Min: 0, Avg:  0.0, Max: 0, Diff: 0, Sum: 0, Workers: 4
[2578.596s][debug][gc,phases      ] GC(235)     Total                          Min: 0, Avg:  0.0, Max: 0, Diff: 0, Sum: 0, Workers: 4
[2578.596s][debug][gc,phases      ] GC(235)   StringDedup Requests0 Weak     Min:  0.0, Avg:  0.0, Max:  0.0, Diff:  0.0, Sum:  0.0, Workers: 4
[2578.596s][debug][gc,phases      ] GC(235)     Dead                           Min: 0, Avg:  0.0, Max: 0, Diff: 0, Sum: 0, Workers: 4
[2578.596s][debug][gc,phases      ] GC(235)     Total                          Min: 0, Avg:  0.0, Max: 0, Diff: 0, Sum: 0, Workers: 4
[2578.596s][debug][gc,phases      ] GC(235)   StringDedup Requests1 Weak     Min:  0.0, Avg:  0.0, Max:  0.0, Diff:  0.0, Sum:  0.0, Workers: 4
[2578.596s][debug][gc,phases      ] GC(235)     Dead                           Min: 0, Avg:  0.0, Max: 0, Diff: 0, Sum: 0, Workers: 4
[2578.596s][debug][gc,phases      ] GC(235)     Total                          Min: 0, Avg:  0.0, Max: 0, Diff: 0, Sum: 0, Workers: 4
[2578.596s][debug][gc,phases      ] GC(235)   Weak JFR Old Object Samples    Min:  0.0, Avg:  0.0, Max:  0.0, Diff:  0.0, Sum:  0.0, Workers: 4
[2578.596s][debug][gc,phases      ] GC(235)     Dead                           Min: 0, Avg:  0.0, Max: 0, Diff: 0, Sum: 0, Workers: 4
[2578.596s][debug][gc,phases      ] GC(235)     Total                          Min: 0, Avg:  0.0, Max: 0, Diff: 0, Sum: 0, Workers: 4
[2578.597s][debug][gc,phases      ] GC(235) Weak Processing 0.320ms
[2578.597s][debug][gc,age         ] GC(235) Desired survivor size 34603008 bytes, new threshold 15 (max threshold 15)
[2578.597s][info ][gc,heap        ] GC(235) PSYoungGen: 2022528K(2058752K)->1344K(2063360K) Eden: 2021376K(2021376K)->0K(2027520K) From: 1152K(37376K)->1344K(35840K)
[2578.597s][info ][gc,heap        ] GC(235) ParOldGen: 320891K(366080K)->320891K(366080K)
[2578.597s][info ][gc,metaspace   ] GC(235) Metaspace: 83336K(84224K)->83336K(84224K) NonClass: 71316K(71808K)->71316K(71808K) Class: 12019K(12416K)->12019K(12416K)
[2578.597s][info ][gc             ] GC(235) Pause Young (Allocation Failure) 2288M->314M(2372M) 3.354ms
[2578.597s][info ][gc,cpu         ] GC(235) User=0.01s Sys=0.01s Real=0.00s
[2578.597s][info ][safepoint      ] Safepoint "ParallelGCFailedAllocation", Time since last: 78918085 ns, Reaching safepoint: 3700 ns, Cleanup: 18400 ns, At safepoint: 3419899 ns, Total: 3441999 ns
[2589.769s][info ][gc,start       ] GC(236) Pause Young (Allocation Failure)
[2589.772s][debug][gc,phases      ] GC(236) Scavenge 2.692ms
[2589.772s][debug][gc,ref         ] GC(236) Skipped phase 1 of Reference Processing: no references
[2589.772s][debug][gc,ref         ] GC(236) Skipped phase 2 of Reference Processing: no references
[2589.772s][debug][gc,ref         ] GC(236) Skipped phase 3 of Reference Processing: no references
[2589.772s][debug][gc,ref         ] GC(236) Skipped phase 4 of Reference Processing: no references
[2589.772s][debug][gc,phases      ] GC(236) Reference Processing 0.020ms
[2589.772s][debug][gc,phases      ] GC(236)   VM Weak                        Min:  0.0, Avg:  0.0, Max:  0.0, Diff:  0.0, Sum:  0.0, Workers: 4
[2589.772s][debug][gc,phases      ] GC(236)     Dead                           Min: 0, Avg:  0.0, Max: 0, Diff: 0, Sum: 0, Workers: 4
[2589.772s][debug][gc,phases      ] GC(236)     Total                          Min: 0, Avg: 181.0, Max: 576, Diff: 576, Sum: 724, Workers: 4
[2589.773s][debug][gc,phases      ] GC(236)   ObjectSynchronizer Weak        Min:  0.0, Avg:  0.0, Max:  0.0, Diff:  0.0, Sum:  0.0, Workers: 4
[2589.773s][debug][gc,phases      ] GC(236)     Dead                           Min: 0, Avg:  0.0, Max: 0, Diff: 0, Sum: 0, Workers: 4
[2589.773s][debug][gc,phases      ] GC(236)     Total                          Min: 0, Avg:  1.2, Max: 5, Diff: 5, Sum: 5, Workers: 4
[2589.773s][debug][gc,phases      ] GC(236)   JVMTI Tag Weak OopStorage      Min:  0.0, Avg:  0.0, Max:  0.0, Diff:  0.0, Sum:  0.0, Workers: 4
[2589.773s][debug][gc,phases      ] GC(236)     Dead                           Min: 0, Avg:  0.0, Max: 0, Diff: 0, Sum: 0, Workers: 4
[2589.773s][debug][gc,phases      ] GC(236)     Total                          Min: 0, Avg:  0.0, Max: 0, Diff: 0, Sum: 0, Workers: 4
[2589.773s][debug][gc,phases      ] GC(236)   StringTable Weak               Min:  0.0, Avg:  0.1, Max:  0.1, Diff:  0.1, Sum:  0.3, Workers: 4
[2589.773s][debug][gc,phases      ] GC(236)     Dead                           Min: 0, Avg:  0.0, Max: 0, Diff: 0, Sum: 0, Workers: 4
[2589.773s][debug][gc,phases      ] GC(236)     Total                          Min: 0, Avg: 10930.0, Max: 26688, Diff: 26688, Sum: 43720, Workers: 4
[2589.773s][debug][gc,phases      ] GC(236)   ResolvedMethodTable Weak       Min:  0.0, Avg:  0.0, Max:  0.0, Diff:  0.0, Sum:  0.1, Workers: 4
[2589.773s][debug][gc,phases      ] GC(236)     Dead                           Min: 0, Avg:  0.0, Max: 0, Diff: 0, Sum: 0, Workers: 4
[2589.773s][debug][gc,phases      ] GC(236)     Total                          Min: 0, Avg: 2439.8, Max: 5760, Diff: 5760, Sum: 9759, Workers: 4
[2589.773s][debug][gc,phases      ] GC(236)   JNI Weak                       Min:  0.0, Avg:  0.0, Max:  0.0, Diff:  0.0, Sum:  0.0, Workers: 4
[2589.773s][debug][gc,phases      ] GC(236)     Dead                           Min: 0, Avg:  0.0, Max: 0, Diff: 0, Sum: 0, Workers: 4
[2589.773s][debug][gc,phases      ] GC(236)     Total                          Min: 0, Avg: 11.2, Max: 45, Diff: 45, Sum: 45, Workers: 4
[2589.773s][debug][gc,phases      ] GC(236)   StringDedup Table Weak         Min:  0.0, Avg:  0.0, Max:  0.0, Diff:  0.0, Sum:  0.0, Workers: 4
[2589.773s][debug][gc,phases      ] GC(236)     Dead                           Min: 0, Avg:  0.0, Max: 0, Diff: 0, Sum: 0, Workers: 4
[2589.773s][debug][gc,phases      ] GC(236)     Total                          Min: 0, Avg:  0.0, Max: 0, Diff: 0, Sum: 0, Workers: 4
[2589.773s][debug][gc,phases      ] GC(236)   StringDedup Requests0 Weak     Min:  0.0, Avg:  0.0, Max:  0.0, Diff:  0.0, Sum:  0.0, Workers: 4
[2589.773s][debug][gc,phases      ] GC(236)     Dead                           Min: 0, Avg:  0.0, Max: 0, Diff: 0, Sum: 0, Workers: 4
[2589.773s][debug][gc,phases      ] GC(236)     Total                          Min: 0, Avg:  0.0, Max: 0, Diff: 0, Sum: 0, Workers: 4
[2589.773s][debug][gc,phases      ] GC(236)   StringDedup Requests1 Weak     Min:  0.0, Avg:  0.0, Max:  0.0, Diff:  0.0, Sum:  0.0, Workers: 4
[2589.773s][debug][gc,phases      ] GC(236)     Dead                           Min: 0, Avg:  0.0, Max: 0, Diff: 0, Sum: 0, Workers: 4
[2589.773s][debug][gc,phases      ] GC(236)     Total                          Min: 0, Avg:  0.0, Max: 0, Diff: 0, Sum: 0, Workers: 4
[2589.773s][debug][gc,phases      ] GC(236)   Weak JFR Old Object Samples    Min:  0.0, Avg:  0.0, Max:  0.0, Diff:  0.0, Sum:  0.0, Workers: 4
[2589.773s][debug][gc,phases      ] GC(236)     Dead                           Min: 0, Avg:  0.0, Max: 0, Diff: 0, Sum: 0, Workers: 4
[2589.773s][debug][gc,phases      ] GC(236)     Total                          Min: 0, Avg:  0.0, Max: 0, Diff: 0, Sum: 0, Workers: 4
[2589.773s][debug][gc,phases      ] GC(236) Weak Processing 0.351ms
[2589.773s][debug][gc,age         ] GC(236) Desired survivor size 33030144 bytes, new threshold 15 (max threshold 15)
[2589.773s][info ][gc,heap        ] GC(236) PSYoungGen: 2028864K(2063360K)->1280K(2061312K) Eden: 2027520K(2027520K)->0K(2027520K) From: 1344K(35840K)->1280K(33792K)
[2589.773s][info ][gc,heap        ] GC(236) ParOldGen: 320891K(366080K)->320891K(366080K)
[2589.773s][info ][gc,metaspace   ] GC(236) Metaspace: 83336K(84224K)->83336K(84224K) NonClass: 71316K(71808K)->71316K(71808K) Class: 12019K(12416K)->12019K(12416K)
[2589.773s][info ][gc             ] GC(236) Pause Young (Allocation Failure) 2294M->314M(2370M) 3.147ms
[2589.773s][info ][gc,cpu         ] GC(236) User=0.01s Sys=0.00s Real=0.00s
[2589.773s][info ][safepoint      ] Safepoint "ParallelGCFailedAllocation", Time since last: 11172793216 ns, Reaching safepoint: 72400 ns, Cleanup: 18300 ns, At safepoint: 3213200 ns, Total: 3303900 ns
[2600.773s][info ][safepoint      ] Safepoint "Cleanup", Time since last: 11000697992 ns, Reaching safepoint: 4200 ns, Cleanup: 37500 ns, At safepoint: 3900 ns, Total: 45600 ns
[2601.016s][info ][gc,start       ] GC(237) Pause Young (Allocation Failure)
[2601.020s][debug][gc,phases      ] GC(237) Scavenge 4.043ms
[2601.020s][debug][gc,ref         ] GC(237) Skipped phase 1 of Reference Processing: no references
[2601.020s][debug][gc,ref         ] GC(237) Skipped phase 2 of Reference Processing: no references
[2601.020s][debug][gc,ref         ] GC(237) Skipped phase 3 of Reference Processing: no references
[2601.020s][debug][gc,ref         ] GC(237) Skipped phase 4 of Reference Processing: no references
[2601.020s][debug][gc,phases      ] GC(237) Reference Processing 0.020ms
[2601.021s][debug][gc,phases      ] GC(237)   VM Weak                        Min:  0.0, Avg:  0.0, Max:  0.0, Diff:  0.0, Sum:  0.0, Workers: 4
[2601.021s][debug][gc,phases      ] GC(237)     Dead                           Min: 0, Avg:  0.0, Max: 0, Diff: 0, Sum: 0, Workers: 4
[2601.021s][debug][gc,phases      ] GC(237)     Total                          Min: 0, Avg: 181.0, Max: 340, Diff: 340, Sum: 724, Workers: 4
[2601.021s][debug][gc,phases      ] GC(237)   ObjectSynchronizer Weak        Min:  0.0, Avg:  0.0, Max:  0.0, Diff:  0.0, Sum:  0.0, Workers: 4
[2601.021s][debug][gc,phases      ] GC(237)     Dead                           Min: 0, Avg:  0.0, Max: 0, Diff: 0, Sum: 0, Workers: 4
[2601.021s][debug][gc,phases      ] GC(237)     Total                          Min: 0, Avg:  1.2, Max: 5, Diff: 5, Sum: 5, Workers: 4
[2601.021s][debug][gc,phases      ] GC(237)   JVMTI Tag Weak OopStorage      Min:  0.0, Avg:  0.0, Max:  0.0, Diff:  0.0, Sum:  0.0, Workers: 4
[2601.021s][debug][gc,phases      ] GC(237)     Dead                           Min: 0, Avg:  0.0, Max: 0, Diff: 0, Sum: 0, Workers: 4
[2601.021s][debug][gc,phases      ] GC(237)     Total                          Min: 0, Avg:  0.0, Max: 0, Diff: 0, Sum: 0, Workers: 4
[2601.021s][debug][gc,phases      ] GC(237)   StringTable Weak               Min:  0.0, Avg:  0.1, Max:  0.1, Diff:  0.1, Sum:  0.4, Workers: 4
[2601.021s][debug][gc,phases      ] GC(237)     Dead                           Min: 0, Avg:  0.0, Max: 0, Diff: 0, Sum: 0, Workers: 4
[2601.021s][debug][gc,phases      ] GC(237)     Total                          Min: 0, Avg: 10930.2, Max: 15936, Diff: 15936, Sum: 43721, Workers: 4
[2601.021s][debug][gc,phases      ] GC(237)   ResolvedMethodTable Weak       Min:  0.0, Avg:  0.0, Max:  0.0, Diff:  0.0, Sum:  0.1, Workers: 4
[2601.021s][debug][gc,phases      ] GC(237)     Dead                           Min: 0, Avg:  0.0, Max: 0, Diff: 0, Sum: 0, Workers: 4
[2601.021s][debug][gc,phases      ] GC(237)     Total                          Min: 0, Avg: 2439.8, Max: 3487, Diff: 3487, Sum: 9759, Workers: 4
[2601.021s][debug][gc,phases      ] GC(237)   JNI Weak                       Min:  0.0, Avg:  0.0, Max:  0.0, Diff:  0.0, Sum:  0.0, Workers: 4
[2601.021s][debug][gc,phases      ] GC(237)     Dead                           Min: 0, Avg:  0.0, Max: 0, Diff: 0, Sum: 0, Workers: 4
[2601.021s][debug][gc,phases      ] GC(237)     Total                          Min: 0, Avg: 11.2, Max: 45, Diff: 45, Sum: 45, Workers: 4
[2601.021s][debug][gc,phases      ] GC(237)   StringDedup Table Weak         Min:  0.0, Avg:  0.0, Max:  0.0, Diff:  0.0, Sum:  0.0, Workers: 4
[2601.021s][debug][gc,phases      ] GC(237)     Dead                           Min: 0, Avg:  0.0, Max: 0, Diff: 0, Sum: 0, Workers: 4
[2601.021s][debug][gc,phases      ] GC(237)     Total                          Min: 0, Avg:  0.0, Max: 0, Diff: 0, Sum: 0, Workers: 4
[2601.021s][debug][gc,phases      ] GC(237)   StringDedup Requests0 Weak     Min:  0.0, Avg:  0.0, Max:  0.0, Diff:  0.0, Sum:  0.0, Workers: 4
[2601.021s][debug][gc,phases      ] GC(237)     Dead                           Min: 0, Avg:  0.0, Max: 0, Diff: 0, Sum: 0, Workers: 4
[2601.021s][debug][gc,phases      ] GC(237)     Total                          Min: 0, Avg:  0.0, Max: 0, Diff: 0, Sum: 0, Workers: 4
[2601.021s][debug][gc,phases      ] GC(237)   StringDedup Requests1 Weak     Min:  0.0, Avg:  0.0, Max:  0.0, Diff:  0.0, Sum:  0.0, Workers: 4
[2601.021s][debug][gc,phases      ] GC(237)     Dead                           Min: 0, Avg:  0.0, Max: 0, Diff: 0, Sum: 0, Workers: 4
[2601.021s][debug][gc,phases      ] GC(237)     Total                          Min: 0, Avg:  0.0, Max: 0, Diff: 0, Sum: 0, Workers: 4
[2601.021s][debug][gc,phases      ] GC(237)   Weak JFR Old Object Samples    Min:  0.0, Avg:  0.0, Max:  0.0, Diff:  0.0, Sum:  0.0, Workers: 4
[2601.021s][debug][gc,phases      ] GC(237)     Dead                           Min: 0, Avg:  0.0, Max: 0, Diff: 0, Sum: 0, Workers: 4
[2601.021s][debug][gc,phases      ] GC(237)     Total                          Min: 0, Avg:  0.0, Max: 0, Diff: 0, Sum: 0, Workers: 4
[2601.021s][debug][gc,phases      ] GC(237) Weak Processing 0.318ms
[2601.021s][debug][gc,age         ] GC(237) Desired survivor size 31457280 bytes, new threshold 15 (max threshold 15)
[2601.021s][info ][gc,heap        ] GC(237) PSYoungGen: 2028800K(2061312K)->1216K(2066432K) Eden: 2027520K(2027520K)->0K(2034176K) From: 1280K(33792K)->1216K(32256K)
[2601.021s][info ][gc,heap        ] GC(237) ParOldGen: 320891K(366080K)->320899K(366080K)
[2601.021s][info ][gc,metaspace   ] GC(237) Metaspace: 83340K(84224K)->83340K(84224K) NonClass: 71320K(71808K)->71320K(71808K) Class: 12019K(12416K)->12019K(12416K)
[2601.021s][info ][gc             ] GC(237) Pause Young (Allocation Failure) 2294M->314M(2375M) 4.473ms
[2601.021s][info ][gc,cpu         ] GC(237) User=0.01s Sys=0.00s Real=0.01s
[2601.021s][info ][safepoint      ] Safepoint "ParallelGCFailedAllocation", Time since last: 242756463 ns, Reaching safepoint: 3900 ns, Cleanup: 19000 ns, At safepoint: 4539900 ns, Total: 4562800 ns
[2606.021s][info ][safepoint      ] Safepoint "Cleanup", Time since last: 5000313690 ns, Reaching safepoint: 4200 ns, Cleanup: 27900 ns, At safepoint: 2000 ns, Total: 34100 ns
[2611.717s][info ][gc,start       ] GC(238) Pause Young (Allocation Failure)
[2611.720s][debug][gc,phases      ] GC(238) Scavenge 2.976ms
[2611.720s][debug][gc,ref         ] GC(238) Skipped phase 1 of Reference Processing: no references
[2611.720s][debug][gc,ref         ] GC(238) Skipped phase 2 of Reference Processing: no references
[2611.720s][debug][gc,ref         ] GC(238) Skipped phase 3 of Reference Processing: no references
[2611.720s][debug][gc,ref         ] GC(238) Skipped phase 4 of Reference Processing: no references
[2611.720s][debug][gc,phases      ] GC(238) Reference Processing 0.033ms
[2611.720s][debug][gc,phases      ] GC(238)   VM Weak                        Min:  0.0, Avg:  0.0, Max:  0.0, Diff:  0.0, Sum:  0.0, Workers: 4
[2611.720s][debug][gc,phases      ] GC(238)     Dead                           Min: 0, Avg:  0.0, Max: 0, Diff: 0, Sum: 0, Workers: 4
[2611.720s][debug][gc,phases      ] GC(238)     Total                          Min: 0, Avg: 181.0, Max: 576, Diff: 576, Sum: 724, Workers: 4
[2611.720s][debug][gc,phases      ] GC(238)   ObjectSynchronizer Weak        Min:  0.0, Avg:  0.0, Max:  0.0, Diff:  0.0, Sum:  0.0, Workers: 4
[2611.720s][debug][gc,phases      ] GC(238)     Dead                           Min: 0, Avg:  0.0, Max: 0, Diff: 0, Sum: 0, Workers: 4
[2611.720s][debug][gc,phases      ] GC(238)     Total                          Min: 0, Avg:  1.2, Max: 5, Diff: 5, Sum: 5, Workers: 4
[2611.720s][debug][gc,phases      ] GC(238)   JVMTI Tag Weak OopStorage      Min:  0.0, Avg:  0.0, Max:  0.0, Diff:  0.0, Sum:  0.0, Workers: 4
[2611.720s][debug][gc,phases      ] GC(238)     Dead                           Min: 0, Avg:  0.0, Max: 0, Diff: 0, Sum: 0, Workers: 4
[2611.720s][debug][gc,phases      ] GC(238)     Total                          Min: 0, Avg:  0.0, Max: 0, Diff: 0, Sum: 0, Workers: 4
[2611.720s][debug][gc,phases      ] GC(238)   StringTable Weak               Min:  0.0, Avg:  0.1, Max:  0.1, Diff:  0.1, Sum:  0.4, Workers: 4
[2611.720s][debug][gc,phases      ] GC(238)     Dead                           Min: 0, Avg:  0.0, Max: 0, Diff: 0, Sum: 0, Workers: 4
[2611.720s][debug][gc,phases      ] GC(238)     Total                          Min: 0, Avg: 10930.2, Max: 14848, Diff: 14848, Sum: 43721, Workers: 4
[2611.720s][debug][gc,phases      ] GC(238)   ResolvedMethodTable Weak       Min:  0.0, Avg:  0.0, Max:  0.0, Diff:  0.0, Sum:  0.1, Workers: 4
[2611.720s][debug][gc,phases      ] GC(238)     Dead                           Min: 0, Avg:  0.0, Max: 0, Diff: 0, Sum: 0, Workers: 4
[2611.720s][debug][gc,phases      ] GC(238)     Total                          Min: 0, Avg: 2439.8, Max: 3328, Diff: 3328, Sum: 9759, Workers: 4
[2611.720s][debug][gc,phases      ] GC(238)   JNI Weak                       Min:  0.0, Avg:  0.0, Max:  0.0, Diff:  0.0, Sum:  0.0, Workers: 4
[2611.720s][debug][gc,phases      ] GC(238)     Dead                           Min: 0, Avg:  0.0, Max: 0, Diff: 0, Sum: 0, Workers: 4
[2611.720s][debug][gc,phases      ] GC(238)     Total                          Min: 0, Avg: 11.2, Max: 45, Diff: 45, Sum: 45, Workers: 4
[2611.720s][debug][gc,phases      ] GC(238)   StringDedup Table Weak         Min:  0.0, Avg:  0.0, Max:  0.0, Diff:  0.0, Sum:  0.0, Workers: 4
[2611.720s][debug][gc,phases      ] GC(238)     Dead                           Min: 0, Avg:  0.0, Max: 0, Diff: 0, Sum: 0, Workers: 4
[2611.720s][debug][gc,phases      ] GC(238)     Total                          Min: 0, Avg:  0.0, Max: 0, Diff: 0, Sum: 0, Workers: 4
[2611.720s][debug][gc,phases      ] GC(238)   StringDedup Requests0 Weak     Min:  0.0, Avg:  0.0, Max:  0.0, Diff:  0.0, Sum:  0.0, Workers: 4
[2611.720s][debug][gc,phases      ] GC(238)     Dead                           Min: 0, Avg:  0.0, Max: 0, Diff: 0, Sum: 0, Workers: 4
[2611.720s][debug][gc,phases      ] GC(238)     Total                          Min: 0, Avg:  0.0, Max: 0, Diff: 0, Sum: 0, Workers: 4
[2611.720s][debug][gc,phases      ] GC(238)   StringDedup Requests1 Weak     Min:  0.0, Avg:  0.0, Max:  0.0, Diff:  0.0, Sum:  0.0, Workers: 4
[2611.720s][debug][gc,phases      ] GC(238)     Dead                           Min: 0, Avg:  0.0, Max: 0, Diff: 0, Sum: 0, Workers: 4
[2611.720s][debug][gc,phases      ] GC(238)     Total                          Min: 0, Avg:  0.0, Max: 0, Diff: 0, Sum: 0, Workers: 4
[2611.720s][debug][gc,phases      ] GC(238)   Weak JFR Old Object Samples    Min:  0.0, Avg:  0.0, Max:  0.0, Diff:  0.0, Sum:  0.0, Workers: 4
[2611.720s][debug][gc,phases      ] GC(238)     Dead                           Min: 0, Avg:  0.0, Max: 0, Diff: 0, Sum: 0, Workers: 4
[2611.720s][debug][gc,phases      ] GC(238)     Total                          Min: 0, Avg:  0.0, Max: 0, Diff: 0, Sum: 0, Workers: 4
[2611.720s][debug][gc,phases      ] GC(238) Weak Processing 0.456ms
[2611.720s][debug][gc,age         ] GC(238) Desired survivor size 29884416 bytes, new threshold 15 (max threshold 15)
[2611.720s][info ][gc,heap        ] GC(238) PSYoungGen: 2035392K(2066432K)->1280K(2064896K) Eden: 2034176K(2034176K)->0K(2034176K) From: 1216K(32256K)->1280K(30720K)
[2611.720s][info ][gc,heap        ] GC(238) ParOldGen: 320899K(366080K)->320899K(366080K)
[2611.720s][info ][gc,metaspace   ] GC(238) Metaspace: 83341K(84224K)->83341K(84224K) NonClass: 71321K(71808K)->71321K(71808K) Class: 12019K(12416K)->12019K(12416K)
[2611.720s][info ][gc             ] GC(238) Pause Young (Allocation Failure) 2301M->314M(2374M) 3.586ms
[2611.720s][info ][gc,cpu         ] GC(238) User=0.00s Sys=0.00s Real=0.01s
[2611.720s][info ][safepoint      ] Safepoint "ParallelGCFailedAllocation", Time since last: 5695364283 ns, Reaching safepoint: 6100 ns, Cleanup: 19700 ns, At safepoint: 3671899 ns, Total: 3697699 ns
[2623.460s][info ][gc,start       ] GC(239) Pause Young (Allocation Failure)
[2623.463s][debug][gc,phases      ] GC(239) Scavenge 2.797ms
[2623.463s][debug][gc,ref         ] GC(239) Skipped phase 1 of Reference Processing: no references
[2623.463s][debug][gc,ref         ] GC(239) Skipped phase 2 of Reference Processing: no references
[2623.463s][debug][gc,ref         ] GC(239) Skipped phase 3 of Reference Processing: no references
[2623.463s][debug][gc,ref         ] GC(239) Skipped phase 4 of Reference Processing: no references
[2623.463s][debug][gc,phases      ] GC(239) Reference Processing 0.025ms
[2623.463s][debug][gc,phases      ] GC(239)   VM Weak                        Min:  0.0, Avg:  0.0, Max:  0.0, Diff:  0.0, Sum:  0.0, Workers: 4
[2623.463s][debug][gc,phases      ] GC(239)     Dead                           Min: 0, Avg:  0.0, Max: 0, Diff: 0, Sum: 0, Workers: 4
[2623.463s][debug][gc,phases      ] GC(239)     Total                          Min: 0, Avg: 181.0, Max: 532, Diff: 532, Sum: 724, Workers: 4
[2623.463s][debug][gc,phases      ] GC(239)   ObjectSynchronizer Weak        Min:  0.0, Avg:  0.0, Max:  0.0, Diff:  0.0, Sum:  0.0, Workers: 4
[2623.463s][debug][gc,phases      ] GC(239)     Dead                           Min: 0, Avg:  0.0, Max: 0, Diff: 0, Sum: 0, Workers: 4
[2623.463s][debug][gc,phases      ] GC(239)     Total                          Min: 0, Avg:  1.2, Max: 5, Diff: 5, Sum: 5, Workers: 4
[2623.463s][debug][gc,phases      ] GC(239)   JVMTI Tag Weak OopStorage      Min:  0.0, Avg:  0.0, Max:  0.0, Diff:  0.0, Sum:  0.0, Workers: 4
[2623.463s][debug][gc,phases      ] GC(239)     Dead                           Min: 0, Avg:  0.0, Max: 0, Diff: 0, Sum: 0, Workers: 4
[2623.463s][debug][gc,phases      ] GC(239)     Total                          Min: 0, Avg:  0.0, Max: 0, Diff: 0, Sum: 0, Workers: 4
[2623.463s][debug][gc,phases      ] GC(239)   StringTable Weak               Min:  0.0, Avg:  0.1, Max:  0.1, Diff:  0.1, Sum:  0.3, Workers: 4
[2623.463s][debug][gc,phases      ] GC(239)     Dead                           Min: 0, Avg:  0.0, Max: 0, Diff: 0, Sum: 0, Workers: 4
[2623.463s][debug][gc,phases      ] GC(239)     Total                          Min: 0, Avg: 10930.2, Max: 26953, Diff: 26953, Sum: 43721, Workers: 4
[2623.463s][debug][gc,phases      ] GC(239)   ResolvedMethodTable Weak       Min:  0.0, Avg:  0.0, Max:  0.0, Diff:  0.0, Sum:  0.1, Workers: 4
[2623.463s][debug][gc,phases      ] GC(239)     Dead                           Min: 0, Avg:  0.0, Max: 0, Diff: 0, Sum: 0, Workers: 4
[2623.463s][debug][gc,phases      ] GC(239)     Total                          Min: 0, Avg: 2439.8, Max: 5952, Diff: 5952, Sum: 9759, Workers: 4
[2623.463s][debug][gc,phases      ] GC(239)   JNI Weak                       Min:  0.0, Avg:  0.0, Max:  0.0, Diff:  0.0, Sum:  0.0, Workers: 4
[2623.463s][debug][gc,phases      ] GC(239)     Dead                           Min: 0, Avg:  0.0, Max: 0, Diff: 0, Sum: 0, Workers: 4
[2623.463s][debug][gc,phases      ] GC(239)     Total                          Min: 0, Avg: 11.2, Max: 45, Diff: 45, Sum: 45, Workers: 4
[2623.463s][debug][gc,phases      ] GC(239)   StringDedup Table Weak         Min:  0.0, Avg:  0.0, Max:  0.0, Diff:  0.0, Sum:  0.0, Workers: 4
[2623.463s][debug][gc,phases      ] GC(239)     Dead                           Min: 0, Avg:  0.0, Max: 0, Diff: 0, Sum: 0, Workers: 4
[2623.463s][debug][gc,phases      ] GC(239)     Total                          Min: 0, Avg:  0.0, Max: 0, Diff: 0, Sum: 0, Workers: 4
[2623.463s][debug][gc,phases      ] GC(239)   StringDedup Requests0 Weak     Min:  0.0, Avg:  0.0, Max:  0.0, Diff:  0.0, Sum:  0.0, Workers: 4
[2623.463s][debug][gc,phases      ] GC(239)     Dead                           Min: 0, Avg:  0.0, Max: 0, Diff: 0, Sum: 0, Workers: 4
[2623.463s][debug][gc,phases      ] GC(239)     Total                          Min: 0, Avg:  0.0, Max: 0, Diff: 0, Sum: 0, Workers: 4
[2623.463s][debug][gc,phases      ] GC(239)   StringDedup Requests1 Weak     Min:  0.0, Avg:  0.0, Max:  0.0, Diff:  0.0, Sum:  0.0, Workers: 4
[2623.463s][debug][gc,phases      ] GC(239)     Dead                           Min: 0, Avg:  0.0, Max: 0, Diff: 0, Sum: 0, Workers: 4
[2623.463s][debug][gc,phases      ] GC(239)     Total                          Min: 0, Avg:  0.0, Max: 0, Diff: 0, Sum: 0, Workers: 4
[2623.463s][debug][gc,phases      ] GC(239)   Weak JFR Old Object Samples    Min:  0.0, Avg:  0.0, Max:  0.0, Diff:  0.0, Sum:  0.0, Workers: 4
[2623.463s][debug][gc,phases      ] GC(239)     Dead                           Min: 0, Avg:  0.0, Max: 0, Diff: 0, Sum: 0, Workers: 4
[2623.463s][debug][gc,phases      ] GC(239)     Total                          Min: 0, Avg:  0.0, Max: 0, Diff: 0, Sum: 0, Workers: 4
[2623.463s][debug][gc,phases      ] GC(239) Weak Processing 0.345ms
[2623.463s][debug][gc,age         ] GC(239) Desired survivor size 28311552 bytes, new threshold 15 (max threshold 15)
[2623.463s][info ][gc,heap        ] GC(239) PSYoungGen: 2035456K(2064896K)->1312K(2069504K) Eden: 2034176K(2034176K)->0K(2040320K) From: 1280K(30720K)->1312K(29184K)
[2623.463s][info ][gc,heap        ] GC(239) ParOldGen: 320899K(366080K)->320899K(366080K)
[2623.463s][info ][gc,metaspace   ] GC(239) Metaspace: 83341K(84224K)->83341K(84224K) NonClass: 71321K(71808K)->71321K(71808K) Class: 12019K(12416K)->12019K(12416K)
[2623.464s][info ][gc             ] GC(239) Pause Young (Allocation Failure) 2301M->314M(2378M) 3.266ms
[2623.464s][info ][gc,cpu         ] GC(239) User=0.01s Sys=0.00s Real=0.00s
[2623.464s][info ][safepoint      ] Safepoint "ParallelGCFailedAllocation", Time since last: 11740010635 ns, Reaching safepoint: 5500 ns, Cleanup: 48700 ns, At safepoint: 3330399 ns, Total: 3384599 ns
[2628.464s][info ][safepoint      ] Safepoint "Cleanup", Time since last: 5000374068 ns, Reaching safepoint: 77900 ns, Cleanup: 33300 ns, At safepoint: 7100 ns, Total: 118300 ns
[2631.464s][info ][safepoint      ] Safepoint "Cleanup", Time since last: 3000257810 ns, Reaching safepoint: 5700 ns, Cleanup: 39000 ns, At safepoint: 9700 ns, Total: 54400 ns
[2634.565s][info ][gc,start       ] GC(240) Pause Young (Allocation Failure)
[2634.568s][debug][gc,phases      ] GC(240) Scavenge 3.328ms
[2634.568s][debug][gc,ref         ] GC(240) Skipped phase 1 of Reference Processing: no references
[2634.568s][debug][gc,ref         ] GC(240) Skipped phase 2 of Reference Processing: no references
[2634.568s][debug][gc,ref         ] GC(240) Skipped phase 3 of Reference Processing: no references
[2634.568s][debug][gc,ref         ] GC(240) Skipped phase 4 of Reference Processing: no references
[2634.568s][debug][gc,phases      ] GC(240) Reference Processing 0.032ms
[2634.568s][debug][gc,phases      ] GC(240)   VM Weak                        Min:  0.0, Avg:  0.0, Max:  0.0, Diff:  0.0, Sum:  0.0, Workers: 4
[2634.568s][debug][gc,phases      ] GC(240)     Dead                           Min: 0, Avg:  0.0, Max: 0, Diff: 0, Sum: 0, Workers: 4
[2634.568s][debug][gc,phases      ] GC(240)     Total                          Min: 0, Avg: 181.0, Max: 532, Diff: 532, Sum: 724, Workers: 4
[2634.569s][debug][gc,phases      ] GC(240)   ObjectSynchronizer Weak        Min:  0.0, Avg:  0.0, Max:  0.0, Diff:  0.0, Sum:  0.0, Workers: 4
[2634.569s][debug][gc,phases      ] GC(240)     Dead                           Min: 0, Avg:  0.0, Max: 0, Diff: 0, Sum: 0, Workers: 4
[2634.569s][debug][gc,phases      ] GC(240)     Total                          Min: 0, Avg:  1.2, Max: 5, Diff: 5, Sum: 5, Workers: 4
[2634.569s][debug][gc,phases      ] GC(240)   JVMTI Tag Weak OopStorage      Min:  0.0, Avg:  0.0, Max:  0.0, Diff:  0.0, Sum:  0.0, Workers: 4
[2634.569s][debug][gc,phases      ] GC(240)     Dead                           Min: 0, Avg:  0.0, Max: 0, Diff: 0, Sum: 0, Workers: 4
[2634.569s][debug][gc,phases      ] GC(240)     Total                          Min: 0, Avg:  0.0, Max: 0, Diff: 0, Sum: 0, Workers: 4
[2634.569s][debug][gc,phases      ] GC(240)   StringTable Weak               Min:  0.0, Avg:  0.1, Max:  0.2, Diff:  0.2, Sum:  0.5, Workers: 4
[2634.569s][debug][gc,phases      ] GC(240)     Dead                           Min: 0, Avg:  0.0, Max: 0, Diff: 0, Sum: 0, Workers: 4
[2634.569s][debug][gc,phases      ] GC(240)     Total                          Min: 0, Avg: 10930.2, Max: 17472, Diff: 17472, Sum: 43721, Workers: 4
[2634.569s][debug][gc,phases      ] GC(240)   ResolvedMethodTable Weak       Min:  0.0, Avg:  0.0, Max:  0.0, Diff:  0.0, Sum:  0.1, Workers: 4
[2634.569s][debug][gc,phases      ] GC(240)     Dead                           Min: 0, Avg:  0.0, Max: 0, Diff: 0, Sum: 0, Workers: 4
[2634.569s][debug][gc,phases      ] GC(240)     Total                          Min: 0, Avg: 2439.8, Max: 3295, Diff: 3295, Sum: 9759, Workers: 4
[2634.569s][debug][gc,phases      ] GC(240)   JNI Weak                       Min:  0.0, Avg:  0.0, Max:  0.0, Diff:  0.0, Sum:  0.0, Workers: 4
[2634.569s][debug][gc,phases      ] GC(240)     Dead                           Min: 0, Avg:  0.0, Max: 0, Diff: 0, Sum: 0, Workers: 4
[2634.569s][debug][gc,phases      ] GC(240)     Total                          Min: 0, Avg: 11.2, Max: 45, Diff: 45, Sum: 45, Workers: 4
[2634.569s][debug][gc,phases      ] GC(240)   StringDedup Table Weak         Min:  0.0, Avg:  0.0, Max:  0.0, Diff:  0.0, Sum:  0.0, Workers: 4
[2634.569s][debug][gc,phases      ] GC(240)     Dead                           Min: 0, Avg:  0.0, Max: 0, Diff: 0, Sum: 0, Workers: 4
[2634.569s][debug][gc,phases      ] GC(240)     Total                          Min: 0, Avg:  0.0, Max: 0, Diff: 0, Sum: 0, Workers: 4
[2634.569s][debug][gc,phases      ] GC(240)   StringDedup Requests0 Weak     Min:  0.0, Avg:  0.0, Max:  0.0, Diff:  0.0, Sum:  0.0, Workers: 4
[2634.569s][debug][gc,phases      ] GC(240)     Dead                           Min: 0, Avg:  0.0, Max: 0, Diff: 0, Sum: 0, Workers: 4
[2634.569s][debug][gc,phases      ] GC(240)     Total                          Min: 0, Avg:  0.0, Max: 0, Diff: 0, Sum: 0, Workers: 4
[2634.569s][debug][gc,phases      ] GC(240)   StringDedup Requests1 Weak     Min:  0.0, Avg:  0.0, Max:  0.0, Diff:  0.0, Sum:  0.0, Workers: 4
[2634.569s][debug][gc,phases      ] GC(240)     Dead                           Min: 0, Avg:  0.0, Max: 0, Diff: 0, Sum: 0, Workers: 4
[2634.569s][debug][gc,phases      ] GC(240)     Total                          Min: 0, Avg:  0.0, Max: 0, Diff: 0, Sum: 0, Workers: 4
[2634.569s][debug][gc,phases      ] GC(240)   Weak JFR Old Object Samples    Min:  0.0, Avg:  0.0, Max:  0.0, Diff:  0.0, Sum:  0.0, Workers: 4
[2634.569s][debug][gc,phases      ] GC(240)     Dead                           Min: 0, Avg:  0.0, Max: 0, Diff: 0, Sum: 0, Workers: 4
[2634.569s][debug][gc,phases      ] GC(240)     Total                          Min: 0, Avg:  0.0, Max: 0, Diff: 0, Sum: 0, Workers: 4
[2634.569s][debug][gc,phases      ] GC(240) Weak Processing 0.361ms
[2634.569s][debug][gc,age         ] GC(240) Desired survivor size 26738688 bytes, new threshold 15 (max threshold 15)
[2634.569s][info ][gc,heap        ] GC(240) PSYoungGen: 2041632K(2069504K)->1312K(2067968K) Eden: 2040320K(2040320K)->0K(2040320K) From: 1312K(29184K)->1312K(27648K)
[2634.569s][info ][gc,heap        ] GC(240) ParOldGen: 320899K(366080K)->320899K(366080K)
[2634.569s][info ][gc,metaspace   ] GC(240) Metaspace: 83349K(84224K)->83349K(84224K) NonClass: 71329K(71808K)->71329K(71808K) Class: 12019K(12416K)->12019K(12416K)
[2634.569s][info ][gc             ] GC(240) Pause Young (Allocation Failure) 2307M->314M(2377M) 3.841ms
[2634.569s][info ][gc,cpu         ] GC(240) User=0.01s Sys=0.00s Real=0.01s
[2634.569s][info ][safepoint      ] Safepoint "ParallelGCFailedAllocation", Time since last: 3100368786 ns, Reaching safepoint: 5700 ns, Cleanup: 39300 ns, At safepoint: 3909499 ns, Total: 3954499 ns
[2636.569s][info ][safepoint      ] Safepoint "Cleanup", Time since last: 2000148675 ns, Reaching safepoint: 4600 ns, Cleanup: 38300 ns, At safepoint: 2700 ns, Total: 45600 ns
[2637.569s][info ][safepoint      ] Safepoint "Cleanup", Time since last: 1000102875 ns, Reaching safepoint: 4100 ns, Cleanup: 37700 ns, At safepoint: 2600 ns, Total: 44400 ns
[2639.569s][info ][safepoint      ] Safepoint "Cleanup", Time since last: 2000176572 ns, Reaching safepoint: 5700 ns, Cleanup: 34000 ns, At safepoint: 3300 ns, Total: 43000 ns
[2641.722s][info ][safepoint      ] Safepoint "Cleanup", Time since last: 2152998639 ns, Reaching safepoint: 4200 ns, Cleanup: 35600 ns, At safepoint: 2900 ns, Total: 42700 ns
[2645.162s][info ][gc,start       ] GC(241) Pause Young (Allocation Failure)
[2645.165s][debug][gc,phases      ] GC(241) Scavenge 2.707ms
[2645.165s][debug][gc,ref         ] GC(241) Skipped phase 1 of Reference Processing: no references
[2645.165s][debug][gc,ref         ] GC(241) Skipped phase 2 of Reference Processing: no references
[2645.165s][debug][gc,ref         ] GC(241) Skipped phase 3 of Reference Processing: no references
[2645.165s][debug][gc,ref         ] GC(241) Skipped phase 4 of Reference Processing: no references
[2645.165s][debug][gc,phases      ] GC(241) Reference Processing 0.029ms
[2645.166s][debug][gc,phases      ] GC(241)   VM Weak                        Min:  0.0, Avg:  0.0, Max:  0.0, Diff:  0.0, Sum:  0.0, Workers: 4
[2645.166s][debug][gc,phases      ] GC(241)     Dead                           Min: 0, Avg:  0.0, Max: 0, Diff: 0, Sum: 0, Workers: 4
[2645.166s][debug][gc,phases      ] GC(241)     Total                          Min: 0, Avg: 181.0, Max: 532, Diff: 532, Sum: 724, Workers: 4
[2645.166s][debug][gc,phases      ] GC(241)   ObjectSynchronizer Weak        Min:  0.0, Avg:  0.0, Max:  0.0, Diff:  0.0, Sum:  0.0, Workers: 4
[2645.166s][debug][gc,phases      ] GC(241)     Dead                           Min: 0, Avg:  0.0, Max: 0, Diff: 0, Sum: 0, Workers: 4
[2645.166s][debug][gc,phases      ] GC(241)     Total                          Min: 0, Avg:  1.2, Max: 5, Diff: 5, Sum: 5, Workers: 4
[2645.166s][debug][gc,phases      ] GC(241)   JVMTI Tag Weak OopStorage      Min:  0.0, Avg:  0.0, Max:  0.0, Diff:  0.0, Sum:  0.0, Workers: 4
[2645.166s][debug][gc,phases      ] GC(241)     Dead                           Min: 0, Avg:  0.0, Max: 0, Diff: 0, Sum: 0, Workers: 4
[2645.166s][debug][gc,phases      ] GC(241)     Total                          Min: 0, Avg:  0.0, Max: 0, Diff: 0, Sum: 0, Workers: 4
[2645.166s][debug][gc,phases      ] GC(241)   StringTable Weak               Min:  0.0, Avg:  0.1, Max:  0.1, Diff:  0.1, Sum:  0.4, Workers: 4
[2645.166s][debug][gc,phases      ] GC(241)     Dead                           Min: 0, Avg:  0.0, Max: 0, Diff: 0, Sum: 0, Workers: 4
[2645.166s][debug][gc,phases      ] GC(241)     Total                          Min: 0, Avg: 10930.2, Max: 15040, Diff: 15040, Sum: 43721, Workers: 4
[2645.166s][debug][gc,phases      ] GC(241)   ResolvedMethodTable Weak       Min:  0.0, Avg:  0.0, Max:  0.0, Diff:  0.0, Sum:  0.1, Workers: 4
[2645.166s][debug][gc,phases      ] GC(241)     Dead                           Min: 0, Avg:  0.0, Max: 0, Diff: 0, Sum: 0, Workers: 4
[2645.166s][debug][gc,phases      ] GC(241)     Total                          Min: 0, Avg: 2439.8, Max: 3392, Diff: 3392, Sum: 9759, Workers: 4
[2645.166s][debug][gc,phases      ] GC(241)   JNI Weak                       Min:  0.0, Avg:  0.0, Max:  0.0, Diff:  0.0, Sum:  0.0, Workers: 4
[2645.166s][debug][gc,phases      ] GC(241)     Dead                           Min: 0, Avg:  0.0, Max: 0, Diff: 0, Sum: 0, Workers: 4
[2645.166s][debug][gc,phases      ] GC(241)     Total                          Min: 0, Avg: 11.2, Max: 45, Diff: 45, Sum: 45, Workers: 4
[2645.166s][debug][gc,phases      ] GC(241)   StringDedup Table Weak         Min:  0.0, Avg:  0.0, Max:  0.0, Diff:  0.0, Sum:  0.0, Workers: 4
[2645.166s][debug][gc,phases      ] GC(241)     Dead                           Min: 0, Avg:  0.0, Max: 0, Diff: 0, Sum: 0, Workers: 4
[2645.166s][debug][gc,phases      ] GC(241)     Total                          Min: 0, Avg:  0.0, Max: 0, Diff: 0, Sum: 0, Workers: 4
[2645.166s][debug][gc,phases      ] GC(241)   StringDedup Requests0 Weak     Min:  0.0, Avg:  0.0, Max:  0.0, Diff:  0.0, Sum:  0.0, Workers: 4
[2645.166s][debug][gc,phases      ] GC(241)     Dead                           Min: 0, Avg:  0.0, Max: 0, Diff: 0, Sum: 0, Workers: 4
[2645.166s][debug][gc,phases      ] GC(241)     Total                          Min: 0, Avg:  0.0, Max: 0, Diff: 0, Sum: 0, Workers: 4
[2645.166s][debug][gc,phases      ] GC(241)   StringDedup Requests1 Weak     Min:  0.0, Avg:  0.0, Max:  0.0, Diff:  0.0, Sum:  0.0, Workers: 4
[2645.166s][debug][gc,phases      ] GC(241)     Dead                           Min: 0, Avg:  0.0, Max: 0, Diff: 0, Sum: 0, Workers: 4
[2645.166s][debug][gc,phases      ] GC(241)     Total                          Min: 0, Avg:  0.0, Max: 0, Diff: 0, Sum: 0, Workers: 4
[2645.166s][debug][gc,phases      ] GC(241)   Weak JFR Old Object Samples    Min:  0.0, Avg:  0.0, Max:  0.0, Diff:  0.0, Sum:  0.0, Workers: 4
[2645.166s][debug][gc,phases      ] GC(241)     Dead                           Min: 0, Avg:  0.0, Max: 0, Diff: 0, Sum: 0, Workers: 4
[2645.166s][debug][gc,phases      ] GC(241)     Total                          Min: 0, Avg:  0.0, Max: 0, Diff: 0, Sum: 0, Workers: 4
[2645.166s][debug][gc,phases      ] GC(241) Weak Processing 0.339ms
[2645.166s][debug][gc,age         ] GC(241) Desired survivor size 25165824 bytes, new threshold 15 (max threshold 15)
[2645.166s][info ][gc,heap        ] GC(241) PSYoungGen: 2041632K(2067968K)->1312K(2072576K) Eden: 2040320K(2040320K)->0K(2046464K) From: 1312K(27648K)->1312K(26112K)
[2645.166s][info ][gc,heap        ] GC(241) ParOldGen: 320899K(366080K)->320899K(366080K)
[2645.166s][info ][gc,metaspace   ] GC(241) Metaspace: 83361K(84224K)->83361K(84224K) NonClass: 71341K(71808K)->71341K(71808K) Class: 12019K(12416K)->12019K(12416K)
[2645.166s][info ][gc             ] GC(241) Pause Young (Allocation Failure) 2307M->314M(2381M) 3.176ms
[2645.166s][info ][gc,cpu         ] GC(241) User=0.00s Sys=0.00s Real=0.00s
[2645.166s][info ][safepoint      ] Safepoint "ParallelGCFailedAllocation", Time since last: 3440144660 ns, Reaching safepoint: 5400 ns, Cleanup: 31700 ns, At safepoint: 3244499 ns, Total: 3281599 ns
[2655.963s][info ][gc,start       ] GC(242) Pause Young (Allocation Failure)
[2655.966s][debug][gc,phases      ] GC(242) Scavenge 2.920ms
[2655.966s][debug][gc,ref         ] GC(242) Skipped phase 1 of Reference Processing: no references
[2655.966s][debug][gc,ref         ] GC(242) Skipped phase 2 of Reference Processing: no references
[2655.966s][debug][gc,ref         ] GC(242) Skipped phase 3 of Reference Processing: no references
[2655.966s][debug][gc,ref         ] GC(242) Skipped phase 4 of Reference Processing: no references
[2655.966s][debug][gc,phases      ] GC(242) Reference Processing 0.034ms
[2655.966s][debug][gc,phases      ] GC(242)   VM Weak                        Min:  0.0, Avg:  0.0, Max:  0.0, Diff:  0.0, Sum:  0.0, Workers: 4
[2655.966s][debug][gc,phases      ] GC(242)     Dead                           Min: 0, Avg:  0.0, Max: 0, Diff: 0, Sum: 0, Workers: 4
[2655.966s][debug][gc,phases      ] GC(242)     Total                          Min: 0, Avg: 181.0, Max: 660, Diff: 660, Sum: 724, Workers: 4
[2655.966s][debug][gc,phases      ] GC(242)   ObjectSynchronizer Weak        Min:  0.0, Avg:  0.0, Max:  0.0, Diff:  0.0, Sum:  0.0, Workers: 4
[2655.966s][debug][gc,phases      ] GC(242)     Dead                           Min: 0, Avg:  0.0, Max: 0, Diff: 0, Sum: 0, Workers: 4
[2655.966s][debug][gc,phases      ] GC(242)     Total                          Min: 0, Avg:  1.2, Max: 5, Diff: 5, Sum: 5, Workers: 4
[2655.966s][debug][gc,phases      ] GC(242)   JVMTI Tag Weak OopStorage      Min:  0.0, Avg:  0.0, Max:  0.0, Diff:  0.0, Sum:  0.0, Workers: 4
[2655.966s][debug][gc,phases      ] GC(242)     Dead                           Min: 0, Avg:  0.0, Max: 0, Diff: 0, Sum: 0, Workers: 4
[2655.966s][debug][gc,phases      ] GC(242)     Total                          Min: 0, Avg:  0.0, Max: 0, Diff: 0, Sum: 0, Workers: 4
[2655.966s][debug][gc,phases      ] GC(242)   StringTable Weak               Min:  0.0, Avg:  0.1, Max:  0.1, Diff:  0.1, Sum:  0.3, Workers: 4
[2655.966s][debug][gc,phases      ] GC(242)     Dead                           Min: 0, Avg:  0.0, Max: 0, Diff: 0, Sum: 0, Workers: 4
[2655.966s][debug][gc,phases      ] GC(242)     Total                          Min: 0, Avg: 10930.2, Max: 26624, Diff: 26624, Sum: 43721, Workers: 4
[2655.966s][debug][gc,phases      ] GC(242)   ResolvedMethodTable Weak       Min:  0.0, Avg:  0.0, Max:  0.0, Diff:  0.0, Sum:  0.1, Workers: 4
[2655.966s][debug][gc,phases      ] GC(242)     Dead                           Min: 0, Avg:  0.0, Max: 0, Diff: 0, Sum: 0, Workers: 4
[2655.966s][debug][gc,phases      ] GC(242)     Total                          Min: 0, Avg: 2439.8, Max: 5855, Diff: 5855, Sum: 9759, Workers: 4
[2655.966s][debug][gc,phases      ] GC(242)   JNI Weak                       Min:  0.0, Avg:  0.0, Max:  0.0, Diff:  0.0, Sum:  0.0, Workers: 4
[2655.966s][debug][gc,phases      ] GC(242)     Dead                           Min: 0, Avg:  0.0, Max: 0, Diff: 0, Sum: 0, Workers: 4
[2655.966s][debug][gc,phases      ] GC(242)     Total                          Min: 0, Avg: 11.2, Max: 45, Diff: 45, Sum: 45, Workers: 4
[2655.966s][debug][gc,phases      ] GC(242)   StringDedup Table Weak         Min:  0.0, Avg:  0.0, Max:  0.0, Diff:  0.0, Sum:  0.0, Workers: 4
[2655.966s][debug][gc,phases      ] GC(242)     Dead                           Min: 0, Avg:  0.0, Max: 0, Diff: 0, Sum: 0, Workers: 4
[2655.966s][debug][gc,phases      ] GC(242)     Total                          Min: 0, Avg:  0.0, Max: 0, Diff: 0, Sum: 0, Workers: 4
[2655.966s][debug][gc,phases      ] GC(242)   StringDedup Requests0 Weak     Min:  0.0, Avg:  0.0, Max:  0.0, Diff:  0.0, Sum:  0.0, Workers: 4
[2655.966s][debug][gc,phases      ] GC(242)     Dead                           Min: 0, Avg:  0.0, Max: 0, Diff: 0, Sum: 0, Workers: 4
[2655.966s][debug][gc,phases      ] GC(242)     Total                          Min: 0, Avg:  0.0, Max: 0, Diff: 0, Sum: 0, Workers: 4
[2655.966s][debug][gc,phases      ] GC(242)   StringDedup Requests1 Weak     Min:  0.0, Avg:  0.0, Max:  0.0, Diff:  0.0, Sum:  0.0, Workers: 4
[2655.966s][debug][gc,phases      ] GC(242)     Dead                           Min: 0, Avg:  0.0, Max: 0, Diff: 0, Sum: 0, Workers: 4
[2655.966s][debug][gc,phases      ] GC(242)     Total                          Min: 0, Avg:  0.0, Max: 0, Diff: 0, Sum: 0, Workers: 4
[2655.966s][debug][gc,phases      ] GC(242)   Weak JFR Old Object Samples    Min:  0.0, Avg:  0.0, Max:  0.0, Diff:  0.0, Sum:  0.0, Workers: 4
[2655.966s][debug][gc,phases      ] GC(242)     Dead                           Min: 0, Avg:  0.0, Max: 0, Diff: 0, Sum: 0, Workers: 4
[2655.966s][debug][gc,phases      ] GC(242)     Total                          Min: 0, Avg:  0.0, Max: 0, Diff: 0, Sum: 0, Workers: 4
[2655.966s][debug][gc,phases      ] GC(242) Weak Processing 0.339ms
[2655.966s][debug][gc,age         ] GC(242) Desired survivor size 23592960 bytes, new threshold 15 (max threshold 15)
[2655.966s][info ][gc,heap        ] GC(242) PSYoungGen: 2047776K(2072576K)->1344K(2071040K) Eden: 2046464K(2046464K)->0K(2046464K) From: 1312K(26112K)->1344K(24576K)
[2655.966s][info ][gc,heap        ] GC(242) ParOldGen: 320899K(366080K)->320899K(366080K)
[2655.966s][info ][gc,metaspace   ] GC(242) Metaspace: 83361K(84224K)->83361K(84224K) NonClass: 71341K(71808K)->71341K(71808K) Class: 12019K(12416K)->12019K(12416K)
[2655.966s][info ][gc             ] GC(242) Pause Young (Allocation Failure) 2313M->314M(2380M) 3.388ms
[2655.966s][info ][gc,cpu         ] GC(242) User=0.01s Sys=0.00s Real=0.00s
[2655.966s][info ][safepoint      ] Safepoint "ParallelGCFailedAllocation", Time since last: 10797281932 ns, Reaching safepoint: 4200 ns, Cleanup: 28100 ns, At safepoint: 3448600 ns, Total: 3480900 ns
[2658.967s][info ][safepoint      ] Safepoint "Cleanup", Time since last: 3000223665 ns, Reaching safepoint: 74300 ns, Cleanup: 47100 ns, At safepoint: 5400 ns, Total: 126800 ns
[2659.967s][info ][safepoint      ] Safepoint "Cleanup", Time since last: 1000111788 ns, Reaching safepoint: 5000 ns, Cleanup: 43900 ns, At safepoint: 3300 ns, Total: 52200 ns
[2668.412s][info ][gc,start       ] GC(243) Pause Young (Allocation Failure)
[2668.419s][debug][gc,phases      ] GC(243) Scavenge 6.757ms
[2668.419s][debug][gc,ref         ] GC(243) Skipped phase 1 of Reference Processing: no references
[2668.419s][debug][gc,ref         ] GC(243) Skipped phase 2 of Reference Processing: no references
[2668.419s][debug][gc,ref         ] GC(243) Skipped phase 3 of Reference Processing: no references
[2668.419s][debug][gc,ref         ] GC(243) Skipped phase 4 of Reference Processing: no references
[2668.419s][debug][gc,phases      ] GC(243) Reference Processing 0.020ms
[2668.419s][debug][gc,phases      ] GC(243)   VM Weak                        Min:  0.0, Avg:  0.0, Max:  0.0, Diff:  0.0, Sum:  0.0, Workers: 4
[2668.419s][debug][gc,phases      ] GC(243)     Dead                           Min: 0, Avg:  0.0, Max: 0, Diff: 0, Sum: 0, Workers: 4
[2668.419s][debug][gc,phases      ] GC(243)     Total                          Min: 0, Avg: 181.0, Max: 640, Diff: 640, Sum: 724, Workers: 4
[2668.419s][debug][gc,phases      ] GC(243)   ObjectSynchronizer Weak        Min:  0.0, Avg:  0.0, Max:  0.0, Diff:  0.0, Sum:  0.0, Workers: 4
[2668.419s][debug][gc,phases      ] GC(243)     Dead                           Min: 0, Avg:  0.0, Max: 0, Diff: 0, Sum: 0, Workers: 4
[2668.419s][debug][gc,phases      ] GC(243)     Total                          Min: 0, Avg:  1.8, Max: 7, Diff: 7, Sum: 7, Workers: 4
[2668.419s][debug][gc,phases      ] GC(243)   JVMTI Tag Weak OopStorage      Min:  0.0, Avg:  0.0, Max:  0.0, Diff:  0.0, Sum:  0.0, Workers: 4
[2668.419s][debug][gc,phases      ] GC(243)     Dead                           Min: 0, Avg:  0.0, Max: 0, Diff: 0, Sum: 0, Workers: 4
[2668.419s][debug][gc,phases      ] GC(243)     Total                          Min: 0, Avg:  0.0, Max: 0, Diff: 0, Sum: 0, Workers: 4
[2668.419s][debug][gc,phases      ] GC(243)   StringTable Weak               Min:  0.0, Avg:  0.1, Max:  0.2, Diff:  0.2, Sum:  0.3, Workers: 4
[2668.419s][debug][gc,phases      ] GC(243)     Dead                           Min: 0, Avg:  0.0, Max: 0, Diff: 0, Sum: 0, Workers: 4
[2668.419s][debug][gc,phases      ] GC(243)     Total                          Min: 0, Avg: 10930.2, Max: 26761, Diff: 26761, Sum: 43721, Workers: 4
[2668.419s][debug][gc,phases      ] GC(243)   ResolvedMethodTable Weak       Min:  0.0, Avg:  0.0, Max:  0.0, Diff:  0.0, Sum:  0.1, Workers: 4
[2668.419s][debug][gc,phases      ] GC(243)     Dead                           Min: 0, Avg:  0.0, Max: 0, Diff: 0, Sum: 0, Workers: 4
[2668.419s][debug][gc,phases      ] GC(243)     Total                          Min: 0, Avg: 2439.8, Max: 5791, Diff: 5791, Sum: 9759, Workers: 4
[2668.419s][debug][gc,phases      ] GC(243)   JNI Weak                       Min:  0.0, Avg:  0.0, Max:  0.0, Diff:  0.0, Sum:  0.0, Workers: 4
[2668.419s][debug][gc,phases      ] GC(243)     Dead                           Min: 0, Avg:  0.0, Max: 0, Diff: 0, Sum: 0, Workers: 4
[2668.419s][debug][gc,phases      ] GC(243)     Total                          Min: 0, Avg: 11.2, Max: 45, Diff: 45, Sum: 45, Workers: 4
[2668.419s][debug][gc,phases      ] GC(243)   StringDedup Table Weak         Min:  0.0, Avg:  0.0, Max:  0.0, Diff:  0.0, Sum:  0.0, Workers: 4
[2668.419s][debug][gc,phases      ] GC(243)     Dead                           Min: 0, Avg:  0.0, Max: 0, Diff: 0, Sum: 0, Workers: 4
[2668.419s][debug][gc,phases      ] GC(243)     Total                          Min: 0, Avg:  0.0, Max: 0, Diff: 0, Sum: 0, Workers: 4
[2668.419s][debug][gc,phases      ] GC(243)   StringDedup Requests0 Weak     Min:  0.0, Avg:  0.0, Max:  0.0, Diff:  0.0, Sum:  0.0, Workers: 4
[2668.419s][debug][gc,phases      ] GC(243)     Dead                           Min: 0, Avg:  0.0, Max: 0, Diff: 0, Sum: 0, Workers: 4
[2668.419s][debug][gc,phases      ] GC(243)     Total                          Min: 0, Avg:  0.0, Max: 0, Diff: 0, Sum: 0, Workers: 4
[2668.419s][debug][gc,phases      ] GC(243)   StringDedup Requests1 Weak     Min:  0.0, Avg:  0.0, Max:  0.0, Diff:  0.0, Sum:  0.0, Workers: 4
[2668.419s][debug][gc,phases      ] GC(243)     Dead                           Min: 0, Avg:  0.0, Max: 0, Diff: 0, Sum: 0, Workers: 4
[2668.419s][debug][gc,phases      ] GC(243)     Total                          Min: 0, Avg:  0.0, Max: 0, Diff: 0, Sum: 0, Workers: 4
[2668.419s][debug][gc,phases      ] GC(243)   Weak JFR Old Object Samples    Min:  0.0, Avg:  0.0, Max:  0.0, Diff:  0.0, Sum:  0.0, Workers: 4
[2668.419s][debug][gc,phases      ] GC(243)     Dead                           Min: 0, Avg:  0.0, Max: 0, Diff: 0, Sum: 0, Workers: 4
[2668.419s][debug][gc,phases      ] GC(243)     Total                          Min: 0, Avg:  0.0, Max: 0, Diff: 0, Sum: 0, Workers: 4
[2668.419s][debug][gc,phases      ] GC(243) Weak Processing 0.364ms
[2668.419s][debug][gc,age         ] GC(243) Desired survivor size 22020096 bytes, new threshold 15 (max threshold 15)
[2668.419s][info ][gc,heap        ] GC(243) PSYoungGen: 2047808K(2071040K)->1696K(2075648K) Eden: 2046464K(2046464K)->0K(2052608K) From: 1344K(24576K)->1696K(23040K)
[2668.419s][info ][gc,heap        ] GC(243) ParOldGen: 320899K(366080K)->320899K(366080K)
[2668.419s][info ][gc,metaspace   ] GC(243) Metaspace: 83362K(84224K)->83362K(84224K) NonClass: 71342K(71808K)->71342K(71808K) Class: 12019K(12416K)->12019K(12416K)
[2668.420s][info ][gc             ] GC(243) Pause Young (Allocation Failure) 2313M->315M(2384M) 7.252ms
[2668.420s][info ][gc,cpu         ] GC(243) User=0.01s Sys=0.00s Real=0.00s
[2668.420s][info ][safepoint      ] Safepoint "ParallelGCFailedAllocation", Time since last: 8445221741 ns, Reaching safepoint: 4600 ns, Cleanup: 23100 ns, At safepoint: 7317498 ns, Total: 7345198 ns
[2675.421s][info ][safepoint      ] Safepoint "Cleanup", Time since last: 7000365417 ns, Reaching safepoint: 573300 ns, Cleanup: 65100 ns, At safepoint: 16700 ns, Total: 655100 ns
[2676.064s][info ][gc,start       ] GC(244) Pause Young (Allocation Failure)
[2676.093s][debug][gc,phases      ] GC(244) Scavenge 29.578ms
[2676.093s][debug][gc,ref         ] GC(244) Skipped phase 1 of Reference Processing: no references
[2676.093s][debug][gc,ref         ] GC(244) ReferenceProcessor::execute queues: 1, RefProcThreadModel::Single, marks_oops_alive: false
[2676.093s][debug][gc,ref         ] GC(244) Skipped phase 3 of Reference Processing: no references
[2676.093s][debug][gc,ref         ] GC(244) ReferenceProcessor::execute queues: 1, RefProcThreadModel::Single, marks_oops_alive: false
[2676.093s][debug][gc,phases      ] GC(244) Reference Processing 0.111ms
[2676.094s][debug][gc,phases      ] GC(244)   VM Weak                        Min:  0.0, Avg:  0.0, Max:  0.0, Diff:  0.0, Sum:  0.0, Workers: 4
[2676.094s][debug][gc,phases      ] GC(244)     Dead                           Min: 0, Avg:  0.0, Max: 0, Diff: 0, Sum: 0, Workers: 4
[2676.094s][debug][gc,phases      ] GC(244)     Total                          Min: 0, Avg: 181.0, Max: 576, Diff: 576, Sum: 724, Workers: 4
[2676.094s][debug][gc,phases      ] GC(244)   ObjectSynchronizer Weak        Min:  0.0, Avg:  0.0, Max:  0.0, Diff:  0.0, Sum:  0.0, Workers: 4
[2676.094s][debug][gc,phases      ] GC(244)     Dead                           Min: 0, Avg:  0.0, Max: 0, Diff: 0, Sum: 0, Workers: 4
[2676.094s][debug][gc,phases      ] GC(244)     Total                          Min: 0, Avg:  2.0, Max: 8, Diff: 8, Sum: 8, Workers: 4
[2676.094s][debug][gc,phases      ] GC(244)   JVMTI Tag Weak OopStorage      Min:  0.0, Avg:  0.0, Max:  0.0, Diff:  0.0, Sum:  0.0, Workers: 4
[2676.094s][debug][gc,phases      ] GC(244)     Dead                           Min: 0, Avg:  0.0, Max: 0, Diff: 0, Sum: 0, Workers: 4
[2676.094s][debug][gc,phases      ] GC(244)     Total                          Min: 0, Avg:  0.0, Max: 0, Diff: 0, Sum: 0, Workers: 4
[2676.094s][debug][gc,phases      ] GC(244)   StringTable Weak               Min:  0.0, Avg:  0.1, Max:  0.1, Diff:  0.1, Sum:  0.4, Workers: 4
[2676.094s][debug][gc,phases      ] GC(244)     Dead                           Min: 0, Avg:  0.2, Max: 1, Diff: 1, Sum: 1, Workers: 4
[2676.094s][debug][gc,phases      ] GC(244)     Total                          Min: 0, Avg: 10931.5, Max: 18816, Diff: 18816, Sum: 43726, Workers: 4
[2676.094s][debug][gc,phases      ] GC(244)   ResolvedMethodTable Weak       Min:  0.0, Avg:  0.0, Max:  0.0, Diff:  0.0, Sum:  0.1, Workers: 4
[2676.094s][debug][gc,phases      ] GC(244)     Dead                           Min: 0, Avg:  4.0, Max: 16, Diff: 16, Sum: 16, Workers: 4
[2676.094s][debug][gc,phases      ] GC(244)     Total                          Min: 0, Avg: 2442.5, Max: 4344, Diff: 4344, Sum: 9770, Workers: 4
[2676.094s][debug][gc,phases      ] GC(244)   JNI Weak                       Min:  0.0, Avg:  0.0, Max:  0.0, Diff:  0.0, Sum:  0.0, Workers: 4
[2676.094s][debug][gc,phases      ] GC(244)     Dead                           Min: 0, Avg:  0.0, Max: 0, Diff: 0, Sum: 0, Workers: 4
[2676.094s][debug][gc,phases      ] GC(244)     Total                          Min: 0, Avg: 11.2, Max: 45, Diff: 45, Sum: 45, Workers: 4
[2676.094s][debug][gc,phases      ] GC(244)   StringDedup Table Weak         Min:  0.0, Avg:  0.0, Max:  0.0, Diff:  0.0, Sum:  0.0, Workers: 4
[2676.094s][debug][gc,phases      ] GC(244)     Dead                           Min: 0, Avg:  0.0, Max: 0, Diff: 0, Sum: 0, Workers: 4
[2676.094s][debug][gc,phases      ] GC(244)     Total                          Min: 0, Avg:  0.0, Max: 0, Diff: 0, Sum: 0, Workers: 4
[2676.094s][debug][gc,phases      ] GC(244)   StringDedup Requests0 Weak     Min:  0.0, Avg:  0.0, Max:  0.0, Diff:  0.0, Sum:  0.0, Workers: 4
[2676.094s][debug][gc,phases      ] GC(244)     Dead                           Min: 0, Avg:  0.0, Max: 0, Diff: 0, Sum: 0, Workers: 4
[2676.094s][debug][gc,phases      ] GC(244)     Total                          Min: 0, Avg:  0.0, Max: 0, Diff: 0, Sum: 0, Workers: 4
[2676.094s][debug][gc,phases      ] GC(244)   StringDedup Requests1 Weak     Min:  0.0, Avg:  0.0, Max:  0.0, Diff:  0.0, Sum:  0.0, Workers: 4
[2676.094s][debug][gc,phases      ] GC(244)     Dead                           Min: 0, Avg:  0.0, Max: 0, Diff: 0, Sum: 0, Workers: 4
[2676.094s][debug][gc,phases      ] GC(244)     Total                          Min: 0, Avg:  0.0, Max: 0, Diff: 0, Sum: 0, Workers: 4
[2676.094s][debug][gc,phases      ] GC(244)   Weak JFR Old Object Samples    Min:  0.0, Avg:  0.0, Max:  0.0, Diff:  0.0, Sum:  0.0, Workers: 4
[2676.094s][debug][gc,phases      ] GC(244)     Dead                           Min: 0, Avg:  0.0, Max: 0, Diff: 0, Sum: 0, Workers: 4
[2676.094s][debug][gc,phases      ] GC(244)     Total                          Min: 0, Avg:  0.0, Max: 0, Diff: 0, Sum: 0, Workers: 4
[2676.094s][debug][gc,phases      ] GC(244) Weak Processing 0.323ms
[2676.094s][debug][gc,age         ] GC(244) Desired survivor size 40370176 bytes, new threshold 14 (max threshold 15)
[2676.094s][info ][gc,heap        ] GC(244) PSYoungGen: 2054304K(2075648K)->21472K(2074112K) Eden: 2052608K(2052608K)->0K(2052608K) From: 1696K(23040K)->21472K(21504K)
[2676.094s][info ][gc,heap        ] GC(244) ParOldGen: 320899K(366080K)->355799K(366080K)
[2676.094s][info ][gc,metaspace   ] GC(244) Metaspace: 83397K(84288K)->83397K(84288K) NonClass: 71373K(71872K)->71373K(71872K) Class: 12023K(12416K)->12023K(12416K)
[2676.094s][info ][gc             ] GC(244) Pause Young (Allocation Failure) 2319M->368M(2383M) 30.117ms
[2676.094s][info ][gc,cpu         ] GC(244) User=0.10s Sys=0.00s Real=0.03s
[2676.094s][debug][gc,phases      ] GC(245) Pre Compact 0.009ms
[2676.094s][info ][gc,start       ] GC(245) Pause Full (Ergonomics)
[2676.094s][info ][gc,phases,start] GC(245) Marking Phase
[2676.200s][debug][gc,phases      ] GC(245) Par Mark 105.805ms
[2676.200s][debug][gc,ref         ] GC(245) Skipped phase 1 of Reference Processing: no references
[2676.200s][debug][gc,ref         ] GC(245) ReferenceProcessor::execute queues: 4, RefProcThreadModel::Multi, marks_oops_alive: false
[2676.201s][debug][gc,ref         ] GC(245) Skipped phase 3 of Reference Processing: no references
[2676.201s][debug][gc,ref         ] GC(245) ReferenceProcessor::execute queues: 1, RefProcThreadModel::Single, marks_oops_alive: false
[2676.201s][debug][gc,phases      ] GC(245) Reference Processing 1.191ms
[2676.201s][debug][gc,phases      ] GC(245)   VM Weak                        Min:  0.0, Avg:  0.0, Max:  0.0, Diff:  0.0, Sum:  0.0, Workers: 4
[2676.201s][debug][gc,phases      ] GC(245)     Dead                           Min: 0, Avg:  0.0, Max: 0, Diff: 0, Sum: 0, Workers: 4
[2676.201s][debug][gc,phases      ] GC(245)     Total                          Min: 0, Avg: 181.0, Max: 468, Diff: 468, Sum: 724, Workers: 4
[2676.201s][debug][gc,phases      ] GC(245)   ObjectSynchronizer Weak        Min:  0.0, Avg:  0.0, Max:  0.0, Diff:  0.0, Sum:  0.0, Workers: 4
[2676.201s][debug][gc,phases      ] GC(245)     Dead                           Min: 0, Avg:  0.0, Max: 0, Diff: 0, Sum: 0, Workers: 4
[2676.201s][debug][gc,phases      ] GC(245)     Total                          Min: 0, Avg:  2.0, Max: 8, Diff: 8, Sum: 8, Workers: 4
[2676.201s][debug][gc,phases      ] GC(245)   JVMTI Tag Weak OopStorage      Min:  0.0, Avg:  0.0, Max:  0.0, Diff:  0.0, Sum:  0.0, Workers: 4
[2676.201s][debug][gc,phases      ] GC(245)     Dead                           Min: 0, Avg:  0.0, Max: 0, Diff: 0, Sum: 0, Workers: 4
[2676.201s][debug][gc,phases      ] GC(245)     Total                          Min: 0, Avg:  0.0, Max: 0, Diff: 0, Sum: 0, Workers: 4
[2676.201s][debug][gc,phases      ] GC(245)   StringTable Weak               Min:  0.2, Avg:  0.2, Max:  0.2, Diff:  0.0, Sum:  0.6, Workers: 4
[2676.201s][debug][gc,phases      ] GC(245)     Dead                           Min: 0, Avg:  0.0, Max: 0, Diff: 0, Sum: 0, Workers: 4
[2676.201s][debug][gc,phases      ] GC(245)     Total                          Min: 10496, Avg: 10931.5, Max: 11263, Diff: 767, Sum: 43726, Workers: 4
[2676.201s][debug][gc,phases      ] GC(245)   ResolvedMethodTable Weak       Min:  0.0, Avg:  0.0, Max:  0.0, Diff:  0.0, Sum:  0.1, Workers: 4
[2676.201s][debug][gc,phases      ] GC(245)     Dead                           Min: 0, Avg:  0.0, Max: 0, Diff: 0, Sum: 0, Workers: 4
[2676.201s][debug][gc,phases      ] GC(245)     Total                          Min: 1464, Avg: 2442.5, Max: 2866, Diff: 1402, Sum: 9770, Workers: 4
[2676.201s][debug][gc,phases      ] GC(245)   JNI Weak                       Min:  0.0, Avg:  0.0, Max:  0.0, Diff:  0.0, Sum:  0.0, Workers: 4
[2676.201s][debug][gc,phases      ] GC(245)     Dead                           Min: 0, Avg:  0.0, Max: 0, Diff: 0, Sum: 0, Workers: 4
[2676.201s][debug][gc,phases      ] GC(245)     Total                          Min: 0, Avg: 11.2, Max: 45, Diff: 45, Sum: 45, Workers: 4
[2676.201s][debug][gc,phases      ] GC(245)   StringDedup Table Weak         Min:  0.0, Avg:  0.0, Max:  0.0, Diff:  0.0, Sum:  0.0, Workers: 4
[2676.201s][debug][gc,phases      ] GC(245)     Dead                           Min: 0, Avg:  0.0, Max: 0, Diff: 0, Sum: 0, Workers: 4
[2676.201s][debug][gc,phases      ] GC(245)     Total                          Min: 0, Avg:  0.0, Max: 0, Diff: 0, Sum: 0, Workers: 4
[2676.201s][debug][gc,phases      ] GC(245)   StringDedup Requests0 Weak     Min:  0.0, Avg:  0.0, Max:  0.0, Diff:  0.0, Sum:  0.0, Workers: 4
[2676.201s][debug][gc,phases      ] GC(245)     Dead                           Min: 0, Avg:  0.0, Max: 0, Diff: 0, Sum: 0, Workers: 4
[2676.201s][debug][gc,phases      ] GC(245)     Total                          Min: 0, Avg:  0.0, Max: 0, Diff: 0, Sum: 0, Workers: 4
[2676.201s][debug][gc,phases      ] GC(245)   StringDedup Requests1 Weak     Min:  0.0, Avg:  0.0, Max:  0.0, Diff:  0.0, Sum:  0.0, Workers: 4
[2676.201s][debug][gc,phases      ] GC(245)     Dead                           Min: 0, Avg:  0.0, Max: 0, Diff: 0, Sum: 0, Workers: 4
[2676.201s][debug][gc,phases      ] GC(245)     Total                          Min: 0, Avg:  0.0, Max: 0, Diff: 0, Sum: 0, Workers: 4
[2676.201s][debug][gc,phases      ] GC(245)   Weak JFR Old Object Samples    Min:  0.0, Avg:  0.0, Max:  0.0, Diff:  0.0, Sum:  0.0, Workers: 4
[2676.201s][debug][gc,phases      ] GC(245)     Dead                           Min: 0, Avg:  0.0, Max: 0, Diff: 0, Sum: 0, Workers: 4
[2676.201s][debug][gc,phases      ] GC(245)     Total                          Min: 0, Avg:  0.0, Max: 0, Diff: 0, Sum: 0, Workers: 4
[2676.201s][debug][gc,phases      ] GC(245) Weak Processing 0.350ms
[2676.201s][debug][gc,phases      ] GC(245) ClassLoaderData 0.091ms
[2676.201s][debug][gc,phases      ] GC(245) Trigger cleanups 0.000ms
[2676.227s][debug][gc,phases      ] GC(245) Class Unloading 25.895ms
[2676.227s][debug][gc,phases      ] GC(245) Report Object Count 0.001ms
[2676.227s][info ][gc,phases      ] GC(245) Marking Phase 133.408ms
[2676.227s][info ][gc,phases,start] GC(245) Summary Phase
[2676.227s][info ][gc,phases      ] GC(245) Summary Phase 0.012ms
[2676.227s][info ][gc,phases,start] GC(245) Adjust Roots
[2676.239s][info ][gc,phases      ] GC(245) Adjust Roots 11.831ms
[2676.239s][info ][gc,phases,start] GC(245) Compaction Phase
[2676.343s][info ][gc,phases      ] GC(245) Compaction Phase 104.282ms
[2676.343s][info ][gc,phases,start] GC(245) Post Compact
[2676.344s][info ][gc,phases      ] GC(245) Post Compact 0.817ms
[2676.344s][info ][gc,heap        ] GC(245) PSYoungGen: 21472K(2074112K)->0K(2041344K) Eden: 0K(2052608K)->0K(2018304K) From: 21472K(21504K)->0K(23040K)
[2676.344s][info ][gc,heap        ] GC(245) ParOldGen: 355799K(366080K)->320533K(371712K)
[2676.344s][info ][gc,metaspace   ] GC(245) Metaspace: 83397K(84288K)->83397K(84288K) NonClass: 71373K(71872K)->71373K(71872K) Class: 12023K(12416K)->12023K(12416K)
[2676.344s][info ][gc             ] GC(245) Pause Full (Ergonomics) 368M->313M(2356M) 250.505ms
[2676.344s][info ][gc,cpu         ] GC(245) User=0.78s Sys=0.00s Real=0.25s
[2676.344s][info ][safepoint      ] Safepoint "ParallelGCFailedAllocation", Time since last: 642958164 ns, Reaching safepoint: 72500 ns, Cleanup: 44900 ns, At safepoint: 280743740 ns, Total: 280861140 ns
[2677.345s][info ][safepoint      ] Safepoint "Cleanup", Time since last: 1000080791 ns, Reaching safepoint: 4100 ns, Cleanup: 37200 ns, At safepoint: 3300 ns, Total: 44600 ns
[2682.345s][info ][safepoint      ] Safepoint "Cleanup", Time since last: 5000339170 ns, Reaching safepoint: 5500 ns, Cleanup: 41400 ns, At safepoint: 2600 ns, Total: 49500 ns
[2684.345s][info ][safepoint      ] Safepoint "Cleanup", Time since last: 2000158888 ns, Reaching safepoint: 4100 ns, Cleanup: 51600 ns, At safepoint: 2300 ns, Total: 58000 ns
[2684.810s][info ][gc,start       ] GC(246) Pause Young (Allocation Failure)
[2684.819s][debug][gc,phases      ] GC(246) Scavenge 8.064ms
[2684.819s][debug][gc,ref         ] GC(246) Skipped phase 1 of Reference Processing: no references
[2684.819s][debug][gc,ref         ] GC(246) Skipped phase 2 of Reference Processing: no references
[2684.819s][debug][gc,ref         ] GC(246) Skipped phase 3 of Reference Processing: no references
[2684.819s][debug][gc,ref         ] GC(246) Skipped phase 4 of Reference Processing: no references
[2684.819s][debug][gc,phases      ] GC(246) Reference Processing 0.021ms
[2684.819s][debug][gc,phases      ] GC(246)   VM Weak                        Min:  0.0, Avg:  0.0, Max:  0.0, Diff:  0.0, Sum:  0.0, Workers: 4
[2684.819s][debug][gc,phases      ] GC(246)     Dead                           Min: 0, Avg:  0.0, Max: 0, Diff: 0, Sum: 0, Workers: 4
[2684.819s][debug][gc,phases      ] GC(246)     Total                          Min: 0, Avg: 181.0, Max: 576, Diff: 576, Sum: 724, Workers: 4
[2684.819s][debug][gc,phases      ] GC(246)   ObjectSynchronizer Weak        Min:  0.0, Avg:  0.0, Max:  0.0, Diff:  0.0, Sum:  0.0, Workers: 4
[2684.819s][debug][gc,phases      ] GC(246)     Dead                           Min: 0, Avg:  0.0, Max: 0, Diff: 0, Sum: 0, Workers: 4
[2684.819s][debug][gc,phases      ] GC(246)     Total                          Min: 0, Avg:  2.0, Max: 8, Diff: 8, Sum: 8, Workers: 4
[2684.819s][debug][gc,phases      ] GC(246)   JVMTI Tag Weak OopStorage      Min:  0.0, Avg:  0.0, Max:  0.0, Diff:  0.0, Sum:  0.0, Workers: 4
[2684.819s][debug][gc,phases      ] GC(246)     Dead                           Min: 0, Avg:  0.0, Max: 0, Diff: 0, Sum: 0, Workers: 4
[2684.819s][debug][gc,phases      ] GC(246)     Total                          Min: 0, Avg:  0.0, Max: 0, Diff: 0, Sum: 0, Workers: 4
[2684.819s][debug][gc,phases      ] GC(246)   StringTable Weak               Min:  0.0, Avg:  0.1, Max:  0.1, Diff:  0.1, Sum:  0.3, Workers: 4
[2684.819s][debug][gc,phases      ] GC(246)     Dead                           Min: 0, Avg:  0.0, Max: 0, Diff: 0, Sum: 0, Workers: 4
[2684.819s][debug][gc,phases      ] GC(246)     Total                          Min: 0, Avg: 10931.8, Max: 25999, Diff: 25999, Sum: 43727, Workers: 4
[2684.819s][debug][gc,phases      ] GC(246)   ResolvedMethodTable Weak       Min:  0.0, Avg:  0.0, Max:  0.0, Diff:  0.0, Sum:  0.1, Workers: 4
[2684.819s][debug][gc,phases      ] GC(246)     Dead                           Min: 0, Avg:  0.0, Max: 0, Diff: 0, Sum: 0, Workers: 4
[2684.819s][debug][gc,phases      ] GC(246)     Total                          Min: 0, Avg: 2442.5, Max: 5866, Diff: 5866, Sum: 9770, Workers: 4
[2684.819s][debug][gc,phases      ] GC(246)   JNI Weak                       Min:  0.0, Avg:  0.0, Max:  0.0, Diff:  0.0, Sum:  0.0, Workers: 4
[2684.819s][debug][gc,phases      ] GC(246)     Dead                           Min: 0, Avg:  0.0, Max: 0, Diff: 0, Sum: 0, Workers: 4
[2684.819s][debug][gc,phases      ] GC(246)     Total                          Min: 0, Avg: 11.2, Max: 45, Diff: 45, Sum: 45, Workers: 4
[2684.819s][debug][gc,phases      ] GC(246)   StringDedup Table Weak         Min:  0.0, Avg:  0.0, Max:  0.0, Diff:  0.0, Sum:  0.0, Workers: 4
[2684.819s][debug][gc,phases      ] GC(246)     Dead                           Min: 0, Avg:  0.0, Max: 0, Diff: 0, Sum: 0, Workers: 4
[2684.819s][debug][gc,phases      ] GC(246)     Total                          Min: 0, Avg:  0.0, Max: 0, Diff: 0, Sum: 0, Workers: 4
[2684.819s][debug][gc,phases      ] GC(246)   StringDedup Requests0 Weak     Min:  0.0, Avg:  0.0, Max:  0.0, Diff:  0.0, Sum:  0.0, Workers: 4
[2684.819s][debug][gc,phases      ] GC(246)     Dead                           Min: 0, Avg:  0.0, Max: 0, Diff: 0, Sum: 0, Workers: 4
[2684.819s][debug][gc,phases      ] GC(246)     Total                          Min: 0, Avg:  0.0, Max: 0, Diff: 0, Sum: 0, Workers: 4
[2684.819s][debug][gc,phases      ] GC(246)   StringDedup Requests1 Weak     Min:  0.0, Avg:  0.0, Max:  0.0, Diff:  0.0, Sum:  0.0, Workers: 4
[2684.819s][debug][gc,phases      ] GC(246)     Dead                           Min: 0, Avg:  0.0, Max: 0, Diff: 0, Sum: 0, Workers: 4
[2684.819s][debug][gc,phases      ] GC(246)     Total                          Min: 0, Avg:  0.0, Max: 0, Diff: 0, Sum: 0, Workers: 4
[2684.819s][debug][gc,phases      ] GC(246)   Weak JFR Old Object Samples    Min:  0.0, Avg:  0.0, Max:  0.0, Diff:  0.0, Sum:  0.0, Workers: 4
[2684.819s][debug][gc,phases      ] GC(246)     Dead                           Min: 0, Avg:  0.0, Max: 0, Diff: 0, Sum: 0, Workers: 4
[2684.819s][debug][gc,phases      ] GC(246)     Total                          Min: 0, Avg:  0.0, Max: 0, Diff: 0, Sum: 0, Workers: 4
[2684.819s][debug][gc,phases      ] GC(246) Weak Processing 0.349ms
[2684.819s][debug][gc,age         ] GC(246) Desired survivor size 37224448 bytes, new threshold 15 (max threshold 15)
[2684.819s][info ][gc,heap        ] GC(246) PSYoungGen: 2018303K(2041344K)->8064K(2057728K) Eden: 2018303K(2018304K)->0K(2018304K) From: 0K(23040K)->8064K(39424K)
[2684.819s][info ][gc,heap        ] GC(246) ParOldGen: 320533K(371712K)->320541K(371712K)
[2684.819s][info ][gc,metaspace   ] GC(246) Metaspace: 83438K(84288K)->83438K(84288K) NonClass: 71415K(71872K)->71415K(71872K) Class: 12023K(12416K)->12023K(12416K)
[2684.819s][info ][gc             ] GC(246) Pause Young (Allocation Failure) 2284M->320M(2372M) 8.547ms
[2684.819s][info ][gc,cpu         ] GC(246) User=0.02s Sys=0.00s Real=0.00s
[2684.819s][info ][safepoint      ] Safepoint "ParallelGCFailedAllocation", Time since last: 465220704 ns, Reaching safepoint: 5300 ns, Cleanup: 20800 ns, At safepoint: 8617299 ns, Total: 8643399 ns
[2685.819s][info ][safepoint      ] Safepoint "Cleanup", Time since last: 1000053996 ns, Reaching safepoint: 4800 ns, Cleanup: 29300 ns, At safepoint: 2500 ns, Total: 36600 ns
[2686.819s][info ][safepoint      ] Safepoint "Cleanup", Time since last: 1000099196 ns, Reaching safepoint: 4400 ns, Cleanup: 45300 ns, At safepoint: 9700 ns, Total: 59400 ns
[2687.819s][info ][safepoint      ] Safepoint "Cleanup", Time since last: 1000122597 ns, Reaching safepoint: 5900 ns, Cleanup: 35600 ns, At safepoint: 3200 ns, Total: 44700 ns
[2688.820s][info ][safepoint      ] Safepoint "Cleanup", Time since last: 1000115896 ns, Reaching safepoint: 4800 ns, Cleanup: 46600 ns, At safepoint: 8600 ns, Total: 60000 ns
[2690.820s][info ][safepoint      ] Safepoint "Cleanup", Time since last: 2000173493 ns, Reaching safepoint: 4800 ns, Cleanup: 31300 ns, At safepoint: 2800 ns, Total: 38900 ns
[2696.410s][info ][gc,start       ] GC(247) Pause Young (Allocation Failure)
[2696.417s][debug][gc,phases      ] GC(247) Scavenge 7.554ms
[2696.417s][debug][gc,ref         ] GC(247) Skipped phase 1 of Reference Processing: no references
[2696.417s][debug][gc,ref         ] GC(247) ReferenceProcessor::execute queues: 1, RefProcThreadModel::Single, marks_oops_alive: false
[2696.417s][debug][gc,ref         ] GC(247) Skipped phase 3 of Reference Processing: no references
[2696.417s][debug][gc,ref         ] GC(247) ReferenceProcessor::execute queues: 1, RefProcThreadModel::Single, marks_oops_alive: false
[2696.417s][debug][gc,phases      ] GC(247) Reference Processing 0.101ms
[2696.418s][debug][gc,phases      ] GC(247)   VM Weak                        Min:  0.0, Avg:  0.0, Max:  0.0, Diff:  0.0, Sum:  0.0, Workers: 4
[2696.418s][debug][gc,phases      ] GC(247)     Dead                           Min: 0, Avg:  0.0, Max: 0, Diff: 0, Sum: 0, Workers: 4
[2696.418s][debug][gc,phases      ] GC(247)     Total                          Min: 0, Avg: 181.0, Max: 724, Diff: 724, Sum: 724, Workers: 4
[2696.418s][debug][gc,phases      ] GC(247)   ObjectSynchronizer Weak        Min:  0.0, Avg:  0.0, Max:  0.0, Diff:  0.0, Sum:  0.0, Workers: 4
[2696.418s][debug][gc,phases      ] GC(247)     Dead                           Min: 0, Avg:  0.0, Max: 0, Diff: 0, Sum: 0, Workers: 4
[2696.418s][debug][gc,phases      ] GC(247)     Total                          Min: 0, Avg:  2.0, Max: 8, Diff: 8, Sum: 8, Workers: 4
[2696.418s][debug][gc,phases      ] GC(247)   JVMTI Tag Weak OopStorage      Min:  0.0, Avg:  0.0, Max:  0.0, Diff:  0.0, Sum:  0.0, Workers: 4
[2696.418s][debug][gc,phases      ] GC(247)     Dead                           Min: 0, Avg:  0.0, Max: 0, Diff: 0, Sum: 0, Workers: 4
[2696.418s][debug][gc,phases      ] GC(247)     Total                          Min: 0, Avg:  0.0, Max: 0, Diff: 0, Sum: 0, Workers: 4
[2696.418s][debug][gc,phases      ] GC(247)   StringTable Weak               Min:  0.0, Avg:  0.1, Max:  0.1, Diff:  0.1, Sum:  0.4, Workers: 4
[2696.418s][debug][gc,phases      ] GC(247)     Dead                           Min: 0, Avg:  0.0, Max: 0, Diff: 0, Sum: 0, Workers: 4
[2696.418s][debug][gc,phases      ] GC(247)     Total                          Min: 0, Avg: 10932.0, Max: 16528, Diff: 16528, Sum: 43728, Workers: 4
[2696.418s][debug][gc,phases      ] GC(247)   ResolvedMethodTable Weak       Min:  0.0, Avg:  0.0, Max:  0.0, Diff:  0.0, Sum:  0.1, Workers: 4
[2696.418s][debug][gc,phases      ] GC(247)     Dead                           Min: 0, Avg:  0.0, Max: 0, Diff: 0, Sum: 0, Workers: 4
[2696.418s][debug][gc,phases      ] GC(247)     Total                          Min: 0, Avg: 2443.0, Max: 3578, Diff: 3578, Sum: 9772, Workers: 4
[2696.418s][debug][gc,phases      ] GC(247)   JNI Weak                       Min:  0.0, Avg:  0.0, Max:  0.0, Diff:  0.0, Sum:  0.0, Workers: 4
[2696.418s][debug][gc,phases      ] GC(247)     Dead                           Min: 0, Avg:  0.0, Max: 0, Diff: 0, Sum: 0, Workers: 4
[2696.418s][debug][gc,phases      ] GC(247)     Total                          Min: 0, Avg: 11.2, Max: 45, Diff: 45, Sum: 45, Workers: 4
[2696.418s][debug][gc,phases      ] GC(247)   StringDedup Table Weak         Min:  0.0, Avg:  0.0, Max:  0.0, Diff:  0.0, Sum:  0.0, Workers: 4
[2696.418s][debug][gc,phases      ] GC(247)     Dead                           Min: 0, Avg:  0.0, Max: 0, Diff: 0, Sum: 0, Workers: 4
[2696.418s][debug][gc,phases      ] GC(247)     Total                          Min: 0, Avg:  0.0, Max: 0, Diff: 0, Sum: 0, Workers: 4
[2696.418s][debug][gc,phases      ] GC(247)   StringDedup Requests0 Weak     Min:  0.0, Avg:  0.0, Max:  0.0, Diff:  0.0, Sum:  0.0, Workers: 4
[2696.418s][debug][gc,phases      ] GC(247)     Dead                           Min: 0, Avg:  0.0, Max: 0, Diff: 0, Sum: 0, Workers: 4
[2696.418s][debug][gc,phases      ] GC(247)     Total                          Min: 0, Avg:  0.0, Max: 0, Diff: 0, Sum: 0, Workers: 4
[2696.418s][debug][gc,phases      ] GC(247)   StringDedup Requests1 Weak     Min:  0.0, Avg:  0.0, Max:  0.0, Diff:  0.0, Sum:  0.0, Workers: 4
[2696.418s][debug][gc,phases      ] GC(247)     Dead                           Min: 0, Avg:  0.0, Max: 0, Diff: 0, Sum: 0, Workers: 4
[2696.418s][debug][gc,phases      ] GC(247)     Total                          Min: 0, Avg:  0.0, Max: 0, Diff: 0, Sum: 0, Workers: 4
[2696.418s][debug][gc,phases      ] GC(247)   Weak JFR Old Object Samples    Min:  0.0, Avg:  0.0, Max:  0.0, Diff:  0.0, Sum:  0.0, Workers: 4
[2696.418s][debug][gc,phases      ] GC(247)     Dead                           Min: 0, Avg:  0.0, Max: 0, Diff: 0, Sum: 0, Workers: 4
[2696.418s][debug][gc,phases      ] GC(247)     Total                          Min: 0, Avg:  0.0, Max: 0, Diff: 0, Sum: 0, Workers: 4
[2696.418s][debug][gc,phases      ] GC(247) Weak Processing 0.366ms
[2696.418s][debug][gc,age         ] GC(247) Desired survivor size 34603008 bytes, new threshold 15 (max threshold 15)
[2696.418s][info ][gc,heap        ] GC(247) PSYoungGen: 2026368K(2057728K)->7968K(2063360K) Eden: 2018304K(2018304K)->0K(2027008K) From: 8064K(39424K)->7968K(36352K)
[2696.418s][info ][gc,heap        ] GC(247) ParOldGen: 320541K(371712K)->320541K(371712K)
[2696.418s][info ][gc,metaspace   ] GC(247) Metaspace: 83448K(84288K)->83448K(84288K) NonClass: 71425K(71872K)->71425K(71872K) Class: 12023K(12416K)->12023K(12416K)
[2696.418s][info ][gc             ] GC(247) Pause Young (Allocation Failure) 2291M->320M(2378M) 8.125ms
[2696.418s][info ][gc,cpu         ] GC(247) User=0.02s Sys=0.00s Real=0.00s
[2696.418s][info ][safepoint      ] Safepoint "ParallelGCFailedAllocation", Time since last: 5589797284 ns, Reaching safepoint: 6100 ns, Cleanup: 43400 ns, At safepoint: 8199799 ns, Total: 8249299 ns
[2707.625s][info ][gc,start       ] GC(248) Pause Young (Allocation Failure)
[2707.631s][debug][gc,phases      ] GC(248) Scavenge 6.443ms
[2707.631s][debug][gc,ref         ] GC(248) Skipped phase 1 of Reference Processing: no references
[2707.631s][debug][gc,ref         ] GC(248) ReferenceProcessor::execute queues: 1, RefProcThreadModel::Single, marks_oops_alive: false
[2707.631s][debug][gc,ref         ] GC(248) Skipped phase 3 of Reference Processing: no references
[2707.631s][debug][gc,ref         ] GC(248) ReferenceProcessor::execute queues: 1, RefProcThreadModel::Single, marks_oops_alive: false
[2707.631s][debug][gc,phases      ] GC(248) Reference Processing 0.091ms
[2707.632s][debug][gc,phases      ] GC(248)   VM Weak                        Min:  0.0, Avg:  0.0, Max:  0.0, Diff:  0.0, Sum:  0.0, Workers: 4
[2707.632s][debug][gc,phases      ] GC(248)     Dead                           Min: 0, Avg:  0.0, Max: 0, Diff: 0, Sum: 0, Workers: 4
[2707.632s][debug][gc,phases      ] GC(248)     Total                          Min: 0, Avg: 181.0, Max: 512, Diff: 512, Sum: 724, Workers: 4
[2707.632s][debug][gc,phases      ] GC(248)   ObjectSynchronizer Weak        Min:  0.0, Avg:  0.0, Max:  0.0, Diff:  0.0, Sum:  0.0, Workers: 4
[2707.632s][debug][gc,phases      ] GC(248)     Dead                           Min: 0, Avg:  0.2, Max: 1, Diff: 1, Sum: 1, Workers: 4
[2707.632s][debug][gc,phases      ] GC(248)     Total                          Min: 0, Avg:  2.0, Max: 8, Diff: 8, Sum: 8, Workers: 4
[2707.632s][debug][gc,phases      ] GC(248)   JVMTI Tag Weak OopStorage      Min:  0.0, Avg:  0.0, Max:  0.0, Diff:  0.0, Sum:  0.0, Workers: 4
[2707.632s][debug][gc,phases      ] GC(248)     Dead                           Min: 0, Avg:  0.0, Max: 0, Diff: 0, Sum: 0, Workers: 4
[2707.632s][debug][gc,phases      ] GC(248)     Total                          Min: 0, Avg:  0.0, Max: 0, Diff: 0, Sum: 0, Workers: 4
[2707.632s][debug][gc,phases      ] GC(248)   StringTable Weak               Min:  0.1, Avg:  0.1, Max:  0.1, Diff:  0.0, Sum:  0.4, Workers: 4
[2707.632s][debug][gc,phases      ] GC(248)     Dead                           Min: 0, Avg:  0.0, Max: 0, Diff: 0, Sum: 0, Workers: 4
[2707.632s][debug][gc,phases      ] GC(248)     Total                          Min: 9792, Avg: 10932.0, Max: 11456, Diff: 1664, Sum: 43728, Workers: 4
[2707.632s][debug][gc,phases      ] GC(248)   ResolvedMethodTable Weak       Min:  0.0, Avg:  0.0, Max:  0.0, Diff:  0.0, Sum:  0.1, Workers: 4
[2707.632s][debug][gc,phases      ] GC(248)     Dead                           Min: 0, Avg:  0.0, Max: 0, Diff: 0, Sum: 0, Workers: 4
[2707.632s][debug][gc,phases      ] GC(248)     Total                          Min: 2365, Avg: 2443.0, Max: 2496, Diff: 131, Sum: 9772, Workers: 4
[2707.632s][debug][gc,phases      ] GC(248)   JNI Weak                       Min:  0.0, Avg:  0.0, Max:  0.0, Diff:  0.0, Sum:  0.0, Workers: 4
[2707.632s][debug][gc,phases      ] GC(248)     Dead                           Min: 0, Avg:  0.0, Max: 0, Diff: 0, Sum: 0, Workers: 4
[2707.632s][debug][gc,phases      ] GC(248)     Total                          Min: 0, Avg: 11.2, Max: 45, Diff: 45, Sum: 45, Workers: 4
[2707.632s][debug][gc,phases      ] GC(248)   StringDedup Table Weak         Min:  0.0, Avg:  0.0, Max:  0.0, Diff:  0.0, Sum:  0.0, Workers: 4
[2707.632s][debug][gc,phases      ] GC(248)     Dead                           Min: 0, Avg:  0.0, Max: 0, Diff: 0, Sum: 0, Workers: 4
[2707.632s][debug][gc,phases      ] GC(248)     Total                          Min: 0, Avg:  0.0, Max: 0, Diff: 0, Sum: 0, Workers: 4
[2707.632s][debug][gc,phases      ] GC(248)   StringDedup Requests0 Weak     Min:  0.0, Avg:  0.0, Max:  0.0, Diff:  0.0, Sum:  0.0, Workers: 4
[2707.632s][debug][gc,phases      ] GC(248)     Dead                           Min: 0, Avg:  0.0, Max: 0, Diff: 0, Sum: 0, Workers: 4
[2707.632s][debug][gc,phases      ] GC(248)     Total                          Min: 0, Avg:  0.0, Max: 0, Diff: 0, Sum: 0, Workers: 4
[2707.632s][debug][gc,phases      ] GC(248)   StringDedup Requests1 Weak     Min:  0.0, Avg:  0.0, Max:  0.0, Diff:  0.0, Sum:  0.0, Workers: 4
[2707.632s][debug][gc,phases      ] GC(248)     Dead                           Min: 0, Avg:  0.0, Max: 0, Diff: 0, Sum: 0, Workers: 4
[2707.632s][debug][gc,phases      ] GC(248)     Total                          Min: 0, Avg:  0.0, Max: 0, Diff: 0, Sum: 0, Workers: 4
[2707.632s][debug][gc,phases      ] GC(248)   Weak JFR Old Object Samples    Min:  0.0, Avg:  0.0, Max:  0.0, Diff:  0.0, Sum:  0.0, Workers: 4
[2707.632s][debug][gc,phases      ] GC(248)     Dead                           Min: 0, Avg:  0.0, Max: 0, Diff: 0, Sum: 0, Workers: 4
[2707.632s][debug][gc,phases      ] GC(248)     Total                          Min: 0, Avg:  0.0, Max: 0, Diff: 0, Sum: 0, Workers: 4
[2707.632s][debug][gc,phases      ] GC(248) Weak Processing 0.300ms
[2707.632s][debug][gc,age         ] GC(248) Desired survivor size 34078720 bytes, new threshold 15 (max threshold 15)
[2707.632s][info ][gc,heap        ] GC(248) PSYoungGen: 2034976K(2063360K)->13030K(2060800K) Eden: 2027008K(2027008K)->0K(2027008K) From: 7968K(36352K)->13030K(33792K)
[2707.632s][info ][gc,heap        ] GC(248) ParOldGen: 320541K(371712K)->320541K(371712K)
[2707.632s][info ][gc,metaspace   ] GC(248) Metaspace: 83459K(84288K)->83459K(84288K) NonClass: 71436K(71872K)->71436K(71872K) Class: 12023K(12416K)->12023K(12416K)
[2707.632s][info ][gc             ] GC(248) Pause Young (Allocation Failure) 2300M->325M(2375M) 6.936ms
[2707.632s][info ][gc,cpu         ] GC(248) User=0.02s Sys=0.00s Real=0.01s
[2707.632s][info ][safepoint      ] Safepoint "ParallelGCFailedAllocation", Time since last: 11206675848 ns, Reaching safepoint: 212900 ns, Cleanup: 109300 ns, At safepoint: 7006799 ns, Total: 7328999 ns
[2708.632s][info ][safepoint      ] Safepoint "Cleanup", Time since last: 1000063196 ns, Reaching safepoint: 4300 ns, Cleanup: 49500 ns, At safepoint: 2500 ns, Total: 56300 ns
[2711.632s][info ][safepoint      ] Safepoint "Cleanup", Time since last: 3000223600 ns, Reaching safepoint: 5000 ns, Cleanup: 42000 ns, At safepoint: 4600 ns, Total: 51600 ns
[2712.632s][info ][safepoint      ] Safepoint "Cleanup", Time since last: 1000098500 ns, Reaching safepoint: 3900 ns, Cleanup: 39400 ns, At safepoint: 6200 ns, Total: 49500 ns
[2716.159s][info ][gc,start       ] GC(249) Pause Young (Allocation Failure)
[2716.169s][debug][gc,phases      ] GC(249) Scavenge 9.365ms
[2716.169s][debug][gc,ref         ] GC(249) Skipped phase 1 of Reference Processing: no references
[2716.169s][debug][gc,ref         ] GC(249) ReferenceProcessor::execute queues: 1, RefProcThreadModel::Single, marks_oops_alive: false
[2716.169s][debug][gc,ref         ] GC(249) Skipped phase 3 of Reference Processing: no references
[2716.169s][debug][gc,ref         ] GC(249) ReferenceProcessor::execute queues: 1, RefProcThreadModel::Single, marks_oops_alive: false
[2716.169s][debug][gc,phases      ] GC(249) Reference Processing 0.101ms
[2716.169s][debug][gc,phases      ] GC(249)   VM Weak                        Min:  0.0, Avg:  0.0, Max:  0.0, Diff:  0.0, Sum:  0.0, Workers: 4
[2716.169s][debug][gc,phases      ] GC(249)     Dead                           Min: 0, Avg:  0.0, Max: 0, Diff: 0, Sum: 0, Workers: 4
[2716.169s][debug][gc,phases      ] GC(249)     Total                          Min: 0, Avg: 181.0, Max: 384, Diff: 384, Sum: 724, Workers: 4
[2716.169s][debug][gc,phases      ] GC(249)   ObjectSynchronizer Weak        Min:  0.0, Avg:  0.0, Max:  0.0, Diff:  0.0, Sum:  0.0, Workers: 4
[2716.169s][debug][gc,phases      ] GC(249)     Dead                           Min: 0, Avg:  0.0, Max: 0, Diff: 0, Sum: 0, Workers: 4
[2716.169s][debug][gc,phases      ] GC(249)     Total                          Min: 0, Avg:  2.0, Max: 8, Diff: 8, Sum: 8, Workers: 4
[2716.169s][debug][gc,phases      ] GC(249)   JVMTI Tag Weak OopStorage      Min:  0.0, Avg:  0.0, Max:  0.0, Diff:  0.0, Sum:  0.0, Workers: 4
[2716.169s][debug][gc,phases      ] GC(249)     Dead                           Min: 0, Avg:  0.0, Max: 0, Diff: 0, Sum: 0, Workers: 4
[2716.169s][debug][gc,phases      ] GC(249)     Total                          Min: 0, Avg:  0.0, Max: 0, Diff: 0, Sum: 0, Workers: 4
[2716.169s][debug][gc,phases      ] GC(249)   StringTable Weak               Min:  0.0, Avg:  0.1, Max:  0.1, Diff:  0.1, Sum:  0.4, Workers: 4
[2716.169s][debug][gc,phases      ] GC(249)     Dead                           Min: 0, Avg:  0.0, Max: 0, Diff: 0, Sum: 0, Workers: 4
[2716.169s][debug][gc,phases      ] GC(249)     Total                          Min: 0, Avg: 10932.0, Max: 14656, Diff: 14656, Sum: 43728, Workers: 4
[2716.169s][debug][gc,phases      ] GC(249)   ResolvedMethodTable Weak       Min:  0.0, Avg:  0.0, Max:  0.0, Diff:  0.0, Sum:  0.1, Workers: 4
[2716.169s][debug][gc,phases      ] GC(249)     Dead                           Min: 0, Avg:  0.0, Max: 0, Diff: 0, Sum: 0, Workers: 4
[2716.169s][debug][gc,phases      ] GC(249)     Total                          Min: 0, Avg: 2443.0, Max: 3317, Diff: 3317, Sum: 9772, Workers: 4
[2716.169s][debug][gc,phases      ] GC(249)   JNI Weak                       Min:  0.0, Avg:  0.0, Max:  0.0, Diff:  0.0, Sum:  0.0, Workers: 4
[2716.169s][debug][gc,phases      ] GC(249)     Dead                           Min: 0, Avg:  0.0, Max: 0, Diff: 0, Sum: 0, Workers: 4
[2716.169s][debug][gc,phases      ] GC(249)     Total                          Min: 0, Avg: 11.2, Max: 45, Diff: 45, Sum: 45, Workers: 4
[2716.169s][debug][gc,phases      ] GC(249)   StringDedup Table Weak         Min:  0.0, Avg:  0.0, Max:  0.0, Diff:  0.0, Sum:  0.0, Workers: 4
[2716.169s][debug][gc,phases      ] GC(249)     Dead                           Min: 0, Avg:  0.0, Max: 0, Diff: 0, Sum: 0, Workers: 4
[2716.169s][debug][gc,phases      ] GC(249)     Total                          Min: 0, Avg:  0.0, Max: 0, Diff: 0, Sum: 0, Workers: 4
[2716.169s][debug][gc,phases      ] GC(249)   StringDedup Requests0 Weak     Min:  0.0, Avg:  0.0, Max:  0.0, Diff:  0.0, Sum:  0.0, Workers: 4
[2716.169s][debug][gc,phases      ] GC(249)     Dead                           Min: 0, Avg:  0.0, Max: 0, Diff: 0, Sum: 0, Workers: 4
[2716.169s][debug][gc,phases      ] GC(249)     Total                          Min: 0, Avg:  0.0, Max: 0, Diff: 0, Sum: 0, Workers: 4
[2716.169s][debug][gc,phases      ] GC(249)   StringDedup Requests1 Weak     Min:  0.0, Avg:  0.0, Max:  0.0, Diff:  0.0, Sum:  0.0, Workers: 4
[2716.169s][debug][gc,phases      ] GC(249)     Dead                           Min: 0, Avg:  0.0, Max: 0, Diff: 0, Sum: 0, Workers: 4
[2716.169s][debug][gc,phases      ] GC(249)     Total                          Min: 0, Avg:  0.0, Max: 0, Diff: 0, Sum: 0, Workers: 4
[2716.169s][debug][gc,phases      ] GC(249)   Weak JFR Old Object Samples    Min:  0.0, Avg:  0.0, Max:  0.0, Diff:  0.0, Sum:  0.0, Workers: 4
[2716.169s][debug][gc,phases      ] GC(249)     Dead                           Min: 0, Avg:  0.0, Max: 0, Diff: 0, Sum: 0, Workers: 4
[2716.169s][debug][gc,phases      ] GC(249)     Total                          Min: 0, Avg:  0.0, Max: 0, Diff: 0, Sum: 0, Workers: 4
[2716.169s][debug][gc,phases      ] GC(249) Weak Processing 0.338ms
[2716.169s][debug][gc,age         ] GC(249) Desired survivor size 33030144 bytes, new threshold 15 (max threshold 15)
[2716.169s][info ][gc,heap        ] GC(249) PSYoungGen: 2040038K(2060800K)->13004K(2064896K) Eden: 2027008K(2027008K)->0K(2031616K) From: 13030K(33792K)->13004K(33280K)
[2716.169s][info ][gc,heap        ] GC(249) ParOldGen: 320541K(371712K)->320541K(371712K)
[2716.169s][info ][gc,metaspace   ] GC(249) Metaspace: 83463K(84288K)->83463K(84288K) NonClass: 71439K(71872K)->71439K(71872K) Class: 12023K(12416K)->12023K(12416K)
[2716.169s][info ][gc             ] GC(249) Pause Young (Allocation Failure) 2305M->325M(2379M) 9.909ms
[2716.169s][info ][gc,cpu         ] GC(249) User=0.03s Sys=0.00s Real=0.02s
[2716.169s][info ][safepoint      ] Safepoint "ParallelGCFailedAllocation", Time since last: 3526815195 ns, Reaching safepoint: 5000 ns, Cleanup: 23400 ns, At safepoint: 9983598 ns, Total: 10011998 ns
[2718.169s][info ][safepoint      ] Safepoint "Cleanup", Time since last: 2000142086 ns, Reaching safepoint: 72300 ns, Cleanup: 40700 ns, At safepoint: 5800 ns, Total: 118800 ns
[2720.170s][info ][safepoint      ] Safepoint "Cleanup", Time since last: 2000173977 ns, Reaching safepoint: 6000 ns, Cleanup: 35900 ns, At safepoint: 6600 ns, Total: 48500 ns
[2722.170s][info ][safepoint      ] Safepoint "Cleanup", Time since last: 2000172578 ns, Reaching safepoint: 4700 ns, Cleanup: 35200 ns, At safepoint: 2300 ns, Total: 42200 ns
[2723.170s][info ][safepoint      ] Safepoint "Cleanup", Time since last: 1000099989 ns, Reaching safepoint: 57800 ns, Cleanup: 45700 ns, At safepoint: 8900 ns, Total: 112400 ns
[2724.410s][info ][gc,start       ] GC(250) Pause Young (Allocation Failure)
[2724.421s][debug][gc,phases      ] GC(250) Scavenge 11.209ms
[2724.421s][debug][gc,ref         ] GC(250) Skipped phase 1 of Reference Processing: no references
[2724.421s][debug][gc,ref         ] GC(250) ReferenceProcessor::execute queues: 1, RefProcThreadModel::Single, marks_oops_alive: false
[2724.421s][debug][gc,ref         ] GC(250) ReferenceProcessor::execute queues: 4, RefProcThreadModel::Multi, marks_oops_alive: true
[2724.421s][debug][gc,ref         ] GC(250) ReferenceProcessor::execute queues: 1, RefProcThreadModel::Single, marks_oops_alive: false
[2724.421s][debug][gc,phases      ] GC(250) Reference Processing 0.164ms
[2724.422s][debug][gc,phases      ] GC(250)   VM Weak                        Min:  0.0, Avg:  0.0, Max:  0.0, Diff:  0.0, Sum:  0.0, Workers: 4
[2724.422s][debug][gc,phases      ] GC(250)     Dead                           Min: 0, Avg:  0.0, Max: 0, Diff: 0, Sum: 0, Workers: 4
[2724.422s][debug][gc,phases      ] GC(250)     Total                          Min: 0, Avg: 181.0, Max: 576, Diff: 576, Sum: 724, Workers: 4
[2724.422s][debug][gc,phases      ] GC(250)   ObjectSynchronizer Weak        Min:  0.0, Avg:  0.0, Max:  0.0, Diff:  0.0, Sum:  0.0, Workers: 4
[2724.422s][debug][gc,phases      ] GC(250)     Dead                           Min: 0, Avg:  0.0, Max: 0, Diff: 0, Sum: 0, Workers: 4
[2724.422s][debug][gc,phases      ] GC(250)     Total                          Min: 0, Avg:  2.0, Max: 8, Diff: 8, Sum: 8, Workers: 4
[2724.422s][debug][gc,phases      ] GC(250)   JVMTI Tag Weak OopStorage      Min:  0.0, Avg:  0.0, Max:  0.0, Diff:  0.0, Sum:  0.0, Workers: 4
[2724.422s][debug][gc,phases      ] GC(250)     Dead                           Min: 0, Avg:  0.0, Max: 0, Diff: 0, Sum: 0, Workers: 4
[2724.422s][debug][gc,phases      ] GC(250)     Total                          Min: 0, Avg:  0.0, Max: 0, Diff: 0, Sum: 0, Workers: 4
[2724.422s][debug][gc,phases      ] GC(250)   StringTable Weak               Min:  0.0, Avg:  0.1, Max:  0.1, Diff:  0.1, Sum:  0.4, Workers: 4
[2724.422s][debug][gc,phases      ] GC(250)     Dead                           Min: 0, Avg:  0.0, Max: 0, Diff: 0, Sum: 0, Workers: 4
[2724.422s][debug][gc,phases      ] GC(250)     Total                          Min: 0, Avg: 10933.0, Max: 15060, Diff: 15060, Sum: 43732, Workers: 4
[2724.422s][debug][gc,phases      ] GC(250)   ResolvedMethodTable Weak       Min:  0.0, Avg:  0.0, Max:  0.0, Diff:  0.0, Sum:  0.1, Workers: 4
[2724.422s][debug][gc,phases      ] GC(250)     Dead                           Min: 0, Avg:  0.0, Max: 0, Diff: 0, Sum: 0, Workers: 4
[2724.422s][debug][gc,phases      ] GC(250)     Total                          Min: 0, Avg: 2443.5, Max: 3449, Diff: 3449, Sum: 9774, Workers: 4
[2724.422s][debug][gc,phases      ] GC(250)   JNI Weak                       Min:  0.0, Avg:  0.0, Max:  0.0, Diff:  0.0, Sum:  0.0, Workers: 4
[2724.422s][debug][gc,phases      ] GC(250)     Dead                           Min: 0, Avg:  0.0, Max: 0, Diff: 0, Sum: 0, Workers: 4
[2724.422s][debug][gc,phases      ] GC(250)     Total                          Min: 0, Avg: 11.2, Max: 45, Diff: 45, Sum: 45, Workers: 4
[2724.422s][debug][gc,phases      ] GC(250)   StringDedup Table Weak         Min:  0.0, Avg:  0.0, Max:  0.0, Diff:  0.0, Sum:  0.0, Workers: 4
[2724.422s][debug][gc,phases      ] GC(250)     Dead                           Min: 0, Avg:  0.0, Max: 0, Diff: 0, Sum: 0, Workers: 4
[2724.422s][debug][gc,phases      ] GC(250)     Total                          Min: 0, Avg:  0.0, Max: 0, Diff: 0, Sum: 0, Workers: 4
[2724.422s][debug][gc,phases      ] GC(250)   StringDedup Requests0 Weak     Min:  0.0, Avg:  0.0, Max:  0.0, Diff:  0.0, Sum:  0.0, Workers: 4
[2724.422s][debug][gc,phases      ] GC(250)     Dead                           Min: 0, Avg:  0.0, Max: 0, Diff: 0, Sum: 0, Workers: 4
[2724.422s][debug][gc,phases      ] GC(250)     Total                          Min: 0, Avg:  0.0, Max: 0, Diff: 0, Sum: 0, Workers: 4
[2724.422s][debug][gc,phases      ] GC(250)   StringDedup Requests1 Weak     Min:  0.0, Avg:  0.0, Max:  0.0, Diff:  0.0, Sum:  0.0, Workers: 4
[2724.422s][debug][gc,phases      ] GC(250)     Dead                           Min: 0, Avg:  0.0, Max: 0, Diff: 0, Sum: 0, Workers: 4
[2724.422s][debug][gc,phases      ] GC(250)     Total                          Min: 0, Avg:  0.0, Max: 0, Diff: 0, Sum: 0, Workers: 4
[2724.422s][debug][gc,phases      ] GC(250)   Weak JFR Old Object Samples    Min:  0.0, Avg:  0.0, Max:  0.0, Diff:  0.0, Sum:  0.0, Workers: 4
[2724.422s][debug][gc,phases      ] GC(250)     Dead                           Min: 0, Avg:  0.0, Max: 0, Diff: 0, Sum: 0, Workers: 4
[2724.422s][debug][gc,phases      ] GC(250)     Total                          Min: 0, Avg:  0.0, Max: 0, Diff: 0, Sum: 0, Workers: 4
[2724.422s][debug][gc,phases      ] GC(250) Weak Processing 0.320ms
[2724.422s][debug][gc,age         ] GC(250) Desired survivor size 31457280 bytes, new threshold 15 (max threshold 15)
[2724.422s][info ][gc,heap        ] GC(250) PSYoungGen: 2044620K(2064896K)->12630K(2063872K) Eden: 2031616K(2031616K)->0K(2031616K) From: 13004K(33280K)->12630K(32256K)
[2724.422s][info ][gc,heap        ] GC(250) ParOldGen: 320541K(371712K)->320549K(371712K)
[2724.422s][info ][gc,metaspace   ] GC(250) Metaspace: 83478K(84352K)->83478K(84352K) NonClass: 71454K(71936K)->71454K(71936K) Class: 12024K(12416K)->12024K(12416K)
[2724.422s][info ][gc             ] GC(250) Pause Young (Allocation Failure) 2309M->325M(2378M) 11.791ms
[2724.422s][info ][gc,cpu         ] GC(250) User=0.03s Sys=0.00s Real=0.01s
[2724.422s][info ][safepoint      ] Safepoint "ParallelGCFailedAllocation", Time since last: 1239803638 ns, Reaching safepoint: 4600 ns, Cleanup: 20400 ns, At safepoint: 11867497 ns, Total: 11892497 ns
[2727.422s][info ][safepoint      ] Safepoint "Cleanup", Time since last: 3000205722 ns, Reaching safepoint: 5300 ns, Cleanup: 31200 ns, At safepoint: 2600 ns, Total: 39100 ns
[2733.812s][info ][gc,start       ] GC(251) Pause Young (Allocation Failure)
[2733.819s][debug][gc,phases      ] GC(251) Scavenge 6.997ms
[2733.819s][debug][gc,ref         ] GC(251) Skipped phase 1 of Reference Processing: no references
[2733.819s][debug][gc,ref         ] GC(251) ReferenceProcessor::execute queues: 1, RefProcThreadModel::Single, marks_oops_alive: false
[2733.819s][debug][gc,ref         ] GC(251) ReferenceProcessor::execute queues: 4, RefProcThreadModel::Multi, marks_oops_alive: true
[2733.819s][debug][gc,ref         ] GC(251) ReferenceProcessor::execute queues: 1, RefProcThreadModel::Single, marks_oops_alive: false
[2733.819s][debug][gc,phases      ] GC(251) Reference Processing 0.425ms
[2733.820s][debug][gc,phases      ] GC(251)   VM Weak                        Min:  0.0, Avg:  0.0, Max:  0.0, Diff:  0.0, Sum:  0.0, Workers: 4
[2733.820s][debug][gc,phases      ] GC(251)     Dead                           Min: 0, Avg:  0.0, Max: 0, Diff: 0, Sum: 0, Workers: 4
[2733.820s][debug][gc,phases      ] GC(251)     Total                          Min: 0, Avg: 181.2, Max: 320, Diff: 320, Sum: 725, Workers: 4
[2733.820s][debug][gc,phases      ] GC(251)   ObjectSynchronizer Weak        Min:  0.0, Avg:  0.0, Max:  0.0, Diff:  0.0, Sum:  0.0, Workers: 4
[2733.820s][debug][gc,phases      ] GC(251)     Dead                           Min: 0, Avg:  0.0, Max: 0, Diff: 0, Sum: 0, Workers: 4
[2733.820s][debug][gc,phases      ] GC(251)     Total                          Min: 0, Avg:  2.0, Max: 8, Diff: 8, Sum: 8, Workers: 4
[2733.820s][debug][gc,phases      ] GC(251)   JVMTI Tag Weak OopStorage      Min:  0.0, Avg:  0.0, Max:  0.0, Diff:  0.0, Sum:  0.0, Workers: 4
[2733.820s][debug][gc,phases      ] GC(251)     Dead                           Min: 0, Avg:  0.0, Max: 0, Diff: 0, Sum: 0, Workers: 4
[2733.820s][debug][gc,phases      ] GC(251)     Total                          Min: 0, Avg:  0.0, Max: 0, Diff: 0, Sum: 0, Workers: 4
[2733.820s][debug][gc,phases      ] GC(251)   StringTable Weak               Min:  0.0, Avg:  0.1, Max:  0.1, Diff:  0.1, Sum:  0.4, Workers: 4
[2733.820s][debug][gc,phases      ] GC(251)     Dead                           Min: 0, Avg:  0.0, Max: 0, Diff: 0, Sum: 0, Workers: 4
[2733.820s][debug][gc,phases      ] GC(251)     Total                          Min: 0, Avg: 10934.2, Max: 15065, Diff: 15065, Sum: 43737, Workers: 4
[2733.820s][debug][gc,phases      ] GC(251)   ResolvedMethodTable Weak       Min:  0.0, Avg:  0.0, Max:  0.0, Diff:  0.0, Sum:  0.1, Workers: 4
[2733.820s][debug][gc,phases      ] GC(251)     Dead                           Min: 0, Avg:  0.0, Max: 0, Diff: 0, Sum: 0, Workers: 4
[2733.820s][debug][gc,phases      ] GC(251)     Total                          Min: 0, Avg: 2443.5, Max: 3445, Diff: 3445, Sum: 9774, Workers: 4
[2733.820s][debug][gc,phases      ] GC(251)   JNI Weak                       Min:  0.0, Avg:  0.0, Max:  0.0, Diff:  0.0, Sum:  0.0, Workers: 4
[2733.820s][debug][gc,phases      ] GC(251)     Dead                           Min: 0, Avg:  0.0, Max: 0, Diff: 0, Sum: 0, Workers: 4
[2733.820s][debug][gc,phases      ] GC(251)     Total                          Min: 0, Avg: 11.2, Max: 45, Diff: 45, Sum: 45, Workers: 4
[2733.820s][debug][gc,phases      ] GC(251)   StringDedup Table Weak         Min:  0.0, Avg:  0.0, Max:  0.0, Diff:  0.0, Sum:  0.0, Workers: 4
[2733.820s][debug][gc,phases      ] GC(251)     Dead                           Min: 0, Avg:  0.0, Max: 0, Diff: 0, Sum: 0, Workers: 4
[2733.820s][debug][gc,phases      ] GC(251)     Total                          Min: 0, Avg:  0.0, Max: 0, Diff: 0, Sum: 0, Workers: 4
[2733.820s][debug][gc,phases      ] GC(251)   StringDedup Requests0 Weak     Min:  0.0, Avg:  0.0, Max:  0.0, Diff:  0.0, Sum:  0.0, Workers: 4
[2733.820s][debug][gc,phases      ] GC(251)     Dead                           Min: 0, Avg:  0.0, Max: 0, Diff: 0, Sum: 0, Workers: 4
[2733.820s][debug][gc,phases      ] GC(251)     Total                          Min: 0, Avg:  0.0, Max: 0, Diff: 0, Sum: 0, Workers: 4
[2733.820s][debug][gc,phases      ] GC(251)   StringDedup Requests1 Weak     Min:  0.0, Avg:  0.0, Max:  0.0, Diff:  0.0, Sum:  0.0, Workers: 4
[2733.820s][debug][gc,phases      ] GC(251)     Dead                           Min: 0, Avg:  0.0, Max: 0, Diff: 0, Sum: 0, Workers: 4
[2733.820s][debug][gc,phases      ] GC(251)     Total                          Min: 0, Avg:  0.0, Max: 0, Diff: 0, Sum: 0, Workers: 4
[2733.820s][debug][gc,phases      ] GC(251)   Weak JFR Old Object Samples    Min:  0.0, Avg:  0.0, Max:  0.0, Diff:  0.0, Sum:  0.0, Workers: 4
[2733.820s][debug][gc,phases      ] GC(251)     Dead                           Min: 0, Avg:  0.0, Max: 0, Diff: 0, Sum: 0, Workers: 4
[2733.820s][debug][gc,phases      ] GC(251)     Total                          Min: 0, Avg:  0.0, Max: 0, Diff: 0, Sum: 0, Workers: 4
[2733.820s][debug][gc,phases      ] GC(251) Weak Processing 0.308ms
[2733.820s][debug][gc,age         ] GC(251) Desired survivor size 30408704 bytes, new threshold 15 (max threshold 15)
[2733.820s][info ][gc,heap        ] GC(251) PSYoungGen: 2044246K(2063872K)->12652K(2067456K) Eden: 2031616K(2031616K)->0K(2036736K) From: 12630K(32256K)->12652K(30720K)
[2733.820s][info ][gc,heap        ] GC(251) ParOldGen: 320549K(371712K)->320549K(371712K)
[2733.820s][info ][gc,metaspace   ] GC(251) Metaspace: 83490K(84416K)->83490K(84416K) NonClass: 71465K(72000K)->71465K(72000K) Class: 12024K(12416K)->12024K(12416K)
[2733.820s][info ][gc             ] GC(251) Pause Young (Allocation Failure) 2309M->325M(2382M) 7.841ms
[2733.820s][info ][gc,cpu         ] GC(251) User=0.02s Sys=0.00s Real=0.00s
[2733.820s][info ][safepoint      ] Safepoint "ParallelGCFailedAllocation", Time since last: 6389743423 ns, Reaching safepoint: 6600 ns, Cleanup: 35600 ns, At safepoint: 7910099 ns, Total: 7952299 ns
[2734.820s][info ][safepoint      ] Safepoint "Cleanup", Time since last: 1000090210 ns, Reaching safepoint: 6700 ns, Cleanup: 34200 ns, At safepoint: 3000 ns, Total: 43900 ns
[2739.820s][info ][safepoint      ] Safepoint "Cleanup", Time since last: 5000379551 ns, Reaching safepoint: 5000 ns, Cleanup: 33800 ns, At safepoint: 3100 ns, Total: 41900 ns
[2741.380s][info ][safepoint      ] Safepoint "Cleanup", Time since last: 1559906427 ns, Reaching safepoint: 6100 ns, Cleanup: 81400 ns, At safepoint: 2500 ns, Total: 90000 ns
[2743.114s][info ][gc,start       ] GC(252) Pause Young (Allocation Failure)
[2743.123s][debug][gc,phases      ] GC(252) Scavenge 9.037ms
[2743.123s][debug][gc,ref         ] GC(252) Skipped phase 1 of Reference Processing: no references
[2743.123s][debug][gc,ref         ] GC(252) ReferenceProcessor::execute queues: 1, RefProcThreadModel::Single, marks_oops_alive: false
[2743.123s][debug][gc,ref         ] GC(252) ReferenceProcessor::execute queues: 4, RefProcThreadModel::Multi, marks_oops_alive: true
[2743.123s][debug][gc,ref         ] GC(252) ReferenceProcessor::execute queues: 1, RefProcThreadModel::Single, marks_oops_alive: false
[2743.123s][debug][gc,phases      ] GC(252) Reference Processing 0.172ms
[2743.124s][debug][gc,phases      ] GC(252)   VM Weak                        Min:  0.0, Avg:  0.0, Max:  0.0, Diff:  0.0, Sum:  0.0, Workers: 4
[2743.124s][debug][gc,phases      ] GC(252)     Dead                           Min: 0, Avg:  0.0, Max: 0, Diff: 0, Sum: 0, Workers: 4
[2743.124s][debug][gc,phases      ] GC(252)     Total                          Min: 0, Avg: 181.2, Max: 725, Diff: 725, Sum: 725, Workers: 4
[2743.124s][debug][gc,phases      ] GC(252)   ObjectSynchronizer Weak        Min:  0.0, Avg:  0.0, Max:  0.0, Diff:  0.0, Sum:  0.0, Workers: 4
[2743.124s][debug][gc,phases      ] GC(252)     Dead                           Min: 0, Avg:  0.0, Max: 0, Diff: 0, Sum: 0, Workers: 4
[2743.124s][debug][gc,phases      ] GC(252)     Total                          Min: 0, Avg:  2.0, Max: 8, Diff: 8, Sum: 8, Workers: 4
[2743.124s][debug][gc,phases      ] GC(252)   JVMTI Tag Weak OopStorage      Min:  0.0, Avg:  0.0, Max:  0.0, Diff:  0.0, Sum:  0.0, Workers: 4
[2743.124s][debug][gc,phases      ] GC(252)     Dead                           Min: 0, Avg:  0.0, Max: 0, Diff: 0, Sum: 0, Workers: 4
[2743.124s][debug][gc,phases      ] GC(252)     Total                          Min: 0, Avg:  0.0, Max: 0, Diff: 0, Sum: 0, Workers: 4
[2743.124s][debug][gc,phases      ] GC(252)   StringTable Weak               Min:  0.0, Avg:  0.1, Max:  0.1, Diff:  0.1, Sum:  0.4, Workers: 4
[2743.124s][debug][gc,phases      ] GC(252)     Dead                           Min: 0, Avg:  0.0, Max: 0, Diff: 0, Sum: 0, Workers: 4
[2743.124s][debug][gc,phases      ] GC(252)     Total                          Min: 0, Avg: 10935.5, Max: 15040, Diff: 15040, Sum: 43742, Workers: 4
[2743.124s][debug][gc,phases      ] GC(252)   ResolvedMethodTable Weak       Min:  0.0, Avg:  0.0, Max:  0.0, Diff:  0.0, Sum:  0.1, Workers: 4
[2743.124s][debug][gc,phases      ] GC(252)     Dead                           Min: 0, Avg:  0.0, Max: 0, Diff: 0, Sum: 0, Workers: 4
[2743.124s][debug][gc,phases      ] GC(252)     Total                          Min: 0, Avg: 2444.5, Max: 3317, Diff: 3317, Sum: 9778, Workers: 4
[2743.124s][debug][gc,phases      ] GC(252)   JNI Weak                       Min:  0.0, Avg:  0.0, Max:  0.0, Diff:  0.0, Sum:  0.0, Workers: 4
[2743.124s][debug][gc,phases      ] GC(252)     Dead                           Min: 0, Avg:  0.0, Max: 0, Diff: 0, Sum: 0, Workers: 4
[2743.124s][debug][gc,phases      ] GC(252)     Total                          Min: 0, Avg: 11.2, Max: 45, Diff: 45, Sum: 45, Workers: 4
[2743.124s][debug][gc,phases      ] GC(252)   StringDedup Table Weak         Min:  0.0, Avg:  0.0, Max:  0.0, Diff:  0.0, Sum:  0.0, Workers: 4
[2743.124s][debug][gc,phases      ] GC(252)     Dead                           Min: 0, Avg:  0.0, Max: 0, Diff: 0, Sum: 0, Workers: 4
[2743.124s][debug][gc,phases      ] GC(252)     Total                          Min: 0, Avg:  0.0, Max: 0, Diff: 0, Sum: 0, Workers: 4
[2743.124s][debug][gc,phases      ] GC(252)   StringDedup Requests0 Weak     Min:  0.0, Avg:  0.0, Max:  0.0, Diff:  0.0, Sum:  0.0, Workers: 4
[2743.124s][debug][gc,phases      ] GC(252)     Dead                           Min: 0, Avg:  0.0, Max: 0, Diff: 0, Sum: 0, Workers: 4
[2743.124s][debug][gc,phases      ] GC(252)     Total                          Min: 0, Avg:  0.0, Max: 0, Diff: 0, Sum: 0, Workers: 4
[2743.124s][debug][gc,phases      ] GC(252)   StringDedup Requests1 Weak     Min:  0.0, Avg:  0.0, Max:  0.0, Diff:  0.0, Sum:  0.0, Workers: 4
[2743.124s][debug][gc,phases      ] GC(252)     Dead                           Min: 0, Avg:  0.0, Max: 0, Diff: 0, Sum: 0, Workers: 4
[2743.124s][debug][gc,phases      ] GC(252)     Total                          Min: 0, Avg:  0.0, Max: 0, Diff: 0, Sum: 0, Workers: 4
[2743.124s][debug][gc,phases      ] GC(252)   Weak JFR Old Object Samples    Min:  0.0, Avg:  0.0, Max:  0.0, Diff:  0.0, Sum:  0.0, Workers: 4
[2743.124s][debug][gc,phases      ] GC(252)     Dead                           Min: 0, Avg:  0.0, Max: 0, Diff: 0, Sum: 0, Workers: 4
[2743.124s][debug][gc,phases      ] GC(252)     Total                          Min: 0, Avg:  0.0, Max: 0, Diff: 0, Sum: 0, Workers: 4
[2743.124s][debug][gc,phases      ] GC(252) Weak Processing 0.323ms
[2743.124s][debug][gc,age         ] GC(252) Desired survivor size 31457280 bytes, new threshold 15 (max threshold 15)
[2743.124s][info ][gc,heap        ] GC(252) PSYoungGen: 2049388K(2067456K)->17640K(2066432K) Eden: 2036736K(2036736K)->0K(2036736K) From: 12652K(30720K)->17640K(29696K)
[2743.124s][info ][gc,heap        ] GC(252) ParOldGen: 320549K(371712K)->320549K(371712K)
[2743.124s][info ][gc,metaspace   ] GC(252) Metaspace: 83515K(84416K)->83515K(84416K) NonClass: 71489K(72000K)->71489K(72000K) Class: 12026K(12416K)->12026K(12416K)
[2743.124s][info ][gc             ] GC(252) Pause Young (Allocation Failure) 2314M->330M(2381M) 9.647ms
[2743.124s][info ][gc,cpu         ] GC(252) User=0.03s Sys=0.00s Real=0.01s
[2743.124s][info ][safepoint      ] Safepoint "ParallelGCFailedAllocation", Time since last: 1733834449 ns, Reaching safepoint: 5800 ns, Cleanup: 31200 ns, At safepoint: 9740498 ns, Total: 9777498 ns
[2744.124s][info ][safepoint      ] Safepoint "Cleanup", Time since last: 1000083356 ns, Reaching safepoint: 6100 ns, Cleanup: 41600 ns, At safepoint: 5300 ns, Total: 53000 ns
[2748.124s][info ][safepoint      ] Safepoint "Cleanup", Time since last: 4000292621 ns, Reaching safepoint: 4400 ns, Cleanup: 47600 ns, At safepoint: 2600 ns, Total: 54600 ns
[2749.125s][info ][safepoint      ] Safepoint "Cleanup", Time since last: 1000095574 ns, Reaching safepoint: 4500 ns, Cleanup: 32700 ns, At safepoint: 3200 ns, Total: 40400 ns
[2751.775s][info ][gc,start       ] GC(253) Pause Young (Allocation Failure)
[2751.828s][debug][gc,phases      ] GC(253) Scavenge 52.890ms
[2751.828s][debug][gc,ref         ] GC(253) Skipped phase 1 of Reference Processing: no references
[2751.828s][debug][gc,ref         ] GC(253) ReferenceProcessor::execute queues: 1, RefProcThreadModel::Single, marks_oops_alive: false
[2751.828s][debug][gc,ref         ] GC(253) ReferenceProcessor::execute queues: 4, RefProcThreadModel::Multi, marks_oops_alive: true
[2751.832s][debug][gc,ref         ] GC(253) ReferenceProcessor::execute queues: 1, RefProcThreadModel::Single, marks_oops_alive: false
[2751.832s][debug][gc,phases      ] GC(253) Reference Processing 4.327ms
[2751.832s][debug][gc,phases      ] GC(253)   VM Weak                        Min:  0.0, Avg:  0.0, Max:  0.0, Diff:  0.0, Sum:  0.0, Workers: 4
[2751.832s][debug][gc,phases      ] GC(253)     Dead                           Min: 0, Avg:  0.0, Max: 0, Diff: 0, Sum: 0, Workers: 4
[2751.832s][debug][gc,phases      ] GC(253)     Total                          Min: 0, Avg: 181.2, Max: 725, Diff: 725, Sum: 725, Workers: 4
[2751.832s][debug][gc,phases      ] GC(253)   ObjectSynchronizer Weak        Min:  0.0, Avg:  0.0, Max:  0.0, Diff:  0.0, Sum:  0.0, Workers: 4
[2751.832s][debug][gc,phases      ] GC(253)     Dead                           Min: 0, Avg:  0.0, Max: 0, Diff: 0, Sum: 0, Workers: 4
[2751.832s][debug][gc,phases      ] GC(253)     Total                          Min: 0, Avg:  2.0, Max: 8, Diff: 8, Sum: 8, Workers: 4
[2751.832s][debug][gc,phases      ] GC(253)   JVMTI Tag Weak OopStorage      Min:  0.0, Avg:  0.0, Max:  0.0, Diff:  0.0, Sum:  0.0, Workers: 4
[2751.832s][debug][gc,phases      ] GC(253)     Dead                           Min: 0, Avg:  0.0, Max: 0, Diff: 0, Sum: 0, Workers: 4
[2751.832s][debug][gc,phases      ] GC(253)     Total                          Min: 0, Avg:  0.0, Max: 0, Diff: 0, Sum: 0, Workers: 4
[2751.832s][debug][gc,phases      ] GC(253)   StringTable Weak               Min:  0.0, Avg:  0.1, Max:  0.3, Diff:  0.3, Sum:  0.4, Workers: 4
[2751.832s][debug][gc,phases      ] GC(253)     Dead                           Min: 0, Avg:  0.0, Max: 0, Diff: 0, Sum: 0, Workers: 4
[2751.832s][debug][gc,phases      ] GC(253)     Total                          Min: 0, Avg: 10935.8, Max: 32223, Diff: 32223, Sum: 43743, Workers: 4
[2751.832s][debug][gc,phases      ] GC(253)   ResolvedMethodTable Weak       Min:  0.0, Avg:  0.0, Max:  0.0, Diff:  0.0, Sum:  0.1, Workers: 4
[2751.832s][debug][gc,phases      ] GC(253)     Dead                           Min: 0, Avg:  0.0, Max: 0, Diff: 0, Sum: 0, Workers: 4
[2751.832s][debug][gc,phases      ] GC(253)     Total                          Min: 0, Avg: 2444.5, Max: 5245, Diff: 5245, Sum: 9778, Workers: 4
[2751.832s][debug][gc,phases      ] GC(253)   JNI Weak                       Min:  0.0, Avg:  0.0, Max:  0.0, Diff:  0.0, Sum:  0.0, Workers: 4
[2751.832s][debug][gc,phases      ] GC(253)     Dead                           Min: 0, Avg:  0.0, Max: 0, Diff: 0, Sum: 0, Workers: 4
[2751.832s][debug][gc,phases      ] GC(253)     Total                          Min: 0, Avg: 11.2, Max: 45, Diff: 45, Sum: 45, Workers: 4
[2751.832s][debug][gc,phases      ] GC(253)   StringDedup Table Weak         Min:  0.0, Avg:  0.0, Max:  0.0, Diff:  0.0, Sum:  0.0, Workers: 4
[2751.832s][debug][gc,phases      ] GC(253)     Dead                           Min: 0, Avg:  0.0, Max: 0, Diff: 0, Sum: 0, Workers: 4
[2751.832s][debug][gc,phases      ] GC(253)     Total                          Min: 0, Avg:  0.0, Max: 0, Diff: 0, Sum: 0, Workers: 4
[2751.832s][debug][gc,phases      ] GC(253)   StringDedup Requests0 Weak     Min:  0.0, Avg:  0.0, Max:  0.0, Diff:  0.0, Sum:  0.0, Workers: 4
[2751.832s][debug][gc,phases      ] GC(253)     Dead                           Min: 0, Avg:  0.0, Max: 0, Diff: 0, Sum: 0, Workers: 4
[2751.832s][debug][gc,phases      ] GC(253)     Total                          Min: 0, Avg:  0.0, Max: 0, Diff: 0, Sum: 0, Workers: 4
[2751.832s][debug][gc,phases      ] GC(253)   StringDedup Requests1 Weak     Min:  0.0, Avg:  0.0, Max:  0.0, Diff:  0.0, Sum:  0.0, Workers: 4
[2751.832s][debug][gc,phases      ] GC(253)     Dead                           Min: 0, Avg:  0.0, Max: 0, Diff: 0, Sum: 0, Workers: 4
[2751.832s][debug][gc,phases      ] GC(253)     Total                          Min: 0, Avg:  0.0, Max: 0, Diff: 0, Sum: 0, Workers: 4
[2751.832s][debug][gc,phases      ] GC(253)   Weak JFR Old Object Samples    Min:  0.0, Avg:  0.0, Max:  0.0, Diff:  0.0, Sum:  0.0, Workers: 4
[2751.832s][debug][gc,phases      ] GC(253)     Dead                           Min: 0, Avg:  0.0, Max: 0, Diff: 0, Sum: 0, Workers: 4
[2751.832s][debug][gc,phases      ] GC(253)     Total                          Min: 0, Avg:  0.0, Max: 0, Diff: 0, Sum: 0, Workers: 4
[2751.832s][debug][gc,phases      ] GC(253) Weak Processing 0.533ms
[2751.832s][debug][gc,age         ] GC(253) Desired survivor size 47710208 bytes, new threshold 14 (max threshold 15)
[2751.833s][info ][gc,heap        ] GC(253) PSYoungGen: 2054376K(2066432K)->30690K(2034688K) Eden: 2036736K(2036736K)->0K(2003968K) From: 17640K(29696K)->30690K(30720K)
[2751.833s][info ][gc,heap        ] GC(253) ParOldGen: 320549K(371712K)->349785K(371712K)
[2751.833s][info ][gc,metaspace   ] GC(253) Metaspace: 83519K(84416K)->83519K(84416K) NonClass: 71493K(72000K)->71493K(72000K) Class: 12026K(12416K)->12026K(12416K)
[2751.833s][info ][gc             ] GC(253) Pause Young (Allocation Failure) 2319M->371M(2350M) 57.888ms
[2751.833s][info ][gc,cpu         ] GC(253) User=0.11s Sys=0.00s Real=0.06s
[2751.833s][debug][gc,phases      ] GC(254) Pre Compact 0.014ms
[2751.833s][info ][gc,start       ] GC(254) Pause Full (Ergonomics)
[2751.833s][info ][gc,phases,start] GC(254) Marking Phase
[2751.981s][debug][gc,phases      ] GC(254) Par Mark 148.360ms
[2751.981s][debug][gc,ref         ] GC(254) Skipped phase 1 of Reference Processing: no references
[2751.982s][debug][gc,ref         ] GC(254) ReferenceProcessor::execute queues: 4, RefProcThreadModel::Multi, marks_oops_alive: false
[2751.982s][debug][gc,ref         ] GC(254) Skipped phase 3 of Reference Processing: no references
[2751.982s][debug][gc,ref         ] GC(254) ReferenceProcessor::execute queues: 1, RefProcThreadModel::Single, marks_oops_alive: false
[2751.982s][debug][gc,phases      ] GC(254) Reference Processing 0.809ms
[2751.982s][debug][gc,phases      ] GC(254)   VM Weak                        Min:  0.0, Avg:  0.0, Max:  0.0, Diff:  0.0, Sum:  0.0, Workers: 4
[2751.982s][debug][gc,phases      ] GC(254)     Dead                           Min: 0, Avg:  0.0, Max: 0, Diff: 0, Sum: 0, Workers: 4
[2751.982s][debug][gc,phases      ] GC(254)     Total                          Min: 0, Avg: 181.2, Max: 448, Diff: 448, Sum: 725, Workers: 4
[2751.982s][debug][gc,phases      ] GC(254)   ObjectSynchronizer Weak        Min:  0.0, Avg:  0.0, Max:  0.0, Diff:  0.0, Sum:  0.0, Workers: 4
[2751.982s][debug][gc,phases      ] GC(254)     Dead                           Min: 0, Avg:  0.0, Max: 0, Diff: 0, Sum: 0, Workers: 4
[2751.982s][debug][gc,phases      ] GC(254)     Total                          Min: 0, Avg:  2.0, Max: 8, Diff: 8, Sum: 8, Workers: 4
[2751.982s][debug][gc,phases      ] GC(254)   JVMTI Tag Weak OopStorage      Min:  0.0, Avg:  0.0, Max:  0.0, Diff:  0.0, Sum:  0.0, Workers: 4
[2751.982s][debug][gc,phases      ] GC(254)     Dead                           Min: 0, Avg:  0.0, Max: 0, Diff: 0, Sum: 0, Workers: 4
[2751.982s][debug][gc,phases      ] GC(254)     Total                          Min: 0, Avg:  0.0, Max: 0, Diff: 0, Sum: 0, Workers: 4
[2751.982s][debug][gc,phases      ] GC(254)   StringTable Weak               Min:  0.0, Avg:  0.2, Max:  0.3, Diff:  0.3, Sum:  0.6, Workers: 4
[2751.982s][debug][gc,phases      ] GC(254)     Dead                           Min: 0, Avg:  0.0, Max: 0, Diff: 0, Sum: 0, Workers: 4
[2751.982s][debug][gc,phases      ] GC(254)     Total                          Min: 0, Avg: 10935.8, Max: 22208, Diff: 22208, Sum: 43743, Workers: 4
[2751.982s][debug][gc,phases      ] GC(254)   ResolvedMethodTable Weak       Min:  0.0, Avg:  0.0, Max:  0.1, Diff:  0.1, Sum:  0.1, Workers: 4
[2751.982s][debug][gc,phases      ] GC(254)     Dead                           Min: 0, Avg:  0.0, Max: 0, Diff: 0, Sum: 0, Workers: 4
[2751.982s][debug][gc,phases      ] GC(254)     Total                          Min: 0, Avg: 2444.5, Max: 4928, Diff: 4928, Sum: 9778, Workers: 4
[2751.982s][debug][gc,phases      ] GC(254)   JNI Weak                       Min:  0.0, Avg:  0.0, Max:  0.0, Diff:  0.0, Sum:  0.0, Workers: 4
[2751.982s][debug][gc,phases      ] GC(254)     Dead                           Min: 0, Avg:  0.0, Max: 0, Diff: 0, Sum: 0, Workers: 4
[2751.982s][debug][gc,phases      ] GC(254)     Total                          Min: 0, Avg: 11.2, Max: 45, Diff: 45, Sum: 45, Workers: 4
[2751.982s][debug][gc,phases      ] GC(254)   StringDedup Table Weak         Min:  0.0, Avg:  0.0, Max:  0.0, Diff:  0.0, Sum:  0.0, Workers: 4
[2751.982s][debug][gc,phases      ] GC(254)     Dead                           Min: 0, Avg:  0.0, Max: 0, Diff: 0, Sum: 0, Workers: 4
[2751.982s][debug][gc,phases      ] GC(254)     Total                          Min: 0, Avg:  0.0, Max: 0, Diff: 0, Sum: 0, Workers: 4
[2751.982s][debug][gc,phases      ] GC(254)   StringDedup Requests0 Weak     Min:  0.0, Avg:  0.0, Max:  0.0, Diff:  0.0, Sum:  0.0, Workers: 4
[2751.982s][debug][gc,phases      ] GC(254)     Dead                           Min: 0, Avg:  0.0, Max: 0, Diff: 0, Sum: 0, Workers: 4
[2751.982s][debug][gc,phases      ] GC(254)     Total                          Min: 0, Avg:  0.0, Max: 0, Diff: 0, Sum: 0, Workers: 4
[2751.982s][debug][gc,phases      ] GC(254)   StringDedup Requests1 Weak     Min:  0.0, Avg:  0.0, Max:  0.0, Diff:  0.0, Sum:  0.0, Workers: 4
[2751.982s][debug][gc,phases      ] GC(254)     Dead                           Min: 0, Avg:  0.0, Max: 0, Diff: 0, Sum: 0, Workers: 4
[2751.982s][debug][gc,phases      ] GC(254)     Total                          Min: 0, Avg:  0.0, Max: 0, Diff: 0, Sum: 0, Workers: 4
[2751.982s][debug][gc,phases      ] GC(254)   Weak JFR Old Object Samples    Min:  0.0, Avg:  0.0, Max:  0.0, Diff:  0.0, Sum:  0.0, Workers: 4
[2751.983s][debug][gc,phases      ] GC(254)     Dead                           Min: 0, Avg:  0.0, Max: 0, Diff: 0, Sum: 0, Workers: 4
[2751.983s][debug][gc,phases      ] GC(254)     Total                          Min: 0, Avg:  0.0, Max: 0, Diff: 0, Sum: 0, Workers: 4
[2751.983s][debug][gc,phases      ] GC(254) Weak Processing 0.634ms
[2751.983s][debug][gc,phases      ] GC(254) ClassLoaderData 0.074ms
[2751.983s][debug][gc,phases      ] GC(254) Trigger cleanups 0.000ms
[2752.003s][debug][gc,phases      ] GC(254) Class Unloading 20.632ms
[2752.003s][debug][gc,phases      ] GC(254) Report Object Count 0.001ms
[2752.003s][info ][gc,phases      ] GC(254) Marking Phase 170.605ms
[2752.003s][info ][gc,phases,start] GC(254) Summary Phase
[2752.003s][info ][gc,phases      ] GC(254) Summary Phase 0.014ms
[2752.003s][info ][gc,phases,start] GC(254) Adjust Roots
[2752.019s][info ][gc,phases      ] GC(254) Adjust Roots 15.301ms
[2752.019s][info ][gc,phases,start] GC(254) Compaction Phase
[2752.237s][info ][gc,phases      ] GC(254) Compaction Phase 218.208ms
[2752.237s][info ][gc,phases,start] GC(254) Post Compact
[2752.237s][info ][gc,phases      ] GC(254) Post Compact 0.648ms
[2752.238s][info ][gc,heap        ] GC(254) PSYoungGen: 30690K(2034688K)->0K(2050560K) Eden: 0K(2003968K)->0K(2003968K) From: 30690K(30720K)->0K(46592K)
[2752.238s][info ][gc,heap        ] GC(254) ParOldGen: 349785K(371712K)->319526K(373248K)
[2752.238s][info ][gc,metaspace   ] GC(254) Metaspace: 83519K(84416K)->83519K(84416K) NonClass: 71493K(72000K)->71493K(72000K) Class: 12026K(12416K)->12026K(12416K)
[2752.238s][info ][gc             ] GC(254) Pause Full (Ergonomics) 371M->312M(2367M) 404.976ms
[2752.238s][info ][gc,cpu         ] GC(254) User=0.82s Sys=0.00s Real=0.40s
[2752.238s][info ][safepoint      ] Safepoint "ParallelGCFailedAllocation", Time since last: 2645604330 ns, Reaching safepoint: 4426800 ns, Cleanup: 39100 ns, At safepoint: 463027571 ns, Total: 467493471 ns
[2753.238s][info ][safepoint      ] Safepoint "Cleanup", Time since last: 1000090835 ns, Reaching safepoint: 77700 ns, Cleanup: 41800 ns, At safepoint: 3800 ns, Total: 123300 ns
[2754.238s][info ][safepoint      ] Safepoint "Cleanup", Time since last: 1000103736 ns, Reaching safepoint: 4000 ns, Cleanup: 39000 ns, At safepoint: 2200 ns, Total: 45200 ns
[2756.661s][info ][gc,start       ] GC(255) Pause Young (Allocation Failure)
[2756.689s][debug][gc,phases      ] GC(255) Scavenge 28.328ms
[2756.689s][debug][gc,ref         ] GC(255) Skipped phase 1 of Reference Processing: no references
[2756.689s][debug][gc,ref         ] GC(255) ReferenceProcessor::execute queues: 1, RefProcThreadModel::Single, marks_oops_alive: false
[2756.689s][debug][gc,ref         ] GC(255) Skipped phase 3 of Reference Processing: no references
[2756.689s][debug][gc,ref         ] GC(255) ReferenceProcessor::execute queues: 1, RefProcThreadModel::Single, marks_oops_alive: false
[2756.689s][debug][gc,phases      ] GC(255) Reference Processing 0.122ms
[2756.689s][debug][gc,phases      ] GC(255)   VM Weak                        Min:  0.0, Avg:  0.0, Max:  0.0, Diff:  0.0, Sum:  0.0, Workers: 4
[2756.689s][debug][gc,phases      ] GC(255)     Dead                           Min: 0, Avg:  0.0, Max: 0, Diff: 0, Sum: 0, Workers: 4
[2756.689s][debug][gc,phases      ] GC(255)     Total                          Min: 0, Avg: 181.2, Max: 512, Diff: 512, Sum: 725, Workers: 4
[2756.689s][debug][gc,phases      ] GC(255)   ObjectSynchronizer Weak        Min:  0.0, Avg:  0.0, Max:  0.0, Diff:  0.0, Sum:  0.0, Workers: 4
[2756.689s][debug][gc,phases      ] GC(255)     Dead                           Min: 0, Avg:  0.0, Max: 0, Diff: 0, Sum: 0, Workers: 4
[2756.689s][debug][gc,phases      ] GC(255)     Total                          Min: 0, Avg:  2.0, Max: 8, Diff: 8, Sum: 8, Workers: 4
[2756.689s][debug][gc,phases      ] GC(255)   JVMTI Tag Weak OopStorage      Min:  0.0, Avg:  0.0, Max:  0.0, Diff:  0.0, Sum:  0.0, Workers: 4
[2756.689s][debug][gc,phases      ] GC(255)     Dead                           Min: 0, Avg:  0.0, Max: 0, Diff: 0, Sum: 0, Workers: 4
[2756.689s][debug][gc,phases      ] GC(255)     Total                          Min: 0, Avg:  0.0, Max: 0, Diff: 0, Sum: 0, Workers: 4
[2756.689s][debug][gc,phases      ] GC(255)   StringTable Weak               Min:  0.1, Avg:  0.1, Max:  0.1, Diff:  0.0, Sum:  0.4, Workers: 4
[2756.689s][debug][gc,phases      ] GC(255)     Dead                           Min: 0, Avg:  0.0, Max: 0, Diff: 0, Sum: 0, Workers: 4
[2756.689s][debug][gc,phases      ] GC(255)     Total                          Min: 9600, Avg: 10936.0, Max: 12224, Diff: 2624, Sum: 43744, Workers: 4
[2756.689s][debug][gc,phases      ] GC(255)   ResolvedMethodTable Weak       Min:  0.0, Avg:  0.0, Max:  0.0, Diff:  0.0, Sum:  0.1, Workers: 4
[2756.689s][debug][gc,phases      ] GC(255)     Dead                           Min: 0, Avg:  0.0, Max: 0, Diff: 0, Sum: 0, Workers: 4
[2756.689s][debug][gc,phases      ] GC(255)     Total                          Min: 2237, Avg: 2444.5, Max: 2752, Diff: 515, Sum: 9778, Workers: 4
[2756.689s][debug][gc,phases      ] GC(255)   JNI Weak                       Min:  0.0, Avg:  0.0, Max:  0.0, Diff:  0.0, Sum:  0.0, Workers: 4
[2756.689s][debug][gc,phases      ] GC(255)     Dead                           Min: 0, Avg:  0.0, Max: 0, Diff: 0, Sum: 0, Workers: 4
[2756.689s][debug][gc,phases      ] GC(255)     Total                          Min: 0, Avg: 11.2, Max: 45, Diff: 45, Sum: 45, Workers: 4
[2756.689s][debug][gc,phases      ] GC(255)   StringDedup Table Weak         Min:  0.0, Avg:  0.0, Max:  0.0, Diff:  0.0, Sum:  0.0, Workers: 4
[2756.689s][debug][gc,phases      ] GC(255)     Dead                           Min: 0, Avg:  0.0, Max: 0, Diff: 0, Sum: 0, Workers: 4
[2756.689s][debug][gc,phases      ] GC(255)     Total                          Min: 0, Avg:  0.0, Max: 0, Diff: 0, Sum: 0, Workers: 4
[2756.689s][debug][gc,phases      ] GC(255)   StringDedup Requests0 Weak     Min:  0.0, Avg:  0.0, Max:  0.0, Diff:  0.0, Sum:  0.0, Workers: 4
[2756.689s][debug][gc,phases      ] GC(255)     Dead                           Min: 0, Avg:  0.0, Max: 0, Diff: 0, Sum: 0, Workers: 4
[2756.689s][debug][gc,phases      ] GC(255)     Total                          Min: 0, Avg:  0.0, Max: 0, Diff: 0, Sum: 0, Workers: 4
[2756.689s][debug][gc,phases      ] GC(255)   StringDedup Requests1 Weak     Min:  0.0, Avg:  0.0, Max:  0.0, Diff:  0.0, Sum:  0.0, Workers: 4
[2756.689s][debug][gc,phases      ] GC(255)     Dead                           Min: 0, Avg:  0.0, Max: 0, Diff: 0, Sum: 0, Workers: 4
[2756.689s][debug][gc,phases      ] GC(255)     Total                          Min: 0, Avg:  0.0, Max: 0, Diff: 0, Sum: 0, Workers: 4
[2756.689s][debug][gc,phases      ] GC(255)   Weak JFR Old Object Samples    Min:  0.0, Avg:  0.0, Max:  0.0, Diff:  0.0, Sum:  0.0, Workers: 4
[2756.689s][debug][gc,phases      ] GC(255)     Dead                           Min: 0, Avg:  0.0, Max: 0, Diff: 0, Sum: 0, Workers: 4
[2756.689s][debug][gc,phases      ] GC(255)     Total                          Min: 0, Avg:  0.0, Max: 0, Diff: 0, Sum: 0, Workers: 4
[2756.689s][debug][gc,phases      ] GC(255) Weak Processing 0.291ms
[2756.689s][debug][gc,age         ] GC(255) Desired survivor size 58195968 bytes, new threshold 13 (max threshold 15)
[2756.689s][info ][gc,heap        ] GC(255) PSYoungGen: 2003968K(2050560K)->46576K(2030080K) Eden: 2003968K(2003968K)->0K(1983488K) From: 0K(46592K)->46576K(46592K)
[2756.689s][info ][gc,heap        ] GC(255) ParOldGen: 319526K(373248K)->324618K(373248K)
[2756.689s][info ][gc,metaspace   ] GC(255) Metaspace: 83528K(84416K)->83528K(84416K) NonClass: 71502K(72000K)->71502K(72000K) Class: 12026K(12416K)->12026K(12416K)
[2756.689s][info ][gc             ] GC(255) Pause Young (Allocation Failure) 2269M->362M(2347M) 28.858ms
[2756.689s][info ][gc,cpu         ] GC(255) User=0.09s Sys=0.00s Real=0.03s
[2756.690s][info ][safepoint      ] Safepoint "ParallelGCFailedAllocation", Time since last: 2422491345 ns, Reaching safepoint: 75600 ns, Cleanup: 29000 ns, At safepoint: 28933798 ns, Total: 29038398 ns
[2758.690s][info ][safepoint      ] Safepoint "Cleanup", Time since last: 2000113038 ns, Reaching safepoint: 5700 ns, Cleanup: 29999 ns, At safepoint: 2600 ns, Total: 38299 ns
[2759.690s][info ][safepoint      ] Safepoint "Cleanup", Time since last: 1000108250 ns, Reaching safepoint: 6300 ns, Cleanup: 33600 ns, At safepoint: 2500 ns, Total: 42400 ns
[2760.756s][info ][safepoint      ] Safepoint "Cleanup", Time since last: 1065955933 ns, Reaching safepoint: 3300 ns, Cleanup: 40400 ns, At safepoint: 4100 ns, Total: 47800 ns
[2764.559s][info ][gc,start       ] GC(256) Pause Young (Allocation Failure)
[2764.580s][debug][gc,phases      ] GC(256) Scavenge 20.516ms
[2764.580s][debug][gc,ref         ] GC(256) Skipped phase 1 of Reference Processing: no references
[2764.580s][debug][gc,ref         ] GC(256) ReferenceProcessor::execute queues: 1, RefProcThreadModel::Single, marks_oops_alive: false
[2764.580s][debug][gc,ref         ] GC(256) ReferenceProcessor::execute queues: 4, RefProcThreadModel::Multi, marks_oops_alive: true
[2764.584s][debug][gc,ref         ] GC(256) ReferenceProcessor::execute queues: 1, RefProcThreadModel::Single, marks_oops_alive: false
[2764.584s][debug][gc,phases      ] GC(256) Reference Processing 4.030ms
[2764.588s][debug][gc,phases      ] GC(256)   VM Weak                        Min:  0.0, Avg:  0.0, Max:  0.0, Diff:  0.0, Sum:  0.0, Workers: 4
[2764.588s][debug][gc,phases      ] GC(256)     Dead                           Min: 0, Avg:  0.0, Max: 0, Diff: 0, Sum: 0, Workers: 4
[2764.588s][debug][gc,phases      ] GC(256)     Total                          Min: 0, Avg: 181.2, Max: 512, Diff: 512, Sum: 725, Workers: 4
[2764.588s][debug][gc,phases      ] GC(256)   ObjectSynchronizer Weak        Min:  0.0, Avg:  0.0, Max:  0.0, Diff:  0.0, Sum:  0.0, Workers: 4
[2764.588s][debug][gc,phases      ] GC(256)     Dead                           Min: 0, Avg:  0.0, Max: 0, Diff: 0, Sum: 0, Workers: 4
[2764.588s][debug][gc,phases      ] GC(256)     Total                          Min: 0, Avg:  1.0, Max: 4, Diff: 4, Sum: 4, Workers: 4
[2764.588s][debug][gc,phases      ] GC(256)   JVMTI Tag Weak OopStorage      Min:  0.0, Avg:  0.0, Max:  0.0, Diff:  0.0, Sum:  0.0, Workers: 4
[2764.588s][debug][gc,phases      ] GC(256)     Dead                           Min: 0, Avg:  0.0, Max: 0, Diff: 0, Sum: 0, Workers: 4
[2764.588s][debug][gc,phases      ] GC(256)     Total                          Min: 0, Avg:  0.0, Max: 0, Diff: 0, Sum: 0, Workers: 4
[2764.588s][debug][gc,phases      ] GC(256)   StringTable Weak               Min:  0.1, Avg:  0.1, Max:  0.1, Diff:  0.0, Sum:  0.4, Workers: 4
[2764.588s][debug][gc,phases      ] GC(256)     Dead                           Min: 0, Avg:  0.0, Max: 0, Diff: 0, Sum: 0, Workers: 4
[2764.588s][debug][gc,phases      ] GC(256)     Total                          Min: 10560, Avg: 10939.2, Max: 11200, Diff: 640, Sum: 43757, Workers: 4
[2764.588s][debug][gc,phases      ] GC(256)   ResolvedMethodTable Weak       Min:  0.0, Avg:  0.0, Max:  0.0, Diff:  0.0, Sum:  0.1, Workers: 4
[2764.588s][debug][gc,phases      ] GC(256)     Dead                           Min: 0, Avg:  0.0, Max: 0, Diff: 0, Sum: 0, Workers: 4
[2764.588s][debug][gc,phases      ] GC(256)     Total                          Min: 2173, Avg: 2444.5, Max: 2688, Diff: 515, Sum: 9778, Workers: 4
[2764.588s][debug][gc,phases      ] GC(256)   JNI Weak                       Min:  0.0, Avg:  0.0, Max:  0.0, Diff:  0.0, Sum:  0.0, Workers: 4
[2764.588s][debug][gc,phases      ] GC(256)     Dead                           Min: 0, Avg:  0.0, Max: 0, Diff: 0, Sum: 0, Workers: 4
[2764.588s][debug][gc,phases      ] GC(256)     Total                          Min: 0, Avg: 11.2, Max: 45, Diff: 45, Sum: 45, Workers: 4
[2764.588s][debug][gc,phases      ] GC(256)   StringDedup Table Weak         Min:  0.0, Avg:  0.0, Max:  0.0, Diff:  0.0, Sum:  0.0, Workers: 4
[2764.588s][debug][gc,phases      ] GC(256)     Dead                           Min: 0, Avg:  0.0, Max: 0, Diff: 0, Sum: 0, Workers: 4
[2764.588s][debug][gc,phases      ] GC(256)     Total                          Min: 0, Avg:  0.0, Max: 0, Diff: 0, Sum: 0, Workers: 4
[2764.588s][debug][gc,phases      ] GC(256)   StringDedup Requests0 Weak     Min:  0.0, Avg:  0.0, Max:  0.0, Diff:  0.0, Sum:  0.0, Workers: 4
[2764.588s][debug][gc,phases      ] GC(256)     Dead                           Min: 0, Avg:  0.0, Max: 0, Diff: 0, Sum: 0, Workers: 4
[2764.588s][debug][gc,phases      ] GC(256)     Total                          Min: 0, Avg:  0.0, Max: 0, Diff: 0, Sum: 0, Workers: 4
[2764.588s][debug][gc,phases      ] GC(256)   StringDedup Requests1 Weak     Min:  0.0, Avg:  0.0, Max:  0.0, Diff:  0.0, Sum:  0.0, Workers: 4
[2764.588s][debug][gc,phases      ] GC(256)     Dead                           Min: 0, Avg:  0.0, Max: 0, Diff: 0, Sum: 0, Workers: 4
[2764.588s][debug][gc,phases      ] GC(256)     Total                          Min: 0, Avg:  0.0, Max: 0, Diff: 0, Sum: 0, Workers: 4
[2764.588s][debug][gc,phases      ] GC(256)   Weak JFR Old Object Samples    Min:  0.0, Avg:  0.0, Max:  0.0, Diff:  0.0, Sum:  0.0, Workers: 4
[2764.588s][debug][gc,phases      ] GC(256)     Dead                           Min: 0, Avg:  0.0, Max: 0, Diff: 0, Sum: 0, Workers: 4
[2764.588s][debug][gc,phases      ] GC(256)     Total                          Min: 0, Avg:  0.0, Max: 0, Diff: 0, Sum: 0, Workers: 4
[2764.588s][debug][gc,phases      ] GC(256) Weak Processing 4.048ms
[2764.588s][debug][gc,age         ] GC(256) Desired survivor size 65011712 bytes, new threshold 13 (max threshold 15)
[2764.588s][info ][gc,heap        ] GC(256) PSYoungGen: 2030064K(2030080K)->47296K(2031104K) Eden: 1983488K(1983488K)->0K(1983488K) From: 46576K(46592K)->47296K(47616K)
[2764.588s][info ][gc,heap        ] GC(256) ParOldGen: 324618K(373248K)->324618K(373248K)
[2764.588s][info ][gc,metaspace   ] GC(256) Metaspace: 83541K(84416K)->83541K(84416K) NonClass: 71515K(72000K)->71515K(72000K) Class: 12026K(12416K)->12026K(12416K)
[2764.588s][info ][gc             ] GC(256) Pause Young (Allocation Failure) 2299M->363M(2348M) 28.742ms
[2764.588s][info ][gc,cpu         ] GC(256) User=0.06s Sys=0.00s Real=0.04s
[2764.588s][info ][safepoint      ] Safepoint "ParallelGCFailedAllocation", Time since last: 3803517348 ns, Reaching safepoint: 6400 ns, Cleanup: 22500 ns, At safepoint: 28828993 ns, Total: 28857893 ns
[2773.365s][info ][gc,start       ] GC(257) Pause Young (Allocation Failure)
[2773.388s][debug][gc,phases      ] GC(257) Scavenge 22.851ms
[2773.388s][debug][gc,ref         ] GC(257) Skipped phase 1 of Reference Processing: no references
[2773.388s][debug][gc,ref         ] GC(257) ReferenceProcessor::execute queues: 1, RefProcThreadModel::Single, marks_oops_alive: false
[2773.388s][debug][gc,ref         ] GC(257) Skipped phase 3 of Reference Processing: no references
[2773.388s][debug][gc,ref         ] GC(257) ReferenceProcessor::execute queues: 1, RefProcThreadModel::Single, marks_oops_alive: false
[2773.388s][debug][gc,phases      ] GC(257) Reference Processing 0.121ms
[2773.388s][debug][gc,phases      ] GC(257)   VM Weak                        Min:  0.0, Avg:  0.0, Max:  0.0, Diff:  0.0, Sum:  0.0, Workers: 4
[2773.388s][debug][gc,phases      ] GC(257)     Dead                           Min: 0, Avg:  0.0, Max: 0, Diff: 0, Sum: 0, Workers: 4
[2773.388s][debug][gc,phases      ] GC(257)     Total                          Min: 0, Avg: 181.2, Max: 469, Diff: 469, Sum: 725, Workers: 4
[2773.388s][debug][gc,phases      ] GC(257)   ObjectSynchronizer Weak        Min:  0.0, Avg:  0.0, Max:  0.0, Diff:  0.0, Sum:  0.0, Workers: 4
[2773.388s][debug][gc,phases      ] GC(257)     Dead                           Min: 0, Avg:  0.0, Max: 0, Diff: 0, Sum: 0, Workers: 4
[2773.388s][debug][gc,phases      ] GC(257)     Total                          Min: 0, Avg:  1.2, Max: 5, Diff: 5, Sum: 5, Workers: 4
[2773.388s][debug][gc,phases      ] GC(257)   JVMTI Tag Weak OopStorage      Min:  0.0, Avg:  0.0, Max:  0.0, Diff:  0.0, Sum:  0.0, Workers: 4
[2773.388s][debug][gc,phases      ] GC(257)     Dead                           Min: 0, Avg:  0.0, Max: 0, Diff: 0, Sum: 0, Workers: 4
[2773.388s][debug][gc,phases      ] GC(257)     Total                          Min: 0, Avg:  0.0, Max: 0, Diff: 0, Sum: 0, Workers: 4
[2773.388s][debug][gc,phases      ] GC(257)   StringTable Weak               Min:  0.0, Avg:  0.1, Max:  0.1, Diff:  0.1, Sum:  0.4, Workers: 4
[2773.388s][debug][gc,phases      ] GC(257)     Dead                           Min: 0, Avg:  0.0, Max: 0, Diff: 0, Sum: 0, Workers: 4
[2773.388s][debug][gc,phases      ] GC(257)     Total                          Min: 0, Avg: 10939.2, Max: 15104, Diff: 15104, Sum: 43757, Workers: 4
[2773.388s][debug][gc,phases      ] GC(257)   ResolvedMethodTable Weak       Min:  0.0, Avg:  0.0, Max:  0.0, Diff:  0.0, Sum:  0.1, Workers: 4
[2773.388s][debug][gc,phases      ] GC(257)     Dead                           Min: 0, Avg:  0.0, Max: 0, Diff: 0, Sum: 0, Workers: 4
[2773.388s][debug][gc,phases      ] GC(257)     Total                          Min: 0, Avg: 2444.5, Max: 3453, Diff: 3453, Sum: 9778, Workers: 4
[2773.388s][debug][gc,phases      ] GC(257)   JNI Weak                       Min:  0.0, Avg:  0.0, Max:  0.0, Diff:  0.0, Sum:  0.0, Workers: 4
[2773.388s][debug][gc,phases      ] GC(257)     Dead                           Min: 0, Avg:  0.0, Max: 0, Diff: 0, Sum: 0, Workers: 4
[2773.388s][debug][gc,phases      ] GC(257)     Total                          Min: 0, Avg: 11.2, Max: 45, Diff: 45, Sum: 45, Workers: 4
[2773.388s][debug][gc,phases      ] GC(257)   StringDedup Table Weak         Min:  0.0, Avg:  0.0, Max:  0.0, Diff:  0.0, Sum:  0.0, Workers: 4
[2773.388s][debug][gc,phases      ] GC(257)     Dead                           Min: 0, Avg:  0.0, Max: 0, Diff: 0, Sum: 0, Workers: 4
[2773.388s][debug][gc,phases      ] GC(257)     Total                          Min: 0, Avg:  0.0, Max: 0, Diff: 0, Sum: 0, Workers: 4
[2773.388s][debug][gc,phases      ] GC(257)   StringDedup Requests0 Weak     Min:  0.0, Avg:  0.0, Max:  0.0, Diff:  0.0, Sum:  0.0, Workers: 4
[2773.388s][debug][gc,phases      ] GC(257)     Dead                           Min: 0, Avg:  0.0, Max: 0, Diff: 0, Sum: 0, Workers: 4
[2773.388s][debug][gc,phases      ] GC(257)     Total                          Min: 0, Avg:  0.0, Max: 0, Diff: 0, Sum: 0, Workers: 4
[2773.388s][debug][gc,phases      ] GC(257)   StringDedup Requests1 Weak     Min:  0.0, Avg:  0.0, Max:  0.0, Diff:  0.0, Sum:  0.0, Workers: 4
[2773.388s][debug][gc,phases      ] GC(257)     Dead                           Min: 0, Avg:  0.0, Max: 0, Diff: 0, Sum: 0, Workers: 4
[2773.388s][debug][gc,phases      ] GC(257)     Total                          Min: 0, Avg:  0.0, Max: 0, Diff: 0, Sum: 0, Workers: 4
[2773.388s][debug][gc,phases      ] GC(257)   Weak JFR Old Object Samples    Min:  0.0, Avg:  0.0, Max:  0.0, Diff:  0.0, Sum:  0.0, Workers: 4
[2773.388s][debug][gc,phases      ] GC(257)     Dead                           Min: 0, Avg:  0.0, Max: 0, Diff: 0, Sum: 0, Workers: 4
[2773.388s][debug][gc,phases      ] GC(257)     Total                          Min: 0, Avg:  0.0, Max: 0, Diff: 0, Sum: 0, Workers: 4
[2773.388s][debug][gc,phases      ] GC(257) Weak Processing 0.391ms
[2773.389s][debug][gc,age         ] GC(257) Desired survivor size 70254592 bytes, new threshold 13 (max threshold 15)
[2773.389s][info ][gc,heap        ] GC(257) PSYoungGen: 2030784K(2031104K)->47120K(2023424K) Eden: 1983488K(1983488K)->0K(1959936K) From: 47296K(47616K)->47120K(63488K)
[2773.389s][info ][gc,heap        ] GC(257) ParOldGen: 324618K(373248K)->324618K(373248K)
[2773.389s][info ][gc,metaspace   ] GC(257) Metaspace: 83541K(84416K)->83541K(84416K) NonClass: 71515K(72000K)->71515K(72000K) Class: 12026K(12416K)->12026K(12416K)
[2773.389s][info ][gc             ] GC(257) Pause Young (Allocation Failure) 2300M->363M(2340M) 23.501ms
[2773.389s][info ][gc,cpu         ] GC(257) User=0.06s Sys=0.00s Real=0.03s
[2773.389s][info ][safepoint      ] Safepoint "ParallelGCFailedAllocation", Time since last: 8776783439 ns, Reaching safepoint: 6600 ns, Cleanup: 21500 ns, At safepoint: 23593793 ns, Total: 23621893 ns
[2781.763s][info ][gc,start       ] GC(258) Pause Young (Allocation Failure)
[2781.781s][debug][gc,phases      ] GC(258) Scavenge 18.660ms
[2781.781s][debug][gc,ref         ] GC(258) Skipped phase 1 of Reference Processing: no references
[2781.781s][debug][gc,ref         ] GC(258) ReferenceProcessor::execute queues: 1, RefProcThreadModel::Single, marks_oops_alive: false
[2781.781s][debug][gc,ref         ] GC(258) Skipped phase 3 of Reference Processing: no references
[2781.781s][debug][gc,ref         ] GC(258) ReferenceProcessor::execute queues: 1, RefProcThreadModel::Single, marks_oops_alive: false
[2781.781s][debug][gc,phases      ] GC(258) Reference Processing 0.109ms
[2781.782s][debug][gc,phases      ] GC(258)   VM Weak                        Min:  0.0, Avg:  0.0, Max:  0.0, Diff:  0.0, Sum:  0.0, Workers: 4
[2781.782s][debug][gc,phases      ] GC(258)     Dead                           Min: 0, Avg:  0.0, Max: 0, Diff: 0, Sum: 0, Workers: 4
[2781.782s][debug][gc,phases      ] GC(258)     Total                          Min: 0, Avg: 181.2, Max: 640, Diff: 640, Sum: 725, Workers: 4
[2781.782s][debug][gc,phases      ] GC(258)   ObjectSynchronizer Weak        Min:  0.0, Avg:  0.0, Max:  0.0, Diff:  0.0, Sum:  0.0, Workers: 4
[2781.782s][debug][gc,phases      ] GC(258)     Dead                           Min: 0, Avg:  0.0, Max: 0, Diff: 0, Sum: 0, Workers: 4
[2781.782s][debug][gc,phases      ] GC(258)     Total                          Min: 0, Avg:  1.2, Max: 5, Diff: 5, Sum: 5, Workers: 4
[2781.782s][debug][gc,phases      ] GC(258)   JVMTI Tag Weak OopStorage      Min:  0.0, Avg:  0.0, Max:  0.0, Diff:  0.0, Sum:  0.0, Workers: 4
[2781.782s][debug][gc,phases      ] GC(258)     Dead                           Min: 0, Avg:  0.0, Max: 0, Diff: 0, Sum: 0, Workers: 4
[2781.782s][debug][gc,phases      ] GC(258)     Total                          Min: 0, Avg:  0.0, Max: 0, Diff: 0, Sum: 0, Workers: 4
[2781.782s][debug][gc,phases      ] GC(258)   StringTable Weak               Min:  0.1, Avg:  0.1, Max:  0.1, Diff:  0.0, Sum:  0.4, Workers: 4
[2781.782s][debug][gc,phases      ] GC(258)     Dead                           Min: 0, Avg:  0.0, Max: 0, Diff: 0, Sum: 0, Workers: 4
[2781.782s][debug][gc,phases      ] GC(258)     Total                          Min: 8960, Avg: 10939.8, Max: 13056, Diff: 4096, Sum: 43759, Workers: 4
[2781.782s][debug][gc,phases      ] GC(258)   ResolvedMethodTable Weak       Min:  0.0, Avg:  0.0, Max:  0.0, Diff:  0.0, Sum:  0.1, Workers: 4
[2781.782s][debug][gc,phases      ] GC(258)     Dead                           Min: 0, Avg:  0.0, Max: 0, Diff: 0, Sum: 0, Workers: 4
[2781.782s][debug][gc,phases      ] GC(258)     Total                          Min: 2240, Avg: 2444.5, Max: 2813, Diff: 573, Sum: 9778, Workers: 4
[2781.782s][debug][gc,phases      ] GC(258)   JNI Weak                       Min:  0.0, Avg:  0.0, Max:  0.0, Diff:  0.0, Sum:  0.0, Workers: 4
[2781.782s][debug][gc,phases      ] GC(258)     Dead                           Min: 0, Avg:  0.0, Max: 0, Diff: 0, Sum: 0, Workers: 4
[2781.782s][debug][gc,phases      ] GC(258)     Total                          Min: 0, Avg: 11.2, Max: 45, Diff: 45, Sum: 45, Workers: 4
[2781.782s][debug][gc,phases      ] GC(258)   StringDedup Table Weak         Min:  0.0, Avg:  0.0, Max:  0.0, Diff:  0.0, Sum:  0.0, Workers: 4
[2781.782s][debug][gc,phases      ] GC(258)     Dead                           Min: 0, Avg:  0.0, Max: 0, Diff: 0, Sum: 0, Workers: 4
[2781.782s][debug][gc,phases      ] GC(258)     Total                          Min: 0, Avg:  0.0, Max: 0, Diff: 0, Sum: 0, Workers: 4
[2781.782s][debug][gc,phases      ] GC(258)   StringDedup Requests0 Weak     Min:  0.0, Avg:  0.0, Max:  0.0, Diff:  0.0, Sum:  0.0, Workers: 4
[2781.782s][debug][gc,phases      ] GC(258)     Dead                           Min: 0, Avg:  0.0, Max: 0, Diff: 0, Sum: 0, Workers: 4
[2781.782s][debug][gc,phases      ] GC(258)     Total                          Min: 0, Avg:  0.0, Max: 0, Diff: 0, Sum: 0, Workers: 4
[2781.782s][debug][gc,phases      ] GC(258)   StringDedup Requests1 Weak     Min:  0.0, Avg:  0.0, Max:  0.0, Diff:  0.0, Sum:  0.0, Workers: 4
[2781.782s][debug][gc,phases      ] GC(258)     Dead                           Min: 0, Avg:  0.0, Max: 0, Diff: 0, Sum: 0, Workers: 4
[2781.782s][debug][gc,phases      ] GC(258)     Total                          Min: 0, Avg:  0.0, Max: 0, Diff: 0, Sum: 0, Workers: 4
[2781.782s][debug][gc,phases      ] GC(258)   Weak JFR Old Object Samples    Min:  0.0, Avg:  0.0, Max:  0.0, Diff:  0.0, Sum:  0.0, Workers: 4
[2781.782s][debug][gc,phases      ] GC(258)     Dead                           Min: 0, Avg:  0.0, Max: 0, Diff: 0, Sum: 0, Workers: 4
[2781.782s][debug][gc,phases      ] GC(258)     Total                          Min: 0, Avg:  0.0, Max: 0, Diff: 0, Sum: 0, Workers: 4
[2781.782s][debug][gc,phases      ] GC(258) Weak Processing 0.303ms
[2781.782s][debug][gc,age         ] GC(258) Desired survivor size 74448896 bytes, new threshold 14 (max threshold 15)
[2781.782s][info ][gc,heap        ] GC(258) PSYoungGen: 2007056K(2023424K)->47280K(2007552K) Eden: 1959936K(1959936K)->0K(1959936K) From: 47120K(63488K)->47280K(47616K)
[2781.782s][info ][gc,heap        ] GC(258) ParOldGen: 324618K(373248K)->324618K(373248K)
[2781.782s][info ][gc,metaspace   ] GC(258) Metaspace: 83541K(84416K)->83541K(84416K) NonClass: 71515K(72000K)->71515K(72000K) Class: 12026K(12416K)->12026K(12416K)
[2781.782s][info ][gc             ] GC(258) Pause Young (Allocation Failure) 2277M->363M(2325M) 19.188ms
[2781.782s][info ][gc,cpu         ] GC(258) User=0.05s Sys=0.00s Real=0.02s
[2781.782s][info ][safepoint      ] Safepoint "ParallelGCFailedAllocation", Time since last: 8373935027 ns, Reaching safepoint: 4200 ns, Cleanup: 35700 ns, At safepoint: 19259897 ns, Total: 19299797 ns
[2790.017s][info ][gc,start       ] GC(259) Pause Young (Allocation Failure)
[2790.056s][debug][gc,phases      ] GC(259) Scavenge 39.129ms
[2790.056s][debug][gc,ref         ] GC(259) Skipped phase 1 of Reference Processing: no references
[2790.056s][debug][gc,ref         ] GC(259) ReferenceProcessor::execute queues: 1, RefProcThreadModel::Single, marks_oops_alive: false
[2790.056s][debug][gc,ref         ] GC(259) Skipped phase 3 of Reference Processing: no references
[2790.056s][debug][gc,ref         ] GC(259) ReferenceProcessor::execute queues: 1, RefProcThreadModel::Single, marks_oops_alive: false
[2790.056s][debug][gc,phases      ] GC(259) Reference Processing 0.112ms
[2790.056s][debug][gc,phases      ] GC(259)   VM Weak                        Min:  0.0, Avg:  0.0, Max:  0.0, Diff:  0.0, Sum:  0.0, Workers: 4
[2790.056s][debug][gc,phases      ] GC(259)     Dead                           Min: 0, Avg:  0.0, Max: 0, Diff: 0, Sum: 0, Workers: 4
[2790.056s][debug][gc,phases      ] GC(259)     Total                          Min: 0, Avg: 181.2, Max: 725, Diff: 725, Sum: 725, Workers: 4
[2790.056s][debug][gc,phases      ] GC(259)   ObjectSynchronizer Weak        Min:  0.0, Avg:  0.0, Max:  0.0, Diff:  0.0, Sum:  0.0, Workers: 4
[2790.056s][debug][gc,phases      ] GC(259)     Dead                           Min: 0, Avg:  0.0, Max: 0, Diff: 0, Sum: 0, Workers: 4
[2790.056s][debug][gc,phases      ] GC(259)     Total                          Min: 0, Avg:  1.2, Max: 5, Diff: 5, Sum: 5, Workers: 4
[2790.056s][debug][gc,phases      ] GC(259)   JVMTI Tag Weak OopStorage      Min:  0.0, Avg:  0.0, Max:  0.0, Diff:  0.0, Sum:  0.0, Workers: 4
[2790.056s][debug][gc,phases      ] GC(259)     Dead                           Min: 0, Avg:  0.0, Max: 0, Diff: 0, Sum: 0, Workers: 4
[2790.056s][debug][gc,phases      ] GC(259)     Total                          Min: 0, Avg:  0.0, Max: 0, Diff: 0, Sum: 0, Workers: 4
[2790.056s][debug][gc,phases      ] GC(259)   StringTable Weak               Min:  0.0, Avg:  0.1, Max:  0.2, Diff:  0.2, Sum:  0.3, Workers: 4
[2790.056s][debug][gc,phases      ] GC(259)     Dead                           Min: 0, Avg:  0.0, Max: 0, Diff: 0, Sum: 0, Workers: 4
[2790.056s][debug][gc,phases      ] GC(259)     Total                          Min: 0, Avg: 10939.8, Max: 23791, Diff: 23791, Sum: 43759, Workers: 4
[2790.056s][debug][gc,phases      ] GC(259)   ResolvedMethodTable Weak       Min:  0.0, Avg:  0.0, Max:  0.0, Diff:  0.0, Sum:  0.1, Workers: 4
[2790.056s][debug][gc,phases      ] GC(259)     Dead                           Min: 0, Avg:  0.0, Max: 0, Diff: 0, Sum: 0, Workers: 4
[2790.056s][debug][gc,phases      ] GC(259)     Total                          Min: 0, Avg: 2444.5, Max: 5120, Diff: 5120, Sum: 9778, Workers: 4
[2790.056s][debug][gc,phases      ] GC(259)   JNI Weak                       Min:  0.0, Avg:  0.0, Max:  0.0, Diff:  0.0, Sum:  0.0, Workers: 4
[2790.057s][debug][gc,phases      ] GC(259)     Dead                           Min: 0, Avg:  0.0, Max: 0, Diff: 0, Sum: 0, Workers: 4
[2790.057s][debug][gc,phases      ] GC(259)     Total                          Min: 0, Avg: 11.2, Max: 45, Diff: 45, Sum: 45, Workers: 4
[2790.057s][debug][gc,phases      ] GC(259)   StringDedup Table Weak         Min:  0.0, Avg:  0.0, Max:  0.0, Diff:  0.0, Sum:  0.0, Workers: 4
[2790.057s][debug][gc,phases      ] GC(259)     Dead                           Min: 0, Avg:  0.0, Max: 0, Diff: 0, Sum: 0, Workers: 4
[2790.057s][debug][gc,phases      ] GC(259)     Total                          Min: 0, Avg:  0.0, Max: 0, Diff: 0, Sum: 0, Workers: 4
[2790.057s][debug][gc,phases      ] GC(259)   StringDedup Requests0 Weak     Min:  0.0, Avg:  0.0, Max:  0.0, Diff:  0.0, Sum:  0.0, Workers: 4
[2790.057s][debug][gc,phases      ] GC(259)     Dead                           Min: 0, Avg:  0.0, Max: 0, Diff: 0, Sum: 0, Workers: 4
[2790.057s][debug][gc,phases      ] GC(259)     Total                          Min: 0, Avg:  0.0, Max: 0, Diff: 0, Sum: 0, Workers: 4
[2790.057s][debug][gc,phases      ] GC(259)   StringDedup Requests1 Weak     Min:  0.0, Avg:  0.0, Max:  0.0, Diff:  0.0, Sum:  0.0, Workers: 4
[2790.057s][debug][gc,phases      ] GC(259)     Dead                           Min: 0, Avg:  0.0, Max: 0, Diff: 0, Sum: 0, Workers: 4
[2790.057s][debug][gc,phases      ] GC(259)     Total                          Min: 0, Avg:  0.0, Max: 0, Diff: 0, Sum: 0, Workers: 4
[2790.057s][debug][gc,phases      ] GC(259)   Weak JFR Old Object Samples    Min:  0.0, Avg:  0.0, Max:  0.0, Diff:  0.0, Sum:  0.0, Workers: 4
[2790.057s][debug][gc,phases      ] GC(259)     Dead                           Min: 0, Avg:  0.0, Max: 0, Diff: 0, Sum: 0, Workers: 4
[2790.057s][debug][gc,phases      ] GC(259)     Total                          Min: 0, Avg:  0.0, Max: 0, Diff: 0, Sum: 0, Workers: 4
[2790.057s][debug][gc,phases      ] GC(259) Weak Processing 0.553ms
[2790.057s][debug][gc,age         ] GC(259) Desired survivor size 77594624 bytes, new threshold 14 (max threshold 15)
[2790.057s][info ][gc,heap        ] GC(259) PSYoungGen: 2007216K(2007552K)->47248K(2018304K) Eden: 1959936K(1959936K)->0K(1945600K) From: 47280K(47616K)->47248K(72704K)
[2790.057s][info ][gc,heap        ] GC(259) ParOldGen: 324618K(373248K)->324618K(373248K)
[2790.057s][info ][gc,metaspace   ] GC(259) Metaspace: 83542K(84416K)->83542K(84416K) NonClass: 71516K(72000K)->71516K(72000K) Class: 12026K(12416K)->12026K(12416K)
[2790.057s][info ][gc             ] GC(259) Pause Young (Allocation Failure) 2277M->363M(2335M) 39.903ms
[2790.057s][info ][gc,cpu         ] GC(259) User=0.05s Sys=0.00s Real=0.04s
[2790.057s][info ][safepoint      ] Safepoint "ParallelGCFailedAllocation", Time since last: 8234847814 ns, Reaching safepoint: 5800 ns, Cleanup: 20500 ns, At safepoint: 39987894 ns, Total: 40014194 ns
[2792.057s][info ][safepoint      ] Safepoint "Cleanup", Time since last: 2000148604 ns, Reaching safepoint: 5000 ns, Cleanup: 37500 ns, At safepoint: 3200 ns, Total: 45700 ns
[2793.057s][info ][safepoint      ] Safepoint "Cleanup", Time since last: 1000110652 ns, Reaching safepoint: 4200 ns, Cleanup: 31400 ns, At safepoint: 2600 ns, Total: 38200 ns
[2796.057s][info ][safepoint      ] Safepoint "Cleanup", Time since last: 3000191255 ns, Reaching safepoint: 4400 ns, Cleanup: 37000 ns, At safepoint: 4400 ns, Total: 45800 ns
[2797.057s][info ][safepoint      ] Safepoint "Cleanup", Time since last: 1000097465 ns, Reaching safepoint: 4600 ns, Cleanup: 32600 ns, At safepoint: 2700 ns, Total: 39900 ns
[2798.111s][info ][gc,start       ] GC(260) Pause Young (Allocation Failure)
[2798.130s][debug][gc,phases      ] GC(260) Scavenge 18.782ms
[2798.130s][debug][gc,ref         ] GC(260) Skipped phase 1 of Reference Processing: no references
[2798.130s][debug][gc,ref         ] GC(260) ReferenceProcessor::execute queues: 1, RefProcThreadModel::Single, marks_oops_alive: false
[2798.130s][debug][gc,ref         ] GC(260) Skipped phase 3 of Reference Processing: no references
[2798.130s][debug][gc,ref         ] GC(260) ReferenceProcessor::execute queues: 1, RefProcThreadModel::Single, marks_oops_alive: false
[2798.130s][debug][gc,phases      ] GC(260) Reference Processing 0.098ms
[2798.130s][debug][gc,phases      ] GC(260)   VM Weak                        Min:  0.0, Avg:  0.0, Max:  0.0, Diff:  0.0, Sum:  0.0, Workers: 4
[2798.130s][debug][gc,phases      ] GC(260)     Dead                           Min: 0, Avg:  0.0, Max: 0, Diff: 0, Sum: 0, Workers: 4
[2798.130s][debug][gc,phases      ] GC(260)     Total                          Min: 0, Avg: 181.2, Max: 725, Diff: 725, Sum: 725, Workers: 4
[2798.130s][debug][gc,phases      ] GC(260)   ObjectSynchronizer Weak        Min:  0.0, Avg:  0.0, Max:  0.0, Diff:  0.0, Sum:  0.0, Workers: 4
[2798.130s][debug][gc,phases      ] GC(260)     Dead                           Min: 0, Avg:  0.0, Max: 0, Diff: 0, Sum: 0, Workers: 4
[2798.130s][debug][gc,phases      ] GC(260)     Total                          Min: 0, Avg:  1.2, Max: 5, Diff: 5, Sum: 5, Workers: 4
[2798.130s][debug][gc,phases      ] GC(260)   JVMTI Tag Weak OopStorage      Min:  0.0, Avg:  0.0, Max:  0.0, Diff:  0.0, Sum:  0.0, Workers: 4
[2798.130s][debug][gc,phases      ] GC(260)     Dead                           Min: 0, Avg:  0.0, Max: 0, Diff: 0, Sum: 0, Workers: 4
[2798.130s][debug][gc,phases      ] GC(260)     Total                          Min: 0, Avg:  0.0, Max: 0, Diff: 0, Sum: 0, Workers: 4
[2798.130s][debug][gc,phases      ] GC(260)   StringTable Weak               Min:  0.0, Avg:  0.1, Max:  0.1, Diff:  0.1, Sum:  0.4, Workers: 4
[2798.130s][debug][gc,phases      ] GC(260)     Dead                           Min: 0, Avg:  0.0, Max: 0, Diff: 0, Sum: 0, Workers: 4
[2798.130s][debug][gc,phases      ] GC(260)     Total                          Min: 0, Avg: 10939.8, Max: 18560, Diff: 18560, Sum: 43759, Workers: 4
[2798.130s][debug][gc,phases      ] GC(260)   ResolvedMethodTable Weak       Min:  0.0, Avg:  0.0, Max:  0.0, Diff:  0.0, Sum:  0.1, Workers: 4
[2798.130s][debug][gc,phases      ] GC(260)     Dead                           Min: 0, Avg:  0.0, Max: 0, Diff: 0, Sum: 0, Workers: 4
[2798.130s][debug][gc,phases      ] GC(260)     Total                          Min: 0, Avg: 2444.5, Max: 4093, Diff: 4093, Sum: 9778, Workers: 4
[2798.130s][debug][gc,phases      ] GC(260)   JNI Weak                       Min:  0.0, Avg:  0.0, Max:  0.0, Diff:  0.0, Sum:  0.0, Workers: 4
[2798.130s][debug][gc,phases      ] GC(260)     Dead                           Min: 0, Avg:  0.0, Max: 0, Diff: 0, Sum: 0, Workers: 4
[2798.130s][debug][gc,phases      ] GC(260)     Total                          Min: 0, Avg: 11.2, Max: 45, Diff: 45, Sum: 45, Workers: 4
[2798.130s][debug][gc,phases      ] GC(260)   StringDedup Table Weak         Min:  0.0, Avg:  0.0, Max:  0.0, Diff:  0.0, Sum:  0.0, Workers: 4
[2798.130s][debug][gc,phases      ] GC(260)     Dead                           Min: 0, Avg:  0.0, Max: 0, Diff: 0, Sum: 0, Workers: 4
[2798.130s][debug][gc,phases      ] GC(260)     Total                          Min: 0, Avg:  0.0, Max: 0, Diff: 0, Sum: 0, Workers: 4
[2798.130s][debug][gc,phases      ] GC(260)   StringDedup Requests0 Weak     Min:  0.0, Avg:  0.0, Max:  0.0, Diff:  0.0, Sum:  0.0, Workers: 4
[2798.130s][debug][gc,phases      ] GC(260)     Dead                           Min: 0, Avg:  0.0, Max: 0, Diff: 0, Sum: 0, Workers: 4
[2798.130s][debug][gc,phases      ] GC(260)     Total                          Min: 0, Avg:  0.0, Max: 0, Diff: 0, Sum: 0, Workers: 4
[2798.130s][debug][gc,phases      ] GC(260)   StringDedup Requests1 Weak     Min:  0.0, Avg:  0.0, Max:  0.0, Diff:  0.0, Sum:  0.0, Workers: 4
[2798.130s][debug][gc,phases      ] GC(260)     Dead                           Min: 0, Avg:  0.0, Max: 0, Diff: 0, Sum: 0, Workers: 4
[2798.130s][debug][gc,phases      ] GC(260)     Total                          Min: 0, Avg:  0.0, Max: 0, Diff: 0, Sum: 0, Workers: 4
[2798.130s][debug][gc,phases      ] GC(260)   Weak JFR Old Object Samples    Min:  0.0, Avg:  0.0, Max:  0.0, Diff:  0.0, Sum:  0.0, Workers: 4
[2798.130s][debug][gc,phases      ] GC(260)     Dead                           Min: 0, Avg:  0.0, Max: 0, Diff: 0, Sum: 0, Workers: 4
[2798.130s][debug][gc,phases      ] GC(260)     Total                          Min: 0, Avg:  0.0, Max: 0, Diff: 0, Sum: 0, Workers: 4
[2798.130s][debug][gc,phases      ] GC(260) Weak Processing 0.320ms
[2798.130s][debug][gc,age         ] GC(260) Desired survivor size 79691776 bytes, new threshold 14 (max threshold 15)
[2798.130s][info ][gc,heap        ] GC(260) PSYoungGen: 1992848K(2018304K)->47600K(1993216K) Eden: 1945600K(1945600K)->0K(1945600K) From: 47248K(72704K)->47600K(47616K)
[2798.130s][info ][gc,heap        ] GC(260) ParOldGen: 324618K(373248K)->324618K(373248K)
[2798.130s][info ][gc,metaspace   ] GC(260) Metaspace: 83546K(84416K)->83546K(84416K) NonClass: 71520K(72000K)->71520K(72000K) Class: 12026K(12416K)->12026K(12416K)
[2798.130s][info ][gc             ] GC(260) Pause Young (Allocation Failure) 2263M->363M(2311M) 19.321ms
[2798.130s][info ][gc,cpu         ] GC(260) User=0.06s Sys=0.00s Real=0.02s
[2798.130s][info ][safepoint      ] Safepoint "ParallelGCFailedAllocation", Time since last: 1053291048 ns, Reaching safepoint: 73400 ns, Cleanup: 27000 ns, At safepoint: 19402899 ns, Total: 19503299 ns
[2806.131s][info ][safepoint      ] Safepoint "Cleanup", Time since last: 8000426232 ns, Reaching safepoint: 4200 ns, Cleanup: 40400 ns, At safepoint: 3500 ns, Total: 48100 ns
[2806.317s][info ][gc,start       ] GC(261) Pause Young (Allocation Failure)
[2806.335s][debug][gc,phases      ] GC(261) Scavenge 18.129ms
[2806.335s][debug][gc,ref         ] GC(261) Skipped phase 1 of Reference Processing: no references
[2806.336s][debug][gc,ref         ] GC(261) ReferenceProcessor::execute queues: 1, RefProcThreadModel::Single, marks_oops_alive: false
[2806.336s][debug][gc,ref         ] GC(261) Skipped phase 3 of Reference Processing: no references
[2806.336s][debug][gc,ref         ] GC(261) ReferenceProcessor::execute queues: 1, RefProcThreadModel::Single, marks_oops_alive: false
[2806.336s][debug][gc,phases      ] GC(261) Reference Processing 0.087ms
[2806.336s][debug][gc,phases      ] GC(261)   VM Weak                        Min:  0.0, Avg:  0.0, Max:  0.0, Diff:  0.0, Sum:  0.0, Workers: 4
[2806.336s][debug][gc,phases      ] GC(261)     Dead                           Min: 0, Avg:  0.0, Max: 0, Diff: 0, Sum: 0, Workers: 4
[2806.336s][debug][gc,phases      ] GC(261)     Total                          Min: 0, Avg: 181.2, Max: 725, Diff: 725, Sum: 725, Workers: 4
[2806.336s][debug][gc,phases      ] GC(261)   ObjectSynchronizer Weak        Min:  0.0, Avg:  0.0, Max:  0.0, Diff:  0.0, Sum:  0.0, Workers: 4
[2806.336s][debug][gc,phases      ] GC(261)     Dead                           Min: 0, Avg:  0.0, Max: 0, Diff: 0, Sum: 0, Workers: 4
[2806.336s][debug][gc,phases      ] GC(261)     Total                          Min: 0, Avg:  1.2, Max: 5, Diff: 5, Sum: 5, Workers: 4
[2806.336s][debug][gc,phases      ] GC(261)   JVMTI Tag Weak OopStorage      Min:  0.0, Avg:  0.0, Max:  0.0, Diff:  0.0, Sum:  0.0, Workers: 4
[2806.336s][debug][gc,phases      ] GC(261)     Dead                           Min: 0, Avg:  0.0, Max: 0, Diff: 0, Sum: 0, Workers: 4
[2806.336s][debug][gc,phases      ] GC(261)     Total                          Min: 0, Avg:  0.0, Max: 0, Diff: 0, Sum: 0, Workers: 4
[2806.336s][debug][gc,phases      ] GC(261)   StringTable Weak               Min:  0.0, Avg:  0.1, Max:  0.1, Diff:  0.1, Sum:  0.3, Workers: 4
[2806.336s][debug][gc,phases      ] GC(261)     Dead                           Min: 0, Avg:  0.0, Max: 0, Diff: 0, Sum: 0, Workers: 4
[2806.336s][debug][gc,phases      ] GC(261)     Total                          Min: 0, Avg: 10939.8, Max: 20032, Diff: 20032, Sum: 43759, Workers: 4
[2806.336s][debug][gc,phases      ] GC(261)   ResolvedMethodTable Weak       Min:  0.0, Avg:  0.0, Max:  0.0, Diff:  0.0, Sum:  0.1, Workers: 4
[2806.336s][debug][gc,phases      ] GC(261)     Dead                           Min: 0, Avg:  0.0, Max: 0, Diff: 0, Sum: 0, Workers: 4
[2806.336s][debug][gc,phases      ] GC(261)     Total                          Min: 0, Avg: 2444.5, Max: 4285, Diff: 4285, Sum: 9778, Workers: 4
[2806.336s][debug][gc,phases      ] GC(261)   JNI Weak                       Min:  0.0, Avg:  0.0, Max:  0.0, Diff:  0.0, Sum:  0.0, Workers: 4
[2806.336s][debug][gc,phases      ] GC(261)     Dead                           Min: 0, Avg:  0.0, Max: 0, Diff: 0, Sum: 0, Workers: 4
[2806.336s][debug][gc,phases      ] GC(261)     Total                          Min: 0, Avg: 11.2, Max: 45, Diff: 45, Sum: 45, Workers: 4
[2806.336s][debug][gc,phases      ] GC(261)   StringDedup Table Weak         Min:  0.0, Avg:  0.0, Max:  0.0, Diff:  0.0, Sum:  0.0, Workers: 4
[2806.336s][debug][gc,phases      ] GC(261)     Dead                           Min: 0, Avg:  0.0, Max: 0, Diff: 0, Sum: 0, Workers: 4
[2806.336s][debug][gc,phases      ] GC(261)     Total                          Min: 0, Avg:  0.0, Max: 0, Diff: 0, Sum: 0, Workers: 4
[2806.336s][debug][gc,phases      ] GC(261)   StringDedup Requests0 Weak     Min:  0.0, Avg:  0.0, Max:  0.0, Diff:  0.0, Sum:  0.0, Workers: 4
[2806.336s][debug][gc,phases      ] GC(261)     Dead                           Min: 0, Avg:  0.0, Max: 0, Diff: 0, Sum: 0, Workers: 4
[2806.336s][debug][gc,phases      ] GC(261)     Total                          Min: 0, Avg:  0.0, Max: 0, Diff: 0, Sum: 0, Workers: 4
[2806.336s][debug][gc,phases      ] GC(261)   StringDedup Requests1 Weak     Min:  0.0, Avg:  0.0, Max:  0.0, Diff:  0.0, Sum:  0.0, Workers: 4
[2806.336s][debug][gc,phases      ] GC(261)     Dead                           Min: 0, Avg:  0.0, Max: 0, Diff: 0, Sum: 0, Workers: 4
[2806.336s][debug][gc,phases      ] GC(261)     Total                          Min: 0, Avg:  0.0, Max: 0, Diff: 0, Sum: 0, Workers: 4
[2806.336s][debug][gc,phases      ] GC(261)   Weak JFR Old Object Samples    Min:  0.0, Avg:  0.0, Max:  0.0, Diff:  0.0, Sum:  0.0, Workers: 4
[2806.336s][debug][gc,phases      ] GC(261)     Dead                           Min: 0, Avg:  0.0, Max: 0, Diff: 0, Sum: 0, Workers: 4
[2806.336s][debug][gc,phases      ] GC(261)     Total                          Min: 0, Avg:  0.0, Max: 0, Diff: 0, Sum: 0, Workers: 4
[2806.336s][debug][gc,phases      ] GC(261) Weak Processing 0.303ms
[2806.336s][debug][gc,age         ] GC(261) Desired survivor size 81264640 bytes, new threshold 15 (max threshold 15)
[2806.336s][info ][gc,heap        ] GC(261) PSYoungGen: 1993200K(1993216K)->47568K(2016256K) Eden: 1945600K(1945600K)->0K(1938432K) From: 47600K(47616K)->47568K(77824K)
[2806.336s][info ][gc,heap        ] GC(261) ParOldGen: 324618K(373248K)->324618K(373248K)
[2806.336s][info ][gc,metaspace   ] GC(261) Metaspace: 83546K(84416K)->83546K(84416K) NonClass: 71520K(72000K)->71520K(72000K) Class: 12026K(12416K)->12026K(12416K)
[2806.336s][info ][gc             ] GC(261) Pause Young (Allocation Failure) 2263M->363M(2333M) 18.635ms
[2806.336s][info ][gc,cpu         ] GC(261) User=0.05s Sys=0.00s Real=0.02s
[2806.336s][info ][safepoint      ] Safepoint "ParallelGCFailedAllocation", Time since last: 186476226 ns, Reaching safepoint: 76600 ns, Cleanup: 19400 ns, At safepoint: 18709403 ns, Total: 18805403 ns
[2814.115s][info ][gc,start       ] GC(262) Pause Young (Allocation Failure)
[2814.134s][debug][gc,phases      ] GC(262) Scavenge 19.530ms
[2814.134s][debug][gc,ref         ] GC(262) Skipped phase 1 of Reference Processing: no references
[2814.134s][debug][gc,ref         ] GC(262) ReferenceProcessor::execute queues: 1, RefProcThreadModel::Single, marks_oops_alive: false
[2814.134s][debug][gc,ref         ] GC(262) Skipped phase 3 of Reference Processing: no references
[2814.135s][debug][gc,ref         ] GC(262) ReferenceProcessor::execute queues: 1, RefProcThreadModel::Single, marks_oops_alive: false
[2814.135s][debug][gc,phases      ] GC(262) Reference Processing 0.093ms
[2814.135s][debug][gc,phases      ] GC(262)   VM Weak                        Min:  0.0, Avg:  0.0, Max:  0.0, Diff:  0.0, Sum:  0.0, Workers: 4
[2814.135s][debug][gc,phases      ] GC(262)     Dead                           Min: 0, Avg:  0.0, Max: 0, Diff: 0, Sum: 0, Workers: 4
[2814.135s][debug][gc,phases      ] GC(262)     Total                          Min: 0, Avg: 181.2, Max: 533, Diff: 533, Sum: 725, Workers: 4
[2814.135s][debug][gc,phases      ] GC(262)   ObjectSynchronizer Weak        Min:  0.0, Avg:  0.0, Max:  0.0, Diff:  0.0, Sum:  0.0, Workers: 4
[2814.135s][debug][gc,phases      ] GC(262)     Dead                           Min: 0, Avg:  0.0, Max: 0, Diff: 0, Sum: 0, Workers: 4
[2814.135s][debug][gc,phases      ] GC(262)     Total                          Min: 0, Avg:  1.2, Max: 5, Diff: 5, Sum: 5, Workers: 4
[2814.135s][debug][gc,phases      ] GC(262)   JVMTI Tag Weak OopStorage      Min:  0.0, Avg:  0.0, Max:  0.0, Diff:  0.0, Sum:  0.0, Workers: 4
[2814.135s][debug][gc,phases      ] GC(262)     Dead                           Min: 0, Avg:  0.0, Max: 0, Diff: 0, Sum: 0, Workers: 4
[2814.135s][debug][gc,phases      ] GC(262)     Total                          Min: 0, Avg:  0.0, Max: 0, Diff: 0, Sum: 0, Workers: 4
[2814.135s][debug][gc,phases      ] GC(262)   StringTable Weak               Min:  0.0, Avg:  0.1, Max:  0.1, Diff:  0.1, Sum:  0.4, Workers: 4
[2814.135s][debug][gc,phases      ] GC(262)     Dead                           Min: 0, Avg:  0.0, Max: 0, Diff: 0, Sum: 0, Workers: 4
[2814.135s][debug][gc,phases      ] GC(262)     Total                          Min: 0, Avg: 10939.8, Max: 19776, Diff: 19776, Sum: 43759, Workers: 4
[2814.135s][debug][gc,phases      ] GC(262)   ResolvedMethodTable Weak       Min:  0.0, Avg:  0.0, Max:  0.0, Diff:  0.0, Sum:  0.1, Workers: 4
[2814.135s][debug][gc,phases      ] GC(262)     Dead                           Min: 0, Avg:  0.0, Max: 0, Diff: 0, Sum: 0, Workers: 4
[2814.135s][debug][gc,phases      ] GC(262)     Total                          Min: 0, Avg: 2444.5, Max: 4224, Diff: 4224, Sum: 9778, Workers: 4
[2814.135s][debug][gc,phases      ] GC(262)   JNI Weak                       Min:  0.0, Avg:  0.0, Max:  0.0, Diff:  0.0, Sum:  0.0, Workers: 4
[2814.135s][debug][gc,phases      ] GC(262)     Dead                           Min: 0, Avg:  0.0, Max: 0, Diff: 0, Sum: 0, Workers: 4
[2814.135s][debug][gc,phases      ] GC(262)     Total                          Min: 0, Avg: 11.2, Max: 45, Diff: 45, Sum: 45, Workers: 4
[2814.135s][debug][gc,phases      ] GC(262)   StringDedup Table Weak         Min:  0.0, Avg:  0.0, Max:  0.0, Diff:  0.0, Sum:  0.0, Workers: 4
[2814.135s][debug][gc,phases      ] GC(262)     Dead                           Min: 0, Avg:  0.0, Max: 0, Diff: 0, Sum: 0, Workers: 4
[2814.135s][debug][gc,phases      ] GC(262)     Total                          Min: 0, Avg:  0.0, Max: 0, Diff: 0, Sum: 0, Workers: 4
[2814.135s][debug][gc,phases      ] GC(262)   StringDedup Requests0 Weak     Min:  0.0, Avg:  0.0, Max:  0.0, Diff:  0.0, Sum:  0.0, Workers: 4
[2814.135s][debug][gc,phases      ] GC(262)     Dead                           Min: 0, Avg:  0.0, Max: 0, Diff: 0, Sum: 0, Workers: 4
[2814.135s][debug][gc,phases      ] GC(262)     Total                          Min: 0, Avg:  0.0, Max: 0, Diff: 0, Sum: 0, Workers: 4
[2814.135s][debug][gc,phases      ] GC(262)   StringDedup Requests1 Weak     Min:  0.0, Avg:  0.0, Max:  0.0, Diff:  0.0, Sum:  0.0, Workers: 4
[2814.135s][debug][gc,phases      ] GC(262)     Dead                           Min: 0, Avg:  0.0, Max: 0, Diff: 0, Sum: 0, Workers: 4
[2814.135s][debug][gc,phases      ] GC(262)     Total                          Min: 0, Avg:  0.0, Max: 0, Diff: 0, Sum: 0, Workers: 4
[2814.135s][debug][gc,phases      ] GC(262)   Weak JFR Old Object Samples    Min:  0.0, Avg:  0.0, Max:  0.0, Diff:  0.0, Sum:  0.0, Workers: 4
[2814.135s][debug][gc,phases      ] GC(262)     Dead                           Min: 0, Avg:  0.0, Max: 0, Diff: 0, Sum: 0, Workers: 4
[2814.135s][debug][gc,phases      ] GC(262)     Total                          Min: 0, Avg:  0.0, Max: 0, Diff: 0, Sum: 0, Workers: 4
[2814.135s][debug][gc,phases      ] GC(262) Weak Processing 0.316ms
[2814.135s][debug][gc,age         ] GC(262) Desired survivor size 84410368 bytes, new threshold 15 (max threshold 15)
[2814.135s][info ][gc,heap        ] GC(262) PSYoungGen: 1986000K(2016256K)->53440K(1992192K) Eden: 1938432K(1938432K)->0K(1938432K) From: 47568K(77824K)->53440K(53760K)
[2814.135s][info ][gc,heap        ] GC(262) ParOldGen: 324618K(373248K)->324618K(373248K)
[2814.135s][info ][gc,metaspace   ] GC(262) Metaspace: 83547K(84416K)->83547K(84416K) NonClass: 71520K(72000K)->71520K(72000K) Class: 12026K(12416K)->12026K(12416K)
[2814.135s][info ][gc             ] GC(262) Pause Young (Allocation Failure) 2256M->369M(2310M) 20.059ms
[2814.135s][info ][gc,cpu         ] GC(262) User=0.06s Sys=0.00s Real=0.02s
[2814.135s][info ][safepoint      ] Safepoint "ParallelGCFailedAllocation", Time since last: 7778757563 ns, Reaching safepoint: 5700 ns, Cleanup: 32900 ns, At safepoint: 20138099 ns, Total: 20176699 ns
[2820.440s][info ][safepoint      ] Safepoint "Cleanup", Time since last: 6305141307 ns, Reaching safepoint: 5900 ns, Cleanup: 54900 ns, At safepoint: 4000 ns, Total: 64800 ns
[2821.674s][info ][gc,start       ] GC(263) Pause Young (Allocation Failure)
[2821.696s][debug][gc,phases      ] GC(263) Scavenge 21.899ms
[2821.696s][debug][gc,ref         ] GC(263) Skipped phase 1 of Reference Processing: no references
[2821.696s][debug][gc,ref         ] GC(263) ReferenceProcessor::execute queues: 1, RefProcThreadModel::Single, marks_oops_alive: false
[2821.696s][debug][gc,ref         ] GC(263) Skipped phase 3 of Reference Processing: no references
[2821.696s][debug][gc,ref         ] GC(263) ReferenceProcessor::execute queues: 1, RefProcThreadModel::Single, marks_oops_alive: false
[2821.696s][debug][gc,phases      ] GC(263) Reference Processing 0.098ms
[2821.697s][debug][gc,phases      ] GC(263)   VM Weak                        Min:  0.0, Avg:  0.0, Max:  0.0, Diff:  0.0, Sum:  0.0, Workers: 4
[2821.697s][debug][gc,phases      ] GC(263)     Dead                           Min: 0, Avg:  0.0, Max: 0, Diff: 0, Sum: 0, Workers: 4
[2821.697s][debug][gc,phases      ] GC(263)     Total                          Min: 0, Avg: 181.2, Max: 576, Diff: 576, Sum: 725, Workers: 4
[2821.697s][debug][gc,phases      ] GC(263)   ObjectSynchronizer Weak        Min:  0.0, Avg:  0.0, Max:  0.0, Diff:  0.0, Sum:  0.0, Workers: 4
[2821.697s][debug][gc,phases      ] GC(263)     Dead                           Min: 0, Avg:  0.0, Max: 0, Diff: 0, Sum: 0, Workers: 4
[2821.697s][debug][gc,phases      ] GC(263)     Total                          Min: 0, Avg:  1.2, Max: 5, Diff: 5, Sum: 5, Workers: 4
[2821.697s][debug][gc,phases      ] GC(263)   JVMTI Tag Weak OopStorage      Min:  0.0, Avg:  0.0, Max:  0.0, Diff:  0.0, Sum:  0.0, Workers: 4
[2821.697s][debug][gc,phases      ] GC(263)     Dead                           Min: 0, Avg:  0.0, Max: 0, Diff: 0, Sum: 0, Workers: 4
[2821.697s][debug][gc,phases      ] GC(263)     Total                          Min: 0, Avg:  0.0, Max: 0, Diff: 0, Sum: 0, Workers: 4
[2821.697s][debug][gc,phases      ] GC(263)   StringTable Weak               Min:  0.0, Avg:  0.1, Max:  0.1, Diff:  0.1, Sum:  0.3, Workers: 4
[2821.697s][debug][gc,phases      ] GC(263)     Dead                           Min: 0, Avg:  0.0, Max: 0, Diff: 0, Sum: 0, Workers: 4
[2821.697s][debug][gc,phases      ] GC(263)     Total                          Min: 0, Avg: 10939.8, Max: 19183, Diff: 19183, Sum: 43759, Workers: 4
[2821.697s][debug][gc,phases      ] GC(263)   ResolvedMethodTable Weak       Min:  0.0, Avg:  0.0, Max:  0.0, Diff:  0.0, Sum:  0.1, Workers: 4
[2821.697s][debug][gc,phases      ] GC(263)     Dead                           Min: 0, Avg:  0.0, Max: 0, Diff: 0, Sum: 0, Workers: 4
[2821.697s][debug][gc,phases      ] GC(263)     Total                          Min: 0, Avg: 2444.5, Max: 3890, Diff: 3890, Sum: 9778, Workers: 4
[2821.697s][debug][gc,phases      ] GC(263)   JNI Weak                       Min:  0.0, Avg:  0.0, Max:  0.0, Diff:  0.0, Sum:  0.0, Workers: 4
[2821.697s][debug][gc,phases      ] GC(263)     Dead                           Min: 0, Avg:  0.0, Max: 0, Diff: 0, Sum: 0, Workers: 4
[2821.697s][debug][gc,phases      ] GC(263)     Total                          Min: 0, Avg: 11.2, Max: 45, Diff: 45, Sum: 45, Workers: 4
[2821.697s][debug][gc,phases      ] GC(263)   StringDedup Table Weak         Min:  0.0, Avg:  0.0, Max:  0.0, Diff:  0.0, Sum:  0.0, Workers: 4
[2821.697s][debug][gc,phases      ] GC(263)     Dead                           Min: 0, Avg:  0.0, Max: 0, Diff: 0, Sum: 0, Workers: 4
[2821.697s][debug][gc,phases      ] GC(263)     Total                          Min: 0, Avg:  0.0, Max: 0, Diff: 0, Sum: 0, Workers: 4
[2821.697s][debug][gc,phases      ] GC(263)   StringDedup Requests0 Weak     Min:  0.0, Avg:  0.0, Max:  0.0, Diff:  0.0, Sum:  0.0, Workers: 4
[2821.697s][debug][gc,phases      ] GC(263)     Dead                           Min: 0, Avg:  0.0, Max: 0, Diff: 0, Sum: 0, Workers: 4
[2821.697s][debug][gc,phases      ] GC(263)     Total                          Min: 0, Avg:  0.0, Max: 0, Diff: 0, Sum: 0, Workers: 4
[2821.697s][debug][gc,phases      ] GC(263)   StringDedup Requests1 Weak     Min:  0.0, Avg:  0.0, Max:  0.0, Diff:  0.0, Sum:  0.0, Workers: 4
[2821.697s][debug][gc,phases      ] GC(263)     Dead                           Min: 0, Avg:  0.0, Max: 0, Diff: 0, Sum: 0, Workers: 4
[2821.697s][debug][gc,phases      ] GC(263)     Total                          Min: 0, Avg:  0.0, Max: 0, Diff: 0, Sum: 0, Workers: 4
[2821.697s][debug][gc,phases      ] GC(263)   Weak JFR Old Object Samples    Min:  0.0, Avg:  0.0, Max:  0.0, Diff:  0.0, Sum:  0.0, Workers: 4
[2821.697s][debug][gc,phases      ] GC(263)     Dead                           Min: 0, Avg:  0.0, Max: 0, Diff: 0, Sum: 0, Workers: 4
[2821.697s][debug][gc,phases      ] GC(263)     Total                          Min: 0, Avg:  0.0, Max: 0, Diff: 0, Sum: 0, Workers: 4
[2821.697s][debug][gc,phases      ] GC(263) Weak Processing 0.305ms
[2821.697s][debug][gc,age         ] GC(263) Desired survivor size 89653248 bytes, new threshold 15 (max threshold 15)
[2821.697s][info ][gc,heap        ] GC(263) PSYoungGen: 1991872K(1992192K)->60928K(2004480K) Eden: 1938432K(1938432K)->0K(1922048K) From: 53440K(53760K)->60928K(82432K)
[2821.697s][info ][gc,heap        ] GC(263) ParOldGen: 324618K(373248K)->324618K(373248K)
[2821.697s][info ][gc,metaspace   ] GC(263) Metaspace: 83547K(84416K)->83547K(84416K) NonClass: 71520K(72000K)->71520K(72000K) Class: 12026K(12416K)->12026K(12416K)
[2821.697s][info ][gc             ] GC(263) Pause Young (Allocation Failure) 2262M->376M(2322M) 22.439ms
[2821.697s][info ][gc,cpu         ] GC(263) User=0.07s Sys=0.00s Real=0.02s
[2821.697s][info ][safepoint      ] Safepoint "ParallelGCFailedAllocation", Time since last: 1234165125 ns, Reaching safepoint: 86000 ns, Cleanup: 21600 ns, At safepoint: 22519898 ns, Total: 22627498 ns
[2829.217s][info ][safepoint      ] Safepoint "ParallelGCFailedAllocation", Time since last: 7520259752 ns, Reaching safepoint: 85200 ns, Cleanup: 32200 ns, At safepoint: 46300 ns, Total: 163700 ns
[2829.218s][info ][gc,start       ] GC(264) Pause Young (GCLocker Initiated GC)
[2829.241s][debug][gc,phases      ] GC(264) Scavenge 23.079ms
[2829.241s][debug][gc,ref         ] GC(264) Skipped phase 1 of Reference Processing: no references
[2829.241s][debug][gc,ref         ] GC(264) ReferenceProcessor::execute queues: 1, RefProcThreadModel::Single, marks_oops_alive: false
[2829.241s][debug][gc,ref         ] GC(264) Skipped phase 3 of Reference Processing: no references
[2829.241s][debug][gc,ref         ] GC(264) ReferenceProcessor::execute queues: 1, RefProcThreadModel::Single, marks_oops_alive: false
[2829.241s][debug][gc,phases      ] GC(264) Reference Processing 0.099ms
[2829.241s][debug][gc,phases      ] GC(264)   VM Weak                        Min:  0.0, Avg:  0.0, Max:  0.0, Diff:  0.0, Sum:  0.0, Workers: 4
[2829.241s][debug][gc,phases      ] GC(264)     Dead                           Min: 0, Avg:  0.0, Max: 0, Diff: 0, Sum: 0, Workers: 4
[2829.241s][debug][gc,phases      ] GC(264)     Total                          Min: 0, Avg: 181.2, Max: 341, Diff: 341, Sum: 725, Workers: 4
[2829.241s][debug][gc,phases      ] GC(264)   ObjectSynchronizer Weak        Min:  0.0, Avg:  0.0, Max:  0.0, Diff:  0.0, Sum:  0.0, Workers: 4
[2829.241s][debug][gc,phases      ] GC(264)     Dead                           Min: 0, Avg:  0.0, Max: 0, Diff: 0, Sum: 0, Workers: 4
[2829.241s][debug][gc,phases      ] GC(264)     Total                          Min: 0, Avg:  1.2, Max: 5, Diff: 5, Sum: 5, Workers: 4
[2829.241s][debug][gc,phases      ] GC(264)   JVMTI Tag Weak OopStorage      Min:  0.0, Avg:  0.0, Max:  0.0, Diff:  0.0, Sum:  0.0, Workers: 4
[2829.241s][debug][gc,phases      ] GC(264)     Dead                           Min: 0, Avg:  0.0, Max: 0, Diff: 0, Sum: 0, Workers: 4
[2829.241s][debug][gc,phases      ] GC(264)     Total                          Min: 0, Avg:  0.0, Max: 0, Diff: 0, Sum: 0, Workers: 4
[2829.241s][debug][gc,phases      ] GC(264)   StringTable Weak               Min:  0.0, Avg:  0.1, Max:  0.1, Diff:  0.1, Sum:  0.4, Workers: 4
[2829.241s][debug][gc,phases      ] GC(264)     Dead                           Min: 0, Avg:  0.0, Max: 0, Diff: 0, Sum: 0, Workers: 4
[2829.241s][debug][gc,phases      ] GC(264)     Total                          Min: 0, Avg: 10939.8, Max: 17903, Diff: 17903, Sum: 43759, Workers: 4
[2829.241s][debug][gc,phases      ] GC(264)   ResolvedMethodTable Weak       Min:  0.0, Avg:  0.0, Max:  0.0, Diff:  0.0, Sum:  0.1, Workers: 4
[2829.241s][debug][gc,phases      ] GC(264)     Dead                           Min: 0, Avg:  0.0, Max: 0, Diff: 0, Sum: 0, Workers: 4
[2829.241s][debug][gc,phases      ] GC(264)     Total                          Min: 0, Avg: 2444.5, Max: 4277, Diff: 4277, Sum: 9778, Workers: 4
[2829.241s][debug][gc,phases      ] GC(264)   JNI Weak                       Min:  0.0, Avg:  0.0, Max:  0.0, Diff:  0.0, Sum:  0.0, Workers: 4
[2829.241s][debug][gc,phases      ] GC(264)     Dead                           Min: 0, Avg:  0.0, Max: 0, Diff: 0, Sum: 0, Workers: 4
[2829.241s][debug][gc,phases      ] GC(264)     Total                          Min: 0, Avg: 11.2, Max: 45, Diff: 45, Sum: 45, Workers: 4
[2829.241s][debug][gc,phases      ] GC(264)   StringDedup Table Weak         Min:  0.0, Avg:  0.0, Max:  0.0, Diff:  0.0, Sum:  0.0, Workers: 4
[2829.241s][debug][gc,phases      ] GC(264)     Dead                           Min: 0, Avg:  0.0, Max: 0, Diff: 0, Sum: 0, Workers: 4
[2829.241s][debug][gc,phases      ] GC(264)     Total                          Min: 0, Avg:  0.0, Max: 0, Diff: 0, Sum: 0, Workers: 4
[2829.241s][debug][gc,phases      ] GC(264)   StringDedup Requests0 Weak     Min:  0.0, Avg:  0.0, Max:  0.0, Diff:  0.0, Sum:  0.0, Workers: 4
[2829.241s][debug][gc,phases      ] GC(264)     Dead                           Min: 0, Avg:  0.0, Max: 0, Diff: 0, Sum: 0, Workers: 4
[2829.241s][debug][gc,phases      ] GC(264)     Total                          Min: 0, Avg:  0.0, Max: 0, Diff: 0, Sum: 0, Workers: 4
[2829.241s][debug][gc,phases      ] GC(264)   StringDedup Requests1 Weak     Min:  0.0, Avg:  0.0, Max:  0.0, Diff:  0.0, Sum:  0.0, Workers: 4
[2829.241s][debug][gc,phases      ] GC(264)     Dead                           Min: 0, Avg:  0.0, Max: 0, Diff: 0, Sum: 0, Workers: 4
[2829.241s][debug][gc,phases      ] GC(264)     Total                          Min: 0, Avg:  0.0, Max: 0, Diff: 0, Sum: 0, Workers: 4
[2829.241s][debug][gc,phases      ] GC(264)   Weak JFR Old Object Samples    Min:  0.0, Avg:  0.0, Max:  0.0, Diff:  0.0, Sum:  0.0, Workers: 4
[2829.241s][debug][gc,phases      ] GC(264)     Dead                           Min: 0, Avg:  0.0, Max: 0, Diff: 0, Sum: 0, Workers: 4
[2829.241s][debug][gc,phases      ] GC(264)     Total                          Min: 0, Avg:  0.0, Max: 0, Diff: 0, Sum: 0, Workers: 4
[2829.241s][debug][gc,phases      ] GC(264) Weak Processing 0.329ms
[2829.241s][debug][gc,age         ] GC(264) Desired survivor size 94896128 bytes, new threshold 15 (max threshold 15)
[2829.241s][info ][gc,heap        ] GC(264) PSYoungGen: 1982976K(2004480K)->64784K(1987072K) Eden: 1922048K(1922048K)->0K(1922048K) From: 60928K(82432K)->64784K(65024K)
[2829.241s][info ][gc,heap        ] GC(264) ParOldGen: 324619K(373248K)->324619K(373248K)
[2829.241s][info ][gc,metaspace   ] GC(264) Metaspace: 83547K(84416K)->83547K(84416K) NonClass: 71520K(72000K)->71520K(72000K) Class: 12026K(12416K)->12026K(12416K)
[2829.241s][info ][gc             ] GC(264) Pause Young (GCLocker Initiated GC) 2253M->380M(2305M) 23.615ms
[2829.241s][info ][gc,cpu         ] GC(264) User=0.07s Sys=0.00s Real=0.03s
[2829.241s][info ][safepoint      ] Safepoint "ParallelGCSystemGC", Time since last: 74600 ns, Reaching safepoint: 73600 ns, Cleanup: 28100 ns, At safepoint: 23697197 ns, Total: 23798897 ns
[2837.410s][info ][gc,start       ] GC(265) Pause Young (Allocation Failure)
[2837.434s][debug][gc,phases      ] GC(265) Scavenge 24.192ms
[2837.434s][debug][gc,ref         ] GC(265) Skipped phase 1 of Reference Processing: no references
[2837.434s][debug][gc,ref         ] GC(265) ReferenceProcessor::execute queues: 1, RefProcThreadModel::Single, marks_oops_alive: false
[2837.434s][debug][gc,ref         ] GC(265) Skipped phase 3 of Reference Processing: no references
[2837.434s][debug][gc,ref         ] GC(265) ReferenceProcessor::execute queues: 1, RefProcThreadModel::Single, marks_oops_alive: false
[2837.434s][debug][gc,phases      ] GC(265) Reference Processing 0.089ms
[2837.434s][debug][gc,phases      ] GC(265)   VM Weak                        Min:  0.0, Avg:  0.0, Max:  0.0, Diff:  0.0, Sum:  0.0, Workers: 4
[2837.434s][debug][gc,phases      ] GC(265)     Dead                           Min: 0, Avg:  0.0, Max: 0, Diff: 0, Sum: 0, Workers: 4
[2837.434s][debug][gc,phases      ] GC(265)     Total                          Min: 0, Avg: 181.2, Max: 725, Diff: 725, Sum: 725, Workers: 4
[2837.434s][debug][gc,phases      ] GC(265)   ObjectSynchronizer Weak        Min:  0.0, Avg:  0.0, Max:  0.0, Diff:  0.0, Sum:  0.0, Workers: 4
[2837.434s][debug][gc,phases      ] GC(265)     Dead                           Min: 0, Avg:  0.0, Max: 0, Diff: 0, Sum: 0, Workers: 4
[2837.434s][debug][gc,phases      ] GC(265)     Total                          Min: 0, Avg:  1.2, Max: 5, Diff: 5, Sum: 5, Workers: 4
[2837.434s][debug][gc,phases      ] GC(265)   JVMTI Tag Weak OopStorage      Min:  0.0, Avg:  0.0, Max:  0.0, Diff:  0.0, Sum:  0.0, Workers: 4
[2837.434s][debug][gc,phases      ] GC(265)     Dead                           Min: 0, Avg:  0.0, Max: 0, Diff: 0, Sum: 0, Workers: 4
[2837.434s][debug][gc,phases      ] GC(265)     Total                          Min: 0, Avg:  0.0, Max: 0, Diff: 0, Sum: 0, Workers: 4
[2837.434s][debug][gc,phases      ] GC(265)   StringTable Weak               Min:  0.0, Avg:  0.1, Max:  0.1, Diff:  0.1, Sum:  0.3, Workers: 4
[2837.434s][debug][gc,phases      ] GC(265)     Dead                           Min: 0, Avg:  0.0, Max: 0, Diff: 0, Sum: 0, Workers: 4
[2837.434s][debug][gc,phases      ] GC(265)     Total                          Min: 0, Avg: 10939.8, Max: 18176, Diff: 18176, Sum: 43759, Workers: 4
[2837.434s][debug][gc,phases      ] GC(265)   ResolvedMethodTable Weak       Min:  0.0, Avg:  0.0, Max:  0.0, Diff:  0.0, Sum:  0.1, Workers: 4
[2837.434s][debug][gc,phases      ] GC(265)     Dead                           Min: 0, Avg:  0.0, Max: 0, Diff: 0, Sum: 0, Workers: 4
[2837.434s][debug][gc,phases      ] GC(265)     Total                          Min: 0, Avg: 2444.5, Max: 4416, Diff: 4416, Sum: 9778, Workers: 4
[2837.434s][debug][gc,phases      ] GC(265)   JNI Weak                       Min:  0.0, Avg:  0.0, Max:  0.0, Diff:  0.0, Sum:  0.0, Workers: 4
[2837.434s][debug][gc,phases      ] GC(265)     Dead                           Min: 0, Avg:  0.0, Max: 0, Diff: 0, Sum: 0, Workers: 4
[2837.434s][debug][gc,phases      ] GC(265)     Total                          Min: 0, Avg: 11.2, Max: 45, Diff: 45, Sum: 45, Workers: 4
[2837.434s][debug][gc,phases      ] GC(265)   StringDedup Table Weak         Min:  0.0, Avg:  0.0, Max:  0.0, Diff:  0.0, Sum:  0.0, Workers: 4
[2837.434s][debug][gc,phases      ] GC(265)     Dead                           Min: 0, Avg:  0.0, Max: 0, Diff: 0, Sum: 0, Workers: 4
[2837.434s][debug][gc,phases      ] GC(265)     Total                          Min: 0, Avg:  0.0, Max: 0, Diff: 0, Sum: 0, Workers: 4
[2837.434s][debug][gc,phases      ] GC(265)   StringDedup Requests0 Weak     Min:  0.0, Avg:  0.0, Max:  0.0, Diff:  0.0, Sum:  0.0, Workers: 4
[2837.434s][debug][gc,phases      ] GC(265)     Dead                           Min: 0, Avg:  0.0, Max: 0, Diff: 0, Sum: 0, Workers: 4
[2837.434s][debug][gc,phases      ] GC(265)     Total                          Min: 0, Avg:  0.0, Max: 0, Diff: 0, Sum: 0, Workers: 4
[2837.434s][debug][gc,phases      ] GC(265)   StringDedup Requests1 Weak     Min:  0.0, Avg:  0.0, Max:  0.0, Diff:  0.0, Sum:  0.0, Workers: 4
[2837.434s][debug][gc,phases      ] GC(265)     Dead                           Min: 0, Avg:  0.0, Max: 0, Diff: 0, Sum: 0, Workers: 4
[2837.434s][debug][gc,phases      ] GC(265)     Total                          Min: 0, Avg:  0.0, Max: 0, Diff: 0, Sum: 0, Workers: 4
[2837.434s][debug][gc,phases      ] GC(265)   Weak JFR Old Object Samples    Min:  0.0, Avg:  0.0, Max:  0.0, Diff:  0.0, Sum:  0.0, Workers: 4
[2837.434s][debug][gc,phases      ] GC(265)     Dead                           Min: 0, Avg:  0.0, Max: 0, Diff: 0, Sum: 0, Workers: 4
[2837.434s][debug][gc,phases      ] GC(265)     Total                          Min: 0, Avg:  0.0, Max: 0, Diff: 0, Sum: 0, Workers: 4
[2837.434s][debug][gc,phases      ] GC(265) Weak Processing 0.318ms
[2837.434s][debug][gc,age         ] GC(265) Desired survivor size 98566144 bytes, new threshold 15 (max threshold 15)
[2837.434s][info ][gc,heap        ] GC(265) PSYoungGen: 1986832K(1987072K)->64400K(1997312K) Eden: 1922048K(1922048K)->0K(1904640K) From: 64784K(65024K)->64400K(92672K)
[2837.434s][info ][gc,heap        ] GC(265) ParOldGen: 324621K(373248K)->324621K(373248K)
[2837.434s][info ][gc,metaspace   ] GC(265) Metaspace: 83549K(84416K)->83549K(84416K) NonClass: 71523K(72000K)->71523K(72000K) Class: 12026K(12416K)->12026K(12416K)
[2837.434s][info ][gc             ] GC(265) Pause Young (Allocation Failure) 2257M->379M(2315M) 24.712ms
[2837.434s][info ][gc,cpu         ] GC(265) User=0.07s Sys=0.00s Real=0.02s
[2837.434s][info ][safepoint      ] Safepoint "ParallelGCFailedAllocation", Time since last: 8168354879 ns, Reaching safepoint: 5200 ns, Cleanup: 30900 ns, At safepoint: 24796495 ns, Total: 24832595 ns
[2845.569s][info ][gc,start       ] GC(266) Pause Young (Allocation Failure)
[2845.590s][debug][gc,phases      ] GC(266) Scavenge 21.183ms
[2845.590s][debug][gc,ref         ] GC(266) Skipped phase 1 of Reference Processing: no references
[2845.590s][debug][gc,ref         ] GC(266) ReferenceProcessor::execute queues: 1, RefProcThreadModel::Single, marks_oops_alive: false
[2845.590s][debug][gc,ref         ] GC(266) Skipped phase 3 of Reference Processing: no references
[2845.590s][debug][gc,ref         ] GC(266) ReferenceProcessor::execute queues: 1, RefProcThreadModel::Single, marks_oops_alive: false
[2845.590s][debug][gc,phases      ] GC(266) Reference Processing 0.093ms
[2845.590s][debug][gc,phases      ] GC(266)   VM Weak                        Min:  0.0, Avg:  0.0, Max:  0.0, Diff:  0.0, Sum:  0.0, Workers: 4
[2845.590s][debug][gc,phases      ] GC(266)     Dead                           Min: 0, Avg:  0.0, Max: 0, Diff: 0, Sum: 0, Workers: 4
[2845.590s][debug][gc,phases      ] GC(266)     Total                          Min: 0, Avg: 181.2, Max: 597, Diff: 597, Sum: 725, Workers: 4
[2845.590s][debug][gc,phases      ] GC(266)   ObjectSynchronizer Weak        Min:  0.0, Avg:  0.0, Max:  0.0, Diff:  0.0, Sum:  0.0, Workers: 4
[2845.590s][debug][gc,phases      ] GC(266)     Dead                           Min: 0, Avg:  0.0, Max: 0, Diff: 0, Sum: 0, Workers: 4
[2845.590s][debug][gc,phases      ] GC(266)     Total                          Min: 0, Avg:  1.2, Max: 5, Diff: 5, Sum: 5, Workers: 4
[2845.590s][debug][gc,phases      ] GC(266)   JVMTI Tag Weak OopStorage      Min:  0.0, Avg:  0.0, Max:  0.0, Diff:  0.0, Sum:  0.0, Workers: 4
[2845.590s][debug][gc,phases      ] GC(266)     Dead                           Min: 0, Avg:  0.0, Max: 0, Diff: 0, Sum: 0, Workers: 4
[2845.590s][debug][gc,phases      ] GC(266)     Total                          Min: 0, Avg:  0.0, Max: 0, Diff: 0, Sum: 0, Workers: 4
[2845.590s][debug][gc,phases      ] GC(266)   StringTable Weak               Min:  0.0, Avg:  0.1, Max:  0.1, Diff:  0.1, Sum:  0.4, Workers: 4
[2845.590s][debug][gc,phases      ] GC(266)     Dead                           Min: 0, Avg:  0.0, Max: 0, Diff: 0, Sum: 0, Workers: 4
[2845.590s][debug][gc,phases      ] GC(266)     Total                          Min: 0, Avg: 10939.8, Max: 18432, Diff: 18432, Sum: 43759, Workers: 4
[2845.590s][debug][gc,phases      ] GC(266)   ResolvedMethodTable Weak       Min:  0.0, Avg:  0.0, Max:  0.0, Diff:  0.0, Sum:  0.1, Workers: 4
[2845.590s][debug][gc,phases      ] GC(266)     Dead                           Min: 0, Avg:  0.0, Max: 0, Diff: 0, Sum: 0, Workers: 4
[2845.590s][debug][gc,phases      ] GC(266)     Total                          Min: 0, Avg: 2444.5, Max: 3520, Diff: 3520, Sum: 9778, Workers: 4
[2845.590s][debug][gc,phases      ] GC(266)   JNI Weak                       Min:  0.0, Avg:  0.0, Max:  0.0, Diff:  0.0, Sum:  0.0, Workers: 4
[2845.590s][debug][gc,phases      ] GC(266)     Dead                           Min: 0, Avg:  0.0, Max: 0, Diff: 0, Sum: 0, Workers: 4
[2845.590s][debug][gc,phases      ] GC(266)     Total                          Min: 0, Avg: 11.2, Max: 45, Diff: 45, Sum: 45, Workers: 4
[2845.590s][debug][gc,phases      ] GC(266)   StringDedup Table Weak         Min:  0.0, Avg:  0.0, Max:  0.0, Diff:  0.0, Sum:  0.0, Workers: 4
[2845.590s][debug][gc,phases      ] GC(266)     Dead                           Min: 0, Avg:  0.0, Max: 0, Diff: 0, Sum: 0, Workers: 4
[2845.590s][debug][gc,phases      ] GC(266)     Total                          Min: 0, Avg:  0.0, Max: 0, Diff: 0, Sum: 0, Workers: 4
[2845.590s][debug][gc,phases      ] GC(266)   StringDedup Requests0 Weak     Min:  0.0, Avg:  0.0, Max:  0.0, Diff:  0.0, Sum:  0.0, Workers: 4
[2845.590s][debug][gc,phases      ] GC(266)     Dead                           Min: 0, Avg:  0.0, Max: 0, Diff: 0, Sum: 0, Workers: 4
[2845.590s][debug][gc,phases      ] GC(266)     Total                          Min: 0, Avg:  0.0, Max: 0, Diff: 0, Sum: 0, Workers: 4
[2845.590s][debug][gc,phases      ] GC(266)   StringDedup Requests1 Weak     Min:  0.0, Avg:  0.0, Max:  0.0, Diff:  0.0, Sum:  0.0, Workers: 4
[2845.590s][debug][gc,phases      ] GC(266)     Dead                           Min: 0, Avg:  0.0, Max: 0, Diff: 0, Sum: 0, Workers: 4
[2845.590s][debug][gc,phases      ] GC(266)     Total                          Min: 0, Avg:  0.0, Max: 0, Diff: 0, Sum: 0, Workers: 4
[2845.590s][debug][gc,phases      ] GC(266)   Weak JFR Old Object Samples    Min:  0.0, Avg:  0.0, Max:  0.0, Diff:  0.0, Sum:  0.0, Workers: 4
[2845.590s][debug][gc,phases      ] GC(266)     Dead                           Min: 0, Avg:  0.0, Max: 0, Diff: 0, Sum: 0, Workers: 4
[2845.590s][debug][gc,phases      ] GC(266)     Total                          Min: 0, Avg:  0.0, Max: 0, Diff: 0, Sum: 0, Workers: 4
[2845.591s][debug][gc,phases      ] GC(266) Weak Processing 0.329ms
[2845.591s][debug][gc,age         ] GC(266) Desired survivor size 101711872 bytes, new threshold 15 (max threshold 15)
[2845.591s][info ][gc,heap        ] GC(266) PSYoungGen: 1969040K(1997312K)->64400K(1969152K) Eden: 1904640K(1904640K)->0K(1904640K) From: 64400K(92672K)->64400K(64512K)
[2845.591s][info ][gc,heap        ] GC(266) ParOldGen: 324621K(373248K)->324621K(373248K)
[2845.591s][info ][gc,metaspace   ] GC(266) Metaspace: 83550K(84416K)->83550K(84416K) NonClass: 71523K(72000K)->71523K(72000K) Class: 12026K(12416K)->12026K(12416K)
[2845.591s][info ][gc             ] GC(266) Pause Young (Allocation Failure) 2239M->379M(2287M) 21.739ms
[2845.591s][info ][gc,cpu         ] GC(266) User=0.07s Sys=0.00s Real=0.02s
[2845.591s][info ][safepoint      ] Safepoint "ParallelGCFailedAllocation", Time since last: 8134265266 ns, Reaching safepoint: 82200 ns, Cleanup: 31200 ns, At safepoint: 21817892 ns, Total: 21931292 ns
[2849.591s][info ][safepoint      ] Safepoint "Cleanup", Time since last: 4000273236 ns, Reaching safepoint: 5600 ns, Cleanup: 35100 ns, At safepoint: 2800 ns, Total: 43500 ns
[2853.618s][info ][safepoint      ] Safepoint "ParallelGCFailedAllocation", Time since last: 4026656029 ns, Reaching safepoint: 77700 ns, Cleanup: 34400 ns, At safepoint: 16000 ns, Total: 128100 ns
[2853.618s][info ][gc,start       ] GC(267) Pause Young (GCLocker Initiated GC)
[2853.639s][debug][gc,phases      ] GC(267) Scavenge 21.547ms
[2853.639s][debug][gc,ref         ] GC(267) Skipped phase 1 of Reference Processing: no references
[2853.640s][debug][gc,ref         ] GC(267) ReferenceProcessor::execute queues: 1, RefProcThreadModel::Single, marks_oops_alive: false
[2853.640s][debug][gc,ref         ] GC(267) Skipped phase 3 of Reference Processing: no references
[2853.640s][debug][gc,ref         ] GC(267) ReferenceProcessor::execute queues: 1, RefProcThreadModel::Single, marks_oops_alive: false
[2853.640s][debug][gc,phases      ] GC(267) Reference Processing 0.104ms
[2853.640s][debug][gc,phases      ] GC(267)   VM Weak                        Min:  0.0, Avg:  0.0, Max:  0.0, Diff:  0.0, Sum:  0.0, Workers: 4
[2853.640s][debug][gc,phases      ] GC(267)     Dead                           Min: 0, Avg:  0.0, Max: 0, Diff: 0, Sum: 0, Workers: 4
[2853.640s][debug][gc,phases      ] GC(267)     Total                          Min: 0, Avg: 181.2, Max: 640, Diff: 640, Sum: 725, Workers: 4
[2853.640s][debug][gc,phases      ] GC(267)   ObjectSynchronizer Weak        Min:  0.0, Avg:  0.0, Max:  0.0, Diff:  0.0, Sum:  0.0, Workers: 4
[2853.640s][debug][gc,phases      ] GC(267)     Dead                           Min: 0, Avg:  0.0, Max: 0, Diff: 0, Sum: 0, Workers: 4
[2853.640s][debug][gc,phases      ] GC(267)     Total                          Min: 0, Avg:  1.2, Max: 5, Diff: 5, Sum: 5, Workers: 4
[2853.640s][debug][gc,phases      ] GC(267)   JVMTI Tag Weak OopStorage      Min:  0.0, Avg:  0.0, Max:  0.0, Diff:  0.0, Sum:  0.0, Workers: 4
[2853.640s][debug][gc,phases      ] GC(267)     Dead                           Min: 0, Avg:  0.0, Max: 0, Diff: 0, Sum: 0, Workers: 4
[2853.640s][debug][gc,phases      ] GC(267)     Total                          Min: 0, Avg:  0.0, Max: 0, Diff: 0, Sum: 0, Workers: 4
[2853.640s][debug][gc,phases      ] GC(267)   StringTable Weak               Min:  0.0, Avg:  0.1, Max:  0.1, Diff:  0.1, Sum:  0.3, Workers: 4
[2853.640s][debug][gc,phases      ] GC(267)     Dead                           Min: 0, Avg:  0.0, Max: 0, Diff: 0, Sum: 0, Workers: 4
[2853.640s][debug][gc,phases      ] GC(267)     Total                          Min: 0, Avg: 10939.8, Max: 19264, Diff: 19264, Sum: 43759, Workers: 4
[2853.640s][debug][gc,phases      ] GC(267)   ResolvedMethodTable Weak       Min:  0.0, Avg:  0.0, Max:  0.0, Diff:  0.0, Sum:  0.1, Workers: 4
[2853.640s][debug][gc,phases      ] GC(267)     Dead                           Min: 0, Avg:  0.0, Max: 0, Diff: 0, Sum: 0, Workers: 4
[2853.640s][debug][gc,phases      ] GC(267)     Total                          Min: 0, Avg: 2444.5, Max: 4213, Diff: 4213, Sum: 9778, Workers: 4
[2853.640s][debug][gc,phases      ] GC(267)   JNI Weak                       Min:  0.0, Avg:  0.0, Max:  0.0, Diff:  0.0, Sum:  0.0, Workers: 4
[2853.640s][debug][gc,phases      ] GC(267)     Dead                           Min: 0, Avg:  0.0, Max: 0, Diff: 0, Sum: 0, Workers: 4
[2853.640s][debug][gc,phases      ] GC(267)     Total                          Min: 0, Avg: 11.2, Max: 45, Diff: 45, Sum: 45, Workers: 4
[2853.640s][debug][gc,phases      ] GC(267)   StringDedup Table Weak         Min:  0.0, Avg:  0.0, Max:  0.0, Diff:  0.0, Sum:  0.0, Workers: 4
[2853.640s][debug][gc,phases      ] GC(267)     Dead                           Min: 0, Avg:  0.0, Max: 0, Diff: 0, Sum: 0, Workers: 4
[2853.640s][debug][gc,phases      ] GC(267)     Total                          Min: 0, Avg:  0.0, Max: 0, Diff: 0, Sum: 0, Workers: 4
[2853.640s][debug][gc,phases      ] GC(267)   StringDedup Requests0 Weak     Min:  0.0, Avg:  0.0, Max:  0.0, Diff:  0.0, Sum:  0.0, Workers: 4
[2853.640s][debug][gc,phases      ] GC(267)     Dead                           Min: 0, Avg:  0.0, Max: 0, Diff: 0, Sum: 0, Workers: 4
[2853.640s][debug][gc,phases      ] GC(267)     Total                          Min: 0, Avg:  0.0, Max: 0, Diff: 0, Sum: 0, Workers: 4
[2853.640s][debug][gc,phases      ] GC(267)   StringDedup Requests1 Weak     Min:  0.0, Avg:  0.0, Max:  0.0, Diff:  0.0, Sum:  0.0, Workers: 4
[2853.640s][debug][gc,phases      ] GC(267)     Dead                           Min: 0, Avg:  0.0, Max: 0, Diff: 0, Sum: 0, Workers: 4
[2853.640s][debug][gc,phases      ] GC(267)     Total                          Min: 0, Avg:  0.0, Max: 0, Diff: 0, Sum: 0, Workers: 4
[2853.640s][debug][gc,phases      ] GC(267)   Weak JFR Old Object Samples    Min:  0.0, Avg:  0.0, Max:  0.0, Diff:  0.0, Sum:  0.0, Workers: 4
[2853.640s][debug][gc,phases      ] GC(267)     Dead                           Min: 0, Avg:  0.0, Max: 0, Diff: 0, Sum: 0, Workers: 4
[2853.640s][debug][gc,phases      ] GC(267)     Total                          Min: 0, Avg:  0.0, Max: 0, Diff: 0, Sum: 0, Workers: 4
[2853.640s][debug][gc,phases      ] GC(267) Weak Processing 0.328ms
[2853.640s][debug][gc,age         ] GC(267) Desired survivor size 103284736 bytes, new threshold 15 (max threshold 15)
[2853.640s][info ][gc,heap        ] GC(267) PSYoungGen: 1969040K(1969152K)->63952K(1994752K) Eden: 1904640K(1904640K)->0K(1895424K) From: 64400K(64512K)->63952K(99328K)
[2853.640s][info ][gc,heap        ] GC(267) ParOldGen: 324623K(373248K)->324623K(373248K)
[2853.640s][info ][gc,metaspace   ] GC(267) Metaspace: 83551K(84416K)->83551K(84416K) NonClass: 71524K(72000K)->71524K(72000K) Class: 12026K(12416K)->12026K(12416K)
[2853.640s][info ][gc             ] GC(267) Pause Young (GCLocker Initiated GC) 2239M->379M(2312M) 22.069ms
[2853.640s][info ][gc,cpu         ] GC(267) User=0.08s Sys=0.00s Real=0.03s
[2853.640s][info ][safepoint      ] Safepoint "ParallelGCSystemGC", Time since last: 88600 ns, Reaching safepoint: 70900 ns, Cleanup: 13600 ns, At safepoint: 22138292 ns, Total: 22222792 ns
[2858.640s][info ][safepoint      ] Safepoint "Cleanup", Time since last: 5000303806 ns, Reaching safepoint: 4100 ns, Cleanup: 36700 ns, At safepoint: 10800 ns, Total: 51600 ns
[2859.640s][info ][safepoint      ] Safepoint "Cleanup", Time since last: 1000103161 ns, Reaching safepoint: 4400 ns, Cleanup: 30300 ns, At safepoint: 2300 ns, Total: 37000 ns
[2861.210s][info ][gc,start       ] GC(268) Pause Young (Allocation Failure)
[2861.233s][debug][gc,phases      ] GC(268) Scavenge 22.909ms
[2861.233s][debug][gc,ref         ] GC(268) Skipped phase 1 of Reference Processing: no references
[2861.233s][debug][gc,ref         ] GC(268) ReferenceProcessor::execute queues: 1, RefProcThreadModel::Single, marks_oops_alive: false
[2861.233s][debug][gc,ref         ] GC(268) Skipped phase 3 of Reference Processing: no references
[2861.233s][debug][gc,ref         ] GC(268) ReferenceProcessor::execute queues: 1, RefProcThreadModel::Single, marks_oops_alive: false
[2861.233s][debug][gc,phases      ] GC(268) Reference Processing 0.093ms
[2861.233s][debug][gc,phases      ] GC(268)   VM Weak                        Min:  0.0, Avg:  0.0, Max:  0.0, Diff:  0.0, Sum:  0.0, Workers: 4
[2861.233s][debug][gc,phases      ] GC(268)     Dead                           Min: 0, Avg:  0.0, Max: 0, Diff: 0, Sum: 0, Workers: 4
[2861.233s][debug][gc,phases      ] GC(268)     Total                          Min: 0, Avg: 181.2, Max: 576, Diff: 576, Sum: 725, Workers: 4
[2861.233s][debug][gc,phases      ] GC(268)   ObjectSynchronizer Weak        Min:  0.0, Avg:  0.0, Max:  0.0, Diff:  0.0, Sum:  0.0, Workers: 4
[2861.233s][debug][gc,phases      ] GC(268)     Dead                           Min: 0, Avg:  0.0, Max: 0, Diff: 0, Sum: 0, Workers: 4
[2861.233s][debug][gc,phases      ] GC(268)     Total                          Min: 0, Avg:  1.2, Max: 5, Diff: 5, Sum: 5, Workers: 4
[2861.233s][debug][gc,phases      ] GC(268)   JVMTI Tag Weak OopStorage      Min:  0.0, Avg:  0.0, Max:  0.0, Diff:  0.0, Sum:  0.0, Workers: 4
[2861.233s][debug][gc,phases      ] GC(268)     Dead                           Min: 0, Avg:  0.0, Max: 0, Diff: 0, Sum: 0, Workers: 4
[2861.233s][debug][gc,phases      ] GC(268)     Total                          Min: 0, Avg:  0.0, Max: 0, Diff: 0, Sum: 0, Workers: 4
[2861.233s][debug][gc,phases      ] GC(268)   StringTable Weak               Min:  0.0, Avg:  0.1, Max:  0.1, Diff:  0.1, Sum:  0.3, Workers: 4
[2861.233s][debug][gc,phases      ] GC(268)     Dead                           Min: 0, Avg:  0.0, Max: 0, Diff: 0, Sum: 0, Workers: 4
[2861.233s][debug][gc,phases      ] GC(268)     Total                          Min: 0, Avg: 10939.8, Max: 18112, Diff: 18112, Sum: 43759, Workers: 4
[2861.233s][debug][gc,phases      ] GC(268)   ResolvedMethodTable Weak       Min:  0.0, Avg:  0.0, Max:  0.0, Diff:  0.0, Sum:  0.1, Workers: 4
[2861.233s][debug][gc,phases      ] GC(268)     Dead                           Min: 0, Avg:  0.0, Max: 0, Diff: 0, Sum: 0, Workers: 4
[2861.233s][debug][gc,phases      ] GC(268)     Total                          Min: 0, Avg: 2444.5, Max: 4021, Diff: 4021, Sum: 9778, Workers: 4
[2861.233s][debug][gc,phases      ] GC(268)   JNI Weak                       Min:  0.0, Avg:  0.0, Max:  0.0, Diff:  0.0, Sum:  0.0, Workers: 4
[2861.233s][debug][gc,phases      ] GC(268)     Dead                           Min: 0, Avg:  0.0, Max: 0, Diff: 0, Sum: 0, Workers: 4
[2861.233s][debug][gc,phases      ] GC(268)     Total                          Min: 0, Avg: 11.2, Max: 45, Diff: 45, Sum: 45, Workers: 4
[2861.233s][debug][gc,phases      ] GC(268)   StringDedup Table Weak         Min:  0.0, Avg:  0.0, Max:  0.0, Diff:  0.0, Sum:  0.0, Workers: 4
[2861.233s][debug][gc,phases      ] GC(268)     Dead                           Min: 0, Avg:  0.0, Max: 0, Diff: 0, Sum: 0, Workers: 4
[2861.233s][debug][gc,phases      ] GC(268)     Total                          Min: 0, Avg:  0.0, Max: 0, Diff: 0, Sum: 0, Workers: 4
[2861.233s][debug][gc,phases      ] GC(268)   StringDedup Requests0 Weak     Min:  0.0, Avg:  0.0, Max:  0.0, Diff:  0.0, Sum:  0.0, Workers: 4
[2861.233s][debug][gc,phases      ] GC(268)     Dead                           Min: 0, Avg:  0.0, Max: 0, Diff: 0, Sum: 0, Workers: 4
[2861.233s][debug][gc,phases      ] GC(268)     Total                          Min: 0, Avg:  0.0, Max: 0, Diff: 0, Sum: 0, Workers: 4
[2861.233s][debug][gc,phases      ] GC(268)   StringDedup Requests1 Weak     Min:  0.0, Avg:  0.0, Max:  0.0, Diff:  0.0, Sum:  0.0, Workers: 4
[2861.233s][debug][gc,phases      ] GC(268)     Dead                           Min: 0, Avg:  0.0, Max: 0, Diff: 0, Sum: 0, Workers: 4
[2861.233s][debug][gc,phases      ] GC(268)     Total                          Min: 0, Avg:  0.0, Max: 0, Diff: 0, Sum: 0, Workers: 4
[2861.233s][debug][gc,phases      ] GC(268)   Weak JFR Old Object Samples    Min:  0.0, Avg:  0.0, Max:  0.0, Diff:  0.0, Sum:  0.0, Workers: 4
[2861.233s][debug][gc,phases      ] GC(268)     Dead                           Min: 0, Avg:  0.0, Max: 0, Diff: 0, Sum: 0, Workers: 4
[2861.233s][debug][gc,phases      ] GC(268)     Total                          Min: 0, Avg:  0.0, Max: 0, Diff: 0, Sum: 0, Workers: 4
[2861.233s][debug][gc,phases      ] GC(268) Weak Processing 0.315ms
[2861.233s][debug][gc,age         ] GC(268) Desired survivor size 104333312 bytes, new threshold 15 (max threshold 15)
[2861.233s][info ][gc,heap        ] GC(268) PSYoungGen: 1959376K(1994752K)->63840K(1959424K) Eden: 1895424K(1895424K)->0K(1895424K) From: 63952K(99328K)->63840K(64000K)
[2861.233s][info ][gc,heap        ] GC(268) ParOldGen: 324626K(373248K)->324626K(373248K)
[2861.233s][info ][gc,metaspace   ] GC(268) Metaspace: 83554K(84416K)->83554K(84416K) NonClass: 71528K(72000K)->71528K(72000K) Class: 12026K(12416K)->12026K(12416K)
[2861.233s][info ][gc             ] GC(268) Pause Young (Allocation Failure) 2230M->379M(2278M) 23.425ms
[2861.233s][info ][gc,cpu         ] GC(268) User=0.07s Sys=0.00s Real=0.02s
[2861.233s][info ][safepoint      ] Safepoint "ParallelGCFailedAllocation", Time since last: 1569221471 ns, Reaching safepoint: 5500 ns, Cleanup: 36099 ns, At safepoint: 23497913 ns, Total: 23539512 ns
[2862.233s][info ][safepoint      ] Safepoint "Cleanup", Time since last: 1000080593 ns, Reaching safepoint: 4500 ns, Cleanup: 46600 ns, At safepoint: 2600 ns, Total: 53700 ns
[2863.234s][info ][safepoint      ] Safepoint "Cleanup", Time since last: 1000106376 ns, Reaching safepoint: 3900 ns, Cleanup: 32000 ns, At safepoint: 2600 ns, Total: 38500 ns
[2868.660s][info ][gc,start       ] GC(269) Pause Young (Allocation Failure)
[2868.687s][debug][gc,phases      ] GC(269) Scavenge 26.194ms
[2868.687s][debug][gc,ref         ] GC(269) Skipped phase 1 of Reference Processing: no references
[2868.687s][debug][gc,ref         ] GC(269) ReferenceProcessor::execute queues: 1, RefProcThreadModel::Single, marks_oops_alive: false
[2868.687s][debug][gc,ref         ] GC(269) Skipped phase 3 of Reference Processing: no references
[2868.687s][debug][gc,ref         ] GC(269) ReferenceProcessor::execute queues: 1, RefProcThreadModel::Single, marks_oops_alive: false
[2868.687s][debug][gc,phases      ] GC(269) Reference Processing 0.107ms
[2868.687s][debug][gc,phases      ] GC(269)   VM Weak                        Min:  0.0, Avg:  0.0, Max:  0.0, Diff:  0.0, Sum:  0.0, Workers: 4
[2868.687s][debug][gc,phases      ] GC(269)     Dead                           Min: 0, Avg:  0.0, Max: 0, Diff: 0, Sum: 0, Workers: 4
[2868.687s][debug][gc,phases      ] GC(269)     Total                          Min: 0, Avg: 181.2, Max: 384, Diff: 384, Sum: 725, Workers: 4
[2868.687s][debug][gc,phases      ] GC(269)   ObjectSynchronizer Weak        Min:  0.0, Avg:  0.0, Max:  0.0, Diff:  0.0, Sum:  0.0, Workers: 4
[2868.687s][debug][gc,phases      ] GC(269)     Dead                           Min: 0, Avg:  0.0, Max: 0, Diff: 0, Sum: 0, Workers: 4
[2868.687s][debug][gc,phases      ] GC(269)     Total                          Min: 0, Avg:  1.2, Max: 5, Diff: 5, Sum: 5, Workers: 4
[2868.687s][debug][gc,phases      ] GC(269)   JVMTI Tag Weak OopStorage      Min:  0.0, Avg:  0.0, Max:  0.0, Diff:  0.0, Sum:  0.0, Workers: 4
[2868.687s][debug][gc,phases      ] GC(269)     Dead                           Min: 0, Avg:  0.0, Max: 0, Diff: 0, Sum: 0, Workers: 4
[2868.687s][debug][gc,phases      ] GC(269)     Total                          Min: 0, Avg:  0.0, Max: 0, Diff: 0, Sum: 0, Workers: 4
[2868.687s][debug][gc,phases      ] GC(269)   StringTable Weak               Min:  0.0, Avg:  0.1, Max:  0.1, Diff:  0.1, Sum:  0.4, Workers: 4
[2868.687s][debug][gc,phases      ] GC(269)     Dead                           Min: 0, Avg:  0.0, Max: 0, Diff: 0, Sum: 0, Workers: 4
[2868.687s][debug][gc,phases      ] GC(269)     Total                          Min: 0, Avg: 10939.8, Max: 18112, Diff: 18112, Sum: 43759, Workers: 4
[2868.687s][debug][gc,phases      ] GC(269)   ResolvedMethodTable Weak       Min:  0.0, Avg:  0.0, Max:  0.0, Diff:  0.0, Sum:  0.1, Workers: 4
[2868.687s][debug][gc,phases      ] GC(269)     Dead                           Min: 0, Avg:  0.0, Max: 0, Diff: 0, Sum: 0, Workers: 4
[2868.687s][debug][gc,phases      ] GC(269)     Total                          Min: 0, Avg: 2444.5, Max: 4349, Diff: 4349, Sum: 9778, Workers: 4
[2868.687s][debug][gc,phases      ] GC(269)   JNI Weak                       Min:  0.0, Avg:  0.0, Max:  0.0, Diff:  0.0, Sum:  0.0, Workers: 4
[2868.687s][debug][gc,phases      ] GC(269)     Dead                           Min: 0, Avg:  0.0, Max: 0, Diff: 0, Sum: 0, Workers: 4
[2868.687s][debug][gc,phases      ] GC(269)     Total                          Min: 0, Avg: 11.2, Max: 45, Diff: 45, Sum: 45, Workers: 4
[2868.687s][debug][gc,phases      ] GC(269)   StringDedup Table Weak         Min:  0.0, Avg:  0.0, Max:  0.0, Diff:  0.0, Sum:  0.0, Workers: 4
[2868.687s][debug][gc,phases      ] GC(269)     Dead                           Min: 0, Avg:  0.0, Max: 0, Diff: 0, Sum: 0, Workers: 4
[2868.687s][debug][gc,phases      ] GC(269)     Total                          Min: 0, Avg:  0.0, Max: 0, Diff: 0, Sum: 0, Workers: 4
[2868.687s][debug][gc,phases      ] GC(269)   StringDedup Requests0 Weak     Min:  0.0, Avg:  0.0, Max:  0.0, Diff:  0.0, Sum:  0.0, Workers: 4
[2868.687s][debug][gc,phases      ] GC(269)     Dead                           Min: 0, Avg:  0.0, Max: 0, Diff: 0, Sum: 0, Workers: 4
[2868.687s][debug][gc,phases      ] GC(269)     Total                          Min: 0, Avg:  0.0, Max: 0, Diff: 0, Sum: 0, Workers: 4
[2868.687s][debug][gc,phases      ] GC(269)   StringDedup Requests1 Weak     Min:  0.0, Avg:  0.0, Max:  0.0, Diff:  0.0, Sum:  0.0, Workers: 4
[2868.687s][debug][gc,phases      ] GC(269)     Dead                           Min: 0, Avg:  0.0, Max: 0, Diff: 0, Sum: 0, Workers: 4
[2868.687s][debug][gc,phases      ] GC(269)     Total                          Min: 0, Avg:  0.0, Max: 0, Diff: 0, Sum: 0, Workers: 4
[2868.687s][debug][gc,phases      ] GC(269)   Weak JFR Old Object Samples    Min:  0.0, Avg:  0.0, Max:  0.0, Diff:  0.0, Sum:  0.0, Workers: 4
[2868.687s][debug][gc,phases      ] GC(269)     Dead                           Min: 0, Avg:  0.0, Max: 0, Diff: 0, Sum: 0, Workers: 4
[2868.687s][debug][gc,phases      ] GC(269)     Total                          Min: 0, Avg:  0.0, Max: 0, Diff: 0, Sum: 0, Workers: 4
[2868.687s][debug][gc,phases      ] GC(269) Weak Processing 0.342ms
[2868.687s][debug][gc,age         ] GC(269) Desired survivor size 107479040 bytes, new threshold 15 (max threshold 15)
[2868.687s][info ][gc,heap        ] GC(269) PSYoungGen: 1959264K(1959424K)->70960K(1989120K) Eden: 1895424K(1895424K)->0K(1887232K) From: 63840K(64000K)->70960K(101888K)
[2868.687s][info ][gc,heap        ] GC(269) ParOldGen: 324626K(373248K)->324626K(373248K)
[2868.687s][info ][gc,metaspace   ] GC(269) Metaspace: 83555K(84416K)->83555K(84416K) NonClass: 71528K(72000K)->71528K(72000K) Class: 12026K(12416K)->12026K(12416K)
[2868.687s][info ][gc             ] GC(269) Pause Young (Allocation Failure) 2230M->386M(2307M) 26.760ms
[2868.687s][info ][gc,cpu         ] GC(269) User=0.09s Sys=0.00s Real=0.02s
[2868.687s][info ][safepoint      ] Safepoint "ParallelGCFailedAllocation", Time since last: 5426691841 ns, Reaching safepoint: 75000 ns, Cleanup: 27300 ns, At safepoint: 26840891 ns, Total: 26943191 ns
[2870.687s][info ][safepoint      ] Safepoint "Cleanup", Time since last: 2000142587 ns, Reaching safepoint: 3800 ns, Cleanup: 58799 ns, At safepoint: 2300 ns, Total: 64899 ns
[2875.821s][info ][safepoint      ] Safepoint "ParallelGCFailedAllocation", Time since last: 5133940983 ns, Reaching safepoint: 75100 ns, Cleanup: 18000 ns, At safepoint: 11800 ns, Total: 104900 ns
[2875.822s][info ][gc,start       ] GC(270) Pause Young (GCLocker Initiated GC)
[2875.853s][debug][gc,phases      ] GC(270) Scavenge 31.779ms
[2875.854s][debug][gc,ref         ] GC(270) Skipped phase 1 of Reference Processing: no references
[2875.854s][debug][gc,ref         ] GC(270) Skipped phase 2 of Reference Processing: no references
[2875.854s][debug][gc,ref         ] GC(270) Skipped phase 3 of Reference Processing: no references
[2875.854s][debug][gc,ref         ] GC(270) ReferenceProcessor::execute queues: 1, RefProcThreadModel::Single, marks_oops_alive: false
[2875.854s][debug][gc,phases      ] GC(270) Reference Processing 0.089ms
[2875.854s][debug][gc,phases      ] GC(270)   VM Weak                        Min:  0.0, Avg:  0.0, Max:  0.0, Diff:  0.0, Sum:  0.0, Workers: 4
[2875.854s][debug][gc,phases      ] GC(270)     Dead                           Min: 0, Avg:  0.0, Max: 0, Diff: 0, Sum: 0, Workers: 4
[2875.854s][debug][gc,phases      ] GC(270)     Total                          Min: 0, Avg: 181.2, Max: 469, Diff: 469, Sum: 725, Workers: 4
[2875.854s][debug][gc,phases      ] GC(270)   ObjectSynchronizer Weak        Min:  0.0, Avg:  0.0, Max:  0.0, Diff:  0.0, Sum:  0.0, Workers: 4
[2875.854s][debug][gc,phases      ] GC(270)     Dead                           Min: 0, Avg:  0.0, Max: 0, Diff: 0, Sum: 0, Workers: 4
[2875.854s][debug][gc,phases      ] GC(270)     Total                          Min: 0, Avg:  1.5, Max: 6, Diff: 6, Sum: 6, Workers: 4
[2875.854s][debug][gc,phases      ] GC(270)   JVMTI Tag Weak OopStorage      Min:  0.0, Avg:  0.0, Max:  0.0, Diff:  0.0, Sum:  0.0, Workers: 4
[2875.854s][debug][gc,phases      ] GC(270)     Dead                           Min: 0, Avg:  0.0, Max: 0, Diff: 0, Sum: 0, Workers: 4
[2875.854s][debug][gc,phases      ] GC(270)     Total                          Min: 0, Avg:  0.0, Max: 0, Diff: 0, Sum: 0, Workers: 4
[2875.854s][debug][gc,phases      ] GC(270)   StringTable Weak               Min:  0.0, Avg:  0.1, Max:  0.1, Diff:  0.1, Sum:  0.4, Workers: 4
[2875.854s][debug][gc,phases      ] GC(270)     Dead                           Min: 0, Avg:  0.0, Max: 0, Diff: 0, Sum: 0, Workers: 4
[2875.854s][debug][gc,phases      ] GC(270)     Total                          Min: 0, Avg: 10939.8, Max: 20591, Diff: 20591, Sum: 43759, Workers: 4
[2875.854s][debug][gc,phases      ] GC(270)   ResolvedMethodTable Weak       Min:  0.0, Avg:  0.0, Max:  0.0, Diff:  0.0, Sum:  0.1, Workers: 4
[2875.854s][debug][gc,phases      ] GC(270)     Dead                           Min: 0, Avg:  0.0, Max: 0, Diff: 0, Sum: 0, Workers: 4
[2875.854s][debug][gc,phases      ] GC(270)     Total                          Min: 0, Avg: 2444.5, Max: 4277, Diff: 4277, Sum: 9778, Workers: 4
[2875.854s][debug][gc,phases      ] GC(270)   JNI Weak                       Min:  0.0, Avg:  0.0, Max:  0.0, Diff:  0.0, Sum:  0.0, Workers: 4
[2875.854s][debug][gc,phases      ] GC(270)     Dead                           Min: 0, Avg:  0.0, Max: 0, Diff: 0, Sum: 0, Workers: 4
[2875.854s][debug][gc,phases      ] GC(270)     Total                          Min: 0, Avg: 11.2, Max: 45, Diff: 45, Sum: 45, Workers: 4
[2875.854s][debug][gc,phases      ] GC(270)   StringDedup Table Weak         Min:  0.0, Avg:  0.0, Max:  0.0, Diff:  0.0, Sum:  0.0, Workers: 4
[2875.854s][debug][gc,phases      ] GC(270)     Dead                           Min: 0, Avg:  0.0, Max: 0, Diff: 0, Sum: 0, Workers: 4
[2875.854s][debug][gc,phases      ] GC(270)     Total                          Min: 0, Avg:  0.0, Max: 0, Diff: 0, Sum: 0, Workers: 4
[2875.854s][debug][gc,phases      ] GC(270)   StringDedup Requests0 Weak     Min:  0.0, Avg:  0.0, Max:  0.0, Diff:  0.0, Sum:  0.0, Workers: 4
[2875.854s][debug][gc,phases      ] GC(270)     Dead                           Min: 0, Avg:  0.0, Max: 0, Diff: 0, Sum: 0, Workers: 4
[2875.854s][debug][gc,phases      ] GC(270)     Total                          Min: 0, Avg:  0.0, Max: 0, Diff: 0, Sum: 0, Workers: 4
[2875.854s][debug][gc,phases      ] GC(270)   StringDedup Requests1 Weak     Min:  0.0, Avg:  0.0, Max:  0.0, Diff:  0.0, Sum:  0.0, Workers: 4
[2875.854s][debug][gc,phases      ] GC(270)     Dead                           Min: 0, Avg:  0.0, Max: 0, Diff: 0, Sum: 0, Workers: 4
[2875.854s][debug][gc,phases      ] GC(270)     Total                          Min: 0, Avg:  0.0, Max: 0, Diff: 0, Sum: 0, Workers: 4
[2875.854s][debug][gc,phases      ] GC(270)   Weak JFR Old Object Samples    Min:  0.0, Avg:  0.0, Max:  0.0, Diff:  0.0, Sum:  0.0, Workers: 4
[2875.854s][debug][gc,phases      ] GC(270)     Dead                           Min: 0, Avg:  0.0, Max: 0, Diff: 0, Sum: 0, Workers: 4
[2875.854s][debug][gc,phases      ] GC(270)     Total                          Min: 0, Avg:  0.0, Max: 0, Diff: 0, Sum: 0, Workers: 4
[2875.854s][debug][gc,phases      ] GC(270) Weak Processing 0.323ms
[2875.854s][debug][gc,age         ] GC(270) Desired survivor size 104333312 bytes, new threshold 15 (max threshold 15)
[2875.854s][info ][gc,heap        ] GC(270) PSYoungGen: 1958192K(1989120K)->35136K(1992192K) Eden: 1887232K(1887232K)->0K(1887232K) From: 70960K(101888K)->35136K(104960K)
[2875.854s][info ][gc,heap        ] GC(270) ParOldGen: 324627K(373248K)->372603K(373248K)
[2875.854s][info ][gc,metaspace   ] GC(270) Metaspace: 83578K(84416K)->83578K(84416K) NonClass: 71552K(72000K)->71552K(72000K) Class: 12026K(12416K)->12026K(12416K)
[2875.854s][info ][gc             ] GC(270) Pause Young (GCLocker Initiated GC) 2229M->398M(2310M) 32.307ms
[2875.854s][info ][gc,cpu         ] GC(270) User=0.12s Sys=0.00s Real=0.03s
[2875.854s][debug][gc,phases      ] GC(271) Pre Compact 0.009ms
[2875.854s][info ][gc,start       ] GC(271) Pause Full (Ergonomics)
[2875.854s][info ][gc,phases,start] GC(271) Marking Phase
[2875.976s][debug][gc,phases      ] GC(271) Par Mark 121.431ms
[2875.976s][debug][gc,ref         ] GC(271) ReferenceProcessor::execute queues: 4, RefProcThreadModel::Multi, marks_oops_alive: true
[2875.976s][debug][gc,ref         ] GC(271) ReferenceProcessor::execute queues: 4, RefProcThreadModel::Multi, marks_oops_alive: false
[2875.977s][debug][gc,ref         ] GC(271) Skipped phase 3 of Reference Processing: no references
[2875.977s][debug][gc,ref         ] GC(271) ReferenceProcessor::execute queues: 1, RefProcThreadModel::Single, marks_oops_alive: false
[2875.977s][debug][gc,phases      ] GC(271) Reference Processing 1.385ms
[2875.977s][debug][gc,phases      ] GC(271)   VM Weak                        Min:  0.0, Avg:  0.0, Max:  0.0, Diff:  0.0, Sum:  0.0, Workers: 4
[2875.977s][debug][gc,phases      ] GC(271)     Dead                           Min: 0, Avg: 35.2, Max: 68, Diff: 68, Sum: 141, Workers: 4
[2875.977s][debug][gc,phases      ] GC(271)     Total                          Min: 0, Avg: 181.2, Max: 320, Diff: 320, Sum: 725, Workers: 4
[2875.977s][debug][gc,phases      ] GC(271)   ObjectSynchronizer Weak        Min:  0.0, Avg:  0.0, Max:  0.0, Diff:  0.0, Sum:  0.0, Workers: 4
[2875.977s][debug][gc,phases      ] GC(271)     Dead                           Min: 0, Avg:  0.0, Max: 0, Diff: 0, Sum: 0, Workers: 4
[2875.977s][debug][gc,phases      ] GC(271)     Total                          Min: 0, Avg:  1.5, Max: 6, Diff: 6, Sum: 6, Workers: 4
[2875.977s][debug][gc,phases      ] GC(271)   JVMTI Tag Weak OopStorage      Min:  0.0, Avg:  0.0, Max:  0.0, Diff:  0.0, Sum:  0.0, Workers: 4
[2875.977s][debug][gc,phases      ] GC(271)     Dead                           Min: 0, Avg:  0.0, Max: 0, Diff: 0, Sum: 0, Workers: 4
[2875.977s][debug][gc,phases      ] GC(271)     Total                          Min: 0, Avg:  0.0, Max: 0, Diff: 0, Sum: 0, Workers: 4
[2875.977s][debug][gc,phases      ] GC(271)   StringTable Weak               Min:  0.1, Avg:  0.1, Max:  0.1, Diff:  0.0, Sum:  0.6, Workers: 4
[2875.977s][debug][gc,phases      ] GC(271)     Dead                           Min: 119, Avg: 307.5, Max: 485, Diff: 366, Sum: 1230, Workers: 4
[2875.977s][debug][gc,phases      ] GC(271)     Total                          Min: 10176, Avg: 10939.8, Max: 11887, Diff: 1711, Sum: 43759, Workers: 4
[2875.977s][debug][gc,phases      ] GC(271)   ResolvedMethodTable Weak       Min:  0.0, Avg:  0.0, Max:  0.0, Diff:  0.0, Sum:  0.1, Workers: 4
[2875.977s][debug][gc,phases      ] GC(271)     Dead                           Min: 29, Avg: 35.8, Max: 41, Diff: 12, Sum: 143, Workers: 4
[2875.977s][debug][gc,phases      ] GC(271)     Total                          Min: 2237, Avg: 2444.5, Max: 2624, Diff: 387, Sum: 9778, Workers: 4
[2875.977s][debug][gc,phases      ] GC(271)   JNI Weak                       Min:  0.0, Avg:  0.0, Max:  0.0, Diff:  0.0, Sum:  0.0, Workers: 4
[2875.977s][debug][gc,phases      ] GC(271)     Dead                           Min: 0, Avg:  0.0, Max: 0, Diff: 0, Sum: 0, Workers: 4
[2875.977s][debug][gc,phases      ] GC(271)     Total                          Min: 0, Avg: 11.2, Max: 45, Diff: 45, Sum: 45, Workers: 4
[2875.977s][debug][gc,phases      ] GC(271)   StringDedup Table Weak         Min:  0.0, Avg:  0.0, Max:  0.0, Diff:  0.0, Sum:  0.0, Workers: 4
[2875.977s][debug][gc,phases      ] GC(271)     Dead                           Min: 0, Avg:  0.0, Max: 0, Diff: 0, Sum: 0, Workers: 4
[2875.977s][debug][gc,phases      ] GC(271)     Total                          Min: 0, Avg:  0.0, Max: 0, Diff: 0, Sum: 0, Workers: 4
[2875.977s][debug][gc,phases      ] GC(271)   StringDedup Requests0 Weak     Min:  0.0, Avg:  0.0, Max:  0.0, Diff:  0.0, Sum:  0.0, Workers: 4
[2875.977s][debug][gc,phases      ] GC(271)     Dead                           Min: 0, Avg:  0.0, Max: 0, Diff: 0, Sum: 0, Workers: 4
[2875.977s][debug][gc,phases      ] GC(271)     Total                          Min: 0, Avg:  0.0, Max: 0, Diff: 0, Sum: 0, Workers: 4
[2875.977s][debug][gc,phases      ] GC(271)   StringDedup Requests1 Weak     Min:  0.0, Avg:  0.0, Max:  0.0, Diff:  0.0, Sum:  0.0, Workers: 4
[2875.977s][debug][gc,phases      ] GC(271)     Dead                           Min: 0, Avg:  0.0, Max: 0, Diff: 0, Sum: 0, Workers: 4
[2875.977s][debug][gc,phases      ] GC(271)     Total                          Min: 0, Avg:  0.0, Max: 0, Diff: 0, Sum: 0, Workers: 4
[2875.977s][debug][gc,phases      ] GC(271)   Weak JFR Old Object Samples    Min:  0.0, Avg:  0.0, Max:  0.0, Diff:  0.0, Sum:  0.0, Workers: 4
[2875.977s][debug][gc,phases      ] GC(271)     Dead                           Min: 0, Avg:  0.0, Max: 0, Diff: 0, Sum: 0, Workers: 4
[2875.977s][debug][gc,phases      ] GC(271)     Total                          Min: 0, Avg:  0.0, Max: 0, Diff: 0, Sum: 0, Workers: 4
[2875.977s][debug][gc,phases      ] GC(271) Weak Processing 0.324ms
[2875.978s][debug][gc,phases      ] GC(271) ClassLoaderData 0.600ms
[2875.978s][debug][gc,phases      ] GC(271) Trigger cleanups 0.007ms
[2876.006s][debug][gc,phases      ] GC(271) Class Unloading 28.342ms
[2876.006s][debug][gc,phases      ] GC(271) Report Object Count 0.002ms
[2876.006s][info ][gc,phases      ] GC(271) Marking Phase 151.647ms
[2876.006s][info ][gc,phases,start] GC(271) Summary Phase
[2876.006s][info ][gc,phases      ] GC(271) Summary Phase 0.022ms
[2876.006s][info ][gc,phases,start] GC(271) Adjust Roots
[2876.020s][info ][gc,phases      ] GC(271) Adjust Roots 14.625ms
[2876.020s][info ][gc,phases,start] GC(271) Compaction Phase
[2876.279s][info ][gc,phases      ] GC(271) Compaction Phase 259.117ms
[2876.279s][info ][gc,phases,start] GC(271) Post Compact
[2876.280s][info ][gc,phases      ] GC(271) Post Compact 0.942ms
[2876.281s][info ][gc,heap        ] GC(271) PSYoungGen: 35136K(1992192K)->0K(1995264K) Eden: 0K(1887232K)->0K(1893376K) From: 35136K(104960K)->0K(101888K)
[2876.281s][info ][gc,heap        ] GC(271) ParOldGen: 372603K(373248K)->366384K(428544K)
[2876.281s][info ][gc,metaspace   ] GC(271) Metaspace: 83578K(84416K)->83277K(84416K) NonClass: 71552K(72000K)->71322K(72000K) Class: 12026K(12416K)->11954K(12416K)
[2876.281s][info ][gc             ] GC(271) Pause Full (Ergonomics) 398M->357M(2367M) 426.569ms
[2876.281s][info ][gc,cpu         ] GC(271) User=1.41s Sys=0.00s Real=0.43s
[2876.281s][info ][safepoint      ] Safepoint "ParallelGCSystemGC", Time since last: 104899 ns, Reaching safepoint: 79200 ns, Cleanup: 14200 ns, At safepoint: 459002897 ns, Total: 459096297 ns
[2881.794s][info ][safepoint      ] Safepoint "Cleanup", Time since last: 5513291691 ns, Reaching safepoint: 4300 ns, Cleanup: 38500 ns, At safepoint: 2400 ns, Total: 45200 ns
[2883.563s][info ][gc,start       ] GC(272) Pause Young (Allocation Failure)
[2883.569s][debug][gc,phases      ] GC(272) Scavenge 5.313ms
[2883.569s][debug][gc,ref         ] GC(272) Skipped phase 1 of Reference Processing: no references
[2883.569s][debug][gc,ref         ] GC(272) Skipped phase 2 of Reference Processing: no references
[2883.569s][debug][gc,ref         ] GC(272) Skipped phase 3 of Reference Processing: no references
[2883.569s][debug][gc,ref         ] GC(272) Skipped phase 4 of Reference Processing: no references
[2883.569s][debug][gc,phases      ] GC(272) Reference Processing 0.021ms
[2883.569s][debug][gc,phases      ] GC(272)   VM Weak                        Min:  0.0, Avg:  0.0, Max:  0.0, Diff:  0.0, Sum:  0.0, Workers: 4
[2883.569s][debug][gc,phases      ] GC(272)     Dead                           Min: 0, Avg:  0.0, Max: 0, Diff: 0, Sum: 0, Workers: 4
[2883.569s][debug][gc,phases      ] GC(272)     Total                          Min: 0, Avg: 146.0, Max: 303, Diff: 303, Sum: 584, Workers: 4
[2883.569s][debug][gc,phases      ] GC(272)   ObjectSynchronizer Weak        Min:  0.0, Avg:  0.0, Max:  0.0, Diff:  0.0, Sum:  0.0, Workers: 4
[2883.569s][debug][gc,phases      ] GC(272)     Dead                           Min: 0, Avg:  0.0, Max: 0, Diff: 0, Sum: 0, Workers: 4
[2883.569s][debug][gc,phases      ] GC(272)     Total                          Min: 0, Avg:  1.2, Max: 5, Diff: 5, Sum: 5, Workers: 4
[2883.569s][debug][gc,phases      ] GC(272)   JVMTI Tag Weak OopStorage      Min:  0.0, Avg:  0.0, Max:  0.0, Diff:  0.0, Sum:  0.0, Workers: 4
[2883.569s][debug][gc,phases      ] GC(272)     Dead                           Min: 0, Avg:  0.0, Max: 0, Diff: 0, Sum: 0, Workers: 4
[2883.569s][debug][gc,phases      ] GC(272)     Total                          Min: 0, Avg:  0.0, Max: 0, Diff: 0, Sum: 0, Workers: 4
[2883.569s][debug][gc,phases      ] GC(272)   StringTable Weak               Min:  0.0, Avg:  0.1, Max:  0.1, Diff:  0.1, Sum:  0.4, Workers: 4
[2883.569s][debug][gc,phases      ] GC(272)     Dead                           Min: 0, Avg:  0.0, Max: 0, Diff: 0, Sum: 0, Workers: 4
[2883.569s][debug][gc,phases      ] GC(272)     Total                          Min: 0, Avg: 10939.8, Max: 14656, Diff: 14656, Sum: 43759, Workers: 4
[2883.569s][debug][gc,phases      ] GC(272)   ResolvedMethodTable Weak       Min:  0.0, Avg:  0.0, Max:  0.0, Diff:  0.0, Sum:  0.1, Workers: 4
[2883.569s][debug][gc,phases      ] GC(272)     Dead                           Min: 0, Avg:  0.0, Max: 0, Diff: 0, Sum: 0, Workers: 4
[2883.569s][debug][gc,phases      ] GC(272)     Total                          Min: 0, Avg: 2444.5, Max: 3442, Diff: 3442, Sum: 9778, Workers: 4
[2883.569s][debug][gc,phases      ] GC(272)   JNI Weak                       Min:  0.0, Avg:  0.0, Max:  0.0, Diff:  0.0, Sum:  0.0, Workers: 4
[2883.569s][debug][gc,phases      ] GC(272)     Dead                           Min: 0, Avg:  0.0, Max: 0, Diff: 0, Sum: 0, Workers: 4
[2883.569s][debug][gc,phases      ] GC(272)     Total                          Min: 0, Avg: 11.2, Max: 45, Diff: 45, Sum: 45, Workers: 4
[2883.569s][debug][gc,phases      ] GC(272)   StringDedup Table Weak         Min:  0.0, Avg:  0.0, Max:  0.0, Diff:  0.0, Sum:  0.0, Workers: 4
[2883.569s][debug][gc,phases      ] GC(272)     Dead                           Min: 0, Avg:  0.0, Max: 0, Diff: 0, Sum: 0, Workers: 4
[2883.569s][debug][gc,phases      ] GC(272)     Total                          Min: 0, Avg:  0.0, Max: 0, Diff: 0, Sum: 0, Workers: 4
[2883.569s][debug][gc,phases      ] GC(272)   StringDedup Requests0 Weak     Min:  0.0, Avg:  0.0, Max:  0.0, Diff:  0.0, Sum:  0.0, Workers: 4
[2883.569s][debug][gc,phases      ] GC(272)     Dead                           Min: 0, Avg:  0.0, Max: 0, Diff: 0, Sum: 0, Workers: 4
[2883.569s][debug][gc,phases      ] GC(272)     Total                          Min: 0, Avg:  0.0, Max: 0, Diff: 0, Sum: 0, Workers: 4
[2883.569s][debug][gc,phases      ] GC(272)   StringDedup Requests1 Weak     Min:  0.0, Avg:  0.0, Max:  0.0, Diff:  0.0, Sum:  0.0, Workers: 4
[2883.569s][debug][gc,phases      ] GC(272)     Dead                           Min: 0, Avg:  0.0, Max: 0, Diff: 0, Sum: 0, Workers: 4
[2883.569s][debug][gc,phases      ] GC(272)     Total                          Min: 0, Avg:  0.0, Max: 0, Diff: 0, Sum: 0, Workers: 4
[2883.569s][debug][gc,phases      ] GC(272)   Weak JFR Old Object Samples    Min:  0.0, Avg:  0.0, Max:  0.0, Diff:  0.0, Sum:  0.0, Workers: 4
[2883.569s][debug][gc,phases      ] GC(272)     Dead                           Min: 0, Avg:  0.0, Max: 0, Diff: 0, Sum: 0, Workers: 4
[2883.569s][debug][gc,phases      ] GC(272)     Total                          Min: 0, Avg:  0.0, Max: 0, Diff: 0, Sum: 0, Workers: 4
[2883.569s][debug][gc,phases      ] GC(272) Weak Processing 0.337ms
[2883.569s][debug][gc,age         ] GC(272) Desired survivor size 106954752 bytes, new threshold 15 (max threshold 15)
[2883.569s][info ][gc,heap        ] GC(272) PSYoungGen: 1893376K(1995264K)->5248K(1899008K) Eden: 1893376K(1893376K)->0K(1893376K) From: 0K(101888K)->5248K(5632K)
[2883.569s][info ][gc,heap        ] GC(272) ParOldGen: 366385K(428544K)->366385K(428544K)
[2883.569s][info ][gc,metaspace   ] GC(272) Metaspace: 83278K(84416K)->83278K(84416K) NonClass: 71323K(72000K)->71323K(72000K) Class: 11954K(12416K)->11954K(12416K)
[2883.569s][info ][gc             ] GC(272) Pause Young (Allocation Failure) 2206M->362M(2273M) 5.773ms
[2883.569s][info ][gc,cpu         ] GC(272) User=0.01s Sys=0.00s Real=0.01s
[2883.569s][info ][safepoint      ] Safepoint "ParallelGCFailedAllocation", Time since last: 1769419328 ns, Reaching safepoint: 5800 ns, Cleanup: 30300 ns, At safepoint: 5847398 ns, Total: 5883498 ns
[2889.570s][info ][safepoint      ] Safepoint "Cleanup", Time since last: 6000424676 ns, Reaching safepoint: 71200 ns, Cleanup: 28700 ns, At safepoint: 3800 ns, Total: 103700 ns
[2891.417s][info ][safepoint      ] Safepoint "ParallelGCFailedAllocation", Time since last: 1847084060 ns, Reaching safepoint: 76100 ns, Cleanup: 34500 ns, At safepoint: 13200 ns, Total: 123800 ns
[2891.417s][info ][gc,start       ] GC(273) Pause Young (GCLocker Initiated GC)
[2891.422s][debug][gc,phases      ] GC(273) Scavenge 4.472ms
[2891.422s][debug][gc,ref         ] GC(273) Skipped phase 1 of Reference Processing: no references
[2891.422s][debug][gc,ref         ] GC(273) Skipped phase 2 of Reference Processing: no references
[2891.422s][debug][gc,ref         ] GC(273) Skipped phase 3 of Reference Processing: no references
[2891.422s][debug][gc,ref         ] GC(273) Skipped phase 4 of Reference Processing: no references
[2891.422s][debug][gc,phases      ] GC(273) Reference Processing 0.020ms
[2891.422s][debug][gc,phases      ] GC(273)   VM Weak                        Min:  0.0, Avg:  0.0, Max:  0.0, Diff:  0.0, Sum:  0.0, Workers: 4
[2891.422s][debug][gc,phases      ] GC(273)     Dead                           Min: 0, Avg:  0.0, Max: 0, Diff: 0, Sum: 0, Workers: 4
[2891.422s][debug][gc,phases      ] GC(273)     Total                          Min: 0, Avg: 146.0, Max: 286, Diff: 286, Sum: 584, Workers: 4
[2891.422s][debug][gc,phases      ] GC(273)   ObjectSynchronizer Weak        Min:  0.0, Avg:  0.0, Max:  0.0, Diff:  0.0, Sum:  0.0, Workers: 4
[2891.422s][debug][gc,phases      ] GC(273)     Dead                           Min: 0, Avg:  0.0, Max: 0, Diff: 0, Sum: 0, Workers: 4
[2891.422s][debug][gc,phases      ] GC(273)     Total                          Min: 0, Avg:  1.2, Max: 5, Diff: 5, Sum: 5, Workers: 4
[2891.422s][debug][gc,phases      ] GC(273)   JVMTI Tag Weak OopStorage      Min:  0.0, Avg:  0.0, Max:  0.0, Diff:  0.0, Sum:  0.0, Workers: 4
[2891.422s][debug][gc,phases      ] GC(273)     Dead                           Min: 0, Avg:  0.0, Max: 0, Diff: 0, Sum: 0, Workers: 4
[2891.422s][debug][gc,phases      ] GC(273)     Total                          Min: 0, Avg:  0.0, Max: 0, Diff: 0, Sum: 0, Workers: 4
[2891.422s][debug][gc,phases      ] GC(273)   StringTable Weak               Min:  0.1, Avg:  0.1, Max:  0.1, Diff:  0.0, Sum:  0.4, Workers: 4
[2891.422s][debug][gc,phases      ] GC(273)     Dead                           Min: 0, Avg:  0.0, Max: 0, Diff: 0, Sum: 0, Workers: 4
[2891.422s][debug][gc,phases      ] GC(273)     Total                          Min: 10560, Avg: 10939.8, Max: 11631, Diff: 1071, Sum: 43759, Workers: 4
[2891.422s][debug][gc,phases      ] GC(273)   ResolvedMethodTable Weak       Min:  0.0, Avg:  0.0, Max:  0.0, Diff:  0.0, Sum:  0.1, Workers: 4
[2891.422s][debug][gc,phases      ] GC(273)     Dead                           Min: 0, Avg:  0.0, Max: 0, Diff: 0, Sum: 0, Workers: 4
[2891.422s][debug][gc,phases      ] GC(273)     Total                          Min: 1909, Avg: 2444.5, Max: 2813, Diff: 904, Sum: 9778, Workers: 4
[2891.422s][debug][gc,phases      ] GC(273)   JNI Weak                       Min:  0.0, Avg:  0.0, Max:  0.0, Diff:  0.0, Sum:  0.0, Workers: 4
[2891.422s][debug][gc,phases      ] GC(273)     Dead                           Min: 0, Avg:  0.0, Max: 0, Diff: 0, Sum: 0, Workers: 4
[2891.422s][debug][gc,phases      ] GC(273)     Total                          Min: 0, Avg: 11.2, Max: 45, Diff: 45, Sum: 45, Workers: 4
[2891.422s][debug][gc,phases      ] GC(273)   StringDedup Table Weak         Min:  0.0, Avg:  0.0, Max:  0.0, Diff:  0.0, Sum:  0.0, Workers: 4
[2891.422s][debug][gc,phases      ] GC(273)     Dead                           Min: 0, Avg:  0.0, Max: 0, Diff: 0, Sum: 0, Workers: 4
[2891.422s][debug][gc,phases      ] GC(273)     Total                          Min: 0, Avg:  0.0, Max: 0, Diff: 0, Sum: 0, Workers: 4
[2891.422s][debug][gc,phases      ] GC(273)   StringDedup Requests0 Weak     Min:  0.0, Avg:  0.0, Max:  0.0, Diff:  0.0, Sum:  0.0, Workers: 4
[2891.422s][debug][gc,phases      ] GC(273)     Dead                           Min: 0, Avg:  0.0, Max: 0, Diff: 0, Sum: 0, Workers: 4
[2891.422s][debug][gc,phases      ] GC(273)     Total                          Min: 0, Avg:  0.0, Max: 0, Diff: 0, Sum: 0, Workers: 4
[2891.422s][debug][gc,phases      ] GC(273)   StringDedup Requests1 Weak     Min:  0.0, Avg:  0.0, Max:  0.0, Diff:  0.0, Sum:  0.0, Workers: 4
[2891.422s][debug][gc,phases      ] GC(273)     Dead                           Min: 0, Avg:  0.0, Max: 0, Diff: 0, Sum: 0, Workers: 4
[2891.422s][debug][gc,phases      ] GC(273)     Total                          Min: 0, Avg:  0.0, Max: 0, Diff: 0, Sum: 0, Workers: 4
[2891.422s][debug][gc,phases      ] GC(273)   Weak JFR Old Object Samples    Min:  0.0, Avg:  0.0, Max:  0.0, Diff:  0.0, Sum:  0.0, Workers: 4
[2891.422s][debug][gc,phases      ] GC(273)     Dead                           Min: 0, Avg:  0.0, Max: 0, Diff: 0, Sum: 0, Workers: 4
[2891.422s][debug][gc,phases      ] GC(273)     Total                          Min: 0, Avg:  0.0, Max: 0, Diff: 0, Sum: 0, Workers: 4
[2891.422s][debug][gc,phases      ] GC(273) Weak Processing 0.299ms
[2891.422s][debug][gc,age         ] GC(273) Desired survivor size 107479040 bytes, new threshold 15 (max threshold 15)
[2891.422s][info ][gc,heap        ] GC(273) PSYoungGen: 1898624K(1899008K)->5472K(1991680K) Eden: 1893376K(1893376K)->0K(1887232K) From: 5248K(5632K)->5472K(104448K)
[2891.422s][info ][gc,heap        ] GC(273) ParOldGen: 366386K(428544K)->366386K(428544K)
[2891.422s][info ][gc,metaspace   ] GC(273) Metaspace: 83279K(84416K)->83279K(84416K) NonClass: 71324K(72000K)->71324K(72000K) Class: 11954K(12416K)->11954K(12416K)
[2891.422s][info ][gc             ] GC(273) Pause Young (GCLocker Initiated GC) 2211M->363M(2363M) 4.861ms
[2891.422s][info ][gc,cpu         ] GC(273) User=0.01s Sys=0.00s Real=0.01s
[2891.422s][info ][safepoint      ] Safepoint "ParallelGCSystemGC", Time since last: 83000 ns, Reaching safepoint: 75900 ns, Cleanup: 59400 ns, At safepoint: 4933300 ns, Total: 5068600 ns
[2898.960s][info ][gc,start       ] GC(274) Pause Young (Allocation Failure)
[2898.965s][debug][gc,phases      ] GC(274) Scavenge 4.697ms
[2898.965s][debug][gc,ref         ] GC(274) Skipped phase 1 of Reference Processing: no references
[2898.965s][debug][gc,ref         ] GC(274) Skipped phase 2 of Reference Processing: no references
[2898.965s][debug][gc,ref         ] GC(274) Skipped phase 3 of Reference Processing: no references
[2898.965s][debug][gc,ref         ] GC(274) Skipped phase 4 of Reference Processing: no references
[2898.965s][debug][gc,phases      ] GC(274) Reference Processing 0.020ms
[2898.965s][debug][gc,phases      ] GC(274)   VM Weak                        Min:  0.0, Avg:  0.0, Max:  0.0, Diff:  0.0, Sum:  0.0, Workers: 4
[2898.965s][debug][gc,phases      ] GC(274)     Dead                           Min: 0, Avg:  0.0, Max: 0, Diff: 0, Sum: 0, Workers: 4
[2898.965s][debug][gc,phases      ] GC(274)     Total                          Min: 0, Avg: 146.0, Max: 453, Diff: 453, Sum: 584, Workers: 4
[2898.965s][debug][gc,phases      ] GC(274)   ObjectSynchronizer Weak        Min:  0.0, Avg:  0.0, Max:  0.0, Diff:  0.0, Sum:  0.0, Workers: 4
[2898.965s][debug][gc,phases      ] GC(274)     Dead                           Min: 0, Avg:  0.0, Max: 0, Diff: 0, Sum: 0, Workers: 4
[2898.965s][debug][gc,phases      ] GC(274)     Total                          Min: 0, Avg:  1.2, Max: 5, Diff: 5, Sum: 5, Workers: 4
[2898.965s][debug][gc,phases      ] GC(274)   JVMTI Tag Weak OopStorage      Min:  0.0, Avg:  0.0, Max:  0.0, Diff:  0.0, Sum:  0.0, Workers: 4
[2898.965s][debug][gc,phases      ] GC(274)     Dead                           Min: 0, Avg:  0.0, Max: 0, Diff: 0, Sum: 0, Workers: 4
[2898.965s][debug][gc,phases      ] GC(274)     Total                          Min: 0, Avg:  0.0, Max: 0, Diff: 0, Sum: 0, Workers: 4
[2898.965s][debug][gc,phases      ] GC(274)   StringTable Weak               Min:  0.0, Avg:  0.1, Max:  0.1, Diff:  0.1, Sum:  0.3, Workers: 4
[2898.965s][debug][gc,phases      ] GC(274)     Dead                           Min: 0, Avg:  0.0, Max: 0, Diff: 0, Sum: 0, Workers: 4
[2898.965s][debug][gc,phases      ] GC(274)     Total                          Min: 0, Avg: 10939.8, Max: 26543, Diff: 26543, Sum: 43759, Workers: 4
[2898.965s][debug][gc,phases      ] GC(274)   ResolvedMethodTable Weak       Min:  0.0, Avg:  0.0, Max:  0.0, Diff:  0.0, Sum:  0.1, Workers: 4
[2898.965s][debug][gc,phases      ] GC(274)     Dead                           Min: 0, Avg:  0.0, Max: 0, Diff: 0, Sum: 0, Workers: 4
[2898.965s][debug][gc,phases      ] GC(274)     Total                          Min: 0, Avg: 2444.5, Max: 5696, Diff: 5696, Sum: 9778, Workers: 4
[2898.965s][debug][gc,phases      ] GC(274)   JNI Weak                       Min:  0.0, Avg:  0.0, Max:  0.0, Diff:  0.0, Sum:  0.0, Workers: 4
[2898.965s][debug][gc,phases      ] GC(274)     Dead                           Min: 0, Avg:  0.0, Max: 0, Diff: 0, Sum: 0, Workers: 4
[2898.965s][debug][gc,phases      ] GC(274)     Total                          Min: 0, Avg: 11.2, Max: 45, Diff: 45, Sum: 45, Workers: 4
[2898.965s][debug][gc,phases      ] GC(274)   StringDedup Table Weak         Min:  0.0, Avg:  0.0, Max:  0.0, Diff:  0.0, Sum:  0.0, Workers: 4
[2898.965s][debug][gc,phases      ] GC(274)     Dead                           Min: 0, Avg:  0.0, Max: 0, Diff: 0, Sum: 0, Workers: 4
[2898.966s][debug][gc,phases      ] GC(274)     Total                          Min: 0, Avg:  0.0, Max: 0, Diff: 0, Sum: 0, Workers: 4
[2898.966s][debug][gc,phases      ] GC(274)   StringDedup Requests0 Weak     Min:  0.0, Avg:  0.0, Max:  0.0, Diff:  0.0, Sum:  0.0, Workers: 4
[2898.966s][debug][gc,phases      ] GC(274)     Dead                           Min: 0, Avg:  0.0, Max: 0, Diff: 0, Sum: 0, Workers: 4
[2898.966s][debug][gc,phases      ] GC(274)     Total                          Min: 0, Avg:  0.0, Max: 0, Diff: 0, Sum: 0, Workers: 4
[2898.966s][debug][gc,phases      ] GC(274)   StringDedup Requests1 Weak     Min:  0.0, Avg:  0.0, Max:  0.0, Diff:  0.0, Sum:  0.0, Workers: 4
[2898.966s][debug][gc,phases      ] GC(274)     Dead                           Min: 0, Avg:  0.0, Max: 0, Diff: 0, Sum: 0, Workers: 4
[2898.966s][debug][gc,phases      ] GC(274)     Total                          Min: 0, Avg:  0.0, Max: 0, Diff: 0, Sum: 0, Workers: 4
[2898.966s][debug][gc,phases      ] GC(274)   Weak JFR Old Object Samples    Min:  0.0, Avg:  0.0, Max:  0.0, Diff:  0.0, Sum:  0.0, Workers: 4
[2898.966s][debug][gc,phases      ] GC(274)     Dead                           Min: 0, Avg:  0.0, Max: 0, Diff: 0, Sum: 0, Workers: 4
[2898.966s][debug][gc,phases      ] GC(274)     Total                          Min: 0, Avg:  0.0, Max: 0, Diff: 0, Sum: 0, Workers: 4
[2898.966s][debug][gc,phases      ] GC(274) Weak Processing 0.346ms
[2898.966s][debug][gc,age         ] GC(274) Desired survivor size 106954752 bytes, new threshold 15 (max threshold 15)
[2898.966s][info ][gc,heap        ] GC(274) PSYoungGen: 1892704K(1991680K)->5696K(1992192K) Eden: 1887232K(1887232K)->0K(1887232K) From: 5472K(104448K)->5696K(104960K)
[2898.966s][info ][gc,heap        ] GC(274) ParOldGen: 366388K(428544K)->366388K(428544K)
[2898.966s][info ][gc,metaspace   ] GC(274) Metaspace: 83279K(84416K)->83279K(84416K) NonClass: 71324K(72000K)->71324K(72000K) Class: 11954K(12416K)->11954K(12416K)
[2898.966s][info ][gc             ] GC(274) Pause Young (Allocation Failure) 2206M->363M(2364M) 5.175ms
[2898.966s][info ][gc,cpu         ] GC(274) User=0.01s Sys=0.00s Real=0.00s
[2898.966s][info ][safepoint      ] Safepoint "ParallelGCFailedAllocation", Time since last: 7538109031 ns, Reaching safepoint: 78300 ns, Cleanup: 30700 ns, At safepoint: 5248001 ns, Total: 5357001 ns
[2901.966s][info ][safepoint      ] Safepoint "Cleanup", Time since last: 3000222245 ns, Reaching safepoint: 5600 ns, Cleanup: 27000 ns, At safepoint: 2400 ns, Total: 35000 ns
[2906.170s][info ][gc,start       ] GC(275) Pause Young (Allocation Failure)
[2906.176s][debug][gc,phases      ] GC(275) Scavenge 6.435ms
[2906.176s][debug][gc,ref         ] GC(275) Skipped phase 1 of Reference Processing: no references
[2906.176s][debug][gc,ref         ] GC(275) Skipped phase 2 of Reference Processing: no references
[2906.176s][debug][gc,ref         ] GC(275) Skipped phase 3 of Reference Processing: no references
[2906.176s][debug][gc,ref         ] GC(275) Skipped phase 4 of Reference Processing: no references
[2906.176s][debug][gc,phases      ] GC(275) Reference Processing 0.022ms
[2906.176s][debug][gc,phases      ] GC(275)   VM Weak                        Min:  0.0, Avg:  0.0, Max:  0.0, Diff:  0.0, Sum:  0.0, Workers: 4
[2906.176s][debug][gc,phases      ] GC(275)     Dead                           Min: 0, Avg:  0.0, Max: 0, Diff: 0, Sum: 0, Workers: 4
[2906.176s][debug][gc,phases      ] GC(275)     Total                          Min: 0, Avg: 146.0, Max: 391, Diff: 391, Sum: 584, Workers: 4
[2906.176s][debug][gc,phases      ] GC(275)   ObjectSynchronizer Weak        Min:  0.0, Avg:  0.0, Max:  0.0, Diff:  0.0, Sum:  0.0, Workers: 4
[2906.176s][debug][gc,phases      ] GC(275)     Dead                           Min: 0, Avg:  0.0, Max: 0, Diff: 0, Sum: 0, Workers: 4
[2906.176s][debug][gc,phases      ] GC(275)     Total                          Min: 0, Avg:  1.8, Max: 7, Diff: 7, Sum: 7, Workers: 4
[2906.176s][debug][gc,phases      ] GC(275)   JVMTI Tag Weak OopStorage      Min:  0.0, Avg:  0.0, Max:  0.0, Diff:  0.0, Sum:  0.0, Workers: 4
[2906.176s][debug][gc,phases      ] GC(275)     Dead                           Min: 0, Avg:  0.0, Max: 0, Diff: 0, Sum: 0, Workers: 4
[2906.176s][debug][gc,phases      ] GC(275)     Total                          Min: 0, Avg:  0.0, Max: 0, Diff: 0, Sum: 0, Workers: 4
[2906.176s][debug][gc,phases      ] GC(275)   StringTable Weak               Min:  0.0, Avg:  0.1, Max:  0.1, Diff:  0.1, Sum:  0.3, Workers: 4
[2906.176s][debug][gc,phases      ] GC(275)     Dead                           Min: 0, Avg:  0.0, Max: 0, Diff: 0, Sum: 0, Workers: 4
[2906.176s][debug][gc,phases      ] GC(275)     Total                          Min: 0, Avg: 10940.0, Max: 20016, Diff: 20016, Sum: 43760, Workers: 4
[2906.176s][debug][gc,phases      ] GC(275)   ResolvedMethodTable Weak       Min:  0.0, Avg:  0.0, Max:  0.0, Diff:  0.0, Sum:  0.1, Workers: 4
[2906.176s][debug][gc,phases      ] GC(275)     Dead                           Min: 0, Avg:  0.0, Max: 0, Diff: 0, Sum: 0, Workers: 4
[2906.176s][debug][gc,phases      ] GC(275)     Total                          Min: 0, Avg: 2444.5, Max: 4352, Diff: 4352, Sum: 9778, Workers: 4
[2906.176s][debug][gc,phases      ] GC(275)   JNI Weak                       Min:  0.0, Avg:  0.0, Max:  0.0, Diff:  0.0, Sum:  0.0, Workers: 4
[2906.176s][debug][gc,phases      ] GC(275)     Dead                           Min: 0, Avg:  0.0, Max: 0, Diff: 0, Sum: 0, Workers: 4
[2906.176s][debug][gc,phases      ] GC(275)     Total                          Min: 0, Avg: 11.2, Max: 45, Diff: 45, Sum: 45, Workers: 4
[2906.176s][debug][gc,phases      ] GC(275)   StringDedup Table Weak         Min:  0.0, Avg:  0.0, Max:  0.0, Diff:  0.0, Sum:  0.0, Workers: 4
[2906.176s][debug][gc,phases      ] GC(275)     Dead                           Min: 0, Avg:  0.0, Max: 0, Diff: 0, Sum: 0, Workers: 4
[2906.176s][debug][gc,phases      ] GC(275)     Total                          Min: 0, Avg:  0.0, Max: 0, Diff: 0, Sum: 0, Workers: 4
[2906.176s][debug][gc,phases      ] GC(275)   StringDedup Requests0 Weak     Min:  0.0, Avg:  0.0, Max:  0.0, Diff:  0.0, Sum:  0.0, Workers: 4
[2906.176s][debug][gc,phases      ] GC(275)     Dead                           Min: 0, Avg:  0.0, Max: 0, Diff: 0, Sum: 0, Workers: 4
[2906.176s][debug][gc,phases      ] GC(275)     Total                          Min: 0, Avg:  0.0, Max: 0, Diff: 0, Sum: 0, Workers: 4
[2906.176s][debug][gc,phases      ] GC(275)   StringDedup Requests1 Weak     Min:  0.0, Avg:  0.0, Max:  0.0, Diff:  0.0, Sum:  0.0, Workers: 4
[2906.176s][debug][gc,phases      ] GC(275)     Dead                           Min: 0, Avg:  0.0, Max: 0, Diff: 0, Sum: 0, Workers: 4
[2906.176s][debug][gc,phases      ] GC(275)     Total                          Min: 0, Avg:  0.0, Max: 0, Diff: 0, Sum: 0, Workers: 4
[2906.176s][debug][gc,phases      ] GC(275)   Weak JFR Old Object Samples    Min:  0.0, Avg:  0.0, Max:  0.0, Diff:  0.0, Sum:  0.0, Workers: 4
[2906.176s][debug][gc,phases      ] GC(275)     Dead                           Min: 0, Avg:  0.0, Max: 0, Diff: 0, Sum: 0, Workers: 4
[2906.176s][debug][gc,phases      ] GC(275)     Total                          Min: 0, Avg:  0.0, Max: 0, Diff: 0, Sum: 0, Workers: 4
[2906.176s][debug][gc,phases      ] GC(275) Weak Processing 0.302ms
[2906.176s][debug][gc,age         ] GC(275) Desired survivor size 105381888 bytes, new threshold 15 (max threshold 15)
[2906.176s][info ][gc,heap        ] GC(275) PSYoungGen: 1892928K(1992192K)->6128K(1994240K) Eden: 1887232K(1887232K)->0K(1889792K) From: 5696K(104960K)->6128K(104448K)
[2906.177s][info ][gc,heap        ] GC(275) ParOldGen: 366388K(428544K)->366388K(428544K)
[2906.177s][info ][gc,metaspace   ] GC(275) Metaspace: 83283K(84416K)->83283K(84416K) NonClass: 71328K(72000K)->71328K(72000K) Class: 11954K(12416K)->11954K(12416K)
[2906.177s][info ][gc             ] GC(275) Pause Young (Allocation Failure) 2206M->363M(2366M) 6.875ms
[2906.177s][info ][gc,cpu         ] GC(275) User=0.02s Sys=0.00s Real=0.00s
[2906.177s][info ][safepoint      ] Safepoint "ParallelGCFailedAllocation", Time since last: 4203612402 ns, Reaching safepoint: 72900 ns, Cleanup: 38100 ns, At safepoint: 6953300 ns, Total: 7064300 ns
[2909.177s][info ][safepoint      ] Safepoint "Cleanup", Time since last: 3000206733 ns, Reaching safepoint: 4500 ns, Cleanup: 28500 ns, At safepoint: 2000 ns, Total: 35000 ns
[2912.177s][info ][safepoint      ] Safepoint "Cleanup", Time since last: 3000220072 ns, Reaching safepoint: 4500 ns, Cleanup: 27800 ns, At safepoint: 2200 ns, Total: 34500 ns
[2914.859s][info ][gc,start       ] GC(276) Pause Young (Allocation Failure)
[2914.865s][debug][gc,phases      ] GC(276) Scavenge 5.805ms
[2914.865s][debug][gc,ref         ] GC(276) Skipped phase 1 of Reference Processing: no references
[2914.865s][debug][gc,ref         ] GC(276) ReferenceProcessor::execute queues: 1, RefProcThreadModel::Single, marks_oops_alive: false
[2914.865s][debug][gc,ref         ] GC(276) ReferenceProcessor::execute queues: 4, RefProcThreadModel::Multi, marks_oops_alive: true
[2914.866s][debug][gc,ref         ] GC(276) Skipped phase 4 of Reference Processing: no references
[2914.866s][debug][gc,phases      ] GC(276) Reference Processing 0.373ms
[2914.866s][debug][gc,phases      ] GC(276)   VM Weak                        Min:  0.0, Avg:  0.0, Max:  0.0, Diff:  0.0, Sum:  0.0, Workers: 4
[2914.866s][debug][gc,phases      ] GC(276)     Dead                           Min: 0, Avg:  0.0, Max: 0, Diff: 0, Sum: 0, Workers: 4
[2914.866s][debug][gc,phases      ] GC(276)     Total                          Min: 0, Avg: 146.0, Max: 375, Diff: 375, Sum: 584, Workers: 4
[2914.866s][debug][gc,phases      ] GC(276)   ObjectSynchronizer Weak        Min:  0.0, Avg:  0.0, Max:  0.0, Diff:  0.0, Sum:  0.0, Workers: 4
[2914.866s][debug][gc,phases      ] GC(276)     Dead                           Min: 0, Avg:  0.0, Max: 0, Diff: 0, Sum: 0, Workers: 4
[2914.866s][debug][gc,phases      ] GC(276)     Total                          Min: 0, Avg:  1.8, Max: 7, Diff: 7, Sum: 7, Workers: 4
[2914.866s][debug][gc,phases      ] GC(276)   JVMTI Tag Weak OopStorage      Min:  0.0, Avg:  0.0, Max:  0.0, Diff:  0.0, Sum:  0.0, Workers: 4
[2914.866s][debug][gc,phases      ] GC(276)     Dead                           Min: 0, Avg:  0.0, Max: 0, Diff: 0, Sum: 0, Workers: 4
[2914.866s][debug][gc,phases      ] GC(276)     Total                          Min: 0, Avg:  0.0, Max: 0, Diff: 0, Sum: 0, Workers: 4
[2914.866s][debug][gc,phases      ] GC(276)   StringTable Weak               Min:  0.0, Avg:  0.1, Max:  0.1, Diff:  0.1, Sum:  0.3, Workers: 4
[2914.866s][debug][gc,phases      ] GC(276)     Dead                           Min: 0, Avg:  0.0, Max: 0, Diff: 0, Sum: 0, Workers: 4
[2914.866s][debug][gc,phases      ] GC(276)     Total                          Min: 0, Avg: 10940.2, Max: 26673, Diff: 26673, Sum: 43761, Workers: 4
[2914.866s][debug][gc,phases      ] GC(276)   ResolvedMethodTable Weak       Min:  0.0, Avg:  0.0, Max:  0.0, Diff:  0.0, Sum:  0.1, Workers: 4
[2914.866s][debug][gc,phases      ] GC(276)     Dead                           Min: 0, Avg:  0.0, Max: 0, Diff: 0, Sum: 0, Workers: 4
[2914.866s][debug][gc,phases      ] GC(276)     Total                          Min: 0, Avg: 2444.5, Max: 5821, Diff: 5821, Sum: 9778, Workers: 4
[2914.866s][debug][gc,phases      ] GC(276)   JNI Weak                       Min:  0.0, Avg:  0.0, Max:  0.0, Diff:  0.0, Sum:  0.0, Workers: 4
[2914.866s][debug][gc,phases      ] GC(276)     Dead                           Min: 0, Avg:  0.0, Max: 0, Diff: 0, Sum: 0, Workers: 4
[2914.866s][debug][gc,phases      ] GC(276)     Total                          Min: 0, Avg: 11.2, Max: 45, Diff: 45, Sum: 45, Workers: 4
[2914.866s][debug][gc,phases      ] GC(276)   StringDedup Table Weak         Min:  0.0, Avg:  0.0, Max:  0.0, Diff:  0.0, Sum:  0.0, Workers: 4
[2914.866s][debug][gc,phases      ] GC(276)     Dead                           Min: 0, Avg:  0.0, Max: 0, Diff: 0, Sum: 0, Workers: 4
[2914.866s][debug][gc,phases      ] GC(276)     Total                          Min: 0, Avg:  0.0, Max: 0, Diff: 0, Sum: 0, Workers: 4
[2914.866s][debug][gc,phases      ] GC(276)   StringDedup Requests0 Weak     Min:  0.0, Avg:  0.0, Max:  0.0, Diff:  0.0, Sum:  0.0, Workers: 4
[2914.866s][debug][gc,phases      ] GC(276)     Dead                           Min: 0, Avg:  0.0, Max: 0, Diff: 0, Sum: 0, Workers: 4
[2914.866s][debug][gc,phases      ] GC(276)     Total                          Min: 0, Avg:  0.0, Max: 0, Diff: 0, Sum: 0, Workers: 4
[2914.866s][debug][gc,phases      ] GC(276)   StringDedup Requests1 Weak     Min:  0.0, Avg:  0.0, Max:  0.0, Diff:  0.0, Sum:  0.0, Workers: 4
[2914.866s][debug][gc,phases      ] GC(276)     Dead                           Min: 0, Avg:  0.0, Max: 0, Diff: 0, Sum: 0, Workers: 4
[2914.866s][debug][gc,phases      ] GC(276)     Total                          Min: 0, Avg:  0.0, Max: 0, Diff: 0, Sum: 0, Workers: 4
[2914.866s][debug][gc,phases      ] GC(276)   Weak JFR Old Object Samples    Min:  0.0, Avg:  0.0, Max:  0.0, Diff:  0.0, Sum:  0.0, Workers: 4
[2914.866s][debug][gc,phases      ] GC(276)     Dead                           Min: 0, Avg:  0.0, Max: 0, Diff: 0, Sum: 0, Workers: 4
[2914.866s][debug][gc,phases      ] GC(276)     Total                          Min: 0, Avg:  0.0, Max: 0, Diff: 0, Sum: 0, Workers: 4
[2914.866s][debug][gc,phases      ] GC(276) Weak Processing 0.340ms
[2914.866s][debug][gc,age         ] GC(276) Desired survivor size 103284736 bytes, new threshold 15 (max threshold 15)
[2914.866s][info ][gc,heap        ] GC(276) PSYoungGen: 1895920K(1994240K)->6112K(1992704K) Eden: 1889792K(1889792K)->0K(1889792K) From: 6128K(104448K)->6112K(102912K)
[2914.866s][info ][gc,heap        ] GC(276) ParOldGen: 366388K(428544K)->366396K(428544K)
[2914.866s][info ][gc,metaspace   ] GC(276) Metaspace: 83289K(84416K)->83289K(84416K) NonClass: 71335K(72000K)->71335K(72000K) Class: 11954K(12416K)->11954K(12416K)
[2914.866s][info ][gc             ] GC(276) Pause Young (Allocation Failure) 2209M->363M(2364M) 6.627ms
[2914.866s][info ][gc,cpu         ] GC(276) User=0.02s Sys=0.00s Real=0.01s
[2914.866s][info ][safepoint      ] Safepoint "ParallelGCFailedAllocation", Time since last: 2682137870 ns, Reaching safepoint: 83300 ns, Cleanup: 21600 ns, At safepoint: 6712199 ns, Total: 6817099 ns
[2921.867s][info ][safepoint      ] Safepoint "Cleanup", Time since last: 7000508159 ns, Reaching safepoint: 76200 ns, Cleanup: 37900 ns, At safepoint: 25000 ns, Total: 139100 ns
[2923.664s][info ][gc,start       ] GC(277) Pause Young (Allocation Failure)
[2923.669s][debug][gc,phases      ] GC(277) Scavenge 5.065ms
[2923.669s][debug][gc,ref         ] GC(277) Skipped phase 1 of Reference Processing: no references
[2923.669s][debug][gc,ref         ] GC(277) ReferenceProcessor::execute queues: 1, RefProcThreadModel::Single, marks_oops_alive: false
[2923.669s][debug][gc,ref         ] GC(277) ReferenceProcessor::execute queues: 4, RefProcThreadModel::Multi, marks_oops_alive: true
[2923.669s][debug][gc,ref         ] GC(277) Skipped phase 4 of Reference Processing: no references
[2923.669s][debug][gc,phases      ] GC(277) Reference Processing 0.180ms
[2923.670s][debug][gc,phases      ] GC(277)   VM Weak                        Min:  0.0, Avg:  0.0, Max:  0.0, Diff:  0.0, Sum:  0.0, Workers: 4
[2923.670s][debug][gc,phases      ] GC(277)     Dead                           Min: 0, Avg:  0.0, Max: 0, Diff: 0, Sum: 0, Workers: 4
[2923.670s][debug][gc,phases      ] GC(277)     Total                          Min: 0, Avg: 146.0, Max: 413, Diff: 413, Sum: 584, Workers: 4
[2923.670s][debug][gc,phases      ] GC(277)   ObjectSynchronizer Weak        Min:  0.0, Avg:  0.0, Max:  0.0, Diff:  0.0, Sum:  0.0, Workers: 4
[2923.670s][debug][gc,phases      ] GC(277)     Dead                           Min: 0, Avg:  0.0, Max: 0, Diff: 0, Sum: 0, Workers: 4
[2923.670s][debug][gc,phases      ] GC(277)     Total                          Min: 0, Avg:  1.8, Max: 7, Diff: 7, Sum: 7, Workers: 4
[2923.670s][debug][gc,phases      ] GC(277)   JVMTI Tag Weak OopStorage      Min:  0.0, Avg:  0.0, Max:  0.0, Diff:  0.0, Sum:  0.0, Workers: 4
[2923.670s][debug][gc,phases      ] GC(277)     Dead                           Min: 0, Avg:  0.0, Max: 0, Diff: 0, Sum: 0, Workers: 4
[2923.670s][debug][gc,phases      ] GC(277)     Total                          Min: 0, Avg:  0.0, Max: 0, Diff: 0, Sum: 0, Workers: 4
[2923.670s][debug][gc,phases      ] GC(277)   StringTable Weak               Min:  0.0, Avg:  0.1, Max:  0.1, Diff:  0.1, Sum:  0.4, Workers: 4
[2923.670s][debug][gc,phases      ] GC(277)     Dead                           Min: 0, Avg:  0.0, Max: 0, Diff: 0, Sum: 0, Workers: 4
[2923.670s][debug][gc,phases      ] GC(277)     Total                          Min: 0, Avg: 10940.2, Max: 14720, Diff: 14720, Sum: 43761, Workers: 4
[2923.670s][debug][gc,phases      ] GC(277)   ResolvedMethodTable Weak       Min:  0.0, Avg:  0.0, Max:  0.0, Diff:  0.0, Sum:  0.1, Workers: 4
[2923.670s][debug][gc,phases      ] GC(277)     Dead                           Min: 0, Avg:  0.0, Max: 0, Diff: 0, Sum: 0, Workers: 4
[2923.670s][debug][gc,phases      ] GC(277)     Total                          Min: 0, Avg: 2444.5, Max: 3328, Diff: 3328, Sum: 9778, Workers: 4
[2923.670s][debug][gc,phases      ] GC(277)   JNI Weak                       Min:  0.0, Avg:  0.0, Max:  0.0, Diff:  0.0, Sum:  0.0, Workers: 4
[2923.670s][debug][gc,phases      ] GC(277)     Dead                           Min: 0, Avg:  0.0, Max: 0, Diff: 0, Sum: 0, Workers: 4
[2923.670s][debug][gc,phases      ] GC(277)     Total                          Min: 0, Avg: 11.2, Max: 45, Diff: 45, Sum: 45, Workers: 4
[2923.670s][debug][gc,phases      ] GC(277)   StringDedup Table Weak         Min:  0.0, Avg:  0.0, Max:  0.0, Diff:  0.0, Sum:  0.0, Workers: 4
[2923.670s][debug][gc,phases      ] GC(277)     Dead                           Min: 0, Avg:  0.0, Max: 0, Diff: 0, Sum: 0, Workers: 4
[2923.670s][debug][gc,phases      ] GC(277)     Total                          Min: 0, Avg:  0.0, Max: 0, Diff: 0, Sum: 0, Workers: 4
[2923.670s][debug][gc,phases      ] GC(277)   StringDedup Requests0 Weak     Min:  0.0, Avg:  0.0, Max:  0.0, Diff:  0.0, Sum:  0.0, Workers: 4
[2923.670s][debug][gc,phases      ] GC(277)     Dead                           Min: 0, Avg:  0.0, Max: 0, Diff: 0, Sum: 0, Workers: 4
[2923.670s][debug][gc,phases      ] GC(277)     Total                          Min: 0, Avg:  0.0, Max: 0, Diff: 0, Sum: 0, Workers: 4
[2923.670s][debug][gc,phases      ] GC(277)   StringDedup Requests1 Weak     Min:  0.0, Avg:  0.0, Max:  0.0, Diff:  0.0, Sum:  0.0, Workers: 4
[2923.670s][debug][gc,phases      ] GC(277)     Dead                           Min: 0, Avg:  0.0, Max: 0, Diff: 0, Sum: 0, Workers: 4
[2923.670s][debug][gc,phases      ] GC(277)     Total                          Min: 0, Avg:  0.0, Max: 0, Diff: 0, Sum: 0, Workers: 4
[2923.670s][debug][gc,phases      ] GC(277)   Weak JFR Old Object Samples    Min:  0.0, Avg:  0.0, Max:  0.0, Diff:  0.0, Sum:  0.0, Workers: 4
[2923.670s][debug][gc,phases      ] GC(277)     Dead                           Min: 0, Avg:  0.0, Max: 0, Diff: 0, Sum: 0, Workers: 4
[2923.670s][debug][gc,phases      ] GC(277)     Total                          Min: 0, Avg:  0.0, Max: 0, Diff: 0, Sum: 0, Workers: 4
[2923.670s][debug][gc,phases      ] GC(277) Weak Processing 0.330ms
[2923.670s][debug][gc,age         ] GC(277) Desired survivor size 100663296 bytes, new threshold 15 (max threshold 15)
[2923.670s][info ][gc,heap        ] GC(277) PSYoungGen: 1895904K(1992704K)->6000K(1998848K) Eden: 1889792K(1889792K)->0K(1897984K) From: 6112K(102912K)->6000K(100864K)
[2923.670s][info ][gc,heap        ] GC(277) ParOldGen: 366396K(428544K)->366396K(428544K)
[2923.670s][info ][gc,metaspace   ] GC(277) Metaspace: 83290K(84416K)->83290K(84416K) NonClass: 71336K(72000K)->71336K(72000K) Class: 11954K(12416K)->11954K(12416K)
[2923.670s][info ][gc             ] GC(277) Pause Young (Allocation Failure) 2209M->363M(2370M) 5.668ms
[2923.670s][info ][gc,cpu         ] GC(277) User=0.01s Sys=0.00s Real=0.01s
[2923.670s][info ][safepoint      ] Safepoint "ParallelGCFailedAllocation", Time since last: 1797459825 ns, Reaching safepoint: 5000 ns, Cleanup: 35800 ns, At safepoint: 5739099 ns, Total: 5779899 ns
[2924.670s][info ][safepoint      ] Safepoint "Cleanup", Time since last: 1000079736 ns, Reaching safepoint: 4300 ns, Cleanup: 29200 ns, At safepoint: 3300 ns, Total: 36800 ns
[2931.671s][info ][safepoint      ] Safepoint "Cleanup", Time since last: 7000500545 ns, Reaching safepoint: 5800 ns, Cleanup: 39400 ns, At safepoint: 2600 ns, Total: 47800 ns
[2932.511s][info ][gc,start       ] GC(278) Pause Young (Allocation Failure)
[2932.516s][debug][gc,phases      ] GC(278) Scavenge 5.143ms
[2932.517s][debug][gc,ref         ] GC(278) Skipped phase 1 of Reference Processing: no references
[2932.517s][debug][gc,ref         ] GC(278) ReferenceProcessor::execute queues: 1, RefProcThreadModel::Single, marks_oops_alive: false
[2932.517s][debug][gc,ref         ] GC(278) ReferenceProcessor::execute queues: 4, RefProcThreadModel::Multi, marks_oops_alive: true
[2932.517s][debug][gc,ref         ] GC(278) ReferenceProcessor::execute queues: 1, RefProcThreadModel::Single, marks_oops_alive: false
[2932.517s][debug][gc,phases      ] GC(278) Reference Processing 0.156ms
[2932.517s][debug][gc,phases      ] GC(278)   VM Weak                        Min:  0.0, Avg:  0.0, Max:  0.0, Diff:  0.0, Sum:  0.0, Workers: 4
[2932.517s][debug][gc,phases      ] GC(278)     Dead                           Min: 0, Avg:  0.0, Max: 0, Diff: 0, Sum: 0, Workers: 4
[2932.517s][debug][gc,phases      ] GC(278)     Total                          Min: 0, Avg: 146.0, Max: 413, Diff: 413, Sum: 584, Workers: 4
[2932.517s][debug][gc,phases      ] GC(278)   ObjectSynchronizer Weak        Min:  0.0, Avg:  0.0, Max:  0.0, Diff:  0.0, Sum:  0.0, Workers: 4
[2932.517s][debug][gc,phases      ] GC(278)     Dead                           Min: 0, Avg:  0.0, Max: 0, Diff: 0, Sum: 0, Workers: 4
[2932.517s][debug][gc,phases      ] GC(278)     Total                          Min: 0, Avg:  1.8, Max: 7, Diff: 7, Sum: 7, Workers: 4
[2932.517s][debug][gc,phases      ] GC(278)   JVMTI Tag Weak OopStorage      Min:  0.0, Avg:  0.0, Max:  0.0, Diff:  0.0, Sum:  0.0, Workers: 4
[2932.517s][debug][gc,phases      ] GC(278)     Dead                           Min: 0, Avg:  0.0, Max: 0, Diff: 0, Sum: 0, Workers: 4
[2932.517s][debug][gc,phases      ] GC(278)     Total                          Min: 0, Avg:  0.0, Max: 0, Diff: 0, Sum: 0, Workers: 4
[2932.517s][debug][gc,phases      ] GC(278)   StringTable Weak               Min:  0.0, Avg:  0.1, Max:  0.1, Diff:  0.1, Sum:  0.4, Workers: 4
[2932.517s][debug][gc,phases      ] GC(278)     Dead                           Min: 0, Avg:  0.0, Max: 0, Diff: 0, Sum: 0, Workers: 4
[2932.517s][debug][gc,phases      ] GC(278)     Total                          Min: 0, Avg: 10948.5, Max: 15744, Diff: 15744, Sum: 43794, Workers: 4
[2932.517s][debug][gc,phases      ] GC(278)   ResolvedMethodTable Weak       Min:  0.0, Avg:  0.0, Max:  0.0, Diff:  0.0, Sum:  0.1, Workers: 4
[2932.517s][debug][gc,phases      ] GC(278)     Dead                           Min: 0, Avg:  0.0, Max: 0, Diff: 0, Sum: 0, Workers: 4
[2932.517s][debug][gc,phases      ] GC(278)     Total                          Min: 0, Avg: 2444.5, Max: 3581, Diff: 3581, Sum: 9778, Workers: 4
[2932.517s][debug][gc,phases      ] GC(278)   JNI Weak                       Min:  0.0, Avg:  0.0, Max:  0.0, Diff:  0.0, Sum:  0.0, Workers: 4
[2932.517s][debug][gc,phases      ] GC(278)     Dead                           Min: 0, Avg:  0.0, Max: 0, Diff: 0, Sum: 0, Workers: 4
[2932.517s][debug][gc,phases      ] GC(278)     Total                          Min: 0, Avg: 11.2, Max: 45, Diff: 45, Sum: 45, Workers: 4
[2932.517s][debug][gc,phases      ] GC(278)   StringDedup Table Weak         Min:  0.0, Avg:  0.0, Max:  0.0, Diff:  0.0, Sum:  0.0, Workers: 4
[2932.517s][debug][gc,phases      ] GC(278)     Dead                           Min: 0, Avg:  0.0, Max: 0, Diff: 0, Sum: 0, Workers: 4
[2932.517s][debug][gc,phases      ] GC(278)     Total                          Min: 0, Avg:  0.0, Max: 0, Diff: 0, Sum: 0, Workers: 4
[2932.517s][debug][gc,phases      ] GC(278)   StringDedup Requests0 Weak     Min:  0.0, Avg:  0.0, Max:  0.0, Diff:  0.0, Sum:  0.0, Workers: 4
[2932.517s][debug][gc,phases      ] GC(278)     Dead                           Min: 0, Avg:  0.0, Max: 0, Diff: 0, Sum: 0, Workers: 4
[2932.517s][debug][gc,phases      ] GC(278)     Total                          Min: 0, Avg:  0.0, Max: 0, Diff: 0, Sum: 0, Workers: 4
[2932.517s][debug][gc,phases      ] GC(278)   StringDedup Requests1 Weak     Min:  0.0, Avg:  0.0, Max:  0.0, Diff:  0.0, Sum:  0.0, Workers: 4
[2932.517s][debug][gc,phases      ] GC(278)     Dead                           Min: 0, Avg:  0.0, Max: 0, Diff: 0, Sum: 0, Workers: 4
[2932.517s][debug][gc,phases      ] GC(278)     Total                          Min: 0, Avg:  0.0, Max: 0, Diff: 0, Sum: 0, Workers: 4
[2932.517s][debug][gc,phases      ] GC(278)   Weak JFR Old Object Samples    Min:  0.0, Avg:  0.0, Max:  0.0, Diff:  0.0, Sum:  0.0, Workers: 4
[2932.517s][debug][gc,phases      ] GC(278)     Dead                           Min: 0, Avg:  0.0, Max: 0, Diff: 0, Sum: 0, Workers: 4
[2932.517s][debug][gc,phases      ] GC(278)     Total                          Min: 0, Avg:  0.0, Max: 0, Diff: 0, Sum: 0, Workers: 4
[2932.517s][debug][gc,phases      ] GC(278) Weak Processing 0.315ms
[2932.517s][debug][gc,age         ] GC(278) Desired survivor size 97517568 bytes, new threshold 15 (max threshold 15)
[2932.517s][info ][gc,heap        ] GC(278) PSYoungGen: 1903984K(1998848K)->6112K(1996288K) Eden: 1897984K(1897984K)->0K(1897984K) From: 6000K(100864K)->6112K(98304K)
[2932.517s][info ][gc,heap        ] GC(278) ParOldGen: 366396K(428544K)->366404K(428544K)
[2932.517s][info ][gc,metaspace   ] GC(278) Metaspace: 83322K(84416K)->83322K(84416K) NonClass: 71367K(72000K)->71367K(72000K) Class: 11955K(12416K)->11955K(12416K)
[2932.517s][info ][gc             ] GC(278) Pause Young (Allocation Failure) 2217M->363M(2368M) 5.713ms
[2932.517s][info ][gc,cpu         ] GC(278) User=0.01s Sys=0.00s Real=0.00s
[2932.517s][info ][safepoint      ] Safepoint "ParallelGCFailedAllocation", Time since last: 840694882 ns, Reaching safepoint: 4100 ns, Cleanup: 25900 ns, At safepoint: 5779498 ns, Total: 5809498 ns
[2934.517s][info ][safepoint      ] Safepoint "Cleanup", Time since last: 2000146065 ns, Reaching safepoint: 72500 ns, Cleanup: 36500 ns, At safepoint: 2400 ns, Total: 111400 ns
[2935.520s][info ][safepoint      ] Safepoint "Cleanup", Time since last: 1000102661 ns, Reaching safepoint: 2223300 ns, Cleanup: 47400 ns, At safepoint: 13200 ns, Total: 2283900 ns
[2935.829s][info ][gc,start       ] GC(279) Pause Young (Allocation Failure)
[2935.868s][debug][gc,phases      ] GC(279) Scavenge 38.833ms
[2935.868s][debug][gc,ref         ] GC(279) Skipped phase 1 of Reference Processing: no references
[2935.868s][debug][gc,ref         ] GC(279) ReferenceProcessor::execute queues: 1, RefProcThreadModel::Single, marks_oops_alive: false
[2935.868s][debug][gc,ref         ] GC(279) ReferenceProcessor::execute queues: 4, RefProcThreadModel::Multi, marks_oops_alive: true
[2935.869s][debug][gc,ref         ] GC(279) Skipped phase 4 of Reference Processing: no references
[2935.869s][debug][gc,phases      ] GC(279) Reference Processing 0.347ms
[2935.869s][debug][gc,phases      ] GC(279)   VM Weak                        Min:  0.0, Avg:  0.0, Max:  0.0, Diff:  0.0, Sum:  0.0, Workers: 4
[2935.869s][debug][gc,phases      ] GC(279)     Dead                           Min: 0, Avg:  0.0, Max: 0, Diff: 0, Sum: 0, Workers: 4
[2935.869s][debug][gc,phases      ] GC(279)     Total                          Min: 0, Avg: 146.0, Max: 453, Diff: 453, Sum: 584, Workers: 4
[2935.869s][debug][gc,phases      ] GC(279)   ObjectSynchronizer Weak        Min:  0.0, Avg:  0.0, Max:  0.0, Diff:  0.0, Sum:  0.0, Workers: 4
[2935.869s][debug][gc,phases      ] GC(279)     Dead                           Min: 0, Avg:  0.0, Max: 0, Diff: 0, Sum: 0, Workers: 4
[2935.869s][debug][gc,phases      ] GC(279)     Total                          Min: 0, Avg:  1.8, Max: 7, Diff: 7, Sum: 7, Workers: 4
[2935.869s][debug][gc,phases      ] GC(279)   JVMTI Tag Weak OopStorage      Min:  0.0, Avg:  0.0, Max:  0.0, Diff:  0.0, Sum:  0.0, Workers: 4
[2935.869s][debug][gc,phases      ] GC(279)     Dead                           Min: 0, Avg:  0.0, Max: 0, Diff: 0, Sum: 0, Workers: 4
[2935.869s][debug][gc,phases      ] GC(279)     Total                          Min: 0, Avg:  0.0, Max: 0, Diff: 0, Sum: 0, Workers: 4
[2935.869s][debug][gc,phases      ] GC(279)   StringTable Weak               Min:  0.0, Avg:  0.1, Max:  0.2, Diff:  0.2, Sum:  0.4, Workers: 4
[2935.869s][debug][gc,phases      ] GC(279)     Dead                           Min: 0, Avg:  0.0, Max: 0, Diff: 0, Sum: 0, Workers: 4
[2935.869s][debug][gc,phases      ] GC(279)     Total                          Min: 0, Avg: 10948.5, Max: 22527, Diff: 22527, Sum: 43794, Workers: 4
[2935.869s][debug][gc,phases      ] GC(279)   ResolvedMethodTable Weak       Min:  0.0, Avg:  0.0, Max:  0.0, Diff:  0.0, Sum:  0.1, Workers: 4
[2935.869s][debug][gc,phases      ] GC(279)     Dead                           Min: 0, Avg:  0.0, Max: 0, Diff: 0, Sum: 0, Workers: 4
[2935.869s][debug][gc,phases      ] GC(279)     Total                          Min: 0, Avg: 2444.5, Max: 5056, Diff: 5056, Sum: 9778, Workers: 4
[2935.869s][debug][gc,phases      ] GC(279)   JNI Weak                       Min:  0.0, Avg:  0.0, Max:  0.0, Diff:  0.0, Sum:  0.0, Workers: 4
[2935.869s][debug][gc,phases      ] GC(279)     Dead                           Min: 0, Avg:  0.0, Max: 0, Diff: 0, Sum: 0, Workers: 4
[2935.869s][debug][gc,phases      ] GC(279)     Total                          Min: 0, Avg: 11.2, Max: 45, Diff: 45, Sum: 45, Workers: 4
[2935.869s][debug][gc,phases      ] GC(279)   StringDedup Table Weak         Min:  0.0, Avg:  0.0, Max:  0.0, Diff:  0.0, Sum:  0.0, Workers: 4
[2935.869s][debug][gc,phases      ] GC(279)     Dead                           Min: 0, Avg:  0.0, Max: 0, Diff: 0, Sum: 0, Workers: 4
[2935.869s][debug][gc,phases      ] GC(279)     Total                          Min: 0, Avg:  0.0, Max: 0, Diff: 0, Sum: 0, Workers: 4
[2935.869s][debug][gc,phases      ] GC(279)   StringDedup Requests0 Weak     Min:  0.0, Avg:  0.0, Max:  0.0, Diff:  0.0, Sum:  0.0, Workers: 4
[2935.869s][debug][gc,phases      ] GC(279)     Dead                           Min: 0, Avg:  0.0, Max: 0, Diff: 0, Sum: 0, Workers: 4
[2935.869s][debug][gc,phases      ] GC(279)     Total                          Min: 0, Avg:  0.0, Max: 0, Diff: 0, Sum: 0, Workers: 4
[2935.869s][debug][gc,phases      ] GC(279)   StringDedup Requests1 Weak     Min:  0.0, Avg:  0.0, Max:  0.0, Diff:  0.0, Sum:  0.0, Workers: 4
[2935.869s][debug][gc,phases      ] GC(279)     Dead                           Min: 0, Avg:  0.0, Max: 0, Diff: 0, Sum: 0, Workers: 4
[2935.869s][debug][gc,phases      ] GC(279)     Total                          Min: 0, Avg:  0.0, Max: 0, Diff: 0, Sum: 0, Workers: 4
[2935.869s][debug][gc,phases      ] GC(279)   Weak JFR Old Object Samples    Min:  0.0, Avg:  0.0, Max:  0.0, Diff:  0.0, Sum:  0.0, Workers: 4
[2935.869s][debug][gc,phases      ] GC(279)     Dead                           Min: 0, Avg:  0.0, Max: 0, Diff: 0, Sum: 0, Workers: 4
[2935.869s][debug][gc,phases      ] GC(279)     Total                          Min: 0, Avg:  0.0, Max: 0, Diff: 0, Sum: 0, Workers: 4
[2935.869s][debug][gc,phases      ] GC(279) Weak Processing 0.459ms
[2935.869s][debug][gc,age         ] GC(279) Desired survivor size 108527616 bytes, new threshold 15 (max threshold 15)
[2935.869s][info ][gc,heap        ] GC(279) PSYoungGen: 1904096K(1996288K)->74272K(1980416K) Eden: 1897984K(1897984K)->0K(1885184K) From: 6112K(98304K)->74272K(95232K)
[2935.869s][info ][gc,heap        ] GC(279) ParOldGen: 366404K(428544K)->366404K(428544K)
[2935.869s][info ][gc,metaspace   ] GC(279) Metaspace: 83326K(84416K)->83326K(84416K) NonClass: 71370K(72000K)->71370K(72000K) Class: 11955K(12416K)->11955K(12416K)
[2935.869s][info ][gc             ] GC(279) Pause Young (Allocation Failure) 2217M->430M(2352M) 39.754ms
[2935.869s][info ][gc,cpu         ] GC(279) User=0.10s Sys=0.00s Real=0.04s
[2935.869s][info ][safepoint      ] Safepoint "ParallelGCFailedAllocation", Time since last: 303587297 ns, Reaching safepoint: 6081498 ns, Cleanup: 22300 ns, At safepoint: 39849186 ns, Total: 45952984 ns
[2936.869s][info ][safepoint      ] Safepoint "Cleanup", Time since last: 1000091161 ns, Reaching safepoint: 6400 ns, Cleanup: 43300 ns, At safepoint: 4300 ns, Total: 54000 ns
[2943.038s][info ][gc,start       ] GC(280) Pause Young (Allocation Failure)
[2943.060s][debug][gc,phases      ] GC(280) Scavenge 22.290ms
[2943.060s][debug][gc,ref         ] GC(280) Skipped phase 1 of Reference Processing: no references
[2943.060s][debug][gc,ref         ] GC(280) ReferenceProcessor::execute queues: 1, RefProcThreadModel::Single, marks_oops_alive: false
[2943.060s][debug][gc,ref         ] GC(280) Skipped phase 3 of Reference Processing: no references
[2943.060s][debug][gc,ref         ] GC(280) Skipped phase 4 of Reference Processing: no references
[2943.060s][debug][gc,phases      ] GC(280) Reference Processing 0.107ms
[2943.060s][debug][gc,phases      ] GC(280)   VM Weak                        Min:  0.0, Avg:  0.0, Max:  0.0, Diff:  0.0, Sum:  0.0, Workers: 4
[2943.060s][debug][gc,phases      ] GC(280)     Dead                           Min: 0, Avg:  0.0, Max: 0, Diff: 0, Sum: 0, Workers: 4
[2943.060s][debug][gc,phases      ] GC(280)     Total                          Min: 0, Avg: 146.0, Max: 413, Diff: 413, Sum: 584, Workers: 4
[2943.060s][debug][gc,phases      ] GC(280)   ObjectSynchronizer Weak        Min:  0.0, Avg:  0.0, Max:  0.0, Diff:  0.0, Sum:  0.0, Workers: 4
[2943.060s][debug][gc,phases      ] GC(280)     Dead                           Min: 0, Avg:  0.0, Max: 0, Diff: 0, Sum: 0, Workers: 4
[2943.060s][debug][gc,phases      ] GC(280)     Total                          Min: 0, Avg:  1.2, Max: 5, Diff: 5, Sum: 5, Workers: 4
[2943.060s][debug][gc,phases      ] GC(280)   JVMTI Tag Weak OopStorage      Min:  0.0, Avg:  0.0, Max:  0.0, Diff:  0.0, Sum:  0.0, Workers: 4
[2943.060s][debug][gc,phases      ] GC(280)     Dead                           Min: 0, Avg:  0.0, Max: 0, Diff: 0, Sum: 0, Workers: 4
[2943.060s][debug][gc,phases      ] GC(280)     Total                          Min: 0, Avg:  0.0, Max: 0, Diff: 0, Sum: 0, Workers: 4
[2943.060s][debug][gc,phases      ] GC(280)   StringTable Weak               Min:  0.0, Avg:  0.1, Max:  0.2, Diff:  0.2, Sum:  0.3, Workers: 4
[2943.060s][debug][gc,phases      ] GC(280)     Dead                           Min: 0, Avg:  0.0, Max: 0, Diff: 0, Sum: 0, Workers: 4
[2943.060s][debug][gc,phases      ] GC(280)     Total                          Min: 0, Avg: 10948.8, Max: 26687, Diff: 26687, Sum: 43795, Workers: 4
[2943.060s][debug][gc,phases      ] GC(280)   ResolvedMethodTable Weak       Min:  0.0, Avg:  0.0, Max:  0.0, Diff:  0.0, Sum:  0.1, Workers: 4
[2943.060s][debug][gc,phases      ] GC(280)     Dead                           Min: 0, Avg:  0.0, Max: 0, Diff: 0, Sum: 0, Workers: 4
[2943.060s][debug][gc,phases      ] GC(280)     Total                          Min: 0, Avg: 2444.5, Max: 6002, Diff: 6002, Sum: 9778, Workers: 4
[2943.060s][debug][gc,phases      ] GC(280)   JNI Weak                       Min:  0.0, Avg:  0.0, Max:  0.0, Diff:  0.0, Sum:  0.0, Workers: 4
[2943.060s][debug][gc,phases      ] GC(280)     Dead                           Min: 0, Avg:  0.0, Max: 0, Diff: 0, Sum: 0, Workers: 4
[2943.060s][debug][gc,phases      ] GC(280)     Total                          Min: 0, Avg: 11.2, Max: 45, Diff: 45, Sum: 45, Workers: 4
[2943.060s][debug][gc,phases      ] GC(280)   StringDedup Table Weak         Min:  0.0, Avg:  0.0, Max:  0.0, Diff:  0.0, Sum:  0.0, Workers: 4
[2943.060s][debug][gc,phases      ] GC(280)     Dead                           Min: 0, Avg:  0.0, Max: 0, Diff: 0, Sum: 0, Workers: 4
[2943.060s][debug][gc,phases      ] GC(280)     Total                          Min: 0, Avg:  0.0, Max: 0, Diff: 0, Sum: 0, Workers: 4
[2943.060s][debug][gc,phases      ] GC(280)   StringDedup Requests0 Weak     Min:  0.0, Avg:  0.0, Max:  0.0, Diff:  0.0, Sum:  0.0, Workers: 4
[2943.060s][debug][gc,phases      ] GC(280)     Dead                           Min: 0, Avg:  0.0, Max: 0, Diff: 0, Sum: 0, Workers: 4
[2943.060s][debug][gc,phases      ] GC(280)     Total                          Min: 0, Avg:  0.0, Max: 0, Diff: 0, Sum: 0, Workers: 4
[2943.060s][debug][gc,phases      ] GC(280)   StringDedup Requests1 Weak     Min:  0.0, Avg:  0.0, Max:  0.0, Diff:  0.0, Sum:  0.0, Workers: 4
[2943.060s][debug][gc,phases      ] GC(280)     Dead                           Min: 0, Avg:  0.0, Max: 0, Diff: 0, Sum: 0, Workers: 4
[2943.060s][debug][gc,phases      ] GC(280)     Total                          Min: 0, Avg:  0.0, Max: 0, Diff: 0, Sum: 0, Workers: 4
[2943.060s][debug][gc,phases      ] GC(280)   Weak JFR Old Object Samples    Min:  0.0, Avg:  0.0, Max:  0.0, Diff:  0.0, Sum:  0.0, Workers: 4
[2943.060s][debug][gc,phases      ] GC(280)     Dead                           Min: 0, Avg:  0.0, Max: 0, Diff: 0, Sum: 0, Workers: 4
[2943.060s][debug][gc,phases      ] GC(280)     Total                          Min: 0, Avg:  0.0, Max: 0, Diff: 0, Sum: 0, Workers: 4
[2943.060s][debug][gc,phases      ] GC(280) Weak Processing 0.356ms
[2943.060s][debug][gc,age         ] GC(280) Desired survivor size 117440512 bytes, new threshold 15 (max threshold 15)
[2943.061s][info ][gc,heap        ] GC(280) PSYoungGen: 1959456K(1980416K)->74288K(1959936K) Eden: 1885184K(1885184K)->0K(1885184K) From: 74272K(95232K)->74288K(74752K)
[2943.061s][info ][gc,heap        ] GC(280) ParOldGen: 366404K(428544K)->366412K(428544K)
[2943.061s][info ][gc,metaspace   ] GC(280) Metaspace: 83360K(84416K)->83360K(84416K) NonClass: 71404K(72000K)->71404K(72000K) Class: 11955K(12416K)->11955K(12416K)
[2943.061s][info ][gc             ] GC(280) Pause Young (Allocation Failure) 2271M->430M(2332M) 22.872ms
[2943.061s][info ][gc,cpu         ] GC(280) User=0.09s Sys=0.00s Real=0.03s
[2943.061s][info ][safepoint      ] Safepoint "ParallelGCFailedAllocation", Time since last: 6168146643 ns, Reaching safepoint: 72600 ns, Cleanup: 17700 ns, At safepoint: 22950709 ns, Total: 23041009 ns
[2944.061s][info ][safepoint      ] Safepoint "Cleanup", Time since last: 1000087584 ns, Reaching safepoint: 75600 ns, Cleanup: 137600 ns, At safepoint: 10200 ns, Total: 223400 ns
[2950.719s][info ][gc,start       ] GC(281) Pause Young (Allocation Failure)
[2950.743s][debug][gc,phases      ] GC(281) Scavenge 24.159ms
[2950.743s][debug][gc,ref         ] GC(281) Skipped phase 1 of Reference Processing: no references
[2950.743s][debug][gc,ref         ] GC(281) ReferenceProcessor::execute queues: 1, RefProcThreadModel::Single, marks_oops_alive: false
[2950.743s][debug][gc,ref         ] GC(281) Skipped phase 3 of Reference Processing: no references
[2950.743s][debug][gc,ref         ] GC(281) ReferenceProcessor::execute queues: 1, RefProcThreadModel::Single, marks_oops_alive: false
[2950.743s][debug][gc,phases      ] GC(281) Reference Processing 0.095ms
[2950.744s][debug][gc,phases      ] GC(281)   VM Weak                        Min:  0.0, Avg:  0.0, Max:  0.0, Diff:  0.0, Sum:  0.0, Workers: 4
[2950.744s][debug][gc,phases      ] GC(281)     Dead                           Min: 0, Avg:  0.0, Max: 0, Diff: 0, Sum: 0, Workers: 4
[2950.744s][debug][gc,phases      ] GC(281)     Total                          Min: 0, Avg: 146.0, Max: 453, Diff: 453, Sum: 584, Workers: 4
[2950.744s][debug][gc,phases      ] GC(281)   ObjectSynchronizer Weak        Min:  0.0, Avg:  0.0, Max:  0.0, Diff:  0.0, Sum:  0.0, Workers: 4
[2950.744s][debug][gc,phases      ] GC(281)     Dead                           Min: 0, Avg:  0.0, Max: 0, Diff: 0, Sum: 0, Workers: 4
[2950.744s][debug][gc,phases      ] GC(281)     Total                          Min: 0, Avg:  1.2, Max: 5, Diff: 5, Sum: 5, Workers: 4
[2950.744s][debug][gc,phases      ] GC(281)   JVMTI Tag Weak OopStorage      Min:  0.0, Avg:  0.0, Max:  0.0, Diff:  0.0, Sum:  0.0, Workers: 4
[2950.744s][debug][gc,phases      ] GC(281)     Dead                           Min: 0, Avg:  0.0, Max: 0, Diff: 0, Sum: 0, Workers: 4
[2950.744s][debug][gc,phases      ] GC(281)     Total                          Min: 0, Avg:  0.0, Max: 0, Diff: 0, Sum: 0, Workers: 4
[2950.744s][debug][gc,phases      ] GC(281)   StringTable Weak               Min:  0.0, Avg:  0.1, Max:  0.1, Diff:  0.1, Sum:  0.3, Workers: 4
[2950.744s][debug][gc,phases      ] GC(281)     Dead                           Min: 0, Avg:  0.0, Max: 0, Diff: 0, Sum: 0, Workers: 4
[2950.744s][debug][gc,phases      ] GC(281)     Total                          Min: 0, Avg: 10950.0, Max: 19455, Diff: 19455, Sum: 43800, Workers: 4
[2950.744s][debug][gc,phases      ] GC(281)   ResolvedMethodTable Weak       Min:  0.0, Avg:  0.0, Max:  0.0, Diff:  0.0, Sum:  0.1, Workers: 4
[2950.744s][debug][gc,phases      ] GC(281)     Dead                           Min: 0, Avg:  0.0, Max: 0, Diff: 0, Sum: 0, Workers: 4
[2950.744s][debug][gc,phases      ] GC(281)     Total                          Min: 0, Avg: 2444.5, Max: 4480, Diff: 4480, Sum: 9778, Workers: 4
[2950.744s][debug][gc,phases      ] GC(281)   JNI Weak                       Min:  0.0, Avg:  0.0, Max:  0.0, Diff:  0.0, Sum:  0.0, Workers: 4
[2950.744s][debug][gc,phases      ] GC(281)     Dead                           Min: 0, Avg:  0.0, Max: 0, Diff: 0, Sum: 0, Workers: 4
[2950.744s][debug][gc,phases      ] GC(281)     Total                          Min: 0, Avg: 11.2, Max: 45, Diff: 45, Sum: 45, Workers: 4
[2950.744s][debug][gc,phases      ] GC(281)   StringDedup Table Weak         Min:  0.0, Avg:  0.0, Max:  0.0, Diff:  0.0, Sum:  0.0, Workers: 4
[2950.744s][debug][gc,phases      ] GC(281)     Dead                           Min: 0, Avg:  0.0, Max: 0, Diff: 0, Sum: 0, Workers: 4
[2950.744s][debug][gc,phases      ] GC(281)     Total                          Min: 0, Avg:  0.0, Max: 0, Diff: 0, Sum: 0, Workers: 4
[2950.744s][debug][gc,phases      ] GC(281)   StringDedup Requests0 Weak     Min:  0.0, Avg:  0.0, Max:  0.0, Diff:  0.0, Sum:  0.0, Workers: 4
[2950.744s][debug][gc,phases      ] GC(281)     Dead                           Min: 0, Avg:  0.0, Max: 0, Diff: 0, Sum: 0, Workers: 4
[2950.744s][debug][gc,phases      ] GC(281)     Total                          Min: 0, Avg:  0.0, Max: 0, Diff: 0, Sum: 0, Workers: 4
[2950.744s][debug][gc,phases      ] GC(281)   StringDedup Requests1 Weak     Min:  0.0, Avg:  0.0, Max:  0.0, Diff:  0.0, Sum:  0.0, Workers: 4
[2950.744s][debug][gc,phases      ] GC(281)     Dead                           Min: 0, Avg:  0.0, Max: 0, Diff: 0, Sum: 0, Workers: 4
[2950.744s][debug][gc,phases      ] GC(281)     Total                          Min: 0, Avg:  0.0, Max: 0, Diff: 0, Sum: 0, Workers: 4
[2950.744s][debug][gc,phases      ] GC(281)   Weak JFR Old Object Samples    Min:  0.0, Avg:  0.0, Max:  0.0, Diff:  0.0, Sum:  0.0, Workers: 4
[2950.744s][debug][gc,phases      ] GC(281)     Dead                           Min: 0, Avg:  0.0, Max: 0, Diff: 0, Sum: 0, Workers: 4
[2950.744s][debug][gc,phases      ] GC(281)     Total                          Min: 0, Avg:  0.0, Max: 0, Diff: 0, Sum: 0, Workers: 4
[2950.744s][debug][gc,phases      ] GC(281) Weak Processing 0.307ms
[2950.744s][debug][gc,age         ] GC(281) Desired survivor size 123731968 bytes, new threshold 15 (max threshold 15)
[2950.744s][info ][gc,heap        ] GC(281) PSYoungGen: 1959472K(1959936K)->74384K(1970176K) Eden: 1885184K(1885184K)->0K(1855488K) From: 74288K(74752K)->74384K(114688K)
[2950.744s][info ][gc,heap        ] GC(281) ParOldGen: 366412K(428544K)->366420K(428544K)
[2950.744s][info ][gc,metaspace   ] GC(281) Metaspace: 83361K(84416K)->83361K(84416K) NonClass: 71405K(72000K)->71405K(72000K) Class: 11955K(12416K)->11955K(12416K)
[2950.744s][info ][gc             ] GC(281) Pause Young (Allocation Failure) 2271M->430M(2342M) 24.689ms
[2950.744s][info ][gc,cpu         ] GC(281) User=0.08s Sys=0.00s Real=0.03s
[2950.744s][info ][safepoint      ] Safepoint "ParallelGCFailedAllocation", Time since last: 6658059429 ns, Reaching safepoint: 75700 ns, Cleanup: 41200 ns, At safepoint: 24763094 ns, Total: 24879994 ns
[2957.744s][info ][safepoint      ] Safepoint "Cleanup", Time since last: 7000459604 ns, Reaching safepoint: 4700 ns, Cleanup: 34900 ns, At safepoint: 2200 ns, Total: 41800 ns
[2958.568s][info ][safepoint      ] Safepoint "ParallelGCFailedAllocation", Time since last: 823051336 ns, Reaching safepoint: 82600 ns, Cleanup: 38500 ns, At safepoint: 16400 ns, Total: 137500 ns
[2958.568s][info ][gc,start       ] GC(282) Pause Young (GCLocker Initiated GC)
[2958.591s][debug][gc,phases      ] GC(282) Scavenge 23.290ms
[2958.591s][debug][gc,ref         ] GC(282) Skipped phase 1 of Reference Processing: no references
[2958.591s][debug][gc,ref         ] GC(282) ReferenceProcessor::execute queues: 1, RefProcThreadModel::Single, marks_oops_alive: false
[2958.591s][debug][gc,ref         ] GC(282) ReferenceProcessor::execute queues: 4, RefProcThreadModel::Multi, marks_oops_alive: true
[2958.591s][debug][gc,ref         ] GC(282) ReferenceProcessor::execute queues: 1, RefProcThreadModel::Single, marks_oops_alive: false
[2958.591s][debug][gc,phases      ] GC(282) Reference Processing 0.367ms
[2958.592s][debug][gc,phases      ] GC(282)   VM Weak                        Min:  0.0, Avg:  0.0, Max:  0.0, Diff:  0.0, Sum:  0.0, Workers: 4
[2958.592s][debug][gc,phases      ] GC(282)     Dead                           Min: 0, Avg:  0.0, Max: 0, Diff: 0, Sum: 0, Workers: 4
[2958.592s][debug][gc,phases      ] GC(282)     Total                          Min: 0, Avg: 146.0, Max: 584, Diff: 584, Sum: 584, Workers: 4
[2958.592s][debug][gc,phases      ] GC(282)   ObjectSynchronizer Weak        Min:  0.0, Avg:  0.0, Max:  0.0, Diff:  0.0, Sum:  0.0, Workers: 4
[2958.592s][debug][gc,phases      ] GC(282)     Dead                           Min: 0, Avg:  0.0, Max: 0, Diff: 0, Sum: 0, Workers: 4
[2958.592s][debug][gc,phases      ] GC(282)     Total                          Min: 0, Avg:  1.2, Max: 5, Diff: 5, Sum: 5, Workers: 4
[2958.592s][debug][gc,phases      ] GC(282)   JVMTI Tag Weak OopStorage      Min:  0.0, Avg:  0.0, Max:  0.0, Diff:  0.0, Sum:  0.0, Workers: 4
[2958.592s][debug][gc,phases      ] GC(282)     Dead                           Min: 0, Avg:  0.0, Max: 0, Diff: 0, Sum: 0, Workers: 4
[2958.592s][debug][gc,phases      ] GC(282)     Total                          Min: 0, Avg:  0.0, Max: 0, Diff: 0, Sum: 0, Workers: 4
[2958.592s][debug][gc,phases      ] GC(282)   StringTable Weak               Min:  0.1, Avg:  0.1, Max:  0.1, Diff:  0.0, Sum:  0.4, Workers: 4
[2958.592s][debug][gc,phases      ] GC(282)     Dead                           Min: 0, Avg:  0.0, Max: 0, Diff: 0, Sum: 0, Workers: 4
[2958.592s][debug][gc,phases      ] GC(282)     Total                          Min: 10496, Avg: 10950.0, Max: 11648, Diff: 1152, Sum: 43800, Workers: 4
[2958.592s][debug][gc,phases      ] GC(282)   ResolvedMethodTable Weak       Min:  0.0, Avg:  0.0, Max:  0.0, Diff:  0.0, Sum:  0.1, Workers: 4
[2958.592s][debug][gc,phases      ] GC(282)     Dead                           Min: 0, Avg:  0.0, Max: 0, Diff: 0, Sum: 0, Workers: 4
[2958.592s][debug][gc,phases      ] GC(282)     Total                          Min: 2301, Avg: 2444.5, Max: 2752, Diff: 451, Sum: 9778, Workers: 4
[2958.592s][debug][gc,phases      ] GC(282)   JNI Weak                       Min:  0.0, Avg:  0.0, Max:  0.0, Diff:  0.0, Sum:  0.0, Workers: 4
[2958.592s][debug][gc,phases      ] GC(282)     Dead                           Min: 0, Avg:  0.0, Max: 0, Diff: 0, Sum: 0, Workers: 4
[2958.592s][debug][gc,phases      ] GC(282)     Total                          Min: 0, Avg: 11.2, Max: 45, Diff: 45, Sum: 45, Workers: 4
[2958.592s][debug][gc,phases      ] GC(282)   StringDedup Table Weak         Min:  0.0, Avg:  0.0, Max:  0.0, Diff:  0.0, Sum:  0.0, Workers: 4
[2958.592s][debug][gc,phases      ] GC(282)     Dead                           Min: 0, Avg:  0.0, Max: 0, Diff: 0, Sum: 0, Workers: 4
[2958.592s][debug][gc,phases      ] GC(282)     Total                          Min: 0, Avg:  0.0, Max: 0, Diff: 0, Sum: 0, Workers: 4
[2958.592s][debug][gc,phases      ] GC(282)   StringDedup Requests0 Weak     Min:  0.0, Avg:  0.0, Max:  0.0, Diff:  0.0, Sum:  0.0, Workers: 4
[2958.592s][debug][gc,phases      ] GC(282)     Dead                           Min: 0, Avg:  0.0, Max: 0, Diff: 0, Sum: 0, Workers: 4
[2958.592s][debug][gc,phases      ] GC(282)     Total                          Min: 0, Avg:  0.0, Max: 0, Diff: 0, Sum: 0, Workers: 4
[2958.592s][debug][gc,phases      ] GC(282)   StringDedup Requests1 Weak     Min:  0.0, Avg:  0.0, Max:  0.0, Diff:  0.0, Sum:  0.0, Workers: 4
[2958.592s][debug][gc,phases      ] GC(282)     Dead                           Min: 0, Avg:  0.0, Max: 0, Diff: 0, Sum: 0, Workers: 4
[2958.592s][debug][gc,phases      ] GC(282)     Total                          Min: 0, Avg:  0.0, Max: 0, Diff: 0, Sum: 0, Workers: 4
[2958.592s][debug][gc,phases      ] GC(282)   Weak JFR Old Object Samples    Min:  0.0, Avg:  0.0, Max:  0.0, Diff:  0.0, Sum:  0.0, Workers: 4
[2958.592s][debug][gc,phases      ] GC(282)     Dead                           Min: 0, Avg:  0.0, Max: 0, Diff: 0, Sum: 0, Workers: 4
[2958.592s][debug][gc,phases      ] GC(282)     Total                          Min: 0, Avg:  0.0, Max: 0, Diff: 0, Sum: 0, Workers: 4
[2958.592s][debug][gc,phases      ] GC(282) Weak Processing 0.280ms
[2958.592s][debug][gc,age         ] GC(282) Desired survivor size 128974848 bytes, new threshold 15 (max threshold 15)
[2958.592s][info ][gc,heap        ] GC(282) PSYoungGen: 1929872K(1970176K)->74320K(1930240K) Eden: 1855488K(1855488K)->0K(1855488K) From: 74384K(114688K)->74320K(74752K)
[2958.592s][info ][gc,heap        ] GC(282) ParOldGen: 366421K(428544K)->366421K(428544K)
[2958.592s][info ][gc,metaspace   ] GC(282) Metaspace: 83370K(84480K)->83370K(84480K) NonClass: 71415K(72064K)->71415K(72064K) Class: 11955K(12416K)->11955K(12416K)
[2958.592s][info ][gc             ] GC(282) Pause Young (GCLocker Initiated GC) 2242M->430M(2303M) 24.034ms
[2958.592s][info ][gc,cpu         ] GC(282) User=0.08s Sys=0.00s Real=0.03s
[2958.592s][info ][safepoint      ] Safepoint "ParallelGCSystemGC", Time since last: 92200 ns, Reaching safepoint: 76800 ns, Cleanup: 20900 ns, At safepoint: 24109393 ns, Total: 24207093 ns
[2959.592s][info ][safepoint      ] Safepoint "Cleanup", Time since last: 1000083079 ns, Reaching safepoint: 4200 ns, Cleanup: 35100 ns, At safepoint: 3200 ns, Total: 42500 ns
[2966.592s][info ][safepoint      ] Safepoint "Cleanup", Time since last: 7000443029 ns, Reaching safepoint: 5500 ns, Cleanup: 31800 ns, At safepoint: 2500 ns, Total: 39800 ns
[2966.659s][info ][gc,start       ] GC(283) Pause Young (Allocation Failure)
[2966.685s][debug][gc,phases      ] GC(283) Scavenge 25.842ms
[2966.685s][debug][gc,ref         ] GC(283) Skipped phase 1 of Reference Processing: no references
[2966.685s][debug][gc,ref         ] GC(283) ReferenceProcessor::execute queues: 1, RefProcThreadModel::Single, marks_oops_alive: false
[2966.685s][debug][gc,ref         ] GC(283) Skipped phase 3 of Reference Processing: no references
[2966.685s][debug][gc,ref         ] GC(283) ReferenceProcessor::execute queues: 1, RefProcThreadModel::Single, marks_oops_alive: false
[2966.685s][debug][gc,phases      ] GC(283) Reference Processing 0.105ms
[2966.685s][debug][gc,phases      ] GC(283)   VM Weak                        Min:  0.0, Avg:  0.0, Max:  0.0, Diff:  0.0, Sum:  0.0, Workers: 4
[2966.685s][debug][gc,phases      ] GC(283)     Dead                           Min: 0, Avg:  0.0, Max: 0, Diff: 0, Sum: 0, Workers: 4
[2966.685s][debug][gc,phases      ] GC(283)     Total                          Min: 0, Avg: 146.0, Max: 584, Diff: 584, Sum: 584, Workers: 4
[2966.685s][debug][gc,phases      ] GC(283)   ObjectSynchronizer Weak        Min:  0.0, Avg:  0.0, Max:  0.0, Diff:  0.0, Sum:  0.0, Workers: 4
[2966.685s][debug][gc,phases      ] GC(283)     Dead                           Min: 0, Avg:  0.0, Max: 0, Diff: 0, Sum: 0, Workers: 4
[2966.685s][debug][gc,phases      ] GC(283)     Total                          Min: 0, Avg:  1.2, Max: 5, Diff: 5, Sum: 5, Workers: 4
[2966.685s][debug][gc,phases      ] GC(283)   JVMTI Tag Weak OopStorage      Min:  0.0, Avg:  0.0, Max:  0.0, Diff:  0.0, Sum:  0.0, Workers: 4
[2966.685s][debug][gc,phases      ] GC(283)     Dead                           Min: 0, Avg:  0.0, Max: 0, Diff: 0, Sum: 0, Workers: 4
[2966.686s][debug][gc,phases      ] GC(283)     Total                          Min: 0, Avg:  0.0, Max: 0, Diff: 0, Sum: 0, Workers: 4
[2966.686s][debug][gc,phases      ] GC(283)   StringTable Weak               Min:  0.0, Avg:  0.1, Max:  0.1, Diff:  0.1, Sum:  0.4, Workers: 4
[2966.686s][debug][gc,phases      ] GC(283)     Dead                           Min: 0, Avg:  0.0, Max: 0, Diff: 0, Sum: 0, Workers: 4
[2966.686s][debug][gc,phases      ] GC(283)     Total                          Min: 0, Avg: 10950.0, Max: 18047, Diff: 18047, Sum: 43800, Workers: 4
[2966.686s][debug][gc,phases      ] GC(283)   ResolvedMethodTable Weak       Min:  0.0, Avg:  0.0, Max:  0.0, Diff:  0.0, Sum:  0.1, Workers: 4
[2966.686s][debug][gc,phases      ] GC(283)     Dead                           Min: 0, Avg:  0.0, Max: 0, Diff: 0, Sum: 0, Workers: 4
[2966.686s][debug][gc,phases      ] GC(283)     Total                          Min: 0, Avg: 2444.5, Max: 4210, Diff: 4210, Sum: 9778, Workers: 4
[2966.686s][debug][gc,phases      ] GC(283)   JNI Weak                       Min:  0.0, Avg:  0.0, Max:  0.0, Diff:  0.0, Sum:  0.0, Workers: 4
[2966.686s][debug][gc,phases      ] GC(283)     Dead                           Min: 0, Avg:  0.0, Max: 0, Diff: 0, Sum: 0, Workers: 4
[2966.686s][debug][gc,phases      ] GC(283)     Total                          Min: 0, Avg: 11.2, Max: 45, Diff: 45, Sum: 45, Workers: 4
[2966.686s][debug][gc,phases      ] GC(283)   StringDedup Table Weak         Min:  0.0, Avg:  0.0, Max:  0.0, Diff:  0.0, Sum:  0.0, Workers: 4
[2966.686s][debug][gc,phases      ] GC(283)     Dead                           Min: 0, Avg:  0.0, Max: 0, Diff: 0, Sum: 0, Workers: 4
[2966.686s][debug][gc,phases      ] GC(283)     Total                          Min: 0, Avg:  0.0, Max: 0, Diff: 0, Sum: 0, Workers: 4
[2966.686s][debug][gc,phases      ] GC(283)   StringDedup Requests0 Weak     Min:  0.0, Avg:  0.0, Max:  0.0, Diff:  0.0, Sum:  0.0, Workers: 4
[2966.686s][debug][gc,phases      ] GC(283)     Dead                           Min: 0, Avg:  0.0, Max: 0, Diff: 0, Sum: 0, Workers: 4
[2966.686s][debug][gc,phases      ] GC(283)     Total                          Min: 0, Avg:  0.0, Max: 0, Diff: 0, Sum: 0, Workers: 4
[2966.686s][debug][gc,phases      ] GC(283)   StringDedup Requests1 Weak     Min:  0.0, Avg:  0.0, Max:  0.0, Diff:  0.0, Sum:  0.0, Workers: 4
[2966.686s][debug][gc,phases      ] GC(283)     Dead                           Min: 0, Avg:  0.0, Max: 0, Diff: 0, Sum: 0, Workers: 4
[2966.686s][debug][gc,phases      ] GC(283)     Total                          Min: 0, Avg:  0.0, Max: 0, Diff: 0, Sum: 0, Workers: 4
[2966.686s][debug][gc,phases      ] GC(283)   Weak JFR Old Object Samples    Min:  0.0, Avg:  0.0, Max:  0.0, Diff:  0.0, Sum:  0.0, Workers: 4
[2966.686s][debug][gc,phases      ] GC(283)     Dead                           Min: 0, Avg:  0.0, Max: 0, Diff: 0, Sum: 0, Workers: 4
[2966.686s][debug][gc,phases      ] GC(283)     Total                          Min: 0, Avg:  0.0, Max: 0, Diff: 0, Sum: 0, Workers: 4
[2966.686s][debug][gc,phases      ] GC(283) Weak Processing 0.319ms
[2966.686s][debug][gc,age         ] GC(283) Desired survivor size 132120576 bytes, new threshold 15 (max threshold 15)
[2966.686s][info ][gc,heap        ] GC(283) PSYoungGen: 1929808K(1930240K)->74416K(1965056K) Eden: 1855488K(1855488K)->0K(1839104K) From: 74320K(74752K)->74416K(125952K)
[2966.686s][info ][gc,heap        ] GC(283) ParOldGen: 366427K(428544K)->366427K(428544K)
[2966.686s][info ][gc,metaspace   ] GC(283) Metaspace: 83371K(84480K)->83371K(84480K) NonClass: 71416K(72064K)->71416K(72064K) Class: 11955K(12416K)->11955K(12416K)
[2966.686s][info ][gc             ] GC(283) Pause Young (Allocation Failure) 2242M->430M(2337M) 26.378ms
[2966.686s][info ][gc,cpu         ] GC(283) User=0.09s Sys=0.00s Real=0.03s
[2966.686s][info ][safepoint      ] Safepoint "ParallelGCFailedAllocation", Time since last: 66760677 ns, Reaching safepoint: 4300 ns, Cleanup: 34900 ns, At safepoint: 26448491 ns, Total: 26487691 ns
[2974.417s][info ][gc,start       ] GC(284) Pause Young (Allocation Failure)
[2974.442s][debug][gc,phases      ] GC(284) Scavenge 24.850ms
[2974.442s][debug][gc,ref         ] GC(284) Skipped phase 1 of Reference Processing: no references
[2974.442s][debug][gc,ref         ] GC(284) ReferenceProcessor::execute queues: 1, RefProcThreadModel::Single, marks_oops_alive: false
[2974.442s][debug][gc,ref         ] GC(284) ReferenceProcessor::execute queues: 4, RefProcThreadModel::Multi, marks_oops_alive: true
[2974.442s][debug][gc,ref         ] GC(284) Skipped phase 4 of Reference Processing: no references
[2974.442s][debug][gc,phases      ] GC(284) Reference Processing 0.361ms
[2974.443s][debug][gc,phases      ] GC(284)   VM Weak                        Min:  0.0, Avg:  0.0, Max:  0.0, Diff:  0.0, Sum:  0.0, Workers: 4
[2974.443s][debug][gc,phases      ] GC(284)     Dead                           Min: 0, Avg:  0.0, Max: 0, Diff: 0, Sum: 0, Workers: 4
[2974.443s][debug][gc,phases      ] GC(284)     Total                          Min: 0, Avg: 146.0, Max: 397, Diff: 397, Sum: 584, Workers: 4
[2974.443s][debug][gc,phases      ] GC(284)   ObjectSynchronizer Weak        Min:  0.0, Avg:  0.0, Max:  0.0, Diff:  0.0, Sum:  0.0, Workers: 4
[2974.443s][debug][gc,phases      ] GC(284)     Dead                           Min: 0, Avg:  0.0, Max: 0, Diff: 0, Sum: 0, Workers: 4
[2974.443s][debug][gc,phases      ] GC(284)     Total                          Min: 0, Avg:  1.2, Max: 5, Diff: 5, Sum: 5, Workers: 4
[2974.443s][debug][gc,phases      ] GC(284)   JVMTI Tag Weak OopStorage      Min:  0.0, Avg:  0.0, Max:  0.0, Diff:  0.0, Sum:  0.0, Workers: 4
[2974.443s][debug][gc,phases      ] GC(284)     Dead                           Min: 0, Avg:  0.0, Max: 0, Diff: 0, Sum: 0, Workers: 4
[2974.443s][debug][gc,phases      ] GC(284)     Total                          Min: 0, Avg:  0.0, Max: 0, Diff: 0, Sum: 0, Workers: 4
[2974.443s][debug][gc,phases      ] GC(284)   StringTable Weak               Min:  0.1, Avg:  0.1, Max:  0.1, Diff:  0.0, Sum:  0.4, Workers: 4
[2974.443s][debug][gc,phases      ] GC(284)     Dead                           Min: 0, Avg:  0.0, Max: 0, Diff: 0, Sum: 0, Workers: 4
[2974.443s][debug][gc,phases      ] GC(284)     Total                          Min: 10368, Avg: 10950.0, Max: 11993, Diff: 1625, Sum: 43800, Workers: 4
[2974.443s][debug][gc,phases      ] GC(284)   ResolvedMethodTable Weak       Min:  0.0, Avg:  0.0, Max:  0.0, Diff:  0.0, Sum:  0.1, Workers: 4
[2974.443s][debug][gc,phases      ] GC(284)     Dead                           Min: 0, Avg:  0.0, Max: 0, Diff: 0, Sum: 0, Workers: 4
[2974.443s][debug][gc,phases      ] GC(284)     Total                          Min: 2365, Avg: 2444.5, Max: 2613, Diff: 248, Sum: 9778, Workers: 4
[2974.443s][debug][gc,phases      ] GC(284)   JNI Weak                       Min:  0.0, Avg:  0.0, Max:  0.0, Diff:  0.0, Sum:  0.0, Workers: 4
[2974.443s][debug][gc,phases      ] GC(284)     Dead                           Min: 0, Avg:  0.0, Max: 0, Diff: 0, Sum: 0, Workers: 4
[2974.443s][debug][gc,phases      ] GC(284)     Total                          Min: 0, Avg: 11.2, Max: 45, Diff: 45, Sum: 45, Workers: 4
[2974.443s][debug][gc,phases      ] GC(284)   StringDedup Table Weak         Min:  0.0, Avg:  0.0, Max:  0.0, Diff:  0.0, Sum:  0.0, Workers: 4
[2974.443s][debug][gc,phases      ] GC(284)     Dead                           Min: 0, Avg:  0.0, Max: 0, Diff: 0, Sum: 0, Workers: 4
[2974.443s][debug][gc,phases      ] GC(284)     Total                          Min: 0, Avg:  0.0, Max: 0, Diff: 0, Sum: 0, Workers: 4
[2974.443s][debug][gc,phases      ] GC(284)   StringDedup Requests0 Weak     Min:  0.0, Avg:  0.0, Max:  0.0, Diff:  0.0, Sum:  0.0, Workers: 4
[2974.443s][debug][gc,phases      ] GC(284)     Dead                           Min: 0, Avg:  0.0, Max: 0, Diff: 0, Sum: 0, Workers: 4
[2974.443s][debug][gc,phases      ] GC(284)     Total                          Min: 0, Avg:  0.0, Max: 0, Diff: 0, Sum: 0, Workers: 4
[2974.443s][debug][gc,phases      ] GC(284)   StringDedup Requests1 Weak     Min:  0.0, Avg:  0.0, Max:  0.0, Diff:  0.0, Sum:  0.0, Workers: 4
[2974.443s][debug][gc,phases      ] GC(284)     Dead                           Min: 0, Avg:  0.0, Max: 0, Diff: 0, Sum: 0, Workers: 4
[2974.443s][debug][gc,phases      ] GC(284)     Total                          Min: 0, Avg:  0.0, Max: 0, Diff: 0, Sum: 0, Workers: 4
[2974.443s][debug][gc,phases      ] GC(284)   Weak JFR Old Object Samples    Min:  0.0, Avg:  0.0, Max:  0.0, Diff:  0.0, Sum:  0.0, Workers: 4
[2974.443s][debug][gc,phases      ] GC(284)     Dead                           Min: 0, Avg:  0.0, Max: 0, Diff: 0, Sum: 0, Workers: 4
[2974.443s][debug][gc,phases      ] GC(284)     Total                          Min: 0, Avg:  0.0, Max: 0, Diff: 0, Sum: 0, Workers: 4
[2974.443s][debug][gc,phases      ] GC(284) Weak Processing 0.293ms
[2974.443s][debug][gc,age         ] GC(284) Desired survivor size 134742016 bytes, new threshold 15 (max threshold 15)
[2974.443s][info ][gc,heap        ] GC(284) PSYoungGen: 1913520K(1965056K)->74368K(1913856K) Eden: 1839104K(1839104K)->0K(1839104K) From: 74416K(125952K)->74368K(74752K)
[2974.443s][info ][gc,heap        ] GC(284) ParOldGen: 366427K(428544K)->366427K(428544K)
[2974.443s][info ][gc,metaspace   ] GC(284) Metaspace: 83371K(84480K)->83371K(84480K) NonClass: 71416K(72064K)->71416K(72064K) Class: 11955K(12416K)->11955K(12416K)
[2974.443s][info ][gc             ] GC(284) Pause Young (Allocation Failure) 2226M->430M(2287M) 25.640ms
[2974.443s][info ][gc,cpu         ] GC(284) User=0.07s Sys=0.00s Real=0.03s
[2974.443s][info ][safepoint      ] Safepoint "ParallelGCFailedAllocation", Time since last: 7731235024 ns, Reaching safepoint: 79800 ns, Cleanup: 30700 ns, At safepoint: 25719095 ns, Total: 25829595 ns
[2977.443s][info ][safepoint      ] Safepoint "Cleanup", Time since last: 3000206028 ns, Reaching safepoint: 4200 ns, Cleanup: 33400 ns, At safepoint: 2200 ns, Total: 39800 ns
[2982.170s][info ][safepoint      ] Safepoint "ParallelGCFailedAllocation", Time since last: 4726551034 ns, Reaching safepoint: 76500 ns, Cleanup: 28900 ns, At safepoint: 32200 ns, Total: 137600 ns
[2982.170s][info ][gc,start       ] GC(285) Pause Young (GCLocker Initiated GC)
[2982.193s][debug][gc,phases      ] GC(285) Scavenge 22.878ms
[2982.193s][debug][gc,ref         ] GC(285) Skipped phase 1 of Reference Processing: no references
[2982.193s][debug][gc,ref         ] GC(285) ReferenceProcessor::execute queues: 1, RefProcThreadModel::Single, marks_oops_alive: false
[2982.193s][debug][gc,ref         ] GC(285) Skipped phase 3 of Reference Processing: no references
[2982.193s][debug][gc,ref         ] GC(285) ReferenceProcessor::execute queues: 1, RefProcThreadModel::Single, marks_oops_alive: false
[2982.193s][debug][gc,phases      ] GC(285) Reference Processing 0.090ms
[2982.193s][debug][gc,phases      ] GC(285)   VM Weak                        Min:  0.0, Avg:  0.0, Max:  0.0, Diff:  0.0, Sum:  0.0, Workers: 4
[2982.193s][debug][gc,phases      ] GC(285)     Dead                           Min: 0, Avg:  0.0, Max: 0, Diff: 0, Sum: 0, Workers: 4
[2982.193s][debug][gc,phases      ] GC(285)     Total                          Min: 0, Avg: 146.0, Max: 397, Diff: 397, Sum: 584, Workers: 4
[2982.193s][debug][gc,phases      ] GC(285)   ObjectSynchronizer Weak        Min:  0.0, Avg:  0.0, Max:  0.0, Diff:  0.0, Sum:  0.0, Workers: 4
[2982.193s][debug][gc,phases      ] GC(285)     Dead                           Min: 0, Avg:  0.0, Max: 0, Diff: 0, Sum: 0, Workers: 4
[2982.193s][debug][gc,phases      ] GC(285)     Total                          Min: 0, Avg:  1.2, Max: 5, Diff: 5, Sum: 5, Workers: 4
[2982.193s][debug][gc,phases      ] GC(285)   JVMTI Tag Weak OopStorage      Min:  0.0, Avg:  0.0, Max:  0.0, Diff:  0.0, Sum:  0.0, Workers: 4
[2982.193s][debug][gc,phases      ] GC(285)     Dead                           Min: 0, Avg:  0.0, Max: 0, Diff: 0, Sum: 0, Workers: 4
[2982.193s][debug][gc,phases      ] GC(285)     Total                          Min: 0, Avg:  0.0, Max: 0, Diff: 0, Sum: 0, Workers: 4
[2982.193s][debug][gc,phases      ] GC(285)   StringTable Weak               Min:  0.0, Avg:  0.1, Max:  0.1, Diff:  0.1, Sum:  0.4, Workers: 4
[2982.193s][debug][gc,phases      ] GC(285)     Dead                           Min: 0, Avg:  0.0, Max: 0, Diff: 0, Sum: 0, Workers: 4
[2982.193s][debug][gc,phases      ] GC(285)     Total                          Min: 0, Avg: 10950.0, Max: 19583, Diff: 19583, Sum: 43800, Workers: 4
[2982.193s][debug][gc,phases      ] GC(285)   ResolvedMethodTable Weak       Min:  0.0, Avg:  0.0, Max:  0.0, Diff:  0.0, Sum:  0.1, Workers: 4
[2982.193s][debug][gc,phases      ] GC(285)     Dead                           Min: 0, Avg:  0.0, Max: 0, Diff: 0, Sum: 0, Workers: 4
[2982.193s][debug][gc,phases      ] GC(285)     Total                          Min: 0, Avg: 2444.5, Max: 4213, Diff: 4213, Sum: 9778, Workers: 4
[2982.193s][debug][gc,phases      ] GC(285)   JNI Weak                       Min:  0.0, Avg:  0.0, Max:  0.0, Diff:  0.0, Sum:  0.0, Workers: 4
[2982.193s][debug][gc,phases      ] GC(285)     Dead                           Min: 0, Avg:  0.0, Max: 0, Diff: 0, Sum: 0, Workers: 4
[2982.193s][debug][gc,phases      ] GC(285)     Total                          Min: 0, Avg: 11.2, Max: 45, Diff: 45, Sum: 45, Workers: 4
[2982.193s][debug][gc,phases      ] GC(285)   StringDedup Table Weak         Min:  0.0, Avg:  0.0, Max:  0.0, Diff:  0.0, Sum:  0.0, Workers: 4
[2982.193s][debug][gc,phases      ] GC(285)     Dead                           Min: 0, Avg:  0.0, Max: 0, Diff: 0, Sum: 0, Workers: 4
[2982.193s][debug][gc,phases      ] GC(285)     Total                          Min: 0, Avg:  0.0, Max: 0, Diff: 0, Sum: 0, Workers: 4
[2982.193s][debug][gc,phases      ] GC(285)   StringDedup Requests0 Weak     Min:  0.0, Avg:  0.0, Max:  0.0, Diff:  0.0, Sum:  0.0, Workers: 4
[2982.193s][debug][gc,phases      ] GC(285)     Dead                           Min: 0, Avg:  0.0, Max: 0, Diff: 0, Sum: 0, Workers: 4
[2982.193s][debug][gc,phases      ] GC(285)     Total                          Min: 0, Avg:  0.0, Max: 0, Diff: 0, Sum: 0, Workers: 4
[2982.193s][debug][gc,phases      ] GC(285)   StringDedup Requests1 Weak     Min:  0.0, Avg:  0.0, Max:  0.0, Diff:  0.0, Sum:  0.0, Workers: 4
[2982.193s][debug][gc,phases      ] GC(285)     Dead                           Min: 0, Avg:  0.0, Max: 0, Diff: 0, Sum: 0, Workers: 4
[2982.193s][debug][gc,phases      ] GC(285)     Total                          Min: 0, Avg:  0.0, Max: 0, Diff: 0, Sum: 0, Workers: 4
[2982.193s][debug][gc,phases      ] GC(285)   Weak JFR Old Object Samples    Min:  0.0, Avg:  0.0, Max:  0.0, Diff:  0.0, Sum:  0.0, Workers: 4
[2982.193s][debug][gc,phases      ] GC(285)     Dead                           Min: 0, Avg:  0.0, Max: 0, Diff: 0, Sum: 0, Workers: 4
[2982.193s][debug][gc,phases      ] GC(285)     Total                          Min: 0, Avg:  0.0, Max: 0, Diff: 0, Sum: 0, Workers: 4
[2982.193s][debug][gc,phases      ] GC(285) Weak Processing 0.317ms
[2982.193s][debug][gc,age         ] GC(285) Desired survivor size 135790592 bytes, new threshold 15 (max threshold 15)
[2982.193s][info ][gc,heap        ] GC(285) PSYoungGen: 1913472K(1913856K)->74304K(1963520K) Eden: 1839104K(1839104K)->0K(1831936K) From: 74368K(74752K)->74304K(131584K)
[2982.193s][info ][gc,heap        ] GC(285) ParOldGen: 366427K(428544K)->366427K(428544K)
[2982.193s][info ][gc,metaspace   ] GC(285) Metaspace: 83376K(84480K)->83376K(84480K) NonClass: 71420K(72064K)->71420K(72064K) Class: 11955K(12416K)->11955K(12416K)
[2982.193s][info ][gc             ] GC(285) Pause Young (GCLocker Initiated GC) 2226M->430M(2336M) 23.369ms
[2982.193s][info ][gc,cpu         ] GC(285) User=0.09s Sys=0.00s Real=0.02s
[2982.193s][info ][safepoint      ] Safepoint "ParallelGCSystemGC", Time since last: 69100 ns, Reaching safepoint: 70400 ns, Cleanup: 18400 ns, At safepoint: 23431695 ns, Total: 23520495 ns
[2990.194s][info ][safepoint      ] Safepoint "Cleanup", Time since last: 8000514504 ns, Reaching safepoint: 4100 ns, Cleanup: 37000 ns, At safepoint: 3800 ns, Total: 44900 ns
[2990.312s][info ][gc,start       ] GC(286) Pause Young (Allocation Failure)
[2990.337s][debug][gc,phases      ] GC(286) Scavenge 25.528ms
[2990.337s][debug][gc,ref         ] GC(286) Skipped phase 1 of Reference Processing: no references
[2990.337s][debug][gc,ref         ] GC(286) ReferenceProcessor::execute queues: 1, RefProcThreadModel::Single, marks_oops_alive: false
[2990.337s][debug][gc,ref         ] GC(286) ReferenceProcessor::execute queues: 4, RefProcThreadModel::Multi, marks_oops_alive: true
[2990.337s][debug][gc,ref         ] GC(286) Skipped phase 4 of Reference Processing: no references
[2990.338s][debug][gc,phases      ] GC(286) Reference Processing 0.151ms
[2990.338s][debug][gc,phases      ] GC(286)   VM Weak                        Min:  0.0, Avg:  0.0, Max:  0.0, Diff:  0.0, Sum:  0.0, Workers: 4
[2990.338s][debug][gc,phases      ] GC(286)     Dead                           Min: 0, Avg:  0.0, Max: 0, Diff: 0, Sum: 0, Workers: 4
[2990.338s][debug][gc,phases      ] GC(286)     Total                          Min: 0, Avg: 146.0, Max: 507, Diff: 507, Sum: 584, Workers: 4
[2990.338s][debug][gc,phases      ] GC(286)   ObjectSynchronizer Weak        Min:  0.0, Avg:  0.0, Max:  0.0, Diff:  0.0, Sum:  0.0, Workers: 4
[2990.338s][debug][gc,phases      ] GC(286)     Dead                           Min: 0, Avg:  0.0, Max: 0, Diff: 0, Sum: 0, Workers: 4
[2990.338s][debug][gc,phases      ] GC(286)     Total                          Min: 0, Avg:  1.2, Max: 5, Diff: 5, Sum: 5, Workers: 4
[2990.338s][debug][gc,phases      ] GC(286)   JVMTI Tag Weak OopStorage      Min:  0.0, Avg:  0.0, Max:  0.0, Diff:  0.0, Sum:  0.0, Workers: 4
[2990.338s][debug][gc,phases      ] GC(286)     Dead                           Min: 0, Avg:  0.0, Max: 0, Diff: 0, Sum: 0, Workers: 4
[2990.338s][debug][gc,phases      ] GC(286)     Total                          Min: 0, Avg:  0.0, Max: 0, Diff: 0, Sum: 0, Workers: 4
[2990.338s][debug][gc,phases      ] GC(286)   StringTable Weak               Min:  0.0, Avg:  0.1, Max:  0.1, Diff:  0.1, Sum:  0.3, Workers: 4
[2990.338s][debug][gc,phases      ] GC(286)     Dead                           Min: 0, Avg:  0.0, Max: 0, Diff: 0, Sum: 0, Workers: 4
[2990.338s][debug][gc,phases      ] GC(286)     Total                          Min: 0, Avg: 10951.5, Max: 18654, Diff: 18654, Sum: 43806, Workers: 4
[2990.338s][debug][gc,phases      ] GC(286)   ResolvedMethodTable Weak       Min:  0.0, Avg:  0.0, Max:  0.0, Diff:  0.0, Sum:  0.1, Workers: 4
[2990.338s][debug][gc,phases      ] GC(286)     Dead                           Min: 0, Avg:  0.0, Max: 0, Diff: 0, Sum: 0, Workers: 4
[2990.338s][debug][gc,phases      ] GC(286)     Total                          Min: 0, Avg: 2444.5, Max: 4285, Diff: 4285, Sum: 9778, Workers: 4
[2990.338s][debug][gc,phases      ] GC(286)   JNI Weak                       Min:  0.0, Avg:  0.0, Max:  0.0, Diff:  0.0, Sum:  0.0, Workers: 4
[2990.338s][debug][gc,phases      ] GC(286)     Dead                           Min: 0, Avg:  0.0, Max: 0, Diff: 0, Sum: 0, Workers: 4
[2990.338s][debug][gc,phases      ] GC(286)     Total                          Min: 0, Avg: 11.2, Max: 45, Diff: 45, Sum: 45, Workers: 4
[2990.338s][debug][gc,phases      ] GC(286)   StringDedup Table Weak         Min:  0.0, Avg:  0.0, Max:  0.0, Diff:  0.0, Sum:  0.0, Workers: 4
[2990.338s][debug][gc,phases      ] GC(286)     Dead                           Min: 0, Avg:  0.0, Max: 0, Diff: 0, Sum: 0, Workers: 4
[2990.338s][debug][gc,phases      ] GC(286)     Total                          Min: 0, Avg:  0.0, Max: 0, Diff: 0, Sum: 0, Workers: 4
[2990.338s][debug][gc,phases      ] GC(286)   StringDedup Requests0 Weak     Min:  0.0, Avg:  0.0, Max:  0.0, Diff:  0.0, Sum:  0.0, Workers: 4
[2990.338s][debug][gc,phases      ] GC(286)     Dead                           Min: 0, Avg:  0.0, Max: 0, Diff: 0, Sum: 0, Workers: 4
[2990.338s][debug][gc,phases      ] GC(286)     Total                          Min: 0, Avg:  0.0, Max: 0, Diff: 0, Sum: 0, Workers: 4
[2990.338s][debug][gc,phases      ] GC(286)   StringDedup Requests1 Weak     Min:  0.0, Avg:  0.0, Max:  0.0, Diff:  0.0, Sum:  0.0, Workers: 4
[2990.338s][debug][gc,phases      ] GC(286)     Dead                           Min: 0, Avg:  0.0, Max: 0, Diff: 0, Sum: 0, Workers: 4
[2990.338s][debug][gc,phases      ] GC(286)     Total                          Min: 0, Avg:  0.0, Max: 0, Diff: 0, Sum: 0, Workers: 4
[2990.338s][debug][gc,phases      ] GC(286)   Weak JFR Old Object Samples    Min:  0.0, Avg:  0.0, Max:  0.0, Diff:  0.0, Sum:  0.0, Workers: 4
[2990.338s][debug][gc,phases      ] GC(286)     Dead                           Min: 0, Avg:  0.0, Max: 0, Diff: 0, Sum: 0, Workers: 4
[2990.338s][debug][gc,phases      ] GC(286)     Total                          Min: 0, Avg:  0.0, Max: 0, Diff: 0, Sum: 0, Workers: 4
[2990.338s][debug][gc,phases      ] GC(286) Weak Processing 0.321ms
[2990.338s][debug][gc,age         ] GC(286) Desired survivor size 136314880 bytes, new threshold 15 (max threshold 15)
[2990.338s][info ][gc,heap        ] GC(286) PSYoungGen: 1906240K(1963520K)->74320K(1906688K) Eden: 1831936K(1831936K)->0K(1831936K) From: 74304K(131584K)->74320K(74752K)
[2990.338s][info ][gc,heap        ] GC(286) ParOldGen: 366430K(428544K)->366438K(428544K)
[2990.338s][info ][gc,metaspace   ] GC(286) Metaspace: 83379K(84480K)->83379K(84480K) NonClass: 71423K(72064K)->71423K(72064K) Class: 11955K(12416K)->11955K(12416K)
[2990.338s][info ][gc             ] GC(286) Pause Young (Allocation Failure) 2219M->430M(2280M) 26.115ms
[2990.338s][info ][gc,cpu         ] GC(286) User=0.08s Sys=0.00s Real=0.02s
[2990.338s][info ][safepoint      ] Safepoint "ParallelGCFailedAllocation", Time since last: 117859978 ns, Reaching safepoint: 6000 ns, Cleanup: 32200 ns, At safepoint: 26199195 ns, Total: 26237395 ns
[2998.464s][info ][gc,start       ] GC(287) Pause Young (Allocation Failure)
[2998.491s][debug][gc,phases      ] GC(287) Scavenge 26.567ms
[2998.491s][debug][gc,ref         ] GC(287) Skipped phase 1 of Reference Processing: no references
[2998.491s][debug][gc,ref         ] GC(287) ReferenceProcessor::execute queues: 1, RefProcThreadModel::Single, marks_oops_alive: false
[2998.491s][debug][gc,ref         ] GC(287) Skipped phase 3 of Reference Processing: no references
[2998.491s][debug][gc,ref         ] GC(287) Skipped phase 4 of Reference Processing: no references
[2998.491s][debug][gc,phases      ] GC(287) Reference Processing 0.090ms
[2998.491s][debug][gc,phases      ] GC(287)   VM Weak                        Min:  0.0, Avg:  0.0, Max:  0.0, Diff:  0.0, Sum:  0.0, Workers: 4
[2998.491s][debug][gc,phases      ] GC(287)     Dead                           Min: 0, Avg:  0.0, Max: 0, Diff: 0, Sum: 0, Workers: 4
[2998.491s][debug][gc,phases      ] GC(287)     Total                          Min: 0, Avg: 146.0, Max: 336, Diff: 336, Sum: 584, Workers: 4
[2998.491s][debug][gc,phases      ] GC(287)   ObjectSynchronizer Weak        Min:  0.0, Avg:  0.0, Max:  0.0, Diff:  0.0, Sum:  0.0, Workers: 4
[2998.491s][debug][gc,phases      ] GC(287)     Dead                           Min: 0, Avg:  0.0, Max: 0, Diff: 0, Sum: 0, Workers: 4
[2998.491s][debug][gc,phases      ] GC(287)     Total                          Min: 0, Avg:  1.2, Max: 5, Diff: 5, Sum: 5, Workers: 4
[2998.491s][debug][gc,phases      ] GC(287)   JVMTI Tag Weak OopStorage      Min:  0.0, Avg:  0.0, Max:  0.0, Diff:  0.0, Sum:  0.0, Workers: 4
[2998.491s][debug][gc,phases      ] GC(287)     Dead                           Min: 0, Avg:  0.0, Max: 0, Diff: 0, Sum: 0, Workers: 4
[2998.491s][debug][gc,phases      ] GC(287)     Total                          Min: 0, Avg:  0.0, Max: 0, Diff: 0, Sum: 0, Workers: 4
[2998.491s][debug][gc,phases      ] GC(287)   StringTable Weak               Min:  0.0, Avg:  0.1, Max:  0.1, Diff:  0.1, Sum:  0.3, Workers: 4
[2998.491s][debug][gc,phases      ] GC(287)     Dead                           Min: 0, Avg:  0.0, Max: 0, Diff: 0, Sum: 0, Workers: 4
[2998.491s][debug][gc,phases      ] GC(287)     Total                          Min: 0, Avg: 10951.5, Max: 18879, Diff: 18879, Sum: 43806, Workers: 4
[2998.491s][debug][gc,phases      ] GC(287)   ResolvedMethodTable Weak       Min:  0.0, Avg:  0.0, Max:  0.0, Diff:  0.0, Sum:  0.1, Workers: 4
[2998.491s][debug][gc,phases      ] GC(287)     Dead                           Min: 0, Avg:  0.0, Max: 0, Diff: 0, Sum: 0, Workers: 4
[2998.491s][debug][gc,phases      ] GC(287)     Total                          Min: 0, Avg: 2444.5, Max: 4277, Diff: 4277, Sum: 9778, Workers: 4
[2998.491s][debug][gc,phases      ] GC(287)   JNI Weak                       Min:  0.0, Avg:  0.0, Max:  0.0, Diff:  0.0, Sum:  0.0, Workers: 4
[2998.491s][debug][gc,phases      ] GC(287)     Dead                           Min: 0, Avg:  0.0, Max: 0, Diff: 0, Sum: 0, Workers: 4
[2998.491s][debug][gc,phases      ] GC(287)     Total                          Min: 0, Avg: 11.2, Max: 45, Diff: 45, Sum: 45, Workers: 4
[2998.491s][debug][gc,phases      ] GC(287)   StringDedup Table Weak         Min:  0.0, Avg:  0.0, Max:  0.0, Diff:  0.0, Sum:  0.0, Workers: 4
[2998.491s][debug][gc,phases      ] GC(287)     Dead                           Min: 0, Avg:  0.0, Max: 0, Diff: 0, Sum: 0, Workers: 4
[2998.491s][debug][gc,phases      ] GC(287)     Total                          Min: 0, Avg:  0.0, Max: 0, Diff: 0, Sum: 0, Workers: 4
[2998.491s][debug][gc,phases      ] GC(287)   StringDedup Requests0 Weak     Min:  0.0, Avg:  0.0, Max:  0.0, Diff:  0.0, Sum:  0.0, Workers: 4
[2998.491s][debug][gc,phases      ] GC(287)     Dead                           Min: 0, Avg:  0.0, Max: 0, Diff: 0, Sum: 0, Workers: 4
[2998.491s][debug][gc,phases      ] GC(287)     Total                          Min: 0, Avg:  0.0, Max: 0, Diff: 0, Sum: 0, Workers: 4
[2998.491s][debug][gc,phases      ] GC(287)   StringDedup Requests1 Weak     Min:  0.0, Avg:  0.0, Max:  0.0, Diff:  0.0, Sum:  0.0, Workers: 4
[2998.491s][debug][gc,phases      ] GC(287)     Dead                           Min: 0, Avg:  0.0, Max: 0, Diff: 0, Sum: 0, Workers: 4
[2998.491s][debug][gc,phases      ] GC(287)     Total                          Min: 0, Avg:  0.0, Max: 0, Diff: 0, Sum: 0, Workers: 4
[2998.491s][debug][gc,phases      ] GC(287)   Weak JFR Old Object Samples    Min:  0.0, Avg:  0.0, Max:  0.0, Diff:  0.0, Sum:  0.0, Workers: 4
[2998.491s][debug][gc,phases      ] GC(287)     Dead                           Min: 0, Avg:  0.0, Max: 0, Diff: 0, Sum: 0, Workers: 4
[2998.491s][debug][gc,phases      ] GC(287)     Total                          Min: 0, Avg:  0.0, Max: 0, Diff: 0, Sum: 0, Workers: 4
[2998.491s][debug][gc,phases      ] GC(287) Weak Processing 0.316ms
[2998.491s][debug][gc,age         ] GC(287) Desired survivor size 134217728 bytes, new threshold 15 (max threshold 15)
[2998.491s][info ][gc,heap        ] GC(287) PSYoungGen: 1906256K(1906688K)->70608K(1966080K) Eden: 1831936K(1831936K)->0K(1832960K) From: 74320K(74752K)->70608K(133120K)
[2998.491s][info ][gc,heap        ] GC(287) ParOldGen: 366438K(428544K)->370222K(428544K)
[2998.491s][info ][gc,metaspace   ] GC(287) Metaspace: 83379K(84480K)->83379K(84480K) NonClass: 71423K(72064K)->71423K(72064K) Class: 11955K(12416K)->11955K(12416K)
[2998.492s][info ][gc             ] GC(287) Pause Young (Allocation Failure) 2219M->430M(2338M) 27.091ms
[2998.492s][info ][gc,cpu         ] GC(287) User=0.08s Sys=0.00s Real=0.03s
[2998.492s][info ][safepoint      ] Safepoint "ParallelGCFailedAllocation", Time since last: 8126429506 ns, Reaching safepoint: 4300 ns, Cleanup: 27000 ns, At safepoint: 27159996 ns, Total: 27191296 ns
[3006.514s][info ][gc,start       ] GC(288) Pause Young (Allocation Failure)
[3006.536s][debug][gc,phases      ] GC(288) Scavenge 22.031ms
[3006.536s][debug][gc,ref         ] GC(288) Skipped phase 1 of Reference Processing: no references
[3006.537s][debug][gc,ref         ] GC(288) ReferenceProcessor::execute queues: 1, RefProcThreadModel::Single, marks_oops_alive: false
[3006.537s][debug][gc,ref         ] GC(288) Skipped phase 3 of Reference Processing: no references
[3006.537s][debug][gc,ref         ] GC(288) Skipped phase 4 of Reference Processing: no references
[3006.537s][debug][gc,phases      ] GC(288) Reference Processing 0.095ms
[3006.537s][debug][gc,phases      ] GC(288)   VM Weak                        Min:  0.0, Avg:  0.0, Max:  0.0, Diff:  0.0, Sum:  0.0, Workers: 4
[3006.537s][debug][gc,phases      ] GC(288)     Dead                           Min: 0, Avg:  0.0, Max: 0, Diff: 0, Sum: 0, Workers: 4
[3006.537s][debug][gc,phases      ] GC(288)     Total                          Min: 0, Avg: 146.0, Max: 507, Diff: 507, Sum: 584, Workers: 4
[3006.537s][debug][gc,phases      ] GC(288)   ObjectSynchronizer Weak        Min:  0.0, Avg:  0.0, Max:  0.0, Diff:  0.0, Sum:  0.0, Workers: 4
[3006.537s][debug][gc,phases      ] GC(288)     Dead                           Min: 0, Avg:  0.0, Max: 0, Diff: 0, Sum: 0, Workers: 4
[3006.537s][debug][gc,phases      ] GC(288)     Total                          Min: 0, Avg:  1.2, Max: 5, Diff: 5, Sum: 5, Workers: 4
[3006.537s][debug][gc,phases      ] GC(288)   JVMTI Tag Weak OopStorage      Min:  0.0, Avg:  0.0, Max:  0.0, Diff:  0.0, Sum:  0.0, Workers: 4
[3006.537s][debug][gc,phases      ] GC(288)     Dead                           Min: 0, Avg:  0.0, Max: 0, Diff: 0, Sum: 0, Workers: 4
[3006.537s][debug][gc,phases      ] GC(288)     Total                          Min: 0, Avg:  0.0, Max: 0, Diff: 0, Sum: 0, Workers: 4
[3006.537s][debug][gc,phases      ] GC(288)   StringTable Weak               Min:  0.0, Avg:  0.1, Max:  0.1, Diff:  0.1, Sum:  0.4, Workers: 4
[3006.537s][debug][gc,phases      ] GC(288)     Dead                           Min: 0, Avg:  0.0, Max: 0, Diff: 0, Sum: 0, Workers: 4
[3006.537s][debug][gc,phases      ] GC(288)     Total                          Min: 0, Avg: 10951.5, Max: 18559, Diff: 18559, Sum: 43806, Workers: 4
[3006.537s][debug][gc,phases      ] GC(288)   ResolvedMethodTable Weak       Min:  0.0, Avg:  0.0, Max:  0.0, Diff:  0.0, Sum:  0.1, Workers: 4
[3006.537s][debug][gc,phases      ] GC(288)     Dead                           Min: 0, Avg:  0.0, Max: 0, Diff: 0, Sum: 0, Workers: 4
[3006.537s][debug][gc,phases      ] GC(288)     Total                          Min: 0, Avg: 2444.5, Max: 4349, Diff: 4349, Sum: 9778, Workers: 4
[3006.537s][debug][gc,phases      ] GC(288)   JNI Weak                       Min:  0.0, Avg:  0.0, Max:  0.0, Diff:  0.0, Sum:  0.0, Workers: 4
[3006.537s][debug][gc,phases      ] GC(288)     Dead                           Min: 0, Avg:  0.0, Max: 0, Diff: 0, Sum: 0, Workers: 4
[3006.537s][debug][gc,phases      ] GC(288)     Total                          Min: 0, Avg: 11.2, Max: 45, Diff: 45, Sum: 45, Workers: 4
[3006.537s][debug][gc,phases      ] GC(288)   StringDedup Table Weak         Min:  0.0, Avg:  0.0, Max:  0.0, Diff:  0.0, Sum:  0.0, Workers: 4
[3006.537s][debug][gc,phases      ] GC(288)     Dead                           Min: 0, Avg:  0.0, Max: 0, Diff: 0, Sum: 0, Workers: 4
[3006.537s][debug][gc,phases      ] GC(288)     Total                          Min: 0, Avg:  0.0, Max: 0, Diff: 0, Sum: 0, Workers: 4
[3006.537s][debug][gc,phases      ] GC(288)   StringDedup Requests0 Weak     Min:  0.0, Avg:  0.0, Max:  0.0, Diff:  0.0, Sum:  0.0, Workers: 4
[3006.537s][debug][gc,phases      ] GC(288)     Dead                           Min: 0, Avg:  0.0, Max: 0, Diff: 0, Sum: 0, Workers: 4
[3006.537s][debug][gc,phases      ] GC(288)     Total                          Min: 0, Avg:  0.0, Max: 0, Diff: 0, Sum: 0, Workers: 4
[3006.537s][debug][gc,phases      ] GC(288)   StringDedup Requests1 Weak     Min:  0.0, Avg:  0.0, Max:  0.0, Diff:  0.0, Sum:  0.0, Workers: 4
[3006.537s][debug][gc,phases      ] GC(288)     Dead                           Min: 0, Avg:  0.0, Max: 0, Diff: 0, Sum: 0, Workers: 4
[3006.537s][debug][gc,phases      ] GC(288)     Total                          Min: 0, Avg:  0.0, Max: 0, Diff: 0, Sum: 0, Workers: 4
[3006.537s][debug][gc,phases      ] GC(288)   Weak JFR Old Object Samples    Min:  0.0, Avg:  0.0, Max:  0.0, Diff:  0.0, Sum:  0.0, Workers: 4
[3006.537s][debug][gc,phases      ] GC(288)     Dead                           Min: 0, Avg:  0.0, Max: 0, Diff: 0, Sum: 0, Workers: 4
[3006.537s][debug][gc,phases      ] GC(288)     Total                          Min: 0, Avg:  0.0, Max: 0, Diff: 0, Sum: 0, Workers: 4
[3006.537s][debug][gc,phases      ] GC(288) Weak Processing 0.325ms
[3006.537s][debug][gc,age         ] GC(288) Desired survivor size 132120576 bytes, new threshold 15 (max threshold 15)
[3006.537s][info ][gc,heap        ] GC(288) PSYoungGen: 1903568K(1966080K)->70464K(1964032K) Eden: 1832960K(1832960K)->0K(1832960K) From: 70608K(133120K)->70464K(131072K)
[3006.537s][info ][gc,heap        ] GC(288) ParOldGen: 370222K(428544K)->370414K(428544K)
[3006.537s][info ][gc,metaspace   ] GC(288) Metaspace: 83379K(84480K)->83379K(84480K) NonClass: 71423K(72064K)->71423K(72064K) Class: 11955K(12416K)->11955K(12416K)
[3006.537s][info ][gc             ] GC(288) Pause Young (Allocation Failure) 2220M->430M(2336M) 22.567ms
[3006.537s][info ][gc,cpu         ] GC(288) User=0.08s Sys=0.00s Real=0.02s
[3006.537s][info ][safepoint      ] Safepoint "ParallelGCFailedAllocation", Time since last: 8022723045 ns, Reaching safepoint: 4700 ns, Cleanup: 21800 ns, At safepoint: 22643098 ns, Total: 22669598 ns
[3011.537s][info ][safepoint      ] Safepoint "Cleanup", Time since last: 5000284284 ns, Reaching safepoint: 4400 ns, Cleanup: 42000 ns, At safepoint: 2700 ns, Total: 49100 ns
[3014.214s][info ][gc,start       ] GC(289) Pause Young (Allocation Failure)
[3014.239s][debug][gc,phases      ] GC(289) Scavenge 24.644ms
[3014.239s][debug][gc,ref         ] GC(289) Skipped phase 1 of Reference Processing: no references
[3014.239s][debug][gc,ref         ] GC(289) ReferenceProcessor::execute queues: 1, RefProcThreadModel::Single, marks_oops_alive: false
[3014.239s][debug][gc,ref         ] GC(289) Skipped phase 3 of Reference Processing: no references
[3014.239s][debug][gc,ref         ] GC(289) ReferenceProcessor::execute queues: 1, RefProcThreadModel::Single, marks_oops_alive: false
[3014.239s][debug][gc,phases      ] GC(289) Reference Processing 0.102ms
[3014.239s][debug][gc,phases      ] GC(289)   VM Weak                        Min:  0.0, Avg:  0.0, Max:  0.0, Diff:  0.0, Sum:  0.0, Workers: 4
[3014.239s][debug][gc,phases      ] GC(289)     Dead                           Min: 0, Avg:  0.0, Max: 0, Diff: 0, Sum: 0, Workers: 4
[3014.239s][debug][gc,phases      ] GC(289)     Total                          Min: 0, Avg: 146.0, Max: 584, Diff: 584, Sum: 584, Workers: 4
[3014.239s][debug][gc,phases      ] GC(289)   ObjectSynchronizer Weak        Min:  0.0, Avg:  0.0, Max:  0.0, Diff:  0.0, Sum:  0.0, Workers: 4
[3014.239s][debug][gc,phases      ] GC(289)     Dead                           Min: 0, Avg:  0.0, Max: 0, Diff: 0, Sum: 0, Workers: 4
[3014.239s][debug][gc,phases      ] GC(289)     Total                          Min: 0, Avg:  1.2, Max: 5, Diff: 5, Sum: 5, Workers: 4
[3014.239s][debug][gc,phases      ] GC(289)   JVMTI Tag Weak OopStorage      Min:  0.0, Avg:  0.0, Max:  0.0, Diff:  0.0, Sum:  0.0, Workers: 4
[3014.239s][debug][gc,phases      ] GC(289)     Dead                           Min: 0, Avg:  0.0, Max: 0, Diff: 0, Sum: 0, Workers: 4
[3014.239s][debug][gc,phases      ] GC(289)     Total                          Min: 0, Avg:  0.0, Max: 0, Diff: 0, Sum: 0, Workers: 4
[3014.239s][debug][gc,phases      ] GC(289)   StringTable Weak               Min:  0.0, Avg:  0.1, Max:  0.1, Diff:  0.1, Sum:  0.4, Workers: 4
[3014.239s][debug][gc,phases      ] GC(289)     Dead                           Min: 0, Avg:  0.0, Max: 0, Diff: 0, Sum: 0, Workers: 4
[3014.239s][debug][gc,phases      ] GC(289)     Total                          Min: 0, Avg: 10951.8, Max: 18848, Diff: 18848, Sum: 43807, Workers: 4
[3014.239s][debug][gc,phases      ] GC(289)   ResolvedMethodTable Weak       Min:  0.0, Avg:  0.0, Max:  0.0, Diff:  0.0, Sum:  0.1, Workers: 4
[3014.240s][debug][gc,phases      ] GC(289)     Dead                           Min: 0, Avg:  0.0, Max: 0, Diff: 0, Sum: 0, Workers: 4
[3014.240s][debug][gc,phases      ] GC(289)     Total                          Min: 0, Avg: 2444.5, Max: 4469, Diff: 4469, Sum: 9778, Workers: 4
[3014.240s][debug][gc,phases      ] GC(289)   JNI Weak                       Min:  0.0, Avg:  0.0, Max:  0.0, Diff:  0.0, Sum:  0.0, Workers: 4
[3014.240s][debug][gc,phases      ] GC(289)     Dead                           Min: 0, Avg:  0.0, Max: 0, Diff: 0, Sum: 0, Workers: 4
[3014.240s][debug][gc,phases      ] GC(289)     Total                          Min: 0, Avg: 11.2, Max: 45, Diff: 45, Sum: 45, Workers: 4
[3014.240s][debug][gc,phases      ] GC(289)   StringDedup Table Weak         Min:  0.0, Avg:  0.0, Max:  0.0, Diff:  0.0, Sum:  0.0, Workers: 4
[3014.240s][debug][gc,phases      ] GC(289)     Dead                           Min: 0, Avg:  0.0, Max: 0, Diff: 0, Sum: 0, Workers: 4
[3014.240s][debug][gc,phases      ] GC(289)     Total                          Min: 0, Avg:  0.0, Max: 0, Diff: 0, Sum: 0, Workers: 4
[3014.240s][debug][gc,phases      ] GC(289)   StringDedup Requests0 Weak     Min:  0.0, Avg:  0.0, Max:  0.0, Diff:  0.0, Sum:  0.0, Workers: 4
[3014.240s][debug][gc,phases      ] GC(289)     Dead                           Min: 0, Avg:  0.0, Max: 0, Diff: 0, Sum: 0, Workers: 4
[3014.240s][debug][gc,phases      ] GC(289)     Total                          Min: 0, Avg:  0.0, Max: 0, Diff: 0, Sum: 0, Workers: 4
[3014.240s][debug][gc,phases      ] GC(289)   StringDedup Requests1 Weak     Min:  0.0, Avg:  0.0, Max:  0.0, Diff:  0.0, Sum:  0.0, Workers: 4
[3014.240s][debug][gc,phases      ] GC(289)     Dead                           Min: 0, Avg:  0.0, Max: 0, Diff: 0, Sum: 0, Workers: 4
[3014.240s][debug][gc,phases      ] GC(289)     Total                          Min: 0, Avg:  0.0, Max: 0, Diff: 0, Sum: 0, Workers: 4
[3014.240s][debug][gc,phases      ] GC(289)   Weak JFR Old Object Samples    Min:  0.0, Avg:  0.0, Max:  0.0, Diff:  0.0, Sum:  0.0, Workers: 4
[3014.240s][debug][gc,phases      ] GC(289)     Dead                           Min: 0, Avg:  0.0, Max: 0, Diff: 0, Sum: 0, Workers: 4
[3014.240s][debug][gc,phases      ] GC(289)     Total                          Min: 0, Avg:  0.0, Max: 0, Diff: 0, Sum: 0, Workers: 4
[3014.240s][debug][gc,phases      ] GC(289) Weak Processing 0.316ms
[3014.240s][debug][gc,age         ] GC(289) Desired survivor size 130023424 bytes, new threshold 15 (max threshold 15)
[3014.240s][info ][gc,heap        ] GC(289) PSYoungGen: 1903424K(1964032K)->70528K(1970176K) Eden: 1832960K(1832960K)->0K(1841152K) From: 70464K(131072K)->70528K(129024K)
[3014.240s][info ][gc,heap        ] GC(289) ParOldGen: 370414K(428544K)->370470K(428544K)
[3014.240s][info ][gc,metaspace   ] GC(289) Metaspace: 83382K(84480K)->83382K(84480K) NonClass: 71427K(72064K)->71427K(72064K) Class: 11955K(12416K)->11955K(12416K)
[3014.240s][info ][gc             ] GC(289) Pause Young (Allocation Failure) 2220M->430M(2342M) 25.189ms
[3014.240s][info ][gc,cpu         ] GC(289) User=0.07s Sys=0.00s Real=0.02s
[3014.240s][info ][safepoint      ] Safepoint "ParallelGCFailedAllocation", Time since last: 2677103832 ns, Reaching safepoint: 4500 ns, Cleanup: 18800 ns, At safepoint: 25266193 ns, Total: 25289493 ns
[3022.240s][info ][safepoint      ] Safepoint "Cleanup", Time since last: 8000514510 ns, Reaching safepoint: 4200 ns, Cleanup: 30800 ns, At safepoint: 2800 ns, Total: 37800 ns
[3022.410s][info ][gc,start       ] GC(290) Pause Young (Allocation Failure)
[3022.435s][debug][gc,phases      ] GC(290) Scavenge 25.288ms
[3022.435s][debug][gc,ref         ] GC(290) Skipped phase 1 of Reference Processing: no references
[3022.436s][debug][gc,ref         ] GC(290) ReferenceProcessor::execute queues: 1, RefProcThreadModel::Single, marks_oops_alive: false
[3022.436s][debug][gc,ref         ] GC(290) Skipped phase 3 of Reference Processing: no references
[3022.436s][debug][gc,ref         ] GC(290) ReferenceProcessor::execute queues: 1, RefProcThreadModel::Single, marks_oops_alive: false
[3022.436s][debug][gc,phases      ] GC(290) Reference Processing 0.095ms
[3022.436s][debug][gc,phases      ] GC(290)   VM Weak                        Min:  0.0, Avg:  0.0, Max:  0.0, Diff:  0.0, Sum:  0.0, Workers: 4
[3022.436s][debug][gc,phases      ] GC(290)     Dead                           Min: 0, Avg:  0.0, Max: 0, Diff: 0, Sum: 0, Workers: 4
[3022.436s][debug][gc,phases      ] GC(290)     Total                          Min: 0, Avg: 146.0, Max: 452, Diff: 452, Sum: 584, Workers: 4
[3022.436s][debug][gc,phases      ] GC(290)   ObjectSynchronizer Weak        Min:  0.0, Avg:  0.0, Max:  0.0, Diff:  0.0, Sum:  0.0, Workers: 4
[3022.436s][debug][gc,phases      ] GC(290)     Dead                           Min: 0, Avg:  0.0, Max: 0, Diff: 0, Sum: 0, Workers: 4
[3022.436s][debug][gc,phases      ] GC(290)     Total                          Min: 0, Avg:  1.2, Max: 5, Diff: 5, Sum: 5, Workers: 4
[3022.436s][debug][gc,phases      ] GC(290)   JVMTI Tag Weak OopStorage      Min:  0.0, Avg:  0.0, Max:  0.0, Diff:  0.0, Sum:  0.0, Workers: 4
[3022.436s][debug][gc,phases      ] GC(290)     Dead                           Min: 0, Avg:  0.0, Max: 0, Diff: 0, Sum: 0, Workers: 4
[3022.436s][debug][gc,phases      ] GC(290)     Total                          Min: 0, Avg:  0.0, Max: 0, Diff: 0, Sum: 0, Workers: 4
[3022.436s][debug][gc,phases      ] GC(290)   StringTable Weak               Min:  0.1, Avg:  0.1, Max:  0.1, Diff:  0.0, Sum:  0.4, Workers: 4
[3022.436s][debug][gc,phases      ] GC(290)     Dead                           Min: 0, Avg:  0.0, Max: 0, Diff: 0, Sum: 0, Workers: 4
[3022.436s][debug][gc,phases      ] GC(290)     Total                          Min: 9984, Avg: 10951.8, Max: 11327, Diff: 1343, Sum: 43807, Workers: 4
[3022.436s][debug][gc,phases      ] GC(290)   ResolvedMethodTable Weak       Min:  0.0, Avg:  0.0, Max:  0.0, Diff:  0.0, Sum:  0.1, Workers: 4
[3022.436s][debug][gc,phases      ] GC(290)     Dead                           Min: 0, Avg:  0.0, Max: 0, Diff: 0, Sum: 0, Workers: 4
[3022.436s][debug][gc,phases      ] GC(290)     Total                          Min: 2365, Avg: 2444.5, Max: 2560, Diff: 195, Sum: 9778, Workers: 4
[3022.436s][debug][gc,phases      ] GC(290)   JNI Weak                       Min:  0.0, Avg:  0.0, Max:  0.0, Diff:  0.0, Sum:  0.0, Workers: 4
[3022.436s][debug][gc,phases      ] GC(290)     Dead                           Min: 0, Avg:  0.0, Max: 0, Diff: 0, Sum: 0, Workers: 4
[3022.436s][debug][gc,phases      ] GC(290)     Total                          Min: 0, Avg: 11.2, Max: 45, Diff: 45, Sum: 45, Workers: 4
[3022.436s][debug][gc,phases      ] GC(290)   StringDedup Table Weak         Min:  0.0, Avg:  0.0, Max:  0.0, Diff:  0.0, Sum:  0.0, Workers: 4
[3022.436s][debug][gc,phases      ] GC(290)     Dead                           Min: 0, Avg:  0.0, Max: 0, Diff: 0, Sum: 0, Workers: 4
[3022.436s][debug][gc,phases      ] GC(290)     Total                          Min: 0, Avg:  0.0, Max: 0, Diff: 0, Sum: 0, Workers: 4
[3022.436s][debug][gc,phases      ] GC(290)   StringDedup Requests0 Weak     Min:  0.0, Avg:  0.0, Max:  0.0, Diff:  0.0, Sum:  0.0, Workers: 4
[3022.436s][debug][gc,phases      ] GC(290)     Dead                           Min: 0, Avg:  0.0, Max: 0, Diff: 0, Sum: 0, Workers: 4
[3022.436s][debug][gc,phases      ] GC(290)     Total                          Min: 0, Avg:  0.0, Max: 0, Diff: 0, Sum: 0, Workers: 4
[3022.436s][debug][gc,phases      ] GC(290)   StringDedup Requests1 Weak     Min:  0.0, Avg:  0.0, Max:  0.0, Diff:  0.0, Sum:  0.0, Workers: 4
[3022.436s][debug][gc,phases      ] GC(290)     Dead                           Min: 0, Avg:  0.0, Max: 0, Diff: 0, Sum: 0, Workers: 4
[3022.436s][debug][gc,phases      ] GC(290)     Total                          Min: 0, Avg:  0.0, Max: 0, Diff: 0, Sum: 0, Workers: 4
[3022.436s][debug][gc,phases      ] GC(290)   Weak JFR Old Object Samples    Min:  0.0, Avg:  0.0, Max:  0.0, Diff:  0.0, Sum:  0.0, Workers: 4
[3022.436s][debug][gc,phases      ] GC(290)     Dead                           Min: 0, Avg:  0.0, Max: 0, Diff: 0, Sum: 0, Workers: 4
[3022.436s][debug][gc,phases      ] GC(290)     Total                          Min: 0, Avg:  0.0, Max: 0, Diff: 0, Sum: 0, Workers: 4
[3022.436s][debug][gc,phases      ] GC(290) Weak Processing 0.305ms
[3022.436s][debug][gc,age         ] GC(290) Desired survivor size 127401984 bytes, new threshold 15 (max threshold 15)
[3022.436s][info ][gc,heap        ] GC(290) PSYoungGen: 1911680K(1970176K)->70160K(1968128K) Eden: 1841152K(1841152K)->0K(1841152K) From: 70528K(129024K)->70160K(126976K)
[3022.436s][info ][gc,heap        ] GC(290) ParOldGen: 370470K(428544K)->370790K(428544K)
[3022.436s][info ][gc,metaspace   ] GC(290) Metaspace: 83382K(84480K)->83382K(84480K) NonClass: 71427K(72064K)->71427K(72064K) Class: 11955K(12416K)->11955K(12416K)
[3022.436s][info ][gc             ] GC(290) Pause Young (Allocation Failure) 2228M->430M(2340M) 25.822ms
[3022.436s][info ][gc,cpu         ] GC(290) User=0.08s Sys=0.00s Real=0.02s
[3022.436s][info ][safepoint      ] Safepoint "ParallelGCFailedAllocation", Time since last: 169815960 ns, Reaching safepoint: 3900 ns, Cleanup: 24300 ns, At safepoint: 25901093 ns, Total: 25929293 ns
[3030.115s][info ][gc,start       ] GC(291) Pause Young (Allocation Failure)
[3030.137s][debug][gc,phases      ] GC(291) Scavenge 21.804ms
[3030.137s][debug][gc,ref         ] GC(291) Skipped phase 1 of Reference Processing: no references
[3030.137s][debug][gc,ref         ] GC(291) ReferenceProcessor::execute queues: 1, RefProcThreadModel::Single, marks_oops_alive: false
[3030.137s][debug][gc,ref         ] GC(291) Skipped phase 3 of Reference Processing: no references
[3030.137s][debug][gc,ref         ] GC(291) ReferenceProcessor::execute queues: 1, RefProcThreadModel::Single, marks_oops_alive: false
[3030.137s][debug][gc,phases      ] GC(291) Reference Processing 0.113ms
[3030.137s][debug][gc,phases      ] GC(291)   VM Weak                        Min:  0.0, Avg:  0.0, Max:  0.0, Diff:  0.0, Sum:  0.0, Workers: 4
[3030.137s][debug][gc,phases      ] GC(291)     Dead                           Min: 0, Avg:  0.0, Max: 0, Diff: 0, Sum: 0, Workers: 4
[3030.137s][debug][gc,phases      ] GC(291)     Total                          Min: 0, Avg: 146.0, Max: 584, Diff: 584, Sum: 584, Workers: 4
[3030.137s][debug][gc,phases      ] GC(291)   ObjectSynchronizer Weak        Min:  0.0, Avg:  0.0, Max:  0.0, Diff:  0.0, Sum:  0.0, Workers: 4
[3030.137s][debug][gc,phases      ] GC(291)     Dead                           Min: 0, Avg:  0.0, Max: 0, Diff: 0, Sum: 0, Workers: 4
[3030.137s][debug][gc,phases      ] GC(291)     Total                          Min: 0, Avg:  1.2, Max: 5, Diff: 5, Sum: 5, Workers: 4
[3030.137s][debug][gc,phases      ] GC(291)   JVMTI Tag Weak OopStorage      Min:  0.0, Avg:  0.0, Max:  0.0, Diff:  0.0, Sum:  0.0, Workers: 4
[3030.137s][debug][gc,phases      ] GC(291)     Dead                           Min: 0, Avg:  0.0, Max: 0, Diff: 0, Sum: 0, Workers: 4
[3030.137s][debug][gc,phases      ] GC(291)     Total                          Min: 0, Avg:  0.0, Max: 0, Diff: 0, Sum: 0, Workers: 4
[3030.137s][debug][gc,phases      ] GC(291)   StringTable Weak               Min:  0.0, Avg:  0.1, Max:  0.1, Diff:  0.1, Sum:  0.4, Workers: 4
[3030.137s][debug][gc,phases      ] GC(291)     Dead                           Min: 0, Avg:  0.0, Max: 0, Diff: 0, Sum: 0, Workers: 4
[3030.137s][debug][gc,phases      ] GC(291)     Total                          Min: 0, Avg: 10951.8, Max: 17567, Diff: 17567, Sum: 43807, Workers: 4
[3030.137s][debug][gc,phases      ] GC(291)   ResolvedMethodTable Weak       Min:  0.0, Avg:  0.0, Max:  0.0, Diff:  0.0, Sum:  0.1, Workers: 4
[3030.137s][debug][gc,phases      ] GC(291)     Dead                           Min: 0, Avg:  0.0, Max: 0, Diff: 0, Sum: 0, Workers: 4
[3030.137s][debug][gc,phases      ] GC(291)     Total                          Min: 0, Avg: 2444.5, Max: 4277, Diff: 4277, Sum: 9778, Workers: 4
[3030.137s][debug][gc,phases      ] GC(291)   JNI Weak                       Min:  0.0, Avg:  0.0, Max:  0.0, Diff:  0.0, Sum:  0.0, Workers: 4
[3030.137s][debug][gc,phases      ] GC(291)     Dead                           Min: 0, Avg:  0.0, Max: 0, Diff: 0, Sum: 0, Workers: 4
[3030.137s][debug][gc,phases      ] GC(291)     Total                          Min: 0, Avg: 11.2, Max: 45, Diff: 45, Sum: 45, Workers: 4
[3030.137s][debug][gc,phases      ] GC(291)   StringDedup Table Weak         Min:  0.0, Avg:  0.0, Max:  0.0, Diff:  0.0, Sum:  0.0, Workers: 4
[3030.137s][debug][gc,phases      ] GC(291)     Dead                           Min: 0, Avg:  0.0, Max: 0, Diff: 0, Sum: 0, Workers: 4
[3030.137s][debug][gc,phases      ] GC(291)     Total                          Min: 0, Avg:  0.0, Max: 0, Diff: 0, Sum: 0, Workers: 4
[3030.137s][debug][gc,phases      ] GC(291)   StringDedup Requests0 Weak     Min:  0.0, Avg:  0.0, Max:  0.0, Diff:  0.0, Sum:  0.0, Workers: 4
[3030.137s][debug][gc,phases      ] GC(291)     Dead                           Min: 0, Avg:  0.0, Max: 0, Diff: 0, Sum: 0, Workers: 4
[3030.137s][debug][gc,phases      ] GC(291)     Total                          Min: 0, Avg:  0.0, Max: 0, Diff: 0, Sum: 0, Workers: 4
[3030.137s][debug][gc,phases      ] GC(291)   StringDedup Requests1 Weak     Min:  0.0, Avg:  0.0, Max:  0.0, Diff:  0.0, Sum:  0.0, Workers: 4
[3030.137s][debug][gc,phases      ] GC(291)     Dead                           Min: 0, Avg:  0.0, Max: 0, Diff: 0, Sum: 0, Workers: 4
[3030.137s][debug][gc,phases      ] GC(291)     Total                          Min: 0, Avg:  0.0, Max: 0, Diff: 0, Sum: 0, Workers: 4
[3030.137s][debug][gc,phases      ] GC(291)   Weak JFR Old Object Samples    Min:  0.0, Avg:  0.0, Max:  0.0, Diff:  0.0, Sum:  0.0, Workers: 4
[3030.137s][debug][gc,phases      ] GC(291)     Dead                           Min: 0, Avg:  0.0, Max: 0, Diff: 0, Sum: 0, Workers: 4
[3030.137s][debug][gc,phases      ] GC(291)     Total                          Min: 0, Avg:  0.0, Max: 0, Diff: 0, Sum: 0, Workers: 4
[3030.137s][debug][gc,phases      ] GC(291) Weak Processing 0.345ms
[3030.137s][debug][gc,age         ] GC(291) Desired survivor size 124780544 bytes, new threshold 15 (max threshold 15)
[3030.137s][info ][gc,heap        ] GC(291) PSYoungGen: 1911312K(1968128K)->70080K(1975296K) Eden: 1841152K(1841152K)->0K(1850880K) From: 70160K(126976K)->70080K(124416K)
[3030.137s][info ][gc,heap        ] GC(291) ParOldGen: 370790K(428544K)->370822K(428544K)
[3030.137s][info ][gc,metaspace   ] GC(291) Metaspace: 83382K(84480K)->83382K(84480K) NonClass: 71427K(72064K)->71427K(72064K) Class: 11955K(12416K)->11955K(12416K)
[3030.137s][info ][gc             ] GC(291) Pause Young (Allocation Failure) 2228M->430M(2347M) 22.374ms
[3030.137s][info ][gc,cpu         ] GC(291) User=0.08s Sys=0.00s Real=0.02s
[3030.137s][info ][safepoint      ] Safepoint "ParallelGCFailedAllocation", Time since last: 7678939836 ns, Reaching safepoint: 4600 ns, Cleanup: 27000 ns, At safepoint: 22443894 ns, Total: 22475494 ns
[3037.815s][info ][gc,start       ] GC(292) Pause Young (Allocation Failure)
[3037.837s][debug][gc,phases      ] GC(292) Scavenge 21.932ms
[3037.837s][debug][gc,ref         ] GC(292) Skipped phase 1 of Reference Processing: no references
[3037.837s][debug][gc,ref         ] GC(292) ReferenceProcessor::execute queues: 1, RefProcThreadModel::Single, marks_oops_alive: false
[3037.837s][debug][gc,ref         ] GC(292) Skipped phase 3 of Reference Processing: no references
[3037.837s][debug][gc,ref         ] GC(292) ReferenceProcessor::execute queues: 1, RefProcThreadModel::Single, marks_oops_alive: false
[3037.837s][debug][gc,phases      ] GC(292) Reference Processing 0.093ms
[3037.838s][debug][gc,phases      ] GC(292)   VM Weak                        Min:  0.0, Avg:  0.0, Max:  0.0, Diff:  0.0, Sum:  0.0, Workers: 4
[3037.838s][debug][gc,phases      ] GC(292)     Dead                           Min: 0, Avg:  0.0, Max: 0, Diff: 0, Sum: 0, Workers: 4
[3037.838s][debug][gc,phases      ] GC(292)     Total                          Min: 0, Avg: 146.0, Max: 584, Diff: 584, Sum: 584, Workers: 4
[3037.838s][debug][gc,phases      ] GC(292)   ObjectSynchronizer Weak        Min:  0.0, Avg:  0.0, Max:  0.0, Diff:  0.0, Sum:  0.0, Workers: 4
[3037.838s][debug][gc,phases      ] GC(292)     Dead                           Min: 0, Avg:  0.0, Max: 0, Diff: 0, Sum: 0, Workers: 4
[3037.838s][debug][gc,phases      ] GC(292)     Total                          Min: 0, Avg:  1.2, Max: 5, Diff: 5, Sum: 5, Workers: 4
[3037.838s][debug][gc,phases      ] GC(292)   JVMTI Tag Weak OopStorage      Min:  0.0, Avg:  0.0, Max:  0.0, Diff:  0.0, Sum:  0.0, Workers: 4
[3037.838s][debug][gc,phases      ] GC(292)     Dead                           Min: 0, Avg:  0.0, Max: 0, Diff: 0, Sum: 0, Workers: 4
[3037.838s][debug][gc,phases      ] GC(292)     Total                          Min: 0, Avg:  0.0, Max: 0, Diff: 0, Sum: 0, Workers: 4
[3037.838s][debug][gc,phases      ] GC(292)   StringTable Weak               Min:  0.0, Avg:  0.1, Max:  0.1, Diff:  0.1, Sum:  0.3, Workers: 4
[3037.838s][debug][gc,phases      ] GC(292)     Dead                           Min: 0, Avg:  0.0, Max: 0, Diff: 0, Sum: 0, Workers: 4
[3037.838s][debug][gc,phases      ] GC(292)     Total                          Min: 0, Avg: 10951.8, Max: 18016, Diff: 18016, Sum: 43807, Workers: 4
[3037.838s][debug][gc,phases      ] GC(292)   ResolvedMethodTable Weak       Min:  0.0, Avg:  0.0, Max:  0.0, Diff:  0.0, Sum:  0.1, Workers: 4
[3037.838s][debug][gc,phases      ] GC(292)     Dead                           Min: 0, Avg:  0.0, Max: 0, Diff: 0, Sum: 0, Workers: 4
[3037.838s][debug][gc,phases      ] GC(292)     Total                          Min: 0, Avg: 2444.5, Max: 3840, Diff: 3840, Sum: 9778, Workers: 4
[3037.838s][debug][gc,phases      ] GC(292)   JNI Weak                       Min:  0.0, Avg:  0.0, Max:  0.0, Diff:  0.0, Sum:  0.0, Workers: 4
[3037.838s][debug][gc,phases      ] GC(292)     Dead                           Min: 0, Avg:  0.0, Max: 0, Diff: 0, Sum: 0, Workers: 4
[3037.838s][debug][gc,phases      ] GC(292)     Total                          Min: 0, Avg: 11.2, Max: 45, Diff: 45, Sum: 45, Workers: 4
[3037.838s][debug][gc,phases      ] GC(292)   StringDedup Table Weak         Min:  0.0, Avg:  0.0, Max:  0.0, Diff:  0.0, Sum:  0.0, Workers: 4
[3037.838s][debug][gc,phases      ] GC(292)     Dead                           Min: 0, Avg:  0.0, Max: 0, Diff: 0, Sum: 0, Workers: 4
[3037.838s][debug][gc,phases      ] GC(292)     Total                          Min: 0, Avg:  0.0, Max: 0, Diff: 0, Sum: 0, Workers: 4
[3037.838s][debug][gc,phases      ] GC(292)   StringDedup Requests0 Weak     Min:  0.0, Avg:  0.0, Max:  0.0, Diff:  0.0, Sum:  0.0, Workers: 4
[3037.838s][debug][gc,phases      ] GC(292)     Dead                           Min: 0, Avg:  0.0, Max: 0, Diff: 0, Sum: 0, Workers: 4
[3037.838s][debug][gc,phases      ] GC(292)     Total                          Min: 0, Avg:  0.0, Max: 0, Diff: 0, Sum: 0, Workers: 4
[3037.838s][debug][gc,phases      ] GC(292)   StringDedup Requests1 Weak     Min:  0.0, Avg:  0.0, Max:  0.0, Diff:  0.0, Sum:  0.0, Workers: 4
[3037.838s][debug][gc,phases      ] GC(292)     Dead                           Min: 0, Avg:  0.0, Max: 0, Diff: 0, Sum: 0, Workers: 4
[3037.838s][debug][gc,phases      ] GC(292)     Total                          Min: 0, Avg:  0.0, Max: 0, Diff: 0, Sum: 0, Workers: 4
[3037.838s][debug][gc,phases      ] GC(292)   Weak JFR Old Object Samples    Min:  0.0, Avg:  0.0, Max:  0.0, Diff:  0.0, Sum:  0.0, Workers: 4
[3037.838s][debug][gc,phases      ] GC(292)     Dead                           Min: 0, Avg:  0.0, Max: 0, Diff: 0, Sum: 0, Workers: 4
[3037.838s][debug][gc,phases      ] GC(292)     Total                          Min: 0, Avg:  0.0, Max: 0, Diff: 0, Sum: 0, Workers: 4
[3037.838s][debug][gc,phases      ] GC(292) Weak Processing 0.315ms
[3037.838s][debug][gc,age         ] GC(292) Desired survivor size 122159104 bytes, new threshold 15 (max threshold 15)
[3037.838s][info ][gc,heap        ] GC(292) PSYoungGen: 1920960K(1975296K)->70080K(1972736K) Eden: 1850880K(1850880K)->0K(1850880K) From: 70080K(124416K)->70080K(121856K)
[3037.838s][info ][gc,heap        ] GC(292) ParOldGen: 370822K(428544K)->370870K(428544K)
[3037.838s][info ][gc,metaspace   ] GC(292) Metaspace: 83409K(84480K)->83409K(84480K) NonClass: 71453K(72064K)->71453K(72064K) Class: 11955K(12416K)->11955K(12416K)
[3037.838s][info ][gc             ] GC(292) Pause Young (Allocation Failure) 2238M->430M(2345M) 22.464ms
[3037.838s][info ][gc,cpu         ] GC(292) User=0.08s Sys=0.00s Real=0.02s
[3037.838s][info ][safepoint      ] Safepoint "ParallelGCFailedAllocation", Time since last: 7677806712 ns, Reaching safepoint: 3900 ns, Cleanup: 33400 ns, At safepoint: 22535998 ns, Total: 22573298 ns
[3045.512s][info ][gc,start       ] GC(293) Pause Young (Allocation Failure)
[3045.536s][debug][gc,phases      ] GC(293) Scavenge 24.278ms
[3045.536s][debug][gc,ref         ] GC(293) Skipped phase 1 of Reference Processing: no references
[3045.536s][debug][gc,ref         ] GC(293) ReferenceProcessor::execute queues: 1, RefProcThreadModel::Single, marks_oops_alive: false
[3045.536s][debug][gc,ref         ] GC(293) Skipped phase 3 of Reference Processing: no references
[3045.536s][debug][gc,ref         ] GC(293) ReferenceProcessor::execute queues: 1, RefProcThreadModel::Single, marks_oops_alive: false
[3045.536s][debug][gc,phases      ] GC(293) Reference Processing 0.104ms
[3045.537s][debug][gc,phases      ] GC(293)   VM Weak                        Min:  0.0, Avg:  0.0, Max:  0.0, Diff:  0.0, Sum:  0.0, Workers: 4
[3045.537s][debug][gc,phases      ] GC(293)     Dead                           Min: 0, Avg:  0.0, Max: 0, Diff: 0, Sum: 0, Workers: 4
[3045.537s][debug][gc,phases      ] GC(293)     Total                          Min: 0, Avg: 146.0, Max: 467, Diff: 467, Sum: 584, Workers: 4
[3045.537s][debug][gc,phases      ] GC(293)   ObjectSynchronizer Weak        Min:  0.0, Avg:  0.0, Max:  0.0, Diff:  0.0, Sum:  0.0, Workers: 4
[3045.537s][debug][gc,phases      ] GC(293)     Dead                           Min: 0, Avg:  0.0, Max: 0, Diff: 0, Sum: 0, Workers: 4
[3045.537s][debug][gc,phases      ] GC(293)     Total                          Min: 0, Avg:  1.2, Max: 5, Diff: 5, Sum: 5, Workers: 4
[3045.537s][debug][gc,phases      ] GC(293)   JVMTI Tag Weak OopStorage      Min:  0.0, Avg:  0.0, Max:  0.0, Diff:  0.0, Sum:  0.0, Workers: 4
[3045.537s][debug][gc,phases      ] GC(293)     Dead                           Min: 0, Avg:  0.0, Max: 0, Diff: 0, Sum: 0, Workers: 4
[3045.537s][debug][gc,phases      ] GC(293)     Total                          Min: 0, Avg:  0.0, Max: 0, Diff: 0, Sum: 0, Workers: 4
[3045.537s][debug][gc,phases      ] GC(293)   StringTable Weak               Min:  0.0, Avg:  0.1, Max:  0.3, Diff:  0.3, Sum:  0.6, Workers: 4
[3045.537s][debug][gc,phases      ] GC(293)     Dead                           Min: 0, Avg:  0.0, Max: 0, Diff: 0, Sum: 0, Workers: 4
[3045.537s][debug][gc,phases      ] GC(293)     Total                          Min: 0, Avg: 10951.8, Max: 16287, Diff: 16287, Sum: 43807, Workers: 4
[3045.537s][debug][gc,phases      ] GC(293)   ResolvedMethodTable Weak       Min:  0.0, Avg:  0.2, Max:  0.7, Diff:  0.7, Sum:  0.8, Workers: 4
[3045.537s][debug][gc,phases      ] GC(293)     Dead                           Min: 0, Avg:  0.0, Max: 0, Diff: 0, Sum: 0, Workers: 4
[3045.537s][debug][gc,phases      ] GC(293)     Total                          Min: 0, Avg: 2444.5, Max: 7858, Diff: 7858, Sum: 9778, Workers: 4
[3045.537s][debug][gc,phases      ] GC(293)   JNI Weak                       Min:  0.0, Avg:  0.0, Max:  0.0, Diff:  0.0, Sum:  0.0, Workers: 4
[3045.537s][debug][gc,phases      ] GC(293)     Dead                           Min: 0, Avg:  0.0, Max: 0, Diff: 0, Sum: 0, Workers: 4
[3045.537s][debug][gc,phases      ] GC(293)     Total                          Min: 0, Avg: 11.2, Max: 45, Diff: 45, Sum: 45, Workers: 4
[3045.537s][debug][gc,phases      ] GC(293)   StringDedup Table Weak         Min:  0.0, Avg:  0.0, Max:  0.0, Diff:  0.0, Sum:  0.0, Workers: 4
[3045.537s][debug][gc,phases      ] GC(293)     Dead                           Min: 0, Avg:  0.0, Max: 0, Diff: 0, Sum: 0, Workers: 4
[3045.537s][debug][gc,phases      ] GC(293)     Total                          Min: 0, Avg:  0.0, Max: 0, Diff: 0, Sum: 0, Workers: 4
[3045.537s][debug][gc,phases      ] GC(293)   StringDedup Requests0 Weak     Min:  0.0, Avg:  0.0, Max:  0.0, Diff:  0.0, Sum:  0.0, Workers: 4
[3045.537s][debug][gc,phases      ] GC(293)     Dead                           Min: 0, Avg:  0.0, Max: 0, Diff: 0, Sum: 0, Workers: 4
[3045.537s][debug][gc,phases      ] GC(293)     Total                          Min: 0, Avg:  0.0, Max: 0, Diff: 0, Sum: 0, Workers: 4
[3045.537s][debug][gc,phases      ] GC(293)   StringDedup Requests1 Weak     Min:  0.0, Avg:  0.0, Max:  0.0, Diff:  0.0, Sum:  0.0, Workers: 4
[3045.537s][debug][gc,phases      ] GC(293)     Dead                           Min: 0, Avg:  0.0, Max: 0, Diff: 0, Sum: 0, Workers: 4
[3045.537s][debug][gc,phases      ] GC(293)     Total                          Min: 0, Avg:  0.0, Max: 0, Diff: 0, Sum: 0, Workers: 4
[3045.537s][debug][gc,phases      ] GC(293)   Weak JFR Old Object Samples    Min:  0.0, Avg:  0.0, Max:  0.0, Diff:  0.0, Sum:  0.0, Workers: 4
[3045.537s][debug][gc,phases      ] GC(293)     Dead                           Min: 0, Avg:  0.0, Max: 0, Diff: 0, Sum: 0, Workers: 4
[3045.537s][debug][gc,phases      ] GC(293)     Total                          Min: 0, Avg:  0.0, Max: 0, Diff: 0, Sum: 0, Workers: 4
[3045.537s][debug][gc,phases      ] GC(293) Weak Processing 1.014ms
[3045.537s][debug][gc,age         ] GC(293) Desired survivor size 119537664 bytes, new threshold 15 (max threshold 15)
[3045.537s][info ][gc,heap        ] GC(293) PSYoungGen: 1920960K(1972736K)->70160K(1980416K) Eden: 1850880K(1850880K)->0K(1861120K) From: 70080K(121856K)->70160K(119296K)
[3045.537s][info ][gc,heap        ] GC(293) ParOldGen: 370870K(428544K)->370902K(428544K)
[3045.537s][info ][gc,metaspace   ] GC(293) Metaspace: 83409K(84480K)->83409K(84480K) NonClass: 71453K(72064K)->71453K(72064K) Class: 11955K(12416K)->11955K(12416K)
[3045.537s][info ][gc             ] GC(293) Pause Young (Allocation Failure) 2238M->430M(2352M) 25.510ms
[3045.537s][info ][gc,cpu         ] GC(293) User=0.08s Sys=0.00s Real=0.02s
[3045.537s][info ][safepoint      ] Safepoint "ParallelGCFailedAllocation", Time since last: 7673924799 ns, Reaching safepoint: 4100 ns, Cleanup: 26900 ns, At safepoint: 25607498 ns, Total: 25638498 ns
[3053.316s][info ][gc,start       ] GC(294) Pause Young (Allocation Failure)
[3053.356s][debug][gc,phases      ] GC(294) Scavenge 40.612ms
[3053.356s][debug][gc,ref         ] GC(294) Skipped phase 1 of Reference Processing: no references
[3053.356s][debug][gc,ref         ] GC(294) Skipped phase 2 of Reference Processing: no references
[3053.356s][debug][gc,ref         ] GC(294) Skipped phase 3 of Reference Processing: no references
[3053.356s][debug][gc,ref         ] GC(294) ReferenceProcessor::execute queues: 1, RefProcThreadModel::Single, marks_oops_alive: false
[3053.356s][debug][gc,phases      ] GC(294) Reference Processing 0.096ms
[3053.357s][debug][gc,phases      ] GC(294)   VM Weak                        Min:  0.0, Avg:  0.0, Max:  0.0, Diff:  0.0, Sum:  0.0, Workers: 4
[3053.357s][debug][gc,phases      ] GC(294)     Dead                           Min: 0, Avg:  0.0, Max: 0, Diff: 0, Sum: 0, Workers: 4
[3053.357s][debug][gc,phases      ] GC(294)     Total                          Min: 0, Avg: 146.0, Max: 584, Diff: 584, Sum: 584, Workers: 4
[3053.357s][debug][gc,phases      ] GC(294)   ObjectSynchronizer Weak        Min:  0.0, Avg:  0.0, Max:  0.0, Diff:  0.0, Sum:  0.0, Workers: 4
[3053.357s][debug][gc,phases      ] GC(294)     Dead                           Min: 0, Avg:  0.0, Max: 0, Diff: 0, Sum: 0, Workers: 4
[3053.357s][debug][gc,phases      ] GC(294)     Total                          Min: 0, Avg:  1.2, Max: 5, Diff: 5, Sum: 5, Workers: 4
[3053.357s][debug][gc,phases      ] GC(294)   JVMTI Tag Weak OopStorage      Min:  0.0, Avg:  0.0, Max:  0.0, Diff:  0.0, Sum:  0.0, Workers: 4
[3053.357s][debug][gc,phases      ] GC(294)     Dead                           Min: 0, Avg:  0.0, Max: 0, Diff: 0, Sum: 0, Workers: 4
[3053.357s][debug][gc,phases      ] GC(294)     Total                          Min: 0, Avg:  0.0, Max: 0, Diff: 0, Sum: 0, Workers: 4
[3053.357s][debug][gc,phases      ] GC(294)   StringTable Weak               Min:  0.0, Avg:  0.1, Max:  0.1, Diff:  0.1, Sum:  0.3, Workers: 4
[3053.357s][debug][gc,phases      ] GC(294)     Dead                           Min: 0, Avg:  0.0, Max: 0, Diff: 0, Sum: 0, Workers: 4
[3053.357s][debug][gc,phases      ] GC(294)     Total                          Min: 0, Avg: 10951.8, Max: 17727, Diff: 17727, Sum: 43807, Workers: 4
[3053.357s][debug][gc,phases      ] GC(294)   ResolvedMethodTable Weak       Min:  0.0, Avg:  0.0, Max:  0.0, Diff:  0.0, Sum:  0.1, Workers: 4
[3053.357s][debug][gc,phases      ] GC(294)     Dead                           Min: 0, Avg:  0.0, Max: 0, Diff: 0, Sum: 0, Workers: 4
[3053.357s][debug][gc,phases      ] GC(294)     Total                          Min: 0, Avg: 2444.5, Max: 4213, Diff: 4213, Sum: 9778, Workers: 4
[3053.357s][debug][gc,phases      ] GC(294)   JNI Weak                       Min:  0.0, Avg:  0.0, Max:  0.0, Diff:  0.0, Sum:  0.0, Workers: 4
[3053.357s][debug][gc,phases      ] GC(294)     Dead                           Min: 0, Avg:  0.0, Max: 0, Diff: 0, Sum: 0, Workers: 4
[3053.357s][debug][gc,phases      ] GC(294)     Total                          Min: 0, Avg: 11.2, Max: 45, Diff: 45, Sum: 45, Workers: 4
[3053.357s][debug][gc,phases      ] GC(294)   StringDedup Table Weak         Min:  0.0, Avg:  0.0, Max:  0.0, Diff:  0.0, Sum:  0.0, Workers: 4
[3053.357s][debug][gc,phases      ] GC(294)     Dead                           Min: 0, Avg:  0.0, Max: 0, Diff: 0, Sum: 0, Workers: 4
[3053.357s][debug][gc,phases      ] GC(294)     Total                          Min: 0, Avg:  0.0, Max: 0, Diff: 0, Sum: 0, Workers: 4
[3053.357s][debug][gc,phases      ] GC(294)   StringDedup Requests0 Weak     Min:  0.0, Avg:  0.0, Max:  0.0, Diff:  0.0, Sum:  0.0, Workers: 4
[3053.357s][debug][gc,phases      ] GC(294)     Dead                           Min: 0, Avg:  0.0, Max: 0, Diff: 0, Sum: 0, Workers: 4
[3053.357s][debug][gc,phases      ] GC(294)     Total                          Min: 0, Avg:  0.0, Max: 0, Diff: 0, Sum: 0, Workers: 4
[3053.357s][debug][gc,phases      ] GC(294)   StringDedup Requests1 Weak     Min:  0.0, Avg:  0.0, Max:  0.0, Diff:  0.0, Sum:  0.0, Workers: 4
[3053.357s][debug][gc,phases      ] GC(294)     Dead                           Min: 0, Avg:  0.0, Max: 0, Diff: 0, Sum: 0, Workers: 4
[3053.357s][debug][gc,phases      ] GC(294)     Total                          Min: 0, Avg:  0.0, Max: 0, Diff: 0, Sum: 0, Workers: 4
[3053.357s][debug][gc,phases      ] GC(294)   Weak JFR Old Object Samples    Min:  0.0, Avg:  0.0, Max:  0.0, Diff:  0.0, Sum:  0.0, Workers: 4
[3053.357s][debug][gc,phases      ] GC(294)     Dead                           Min: 0, Avg:  0.0, Max: 0, Diff: 0, Sum: 0, Workers: 4
[3053.357s][debug][gc,phases      ] GC(294)     Total                          Min: 0, Avg:  0.0, Max: 0, Diff: 0, Sum: 0, Workers: 4
[3053.357s][debug][gc,phases      ] GC(294) Weak Processing 0.326ms
[3053.357s][debug][gc,age         ] GC(294) Desired survivor size 124780544 bytes, new threshold 15 (max threshold 15)
[3053.357s][info ][gc,heap        ] GC(294) PSYoungGen: 1931280K(1980416K)->1888K(1863168K) Eden: 1861120K(1861120K)->0K(1861120K) From: 70160K(119296K)->1888K(2048K)
[3053.357s][info ][gc,heap        ] GC(294) ParOldGen: 370902K(428544K)->442370K(442880K)
[3053.357s][info ][gc,metaspace   ] GC(294) Metaspace: 83409K(84480K)->83409K(84480K) NonClass: 71453K(72064K)->71453K(72064K) Class: 11955K(12416K)->11955K(12416K)
[3053.357s][info ][gc             ] GC(294) Pause Young (Allocation Failure) 2248M->433M(2252M) 41.145ms
[3053.357s][info ][gc,cpu         ] GC(294) User=0.10s Sys=0.04s Real=0.04s
[3053.357s][debug][gc,phases      ] GC(295) Pre Compact 0.008ms
[3053.357s][info ][gc,start       ] GC(295) Pause Full (Ergonomics)
[3053.357s][info ][gc,phases,start] GC(295) Marking Phase
[3053.476s][debug][gc,phases      ] GC(295) Par Mark 119.063ms
[3053.476s][debug][gc,ref         ] GC(295) ReferenceProcessor::execute queues: 4, RefProcThreadModel::Multi, marks_oops_alive: true
[3053.481s][debug][gc,ref         ] GC(295) ReferenceProcessor::execute queues: 4, RefProcThreadModel::Multi, marks_oops_alive: false
[3053.482s][debug][gc,ref         ] GC(295) Skipped phase 3 of Reference Processing: no references
[3053.482s][debug][gc,ref         ] GC(295) ReferenceProcessor::execute queues: 1, RefProcThreadModel::Single, marks_oops_alive: false
[3053.482s][debug][gc,phases      ] GC(295) Reference Processing 5.897ms
[3053.482s][debug][gc,phases      ] GC(295)   VM Weak                        Min:  0.0, Avg:  0.0, Max:  0.0, Diff:  0.0, Sum:  0.0, Workers: 4
[3053.482s][debug][gc,phases      ] GC(295)     Dead                           Min: 0, Avg:  0.0, Max: 0, Diff: 0, Sum: 0, Workers: 4
[3053.482s][debug][gc,phases      ] GC(295)     Total                          Min: 0, Avg: 146.0, Max: 298, Diff: 298, Sum: 584, Workers: 4
[3053.482s][debug][gc,phases      ] GC(295)   ObjectSynchronizer Weak        Min:  0.0, Avg:  0.0, Max:  0.0, Diff:  0.0, Sum:  0.0, Workers: 4
[3053.482s][debug][gc,phases      ] GC(295)     Dead                           Min: 0, Avg:  0.0, Max: 0, Diff: 0, Sum: 0, Workers: 4
[3053.482s][debug][gc,phases      ] GC(295)     Total                          Min: 0, Avg:  1.2, Max: 5, Diff: 5, Sum: 5, Workers: 4
[3053.482s][debug][gc,phases      ] GC(295)   JVMTI Tag Weak OopStorage      Min:  0.0, Avg:  0.0, Max:  0.0, Diff:  0.0, Sum:  0.0, Workers: 4
[3053.482s][debug][gc,phases      ] GC(295)     Dead                           Min: 0, Avg:  0.0, Max: 0, Diff: 0, Sum: 0, Workers: 4
[3053.482s][debug][gc,phases      ] GC(295)     Total                          Min: 0, Avg:  0.0, Max: 0, Diff: 0, Sum: 0, Workers: 4
[3053.482s][debug][gc,phases      ] GC(295)   StringTable Weak               Min:  0.0, Avg:  0.1, Max:  0.2, Diff:  0.2, Sum:  0.6, Workers: 4
[3053.482s][debug][gc,phases      ] GC(295)     Dead                           Min: 0, Avg:  0.0, Max: 0, Diff: 0, Sum: 0, Workers: 4
[3053.482s][debug][gc,phases      ] GC(295)     Total                          Min: 0, Avg: 10951.8, Max: 15711, Diff: 15711, Sum: 43807, Workers: 4
[3053.482s][debug][gc,phases      ] GC(295)   ResolvedMethodTable Weak       Min:  0.0, Avg:  0.0, Max:  0.0, Diff:  0.0, Sum:  0.1, Workers: 4
[3053.482s][debug][gc,phases      ] GC(295)     Dead                           Min: 0, Avg:  0.2, Max: 1, Diff: 1, Sum: 1, Workers: 4
[3053.482s][debug][gc,phases      ] GC(295)     Total                          Min: 0, Avg: 2444.5, Max: 3776, Diff: 3776, Sum: 9778, Workers: 4
[3053.482s][debug][gc,phases      ] GC(295)   JNI Weak                       Min:  0.0, Avg:  0.0, Max:  0.0, Diff:  0.0, Sum:  0.0, Workers: 4
[3053.482s][debug][gc,phases      ] GC(295)     Dead                           Min: 0, Avg:  0.0, Max: 0, Diff: 0, Sum: 0, Workers: 4
[3053.482s][debug][gc,phases      ] GC(295)     Total                          Min: 0, Avg: 11.2, Max: 45, Diff: 45, Sum: 45, Workers: 4
[3053.482s][debug][gc,phases      ] GC(295)   StringDedup Table Weak         Min:  0.0, Avg:  0.0, Max:  0.0, Diff:  0.0, Sum:  0.0, Workers: 4
[3053.482s][debug][gc,phases      ] GC(295)     Dead                           Min: 0, Avg:  0.0, Max: 0, Diff: 0, Sum: 0, Workers: 4
[3053.482s][debug][gc,phases      ] GC(295)     Total                          Min: 0, Avg:  0.0, Max: 0, Diff: 0, Sum: 0, Workers: 4
[3053.482s][debug][gc,phases      ] GC(295)   StringDedup Requests0 Weak     Min:  0.0, Avg:  0.0, Max:  0.0, Diff:  0.0, Sum:  0.0, Workers: 4
[3053.482s][debug][gc,phases      ] GC(295)     Dead                           Min: 0, Avg:  0.0, Max: 0, Diff: 0, Sum: 0, Workers: 4
[3053.482s][debug][gc,phases      ] GC(295)     Total                          Min: 0, Avg:  0.0, Max: 0, Diff: 0, Sum: 0, Workers: 4
[3053.482s][debug][gc,phases      ] GC(295)   StringDedup Requests1 Weak     Min:  0.0, Avg:  0.0, Max:  0.0, Diff:  0.0, Sum:  0.0, Workers: 4
[3053.482s][debug][gc,phases      ] GC(295)     Dead                           Min: 0, Avg:  0.0, Max: 0, Diff: 0, Sum: 0, Workers: 4
[3053.482s][debug][gc,phases      ] GC(295)     Total                          Min: 0, Avg:  0.0, Max: 0, Diff: 0, Sum: 0, Workers: 4
[3053.482s][debug][gc,phases      ] GC(295)   Weak JFR Old Object Samples    Min:  0.0, Avg:  0.0, Max:  0.0, Diff:  0.0, Sum:  0.0, Workers: 4
[3053.482s][debug][gc,phases      ] GC(295)     Dead                           Min: 0, Avg:  0.0, Max: 0, Diff: 0, Sum: 0, Workers: 4
[3053.482s][debug][gc,phases      ] GC(295)     Total                          Min: 0, Avg:  0.0, Max: 0, Diff: 0, Sum: 0, Workers: 4
[3053.482s][debug][gc,phases      ] GC(295) Weak Processing 0.380ms
[3053.482s][debug][gc,phases      ] GC(295) ClassLoaderData 0.059ms
[3053.482s][debug][gc,phases      ] GC(295) Trigger cleanups 0.000ms
[3053.501s][debug][gc,phases      ] GC(295) Class Unloading 18.678ms
[3053.501s][debug][gc,phases      ] GC(295) Report Object Count 0.002ms
[3053.501s][info ][gc,phases      ] GC(295) Marking Phase 144.160ms
[3053.501s][info ][gc,phases,start] GC(295) Summary Phase
[3053.501s][info ][gc,phases      ] GC(295) Summary Phase 0.014ms
[3053.501s][info ][gc,phases,start] GC(295) Adjust Roots
[3053.514s][info ][gc,phases      ] GC(295) Adjust Roots 12.708ms
[3053.514s][info ][gc,phases,start] GC(295) Compaction Phase
[3053.632s][info ][gc,phases      ] GC(295) Compaction Phase 117.998ms
[3053.632s][info ][gc,phases,start] GC(295) Post Compact
[3053.633s][info ][gc,phases      ] GC(295) Post Compact 0.762ms
[3053.633s][info ][gc,heap        ] GC(295) PSYoungGen: 1888K(1863168K)->0K(1975296K) Eden: 0K(1861120K)->0K(1853440K) From: 1888K(2048K)->0K(121856K)
[3053.633s][info ][gc,heap        ] GC(295) ParOldGen: 442370K(442880K)->335776K(395776K)
[3053.633s][info ][gc,metaspace   ] GC(295) Metaspace: 83409K(84480K)->83409K(84480K) NonClass: 71453K(72064K)->71453K(72064K) Class: 11955K(12416K)->11955K(12416K)
[3053.633s][info ][gc             ] GC(295) Pause Full (Ergonomics) 433M->327M(2315M) 276.661ms
[3053.634s][info ][gc,cpu         ] GC(295) User=0.83s Sys=0.00s Real=0.28s
[3053.634s][info ][safepoint      ] Safepoint "ParallelGCFailedAllocation", Time since last: 7778257477 ns, Reaching safepoint: 4700 ns, Cleanup: 24300 ns, At safepoint: 317939528 ns, Total: 317968528 ns
[3061.564s][info ][gc,start       ] GC(296) Pause Young (Allocation Failure)
[3061.566s][debug][gc,phases      ] GC(296) Scavenge 1.774ms
[3061.566s][debug][gc,ref         ] GC(296) Skipped phase 1 of Reference Processing: no references
[3061.566s][debug][gc,ref         ] GC(296) Skipped phase 2 of Reference Processing: no references
[3061.566s][debug][gc,ref         ] GC(296) Skipped phase 3 of Reference Processing: no references
[3061.566s][debug][gc,ref         ] GC(296) Skipped phase 4 of Reference Processing: no references
[3061.566s][debug][gc,phases      ] GC(296) Reference Processing 0.020ms
[3061.566s][debug][gc,phases      ] GC(296)   VM Weak                        Min:  0.0, Avg:  0.0, Max:  0.0, Diff:  0.0, Sum:  0.0, Workers: 4
[3061.566s][debug][gc,phases      ] GC(296)     Dead                           Min: 0, Avg:  0.0, Max: 0, Diff: 0, Sum: 0, Workers: 4
[3061.566s][debug][gc,phases      ] GC(296)     Total                          Min: 0, Avg: 146.0, Max: 397, Diff: 397, Sum: 584, Workers: 4
[3061.566s][debug][gc,phases      ] GC(296)   ObjectSynchronizer Weak        Min:  0.0, Avg:  0.0, Max:  0.0, Diff:  0.0, Sum:  0.0, Workers: 4
[3061.566s][debug][gc,phases      ] GC(296)     Dead                           Min: 0, Avg:  0.0, Max: 0, Diff: 0, Sum: 0, Workers: 4
[3061.566s][debug][gc,phases      ] GC(296)     Total                          Min: 0, Avg:  1.2, Max: 5, Diff: 5, Sum: 5, Workers: 4
[3061.566s][debug][gc,phases      ] GC(296)   JVMTI Tag Weak OopStorage      Min:  0.0, Avg:  0.0, Max:  0.0, Diff:  0.0, Sum:  0.0, Workers: 4
[3061.566s][debug][gc,phases      ] GC(296)     Dead                           Min: 0, Avg:  0.0, Max: 0, Diff: 0, Sum: 0, Workers: 4
[3061.566s][debug][gc,phases      ] GC(296)     Total                          Min: 0, Avg:  0.0, Max: 0, Diff: 0, Sum: 0, Workers: 4
[3061.566s][debug][gc,phases      ] GC(296)   StringTable Weak               Min:  0.0, Avg:  0.1, Max:  0.1, Diff:  0.1, Sum:  0.4, Workers: 4
[3061.566s][debug][gc,phases      ] GC(296)     Dead                           Min: 0, Avg:  0.0, Max: 0, Diff: 0, Sum: 0, Workers: 4
[3061.566s][debug][gc,phases      ] GC(296)     Total                          Min: 0, Avg: 10951.8, Max: 15360, Diff: 15360, Sum: 43807, Workers: 4
[3061.566s][debug][gc,phases      ] GC(296)   ResolvedMethodTable Weak       Min:  0.0, Avg:  0.0, Max:  0.0, Diff:  0.0, Sum:  0.1, Workers: 4
[3061.566s][debug][gc,phases      ] GC(296)     Dead                           Min: 0, Avg:  0.0, Max: 0, Diff: 0, Sum: 0, Workers: 4
[3061.566s][debug][gc,phases      ] GC(296)     Total                          Min: 0, Avg: 2444.5, Max: 3453, Diff: 3453, Sum: 9778, Workers: 4
[3061.566s][debug][gc,phases      ] GC(296)   JNI Weak                       Min:  0.0, Avg:  0.0, Max:  0.0, Diff:  0.0, Sum:  0.0, Workers: 4
[3061.566s][debug][gc,phases      ] GC(296)     Dead                           Min: 0, Avg:  0.0, Max: 0, Diff: 0, Sum: 0, Workers: 4
[3061.566s][debug][gc,phases      ] GC(296)     Total                          Min: 0, Avg: 11.2, Max: 45, Diff: 45, Sum: 45, Workers: 4
[3061.566s][debug][gc,phases      ] GC(296)   StringDedup Table Weak         Min:  0.0, Avg:  0.0, Max:  0.0, Diff:  0.0, Sum:  0.0, Workers: 4
[3061.566s][debug][gc,phases      ] GC(296)     Dead                           Min: 0, Avg:  0.0, Max: 0, Diff: 0, Sum: 0, Workers: 4
[3061.566s][debug][gc,phases      ] GC(296)     Total                          Min: 0, Avg:  0.0, Max: 0, Diff: 0, Sum: 0, Workers: 4
[3061.566s][debug][gc,phases      ] GC(296)   StringDedup Requests0 Weak     Min:  0.0, Avg:  0.0, Max:  0.0, Diff:  0.0, Sum:  0.0, Workers: 4
[3061.566s][debug][gc,phases      ] GC(296)     Dead                           Min: 0, Avg:  0.0, Max: 0, Diff: 0, Sum: 0, Workers: 4
[3061.566s][debug][gc,phases      ] GC(296)     Total                          Min: 0, Avg:  0.0, Max: 0, Diff: 0, Sum: 0, Workers: 4
[3061.566s][debug][gc,phases      ] GC(296)   StringDedup Requests1 Weak     Min:  0.0, Avg:  0.0, Max:  0.0, Diff:  0.0, Sum:  0.0, Workers: 4
[3061.566s][debug][gc,phases      ] GC(296)     Dead                           Min: 0, Avg:  0.0, Max: 0, Diff: 0, Sum: 0, Workers: 4
[3061.566s][debug][gc,phases      ] GC(296)     Total                          Min: 0, Avg:  0.0, Max: 0, Diff: 0, Sum: 0, Workers: 4
[3061.566s][debug][gc,phases      ] GC(296)   Weak JFR Old Object Samples    Min:  0.0, Avg:  0.0, Max:  0.0, Diff:  0.0, Sum:  0.0, Workers: 4
[3061.566s][debug][gc,phases      ] GC(296)     Dead                           Min: 0, Avg:  0.0, Max: 0, Diff: 0, Sum: 0, Workers: 4
[3061.566s][debug][gc,phases      ] GC(296)     Total                          Min: 0, Avg:  0.0, Max: 0, Diff: 0, Sum: 0, Workers: 4
[3061.566s][debug][gc,phases      ] GC(296) Weak Processing 0.333ms
[3061.566s][debug][gc,age         ] GC(296) Desired survivor size 127926272 bytes, new threshold 15 (max threshold 15)
[3061.566s][info ][gc,heap        ] GC(296) PSYoungGen: 1853440K(1975296K)->416K(1853952K) Eden: 1853440K(1853440K)->0K(1853440K) From: 0K(121856K)->416K(512K)
[3061.566s][info ][gc,heap        ] GC(296) ParOldGen: 335776K(395776K)->335776K(395776K)
[3061.566s][info ][gc,metaspace   ] GC(296) Metaspace: 83409K(84480K)->83409K(84480K) NonClass: 71453K(72064K)->71453K(72064K) Class: 11955K(12416K)->11955K(12416K)
[3061.566s][info ][gc             ] GC(296) Pause Young (Allocation Failure) 2137M->328M(2197M) 2.229ms
[3061.566s][info ][gc,cpu         ] GC(296) User=0.00s Sys=0.00s Real=0.00s
[3061.566s][info ][safepoint      ] Safepoint "ParallelGCFailedAllocation", Time since last: 7930094609 ns, Reaching safepoint: 78600 ns, Cleanup: 30400 ns, At safepoint: 2301400 ns, Total: 2410400 ns
[3069.512s][info ][gc,start       ] GC(297) Pause Young (Allocation Failure)
[3069.514s][debug][gc,phases      ] GC(297) Scavenge 2.052ms
[3069.514s][debug][gc,ref         ] GC(297) Skipped phase 1 of Reference Processing: no references
[3069.514s][debug][gc,ref         ] GC(297) Skipped phase 2 of Reference Processing: no references
[3069.514s][debug][gc,ref         ] GC(297) Skipped phase 3 of Reference Processing: no references
[3069.514s][debug][gc,ref         ] GC(297) Skipped phase 4 of Reference Processing: no references
[3069.514s][debug][gc,phases      ] GC(297) Reference Processing 0.021ms
[3069.514s][debug][gc,phases      ] GC(297)   VM Weak                        Min:  0.0, Avg:  0.0, Max:  0.0, Diff:  0.0, Sum:  0.0, Workers: 4
[3069.514s][debug][gc,phases      ] GC(297)     Dead                           Min: 0, Avg:  0.0, Max: 0, Diff: 0, Sum: 0, Workers: 4
[3069.514s][debug][gc,phases      ] GC(297)     Total                          Min: 0, Avg: 146.0, Max: 584, Diff: 584, Sum: 584, Workers: 4
[3069.514s][debug][gc,phases      ] GC(297)   ObjectSynchronizer Weak        Min:  0.0, Avg:  0.0, Max:  0.0, Diff:  0.0, Sum:  0.0, Workers: 4
[3069.514s][debug][gc,phases      ] GC(297)     Dead                           Min: 0, Avg:  0.0, Max: 0, Diff: 0, Sum: 0, Workers: 4
[3069.514s][debug][gc,phases      ] GC(297)     Total                          Min: 0, Avg:  1.2, Max: 5, Diff: 5, Sum: 5, Workers: 4
[3069.514s][debug][gc,phases      ] GC(297)   JVMTI Tag Weak OopStorage      Min:  0.0, Avg:  0.0, Max:  0.0, Diff:  0.0, Sum:  0.0, Workers: 4
[3069.514s][debug][gc,phases      ] GC(297)     Dead                           Min: 0, Avg:  0.0, Max: 0, Diff: 0, Sum: 0, Workers: 4
[3069.514s][debug][gc,phases      ] GC(297)     Total                          Min: 0, Avg:  0.0, Max: 0, Diff: 0, Sum: 0, Workers: 4
[3069.514s][debug][gc,phases      ] GC(297)   StringTable Weak               Min:  0.0, Avg:  0.1, Max:  0.1, Diff:  0.1, Sum:  0.3, Workers: 4
[3069.514s][debug][gc,phases      ] GC(297)     Dead                           Min: 0, Avg:  0.0, Max: 0, Diff: 0, Sum: 0, Workers: 4
[3069.514s][debug][gc,phases      ] GC(297)     Total                          Min: 0, Avg: 10951.8, Max: 27263, Diff: 27263, Sum: 43807, Workers: 4
[3069.514s][debug][gc,phases      ] GC(297)   ResolvedMethodTable Weak       Min:  0.0, Avg:  0.0, Max:  0.0, Diff:  0.0, Sum:  0.1, Workers: 4
[3069.514s][debug][gc,phases      ] GC(297)     Dead                           Min: 0, Avg:  0.0, Max: 0, Diff: 0, Sum: 0, Workers: 4
[3069.514s][debug][gc,phases      ] GC(297)     Total                          Min: 0, Avg: 2444.5, Max: 5749, Diff: 5749, Sum: 9778, Workers: 4
[3069.514s][debug][gc,phases      ] GC(297)   JNI Weak                       Min:  0.0, Avg:  0.0, Max:  0.0, Diff:  0.0, Sum:  0.0, Workers: 4
[3069.514s][debug][gc,phases      ] GC(297)     Dead                           Min: 0, Avg:  0.0, Max: 0, Diff: 0, Sum: 0, Workers: 4
[3069.514s][debug][gc,phases      ] GC(297)     Total                          Min: 0, Avg: 11.2, Max: 45, Diff: 45, Sum: 45, Workers: 4
[3069.514s][debug][gc,phases      ] GC(297)   StringDedup Table Weak         Min:  0.0, Avg:  0.0, Max:  0.0, Diff:  0.0, Sum:  0.0, Workers: 4
[3069.514s][debug][gc,phases      ] GC(297)     Dead                           Min: 0, Avg:  0.0, Max: 0, Diff: 0, Sum: 0, Workers: 4
[3069.514s][debug][gc,phases      ] GC(297)     Total                          Min: 0, Avg:  0.0, Max: 0, Diff: 0, Sum: 0, Workers: 4
[3069.514s][debug][gc,phases      ] GC(297)   StringDedup Requests0 Weak     Min:  0.0, Avg:  0.0, Max:  0.0, Diff:  0.0, Sum:  0.0, Workers: 4
[3069.514s][debug][gc,phases      ] GC(297)     Dead                           Min: 0, Avg:  0.0, Max: 0, Diff: 0, Sum: 0, Workers: 4
[3069.514s][debug][gc,phases      ] GC(297)     Total                          Min: 0, Avg:  0.0, Max: 0, Diff: 0, Sum: 0, Workers: 4
[3069.514s][debug][gc,phases      ] GC(297)   StringDedup Requests1 Weak     Min:  0.0, Avg:  0.0, Max:  0.0, Diff:  0.0, Sum:  0.0, Workers: 4
[3069.514s][debug][gc,phases      ] GC(297)     Dead                           Min: 0, Avg:  0.0, Max: 0, Diff: 0, Sum: 0, Workers: 4
[3069.514s][debug][gc,phases      ] GC(297)     Total                          Min: 0, Avg:  0.0, Max: 0, Diff: 0, Sum: 0, Workers: 4
[3069.514s][debug][gc,phases      ] GC(297)   Weak JFR Old Object Samples    Min:  0.0, Avg:  0.0, Max:  0.0, Diff:  0.0, Sum:  0.0, Workers: 4
[3069.514s][debug][gc,phases      ] GC(297)     Dead                           Min: 0, Avg:  0.0, Max: 0, Diff: 0, Sum: 0, Workers: 4
[3069.514s][debug][gc,phases      ] GC(297)     Total                          Min: 0, Avg:  0.0, Max: 0, Diff: 0, Sum: 0, Workers: 4
[3069.514s][debug][gc,phases      ] GC(297) Weak Processing 0.351ms
[3069.514s][debug][gc,age         ] GC(297) Desired survivor size 128974848 bytes, new threshold 15 (max threshold 15)
[3069.514s][info ][gc,heap        ] GC(297) PSYoungGen: 1853856K(1853952K)->928K(1970176K) Eden: 1853440K(1853440K)->0K(1845248K) From: 416K(512K)->928K(124928K)
[3069.514s][info ][gc,heap        ] GC(297) ParOldGen: 335776K(395776K)->335776K(395776K)
[3069.514s][info ][gc,metaspace   ] GC(297) Metaspace: 83413K(84480K)->83413K(84480K) NonClass: 71457K(72064K)->71457K(72064K) Class: 11955K(12416K)->11955K(12416K)
[3069.514s][info ][gc             ] GC(297) Pause Young (Allocation Failure) 2138M->328M(2310M) 2.512ms
[3069.514s][info ][gc,cpu         ] GC(297) User=0.01s Sys=0.00s Real=0.00s
[3069.514s][info ][safepoint      ] Safepoint "ParallelGCFailedAllocation", Time since last: 7945411589 ns, Reaching safepoint: 77100 ns, Cleanup: 23500 ns, At safepoint: 2578299 ns, Total: 2678899 ns
[3072.514s][info ][safepoint      ] Safepoint "Cleanup", Time since last: 3000231437 ns, Reaching safepoint: 80100 ns, Cleanup: 31900 ns, At safepoint: 6100 ns, Total: 118100 ns
[3073.515s][info ][safepoint      ] Safepoint "Cleanup", Time since last: 1000113779 ns, Reaching safepoint: 85200 ns, Cleanup: 31600 ns, At safepoint: 6500 ns, Total: 123300 ns
[3077.520s][info ][safepoint      ] Safepoint "ParallelGCFailedAllocation", Time since last: 4005200820 ns, Reaching safepoint: 76100 ns, Cleanup: 18500 ns, At safepoint: 11800 ns, Total: 106400 ns
[3077.520s][info ][gc,start       ] GC(298) Pause Young (GCLocker Initiated GC)
[3077.522s][debug][gc,phases      ] GC(298) Scavenge 2.258ms
[3077.523s][debug][gc,ref         ] GC(298) Skipped phase 1 of Reference Processing: no references
[3077.523s][debug][gc,ref         ] GC(298) Skipped phase 2 of Reference Processing: no references
[3077.523s][debug][gc,ref         ] GC(298) Skipped phase 3 of Reference Processing: no references
[3077.523s][debug][gc,ref         ] GC(298) Skipped phase 4 of Reference Processing: no references
[3077.523s][debug][gc,phases      ] GC(298) Reference Processing 0.019ms
[3077.523s][debug][gc,phases      ] GC(298)   VM Weak                        Min:  0.0, Avg:  0.0, Max:  0.0, Diff:  0.0, Sum:  0.0, Workers: 4
[3077.523s][debug][gc,phases      ] GC(298)     Dead                           Min: 0, Avg:  0.0, Max: 0, Diff: 0, Sum: 0, Workers: 4
[3077.523s][debug][gc,phases      ] GC(298)     Total                          Min: 0, Avg: 146.0, Max: 375, Diff: 375, Sum: 584, Workers: 4
[3077.523s][debug][gc,phases      ] GC(298)   ObjectSynchronizer Weak        Min:  0.0, Avg:  0.0, Max:  0.0, Diff:  0.0, Sum:  0.0, Workers: 4
[3077.523s][debug][gc,phases      ] GC(298)     Dead                           Min: 0, Avg:  0.0, Max: 0, Diff: 0, Sum: 0, Workers: 4
[3077.523s][debug][gc,phases      ] GC(298)     Total                          Min: 0, Avg:  1.2, Max: 5, Diff: 5, Sum: 5, Workers: 4
[3077.523s][debug][gc,phases      ] GC(298)   JVMTI Tag Weak OopStorage      Min:  0.0, Avg:  0.0, Max:  0.0, Diff:  0.0, Sum:  0.0, Workers: 4
[3077.523s][debug][gc,phases      ] GC(298)     Dead                           Min: 0, Avg:  0.0, Max: 0, Diff: 0, Sum: 0, Workers: 4
[3077.523s][debug][gc,phases      ] GC(298)     Total                          Min: 0, Avg:  0.0, Max: 0, Diff: 0, Sum: 0, Workers: 4
[3077.523s][debug][gc,phases      ] GC(298)   StringTable Weak               Min:  0.0, Avg:  0.1, Max:  0.2, Diff:  0.2, Sum:  0.3, Workers: 4
[3077.523s][debug][gc,phases      ] GC(298)     Dead                           Min: 0, Avg:  0.0, Max: 0, Diff: 0, Sum: 0, Workers: 4
[3077.523s][debug][gc,phases      ] GC(298)     Total                          Min: 0, Avg: 10951.8, Max: 26687, Diff: 26687, Sum: 43807, Workers: 4
[3077.523s][debug][gc,phases      ] GC(298)   ResolvedMethodTable Weak       Min:  0.0, Avg:  0.0, Max:  0.0, Diff:  0.0, Sum:  0.1, Workers: 4
[3077.523s][debug][gc,phases      ] GC(298)     Dead                           Min: 0, Avg:  0.0, Max: 0, Diff: 0, Sum: 0, Workers: 4
[3077.523s][debug][gc,phases      ] GC(298)     Total                          Min: 0, Avg: 2444.5, Max: 5874, Diff: 5874, Sum: 9778, Workers: 4
[3077.523s][debug][gc,phases      ] GC(298)   JNI Weak                       Min:  0.0, Avg:  0.0, Max:  0.0, Diff:  0.0, Sum:  0.0, Workers: 4
[3077.523s][debug][gc,phases      ] GC(298)     Dead                           Min: 0, Avg:  0.0, Max: 0, Diff: 0, Sum: 0, Workers: 4
[3077.523s][debug][gc,phases      ] GC(298)     Total                          Min: 0, Avg: 11.2, Max: 45, Diff: 45, Sum: 45, Workers: 4
[3077.523s][debug][gc,phases      ] GC(298)   StringDedup Table Weak         Min:  0.0, Avg:  0.0, Max:  0.0, Diff:  0.0, Sum:  0.0, Workers: 4
[3077.523s][debug][gc,phases      ] GC(298)     Dead                           Min: 0, Avg:  0.0, Max: 0, Diff: 0, Sum: 0, Workers: 4
[3077.523s][debug][gc,phases      ] GC(298)     Total                          Min: 0, Avg:  0.0, Max: 0, Diff: 0, Sum: 0, Workers: 4
[3077.523s][debug][gc,phases      ] GC(298)   StringDedup Requests0 Weak     Min:  0.0, Avg:  0.0, Max:  0.0, Diff:  0.0, Sum:  0.0, Workers: 4
[3077.523s][debug][gc,phases      ] GC(298)     Dead                           Min: 0, Avg:  0.0, Max: 0, Diff: 0, Sum: 0, Workers: 4
[3077.523s][debug][gc,phases      ] GC(298)     Total                          Min: 0, Avg:  0.0, Max: 0, Diff: 0, Sum: 0, Workers: 4
[3077.523s][debug][gc,phases      ] GC(298)   StringDedup Requests1 Weak     Min:  0.0, Avg:  0.0, Max:  0.0, Diff:  0.0, Sum:  0.0, Workers: 4
[3077.523s][debug][gc,phases      ] GC(298)     Dead                           Min: 0, Avg:  0.0, Max: 0, Diff: 0, Sum: 0, Workers: 4
[3077.523s][debug][gc,phases      ] GC(298)     Total                          Min: 0, Avg:  0.0, Max: 0, Diff: 0, Sum: 0, Workers: 4
[3077.523s][debug][gc,phases      ] GC(298)   Weak JFR Old Object Samples    Min:  0.0, Avg:  0.0, Max:  0.0, Diff:  0.0, Sum:  0.0, Workers: 4
[3077.523s][debug][gc,phases      ] GC(298)     Dead                           Min: 0, Avg:  0.0, Max: 0, Diff: 0, Sum: 0, Workers: 4
[3077.523s][debug][gc,phases      ] GC(298)     Total                          Min: 0, Avg:  0.0, Max: 0, Diff: 0, Sum: 0, Workers: 4
[3077.523s][debug][gc,phases      ] GC(298) Weak Processing 0.357ms
[3077.523s][debug][gc,age         ] GC(298) Desired survivor size 128450560 bytes, new threshold 15 (max threshold 15)
[3077.523s][info ][gc,heap        ] GC(298) PSYoungGen: 1846176K(1970176K)->928K(1971200K) Eden: 1845248K(1845248K)->0K(1845248K) From: 928K(124928K)->928K(125952K)
[3077.523s][info ][gc,heap        ] GC(298) ParOldGen: 335778K(395776K)->335778K(395776K)
[3077.523s][info ][gc,metaspace   ] GC(298) Metaspace: 83414K(84480K)->83414K(84480K) NonClass: 71458K(72064K)->71458K(72064K) Class: 11955K(12416K)->11955K(12416K)
[3077.523s][info ][gc             ] GC(298) Pause Young (GCLocker Initiated GC) 2130M->328M(2311M) 2.699ms
[3077.523s][info ][gc,cpu         ] GC(298) User=0.00s Sys=0.00s Real=0.00s
[3077.523s][info ][safepoint      ] Safepoint "ParallelGCSystemGC", Time since last: 82900 ns, Reaching safepoint: 71000 ns, Cleanup: 11300 ns, At safepoint: 2757899 ns, Total: 2840199 ns
[3085.381s][info ][gc,start       ] GC(299) Pause Young (Allocation Failure)
[3085.383s][debug][gc,phases      ] GC(299) Scavenge 2.080ms
[3085.383s][debug][gc,ref         ] GC(299) Skipped phase 1 of Reference Processing: no references
[3085.384s][debug][gc,ref         ] GC(299) Skipped phase 2 of Reference Processing: no references
[3085.384s][debug][gc,ref         ] GC(299) Skipped phase 3 of Reference Processing: no references
[3085.384s][debug][gc,ref         ] GC(299) Skipped phase 4 of Reference Processing: no references
[3085.384s][debug][gc,phases      ] GC(299) Reference Processing 0.038ms
[3085.384s][debug][gc,phases      ] GC(299)   VM Weak                        Min:  0.0, Avg:  0.0, Max:  0.0, Diff:  0.0, Sum:  0.0, Workers: 4
[3085.384s][debug][gc,phases      ] GC(299)     Dead                           Min: 0, Avg:  0.0, Max: 0, Diff: 0, Sum: 0, Workers: 4
[3085.384s][debug][gc,phases      ] GC(299)     Total                          Min: 0, Avg: 146.0, Max: 584, Diff: 584, Sum: 584, Workers: 4
[3085.384s][debug][gc,phases      ] GC(299)   ObjectSynchronizer Weak        Min:  0.0, Avg:  0.0, Max:  0.0, Diff:  0.0, Sum:  0.0, Workers: 4
[3085.384s][debug][gc,phases      ] GC(299)     Dead                           Min: 0, Avg:  0.0, Max: 0, Diff: 0, Sum: 0, Workers: 4
[3085.384s][debug][gc,phases      ] GC(299)     Total                          Min: 0, Avg:  1.2, Max: 5, Diff: 5, Sum: 5, Workers: 4
[3085.384s][debug][gc,phases      ] GC(299)   JVMTI Tag Weak OopStorage      Min:  0.0, Avg:  0.0, Max:  0.0, Diff:  0.0, Sum:  0.0, Workers: 4
[3085.384s][debug][gc,phases      ] GC(299)     Dead                           Min: 0, Avg:  0.0, Max: 0, Diff: 0, Sum: 0, Workers: 4
[3085.384s][debug][gc,phases      ] GC(299)     Total                          Min: 0, Avg:  0.0, Max: 0, Diff: 0, Sum: 0, Workers: 4
[3085.384s][debug][gc,phases      ] GC(299)   StringTable Weak               Min:  0.0, Avg:  0.1, Max:  0.1, Diff:  0.1, Sum:  0.3, Workers: 4
[3085.384s][debug][gc,phases      ] GC(299)     Dead                           Min: 0, Avg:  0.0, Max: 0, Diff: 0, Sum: 0, Workers: 4
[3085.384s][debug][gc,phases      ] GC(299)     Total                          Min: 0, Avg: 10951.8, Max: 19871, Diff: 19871, Sum: 43807, Workers: 4
[3085.384s][debug][gc,phases      ] GC(299)   ResolvedMethodTable Weak       Min:  0.0, Avg:  0.0, Max:  0.0, Diff:  0.0, Sum:  0.1, Workers: 4
[3085.384s][debug][gc,phases      ] GC(299)     Dead                           Min: 0, Avg:  0.0, Max: 0, Diff: 0, Sum: 0, Workers: 4
[3085.384s][debug][gc,phases      ] GC(299)     Total                          Min: 0, Avg: 2444.5, Max: 3456, Diff: 3456, Sum: 9778, Workers: 4
[3085.384s][debug][gc,phases      ] GC(299)   JNI Weak                       Min:  0.0, Avg:  0.0, Max:  0.0, Diff:  0.0, Sum:  0.0, Workers: 4
[3085.384s][debug][gc,phases      ] GC(299)     Dead                           Min: 0, Avg:  0.0, Max: 0, Diff: 0, Sum: 0, Workers: 4
[3085.384s][debug][gc,phases      ] GC(299)     Total                          Min: 0, Avg: 11.2, Max: 45, Diff: 45, Sum: 45, Workers: 4
[3085.384s][debug][gc,phases      ] GC(299)   StringDedup Table Weak         Min:  0.0, Avg:  0.0, Max:  0.0, Diff:  0.0, Sum:  0.0, Workers: 4
[3085.384s][debug][gc,phases      ] GC(299)     Dead                           Min: 0, Avg:  0.0, Max: 0, Diff: 0, Sum: 0, Workers: 4
[3085.384s][debug][gc,phases      ] GC(299)     Total                          Min: 0, Avg:  0.0, Max: 0, Diff: 0, Sum: 0, Workers: 4
[3085.384s][debug][gc,phases      ] GC(299)   StringDedup Requests0 Weak     Min:  0.0, Avg:  0.0, Max:  0.0, Diff:  0.0, Sum:  0.0, Workers: 4
[3085.384s][debug][gc,phases      ] GC(299)     Dead                           Min: 0, Avg:  0.0, Max: 0, Diff: 0, Sum: 0, Workers: 4
[3085.384s][debug][gc,phases      ] GC(299)     Total                          Min: 0, Avg:  0.0, Max: 0, Diff: 0, Sum: 0, Workers: 4
[3085.384s][debug][gc,phases      ] GC(299)   StringDedup Requests1 Weak     Min:  0.0, Avg:  0.0, Max:  0.0, Diff:  0.0, Sum:  0.0, Workers: 4
[3085.384s][debug][gc,phases      ] GC(299)     Dead                           Min: 0, Avg:  0.0, Max: 0, Diff: 0, Sum: 0, Workers: 4
[3085.384s][debug][gc,phases      ] GC(299)     Total                          Min: 0, Avg:  0.0, Max: 0, Diff: 0, Sum: 0, Workers: 4
[3085.384s][debug][gc,phases      ] GC(299)   Weak JFR Old Object Samples    Min:  0.0, Avg:  0.0, Max:  0.0, Diff:  0.0, Sum:  0.0, Workers: 4
[3085.384s][debug][gc,phases      ] GC(299)     Dead                           Min: 0, Avg:  0.0, Max: 0, Diff: 0, Sum: 0, Workers: 4
[3085.384s][debug][gc,phases      ] GC(299)     Total                          Min: 0, Avg:  0.0, Max: 0, Diff: 0, Sum: 0, Workers: 4
[3085.384s][debug][gc,phases      ] GC(299) Weak Processing 0.320ms
[3085.384s][debug][gc,age         ] GC(299) Desired survivor size 126877696 bytes, new threshold 15 (max threshold 15)
[3085.384s][info ][gc,heap        ] GC(299) PSYoungGen: 1846176K(1971200K)->960K(1973248K) Eden: 1845248K(1845248K)->0K(1847808K) From: 928K(125952K)->960K(125440K)
[3085.384s][info ][gc,heap        ] GC(299) ParOldGen: 335783K(395776K)->335783K(395776K)
[3085.384s][info ][gc,metaspace   ] GC(299) Metaspace: 83416K(84480K)->83416K(84480K) NonClass: 71460K(72064K)->71460K(72064K) Class: 11955K(12416K)->11955K(12416K)
[3085.384s][info ][gc             ] GC(299) Pause Young (Allocation Failure) 2130M->328M(2313M) 2.538ms
[3085.384s][info ][gc,cpu         ] GC(299) User=0.00s Sys=0.00s Real=0.00s
[3085.384s][info ][safepoint      ] Safepoint "ParallelGCFailedAllocation", Time since last: 7858338337 ns, Reaching safepoint: 3900 ns, Cleanup: 21400 ns, At safepoint: 2608300 ns, Total: 2633600 ns
[3093.411s][info ][gc,start       ] GC(300) Pause Young (Allocation Failure)
[3093.413s][debug][gc,phases      ] GC(300) Scavenge 2.375ms
[3093.413s][debug][gc,ref         ] GC(300) Skipped phase 1 of Reference Processing: no references
[3093.413s][debug][gc,ref         ] GC(300) Skipped phase 2 of Reference Processing: no references
[3093.413s][debug][gc,ref         ] GC(300) Skipped phase 3 of Reference Processing: no references
[3093.413s][debug][gc,ref         ] GC(300) Skipped phase 4 of Reference Processing: no references
[3093.413s][debug][gc,phases      ] GC(300) Reference Processing 0.020ms
[3093.413s][debug][gc,phases      ] GC(300)   VM Weak                        Min:  0.0, Avg:  0.0, Max:  0.0, Diff:  0.0, Sum:  0.0, Workers: 4
[3093.413s][debug][gc,phases      ] GC(300)     Dead                           Min: 0, Avg:  0.0, Max: 0, Diff: 0, Sum: 0, Workers: 4
[3093.413s][debug][gc,phases      ] GC(300)     Total                          Min: 0, Avg: 146.0, Max: 563, Diff: 563, Sum: 584, Workers: 4
[3093.413s][debug][gc,phases      ] GC(300)   ObjectSynchronizer Weak        Min:  0.0, Avg:  0.0, Max:  0.0, Diff:  0.0, Sum:  0.0, Workers: 4
[3093.413s][debug][gc,phases      ] GC(300)     Dead                           Min: 0, Avg:  0.0, Max: 0, Diff: 0, Sum: 0, Workers: 4
[3093.413s][debug][gc,phases      ] GC(300)     Total                          Min: 0, Avg:  1.2, Max: 5, Diff: 5, Sum: 5, Workers: 4
[3093.413s][debug][gc,phases      ] GC(300)   JVMTI Tag Weak OopStorage      Min:  0.0, Avg:  0.0, Max:  0.0, Diff:  0.0, Sum:  0.0, Workers: 4
[3093.413s][debug][gc,phases      ] GC(300)     Dead                           Min: 0, Avg:  0.0, Max: 0, Diff: 0, Sum: 0, Workers: 4
[3093.413s][debug][gc,phases      ] GC(300)     Total                          Min: 0, Avg:  0.0, Max: 0, Diff: 0, Sum: 0, Workers: 4
[3093.413s][debug][gc,phases      ] GC(300)   StringTable Weak               Min:  0.0, Avg:  0.1, Max:  0.1, Diff:  0.1, Sum:  0.3, Workers: 4
[3093.413s][debug][gc,phases      ] GC(300)     Dead                           Min: 0, Avg:  0.0, Max: 0, Diff: 0, Sum: 0, Workers: 4
[3093.413s][debug][gc,phases      ] GC(300)     Total                          Min: 0, Avg: 10951.8, Max: 26687, Diff: 26687, Sum: 43807, Workers: 4
[3093.413s][debug][gc,phases      ] GC(300)   ResolvedMethodTable Weak       Min:  0.0, Avg:  0.0, Max:  0.0, Diff:  0.0, Sum:  0.1, Workers: 4
[3093.413s][debug][gc,phases      ] GC(300)     Dead                           Min: 0, Avg:  0.0, Max: 0, Diff: 0, Sum: 0, Workers: 4
[3093.413s][debug][gc,phases      ] GC(300)     Total                          Min: 0, Avg: 2444.5, Max: 5813, Diff: 5813, Sum: 9778, Workers: 4
[3093.413s][debug][gc,phases      ] GC(300)   JNI Weak                       Min:  0.0, Avg:  0.0, Max:  0.0, Diff:  0.0, Sum:  0.0, Workers: 4
[3093.413s][debug][gc,phases      ] GC(300)     Dead                           Min: 0, Avg:  0.0, Max: 0, Diff: 0, Sum: 0, Workers: 4
[3093.413s][debug][gc,phases      ] GC(300)     Total                          Min: 0, Avg: 11.2, Max: 45, Diff: 45, Sum: 45, Workers: 4
[3093.413s][debug][gc,phases      ] GC(300)   StringDedup Table Weak         Min:  0.0, Avg:  0.0, Max:  0.0, Diff:  0.0, Sum:  0.0, Workers: 4
[3093.413s][debug][gc,phases      ] GC(300)     Dead                           Min: 0, Avg:  0.0, Max: 0, Diff: 0, Sum: 0, Workers: 4
[3093.413s][debug][gc,phases      ] GC(300)     Total                          Min: 0, Avg:  0.0, Max: 0, Diff: 0, Sum: 0, Workers: 4
[3093.413s][debug][gc,phases      ] GC(300)   StringDedup Requests0 Weak     Min:  0.0, Avg:  0.0, Max:  0.0, Diff:  0.0, Sum:  0.0, Workers: 4
[3093.413s][debug][gc,phases      ] GC(300)     Dead                           Min: 0, Avg:  0.0, Max: 0, Diff: 0, Sum: 0, Workers: 4
[3093.413s][debug][gc,phases      ] GC(300)     Total                          Min: 0, Avg:  0.0, Max: 0, Diff: 0, Sum: 0, Workers: 4
[3093.413s][debug][gc,phases      ] GC(300)   StringDedup Requests1 Weak     Min:  0.0, Avg:  0.0, Max:  0.0, Diff:  0.0, Sum:  0.0, Workers: 4
[3093.413s][debug][gc,phases      ] GC(300)     Dead                           Min: 0, Avg:  0.0, Max: 0, Diff: 0, Sum: 0, Workers: 4
[3093.413s][debug][gc,phases      ] GC(300)     Total                          Min: 0, Avg:  0.0, Max: 0, Diff: 0, Sum: 0, Workers: 4
[3093.413s][debug][gc,phases      ] GC(300)   Weak JFR Old Object Samples    Min:  0.0, Avg:  0.0, Max:  0.0, Diff:  0.0, Sum:  0.0, Workers: 4
[3093.413s][debug][gc,phases      ] GC(300)     Dead                           Min: 0, Avg:  0.0, Max: 0, Diff: 0, Sum: 0, Workers: 4
[3093.413s][debug][gc,phases      ] GC(300)     Total                          Min: 0, Avg:  0.0, Max: 0, Diff: 0, Sum: 0, Workers: 4
[3093.413s][debug][gc,phases      ] GC(300) Weak Processing 0.340ms
[3093.413s][debug][gc,age         ] GC(300) Desired survivor size 124256256 bytes, new threshold 15 (max threshold 15)
[3093.413s][info ][gc,heap        ] GC(300) PSYoungGen: 1848768K(1973248K)->960K(1971712K) Eden: 1847808K(1847808K)->0K(1847808K) From: 960K(125440K)->960K(123904K)
[3093.413s][info ][gc,heap        ] GC(300) ParOldGen: 335783K(395776K)->335783K(395776K)
[3093.413s][info ][gc,metaspace   ] GC(300) Metaspace: 83416K(84480K)->83416K(84480K) NonClass: 71460K(72064K)->71460K(72064K) Class: 11955K(12416K)->11955K(12416K)
[3093.413s][info ][gc             ] GC(300) Pause Young (Allocation Failure) 2133M->328M(2312M) 2.841ms
[3093.413s][info ][gc,cpu         ] GC(300) User=0.01s Sys=0.00s Real=0.00s
[3093.413s][info ][safepoint      ] Safepoint "ParallelGCFailedAllocation", Time since last: 8026543640 ns, Reaching safepoint: 75200 ns, Cleanup: 33600 ns, At safepoint: 2906899 ns, Total: 3015699 ns
[3101.360s][info ][gc,start       ] GC(301) Pause Young (Allocation Failure)
[3101.363s][debug][gc,phases      ] GC(301) Scavenge 2.122ms
[3101.363s][debug][gc,ref         ] GC(301) Skipped phase 1 of Reference Processing: no references
[3101.363s][debug][gc,ref         ] GC(301) Skipped phase 2 of Reference Processing: no references
[3101.363s][debug][gc,ref         ] GC(301) Skipped phase 3 of Reference Processing: no references
[3101.363s][debug][gc,ref         ] GC(301) Skipped phase 4 of Reference Processing: no references
[3101.363s][debug][gc,phases      ] GC(301) Reference Processing 0.019ms
[3101.363s][debug][gc,phases      ] GC(301)   VM Weak                        Min:  0.0, Avg:  0.0, Max:  0.0, Diff:  0.0, Sum:  0.0, Workers: 4
[3101.363s][debug][gc,phases      ] GC(301)     Dead                           Min: 0, Avg:  0.0, Max: 0, Diff: 0, Sum: 0, Workers: 4
[3101.363s][debug][gc,phases      ] GC(301)     Total                          Min: 0, Avg: 146.0, Max: 321, Diff: 321, Sum: 584, Workers: 4
[3101.363s][debug][gc,phases      ] GC(301)   ObjectSynchronizer Weak        Min:  0.0, Avg:  0.0, Max:  0.0, Diff:  0.0, Sum:  0.0, Workers: 4
[3101.363s][debug][gc,phases      ] GC(301)     Dead                           Min: 0, Avg:  0.0, Max: 0, Diff: 0, Sum: 0, Workers: 4
[3101.363s][debug][gc,phases      ] GC(301)     Total                          Min: 0, Avg:  1.2, Max: 5, Diff: 5, Sum: 5, Workers: 4
[3101.363s][debug][gc,phases      ] GC(301)   JVMTI Tag Weak OopStorage      Min:  0.0, Avg:  0.0, Max:  0.0, Diff:  0.0, Sum:  0.0, Workers: 4
[3101.363s][debug][gc,phases      ] GC(301)     Dead                           Min: 0, Avg:  0.0, Max: 0, Diff: 0, Sum: 0, Workers: 4
[3101.363s][debug][gc,phases      ] GC(301)     Total                          Min: 0, Avg:  0.0, Max: 0, Diff: 0, Sum: 0, Workers: 4
[3101.363s][debug][gc,phases      ] GC(301)   StringTable Weak               Min:  0.0, Avg:  0.1, Max:  0.1, Diff:  0.1, Sum:  0.4, Workers: 4
[3101.363s][debug][gc,phases      ] GC(301)     Dead                           Min: 0, Avg:  0.0, Max: 0, Diff: 0, Sum: 0, Workers: 4
[3101.363s][debug][gc,phases      ] GC(301)     Total                          Min: 0, Avg: 10951.8, Max: 15008, Diff: 15008, Sum: 43807, Workers: 4
[3101.363s][debug][gc,phases      ] GC(301)   ResolvedMethodTable Weak       Min:  0.0, Avg:  0.0, Max:  0.0, Diff:  0.0, Sum:  0.1, Workers: 4
[3101.363s][debug][gc,phases      ] GC(301)     Dead                           Min: 0, Avg:  0.0, Max: 0, Diff: 0, Sum: 0, Workers: 4
[3101.363s][debug][gc,phases      ] GC(301)     Total                          Min: 0, Avg: 2444.5, Max: 3517, Diff: 3517, Sum: 9778, Workers: 4
[3101.363s][debug][gc,phases      ] GC(301)   JNI Weak                       Min:  0.0, Avg:  0.0, Max:  0.0, Diff:  0.0, Sum:  0.0, Workers: 4
[3101.363s][debug][gc,phases      ] GC(301)     Dead                           Min: 0, Avg:  0.0, Max: 0, Diff: 0, Sum: 0, Workers: 4
[3101.363s][debug][gc,phases      ] GC(301)     Total                          Min: 0, Avg: 11.2, Max: 45, Diff: 45, Sum: 45, Workers: 4
[3101.363s][debug][gc,phases      ] GC(301)   StringDedup Table Weak         Min:  0.0, Avg:  0.0, Max:  0.0, Diff:  0.0, Sum:  0.0, Workers: 4
[3101.363s][debug][gc,phases      ] GC(301)     Dead                           Min: 0, Avg:  0.0, Max: 0, Diff: 0, Sum: 0, Workers: 4
[3101.363s][debug][gc,phases      ] GC(301)     Total                          Min: 0, Avg:  0.0, Max: 0, Diff: 0, Sum: 0, Workers: 4
[3101.363s][debug][gc,phases      ] GC(301)   StringDedup Requests0 Weak     Min:  0.0, Avg:  0.0, Max:  0.0, Diff:  0.0, Sum:  0.0, Workers: 4
[3101.363s][debug][gc,phases      ] GC(301)     Dead                           Min: 0, Avg:  0.0, Max: 0, Diff: 0, Sum: 0, Workers: 4
[3101.363s][debug][gc,phases      ] GC(301)     Total                          Min: 0, Avg:  0.0, Max: 0, Diff: 0, Sum: 0, Workers: 4
[3101.363s][debug][gc,phases      ] GC(301)   StringDedup Requests1 Weak     Min:  0.0, Avg:  0.0, Max:  0.0, Diff:  0.0, Sum:  0.0, Workers: 4
[3101.363s][debug][gc,phases      ] GC(301)     Dead                           Min: 0, Avg:  0.0, Max: 0, Diff: 0, Sum: 0, Workers: 4
[3101.363s][debug][gc,phases      ] GC(301)     Total                          Min: 0, Avg:  0.0, Max: 0, Diff: 0, Sum: 0, Workers: 4
[3101.363s][debug][gc,phases      ] GC(301)   Weak JFR Old Object Samples    Min:  0.0, Avg:  0.0, Max:  0.0, Diff:  0.0, Sum:  0.0, Workers: 4
[3101.363s][debug][gc,phases      ] GC(301)     Dead                           Min: 0, Avg:  0.0, Max: 0, Diff: 0, Sum: 0, Workers: 4
[3101.363s][debug][gc,phases      ] GC(301)     Total                          Min: 0, Avg:  0.0, Max: 0, Diff: 0, Sum: 0, Workers: 4
[3101.363s][debug][gc,phases      ] GC(301) Weak Processing 0.320ms
[3101.363s][debug][gc,age         ] GC(301) Desired survivor size 121110528 bytes, new threshold 15 (max threshold 15)
[3101.363s][info ][gc,heap        ] GC(301) PSYoungGen: 1848768K(1971712K)->1024K(1978880K) Eden: 1847808K(1847808K)->0K(1857536K) From: 960K(123904K)->1024K(121344K)
[3101.363s][info ][gc,heap        ] GC(301) ParOldGen: 335783K(395776K)->335783K(395776K)
[3101.363s][info ][gc,metaspace   ] GC(301) Metaspace: 83416K(84480K)->83416K(84480K) NonClass: 71460K(72064K)->71460K(72064K) Class: 11955K(12416K)->11955K(12416K)
[3101.363s][info ][gc             ] GC(301) Pause Young (Allocation Failure) 2133M->328M(2319M) 2.552ms
[3101.363s][info ][gc,cpu         ] GC(301) User=0.01s Sys=0.00s Real=0.00s
[3101.363s][info ][safepoint      ] Safepoint "ParallelGCFailedAllocation", Time since last: 7946807375 ns, Reaching safepoint: 78900 ns, Cleanup: 17400 ns, At safepoint: 2617599 ns, Total: 2713899 ns
[3105.363s][info ][safepoint      ] Safepoint "Cleanup", Time since last: 4000300201 ns, Reaching safepoint: 74900 ns, Cleanup: 33900 ns, At safepoint: 5900 ns, Total: 114700 ns
[3108.915s][info ][gc,start       ] GC(302) Pause Young (Allocation Failure)
[3108.917s][debug][gc,phases      ] GC(302) Scavenge 2.196ms
[3108.917s][debug][gc,ref         ] GC(302) Skipped phase 1 of Reference Processing: no references
[3108.917s][debug][gc,ref         ] GC(302) Skipped phase 2 of Reference Processing: no references
[3108.917s][debug][gc,ref         ] GC(302) Skipped phase 3 of Reference Processing: no references
[3108.917s][debug][gc,ref         ] GC(302) Skipped phase 4 of Reference Processing: no references
[3108.917s][debug][gc,phases      ] GC(302) Reference Processing 0.031ms
[3108.917s][debug][gc,phases      ] GC(302)   VM Weak                        Min:  0.0, Avg:  0.0, Max:  0.0, Diff:  0.0, Sum:  0.0, Workers: 4
[3108.917s][debug][gc,phases      ] GC(302)     Dead                           Min: 0, Avg:  0.0, Max: 0, Diff: 0, Sum: 0, Workers: 4
[3108.917s][debug][gc,phases      ] GC(302)     Total                          Min: 0, Avg: 146.0, Max: 467, Diff: 467, Sum: 584, Workers: 4
[3108.918s][debug][gc,phases      ] GC(302)   ObjectSynchronizer Weak        Min:  0.0, Avg:  0.0, Max:  0.0, Diff:  0.0, Sum:  0.0, Workers: 4
[3108.918s][debug][gc,phases      ] GC(302)     Dead                           Min: 0, Avg:  0.0, Max: 0, Diff: 0, Sum: 0, Workers: 4
[3108.918s][debug][gc,phases      ] GC(302)     Total                          Min: 0, Avg:  1.2, Max: 5, Diff: 5, Sum: 5, Workers: 4
[3108.918s][debug][gc,phases      ] GC(302)   JVMTI Tag Weak OopStorage      Min:  0.0, Avg:  0.0, Max:  0.0, Diff:  0.0, Sum:  0.0, Workers: 4
[3108.918s][debug][gc,phases      ] GC(302)     Dead                           Min: 0, Avg:  0.0, Max: 0, Diff: 0, Sum: 0, Workers: 4
[3108.918s][debug][gc,phases      ] GC(302)     Total                          Min: 0, Avg:  0.0, Max: 0, Diff: 0, Sum: 0, Workers: 4
[3108.918s][debug][gc,phases      ] GC(302)   StringTable Weak               Min:  0.0, Avg:  0.1, Max:  0.1, Diff:  0.1, Sum:  0.4, Workers: 4
[3108.918s][debug][gc,phases      ] GC(302)     Dead                           Min: 0, Avg:  0.0, Max: 0, Diff: 0, Sum: 0, Workers: 4
[3108.918s][debug][gc,phases      ] GC(302)     Total                          Min: 0, Avg: 10951.8, Max: 14816, Diff: 14816, Sum: 43807, Workers: 4
[3108.918s][debug][gc,phases      ] GC(302)   ResolvedMethodTable Weak       Min:  0.0, Avg:  0.0, Max:  0.0, Diff:  0.0, Sum:  0.1, Workers: 4
[3108.918s][debug][gc,phases      ] GC(302)     Dead                           Min: 0, Avg:  0.0, Max: 0, Diff: 0, Sum: 0, Workers: 4
[3108.918s][debug][gc,phases      ] GC(302)     Total                          Min: 0, Avg: 2444.5, Max: 3517, Diff: 3517, Sum: 9778, Workers: 4
[3108.918s][debug][gc,phases      ] GC(302)   JNI Weak                       Min:  0.0, Avg:  0.0, Max:  0.0, Diff:  0.0, Sum:  0.0, Workers: 4
[3108.918s][debug][gc,phases      ] GC(302)     Dead                           Min: 0, Avg:  0.0, Max: 0, Diff: 0, Sum: 0, Workers: 4
[3108.918s][debug][gc,phases      ] GC(302)     Total                          Min: 0, Avg: 11.2, Max: 45, Diff: 45, Sum: 45, Workers: 4
[3108.918s][debug][gc,phases      ] GC(302)   StringDedup Table Weak         Min:  0.0, Avg:  0.0, Max:  0.0, Diff:  0.0, Sum:  0.0, Workers: 4
[3108.918s][debug][gc,phases      ] GC(302)     Dead                           Min: 0, Avg:  0.0, Max: 0, Diff: 0, Sum: 0, Workers: 4
[3108.918s][debug][gc,phases      ] GC(302)     Total                          Min: 0, Avg:  0.0, Max: 0, Diff: 0, Sum: 0, Workers: 4
[3108.918s][debug][gc,phases      ] GC(302)   StringDedup Requests0 Weak     Min:  0.0, Avg:  0.0, Max:  0.0, Diff:  0.0, Sum:  0.0, Workers: 4
[3108.918s][debug][gc,phases      ] GC(302)     Dead                           Min: 0, Avg:  0.0, Max: 0, Diff: 0, Sum: 0, Workers: 4
[3108.918s][debug][gc,phases      ] GC(302)     Total                          Min: 0, Avg:  0.0, Max: 0, Diff: 0, Sum: 0, Workers: 4
[3108.918s][debug][gc,phases      ] GC(302)   StringDedup Requests1 Weak     Min:  0.0, Avg:  0.0, Max:  0.0, Diff:  0.0, Sum:  0.0, Workers: 4
[3108.918s][debug][gc,phases      ] GC(302)     Dead                           Min: 0, Avg:  0.0, Max: 0, Diff: 0, Sum: 0, Workers: 4
[3108.918s][debug][gc,phases      ] GC(302)     Total                          Min: 0, Avg:  0.0, Max: 0, Diff: 0, Sum: 0, Workers: 4
[3108.918s][debug][gc,phases      ] GC(302)   Weak JFR Old Object Samples    Min:  0.0, Avg:  0.0, Max:  0.0, Diff:  0.0, Sum:  0.0, Workers: 4
[3108.918s][debug][gc,phases      ] GC(302)     Dead                           Min: 0, Avg:  0.0, Max: 0, Diff: 0, Sum: 0, Workers: 4
[3108.918s][debug][gc,phases      ] GC(302)     Total                          Min: 0, Avg:  0.0, Max: 0, Diff: 0, Sum: 0, Workers: 4
[3108.918s][debug][gc,phases      ] GC(302) Weak Processing 0.336ms
[3108.918s][debug][gc,age         ] GC(302) Desired survivor size 117440512 bytes, new threshold 15 (max threshold 15)
[3108.918s][info ][gc,heap        ] GC(302) PSYoungGen: 1858560K(1978880K)->1024K(1975808K) Eden: 1857536K(1857536K)->0K(1857536K) From: 1024K(121344K)->1024K(118272K)
[3108.918s][info ][gc,heap        ] GC(302) ParOldGen: 335783K(395776K)->335783K(395776K)
[3108.918s][info ][gc,metaspace   ] GC(302) Metaspace: 83428K(84480K)->83428K(84480K) NonClass: 71472K(72064K)->71472K(72064K) Class: 11955K(12416K)->11955K(12416K)
[3108.918s][info ][gc             ] GC(302) Pause Young (Allocation Failure) 2142M->328M(2316M) 2.664ms
[3108.918s][info ][gc,cpu         ] GC(302) User=0.01s Sys=0.00s Real=0.00s
[3108.918s][info ][safepoint      ] Safepoint "ParallelGCFailedAllocation", Time since last: 3551467436 ns, Reaching safepoint: 5500 ns, Cleanup: 39000 ns, At safepoint: 2725099 ns, Total: 2769599 ns
[3116.567s][info ][gc,start       ] GC(303) Pause Young (Allocation Failure)
[3116.569s][debug][gc,phases      ] GC(303) Scavenge 2.401ms
[3116.569s][debug][gc,ref         ] GC(303) Skipped phase 1 of Reference Processing: no references
[3116.569s][debug][gc,ref         ] GC(303) Skipped phase 2 of Reference Processing: no references
[3116.569s][debug][gc,ref         ] GC(303) Skipped phase 3 of Reference Processing: no references
[3116.569s][debug][gc,ref         ] GC(303) Skipped phase 4 of Reference Processing: no references
[3116.569s][debug][gc,phases      ] GC(303) Reference Processing 0.019ms
[3116.569s][debug][gc,phases      ] GC(303)   VM Weak                        Min:  0.0, Avg:  0.0, Max:  0.0, Diff:  0.0, Sum:  0.0, Workers: 4
[3116.569s][debug][gc,phases      ] GC(303)     Dead                           Min: 0, Avg:  0.0, Max: 0, Diff: 0, Sum: 0, Workers: 4
[3116.569s][debug][gc,phases      ] GC(303)     Total                          Min: 0, Avg: 146.0, Max: 303, Diff: 303, Sum: 584, Workers: 4
[3116.569s][debug][gc,phases      ] GC(303)   ObjectSynchronizer Weak        Min:  0.0, Avg:  0.0, Max:  0.0, Diff:  0.0, Sum:  0.0, Workers: 4
[3116.569s][debug][gc,phases      ] GC(303)     Dead                           Min: 0, Avg:  0.0, Max: 0, Diff: 0, Sum: 0, Workers: 4
[3116.569s][debug][gc,phases      ] GC(303)     Total                          Min: 0, Avg:  1.2, Max: 5, Diff: 5, Sum: 5, Workers: 4
[3116.569s][debug][gc,phases      ] GC(303)   JVMTI Tag Weak OopStorage      Min:  0.0, Avg:  0.0, Max:  0.0, Diff:  0.0, Sum:  0.0, Workers: 4
[3116.569s][debug][gc,phases      ] GC(303)     Dead                           Min: 0, Avg:  0.0, Max: 0, Diff: 0, Sum: 0, Workers: 4
[3116.569s][debug][gc,phases      ] GC(303)     Total                          Min: 0, Avg:  0.0, Max: 0, Diff: 0, Sum: 0, Workers: 4
[3116.569s][debug][gc,phases      ] GC(303)   StringTable Weak               Min:  0.0, Avg:  0.1, Max:  0.2, Diff:  0.2, Sum:  0.4, Workers: 4
[3116.569s][debug][gc,phases      ] GC(303)     Dead                           Min: 0, Avg:  0.0, Max: 0, Diff: 0, Sum: 0, Workers: 4
[3116.569s][debug][gc,phases      ] GC(303)     Total                          Min: 0, Avg: 10951.8, Max: 22143, Diff: 22143, Sum: 43807, Workers: 4
[3116.569s][debug][gc,phases      ] GC(303)   ResolvedMethodTable Weak       Min:  0.0, Avg:  0.0, Max:  0.0, Diff:  0.0, Sum:  0.1, Workers: 4
[3116.569s][debug][gc,phases      ] GC(303)     Dead                           Min: 0, Avg:  0.0, Max: 0, Diff: 0, Sum: 0, Workers: 4
[3116.569s][debug][gc,phases      ] GC(303)     Total                          Min: 0, Avg: 2444.5, Max: 4917, Diff: 4917, Sum: 9778, Workers: 4
[3116.569s][debug][gc,phases      ] GC(303)   JNI Weak                       Min:  0.0, Avg:  0.0, Max:  0.0, Diff:  0.0, Sum:  0.0, Workers: 4
[3116.569s][debug][gc,phases      ] GC(303)     Dead                           Min: 0, Avg:  0.0, Max: 0, Diff: 0, Sum: 0, Workers: 4
[3116.569s][debug][gc,phases      ] GC(303)     Total                          Min: 0, Avg: 11.2, Max: 45, Diff: 45, Sum: 45, Workers: 4
[3116.569s][debug][gc,phases      ] GC(303)   StringDedup Table Weak         Min:  0.0, Avg:  0.0, Max:  0.0, Diff:  0.0, Sum:  0.0, Workers: 4
[3116.569s][debug][gc,phases      ] GC(303)     Dead                           Min: 0, Avg:  0.0, Max: 0, Diff: 0, Sum: 0, Workers: 4
[3116.569s][debug][gc,phases      ] GC(303)     Total                          Min: 0, Avg:  0.0, Max: 0, Diff: 0, Sum: 0, Workers: 4
[3116.569s][debug][gc,phases      ] GC(303)   StringDedup Requests0 Weak     Min:  0.0, Avg:  0.0, Max:  0.0, Diff:  0.0, Sum:  0.0, Workers: 4
[3116.569s][debug][gc,phases      ] GC(303)     Dead                           Min: 0, Avg:  0.0, Max: 0, Diff: 0, Sum: 0, Workers: 4
[3116.569s][debug][gc,phases      ] GC(303)     Total                          Min: 0, Avg:  0.0, Max: 0, Diff: 0, Sum: 0, Workers: 4
[3116.569s][debug][gc,phases      ] GC(303)   StringDedup Requests1 Weak     Min:  0.0, Avg:  0.0, Max:  0.0, Diff:  0.0, Sum:  0.0, Workers: 4
[3116.569s][debug][gc,phases      ] GC(303)     Dead                           Min: 0, Avg:  0.0, Max: 0, Diff: 0, Sum: 0, Workers: 4
[3116.569s][debug][gc,phases      ] GC(303)     Total                          Min: 0, Avg:  0.0, Max: 0, Diff: 0, Sum: 0, Workers: 4
[3116.569s][debug][gc,phases      ] GC(303)   Weak JFR Old Object Samples    Min:  0.0, Avg:  0.0, Max:  0.0, Diff:  0.0, Sum:  0.0, Workers: 4
[3116.570s][debug][gc,phases      ] GC(303)     Dead                           Min: 0, Avg:  0.0, Max: 0, Diff: 0, Sum: 0, Workers: 4
[3116.570s][debug][gc,phases      ] GC(303)     Total                          Min: 0, Avg:  0.0, Max: 0, Diff: 0, Sum: 0, Workers: 4
[3116.570s][debug][gc,phases      ] GC(303) Weak Processing 0.523ms
[3116.570s][debug][gc,age         ] GC(303) Desired survivor size 112721920 bytes, new threshold 15 (max threshold 15)
[3116.570s][info ][gc,heap        ] GC(303) PSYoungGen: 1858560K(1975808K)->1088K(1987072K) Eden: 1857536K(1857536K)->0K(1872384K) From: 1024K(118272K)->1088K(114688K)
[3116.570s][info ][gc,heap        ] GC(303) ParOldGen: 335783K(395776K)->335783K(395776K)
[3116.570s][info ][gc,metaspace   ] GC(303) Metaspace: 83428K(84480K)->83428K(84480K) NonClass: 71472K(72064K)->71472K(72064K) Class: 11955K(12416K)->11955K(12416K)
[3116.570s][info ][gc             ] GC(303) Pause Young (Allocation Failure) 2142M->328M(2327M) 3.053ms
[3116.570s][info ][gc,cpu         ] GC(303) User=0.00s Sys=0.00s Real=0.01s
[3116.570s][info ][safepoint      ] Safepoint "ParallelGCFailedAllocation", Time since last: 7648786802 ns, Reaching safepoint: 5000 ns, Cleanup: 32300 ns, At safepoint: 3132399 ns, Total: 3169699 ns
[3119.570s][info ][safepoint      ] Safepoint "Cleanup", Time since last: 3000234352 ns, Reaching safepoint: 5700 ns, Cleanup: 37800 ns, At safepoint: 4600 ns, Total: 48100 ns
[3120.570s][info ][safepoint      ] Safepoint "Cleanup", Time since last: 1000092585 ns, Reaching safepoint: 5000 ns, Cleanup: 46800 ns, At safepoint: 2500 ns, Total: 54300 ns
[3123.860s][info ][safepoint      ] Safepoint "Cleanup", Time since last: 3290042192 ns, Reaching safepoint: 77400 ns, Cleanup: 33500 ns, At safepoint: 5700 ns, Total: 116600 ns
[3124.220s][info ][safepoint      ] Safepoint "ParallelGCFailedAllocation", Time since last: 359782123 ns, Reaching safepoint: 75200 ns, Cleanup: 27100 ns, At safepoint: 17200 ns, Total: 119500 ns
[3124.220s][info ][gc,start       ] GC(304) Pause Young (GCLocker Initiated GC)
[3124.223s][debug][gc,phases      ] GC(304) Scavenge 2.348ms
[3124.223s][debug][gc,ref         ] GC(304) Skipped phase 1 of Reference Processing: no references
[3124.223s][debug][gc,ref         ] GC(304) Skipped phase 2 of Reference Processing: no references
[3124.223s][debug][gc,ref         ] GC(304) Skipped phase 3 of Reference Processing: no references
[3124.223s][debug][gc,ref         ] GC(304) Skipped phase 4 of Reference Processing: no references
[3124.223s][debug][gc,phases      ] GC(304) Reference Processing 0.019ms
[3124.223s][debug][gc,phases      ] GC(304)   VM Weak                        Min:  0.0, Avg:  0.0, Max:  0.0, Diff:  0.0, Sum:  0.0, Workers: 4
[3124.223s][debug][gc,phases      ] GC(304)     Dead                           Min: 0, Avg:  0.0, Max: 0, Diff: 0, Sum: 0, Workers: 4
[3124.223s][debug][gc,phases      ] GC(304)     Total                          Min: 0, Avg: 146.0, Max: 335, Diff: 335, Sum: 584, Workers: 4
[3124.223s][debug][gc,phases      ] GC(304)   ObjectSynchronizer Weak        Min:  0.0, Avg:  0.0, Max:  0.0, Diff:  0.0, Sum:  0.0, Workers: 4
[3124.223s][debug][gc,phases      ] GC(304)     Dead                           Min: 0, Avg:  0.0, Max: 0, Diff: 0, Sum: 0, Workers: 4
[3124.223s][debug][gc,phases      ] GC(304)     Total                          Min: 0, Avg:  1.2, Max: 5, Diff: 5, Sum: 5, Workers: 4
[3124.223s][debug][gc,phases      ] GC(304)   JVMTI Tag Weak OopStorage      Min:  0.0, Avg:  0.0, Max:  0.0, Diff:  0.0, Sum:  0.0, Workers: 4
[3124.223s][debug][gc,phases      ] GC(304)     Dead                           Min: 0, Avg:  0.0, Max: 0, Diff: 0, Sum: 0, Workers: 4
[3124.223s][debug][gc,phases      ] GC(304)     Total                          Min: 0, Avg:  0.0, Max: 0, Diff: 0, Sum: 0, Workers: 4
[3124.223s][debug][gc,phases      ] GC(304)   StringTable Weak               Min:  0.0, Avg:  0.1, Max:  0.1, Diff:  0.1, Sum:  0.4, Workers: 4
[3124.223s][debug][gc,phases      ] GC(304)     Dead                           Min: 0, Avg:  0.0, Max: 0, Diff: 0, Sum: 0, Workers: 4
[3124.223s][debug][gc,phases      ] GC(304)     Total                          Min: 0, Avg: 10951.8, Max: 15008, Diff: 15008, Sum: 43807, Workers: 4
[3124.223s][debug][gc,phases      ] GC(304)   ResolvedMethodTable Weak       Min:  0.0, Avg:  0.0, Max:  0.0, Diff:  0.0, Sum:  0.1, Workers: 4
[3124.223s][debug][gc,phases      ] GC(304)     Dead                           Min: 0, Avg:  0.0, Max: 0, Diff: 0, Sum: 0, Workers: 4
[3124.223s][debug][gc,phases      ] GC(304)     Total                          Min: 0, Avg: 2444.5, Max: 3317, Diff: 3317, Sum: 9778, Workers: 4
[3124.223s][debug][gc,phases      ] GC(304)   JNI Weak                       Min:  0.0, Avg:  0.0, Max:  0.0, Diff:  0.0, Sum:  0.0, Workers: 4
[3124.223s][debug][gc,phases      ] GC(304)     Dead                           Min: 0, Avg:  0.0, Max: 0, Diff: 0, Sum: 0, Workers: 4
[3124.223s][debug][gc,phases      ] GC(304)     Total                          Min: 0, Avg: 11.2, Max: 45, Diff: 45, Sum: 45, Workers: 4
[3124.223s][debug][gc,phases      ] GC(304)   StringDedup Table Weak         Min:  0.0, Avg:  0.0, Max:  0.0, Diff:  0.0, Sum:  0.0, Workers: 4
[3124.223s][debug][gc,phases      ] GC(304)     Dead                           Min: 0, Avg:  0.0, Max: 0, Diff: 0, Sum: 0, Workers: 4
[3124.223s][debug][gc,phases      ] GC(304)     Total                          Min: 0, Avg:  0.0, Max: 0, Diff: 0, Sum: 0, Workers: 4
[3124.223s][debug][gc,phases      ] GC(304)   StringDedup Requests0 Weak     Min:  0.0, Avg:  0.0, Max:  0.0, Diff:  0.0, Sum:  0.0, Workers: 4
[3124.223s][debug][gc,phases      ] GC(304)     Dead                           Min: 0, Avg:  0.0, Max: 0, Diff: 0, Sum: 0, Workers: 4
[3124.223s][debug][gc,phases      ] GC(304)     Total                          Min: 0, Avg:  0.0, Max: 0, Diff: 0, Sum: 0, Workers: 4
[3124.223s][debug][gc,phases      ] GC(304)   StringDedup Requests1 Weak     Min:  0.0, Avg:  0.0, Max:  0.0, Diff:  0.0, Sum:  0.0, Workers: 4
[3124.223s][debug][gc,phases      ] GC(304)     Dead                           Min: 0, Avg:  0.0, Max: 0, Diff: 0, Sum: 0, Workers: 4
[3124.223s][debug][gc,phases      ] GC(304)     Total                          Min: 0, Avg:  0.0, Max: 0, Diff: 0, Sum: 0, Workers: 4
[3124.223s][debug][gc,phases      ] GC(304)   Weak JFR Old Object Samples    Min:  0.0, Avg:  0.0, Max:  0.0, Diff:  0.0, Sum:  0.0, Workers: 4
[3124.223s][debug][gc,phases      ] GC(304)     Dead                           Min: 0, Avg:  0.0, Max: 0, Diff: 0, Sum: 0, Workers: 4
[3124.223s][debug][gc,phases      ] GC(304)     Total                          Min: 0, Avg:  0.0, Max: 0, Diff: 0, Sum: 0, Workers: 4
[3124.223s][debug][gc,phases      ] GC(304) Weak Processing 0.341ms
[3124.223s][debug][gc,age         ] GC(304) Desired survivor size 108527616 bytes, new threshold 15 (max threshold 15)
[3124.223s][info ][gc,heap        ] GC(304) PSYoungGen: 1873472K(1987072K)->1056K(1982464K) Eden: 1872384K(1872384K)->0K(1872384K) From: 1088K(114688K)->1056K(110080K)
[3124.223s][info ][gc,heap        ] GC(304) ParOldGen: 335783K(395776K)->335783K(395776K)
[3124.223s][info ][gc,metaspace   ] GC(304) Metaspace: 83428K(84480K)->83428K(84480K) NonClass: 71472K(72064K)->71472K(72064K) Class: 11955K(12416K)->11955K(12416K)
[3124.223s][info ][gc             ] GC(304) Pause Young (GCLocker Initiated GC) 2157M->328M(2322M) 2.781ms
[3124.223s][info ][gc,cpu         ] GC(304) User=0.00s Sys=0.00s Real=0.00s
[3124.223s][info ][safepoint      ] Safepoint "ParallelGCSystemGC", Time since last: 72600 ns, Reaching safepoint: 72100 ns, Cleanup: 11600 ns, At safepoint: 2842299 ns, Total: 2925999 ns
[3127.223s][info ][safepoint      ] Safepoint "Cleanup", Time since last: 3000210604 ns, Reaching safepoint: 5700 ns, Cleanup: 26400 ns, At safepoint: 2300 ns, Total: 34400 ns
[3130.224s][info ][safepoint      ] Safepoint "Cleanup", Time since last: 3000234127 ns, Reaching safepoint: 4500 ns, Cleanup: 32800 ns, At safepoint: 3200 ns, Total: 40500 ns
[3131.765s][info ][gc,start       ] GC(305) Pause Young (Allocation Failure)
[3131.768s][debug][gc,phases      ] GC(305) Scavenge 2.526ms
[3131.768s][debug][gc,ref         ] GC(305) Skipped phase 1 of Reference Processing: no references
[3131.768s][debug][gc,ref         ] GC(305) Skipped phase 2 of Reference Processing: no references
[3131.768s][debug][gc,ref         ] GC(305) Skipped phase 3 of Reference Processing: no references
[3131.768s][debug][gc,ref         ] GC(305) Skipped phase 4 of Reference Processing: no references
[3131.768s][debug][gc,phases      ] GC(305) Reference Processing 0.032ms
[3131.768s][debug][gc,phases      ] GC(305)   VM Weak                        Min:  0.0, Avg:  0.0, Max:  0.0, Diff:  0.0, Sum:  0.0, Workers: 4
[3131.768s][debug][gc,phases      ] GC(305)     Dead                           Min: 0, Avg:  0.0, Max: 0, Diff: 0, Sum: 0, Workers: 4
[3131.768s][debug][gc,phases      ] GC(305)     Total                          Min: 0, Avg: 146.0, Max: 391, Diff: 391, Sum: 584, Workers: 4
[3131.768s][debug][gc,phases      ] GC(305)   ObjectSynchronizer Weak        Min:  0.0, Avg:  0.0, Max:  0.0, Diff:  0.0, Sum:  0.0, Workers: 4
[3131.768s][debug][gc,phases      ] GC(305)     Dead                           Min: 0, Avg:  0.0, Max: 0, Diff: 0, Sum: 0, Workers: 4
[3131.768s][debug][gc,phases      ] GC(305)     Total                          Min: 0, Avg:  1.2, Max: 5, Diff: 5, Sum: 5, Workers: 4
[3131.768s][debug][gc,phases      ] GC(305)   JVMTI Tag Weak OopStorage      Min:  0.0, Avg:  0.0, Max:  0.0, Diff:  0.0, Sum:  0.0, Workers: 4
[3131.768s][debug][gc,phases      ] GC(305)     Dead                           Min: 0, Avg:  0.0, Max: 0, Diff: 0, Sum: 0, Workers: 4
[3131.768s][debug][gc,phases      ] GC(305)     Total                          Min: 0, Avg:  0.0, Max: 0, Diff: 0, Sum: 0, Workers: 4
[3131.768s][debug][gc,phases      ] GC(305)   StringTable Weak               Min:  0.0, Avg:  0.1, Max:  0.2, Diff:  0.2, Sum:  0.4, Workers: 4
[3131.768s][debug][gc,phases      ] GC(305)     Dead                           Min: 0, Avg:  0.0, Max: 0, Diff: 0, Sum: 0, Workers: 4
[3131.768s][debug][gc,phases      ] GC(305)     Total                          Min: 0, Avg: 10951.8, Max: 22111, Diff: 22111, Sum: 43807, Workers: 4
[3131.768s][debug][gc,phases      ] GC(305)   ResolvedMethodTable Weak       Min:  0.0, Avg:  0.0, Max:  0.0, Diff:  0.0, Sum:  0.1, Workers: 4
[3131.768s][debug][gc,phases      ] GC(305)     Dead                           Min: 0, Avg:  0.0, Max: 0, Diff: 0, Sum: 0, Workers: 4
[3131.768s][debug][gc,phases      ] GC(305)     Total                          Min: 0, Avg: 2444.5, Max: 4981, Diff: 4981, Sum: 9778, Workers: 4
[3131.768s][debug][gc,phases      ] GC(305)   JNI Weak                       Min:  0.0, Avg:  0.0, Max:  0.0, Diff:  0.0, Sum:  0.0, Workers: 4
[3131.768s][debug][gc,phases      ] GC(305)     Dead                           Min: 0, Avg:  0.0, Max: 0, Diff: 0, Sum: 0, Workers: 4
[3131.768s][debug][gc,phases      ] GC(305)     Total                          Min: 0, Avg: 11.2, Max: 45, Diff: 45, Sum: 45, Workers: 4
[3131.768s][debug][gc,phases      ] GC(305)   StringDedup Table Weak         Min:  0.0, Avg:  0.0, Max:  0.0, Diff:  0.0, Sum:  0.0, Workers: 4
[3131.768s][debug][gc,phases      ] GC(305)     Dead                           Min: 0, Avg:  0.0, Max: 0, Diff: 0, Sum: 0, Workers: 4
[3131.768s][debug][gc,phases      ] GC(305)     Total                          Min: 0, Avg:  0.0, Max: 0, Diff: 0, Sum: 0, Workers: 4
[3131.768s][debug][gc,phases      ] GC(305)   StringDedup Requests0 Weak     Min:  0.0, Avg:  0.0, Max:  0.0, Diff:  0.0, Sum:  0.0, Workers: 4
[3131.768s][debug][gc,phases      ] GC(305)     Dead                           Min: 0, Avg:  0.0, Max: 0, Diff: 0, Sum: 0, Workers: 4
[3131.768s][debug][gc,phases      ] GC(305)     Total                          Min: 0, Avg:  0.0, Max: 0, Diff: 0, Sum: 0, Workers: 4
[3131.768s][debug][gc,phases      ] GC(305)   StringDedup Requests1 Weak     Min:  0.0, Avg:  0.0, Max:  0.0, Diff:  0.0, Sum:  0.0, Workers: 4
[3131.768s][debug][gc,phases      ] GC(305)     Dead                           Min: 0, Avg:  0.0, Max: 0, Diff: 0, Sum: 0, Workers: 4
[3131.768s][debug][gc,phases      ] GC(305)     Total                          Min: 0, Avg:  0.0, Max: 0, Diff: 0, Sum: 0, Workers: 4
[3131.768s][debug][gc,phases      ] GC(305)   Weak JFR Old Object Samples    Min:  0.0, Avg:  0.0, Max:  0.0, Diff:  0.0, Sum:  0.0, Workers: 4
[3131.768s][debug][gc,phases      ] GC(305)     Dead                           Min: 0, Avg:  0.0, Max: 0, Diff: 0, Sum: 0, Workers: 4
[3131.768s][debug][gc,phases      ] GC(305)     Total                          Min: 0, Avg:  0.0, Max: 0, Diff: 0, Sum: 0, Workers: 4
[3131.768s][debug][gc,phases      ] GC(305) Weak Processing 0.525ms
[3131.768s][debug][gc,age         ] GC(305) Desired survivor size 103284736 bytes, new threshold 15 (max threshold 15)
[3131.768s][info ][gc,heap        ] GC(305) PSYoungGen: 1873440K(1982464K)->1104K(1996288K) Eden: 1872384K(1872384K)->0K(1890304K) From: 1056K(110080K)->1104K(105984K)
[3131.768s][info ][gc,heap        ] GC(305) ParOldGen: 335785K(395776K)->335785K(395776K)
[3131.768s][info ][gc,metaspace   ] GC(305) Metaspace: 83437K(84480K)->83437K(84480K) NonClass: 71482K(72064K)->71482K(72064K) Class: 11955K(12416K)->11955K(12416K)
[3131.768s][info ][gc             ] GC(305) Pause Young (Allocation Failure) 2157M->328M(2336M) 3.199ms
[3131.768s][info ][gc,cpu         ] GC(305) User=0.01s Sys=0.00s Real=0.01s
[3131.768s][info ][safepoint      ] Safepoint "ParallelGCFailedAllocation", Time since last: 1541427952 ns, Reaching safepoint: 5700 ns, Cleanup: 30499 ns, At safepoint: 3278500 ns, Total: 3314699 ns
[3134.769s][info ][safepoint      ] Safepoint "Cleanup", Time since last: 3000215921 ns, Reaching safepoint: 6600 ns, Cleanup: 38200 ns, At safepoint: 4300 ns, Total: 49100 ns
[3139.868s][info ][gc,start       ] GC(306) Pause Young (Allocation Failure)
[3139.870s][debug][gc,phases      ] GC(306) Scavenge 2.353ms
[3139.870s][debug][gc,ref         ] GC(306) Skipped phase 1 of Reference Processing: no references
[3139.870s][debug][gc,ref         ] GC(306) ReferenceProcessor::execute queues: 1, RefProcThreadModel::Single, marks_oops_alive: false
[3139.870s][debug][gc,ref         ] GC(306) ReferenceProcessor::execute queues: 4, RefProcThreadModel::Multi, marks_oops_alive: true
[3139.871s][debug][gc,ref         ] GC(306) Skipped phase 4 of Reference Processing: no references
[3139.871s][debug][gc,phases      ] GC(306) Reference Processing 0.401ms
[3139.871s][debug][gc,phases      ] GC(306)   VM Weak                        Min:  0.0, Avg:  0.0, Max:  0.0, Diff:  0.0, Sum:  0.0, Workers: 4
[3139.871s][debug][gc,phases      ] GC(306)     Dead                           Min: 0, Avg:  0.0, Max: 0, Diff: 0, Sum: 0, Workers: 4
[3139.871s][debug][gc,phases      ] GC(306)     Total                          Min: 0, Avg: 146.0, Max: 391, Diff: 391, Sum: 584, Workers: 4
[3139.871s][debug][gc,phases      ] GC(306)   ObjectSynchronizer Weak        Min:  0.0, Avg:  0.0, Max:  0.0, Diff:  0.0, Sum:  0.0, Workers: 4
[3139.871s][debug][gc,phases      ] GC(306)     Dead                           Min: 0, Avg:  0.0, Max: 0, Diff: 0, Sum: 0, Workers: 4
[3139.871s][debug][gc,phases      ] GC(306)     Total                          Min: 0, Avg:  1.2, Max: 5, Diff: 5, Sum: 5, Workers: 4
[3139.871s][debug][gc,phases      ] GC(306)   JVMTI Tag Weak OopStorage      Min:  0.0, Avg:  0.0, Max:  0.0, Diff:  0.0, Sum:  0.0, Workers: 4
[3139.871s][debug][gc,phases      ] GC(306)     Dead                           Min: 0, Avg:  0.0, Max: 0, Diff: 0, Sum: 0, Workers: 4
[3139.871s][debug][gc,phases      ] GC(306)     Total                          Min: 0, Avg:  0.0, Max: 0, Diff: 0, Sum: 0, Workers: 4
[3139.871s][debug][gc,phases      ] GC(306)   StringTable Weak               Min:  0.0, Avg:  0.1, Max:  0.1, Diff:  0.1, Sum:  0.4, Workers: 4
[3139.871s][debug][gc,phases      ] GC(306)     Dead                           Min: 0, Avg:  0.0, Max: 0, Diff: 0, Sum: 0, Workers: 4
[3139.871s][debug][gc,phases      ] GC(306)     Total                          Min: 0, Avg: 10951.8, Max: 14976, Diff: 14976, Sum: 43807, Workers: 4
[3139.871s][debug][gc,phases      ] GC(306)   ResolvedMethodTable Weak       Min:  0.0, Avg:  0.0, Max:  0.0, Diff:  0.0, Sum:  0.1, Workers: 4
[3139.871s][debug][gc,phases      ] GC(306)     Dead                           Min: 0, Avg:  0.0, Max: 0, Diff: 0, Sum: 0, Workers: 4
[3139.871s][debug][gc,phases      ] GC(306)     Total                          Min: 0, Avg: 2444.5, Max: 3442, Diff: 3442, Sum: 9778, Workers: 4
[3139.871s][debug][gc,phases      ] GC(306)   JNI Weak                       Min:  0.0, Avg:  0.0, Max:  0.0, Diff:  0.0, Sum:  0.0, Workers: 4
[3139.871s][debug][gc,phases      ] GC(306)     Dead                           Min: 0, Avg:  0.0, Max: 0, Diff: 0, Sum: 0, Workers: 4
[3139.871s][debug][gc,phases      ] GC(306)     Total                          Min: 0, Avg: 11.2, Max: 45, Diff: 45, Sum: 45, Workers: 4
[3139.871s][debug][gc,phases      ] GC(306)   StringDedup Table Weak         Min:  0.0, Avg:  0.0, Max:  0.0, Diff:  0.0, Sum:  0.0, Workers: 4
[3139.871s][debug][gc,phases      ] GC(306)     Dead                           Min: 0, Avg:  0.0, Max: 0, Diff: 0, Sum: 0, Workers: 4
[3139.871s][debug][gc,phases      ] GC(306)     Total                          Min: 0, Avg:  0.0, Max: 0, Diff: 0, Sum: 0, Workers: 4
[3139.871s][debug][gc,phases      ] GC(306)   StringDedup Requests0 Weak     Min:  0.0, Avg:  0.0, Max:  0.0, Diff:  0.0, Sum:  0.0, Workers: 4
[3139.871s][debug][gc,phases      ] GC(306)     Dead                           Min: 0, Avg:  0.0, Max: 0, Diff: 0, Sum: 0, Workers: 4
[3139.871s][debug][gc,phases      ] GC(306)     Total                          Min: 0, Avg:  0.0, Max: 0, Diff: 0, Sum: 0, Workers: 4
[3139.871s][debug][gc,phases      ] GC(306)   StringDedup Requests1 Weak     Min:  0.0, Avg:  0.0, Max:  0.0, Diff:  0.0, Sum:  0.0, Workers: 4
[3139.871s][debug][gc,phases      ] GC(306)     Dead                           Min: 0, Avg:  0.0, Max: 0, Diff: 0, Sum: 0, Workers: 4
[3139.871s][debug][gc,phases      ] GC(306)     Total                          Min: 0, Avg:  0.0, Max: 0, Diff: 0, Sum: 0, Workers: 4
[3139.871s][debug][gc,phases      ] GC(306)   Weak JFR Old Object Samples    Min:  0.0, Avg:  0.0, Max:  0.0, Diff:  0.0, Sum:  0.0, Workers: 4
[3139.871s][debug][gc,phases      ] GC(306)     Dead                           Min: 0, Avg:  0.0, Max: 0, Diff: 0, Sum: 0, Workers: 4
[3139.871s][debug][gc,phases      ] GC(306)     Total                          Min: 0, Avg:  0.0, Max: 0, Diff: 0, Sum: 0, Workers: 4
[3139.871s][debug][gc,phases      ] GC(306) Weak Processing 0.400ms
[3139.871s][debug][gc,age         ] GC(306) Desired survivor size 98566144 bytes, new threshold 15 (max threshold 15)
[3139.871s][info ][gc,heap        ] GC(306) PSYoungGen: 1891408K(1996288K)->1088K(1991168K) Eden: 1890304K(1890304K)->0K(1890304K) From: 1104K(105984K)->1088K(100864K)
[3139.871s][info ][gc,heap        ] GC(306) ParOldGen: 335785K(395776K)->335785K(395776K)
[3139.871s][info ][gc,metaspace   ] GC(306) Metaspace: 83438K(84480K)->83438K(84480K) NonClass: 71482K(72064K)->71482K(72064K) Class: 11955K(12416K)->11955K(12416K)
[3139.871s][info ][gc             ] GC(306) Pause Young (Allocation Failure) 2174M->328M(2331M) 3.256ms
[3139.871s][info ][gc,cpu         ] GC(306) User=0.01s Sys=0.00s Real=0.00s
[3139.871s][info ][safepoint      ] Safepoint "ParallelGCFailedAllocation", Time since last: 5099206031 ns, Reaching safepoint: 5400 ns, Cleanup: 20200 ns, At safepoint: 3342099 ns, Total: 3367699 ns
[3147.971s][info ][gc,start       ] GC(307) Pause Young (Allocation Failure)
[3147.984s][debug][gc,phases      ] GC(307) Scavenge 12.945ms
[3147.984s][debug][gc,ref         ] GC(307) Skipped phase 1 of Reference Processing: no references
[3147.984s][debug][gc,ref         ] GC(307) Skipped phase 2 of Reference Processing: no references
[3147.984s][debug][gc,ref         ] GC(307) Skipped phase 3 of Reference Processing: no references
[3147.984s][debug][gc,ref         ] GC(307) Skipped phase 4 of Reference Processing: no references
[3147.984s][debug][gc,phases      ] GC(307) Reference Processing 0.028ms
[3147.984s][debug][gc,phases      ] GC(307)   VM Weak                        Min:  0.0, Avg:  0.0, Max:  0.0, Diff:  0.0, Sum:  0.0, Workers: 4
[3147.984s][debug][gc,phases      ] GC(307)     Dead                           Min: 0, Avg:  0.0, Max: 0, Diff: 0, Sum: 0, Workers: 4
[3147.984s][debug][gc,phases      ] GC(307)     Total                          Min: 0, Avg: 146.0, Max: 391, Diff: 391, Sum: 584, Workers: 4
[3147.984s][debug][gc,phases      ] GC(307)   ObjectSynchronizer Weak        Min:  0.0, Avg:  0.0, Max:  0.0, Diff:  0.0, Sum:  0.0, Workers: 4
[3147.984s][debug][gc,phases      ] GC(307)     Dead                           Min: 0, Avg:  0.0, Max: 0, Diff: 0, Sum: 0, Workers: 4
[3147.984s][debug][gc,phases      ] GC(307)     Total                          Min: 0, Avg:  1.2, Max: 5, Diff: 5, Sum: 5, Workers: 4
[3147.984s][debug][gc,phases      ] GC(307)   JVMTI Tag Weak OopStorage      Min:  0.0, Avg:  0.0, Max:  0.0, Diff:  0.0, Sum:  0.0, Workers: 4
[3147.984s][debug][gc,phases      ] GC(307)     Dead                           Min: 0, Avg:  0.0, Max: 0, Diff: 0, Sum: 0, Workers: 4
[3147.984s][debug][gc,phases      ] GC(307)     Total                          Min: 0, Avg:  0.0, Max: 0, Diff: 0, Sum: 0, Workers: 4
[3147.984s][debug][gc,phases      ] GC(307)   StringTable Weak               Min:  0.0, Avg:  0.1, Max:  0.2, Diff:  0.2, Sum:  0.4, Workers: 4
[3147.984s][debug][gc,phases      ] GC(307)     Dead                           Min: 0, Avg:  0.0, Max: 0, Diff: 0, Sum: 0, Workers: 4
[3147.984s][debug][gc,phases      ] GC(307)     Total                          Min: 0, Avg: 10951.8, Max: 22175, Diff: 22175, Sum: 43807, Workers: 4
[3147.984s][debug][gc,phases      ] GC(307)   ResolvedMethodTable Weak       Min:  0.0, Avg:  0.0, Max:  0.0, Diff:  0.0, Sum:  0.1, Workers: 4
[3147.984s][debug][gc,phases      ] GC(307)     Dead                           Min: 0, Avg:  0.0, Max: 0, Diff: 0, Sum: 0, Workers: 4
[3147.984s][debug][gc,phases      ] GC(307)     Total                          Min: 0, Avg: 2444.5, Max: 4925, Diff: 4925, Sum: 9778, Workers: 4
[3147.984s][debug][gc,phases      ] GC(307)   JNI Weak                       Min:  0.0, Avg:  0.0, Max:  0.0, Diff:  0.0, Sum:  0.0, Workers: 4
[3147.984s][debug][gc,phases      ] GC(307)     Dead                           Min: 0, Avg:  0.0, Max: 0, Diff: 0, Sum: 0, Workers: 4
[3147.984s][debug][gc,phases      ] GC(307)     Total                          Min: 0, Avg: 11.2, Max: 45, Diff: 45, Sum: 45, Workers: 4
[3147.984s][debug][gc,phases      ] GC(307)   StringDedup Table Weak         Min:  0.0, Avg:  0.0, Max:  0.0, Diff:  0.0, Sum:  0.0, Workers: 4
[3147.984s][debug][gc,phases      ] GC(307)     Dead                           Min: 0, Avg:  0.0, Max: 0, Diff: 0, Sum: 0, Workers: 4
[3147.984s][debug][gc,phases      ] GC(307)     Total                          Min: 0, Avg:  0.0, Max: 0, Diff: 0, Sum: 0, Workers: 4
[3147.984s][debug][gc,phases      ] GC(307)   StringDedup Requests0 Weak     Min:  0.0, Avg:  0.0, Max:  0.0, Diff:  0.0, Sum:  0.0, Workers: 4
[3147.984s][debug][gc,phases      ] GC(307)     Dead                           Min: 0, Avg:  0.0, Max: 0, Diff: 0, Sum: 0, Workers: 4
[3147.984s][debug][gc,phases      ] GC(307)     Total                          Min: 0, Avg:  0.0, Max: 0, Diff: 0, Sum: 0, Workers: 4
[3147.984s][debug][gc,phases      ] GC(307)   StringDedup Requests1 Weak     Min:  0.0, Avg:  0.0, Max:  0.0, Diff:  0.0, Sum:  0.0, Workers: 4
[3147.984s][debug][gc,phases      ] GC(307)     Dead                           Min: 0, Avg:  0.0, Max: 0, Diff: 0, Sum: 0, Workers: 4
[3147.984s][debug][gc,phases      ] GC(307)     Total                          Min: 0, Avg:  0.0, Max: 0, Diff: 0, Sum: 0, Workers: 4
[3147.984s][debug][gc,phases      ] GC(307)   Weak JFR Old Object Samples    Min:  0.0, Avg:  0.0, Max:  0.0, Diff:  0.0, Sum:  0.0, Workers: 4
[3147.984s][debug][gc,phases      ] GC(307)     Dead                           Min: 0, Avg:  0.0, Max: 0, Diff: 0, Sum: 0, Workers: 4
[3147.984s][debug][gc,phases      ] GC(307)     Total                          Min: 0, Avg:  0.0, Max: 0, Diff: 0, Sum: 0, Workers: 4
[3147.984s][debug][gc,phases      ] GC(307) Weak Processing 0.466ms
[3147.984s][debug][gc,age         ] GC(307) Desired survivor size 93323264 bytes, new threshold 15 (max threshold 15)
[3147.984s][info ][gc,heap        ] GC(307) PSYoungGen: 1891392K(1991168K)->1568K(2006016K) Eden: 1890304K(1890304K)->0K(1909760K) From: 1088K(100864K)->1568K(96256K)
[3147.984s][info ][gc,heap        ] GC(307) ParOldGen: 335785K(395776K)->335785K(395776K)
[3147.984s][info ][gc,metaspace   ] GC(307) Metaspace: 83438K(84480K)->83438K(84480K) NonClass: 71482K(72064K)->71482K(72064K) Class: 11955K(12416K)->11955K(12416K)
[3147.985s][info ][gc             ] GC(307) Pause Young (Allocation Failure) 2174M->329M(2345M) 13.572ms
[3147.985s][info ][gc,cpu         ] GC(307) User=0.01s Sys=0.00s Real=0.01s
[3147.985s][info ][safepoint      ] Safepoint "ParallelGCFailedAllocation", Time since last: 8099598107 ns, Reaching safepoint: 73399 ns, Cleanup: 32600 ns, At safepoint: 13655696 ns, Total: 13761695 ns
[3155.719s][info ][gc,start       ] GC(308) Pause Young (Allocation Failure)
[3155.721s][debug][gc,phases      ] GC(308) Scavenge 2.419ms
[3155.721s][debug][gc,ref         ] GC(308) Skipped phase 1 of Reference Processing: no references
[3155.721s][debug][gc,ref         ] GC(308) Skipped phase 2 of Reference Processing: no references
[3155.721s][debug][gc,ref         ] GC(308) Skipped phase 3 of Reference Processing: no references
[3155.721s][debug][gc,ref         ] GC(308) Skipped phase 4 of Reference Processing: no references
[3155.721s][debug][gc,phases      ] GC(308) Reference Processing 0.022ms
[3155.722s][debug][gc,phases      ] GC(308)   VM Weak                        Min:  0.0, Avg:  0.0, Max:  0.0, Diff:  0.0, Sum:  0.0, Workers: 4
[3155.722s][debug][gc,phases      ] GC(308)     Dead                           Min: 0, Avg:  0.0, Max: 0, Diff: 0, Sum: 0, Workers: 4
[3155.722s][debug][gc,phases      ] GC(308)     Total                          Min: 0, Avg: 146.0, Max: 303, Diff: 303, Sum: 584, Workers: 4
[3155.722s][debug][gc,phases      ] GC(308)   ObjectSynchronizer Weak        Min:  0.0, Avg:  0.0, Max:  0.0, Diff:  0.0, Sum:  0.0, Workers: 4
[3155.722s][debug][gc,phases      ] GC(308)     Dead                           Min: 0, Avg:  0.0, Max: 0, Diff: 0, Sum: 0, Workers: 4
[3155.722s][debug][gc,phases      ] GC(308)     Total                          Min: 0, Avg:  1.2, Max: 5, Diff: 5, Sum: 5, Workers: 4
[3155.722s][debug][gc,phases      ] GC(308)   JVMTI Tag Weak OopStorage      Min:  0.0, Avg:  0.0, Max:  0.0, Diff:  0.0, Sum:  0.0, Workers: 4
[3155.722s][debug][gc,phases      ] GC(308)     Dead                           Min: 0, Avg:  0.0, Max: 0, Diff: 0, Sum: 0, Workers: 4
[3155.722s][debug][gc,phases      ] GC(308)     Total                          Min: 0, Avg:  0.0, Max: 0, Diff: 0, Sum: 0, Workers: 4
[3155.722s][debug][gc,phases      ] GC(308)   StringTable Weak               Min:  0.0, Avg:  0.1, Max:  0.1, Diff:  0.1, Sum:  0.4, Workers: 4
[3155.722s][debug][gc,phases      ] GC(308)     Dead                           Min: 0, Avg:  0.0, Max: 0, Diff: 0, Sum: 0, Workers: 4
[3155.722s][debug][gc,phases      ] GC(308)     Total                          Min: 0, Avg: 10951.8, Max: 17984, Diff: 17984, Sum: 43807, Workers: 4
[3155.722s][debug][gc,phases      ] GC(308)   ResolvedMethodTable Weak       Min:  0.0, Avg:  0.0, Max:  0.0, Diff:  0.0, Sum:  0.1, Workers: 4
[3155.722s][debug][gc,phases      ] GC(308)     Dead                           Min: 0, Avg:  0.0, Max: 0, Diff: 0, Sum: 0, Workers: 4
[3155.722s][debug][gc,phases      ] GC(308)     Total                          Min: 0, Avg: 2444.5, Max: 4338, Diff: 4338, Sum: 9778, Workers: 4
[3155.722s][debug][gc,phases      ] GC(308)   JNI Weak                       Min:  0.0, Avg:  0.0, Max:  0.0, Diff:  0.0, Sum:  0.0, Workers: 4
[3155.722s][debug][gc,phases      ] GC(308)     Dead                           Min: 0, Avg:  0.0, Max: 0, Diff: 0, Sum: 0, Workers: 4
[3155.722s][debug][gc,phases      ] GC(308)     Total                          Min: 0, Avg: 11.2, Max: 45, Diff: 45, Sum: 45, Workers: 4
[3155.722s][debug][gc,phases      ] GC(308)   StringDedup Table Weak         Min:  0.0, Avg:  0.0, Max:  0.0, Diff:  0.0, Sum:  0.0, Workers: 4
[3155.722s][debug][gc,phases      ] GC(308)     Dead                           Min: 0, Avg:  0.0, Max: 0, Diff: 0, Sum: 0, Workers: 4
[3155.722s][debug][gc,phases      ] GC(308)     Total                          Min: 0, Avg:  0.0, Max: 0, Diff: 0, Sum: 0, Workers: 4
[3155.722s][debug][gc,phases      ] GC(308)   StringDedup Requests0 Weak     Min:  0.0, Avg:  0.0, Max:  0.0, Diff:  0.0, Sum:  0.0, Workers: 4
[3155.722s][debug][gc,phases      ] GC(308)     Dead                           Min: 0, Avg:  0.0, Max: 0, Diff: 0, Sum: 0, Workers: 4
[3155.722s][debug][gc,phases      ] GC(308)     Total                          Min: 0, Avg:  0.0, Max: 0, Diff: 0, Sum: 0, Workers: 4
[3155.722s][debug][gc,phases      ] GC(308)   StringDedup Requests1 Weak     Min:  0.0, Avg:  0.0, Max:  0.0, Diff:  0.0, Sum:  0.0, Workers: 4
[3155.722s][debug][gc,phases      ] GC(308)     Dead                           Min: 0, Avg:  0.0, Max: 0, Diff: 0, Sum: 0, Workers: 4
[3155.722s][debug][gc,phases      ] GC(308)     Total                          Min: 0, Avg:  0.0, Max: 0, Diff: 0, Sum: 0, Workers: 4
[3155.722s][debug][gc,phases      ] GC(308)   Weak JFR Old Object Samples    Min:  0.0, Avg:  0.0, Max:  0.0, Diff:  0.0, Sum:  0.0, Workers: 4
[3155.722s][debug][gc,phases      ] GC(308)     Dead                           Min: 0, Avg:  0.0, Max: 0, Diff: 0, Sum: 0, Workers: 4
[3155.722s][debug][gc,phases      ] GC(308)     Total                          Min: 0, Avg:  0.0, Max: 0, Diff: 0, Sum: 0, Workers: 4
[3155.722s][debug][gc,phases      ] GC(308) Weak Processing 0.321ms
[3155.722s][debug][gc,age         ] GC(308) Desired survivor size 88604672 bytes, new threshold 15 (max threshold 15)
[3155.722s][info ][gc,heap        ] GC(308) PSYoungGen: 1911328K(2006016K)->1472K(2000896K) Eden: 1909760K(1909760K)->0K(1909760K) From: 1568K(96256K)->1472K(91136K)
[3155.722s][info ][gc,heap        ] GC(308) ParOldGen: 335785K(395776K)->335785K(395776K)
[3155.722s][info ][gc,metaspace   ] GC(308) Metaspace: 83438K(84480K)->83438K(84480K) NonClass: 71482K(72064K)->71482K(72064K) Class: 11955K(12416K)->11955K(12416K)
[3155.722s][info ][gc             ] GC(308) Pause Young (Allocation Failure) 2194M->329M(2340M) 2.859ms
[3155.722s][info ][gc,cpu         ] GC(308) User=0.01s Sys=0.00s Real=0.01s
[3155.722s][info ][safepoint      ] Safepoint "ParallelGCFailedAllocation", Time since last: 7734358253 ns, Reaching safepoint: 5300 ns, Cleanup: 30300 ns, At safepoint: 2936000 ns, Total: 2971600 ns
[3157.722s][info ][safepoint      ] Safepoint "Cleanup", Time since last: 2000143019 ns, Reaching safepoint: 4200 ns, Cleanup: 33700 ns, At safepoint: 7800 ns, Total: 45700 ns
[3158.722s][info ][safepoint      ] Safepoint "Cleanup", Time since last: 1000131055 ns, Reaching safepoint: 76700 ns, Cleanup: 48900 ns, At safepoint: 4900 ns, Total: 130500 ns
[3163.317s][info ][gc,start       ] GC(309) Pause Young (Allocation Failure)
[3163.323s][debug][gc,phases      ] GC(309) Scavenge 5.723ms
[3163.323s][debug][gc,ref         ] GC(309) Skipped phase 1 of Reference Processing: no references
[3163.323s][debug][gc,ref         ] GC(309) ReferenceProcessor::execute queues: 1, RefProcThreadModel::Single, marks_oops_alive: false
[3163.323s][debug][gc,ref         ] GC(309) Skipped phase 3 of Reference Processing: no references
[3163.323s][debug][gc,ref         ] GC(309) Skipped phase 4 of Reference Processing: no references
[3163.323s][debug][gc,phases      ] GC(309) Reference Processing 0.099ms
[3163.323s][debug][gc,phases      ] GC(309)   VM Weak                        Min:  0.0, Avg:  0.0, Max:  0.0, Diff:  0.0, Sum:  0.0, Workers: 4
[3163.323s][debug][gc,phases      ] GC(309)     Dead                           Min: 0, Avg:  0.0, Max: 0, Diff: 0, Sum: 0, Workers: 4
[3163.323s][debug][gc,phases      ] GC(309)     Total                          Min: 0, Avg: 146.0, Max: 528, Diff: 528, Sum: 584, Workers: 4
[3163.323s][debug][gc,phases      ] GC(309)   ObjectSynchronizer Weak        Min:  0.0, Avg:  0.0, Max:  0.0, Diff:  0.0, Sum:  0.0, Workers: 4
[3163.323s][debug][gc,phases      ] GC(309)     Dead                           Min: 0, Avg:  0.0, Max: 0, Diff: 0, Sum: 0, Workers: 4
[3163.323s][debug][gc,phases      ] GC(309)     Total                          Min: 0, Avg:  1.8, Max: 7, Diff: 7, Sum: 7, Workers: 4
[3163.323s][debug][gc,phases      ] GC(309)   JVMTI Tag Weak OopStorage      Min:  0.0, Avg:  0.0, Max:  0.0, Diff:  0.0, Sum:  0.0, Workers: 4
[3163.323s][debug][gc,phases      ] GC(309)     Dead                           Min: 0, Avg:  0.0, Max: 0, Diff: 0, Sum: 0, Workers: 4
[3163.323s][debug][gc,phases      ] GC(309)     Total                          Min: 0, Avg:  0.0, Max: 0, Diff: 0, Sum: 0, Workers: 4
[3163.323s][debug][gc,phases      ] GC(309)   StringTable Weak               Min:  0.0, Avg:  0.1, Max:  0.1, Diff:  0.1, Sum:  0.3, Workers: 4
[3163.323s][debug][gc,phases      ] GC(309)     Dead                           Min: 0, Avg:  0.0, Max: 0, Diff: 0, Sum: 0, Workers: 4
[3163.323s][debug][gc,phases      ] GC(309)     Total                          Min: 0, Avg: 10951.8, Max: 27679, Diff: 27679, Sum: 43807, Workers: 4
[3163.323s][debug][gc,phases      ] GC(309)   ResolvedMethodTable Weak       Min:  0.0, Avg:  0.0, Max:  0.0, Diff:  0.0, Sum:  0.1, Workers: 4
[3163.323s][debug][gc,phases      ] GC(309)     Dead                           Min: 0, Avg:  0.0, Max: 0, Diff: 0, Sum: 0, Workers: 4
[3163.323s][debug][gc,phases      ] GC(309)     Total                          Min: 0, Avg: 2444.5, Max: 6141, Diff: 6141, Sum: 9778, Workers: 4
[3163.323s][debug][gc,phases      ] GC(309)   JNI Weak                       Min:  0.0, Avg:  0.0, Max:  0.0, Diff:  0.0, Sum:  0.0, Workers: 4
[3163.323s][debug][gc,phases      ] GC(309)     Dead                           Min: 0, Avg:  0.0, Max: 0, Diff: 0, Sum: 0, Workers: 4
[3163.323s][debug][gc,phases      ] GC(309)     Total                          Min: 0, Avg: 11.2, Max: 45, Diff: 45, Sum: 45, Workers: 4
[3163.323s][debug][gc,phases      ] GC(309)   StringDedup Table Weak         Min:  0.0, Avg:  0.0, Max:  0.0, Diff:  0.0, Sum:  0.0, Workers: 4
[3163.323s][debug][gc,phases      ] GC(309)     Dead                           Min: 0, Avg:  0.0, Max: 0, Diff: 0, Sum: 0, Workers: 4
[3163.323s][debug][gc,phases      ] GC(309)     Total                          Min: 0, Avg:  0.0, Max: 0, Diff: 0, Sum: 0, Workers: 4
[3163.323s][debug][gc,phases      ] GC(309)   StringDedup Requests0 Weak     Min:  0.0, Avg:  0.0, Max:  0.0, Diff:  0.0, Sum:  0.0, Workers: 4
[3163.323s][debug][gc,phases      ] GC(309)     Dead                           Min: 0, Avg:  0.0, Max: 0, Diff: 0, Sum: 0, Workers: 4
[3163.324s][debug][gc,phases      ] GC(309)     Total                          Min: 0, Avg:  0.0, Max: 0, Diff: 0, Sum: 0, Workers: 4
[3163.324s][debug][gc,phases      ] GC(309)   StringDedup Requests1 Weak     Min:  0.0, Avg:  0.0, Max:  0.0, Diff:  0.0, Sum:  0.0, Workers: 4
[3163.324s][debug][gc,phases      ] GC(309)     Dead                           Min: 0, Avg:  0.0, Max: 0, Diff: 0, Sum: 0, Workers: 4
[3163.324s][debug][gc,phases      ] GC(309)     Total                          Min: 0, Avg:  0.0, Max: 0, Diff: 0, Sum: 0, Workers: 4
[3163.324s][debug][gc,phases      ] GC(309)   Weak JFR Old Object Samples    Min:  0.0, Avg:  0.0, Max:  0.0, Diff:  0.0, Sum:  0.0, Workers: 4
[3163.324s][debug][gc,phases      ] GC(309)     Dead                           Min: 0, Avg:  0.0, Max: 0, Diff: 0, Sum: 0, Workers: 4
[3163.324s][debug][gc,phases      ] GC(309)     Total                          Min: 0, Avg:  0.0, Max: 0, Diff: 0, Sum: 0, Workers: 4
[3163.324s][debug][gc,phases      ] GC(309) Weak Processing 0.347ms
[3163.324s][debug][gc,age         ] GC(309) Desired survivor size 83361792 bytes, new threshold 15 (max threshold 15)
[3163.324s][info ][gc,heap        ] GC(309) PSYoungGen: 1911232K(2000896K)->2032K(2015744K) Eden: 1909760K(1909760K)->0K(1929216K) From: 1472K(91136K)->2032K(86528K)
[3163.324s][info ][gc,heap        ] GC(309) ParOldGen: 335785K(395776K)->335785K(395776K)
[3163.324s][info ][gc,metaspace   ] GC(309) Metaspace: 83445K(84480K)->83445K(84480K) NonClass: 71489K(72064K)->71489K(72064K) Class: 11955K(12416K)->11955K(12416K)
[3163.324s][info ][gc             ] GC(309) Pause Young (Allocation Failure) 2194M->329M(2355M) 6.260ms
[3163.324s][info ][gc,cpu         ] GC(309) User=0.02s Sys=0.00s Real=0.01s
[3163.324s][info ][safepoint      ] Safepoint "ParallelGCFailedAllocation", Time since last: 4594801432 ns, Reaching safepoint: 75600 ns, Cleanup: 39000 ns, At safepoint: 6348299 ns, Total: 6462899 ns
[3172.363s][info ][gc,start       ] GC(310) Pause Young (Allocation Failure)
[3172.367s][debug][gc,phases      ] GC(310) Scavenge 3.459ms
[3172.367s][debug][gc,ref         ] GC(310) Skipped phase 1 of Reference Processing: no references
[3172.367s][debug][gc,ref         ] GC(310) ReferenceProcessor::execute queues: 1, RefProcThreadModel::Single, marks_oops_alive: false
[3172.367s][debug][gc,ref         ] GC(310) Skipped phase 3 of Reference Processing: no references
[3172.367s][debug][gc,ref         ] GC(310) Skipped phase 4 of Reference Processing: no references
[3172.367s][debug][gc,phases      ] GC(310) Reference Processing 0.087ms
[3172.367s][debug][gc,phases      ] GC(310)   VM Weak                        Min:  0.0, Avg:  0.0, Max:  0.0, Diff:  0.0, Sum:  0.0, Workers: 4
[3172.367s][debug][gc,phases      ] GC(310)     Dead                           Min: 0, Avg:  0.0, Max: 0, Diff: 0, Sum: 0, Workers: 4
[3172.367s][debug][gc,phases      ] GC(310)     Total                          Min: 0, Avg: 146.0, Max: 357, Diff: 357, Sum: 584, Workers: 4
[3172.367s][debug][gc,phases      ] GC(310)   ObjectSynchronizer Weak        Min:  0.0, Avg:  0.0, Max:  0.0, Diff:  0.0, Sum:  0.0, Workers: 4
[3172.367s][debug][gc,phases      ] GC(310)     Dead                           Min: 0, Avg:  0.0, Max: 0, Diff: 0, Sum: 0, Workers: 4
[3172.367s][debug][gc,phases      ] GC(310)     Total                          Min: 0, Avg:  1.8, Max: 7, Diff: 7, Sum: 7, Workers: 4
[3172.367s][debug][gc,phases      ] GC(310)   JVMTI Tag Weak OopStorage      Min:  0.0, Avg:  0.0, Max:  0.0, Diff:  0.0, Sum:  0.0, Workers: 4
[3172.367s][debug][gc,phases      ] GC(310)     Dead                           Min: 0, Avg:  0.0, Max: 0, Diff: 0, Sum: 0, Workers: 4
[3172.367s][debug][gc,phases      ] GC(310)     Total                          Min: 0, Avg:  0.0, Max: 0, Diff: 0, Sum: 0, Workers: 4
[3172.367s][debug][gc,phases      ] GC(310)   StringTable Weak               Min:  0.0, Avg:  0.1, Max:  0.1, Diff:  0.1, Sum:  0.4, Workers: 4
[3172.367s][debug][gc,phases      ] GC(310)     Dead                           Min: 0, Avg:  0.0, Max: 0, Diff: 0, Sum: 0, Workers: 4
[3172.367s][debug][gc,phases      ] GC(310)     Total                          Min: 0, Avg: 10951.8, Max: 14848, Diff: 14848, Sum: 43807, Workers: 4
[3172.367s][debug][gc,phases      ] GC(310)   ResolvedMethodTable Weak       Min:  0.0, Avg:  0.0, Max:  0.0, Diff:  0.0, Sum:  0.1, Workers: 4
[3172.367s][debug][gc,phases      ] GC(310)     Dead                           Min: 0, Avg:  0.0, Max: 0, Diff: 0, Sum: 0, Workers: 4
[3172.367s][debug][gc,phases      ] GC(310)     Total                          Min: 0, Avg: 2444.5, Max: 3381, Diff: 3381, Sum: 9778, Workers: 4
[3172.367s][debug][gc,phases      ] GC(310)   JNI Weak                       Min:  0.0, Avg:  0.0, Max:  0.0, Diff:  0.0, Sum:  0.0, Workers: 4
[3172.367s][debug][gc,phases      ] GC(310)     Dead                           Min: 0, Avg:  0.0, Max: 0, Diff: 0, Sum: 0, Workers: 4
[3172.367s][debug][gc,phases      ] GC(310)     Total                          Min: 0, Avg: 11.2, Max: 45, Diff: 45, Sum: 45, Workers: 4
[3172.367s][debug][gc,phases      ] GC(310)   StringDedup Table Weak         Min:  0.0, Avg:  0.0, Max:  0.0, Diff:  0.0, Sum:  0.0, Workers: 4
[3172.367s][debug][gc,phases      ] GC(310)     Dead                           Min: 0, Avg:  0.0, Max: 0, Diff: 0, Sum: 0, Workers: 4
[3172.367s][debug][gc,phases      ] GC(310)     Total                          Min: 0, Avg:  0.0, Max: 0, Diff: 0, Sum: 0, Workers: 4
[3172.367s][debug][gc,phases      ] GC(310)   StringDedup Requests0 Weak     Min:  0.0, Avg:  0.0, Max:  0.0, Diff:  0.0, Sum:  0.0, Workers: 4
[3172.367s][debug][gc,phases      ] GC(310)     Dead                           Min: 0, Avg:  0.0, Max: 0, Diff: 0, Sum: 0, Workers: 4
[3172.367s][debug][gc,phases      ] GC(310)     Total                          Min: 0, Avg:  0.0, Max: 0, Diff: 0, Sum: 0, Workers: 4
[3172.367s][debug][gc,phases      ] GC(310)   StringDedup Requests1 Weak     Min:  0.0, Avg:  0.0, Max:  0.0, Diff:  0.0, Sum:  0.0, Workers: 4
[3172.367s][debug][gc,phases      ] GC(310)     Dead                           Min: 0, Avg:  0.0, Max: 0, Diff: 0, Sum: 0, Workers: 4
[3172.367s][debug][gc,phases      ] GC(310)     Total                          Min: 0, Avg:  0.0, Max: 0, Diff: 0, Sum: 0, Workers: 4
[3172.367s][debug][gc,phases      ] GC(310)   Weak JFR Old Object Samples    Min:  0.0, Avg:  0.0, Max:  0.0, Diff:  0.0, Sum:  0.0, Workers: 4
[3172.367s][debug][gc,phases      ] GC(310)     Dead                           Min: 0, Avg:  0.0, Max: 0, Diff: 0, Sum: 0, Workers: 4
[3172.367s][debug][gc,phases      ] GC(310)     Total                          Min: 0, Avg:  0.0, Max: 0, Diff: 0, Sum: 0, Workers: 4
[3172.367s][debug][gc,phases      ] GC(310) Weak Processing 0.327ms
[3172.367s][debug][gc,age         ] GC(310) Desired survivor size 78643200 bytes, new threshold 15 (max threshold 15)
[3172.367s][info ][gc,heap        ] GC(310) PSYoungGen: 1931248K(2015744K)->2032K(2010624K) Eden: 1929216K(1929216K)->0K(1929216K) From: 2032K(86528K)->2032K(81408K)
[3172.367s][info ][gc,heap        ] GC(310) ParOldGen: 335785K(395776K)->335785K(395776K)
[3172.367s][info ][gc,metaspace   ] GC(310) Metaspace: 83445K(84480K)->83445K(84480K) NonClass: 71489K(72064K)->71489K(72064K) Class: 11955K(12416K)->11955K(12416K)
[3172.367s][info ][gc             ] GC(310) Pause Young (Allocation Failure) 2213M->329M(2350M) 3.978ms
[3172.367s][info ][gc,cpu         ] GC(310) User=0.01s Sys=0.00s Real=0.00s
[3172.367s][info ][safepoint      ] Safepoint "ParallelGCFailedAllocation", Time since last: 9039796803 ns, Reaching safepoint: 5700 ns, Cleanup: 41600 ns, At safepoint: 4045899 ns, Total: 4093199 ns
[3181.510s][info ][gc,start       ] GC(311) Pause Young (Allocation Failure)
[3181.513s][debug][gc,phases      ] GC(311) Scavenge 2.766ms
[3181.513s][debug][gc,ref         ] GC(311) Skipped phase 1 of Reference Processing: no references
[3181.513s][debug][gc,ref         ] GC(311) ReferenceProcessor::execute queues: 1, RefProcThreadModel::Single, marks_oops_alive: false
[3181.513s][debug][gc,ref         ] GC(311) Skipped phase 3 of Reference Processing: no references
[3181.513s][debug][gc,ref         ] GC(311) Skipped phase 4 of Reference Processing: no references
[3181.513s][debug][gc,phases      ] GC(311) Reference Processing 0.097ms
[3181.514s][debug][gc,phases      ] GC(311)   VM Weak                        Min:  0.0, Avg:  0.0, Max:  0.0, Diff:  0.0, Sum:  0.0, Workers: 4
[3181.514s][debug][gc,phases      ] GC(311)     Dead                           Min: 0, Avg:  0.0, Max: 0, Diff: 0, Sum: 0, Workers: 4
[3181.514s][debug][gc,phases      ] GC(311)     Total                          Min: 0, Avg: 146.0, Max: 584, Diff: 584, Sum: 584, Workers: 4
[3181.514s][debug][gc,phases      ] GC(311)   ObjectSynchronizer Weak        Min:  0.0, Avg:  0.0, Max:  0.0, Diff:  0.0, Sum:  0.0, Workers: 4
[3181.514s][debug][gc,phases      ] GC(311)     Dead                           Min: 0, Avg:  0.0, Max: 0, Diff: 0, Sum: 0, Workers: 4
[3181.514s][debug][gc,phases      ] GC(311)     Total                          Min: 0, Avg:  1.0, Max: 4, Diff: 4, Sum: 4, Workers: 4
[3181.514s][debug][gc,phases      ] GC(311)   JVMTI Tag Weak OopStorage      Min:  0.0, Avg:  0.0, Max:  0.0, Diff:  0.0, Sum:  0.0, Workers: 4
[3181.514s][debug][gc,phases      ] GC(311)     Dead                           Min: 0, Avg:  0.0, Max: 0, Diff: 0, Sum: 0, Workers: 4
[3181.514s][debug][gc,phases      ] GC(311)     Total                          Min: 0, Avg:  0.0, Max: 0, Diff: 0, Sum: 0, Workers: 4
[3181.514s][debug][gc,phases      ] GC(311)   StringTable Weak               Min:  0.0, Avg:  0.1, Max:  0.2, Diff:  0.2, Sum:  0.2, Workers: 4
[3181.514s][debug][gc,phases      ] GC(311)     Dead                           Min: 0, Avg:  0.0, Max: 0, Diff: 0, Sum: 0, Workers: 4
[3181.514s][debug][gc,phases      ] GC(311)     Total                          Min: 0, Avg: 10951.8, Max: 43807, Diff: 43807, Sum: 43807, Workers: 4
[3181.514s][debug][gc,phases      ] GC(311)   ResolvedMethodTable Weak       Min:  0.0, Avg:  0.0, Max:  0.1, Diff:  0.1, Sum:  0.1, Workers: 4
[3181.514s][debug][gc,phases      ] GC(311)     Dead                           Min: 0, Avg:  0.0, Max: 0, Diff: 0, Sum: 0, Workers: 4
[3181.514s][debug][gc,phases      ] GC(311)     Total                          Min: 0, Avg: 2444.5, Max: 9778, Diff: 9778, Sum: 9778, Workers: 4
[3181.514s][debug][gc,phases      ] GC(311)   JNI Weak                       Min:  0.0, Avg:  0.0, Max:  0.0, Diff:  0.0, Sum:  0.0, Workers: 4
[3181.514s][debug][gc,phases      ] GC(311)     Dead                           Min: 0, Avg:  0.0, Max: 0, Diff: 0, Sum: 0, Workers: 4
[3181.514s][debug][gc,phases      ] GC(311)     Total                          Min: 0, Avg: 11.2, Max: 45, Diff: 45, Sum: 45, Workers: 4
[3181.514s][debug][gc,phases      ] GC(311)   StringDedup Table Weak         Min:  0.0, Avg:  0.0, Max:  0.0, Diff:  0.0, Sum:  0.0, Workers: 4
[3181.514s][debug][gc,phases      ] GC(311)     Dead                           Min: 0, Avg:  0.0, Max: 0, Diff: 0, Sum: 0, Workers: 4
[3181.514s][debug][gc,phases      ] GC(311)     Total                          Min: 0, Avg:  0.0, Max: 0, Diff: 0, Sum: 0, Workers: 4
[3181.514s][debug][gc,phases      ] GC(311)   StringDedup Requests0 Weak     Min:  0.0, Avg:  0.0, Max:  0.0, Diff:  0.0, Sum:  0.0, Workers: 4
[3181.514s][debug][gc,phases      ] GC(311)     Dead                           Min: 0, Avg:  0.0, Max: 0, Diff: 0, Sum: 0, Workers: 4
[3181.514s][debug][gc,phases      ] GC(311)     Total                          Min: 0, Avg:  0.0, Max: 0, Diff: 0, Sum: 0, Workers: 4
[3181.514s][debug][gc,phases      ] GC(311)   StringDedup Requests1 Weak     Min:  0.0, Avg:  0.0, Max:  0.0, Diff:  0.0, Sum:  0.0, Workers: 4
[3181.514s][debug][gc,phases      ] GC(311)     Dead                           Min: 0, Avg:  0.0, Max: 0, Diff: 0, Sum: 0, Workers: 4
[3181.514s][debug][gc,phases      ] GC(311)     Total                          Min: 0, Avg:  0.0, Max: 0, Diff: 0, Sum: 0, Workers: 4
[3181.514s][debug][gc,phases      ] GC(311)   Weak JFR Old Object Samples    Min:  0.0, Avg:  0.0, Max:  0.0, Diff:  0.0, Sum:  0.0, Workers: 4
[3181.514s][debug][gc,phases      ] GC(311)     Dead                           Min: 0, Avg:  0.0, Max: 0, Diff: 0, Sum: 0, Workers: 4
[3181.514s][debug][gc,phases      ] GC(311)     Total                          Min: 0, Avg:  0.0, Max: 0, Diff: 0, Sum: 0, Workers: 4
[3181.514s][debug][gc,phases      ] GC(311) Weak Processing 0.452ms
[3181.514s][debug][gc,age         ] GC(311) Desired survivor size 73924608 bytes, new threshold 15 (max threshold 15)
[3181.514s][info ][gc,heap        ] GC(311) PSYoungGen: 1931248K(2010624K)->1984K(2024960K) Eden: 1929216K(1929216K)->0K(1948160K) From: 2032K(81408K)->1984K(76800K)
[3181.514s][info ][gc,heap        ] GC(311) ParOldGen: 335785K(395776K)->335881K(395776K)
[3181.514s][info ][gc,metaspace   ] GC(311) Metaspace: 83445K(84480K)->83445K(84480K) NonClass: 71489K(72064K)->71489K(72064K) Class: 11955K(12416K)->11955K(12416K)
[3181.514s][info ][gc             ] GC(311) Pause Young (Allocation Failure) 2213M->329M(2364M) 3.414ms
[3181.514s][info ][gc,cpu         ] GC(311) User=0.01s Sys=0.00s Real=0.00s
[3181.514s][info ][safepoint      ] Safepoint "ParallelGCFailedAllocation", Time since last: 9142732788 ns, Reaching safepoint: 4500 ns, Cleanup: 17700 ns, At safepoint: 3477500 ns, Total: 3499700 ns
[3184.514s][info ][safepoint      ] Safepoint "Cleanup", Time since last: 3000212514 ns, Reaching safepoint: 76100 ns, Cleanup: 42300 ns, At safepoint: 8500 ns, Total: 126900 ns
[3185.514s][info ][safepoint      ] Safepoint "Cleanup", Time since last: 1000109605 ns, Reaching safepoint: 78100 ns, Cleanup: 45700 ns, At safepoint: 9100 ns, Total: 132900 ns
[3189.515s][info ][safepoint      ] Safepoint "Cleanup", Time since last: 4000311118 ns, Reaching safepoint: 76200 ns, Cleanup: 39500 ns, At safepoint: 14200 ns, Total: 129900 ns
[3189.961s][info ][gc,start       ] GC(312) Pause Young (Allocation Failure)
[3189.965s][debug][gc,phases      ] GC(312) Scavenge 4.016ms
[3189.966s][debug][gc,ref         ] GC(312) Skipped phase 1 of Reference Processing: no references
[3189.966s][debug][gc,ref         ] GC(312) ReferenceProcessor::execute queues: 1, RefProcThreadModel::Single, marks_oops_alive: false
[3189.966s][debug][gc,ref         ] GC(312) Skipped phase 3 of Reference Processing: no references
[3189.966s][debug][gc,ref         ] GC(312) Skipped phase 4 of Reference Processing: no references
[3189.966s][debug][gc,phases      ] GC(312) Reference Processing 0.086ms
[3189.966s][debug][gc,phases      ] GC(312)   VM Weak                        Min:  0.0, Avg:  0.0, Max:  0.0, Diff:  0.0, Sum:  0.0, Workers: 4
[3189.966s][debug][gc,phases      ] GC(312)     Dead                           Min: 0, Avg:  0.0, Max: 0, Diff: 0, Sum: 0, Workers: 4
[3189.966s][debug][gc,phases      ] GC(312)     Total                          Min: 0, Avg: 146.0, Max: 303, Diff: 303, Sum: 584, Workers: 4
[3189.966s][debug][gc,phases      ] GC(312)   ObjectSynchronizer Weak        Min:  0.0, Avg:  0.0, Max:  0.0, Diff:  0.0, Sum:  0.0, Workers: 4
[3189.966s][debug][gc,phases      ] GC(312)     Dead                           Min: 0, Avg:  0.0, Max: 0, Diff: 0, Sum: 0, Workers: 4
[3189.966s][debug][gc,phases      ] GC(312)     Total                          Min: 0, Avg:  1.0, Max: 4, Diff: 4, Sum: 4, Workers: 4
[3189.966s][debug][gc,phases      ] GC(312)   JVMTI Tag Weak OopStorage      Min:  0.0, Avg:  0.0, Max:  0.0, Diff:  0.0, Sum:  0.0, Workers: 4
[3189.966s][debug][gc,phases      ] GC(312)     Dead                           Min: 0, Avg:  0.0, Max: 0, Diff: 0, Sum: 0, Workers: 4
[3189.966s][debug][gc,phases      ] GC(312)     Total                          Min: 0, Avg:  0.0, Max: 0, Diff: 0, Sum: 0, Workers: 4
[3189.966s][debug][gc,phases      ] GC(312)   StringTable Weak               Min:  0.0, Avg:  0.1, Max:  0.2, Diff:  0.2, Sum:  0.4, Workers: 4
[3189.966s][debug][gc,phases      ] GC(312)     Dead                           Min: 0, Avg:  0.0, Max: 0, Diff: 0, Sum: 0, Workers: 4
[3189.966s][debug][gc,phases      ] GC(312)     Total                          Min: 0, Avg: 10951.8, Max: 22111, Diff: 22111, Sum: 43807, Workers: 4
[3189.966s][debug][gc,phases      ] GC(312)   ResolvedMethodTable Weak       Min:  0.0, Avg:  0.0, Max:  0.0, Diff:  0.0, Sum:  0.1, Workers: 4
[3189.966s][debug][gc,phases      ] GC(312)     Dead                           Min: 0, Avg:  0.0, Max: 0, Diff: 0, Sum: 0, Workers: 4
[3189.966s][debug][gc,phases      ] GC(312)     Total                          Min: 0, Avg: 2444.5, Max: 5234, Diff: 5234, Sum: 9778, Workers: 4
[3189.966s][debug][gc,phases      ] GC(312)   JNI Weak                       Min:  0.0, Avg:  0.0, Max:  0.0, Diff:  0.0, Sum:  0.0, Workers: 4
[3189.966s][debug][gc,phases      ] GC(312)     Dead                           Min: 0, Avg:  0.0, Max: 0, Diff: 0, Sum: 0, Workers: 4
[3189.966s][debug][gc,phases      ] GC(312)     Total                          Min: 0, Avg: 11.2, Max: 45, Diff: 45, Sum: 45, Workers: 4
[3189.966s][debug][gc,phases      ] GC(312)   StringDedup Table Weak         Min:  0.0, Avg:  0.0, Max:  0.0, Diff:  0.0, Sum:  0.0, Workers: 4
[3189.966s][debug][gc,phases      ] GC(312)     Dead                           Min: 0, Avg:  0.0, Max: 0, Diff: 0, Sum: 0, Workers: 4
[3189.966s][debug][gc,phases      ] GC(312)     Total                          Min: 0, Avg:  0.0, Max: 0, Diff: 0, Sum: 0, Workers: 4
[3189.966s][debug][gc,phases      ] GC(312)   StringDedup Requests0 Weak     Min:  0.0, Avg:  0.0, Max:  0.0, Diff:  0.0, Sum:  0.0, Workers: 4
[3189.966s][debug][gc,phases      ] GC(312)     Dead                           Min: 0, Avg:  0.0, Max: 0, Diff: 0, Sum: 0, Workers: 4
[3189.966s][debug][gc,phases      ] GC(312)     Total                          Min: 0, Avg:  0.0, Max: 0, Diff: 0, Sum: 0, Workers: 4
[3189.966s][debug][gc,phases      ] GC(312)   StringDedup Requests1 Weak     Min:  0.0, Avg:  0.0, Max:  0.0, Diff:  0.0, Sum:  0.0, Workers: 4
[3189.966s][debug][gc,phases      ] GC(312)     Dead                           Min: 0, Avg:  0.0, Max: 0, Diff: 0, Sum: 0, Workers: 4
[3189.966s][debug][gc,phases      ] GC(312)     Total                          Min: 0, Avg:  0.0, Max: 0, Diff: 0, Sum: 0, Workers: 4
[3189.966s][debug][gc,phases      ] GC(312)   Weak JFR Old Object Samples    Min:  0.0, Avg:  0.0, Max:  0.0, Diff:  0.0, Sum:  0.0, Workers: 4
[3189.966s][debug][gc,phases      ] GC(312)     Dead                           Min: 0, Avg:  0.0, Max: 0, Diff: 0, Sum: 0, Workers: 4
[3189.966s][debug][gc,phases      ] GC(312)     Total                          Min: 0, Avg:  0.0, Max: 0, Diff: 0, Sum: 0, Workers: 4
[3189.966s][debug][gc,phases      ] GC(312) Weak Processing 0.388ms
[3189.966s][debug][gc,age         ] GC(312) Desired survivor size 69730304 bytes, new threshold 15 (max threshold 15)
[3189.966s][info ][gc,heap        ] GC(312) PSYoungGen: 1950144K(2024960K)->1968K(2020352K) Eden: 1948160K(1948160K)->0K(1948160K) From: 1984K(76800K)->1968K(72192K)
[3189.966s][info ][gc,heap        ] GC(312) ParOldGen: 335881K(395776K)->335905K(395776K)
[3189.966s][info ][gc,metaspace   ] GC(312) Metaspace: 83474K(84480K)->83474K(84480K) NonClass: 71518K(72064K)->71518K(72064K) Class: 11955K(12416K)->11955K(12416K)
[3189.966s][info ][gc             ] GC(312) Pause Young (Allocation Failure) 2232M->329M(2359M) 4.576ms
[3189.966s][info ][gc,cpu         ] GC(312) User=0.01s Sys=0.00s Real=0.00s
[3189.966s][info ][safepoint      ] Safepoint "ParallelGCFailedAllocation", Time since last: 446548910 ns, Reaching safepoint: 76800 ns, Cleanup: 27600 ns, At safepoint: 4642499 ns, Total: 4746899 ns
[3193.966s][info ][safepoint      ] Safepoint "Cleanup", Time since last: 4000298092 ns, Reaching safepoint: 84600 ns, Cleanup: 40500 ns, At safepoint: 28500 ns, Total: 153600 ns
[3197.622s][info ][gc,start       ] GC(313) Pause Young (Allocation Failure)
[3197.634s][debug][gc,phases      ] GC(313) Scavenge 12.012ms
[3197.634s][debug][gc,ref         ] GC(313) Skipped phase 1 of Reference Processing: no references
[3197.634s][debug][gc,ref         ] GC(313) ReferenceProcessor::execute queues: 1, RefProcThreadModel::Single, marks_oops_alive: false
[3197.634s][debug][gc,ref         ] GC(313) Skipped phase 3 of Reference Processing: no references
[3197.634s][debug][gc,ref         ] GC(313) Skipped phase 4 of Reference Processing: no references
[3197.634s][debug][gc,phases      ] GC(313) Reference Processing 0.103ms
[3197.635s][debug][gc,phases      ] GC(313)   VM Weak                        Min:  0.0, Avg:  0.0, Max:  0.0, Diff:  0.0, Sum:  0.0, Workers: 4
[3197.635s][debug][gc,phases      ] GC(313)     Dead                           Min: 0, Avg:  0.0, Max: 0, Diff: 0, Sum: 0, Workers: 4
[3197.635s][debug][gc,phases      ] GC(313)     Total                          Min: 0, Avg: 146.0, Max: 584, Diff: 584, Sum: 584, Workers: 4
[3197.635s][debug][gc,phases      ] GC(313)   ObjectSynchronizer Weak        Min:  0.0, Avg:  0.0, Max:  0.0, Diff:  0.0, Sum:  0.0, Workers: 4
[3197.635s][debug][gc,phases      ] GC(313)     Dead                           Min: 0, Avg:  0.0, Max: 0, Diff: 0, Sum: 0, Workers: 4
[3197.635s][debug][gc,phases      ] GC(313)     Total                          Min: 0, Avg:  1.2, Max: 5, Diff: 5, Sum: 5, Workers: 4
[3197.635s][debug][gc,phases      ] GC(313)   JVMTI Tag Weak OopStorage      Min:  0.0, Avg:  0.0, Max:  0.0, Diff:  0.0, Sum:  0.0, Workers: 4
[3197.635s][debug][gc,phases      ] GC(313)     Dead                           Min: 0, Avg:  0.0, Max: 0, Diff: 0, Sum: 0, Workers: 4
[3197.635s][debug][gc,phases      ] GC(313)     Total                          Min: 0, Avg:  0.0, Max: 0, Diff: 0, Sum: 0, Workers: 4
[3197.635s][debug][gc,phases      ] GC(313)   StringTable Weak               Min:  0.0, Avg:  0.1, Max:  0.2, Diff:  0.2, Sum:  0.3, Workers: 4
[3197.635s][debug][gc,phases      ] GC(313)     Dead                           Min: 0, Avg:  0.0, Max: 0, Diff: 0, Sum: 0, Workers: 4
[3197.635s][debug][gc,phases      ] GC(313)     Total                          Min: 0, Avg: 10951.8, Max: 26752, Diff: 26752, Sum: 43807, Workers: 4
[3197.635s][debug][gc,phases      ] GC(313)   ResolvedMethodTable Weak       Min:  0.0, Avg:  0.0, Max:  0.0, Diff:  0.0, Sum:  0.1, Workers: 4
[3197.635s][debug][gc,phases      ] GC(313)     Dead                           Min: 0, Avg:  0.0, Max: 0, Diff: 0, Sum: 0, Workers: 4
[3197.635s][debug][gc,phases      ] GC(313)     Total                          Min: 0, Avg: 2444.5, Max: 5938, Diff: 5938, Sum: 9778, Workers: 4
[3197.635s][debug][gc,phases      ] GC(313)   JNI Weak                       Min:  0.0, Avg:  0.0, Max:  0.0, Diff:  0.0, Sum:  0.0, Workers: 4
[3197.635s][debug][gc,phases      ] GC(313)     Dead                           Min: 0, Avg:  0.0, Max: 0, Diff: 0, Sum: 0, Workers: 4
[3197.635s][debug][gc,phases      ] GC(313)     Total                          Min: 0, Avg: 11.2, Max: 45, Diff: 45, Sum: 45, Workers: 4
[3197.635s][debug][gc,phases      ] GC(313)   StringDedup Table Weak         Min:  0.0, Avg:  0.0, Max:  0.0, Diff:  0.0, Sum:  0.0, Workers: 4
[3197.635s][debug][gc,phases      ] GC(313)     Dead                           Min: 0, Avg:  0.0, Max: 0, Diff: 0, Sum: 0, Workers: 4
[3197.635s][debug][gc,phases      ] GC(313)     Total                          Min: 0, Avg:  0.0, Max: 0, Diff: 0, Sum: 0, Workers: 4
[3197.635s][debug][gc,phases      ] GC(313)   StringDedup Requests0 Weak     Min:  0.0, Avg:  0.0, Max:  0.0, Diff:  0.0, Sum:  0.0, Workers: 4
[3197.635s][debug][gc,phases      ] GC(313)     Dead                           Min: 0, Avg:  0.0, Max: 0, Diff: 0, Sum: 0, Workers: 4
[3197.635s][debug][gc,phases      ] GC(313)     Total                          Min: 0, Avg:  0.0, Max: 0, Diff: 0, Sum: 0, Workers: 4
[3197.635s][debug][gc,phases      ] GC(313)   StringDedup Requests1 Weak     Min:  0.0, Avg:  0.0, Max:  0.0, Diff:  0.0, Sum:  0.0, Workers: 4
[3197.635s][debug][gc,phases      ] GC(313)     Dead                           Min: 0, Avg:  0.0, Max: 0, Diff: 0, Sum: 0, Workers: 4
[3197.635s][debug][gc,phases      ] GC(313)     Total                          Min: 0, Avg:  0.0, Max: 0, Diff: 0, Sum: 0, Workers: 4
[3197.635s][debug][gc,phases      ] GC(313)   Weak JFR Old Object Samples    Min:  0.0, Avg:  0.0, Max:  0.0, Diff:  0.0, Sum:  0.0, Workers: 4
[3197.635s][debug][gc,phases      ] GC(313)     Dead                           Min: 0, Avg:  0.0, Max: 0, Diff: 0, Sum: 0, Workers: 4
[3197.635s][debug][gc,phases      ] GC(313)     Total                          Min: 0, Avg:  0.0, Max: 0, Diff: 0, Sum: 0, Workers: 4
[3197.635s][debug][gc,phases      ] GC(313) Weak Processing 0.360ms
[3197.635s][debug][gc,age         ] GC(313) Desired survivor size 68157440 bytes, new threshold 15 (max threshold 15)
[3197.635s][info ][gc,heap        ] GC(313) PSYoungGen: 1950128K(2020352K)->21920K(2030592K) Eden: 1948160K(1948160K)->0K(1962496K) From: 1968K(72192K)->21920K(68096K)
[3197.635s][info ][gc,heap        ] GC(313) ParOldGen: 335905K(395776K)->335913K(395776K)
[3197.635s][info ][gc,metaspace   ] GC(313) Metaspace: 83477K(84480K)->83477K(84480K) NonClass: 71521K(72064K)->71521K(72064K) Class: 11955K(12416K)->11955K(12416K)
[3197.635s][info ][gc             ] GC(313) Pause Young (Allocation Failure) 2232M->349M(2369M) 12.581ms
[3197.635s][info ][gc,cpu         ] GC(313) User=0.03s Sys=0.01s Real=0.01s
[3197.635s][info ][safepoint      ] Safepoint "ParallelGCFailedAllocation", Time since last: 3654963363 ns, Reaching safepoint: 576800 ns, Cleanup: 29200 ns, At safepoint: 12653097 ns, Total: 13259097 ns
[3198.635s][info ][safepoint      ] Safepoint "Cleanup", Time since last: 1000088101 ns, Reaching safepoint: 7400 ns, Cleanup: 77600 ns, At safepoint: 7000 ns, Total: 92000 ns
[3199.635s][info ][safepoint      ] Safepoint "Cleanup", Time since last: 1000108900 ns, Reaching safepoint: 4900 ns, Cleanup: 28600 ns, At safepoint: 17500 ns, Total: 51000 ns
[3202.515s][info ][gc,start       ] GC(314) Pause Young (Allocation Failure)
[3202.564s][debug][gc,phases      ] GC(314) Scavenge 48.725ms
[3202.564s][debug][gc,ref         ] GC(314) Skipped phase 1 of Reference Processing: no references
[3202.564s][debug][gc,ref         ] GC(314) ReferenceProcessor::execute queues: 1, RefProcThreadModel::Single, marks_oops_alive: false
[3202.564s][debug][gc,ref         ] GC(314) Skipped phase 3 of Reference Processing: no references
[3202.564s][debug][gc,ref         ] GC(314) Skipped phase 4 of Reference Processing: no references
[3202.564s][debug][gc,phases      ] GC(314) Reference Processing 0.111ms
[3202.568s][debug][gc,phases      ] GC(314)   VM Weak                        Min:  0.0, Avg:  0.0, Max:  0.0, Diff:  0.0, Sum:  0.0, Workers: 4
[3202.568s][debug][gc,phases      ] GC(314)     Dead                           Min: 0, Avg:  0.0, Max: 0, Diff: 0, Sum: 0, Workers: 4
[3202.568s][debug][gc,phases      ] GC(314)     Total                          Min: 0, Avg: 146.0, Max: 431, Diff: 431, Sum: 584, Workers: 4
[3202.568s][debug][gc,phases      ] GC(314)   ObjectSynchronizer Weak        Min:  0.0, Avg:  0.0, Max:  0.0, Diff:  0.0, Sum:  0.0, Workers: 4
[3202.568s][debug][gc,phases      ] GC(314)     Dead                           Min: 0, Avg:  0.0, Max: 0, Diff: 0, Sum: 0, Workers: 4
[3202.568s][debug][gc,phases      ] GC(314)     Total                          Min: 0, Avg:  1.2, Max: 5, Diff: 5, Sum: 5, Workers: 4
[3202.568s][debug][gc,phases      ] GC(314)   JVMTI Tag Weak OopStorage      Min:  0.0, Avg:  0.0, Max:  0.0, Diff:  0.0, Sum:  0.0, Workers: 4
[3202.568s][debug][gc,phases      ] GC(314)     Dead                           Min: 0, Avg:  0.0, Max: 0, Diff: 0, Sum: 0, Workers: 4
[3202.568s][debug][gc,phases      ] GC(314)     Total                          Min: 0, Avg:  0.0, Max: 0, Diff: 0, Sum: 0, Workers: 4
[3202.568s][debug][gc,phases      ] GC(314)   StringTable Weak               Min:  0.0, Avg:  0.1, Max:  0.1, Diff:  0.1, Sum:  0.4, Workers: 4
[3202.568s][debug][gc,phases      ] GC(314)     Dead                           Min: 0, Avg:  0.0, Max: 0, Diff: 0, Sum: 0, Workers: 4
[3202.568s][debug][gc,phases      ] GC(314)     Total                          Min: 0, Avg: 10952.5, Max: 15778, Diff: 15778, Sum: 43810, Workers: 4
[3202.568s][debug][gc,phases      ] GC(314)   ResolvedMethodTable Weak       Min:  0.0, Avg:  0.0, Max:  0.0, Diff:  0.0, Sum:  0.1, Workers: 4
[3202.568s][debug][gc,phases      ] GC(314)     Dead                           Min: 0, Avg:  0.0, Max: 0, Diff: 0, Sum: 0, Workers: 4
[3202.568s][debug][gc,phases      ] GC(314)     Total                          Min: 0, Avg: 2444.5, Max: 3712, Diff: 3712, Sum: 9778, Workers: 4
[3202.568s][debug][gc,phases      ] GC(314)   JNI Weak                       Min:  0.0, Avg:  0.0, Max:  0.0, Diff:  0.0, Sum:  0.0, Workers: 4
[3202.568s][debug][gc,phases      ] GC(314)     Dead                           Min: 0, Avg:  0.0, Max: 0, Diff: 0, Sum: 0, Workers: 4
[3202.568s][debug][gc,phases      ] GC(314)     Total                          Min: 0, Avg: 11.2, Max: 45, Diff: 45, Sum: 45, Workers: 4
[3202.568s][debug][gc,phases      ] GC(314)   StringDedup Table Weak         Min:  0.0, Avg:  0.0, Max:  0.0, Diff:  0.0, Sum:  0.0, Workers: 4
[3202.568s][debug][gc,phases      ] GC(314)     Dead                           Min: 0, Avg:  0.0, Max: 0, Diff: 0, Sum: 0, Workers: 4
[3202.568s][debug][gc,phases      ] GC(314)     Total                          Min: 0, Avg:  0.0, Max: 0, Diff: 0, Sum: 0, Workers: 4
[3202.568s][debug][gc,phases      ] GC(314)   StringDedup Requests0 Weak     Min:  0.0, Avg:  0.0, Max:  0.0, Diff:  0.0, Sum:  0.0, Workers: 4
[3202.568s][debug][gc,phases      ] GC(314)     Dead                           Min: 0, Avg:  0.0, Max: 0, Diff: 0, Sum: 0, Workers: 4
[3202.568s][debug][gc,phases      ] GC(314)     Total                          Min: 0, Avg:  0.0, Max: 0, Diff: 0, Sum: 0, Workers: 4
[3202.568s][debug][gc,phases      ] GC(314)   StringDedup Requests1 Weak     Min:  0.0, Avg:  0.0, Max:  0.0, Diff:  0.0, Sum:  0.0, Workers: 4
[3202.568s][debug][gc,phases      ] GC(314)     Dead                           Min: 0, Avg:  0.0, Max: 0, Diff: 0, Sum: 0, Workers: 4
[3202.568s][debug][gc,phases      ] GC(314)     Total                          Min: 0, Avg:  0.0, Max: 0, Diff: 0, Sum: 0, Workers: 4
[3202.568s][debug][gc,phases      ] GC(314)   Weak JFR Old Object Samples    Min:  0.0, Avg:  0.0, Max:  0.0, Diff:  0.0, Sum:  0.0, Workers: 4
[3202.568s][debug][gc,phases      ] GC(314)     Dead                           Min: 0, Avg:  0.0, Max: 0, Diff: 0, Sum: 0, Workers: 4
[3202.568s][debug][gc,phases      ] GC(314)     Total                          Min: 0, Avg:  0.0, Max: 0, Diff: 0, Sum: 0, Workers: 4
[3202.568s][debug][gc,phases      ] GC(314) Weak Processing 4.003ms
[3202.568s][debug][gc,age         ] GC(314) Desired survivor size 80216064 bytes, new threshold 14 (max threshold 15)
[3202.568s][info ][gc,heap        ] GC(314) PSYoungGen: 1984416K(2030592K)->58128K(2020864K) Eden: 1962496K(1962496K)->0K(1962496K) From: 21920K(68096K)->58128K(58368K)
[3202.568s][info ][gc,heap        ] GC(314) ParOldGen: 335913K(395776K)->335937K(395776K)
[3202.568s][info ][gc,metaspace   ] GC(314) Metaspace: 83499K(84480K)->83499K(84480K) NonClass: 71543K(72064K)->71543K(72064K) Class: 11955K(12416K)->11955K(12416K)
[3202.568s][info ][gc             ] GC(314) Pause Young (Allocation Failure) 2265M->384M(2360M) 52.990ms
[3202.568s][info ][gc,cpu         ] GC(314) User=0.08s Sys=0.00s Real=0.06s
[3202.568s][info ][safepoint      ] Safepoint "ParallelGCFailedAllocation", Time since last: 2880041725 ns, Reaching safepoint: 6300 ns, Cleanup: 19400 ns, At safepoint: 53072690 ns, Total: 53098390 ns
[3206.569s][info ][safepoint      ] Safepoint "Cleanup", Time since last: 4000291912 ns, Reaching safepoint: 82400 ns, Cleanup: 29800 ns, At safepoint: 6900 ns, Total: 119100 ns
[3207.572s][info ][safepoint      ] Safepoint "Cleanup", Time since last: 1000111908 ns, Reaching safepoint: 3175500 ns, Cleanup: 32000 ns, At safepoint: 5700 ns, Total: 3213200 ns
[3209.572s][info ][safepoint      ] Safepoint "Cleanup", Time since last: 2000176117 ns, Reaching safepoint: 74400 ns, Cleanup: 30800 ns, At safepoint: 6300 ns, Total: 111500 ns
[3210.262s][info ][gc,start       ] GC(315) Pause Young (Allocation Failure)
[3210.286s][debug][gc,phases      ] GC(315) Scavenge 23.702ms
[3210.286s][debug][gc,ref         ] GC(315) Skipped phase 1 of Reference Processing: no references
[3210.286s][debug][gc,ref         ] GC(315) ReferenceProcessor::execute queues: 1, RefProcThreadModel::Single, marks_oops_alive: false
[3210.286s][debug][gc,ref         ] GC(315) Skipped phase 3 of Reference Processing: no references
[3210.286s][debug][gc,ref         ] GC(315) Skipped phase 4 of Reference Processing: no references
[3210.286s][debug][gc,phases      ] GC(315) Reference Processing 0.094ms
[3210.287s][debug][gc,phases      ] GC(315)   VM Weak                        Min:  0.0, Avg:  0.0, Max:  0.0, Diff:  0.0, Sum:  0.0, Workers: 4
[3210.287s][debug][gc,phases      ] GC(315)     Dead                           Min: 0, Avg:  0.0, Max: 0, Diff: 0, Sum: 0, Workers: 4
[3210.287s][debug][gc,phases      ] GC(315)     Total                          Min: 0, Avg: 146.0, Max: 314, Diff: 314, Sum: 584, Workers: 4
[3210.287s][debug][gc,phases      ] GC(315)   ObjectSynchronizer Weak        Min:  0.0, Avg:  0.0, Max:  0.0, Diff:  0.0, Sum:  0.0, Workers: 4
[3210.287s][debug][gc,phases      ] GC(315)     Dead                           Min: 0, Avg:  0.0, Max: 0, Diff: 0, Sum: 0, Workers: 4
[3210.287s][debug][gc,phases      ] GC(315)     Total                          Min: 0, Avg:  1.2, Max: 5, Diff: 5, Sum: 5, Workers: 4
[3210.287s][debug][gc,phases      ] GC(315)   JVMTI Tag Weak OopStorage      Min:  0.0, Avg:  0.0, Max:  0.0, Diff:  0.0, Sum:  0.0, Workers: 4
[3210.287s][debug][gc,phases      ] GC(315)     Dead                           Min: 0, Avg:  0.0, Max: 0, Diff: 0, Sum: 0, Workers: 4
[3210.287s][debug][gc,phases      ] GC(315)     Total                          Min: 0, Avg:  0.0, Max: 0, Diff: 0, Sum: 0, Workers: 4
[3210.287s][debug][gc,phases      ] GC(315)   StringTable Weak               Min:  0.0, Avg:  0.1, Max:  0.1, Diff:  0.1, Sum:  0.4, Workers: 4
[3210.287s][debug][gc,phases      ] GC(315)     Dead                           Min: 0, Avg:  0.0, Max: 0, Diff: 0, Sum: 0, Workers: 4
[3210.287s][debug][gc,phases      ] GC(315)     Total                          Min: 0, Avg: 10952.5, Max: 14912, Diff: 14912, Sum: 43810, Workers: 4
[3210.287s][debug][gc,phases      ] GC(315)   ResolvedMethodTable Weak       Min:  0.0, Avg:  0.0, Max:  0.0, Diff:  0.0, Sum:  0.1, Workers: 4
[3210.287s][debug][gc,phases      ] GC(315)     Dead                           Min: 0, Avg:  0.0, Max: 0, Diff: 0, Sum: 0, Workers: 4
[3210.287s][debug][gc,phases      ] GC(315)     Total                          Min: 0, Avg: 2444.5, Max: 3581, Diff: 3581, Sum: 9778, Workers: 4
[3210.287s][debug][gc,phases      ] GC(315)   JNI Weak                       Min:  0.0, Avg:  0.0, Max:  0.0, Diff:  0.0, Sum:  0.0, Workers: 4
[3210.287s][debug][gc,phases      ] GC(315)     Dead                           Min: 0, Avg:  0.0, Max: 0, Diff: 0, Sum: 0, Workers: 4
[3210.287s][debug][gc,phases      ] GC(315)     Total                          Min: 0, Avg: 11.2, Max: 45, Diff: 45, Sum: 45, Workers: 4
[3210.287s][debug][gc,phases      ] GC(315)   StringDedup Table Weak         Min:  0.0, Avg:  0.0, Max:  0.0, Diff:  0.0, Sum:  0.0, Workers: 4
[3210.287s][debug][gc,phases      ] GC(315)     Dead                           Min: 0, Avg:  0.0, Max: 0, Diff: 0, Sum: 0, Workers: 4
[3210.287s][debug][gc,phases      ] GC(315)     Total                          Min: 0, Avg:  0.0, Max: 0, Diff: 0, Sum: 0, Workers: 4
[3210.287s][debug][gc,phases      ] GC(315)   StringDedup Requests0 Weak     Min:  0.0, Avg:  0.0, Max:  0.0, Diff:  0.0, Sum:  0.0, Workers: 4
[3210.287s][debug][gc,phases      ] GC(315)     Dead                           Min: 0, Avg:  0.0, Max: 0, Diff: 0, Sum: 0, Workers: 4
[3210.287s][debug][gc,phases      ] GC(315)     Total                          Min: 0, Avg:  0.0, Max: 0, Diff: 0, Sum: 0, Workers: 4
[3210.287s][debug][gc,phases      ] GC(315)   StringDedup Requests1 Weak     Min:  0.0, Avg:  0.0, Max:  0.0, Diff:  0.0, Sum:  0.0, Workers: 4
[3210.287s][debug][gc,phases      ] GC(315)     Dead                           Min: 0, Avg:  0.0, Max: 0, Diff: 0, Sum: 0, Workers: 4
[3210.287s][debug][gc,phases      ] GC(315)     Total                          Min: 0, Avg:  0.0, Max: 0, Diff: 0, Sum: 0, Workers: 4
[3210.287s][debug][gc,phases      ] GC(315)   Weak JFR Old Object Samples    Min:  0.0, Avg:  0.0, Max:  0.0, Diff:  0.0, Sum:  0.0, Workers: 4
[3210.287s][debug][gc,phases      ] GC(315)     Dead                           Min: 0, Avg:  0.0, Max: 0, Diff: 0, Sum: 0, Workers: 4
[3210.287s][debug][gc,phases      ] GC(315)     Total                          Min: 0, Avg:  0.0, Max: 0, Diff: 0, Sum: 0, Workers: 4
[3210.287s][debug][gc,phases      ] GC(315) Weak Processing 0.304ms
[3210.287s][debug][gc,age         ] GC(315) Desired survivor size 89653248 bytes, new threshold 14 (max threshold 15)
[3210.287s][info ][gc,heap        ] GC(315) PSYoungGen: 2020624K(2020864K)->58192K(1998336K) Eden: 1962496K(1962496K)->0K(1922048K) From: 58128K(58368K)->58192K(76288K)
[3210.287s][info ][gc,heap        ] GC(315) ParOldGen: 335937K(395776K)->335977K(395776K)
[3210.287s][info ][gc,metaspace   ] GC(315) Metaspace: 83501K(84480K)->83501K(84480K) NonClass: 71545K(72064K)->71545K(72064K) Class: 11955K(12416K)->11955K(12416K)
[3210.287s][info ][gc             ] GC(315) Pause Young (Allocation Failure) 2301M->384M(2338M) 24.205ms
[3210.287s][info ][gc,cpu         ] GC(315) User=0.07s Sys=0.00s Real=0.02s
[3210.287s][info ][safepoint      ] Safepoint "ParallelGCFailedAllocation", Time since last: 690193568 ns, Reaching safepoint: 5600 ns, Cleanup: 37100 ns, At safepoint: 24276296 ns, Total: 24318996 ns
[3212.287s][info ][safepoint      ] Safepoint "Cleanup", Time since last: 2000141917 ns, Reaching safepoint: 4600 ns, Cleanup: 36400 ns, At safepoint: 3000 ns, Total: 44000 ns
[3218.821s][info ][gc,start       ] GC(316) Pause Young (Allocation Failure)
[3218.848s][debug][gc,phases      ] GC(316) Scavenge 27.006ms
[3218.848s][debug][gc,ref         ] GC(316) Skipped phase 1 of Reference Processing: no references
[3218.848s][debug][gc,ref         ] GC(316) ReferenceProcessor::execute queues: 1, RefProcThreadModel::Single, marks_oops_alive: false
[3218.848s][debug][gc,ref         ] GC(316) Skipped phase 3 of Reference Processing: no references
[3218.848s][debug][gc,ref         ] GC(316) Skipped phase 4 of Reference Processing: no references
[3218.848s][debug][gc,phases      ] GC(316) Reference Processing 0.112ms
[3218.848s][debug][gc,phases      ] GC(316)   VM Weak                        Min:  0.0, Avg:  0.0, Max:  0.0, Diff:  0.0, Sum:  0.0, Workers: 4
[3218.848s][debug][gc,phases      ] GC(316)     Dead                           Min: 0, Avg:  0.0, Max: 0, Diff: 0, Sum: 0, Workers: 4
[3218.848s][debug][gc,phases      ] GC(316)     Total                          Min: 0, Avg: 146.0, Max: 413, Diff: 413, Sum: 584, Workers: 4
[3218.848s][debug][gc,phases      ] GC(316)   ObjectSynchronizer Weak        Min:  0.0, Avg:  0.0, Max:  0.0, Diff:  0.0, Sum:  0.0, Workers: 4
[3218.848s][debug][gc,phases      ] GC(316)     Dead                           Min: 0, Avg:  0.0, Max: 0, Diff: 0, Sum: 0, Workers: 4
[3218.848s][debug][gc,phases      ] GC(316)     Total                          Min: 0, Avg:  1.2, Max: 5, Diff: 5, Sum: 5, Workers: 4
[3218.848s][debug][gc,phases      ] GC(316)   JVMTI Tag Weak OopStorage      Min:  0.0, Avg:  0.0, Max:  0.0, Diff:  0.0, Sum:  0.0, Workers: 4
[3218.848s][debug][gc,phases      ] GC(316)     Dead                           Min: 0, Avg:  0.0, Max: 0, Diff: 0, Sum: 0, Workers: 4
[3218.848s][debug][gc,phases      ] GC(316)     Total                          Min: 0, Avg:  0.0, Max: 0, Diff: 0, Sum: 0, Workers: 4
[3218.848s][debug][gc,phases      ] GC(316)   StringTable Weak               Min:  0.0, Avg:  0.1, Max:  0.2, Diff:  0.2, Sum:  0.4, Workers: 4
[3218.848s][debug][gc,phases      ] GC(316)     Dead                           Min: 0, Avg:  0.0, Max: 0, Diff: 0, Sum: 0, Workers: 4
[3218.848s][debug][gc,phases      ] GC(316)     Total                          Min: 0, Avg: 10952.5, Max: 22178, Diff: 22178, Sum: 43810, Workers: 4
[3218.848s][debug][gc,phases      ] GC(316)   ResolvedMethodTable Weak       Min:  0.0, Avg:  0.0, Max:  0.0, Diff:  0.0, Sum:  0.1, Workers: 4
[3218.848s][debug][gc,phases      ] GC(316)     Dead                           Min: 0, Avg:  0.0, Max: 0, Diff: 0, Sum: 0, Workers: 4
[3218.848s][debug][gc,phases      ] GC(316)     Total                          Min: 0, Avg: 2444.5, Max: 4914, Diff: 4914, Sum: 9778, Workers: 4
[3218.848s][debug][gc,phases      ] GC(316)   JNI Weak                       Min:  0.0, Avg:  0.0, Max:  0.0, Diff:  0.0, Sum:  0.0, Workers: 4
[3218.848s][debug][gc,phases      ] GC(316)     Dead                           Min: 0, Avg:  0.0, Max: 0, Diff: 0, Sum: 0, Workers: 4
[3218.848s][debug][gc,phases      ] GC(316)     Total                          Min: 0, Avg: 11.2, Max: 45, Diff: 45, Sum: 45, Workers: 4
[3218.848s][debug][gc,phases      ] GC(316)   StringDedup Table Weak         Min:  0.0, Avg:  0.0, Max:  0.0, Diff:  0.0, Sum:  0.0, Workers: 4
[3218.848s][debug][gc,phases      ] GC(316)     Dead                           Min: 0, Avg:  0.0, Max: 0, Diff: 0, Sum: 0, Workers: 4
[3218.848s][debug][gc,phases      ] GC(316)     Total                          Min: 0, Avg:  0.0, Max: 0, Diff: 0, Sum: 0, Workers: 4
[3218.848s][debug][gc,phases      ] GC(316)   StringDedup Requests0 Weak     Min:  0.0, Avg:  0.0, Max:  0.0, Diff:  0.0, Sum:  0.0, Workers: 4
[3218.848s][debug][gc,phases      ] GC(316)     Dead                           Min: 0, Avg:  0.0, Max: 0, Diff: 0, Sum: 0, Workers: 4
[3218.848s][debug][gc,phases      ] GC(316)     Total                          Min: 0, Avg:  0.0, Max: 0, Diff: 0, Sum: 0, Workers: 4
[3218.849s][debug][gc,phases      ] GC(316)   StringDedup Requests1 Weak     Min:  0.0, Avg:  0.0, Max:  0.0, Diff:  0.0, Sum:  0.0, Workers: 4
[3218.849s][debug][gc,phases      ] GC(316)     Dead                           Min: 0, Avg:  0.0, Max: 0, Diff: 0, Sum: 0, Workers: 4
[3218.849s][debug][gc,phases      ] GC(316)     Total                          Min: 0, Avg:  0.0, Max: 0, Diff: 0, Sum: 0, Workers: 4
[3218.849s][debug][gc,phases      ] GC(316)   Weak JFR Old Object Samples    Min:  0.0, Avg:  0.0, Max:  0.0, Diff:  0.0, Sum:  0.0, Workers: 4
[3218.849s][debug][gc,phases      ] GC(316)     Dead                           Min: 0, Avg:  0.0, Max: 0, Diff: 0, Sum: 0, Workers: 4
[3218.849s][debug][gc,phases      ] GC(316)     Total                          Min: 0, Avg:  0.0, Max: 0, Diff: 0, Sum: 0, Workers: 4
[3218.849s][debug][gc,phases      ] GC(316) Weak Processing 0.468ms
[3218.849s][debug][gc,age         ] GC(316) Desired survivor size 96993280 bytes, new threshold 14 (max threshold 15)
[3218.849s][info ][gc,heap        ] GC(316) PSYoungGen: 1980240K(1998336K)->58288K(1980416K) Eden: 1922048K(1922048K)->0K(1922048K) From: 58192K(76288K)->58288K(58368K)
[3218.849s][info ][gc,heap        ] GC(316) ParOldGen: 335977K(395776K)->335985K(395776K)
[3218.849s][info ][gc,metaspace   ] GC(316) Metaspace: 83501K(84480K)->83501K(84480K) NonClass: 71546K(72064K)->71546K(72064K) Class: 11955K(12416K)->11955K(12416K)
[3218.849s][info ][gc             ] GC(316) Pause Young (Allocation Failure) 2261M->385M(2320M) 27.734ms
[3218.849s][info ][gc,cpu         ] GC(316) User=0.07s Sys=0.00s Real=0.03s
[3218.849s][info ][safepoint      ] Safepoint "ParallelGCFailedAllocation", Time since last: 6533791904 ns, Reaching safepoint: 76300 ns, Cleanup: 24000 ns, At safepoint: 27819394 ns, Total: 27919694 ns
[3227.069s][info ][gc,start       ] GC(317) Pause Young (Allocation Failure)
[3227.097s][debug][gc,phases      ] GC(317) Scavenge 27.661ms
[3227.097s][debug][gc,ref         ] GC(317) Skipped phase 1 of Reference Processing: no references
[3227.097s][debug][gc,ref         ] GC(317) ReferenceProcessor::execute queues: 1, RefProcThreadModel::Single, marks_oops_alive: false
[3227.097s][debug][gc,ref         ] GC(317) Skipped phase 3 of Reference Processing: no references
[3227.097s][debug][gc,ref         ] GC(317) Skipped phase 4 of Reference Processing: no references
[3227.097s][debug][gc,phases      ] GC(317) Reference Processing 0.107ms
[3227.097s][debug][gc,phases      ] GC(317)   VM Weak                        Min:  0.0, Avg:  0.0, Max:  0.0, Diff:  0.0, Sum:  0.0, Workers: 4
[3227.097s][debug][gc,phases      ] GC(317)     Dead                           Min: 0, Avg:  0.0, Max: 0, Diff: 0, Sum: 0, Workers: 4
[3227.097s][debug][gc,phases      ] GC(317)     Total                          Min: 0, Avg: 146.0, Max: 467, Diff: 467, Sum: 584, Workers: 4
[3227.097s][debug][gc,phases      ] GC(317)   ObjectSynchronizer Weak        Min:  0.0, Avg:  0.0, Max:  0.0, Diff:  0.0, Sum:  0.0, Workers: 4
[3227.097s][debug][gc,phases      ] GC(317)     Dead                           Min: 0, Avg:  0.0, Max: 0, Diff: 0, Sum: 0, Workers: 4
[3227.097s][debug][gc,phases      ] GC(317)     Total                          Min: 0, Avg:  1.2, Max: 5, Diff: 5, Sum: 5, Workers: 4
[3227.097s][debug][gc,phases      ] GC(317)   JVMTI Tag Weak OopStorage      Min:  0.0, Avg:  0.0, Max:  0.0, Diff:  0.0, Sum:  0.0, Workers: 4
[3227.097s][debug][gc,phases      ] GC(317)     Dead                           Min: 0, Avg:  0.0, Max: 0, Diff: 0, Sum: 0, Workers: 4
[3227.097s][debug][gc,phases      ] GC(317)     Total                          Min: 0, Avg:  0.0, Max: 0, Diff: 0, Sum: 0, Workers: 4
[3227.097s][debug][gc,phases      ] GC(317)   StringTable Weak               Min:  0.1, Avg:  0.1, Max:  0.1, Diff:  0.0, Sum:  0.4, Workers: 4
[3227.097s][debug][gc,phases      ] GC(317)     Dead                           Min: 0, Avg:  0.0, Max: 0, Diff: 0, Sum: 0, Workers: 4
[3227.097s][debug][gc,phases      ] GC(317)     Total                          Min: 10304, Avg: 10952.5, Max: 11840, Diff: 1536, Sum: 43810, Workers: 4
[3227.097s][debug][gc,phases      ] GC(317)   ResolvedMethodTable Weak       Min:  0.0, Avg:  0.0, Max:  0.0, Diff:  0.0, Sum:  0.1, Workers: 4
[3227.097s][debug][gc,phases      ] GC(317)     Dead                           Min: 0, Avg:  0.0, Max: 0, Diff: 0, Sum: 0, Workers: 4
[3227.097s][debug][gc,phases      ] GC(317)     Total                          Min: 2226, Avg: 2444.5, Max: 2688, Diff: 462, Sum: 9778, Workers: 4
[3227.097s][debug][gc,phases      ] GC(317)   JNI Weak                       Min:  0.0, Avg:  0.0, Max:  0.0, Diff:  0.0, Sum:  0.0, Workers: 4
[3227.097s][debug][gc,phases      ] GC(317)     Dead                           Min: 0, Avg:  0.0, Max: 0, Diff: 0, Sum: 0, Workers: 4
[3227.097s][debug][gc,phases      ] GC(317)     Total                          Min: 0, Avg: 11.2, Max: 45, Diff: 45, Sum: 45, Workers: 4
[3227.097s][debug][gc,phases      ] GC(317)   StringDedup Table Weak         Min:  0.0, Avg:  0.0, Max:  0.0, Diff:  0.0, Sum:  0.0, Workers: 4
[3227.097s][debug][gc,phases      ] GC(317)     Dead                           Min: 0, Avg:  0.0, Max: 0, Diff: 0, Sum: 0, Workers: 4
[3227.097s][debug][gc,phases      ] GC(317)     Total                          Min: 0, Avg:  0.0, Max: 0, Diff: 0, Sum: 0, Workers: 4
[3227.097s][debug][gc,phases      ] GC(317)   StringDedup Requests0 Weak     Min:  0.0, Avg:  0.0, Max:  0.0, Diff:  0.0, Sum:  0.0, Workers: 4
[3227.097s][debug][gc,phases      ] GC(317)     Dead                           Min: 0, Avg:  0.0, Max: 0, Diff: 0, Sum: 0, Workers: 4
[3227.097s][debug][gc,phases      ] GC(317)     Total                          Min: 0, Avg:  0.0, Max: 0, Diff: 0, Sum: 0, Workers: 4
[3227.097s][debug][gc,phases      ] GC(317)   StringDedup Requests1 Weak     Min:  0.0, Avg:  0.0, Max:  0.0, Diff:  0.0, Sum:  0.0, Workers: 4
[3227.097s][debug][gc,phases      ] GC(317)     Dead                           Min: 0, Avg:  0.0, Max: 0, Diff: 0, Sum: 0, Workers: 4
[3227.097s][debug][gc,phases      ] GC(317)     Total                          Min: 0, Avg:  0.0, Max: 0, Diff: 0, Sum: 0, Workers: 4
[3227.097s][debug][gc,phases      ] GC(317)   Weak JFR Old Object Samples    Min:  0.0, Avg:  0.0, Max:  0.0, Diff:  0.0, Sum:  0.0, Workers: 4
[3227.097s][debug][gc,phases      ] GC(317)     Dead                           Min: 0, Avg:  0.0, Max: 0, Diff: 0, Sum: 0, Workers: 4
[3227.097s][debug][gc,phases      ] GC(317)     Total                          Min: 0, Avg:  0.0, Max: 0, Diff: 0, Sum: 0, Workers: 4
[3227.097s][debug][gc,phases      ] GC(317) Weak Processing 0.352ms
[3227.097s][debug][gc,age         ] GC(317) Desired survivor size 102760448 bytes, new threshold 13 (max threshold 15)
[3227.097s][info ][gc,heap        ] GC(317) PSYoungGen: 1980336K(1980416K)->58224K(1991168K) Eden: 1922048K(1922048K)->0K(1896448K) From: 58288K(58368K)->58224K(94720K)
[3227.098s][info ][gc,heap        ] GC(317) ParOldGen: 335985K(395776K)->335993K(395776K)
[3227.098s][info ][gc,metaspace   ] GC(317) Metaspace: 83501K(84480K)->83501K(84480K) NonClass: 71546K(72064K)->71546K(72064K) Class: 11955K(12416K)->11955K(12416K)
[3227.098s][info ][gc             ] GC(317) Pause Young (Allocation Failure) 2262M->384M(2331M) 28.251ms
[3227.098s][info ][gc,cpu         ] GC(317) User=0.07s Sys=0.00s Real=0.02s
[3227.098s][info ][safepoint      ] Safepoint "ParallelGCFailedAllocation", Time since last: 8220570626 ns, Reaching safepoint: 6700 ns, Cleanup: 21600 ns, At safepoint: 28339694 ns, Total: 28367994 ns
[3235.464s][info ][gc,start       ] GC(318) Pause Young (Allocation Failure)
[3235.484s][debug][gc,phases      ] GC(318) Scavenge 20.622ms
[3235.484s][debug][gc,ref         ] GC(318) Skipped phase 1 of Reference Processing: no references
