[0.004s][info][gc] Using Parallel
[0.005s][info][gc,init] Version: 17.0.7+7-LTS (release)
[0.005s][info][gc,init] CPUs: 4 total, 4 available
[0.005s][info][gc,init] Memory: 16003M
[0.005s][info][gc,init] Large Page Support: Disabled
[0.005s][info][gc,init] NUMA Support: Disabled
[0.005s][info][gc,init] Compressed Oops: Enabled (Zero based)
[0.005s][info][gc,init] Alignments: Space 512K, Generation 512K, Heap 2M
[0.005s][info][gc,init] Heap Min Capacity: 2054M
[0.005s][info][gc,init] Heap Initial Capacity: 2054M
[0.005s][info][gc,init] Heap Max Capacity: 3G
[0.005s][info][gc,init] Pre-touch: Disabled
[0.005s][info][gc,init] Parallel Workers: 4
[0.005s][info][gc,metaspace] CDS archive(s) mapped at: [0x0000000800000000-0x0000000800be1000-0x0000000800be1000), size 12455936, SharedBaseAddress: 0x0000000800000000, ArchiveRelocationMode: 0.
[0.005s][info][gc,metaspace] Compressed class space mapped at: 0x0000000801000000-0x0000000841000000, reserved size: 1073741824
[0.005s][info][gc,metaspace] Narrow klass base: 0x0000000800000000, Narrow klass shift: 0, Narrow klass range: 0x100000000
[0.740s][info][safepoint   ] Safepoint "ICBufferFull", Time since last: 728452709 ns, Reaching safepoint: 139701 ns, At safepoint: 1400 ns, Total: 141101 ns
[1.116s][info][safepoint   ] Safepoint "ICBufferFull", Time since last: 376590814 ns, Reaching safepoint: 244002 ns, At safepoint: 6600 ns, Total: 250602 ns
[1.636s][info][safepoint   ] Safepoint "ICBufferFull", Time since last: 519898404 ns, Reaching safepoint: 157101 ns, At safepoint: 4600 ns, Total: 161701 ns
[1.674s][info][gc,start    ] GC(0) Pause Young (Metadata GC Threshold)
[1.688s][debug][gc,phases   ] GC(0) Scavenge 14.560ms
[1.688s][debug][gc,ref      ] GC(0) Skipped phase 1 of Reference Processing: no references
[1.689s][debug][gc,ref      ] GC(0) ReferenceProcessor::execute queues: 4, RefProcThreadModel::Multi, marks_oops_alive: false
[1.689s][debug][gc,ref      ] GC(0) Skipped phase 3 of Reference Processing: no references
[1.689s][debug][gc,ref      ] GC(0) ReferenceProcessor::execute queues: 1, RefProcThreadModel::Single, marks_oops_alive: false
[1.689s][debug][gc,phases   ] GC(0) Reference Processing 0.348ms
[1.689s][debug][gc,phases   ] GC(0)   VM Weak                        Min:  0.0, Avg:  0.0, Max:  0.0, Diff:  0.0, Sum:  0.0, Workers: 4
[1.689s][debug][gc,phases   ] GC(0)     Dead                           Min: 0, Avg:  0.0, Max: 0, Diff: 0, Sum: 0, Workers: 4
[1.689s][debug][gc,phases   ] GC(0)     Total                          Min: 0, Avg: 58.0, Max: 128, Diff: 128, Sum: 232, Workers: 4
[1.689s][debug][gc,phases   ] GC(0)   ObjectSynchronizer Weak        Min:  0.0, Avg:  0.0, Max:  0.0, Diff:  0.0, Sum:  0.0, Workers: 4
[1.689s][debug][gc,phases   ] GC(0)     Dead                           Min: 0, Avg:  0.5, Max: 2, Diff: 2, Sum: 2, Workers: 4
[1.689s][debug][gc,phases   ] GC(0)     Total                          Min: 0, Avg:  1.8, Max: 7, Diff: 7, Sum: 7, Workers: 4
[1.689s][debug][gc,phases   ] GC(0)   JVMTI Tag Weak OopStorage      Min:  0.0, Avg:  0.0, Max:  0.0, Diff:  0.0, Sum:  0.0, Workers: 4
[1.689s][debug][gc,phases   ] GC(0)     Dead                           Min: 0, Avg:  0.0, Max: 0, Diff: 0, Sum: 0, Workers: 4
[1.689s][debug][gc,phases   ] GC(0)     Total                          Min: 0, Avg:  0.0, Max: 0, Diff: 0, Sum: 0, Workers: 4
[1.689s][debug][gc,phases   ] GC(0)   StringTable Weak               Min:  0.1, Avg:  0.1, Max:  0.1, Diff:  0.0, Sum:  0.3, Workers: 4
[1.689s][debug][gc,phases   ] GC(0)     Dead                           Min: 1, Avg:  6.5, Max: 18, Diff: 17, Sum: 26, Workers: 4
[1.689s][debug][gc,phases   ] GC(0)     Total                          Min: 2816, Avg: 3278.2, Max: 3776, Diff: 960, Sum: 13113, Workers: 4
[1.689s][debug][gc,phases   ] GC(0)   ResolvedMethodTable Weak       Min:  0.0, Avg:  0.0, Max:  0.0, Diff:  0.0, Sum:  0.0, Workers: 4
[1.689s][debug][gc,phases   ] GC(0)     Dead                           Min: 13, Avg: 20.5, Max: 26, Diff: 13, Sum: 82, Workers: 4
[1.689s][debug][gc,phases   ] GC(0)     Total                          Min: 259, Avg: 320.8, Max: 384, Diff: 125, Sum: 1283, Workers: 4
[1.689s][debug][gc,phases   ] GC(0)   JNI Weak                       Min:  0.0, Avg:  0.0, Max:  0.0, Diff:  0.0, Sum:  0.0, Workers: 4
[1.689s][debug][gc,phases   ] GC(0)     Dead                           Min: 0, Avg:  0.0, Max: 0, Diff: 0, Sum: 0, Workers: 4
[1.689s][debug][gc,phases   ] GC(0)     Total                          Min: 0, Avg: 11.2, Max: 45, Diff: 45, Sum: 45, Workers: 4
[1.689s][debug][gc,phases   ] GC(0)   StringDedup Table Weak         Min:  0.0, Avg:  0.0, Max:  0.0, Diff:  0.0, Sum:  0.0, Workers: 4
[1.689s][debug][gc,phases   ] GC(0)     Dead                           Min: 0, Avg:  0.0, Max: 0, Diff: 0, Sum: 0, Workers: 4
[1.689s][debug][gc,phases   ] GC(0)     Total                          Min: 0, Avg:  0.0, Max: 0, Diff: 0, Sum: 0, Workers: 4
[1.689s][debug][gc,phases   ] GC(0)   StringDedup Requests0 Weak     Min:  0.0, Avg:  0.0, Max:  0.0, Diff:  0.0, Sum:  0.0, Workers: 4
[1.689s][debug][gc,phases   ] GC(0)     Dead                           Min: 0, Avg:  0.0, Max: 0, Diff: 0, Sum: 0, Workers: 4
[1.689s][debug][gc,phases   ] GC(0)     Total                          Min: 0, Avg:  0.0, Max: 0, Diff: 0, Sum: 0, Workers: 4
[1.689s][debug][gc,phases   ] GC(0)   StringDedup Requests1 Weak     Min:  0.0, Avg:  0.0, Max:  0.0, Diff:  0.0, Sum:  0.0, Workers: 4
[1.689s][debug][gc,phases   ] GC(0)     Dead                           Min: 0, Avg:  0.0, Max: 0, Diff: 0, Sum: 0, Workers: 4
[1.689s][debug][gc,phases   ] GC(0)     Total                          Min: 0, Avg:  0.0, Max: 0, Diff: 0, Sum: 0, Workers: 4
[1.689s][debug][gc,phases   ] GC(0)   Weak JFR Old Object Samples    Min:  0.0, Avg:  0.0, Max:  0.0, Diff:  0.0, Sum:  0.0, Workers: 4
[1.689s][debug][gc,phases   ] GC(0)     Dead                           Min: 0, Avg:  0.0, Max: 0, Diff: 0, Sum: 0, Workers: 4
[1.689s][debug][gc,phases   ] GC(0)     Total                          Min: 0, Avg:  0.0, Max: 0, Diff: 0, Sum: 0, Workers: 4
[1.689s][debug][gc,phases   ] GC(0) Weak Processing 0.236ms
[1.689s][debug][gc,age      ] GC(0) Desired survivor size 536870912 bytes, new threshold 7 (max threshold 15)
[1.689s][info ][gc,heap     ] GC(0) PSYoungGen: 251672K(1572864K)->31503K(1572864K) Eden: 251672K(1048576K)->0K(1048576K) From: 0K(524288K)->31503K(524288K)
[1.689s][info ][gc,heap     ] GC(0) ParOldGen: 0K(6144K)->96K(6144K)
[1.689s][info ][gc,metaspace] GC(0) Metaspace: 21180K(21504K)->21180K(21504K) NonClass: 18689K(18880K)->18689K(18880K) Class: 2490K(2624K)->2490K(2624K)
[1.689s][info ][gc          ] GC(0) Pause Young (Metadata GC Threshold) 245M->30M(1542M) 15.475ms
[1.689s][info ][gc,cpu      ] GC(0) User=0.06s Sys=0.00s Real=0.01s
[1.689s][debug][gc,phases   ] GC(1) Pre Compact 0.011ms
[1.689s][info ][gc,start    ] GC(1) Pause Full (Metadata GC Threshold)
[1.689s][info ][gc,phases,start] GC(1) Marking Phase
[1.700s][debug][gc,phases      ] GC(1) Par Mark 11.300ms
[1.700s][debug][gc,ref         ] GC(1) Skipped phase 1 of Reference Processing: no references
[1.700s][debug][gc,ref         ] GC(1) ReferenceProcessor::execute queues: 3, RefProcThreadModel::Multi, marks_oops_alive: false
[1.701s][debug][gc,ref         ] GC(1) Skipped phase 3 of Reference Processing: no references
[1.701s][debug][gc,ref         ] GC(1) ReferenceProcessor::execute queues: 1, RefProcThreadModel::Single, marks_oops_alive: false
[1.701s][debug][gc,phases      ] GC(1) Reference Processing 0.106ms
[1.701s][debug][gc,phases      ] GC(1)   VM Weak                        Min:  0.0, Avg:  0.0, Max:  0.0, Diff:  0.0, Sum:  0.0, Workers: 4
[1.701s][debug][gc,phases      ] GC(1)     Dead                           Min: 0, Avg:  0.0, Max: 0, Diff: 0, Sum: 0, Workers: 4
[1.701s][debug][gc,phases      ] GC(1)     Total                          Min: 0, Avg: 58.0, Max: 192, Diff: 192, Sum: 232, Workers: 4
[1.701s][debug][gc,phases      ] GC(1)   ObjectSynchronizer Weak        Min:  0.0, Avg:  0.0, Max:  0.0, Diff:  0.0, Sum:  0.0, Workers: 4
[1.701s][debug][gc,phases      ] GC(1)     Dead                           Min: 0, Avg:  0.0, Max: 0, Diff: 0, Sum: 0, Workers: 4
[1.701s][debug][gc,phases      ] GC(1)     Total                          Min: 0, Avg:  1.8, Max: 7, Diff: 7, Sum: 7, Workers: 4
[1.701s][debug][gc,phases      ] GC(1)   JVMTI Tag Weak OopStorage      Min:  0.0, Avg:  0.0, Max:  0.0, Diff:  0.0, Sum:  0.0, Workers: 4
[1.701s][debug][gc,phases      ] GC(1)     Dead                           Min: 0, Avg:  0.0, Max: 0, Diff: 0, Sum: 0, Workers: 4
[1.701s][debug][gc,phases      ] GC(1)     Total                          Min: 0, Avg:  0.0, Max: 0, Diff: 0, Sum: 0, Workers: 4
[1.701s][debug][gc,phases      ] GC(1)   StringTable Weak               Min:  0.0, Avg:  0.0, Max:  0.0, Diff:  0.0, Sum:  0.1, Workers: 4
[1.701s][debug][gc,phases      ] GC(1)     Dead                           Min: 0, Avg:  0.0, Max: 0, Diff: 0, Sum: 0, Workers: 4
[1.701s][debug][gc,phases      ] GC(1)     Total                          Min: 0, Avg: 3278.2, Max: 4800, Diff: 4800, Sum: 13113, Workers: 4
[1.701s][debug][gc,phases      ] GC(1)   ResolvedMethodTable Weak       Min:  0.0, Avg:  0.0, Max:  0.0, Diff:  0.0, Sum:  0.0, Workers: 4
[1.701s][debug][gc,phases      ] GC(1)     Dead                           Min: 0, Avg:  0.0, Max: 0, Diff: 0, Sum: 0, Workers: 4
[1.701s][debug][gc,phases      ] GC(1)     Total                          Min: 0, Avg: 320.8, Max: 512, Diff: 512, Sum: 1283, Workers: 4
[1.701s][debug][gc,phases      ] GC(1)   JNI Weak                       Min:  0.0, Avg:  0.0, Max:  0.0, Diff:  0.0, Sum:  0.0, Workers: 4
[1.701s][debug][gc,phases      ] GC(1)     Dead                           Min: 0, Avg:  0.0, Max: 0, Diff: 0, Sum: 0, Workers: 4
[1.701s][debug][gc,phases      ] GC(1)     Total                          Min: 0, Avg: 11.2, Max: 45, Diff: 45, Sum: 45, Workers: 4
[1.701s][debug][gc,phases      ] GC(1)   StringDedup Table Weak         Min:  0.0, Avg:  0.0, Max:  0.0, Diff:  0.0, Sum:  0.0, Workers: 4
[1.701s][debug][gc,phases      ] GC(1)     Dead                           Min: 0, Avg:  0.0, Max: 0, Diff: 0, Sum: 0, Workers: 4
[1.701s][debug][gc,phases      ] GC(1)     Total                          Min: 0, Avg:  0.0, Max: 0, Diff: 0, Sum: 0, Workers: 4
[1.701s][debug][gc,phases      ] GC(1)   StringDedup Requests0 Weak     Min:  0.0, Avg:  0.0, Max:  0.0, Diff:  0.0, Sum:  0.0, Workers: 4
[1.701s][debug][gc,phases      ] GC(1)     Dead                           Min: 0, Avg:  0.0, Max: 0, Diff: 0, Sum: 0, Workers: 4
[1.701s][debug][gc,phases      ] GC(1)     Total                          Min: 0, Avg:  0.0, Max: 0, Diff: 0, Sum: 0, Workers: 4
[1.701s][debug][gc,phases      ] GC(1)   StringDedup Requests1 Weak     Min:  0.0, Avg:  0.0, Max:  0.0, Diff:  0.0, Sum:  0.0, Workers: 4
[1.701s][debug][gc,phases      ] GC(1)     Dead                           Min: 0, Avg:  0.0, Max: 0, Diff: 0, Sum: 0, Workers: 4
[1.701s][debug][gc,phases      ] GC(1)     Total                          Min: 0, Avg:  0.0, Max: 0, Diff: 0, Sum: 0, Workers: 4
[1.701s][debug][gc,phases      ] GC(1)   Weak JFR Old Object Samples    Min:  0.0, Avg:  0.0, Max:  0.0, Diff:  0.0, Sum:  0.0, Workers: 4
[1.701s][debug][gc,phases      ] GC(1)     Dead                           Min: 0, Avg:  0.0, Max: 0, Diff: 0, Sum: 0, Workers: 4
[1.701s][debug][gc,phases      ] GC(1)     Total                          Min: 0, Avg:  0.0, Max: 0, Diff: 0, Sum: 0, Workers: 4
[1.701s][debug][gc,phases      ] GC(1) Weak Processing 0.190ms
[1.701s][debug][gc,phases      ] GC(1) ClassLoaderData 0.015ms
[1.701s][debug][gc,phases      ] GC(1) Trigger cleanups 0.000ms
[1.703s][debug][gc,phases      ] GC(1) Class Unloading 2.722ms
[1.703s][info ][gc,phases      ] GC(1) Marking Phase 14.390ms
[1.703s][info ][gc,phases,start] GC(1) Summary Phase
[1.703s][info ][gc,phases      ] GC(1) Summary Phase 0.006ms
[1.703s][info ][gc,phases,start] GC(1) Adjust Roots
[1.707s][info ][gc,phases      ] GC(1) Adjust Roots 3.533ms
[1.707s][info ][gc,phases,start] GC(1) Compaction Phase
[1.723s][info ][gc,phases      ] GC(1) Compaction Phase 16.412ms
[1.723s][info ][gc,phases,start] GC(1) Post Compact
[1.724s][info ][gc,phases      ] GC(1) Post Compact 0.953ms
[1.724s][info ][gc,heap        ] GC(1) PSYoungGen: 31503K(1572864K)->25780K(1572864K) Eden: 0K(1048576K)->0K(1048576K) From: 31503K(524288K)->25780K(524288K)
[1.724s][info ][gc,heap        ] GC(1) ParOldGen: 96K(6144K)->5672K(6144K)
[1.724s][info ][gc,metaspace   ] GC(1) Metaspace: 21180K(21504K)->21180K(21504K) NonClass: 18689K(18880K)->18689K(18880K) Class: 2490K(2624K)->2490K(2624K)
[1.724s][info ][gc             ] GC(1) Pause Full (Metadata GC Threshold) 30M->30M(1542M) 35.386ms
[1.724s][info ][gc,cpu         ] GC(1) User=0.10s Sys=0.00s Real=0.04s
[1.725s][info ][safepoint      ] Safepoint "CollectForMetadataAllocation", Time since last: 37084479 ns, Reaching safepoint: 51600 ns, At safepoint: 50963746 ns, Total: 51015346 ns
[1.881s][info ][safepoint      ] Safepoint "ICBufferFull", Time since last: 156016151 ns, Reaching safepoint: 145001 ns, At safepoint: 1600 ns, Total: 146601 ns
[2.064s][info ][safepoint      ] Safepoint "ICBufferFull", Time since last: 183002082 ns, Reaching safepoint: 153900 ns, At safepoint: 2400 ns, Total: 156300 ns
[2.179s][info ][safepoint      ] Safepoint "ICBufferFull", Time since last: 115049255 ns, Reaching safepoint: 142400 ns, At safepoint: 5000 ns, Total: 147400 ns
[2.412s][info ][safepoint      ] Safepoint "ICBufferFull", Time since last: 232451520 ns, Reaching safepoint: 251701 ns, At safepoint: 6001 ns, Total: 257702 ns
[2.703s][info ][safepoint      ] Safepoint "ICBufferFull", Time since last: 290571499 ns, Reaching safepoint: 247502 ns, At safepoint: 4700 ns, Total: 252202 ns
[2.792s][info ][safepoint      ] Safepoint "ICBufferFull", Time since last: 89590831 ns, Reaching safepoint: 130701 ns, At safepoint: 2000 ns, Total: 132701 ns
[2.921s][info ][safepoint      ] Safepoint "ICBufferFull", Time since last: 128902021 ns, Reaching safepoint: 178401 ns, At safepoint: 4000 ns, Total: 182401 ns
[3.075s][info ][safepoint      ] Safepoint "ICBufferFull", Time since last: 153552840 ns, Reaching safepoint: 221401 ns, At safepoint: 9100 ns, Total: 230501 ns
[3.252s][info ][safepoint      ] Safepoint "ICBufferFull", Time since last: 176340249 ns, Reaching safepoint: 171901 ns, At safepoint: 4500 ns, Total: 176401 ns
[3.462s][info ][safepoint      ] Safepoint "ICBufferFull", Time since last: 210373714 ns, Reaching safepoint: 152300 ns, At safepoint: 5800 ns, Total: 158100 ns
[3.579s][info ][gc,start       ] GC(2) Pause Young (Metadata GC Threshold)
[3.636s][debug][gc,phases      ] GC(2) Scavenge 57.734ms
[3.636s][debug][gc,ref         ] GC(2) Skipped phase 1 of Reference Processing: no references
[3.637s][debug][gc,ref         ] GC(2) ReferenceProcessor::execute queues: 4, RefProcThreadModel::Multi, marks_oops_alive: false
[3.637s][debug][gc,ref         ] GC(2) Skipped phase 3 of Reference Processing: no references
[3.637s][debug][gc,ref         ] GC(2) ReferenceProcessor::execute queues: 1, RefProcThreadModel::Single, marks_oops_alive: false
[3.637s][debug][gc,phases      ] GC(2) Reference Processing 0.395ms
[3.637s][debug][gc,phases      ] GC(2)   VM Weak                        Min:  0.0, Avg:  0.0, Max:  0.0, Diff:  0.0, Sum:  0.0, Workers: 4
[3.637s][debug][gc,phases      ] GC(2)     Dead                           Min: 0, Avg:  0.0, Max: 0, Diff: 0, Sum: 0, Workers: 4
[3.637s][debug][gc,phases      ] GC(2)     Total                          Min: 0, Avg: 88.5, Max: 320, Diff: 320, Sum: 354, Workers: 4
[3.637s][debug][gc,phases      ] GC(2)   ObjectSynchronizer Weak        Min:  0.0, Avg:  0.0, Max:  0.0, Diff:  0.0, Sum:  0.0, Workers: 4
[3.637s][debug][gc,phases      ] GC(2)     Dead                           Min: 0, Avg:  0.0, Max: 0, Diff: 0, Sum: 0, Workers: 4
[3.637s][debug][gc,phases      ] GC(2)     Total                          Min: 0, Avg:  1.8, Max: 7, Diff: 7, Sum: 7, Workers: 4
[3.637s][debug][gc,phases      ] GC(2)   JVMTI Tag Weak OopStorage      Min:  0.0, Avg:  0.0, Max:  0.0, Diff:  0.0, Sum:  0.0, Workers: 4
[3.637s][debug][gc,phases      ] GC(2)     Dead                           Min: 0, Avg:  0.0, Max: 0, Diff: 0, Sum: 0, Workers: 4
[3.637s][debug][gc,phases      ] GC(2)     Total                          Min: 0, Avg:  0.0, Max: 0, Diff: 0, Sum: 0, Workers: 4
[3.637s][debug][gc,phases      ] GC(2)   StringTable Weak               Min:  0.2, Avg:  0.2, Max:  0.2, Diff:  0.0, Sum:  0.7, Workers: 4
[3.637s][debug][gc,phases      ] GC(2)     Dead                           Min: 0, Avg:  2.2, Max: 5, Diff: 5, Sum: 9, Workers: 4
[3.637s][debug][gc,phases      ] GC(2)     Total                          Min: 5248, Avg: 6531.0, Max: 7180, Diff: 1932, Sum: 26124, Workers: 4
[3.637s][debug][gc,phases      ] GC(2)   ResolvedMethodTable Weak       Min:  0.0, Avg:  0.0, Max:  0.0, Diff:  0.0, Sum:  0.1, Workers: 4
[3.637s][debug][gc,phases      ] GC(2)     Dead                           Min: 2, Avg: 14.2, Max: 26, Diff: 24, Sum: 57, Workers: 4
[3.637s][debug][gc,phases      ] GC(2)     Total                          Min: 526, Avg: 611.5, Max: 704, Diff: 178, Sum: 2446, Workers: 4
[3.637s][debug][gc,phases      ] GC(2)   JNI Weak                       Min:  0.0, Avg:  0.0, Max:  0.0, Diff:  0.0, Sum:  0.0, Workers: 4
[3.637s][debug][gc,phases      ] GC(2)     Dead                           Min: 0, Avg:  0.0, Max: 0, Diff: 0, Sum: 0, Workers: 4
[3.637s][debug][gc,phases      ] GC(2)     Total                          Min: 0, Avg: 11.2, Max: 45, Diff: 45, Sum: 45, Workers: 4
[3.637s][debug][gc,phases      ] GC(2)   StringDedup Table Weak         Min:  0.0, Avg:  0.0, Max:  0.0, Diff:  0.0, Sum:  0.0, Workers: 4
[3.637s][debug][gc,phases      ] GC(2)     Dead                           Min: 0, Avg:  0.0, Max: 0, Diff: 0, Sum: 0, Workers: 4
[3.637s][debug][gc,phases      ] GC(2)     Total                          Min: 0, Avg:  0.0, Max: 0, Diff: 0, Sum: 0, Workers: 4
[3.637s][debug][gc,phases      ] GC(2)   StringDedup Requests0 Weak     Min:  0.0, Avg:  0.0, Max:  0.0, Diff:  0.0, Sum:  0.0, Workers: 4
[3.637s][debug][gc,phases      ] GC(2)     Dead                           Min: 0, Avg:  0.0, Max: 0, Diff: 0, Sum: 0, Workers: 4
[3.637s][debug][gc,phases      ] GC(2)     Total                          Min: 0, Avg:  0.0, Max: 0, Diff: 0, Sum: 0, Workers: 4
[3.637s][debug][gc,phases      ] GC(2)   StringDedup Requests1 Weak     Min:  0.0, Avg:  0.0, Max:  0.0, Diff:  0.0, Sum:  0.0, Workers: 4
[3.637s][debug][gc,phases      ] GC(2)     Dead                           Min: 0, Avg:  0.0, Max: 0, Diff: 0, Sum: 0, Workers: 4
[3.637s][debug][gc,phases      ] GC(2)     Total                          Min: 0, Avg:  0.0, Max: 0, Diff: 0, Sum: 0, Workers: 4
[3.637s][debug][gc,phases      ] GC(2)   Weak JFR Old Object Samples    Min:  0.0, Avg:  0.0, Max:  0.0, Diff:  0.0, Sum:  0.0, Workers: 4
[3.637s][debug][gc,phases      ] GC(2)     Dead                           Min: 0, Avg:  0.0, Max: 0, Diff: 0, Sum: 0, Workers: 4
[3.637s][debug][gc,phases      ] GC(2)     Total                          Min: 0, Avg:  0.0, Max: 0, Diff: 0, Sum: 0, Workers: 4
[3.637s][debug][gc,phases      ] GC(2) Weak Processing 0.367ms
[3.637s][debug][gc,age         ] GC(2) Desired survivor size 536870912 bytes, new threshold 7 (max threshold 15)
[3.637s][info ][gc,heap        ] GC(2) PSYoungGen: 550069K(1572864K)->82562K(1572864K) Eden: 524288K(1048576K)->0K(1048576K) From: 25780K(524288K)->82562K(524288K)
[3.637s][info ][gc,heap        ] GC(2) ParOldGen: 5672K(6144K)->5680K(6144K)
[3.637s][info ][gc,metaspace   ] GC(2) Metaspace: 35348K(35840K)->35348K(35840K) NonClass: 30710K(30976K)->30710K(30976K) Class: 4637K(4864K)->4637K(4864K)
[3.637s][info ][gc             ] GC(2) Pause Young (Metadata GC Threshold) 542M->86M(1542M) 58.609ms
[3.637s][info ][gc,cpu         ] GC(2) User=0.18s Sys=0.03s Real=0.06s
[3.637s][debug][gc,phases      ] GC(3) Pre Compact 0.008ms
[3.637s][info ][gc,start       ] GC(3) Pause Full (Metadata GC Threshold)
[3.637s][info ][gc,phases,start] GC(3) Marking Phase
[3.675s][debug][gc,phases      ] GC(3) Par Mark 37.234ms
[3.675s][debug][gc,ref         ] GC(3) Skipped phase 1 of Reference Processing: no references
[3.675s][debug][gc,ref         ] GC(3) ReferenceProcessor::execute queues: 4, RefProcThreadModel::Multi, marks_oops_alive: false
[3.675s][debug][gc,ref         ] GC(3) Skipped phase 3 of Reference Processing: no references
[3.675s][debug][gc,ref         ] GC(3) ReferenceProcessor::execute queues: 1, RefProcThreadModel::Single, marks_oops_alive: false
[3.675s][debug][gc,phases      ] GC(3) Reference Processing 0.343ms
[3.675s][debug][gc,phases      ] GC(3)   VM Weak                        Min:  0.0, Avg:  0.0, Max:  0.0, Diff:  0.0, Sum:  0.0, Workers: 4
[3.675s][debug][gc,phases      ] GC(3)     Dead                           Min: 0, Avg:  0.0, Max: 0, Diff: 0, Sum: 0, Workers: 4
[3.675s][debug][gc,phases      ] GC(3)     Total                          Min: 0, Avg: 88.5, Max: 290, Diff: 290, Sum: 354, Workers: 4
[3.675s][debug][gc,phases      ] GC(3)   ObjectSynchronizer Weak        Min:  0.0, Avg:  0.0, Max:  0.0, Diff:  0.0, Sum:  0.0, Workers: 4
[3.675s][debug][gc,phases      ] GC(3)     Dead                           Min: 0, Avg:  0.0, Max: 0, Diff: 0, Sum: 0, Workers: 4
[3.675s][debug][gc,phases      ] GC(3)     Total                          Min: 0, Avg:  1.8, Max: 7, Diff: 7, Sum: 7, Workers: 4
[3.675s][debug][gc,phases      ] GC(3)   JVMTI Tag Weak OopStorage      Min:  0.0, Avg:  0.0, Max:  0.0, Diff:  0.0, Sum:  0.0, Workers: 4
[3.675s][debug][gc,phases      ] GC(3)     Dead                           Min: 0, Avg:  0.0, Max: 0, Diff: 0, Sum: 0, Workers: 4
[3.675s][debug][gc,phases      ] GC(3)     Total                          Min: 0, Avg:  0.0, Max: 0, Diff: 0, Sum: 0, Workers: 4
[3.675s][debug][gc,phases      ] GC(3)   StringTable Weak               Min:  0.0, Avg:  0.1, Max:  0.1, Diff:  0.1, Sum:  0.3, Workers: 4
[3.675s][debug][gc,phases      ] GC(3)     Dead                           Min: 0, Avg:  0.0, Max: 0, Diff: 0, Sum: 0, Workers: 4
[3.675s][debug][gc,phases      ] GC(3)     Total                          Min: 0, Avg: 6531.0, Max: 10880, Diff: 10880, Sum: 26124, Workers: 4
[3.675s][debug][gc,phases      ] GC(3)   ResolvedMethodTable Weak       Min:  0.0, Avg:  0.0, Max:  0.0, Diff:  0.0, Sum:  0.0, Workers: 4
[3.675s][debug][gc,phases      ] GC(3)     Dead                           Min: 0, Avg:  0.0, Max: 0, Diff: 0, Sum: 0, Workers: 4
[3.675s][debug][gc,phases      ] GC(3)     Total                          Min: 0, Avg: 611.5, Max: 896, Diff: 896, Sum: 2446, Workers: 4
[3.675s][debug][gc,phases      ] GC(3)   JNI Weak                       Min:  0.0, Avg:  0.0, Max:  0.0, Diff:  0.0, Sum:  0.0, Workers: 4
[3.675s][debug][gc,phases      ] GC(3)     Dead                           Min: 0, Avg:  0.0, Max: 0, Diff: 0, Sum: 0, Workers: 4
[3.675s][debug][gc,phases      ] GC(3)     Total                          Min: 0, Avg: 11.2, Max: 45, Diff: 45, Sum: 45, Workers: 4
[3.675s][debug][gc,phases      ] GC(3)   StringDedup Table Weak         Min:  0.0, Avg:  0.0, Max:  0.0, Diff:  0.0, Sum:  0.0, Workers: 4
[3.675s][debug][gc,phases      ] GC(3)     Dead                           Min: 0, Avg:  0.0, Max: 0, Diff: 0, Sum: 0, Workers: 4
[3.675s][debug][gc,phases      ] GC(3)     Total                          Min: 0, Avg:  0.0, Max: 0, Diff: 0, Sum: 0, Workers: 4
[3.675s][debug][gc,phases      ] GC(3)   StringDedup Requests0 Weak     Min:  0.0, Avg:  0.0, Max:  0.0, Diff:  0.0, Sum:  0.0, Workers: 4
[3.675s][debug][gc,phases      ] GC(3)     Dead                           Min: 0, Avg:  0.0, Max: 0, Diff: 0, Sum: 0, Workers: 4
[3.675s][debug][gc,phases      ] GC(3)     Total                          Min: 0, Avg:  0.0, Max: 0, Diff: 0, Sum: 0, Workers: 4
[3.675s][debug][gc,phases      ] GC(3)   StringDedup Requests1 Weak     Min:  0.0, Avg:  0.0, Max:  0.0, Diff:  0.0, Sum:  0.0, Workers: 4
[3.675s][debug][gc,phases      ] GC(3)     Dead                           Min: 0, Avg:  0.0, Max: 0, Diff: 0, Sum: 0, Workers: 4
[3.675s][debug][gc,phases      ] GC(3)     Total                          Min: 0, Avg:  0.0, Max: 0, Diff: 0, Sum: 0, Workers: 4
[3.675s][debug][gc,phases      ] GC(3)   Weak JFR Old Object Samples    Min:  0.0, Avg:  0.0, Max:  0.0, Diff:  0.0, Sum:  0.0, Workers: 4
[3.675s][debug][gc,phases      ] GC(3)     Dead                           Min: 0, Avg:  0.0, Max: 0, Diff: 0, Sum: 0, Workers: 4
[3.675s][debug][gc,phases      ] GC(3)     Total                          Min: 0, Avg:  0.0, Max: 0, Diff: 0, Sum: 0, Workers: 4
[3.675s][debug][gc,phases      ] GC(3) Weak Processing 0.267ms
[3.675s][debug][gc,phases      ] GC(3) ClassLoaderData 0.039ms
[3.675s][debug][gc,phases      ] GC(3) Trigger cleanups 0.000ms
[3.680s][debug][gc,phases      ] GC(3) Class Unloading 5.050ms
[3.680s][info ][gc,phases      ] GC(3) Marking Phase 42.989ms
[3.680s][info ][gc,phases,start] GC(3) Summary Phase
[3.680s][info ][gc,phases      ] GC(3) Summary Phase 0.005ms
[3.680s][info ][gc,phases,start] GC(3) Adjust Roots
[3.687s][info ][gc,phases      ] GC(3) Adjust Roots 6.324ms
[3.687s][info ][gc,phases,start] GC(3) Compaction Phase
[4.015s][info ][gc,phases      ] GC(3) Compaction Phase 328.719ms
[4.015s][info ][gc,phases,start] GC(3) Post Compact
[4.016s][info ][gc,phases      ] GC(3) Post Compact 0.949ms
[4.016s][info ][gc,heap        ] GC(3) PSYoungGen: 82562K(1572864K)->81882K(1572864K) Eden: 0K(1048576K)->0K(1048576K) From: 82562K(524288K)->81882K(524288K)
[4.016s][info ][gc,heap        ] GC(3) ParOldGen: 5680K(6144K)->6072K(6144K)
[4.016s][info ][gc,metaspace   ] GC(3) Metaspace: 35348K(35840K)->35348K(35840K) NonClass: 30710K(30976K)->30710K(30976K) Class: 4637K(4864K)->4637K(4864K)
[4.016s][info ][gc             ] GC(3) Pause Full (Metadata GC Threshold) 86M->85M(1542M) 379.083ms
[4.016s][info ][gc,cpu         ] GC(3) User=0.81s Sys=0.00s Real=0.38s
[4.016s][info ][safepoint      ] Safepoint "CollectForMetadataAllocation", Time since last: 116266161 ns, Reaching safepoint: 96900 ns, At safepoint: 437812453 ns, Total: 437909353 ns
[4.267s][info ][safepoint      ] Safepoint "ICBufferFull", Time since last: 250652146 ns, Reaching safepoint: 188101 ns, At safepoint: 5200 ns, Total: 193301 ns
[4.946s][info ][safepoint      ] Safepoint "ICBufferFull", Time since last: 678842576 ns, Reaching safepoint: 200301 ns, At safepoint: 1800 ns, Total: 202101 ns
[5.091s][info ][safepoint      ] Safepoint "ICBufferFull", Time since last: 144426718 ns, Reaching safepoint: 139301 ns, At safepoint: 6900 ns, Total: 146201 ns
[5.240s][info ][safepoint      ] Safepoint "ICBufferFull", Time since last: 149340743 ns, Reaching safepoint: 175400 ns, At safepoint: 5801 ns, Total: 181201 ns
[5.398s][info ][safepoint      ] Safepoint "ICBufferFull", Time since last: 157321382 ns, Reaching safepoint: 152301 ns, At safepoint: 2000 ns, Total: 154301 ns
[5.584s][info ][safepoint      ] Safepoint "ICBufferFull", Time since last: 186283926 ns, Reaching safepoint: 120301 ns, At safepoint: 1800 ns, Total: 122101 ns
[5.678s][info ][safepoint      ] Safepoint "ICBufferFull", Time since last: 93227563 ns, Reaching safepoint: 233601 ns, At safepoint: 13200 ns, Total: 246801 ns
[5.949s][info ][safepoint      ] Safepoint "ICBufferFull", Time since last: 270657346 ns, Reaching safepoint: 192201 ns, At safepoint: 6600 ns, Total: 198801 ns
[6.088s][info ][safepoint      ] Safepoint "ICBufferFull", Time since last: 138966891 ns, Reaching safepoint: 149901 ns, At safepoint: 5300 ns, Total: 155201 ns
[6.593s][info ][safepoint      ] Safepoint "ICBufferFull", Time since last: 504897911 ns, Reaching safepoint: 154101 ns, At safepoint: 2000 ns, Total: 156101 ns
[6.810s][debug][gc,phases      ] GC(4) Pre Compact 0.017ms
[6.810s][info ][gc,start       ] GC(4) Pause Full (Metadata GC Threshold)
[6.810s][info ][gc,phases,start] GC(4) Marking Phase
[6.888s][debug][gc,phases      ] GC(4) Par Mark 77.963ms
[6.888s][debug][gc,ref         ] GC(4) Skipped phase 1 of Reference Processing: no references
[6.888s][debug][gc,ref         ] GC(4) ReferenceProcessor::execute queues: 4, RefProcThreadModel::Multi, marks_oops_alive: false
[6.889s][debug][gc,ref         ] GC(4) Skipped phase 3 of Reference Processing: no references
[6.889s][debug][gc,ref         ] GC(4) ReferenceProcessor::execute queues: 4, RefProcThreadModel::Multi, marks_oops_alive: false
[6.889s][debug][gc,phases      ] GC(4) Reference Processing 1.239ms
[6.889s][debug][gc,phases      ] GC(4)   VM Weak                        Min:  0.0, Avg:  0.0, Max:  0.0, Diff:  0.0, Sum:  0.0, Workers: 4
[6.889s][debug][gc,phases      ] GC(4)     Dead                           Min: 0, Avg:  0.5, Max: 2, Diff: 2, Sum: 2, Workers: 4
[6.889s][debug][gc,phases      ] GC(4)     Total                          Min: 0, Avg: 134.0, Max: 256, Diff: 256, Sum: 536, Workers: 4
[6.889s][debug][gc,phases      ] GC(4)   ObjectSynchronizer Weak        Min:  0.0, Avg:  0.0, Max:  0.0, Diff:  0.0, Sum:  0.0, Workers: 4
[6.889s][debug][gc,phases      ] GC(4)     Dead                           Min: 0, Avg:  1.0, Max: 4, Diff: 4, Sum: 4, Workers: 4
[6.889s][debug][gc,phases      ] GC(4)     Total                          Min: 0, Avg:  4.2, Max: 17, Diff: 17, Sum: 17, Workers: 4
[6.889s][debug][gc,phases      ] GC(4)   JVMTI Tag Weak OopStorage      Min:  0.0, Avg:  0.0, Max:  0.0, Diff:  0.0, Sum:  0.0, Workers: 4
[6.889s][debug][gc,phases      ] GC(4)     Dead                           Min: 0, Avg:  0.0, Max: 0, Diff: 0, Sum: 0, Workers: 4
[6.889s][debug][gc,phases      ] GC(4)     Total                          Min: 0, Avg:  0.0, Max: 0, Diff: 0, Sum: 0, Workers: 4
[6.889s][debug][gc,phases      ] GC(4)   StringTable Weak               Min:  0.1, Avg:  0.1, Max:  0.1, Diff:  0.0, Sum:  0.6, Workers: 4
[6.889s][debug][gc,phases      ] GC(4)     Dead                           Min: 4, Avg:  5.5, Max: 8, Diff: 4, Sum: 22, Workers: 4
[6.889s][debug][gc,phases      ] GC(4)     Total                          Min: 8192, Avg: 9022.0, Max: 9472, Diff: 1280, Sum: 36088, Workers: 4
[6.889s][debug][gc,phases      ] GC(4)   ResolvedMethodTable Weak       Min:  0.0, Avg:  0.0, Max:  0.0, Diff:  0.0, Sum:  0.1, Workers: 4
[6.889s][debug][gc,phases      ] GC(4)     Dead                           Min: 17, Avg: 90.5, Max: 159, Diff: 142, Sum: 362, Workers: 4
[6.889s][debug][gc,phases      ] GC(4)     Total                          Min: 1553, Avg: 1716.2, Max: 1792, Diff: 239, Sum: 6865, Workers: 4
[6.889s][debug][gc,phases      ] GC(4)   JNI Weak                       Min:  0.0, Avg:  0.0, Max:  0.0, Diff:  0.0, Sum:  0.0, Workers: 4
[6.889s][debug][gc,phases      ] GC(4)     Dead                           Min: 0, Avg:  0.0, Max: 0, Diff: 0, Sum: 0, Workers: 4
[6.889s][debug][gc,phases      ] GC(4)     Total                          Min: 0, Avg: 11.5, Max: 46, Diff: 46, Sum: 46, Workers: 4
[6.889s][debug][gc,phases      ] GC(4)   StringDedup Table Weak         Min:  0.0, Avg:  0.0, Max:  0.0, Diff:  0.0, Sum:  0.0, Workers: 4
[6.889s][debug][gc,phases      ] GC(4)     Dead                           Min: 0, Avg:  0.0, Max: 0, Diff: 0, Sum: 0, Workers: 4
[6.889s][debug][gc,phases      ] GC(4)     Total                          Min: 0, Avg:  0.0, Max: 0, Diff: 0, Sum: 0, Workers: 4
[6.889s][debug][gc,phases      ] GC(4)   StringDedup Requests0 Weak     Min:  0.0, Avg:  0.0, Max:  0.0, Diff:  0.0, Sum:  0.0, Workers: 4
[6.889s][debug][gc,phases      ] GC(4)     Dead                           Min: 0, Avg:  0.0, Max: 0, Diff: 0, Sum: 0, Workers: 4
[6.889s][debug][gc,phases      ] GC(4)     Total                          Min: 0, Avg:  0.0, Max: 0, Diff: 0, Sum: 0, Workers: 4
[6.889s][debug][gc,phases      ] GC(4)   StringDedup Requests1 Weak     Min:  0.0, Avg:  0.0, Max:  0.0, Diff:  0.0, Sum:  0.0, Workers: 4
[6.889s][debug][gc,phases      ] GC(4)     Dead                           Min: 0, Avg:  0.0, Max: 0, Diff: 0, Sum: 0, Workers: 4
[6.889s][debug][gc,phases      ] GC(4)     Total                          Min: 0, Avg:  0.0, Max: 0, Diff: 0, Sum: 0, Workers: 4
[6.889s][debug][gc,phases      ] GC(4)   Weak JFR Old Object Samples    Min:  0.0, Avg:  0.0, Max:  0.0, Diff:  0.0, Sum:  0.0, Workers: 4
[6.889s][debug][gc,phases      ] GC(4)     Dead                           Min: 0, Avg:  0.0, Max: 0, Diff: 0, Sum: 0, Workers: 4
[6.889s][debug][gc,phases      ] GC(4)     Total                          Min: 0, Avg:  0.0, Max: 0, Diff: 0, Sum: 0, Workers: 4
[6.889s][debug][gc,phases      ] GC(4) Weak Processing 0.314ms
[6.890s][debug][gc,phases      ] GC(4) ClassLoaderData 0.132ms
[6.890s][debug][gc,phases      ] GC(4) Trigger cleanups 0.002ms
[6.906s][debug][gc,phases      ] GC(4) Class Unloading 16.218ms
[6.906s][info ][gc,phases      ] GC(4) Marking Phase 95.899ms
[6.906s][info ][gc,phases,start] GC(4) Summary Phase
[6.906s][info ][gc,phases      ] GC(4) Summary Phase 0.018ms
[6.906s][info ][gc,phases,start] GC(4) Adjust Roots
[6.915s][info ][gc,phases      ] GC(4) Adjust Roots 9.584ms
[6.915s][info ][gc,phases,start] GC(4) Compaction Phase
[7.063s][info ][gc,phases      ] GC(4) Compaction Phase 147.595ms
[7.063s][info ][gc,phases,start] GC(4) Post Compact
[7.069s][info ][gc,phases      ] GC(4) Post Compact 5.780ms
[7.069s][info ][gc,heap        ] GC(4) PSYoungGen: 887969K(1572864K)->115809K(1572864K) Eden: 806087K(1048576K)->115809K(1048576K) From: 81882K(524288K)->0K(524288K)
[7.069s][info ][gc,heap        ] GC(4) ParOldGen: 6072K(6144K)->6141K(6144K)
[7.069s][info ][gc,metaspace   ] GC(4) Metaspace: 59077K(59776K)->59074K(59776K) NonClass: 50158K(50496K)->50155K(50496K) Class: 8919K(9280K)->8918K(9280K)
[7.069s][info ][gc             ] GC(4) Pause Full (Metadata GC Threshold) 873M->119M(1542M) 259.009ms
[7.069s][info ][gc,cpu         ] GC(4) User=0.80s Sys=0.04s Real=0.26s
[7.069s][info ][safepoint      ] Safepoint "CollectForMetadataAllocation", Time since last: 216772678 ns, Reaching safepoint: 171400 ns, At safepoint: 259120089 ns, Total: 259291489 ns
[7.262s][info ][safepoint      ] Safepoint "ICBufferFull", Time since last: 192791859 ns, Reaching safepoint: 232101 ns, At safepoint: 8000 ns, Total: 240101 ns
[7.517s][info ][safepoint      ] Safepoint "ICBufferFull", Time since last: 254467865 ns, Reaching safepoint: 232001 ns, At safepoint: 11400 ns, Total: 243401 ns
[7.983s][info ][safepoint      ] Safepoint "ICBufferFull", Time since last: 466125118 ns, Reaching safepoint: 145601 ns, At safepoint: 7100 ns, Total: 152701 ns
[8.170s][info ][safepoint      ] Safepoint "ICBufferFull", Time since last: 186548128 ns, Reaching safepoint: 146300 ns, At safepoint: 4700 ns, Total: 151000 ns
[8.420s][debug][gc,phases      ] GC(5) Pre Compact 0.022ms
[8.420s][info ][gc,start       ] GC(5) Pause Full (Ergonomics)
[8.420s][info ][gc,phases,start] GC(5) Marking Phase
[8.689s][debug][gc,phases      ] GC(5) Par Mark 268.844ms
[8.689s][debug][gc,ref         ] GC(5) Skipped phase 1 of Reference Processing: no references
[8.689s][debug][gc,ref         ] GC(5) ReferenceProcessor::execute queues: 4, RefProcThreadModel::Multi, marks_oops_alive: false
[8.690s][debug][gc,ref         ] GC(5) Skipped phase 3 of Reference Processing: no references
[8.690s][debug][gc,ref         ] GC(5) ReferenceProcessor::execute queues: 1, RefProcThreadModel::Single, marks_oops_alive: false
[8.690s][debug][gc,phases      ] GC(5) Reference Processing 1.059ms
[8.690s][debug][gc,phases      ] GC(5)   VM Weak                        Min:  0.0, Avg:  0.0, Max:  0.0, Diff:  0.0, Sum:  0.0, Workers: 4
[8.690s][debug][gc,phases      ] GC(5)     Dead                           Min: 0, Avg:  0.0, Max: 0, Diff: 0, Sum: 0, Workers: 4
[8.690s][debug][gc,phases      ] GC(5)     Total                          Min: 0, Avg: 151.0, Max: 256, Diff: 256, Sum: 604, Workers: 4
[8.690s][debug][gc,phases      ] GC(5)   ObjectSynchronizer Weak        Min:  0.0, Avg:  0.0, Max:  0.0, Diff:  0.0, Sum:  0.0, Workers: 4
[8.690s][debug][gc,phases      ] GC(5)     Dead                           Min: 0, Avg:  0.0, Max: 0, Diff: 0, Sum: 0, Workers: 4
[8.690s][debug][gc,phases      ] GC(5)     Total                          Min: 0, Avg:  4.2, Max: 17, Diff: 17, Sum: 17, Workers: 4
[8.690s][debug][gc,phases      ] GC(5)   JVMTI Tag Weak OopStorage      Min:  0.0, Avg:  0.0, Max:  0.0, Diff:  0.0, Sum:  0.0, Workers: 4
[8.690s][debug][gc,phases      ] GC(5)     Dead                           Min: 0, Avg:  0.0, Max: 0, Diff: 0, Sum: 0, Workers: 4
[8.690s][debug][gc,phases      ] GC(5)     Total                          Min: 0, Avg:  0.0, Max: 0, Diff: 0, Sum: 0, Workers: 4
[8.690s][debug][gc,phases      ] GC(5)   StringTable Weak               Min:  0.1, Avg:  0.1, Max:  0.1, Diff:  0.0, Sum:  0.5, Workers: 4
[8.690s][debug][gc,phases      ] GC(5)     Dead                           Min: 0, Avg:  2.0, Max: 3, Diff: 3, Sum: 8, Workers: 4
[8.690s][debug][gc,phases      ] GC(5)     Total                          Min: 7936, Avg: 9253.8, Max: 9792, Diff: 1856, Sum: 37015, Workers: 4
[8.690s][debug][gc,phases      ] GC(5)   ResolvedMethodTable Weak       Min:  0.0, Avg:  0.0, Max:  0.0, Diff:  0.0, Sum:  0.1, Workers: 4
[8.690s][debug][gc,phases      ] GC(5)     Dead                           Min: 2, Avg: 18.8, Max: 28, Diff: 26, Sum: 75, Workers: 4
[8.690s][debug][gc,phases      ] GC(5)     Total                          Min: 1601, Avg: 1760.2, Max: 1920, Diff: 319, Sum: 7041, Workers: 4
[8.690s][debug][gc,phases      ] GC(5)   JNI Weak                       Min:  0.0, Avg:  0.0, Max:  0.0, Diff:  0.0, Sum:  0.0, Workers: 4
[8.690s][debug][gc,phases      ] GC(5)     Dead                           Min: 0, Avg:  0.0, Max: 0, Diff: 0, Sum: 0, Workers: 4
[8.690s][debug][gc,phases      ] GC(5)     Total                          Min: 0, Avg: 15.2, Max: 45, Diff: 45, Sum: 61, Workers: 4
[8.690s][debug][gc,phases      ] GC(5)   StringDedup Table Weak         Min:  0.0, Avg:  0.0, Max:  0.0, Diff:  0.0, Sum:  0.0, Workers: 4
[8.690s][debug][gc,phases      ] GC(5)     Dead                           Min: 0, Avg:  0.0, Max: 0, Diff: 0, Sum: 0, Workers: 4
[8.690s][debug][gc,phases      ] GC(5)     Total                          Min: 0, Avg:  0.0, Max: 0, Diff: 0, Sum: 0, Workers: 4
[8.690s][debug][gc,phases      ] GC(5)   StringDedup Requests0 Weak     Min:  0.0, Avg:  0.0, Max:  0.0, Diff:  0.0, Sum:  0.0, Workers: 4
[8.690s][debug][gc,phases      ] GC(5)     Dead                           Min: 0, Avg:  0.0, Max: 0, Diff: 0, Sum: 0, Workers: 4
[8.690s][debug][gc,phases      ] GC(5)     Total                          Min: 0, Avg:  0.0, Max: 0, Diff: 0, Sum: 0, Workers: 4
[8.690s][debug][gc,phases      ] GC(5)   StringDedup Requests1 Weak     Min:  0.0, Avg:  0.0, Max:  0.0, Diff:  0.0, Sum:  0.0, Workers: 4
[8.690s][debug][gc,phases      ] GC(5)     Dead                           Min: 0, Avg:  0.0, Max: 0, Diff: 0, Sum: 0, Workers: 4
[8.690s][debug][gc,phases      ] GC(5)     Total                          Min: 0, Avg:  0.0, Max: 0, Diff: 0, Sum: 0, Workers: 4
[8.690s][debug][gc,phases      ] GC(5)   Weak JFR Old Object Samples    Min:  0.0, Avg:  0.0, Max:  0.0, Diff:  0.0, Sum:  0.0, Workers: 4
[8.690s][debug][gc,phases      ] GC(5)     Dead                           Min: 0, Avg:  0.0, Max: 0, Diff: 0, Sum: 0, Workers: 4
[8.690s][debug][gc,phases      ] GC(5)     Total                          Min: 0, Avg:  0.0, Max: 0, Diff: 0, Sum: 0, Workers: 4
[8.690s][debug][gc,phases      ] GC(5) Weak Processing 0.318ms
[8.690s][debug][gc,phases      ] GC(5) ClassLoaderData 0.071ms
[8.690s][debug][gc,phases      ] GC(5) Trigger cleanups 0.001ms
[8.700s][debug][gc,phases      ] GC(5) Class Unloading 9.835ms
[8.700s][info ][gc,phases      ] GC(5) Marking Phase 280.207ms
[8.700s][info ][gc,phases,start] GC(5) Summary Phase
[8.700s][info ][gc,phases      ] GC(5) Summary Phase 0.030ms
[8.700s][info ][gc,phases,start] GC(5) Adjust Roots
[8.709s][info ][gc,phases      ] GC(5) Adjust Roots 9.321ms
[8.709s][info ][gc,phases,start] GC(5) Compaction Phase
[9.417s][info ][gc,phases      ] GC(5) Compaction Phase 707.811ms
[9.417s][info ][gc,phases,start] GC(5) Post Compact
[9.421s][info ][gc,phases      ] GC(5) Post Compact 3.987ms
[9.421s][info ][gc,heap        ] GC(5) PSYoungGen: 1048576K(1572864K)->537600K(1572864K) Eden: 1048576K(1048576K)->537600K(1048576K) From: 0K(524288K)->0K(524288K)
[9.421s][info ][gc,heap        ] GC(5) ParOldGen: 6141K(6144K)->6136K(18944K)
[9.421s][info ][gc,metaspace   ] GC(5) Metaspace: 62987K(63808K)->62987K(63808K) NonClass: 53604K(54080K)->53604K(54080K) Class: 9383K(9728K)->9383K(9728K)
[9.421s][info ][gc             ] GC(5) Pause Full (Ergonomics) 1029M->530M(1554M) 1001.546ms
[9.421s][info ][gc,cpu         ] GC(5) User=3.56s Sys=0.03s Real=1.00s
[9.421s][info ][safepoint      ] Safepoint "ParallelGCFailedAllocation", Time since last: 249820943 ns, Reaching safepoint: 366302 ns, At safepoint: 1001655881 ns, Total: 1002022183 ns
[9.780s][info ][safepoint      ] Safepoint "ICBufferFull", Time since last: 358512882 ns, Reaching safepoint: 160601 ns, At safepoint: 7100 ns, Total: 167701 ns
[10.109s][info ][gc,start       ] GC(6) Pause Young (Allocation Failure)
[10.413s][debug][gc,phases      ] GC(6) Scavenge 304.301ms
[10.413s][debug][gc,ref         ] GC(6) Skipped phase 1 of Reference Processing: no references
[10.413s][debug][gc,ref         ] GC(6) ReferenceProcessor::execute queues: 4, RefProcThreadModel::Multi, marks_oops_alive: false
[10.413s][debug][gc,ref         ] GC(6) Skipped phase 3 of Reference Processing: no references
[10.413s][debug][gc,ref         ] GC(6) ReferenceProcessor::execute queues: 1, RefProcThreadModel::Single, marks_oops_alive: false
[10.413s][debug][gc,phases      ] GC(6) Reference Processing 0.339ms
[10.414s][debug][gc,phases      ] GC(6)   VM Weak                        Min:  0.0, Avg:  0.0, Max:  0.0, Diff:  0.0, Sum:  0.0, Workers: 4
[10.414s][debug][gc,phases      ] GC(6)     Dead                           Min: 0, Avg:  0.0, Max: 0, Diff: 0, Sum: 0, Workers: 4
[10.414s][debug][gc,phases      ] GC(6)     Total                          Min: 0, Avg: 151.0, Max: 320, Diff: 320, Sum: 604, Workers: 4
[10.414s][debug][gc,phases      ] GC(6)   ObjectSynchronizer Weak        Min:  0.0, Avg:  0.0, Max:  0.0, Diff:  0.0, Sum:  0.0, Workers: 4
[10.414s][debug][gc,phases      ] GC(6)     Dead                           Min: 0, Avg:  0.0, Max: 0, Diff: 0, Sum: 0, Workers: 4
[10.414s][debug][gc,phases      ] GC(6)     Total                          Min: 0, Avg:  4.2, Max: 17, Diff: 17, Sum: 17, Workers: 4
[10.414s][debug][gc,phases      ] GC(6)   JVMTI Tag Weak OopStorage      Min:  0.0, Avg:  0.0, Max:  0.0, Diff:  0.0, Sum:  0.0, Workers: 4
[10.414s][debug][gc,phases      ] GC(6)     Dead                           Min: 0, Avg:  0.0, Max: 0, Diff: 0, Sum: 0, Workers: 4
[10.414s][debug][gc,phases      ] GC(6)     Total                          Min: 0, Avg:  0.0, Max: 0, Diff: 0, Sum: 0, Workers: 4
[10.414s][debug][gc,phases      ] GC(6)   StringTable Weak               Min:  0.3, Avg:  0.3, Max:  0.3, Diff:  0.0, Sum:  1.0, Workers: 4
[10.414s][debug][gc,phases      ] GC(6)     Dead                           Min: 0, Avg:  0.0, Max: 0, Diff: 0, Sum: 0, Workers: 4
[10.414s][debug][gc,phases      ] GC(6)     Total                          Min: 8640, Avg: 9256.8, Max: 9728, Diff: 1088, Sum: 37027, Workers: 4
[10.414s][debug][gc,phases      ] GC(6)   ResolvedMethodTable Weak       Min:  0.1, Avg:  0.1, Max:  0.1, Diff:  0.0, Sum:  0.2, Workers: 4
[10.414s][debug][gc,phases      ] GC(6)     Dead                           Min: 0, Avg:  0.0, Max: 0, Diff: 0, Sum: 0, Workers: 4
[10.414s][debug][gc,phases      ] GC(6)     Total                          Min: 1728, Avg: 1760.2, Max: 1856, Diff: 128, Sum: 7041, Workers: 4
[10.414s][debug][gc,phases      ] GC(6)   JNI Weak                       Min:  0.0, Avg:  0.0, Max:  0.0, Diff:  0.0, Sum:  0.0, Workers: 4
[10.414s][debug][gc,phases      ] GC(6)     Dead                           Min: 0, Avg:  0.0, Max: 0, Diff: 0, Sum: 0, Workers: 4
[10.414s][debug][gc,phases      ] GC(6)     Total                          Min: 0, Avg: 13.5, Max: 48, Diff: 48, Sum: 54, Workers: 4
[10.414s][debug][gc,phases      ] GC(6)   StringDedup Table Weak         Min:  0.0, Avg:  0.0, Max:  0.0, Diff:  0.0, Sum:  0.0, Workers: 4
[10.414s][debug][gc,phases      ] GC(6)     Dead                           Min: 0, Avg:  0.0, Max: 0, Diff: 0, Sum: 0, Workers: 4
[10.414s][debug][gc,phases      ] GC(6)     Total                          Min: 0, Avg:  0.0, Max: 0, Diff: 0, Sum: 0, Workers: 4
[10.414s][debug][gc,phases      ] GC(6)   StringDedup Requests0 Weak     Min:  0.0, Avg:  0.0, Max:  0.0, Diff:  0.0, Sum:  0.0, Workers: 4
[10.414s][debug][gc,phases      ] GC(6)     Dead                           Min: 0, Avg:  0.0, Max: 0, Diff: 0, Sum: 0, Workers: 4
[10.414s][debug][gc,phases      ] GC(6)     Total                          Min: 0, Avg:  0.0, Max: 0, Diff: 0, Sum: 0, Workers: 4
[10.414s][debug][gc,phases      ] GC(6)   StringDedup Requests1 Weak     Min:  0.0, Avg:  0.0, Max:  0.0, Diff:  0.0, Sum:  0.0, Workers: 4
[10.414s][debug][gc,phases      ] GC(6)     Dead                           Min: 0, Avg:  0.0, Max: 0, Diff: 0, Sum: 0, Workers: 4
[10.414s][debug][gc,phases      ] GC(6)     Total                          Min: 0, Avg:  0.0, Max: 0, Diff: 0, Sum: 0, Workers: 4
[10.414s][debug][gc,phases      ] GC(6)   Weak JFR Old Object Samples    Min:  0.0, Avg:  0.0, Max:  0.0, Diff:  0.0, Sum:  0.0, Workers: 4
[10.414s][debug][gc,phases      ] GC(6)     Dead                           Min: 0, Avg:  0.0, Max: 0, Diff: 0, Sum: 0, Workers: 4
[10.414s][debug][gc,phases      ] GC(6)     Total                          Min: 0, Avg:  0.0, Max: 0, Diff: 0, Sum: 0, Workers: 4
[10.414s][debug][gc,phases      ] GC(6) Weak Processing 0.467ms
[10.414s][debug][gc,age         ] GC(6) Desired survivor size 536870912 bytes, new threshold 7 (max threshold 15)
[10.414s][info ][gc,heap        ] GC(6) PSYoungGen: 1048576K(1572864K)->518543K(1572864K) Eden: 1048576K(1048576K)->0K(1048576K) From: 0K(524288K)->518543K(524288K)
[10.414s][info ][gc,heap        ] GC(6) ParOldGen: 6136K(18944K)->6177K(18944K)
[10.414s][info ][gc,metaspace   ] GC(6) Metaspace: 63003K(63808K)->63003K(63808K) NonClass: 53620K(54080K)->53620K(54080K) Class: 9383K(9728K)->9383K(9728K)
[10.414s][info ][gc             ] GC(6) Pause Young (Allocation Failure) 1029M->512M(1554M) 305.223ms
[10.414s][info ][gc,cpu         ] GC(6) User=0.95s Sys=0.15s Real=0.31s
[10.414s][info ][safepoint      ] Safepoint "ParallelGCFailedAllocation", Time since last: 328268833 ns, Reaching safepoint: 180400 ns, At safepoint: 305287219 ns, Total: 305467619 ns
[10.675s][info ][safepoint      ] Safepoint "ICBufferFull", Time since last: 261364999 ns, Reaching safepoint: 188401 ns, At safepoint: 5600 ns, Total: 194001 ns
[11.025s][info ][safepoint      ] Safepoint "ICBufferFull", Time since last: 349237737 ns, Reaching safepoint: 203501 ns, At safepoint: 5900 ns, Total: 209401 ns
[11.303s][info ][safepoint      ] Safepoint "ICBufferFull", Time since last: 277688281 ns, Reaching safepoint: 174401 ns, At safepoint: 2600 ns, Total: 177001 ns
[11.543s][info ][safepoint      ] Safepoint "ICBufferFull", Time since last: 240017093 ns, Reaching safepoint: 155401 ns, At safepoint: 7100 ns, Total: 162501 ns
[11.940s][info ][safepoint      ] Safepoint "ICBufferFull", Time since last: 396801764 ns, Reaching safepoint: 160300 ns, At safepoint: 8600 ns, Total: 168900 ns
[12.483s][info ][safepoint      ] Safepoint "ICBufferFull", Time since last: 542803273 ns, Reaching safepoint: 171701 ns, At safepoint: 8300 ns, Total: 180001 ns
[13.539s][info ][safepoint      ] Safepoint "ICBufferFull", Time since last: 1056149301 ns, Reaching safepoint: 146300 ns, At safepoint: 3100 ns, Total: 149400 ns
[14.539s][info ][safepoint      ] Safepoint "Cleanup", Time since last: 1000120525 ns, Reaching safepoint: 144101 ns, At safepoint: 5100 ns, Total: 149201 ns
[15.540s][info ][safepoint      ] Safepoint "Cleanup", Time since last: 1000128824 ns, Reaching safepoint: 122601 ns, At safepoint: 5300 ns, Total: 127901 ns
[16.577s][info ][safepoint      ] Safepoint "Cleanup", Time since last: 1037667809 ns, Reaching safepoint: 156701 ns, At safepoint: 6200 ns, Total: 162901 ns
[16.711s][info ][safepoint      ] Safepoint "ICBufferFull", Time since last: 133134656 ns, Reaching safepoint: 215401 ns, At safepoint: 8500 ns, Total: 223901 ns
[16.796s][info ][safepoint      ] Safepoint "ICBufferFull", Time since last: 85318720 ns, Reaching safepoint: 262701 ns, At safepoint: 7700 ns, Total: 270401 ns
[16.892s][info ][safepoint      ] Safepoint "ICBufferFull", Time since last: 95467770 ns, Reaching safepoint: 222701 ns, At safepoint: 6801 ns, Total: 229502 ns
[16.976s][info ][safepoint      ] Safepoint "ICBufferFull", Time since last: 84120314 ns, Reaching safepoint: 234601 ns, At safepoint: 7300 ns, Total: 241901 ns
[17.143s][info ][safepoint      ] Safepoint "ICBufferFull", Time since last: 166031317 ns, Reaching safepoint: 235202 ns, At safepoint: 7500 ns, Total: 242702 ns
[17.300s][info ][safepoint      ] Safepoint "ICBufferFull", Time since last: 153595556 ns, Reaching safepoint: 3371517 ns, At safepoint: 16800 ns, Total: 3388317 ns
[17.703s][info ][safepoint      ] Safepoint "ICBufferFull", Time since last: 403159985 ns, Reaching safepoint: 244301 ns, At safepoint: 7200 ns, Total: 251501 ns
[17.904s][info ][gc,start       ] GC(7) Pause Young (Allocation Failure)
[18.004s][debug][gc,phases      ] GC(7) Scavenge 100.447ms
[18.004s][debug][gc,ref         ] GC(7) Skipped phase 1 of Reference Processing: no references
[18.004s][debug][gc,ref         ] GC(7) ReferenceProcessor::execute queues: 4, RefProcThreadModel::Multi, marks_oops_alive: false
[18.005s][debug][gc,ref         ] GC(7) Skipped phase 3 of Reference Processing: no references
[18.005s][debug][gc,ref         ] GC(7) ReferenceProcessor::execute queues: 1, RefProcThreadModel::Single, marks_oops_alive: false
[18.005s][debug][gc,phases      ] GC(7) Reference Processing 0.432ms
[18.005s][debug][gc,phases      ] GC(7)   VM Weak                        Min:  0.0, Avg:  0.0, Max:  0.0, Diff:  0.0, Sum:  0.0, Workers: 4
[18.005s][debug][gc,phases      ] GC(7)     Dead                           Min: 0, Avg:  0.0, Max: 0, Diff: 0, Sum: 0, Workers: 4
[18.005s][debug][gc,phases      ] GC(7)     Total                          Min: 64, Avg: 162.2, Max: 384, Diff: 320, Sum: 649, Workers: 4
[18.005s][debug][gc,phases      ] GC(7)   ObjectSynchronizer Weak        Min:  0.0, Avg:  0.0, Max:  0.0, Diff:  0.0, Sum:  0.0, Workers: 4
[18.005s][debug][gc,phases      ] GC(7)     Dead                           Min: 0, Avg:  0.5, Max: 2, Diff: 2, Sum: 2, Workers: 4
[18.005s][debug][gc,phases      ] GC(7)     Total                          Min: 0, Avg:  5.5, Max: 22, Diff: 22, Sum: 22, Workers: 4
[18.005s][debug][gc,phases      ] GC(7)   JVMTI Tag Weak OopStorage      Min:  0.0, Avg:  0.0, Max:  0.0, Diff:  0.0, Sum:  0.0, Workers: 4
[18.005s][debug][gc,phases      ] GC(7)     Dead                           Min: 0, Avg:  0.0, Max: 0, Diff: 0, Sum: 0, Workers: 4
[18.005s][debug][gc,phases      ] GC(7)     Total                          Min: 0, Avg:  0.0, Max: 0, Diff: 0, Sum: 0, Workers: 4
[18.005s][debug][gc,phases      ] GC(7)   StringTable Weak               Min:  0.3, Avg:  0.3, Max:  0.3, Diff:  0.0, Sum:  1.1, Workers: 4
[18.005s][debug][gc,phases      ] GC(7)     Dead                           Min: 0, Avg:  2.5, Max: 7, Diff: 7, Sum: 10, Workers: 4
[18.005s][debug][gc,phases      ] GC(7)     Total                          Min: 8576, Avg: 10207.5, Max: 11262, Diff: 2686, Sum: 40830, Workers: 4
[18.005s][debug][gc,phases      ] GC(7)   ResolvedMethodTable Weak       Min:  0.1, Avg:  0.1, Max:  0.1, Diff:  0.0, Sum:  0.3, Workers: 4
[18.005s][debug][gc,phases      ] GC(7)     Dead                           Min: 11, Avg: 44.0, Max: 81, Diff: 70, Sum: 176, Workers: 4
[18.005s][debug][gc,phases      ] GC(7)     Total                          Min: 1856, Avg: 2021.2, Max: 2176, Diff: 320, Sum: 8085, Workers: 4
[18.005s][debug][gc,phases      ] GC(7)   JNI Weak                       Min:  0.0, Avg:  0.0, Max:  0.0, Diff:  0.0, Sum:  0.0, Workers: 4
[18.005s][debug][gc,phases      ] GC(7)     Dead                           Min: 0, Avg:  0.0, Max: 0, Diff: 0, Sum: 0, Workers: 4
[18.005s][debug][gc,phases      ] GC(7)     Total                          Min: 0, Avg: 36.8, Max: 57, Diff: 57, Sum: 147, Workers: 4
[18.005s][debug][gc,phases      ] GC(7)   StringDedup Table Weak         Min:  0.0, Avg:  0.0, Max:  0.0, Diff:  0.0, Sum:  0.0, Workers: 4
[18.005s][debug][gc,phases      ] GC(7)     Dead                           Min: 0, Avg:  0.0, Max: 0, Diff: 0, Sum: 0, Workers: 4
[18.005s][debug][gc,phases      ] GC(7)     Total                          Min: 0, Avg:  0.0, Max: 0, Diff: 0, Sum: 0, Workers: 4
[18.005s][debug][gc,phases      ] GC(7)   StringDedup Requests0 Weak     Min:  0.0, Avg:  0.0, Max:  0.0, Diff:  0.0, Sum:  0.0, Workers: 4
[18.005s][debug][gc,phases      ] GC(7)     Dead                           Min: 0, Avg:  0.0, Max: 0, Diff: 0, Sum: 0, Workers: 4
[18.005s][debug][gc,phases      ] GC(7)     Total                          Min: 0, Avg:  0.0, Max: 0, Diff: 0, Sum: 0, Workers: 4
[18.005s][debug][gc,phases      ] GC(7)   StringDedup Requests1 Weak     Min:  0.0, Avg:  0.0, Max:  0.0, Diff:  0.0, Sum:  0.0, Workers: 4
[18.005s][debug][gc,phases      ] GC(7)     Dead                           Min: 0, Avg:  0.0, Max: 0, Diff: 0, Sum: 0, Workers: 4
[18.005s][debug][gc,phases      ] GC(7)     Total                          Min: 0, Avg:  0.0, Max: 0, Diff: 0, Sum: 0, Workers: 4
[18.005s][debug][gc,phases      ] GC(7)   Weak JFR Old Object Samples    Min:  0.0, Avg:  0.0, Max:  0.0, Diff:  0.0, Sum:  0.0, Workers: 4
[18.005s][debug][gc,phases      ] GC(7)     Dead                           Min: 0, Avg:  0.0, Max: 0, Diff: 0, Sum: 0, Workers: 4
[18.005s][debug][gc,phases      ] GC(7)     Total                          Min: 0, Avg:  0.0, Max: 0, Diff: 0, Sum: 0, Workers: 4
[18.005s][debug][gc,phases      ] GC(7) Weak Processing 0.495ms
[18.005s][debug][gc,age         ] GC(7) Desired survivor size 536870912 bytes, new threshold 7 (max threshold 15)
[18.005s][info ][gc,heap        ] GC(7) PSYoungGen: 1567119K(1572864K)->220224K(1572864K) Eden: 1048576K(1048576K)->0K(1048576K) From: 518543K(524288K)->220224K(524288K)
[18.005s][info ][gc,heap        ] GC(7) ParOldGen: 6177K(18944K)->6206K(18944K)
[18.005s][info ][gc,metaspace   ] GC(7) Metaspace: 74155K(75008K)->74155K(75008K) NonClass: 63333K(63808K)->63333K(63808K) Class: 10821K(11200K)->10821K(11200K)
[18.005s][info ][gc             ] GC(7) Pause Young (Allocation Failure) 1536M->221M(1554M) 101.480ms
[18.005s][info ][gc,cpu         ] GC(7) User=0.29s Sys=0.07s Real=0.10s
[18.005s][info ][safepoint      ] Safepoint "ParallelGCFailedAllocation", Time since last: 200336787 ns, Reaching safepoint: 133700 ns, At safepoint: 101548600 ns, Total: 101682300 ns
[18.641s][info ][safepoint      ] Safepoint "ICBufferFull", Time since last: 635624930 ns, Reaching safepoint: 164601 ns, At safepoint: 3700 ns, Total: 168301 ns
[19.641s][info ][safepoint      ] Safepoint "Cleanup", Time since last: 1000099124 ns, Reaching safepoint: 210801 ns, At safepoint: 7800 ns, Total: 218601 ns
[20.409s][info ][safepoint      ] Safepoint "ICBufferFull", Time since last: 767085478 ns, Reaching safepoint: 169601 ns, At safepoint: 8500 ns, Total: 178101 ns
[21.991s][info ][safepoint      ] Safepoint "Cleanup", Time since last: 1581921892 ns, Reaching safepoint: 602503 ns, At safepoint: 9500 ns, Total: 612003 ns
[22.991s][info ][safepoint      ] Safepoint "Cleanup", Time since last: 1000108525 ns, Reaching safepoint: 153201 ns, At safepoint: 6900 ns, Total: 160101 ns
[23.992s][info ][safepoint      ] Safepoint "Cleanup", Time since last: 1000105726 ns, Reaching safepoint: 143201 ns, At safepoint: 4600 ns, Total: 147801 ns
[24.992s][info ][safepoint      ] Safepoint "Cleanup", Time since last: 1000093325 ns, Reaching safepoint: 133501 ns, At safepoint: 4700 ns, Total: 138201 ns
[25.992s][info ][safepoint      ] Safepoint "Cleanup", Time since last: 1000104626 ns, Reaching safepoint: 125101 ns, At safepoint: 4900 ns, Total: 130001 ns
[26.992s][info ][safepoint      ] Safepoint "Cleanup", Time since last: 1000077625 ns, Reaching safepoint: 131301 ns, At safepoint: 5200 ns, Total: 136501 ns
[27.992s][info ][safepoint      ] Safepoint "Cleanup", Time since last: 1000105032 ns, Reaching safepoint: 127900 ns, At safepoint: 6000 ns, Total: 133900 ns
[28.993s][info ][safepoint      ] Safepoint "Cleanup", Time since last: 1000109552 ns, Reaching safepoint: 150800 ns, At safepoint: 6000 ns, Total: 156800 ns
[29.993s][info ][safepoint      ] Safepoint "Cleanup", Time since last: 1000118752 ns, Reaching safepoint: 82100 ns, At safepoint: 2700 ns, Total: 84800 ns
[30.993s][info ][safepoint      ] Safepoint "Cleanup", Time since last: 1000106251 ns, Reaching safepoint: 139801 ns, At safepoint: 5400 ns, Total: 145201 ns
[31.993s][info ][safepoint      ] Safepoint "Cleanup", Time since last: 1000120151 ns, Reaching safepoint: 51301 ns, At safepoint: 5000 ns, Total: 56301 ns
[32.994s][info ][safepoint      ] Safepoint "Cleanup", Time since last: 1000096651 ns, Reaching safepoint: 61600 ns, At safepoint: 2400 ns, Total: 64000 ns
[33.990s][info ][gc,start       ] GC(8) Pause Young (Allocation Failure)
[34.069s][debug][gc,phases      ] GC(8) Scavenge 78.740ms
[34.069s][debug][gc,ref         ] GC(8) Skipped phase 1 of Reference Processing: no references
[34.069s][debug][gc,ref         ] GC(8) ReferenceProcessor::execute queues: 4, RefProcThreadModel::Multi, marks_oops_alive: false
[34.069s][debug][gc,ref         ] GC(8) ReferenceProcessor::execute queues: 4, RefProcThreadModel::Multi, marks_oops_alive: true
[34.069s][debug][gc,ref         ] GC(8) ReferenceProcessor::execute queues: 1, RefProcThreadModel::Single, marks_oops_alive: false
[34.069s][debug][gc,phases      ] GC(8) Reference Processing 0.462ms
[34.070s][debug][gc,phases      ] GC(8)   VM Weak                        Min:  0.0, Avg:  0.0, Max:  0.0, Diff:  0.0, Sum:  0.0, Workers: 4
[34.070s][debug][gc,phases      ] GC(8)     Dead                           Min: 0, Avg:  0.0, Max: 0, Diff: 0, Sum: 0, Workers: 4
[34.070s][debug][gc,phases      ] GC(8)     Total                          Min: 0, Avg: 162.2, Max: 384, Diff: 384, Sum: 649, Workers: 4
[34.070s][debug][gc,phases      ] GC(8)   ObjectSynchronizer Weak        Min:  0.0, Avg:  0.0, Max:  0.0, Diff:  0.0, Sum:  0.0, Workers: 4
[34.070s][debug][gc,phases      ] GC(8)     Dead                           Min: 0, Avg:  0.0, Max: 0, Diff: 0, Sum: 0, Workers: 4
[34.070s][debug][gc,phases      ] GC(8)     Total                          Min: 0, Avg:  5.5, Max: 22, Diff: 22, Sum: 22, Workers: 4
[34.070s][debug][gc,phases      ] GC(8)   JVMTI Tag Weak OopStorage      Min:  0.0, Avg:  0.0, Max:  0.0, Diff:  0.0, Sum:  0.0, Workers: 4
[34.070s][debug][gc,phases      ] GC(8)     Dead                           Min: 0, Avg:  0.0, Max: 0, Diff: 0, Sum: 0, Workers: 4
[34.070s][debug][gc,phases      ] GC(8)     Total                          Min: 0, Avg:  0.0, Max: 0, Diff: 0, Sum: 0, Workers: 4
[34.070s][debug][gc,phases      ] GC(8)   StringTable Weak               Min:  0.0, Avg:  0.2, Max:  0.3, Diff:  0.3, Sum:  0.9, Workers: 4
[34.070s][debug][gc,phases      ] GC(8)     Dead                           Min: 0, Avg:  0.0, Max: 0, Diff: 0, Sum: 0, Workers: 4
[34.070s][debug][gc,phases      ] GC(8)     Total                          Min: 0, Avg: 10353.0, Max: 18496, Diff: 18496, Sum: 41412, Workers: 4
[34.070s][debug][gc,phases      ] GC(8)   ResolvedMethodTable Weak       Min:  0.0, Avg:  0.1, Max:  0.1, Diff:  0.1, Sum:  0.2, Workers: 4
[34.070s][debug][gc,phases      ] GC(8)     Dead                           Min: 0, Avg:  0.0, Max: 0, Diff: 0, Sum: 0, Workers: 4
[34.070s][debug][gc,phases      ] GC(8)     Total                          Min: 0, Avg: 2021.2, Max: 3605, Diff: 3605, Sum: 8085, Workers: 4
[34.070s][debug][gc,phases      ] GC(8)   JNI Weak                       Min:  0.0, Avg:  0.0, Max:  0.0, Diff:  0.0, Sum:  0.0, Workers: 4
[34.070s][debug][gc,phases      ] GC(8)     Dead                           Min: 0, Avg:  0.0, Max: 0, Diff: 0, Sum: 0, Workers: 4
[34.070s][debug][gc,phases      ] GC(8)     Total                          Min: 0, Avg: 11.2, Max: 45, Diff: 45, Sum: 45, Workers: 4
[34.070s][debug][gc,phases      ] GC(8)   StringDedup Table Weak         Min:  0.0, Avg:  0.0, Max:  0.0, Diff:  0.0, Sum:  0.0, Workers: 4
[34.070s][debug][gc,phases      ] GC(8)     Dead                           Min: 0, Avg:  0.0, Max: 0, Diff: 0, Sum: 0, Workers: 4
[34.070s][debug][gc,phases      ] GC(8)     Total                          Min: 0, Avg:  0.0, Max: 0, Diff: 0, Sum: 0, Workers: 4
[34.070s][debug][gc,phases      ] GC(8)   StringDedup Requests0 Weak     Min:  0.0, Avg:  0.0, Max:  0.0, Diff:  0.0, Sum:  0.0, Workers: 4
[34.070s][debug][gc,phases      ] GC(8)     Dead                           Min: 0, Avg:  0.0, Max: 0, Diff: 0, Sum: 0, Workers: 4
[34.070s][debug][gc,phases      ] GC(8)     Total                          Min: 0, Avg:  0.0, Max: 0, Diff: 0, Sum: 0, Workers: 4
[34.070s][debug][gc,phases      ] GC(8)   StringDedup Requests1 Weak     Min:  0.0, Avg:  0.0, Max:  0.0, Diff:  0.0, Sum:  0.0, Workers: 4
[34.070s][debug][gc,phases      ] GC(8)     Dead                           Min: 0, Avg:  0.0, Max: 0, Diff: 0, Sum: 0, Workers: 4
[34.070s][debug][gc,phases      ] GC(8)     Total                          Min: 0, Avg:  0.0, Max: 0, Diff: 0, Sum: 0, Workers: 4
[34.070s][debug][gc,phases      ] GC(8)   Weak JFR Old Object Samples    Min:  0.0, Avg:  0.0, Max:  0.0, Diff:  0.0, Sum:  0.0, Workers: 4
[34.070s][debug][gc,phases      ] GC(8)     Dead                           Min: 0, Avg:  0.0, Max: 0, Diff: 0, Sum: 0, Workers: 4
[34.070s][debug][gc,phases      ] GC(8)     Total                          Min: 0, Avg:  0.0, Max: 0, Diff: 0, Sum: 0, Workers: 4
[34.070s][debug][gc,phases      ] GC(8) Weak Processing 0.546ms
[34.070s][debug][gc,age         ] GC(8) Desired survivor size 432013312 bytes, new threshold 8 (max threshold 15)
[34.070s][info ][gc,heap        ] GC(8) PSYoungGen: 1268800K(1572864K)->220530K(1675264K) Eden: 1048576K(1048576K)->0K(1150976K) From: 220224K(524288K)->220530K(524288K)
[34.070s][info ][gc,heap        ] GC(8) ParOldGen: 6206K(18944K)->6222K(18944K)
[34.070s][info ][gc,metaspace   ] GC(8) Metaspace: 74922K(75776K)->74922K(75776K) NonClass: 64096K(64576K)->64096K(64576K) Class: 10826K(11200K)->10826K(11200K)
[34.070s][info ][gc             ] GC(8) Pause Young (Allocation Failure) 1245M->221M(1654M) 79.859ms
[34.070s][info ][gc,cpu         ] GC(8) User=0.26s Sys=0.01s Real=0.08s
[34.070s][info ][safepoint      ] Safepoint "ParallelGCFailedAllocation", Time since last: 996503834 ns, Reaching safepoint: 50800 ns, At safepoint: 79924796 ns, Total: 79975596 ns
[35.070s][info ][safepoint      ] Safepoint "Cleanup", Time since last: 1000086451 ns, Reaching safepoint: 62500 ns, At safepoint: 3100 ns, Total: 65600 ns
[36.070s][info ][safepoint      ] Safepoint "Cleanup", Time since last: 1000102306 ns, Reaching safepoint: 83700 ns, At safepoint: 6200 ns, Total: 89900 ns
[37.071s][info ][safepoint      ] Safepoint "Cleanup", Time since last: 1000098903 ns, Reaching safepoint: 56700 ns, At safepoint: 5200 ns, Total: 61900 ns
[38.071s][info ][safepoint      ] Safepoint "Cleanup", Time since last: 1000098003 ns, Reaching safepoint: 55900 ns, At safepoint: 2900 ns, Total: 58800 ns
[39.071s][info ][safepoint      ] Safepoint "Cleanup", Time since last: 1000104003 ns, Reaching safepoint: 66901 ns, At safepoint: 2200 ns, Total: 69101 ns
[40.071s][info ][safepoint      ] Safepoint "Cleanup", Time since last: 1000106302 ns, Reaching safepoint: 53201 ns, At safepoint: 2600 ns, Total: 55801 ns
[41.240s][info ][safepoint      ] Safepoint "Cleanup", Time since last: 1168980813 ns, Reaching safepoint: 262302 ns, At safepoint: 6600 ns, Total: 268902 ns
[42.241s][info ][safepoint      ] Safepoint "Cleanup", Time since last: 1000105703 ns, Reaching safepoint: 116000 ns, At safepoint: 6300 ns, Total: 122300 ns
[43.241s][info ][safepoint      ] Safepoint "Cleanup", Time since last: 1000107003 ns, Reaching safepoint: 102100 ns, At safepoint: 3200 ns, Total: 105300 ns
[44.241s][info ][safepoint      ] Safepoint "Cleanup", Time since last: 1000113253 ns, Reaching safepoint: 122601 ns, At safepoint: 10300 ns, Total: 132901 ns
[45.241s][info ][safepoint      ] Safepoint "Cleanup", Time since last: 1000115709 ns, Reaching safepoint: 111000 ns, At safepoint: 5700 ns, Total: 116700 ns
[46.241s][info ][safepoint      ] Safepoint "Cleanup", Time since last: 1000110009 ns, Reaching safepoint: 129001 ns, At safepoint: 5000 ns, Total: 134001 ns
[47.242s][info ][safepoint      ] Safepoint "Cleanup", Time since last: 1000102209 ns, Reaching safepoint: 127600 ns, At safepoint: 4700 ns, Total: 132300 ns
[48.242s][info ][safepoint      ] Safepoint "Cleanup", Time since last: 1000111109 ns, Reaching safepoint: 110301 ns, At safepoint: 4800 ns, Total: 115101 ns
[49.242s][info ][safepoint      ] Safepoint "Cleanup", Time since last: 1000119908 ns, Reaching safepoint: 123101 ns, At safepoint: 4300 ns, Total: 127401 ns
[50.242s][info ][safepoint      ] Safepoint "Cleanup", Time since last: 1000102109 ns, Reaching safepoint: 101000 ns, At safepoint: 4400 ns, Total: 105400 ns
[51.243s][info ][safepoint      ] Safepoint "Cleanup", Time since last: 1000107809 ns, Reaching safepoint: 111901 ns, At safepoint: 4700 ns, Total: 116601 ns
[52.243s][info ][safepoint      ] Safepoint "Cleanup", Time since last: 1000103542 ns, Reaching safepoint: 61800 ns, At safepoint: 5600 ns, Total: 67400 ns
[53.243s][info ][safepoint      ] Safepoint "Cleanup", Time since last: 1000111466 ns, Reaching safepoint: 44700 ns, At safepoint: 3900 ns, Total: 48600 ns
[54.243s][info ][safepoint      ] Safepoint "Cleanup", Time since last: 1000118766 ns, Reaching safepoint: 37800 ns, At safepoint: 1700 ns, Total: 39500 ns
[55.243s][info ][safepoint      ] Safepoint "Cleanup", Time since last: 1000098766 ns, Reaching safepoint: 53101 ns, At safepoint: 4700 ns, Total: 57801 ns
[56.243s][info ][safepoint      ] Safepoint "Cleanup", Time since last: 1000112966 ns, Reaching safepoint: 41200 ns, At safepoint: 3000 ns, Total: 44200 ns
[58.244s][info ][safepoint      ] Safepoint "Cleanup", Time since last: 2000166432 ns, Reaching safepoint: 37600 ns, At safepoint: 7600 ns, Total: 45200 ns
[59.244s][info ][safepoint      ] Safepoint "Cleanup", Time since last: 1000109666 ns, Reaching safepoint: 42300 ns, At safepoint: 2600 ns, Total: 44900 ns
[59.690s][info ][gc,start       ] GC(9) Pause Young (Allocation Failure)
[59.779s][debug][gc,phases      ] GC(9) Scavenge 88.456ms
[59.779s][debug][gc,ref         ] GC(9) Skipped phase 1 of Reference Processing: no references
[59.779s][debug][gc,ref         ] GC(9) ReferenceProcessor::execute queues: 4, RefProcThreadModel::Multi, marks_oops_alive: false
[59.779s][debug][gc,ref         ] GC(9) Skipped phase 3 of Reference Processing: no references
[59.779s][debug][gc,ref         ] GC(9) ReferenceProcessor::execute queues: 1, RefProcThreadModel::Single, marks_oops_alive: false
[59.779s][debug][gc,phases      ] GC(9) Reference Processing 0.392ms
[59.779s][debug][gc,phases      ] GC(9)   VM Weak                        Min:  0.0, Avg:  0.0, Max:  0.0, Diff:  0.0, Sum:  0.0, Workers: 4
[59.779s][debug][gc,phases      ] GC(9)     Dead                           Min: 0, Avg:  0.0, Max: 0, Diff: 0, Sum: 0, Workers: 4
[59.779s][debug][gc,phases      ] GC(9)     Total                          Min: 0, Avg: 162.2, Max: 384, Diff: 384, Sum: 649, Workers: 4
[59.779s][debug][gc,phases      ] GC(9)   ObjectSynchronizer Weak        Min:  0.0, Avg:  0.0, Max:  0.0, Diff:  0.0, Sum:  0.0, Workers: 4
[59.779s][debug][gc,phases      ] GC(9)     Dead                           Min: 0, Avg:  0.0, Max: 0, Diff: 0, Sum: 0, Workers: 4
[59.779s][debug][gc,phases      ] GC(9)     Total                          Min: 0, Avg:  5.5, Max: 22, Diff: 22, Sum: 22, Workers: 4
[59.779s][debug][gc,phases      ] GC(9)   JVMTI Tag Weak OopStorage      Min:  0.0, Avg:  0.0, Max:  0.0, Diff:  0.0, Sum:  0.0, Workers: 4
[59.779s][debug][gc,phases      ] GC(9)     Dead                           Min: 0, Avg:  0.0, Max: 0, Diff: 0, Sum: 0, Workers: 4
[59.779s][debug][gc,phases      ] GC(9)     Total                          Min: 0, Avg:  0.0, Max: 0, Diff: 0, Sum: 0, Workers: 4
[59.779s][debug][gc,phases      ] GC(9)   StringTable Weak               Min:  0.3, Avg:  0.3, Max:  0.3, Diff:  0.0, Sum:  1.2, Workers: 4
[59.779s][debug][gc,phases      ] GC(9)     Dead                           Min: 0, Avg:  0.5, Max: 1, Diff: 1, Sum: 2, Workers: 4
[59.779s][debug][gc,phases      ] GC(9)     Total                          Min: 9280, Avg: 10406.8, Max: 11867, Diff: 2587, Sum: 41627, Workers: 4
[59.780s][debug][gc,phases      ] GC(9)   ResolvedMethodTable Weak       Min:  0.1, Avg:  0.1, Max:  0.1, Diff:  0.0, Sum:  0.3, Workers: 4
[59.780s][debug][gc,phases      ] GC(9)     Dead                           Min: 0, Avg:  0.0, Max: 0, Diff: 0, Sum: 0, Workers: 4
[59.780s][debug][gc,phases      ] GC(9)     Total                          Min: 1728, Avg: 2023.0, Max: 2304, Diff: 576, Sum: 8092, Workers: 4
[59.780s][debug][gc,phases      ] GC(9)   JNI Weak                       Min:  0.0, Avg:  0.0, Max:  0.0, Diff:  0.0, Sum:  0.0, Workers: 4
[59.780s][debug][gc,phases      ] GC(9)     Dead                           Min: 0, Avg:  0.0, Max: 0, Diff: 0, Sum: 0, Workers: 4
[59.780s][debug][gc,phases      ] GC(9)     Total                          Min: 0, Avg: 11.2, Max: 45, Diff: 45, Sum: 45, Workers: 4
[59.780s][debug][gc,phases      ] GC(9)   StringDedup Table Weak         Min:  0.0, Avg:  0.0, Max:  0.0, Diff:  0.0, Sum:  0.0, Workers: 4
[59.780s][debug][gc,phases      ] GC(9)     Dead                           Min: 0, Avg:  0.0, Max: 0, Diff: 0, Sum: 0, Workers: 4
[59.780s][debug][gc,phases      ] GC(9)     Total                          Min: 0, Avg:  0.0, Max: 0, Diff: 0, Sum: 0, Workers: 4
[59.780s][debug][gc,phases      ] GC(9)   StringDedup Requests0 Weak     Min:  0.0, Avg:  0.0, Max:  0.0, Diff:  0.0, Sum:  0.0, Workers: 4
[59.780s][debug][gc,phases      ] GC(9)     Dead                           Min: 0, Avg:  0.0, Max: 0, Diff: 0, Sum: 0, Workers: 4
[59.780s][debug][gc,phases      ] GC(9)     Total                          Min: 0, Avg:  0.0, Max: 0, Diff: 0, Sum: 0, Workers: 4
[59.780s][debug][gc,phases      ] GC(9)   StringDedup Requests1 Weak     Min:  0.0, Avg:  0.0, Max:  0.0, Diff:  0.0, Sum:  0.0, Workers: 4
[59.780s][debug][gc,phases      ] GC(9)     Dead                           Min: 0, Avg:  0.0, Max: 0, Diff: 0, Sum: 0, Workers: 4
[59.780s][debug][gc,phases      ] GC(9)     Total                          Min: 0, Avg:  0.0, Max: 0, Diff: 0, Sum: 0, Workers: 4
[59.780s][debug][gc,phases      ] GC(9)   Weak JFR Old Object Samples    Min:  0.0, Avg:  0.0, Max:  0.0, Diff:  0.0, Sum:  0.0, Workers: 4
[59.780s][debug][gc,phases      ] GC(9)     Dead                           Min: 0, Avg:  0.0, Max: 0, Diff: 0, Sum: 0, Workers: 4
[59.780s][debug][gc,phases      ] GC(9)     Total                          Min: 0, Avg:  0.0, Max: 0, Diff: 0, Sum: 0, Workers: 4
[59.780s][debug][gc,phases      ] GC(9) Weak Processing 0.536ms
[59.780s][debug][gc,age         ] GC(9) Desired survivor size 402128896 bytes, new threshold 9 (max threshold 15)
[59.780s][info ][gc,heap        ] GC(9) PSYoungGen: 1371506K(1675264K)->220548K(1572864K) Eden: 1150976K(1150976K)->0K(1150976K) From: 220530K(524288K)->220548K(421888K)
[59.780s][info ][gc,heap        ] GC(9) ParOldGen: 6222K(18944K)->6230K(18944K)
[59.780s][info ][gc,metaspace   ] GC(9) Metaspace: 75170K(75968K)->75170K(75968K) NonClass: 64336K(64768K)->64336K(64768K) Class: 10833K(11200K)->10833K(11200K)
[59.780s][info ][gc             ] GC(9) Pause Young (Allocation Failure) 1345M->221M(1554M) 89.516ms
[59.780s][info ][gc,cpu         ] GC(9) User=0.22s Sys=0.10s Real=0.09s
[59.780s][info ][safepoint      ] Safepoint "ParallelGCFailedAllocation", Time since last: 446269227 ns, Reaching safepoint: 29200 ns, At safepoint: 89586427 ns, Total: 89615627 ns
[60.780s][info ][safepoint      ] Safepoint "Cleanup", Time since last: 1000080009 ns, Reaching safepoint: 48200 ns, At safepoint: 4800 ns, Total: 53000 ns
[61.780s][info ][safepoint      ] Safepoint "Cleanup", Time since last: 1000103209 ns, Reaching safepoint: 49501 ns, At safepoint: 2600 ns, Total: 52101 ns
[62.780s][info ][safepoint      ] Safepoint "Cleanup", Time since last: 1000107109 ns, Reaching safepoint: 40800 ns, At safepoint: 2300 ns, Total: 43100 ns
[63.780s][info ][safepoint      ] Safepoint "Cleanup", Time since last: 1000091009 ns, Reaching safepoint: 53001 ns, At safepoint: 2800 ns, Total: 55801 ns
[64.780s][info ][safepoint      ] Safepoint "Cleanup", Time since last: 1000105309 ns, Reaching safepoint: 49600 ns, At safepoint: 2300 ns, Total: 51900 ns
[65.781s][info ][safepoint      ] Safepoint "Cleanup", Time since last: 1000103809 ns, Reaching safepoint: 73401 ns, At safepoint: 2900 ns, Total: 76301 ns
[66.781s][info ][safepoint      ] Safepoint "Cleanup", Time since last: 1000122709 ns, Reaching safepoint: 50900 ns, At safepoint: 3100 ns, Total: 54000 ns
[67.781s][info ][safepoint      ] Safepoint "Cleanup", Time since last: 1000102109 ns, Reaching safepoint: 44101 ns, At safepoint: 4800 ns, Total: 48901 ns
[69.781s][info ][safepoint      ] Safepoint "Cleanup", Time since last: 2000175372 ns, Reaching safepoint: 45700 ns, At safepoint: 2800 ns, Total: 48500 ns
[71.781s][info ][safepoint      ] Safepoint "Cleanup", Time since last: 2000166227 ns, Reaching safepoint: 43400 ns, At safepoint: 2500 ns, Total: 45900 ns
[72.781s][info ][safepoint      ] Safepoint "Cleanup", Time since last: 1000103207 ns, Reaching safepoint: 51001 ns, At safepoint: 2600 ns, Total: 53601 ns
[73.782s][info ][safepoint      ] Safepoint "Cleanup", Time since last: 1000105207 ns, Reaching safepoint: 54900 ns, At safepoint: 2400 ns, Total: 57300 ns
[75.782s][info ][safepoint      ] Safepoint "Cleanup", Time since last: 2000166315 ns, Reaching safepoint: 52600 ns, At safepoint: 4800 ns, Total: 57400 ns
[76.782s][info ][safepoint      ] Safepoint "Cleanup", Time since last: 1000106244 ns, Reaching safepoint: 40900 ns, At safepoint: 3300 ns, Total: 44200 ns
[77.782s][info ][safepoint      ] Safepoint "Cleanup", Time since last: 1000108543 ns, Reaching safepoint: 34801 ns, At safepoint: 2800 ns, Total: 37601 ns
[78.782s][info ][safepoint      ] Safepoint "Cleanup", Time since last: 1000108443 ns, Reaching safepoint: 40400 ns, At safepoint: 3500 ns, Total: 43900 ns
[79.782s][info ][safepoint      ] Safepoint "Cleanup", Time since last: 1000077243 ns, Reaching safepoint: 42100 ns, At safepoint: 2500 ns, Total: 44600 ns
[80.783s][info ][safepoint      ] Safepoint "Cleanup", Time since last: 1000112443 ns, Reaching safepoint: 41500 ns, At safepoint: 3500 ns, Total: 45000 ns
[82.783s][info ][safepoint      ] Safepoint "Cleanup", Time since last: 2000183186 ns, Reaching safepoint: 42400 ns, At safepoint: 2100 ns, Total: 44500 ns
[83.783s][info ][safepoint      ] Safepoint "Cleanup", Time since last: 1000097043 ns, Reaching safepoint: 39200 ns, At safepoint: 3700 ns, Total: 42900 ns
[84.783s][info ][safepoint      ] Safepoint "Cleanup", Time since last: 1000101671 ns, Reaching safepoint: 52300 ns, At safepoint: 2700 ns, Total: 55000 ns
[85.390s][info ][gc,start       ] GC(10) Pause Young (Allocation Failure)
[85.463s][debug][gc,phases      ] GC(10) Scavenge 73.124ms
[85.463s][debug][gc,ref         ] GC(10) Skipped phase 1 of Reference Processing: no references
[85.464s][debug][gc,ref         ] GC(10) ReferenceProcessor::execute queues: 4, RefProcThreadModel::Multi, marks_oops_alive: false
[85.464s][debug][gc,ref         ] GC(10) Skipped phase 3 of Reference Processing: no references
[85.464s][debug][gc,ref         ] GC(10) ReferenceProcessor::execute queues: 1, RefProcThreadModel::Single, marks_oops_alive: false
[85.464s][debug][gc,phases      ] GC(10) Reference Processing 0.399ms
[85.464s][debug][gc,phases      ] GC(10)   VM Weak                        Min:  0.0, Avg:  0.0, Max:  0.0, Diff:  0.0, Sum:  0.0, Workers: 4
[85.464s][debug][gc,phases      ] GC(10)     Dead                           Min: 0, Avg:  0.0, Max: 0, Diff: 0, Sum: 0, Workers: 4
[85.464s][debug][gc,phases      ] GC(10)     Total                          Min: 0, Avg: 162.2, Max: 384, Diff: 384, Sum: 649, Workers: 4
[85.464s][debug][gc,phases      ] GC(10)   ObjectSynchronizer Weak        Min:  0.0, Avg:  0.0, Max:  0.0, Diff:  0.0, Sum:  0.0, Workers: 4
[85.464s][debug][gc,phases      ] GC(10)     Dead                           Min: 0, Avg:  0.0, Max: 0, Diff: 0, Sum: 0, Workers: 4
[85.464s][debug][gc,phases      ] GC(10)     Total                          Min: 0, Avg:  6.0, Max: 24, Diff: 24, Sum: 24, Workers: 4
[85.464s][debug][gc,phases      ] GC(10)   JVMTI Tag Weak OopStorage      Min:  0.0, Avg:  0.0, Max:  0.0, Diff:  0.0, Sum:  0.0, Workers: 4
[85.464s][debug][gc,phases      ] GC(10)     Dead                           Min: 0, Avg:  0.0, Max: 0, Diff: 0, Sum: 0, Workers: 4
[85.464s][debug][gc,phases      ] GC(10)     Total                          Min: 0, Avg:  0.0, Max: 0, Diff: 0, Sum: 0, Workers: 4
[85.464s][debug][gc,phases      ] GC(10)   StringTable Weak               Min:  0.0, Avg:  0.2, Max:  0.3, Diff:  0.3, Sum:  1.0, Workers: 4
[85.464s][debug][gc,phases      ] GC(10)     Dead                           Min: 0, Avg:  0.0, Max: 0, Diff: 0, Sum: 0, Workers: 4
[85.464s][debug][gc,phases      ] GC(10)     Total                          Min: 0, Avg: 10417.0, Max: 18564, Diff: 18564, Sum: 41668, Workers: 4
[85.464s][debug][gc,phases      ] GC(10)   ResolvedMethodTable Weak       Min:  0.0, Avg:  0.1, Max:  0.1, Diff:  0.1, Sum:  0.2, Workers: 4
[85.464s][debug][gc,phases      ] GC(10)     Dead                           Min: 0, Avg:  0.2, Max: 1, Diff: 1, Sum: 1, Workers: 4
[85.464s][debug][gc,phases      ] GC(10)     Total                          Min: 0, Avg: 2022.8, Max: 3995, Diff: 3995, Sum: 8091, Workers: 4
[85.464s][debug][gc,phases      ] GC(10)   JNI Weak                       Min:  0.0, Avg:  0.0, Max:  0.0, Diff:  0.0, Sum:  0.0, Workers: 4
[85.464s][debug][gc,phases      ] GC(10)     Dead                           Min: 0, Avg:  0.0, Max: 0, Diff: 0, Sum: 0, Workers: 4
[85.464s][debug][gc,phases      ] GC(10)     Total                          Min: 0, Avg: 11.2, Max: 45, Diff: 45, Sum: 45, Workers: 4
[85.464s][debug][gc,phases      ] GC(10)   StringDedup Table Weak         Min:  0.0, Avg:  0.0, Max:  0.0, Diff:  0.0, Sum:  0.0, Workers: 4
[85.464s][debug][gc,phases      ] GC(10)     Dead                           Min: 0, Avg:  0.0, Max: 0, Diff: 0, Sum: 0, Workers: 4
[85.464s][debug][gc,phases      ] GC(10)     Total                          Min: 0, Avg:  0.0, Max: 0, Diff: 0, Sum: 0, Workers: 4
[85.464s][debug][gc,phases      ] GC(10)   StringDedup Requests0 Weak     Min:  0.0, Avg:  0.0, Max:  0.0, Diff:  0.0, Sum:  0.0, Workers: 4
[85.464s][debug][gc,phases      ] GC(10)     Dead                           Min: 0, Avg:  0.0, Max: 0, Diff: 0, Sum: 0, Workers: 4
[85.464s][debug][gc,phases      ] GC(10)     Total                          Min: 0, Avg:  0.0, Max: 0, Diff: 0, Sum: 0, Workers: 4
[85.464s][debug][gc,phases      ] GC(10)   StringDedup Requests1 Weak     Min:  0.0, Avg:  0.0, Max:  0.0, Diff:  0.0, Sum:  0.0, Workers: 4
[85.464s][debug][gc,phases      ] GC(10)     Dead                           Min: 0, Avg:  0.0, Max: 0, Diff: 0, Sum: 0, Workers: 4
[85.464s][debug][gc,phases      ] GC(10)     Total                          Min: 0, Avg:  0.0, Max: 0, Diff: 0, Sum: 0, Workers: 4
[85.464s][debug][gc,phases      ] GC(10)   Weak JFR Old Object Samples    Min:  0.0, Avg:  0.0, Max:  0.0, Diff:  0.0, Sum:  0.0, Workers: 4
[85.464s][debug][gc,phases      ] GC(10)     Dead                           Min: 0, Avg:  0.0, Max: 0, Diff: 0, Sum: 0, Workers: 4
[85.464s][debug][gc,phases      ] GC(10)     Total                          Min: 0, Avg:  0.0, Max: 0, Diff: 0, Sum: 0, Workers: 4
[85.464s][debug][gc,phases      ] GC(10) Weak Processing 0.561ms
[85.464s][debug][gc,age         ] GC(10) Desired survivor size 379584512 bytes, new threshold 10 (max threshold 15)
[85.464s][info ][gc,heap        ] GC(10) PSYoungGen: 1371524K(1572864K)->220497K(1726464K) Eden: 1150976K(1150976K)->0K(1333760K) From: 220548K(421888K)->220497K(392704K)
[85.464s][info ][gc,heap        ] GC(10) ParOldGen: 6230K(18944K)->6238K(18944K)
[85.464s][info ][gc,metaspace   ] GC(10) Metaspace: 75186K(75968K)->75186K(75968K) NonClass: 64352K(64768K)->64352K(64768K) Class: 10833K(11200K)->10833K(11200K)
[85.464s][info ][gc             ] GC(10) Pause Young (Allocation Failure) 1345M->221M(1704M) 74.201ms
[85.464s][info ][gc,cpu         ] GC(10) User=0.27s Sys=0.00s Real=0.08s
[85.464s][info ][safepoint      ] Safepoint "ParallelGCFailedAllocation", Time since last: 607058257 ns, Reaching safepoint: 29900 ns, At safepoint: 74263262 ns, Total: 74293162 ns
[86.465s][info ][safepoint      ] Safepoint "Cleanup", Time since last: 1000075671 ns, Reaching safepoint: 43000 ns, At safepoint: 2800 ns, Total: 45800 ns
[88.465s][info ][safepoint      ] Safepoint "Cleanup", Time since last: 2000177642 ns, Reaching safepoint: 48100 ns, At safepoint: 2400 ns, Total: 50500 ns
[91.465s][info ][safepoint      ] Safepoint "Cleanup", Time since last: 3000192413 ns, Reaching safepoint: 43900 ns, At safepoint: 3200 ns, Total: 47100 ns
[92.465s][info ][safepoint      ] Safepoint "Cleanup", Time since last: 1000113299 ns, Reaching safepoint: 40900 ns, At safepoint: 2400 ns, Total: 43300 ns
[93.465s][info ][safepoint      ] Safepoint "Cleanup", Time since last: 1000095262 ns, Reaching safepoint: 43100 ns, At safepoint: 2800 ns, Total: 45900 ns
[95.466s][info ][safepoint      ] Safepoint "Cleanup", Time since last: 2000166222 ns, Reaching safepoint: 53201 ns, At safepoint: 2200 ns, Total: 55401 ns
[96.466s][info ][safepoint      ] Safepoint "Cleanup", Time since last: 1000068461 ns, Reaching safepoint: 43800 ns, At safepoint: 2600 ns, Total: 46400 ns
[97.466s][info ][safepoint      ] Safepoint "Cleanup", Time since last: 1000101961 ns, Reaching safepoint: 49500 ns, At safepoint: 6500 ns, Total: 56000 ns
[98.466s][info ][safepoint      ] Safepoint "Cleanup", Time since last: 1000122362 ns, Reaching safepoint: 49500 ns, At safepoint: 2300 ns, Total: 51800 ns
[103.466s][info ][safepoint      ] Safepoint "Cleanup", Time since last: 5000371480 ns, Reaching safepoint: 61900 ns, At safepoint: 19700 ns, Total: 81600 ns
[105.090s][info ][safepoint      ] Safepoint "Cleanup", Time since last: 1623560496 ns, Reaching safepoint: 256301 ns, At safepoint: 4900 ns, Total: 261201 ns
[106.091s][info ][safepoint      ] Safepoint "Cleanup", Time since last: 1000112264 ns, Reaching safepoint: 115500 ns, At safepoint: 10000 ns, Total: 125500 ns
[107.091s][info ][safepoint      ] Safepoint "Cleanup", Time since last: 1000120164 ns, Reaching safepoint: 51900 ns, At safepoint: 6100 ns, Total: 58000 ns
[108.091s][info ][safepoint      ] Safepoint "Cleanup", Time since last: 1000109269 ns, Reaching safepoint: 145001 ns, At safepoint: 6400 ns, Total: 151401 ns
[109.098s][info ][safepoint      ] Safepoint "Cleanup", Time since last: 1006526612 ns, Reaching safepoint: 63601 ns, At safepoint: 5500 ns, Total: 69101 ns
[109.796s][info ][safepoint      ] Safepoint "ICBufferFull", Time since last: 698121407 ns, Reaching safepoint: 521703 ns, At safepoint: 7500 ns, Total: 529203 ns
[110.084s][info ][gc,start       ] GC(11) Pause Young (Allocation Failure)
[110.182s][debug][gc,phases      ] GC(11) Scavenge 97.603ms
[110.182s][debug][gc,ref         ] GC(11) Skipped phase 1 of Reference Processing: no references
[110.182s][debug][gc,ref         ] GC(11) ReferenceProcessor::execute queues: 4, RefProcThreadModel::Multi, marks_oops_alive: false
[110.182s][debug][gc,ref         ] GC(11) Skipped phase 3 of Reference Processing: no references
[110.182s][debug][gc,ref         ] GC(11) ReferenceProcessor::execute queues: 1, RefProcThreadModel::Single, marks_oops_alive: false
[110.182s][debug][gc,phases      ] GC(11) Reference Processing 0.392ms
[110.183s][debug][gc,phases      ] GC(11)   VM Weak                        Min:  0.0, Avg:  0.0, Max:  0.0, Diff:  0.0, Sum:  0.0, Workers: 4
[110.183s][debug][gc,phases      ] GC(11)     Dead                           Min: 0, Avg:  0.0, Max: 0, Diff: 0, Sum: 0, Workers: 4
[110.183s][debug][gc,phases      ] GC(11)     Total                          Min: 64, Avg: 163.5, Max: 384, Diff: 320, Sum: 654, Workers: 4
[110.183s][debug][gc,phases      ] GC(11)   ObjectSynchronizer Weak        Min:  0.0, Avg:  0.0, Max:  0.0, Diff:  0.0, Sum:  0.0, Workers: 4
[110.183s][debug][gc,phases      ] GC(11)     Dead                           Min: 0, Avg:  0.2, Max: 1, Diff: 1, Sum: 1, Workers: 4
[110.183s][debug][gc,phases      ] GC(11)     Total                          Min: 0, Avg:  6.2, Max: 25, Diff: 25, Sum: 25, Workers: 4
[110.183s][debug][gc,phases      ] GC(11)   JVMTI Tag Weak OopStorage      Min:  0.0, Avg:  0.0, Max:  0.0, Diff:  0.0, Sum:  0.0, Workers: 4
[110.183s][debug][gc,phases      ] GC(11)     Dead                           Min: 0, Avg:  0.0, Max: 0, Diff: 0, Sum: 0, Workers: 4
[110.183s][debug][gc,phases      ] GC(11)     Total                          Min: 0, Avg:  0.0, Max: 0, Diff: 0, Sum: 0, Workers: 4
[110.183s][debug][gc,phases      ] GC(11)   StringTable Weak               Min:  0.3, Avg:  0.3, Max:  0.3, Diff:  0.0, Sum:  1.2, Workers: 4
[110.183s][debug][gc,phases      ] GC(11)     Dead                           Min: 0, Avg:  0.8, Max: 2, Diff: 2, Sum: 3, Workers: 4
[110.183s][debug][gc,phases      ] GC(11)     Total                          Min: 9984, Avg: 10485.2, Max: 10880, Diff: 896, Sum: 41941, Workers: 4
[110.183s][debug][gc,phases      ] GC(11)   ResolvedMethodTable Weak       Min:  0.1, Avg:  0.1, Max:  0.1, Diff:  0.0, Sum:  0.3, Workers: 4
[110.183s][debug][gc,phases      ] GC(11)     Dead                           Min: 0, Avg:  0.0, Max: 0, Diff: 0, Sum: 0, Workers: 4
[110.183s][debug][gc,phases      ] GC(11)     Total                          Min: 1792, Avg: 2038.0, Max: 2240, Diff: 448, Sum: 8152, Workers: 4
[110.183s][debug][gc,phases      ] GC(11)   JNI Weak                       Min:  0.0, Avg:  0.0, Max:  0.0, Diff:  0.0, Sum:  0.0, Workers: 4
[110.183s][debug][gc,phases      ] GC(11)     Dead                           Min: 0, Avg:  0.0, Max: 0, Diff: 0, Sum: 0, Workers: 4
[110.183s][debug][gc,phases      ] GC(11)     Total                          Min: 0, Avg: 18.8, Max: 63, Diff: 63, Sum: 75, Workers: 4
[110.183s][debug][gc,phases      ] GC(11)   StringDedup Table Weak         Min:  0.0, Avg:  0.0, Max:  0.0, Diff:  0.0, Sum:  0.0, Workers: 4
[110.183s][debug][gc,phases      ] GC(11)     Dead                           Min: 0, Avg:  0.0, Max: 0, Diff: 0, Sum: 0, Workers: 4
[110.183s][debug][gc,phases      ] GC(11)     Total                          Min: 0, Avg:  0.0, Max: 0, Diff: 0, Sum: 0, Workers: 4
[110.183s][debug][gc,phases      ] GC(11)   StringDedup Requests0 Weak     Min:  0.0, Avg:  0.0, Max:  0.0, Diff:  0.0, Sum:  0.0, Workers: 4
[110.183s][debug][gc,phases      ] GC(11)     Dead                           Min: 0, Avg:  0.0, Max: 0, Diff: 0, Sum: 0, Workers: 4
[110.183s][debug][gc,phases      ] GC(11)     Total                          Min: 0, Avg:  0.0, Max: 0, Diff: 0, Sum: 0, Workers: 4
[110.183s][debug][gc,phases      ] GC(11)   StringDedup Requests1 Weak     Min:  0.0, Avg:  0.0, Max:  0.0, Diff:  0.0, Sum:  0.0, Workers: 4
[110.183s][debug][gc,phases      ] GC(11)     Dead                           Min: 0, Avg:  0.0, Max: 0, Diff: 0, Sum: 0, Workers: 4
[110.183s][debug][gc,phases      ] GC(11)     Total                          Min: 0, Avg:  0.0, Max: 0, Diff: 0, Sum: 0, Workers: 4
[110.183s][debug][gc,phases      ] GC(11)   Weak JFR Old Object Samples    Min:  0.0, Avg:  0.0, Max:  0.0, Diff:  0.0, Sum:  0.0, Workers: 4
[110.183s][debug][gc,phases      ] GC(11)     Dead                           Min: 0, Avg:  0.0, Max: 0, Diff: 0, Sum: 0, Workers: 4
[110.183s][debug][gc,phases      ] GC(11)     Total                          Min: 0, Avg:  0.0, Max: 0, Diff: 0, Sum: 0, Workers: 4
[110.183s][debug][gc,phases      ] GC(11) Weak Processing 0.538ms
[110.183s][debug][gc,age         ] GC(11) Desired survivor size 368574464 bytes, new threshold 11 (max threshold 15)
[110.183s][info ][gc,heap        ] GC(11) PSYoungGen: 1554257K(1726464K)->233947K(1704448K) Eden: 1333760K(1333760K)->0K(1333760K) From: 220497K(392704K)->233947K(370688K)
[110.183s][info ][gc,heap        ] GC(11) ParOldGen: 6238K(18944K)->6246K(18944K)
[110.183s][info ][gc,metaspace   ] GC(11) Metaspace: 75498K(76352K)->75498K(76352K) NonClass: 64624K(65088K)->64624K(65088K) Class: 10874K(11264K)->10874K(11264K)
[110.183s][info ][gc             ] GC(11) Pause Young (Allocation Failure) 1523M->234M(1683M) 98.649ms
[110.183s][info ][gc,cpu         ] GC(11) User=0.26s Sys=0.09s Real=0.10s
[110.183s][info ][safepoint      ] Safepoint "ParallelGCFailedAllocation", Time since last: 287680104 ns, Reaching safepoint: 230101 ns, At safepoint: 98711682 ns, Total: 98941783 ns
[110.801s][info ][safepoint      ] Safepoint "ICBufferFull", Time since last: 617626715 ns, Reaching safepoint: 184701 ns, At safepoint: 4100 ns, Total: 188801 ns
[111.801s][info ][safepoint      ] Safepoint "Cleanup", Time since last: 1000113681 ns, Reaching safepoint: 232301 ns, At safepoint: 17600 ns, Total: 249901 ns
[112.801s][info ][safepoint      ] Safepoint "Cleanup", Time since last: 1000073082 ns, Reaching safepoint: 68500 ns, At safepoint: 4300 ns, Total: 72800 ns
[113.290s][info ][gc,start       ] GC(12) Pause Young (Allocation Failure)
[113.390s][debug][gc,phases      ] GC(12) Scavenge 99.832ms
[113.390s][debug][gc,ref         ] GC(12) Skipped phase 1 of Reference Processing: no references
[113.390s][debug][gc,ref         ] GC(12) ReferenceProcessor::execute queues: 4, RefProcThreadModel::Multi, marks_oops_alive: false
[113.391s][debug][gc,ref         ] GC(12) Skipped phase 3 of Reference Processing: no references
[113.391s][debug][gc,ref         ] GC(12) ReferenceProcessor::execute queues: 1, RefProcThreadModel::Single, marks_oops_alive: false
[113.391s][debug][gc,phases      ] GC(12) Reference Processing 0.434ms
[113.391s][debug][gc,phases      ] GC(12)   VM Weak                        Min:  0.0, Avg:  0.0, Max:  0.0, Diff:  0.0, Sum:  0.0, Workers: 4
[113.391s][debug][gc,phases      ] GC(12)     Dead                           Min: 0, Avg:  0.0, Max: 0, Diff: 0, Sum: 0, Workers: 4
[113.391s][debug][gc,phases      ] GC(12)     Total                          Min: 0, Avg: 164.0, Max: 384, Diff: 384, Sum: 656, Workers: 4
[113.391s][debug][gc,phases      ] GC(12)   ObjectSynchronizer Weak        Min:  0.0, Avg:  0.0, Max:  0.0, Diff:  0.0, Sum:  0.0, Workers: 4
[113.391s][debug][gc,phases      ] GC(12)     Dead                           Min: 0, Avg:  0.0, Max: 0, Diff: 0, Sum: 0, Workers: 4
[113.391s][debug][gc,phases      ] GC(12)     Total                          Min: 0, Avg:  6.5, Max: 26, Diff: 26, Sum: 26, Workers: 4
[113.391s][debug][gc,phases      ] GC(12)   JVMTI Tag Weak OopStorage      Min:  0.0, Avg:  0.0, Max:  0.0, Diff:  0.0, Sum:  0.0, Workers: 4
[113.391s][debug][gc,phases      ] GC(12)     Dead                           Min: 0, Avg:  0.0, Max: 0, Diff: 0, Sum: 0, Workers: 4
[113.391s][debug][gc,phases      ] GC(12)     Total                          Min: 0, Avg:  0.0, Max: 0, Diff: 0, Sum: 0, Workers: 4
[113.391s][debug][gc,phases      ] GC(12)   StringTable Weak               Min:  0.0, Avg:  0.2, Max:  0.3, Diff:  0.3, Sum:  1.0, Workers: 4
[113.391s][debug][gc,phases      ] GC(12)     Dead                           Min: 0, Avg:  0.2, Max: 1, Diff: 1, Sum: 1, Workers: 4
[113.391s][debug][gc,phases      ] GC(12)     Total                          Min: 0, Avg: 10508.8, Max: 17344, Diff: 17344, Sum: 42035, Workers: 4
[113.391s][debug][gc,phases      ] GC(12)   ResolvedMethodTable Weak       Min:  0.0, Avg:  0.1, Max:  0.1, Diff:  0.1, Sum:  0.3, Workers: 4
[113.391s][debug][gc,phases      ] GC(12)     Dead                           Min: 0, Avg:  4.2, Max: 17, Diff: 17, Sum: 17, Workers: 4
[113.391s][debug][gc,phases      ] GC(12)     Total                          Min: 0, Avg: 2047.8, Max: 3392, Diff: 3392, Sum: 8191, Workers: 4
[113.391s][debug][gc,phases      ] GC(12)   JNI Weak                       Min:  0.0, Avg:  0.0, Max:  0.0, Diff:  0.0, Sum:  0.0, Workers: 4
[113.391s][debug][gc,phases      ] GC(12)     Dead                           Min: 0, Avg:  0.0, Max: 0, Diff: 0, Sum: 0, Workers: 4
[113.391s][debug][gc,phases      ] GC(12)     Total                          Min: 0, Avg: 11.5, Max: 46, Diff: 46, Sum: 46, Workers: 4
[113.391s][debug][gc,phases      ] GC(12)   StringDedup Table Weak         Min:  0.0, Avg:  0.0, Max:  0.0, Diff:  0.0, Sum:  0.0, Workers: 4
[113.391s][debug][gc,phases      ] GC(12)     Dead                           Min: 0, Avg:  0.0, Max: 0, Diff: 0, Sum: 0, Workers: 4
[113.391s][debug][gc,phases      ] GC(12)     Total                          Min: 0, Avg:  0.0, Max: 0, Diff: 0, Sum: 0, Workers: 4
[113.391s][debug][gc,phases      ] GC(12)   StringDedup Requests0 Weak     Min:  0.0, Avg:  0.0, Max:  0.0, Diff:  0.0, Sum:  0.0, Workers: 4
[113.391s][debug][gc,phases      ] GC(12)     Dead                           Min: 0, Avg:  0.0, Max: 0, Diff: 0, Sum: 0, Workers: 4
[113.391s][debug][gc,phases      ] GC(12)     Total                          Min: 0, Avg:  0.0, Max: 0, Diff: 0, Sum: 0, Workers: 4
[113.391s][debug][gc,phases      ] GC(12)   StringDedup Requests1 Weak     Min:  0.0, Avg:  0.0, Max:  0.0, Diff:  0.0, Sum:  0.0, Workers: 4
[113.391s][debug][gc,phases      ] GC(12)     Dead                           Min: 0, Avg:  0.0, Max: 0, Diff: 0, Sum: 0, Workers: 4
[113.391s][debug][gc,phases      ] GC(12)     Total                          Min: 0, Avg:  0.0, Max: 0, Diff: 0, Sum: 0, Workers: 4
[113.391s][debug][gc,phases      ] GC(12)   Weak JFR Old Object Samples    Min:  0.0, Avg:  0.0, Max:  0.0, Diff:  0.0, Sum:  0.0, Workers: 4
[113.391s][debug][gc,phases      ] GC(12)     Dead                           Min: 0, Avg:  0.0, Max: 0, Diff: 0, Sum: 0, Workers: 4
[113.391s][debug][gc,phases      ] GC(12)     Total                          Min: 0, Avg:  0.0, Max: 0, Diff: 0, Sum: 0, Workers: 4
[113.391s][debug][gc,phases      ] GC(12) Weak Processing 0.577ms
[113.391s][debug][gc,age         ] GC(12) Desired survivor size 374865920 bytes, new threshold 12 (max threshold 15)
[113.391s][info ][gc,heap        ] GC(12) PSYoungGen: 1567707K(1704448K)->272020K(1724928K) Eden: 1333760K(1333760K)->0K(1364992K) From: 233947K(370688K)->272020K(359936K)
[113.391s][info ][gc,heap        ] GC(12) ParOldGen: 6246K(18944K)->6254K(18944K)
[113.391s][info ][gc,metaspace   ] GC(12) Metaspace: 75824K(76672K)->75824K(76672K) NonClass: 64921K(65408K)->64921K(65408K) Class: 10902K(11264K)->10902K(11264K)
[113.391s][info ][gc             ] GC(12) Pause Young (Allocation Failure) 1537M->271M(1703M) 100.986ms
[113.391s][info ][gc,cpu         ] GC(12) User=0.35s Sys=0.01s Real=0.11s
[113.391s][info ][safepoint      ] Safepoint "ParallelGCFailedAllocation", Time since last: 488925586 ns, Reaching safepoint: 48901 ns, At safepoint: 101057393 ns, Total: 101106294 ns
[114.391s][info ][safepoint      ] Safepoint "Cleanup", Time since last: 1000067481 ns, Reaching safepoint: 162701 ns, At safepoint: 5900 ns, Total: 168601 ns
[114.724s][info ][safepoint      ] Safepoint "ICBufferFull", Time since last: 331802520 ns, Reaching safepoint: 249201 ns, At safepoint: 9000 ns, Total: 258201 ns
[116.000s][info ][safepoint      ] Safepoint "Cleanup", Time since last: 1276296146 ns, Reaching safepoint: 122901 ns, At safepoint: 7400 ns, Total: 130301 ns
[117.000s][info ][safepoint      ] Safepoint "Cleanup", Time since last: 1000103677 ns, Reaching safepoint: 84501 ns, At safepoint: 5500 ns, Total: 90001 ns
[118.000s][info ][safepoint      ] Safepoint "Cleanup", Time since last: 1000112077 ns, Reaching safepoint: 87701 ns, At safepoint: 2900 ns, Total: 90601 ns
[119.001s][info ][safepoint      ] Safepoint "Cleanup", Time since last: 1000107278 ns, Reaching safepoint: 121400 ns, At safepoint: 9000 ns, Total: 130400 ns
[120.001s][info ][safepoint      ] Safepoint "Cleanup", Time since last: 1000105278 ns, Reaching safepoint: 68700 ns, At safepoint: 5000 ns, Total: 73700 ns
[121.001s][info ][safepoint      ] Safepoint "Cleanup", Time since last: 1000097278 ns, Reaching safepoint: 99301 ns, At safepoint: 4900 ns, Total: 104201 ns
[122.001s][info ][safepoint      ] Safepoint "Cleanup", Time since last: 1000107777 ns, Reaching safepoint: 51201 ns, At safepoint: 2700 ns, Total: 53901 ns
[123.001s][info ][safepoint      ] Safepoint "Cleanup", Time since last: 1000077977 ns, Reaching safepoint: 60600 ns, At safepoint: 5300 ns, Total: 65900 ns
[124.001s][info ][safepoint      ] Safepoint "Cleanup", Time since last: 1000101463 ns, Reaching safepoint: 52500 ns, At safepoint: 6500 ns, Total: 59000 ns
[125.002s][info ][safepoint      ] Safepoint "Cleanup", Time since last: 1000101587 ns, Reaching safepoint: 62701 ns, At safepoint: 4400 ns, Total: 67101 ns
[126.002s][info ][safepoint      ] Safepoint "Cleanup", Time since last: 1000109087 ns, Reaching safepoint: 68100 ns, At safepoint: 3700 ns, Total: 71800 ns
[127.002s][info ][safepoint      ] Safepoint "Cleanup", Time since last: 1000112687 ns, Reaching safepoint: 56601 ns, At safepoint: 7600 ns, Total: 64201 ns
[128.002s][info ][safepoint      ] Safepoint "Cleanup", Time since last: 1000101087 ns, Reaching safepoint: 68400 ns, At safepoint: 2800 ns, Total: 71200 ns
[129.002s][info ][safepoint      ] Safepoint "Cleanup", Time since last: 1000100487 ns, Reaching safepoint: 33600 ns, At safepoint: 1900 ns, Total: 35500 ns
[130.002s][info ][safepoint      ] Safepoint "Cleanup", Time since last: 1000093387 ns, Reaching safepoint: 84701 ns, At safepoint: 7700 ns, Total: 92401 ns
[131.003s][info ][safepoint      ] Safepoint "Cleanup", Time since last: 1000119687 ns, Reaching safepoint: 53900 ns, At safepoint: 4400 ns, Total: 58300 ns
[132.290s][info ][safepoint      ] Safepoint "Cleanup", Time since last: 1287175948 ns, Reaching safepoint: 186401 ns, At safepoint: 9200 ns, Total: 195601 ns
[133.290s][info ][safepoint      ] Safepoint "Cleanup", Time since last: 1000111317 ns, Reaching safepoint: 139900 ns, At safepoint: 5200 ns, Total: 145100 ns
[134.290s][info ][safepoint      ] Safepoint "Cleanup", Time since last: 1000109017 ns, Reaching safepoint: 130201 ns, At safepoint: 4700 ns, Total: 134901 ns
[134.940s][info ][gc,start       ] GC(13) Pause Young (Allocation Failure)
[135.033s][debug][gc,phases      ] GC(13) Scavenge 92.516ms
[135.033s][debug][gc,ref         ] GC(13) Skipped phase 1 of Reference Processing: no references
[135.033s][debug][gc,ref         ] GC(13) ReferenceProcessor::execute queues: 4, RefProcThreadModel::Multi, marks_oops_alive: false
[135.033s][debug][gc,ref         ] GC(13) Skipped phase 3 of Reference Processing: no references
[135.033s][debug][gc,ref         ] GC(13) ReferenceProcessor::execute queues: 1, RefProcThreadModel::Single, marks_oops_alive: false
[135.033s][debug][gc,phases      ] GC(13) Reference Processing 0.416ms
[135.034s][debug][gc,phases      ] GC(13)   VM Weak                        Min:  0.0, Avg:  0.0, Max:  0.0, Diff:  0.0, Sum:  0.0, Workers: 4
[135.034s][debug][gc,phases      ] GC(13)     Dead                           Min: 0, Avg:  0.0, Max: 0, Diff: 0, Sum: 0, Workers: 4
[135.034s][debug][gc,phases      ] GC(13)     Total                          Min: 0, Avg: 165.8, Max: 384, Diff: 384, Sum: 663, Workers: 4
[135.034s][debug][gc,phases      ] GC(13)   ObjectSynchronizer Weak        Min:  0.0, Avg:  0.0, Max:  0.0, Diff:  0.0, Sum:  0.0, Workers: 4
[135.034s][debug][gc,phases      ] GC(13)     Dead                           Min: 0, Avg:  0.0, Max: 0, Diff: 0, Sum: 0, Workers: 4
[135.034s][debug][gc,phases      ] GC(13)     Total                          Min: 0, Avg:  6.5, Max: 26, Diff: 26, Sum: 26, Workers: 4
[135.034s][debug][gc,phases      ] GC(13)   JVMTI Tag Weak OopStorage      Min:  0.0, Avg:  0.0, Max:  0.0, Diff:  0.0, Sum:  0.0, Workers: 4
[135.034s][debug][gc,phases      ] GC(13)     Dead                           Min: 0, Avg:  0.0, Max: 0, Diff: 0, Sum: 0, Workers: 4
[135.034s][debug][gc,phases      ] GC(13)     Total                          Min: 0, Avg:  0.0, Max: 0, Diff: 0, Sum: 0, Workers: 4
[135.034s][debug][gc,phases      ] GC(13)   StringTable Weak               Min:  0.3, Avg:  0.3, Max:  0.3, Diff:  0.1, Sum:  1.2, Workers: 4
[135.034s][debug][gc,phases      ] GC(13)     Dead                           Min: 0, Avg:  0.8, Max: 2, Diff: 2, Sum: 3, Workers: 4
[135.034s][debug][gc,phases      ] GC(13)     Total                          Min: 5760, Avg: 10545.8, Max: 18624, Diff: 12864, Sum: 42183, Workers: 4
[135.034s][debug][gc,phases      ] GC(13)   ResolvedMethodTable Weak       Min:  0.0, Avg:  0.1, Max:  0.1, Diff:  0.1, Sum:  0.2, Workers: 4
[135.034s][debug][gc,phases      ] GC(13)     Dead                           Min: 0, Avg:  0.0, Max: 0, Diff: 0, Sum: 0, Workers: 4
[135.034s][debug][gc,phases      ] GC(13)     Total                          Min: 0, Avg: 2059.2, Max: 3775, Diff: 3775, Sum: 8237, Workers: 4
[135.034s][debug][gc,phases      ] GC(13)   JNI Weak                       Min:  0.0, Avg:  0.0, Max:  0.0, Diff:  0.0, Sum:  0.0, Workers: 4
[135.034s][debug][gc,phases      ] GC(13)     Dead                           Min: 0, Avg:  0.0, Max: 0, Diff: 0, Sum: 0, Workers: 4
[135.034s][debug][gc,phases      ] GC(13)     Total                          Min: 0, Avg: 11.2, Max: 45, Diff: 45, Sum: 45, Workers: 4
[135.034s][debug][gc,phases      ] GC(13)   StringDedup Table Weak         Min:  0.0, Avg:  0.0, Max:  0.0, Diff:  0.0, Sum:  0.0, Workers: 4
[135.034s][debug][gc,phases      ] GC(13)     Dead                           Min: 0, Avg:  0.0, Max: 0, Diff: 0, Sum: 0, Workers: 4
[135.034s][debug][gc,phases      ] GC(13)     Total                          Min: 0, Avg:  0.0, Max: 0, Diff: 0, Sum: 0, Workers: 4
[135.034s][debug][gc,phases      ] GC(13)   StringDedup Requests0 Weak     Min:  0.0, Avg:  0.0, Max:  0.0, Diff:  0.0, Sum:  0.0, Workers: 4
[135.034s][debug][gc,phases      ] GC(13)     Dead                           Min: 0, Avg:  0.0, Max: 0, Diff: 0, Sum: 0, Workers: 4
[135.034s][debug][gc,phases      ] GC(13)     Total                          Min: 0, Avg:  0.0, Max: 0, Diff: 0, Sum: 0, Workers: 4
[135.034s][debug][gc,phases      ] GC(13)   StringDedup Requests1 Weak     Min:  0.0, Avg:  0.0, Max:  0.0, Diff:  0.0, Sum:  0.0, Workers: 4
[135.034s][debug][gc,phases      ] GC(13)     Dead                           Min: 0, Avg:  0.0, Max: 0, Diff: 0, Sum: 0, Workers: 4
[135.034s][debug][gc,phases      ] GC(13)     Total                          Min: 0, Avg:  0.0, Max: 0, Diff: 0, Sum: 0, Workers: 4
[135.034s][debug][gc,phases      ] GC(13)   Weak JFR Old Object Samples    Min:  0.0, Avg:  0.0, Max:  0.0, Diff:  0.0, Sum:  0.0, Workers: 4
[135.034s][debug][gc,phases      ] GC(13)     Dead                           Min: 0, Avg:  0.0, Max: 0, Diff: 0, Sum: 0, Workers: 4
[135.034s][debug][gc,phases      ] GC(13)     Total                          Min: 0, Avg:  0.0, Max: 0, Diff: 0, Sum: 0, Workers: 4
[135.034s][debug][gc,phases      ] GC(13) Weak Processing 0.562ms
[135.034s][debug][gc,age         ] GC(13) Desired survivor size 378535936 bytes, new threshold 13 (max threshold 15)
[135.034s][info ][gc,heap        ] GC(13) PSYoungGen: 1637012K(1724928K)->271826K(1636864K) Eden: 1364992K(1364992K)->0K(1364992K) From: 272020K(359936K)->271826K(271872K)
[135.034s][info ][gc,heap        ] GC(13) ParOldGen: 6254K(18944K)->6262K(18944K)
[135.034s][info ][gc,metaspace   ] GC(13) Metaspace: 76333K(77184K)->76333K(77184K) NonClass: 65403K(65856K)->65403K(65856K) Class: 10930K(11328K)->10930K(11328K)
[135.034s][info ][gc             ] GC(13) Pause Young (Allocation Failure) 1604M->271M(1617M) 93.606ms
[135.034s][info ][gc,cpu         ] GC(13) User=0.33s Sys=0.00s Real=0.10s
[135.034s][info ][safepoint      ] Safepoint "ParallelGCFailedAllocation", Time since last: 649870559 ns, Reaching safepoint: 45001 ns, At safepoint: 93691570 ns, Total: 93736571 ns
[136.034s][info ][safepoint      ] Safepoint "Cleanup", Time since last: 1000084016 ns, Reaching safepoint: 44100 ns, At safepoint: 2400 ns, Total: 46500 ns
[137.034s][info ][safepoint      ] Safepoint "Cleanup", Time since last: 1000100617 ns, Reaching safepoint: 48600 ns, At safepoint: 2600 ns, Total: 51200 ns
[138.035s][info ][safepoint      ] Safepoint "Cleanup", Time since last: 1000096416 ns, Reaching safepoint: 42901 ns, At safepoint: 2800 ns, Total: 45701 ns
[139.035s][info ][safepoint      ] Safepoint "Cleanup", Time since last: 1000112416 ns, Reaching safepoint: 38300 ns, At safepoint: 2900 ns, Total: 41200 ns
[140.035s][info ][safepoint      ] Safepoint "Cleanup", Time since last: 1000105960 ns, Reaching safepoint: 48800 ns, At safepoint: 2600 ns, Total: 51400 ns
[141.035s][info ][safepoint      ] Safepoint "Cleanup", Time since last: 1000101385 ns, Reaching safepoint: 52901 ns, At safepoint: 8200 ns, Total: 61101 ns
[142.035s][info ][safepoint      ] Safepoint "Cleanup", Time since last: 1000111785 ns, Reaching safepoint: 109801 ns, At safepoint: 4700 ns, Total: 114501 ns
[143.035s][info ][safepoint      ] Safepoint "Cleanup", Time since last: 1000075085 ns, Reaching safepoint: 39600 ns, At safepoint: 2800 ns, Total: 42400 ns
[144.035s][info ][safepoint      ] Safepoint "Cleanup", Time since last: 1000119786 ns, Reaching safepoint: 46000 ns, At safepoint: 2600 ns, Total: 48600 ns
[145.036s][info ][safepoint      ] Safepoint "Cleanup", Time since last: 1000103485 ns, Reaching safepoint: 43300 ns, At safepoint: 2400 ns, Total: 45700 ns
[146.036s][info ][safepoint      ] Safepoint "Cleanup", Time since last: 1000097028 ns, Reaching safepoint: 69601 ns, At safepoint: 4900 ns, Total: 74501 ns
[147.036s][info ][safepoint      ] Safepoint "Cleanup", Time since last: 1000100508 ns, Reaching safepoint: 39600 ns, At safepoint: 2900 ns, Total: 42500 ns
[148.036s][info ][safepoint      ] Safepoint "Cleanup", Time since last: 1000087112 ns, Reaching safepoint: 47500 ns, At safepoint: 2400 ns, Total: 49900 ns
[149.036s][info ][safepoint      ] Safepoint "Cleanup", Time since last: 1000096727 ns, Reaching safepoint: 62000 ns, At safepoint: 5900 ns, Total: 67900 ns
[150.036s][info ][safepoint      ] Safepoint "Cleanup", Time since last: 1000102127 ns, Reaching safepoint: 47700 ns, At safepoint: 2200 ns, Total: 49900 ns
[151.037s][info ][safepoint      ] Safepoint "Cleanup", Time since last: 1000105627 ns, Reaching safepoint: 50000 ns, At safepoint: 2800 ns, Total: 52800 ns
[153.037s][info ][safepoint      ] Safepoint "Cleanup", Time since last: 2000166454 ns, Reaching safepoint: 38900 ns, At safepoint: 2900 ns, Total: 41800 ns
[154.037s][info ][safepoint      ] Safepoint "Cleanup", Time since last: 1000111127 ns, Reaching safepoint: 45700 ns, At safepoint: 2500 ns, Total: 48200 ns
[157.037s][info ][safepoint      ] Safepoint "Cleanup", Time since last: 3000188495 ns, Reaching safepoint: 127102 ns, At safepoint: 2700 ns, Total: 129802 ns
[158.037s][info ][safepoint      ] Safepoint "Cleanup", Time since last: 1000109284 ns, Reaching safepoint: 59500 ns, At safepoint: 6700 ns, Total: 66200 ns
[159.038s][info ][safepoint      ] Safepoint "Cleanup", Time since last: 1000101847 ns, Reaching safepoint: 63200 ns, At safepoint: 2400 ns, Total: 65600 ns
[159.890s][info ][gc,start       ] GC(14) Pause Young (Allocation Failure)
[159.980s][debug][gc,phases      ] GC(14) Scavenge 89.810ms
[159.980s][debug][gc,ref         ] GC(14) Skipped phase 1 of Reference Processing: no references
[159.980s][debug][gc,ref         ] GC(14) ReferenceProcessor::execute queues: 4, RefProcThreadModel::Multi, marks_oops_alive: false
[159.981s][debug][gc,ref         ] GC(14) Skipped phase 3 of Reference Processing: no references
[159.981s][debug][gc,ref         ] GC(14) ReferenceProcessor::execute queues: 1, RefProcThreadModel::Single, marks_oops_alive: false
[159.981s][debug][gc,phases      ] GC(14) Reference Processing 0.631ms
[159.981s][debug][gc,phases      ] GC(14)   VM Weak                        Min:  0.0, Avg:  0.0, Max:  0.0, Diff:  0.0, Sum:  0.0, Workers: 4
[159.981s][debug][gc,phases      ] GC(14)     Dead                           Min: 0, Avg:  0.0, Max: 0, Diff: 0, Sum: 0, Workers: 4
[159.981s][debug][gc,phases      ] GC(14)     Total                          Min: 0, Avg: 167.8, Max: 320, Diff: 320, Sum: 671, Workers: 4
[159.981s][debug][gc,phases      ] GC(14)   ObjectSynchronizer Weak        Min:  0.0, Avg:  0.0, Max:  0.0, Diff:  0.0, Sum:  0.0, Workers: 4
[159.981s][debug][gc,phases      ] GC(14)     Dead                           Min: 0, Avg:  0.0, Max: 0, Diff: 0, Sum: 0, Workers: 4
[159.981s][debug][gc,phases      ] GC(14)     Total                          Min: 0, Avg:  6.5, Max: 26, Diff: 26, Sum: 26, Workers: 4
[159.981s][debug][gc,phases      ] GC(14)   JVMTI Tag Weak OopStorage      Min:  0.0, Avg:  0.0, Max:  0.0, Diff:  0.0, Sum:  0.0, Workers: 4
[159.981s][debug][gc,phases      ] GC(14)     Dead                           Min: 0, Avg:  0.0, Max: 0, Diff: 0, Sum: 0, Workers: 4
[159.981s][debug][gc,phases      ] GC(14)     Total                          Min: 0, Avg:  0.0, Max: 0, Diff: 0, Sum: 0, Workers: 4
[159.981s][debug][gc,phases      ] GC(14)   StringTable Weak               Min:  0.0, Avg:  0.3, Max:  0.4, Diff:  0.4, Sum:  1.2, Workers: 4
[159.981s][debug][gc,phases      ] GC(14)     Dead                           Min: 0, Avg:  0.2, Max: 1, Diff: 1, Sum: 1, Workers: 4
[159.981s][debug][gc,phases      ] GC(14)     Total                          Min: 0, Avg: 10555.5, Max: 14894, Diff: 14894, Sum: 42222, Workers: 4
[159.981s][debug][gc,phases      ] GC(14)   ResolvedMethodTable Weak       Min:  0.0, Avg:  0.1, Max:  0.1, Diff:  0.1, Sum:  0.3, Workers: 4
[159.981s][debug][gc,phases      ] GC(14)     Dead                           Min: 0, Avg:  0.0, Max: 0, Diff: 0, Sum: 0, Workers: 4
[159.981s][debug][gc,phases      ] GC(14)     Total                          Min: 0, Avg: 2011.8, Max: 2838, Diff: 2838, Sum: 8047, Workers: 4
[159.981s][debug][gc,phases      ] GC(14)   JNI Weak                       Min:  0.0, Avg:  0.0, Max:  0.0, Diff:  0.0, Sum:  0.0, Workers: 4
[159.981s][debug][gc,phases      ] GC(14)     Dead                           Min: 0, Avg:  0.0, Max: 0, Diff: 0, Sum: 0, Workers: 4
[159.981s][debug][gc,phases      ] GC(14)     Total                          Min: 0, Avg: 11.5, Max: 46, Diff: 46, Sum: 46, Workers: 4
[159.981s][debug][gc,phases      ] GC(14)   StringDedup Table Weak         Min:  0.0, Avg:  0.0, Max:  0.0, Diff:  0.0, Sum:  0.0, Workers: 4
[159.981s][debug][gc,phases      ] GC(14)     Dead                           Min: 0, Avg:  0.0, Max: 0, Diff: 0, Sum: 0, Workers: 4
[159.981s][debug][gc,phases      ] GC(14)     Total                          Min: 0, Avg:  0.0, Max: 0, Diff: 0, Sum: 0, Workers: 4
[159.981s][debug][gc,phases      ] GC(14)   StringDedup Requests0 Weak     Min:  0.0, Avg:  0.0, Max:  0.0, Diff:  0.0, Sum:  0.0, Workers: 4
[159.981s][debug][gc,phases      ] GC(14)     Dead                           Min: 0, Avg:  0.0, Max: 0, Diff: 0, Sum: 0, Workers: 4
[159.981s][debug][gc,phases      ] GC(14)     Total                          Min: 0, Avg:  0.0, Max: 0, Diff: 0, Sum: 0, Workers: 4
[159.981s][debug][gc,phases      ] GC(14)   StringDedup Requests1 Weak     Min:  0.0, Avg:  0.0, Max:  0.0, Diff:  0.0, Sum:  0.0, Workers: 4
[159.981s][debug][gc,phases      ] GC(14)     Dead                           Min: 0, Avg:  0.0, Max: 0, Diff: 0, Sum: 0, Workers: 4
[159.981s][debug][gc,phases      ] GC(14)     Total                          Min: 0, Avg:  0.0, Max: 0, Diff: 0, Sum: 0, Workers: 4
[159.981s][debug][gc,phases      ] GC(14)   Weak JFR Old Object Samples    Min:  0.0, Avg:  0.0, Max:  0.0, Diff:  0.0, Sum:  0.0, Workers: 4
[159.981s][debug][gc,phases      ] GC(14)     Dead                           Min: 0, Avg:  0.0, Max: 0, Diff: 0, Sum: 0, Workers: 4
[159.981s][debug][gc,phases      ] GC(14)     Total                          Min: 0, Avg:  0.0, Max: 0, Diff: 0, Sum: 0, Workers: 4
[159.981s][debug][gc,phases      ] GC(14) Weak Processing 0.744ms
[159.981s][debug][gc,age         ] GC(14) Desired survivor size 380633088 bytes, new threshold 14 (max threshold 15)
[159.981s][info ][gc,heap        ] GC(14) PSYoungGen: 1636818K(1636864K)->272011K(1723392K) Eden: 1364992K(1364992K)->0K(1353728K) From: 271826K(271872K)->272011K(369664K)
[159.981s][info ][gc,heap        ] GC(14) ParOldGen: 6262K(18944K)->6270K(18944K)
[159.981s][info ][gc,metaspace   ] GC(14) Metaspace: 76525K(77376K)->76525K(77376K) NonClass: 65577K(66048K)->65577K(66048K) Class: 10948K(11328K)->10948K(11328K)
[159.981s][info ][gc             ] GC(14) Pause Young (Allocation Failure) 1604M->271M(1701M) 91.373ms
[159.981s][info ][gc,cpu         ] GC(14) User=0.31s Sys=0.00s Real=0.09s
[159.982s][info ][safepoint      ] Safepoint "ParallelGCFailedAllocation", Time since last: 852411517 ns, Reaching safepoint: 58100 ns, At safepoint: 91452352 ns, Total: 91510452 ns
[160.982s][info ][safepoint      ] Safepoint "Cleanup", Time since last: 1000080147 ns, Reaching safepoint: 64100 ns, At safepoint: 4400 ns, Total: 68500 ns
[161.982s][info ][safepoint      ] Safepoint "Cleanup", Time since last: 1000107847 ns, Reaching safepoint: 59600 ns, At safepoint: 2300 ns, Total: 61900 ns
[162.982s][info ][safepoint      ] Safepoint "Cleanup", Time since last: 1000116747 ns, Reaching safepoint: 48900 ns, At safepoint: 3200 ns, Total: 52100 ns
[163.982s][info ][safepoint      ] Safepoint "Cleanup", Time since last: 1000111554 ns, Reaching safepoint: 61501 ns, At safepoint: 5600 ns, Total: 67101 ns
[164.982s][info ][safepoint      ] Safepoint "Cleanup", Time since last: 1000106284 ns, Reaching safepoint: 44300 ns, At safepoint: 3600 ns, Total: 47900 ns
[165.983s][info ][safepoint      ] Safepoint "Cleanup", Time since last: 1000114785 ns, Reaching safepoint: 39500 ns, At safepoint: 3400 ns, Total: 42900 ns
[167.983s][info ][safepoint      ] Safepoint "Cleanup", Time since last: 2000083468 ns, Reaching safepoint: 40100 ns, At safepoint: 2500 ns, Total: 42600 ns
[168.983s][info ][safepoint      ] Safepoint "Cleanup", Time since last: 1000102735 ns, Reaching safepoint: 36900 ns, At safepoint: 4000 ns, Total: 40900 ns
[170.983s][info ][safepoint      ] Safepoint "Cleanup", Time since last: 2000164430 ns, Reaching safepoint: 43000 ns, At safepoint: 3600 ns, Total: 46600 ns
[171.983s][info ][safepoint      ] Safepoint "Cleanup", Time since last: 1000097759 ns, Reaching safepoint: 41500 ns, At safepoint: 3300 ns, Total: 44800 ns
[172.983s][info ][safepoint      ] Safepoint "Cleanup", Time since last: 1000098124 ns, Reaching safepoint: 48300 ns, At safepoint: 3200 ns, Total: 51500 ns
[173.983s][info ][safepoint      ] Safepoint "Cleanup", Time since last: 1000103124 ns, Reaching safepoint: 38900 ns, At safepoint: 2200 ns, Total: 41100 ns
[174.984s][info ][safepoint      ] Safepoint "Cleanup", Time since last: 1000097523 ns, Reaching safepoint: 41101 ns, At safepoint: 2500 ns, Total: 43601 ns
[176.352s][info ][safepoint      ] Safepoint "Cleanup", Time since last: 1368164156 ns, Reaching safepoint: 119901 ns, At safepoint: 2800 ns, Total: 122701 ns
[177.352s][info ][safepoint      ] Safepoint "Cleanup", Time since last: 1000105124 ns, Reaching safepoint: 56300 ns, At safepoint: 2700 ns, Total: 59000 ns
[179.352s][info ][safepoint      ] Safepoint "Cleanup", Time since last: 2000163447 ns, Reaching safepoint: 49700 ns, At safepoint: 2800 ns, Total: 52500 ns
[180.925s][info ][safepoint      ] Safepoint "Cleanup", Time since last: 1572239252 ns, Reaching safepoint: 94801 ns, At safepoint: 3400 ns, Total: 98201 ns
[181.090s][info ][gc,start       ] GC(15) Pause Young (Allocation Failure)
[181.181s][debug][gc,phases      ] GC(15) Scavenge 90.400ms
[181.181s][debug][gc,ref         ] GC(15) Skipped phase 1 of Reference Processing: no references
[181.181s][debug][gc,ref         ] GC(15) ReferenceProcessor::execute queues: 4, RefProcThreadModel::Multi, marks_oops_alive: false
[181.181s][debug][gc,ref         ] GC(15) Skipped phase 3 of Reference Processing: no references
[181.181s][debug][gc,ref         ] GC(15) ReferenceProcessor::execute queues: 1, RefProcThreadModel::Single, marks_oops_alive: false
[181.181s][debug][gc,phases      ] GC(15) Reference Processing 0.398ms
[181.182s][debug][gc,phases      ] GC(15)   VM Weak                        Min:  0.0, Avg:  0.0, Max:  0.0, Diff:  0.0, Sum:  0.0, Workers: 4
[181.182s][debug][gc,phases      ] GC(15)     Dead                           Min: 0, Avg:  0.0, Max: 0, Diff: 0, Sum: 0, Workers: 4
[181.182s][debug][gc,phases      ] GC(15)     Total                          Min: 0, Avg: 167.8, Max: 320, Diff: 320, Sum: 671, Workers: 4
[181.182s][debug][gc,phases      ] GC(15)   ObjectSynchronizer Weak        Min:  0.0, Avg:  0.0, Max:  0.0, Diff:  0.0, Sum:  0.0, Workers: 4
[181.182s][debug][gc,phases      ] GC(15)     Dead                           Min: 0, Avg:  0.0, Max: 0, Diff: 0, Sum: 0, Workers: 4
[181.182s][debug][gc,phases      ] GC(15)     Total                          Min: 0, Avg:  6.5, Max: 26, Diff: 26, Sum: 26, Workers: 4
[181.182s][debug][gc,phases      ] GC(15)   JVMTI Tag Weak OopStorage      Min:  0.0, Avg:  0.0, Max:  0.0, Diff:  0.0, Sum:  0.0, Workers: 4
[181.182s][debug][gc,phases      ] GC(15)     Dead                           Min: 0, Avg:  0.0, Max: 0, Diff: 0, Sum: 0, Workers: 4
[181.182s][debug][gc,phases      ] GC(15)     Total                          Min: 0, Avg:  0.0, Max: 0, Diff: 0, Sum: 0, Workers: 4
[181.182s][debug][gc,phases      ] GC(15)   StringTable Weak               Min:  0.0, Avg:  0.2, Max:  0.3, Diff:  0.3, Sum:  1.0, Workers: 4
[181.182s][debug][gc,phases      ] GC(15)     Dead                           Min: 0, Avg:  0.0, Max: 0, Diff: 0, Sum: 0, Workers: 4
[181.182s][debug][gc,phases      ] GC(15)     Total                          Min: 0, Avg: 10560.5, Max: 17474, Diff: 17474, Sum: 42242, Workers: 4
[181.182s][debug][gc,phases      ] GC(15)   ResolvedMethodTable Weak       Min:  0.0, Avg:  0.1, Max:  0.1, Diff:  0.1, Sum:  0.2, Workers: 4
[181.182s][debug][gc,phases      ] GC(15)     Dead                           Min: 0, Avg:  0.0, Max: 0, Diff: 0, Sum: 0, Workers: 4
[181.182s][debug][gc,phases      ] GC(15)     Total                          Min: 0, Avg: 2011.8, Max: 3427, Diff: 3427, Sum: 8047, Workers: 4
[181.182s][debug][gc,phases      ] GC(15)   JNI Weak                       Min:  0.0, Avg:  0.0, Max:  0.0, Diff:  0.0, Sum:  0.0, Workers: 4
[181.182s][debug][gc,phases      ] GC(15)     Dead                           Min: 0, Avg:  0.0, Max: 0, Diff: 0, Sum: 0, Workers: 4
[181.182s][debug][gc,phases      ] GC(15)     Total                          Min: 0, Avg: 11.2, Max: 45, Diff: 45, Sum: 45, Workers: 4
[181.182s][debug][gc,phases      ] GC(15)   StringDedup Table Weak         Min:  0.0, Avg:  0.0, Max:  0.0, Diff:  0.0, Sum:  0.0, Workers: 4
[181.182s][debug][gc,phases      ] GC(15)     Dead                           Min: 0, Avg:  0.0, Max: 0, Diff: 0, Sum: 0, Workers: 4
[181.182s][debug][gc,phases      ] GC(15)     Total                          Min: 0, Avg:  0.0, Max: 0, Diff: 0, Sum: 0, Workers: 4
[181.182s][debug][gc,phases      ] GC(15)   StringDedup Requests0 Weak     Min:  0.0, Avg:  0.0, Max:  0.0, Diff:  0.0, Sum:  0.0, Workers: 4
[181.182s][debug][gc,phases      ] GC(15)     Dead                           Min: 0, Avg:  0.0, Max: 0, Diff: 0, Sum: 0, Workers: 4
[181.182s][debug][gc,phases      ] GC(15)     Total                          Min: 0, Avg:  0.0, Max: 0, Diff: 0, Sum: 0, Workers: 4
[181.182s][debug][gc,phases      ] GC(15)   StringDedup Requests1 Weak     Min:  0.0, Avg:  0.0, Max:  0.0, Diff:  0.0, Sum:  0.0, Workers: 4
[181.182s][debug][gc,phases      ] GC(15)     Dead                           Min: 0, Avg:  0.0, Max: 0, Diff: 0, Sum: 0, Workers: 4
[181.182s][debug][gc,phases      ] GC(15)     Total                          Min: 0, Avg:  0.0, Max: 0, Diff: 0, Sum: 0, Workers: 4
[181.182s][debug][gc,phases      ] GC(15)   Weak JFR Old Object Samples    Min:  0.0, Avg:  0.0, Max:  0.0, Diff:  0.0, Sum:  0.0, Workers: 4
[181.182s][debug][gc,phases      ] GC(15)     Dead                           Min: 0, Avg:  0.0, Max: 0, Diff: 0, Sum: 0, Workers: 4
[181.182s][debug][gc,phases      ] GC(15)     Total                          Min: 0, Avg:  0.0, Max: 0, Diff: 0, Sum: 0, Workers: 4
[181.182s][debug][gc,phases      ] GC(15) Weak Processing 0.561ms
[181.182s][debug][gc,age         ] GC(15) Desired survivor size 384827392 bytes, new threshold 15 (max threshold 15)
[181.182s][info ][gc,heap        ] GC(15) PSYoungGen: 1625739K(1723392K)->281610K(1635840K) Eden: 1353728K(1353728K)->0K(1353728K) From: 272011K(369664K)->281610K(282112K)
[181.182s][info ][gc,heap        ] GC(15) ParOldGen: 6270K(18944K)->6278K(18944K)
[181.182s][info ][gc,metaspace   ] GC(15) Metaspace: 76586K(77440K)->76586K(77440K) NonClass: 65637K(66112K)->65637K(66112K) Class: 10948K(11328K)->10948K(11328K)
[181.182s][info ][gc             ] GC(15) Pause Young (Allocation Failure) 1593M->281M(1616M) 91.480ms
[181.182s][info ][gc,cpu         ] GC(15) User=0.33s Sys=0.00s Real=0.09s
[181.182s][info ][safepoint      ] Safepoint "ParallelGCFailedAllocation", Time since last: 165674326 ns, Reaching safepoint: 35400 ns, At safepoint: 91549012 ns, Total: 91584412 ns
[182.182s][info ][safepoint      ] Safepoint "Cleanup", Time since last: 1000075489 ns, Reaching safepoint: 46900 ns, At safepoint: 2400 ns, Total: 49300 ns
[183.182s][info ][safepoint      ] Safepoint "Cleanup", Time since last: 1000126589 ns, Reaching safepoint: 42501 ns, At safepoint: 3200 ns, Total: 45701 ns
[184.182s][info ][safepoint      ] Safepoint "Cleanup", Time since last: 1000105689 ns, Reaching safepoint: 109601 ns, At safepoint: 5100 ns, Total: 114701 ns
[185.182s][info ][safepoint      ] Safepoint "Cleanup", Time since last: 1000103389 ns, Reaching safepoint: 50100 ns, At safepoint: 2800 ns, Total: 52900 ns
[186.183s][info ][safepoint      ] Safepoint "Cleanup", Time since last: 1000098490 ns, Reaching safepoint: 38200 ns, At safepoint: 2700 ns, Total: 40900 ns
[187.183s][info ][safepoint      ] Safepoint "Cleanup", Time since last: 1000110989 ns, Reaching safepoint: 48800 ns, At safepoint: 2300 ns, Total: 51100 ns
[188.183s][info ][safepoint      ] Safepoint "Cleanup", Time since last: 1000100655 ns, Reaching safepoint: 39300 ns, At safepoint: 2200 ns, Total: 41500 ns
[190.183s][info ][safepoint      ] Safepoint "Cleanup", Time since last: 2000127939 ns, Reaching safepoint: 99201 ns, At safepoint: 2700 ns, Total: 101901 ns
[192.183s][info ][safepoint      ] Safepoint "Cleanup", Time since last: 2000169540 ns, Reaching safepoint: 42400 ns, At safepoint: 3100 ns, Total: 45500 ns
[194.151s][info ][safepoint      ] Safepoint "ICBufferFull", Time since last: 1964591846 ns, Reaching safepoint: 3387218 ns, At safepoint: 13200 ns, Total: 3400418 ns
[195.214s][info ][safepoint      ] Safepoint "Cleanup", Time since last: 1062142910 ns, Reaching safepoint: 132100 ns, At safepoint: 8100 ns, Total: 140200 ns
[196.214s][info ][safepoint      ] Safepoint "Cleanup", Time since last: 1000107998 ns, Reaching safepoint: 54100 ns, At safepoint: 3900 ns, Total: 58000 ns
[197.214s][info ][safepoint      ] Safepoint "Cleanup", Time since last: 1000107558 ns, Reaching safepoint: 108701 ns, At safepoint: 4800 ns, Total: 113501 ns
[198.214s][info ][safepoint      ] Safepoint "Cleanup", Time since last: 1000096657 ns, Reaching safepoint: 55901 ns, At safepoint: 4200 ns, Total: 60101 ns
[199.214s][info ][safepoint      ] Safepoint "Cleanup", Time since last: 1000111957 ns, Reaching safepoint: 44501 ns, At safepoint: 3000 ns, Total: 47501 ns
[200.215s][info ][safepoint      ] Safepoint "Cleanup", Time since last: 1000097057 ns, Reaching safepoint: 63301 ns, At safepoint: 2800 ns, Total: 66101 ns
[203.215s][info ][safepoint      ] Safepoint "Cleanup", Time since last: 3000237472 ns, Reaching safepoint: 36800 ns, At safepoint: 2800 ns, Total: 39600 ns
[206.215s][info ][safepoint      ] Safepoint "Cleanup", Time since last: 3000190746 ns, Reaching safepoint: 42201 ns, At safepoint: 4000 ns, Total: 46201 ns
[207.215s][info ][safepoint      ] Safepoint "Cleanup", Time since last: 1000106462 ns, Reaching safepoint: 54201 ns, At safepoint: 4100 ns, Total: 58301 ns
[209.041s][info ][gc,start       ] GC(16) Pause Young (Allocation Failure)
[209.115s][debug][gc,phases      ] GC(16) Scavenge 74.371ms
[209.115s][debug][gc,ref         ] GC(16) Skipped phase 1 of Reference Processing: no references
[209.115s][debug][gc,ref         ] GC(16) ReferenceProcessor::execute queues: 4, RefProcThreadModel::Multi, marks_oops_alive: false
[209.116s][debug][gc,ref         ] GC(16) ReferenceProcessor::execute queues: 4, RefProcThreadModel::Multi, marks_oops_alive: true
[209.116s][debug][gc,ref         ] GC(16) ReferenceProcessor::execute queues: 1, RefProcThreadModel::Single, marks_oops_alive: false
[209.116s][debug][gc,phases      ] GC(16) Reference Processing 0.606ms
[209.116s][debug][gc,phases      ] GC(16)   VM Weak                        Min:  0.0, Avg:  0.0, Max:  0.0, Diff:  0.0, Sum:  0.0, Workers: 4
[209.116s][debug][gc,phases      ] GC(16)     Dead                           Min: 0, Avg:  0.0, Max: 0, Diff: 0, Sum: 0, Workers: 4
[209.116s][debug][gc,phases      ] GC(16)     Total                          Min: 0, Avg: 168.0, Max: 320, Diff: 320, Sum: 672, Workers: 4
[209.116s][debug][gc,phases      ] GC(16)   ObjectSynchronizer Weak        Min:  0.0, Avg:  0.0, Max:  0.0, Diff:  0.0, Sum:  0.0, Workers: 4
[209.116s][debug][gc,phases      ] GC(16)     Dead                           Min: 0, Avg:  0.0, Max: 0, Diff: 0, Sum: 0, Workers: 4
[209.116s][debug][gc,phases      ] GC(16)     Total                          Min: 0, Avg:  6.5, Max: 26, Diff: 26, Sum: 26, Workers: 4
[209.116s][debug][gc,phases      ] GC(16)   JVMTI Tag Weak OopStorage      Min:  0.0, Avg:  0.0, Max:  0.0, Diff:  0.0, Sum:  0.0, Workers: 4
[209.116s][debug][gc,phases      ] GC(16)     Dead                           Min: 0, Avg:  0.0, Max: 0, Diff: 0, Sum: 0, Workers: 4
[209.116s][debug][gc,phases      ] GC(16)     Total                          Min: 0, Avg:  0.0, Max: 0, Diff: 0, Sum: 0, Workers: 4
[209.116s][debug][gc,phases      ] GC(16)   StringTable Weak               Min:  0.0, Avg:  0.2, Max:  0.3, Diff:  0.3, Sum:  1.0, Workers: 4
[209.116s][debug][gc,phases      ] GC(16)     Dead                           Min: 0, Avg:  0.5, Max: 2, Diff: 2, Sum: 2, Workers: 4
[209.116s][debug][gc,phases      ] GC(16)     Total                          Min: 0, Avg: 10585.5, Max: 17792, Diff: 17792, Sum: 42342, Workers: 4
[209.116s][debug][gc,phases      ] GC(16)   ResolvedMethodTable Weak       Min:  0.0, Avg:  0.1, Max:  0.1, Diff:  0.1, Sum:  0.2, Workers: 4
[209.116s][debug][gc,phases      ] GC(16)     Dead                           Min: 0, Avg:  0.2, Max: 1, Diff: 1, Sum: 1, Workers: 4
[209.116s][debug][gc,phases      ] GC(16)     Total                          Min: 0, Avg: 2013.5, Max: 3491, Diff: 3491, Sum: 8054, Workers: 4
[209.116s][debug][gc,phases      ] GC(16)   JNI Weak                       Min:  0.0, Avg:  0.0, Max:  0.0, Diff:  0.0, Sum:  0.0, Workers: 4
[209.116s][debug][gc,phases      ] GC(16)     Dead                           Min: 0, Avg:  0.0, Max: 0, Diff: 0, Sum: 0, Workers: 4
[209.116s][debug][gc,phases      ] GC(16)     Total                          Min: 0, Avg: 11.2, Max: 45, Diff: 45, Sum: 45, Workers: 4
[209.116s][debug][gc,phases      ] GC(16)   StringDedup Table Weak         Min:  0.0, Avg:  0.0, Max:  0.0, Diff:  0.0, Sum:  0.0, Workers: 4
[209.116s][debug][gc,phases      ] GC(16)     Dead                           Min: 0, Avg:  0.0, Max: 0, Diff: 0, Sum: 0, Workers: 4
[209.116s][debug][gc,phases      ] GC(16)     Total                          Min: 0, Avg:  0.0, Max: 0, Diff: 0, Sum: 0, Workers: 4
[209.116s][debug][gc,phases      ] GC(16)   StringDedup Requests0 Weak     Min:  0.0, Avg:  0.0, Max:  0.0, Diff:  0.0, Sum:  0.0, Workers: 4
[209.116s][debug][gc,phases      ] GC(16)     Dead                           Min: 0, Avg:  0.0, Max: 0, Diff: 0, Sum: 0, Workers: 4
[209.116s][debug][gc,phases      ] GC(16)     Total                          Min: 0, Avg:  0.0, Max: 0, Diff: 0, Sum: 0, Workers: 4
[209.116s][debug][gc,phases      ] GC(16)   StringDedup Requests1 Weak     Min:  0.0, Avg:  0.0, Max:  0.0, Diff:  0.0, Sum:  0.0, Workers: 4
[209.116s][debug][gc,phases      ] GC(16)     Dead                           Min: 0, Avg:  0.0, Max: 0, Diff: 0, Sum: 0, Workers: 4
[209.116s][debug][gc,phases      ] GC(16)     Total                          Min: 0, Avg:  0.0, Max: 0, Diff: 0, Sum: 0, Workers: 4
[209.116s][debug][gc,phases      ] GC(16)   Weak JFR Old Object Samples    Min:  0.0, Avg:  0.0, Max:  0.0, Diff:  0.0, Sum:  0.0, Workers: 4
[209.116s][debug][gc,phases      ] GC(16)     Dead                           Min: 0, Avg:  0.0, Max: 0, Diff: 0, Sum: 0, Workers: 4
[209.116s][debug][gc,phases      ] GC(16)     Total                          Min: 0, Avg:  0.0, Max: 0, Diff: 0, Sum: 0, Workers: 4
[209.116s][debug][gc,phases      ] GC(16) Weak Processing 0.566ms
[209.116s][debug][gc,age         ] GC(16) Desired survivor size 372768768 bytes, new threshold 15 (max threshold 15)
[209.116s][info ][gc,heap        ] GC(16) PSYoungGen: 1635338K(1635840K)->227091K(1733120K) Eden: 1353728K(1353728K)->0K(1357312K) From: 281610K(282112K)->227091K(375808K)
[209.116s][info ][gc,heap        ] GC(16) ParOldGen: 6278K(18944K)->6286K(18944K)
[209.116s][info ][gc,metaspace   ] GC(16) Metaspace: 76762K(77632K)->76762K(77632K) NonClass: 65806K(66304K)->65806K(66304K) Class: 10956K(11328K)->10956K(11328K)
[209.116s][info ][gc             ] GC(16) Pause Young (Allocation Failure) 1603M->227M(1711M) 75.671ms
[209.116s][info ][gc,cpu         ] GC(16) User=0.27s Sys=0.00s Real=0.08s
[209.116s][info ][safepoint      ] Safepoint "ParallelGCFailedAllocation", Time since last: 1825389118 ns, Reaching safepoint: 35000 ns, At safepoint: 75747336 ns, Total: 75782336 ns
[210.117s][info ][safepoint      ] Safepoint "Cleanup", Time since last: 1000081363 ns, Reaching safepoint: 50000 ns, At safepoint: 5200 ns, Total: 55200 ns
[211.117s][info ][safepoint      ] Safepoint "Cleanup", Time since last: 1000103463 ns, Reaching safepoint: 53200 ns, At safepoint: 28000 ns, Total: 81200 ns
[213.117s][info ][safepoint      ] Safepoint "Cleanup", Time since last: 2000114368 ns, Reaching safepoint: 36600 ns, At safepoint: 2600 ns, Total: 39200 ns
[214.117s][info ][safepoint      ] Safepoint "Cleanup", Time since last: 1000102299 ns, Reaching safepoint: 48500 ns, At safepoint: 3200 ns, Total: 51700 ns
[215.117s][info ][safepoint      ] Safepoint "Cleanup", Time since last: 1000126498 ns, Reaching safepoint: 41201 ns, At safepoint: 3200 ns, Total: 44401 ns
[224.118s][info ][safepoint      ] Safepoint "Cleanup", Time since last: 9000561930 ns, Reaching safepoint: 58901 ns, At safepoint: 5500 ns, Total: 64401 ns
[226.118s][info ][safepoint      ] Safepoint "Cleanup", Time since last: 2000155695 ns, Reaching safepoint: 39801 ns, At safepoint: 2600 ns, Total: 42401 ns
[227.118s][info ][safepoint      ] Safepoint "Cleanup", Time since last: 1000109248 ns, Reaching safepoint: 43500 ns, At safepoint: 4300 ns, Total: 47800 ns
[230.118s][info ][safepoint      ] Safepoint "Cleanup", Time since last: 3000232381 ns, Reaching safepoint: 52400 ns, At safepoint: 14900 ns, Total: 67300 ns
[232.119s][info ][safepoint      ] Safepoint "Cleanup", Time since last: 2000170530 ns, Reaching safepoint: 45601 ns, At safepoint: 3400 ns, Total: 49001 ns
[235.119s][info ][safepoint      ] Safepoint "Cleanup", Time since last: 3000499296 ns, Reaching safepoint: 40500 ns, At safepoint: 2800 ns, Total: 43300 ns
[239.241s][info ][gc,start       ] GC(17) Pause Young (Allocation Failure)
[239.315s][debug][gc,phases      ] GC(17) Scavenge 74.177ms
[239.315s][debug][gc,ref         ] GC(17) Skipped phase 1 of Reference Processing: no references
[239.315s][debug][gc,ref         ] GC(17) ReferenceProcessor::execute queues: 4, RefProcThreadModel::Multi, marks_oops_alive: false
[239.316s][debug][gc,ref         ] GC(17) Skipped phase 3 of Reference Processing: no references
[239.316s][debug][gc,ref         ] GC(17) ReferenceProcessor::execute queues: 1, RefProcThreadModel::Single, marks_oops_alive: false
[239.316s][debug][gc,phases      ] GC(17) Reference Processing 0.419ms
[239.316s][debug][gc,phases      ] GC(17)   VM Weak                        Min:  0.0, Avg:  0.0, Max:  0.0, Diff:  0.0, Sum:  0.0, Workers: 4
[239.316s][debug][gc,phases      ] GC(17)     Dead                           Min: 0, Avg:  0.0, Max: 0, Diff: 0, Sum: 0, Workers: 4
[239.316s][debug][gc,phases      ] GC(17)     Total                          Min: 0, Avg: 168.0, Max: 512, Diff: 512, Sum: 672, Workers: 4
[239.316s][debug][gc,phases      ] GC(17)   ObjectSynchronizer Weak        Min:  0.0, Avg:  0.0, Max:  0.0, Diff:  0.0, Sum:  0.0, Workers: 4
[239.316s][debug][gc,phases      ] GC(17)     Dead                           Min: 0, Avg:  0.0, Max: 0, Diff: 0, Sum: 0, Workers: 4
[239.316s][debug][gc,phases      ] GC(17)     Total                          Min: 0, Avg:  6.5, Max: 26, Diff: 26, Sum: 26, Workers: 4
[239.316s][debug][gc,phases      ] GC(17)   JVMTI Tag Weak OopStorage      Min:  0.0, Avg:  0.0, Max:  0.0, Diff:  0.0, Sum:  0.0, Workers: 4
[239.316s][debug][gc,phases      ] GC(17)     Dead                           Min: 0, Avg:  0.0, Max: 0, Diff: 0, Sum: 0, Workers: 4
[239.316s][debug][gc,phases      ] GC(17)     Total                          Min: 0, Avg:  0.0, Max: 0, Diff: 0, Sum: 0, Workers: 4
[239.316s][debug][gc,phases      ] GC(17)   StringTable Weak               Min:  0.0, Avg:  0.2, Max:  0.3, Diff:  0.3, Sum:  1.0, Workers: 4
[239.316s][debug][gc,phases      ] GC(17)     Dead                           Min: 0, Avg:  0.0, Max: 0, Diff: 0, Sum: 0, Workers: 4
[239.316s][debug][gc,phases      ] GC(17)     Total                          Min: 0, Avg: 10586.2, Max: 17856, Diff: 17856, Sum: 42345, Workers: 4
[239.316s][debug][gc,phases      ] GC(17)   ResolvedMethodTable Weak       Min:  0.0, Avg:  0.1, Max:  0.1, Diff:  0.1, Sum:  0.2, Workers: 4
[239.316s][debug][gc,phases      ] GC(17)     Dead                           Min: 0, Avg:  0.0, Max: 0, Diff: 0, Sum: 0, Workers: 4
[239.316s][debug][gc,phases      ] GC(17)     Total                          Min: 0, Avg: 2013.5, Max: 3274, Diff: 3274, Sum: 8054, Workers: 4
[239.316s][debug][gc,phases      ] GC(17)   JNI Weak                       Min:  0.0, Avg:  0.0, Max:  0.0, Diff:  0.0, Sum:  0.0, Workers: 4
[239.316s][debug][gc,phases      ] GC(17)     Dead                           Min: 0, Avg:  0.0, Max: 0, Diff: 0, Sum: 0, Workers: 4
[239.316s][debug][gc,phases      ] GC(17)     Total                          Min: 0, Avg: 11.2, Max: 45, Diff: 45, Sum: 45, Workers: 4
[239.316s][debug][gc,phases      ] GC(17)   StringDedup Table Weak         Min:  0.0, Avg:  0.0, Max:  0.0, Diff:  0.0, Sum:  0.0, Workers: 4
[239.316s][debug][gc,phases      ] GC(17)     Dead                           Min: 0, Avg:  0.0, Max: 0, Diff: 0, Sum: 0, Workers: 4
[239.316s][debug][gc,phases      ] GC(17)     Total                          Min: 0, Avg:  0.0, Max: 0, Diff: 0, Sum: 0, Workers: 4
[239.316s][debug][gc,phases      ] GC(17)   StringDedup Requests0 Weak     Min:  0.0, Avg:  0.0, Max:  0.0, Diff:  0.0, Sum:  0.0, Workers: 4
[239.316s][debug][gc,phases      ] GC(17)     Dead                           Min: 0, Avg:  0.0, Max: 0, Diff: 0, Sum: 0, Workers: 4
[239.316s][debug][gc,phases      ] GC(17)     Total                          Min: 0, Avg:  0.0, Max: 0, Diff: 0, Sum: 0, Workers: 4
[239.316s][debug][gc,phases      ] GC(17)   StringDedup Requests1 Weak     Min:  0.0, Avg:  0.0, Max:  0.0, Diff:  0.0, Sum:  0.0, Workers: 4
[239.316s][debug][gc,phases      ] GC(17)     Dead                           Min: 0, Avg:  0.0, Max: 0, Diff: 0, Sum: 0, Workers: 4
[239.316s][debug][gc,phases      ] GC(17)     Total                          Min: 0, Avg:  0.0, Max: 0, Diff: 0, Sum: 0, Workers: 4
[239.316s][debug][gc,phases      ] GC(17)   Weak JFR Old Object Samples    Min:  0.0, Avg:  0.0, Max:  0.0, Diff:  0.0, Sum:  0.0, Workers: 4
[239.316s][debug][gc,phases      ] GC(17)     Dead                           Min: 0, Avg:  0.0, Max: 0, Diff: 0, Sum: 0, Workers: 4
[239.316s][debug][gc,phases      ] GC(17)     Total                          Min: 0, Avg:  0.0, Max: 0, Diff: 0, Sum: 0, Workers: 4
[239.316s][debug][gc,phases      ] GC(17) Weak Processing 0.579ms
[239.316s][debug][gc,age         ] GC(17) Desired survivor size 361234432 bytes, new threshold 15 (max threshold 15)
[239.316s][info ][gc,heap        ] GC(17) PSYoungGen: 1584403K(1733120K)->226979K(1721344K) Eden: 1357312K(1357312K)->0K(1357312K) From: 227091K(375808K)->226979K(364032K)
[239.316s][info ][gc,heap        ] GC(17) ParOldGen: 6286K(18944K)->6294K(18944K)
[239.316s][info ][gc,metaspace   ] GC(17) Metaspace: 76762K(77632K)->76762K(77632K) NonClass: 65806K(66304K)->65806K(66304K) Class: 10956K(11328K)->10956K(11328K)
[239.316s][info ][gc             ] GC(17) Pause Young (Allocation Failure) 1553M->227M(1699M) 75.298ms
[239.316s][info ][gc,cpu         ] GC(17) User=0.27s Sys=0.00s Real=0.08s
[239.316s][info ][safepoint      ] Safepoint "ParallelGCFailedAllocation", Time since last: 4121562409 ns, Reaching safepoint: 34100 ns, At safepoint: 75362919 ns, Total: 75397019 ns
[250.317s][info ][safepoint      ] Safepoint "Cleanup", Time since last: 11000559073 ns, Reaching safepoint: 54400 ns, At safepoint: 2700 ns, Total: 57100 ns
[268.318s][info ][safepoint      ] Safepoint "Cleanup", Time since last: 18001099506 ns, Reaching safepoint: 40700 ns, At safepoint: 2600 ns, Total: 43300 ns
[269.540s][info ][gc,start       ] GC(18) Pause Young (Allocation Failure)
[269.615s][debug][gc,phases      ] GC(18) Scavenge 74.293ms
[269.615s][debug][gc,ref         ] GC(18) Skipped phase 1 of Reference Processing: no references
[269.615s][debug][gc,ref         ] GC(18) ReferenceProcessor::execute queues: 4, RefProcThreadModel::Multi, marks_oops_alive: false
[269.615s][debug][gc,ref         ] GC(18) Skipped phase 3 of Reference Processing: no references
[269.615s][debug][gc,ref         ] GC(18) ReferenceProcessor::execute queues: 1, RefProcThreadModel::Single, marks_oops_alive: false
[269.615s][debug][gc,phases      ] GC(18) Reference Processing 0.468ms
[269.616s][debug][gc,phases      ] GC(18)   VM Weak                        Min:  0.0, Avg:  0.0, Max:  0.0, Diff:  0.0, Sum:  0.0, Workers: 4
[269.616s][debug][gc,phases      ] GC(18)     Dead                           Min: 0, Avg:  0.0, Max: 0, Diff: 0, Sum: 0, Workers: 4
[269.616s][debug][gc,phases      ] GC(18)     Total                          Min: 0, Avg: 168.0, Max: 320, Diff: 320, Sum: 672, Workers: 4
[269.616s][debug][gc,phases      ] GC(18)   ObjectSynchronizer Weak        Min:  0.0, Avg:  0.0, Max:  0.0, Diff:  0.0, Sum:  0.0, Workers: 4
[269.616s][debug][gc,phases      ] GC(18)     Dead                           Min: 0, Avg:  0.0, Max: 0, Diff: 0, Sum: 0, Workers: 4
[269.616s][debug][gc,phases      ] GC(18)     Total                          Min: 0, Avg:  6.5, Max: 26, Diff: 26, Sum: 26, Workers: 4
[269.616s][debug][gc,phases      ] GC(18)   JVMTI Tag Weak OopStorage      Min:  0.0, Avg:  0.0, Max:  0.0, Diff:  0.0, Sum:  0.0, Workers: 4
[269.616s][debug][gc,phases      ] GC(18)     Dead                           Min: 0, Avg:  0.0, Max: 0, Diff: 0, Sum: 0, Workers: 4
[269.616s][debug][gc,phases      ] GC(18)     Total                          Min: 0, Avg:  0.0, Max: 0, Diff: 0, Sum: 0, Workers: 4
[269.616s][debug][gc,phases      ] GC(18)   StringTable Weak               Min:  0.0, Avg:  0.3, Max:  0.4, Diff:  0.4, Sum:  1.2, Workers: 4
[269.616s][debug][gc,phases      ] GC(18)     Dead                           Min: 0, Avg:  0.0, Max: 0, Diff: 0, Sum: 0, Workers: 4
[269.616s][debug][gc,phases      ] GC(18)     Total                          Min: 0, Avg: 10586.8, Max: 15275, Diff: 15275, Sum: 42347, Workers: 4
[269.616s][debug][gc,phases      ] GC(18)   ResolvedMethodTable Weak       Min:  0.0, Avg:  0.1, Max:  0.1, Diff:  0.1, Sum:  0.3, Workers: 4
[269.616s][debug][gc,phases      ] GC(18)     Dead                           Min: 0, Avg:  0.0, Max: 0, Diff: 0, Sum: 0, Workers: 4
[269.616s][debug][gc,phases      ] GC(18)     Total                          Min: 0, Avg: 2013.5, Max: 2775, Diff: 2775, Sum: 8054, Workers: 4
[269.616s][debug][gc,phases      ] GC(18)   JNI Weak                       Min:  0.0, Avg:  0.0, Max:  0.0, Diff:  0.0, Sum:  0.0, Workers: 4
[269.616s][debug][gc,phases      ] GC(18)     Dead                           Min: 0, Avg:  0.0, Max: 0, Diff: 0, Sum: 0, Workers: 4
[269.616s][debug][gc,phases      ] GC(18)     Total                          Min: 0, Avg: 11.2, Max: 45, Diff: 45, Sum: 45, Workers: 4
[269.616s][debug][gc,phases      ] GC(18)   StringDedup Table Weak         Min:  0.0, Avg:  0.0, Max:  0.0, Diff:  0.0, Sum:  0.0, Workers: 4
[269.616s][debug][gc,phases      ] GC(18)     Dead                           Min: 0, Avg:  0.0, Max: 0, Diff: 0, Sum: 0, Workers: 4
[269.616s][debug][gc,phases      ] GC(18)     Total                          Min: 0, Avg:  0.0, Max: 0, Diff: 0, Sum: 0, Workers: 4
[269.616s][debug][gc,phases      ] GC(18)   StringDedup Requests0 Weak     Min:  0.0, Avg:  0.0, Max:  0.0, Diff:  0.0, Sum:  0.0, Workers: 4
[269.616s][debug][gc,phases      ] GC(18)     Dead                           Min: 0, Avg:  0.0, Max: 0, Diff: 0, Sum: 0, Workers: 4
[269.616s][debug][gc,phases      ] GC(18)     Total                          Min: 0, Avg:  0.0, Max: 0, Diff: 0, Sum: 0, Workers: 4
[269.616s][debug][gc,phases      ] GC(18)   StringDedup Requests1 Weak     Min:  0.0, Avg:  0.0, Max:  0.0, Diff:  0.0, Sum:  0.0, Workers: 4
[269.616s][debug][gc,phases      ] GC(18)     Dead                           Min: 0, Avg:  0.0, Max: 0, Diff: 0, Sum: 0, Workers: 4
[269.616s][debug][gc,phases      ] GC(18)     Total                          Min: 0, Avg:  0.0, Max: 0, Diff: 0, Sum: 0, Workers: 4
[269.616s][debug][gc,phases      ] GC(18)   Weak JFR Old Object Samples    Min:  0.0, Avg:  0.0, Max:  0.0, Diff:  0.0, Sum:  0.0, Workers: 4
[269.616s][debug][gc,phases      ] GC(18)     Dead                           Min: 0, Avg:  0.0, Max: 0, Diff: 0, Sum: 0, Workers: 4
[269.616s][debug][gc,phases      ] GC(18)     Total                          Min: 0, Avg:  0.0, Max: 0, Diff: 0, Sum: 0, Workers: 4
[269.616s][debug][gc,phases      ] GC(18) Weak Processing 0.687ms
[269.616s][debug][gc,age         ] GC(18) Desired survivor size 350748672 bytes, new threshold 15 (max threshold 15)
[269.616s][info ][gc,heap        ] GC(18) PSYoungGen: 1584291K(1721344K)->227114K(1754624K) Eden: 1357312K(1357312K)->0K(1401856K) From: 226979K(364032K)->227114K(352768K)
[269.616s][info ][gc,heap        ] GC(18) ParOldGen: 6294K(18944K)->6302K(18944K)
[269.616s][info ][gc,metaspace   ] GC(18) Metaspace: 76765K(77632K)->76765K(77632K) NonClass: 65809K(66304K)->65809K(66304K) Class: 10956K(11328K)->10956K(11328K)
[269.616s][info ][gc             ] GC(18) Pause Young (Allocation Failure) 1553M->227M(1732M) 75.583ms
[269.616s][info ][gc,cpu         ] GC(18) User=0.27s Sys=0.00s Real=0.08s
[269.616s][info ][safepoint      ] Safepoint "ParallelGCFailedAllocation", Time since last: 1222220261 ns, Reaching safepoint: 29100 ns, At safepoint: 75664219 ns, Total: 75693319 ns
[275.616s][info ][safepoint      ] Safepoint "Cleanup", Time since last: 6000404189 ns, Reaching safepoint: 34301 ns, At safepoint: 2600 ns, Total: 36901 ns
[278.617s][info ][safepoint      ] Safepoint "Cleanup", Time since last: 3000238795 ns, Reaching safepoint: 39500 ns, At safepoint: 3900 ns, Total: 43400 ns
[283.617s][info ][safepoint      ] Safepoint "Cleanup", Time since last: 5000368645 ns, Reaching safepoint: 44700 ns, At safepoint: 7500 ns, Total: 52200 ns
[285.617s][info ][safepoint      ] Safepoint "Cleanup", Time since last: 2000169245 ns, Reaching safepoint: 41800 ns, At safepoint: 3700 ns, Total: 45500 ns
[286.617s][info ][safepoint      ] Safepoint "Cleanup", Time since last: 1000107122 ns, Reaching safepoint: 42901 ns, At safepoint: 2700 ns, Total: 45601 ns
[290.618s][info ][safepoint      ] Safepoint "Cleanup", Time since last: 4000288187 ns, Reaching safepoint: 46700 ns, At safepoint: 6400 ns, Total: 53100 ns
[291.618s][info ][safepoint      ] Safepoint "Cleanup", Time since last: 1000110323 ns, Reaching safepoint: 54800 ns, At safepoint: 2800 ns, Total: 57600 ns
[292.618s][info ][safepoint      ] Safepoint "Cleanup", Time since last: 1000102898 ns, Reaching safepoint: 39001 ns, At safepoint: 2100 ns, Total: 41101 ns
[293.618s][info ][safepoint      ] Safepoint "Cleanup", Time since last: 1000083485 ns, Reaching safepoint: 44100 ns, At safepoint: 2500 ns, Total: 46600 ns
[296.618s][info ][safepoint      ] Safepoint "Cleanup", Time since last: 3000244255 ns, Reaching safepoint: 60601 ns, At safepoint: 2200 ns, Total: 62801 ns
[297.619s][info ][safepoint      ] Safepoint "Cleanup", Time since last: 1000072085 ns, Reaching safepoint: 45600 ns, At safepoint: 3500 ns, Total: 49100 ns
[298.619s][info ][safepoint      ] Safepoint "Cleanup", Time since last: 1000109885 ns, Reaching safepoint: 83201 ns, At safepoint: 3700 ns, Total: 86901 ns
[299.589s][info ][gc,start       ] GC(19) Pause Young (Allocation Failure)
[299.666s][debug][gc,phases      ] GC(19) Scavenge 76.950ms
[299.666s][debug][gc,ref         ] GC(19) Skipped phase 1 of Reference Processing: no references
[299.666s][debug][gc,ref         ] GC(19) ReferenceProcessor::execute queues: 4, RefProcThreadModel::Multi, marks_oops_alive: false
[299.667s][debug][gc,ref         ] GC(19) Skipped phase 3 of Reference Processing: no references
[299.667s][debug][gc,ref         ] GC(19) ReferenceProcessor::execute queues: 1, RefProcThreadModel::Single, marks_oops_alive: false
[299.667s][debug][gc,phases      ] GC(19) Reference Processing 0.402ms
[299.667s][debug][gc,phases      ] GC(19)   VM Weak                        Min:  0.0, Avg:  0.0, Max:  0.0, Diff:  0.0, Sum:  0.0, Workers: 4
[299.667s][debug][gc,phases      ] GC(19)     Dead                           Min: 0, Avg:  0.0, Max: 0, Diff: 0, Sum: 0, Workers: 4
[299.667s][debug][gc,phases      ] GC(19)     Total                          Min: 0, Avg: 168.2, Max: 353, Diff: 353, Sum: 673, Workers: 4
[299.667s][debug][gc,phases      ] GC(19)   ObjectSynchronizer Weak        Min:  0.0, Avg:  0.0, Max:  0.0, Diff:  0.0, Sum:  0.0, Workers: 4
[299.667s][debug][gc,phases      ] GC(19)     Dead                           Min: 0, Avg:  0.0, Max: 0, Diff: 0, Sum: 0, Workers: 4
[299.667s][debug][gc,phases      ] GC(19)     Total                          Min: 0, Avg:  6.5, Max: 26, Diff: 26, Sum: 26, Workers: 4
[299.667s][debug][gc,phases      ] GC(19)   JVMTI Tag Weak OopStorage      Min:  0.0, Avg:  0.0, Max:  0.0, Diff:  0.0, Sum:  0.0, Workers: 4
[299.667s][debug][gc,phases      ] GC(19)     Dead                           Min: 0, Avg:  0.0, Max: 0, Diff: 0, Sum: 0, Workers: 4
[299.667s][debug][gc,phases      ] GC(19)     Total                          Min: 0, Avg:  0.0, Max: 0, Diff: 0, Sum: 0, Workers: 4
[299.667s][debug][gc,phases      ] GC(19)   StringTable Weak               Min:  0.0, Avg:  0.3, Max:  0.4, Diff:  0.4, Sum:  1.1, Workers: 4
[299.667s][debug][gc,phases      ] GC(19)     Dead                           Min: 0, Avg:  0.2, Max: 1, Diff: 1, Sum: 1, Workers: 4
[299.667s][debug][gc,phases      ] GC(19)     Total                          Min: 0, Avg: 10593.2, Max: 18496, Diff: 18496, Sum: 42373, Workers: 4
[299.667s][debug][gc,phases      ] GC(19)   ResolvedMethodTable Weak       Min:  0.0, Avg:  0.1, Max:  0.1, Diff:  0.1, Sum:  0.2, Workers: 4
[299.667s][debug][gc,phases      ] GC(19)     Dead                           Min: 0, Avg:  0.0, Max: 0, Diff: 0, Sum: 0, Workers: 4
[299.667s][debug][gc,phases      ] GC(19)     Total                          Min: 0, Avg: 2017.5, Max: 4272, Diff: 4272, Sum: 8070, Workers: 4
[299.667s][debug][gc,phases      ] GC(19)   JNI Weak                       Min:  0.0, Avg:  0.0, Max:  0.0, Diff:  0.0, Sum:  0.0, Workers: 4
[299.667s][debug][gc,phases      ] GC(19)     Dead                           Min: 0, Avg:  0.0, Max: 0, Diff: 0, Sum: 0, Workers: 4
[299.667s][debug][gc,phases      ] GC(19)     Total                          Min: 0, Avg: 11.2, Max: 45, Diff: 45, Sum: 45, Workers: 4
[299.667s][debug][gc,phases      ] GC(19)   StringDedup Table Weak         Min:  0.0, Avg:  0.0, Max:  0.0, Diff:  0.0, Sum:  0.0, Workers: 4
[299.667s][debug][gc,phases      ] GC(19)     Dead                           Min: 0, Avg:  0.0, Max: 0, Diff: 0, Sum: 0, Workers: 4
[299.667s][debug][gc,phases      ] GC(19)     Total                          Min: 0, Avg:  0.0, Max: 0, Diff: 0, Sum: 0, Workers: 4
[299.667s][debug][gc,phases      ] GC(19)   StringDedup Requests0 Weak     Min:  0.0, Avg:  0.0, Max:  0.0, Diff:  0.0, Sum:  0.0, Workers: 4
[299.667s][debug][gc,phases      ] GC(19)     Dead                           Min: 0, Avg:  0.0, Max: 0, Diff: 0, Sum: 0, Workers: 4
[299.667s][debug][gc,phases      ] GC(19)     Total                          Min: 0, Avg:  0.0, Max: 0, Diff: 0, Sum: 0, Workers: 4
[299.667s][debug][gc,phases      ] GC(19)   StringDedup Requests1 Weak     Min:  0.0, Avg:  0.0, Max:  0.0, Diff:  0.0, Sum:  0.0, Workers: 4
[299.667s][debug][gc,phases      ] GC(19)     Dead                           Min: 0, Avg:  0.0, Max: 0, Diff: 0, Sum: 0, Workers: 4
[299.667s][debug][gc,phases      ] GC(19)     Total                          Min: 0, Avg:  0.0, Max: 0, Diff: 0, Sum: 0, Workers: 4
[299.667s][debug][gc,phases      ] GC(19)   Weak JFR Old Object Samples    Min:  0.0, Avg:  0.0, Max:  0.0, Diff:  0.0, Sum:  0.0, Workers: 4
[299.667s][debug][gc,phases      ] GC(19)     Dead                           Min: 0, Avg:  0.0, Max: 0, Diff: 0, Sum: 0, Workers: 4
[299.667s][debug][gc,phases      ] GC(19)     Total                          Min: 0, Avg:  0.0, Max: 0, Diff: 0, Sum: 0, Workers: 4
[299.667s][debug][gc,phases      ] GC(19) Weak Processing 0.598ms
[299.667s][debug][gc,age         ] GC(19) Desired survivor size 345505792 bytes, new threshold 15 (max threshold 15)
[299.667s][info ][gc,heap        ] GC(19) PSYoungGen: 1628970K(1754624K)->201955K(1744384K) Eden: 1401856K(1401856K)->0K(1401856K) From: 227114K(352768K)->201955K(342528K)
[299.667s][info ][gc,heap        ] GC(19) ParOldGen: 6302K(18944K)->31408K(31744K)
[299.667s][info ][gc,metaspace   ] GC(19) Metaspace: 76819K(77632K)->76819K(77632K) NonClass: 65853K(66304K)->65853K(66304K) Class: 10965K(11328K)->10965K(11328K)
[299.667s][info ][gc             ] GC(19) Pause Young (Allocation Failure) 1596M->227M(1734M) 78.082ms
[299.667s][info ][gc,cpu         ] GC(19) User=0.26s Sys=0.01s Real=0.08s
[299.667s][debug][gc,phases      ] GC(20) Pre Compact 0.014ms
[299.667s][info ][gc,start       ] GC(20) Pause Full (Ergonomics)
[299.667s][info ][gc,phases,start] GC(20) Marking Phase
[299.743s][debug][gc,phases      ] GC(20) Par Mark 75.129ms
[299.743s][debug][gc,ref         ] GC(20) Skipped phase 1 of Reference Processing: no references
[299.743s][debug][gc,ref         ] GC(20) ReferenceProcessor::execute queues: 4, RefProcThreadModel::Multi, marks_oops_alive: false
[299.747s][debug][gc,ref         ] GC(20) Skipped phase 3 of Reference Processing: no references
[299.747s][debug][gc,ref         ] GC(20) ReferenceProcessor::execute queues: 1, RefProcThreadModel::Single, marks_oops_alive: false
[299.747s][debug][gc,phases      ] GC(20) Reference Processing 4.019ms
[299.747s][debug][gc,phases      ] GC(20)   VM Weak                        Min:  0.0, Avg:  0.0, Max:  0.0, Diff:  0.0, Sum:  0.0, Workers: 4
[299.747s][debug][gc,phases      ] GC(20)     Dead                           Min: 0, Avg:  0.0, Max: 0, Diff: 0, Sum: 0, Workers: 4
[299.747s][debug][gc,phases      ] GC(20)     Total                          Min: 0, Avg: 168.2, Max: 353, Diff: 353, Sum: 673, Workers: 4
[299.747s][debug][gc,phases      ] GC(20)   ObjectSynchronizer Weak        Min:  0.0, Avg:  0.0, Max:  0.0, Diff:  0.0, Sum:  0.0, Workers: 4
[299.747s][debug][gc,phases      ] GC(20)     Dead                           Min: 0, Avg:  0.0, Max: 0, Diff: 0, Sum: 0, Workers: 4
[299.747s][debug][gc,phases      ] GC(20)     Total                          Min: 0, Avg:  6.5, Max: 26, Diff: 26, Sum: 26, Workers: 4
[299.747s][debug][gc,phases      ] GC(20)   JVMTI Tag Weak OopStorage      Min:  0.0, Avg:  0.0, Max:  0.0, Diff:  0.0, Sum:  0.0, Workers: 4
[299.747s][debug][gc,phases      ] GC(20)     Dead                           Min: 0, Avg:  0.0, Max: 0, Diff: 0, Sum: 0, Workers: 4
[299.747s][debug][gc,phases      ] GC(20)     Total                          Min: 0, Avg:  0.0, Max: 0, Diff: 0, Sum: 0, Workers: 4
[299.747s][debug][gc,phases      ] GC(20)   StringTable Weak               Min:  0.0, Avg:  0.1, Max:  0.2, Diff:  0.2, Sum:  0.5, Workers: 4
[299.747s][debug][gc,phases      ] GC(20)     Dead                           Min: 0, Avg:  0.0, Max: 0, Diff: 0, Sum: 0, Workers: 4
[299.747s][debug][gc,phases      ] GC(20)     Total                          Min: 0, Avg: 10593.2, Max: 14720, Diff: 14720, Sum: 42373, Workers: 4
[299.747s][debug][gc,phases      ] GC(20)   ResolvedMethodTable Weak       Min:  0.0, Avg:  0.0, Max:  0.0, Diff:  0.0, Sum:  0.1, Workers: 4
[299.747s][debug][gc,phases      ] GC(20)     Dead                           Min: 0, Avg:  0.0, Max: 0, Diff: 0, Sum: 0, Workers: 4
[299.747s][debug][gc,phases      ] GC(20)     Total                          Min: 0, Avg: 2017.5, Max: 2832, Diff: 2832, Sum: 8070, Workers: 4
[299.747s][debug][gc,phases      ] GC(20)   JNI Weak                       Min:  0.0, Avg:  0.0, Max:  0.0, Diff:  0.0, Sum:  0.0, Workers: 4
[299.747s][debug][gc,phases      ] GC(20)     Dead                           Min: 0, Avg:  0.0, Max: 0, Diff: 0, Sum: 0, Workers: 4
[299.747s][debug][gc,phases      ] GC(20)     Total                          Min: 0, Avg: 11.2, Max: 45, Diff: 45, Sum: 45, Workers: 4
[299.747s][debug][gc,phases      ] GC(20)   StringDedup Table Weak         Min:  0.0, Avg:  0.0, Max:  0.0, Diff:  0.0, Sum:  0.0, Workers: 4
[299.747s][debug][gc,phases      ] GC(20)     Dead                           Min: 0, Avg:  0.0, Max: 0, Diff: 0, Sum: 0, Workers: 4
[299.747s][debug][gc,phases      ] GC(20)     Total                          Min: 0, Avg:  0.0, Max: 0, Diff: 0, Sum: 0, Workers: 4
[299.747s][debug][gc,phases      ] GC(20)   StringDedup Requests0 Weak     Min:  0.0, Avg:  0.0, Max:  0.0, Diff:  0.0, Sum:  0.0, Workers: 4
[299.747s][debug][gc,phases      ] GC(20)     Dead                           Min: 0, Avg:  0.0, Max: 0, Diff: 0, Sum: 0, Workers: 4
[299.747s][debug][gc,phases      ] GC(20)     Total                          Min: 0, Avg:  0.0, Max: 0, Diff: 0, Sum: 0, Workers: 4
[299.747s][debug][gc,phases      ] GC(20)   StringDedup Requests1 Weak     Min:  0.0, Avg:  0.0, Max:  0.0, Diff:  0.0, Sum:  0.0, Workers: 4
[299.747s][debug][gc,phases      ] GC(20)     Dead                           Min: 0, Avg:  0.0, Max: 0, Diff: 0, Sum: 0, Workers: 4
[299.747s][debug][gc,phases      ] GC(20)     Total                          Min: 0, Avg:  0.0, Max: 0, Diff: 0, Sum: 0, Workers: 4
[299.747s][debug][gc,phases      ] GC(20)   Weak JFR Old Object Samples    Min:  0.0, Avg:  0.0, Max:  0.0, Diff:  0.0, Sum:  0.0, Workers: 4
[299.747s][debug][gc,phases      ] GC(20)     Dead                           Min: 0, Avg:  0.0, Max: 0, Diff: 0, Sum: 0, Workers: 4
[299.747s][debug][gc,phases      ] GC(20)     Total                          Min: 0, Avg:  0.0, Max: 0, Diff: 0, Sum: 0, Workers: 4
[299.747s][debug][gc,phases      ] GC(20) Weak Processing 0.448ms
[299.747s][debug][gc,phases      ] GC(20) ClassLoaderData 0.076ms
[299.747s][debug][gc,phases      ] GC(20) Trigger cleanups 0.000ms
[299.765s][debug][gc,phases      ] GC(20) Class Unloading 18.163ms
[299.765s][info ][gc,phases      ] GC(20) Marking Phase 97.933ms
[299.765s][info ][gc,phases,start] GC(20) Summary Phase
[299.765s][info ][gc,phases      ] GC(20) Summary Phase 0.009ms
[299.765s][info ][gc,phases,start] GC(20) Adjust Roots
[299.784s][info ][gc,phases      ] GC(20) Adjust Roots 18.882ms
[299.784s][info ][gc,phases,start] GC(20) Compaction Phase
[300.362s][info ][gc,phases      ] GC(20) Compaction Phase 577.362ms
[300.362s][info ][gc,phases,start] GC(20) Post Compact
[300.365s][info ][gc,phases      ] GC(20) Post Compact 2.931ms
[300.365s][info ][gc,heap        ] GC(20) PSYoungGen: 201955K(1744384K)->200339K(1744384K) Eden: 0K(1401856K)->0K(1401856K) From: 201955K(342528K)->200339K(342528K)
[300.365s][info ][gc,heap        ] GC(20) ParOldGen: 31408K(31744K)->31740K(66048K)
[300.365s][info ][gc,metaspace   ] GC(20) Metaspace: 76819K(77632K)->76819K(77632K) NonClass: 65853K(66304K)->65853K(66304K) Class: 10965K(11328K)->10965K(11328K)
[300.365s][info ][gc             ] GC(20) Pause Full (Ergonomics) 227M->226M(1768M) 697.335ms
[300.365s][info ][gc,cpu         ] GC(20) User=1.79s Sys=0.00s Real=0.70s
[300.365s][info ][safepoint      ] Safepoint "ParallelGCFailedAllocation", Time since last: 970381022 ns, Reaching safepoint: 102100 ns, At safepoint: 775556320 ns, Total: 775658420 ns
[301.365s][info ][safepoint      ] Safepoint "Cleanup", Time since last: 1000089794 ns, Reaching safepoint: 49800 ns, At safepoint: 2300 ns, Total: 52100 ns
[302.365s][info ][safepoint      ] Safepoint "Cleanup", Time since last: 1000066094 ns, Reaching safepoint: 41000 ns, At safepoint: 2400 ns, Total: 43400 ns
[303.365s][info ][safepoint      ] Safepoint "Cleanup", Time since last: 1000078494 ns, Reaching safepoint: 37500 ns, At safepoint: 2400 ns, Total: 39900 ns
[304.365s][info ][safepoint      ] Safepoint "Cleanup", Time since last: 1000090994 ns, Reaching safepoint: 45600 ns, At safepoint: 2600 ns, Total: 48200 ns
[305.365s][info ][safepoint      ] Safepoint "Cleanup", Time since last: 1000061894 ns, Reaching safepoint: 38301 ns, At safepoint: 2700 ns, Total: 41001 ns
[306.962s][info ][safepoint      ] Safepoint "Cleanup", Time since last: 1596912013 ns, Reaching safepoint: 99600 ns, At safepoint: 22600 ns, Total: 122200 ns
[308.807s][info ][safepoint      ] Safepoint "Cleanup", Time since last: 1844914104 ns, Reaching safepoint: 81601 ns, At safepoint: 3000 ns, Total: 84601 ns
[309.808s][info ][safepoint      ] Safepoint "Cleanup", Time since last: 1000106237 ns, Reaching safepoint: 48200 ns, At safepoint: 2500 ns, Total: 50700 ns
[310.808s][info ][safepoint      ] Safepoint "Cleanup", Time since last: 1000104437 ns, Reaching safepoint: 58400 ns, At safepoint: 3900 ns, Total: 62300 ns
[311.808s][info ][safepoint      ] Safepoint "Cleanup", Time since last: 1000101337 ns, Reaching safepoint: 95101 ns, At safepoint: 6200 ns, Total: 101301 ns
[312.808s][info ][safepoint      ] Safepoint "Cleanup", Time since last: 1000092937 ns, Reaching safepoint: 91300 ns, At safepoint: 17600 ns, Total: 108900 ns
[313.808s][info ][safepoint      ] Safepoint "Cleanup", Time since last: 1000104337 ns, Reaching safepoint: 47900 ns, At safepoint: 2700 ns, Total: 50600 ns
[313.846s][info ][gc,start       ] GC(21) Pause Young (Allocation Failure)
[313.936s][debug][gc,phases      ] GC(21) Scavenge 89.549ms
[313.936s][debug][gc,ref         ] GC(21) Skipped phase 1 of Reference Processing: no references
[313.936s][debug][gc,ref         ] GC(21) ReferenceProcessor::execute queues: 4, RefProcThreadModel::Multi, marks_oops_alive: false
[313.937s][debug][gc,ref         ] GC(21) Skipped phase 3 of Reference Processing: no references
[313.937s][debug][gc,ref         ] GC(21) ReferenceProcessor::execute queues: 1, RefProcThreadModel::Single, marks_oops_alive: false
[313.937s][debug][gc,phases      ] GC(21) Reference Processing 0.441ms
[313.937s][debug][gc,phases      ] GC(21)   VM Weak                        Min:  0.0, Avg:  0.0, Max:  0.0, Diff:  0.0, Sum:  0.0, Workers: 4
[313.937s][debug][gc,phases      ] GC(21)     Dead                           Min: 0, Avg:  0.0, Max: 0, Diff: 0, Sum: 0, Workers: 4
[313.937s][debug][gc,phases      ] GC(21)     Total                          Min: 0, Avg: 169.0, Max: 612, Diff: 612, Sum: 676, Workers: 4
[313.937s][debug][gc,phases      ] GC(21)   ObjectSynchronizer Weak        Min:  0.0, Avg:  0.0, Max:  0.0, Diff:  0.0, Sum:  0.0, Workers: 4
[313.937s][debug][gc,phases      ] GC(21)     Dead                           Min: 0, Avg:  0.0, Max: 0, Diff: 0, Sum: 0, Workers: 4
[313.937s][debug][gc,phases      ] GC(21)     Total                          Min: 0, Avg:  6.5, Max: 26, Diff: 26, Sum: 26, Workers: 4
[313.937s][debug][gc,phases      ] GC(21)   JVMTI Tag Weak OopStorage      Min:  0.0, Avg:  0.0, Max:  0.0, Diff:  0.0, Sum:  0.0, Workers: 4
[313.937s][debug][gc,phases      ] GC(21)     Dead                           Min: 0, Avg:  0.0, Max: 0, Diff: 0, Sum: 0, Workers: 4
[313.937s][debug][gc,phases      ] GC(21)     Total                          Min: 0, Avg:  0.0, Max: 0, Diff: 0, Sum: 0, Workers: 4
[313.937s][debug][gc,phases      ] GC(21)   StringTable Weak               Min:  0.3, Avg:  0.3, Max:  0.3, Diff:  0.0, Sum:  1.0, Workers: 4
[313.937s][debug][gc,phases      ] GC(21)     Dead                           Min: 0, Avg:  0.5, Max: 2, Diff: 2, Sum: 2, Workers: 4
[313.937s][debug][gc,phases      ] GC(21)     Total                          Min: 9054, Avg: 10599.0, Max: 11776, Diff: 2722, Sum: 42396, Workers: 4
[313.937s][debug][gc,phases      ] GC(21)   ResolvedMethodTable Weak       Min:  0.1, Avg:  0.1, Max:  0.1, Diff:  0.0, Sum:  0.3, Workers: 4
[313.937s][debug][gc,phases      ] GC(21)     Dead                           Min: 0, Avg:  0.0, Max: 0, Diff: 0, Sum: 0, Workers: 4
[313.937s][debug][gc,phases      ] GC(21)     Total                          Min: 1775, Avg: 2024.5, Max: 2311, Diff: 536, Sum: 8098, Workers: 4
[313.937s][debug][gc,phases      ] GC(21)   JNI Weak                       Min:  0.0, Avg:  0.0, Max:  0.0, Diff:  0.0, Sum:  0.0, Workers: 4
[313.937s][debug][gc,phases      ] GC(21)     Dead                           Min: 0, Avg:  0.0, Max: 0, Diff: 0, Sum: 0, Workers: 4
[313.937s][debug][gc,phases      ] GC(21)     Total                          Min: 0, Avg: 11.2, Max: 45, Diff: 45, Sum: 45, Workers: 4
[313.937s][debug][gc,phases      ] GC(21)   StringDedup Table Weak         Min:  0.0, Avg:  0.0, Max:  0.0, Diff:  0.0, Sum:  0.0, Workers: 4
[313.937s][debug][gc,phases      ] GC(21)     Dead                           Min: 0, Avg:  0.0, Max: 0, Diff: 0, Sum: 0, Workers: 4
[313.937s][debug][gc,phases      ] GC(21)     Total                          Min: 0, Avg:  0.0, Max: 0, Diff: 0, Sum: 0, Workers: 4
[313.937s][debug][gc,phases      ] GC(21)   StringDedup Requests0 Weak     Min:  0.0, Avg:  0.0, Max:  0.0, Diff:  0.0, Sum:  0.0, Workers: 4
[313.937s][debug][gc,phases      ] GC(21)     Dead                           Min: 0, Avg:  0.0, Max: 0, Diff: 0, Sum: 0, Workers: 4
[313.937s][debug][gc,phases      ] GC(21)     Total                          Min: 0, Avg:  0.0, Max: 0, Diff: 0, Sum: 0, Workers: 4
[313.937s][debug][gc,phases      ] GC(21)   StringDedup Requests1 Weak     Min:  0.0, Avg:  0.0, Max:  0.0, Diff:  0.0, Sum:  0.0, Workers: 4
[313.937s][debug][gc,phases      ] GC(21)     Dead                           Min: 0, Avg:  0.0, Max: 0, Diff: 0, Sum: 0, Workers: 4
[313.937s][debug][gc,phases      ] GC(21)     Total                          Min: 0, Avg:  0.0, Max: 0, Diff: 0, Sum: 0, Workers: 4
[313.937s][debug][gc,phases      ] GC(21)   Weak JFR Old Object Samples    Min:  0.0, Avg:  0.0, Max:  0.0, Diff:  0.0, Sum:  0.0, Workers: 4
[313.937s][debug][gc,phases      ] GC(21)     Dead                           Min: 0, Avg:  0.0, Max: 0, Diff: 0, Sum: 0, Workers: 4
[313.937s][debug][gc,phases      ] GC(21)     Total                          Min: 0, Avg:  0.0, Max: 0, Diff: 0, Sum: 0, Workers: 4
[313.937s][debug][gc,phases      ] GC(21) Weak Processing 0.489ms
[313.937s][debug][gc,age         ] GC(21) Desired survivor size 345505792 bytes, new threshold 15 (max threshold 15)
[313.937s][info ][gc,heap        ] GC(21) PSYoungGen: 1602195K(1744384K)->169785K(1759744K) Eden: 1401856K(1401856K)->0K(1422336K) From: 200339K(342528K)->169785K(337408K)
[313.937s][info ][gc,heap        ] GC(21) ParOldGen: 31740K(66048K)->85890K(86016K)
[313.937s][info ][gc,metaspace   ] GC(21) Metaspace: 76871K(77696K)->76871K(77696K) NonClass: 65893K(66368K)->65893K(66368K) Class: 10978K(11328K)->10978K(11328K)
[313.937s][info ][gc             ] GC(21) Pause Young (Allocation Failure) 1595M->249M(1802M) 90.626ms
[313.937s][info ][gc,cpu         ] GC(21) User=0.30s Sys=0.03s Real=0.09s
[313.937s][debug][gc,phases      ] GC(22) Pre Compact 0.009ms
[313.937s][info ][gc,start       ] GC(22) Pause Full (Ergonomics)
[313.937s][info ][gc,phases,start] GC(22) Marking Phase
[314.022s][debug][gc,phases      ] GC(22) Par Mark 84.689ms
[314.022s][debug][gc,ref         ] GC(22) Skipped phase 1 of Reference Processing: no references
[314.022s][debug][gc,ref         ] GC(22) ReferenceProcessor::execute queues: 4, RefProcThreadModel::Multi, marks_oops_alive: false
[314.022s][debug][gc,ref         ] GC(22) Skipped phase 3 of Reference Processing: no references
[314.022s][debug][gc,ref         ] GC(22) ReferenceProcessor::execute queues: 1, RefProcThreadModel::Single, marks_oops_alive: false
[314.022s][debug][gc,phases      ] GC(22) Reference Processing 0.448ms
[314.023s][debug][gc,phases      ] GC(22)   VM Weak                        Min:  0.0, Avg:  0.0, Max:  0.0, Diff:  0.0, Sum:  0.0, Workers: 4
[314.023s][debug][gc,phases      ] GC(22)     Dead                           Min: 0, Avg:  0.0, Max: 0, Diff: 0, Sum: 0, Workers: 4
[314.023s][debug][gc,phases      ] GC(22)     Total                          Min: 0, Avg: 169.0, Max: 676, Diff: 676, Sum: 676, Workers: 4
[314.023s][debug][gc,phases      ] GC(22)   ObjectSynchronizer Weak        Min:  0.0, Avg:  0.0, Max:  0.0, Diff:  0.0, Sum:  0.0, Workers: 4
[314.023s][debug][gc,phases      ] GC(22)     Dead                           Min: 0, Avg:  0.0, Max: 0, Diff: 0, Sum: 0, Workers: 4
[314.023s][debug][gc,phases      ] GC(22)     Total                          Min: 0, Avg:  6.5, Max: 26, Diff: 26, Sum: 26, Workers: 4
[314.023s][debug][gc,phases      ] GC(22)   JVMTI Tag Weak OopStorage      Min:  0.0, Avg:  0.0, Max:  0.0, Diff:  0.0, Sum:  0.0, Workers: 4
[314.023s][debug][gc,phases      ] GC(22)     Dead                           Min: 0, Avg:  0.0, Max: 0, Diff: 0, Sum: 0, Workers: 4
[314.023s][debug][gc,phases      ] GC(22)     Total                          Min: 0, Avg:  0.0, Max: 0, Diff: 0, Sum: 0, Workers: 4
[314.023s][debug][gc,phases      ] GC(22)   StringTable Weak               Min:  0.0, Avg:  0.1, Max:  0.2, Diff:  0.2, Sum:  0.5, Workers: 4
[314.023s][debug][gc,phases      ] GC(22)     Dead                           Min: 0, Avg:  0.0, Max: 0, Diff: 0, Sum: 0, Workers: 4
[314.023s][debug][gc,phases      ] GC(22)     Total                          Min: 0, Avg: 10599.0, Max: 15262, Diff: 15262, Sum: 42396, Workers: 4
[314.023s][debug][gc,phases      ] GC(22)   ResolvedMethodTable Weak       Min:  0.0, Avg:  0.0, Max:  0.0, Diff:  0.0, Sum:  0.1, Workers: 4
[314.023s][debug][gc,phases      ] GC(22)     Dead                           Min: 0, Avg:  0.0, Max: 0, Diff: 0, Sum: 0, Workers: 4
[314.023s][debug][gc,phases      ] GC(22)     Total                          Min: 0, Avg: 2024.5, Max: 3168, Diff: 3168, Sum: 8098, Workers: 4
[314.023s][debug][gc,phases      ] GC(22)   JNI Weak                       Min:  0.0, Avg:  0.0, Max:  0.0, Diff:  0.0, Sum:  0.0, Workers: 4
[314.023s][debug][gc,phases      ] GC(22)     Dead                           Min: 0, Avg:  0.0, Max: 0, Diff: 0, Sum: 0, Workers: 4
[314.023s][debug][gc,phases      ] GC(22)     Total                          Min: 0, Avg: 11.2, Max: 45, Diff: 45, Sum: 45, Workers: 4
[314.023s][debug][gc,phases      ] GC(22)   StringDedup Table Weak         Min:  0.0, Avg:  0.0, Max:  0.0, Diff:  0.0, Sum:  0.0, Workers: 4
[314.023s][debug][gc,phases      ] GC(22)     Dead                           Min: 0, Avg:  0.0, Max: 0, Diff: 0, Sum: 0, Workers: 4
[314.023s][debug][gc,phases      ] GC(22)     Total                          Min: 0, Avg:  0.0, Max: 0, Diff: 0, Sum: 0, Workers: 4
[314.023s][debug][gc,phases      ] GC(22)   StringDedup Requests0 Weak     Min:  0.0, Avg:  0.0, Max:  0.0, Diff:  0.0, Sum:  0.0, Workers: 4
[314.023s][debug][gc,phases      ] GC(22)     Dead                           Min: 0, Avg:  0.0, Max: 0, Diff: 0, Sum: 0, Workers: 4
[314.023s][debug][gc,phases      ] GC(22)     Total                          Min: 0, Avg:  0.0, Max: 0, Diff: 0, Sum: 0, Workers: 4
[314.023s][debug][gc,phases      ] GC(22)   StringDedup Requests1 Weak     Min:  0.0, Avg:  0.0, Max:  0.0, Diff:  0.0, Sum:  0.0, Workers: 4
[314.023s][debug][gc,phases      ] GC(22)     Dead                           Min: 0, Avg:  0.0, Max: 0, Diff: 0, Sum: 0, Workers: 4
[314.023s][debug][gc,phases      ] GC(22)     Total                          Min: 0, Avg:  0.0, Max: 0, Diff: 0, Sum: 0, Workers: 4
[314.023s][debug][gc,phases      ] GC(22)   Weak JFR Old Object Samples    Min:  0.0, Avg:  0.0, Max:  0.0, Diff:  0.0, Sum:  0.0, Workers: 4
[314.023s][debug][gc,phases      ] GC(22)     Dead                           Min: 0, Avg:  0.0, Max: 0, Diff: 0, Sum: 0, Workers: 4
[314.023s][debug][gc,phases      ] GC(22)     Total                          Min: 0, Avg:  0.0, Max: 0, Diff: 0, Sum: 0, Workers: 4
[314.023s][debug][gc,phases      ] GC(22) Weak Processing 0.393ms
[314.023s][debug][gc,phases      ] GC(22) ClassLoaderData 0.077ms
[314.023s][debug][gc,phases      ] GC(22) Trigger cleanups 0.000ms
[314.038s][debug][gc,phases      ] GC(22) Class Unloading 15.280ms
[314.038s][info ][gc,phases      ] GC(22) Marking Phase 100.975ms
[314.038s][info ][gc,phases,start] GC(22) Summary Phase
[314.038s][info ][gc,phases      ] GC(22) Summary Phase 0.008ms
[314.038s][info ][gc,phases,start] GC(22) Adjust Roots
[314.054s][info ][gc,phases      ] GC(22) Adjust Roots 15.878ms
[314.054s][info ][gc,phases,start] GC(22) Compaction Phase
[314.342s][info ][gc,phases      ] GC(22) Compaction Phase 287.562ms
[314.342s][info ][gc,phases,start] GC(22) Post Compact
[314.344s][info ][gc,phases      ] GC(22) Post Compact 2.051ms
[314.344s][info ][gc,heap        ] GC(22) PSYoungGen: 169785K(1759744K)->168435K(1759744K) Eden: 0K(1422336K)->0K(1422336K) From: 169785K(337408K)->168435K(337408K)
[314.344s][info ][gc,heap        ] GC(22) ParOldGen: 85890K(86016K)->85605K(153088K)
[314.344s][info ][gc,metaspace   ] GC(22) Metaspace: 76871K(77696K)->76871K(77696K) NonClass: 65893K(66368K)->65893K(66368K) Class: 10978K(11328K)->10978K(11328K)
[314.344s][info ][gc             ] GC(22) Pause Full (Ergonomics) 249M->248M(1868M) 406.708ms
[314.344s][info ][gc,cpu         ] GC(22) User=1.27s Sys=0.00s Real=0.41s
[314.344s][info ][safepoint      ] Safepoint "ParallelGCFailedAllocation", Time since last: 38057403 ns, Reaching safepoint: 32901 ns, At safepoint: 497653355 ns, Total: 497686256 ns
[315.344s][info ][safepoint      ] Safepoint "Cleanup", Time since last: 1000092537 ns, Reaching safepoint: 122001 ns, At safepoint: 9200 ns, Total: 131201 ns
[316.345s][info ][safepoint      ] Safepoint "Cleanup", Time since last: 1000104154 ns, Reaching safepoint: 126501 ns, At safepoint: 11800 ns, Total: 138301 ns
[317.345s][info ][safepoint      ] Safepoint "Cleanup", Time since last: 1000095637 ns, Reaching safepoint: 110800 ns, At safepoint: 6900 ns, Total: 117700 ns
[318.345s][info ][safepoint      ] Safepoint "Cleanup", Time since last: 1000110737 ns, Reaching safepoint: 102100 ns, At safepoint: 2200 ns, Total: 104300 ns
[319.345s][info ][safepoint      ] Safepoint "Cleanup", Time since last: 1000074237 ns, Reaching safepoint: 43000 ns, At safepoint: 3100 ns, Total: 46100 ns
[320.345s][info ][safepoint      ] Safepoint "Cleanup", Time since last: 1000096778 ns, Reaching safepoint: 95001 ns, At safepoint: 6200 ns, Total: 101201 ns
[321.345s][info ][safepoint      ] Safepoint "Cleanup", Time since last: 1000111101 ns, Reaching safepoint: 69000 ns, At safepoint: 6300 ns, Total: 75300 ns
[322.346s][info ][safepoint      ] Safepoint "Cleanup", Time since last: 1000092101 ns, Reaching safepoint: 84601 ns, At safepoint: 2500 ns, Total: 87101 ns
[323.351s][info ][safepoint      ] Safepoint "Cleanup", Time since last: 1004825027 ns, Reaching safepoint: 122900 ns, At safepoint: 7901 ns, Total: 130801 ns
[323.990s][info ][gc,start       ] GC(23) Pause Young (Allocation Failure)
[324.243s][debug][gc,phases      ] GC(23) Scavenge 252.223ms
[324.243s][debug][gc,ref         ] GC(23) Skipped phase 1 of Reference Processing: no references
[324.243s][debug][gc,ref         ] GC(23) ReferenceProcessor::execute queues: 2, RefProcThreadModel::Multi, marks_oops_alive: false
[324.243s][debug][gc,ref         ] GC(23) Skipped phase 3 of Reference Processing: no references
[324.243s][debug][gc,ref         ] GC(23) ReferenceProcessor::execute queues: 1, RefProcThreadModel::Single, marks_oops_alive: false
[324.243s][debug][gc,phases      ] GC(23) Reference Processing 0.257ms
[324.243s][debug][gc,phases      ] GC(23)   VM Weak                        Min:  0.0, Avg:  0.0, Max:  0.0, Diff:  0.0, Sum:  0.0, Workers: 4
[324.243s][debug][gc,phases      ] GC(23)     Dead                           Min: 0, Avg:  0.0, Max: 0, Diff: 0, Sum: 0, Workers: 4
[324.243s][debug][gc,phases      ] GC(23)     Total                          Min: 0, Avg: 176.5, Max: 514, Diff: 514, Sum: 706, Workers: 4
[324.243s][debug][gc,phases      ] GC(23)   ObjectSynchronizer Weak        Min:  0.0, Avg:  0.0, Max:  0.0, Diff:  0.0, Sum:  0.0, Workers: 4
[324.243s][debug][gc,phases      ] GC(23)     Dead                           Min: 0, Avg:  0.0, Max: 0, Diff: 0, Sum: 0, Workers: 4
[324.243s][debug][gc,phases      ] GC(23)     Total                          Min: 0, Avg:  6.5, Max: 26, Diff: 26, Sum: 26, Workers: 4
[324.243s][debug][gc,phases      ] GC(23)   JVMTI Tag Weak OopStorage      Min:  0.0, Avg:  0.0, Max:  0.0, Diff:  0.0, Sum:  0.0, Workers: 4
[324.243s][debug][gc,phases      ] GC(23)     Dead                           Min: 0, Avg:  0.0, Max: 0, Diff: 0, Sum: 0, Workers: 4
[324.243s][debug][gc,phases      ] GC(23)     Total                          Min: 0, Avg:  0.0, Max: 0, Diff: 0, Sum: 0, Workers: 4
[324.243s][debug][gc,phases      ] GC(23)   StringTable Weak               Min:  0.0, Avg:  0.2, Max:  0.4, Diff:  0.4, Sum:  0.7, Workers: 4
[324.243s][debug][gc,phases      ] GC(23)     Dead                           Min: 0, Avg:  0.8, Max: 3, Diff: 3, Sum: 3, Workers: 4
[324.243s][debug][gc,phases      ] GC(23)     Total                          Min: 0, Avg: 10652.2, Max: 22208, Diff: 22208, Sum: 42609, Workers: 4
[324.244s][debug][gc,phases      ] GC(23)   ResolvedMethodTable Weak       Min:  0.0, Avg:  0.1, Max:  0.1, Diff:  0.1, Sum:  0.2, Workers: 4
[324.244s][debug][gc,phases      ] GC(23)     Dead                           Min: 0, Avg:  5.2, Max: 21, Diff: 21, Sum: 21, Workers: 4
[324.244s][debug][gc,phases      ] GC(23)     Total                          Min: 0, Avg: 2074.5, Max: 4160, Diff: 4160, Sum: 8298, Workers: 4
[324.244s][debug][gc,phases      ] GC(23)   JNI Weak                       Min:  0.0, Avg:  0.0, Max:  0.0, Diff:  0.0, Sum:  0.0, Workers: 4
[324.244s][debug][gc,phases      ] GC(23)     Dead                           Min: 0, Avg:  0.0, Max: 0, Diff: 0, Sum: 0, Workers: 4
[324.244s][debug][gc,phases      ] GC(23)     Total                          Min: 0, Avg: 11.2, Max: 45, Diff: 45, Sum: 45, Workers: 4
[324.244s][debug][gc,phases      ] GC(23)   StringDedup Table Weak         Min:  0.0, Avg:  0.0, Max:  0.0, Diff:  0.0, Sum:  0.0, Workers: 4
[324.244s][debug][gc,phases      ] GC(23)     Dead                           Min: 0, Avg:  0.0, Max: 0, Diff: 0, Sum: 0, Workers: 4
[324.244s][debug][gc,phases      ] GC(23)     Total                          Min: 0, Avg:  0.0, Max: 0, Diff: 0, Sum: 0, Workers: 4
[324.244s][debug][gc,phases      ] GC(23)   StringDedup Requests0 Weak     Min:  0.0, Avg:  0.0, Max:  0.0, Diff:  0.0, Sum:  0.0, Workers: 4
[324.244s][debug][gc,phases      ] GC(23)     Dead                           Min: 0, Avg:  0.0, Max: 0, Diff: 0, Sum: 0, Workers: 4
[324.244s][debug][gc,phases      ] GC(23)     Total                          Min: 0, Avg:  0.0, Max: 0, Diff: 0, Sum: 0, Workers: 4
[324.244s][debug][gc,phases      ] GC(23)   StringDedup Requests1 Weak     Min:  0.0, Avg:  0.0, Max:  0.0, Diff:  0.0, Sum:  0.0, Workers: 4
[324.244s][debug][gc,phases      ] GC(23)     Dead                           Min: 0, Avg:  0.0, Max: 0, Diff: 0, Sum: 0, Workers: 4
[324.244s][debug][gc,phases      ] GC(23)     Total                          Min: 0, Avg:  0.0, Max: 0, Diff: 0, Sum: 0, Workers: 4
[324.244s][debug][gc,phases      ] GC(23)   Weak JFR Old Object Samples    Min:  0.0, Avg:  0.0, Max:  0.0, Diff:  0.0, Sum:  0.0, Workers: 4
[324.244s][debug][gc,phases      ] GC(23)     Dead                           Min: 0, Avg:  0.0, Max: 0, Diff: 0, Sum: 0, Workers: 4
[324.244s][debug][gc,phases      ] GC(23)     Total                          Min: 0, Avg:  0.0, Max: 0, Diff: 0, Sum: 0, Workers: 4
[324.244s][debug][gc,phases      ] GC(23) Weak Processing 0.692ms
[324.244s][debug][gc,age         ] GC(23) Desired survivor size 360185856 bytes, new threshold 15 (max threshold 15)
[324.244s][info ][gc,heap        ] GC(23) PSYoungGen: 1590771K(1759744K)->77107K(1499648K) Eden: 1422336K(1422336K)->0K(1422336K) From: 168435K(337408K)->77107K(77312K)
[324.244s][info ][gc,heap        ] GC(23) ParOldGen: 85605K(153088K)->210588K(210944K)
[324.244s][info ][gc,metaspace   ] GC(23) Metaspace: 77501K(78336K)->77501K(78336K) NonClass: 66415K(66880K)->66415K(66880K) Class: 11086K(11456K)->11086K(11456K)
[324.244s][info ][gc             ] GC(23) Pause Young (Allocation Failure) 1637M->280M(1670M) 253.300ms
[324.244s][info ][gc,cpu         ] GC(23) User=0.27s Sys=0.06s Real=0.26s
[324.244s][debug][gc,phases      ] GC(24) Pre Compact 0.014ms
[324.244s][info ][gc,start       ] GC(24) Pause Full (Ergonomics)
[324.244s][info ][gc,phases,start] GC(24) Marking Phase
[324.438s][debug][gc,phases      ] GC(24) Par Mark 193.704ms
[324.438s][debug][gc,ref         ] GC(24) Skipped phase 1 of Reference Processing: no references
[324.438s][debug][gc,ref         ] GC(24) ReferenceProcessor::execute queues: 4, RefProcThreadModel::Multi, marks_oops_alive: false
[324.439s][debug][gc,ref         ] GC(24) Skipped phase 3 of Reference Processing: no references
[324.439s][debug][gc,ref         ] GC(24) ReferenceProcessor::execute queues: 1, RefProcThreadModel::Single, marks_oops_alive: false
[324.439s][debug][gc,phases      ] GC(24) Reference Processing 1.149ms
[324.439s][debug][gc,phases      ] GC(24)   VM Weak                        Min:  0.0, Avg:  0.0, Max:  0.0, Diff:  0.0, Sum:  0.0, Workers: 4
[324.439s][debug][gc,phases      ] GC(24)     Dead                           Min: 0, Avg:  0.0, Max: 0, Diff: 0, Sum: 0, Workers: 4
[324.439s][debug][gc,phases      ] GC(24)     Total                          Min: 0, Avg: 176.5, Max: 706, Diff: 706, Sum: 706, Workers: 4
[324.439s][debug][gc,phases      ] GC(24)   ObjectSynchronizer Weak        Min:  0.0, Avg:  0.0, Max:  0.0, Diff:  0.0, Sum:  0.0, Workers: 4
[324.439s][debug][gc,phases      ] GC(24)     Dead                           Min: 0, Avg:  0.0, Max: 0, Diff: 0, Sum: 0, Workers: 4
[324.439s][debug][gc,phases      ] GC(24)     Total                          Min: 0, Avg:  6.5, Max: 26, Diff: 26, Sum: 26, Workers: 4
[324.439s][debug][gc,phases      ] GC(24)   JVMTI Tag Weak OopStorage      Min:  0.0, Avg:  0.0, Max:  0.0, Diff:  0.0, Sum:  0.0, Workers: 4
[324.439s][debug][gc,phases      ] GC(24)     Dead                           Min: 0, Avg:  0.0, Max: 0, Diff: 0, Sum: 0, Workers: 4
[324.439s][debug][gc,phases      ] GC(24)     Total                          Min: 0, Avg:  0.0, Max: 0, Diff: 0, Sum: 0, Workers: 4
[324.439s][debug][gc,phases      ] GC(24)   StringTable Weak               Min:  0.0, Avg:  0.1, Max:  0.4, Diff:  0.4, Sum:  0.5, Workers: 4
[324.439s][debug][gc,phases      ] GC(24)     Dead                           Min: 0, Avg:  0.0, Max: 0, Diff: 0, Sum: 0, Workers: 4
[324.439s][debug][gc,phases      ] GC(24)     Total                          Min: 0, Avg: 10652.2, Max: 34865, Diff: 34865, Sum: 42609, Workers: 4
[324.439s][debug][gc,phases      ] GC(24)   ResolvedMethodTable Weak       Min:  0.0, Avg:  0.0, Max:  0.1, Diff:  0.1, Sum:  0.1, Workers: 4
[324.439s][debug][gc,phases      ] GC(24)     Dead                           Min: 0, Avg:  0.0, Max: 0, Diff: 0, Sum: 0, Workers: 4
[324.439s][debug][gc,phases      ] GC(24)     Total                          Min: 0, Avg: 2074.5, Max: 4160, Diff: 4160, Sum: 8298, Workers: 4
[324.439s][debug][gc,phases      ] GC(24)   JNI Weak                       Min:  0.0, Avg:  0.0, Max:  0.0, Diff:  0.0, Sum:  0.0, Workers: 4
[324.439s][debug][gc,phases      ] GC(24)     Dead                           Min: 0, Avg:  0.0, Max: 0, Diff: 0, Sum: 0, Workers: 4
[324.439s][debug][gc,phases      ] GC(24)     Total                          Min: 0, Avg: 11.2, Max: 45, Diff: 45, Sum: 45, Workers: 4
[324.439s][debug][gc,phases      ] GC(24)   StringDedup Table Weak         Min:  0.0, Avg:  0.0, Max:  0.0, Diff:  0.0, Sum:  0.0, Workers: 4
[324.439s][debug][gc,phases      ] GC(24)     Dead                           Min: 0, Avg:  0.0, Max: 0, Diff: 0, Sum: 0, Workers: 4
[324.439s][debug][gc,phases      ] GC(24)     Total                          Min: 0, Avg:  0.0, Max: 0, Diff: 0, Sum: 0, Workers: 4
[324.439s][debug][gc,phases      ] GC(24)   StringDedup Requests0 Weak     Min:  0.0, Avg:  0.0, Max:  0.0, Diff:  0.0, Sum:  0.0, Workers: 4
[324.439s][debug][gc,phases      ] GC(24)     Dead                           Min: 0, Avg:  0.0, Max: 0, Diff: 0, Sum: 0, Workers: 4
[324.439s][debug][gc,phases      ] GC(24)     Total                          Min: 0, Avg:  0.0, Max: 0, Diff: 0, Sum: 0, Workers: 4
[324.439s][debug][gc,phases      ] GC(24)   StringDedup Requests1 Weak     Min:  0.0, Avg:  0.0, Max:  0.0, Diff:  0.0, Sum:  0.0, Workers: 4
[324.439s][debug][gc,phases      ] GC(24)     Dead                           Min: 0, Avg:  0.0, Max: 0, Diff: 0, Sum: 0, Workers: 4
[324.439s][debug][gc,phases      ] GC(24)     Total                          Min: 0, Avg:  0.0, Max: 0, Diff: 0, Sum: 0, Workers: 4
[324.439s][debug][gc,phases      ] GC(24)   Weak JFR Old Object Samples    Min:  0.0, Avg:  0.0, Max:  0.0, Diff:  0.0, Sum:  0.0, Workers: 4
[324.439s][debug][gc,phases      ] GC(24)     Dead                           Min: 0, Avg:  0.0, Max: 0, Diff: 0, Sum: 0, Workers: 4
[324.439s][debug][gc,phases      ] GC(24)     Total                          Min: 0, Avg:  0.0, Max: 0, Diff: 0, Sum: 0, Workers: 4
[324.439s][debug][gc,phases      ] GC(24) Weak Processing 0.672ms
[324.439s][debug][gc,phases      ] GC(24) ClassLoaderData 0.083ms
[324.439s][debug][gc,phases      ] GC(24) Trigger cleanups 0.000ms
[324.477s][debug][gc,phases      ] GC(24) Class Unloading 37.449ms
[324.477s][info ][gc,phases      ] GC(24) Marking Phase 233.157ms
[324.477s][info ][gc,phases,start] GC(24) Summary Phase
[324.477s][info ][gc,phases      ] GC(24) Summary Phase 0.012ms
[324.477s][info ][gc,phases,start] GC(24) Adjust Roots
[324.516s][info ][gc,phases      ] GC(24) Adjust Roots 39.083ms
[324.516s][info ][gc,phases,start] GC(24) Compaction Phase
[325.049s][info ][gc,phases      ] GC(24) Compaction Phase 532.787ms
[325.049s][info ][gc,phases,start] GC(24) Post Compact
[325.050s][info ][gc,phases      ] GC(24) Post Compact 1.111ms
[325.050s][info ][gc,heap        ] GC(24) PSYoungGen: 77107K(1499648K)->72119K(1499648K) Eden: 0K(1422336K)->0K(1422336K) From: 77107K(77312K)->72119K(77312K)
[325.050s][info ][gc,heap        ] GC(24) ParOldGen: 210588K(210944K)->210890K(342016K)
[325.050s][info ][gc,metaspace   ] GC(24) Metaspace: 77501K(78336K)->77501K(78336K) NonClass: 66415K(66880K)->66415K(66880K) Class: 11086K(11456K)->11086K(11456K)
[325.050s][info ][gc             ] GC(24) Pause Full (Ergonomics) 280M->276M(1798M) 806.510ms
[325.050s][info ][gc,cpu         ] GC(24) User=1.32s Sys=0.00s Real=0.80s
[325.058s][info ][safepoint      ] Safepoint "ParallelGCFailedAllocation", Time since last: 639600818 ns, Reaching safepoint: 105700 ns, At safepoint: 1067546262 ns, Total: 1067651962 ns
[326.063s][info ][safepoint      ] Safepoint "Cleanup", Time since last: 1000100892 ns, Reaching safepoint: 5377429 ns, At safepoint: 10001 ns, Total: 5387430 ns
[327.064s][info ][safepoint      ] Safepoint "Cleanup", Time since last: 1000091291 ns, Reaching safepoint: 60700 ns, At safepoint: 7301 ns, Total: 68001 ns
[327.834s][info ][safepoint      ] Safepoint "ICBufferFull", Time since last: 770634431 ns, Reaching safepoint: 165401 ns, At safepoint: 7100 ns, Total: 172501 ns
[328.835s][info ][safepoint      ] Safepoint "Cleanup", Time since last: 1000105792 ns, Reaching safepoint: 95900 ns, At safepoint: 5700 ns, Total: 101600 ns
[329.835s][info ][safepoint      ] Safepoint "Cleanup", Time since last: 1000102492 ns, Reaching safepoint: 44600 ns, At safepoint: 3900 ns, Total: 48500 ns
[330.835s][info ][safepoint      ] Safepoint "Cleanup", Time since last: 1000108192 ns, Reaching safepoint: 41200 ns, At safepoint: 2700 ns, Total: 43900 ns
[331.835s][info ][safepoint      ] Safepoint "Cleanup", Time since last: 1000060692 ns, Reaching safepoint: 58000 ns, At safepoint: 2800 ns, Total: 60800 ns
[332.835s][info ][safepoint      ] Safepoint "Cleanup", Time since last: 1000105010 ns, Reaching safepoint: 56000 ns, At safepoint: 2600 ns, Total: 58600 ns
[333.835s][info ][safepoint      ] Safepoint "Cleanup", Time since last: 1000103092 ns, Reaching safepoint: 84700 ns, At safepoint: 5600 ns, Total: 90300 ns
[334.835s][info ][safepoint      ] Safepoint "Cleanup", Time since last: 1000099092 ns, Reaching safepoint: 55300 ns, At safepoint: 2900 ns, Total: 58200 ns
[335.836s][info ][safepoint      ] Safepoint "Cleanup", Time since last: 1000107492 ns, Reaching safepoint: 50500 ns, At safepoint: 3100 ns, Total: 53600 ns
[336.836s][info ][safepoint      ] Safepoint "Cleanup", Time since last: 1000105792 ns, Reaching safepoint: 41400 ns, At safepoint: 2700 ns, Total: 44100 ns
[337.836s][info ][safepoint      ] Safepoint "Cleanup", Time since last: 1000102692 ns, Reaching safepoint: 41300 ns, At safepoint: 5900 ns, Total: 47200 ns
[339.836s][info ][safepoint      ] Safepoint "Cleanup", Time since last: 2000166583 ns, Reaching safepoint: 54100 ns, At safepoint: 2901 ns, Total: 57001 ns
[340.089s][info ][gc,start       ] GC(25) Pause Young (Allocation Failure)
[340.141s][debug][gc,phases      ] GC(25) Scavenge 51.520ms
[340.141s][debug][gc,ref         ] GC(25) Skipped phase 1 of Reference Processing: no references
[340.141s][debug][gc,ref         ] GC(25) ReferenceProcessor::execute queues: 1, RefProcThreadModel::Single, marks_oops_alive: false
[340.141s][debug][gc,ref         ] GC(25) Skipped phase 3 of Reference Processing: no references
[340.141s][debug][gc,ref         ] GC(25) ReferenceProcessor::execute queues: 1, RefProcThreadModel::Single, marks_oops_alive: false
[340.141s][debug][gc,phases      ] GC(25) Reference Processing 0.141ms
[340.141s][debug][gc,phases      ] GC(25)   VM Weak                        Min:  0.0, Avg:  0.0, Max:  0.0, Diff:  0.0, Sum:  0.0, Workers: 4
[340.141s][debug][gc,phases      ] GC(25)     Dead                           Min: 0, Avg:  0.0, Max: 0, Diff: 0, Sum: 0, Workers: 4
[340.141s][debug][gc,phases      ] GC(25)     Total                          Min: 0, Avg: 176.8, Max: 643, Diff: 643, Sum: 707, Workers: 4
[340.141s][debug][gc,phases      ] GC(25)   ObjectSynchronizer Weak        Min:  0.0, Avg:  0.0, Max:  0.0, Diff:  0.0, Sum:  0.0, Workers: 4
[340.141s][debug][gc,phases      ] GC(25)     Dead                           Min: 0, Avg:  0.0, Max: 0, Diff: 0, Sum: 0, Workers: 4
[340.141s][debug][gc,phases      ] GC(25)     Total                          Min: 0, Avg:  6.5, Max: 26, Diff: 26, Sum: 26, Workers: 4
[340.141s][debug][gc,phases      ] GC(25)   JVMTI Tag Weak OopStorage      Min:  0.0, Avg:  0.0, Max:  0.0, Diff:  0.0, Sum:  0.0, Workers: 4
[340.141s][debug][gc,phases      ] GC(25)     Dead                           Min: 0, Avg:  0.0, Max: 0, Diff: 0, Sum: 0, Workers: 4
[340.141s][debug][gc,phases      ] GC(25)     Total                          Min: 0, Avg:  0.0, Max: 0, Diff: 0, Sum: 0, Workers: 4
[340.141s][debug][gc,phases      ] GC(25)   StringTable Weak               Min:  0.0, Avg:  0.1, Max:  0.2, Diff:  0.2, Sum:  0.5, Workers: 4
[340.141s][debug][gc,phases      ] GC(25)     Dead                           Min: 0, Avg:  0.5, Max: 1, Diff: 1, Sum: 2, Workers: 4
[340.141s][debug][gc,phases      ] GC(25)     Total                          Min: 0, Avg: 10707.5, Max: 17294, Diff: 17294, Sum: 42830, Workers: 4
[340.141s][debug][gc,phases      ] GC(25)   ResolvedMethodTable Weak       Min:  0.0, Avg:  0.0, Max:  0.0, Diff:  0.0, Sum:  0.1, Workers: 4
[340.141s][debug][gc,phases      ] GC(25)     Dead                           Min: 0, Avg:  0.0, Max: 0, Diff: 0, Sum: 0, Workers: 4
[340.141s][debug][gc,phases      ] GC(25)     Total                          Min: 0, Avg: 2105.0, Max: 3300, Diff: 3300, Sum: 8420, Workers: 4
[340.141s][debug][gc,phases      ] GC(25)   JNI Weak                       Min:  0.0, Avg:  0.0, Max:  0.0, Diff:  0.0, Sum:  0.0, Workers: 4
[340.141s][debug][gc,phases      ] GC(25)     Dead                           Min: 0, Avg:  0.0, Max: 0, Diff: 0, Sum: 0, Workers: 4
[340.141s][debug][gc,phases      ] GC(25)     Total                          Min: 0, Avg: 11.2, Max: 45, Diff: 45, Sum: 45, Workers: 4
[340.141s][debug][gc,phases      ] GC(25)   StringDedup Table Weak         Min:  0.0, Avg:  0.0, Max:  0.0, Diff:  0.0, Sum:  0.0, Workers: 4
[340.141s][debug][gc,phases      ] GC(25)     Dead                           Min: 0, Avg:  0.0, Max: 0, Diff: 0, Sum: 0, Workers: 4
[340.141s][debug][gc,phases      ] GC(25)     Total                          Min: 0, Avg:  0.0, Max: 0, Diff: 0, Sum: 0, Workers: 4
[340.141s][debug][gc,phases      ] GC(25)   StringDedup Requests0 Weak     Min:  0.0, Avg:  0.0, Max:  0.0, Diff:  0.0, Sum:  0.0, Workers: 4
[340.141s][debug][gc,phases      ] GC(25)     Dead                           Min: 0, Avg:  0.0, Max: 0, Diff: 0, Sum: 0, Workers: 4
[340.141s][debug][gc,phases      ] GC(25)     Total                          Min: 0, Avg:  0.0, Max: 0, Diff: 0, Sum: 0, Workers: 4
[340.141s][debug][gc,phases      ] GC(25)   StringDedup Requests1 Weak     Min:  0.0, Avg:  0.0, Max:  0.0, Diff:  0.0, Sum:  0.0, Workers: 4
[340.141s][debug][gc,phases      ] GC(25)     Dead                           Min: 0, Avg:  0.0, Max: 0, Diff: 0, Sum: 0, Workers: 4
[340.141s][debug][gc,phases      ] GC(25)     Total                          Min: 0, Avg:  0.0, Max: 0, Diff: 0, Sum: 0, Workers: 4
[340.141s][debug][gc,phases      ] GC(25)   Weak JFR Old Object Samples    Min:  0.0, Avg:  0.0, Max:  0.0, Diff:  0.0, Sum:  0.0, Workers: 4
[340.141s][debug][gc,phases      ] GC(25)     Dead                           Min: 0, Avg:  0.0, Max: 0, Diff: 0, Sum: 0, Workers: 4
[340.141s][debug][gc,phases      ] GC(25)     Total                          Min: 0, Avg:  0.0, Max: 0, Diff: 0, Sum: 0, Workers: 4
[340.141s][debug][gc,phases      ] GC(25) Weak Processing 0.352ms
[340.141s][debug][gc,age         ] GC(25) Desired survivor size 367525888 bytes, new threshold 15 (max threshold 15)
[340.141s][info ][gc,heap        ] GC(25) PSYoungGen: 1494455K(1499648K)->83003K(1731072K) Eden: 1422336K(1422336K)->0K(1379328K) From: 72119K(77312K)->83003K(351744K)
[340.141s][info ][gc,heap        ] GC(25) ParOldGen: 210890K(342016K)->222471K(342016K)
[340.141s][info ][gc,metaspace   ] GC(25) Metaspace: 78221K(79040K)->78221K(79040K) NonClass: 67028K(67456K)->67028K(67456K) Class: 11192K(11584K)->11192K(11584K)
[340.141s][info ][gc             ] GC(25) Pause Young (Allocation Failure) 1665M->298M(2024M) 52.155ms
[340.141s][info ][gc,cpu         ] GC(25) User=0.18s Sys=0.01s Real=0.05s
[340.141s][info ][safepoint      ] Safepoint "ParallelGCFailedAllocation", Time since last: 252865257 ns, Reaching safepoint: 22900 ns, At safepoint: 52226378 ns, Total: 52249278 ns
[344.142s][info ][safepoint      ] Safepoint "Cleanup", Time since last: 4000274535 ns, Reaching safepoint: 117701 ns, At safepoint: 21500 ns, Total: 139201 ns
[345.142s][info ][safepoint      ] Safepoint "Cleanup", Time since last: 1000099509 ns, Reaching safepoint: 116400 ns, At safepoint: 4400 ns, Total: 120800 ns
[346.142s][info ][safepoint      ] Safepoint "Cleanup", Time since last: 1000117009 ns, Reaching safepoint: 114701 ns, At safepoint: 5900 ns, Total: 120601 ns
[349.142s][info ][safepoint      ] Safepoint "Cleanup", Time since last: 3000228573 ns, Reaching safepoint: 115100 ns, At safepoint: 9500 ns, Total: 124600 ns
[350.143s][info ][safepoint      ] Safepoint "Cleanup", Time since last: 1000105851 ns, Reaching safepoint: 44200 ns, At safepoint: 2300 ns, Total: 46500 ns
[351.143s][info ][safepoint      ] Safepoint "Cleanup", Time since last: 1000117950 ns, Reaching safepoint: 39101 ns, At safepoint: 4000 ns, Total: 43101 ns
[352.143s][info ][safepoint      ] Safepoint "Cleanup", Time since last: 1000111950 ns, Reaching safepoint: 110101 ns, At safepoint: 5800 ns, Total: 115901 ns
[353.143s][info ][safepoint      ] Safepoint "Cleanup", Time since last: 1000105450 ns, Reaching safepoint: 37500 ns, At safepoint: 2500 ns, Total: 40000 ns
[354.754s][info ][safepoint      ] Safepoint "Cleanup", Time since last: 1610895718 ns, Reaching safepoint: 79801 ns, At safepoint: 5900 ns, Total: 85701 ns
[355.754s][info ][safepoint      ] Safepoint "Cleanup", Time since last: 1000104750 ns, Reaching safepoint: 39100 ns, At safepoint: 2100 ns, Total: 41200 ns
[362.755s][info ][safepoint      ] Safepoint "Cleanup", Time since last: 7000495556 ns, Reaching safepoint: 35700 ns, At safepoint: 4800 ns, Total: 40500 ns
[363.755s][info ][safepoint      ] Safepoint "Cleanup", Time since last: 1000108894 ns, Reaching safepoint: 47100 ns, At safepoint: 3200 ns, Total: 50300 ns
[364.755s][info ][safepoint      ] Safepoint "Cleanup", Time since last: 1000099482 ns, Reaching safepoint: 33000 ns, At safepoint: 2200 ns, Total: 35200 ns
[365.755s][info ][safepoint      ] Safepoint "Cleanup", Time since last: 1000106677 ns, Reaching safepoint: 38100 ns, At safepoint: 3300 ns, Total: 41400 ns
[367.795s][info ][safepoint      ] Safepoint "Cleanup", Time since last: 2040076264 ns, Reaching safepoint: 44800 ns, At safepoint: 3200 ns, Total: 48000 ns
[368.739s][info ][gc,start       ] GC(26) Pause Young (Allocation Failure)
[368.766s][debug][gc,phases      ] GC(26) Scavenge 26.946ms
[368.766s][debug][gc,ref         ] GC(26) Skipped phase 1 of Reference Processing: no references
[368.766s][debug][gc,ref         ] GC(26) ReferenceProcessor::execute queues: 1, RefProcThreadModel::Single, marks_oops_alive: false
[368.766s][debug][gc,ref         ] GC(26) Skipped phase 3 of Reference Processing: no references
[368.766s][debug][gc,ref         ] GC(26) ReferenceProcessor::execute queues: 1, RefProcThreadModel::Single, marks_oops_alive: false
[368.766s][debug][gc,phases      ] GC(26) Reference Processing 0.190ms
[368.767s][debug][gc,phases      ] GC(26)   VM Weak                        Min:  0.0, Avg:  0.0, Max:  0.0, Diff:  0.0, Sum:  0.0, Workers: 4
[368.767s][debug][gc,phases      ] GC(26)     Dead                           Min: 0, Avg:  0.0, Max: 0, Diff: 0, Sum: 0, Workers: 4
[368.767s][debug][gc,phases      ] GC(26)     Total                          Min: 0, Avg: 176.8, Max: 640, Diff: 640, Sum: 707, Workers: 4
[368.767s][debug][gc,phases      ] GC(26)   ObjectSynchronizer Weak        Min:  0.0, Avg:  0.0, Max:  0.0, Diff:  0.0, Sum:  0.0, Workers: 4
[368.767s][debug][gc,phases      ] GC(26)     Dead                           Min: 0, Avg:  0.0, Max: 0, Diff: 0, Sum: 0, Workers: 4
[368.767s][debug][gc,phases      ] GC(26)     Total                          Min: 0, Avg:  6.5, Max: 26, Diff: 26, Sum: 26, Workers: 4
[368.767s][debug][gc,phases      ] GC(26)   JVMTI Tag Weak OopStorage      Min:  0.0, Avg:  0.0, Max:  0.0, Diff:  0.0, Sum:  0.0, Workers: 4
[368.767s][debug][gc,phases      ] GC(26)     Dead                           Min: 0, Avg:  0.0, Max: 0, Diff: 0, Sum: 0, Workers: 4
[368.767s][debug][gc,phases      ] GC(26)     Total                          Min: 0, Avg:  0.0, Max: 0, Diff: 0, Sum: 0, Workers: 4
[368.767s][debug][gc,phases      ] GC(26)   StringTable Weak               Min:  0.0, Avg:  0.1, Max:  0.2, Diff:  0.2, Sum:  0.4, Workers: 4
[368.767s][debug][gc,phases      ] GC(26)     Dead                           Min: 0, Avg:  0.0, Max: 0, Diff: 0, Sum: 0, Workers: 4
[368.767s][debug][gc,phases      ] GC(26)     Total                          Min: 0, Avg: 10709.8, Max: 19776, Diff: 19776, Sum: 42839, Workers: 4
[368.767s][debug][gc,phases      ] GC(26)   ResolvedMethodTable Weak       Min:  0.0, Avg:  0.0, Max:  0.0, Diff:  0.0, Sum:  0.1, Workers: 4
[368.767s][debug][gc,phases      ] GC(26)     Dead                           Min: 0, Avg:  0.0, Max: 0, Diff: 0, Sum: 0, Workers: 4
[368.767s][debug][gc,phases      ] GC(26)     Total                          Min: 0, Avg: 2105.0, Max: 3264, Diff: 3264, Sum: 8420, Workers: 4
[368.767s][debug][gc,phases      ] GC(26)   JNI Weak                       Min:  0.0, Avg:  0.0, Max:  0.0, Diff:  0.0, Sum:  0.0, Workers: 4
[368.767s][debug][gc,phases      ] GC(26)     Dead                           Min: 0, Avg:  0.0, Max: 0, Diff: 0, Sum: 0, Workers: 4
[368.767s][debug][gc,phases      ] GC(26)     Total                          Min: 0, Avg: 11.2, Max: 45, Diff: 45, Sum: 45, Workers: 4
[368.767s][debug][gc,phases      ] GC(26)   StringDedup Table Weak         Min:  0.0, Avg:  0.0, Max:  0.0, Diff:  0.0, Sum:  0.0, Workers: 4
[368.767s][debug][gc,phases      ] GC(26)     Dead                           Min: 0, Avg:  0.0, Max: 0, Diff: 0, Sum: 0, Workers: 4
[368.767s][debug][gc,phases      ] GC(26)     Total                          Min: 0, Avg:  0.0, Max: 0, Diff: 0, Sum: 0, Workers: 4
[368.767s][debug][gc,phases      ] GC(26)   StringDedup Requests0 Weak     Min:  0.0, Avg:  0.0, Max:  0.0, Diff:  0.0, Sum:  0.0, Workers: 4
[368.767s][debug][gc,phases      ] GC(26)     Dead                           Min: 0, Avg:  0.0, Max: 0, Diff: 0, Sum: 0, Workers: 4
[368.767s][debug][gc,phases      ] GC(26)     Total                          Min: 0, Avg:  0.0, Max: 0, Diff: 0, Sum: 0, Workers: 4
[368.767s][debug][gc,phases      ] GC(26)   StringDedup Requests1 Weak     Min:  0.0, Avg:  0.0, Max:  0.0, Diff:  0.0, Sum:  0.0, Workers: 4
[368.767s][debug][gc,phases      ] GC(26)     Dead                           Min: 0, Avg:  0.0, Max: 0, Diff: 0, Sum: 0, Workers: 4
[368.767s][debug][gc,phases      ] GC(26)     Total                          Min: 0, Avg:  0.0, Max: 0, Diff: 0, Sum: 0, Workers: 4
[368.767s][debug][gc,phases      ] GC(26)   Weak JFR Old Object Samples    Min:  0.0, Avg:  0.0, Max:  0.0, Diff:  0.0, Sum:  0.0, Workers: 4
[368.767s][debug][gc,phases      ] GC(26)     Dead                           Min: 0, Avg:  0.0, Max: 0, Diff: 0, Sum: 0, Workers: 4
[368.767s][debug][gc,phases      ] GC(26)     Total                          Min: 0, Avg:  0.0, Max: 0, Diff: 0, Sum: 0, Workers: 4
[368.767s][debug][gc,phases      ] GC(26) Weak Processing 0.415ms
[368.767s][debug][gc,age         ] GC(26) Desired survivor size 371195904 bytes, new threshold 15 (max threshold 15)
[368.767s][info ][gc,heap        ] GC(26) PSYoungGen: 1462331K(1731072K)->82091K(1461760K) Eden: 1379328K(1379328K)->0K(1379328K) From: 83003K(351744K)->82091K(82432K)
[368.767s][info ][gc,heap        ] GC(26) ParOldGen: 222471K(342016K)->223471K(342016K)
[368.767s][info ][gc,metaspace   ] GC(26) Metaspace: 78253K(79168K)->78253K(79168K) NonClass: 67059K(67584K)->67059K(67584K) Class: 11193K(11584K)->11193K(11584K)
[368.767s][info ][gc             ] GC(26) Pause Young (Allocation Failure) 1645M->298M(1761M) 27.701ms
[368.767s][info ][gc,cpu         ] GC(26) User=0.09s Sys=0.00s Real=0.03s
[368.767s][info ][safepoint      ] Safepoint "ParallelGCFailedAllocation", Time since last: 943621679 ns, Reaching safepoint: 24300 ns, At safepoint: 27770246 ns, Total: 27794546 ns
[370.425s][info ][safepoint      ] Safepoint "Cleanup", Time since last: 1657926748 ns, Reaching safepoint: 77400 ns, At safepoint: 4800 ns, Total: 82200 ns
[372.425s][info ][safepoint      ] Safepoint "Cleanup", Time since last: 2000131651 ns, Reaching safepoint: 44000 ns, At safepoint: 2400 ns, Total: 46400 ns
[373.425s][info ][safepoint      ] Safepoint "Cleanup", Time since last: 1000118370 ns, Reaching safepoint: 52000 ns, At safepoint: 3400 ns, Total: 55400 ns
[374.425s][info ][safepoint      ] Safepoint "Cleanup", Time since last: 1000109370 ns, Reaching safepoint: 44800 ns, At safepoint: 3400 ns, Total: 48200 ns
[375.426s][info ][safepoint      ] Safepoint "Cleanup", Time since last: 1000120470 ns, Reaching safepoint: 42500 ns, At safepoint: 2500 ns, Total: 45000 ns
[376.426s][info ][safepoint      ] Safepoint "Cleanup", Time since last: 1000102270 ns, Reaching safepoint: 53601 ns, At safepoint: 3100 ns, Total: 56701 ns
[379.426s][info ][safepoint      ] Safepoint "Cleanup", Time since last: 3000218009 ns, Reaching safepoint: 48600 ns, At safepoint: 3400 ns, Total: 52000 ns
[381.426s][info ][safepoint      ] Safepoint "Cleanup", Time since last: 2000182203 ns, Reaching safepoint: 49800 ns, At safepoint: 5400 ns, Total: 55200 ns
[382.426s][info ][safepoint      ] Safepoint "Cleanup", Time since last: 1000114216 ns, Reaching safepoint: 50201 ns, At safepoint: 5200 ns, Total: 55401 ns
[383.427s][info ][safepoint      ] Safepoint "Cleanup", Time since last: 1000113716 ns, Reaching safepoint: 54800 ns, At safepoint: 5200 ns, Total: 60000 ns
[384.427s][info ][safepoint      ] Safepoint "Cleanup", Time since last: 1000124116 ns, Reaching safepoint: 50000 ns, At safepoint: 2800 ns, Total: 52800 ns
[389.427s][info ][safepoint      ] Safepoint "Cleanup", Time since last: 5000319858 ns, Reaching safepoint: 43000 ns, At safepoint: 3200 ns, Total: 46200 ns
[389.439s][info ][gc,start       ] GC(27) Pause Young (Allocation Failure)
[389.468s][debug][gc,phases      ] GC(27) Scavenge 28.837ms
[389.468s][debug][gc,ref         ] GC(27) Skipped phase 1 of Reference Processing: no references
[389.468s][debug][gc,ref         ] GC(27) ReferenceProcessor::execute queues: 1, RefProcThreadModel::Single, marks_oops_alive: false
[389.468s][debug][gc,ref         ] GC(27) Skipped phase 3 of Reference Processing: no references
[389.468s][debug][gc,ref         ] GC(27) ReferenceProcessor::execute queues: 1, RefProcThreadModel::Single, marks_oops_alive: false
[389.468s][debug][gc,phases      ] GC(27) Reference Processing 0.132ms
[389.468s][debug][gc,phases      ] GC(27)   VM Weak                        Min:  0.0, Avg:  0.0, Max:  0.0, Diff:  0.0, Sum:  0.0, Workers: 4
[389.468s][debug][gc,phases      ] GC(27)     Dead                           Min: 0, Avg:  0.0, Max: 0, Diff: 0, Sum: 0, Workers: 4
[389.468s][debug][gc,phases      ] GC(27)     Total                          Min: 0, Avg: 176.8, Max: 515, Diff: 515, Sum: 707, Workers: 4
[389.468s][debug][gc,phases      ] GC(27)   ObjectSynchronizer Weak        Min:  0.0, Avg:  0.0, Max:  0.0, Diff:  0.0, Sum:  0.0, Workers: 4
[389.468s][debug][gc,phases      ] GC(27)     Dead                           Min: 0, Avg:  0.0, Max: 0, Diff: 0, Sum: 0, Workers: 4
[389.468s][debug][gc,phases      ] GC(27)     Total                          Min: 0, Avg:  6.5, Max: 26, Diff: 26, Sum: 26, Workers: 4
[389.468s][debug][gc,phases      ] GC(27)   JVMTI Tag Weak OopStorage      Min:  0.0, Avg:  0.0, Max:  0.0, Diff:  0.0, Sum:  0.0, Workers: 4
[389.468s][debug][gc,phases      ] GC(27)     Dead                           Min: 0, Avg:  0.0, Max: 0, Diff: 0, Sum: 0, Workers: 4
[389.468s][debug][gc,phases      ] GC(27)     Total                          Min: 0, Avg:  0.0, Max: 0, Diff: 0, Sum: 0, Workers: 4
[389.468s][debug][gc,phases      ] GC(27)   StringTable Weak               Min:  0.0, Avg:  0.1, Max:  0.1, Diff:  0.1, Sum:  0.4, Workers: 4
[389.468s][debug][gc,phases      ] GC(27)     Dead                           Min: 0, Avg:  0.0, Max: 0, Diff: 0, Sum: 0, Workers: 4
[389.468s][debug][gc,phases      ] GC(27)     Total                          Min: 0, Avg: 10712.5, Max: 18112, Diff: 18112, Sum: 42850, Workers: 4
[389.468s][debug][gc,phases      ] GC(27)   ResolvedMethodTable Weak       Min:  0.0, Avg:  0.0, Max:  0.0, Diff:  0.0, Sum:  0.1, Workers: 4
[389.468s][debug][gc,phases      ] GC(27)     Dead                           Min: 0, Avg:  0.0, Max: 0, Diff: 0, Sum: 0, Workers: 4
[389.468s][debug][gc,phases      ] GC(27)     Total                          Min: 0, Avg: 2105.0, Max: 3584, Diff: 3584, Sum: 8420, Workers: 4
[389.468s][debug][gc,phases      ] GC(27)   JNI Weak                       Min:  0.0, Avg:  0.0, Max:  0.0, Diff:  0.0, Sum:  0.0, Workers: 4
[389.468s][debug][gc,phases      ] GC(27)     Dead                           Min: 0, Avg:  0.0, Max: 0, Diff: 0, Sum: 0, Workers: 4
[389.468s][debug][gc,phases      ] GC(27)     Total                          Min: 0, Avg: 11.2, Max: 45, Diff: 45, Sum: 45, Workers: 4
[389.468s][debug][gc,phases      ] GC(27)   StringDedup Table Weak         Min:  0.0, Avg:  0.0, Max:  0.0, Diff:  0.0, Sum:  0.0, Workers: 4
[389.468s][debug][gc,phases      ] GC(27)     Dead                           Min: 0, Avg:  0.0, Max: 0, Diff: 0, Sum: 0, Workers: 4
[389.468s][debug][gc,phases      ] GC(27)     Total                          Min: 0, Avg:  0.0, Max: 0, Diff: 0, Sum: 0, Workers: 4
[389.468s][debug][gc,phases      ] GC(27)   StringDedup Requests0 Weak     Min:  0.0, Avg:  0.0, Max:  0.0, Diff:  0.0, Sum:  0.0, Workers: 4
[389.468s][debug][gc,phases      ] GC(27)     Dead                           Min: 0, Avg:  0.0, Max: 0, Diff: 0, Sum: 0, Workers: 4
[389.468s][debug][gc,phases      ] GC(27)     Total                          Min: 0, Avg:  0.0, Max: 0, Diff: 0, Sum: 0, Workers: 4
[389.468s][debug][gc,phases      ] GC(27)   StringDedup Requests1 Weak     Min:  0.0, Avg:  0.0, Max:  0.0, Diff:  0.0, Sum:  0.0, Workers: 4
[389.468s][debug][gc,phases      ] GC(27)     Dead                           Min: 0, Avg:  0.0, Max: 0, Diff: 0, Sum: 0, Workers: 4
[389.468s][debug][gc,phases      ] GC(27)     Total                          Min: 0, Avg:  0.0, Max: 0, Diff: 0, Sum: 0, Workers: 4
[389.468s][debug][gc,phases      ] GC(27)   Weak JFR Old Object Samples    Min:  0.0, Avg:  0.0, Max:  0.0, Diff:  0.0, Sum:  0.0, Workers: 4
[389.468s][debug][gc,phases      ] GC(27)     Dead                           Min: 0, Avg:  0.0, Max: 0, Diff: 0, Sum: 0, Workers: 4
[389.468s][debug][gc,phases      ] GC(27)     Total                          Min: 0, Avg:  0.0, Max: 0, Diff: 0, Sum: 0, Workers: 4
[389.468s][debug][gc,phases      ] GC(27) Weak Processing 0.326ms
[389.468s][debug][gc,age         ] GC(27) Desired survivor size 370671616 bytes, new threshold 15 (max threshold 15)
[389.468s][info ][gc,heap        ] GC(27) PSYoungGen: 1461419K(1461760K)->86347K(1735168K) Eden: 1379328K(1379328K)->0K(1372672K) From: 82091K(82432K)->86347K(362496K)
[389.468s][info ][gc,heap        ] GC(27) ParOldGen: 223471K(342016K)->223511K(342016K)
[389.468s][info ][gc,metaspace   ] GC(27) Metaspace: 78255K(79168K)->78255K(79168K) NonClass: 67062K(67584K)->67062K(67584K) Class: 11193K(11584K)->11193K(11584K)
[389.468s][info ][gc             ] GC(27) Pause Young (Allocation Failure) 1645M->302M(2028M) 29.402ms
[389.468s][info ][gc,cpu         ] GC(27) User=0.11s Sys=0.00s Real=0.03s
[389.469s][info ][safepoint      ] Safepoint "ParallelGCFailedAllocation", Time since last: 11959064 ns, Reaching safepoint: 21100 ns, At safepoint: 29467556 ns, Total: 29488656 ns
[390.469s][info ][safepoint      ] Safepoint "Cleanup", Time since last: 1000082800 ns, Reaching safepoint: 41700 ns, At safepoint: 2600 ns, Total: 44300 ns
[391.469s][info ][safepoint      ] Safepoint "Cleanup", Time since last: 1000097101 ns, Reaching safepoint: 42100 ns, At safepoint: 3100 ns, Total: 45200 ns
[392.469s][info ][safepoint      ] Safepoint "Cleanup", Time since last: 1000099600 ns, Reaching safepoint: 39100 ns, At safepoint: 2900 ns, Total: 42000 ns
[399.469s][info ][safepoint      ] Safepoint "Cleanup", Time since last: 7000488965 ns, Reaching safepoint: 43700 ns, At safepoint: 4300 ns, Total: 48000 ns
[400.470s][info ][safepoint      ] Safepoint "Cleanup", Time since last: 1000110590 ns, Reaching safepoint: 48500 ns, At safepoint: 4000 ns, Total: 52500 ns
[405.470s][info ][safepoint      ] Safepoint "Cleanup", Time since last: 5000395241 ns, Reaching safepoint: 64501 ns, At safepoint: 2300 ns, Total: 66801 ns
[406.470s][info ][safepoint      ] Safepoint "Cleanup", Time since last: 1000098304 ns, Reaching safepoint: 50600 ns, At safepoint: 2700 ns, Total: 53300 ns
[409.471s][info ][safepoint      ] Safepoint "Cleanup", Time since last: 3000231613 ns, Reaching safepoint: 39601 ns, At safepoint: 3900 ns, Total: 43501 ns
[410.471s][info ][safepoint      ] Safepoint "Cleanup", Time since last: 1000107004 ns, Reaching safepoint: 35500 ns, At safepoint: 4500 ns, Total: 40000 ns
[413.471s][info ][safepoint      ] Safepoint "Cleanup", Time since last: 3000237119 ns, Reaching safepoint: 56800 ns, At safepoint: 2800 ns, Total: 59600 ns
[414.471s][info ][safepoint      ] Safepoint "Cleanup", Time since last: 1000094952 ns, Reaching safepoint: 46200 ns, At safepoint: 2500 ns, Total: 48700 ns
[416.471s][info ][safepoint      ] Safepoint "Cleanup", Time since last: 2000164403 ns, Reaching safepoint: 40900 ns, At safepoint: 2700 ns, Total: 43600 ns
[417.789s][info ][gc,start       ] GC(28) Pause Young (Allocation Failure)
[417.816s][debug][gc,phases      ] GC(28) Scavenge 26.860ms
[417.816s][debug][gc,ref         ] GC(28) Skipped phase 1 of Reference Processing: no references
[417.816s][debug][gc,ref         ] GC(28) ReferenceProcessor::execute queues: 1, RefProcThreadModel::Single, marks_oops_alive: false
[417.816s][debug][gc,ref         ] GC(28) Skipped phase 3 of Reference Processing: no references
[417.816s][debug][gc,ref         ] GC(28) ReferenceProcessor::execute queues: 1, RefProcThreadModel::Single, marks_oops_alive: false
[417.816s][debug][gc,phases      ] GC(28) Reference Processing 0.137ms
[417.816s][debug][gc,phases      ] GC(28)   VM Weak                        Min:  0.0, Avg:  0.0, Max:  0.0, Diff:  0.0, Sum:  0.0, Workers: 4
[417.816s][debug][gc,phases      ] GC(28)     Dead                           Min: 0, Avg:  0.0, Max: 0, Diff: 0, Sum: 0, Workers: 4
[417.816s][debug][gc,phases      ] GC(28)     Total                          Min: 0, Avg: 176.8, Max: 512, Diff: 512, Sum: 707, Workers: 4
[417.816s][debug][gc,phases      ] GC(28)   ObjectSynchronizer Weak        Min:  0.0, Avg:  0.0, Max:  0.0, Diff:  0.0, Sum:  0.0, Workers: 4
[417.816s][debug][gc,phases      ] GC(28)     Dead                           Min: 0, Avg:  0.0, Max: 0, Diff: 0, Sum: 0, Workers: 4
[417.816s][debug][gc,phases      ] GC(28)     Total                          Min: 0, Avg:  6.5, Max: 26, Diff: 26, Sum: 26, Workers: 4
[417.816s][debug][gc,phases      ] GC(28)   JVMTI Tag Weak OopStorage      Min:  0.0, Avg:  0.0, Max:  0.0, Diff:  0.0, Sum:  0.0, Workers: 4
[417.816s][debug][gc,phases      ] GC(28)     Dead                           Min: 0, Avg:  0.0, Max: 0, Diff: 0, Sum: 0, Workers: 4
[417.816s][debug][gc,phases      ] GC(28)     Total                          Min: 0, Avg:  0.0, Max: 0, Diff: 0, Sum: 0, Workers: 4
[417.816s][debug][gc,phases      ] GC(28)   StringTable Weak               Min:  0.1, Avg:  0.1, Max:  0.1, Diff:  0.0, Sum:  0.4, Workers: 4
[417.816s][debug][gc,phases      ] GC(28)     Dead                           Min: 0, Avg:  0.0, Max: 0, Diff: 0, Sum: 0, Workers: 4
[417.816s][debug][gc,phases      ] GC(28)     Total                          Min: 9472, Avg: 10712.8, Max: 11648, Diff: 2176, Sum: 42851, Workers: 4
[417.816s][debug][gc,phases      ] GC(28)   ResolvedMethodTable Weak       Min:  0.0, Avg:  0.0, Max:  0.0, Diff:  0.0, Sum:  0.1, Workers: 4
[417.816s][debug][gc,phases      ] GC(28)     Dead                           Min: 0, Avg:  0.0, Max: 0, Diff: 0, Sum: 0, Workers: 4
[417.816s][debug][gc,phases      ] GC(28)     Total                          Min: 1792, Avg: 2105.0, Max: 2276, Diff: 484, Sum: 8420, Workers: 4
[417.816s][debug][gc,phases      ] GC(28)   JNI Weak                       Min:  0.0, Avg:  0.0, Max:  0.0, Diff:  0.0, Sum:  0.0, Workers: 4
[417.816s][debug][gc,phases      ] GC(28)     Dead                           Min: 0, Avg:  0.0, Max: 0, Diff: 0, Sum: 0, Workers: 4
[417.816s][debug][gc,phases      ] GC(28)     Total                          Min: 0, Avg: 11.2, Max: 45, Diff: 45, Sum: 45, Workers: 4
[417.816s][debug][gc,phases      ] GC(28)   StringDedup Table Weak         Min:  0.0, Avg:  0.0, Max:  0.0, Diff:  0.0, Sum:  0.0, Workers: 4
[417.816s][debug][gc,phases      ] GC(28)     Dead                           Min: 0, Avg:  0.0, Max: 0, Diff: 0, Sum: 0, Workers: 4
[417.816s][debug][gc,phases      ] GC(28)     Total                          Min: 0, Avg:  0.0, Max: 0, Diff: 0, Sum: 0, Workers: 4
[417.816s][debug][gc,phases      ] GC(28)   StringDedup Requests0 Weak     Min:  0.0, Avg:  0.0, Max:  0.0, Diff:  0.0, Sum:  0.0, Workers: 4
[417.816s][debug][gc,phases      ] GC(28)     Dead                           Min: 0, Avg:  0.0, Max: 0, Diff: 0, Sum: 0, Workers: 4
[417.816s][debug][gc,phases      ] GC(28)     Total                          Min: 0, Avg:  0.0, Max: 0, Diff: 0, Sum: 0, Workers: 4
[417.816s][debug][gc,phases      ] GC(28)   StringDedup Requests1 Weak     Min:  0.0, Avg:  0.0, Max:  0.0, Diff:  0.0, Sum:  0.0, Workers: 4
[417.816s][debug][gc,phases      ] GC(28)     Dead                           Min: 0, Avg:  0.0, Max: 0, Diff: 0, Sum: 0, Workers: 4
[417.816s][debug][gc,phases      ] GC(28)     Total                          Min: 0, Avg:  0.0, Max: 0, Diff: 0, Sum: 0, Workers: 4
[417.816s][debug][gc,phases      ] GC(28)   Weak JFR Old Object Samples    Min:  0.0, Avg:  0.0, Max:  0.0, Diff:  0.0, Sum:  0.0, Workers: 4
[417.816s][debug][gc,phases      ] GC(28)     Dead                           Min: 0, Avg:  0.0, Max: 0, Diff: 0, Sum: 0, Workers: 4
[417.816s][debug][gc,phases      ] GC(28)     Total                          Min: 0, Avg:  0.0, Max: 0, Diff: 0, Sum: 0, Workers: 4
[417.816s][debug][gc,phases      ] GC(28) Weak Processing 0.295ms
[417.816s][debug][gc,age         ] GC(28) Desired survivor size 367525888 bytes, new threshold 15 (max threshold 15)
[417.816s][info ][gc,heap        ] GC(28) PSYoungGen: 1459019K(1735168K)->84891K(1734656K) Eden: 1372672K(1372672K)->0K(1372672K) From: 86347K(362496K)->84891K(361984K)
[417.816s][info ][gc,heap        ] GC(28) ParOldGen: 223511K(342016K)->223543K(342016K)
[417.816s][info ][gc,metaspace   ] GC(28) Metaspace: 78260K(79168K)->78260K(79168K) NonClass: 67067K(67584K)->67067K(67584K) Class: 11193K(11584K)->11193K(11584K)
[417.816s][info ][gc             ] GC(28) Pause Young (Allocation Failure) 1643M->301M(2028M) 27.409ms
[417.816s][info ][gc,cpu         ] GC(28) User=0.09s Sys=0.00s Real=0.03s
[417.816s][info ][safepoint      ] Safepoint "ParallelGCFailedAllocation", Time since last: 1317604773 ns, Reaching safepoint: 31500 ns, At safepoint: 27479066 ns, Total: 27510566 ns
[431.817s][info ][safepoint      ] Safepoint "Cleanup", Time since last: 14000889079 ns, Reaching safepoint: 35700 ns, At safepoint: 2600 ns, Total: 38300 ns
[432.817s][info ][safepoint      ] Safepoint "Cleanup", Time since last: 1000099491 ns, Reaching safepoint: 43000 ns, At safepoint: 3600 ns, Total: 46600 ns
[433.818s][info ][safepoint      ] Safepoint "Cleanup", Time since last: 1000106891 ns, Reaching safepoint: 46800 ns, At safepoint: 2600 ns, Total: 49400 ns
[434.818s][info ][safepoint      ] Safepoint "Cleanup", Time since last: 1000111491 ns, Reaching safepoint: 41201 ns, At safepoint: 3400 ns, Total: 44601 ns
[436.818s][info ][safepoint      ] Safepoint "Cleanup", Time since last: 2000169140 ns, Reaching safepoint: 43300 ns, At safepoint: 2900 ns, Total: 46200 ns
[438.818s][info ][safepoint      ] Safepoint "Cleanup", Time since last: 2000164418 ns, Reaching safepoint: 60700 ns, At safepoint: 3000 ns, Total: 63700 ns
[439.818s][info ][safepoint      ] Safepoint "Cleanup", Time since last: 1000107159 ns, Reaching safepoint: 56101 ns, At safepoint: 4200 ns, Total: 60301 ns
[440.819s][info ][safepoint      ] Safepoint "Cleanup", Time since last: 1000115975 ns, Reaching safepoint: 40600 ns, At safepoint: 3800 ns, Total: 44400 ns
[441.819s][info ][safepoint      ] Safepoint "Cleanup", Time since last: 1000107245 ns, Reaching safepoint: 44000 ns, At safepoint: 3000 ns, Total: 47000 ns
[442.819s][info ][safepoint      ] Safepoint "Cleanup", Time since last: 1000107645 ns, Reaching safepoint: 42600 ns, At safepoint: 2900 ns, Total: 45500 ns
[443.819s][info ][safepoint      ] Safepoint "Cleanup", Time since last: 1000107645 ns, Reaching safepoint: 41200 ns, At safepoint: 2200 ns, Total: 43400 ns
[444.819s][info ][safepoint      ] Safepoint "Cleanup", Time since last: 1000101392 ns, Reaching safepoint: 42701 ns, At safepoint: 2900 ns, Total: 45601 ns
[446.640s][info ][gc,start       ] GC(29) Pause Young (Allocation Failure)
[446.668s][debug][gc,phases      ] GC(29) Scavenge 27.890ms
[446.668s][debug][gc,ref         ] GC(29) Skipped phase 1 of Reference Processing: no references
[446.668s][debug][gc,ref         ] GC(29) ReferenceProcessor::execute queues: 1, RefProcThreadModel::Single, marks_oops_alive: false
[446.668s][debug][gc,ref         ] GC(29) Skipped phase 3 of Reference Processing: no references
[446.668s][debug][gc,ref         ] GC(29) ReferenceProcessor::execute queues: 1, RefProcThreadModel::Single, marks_oops_alive: false
[446.668s][debug][gc,phases      ] GC(29) Reference Processing 0.131ms
[446.669s][debug][gc,phases      ] GC(29)   VM Weak                        Min:  0.0, Avg:  0.0, Max:  0.0, Diff:  0.0, Sum:  0.0, Workers: 4
[446.669s][debug][gc,phases      ] GC(29)     Dead                           Min: 0, Avg:  0.0, Max: 0, Diff: 0, Sum: 0, Workers: 4
[446.669s][debug][gc,phases      ] GC(29)     Total                          Min: 0, Avg: 176.8, Max: 704, Diff: 704, Sum: 707, Workers: 4
[446.669s][debug][gc,phases      ] GC(29)   ObjectSynchronizer Weak        Min:  0.0, Avg:  0.0, Max:  0.0, Diff:  0.0, Sum:  0.0, Workers: 4
[446.669s][debug][gc,phases      ] GC(29)     Dead                           Min: 0, Avg:  0.0, Max: 0, Diff: 0, Sum: 0, Workers: 4
[446.669s][debug][gc,phases      ] GC(29)     Total                          Min: 0, Avg:  6.5, Max: 26, Diff: 26, Sum: 26, Workers: 4
[446.669s][debug][gc,phases      ] GC(29)   JVMTI Tag Weak OopStorage      Min:  0.0, Avg:  0.0, Max:  0.0, Diff:  0.0, Sum:  0.0, Workers: 4
[446.669s][debug][gc,phases      ] GC(29)     Dead                           Min: 0, Avg:  0.0, Max: 0, Diff: 0, Sum: 0, Workers: 4
[446.669s][debug][gc,phases      ] GC(29)     Total                          Min: 0, Avg:  0.0, Max: 0, Diff: 0, Sum: 0, Workers: 4
[446.669s][debug][gc,phases      ] GC(29)   StringTable Weak               Min:  0.0, Avg:  0.1, Max:  0.1, Diff:  0.1, Sum:  0.4, Workers: 4
[446.669s][debug][gc,phases      ] GC(29)     Dead                           Min: 0, Avg:  0.8, Max: 3, Diff: 3, Sum: 3, Workers: 4
[446.669s][debug][gc,phases      ] GC(29)     Total                          Min: 0, Avg: 10713.5, Max: 18494, Diff: 18494, Sum: 42854, Workers: 4
[446.669s][debug][gc,phases      ] GC(29)   ResolvedMethodTable Weak       Min:  0.0, Avg:  0.0, Max:  0.0, Diff:  0.0, Sum:  0.1, Workers: 4
[446.669s][debug][gc,phases      ] GC(29)     Dead                           Min: 0, Avg:  0.0, Max: 0, Diff: 0, Sum: 0, Workers: 4
[446.669s][debug][gc,phases      ] GC(29)     Total                          Min: 0, Avg: 2106.8, Max: 3712, Diff: 3712, Sum: 8427, Workers: 4
[446.669s][debug][gc,phases      ] GC(29)   JNI Weak                       Min:  0.0, Avg:  0.0, Max:  0.0, Diff:  0.0, Sum:  0.0, Workers: 4
[446.669s][debug][gc,phases      ] GC(29)     Dead                           Min: 0, Avg:  0.0, Max: 0, Diff: 0, Sum: 0, Workers: 4
[446.669s][debug][gc,phases      ] GC(29)     Total                          Min: 0, Avg: 11.2, Max: 45, Diff: 45, Sum: 45, Workers: 4
[446.669s][debug][gc,phases      ] GC(29)   StringDedup Table Weak         Min:  0.0, Avg:  0.0, Max:  0.0, Diff:  0.0, Sum:  0.0, Workers: 4
[446.669s][debug][gc,phases      ] GC(29)     Dead                           Min: 0, Avg:  0.0, Max: 0, Diff: 0, Sum: 0, Workers: 4
[446.669s][debug][gc,phases      ] GC(29)     Total                          Min: 0, Avg:  0.0, Max: 0, Diff: 0, Sum: 0, Workers: 4
[446.669s][debug][gc,phases      ] GC(29)   StringDedup Requests0 Weak     Min:  0.0, Avg:  0.0, Max:  0.0, Diff:  0.0, Sum:  0.0, Workers: 4
[446.669s][debug][gc,phases      ] GC(29)     Dead                           Min: 0, Avg:  0.0, Max: 0, Diff: 0, Sum: 0, Workers: 4
[446.669s][debug][gc,phases      ] GC(29)     Total                          Min: 0, Avg:  0.0, Max: 0, Diff: 0, Sum: 0, Workers: 4
[446.669s][debug][gc,phases      ] GC(29)   StringDedup Requests1 Weak     Min:  0.0, Avg:  0.0, Max:  0.0, Diff:  0.0, Sum:  0.0, Workers: 4
[446.669s][debug][gc,phases      ] GC(29)     Dead                           Min: 0, Avg:  0.0, Max: 0, Diff: 0, Sum: 0, Workers: 4
[446.669s][debug][gc,phases      ] GC(29)     Total                          Min: 0, Avg:  0.0, Max: 0, Diff: 0, Sum: 0, Workers: 4
[446.669s][debug][gc,phases      ] GC(29)   Weak JFR Old Object Samples    Min:  0.0, Avg:  0.0, Max:  0.0, Diff:  0.0, Sum:  0.0, Workers: 4
[446.669s][debug][gc,phases      ] GC(29)     Dead                           Min: 0, Avg:  0.0, Max: 0, Diff: 0, Sum: 0, Workers: 4
[446.669s][debug][gc,phases      ] GC(29)     Total                          Min: 0, Avg:  0.0, Max: 0, Diff: 0, Sum: 0, Workers: 4
[446.669s][debug][gc,phases      ] GC(29) Weak Processing 0.334ms
[446.669s][debug][gc,age         ] GC(29) Desired survivor size 362807296 bytes, new threshold 15 (max threshold 15)
[446.669s][info ][gc,heap        ] GC(29) PSYoungGen: 1457563K(1734656K)->82459K(1742848K) Eden: 1372672K(1372672K)->0K(1383936K) From: 84891K(361984K)->82459K(358912K)
[446.669s][info ][gc,heap        ] GC(29) ParOldGen: 223543K(342016K)->225399K(342016K)
[446.669s][info ][gc,metaspace   ] GC(29) Metaspace: 78276K(79168K)->78276K(79168K) NonClass: 67080K(67584K)->67080K(67584K) Class: 11196K(11584K)->11196K(11584K)
[446.669s][info ][gc             ] GC(29) Pause Young (Allocation Failure) 1641M->300M(2036M) 28.481ms
[446.669s][info ][gc,cpu         ] GC(29) User=0.10s Sys=0.00s Real=0.03s
[446.669s][info ][safepoint      ] Safepoint "ParallelGCFailedAllocation", Time since last: 1821095722 ns, Reaching safepoint: 37901 ns, At safepoint: 28555672 ns, Total: 28593573 ns
[447.669s][info ][safepoint      ] Safepoint "Cleanup", Time since last: 1000066754 ns, Reaching safepoint: 42900 ns, At safepoint: 2800 ns, Total: 45700 ns
[449.669s][info ][safepoint      ] Safepoint "Cleanup", Time since last: 2000166707 ns, Reaching safepoint: 76200 ns, At safepoint: 3900 ns, Total: 80100 ns
[452.670s][info ][safepoint      ] Safepoint "Cleanup", Time since last: 3000231801 ns, Reaching safepoint: 53101 ns, At safepoint: 5200 ns, Total: 58301 ns
[454.670s][info ][safepoint      ] Safepoint "Cleanup", Time since last: 2000174394 ns, Reaching safepoint: 43401 ns, At safepoint: 2600 ns, Total: 46001 ns
[455.670s][info ][safepoint      ] Safepoint "Cleanup", Time since last: 1000106947 ns, Reaching safepoint: 40700 ns, At safepoint: 2700 ns, Total: 43400 ns
[456.670s][info ][safepoint      ] Safepoint "Cleanup", Time since last: 1000098348 ns, Reaching safepoint: 37600 ns, At safepoint: 3300 ns, Total: 40900 ns
[468.671s][info ][safepoint      ] Safepoint "Cleanup", Time since last: 12000809695 ns, Reaching safepoint: 42300 ns, At safepoint: 3100 ns, Total: 45400 ns
[469.671s][info ][safepoint      ] Safepoint "Cleanup", Time since last: 1000107801 ns, Reaching safepoint: 43401 ns, At safepoint: 2400 ns, Total: 45801 ns
[470.671s][info ][safepoint      ] Safepoint "Cleanup", Time since last: 1000098701 ns, Reaching safepoint: 51900 ns, At safepoint: 2300 ns, Total: 54200 ns
[471.671s][info ][safepoint      ] Safepoint "Cleanup", Time since last: 1000106702 ns, Reaching safepoint: 42800 ns, At safepoint: 4100 ns, Total: 46900 ns
[472.671s][info ][safepoint      ] Safepoint "Cleanup", Time since last: 1000104401 ns, Reaching safepoint: 30701 ns, At safepoint: 3400 ns, Total: 34101 ns
[473.672s][info ][safepoint      ] Safepoint "Cleanup", Time since last: 1000109801 ns, Reaching safepoint: 42700 ns, At safepoint: 4600 ns, Total: 47300 ns
[474.282s][info ][gc,start       ] GC(30) Pause Young (Allocation Failure)
[474.311s][debug][gc,phases      ] GC(30) Scavenge 28.291ms
[474.311s][debug][gc,ref         ] GC(30) Skipped phase 1 of Reference Processing: no references
[474.311s][debug][gc,ref         ] GC(30) ReferenceProcessor::execute queues: 1, RefProcThreadModel::Single, marks_oops_alive: false
[474.311s][debug][gc,ref         ] GC(30) Skipped phase 3 of Reference Processing: no references
[474.311s][debug][gc,ref         ] GC(30) ReferenceProcessor::execute queues: 1, RefProcThreadModel::Single, marks_oops_alive: false
[474.311s][debug][gc,phases      ] GC(30) Reference Processing 0.120ms
[474.311s][debug][gc,phases      ] GC(30)   VM Weak                        Min:  0.0, Avg:  0.0, Max:  0.0, Diff:  0.0, Sum:  0.0, Workers: 4
[474.311s][debug][gc,phases      ] GC(30)     Dead                           Min: 0, Avg:  0.0, Max: 0, Diff: 0, Sum: 0, Workers: 4
[474.311s][debug][gc,phases      ] GC(30)     Total                          Min: 0, Avg: 176.8, Max: 576, Diff: 576, Sum: 707, Workers: 4
[474.311s][debug][gc,phases      ] GC(30)   ObjectSynchronizer Weak        Min:  0.0, Avg:  0.0, Max:  0.0, Diff:  0.0, Sum:  0.0, Workers: 4
[474.311s][debug][gc,phases      ] GC(30)     Dead                           Min: 0, Avg:  0.0, Max: 0, Diff: 0, Sum: 0, Workers: 4
[474.311s][debug][gc,phases      ] GC(30)     Total                          Min: 0, Avg:  6.5, Max: 26, Diff: 26, Sum: 26, Workers: 4
[474.311s][debug][gc,phases      ] GC(30)   JVMTI Tag Weak OopStorage      Min:  0.0, Avg:  0.0, Max:  0.0, Diff:  0.0, Sum:  0.0, Workers: 4
[474.311s][debug][gc,phases      ] GC(30)     Dead                           Min: 0, Avg:  0.0, Max: 0, Diff: 0, Sum: 0, Workers: 4
[474.311s][debug][gc,phases      ] GC(30)     Total                          Min: 0, Avg:  0.0, Max: 0, Diff: 0, Sum: 0, Workers: 4
[474.311s][debug][gc,phases      ] GC(30)   StringTable Weak               Min:  0.0, Avg:  0.1, Max:  0.1, Diff:  0.1, Sum:  0.4, Workers: 4
[474.311s][debug][gc,phases      ] GC(30)     Dead                           Min: 0, Avg:  0.0, Max: 0, Diff: 0, Sum: 0, Workers: 4
[474.311s][debug][gc,phases      ] GC(30)     Total                          Min: 0, Avg: 10713.5, Max: 18431, Diff: 18431, Sum: 42854, Workers: 4
[474.311s][debug][gc,phases      ] GC(30)   ResolvedMethodTable Weak       Min:  0.0, Avg:  0.0, Max:  0.0, Diff:  0.0, Sum:  0.1, Workers: 4
[474.311s][debug][gc,phases      ] GC(30)     Dead                           Min: 0, Avg:  0.0, Max: 0, Diff: 0, Sum: 0, Workers: 4
[474.311s][debug][gc,phases      ] GC(30)     Total                          Min: 0, Avg: 2106.8, Max: 3499, Diff: 3499, Sum: 8427, Workers: 4
[474.311s][debug][gc,phases      ] GC(30)   JNI Weak                       Min:  0.0, Avg:  0.0, Max:  0.0, Diff:  0.0, Sum:  0.0, Workers: 4
[474.311s][debug][gc,phases      ] GC(30)     Dead                           Min: 0, Avg:  0.0, Max: 0, Diff: 0, Sum: 0, Workers: 4
[474.311s][debug][gc,phases      ] GC(30)     Total                          Min: 0, Avg: 11.2, Max: 45, Diff: 45, Sum: 45, Workers: 4
[474.311s][debug][gc,phases      ] GC(30)   StringDedup Table Weak         Min:  0.0, Avg:  0.0, Max:  0.0, Diff:  0.0, Sum:  0.0, Workers: 4
[474.311s][debug][gc,phases      ] GC(30)     Dead                           Min: 0, Avg:  0.0, Max: 0, Diff: 0, Sum: 0, Workers: 4
[474.311s][debug][gc,phases      ] GC(30)     Total                          Min: 0, Avg:  0.0, Max: 0, Diff: 0, Sum: 0, Workers: 4
[474.311s][debug][gc,phases      ] GC(30)   StringDedup Requests0 Weak     Min:  0.0, Avg:  0.0, Max:  0.0, Diff:  0.0, Sum:  0.0, Workers: 4
[474.311s][debug][gc,phases      ] GC(30)     Dead                           Min: 0, Avg:  0.0, Max: 0, Diff: 0, Sum: 0, Workers: 4
[474.311s][debug][gc,phases      ] GC(30)     Total                          Min: 0, Avg:  0.0, Max: 0, Diff: 0, Sum: 0, Workers: 4
[474.311s][debug][gc,phases      ] GC(30)   StringDedup Requests1 Weak     Min:  0.0, Avg:  0.0, Max:  0.0, Diff:  0.0, Sum:  0.0, Workers: 4
[474.311s][debug][gc,phases      ] GC(30)     Dead                           Min: 0, Avg:  0.0, Max: 0, Diff: 0, Sum: 0, Workers: 4
[474.311s][debug][gc,phases      ] GC(30)     Total                          Min: 0, Avg:  0.0, Max: 0, Diff: 0, Sum: 0, Workers: 4
[474.311s][debug][gc,phases      ] GC(30)   Weak JFR Old Object Samples    Min:  0.0, Avg:  0.0, Max:  0.0, Diff:  0.0, Sum:  0.0, Workers: 4
[474.311s][debug][gc,phases      ] GC(30)     Dead                           Min: 0, Avg:  0.0, Max: 0, Diff: 0, Sum: 0, Workers: 4
[474.311s][debug][gc,phases      ] GC(30)     Total                          Min: 0, Avg:  0.0, Max: 0, Diff: 0, Sum: 0, Workers: 4
[474.311s][debug][gc,phases      ] GC(30) Weak Processing 0.330ms
[474.311s][debug][gc,age         ] GC(30) Desired survivor size 356515840 bytes, new threshold 15 (max threshold 15)
[474.311s][info ][gc,heap        ] GC(30) PSYoungGen: 1466395K(1742848K)->80602K(1738240K) Eden: 1383936K(1383936K)->0K(1383936K) From: 82459K(358912K)->80602K(354304K)
[474.311s][info ][gc,heap        ] GC(30) ParOldGen: 225399K(342016K)->227432K(342016K)
[474.311s][info ][gc,metaspace   ] GC(30) Metaspace: 78297K(79168K)->78297K(79168K) NonClass: 67100K(67584K)->67100K(67584K) Class: 11196K(11584K)->11196K(11584K)
[474.311s][info ][gc             ] GC(30) Pause Young (Allocation Failure) 1652M->300M(2031M) 28.886ms
[474.311s][info ][gc,cpu         ] GC(30) User=0.10s Sys=0.00s Real=0.04s
[474.311s][info ][safepoint      ] Safepoint "ParallelGCFailedAllocation", Time since last: 610610403 ns, Reaching safepoint: 36201 ns, At safepoint: 28957371 ns, Total: 28993572 ns
[478.312s][info ][safepoint      ] Safepoint "Cleanup", Time since last: 4000268039 ns, Reaching safepoint: 30900 ns, At safepoint: 25700 ns, Total: 56600 ns
[484.312s][info ][safepoint      ] Safepoint "Cleanup", Time since last: 6000379212 ns, Reaching safepoint: 46500 ns, At safepoint: 3400 ns, Total: 49900 ns
[486.312s][info ][safepoint      ] Safepoint "Cleanup", Time since last: 2000140158 ns, Reaching safepoint: 44901 ns, At safepoint: 5600 ns, Total: 50501 ns
[489.312s][info ][safepoint      ] Safepoint "Cleanup", Time since last: 3000186537 ns, Reaching safepoint: 38000 ns, At safepoint: 2200 ns, Total: 40200 ns
[490.313s][info ][safepoint      ] Safepoint "Cleanup", Time since last: 1000101279 ns, Reaching safepoint: 39901 ns, At safepoint: 3100 ns, Total: 43001 ns
[491.313s][info ][safepoint      ] Safepoint "Cleanup", Time since last: 1000121079 ns, Reaching safepoint: 43100 ns, At safepoint: 2700 ns, Total: 45800 ns
[492.313s][info ][safepoint      ] Safepoint "Cleanup", Time since last: 1000116509 ns, Reaching safepoint: 42801 ns, At safepoint: 10100 ns, Total: 52901 ns
[495.313s][info ][safepoint      ] Safepoint "Cleanup", Time since last: 3000237822 ns, Reaching safepoint: 45301 ns, At safepoint: 3700 ns, Total: 49001 ns
[496.313s][info ][safepoint      ] Safepoint "Cleanup", Time since last: 1000106641 ns, Reaching safepoint: 36000 ns, At safepoint: 2700 ns, Total: 38700 ns
[502.314s][info ][safepoint      ] Safepoint "Cleanup", Time since last: 6000383770 ns, Reaching safepoint: 36500 ns, At safepoint: 3800 ns, Total: 40300 ns
[503.739s][info ][gc,start       ] GC(31) Pause Young (Allocation Failure)
[503.767s][debug][gc,phases      ] GC(31) Scavenge 27.459ms
[503.767s][debug][gc,ref         ] GC(31) Skipped phase 1 of Reference Processing: no references
[503.767s][debug][gc,ref         ] GC(31) ReferenceProcessor::execute queues: 1, RefProcThreadModel::Single, marks_oops_alive: false
[503.767s][debug][gc,ref         ] GC(31) Skipped phase 3 of Reference Processing: no references
[503.767s][debug][gc,ref         ] GC(31) ReferenceProcessor::execute queues: 1, RefProcThreadModel::Single, marks_oops_alive: false
[503.767s][debug][gc,phases      ] GC(31) Reference Processing 0.117ms
[503.767s][debug][gc,phases      ] GC(31)   VM Weak                        Min:  0.0, Avg:  0.0, Max:  0.0, Diff:  0.0, Sum:  0.0, Workers: 4
[503.767s][debug][gc,phases      ] GC(31)     Dead                           Min: 0, Avg:  0.0, Max: 0, Diff: 0, Sum: 0, Workers: 4
[503.767s][debug][gc,phases      ] GC(31)     Total                          Min: 0, Avg: 176.8, Max: 576, Diff: 576, Sum: 707, Workers: 4
[503.767s][debug][gc,phases      ] GC(31)   ObjectSynchronizer Weak        Min:  0.0, Avg:  0.0, Max:  0.0, Diff:  0.0, Sum:  0.0, Workers: 4
[503.767s][debug][gc,phases      ] GC(31)     Dead                           Min: 0, Avg:  0.0, Max: 0, Diff: 0, Sum: 0, Workers: 4
[503.767s][debug][gc,phases      ] GC(31)     Total                          Min: 0, Avg:  6.5, Max: 26, Diff: 26, Sum: 26, Workers: 4
[503.767s][debug][gc,phases      ] GC(31)   JVMTI Tag Weak OopStorage      Min:  0.0, Avg:  0.0, Max:  0.0, Diff:  0.0, Sum:  0.0, Workers: 4
[503.767s][debug][gc,phases      ] GC(31)     Dead                           Min: 0, Avg:  0.0, Max: 0, Diff: 0, Sum: 0, Workers: 4
[503.767s][debug][gc,phases      ] GC(31)     Total                          Min: 0, Avg:  0.0, Max: 0, Diff: 0, Sum: 0, Workers: 4
[503.767s][debug][gc,phases      ] GC(31)   StringTable Weak               Min:  0.0, Avg:  0.1, Max:  0.2, Diff:  0.2, Sum:  0.3, Workers: 4
[503.767s][debug][gc,phases      ] GC(31)     Dead                           Min: 0, Avg:  0.0, Max: 0, Diff: 0, Sum: 0, Workers: 4
[503.767s][debug][gc,phases      ] GC(31)     Total                          Min: 0, Avg: 10713.8, Max: 25534, Diff: 25534, Sum: 42855, Workers: 4
[503.767s][debug][gc,phases      ] GC(31)   ResolvedMethodTable Weak       Min:  0.0, Avg:  0.0, Max:  0.0, Diff:  0.0, Sum:  0.1, Workers: 4
[503.767s][debug][gc,phases      ] GC(31)     Dead                           Min: 0, Avg:  0.0, Max: 0, Diff: 0, Sum: 0, Workers: 4
[503.767s][debug][gc,phases      ] GC(31)     Total                          Min: 0, Avg: 2106.8, Max: 4907, Diff: 4907, Sum: 8427, Workers: 4
[503.767s][debug][gc,phases      ] GC(31)   JNI Weak                       Min:  0.0, Avg:  0.0, Max:  0.0, Diff:  0.0, Sum:  0.0, Workers: 4
[503.767s][debug][gc,phases      ] GC(31)     Dead                           Min: 0, Avg:  0.0, Max: 0, Diff: 0, Sum: 0, Workers: 4
[503.767s][debug][gc,phases      ] GC(31)     Total                          Min: 0, Avg: 11.2, Max: 45, Diff: 45, Sum: 45, Workers: 4
[503.767s][debug][gc,phases      ] GC(31)   StringDedup Table Weak         Min:  0.0, Avg:  0.0, Max:  0.0, Diff:  0.0, Sum:  0.0, Workers: 4
[503.767s][debug][gc,phases      ] GC(31)     Dead                           Min: 0, Avg:  0.0, Max: 0, Diff: 0, Sum: 0, Workers: 4
[503.767s][debug][gc,phases      ] GC(31)     Total                          Min: 0, Avg:  0.0, Max: 0, Diff: 0, Sum: 0, Workers: 4
[503.767s][debug][gc,phases      ] GC(31)   StringDedup Requests0 Weak     Min:  0.0, Avg:  0.0, Max:  0.0, Diff:  0.0, Sum:  0.0, Workers: 4
[503.767s][debug][gc,phases      ] GC(31)     Dead                           Min: 0, Avg:  0.0, Max: 0, Diff: 0, Sum: 0, Workers: 4
[503.767s][debug][gc,phases      ] GC(31)     Total                          Min: 0, Avg:  0.0, Max: 0, Diff: 0, Sum: 0, Workers: 4
[503.767s][debug][gc,phases      ] GC(31)   StringDedup Requests1 Weak     Min:  0.0, Avg:  0.0, Max:  0.0, Diff:  0.0, Sum:  0.0, Workers: 4
[503.767s][debug][gc,phases      ] GC(31)     Dead                           Min: 0, Avg:  0.0, Max: 0, Diff: 0, Sum: 0, Workers: 4
[503.767s][debug][gc,phases      ] GC(31)     Total                          Min: 0, Avg:  0.0, Max: 0, Diff: 0, Sum: 0, Workers: 4
[503.767s][debug][gc,phases      ] GC(31)   Weak JFR Old Object Samples    Min:  0.0, Avg:  0.0, Max:  0.0, Diff:  0.0, Sum:  0.0, Workers: 4
[503.767s][debug][gc,phases      ] GC(31)     Dead                           Min: 0, Avg:  0.0, Max: 0, Diff: 0, Sum: 0, Workers: 4
[503.767s][debug][gc,phases      ] GC(31)     Total                          Min: 0, Avg:  0.0, Max: 0, Diff: 0, Sum: 0, Workers: 4
[503.767s][debug][gc,phases      ] GC(31) Weak Processing 0.375ms
[503.767s][debug][gc,age         ] GC(31) Desired survivor size 348651520 bytes, new threshold 15 (max threshold 15)
[503.767s][info ][gc,heap        ] GC(31) PSYoungGen: 1464538K(1738240K)->80554K(1756672K) Eden: 1383936K(1383936K)->0K(1408512K) From: 80602K(354304K)->80554K(348160K)
[503.767s][info ][gc,heap        ] GC(31) ParOldGen: 227432K(342016K)->227528K(342016K)
[503.767s][info ][gc,metaspace   ] GC(31) Metaspace: 78305K(79168K)->78305K(79168K) NonClass: 67105K(67584K)->67105K(67584K) Class: 11199K(11584K)->11199K(11584K)
[503.767s][info ][gc             ] GC(31) Pause Young (Allocation Failure) 1652M->300M(2049M) 28.066ms
[503.767s][info ][gc,cpu         ] GC(31) User=0.10s Sys=0.00s Real=0.03s
[503.767s][info ][safepoint      ] Safepoint "ParallelGCFailedAllocation", Time since last: 1425210243 ns, Reaching safepoint: 22100 ns, At safepoint: 28142063 ns, Total: 28164163 ns
[510.768s][info ][safepoint      ] Safepoint "Cleanup", Time since last: 7000351785 ns, Reaching safepoint: 44301 ns, At safepoint: 29000 ns, Total: 73301 ns
[512.768s][info ][safepoint      ] Safepoint "Cleanup", Time since last: 2000161690 ns, Reaching safepoint: 47000 ns, At safepoint: 4100 ns, Total: 51100 ns
[514.768s][info ][safepoint      ] Safepoint "Cleanup", Time since last: 2000172857 ns, Reaching safepoint: 51900 ns, At safepoint: 5300 ns, Total: 57200 ns
[519.768s][info ][safepoint      ] Safepoint "Cleanup", Time since last: 5000331407 ns, Reaching safepoint: 41001 ns, At safepoint: 11100 ns, Total: 52101 ns
[521.259s][info ][safepoint      ] Safepoint "Cleanup", Time since last: 1490598874 ns, Reaching safepoint: 137401 ns, At safepoint: 9200 ns, Total: 146601 ns
[521.731s][info ][safepoint      ] Safepoint "ParallelGCFailedAllocation", Time since last: 471902700 ns, Reaching safepoint: 24000 ns, At safepoint: 8200 ns, Total: 32200 ns
[521.731s][info ][gc,start       ] GC(32) Pause Young (GCLocker Initiated GC)
[521.765s][debug][gc,phases      ] GC(32) Scavenge 33.570ms
[521.765s][debug][gc,ref         ] GC(32) Skipped phase 1 of Reference Processing: no references
[521.765s][debug][gc,ref         ] GC(32) ReferenceProcessor::execute queues: 1, RefProcThreadModel::Single, marks_oops_alive: false
[521.765s][debug][gc,ref         ] GC(32) Skipped phase 3 of Reference Processing: no references
[521.765s][debug][gc,ref         ] GC(32) ReferenceProcessor::execute queues: 1, RefProcThreadModel::Single, marks_oops_alive: false
[521.765s][debug][gc,phases      ] GC(32) Reference Processing 0.117ms
[521.765s][debug][gc,phases      ] GC(32)   VM Weak                        Min:  0.0, Avg:  0.0, Max:  0.0, Diff:  0.0, Sum:  0.0, Workers: 4
[521.765s][debug][gc,phases      ] GC(32)     Dead                           Min: 0, Avg:  0.0, Max: 0, Diff: 0, Sum: 0, Workers: 4
[521.765s][debug][gc,phases      ] GC(32)     Total                          Min: 0, Avg: 176.8, Max: 579, Diff: 579, Sum: 707, Workers: 4
[521.765s][debug][gc,phases      ] GC(32)   ObjectSynchronizer Weak        Min:  0.0, Avg:  0.0, Max:  0.0, Diff:  0.0, Sum:  0.0, Workers: 4
[521.765s][debug][gc,phases      ] GC(32)     Dead                           Min: 0, Avg:  0.0, Max: 0, Diff: 0, Sum: 0, Workers: 4
[521.765s][debug][gc,phases      ] GC(32)     Total                          Min: 0, Avg:  6.8, Max: 27, Diff: 27, Sum: 27, Workers: 4
[521.765s][debug][gc,phases      ] GC(32)   JVMTI Tag Weak OopStorage      Min:  0.0, Avg:  0.0, Max:  0.0, Diff:  0.0, Sum:  0.0, Workers: 4
[521.765s][debug][gc,phases      ] GC(32)     Dead                           Min: 0, Avg:  0.0, Max: 0, Diff: 0, Sum: 0, Workers: 4
[521.765s][debug][gc,phases      ] GC(32)     Total                          Min: 0, Avg:  0.0, Max: 0, Diff: 0, Sum: 0, Workers: 4
[521.765s][debug][gc,phases      ] GC(32)   StringTable Weak               Min:  0.0, Avg:  0.1, Max:  0.1, Diff:  0.1, Sum:  0.4, Workers: 4
[521.765s][debug][gc,phases      ] GC(32)     Dead                           Min: 0, Avg:  0.2, Max: 1, Diff: 1, Sum: 1, Workers: 4
[521.765s][debug][gc,phases      ] GC(32)     Total                          Min: 0, Avg: 10718.8, Max: 16894, Diff: 16894, Sum: 42875, Workers: 4
[521.765s][debug][gc,phases      ] GC(32)   ResolvedMethodTable Weak       Min:  0.0, Avg:  0.0, Max:  0.0, Diff:  0.0, Sum:  0.1, Workers: 4
[521.765s][debug][gc,phases      ] GC(32)     Dead                           Min: 0, Avg:  0.0, Max: 0, Diff: 0, Sum: 0, Workers: 4
[521.765s][debug][gc,phases      ] GC(32)     Total                          Min: 0, Avg: 2107.8, Max: 3072, Diff: 3072, Sum: 8431, Workers: 4
[521.765s][debug][gc,phases      ] GC(32)   JNI Weak                       Min:  0.0, Avg:  0.0, Max:  0.0, Diff:  0.0, Sum:  0.0, Workers: 4
[521.765s][debug][gc,phases      ] GC(32)     Dead                           Min: 0, Avg:  0.0, Max: 0, Diff: 0, Sum: 0, Workers: 4
[521.765s][debug][gc,phases      ] GC(32)     Total                          Min: 0, Avg: 11.2, Max: 45, Diff: 45, Sum: 45, Workers: 4
[521.765s][debug][gc,phases      ] GC(32)   StringDedup Table Weak         Min:  0.0, Avg:  0.0, Max:  0.0, Diff:  0.0, Sum:  0.0, Workers: 4
[521.765s][debug][gc,phases      ] GC(32)     Dead                           Min: 0, Avg:  0.0, Max: 0, Diff: 0, Sum: 0, Workers: 4
[521.765s][debug][gc,phases      ] GC(32)     Total                          Min: 0, Avg:  0.0, Max: 0, Diff: 0, Sum: 0, Workers: 4
[521.765s][debug][gc,phases      ] GC(32)   StringDedup Requests0 Weak     Min:  0.0, Avg:  0.0, Max:  0.0, Diff:  0.0, Sum:  0.0, Workers: 4
[521.765s][debug][gc,phases      ] GC(32)     Dead                           Min: 0, Avg:  0.0, Max: 0, Diff: 0, Sum: 0, Workers: 4
[521.765s][debug][gc,phases      ] GC(32)     Total                          Min: 0, Avg:  0.0, Max: 0, Diff: 0, Sum: 0, Workers: 4
[521.765s][debug][gc,phases      ] GC(32)   StringDedup Requests1 Weak     Min:  0.0, Avg:  0.0, Max:  0.0, Diff:  0.0, Sum:  0.0, Workers: 4
[521.765s][debug][gc,phases      ] GC(32)     Dead                           Min: 0, Avg:  0.0, Max: 0, Diff: 0, Sum: 0, Workers: 4
[521.765s][debug][gc,phases      ] GC(32)     Total                          Min: 0, Avg:  0.0, Max: 0, Diff: 0, Sum: 0, Workers: 4
[521.765s][debug][gc,phases      ] GC(32)   Weak JFR Old Object Samples    Min:  0.0, Avg:  0.0, Max:  0.0, Diff:  0.0, Sum:  0.0, Workers: 4
[521.765s][debug][gc,phases      ] GC(32)     Dead                           Min: 0, Avg:  0.0, Max: 0, Diff: 0, Sum: 0, Workers: 4
[521.765s][debug][gc,phases      ] GC(32)     Total                          Min: 0, Avg:  0.0, Max: 0, Diff: 0, Sum: 0, Workers: 4
[521.765s][debug][gc,phases      ] GC(32) Weak Processing 0.344ms
[521.765s][debug][gc,age         ] GC(32) Desired survivor size 336068608 bytes, new threshold 15 (max threshold 15)
[521.765s][info ][gc,heap        ] GC(32) PSYoungGen: 1489066K(1756672K)->98858K(1748992K) Eden: 1408512K(1408512K)->0K(1408512K) From: 80554K(348160K)->98858K(340480K)
[521.765s][info ][gc,heap        ] GC(32) ParOldGen: 227530K(342016K)->227674K(342016K)
[521.765s][info ][gc,metaspace   ] GC(32) Metaspace: 78344K(79232K)->78344K(79232K) NonClass: 67143K(67648K)->67143K(67648K) Class: 11201K(11584K)->11201K(11584K)
[521.765s][info ][gc             ] GC(32) Pause Young (GCLocker Initiated GC) 1676M->318M(2042M) 34.133ms
[521.765s][info ][gc,cpu         ] GC(32) User=0.12s Sys=0.00s Real=0.03s
[521.765s][info ][safepoint      ] Safepoint "ParallelGCSystemGC", Time since last: 81201 ns, Reaching safepoint: 25000 ns, At safepoint: 34195217 ns, Total: 34220217 ns
[522.765s][info ][safepoint      ] Safepoint "Cleanup", Time since last: 1000030770 ns, Reaching safepoint: 42201 ns, At safepoint: 3900 ns, Total: 46101 ns
[528.766s][info ][safepoint      ] Safepoint "Cleanup", Time since last: 6000412205 ns, Reaching safepoint: 44700 ns, At safepoint: 2900 ns, Total: 47600 ns
[535.766s][info ][safepoint      ] Safepoint "Cleanup", Time since last: 7000490302 ns, Reaching safepoint: 42401 ns, At safepoint: 6400 ns, Total: 48801 ns
[537.767s][info ][safepoint      ] Safepoint "Cleanup", Time since last: 2000164091 ns, Reaching safepoint: 30900 ns, At safepoint: 6400 ns, Total: 37300 ns
[538.859s][info ][safepoint      ] Safepoint "Cleanup", Time since last: 1092274584 ns, Reaching safepoint: 65300 ns, At safepoint: 2500 ns, Total: 67800 ns
[540.859s][info ][safepoint      ] Safepoint "Cleanup", Time since last: 2000163022 ns, Reaching safepoint: 42900 ns, At safepoint: 3400 ns, Total: 46300 ns
[541.332s][info ][gc,start       ] GC(33) Pause Young (Allocation Failure)
[541.363s][debug][gc,phases      ] GC(33) Scavenge 30.750ms
[541.363s][debug][gc,ref         ] GC(33) Skipped phase 1 of Reference Processing: no references
[541.363s][debug][gc,ref         ] GC(33) ReferenceProcessor::execute queues: 1, RefProcThreadModel::Single, marks_oops_alive: false
[541.363s][debug][gc,ref         ] GC(33) Skipped phase 3 of Reference Processing: no references
[541.363s][debug][gc,ref         ] GC(33) ReferenceProcessor::execute queues: 1, RefProcThreadModel::Single, marks_oops_alive: false
[541.363s][debug][gc,phases      ] GC(33) Reference Processing 0.132ms
[541.363s][debug][gc,phases      ] GC(33)   VM Weak                        Min:  0.0, Avg:  0.0, Max:  0.0, Diff:  0.0, Sum:  0.0, Workers: 4
[541.363s][debug][gc,phases      ] GC(33)     Dead                           Min: 0, Avg:  0.0, Max: 0, Diff: 0, Sum: 0, Workers: 4
[541.363s][debug][gc,phases      ] GC(33)     Total                          Min: 0, Avg: 178.2, Max: 393, Diff: 393, Sum: 713, Workers: 4
[541.363s][debug][gc,phases      ] GC(33)   ObjectSynchronizer Weak        Min:  0.0, Avg:  0.0, Max:  0.0, Diff:  0.0, Sum:  0.0, Workers: 4
[541.363s][debug][gc,phases      ] GC(33)     Dead                           Min: 0, Avg:  0.0, Max: 0, Diff: 0, Sum: 0, Workers: 4
[541.363s][debug][gc,phases      ] GC(33)     Total                          Min: 0, Avg:  6.8, Max: 27, Diff: 27, Sum: 27, Workers: 4
[541.363s][debug][gc,phases      ] GC(33)   JVMTI Tag Weak OopStorage      Min:  0.0, Avg:  0.0, Max:  0.0, Diff:  0.0, Sum:  0.0, Workers: 4
[541.363s][debug][gc,phases      ] GC(33)     Dead                           Min: 0, Avg:  0.0, Max: 0, Diff: 0, Sum: 0, Workers: 4
[541.363s][debug][gc,phases      ] GC(33)     Total                          Min: 0, Avg:  0.0, Max: 0, Diff: 0, Sum: 0, Workers: 4
[541.363s][debug][gc,phases      ] GC(33)   StringTable Weak               Min:  0.0, Avg:  0.1, Max:  0.1, Diff:  0.1, Sum:  0.4, Workers: 4
[541.363s][debug][gc,phases      ] GC(33)     Dead                           Min: 0, Avg:  0.5, Max: 2, Diff: 2, Sum: 2, Workers: 4
[541.363s][debug][gc,phases      ] GC(33)     Total                          Min: 0, Avg: 10724.0, Max: 17855, Diff: 17855, Sum: 42896, Workers: 4
[541.363s][debug][gc,phases      ] GC(33)   ResolvedMethodTable Weak       Min:  0.0, Avg:  0.0, Max:  0.0, Diff:  0.0, Sum:  0.1, Workers: 4
[541.363s][debug][gc,phases      ] GC(33)     Dead                           Min: 0, Avg:  0.0, Max: 0, Diff: 0, Sum: 0, Workers: 4
[541.363s][debug][gc,phases      ] GC(33)     Total                          Min: 0, Avg: 2114.8, Max: 3275, Diff: 3275, Sum: 8459, Workers: 4
[541.363s][debug][gc,phases      ] GC(33)   JNI Weak                       Min:  0.0, Avg:  0.0, Max:  0.0, Diff:  0.0, Sum:  0.0, Workers: 4
[541.363s][debug][gc,phases      ] GC(33)     Dead                           Min: 0, Avg:  0.0, Max: 0, Diff: 0, Sum: 0, Workers: 4
[541.363s][debug][gc,phases      ] GC(33)     Total                          Min: 0, Avg: 11.2, Max: 45, Diff: 45, Sum: 45, Workers: 4
[541.363s][debug][gc,phases      ] GC(33)   StringDedup Table Weak         Min:  0.0, Avg:  0.0, Max:  0.0, Diff:  0.0, Sum:  0.0, Workers: 4
[541.363s][debug][gc,phases      ] GC(33)     Dead                           Min: 0, Avg:  0.0, Max: 0, Diff: 0, Sum: 0, Workers: 4
[541.363s][debug][gc,phases      ] GC(33)     Total                          Min: 0, Avg:  0.0, Max: 0, Diff: 0, Sum: 0, Workers: 4
[541.363s][debug][gc,phases      ] GC(33)   StringDedup Requests0 Weak     Min:  0.0, Avg:  0.0, Max:  0.0, Diff:  0.0, Sum:  0.0, Workers: 4
[541.363s][debug][gc,phases      ] GC(33)     Dead                           Min: 0, Avg:  0.0, Max: 0, Diff: 0, Sum: 0, Workers: 4
[541.363s][debug][gc,phases      ] GC(33)     Total                          Min: 0, Avg:  0.0, Max: 0, Diff: 0, Sum: 0, Workers: 4
[541.363s][debug][gc,phases      ] GC(33)   StringDedup Requests1 Weak     Min:  0.0, Avg:  0.0, Max:  0.0, Diff:  0.0, Sum:  0.0, Workers: 4
[541.363s][debug][gc,phases      ] GC(33)     Dead                           Min: 0, Avg:  0.0, Max: 0, Diff: 0, Sum: 0, Workers: 4
[541.363s][debug][gc,phases      ] GC(33)     Total                          Min: 0, Avg:  0.0, Max: 0, Diff: 0, Sum: 0, Workers: 4
[541.363s][debug][gc,phases      ] GC(33)   Weak JFR Old Object Samples    Min:  0.0, Avg:  0.0, Max:  0.0, Diff:  0.0, Sum:  0.0, Workers: 4
[541.363s][debug][gc,phases      ] GC(33)     Dead                           Min: 0, Avg:  0.0, Max: 0, Diff: 0, Sum: 0, Workers: 4
[541.363s][debug][gc,phases      ] GC(33)     Total                          Min: 0, Avg:  0.0, Max: 0, Diff: 0, Sum: 0, Workers: 4
[541.363s][debug][gc,phases      ] GC(33) Weak Processing 0.324ms
[541.363s][debug][gc,age         ] GC(33) Desired survivor size 324534272 bytes, new threshold 15 (max threshold 15)
[541.363s][info ][gc,heap        ] GC(33) PSYoungGen: 1507370K(1748992K)->96042K(1780224K) Eden: 1408512K(1408512K)->0K(1452032K) From: 98858K(340480K)->96042K(328192K)
[541.363s][info ][gc,heap        ] GC(33) ParOldGen: 227800K(342016K)->228352K(342016K)
[541.363s][info ][gc,metaspace   ] GC(33) Metaspace: 78428K(79296K)->78428K(79296K) NonClass: 67209K(67712K)->67209K(67712K) Class: 11219K(11584K)->11219K(11584K)
[541.363s][info ][gc             ] GC(33) Pause Young (Allocation Failure) 1694M->316M(2072M) 31.323ms
[541.363s][info ][gc,cpu         ] GC(33) User=0.11s Sys=0.00s Real=0.03s
[541.363s][info ][safepoint      ] Safepoint "ParallelGCFailedAllocation", Time since last: 472495066 ns, Reaching safepoint: 107100 ns, At safepoint: 31391877 ns, Total: 31498977 ns
[542.363s][info ][safepoint      ] Safepoint "Cleanup", Time since last: 1000078842 ns, Reaching safepoint: 35500 ns, At safepoint: 2700 ns, Total: 38200 ns
[545.364s][info ][safepoint      ] Safepoint "Cleanup", Time since last: 3000234723 ns, Reaching safepoint: 40600 ns, At safepoint: 2201 ns, Total: 42801 ns
[548.364s][info ][safepoint      ] Safepoint "Cleanup", Time since last: 3000223920 ns, Reaching safepoint: 48501 ns, At safepoint: 2400 ns, Total: 50901 ns
[559.365s][info ][safepoint      ] Safepoint "Cleanup", Time since last: 11000678176 ns, Reaching safepoint: 51200 ns, At safepoint: 2800 ns, Total: 54000 ns
[563.365s][info ][safepoint      ] Safepoint "Cleanup", Time since last: 4000310015 ns, Reaching safepoint: 42600 ns, At safepoint: 3600 ns, Total: 46200 ns
[564.365s][info ][safepoint      ] Safepoint "Cleanup", Time since last: 1000144416 ns, Reaching safepoint: 38100 ns, At safepoint: 3700 ns, Total: 41800 ns
[572.439s][info ][gc,start       ] GC(34) Pause Young (Allocation Failure)
[572.470s][debug][gc,phases      ] GC(34) Scavenge 30.296ms
[572.470s][debug][gc,ref         ] GC(34) Skipped phase 1 of Reference Processing: no references
[572.470s][debug][gc,ref         ] GC(34) ReferenceProcessor::execute queues: 1, RefProcThreadModel::Single, marks_oops_alive: false
[572.470s][debug][gc,ref         ] GC(34) Skipped phase 3 of Reference Processing: no references
[572.470s][debug][gc,ref         ] GC(34) ReferenceProcessor::execute queues: 1, RefProcThreadModel::Single, marks_oops_alive: false
[572.470s][debug][gc,phases      ] GC(34) Reference Processing 0.125ms
[572.470s][debug][gc,phases      ] GC(34)   VM Weak                        Min:  0.0, Avg:  0.0, Max:  0.0, Diff:  0.0, Sum:  0.0, Workers: 4
[572.470s][debug][gc,phases      ] GC(34)     Dead                           Min: 0, Avg:  0.0, Max: 0, Diff: 0, Sum: 0, Workers: 4
[572.470s][debug][gc,phases      ] GC(34)     Total                          Min: 0, Avg: 178.2, Max: 393, Diff: 393, Sum: 713, Workers: 4
[572.470s][debug][gc,phases      ] GC(34)   ObjectSynchronizer Weak        Min:  0.0, Avg:  0.0, Max:  0.0, Diff:  0.0, Sum:  0.0, Workers: 4
[572.470s][debug][gc,phases      ] GC(34)     Dead                           Min: 0, Avg:  0.0, Max: 0, Diff: 0, Sum: 0, Workers: 4
[572.470s][debug][gc,phases      ] GC(34)     Total                          Min: 0, Avg:  6.8, Max: 27, Diff: 27, Sum: 27, Workers: 4
[572.470s][debug][gc,phases      ] GC(34)   JVMTI Tag Weak OopStorage      Min:  0.0, Avg:  0.0, Max:  0.0, Diff:  0.0, Sum:  0.0, Workers: 4
[572.470s][debug][gc,phases      ] GC(34)     Dead                           Min: 0, Avg:  0.0, Max: 0, Diff: 0, Sum: 0, Workers: 4
[572.470s][debug][gc,phases      ] GC(34)     Total                          Min: 0, Avg:  0.0, Max: 0, Diff: 0, Sum: 0, Workers: 4
[572.470s][debug][gc,phases      ] GC(34)   StringTable Weak               Min:  0.0, Avg:  0.1, Max:  0.1, Diff:  0.1, Sum:  0.4, Workers: 4
[572.470s][debug][gc,phases      ] GC(34)     Dead                           Min: 0, Avg:  0.0, Max: 0, Diff: 0, Sum: 0, Workers: 4
[572.470s][debug][gc,phases      ] GC(34)     Total                          Min: 0, Avg: 10725.0, Max: 17534, Diff: 17534, Sum: 42900, Workers: 4
[572.470s][debug][gc,phases      ] GC(34)   ResolvedMethodTable Weak       Min:  0.0, Avg:  0.0, Max:  0.0, Diff:  0.0, Sum:  0.1, Workers: 4
[572.470s][debug][gc,phases      ] GC(34)     Dead                           Min: 0, Avg:  0.0, Max: 0, Diff: 0, Sum: 0, Workers: 4
[572.470s][debug][gc,phases      ] GC(34)     Total                          Min: 0, Avg: 2114.8, Max: 3520, Diff: 3520, Sum: 8459, Workers: 4
[572.470s][debug][gc,phases      ] GC(34)   JNI Weak                       Min:  0.0, Avg:  0.0, Max:  0.0, Diff:  0.0, Sum:  0.0, Workers: 4
[572.470s][debug][gc,phases      ] GC(34)     Dead                           Min: 0, Avg:  0.0, Max: 0, Diff: 0, Sum: 0, Workers: 4
[572.470s][debug][gc,phases      ] GC(34)     Total                          Min: 0, Avg: 11.2, Max: 45, Diff: 45, Sum: 45, Workers: 4
[572.470s][debug][gc,phases      ] GC(34)   StringDedup Table Weak         Min:  0.0, Avg:  0.0, Max:  0.0, Diff:  0.0, Sum:  0.0, Workers: 4
[572.470s][debug][gc,phases      ] GC(34)     Dead                           Min: 0, Avg:  0.0, Max: 0, Diff: 0, Sum: 0, Workers: 4
[572.470s][debug][gc,phases      ] GC(34)     Total                          Min: 0, Avg:  0.0, Max: 0, Diff: 0, Sum: 0, Workers: 4
[572.470s][debug][gc,phases      ] GC(34)   StringDedup Requests0 Weak     Min:  0.0, Avg:  0.0, Max:  0.0, Diff:  0.0, Sum:  0.0, Workers: 4
[572.470s][debug][gc,phases      ] GC(34)     Dead                           Min: 0, Avg:  0.0, Max: 0, Diff: 0, Sum: 0, Workers: 4
[572.470s][debug][gc,phases      ] GC(34)     Total                          Min: 0, Avg:  0.0, Max: 0, Diff: 0, Sum: 0, Workers: 4
[572.470s][debug][gc,phases      ] GC(34)   StringDedup Requests1 Weak     Min:  0.0, Avg:  0.0, Max:  0.0, Diff:  0.0, Sum:  0.0, Workers: 4
[572.470s][debug][gc,phases      ] GC(34)     Dead                           Min: 0, Avg:  0.0, Max: 0, Diff: 0, Sum: 0, Workers: 4
[572.470s][debug][gc,phases      ] GC(34)     Total                          Min: 0, Avg:  0.0, Max: 0, Diff: 0, Sum: 0, Workers: 4
[572.470s][debug][gc,phases      ] GC(34)   Weak JFR Old Object Samples    Min:  0.0, Avg:  0.0, Max:  0.0, Diff:  0.0, Sum:  0.0, Workers: 4
[572.470s][debug][gc,phases      ] GC(34)     Dead                           Min: 0, Avg:  0.0, Max: 0, Diff: 0, Sum: 0, Workers: 4
[572.470s][debug][gc,phases      ] GC(34)     Total                          Min: 0, Avg:  0.0, Max: 0, Diff: 0, Sum: 0, Workers: 4
[572.470s][debug][gc,phases      ] GC(34) Weak Processing 0.325ms
[572.470s][debug][gc,age         ] GC(34) Desired survivor size 312999936 bytes, new threshold 15 (max threshold 15)
[572.470s][info ][gc,heap        ] GC(34) PSYoungGen: 1548074K(1780224K)->94544K(1768960K) Eden: 1452032K(1452032K)->0K(1452032K) From: 96042K(328192K)->94544K(316928K)
[572.470s][info ][gc,heap        ] GC(34) ParOldGen: 228352K(342016K)->229823K(342016K)
[572.470s][info ][gc,metaspace   ] GC(34) Metaspace: 78436K(79296K)->78436K(79296K) NonClass: 67217K(67712K)->67217K(67712K) Class: 11219K(11584K)->11219K(11584K)
[572.470s][info ][gc             ] GC(34) Pause Young (Allocation Failure) 1734M->316M(2061M) 30.886ms
[572.470s][info ][gc,cpu         ] GC(34) User=0.11s Sys=0.00s Real=0.03s
[572.470s][info ][safepoint      ] Safepoint "ParallelGCFailedAllocation", Time since last: 8074123868 ns, Reaching safepoint: 35800 ns, At safepoint: 30954162 ns, Total: 30989962 ns
[578.471s][info ][safepoint      ] Safepoint "Cleanup", Time since last: 6000414805 ns, Reaching safepoint: 40200 ns, At safepoint: 3200 ns, Total: 43400 ns
[581.471s][info ][safepoint      ] Safepoint "Cleanup", Time since last: 3000183752 ns, Reaching safepoint: 46501 ns, At safepoint: 2800 ns, Total: 49301 ns
[584.471s][info ][safepoint      ] Safepoint "Cleanup", Time since last: 3000210905 ns, Reaching safepoint: 37700 ns, At safepoint: 2500 ns, Total: 40200 ns
[590.472s][info ][safepoint      ] Safepoint "Cleanup", Time since last: 6000420560 ns, Reaching safepoint: 55500 ns, At safepoint: 2500 ns, Total: 58000 ns
[593.472s][info ][safepoint      ] Safepoint "Cleanup", Time since last: 3000240007 ns, Reaching safepoint: 43600 ns, At safepoint: 3000 ns, Total: 46600 ns
[598.472s][info ][safepoint      ] Safepoint "Cleanup", Time since last: 5000355569 ns, Reaching safepoint: 35000 ns, At safepoint: 4100 ns, Total: 39100 ns
[603.390s][info ][gc,start       ] GC(35) Pause Young (Allocation Failure)
[603.421s][debug][gc,phases      ] GC(35) Scavenge 31.095ms
[603.421s][debug][gc,ref         ] GC(35) Skipped phase 1 of Reference Processing: no references
[603.422s][debug][gc,ref         ] GC(35) ReferenceProcessor::execute queues: 1, RefProcThreadModel::Single, marks_oops_alive: false
[603.422s][debug][gc,ref         ] GC(35) Skipped phase 3 of Reference Processing: no references
[603.422s][debug][gc,ref         ] GC(35) ReferenceProcessor::execute queues: 1, RefProcThreadModel::Single, marks_oops_alive: false
[603.422s][debug][gc,phases      ] GC(35) Reference Processing 0.110ms
[603.422s][debug][gc,phases      ] GC(35)   VM Weak                        Min:  0.0, Avg:  0.0, Max:  0.0, Diff:  0.0, Sum:  0.0, Workers: 4
[603.422s][debug][gc,phases      ] GC(35)     Dead                           Min: 0, Avg:  0.0, Max: 0, Diff: 0, Sum: 0, Workers: 4
[603.422s][debug][gc,phases      ] GC(35)     Total                          Min: 0, Avg: 178.2, Max: 576, Diff: 576, Sum: 713, Workers: 4
[603.422s][debug][gc,phases      ] GC(35)   ObjectSynchronizer Weak        Min:  0.0, Avg:  0.0, Max:  0.0, Diff:  0.0, Sum:  0.0, Workers: 4
[603.422s][debug][gc,phases      ] GC(35)     Dead                           Min: 0, Avg:  0.0, Max: 0, Diff: 0, Sum: 0, Workers: 4
[603.422s][debug][gc,phases      ] GC(35)     Total                          Min: 0, Avg:  6.8, Max: 27, Diff: 27, Sum: 27, Workers: 4
[603.422s][debug][gc,phases      ] GC(35)   JVMTI Tag Weak OopStorage      Min:  0.0, Avg:  0.0, Max:  0.0, Diff:  0.0, Sum:  0.0, Workers: 4
[603.422s][debug][gc,phases      ] GC(35)     Dead                           Min: 0, Avg:  0.0, Max: 0, Diff: 0, Sum: 0, Workers: 4
[603.422s][debug][gc,phases      ] GC(35)     Total                          Min: 0, Avg:  0.0, Max: 0, Diff: 0, Sum: 0, Workers: 4
[603.422s][debug][gc,phases      ] GC(35)   StringTable Weak               Min:  0.0, Avg:  0.1, Max:  0.1, Diff:  0.1, Sum:  0.3, Workers: 4
[603.422s][debug][gc,phases      ] GC(35)     Dead                           Min: 0, Avg:  0.0, Max: 0, Diff: 0, Sum: 0, Workers: 4
[603.422s][debug][gc,phases      ] GC(35)     Total                          Min: 0, Avg: 10725.0, Max: 18518, Diff: 18518, Sum: 42900, Workers: 4
[603.422s][debug][gc,phases      ] GC(35)   ResolvedMethodTable Weak       Min:  0.0, Avg:  0.0, Max:  0.0, Diff:  0.0, Sum:  0.1, Workers: 4
[603.422s][debug][gc,phases      ] GC(35)     Dead                           Min: 0, Avg:  0.0, Max: 0, Diff: 0, Sum: 0, Workers: 4
[603.422s][debug][gc,phases      ] GC(35)     Total                          Min: 0, Avg: 2114.8, Max: 3328, Diff: 3328, Sum: 8459, Workers: 4
[603.422s][debug][gc,phases      ] GC(35)   JNI Weak                       Min:  0.0, Avg:  0.0, Max:  0.0, Diff:  0.0, Sum:  0.0, Workers: 4
[603.422s][debug][gc,phases      ] GC(35)     Dead                           Min: 0, Avg:  0.0, Max: 0, Diff: 0, Sum: 0, Workers: 4
[603.422s][debug][gc,phases      ] GC(35)     Total                          Min: 0, Avg: 11.2, Max: 45, Diff: 45, Sum: 45, Workers: 4
[603.422s][debug][gc,phases      ] GC(35)   StringDedup Table Weak         Min:  0.0, Avg:  0.0, Max:  0.0, Diff:  0.0, Sum:  0.0, Workers: 4
[603.422s][debug][gc,phases      ] GC(35)     Dead                           Min: 0, Avg:  0.0, Max: 0, Diff: 0, Sum: 0, Workers: 4
[603.422s][debug][gc,phases      ] GC(35)     Total                          Min: 0, Avg:  0.0, Max: 0, Diff: 0, Sum: 0, Workers: 4
[603.422s][debug][gc,phases      ] GC(35)   StringDedup Requests0 Weak     Min:  0.0, Avg:  0.0, Max:  0.0, Diff:  0.0, Sum:  0.0, Workers: 4
[603.422s][debug][gc,phases      ] GC(35)     Dead                           Min: 0, Avg:  0.0, Max: 0, Diff: 0, Sum: 0, Workers: 4
[603.422s][debug][gc,phases      ] GC(35)     Total                          Min: 0, Avg:  0.0, Max: 0, Diff: 0, Sum: 0, Workers: 4
[603.422s][debug][gc,phases      ] GC(35)   StringDedup Requests1 Weak     Min:  0.0, Avg:  0.0, Max:  0.0, Diff:  0.0, Sum:  0.0, Workers: 4
[603.422s][debug][gc,phases      ] GC(35)     Dead                           Min: 0, Avg:  0.0, Max: 0, Diff: 0, Sum: 0, Workers: 4
[603.422s][debug][gc,phases      ] GC(35)     Total                          Min: 0, Avg:  0.0, Max: 0, Diff: 0, Sum: 0, Workers: 4
[603.422s][debug][gc,phases      ] GC(35)   Weak JFR Old Object Samples    Min:  0.0, Avg:  0.0, Max:  0.0, Diff:  0.0, Sum:  0.0, Workers: 4
[603.422s][debug][gc,phases      ] GC(35)     Dead                           Min: 0, Avg:  0.0, Max: 0, Diff: 0, Sum: 0, Workers: 4
[603.422s][debug][gc,phases      ] GC(35)     Total                          Min: 0, Avg:  0.0, Max: 0, Diff: 0, Sum: 0, Workers: 4
[603.422s][debug][gc,phases      ] GC(35) Weak Processing 0.333ms
[603.422s][debug][gc,age         ] GC(35) Desired survivor size 301465600 bytes, new threshold 15 (max threshold 15)
[603.422s][info ][gc,heap        ] GC(35) PSYoungGen: 1546576K(1768960K)->93152K(1802752K) Eden: 1452032K(1452032K)->0K(1497088K) From: 94544K(316928K)->93152K(305664K)
[603.422s][info ][gc,heap        ] GC(35) ParOldGen: 229823K(342016K)->229855K(342016K)
[603.422s][info ][gc,metaspace   ] GC(35) Metaspace: 78453K(79296K)->78453K(79296K) NonClass: 67233K(67712K)->67233K(67712K) Class: 11219K(11584K)->11219K(11584K)
[603.422s][info ][gc             ] GC(35) Pause Young (Allocation Failure) 1734M->315M(2094M) 31.673ms
[603.422s][info ][gc,cpu         ] GC(35) User=0.11s Sys=0.00s Real=0.03s
[603.422s][info ][safepoint      ] Safepoint "ParallelGCFailedAllocation", Time since last: 4917837351 ns, Reaching safepoint: 33800 ns, At safepoint: 31738274 ns, Total: 31772074 ns
[611.214s][info ][safepoint      ] Safepoint "Cleanup", Time since last: 7792267838 ns, Reaching safepoint: 49201 ns, At safepoint: 4300 ns, Total: 53501 ns
[612.214s][info ][safepoint      ] Safepoint "Cleanup", Time since last: 1000096416 ns, Reaching safepoint: 55400 ns, At safepoint: 3200 ns, Total: 58600 ns
[616.215s][info ][safepoint      ] Safepoint "Cleanup", Time since last: 4000297781 ns, Reaching safepoint: 37901 ns, At safepoint: 22300 ns, Total: 60201 ns
[618.215s][info ][safepoint      ] Safepoint "Cleanup", Time since last: 2000164835 ns, Reaching safepoint: 38001 ns, At safepoint: 2500 ns, Total: 40501 ns
[632.216s][info ][safepoint      ] Safepoint "Cleanup", Time since last: 14000917765 ns, Reaching safepoint: 45200 ns, At safepoint: 3300 ns, Total: 48500 ns
[634.216s][info ][safepoint      ] Safepoint "Cleanup", Time since last: 2000156044 ns, Reaching safepoint: 42900 ns, At safepoint: 3400 ns, Total: 46300 ns
[634.980s][info ][gc,start       ] GC(36) Pause Young (Allocation Failure)
[635.010s][debug][gc,phases      ] GC(36) Scavenge 30.368ms
[635.010s][debug][gc,ref         ] GC(36) Skipped phase 1 of Reference Processing: no references
[635.010s][debug][gc,ref         ] GC(36) ReferenceProcessor::execute queues: 1, RefProcThreadModel::Single, marks_oops_alive: false
[635.010s][debug][gc,ref         ] GC(36) Skipped phase 3 of Reference Processing: no references
[635.010s][debug][gc,ref         ] GC(36) ReferenceProcessor::execute queues: 1, RefProcThreadModel::Single, marks_oops_alive: false
[635.010s][debug][gc,phases      ] GC(36) Reference Processing 0.112ms
[635.011s][debug][gc,phases      ] GC(36)   VM Weak                        Min:  0.0, Avg:  0.0, Max:  0.0, Diff:  0.0, Sum:  0.0, Workers: 4
[635.011s][debug][gc,phases      ] GC(36)     Dead                           Min: 0, Avg:  0.0, Max: 0, Diff: 0, Sum: 0, Workers: 4
[635.011s][debug][gc,phases      ] GC(36)     Total                          Min: 0, Avg: 178.2, Max: 393, Diff: 393, Sum: 713, Workers: 4
[635.011s][debug][gc,phases      ] GC(36)   ObjectSynchronizer Weak        Min:  0.0, Avg:  0.0, Max:  0.0, Diff:  0.0, Sum:  0.0, Workers: 4
[635.011s][debug][gc,phases      ] GC(36)     Dead                           Min: 0, Avg:  0.0, Max: 0, Diff: 0, Sum: 0, Workers: 4
[635.011s][debug][gc,phases      ] GC(36)     Total                          Min: 0, Avg:  6.8, Max: 27, Diff: 27, Sum: 27, Workers: 4
[635.011s][debug][gc,phases      ] GC(36)   JVMTI Tag Weak OopStorage      Min:  0.0, Avg:  0.0, Max:  0.0, Diff:  0.0, Sum:  0.0, Workers: 4
[635.011s][debug][gc,phases      ] GC(36)     Dead                           Min: 0, Avg:  0.0, Max: 0, Diff: 0, Sum: 0, Workers: 4
[635.011s][debug][gc,phases      ] GC(36)     Total                          Min: 0, Avg:  0.0, Max: 0, Diff: 0, Sum: 0, Workers: 4
[635.011s][debug][gc,phases      ] GC(36)   StringTable Weak               Min:  0.0, Avg:  0.1, Max:  0.2, Diff:  0.2, Sum:  0.3, Workers: 4
[635.011s][debug][gc,phases      ] GC(36)     Dead                           Min: 0, Avg:  0.2, Max: 1, Diff: 1, Sum: 1, Workers: 4
[635.011s][debug][gc,phases      ] GC(36)     Total                          Min: 0, Avg: 10726.5, Max: 25790, Diff: 25790, Sum: 42906, Workers: 4
[635.011s][debug][gc,phases      ] GC(36)   ResolvedMethodTable Weak       Min:  0.0, Avg:  0.0, Max:  0.1, Diff:  0.1, Sum:  0.1, Workers: 4
[635.011s][debug][gc,phases      ] GC(36)     Dead                           Min: 0, Avg:  0.0, Max: 0, Diff: 0, Sum: 0, Workers: 4
[635.011s][debug][gc,phases      ] GC(36)     Total                          Min: 0, Avg: 2117.2, Max: 4437, Diff: 4437, Sum: 8469, Workers: 4
[635.011s][debug][gc,phases      ] GC(36)   JNI Weak                       Min:  0.0, Avg:  0.0, Max:  0.0, Diff:  0.0, Sum:  0.0, Workers: 4
[635.011s][debug][gc,phases      ] GC(36)     Dead                           Min: 0, Avg:  0.0, Max: 0, Diff: 0, Sum: 0, Workers: 4
[635.011s][debug][gc,phases      ] GC(36)     Total                          Min: 0, Avg: 11.2, Max: 45, Diff: 45, Sum: 45, Workers: 4
[635.011s][debug][gc,phases      ] GC(36)   StringDedup Table Weak         Min:  0.0, Avg:  0.0, Max:  0.0, Diff:  0.0, Sum:  0.0, Workers: 4
[635.011s][debug][gc,phases      ] GC(36)     Dead                           Min: 0, Avg:  0.0, Max: 0, Diff: 0, Sum: 0, Workers: 4
[635.011s][debug][gc,phases      ] GC(36)     Total                          Min: 0, Avg:  0.0, Max: 0, Diff: 0, Sum: 0, Workers: 4
[635.011s][debug][gc,phases      ] GC(36)   StringDedup Requests0 Weak     Min:  0.0, Avg:  0.0, Max:  0.0, Diff:  0.0, Sum:  0.0, Workers: 4
[635.011s][debug][gc,phases      ] GC(36)     Dead                           Min: 0, Avg:  0.0, Max: 0, Diff: 0, Sum: 0, Workers: 4
[635.011s][debug][gc,phases      ] GC(36)     Total                          Min: 0, Avg:  0.0, Max: 0, Diff: 0, Sum: 0, Workers: 4
[635.011s][debug][gc,phases      ] GC(36)   StringDedup Requests1 Weak     Min:  0.0, Avg:  0.0, Max:  0.0, Diff:  0.0, Sum:  0.0, Workers: 4
[635.011s][debug][gc,phases      ] GC(36)     Dead                           Min: 0, Avg:  0.0, Max: 0, Diff: 0, Sum: 0, Workers: 4
[635.011s][debug][gc,phases      ] GC(36)     Total                          Min: 0, Avg:  0.0, Max: 0, Diff: 0, Sum: 0, Workers: 4
[635.011s][debug][gc,phases      ] GC(36)   Weak JFR Old Object Samples    Min:  0.0, Avg:  0.0, Max:  0.0, Diff:  0.0, Sum:  0.0, Workers: 4
[635.011s][debug][gc,phases      ] GC(36)     Dead                           Min: 0, Avg:  0.0, Max: 0, Diff: 0, Sum: 0, Workers: 4
[635.011s][debug][gc,phases      ] GC(36)     Total                          Min: 0, Avg:  0.0, Max: 0, Diff: 0, Sum: 0, Workers: 4
[635.011s][debug][gc,phases      ] GC(36) Weak Processing 0.390ms
[635.011s][debug][gc,age         ] GC(36) Desired survivor size 290455552 bytes, new threshold 15 (max threshold 15)
[635.011s][info ][gc,heap        ] GC(36) PSYoungGen: 1590240K(1802752K)->93104K(1791488K) Eden: 1497088K(1497088K)->0K(1497088K) From: 93152K(305664K)->93104K(294400K)
[635.011s][info ][gc,heap        ] GC(36) ParOldGen: 229855K(342016K)->229879K(342016K)
[635.011s][info ][gc,metaspace   ] GC(36) Metaspace: 78488K(79296K)->78488K(79296K) NonClass: 67263K(67712K)->67263K(67712K) Class: 11225K(11584K)->11225K(11584K)
[635.011s][info ][gc             ] GC(36) Pause Young (Allocation Failure) 1777M->315M(2083M) 30.994ms
[635.011s][info ][gc,cpu         ] GC(36) User=0.10s Sys=0.00s Real=0.04s
[635.011s][info ][safepoint      ] Safepoint "ParallelGCFailedAllocation", Time since last: 763439601 ns, Reaching safepoint: 33900 ns, At safepoint: 31066367 ns, Total: 31100267 ns
[637.011s][info ][safepoint      ] Safepoint "Cleanup", Time since last: 2000152081 ns, Reaching safepoint: 44700 ns, At safepoint: 8300 ns, Total: 53000 ns
[640.011s][info ][safepoint      ] Safepoint "Cleanup", Time since last: 3000237141 ns, Reaching safepoint: 43801 ns, At safepoint: 3000 ns, Total: 46801 ns
[665.013s][info ][safepoint      ] Safepoint "Cleanup", Time since last: 25001542057 ns, Reaching safepoint: 51000 ns, At safepoint: 4200 ns, Total: 55200 ns
[667.280s][info ][gc,start       ] GC(37) Pause Young (Allocation Failure)
[667.312s][debug][gc,phases      ] GC(37) Scavenge 31.686ms
[667.312s][debug][gc,ref         ] GC(37) Skipped phase 1 of Reference Processing: no references
[667.312s][debug][gc,ref         ] GC(37) ReferenceProcessor::execute queues: 1, RefProcThreadModel::Single, marks_oops_alive: false
[667.312s][debug][gc,ref         ] GC(37) Skipped phase 3 of Reference Processing: no references
[667.312s][debug][gc,ref         ] GC(37) ReferenceProcessor::execute queues: 1, RefProcThreadModel::Single, marks_oops_alive: false
[667.312s][debug][gc,phases      ] GC(37) Reference Processing 0.118ms
[667.312s][debug][gc,phases      ] GC(37)   VM Weak                        Min:  0.0, Avg:  0.0, Max:  0.0, Diff:  0.0, Sum:  0.0, Workers: 4
[667.313s][debug][gc,phases      ] GC(37)     Dead                           Min: 0, Avg:  0.0, Max: 0, Diff: 0, Sum: 0, Workers: 4
[667.313s][debug][gc,phases      ] GC(37)     Total                          Min: 0, Avg: 178.2, Max: 393, Diff: 393, Sum: 713, Workers: 4
[667.313s][debug][gc,phases      ] GC(37)   ObjectSynchronizer Weak        Min:  0.0, Avg:  0.0, Max:  0.0, Diff:  0.0, Sum:  0.0, Workers: 4
[667.313s][debug][gc,phases      ] GC(37)     Dead                           Min: 0, Avg:  0.0, Max: 0, Diff: 0, Sum: 0, Workers: 4
[667.313s][debug][gc,phases      ] GC(37)     Total                          Min: 0, Avg:  6.8, Max: 27, Diff: 27, Sum: 27, Workers: 4
[667.313s][debug][gc,phases      ] GC(37)   JVMTI Tag Weak OopStorage      Min:  0.0, Avg:  0.0, Max:  0.0, Diff:  0.0, Sum:  0.0, Workers: 4
[667.313s][debug][gc,phases      ] GC(37)     Dead                           Min: 0, Avg:  0.0, Max: 0, Diff: 0, Sum: 0, Workers: 4
[667.313s][debug][gc,phases      ] GC(37)     Total                          Min: 0, Avg:  0.0, Max: 0, Diff: 0, Sum: 0, Workers: 4
[667.313s][debug][gc,phases      ] GC(37)   StringTable Weak               Min:  0.0, Avg:  0.1, Max:  0.2, Diff:  0.2, Sum:  0.3, Workers: 4
[667.313s][debug][gc,phases      ] GC(37)     Dead                           Min: 0, Avg:  0.0, Max: 0, Diff: 0, Sum: 0, Workers: 4
[667.313s][debug][gc,phases      ] GC(37)     Total                          Min: 0, Avg: 10726.8, Max: 25628, Diff: 25628, Sum: 42907, Workers: 4
[667.313s][debug][gc,phases      ] GC(37)   ResolvedMethodTable Weak       Min:  0.0, Avg:  0.0, Max:  0.0, Diff:  0.0, Sum:  0.1, Workers: 4
[667.313s][debug][gc,phases      ] GC(37)     Dead                           Min: 0, Avg:  0.0, Max: 0, Diff: 0, Sum: 0, Workers: 4
[667.313s][debug][gc,phases      ] GC(37)     Total                          Min: 0, Avg: 2117.2, Max: 5120, Diff: 5120, Sum: 8469, Workers: 4
[667.313s][debug][gc,phases      ] GC(37)   JNI Weak                       Min:  0.0, Avg:  0.0, Max:  0.0, Diff:  0.0, Sum:  0.0, Workers: 4
[667.313s][debug][gc,phases      ] GC(37)     Dead                           Min: 0, Avg:  0.0, Max: 0, Diff: 0, Sum: 0, Workers: 4
[667.313s][debug][gc,phases      ] GC(37)     Total                          Min: 0, Avg: 11.2, Max: 45, Diff: 45, Sum: 45, Workers: 4
[667.313s][debug][gc,phases      ] GC(37)   StringDedup Table Weak         Min:  0.0, Avg:  0.0, Max:  0.0, Diff:  0.0, Sum:  0.0, Workers: 4
[667.313s][debug][gc,phases      ] GC(37)     Dead                           Min: 0, Avg:  0.0, Max: 0, Diff: 0, Sum: 0, Workers: 4
[667.313s][debug][gc,phases      ] GC(37)     Total                          Min: 0, Avg:  0.0, Max: 0, Diff: 0, Sum: 0, Workers: 4
[667.313s][debug][gc,phases      ] GC(37)   StringDedup Requests0 Weak     Min:  0.0, Avg:  0.0, Max:  0.0, Diff:  0.0, Sum:  0.0, Workers: 4
[667.313s][debug][gc,phases      ] GC(37)     Dead                           Min: 0, Avg:  0.0, Max: 0, Diff: 0, Sum: 0, Workers: 4
[667.313s][debug][gc,phases      ] GC(37)     Total                          Min: 0, Avg:  0.0, Max: 0, Diff: 0, Sum: 0, Workers: 4
[667.313s][debug][gc,phases      ] GC(37)   StringDedup Requests1 Weak     Min:  0.0, Avg:  0.0, Max:  0.0, Diff:  0.0, Sum:  0.0, Workers: 4
[667.313s][debug][gc,phases      ] GC(37)     Dead                           Min: 0, Avg:  0.0, Max: 0, Diff: 0, Sum: 0, Workers: 4
[667.313s][debug][gc,phases      ] GC(37)     Total                          Min: 0, Avg:  0.0, Max: 0, Diff: 0, Sum: 0, Workers: 4
[667.313s][debug][gc,phases      ] GC(37)   Weak JFR Old Object Samples    Min:  0.0, Avg:  0.0, Max:  0.0, Diff:  0.0, Sum:  0.0, Workers: 4
[667.313s][debug][gc,phases      ] GC(37)     Dead                           Min: 0, Avg:  0.0, Max: 0, Diff: 0, Sum: 0, Workers: 4
[667.313s][debug][gc,phases      ] GC(37)     Total                          Min: 0, Avg:  0.0, Max: 0, Diff: 0, Sum: 0, Workers: 4
[667.313s][debug][gc,phases      ] GC(37) Weak Processing 0.364ms
[667.313s][debug][gc,age         ] GC(37) Desired survivor size 279445504 bytes, new threshold 15 (max threshold 15)
[667.313s][info ][gc,heap        ] GC(37) PSYoungGen: 1590192K(1791488K)->93040K(1824256K) Eden: 1497088K(1497088K)->0K(1540608K) From: 93104K(294400K)->93040K(283648K)
[667.313s][info ][gc,heap        ] GC(37) ParOldGen: 229879K(342016K)->230007K(342016K)
[667.313s][info ][gc,metaspace   ] GC(37) Metaspace: 78499K(79360K)->78499K(79360K) NonClass: 67273K(67776K)->67273K(67776K) Class: 11225K(11584K)->11225K(11584K)
[667.313s][info ][gc             ] GC(37) Pause Young (Allocation Failure) 1777M->315M(2115M) 32.297ms
[667.313s][info ][gc,cpu         ] GC(37) User=0.11s Sys=0.00s Real=0.04s
[667.313s][info ][safepoint      ] Safepoint "ParallelGCFailedAllocation", Time since last: 2267494301 ns, Reaching safepoint: 22500 ns, At safepoint: 32368670 ns, Total: 32391170 ns
[684.314s][info ][safepoint      ] Safepoint "Cleanup", Time since last: 17000994833 ns, Reaching safepoint: 46001 ns, At safepoint: 6400 ns, Total: 52401 ns
[688.314s][info ][safepoint      ] Safepoint "Cleanup", Time since last: 4000303547 ns, Reaching safepoint: 43200 ns, At safepoint: 12701 ns, Total: 55901 ns
[699.780s][info ][gc,start       ] GC(38) Pause Young (Allocation Failure)
[699.812s][debug][gc,phases      ] GC(38) Scavenge 32.634ms
[699.812s][debug][gc,ref         ] GC(38) Skipped phase 1 of Reference Processing: no references
[699.812s][debug][gc,ref         ] GC(38) ReferenceProcessor::execute queues: 1, RefProcThreadModel::Single, marks_oops_alive: false
[699.812s][debug][gc,ref         ] GC(38) Skipped phase 3 of Reference Processing: no references
[699.812s][debug][gc,ref         ] GC(38) ReferenceProcessor::execute queues: 1, RefProcThreadModel::Single, marks_oops_alive: false
[699.812s][debug][gc,phases      ] GC(38) Reference Processing 0.112ms
[699.813s][debug][gc,phases      ] GC(38)   VM Weak                        Min:  0.0, Avg:  0.0, Max:  0.0, Diff:  0.0, Sum:  0.0, Workers: 4
[699.813s][debug][gc,phases      ] GC(38)     Dead                           Min: 0, Avg:  0.0, Max: 0, Diff: 0, Sum: 0, Workers: 4
[699.813s][debug][gc,phases      ] GC(38)     Total                          Min: 0, Avg: 178.2, Max: 576, Diff: 576, Sum: 713, Workers: 4
[699.813s][debug][gc,phases      ] GC(38)   ObjectSynchronizer Weak        Min:  0.0, Avg:  0.0, Max:  0.0, Diff:  0.0, Sum:  0.0, Workers: 4
[699.813s][debug][gc,phases      ] GC(38)     Dead                           Min: 0, Avg:  0.0, Max: 0, Diff: 0, Sum: 0, Workers: 4
[699.813s][debug][gc,phases      ] GC(38)     Total                          Min: 0, Avg:  6.8, Max: 27, Diff: 27, Sum: 27, Workers: 4
[699.813s][debug][gc,phases      ] GC(38)   JVMTI Tag Weak OopStorage      Min:  0.0, Avg:  0.0, Max:  0.0, Diff:  0.0, Sum:  0.0, Workers: 4
[699.813s][debug][gc,phases      ] GC(38)     Dead                           Min: 0, Avg:  0.0, Max: 0, Diff: 0, Sum: 0, Workers: 4
[699.813s][debug][gc,phases      ] GC(38)     Total                          Min: 0, Avg:  0.0, Max: 0, Diff: 0, Sum: 0, Workers: 4
[699.813s][debug][gc,phases      ] GC(38)   StringTable Weak               Min:  0.0, Avg:  0.1, Max:  0.1, Diff:  0.1, Sum:  0.4, Workers: 4
[699.813s][debug][gc,phases      ] GC(38)     Dead                           Min: 0, Avg:  0.0, Max: 0, Diff: 0, Sum: 0, Workers: 4
[699.813s][debug][gc,phases      ] GC(38)     Total                          Min: 0, Avg: 10726.8, Max: 18012, Diff: 18012, Sum: 42907, Workers: 4
[699.813s][debug][gc,phases      ] GC(38)   ResolvedMethodTable Weak       Min:  0.0, Avg:  0.0, Max:  0.0, Diff:  0.0, Sum:  0.1, Workers: 4
[699.813s][debug][gc,phases      ] GC(38)     Dead                           Min: 0, Avg:  0.0, Max: 0, Diff: 0, Sum: 0, Workers: 4
[699.813s][debug][gc,phases      ] GC(38)     Total                          Min: 0, Avg: 2117.2, Max: 3648, Diff: 3648, Sum: 8469, Workers: 4
[699.813s][debug][gc,phases      ] GC(38)   JNI Weak                       Min:  0.0, Avg:  0.0, Max:  0.0, Diff:  0.0, Sum:  0.0, Workers: 4
[699.813s][debug][gc,phases      ] GC(38)     Dead                           Min: 0, Avg:  0.0, Max: 0, Diff: 0, Sum: 0, Workers: 4
[699.813s][debug][gc,phases      ] GC(38)     Total                          Min: 0, Avg: 11.2, Max: 45, Diff: 45, Sum: 45, Workers: 4
[699.813s][debug][gc,phases      ] GC(38)   StringDedup Table Weak         Min:  0.0, Avg:  0.0, Max:  0.0, Diff:  0.0, Sum:  0.0, Workers: 4
[699.813s][debug][gc,phases      ] GC(38)     Dead                           Min: 0, Avg:  0.0, Max: 0, Diff: 0, Sum: 0, Workers: 4
[699.813s][debug][gc,phases      ] GC(38)     Total                          Min: 0, Avg:  0.0, Max: 0, Diff: 0, Sum: 0, Workers: 4
[699.813s][debug][gc,phases      ] GC(38)   StringDedup Requests0 Weak     Min:  0.0, Avg:  0.0, Max:  0.0, Diff:  0.0, Sum:  0.0, Workers: 4
[699.813s][debug][gc,phases      ] GC(38)     Dead                           Min: 0, Avg:  0.0, Max: 0, Diff: 0, Sum: 0, Workers: 4
[699.813s][debug][gc,phases      ] GC(38)     Total                          Min: 0, Avg:  0.0, Max: 0, Diff: 0, Sum: 0, Workers: 4
[699.813s][debug][gc,phases      ] GC(38)   StringDedup Requests1 Weak     Min:  0.0, Avg:  0.0, Max:  0.0, Diff:  0.0, Sum:  0.0, Workers: 4
[699.813s][debug][gc,phases      ] GC(38)     Dead                           Min: 0, Avg:  0.0, Max: 0, Diff: 0, Sum: 0, Workers: 4
[699.813s][debug][gc,phases      ] GC(38)     Total                          Min: 0, Avg:  0.0, Max: 0, Diff: 0, Sum: 0, Workers: 4
[699.813s][debug][gc,phases      ] GC(38)   Weak JFR Old Object Samples    Min:  0.0, Avg:  0.0, Max:  0.0, Diff:  0.0, Sum:  0.0, Workers: 4
[699.813s][debug][gc,phases      ] GC(38)     Dead                           Min: 0, Avg:  0.0, Max: 0, Diff: 0, Sum: 0, Workers: 4
[699.813s][debug][gc,phases      ] GC(38)     Total                          Min: 0, Avg:  0.0, Max: 0, Diff: 0, Sum: 0, Workers: 4
[699.813s][debug][gc,phases      ] GC(38) Weak Processing 0.320ms
[699.813s][debug][gc,age         ] GC(38) Desired survivor size 271056896 bytes, new threshold 15 (max threshold 15)
[699.813s][info ][gc,heap        ] GC(38) PSYoungGen: 1633648K(1824256K)->78736K(1813504K) Eden: 1540608K(1540608K)->0K(1540608K) From: 93040K(283648K)->78736K(272896K)
[699.813s][info ][gc,heap        ] GC(38) ParOldGen: 230007K(342016K)->245155K(342016K)
[699.813s][info ][gc,metaspace   ] GC(38) Metaspace: 78505K(79360K)->78505K(79360K) NonClass: 67279K(67776K)->67279K(67776K) Class: 11225K(11584K)->11225K(11584K)
[699.813s][info ][gc             ] GC(38) Pause Young (Allocation Failure) 1819M->316M(2105M) 33.200ms
[699.813s][info ][gc,cpu         ] GC(38) User=0.10s Sys=0.02s Real=0.04s
[699.813s][info ][safepoint      ] Safepoint "ParallelGCFailedAllocation", Time since last: 11465407508 ns, Reaching safepoint: 20900 ns, At safepoint: 33269273 ns, Total: 33290173 ns
[709.813s][info ][safepoint      ] Safepoint "Cleanup", Time since last: 10000655403 ns, Reaching safepoint: 45000 ns, At safepoint: 4200 ns, Total: 49200 ns
[721.814s][info ][safepoint      ] Safepoint "Cleanup", Time since last: 12000831923 ns, Reaching safepoint: 45200 ns, At safepoint: 2900 ns, Total: 48100 ns
[728.815s][info ][safepoint      ] Safepoint "Cleanup", Time since last: 7000440935 ns, Reaching safepoint: 44101 ns, At safepoint: 2000 ns, Total: 46101 ns
[732.841s][info ][gc,start       ] GC(39) Pause Young (Allocation Failure)
[732.872s][debug][gc,phases      ] GC(39) Scavenge 31.664ms
[732.872s][debug][gc,ref         ] GC(39) Skipped phase 1 of Reference Processing: no references
[732.872s][debug][gc,ref         ] GC(39) ReferenceProcessor::execute queues: 1, RefProcThreadModel::Single, marks_oops_alive: false
[732.873s][debug][gc,ref         ] GC(39) Skipped phase 3 of Reference Processing: no references
[732.873s][debug][gc,ref         ] GC(39) ReferenceProcessor::execute queues: 1, RefProcThreadModel::Single, marks_oops_alive: false
[732.873s][debug][gc,phases      ] GC(39) Reference Processing 0.124ms
[732.873s][debug][gc,phases      ] GC(39)   VM Weak                        Min:  0.0, Avg:  0.0, Max:  0.0, Diff:  0.0, Sum:  0.0, Workers: 4
[732.873s][debug][gc,phases      ] GC(39)     Dead                           Min: 0, Avg:  0.0, Max: 0, Diff: 0, Sum: 0, Workers: 4
[732.873s][debug][gc,phases      ] GC(39)     Total                          Min: 0, Avg: 178.2, Max: 448, Diff: 448, Sum: 713, Workers: 4
[732.873s][debug][gc,phases      ] GC(39)   ObjectSynchronizer Weak        Min:  0.0, Avg:  0.0, Max:  0.0, Diff:  0.0, Sum:  0.0, Workers: 4
[732.873s][debug][gc,phases      ] GC(39)     Dead                           Min: 0, Avg:  0.0, Max: 0, Diff: 0, Sum: 0, Workers: 4
[732.873s][debug][gc,phases      ] GC(39)     Total                          Min: 0, Avg:  6.8, Max: 27, Diff: 27, Sum: 27, Workers: 4
[732.873s][debug][gc,phases      ] GC(39)   JVMTI Tag Weak OopStorage      Min:  0.0, Avg:  0.0, Max:  0.0, Diff:  0.0, Sum:  0.0, Workers: 4
[732.873s][debug][gc,phases      ] GC(39)     Dead                           Min: 0, Avg:  0.0, Max: 0, Diff: 0, Sum: 0, Workers: 4
[732.873s][debug][gc,phases      ] GC(39)     Total                          Min: 0, Avg:  0.0, Max: 0, Diff: 0, Sum: 0, Workers: 4
[732.873s][debug][gc,phases      ] GC(39)   StringTable Weak               Min:  0.0, Avg:  0.1, Max:  0.1, Diff:  0.1, Sum:  0.4, Workers: 4
[732.873s][debug][gc,phases      ] GC(39)     Dead                           Min: 0, Avg:  0.0, Max: 0, Diff: 0, Sum: 0, Workers: 4
[732.873s][debug][gc,phases      ] GC(39)     Total                          Min: 0, Avg: 10726.8, Max: 16447, Diff: 16447, Sum: 42907, Workers: 4
[732.873s][debug][gc,phases      ] GC(39)   ResolvedMethodTable Weak       Min:  0.0, Avg:  0.0, Max:  0.0, Diff:  0.0, Sum:  0.1, Workers: 4
[732.873s][debug][gc,phases      ] GC(39)     Dead                           Min: 0, Avg:  0.0, Max: 0, Diff: 0, Sum: 0, Workers: 4
[732.873s][debug][gc,phases      ] GC(39)     Total                          Min: 0, Avg: 2117.2, Max: 3392, Diff: 3392, Sum: 8469, Workers: 4
[732.873s][debug][gc,phases      ] GC(39)   JNI Weak                       Min:  0.0, Avg:  0.0, Max:  0.0, Diff:  0.0, Sum:  0.0, Workers: 4
[732.873s][debug][gc,phases      ] GC(39)     Dead                           Min: 0, Avg:  0.0, Max: 0, Diff: 0, Sum: 0, Workers: 4
[732.873s][debug][gc,phases      ] GC(39)     Total                          Min: 0, Avg: 11.2, Max: 45, Diff: 45, Sum: 45, Workers: 4
[732.873s][debug][gc,phases      ] GC(39)   StringDedup Table Weak         Min:  0.0, Avg:  0.0, Max:  0.0, Diff:  0.0, Sum:  0.0, Workers: 4
[732.873s][debug][gc,phases      ] GC(39)     Dead                           Min: 0, Avg:  0.0, Max: 0, Diff: 0, Sum: 0, Workers: 4
[732.873s][debug][gc,phases      ] GC(39)     Total                          Min: 0, Avg:  0.0, Max: 0, Diff: 0, Sum: 0, Workers: 4
[732.873s][debug][gc,phases      ] GC(39)   StringDedup Requests0 Weak     Min:  0.0, Avg:  0.0, Max:  0.0, Diff:  0.0, Sum:  0.0, Workers: 4
[732.873s][debug][gc,phases      ] GC(39)     Dead                           Min: 0, Avg:  0.0, Max: 0, Diff: 0, Sum: 0, Workers: 4
[732.873s][debug][gc,phases      ] GC(39)     Total                          Min: 0, Avg:  0.0, Max: 0, Diff: 0, Sum: 0, Workers: 4
[732.873s][debug][gc,phases      ] GC(39)   StringDedup Requests1 Weak     Min:  0.0, Avg:  0.0, Max:  0.0, Diff:  0.0, Sum:  0.0, Workers: 4
[732.873s][debug][gc,phases      ] GC(39)     Dead                           Min: 0, Avg:  0.0, Max: 0, Diff: 0, Sum: 0, Workers: 4
[732.873s][debug][gc,phases      ] GC(39)     Total                          Min: 0, Avg:  0.0, Max: 0, Diff: 0, Sum: 0, Workers: 4
[732.873s][debug][gc,phases      ] GC(39)   Weak JFR Old Object Samples    Min:  0.0, Avg:  0.0, Max:  0.0, Diff:  0.0, Sum:  0.0, Workers: 4
[732.873s][debug][gc,phases      ] GC(39)     Dead                           Min: 0, Avg:  0.0, Max: 0, Diff: 0, Sum: 0, Workers: 4
[732.873s][debug][gc,phases      ] GC(39)     Total                          Min: 0, Avg:  0.0, Max: 0, Diff: 0, Sum: 0, Workers: 4
[732.873s][debug][gc,phases      ] GC(39) Weak Processing 0.331ms
[732.873s][debug][gc,age         ] GC(39) Desired survivor size 267386880 bytes, new threshold 15 (max threshold 15)
[732.873s][info ][gc,heap        ] GC(39) PSYoungGen: 1619344K(1813504K)->50032K(1836032K) Eden: 1540608K(1540608K)->0K(1571328K) From: 78736K(272896K)->50032K(264704K)
[732.873s][info ][gc,heap        ] GC(39) ParOldGen: 245155K(342016K)->275031K(342016K)
[732.873s][info ][gc,metaspace   ] GC(39) Metaspace: 78512K(79360K)->78512K(79360K) NonClass: 67286K(67776K)->67286K(67776K) Class: 11225K(11584K)->11225K(11584K)
[732.873s][info ][gc             ] GC(39) Pause Young (Allocation Failure) 1820M->317M(2127M) 32.252ms
[732.873s][info ][gc,cpu         ] GC(39) User=0.08s Sys=0.03s Real=0.04s
[732.873s][info ][safepoint      ] Safepoint "ParallelGCFailedAllocation", Time since last: 4025715785 ns, Reaching safepoint: 44800 ns, At safepoint: 32319960 ns, Total: 32364760 ns
[766.840s][info ][gc,start       ] GC(40) Pause Young (Allocation Failure)
[766.863s][debug][gc,phases      ] GC(40) Scavenge 23.124ms
[766.863s][debug][gc,ref         ] GC(40) Skipped phase 1 of Reference Processing: no references
[766.863s][debug][gc,ref         ] GC(40) ReferenceProcessor::execute queues: 1, RefProcThreadModel::Single, marks_oops_alive: false
[766.863s][debug][gc,ref         ] GC(40) Skipped phase 3 of Reference Processing: no references
[766.863s][debug][gc,ref         ] GC(40) ReferenceProcessor::execute queues: 1, RefProcThreadModel::Single, marks_oops_alive: false
[766.863s][debug][gc,phases      ] GC(40) Reference Processing 0.117ms
[766.863s][debug][gc,phases      ] GC(40)   VM Weak                        Min:  0.0, Avg:  0.0, Max:  0.0, Diff:  0.0, Sum:  0.0, Workers: 4
[766.863s][debug][gc,phases      ] GC(40)     Dead                           Min: 0, Avg:  0.0, Max: 0, Diff: 0, Sum: 0, Workers: 4
[766.863s][debug][gc,phases      ] GC(40)     Total                          Min: 0, Avg: 178.2, Max: 713, Diff: 713, Sum: 713, Workers: 4
[766.863s][debug][gc,phases      ] GC(40)   ObjectSynchronizer Weak        Min:  0.0, Avg:  0.0, Max:  0.0, Diff:  0.0, Sum:  0.0, Workers: 4
[766.863s][debug][gc,phases      ] GC(40)     Dead                           Min: 0, Avg:  0.0, Max: 0, Diff: 0, Sum: 0, Workers: 4
[766.863s][debug][gc,phases      ] GC(40)     Total                          Min: 0, Avg:  6.8, Max: 27, Diff: 27, Sum: 27, Workers: 4
[766.863s][debug][gc,phases      ] GC(40)   JVMTI Tag Weak OopStorage      Min:  0.0, Avg:  0.0, Max:  0.0, Diff:  0.0, Sum:  0.0, Workers: 4
[766.863s][debug][gc,phases      ] GC(40)     Dead                           Min: 0, Avg:  0.0, Max: 0, Diff: 0, Sum: 0, Workers: 4
[766.863s][debug][gc,phases      ] GC(40)     Total                          Min: 0, Avg:  0.0, Max: 0, Diff: 0, Sum: 0, Workers: 4
[766.863s][debug][gc,phases      ] GC(40)   StringTable Weak               Min:  0.0, Avg:  0.1, Max:  0.1, Diff:  0.1, Sum:  0.4, Workers: 4
[766.863s][debug][gc,phases      ] GC(40)     Dead                           Min: 0, Avg:  0.0, Max: 0, Diff: 0, Sum: 0, Workers: 4
[766.863s][debug][gc,phases      ] GC(40)     Total                          Min: 0, Avg: 10726.8, Max: 16796, Diff: 16796, Sum: 42907, Workers: 4
[766.863s][debug][gc,phases      ] GC(40)   ResolvedMethodTable Weak       Min:  0.0, Avg:  0.0, Max:  0.0, Diff:  0.0, Sum:  0.1, Workers: 4
[766.863s][debug][gc,phases      ] GC(40)     Dead                           Min: 0, Avg:  0.0, Max: 0, Diff: 0, Sum: 0, Workers: 4
[766.863s][debug][gc,phases      ] GC(40)     Total                          Min: 0, Avg: 2117.2, Max: 3477, Diff: 3477, Sum: 8469, Workers: 4
[766.863s][debug][gc,phases      ] GC(40)   JNI Weak                       Min:  0.0, Avg:  0.0, Max:  0.0, Diff:  0.0, Sum:  0.0, Workers: 4
[766.863s][debug][gc,phases      ] GC(40)     Dead                           Min: 0, Avg:  0.0, Max: 0, Diff: 0, Sum: 0, Workers: 4
[766.863s][debug][gc,phases      ] GC(40)     Total                          Min: 0, Avg: 11.2, Max: 45, Diff: 45, Sum: 45, Workers: 4
[766.863s][debug][gc,phases      ] GC(40)   StringDedup Table Weak         Min:  0.0, Avg:  0.0, Max:  0.0, Diff:  0.0, Sum:  0.0, Workers: 4
[766.863s][debug][gc,phases      ] GC(40)     Dead                           Min: 0, Avg:  0.0, Max: 0, Diff: 0, Sum: 0, Workers: 4
[766.863s][debug][gc,phases      ] GC(40)     Total                          Min: 0, Avg:  0.0, Max: 0, Diff: 0, Sum: 0, Workers: 4
[766.863s][debug][gc,phases      ] GC(40)   StringDedup Requests0 Weak     Min:  0.0, Avg:  0.0, Max:  0.0, Diff:  0.0, Sum:  0.0, Workers: 4
[766.863s][debug][gc,phases      ] GC(40)     Dead                           Min: 0, Avg:  0.0, Max: 0, Diff: 0, Sum: 0, Workers: 4
[766.863s][debug][gc,phases      ] GC(40)     Total                          Min: 0, Avg:  0.0, Max: 0, Diff: 0, Sum: 0, Workers: 4
[766.863s][debug][gc,phases      ] GC(40)   StringDedup Requests1 Weak     Min:  0.0, Avg:  0.0, Max:  0.0, Diff:  0.0, Sum:  0.0, Workers: 4
[766.863s][debug][gc,phases      ] GC(40)     Dead                           Min: 0, Avg:  0.0, Max: 0, Diff: 0, Sum: 0, Workers: 4
[766.863s][debug][gc,phases      ] GC(40)     Total                          Min: 0, Avg:  0.0, Max: 0, Diff: 0, Sum: 0, Workers: 4
[766.864s][debug][gc,phases      ] GC(40)   Weak JFR Old Object Samples    Min:  0.0, Avg:  0.0, Max:  0.0, Diff:  0.0, Sum:  0.0, Workers: 4
[766.864s][debug][gc,phases      ] GC(40)     Dead                           Min: 0, Avg:  0.0, Max: 0, Diff: 0, Sum: 0, Workers: 4
[766.864s][debug][gc,phases      ] GC(40)     Total                          Min: 0, Avg:  0.0, Max: 0, Diff: 0, Sum: 0, Workers: 4
[766.864s][debug][gc,phases      ] GC(40) Weak Processing 0.336ms
[766.864s][debug][gc,age         ] GC(40) Desired survivor size 265814016 bytes, new threshold 15 (max threshold 15)
[766.864s][info ][gc,heap        ] GC(40) PSYoungGen: 1621360K(1836032K)->32400K(1832448K) Eden: 1571328K(1571328K)->0K(1571328K) From: 50032K(264704K)->32400K(261120K)
[766.864s][info ][gc,heap        ] GC(40) ParOldGen: 275031K(342016K)->293311K(342016K)
[766.864s][info ][gc,metaspace   ] GC(40) Metaspace: 78521K(79360K)->78521K(79360K) NonClass: 67295K(67776K)->67295K(67776K) Class: 11225K(11584K)->11225K(11584K)
[766.864s][info ][gc             ] GC(40) Pause Young (Allocation Failure) 1851M->318M(2123M) 23.696ms
[766.864s][info ][gc,cpu         ] GC(40) User=0.05s Sys=0.02s Real=0.03s
[766.864s][info ][safepoint      ] Safepoint "ParallelGCFailedAllocation", Time since last: 33966844719 ns, Reaching safepoint: 41601 ns, At safepoint: 23762623 ns, Total: 23804224 ns
[768.864s][info ][safepoint      ] Safepoint "Cleanup", Time since last: 2000111516 ns, Reaching safepoint: 50000 ns, At safepoint: 2400 ns, Total: 52400 ns
[800.640s][info ][gc,start       ] GC(41) Pause Young (Allocation Failure)
[800.653s][debug][gc,phases      ] GC(41) Scavenge 13.411ms
[800.653s][debug][gc,ref         ] GC(41) Skipped phase 1 of Reference Processing: no references
[800.653s][debug][gc,ref         ] GC(41) ReferenceProcessor::execute queues: 1, RefProcThreadModel::Single, marks_oops_alive: false
[800.653s][debug][gc,ref         ] GC(41) Skipped phase 3 of Reference Processing: no references
[800.653s][debug][gc,ref         ] GC(41) ReferenceProcessor::execute queues: 1, RefProcThreadModel::Single, marks_oops_alive: false
[800.653s][debug][gc,phases      ] GC(41) Reference Processing 0.091ms
[800.653s][debug][gc,phases      ] GC(41)   VM Weak                        Min:  0.0, Avg:  0.0, Max:  0.0, Diff:  0.0, Sum:  0.0, Workers: 4
[800.653s][debug][gc,phases      ] GC(41)     Dead                           Min: 0, Avg:  0.0, Max: 0, Diff: 0, Sum: 0, Workers: 4
[800.653s][debug][gc,phases      ] GC(41)     Total                          Min: 0, Avg: 178.2, Max: 640, Diff: 640, Sum: 713, Workers: 4
[800.653s][debug][gc,phases      ] GC(41)   ObjectSynchronizer Weak        Min:  0.0, Avg:  0.0, Max:  0.0, Diff:  0.0, Sum:  0.0, Workers: 4
[800.653s][debug][gc,phases      ] GC(41)     Dead                           Min: 0, Avg:  0.0, Max: 0, Diff: 0, Sum: 0, Workers: 4
[800.653s][debug][gc,phases      ] GC(41)     Total                          Min: 0, Avg:  6.8, Max: 27, Diff: 27, Sum: 27, Workers: 4
[800.653s][debug][gc,phases      ] GC(41)   JVMTI Tag Weak OopStorage      Min:  0.0, Avg:  0.0, Max:  0.0, Diff:  0.0, Sum:  0.0, Workers: 4
[800.653s][debug][gc,phases      ] GC(41)     Dead                           Min: 0, Avg:  0.0, Max: 0, Diff: 0, Sum: 0, Workers: 4
[800.653s][debug][gc,phases      ] GC(41)     Total                          Min: 0, Avg:  0.0, Max: 0, Diff: 0, Sum: 0, Workers: 4
[800.653s][debug][gc,phases      ] GC(41)   StringTable Weak               Min:  0.0, Avg:  0.1, Max:  0.2, Diff:  0.2, Sum:  0.3, Workers: 4
[800.653s][debug][gc,phases      ] GC(41)     Dead                           Min: 0, Avg:  0.0, Max: 0, Diff: 0, Sum: 0, Workers: 4
[800.653s][debug][gc,phases      ] GC(41)     Total                          Min: 0, Avg: 10726.8, Max: 26111, Diff: 26111, Sum: 42907, Workers: 4
[800.653s][debug][gc,phases      ] GC(41)   ResolvedMethodTable Weak       Min:  0.0, Avg:  0.0, Max:  0.0, Diff:  0.0, Sum:  0.1, Workers: 4
[800.653s][debug][gc,phases      ] GC(41)     Dead                           Min: 0, Avg:  0.0, Max: 0, Diff: 0, Sum: 0, Workers: 4
[800.653s][debug][gc,phases      ] GC(41)     Total                          Min: 0, Avg: 2117.2, Max: 5184, Diff: 5184, Sum: 8469, Workers: 4
[800.653s][debug][gc,phases      ] GC(41)   JNI Weak                       Min:  0.0, Avg:  0.0, Max:  0.0, Diff:  0.0, Sum:  0.0, Workers: 4
[800.653s][debug][gc,phases      ] GC(41)     Dead                           Min: 0, Avg:  0.0, Max: 0, Diff: 0, Sum: 0, Workers: 4
[800.653s][debug][gc,phases      ] GC(41)     Total                          Min: 0, Avg: 11.2, Max: 45, Diff: 45, Sum: 45, Workers: 4
[800.653s][debug][gc,phases      ] GC(41)   StringDedup Table Weak         Min:  0.0, Avg:  0.0, Max:  0.0, Diff:  0.0, Sum:  0.0, Workers: 4
[800.653s][debug][gc,phases      ] GC(41)     Dead                           Min: 0, Avg:  0.0, Max: 0, Diff: 0, Sum: 0, Workers: 4
[800.653s][debug][gc,phases      ] GC(41)     Total                          Min: 0, Avg:  0.0, Max: 0, Diff: 0, Sum: 0, Workers: 4
[800.653s][debug][gc,phases      ] GC(41)   StringDedup Requests0 Weak     Min:  0.0, Avg:  0.0, Max:  0.0, Diff:  0.0, Sum:  0.0, Workers: 4
[800.653s][debug][gc,phases      ] GC(41)     Dead                           Min: 0, Avg:  0.0, Max: 0, Diff: 0, Sum: 0, Workers: 4
[800.653s][debug][gc,phases      ] GC(41)     Total                          Min: 0, Avg:  0.0, Max: 0, Diff: 0, Sum: 0, Workers: 4
[800.653s][debug][gc,phases      ] GC(41)   StringDedup Requests1 Weak     Min:  0.0, Avg:  0.0, Max:  0.0, Diff:  0.0, Sum:  0.0, Workers: 4
[800.653s][debug][gc,phases      ] GC(41)     Dead                           Min: 0, Avg:  0.0, Max: 0, Diff: 0, Sum: 0, Workers: 4
[800.653s][debug][gc,phases      ] GC(41)     Total                          Min: 0, Avg:  0.0, Max: 0, Diff: 0, Sum: 0, Workers: 4
[800.653s][debug][gc,phases      ] GC(41)   Weak JFR Old Object Samples    Min:  0.0, Avg:  0.0, Max:  0.0, Diff:  0.0, Sum:  0.0, Workers: 4
[800.653s][debug][gc,phases      ] GC(41)     Dead                           Min: 0, Avg:  0.0, Max: 0, Diff: 0, Sum: 0, Workers: 4
[800.653s][debug][gc,phases      ] GC(41)     Total                          Min: 0, Avg:  0.0, Max: 0, Diff: 0, Sum: 0, Workers: 4
[800.653s][debug][gc,phases      ] GC(41) Weak Processing 0.355ms
[800.653s][debug][gc,age         ] GC(41) Desired survivor size 261619712 bytes, new threshold 15 (max threshold 15)
[800.653s][info ][gc,heap        ] GC(41) PSYoungGen: 1603728K(1832448K)->32160K(1841664K) Eden: 1571328K(1571328K)->0K(1582080K) From: 32400K(261120K)->32160K(259584K)
[800.653s][info ][gc,heap        ] GC(41) ParOldGen: 293311K(342016K)->293423K(342016K)
[800.653s][info ][gc,metaspace   ] GC(41) Metaspace: 78526K(79360K)->78526K(79360K) NonClass: 67300K(67776K)->67300K(67776K) Class: 11225K(11584K)->11225K(11584K)
[800.654s][info ][gc             ] GC(41) Pause Young (Allocation Failure) 1852M->317M(2132M) 13.967ms
[800.654s][info ][gc,cpu         ] GC(41) User=0.04s Sys=0.00s Real=0.02s
[800.654s][info ][safepoint      ] Safepoint "ParallelGCFailedAllocation", Time since last: 31775723031 ns, Reaching safepoint: 21600 ns, At safepoint: 14046671 ns, Total: 14068271 ns
[808.654s][info ][safepoint      ] Safepoint "Cleanup", Time since last: 8000499427 ns, Reaching safepoint: 38600 ns, At safepoint: 3800 ns, Total: 42400 ns
[809.654s][info ][safepoint      ] Safepoint "Cleanup", Time since last: 1000105993 ns, Reaching safepoint: 40000 ns, At safepoint: 2200 ns, Total: 42200 ns
[822.655s][info ][safepoint      ] Safepoint "Cleanup", Time since last: 13000802377 ns, Reaching safepoint: 47901 ns, At safepoint: 7300 ns, Total: 55201 ns
[831.656s][info ][safepoint      ] Safepoint "Cleanup", Time since last: 9000555035 ns, Reaching safepoint: 45801 ns, At safepoint: 5400 ns, Total: 51201 ns
[834.890s][info ][gc,start       ] GC(42) Pause Young (Allocation Failure)
[834.905s][debug][gc,phases      ] GC(42) Scavenge 14.845ms
[834.905s][debug][gc,ref         ] GC(42) Skipped phase 1 of Reference Processing: no references
[834.905s][debug][gc,ref         ] GC(42) ReferenceProcessor::execute queues: 1, RefProcThreadModel::Single, marks_oops_alive: false
[834.905s][debug][gc,ref         ] GC(42) Skipped phase 3 of Reference Processing: no references
[834.905s][debug][gc,ref         ] GC(42) ReferenceProcessor::execute queues: 1, RefProcThreadModel::Single, marks_oops_alive: false
[834.905s][debug][gc,phases      ] GC(42) Reference Processing 0.097ms
[834.905s][debug][gc,phases      ] GC(42)   VM Weak                        Min:  0.0, Avg:  0.0, Max:  0.0, Diff:  0.0, Sum:  0.0, Workers: 4
[834.905s][debug][gc,phases      ] GC(42)     Dead                           Min: 0, Avg:  0.0, Max: 0, Diff: 0, Sum: 0, Workers: 4
[834.905s][debug][gc,phases      ] GC(42)     Total                          Min: 0, Avg: 178.2, Max: 713, Diff: 713, Sum: 713, Workers: 4
[834.905s][debug][gc,phases      ] GC(42)   ObjectSynchronizer Weak        Min:  0.0, Avg:  0.0, Max:  0.0, Diff:  0.0, Sum:  0.0, Workers: 4
[834.905s][debug][gc,phases      ] GC(42)     Dead                           Min: 0, Avg:  0.0, Max: 0, Diff: 0, Sum: 0, Workers: 4
[834.905s][debug][gc,phases      ] GC(42)     Total                          Min: 0, Avg:  6.8, Max: 27, Diff: 27, Sum: 27, Workers: 4
[834.905s][debug][gc,phases      ] GC(42)   JVMTI Tag Weak OopStorage      Min:  0.0, Avg:  0.0, Max:  0.0, Diff:  0.0, Sum:  0.0, Workers: 4
[834.905s][debug][gc,phases      ] GC(42)     Dead                           Min: 0, Avg:  0.0, Max: 0, Diff: 0, Sum: 0, Workers: 4
[834.905s][debug][gc,phases      ] GC(42)     Total                          Min: 0, Avg:  0.0, Max: 0, Diff: 0, Sum: 0, Workers: 4
[834.905s][debug][gc,phases      ] GC(42)   StringTable Weak               Min:  0.0, Avg:  0.1, Max:  0.1, Diff:  0.1, Sum:  0.3, Workers: 4
[834.905s][debug][gc,phases      ] GC(42)     Dead                           Min: 0, Avg:  0.0, Max: 0, Diff: 0, Sum: 0, Workers: 4
[834.905s][debug][gc,phases      ] GC(42)     Total                          Min: 0, Avg: 10726.8, Max: 18174, Diff: 18174, Sum: 42907, Workers: 4
[834.905s][debug][gc,phases      ] GC(42)   ResolvedMethodTable Weak       Min:  0.0, Avg:  0.0, Max:  0.0, Diff:  0.0, Sum:  0.1, Workers: 4
[834.905s][debug][gc,phases      ] GC(42)     Dead                           Min: 0, Avg:  0.0, Max: 0, Diff: 0, Sum: 0, Workers: 4
[834.905s][debug][gc,phases      ] GC(42)     Total                          Min: 0, Avg: 2117.2, Max: 3989, Diff: 3989, Sum: 8469, Workers: 4
[834.905s][debug][gc,phases      ] GC(42)   JNI Weak                       Min:  0.0, Avg:  0.0, Max:  0.0, Diff:  0.0, Sum:  0.0, Workers: 4
[834.905s][debug][gc,phases      ] GC(42)     Dead                           Min: 0, Avg:  0.0, Max: 0, Diff: 0, Sum: 0, Workers: 4
[834.905s][debug][gc,phases      ] GC(42)     Total                          Min: 0, Avg: 11.2, Max: 45, Diff: 45, Sum: 45, Workers: 4
[834.905s][debug][gc,phases      ] GC(42)   StringDedup Table Weak         Min:  0.0, Avg:  0.0, Max:  0.0, Diff:  0.0, Sum:  0.0, Workers: 4
[834.905s][debug][gc,phases      ] GC(42)     Dead                           Min: 0, Avg:  0.0, Max: 0, Diff: 0, Sum: 0, Workers: 4
[834.905s][debug][gc,phases      ] GC(42)     Total                          Min: 0, Avg:  0.0, Max: 0, Diff: 0, Sum: 0, Workers: 4
[834.905s][debug][gc,phases      ] GC(42)   StringDedup Requests0 Weak     Min:  0.0, Avg:  0.0, Max:  0.0, Diff:  0.0, Sum:  0.0, Workers: 4
[834.905s][debug][gc,phases      ] GC(42)     Dead                           Min: 0, Avg:  0.0, Max: 0, Diff: 0, Sum: 0, Workers: 4
[834.905s][debug][gc,phases      ] GC(42)     Total                          Min: 0, Avg:  0.0, Max: 0, Diff: 0, Sum: 0, Workers: 4
[834.905s][debug][gc,phases      ] GC(42)   StringDedup Requests1 Weak     Min:  0.0, Avg:  0.0, Max:  0.0, Diff:  0.0, Sum:  0.0, Workers: 4
[834.905s][debug][gc,phases      ] GC(42)     Dead                           Min: 0, Avg:  0.0, Max: 0, Diff: 0, Sum: 0, Workers: 4
[834.905s][debug][gc,phases      ] GC(42)     Total                          Min: 0, Avg:  0.0, Max: 0, Diff: 0, Sum: 0, Workers: 4
[834.905s][debug][gc,phases      ] GC(42)   Weak JFR Old Object Samples    Min:  0.0, Avg:  0.0, Max:  0.0, Diff:  0.0, Sum:  0.0, Workers: 4
[834.905s][debug][gc,phases      ] GC(42)     Dead                           Min: 0, Avg:  0.0, Max: 0, Diff: 0, Sum: 0, Workers: 4
[834.905s][debug][gc,phases      ] GC(42)     Total                          Min: 0, Avg:  0.0, Max: 0, Diff: 0, Sum: 0, Workers: 4
[834.905s][debug][gc,phases      ] GC(42) Weak Processing 0.319ms
[834.905s][debug][gc,age         ] GC(42) Desired survivor size 256376832 bytes, new threshold 15 (max threshold 15)
[834.905s][info ][gc,heap        ] GC(42) PSYoungGen: 1614240K(1841664K)->30816K(1837568K) Eden: 1582080K(1582080K)->0K(1582080K) From: 32160K(259584K)->30816K(255488K)
[834.905s][info ][gc,heap        ] GC(42) ParOldGen: 293423K(342016K)->295071K(342016K)
[834.905s][info ][gc,metaspace   ] GC(42) Metaspace: 78541K(79360K)->78541K(79360K) NonClass: 67315K(67776K)->67315K(67776K) Class: 11225K(11584K)->11225K(11584K)
[834.905s][info ][gc             ] GC(42) Pause Young (Allocation Failure) 1862M->318M(2128M) 15.388ms
[834.905s][info ][gc,cpu         ] GC(42) User=0.05s Sys=0.00s Real=0.02s
[834.905s][info ][safepoint      ] Safepoint "ParallelGCFailedAllocation", Time since last: 3234048614 ns, Reaching safepoint: 23000 ns, At safepoint: 15454678 ns, Total: 15477678 ns
[841.906s][info ][safepoint      ] Safepoint "Cleanup", Time since last: 7000463853 ns, Reaching safepoint: 40900 ns, At safepoint: 31900 ns, Total: 72800 ns
[847.906s][info ][safepoint      ] Safepoint "Cleanup", Time since last: 6000379548 ns, Reaching safepoint: 45100 ns, At safepoint: 6000 ns, Total: 51100 ns
[848.906s][info ][safepoint      ] Safepoint "Cleanup", Time since last: 1000109903 ns, Reaching safepoint: 38500 ns, At safepoint: 2600 ns, Total: 41100 ns
[850.907s][info ][safepoint      ] Safepoint "Cleanup", Time since last: 2000160205 ns, Reaching safepoint: 41101 ns, At safepoint: 2100 ns, Total: 43201 ns
[859.907s][info ][safepoint      ] Safepoint "Cleanup", Time since last: 9000598168 ns, Reaching safepoint: 39300 ns, At safepoint: 2800 ns, Total: 42100 ns
[861.907s][info ][safepoint      ] Safepoint "Cleanup", Time since last: 2000199790 ns, Reaching safepoint: 40800 ns, At safepoint: 2800 ns, Total: 43600 ns
[867.927s][info ][gc,start       ] GC(43) Pause Young (Allocation Failure)
[867.938s][debug][gc,phases      ] GC(43) Scavenge 10.427ms
[867.938s][debug][gc,ref         ] GC(43) Skipped phase 1 of Reference Processing: no references
[867.938s][debug][gc,ref         ] GC(43) ReferenceProcessor::execute queues: 1, RefProcThreadModel::Single, marks_oops_alive: false
[867.938s][debug][gc,ref         ] GC(43) Skipped phase 3 of Reference Processing: no references
[867.938s][debug][gc,ref         ] GC(43) ReferenceProcessor::execute queues: 1, RefProcThreadModel::Single, marks_oops_alive: false
[867.938s][debug][gc,phases      ] GC(43) Reference Processing 0.099ms
[867.938s][debug][gc,phases      ] GC(43)   VM Weak                        Min:  0.0, Avg:  0.0, Max:  0.0, Diff:  0.0, Sum:  0.0, Workers: 4
[867.938s][debug][gc,phases      ] GC(43)     Dead                           Min: 0, Avg:  0.0, Max: 0, Diff: 0, Sum: 0, Workers: 4
[867.938s][debug][gc,phases      ] GC(43)     Total                          Min: 0, Avg: 178.2, Max: 384, Diff: 384, Sum: 713, Workers: 4
[867.938s][debug][gc,phases      ] GC(43)   ObjectSynchronizer Weak        Min:  0.0, Avg:  0.0, Max:  0.0, Diff:  0.0, Sum:  0.0, Workers: 4
[867.938s][debug][gc,phases      ] GC(43)     Dead                           Min: 0, Avg:  0.0, Max: 0, Diff: 0, Sum: 0, Workers: 4
[867.938s][debug][gc,phases      ] GC(43)     Total                          Min: 0, Avg:  6.8, Max: 27, Diff: 27, Sum: 27, Workers: 4
[867.938s][debug][gc,phases      ] GC(43)   JVMTI Tag Weak OopStorage      Min:  0.0, Avg:  0.0, Max:  0.0, Diff:  0.0, Sum:  0.0, Workers: 4
[867.938s][debug][gc,phases      ] GC(43)     Dead                           Min: 0, Avg:  0.0, Max: 0, Diff: 0, Sum: 0, Workers: 4
[867.938s][debug][gc,phases      ] GC(43)     Total                          Min: 0, Avg:  0.0, Max: 0, Diff: 0, Sum: 0, Workers: 4
[867.938s][debug][gc,phases      ] GC(43)   StringTable Weak               Min:  0.0, Avg:  0.1, Max:  0.1, Diff:  0.1, Sum:  0.3, Workers: 4
[867.938s][debug][gc,phases      ] GC(43)     Dead                           Min: 0, Avg:  0.0, Max: 0, Diff: 0, Sum: 0, Workers: 4
[867.938s][debug][gc,phases      ] GC(43)     Total                          Min: 0, Avg: 10729.8, Max: 18174, Diff: 18174, Sum: 42919, Workers: 4
[867.938s][debug][gc,phases      ] GC(43)   ResolvedMethodTable Weak       Min:  0.0, Avg:  0.0, Max:  0.0, Diff:  0.0, Sum:  0.1, Workers: 4
[867.938s][debug][gc,phases      ] GC(43)     Dead                           Min: 0, Avg:  0.0, Max: 0, Diff: 0, Sum: 0, Workers: 4
[867.938s][debug][gc,phases      ] GC(43)     Total                          Min: 0, Avg: 2117.2, Max: 3648, Diff: 3648, Sum: 8469, Workers: 4
[867.938s][debug][gc,phases      ] GC(43)   JNI Weak                       Min:  0.0, Avg:  0.0, Max:  0.0, Diff:  0.0, Sum:  0.0, Workers: 4
[867.938s][debug][gc,phases      ] GC(43)     Dead                           Min: 0, Avg:  0.0, Max: 0, Diff: 0, Sum: 0, Workers: 4
[867.938s][debug][gc,phases      ] GC(43)     Total                          Min: 0, Avg: 11.8, Max: 47, Diff: 47, Sum: 47, Workers: 4
[867.938s][debug][gc,phases      ] GC(43)   StringDedup Table Weak         Min:  0.0, Avg:  0.0, Max:  0.0, Diff:  0.0, Sum:  0.0, Workers: 4
[867.938s][debug][gc,phases      ] GC(43)     Dead                           Min: 0, Avg:  0.0, Max: 0, Diff: 0, Sum: 0, Workers: 4
[867.938s][debug][gc,phases      ] GC(43)     Total                          Min: 0, Avg:  0.0, Max: 0, Diff: 0, Sum: 0, Workers: 4
[867.938s][debug][gc,phases      ] GC(43)   StringDedup Requests0 Weak     Min:  0.0, Avg:  0.0, Max:  0.0, Diff:  0.0, Sum:  0.0, Workers: 4
[867.938s][debug][gc,phases      ] GC(43)     Dead                           Min: 0, Avg:  0.0, Max: 0, Diff: 0, Sum: 0, Workers: 4
[867.938s][debug][gc,phases      ] GC(43)     Total                          Min: 0, Avg:  0.0, Max: 0, Diff: 0, Sum: 0, Workers: 4
[867.938s][debug][gc,phases      ] GC(43)   StringDedup Requests1 Weak     Min:  0.0, Avg:  0.0, Max:  0.0, Diff:  0.0, Sum:  0.0, Workers: 4
[867.938s][debug][gc,phases      ] GC(43)     Dead                           Min: 0, Avg:  0.0, Max: 0, Diff: 0, Sum: 0, Workers: 4
[867.938s][debug][gc,phases      ] GC(43)     Total                          Min: 0, Avg:  0.0, Max: 0, Diff: 0, Sum: 0, Workers: 4
[867.938s][debug][gc,phases      ] GC(43)   Weak JFR Old Object Samples    Min:  0.0, Avg:  0.0, Max:  0.0, Diff:  0.0, Sum:  0.0, Workers: 4
[867.938s][debug][gc,phases      ] GC(43)     Dead                           Min: 0, Avg:  0.0, Max: 0, Diff: 0, Sum: 0, Workers: 4
[867.938s][debug][gc,phases      ] GC(43)     Total                          Min: 0, Avg:  0.0, Max: 0, Diff: 0, Sum: 0, Workers: 4
[867.938s][debug][gc,phases      ] GC(43) Weak Processing 0.312ms
[867.938s][debug][gc,age         ] GC(43) Desired survivor size 250085376 bytes, new threshold 15 (max threshold 15)
[867.938s][info ][gc,heap        ] GC(43) PSYoungGen: 1612896K(1837568K)->30624K(1852928K) Eden: 1582080K(1582080K)->0K(1602560K) From: 30816K(255488K)->30624K(250368K)
[867.938s][info ][gc,heap        ] GC(43) ParOldGen: 295071K(342016K)->295239K(342016K)
[867.938s][info ][gc,metaspace   ] GC(43) Metaspace: 78551K(79360K)->78551K(79360K) NonClass: 67325K(67776K)->67325K(67776K) Class: 11225K(11584K)->11225K(11584K)
[867.938s][info ][gc             ] GC(43) Pause Young (Allocation Failure) 1863M->318M(2143M) 10.980ms
[867.938s][info ][gc,cpu         ] GC(43) User=0.04s Sys=0.00s Real=0.01s
[867.938s][info ][safepoint      ] Safepoint "ParallelGCFailedAllocation", Time since last: 6019924119 ns, Reaching safepoint: 35200 ns, At safepoint: 11052256 ns, Total: 11087456 ns
[868.939s][info ][safepoint      ] Safepoint "Cleanup", Time since last: 1000091037 ns, Reaching safepoint: 34400 ns, At safepoint: 2700 ns, Total: 37100 ns
[884.940s][info ][safepoint      ] Safepoint "Cleanup", Time since last: 16001097591 ns, Reaching safepoint: 105800 ns, At safepoint: 7500 ns, Total: 113300 ns
[898.941s][info ][safepoint      ] Safepoint "Cleanup", Time since last: 14000980780 ns, Reaching safepoint: 112400 ns, At safepoint: 24600 ns, Total: 137000 ns
[899.941s][info ][safepoint      ] Safepoint "Cleanup", Time since last: 1000107899 ns, Reaching safepoint: 109701 ns, At safepoint: 6200 ns, Total: 115901 ns
[902.492s][info ][gc,start       ] GC(44) Pause Young (Allocation Failure)
[902.503s][debug][gc,phases      ] GC(44) Scavenge 11.216ms
[902.503s][debug][gc,ref         ] GC(44) Skipped phase 1 of Reference Processing: no references
[902.503s][debug][gc,ref         ] GC(44) ReferenceProcessor::execute queues: 1, RefProcThreadModel::Single, marks_oops_alive: false
[902.503s][debug][gc,ref         ] GC(44) Skipped phase 3 of Reference Processing: no references
[902.503s][debug][gc,ref         ] GC(44) ReferenceProcessor::execute queues: 1, RefProcThreadModel::Single, marks_oops_alive: false
[902.503s][debug][gc,phases      ] GC(44) Reference Processing 0.137ms
[902.503s][debug][gc,phases      ] GC(44)   VM Weak                        Min:  0.0, Avg:  0.0, Max:  0.0, Diff:  0.0, Sum:  0.0, Workers: 4
[902.503s][debug][gc,phases      ] GC(44)     Dead                           Min: 0, Avg:  0.0, Max: 0, Diff: 0, Sum: 0, Workers: 4
[902.503s][debug][gc,phases      ] GC(44)     Total                          Min: 0, Avg: 178.2, Max: 448, Diff: 448, Sum: 713, Workers: 4
[902.503s][debug][gc,phases      ] GC(44)   ObjectSynchronizer Weak        Min:  0.0, Avg:  0.0, Max:  0.0, Diff:  0.0, Sum:  0.0, Workers: 4
[902.503s][debug][gc,phases      ] GC(44)     Dead                           Min: 0, Avg:  0.0, Max: 0, Diff: 0, Sum: 0, Workers: 4
[902.503s][debug][gc,phases      ] GC(44)     Total                          Min: 0, Avg:  6.8, Max: 27, Diff: 27, Sum: 27, Workers: 4
[902.503s][debug][gc,phases      ] GC(44)   JVMTI Tag Weak OopStorage      Min:  0.0, Avg:  0.0, Max:  0.0, Diff:  0.0, Sum:  0.0, Workers: 4
[902.503s][debug][gc,phases      ] GC(44)     Dead                           Min: 0, Avg:  0.0, Max: 0, Diff: 0, Sum: 0, Workers: 4
[902.503s][debug][gc,phases      ] GC(44)     Total                          Min: 0, Avg:  0.0, Max: 0, Diff: 0, Sum: 0, Workers: 4
[902.503s][debug][gc,phases      ] GC(44)   StringTable Weak               Min:  0.0, Avg:  0.1, Max:  0.2, Diff:  0.2, Sum:  0.4, Workers: 4
[902.503s][debug][gc,phases      ] GC(44)     Dead                           Min: 0, Avg:  0.0, Max: 0, Diff: 0, Sum: 0, Workers: 4
[902.503s][debug][gc,phases      ] GC(44)     Total                          Min: 0, Avg: 10729.8, Max: 21737, Diff: 21737, Sum: 42919, Workers: 4
[902.503s][debug][gc,phases      ] GC(44)   ResolvedMethodTable Weak       Min:  0.0, Avg:  0.0, Max:  0.0, Diff:  0.0, Sum:  0.1, Workers: 4
[902.503s][debug][gc,phases      ] GC(44)     Dead                           Min: 0, Avg:  0.0, Max: 0, Diff: 0, Sum: 0, Workers: 4
[902.503s][debug][gc,phases      ] GC(44)     Total                          Min: 0, Avg: 2117.2, Max: 4608, Diff: 4608, Sum: 8469, Workers: 4
[902.503s][debug][gc,phases      ] GC(44)   JNI Weak                       Min:  0.0, Avg:  0.0, Max:  0.0, Diff:  0.0, Sum:  0.0, Workers: 4
[902.503s][debug][gc,phases      ] GC(44)     Dead                           Min: 0, Avg:  0.0, Max: 0, Diff: 0, Sum: 0, Workers: 4
[902.503s][debug][gc,phases      ] GC(44)     Total                          Min: 0, Avg: 11.2, Max: 45, Diff: 45, Sum: 45, Workers: 4
[902.503s][debug][gc,phases      ] GC(44)   StringDedup Table Weak         Min:  0.0, Avg:  0.0, Max:  0.0, Diff:  0.0, Sum:  0.0, Workers: 4
[902.503s][debug][gc,phases      ] GC(44)     Dead                           Min: 0, Avg:  0.0, Max: 0, Diff: 0, Sum: 0, Workers: 4
[902.503s][debug][gc,phases      ] GC(44)     Total                          Min: 0, Avg:  0.0, Max: 0, Diff: 0, Sum: 0, Workers: 4
[902.503s][debug][gc,phases      ] GC(44)   StringDedup Requests0 Weak     Min:  0.0, Avg:  0.0, Max:  0.0, Diff:  0.0, Sum:  0.0, Workers: 4
[902.503s][debug][gc,phases      ] GC(44)     Dead                           Min: 0, Avg:  0.0, Max: 0, Diff: 0, Sum: 0, Workers: 4
[902.503s][debug][gc,phases      ] GC(44)     Total                          Min: 0, Avg:  0.0, Max: 0, Diff: 0, Sum: 0, Workers: 4
[902.503s][debug][gc,phases      ] GC(44)   StringDedup Requests1 Weak     Min:  0.0, Avg:  0.0, Max:  0.0, Diff:  0.0, Sum:  0.0, Workers: 4
[902.503s][debug][gc,phases      ] GC(44)     Dead                           Min: 0, Avg:  0.0, Max: 0, Diff: 0, Sum: 0, Workers: 4
[902.503s][debug][gc,phases      ] GC(44)     Total                          Min: 0, Avg:  0.0, Max: 0, Diff: 0, Sum: 0, Workers: 4
[902.504s][debug][gc,phases      ] GC(44)   Weak JFR Old Object Samples    Min:  0.0, Avg:  0.0, Max:  0.0, Diff:  0.0, Sum:  0.0, Workers: 4
[902.504s][debug][gc,phases      ] GC(44)     Dead                           Min: 0, Avg:  0.0, Max: 0, Diff: 0, Sum: 0, Workers: 4
[902.504s][debug][gc,phases      ] GC(44)     Total                          Min: 0, Avg:  0.0, Max: 0, Diff: 0, Sum: 0, Workers: 4
[902.504s][debug][gc,phases      ] GC(44) Weak Processing 0.403ms
[902.504s][debug][gc,age         ] GC(44) Desired survivor size 242745344 bytes, new threshold 15 (max threshold 15)
[902.504s][info ][gc,heap        ] GC(44) PSYoungGen: 1633184K(1852928K)->30656K(1846784K) Eden: 1602560K(1602560K)->0K(1602560K) From: 30624K(250368K)->30656K(244224K)
[902.504s][info ][gc,heap        ] GC(44) ParOldGen: 295239K(342016K)->295271K(342016K)
[902.504s][info ][gc,metaspace   ] GC(44) Metaspace: 78553K(79360K)->78553K(79360K) NonClass: 67327K(67776K)->67327K(67776K) Class: 11225K(11584K)->11225K(11584K)
[902.504s][info ][gc             ] GC(44) Pause Young (Allocation Failure) 1883M->318M(2137M) 11.867ms
[902.504s][info ][gc,cpu         ] GC(44) User=0.04s Sys=0.00s Real=0.01s
[902.504s][info ][safepoint      ] Safepoint "ParallelGCFailedAllocation", Time since last: 2550426716 ns, Reaching safepoint: 93101 ns, At safepoint: 11945459 ns, Total: 12038560 ns
[905.504s][info ][safepoint      ] Safepoint "Cleanup", Time since last: 3000162497 ns, Reaching safepoint: 47500 ns, At safepoint: 3800 ns, Total: 51300 ns
[907.282s][info ][safepoint      ] Safepoint "Cleanup", Time since last: 1777931069 ns, Reaching safepoint: 65700 ns, At safepoint: 2500 ns, Total: 68200 ns
[908.282s][info ][safepoint      ] Safepoint "Cleanup", Time since last: 1000102633 ns, Reaching safepoint: 44300 ns, At safepoint: 3000 ns, Total: 47300 ns
[911.282s][info ][safepoint      ] Safepoint "Cleanup", Time since last: 3000224439 ns, Reaching safepoint: 42101 ns, At safepoint: 2800 ns, Total: 44901 ns
[912.282s][info ][safepoint      ] Safepoint "Cleanup", Time since last: 1000104920 ns, Reaching safepoint: 44800 ns, At safepoint: 6800 ns, Total: 51600 ns
[919.283s][info ][safepoint      ] Safepoint "Cleanup", Time since last: 7000485250 ns, Reaching safepoint: 40001 ns, At safepoint: 2400 ns, Total: 42401 ns
[921.283s][info ][safepoint      ] Safepoint "Cleanup", Time since last: 2000183430 ns, Reaching safepoint: 41900 ns, At safepoint: 2600 ns, Total: 44500 ns
[936.284s][info ][safepoint      ] Safepoint "Cleanup", Time since last: 15000904362 ns, Reaching safepoint: 33000 ns, At safepoint: 2700 ns, Total: 35700 ns
[936.542s][info ][gc,start       ] GC(45) Pause Young (Allocation Failure)
[936.555s][debug][gc,phases      ] GC(45) Scavenge 12.906ms
[936.555s][debug][gc,ref         ] GC(45) Skipped phase 1 of Reference Processing: no references
[936.555s][debug][gc,ref         ] GC(45) ReferenceProcessor::execute queues: 1, RefProcThreadModel::Single, marks_oops_alive: false
[936.555s][debug][gc,ref         ] GC(45) Skipped phase 3 of Reference Processing: no references
[936.555s][debug][gc,ref         ] GC(45) ReferenceProcessor::execute queues: 1, RefProcThreadModel::Single, marks_oops_alive: false
[936.555s][debug][gc,phases      ] GC(45) Reference Processing 0.106ms
[936.556s][debug][gc,phases      ] GC(45)   VM Weak                        Min:  0.0, Avg:  0.0, Max:  0.0, Diff:  0.0, Sum:  0.0, Workers: 4
[936.556s][debug][gc,phases      ] GC(45)     Dead                           Min: 0, Avg:  0.0, Max: 0, Diff: 0, Sum: 0, Workers: 4
[936.556s][debug][gc,phases      ] GC(45)     Total                          Min: 0, Avg: 178.2, Max: 576, Diff: 576, Sum: 713, Workers: 4
[936.556s][debug][gc,phases      ] GC(45)   ObjectSynchronizer Weak        Min:  0.0, Avg:  0.0, Max:  0.0, Diff:  0.0, Sum:  0.0, Workers: 4
[936.556s][debug][gc,phases      ] GC(45)     Dead                           Min: 0, Avg:  0.0, Max: 0, Diff: 0, Sum: 0, Workers: 4
[936.556s][debug][gc,phases      ] GC(45)     Total                          Min: 0, Avg:  6.8, Max: 27, Diff: 27, Sum: 27, Workers: 4
[936.556s][debug][gc,phases      ] GC(45)   JVMTI Tag Weak OopStorage      Min:  0.0, Avg:  0.0, Max:  0.0, Diff:  0.0, Sum:  0.0, Workers: 4
[936.556s][debug][gc,phases      ] GC(45)     Dead                           Min: 0, Avg:  0.0, Max: 0, Diff: 0, Sum: 0, Workers: 4
[936.556s][debug][gc,phases      ] GC(45)     Total                          Min: 0, Avg:  0.0, Max: 0, Diff: 0, Sum: 0, Workers: 4
[936.556s][debug][gc,phases      ] GC(45)   StringTable Weak               Min:  0.0, Avg:  0.1, Max:  0.1, Diff:  0.1, Sum:  0.4, Workers: 4
[936.556s][debug][gc,phases      ] GC(45)     Dead                           Min: 0, Avg:  0.0, Max: 0, Diff: 0, Sum: 0, Workers: 4
[936.556s][debug][gc,phases      ] GC(45)     Total                          Min: 0, Avg: 10730.0, Max: 18048, Diff: 18048, Sum: 42920, Workers: 4
[936.556s][debug][gc,phases      ] GC(45)   ResolvedMethodTable Weak       Min:  0.0, Avg:  0.0, Max:  0.0, Diff:  0.0, Sum:  0.1, Workers: 4
[936.556s][debug][gc,phases      ] GC(45)     Dead                           Min: 0, Avg:  0.0, Max: 0, Diff: 0, Sum: 0, Workers: 4
[936.556s][debug][gc,phases      ] GC(45)     Total                          Min: 0, Avg: 2117.2, Max: 3733, Diff: 3733, Sum: 8469, Workers: 4
[936.556s][debug][gc,phases      ] GC(45)   JNI Weak                       Min:  0.0, Avg:  0.0, Max:  0.0, Diff:  0.0, Sum:  0.0, Workers: 4
[936.556s][debug][gc,phases      ] GC(45)     Dead                           Min: 0, Avg:  0.0, Max: 0, Diff: 0, Sum: 0, Workers: 4
[936.556s][debug][gc,phases      ] GC(45)     Total                          Min: 0, Avg: 11.2, Max: 45, Diff: 45, Sum: 45, Workers: 4
[936.556s][debug][gc,phases      ] GC(45)   StringDedup Table Weak         Min:  0.0, Avg:  0.0, Max:  0.0, Diff:  0.0, Sum:  0.0, Workers: 4
[936.556s][debug][gc,phases      ] GC(45)     Dead                           Min: 0, Avg:  0.0, Max: 0, Diff: 0, Sum: 0, Workers: 4
[936.556s][debug][gc,phases      ] GC(45)     Total                          Min: 0, Avg:  0.0, Max: 0, Diff: 0, Sum: 0, Workers: 4
[936.556s][debug][gc,phases      ] GC(45)   StringDedup Requests0 Weak     Min:  0.0, Avg:  0.0, Max:  0.0, Diff:  0.0, Sum:  0.0, Workers: 4
[936.556s][debug][gc,phases      ] GC(45)     Dead                           Min: 0, Avg:  0.0, Max: 0, Diff: 0, Sum: 0, Workers: 4
[936.556s][debug][gc,phases      ] GC(45)     Total                          Min: 0, Avg:  0.0, Max: 0, Diff: 0, Sum: 0, Workers: 4
[936.556s][debug][gc,phases      ] GC(45)   StringDedup Requests1 Weak     Min:  0.0, Avg:  0.0, Max:  0.0, Diff:  0.0, Sum:  0.0, Workers: 4
[936.556s][debug][gc,phases      ] GC(45)     Dead                           Min: 0, Avg:  0.0, Max: 0, Diff: 0, Sum: 0, Workers: 4
[936.556s][debug][gc,phases      ] GC(45)     Total                          Min: 0, Avg:  0.0, Max: 0, Diff: 0, Sum: 0, Workers: 4
[936.556s][debug][gc,phases      ] GC(45)   Weak JFR Old Object Samples    Min:  0.0, Avg:  0.0, Max:  0.0, Diff:  0.0, Sum:  0.0, Workers: 4
[936.556s][debug][gc,phases      ] GC(45)     Dead                           Min: 0, Avg:  0.0, Max: 0, Diff: 0, Sum: 0, Workers: 4
[936.556s][debug][gc,phases      ] GC(45)     Total                          Min: 0, Avg:  0.0, Max: 0, Diff: 0, Sum: 0, Workers: 4
[936.556s][debug][gc,phases      ] GC(45) Weak Processing 0.332ms
[936.556s][debug][gc,age         ] GC(45) Desired survivor size 234356736 bytes, new threshold 15 (max threshold 15)
[936.556s][info ][gc,heap        ] GC(45) PSYoungGen: 1633216K(1846784K)->30528K(1868288K) Eden: 1602560K(1602560K)->0K(1631232K) From: 30656K(244224K)->30528K(237056K)
[936.556s][info ][gc,heap        ] GC(45) ParOldGen: 295271K(342016K)->295327K(342016K)
[936.556s][info ][gc,metaspace   ] GC(45) Metaspace: 78561K(79360K)->78561K(79360K) NonClass: 67336K(67776K)->67336K(67776K) Class: 11225K(11584K)->11225K(11584K)
[936.556s][info ][gc             ] GC(45) Pause Young (Allocation Failure) 1883M->318M(2158M) 13.459ms
[936.556s][info ][gc,cpu         ] GC(45) User=0.04s Sys=0.00s Real=0.02s
[936.556s][info ][safepoint      ] Safepoint "ParallelGCFailedAllocation", Time since last: 258193662 ns, Reaching safepoint: 31201 ns, At safepoint: 13524666 ns, Total: 13555867 ns
[937.556s][info ][safepoint      ] Safepoint "Cleanup", Time since last: 1000079888 ns, Reaching safepoint: 46100 ns, At safepoint: 3700 ns, Total: 49800 ns
[938.556s][info ][safepoint      ] Safepoint "Cleanup", Time since last: 1000110589 ns, Reaching safepoint: 44700 ns, At safepoint: 5200 ns, Total: 49900 ns
[956.557s][info ][safepoint      ] Safepoint "Cleanup", Time since last: 18001139750 ns, Reaching safepoint: 42700 ns, At safepoint: 3100 ns, Total: 45800 ns
[957.557s][info ][safepoint      ] Safepoint "Cleanup", Time since last: 1000109945 ns, Reaching safepoint: 37800 ns, At safepoint: 4100 ns, Total: 41900 ns
[967.558s][info ][safepoint      ] Safepoint "Cleanup", Time since last: 10000622772 ns, Reaching safepoint: 28901 ns, At safepoint: 3700 ns, Total: 32601 ns
[970.890s][info ][gc,start       ] GC(46) Pause Young (Allocation Failure)
[970.900s][debug][gc,phases      ] GC(46) Scavenge 9.939ms
[970.900s][debug][gc,ref         ] GC(46) Skipped phase 1 of Reference Processing: no references
[970.900s][debug][gc,ref         ] GC(46) ReferenceProcessor::execute queues: 1, RefProcThreadModel::Single, marks_oops_alive: false
[970.900s][debug][gc,ref         ] GC(46) Skipped phase 3 of Reference Processing: no references
[970.900s][debug][gc,ref         ] GC(46) ReferenceProcessor::execute queues: 1, RefProcThreadModel::Single, marks_oops_alive: false
[970.900s][debug][gc,phases      ] GC(46) Reference Processing 0.097ms
[970.900s][debug][gc,phases      ] GC(46)   VM Weak                        Min:  0.0, Avg:  0.0, Max:  0.0, Diff:  0.0, Sum:  0.0, Workers: 4
[970.900s][debug][gc,phases      ] GC(46)     Dead                           Min: 0, Avg:  0.0, Max: 0, Diff: 0, Sum: 0, Workers: 4
[970.900s][debug][gc,phases      ] GC(46)     Total                          Min: 0, Avg: 178.2, Max: 649, Diff: 649, Sum: 713, Workers: 4
[970.900s][debug][gc,phases      ] GC(46)   ObjectSynchronizer Weak        Min:  0.0, Avg:  0.0, Max:  0.0, Diff:  0.0, Sum:  0.0, Workers: 4
[970.900s][debug][gc,phases      ] GC(46)     Dead                           Min: 0, Avg:  0.0, Max: 0, Diff: 0, Sum: 0, Workers: 4
[970.900s][debug][gc,phases      ] GC(46)     Total                          Min: 0, Avg:  6.8, Max: 27, Diff: 27, Sum: 27, Workers: 4
[970.900s][debug][gc,phases      ] GC(46)   JVMTI Tag Weak OopStorage      Min:  0.0, Avg:  0.0, Max:  0.0, Diff:  0.0, Sum:  0.0, Workers: 4
[970.900s][debug][gc,phases      ] GC(46)     Dead                           Min: 0, Avg:  0.0, Max: 0, Diff: 0, Sum: 0, Workers: 4
[970.900s][debug][gc,phases      ] GC(46)     Total                          Min: 0, Avg:  0.0, Max: 0, Diff: 0, Sum: 0, Workers: 4
[970.901s][debug][gc,phases      ] GC(46)   StringTable Weak               Min:  0.0, Avg:  0.1, Max:  0.2, Diff:  0.2, Sum:  0.3, Workers: 4
[970.901s][debug][gc,phases      ] GC(46)     Dead                           Min: 0, Avg:  0.0, Max: 0, Diff: 0, Sum: 0, Workers: 4
[970.901s][debug][gc,phases      ] GC(46)     Total                          Min: 0, Avg: 10730.0, Max: 25598, Diff: 25598, Sum: 42920, Workers: 4
[970.901s][debug][gc,phases      ] GC(46)   ResolvedMethodTable Weak       Min:  0.0, Avg:  0.0, Max:  0.0, Diff:  0.0, Sum:  0.1, Workers: 4
[970.901s][debug][gc,phases      ] GC(46)     Dead                           Min: 0, Avg:  0.0, Max: 0, Diff: 0, Sum: 0, Workers: 4
[970.901s][debug][gc,phases      ] GC(46)     Total                          Min: 0, Avg: 2117.2, Max: 5056, Diff: 5056, Sum: 8469, Workers: 4
[970.901s][debug][gc,phases      ] GC(46)   JNI Weak                       Min:  0.0, Avg:  0.0, Max:  0.0, Diff:  0.0, Sum:  0.0, Workers: 4
[970.901s][debug][gc,phases      ] GC(46)     Dead                           Min: 0, Avg:  0.0, Max: 0, Diff: 0, Sum: 0, Workers: 4
[970.901s][debug][gc,phases      ] GC(46)     Total                          Min: 0, Avg: 11.2, Max: 45, Diff: 45, Sum: 45, Workers: 4
[970.901s][debug][gc,phases      ] GC(46)   StringDedup Table Weak         Min:  0.0, Avg:  0.0, Max:  0.0, Diff:  0.0, Sum:  0.0, Workers: 4
[970.901s][debug][gc,phases      ] GC(46)     Dead                           Min: 0, Avg:  0.0, Max: 0, Diff: 0, Sum: 0, Workers: 4
[970.901s][debug][gc,phases      ] GC(46)     Total                          Min: 0, Avg:  0.0, Max: 0, Diff: 0, Sum: 0, Workers: 4
[970.901s][debug][gc,phases      ] GC(46)   StringDedup Requests0 Weak     Min:  0.0, Avg:  0.0, Max:  0.0, Diff:  0.0, Sum:  0.0, Workers: 4
[970.901s][debug][gc,phases      ] GC(46)     Dead                           Min: 0, Avg:  0.0, Max: 0, Diff: 0, Sum: 0, Workers: 4
[970.901s][debug][gc,phases      ] GC(46)     Total                          Min: 0, Avg:  0.0, Max: 0, Diff: 0, Sum: 0, Workers: 4
[970.901s][debug][gc,phases      ] GC(46)   StringDedup Requests1 Weak     Min:  0.0, Avg:  0.0, Max:  0.0, Diff:  0.0, Sum:  0.0, Workers: 4
[970.901s][debug][gc,phases      ] GC(46)     Dead                           Min: 0, Avg:  0.0, Max: 0, Diff: 0, Sum: 0, Workers: 4
[970.901s][debug][gc,phases      ] GC(46)     Total                          Min: 0, Avg:  0.0, Max: 0, Diff: 0, Sum: 0, Workers: 4
[970.901s][debug][gc,phases      ] GC(46)   Weak JFR Old Object Samples    Min:  0.0, Avg:  0.0, Max:  0.0, Diff:  0.0, Sum:  0.0, Workers: 4
[970.901s][debug][gc,phases      ] GC(46)     Dead                           Min: 0, Avg:  0.0, Max: 0, Diff: 0, Sum: 0, Workers: 4
[970.901s][debug][gc,phases      ] GC(46)     Total                          Min: 0, Avg:  0.0, Max: 0, Diff: 0, Sum: 0, Workers: 4
[970.901s][debug][gc,phases      ] GC(46) Weak Processing 0.353ms
[970.901s][debug][gc,age         ] GC(46) Desired survivor size 225968128 bytes, new threshold 15 (max threshold 15)
[970.901s][info ][gc,heap        ] GC(46) PSYoungGen: 1661760K(1868288K)->30464K(1860096K) Eden: 1631232K(1631232K)->0K(1631232K) From: 30528K(237056K)->30464K(228864K)
[970.901s][info ][gc,heap        ] GC(46) ParOldGen: 295327K(342016K)->295415K(342016K)
[970.901s][info ][gc,metaspace   ] GC(46) Metaspace: 78564K(79424K)->78564K(79424K) NonClass: 67339K(67840K)->67339K(67840K) Class: 11225K(11584K)->11225K(11584K)
[970.901s][info ][gc             ] GC(46) Pause Young (Allocation Failure) 1911M->318M(2150M) 10.488ms
[970.901s][info ][gc,cpu         ] GC(46) User=0.04s Sys=0.00s Real=0.01s
[970.901s][info ][safepoint      ] Safepoint "ParallelGCFailedAllocation", Time since last: 3331931940 ns, Reaching safepoint: 38500 ns, At safepoint: 10566955 ns, Total: 10605455 ns
[988.499s][info ][safepoint      ] Safepoint "Cleanup", Time since last: 17597973583 ns, Reaching safepoint: 56200 ns, At safepoint: 7000 ns, Total: 63200 ns
[993.499s][info ][safepoint      ] Safepoint "Cleanup", Time since last: 5000377587 ns, Reaching safepoint: 47400 ns, At safepoint: 9401 ns, Total: 56801 ns
[1003.329s][info ][gc,start       ] GC(47) Pause Young (Allocation Failure)
[1003.349s][debug][gc,phases      ] GC(47) Scavenge 20.323ms
[1003.349s][debug][gc,ref         ] GC(47) Skipped phase 1 of Reference Processing: no references
[1003.349s][debug][gc,ref         ] GC(47) ReferenceProcessor::execute queues: 1, RefProcThreadModel::Single, marks_oops_alive: false
[1003.349s][debug][gc,ref         ] GC(47) Skipped phase 3 of Reference Processing: no references
[1003.349s][debug][gc,ref         ] GC(47) ReferenceProcessor::execute queues: 1, RefProcThreadModel::Single, marks_oops_alive: false
[1003.349s][debug][gc,phases      ] GC(47) Reference Processing 0.090ms
[1003.350s][debug][gc,phases      ] GC(47)   VM Weak                        Min:  0.0, Avg:  0.0, Max:  0.0, Diff:  0.0, Sum:  0.0, Workers: 4
[1003.350s][debug][gc,phases      ] GC(47)     Dead                           Min: 0, Avg:  0.0, Max: 0, Diff: 0, Sum: 0, Workers: 4
[1003.350s][debug][gc,phases      ] GC(47)     Total                          Min: 0, Avg: 178.2, Max: 457, Diff: 457, Sum: 713, Workers: 4
[1003.350s][debug][gc,phases      ] GC(47)   ObjectSynchronizer Weak        Min:  0.0, Avg:  0.0, Max:  0.0, Diff:  0.0, Sum:  0.0, Workers: 4
[1003.350s][debug][gc,phases      ] GC(47)     Dead                           Min: 0, Avg:  0.0, Max: 0, Diff: 0, Sum: 0, Workers: 4
[1003.350s][debug][gc,phases      ] GC(47)     Total                          Min: 0, Avg:  6.8, Max: 27, Diff: 27, Sum: 27, Workers: 4
[1003.350s][debug][gc,phases      ] GC(47)   JVMTI Tag Weak OopStorage      Min:  0.0, Avg:  0.0, Max:  0.0, Diff:  0.0, Sum:  0.0, Workers: 4
[1003.350s][debug][gc,phases      ] GC(47)     Dead                           Min: 0, Avg:  0.0, Max: 0, Diff: 0, Sum: 0, Workers: 4
[1003.350s][debug][gc,phases      ] GC(47)     Total                          Min: 0, Avg:  0.0, Max: 0, Diff: 0, Sum: 0, Workers: 4
[1003.350s][debug][gc,phases      ] GC(47)   StringTable Weak               Min:  0.0, Avg:  0.1, Max:  0.1, Diff:  0.1, Sum:  0.4, Workers: 4
[1003.350s][debug][gc,phases      ] GC(47)     Dead                           Min: 0, Avg:  0.0, Max: 0, Diff: 0, Sum: 0, Workers: 4
[1003.350s][debug][gc,phases      ] GC(47)     Total                          Min: 0, Avg: 10730.0, Max: 14698, Diff: 14698, Sum: 42920, Workers: 4
[1003.350s][debug][gc,phases      ] GC(47)   ResolvedMethodTable Weak       Min:  0.0, Avg:  0.0, Max:  0.0, Diff:  0.0, Sum:  0.1, Workers: 4
[1003.350s][debug][gc,phases      ] GC(47)     Dead                           Min: 0, Avg:  0.0, Max: 0, Diff: 0, Sum: 0, Workers: 4
[1003.350s][debug][gc,phases      ] GC(47)     Total                          Min: 0, Avg: 2117.2, Max: 2837, Diff: 2837, Sum: 8469, Workers: 4
[1003.350s][debug][gc,phases      ] GC(47)   JNI Weak                       Min:  0.0, Avg:  0.0, Max:  0.0, Diff:  0.0, Sum:  0.0, Workers: 4
[1003.350s][debug][gc,phases      ] GC(47)     Dead                           Min: 0, Avg:  0.0, Max: 0, Diff: 0, Sum: 0, Workers: 4
[1003.350s][debug][gc,phases      ] GC(47)     Total                          Min: 0, Avg: 11.2, Max: 45, Diff: 45, Sum: 45, Workers: 4
[1003.350s][debug][gc,phases      ] GC(47)   StringDedup Table Weak         Min:  0.0, Avg:  0.0, Max:  0.0, Diff:  0.0, Sum:  0.0, Workers: 4
[1003.350s][debug][gc,phases      ] GC(47)     Dead                           Min: 0, Avg:  0.0, Max: 0, Diff: 0, Sum: 0, Workers: 4
[1003.350s][debug][gc,phases      ] GC(47)     Total                          Min: 0, Avg:  0.0, Max: 0, Diff: 0, Sum: 0, Workers: 4
[1003.350s][debug][gc,phases      ] GC(47)   StringDedup Requests0 Weak     Min:  0.0, Avg:  0.0, Max:  0.0, Diff:  0.0, Sum:  0.0, Workers: 4
[1003.350s][debug][gc,phases      ] GC(47)     Dead                           Min: 0, Avg:  0.0, Max: 0, Diff: 0, Sum: 0, Workers: 4
[1003.350s][debug][gc,phases      ] GC(47)     Total                          Min: 0, Avg:  0.0, Max: 0, Diff: 0, Sum: 0, Workers: 4
[1003.350s][debug][gc,phases      ] GC(47)   StringDedup Requests1 Weak     Min:  0.0, Avg:  0.0, Max:  0.0, Diff:  0.0, Sum:  0.0, Workers: 4
[1003.350s][debug][gc,phases      ] GC(47)     Dead                           Min: 0, Avg:  0.0, Max: 0, Diff: 0, Sum: 0, Workers: 4
[1003.350s][debug][gc,phases      ] GC(47)     Total                          Min: 0, Avg:  0.0, Max: 0, Diff: 0, Sum: 0, Workers: 4
[1003.350s][debug][gc,phases      ] GC(47)   Weak JFR Old Object Samples    Min:  0.0, Avg:  0.0, Max:  0.0, Diff:  0.0, Sum:  0.0, Workers: 4
[1003.350s][debug][gc,phases      ] GC(47)     Dead                           Min: 0, Avg:  0.0, Max: 0, Diff: 0, Sum: 0, Workers: 4
[1003.350s][debug][gc,phases      ] GC(47)     Total                          Min: 0, Avg:  0.0, Max: 0, Diff: 0, Sum: 0, Workers: 4
[1003.350s][debug][gc,phases      ] GC(47) Weak Processing 0.324ms
[1003.350s][debug][gc,age         ] GC(47) Desired survivor size 222298112 bytes, new threshold 15 (max threshold 15)
[1003.350s][info ][gc,heap        ] GC(47) PSYoungGen: 1661696K(1860096K)->1984K(1880064K) Eden: 1631232K(1631232K)->0K(1659392K) From: 30464K(228864K)->1984K(220672K)
[1003.350s][info ][gc,heap        ] GC(47) ParOldGen: 295415K(342016K)->325239K(342016K)
[1003.350s][info ][gc,metaspace   ] GC(47) Metaspace: 78565K(79424K)->78565K(79424K) NonClass: 67340K(67840K)->67340K(67840K) Class: 11225K(11584K)->11225K(11584K)
[1003.350s][info ][gc             ] GC(47) Pause Young (Allocation Failure) 1911M->319M(2170M) 20.854ms
[1003.350s][info ][gc,cpu         ] GC(47) User=0.04s Sys=0.01s Real=0.02s
[1003.350s][debug][gc,phases      ] GC(48) Pre Compact 0.008ms
[1003.350s][info ][gc,start       ] GC(48) Pause Full (Ergonomics)
[1003.350s][info ][gc,phases,start] GC(48) Marking Phase
[1003.457s][debug][gc,phases      ] GC(48) Par Mark 106.869ms
[1003.457s][debug][gc,ref         ] GC(48) Skipped phase 1 of Reference Processing: no references
[1003.457s][debug][gc,ref         ] GC(48) ReferenceProcessor::execute queues: 4, RefProcThreadModel::Multi, marks_oops_alive: false
[1003.458s][debug][gc,ref         ] GC(48) Skipped phase 3 of Reference Processing: no references
[1003.458s][debug][gc,ref         ] GC(48) ReferenceProcessor::execute queues: 1, RefProcThreadModel::Single, marks_oops_alive: false
[1003.458s][debug][gc,phases      ] GC(48) Reference Processing 0.752ms
[1003.458s][debug][gc,phases      ] GC(48)   VM Weak                        Min:  0.0, Avg:  0.0, Max:  0.0, Diff:  0.0, Sum:  0.0, Workers: 4
[1003.458s][debug][gc,phases      ] GC(48)     Dead                           Min: 0, Avg:  0.0, Max: 0, Diff: 0, Sum: 0, Workers: 4
[1003.458s][debug][gc,phases      ] GC(48)     Total                          Min: 9, Avg: 178.2, Max: 320, Diff: 311, Sum: 713, Workers: 4
[1003.458s][debug][gc,phases      ] GC(48)   ObjectSynchronizer Weak        Min:  0.0, Avg:  0.0, Max:  0.0, Diff:  0.0, Sum:  0.0, Workers: 4
[1003.458s][debug][gc,phases      ] GC(48)     Dead                           Min: 0, Avg:  0.0, Max: 0, Diff: 0, Sum: 0, Workers: 4
[1003.458s][debug][gc,phases      ] GC(48)     Total                          Min: 0, Avg:  6.8, Max: 27, Diff: 27, Sum: 27, Workers: 4
[1003.458s][debug][gc,phases      ] GC(48)   JVMTI Tag Weak OopStorage      Min:  0.0, Avg:  0.0, Max:  0.0, Diff:  0.0, Sum:  0.0, Workers: 4
[1003.458s][debug][gc,phases      ] GC(48)     Dead                           Min: 0, Avg:  0.0, Max: 0, Diff: 0, Sum: 0, Workers: 4
[1003.458s][debug][gc,phases      ] GC(48)     Total                          Min: 0, Avg:  0.0, Max: 0, Diff: 0, Sum: 0, Workers: 4
[1003.458s][debug][gc,phases      ] GC(48)   StringTable Weak               Min:  0.2, Avg:  0.2, Max:  0.2, Diff:  0.0, Sum:  0.6, Workers: 4
[1003.458s][debug][gc,phases      ] GC(48)     Dead                           Min: 0, Avg:  0.0, Max: 0, Diff: 0, Sum: 0, Workers: 4
[1003.458s][debug][gc,phases      ] GC(48)     Total                          Min: 9600, Avg: 10730.0, Max: 11583, Diff: 1983, Sum: 42920, Workers: 4
[1003.458s][debug][gc,phases      ] GC(48)   ResolvedMethodTable Weak       Min:  0.0, Avg:  0.0, Max:  0.0, Diff:  0.0, Sum:  0.1, Workers: 4
[1003.458s][debug][gc,phases      ] GC(48)     Dead                           Min: 0, Avg:  0.0, Max: 0, Diff: 0, Sum: 0, Workers: 4
[1003.458s][debug][gc,phases      ] GC(48)     Total                          Min: 1984, Avg: 2117.2, Max: 2304, Diff: 320, Sum: 8469, Workers: 4
[1003.458s][debug][gc,phases      ] GC(48)   JNI Weak                       Min:  0.0, Avg:  0.0, Max:  0.0, Diff:  0.0, Sum:  0.0, Workers: 4
[1003.458s][debug][gc,phases      ] GC(48)     Dead                           Min: 0, Avg:  0.0, Max: 0, Diff: 0, Sum: 0, Workers: 4
[1003.458s][debug][gc,phases      ] GC(48)     Total                          Min: 0, Avg: 11.2, Max: 45, Diff: 45, Sum: 45, Workers: 4
[1003.458s][debug][gc,phases      ] GC(48)   StringDedup Table Weak         Min:  0.0, Avg:  0.0, Max:  0.0, Diff:  0.0, Sum:  0.0, Workers: 4
[1003.458s][debug][gc,phases      ] GC(48)     Dead                           Min: 0, Avg:  0.0, Max: 0, Diff: 0, Sum: 0, Workers: 4
[1003.458s][debug][gc,phases      ] GC(48)     Total                          Min: 0, Avg:  0.0, Max: 0, Diff: 0, Sum: 0, Workers: 4
[1003.458s][debug][gc,phases      ] GC(48)   StringDedup Requests0 Weak     Min:  0.0, Avg:  0.0, Max:  0.0, Diff:  0.0, Sum:  0.0, Workers: 4
[1003.458s][debug][gc,phases      ] GC(48)     Dead                           Min: 0, Avg:  0.0, Max: 0, Diff: 0, Sum: 0, Workers: 4
[1003.458s][debug][gc,phases      ] GC(48)     Total                          Min: 0, Avg:  0.0, Max: 0, Diff: 0, Sum: 0, Workers: 4
[1003.458s][debug][gc,phases      ] GC(48)   StringDedup Requests1 Weak     Min:  0.0, Avg:  0.0, Max:  0.0, Diff:  0.0, Sum:  0.0, Workers: 4
[1003.458s][debug][gc,phases      ] GC(48)     Dead                           Min: 0, Avg:  0.0, Max: 0, Diff: 0, Sum: 0, Workers: 4
[1003.458s][debug][gc,phases      ] GC(48)     Total                          Min: 0, Avg:  0.0, Max: 0, Diff: 0, Sum: 0, Workers: 4
[1003.458s][debug][gc,phases      ] GC(48)   Weak JFR Old Object Samples    Min:  0.0, Avg:  0.0, Max:  0.0, Diff:  0.0, Sum:  0.0, Workers: 4
[1003.458s][debug][gc,phases      ] GC(48)     Dead                           Min: 0, Avg:  0.0, Max: 0, Diff: 0, Sum: 0, Workers: 4
[1003.458s][debug][gc,phases      ] GC(48)     Total                          Min: 0, Avg:  0.0, Max: 0, Diff: 0, Sum: 0, Workers: 4
[1003.458s][debug][gc,phases      ] GC(48) Weak Processing 0.334ms
[1003.458s][debug][gc,phases      ] GC(48) ClassLoaderData 0.089ms
[1003.458s][debug][gc,phases      ] GC(48) Trigger cleanups 0.000ms
[1003.473s][debug][gc,phases      ] GC(48) Class Unloading 15.048ms
[1003.473s][info ][gc,phases      ] GC(48) Marking Phase 123.153ms
[1003.473s][info ][gc,phases,start] GC(48) Summary Phase
[1003.473s][info ][gc,phases      ] GC(48) Summary Phase 0.012ms
[1003.473s][info ][gc,phases,start] GC(48) Adjust Roots
[1003.485s][info ][gc,phases      ] GC(48) Adjust Roots 12.453ms
[1003.485s][info ][gc,phases,start] GC(48) Compaction Phase
[1003.613s][info ][gc,phases      ] GC(48) Compaction Phase 127.816ms
[1003.613s][info ][gc,phases,start] GC(48) Post Compact
[1003.614s][info ][gc,phases      ] GC(48) Post Compact 1.016ms
[1003.615s][info ][gc,heap        ] GC(48) PSYoungGen: 1984K(1880064K)->0K(1876480K) Eden: 0K(1659392K)->0K(1659392K) From: 1984K(220672K)->0K(217088K)
[1003.615s][info ][gc,heap        ] GC(48) ParOldGen: 325239K(342016K)->320721K(446976K)
[1003.615s][info ][gc,metaspace   ] GC(48) Metaspace: 78565K(79424K)->78565K(79424K) NonClass: 67340K(67840K)->67340K(67840K) Class: 11225K(11584K)->11225K(11584K)
[1003.615s][info ][gc             ] GC(48) Pause Full (Ergonomics) 319M->313M(2269M) 264.738ms
[1003.615s][info ][gc,cpu         ] GC(48) User=0.90s Sys=0.00s Real=0.27s
[1003.615s][info ][safepoint      ] Safepoint "ParallelGCFailedAllocation", Time since last: 9829660601 ns, Reaching safepoint: 99400 ns, At safepoint: 285715684 ns, Total: 285815084 ns
[1028.632s][info ][safepoint      ] Safepoint "Cleanup", Time since last: 25017727572 ns, Reaching safepoint: 50400 ns, At safepoint: 5000 ns, Total: 55400 ns
[1029.633s][info ][safepoint      ] Safepoint "Cleanup", Time since last: 1000109596 ns, Reaching safepoint: 33200 ns, At safepoint: 2200 ns, Total: 35400 ns
[1030.633s][info ][safepoint      ] Safepoint "Cleanup", Time since last: 1000098296 ns, Reaching safepoint: 48400 ns, At safepoint: 33600 ns, Total: 82000 ns
[1038.090s][info ][gc,start       ] GC(49) Pause Young (Allocation Failure)
[1038.092s][debug][gc,phases      ] GC(49) Scavenge 1.787ms
[1038.092s][debug][gc,ref         ] GC(49) Skipped phase 1 of Reference Processing: no references
[1038.092s][debug][gc,ref         ] GC(49) Skipped phase 2 of Reference Processing: no references
[1038.092s][debug][gc,ref         ] GC(49) Skipped phase 3 of Reference Processing: no references
[1038.092s][debug][gc,ref         ] GC(49) ReferenceProcessor::execute queues: 1, RefProcThreadModel::Single, marks_oops_alive: false
[1038.092s][debug][gc,phases      ] GC(49) Reference Processing 0.077ms
[1038.093s][debug][gc,phases      ] GC(49)   VM Weak                        Min:  0.0, Avg:  0.0, Max:  0.0, Diff:  0.0, Sum:  0.0, Workers: 4
[1038.093s][debug][gc,phases      ] GC(49)     Dead                           Min: 0, Avg:  0.0, Max: 0, Diff: 0, Sum: 0, Workers: 4
[1038.093s][debug][gc,phases      ] GC(49)     Total                          Min: 0, Avg: 178.2, Max: 393, Diff: 393, Sum: 713, Workers: 4
[1038.093s][debug][gc,phases      ] GC(49)   ObjectSynchronizer Weak        Min:  0.0, Avg:  0.0, Max:  0.0, Diff:  0.0, Sum:  0.0, Workers: 4
[1038.093s][debug][gc,phases      ] GC(49)     Dead                           Min: 0, Avg:  0.0, Max: 0, Diff: 0, Sum: 0, Workers: 4
[1038.093s][debug][gc,phases      ] GC(49)     Total                          Min: 0, Avg:  6.8, Max: 27, Diff: 27, Sum: 27, Workers: 4
[1038.093s][debug][gc,phases      ] GC(49)   JVMTI Tag Weak OopStorage      Min:  0.0, Avg:  0.0, Max:  0.0, Diff:  0.0, Sum:  0.0, Workers: 4
[1038.093s][debug][gc,phases      ] GC(49)     Dead                           Min: 0, Avg:  0.0, Max: 0, Diff: 0, Sum: 0, Workers: 4
[1038.093s][debug][gc,phases      ] GC(49)     Total                          Min: 0, Avg:  0.0, Max: 0, Diff: 0, Sum: 0, Workers: 4
[1038.093s][debug][gc,phases      ] GC(49)   StringTable Weak               Min:  0.1, Avg:  0.1, Max:  0.1, Diff:  0.0, Sum:  0.4, Workers: 4
[1038.093s][debug][gc,phases      ] GC(49)     Dead                           Min: 0, Avg:  0.0, Max: 0, Diff: 0, Sum: 0, Workers: 4
[1038.093s][debug][gc,phases      ] GC(49)     Total                          Min: 10432, Avg: 10730.2, Max: 11008, Diff: 576, Sum: 42921, Workers: 4
[1038.093s][debug][gc,phases      ] GC(49)   ResolvedMethodTable Weak       Min:  0.0, Avg:  0.0, Max:  0.0, Diff:  0.0, Sum:  0.1, Workers: 4
[1038.093s][debug][gc,phases      ] GC(49)     Dead                           Min: 0, Avg:  0.0, Max: 0, Diff: 0, Sum: 0, Workers: 4
[1038.093s][debug][gc,phases      ] GC(49)     Total                          Min: 2048, Avg: 2117.2, Max: 2304, Diff: 256, Sum: 8469, Workers: 4
[1038.093s][debug][gc,phases      ] GC(49)   JNI Weak                       Min:  0.0, Avg:  0.0, Max:  0.0, Diff:  0.0, Sum:  0.0, Workers: 4
[1038.093s][debug][gc,phases      ] GC(49)     Dead                           Min: 0, Avg:  0.0, Max: 0, Diff: 0, Sum: 0, Workers: 4
[1038.093s][debug][gc,phases      ] GC(49)     Total                          Min: 0, Avg: 11.2, Max: 45, Diff: 45, Sum: 45, Workers: 4
[1038.093s][debug][gc,phases      ] GC(49)   StringDedup Table Weak         Min:  0.0, Avg:  0.0, Max:  0.0, Diff:  0.0, Sum:  0.0, Workers: 4
[1038.093s][debug][gc,phases      ] GC(49)     Dead                           Min: 0, Avg:  0.0, Max: 0, Diff: 0, Sum: 0, Workers: 4
[1038.093s][debug][gc,phases      ] GC(49)     Total                          Min: 0, Avg:  0.0, Max: 0, Diff: 0, Sum: 0, Workers: 4
[1038.093s][debug][gc,phases      ] GC(49)   StringDedup Requests0 Weak     Min:  0.0, Avg:  0.0, Max:  0.0, Diff:  0.0, Sum:  0.0, Workers: 4
[1038.093s][debug][gc,phases      ] GC(49)     Dead                           Min: 0, Avg:  0.0, Max: 0, Diff: 0, Sum: 0, Workers: 4
[1038.093s][debug][gc,phases      ] GC(49)     Total                          Min: 0, Avg:  0.0, Max: 0, Diff: 0, Sum: 0, Workers: 4
[1038.093s][debug][gc,phases      ] GC(49)   StringDedup Requests1 Weak     Min:  0.0, Avg:  0.0, Max:  0.0, Diff:  0.0, Sum:  0.0, Workers: 4
[1038.093s][debug][gc,phases      ] GC(49)     Dead                           Min: 0, Avg:  0.0, Max: 0, Diff: 0, Sum: 0, Workers: 4
[1038.093s][debug][gc,phases      ] GC(49)     Total                          Min: 0, Avg:  0.0, Max: 0, Diff: 0, Sum: 0, Workers: 4
[1038.093s][debug][gc,phases      ] GC(49)   Weak JFR Old Object Samples    Min:  0.0, Avg:  0.0, Max:  0.0, Diff:  0.0, Sum:  0.0, Workers: 4
[1038.093s][debug][gc,phases      ] GC(49)     Dead                           Min: 0, Avg:  0.0, Max: 0, Diff: 0, Sum: 0, Workers: 4
[1038.093s][debug][gc,phases      ] GC(49)     Total                          Min: 0, Avg:  0.0, Max: 0, Diff: 0, Sum: 0, Workers: 4
[1038.093s][debug][gc,phases      ] GC(49) Weak Processing 0.271ms
[1038.093s][debug][gc,age         ] GC(49) Desired survivor size 217055232 bytes, new threshold 15 (max threshold 15)
[1038.093s][info ][gc,heap        ] GC(49) PSYoungGen: 1659392K(1876480K)->896K(1885184K) Eden: 1659392K(1659392K)->0K(1668096K) From: 0K(217088K)->896K(217088K)
[1038.093s][info ][gc,heap        ] GC(49) ParOldGen: 320721K(446976K)->320721K(446976K)
[1038.093s][info ][gc,metaspace   ] GC(49) Metaspace: 78567K(79424K)->78567K(79424K) NonClass: 67341K(67840K)->67341K(67840K) Class: 11225K(11584K)->11225K(11584K)
[1038.093s][info ][gc             ] GC(49) Pause Young (Allocation Failure) 1933M->314M(2277M) 2.219ms
[1038.093s][info ][gc,cpu         ] GC(49) User=0.01s Sys=0.00s Real=0.00s
[1038.093s][info ][safepoint      ] Safepoint "ParallelGCFailedAllocation", Time since last: 7457713858 ns, Reaching safepoint: 36400 ns, At safepoint: 2282511 ns, Total: 2318911 ns
[1045.094s][info ][safepoint      ] Safepoint "Cleanup", Time since last: 7000486167 ns, Reaching safepoint: 288901 ns, At safepoint: 5200 ns, Total: 294101 ns
[1046.094s][info ][safepoint      ] Safepoint "Cleanup", Time since last: 1000115543 ns, Reaching safepoint: 118601 ns, At safepoint: 9500 ns, Total: 128101 ns
[1047.094s][info ][safepoint      ] Safepoint "Cleanup", Time since last: 1000111743 ns, Reaching safepoint: 108101 ns, At safepoint: 6700 ns, Total: 114801 ns
[1048.094s][info ][safepoint      ] Safepoint "Cleanup", Time since last: 1000108143 ns, Reaching safepoint: 45901 ns, At safepoint: 2200 ns, Total: 48101 ns
[1049.094s][info ][safepoint      ] Safepoint "Cleanup", Time since last: 1000106043 ns, Reaching safepoint: 39100 ns, At safepoint: 2900 ns, Total: 42000 ns
[1051.095s][info ][safepoint      ] Safepoint "Cleanup", Time since last: 2000181687 ns, Reaching safepoint: 55600 ns, At safepoint: 5200 ns, Total: 60800 ns
[1052.095s][info ][safepoint      ] Safepoint "Cleanup", Time since last: 1000790447 ns, Reaching safepoint: 111100 ns, At safepoint: 5200 ns, Total: 116300 ns
[1054.096s][info ][safepoint      ] Safepoint "Cleanup", Time since last: 2000176173 ns, Reaching safepoint: 34901 ns, At safepoint: 3200 ns, Total: 38101 ns
[1055.096s][info ][safepoint      ] Safepoint "Cleanup", Time since last: 1000106796 ns, Reaching safepoint: 114201 ns, At safepoint: 10100 ns, Total: 124301 ns
[1056.096s][info ][safepoint      ] Safepoint "Cleanup", Time since last: 1000100896 ns, Reaching safepoint: 46600 ns, At safepoint: 3100 ns, Total: 49700 ns
[1056.839s][info ][gc,start       ] GC(50) Pause Young (Allocation Failure)
[1056.850s][debug][gc,phases      ] GC(50) Scavenge 10.968ms
[1056.850s][debug][gc,ref         ] GC(50) Skipped phase 1 of Reference Processing: no references
[1056.850s][debug][gc,ref         ] GC(50) ReferenceProcessor::execute queues: 1, RefProcThreadModel::Single, marks_oops_alive: false
[1056.850s][debug][gc,ref         ] GC(50) ReferenceProcessor::execute queues: 4, RefProcThreadModel::Multi, marks_oops_alive: true
[1056.850s][debug][gc,ref         ] GC(50) ReferenceProcessor::execute queues: 1, RefProcThreadModel::Single, marks_oops_alive: false
[1056.850s][debug][gc,phases      ] GC(50) Reference Processing 0.184ms
[1056.850s][debug][gc,phases      ] GC(50)   VM Weak                        Min:  0.0, Avg:  0.0, Max:  0.0, Diff:  0.0, Sum:  0.0, Workers: 4
[1056.850s][debug][gc,phases      ] GC(50)     Dead                           Min: 0, Avg:  0.0, Max: 0, Diff: 0, Sum: 0, Workers: 4
[1056.851s][debug][gc,phases      ] GC(50)     Total                          Min: 0, Avg: 178.5, Max: 650, Diff: 650, Sum: 714, Workers: 4
[1056.851s][debug][gc,phases      ] GC(50)   ObjectSynchronizer Weak        Min:  0.0, Avg:  0.0, Max:  0.0, Diff:  0.0, Sum:  0.0, Workers: 4
[1056.851s][debug][gc,phases      ] GC(50)     Dead                           Min: 0, Avg:  0.0, Max: 0, Diff: 0, Sum: 0, Workers: 4
[1056.851s][debug][gc,phases      ] GC(50)     Total                          Min: 0, Avg:  6.8, Max: 27, Diff: 27, Sum: 27, Workers: 4
[1056.851s][debug][gc,phases      ] GC(50)   JVMTI Tag Weak OopStorage      Min:  0.0, Avg:  0.0, Max:  0.0, Diff:  0.0, Sum:  0.0, Workers: 4
[1056.851s][debug][gc,phases      ] GC(50)     Dead                           Min: 0, Avg:  0.0, Max: 0, Diff: 0, Sum: 0, Workers: 4
[1056.851s][debug][gc,phases      ] GC(50)     Total                          Min: 0, Avg:  0.0, Max: 0, Diff: 0, Sum: 0, Workers: 4
[1056.851s][debug][gc,phases      ] GC(50)   StringTable Weak               Min:  0.0, Avg:  0.1, Max:  0.2, Diff:  0.2, Sum:  0.3, Workers: 4
[1056.851s][debug][gc,phases      ] GC(50)     Dead                           Min: 0, Avg:  0.2, Max: 1, Diff: 1, Sum: 1, Workers: 4
[1056.851s][debug][gc,phases      ] GC(50)     Total                          Min: 0, Avg: 10742.8, Max: 25883, Diff: 25883, Sum: 42971, Workers: 4
[1056.851s][debug][gc,phases      ] GC(50)   ResolvedMethodTable Weak       Min:  0.0, Avg:  0.0, Max:  0.0, Diff:  0.0, Sum:  0.1, Workers: 4
[1056.851s][debug][gc,phases      ] GC(50)     Dead                           Min: 0, Avg:  0.2, Max: 1, Diff: 1, Sum: 1, Workers: 4
[1056.851s][debug][gc,phases      ] GC(50)     Total                          Min: 0, Avg: 2117.5, Max: 4928, Diff: 4928, Sum: 8470, Workers: 4
[1056.851s][debug][gc,phases      ] GC(50)   JNI Weak                       Min:  0.0, Avg:  0.0, Max:  0.0, Diff:  0.0, Sum:  0.0, Workers: 4
[1056.851s][debug][gc,phases      ] GC(50)     Dead                           Min: 0, Avg:  0.0, Max: 0, Diff: 0, Sum: 0, Workers: 4
[1056.851s][debug][gc,phases      ] GC(50)     Total                          Min: 0, Avg: 11.2, Max: 45, Diff: 45, Sum: 45, Workers: 4
[1056.851s][debug][gc,phases      ] GC(50)   StringDedup Table Weak         Min:  0.0, Avg:  0.0, Max:  0.0, Diff:  0.0, Sum:  0.0, Workers: 4
[1056.851s][debug][gc,phases      ] GC(50)     Dead                           Min: 0, Avg:  0.0, Max: 0, Diff: 0, Sum: 0, Workers: 4
[1056.851s][debug][gc,phases      ] GC(50)     Total                          Min: 0, Avg:  0.0, Max: 0, Diff: 0, Sum: 0, Workers: 4
[1056.851s][debug][gc,phases      ] GC(50)   StringDedup Requests0 Weak     Min:  0.0, Avg:  0.0, Max:  0.0, Diff:  0.0, Sum:  0.0, Workers: 4
[1056.851s][debug][gc,phases      ] GC(50)     Dead                           Min: 0, Avg:  0.0, Max: 0, Diff: 0, Sum: 0, Workers: 4
[1056.851s][debug][gc,phases      ] GC(50)     Total                          Min: 0, Avg:  0.0, Max: 0, Diff: 0, Sum: 0, Workers: 4
[1056.851s][debug][gc,phases      ] GC(50)   StringDedup Requests1 Weak     Min:  0.0, Avg:  0.0, Max:  0.0, Diff:  0.0, Sum:  0.0, Workers: 4
[1056.851s][debug][gc,phases      ] GC(50)     Dead                           Min: 0, Avg:  0.0, Max: 0, Diff: 0, Sum: 0, Workers: 4
[1056.851s][debug][gc,phases      ] GC(50)     Total                          Min: 0, Avg:  0.0, Max: 0, Diff: 0, Sum: 0, Workers: 4
[1056.851s][debug][gc,phases      ] GC(50)   Weak JFR Old Object Samples    Min:  0.0, Avg:  0.0, Max:  0.0, Diff:  0.0, Sum:  0.0, Workers: 4
[1056.851s][debug][gc,phases      ] GC(50)     Dead                           Min: 0, Avg:  0.0, Max: 0, Diff: 0, Sum: 0, Workers: 4
[1056.851s][debug][gc,phases      ] GC(50)     Total                          Min: 0, Avg:  0.0, Max: 0, Diff: 0, Sum: 0, Workers: 4
[1056.851s][debug][gc,phases      ] GC(50) Weak Processing 0.368ms
[1056.851s][debug][gc,age         ] GC(50) Desired survivor size 208142336 bytes, new threshold 15 (max threshold 15)
[1056.851s][info ][gc,heap        ] GC(50) PSYoungGen: 1668992K(1885184K)->13708K(1880064K) Eden: 1668096K(1668096K)->0K(1668096K) From: 896K(217088K)->13708K(211968K)
[1056.851s][info ][gc,heap        ] GC(50) ParOldGen: 320721K(446976K)->320729K(446976K)
[1056.851s][info ][gc,metaspace   ] GC(50) Metaspace: 78628K(79488K)->78628K(79488K) NonClass: 67401K(67904K)->67401K(67904K) Class: 11226K(11584K)->11226K(11584K)
[1056.851s][info ][gc             ] GC(50) Pause Young (Allocation Failure) 1943M->326M(2272M) 11.633ms
[1056.851s][info ][gc,cpu         ] GC(50) User=0.03s Sys=0.00s Real=0.02s
[1056.851s][info ][safepoint      ] Safepoint "ParallelGCFailedAllocation", Time since last: 742834237 ns, Reaching safepoint: 118001 ns, At safepoint: 11708657 ns, Total: 11826658 ns
[1059.851s][info ][safepoint      ] Safepoint "Cleanup", Time since last: 3000205489 ns, Reaching safepoint: 37300 ns, At safepoint: 3700 ns, Total: 41000 ns
[1061.851s][info ][safepoint      ] Safepoint "Cleanup", Time since last: 2000136851 ns, Reaching safepoint: 61200 ns, At safepoint: 5700 ns, Total: 66900 ns
[1062.851s][info ][safepoint      ] Safepoint "Cleanup", Time since last: 1000089962 ns, Reaching safepoint: 46400 ns, At safepoint: 2600 ns, Total: 49000 ns
[1063.851s][info ][safepoint      ] Safepoint "Cleanup", Time since last: 1000100661 ns, Reaching safepoint: 37801 ns, At safepoint: 2700 ns, Total: 40501 ns
[1064.852s][info ][safepoint      ] Safepoint "Cleanup", Time since last: 1000101561 ns, Reaching safepoint: 38000 ns, At safepoint: 2600 ns, Total: 40600 ns
[1069.852s][info ][safepoint      ] Safepoint "Cleanup", Time since last: 5000300669 ns, Reaching safepoint: 34101 ns, At safepoint: 2500 ns, Total: 36601 ns
[1072.852s][info ][safepoint      ] Safepoint "Cleanup", Time since last: 3000226787 ns, Reaching safepoint: 37000 ns, At safepoint: 3300 ns, Total: 40300 ns
[1073.331s][info ][gc,start       ] GC(51) Pause Young (Allocation Failure)
[1073.339s][debug][gc,phases      ] GC(51) Scavenge 8.072ms
[1073.339s][debug][gc,ref         ] GC(51) Skipped phase 1 of Reference Processing: no references
[1073.339s][debug][gc,ref         ] GC(51) ReferenceProcessor::execute queues: 1, RefProcThreadModel::Single, marks_oops_alive: false
[1073.339s][debug][gc,ref         ] GC(51) Skipped phase 3 of Reference Processing: no references
[1073.339s][debug][gc,ref         ] GC(51) ReferenceProcessor::execute queues: 1, RefProcThreadModel::Single, marks_oops_alive: false
[1073.339s][debug][gc,phases      ] GC(51) Reference Processing 0.097ms
[1073.339s][debug][gc,phases      ] GC(51)   VM Weak                        Min:  0.0, Avg:  0.0, Max:  0.0, Diff:  0.0, Sum:  0.0, Workers: 4
[1073.339s][debug][gc,phases      ] GC(51)     Dead                           Min: 0, Avg:  0.0, Max: 0, Diff: 0, Sum: 0, Workers: 4
[1073.339s][debug][gc,phases      ] GC(51)     Total                          Min: 0, Avg: 178.5, Max: 650, Diff: 650, Sum: 714, Workers: 4
[1073.339s][debug][gc,phases      ] GC(51)   ObjectSynchronizer Weak        Min:  0.0, Avg:  0.0, Max:  0.0, Diff:  0.0, Sum:  0.0, Workers: 4
[1073.339s][debug][gc,phases      ] GC(51)     Dead                           Min: 0, Avg:  0.0, Max: 0, Diff: 0, Sum: 0, Workers: 4
[1073.339s][debug][gc,phases      ] GC(51)     Total                          Min: 0, Avg:  6.8, Max: 27, Diff: 27, Sum: 27, Workers: 4
[1073.339s][debug][gc,phases      ] GC(51)   JVMTI Tag Weak OopStorage      Min:  0.0, Avg:  0.0, Max:  0.0, Diff:  0.0, Sum:  0.0, Workers: 4
[1073.339s][debug][gc,phases      ] GC(51)     Dead                           Min: 0, Avg:  0.0, Max: 0, Diff: 0, Sum: 0, Workers: 4
[1073.339s][debug][gc,phases      ] GC(51)     Total                          Min: 0, Avg:  0.0, Max: 0, Diff: 0, Sum: 0, Workers: 4
[1073.339s][debug][gc,phases      ] GC(51)   StringTable Weak               Min:  0.1, Avg:  0.1, Max:  0.1, Diff:  0.0, Sum:  0.4, Workers: 4
[1073.339s][debug][gc,phases      ] GC(51)     Dead                           Min: 0, Avg:  0.0, Max: 0, Diff: 0, Sum: 0, Workers: 4
[1073.339s][debug][gc,phases      ] GC(51)     Total                          Min: 10432, Avg: 10744.0, Max: 11104, Diff: 672, Sum: 42976, Workers: 4
[1073.339s][debug][gc,phases      ] GC(51)   ResolvedMethodTable Weak       Min:  0.0, Avg:  0.0, Max:  0.0, Diff:  0.0, Sum:  0.1, Workers: 4
[1073.339s][debug][gc,phases      ] GC(51)     Dead                           Min: 0, Avg:  0.0, Max: 0, Diff: 0, Sum: 0, Workers: 4
[1073.339s][debug][gc,phases      ] GC(51)     Total                          Min: 1984, Avg: 2118.0, Max: 2304, Diff: 320, Sum: 8472, Workers: 4
[1073.339s][debug][gc,phases      ] GC(51)   JNI Weak                       Min:  0.0, Avg:  0.0, Max:  0.0, Diff:  0.0, Sum:  0.0, Workers: 4
[1073.339s][debug][gc,phases      ] GC(51)     Dead                           Min: 0, Avg:  0.0, Max: 0, Diff: 0, Sum: 0, Workers: 4
[1073.339s][debug][gc,phases      ] GC(51)     Total                          Min: 0, Avg: 11.2, Max: 45, Diff: 45, Sum: 45, Workers: 4
[1073.339s][debug][gc,phases      ] GC(51)   StringDedup Table Weak         Min:  0.0, Avg:  0.0, Max:  0.0, Diff:  0.0, Sum:  0.0, Workers: 4
[1073.339s][debug][gc,phases      ] GC(51)     Dead                           Min: 0, Avg:  0.0, Max: 0, Diff: 0, Sum: 0, Workers: 4
[1073.339s][debug][gc,phases      ] GC(51)     Total                          Min: 0, Avg:  0.0, Max: 0, Diff: 0, Sum: 0, Workers: 4
[1073.339s][debug][gc,phases      ] GC(51)   StringDedup Requests0 Weak     Min:  0.0, Avg:  0.0, Max:  0.0, Diff:  0.0, Sum:  0.0, Workers: 4
[1073.339s][debug][gc,phases      ] GC(51)     Dead                           Min: 0, Avg:  0.0, Max: 0, Diff: 0, Sum: 0, Workers: 4
[1073.339s][debug][gc,phases      ] GC(51)     Total                          Min: 0, Avg:  0.0, Max: 0, Diff: 0, Sum: 0, Workers: 4
[1073.339s][debug][gc,phases      ] GC(51)   StringDedup Requests1 Weak     Min:  0.0, Avg:  0.0, Max:  0.0, Diff:  0.0, Sum:  0.0, Workers: 4
[1073.339s][debug][gc,phases      ] GC(51)     Dead                           Min: 0, Avg:  0.0, Max: 0, Diff: 0, Sum: 0, Workers: 4
[1073.339s][debug][gc,phases      ] GC(51)     Total                          Min: 0, Avg:  0.0, Max: 0, Diff: 0, Sum: 0, Workers: 4
[1073.339s][debug][gc,phases      ] GC(51)   Weak JFR Old Object Samples    Min:  0.0, Avg:  0.0, Max:  0.0, Diff:  0.0, Sum:  0.0, Workers: 4
[1073.339s][debug][gc,phases      ] GC(51)     Dead                           Min: 0, Avg:  0.0, Max: 0, Diff: 0, Sum: 0, Workers: 4
[1073.339s][debug][gc,phases      ] GC(51)     Total                          Min: 0, Avg:  0.0, Max: 0, Diff: 0, Sum: 0, Workers: 4
[1073.339s][debug][gc,phases      ] GC(51) Weak Processing 0.290ms
[1073.339s][debug][gc,age         ] GC(51) Desired survivor size 199229440 bytes, new threshold 15 (max threshold 15)
[1073.339s][info ][gc,heap        ] GC(51) PSYoungGen: 1681804K(1880064K)->15756K(1902592K) Eden: 1668096K(1668096K)->0K(1699328K) From: 13708K(211968K)->15756K(203264K)
[1073.339s][info ][gc,heap        ] GC(51) ParOldGen: 320729K(446976K)->320737K(446976K)
[1073.339s][info ][gc,metaspace   ] GC(51) Metaspace: 78647K(79488K)->78647K(79488K) NonClass: 67420K(67904K)->67420K(67904K) Class: 11227K(11584K)->11227K(11584K)
[1073.339s][info ][gc             ] GC(51) Pause Young (Allocation Failure) 1955M->328M(2294M) 8.578ms
[1073.339s][info ][gc,cpu         ] GC(51) User=0.03s Sys=0.00s Real=0.00s
[1073.339s][info ][safepoint      ] Safepoint "ParallelGCFailedAllocation", Time since last: 478304930 ns, Reaching safepoint: 91400 ns, At safepoint: 8651041 ns, Total: 8742441 ns
[1075.339s][info ][safepoint      ] Safepoint "Cleanup", Time since last: 2000156925 ns, Reaching safepoint: 32400 ns, At safepoint: 6200 ns, Total: 38600 ns
[1076.340s][info ][safepoint      ] Safepoint "Cleanup", Time since last: 1000108662 ns, Reaching safepoint: 108901 ns, At safepoint: 10100 ns, Total: 119001 ns
[1080.340s][info ][safepoint      ] Safepoint "Cleanup", Time since last: 4000312575 ns, Reaching safepoint: 108000 ns, At safepoint: 7300 ns, Total: 115300 ns
[1087.341s][info ][safepoint      ] Safepoint "Cleanup", Time since last: 7000511078 ns, Reaching safepoint: 121801 ns, At safepoint: 6100 ns, Total: 127901 ns
[1094.890s][info ][gc,start       ] GC(52) Pause Young (Allocation Failure)
[1094.895s][debug][gc,phases      ] GC(52) Scavenge 5.372ms
[1094.896s][debug][gc,ref         ] GC(52) Skipped phase 1 of Reference Processing: no references
[1094.896s][debug][gc,ref         ] GC(52) ReferenceProcessor::execute queues: 1, RefProcThreadModel::Single, marks_oops_alive: false
[1094.896s][debug][gc,ref         ] GC(52) Skipped phase 3 of Reference Processing: no references
[1094.896s][debug][gc,ref         ] GC(52) ReferenceProcessor::execute queues: 1, RefProcThreadModel::Single, marks_oops_alive: false
[1094.896s][debug][gc,phases      ] GC(52) Reference Processing 0.101ms
[1094.896s][debug][gc,phases      ] GC(52)   VM Weak                        Min:  0.0, Avg:  0.0, Max:  0.0, Diff:  0.0, Sum:  0.0, Workers: 4
[1094.896s][debug][gc,phases      ] GC(52)     Dead                           Min: 0, Avg:  0.0, Max: 0, Diff: 0, Sum: 0, Workers: 4
[1094.896s][debug][gc,phases      ] GC(52)     Total                          Min: 0, Avg: 178.5, Max: 330, Diff: 330, Sum: 714, Workers: 4
[1094.896s][debug][gc,phases      ] GC(52)   ObjectSynchronizer Weak        Min:  0.0, Avg:  0.0, Max:  0.0, Diff:  0.0, Sum:  0.0, Workers: 4
[1094.896s][debug][gc,phases      ] GC(52)     Dead                           Min: 0, Avg:  0.0, Max: 0, Diff: 0, Sum: 0, Workers: 4
[1094.896s][debug][gc,phases      ] GC(52)     Total                          Min: 0, Avg:  6.8, Max: 27, Diff: 27, Sum: 27, Workers: 4
[1094.896s][debug][gc,phases      ] GC(52)   JVMTI Tag Weak OopStorage      Min:  0.0, Avg:  0.0, Max:  0.0, Diff:  0.0, Sum:  0.0, Workers: 4
[1094.896s][debug][gc,phases      ] GC(52)     Dead                           Min: 0, Avg:  0.0, Max: 0, Diff: 0, Sum: 0, Workers: 4
[1094.896s][debug][gc,phases      ] GC(52)     Total                          Min: 0, Avg:  0.0, Max: 0, Diff: 0, Sum: 0, Workers: 4
[1094.896s][debug][gc,phases      ] GC(52)   StringTable Weak               Min:  0.0, Avg:  0.1, Max:  0.1, Diff:  0.1, Sum:  0.4, Workers: 4
[1094.896s][debug][gc,phases      ] GC(52)     Dead                           Min: 0, Avg:  0.2, Max: 1, Diff: 1, Sum: 1, Workers: 4
[1094.896s][debug][gc,phases      ] GC(52)     Total                          Min: 0, Avg: 10744.2, Max: 14754, Diff: 14754, Sum: 42977, Workers: 4
[1094.896s][debug][gc,phases      ] GC(52)   ResolvedMethodTable Weak       Min:  0.0, Avg:  0.0, Max:  0.0, Diff:  0.0, Sum:  0.1, Workers: 4
[1094.896s][debug][gc,phases      ] GC(52)     Dead                           Min: 0, Avg:  0.0, Max: 0, Diff: 0, Sum: 0, Workers: 4
[1094.896s][debug][gc,phases      ] GC(52)     Total                          Min: 0, Avg: 2119.0, Max: 2880, Diff: 2880, Sum: 8476, Workers: 4
[1094.896s][debug][gc,phases      ] GC(52)   JNI Weak                       Min:  0.0, Avg:  0.0, Max:  0.0, Diff:  0.0, Sum:  0.0, Workers: 4
[1094.896s][debug][gc,phases      ] GC(52)     Dead                           Min: 0, Avg:  0.0, Max: 0, Diff: 0, Sum: 0, Workers: 4
[1094.896s][debug][gc,phases      ] GC(52)     Total                          Min: 0, Avg: 11.2, Max: 45, Diff: 45, Sum: 45, Workers: 4
[1094.896s][debug][gc,phases      ] GC(52)   StringDedup Table Weak         Min:  0.0, Avg:  0.0, Max:  0.0, Diff:  0.0, Sum:  0.0, Workers: 4
[1094.896s][debug][gc,phases      ] GC(52)     Dead                           Min: 0, Avg:  0.0, Max: 0, Diff: 0, Sum: 0, Workers: 4
[1094.896s][debug][gc,phases      ] GC(52)     Total                          Min: 0, Avg:  0.0, Max: 0, Diff: 0, Sum: 0, Workers: 4
[1094.896s][debug][gc,phases      ] GC(52)   StringDedup Requests0 Weak     Min:  0.0, Avg:  0.0, Max:  0.0, Diff:  0.0, Sum:  0.0, Workers: 4
[1094.896s][debug][gc,phases      ] GC(52)     Dead                           Min: 0, Avg:  0.0, Max: 0, Diff: 0, Sum: 0, Workers: 4
[1094.896s][debug][gc,phases      ] GC(52)     Total                          Min: 0, Avg:  0.0, Max: 0, Diff: 0, Sum: 0, Workers: 4
[1094.896s][debug][gc,phases      ] GC(52)   StringDedup Requests1 Weak     Min:  0.0, Avg:  0.0, Max:  0.0, Diff:  0.0, Sum:  0.0, Workers: 4
[1094.896s][debug][gc,phases      ] GC(52)     Dead                           Min: 0, Avg:  0.0, Max: 0, Diff: 0, Sum: 0, Workers: 4
[1094.896s][debug][gc,phases      ] GC(52)     Total                          Min: 0, Avg:  0.0, Max: 0, Diff: 0, Sum: 0, Workers: 4
[1094.896s][debug][gc,phases      ] GC(52)   Weak JFR Old Object Samples    Min:  0.0, Avg:  0.0, Max:  0.0, Diff:  0.0, Sum:  0.0, Workers: 4
[1094.896s][debug][gc,phases      ] GC(52)     Dead                           Min: 0, Avg:  0.0, Max: 0, Diff: 0, Sum: 0, Workers: 4
[1094.896s][debug][gc,phases      ] GC(52)     Total                          Min: 0, Avg:  0.0, Max: 0, Diff: 0, Sum: 0, Workers: 4
[1094.896s][debug][gc,phases      ] GC(52) Weak Processing 0.321ms
[1094.896s][debug][gc,age         ] GC(52) Desired survivor size 189792256 bytes, new threshold 15 (max threshold 15)
[1094.896s][info ][gc,heap        ] GC(52) PSYoungGen: 1715084K(1902592K)->15868K(1893888K) Eden: 1699328K(1699328K)->0K(1699328K) From: 15756K(203264K)->15868K(194560K)
[1094.896s][info ][gc,heap        ] GC(52) ParOldGen: 320737K(446976K)->320737K(446976K)
[1094.896s][info ][gc,metaspace   ] GC(52) Metaspace: 78654K(79488K)->78654K(79488K) NonClass: 67425K(67904K)->67425K(67904K) Class: 11228K(11584K)->11228K(11584K)
[1094.896s][info ][gc             ] GC(52) Pause Young (Allocation Failure) 1988M->328M(2286M) 5.910ms
[1094.896s][info ][gc,cpu         ] GC(52) User=0.02s Sys=0.00s Real=0.01s
[1094.896s][info ][safepoint      ] Safepoint "ParallelGCFailedAllocation", Time since last: 7549292260 ns, Reaching safepoint: 32500 ns, At safepoint: 5976926 ns, Total: 6009426 ns
[1100.896s][info ][safepoint      ] Safepoint "Cleanup", Time since last: 6000420112 ns, Reaching safepoint: 43000 ns, At safepoint: 2700 ns, Total: 45700 ns
[1103.897s][info ][safepoint      ] Safepoint "Cleanup", Time since last: 3000240813 ns, Reaching safepoint: 36200 ns, At safepoint: 2800 ns, Total: 39000 ns
[1106.897s][info ][safepoint      ] Safepoint "Cleanup", Time since last: 3000247925 ns, Reaching safepoint: 43300 ns, At safepoint: 2600 ns, Total: 45900 ns
[1109.897s][info ][safepoint      ] Safepoint "Cleanup", Time since last: 3000257937 ns, Reaching safepoint: 40800 ns, At safepoint: 2800 ns, Total: 43600 ns
[1115.773s][info ][gc,start       ] GC(53) Pause Young (Allocation Failure)
[1115.780s][debug][gc,phases      ] GC(53) Scavenge 7.049ms
[1115.780s][debug][gc,ref         ] GC(53) Skipped phase 1 of Reference Processing: no references
[1115.780s][debug][gc,ref         ] GC(53) ReferenceProcessor::execute queues: 1, RefProcThreadModel::Single, marks_oops_alive: false
[1115.780s][debug][gc,ref         ] GC(53) Skipped phase 3 of Reference Processing: no references
[1115.780s][debug][gc,ref         ] GC(53) ReferenceProcessor::execute queues: 1, RefProcThreadModel::Single, marks_oops_alive: false
[1115.780s][debug][gc,phases      ] GC(53) Reference Processing 0.119ms
[1115.780s][debug][gc,phases      ] GC(53)   VM Weak                        Min:  0.0, Avg:  0.0, Max:  0.0, Diff:  0.0, Sum:  0.0, Workers: 4
[1115.780s][debug][gc,phases      ] GC(53)     Dead                           Min: 0, Avg:  0.0, Max: 0, Diff: 0, Sum: 0, Workers: 4
[1115.780s][debug][gc,phases      ] GC(53)     Total                          Min: 0, Avg: 178.5, Max: 448, Diff: 448, Sum: 714, Workers: 4
[1115.780s][debug][gc,phases      ] GC(53)   ObjectSynchronizer Weak        Min:  0.0, Avg:  0.0, Max:  0.0, Diff:  0.0, Sum:  0.0, Workers: 4
[1115.780s][debug][gc,phases      ] GC(53)     Dead                           Min: 0, Avg:  0.0, Max: 0, Diff: 0, Sum: 0, Workers: 4
[1115.780s][debug][gc,phases      ] GC(53)     Total                          Min: 0, Avg:  6.8, Max: 27, Diff: 27, Sum: 27, Workers: 4
[1115.780s][debug][gc,phases      ] GC(53)   JVMTI Tag Weak OopStorage      Min:  0.0, Avg:  0.0, Max:  0.0, Diff:  0.0, Sum:  0.0, Workers: 4
[1115.780s][debug][gc,phases      ] GC(53)     Dead                           Min: 0, Avg:  0.0, Max: 0, Diff: 0, Sum: 0, Workers: 4
[1115.780s][debug][gc,phases      ] GC(53)     Total                          Min: 0, Avg:  0.0, Max: 0, Diff: 0, Sum: 0, Workers: 4
[1115.780s][debug][gc,phases      ] GC(53)   StringTable Weak               Min:  0.0, Avg:  0.1, Max:  0.1, Diff:  0.1, Sum:  0.3, Workers: 4
[1115.780s][debug][gc,phases      ] GC(53)     Dead                           Min: 0, Avg:  0.0, Max: 0, Diff: 0, Sum: 0, Workers: 4
[1115.780s][debug][gc,phases      ] GC(53)     Total                          Min: 0, Avg: 10744.2, Max: 17890, Diff: 17890, Sum: 42977, Workers: 4
[1115.780s][debug][gc,phases      ] GC(53)   ResolvedMethodTable Weak       Min:  0.0, Avg:  0.0, Max:  0.0, Diff:  0.0, Sum:  0.1, Workers: 4
[1115.780s][debug][gc,phases      ] GC(53)     Dead                           Min: 0, Avg:  0.0, Max: 0, Diff: 0, Sum: 0, Workers: 4
[1115.780s][debug][gc,phases      ] GC(53)     Total                          Min: 0, Avg: 2119.0, Max: 3740, Diff: 3740, Sum: 8476, Workers: 4
[1115.780s][debug][gc,phases      ] GC(53)   JNI Weak                       Min:  0.0, Avg:  0.0, Max:  0.0, Diff:  0.0, Sum:  0.0, Workers: 4
[1115.780s][debug][gc,phases      ] GC(53)     Dead                           Min: 0, Avg:  0.0, Max: 0, Diff: 0, Sum: 0, Workers: 4
[1115.780s][debug][gc,phases      ] GC(53)     Total                          Min: 0, Avg: 11.2, Max: 45, Diff: 45, Sum: 45, Workers: 4
[1115.780s][debug][gc,phases      ] GC(53)   StringDedup Table Weak         Min:  0.0, Avg:  0.0, Max:  0.0, Diff:  0.0, Sum:  0.0, Workers: 4
[1115.780s][debug][gc,phases      ] GC(53)     Dead                           Min: 0, Avg:  0.0, Max: 0, Diff: 0, Sum: 0, Workers: 4
[1115.780s][debug][gc,phases      ] GC(53)     Total                          Min: 0, Avg:  0.0, Max: 0, Diff: 0, Sum: 0, Workers: 4
[1115.780s][debug][gc,phases      ] GC(53)   StringDedup Requests0 Weak     Min:  0.0, Avg:  0.0, Max:  0.0, Diff:  0.0, Sum:  0.0, Workers: 4
[1115.781s][debug][gc,phases      ] GC(53)     Dead                           Min: 0, Avg:  0.0, Max: 0, Diff: 0, Sum: 0, Workers: 4
[1115.781s][debug][gc,phases      ] GC(53)     Total                          Min: 0, Avg:  0.0, Max: 0, Diff: 0, Sum: 0, Workers: 4
[1115.781s][debug][gc,phases      ] GC(53)   StringDedup Requests1 Weak     Min:  0.0, Avg:  0.0, Max:  0.0, Diff:  0.0, Sum:  0.0, Workers: 4
[1115.781s][debug][gc,phases      ] GC(53)     Dead                           Min: 0, Avg:  0.0, Max: 0, Diff: 0, Sum: 0, Workers: 4
[1115.781s][debug][gc,phases      ] GC(53)     Total                          Min: 0, Avg:  0.0, Max: 0, Diff: 0, Sum: 0, Workers: 4
[1115.781s][debug][gc,phases      ] GC(53)   Weak JFR Old Object Samples    Min:  0.0, Avg:  0.0, Max:  0.0, Diff:  0.0, Sum:  0.0, Workers: 4
[1115.781s][debug][gc,phases      ] GC(53)     Dead                           Min: 0, Avg:  0.0, Max: 0, Diff: 0, Sum: 0, Workers: 4
[1115.781s][debug][gc,phases      ] GC(53)     Total                          Min: 0, Avg:  0.0, Max: 0, Diff: 0, Sum: 0, Workers: 4
[1115.781s][debug][gc,phases      ] GC(53) Weak Processing 0.291ms
[1115.781s][debug][gc,age         ] GC(53) Desired survivor size 180355072 bytes, new threshold 15 (max threshold 15)
[1115.781s][info ][gc,heap        ] GC(53) PSYoungGen: 1715196K(1893888K)->15996K(1921024K) Eden: 1699328K(1699328K)->0K(1735680K) From: 15868K(194560K)->15996K(185344K)
[1115.781s][info ][gc,heap        ] GC(53) ParOldGen: 320737K(446976K)->320737K(446976K)
[1115.781s][info ][gc,metaspace   ] GC(53) Metaspace: 78656K(79488K)->78656K(79488K) NonClass: 67427K(67904K)->67427K(67904K) Class: 11228K(11584K)->11228K(11584K)
[1115.781s][info ][gc             ] GC(53) Pause Young (Allocation Failure) 1988M->328M(2312M) 7.613ms
[1115.781s][info ][gc,cpu         ] GC(53) User=0.02s Sys=0.00s Real=0.00s
[1115.781s][info ][safepoint      ] Safepoint "ParallelGCFailedAllocation", Time since last: 5875548249 ns, Reaching safepoint: 37300 ns, At safepoint: 7696739 ns, Total: 7734039 ns
[1124.781s][info ][safepoint      ] Safepoint "Cleanup", Time since last: 9000634243 ns, Reaching safepoint: 41500 ns, At safepoint: 4300 ns, Total: 45800 ns
[1125.781s][info ][safepoint      ] Safepoint "Cleanup", Time since last: 1000111699 ns, Reaching safepoint: 39500 ns, At safepoint: 2100 ns, Total: 41600 ns
[1130.782s][info ][safepoint      ] Safepoint "Cleanup", Time since last: 5000311392 ns, Reaching safepoint: 57401 ns, At safepoint: 2400 ns, Total: 59801 ns
[1131.782s][info ][safepoint      ] Safepoint "Cleanup", Time since last: 1000114999 ns, Reaching safepoint: 33600 ns, At safepoint: 6800 ns, Total: 40400 ns
[1133.782s][info ][safepoint      ] Safepoint "Cleanup", Time since last: 2000146850 ns, Reaching safepoint: 33600 ns, At safepoint: 3200 ns, Total: 36800 ns
[1136.782s][info ][safepoint      ] Safepoint "Cleanup", Time since last: 3000234267 ns, Reaching safepoint: 40600 ns, At safepoint: 15200 ns, Total: 55800 ns
[1137.591s][info ][gc,start       ] GC(54) Pause Young (Allocation Failure)
[1137.596s][debug][gc,phases      ] GC(54) Scavenge 5.254ms
[1137.596s][debug][gc,ref         ] GC(54) Skipped phase 1 of Reference Processing: no references
[1137.596s][debug][gc,ref         ] GC(54) ReferenceProcessor::execute queues: 1, RefProcThreadModel::Single, marks_oops_alive: false
[1137.596s][debug][gc,ref         ] GC(54) Skipped phase 3 of Reference Processing: no references
[1137.596s][debug][gc,ref         ] GC(54) ReferenceProcessor::execute queues: 1, RefProcThreadModel::Single, marks_oops_alive: false
[1137.596s][debug][gc,phases      ] GC(54) Reference Processing 0.097ms
[1137.597s][debug][gc,phases      ] GC(54)   VM Weak                        Min:  0.0, Avg:  0.0, Max:  0.0, Diff:  0.0, Sum:  0.0, Workers: 4
[1137.597s][debug][gc,phases      ] GC(54)     Dead                           Min: 0, Avg:  0.0, Max: 0, Diff: 0, Sum: 0, Workers: 4
[1137.597s][debug][gc,phases      ] GC(54)     Total                          Min: 0, Avg: 178.5, Max: 576, Diff: 576, Sum: 714, Workers: 4
[1137.597s][debug][gc,phases      ] GC(54)   ObjectSynchronizer Weak        Min:  0.0, Avg:  0.0, Max:  0.0, Diff:  0.0, Sum:  0.0, Workers: 4
[1137.597s][debug][gc,phases      ] GC(54)     Dead                           Min: 0, Avg:  0.0, Max: 0, Diff: 0, Sum: 0, Workers: 4
[1137.597s][debug][gc,phases      ] GC(54)     Total                          Min: 0, Avg:  6.8, Max: 27, Diff: 27, Sum: 27, Workers: 4
[1137.597s][debug][gc,phases      ] GC(54)   JVMTI Tag Weak OopStorage      Min:  0.0, Avg:  0.0, Max:  0.0, Diff:  0.0, Sum:  0.0, Workers: 4
[1137.597s][debug][gc,phases      ] GC(54)     Dead                           Min: 0, Avg:  0.0, Max: 0, Diff: 0, Sum: 0, Workers: 4
[1137.597s][debug][gc,phases      ] GC(54)     Total                          Min: 0, Avg:  0.0, Max: 0, Diff: 0, Sum: 0, Workers: 4
[1137.597s][debug][gc,phases      ] GC(54)   StringTable Weak               Min:  0.0, Avg:  0.1, Max:  0.1, Diff:  0.1, Sum:  0.4, Workers: 4
[1137.597s][debug][gc,phases      ] GC(54)     Dead                           Min: 0, Avg:  0.0, Max: 0, Diff: 0, Sum: 0, Workers: 4
[1137.597s][debug][gc,phases      ] GC(54)     Total                          Min: 0, Avg: 10744.5, Max: 14912, Diff: 14912, Sum: 42978, Workers: 4
[1137.597s][debug][gc,phases      ] GC(54)   ResolvedMethodTable Weak       Min:  0.0, Avg:  0.0, Max:  0.0, Diff:  0.0, Sum:  0.1, Workers: 4
[1137.597s][debug][gc,phases      ] GC(54)     Dead                           Min: 0, Avg:  4.2, Max: 17, Diff: 17, Sum: 17, Workers: 4
[1137.597s][debug][gc,phases      ] GC(54)     Total                          Min: 0, Avg: 2121.5, Max: 3193, Diff: 3193, Sum: 8486, Workers: 4
[1137.597s][debug][gc,phases      ] GC(54)   JNI Weak                       Min:  0.0, Avg:  0.0, Max:  0.0, Diff:  0.0, Sum:  0.0, Workers: 4
[1137.597s][debug][gc,phases      ] GC(54)     Dead                           Min: 0, Avg:  0.0, Max: 0, Diff: 0, Sum: 0, Workers: 4
[1137.597s][debug][gc,phases      ] GC(54)     Total                          Min: 0, Avg: 11.2, Max: 45, Diff: 45, Sum: 45, Workers: 4
[1137.597s][debug][gc,phases      ] GC(54)   StringDedup Table Weak         Min:  0.0, Avg:  0.0, Max:  0.0, Diff:  0.0, Sum:  0.0, Workers: 4
[1137.597s][debug][gc,phases      ] GC(54)     Dead                           Min: 0, Avg:  0.0, Max: 0, Diff: 0, Sum: 0, Workers: 4
[1137.597s][debug][gc,phases      ] GC(54)     Total                          Min: 0, Avg:  0.0, Max: 0, Diff: 0, Sum: 0, Workers: 4
[1137.597s][debug][gc,phases      ] GC(54)   StringDedup Requests0 Weak     Min:  0.0, Avg:  0.0, Max:  0.0, Diff:  0.0, Sum:  0.0, Workers: 4
[1137.597s][debug][gc,phases      ] GC(54)     Dead                           Min: 0, Avg:  0.0, Max: 0, Diff: 0, Sum: 0, Workers: 4
[1137.597s][debug][gc,phases      ] GC(54)     Total                          Min: 0, Avg:  0.0, Max: 0, Diff: 0, Sum: 0, Workers: 4
[1137.597s][debug][gc,phases      ] GC(54)   StringDedup Requests1 Weak     Min:  0.0, Avg:  0.0, Max:  0.0, Diff:  0.0, Sum:  0.0, Workers: 4
[1137.597s][debug][gc,phases      ] GC(54)     Dead                           Min: 0, Avg:  0.0, Max: 0, Diff: 0, Sum: 0, Workers: 4
[1137.597s][debug][gc,phases      ] GC(54)     Total                          Min: 0, Avg:  0.0, Max: 0, Diff: 0, Sum: 0, Workers: 4
[1137.597s][debug][gc,phases      ] GC(54)   Weak JFR Old Object Samples    Min:  0.0, Avg:  0.0, Max:  0.0, Diff:  0.0, Sum:  0.0, Workers: 4
[1137.597s][debug][gc,phases      ] GC(54)     Dead                           Min: 0, Avg:  0.0, Max: 0, Diff: 0, Sum: 0, Workers: 4
[1137.597s][debug][gc,phases      ] GC(54)     Total                          Min: 0, Avg:  0.0, Max: 0, Diff: 0, Sum: 0, Workers: 4
[1137.597s][debug][gc,phases      ] GC(54) Weak Processing 0.327ms
[1137.597s][debug][gc,age         ] GC(54) Desired survivor size 171442176 bytes, new threshold 15 (max threshold 15)
[1137.597s][info ][gc,heap        ] GC(54) PSYoungGen: 1751676K(1921024K)->15228K(1911808K) Eden: 1735680K(1735680K)->0K(1735680K) From: 15996K(185344K)->15228K(176128K)
[1137.597s][info ][gc,heap        ] GC(54) ParOldGen: 320737K(446976K)->320737K(446976K)
[1137.597s][info ][gc,metaspace   ] GC(54) Metaspace: 78658K(79488K)->78658K(79488K) NonClass: 67429K(67904K)->67429K(67904K) Class: 11228K(11584K)->11228K(11584K)
[1137.597s][info ][gc             ] GC(54) Pause Young (Allocation Failure) 2023M->328M(2303M) 5.785ms
[1137.597s][info ][gc,cpu         ] GC(54) User=0.02s Sys=0.00s Real=0.00s
[1137.597s][info ][safepoint      ] Safepoint "ParallelGCFailedAllocation", Time since last: 808551229 ns, Reaching safepoint: 31700 ns, At safepoint: 5850126 ns, Total: 5881826 ns
[1140.597s][info ][safepoint      ] Safepoint "Cleanup", Time since last: 3000208067 ns, Reaching safepoint: 50800 ns, At safepoint: 4900 ns, Total: 55700 ns
[1146.598s][info ][safepoint      ] Safepoint "Cleanup", Time since last: 6000452172 ns, Reaching safepoint: 48601 ns, At safepoint: 3900 ns, Total: 52501 ns
[1152.598s][info ][safepoint      ] Safepoint "Cleanup", Time since last: 6000443112 ns, Reaching safepoint: 45800 ns, At safepoint: 2800 ns, Total: 48600 ns
[1159.541s][info ][gc,start       ] GC(55) Pause Young (Allocation Failure)
[1159.546s][debug][gc,phases      ] GC(55) Scavenge 5.064ms
[1159.546s][debug][gc,ref         ] GC(55) Skipped phase 1 of Reference Processing: no references
[1159.546s][debug][gc,ref         ] GC(55) ReferenceProcessor::execute queues: 1, RefProcThreadModel::Single, marks_oops_alive: false
[1159.546s][debug][gc,ref         ] GC(55) Skipped phase 3 of Reference Processing: no references
[1159.546s][debug][gc,ref         ] GC(55) ReferenceProcessor::execute queues: 1, RefProcThreadModel::Single, marks_oops_alive: false
[1159.547s][debug][gc,phases      ] GC(55) Reference Processing 0.138ms
[1159.547s][debug][gc,phases      ] GC(55)   VM Weak                        Min:  0.0, Avg:  0.0, Max:  0.0, Diff:  0.0, Sum:  0.0, Workers: 4
[1159.547s][debug][gc,phases      ] GC(55)     Dead                           Min: 0, Avg:  0.0, Max: 0, Diff: 0, Sum: 0, Workers: 4
[1159.547s][debug][gc,phases      ] GC(55)     Total                          Min: 0, Avg: 178.5, Max: 640, Diff: 640, Sum: 714, Workers: 4
[1159.547s][debug][gc,phases      ] GC(55)   ObjectSynchronizer Weak        Min:  0.0, Avg:  0.0, Max:  0.0, Diff:  0.0, Sum:  0.0, Workers: 4
[1159.547s][debug][gc,phases      ] GC(55)     Dead                           Min: 0, Avg:  0.0, Max: 0, Diff: 0, Sum: 0, Workers: 4
[1159.547s][debug][gc,phases      ] GC(55)     Total                          Min: 0, Avg:  6.8, Max: 27, Diff: 27, Sum: 27, Workers: 4
[1159.547s][debug][gc,phases      ] GC(55)   JVMTI Tag Weak OopStorage      Min:  0.0, Avg:  0.0, Max:  0.0, Diff:  0.0, Sum:  0.0, Workers: 4
[1159.547s][debug][gc,phases      ] GC(55)     Dead                           Min: 0, Avg:  0.0, Max: 0, Diff: 0, Sum: 0, Workers: 4
[1159.547s][debug][gc,phases      ] GC(55)     Total                          Min: 0, Avg:  0.0, Max: 0, Diff: 0, Sum: 0, Workers: 4
[1159.547s][debug][gc,phases      ] GC(55)   StringTable Weak               Min:  0.0, Avg:  0.1, Max:  0.1, Diff:  0.1, Sum:  0.4, Workers: 4
[1159.547s][debug][gc,phases      ] GC(55)     Dead                           Min: 0, Avg:  0.0, Max: 0, Diff: 0, Sum: 0, Workers: 4
[1159.547s][debug][gc,phases      ] GC(55)     Total                          Min: 0, Avg: 10747.8, Max: 14655, Diff: 14655, Sum: 42991, Workers: 4
[1159.547s][debug][gc,phases      ] GC(55)   ResolvedMethodTable Weak       Min:  0.0, Avg:  0.0, Max:  0.0, Diff:  0.0, Sum:  0.1, Workers: 4
[1159.547s][debug][gc,phases      ] GC(55)     Dead                           Min: 0, Avg:  0.0, Max: 0, Diff: 0, Sum: 0, Workers: 4
[1159.547s][debug][gc,phases      ] GC(55)     Total                          Min: 0, Avg: 2121.5, Max: 2918, Diff: 2918, Sum: 8486, Workers: 4
[1159.547s][debug][gc,phases      ] GC(55)   JNI Weak                       Min:  0.0, Avg:  0.0, Max:  0.0, Diff:  0.0, Sum:  0.0, Workers: 4
[1159.547s][debug][gc,phases      ] GC(55)     Dead                           Min: 0, Avg:  0.0, Max: 0, Diff: 0, Sum: 0, Workers: 4
[1159.547s][debug][gc,phases      ] GC(55)     Total                          Min: 0, Avg: 11.2, Max: 45, Diff: 45, Sum: 45, Workers: 4
[1159.547s][debug][gc,phases      ] GC(55)   StringDedup Table Weak         Min:  0.0, Avg:  0.0, Max:  0.0, Diff:  0.0, Sum:  0.0, Workers: 4
[1159.547s][debug][gc,phases      ] GC(55)     Dead                           Min: 0, Avg:  0.0, Max: 0, Diff: 0, Sum: 0, Workers: 4
[1159.547s][debug][gc,phases      ] GC(55)     Total                          Min: 0, Avg:  0.0, Max: 0, Diff: 0, Sum: 0, Workers: 4
[1159.547s][debug][gc,phases      ] GC(55)   StringDedup Requests0 Weak     Min:  0.0, Avg:  0.0, Max:  0.0, Diff:  0.0, Sum:  0.0, Workers: 4
[1159.547s][debug][gc,phases      ] GC(55)     Dead                           Min: 0, Avg:  0.0, Max: 0, Diff: 0, Sum: 0, Workers: 4
[1159.547s][debug][gc,phases      ] GC(55)     Total                          Min: 0, Avg:  0.0, Max: 0, Diff: 0, Sum: 0, Workers: 4
[1159.547s][debug][gc,phases      ] GC(55)   StringDedup Requests1 Weak     Min:  0.0, Avg:  0.0, Max:  0.0, Diff:  0.0, Sum:  0.0, Workers: 4
[1159.547s][debug][gc,phases      ] GC(55)     Dead                           Min: 0, Avg:  0.0, Max: 0, Diff: 0, Sum: 0, Workers: 4
[1159.547s][debug][gc,phases      ] GC(55)     Total                          Min: 0, Avg:  0.0, Max: 0, Diff: 0, Sum: 0, Workers: 4
[1159.547s][debug][gc,phases      ] GC(55)   Weak JFR Old Object Samples    Min:  0.0, Avg:  0.0, Max:  0.0, Diff:  0.0, Sum:  0.0, Workers: 4
[1159.547s][debug][gc,phases      ] GC(55)     Dead                           Min: 0, Avg:  0.0, Max: 0, Diff: 0, Sum: 0, Workers: 4
[1159.547s][debug][gc,phases      ] GC(55)     Total                          Min: 0, Avg:  0.0, Max: 0, Diff: 0, Sum: 0, Workers: 4
[1159.547s][debug][gc,phases      ] GC(55) Weak Processing 0.387ms
[1159.547s][debug][gc,age         ] GC(55) Desired survivor size 162529280 bytes, new threshold 15 (max threshold 15)
[1159.547s][info ][gc,heap        ] GC(55) PSYoungGen: 1750908K(1911808K)->15196K(1938432K) Eden: 1735680K(1735680K)->0K(1771008K) From: 15228K(176128K)->15196K(167424K)
[1159.547s][info ][gc,heap        ] GC(55) ParOldGen: 320737K(446976K)->320737K(446976K)
[1159.547s][info ][gc,metaspace   ] GC(55) Metaspace: 78661K(79488K)->78661K(79488K) NonClass: 67432K(67904K)->67432K(67904K) Class: 11228K(11584K)->11228K(11584K)
[1159.547s][info ][gc             ] GC(55) Pause Young (Allocation Failure) 2023M->328M(2329M) 5.720ms
[1159.547s][info ][gc,cpu         ] GC(55) User=0.02s Sys=0.00s Real=0.01s
[1159.547s][info ][safepoint      ] Safepoint "ParallelGCFailedAllocation", Time since last: 6942992028 ns, Reaching safepoint: 41400 ns, At safepoint: 5800134 ns, Total: 5841534 ns
[1176.548s][info ][safepoint      ] Safepoint "Cleanup", Time since last: 17001137341 ns, Reaching safepoint: 41700 ns, At safepoint: 3600 ns, Total: 45300 ns
[1182.091s][info ][gc,start       ] GC(56) Pause Young (Allocation Failure)
[1182.098s][debug][gc,phases      ] GC(56) Scavenge 6.423ms
[1182.098s][debug][gc,ref         ] GC(56) Skipped phase 1 of Reference Processing: no references
[1182.098s][debug][gc,ref         ] GC(56) ReferenceProcessor::execute queues: 1, RefProcThreadModel::Single, marks_oops_alive: false
[1182.098s][debug][gc,ref         ] GC(56) Skipped phase 3 of Reference Processing: no references
[1182.098s][debug][gc,ref         ] GC(56) ReferenceProcessor::execute queues: 1, RefProcThreadModel::Single, marks_oops_alive: false
[1182.098s][debug][gc,phases      ] GC(56) Reference Processing 0.100ms
[1182.098s][debug][gc,phases      ] GC(56)   VM Weak                        Min:  0.0, Avg:  0.0, Max:  0.0, Diff:  0.0, Sum:  0.0, Workers: 4
[1182.098s][debug][gc,phases      ] GC(56)     Dead                           Min: 0, Avg:  0.0, Max: 0, Diff: 0, Sum: 0, Workers: 4
[1182.098s][debug][gc,phases      ] GC(56)     Total                          Min: 0, Avg: 178.5, Max: 384, Diff: 384, Sum: 714, Workers: 4
[1182.098s][debug][gc,phases      ] GC(56)   ObjectSynchronizer Weak        Min:  0.0, Avg:  0.0, Max:  0.0, Diff:  0.0, Sum:  0.0, Workers: 4
[1182.098s][debug][gc,phases      ] GC(56)     Dead                           Min: 0, Avg:  0.0, Max: 0, Diff: 0, Sum: 0, Workers: 4
[1182.098s][debug][gc,phases      ] GC(56)     Total                          Min: 0, Avg:  6.8, Max: 27, Diff: 27, Sum: 27, Workers: 4
[1182.098s][debug][gc,phases      ] GC(56)   JVMTI Tag Weak OopStorage      Min:  0.0, Avg:  0.0, Max:  0.0, Diff:  0.0, Sum:  0.0, Workers: 4
[1182.098s][debug][gc,phases      ] GC(56)     Dead                           Min: 0, Avg:  0.0, Max: 0, Diff: 0, Sum: 0, Workers: 4
[1182.098s][debug][gc,phases      ] GC(56)     Total                          Min: 0, Avg:  0.0, Max: 0, Diff: 0, Sum: 0, Workers: 4
[1182.098s][debug][gc,phases      ] GC(56)   StringTable Weak               Min:  0.0, Avg:  0.1, Max:  0.2, Diff:  0.2, Sum:  0.3, Workers: 4
[1182.098s][debug][gc,phases      ] GC(56)     Dead                           Min: 0, Avg:  0.0, Max: 0, Diff: 0, Sum: 0, Workers: 4
[1182.098s][debug][gc,phases      ] GC(56)     Total                          Min: 0, Avg: 10747.8, Max: 26175, Diff: 26175, Sum: 42991, Workers: 4
[1182.098s][debug][gc,phases      ] GC(56)   ResolvedMethodTable Weak       Min:  0.0, Avg:  0.0, Max:  0.0, Diff:  0.0, Sum:  0.1, Workers: 4
[1182.098s][debug][gc,phases      ] GC(56)     Dead                           Min: 0, Avg:  0.0, Max: 0, Diff: 0, Sum: 0, Workers: 4
[1182.098s][debug][gc,phases      ] GC(56)     Total                          Min: 0, Avg: 2121.5, Max: 4985, Diff: 4985, Sum: 8486, Workers: 4
[1182.098s][debug][gc,phases      ] GC(56)   JNI Weak                       Min:  0.0, Avg:  0.0, Max:  0.0, Diff:  0.0, Sum:  0.0, Workers: 4
[1182.098s][debug][gc,phases      ] GC(56)     Dead                           Min: 0, Avg:  0.0, Max: 0, Diff: 0, Sum: 0, Workers: 4
[1182.098s][debug][gc,phases      ] GC(56)     Total                          Min: 0, Avg: 11.2, Max: 45, Diff: 45, Sum: 45, Workers: 4
[1182.098s][debug][gc,phases      ] GC(56)   StringDedup Table Weak         Min:  0.0, Avg:  0.0, Max:  0.0, Diff:  0.0, Sum:  0.0, Workers: 4
[1182.098s][debug][gc,phases      ] GC(56)     Dead                           Min: 0, Avg:  0.0, Max: 0, Diff: 0, Sum: 0, Workers: 4
[1182.098s][debug][gc,phases      ] GC(56)     Total                          Min: 0, Avg:  0.0, Max: 0, Diff: 0, Sum: 0, Workers: 4
[1182.098s][debug][gc,phases      ] GC(56)   StringDedup Requests0 Weak     Min:  0.0, Avg:  0.0, Max:  0.0, Diff:  0.0, Sum:  0.0, Workers: 4
[1182.098s][debug][gc,phases      ] GC(56)     Dead                           Min: 0, Avg:  0.0, Max: 0, Diff: 0, Sum: 0, Workers: 4
[1182.098s][debug][gc,phases      ] GC(56)     Total                          Min: 0, Avg:  0.0, Max: 0, Diff: 0, Sum: 0, Workers: 4
[1182.098s][debug][gc,phases      ] GC(56)   StringDedup Requests1 Weak     Min:  0.0, Avg:  0.0, Max:  0.0, Diff:  0.0, Sum:  0.0, Workers: 4
[1182.098s][debug][gc,phases      ] GC(56)     Dead                           Min: 0, Avg:  0.0, Max: 0, Diff: 0, Sum: 0, Workers: 4
[1182.098s][debug][gc,phases      ] GC(56)     Total                          Min: 0, Avg:  0.0, Max: 0, Diff: 0, Sum: 0, Workers: 4
[1182.098s][debug][gc,phases      ] GC(56)   Weak JFR Old Object Samples    Min:  0.0, Avg:  0.0, Max:  0.0, Diff:  0.0, Sum:  0.0, Workers: 4
[1182.098s][debug][gc,phases      ] GC(56)     Dead                           Min: 0, Avg:  0.0, Max: 0, Diff: 0, Sum: 0, Workers: 4
[1182.098s][debug][gc,phases      ] GC(56)     Total                          Min: 0, Avg:  0.0, Max: 0, Diff: 0, Sum: 0, Workers: 4
[1182.098s][debug][gc,phases      ] GC(56) Weak Processing 0.351ms
[1182.098s][debug][gc,age         ] GC(56) Desired survivor size 153616384 bytes, new threshold 15 (max threshold 15)
[1182.098s][info ][gc,heap        ] GC(56) PSYoungGen: 1786204K(1938432K)->15116K(1929728K) Eden: 1771008K(1771008K)->0K(1771008K) From: 15196K(167424K)->15116K(158720K)
[1182.098s][info ][gc,heap        ] GC(56) ParOldGen: 320737K(446976K)->320745K(446976K)
[1182.098s][info ][gc,metaspace   ] GC(56) Metaspace: 78668K(79552K)->78668K(79552K) NonClass: 67439K(67968K)->67439K(67968K) Class: 11228K(11584K)->11228K(11584K)
[1182.098s][info ][gc             ] GC(56) Pause Young (Allocation Failure) 2057M->327M(2321M) 6.993ms
[1182.098s][info ][gc,cpu         ] GC(56) User=0.02s Sys=0.00s Real=0.00s
[1182.098s][info ][safepoint      ] Safepoint "ParallelGCFailedAllocation", Time since last: 5542997105 ns, Reaching safepoint: 39301 ns, At safepoint: 7053874 ns, Total: 7093175 ns
[1204.890s][info ][gc,start       ] GC(57) Pause Young (Allocation Failure)
[1204.899s][debug][gc,phases      ] GC(57) Scavenge 8.180ms
[1204.899s][debug][gc,ref         ] GC(57) Skipped phase 1 of Reference Processing: no references
[1204.899s][debug][gc,ref         ] GC(57) ReferenceProcessor::execute queues: 1, RefProcThreadModel::Single, marks_oops_alive: false
[1204.899s][debug][gc,ref         ] GC(57) Skipped phase 3 of Reference Processing: no references
[1204.899s][debug][gc,ref         ] GC(57) ReferenceProcessor::execute queues: 1, RefProcThreadModel::Single, marks_oops_alive: false
[1204.899s][debug][gc,phases      ] GC(57) Reference Processing 0.117ms
[1204.899s][debug][gc,phases      ] GC(57)   VM Weak                        Min:  0.0, Avg:  0.0, Max:  0.0, Diff:  0.0, Sum:  0.0, Workers: 4
[1204.899s][debug][gc,phases      ] GC(57)     Dead                           Min: 0, Avg:  0.0, Max: 0, Diff: 0, Sum: 0, Workers: 4
[1204.899s][debug][gc,phases      ] GC(57)     Total                          Min: 0, Avg: 178.5, Max: 714, Diff: 714, Sum: 714, Workers: 4
[1204.899s][debug][gc,phases      ] GC(57)   ObjectSynchronizer Weak        Min:  0.0, Avg:  0.0, Max:  0.0, Diff:  0.0, Sum:  0.0, Workers: 4
[1204.899s][debug][gc,phases      ] GC(57)     Dead                           Min: 0, Avg:  0.0, Max: 0, Diff: 0, Sum: 0, Workers: 4
[1204.899s][debug][gc,phases      ] GC(57)     Total                          Min: 0, Avg:  6.8, Max: 27, Diff: 27, Sum: 27, Workers: 4
[1204.899s][debug][gc,phases      ] GC(57)   JVMTI Tag Weak OopStorage      Min:  0.0, Avg:  0.0, Max:  0.0, Diff:  0.0, Sum:  0.0, Workers: 4
[1204.899s][debug][gc,phases      ] GC(57)     Dead                           Min: 0, Avg:  0.0, Max: 0, Diff: 0, Sum: 0, Workers: 4
[1204.899s][debug][gc,phases      ] GC(57)     Total                          Min: 0, Avg:  0.0, Max: 0, Diff: 0, Sum: 0, Workers: 4
[1204.899s][debug][gc,phases      ] GC(57)   StringTable Weak               Min:  0.0, Avg:  0.1, Max:  0.2, Diff:  0.2, Sum:  0.3, Workers: 4
[1204.899s][debug][gc,phases      ] GC(57)     Dead                           Min: 0, Avg:  0.0, Max: 0, Diff: 0, Sum: 0, Workers: 4
[1204.899s][debug][gc,phases      ] GC(57)     Total                          Min: 0, Avg: 10747.8, Max: 25087, Diff: 25087, Sum: 42991, Workers: 4
[1204.899s][debug][gc,phases      ] GC(57)   ResolvedMethodTable Weak       Min:  0.0, Avg:  0.0, Max:  0.0, Diff:  0.0, Sum:  0.1, Workers: 4
[1204.899s][debug][gc,phases      ] GC(57)     Dead                           Min: 0, Avg:  0.0, Max: 0, Diff: 0, Sum: 0, Workers: 4
[1204.899s][debug][gc,phases      ] GC(57)     Total                          Min: 0, Avg: 2121.5, Max: 4653, Diff: 4653, Sum: 8486, Workers: 4
[1204.899s][debug][gc,phases      ] GC(57)   JNI Weak                       Min:  0.0, Avg:  0.0, Max:  0.0, Diff:  0.0, Sum:  0.0, Workers: 4
[1204.899s][debug][gc,phases      ] GC(57)     Dead                           Min: 0, Avg:  0.0, Max: 0, Diff: 0, Sum: 0, Workers: 4
[1204.899s][debug][gc,phases      ] GC(57)     Total                          Min: 0, Avg: 11.2, Max: 45, Diff: 45, Sum: 45, Workers: 4
[1204.899s][debug][gc,phases      ] GC(57)   StringDedup Table Weak         Min:  0.0, Avg:  0.0, Max:  0.0, Diff:  0.0, Sum:  0.0, Workers: 4
[1204.899s][debug][gc,phases      ] GC(57)     Dead                           Min: 0, Avg:  0.0, Max: 0, Diff: 0, Sum: 0, Workers: 4
[1204.899s][debug][gc,phases      ] GC(57)     Total                          Min: 0, Avg:  0.0, Max: 0, Diff: 0, Sum: 0, Workers: 4
[1204.899s][debug][gc,phases      ] GC(57)   StringDedup Requests0 Weak     Min:  0.0, Avg:  0.0, Max:  0.0, Diff:  0.0, Sum:  0.0, Workers: 4
[1204.899s][debug][gc,phases      ] GC(57)     Dead                           Min: 0, Avg:  0.0, Max: 0, Diff: 0, Sum: 0, Workers: 4
[1204.899s][debug][gc,phases      ] GC(57)     Total                          Min: 0, Avg:  0.0, Max: 0, Diff: 0, Sum: 0, Workers: 4
[1204.899s][debug][gc,phases      ] GC(57)   StringDedup Requests1 Weak     Min:  0.0, Avg:  0.0, Max:  0.0, Diff:  0.0, Sum:  0.0, Workers: 4
[1204.899s][debug][gc,phases      ] GC(57)     Dead                           Min: 0, Avg:  0.0, Max: 0, Diff: 0, Sum: 0, Workers: 4
[1204.899s][debug][gc,phases      ] GC(57)     Total                          Min: 0, Avg:  0.0, Max: 0, Diff: 0, Sum: 0, Workers: 4
[1204.899s][debug][gc,phases      ] GC(57)   Weak JFR Old Object Samples    Min:  0.0, Avg:  0.0, Max:  0.0, Diff:  0.0, Sum:  0.0, Workers: 4
[1204.899s][debug][gc,phases      ] GC(57)     Dead                           Min: 0, Avg:  0.0, Max: 0, Diff: 0, Sum: 0, Workers: 4
[1204.899s][debug][gc,phases      ] GC(57)     Total                          Min: 0, Avg:  0.0, Max: 0, Diff: 0, Sum: 0, Workers: 4
[1204.899s][debug][gc,phases      ] GC(57) Weak Processing 0.379ms
[1204.899s][debug][gc,age         ] GC(57) Desired survivor size 145227776 bytes, new threshold 15 (max threshold 15)
[1204.899s][info ][gc,heap        ] GC(57) PSYoungGen: 1786124K(1929728K)->15228K(1955328K) Eden: 1771008K(1771008K)->0K(1805312K) From: 15116K(158720K)->15228K(150016K)
[1204.899s][info ][gc,heap        ] GC(57) ParOldGen: 320745K(446976K)->320745K(446976K)
[1204.899s][info ][gc,metaspace   ] GC(57) Metaspace: 78669K(79552K)->78669K(79552K) NonClass: 67440K(67968K)->67440K(67968K) Class: 11228K(11584K)->11228K(11584K)
[1204.899s][info ][gc             ] GC(57) Pause Young (Allocation Failure) 2057M->328M(2346M) 8.807ms
[1204.899s][info ][gc,cpu         ] GC(57) User=0.02s Sys=0.00s Real=0.01s
[1204.899s][info ][safepoint      ] Safepoint "ParallelGCFailedAllocation", Time since last: 22792004188 ns, Reaching safepoint: 24401 ns, At safepoint: 8877549 ns, Total: 8901950 ns
[1206.465s][info ][safepoint      ] Safepoint "Cleanup", Time since last: 1566134835 ns, Reaching safepoint: 120601 ns, At safepoint: 5400 ns, Total: 126001 ns
[1211.466s][info ][safepoint      ] Safepoint "Cleanup", Time since last: 5000336486 ns, Reaching safepoint: 49800 ns, At safepoint: 3800 ns, Total: 53600 ns
[1227.434s][info ][gc,start       ] GC(58) Pause Young (Allocation Failure)
[1227.440s][debug][gc,phases      ] GC(58) Scavenge 6.542ms
[1227.440s][debug][gc,ref         ] GC(58) Skipped phase 1 of Reference Processing: no references
[1227.440s][debug][gc,ref         ] GC(58) ReferenceProcessor::execute queues: 1, RefProcThreadModel::Single, marks_oops_alive: false
[1227.440s][debug][gc,ref         ] GC(58) ReferenceProcessor::execute queues: 4, RefProcThreadModel::Multi, marks_oops_alive: true
[1227.440s][debug][gc,ref         ] GC(58) ReferenceProcessor::execute queues: 1, RefProcThreadModel::Single, marks_oops_alive: false
[1227.440s][debug][gc,phases      ] GC(58) Reference Processing 0.162ms
[1227.441s][debug][gc,phases      ] GC(58)   VM Weak                        Min:  0.0, Avg:  0.0, Max:  0.0, Diff:  0.0, Sum:  0.0, Workers: 4
[1227.441s][debug][gc,phases      ] GC(58)     Dead                           Min: 0, Avg:  0.0, Max: 0, Diff: 0, Sum: 0, Workers: 4
[1227.441s][debug][gc,phases      ] GC(58)     Total                          Min: 0, Avg: 178.8, Max: 715, Diff: 715, Sum: 715, Workers: 4
[1227.441s][debug][gc,phases      ] GC(58)   ObjectSynchronizer Weak        Min:  0.0, Avg:  0.0, Max:  0.0, Diff:  0.0, Sum:  0.0, Workers: 4
[1227.441s][debug][gc,phases      ] GC(58)     Dead                           Min: 0, Avg:  0.2, Max: 1, Diff: 1, Sum: 1, Workers: 4
[1227.441s][debug][gc,phases      ] GC(58)     Total                          Min: 0, Avg:  7.2, Max: 29, Diff: 29, Sum: 29, Workers: 4
[1227.441s][debug][gc,phases      ] GC(58)   JVMTI Tag Weak OopStorage      Min:  0.0, Avg:  0.0, Max:  0.0, Diff:  0.0, Sum:  0.0, Workers: 4
[1227.441s][debug][gc,phases      ] GC(58)     Dead                           Min: 0, Avg:  0.0, Max: 0, Diff: 0, Sum: 0, Workers: 4
[1227.441s][debug][gc,phases      ] GC(58)     Total                          Min: 0, Avg:  0.0, Max: 0, Diff: 0, Sum: 0, Workers: 4
[1227.441s][debug][gc,phases      ] GC(58)   StringTable Weak               Min:  0.0, Avg:  0.1, Max:  0.1, Diff:  0.1, Sum:  0.3, Workers: 4
[1227.441s][debug][gc,phases      ] GC(58)     Dead                           Min: 0, Avg:  1.0, Max: 3, Diff: 3, Sum: 4, Workers: 4
[1227.441s][debug][gc,phases      ] GC(58)     Total                          Min: 0, Avg: 10760.5, Max: 17982, Diff: 17982, Sum: 43042, Workers: 4
[1227.441s][debug][gc,phases      ] GC(58)   ResolvedMethodTable Weak       Min:  0.0, Avg:  0.0, Max:  0.0, Diff:  0.0, Sum:  0.1, Workers: 4
[1227.441s][debug][gc,phases      ] GC(58)     Dead                           Min: 0, Avg:  0.0, Max: 0, Diff: 0, Sum: 0, Workers: 4
[1227.441s][debug][gc,phases      ] GC(58)     Total                          Min: 0, Avg: 2132.8, Max: 3539, Diff: 3539, Sum: 8531, Workers: 4
[1227.441s][debug][gc,phases      ] GC(58)   JNI Weak                       Min:  0.0, Avg:  0.0, Max:  0.0, Diff:  0.0, Sum:  0.0, Workers: 4
[1227.441s][debug][gc,phases      ] GC(58)     Dead                           Min: 0, Avg:  0.0, Max: 0, Diff: 0, Sum: 0, Workers: 4
[1227.441s][debug][gc,phases      ] GC(58)     Total                          Min: 0, Avg: 11.2, Max: 45, Diff: 45, Sum: 45, Workers: 4
[1227.441s][debug][gc,phases      ] GC(58)   StringDedup Table Weak         Min:  0.0, Avg:  0.0, Max:  0.0, Diff:  0.0, Sum:  0.0, Workers: 4
[1227.441s][debug][gc,phases      ] GC(58)     Dead                           Min: 0, Avg:  0.0, Max: 0, Diff: 0, Sum: 0, Workers: 4
[1227.441s][debug][gc,phases      ] GC(58)     Total                          Min: 0, Avg:  0.0, Max: 0, Diff: 0, Sum: 0, Workers: 4
[1227.441s][debug][gc,phases      ] GC(58)   StringDedup Requests0 Weak     Min:  0.0, Avg:  0.0, Max:  0.0, Diff:  0.0, Sum:  0.0, Workers: 4
[1227.441s][debug][gc,phases      ] GC(58)     Dead                           Min: 0, Avg:  0.0, Max: 0, Diff: 0, Sum: 0, Workers: 4
[1227.441s][debug][gc,phases      ] GC(58)     Total                          Min: 0, Avg:  0.0, Max: 0, Diff: 0, Sum: 0, Workers: 4
[1227.441s][debug][gc,phases      ] GC(58)   StringDedup Requests1 Weak     Min:  0.0, Avg:  0.0, Max:  0.0, Diff:  0.0, Sum:  0.0, Workers: 4
[1227.441s][debug][gc,phases      ] GC(58)     Dead                           Min: 0, Avg:  0.0, Max: 0, Diff: 0, Sum: 0, Workers: 4
[1227.441s][debug][gc,phases      ] GC(58)     Total                          Min: 0, Avg:  0.0, Max: 0, Diff: 0, Sum: 0, Workers: 4
[1227.441s][debug][gc,phases      ] GC(58)   Weak JFR Old Object Samples    Min:  0.0, Avg:  0.0, Max:  0.0, Diff:  0.0, Sum:  0.0, Workers: 4
[1227.441s][debug][gc,phases      ] GC(58)     Dead                           Min: 0, Avg:  0.0, Max: 0, Diff: 0, Sum: 0, Workers: 4
[1227.441s][debug][gc,phases      ] GC(58)     Total                          Min: 0, Avg:  0.0, Max: 0, Diff: 0, Sum: 0, Workers: 4
[1227.441s][debug][gc,phases      ] GC(58) Weak Processing 0.303ms
[1227.441s][debug][gc,age         ] GC(58) Desired survivor size 137363456 bytes, new threshold 15 (max threshold 15)
[1227.441s][info ][gc,heap        ] GC(58) PSYoungGen: 1820540K(1955328K)->15324K(1947136K) Eden: 1805312K(1805312K)->0K(1805312K) From: 15228K(150016K)->15324K(141824K)
[1227.441s][info ][gc,heap        ] GC(58) ParOldGen: 320745K(446976K)->320753K(446976K)
[1227.441s][info ][gc,metaspace   ] GC(58) Metaspace: 78806K(79680K)->78806K(79680K) NonClass: 67546K(68032K)->67546K(68032K) Class: 11259K(11648K)->11259K(11648K)
[1227.441s][info ][gc             ] GC(58) Pause Young (Allocation Failure) 2091M->328M(2338M) 7.121ms
[1227.441s][info ][gc,cpu         ] GC(58) User=0.02s Sys=0.00s Real=0.00s
[1227.441s][info ][safepoint      ] Safepoint "ParallelGCFailedAllocation", Time since last: 15967663311 ns, Reaching safepoint: 24600 ns, At safepoint: 7190245 ns, Total: 7214845 ns
[1228.441s][info ][safepoint      ] Safepoint "Cleanup", Time since last: 1000088218 ns, Reaching safepoint: 116101 ns, At safepoint: 7100 ns, Total: 123201 ns
[1232.441s][info ][safepoint      ] Safepoint "Cleanup", Time since last: 4000357484 ns, Reaching safepoint: 55901 ns, At safepoint: 7800 ns, Total: 63701 ns
[1250.790s][info ][gc,start       ] GC(59) Pause Young (Allocation Failure)
[1250.795s][debug][gc,phases      ] GC(59) Scavenge 5.123ms
[1250.795s][debug][gc,ref         ] GC(59) Skipped phase 1 of Reference Processing: no references
[1250.796s][debug][gc,ref         ] GC(59) ReferenceProcessor::execute queues: 1, RefProcThreadModel::Single, marks_oops_alive: false
[1250.796s][debug][gc,ref         ] GC(59) ReferenceProcessor::execute queues: 4, RefProcThreadModel::Multi, marks_oops_alive: true
[1250.796s][debug][gc,ref         ] GC(59) ReferenceProcessor::execute queues: 1, RefProcThreadModel::Single, marks_oops_alive: false
[1250.796s][debug][gc,phases      ] GC(59) Reference Processing 0.419ms
[1250.796s][debug][gc,phases      ] GC(59)   VM Weak                        Min:  0.0, Avg:  0.0, Max:  0.0, Diff:  0.0, Sum:  0.0, Workers: 4
[1250.796s][debug][gc,phases      ] GC(59)     Dead                           Min: 0, Avg:  0.0, Max: 0, Diff: 0, Sum: 0, Workers: 4
[1250.796s][debug][gc,phases      ] GC(59)     Total                          Min: 0, Avg: 179.2, Max: 448, Diff: 448, Sum: 717, Workers: 4
[1250.796s][debug][gc,phases      ] GC(59)   ObjectSynchronizer Weak        Min:  0.0, Avg:  0.0, Max:  0.0, Diff:  0.0, Sum:  0.0, Workers: 4
[1250.796s][debug][gc,phases      ] GC(59)     Dead                           Min: 0, Avg:  0.0, Max: 0, Diff: 0, Sum: 0, Workers: 4
[1250.796s][debug][gc,phases      ] GC(59)     Total                          Min: 0, Avg:  7.2, Max: 29, Diff: 29, Sum: 29, Workers: 4
[1250.796s][debug][gc,phases      ] GC(59)   JVMTI Tag Weak OopStorage      Min:  0.0, Avg:  0.0, Max:  0.0, Diff:  0.0, Sum:  0.0, Workers: 4
[1250.796s][debug][gc,phases      ] GC(59)     Dead                           Min: 0, Avg:  0.0, Max: 0, Diff: 0, Sum: 0, Workers: 4
[1250.796s][debug][gc,phases      ] GC(59)     Total                          Min: 0, Avg:  0.0, Max: 0, Diff: 0, Sum: 0, Workers: 4
[1250.796s][debug][gc,phases      ] GC(59)   StringTable Weak               Min:  0.0, Avg:  0.1, Max:  0.1, Diff:  0.1, Sum:  0.4, Workers: 4
[1250.796s][debug][gc,phases      ] GC(59)     Dead                           Min: 0, Avg:  0.0, Max: 0, Diff: 0, Sum: 0, Workers: 4
[1250.796s][debug][gc,phases      ] GC(59)     Total                          Min: 0, Avg: 10761.5, Max: 14912, Diff: 14912, Sum: 43046, Workers: 4
[1250.796s][debug][gc,phases      ] GC(59)   ResolvedMethodTable Weak       Min:  0.0, Avg:  0.0, Max:  0.0, Diff:  0.0, Sum:  0.1, Workers: 4
[1250.796s][debug][gc,phases      ] GC(59)     Dead                           Min: 0, Avg:  0.0, Max: 0, Diff: 0, Sum: 0, Workers: 4
[1250.796s][debug][gc,phases      ] GC(59)     Total                          Min: 0, Avg: 2132.8, Max: 3091, Diff: 3091, Sum: 8531, Workers: 4
[1250.796s][debug][gc,phases      ] GC(59)   JNI Weak                       Min:  0.0, Avg:  0.0, Max:  0.0, Diff:  0.0, Sum:  0.0, Workers: 4
[1250.796s][debug][gc,phases      ] GC(59)     Dead                           Min: 0, Avg:  0.0, Max: 0, Diff: 0, Sum: 0, Workers: 4
[1250.796s][debug][gc,phases      ] GC(59)     Total                          Min: 0, Avg: 11.2, Max: 45, Diff: 45, Sum: 45, Workers: 4
[1250.796s][debug][gc,phases      ] GC(59)   StringDedup Table Weak         Min:  0.0, Avg:  0.0, Max:  0.0, Diff:  0.0, Sum:  0.0, Workers: 4
[1250.796s][debug][gc,phases      ] GC(59)     Dead                           Min: 0, Avg:  0.0, Max: 0, Diff: 0, Sum: 0, Workers: 4
[1250.796s][debug][gc,phases      ] GC(59)     Total                          Min: 0, Avg:  0.0, Max: 0, Diff: 0, Sum: 0, Workers: 4
[1250.796s][debug][gc,phases      ] GC(59)   StringDedup Requests0 Weak     Min:  0.0, Avg:  0.0, Max:  0.0, Diff:  0.0, Sum:  0.0, Workers: 4
[1250.796s][debug][gc,phases      ] GC(59)     Dead                           Min: 0, Avg:  0.0, Max: 0, Diff: 0, Sum: 0, Workers: 4
[1250.796s][debug][gc,phases      ] GC(59)     Total                          Min: 0, Avg:  0.0, Max: 0, Diff: 0, Sum: 0, Workers: 4
[1250.796s][debug][gc,phases      ] GC(59)   StringDedup Requests1 Weak     Min:  0.0, Avg:  0.0, Max:  0.0, Diff:  0.0, Sum:  0.0, Workers: 4
[1250.796s][debug][gc,phases      ] GC(59)     Dead                           Min: 0, Avg:  0.0, Max: 0, Diff: 0, Sum: 0, Workers: 4
[1250.796s][debug][gc,phases      ] GC(59)     Total                          Min: 0, Avg:  0.0, Max: 0, Diff: 0, Sum: 0, Workers: 4
[1250.796s][debug][gc,phases      ] GC(59)   Weak JFR Old Object Samples    Min:  0.0, Avg:  0.0, Max:  0.0, Diff:  0.0, Sum:  0.0, Workers: 4
[1250.796s][debug][gc,phases      ] GC(59)     Dead                           Min: 0, Avg:  0.0, Max: 0, Diff: 0, Sum: 0, Workers: 4
[1250.796s][debug][gc,phases      ] GC(59)     Total                          Min: 0, Avg:  0.0, Max: 0, Diff: 0, Sum: 0, Workers: 4
[1250.796s][debug][gc,phases      ] GC(59) Weak Processing 0.305ms
[1250.796s][debug][gc,age         ] GC(59) Desired survivor size 129499136 bytes, new threshold 15 (max threshold 15)
[1250.796s][info ][gc,heap        ] GC(59) PSYoungGen: 1820636K(1947136K)->15228K(1970688K) Eden: 1805312K(1805312K)->0K(1836544K) From: 15324K(141824K)->15228K(134144K)
[1250.796s][info ][gc,heap        ] GC(59) ParOldGen: 320753K(446976K)->320753K(446976K)
[1250.796s][info ][gc,metaspace   ] GC(59) Metaspace: 78824K(79680K)->78824K(79680K) NonClass: 67564K(68032K)->67564K(68032K) Class: 11260K(11648K)->11260K(11648K)
[1250.796s][info ][gc             ] GC(59) Pause Young (Allocation Failure) 2091M->328M(2361M) 5.960ms
[1250.796s][info ][gc,cpu         ] GC(59) User=0.02s Sys=0.00s Real=0.01s
[1250.796s][info ][safepoint      ] Safepoint "ParallelGCFailedAllocation", Time since last: 18348901643 ns, Reaching safepoint: 23700 ns, At safepoint: 6025239 ns, Total: 6048939 ns
[1251.796s][info ][safepoint      ] Safepoint "Cleanup", Time since last: 1000094646 ns, Reaching safepoint: 55500 ns, At safepoint: 7200 ns, Total: 62700 ns
[1253.797s][info ][safepoint      ] Safepoint "Cleanup", Time since last: 2000169143 ns, Reaching safepoint: 42300 ns, At safepoint: 6400 ns, Total: 48700 ns
[1257.797s][info ][safepoint      ] Safepoint "Cleanup", Time since last: 4000304452 ns, Reaching safepoint: 25000 ns, At safepoint: 4800 ns, Total: 29800 ns
[1262.797s][info ][safepoint      ] Safepoint "Cleanup", Time since last: 5000355895 ns, Reaching safepoint: 36600 ns, At safepoint: 2500 ns, Total: 39100 ns
[1265.798s][info ][safepoint      ] Safepoint "Cleanup", Time since last: 3000245304 ns, Reaching safepoint: 46100 ns, At safepoint: 3300 ns, Total: 49400 ns
[1273.798s][info ][safepoint      ] Safepoint "Cleanup", Time since last: 8000598280 ns, Reaching safepoint: 43801 ns, At safepoint: 3300 ns, Total: 47101 ns
[1274.090s][info ][gc,start       ] GC(60) Pause Young (Allocation Failure)
[1274.095s][debug][gc,phases      ] GC(60) Scavenge 5.191ms
[1274.095s][debug][gc,ref         ] GC(60) Skipped phase 1 of Reference Processing: no references
[1274.095s][debug][gc,ref         ] GC(60) ReferenceProcessor::execute queues: 1, RefProcThreadModel::Single, marks_oops_alive: false
[1274.095s][debug][gc,ref         ] GC(60) ReferenceProcessor::execute queues: 4, RefProcThreadModel::Multi, marks_oops_alive: true
[1274.096s][debug][gc,ref         ] GC(60) ReferenceProcessor::execute queues: 1, RefProcThreadModel::Single, marks_oops_alive: false
[1274.096s][debug][gc,phases      ] GC(60) Reference Processing 0.412ms
[1274.096s][debug][gc,phases      ] GC(60)   VM Weak                        Min:  0.0, Avg:  0.0, Max:  0.0, Diff:  0.0, Sum:  0.0, Workers: 4
[1274.096s][debug][gc,phases      ] GC(60)     Dead                           Min: 0, Avg:  0.0, Max: 0, Diff: 0, Sum: 0, Workers: 4
[1274.096s][debug][gc,phases      ] GC(60)     Total                          Min: 0, Avg: 179.2, Max: 576, Diff: 576, Sum: 717, Workers: 4
[1274.096s][debug][gc,phases      ] GC(60)   ObjectSynchronizer Weak        Min:  0.0, Avg:  0.0, Max:  0.0, Diff:  0.0, Sum:  0.0, Workers: 4
[1274.096s][debug][gc,phases      ] GC(60)     Dead                           Min: 0, Avg:  0.0, Max: 0, Diff: 0, Sum: 0, Workers: 4
[1274.096s][debug][gc,phases      ] GC(60)     Total                          Min: 0, Avg:  7.2, Max: 29, Diff: 29, Sum: 29, Workers: 4
[1274.096s][debug][gc,phases      ] GC(60)   JVMTI Tag Weak OopStorage      Min:  0.0, Avg:  0.0, Max:  0.0, Diff:  0.0, Sum:  0.0, Workers: 4
[1274.096s][debug][gc,phases      ] GC(60)     Dead                           Min: 0, Avg:  0.0, Max: 0, Diff: 0, Sum: 0, Workers: 4
[1274.096s][debug][gc,phases      ] GC(60)     Total                          Min: 0, Avg:  0.0, Max: 0, Diff: 0, Sum: 0, Workers: 4
[1274.096s][debug][gc,phases      ] GC(60)   StringTable Weak               Min:  0.0, Avg:  0.1, Max:  0.1, Diff:  0.1, Sum:  0.4, Workers: 4
[1274.096s][debug][gc,phases      ] GC(60)     Dead                           Min: 0, Avg:  0.0, Max: 0, Diff: 0, Sum: 0, Workers: 4
[1274.096s][debug][gc,phases      ] GC(60)     Total                          Min: 0, Avg: 10762.8, Max: 14635, Diff: 14635, Sum: 43051, Workers: 4
[1274.096s][debug][gc,phases      ] GC(60)   ResolvedMethodTable Weak       Min:  0.0, Avg:  0.0, Max:  0.0, Diff:  0.0, Sum:  0.1, Workers: 4
[1274.096s][debug][gc,phases      ] GC(60)     Dead                           Min: 0, Avg:  0.0, Max: 0, Diff: 0, Sum: 0, Workers: 4
[1274.096s][debug][gc,phases      ] GC(60)     Total                          Min: 0, Avg: 2132.8, Max: 3027, Diff: 3027, Sum: 8531, Workers: 4
[1274.096s][debug][gc,phases      ] GC(60)   JNI Weak                       Min:  0.0, Avg:  0.0, Max:  0.0, Diff:  0.0, Sum:  0.0, Workers: 4
[1274.096s][debug][gc,phases      ] GC(60)     Dead                           Min: 0, Avg:  0.0, Max: 0, Diff: 0, Sum: 0, Workers: 4
[1274.096s][debug][gc,phases      ] GC(60)     Total                          Min: 0, Avg: 11.2, Max: 45, Diff: 45, Sum: 45, Workers: 4
[1274.096s][debug][gc,phases      ] GC(60)   StringDedup Table Weak         Min:  0.0, Avg:  0.0, Max:  0.0, Diff:  0.0, Sum:  0.0, Workers: 4
[1274.096s][debug][gc,phases      ] GC(60)     Dead                           Min: 0, Avg:  0.0, Max: 0, Diff: 0, Sum: 0, Workers: 4
[1274.096s][debug][gc,phases      ] GC(60)     Total                          Min: 0, Avg:  0.0, Max: 0, Diff: 0, Sum: 0, Workers: 4
[1274.096s][debug][gc,phases      ] GC(60)   StringDedup Requests0 Weak     Min:  0.0, Avg:  0.0, Max:  0.0, Diff:  0.0, Sum:  0.0, Workers: 4
[1274.096s][debug][gc,phases      ] GC(60)     Dead                           Min: 0, Avg:  0.0, Max: 0, Diff: 0, Sum: 0, Workers: 4
[1274.096s][debug][gc,phases      ] GC(60)     Total                          Min: 0, Avg:  0.0, Max: 0, Diff: 0, Sum: 0, Workers: 4
[1274.096s][debug][gc,phases      ] GC(60)   StringDedup Requests1 Weak     Min:  0.0, Avg:  0.0, Max:  0.0, Diff:  0.0, Sum:  0.0, Workers: 4
[1274.096s][debug][gc,phases      ] GC(60)     Dead                           Min: 0, Avg:  0.0, Max: 0, Diff: 0, Sum: 0, Workers: 4
[1274.096s][debug][gc,phases      ] GC(60)     Total                          Min: 0, Avg:  0.0, Max: 0, Diff: 0, Sum: 0, Workers: 4
[1274.096s][debug][gc,phases      ] GC(60)   Weak JFR Old Object Samples    Min:  0.0, Avg:  0.0, Max:  0.0, Diff:  0.0, Sum:  0.0, Workers: 4
[1274.096s][debug][gc,phases      ] GC(60)     Dead                           Min: 0, Avg:  0.0, Max: 0, Diff: 0, Sum: 0, Workers: 4
[1274.096s][debug][gc,phases      ] GC(60)     Total                          Min: 0, Avg:  0.0, Max: 0, Diff: 0, Sum: 0, Workers: 4
[1274.096s][debug][gc,phases      ] GC(60) Weak Processing 0.393ms
[1274.096s][debug][gc,age         ] GC(60) Desired survivor size 122159104 bytes, new threshold 15 (max threshold 15)
[1274.096s][info ][gc,heap        ] GC(60) PSYoungGen: 1851772K(1970688K)->15484K(1963008K) Eden: 1836544K(1836544K)->0K(1836544K) From: 15228K(134144K)->15484K(126464K)
[1274.096s][info ][gc,heap        ] GC(60) ParOldGen: 320753K(446976K)->320761K(446976K)
[1274.096s][info ][gc,metaspace   ] GC(60) Metaspace: 78854K(79680K)->78854K(79680K) NonClass: 67594K(68032K)->67594K(68032K) Class: 11260K(11648K)->11260K(11648K)
[1274.096s][info ][gc             ] GC(60) Pause Young (Allocation Failure) 2121M->328M(2353M) 6.123ms
[1274.096s][info ][gc,cpu         ] GC(60) User=0.02s Sys=0.00s Real=0.01s
[1274.096s][info ][safepoint      ] Safepoint "ParallelGCFailedAllocation", Time since last: 291531565 ns, Reaching safepoint: 36700 ns, At safepoint: 6197337 ns, Total: 6234037 ns
[1287.097s][info ][safepoint      ] Safepoint "Cleanup", Time since last: 13000879742 ns, Reaching safepoint: 37900 ns, At safepoint: 3300 ns, Total: 41200 ns
[1290.097s][info ][safepoint      ] Safepoint "Cleanup", Time since last: 3000241316 ns, Reaching safepoint: 28600 ns, At safepoint: 2700 ns, Total: 31300 ns
[1297.039s][info ][gc,start       ] GC(61) Pause Young (Allocation Failure)
[1297.045s][debug][gc,phases      ] GC(61) Scavenge 5.753ms
[1297.045s][debug][gc,ref         ] GC(61) Skipped phase 1 of Reference Processing: no references
[1297.045s][debug][gc,ref         ] GC(61) ReferenceProcessor::execute queues: 1, RefProcThreadModel::Single, marks_oops_alive: false
[1297.045s][debug][gc,ref         ] GC(61) ReferenceProcessor::execute queues: 4, RefProcThreadModel::Multi, marks_oops_alive: true
[1297.045s][debug][gc,ref         ] GC(61) ReferenceProcessor::execute queues: 1, RefProcThreadModel::Single, marks_oops_alive: false
[1297.045s][debug][gc,phases      ] GC(61) Reference Processing 0.186ms
[1297.045s][debug][gc,phases      ] GC(61)   VM Weak                        Min:  0.0, Avg:  0.0, Max:  0.0, Diff:  0.0, Sum:  0.0, Workers: 4
[1297.045s][debug][gc,phases      ] GC(61)     Dead                           Min: 0, Avg:  0.0, Max: 0, Diff: 0, Sum: 0, Workers: 4
[1297.045s][debug][gc,phases      ] GC(61)     Total                          Min: 0, Avg: 179.2, Max: 448, Diff: 448, Sum: 717, Workers: 4
[1297.045s][debug][gc,phases      ] GC(61)   ObjectSynchronizer Weak        Min:  0.0, Avg:  0.0, Max:  0.0, Diff:  0.0, Sum:  0.0, Workers: 4
[1297.045s][debug][gc,phases      ] GC(61)     Dead                           Min: 0, Avg:  0.0, Max: 0, Diff: 0, Sum: 0, Workers: 4
[1297.045s][debug][gc,phases      ] GC(61)     Total                          Min: 0, Avg:  7.2, Max: 29, Diff: 29, Sum: 29, Workers: 4
[1297.045s][debug][gc,phases      ] GC(61)   JVMTI Tag Weak OopStorage      Min:  0.0, Avg:  0.0, Max:  0.0, Diff:  0.0, Sum:  0.0, Workers: 4
[1297.045s][debug][gc,phases      ] GC(61)     Dead                           Min: 0, Avg:  0.0, Max: 0, Diff: 0, Sum: 0, Workers: 4
[1297.045s][debug][gc,phases      ] GC(61)     Total                          Min: 0, Avg:  0.0, Max: 0, Diff: 0, Sum: 0, Workers: 4
[1297.045s][debug][gc,phases      ] GC(61)   StringTable Weak               Min:  0.0, Avg:  0.1, Max:  0.2, Diff:  0.2, Sum:  0.3, Workers: 4
[1297.045s][debug][gc,phases      ] GC(61)     Dead                           Min: 0, Avg:  0.0, Max: 0, Diff: 0, Sum: 0, Workers: 4
[1297.045s][debug][gc,phases      ] GC(61)     Total                          Min: 0, Avg: 10762.8, Max: 26603, Diff: 26603, Sum: 43051, Workers: 4
[1297.045s][debug][gc,phases      ] GC(61)   ResolvedMethodTable Weak       Min:  0.0, Avg:  0.0, Max:  0.0, Diff:  0.0, Sum:  0.1, Workers: 4
[1297.045s][debug][gc,phases      ] GC(61)     Dead                           Min: 0, Avg:  0.0, Max: 0, Diff: 0, Sum: 0, Workers: 4
[1297.045s][debug][gc,phases      ] GC(61)     Total                          Min: 0, Avg: 2132.8, Max: 5267, Diff: 5267, Sum: 8531, Workers: 4
[1297.045s][debug][gc,phases      ] GC(61)   JNI Weak                       Min:  0.0, Avg:  0.0, Max:  0.0, Diff:  0.0, Sum:  0.0, Workers: 4
[1297.045s][debug][gc,phases      ] GC(61)     Dead                           Min: 0, Avg:  0.0, Max: 0, Diff: 0, Sum: 0, Workers: 4
[1297.045s][debug][gc,phases      ] GC(61)     Total                          Min: 0, Avg: 11.2, Max: 45, Diff: 45, Sum: 45, Workers: 4
[1297.045s][debug][gc,phases      ] GC(61)   StringDedup Table Weak         Min:  0.0, Avg:  0.0, Max:  0.0, Diff:  0.0, Sum:  0.0, Workers: 4
[1297.045s][debug][gc,phases      ] GC(61)     Dead                           Min: 0, Avg:  0.0, Max: 0, Diff: 0, Sum: 0, Workers: 4
[1297.045s][debug][gc,phases      ] GC(61)     Total                          Min: 0, Avg:  0.0, Max: 0, Diff: 0, Sum: 0, Workers: 4
[1297.045s][debug][gc,phases      ] GC(61)   StringDedup Requests0 Weak     Min:  0.0, Avg:  0.0, Max:  0.0, Diff:  0.0, Sum:  0.0, Workers: 4
[1297.045s][debug][gc,phases      ] GC(61)     Dead                           Min: 0, Avg:  0.0, Max: 0, Diff: 0, Sum: 0, Workers: 4
[1297.045s][debug][gc,phases      ] GC(61)     Total                          Min: 0, Avg:  0.0, Max: 0, Diff: 0, Sum: 0, Workers: 4
[1297.045s][debug][gc,phases      ] GC(61)   StringDedup Requests1 Weak     Min:  0.0, Avg:  0.0, Max:  0.0, Diff:  0.0, Sum:  0.0, Workers: 4
[1297.045s][debug][gc,phases      ] GC(61)     Dead                           Min: 0, Avg:  0.0, Max: 0, Diff: 0, Sum: 0, Workers: 4
[1297.045s][debug][gc,phases      ] GC(61)     Total                          Min: 0, Avg:  0.0, Max: 0, Diff: 0, Sum: 0, Workers: 4
[1297.045s][debug][gc,phases      ] GC(61)   Weak JFR Old Object Samples    Min:  0.0, Avg:  0.0, Max:  0.0, Diff:  0.0, Sum:  0.0, Workers: 4
[1297.045s][debug][gc,phases      ] GC(61)     Dead                           Min: 0, Avg:  0.0, Max: 0, Diff: 0, Sum: 0, Workers: 4
[1297.045s][debug][gc,phases      ] GC(61)     Total                          Min: 0, Avg:  0.0, Max: 0, Diff: 0, Sum: 0, Workers: 4
[1297.045s][debug][gc,phases      ] GC(61) Weak Processing 0.351ms
[1297.045s][debug][gc,age         ] GC(61) Desired survivor size 114819072 bytes, new threshold 15 (max threshold 15)
[1297.045s][info ][gc,heap        ] GC(61) PSYoungGen: 1852028K(1963008K)->15500K(1985024K) Eden: 1836544K(1836544K)->0K(1865728K) From: 15484K(126464K)->15500K(119296K)
[1297.045s][info ][gc,heap        ] GC(61) ParOldGen: 320761K(446976K)->320761K(446976K)
[1297.045s][info ][gc,metaspace   ] GC(61) Metaspace: 78858K(79680K)->78858K(79680K) NonClass: 67598K(68032K)->67598K(68032K) Class: 11260K(11648K)->11260K(11648K)
[1297.045s][info ][gc             ] GC(61) Pause Young (Allocation Failure) 2121M->328M(2375M) 6.415ms
[1297.045s][info ][gc,cpu         ] GC(61) User=0.02s Sys=0.00s Real=0.01s
[1297.045s][info ][safepoint      ] Safepoint "ParallelGCFailedAllocation", Time since last: 6941673061 ns, Reaching safepoint: 27400 ns, At safepoint: 6485436 ns, Total: 6512836 ns
[1312.047s][info ][safepoint      ] Safepoint "Cleanup", Time since last: 15001021617 ns, Reaching safepoint: 50101 ns, At safepoint: 3000 ns, Total: 53101 ns
[1319.047s][info ][safepoint      ] Safepoint "Cleanup", Time since last: 7000521567 ns, Reaching safepoint: 38100 ns, At safepoint: 2601 ns, Total: 40701 ns
[1320.390s][info ][gc,start       ] GC(62) Pause Young (Allocation Failure)
[1320.396s][debug][gc,phases      ] GC(62) Scavenge 5.469ms
[1320.396s][debug][gc,ref         ] GC(62) Skipped phase 1 of Reference Processing: no references
[1320.396s][debug][gc,ref         ] GC(62) ReferenceProcessor::execute queues: 1, RefProcThreadModel::Single, marks_oops_alive: false
[1320.396s][debug][gc,ref         ] GC(62) Skipped phase 3 of Reference Processing: no references
[1320.396s][debug][gc,ref         ] GC(62) ReferenceProcessor::execute queues: 1, RefProcThreadModel::Single, marks_oops_alive: false
[1320.396s][debug][gc,phases      ] GC(62) Reference Processing 0.094ms
[1320.396s][debug][gc,phases      ] GC(62)   VM Weak                        Min:  0.0, Avg:  0.0, Max:  0.0, Diff:  0.0, Sum:  0.0, Workers: 4
[1320.396s][debug][gc,phases      ] GC(62)     Dead                           Min: 0, Avg:  0.0, Max: 0, Diff: 0, Sum: 0, Workers: 4
[1320.396s][debug][gc,phases      ] GC(62)     Total                          Min: 0, Avg: 179.5, Max: 590, Diff: 590, Sum: 718, Workers: 4
[1320.396s][debug][gc,phases      ] GC(62)   ObjectSynchronizer Weak        Min:  0.0, Avg:  0.0, Max:  0.0, Diff:  0.0, Sum:  0.0, Workers: 4
[1320.396s][debug][gc,phases      ] GC(62)     Dead                           Min: 0, Avg:  0.0, Max: 0, Diff: 0, Sum: 0, Workers: 4
[1320.396s][debug][gc,phases      ] GC(62)     Total                          Min: 0, Avg:  7.2, Max: 29, Diff: 29, Sum: 29, Workers: 4
[1320.396s][debug][gc,phases      ] GC(62)   JVMTI Tag Weak OopStorage      Min:  0.0, Avg:  0.0, Max:  0.0, Diff:  0.0, Sum:  0.0, Workers: 4
[1320.396s][debug][gc,phases      ] GC(62)     Dead                           Min: 0, Avg:  0.0, Max: 0, Diff: 0, Sum: 0, Workers: 4
[1320.396s][debug][gc,phases      ] GC(62)     Total                          Min: 0, Avg:  0.0, Max: 0, Diff: 0, Sum: 0, Workers: 4
[1320.396s][debug][gc,phases      ] GC(62)   StringTable Weak               Min:  0.0, Avg:  0.1, Max:  0.1, Diff:  0.1, Sum:  0.4, Workers: 4
[1320.396s][debug][gc,phases      ] GC(62)     Dead                           Min: 0, Avg:  0.0, Max: 0, Diff: 0, Sum: 0, Workers: 4
[1320.396s][debug][gc,phases      ] GC(62)     Total                          Min: 0, Avg: 10763.0, Max: 14592, Diff: 14592, Sum: 43052, Workers: 4
[1320.396s][debug][gc,phases      ] GC(62)   ResolvedMethodTable Weak       Min:  0.0, Avg:  0.0, Max:  0.0, Diff:  0.0, Sum:  0.1, Workers: 4
[1320.396s][debug][gc,phases      ] GC(62)     Dead                           Min: 0, Avg:  0.0, Max: 0, Diff: 0, Sum: 0, Workers: 4
[1320.396s][debug][gc,phases      ] GC(62)     Total                          Min: 0, Avg: 2132.8, Max: 3008, Diff: 3008, Sum: 8531, Workers: 4
[1320.396s][debug][gc,phases      ] GC(62)   JNI Weak                       Min:  0.0, Avg:  0.0, Max:  0.0, Diff:  0.0, Sum:  0.0, Workers: 4
[1320.396s][debug][gc,phases      ] GC(62)     Dead                           Min: 0, Avg:  0.0, Max: 0, Diff: 0, Sum: 0, Workers: 4
[1320.396s][debug][gc,phases      ] GC(62)     Total                          Min: 0, Avg: 11.2, Max: 45, Diff: 45, Sum: 45, Workers: 4
[1320.396s][debug][gc,phases      ] GC(62)   StringDedup Table Weak         Min:  0.0, Avg:  0.0, Max:  0.0, Diff:  0.0, Sum:  0.0, Workers: 4
[1320.396s][debug][gc,phases      ] GC(62)     Dead                           Min: 0, Avg:  0.0, Max: 0, Diff: 0, Sum: 0, Workers: 4
[1320.396s][debug][gc,phases      ] GC(62)     Total                          Min: 0, Avg:  0.0, Max: 0, Diff: 0, Sum: 0, Workers: 4
[1320.396s][debug][gc,phases      ] GC(62)   StringDedup Requests0 Weak     Min:  0.0, Avg:  0.0, Max:  0.0, Diff:  0.0, Sum:  0.0, Workers: 4
[1320.396s][debug][gc,phases      ] GC(62)     Dead                           Min: 0, Avg:  0.0, Max: 0, Diff: 0, Sum: 0, Workers: 4
[1320.396s][debug][gc,phases      ] GC(62)     Total                          Min: 0, Avg:  0.0, Max: 0, Diff: 0, Sum: 0, Workers: 4
[1320.396s][debug][gc,phases      ] GC(62)   StringDedup Requests1 Weak     Min:  0.0, Avg:  0.0, Max:  0.0, Diff:  0.0, Sum:  0.0, Workers: 4
[1320.396s][debug][gc,phases      ] GC(62)     Dead                           Min: 0, Avg:  0.0, Max: 0, Diff: 0, Sum: 0, Workers: 4
[1320.396s][debug][gc,phases      ] GC(62)     Total                          Min: 0, Avg:  0.0, Max: 0, Diff: 0, Sum: 0, Workers: 4
[1320.396s][debug][gc,phases      ] GC(62)   Weak JFR Old Object Samples    Min:  0.0, Avg:  0.0, Max:  0.0, Diff:  0.0, Sum:  0.0, Workers: 4
[1320.396s][debug][gc,phases      ] GC(62)     Dead                           Min: 0, Avg:  0.0, Max: 0, Diff: 0, Sum: 0, Workers: 4
[1320.396s][debug][gc,phases      ] GC(62)     Total                          Min: 0, Avg:  0.0, Max: 0, Diff: 0, Sum: 0, Workers: 4
[1320.396s][debug][gc,phases      ] GC(62) Weak Processing 0.326ms
[1320.396s][debug][gc,age         ] GC(62) Desired survivor size 108003328 bytes, new threshold 15 (max threshold 15)
[1320.396s][info ][gc,heap        ] GC(62) PSYoungGen: 1881228K(1985024K)->15484K(1977856K) Eden: 1865728K(1865728K)->0K(1865728K) From: 15500K(119296K)->15484K(112128K)
[1320.396s][info ][gc,heap        ] GC(62) ParOldGen: 320761K(446976K)->320761K(446976K)
[1320.396s][info ][gc,metaspace   ] GC(62) Metaspace: 78873K(79744K)->78873K(79744K) NonClass: 67612K(68096K)->67612K(68096K) Class: 11260K(11648K)->11260K(11648K)
[1320.396s][info ][gc             ] GC(62) Pause Young (Allocation Failure) 2150M->328M(2368M) 5.991ms
[1320.396s][info ][gc,cpu         ] GC(62) User=0.02s Sys=0.00s Real=0.01s
[1320.396s][info ][safepoint      ] Safepoint "ParallelGCFailedAllocation", Time since last: 1342931889 ns, Reaching safepoint: 35500 ns, At safepoint: 6051726 ns, Total: 6087226 ns
[1324.396s][info ][safepoint      ] Safepoint "Cleanup", Time since last: 4000287055 ns, Reaching safepoint: 44100 ns, At safepoint: 2300 ns, Total: 46400 ns
[1343.691s][info ][gc,start       ] GC(63) Pause Young (Allocation Failure)
[1343.696s][debug][gc,phases      ] GC(63) Scavenge 5.832ms
[1343.696s][debug][gc,ref         ] GC(63) Skipped phase 1 of Reference Processing: no references
[1343.697s][debug][gc,ref         ] GC(63) ReferenceProcessor::execute queues: 1, RefProcThreadModel::Single, marks_oops_alive: false
[1343.697s][debug][gc,ref         ] GC(63) ReferenceProcessor::execute queues: 4, RefProcThreadModel::Multi, marks_oops_alive: true
[1343.697s][debug][gc,ref         ] GC(63) ReferenceProcessor::execute queues: 1, RefProcThreadModel::Single, marks_oops_alive: false
[1343.697s][debug][gc,phases      ] GC(63) Reference Processing 0.250ms
[1343.697s][debug][gc,phases      ] GC(63)   VM Weak                        Min:  0.0, Avg:  0.0, Max:  0.0, Diff:  0.0, Sum:  0.0, Workers: 4
[1343.697s][debug][gc,phases      ] GC(63)     Dead                           Min: 0, Avg:  0.0, Max: 0, Diff: 0, Sum: 0, Workers: 4
[1343.697s][debug][gc,phases      ] GC(63)     Total                          Min: 0, Avg: 179.5, Max: 576, Diff: 576, Sum: 718, Workers: 4
[1343.697s][debug][gc,phases      ] GC(63)   ObjectSynchronizer Weak        Min:  0.0, Avg:  0.0, Max:  0.0, Diff:  0.0, Sum:  0.0, Workers: 4
[1343.697s][debug][gc,phases      ] GC(63)     Dead                           Min: 0, Avg:  0.0, Max: 0, Diff: 0, Sum: 0, Workers: 4
[1343.697s][debug][gc,phases      ] GC(63)     Total                          Min: 0, Avg:  7.2, Max: 29, Diff: 29, Sum: 29, Workers: 4
[1343.697s][debug][gc,phases      ] GC(63)   JVMTI Tag Weak OopStorage      Min:  0.0, Avg:  0.0, Max:  0.0, Diff:  0.0, Sum:  0.0, Workers: 4
[1343.697s][debug][gc,phases      ] GC(63)     Dead                           Min: 0, Avg:  0.0, Max: 0, Diff: 0, Sum: 0, Workers: 4
[1343.697s][debug][gc,phases      ] GC(63)     Total                          Min: 0, Avg:  0.0, Max: 0, Diff: 0, Sum: 0, Workers: 4
[1343.697s][debug][gc,phases      ] GC(63)   StringTable Weak               Min:  0.0, Avg:  0.1, Max:  0.1, Diff:  0.1, Sum:  0.4, Workers: 4
[1343.697s][debug][gc,phases      ] GC(63)     Dead                           Min: 0, Avg:  0.0, Max: 0, Diff: 0, Sum: 0, Workers: 4
[1343.697s][debug][gc,phases      ] GC(63)     Total                          Min: 0, Avg: 10763.0, Max: 14510, Diff: 14510, Sum: 43052, Workers: 4
[1343.697s][debug][gc,phases      ] GC(63)   ResolvedMethodTable Weak       Min:  0.0, Avg:  0.0, Max:  0.0, Diff:  0.0, Sum:  0.1, Workers: 4
[1343.697s][debug][gc,phases      ] GC(63)     Dead                           Min: 0, Avg:  0.0, Max: 0, Diff: 0, Sum: 0, Workers: 4
[1343.697s][debug][gc,phases      ] GC(63)     Total                          Min: 0, Avg: 2132.8, Max: 2944, Diff: 2944, Sum: 8531, Workers: 4
[1343.697s][debug][gc,phases      ] GC(63)   JNI Weak                       Min:  0.0, Avg:  0.0, Max:  0.0, Diff:  0.0, Sum:  0.0, Workers: 4
[1343.697s][debug][gc,phases      ] GC(63)     Dead                           Min: 0, Avg:  0.0, Max: 0, Diff: 0, Sum: 0, Workers: 4
[1343.697s][debug][gc,phases      ] GC(63)     Total                          Min: 0, Avg: 11.2, Max: 45, Diff: 45, Sum: 45, Workers: 4
[1343.697s][debug][gc,phases      ] GC(63)   StringDedup Table Weak         Min:  0.0, Avg:  0.0, Max:  0.0, Diff:  0.0, Sum:  0.0, Workers: 4
[1343.697s][debug][gc,phases      ] GC(63)     Dead                           Min: 0, Avg:  0.0, Max: 0, Diff: 0, Sum: 0, Workers: 4
[1343.697s][debug][gc,phases      ] GC(63)     Total                          Min: 0, Avg:  0.0, Max: 0, Diff: 0, Sum: 0, Workers: 4
[1343.697s][debug][gc,phases      ] GC(63)   StringDedup Requests0 Weak     Min:  0.0, Avg:  0.0, Max:  0.0, Diff:  0.0, Sum:  0.0, Workers: 4
[1343.697s][debug][gc,phases      ] GC(63)     Dead                           Min: 0, Avg:  0.0, Max: 0, Diff: 0, Sum: 0, Workers: 4
[1343.697s][debug][gc,phases      ] GC(63)     Total                          Min: 0, Avg:  0.0, Max: 0, Diff: 0, Sum: 0, Workers: 4
[1343.697s][debug][gc,phases      ] GC(63)   StringDedup Requests1 Weak     Min:  0.0, Avg:  0.0, Max:  0.0, Diff:  0.0, Sum:  0.0, Workers: 4
[1343.697s][debug][gc,phases      ] GC(63)     Dead                           Min: 0, Avg:  0.0, Max: 0, Diff: 0, Sum: 0, Workers: 4
[1343.697s][debug][gc,phases      ] GC(63)     Total                          Min: 0, Avg:  0.0, Max: 0, Diff: 0, Sum: 0, Workers: 4
[1343.697s][debug][gc,phases      ] GC(63)   Weak JFR Old Object Samples    Min:  0.0, Avg:  0.0, Max:  0.0, Diff:  0.0, Sum:  0.0, Workers: 4
[1343.697s][debug][gc,phases      ] GC(63)     Dead                           Min: 0, Avg:  0.0, Max: 0, Diff: 0, Sum: 0, Workers: 4
[1343.697s][debug][gc,phases      ] GC(63)     Total                          Min: 0, Avg:  0.0, Max: 0, Diff: 0, Sum: 0, Workers: 4
[1343.697s][debug][gc,phases      ] GC(63) Weak Processing 0.301ms
[1343.697s][debug][gc,age         ] GC(63) Desired survivor size 101711872 bytes, new threshold 15 (max threshold 15)
[1343.697s][info ][gc,heap        ] GC(63) PSYoungGen: 1881212K(1977856K)->15612K(1997824K) Eden: 1865728K(1865728K)->0K(1892352K) From: 15484K(112128K)->15612K(105472K)
[1343.697s][info ][gc,heap        ] GC(63) ParOldGen: 320761K(446976K)->320761K(446976K)
[1343.697s][info ][gc,metaspace   ] GC(63) Metaspace: 78874K(79744K)->78874K(79744K) NonClass: 67613K(68096K)->67613K(68096K) Class: 11260K(11648K)->11260K(11648K)
[1343.697s][info ][gc             ] GC(63) Pause Young (Allocation Failure) 2150M->328M(2387M) 6.497ms
[1343.697s][info ][gc,cpu         ] GC(63) User=0.02s Sys=0.00s Real=0.00s
[1343.697s][info ][safepoint      ] Safepoint "ParallelGCFailedAllocation", Time since last: 19294067206 ns, Reaching safepoint: 24900 ns, At safepoint: 6564838 ns, Total: 6589738 ns
[1364.699s][info ][safepoint      ] Safepoint "Cleanup", Time since last: 21001450098 ns, Reaching safepoint: 36100 ns, At safepoint: 3000 ns, Total: 39100 ns
[1367.391s][info ][gc,start       ] GC(64) Pause Young (Allocation Failure)
[1367.399s][debug][gc,phases      ] GC(64) Scavenge 7.195ms
[1367.399s][debug][gc,ref         ] GC(64) Skipped phase 1 of Reference Processing: no references
[1367.399s][debug][gc,ref         ] GC(64) ReferenceProcessor::execute queues: 1, RefProcThreadModel::Single, marks_oops_alive: false
[1367.399s][debug][gc,ref         ] GC(64) Skipped phase 3 of Reference Processing: no references
[1367.399s][debug][gc,ref         ] GC(64) ReferenceProcessor::execute queues: 1, RefProcThreadModel::Single, marks_oops_alive: false
[1367.399s][debug][gc,phases      ] GC(64) Reference Processing 0.132ms
[1367.399s][debug][gc,phases      ] GC(64)   VM Weak                        Min:  0.0, Avg:  0.0, Max:  0.0, Diff:  0.0, Sum:  0.0, Workers: 4
[1367.399s][debug][gc,phases      ] GC(64)     Dead                           Min: 0, Avg:  0.0, Max: 0, Diff: 0, Sum: 0, Workers: 4
[1367.399s][debug][gc,phases      ] GC(64)     Total                          Min: 0, Avg: 179.5, Max: 654, Diff: 654, Sum: 718, Workers: 4
[1367.399s][debug][gc,phases      ] GC(64)   ObjectSynchronizer Weak        Min:  0.0, Avg:  0.0, Max:  0.0, Diff:  0.0, Sum:  0.0, Workers: 4
[1367.399s][debug][gc,phases      ] GC(64)     Dead                           Min: 0, Avg:  0.0, Max: 0, Diff: 0, Sum: 0, Workers: 4
[1367.399s][debug][gc,phases      ] GC(64)     Total                          Min: 0, Avg:  7.2, Max: 29, Diff: 29, Sum: 29, Workers: 4
[1367.399s][debug][gc,phases      ] GC(64)   JVMTI Tag Weak OopStorage      Min:  0.0, Avg:  0.0, Max:  0.0, Diff:  0.0, Sum:  0.0, Workers: 4
[1367.399s][debug][gc,phases      ] GC(64)     Dead                           Min: 0, Avg:  0.0, Max: 0, Diff: 0, Sum: 0, Workers: 4
[1367.399s][debug][gc,phases      ] GC(64)     Total                          Min: 0, Avg:  0.0, Max: 0, Diff: 0, Sum: 0, Workers: 4
[1367.399s][debug][gc,phases      ] GC(64)   StringTable Weak               Min:  0.0, Avg:  0.1, Max:  0.1, Diff:  0.1, Sum:  0.4, Workers: 4
[1367.399s][debug][gc,phases      ] GC(64)     Dead                           Min: 0, Avg:  0.0, Max: 0, Diff: 0, Sum: 0, Workers: 4
[1367.399s][debug][gc,phases      ] GC(64)     Total                          Min: 0, Avg: 10764.2, Max: 14848, Diff: 14848, Sum: 43057, Workers: 4
[1367.399s][debug][gc,phases      ] GC(64)   ResolvedMethodTable Weak       Min:  0.0, Avg:  0.0, Max:  0.0, Diff:  0.0, Sum:  0.1, Workers: 4
[1367.399s][debug][gc,phases      ] GC(64)     Dead                           Min: 0, Avg:  0.0, Max: 0, Diff: 0, Sum: 0, Workers: 4
[1367.399s][debug][gc,phases      ] GC(64)     Total                          Min: 0, Avg: 2132.8, Max: 3328, Diff: 3328, Sum: 8531, Workers: 4
[1367.399s][debug][gc,phases      ] GC(64)   JNI Weak                       Min:  0.0, Avg:  0.0, Max:  0.0, Diff:  0.0, Sum:  0.0, Workers: 4
[1367.399s][debug][gc,phases      ] GC(64)     Dead                           Min: 0, Avg:  0.0, Max: 0, Diff: 0, Sum: 0, Workers: 4
[1367.399s][debug][gc,phases      ] GC(64)     Total                          Min: 0, Avg: 11.2, Max: 45, Diff: 45, Sum: 45, Workers: 4
[1367.399s][debug][gc,phases      ] GC(64)   StringDedup Table Weak         Min:  0.0, Avg:  0.0, Max:  0.0, Diff:  0.0, Sum:  0.0, Workers: 4
[1367.399s][debug][gc,phases      ] GC(64)     Dead                           Min: 0, Avg:  0.0, Max: 0, Diff: 0, Sum: 0, Workers: 4
[1367.399s][debug][gc,phases      ] GC(64)     Total                          Min: 0, Avg:  0.0, Max: 0, Diff: 0, Sum: 0, Workers: 4
[1367.399s][debug][gc,phases      ] GC(64)   StringDedup Requests0 Weak     Min:  0.0, Avg:  0.0, Max:  0.0, Diff:  0.0, Sum:  0.0, Workers: 4
[1367.399s][debug][gc,phases      ] GC(64)     Dead                           Min: 0, Avg:  0.0, Max: 0, Diff: 0, Sum: 0, Workers: 4
[1367.399s][debug][gc,phases      ] GC(64)     Total                          Min: 0, Avg:  0.0, Max: 0, Diff: 0, Sum: 0, Workers: 4
[1367.399s][debug][gc,phases      ] GC(64)   StringDedup Requests1 Weak     Min:  0.0, Avg:  0.0, Max:  0.0, Diff:  0.0, Sum:  0.0, Workers: 4
[1367.399s][debug][gc,phases      ] GC(64)     Dead                           Min: 0, Avg:  0.0, Max: 0, Diff: 0, Sum: 0, Workers: 4
[1367.399s][debug][gc,phases      ] GC(64)     Total                          Min: 0, Avg:  0.0, Max: 0, Diff: 0, Sum: 0, Workers: 4
[1367.399s][debug][gc,phases      ] GC(64)   Weak JFR Old Object Samples    Min:  0.0, Avg:  0.0, Max:  0.0, Diff:  0.0, Sum:  0.0, Workers: 4
[1367.399s][debug][gc,phases      ] GC(64)     Dead                           Min: 0, Avg:  0.0, Max: 0, Diff: 0, Sum: 0, Workers: 4
[1367.399s][debug][gc,phases      ] GC(64)     Total                          Min: 0, Avg:  0.0, Max: 0, Diff: 0, Sum: 0, Workers: 4
[1367.399s][debug][gc,phases      ] GC(64) Weak Processing 0.336ms
[1367.399s][debug][gc,age         ] GC(64) Desired survivor size 95944704 bytes, new threshold 15 (max threshold 15)
[1367.399s][info ][gc,heap        ] GC(64) PSYoungGen: 1907964K(1997824K)->15420K(1991680K) Eden: 1892352K(1892352K)->0K(1892352K) From: 15612K(105472K)->15420K(99328K)
[1367.399s][info ][gc,heap        ] GC(64) ParOldGen: 320761K(446976K)->320801K(446976K)
[1367.399s][info ][gc,metaspace   ] GC(64) Metaspace: 78880K(79744K)->78880K(79744K) NonClass: 67619K(68096K)->67619K(68096K) Class: 11260K(11648K)->11260K(11648K)
[1367.399s][info ][gc             ] GC(64) Pause Young (Allocation Failure) 2176M->328M(2381M) 7.786ms
[1367.399s][info ][gc,cpu         ] GC(64) User=0.02s Sys=0.00s Real=0.00s
[1367.399s][info ][safepoint      ] Safepoint "ParallelGCFailedAllocation", Time since last: 2692796487 ns, Reaching safepoint: 28201 ns, At safepoint: 7852044 ns, Total: 7880245 ns
[1370.400s][info ][safepoint      ] Safepoint "Cleanup", Time since last: 3000203839 ns, Reaching safepoint: 41301 ns, At safepoint: 2500 ns, Total: 43801 ns
[1373.400s][info ][safepoint      ] Safepoint "Cleanup", Time since last: 3000236625 ns, Reaching safepoint: 38700 ns, At safepoint: 3500 ns, Total: 42200 ns
[1382.400s][info ][safepoint      ] Safepoint "Cleanup", Time since last: 9000618948 ns, Reaching safepoint: 46001 ns, At safepoint: 4100 ns, Total: 50101 ns
[1390.694s][info ][gc,start       ] GC(65) Pause Young (Allocation Failure)
[1390.703s][debug][gc,phases      ] GC(65) Scavenge 9.322ms
[1390.703s][debug][gc,ref         ] GC(65) Skipped phase 1 of Reference Processing: no references
[1390.703s][debug][gc,ref         ] GC(65) ReferenceProcessor::execute queues: 1, RefProcThreadModel::Single, marks_oops_alive: false
[1390.703s][debug][gc,ref         ] GC(65) ReferenceProcessor::execute queues: 4, RefProcThreadModel::Multi, marks_oops_alive: true
[1390.703s][debug][gc,ref         ] GC(65) ReferenceProcessor::execute queues: 1, RefProcThreadModel::Single, marks_oops_alive: false
[1390.703s][debug][gc,phases      ] GC(65) Reference Processing 0.171ms
[1390.703s][debug][gc,phases      ] GC(65)   VM Weak                        Min:  0.0, Avg:  0.0, Max:  0.0, Diff:  0.0, Sum:  0.0, Workers: 4
[1390.703s][debug][gc,phases      ] GC(65)     Dead                           Min: 0, Avg:  0.0, Max: 0, Diff: 0, Sum: 0, Workers: 4
[1390.703s][debug][gc,phases      ] GC(65)     Total                          Min: 0, Avg: 179.5, Max: 462, Diff: 462, Sum: 718, Workers: 4
[1390.703s][debug][gc,phases      ] GC(65)   ObjectSynchronizer Weak        Min:  0.0, Avg:  0.0, Max:  0.0, Diff:  0.0, Sum:  0.0, Workers: 4
[1390.703s][debug][gc,phases      ] GC(65)     Dead                           Min: 0, Avg:  0.0, Max: 0, Diff: 0, Sum: 0, Workers: 4
[1390.703s][debug][gc,phases      ] GC(65)     Total                          Min: 0, Avg:  7.2, Max: 29, Diff: 29, Sum: 29, Workers: 4
[1390.703s][debug][gc,phases      ] GC(65)   JVMTI Tag Weak OopStorage      Min:  0.0, Avg:  0.0, Max:  0.0, Diff:  0.0, Sum:  0.0, Workers: 4
[1390.703s][debug][gc,phases      ] GC(65)     Dead                           Min: 0, Avg:  0.0, Max: 0, Diff: 0, Sum: 0, Workers: 4
[1390.703s][debug][gc,phases      ] GC(65)     Total                          Min: 0, Avg:  0.0, Max: 0, Diff: 0, Sum: 0, Workers: 4
[1390.703s][debug][gc,phases      ] GC(65)   StringTable Weak               Min:  0.0, Avg:  0.1, Max:  0.1, Diff:  0.1, Sum:  0.3, Workers: 4
[1390.703s][debug][gc,phases      ] GC(65)     Dead                           Min: 0, Avg:  0.0, Max: 0, Diff: 0, Sum: 0, Workers: 4
[1390.703s][debug][gc,phases      ] GC(65)     Total                          Min: 0, Avg: 10764.2, Max: 18814, Diff: 18814, Sum: 43057, Workers: 4
[1390.703s][debug][gc,phases      ] GC(65)   ResolvedMethodTable Weak       Min:  0.0, Avg:  0.0, Max:  0.0, Diff:  0.0, Sum:  0.1, Workers: 4
[1390.704s][debug][gc,phases      ] GC(65)     Dead                           Min: 0, Avg:  0.0, Max: 0, Diff: 0, Sum: 0, Workers: 4
[1390.704s][debug][gc,phases      ] GC(65)     Total                          Min: 0, Avg: 2132.8, Max: 3520, Diff: 3520, Sum: 8531, Workers: 4
[1390.704s][debug][gc,phases      ] GC(65)   JNI Weak                       Min:  0.0, Avg:  0.0, Max:  0.0, Diff:  0.0, Sum:  0.0, Workers: 4
[1390.704s][debug][gc,phases      ] GC(65)     Dead                           Min: 0, Avg:  0.0, Max: 0, Diff: 0, Sum: 0, Workers: 4
[1390.704s][debug][gc,phases      ] GC(65)     Total                          Min: 0, Avg: 11.2, Max: 45, Diff: 45, Sum: 45, Workers: 4
[1390.704s][debug][gc,phases      ] GC(65)   StringDedup Table Weak         Min:  0.0, Avg:  0.0, Max:  0.0, Diff:  0.0, Sum:  0.0, Workers: 4
[1390.704s][debug][gc,phases      ] GC(65)     Dead                           Min: 0, Avg:  0.0, Max: 0, Diff: 0, Sum: 0, Workers: 4
[1390.704s][debug][gc,phases      ] GC(65)     Total                          Min: 0, Avg:  0.0, Max: 0, Diff: 0, Sum: 0, Workers: 4
[1390.704s][debug][gc,phases      ] GC(65)   StringDedup Requests0 Weak     Min:  0.0, Avg:  0.0, Max:  0.0, Diff:  0.0, Sum:  0.0, Workers: 4
[1390.704s][debug][gc,phases      ] GC(65)     Dead                           Min: 0, Avg:  0.0, Max: 0, Diff: 0, Sum: 0, Workers: 4
[1390.704s][debug][gc,phases      ] GC(65)     Total                          Min: 0, Avg:  0.0, Max: 0, Diff: 0, Sum: 0, Workers: 4
[1390.704s][debug][gc,phases      ] GC(65)   StringDedup Requests1 Weak     Min:  0.0, Avg:  0.0, Max:  0.0, Diff:  0.0, Sum:  0.0, Workers: 4
[1390.704s][debug][gc,phases      ] GC(65)     Dead                           Min: 0, Avg:  0.0, Max: 0, Diff: 0, Sum: 0, Workers: 4
[1390.704s][debug][gc,phases      ] GC(65)     Total                          Min: 0, Avg:  0.0, Max: 0, Diff: 0, Sum: 0, Workers: 4
[1390.704s][debug][gc,phases      ] GC(65)   Weak JFR Old Object Samples    Min:  0.0, Avg:  0.0, Max:  0.0, Diff:  0.0, Sum:  0.0, Workers: 4
[1390.704s][debug][gc,phases      ] GC(65)     Dead                           Min: 0, Avg:  0.0, Max: 0, Diff: 0, Sum: 0, Workers: 4
[1390.704s][debug][gc,phases      ] GC(65)     Total                          Min: 0, Avg:  0.0, Max: 0, Diff: 0, Sum: 0, Workers: 4
[1390.704s][debug][gc,phases      ] GC(65) Weak Processing 0.295ms
[1390.704s][debug][gc,age         ] GC(65) Desired survivor size 91226112 bytes, new threshold 15 (max threshold 15)
[1390.704s][info ][gc,heap        ] GC(65) PSYoungGen: 1907772K(1991680K)->8640K(2008064K) Eden: 1892352K(1892352K)->0K(1914368K) From: 15420K(99328K)->8640K(93696K)
[1390.704s][info ][gc,heap        ] GC(65) ParOldGen: 320801K(446976K)->327654K(446976K)
[1390.704s][info ][gc,metaspace   ] GC(65) Metaspace: 78886K(79808K)->78886K(79808K) NonClass: 67625K(68160K)->67625K(68160K) Class: 11260K(11648K)->11260K(11648K)
[1390.704s][info ][gc             ] GC(65) Pause Young (Allocation Failure) 2176M->328M(2397M) 9.911ms
[1390.704s][info ][gc,cpu         ] GC(65) User=0.02s Sys=0.00s Real=0.01s
[1390.704s][info ][safepoint      ] Safepoint "ParallelGCFailedAllocation", Time since last: 8293131525 ns, Reaching safepoint: 33600 ns, At safepoint: 10007756 ns, Total: 10041356 ns
[1415.240s][info ][gc,start       ] GC(66) Pause Young (Allocation Failure)
[1415.248s][debug][gc,phases      ] GC(66) Scavenge 8.066ms
[1415.248s][debug][gc,ref         ] GC(66) Skipped phase 1 of Reference Processing: no references
[1415.248s][debug][gc,ref         ] GC(66) ReferenceProcessor::execute queues: 1, RefProcThreadModel::Single, marks_oops_alive: false
[1415.248s][debug][gc,ref         ] GC(66) ReferenceProcessor::execute queues: 4, RefProcThreadModel::Multi, marks_oops_alive: true
[1415.249s][debug][gc,ref         ] GC(66) ReferenceProcessor::execute queues: 1, RefProcThreadModel::Single, marks_oops_alive: false
[1415.249s][debug][gc,phases      ] GC(66) Reference Processing 0.787ms
[1415.249s][debug][gc,phases      ] GC(66)   VM Weak                        Min:  0.0, Avg:  0.0, Max:  0.0, Diff:  0.0, Sum:  0.0, Workers: 4
[1415.249s][debug][gc,phases      ] GC(66)     Dead                           Min: 0, Avg:  0.0, Max: 0, Diff: 0, Sum: 0, Workers: 4
[1415.249s][debug][gc,phases      ] GC(66)     Total                          Min: 0, Avg: 179.5, Max: 654, Diff: 654, Sum: 718, Workers: 4
[1415.249s][debug][gc,phases      ] GC(66)   ObjectSynchronizer Weak        Min:  0.0, Avg:  0.0, Max:  0.0, Diff:  0.0, Sum:  0.0, Workers: 4
[1415.249s][debug][gc,phases      ] GC(66)     Dead                           Min: 0, Avg:  0.0, Max: 0, Diff: 0, Sum: 0, Workers: 4
[1415.249s][debug][gc,phases      ] GC(66)     Total                          Min: 0, Avg:  7.2, Max: 29, Diff: 29, Sum: 29, Workers: 4
[1415.249s][debug][gc,phases      ] GC(66)   JVMTI Tag Weak OopStorage      Min:  0.0, Avg:  0.0, Max:  0.0, Diff:  0.0, Sum:  0.0, Workers: 4
[1415.249s][debug][gc,phases      ] GC(66)     Dead                           Min: 0, Avg:  0.0, Max: 0, Diff: 0, Sum: 0, Workers: 4
[1415.249s][debug][gc,phases      ] GC(66)     Total                          Min: 0, Avg:  0.0, Max: 0, Diff: 0, Sum: 0, Workers: 4
[1415.249s][debug][gc,phases      ] GC(66)   StringTable Weak               Min:  0.0, Avg:  0.1, Max:  0.2, Diff:  0.2, Sum:  0.3, Workers: 4
[1415.249s][debug][gc,phases      ] GC(66)     Dead                           Min: 0, Avg:  0.0, Max: 0, Diff: 0, Sum: 0, Workers: 4
[1415.249s][debug][gc,phases      ] GC(66)     Total                          Min: 0, Avg: 10764.2, Max: 26560, Diff: 26560, Sum: 43057, Workers: 4
[1415.249s][debug][gc,phases      ] GC(66)   ResolvedMethodTable Weak       Min:  0.0, Avg:  0.0, Max:  0.0, Diff:  0.0, Sum:  0.1, Workers: 4
[1415.249s][debug][gc,phases      ] GC(66)     Dead                           Min: 0, Avg:  0.0, Max: 0, Diff: 0, Sum: 0, Workers: 4
[1415.249s][debug][gc,phases      ] GC(66)     Total                          Min: 0, Avg: 2132.8, Max: 5120, Diff: 5120, Sum: 8531, Workers: 4
[1415.249s][debug][gc,phases      ] GC(66)   JNI Weak                       Min:  0.0, Avg:  0.0, Max:  0.0, Diff:  0.0, Sum:  0.0, Workers: 4
[1415.249s][debug][gc,phases      ] GC(66)     Dead                           Min: 0, Avg:  0.0, Max: 0, Diff: 0, Sum: 0, Workers: 4
[1415.249s][debug][gc,phases      ] GC(66)     Total                          Min: 0, Avg: 11.2, Max: 45, Diff: 45, Sum: 45, Workers: 4
[1415.249s][debug][gc,phases      ] GC(66)   StringDedup Table Weak         Min:  0.0, Avg:  0.0, Max:  0.0, Diff:  0.0, Sum:  0.0, Workers: 4
[1415.249s][debug][gc,phases      ] GC(66)     Dead                           Min: 0, Avg:  0.0, Max: 0, Diff: 0, Sum: 0, Workers: 4
[1415.249s][debug][gc,phases      ] GC(66)     Total                          Min: 0, Avg:  0.0, Max: 0, Diff: 0, Sum: 0, Workers: 4
[1415.249s][debug][gc,phases      ] GC(66)   StringDedup Requests0 Weak     Min:  0.0, Avg:  0.0, Max:  0.0, Diff:  0.0, Sum:  0.0, Workers: 4
[1415.249s][debug][gc,phases      ] GC(66)     Dead                           Min: 0, Avg:  0.0, Max: 0, Diff: 0, Sum: 0, Workers: 4
[1415.249s][debug][gc,phases      ] GC(66)     Total                          Min: 0, Avg:  0.0, Max: 0, Diff: 0, Sum: 0, Workers: 4
[1415.249s][debug][gc,phases      ] GC(66)   StringDedup Requests1 Weak     Min:  0.0, Avg:  0.0, Max:  0.0, Diff:  0.0, Sum:  0.0, Workers: 4
[1415.249s][debug][gc,phases      ] GC(66)     Dead                           Min: 0, Avg:  0.0, Max: 0, Diff: 0, Sum: 0, Workers: 4
[1415.249s][debug][gc,phases      ] GC(66)     Total                          Min: 0, Avg:  0.0, Max: 0, Diff: 0, Sum: 0, Workers: 4
[1415.249s][debug][gc,phases      ] GC(66)   Weak JFR Old Object Samples    Min:  0.0, Avg:  0.0, Max:  0.0, Diff:  0.0, Sum:  0.0, Workers: 4
[1415.249s][debug][gc,phases      ] GC(66)     Dead                           Min: 0, Avg:  0.0, Max: 0, Diff: 0, Sum: 0, Workers: 4
[1415.249s][debug][gc,phases      ] GC(66)     Total                          Min: 0, Avg:  0.0, Max: 0, Diff: 0, Sum: 0, Workers: 4
[1415.249s][debug][gc,phases      ] GC(66) Weak Processing 0.354ms
[1415.249s][debug][gc,age         ] GC(66) Desired survivor size 88080384 bytes, new threshold 15 (max threshold 15)
[1415.249s][info ][gc,heap        ] GC(66) PSYoungGen: 1923008K(2008064K)->1520K(2003456K) Eden: 1914368K(1914368K)->0K(1914368K) From: 8640K(93696K)->1520K(89088K)
[1415.249s][info ][gc,heap        ] GC(66) ParOldGen: 327654K(446976K)->335098K(446976K)
[1415.249s][info ][gc,metaspace   ] GC(66) Metaspace: 78887K(79808K)->78887K(79808K) NonClass: 67626K(68160K)->67626K(68160K) Class: 11260K(11648K)->11260K(11648K)
[1415.249s][info ][gc             ] GC(66) Pause Young (Allocation Failure) 2197M->328M(2393M) 9.344ms
[1415.249s][info ][gc,cpu         ] GC(66) User=0.02s Sys=0.00s Real=0.01s
[1415.249s][info ][safepoint      ] Safepoint "ParallelGCFailedAllocation", Time since last: 24536276272 ns, Reaching safepoint: 41300 ns, At safepoint: 9420449 ns, Total: 9461749 ns
[1416.250s][info ][safepoint      ] Safepoint "Cleanup", Time since last: 1000088207 ns, Reaching safepoint: 40900 ns, At safepoint: 2800 ns, Total: 43700 ns
[1421.250s][info ][safepoint      ] Safepoint "Cleanup", Time since last: 5000380437 ns, Reaching safepoint: 35300 ns, At safepoint: 2200 ns, Total: 37500 ns
[1428.250s][info ][safepoint      ] Safepoint "Cleanup", Time since last: 7000501111 ns, Reaching safepoint: 38700 ns, At safepoint: 2900 ns, Total: 41600 ns
[1429.251s][info ][safepoint      ] Safepoint "Cleanup", Time since last: 1000116461 ns, Reaching safepoint: 42300 ns, At safepoint: 5300 ns, Total: 47600 ns
[1430.251s][info ][safepoint      ] Safepoint "Cleanup", Time since last: 1000106993 ns, Reaching safepoint: 36600 ns, At safepoint: 24301 ns, Total: 60901 ns
[1431.251s][info ][safepoint      ] Safepoint "Cleanup", Time since last: 1000102993 ns, Reaching safepoint: 35100 ns, At safepoint: 2700 ns, Total: 37800 ns
[1434.251s][info ][safepoint      ] Safepoint "Cleanup", Time since last: 3000228979 ns, Reaching safepoint: 33201 ns, At safepoint: 2800 ns, Total: 36001 ns
[1435.252s][info ][safepoint      ] Safepoint "Cleanup", Time since last: 1000275394 ns, Reaching safepoint: 39100 ns, At safepoint: 2500 ns, Total: 41600 ns
[1438.252s][info ][safepoint      ] Safepoint "Cleanup", Time since last: 3000233253 ns, Reaching safepoint: 40300 ns, At safepoint: 2300 ns, Total: 42600 ns
[1439.194s][info ][gc,start       ] GC(67) Pause Young (Allocation Failure)
[1439.197s][debug][gc,phases      ] GC(67) Scavenge 3.656ms
[1439.197s][debug][gc,ref         ] GC(67) Skipped phase 1 of Reference Processing: no references
[1439.197s][debug][gc,ref         ] GC(67) ReferenceProcessor::execute queues: 1, RefProcThreadModel::Single, marks_oops_alive: false
[1439.197s][debug][gc,ref         ] GC(67) ReferenceProcessor::execute queues: 4, RefProcThreadModel::Multi, marks_oops_alive: true
[1439.197s][debug][gc,ref         ] GC(67) ReferenceProcessor::execute queues: 1, RefProcThreadModel::Single, marks_oops_alive: false
[1439.197s][debug][gc,phases      ] GC(67) Reference Processing 0.152ms
[1439.198s][debug][gc,phases      ] GC(67)   VM Weak                        Min:  0.0, Avg:  0.0, Max:  0.0, Diff:  0.0, Sum:  0.0, Workers: 4
[1439.198s][debug][gc,phases      ] GC(67)     Dead                           Min: 0, Avg:  0.0, Max: 0, Diff: 0, Sum: 0, Workers: 4
[1439.198s][debug][gc,phases      ] GC(67)     Total                          Min: 0, Avg: 179.8, Max: 527, Diff: 527, Sum: 719, Workers: 4
[1439.198s][debug][gc,phases      ] GC(67)   ObjectSynchronizer Weak        Min:  0.0, Avg:  0.0, Max:  0.0, Diff:  0.0, Sum:  0.0, Workers: 4
[1439.198s][debug][gc,phases      ] GC(67)     Dead                           Min: 0, Avg:  0.0, Max: 0, Diff: 0, Sum: 0, Workers: 4
[1439.198s][debug][gc,phases      ] GC(67)     Total                          Min: 0, Avg:  7.2, Max: 29, Diff: 29, Sum: 29, Workers: 4
[1439.198s][debug][gc,phases      ] GC(67)   JVMTI Tag Weak OopStorage      Min:  0.0, Avg:  0.0, Max:  0.0, Diff:  0.0, Sum:  0.0, Workers: 4
[1439.198s][debug][gc,phases      ] GC(67)     Dead                           Min: 0, Avg:  0.0, Max: 0, Diff: 0, Sum: 0, Workers: 4
[1439.198s][debug][gc,phases      ] GC(67)     Total                          Min: 0, Avg:  0.0, Max: 0, Diff: 0, Sum: 0, Workers: 4
[1439.198s][debug][gc,phases      ] GC(67)   StringTable Weak               Min:  0.0, Avg:  0.1, Max:  0.1, Diff:  0.1, Sum:  0.4, Workers: 4
[1439.198s][debug][gc,phases      ] GC(67)     Dead                           Min: 0, Avg:  0.0, Max: 0, Diff: 0, Sum: 0, Workers: 4
[1439.198s][debug][gc,phases      ] GC(67)     Total                          Min: 0, Avg: 10766.2, Max: 14715, Diff: 14715, Sum: 43065, Workers: 4
[1439.198s][debug][gc,phases      ] GC(67)   ResolvedMethodTable Weak       Min:  0.0, Avg:  0.0, Max:  0.0, Diff:  0.0, Sum:  0.1, Workers: 4
[1439.198s][debug][gc,phases      ] GC(67)     Dead                           Min: 0, Avg:  0.0, Max: 0, Diff: 0, Sum: 0, Workers: 4
[1439.198s][debug][gc,phases      ] GC(67)     Total                          Min: 0, Avg: 2132.8, Max: 3008, Diff: 3008, Sum: 8531, Workers: 4
[1439.198s][debug][gc,phases      ] GC(67)   JNI Weak                       Min:  0.0, Avg:  0.0, Max:  0.0, Diff:  0.0, Sum:  0.0, Workers: 4
[1439.198s][debug][gc,phases      ] GC(67)     Dead                           Min: 0, Avg:  0.0, Max: 0, Diff: 0, Sum: 0, Workers: 4
[1439.198s][debug][gc,phases      ] GC(67)     Total                          Min: 0, Avg: 11.2, Max: 45, Diff: 45, Sum: 45, Workers: 4
[1439.198s][debug][gc,phases      ] GC(67)   StringDedup Table Weak         Min:  0.0, Avg:  0.0, Max:  0.0, Diff:  0.0, Sum:  0.0, Workers: 4
[1439.198s][debug][gc,phases      ] GC(67)     Dead                           Min: 0, Avg:  0.0, Max: 0, Diff: 0, Sum: 0, Workers: 4
[1439.198s][debug][gc,phases      ] GC(67)     Total                          Min: 0, Avg:  0.0, Max: 0, Diff: 0, Sum: 0, Workers: 4
[1439.198s][debug][gc,phases      ] GC(67)   StringDedup Requests0 Weak     Min:  0.0, Avg:  0.0, Max:  0.0, Diff:  0.0, Sum:  0.0, Workers: 4
[1439.198s][debug][gc,phases      ] GC(67)     Dead                           Min: 0, Avg:  0.0, Max: 0, Diff: 0, Sum: 0, Workers: 4
[1439.198s][debug][gc,phases      ] GC(67)     Total                          Min: 0, Avg:  0.0, Max: 0, Diff: 0, Sum: 0, Workers: 4
[1439.198s][debug][gc,phases      ] GC(67)   StringDedup Requests1 Weak     Min:  0.0, Avg:  0.0, Max:  0.0, Diff:  0.0, Sum:  0.0, Workers: 4
[1439.198s][debug][gc,phases      ] GC(67)     Dead                           Min: 0, Avg:  0.0, Max: 0, Diff: 0, Sum: 0, Workers: 4
[1439.198s][debug][gc,phases      ] GC(67)     Total                          Min: 0, Avg:  0.0, Max: 0, Diff: 0, Sum: 0, Workers: 4
[1439.198s][debug][gc,phases      ] GC(67)   Weak JFR Old Object Samples    Min:  0.0, Avg:  0.0, Max:  0.0, Diff:  0.0, Sum:  0.0, Workers: 4
[1439.198s][debug][gc,phases      ] GC(67)     Dead                           Min: 0, Avg:  0.0, Max: 0, Diff: 0, Sum: 0, Workers: 4
[1439.198s][debug][gc,phases      ] GC(67)     Total                          Min: 0, Avg:  0.0, Max: 0, Diff: 0, Sum: 0, Workers: 4
[1439.198s][debug][gc,phases      ] GC(67) Weak Processing 0.403ms
[1439.198s][debug][gc,age         ] GC(67) Desired survivor size 84410368 bytes, new threshold 15 (max threshold 15)
[1439.198s][info ][gc,heap        ] GC(67) PSYoungGen: 1915888K(2003456K)->1520K(2014720K) Eden: 1914368K(1914368K)->0K(1928704K) From: 1520K(89088K)->1520K(86016K)
[1439.198s][info ][gc,heap        ] GC(67) ParOldGen: 335098K(446976K)->335162K(446976K)
[1439.198s][info ][gc,metaspace   ] GC(67) Metaspace: 78909K(79808K)->78909K(79808K) NonClass: 67648K(68160K)->67648K(68160K) Class: 11261K(11648K)->11261K(11648K)
[1439.198s][info ][gc             ] GC(67) Pause Young (Allocation Failure) 2198M->328M(2404M) 4.322ms
[1439.198s][info ][gc,cpu         ] GC(67) User=0.01s Sys=0.00s Real=0.00s
[1439.198s][info ][safepoint      ] Safepoint "ParallelGCFailedAllocation", Time since last: 941558403 ns, Reaching safepoint: 100301 ns, At safepoint: 4402929 ns, Total: 4503230 ns
[1446.198s][info ][safepoint      ] Safepoint "Cleanup", Time since last: 7000512491 ns, Reaching safepoint: 56701 ns, At safepoint: 4800 ns, Total: 61501 ns
[1449.199s][info ][safepoint      ] Safepoint "Cleanup", Time since last: 3000264953 ns, Reaching safepoint: 47700 ns, At safepoint: 3300 ns, Total: 51000 ns
[1451.199s][info ][safepoint      ] Safepoint "Cleanup", Time since last: 2000168485 ns, Reaching safepoint: 40500 ns, At safepoint: 2800 ns, Total: 43300 ns
[1456.199s][info ][safepoint      ] Safepoint "Cleanup", Time since last: 5000344229 ns, Reaching safepoint: 44700 ns, At safepoint: 3400 ns, Total: 48100 ns
[1459.200s][info ][safepoint      ] Safepoint "Cleanup", Time since last: 3000247365 ns, Reaching safepoint: 42800 ns, At safepoint: 6000 ns, Total: 48800 ns
[1460.200s][info ][safepoint      ] Safepoint "Cleanup", Time since last: 1000116222 ns, Reaching safepoint: 40600 ns, At safepoint: 2600 ns, Total: 43200 ns
[1462.200s][info ][safepoint      ] Safepoint "Cleanup", Time since last: 2000185938 ns, Reaching safepoint: 41700 ns, At safepoint: 20500 ns, Total: 62200 ns
[1463.692s][info ][gc,start       ] GC(68) Pause Young (Allocation Failure)
[1463.695s][debug][gc,phases      ] GC(68) Scavenge 2.937ms
[1463.695s][debug][gc,ref         ] GC(68) Skipped phase 1 of Reference Processing: no references
[1463.695s][debug][gc,ref         ] GC(68) ReferenceProcessor::execute queues: 1, RefProcThreadModel::Single, marks_oops_alive: false
[1463.695s][debug][gc,ref         ] GC(68) Skipped phase 3 of Reference Processing: no references
[1463.695s][debug][gc,ref         ] GC(68) ReferenceProcessor::execute queues: 1, RefProcThreadModel::Single, marks_oops_alive: false
[1463.695s][debug][gc,phases      ] GC(68) Reference Processing 0.131ms
[1463.695s][debug][gc,phases      ] GC(68)   VM Weak                        Min:  0.0, Avg:  0.0, Max:  0.0, Diff:  0.0, Sum:  0.0, Workers: 4
[1463.695s][debug][gc,phases      ] GC(68)     Dead                           Min: 0, Avg:  0.0, Max: 0, Diff: 0, Sum: 0, Workers: 4
[1463.695s][debug][gc,phases      ] GC(68)     Total                          Min: 0, Avg: 179.8, Max: 655, Diff: 655, Sum: 719, Workers: 4
[1463.695s][debug][gc,phases      ] GC(68)   ObjectSynchronizer Weak        Min:  0.0, Avg:  0.0, Max:  0.0, Diff:  0.0, Sum:  0.0, Workers: 4
[1463.695s][debug][gc,phases      ] GC(68)     Dead                           Min: 0, Avg:  0.0, Max: 0, Diff: 0, Sum: 0, Workers: 4
[1463.695s][debug][gc,phases      ] GC(68)     Total                          Min: 0, Avg:  7.2, Max: 29, Diff: 29, Sum: 29, Workers: 4
[1463.695s][debug][gc,phases      ] GC(68)   JVMTI Tag Weak OopStorage      Min:  0.0, Avg:  0.0, Max:  0.0, Diff:  0.0, Sum:  0.0, Workers: 4
[1463.695s][debug][gc,phases      ] GC(68)     Dead                           Min: 0, Avg:  0.0, Max: 0, Diff: 0, Sum: 0, Workers: 4
[1463.695s][debug][gc,phases      ] GC(68)     Total                          Min: 0, Avg:  0.0, Max: 0, Diff: 0, Sum: 0, Workers: 4
[1463.695s][debug][gc,phases      ] GC(68)   StringTable Weak               Min:  0.0, Avg:  0.1, Max:  0.2, Diff:  0.2, Sum:  0.4, Workers: 4
[1463.696s][debug][gc,phases      ] GC(68)     Dead                           Min: 0, Avg:  0.2, Max: 1, Diff: 1, Sum: 1, Workers: 4
[1463.696s][debug][gc,phases      ] GC(68)     Total                          Min: 0, Avg: 10767.8, Max: 22656, Diff: 22656, Sum: 43071, Workers: 4
[1463.696s][debug][gc,phases      ] GC(68)   ResolvedMethodTable Weak       Min:  0.0, Avg:  0.0, Max:  0.0, Diff:  0.0, Sum:  0.1, Workers: 4
[1463.696s][debug][gc,phases      ] GC(68)     Dead                           Min: 0, Avg:  0.0, Max: 0, Diff: 0, Sum: 0, Workers: 4
[1463.696s][debug][gc,phases      ] GC(68)     Total                          Min: 0, Avg: 2134.0, Max: 4440, Diff: 4440, Sum: 8536, Workers: 4
[1463.696s][debug][gc,phases      ] GC(68)   JNI Weak                       Min:  0.0, Avg:  0.0, Max:  0.0, Diff:  0.0, Sum:  0.0, Workers: 4
[1463.696s][debug][gc,phases      ] GC(68)     Dead                           Min: 0, Avg:  0.0, Max: 0, Diff: 0, Sum: 0, Workers: 4
[1463.696s][debug][gc,phases      ] GC(68)     Total                          Min: 0, Avg: 11.2, Max: 45, Diff: 45, Sum: 45, Workers: 4
[1463.696s][debug][gc,phases      ] GC(68)   StringDedup Table Weak         Min:  0.0, Avg:  0.0, Max:  0.0, Diff:  0.0, Sum:  0.0, Workers: 4
[1463.696s][debug][gc,phases      ] GC(68)     Dead                           Min: 0, Avg:  0.0, Max: 0, Diff: 0, Sum: 0, Workers: 4
[1463.696s][debug][gc,phases      ] GC(68)     Total                          Min: 0, Avg:  0.0, Max: 0, Diff: 0, Sum: 0, Workers: 4
[1463.696s][debug][gc,phases      ] GC(68)   StringDedup Requests0 Weak     Min:  0.0, Avg:  0.0, Max:  0.0, Diff:  0.0, Sum:  0.0, Workers: 4
[1463.696s][debug][gc,phases      ] GC(68)     Dead                           Min: 0, Avg:  0.0, Max: 0, Diff: 0, Sum: 0, Workers: 4
[1463.696s][debug][gc,phases      ] GC(68)     Total                          Min: 0, Avg:  0.0, Max: 0, Diff: 0, Sum: 0, Workers: 4
[1463.696s][debug][gc,phases      ] GC(68)   StringDedup Requests1 Weak     Min:  0.0, Avg:  0.0, Max:  0.0, Diff:  0.0, Sum:  0.0, Workers: 4
[1463.696s][debug][gc,phases      ] GC(68)     Dead                           Min: 0, Avg:  0.0, Max: 0, Diff: 0, Sum: 0, Workers: 4
[1463.696s][debug][gc,phases      ] GC(68)     Total                          Min: 0, Avg:  0.0, Max: 0, Diff: 0, Sum: 0, Workers: 4
[1463.696s][debug][gc,phases      ] GC(68)   Weak JFR Old Object Samples    Min:  0.0, Avg:  0.0, Max:  0.0, Diff:  0.0, Sum:  0.0, Workers: 4
[1463.696s][debug][gc,phases      ] GC(68)     Dead                           Min: 0, Avg:  0.0, Max: 0, Diff: 0, Sum: 0, Workers: 4
[1463.696s][debug][gc,phases      ] GC(68)     Total                          Min: 0, Avg:  0.0, Max: 0, Diff: 0, Sum: 0, Workers: 4
[1463.696s][debug][gc,phases      ] GC(68) Weak Processing 0.544ms
[1463.696s][debug][gc,age         ] GC(68) Desired survivor size 80740352 bytes, new threshold 15 (max threshold 15)
[1463.696s][info ][gc,heap        ] GC(68) PSYoungGen: 1930224K(2014720K)->1232K(2011136K) Eden: 1928704K(1928704K)->0K(1928704K) From: 1520K(86016K)->1232K(82432K)
[1463.696s][info ][gc,heap        ] GC(68) ParOldGen: 335162K(446976K)->335418K(446976K)
[1463.696s][info ][gc,metaspace   ] GC(68) Metaspace: 78926K(79808K)->78926K(79808K) NonClass: 67661K(68160K)->67661K(68160K) Class: 11264K(11648K)->11264K(11648K)
[1463.696s][info ][gc             ] GC(68) Pause Young (Allocation Failure) 2212M->328M(2400M) 3.741ms
[1463.696s][info ][gc,cpu         ] GC(68) User=0.01s Sys=0.00s Real=0.00s
[1463.696s][info ][safepoint      ] Safepoint "ParallelGCFailedAllocation", Time since last: 1491849199 ns, Reaching safepoint: 30801 ns, At safepoint: 3817023 ns, Total: 3847824 ns
[1468.696s][info ][safepoint      ] Safepoint "Cleanup", Time since last: 5000358198 ns, Reaching safepoint: 58000 ns, At safepoint: 5700 ns, Total: 63700 ns
[1479.697s][info ][safepoint      ] Safepoint "Cleanup", Time since last: 11000723337 ns, Reaching safepoint: 40100 ns, At safepoint: 3900 ns, Total: 44000 ns
[1484.697s][info ][safepoint      ] Safepoint "Cleanup", Time since last: 5000372262 ns, Reaching safepoint: 44400 ns, At safepoint: 3000 ns, Total: 47400 ns
[1485.698s][info ][safepoint      ] Safepoint "Cleanup", Time since last: 1000117712 ns, Reaching safepoint: 39000 ns, At safepoint: 2900 ns, Total: 41900 ns
[1486.698s][info ][safepoint      ] Safepoint "Cleanup", Time since last: 1000112413 ns, Reaching safepoint: 45900 ns, At safepoint: 4200 ns, Total: 50100 ns
[1487.698s][info ][safepoint      ] Safepoint "Cleanup", Time since last: 1000083112 ns, Reaching safepoint: 43000 ns, At safepoint: 4100 ns, Total: 47100 ns
[1487.992s][info ][gc,start       ] GC(69) Pause Young (Allocation Failure)
[1487.996s][debug][gc,phases      ] GC(69) Scavenge 3.406ms
[1487.996s][debug][gc,ref         ] GC(69) Skipped phase 1 of Reference Processing: no references
[1487.996s][debug][gc,ref         ] GC(69) ReferenceProcessor::execute queues: 1, RefProcThreadModel::Single, marks_oops_alive: false
[1487.996s][debug][gc,ref         ] GC(69) ReferenceProcessor::execute queues: 4, RefProcThreadModel::Multi, marks_oops_alive: true
[1487.996s][debug][gc,ref         ] GC(69) ReferenceProcessor::execute queues: 1, RefProcThreadModel::Single, marks_oops_alive: false
[1487.996s][debug][gc,phases      ] GC(69) Reference Processing 0.179ms
[1487.996s][debug][gc,phases      ] GC(69)   VM Weak                        Min:  0.0, Avg:  0.0, Max:  0.0, Diff:  0.0, Sum:  0.0, Workers: 4
[1487.996s][debug][gc,phases      ] GC(69)     Dead                           Min: 0, Avg:  0.0, Max: 0, Diff: 0, Sum: 0, Workers: 4
[1487.996s][debug][gc,phases      ] GC(69)     Total                          Min: 0, Avg: 179.8, Max: 527, Diff: 527, Sum: 719, Workers: 4
[1487.996s][debug][gc,phases      ] GC(69)   ObjectSynchronizer Weak        Min:  0.0, Avg:  0.0, Max:  0.0, Diff:  0.0, Sum:  0.0, Workers: 4
[1487.996s][debug][gc,phases      ] GC(69)     Dead                           Min: 0, Avg:  0.0, Max: 0, Diff: 0, Sum: 0, Workers: 4
[1487.996s][debug][gc,phases      ] GC(69)     Total                          Min: 0, Avg:  7.8, Max: 31, Diff: 31, Sum: 31, Workers: 4
[1487.996s][debug][gc,phases      ] GC(69)   JVMTI Tag Weak OopStorage      Min:  0.0, Avg:  0.0, Max:  0.0, Diff:  0.0, Sum:  0.0, Workers: 4
[1487.996s][debug][gc,phases      ] GC(69)     Dead                           Min: 0, Avg:  0.0, Max: 0, Diff: 0, Sum: 0, Workers: 4
[1487.996s][debug][gc,phases      ] GC(69)     Total                          Min: 0, Avg:  0.0, Max: 0, Diff: 0, Sum: 0, Workers: 4
[1487.996s][debug][gc,phases      ] GC(69)   StringTable Weak               Min:  0.0, Avg:  0.1, Max:  0.2, Diff:  0.2, Sum:  0.4, Workers: 4
[1487.996s][debug][gc,phases      ] GC(69)     Dead                           Min: 0, Avg:  0.0, Max: 0, Diff: 0, Sum: 0, Workers: 4
[1487.996s][debug][gc,phases      ] GC(69)     Total                          Min: 0, Avg: 10768.8, Max: 21632, Diff: 21632, Sum: 43075, Workers: 4
[1487.996s][debug][gc,phases      ] GC(69)   ResolvedMethodTable Weak       Min:  0.0, Avg:  0.0, Max:  0.0, Diff:  0.0, Sum:  0.1, Workers: 4
[1487.996s][debug][gc,phases      ] GC(69)     Dead                           Min: 0, Avg:  0.0, Max: 0, Diff: 0, Sum: 0, Workers: 4
[1487.996s][debug][gc,phases      ] GC(69)     Total                          Min: 0, Avg: 2135.2, Max: 4288, Diff: 4288, Sum: 8541, Workers: 4
[1487.996s][debug][gc,phases      ] GC(69)   JNI Weak                       Min:  0.0, Avg:  0.0, Max:  0.0, Diff:  0.0, Sum:  0.0, Workers: 4
[1487.996s][debug][gc,phases      ] GC(69)     Dead                           Min: 0, Avg:  0.0, Max: 0, Diff: 0, Sum: 0, Workers: 4
[1487.996s][debug][gc,phases      ] GC(69)     Total                          Min: 0, Avg: 11.2, Max: 45, Diff: 45, Sum: 45, Workers: 4
[1487.996s][debug][gc,phases      ] GC(69)   StringDedup Table Weak         Min:  0.0, Avg:  0.0, Max:  0.0, Diff:  0.0, Sum:  0.0, Workers: 4
[1487.996s][debug][gc,phases      ] GC(69)     Dead                           Min: 0, Avg:  0.0, Max: 0, Diff: 0, Sum: 0, Workers: 4
[1487.996s][debug][gc,phases      ] GC(69)     Total                          Min: 0, Avg:  0.0, Max: 0, Diff: 0, Sum: 0, Workers: 4
[1487.996s][debug][gc,phases      ] GC(69)   StringDedup Requests0 Weak     Min:  0.0, Avg:  0.0, Max:  0.0, Diff:  0.0, Sum:  0.0, Workers: 4
[1487.996s][debug][gc,phases      ] GC(69)     Dead                           Min: 0, Avg:  0.0, Max: 0, Diff: 0, Sum: 0, Workers: 4
[1487.996s][debug][gc,phases      ] GC(69)     Total                          Min: 0, Avg:  0.0, Max: 0, Diff: 0, Sum: 0, Workers: 4
[1487.996s][debug][gc,phases      ] GC(69)   StringDedup Requests1 Weak     Min:  0.0, Avg:  0.0, Max:  0.0, Diff:  0.0, Sum:  0.0, Workers: 4
[1487.996s][debug][gc,phases      ] GC(69)     Dead                           Min: 0, Avg:  0.0, Max: 0, Diff: 0, Sum: 0, Workers: 4
[1487.996s][debug][gc,phases      ] GC(69)     Total                          Min: 0, Avg:  0.0, Max: 0, Diff: 0, Sum: 0, Workers: 4
[1487.996s][debug][gc,phases      ] GC(69)   Weak JFR Old Object Samples    Min:  0.0, Avg:  0.0, Max:  0.0, Diff:  0.0, Sum:  0.0, Workers: 4
[1487.996s][debug][gc,phases      ] GC(69)     Dead                           Min: 0, Avg:  0.0, Max: 0, Diff: 0, Sum: 0, Workers: 4
[1487.996s][debug][gc,phases      ] GC(69)     Total                          Min: 0, Avg:  0.0, Max: 0, Diff: 0, Sum: 0, Workers: 4
[1487.996s][debug][gc,phases      ] GC(69) Weak Processing 0.505ms
[1487.996s][debug][gc,age         ] GC(69) Desired survivor size 77070336 bytes, new threshold 15 (max threshold 15)
[1487.997s][info ][gc,heap        ] GC(69) PSYoungGen: 1929936K(2011136K)->1264K(2021888K) Eden: 1928704K(1928704K)->0K(1943040K) From: 1232K(82432K)->1264K(78848K)
[1487.997s][info ][gc,heap        ] GC(69) ParOldGen: 335418K(446976K)->335442K(446976K)
[1487.997s][info ][gc,metaspace   ] GC(69) Metaspace: 78986K(79872K)->78986K(79872K) NonClass: 67719K(68224K)->67719K(68224K) Class: 11266K(11648K)->11266K(11648K)
[1487.997s][info ][gc             ] GC(69) Pause Young (Allocation Failure) 2212M->328M(2411M) 4.200ms
[1487.997s][info ][gc,cpu         ] GC(69) User=0.01s Sys=0.00s Real=0.00s
[1487.997s][info ][safepoint      ] Safepoint "ParallelGCFailedAllocation", Time since last: 294439470 ns, Reaching safepoint: 30301 ns, At safepoint: 4273525 ns, Total: 4303826 ns
[1492.997s][info ][safepoint      ] Safepoint "Cleanup", Time since last: 5000359760 ns, Reaching safepoint: 35701 ns, At safepoint: 2500 ns, Total: 38201 ns
[1495.997s][info ][safepoint      ] Safepoint "Cleanup", Time since last: 3000248957 ns, Reaching safepoint: 36600 ns, At safepoint: 3000 ns, Total: 39600 ns
[1500.998s][info ][safepoint      ] Safepoint "Cleanup", Time since last: 5000398851 ns, Reaching safepoint: 39201 ns, At safepoint: 3500 ns, Total: 42701 ns
[1507.998s][info ][safepoint      ] Safepoint "Cleanup", Time since last: 7000469683 ns, Reaching safepoint: 35901 ns, At safepoint: 2100 ns, Total: 38001 ns
[1511.999s][info ][safepoint      ] Safepoint "Cleanup", Time since last: 4000319699 ns, Reaching safepoint: 45000 ns, At safepoint: 4400 ns, Total: 49400 ns
[1512.743s][info ][gc,start       ] GC(70) Pause Young (Allocation Failure)
[1512.746s][debug][gc,phases      ] GC(70) Scavenge 3.030ms
[1512.747s][debug][gc,ref         ] GC(70) Skipped phase 1 of Reference Processing: no references
[1512.747s][debug][gc,ref         ] GC(70) ReferenceProcessor::execute queues: 1, RefProcThreadModel::Single, marks_oops_alive: false
[1512.747s][debug][gc,ref         ] GC(70) Skipped phase 3 of Reference Processing: no references
[1512.747s][debug][gc,ref         ] GC(70) ReferenceProcessor::execute queues: 1, RefProcThreadModel::Single, marks_oops_alive: false
[1512.747s][debug][gc,phases      ] GC(70) Reference Processing 0.099ms
[1512.747s][debug][gc,phases      ] GC(70)   VM Weak                        Min:  0.0, Avg:  0.0, Max:  0.0, Diff:  0.0, Sum:  0.0, Workers: 4
[1512.747s][debug][gc,phases      ] GC(70)     Dead                           Min: 0, Avg:  0.0, Max: 0, Diff: 0, Sum: 0, Workers: 4
[1512.747s][debug][gc,phases      ] GC(70)     Total                          Min: 0, Avg: 179.8, Max: 399, Diff: 399, Sum: 719, Workers: 4
[1512.747s][debug][gc,phases      ] GC(70)   ObjectSynchronizer Weak        Min:  0.0, Avg:  0.0, Max:  0.0, Diff:  0.0, Sum:  0.0, Workers: 4
[1512.747s][debug][gc,phases      ] GC(70)     Dead                           Min: 0, Avg:  0.2, Max: 1, Diff: 1, Sum: 1, Workers: 4
[1512.747s][debug][gc,phases      ] GC(70)     Total                          Min: 0, Avg:  8.0, Max: 32, Diff: 32, Sum: 32, Workers: 4
[1512.747s][debug][gc,phases      ] GC(70)   JVMTI Tag Weak OopStorage      Min:  0.0, Avg:  0.0, Max:  0.0, Diff:  0.0, Sum:  0.0, Workers: 4
[1512.747s][debug][gc,phases      ] GC(70)     Dead                           Min: 0, Avg:  0.0, Max: 0, Diff: 0, Sum: 0, Workers: 4
[1512.747s][debug][gc,phases      ] GC(70)     Total                          Min: 0, Avg:  0.0, Max: 0, Diff: 0, Sum: 0, Workers: 4
[1512.747s][debug][gc,phases      ] GC(70)   StringTable Weak               Min:  0.0, Avg:  0.1, Max:  0.2, Diff:  0.2, Sum:  0.4, Workers: 4
[1512.747s][debug][gc,phases      ] GC(70)     Dead                           Min: 0, Avg:  0.0, Max: 0, Diff: 0, Sum: 0, Workers: 4
[1512.747s][debug][gc,phases      ] GC(70)     Total                          Min: 0, Avg: 10771.2, Max: 21645, Diff: 21645, Sum: 43085, Workers: 4
[1512.747s][debug][gc,phases      ] GC(70)   ResolvedMethodTable Weak       Min:  0.0, Avg:  0.0, Max:  0.0, Diff:  0.0, Sum:  0.1, Workers: 4
[1512.747s][debug][gc,phases      ] GC(70)     Dead                           Min: 0, Avg:  0.0, Max: 0, Diff: 0, Sum: 0, Workers: 4
[1512.747s][debug][gc,phases      ] GC(70)     Total                          Min: 0, Avg: 2135.2, Max: 4352, Diff: 4352, Sum: 8541, Workers: 4
[1512.747s][debug][gc,phases      ] GC(70)   JNI Weak                       Min:  0.0, Avg:  0.0, Max:  0.0, Diff:  0.0, Sum:  0.0, Workers: 4
[1512.747s][debug][gc,phases      ] GC(70)     Dead                           Min: 0, Avg:  0.0, Max: 0, Diff: 0, Sum: 0, Workers: 4
[1512.747s][debug][gc,phases      ] GC(70)     Total                          Min: 0, Avg: 11.2, Max: 45, Diff: 45, Sum: 45, Workers: 4
[1512.747s][debug][gc,phases      ] GC(70)   StringDedup Table Weak         Min:  0.0, Avg:  0.0, Max:  0.0, Diff:  0.0, Sum:  0.0, Workers: 4
[1512.747s][debug][gc,phases      ] GC(70)     Dead                           Min: 0, Avg:  0.0, Max: 0, Diff: 0, Sum: 0, Workers: 4
[1512.747s][debug][gc,phases      ] GC(70)     Total                          Min: 0, Avg:  0.0, Max: 0, Diff: 0, Sum: 0, Workers: 4
[1512.747s][debug][gc,phases      ] GC(70)   StringDedup Requests0 Weak     Min:  0.0, Avg:  0.0, Max:  0.0, Diff:  0.0, Sum:  0.0, Workers: 4
[1512.747s][debug][gc,phases      ] GC(70)     Dead                           Min: 0, Avg:  0.0, Max: 0, Diff: 0, Sum: 0, Workers: 4
[1512.747s][debug][gc,phases      ] GC(70)     Total                          Min: 0, Avg:  0.0, Max: 0, Diff: 0, Sum: 0, Workers: 4
[1512.747s][debug][gc,phases      ] GC(70)   StringDedup Requests1 Weak     Min:  0.0, Avg:  0.0, Max:  0.0, Diff:  0.0, Sum:  0.0, Workers: 4
[1512.747s][debug][gc,phases      ] GC(70)     Dead                           Min: 0, Avg:  0.0, Max: 0, Diff: 0, Sum: 0, Workers: 4
[1512.747s][debug][gc,phases      ] GC(70)     Total                          Min: 0, Avg:  0.0, Max: 0, Diff: 0, Sum: 0, Workers: 4
[1512.747s][debug][gc,phases      ] GC(70)   Weak JFR Old Object Samples    Min:  0.0, Avg:  0.0, Max:  0.0, Diff:  0.0, Sum:  0.0, Workers: 4
[1512.747s][debug][gc,phases      ] GC(70)     Dead                           Min: 0, Avg:  0.0, Max: 0, Diff: 0, Sum: 0, Workers: 4
[1512.747s][debug][gc,phases      ] GC(70)     Total                          Min: 0, Avg:  0.0, Max: 0, Diff: 0, Sum: 0, Workers: 4
[1512.747s][debug][gc,phases      ] GC(70) Weak Processing 0.386ms
[1512.747s][debug][gc,age         ] GC(70) Desired survivor size 73400320 bytes, new threshold 15 (max threshold 15)
[1512.747s][info ][gc,heap        ] GC(70) PSYoungGen: 1944304K(2021888K)->1280K(2018304K) Eden: 1943040K(1943040K)->0K(1943040K) From: 1264K(78848K)->1280K(75264K)
[1512.747s][info ][gc,heap        ] GC(70) ParOldGen: 335442K(446976K)->335466K(446976K)
[1512.747s][info ][gc,metaspace   ] GC(70) Metaspace: 79011K(79872K)->79011K(79872K) NonClass: 67741K(68224K)->67741K(68224K) Class: 11269K(11648K)->11269K(11648K)
[1512.747s][info ][gc             ] GC(70) Pause Young (Allocation Failure) 2226M->328M(2407M) 3.609ms
[1512.747s][info ][gc,cpu         ] GC(70) User=0.00s Sys=0.00s Real=0.00s
[1512.747s][info ][safepoint      ] Safepoint "ParallelGCFailedAllocation", Time since last: 744696983 ns, Reaching safepoint: 109201 ns, At safepoint: 3676721 ns, Total: 3785922 ns
[1518.748s][info ][safepoint      ] Safepoint "Cleanup", Time since last: 6000426857 ns, Reaching safepoint: 48200 ns, At safepoint: 4900 ns, Total: 53100 ns
[1520.748s][info ][safepoint      ] Safepoint "Cleanup", Time since last: 2000165292 ns, Reaching safepoint: 34300 ns, At safepoint: 2400 ns, Total: 36700 ns
[1521.748s][info ][safepoint      ] Safepoint "Cleanup", Time since last: 1000110946 ns, Reaching safepoint: 39100 ns, At safepoint: 3000 ns, Total: 42100 ns
[1523.748s][info ][safepoint      ] Safepoint "Cleanup", Time since last: 2000177992 ns, Reaching safepoint: 61701 ns, At safepoint: 6800 ns, Total: 68501 ns
[1525.748s][info ][safepoint      ] Safepoint "Cleanup", Time since last: 2000189197 ns, Reaching safepoint: 46001 ns, At safepoint: 7000 ns, Total: 53001 ns
[1526.749s][info ][safepoint      ] Safepoint "Cleanup", Time since last: 1000105697 ns, Reaching safepoint: 35900 ns, At safepoint: 3700 ns, Total: 39600 ns
[1531.749s][info ][safepoint      ] Safepoint "Cleanup", Time since last: 5000380586 ns, Reaching safepoint: 49900 ns, At safepoint: 4901 ns, Total: 54801 ns
[1532.749s][info ][safepoint      ] Safepoint "Cleanup", Time since last: 1000104197 ns, Reaching safepoint: 47700 ns, At safepoint: 5300 ns, Total: 53000 ns
[1537.078s][info ][gc,start       ] GC(71) Pause Young (Allocation Failure)
[1537.081s][debug][gc,phases      ] GC(71) Scavenge 3.093ms
[1537.081s][debug][gc,ref         ] GC(71) Skipped phase 1 of Reference Processing: no references
[1537.081s][debug][gc,ref         ] GC(71) ReferenceProcessor::execute queues: 1, RefProcThreadModel::Single, marks_oops_alive: false
[1537.081s][debug][gc,ref         ] GC(71) ReferenceProcessor::execute queues: 4, RefProcThreadModel::Multi, marks_oops_alive: true
[1537.081s][debug][gc,ref         ] GC(71) ReferenceProcessor::execute queues: 1, RefProcThreadModel::Single, marks_oops_alive: false
[1537.081s][debug][gc,phases      ] GC(71) Reference Processing 0.147ms
[1537.081s][debug][gc,phases      ] GC(71)   VM Weak                        Min:  0.0, Avg:  0.0, Max:  0.0, Diff:  0.0, Sum:  0.0, Workers: 4
[1537.081s][debug][gc,phases      ] GC(71)     Dead                           Min: 0, Avg:  0.0, Max: 0, Diff: 0, Sum: 0, Workers: 4
[1537.081s][debug][gc,phases      ] GC(71)     Total                          Min: 0, Avg: 179.8, Max: 399, Diff: 399, Sum: 719, Workers: 4
[1537.081s][debug][gc,phases      ] GC(71)   ObjectSynchronizer Weak        Min:  0.0, Avg:  0.0, Max:  0.0, Diff:  0.0, Sum:  0.0, Workers: 4
[1537.081s][debug][gc,phases      ] GC(71)     Dead                           Min: 0, Avg:  0.0, Max: 0, Diff: 0, Sum: 0, Workers: 4
[1537.081s][debug][gc,phases      ] GC(71)     Total                          Min: 0, Avg:  8.0, Max: 32, Diff: 32, Sum: 32, Workers: 4
[1537.081s][debug][gc,phases      ] GC(71)   JVMTI Tag Weak OopStorage      Min:  0.0, Avg:  0.0, Max:  0.0, Diff:  0.0, Sum:  0.0, Workers: 4
[1537.081s][debug][gc,phases      ] GC(71)     Dead                           Min: 0, Avg:  0.0, Max: 0, Diff: 0, Sum: 0, Workers: 4
[1537.081s][debug][gc,phases      ] GC(71)     Total                          Min: 0, Avg:  0.0, Max: 0, Diff: 0, Sum: 0, Workers: 4
[1537.081s][debug][gc,phases      ] GC(71)   StringTable Weak               Min:  0.0, Avg:  0.1, Max:  0.1, Diff:  0.1, Sum:  0.3, Workers: 4
[1537.081s][debug][gc,phases      ] GC(71)     Dead                           Min: 0, Avg:  0.0, Max: 0, Diff: 0, Sum: 0, Workers: 4
[1537.081s][debug][gc,phases      ] GC(71)     Total                          Min: 0, Avg: 10772.5, Max: 18496, Diff: 18496, Sum: 43090, Workers: 4
[1537.081s][debug][gc,phases      ] GC(71)   ResolvedMethodTable Weak       Min:  0.0, Avg:  0.0, Max:  0.0, Diff:  0.0, Sum:  0.1, Workers: 4
[1537.081s][debug][gc,phases      ] GC(71)     Dead                           Min: 0, Avg:  0.0, Max: 0, Diff: 0, Sum: 0, Workers: 4
[1537.081s][debug][gc,phases      ] GC(71)     Total                          Min: 0, Avg: 2136.5, Max: 3584, Diff: 3584, Sum: 8546, Workers: 4
[1537.081s][debug][gc,phases      ] GC(71)   JNI Weak                       Min:  0.0, Avg:  0.0, Max:  0.0, Diff:  0.0, Sum:  0.0, Workers: 4
[1537.081s][debug][gc,phases      ] GC(71)     Dead                           Min: 0, Avg:  0.0, Max: 0, Diff: 0, Sum: 0, Workers: 4
[1537.081s][debug][gc,phases      ] GC(71)     Total                          Min: 0, Avg: 11.2, Max: 45, Diff: 45, Sum: 45, Workers: 4
[1537.081s][debug][gc,phases      ] GC(71)   StringDedup Table Weak         Min:  0.0, Avg:  0.0, Max:  0.0, Diff:  0.0, Sum:  0.0, Workers: 4
[1537.081s][debug][gc,phases      ] GC(71)     Dead                           Min: 0, Avg:  0.0, Max: 0, Diff: 0, Sum: 0, Workers: 4
[1537.081s][debug][gc,phases      ] GC(71)     Total                          Min: 0, Avg:  0.0, Max: 0, Diff: 0, Sum: 0, Workers: 4
[1537.081s][debug][gc,phases      ] GC(71)   StringDedup Requests0 Weak     Min:  0.0, Avg:  0.0, Max:  0.0, Diff:  0.0, Sum:  0.0, Workers: 4
[1537.081s][debug][gc,phases      ] GC(71)     Dead                           Min: 0, Avg:  0.0, Max: 0, Diff: 0, Sum: 0, Workers: 4
[1537.081s][debug][gc,phases      ] GC(71)     Total                          Min: 0, Avg:  0.0, Max: 0, Diff: 0, Sum: 0, Workers: 4
[1537.081s][debug][gc,phases      ] GC(71)   StringDedup Requests1 Weak     Min:  0.0, Avg:  0.0, Max:  0.0, Diff:  0.0, Sum:  0.0, Workers: 4
[1537.081s][debug][gc,phases      ] GC(71)     Dead                           Min: 0, Avg:  0.0, Max: 0, Diff: 0, Sum: 0, Workers: 4
[1537.081s][debug][gc,phases      ] GC(71)     Total                          Min: 0, Avg:  0.0, Max: 0, Diff: 0, Sum: 0, Workers: 4
[1537.081s][debug][gc,phases      ] GC(71)   Weak JFR Old Object Samples    Min:  0.0, Avg:  0.0, Max:  0.0, Diff:  0.0, Sum:  0.0, Workers: 4
[1537.081s][debug][gc,phases      ] GC(71)     Dead                           Min: 0, Avg:  0.0, Max: 0, Diff: 0, Sum: 0, Workers: 4
[1537.081s][debug][gc,phases      ] GC(71)     Total                          Min: 0, Avg:  0.0, Max: 0, Diff: 0, Sum: 0, Workers: 4
[1537.082s][debug][gc,phases      ] GC(71) Weak Processing 0.279ms
[1537.082s][debug][gc,age         ] GC(71) Desired survivor size 69730304 bytes, new threshold 15 (max threshold 15)
[1537.082s][info ][gc,heap        ] GC(71) PSYoungGen: 1944312K(2018304K)->1328K(2029056K) Eden: 1943031K(1943040K)->0K(1957376K) From: 1280K(75264K)->1328K(71680K)
[1537.082s][info ][gc,heap        ] GC(71) ParOldGen: 335466K(446976K)->335482K(446976K)
[1537.082s][info ][gc,metaspace   ] GC(71) Metaspace: 79025K(79872K)->79025K(79872K) NonClass: 67754K(68224K)->67754K(68224K) Class: 11271K(11648K)->11271K(11648K)
[1537.082s][info ][gc             ] GC(71) Pause Young (Allocation Failure) 2226M->328M(2418M) 3.623ms
[1537.082s][info ][gc,cpu         ] GC(71) User=0.01s Sys=0.00s Real=0.00s
[1537.082s][info ][safepoint      ] Safepoint "ParallelGCFailedAllocation", Time since last: 4328741169 ns, Reaching safepoint: 21401 ns, At safepoint: 3687321 ns, Total: 3708722 ns
[1543.082s][info ][safepoint      ] Safepoint "Cleanup", Time since last: 6000393397 ns, Reaching safepoint: 49701 ns, At safepoint: 3200 ns, Total: 52901 ns
[1550.083s][info ][safepoint      ] Safepoint "Cleanup", Time since last: 7000458553 ns, Reaching safepoint: 54600 ns, At safepoint: 2600 ns, Total: 57200 ns
[1552.083s][info ][safepoint      ] Safepoint "Cleanup", Time since last: 2000169304 ns, Reaching safepoint: 39400 ns, At safepoint: 2900 ns, Total: 42300 ns
[1553.083s][info ][safepoint      ] Safepoint "Cleanup", Time since last: 1000103152 ns, Reaching safepoint: 49601 ns, At safepoint: 6400 ns, Total: 56001 ns
[1559.083s][info ][safepoint      ] Safepoint "Cleanup", Time since last: 6000372400 ns, Reaching safepoint: 42700 ns, At safepoint: 24201 ns, Total: 66901 ns
[1560.083s][info ][safepoint      ] Safepoint "Cleanup", Time since last: 1000076897 ns, Reaching safepoint: 33800 ns, At safepoint: 2800 ns, Total: 36600 ns
[1561.240s][info ][gc,start       ] GC(72) Pause Young (Allocation Failure)
[1561.243s][debug][gc,phases      ] GC(72) Scavenge 3.264ms
[1561.243s][debug][gc,ref         ] GC(72) Skipped phase 1 of Reference Processing: no references
[1561.243s][debug][gc,ref         ] GC(72) ReferenceProcessor::execute queues: 1, RefProcThreadModel::Single, marks_oops_alive: false
[1561.243s][debug][gc,ref         ] GC(72) Skipped phase 3 of Reference Processing: no references
[1561.243s][debug][gc,ref         ] GC(72) ReferenceProcessor::execute queues: 1, RefProcThreadModel::Single, marks_oops_alive: false
[1561.243s][debug][gc,phases      ] GC(72) Reference Processing 0.154ms
[1561.243s][debug][gc,phases      ] GC(72)   VM Weak                        Min:  0.0, Avg:  0.0, Max:  0.0, Diff:  0.0, Sum:  0.0, Workers: 4
[1561.243s][debug][gc,phases      ] GC(72)     Dead                           Min: 0, Avg:  0.0, Max: 0, Diff: 0, Sum: 0, Workers: 4
[1561.243s][debug][gc,phases      ] GC(72)     Total                          Min: 0, Avg: 179.8, Max: 512, Diff: 512, Sum: 719, Workers: 4
[1561.243s][debug][gc,phases      ] GC(72)   ObjectSynchronizer Weak        Min:  0.0, Avg:  0.0, Max:  0.0, Diff:  0.0, Sum:  0.0, Workers: 4
[1561.243s][debug][gc,phases      ] GC(72)     Dead                           Min: 0, Avg:  0.0, Max: 0, Diff: 0, Sum: 0, Workers: 4
[1561.243s][debug][gc,phases      ] GC(72)     Total                          Min: 0, Avg:  8.0, Max: 32, Diff: 32, Sum: 32, Workers: 4
[1561.243s][debug][gc,phases      ] GC(72)   JVMTI Tag Weak OopStorage      Min:  0.0, Avg:  0.0, Max:  0.0, Diff:  0.0, Sum:  0.0, Workers: 4
[1561.243s][debug][gc,phases      ] GC(72)     Dead                           Min: 0, Avg:  0.0, Max: 0, Diff: 0, Sum: 0, Workers: 4
[1561.243s][debug][gc,phases      ] GC(72)     Total                          Min: 0, Avg:  0.0, Max: 0, Diff: 0, Sum: 0, Workers: 4
[1561.243s][debug][gc,phases      ] GC(72)   StringTable Weak               Min:  0.0, Avg:  0.1, Max:  0.2, Diff:  0.2, Sum:  0.4, Workers: 4
[1561.243s][debug][gc,phases      ] GC(72)     Dead                           Min: 0, Avg:  0.0, Max: 0, Diff: 0, Sum: 0, Workers: 4
[1561.243s][debug][gc,phases      ] GC(72)     Total                          Min: 0, Avg: 10772.8, Max: 22163, Diff: 22163, Sum: 43091, Workers: 4
[1561.243s][debug][gc,phases      ] GC(72)   ResolvedMethodTable Weak       Min:  0.0, Avg:  0.0, Max:  0.0, Diff:  0.0, Sum:  0.1, Workers: 4
[1561.243s][debug][gc,phases      ] GC(72)     Dead                           Min: 0, Avg:  0.0, Max: 0, Diff: 0, Sum: 0, Workers: 4
[1561.243s][debug][gc,phases      ] GC(72)     Total                          Min: 0, Avg: 2136.5, Max: 4450, Diff: 4450, Sum: 8546, Workers: 4
[1561.243s][debug][gc,phases      ] GC(72)   JNI Weak                       Min:  0.0, Avg:  0.0, Max:  0.0, Diff:  0.0, Sum:  0.0, Workers: 4
[1561.243s][debug][gc,phases      ] GC(72)     Dead                           Min: 0, Avg:  0.0, Max: 0, Diff: 0, Sum: 0, Workers: 4
[1561.244s][debug][gc,phases      ] GC(72)     Total                          Min: 0, Avg: 11.2, Max: 45, Diff: 45, Sum: 45, Workers: 4
[1561.244s][debug][gc,phases      ] GC(72)   StringDedup Table Weak         Min:  0.0, Avg:  0.0, Max:  0.0, Diff:  0.0, Sum:  0.0, Workers: 4
[1561.244s][debug][gc,phases      ] GC(72)     Dead                           Min: 0, Avg:  0.0, Max: 0, Diff: 0, Sum: 0, Workers: 4
[1561.244s][debug][gc,phases      ] GC(72)     Total                          Min: 0, Avg:  0.0, Max: 0, Diff: 0, Sum: 0, Workers: 4
[1561.244s][debug][gc,phases      ] GC(72)   StringDedup Requests0 Weak     Min:  0.0, Avg:  0.0, Max:  0.0, Diff:  0.0, Sum:  0.0, Workers: 4
[1561.244s][debug][gc,phases      ] GC(72)     Dead                           Min: 0, Avg:  0.0, Max: 0, Diff: 0, Sum: 0, Workers: 4
[1561.244s][debug][gc,phases      ] GC(72)     Total                          Min: 0, Avg:  0.0, Max: 0, Diff: 0, Sum: 0, Workers: 4
[1561.244s][debug][gc,phases      ] GC(72)   StringDedup Requests1 Weak     Min:  0.0, Avg:  0.0, Max:  0.0, Diff:  0.0, Sum:  0.0, Workers: 4
[1561.244s][debug][gc,phases      ] GC(72)     Dead                           Min: 0, Avg:  0.0, Max: 0, Diff: 0, Sum: 0, Workers: 4
[1561.244s][debug][gc,phases      ] GC(72)     Total                          Min: 0, Avg:  0.0, Max: 0, Diff: 0, Sum: 0, Workers: 4
[1561.244s][debug][gc,phases      ] GC(72)   Weak JFR Old Object Samples    Min:  0.0, Avg:  0.0, Max:  0.0, Diff:  0.0, Sum:  0.0, Workers: 4
[1561.244s][debug][gc,phases      ] GC(72)     Dead                           Min: 0, Avg:  0.0, Max: 0, Diff: 0, Sum: 0, Workers: 4
[1561.244s][debug][gc,phases      ] GC(72)     Total                          Min: 0, Avg:  0.0, Max: 0, Diff: 0, Sum: 0, Workers: 4
[1561.244s][debug][gc,phases      ] GC(72) Weak Processing 0.463ms
[1561.244s][debug][gc,age         ] GC(72) Desired survivor size 66060288 bytes, new threshold 15 (max threshold 15)
[1561.244s][info ][gc,heap        ] GC(72) PSYoungGen: 1958704K(2029056K)->1216K(2025472K) Eden: 1957376K(1957376K)->0K(1957376K) From: 1328K(71680K)->1216K(68096K)
[1561.244s][info ][gc,heap        ] GC(72) ParOldGen: 335482K(446976K)->335506K(446976K)
[1561.244s][info ][gc,metaspace   ] GC(72) Metaspace: 79027K(79872K)->79027K(79872K) NonClass: 67755K(68224K)->67755K(68224K) Class: 11271K(11648K)->11271K(11648K)
[1561.244s][info ][gc             ] GC(72) Pause Young (Allocation Failure) 2240M->328M(2414M) 4.001ms
[1561.244s][info ][gc,cpu         ] GC(72) User=0.01s Sys=0.00s Real=0.01s
[1561.244s][info ][safepoint      ] Safepoint "ParallelGCFailedAllocation", Time since last: 1156096856 ns, Reaching safepoint: 31100 ns, At safepoint: 4079522 ns, Total: 4110622 ns
[1572.244s][info ][safepoint      ] Safepoint "Cleanup", Time since last: 11000677507 ns, Reaching safepoint: 41500 ns, At safepoint: 3200 ns, Total: 44700 ns
[1578.245s][info ][safepoint      ] Safepoint "Cleanup", Time since last: 6000827815 ns, Reaching safepoint: 52200 ns, At safepoint: 2800 ns, Total: 55000 ns
[1585.841s][info ][gc,start       ] GC(73) Pause Young (Allocation Failure)
[1585.844s][debug][gc,phases      ] GC(73) Scavenge 3.089ms
[1585.844s][debug][gc,ref         ] GC(73) Skipped phase 1 of Reference Processing: no references
[1585.845s][debug][gc,ref         ] GC(73) ReferenceProcessor::execute queues: 1, RefProcThreadModel::Single, marks_oops_alive: false
[1585.845s][debug][gc,ref         ] GC(73) Skipped phase 3 of Reference Processing: no references
[1585.845s][debug][gc,ref         ] GC(73) ReferenceProcessor::execute queues: 1, RefProcThreadModel::Single, marks_oops_alive: false
[1585.845s][debug][gc,phases      ] GC(73) Reference Processing 0.112ms
[1585.845s][debug][gc,phases      ] GC(73)   VM Weak                        Min:  0.0, Avg:  0.0, Max:  0.0, Diff:  0.0, Sum:  0.0, Workers: 4
[1585.845s][debug][gc,phases      ] GC(73)     Dead                           Min: 0, Avg:  0.0, Max: 0, Diff: 0, Sum: 0, Workers: 4
[1585.845s][debug][gc,phases      ] GC(73)     Total                          Min: 0, Avg: 179.8, Max: 640, Diff: 640, Sum: 719, Workers: 4
[1585.845s][debug][gc,phases      ] GC(73)   ObjectSynchronizer Weak        Min:  0.0, Avg:  0.0, Max:  0.0, Diff:  0.0, Sum:  0.0, Workers: 4
[1585.845s][debug][gc,phases      ] GC(73)     Dead                           Min: 0, Avg:  0.0, Max: 0, Diff: 0, Sum: 0, Workers: 4
[1585.845s][debug][gc,phases      ] GC(73)     Total                          Min: 0, Avg:  8.0, Max: 32, Diff: 32, Sum: 32, Workers: 4
[1585.845s][debug][gc,phases      ] GC(73)   JVMTI Tag Weak OopStorage      Min:  0.0, Avg:  0.0, Max:  0.0, Diff:  0.0, Sum:  0.0, Workers: 4
[1585.845s][debug][gc,phases      ] GC(73)     Dead                           Min: 0, Avg:  0.0, Max: 0, Diff: 0, Sum: 0, Workers: 4
[1585.845s][debug][gc,phases      ] GC(73)     Total                          Min: 0, Avg:  0.0, Max: 0, Diff: 0, Sum: 0, Workers: 4
[1585.845s][debug][gc,phases      ] GC(73)   StringTable Weak               Min:  0.0, Avg:  0.1, Max:  0.2, Diff:  0.2, Sum:  0.4, Workers: 4
[1585.845s][debug][gc,phases      ] GC(73)     Dead                           Min: 0, Avg:  0.0, Max: 0, Diff: 0, Sum: 0, Workers: 4
[1585.845s][debug][gc,phases      ] GC(73)     Total                          Min: 0, Avg: 10772.8, Max: 21651, Diff: 21651, Sum: 43091, Workers: 4
[1585.845s][debug][gc,phases      ] GC(73)   ResolvedMethodTable Weak       Min:  0.0, Avg:  0.0, Max:  0.0, Diff:  0.0, Sum:  0.1, Workers: 4
[1585.845s][debug][gc,phases      ] GC(73)     Dead                           Min: 0, Avg:  0.0, Max: 0, Diff: 0, Sum: 0, Workers: 4
[1585.845s][debug][gc,phases      ] GC(73)     Total                          Min: 0, Avg: 2136.5, Max: 4672, Diff: 4672, Sum: 8546, Workers: 4
[1585.845s][debug][gc,phases      ] GC(73)   JNI Weak                       Min:  0.0, Avg:  0.0, Max:  0.0, Diff:  0.0, Sum:  0.0, Workers: 4
[1585.845s][debug][gc,phases      ] GC(73)     Dead                           Min: 0, Avg:  0.0, Max: 0, Diff: 0, Sum: 0, Workers: 4
[1585.845s][debug][gc,phases      ] GC(73)     Total                          Min: 0, Avg: 11.2, Max: 45, Diff: 45, Sum: 45, Workers: 4
[1585.845s][debug][gc,phases      ] GC(73)   StringDedup Table Weak         Min:  0.0, Avg:  0.0, Max:  0.0, Diff:  0.0, Sum:  0.0, Workers: 4
[1585.845s][debug][gc,phases      ] GC(73)     Dead                           Min: 0, Avg:  0.0, Max: 0, Diff: 0, Sum: 0, Workers: 4
[1585.845s][debug][gc,phases      ] GC(73)     Total                          Min: 0, Avg:  0.0, Max: 0, Diff: 0, Sum: 0, Workers: 4
[1585.845s][debug][gc,phases      ] GC(73)   StringDedup Requests0 Weak     Min:  0.0, Avg:  0.0, Max:  0.0, Diff:  0.0, Sum:  0.0, Workers: 4
[1585.845s][debug][gc,phases      ] GC(73)     Dead                           Min: 0, Avg:  0.0, Max: 0, Diff: 0, Sum: 0, Workers: 4
[1585.845s][debug][gc,phases      ] GC(73)     Total                          Min: 0, Avg:  0.0, Max: 0, Diff: 0, Sum: 0, Workers: 4
[1585.845s][debug][gc,phases      ] GC(73)   StringDedup Requests1 Weak     Min:  0.0, Avg:  0.0, Max:  0.0, Diff:  0.0, Sum:  0.0, Workers: 4
[1585.845s][debug][gc,phases      ] GC(73)     Dead                           Min: 0, Avg:  0.0, Max: 0, Diff: 0, Sum: 0, Workers: 4
[1585.845s][debug][gc,phases      ] GC(73)     Total                          Min: 0, Avg:  0.0, Max: 0, Diff: 0, Sum: 0, Workers: 4
[1585.845s][debug][gc,phases      ] GC(73)   Weak JFR Old Object Samples    Min:  0.0, Avg:  0.0, Max:  0.0, Diff:  0.0, Sum:  0.0, Workers: 4
[1585.845s][debug][gc,phases      ] GC(73)     Dead                           Min: 0, Avg:  0.0, Max: 0, Diff: 0, Sum: 0, Workers: 4
[1585.845s][debug][gc,phases      ] GC(73)     Total                          Min: 0, Avg:  0.0, Max: 0, Diff: 0, Sum: 0, Workers: 4
[1585.845s][debug][gc,phases      ] GC(73) Weak Processing 0.454ms
[1585.845s][debug][gc,age         ] GC(73) Desired survivor size 62390272 bytes, new threshold 15 (max threshold 15)
[1585.845s][info ][gc,heap        ] GC(73) PSYoungGen: 1958592K(2025472K)->1248K(2036224K) Eden: 1957376K(1957376K)->0K(1971712K) From: 1216K(68096K)->1248K(64512K)
[1585.845s][info ][gc,heap        ] GC(73) ParOldGen: 335506K(446976K)->335582K(446976K)
[1585.845s][info ][gc,metaspace   ] GC(73) Metaspace: 79028K(79872K)->79028K(79872K) NonClass: 67757K(68224K)->67757K(68224K) Class: 11271K(11648K)->11271K(11648K)
[1585.845s][info ][gc             ] GC(73) Pause Young (Allocation Failure) 2240M->328M(2425M) 3.763ms
[1585.845s][info ][gc,cpu         ] GC(73) User=0.01s Sys=0.00s Real=0.01s
[1585.845s][info ][safepoint      ] Safepoint "ParallelGCFailedAllocation", Time since last: 7595944914 ns, Reaching safepoint: 26100 ns, At safepoint: 3858123 ns, Total: 3884223 ns
[1587.845s][info ][safepoint      ] Safepoint "Cleanup", Time since last: 2000163883 ns, Reaching safepoint: 43100 ns, At safepoint: 4000 ns, Total: 47100 ns
[1602.846s][info ][safepoint      ] Safepoint "Cleanup", Time since last: 15001013638 ns, Reaching safepoint: 42600 ns, At safepoint: 4800 ns, Total: 47400 ns
[1603.847s][info ][safepoint      ] Safepoint "Cleanup", Time since last: 1000121167 ns, Reaching safepoint: 35100 ns, At safepoint: 23700 ns, Total: 58800 ns
[1604.847s][info ][safepoint      ] Safepoint "Cleanup", Time since last: 1000094767 ns, Reaching safepoint: 43100 ns, At safepoint: 3000 ns, Total: 46100 ns
[1606.847s][info ][safepoint      ] Safepoint "Cleanup", Time since last: 2000165374 ns, Reaching safepoint: 32400 ns, At safepoint: 2400 ns, Total: 34800 ns
[1609.847s][info ][safepoint      ] Safepoint "Cleanup", Time since last: 3000240844 ns, Reaching safepoint: 37600 ns, At safepoint: 3000 ns, Total: 40600 ns
[1610.589s][info ][gc,start       ] GC(74) Pause Young (Allocation Failure)
[1610.591s][debug][gc,phases      ] GC(74) Scavenge 1.659ms
[1610.591s][debug][gc,ref         ] GC(74) Skipped phase 1 of Reference Processing: no references
[1610.591s][debug][gc,ref         ] GC(74) ReferenceProcessor::execute queues: 1, RefProcThreadModel::Single, marks_oops_alive: false
[1610.591s][debug][gc,ref         ] GC(74) Skipped phase 3 of Reference Processing: no references
[1610.591s][debug][gc,ref         ] GC(74) ReferenceProcessor::execute queues: 1, RefProcThreadModel::Single, marks_oops_alive: false
[1610.591s][debug][gc,phases      ] GC(74) Reference Processing 0.091ms
[1610.591s][debug][gc,phases      ] GC(74)   VM Weak                        Min:  0.0, Avg:  0.0, Max:  0.0, Diff:  0.0, Sum:  0.0, Workers: 4
[1610.591s][debug][gc,phases      ] GC(74)     Dead                           Min: 0, Avg:  0.0, Max: 0, Diff: 0, Sum: 0, Workers: 4
[1610.591s][debug][gc,phases      ] GC(74)     Total                          Min: 0, Avg: 179.8, Max: 384, Diff: 384, Sum: 719, Workers: 4
[1610.591s][debug][gc,phases      ] GC(74)   ObjectSynchronizer Weak        Min:  0.0, Avg:  0.0, Max:  0.0, Diff:  0.0, Sum:  0.0, Workers: 4
[1610.591s][debug][gc,phases      ] GC(74)     Dead                           Min: 0, Avg:  0.0, Max: 0, Diff: 0, Sum: 0, Workers: 4
[1610.591s][debug][gc,phases      ] GC(74)     Total                          Min: 0, Avg:  8.0, Max: 32, Diff: 32, Sum: 32, Workers: 4
[1610.591s][debug][gc,phases      ] GC(74)   JVMTI Tag Weak OopStorage      Min:  0.0, Avg:  0.0, Max:  0.0, Diff:  0.0, Sum:  0.0, Workers: 4
[1610.591s][debug][gc,phases      ] GC(74)     Dead                           Min: 0, Avg:  0.0, Max: 0, Diff: 0, Sum: 0, Workers: 4
[1610.591s][debug][gc,phases      ] GC(74)     Total                          Min: 0, Avg:  0.0, Max: 0, Diff: 0, Sum: 0, Workers: 4
[1610.591s][debug][gc,phases      ] GC(74)   StringTable Weak               Min:  0.0, Avg:  0.1, Max:  0.1, Diff:  0.1, Sum:  0.3, Workers: 4
[1610.591s][debug][gc,phases      ] GC(74)     Dead                           Min: 0, Avg:  0.0, Max: 0, Diff: 0, Sum: 0, Workers: 4
[1610.591s][debug][gc,phases      ] GC(74)     Total                          Min: 0, Avg: 10772.8, Max: 18240, Diff: 18240, Sum: 43091, Workers: 4
[1610.591s][debug][gc,phases      ] GC(74)   ResolvedMethodTable Weak       Min:  0.0, Avg:  0.0, Max:  0.0, Diff:  0.0, Sum:  0.1, Workers: 4
[1610.591s][debug][gc,phases      ] GC(74)     Dead                           Min: 0, Avg:  0.0, Max: 0, Diff: 0, Sum: 0, Workers: 4
[1610.591s][debug][gc,phases      ] GC(74)     Total                          Min: 0, Avg: 2136.5, Max: 3584, Diff: 3584, Sum: 8546, Workers: 4
[1610.591s][debug][gc,phases      ] GC(74)   JNI Weak                       Min:  0.0, Avg:  0.0, Max:  0.0, Diff:  0.0, Sum:  0.0, Workers: 4
[1610.591s][debug][gc,phases      ] GC(74)     Dead                           Min: 0, Avg:  0.0, Max: 0, Diff: 0, Sum: 0, Workers: 4
[1610.591s][debug][gc,phases      ] GC(74)     Total                          Min: 0, Avg: 11.2, Max: 45, Diff: 45, Sum: 45, Workers: 4
[1610.591s][debug][gc,phases      ] GC(74)   StringDedup Table Weak         Min:  0.0, Avg:  0.0, Max:  0.0, Diff:  0.0, Sum:  0.0, Workers: 4
[1610.591s][debug][gc,phases      ] GC(74)     Dead                           Min: 0, Avg:  0.0, Max: 0, Diff: 0, Sum: 0, Workers: 4
[1610.591s][debug][gc,phases      ] GC(74)     Total                          Min: 0, Avg:  0.0, Max: 0, Diff: 0, Sum: 0, Workers: 4
[1610.591s][debug][gc,phases      ] GC(74)   StringDedup Requests0 Weak     Min:  0.0, Avg:  0.0, Max:  0.0, Diff:  0.0, Sum:  0.0, Workers: 4
[1610.591s][debug][gc,phases      ] GC(74)     Dead                           Min: 0, Avg:  0.0, Max: 0, Diff: 0, Sum: 0, Workers: 4
[1610.591s][debug][gc,phases      ] GC(74)     Total                          Min: 0, Avg:  0.0, Max: 0, Diff: 0, Sum: 0, Workers: 4
[1610.591s][debug][gc,phases      ] GC(74)   StringDedup Requests1 Weak     Min:  0.0, Avg:  0.0, Max:  0.0, Diff:  0.0, Sum:  0.0, Workers: 4
[1610.591s][debug][gc,phases      ] GC(74)     Dead                           Min: 0, Avg:  0.0, Max: 0, Diff: 0, Sum: 0, Workers: 4
[1610.591s][debug][gc,phases      ] GC(74)     Total                          Min: 0, Avg:  0.0, Max: 0, Diff: 0, Sum: 0, Workers: 4
[1610.591s][debug][gc,phases      ] GC(74)   Weak JFR Old Object Samples    Min:  0.0, Avg:  0.0, Max:  0.0, Diff:  0.0, Sum:  0.0, Workers: 4
[1610.591s][debug][gc,phases      ] GC(74)     Dead                           Min: 0, Avg:  0.0, Max: 0, Diff: 0, Sum: 0, Workers: 4
[1610.591s][debug][gc,phases      ] GC(74)     Total                          Min: 0, Avg:  0.0, Max: 0, Diff: 0, Sum: 0, Workers: 4
[1610.591s][debug][gc,phases      ] GC(74) Weak Processing 0.310ms
[1610.591s][debug][gc,age         ] GC(74) Desired survivor size 58720256 bytes, new threshold 15 (max threshold 15)
[1610.591s][info ][gc,heap        ] GC(74) PSYoungGen: 1972960K(2036224K)->1056K(2032640K) Eden: 1971712K(1971712K)->0K(1971712K) From: 1248K(64512K)->1056K(60928K)
[1610.591s][info ][gc,heap        ] GC(74) ParOldGen: 335582K(446976K)->335606K(446976K)
[1610.591s][info ][gc,metaspace   ] GC(74) Metaspace: 79029K(79872K)->79029K(79872K) NonClass: 67758K(68224K)->67758K(68224K) Class: 11271K(11648K)->11271K(11648K)
[1610.591s][info ][gc             ] GC(74) Pause Young (Allocation Failure) 2254M->328M(2421M) 2.154ms
[1610.591s][info ][gc,cpu         ] GC(74) User=0.01s Sys=0.00s Real=0.01s
[1610.591s][info ][safepoint      ] Safepoint "ParallelGCFailedAllocation", Time since last: 741722115 ns, Reaching safepoint: 87400 ns, At safepoint: 2220713 ns, Total: 2308113 ns
[1611.591s][info ][safepoint      ] Safepoint "Cleanup", Time since last: 1000082648 ns, Reaching safepoint: 105700 ns, At safepoint: 6600 ns, Total: 112300 ns
[1627.593s][info ][safepoint      ] Safepoint "Cleanup", Time since last: 16001044752 ns, Reaching safepoint: 107100 ns, At safepoint: 5800 ns, Total: 112900 ns
[1629.593s][info ][safepoint      ] Safepoint "Cleanup", Time since last: 2000172952 ns, Reaching safepoint: 111301 ns, At safepoint: 6400 ns, Total: 117701 ns
[1635.392s][info ][gc,start       ] GC(75) Pause Young (Allocation Failure)
[1635.393s][debug][gc,phases      ] GC(75) Scavenge 1.706ms
[1635.393s][debug][gc,ref         ] GC(75) Skipped phase 1 of Reference Processing: no references
[1635.394s][debug][gc,ref         ] GC(75) ReferenceProcessor::execute queues: 1, RefProcThreadModel::Single, marks_oops_alive: false
[1635.394s][debug][gc,ref         ] GC(75) Skipped phase 3 of Reference Processing: no references
[1635.394s][debug][gc,ref         ] GC(75) ReferenceProcessor::execute queues: 1, RefProcThreadModel::Single, marks_oops_alive: false
[1635.394s][debug][gc,phases      ] GC(75) Reference Processing 0.112ms
[1635.394s][debug][gc,phases      ] GC(75)   VM Weak                        Min:  0.0, Avg:  0.0, Max:  0.0, Diff:  0.0, Sum:  0.0, Workers: 4
[1635.394s][debug][gc,phases      ] GC(75)     Dead                           Min: 0, Avg:  0.0, Max: 0, Diff: 0, Sum: 0, Workers: 4
[1635.394s][debug][gc,phases      ] GC(75)     Total                          Min: 0, Avg: 179.8, Max: 655, Diff: 655, Sum: 719, Workers: 4
[1635.394s][debug][gc,phases      ] GC(75)   ObjectSynchronizer Weak        Min:  0.0, Avg:  0.0, Max:  0.0, Diff:  0.0, Sum:  0.0, Workers: 4
[1635.394s][debug][gc,phases      ] GC(75)     Dead                           Min: 0, Avg:  0.0, Max: 0, Diff: 0, Sum: 0, Workers: 4
[1635.394s][debug][gc,phases      ] GC(75)     Total                          Min: 0, Avg:  8.0, Max: 32, Diff: 32, Sum: 32, Workers: 4
[1635.394s][debug][gc,phases      ] GC(75)   JVMTI Tag Weak OopStorage      Min:  0.0, Avg:  0.0, Max:  0.0, Diff:  0.0, Sum:  0.0, Workers: 4
[1635.394s][debug][gc,phases      ] GC(75)     Dead                           Min: 0, Avg:  0.0, Max: 0, Diff: 0, Sum: 0, Workers: 4
[1635.394s][debug][gc,phases      ] GC(75)     Total                          Min: 0, Avg:  0.0, Max: 0, Diff: 0, Sum: 0, Workers: 4
[1635.394s][debug][gc,phases      ] GC(75)   StringTable Weak               Min:  0.0, Avg:  0.1, Max:  0.1, Diff:  0.1, Sum:  0.4, Workers: 4
[1635.394s][debug][gc,phases      ] GC(75)     Dead                           Min: 0, Avg:  0.0, Max: 0, Diff: 0, Sum: 0, Workers: 4
[1635.394s][debug][gc,phases      ] GC(75)     Total                          Min: 0, Avg: 10772.8, Max: 14528, Diff: 14528, Sum: 43091, Workers: 4
[1635.394s][debug][gc,phases      ] GC(75)   ResolvedMethodTable Weak       Min:  0.0, Avg:  0.0, Max:  0.0, Diff:  0.0, Sum:  0.1, Workers: 4
[1635.394s][debug][gc,phases      ] GC(75)     Dead                           Min: 0, Avg:  0.0, Max: 0, Diff: 0, Sum: 0, Workers: 4
[1635.394s][debug][gc,phases      ] GC(75)     Total                          Min: 0, Avg: 2136.5, Max: 2978, Diff: 2978, Sum: 8546, Workers: 4
[1635.394s][debug][gc,phases      ] GC(75)   JNI Weak                       Min:  0.0, Avg:  0.0, Max:  0.0, Diff:  0.0, Sum:  0.0, Workers: 4
[1635.394s][debug][gc,phases      ] GC(75)     Dead                           Min: 0, Avg:  0.0, Max: 0, Diff: 0, Sum: 0, Workers: 4
[1635.394s][debug][gc,phases      ] GC(75)     Total                          Min: 0, Avg: 11.2, Max: 45, Diff: 45, Sum: 45, Workers: 4
[1635.394s][debug][gc,phases      ] GC(75)   StringDedup Table Weak         Min:  0.0, Avg:  0.0, Max:  0.0, Diff:  0.0, Sum:  0.0, Workers: 4
[1635.394s][debug][gc,phases      ] GC(75)     Dead                           Min: 0, Avg:  0.0, Max: 0, Diff: 0, Sum: 0, Workers: 4
[1635.394s][debug][gc,phases      ] GC(75)     Total                          Min: 0, Avg:  0.0, Max: 0, Diff: 0, Sum: 0, Workers: 4
[1635.394s][debug][gc,phases      ] GC(75)   StringDedup Requests0 Weak     Min:  0.0, Avg:  0.0, Max:  0.0, Diff:  0.0, Sum:  0.0, Workers: 4
[1635.394s][debug][gc,phases      ] GC(75)     Dead                           Min: 0, Avg:  0.0, Max: 0, Diff: 0, Sum: 0, Workers: 4
[1635.394s][debug][gc,phases      ] GC(75)     Total                          Min: 0, Avg:  0.0, Max: 0, Diff: 0, Sum: 0, Workers: 4
[1635.394s][debug][gc,phases      ] GC(75)   StringDedup Requests1 Weak     Min:  0.0, Avg:  0.0, Max:  0.0, Diff:  0.0, Sum:  0.0, Workers: 4
[1635.394s][debug][gc,phases      ] GC(75)     Dead                           Min: 0, Avg:  0.0, Max: 0, Diff: 0, Sum: 0, Workers: 4
[1635.394s][debug][gc,phases      ] GC(75)     Total                          Min: 0, Avg:  0.0, Max: 0, Diff: 0, Sum: 0, Workers: 4
[1635.394s][debug][gc,phases      ] GC(75)   Weak JFR Old Object Samples    Min:  0.0, Avg:  0.0, Max:  0.0, Diff:  0.0, Sum:  0.0, Workers: 4
[1635.394s][debug][gc,phases      ] GC(75)     Dead                           Min: 0, Avg:  0.0, Max: 0, Diff: 0, Sum: 0, Workers: 4
[1635.394s][debug][gc,phases      ] GC(75)     Total                          Min: 0, Avg:  0.0, Max: 0, Diff: 0, Sum: 0, Workers: 4
[1635.394s][debug][gc,phases      ] GC(75) Weak Processing 0.378ms
[1635.394s][debug][gc,age         ] GC(75) Desired survivor size 55574528 bytes, new threshold 15 (max threshold 15)
[1635.394s][info ][gc,heap        ] GC(75) PSYoungGen: 1972768K(2032640K)->1152K(2042880K) Eden: 1971712K(1971712K)->0K(1985536K) From: 1056K(60928K)->1152K(57344K)
[1635.394s][info ][gc,heap        ] GC(75) ParOldGen: 335606K(446976K)->335630K(446976K)
[1635.394s][info ][gc,metaspace   ] GC(75) Metaspace: 79030K(79872K)->79030K(79872K) NonClass: 67759K(68224K)->67759K(68224K) Class: 11271K(11648K)->11271K(11648K)
[1635.394s][info ][gc             ] GC(75) Pause Young (Allocation Failure) 2254M->328M(2431M) 2.295ms
[1635.394s][info ][gc,cpu         ] GC(75) User=0.01s Sys=0.00s Real=0.00s
[1635.394s][info ][safepoint      ] Safepoint "ParallelGCFailedAllocation", Time since last: 5798775607 ns, Reaching safepoint: 25400 ns, At safepoint: 2387613 ns, Total: 2413013 ns
[1643.395s][info ][safepoint      ] Safepoint "Cleanup", Time since last: 8000538195 ns, Reaching safepoint: 80201 ns, At safepoint: 10000 ns, Total: 90201 ns
[1649.395s][info ][safepoint      ] Safepoint "Cleanup", Time since last: 6000466097 ns, Reaching safepoint: 40000 ns, At safepoint: 2800 ns, Total: 42800 ns
[1660.590s][info ][gc,start       ] GC(76) Pause Young (Allocation Failure)
[1660.592s][debug][gc,phases      ] GC(76) Scavenge 1.578ms
[1660.592s][debug][gc,ref         ] GC(76) Skipped phase 1 of Reference Processing: no references
[1660.592s][debug][gc,ref         ] GC(76) ReferenceProcessor::execute queues: 1, RefProcThreadModel::Single, marks_oops_alive: false
[1660.592s][debug][gc,ref         ] GC(76) Skipped phase 3 of Reference Processing: no references
[1660.592s][debug][gc,ref         ] GC(76) ReferenceProcessor::execute queues: 1, RefProcThreadModel::Single, marks_oops_alive: false
[1660.592s][debug][gc,phases      ] GC(76) Reference Processing 0.089ms
[1660.592s][debug][gc,phases      ] GC(76)   VM Weak                        Min:  0.0, Avg:  0.0, Max:  0.0, Diff:  0.0, Sum:  0.0, Workers: 4
[1660.592s][debug][gc,phases      ] GC(76)     Dead                           Min: 0, Avg:  0.0, Max: 0, Diff: 0, Sum: 0, Workers: 4
[1660.592s][debug][gc,phases      ] GC(76)     Total                          Min: 0, Avg: 179.8, Max: 335, Diff: 335, Sum: 719, Workers: 4
[1660.592s][debug][gc,phases      ] GC(76)   ObjectSynchronizer Weak        Min:  0.0, Avg:  0.0, Max:  0.0, Diff:  0.0, Sum:  0.0, Workers: 4
[1660.592s][debug][gc,phases      ] GC(76)     Dead                           Min: 0, Avg:  0.0, Max: 0, Diff: 0, Sum: 0, Workers: 4
[1660.592s][debug][gc,phases      ] GC(76)     Total                          Min: 0, Avg:  8.0, Max: 32, Diff: 32, Sum: 32, Workers: 4
[1660.592s][debug][gc,phases      ] GC(76)   JVMTI Tag Weak OopStorage      Min:  0.0, Avg:  0.0, Max:  0.0, Diff:  0.0, Sum:  0.0, Workers: 4
[1660.592s][debug][gc,phases      ] GC(76)     Dead                           Min: 0, Avg:  0.0, Max: 0, Diff: 0, Sum: 0, Workers: 4
[1660.592s][debug][gc,phases      ] GC(76)     Total                          Min: 0, Avg:  0.0, Max: 0, Diff: 0, Sum: 0, Workers: 4
[1660.592s][debug][gc,phases      ] GC(76)   StringTable Weak               Min:  0.1, Avg:  0.1, Max:  0.1, Diff:  0.0, Sum:  0.4, Workers: 4
[1660.592s][debug][gc,phases      ] GC(76)     Dead                           Min: 0, Avg:  0.0, Max: 0, Diff: 0, Sum: 0, Workers: 4
[1660.592s][debug][gc,phases      ] GC(76)     Total                          Min: 10624, Avg: 10772.8, Max: 10944, Diff: 320, Sum: 43091, Workers: 4
[1660.592s][debug][gc,phases      ] GC(76)   ResolvedMethodTable Weak       Min:  0.0, Avg:  0.0, Max:  0.0, Diff:  0.0, Sum:  0.1, Workers: 4
[1660.592s][debug][gc,phases      ] GC(76)     Dead                           Min: 0, Avg:  0.0, Max: 0, Diff: 0, Sum: 0, Workers: 4
[1660.592s][debug][gc,phases      ] GC(76)     Total                          Min: 2082, Avg: 2136.5, Max: 2176, Diff: 94, Sum: 8546, Workers: 4
[1660.592s][debug][gc,phases      ] GC(76)   JNI Weak                       Min:  0.0, Avg:  0.0, Max:  0.0, Diff:  0.0, Sum:  0.0, Workers: 4
[1660.592s][debug][gc,phases      ] GC(76)     Dead                           Min: 0, Avg:  0.0, Max: 0, Diff: 0, Sum: 0, Workers: 4
[1660.592s][debug][gc,phases      ] GC(76)     Total                          Min: 0, Avg: 11.2, Max: 45, Diff: 45, Sum: 45, Workers: 4
[1660.592s][debug][gc,phases      ] GC(76)   StringDedup Table Weak         Min:  0.0, Avg:  0.0, Max:  0.0, Diff:  0.0, Sum:  0.0, Workers: 4
[1660.592s][debug][gc,phases      ] GC(76)     Dead                           Min: 0, Avg:  0.0, Max: 0, Diff: 0, Sum: 0, Workers: 4
[1660.592s][debug][gc,phases      ] GC(76)     Total                          Min: 0, Avg:  0.0, Max: 0, Diff: 0, Sum: 0, Workers: 4
[1660.592s][debug][gc,phases      ] GC(76)   StringDedup Requests0 Weak     Min:  0.0, Avg:  0.0, Max:  0.0, Diff:  0.0, Sum:  0.0, Workers: 4
[1660.592s][debug][gc,phases      ] GC(76)     Dead                           Min: 0, Avg:  0.0, Max: 0, Diff: 0, Sum: 0, Workers: 4
[1660.592s][debug][gc,phases      ] GC(76)     Total                          Min: 0, Avg:  0.0, Max: 0, Diff: 0, Sum: 0, Workers: 4
[1660.592s][debug][gc,phases      ] GC(76)   StringDedup Requests1 Weak     Min:  0.0, Avg:  0.0, Max:  0.0, Diff:  0.0, Sum:  0.0, Workers: 4
[1660.592s][debug][gc,phases      ] GC(76)     Dead                           Min: 0, Avg:  0.0, Max: 0, Diff: 0, Sum: 0, Workers: 4
[1660.592s][debug][gc,phases      ] GC(76)     Total                          Min: 0, Avg:  0.0, Max: 0, Diff: 0, Sum: 0, Workers: 4
[1660.592s][debug][gc,phases      ] GC(76)   Weak JFR Old Object Samples    Min:  0.0, Avg:  0.0, Max:  0.0, Diff:  0.0, Sum:  0.0, Workers: 4
[1660.592s][debug][gc,phases      ] GC(76)     Dead                           Min: 0, Avg:  0.0, Max: 0, Diff: 0, Sum: 0, Workers: 4
[1660.592s][debug][gc,phases      ] GC(76)     Total                          Min: 0, Avg:  0.0, Max: 0, Diff: 0, Sum: 0, Workers: 4
[1660.592s][debug][gc,phases      ] GC(76) Weak Processing 0.287ms
[1660.592s][debug][gc,age         ] GC(76) Desired survivor size 51904512 bytes, new threshold 15 (max threshold 15)
[1660.592s][info ][gc,heap        ] GC(76) PSYoungGen: 1986688K(2042880K)->1120K(2039808K) Eden: 1985536K(1985536K)->0K(1985536K) From: 1152K(57344K)->1120K(54272K)
[1660.592s][info ][gc,heap        ] GC(76) ParOldGen: 335630K(446976K)->335662K(446976K)
[1660.592s][info ][gc,metaspace   ] GC(76) Metaspace: 79031K(79872K)->79031K(79872K) NonClass: 67760K(68224K)->67760K(68224K) Class: 11271K(11648K)->11271K(11648K)
[1660.592s][info ][gc             ] GC(76) Pause Young (Allocation Failure) 2267M->328M(2428M) 2.042ms
[1660.592s][info ][gc,cpu         ] GC(76) User=0.01s Sys=0.00s Real=0.01s
[1660.592s][info ][safepoint      ] Safepoint "ParallelGCFailedAllocation", Time since last: 11194565684 ns, Reaching safepoint: 104200 ns, At safepoint: 2143111 ns, Total: 2247311 ns
[1671.593s][info ][safepoint      ] Safepoint "Cleanup", Time since last: 11000694583 ns, Reaching safepoint: 106800 ns, At safepoint: 6000 ns, Total: 112800 ns
[1681.594s][info ][safepoint      ] Safepoint "Cleanup", Time since last: 10000725542 ns, Reaching safepoint: 39000 ns, At safepoint: 4200 ns, Total: 43200 ns
[1684.643s][info ][gc,start       ] GC(77) Pause Young (Allocation Failure)
[1684.649s][debug][gc,phases      ] GC(77) Scavenge 5.361ms
[1684.649s][debug][gc,ref         ] GC(77) Skipped phase 1 of Reference Processing: no references
[1684.649s][debug][gc,ref         ] GC(77) ReferenceProcessor::execute queues: 1, RefProcThreadModel::Single, marks_oops_alive: false
[1684.649s][debug][gc,ref         ] GC(77) Skipped phase 3 of Reference Processing: no references
[1684.649s][debug][gc,ref         ] GC(77) ReferenceProcessor::execute queues: 1, RefProcThreadModel::Single, marks_oops_alive: false
[1684.649s][debug][gc,phases      ] GC(77) Reference Processing 0.087ms
[1684.649s][debug][gc,phases      ] GC(77)   VM Weak                        Min:  0.0, Avg:  0.0, Max:  0.0, Diff:  0.0, Sum:  0.0, Workers: 4
[1684.649s][debug][gc,phases      ] GC(77)     Dead                           Min: 0, Avg:  0.0, Max: 0, Diff: 0, Sum: 0, Workers: 4
[1684.649s][debug][gc,phases      ] GC(77)     Total                          Min: 0, Avg: 179.8, Max: 576, Diff: 576, Sum: 719, Workers: 4
[1684.649s][debug][gc,phases      ] GC(77)   ObjectSynchronizer Weak        Min:  0.0, Avg:  0.0, Max:  0.0, Diff:  0.0, Sum:  0.0, Workers: 4
[1684.649s][debug][gc,phases      ] GC(77)     Dead                           Min: 0, Avg:  0.0, Max: 0, Diff: 0, Sum: 0, Workers: 4
[1684.649s][debug][gc,phases      ] GC(77)     Total                          Min: 0, Avg:  8.0, Max: 32, Diff: 32, Sum: 32, Workers: 4
[1684.649s][debug][gc,phases      ] GC(77)   JVMTI Tag Weak OopStorage      Min:  0.0, Avg:  0.0, Max:  0.0, Diff:  0.0, Sum:  0.0, Workers: 4
[1684.649s][debug][gc,phases      ] GC(77)     Dead                           Min: 0, Avg:  0.0, Max: 0, Diff: 0, Sum: 0, Workers: 4
[1684.649s][debug][gc,phases      ] GC(77)     Total                          Min: 0, Avg:  0.0, Max: 0, Diff: 0, Sum: 0, Workers: 4
[1684.649s][debug][gc,phases      ] GC(77)   StringTable Weak               Min:  0.0, Avg:  0.1, Max:  0.1, Diff:  0.1, Sum:  0.4, Workers: 4
[1684.649s][debug][gc,phases      ] GC(77)     Dead                           Min: 0, Avg:  0.0, Max: 0, Diff: 0, Sum: 0, Workers: 4
[1684.649s][debug][gc,phases      ] GC(77)     Total                          Min: 0, Avg: 10772.8, Max: 14547, Diff: 14547, Sum: 43091, Workers: 4
[1684.649s][debug][gc,phases      ] GC(77)   ResolvedMethodTable Weak       Min:  0.0, Avg:  0.0, Max:  0.0, Diff:  0.0, Sum:  0.1, Workers: 4
[1684.649s][debug][gc,phases      ] GC(77)     Dead                           Min: 0, Avg:  0.0, Max: 0, Diff: 0, Sum: 0, Workers: 4
[1684.649s][debug][gc,phases      ] GC(77)     Total                          Min: 0, Avg: 2136.5, Max: 3008, Diff: 3008, Sum: 8546, Workers: 4
[1684.649s][debug][gc,phases      ] GC(77)   JNI Weak                       Min:  0.0, Avg:  0.0, Max:  0.0, Diff:  0.0, Sum:  0.0, Workers: 4
[1684.649s][debug][gc,phases      ] GC(77)     Dead                           Min: 0, Avg:  0.0, Max: 0, Diff: 0, Sum: 0, Workers: 4
[1684.649s][debug][gc,phases      ] GC(77)     Total                          Min: 0, Avg: 11.2, Max: 45, Diff: 45, Sum: 45, Workers: 4
[1684.649s][debug][gc,phases      ] GC(77)   StringDedup Table Weak         Min:  0.0, Avg:  0.0, Max:  0.0, Diff:  0.0, Sum:  0.0, Workers: 4
[1684.649s][debug][gc,phases      ] GC(77)     Dead                           Min: 0, Avg:  0.0, Max: 0, Diff: 0, Sum: 0, Workers: 4
[1684.649s][debug][gc,phases      ] GC(77)     Total                          Min: 0, Avg:  0.0, Max: 0, Diff: 0, Sum: 0, Workers: 4
[1684.649s][debug][gc,phases      ] GC(77)   StringDedup Requests0 Weak     Min:  0.0, Avg:  0.0, Max:  0.0, Diff:  0.0, Sum:  0.0, Workers: 4
[1684.649s][debug][gc,phases      ] GC(77)     Dead                           Min: 0, Avg:  0.0, Max: 0, Diff: 0, Sum: 0, Workers: 4
[1684.649s][debug][gc,phases      ] GC(77)     Total                          Min: 0, Avg:  0.0, Max: 0, Diff: 0, Sum: 0, Workers: 4
[1684.649s][debug][gc,phases      ] GC(77)   StringDedup Requests1 Weak     Min:  0.0, Avg:  0.0, Max:  0.0, Diff:  0.0, Sum:  0.0, Workers: 4
[1684.649s][debug][gc,phases      ] GC(77)     Dead                           Min: 0, Avg:  0.0, Max: 0, Diff: 0, Sum: 0, Workers: 4
[1684.649s][debug][gc,phases      ] GC(77)     Total                          Min: 0, Avg:  0.0, Max: 0, Diff: 0, Sum: 0, Workers: 4
[1684.649s][debug][gc,phases      ] GC(77)   Weak JFR Old Object Samples    Min:  0.0, Avg:  0.0, Max:  0.0, Diff:  0.0, Sum:  0.0, Workers: 4
[1684.649s][debug][gc,phases      ] GC(77)     Dead                           Min: 0, Avg:  0.0, Max: 0, Diff: 0, Sum: 0, Workers: 4
[1684.649s][debug][gc,phases      ] GC(77)     Total                          Min: 0, Avg:  0.0, Max: 0, Diff: 0, Sum: 0, Workers: 4
[1684.649s][debug][gc,phases      ] GC(77) Weak Processing 0.330ms
[1684.649s][debug][gc,age         ] GC(77) Desired survivor size 48758784 bytes, new threshold 15 (max threshold 15)
[1684.649s][info ][gc,heap        ] GC(77) PSYoungGen: 1986656K(2039808K)->1120K(2049536K) Eden: 1985536K(1985536K)->0K(1998848K) From: 1120K(54272K)->1120K(50688K)
[1684.649s][info ][gc,heap        ] GC(77) ParOldGen: 335662K(446976K)->335686K(446976K)
[1684.649s][info ][gc,metaspace   ] GC(77) Metaspace: 79031K(79872K)->79031K(79872K) NonClass: 67760K(68224K)->67760K(68224K) Class: 11271K(11648K)->11271K(11648K)
[1684.649s][info ][gc             ] GC(77) Pause Young (Allocation Failure) 2267M->328M(2438M) 5.874ms
[1684.649s][info ][gc,cpu         ] GC(77) User=0.01s Sys=0.00s Real=0.00s
[1684.649s][info ][safepoint      ] Safepoint "ParallelGCFailedAllocation", Time since last: 3049547106 ns, Reaching safepoint: 101901 ns, At safepoint: 5944030 ns, Total: 6045931 ns
[1709.093s][info ][gc,start       ] GC(78) Pause Young (Allocation Failure)
[1709.097s][debug][gc,phases      ] GC(78) Scavenge 3.716ms
[1709.097s][debug][gc,ref         ] GC(78) Skipped phase 1 of Reference Processing: no references
[1709.097s][debug][gc,ref         ] GC(78) ReferenceProcessor::execute queues: 1, RefProcThreadModel::Single, marks_oops_alive: false
[1709.097s][debug][gc,ref         ] GC(78) Skipped phase 3 of Reference Processing: no references
[1709.097s][debug][gc,ref         ] GC(78) ReferenceProcessor::execute queues: 1, RefProcThreadModel::Single, marks_oops_alive: false
[1709.097s][debug][gc,phases      ] GC(78) Reference Processing 0.120ms
[1709.097s][debug][gc,phases      ] GC(78)   VM Weak                        Min:  0.0, Avg:  0.0, Max:  0.0, Diff:  0.0, Sum:  0.0, Workers: 4
[1709.097s][debug][gc,phases      ] GC(78)     Dead                           Min: 0, Avg:  0.0, Max: 0, Diff: 0, Sum: 0, Workers: 4
[1709.097s][debug][gc,phases      ] GC(78)     Total                          Min: 0, Avg: 179.8, Max: 655, Diff: 655, Sum: 719, Workers: 4
[1709.097s][debug][gc,phases      ] GC(78)   ObjectSynchronizer Weak        Min:  0.0, Avg:  0.0, Max:  0.0, Diff:  0.0, Sum:  0.0, Workers: 4
[1709.097s][debug][gc,phases      ] GC(78)     Dead                           Min: 0, Avg:  0.0, Max: 0, Diff: 0, Sum: 0, Workers: 4
[1709.097s][debug][gc,phases      ] GC(78)     Total                          Min: 0, Avg:  8.0, Max: 32, Diff: 32, Sum: 32, Workers: 4
[1709.097s][debug][gc,phases      ] GC(78)   JVMTI Tag Weak OopStorage      Min:  0.0, Avg:  0.0, Max:  0.0, Diff:  0.0, Sum:  0.0, Workers: 4
[1709.097s][debug][gc,phases      ] GC(78)     Dead                           Min: 0, Avg:  0.0, Max: 0, Diff: 0, Sum: 0, Workers: 4
[1709.097s][debug][gc,phases      ] GC(78)     Total                          Min: 0, Avg:  0.0, Max: 0, Diff: 0, Sum: 0, Workers: 4
[1709.097s][debug][gc,phases      ] GC(78)   StringTable Weak               Min:  0.0, Avg:  0.1, Max:  0.1, Diff:  0.1, Sum:  0.4, Workers: 4
[1709.097s][debug][gc,phases      ] GC(78)     Dead                           Min: 0, Avg:  0.0, Max: 0, Diff: 0, Sum: 0, Workers: 4
[1709.097s][debug][gc,phases      ] GC(78)     Total                          Min: 0, Avg: 10772.8, Max: 14675, Diff: 14675, Sum: 43091, Workers: 4
[1709.097s][debug][gc,phases      ] GC(78)   ResolvedMethodTable Weak       Min:  0.0, Avg:  0.0, Max:  0.0, Diff:  0.0, Sum:  0.1, Workers: 4
[1709.097s][debug][gc,phases      ] GC(78)     Dead                           Min: 0, Avg:  0.0, Max: 0, Diff: 0, Sum: 0, Workers: 4
[1709.097s][debug][gc,phases      ] GC(78)     Total                          Min: 0, Avg: 2136.5, Max: 2880, Diff: 2880, Sum: 8546, Workers: 4
[1709.097s][debug][gc,phases      ] GC(78)   JNI Weak                       Min:  0.0, Avg:  0.0, Max:  0.0, Diff:  0.0, Sum:  0.0, Workers: 4
[1709.097s][debug][gc,phases      ] GC(78)     Dead                           Min: 0, Avg:  0.0, Max: 0, Diff: 0, Sum: 0, Workers: 4
[1709.097s][debug][gc,phases      ] GC(78)     Total                          Min: 0, Avg: 11.2, Max: 45, Diff: 45, Sum: 45, Workers: 4
[1709.097s][debug][gc,phases      ] GC(78)   StringDedup Table Weak         Min:  0.0, Avg:  0.0, Max:  0.0, Diff:  0.0, Sum:  0.0, Workers: 4
[1709.098s][debug][gc,phases      ] GC(78)     Dead                           Min: 0, Avg:  0.0, Max: 0, Diff: 0, Sum: 0, Workers: 4
[1709.098s][debug][gc,phases      ] GC(78)     Total                          Min: 0, Avg:  0.0, Max: 0, Diff: 0, Sum: 0, Workers: 4
[1709.098s][debug][gc,phases      ] GC(78)   StringDedup Requests0 Weak     Min:  0.0, Avg:  0.0, Max:  0.0, Diff:  0.0, Sum:  0.0, Workers: 4
[1709.098s][debug][gc,phases      ] GC(78)     Dead                           Min: 0, Avg:  0.0, Max: 0, Diff: 0, Sum: 0, Workers: 4
[1709.098s][debug][gc,phases      ] GC(78)     Total                          Min: 0, Avg:  0.0, Max: 0, Diff: 0, Sum: 0, Workers: 4
[1709.098s][debug][gc,phases      ] GC(78)   StringDedup Requests1 Weak     Min:  0.0, Avg:  0.0, Max:  0.0, Diff:  0.0, Sum:  0.0, Workers: 4
[1709.098s][debug][gc,phases      ] GC(78)     Dead                           Min: 0, Avg:  0.0, Max: 0, Diff: 0, Sum: 0, Workers: 4
[1709.098s][debug][gc,phases      ] GC(78)     Total                          Min: 0, Avg:  0.0, Max: 0, Diff: 0, Sum: 0, Workers: 4
[1709.098s][debug][gc,phases      ] GC(78)   Weak JFR Old Object Samples    Min:  0.0, Avg:  0.0, Max:  0.0, Diff:  0.0, Sum:  0.0, Workers: 4
[1709.098s][debug][gc,phases      ] GC(78)     Dead                           Min: 0, Avg:  0.0, Max: 0, Diff: 0, Sum: 0, Workers: 4
[1709.098s][debug][gc,phases      ] GC(78)     Total                          Min: 0, Avg:  0.0, Max: 0, Diff: 0, Sum: 0, Workers: 4
[1709.098s][debug][gc,phases      ] GC(78) Weak Processing 0.335ms
[1709.098s][debug][gc,age         ] GC(78) Desired survivor size 45613056 bytes, new threshold 15 (max threshold 15)
[1709.098s][info ][gc,heap        ] GC(78) PSYoungGen: 1999968K(2049536K)->1136K(2046464K) Eden: 1998848K(1998848K)->0K(1998848K) From: 1120K(50688K)->1136K(47616K)
[1709.098s][info ][gc,heap        ] GC(78) ParOldGen: 335686K(446976K)->335710K(446976K)
[1709.098s][info ][gc,metaspace   ] GC(78) Metaspace: 79032K(79872K)->79032K(79872K) NonClass: 67760K(68224K)->67760K(68224K) Class: 11271K(11648K)->11271K(11648K)
[1709.098s][info ][gc             ] GC(78) Pause Young (Allocation Failure) 2280M->328M(2435M) 4.276ms
[1709.098s][info ][gc,cpu         ] GC(78) User=0.01s Sys=0.00s Real=0.00s
[1709.098s][info ][safepoint      ] Safepoint "ParallelGCFailedAllocation", Time since last: 24444007792 ns, Reaching safepoint: 104101 ns, At safepoint: 4338223 ns, Total: 4442324 ns
[1733.672s][info ][gc,start       ] GC(79) Pause Young (Allocation Failure)
[1733.675s][debug][gc,phases      ] GC(79) Scavenge 3.094ms
[1733.675s][debug][gc,ref         ] GC(79) Skipped phase 1 of Reference Processing: no references
[1733.675s][debug][gc,ref         ] GC(79) ReferenceProcessor::execute queues: 1, RefProcThreadModel::Single, marks_oops_alive: false
[1733.675s][debug][gc,ref         ] GC(79) Skipped phase 3 of Reference Processing: no references
[1733.675s][debug][gc,ref         ] GC(79) Skipped phase 4 of Reference Processing: no references
[1733.675s][debug][gc,phases      ] GC(79) Reference Processing 0.088ms
[1733.675s][debug][gc,phases      ] GC(79)   VM Weak                        Min:  0.0, Avg:  0.0, Max:  0.0, Diff:  0.0, Sum:  0.0, Workers: 4
[1733.675s][debug][gc,phases      ] GC(79)     Dead                           Min: 0, Avg:  0.0, Max: 0, Diff: 0, Sum: 0, Workers: 4
[1733.676s][debug][gc,phases      ] GC(79)     Total                          Min: 0, Avg: 179.8, Max: 399, Diff: 399, Sum: 719, Workers: 4
[1733.676s][debug][gc,phases      ] GC(79)   ObjectSynchronizer Weak        Min:  0.0, Avg:  0.0, Max:  0.0, Diff:  0.0, Sum:  0.0, Workers: 4
[1733.676s][debug][gc,phases      ] GC(79)     Dead                           Min: 0, Avg:  0.0, Max: 0, Diff: 0, Sum: 0, Workers: 4
[1733.676s][debug][gc,phases      ] GC(79)     Total                          Min: 0, Avg:  8.0, Max: 32, Diff: 32, Sum: 32, Workers: 4
[1733.676s][debug][gc,phases      ] GC(79)   JVMTI Tag Weak OopStorage      Min:  0.0, Avg:  0.0, Max:  0.0, Diff:  0.0, Sum:  0.0, Workers: 4
[1733.676s][debug][gc,phases      ] GC(79)     Dead                           Min: 0, Avg:  0.0, Max: 0, Diff: 0, Sum: 0, Workers: 4
[1733.676s][debug][gc,phases      ] GC(79)     Total                          Min: 0, Avg:  0.0, Max: 0, Diff: 0, Sum: 0, Workers: 4
[1733.676s][debug][gc,phases      ] GC(79)   StringTable Weak               Min:  0.1, Avg:  0.1, Max:  0.1, Diff:  0.0, Sum:  0.4, Workers: 4
[1733.676s][debug][gc,phases      ] GC(79)     Dead                           Min: 0, Avg:  0.0, Max: 0, Diff: 0, Sum: 0, Workers: 4
[1733.676s][debug][gc,phases      ] GC(79)     Total                          Min: 10176, Avg: 10773.0, Max: 11732, Diff: 1556, Sum: 43092, Workers: 4
[1733.676s][debug][gc,phases      ] GC(79)   ResolvedMethodTable Weak       Min:  0.0, Avg:  0.0, Max:  0.0, Diff:  0.0, Sum:  0.1, Workers: 4
[1733.676s][debug][gc,phases      ] GC(79)     Dead                           Min: 0, Avg:  0.0, Max: 0, Diff: 0, Sum: 0, Workers: 4
[1733.676s][debug][gc,phases      ] GC(79)     Total                          Min: 1536, Avg: 2136.5, Max: 2368, Diff: 832, Sum: 8546, Workers: 4
[1733.676s][debug][gc,phases      ] GC(79)   JNI Weak                       Min:  0.0, Avg:  0.0, Max:  0.0, Diff:  0.0, Sum:  0.0, Workers: 4
[1733.676s][debug][gc,phases      ] GC(79)     Dead                           Min: 0, Avg:  0.0, Max: 0, Diff: 0, Sum: 0, Workers: 4
[1733.676s][debug][gc,phases      ] GC(79)     Total                          Min: 0, Avg: 11.2, Max: 45, Diff: 45, Sum: 45, Workers: 4
[1733.676s][debug][gc,phases      ] GC(79)   StringDedup Table Weak         Min:  0.0, Avg:  0.0, Max:  0.0, Diff:  0.0, Sum:  0.0, Workers: 4
[1733.676s][debug][gc,phases      ] GC(79)     Dead                           Min: 0, Avg:  0.0, Max: 0, Diff: 0, Sum: 0, Workers: 4
[1733.676s][debug][gc,phases      ] GC(79)     Total                          Min: 0, Avg:  0.0, Max: 0, Diff: 0, Sum: 0, Workers: 4
[1733.676s][debug][gc,phases      ] GC(79)   StringDedup Requests0 Weak     Min:  0.0, Avg:  0.0, Max:  0.0, Diff:  0.0, Sum:  0.0, Workers: 4
[1733.676s][debug][gc,phases      ] GC(79)     Dead                           Min: 0, Avg:  0.0, Max: 0, Diff: 0, Sum: 0, Workers: 4
[1733.676s][debug][gc,phases      ] GC(79)     Total                          Min: 0, Avg:  0.0, Max: 0, Diff: 0, Sum: 0, Workers: 4
[1733.676s][debug][gc,phases      ] GC(79)   StringDedup Requests1 Weak     Min:  0.0, Avg:  0.0, Max:  0.0, Diff:  0.0, Sum:  0.0, Workers: 4
[1733.676s][debug][gc,phases      ] GC(79)     Dead                           Min: 0, Avg:  0.0, Max: 0, Diff: 0, Sum: 0, Workers: 4
[1733.676s][debug][gc,phases      ] GC(79)     Total                          Min: 0, Avg:  0.0, Max: 0, Diff: 0, Sum: 0, Workers: 4
[1733.676s][debug][gc,phases      ] GC(79)   Weak JFR Old Object Samples    Min:  0.0, Avg:  0.0, Max:  0.0, Diff:  0.0, Sum:  0.0, Workers: 4
[1733.676s][debug][gc,phases      ] GC(79)     Dead                           Min: 0, Avg:  0.0, Max: 0, Diff: 0, Sum: 0, Workers: 4
[1733.676s][debug][gc,phases      ] GC(79)     Total                          Min: 0, Avg:  0.0, Max: 0, Diff: 0, Sum: 0, Workers: 4
[1733.676s][debug][gc,phases      ] GC(79) Weak Processing 0.286ms
[1733.676s][debug][gc,age         ] GC(79) Desired survivor size 42991616 bytes, new threshold 15 (max threshold 15)
[1733.676s][info ][gc,heap        ] GC(79) PSYoungGen: 1999984K(2046464K)->1392K(2055168K) Eden: 1998848K(1998848K)->0K(2010624K) From: 1136K(47616K)->1392K(44544K)
[1733.676s][info ][gc,heap        ] GC(79) ParOldGen: 335710K(446976K)->335738K(446976K)
[1733.676s][info ][gc,metaspace   ] GC(79) Metaspace: 79041K(79872K)->79041K(79872K) NonClass: 67770K(68224K)->67770K(68224K) Class: 11271K(11648K)->11271K(11648K)
[1733.676s][info ][gc             ] GC(79) Pause Young (Allocation Failure) 2280M->329M(2443M) 3.562ms
[1733.676s][info ][gc,cpu         ] GC(79) User=0.01s Sys=0.00s Real=0.00s
[1733.676s][info ][safepoint      ] Safepoint "ParallelGCFailedAllocation", Time since last: 24574329077 ns, Reaching safepoint: 107901 ns, At safepoint: 3623018 ns, Total: 3730919 ns
[1751.677s][info ][safepoint      ] Safepoint "Cleanup", Time since last: 18001166932 ns, Reaching safepoint: 29400 ns, At safepoint: 2500 ns, Total: 31900 ns
[1757.496s][info ][gc,start       ] GC(80) Pause Young (Allocation Failure)
[1757.500s][debug][gc,phases      ] GC(80) Scavenge 3.233ms
[1757.500s][debug][gc,ref         ] GC(80) Skipped phase 1 of Reference Processing: no references
[1757.500s][debug][gc,ref         ] GC(80) ReferenceProcessor::execute queues: 1, RefProcThreadModel::Single, marks_oops_alive: false
[1757.500s][debug][gc,ref         ] GC(80) Skipped phase 3 of Reference Processing: no references
[1757.500s][debug][gc,ref         ] GC(80) ReferenceProcessor::execute queues: 1, RefProcThreadModel::Single, marks_oops_alive: false
[1757.500s][debug][gc,phases      ] GC(80) Reference Processing 0.090ms
[1757.500s][debug][gc,phases      ] GC(80)   VM Weak                        Min:  0.0, Avg:  0.0, Max:  0.0, Diff:  0.0, Sum:  0.0, Workers: 4
[1757.500s][debug][gc,phases      ] GC(80)     Dead                           Min: 0, Avg:  0.0, Max: 0, Diff: 0, Sum: 0, Workers: 4
[1757.500s][debug][gc,phases      ] GC(80)     Total                          Min: 0, Avg: 179.8, Max: 576, Diff: 576, Sum: 719, Workers: 4
[1757.500s][debug][gc,phases      ] GC(80)   ObjectSynchronizer Weak        Min:  0.0, Avg:  0.0, Max:  0.0, Diff:  0.0, Sum:  0.0, Workers: 4
[1757.500s][debug][gc,phases      ] GC(80)     Dead                           Min: 0, Avg:  0.0, Max: 0, Diff: 0, Sum: 0, Workers: 4
[1757.500s][debug][gc,phases      ] GC(80)     Total                          Min: 0, Avg:  8.0, Max: 32, Diff: 32, Sum: 32, Workers: 4
[1757.500s][debug][gc,phases      ] GC(80)   JVMTI Tag Weak OopStorage      Min:  0.0, Avg:  0.0, Max:  0.0, Diff:  0.0, Sum:  0.0, Workers: 4
[1757.500s][debug][gc,phases      ] GC(80)     Dead                           Min: 0, Avg:  0.0, Max: 0, Diff: 0, Sum: 0, Workers: 4
[1757.500s][debug][gc,phases      ] GC(80)     Total                          Min: 0, Avg:  0.0, Max: 0, Diff: 0, Sum: 0, Workers: 4
[1757.500s][debug][gc,phases      ] GC(80)   StringTable Weak               Min:  0.0, Avg:  0.1, Max:  0.2, Diff:  0.2, Sum:  0.3, Workers: 4
[1757.500s][debug][gc,phases      ] GC(80)     Dead                           Min: 0, Avg:  0.0, Max: 0, Diff: 0, Sum: 0, Workers: 4
[1757.500s][debug][gc,phases      ] GC(80)     Total                          Min: 0, Avg: 10773.0, Max: 25600, Diff: 25600, Sum: 43092, Workers: 4
[1757.500s][debug][gc,phases      ] GC(80)   ResolvedMethodTable Weak       Min:  0.0, Avg:  0.0, Max:  0.0, Diff:  0.0, Sum:  0.1, Workers: 4
[1757.500s][debug][gc,phases      ] GC(80)     Dead                           Min: 0, Avg:  0.0, Max: 0, Diff: 0, Sum: 0, Workers: 4
[1757.500s][debug][gc,phases      ] GC(80)     Total                          Min: 0, Avg: 2136.5, Max: 5120, Diff: 5120, Sum: 8546, Workers: 4
[1757.500s][debug][gc,phases      ] GC(80)   JNI Weak                       Min:  0.0, Avg:  0.0, Max:  0.0, Diff:  0.0, Sum:  0.0, Workers: 4
[1757.500s][debug][gc,phases      ] GC(80)     Dead                           Min: 0, Avg:  0.0, Max: 0, Diff: 0, Sum: 0, Workers: 4
[1757.500s][debug][gc,phases      ] GC(80)     Total                          Min: 0, Avg: 11.2, Max: 45, Diff: 45, Sum: 45, Workers: 4
[1757.500s][debug][gc,phases      ] GC(80)   StringDedup Table Weak         Min:  0.0, Avg:  0.0, Max:  0.0, Diff:  0.0, Sum:  0.0, Workers: 4
[1757.500s][debug][gc,phases      ] GC(80)     Dead                           Min: 0, Avg:  0.0, Max: 0, Diff: 0, Sum: 0, Workers: 4
[1757.500s][debug][gc,phases      ] GC(80)     Total                          Min: 0, Avg:  0.0, Max: 0, Diff: 0, Sum: 0, Workers: 4
[1757.500s][debug][gc,phases      ] GC(80)   StringDedup Requests0 Weak     Min:  0.0, Avg:  0.0, Max:  0.0, Diff:  0.0, Sum:  0.0, Workers: 4
[1757.500s][debug][gc,phases      ] GC(80)     Dead                           Min: 0, Avg:  0.0, Max: 0, Diff: 0, Sum: 0, Workers: 4
[1757.500s][debug][gc,phases      ] GC(80)     Total                          Min: 0, Avg:  0.0, Max: 0, Diff: 0, Sum: 0, Workers: 4
[1757.500s][debug][gc,phases      ] GC(80)   StringDedup Requests1 Weak     Min:  0.0, Avg:  0.0, Max:  0.0, Diff:  0.0, Sum:  0.0, Workers: 4
[1757.500s][debug][gc,phases      ] GC(80)     Dead                           Min: 0, Avg:  0.0, Max: 0, Diff: 0, Sum: 0, Workers: 4
[1757.500s][debug][gc,phases      ] GC(80)     Total                          Min: 0, Avg:  0.0, Max: 0, Diff: 0, Sum: 0, Workers: 4
[1757.500s][debug][gc,phases      ] GC(80)   Weak JFR Old Object Samples    Min:  0.0, Avg:  0.0, Max:  0.0, Diff:  0.0, Sum:  0.0, Workers: 4
[1757.500s][debug][gc,phases      ] GC(80)     Dead                           Min: 0, Avg:  0.0, Max: 0, Diff: 0, Sum: 0, Workers: 4
[1757.500s][debug][gc,phases      ] GC(80)     Total                          Min: 0, Avg:  0.0, Max: 0, Diff: 0, Sum: 0, Workers: 4
[1757.500s][debug][gc,phases      ] GC(80) Weak Processing 0.348ms
[1757.500s][debug][gc,age         ] GC(80) Desired survivor size 39845888 bytes, new threshold 15 (max threshold 15)
[1757.500s][info ][gc,heap        ] GC(80) PSYoungGen: 2012016K(2055168K)->1232K(2052608K) Eden: 2010624K(2010624K)->0K(2010624K) From: 1392K(44544K)->1232K(41984K)
[1757.500s][info ][gc,heap        ] GC(80) ParOldGen: 335738K(446976K)->335762K(446976K)
[1757.500s][info ][gc,metaspace   ] GC(80) Metaspace: 79041K(79872K)->79041K(79872K) NonClass: 67770K(68224K)->67770K(68224K) Class: 11271K(11648K)->11271K(11648K)
[1757.500s][info ][gc             ] GC(80) Pause Young (Allocation Failure) 2292M->329M(2441M) 3.765ms
[1757.500s][info ][gc,cpu         ] GC(80) User=0.01s Sys=0.00s Real=0.00s
[1757.500s][info ][safepoint      ] Safepoint "ParallelGCFailedAllocation", Time since last: 5819276427 ns, Reaching safepoint: 92301 ns, At safepoint: 3831719 ns, Total: 3924020 ns
[1782.241s][info ][gc,start       ] GC(81) Pause Young (Allocation Failure)
[1782.247s][debug][gc,phases      ] GC(81) Scavenge 5.488ms
[1782.247s][debug][gc,ref         ] GC(81) Skipped phase 1 of Reference Processing: no references
[1782.247s][debug][gc,ref         ] GC(81) ReferenceProcessor::execute queues: 1, RefProcThreadModel::Single, marks_oops_alive: false
[1782.247s][debug][gc,ref         ] GC(81) Skipped phase 3 of Reference Processing: no references
[1782.247s][debug][gc,ref         ] GC(81) ReferenceProcessor::execute queues: 1, RefProcThreadModel::Single, marks_oops_alive: false
[1782.247s][debug][gc,phases      ] GC(81) Reference Processing 0.094ms
[1782.247s][debug][gc,phases      ] GC(81)   VM Weak                        Min:  0.0, Avg:  0.0, Max:  0.0, Diff:  0.0, Sum:  0.0, Workers: 4
[1782.247s][debug][gc,phases      ] GC(81)     Dead                           Min: 0, Avg:  0.0, Max: 0, Diff: 0, Sum: 0, Workers: 4
[1782.247s][debug][gc,phases      ] GC(81)     Total                          Min: 0, Avg: 179.8, Max: 512, Diff: 512, Sum: 719, Workers: 4
[1782.247s][debug][gc,phases      ] GC(81)   ObjectSynchronizer Weak        Min:  0.0, Avg:  0.0, Max:  0.0, Diff:  0.0, Sum:  0.0, Workers: 4
[1782.247s][debug][gc,phases      ] GC(81)     Dead                           Min: 0, Avg:  0.0, Max: 0, Diff: 0, Sum: 0, Workers: 4
[1782.247s][debug][gc,phases      ] GC(81)     Total                          Min: 0, Avg:  8.0, Max: 32, Diff: 32, Sum: 32, Workers: 4
[1782.247s][debug][gc,phases      ] GC(81)   JVMTI Tag Weak OopStorage      Min:  0.0, Avg:  0.0, Max:  0.0, Diff:  0.0, Sum:  0.0, Workers: 4
[1782.247s][debug][gc,phases      ] GC(81)     Dead                           Min: 0, Avg:  0.0, Max: 0, Diff: 0, Sum: 0, Workers: 4
[1782.247s][debug][gc,phases      ] GC(81)     Total                          Min: 0, Avg:  0.0, Max: 0, Diff: 0, Sum: 0, Workers: 4
[1782.247s][debug][gc,phases      ] GC(81)   StringTable Weak               Min:  0.0, Avg:  0.1, Max:  0.2, Diff:  0.2, Sum:  0.3, Workers: 4
[1782.247s][debug][gc,phases      ] GC(81)     Dead                           Min: 0, Avg:  0.0, Max: 0, Diff: 0, Sum: 0, Workers: 4
[1782.247s][debug][gc,phases      ] GC(81)     Total                          Min: 0, Avg: 10773.0, Max: 26132, Diff: 26132, Sum: 43092, Workers: 4
[1782.247s][debug][gc,phases      ] GC(81)   ResolvedMethodTable Weak       Min:  0.0, Avg:  0.0, Max:  0.0, Diff:  0.0, Sum:  0.1, Workers: 4
[1782.247s][debug][gc,phases      ] GC(81)     Dead                           Min: 0, Avg:  0.0, Max: 0, Diff: 0, Sum: 0, Workers: 4
[1782.247s][debug][gc,phases      ] GC(81)     Total                          Min: 0, Avg: 2136.5, Max: 5154, Diff: 5154, Sum: 8546, Workers: 4
[1782.247s][debug][gc,phases      ] GC(81)   JNI Weak                       Min:  0.0, Avg:  0.0, Max:  0.0, Diff:  0.0, Sum:  0.0, Workers: 4
[1782.247s][debug][gc,phases      ] GC(81)     Dead                           Min: 0, Avg:  0.0, Max: 0, Diff: 0, Sum: 0, Workers: 4
[1782.247s][debug][gc,phases      ] GC(81)     Total                          Min: 0, Avg: 11.2, Max: 45, Diff: 45, Sum: 45, Workers: 4
[1782.247s][debug][gc,phases      ] GC(81)   StringDedup Table Weak         Min:  0.0, Avg:  0.0, Max:  0.0, Diff:  0.0, Sum:  0.0, Workers: 4
[1782.247s][debug][gc,phases      ] GC(81)     Dead                           Min: 0, Avg:  0.0, Max: 0, Diff: 0, Sum: 0, Workers: 4
[1782.247s][debug][gc,phases      ] GC(81)     Total                          Min: 0, Avg:  0.0, Max: 0, Diff: 0, Sum: 0, Workers: 4
[1782.247s][debug][gc,phases      ] GC(81)   StringDedup Requests0 Weak     Min:  0.0, Avg:  0.0, Max:  0.0, Diff:  0.0, Sum:  0.0, Workers: 4
[1782.247s][debug][gc,phases      ] GC(81)     Dead                           Min: 0, Avg:  0.0, Max: 0, Diff: 0, Sum: 0, Workers: 4
[1782.247s][debug][gc,phases      ] GC(81)     Total                          Min: 0, Avg:  0.0, Max: 0, Diff: 0, Sum: 0, Workers: 4
[1782.247s][debug][gc,phases      ] GC(81)   StringDedup Requests1 Weak     Min:  0.0, Avg:  0.0, Max:  0.0, Diff:  0.0, Sum:  0.0, Workers: 4
[1782.247s][debug][gc,phases      ] GC(81)     Dead                           Min: 0, Avg:  0.0, Max: 0, Diff: 0, Sum: 0, Workers: 4
[1782.247s][debug][gc,phases      ] GC(81)     Total                          Min: 0, Avg:  0.0, Max: 0, Diff: 0, Sum: 0, Workers: 4
[1782.247s][debug][gc,phases      ] GC(81)   Weak JFR Old Object Samples    Min:  0.0, Avg:  0.0, Max:  0.0, Diff:  0.0, Sum:  0.0, Workers: 4
[1782.247s][debug][gc,phases      ] GC(81)     Dead                           Min: 0, Avg:  0.0, Max: 0, Diff: 0, Sum: 0, Workers: 4
[1782.247s][debug][gc,phases      ] GC(81)     Total                          Min: 0, Avg:  0.0, Max: 0, Diff: 0, Sum: 0, Workers: 4
[1782.247s][debug][gc,phases      ] GC(81) Weak Processing 0.355ms
[1782.247s][debug][gc,age         ] GC(81) Desired survivor size 37224448 bytes, new threshold 15 (max threshold 15)
[1782.247s][info ][gc,heap        ] GC(81) PSYoungGen: 2011856K(2052608K)->1264K(2060800K) Eden: 2010624K(2010624K)->0K(2021888K) From: 1232K(41984K)->1264K(38912K)
[1782.247s][info ][gc,heap        ] GC(81) ParOldGen: 335762K(446976K)->335770K(446976K)
[1782.247s][info ][gc,metaspace   ] GC(81) Metaspace: 79041K(79872K)->79041K(79872K) NonClass: 67770K(68224K)->67770K(68224K) Class: 11271K(11648K)->11271K(11648K)
[1782.248s][info ][gc             ] GC(81) Pause Young (Allocation Failure) 2292M->329M(2449M) 6.037ms
[1782.248s][info ][gc,cpu         ] GC(81) User=0.01s Sys=0.00s Real=0.01s
[1782.248s][info ][safepoint      ] Safepoint "ParallelGCFailedAllocation", Time since last: 24741346360 ns, Reaching safepoint: 25301 ns, At safepoint: 6101132 ns, Total: 6126433 ns
[1796.249s][info ][safepoint      ] Safepoint "Cleanup", Time since last: 14000908145 ns, Reaching safepoint: 95001 ns, At safepoint: 5200 ns, Total: 100201 ns
[1797.249s][info ][safepoint      ] Safepoint "Cleanup", Time since last: 1000103646 ns, Reaching safepoint: 42000 ns, At safepoint: 5600 ns, Total: 47600 ns
[1799.249s][info ][safepoint      ] Safepoint "Cleanup", Time since last: 2000129613 ns, Reaching safepoint: 48701 ns, At safepoint: 2500 ns, Total: 51201 ns
[1800.249s][info ][safepoint      ] Safepoint "Cleanup", Time since last: 1000122257 ns, Reaching safepoint: 50600 ns, At safepoint: 2900 ns, Total: 53500 ns
[1801.315s][info ][safepoint      ] Safepoint "Cleanup", Time since last: 1065972290 ns, Reaching safepoint: 88900 ns, At safepoint: 2700 ns, Total: 91600 ns
[1802.315s][info ][safepoint      ] Safepoint "Cleanup", Time since last: 1000104757 ns, Reaching safepoint: 39500 ns, At safepoint: 2500 ns, Total: 42000 ns
[1805.139s][info ][gc,start       ] GC(82) Pause Young (Allocation Failure)
[1805.147s][debug][gc,phases      ] GC(82) Scavenge 7.493ms
[1805.147s][debug][gc,ref         ] GC(82) Skipped phase 1 of Reference Processing: no references
[1805.147s][debug][gc,ref         ] GC(82) ReferenceProcessor::execute queues: 1, RefProcThreadModel::Single, marks_oops_alive: false
[1805.147s][debug][gc,ref         ] GC(82) Skipped phase 3 of Reference Processing: no references
[1805.147s][debug][gc,ref         ] GC(82) ReferenceProcessor::execute queues: 1, RefProcThreadModel::Single, marks_oops_alive: false
[1805.147s][debug][gc,phases      ] GC(82) Reference Processing 0.122ms
[1805.147s][debug][gc,phases      ] GC(82)   VM Weak                        Min:  0.0, Avg:  0.0, Max:  0.0, Diff:  0.0, Sum:  0.0, Workers: 4
[1805.147s][debug][gc,phases      ] GC(82)     Dead                           Min: 0, Avg:  0.0, Max: 0, Diff: 0, Sum: 0, Workers: 4
[1805.147s][debug][gc,phases      ] GC(82)     Total                          Min: 0, Avg: 179.8, Max: 527, Diff: 527, Sum: 719, Workers: 4
[1805.147s][debug][gc,phases      ] GC(82)   ObjectSynchronizer Weak        Min:  0.0, Avg:  0.0, Max:  0.0, Diff:  0.0, Sum:  0.0, Workers: 4
[1805.147s][debug][gc,phases      ] GC(82)     Dead                           Min: 0, Avg:  0.0, Max: 0, Diff: 0, Sum: 0, Workers: 4
[1805.147s][debug][gc,phases      ] GC(82)     Total                          Min: 0, Avg:  8.0, Max: 32, Diff: 32, Sum: 32, Workers: 4
[1805.147s][debug][gc,phases      ] GC(82)   JVMTI Tag Weak OopStorage      Min:  0.0, Avg:  0.0, Max:  0.0, Diff:  0.0, Sum:  0.0, Workers: 4
[1805.147s][debug][gc,phases      ] GC(82)     Dead                           Min: 0, Avg:  0.0, Max: 0, Diff: 0, Sum: 0, Workers: 4
[1805.147s][debug][gc,phases      ] GC(82)     Total                          Min: 0, Avg:  0.0, Max: 0, Diff: 0, Sum: 0, Workers: 4
[1805.147s][debug][gc,phases      ] GC(82)   StringTable Weak               Min:  0.0, Avg:  0.1, Max:  0.1, Diff:  0.1, Sum:  0.4, Workers: 4
[1805.147s][debug][gc,phases      ] GC(82)     Dead                           Min: 0, Avg:  0.8, Max: 3, Diff: 3, Sum: 3, Workers: 4
[1805.147s][debug][gc,phases      ] GC(82)     Total                          Min: 0, Avg: 10779.2, Max: 16303, Diff: 16303, Sum: 43117, Workers: 4
[1805.147s][debug][gc,phases      ] GC(82)   ResolvedMethodTable Weak       Min:  0.0, Avg:  0.0, Max:  0.0, Diff:  0.0, Sum:  0.1, Workers: 4
[1805.147s][debug][gc,phases      ] GC(82)     Dead                           Min: 0, Avg:  0.2, Max: 1, Diff: 1, Sum: 1, Workers: 4
[1805.147s][debug][gc,phases      ] GC(82)     Total                          Min: 0, Avg: 2144.8, Max: 3008, Diff: 3008, Sum: 8579, Workers: 4
[1805.147s][debug][gc,phases      ] GC(82)   JNI Weak                       Min:  0.0, Avg:  0.0, Max:  0.0, Diff:  0.0, Sum:  0.0, Workers: 4
[1805.147s][debug][gc,phases      ] GC(82)     Dead                           Min: 0, Avg:  0.0, Max: 0, Diff: 0, Sum: 0, Workers: 4
[1805.147s][debug][gc,phases      ] GC(82)     Total                          Min: 0, Avg: 11.2, Max: 45, Diff: 45, Sum: 45, Workers: 4
[1805.147s][debug][gc,phases      ] GC(82)   StringDedup Table Weak         Min:  0.0, Avg:  0.0, Max:  0.0, Diff:  0.0, Sum:  0.0, Workers: 4
[1805.147s][debug][gc,phases      ] GC(82)     Dead                           Min: 0, Avg:  0.0, Max: 0, Diff: 0, Sum: 0, Workers: 4
[1805.147s][debug][gc,phases      ] GC(82)     Total                          Min: 0, Avg:  0.0, Max: 0, Diff: 0, Sum: 0, Workers: 4
[1805.147s][debug][gc,phases      ] GC(82)   StringDedup Requests0 Weak     Min:  0.0, Avg:  0.0, Max:  0.0, Diff:  0.0, Sum:  0.0, Workers: 4
[1805.147s][debug][gc,phases      ] GC(82)     Dead                           Min: 0, Avg:  0.0, Max: 0, Diff: 0, Sum: 0, Workers: 4
[1805.147s][debug][gc,phases      ] GC(82)     Total                          Min: 0, Avg:  0.0, Max: 0, Diff: 0, Sum: 0, Workers: 4
[1805.147s][debug][gc,phases      ] GC(82)   StringDedup Requests1 Weak     Min:  0.0, Avg:  0.0, Max:  0.0, Diff:  0.0, Sum:  0.0, Workers: 4
[1805.147s][debug][gc,phases      ] GC(82)     Dead                           Min: 0, Avg:  0.0, Max: 0, Diff: 0, Sum: 0, Workers: 4
[1805.147s][debug][gc,phases      ] GC(82)     Total                          Min: 0, Avg:  0.0, Max: 0, Diff: 0, Sum: 0, Workers: 4
[1805.147s][debug][gc,phases      ] GC(82)   Weak JFR Old Object Samples    Min:  0.0, Avg:  0.0, Max:  0.0, Diff:  0.0, Sum:  0.0, Workers: 4
[1805.147s][debug][gc,phases      ] GC(82)     Dead                           Min: 0, Avg:  0.0, Max: 0, Diff: 0, Sum: 0, Workers: 4
[1805.147s][debug][gc,phases      ] GC(82)     Total                          Min: 0, Avg:  0.0, Max: 0, Diff: 0, Sum: 0, Workers: 4
[1805.147s][debug][gc,phases      ] GC(82) Weak Processing 0.357ms
[1805.147s][debug][gc,age         ] GC(82) Desired survivor size 36700160 bytes, new threshold 15 (max threshold 15)
[1805.147s][info ][gc,heap        ] GC(82) PSYoungGen: 2023152K(2060800K)->12448K(2058240K) Eden: 2021888K(2021888K)->0K(2021888K) From: 1264K(38912K)->12448K(36352K)
[1805.147s][info ][gc,heap        ] GC(82) ParOldGen: 335770K(446976K)->335802K(446976K)
[1805.147s][info ][gc,metaspace   ] GC(82) Metaspace: 79136K(80000K)->79136K(80000K) NonClass: 67848K(68352K)->67848K(68352K) Class: 11288K(11648K)->11288K(11648K)
[1805.147s][info ][gc             ] GC(82) Pause Young (Allocation Failure) 2303M->340M(2446M) 8.101ms
[1805.147s][info ][gc,cpu         ] GC(82) User=0.02s Sys=0.00s Real=0.01s
[1805.147s][info ][safepoint      ] Safepoint "ParallelGCFailedAllocation", Time since last: 2823718678 ns, Reaching safepoint: 27300 ns, At safepoint: 8177742 ns, Total: 8205042 ns
[1806.147s][info ][safepoint      ] Safepoint "Cleanup", Time since last: 1000083623 ns, Reaching safepoint: 47200 ns, At safepoint: 2900 ns, Total: 50100 ns
[1812.148s][info ][safepoint      ] Safepoint "Cleanup", Time since last: 6000444801 ns, Reaching safepoint: 57601 ns, At safepoint: 4100 ns, Total: 61701 ns
[1814.148s][info ][safepoint      ] Safepoint "Cleanup", Time since last: 2000167653 ns, Reaching safepoint: 30900 ns, At safepoint: 2500 ns, Total: 33400 ns
[1815.522s][info ][safepoint      ] Safepoint "Cleanup", Time since last: 1374148732 ns, Reaching safepoint: 40600 ns, At safepoint: 9500 ns, Total: 50100 ns
[1816.522s][info ][safepoint      ] Safepoint "Cleanup", Time since last: 1000112518 ns, Reaching safepoint: 59900 ns, At safepoint: 4800 ns, Total: 64700 ns
[1818.472s][info ][safepoint      ] Safepoint "Cleanup", Time since last: 1949687077 ns, Reaching safepoint: 48900 ns, At safepoint: 3000 ns, Total: 51900 ns
[1819.472s][info ][safepoint      ] Safepoint "Cleanup", Time since last: 1000113718 ns, Reaching safepoint: 43000 ns, At safepoint: 2300 ns, Total: 45300 ns
[1821.473s][info ][safepoint      ] Safepoint "Cleanup", Time since last: 2000166544 ns, Reaching safepoint: 53800 ns, At safepoint: 4200 ns, Total: 58000 ns
[1828.992s][info ][gc,start       ] GC(83) Pause Young (Allocation Failure)
[1828.998s][debug][gc,phases      ] GC(83) Scavenge 6.338ms
[1828.998s][debug][gc,ref         ] GC(83) Skipped phase 1 of Reference Processing: no references
[1828.998s][debug][gc,ref         ] GC(83) ReferenceProcessor::execute queues: 1, RefProcThreadModel::Single, marks_oops_alive: false
[1828.998s][debug][gc,ref         ] GC(83) Skipped phase 3 of Reference Processing: no references
[1828.998s][debug][gc,ref         ] GC(83) ReferenceProcessor::execute queues: 1, RefProcThreadModel::Single, marks_oops_alive: false
[1828.998s][debug][gc,phases      ] GC(83) Reference Processing 0.138ms
[1828.999s][debug][gc,phases      ] GC(83)   VM Weak                        Min:  0.0, Avg:  0.0, Max:  0.0, Diff:  0.0, Sum:  0.0, Workers: 4
[1828.999s][debug][gc,phases      ] GC(83)     Dead                           Min: 0, Avg:  0.0, Max: 0, Diff: 0, Sum: 0, Workers: 4
[1828.999s][debug][gc,phases      ] GC(83)     Total                          Min: 0, Avg: 183.5, Max: 670, Diff: 670, Sum: 734, Workers: 4
[1828.999s][debug][gc,phases      ] GC(83)   ObjectSynchronizer Weak        Min:  0.0, Avg:  0.0, Max:  0.0, Diff:  0.0, Sum:  0.0, Workers: 4
[1828.999s][debug][gc,phases      ] GC(83)     Dead                           Min: 0, Avg:  0.0, Max: 0, Diff: 0, Sum: 0, Workers: 4
[1828.999s][debug][gc,phases      ] GC(83)     Total                          Min: 0, Avg:  8.0, Max: 32, Diff: 32, Sum: 32, Workers: 4
[1828.999s][debug][gc,phases      ] GC(83)   JVMTI Tag Weak OopStorage      Min:  0.0, Avg:  0.0, Max:  0.0, Diff:  0.0, Sum:  0.0, Workers: 4
[1828.999s][debug][gc,phases      ] GC(83)     Dead                           Min: 0, Avg:  0.0, Max: 0, Diff: 0, Sum: 0, Workers: 4
[1828.999s][debug][gc,phases      ] GC(83)     Total                          Min: 0, Avg:  0.0, Max: 0, Diff: 0, Sum: 0, Workers: 4
[1828.999s][debug][gc,phases      ] GC(83)   StringTable Weak               Min:  0.0, Avg:  0.1, Max:  0.2, Diff:  0.2, Sum:  0.4, Workers: 4
[1828.999s][debug][gc,phases      ] GC(83)     Dead                           Min: 0, Avg:  0.2, Max: 1, Diff: 1, Sum: 1, Workers: 4
[1828.999s][debug][gc,phases      ] GC(83)     Total                          Min: 0, Avg: 10785.2, Max: 21760, Diff: 21760, Sum: 43141, Workers: 4
[1828.999s][debug][gc,phases      ] GC(83)   ResolvedMethodTable Weak       Min:  0.0, Avg:  0.0, Max:  0.0, Diff:  0.0, Sum:  0.1, Workers: 4
[1828.999s][debug][gc,phases      ] GC(83)     Dead                           Min: 0, Avg:  0.0, Max: 0, Diff: 0, Sum: 0, Workers: 4
[1828.999s][debug][gc,phases      ] GC(83)     Total                          Min: 0, Avg: 2149.5, Max: 4438, Diff: 4438, Sum: 8598, Workers: 4
[1828.999s][debug][gc,phases      ] GC(83)   JNI Weak                       Min:  0.0, Avg:  0.0, Max:  0.0, Diff:  0.0, Sum:  0.0, Workers: 4
[1828.999s][debug][gc,phases      ] GC(83)     Dead                           Min: 0, Avg:  0.0, Max: 0, Diff: 0, Sum: 0, Workers: 4
[1828.999s][debug][gc,phases      ] GC(83)     Total                          Min: 0, Avg: 11.2, Max: 45, Diff: 45, Sum: 45, Workers: 4
[1828.999s][debug][gc,phases      ] GC(83)   StringDedup Table Weak         Min:  0.0, Avg:  0.0, Max:  0.0, Diff:  0.0, Sum:  0.0, Workers: 4
[1828.999s][debug][gc,phases      ] GC(83)     Dead                           Min: 0, Avg:  0.0, Max: 0, Diff: 0, Sum: 0, Workers: 4
[1828.999s][debug][gc,phases      ] GC(83)     Total                          Min: 0, Avg:  0.0, Max: 0, Diff: 0, Sum: 0, Workers: 4
[1828.999s][debug][gc,phases      ] GC(83)   StringDedup Requests0 Weak     Min:  0.0, Avg:  0.0, Max:  0.0, Diff:  0.0, Sum:  0.0, Workers: 4
[1828.999s][debug][gc,phases      ] GC(83)     Dead                           Min: 0, Avg:  0.0, Max: 0, Diff: 0, Sum: 0, Workers: 4
[1828.999s][debug][gc,phases      ] GC(83)     Total                          Min: 0, Avg:  0.0, Max: 0, Diff: 0, Sum: 0, Workers: 4
[1828.999s][debug][gc,phases      ] GC(83)   StringDedup Requests1 Weak     Min:  0.0, Avg:  0.0, Max:  0.0, Diff:  0.0, Sum:  0.0, Workers: 4
[1828.999s][debug][gc,phases      ] GC(83)     Dead                           Min: 0, Avg:  0.0, Max: 0, Diff: 0, Sum: 0, Workers: 4
[1828.999s][debug][gc,phases      ] GC(83)     Total                          Min: 0, Avg:  0.0, Max: 0, Diff: 0, Sum: 0, Workers: 4
[1828.999s][debug][gc,phases      ] GC(83)   Weak JFR Old Object Samples    Min:  0.0, Avg:  0.0, Max:  0.0, Diff:  0.0, Sum:  0.0, Workers: 4
[1828.999s][debug][gc,phases      ] GC(83)     Dead                           Min: 0, Avg:  0.0, Max: 0, Diff: 0, Sum: 0, Workers: 4
[1828.999s][debug][gc,phases      ] GC(83)     Total                          Min: 0, Avg:  0.0, Max: 0, Diff: 0, Sum: 0, Workers: 4
[1828.999s][debug][gc,phases      ] GC(83) Weak Processing 0.544ms
[1828.999s][debug][gc,age         ] GC(83) Desired survivor size 35127296 bytes, new threshold 15 (max threshold 15)
[1828.999s][info ][gc,heap        ] GC(83) PSYoungGen: 2034336K(2058240K)->8992K(2062848K) Eden: 2021888K(2021888K)->0K(2027008K) From: 12448K(36352K)->8992K(35840K)
[1828.999s][info ][gc,heap        ] GC(83) ParOldGen: 335802K(446976K)->335834K(446976K)
[1828.999s][info ][gc,metaspace   ] GC(83) Metaspace: 79187K(80128K)->79187K(80128K) NonClass: 67890K(68416K)->67890K(68416K) Class: 11296K(11712K)->11296K(11712K)
[1828.999s][info ][gc             ] GC(83) Pause Young (Allocation Failure) 2314M->336M(2451M) 7.164ms
[1828.999s][info ][gc,cpu         ] GC(83) User=0.02s Sys=0.00s Real=0.00s
[1828.999s][info ][safepoint      ] Safepoint "ParallelGCFailedAllocation", Time since last: 7519211059 ns, Reaching safepoint: 50601 ns, At safepoint: 7264937 ns, Total: 7315538 ns
[1830.999s][info ][safepoint      ] Safepoint "Cleanup", Time since last: 2000151527 ns, Reaching safepoint: 37600 ns, At safepoint: 3100 ns, Total: 40700 ns
[1832.999s][info ][safepoint      ] Safepoint "Cleanup", Time since last: 2000181824 ns, Reaching safepoint: 41600 ns, At safepoint: 8700 ns, Total: 50300 ns
[1837.000s][info ][safepoint      ] Safepoint "Cleanup", Time since last: 4000304249 ns, Reaching safepoint: 44000 ns, At safepoint: 2800 ns, Total: 46800 ns
[1841.000s][info ][safepoint      ] Safepoint "Cleanup", Time since last: 4000323700 ns, Reaching safepoint: 62800 ns, At safepoint: 3400 ns, Total: 66200 ns
[1847.001s][info ][safepoint      ] Safepoint "Cleanup", Time since last: 6000406468 ns, Reaching safepoint: 36600 ns, At safepoint: 3200 ns, Total: 39800 ns
[1850.001s][info ][safepoint      ] Safepoint "Cleanup", Time since last: 3000242224 ns, Reaching safepoint: 49900 ns, At safepoint: 5700 ns, Total: 55600 ns
[1853.001s][info ][safepoint      ] Safepoint "Cleanup", Time since last: 3000199523 ns, Reaching safepoint: 38801 ns, At safepoint: 4100 ns, Total: 42901 ns
[1853.641s][info ][gc,start       ] GC(84) Pause Young (Allocation Failure)
[1853.646s][debug][gc,phases      ] GC(84) Scavenge 4.885ms
[1853.646s][debug][gc,ref         ] GC(84) Skipped phase 1 of Reference Processing: no references
[1853.646s][debug][gc,ref         ] GC(84) ReferenceProcessor::execute queues: 1, RefProcThreadModel::Single, marks_oops_alive: false
[1853.646s][debug][gc,ref         ] GC(84) Skipped phase 3 of Reference Processing: no references
[1853.646s][debug][gc,ref         ] GC(84) ReferenceProcessor::execute queues: 1, RefProcThreadModel::Single, marks_oops_alive: false
[1853.646s][debug][gc,phases      ] GC(84) Reference Processing 0.093ms
[1853.646s][debug][gc,phases      ] GC(84)   VM Weak                        Min:  0.0, Avg:  0.0, Max:  0.0, Diff:  0.0, Sum:  0.0, Workers: 4
[1853.646s][debug][gc,phases      ] GC(84)     Dead                           Min: 0, Avg:  0.0, Max: 0, Diff: 0, Sum: 0, Workers: 4
[1853.646s][debug][gc,phases      ] GC(84)     Total                          Min: 0, Avg: 183.5, Max: 478, Diff: 478, Sum: 734, Workers: 4
[1853.646s][debug][gc,phases      ] GC(84)   ObjectSynchronizer Weak        Min:  0.0, Avg:  0.0, Max:  0.0, Diff:  0.0, Sum:  0.0, Workers: 4
[1853.646s][debug][gc,phases      ] GC(84)     Dead                           Min: 0, Avg:  0.0, Max: 0, Diff: 0, Sum: 0, Workers: 4
[1853.646s][debug][gc,phases      ] GC(84)     Total                          Min: 0, Avg:  8.0, Max: 32, Diff: 32, Sum: 32, Workers: 4
[1853.646s][debug][gc,phases      ] GC(84)   JVMTI Tag Weak OopStorage      Min:  0.0, Avg:  0.0, Max:  0.0, Diff:  0.0, Sum:  0.0, Workers: 4
[1853.646s][debug][gc,phases      ] GC(84)     Dead                           Min: 0, Avg:  0.0, Max: 0, Diff: 0, Sum: 0, Workers: 4
[1853.646s][debug][gc,phases      ] GC(84)     Total                          Min: 0, Avg:  0.0, Max: 0, Diff: 0, Sum: 0, Workers: 4
[1853.646s][debug][gc,phases      ] GC(84)   StringTable Weak               Min:  0.0, Avg:  0.1, Max:  0.1, Diff:  0.1, Sum:  0.3, Workers: 4
[1853.646s][debug][gc,phases      ] GC(84)     Dead                           Min: 0, Avg:  0.0, Max: 0, Diff: 0, Sum: 0, Workers: 4
[1853.646s][debug][gc,phases      ] GC(84)     Total                          Min: 0, Avg: 10785.5, Max: 25926, Diff: 25926, Sum: 43142, Workers: 4
[1853.646s][debug][gc,phases      ] GC(84)   ResolvedMethodTable Weak       Min:  0.0, Avg:  0.0, Max:  0.0, Diff:  0.0, Sum:  0.1, Workers: 4
[1853.646s][debug][gc,phases      ] GC(84)     Dead                           Min: 0, Avg:  0.0, Max: 0, Diff: 0, Sum: 0, Workers: 4
[1853.646s][debug][gc,phases      ] GC(84)     Total                          Min: 0, Avg: 2149.5, Max: 4992, Diff: 4992, Sum: 8598, Workers: 4
[1853.646s][debug][gc,phases      ] GC(84)   JNI Weak                       Min:  0.0, Avg:  0.0, Max:  0.0, Diff:  0.0, Sum:  0.0, Workers: 4
[1853.646s][debug][gc,phases      ] GC(84)     Dead                           Min: 0, Avg:  0.0, Max: 0, Diff: 0, Sum: 0, Workers: 4
[1853.646s][debug][gc,phases      ] GC(84)     Total                          Min: 0, Avg: 11.2, Max: 45, Diff: 45, Sum: 45, Workers: 4
[1853.646s][debug][gc,phases      ] GC(84)   StringDedup Table Weak         Min:  0.0, Avg:  0.0, Max:  0.0, Diff:  0.0, Sum:  0.0, Workers: 4
[1853.646s][debug][gc,phases      ] GC(84)     Dead                           Min: 0, Avg:  0.0, Max: 0, Diff: 0, Sum: 0, Workers: 4
[1853.646s][debug][gc,phases      ] GC(84)     Total                          Min: 0, Avg:  0.0, Max: 0, Diff: 0, Sum: 0, Workers: 4
[1853.646s][debug][gc,phases      ] GC(84)   StringDedup Requests0 Weak     Min:  0.0, Avg:  0.0, Max:  0.0, Diff:  0.0, Sum:  0.0, Workers: 4
[1853.646s][debug][gc,phases      ] GC(84)     Dead                           Min: 0, Avg:  0.0, Max: 0, Diff: 0, Sum: 0, Workers: 4
[1853.646s][debug][gc,phases      ] GC(84)     Total                          Min: 0, Avg:  0.0, Max: 0, Diff: 0, Sum: 0, Workers: 4
[1853.646s][debug][gc,phases      ] GC(84)   StringDedup Requests1 Weak     Min:  0.0, Avg:  0.0, Max:  0.0, Diff:  0.0, Sum:  0.0, Workers: 4
[1853.646s][debug][gc,phases      ] GC(84)     Dead                           Min: 0, Avg:  0.0, Max: 0, Diff: 0, Sum: 0, Workers: 4
[1853.646s][debug][gc,phases      ] GC(84)     Total                          Min: 0, Avg:  0.0, Max: 0, Diff: 0, Sum: 0, Workers: 4
[1853.646s][debug][gc,phases      ] GC(84)   Weak JFR Old Object Samples    Min:  0.0, Avg:  0.0, Max:  0.0, Diff:  0.0, Sum:  0.0, Workers: 4
[1853.646s][debug][gc,phases      ] GC(84)     Dead                           Min: 0, Avg:  0.0, Max: 0, Diff: 0, Sum: 0, Workers: 4
[1853.646s][debug][gc,phases      ] GC(84)     Total                          Min: 0, Avg:  0.0, Max: 0, Diff: 0, Sum: 0, Workers: 4
[1853.646s][debug][gc,phases      ] GC(84) Weak Processing 0.391ms
[1853.646s][debug][gc,age         ] GC(84) Desired survivor size 33030144 bytes, new threshold 15 (max threshold 15)
[1853.647s][info ][gc,heap        ] GC(84) PSYoungGen: 2036000K(2062848K)->7872K(2061312K) Eden: 2027008K(2027008K)->0K(2027008K) From: 8992K(35840K)->7872K(34304K)
[1853.647s][info ][gc,heap        ] GC(84) ParOldGen: 335834K(446976K)->335874K(446976K)
[1853.647s][info ][gc,metaspace   ] GC(84) Metaspace: 79187K(80128K)->79187K(80128K) NonClass: 67890K(68416K)->67890K(68416K) Class: 11296K(11712K)->11296K(11712K)
[1853.647s][info ][gc             ] GC(84) Pause Young (Allocation Failure) 2316M->335M(2449M) 5.478ms
[1853.647s][info ][gc,cpu         ] GC(84) User=0.02s Sys=0.00s Real=0.01s
[1853.647s][info ][safepoint      ] Safepoint "ParallelGCFailedAllocation", Time since last: 639713117 ns, Reaching safepoint: 102301 ns, At safepoint: 5549526 ns, Total: 5651827 ns
[1857.647s][info ][safepoint      ] Safepoint "Cleanup", Time since last: 4000287470 ns, Reaching safepoint: 47801 ns, At safepoint: 3100 ns, Total: 50901 ns
[1858.647s][info ][safepoint      ] Safepoint "Cleanup", Time since last: 1000055067 ns, Reaching safepoint: 41801 ns, At safepoint: 5200 ns, Total: 47001 ns
[1878.445s][info ][gc,start       ] GC(85) Pause Young (Allocation Failure)
[1878.451s][debug][gc,phases      ] GC(85) Scavenge 6.231ms
[1878.451s][debug][gc,ref         ] GC(85) Skipped phase 1 of Reference Processing: no references
[1878.451s][debug][gc,ref         ] GC(85) ReferenceProcessor::execute queues: 1, RefProcThreadModel::Single, marks_oops_alive: false
[1878.451s][debug][gc,ref         ] GC(85) Skipped phase 3 of Reference Processing: no references
[1878.451s][debug][gc,ref         ] GC(85) ReferenceProcessor::execute queues: 1, RefProcThreadModel::Single, marks_oops_alive: false
[1878.451s][debug][gc,phases      ] GC(85) Reference Processing 0.092ms
[1878.451s][debug][gc,phases      ] GC(85)   VM Weak                        Min:  0.0, Avg:  0.0, Max:  0.0, Diff:  0.0, Sum:  0.0, Workers: 4
[1878.451s][debug][gc,phases      ] GC(85)     Dead                           Min: 0, Avg:  0.0, Max: 0, Diff: 0, Sum: 0, Workers: 4
[1878.451s][debug][gc,phases      ] GC(85)     Total                          Min: 0, Avg: 183.5, Max: 448, Diff: 448, Sum: 734, Workers: 4
[1878.451s][debug][gc,phases      ] GC(85)   ObjectSynchronizer Weak        Min:  0.0, Avg:  0.0, Max:  0.0, Diff:  0.0, Sum:  0.0, Workers: 4
[1878.451s][debug][gc,phases      ] GC(85)     Dead                           Min: 0, Avg:  0.0, Max: 0, Diff: 0, Sum: 0, Workers: 4
[1878.451s][debug][gc,phases      ] GC(85)     Total                          Min: 0, Avg:  8.0, Max: 32, Diff: 32, Sum: 32, Workers: 4
[1878.451s][debug][gc,phases      ] GC(85)   JVMTI Tag Weak OopStorage      Min:  0.0, Avg:  0.0, Max:  0.0, Diff:  0.0, Sum:  0.0, Workers: 4
[1878.451s][debug][gc,phases      ] GC(85)     Dead                           Min: 0, Avg:  0.0, Max: 0, Diff: 0, Sum: 0, Workers: 4
[1878.451s][debug][gc,phases      ] GC(85)     Total                          Min: 0, Avg:  0.0, Max: 0, Diff: 0, Sum: 0, Workers: 4
[1878.451s][debug][gc,phases      ] GC(85)   StringTable Weak               Min:  0.0, Avg:  0.1, Max:  0.1, Diff:  0.1, Sum:  0.3, Workers: 4
[1878.451s][debug][gc,phases      ] GC(85)     Dead                           Min: 0, Avg:  0.0, Max: 0, Diff: 0, Sum: 0, Workers: 4
[1878.451s][debug][gc,phases      ] GC(85)     Total                          Min: 0, Avg: 10785.5, Max: 25600, Diff: 25600, Sum: 43142, Workers: 4
[1878.451s][debug][gc,phases      ] GC(85)   ResolvedMethodTable Weak       Min:  0.0, Avg:  0.0, Max:  0.0, Diff:  0.0, Sum:  0.1, Workers: 4
[1878.451s][debug][gc,phases      ] GC(85)     Dead                           Min: 0, Avg:  0.0, Max: 0, Diff: 0, Sum: 0, Workers: 4
[1878.451s][debug][gc,phases      ] GC(85)     Total                          Min: 0, Avg: 2149.5, Max: 5014, Diff: 5014, Sum: 8598, Workers: 4
[1878.451s][debug][gc,phases      ] GC(85)   JNI Weak                       Min:  0.0, Avg:  0.0, Max:  0.0, Diff:  0.0, Sum:  0.0, Workers: 4
[1878.451s][debug][gc,phases      ] GC(85)     Dead                           Min: 0, Avg:  0.0, Max: 0, Diff: 0, Sum: 0, Workers: 4
[1878.451s][debug][gc,phases      ] GC(85)     Total                          Min: 0, Avg: 11.2, Max: 45, Diff: 45, Sum: 45, Workers: 4
[1878.451s][debug][gc,phases      ] GC(85)   StringDedup Table Weak         Min:  0.0, Avg:  0.0, Max:  0.0, Diff:  0.0, Sum:  0.0, Workers: 4
[1878.451s][debug][gc,phases      ] GC(85)     Dead                           Min: 0, Avg:  0.0, Max: 0, Diff: 0, Sum: 0, Workers: 4
[1878.451s][debug][gc,phases      ] GC(85)     Total                          Min: 0, Avg:  0.0, Max: 0, Diff: 0, Sum: 0, Workers: 4
[1878.451s][debug][gc,phases      ] GC(85)   StringDedup Requests0 Weak     Min:  0.0, Avg:  0.0, Max:  0.0, Diff:  0.0, Sum:  0.0, Workers: 4
[1878.451s][debug][gc,phases      ] GC(85)     Dead                           Min: 0, Avg:  0.0, Max: 0, Diff: 0, Sum: 0, Workers: 4
[1878.451s][debug][gc,phases      ] GC(85)     Total                          Min: 0, Avg:  0.0, Max: 0, Diff: 0, Sum: 0, Workers: 4
[1878.451s][debug][gc,phases      ] GC(85)   StringDedup Requests1 Weak     Min:  0.0, Avg:  0.0, Max:  0.0, Diff:  0.0, Sum:  0.0, Workers: 4
[1878.451s][debug][gc,phases      ] GC(85)     Dead                           Min: 0, Avg:  0.0, Max: 0, Diff: 0, Sum: 0, Workers: 4
[1878.451s][debug][gc,phases      ] GC(85)     Total                          Min: 0, Avg:  0.0, Max: 0, Diff: 0, Sum: 0, Workers: 4
[1878.451s][debug][gc,phases      ] GC(85)   Weak JFR Old Object Samples    Min:  0.0, Avg:  0.0, Max:  0.0, Diff:  0.0, Sum:  0.0, Workers: 4
[1878.451s][debug][gc,phases      ] GC(85)     Dead                           Min: 0, Avg:  0.0, Max: 0, Diff: 0, Sum: 0, Workers: 4
[1878.451s][debug][gc,phases      ] GC(85)     Total                          Min: 0, Avg:  0.0, Max: 0, Diff: 0, Sum: 0, Workers: 4
[1878.451s][debug][gc,phases      ] GC(85) Weak Processing 0.352ms
[1878.451s][debug][gc,age         ] GC(85) Desired survivor size 30932992 bytes, new threshold 15 (max threshold 15)
[1878.451s][info ][gc,heap        ] GC(85) PSYoungGen: 2034880K(2061312K)->7680K(2066944K) Eden: 2027008K(2027008K)->0K(2034688K) From: 7872K(34304K)->7680K(32256K)
[1878.451s][info ][gc,heap        ] GC(85) ParOldGen: 335874K(446976K)->335906K(446976K)
[1878.451s][info ][gc,metaspace   ] GC(85) Metaspace: 79187K(80128K)->79187K(80128K) NonClass: 67891K(68416K)->67891K(68416K) Class: 11296K(11712K)->11296K(11712K)
[1878.451s][info ][gc             ] GC(85) Pause Young (Allocation Failure) 2315M->335M(2455M) 6.789ms
[1878.451s][info ][gc,cpu         ] GC(85) User=0.02s Sys=0.00s Real=0.01s
[1878.451s][info ][safepoint      ] Safepoint "ParallelGCFailedAllocation", Time since last: 19797406124 ns, Reaching safepoint: 42001 ns, At safepoint: 6874834 ns, Total: 6916835 ns
[1903.289s][info ][gc,start       ] GC(86) Pause Young (Allocation Failure)
[1903.294s][debug][gc,phases      ] GC(86) Scavenge 4.888ms
[1903.294s][debug][gc,ref         ] GC(86) Skipped phase 1 of Reference Processing: no references
[1903.294s][debug][gc,ref         ] GC(86) ReferenceProcessor::execute queues: 1, RefProcThreadModel::Single, marks_oops_alive: false
[1903.294s][debug][gc,ref         ] GC(86) Skipped phase 3 of Reference Processing: no references
[1903.294s][debug][gc,ref         ] GC(86) ReferenceProcessor::execute queues: 1, RefProcThreadModel::Single, marks_oops_alive: false
[1903.294s][debug][gc,phases      ] GC(86) Reference Processing 0.097ms
[1903.294s][debug][gc,phases      ] GC(86)   VM Weak                        Min:  0.0, Avg:  0.0, Max:  0.0, Diff:  0.0, Sum:  0.0, Workers: 4
[1903.294s][debug][gc,phases      ] GC(86)     Dead                           Min: 0, Avg:  0.0, Max: 0, Diff: 0, Sum: 0, Workers: 4
[1903.294s][debug][gc,phases      ] GC(86)     Total                          Min: 0, Avg: 183.5, Max: 734, Diff: 734, Sum: 734, Workers: 4
[1903.294s][debug][gc,phases      ] GC(86)   ObjectSynchronizer Weak        Min:  0.0, Avg:  0.0, Max:  0.0, Diff:  0.0, Sum:  0.0, Workers: 4
[1903.294s][debug][gc,phases      ] GC(86)     Dead                           Min: 0, Avg:  0.0, Max: 0, Diff: 0, Sum: 0, Workers: 4
[1903.294s][debug][gc,phases      ] GC(86)     Total                          Min: 0, Avg:  8.0, Max: 32, Diff: 32, Sum: 32, Workers: 4
[1903.294s][debug][gc,phases      ] GC(86)   JVMTI Tag Weak OopStorage      Min:  0.0, Avg:  0.0, Max:  0.0, Diff:  0.0, Sum:  0.0, Workers: 4
[1903.294s][debug][gc,phases      ] GC(86)     Dead                           Min: 0, Avg:  0.0, Max: 0, Diff: 0, Sum: 0, Workers: 4
[1903.294s][debug][gc,phases      ] GC(86)     Total                          Min: 0, Avg:  0.0, Max: 0, Diff: 0, Sum: 0, Workers: 4
[1903.294s][debug][gc,phases      ] GC(86)   StringTable Weak               Min:  0.0, Avg:  0.1, Max:  0.1, Diff:  0.1, Sum:  0.4, Workers: 4
[1903.294s][debug][gc,phases      ] GC(86)     Dead                           Min: 0, Avg:  0.0, Max: 0, Diff: 0, Sum: 0, Workers: 4
[1903.294s][debug][gc,phases      ] GC(86)     Total                          Min: 0, Avg: 10785.5, Max: 14528, Diff: 14528, Sum: 43142, Workers: 4
[1903.294s][debug][gc,phases      ] GC(86)   ResolvedMethodTable Weak       Min:  0.0, Avg:  0.0, Max:  0.0, Diff:  0.0, Sum:  0.1, Workers: 4
[1903.294s][debug][gc,phases      ] GC(86)     Dead                           Min: 0, Avg:  0.0, Max: 0, Diff: 0, Sum: 0, Workers: 4
[1903.294s][debug][gc,phases      ] GC(86)     Total                          Min: 0, Avg: 2149.5, Max: 2944, Diff: 2944, Sum: 8598, Workers: 4
[1903.294s][debug][gc,phases      ] GC(86)   JNI Weak                       Min:  0.0, Avg:  0.0, Max:  0.0, Diff:  0.0, Sum:  0.0, Workers: 4
[1903.294s][debug][gc,phases      ] GC(86)     Dead                           Min: 0, Avg:  0.0, Max: 0, Diff: 0, Sum: 0, Workers: 4
[1903.294s][debug][gc,phases      ] GC(86)     Total                          Min: 0, Avg: 11.2, Max: 45, Diff: 45, Sum: 45, Workers: 4
[1903.294s][debug][gc,phases      ] GC(86)   StringDedup Table Weak         Min:  0.0, Avg:  0.0, Max:  0.0, Diff:  0.0, Sum:  0.0, Workers: 4
[1903.294s][debug][gc,phases      ] GC(86)     Dead                           Min: 0, Avg:  0.0, Max: 0, Diff: 0, Sum: 0, Workers: 4
[1903.294s][debug][gc,phases      ] GC(86)     Total                          Min: 0, Avg:  0.0, Max: 0, Diff: 0, Sum: 0, Workers: 4
[1903.294s][debug][gc,phases      ] GC(86)   StringDedup Requests0 Weak     Min:  0.0, Avg:  0.0, Max:  0.0, Diff:  0.0, Sum:  0.0, Workers: 4
[1903.294s][debug][gc,phases      ] GC(86)     Dead                           Min: 0, Avg:  0.0, Max: 0, Diff: 0, Sum: 0, Workers: 4
[1903.294s][debug][gc,phases      ] GC(86)     Total                          Min: 0, Avg:  0.0, Max: 0, Diff: 0, Sum: 0, Workers: 4
[1903.294s][debug][gc,phases      ] GC(86)   StringDedup Requests1 Weak     Min:  0.0, Avg:  0.0, Max:  0.0, Diff:  0.0, Sum:  0.0, Workers: 4
[1903.294s][debug][gc,phases      ] GC(86)     Dead                           Min: 0, Avg:  0.0, Max: 0, Diff: 0, Sum: 0, Workers: 4
[1903.294s][debug][gc,phases      ] GC(86)     Total                          Min: 0, Avg:  0.0, Max: 0, Diff: 0, Sum: 0, Workers: 4
[1903.294s][debug][gc,phases      ] GC(86)   Weak JFR Old Object Samples    Min:  0.0, Avg:  0.0, Max:  0.0, Diff:  0.0, Sum:  0.0, Workers: 4
[1903.294s][debug][gc,phases      ] GC(86)     Dead                           Min: 0, Avg:  0.0, Max: 0, Diff: 0, Sum: 0, Workers: 4
[1903.294s][debug][gc,phases      ] GC(86)     Total                          Min: 0, Avg:  0.0, Max: 0, Diff: 0, Sum: 0, Workers: 4
[1903.294s][debug][gc,phases      ] GC(86) Weak Processing 0.406ms
[1903.294s][debug][gc,age         ] GC(86) Desired survivor size 28835840 bytes, new threshold 15 (max threshold 15)
[1903.294s][info ][gc,heap        ] GC(86) PSYoungGen: 2042368K(2066944K)->7792K(2064896K) Eden: 2034688K(2034688K)->0K(2034688K) From: 7680K(32256K)->7792K(30208K)
[1903.294s][info ][gc,heap        ] GC(86) ParOldGen: 335906K(446976K)->335938K(446976K)
[1903.294s][info ][gc,metaspace   ] GC(86) Metaspace: 79189K(80128K)->79189K(80128K) NonClass: 67892K(68416K)->67892K(68416K) Class: 11296K(11712K)->11296K(11712K)
[1903.295s][info ][gc             ] GC(86) Pause Young (Allocation Failure) 2322M->335M(2453M) 5.531ms
[1903.295s][info ][gc,cpu         ] GC(86) User=0.02s Sys=0.00s Real=0.01s
[1903.295s][info ][safepoint      ] Safepoint "ParallelGCFailedAllocation", Time since last: 24837528054 ns, Reaching safepoint: 74601 ns, At safepoint: 5614128 ns, Total: 5688729 ns
[1928.192s][info ][gc,start       ] GC(87) Pause Young (Allocation Failure)
[1928.198s][debug][gc,phases      ] GC(87) Scavenge 6.551ms
[1928.198s][debug][gc,ref         ] GC(87) Skipped phase 1 of Reference Processing: no references
[1928.199s][debug][gc,ref         ] GC(87) ReferenceProcessor::execute queues: 1, RefProcThreadModel::Single, marks_oops_alive: false
[1928.199s][debug][gc,ref         ] GC(87) Skipped phase 3 of Reference Processing: no references
[1928.199s][debug][gc,ref         ] GC(87) ReferenceProcessor::execute queues: 1, RefProcThreadModel::Single, marks_oops_alive: false
[1928.199s][debug][gc,phases      ] GC(87) Reference Processing 0.120ms
[1928.199s][debug][gc,phases      ] GC(87)   VM Weak                        Min:  0.0, Avg:  0.0, Max:  0.0, Diff:  0.0, Sum:  0.0, Workers: 4
[1928.199s][debug][gc,phases      ] GC(87)     Dead                           Min: 0, Avg:  0.0, Max: 0, Diff: 0, Sum: 0, Workers: 4
[1928.199s][debug][gc,phases      ] GC(87)     Total                          Min: 0, Avg: 183.5, Max: 448, Diff: 448, Sum: 734, Workers: 4
[1928.199s][debug][gc,phases      ] GC(87)   ObjectSynchronizer Weak        Min:  0.0, Avg:  0.0, Max:  0.0, Diff:  0.0, Sum:  0.0, Workers: 4
[1928.199s][debug][gc,phases      ] GC(87)     Dead                           Min: 0, Avg:  0.0, Max: 0, Diff: 0, Sum: 0, Workers: 4
[1928.199s][debug][gc,phases      ] GC(87)     Total                          Min: 0, Avg:  8.0, Max: 32, Diff: 32, Sum: 32, Workers: 4
[1928.199s][debug][gc,phases      ] GC(87)   JVMTI Tag Weak OopStorage      Min:  0.0, Avg:  0.0, Max:  0.0, Diff:  0.0, Sum:  0.0, Workers: 4
[1928.199s][debug][gc,phases      ] GC(87)     Dead                           Min: 0, Avg:  0.0, Max: 0, Diff: 0, Sum: 0, Workers: 4
[1928.199s][debug][gc,phases      ] GC(87)     Total                          Min: 0, Avg:  0.0, Max: 0, Diff: 0, Sum: 0, Workers: 4
[1928.199s][debug][gc,phases      ] GC(87)   StringTable Weak               Min:  0.0, Avg:  0.1, Max:  0.2, Diff:  0.2, Sum:  0.4, Workers: 4
[1928.199s][debug][gc,phases      ] GC(87)     Dead                           Min: 0, Avg:  0.0, Max: 0, Diff: 0, Sum: 0, Workers: 4
[1928.199s][debug][gc,phases      ] GC(87)     Total                          Min: 0, Avg: 10785.5, Max: 21760, Diff: 21760, Sum: 43142, Workers: 4
[1928.199s][debug][gc,phases      ] GC(87)   ResolvedMethodTable Weak       Min:  0.0, Avg:  0.0, Max:  0.0, Diff:  0.0, Sum:  0.1, Workers: 4
[1928.199s][debug][gc,phases      ] GC(87)     Dead                           Min: 0, Avg:  0.0, Max: 0, Diff: 0, Sum: 0, Workers: 4
[1928.199s][debug][gc,phases      ] GC(87)     Total                          Min: 0, Avg: 2149.5, Max: 4374, Diff: 4374, Sum: 8598, Workers: 4
[1928.199s][debug][gc,phases      ] GC(87)   JNI Weak                       Min:  0.0, Avg:  0.0, Max:  0.0, Diff:  0.0, Sum:  0.0, Workers: 4
[1928.199s][debug][gc,phases      ] GC(87)     Dead                           Min: 0, Avg:  0.0, Max: 0, Diff: 0, Sum: 0, Workers: 4
[1928.199s][debug][gc,phases      ] GC(87)     Total                          Min: 0, Avg: 11.2, Max: 45, Diff: 45, Sum: 45, Workers: 4
[1928.199s][debug][gc,phases      ] GC(87)   StringDedup Table Weak         Min:  0.0, Avg:  0.0, Max:  0.0, Diff:  0.0, Sum:  0.0, Workers: 4
[1928.199s][debug][gc,phases      ] GC(87)     Dead                           Min: 0, Avg:  0.0, Max: 0, Diff: 0, Sum: 0, Workers: 4
[1928.199s][debug][gc,phases      ] GC(87)     Total                          Min: 0, Avg:  0.0, Max: 0, Diff: 0, Sum: 0, Workers: 4
[1928.199s][debug][gc,phases      ] GC(87)   StringDedup Requests0 Weak     Min:  0.0, Avg:  0.0, Max:  0.0, Diff:  0.0, Sum:  0.0, Workers: 4
[1928.199s][debug][gc,phases      ] GC(87)     Dead                           Min: 0, Avg:  0.0, Max: 0, Diff: 0, Sum: 0, Workers: 4
[1928.199s][debug][gc,phases      ] GC(87)     Total                          Min: 0, Avg:  0.0, Max: 0, Diff: 0, Sum: 0, Workers: 4
[1928.199s][debug][gc,phases      ] GC(87)   StringDedup Requests1 Weak     Min:  0.0, Avg:  0.0, Max:  0.0, Diff:  0.0, Sum:  0.0, Workers: 4
[1928.199s][debug][gc,phases      ] GC(87)     Dead                           Min: 0, Avg:  0.0, Max: 0, Diff: 0, Sum: 0, Workers: 4
[1928.199s][debug][gc,phases      ] GC(87)     Total                          Min: 0, Avg:  0.0, Max: 0, Diff: 0, Sum: 0, Workers: 4
[1928.199s][debug][gc,phases      ] GC(87)   Weak JFR Old Object Samples    Min:  0.0, Avg:  0.0, Max:  0.0, Diff:  0.0, Sum:  0.0, Workers: 4
[1928.199s][debug][gc,phases      ] GC(87)     Dead                           Min: 0, Avg:  0.0, Max: 0, Diff: 0, Sum: 0, Workers: 4
[1928.199s][debug][gc,phases      ] GC(87)     Total                          Min: 0, Avg:  0.0, Max: 0, Diff: 0, Sum: 0, Workers: 4
[1928.199s][debug][gc,phases      ] GC(87) Weak Processing 0.378ms
[1928.199s][debug][gc,age         ] GC(87) Desired survivor size 27262976 bytes, new threshold 15 (max threshold 15)
[1928.199s][info ][gc,heap        ] GC(87) PSYoungGen: 2042480K(2064896K)->7840K(2070528K) Eden: 2034688K(2034688K)->0K(2042368K) From: 7792K(30208K)->7840K(28160K)
[1928.199s][info ][gc,heap        ] GC(87) ParOldGen: 335938K(446976K)->335970K(446976K)
[1928.199s][info ][gc,metaspace   ] GC(87) Metaspace: 79190K(80128K)->79190K(80128K) NonClass: 67894K(68416K)->67894K(68416K) Class: 11296K(11712K)->11296K(11712K)
[1928.199s][info ][gc             ] GC(87) Pause Young (Allocation Failure) 2322M->335M(2458M) 7.168ms
[1928.199s][info ][gc,cpu         ] GC(87) User=0.01s Sys=0.00s Real=0.00s
[1928.199s][info ][safepoint      ] Safepoint "ParallelGCFailedAllocation", Time since last: 24897169534 ns, Reaching safepoint: 42601 ns, At safepoint: 7232636 ns, Total: 7275237 ns
[1945.200s][info ][safepoint      ] Safepoint "Cleanup", Time since last: 17001128474 ns, Reaching safepoint: 37400 ns, At safepoint: 3200 ns, Total: 40600 ns
[1953.690s][info ][gc,start       ] GC(88) Pause Young (Allocation Failure)
[1953.695s][debug][gc,phases      ] GC(88) Scavenge 4.846ms
[1953.695s][debug][gc,ref         ] GC(88) Skipped phase 1 of Reference Processing: no references
[1953.695s][debug][gc,ref         ] GC(88) ReferenceProcessor::execute queues: 1, RefProcThreadModel::Single, marks_oops_alive: false
[1953.695s][debug][gc,ref         ] GC(88) Skipped phase 3 of Reference Processing: no references
[1953.695s][debug][gc,ref         ] GC(88) ReferenceProcessor::execute queues: 1, RefProcThreadModel::Single, marks_oops_alive: false
[1953.695s][debug][gc,phases      ] GC(88) Reference Processing 0.117ms
[1953.695s][debug][gc,phases      ] GC(88)   VM Weak                        Min:  0.0, Avg:  0.0, Max:  0.0, Diff:  0.0, Sum:  0.0, Workers: 4
[1953.695s][debug][gc,phases      ] GC(88)     Dead                           Min: 0, Avg:  0.0, Max: 0, Diff: 0, Sum: 0, Workers: 4
[1953.695s][debug][gc,phases      ] GC(88)     Total                          Min: 0, Avg: 183.5, Max: 512, Diff: 512, Sum: 734, Workers: 4
[1953.695s][debug][gc,phases      ] GC(88)   ObjectSynchronizer Weak        Min:  0.0, Avg:  0.0, Max:  0.0, Diff:  0.0, Sum:  0.0, Workers: 4
[1953.695s][debug][gc,phases      ] GC(88)     Dead                           Min: 0, Avg:  0.0, Max: 0, Diff: 0, Sum: 0, Workers: 4
[1953.695s][debug][gc,phases      ] GC(88)     Total                          Min: 0, Avg:  8.0, Max: 32, Diff: 32, Sum: 32, Workers: 4
[1953.695s][debug][gc,phases      ] GC(88)   JVMTI Tag Weak OopStorage      Min:  0.0, Avg:  0.0, Max:  0.0, Diff:  0.0, Sum:  0.0, Workers: 4
[1953.695s][debug][gc,phases      ] GC(88)     Dead                           Min: 0, Avg:  0.0, Max: 0, Diff: 0, Sum: 0, Workers: 4
[1953.695s][debug][gc,phases      ] GC(88)     Total                          Min: 0, Avg:  0.0, Max: 0, Diff: 0, Sum: 0, Workers: 4
[1953.695s][debug][gc,phases      ] GC(88)   StringTable Weak               Min:  0.0, Avg:  0.1, Max:  0.2, Diff:  0.2, Sum:  0.4, Workers: 4
[1953.695s][debug][gc,phases      ] GC(88)     Dead                           Min: 0, Avg:  0.0, Max: 0, Diff: 0, Sum: 0, Workers: 4
[1953.695s][debug][gc,phases      ] GC(88)     Total                          Min: 0, Avg: 10785.5, Max: 21760, Diff: 21760, Sum: 43142, Workers: 4
[1953.695s][debug][gc,phases      ] GC(88)   ResolvedMethodTable Weak       Min:  0.0, Avg:  0.0, Max:  0.0, Diff:  0.0, Sum:  0.1, Workers: 4
[1953.695s][debug][gc,phases      ] GC(88)     Dead                           Min: 0, Avg:  0.0, Max: 0, Diff: 0, Sum: 0, Workers: 4
[1953.695s][debug][gc,phases      ] GC(88)     Total                          Min: 0, Avg: 2149.5, Max: 4374, Diff: 4374, Sum: 8598, Workers: 4
[1953.695s][debug][gc,phases      ] GC(88)   JNI Weak                       Min:  0.0, Avg:  0.0, Max:  0.0, Diff:  0.0, Sum:  0.0, Workers: 4
[1953.695s][debug][gc,phases      ] GC(88)     Dead                           Min: 0, Avg:  0.0, Max: 0, Diff: 0, Sum: 0, Workers: 4
[1953.695s][debug][gc,phases      ] GC(88)     Total                          Min: 0, Avg: 11.2, Max: 45, Diff: 45, Sum: 45, Workers: 4
[1953.695s][debug][gc,phases      ] GC(88)   StringDedup Table Weak         Min:  0.0, Avg:  0.0, Max:  0.0, Diff:  0.0, Sum:  0.0, Workers: 4
[1953.695s][debug][gc,phases      ] GC(88)     Dead                           Min: 0, Avg:  0.0, Max: 0, Diff: 0, Sum: 0, Workers: 4
[1953.695s][debug][gc,phases      ] GC(88)     Total                          Min: 0, Avg:  0.0, Max: 0, Diff: 0, Sum: 0, Workers: 4
[1953.695s][debug][gc,phases      ] GC(88)   StringDedup Requests0 Weak     Min:  0.0, Avg:  0.0, Max:  0.0, Diff:  0.0, Sum:  0.0, Workers: 4
[1953.695s][debug][gc,phases      ] GC(88)     Dead                           Min: 0, Avg:  0.0, Max: 0, Diff: 0, Sum: 0, Workers: 4
[1953.695s][debug][gc,phases      ] GC(88)     Total                          Min: 0, Avg:  0.0, Max: 0, Diff: 0, Sum: 0, Workers: 4
[1953.695s][debug][gc,phases      ] GC(88)   StringDedup Requests1 Weak     Min:  0.0, Avg:  0.0, Max:  0.0, Diff:  0.0, Sum:  0.0, Workers: 4
[1953.695s][debug][gc,phases      ] GC(88)     Dead                           Min: 0, Avg:  0.0, Max: 0, Diff: 0, Sum: 0, Workers: 4
[1953.695s][debug][gc,phases      ] GC(88)     Total                          Min: 0, Avg:  0.0, Max: 0, Diff: 0, Sum: 0, Workers: 4
[1953.695s][debug][gc,phases      ] GC(88)   Weak JFR Old Object Samples    Min:  0.0, Avg:  0.0, Max:  0.0, Diff:  0.0, Sum:  0.0, Workers: 4
[1953.695s][debug][gc,phases      ] GC(88)     Dead                           Min: 0, Avg:  0.0, Max: 0, Diff: 0, Sum: 0, Workers: 4
[1953.695s][debug][gc,phases      ] GC(88)     Total                          Min: 0, Avg:  0.0, Max: 0, Diff: 0, Sum: 0, Workers: 4
[1953.695s][debug][gc,phases      ] GC(88) Weak Processing 0.459ms
[1953.695s][debug][gc,age         ] GC(88) Desired survivor size 25690112 bytes, new threshold 15 (max threshold 15)
[1953.695s][info ][gc,heap        ] GC(88) PSYoungGen: 2050208K(2070528K)->8000K(2068992K) Eden: 2042368K(2042368K)->0K(2042368K) From: 7840K(28160K)->8000K(26624K)
[1953.695s][info ][gc,heap        ] GC(88) ParOldGen: 335970K(446976K)->335978K(446976K)
[1953.695s][info ][gc,metaspace   ] GC(88) Metaspace: 79190K(80128K)->79190K(80128K) NonClass: 67894K(68416K)->67894K(68416K) Class: 11296K(11712K)->11296K(11712K)
[1953.695s][info ][gc             ] GC(88) Pause Young (Allocation Failure) 2330M->335M(2457M) 5.549ms
[1953.695s][info ][gc,cpu         ] GC(88) User=0.02s Sys=0.00s Real=0.01s
[1953.696s][info ][safepoint      ] Safepoint "ParallelGCFailedAllocation", Time since last: 8489709109 ns, Reaching safepoint: 33200 ns, At safepoint: 5624529 ns, Total: 5657729 ns
[1979.091s][info ][gc,start       ] GC(89) Pause Young (Allocation Failure)
[1979.095s][debug][gc,phases      ] GC(89) Scavenge 4.123ms
[1979.096s][debug][gc,ref         ] GC(89) Skipped phase 1 of Reference Processing: no references
[1979.096s][debug][gc,ref         ] GC(89) ReferenceProcessor::execute queues: 1, RefProcThreadModel::Single, marks_oops_alive: false
[1979.096s][debug][gc,ref         ] GC(89) Skipped phase 3 of Reference Processing: no references
[1979.096s][debug][gc,ref         ] GC(89) ReferenceProcessor::execute queues: 1, RefProcThreadModel::Single, marks_oops_alive: false
[1979.096s][debug][gc,phases      ] GC(89) Reference Processing 0.110ms
[1979.096s][debug][gc,phases      ] GC(89)   VM Weak                        Min:  0.0, Avg:  0.0, Max:  0.0, Diff:  0.0, Sum:  0.0, Workers: 4
[1979.096s][debug][gc,phases      ] GC(89)     Dead                           Min: 0, Avg:  0.0, Max: 0, Diff: 0, Sum: 0, Workers: 4
[1979.096s][debug][gc,phases      ] GC(89)     Total                          Min: 0, Avg: 183.5, Max: 448, Diff: 448, Sum: 734, Workers: 4
[1979.096s][debug][gc,phases      ] GC(89)   ObjectSynchronizer Weak        Min:  0.0, Avg:  0.0, Max:  0.0, Diff:  0.0, Sum:  0.0, Workers: 4
[1979.096s][debug][gc,phases      ] GC(89)     Dead                           Min: 0, Avg:  0.0, Max: 0, Diff: 0, Sum: 0, Workers: 4
[1979.096s][debug][gc,phases      ] GC(89)     Total                          Min: 0, Avg:  8.0, Max: 32, Diff: 32, Sum: 32, Workers: 4
[1979.096s][debug][gc,phases      ] GC(89)   JVMTI Tag Weak OopStorage      Min:  0.0, Avg:  0.0, Max:  0.0, Diff:  0.0, Sum:  0.0, Workers: 4
[1979.096s][debug][gc,phases      ] GC(89)     Dead                           Min: 0, Avg:  0.0, Max: 0, Diff: 0, Sum: 0, Workers: 4
[1979.096s][debug][gc,phases      ] GC(89)     Total                          Min: 0, Avg:  0.0, Max: 0, Diff: 0, Sum: 0, Workers: 4
[1979.096s][debug][gc,phases      ] GC(89)   StringTable Weak               Min:  0.0, Avg:  0.1, Max:  0.1, Diff:  0.1, Sum:  0.4, Workers: 4
[1979.096s][debug][gc,phases      ] GC(89)     Dead                           Min: 0, Avg:  0.0, Max: 0, Diff: 0, Sum: 0, Workers: 4
[1979.096s][debug][gc,phases      ] GC(89)     Total                          Min: 0, Avg: 10785.8, Max: 14727, Diff: 14727, Sum: 43143, Workers: 4
[1979.096s][debug][gc,phases      ] GC(89)   ResolvedMethodTable Weak       Min:  0.0, Avg:  0.0, Max:  0.0, Diff:  0.0, Sum:  0.1, Workers: 4
[1979.096s][debug][gc,phases      ] GC(89)     Dead                           Min: 0, Avg:  0.0, Max: 0, Diff: 0, Sum: 0, Workers: 4
[1979.096s][debug][gc,phases      ] GC(89)     Total                          Min: 0, Avg: 2149.5, Max: 3072, Diff: 3072, Sum: 8598, Workers: 4
[1979.096s][debug][gc,phases      ] GC(89)   JNI Weak                       Min:  0.0, Avg:  0.0, Max:  0.0, Diff:  0.0, Sum:  0.0, Workers: 4
[1979.096s][debug][gc,phases      ] GC(89)     Dead                           Min: 0, Avg:  0.0, Max: 0, Diff: 0, Sum: 0, Workers: 4
[1979.096s][debug][gc,phases      ] GC(89)     Total                          Min: 0, Avg: 11.2, Max: 45, Diff: 45, Sum: 45, Workers: 4
[1979.096s][debug][gc,phases      ] GC(89)   StringDedup Table Weak         Min:  0.0, Avg:  0.0, Max:  0.0, Diff:  0.0, Sum:  0.0, Workers: 4
[1979.096s][debug][gc,phases      ] GC(89)     Dead                           Min: 0, Avg:  0.0, Max: 0, Diff: 0, Sum: 0, Workers: 4
[1979.096s][debug][gc,phases      ] GC(89)     Total                          Min: 0, Avg:  0.0, Max: 0, Diff: 0, Sum: 0, Workers: 4
[1979.096s][debug][gc,phases      ] GC(89)   StringDedup Requests0 Weak     Min:  0.0, Avg:  0.0, Max:  0.0, Diff:  0.0, Sum:  0.0, Workers: 4
[1979.096s][debug][gc,phases      ] GC(89)     Dead                           Min: 0, Avg:  0.0, Max: 0, Diff: 0, Sum: 0, Workers: 4
[1979.096s][debug][gc,phases      ] GC(89)     Total                          Min: 0, Avg:  0.0, Max: 0, Diff: 0, Sum: 0, Workers: 4
[1979.096s][debug][gc,phases      ] GC(89)   StringDedup Requests1 Weak     Min:  0.0, Avg:  0.0, Max:  0.0, Diff:  0.0, Sum:  0.0, Workers: 4
[1979.096s][debug][gc,phases      ] GC(89)     Dead                           Min: 0, Avg:  0.0, Max: 0, Diff: 0, Sum: 0, Workers: 4
[1979.096s][debug][gc,phases      ] GC(89)     Total                          Min: 0, Avg:  0.0, Max: 0, Diff: 0, Sum: 0, Workers: 4
[1979.096s][debug][gc,phases      ] GC(89)   Weak JFR Old Object Samples    Min:  0.0, Avg:  0.0, Max:  0.0, Diff:  0.0, Sum:  0.0, Workers: 4
[1979.096s][debug][gc,phases      ] GC(89)     Dead                           Min: 0, Avg:  0.0, Max: 0, Diff: 0, Sum: 0, Workers: 4
[1979.096s][debug][gc,phases      ] GC(89)     Total                          Min: 0, Avg:  0.0, Max: 0, Diff: 0, Sum: 0, Workers: 4
[1979.096s][debug][gc,phases      ] GC(89) Weak Processing 0.380ms
[1979.096s][debug][gc,age         ] GC(89) Desired survivor size 24117248 bytes, new threshold 15 (max threshold 15)
[1979.096s][info ][gc,heap        ] GC(89) PSYoungGen: 2050368K(2068992K)->7872K(2073600K) Eden: 2042368K(2042368K)->0K(2048512K) From: 8000K(26624K)->7872K(25088K)
[1979.096s][info ][gc,heap        ] GC(89) ParOldGen: 335978K(446976K)->335986K(446976K)
[1979.096s][info ][gc,metaspace   ] GC(89) Metaspace: 79190K(80128K)->79190K(80128K) NonClass: 67894K(68416K)->67894K(68416K) Class: 11296K(11712K)->11296K(11712K)
[1979.096s][info ][gc             ] GC(89) Pause Young (Allocation Failure) 2330M->335M(2461M) 4.739ms
[1979.096s][info ][gc,cpu         ] GC(89) User=0.02s Sys=0.00s Real=0.00s
[1979.096s][info ][safepoint      ] Safepoint "ParallelGCFailedAllocation", Time since last: 25395716938 ns, Reaching safepoint: 25700 ns, At safepoint: 4833824 ns, Total: 4859524 ns
[1990.097s][info ][safepoint      ] Safepoint "Cleanup", Time since last: 11000738272 ns, Reaching safepoint: 47001 ns, At safepoint: 3100 ns, Total: 50101 ns
[1991.097s][info ][safepoint      ] Safepoint "Cleanup", Time since last: 1000111099 ns, Reaching safepoint: 39800 ns, At safepoint: 2700 ns, Total: 42500 ns
[2000.098s][info ][safepoint      ] Safepoint "Cleanup", Time since last: 9000614542 ns, Reaching safepoint: 51100 ns, At safepoint: 24300 ns, Total: 75400 ns
[2004.640s][info ][gc,start       ] GC(90) Pause Young (Allocation Failure)
[2004.645s][debug][gc,phases      ] GC(90) Scavenge 4.596ms
[2004.645s][debug][gc,ref         ] GC(90) Skipped phase 1 of Reference Processing: no references
[2004.645s][debug][gc,ref         ] GC(90) ReferenceProcessor::execute queues: 1, RefProcThreadModel::Single, marks_oops_alive: false
[2004.645s][debug][gc,ref         ] GC(90) Skipped phase 3 of Reference Processing: no references
[2004.645s][debug][gc,ref         ] GC(90) ReferenceProcessor::execute queues: 1, RefProcThreadModel::Single, marks_oops_alive: false
[2004.645s][debug][gc,phases      ] GC(90) Reference Processing 0.097ms
[2004.645s][debug][gc,phases      ] GC(90)   VM Weak                        Min:  0.0, Avg:  0.0, Max:  0.0, Diff:  0.0, Sum:  0.0, Workers: 4
[2004.645s][debug][gc,phases      ] GC(90)     Dead                           Min: 0, Avg:  0.0, Max: 0, Diff: 0, Sum: 0, Workers: 4
[2004.645s][debug][gc,phases      ] GC(90)     Total                          Min: 0, Avg: 183.5, Max: 734, Diff: 734, Sum: 734, Workers: 4
[2004.645s][debug][gc,phases      ] GC(90)   ObjectSynchronizer Weak        Min:  0.0, Avg:  0.0, Max:  0.0, Diff:  0.0, Sum:  0.0, Workers: 4
[2004.645s][debug][gc,phases      ] GC(90)     Dead                           Min: 0, Avg:  0.0, Max: 0, Diff: 0, Sum: 0, Workers: 4
[2004.645s][debug][gc,phases      ] GC(90)     Total                          Min: 0, Avg:  8.0, Max: 32, Diff: 32, Sum: 32, Workers: 4
[2004.645s][debug][gc,phases      ] GC(90)   JVMTI Tag Weak OopStorage      Min:  0.0, Avg:  0.0, Max:  0.0, Diff:  0.0, Sum:  0.0, Workers: 4
[2004.645s][debug][gc,phases      ] GC(90)     Dead                           Min: 0, Avg:  0.0, Max: 0, Diff: 0, Sum: 0, Workers: 4
[2004.645s][debug][gc,phases      ] GC(90)     Total                          Min: 0, Avg:  0.0, Max: 0, Diff: 0, Sum: 0, Workers: 4
[2004.645s][debug][gc,phases      ] GC(90)   StringTable Weak               Min:  0.0, Avg:  0.1, Max:  0.2, Diff:  0.2, Sum:  0.3, Workers: 4
[2004.645s][debug][gc,phases      ] GC(90)     Dead                           Min: 0, Avg:  0.2, Max: 1, Diff: 1, Sum: 1, Workers: 4
[2004.645s][debug][gc,phases      ] GC(90)     Total                          Min: 0, Avg: 10789.8, Max: 25663, Diff: 25663, Sum: 43159, Workers: 4
[2004.645s][debug][gc,phases      ] GC(90)   ResolvedMethodTable Weak       Min:  0.0, Avg:  0.0, Max:  0.0, Diff:  0.0, Sum:  0.1, Workers: 4
[2004.645s][debug][gc,phases      ] GC(90)     Dead                           Min: 0, Avg:  0.0, Max: 0, Diff: 0, Sum: 0, Workers: 4
[2004.645s][debug][gc,phases      ] GC(90)     Total                          Min: 0, Avg: 2154.8, Max: 5035, Diff: 5035, Sum: 8619, Workers: 4
[2004.645s][debug][gc,phases      ] GC(90)   JNI Weak                       Min:  0.0, Avg:  0.0, Max:  0.0, Diff:  0.0, Sum:  0.0, Workers: 4
[2004.645s][debug][gc,phases      ] GC(90)     Dead                           Min: 0, Avg:  0.0, Max: 0, Diff: 0, Sum: 0, Workers: 4
[2004.645s][debug][gc,phases      ] GC(90)     Total                          Min: 0, Avg: 11.2, Max: 45, Diff: 45, Sum: 45, Workers: 4
[2004.645s][debug][gc,phases      ] GC(90)   StringDedup Table Weak         Min:  0.0, Avg:  0.0, Max:  0.0, Diff:  0.0, Sum:  0.0, Workers: 4
[2004.645s][debug][gc,phases      ] GC(90)     Dead                           Min: 0, Avg:  0.0, Max: 0, Diff: 0, Sum: 0, Workers: 4
[2004.645s][debug][gc,phases      ] GC(90)     Total                          Min: 0, Avg:  0.0, Max: 0, Diff: 0, Sum: 0, Workers: 4
[2004.645s][debug][gc,phases      ] GC(90)   StringDedup Requests0 Weak     Min:  0.0, Avg:  0.0, Max:  0.0, Diff:  0.0, Sum:  0.0, Workers: 4
[2004.645s][debug][gc,phases      ] GC(90)     Dead                           Min: 0, Avg:  0.0, Max: 0, Diff: 0, Sum: 0, Workers: 4
[2004.645s][debug][gc,phases      ] GC(90)     Total                          Min: 0, Avg:  0.0, Max: 0, Diff: 0, Sum: 0, Workers: 4
[2004.645s][debug][gc,phases      ] GC(90)   StringDedup Requests1 Weak     Min:  0.0, Avg:  0.0, Max:  0.0, Diff:  0.0, Sum:  0.0, Workers: 4
[2004.645s][debug][gc,phases      ] GC(90)     Dead                           Min: 0, Avg:  0.0, Max: 0, Diff: 0, Sum: 0, Workers: 4
[2004.645s][debug][gc,phases      ] GC(90)     Total                          Min: 0, Avg:  0.0, Max: 0, Diff: 0, Sum: 0, Workers: 4
[2004.645s][debug][gc,phases      ] GC(90)   Weak JFR Old Object Samples    Min:  0.0, Avg:  0.0, Max:  0.0, Diff:  0.0, Sum:  0.0, Workers: 4
[2004.645s][debug][gc,phases      ] GC(90)     Dead                           Min: 0, Avg:  0.0, Max: 0, Diff: 0, Sum: 0, Workers: 4
[2004.645s][debug][gc,phases      ] GC(90)     Total                          Min: 0, Avg:  0.0, Max: 0, Diff: 0, Sum: 0, Workers: 4
[2004.645s][debug][gc,phases      ] GC(90) Weak Processing 0.348ms
[2004.645s][debug][gc,age         ] GC(90) Desired survivor size 23068672 bytes, new threshold 15 (max threshold 15)
[2004.645s][info ][gc,heap        ] GC(90) PSYoungGen: 2056384K(2073600K)->7952K(2072064K) Eden: 2048512K(2048512K)->0K(2048512K) From: 7872K(25088K)->7952K(23552K)
[2004.645s][info ][gc,heap        ] GC(90) ParOldGen: 335986K(446976K)->335986K(446976K)
[2004.645s][info ][gc,metaspace   ] GC(90) Metaspace: 79224K(80128K)->79224K(80128K) NonClass: 67919K(68416K)->67919K(68416K) Class: 11305K(11712K)->11305K(11712K)
[2004.645s][info ][gc             ] GC(90) Pause Young (Allocation Failure) 2336M->335M(2460M) 5.146ms
[2004.645s][info ][gc,cpu         ] GC(90) User=0.01s Sys=0.00s Real=0.01s
[2004.645s][info ][safepoint      ] Safepoint "ParallelGCFailedAllocation", Time since last: 4542166398 ns, Reaching safepoint: 38400 ns, At safepoint: 5212926 ns, Total: 5251326 ns
[2021.647s][info ][safepoint      ] Safepoint "Cleanup", Time since last: 17001218729 ns, Reaching safepoint: 122601 ns, At safepoint: 9600 ns, Total: 132201 ns
[2029.890s][info ][gc,start       ] GC(91) Pause Young (Allocation Failure)
[2029.895s][debug][gc,phases      ] GC(91) Scavenge 4.869ms
[2029.895s][debug][gc,ref         ] GC(91) Skipped phase 1 of Reference Processing: no references
[2029.895s][debug][gc,ref         ] GC(91) ReferenceProcessor::execute queues: 1, RefProcThreadModel::Single, marks_oops_alive: false
[2029.895s][debug][gc,ref         ] GC(91) Skipped phase 3 of Reference Processing: no references
[2029.895s][debug][gc,ref         ] GC(91) ReferenceProcessor::execute queues: 1, RefProcThreadModel::Single, marks_oops_alive: false
[2029.895s][debug][gc,phases      ] GC(91) Reference Processing 0.120ms
[2029.895s][debug][gc,phases      ] GC(91)   VM Weak                        Min:  0.0, Avg:  0.0, Max:  0.0, Diff:  0.0, Sum:  0.0, Workers: 4
[2029.895s][debug][gc,phases      ] GC(91)     Dead                           Min: 0, Avg:  0.0, Max: 0, Diff: 0, Sum: 0, Workers: 4
[2029.895s][debug][gc,phases      ] GC(91)     Total                          Min: 0, Avg: 183.5, Max: 606, Diff: 606, Sum: 734, Workers: 4
[2029.895s][debug][gc,phases      ] GC(91)   ObjectSynchronizer Weak        Min:  0.0, Avg:  0.0, Max:  0.0, Diff:  0.0, Sum:  0.0, Workers: 4
[2029.895s][debug][gc,phases      ] GC(91)     Dead                           Min: 0, Avg:  0.0, Max: 0, Diff: 0, Sum: 0, Workers: 4
[2029.895s][debug][gc,phases      ] GC(91)     Total                          Min: 0, Avg:  8.0, Max: 32, Diff: 32, Sum: 32, Workers: 4
[2029.895s][debug][gc,phases      ] GC(91)   JVMTI Tag Weak OopStorage      Min:  0.0, Avg:  0.0, Max:  0.0, Diff:  0.0, Sum:  0.0, Workers: 4
[2029.895s][debug][gc,phases      ] GC(91)     Dead                           Min: 0, Avg:  0.0, Max: 0, Diff: 0, Sum: 0, Workers: 4
[2029.895s][debug][gc,phases      ] GC(91)     Total                          Min: 0, Avg:  0.0, Max: 0, Diff: 0, Sum: 0, Workers: 4
[2029.895s][debug][gc,phases      ] GC(91)   StringTable Weak               Min:  0.0, Avg:  0.1, Max:  0.1, Diff:  0.1, Sum:  0.4, Workers: 4
[2029.895s][debug][gc,phases      ] GC(91)     Dead                           Min: 0, Avg:  0.0, Max: 0, Diff: 0, Sum: 0, Workers: 4
[2029.895s][debug][gc,phases      ] GC(91)     Total                          Min: 0, Avg: 10789.8, Max: 15256, Diff: 15256, Sum: 43159, Workers: 4
[2029.895s][debug][gc,phases      ] GC(91)   ResolvedMethodTable Weak       Min:  0.0, Avg:  0.0, Max:  0.0, Diff:  0.0, Sum:  0.1, Workers: 4
[2029.895s][debug][gc,phases      ] GC(91)     Dead                           Min: 0, Avg:  0.0, Max: 0, Diff: 0, Sum: 0, Workers: 4
[2029.895s][debug][gc,phases      ] GC(91)     Total                          Min: 0, Avg: 2154.8, Max: 3136, Diff: 3136, Sum: 8619, Workers: 4
[2029.895s][debug][gc,phases      ] GC(91)   JNI Weak                       Min:  0.0, Avg:  0.0, Max:  0.0, Diff:  0.0, Sum:  0.0, Workers: 4
[2029.895s][debug][gc,phases      ] GC(91)     Dead                           Min: 0, Avg:  0.0, Max: 0, Diff: 0, Sum: 0, Workers: 4
[2029.895s][debug][gc,phases      ] GC(91)     Total                          Min: 0, Avg: 11.2, Max: 45, Diff: 45, Sum: 45, Workers: 4
[2029.895s][debug][gc,phases      ] GC(91)   StringDedup Table Weak         Min:  0.0, Avg:  0.0, Max:  0.0, Diff:  0.0, Sum:  0.0, Workers: 4
[2029.895s][debug][gc,phases      ] GC(91)     Dead                           Min: 0, Avg:  0.0, Max: 0, Diff: 0, Sum: 0, Workers: 4
[2029.895s][debug][gc,phases      ] GC(91)     Total                          Min: 0, Avg:  0.0, Max: 0, Diff: 0, Sum: 0, Workers: 4
[2029.895s][debug][gc,phases      ] GC(91)   StringDedup Requests0 Weak     Min:  0.0, Avg:  0.0, Max:  0.0, Diff:  0.0, Sum:  0.0, Workers: 4
[2029.895s][debug][gc,phases      ] GC(91)     Dead                           Min: 0, Avg:  0.0, Max: 0, Diff: 0, Sum: 0, Workers: 4
[2029.895s][debug][gc,phases      ] GC(91)     Total                          Min: 0, Avg:  0.0, Max: 0, Diff: 0, Sum: 0, Workers: 4
[2029.895s][debug][gc,phases      ] GC(91)   StringDedup Requests1 Weak     Min:  0.0, Avg:  0.0, Max:  0.0, Diff:  0.0, Sum:  0.0, Workers: 4
[2029.895s][debug][gc,phases      ] GC(91)     Dead                           Min: 0, Avg:  0.0, Max: 0, Diff: 0, Sum: 0, Workers: 4
[2029.895s][debug][gc,phases      ] GC(91)     Total                          Min: 0, Avg:  0.0, Max: 0, Diff: 0, Sum: 0, Workers: 4
[2029.895s][debug][gc,phases      ] GC(91)   Weak JFR Old Object Samples    Min:  0.0, Avg:  0.0, Max:  0.0, Diff:  0.0, Sum:  0.0, Workers: 4
[2029.895s][debug][gc,phases      ] GC(91)     Dead                           Min: 0, Avg:  0.0, Max: 0, Diff: 0, Sum: 0, Workers: 4
[2029.895s][debug][gc,phases      ] GC(91)     Total                          Min: 0, Avg:  0.0, Max: 0, Diff: 0, Sum: 0, Workers: 4
[2029.895s][debug][gc,phases      ] GC(91) Weak Processing 0.385ms
[2029.895s][debug][gc,age         ] GC(91) Desired survivor size 21495808 bytes, new threshold 15 (max threshold 15)
[2029.895s][info ][gc,heap        ] GC(91) PSYoungGen: 2056464K(2072064K)->7904K(2076160K) Eden: 2048512K(2048512K)->0K(2053632K) From: 7952K(23552K)->7904K(22528K)
[2029.895s][info ][gc,heap        ] GC(91) ParOldGen: 335986K(446976K)->336010K(446976K)
[2029.895s][info ][gc,metaspace   ] GC(91) Metaspace: 79230K(80128K)->79230K(80128K) NonClass: 67924K(68416K)->67924K(68416K) Class: 11305K(11712K)->11305K(11712K)
[2029.895s][info ][gc             ] GC(91) Pause Young (Allocation Failure) 2336M->335M(2464M) 5.499ms
[2029.895s][info ][gc,cpu         ] GC(91) User=0.02s Sys=0.00s Real=0.01s
[2029.895s][info ][safepoint      ] Safepoint "ParallelGCFailedAllocation", Time since last: 8243183729 ns, Reaching safepoint: 35000 ns, At safepoint: 5597227 ns, Total: 5632227 ns
[2052.897s][info ][safepoint      ] Safepoint "Cleanup", Time since last: 23001596963 ns, Reaching safepoint: 58701 ns, At safepoint: 31100 ns, Total: 89801 ns
[2055.143s][info ][gc,start       ] GC(92) Pause Young (Allocation Failure)
[2055.150s][debug][gc,phases      ] GC(92) Scavenge 7.047ms
[2055.150s][debug][gc,ref         ] GC(92) Skipped phase 1 of Reference Processing: no references
[2055.150s][debug][gc,ref         ] GC(92) ReferenceProcessor::execute queues: 1, RefProcThreadModel::Single, marks_oops_alive: false
[2055.150s][debug][gc,ref         ] GC(92) Skipped phase 3 of Reference Processing: no references
[2055.150s][debug][gc,ref         ] GC(92) ReferenceProcessor::execute queues: 1, RefProcThreadModel::Single, marks_oops_alive: false
[2055.150s][debug][gc,phases      ] GC(92) Reference Processing 0.106ms
[2055.151s][debug][gc,phases      ] GC(92)   VM Weak                        Min:  0.0, Avg:  0.0, Max:  0.0, Diff:  0.0, Sum:  0.0, Workers: 4
[2055.151s][debug][gc,phases      ] GC(92)     Dead                           Min: 0, Avg:  0.0, Max: 0, Diff: 0, Sum: 0, Workers: 4
[2055.151s][debug][gc,phases      ] GC(92)     Total                          Min: 0, Avg: 183.5, Max: 448, Diff: 448, Sum: 734, Workers: 4
[2055.151s][debug][gc,phases      ] GC(92)   ObjectSynchronizer Weak        Min:  0.0, Avg:  0.0, Max:  0.0, Diff:  0.0, Sum:  0.0, Workers: 4
[2055.151s][debug][gc,phases      ] GC(92)     Dead                           Min: 0, Avg:  0.0, Max: 0, Diff: 0, Sum: 0, Workers: 4
[2055.151s][debug][gc,phases      ] GC(92)     Total                          Min: 0, Avg:  8.0, Max: 32, Diff: 32, Sum: 32, Workers: 4
[2055.151s][debug][gc,phases      ] GC(92)   JVMTI Tag Weak OopStorage      Min:  0.0, Avg:  0.0, Max:  0.0, Diff:  0.0, Sum:  0.0, Workers: 4
[2055.151s][debug][gc,phases      ] GC(92)     Dead                           Min: 0, Avg:  0.0, Max: 0, Diff: 0, Sum: 0, Workers: 4
[2055.151s][debug][gc,phases      ] GC(92)     Total                          Min: 0, Avg:  0.0, Max: 0, Diff: 0, Sum: 0, Workers: 4
[2055.151s][debug][gc,phases      ] GC(92)   StringTable Weak               Min:  0.0, Avg:  0.1, Max:  0.2, Diff:  0.2, Sum:  0.4, Workers: 4
[2055.151s][debug][gc,phases      ] GC(92)     Dead                           Min: 0, Avg:  0.0, Max: 0, Diff: 0, Sum: 0, Workers: 4
[2055.151s][debug][gc,phases      ] GC(92)     Total                          Min: 0, Avg: 10789.8, Max: 19135, Diff: 19135, Sum: 43159, Workers: 4
[2055.151s][debug][gc,phases      ] GC(92)   ResolvedMethodTable Weak       Min:  0.0, Avg:  0.0, Max:  0.0, Diff:  0.0, Sum:  0.1, Workers: 4
[2055.151s][debug][gc,phases      ] GC(92)     Dead                           Min: 0, Avg:  0.0, Max: 0, Diff: 0, Sum: 0, Workers: 4
[2055.151s][debug][gc,phases      ] GC(92)     Total                          Min: 0, Avg: 2154.8, Max: 2944, Diff: 2944, Sum: 8619, Workers: 4
[2055.151s][debug][gc,phases      ] GC(92)   JNI Weak                       Min:  0.0, Avg:  0.0, Max:  0.0, Diff:  0.0, Sum:  0.0, Workers: 4
[2055.151s][debug][gc,phases      ] GC(92)     Dead                           Min: 0, Avg:  0.0, Max: 0, Diff: 0, Sum: 0, Workers: 4
[2055.151s][debug][gc,phases      ] GC(92)     Total                          Min: 0, Avg: 11.2, Max: 45, Diff: 45, Sum: 45, Workers: 4
[2055.151s][debug][gc,phases      ] GC(92)   StringDedup Table Weak         Min:  0.0, Avg:  0.0, Max:  0.0, Diff:  0.0, Sum:  0.0, Workers: 4
[2055.151s][debug][gc,phases      ] GC(92)     Dead                           Min: 0, Avg:  0.0, Max: 0, Diff: 0, Sum: 0, Workers: 4
[2055.151s][debug][gc,phases      ] GC(92)     Total                          Min: 0, Avg:  0.0, Max: 0, Diff: 0, Sum: 0, Workers: 4
[2055.151s][debug][gc,phases      ] GC(92)   StringDedup Requests0 Weak     Min:  0.0, Avg:  0.0, Max:  0.0, Diff:  0.0, Sum:  0.0, Workers: 4
[2055.151s][debug][gc,phases      ] GC(92)     Dead                           Min: 0, Avg:  0.0, Max: 0, Diff: 0, Sum: 0, Workers: 4
[2055.151s][debug][gc,phases      ] GC(92)     Total                          Min: 0, Avg:  0.0, Max: 0, Diff: 0, Sum: 0, Workers: 4
[2055.151s][debug][gc,phases      ] GC(92)   StringDedup Requests1 Weak     Min:  0.0, Avg:  0.0, Max:  0.0, Diff:  0.0, Sum:  0.0, Workers: 4
[2055.151s][debug][gc,phases      ] GC(92)     Dead                           Min: 0, Avg:  0.0, Max: 0, Diff: 0, Sum: 0, Workers: 4
[2055.151s][debug][gc,phases      ] GC(92)     Total                          Min: 0, Avg:  0.0, Max: 0, Diff: 0, Sum: 0, Workers: 4
[2055.151s][debug][gc,phases      ] GC(92)   Weak JFR Old Object Samples    Min:  0.0, Avg:  0.0, Max:  0.0, Diff:  0.0, Sum:  0.0, Workers: 4
[2055.151s][debug][gc,phases      ] GC(92)     Dead                           Min: 0, Avg:  0.0, Max: 0, Diff: 0, Sum: 0, Workers: 4
[2055.151s][debug][gc,phases      ] GC(92)     Total                          Min: 0, Avg:  0.0, Max: 0, Diff: 0, Sum: 0, Workers: 4
[2055.151s][debug][gc,phases      ] GC(92) Weak Processing 0.354ms
[2055.151s][debug][gc,age         ] GC(92) Desired survivor size 20447232 bytes, new threshold 15 (max threshold 15)
[2055.151s][info ][gc,heap        ] GC(92) PSYoungGen: 2061536K(2076160K)->7808K(2074624K) Eden: 2053632K(2053632K)->0K(2053632K) From: 7904K(22528K)->7808K(20992K)
[2055.151s][info ][gc,heap        ] GC(92) ParOldGen: 336010K(446976K)->336146K(446976K)
[2055.151s][info ][gc,metaspace   ] GC(92) Metaspace: 79231K(80128K)->79231K(80128K) NonClass: 67926K(68416K)->67926K(68416K) Class: 11305K(11712K)->11305K(11712K)
[2055.151s][info ][gc             ] GC(92) Pause Young (Allocation Failure) 2341M->335M(2462M) 7.619ms
[2055.151s][info ][gc,cpu         ] GC(92) User=0.02s Sys=0.00s Real=0.01s
[2055.151s][info ][safepoint      ] Safepoint "ParallelGCFailedAllocation", Time since last: 2246055551 ns, Reaching safepoint: 34400 ns, At safepoint: 7686337 ns, Total: 7720737 ns
[2080.641s][info ][gc,start       ] GC(93) Pause Young (Allocation Failure)
[2080.645s][debug][gc,phases      ] GC(93) Scavenge 4.508ms
[2080.645s][debug][gc,ref         ] GC(93) Skipped phase 1 of Reference Processing: no references
[2080.645s][debug][gc,ref         ] GC(93) ReferenceProcessor::execute queues: 1, RefProcThreadModel::Single, marks_oops_alive: false
[2080.645s][debug][gc,ref         ] GC(93) Skipped phase 3 of Reference Processing: no references
[2080.645s][debug][gc,ref         ] GC(93) ReferenceProcessor::execute queues: 1, RefProcThreadModel::Single, marks_oops_alive: false
[2080.645s][debug][gc,phases      ] GC(93) Reference Processing 0.094ms
[2080.645s][debug][gc,phases      ] GC(93)   VM Weak                        Min:  0.0, Avg:  0.0, Max:  0.0, Diff:  0.0, Sum:  0.0, Workers: 4
[2080.645s][debug][gc,phases      ] GC(93)     Dead                           Min: 0, Avg:  0.0, Max: 0, Diff: 0, Sum: 0, Workers: 4
[2080.645s][debug][gc,phases      ] GC(93)     Total                          Min: 0, Avg: 183.5, Max: 512, Diff: 512, Sum: 734, Workers: 4
[2080.645s][debug][gc,phases      ] GC(93)   ObjectSynchronizer Weak        Min:  0.0, Avg:  0.0, Max:  0.0, Diff:  0.0, Sum:  0.0, Workers: 4
[2080.645s][debug][gc,phases      ] GC(93)     Dead                           Min: 0, Avg:  0.0, Max: 0, Diff: 0, Sum: 0, Workers: 4
[2080.646s][debug][gc,phases      ] GC(93)     Total                          Min: 0, Avg:  8.0, Max: 32, Diff: 32, Sum: 32, Workers: 4
[2080.646s][debug][gc,phases      ] GC(93)   JVMTI Tag Weak OopStorage      Min:  0.0, Avg:  0.0, Max:  0.0, Diff:  0.0, Sum:  0.0, Workers: 4
[2080.646s][debug][gc,phases      ] GC(93)     Dead                           Min: 0, Avg:  0.0, Max: 0, Diff: 0, Sum: 0, Workers: 4
[2080.646s][debug][gc,phases      ] GC(93)     Total                          Min: 0, Avg:  0.0, Max: 0, Diff: 0, Sum: 0, Workers: 4
[2080.646s][debug][gc,phases      ] GC(93)   StringTable Weak               Min:  0.0, Avg:  0.1, Max:  0.2, Diff:  0.2, Sum:  0.3, Workers: 4
[2080.646s][debug][gc,phases      ] GC(93)     Dead                           Min: 0, Avg:  0.0, Max: 0, Diff: 0, Sum: 0, Workers: 4
[2080.646s][debug][gc,phases      ] GC(93)     Total                          Min: 0, Avg: 10790.0, Max: 26303, Diff: 26303, Sum: 43160, Workers: 4
[2080.646s][debug][gc,phases      ] GC(93)   ResolvedMethodTable Weak       Min:  0.0, Avg:  0.0, Max:  0.0, Diff:  0.0, Sum:  0.1, Workers: 4
[2080.646s][debug][gc,phases      ] GC(93)     Dead                           Min: 0, Avg:  0.0, Max: 0, Diff: 0, Sum: 0, Workers: 4
[2080.646s][debug][gc,phases      ] GC(93)     Total                          Min: 0, Avg: 2154.8, Max: 4928, Diff: 4928, Sum: 8619, Workers: 4
[2080.646s][debug][gc,phases      ] GC(93)   JNI Weak                       Min:  0.0, Avg:  0.0, Max:  0.0, Diff:  0.0, Sum:  0.0, Workers: 4
[2080.646s][debug][gc,phases      ] GC(93)     Dead                           Min: 0, Avg:  0.0, Max: 0, Diff: 0, Sum: 0, Workers: 4
[2080.646s][debug][gc,phases      ] GC(93)     Total                          Min: 0, Avg: 11.2, Max: 45, Diff: 45, Sum: 45, Workers: 4
[2080.646s][debug][gc,phases      ] GC(93)   StringDedup Table Weak         Min:  0.0, Avg:  0.0, Max:  0.0, Diff:  0.0, Sum:  0.0, Workers: 4
[2080.646s][debug][gc,phases      ] GC(93)     Dead                           Min: 0, Avg:  0.0, Max: 0, Diff: 0, Sum: 0, Workers: 4
[2080.646s][debug][gc,phases      ] GC(93)     Total                          Min: 0, Avg:  0.0, Max: 0, Diff: 0, Sum: 0, Workers: 4
[2080.646s][debug][gc,phases      ] GC(93)   StringDedup Requests0 Weak     Min:  0.0, Avg:  0.0, Max:  0.0, Diff:  0.0, Sum:  0.0, Workers: 4
[2080.646s][debug][gc,phases      ] GC(93)     Dead                           Min: 0, Avg:  0.0, Max: 0, Diff: 0, Sum: 0, Workers: 4
[2080.646s][debug][gc,phases      ] GC(93)     Total                          Min: 0, Avg:  0.0, Max: 0, Diff: 0, Sum: 0, Workers: 4
[2080.646s][debug][gc,phases      ] GC(93)   StringDedup Requests1 Weak     Min:  0.0, Avg:  0.0, Max:  0.0, Diff:  0.0, Sum:  0.0, Workers: 4
[2080.646s][debug][gc,phases      ] GC(93)     Dead                           Min: 0, Avg:  0.0, Max: 0, Diff: 0, Sum: 0, Workers: 4
[2080.646s][debug][gc,phases      ] GC(93)     Total                          Min: 0, Avg:  0.0, Max: 0, Diff: 0, Sum: 0, Workers: 4
[2080.646s][debug][gc,phases      ] GC(93)   Weak JFR Old Object Samples    Min:  0.0, Avg:  0.0, Max:  0.0, Diff:  0.0, Sum:  0.0, Workers: 4
[2080.646s][debug][gc,phases      ] GC(93)     Dead                           Min: 0, Avg:  0.0, Max: 0, Diff: 0, Sum: 0, Workers: 4
[2080.646s][debug][gc,phases      ] GC(93)     Total                          Min: 0, Avg:  0.0, Max: 0, Diff: 0, Sum: 0, Workers: 4
[2080.646s][debug][gc,phases      ] GC(93) Weak Processing 0.343ms
[2080.646s][debug][gc,age         ] GC(93) Desired survivor size 19398656 bytes, new threshold 15 (max threshold 15)
[2080.646s][info ][gc,heap        ] GC(93) PSYoungGen: 2061440K(2074624K)->7680K(2078208K) Eden: 2053632K(2053632K)->0K(2058240K) From: 7808K(20992K)->7680K(19968K)
[2080.646s][info ][gc,heap        ] GC(93) ParOldGen: 336146K(446976K)->336194K(446976K)
[2080.646s][info ][gc,metaspace   ] GC(93) Metaspace: 79231K(80128K)->79231K(80128K) NonClass: 67926K(68416K)->67926K(68416K) Class: 11305K(11712K)->11305K(11712K)
[2080.646s][info ][gc             ] GC(93) Pause Young (Allocation Failure) 2341M->335M(2466M) 5.052ms
[2080.646s][info ][gc,cpu         ] GC(93) User=0.02s Sys=0.00s Real=0.01s
[2080.646s][info ][safepoint      ] Safepoint "ParallelGCFailedAllocation", Time since last: 25489712332 ns, Reaching safepoint: 36001 ns, At safepoint: 5129725 ns, Total: 5165726 ns
[2083.646s][info ][safepoint      ] Safepoint "Cleanup", Time since last: 3000185215 ns, Reaching safepoint: 45800 ns, At safepoint: 4500 ns, Total: 50300 ns
[2106.040s][info ][gc,start       ] GC(94) Pause Young (Allocation Failure)
[2106.045s][debug][gc,phases      ] GC(94) Scavenge 5.783ms
[2106.045s][debug][gc,ref         ] GC(94) Skipped phase 1 of Reference Processing: no references
[2106.045s][debug][gc,ref         ] GC(94) ReferenceProcessor::execute queues: 1, RefProcThreadModel::Single, marks_oops_alive: false
[2106.045s][debug][gc,ref         ] GC(94) Skipped phase 3 of Reference Processing: no references
[2106.045s][debug][gc,ref         ] GC(94) ReferenceProcessor::execute queues: 1, RefProcThreadModel::Single, marks_oops_alive: false
[2106.046s][debug][gc,phases      ] GC(94) Reference Processing 0.097ms
[2106.046s][debug][gc,phases      ] GC(94)   VM Weak                        Min:  0.0, Avg:  0.0, Max:  0.0, Diff:  0.0, Sum:  0.0, Workers: 4
[2106.046s][debug][gc,phases      ] GC(94)     Dead                           Min: 0, Avg:  0.0, Max: 0, Diff: 0, Sum: 0, Workers: 4
[2106.046s][debug][gc,phases      ] GC(94)     Total                          Min: 0, Avg: 183.5, Max: 640, Diff: 640, Sum: 734, Workers: 4
[2106.046s][debug][gc,phases      ] GC(94)   ObjectSynchronizer Weak        Min:  0.0, Avg:  0.0, Max:  0.0, Diff:  0.0, Sum:  0.0, Workers: 4
[2106.046s][debug][gc,phases      ] GC(94)     Dead                           Min: 0, Avg:  0.0, Max: 0, Diff: 0, Sum: 0, Workers: 4
[2106.046s][debug][gc,phases      ] GC(94)     Total                          Min: 0, Avg:  8.0, Max: 32, Diff: 32, Sum: 32, Workers: 4
[2106.046s][debug][gc,phases      ] GC(94)   JVMTI Tag Weak OopStorage      Min:  0.0, Avg:  0.0, Max:  0.0, Diff:  0.0, Sum:  0.0, Workers: 4
[2106.046s][debug][gc,phases      ] GC(94)     Dead                           Min: 0, Avg:  0.0, Max: 0, Diff: 0, Sum: 0, Workers: 4
[2106.046s][debug][gc,phases      ] GC(94)     Total                          Min: 0, Avg:  0.0, Max: 0, Diff: 0, Sum: 0, Workers: 4
[2106.046s][debug][gc,phases      ] GC(94)   StringTable Weak               Min:  0.0, Avg:  0.1, Max:  0.1, Diff:  0.1, Sum:  0.4, Workers: 4
[2106.046s][debug][gc,phases      ] GC(94)     Dead                           Min: 0, Avg:  0.0, Max: 0, Diff: 0, Sum: 0, Workers: 4
[2106.046s][debug][gc,phases      ] GC(94)     Total                          Min: 0, Avg: 10790.0, Max: 15167, Diff: 15167, Sum: 43160, Workers: 4
[2106.046s][debug][gc,phases      ] GC(94)   ResolvedMethodTable Weak       Min:  0.0, Avg:  0.0, Max:  0.0, Diff:  0.0, Sum:  0.1, Workers: 4
[2106.046s][debug][gc,phases      ] GC(94)     Dead                           Min: 0, Avg:  0.0, Max: 0, Diff: 0, Sum: 0, Workers: 4
[2106.046s][debug][gc,phases      ] GC(94)     Total                          Min: 0, Avg: 2154.8, Max: 2923, Diff: 2923, Sum: 8619, Workers: 4
[2106.046s][debug][gc,phases      ] GC(94)   JNI Weak                       Min:  0.0, Avg:  0.0, Max:  0.0, Diff:  0.0, Sum:  0.0, Workers: 4
[2106.046s][debug][gc,phases      ] GC(94)     Dead                           Min: 0, Avg:  0.0, Max: 0, Diff: 0, Sum: 0, Workers: 4
[2106.046s][debug][gc,phases      ] GC(94)     Total                          Min: 0, Avg: 11.2, Max: 45, Diff: 45, Sum: 45, Workers: 4
[2106.046s][debug][gc,phases      ] GC(94)   StringDedup Table Weak         Min:  0.0, Avg:  0.0, Max:  0.0, Diff:  0.0, Sum:  0.0, Workers: 4
[2106.046s][debug][gc,phases      ] GC(94)     Dead                           Min: 0, Avg:  0.0, Max: 0, Diff: 0, Sum: 0, Workers: 4
[2106.046s][debug][gc,phases      ] GC(94)     Total                          Min: 0, Avg:  0.0, Max: 0, Diff: 0, Sum: 0, Workers: 4
[2106.046s][debug][gc,phases      ] GC(94)   StringDedup Requests0 Weak     Min:  0.0, Avg:  0.0, Max:  0.0, Diff:  0.0, Sum:  0.0, Workers: 4
[2106.046s][debug][gc,phases      ] GC(94)     Dead                           Min: 0, Avg:  0.0, Max: 0, Diff: 0, Sum: 0, Workers: 4
[2106.046s][debug][gc,phases      ] GC(94)     Total                          Min: 0, Avg:  0.0, Max: 0, Diff: 0, Sum: 0, Workers: 4
[2106.046s][debug][gc,phases      ] GC(94)   StringDedup Requests1 Weak     Min:  0.0, Avg:  0.0, Max:  0.0, Diff:  0.0, Sum:  0.0, Workers: 4
[2106.046s][debug][gc,phases      ] GC(94)     Dead                           Min: 0, Avg:  0.0, Max: 0, Diff: 0, Sum: 0, Workers: 4
[2106.046s][debug][gc,phases      ] GC(94)     Total                          Min: 0, Avg:  0.0, Max: 0, Diff: 0, Sum: 0, Workers: 4
[2106.046s][debug][gc,phases      ] GC(94)   Weak JFR Old Object Samples    Min:  0.0, Avg:  0.0, Max:  0.0, Diff:  0.0, Sum:  0.0, Workers: 4
[2106.046s][debug][gc,phases      ] GC(94)     Dead                           Min: 0, Avg:  0.0, Max: 0, Diff: 0, Sum: 0, Workers: 4
[2106.046s][debug][gc,phases      ] GC(94)     Total                          Min: 0, Avg:  0.0, Max: 0, Diff: 0, Sum: 0, Workers: 4
[2106.046s][debug][gc,phases      ] GC(94) Weak Processing 0.340ms
[2106.046s][debug][gc,age         ] GC(94) Desired survivor size 18350080 bytes, new threshold 15 (max threshold 15)
[2106.046s][info ][gc,heap        ] GC(94) PSYoungGen: 2065920K(2078208K)->7680K(2077184K) Eden: 2058240K(2058240K)->0K(2058240K) From: 7680K(19968K)->7680K(18944K)
[2106.046s][info ][gc,heap        ] GC(94) ParOldGen: 336194K(446976K)->336210K(446976K)
[2106.046s][info ][gc,metaspace   ] GC(94) Metaspace: 79231K(80128K)->79231K(80128K) NonClass: 67926K(68416K)->67926K(68416K) Class: 11305K(11712K)->11305K(11712K)
[2106.046s][info ][gc             ] GC(94) Pause Young (Allocation Failure) 2345M->335M(2465M) 6.339ms
[2106.046s][info ][gc,cpu         ] GC(94) User=0.02s Sys=0.00s Real=0.01s
[2106.046s][info ][safepoint      ] Safepoint "ParallelGCFailedAllocation", Time since last: 22393583721 ns, Reaching safepoint: 23400 ns, At safepoint: 6411033 ns, Total: 6434433 ns
[2112.046s][info ][safepoint      ] Safepoint "Cleanup", Time since last: 6000402816 ns, Reaching safepoint: 40001 ns, At safepoint: 13000 ns, Total: 53001 ns
[2130.048s][info ][safepoint      ] Safepoint "Cleanup", Time since last: 18001233959 ns, Reaching safepoint: 47201 ns, At safepoint: 3800 ns, Total: 51001 ns
[2131.147s][info ][gc,start       ] GC(95) Pause Young (Allocation Failure)
[2131.164s][debug][gc,phases      ] GC(95) Scavenge 17.249ms
[2131.164s][debug][gc,ref         ] GC(95) Skipped phase 1 of Reference Processing: no references
[2131.164s][debug][gc,ref         ] GC(95) ReferenceProcessor::execute queues: 1, RefProcThreadModel::Single, marks_oops_alive: false
[2131.164s][debug][gc,ref         ] GC(95) Skipped phase 3 of Reference Processing: no references
[2131.164s][debug][gc,ref         ] GC(95) ReferenceProcessor::execute queues: 1, RefProcThreadModel::Single, marks_oops_alive: false
[2131.164s][debug][gc,phases      ] GC(95) Reference Processing 0.117ms
[2131.165s][debug][gc,phases      ] GC(95)   VM Weak                        Min:  0.0, Avg:  0.0, Max:  0.0, Diff:  0.0, Sum:  0.0, Workers: 4
[2131.165s][debug][gc,phases      ] GC(95)     Dead                           Min: 0, Avg:  0.0, Max: 0, Diff: 0, Sum: 0, Workers: 4
[2131.165s][debug][gc,phases      ] GC(95)     Total                          Min: 0, Avg: 183.5, Max: 542, Diff: 542, Sum: 734, Workers: 4
[2131.165s][debug][gc,phases      ] GC(95)   ObjectSynchronizer Weak        Min:  0.0, Avg:  0.0, Max:  0.0, Diff:  0.0, Sum:  0.0, Workers: 4
[2131.165s][debug][gc,phases      ] GC(95)     Dead                           Min: 0, Avg:  0.0, Max: 0, Diff: 0, Sum: 0, Workers: 4
[2131.165s][debug][gc,phases      ] GC(95)     Total                          Min: 0, Avg:  8.0, Max: 32, Diff: 32, Sum: 32, Workers: 4
[2131.165s][debug][gc,phases      ] GC(95)   JVMTI Tag Weak OopStorage      Min:  0.0, Avg:  0.0, Max:  0.0, Diff:  0.0, Sum:  0.0, Workers: 4
[2131.165s][debug][gc,phases      ] GC(95)     Dead                           Min: 0, Avg:  0.0, Max: 0, Diff: 0, Sum: 0, Workers: 4
[2131.165s][debug][gc,phases      ] GC(95)     Total                          Min: 0, Avg:  0.0, Max: 0, Diff: 0, Sum: 0, Workers: 4
[2131.165s][debug][gc,phases      ] GC(95)   StringTable Weak               Min:  0.0, Avg:  0.1, Max:  0.1, Diff:  0.1, Sum:  0.4, Workers: 4
[2131.165s][debug][gc,phases      ] GC(95)     Dead                           Min: 0, Avg:  0.0, Max: 0, Diff: 0, Sum: 0, Workers: 4
[2131.165s][debug][gc,phases      ] GC(95)     Total                          Min: 0, Avg: 10790.0, Max: 14783, Diff: 14783, Sum: 43160, Workers: 4
[2131.165s][debug][gc,phases      ] GC(95)   ResolvedMethodTable Weak       Min:  0.0, Avg:  0.0, Max:  0.0, Diff:  0.0, Sum:  0.1, Workers: 4
[2131.165s][debug][gc,phases      ] GC(95)     Dead                           Min: 0, Avg:  0.0, Max: 0, Diff: 0, Sum: 0, Workers: 4
[2131.165s][debug][gc,phases      ] GC(95)     Total                          Min: 0, Avg: 2154.8, Max: 3115, Diff: 3115, Sum: 8619, Workers: 4
[2131.165s][debug][gc,phases      ] GC(95)   JNI Weak                       Min:  0.0, Avg:  0.0, Max:  0.0, Diff:  0.0, Sum:  0.0, Workers: 4
[2131.165s][debug][gc,phases      ] GC(95)     Dead                           Min: 0, Avg:  0.0, Max: 0, Diff: 0, Sum: 0, Workers: 4
[2131.165s][debug][gc,phases      ] GC(95)     Total                          Min: 0, Avg: 11.2, Max: 45, Diff: 45, Sum: 45, Workers: 4
[2131.165s][debug][gc,phases      ] GC(95)   StringDedup Table Weak         Min:  0.0, Avg:  0.0, Max:  0.0, Diff:  0.0, Sum:  0.0, Workers: 4
[2131.165s][debug][gc,phases      ] GC(95)     Dead                           Min: 0, Avg:  0.0, Max: 0, Diff: 0, Sum: 0, Workers: 4
[2131.165s][debug][gc,phases      ] GC(95)     Total                          Min: 0, Avg:  0.0, Max: 0, Diff: 0, Sum: 0, Workers: 4
[2131.165s][debug][gc,phases      ] GC(95)   StringDedup Requests0 Weak     Min:  0.0, Avg:  0.0, Max:  0.0, Diff:  0.0, Sum:  0.0, Workers: 4
[2131.165s][debug][gc,phases      ] GC(95)     Dead                           Min: 0, Avg:  0.0, Max: 0, Diff: 0, Sum: 0, Workers: 4
[2131.165s][debug][gc,phases      ] GC(95)     Total                          Min: 0, Avg:  0.0, Max: 0, Diff: 0, Sum: 0, Workers: 4
[2131.165s][debug][gc,phases      ] GC(95)   StringDedup Requests1 Weak     Min:  0.0, Avg:  0.0, Max:  0.0, Diff:  0.0, Sum:  0.0, Workers: 4
[2131.165s][debug][gc,phases      ] GC(95)     Dead                           Min: 0, Avg:  0.0, Max: 0, Diff: 0, Sum: 0, Workers: 4
[2131.165s][debug][gc,phases      ] GC(95)     Total                          Min: 0, Avg:  0.0, Max: 0, Diff: 0, Sum: 0, Workers: 4
[2131.165s][debug][gc,phases      ] GC(95)   Weak JFR Old Object Samples    Min:  0.0, Avg:  0.0, Max:  0.0, Diff:  0.0, Sum:  0.0, Workers: 4
[2131.165s][debug][gc,phases      ] GC(95)     Dead                           Min: 0, Avg:  0.0, Max: 0, Diff: 0, Sum: 0, Workers: 4
[2131.165s][debug][gc,phases      ] GC(95)     Total                          Min: 0, Avg:  0.0, Max: 0, Diff: 0, Sum: 0, Workers: 4
[2131.165s][debug][gc,phases      ] GC(95) Weak Processing 0.405ms
[2131.165s][debug][gc,age         ] GC(95) Desired survivor size 17301504 bytes, new threshold 15 (max threshold 15)
[2131.165s][info ][gc,heap        ] GC(95) PSYoungGen: 2065920K(2077184K)->7616K(2080256K) Eden: 2058240K(2058240K)->0K(2062336K) From: 7680K(18944K)->7616K(17920K)
[2131.165s][info ][gc,heap        ] GC(95) ParOldGen: 336210K(446976K)->336282K(446976K)
[2131.165s][info ][gc,metaspace   ] GC(95) Metaspace: 79234K(80128K)->79234K(80128K) NonClass: 67929K(68416K)->67929K(68416K) Class: 11305K(11712K)->11305K(11712K)
[2131.165s][info ][gc             ] GC(95) Pause Young (Allocation Failure) 2345M->335M(2468M) 17.893ms
[2131.165s][info ][gc,cpu         ] GC(95) User=0.03s Sys=0.00s Real=0.02s
[2131.165s][info ][safepoint      ] Safepoint "ParallelGCFailedAllocation", Time since last: 1099129567 ns, Reaching safepoint: 42300 ns, At safepoint: 17980689 ns, Total: 18022989 ns
[2135.165s][info ][safepoint      ] Safepoint "Cleanup", Time since last: 4000266660 ns, Reaching safepoint: 37400 ns, At safepoint: 2500 ns, Total: 39900 ns
[2143.166s][info ][safepoint      ] Safepoint "Cleanup", Time since last: 8000492246 ns, Reaching safepoint: 45400 ns, At safepoint: 4400 ns, Total: 49800 ns
[2144.166s][info ][safepoint      ] Safepoint "Cleanup", Time since last: 1000109863 ns, Reaching safepoint: 44300 ns, At safepoint: 3700 ns, Total: 48000 ns
[2156.590s][info ][gc,start       ] GC(96) Pause Young (Allocation Failure)
[2156.594s][debug][gc,phases      ] GC(96) Scavenge 4.216ms
[2156.594s][debug][gc,ref         ] GC(96) Skipped phase 1 of Reference Processing: no references
[2156.595s][debug][gc,ref         ] GC(96) ReferenceProcessor::execute queues: 1, RefProcThreadModel::Single, marks_oops_alive: false
[2156.595s][debug][gc,ref         ] GC(96) Skipped phase 3 of Reference Processing: no references
[2156.595s][debug][gc,ref         ] GC(96) ReferenceProcessor::execute queues: 1, RefProcThreadModel::Single, marks_oops_alive: false
[2156.595s][debug][gc,phases      ] GC(96) Reference Processing 0.106ms
[2156.595s][debug][gc,phases      ] GC(96)   VM Weak                        Min:  0.0, Avg:  0.0, Max:  0.0, Diff:  0.0, Sum:  0.0, Workers: 4
[2156.595s][debug][gc,phases      ] GC(96)     Dead                           Min: 0, Avg:  0.0, Max: 0, Diff: 0, Sum: 0, Workers: 4
[2156.595s][debug][gc,phases      ] GC(96)     Total                          Min: 0, Avg: 183.5, Max: 704, Diff: 704, Sum: 734, Workers: 4
[2156.595s][debug][gc,phases      ] GC(96)   ObjectSynchronizer Weak        Min:  0.0, Avg:  0.0, Max:  0.0, Diff:  0.0, Sum:  0.0, Workers: 4
[2156.595s][debug][gc,phases      ] GC(96)     Dead                           Min: 0, Avg:  0.0, Max: 0, Diff: 0, Sum: 0, Workers: 4
[2156.595s][debug][gc,phases      ] GC(96)     Total                          Min: 0, Avg:  8.0, Max: 32, Diff: 32, Sum: 32, Workers: 4
[2156.595s][debug][gc,phases      ] GC(96)   JVMTI Tag Weak OopStorage      Min:  0.0, Avg:  0.0, Max:  0.0, Diff:  0.0, Sum:  0.0, Workers: 4
[2156.595s][debug][gc,phases      ] GC(96)     Dead                           Min: 0, Avg:  0.0, Max: 0, Diff: 0, Sum: 0, Workers: 4
[2156.595s][debug][gc,phases      ] GC(96)     Total                          Min: 0, Avg:  0.0, Max: 0, Diff: 0, Sum: 0, Workers: 4
[2156.595s][debug][gc,phases      ] GC(96)   StringTable Weak               Min:  0.0, Avg:  0.1, Max:  0.1, Diff:  0.1, Sum:  0.3, Workers: 4
[2156.595s][debug][gc,phases      ] GC(96)     Dead                           Min: 0, Avg:  0.0, Max: 0, Diff: 0, Sum: 0, Workers: 4
[2156.595s][debug][gc,phases      ] GC(96)     Total                          Min: 0, Avg: 10790.0, Max: 25983, Diff: 25983, Sum: 43160, Workers: 4
[2156.595s][debug][gc,phases      ] GC(96)   ResolvedMethodTable Weak       Min:  0.0, Avg:  0.0, Max:  0.0, Diff:  0.0, Sum:  0.1, Workers: 4
[2156.595s][debug][gc,phases      ] GC(96)     Dead                           Min: 0, Avg:  0.0, Max: 0, Diff: 0, Sum: 0, Workers: 4
[2156.595s][debug][gc,phases      ] GC(96)     Total                          Min: 0, Avg: 2154.8, Max: 5163, Diff: 5163, Sum: 8619, Workers: 4
[2156.595s][debug][gc,phases      ] GC(96)   JNI Weak                       Min:  0.0, Avg:  0.0, Max:  0.0, Diff:  0.0, Sum:  0.0, Workers: 4
[2156.595s][debug][gc,phases      ] GC(96)     Dead                           Min: 0, Avg:  0.0, Max: 0, Diff: 0, Sum: 0, Workers: 4
[2156.595s][debug][gc,phases      ] GC(96)     Total                          Min: 0, Avg: 11.2, Max: 45, Diff: 45, Sum: 45, Workers: 4
[2156.595s][debug][gc,phases      ] GC(96)   StringDedup Table Weak         Min:  0.0, Avg:  0.0, Max:  0.0, Diff:  0.0, Sum:  0.0, Workers: 4
[2156.595s][debug][gc,phases      ] GC(96)     Dead                           Min: 0, Avg:  0.0, Max: 0, Diff: 0, Sum: 0, Workers: 4
[2156.595s][debug][gc,phases      ] GC(96)     Total                          Min: 0, Avg:  0.0, Max: 0, Diff: 0, Sum: 0, Workers: 4
[2156.595s][debug][gc,phases      ] GC(96)   StringDedup Requests0 Weak     Min:  0.0, Avg:  0.0, Max:  0.0, Diff:  0.0, Sum:  0.0, Workers: 4
[2156.595s][debug][gc,phases      ] GC(96)     Dead                           Min: 0, Avg:  0.0, Max: 0, Diff: 0, Sum: 0, Workers: 4
[2156.595s][debug][gc,phases      ] GC(96)     Total                          Min: 0, Avg:  0.0, Max: 0, Diff: 0, Sum: 0, Workers: 4
[2156.595s][debug][gc,phases      ] GC(96)   StringDedup Requests1 Weak     Min:  0.0, Avg:  0.0, Max:  0.0, Diff:  0.0, Sum:  0.0, Workers: 4
[2156.595s][debug][gc,phases      ] GC(96)     Dead                           Min: 0, Avg:  0.0, Max: 0, Diff: 0, Sum: 0, Workers: 4
[2156.595s][debug][gc,phases      ] GC(96)     Total                          Min: 0, Avg:  0.0, Max: 0, Diff: 0, Sum: 0, Workers: 4
[2156.595s][debug][gc,phases      ] GC(96)   Weak JFR Old Object Samples    Min:  0.0, Avg:  0.0, Max:  0.0, Diff:  0.0, Sum:  0.0, Workers: 4
[2156.595s][debug][gc,phases      ] GC(96)     Dead                           Min: 0, Avg:  0.0, Max: 0, Diff: 0, Sum: 0, Workers: 4
[2156.595s][debug][gc,phases      ] GC(96)     Total                          Min: 0, Avg:  0.0, Max: 0, Diff: 0, Sum: 0, Workers: 4
[2156.595s][debug][gc,phases      ] GC(96) Weak Processing 0.343ms
[2156.595s][debug][gc,age         ] GC(96) Desired survivor size 16777216 bytes, new threshold 15 (max threshold 15)
[2156.595s][info ][gc,heap        ] GC(96) PSYoungGen: 2069952K(2080256K)->7872K(2079232K) Eden: 2062336K(2062336K)->0K(2062336K) From: 7616K(17920K)->7872K(16896K)
[2156.595s][info ][gc,heap        ] GC(96) ParOldGen: 336282K(446976K)->336282K(446976K)
[2156.595s][info ][gc,metaspace   ] GC(96) Metaspace: 79241K(80128K)->79241K(80128K) NonClass: 67935K(68416K)->67935K(68416K) Class: 11305K(11712K)->11305K(11712K)
[2156.595s][info ][gc             ] GC(96) Pause Young (Allocation Failure) 2349M->336M(2467M) 4.770ms
[2156.595s][info ][gc,cpu         ] GC(96) User=0.02s Sys=0.00s Real=0.01s
[2156.595s][info ][safepoint      ] Safepoint "ParallelGCFailedAllocation", Time since last: 12424275698 ns, Reaching safepoint: 23900 ns, At safepoint: 4845724 ns, Total: 4869624 ns
[2181.469s][info ][gc,start       ] GC(97) Pause Young (Allocation Failure)
[2181.476s][debug][gc,phases      ] GC(97) Scavenge 7.335ms
[2181.476s][debug][gc,ref         ] GC(97) Skipped phase 1 of Reference Processing: no references
[2181.476s][debug][gc,ref         ] GC(97) ReferenceProcessor::execute queues: 1, RefProcThreadModel::Single, marks_oops_alive: false
[2181.476s][debug][gc,ref         ] GC(97) Skipped phase 3 of Reference Processing: no references
[2181.476s][debug][gc,ref         ] GC(97) ReferenceProcessor::execute queues: 1, RefProcThreadModel::Single, marks_oops_alive: false
[2181.476s][debug][gc,phases      ] GC(97) Reference Processing 0.089ms
[2181.476s][debug][gc,phases      ] GC(97)   VM Weak                        Min:  0.0, Avg:  0.0, Max:  0.0, Diff:  0.0, Sum:  0.0, Workers: 4
[2181.476s][debug][gc,phases      ] GC(97)     Dead                           Min: 0, Avg:  0.0, Max: 0, Diff: 0, Sum: 0, Workers: 4
[2181.476s][debug][gc,phases      ] GC(97)     Total                          Min: 0, Avg: 183.5, Max: 576, Diff: 576, Sum: 734, Workers: 4
[2181.476s][debug][gc,phases      ] GC(97)   ObjectSynchronizer Weak        Min:  0.0, Avg:  0.0, Max:  0.0, Diff:  0.0, Sum:  0.0, Workers: 4
[2181.476s][debug][gc,phases      ] GC(97)     Dead                           Min: 0, Avg:  0.0, Max: 0, Diff: 0, Sum: 0, Workers: 4
[2181.476s][debug][gc,phases      ] GC(97)     Total                          Min: 0, Avg:  8.0, Max: 32, Diff: 32, Sum: 32, Workers: 4
[2181.476s][debug][gc,phases      ] GC(97)   JVMTI Tag Weak OopStorage      Min:  0.0, Avg:  0.0, Max:  0.0, Diff:  0.0, Sum:  0.0, Workers: 4
[2181.476s][debug][gc,phases      ] GC(97)     Dead                           Min: 0, Avg:  0.0, Max: 0, Diff: 0, Sum: 0, Workers: 4
[2181.476s][debug][gc,phases      ] GC(97)     Total                          Min: 0, Avg:  0.0, Max: 0, Diff: 0, Sum: 0, Workers: 4
[2181.476s][debug][gc,phases      ] GC(97)   StringTable Weak               Min:  0.0, Avg:  0.1, Max:  0.1, Diff:  0.1, Sum:  0.3, Workers: 4
[2181.476s][debug][gc,phases      ] GC(97)     Dead                           Min: 0, Avg:  0.0, Max: 0, Diff: 0, Sum: 0, Workers: 4
[2181.476s][debug][gc,phases      ] GC(97)     Total                          Min: 0, Avg: 10790.0, Max: 18751, Diff: 18751, Sum: 43160, Workers: 4
[2181.476s][debug][gc,phases      ] GC(97)   ResolvedMethodTable Weak       Min:  0.0, Avg:  0.0, Max:  0.0, Diff:  0.0, Sum:  0.1, Workers: 4
[2181.476s][debug][gc,phases      ] GC(97)     Dead                           Min: 0, Avg:  0.0, Max: 0, Diff: 0, Sum: 0, Workers: 4
[2181.476s][debug][gc,phases      ] GC(97)     Total                          Min: 0, Avg: 2154.8, Max: 3627, Diff: 3627, Sum: 8619, Workers: 4
[2181.476s][debug][gc,phases      ] GC(97)   JNI Weak                       Min:  0.0, Avg:  0.0, Max:  0.0, Diff:  0.0, Sum:  0.0, Workers: 4
[2181.476s][debug][gc,phases      ] GC(97)     Dead                           Min: 0, Avg:  0.0, Max: 0, Diff: 0, Sum: 0, Workers: 4
[2181.476s][debug][gc,phases      ] GC(97)     Total                          Min: 0, Avg: 11.2, Max: 45, Diff: 45, Sum: 45, Workers: 4
[2181.476s][debug][gc,phases      ] GC(97)   StringDedup Table Weak         Min:  0.0, Avg:  0.0, Max:  0.0, Diff:  0.0, Sum:  0.0, Workers: 4
[2181.476s][debug][gc,phases      ] GC(97)     Dead                           Min: 0, Avg:  0.0, Max: 0, Diff: 0, Sum: 0, Workers: 4
[2181.476s][debug][gc,phases      ] GC(97)     Total                          Min: 0, Avg:  0.0, Max: 0, Diff: 0, Sum: 0, Workers: 4
[2181.476s][debug][gc,phases      ] GC(97)   StringDedup Requests0 Weak     Min:  0.0, Avg:  0.0, Max:  0.0, Diff:  0.0, Sum:  0.0, Workers: 4
[2181.476s][debug][gc,phases      ] GC(97)     Dead                           Min: 0, Avg:  0.0, Max: 0, Diff: 0, Sum: 0, Workers: 4
[2181.476s][debug][gc,phases      ] GC(97)     Total                          Min: 0, Avg:  0.0, Max: 0, Diff: 0, Sum: 0, Workers: 4
[2181.476s][debug][gc,phases      ] GC(97)   StringDedup Requests1 Weak     Min:  0.0, Avg:  0.0, Max:  0.0, Diff:  0.0, Sum:  0.0, Workers: 4
[2181.476s][debug][gc,phases      ] GC(97)     Dead                           Min: 0, Avg:  0.0, Max: 0, Diff: 0, Sum: 0, Workers: 4
[2181.476s][debug][gc,phases      ] GC(97)     Total                          Min: 0, Avg:  0.0, Max: 0, Diff: 0, Sum: 0, Workers: 4
[2181.476s][debug][gc,phases      ] GC(97)   Weak JFR Old Object Samples    Min:  0.0, Avg:  0.0, Max:  0.0, Diff:  0.0, Sum:  0.0, Workers: 4
[2181.476s][debug][gc,phases      ] GC(97)     Dead                           Min: 0, Avg:  0.0, Max: 0, Diff: 0, Sum: 0, Workers: 4
[2181.476s][debug][gc,phases      ] GC(97)     Total                          Min: 0, Avg:  0.0, Max: 0, Diff: 0, Sum: 0, Workers: 4
[2181.476s][debug][gc,phases      ] GC(97) Weak Processing 0.306ms
[2181.476s][debug][gc,age         ] GC(97) Desired survivor size 16777216 bytes, new threshold 15 (max threshold 15)
[2181.476s][info ][gc,heap        ] GC(97) PSYoungGen: 2070208K(2079232K)->1664K(2080768K) Eden: 2062336K(2062336K)->0K(2064384K) From: 7872K(16896K)->1664K(16384K)
[2181.476s][info ][gc,heap        ] GC(97) ParOldGen: 336282K(446976K)->342850K(446976K)
[2181.476s][info ][gc,metaspace   ] GC(97) Metaspace: 79241K(80128K)->79241K(80128K) NonClass: 67935K(68416K)->67935K(68416K) Class: 11305K(11712K)->11305K(11712K)
[2181.476s][info ][gc             ] GC(97) Pause Young (Allocation Failure) 2350M->336M(2468M) 7.842ms
[2181.476s][info ][gc,cpu         ] GC(97) User=0.02s Sys=0.00s Real=0.01s
[2181.476s][info ][safepoint      ] Safepoint "ParallelGCFailedAllocation", Time since last: 24873395880 ns, Reaching safepoint: 103400 ns, At safepoint: 7932439 ns, Total: 8035839 ns
[2206.539s][info ][gc,start       ] GC(98) Pause Young (Allocation Failure)
[2206.542s][debug][gc,phases      ] GC(98) Scavenge 2.544ms
[2206.542s][debug][gc,ref         ] GC(98) Skipped phase 1 of Reference Processing: no references
[2206.542s][debug][gc,ref         ] GC(98) ReferenceProcessor::execute queues: 1, RefProcThreadModel::Single, marks_oops_alive: false
[2206.542s][debug][gc,ref         ] GC(98) Skipped phase 3 of Reference Processing: no references
[2206.542s][debug][gc,ref         ] GC(98) ReferenceProcessor::execute queues: 1, RefProcThreadModel::Single, marks_oops_alive: false
[2206.542s][debug][gc,phases      ] GC(98) Reference Processing 0.101ms
[2206.542s][debug][gc,phases      ] GC(98)   VM Weak                        Min:  0.0, Avg:  0.0, Max:  0.0, Diff:  0.0, Sum:  0.0, Workers: 4
[2206.542s][debug][gc,phases      ] GC(98)     Dead                           Min: 0, Avg:  0.0, Max: 0, Diff: 0, Sum: 0, Workers: 4
[2206.542s][debug][gc,phases      ] GC(98)     Total                          Min: 0, Avg: 183.5, Max: 384, Diff: 384, Sum: 734, Workers: 4
[2206.542s][debug][gc,phases      ] GC(98)   ObjectSynchronizer Weak        Min:  0.0, Avg:  0.0, Max:  0.0, Diff:  0.0, Sum:  0.0, Workers: 4
[2206.542s][debug][gc,phases      ] GC(98)     Dead                           Min: 0, Avg:  0.0, Max: 0, Diff: 0, Sum: 0, Workers: 4
[2206.542s][debug][gc,phases      ] GC(98)     Total                          Min: 0, Avg:  8.0, Max: 32, Diff: 32, Sum: 32, Workers: 4
[2206.542s][debug][gc,phases      ] GC(98)   JVMTI Tag Weak OopStorage      Min:  0.0, Avg:  0.0, Max:  0.0, Diff:  0.0, Sum:  0.0, Workers: 4
[2206.542s][debug][gc,phases      ] GC(98)     Dead                           Min: 0, Avg:  0.0, Max: 0, Diff: 0, Sum: 0, Workers: 4
[2206.542s][debug][gc,phases      ] GC(98)     Total                          Min: 0, Avg:  0.0, Max: 0, Diff: 0, Sum: 0, Workers: 4
[2206.542s][debug][gc,phases      ] GC(98)   StringTable Weak               Min:  0.0, Avg:  0.1, Max:  0.1, Diff:  0.1, Sum:  0.4, Workers: 4
[2206.542s][debug][gc,phases      ] GC(98)     Dead                           Min: 0, Avg:  0.0, Max: 0, Diff: 0, Sum: 0, Workers: 4
[2206.542s][debug][gc,phases      ] GC(98)     Total                          Min: 0, Avg: 10790.0, Max: 17433, Diff: 17433, Sum: 43160, Workers: 4
[2206.542s][debug][gc,phases      ] GC(98)   ResolvedMethodTable Weak       Min:  0.0, Avg:  0.0, Max:  0.0, Diff:  0.0, Sum:  0.1, Workers: 4
[2206.542s][debug][gc,phases      ] GC(98)     Dead                           Min: 0, Avg:  0.0, Max: 0, Diff: 0, Sum: 0, Workers: 4
[2206.542s][debug][gc,phases      ] GC(98)     Total                          Min: 0, Avg: 2154.8, Max: 3648, Diff: 3648, Sum: 8619, Workers: 4
[2206.542s][debug][gc,phases      ] GC(98)   JNI Weak                       Min:  0.0, Avg:  0.0, Max:  0.0, Diff:  0.0, Sum:  0.0, Workers: 4
[2206.542s][debug][gc,phases      ] GC(98)     Dead                           Min: 0, Avg:  0.0, Max: 0, Diff: 0, Sum: 0, Workers: 4
[2206.542s][debug][gc,phases      ] GC(98)     Total                          Min: 0, Avg: 11.2, Max: 45, Diff: 45, Sum: 45, Workers: 4
[2206.542s][debug][gc,phases      ] GC(98)   StringDedup Table Weak         Min:  0.0, Avg:  0.0, Max:  0.0, Diff:  0.0, Sum:  0.0, Workers: 4
[2206.542s][debug][gc,phases      ] GC(98)     Dead                           Min: 0, Avg:  0.0, Max: 0, Diff: 0, Sum: 0, Workers: 4
[2206.542s][debug][gc,phases      ] GC(98)     Total                          Min: 0, Avg:  0.0, Max: 0, Diff: 0, Sum: 0, Workers: 4
[2206.542s][debug][gc,phases      ] GC(98)   StringDedup Requests0 Weak     Min:  0.0, Avg:  0.0, Max:  0.0, Diff:  0.0, Sum:  0.0, Workers: 4
[2206.542s][debug][gc,phases      ] GC(98)     Dead                           Min: 0, Avg:  0.0, Max: 0, Diff: 0, Sum: 0, Workers: 4
[2206.542s][debug][gc,phases      ] GC(98)     Total                          Min: 0, Avg:  0.0, Max: 0, Diff: 0, Sum: 0, Workers: 4
[2206.542s][debug][gc,phases      ] GC(98)   StringDedup Requests1 Weak     Min:  0.0, Avg:  0.0, Max:  0.0, Diff:  0.0, Sum:  0.0, Workers: 4
[2206.542s][debug][gc,phases      ] GC(98)     Dead                           Min: 0, Avg:  0.0, Max: 0, Diff: 0, Sum: 0, Workers: 4
[2206.542s][debug][gc,phases      ] GC(98)     Total                          Min: 0, Avg:  0.0, Max: 0, Diff: 0, Sum: 0, Workers: 4
[2206.542s][debug][gc,phases      ] GC(98)   Weak JFR Old Object Samples    Min:  0.0, Avg:  0.0, Max:  0.0, Diff:  0.0, Sum:  0.0, Workers: 4
[2206.542s][debug][gc,phases      ] GC(98)     Dead                           Min: 0, Avg:  0.0, Max: 0, Diff: 0, Sum: 0, Workers: 4
[2206.542s][debug][gc,phases      ] GC(98)     Total                          Min: 0, Avg:  0.0, Max: 0, Diff: 0, Sum: 0, Workers: 4
[2206.542s][debug][gc,phases      ] GC(98) Weak Processing 0.298ms
[2206.542s][debug][gc,age         ] GC(98) Desired survivor size 16777216 bytes, new threshold 15 (max threshold 15)
[2206.542s][info ][gc,heap        ] GC(98) PSYoungGen: 2066048K(2080768K)->1312K(2080768K) Eden: 2064384K(2064384K)->0K(2064384K) From: 1664K(16384K)->1312K(16384K)
[2206.542s][info ][gc,heap        ] GC(98) ParOldGen: 342850K(446976K)->343066K(446976K)
[2206.542s][info ][gc,metaspace   ] GC(98) Metaspace: 79242K(80128K)->79242K(80128K) NonClass: 67937K(68416K)->67937K(68416K) Class: 11305K(11712K)->11305K(11712K)
[2206.542s][info ][gc             ] GC(98) Pause Young (Allocation Failure) 2352M->336M(2468M) 3.046ms
[2206.542s][info ][gc,cpu         ] GC(98) User=0.01s Sys=0.01s Real=0.00s
[2206.542s][info ][safepoint      ] Safepoint "ParallelGCFailedAllocation", Time since last: 25062751318 ns, Reaching safepoint: 26500 ns, At safepoint: 3134118 ns, Total: 3160618 ns
[2218.543s][info ][safepoint      ] Safepoint "Cleanup", Time since last: 12000788293 ns, Reaching safepoint: 109301 ns, At safepoint: 6200 ns, Total: 115501 ns
[2231.644s][info ][gc,start       ] GC(99) Pause Young (Allocation Failure)
[2231.648s][debug][gc,phases      ] GC(99) Scavenge 3.423ms
[2231.648s][debug][gc,ref         ] GC(99) Skipped phase 1 of Reference Processing: no references
[2231.648s][debug][gc,ref         ] GC(99) ReferenceProcessor::execute queues: 1, RefProcThreadModel::Single, marks_oops_alive: false
[2231.648s][debug][gc,ref         ] GC(99) Skipped phase 3 of Reference Processing: no references
[2231.648s][debug][gc,ref         ] GC(99) Skipped phase 4 of Reference Processing: no references
[2231.648s][debug][gc,phases      ] GC(99) Reference Processing 0.091ms
[2231.648s][debug][gc,phases      ] GC(99)   VM Weak                        Min:  0.0, Avg:  0.0, Max:  0.0, Diff:  0.0, Sum:  0.0, Workers: 4
[2231.648s][debug][gc,phases      ] GC(99)     Dead                           Min: 0, Avg:  0.0, Max: 0, Diff: 0, Sum: 0, Workers: 4
[2231.648s][debug][gc,phases      ] GC(99)     Total                          Min: 0, Avg: 183.5, Max: 734, Diff: 734, Sum: 734, Workers: 4
[2231.648s][debug][gc,phases      ] GC(99)   ObjectSynchronizer Weak        Min:  0.0, Avg:  0.0, Max:  0.0, Diff:  0.0, Sum:  0.0, Workers: 4
[2231.648s][debug][gc,phases      ] GC(99)     Dead                           Min: 0, Avg:  0.0, Max: 0, Diff: 0, Sum: 0, Workers: 4
[2231.648s][debug][gc,phases      ] GC(99)     Total                          Min: 0, Avg:  8.0, Max: 32, Diff: 32, Sum: 32, Workers: 4
[2231.648s][debug][gc,phases      ] GC(99)   JVMTI Tag Weak OopStorage      Min:  0.0, Avg:  0.0, Max:  0.0, Diff:  0.0, Sum:  0.0, Workers: 4
[2231.648s][debug][gc,phases      ] GC(99)     Dead                           Min: 0, Avg:  0.0, Max: 0, Diff: 0, Sum: 0, Workers: 4
[2231.648s][debug][gc,phases      ] GC(99)     Total                          Min: 0, Avg:  0.0, Max: 0, Diff: 0, Sum: 0, Workers: 4
[2231.648s][debug][gc,phases      ] GC(99)   StringTable Weak               Min:  0.0, Avg:  0.1, Max:  0.2, Diff:  0.2, Sum:  0.3, Workers: 4
[2231.648s][debug][gc,phases      ] GC(99)     Dead                           Min: 0, Avg:  0.0, Max: 0, Diff: 0, Sum: 0, Workers: 4
[2231.648s][debug][gc,phases      ] GC(99)     Total                          Min: 0, Avg: 10790.0, Max: 26584, Diff: 26584, Sum: 43160, Workers: 4
[2231.648s][debug][gc,phases      ] GC(99)   ResolvedMethodTable Weak       Min:  0.0, Avg:  0.0, Max:  0.0, Diff:  0.0, Sum:  0.1, Workers: 4
[2231.648s][debug][gc,phases      ] GC(99)     Dead                           Min: 0, Avg:  0.0, Max: 0, Diff: 0, Sum: 0, Workers: 4
[2231.648s][debug][gc,phases      ] GC(99)     Total                          Min: 0, Avg: 2154.8, Max: 5120, Diff: 5120, Sum: 8619, Workers: 4
[2231.648s][debug][gc,phases      ] GC(99)   JNI Weak                       Min:  0.0, Avg:  0.0, Max:  0.0, Diff:  0.0, Sum:  0.0, Workers: 4
[2231.648s][debug][gc,phases      ] GC(99)     Dead                           Min: 0, Avg:  0.0, Max: 0, Diff: 0, Sum: 0, Workers: 4
[2231.648s][debug][gc,phases      ] GC(99)     Total                          Min: 0, Avg: 11.2, Max: 45, Diff: 45, Sum: 45, Workers: 4
[2231.648s][debug][gc,phases      ] GC(99)   StringDedup Table Weak         Min:  0.0, Avg:  0.0, Max:  0.0, Diff:  0.0, Sum:  0.0, Workers: 4
[2231.648s][debug][gc,phases      ] GC(99)     Dead                           Min: 0, Avg:  0.0, Max: 0, Diff: 0, Sum: 0, Workers: 4
[2231.648s][debug][gc,phases      ] GC(99)     Total                          Min: 0, Avg:  0.0, Max: 0, Diff: 0, Sum: 0, Workers: 4
[2231.648s][debug][gc,phases      ] GC(99)   StringDedup Requests0 Weak     Min:  0.0, Avg:  0.0, Max:  0.0, Diff:  0.0, Sum:  0.0, Workers: 4
[2231.648s][debug][gc,phases      ] GC(99)     Dead                           Min: 0, Avg:  0.0, Max: 0, Diff: 0, Sum: 0, Workers: 4
[2231.648s][debug][gc,phases      ] GC(99)     Total                          Min: 0, Avg:  0.0, Max: 0, Diff: 0, Sum: 0, Workers: 4
[2231.648s][debug][gc,phases      ] GC(99)   StringDedup Requests1 Weak     Min:  0.0, Avg:  0.0, Max:  0.0, Diff:  0.0, Sum:  0.0, Workers: 4
[2231.648s][debug][gc,phases      ] GC(99)     Dead                           Min: 0, Avg:  0.0, Max: 0, Diff: 0, Sum: 0, Workers: 4
[2231.648s][debug][gc,phases      ] GC(99)     Total                          Min: 0, Avg:  0.0, Max: 0, Diff: 0, Sum: 0, Workers: 4
[2231.648s][debug][gc,phases      ] GC(99)   Weak JFR Old Object Samples    Min:  0.0, Avg:  0.0, Max:  0.0, Diff:  0.0, Sum:  0.0, Workers: 4
[2231.648s][debug][gc,phases      ] GC(99)     Dead                           Min: 0, Avg:  0.0, Max: 0, Diff: 0, Sum: 0, Workers: 4
[2231.648s][debug][gc,phases      ] GC(99)     Total                          Min: 0, Avg:  0.0, Max: 0, Diff: 0, Sum: 0, Workers: 4
[2231.648s][debug][gc,phases      ] GC(99) Weak Processing 0.343ms
[2231.648s][debug][gc,age         ] GC(99) Desired survivor size 16777216 bytes, new threshold 15 (max threshold 15)
[2231.648s][info ][gc,heap        ] GC(99) PSYoungGen: 2065696K(2080768K)->1472K(2080768K) Eden: 2064384K(2064384K)->0K(2064384K) From: 1312K(16384K)->1472K(16384K)
[2231.648s][info ][gc,heap        ] GC(99) ParOldGen: 343066K(446976K)->343082K(446976K)
[2231.648s][info ][gc,metaspace   ] GC(99) Metaspace: 79243K(80128K)->79243K(80128K) NonClass: 67937K(68416K)->67937K(68416K) Class: 11305K(11712K)->11305K(11712K)
[2231.648s][info ][gc             ] GC(99) Pause Young (Allocation Failure) 2352M->336M(2468M) 3.964ms
[2231.648s][info ][gc,cpu         ] GC(99) User=0.01s Sys=0.01s Real=0.00s
[2231.648s][info ][safepoint      ] Safepoint "ParallelGCFailedAllocation", Time since last: 13101108806 ns, Reaching safepoint: 30400 ns, At safepoint: 4046322 ns, Total: 4076722 ns
[2232.649s][info ][safepoint      ] Safepoint "Cleanup", Time since last: 1000086044 ns, Reaching safepoint: 39701 ns, At safepoint: 3300 ns, Total: 43001 ns
[2248.650s][info ][safepoint      ] Safepoint "Cleanup", Time since last: 16001099623 ns, Reaching safepoint: 44600 ns, At safepoint: 3700 ns, Total: 48300 ns
[2256.691s][info ][gc,start       ] GC(100) Pause Young (Allocation Failure)
[2256.693s][debug][gc,phases      ] GC(100) Scavenge 2.555ms
[2256.693s][debug][gc,ref         ] GC(100) Skipped phase 1 of Reference Processing: no references
[2256.693s][debug][gc,ref         ] GC(100) ReferenceProcessor::execute queues: 1, RefProcThreadModel::Single, marks_oops_alive: false
[2256.693s][debug][gc,ref         ] GC(100) Skipped phase 3 of Reference Processing: no references
[2256.693s][debug][gc,ref         ] GC(100) ReferenceProcessor::execute queues: 1, RefProcThreadModel::Single, marks_oops_alive: false
[2256.694s][debug][gc,phases      ] GC(100) Reference Processing 0.102ms
[2256.694s][debug][gc,phases      ] GC(100)   VM Weak                        Min:  0.0, Avg:  0.0, Max:  0.0, Diff:  0.0, Sum:  0.0, Workers: 4
[2256.694s][debug][gc,phases      ] GC(100)     Dead                           Min: 0, Avg:  0.0, Max: 0, Diff: 0, Sum: 0, Workers: 4
[2256.694s][debug][gc,phases      ] GC(100)     Total                          Min: 0, Avg: 183.5, Max: 384, Diff: 384, Sum: 734, Workers: 4
[2256.694s][debug][gc,phases      ] GC(100)   ObjectSynchronizer Weak        Min:  0.0, Avg:  0.0, Max:  0.0, Diff:  0.0, Sum:  0.0, Workers: 4
[2256.694s][debug][gc,phases      ] GC(100)     Dead                           Min: 0, Avg:  0.0, Max: 0, Diff: 0, Sum: 0, Workers: 4
[2256.694s][debug][gc,phases      ] GC(100)     Total                          Min: 0, Avg:  8.0, Max: 32, Diff: 32, Sum: 32, Workers: 4
[2256.694s][debug][gc,phases      ] GC(100)   JVMTI Tag Weak OopStorage      Min:  0.0, Avg:  0.0, Max:  0.0, Diff:  0.0, Sum:  0.0, Workers: 4
[2256.694s][debug][gc,phases      ] GC(100)     Dead                           Min: 0, Avg:  0.0, Max: 0, Diff: 0, Sum: 0, Workers: 4
[2256.694s][debug][gc,phases      ] GC(100)     Total                          Min: 0, Avg:  0.0, Max: 0, Diff: 0, Sum: 0, Workers: 4
[2256.694s][debug][gc,phases      ] GC(100)   StringTable Weak               Min:  0.0, Avg:  0.1, Max:  0.1, Diff:  0.1, Sum:  0.4, Workers: 4
[2256.694s][debug][gc,phases      ] GC(100)     Dead                           Min: 0, Avg:  0.0, Max: 0, Diff: 0, Sum: 0, Workers: 4
[2256.694s][debug][gc,phases      ] GC(100)     Total                          Min: 0, Avg: 10790.0, Max: 14719, Diff: 14719, Sum: 43160, Workers: 4
[2256.694s][debug][gc,phases      ] GC(100)   ResolvedMethodTable Weak       Min:  0.0, Avg:  0.0, Max:  0.0, Diff:  0.0, Sum:  0.1, Workers: 4
[2256.694s][debug][gc,phases      ] GC(100)     Dead                           Min: 0, Avg:  0.0, Max: 0, Diff: 0, Sum: 0, Workers: 4
[2256.694s][debug][gc,phases      ] GC(100)     Total                          Min: 0, Avg: 2154.8, Max: 3008, Diff: 3008, Sum: 8619, Workers: 4
[2256.694s][debug][gc,phases      ] GC(100)   JNI Weak                       Min:  0.0, Avg:  0.0, Max:  0.0, Diff:  0.0, Sum:  0.0, Workers: 4
[2256.694s][debug][gc,phases      ] GC(100)     Dead                           Min: 0, Avg:  0.0, Max: 0, Diff: 0, Sum: 0, Workers: 4
[2256.694s][debug][gc,phases      ] GC(100)     Total                          Min: 0, Avg: 11.2, Max: 45, Diff: 45, Sum: 45, Workers: 4
[2256.694s][debug][gc,phases      ] GC(100)   StringDedup Table Weak         Min:  0.0, Avg:  0.0, Max:  0.0, Diff:  0.0, Sum:  0.0, Workers: 4
[2256.694s][debug][gc,phases      ] GC(100)     Dead                           Min: 0, Avg:  0.0, Max: 0, Diff: 0, Sum: 0, Workers: 4
[2256.694s][debug][gc,phases      ] GC(100)     Total                          Min: 0, Avg:  0.0, Max: 0, Diff: 0, Sum: 0, Workers: 4
[2256.694s][debug][gc,phases      ] GC(100)   StringDedup Requests0 Weak     Min:  0.0, Avg:  0.0, Max:  0.0, Diff:  0.0, Sum:  0.0, Workers: 4
[2256.694s][debug][gc,phases      ] GC(100)     Dead                           Min: 0, Avg:  0.0, Max: 0, Diff: 0, Sum: 0, Workers: 4
[2256.694s][debug][gc,phases      ] GC(100)     Total                          Min: 0, Avg:  0.0, Max: 0, Diff: 0, Sum: 0, Workers: 4
[2256.694s][debug][gc,phases      ] GC(100)   StringDedup Requests1 Weak     Min:  0.0, Avg:  0.0, Max:  0.0, Diff:  0.0, Sum:  0.0, Workers: 4
[2256.694s][debug][gc,phases      ] GC(100)     Dead                           Min: 0, Avg:  0.0, Max: 0, Diff: 0, Sum: 0, Workers: 4
[2256.694s][debug][gc,phases      ] GC(100)     Total                          Min: 0, Avg:  0.0, Max: 0, Diff: 0, Sum: 0, Workers: 4
[2256.694s][debug][gc,phases      ] GC(100)   Weak JFR Old Object Samples    Min:  0.0, Avg:  0.0, Max:  0.0, Diff:  0.0, Sum:  0.0, Workers: 4
[2256.694s][debug][gc,phases      ] GC(100)     Dead                           Min: 0, Avg:  0.0, Max: 0, Diff: 0, Sum: 0, Workers: 4
[2256.694s][debug][gc,phases      ] GC(100)     Total                          Min: 0, Avg:  0.0, Max: 0, Diff: 0, Sum: 0, Workers: 4
[2256.694s][debug][gc,phases      ] GC(100) Weak Processing 0.303ms
[2256.694s][debug][gc,age         ] GC(100) Desired survivor size 16252928 bytes, new threshold 15 (max threshold 15)
[2256.694s][info ][gc,heap        ] GC(100) PSYoungGen: 2065856K(2080768K)->1344K(2080768K) Eden: 2064384K(2064384K)->0K(2064384K) From: 1472K(16384K)->1344K(16384K)
[2256.694s][info ][gc,heap        ] GC(100) ParOldGen: 343082K(446976K)->343090K(446976K)
[2256.694s][info ][gc,metaspace   ] GC(100) Metaspace: 79249K(80128K)->79249K(80128K) NonClass: 67944K(68416K)->67944K(68416K) Class: 11305K(11712K)->11305K(11712K)
[2256.694s][info ][gc             ] GC(100) Pause Young (Allocation Failure) 2352M->336M(2468M) 3.054ms
[2256.694s][info ][gc,cpu         ] GC(100) User=0.01s Sys=0.00s Real=0.00s
[2256.694s][info ][safepoint      ] Safepoint "ParallelGCFailedAllocation", Time since last: 8041060322 ns, Reaching safepoint: 26200 ns, At safepoint: 3122016 ns, Total: 3148216 ns
[2262.694s][info ][safepoint      ] Safepoint "Cleanup", Time since last: 6000370643 ns, Reaching safepoint: 44200 ns, At safepoint: 3700 ns, Total: 47900 ns
[2273.695s][info ][safepoint      ] Safepoint "Cleanup", Time since last: 11000725409 ns, Reaching safepoint: 41400 ns, At safepoint: 2400 ns, Total: 43800 ns
[2282.440s][info ][gc,start       ] GC(101) Pause Young (Allocation Failure)
[2282.442s][debug][gc,phases      ] GC(101) Scavenge 2.010ms
[2282.442s][debug][gc,ref         ] GC(101) Skipped phase 1 of Reference Processing: no references
[2282.442s][debug][gc,ref         ] GC(101) ReferenceProcessor::execute queues: 1, RefProcThreadModel::Single, marks_oops_alive: false
[2282.442s][debug][gc,ref         ] GC(101) Skipped phase 3 of Reference Processing: no references
[2282.442s][debug][gc,ref         ] GC(101) ReferenceProcessor::execute queues: 1, RefProcThreadModel::Single, marks_oops_alive: false
[2282.442s][debug][gc,phases      ] GC(101) Reference Processing 0.091ms
[2282.442s][debug][gc,phases      ] GC(101)   VM Weak                        Min:  0.0, Avg:  0.0, Max:  0.0, Diff:  0.0, Sum:  0.0, Workers: 4
[2282.442s][debug][gc,phases      ] GC(101)     Dead                           Min: 0, Avg:  0.0, Max: 0, Diff: 0, Sum: 0, Workers: 4
[2282.442s][debug][gc,phases      ] GC(101)     Total                          Min: 0, Avg: 183.5, Max: 448, Diff: 448, Sum: 734, Workers: 4
[2282.442s][debug][gc,phases      ] GC(101)   ObjectSynchronizer Weak        Min:  0.0, Avg:  0.0, Max:  0.0, Diff:  0.0, Sum:  0.0, Workers: 4
[2282.442s][debug][gc,phases      ] GC(101)     Dead                           Min: 0, Avg:  0.0, Max: 0, Diff: 0, Sum: 0, Workers: 4
[2282.442s][debug][gc,phases      ] GC(101)     Total                          Min: 0, Avg:  8.0, Max: 32, Diff: 32, Sum: 32, Workers: 4
[2282.442s][debug][gc,phases      ] GC(101)   JVMTI Tag Weak OopStorage      Min:  0.0, Avg:  0.0, Max:  0.0, Diff:  0.0, Sum:  0.0, Workers: 4
[2282.442s][debug][gc,phases      ] GC(101)     Dead                           Min: 0, Avg:  0.0, Max: 0, Diff: 0, Sum: 0, Workers: 4
[2282.442s][debug][gc,phases      ] GC(101)     Total                          Min: 0, Avg:  0.0, Max: 0, Diff: 0, Sum: 0, Workers: 4
[2282.442s][debug][gc,phases      ] GC(101)   StringTable Weak               Min:  0.0, Avg:  0.1, Max:  0.1, Diff:  0.1, Sum:  0.3, Workers: 4
[2282.442s][debug][gc,phases      ] GC(101)     Dead                           Min: 0, Avg:  0.0, Max: 0, Diff: 0, Sum: 0, Workers: 4
[2282.442s][debug][gc,phases      ] GC(101)     Total                          Min: 0, Avg: 10790.0, Max: 18521, Diff: 18521, Sum: 43160, Workers: 4
[2282.442s][debug][gc,phases      ] GC(101)   ResolvedMethodTable Weak       Min:  0.0, Avg:  0.0, Max:  0.0, Diff:  0.0, Sum:  0.1, Workers: 4
[2282.442s][debug][gc,phases      ] GC(101)     Dead                           Min: 0, Avg:  0.0, Max: 0, Diff: 0, Sum: 0, Workers: 4
[2282.442s][debug][gc,phases      ] GC(101)     Total                          Min: 0, Avg: 2154.8, Max: 3648, Diff: 3648, Sum: 8619, Workers: 4
[2282.442s][debug][gc,phases      ] GC(101)   JNI Weak                       Min:  0.0, Avg:  0.0, Max:  0.0, Diff:  0.0, Sum:  0.0, Workers: 4
[2282.442s][debug][gc,phases      ] GC(101)     Dead                           Min: 0, Avg:  0.0, Max: 0, Diff: 0, Sum: 0, Workers: 4
[2282.442s][debug][gc,phases      ] GC(101)     Total                          Min: 0, Avg: 11.2, Max: 45, Diff: 45, Sum: 45, Workers: 4
[2282.442s][debug][gc,phases      ] GC(101)   StringDedup Table Weak         Min:  0.0, Avg:  0.0, Max:  0.0, Diff:  0.0, Sum:  0.0, Workers: 4
[2282.442s][debug][gc,phases      ] GC(101)     Dead                           Min: 0, Avg:  0.0, Max: 0, Diff: 0, Sum: 0, Workers: 4
[2282.442s][debug][gc,phases      ] GC(101)     Total                          Min: 0, Avg:  0.0, Max: 0, Diff: 0, Sum: 0, Workers: 4
[2282.442s][debug][gc,phases      ] GC(101)   StringDedup Requests0 Weak     Min:  0.0, Avg:  0.0, Max:  0.0, Diff:  0.0, Sum:  0.0, Workers: 4
[2282.442s][debug][gc,phases      ] GC(101)     Dead                           Min: 0, Avg:  0.0, Max: 0, Diff: 0, Sum: 0, Workers: 4
[2282.442s][debug][gc,phases      ] GC(101)     Total                          Min: 0, Avg:  0.0, Max: 0, Diff: 0, Sum: 0, Workers: 4
[2282.442s][debug][gc,phases      ] GC(101)   StringDedup Requests1 Weak     Min:  0.0, Avg:  0.0, Max:  0.0, Diff:  0.0, Sum:  0.0, Workers: 4
[2282.442s][debug][gc,phases      ] GC(101)     Dead                           Min: 0, Avg:  0.0, Max: 0, Diff: 0, Sum: 0, Workers: 4
[2282.442s][debug][gc,phases      ] GC(101)     Total                          Min: 0, Avg:  0.0, Max: 0, Diff: 0, Sum: 0, Workers: 4
[2282.442s][debug][gc,phases      ] GC(101)   Weak JFR Old Object Samples    Min:  0.0, Avg:  0.0, Max:  0.0, Diff:  0.0, Sum:  0.0, Workers: 4
[2282.442s][debug][gc,phases      ] GC(101)     Dead                           Min: 0, Avg:  0.0, Max: 0, Diff: 0, Sum: 0, Workers: 4
[2282.442s][debug][gc,phases      ] GC(101)     Total                          Min: 0, Avg:  0.0, Max: 0, Diff: 0, Sum: 0, Workers: 4
[2282.442s][debug][gc,phases      ] GC(101) Weak Processing 0.320ms
[2282.442s][debug][gc,age         ] GC(101) Desired survivor size 15728640 bytes, new threshold 15 (max threshold 15)
[2282.442s][info ][gc,heap        ] GC(101) PSYoungGen: 2065728K(2080768K)->1344K(2081792K) Eden: 2064384K(2064384K)->0K(2065920K) From: 1344K(16384K)->1344K(15872K)
[2282.442s][info ][gc,heap        ] GC(101) ParOldGen: 343090K(446976K)->343106K(446976K)
[2282.442s][info ][gc,metaspace   ] GC(101) Metaspace: 79250K(80128K)->79250K(80128K) NonClass: 67944K(68416K)->67944K(68416K) Class: 11305K(11712K)->11305K(11712K)
[2282.442s][info ][gc             ] GC(101) Pause Young (Allocation Failure) 2352M->336M(2469M) 2.517ms
[2282.442s][info ][gc,cpu         ] GC(101) User=0.01s Sys=0.00s Real=0.00s
[2282.442s][info ][safepoint      ] Safepoint "ParallelGCFailedAllocation", Time since last: 8744363855 ns, Reaching safepoint: 63600 ns, At safepoint: 2591114 ns, Total: 2654714 ns
[2308.295s][info ][gc,start       ] GC(102) Pause Young (Allocation Failure)
[2308.297s][debug][gc,phases      ] GC(102) Scavenge 2.519ms
[2308.297s][debug][gc,ref         ] GC(102) Skipped phase 1 of Reference Processing: no references
[2308.297s][debug][gc,ref         ] GC(102) ReferenceProcessor::execute queues: 1, RefProcThreadModel::Single, marks_oops_alive: false
[2308.297s][debug][gc,ref         ] GC(102) Skipped phase 3 of Reference Processing: no references
[2308.297s][debug][gc,ref         ] GC(102) ReferenceProcessor::execute queues: 1, RefProcThreadModel::Single, marks_oops_alive: false
[2308.297s][debug][gc,phases      ] GC(102) Reference Processing 0.081ms
[2308.297s][debug][gc,phases      ] GC(102)   VM Weak                        Min:  0.0, Avg:  0.0, Max:  0.0, Diff:  0.0, Sum:  0.0, Workers: 4
[2308.297s][debug][gc,phases      ] GC(102)     Dead                           Min: 0, Avg:  0.0, Max: 0, Diff: 0, Sum: 0, Workers: 4
[2308.297s][debug][gc,phases      ] GC(102)     Total                          Min: 0, Avg: 183.5, Max: 512, Diff: 512, Sum: 734, Workers: 4
[2308.297s][debug][gc,phases      ] GC(102)   ObjectSynchronizer Weak        Min:  0.0, Avg:  0.0, Max:  0.0, Diff:  0.0, Sum:  0.0, Workers: 4
[2308.297s][debug][gc,phases      ] GC(102)     Dead                           Min: 0, Avg:  0.0, Max: 0, Diff: 0, Sum: 0, Workers: 4
[2308.297s][debug][gc,phases      ] GC(102)     Total                          Min: 0, Avg:  8.0, Max: 32, Diff: 32, Sum: 32, Workers: 4
[2308.297s][debug][gc,phases      ] GC(102)   JVMTI Tag Weak OopStorage      Min:  0.0, Avg:  0.0, Max:  0.0, Diff:  0.0, Sum:  0.0, Workers: 4
[2308.297s][debug][gc,phases      ] GC(102)     Dead                           Min: 0, Avg:  0.0, Max: 0, Diff: 0, Sum: 0, Workers: 4
[2308.297s][debug][gc,phases      ] GC(102)     Total                          Min: 0, Avg:  0.0, Max: 0, Diff: 0, Sum: 0, Workers: 4
[2308.297s][debug][gc,phases      ] GC(102)   StringTable Weak               Min:  0.0, Avg:  0.1, Max:  0.1, Diff:  0.1, Sum:  0.3, Workers: 4
[2308.297s][debug][gc,phases      ] GC(102)     Dead                           Min: 0, Avg:  0.0, Max: 0, Diff: 0, Sum: 0, Workers: 4
[2308.297s][debug][gc,phases      ] GC(102)     Total                          Min: 0, Avg: 10790.0, Max: 17919, Diff: 17919, Sum: 43160, Workers: 4
[2308.297s][debug][gc,phases      ] GC(102)   ResolvedMethodTable Weak       Min:  0.0, Avg:  0.0, Max:  0.0, Diff:  0.0, Sum:  0.1, Workers: 4
[2308.297s][debug][gc,phases      ] GC(102)     Dead                           Min: 0, Avg:  0.0, Max: 0, Diff: 0, Sum: 0, Workers: 4
[2308.297s][debug][gc,phases      ] GC(102)     Total                          Min: 0, Avg: 2154.8, Max: 3627, Diff: 3627, Sum: 8619, Workers: 4
[2308.297s][debug][gc,phases      ] GC(102)   JNI Weak                       Min:  0.0, Avg:  0.0, Max:  0.0, Diff:  0.0, Sum:  0.0, Workers: 4
[2308.297s][debug][gc,phases      ] GC(102)     Dead                           Min: 0, Avg:  0.0, Max: 0, Diff: 0, Sum: 0, Workers: 4
[2308.297s][debug][gc,phases      ] GC(102)     Total                          Min: 0, Avg: 11.2, Max: 45, Diff: 45, Sum: 45, Workers: 4
[2308.297s][debug][gc,phases      ] GC(102)   StringDedup Table Weak         Min:  0.0, Avg:  0.0, Max:  0.0, Diff:  0.0, Sum:  0.0, Workers: 4
[2308.297s][debug][gc,phases      ] GC(102)     Dead                           Min: 0, Avg:  0.0, Max: 0, Diff: 0, Sum: 0, Workers: 4
[2308.297s][debug][gc,phases      ] GC(102)     Total                          Min: 0, Avg:  0.0, Max: 0, Diff: 0, Sum: 0, Workers: 4
[2308.297s][debug][gc,phases      ] GC(102)   StringDedup Requests0 Weak     Min:  0.0, Avg:  0.0, Max:  0.0, Diff:  0.0, Sum:  0.0, Workers: 4
[2308.297s][debug][gc,phases      ] GC(102)     Dead                           Min: 0, Avg:  0.0, Max: 0, Diff: 0, Sum: 0, Workers: 4
[2308.297s][debug][gc,phases      ] GC(102)     Total                          Min: 0, Avg:  0.0, Max: 0, Diff: 0, Sum: 0, Workers: 4
[2308.297s][debug][gc,phases      ] GC(102)   StringDedup Requests1 Weak     Min:  0.0, Avg:  0.0, Max:  0.0, Diff:  0.0, Sum:  0.0, Workers: 4
[2308.297s][debug][gc,phases      ] GC(102)     Dead                           Min: 0, Avg:  0.0, Max: 0, Diff: 0, Sum: 0, Workers: 4
[2308.297s][debug][gc,phases      ] GC(102)     Total                          Min: 0, Avg:  0.0, Max: 0, Diff: 0, Sum: 0, Workers: 4
[2308.297s][debug][gc,phases      ] GC(102)   Weak JFR Old Object Samples    Min:  0.0, Avg:  0.0, Max:  0.0, Diff:  0.0, Sum:  0.0, Workers: 4
[2308.297s][debug][gc,phases      ] GC(102)     Dead                           Min: 0, Avg:  0.0, Max: 0, Diff: 0, Sum: 0, Workers: 4
[2308.297s][debug][gc,phases      ] GC(102)     Total                          Min: 0, Avg:  0.0, Max: 0, Diff: 0, Sum: 0, Workers: 4
[2308.297s][debug][gc,phases      ] GC(102) Weak Processing 0.293ms
[2308.297s][debug][gc,age         ] GC(102) Desired survivor size 15728640 bytes, new threshold 15 (max threshold 15)
[2308.297s][info ][gc,heap        ] GC(102) PSYoungGen: 2067264K(2081792K)->1376K(2081280K) Eden: 2065920K(2065920K)->0K(2065920K) From: 1344K(15872K)->1376K(15360K)
[2308.297s][info ][gc,heap        ] GC(102) ParOldGen: 343106K(446976K)->343138K(446976K)
[2308.298s][info ][gc,metaspace   ] GC(102) Metaspace: 79250K(80128K)->79250K(80128K) NonClass: 67944K(68416K)->67944K(68416K) Class: 11305K(11712K)->11305K(11712K)
[2308.298s][info ][gc             ] GC(102) Pause Young (Allocation Failure) 2353M->336M(2469M) 2.977ms
[2308.298s][info ][gc,cpu         ] GC(102) User=0.01s Sys=0.00s Real=0.00s
[2308.298s][info ][safepoint      ] Safepoint "ParallelGCFailedAllocation", Time since last: 25852263373 ns, Reaching safepoint: 129901 ns, At safepoint: 3062016 ns, Total: 3191917 ns
[2324.299s][info ][safepoint      ] Safepoint "Cleanup", Time since last: 16000988517 ns, Reaching safepoint: 40700 ns, At safepoint: 6900 ns, Total: 47600 ns
[2327.299s][info ][safepoint      ] Safepoint "Cleanup", Time since last: 3000232633 ns, Reaching safepoint: 66401 ns, At safepoint: 9600 ns, Total: 76001 ns
[2329.692s][info ][gc,start       ] GC(103) Pause Young (Allocation Failure)
[2329.694s][debug][gc,phases      ] GC(103) Scavenge 2.423ms
[2329.694s][debug][gc,ref         ] GC(103) Skipped phase 1 of Reference Processing: no references
[2329.694s][debug][gc,ref         ] GC(103) ReferenceProcessor::execute queues: 1, RefProcThreadModel::Single, marks_oops_alive: false
[2329.694s][debug][gc,ref         ] GC(103) Skipped phase 3 of Reference Processing: no references
[2329.694s][debug][gc,ref         ] GC(103) ReferenceProcessor::execute queues: 1, RefProcThreadModel::Single, marks_oops_alive: false
[2329.694s][debug][gc,phases      ] GC(103) Reference Processing 0.101ms
[2329.694s][debug][gc,phases      ] GC(103)   VM Weak                        Min:  0.0, Avg:  0.0, Max:  0.0, Diff:  0.0, Sum:  0.0, Workers: 4
[2329.695s][debug][gc,phases      ] GC(103)     Dead                           Min: 0, Avg:  0.0, Max: 0, Diff: 0, Sum: 0, Workers: 4
[2329.695s][debug][gc,phases      ] GC(103)     Total                          Min: 0, Avg: 183.5, Max: 542, Diff: 542, Sum: 734, Workers: 4
[2329.695s][debug][gc,phases      ] GC(103)   ObjectSynchronizer Weak        Min:  0.0, Avg:  0.0, Max:  0.0, Diff:  0.0, Sum:  0.0, Workers: 4
[2329.695s][debug][gc,phases      ] GC(103)     Dead                           Min: 0, Avg:  0.0, Max: 0, Diff: 0, Sum: 0, Workers: 4
[2329.695s][debug][gc,phases      ] GC(103)     Total                          Min: 0, Avg:  8.0, Max: 32, Diff: 32, Sum: 32, Workers: 4
[2329.695s][debug][gc,phases      ] GC(103)   JVMTI Tag Weak OopStorage      Min:  0.0, Avg:  0.0, Max:  0.0, Diff:  0.0, Sum:  0.0, Workers: 4
[2329.695s][debug][gc,phases      ] GC(103)     Dead                           Min: 0, Avg:  0.0, Max: 0, Diff: 0, Sum: 0, Workers: 4
[2329.695s][debug][gc,phases      ] GC(103)     Total                          Min: 0, Avg:  0.0, Max: 0, Diff: 0, Sum: 0, Workers: 4
[2329.695s][debug][gc,phases      ] GC(103)   StringTable Weak               Min:  0.0, Avg:  0.1, Max:  0.1, Diff:  0.1, Sum:  0.3, Workers: 4
[2329.695s][debug][gc,phases      ] GC(103)     Dead                           Min: 0, Avg:  0.0, Max: 0, Diff: 0, Sum: 0, Workers: 4
[2329.695s][debug][gc,phases      ] GC(103)     Total                          Min: 0, Avg: 10790.2, Max: 18752, Diff: 18752, Sum: 43161, Workers: 4
[2329.695s][debug][gc,phases      ] GC(103)   ResolvedMethodTable Weak       Min:  0.0, Avg:  0.0, Max:  0.0, Diff:  0.0, Sum:  0.1, Workers: 4
[2329.695s][debug][gc,phases      ] GC(103)     Dead                           Min: 0, Avg:  0.0, Max: 0, Diff: 0, Sum: 0, Workers: 4
[2329.695s][debug][gc,phases      ] GC(103)     Total                          Min: 0, Avg: 2154.8, Max: 3179, Diff: 3179, Sum: 8619, Workers: 4
[2329.695s][debug][gc,phases      ] GC(103)   JNI Weak                       Min:  0.0, Avg:  0.0, Max:  0.0, Diff:  0.0, Sum:  0.0, Workers: 4
[2329.695s][debug][gc,phases      ] GC(103)     Dead                           Min: 0, Avg:  0.0, Max: 0, Diff: 0, Sum: 0, Workers: 4
[2329.695s][debug][gc,phases      ] GC(103)     Total                          Min: 0, Avg: 11.2, Max: 45, Diff: 45, Sum: 45, Workers: 4
[2329.695s][debug][gc,phases      ] GC(103)   StringDedup Table Weak         Min:  0.0, Avg:  0.0, Max:  0.0, Diff:  0.0, Sum:  0.0, Workers: 4
[2329.695s][debug][gc,phases      ] GC(103)     Dead                           Min: 0, Avg:  0.0, Max: 0, Diff: 0, Sum: 0, Workers: 4
[2329.695s][debug][gc,phases      ] GC(103)     Total                          Min: 0, Avg:  0.0, Max: 0, Diff: 0, Sum: 0, Workers: 4
[2329.695s][debug][gc,phases      ] GC(103)   StringDedup Requests0 Weak     Min:  0.0, Avg:  0.0, Max:  0.0, Diff:  0.0, Sum:  0.0, Workers: 4
[2329.695s][debug][gc,phases      ] GC(103)     Dead                           Min: 0, Avg:  0.0, Max: 0, Diff: 0, Sum: 0, Workers: 4
[2329.695s][debug][gc,phases      ] GC(103)     Total                          Min: 0, Avg:  0.0, Max: 0, Diff: 0, Sum: 0, Workers: 4
[2329.695s][debug][gc,phases      ] GC(103)   StringDedup Requests1 Weak     Min:  0.0, Avg:  0.0, Max:  0.0, Diff:  0.0, Sum:  0.0, Workers: 4
[2329.695s][debug][gc,phases      ] GC(103)     Dead                           Min: 0, Avg:  0.0, Max: 0, Diff: 0, Sum: 0, Workers: 4
[2329.695s][debug][gc,phases      ] GC(103)     Total                          Min: 0, Avg:  0.0, Max: 0, Diff: 0, Sum: 0, Workers: 4
[2329.695s][debug][gc,phases      ] GC(103)   Weak JFR Old Object Samples    Min:  0.0, Avg:  0.0, Max:  0.0, Diff:  0.0, Sum:  0.0, Workers: 4
[2329.695s][debug][gc,phases      ] GC(103)     Dead                           Min: 0, Avg:  0.0, Max: 0, Diff: 0, Sum: 0, Workers: 4
[2329.695s][debug][gc,phases      ] GC(103)     Total                          Min: 0, Avg:  0.0, Max: 0, Diff: 0, Sum: 0, Workers: 4
[2329.695s][debug][gc,phases      ] GC(103) Weak Processing 0.316ms
[2329.695s][debug][gc,age         ] GC(103) Desired survivor size 15204352 bytes, new threshold 15 (max threshold 15)
[2329.695s][info ][gc,heap        ] GC(103) PSYoungGen: 2067296K(2081280K)->1312K(2082304K) Eden: 2065920K(2065920K)->0K(2066944K) From: 1376K(15360K)->1312K(15360K)
[2329.695s][info ][gc,heap        ] GC(103) ParOldGen: 343138K(446976K)->343186K(446976K)
[2329.695s][info ][gc,metaspace   ] GC(103) Metaspace: 79260K(80128K)->79260K(80128K) NonClass: 67954K(68416K)->67954K(68416K) Class: 11306K(11712K)->11306K(11712K)
[2329.695s][info ][gc             ] GC(103) Pause Young (Allocation Failure) 2353M->336M(2470M) 2.934ms
[2329.695s][info ][gc,cpu         ] GC(103) User=0.01s Sys=0.00s Real=0.00s
[2329.695s][info ][safepoint      ] Safepoint "ParallelGCFailedAllocation", Time since last: 2392772248 ns, Reaching safepoint: 24300 ns, At safepoint: 3003117 ns, Total: 3027417 ns
[2333.695s][info ][safepoint      ] Safepoint "Cleanup", Time since last: 4000285881 ns, Reaching safepoint: 35500 ns, At safepoint: 2700 ns, Total: 38200 ns
[2335.695s][info ][safepoint      ] Safepoint "Cleanup", Time since last: 2000144319 ns, Reaching safepoint: 36200 ns, At safepoint: 2500 ns, Total: 38700 ns
[2339.695s][info ][safepoint      ] Safepoint "Cleanup", Time since last: 4000260515 ns, Reaching safepoint: 30300 ns, At safepoint: 2400 ns, Total: 32700 ns
[2344.696s][info ][safepoint      ] Safepoint "Cleanup", Time since last: 5000321132 ns, Reaching safepoint: 36800 ns, At safepoint: 2800 ns, Total: 39600 ns
[2345.696s][info ][safepoint      ] Safepoint "Cleanup", Time since last: 1000111343 ns, Reaching safepoint: 39100 ns, At safepoint: 2800 ns, Total: 41900 ns
[2350.696s][info ][safepoint      ] Safepoint "Cleanup", Time since last: 5000366813 ns, Reaching safepoint: 43900 ns, At safepoint: 3200 ns, Total: 47100 ns
[2351.697s][info ][safepoint      ] Safepoint "Cleanup", Time since last: 1000100240 ns, Reaching safepoint: 39500 ns, At safepoint: 4300 ns, Total: 43800 ns
[2352.641s][info ][gc,start       ] GC(104) Pause Young (Allocation Failure)
[2352.645s][debug][gc,phases      ] GC(104) Scavenge 3.879ms
[2352.645s][debug][gc,ref         ] GC(104) Skipped phase 1 of Reference Processing: no references
[2352.645s][debug][gc,ref         ] GC(104) ReferenceProcessor::execute queues: 1, RefProcThreadModel::Single, marks_oops_alive: false
[2352.645s][debug][gc,ref         ] GC(104) Skipped phase 3 of Reference Processing: no references
[2352.645s][debug][gc,ref         ] GC(104) ReferenceProcessor::execute queues: 1, RefProcThreadModel::Single, marks_oops_alive: false
[2352.645s][debug][gc,phases      ] GC(104) Reference Processing 0.109ms
[2352.645s][debug][gc,phases      ] GC(104)   VM Weak                        Min:  0.0, Avg:  0.0, Max:  0.0, Diff:  0.0, Sum:  0.0, Workers: 4
[2352.645s][debug][gc,phases      ] GC(104)     Dead                           Min: 0, Avg:  0.0, Max: 0, Diff: 0, Sum: 0, Workers: 4
[2352.645s][debug][gc,phases      ] GC(104)     Total                          Min: 0, Avg: 183.5, Max: 606, Diff: 606, Sum: 734, Workers: 4
[2352.645s][debug][gc,phases      ] GC(104)   ObjectSynchronizer Weak        Min:  0.0, Avg:  0.0, Max:  0.0, Diff:  0.0, Sum:  0.0, Workers: 4
[2352.645s][debug][gc,phases      ] GC(104)     Dead                           Min: 0, Avg:  0.0, Max: 0, Diff: 0, Sum: 0, Workers: 4
[2352.645s][debug][gc,phases      ] GC(104)     Total                          Min: 0, Avg:  8.0, Max: 32, Diff: 32, Sum: 32, Workers: 4
[2352.645s][debug][gc,phases      ] GC(104)   JVMTI Tag Weak OopStorage      Min:  0.0, Avg:  0.0, Max:  0.0, Diff:  0.0, Sum:  0.0, Workers: 4
[2352.645s][debug][gc,phases      ] GC(104)     Dead                           Min: 0, Avg:  0.0, Max: 0, Diff: 0, Sum: 0, Workers: 4
[2352.645s][debug][gc,phases      ] GC(104)     Total                          Min: 0, Avg:  0.0, Max: 0, Diff: 0, Sum: 0, Workers: 4
[2352.645s][debug][gc,phases      ] GC(104)   StringTable Weak               Min:  0.0, Avg:  0.1, Max:  0.1, Diff:  0.1, Sum:  0.3, Workers: 4
[2352.645s][debug][gc,phases      ] GC(104)     Dead                           Min: 0, Avg:  0.0, Max: 0, Diff: 0, Sum: 0, Workers: 4
[2352.645s][debug][gc,phases      ] GC(104)     Total                          Min: 0, Avg: 10791.5, Max: 18304, Diff: 18304, Sum: 43166, Workers: 4
[2352.645s][debug][gc,phases      ] GC(104)   ResolvedMethodTable Weak       Min:  0.0, Avg:  0.0, Max:  0.0, Diff:  0.0, Sum:  0.1, Workers: 4
[2352.645s][debug][gc,phases      ] GC(104)     Dead                           Min: 0, Avg:  0.0, Max: 0, Diff: 0, Sum: 0, Workers: 4
[2352.645s][debug][gc,phases      ] GC(104)     Total                          Min: 0, Avg: 2154.8, Max: 3136, Diff: 3136, Sum: 8619, Workers: 4
[2352.645s][debug][gc,phases      ] GC(104)   JNI Weak                       Min:  0.0, Avg:  0.0, Max:  0.0, Diff:  0.0, Sum:  0.0, Workers: 4
[2352.645s][debug][gc,phases      ] GC(104)     Dead                           Min: 0, Avg:  0.0, Max: 0, Diff: 0, Sum: 0, Workers: 4
[2352.645s][debug][gc,phases      ] GC(104)     Total                          Min: 0, Avg: 11.2, Max: 45, Diff: 45, Sum: 45, Workers: 4
[2352.645s][debug][gc,phases      ] GC(104)   StringDedup Table Weak         Min:  0.0, Avg:  0.0, Max:  0.0, Diff:  0.0, Sum:  0.0, Workers: 4
[2352.645s][debug][gc,phases      ] GC(104)     Dead                           Min: 0, Avg:  0.0, Max: 0, Diff: 0, Sum: 0, Workers: 4
[2352.645s][debug][gc,phases      ] GC(104)     Total                          Min: 0, Avg:  0.0, Max: 0, Diff: 0, Sum: 0, Workers: 4
[2352.645s][debug][gc,phases      ] GC(104)   StringDedup Requests0 Weak     Min:  0.0, Avg:  0.0, Max:  0.0, Diff:  0.0, Sum:  0.0, Workers: 4
[2352.645s][debug][gc,phases      ] GC(104)     Dead                           Min: 0, Avg:  0.0, Max: 0, Diff: 0, Sum: 0, Workers: 4
[2352.645s][debug][gc,phases      ] GC(104)     Total                          Min: 0, Avg:  0.0, Max: 0, Diff: 0, Sum: 0, Workers: 4
[2352.645s][debug][gc,phases      ] GC(104)   StringDedup Requests1 Weak     Min:  0.0, Avg:  0.0, Max:  0.0, Diff:  0.0, Sum:  0.0, Workers: 4
[2352.645s][debug][gc,phases      ] GC(104)     Dead                           Min: 0, Avg:  0.0, Max: 0, Diff: 0, Sum: 0, Workers: 4
[2352.645s][debug][gc,phases      ] GC(104)     Total                          Min: 0, Avg:  0.0, Max: 0, Diff: 0, Sum: 0, Workers: 4
[2352.645s][debug][gc,phases      ] GC(104)   Weak JFR Old Object Samples    Min:  0.0, Avg:  0.0, Max:  0.0, Diff:  0.0, Sum:  0.0, Workers: 4
[2352.645s][debug][gc,phases      ] GC(104)     Dead                           Min: 0, Avg:  0.0, Max: 0, Diff: 0, Sum: 0, Workers: 4
[2352.645s][debug][gc,phases      ] GC(104)     Total                          Min: 0, Avg:  0.0, Max: 0, Diff: 0, Sum: 0, Workers: 4
[2352.645s][debug][gc,phases      ] GC(104) Weak Processing 0.307ms
[2352.645s][debug][gc,age         ] GC(104) Desired survivor size 14680064 bytes, new threshold 15 (max threshold 15)
[2352.645s][info ][gc,heap        ] GC(104) PSYoungGen: 2068256K(2082304K)->1344K(2081792K) Eden: 2066944K(2066944K)->0K(2066944K) From: 1312K(15360K)->1344K(14848K)
[2352.645s][info ][gc,heap        ] GC(104) ParOldGen: 343186K(446976K)->343210K(446976K)
[2352.645s][info ][gc,metaspace   ] GC(104) Metaspace: 79261K(80128K)->79261K(80128K) NonClass: 67955K(68416K)->67955K(68416K) Class: 11306K(11712K)->11306K(11712K)
[2352.645s][info ][gc             ] GC(104) Pause Young (Allocation Failure) 2354M->336M(2469M) 4.390ms
[2352.645s][info ][gc,cpu         ] GC(104) User=0.01s Sys=0.00s Real=0.01s
[2352.645s][info ][safepoint      ] Safepoint "ParallelGCFailedAllocation", Time since last: 944332942 ns, Reaching safepoint: 40200 ns, At safepoint: 4455224 ns, Total: 4495424 ns
[2371.159s][info ][gc,start       ] GC(105) Pause Young (Allocation Failure)
[2371.161s][debug][gc,phases      ] GC(105) Scavenge 1.805ms
[2371.161s][debug][gc,ref         ] GC(105) Skipped phase 1 of Reference Processing: no references
[2371.161s][debug][gc,ref         ] GC(105) ReferenceProcessor::execute queues: 1, RefProcThreadModel::Single, marks_oops_alive: false
[2371.161s][debug][gc,ref         ] GC(105) Skipped phase 3 of Reference Processing: no references
[2371.161s][debug][gc,ref         ] GC(105) ReferenceProcessor::execute queues: 1, RefProcThreadModel::Single, marks_oops_alive: false
[2371.161s][debug][gc,phases      ] GC(105) Reference Processing 0.097ms
[2371.161s][debug][gc,phases      ] GC(105)   VM Weak                        Min:  0.0, Avg:  0.0, Max:  0.0, Diff:  0.0, Sum:  0.0, Workers: 4
[2371.161s][debug][gc,phases      ] GC(105)     Dead                           Min: 0, Avg:  0.0, Max: 0, Diff: 0, Sum: 0, Workers: 4
[2371.161s][debug][gc,phases      ] GC(105)     Total                          Min: 0, Avg: 183.5, Max: 704, Diff: 704, Sum: 734, Workers: 4
[2371.161s][debug][gc,phases      ] GC(105)   ObjectSynchronizer Weak        Min:  0.0, Avg:  0.0, Max:  0.0, Diff:  0.0, Sum:  0.0, Workers: 4
[2371.161s][debug][gc,phases      ] GC(105)     Dead                           Min: 0, Avg:  0.0, Max: 0, Diff: 0, Sum: 0, Workers: 4
[2371.161s][debug][gc,phases      ] GC(105)     Total                          Min: 0, Avg:  8.0, Max: 32, Diff: 32, Sum: 32, Workers: 4
[2371.161s][debug][gc,phases      ] GC(105)   JVMTI Tag Weak OopStorage      Min:  0.0, Avg:  0.0, Max:  0.0, Diff:  0.0, Sum:  0.0, Workers: 4
[2371.161s][debug][gc,phases      ] GC(105)     Dead                           Min: 0, Avg:  0.0, Max: 0, Diff: 0, Sum: 0, Workers: 4
[2371.161s][debug][gc,phases      ] GC(105)     Total                          Min: 0, Avg:  0.0, Max: 0, Diff: 0, Sum: 0, Workers: 4
[2371.161s][debug][gc,phases      ] GC(105)   StringTable Weak               Min:  0.0, Avg:  0.1, Max:  0.1, Diff:  0.1, Sum:  0.4, Workers: 4
[2371.161s][debug][gc,phases      ] GC(105)     Dead                           Min: 0, Avg:  0.0, Max: 0, Diff: 0, Sum: 0, Workers: 4
[2371.161s][debug][gc,phases      ] GC(105)     Total                          Min: 0, Avg: 10791.5, Max: 17055, Diff: 17055, Sum: 43166, Workers: 4
[2371.161s][debug][gc,phases      ] GC(105)   ResolvedMethodTable Weak       Min:  0.0, Avg:  0.0, Max:  0.0, Diff:  0.0, Sum:  0.1, Workers: 4
[2371.161s][debug][gc,phases      ] GC(105)     Dead                           Min: 0, Avg:  0.0, Max: 0, Diff: 0, Sum: 0, Workers: 4
[2371.161s][debug][gc,phases      ] GC(105)     Total                          Min: 0, Avg: 2154.8, Max: 3627, Diff: 3627, Sum: 8619, Workers: 4
[2371.161s][debug][gc,phases      ] GC(105)   JNI Weak                       Min:  0.0, Avg:  0.0, Max:  0.0, Diff:  0.0, Sum:  0.0, Workers: 4
[2371.161s][debug][gc,phases      ] GC(105)     Dead                           Min: 0, Avg:  0.0, Max: 0, Diff: 0, Sum: 0, Workers: 4
[2371.161s][debug][gc,phases      ] GC(105)     Total                          Min: 0, Avg: 11.2, Max: 45, Diff: 45, Sum: 45, Workers: 4
[2371.161s][debug][gc,phases      ] GC(105)   StringDedup Table Weak         Min:  0.0, Avg:  0.0, Max:  0.0, Diff:  0.0, Sum:  0.0, Workers: 4
[2371.161s][debug][gc,phases      ] GC(105)     Dead                           Min: 0, Avg:  0.0, Max: 0, Diff: 0, Sum: 0, Workers: 4
[2371.162s][debug][gc,phases      ] GC(105)     Total                          Min: 0, Avg:  0.0, Max: 0, Diff: 0, Sum: 0, Workers: 4
[2371.162s][debug][gc,phases      ] GC(105)   StringDedup Requests0 Weak     Min:  0.0, Avg:  0.0, Max:  0.0, Diff:  0.0, Sum:  0.0, Workers: 4
[2371.162s][debug][gc,phases      ] GC(105)     Dead                           Min: 0, Avg:  0.0, Max: 0, Diff: 0, Sum: 0, Workers: 4
[2371.162s][debug][gc,phases      ] GC(105)     Total                          Min: 0, Avg:  0.0, Max: 0, Diff: 0, Sum: 0, Workers: 4
[2371.162s][debug][gc,phases      ] GC(105)   StringDedup Requests1 Weak     Min:  0.0, Avg:  0.0, Max:  0.0, Diff:  0.0, Sum:  0.0, Workers: 4
[2371.162s][debug][gc,phases      ] GC(105)     Dead                           Min: 0, Avg:  0.0, Max: 0, Diff: 0, Sum: 0, Workers: 4
[2371.162s][debug][gc,phases      ] GC(105)     Total                          Min: 0, Avg:  0.0, Max: 0, Diff: 0, Sum: 0, Workers: 4
[2371.162s][debug][gc,phases      ] GC(105)   Weak JFR Old Object Samples    Min:  0.0, Avg:  0.0, Max:  0.0, Diff:  0.0, Sum:  0.0, Workers: 4
[2371.162s][debug][gc,phases      ] GC(105)     Dead                           Min: 0, Avg:  0.0, Max: 0, Diff: 0, Sum: 0, Workers: 4
[2371.162s][debug][gc,phases      ] GC(105)     Total                          Min: 0, Avg:  0.0, Max: 0, Diff: 0, Sum: 0, Workers: 4
[2371.162s][debug][gc,phases      ] GC(105) Weak Processing 0.318ms
[2371.162s][debug][gc,age         ] GC(105) Desired survivor size 14155776 bytes, new threshold 15 (max threshold 15)
[2371.162s][info ][gc,heap        ] GC(105) PSYoungGen: 2068288K(2081792K)->1184K(2083328K) Eden: 2066944K(2066944K)->0K(2068992K) From: 1344K(14848K)->1184K(14336K)
[2371.162s][info ][gc,heap        ] GC(105) ParOldGen: 343210K(446976K)->343242K(446976K)
[2371.162s][info ][gc,metaspace   ] GC(105) Metaspace: 79262K(80128K)->79262K(80128K) NonClass: 67956K(68416K)->67956K(68416K) Class: 11306K(11712K)->11306K(11712K)
[2371.162s][info ][gc             ] GC(105) Pause Young (Allocation Failure) 2354M->336M(2471M) 2.327ms
[2371.162s][info ][gc,cpu         ] GC(105) User=0.00s Sys=0.00s Real=0.00s
[2371.162s][info ][safepoint      ] Safepoint "ParallelGCFailedAllocation", Time since last: 18513768919 ns, Reaching safepoint: 48400 ns, At safepoint: 2391113 ns, Total: 2439513 ns
[2381.162s][info ][safepoint      ] Safepoint "Cleanup", Time since last: 10000656947 ns, Reaching safepoint: 44901 ns, At safepoint: 3000 ns, Total: 47901 ns
[2383.163s][info ][safepoint      ] Safepoint "Cleanup", Time since last: 2000170417 ns, Reaching safepoint: 47200 ns, At safepoint: 4700 ns, Total: 51900 ns
[2388.163s][info ][safepoint      ] Safepoint "Cleanup", Time since last: 5000359091 ns, Reaching safepoint: 44800 ns, At safepoint: 2501 ns, Total: 47301 ns
[2388.193s][info ][gc,start       ] GC(106) Pause Young (Allocation Failure)
[2388.196s][debug][gc,phases      ] GC(106) Scavenge 2.107ms
[2388.196s][debug][gc,ref         ] GC(106) Skipped phase 1 of Reference Processing: no references
[2388.196s][debug][gc,ref         ] GC(106) ReferenceProcessor::execute queues: 1, RefProcThreadModel::Single, marks_oops_alive: false
[2388.196s][debug][gc,ref         ] GC(106) Skipped phase 3 of Reference Processing: no references
[2388.196s][debug][gc,ref         ] GC(106) ReferenceProcessor::execute queues: 1, RefProcThreadModel::Single, marks_oops_alive: false
[2388.196s][debug][gc,phases      ] GC(106) Reference Processing 0.110ms
[2388.196s][debug][gc,phases      ] GC(106)   VM Weak                        Min:  0.0, Avg:  0.0, Max:  0.0, Diff:  0.0, Sum:  0.0, Workers: 4
[2388.196s][debug][gc,phases      ] GC(106)     Dead                           Min: 0, Avg:  0.0, Max: 0, Diff: 0, Sum: 0, Workers: 4
[2388.196s][debug][gc,phases      ] GC(106)     Total                          Min: 0, Avg: 183.5, Max: 414, Diff: 414, Sum: 734, Workers: 4
[2388.196s][debug][gc,phases      ] GC(106)   ObjectSynchronizer Weak        Min:  0.0, Avg:  0.0, Max:  0.0, Diff:  0.0, Sum:  0.0, Workers: 4
[2388.196s][debug][gc,phases      ] GC(106)     Dead                           Min: 0, Avg:  0.0, Max: 0, Diff: 0, Sum: 0, Workers: 4
[2388.196s][debug][gc,phases      ] GC(106)     Total                          Min: 0, Avg:  8.0, Max: 32, Diff: 32, Sum: 32, Workers: 4
[2388.196s][debug][gc,phases      ] GC(106)   JVMTI Tag Weak OopStorage      Min:  0.0, Avg:  0.0, Max:  0.0, Diff:  0.0, Sum:  0.0, Workers: 4
[2388.196s][debug][gc,phases      ] GC(106)     Dead                           Min: 0, Avg:  0.0, Max: 0, Diff: 0, Sum: 0, Workers: 4
[2388.196s][debug][gc,phases      ] GC(106)     Total                          Min: 0, Avg:  0.0, Max: 0, Diff: 0, Sum: 0, Workers: 4
[2388.196s][debug][gc,phases      ] GC(106)   StringTable Weak               Min:  0.0, Avg:  0.1, Max:  0.1, Diff:  0.1, Sum:  0.3, Workers: 4
[2388.196s][debug][gc,phases      ] GC(106)     Dead                           Min: 0, Avg:  0.0, Max: 0, Diff: 0, Sum: 0, Workers: 4
[2388.196s][debug][gc,phases      ] GC(106)     Total                          Min: 0, Avg: 10791.5, Max: 18334, Diff: 18334, Sum: 43166, Workers: 4
[2388.196s][debug][gc,phases      ] GC(106)   ResolvedMethodTable Weak       Min:  0.0, Avg:  0.0, Max:  0.0, Diff:  0.0, Sum:  0.1, Workers: 4
[2388.196s][debug][gc,phases      ] GC(106)     Dead                           Min: 0, Avg:  0.0, Max: 0, Diff: 0, Sum: 0, Workers: 4
[2388.196s][debug][gc,phases      ] GC(106)     Total                          Min: 0, Avg: 2154.8, Max: 3435, Diff: 3435, Sum: 8619, Workers: 4
[2388.196s][debug][gc,phases      ] GC(106)   JNI Weak                       Min:  0.0, Avg:  0.0, Max:  0.0, Diff:  0.0, Sum:  0.0, Workers: 4
[2388.196s][debug][gc,phases      ] GC(106)     Dead                           Min: 0, Avg:  0.0, Max: 0, Diff: 0, Sum: 0, Workers: 4
[2388.196s][debug][gc,phases      ] GC(106)     Total                          Min: 0, Avg: 11.2, Max: 45, Diff: 45, Sum: 45, Workers: 4
[2388.196s][debug][gc,phases      ] GC(106)   StringDedup Table Weak         Min:  0.0, Avg:  0.0, Max:  0.0, Diff:  0.0, Sum:  0.0, Workers: 4
[2388.196s][debug][gc,phases      ] GC(106)     Dead                           Min: 0, Avg:  0.0, Max: 0, Diff: 0, Sum: 0, Workers: 4
[2388.196s][debug][gc,phases      ] GC(106)     Total                          Min: 0, Avg:  0.0, Max: 0, Diff: 0, Sum: 0, Workers: 4
[2388.196s][debug][gc,phases      ] GC(106)   StringDedup Requests0 Weak     Min:  0.0, Avg:  0.0, Max:  0.0, Diff:  0.0, Sum:  0.0, Workers: 4
[2388.196s][debug][gc,phases      ] GC(106)     Dead                           Min: 0, Avg:  0.0, Max: 0, Diff: 0, Sum: 0, Workers: 4
[2388.196s][debug][gc,phases      ] GC(106)     Total                          Min: 0, Avg:  0.0, Max: 0, Diff: 0, Sum: 0, Workers: 4
[2388.196s][debug][gc,phases      ] GC(106)   StringDedup Requests1 Weak     Min:  0.0, Avg:  0.0, Max:  0.0, Diff:  0.0, Sum:  0.0, Workers: 4
[2388.196s][debug][gc,phases      ] GC(106)     Dead                           Min: 0, Avg:  0.0, Max: 0, Diff: 0, Sum: 0, Workers: 4
[2388.196s][debug][gc,phases      ] GC(106)     Total                          Min: 0, Avg:  0.0, Max: 0, Diff: 0, Sum: 0, Workers: 4
[2388.196s][debug][gc,phases      ] GC(106)   Weak JFR Old Object Samples    Min:  0.0, Avg:  0.0, Max:  0.0, Diff:  0.0, Sum:  0.0, Workers: 4
[2388.196s][debug][gc,phases      ] GC(106)     Dead                           Min: 0, Avg:  0.0, Max: 0, Diff: 0, Sum: 0, Workers: 4
[2388.196s][debug][gc,phases      ] GC(106)     Total                          Min: 0, Avg:  0.0, Max: 0, Diff: 0, Sum: 0, Workers: 4
[2388.196s][debug][gc,phases      ] GC(106) Weak Processing 0.284ms
[2388.196s][debug][gc,age         ] GC(106) Desired survivor size 13631488 bytes, new threshold 15 (max threshold 15)
[2388.196s][info ][gc,heap        ] GC(106) PSYoungGen: 2070176K(2083328K)->1184K(2082816K) Eden: 2068992K(2068992K)->0K(2068992K) From: 1184K(14336K)->1184K(13824K)
[2388.196s][info ][gc,heap        ] GC(106) ParOldGen: 343242K(446976K)->343250K(446976K)
[2388.196s][info ][gc,metaspace   ] GC(106) Metaspace: 79271K(80128K)->79271K(80128K) NonClass: 67965K(68416K)->67965K(68416K) Class: 11306K(11712K)->11306K(11712K)
[2388.196s][info ][gc             ] GC(106) Pause Young (Allocation Failure) 2356M->336M(2470M) 2.590ms
[2388.196s][info ][gc,cpu         ] GC(106) User=0.01s Sys=0.00s Real=0.00s
[2388.196s][info ][safepoint      ] Safepoint "ParallelGCFailedAllocation", Time since last: 30466262 ns, Reaching safepoint: 18600 ns, At safepoint: 2652914 ns, Total: 2671514 ns
[2391.196s][info ][safepoint      ] Safepoint "Cleanup", Time since last: 3000209200 ns, Reaching safepoint: 36500 ns, At safepoint: 4100 ns, Total: 40600 ns
[2395.197s][info ][safepoint      ] Safepoint "Cleanup", Time since last: 4000255061 ns, Reaching safepoint: 51400 ns, At safepoint: 2500 ns, Total: 53900 ns
[2396.197s][info ][safepoint      ] Safepoint "Cleanup", Time since last: 1000103450 ns, Reaching safepoint: 28100 ns, At safepoint: 2700 ns, Total: 30800 ns
[2397.197s][info ][safepoint      ] Safepoint "Cleanup", Time since last: 1000107099 ns, Reaching safepoint: 38200 ns, At safepoint: 3100 ns, Total: 41300 ns
[2401.197s][info ][safepoint      ] Safepoint "Cleanup", Time since last: 4000296872 ns, Reaching safepoint: 39700 ns, At safepoint: 9100 ns, Total: 48800 ns
[2403.197s][info ][safepoint      ] Safepoint "Cleanup", Time since last: 2000184625 ns, Reaching safepoint: 43800 ns, At safepoint: 2300 ns, Total: 46100 ns
[2410.067s][info ][gc,start       ] GC(107) Pause Young (Allocation Failure)
[2410.069s][debug][gc,phases      ] GC(107) Scavenge 1.966ms
[2410.069s][debug][gc,ref         ] GC(107) Skipped phase 1 of Reference Processing: no references
[2410.069s][debug][gc,ref         ] GC(107) ReferenceProcessor::execute queues: 1, RefProcThreadModel::Single, marks_oops_alive: false
[2410.069s][debug][gc,ref         ] GC(107) Skipped phase 3 of Reference Processing: no references
[2410.069s][debug][gc,ref         ] GC(107) ReferenceProcessor::execute queues: 1, RefProcThreadModel::Single, marks_oops_alive: false
[2410.069s][debug][gc,phases      ] GC(107) Reference Processing 0.093ms
[2410.069s][debug][gc,phases      ] GC(107)   VM Weak                        Min:  0.0, Avg:  0.0, Max:  0.0, Diff:  0.0, Sum:  0.0, Workers: 4
[2410.069s][debug][gc,phases      ] GC(107)     Dead                           Min: 0, Avg:  0.0, Max: 0, Diff: 0, Sum: 0, Workers: 4
[2410.069s][debug][gc,phases      ] GC(107)     Total                          Min: 0, Avg: 183.5, Max: 384, Diff: 384, Sum: 734, Workers: 4
[2410.069s][debug][gc,phases      ] GC(107)   ObjectSynchronizer Weak        Min:  0.0, Avg:  0.0, Max:  0.0, Diff:  0.0, Sum:  0.0, Workers: 4
[2410.069s][debug][gc,phases      ] GC(107)     Dead                           Min: 0, Avg:  0.0, Max: 0, Diff: 0, Sum: 0, Workers: 4
[2410.069s][debug][gc,phases      ] GC(107)     Total                          Min: 0, Avg:  8.0, Max: 32, Diff: 32, Sum: 32, Workers: 4
[2410.069s][debug][gc,phases      ] GC(107)   JVMTI Tag Weak OopStorage      Min:  0.0, Avg:  0.0, Max:  0.0, Diff:  0.0, Sum:  0.0, Workers: 4
[2410.069s][debug][gc,phases      ] GC(107)     Dead                           Min: 0, Avg:  0.0, Max: 0, Diff: 0, Sum: 0, Workers: 4
[2410.069s][debug][gc,phases      ] GC(107)     Total                          Min: 0, Avg:  0.0, Max: 0, Diff: 0, Sum: 0, Workers: 4
[2410.070s][debug][gc,phases      ] GC(107)   StringTable Weak               Min:  0.0, Avg:  0.1, Max:  0.1, Diff:  0.1, Sum:  0.3, Workers: 4
[2410.070s][debug][gc,phases      ] GC(107)     Dead                           Min: 0, Avg:  0.0, Max: 0, Diff: 0, Sum: 0, Workers: 4
[2410.070s][debug][gc,phases      ] GC(107)     Total                          Min: 0, Avg: 10791.5, Max: 18398, Diff: 18398, Sum: 43166, Workers: 4
[2410.070s][debug][gc,phases      ] GC(107)   ResolvedMethodTable Weak       Min:  0.0, Avg:  0.0, Max:  0.0, Diff:  0.0, Sum:  0.1, Workers: 4
[2410.070s][debug][gc,phases      ] GC(107)     Dead                           Min: 0, Avg:  0.0, Max: 0, Diff: 0, Sum: 0, Workers: 4
[2410.070s][debug][gc,phases      ] GC(107)     Total                          Min: 0, Avg: 2154.8, Max: 3563, Diff: 3563, Sum: 8619, Workers: 4
[2410.070s][debug][gc,phases      ] GC(107)   JNI Weak                       Min:  0.0, Avg:  0.0, Max:  0.0, Diff:  0.0, Sum:  0.0, Workers: 4
[2410.070s][debug][gc,phases      ] GC(107)     Dead                           Min: 0, Avg:  0.0, Max: 0, Diff: 0, Sum: 0, Workers: 4
[2410.070s][debug][gc,phases      ] GC(107)     Total                          Min: 0, Avg: 11.2, Max: 45, Diff: 45, Sum: 45, Workers: 4
[2410.070s][debug][gc,phases      ] GC(107)   StringDedup Table Weak         Min:  0.0, Avg:  0.0, Max:  0.0, Diff:  0.0, Sum:  0.0, Workers: 4
[2410.070s][debug][gc,phases      ] GC(107)     Dead                           Min: 0, Avg:  0.0, Max: 0, Diff: 0, Sum: 0, Workers: 4
[2410.070s][debug][gc,phases      ] GC(107)     Total                          Min: 0, Avg:  0.0, Max: 0, Diff: 0, Sum: 0, Workers: 4
[2410.070s][debug][gc,phases      ] GC(107)   StringDedup Requests0 Weak     Min:  0.0, Avg:  0.0, Max:  0.0, Diff:  0.0, Sum:  0.0, Workers: 4
[2410.070s][debug][gc,phases      ] GC(107)     Dead                           Min: 0, Avg:  0.0, Max: 0, Diff: 0, Sum: 0, Workers: 4
[2410.070s][debug][gc,phases      ] GC(107)     Total                          Min: 0, Avg:  0.0, Max: 0, Diff: 0, Sum: 0, Workers: 4
[2410.070s][debug][gc,phases      ] GC(107)   StringDedup Requests1 Weak     Min:  0.0, Avg:  0.0, Max:  0.0, Diff:  0.0, Sum:  0.0, Workers: 4
[2410.070s][debug][gc,phases      ] GC(107)     Dead                           Min: 0, Avg:  0.0, Max: 0, Diff: 0, Sum: 0, Workers: 4
[2410.070s][debug][gc,phases      ] GC(107)     Total                          Min: 0, Avg:  0.0, Max: 0, Diff: 0, Sum: 0, Workers: 4
[2410.070s][debug][gc,phases      ] GC(107)   Weak JFR Old Object Samples    Min:  0.0, Avg:  0.0, Max:  0.0, Diff:  0.0, Sum:  0.0, Workers: 4
[2410.070s][debug][gc,phases      ] GC(107)     Dead                           Min: 0, Avg:  0.0, Max: 0, Diff: 0, Sum: 0, Workers: 4
[2410.070s][debug][gc,phases      ] GC(107)     Total                          Min: 0, Avg:  0.0, Max: 0, Diff: 0, Sum: 0, Workers: 4
[2410.070s][debug][gc,phases      ] GC(107) Weak Processing 0.300ms
[2410.070s][debug][gc,age         ] GC(107) Desired survivor size 12582912 bytes, new threshold 15 (max threshold 15)
[2410.070s][info ][gc,heap        ] GC(107) PSYoungGen: 2070176K(2082816K)->1248K(2084864K) Eden: 2068992K(2068992K)->0K(2071552K) From: 1184K(13824K)->1248K(13312K)
[2410.070s][info ][gc,heap        ] GC(107) ParOldGen: 343250K(446976K)->343282K(446976K)
[2410.070s][info ][gc,metaspace   ] GC(107) Metaspace: 79272K(80128K)->79272K(80128K) NonClass: 67966K(68416K)->67966K(68416K) Class: 11306K(11712K)->11306K(11712K)
[2410.070s][info ][gc             ] GC(107) Pause Young (Allocation Failure) 2356M->336M(2472M) 2.458ms
[2410.070s][info ][gc,cpu         ] GC(107) User=0.01s Sys=0.00s Real=0.00s
[2410.070s][info ][safepoint      ] Safepoint "ParallelGCFailedAllocation", Time since last: 6869525971 ns, Reaching safepoint: 103100 ns, At safepoint: 2525114 ns, Total: 2628214 ns
[2413.070s][info ][safepoint      ] Safepoint "Cleanup", Time since last: 3000237033 ns, Reaching safepoint: 52900 ns, At safepoint: 19900 ns, Total: 72800 ns
[2427.071s][info ][safepoint      ] Safepoint "Cleanup", Time since last: 14000964314 ns, Reaching safepoint: 41801 ns, At safepoint: 2900 ns, Total: 44701 ns
[2433.889s][info ][gc,start       ] GC(108) Pause Young (Allocation Failure)
[2433.892s][debug][gc,phases      ] GC(108) Scavenge 2.279ms
[2433.892s][debug][gc,ref         ] GC(108) Skipped phase 1 of Reference Processing: no references
[2433.892s][debug][gc,ref         ] GC(108) ReferenceProcessor::execute queues: 1, RefProcThreadModel::Single, marks_oops_alive: false
[2433.892s][debug][gc,ref         ] GC(108) Skipped phase 3 of Reference Processing: no references
[2433.892s][debug][gc,ref         ] GC(108) ReferenceProcessor::execute queues: 1, RefProcThreadModel::Single, marks_oops_alive: false
[2433.892s][debug][gc,phases      ] GC(108) Reference Processing 0.091ms
[2433.892s][debug][gc,phases      ] GC(108)   VM Weak                        Min:  0.0, Avg:  0.0, Max:  0.0, Diff:  0.0, Sum:  0.0, Workers: 4
[2433.892s][debug][gc,phases      ] GC(108)     Dead                           Min: 0, Avg:  0.0, Max: 0, Diff: 0, Sum: 0, Workers: 4
[2433.892s][debug][gc,phases      ] GC(108)     Total                          Min: 0, Avg: 183.5, Max: 670, Diff: 670, Sum: 734, Workers: 4
[2433.892s][debug][gc,phases      ] GC(108)   ObjectSynchronizer Weak        Min:  0.0, Avg:  0.0, Max:  0.0, Diff:  0.0, Sum:  0.0, Workers: 4
[2433.892s][debug][gc,phases      ] GC(108)     Dead                           Min: 0, Avg:  0.0, Max: 0, Diff: 0, Sum: 0, Workers: 4
[2433.892s][debug][gc,phases      ] GC(108)     Total                          Min: 0, Avg:  8.0, Max: 32, Diff: 32, Sum: 32, Workers: 4
[2433.892s][debug][gc,phases      ] GC(108)   JVMTI Tag Weak OopStorage      Min:  0.0, Avg:  0.0, Max:  0.0, Diff:  0.0, Sum:  0.0, Workers: 4
[2433.892s][debug][gc,phases      ] GC(108)     Dead                           Min: 0, Avg:  0.0, Max: 0, Diff: 0, Sum: 0, Workers: 4
[2433.892s][debug][gc,phases      ] GC(108)     Total                          Min: 0, Avg:  0.0, Max: 0, Diff: 0, Sum: 0, Workers: 4
[2433.892s][debug][gc,phases      ] GC(108)   StringTable Weak               Min:  0.0, Avg:  0.1, Max:  0.1, Diff:  0.1, Sum:  0.3, Workers: 4
[2433.892s][debug][gc,phases      ] GC(108)     Dead                           Min: 0, Avg:  0.0, Max: 0, Diff: 0, Sum: 0, Workers: 4
[2433.892s][debug][gc,phases      ] GC(108)     Total                          Min: 0, Avg: 10791.8, Max: 18399, Diff: 18399, Sum: 43167, Workers: 4
[2433.892s][debug][gc,phases      ] GC(108)   ResolvedMethodTable Weak       Min:  0.0, Avg:  0.0, Max:  0.0, Diff:  0.0, Sum:  0.1, Workers: 4
[2433.892s][debug][gc,phases      ] GC(108)     Dead                           Min: 0, Avg:  0.0, Max: 0, Diff: 0, Sum: 0, Workers: 4
[2433.892s][debug][gc,phases      ] GC(108)     Total                          Min: 0, Avg: 2154.8, Max: 3584, Diff: 3584, Sum: 8619, Workers: 4
[2433.892s][debug][gc,phases      ] GC(108)   JNI Weak                       Min:  0.0, Avg:  0.0, Max:  0.0, Diff:  0.0, Sum:  0.0, Workers: 4
[2433.892s][debug][gc,phases      ] GC(108)     Dead                           Min: 0, Avg:  0.0, Max: 0, Diff: 0, Sum: 0, Workers: 4
[2433.892s][debug][gc,phases      ] GC(108)     Total                          Min: 0, Avg: 11.2, Max: 45, Diff: 45, Sum: 45, Workers: 4
[2433.892s][debug][gc,phases      ] GC(108)   StringDedup Table Weak         Min:  0.0, Avg:  0.0, Max:  0.0, Diff:  0.0, Sum:  0.0, Workers: 4
[2433.892s][debug][gc,phases      ] GC(108)     Dead                           Min: 0, Avg:  0.0, Max: 0, Diff: 0, Sum: 0, Workers: 4
[2433.892s][debug][gc,phases      ] GC(108)     Total                          Min: 0, Avg:  0.0, Max: 0, Diff: 0, Sum: 0, Workers: 4
[2433.892s][debug][gc,phases      ] GC(108)   StringDedup Requests0 Weak     Min:  0.0, Avg:  0.0, Max:  0.0, Diff:  0.0, Sum:  0.0, Workers: 4
[2433.892s][debug][gc,phases      ] GC(108)     Dead                           Min: 0, Avg:  0.0, Max: 0, Diff: 0, Sum: 0, Workers: 4
[2433.892s][debug][gc,phases      ] GC(108)     Total                          Min: 0, Avg:  0.0, Max: 0, Diff: 0, Sum: 0, Workers: 4
[2433.892s][debug][gc,phases      ] GC(108)   StringDedup Requests1 Weak     Min:  0.0, Avg:  0.0, Max:  0.0, Diff:  0.0, Sum:  0.0, Workers: 4
[2433.892s][debug][gc,phases      ] GC(108)     Dead                           Min: 0, Avg:  0.0, Max: 0, Diff: 0, Sum: 0, Workers: 4
[2433.892s][debug][gc,phases      ] GC(108)     Total                          Min: 0, Avg:  0.0, Max: 0, Diff: 0, Sum: 0, Workers: 4
[2433.892s][debug][gc,phases      ] GC(108)   Weak JFR Old Object Samples    Min:  0.0, Avg:  0.0, Max:  0.0, Diff:  0.0, Sum:  0.0, Workers: 4
[2433.892s][debug][gc,phases      ] GC(108)     Dead                           Min: 0, Avg:  0.0, Max: 0, Diff: 0, Sum: 0, Workers: 4
[2433.892s][debug][gc,phases      ] GC(108)     Total                          Min: 0, Avg:  0.0, Max: 0, Diff: 0, Sum: 0, Workers: 4
[2433.892s][debug][gc,phases      ] GC(108) Weak Processing 0.280ms
[2433.892s][debug][gc,age         ] GC(108) Desired survivor size 12058624 bytes, new threshold 15 (max threshold 15)
[2433.892s][info ][gc,heap        ] GC(108) PSYoungGen: 2072800K(2084864K)->1344K(2083840K) Eden: 2071552K(2071552K)->0K(2071552K) From: 1248K(13312K)->1344K(12288K)
[2433.892s][info ][gc,heap        ] GC(108) ParOldGen: 343282K(446976K)->343314K(446976K)
[2433.892s][info ][gc,metaspace   ] GC(108) Metaspace: 79275K(80128K)->79275K(80128K) NonClass: 67969K(68416K)->67969K(68416K) Class: 11306K(11712K)->11306K(11712K)
[2433.892s][info ][gc             ] GC(108) Pause Young (Allocation Failure) 2359M->336M(2471M) 2.739ms
[2433.892s][info ][gc,cpu         ] GC(108) User=0.01s Sys=0.00s Real=0.01s
[2433.892s][info ][safepoint      ] Safepoint "ParallelGCFailedAllocation", Time since last: 6818447314 ns, Reaching safepoint: 31800 ns, At safepoint: 2801315 ns, Total: 2833115 ns
[2435.893s][info ][safepoint      ] Safepoint "Cleanup", Time since last: 2000154225 ns, Reaching safepoint: 126401 ns, At safepoint: 7400 ns, Total: 133801 ns
[2453.894s][info ][safepoint      ] Safepoint "Cleanup", Time since last: 18001211513 ns, Reaching safepoint: 57900 ns, At safepoint: 3000 ns, Total: 60900 ns
[2460.291s][info ][gc,start       ] GC(109) Pause Young (Allocation Failure)
[2460.293s][debug][gc,phases      ] GC(109) Scavenge 1.408ms
[2460.293s][debug][gc,ref         ] GC(109) Skipped phase 1 of Reference Processing: no references
[2460.293s][debug][gc,ref         ] GC(109) ReferenceProcessor::execute queues: 1, RefProcThreadModel::Single, marks_oops_alive: false
[2460.293s][debug][gc,ref         ] GC(109) Skipped phase 3 of Reference Processing: no references
[2460.293s][debug][gc,ref         ] GC(109) ReferenceProcessor::execute queues: 1, RefProcThreadModel::Single, marks_oops_alive: false
[2460.293s][debug][gc,phases      ] GC(109) Reference Processing 0.089ms
[2460.293s][debug][gc,phases      ] GC(109)   VM Weak                        Min:  0.0, Avg:  0.0, Max:  0.0, Diff:  0.0, Sum:  0.0, Workers: 4
[2460.293s][debug][gc,phases      ] GC(109)     Dead                           Min: 0, Avg:  0.0, Max: 0, Diff: 0, Sum: 0, Workers: 4
[2460.293s][debug][gc,phases      ] GC(109)     Total                          Min: 0, Avg: 183.5, Max: 734, Diff: 734, Sum: 734, Workers: 4
[2460.293s][debug][gc,phases      ] GC(109)   ObjectSynchronizer Weak        Min:  0.0, Avg:  0.0, Max:  0.0, Diff:  0.0, Sum:  0.0, Workers: 4
[2460.293s][debug][gc,phases      ] GC(109)     Dead                           Min: 0, Avg:  0.0, Max: 0, Diff: 0, Sum: 0, Workers: 4
[2460.293s][debug][gc,phases      ] GC(109)     Total                          Min: 0, Avg:  8.0, Max: 32, Diff: 32, Sum: 32, Workers: 4
[2460.293s][debug][gc,phases      ] GC(109)   JVMTI Tag Weak OopStorage      Min:  0.0, Avg:  0.0, Max:  0.0, Diff:  0.0, Sum:  0.0, Workers: 4
[2460.293s][debug][gc,phases      ] GC(109)     Dead                           Min: 0, Avg:  0.0, Max: 0, Diff: 0, Sum: 0, Workers: 4
[2460.293s][debug][gc,phases      ] GC(109)     Total                          Min: 0, Avg:  0.0, Max: 0, Diff: 0, Sum: 0, Workers: 4
[2460.293s][debug][gc,phases      ] GC(109)   StringTable Weak               Min:  0.1, Avg:  0.1, Max:  0.1, Diff:  0.0, Sum:  0.4, Workers: 4
[2460.293s][debug][gc,phases      ] GC(109)     Dead                           Min: 0, Avg:  0.0, Max: 0, Diff: 0, Sum: 0, Workers: 4
[2460.293s][debug][gc,phases      ] GC(109)     Total                          Min: 10432, Avg: 10793.0, Max: 11493, Diff: 1061, Sum: 43172, Workers: 4
[2460.293s][debug][gc,phases      ] GC(109)   ResolvedMethodTable Weak       Min:  0.0, Avg:  0.0, Max:  0.0, Diff:  0.0, Sum:  0.1, Workers: 4
[2460.293s][debug][gc,phases      ] GC(109)     Dead                           Min: 0, Avg:  0.0, Max: 0, Diff: 0, Sum: 0, Workers: 4
[2460.293s][debug][gc,phases      ] GC(109)     Total                          Min: 2098, Avg: 2156.5, Max: 2240, Diff: 142, Sum: 8626, Workers: 4
[2460.293s][debug][gc,phases      ] GC(109)   JNI Weak                       Min:  0.0, Avg:  0.0, Max:  0.0, Diff:  0.0, Sum:  0.0, Workers: 4
[2460.293s][debug][gc,phases      ] GC(109)     Dead                           Min: 0, Avg:  0.0, Max: 0, Diff: 0, Sum: 0, Workers: 4
[2460.293s][debug][gc,phases      ] GC(109)     Total                          Min: 0, Avg: 11.2, Max: 45, Diff: 45, Sum: 45, Workers: 4
[2460.293s][debug][gc,phases      ] GC(109)   StringDedup Table Weak         Min:  0.0, Avg:  0.0, Max:  0.0, Diff:  0.0, Sum:  0.0, Workers: 4
[2460.293s][debug][gc,phases      ] GC(109)     Dead                           Min: 0, Avg:  0.0, Max: 0, Diff: 0, Sum: 0, Workers: 4
[2460.293s][debug][gc,phases      ] GC(109)     Total                          Min: 0, Avg:  0.0, Max: 0, Diff: 0, Sum: 0, Workers: 4
[2460.293s][debug][gc,phases      ] GC(109)   StringDedup Requests0 Weak     Min:  0.0, Avg:  0.0, Max:  0.0, Diff:  0.0, Sum:  0.0, Workers: 4
[2460.293s][debug][gc,phases      ] GC(109)     Dead                           Min: 0, Avg:  0.0, Max: 0, Diff: 0, Sum: 0, Workers: 4
[2460.293s][debug][gc,phases      ] GC(109)     Total                          Min: 0, Avg:  0.0, Max: 0, Diff: 0, Sum: 0, Workers: 4
[2460.293s][debug][gc,phases      ] GC(109)   StringDedup Requests1 Weak     Min:  0.0, Avg:  0.0, Max:  0.0, Diff:  0.0, Sum:  0.0, Workers: 4
[2460.293s][debug][gc,phases      ] GC(109)     Dead                           Min: 0, Avg:  0.0, Max: 0, Diff: 0, Sum: 0, Workers: 4
[2460.293s][debug][gc,phases      ] GC(109)     Total                          Min: 0, Avg:  0.0, Max: 0, Diff: 0, Sum: 0, Workers: 4
[2460.293s][debug][gc,phases      ] GC(109)   Weak JFR Old Object Samples    Min:  0.0, Avg:  0.0, Max:  0.0, Diff:  0.0, Sum:  0.0, Workers: 4
[2460.293s][debug][gc,phases      ] GC(109)     Dead                           Min: 0, Avg:  0.0, Max: 0, Diff: 0, Sum: 0, Workers: 4
[2460.293s][debug][gc,phases      ] GC(109)     Total                          Min: 0, Avg:  0.0, Max: 0, Diff: 0, Sum: 0, Workers: 4
[2460.293s][debug][gc,phases      ] GC(109) Weak Processing 0.281ms
[2460.293s][debug][gc,age         ] GC(109) Desired survivor size 11534336 bytes, new threshold 15 (max threshold 15)
[2460.293s][info ][gc,heap        ] GC(109) PSYoungGen: 2072896K(2083840K)->1312K(2085888K) Eden: 2071552K(2071552K)->0K(2074112K) From: 1344K(12288K)->1312K(11776K)
[2460.293s][info ][gc,heap        ] GC(109) ParOldGen: 343314K(446976K)->343338K(446976K)
[2460.293s][info ][gc,metaspace   ] GC(109) Metaspace: 79303K(80192K)->79303K(80192K) NonClass: 67992K(68480K)->67992K(68480K) Class: 11310K(11712K)->11310K(11712K)
[2460.293s][info ][gc             ] GC(109) Pause Young (Allocation Failure) 2359M->336M(2473M) 1.863ms
[2460.293s][info ][gc,cpu         ] GC(109) User=0.00s Sys=0.00s Real=0.00s
[2460.293s][info ][safepoint      ] Safepoint "ParallelGCFailedAllocation", Time since last: 6397283481 ns, Reaching safepoint: 44200 ns, At safepoint: 1924510 ns, Total: 1968710 ns
[2470.294s][info ][safepoint      ] Safepoint "Cleanup", Time since last: 10000674626 ns, Reaching safepoint: 45000 ns, At safepoint: 3200 ns, Total: 48200 ns
[2476.294s][info ][safepoint      ] Safepoint "Cleanup", Time since last: 6000446811 ns, Reaching safepoint: 33501 ns, At safepoint: 5500 ns, Total: 39001 ns
[2477.715s][info ][safepoint      ] Safepoint "Cleanup", Time since last: 1420480530 ns, Reaching safepoint: 73501 ns, At safepoint: 2900 ns, Total: 76401 ns
[2480.715s][info ][safepoint      ] Safepoint "Cleanup", Time since last: 3000226775 ns, Reaching safepoint: 46300 ns, At safepoint: 4200 ns, Total: 50500 ns
[2486.694s][info ][gc,start       ] GC(110) Pause Young (Allocation Failure)
[2486.695s][debug][gc,phases      ] GC(110) Scavenge 1.858ms
[2486.695s][debug][gc,ref         ] GC(110) Skipped phase 1 of Reference Processing: no references
[2486.696s][debug][gc,ref         ] GC(110) ReferenceProcessor::execute queues: 1, RefProcThreadModel::Single, marks_oops_alive: false
[2486.696s][debug][gc,ref         ] GC(110) Skipped phase 3 of Reference Processing: no references
[2486.696s][debug][gc,ref         ] GC(110) ReferenceProcessor::execute queues: 1, RefProcThreadModel::Single, marks_oops_alive: false
[2486.696s][debug][gc,phases      ] GC(110) Reference Processing 0.086ms
[2486.696s][debug][gc,phases      ] GC(110)   VM Weak                        Min:  0.0, Avg:  0.0, Max:  0.0, Diff:  0.0, Sum:  0.0, Workers: 4
[2486.696s][debug][gc,phases      ] GC(110)     Dead                           Min: 0, Avg:  0.0, Max: 0, Diff: 0, Sum: 0, Workers: 4
[2486.696s][debug][gc,phases      ] GC(110)     Total                          Min: 0, Avg: 183.5, Max: 576, Diff: 576, Sum: 734, Workers: 4
[2486.696s][debug][gc,phases      ] GC(110)   ObjectSynchronizer Weak        Min:  0.0, Avg:  0.0, Max:  0.0, Diff:  0.0, Sum:  0.0, Workers: 4
[2486.696s][debug][gc,phases      ] GC(110)     Dead                           Min: 0, Avg:  0.0, Max: 0, Diff: 0, Sum: 0, Workers: 4
[2486.696s][debug][gc,phases      ] GC(110)     Total                          Min: 0, Avg:  8.0, Max: 32, Diff: 32, Sum: 32, Workers: 4
[2486.696s][debug][gc,phases      ] GC(110)   JVMTI Tag Weak OopStorage      Min:  0.0, Avg:  0.0, Max:  0.0, Diff:  0.0, Sum:  0.0, Workers: 4
[2486.696s][debug][gc,phases      ] GC(110)     Dead                           Min: 0, Avg:  0.0, Max: 0, Diff: 0, Sum: 0, Workers: 4
[2486.696s][debug][gc,phases      ] GC(110)     Total                          Min: 0, Avg:  0.0, Max: 0, Diff: 0, Sum: 0, Workers: 4
[2486.696s][debug][gc,phases      ] GC(110)   StringTable Weak               Min:  0.0, Avg:  0.1, Max:  0.1, Diff:  0.1, Sum:  0.3, Workers: 4
[2486.696s][debug][gc,phases      ] GC(110)     Dead                           Min: 0, Avg:  0.0, Max: 0, Diff: 0, Sum: 0, Workers: 4
[2486.696s][debug][gc,phases      ] GC(110)     Total                          Min: 0, Avg: 10793.0, Max: 18021, Diff: 18021, Sum: 43172, Workers: 4
[2486.696s][debug][gc,phases      ] GC(110)   ResolvedMethodTable Weak       Min:  0.0, Avg:  0.0, Max:  0.0, Diff:  0.0, Sum:  0.1, Workers: 4
[2486.696s][debug][gc,phases      ] GC(110)     Dead                           Min: 0, Avg:  0.0, Max: 0, Diff: 0, Sum: 0, Workers: 4
[2486.696s][debug][gc,phases      ] GC(110)     Total                          Min: 0, Avg: 2156.5, Max: 4850, Diff: 4850, Sum: 8626, Workers: 4
[2486.696s][debug][gc,phases      ] GC(110)   JNI Weak                       Min:  0.0, Avg:  0.0, Max:  0.0, Diff:  0.0, Sum:  0.0, Workers: 4
[2486.696s][debug][gc,phases      ] GC(110)     Dead                           Min: 0, Avg:  0.0, Max: 0, Diff: 0, Sum: 0, Workers: 4
[2486.696s][debug][gc,phases      ] GC(110)     Total                          Min: 0, Avg: 11.2, Max: 45, Diff: 45, Sum: 45, Workers: 4
[2486.696s][debug][gc,phases      ] GC(110)   StringDedup Table Weak         Min:  0.0, Avg:  0.0, Max:  0.0, Diff:  0.0, Sum:  0.0, Workers: 4
[2486.696s][debug][gc,phases      ] GC(110)     Dead                           Min: 0, Avg:  0.0, Max: 0, Diff: 0, Sum: 0, Workers: 4
[2486.696s][debug][gc,phases      ] GC(110)     Total                          Min: 0, Avg:  0.0, Max: 0, Diff: 0, Sum: 0, Workers: 4
[2486.696s][debug][gc,phases      ] GC(110)   StringDedup Requests0 Weak     Min:  0.0, Avg:  0.0, Max:  0.0, Diff:  0.0, Sum:  0.0, Workers: 4
[2486.696s][debug][gc,phases      ] GC(110)     Dead                           Min: 0, Avg:  0.0, Max: 0, Diff: 0, Sum: 0, Workers: 4
[2486.696s][debug][gc,phases      ] GC(110)     Total                          Min: 0, Avg:  0.0, Max: 0, Diff: 0, Sum: 0, Workers: 4
[2486.696s][debug][gc,phases      ] GC(110)   StringDedup Requests1 Weak     Min:  0.0, Avg:  0.0, Max:  0.0, Diff:  0.0, Sum:  0.0, Workers: 4
[2486.696s][debug][gc,phases      ] GC(110)     Dead                           Min: 0, Avg:  0.0, Max: 0, Diff: 0, Sum: 0, Workers: 4
[2486.696s][debug][gc,phases      ] GC(110)     Total                          Min: 0, Avg:  0.0, Max: 0, Diff: 0, Sum: 0, Workers: 4
[2486.696s][debug][gc,phases      ] GC(110)   Weak JFR Old Object Samples    Min:  0.0, Avg:  0.0, Max:  0.0, Diff:  0.0, Sum:  0.0, Workers: 4
[2486.696s][debug][gc,phases      ] GC(110)     Dead                           Min: 0, Avg:  0.0, Max: 0, Diff: 0, Sum: 0, Workers: 4
[2486.696s][debug][gc,phases      ] GC(110)     Total                          Min: 0, Avg:  0.0, Max: 0, Diff: 0, Sum: 0, Workers: 4
[2486.696s][debug][gc,phases      ] GC(110) Weak Processing 0.296ms
[2486.696s][debug][gc,age         ] GC(110) Desired survivor size 11010048 bytes, new threshold 15 (max threshold 15)
[2486.696s][info ][gc,heap        ] GC(110) PSYoungGen: 2075424K(2085888K)->1344K(2085376K) Eden: 2074112K(2074112K)->0K(2074112K) From: 1312K(11776K)->1344K(11264K)
[2486.696s][info ][gc,heap        ] GC(110) ParOldGen: 343338K(446976K)->343346K(446976K)
[2486.696s][info ][gc,metaspace   ] GC(110) Metaspace: 79303K(80192K)->79303K(80192K) NonClass: 67993K(68480K)->67993K(68480K) Class: 11310K(11712K)->11310K(11712K)
[2486.696s][info ][gc             ] GC(110) Pause Young (Allocation Failure) 2362M->336M(2473M) 2.331ms
[2486.696s][info ][gc,cpu         ] GC(110) User=0.01s Sys=0.00s Real=0.00s
[2486.696s][info ][safepoint      ] Safepoint "ParallelGCFailedAllocation", Time since last: 5978307443 ns, Reaching safepoint: 102601 ns, At safepoint: 2393913 ns, Total: 2496514 ns
[2492.696s][info ][safepoint      ] Safepoint "Cleanup", Time since last: 6000385064 ns, Reaching safepoint: 42400 ns, At safepoint: 18500 ns, Total: 60900 ns
[2493.696s][info ][safepoint      ] Safepoint "Cleanup", Time since last: 1000103511 ns, Reaching safepoint: 41300 ns, At safepoint: 2700 ns, Total: 44000 ns
[2513.140s][info ][gc,start       ] GC(111) Pause Young (Allocation Failure)
[2513.142s][debug][gc,phases      ] GC(111) Scavenge 2.513ms
[2513.142s][debug][gc,ref         ] GC(111) Skipped phase 1 of Reference Processing: no references
[2513.142s][debug][gc,ref         ] GC(111) ReferenceProcessor::execute queues: 1, RefProcThreadModel::Single, marks_oops_alive: false
[2513.142s][debug][gc,ref         ] GC(111) Skipped phase 3 of Reference Processing: no references
[2513.142s][debug][gc,ref         ] GC(111) ReferenceProcessor::execute queues: 1, RefProcThreadModel::Single, marks_oops_alive: false
[2513.142s][debug][gc,phases      ] GC(111) Reference Processing 0.092ms
[2513.142s][debug][gc,phases      ] GC(111)   VM Weak                        Min:  0.0, Avg:  0.0, Max:  0.0, Diff:  0.0, Sum:  0.0, Workers: 4
[2513.142s][debug][gc,phases      ] GC(111)     Dead                           Min: 0, Avg:  0.0, Max: 0, Diff: 0, Sum: 0, Workers: 4
[2513.142s][debug][gc,phases      ] GC(111)     Total                          Min: 0, Avg: 183.5, Max: 576, Diff: 576, Sum: 734, Workers: 4
[2513.142s][debug][gc,phases      ] GC(111)   ObjectSynchronizer Weak        Min:  0.0, Avg:  0.0, Max:  0.0, Diff:  0.0, Sum:  0.0, Workers: 4
[2513.142s][debug][gc,phases      ] GC(111)     Dead                           Min: 0, Avg:  0.0, Max: 0, Diff: 0, Sum: 0, Workers: 4
[2513.142s][debug][gc,phases      ] GC(111)     Total                          Min: 0, Avg:  8.0, Max: 32, Diff: 32, Sum: 32, Workers: 4
[2513.142s][debug][gc,phases      ] GC(111)   JVMTI Tag Weak OopStorage      Min:  0.0, Avg:  0.0, Max:  0.0, Diff:  0.0, Sum:  0.0, Workers: 4
[2513.142s][debug][gc,phases      ] GC(111)     Dead                           Min: 0, Avg:  0.0, Max: 0, Diff: 0, Sum: 0, Workers: 4
[2513.142s][debug][gc,phases      ] GC(111)     Total                          Min: 0, Avg:  0.0, Max: 0, Diff: 0, Sum: 0, Workers: 4
[2513.142s][debug][gc,phases      ] GC(111)   StringTable Weak               Min:  0.0, Avg:  0.1, Max:  0.1, Diff:  0.1, Sum:  0.3, Workers: 4
[2513.142s][debug][gc,phases      ] GC(111)     Dead                           Min: 0, Avg:  0.0, Max: 0, Diff: 0, Sum: 0, Workers: 4
[2513.142s][debug][gc,phases      ] GC(111)     Total                          Min: 0, Avg: 10793.8, Max: 18792, Diff: 18792, Sum: 43175, Workers: 4
[2513.142s][debug][gc,phases      ] GC(111)   ResolvedMethodTable Weak       Min:  0.0, Avg:  0.0, Max:  0.0, Diff:  0.0, Sum:  0.1, Workers: 4
[2513.142s][debug][gc,phases      ] GC(111)     Dead                           Min: 0, Avg:  0.0, Max: 0, Diff: 0, Sum: 0, Workers: 4
[2513.142s][debug][gc,phases      ] GC(111)     Total                          Min: 0, Avg: 2156.5, Max: 3776, Diff: 3776, Sum: 8626, Workers: 4
[2513.142s][debug][gc,phases      ] GC(111)   JNI Weak                       Min:  0.0, Avg:  0.0, Max:  0.0, Diff:  0.0, Sum:  0.0, Workers: 4
[2513.142s][debug][gc,phases      ] GC(111)     Dead                           Min: 0, Avg:  0.0, Max: 0, Diff: 0, Sum: 0, Workers: 4
[2513.142s][debug][gc,phases      ] GC(111)     Total                          Min: 0, Avg: 11.2, Max: 45, Diff: 45, Sum: 45, Workers: 4
[2513.142s][debug][gc,phases      ] GC(111)   StringDedup Table Weak         Min:  0.0, Avg:  0.0, Max:  0.0, Diff:  0.0, Sum:  0.0, Workers: 4
[2513.142s][debug][gc,phases      ] GC(111)     Dead                           Min: 0, Avg:  0.0, Max: 0, Diff: 0, Sum: 0, Workers: 4
[2513.142s][debug][gc,phases      ] GC(111)     Total                          Min: 0, Avg:  0.0, Max: 0, Diff: 0, Sum: 0, Workers: 4
[2513.142s][debug][gc,phases      ] GC(111)   StringDedup Requests0 Weak     Min:  0.0, Avg:  0.0, Max:  0.0, Diff:  0.0, Sum:  0.0, Workers: 4
[2513.143s][debug][gc,phases      ] GC(111)     Dead                           Min: 0, Avg:  0.0, Max: 0, Diff: 0, Sum: 0, Workers: 4
[2513.143s][debug][gc,phases      ] GC(111)     Total                          Min: 0, Avg:  0.0, Max: 0, Diff: 0, Sum: 0, Workers: 4
[2513.143s][debug][gc,phases      ] GC(111)   StringDedup Requests1 Weak     Min:  0.0, Avg:  0.0, Max:  0.0, Diff:  0.0, Sum:  0.0, Workers: 4
[2513.143s][debug][gc,phases      ] GC(111)     Dead                           Min: 0, Avg:  0.0, Max: 0, Diff: 0, Sum: 0, Workers: 4
[2513.143s][debug][gc,phases      ] GC(111)     Total                          Min: 0, Avg:  0.0, Max: 0, Diff: 0, Sum: 0, Workers: 4
[2513.143s][debug][gc,phases      ] GC(111)   Weak JFR Old Object Samples    Min:  0.0, Avg:  0.0, Max:  0.0, Diff:  0.0, Sum:  0.0, Workers: 4
[2513.143s][debug][gc,phases      ] GC(111)     Dead                           Min: 0, Avg:  0.0, Max: 0, Diff: 0, Sum: 0, Workers: 4
[2513.143s][debug][gc,phases      ] GC(111)     Total                          Min: 0, Avg:  0.0, Max: 0, Diff: 0, Sum: 0, Workers: 4
[2513.143s][debug][gc,phases      ] GC(111) Weak Processing 0.314ms
[2513.143s][debug][gc,age         ] GC(111) Desired survivor size 10485760 bytes, new threshold 15 (max threshold 15)
[2513.143s][info ][gc,heap        ] GC(111) PSYoungGen: 2075456K(2085376K)->1344K(2086912K) Eden: 2074112K(2074112K)->0K(2076160K) From: 1344K(11264K)->1344K(10752K)
[2513.143s][info ][gc,heap        ] GC(111) ParOldGen: 343346K(446976K)->343370K(446976K)
[2513.143s][info ][gc,metaspace   ] GC(111) Metaspace: 79310K(80192K)->79310K(80192K) NonClass: 67999K(68480K)->67999K(68480K) Class: 11310K(11712K)->11310K(11712K)
[2513.143s][info ][gc             ] GC(111) Pause Young (Allocation Failure) 2362M->336M(2474M) 3.012ms
[2513.143s][info ][gc,cpu         ] GC(111) User=0.01s Sys=0.01s Real=0.01s
[2513.143s][info ][safepoint      ] Safepoint "ParallelGCFailedAllocation", Time since last: 19442993177 ns, Reaching safepoint: 32500 ns, At safepoint: 3074317 ns, Total: 3106817 ns
[2539.140s][info ][gc,start       ] GC(112) Pause Young (Allocation Failure)
[2539.143s][debug][gc,phases      ] GC(112) Scavenge 2.978ms
[2539.143s][debug][gc,ref         ] GC(112) Skipped phase 1 of Reference Processing: no references
[2539.143s][debug][gc,ref         ] GC(112) ReferenceProcessor::execute queues: 1, RefProcThreadModel::Single, marks_oops_alive: false
[2539.143s][debug][gc,ref         ] GC(112) Skipped phase 3 of Reference Processing: no references
[2539.143s][debug][gc,ref         ] GC(112) ReferenceProcessor::execute queues: 1, RefProcThreadModel::Single, marks_oops_alive: false
[2539.143s][debug][gc,phases      ] GC(112) Reference Processing 0.088ms
[2539.143s][debug][gc,phases      ] GC(112)   VM Weak                        Min:  0.0, Avg:  0.0, Max:  0.0, Diff:  0.0, Sum:  0.0, Workers: 4
[2539.143s][debug][gc,phases      ] GC(112)     Dead                           Min: 0, Avg:  0.0, Max: 0, Diff: 0, Sum: 0, Workers: 4
[2539.143s][debug][gc,phases      ] GC(112)     Total                          Min: 0, Avg: 183.5, Max: 734, Diff: 734, Sum: 734, Workers: 4
[2539.143s][debug][gc,phases      ] GC(112)   ObjectSynchronizer Weak        Min:  0.0, Avg:  0.0, Max:  0.0, Diff:  0.0, Sum:  0.0, Workers: 4
[2539.143s][debug][gc,phases      ] GC(112)     Dead                           Min: 0, Avg:  0.0, Max: 0, Diff: 0, Sum: 0, Workers: 4
[2539.143s][debug][gc,phases      ] GC(112)     Total                          Min: 0, Avg:  8.0, Max: 32, Diff: 32, Sum: 32, Workers: 4
[2539.143s][debug][gc,phases      ] GC(112)   JVMTI Tag Weak OopStorage      Min:  0.0, Avg:  0.0, Max:  0.0, Diff:  0.0, Sum:  0.0, Workers: 4
[2539.143s][debug][gc,phases      ] GC(112)     Dead                           Min: 0, Avg:  0.0, Max: 0, Diff: 0, Sum: 0, Workers: 4
[2539.143s][debug][gc,phases      ] GC(112)     Total                          Min: 0, Avg:  0.0, Max: 0, Diff: 0, Sum: 0, Workers: 4
[2539.143s][debug][gc,phases      ] GC(112)   StringTable Weak               Min:  0.0, Avg:  0.1, Max:  0.1, Diff:  0.1, Sum:  0.3, Workers: 4
[2539.143s][debug][gc,phases      ] GC(112)     Dead                           Min: 0, Avg:  0.0, Max: 0, Diff: 0, Sum: 0, Workers: 4
[2539.143s][debug][gc,phases      ] GC(112)     Total                          Min: 0, Avg: 10793.8, Max: 18536, Diff: 18536, Sum: 43175, Workers: 4
[2539.143s][debug][gc,phases      ] GC(112)   ResolvedMethodTable Weak       Min:  0.0, Avg:  0.0, Max:  0.0, Diff:  0.0, Sum:  0.1, Workers: 4
[2539.143s][debug][gc,phases      ] GC(112)     Dead                           Min: 0, Avg:  0.0, Max: 0, Diff: 0, Sum: 0, Workers: 4
[2539.143s][debug][gc,phases      ] GC(112)     Total                          Min: 0, Avg: 2156.5, Max: 3698, Diff: 3698, Sum: 8626, Workers: 4
[2539.143s][debug][gc,phases      ] GC(112)   JNI Weak                       Min:  0.0, Avg:  0.0, Max:  0.0, Diff:  0.0, Sum:  0.0, Workers: 4
[2539.143s][debug][gc,phases      ] GC(112)     Dead                           Min: 0, Avg:  0.0, Max: 0, Diff: 0, Sum: 0, Workers: 4
[2539.143s][debug][gc,phases      ] GC(112)     Total                          Min: 0, Avg: 11.2, Max: 45, Diff: 45, Sum: 45, Workers: 4
[2539.143s][debug][gc,phases      ] GC(112)   StringDedup Table Weak         Min:  0.0, Avg:  0.0, Max:  0.0, Diff:  0.0, Sum:  0.0, Workers: 4
[2539.143s][debug][gc,phases      ] GC(112)     Dead                           Min: 0, Avg:  0.0, Max: 0, Diff: 0, Sum: 0, Workers: 4
[2539.143s][debug][gc,phases      ] GC(112)     Total                          Min: 0, Avg:  0.0, Max: 0, Diff: 0, Sum: 0, Workers: 4
[2539.143s][debug][gc,phases      ] GC(112)   StringDedup Requests0 Weak     Min:  0.0, Avg:  0.0, Max:  0.0, Diff:  0.0, Sum:  0.0, Workers: 4
[2539.143s][debug][gc,phases      ] GC(112)     Dead                           Min: 0, Avg:  0.0, Max: 0, Diff: 0, Sum: 0, Workers: 4
[2539.143s][debug][gc,phases      ] GC(112)     Total                          Min: 0, Avg:  0.0, Max: 0, Diff: 0, Sum: 0, Workers: 4
[2539.143s][debug][gc,phases      ] GC(112)   StringDedup Requests1 Weak     Min:  0.0, Avg:  0.0, Max:  0.0, Diff:  0.0, Sum:  0.0, Workers: 4
[2539.143s][debug][gc,phases      ] GC(112)     Dead                           Min: 0, Avg:  0.0, Max: 0, Diff: 0, Sum: 0, Workers: 4
[2539.143s][debug][gc,phases      ] GC(112)     Total                          Min: 0, Avg:  0.0, Max: 0, Diff: 0, Sum: 0, Workers: 4
[2539.143s][debug][gc,phases      ] GC(112)   Weak JFR Old Object Samples    Min:  0.0, Avg:  0.0, Max:  0.0, Diff:  0.0, Sum:  0.0, Workers: 4
[2539.143s][debug][gc,phases      ] GC(112)     Dead                           Min: 0, Avg:  0.0, Max: 0, Diff: 0, Sum: 0, Workers: 4
[2539.143s][debug][gc,phases      ] GC(112)     Total                          Min: 0, Avg:  0.0, Max: 0, Diff: 0, Sum: 0, Workers: 4
[2539.143s][debug][gc,phases      ] GC(112) Weak Processing 0.290ms
[2539.143s][debug][gc,age         ] GC(112) Desired survivor size 9961472 bytes, new threshold 15 (max threshold 15)
[2539.143s][info ][gc,heap        ] GC(112) PSYoungGen: 2077504K(2086912K)->1184K(2086400K) Eden: 2076160K(2076160K)->0K(2076160K) From: 1344K(10752K)->1184K(10240K)
[2539.143s][info ][gc,heap        ] GC(112) ParOldGen: 343370K(446976K)->343474K(446976K)
[2539.143s][info ][gc,metaspace   ] GC(112) Metaspace: 79310K(80192K)->79310K(80192K) NonClass: 67999K(68480K)->67999K(68480K) Class: 11310K(11712K)->11310K(11712K)
[2539.143s][info ][gc             ] GC(112) Pause Young (Allocation Failure) 2364M->336M(2474M) 3.443ms
[2539.143s][info ][gc,cpu         ] GC(112) User=0.01s Sys=0.00s Real=0.01s
[2539.143s][info ][safepoint      ] Safepoint "ParallelGCFailedAllocation", Time since last: 25997287858 ns, Reaching safepoint: 26500 ns, At safepoint: 3525614 ns, Total: 3552114 ns
[2540.144s][info ][safepoint      ] Safepoint "Cleanup", Time since last: 1000078226 ns, Reaching safepoint: 44300 ns, At safepoint: 2800 ns, Total: 47100 ns
[2564.339s][info ][gc,start       ] GC(113) Pause Young (Allocation Failure)
[2564.342s][debug][gc,phases      ] GC(113) Scavenge 2.412ms
[2564.342s][debug][gc,ref         ] GC(113) Skipped phase 1 of Reference Processing: no references
[2564.342s][debug][gc,ref         ] GC(113) ReferenceProcessor::execute queues: 1, RefProcThreadModel::Single, marks_oops_alive: false
[2564.342s][debug][gc,ref         ] GC(113) Skipped phase 3 of Reference Processing: no references
[2564.342s][debug][gc,ref         ] GC(113) ReferenceProcessor::execute queues: 1, RefProcThreadModel::Single, marks_oops_alive: false
[2564.342s][debug][gc,phases      ] GC(113) Reference Processing 0.082ms
[2564.342s][debug][gc,phases      ] GC(113)   VM Weak                        Min:  0.0, Avg:  0.0, Max:  0.0, Diff:  0.0, Sum:  0.0, Workers: 4
[2564.342s][debug][gc,phases      ] GC(113)     Dead                           Min: 0, Avg:  0.0, Max: 0, Diff: 0, Sum: 0, Workers: 4
[2564.342s][debug][gc,phases      ] GC(113)     Total                          Min: 0, Avg: 183.5, Max: 640, Diff: 640, Sum: 734, Workers: 4
[2564.342s][debug][gc,phases      ] GC(113)   ObjectSynchronizer Weak        Min:  0.0, Avg:  0.0, Max:  0.0, Diff:  0.0, Sum:  0.0, Workers: 4
[2564.342s][debug][gc,phases      ] GC(113)     Dead                           Min: 0, Avg:  0.0, Max: 0, Diff: 0, Sum: 0, Workers: 4
[2564.342s][debug][gc,phases      ] GC(113)     Total                          Min: 0, Avg:  8.0, Max: 32, Diff: 32, Sum: 32, Workers: 4
[2564.342s][debug][gc,phases      ] GC(113)   JVMTI Tag Weak OopStorage      Min:  0.0, Avg:  0.0, Max:  0.0, Diff:  0.0, Sum:  0.0, Workers: 4
[2564.342s][debug][gc,phases      ] GC(113)     Dead                           Min: 0, Avg:  0.0, Max: 0, Diff: 0, Sum: 0, Workers: 4
[2564.342s][debug][gc,phases      ] GC(113)     Total                          Min: 0, Avg:  0.0, Max: 0, Diff: 0, Sum: 0, Workers: 4
[2564.342s][debug][gc,phases      ] GC(113)   StringTable Weak               Min:  0.1, Avg:  0.1, Max:  0.1, Diff:  0.0, Sum:  0.4, Workers: 4
[2564.342s][debug][gc,phases      ] GC(113)     Dead                           Min: 0, Avg:  0.0, Max: 0, Diff: 0, Sum: 0, Workers: 4
[2564.342s][debug][gc,phases      ] GC(113)     Total                          Min: 10368, Avg: 10793.8, Max: 11072, Diff: 704, Sum: 43175, Workers: 4
[2564.342s][debug][gc,phases      ] GC(113)   ResolvedMethodTable Weak       Min:  0.0, Avg:  0.0, Max:  0.0, Diff:  0.0, Sum:  0.1, Workers: 4
[2564.342s][debug][gc,phases      ] GC(113)     Dead                           Min: 0, Avg:  0.0, Max: 0, Diff: 0, Sum: 0, Workers: 4
[2564.342s][debug][gc,phases      ] GC(113)     Total                          Min: 2112, Avg: 2156.5, Max: 2226, Diff: 114, Sum: 8626, Workers: 4
[2564.342s][debug][gc,phases      ] GC(113)   JNI Weak                       Min:  0.0, Avg:  0.0, Max:  0.0, Diff:  0.0, Sum:  0.0, Workers: 4
[2564.342s][debug][gc,phases      ] GC(113)     Dead                           Min: 0, Avg:  0.0, Max: 0, Diff: 0, Sum: 0, Workers: 4
[2564.342s][debug][gc,phases      ] GC(113)     Total                          Min: 0, Avg: 11.2, Max: 45, Diff: 45, Sum: 45, Workers: 4
[2564.342s][debug][gc,phases      ] GC(113)   StringDedup Table Weak         Min:  0.0, Avg:  0.0, Max:  0.0, Diff:  0.0, Sum:  0.0, Workers: 4
[2564.342s][debug][gc,phases      ] GC(113)     Dead                           Min: 0, Avg:  0.0, Max: 0, Diff: 0, Sum: 0, Workers: 4
[2564.342s][debug][gc,phases      ] GC(113)     Total                          Min: 0, Avg:  0.0, Max: 0, Diff: 0, Sum: 0, Workers: 4
[2564.342s][debug][gc,phases      ] GC(113)   StringDedup Requests0 Weak     Min:  0.0, Avg:  0.0, Max:  0.0, Diff:  0.0, Sum:  0.0, Workers: 4
[2564.342s][debug][gc,phases      ] GC(113)     Dead                           Min: 0, Avg:  0.0, Max: 0, Diff: 0, Sum: 0, Workers: 4
[2564.342s][debug][gc,phases      ] GC(113)     Total                          Min: 0, Avg:  0.0, Max: 0, Diff: 0, Sum: 0, Workers: 4
[2564.342s][debug][gc,phases      ] GC(113)   StringDedup Requests1 Weak     Min:  0.0, Avg:  0.0, Max:  0.0, Diff:  0.0, Sum:  0.0, Workers: 4
[2564.342s][debug][gc,phases      ] GC(113)     Dead                           Min: 0, Avg:  0.0, Max: 0, Diff: 0, Sum: 0, Workers: 4
[2564.342s][debug][gc,phases      ] GC(113)     Total                          Min: 0, Avg:  0.0, Max: 0, Diff: 0, Sum: 0, Workers: 4
[2564.342s][debug][gc,phases      ] GC(113)   Weak JFR Old Object Samples    Min:  0.0, Avg:  0.0, Max:  0.0, Diff:  0.0, Sum:  0.0, Workers: 4
[2564.342s][debug][gc,phases      ] GC(113)     Dead                           Min: 0, Avg:  0.0, Max: 0, Diff: 0, Sum: 0, Workers: 4
[2564.342s][debug][gc,phases      ] GC(113)     Total                          Min: 0, Avg:  0.0, Max: 0, Diff: 0, Sum: 0, Workers: 4
[2564.342s][debug][gc,phases      ] GC(113) Weak Processing 0.291ms
[2564.342s][debug][gc,age         ] GC(113) Desired survivor size 9437184 bytes, new threshold 15 (max threshold 15)
[2564.342s][info ][gc,heap        ] GC(113) PSYoungGen: 2077344K(2086400K)->1216K(2087936K) Eden: 2076160K(2076160K)->0K(2078208K) From: 1184K(10240K)->1216K(9728K)
[2564.342s][info ][gc,heap        ] GC(113) ParOldGen: 343474K(446976K)->343506K(446976K)
[2564.342s][info ][gc,metaspace   ] GC(113) Metaspace: 79310K(80192K)->79310K(80192K) NonClass: 67999K(68480K)->67999K(68480K) Class: 11310K(11712K)->11310K(11712K)
[2564.342s][info ][gc             ] GC(113) Pause Young (Allocation Failure) 2364M->336M(2475M) 2.910ms
[2564.342s][info ][gc,cpu         ] GC(113) User=0.01s Sys=0.00s Real=0.00s
[2564.342s][info ][safepoint      ] Safepoint "ParallelGCFailedAllocation", Time since last: 24195546835 ns, Reaching safepoint: 37000 ns, At safepoint: 2982817 ns, Total: 3019817 ns
[2576.343s][info ][safepoint      ] Safepoint "Cleanup", Time since last: 12000816576 ns, Reaching safepoint: 109700 ns, At safepoint: 5600 ns, Total: 115300 ns
[2578.343s][info ][safepoint      ] Safepoint "Cleanup", Time since last: 2000184033 ns, Reaching safepoint: 46900 ns, At safepoint: 2200 ns, Total: 49100 ns
[2581.344s][info ][safepoint      ] Safepoint "Cleanup", Time since last: 3000242149 ns, Reaching safepoint: 42700 ns, At safepoint: 2900 ns, Total: 45600 ns
[2583.344s][info ][safepoint      ] Safepoint "Cleanup", Time since last: 2000206522 ns, Reaching safepoint: 45900 ns, At safepoint: 8100 ns, Total: 54000 ns
[2584.344s][info ][safepoint      ] Safepoint "Cleanup", Time since last: 1000114582 ns, Reaching safepoint: 121201 ns, At safepoint: 4900 ns, Total: 126101 ns
[2585.344s][info ][safepoint      ] Safepoint "Cleanup", Time since last: 1000111881 ns, Reaching safepoint: 131601 ns, At safepoint: 8400 ns, Total: 140001 ns
[2587.345s][info ][safepoint      ] Safepoint "Cleanup", Time since last: 2000176863 ns, Reaching safepoint: 123601 ns, At safepoint: 7200 ns, Total: 130801 ns
[2589.092s][info ][gc,start       ] GC(114) Pause Young (Allocation Failure)
[2589.097s][debug][gc,phases      ] GC(114) Scavenge 4.136ms
[2589.097s][debug][gc,ref         ] GC(114) Skipped phase 1 of Reference Processing: no references
[2589.097s][debug][gc,ref         ] GC(114) ReferenceProcessor::execute queues: 1, RefProcThreadModel::Single, marks_oops_alive: false
[2589.097s][debug][gc,ref         ] GC(114) Skipped phase 3 of Reference Processing: no references
[2589.097s][debug][gc,ref         ] GC(114) ReferenceProcessor::execute queues: 1, RefProcThreadModel::Single, marks_oops_alive: false
[2589.097s][debug][gc,phases      ] GC(114) Reference Processing 0.123ms
[2589.097s][debug][gc,phases      ] GC(114)   VM Weak                        Min:  0.0, Avg:  0.0, Max:  0.0, Diff:  0.0, Sum:  0.0, Workers: 4
[2589.097s][debug][gc,phases      ] GC(114)     Dead                           Min: 0, Avg:  0.0, Max: 0, Diff: 0, Sum: 0, Workers: 4
[2589.097s][debug][gc,phases      ] GC(114)     Total                          Min: 0, Avg: 183.5, Max: 704, Diff: 704, Sum: 734, Workers: 4
[2589.097s][debug][gc,phases      ] GC(114)   ObjectSynchronizer Weak        Min:  0.0, Avg:  0.0, Max:  0.0, Diff:  0.0, Sum:  0.0, Workers: 4
[2589.097s][debug][gc,phases      ] GC(114)     Dead                           Min: 0, Avg:  0.0, Max: 0, Diff: 0, Sum: 0, Workers: 4
[2589.097s][debug][gc,phases      ] GC(114)     Total                          Min: 0, Avg:  8.0, Max: 32, Diff: 32, Sum: 32, Workers: 4
[2589.097s][debug][gc,phases      ] GC(114)   JVMTI Tag Weak OopStorage      Min:  0.0, Avg:  0.0, Max:  0.0, Diff:  0.0, Sum:  0.0, Workers: 4
[2589.097s][debug][gc,phases      ] GC(114)     Dead                           Min: 0, Avg:  0.0, Max: 0, Diff: 0, Sum: 0, Workers: 4
[2589.097s][debug][gc,phases      ] GC(114)     Total                          Min: 0, Avg:  0.0, Max: 0, Diff: 0, Sum: 0, Workers: 4
[2589.097s][debug][gc,phases      ] GC(114)   StringTable Weak               Min:  0.0, Avg:  0.1, Max:  0.2, Diff:  0.2, Sum:  0.4, Workers: 4
[2589.097s][debug][gc,phases      ] GC(114)     Dead                           Min: 0, Avg:  0.2, Max: 1, Diff: 1, Sum: 1, Workers: 4
[2589.097s][debug][gc,phases      ] GC(114)     Total                          Min: 0, Avg: 10794.0, Max: 21865, Diff: 21865, Sum: 43176, Workers: 4
[2589.097s][debug][gc,phases      ] GC(114)   ResolvedMethodTable Weak       Min:  0.0, Avg:  0.0, Max:  0.0, Diff:  0.0, Sum:  0.1, Workers: 4
[2589.097s][debug][gc,phases      ] GC(114)     Dead                           Min: 0, Avg:  0.0, Max: 0, Diff: 0, Sum: 0, Workers: 4
[2589.097s][debug][gc,phases      ] GC(114)     Total                          Min: 0, Avg: 2157.0, Max: 4340, Diff: 4340, Sum: 8628, Workers: 4
[2589.097s][debug][gc,phases      ] GC(114)   JNI Weak                       Min:  0.0, Avg:  0.0, Max:  0.0, Diff:  0.0, Sum:  0.0, Workers: 4
[2589.097s][debug][gc,phases      ] GC(114)     Dead                           Min: 0, Avg:  0.0, Max: 0, Diff: 0, Sum: 0, Workers: 4
[2589.097s][debug][gc,phases      ] GC(114)     Total                          Min: 0, Avg: 11.2, Max: 45, Diff: 45, Sum: 45, Workers: 4
[2589.097s][debug][gc,phases      ] GC(114)   StringDedup Table Weak         Min:  0.0, Avg:  0.0, Max:  0.0, Diff:  0.0, Sum:  0.0, Workers: 4
[2589.097s][debug][gc,phases      ] GC(114)     Dead                           Min: 0, Avg:  0.0, Max: 0, Diff: 0, Sum: 0, Workers: 4
[2589.097s][debug][gc,phases      ] GC(114)     Total                          Min: 0, Avg:  0.0, Max: 0, Diff: 0, Sum: 0, Workers: 4
[2589.097s][debug][gc,phases      ] GC(114)   StringDedup Requests0 Weak     Min:  0.0, Avg:  0.0, Max:  0.0, Diff:  0.0, Sum:  0.0, Workers: 4
[2589.097s][debug][gc,phases      ] GC(114)     Dead                           Min: 0, Avg:  0.0, Max: 0, Diff: 0, Sum: 0, Workers: 4
[2589.097s][debug][gc,phases      ] GC(114)     Total                          Min: 0, Avg:  0.0, Max: 0, Diff: 0, Sum: 0, Workers: 4
[2589.097s][debug][gc,phases      ] GC(114)   StringDedup Requests1 Weak     Min:  0.0, Avg:  0.0, Max:  0.0, Diff:  0.0, Sum:  0.0, Workers: 4
[2589.097s][debug][gc,phases      ] GC(114)     Dead                           Min: 0, Avg:  0.0, Max: 0, Diff: 0, Sum: 0, Workers: 4
[2589.097s][debug][gc,phases      ] GC(114)     Total                          Min: 0, Avg:  0.0, Max: 0, Diff: 0, Sum: 0, Workers: 4
[2589.097s][debug][gc,phases      ] GC(114)   Weak JFR Old Object Samples    Min:  0.0, Avg:  0.0, Max:  0.0, Diff:  0.0, Sum:  0.0, Workers: 4
[2589.097s][debug][gc,phases      ] GC(114)     Dead                           Min: 0, Avg:  0.0, Max: 0, Diff: 0, Sum: 0, Workers: 4
[2589.097s][debug][gc,phases      ] GC(114)     Total                          Min: 0, Avg:  0.0, Max: 0, Diff: 0, Sum: 0, Workers: 4
[2589.097s][debug][gc,phases      ] GC(114) Weak Processing 0.471ms
[2589.097s][debug][gc,age         ] GC(114) Desired survivor size 8912896 bytes, new threshold 15 (max threshold 15)
[2589.097s][info ][gc,heap        ] GC(114) PSYoungGen: 2079424K(2087936K)->1280K(2087424K) Eden: 2078208K(2078208K)->0K(2078208K) From: 1216K(9728K)->1280K(9216K)
[2589.097s][info ][gc,heap        ] GC(114) ParOldGen: 343506K(446976K)->343546K(446976K)
[2589.097s][info ][gc,metaspace   ] GC(114) Metaspace: 79315K(80192K)->79315K(80192K) NonClass: 68003K(68480K)->68003K(68480K) Class: 11311K(11712K)->11311K(11712K)
[2589.097s][info ][gc             ] GC(114) Pause Young (Allocation Failure) 2366M->336M(2475M) 4.858ms
[2589.097s][info ][gc,cpu         ] GC(114) User=0.01s Sys=0.00s Real=0.00s
[2589.097s][info ][safepoint      ] Safepoint "ParallelGCFailedAllocation", Time since last: 1747768954 ns, Reaching safepoint: 27900 ns, At safepoint: 4932928 ns, Total: 4960828 ns
[2604.099s][info ][safepoint      ] Safepoint "Cleanup", Time since last: 15001941250 ns, Reaching safepoint: 45900 ns, At safepoint: 3200 ns, Total: 49100 ns
[2605.100s][info ][safepoint      ] Safepoint "Cleanup", Time since last: 1000114550 ns, Reaching safepoint: 56200 ns, At safepoint: 6600 ns, Total: 62800 ns
[2612.100s][info ][safepoint      ] Safepoint "Cleanup", Time since last: 7000506897 ns, Reaching safepoint: 38701 ns, At safepoint: 2400 ns, Total: 41101 ns
[2613.866s][info ][gc,start       ] GC(115) Pause Young (Allocation Failure)
[2613.870s][debug][gc,phases      ] GC(115) Scavenge 4.113ms
[2613.870s][debug][gc,ref         ] GC(115) Skipped phase 1 of Reference Processing: no references
[2613.870s][debug][gc,ref         ] GC(115) ReferenceProcessor::execute queues: 1, RefProcThreadModel::Single, marks_oops_alive: false
[2613.870s][debug][gc,ref         ] GC(115) Skipped phase 3 of Reference Processing: no references
[2613.870s][debug][gc,ref         ] GC(115) ReferenceProcessor::execute queues: 1, RefProcThreadModel::Single, marks_oops_alive: false
[2613.870s][debug][gc,phases      ] GC(115) Reference Processing 0.100ms
[2613.870s][debug][gc,phases      ] GC(115)   VM Weak                        Min:  0.0, Avg:  0.0, Max:  0.0, Diff:  0.0, Sum:  0.0, Workers: 4
[2613.870s][debug][gc,phases      ] GC(115)     Dead                           Min: 0, Avg:  0.0, Max: 0, Diff: 0, Sum: 0, Workers: 4
[2613.870s][debug][gc,phases      ] GC(115)     Total                          Min: 0, Avg: 183.5, Max: 384, Diff: 384, Sum: 734, Workers: 4
[2613.870s][debug][gc,phases      ] GC(115)   ObjectSynchronizer Weak        Min:  0.0, Avg:  0.0, Max:  0.0, Diff:  0.0, Sum:  0.0, Workers: 4
[2613.870s][debug][gc,phases      ] GC(115)     Dead                           Min: 0, Avg:  0.0, Max: 0, Diff: 0, Sum: 0, Workers: 4
[2613.870s][debug][gc,phases      ] GC(115)     Total                          Min: 0, Avg:  8.0, Max: 32, Diff: 32, Sum: 32, Workers: 4
[2613.870s][debug][gc,phases      ] GC(115)   JVMTI Tag Weak OopStorage      Min:  0.0, Avg:  0.0, Max:  0.0, Diff:  0.0, Sum:  0.0, Workers: 4
[2613.870s][debug][gc,phases      ] GC(115)     Dead                           Min: 0, Avg:  0.0, Max: 0, Diff: 0, Sum: 0, Workers: 4
[2613.870s][debug][gc,phases      ] GC(115)     Total                          Min: 0, Avg:  0.0, Max: 0, Diff: 0, Sum: 0, Workers: 4
[2613.870s][debug][gc,phases      ] GC(115)   StringTable Weak               Min:  0.0, Avg:  0.1, Max:  0.2, Diff:  0.2, Sum:  0.3, Workers: 4
[2613.870s][debug][gc,phases      ] GC(115)     Dead                           Min: 0, Avg:  0.0, Max: 0, Diff: 0, Sum: 0, Workers: 4
[2613.870s][debug][gc,phases      ] GC(115)     Total                          Min: 0, Avg: 10794.5, Max: 25387, Diff: 25387, Sum: 43178, Workers: 4
[2613.870s][debug][gc,phases      ] GC(115)   ResolvedMethodTable Weak       Min:  0.0, Avg:  0.0, Max:  0.0, Diff:  0.0, Sum:  0.1, Workers: 4
[2613.870s][debug][gc,phases      ] GC(115)     Dead                           Min: 0, Avg:  0.0, Max: 0, Diff: 0, Sum: 0, Workers: 4
[2613.870s][debug][gc,phases      ] GC(115)     Total                          Min: 0, Avg: 2157.2, Max: 5173, Diff: 5173, Sum: 8629, Workers: 4
[2613.870s][debug][gc,phases      ] GC(115)   JNI Weak                       Min:  0.0, Avg:  0.0, Max:  0.0, Diff:  0.0, Sum:  0.0, Workers: 4
[2613.870s][debug][gc,phases      ] GC(115)     Dead                           Min: 0, Avg:  0.0, Max: 0, Diff: 0, Sum: 0, Workers: 4
[2613.870s][debug][gc,phases      ] GC(115)     Total                          Min: 0, Avg: 11.2, Max: 45, Diff: 45, Sum: 45, Workers: 4
[2613.870s][debug][gc,phases      ] GC(115)   StringDedup Table Weak         Min:  0.0, Avg:  0.0, Max:  0.0, Diff:  0.0, Sum:  0.0, Workers: 4
[2613.870s][debug][gc,phases      ] GC(115)     Dead                           Min: 0, Avg:  0.0, Max: 0, Diff: 0, Sum: 0, Workers: 4
[2613.870s][debug][gc,phases      ] GC(115)     Total                          Min: 0, Avg:  0.0, Max: 0, Diff: 0, Sum: 0, Workers: 4
[2613.870s][debug][gc,phases      ] GC(115)   StringDedup Requests0 Weak     Min:  0.0, Avg:  0.0, Max:  0.0, Diff:  0.0, Sum:  0.0, Workers: 4
[2613.870s][debug][gc,phases      ] GC(115)     Dead                           Min: 0, Avg:  0.0, Max: 0, Diff: 0, Sum: 0, Workers: 4
[2613.870s][debug][gc,phases      ] GC(115)     Total                          Min: 0, Avg:  0.0, Max: 0, Diff: 0, Sum: 0, Workers: 4
[2613.870s][debug][gc,phases      ] GC(115)   StringDedup Requests1 Weak     Min:  0.0, Avg:  0.0, Max:  0.0, Diff:  0.0, Sum:  0.0, Workers: 4
[2613.870s][debug][gc,phases      ] GC(115)     Dead                           Min: 0, Avg:  0.0, Max: 0, Diff: 0, Sum: 0, Workers: 4
[2613.870s][debug][gc,phases      ] GC(115)     Total                          Min: 0, Avg:  0.0, Max: 0, Diff: 0, Sum: 0, Workers: 4
[2613.870s][debug][gc,phases      ] GC(115)   Weak JFR Old Object Samples    Min:  0.0, Avg:  0.0, Max:  0.0, Diff:  0.0, Sum:  0.0, Workers: 4
[2613.870s][debug][gc,phases      ] GC(115)     Dead                           Min: 0, Avg:  0.0, Max: 0, Diff: 0, Sum: 0, Workers: 4
[2613.870s][debug][gc,phases      ] GC(115)     Total                          Min: 0, Avg:  0.0, Max: 0, Diff: 0, Sum: 0, Workers: 4
[2613.870s][debug][gc,phases      ] GC(115) Weak Processing 0.373ms
[2613.870s][debug][gc,age         ] GC(115) Desired survivor size 8388608 bytes, new threshold 15 (max threshold 15)
[2613.870s][info ][gc,heap        ] GC(115) PSYoungGen: 2079488K(2087424K)->1152K(2088960K) Eden: 2078208K(2078208K)->0K(2080256K) From: 1280K(9216K)->1152K(8704K)
[2613.870s][info ][gc,heap        ] GC(115) ParOldGen: 343546K(446976K)->343634K(446976K)
[2613.870s][info ][gc,metaspace   ] GC(115) Metaspace: 79319K(80192K)->79319K(80192K) NonClass: 68008K(68480K)->68008K(68480K) Class: 11311K(11712K)->11311K(11712K)
[2613.870s][info ][gc             ] GC(115) Pause Young (Allocation Failure) 2366M->336M(2476M) 4.721ms
[2613.870s][info ][gc,cpu         ] GC(115) User=0.01s Sys=0.00s Real=0.01s
[2613.871s][info ][safepoint      ] Safepoint "ParallelGCFailedAllocation", Time since last: 1765606354 ns, Reaching safepoint: 33600 ns, At safepoint: 4787826 ns, Total: 4821426 ns
[2638.965s][info ][gc,start       ] GC(116) Pause Young (Allocation Failure)
[2638.967s][debug][gc,phases      ] GC(116) Scavenge 2.677ms
[2638.967s][debug][gc,ref         ] GC(116) Skipped phase 1 of Reference Processing: no references
[2638.967s][debug][gc,ref         ] GC(116) ReferenceProcessor::execute queues: 1, RefProcThreadModel::Single, marks_oops_alive: false
[2638.967s][debug][gc,ref         ] GC(116) Skipped phase 3 of Reference Processing: no references
[2638.967s][debug][gc,ref         ] GC(116) ReferenceProcessor::execute queues: 1, RefProcThreadModel::Single, marks_oops_alive: false
[2638.967s][debug][gc,phases      ] GC(116) Reference Processing 0.083ms
[2638.968s][debug][gc,phases      ] GC(116)   VM Weak                        Min:  0.0, Avg:  0.0, Max:  0.0, Diff:  0.0, Sum:  0.0, Workers: 4
[2638.968s][debug][gc,phases      ] GC(116)     Dead                           Min: 0, Avg:  0.0, Max: 0, Diff: 0, Sum: 0, Workers: 4
[2638.968s][debug][gc,phases      ] GC(116)     Total                          Min: 0, Avg: 183.5, Max: 448, Diff: 448, Sum: 734, Workers: 4
[2638.968s][debug][gc,phases      ] GC(116)   ObjectSynchronizer Weak        Min:  0.0, Avg:  0.0, Max:  0.0, Diff:  0.0, Sum:  0.0, Workers: 4
[2638.968s][debug][gc,phases      ] GC(116)     Dead                           Min: 0, Avg:  0.0, Max: 0, Diff: 0, Sum: 0, Workers: 4
[2638.968s][debug][gc,phases      ] GC(116)     Total                          Min: 0, Avg:  8.0, Max: 32, Diff: 32, Sum: 32, Workers: 4
[2638.968s][debug][gc,phases      ] GC(116)   JVMTI Tag Weak OopStorage      Min:  0.0, Avg:  0.0, Max:  0.0, Diff:  0.0, Sum:  0.0, Workers: 4
[2638.968s][debug][gc,phases      ] GC(116)     Dead                           Min: 0, Avg:  0.0, Max: 0, Diff: 0, Sum: 0, Workers: 4
[2638.968s][debug][gc,phases      ] GC(116)     Total                          Min: 0, Avg:  0.0, Max: 0, Diff: 0, Sum: 0, Workers: 4
[2638.968s][debug][gc,phases      ] GC(116)   StringTable Weak               Min:  0.0, Avg:  0.1, Max:  0.1, Diff:  0.1, Sum:  0.3, Workers: 4
[2638.968s][debug][gc,phases      ] GC(116)     Dead                           Min: 0, Avg:  0.0, Max: 0, Diff: 0, Sum: 0, Workers: 4
[2638.968s][debug][gc,phases      ] GC(116)     Total                          Min: 0, Avg: 10794.5, Max: 17984, Diff: 17984, Sum: 43178, Workers: 4
[2638.968s][debug][gc,phases      ] GC(116)   ResolvedMethodTable Weak       Min:  0.0, Avg:  0.0, Max:  0.0, Diff:  0.0, Sum:  0.1, Workers: 4
[2638.968s][debug][gc,phases      ] GC(116)     Dead                           Min: 0, Avg:  0.0, Max: 0, Diff: 0, Sum: 0, Workers: 4
[2638.968s][debug][gc,phases      ] GC(116)     Total                          Min: 0, Avg: 2157.2, Max: 3637, Diff: 3637, Sum: 8629, Workers: 4
[2638.968s][debug][gc,phases      ] GC(116)   JNI Weak                       Min:  0.0, Avg:  0.0, Max:  0.0, Diff:  0.0, Sum:  0.0, Workers: 4
[2638.968s][debug][gc,phases      ] GC(116)     Dead                           Min: 0, Avg:  0.0, Max: 0, Diff: 0, Sum: 0, Workers: 4
[2638.968s][debug][gc,phases      ] GC(116)     Total                          Min: 0, Avg: 11.2, Max: 45, Diff: 45, Sum: 45, Workers: 4
[2638.968s][debug][gc,phases      ] GC(116)   StringDedup Table Weak         Min:  0.0, Avg:  0.0, Max:  0.0, Diff:  0.0, Sum:  0.0, Workers: 4
[2638.968s][debug][gc,phases      ] GC(116)     Dead                           Min: 0, Avg:  0.0, Max: 0, Diff: 0, Sum: 0, Workers: 4
[2638.968s][debug][gc,phases      ] GC(116)     Total                          Min: 0, Avg:  0.0, Max: 0, Diff: 0, Sum: 0, Workers: 4
[2638.968s][debug][gc,phases      ] GC(116)   StringDedup Requests0 Weak     Min:  0.0, Avg:  0.0, Max:  0.0, Diff:  0.0, Sum:  0.0, Workers: 4
[2638.968s][debug][gc,phases      ] GC(116)     Dead                           Min: 0, Avg:  0.0, Max: 0, Diff: 0, Sum: 0, Workers: 4
[2638.968s][debug][gc,phases      ] GC(116)     Total                          Min: 0, Avg:  0.0, Max: 0, Diff: 0, Sum: 0, Workers: 4
[2638.968s][debug][gc,phases      ] GC(116)   StringDedup Requests1 Weak     Min:  0.0, Avg:  0.0, Max:  0.0, Diff:  0.0, Sum:  0.0, Workers: 4
[2638.968s][debug][gc,phases      ] GC(116)     Dead                           Min: 0, Avg:  0.0, Max: 0, Diff: 0, Sum: 0, Workers: 4
[2638.968s][debug][gc,phases      ] GC(116)     Total                          Min: 0, Avg:  0.0, Max: 0, Diff: 0, Sum: 0, Workers: 4
[2638.968s][debug][gc,phases      ] GC(116)   Weak JFR Old Object Samples    Min:  0.0, Avg:  0.0, Max:  0.0, Diff:  0.0, Sum:  0.0, Workers: 4
[2638.968s][debug][gc,phases      ] GC(116)     Dead                           Min: 0, Avg:  0.0, Max: 0, Diff: 0, Sum: 0, Workers: 4
[2638.968s][debug][gc,phases      ] GC(116)     Total                          Min: 0, Avg:  0.0, Max: 0, Diff: 0, Sum: 0, Workers: 4
[2638.968s][debug][gc,phases      ] GC(116) Weak Processing 0.282ms
[2638.968s][debug][gc,age         ] GC(116) Desired survivor size 7864320 bytes, new threshold 15 (max threshold 15)
[2638.968s][info ][gc,heap        ] GC(116) PSYoungGen: 2081408K(2088960K)->1216K(2088448K) Eden: 2080256K(2080256K)->0K(2080256K) From: 1152K(8704K)->1216K(8192K)
[2638.968s][info ][gc,heap        ] GC(116) ParOldGen: 343634K(446976K)->343658K(446976K)
[2638.968s][info ][gc,metaspace   ] GC(116) Metaspace: 79319K(80192K)->79319K(80192K) NonClass: 68008K(68480K)->68008K(68480K) Class: 11311K(11712K)->11311K(11712K)
[2638.968s][info ][gc             ] GC(116) Pause Young (Allocation Failure) 2368M->336M(2476M) 3.127ms
[2638.968s][info ][gc,cpu         ] GC(116) User=0.01s Sys=0.00s Real=0.00s
[2638.968s][info ][safepoint      ] Safepoint "ParallelGCFailedAllocation", Time since last: 25094082820 ns, Reaching safepoint: 22800 ns, At safepoint: 3218208 ns, Total: 3241008 ns
[2656.969s][info ][safepoint      ] Safepoint "Cleanup", Time since last: 18001117027 ns, Reaching safepoint: 40601 ns, At safepoint: 2700 ns, Total: 43301 ns
[2660.969s][info ][safepoint      ] Safepoint "Cleanup", Time since last: 4000275242 ns, Reaching safepoint: 42301 ns, At safepoint: 2900 ns, Total: 45201 ns
[2661.969s][info ][safepoint      ] Safepoint "Cleanup", Time since last: 1000113136 ns, Reaching safepoint: 28700 ns, At safepoint: 2800 ns, Total: 31500 ns
[2663.970s][info ][safepoint      ] Safepoint "Cleanup", Time since last: 2000128287 ns, Reaching safepoint: 37700 ns, At safepoint: 3001 ns, Total: 40701 ns
[2664.765s][info ][gc,start       ] GC(117) Pause Young (Allocation Failure)
[2664.767s][debug][gc,phases      ] GC(117) Scavenge 2.237ms
[2664.767s][debug][gc,ref         ] GC(117) Skipped phase 1 of Reference Processing: no references
[2664.767s][debug][gc,ref         ] GC(117) ReferenceProcessor::execute queues: 1, RefProcThreadModel::Single, marks_oops_alive: false
[2664.767s][debug][gc,ref         ] GC(117) Skipped phase 3 of Reference Processing: no references
[2664.767s][debug][gc,ref         ] GC(117) ReferenceProcessor::execute queues: 1, RefProcThreadModel::Single, marks_oops_alive: false
[2664.767s][debug][gc,phases      ] GC(117) Reference Processing 0.091ms
[2664.767s][debug][gc,phases      ] GC(117)   VM Weak                        Min:  0.0, Avg:  0.0, Max:  0.0, Diff:  0.0, Sum:  0.0, Workers: 4
[2664.767s][debug][gc,phases      ] GC(117)     Dead                           Min: 0, Avg:  0.0, Max: 0, Diff: 0, Sum: 0, Workers: 4
[2664.767s][debug][gc,phases      ] GC(117)     Total                          Min: 0, Avg: 183.5, Max: 734, Diff: 734, Sum: 734, Workers: 4
[2664.767s][debug][gc,phases      ] GC(117)   ObjectSynchronizer Weak        Min:  0.0, Avg:  0.0, Max:  0.0, Diff:  0.0, Sum:  0.0, Workers: 4
[2664.767s][debug][gc,phases      ] GC(117)     Dead                           Min: 0, Avg:  0.0, Max: 0, Diff: 0, Sum: 0, Workers: 4
[2664.767s][debug][gc,phases      ] GC(117)     Total                          Min: 0, Avg:  8.0, Max: 32, Diff: 32, Sum: 32, Workers: 4
[2664.767s][debug][gc,phases      ] GC(117)   JVMTI Tag Weak OopStorage      Min:  0.0, Avg:  0.0, Max:  0.0, Diff:  0.0, Sum:  0.0, Workers: 4
[2664.767s][debug][gc,phases      ] GC(117)     Dead                           Min: 0, Avg:  0.0, Max: 0, Diff: 0, Sum: 0, Workers: 4
[2664.767s][debug][gc,phases      ] GC(117)     Total                          Min: 0, Avg:  0.0, Max: 0, Diff: 0, Sum: 0, Workers: 4
[2664.767s][debug][gc,phases      ] GC(117)   StringTable Weak               Min:  0.0, Avg:  0.1, Max:  0.1, Diff:  0.1, Sum:  0.4, Workers: 4
[2664.767s][debug][gc,phases      ] GC(117)     Dead                           Min: 0, Avg:  0.0, Max: 0, Diff: 0, Sum: 0, Workers: 4
[2664.767s][debug][gc,phases      ] GC(117)     Total                          Min: 0, Avg: 10794.5, Max: 17579, Diff: 17579, Sum: 43178, Workers: 4
[2664.767s][debug][gc,phases      ] GC(117)   ResolvedMethodTable Weak       Min:  0.0, Avg:  0.0, Max:  0.0, Diff:  0.0, Sum:  0.1, Workers: 4
[2664.767s][debug][gc,phases      ] GC(117)     Dead                           Min: 0, Avg:  0.0, Max: 0, Diff: 0, Sum: 0, Workers: 4
[2664.767s][debug][gc,phases      ] GC(117)     Total                          Min: 0, Avg: 2157.2, Max: 3584, Diff: 3584, Sum: 8629, Workers: 4
[2664.767s][debug][gc,phases      ] GC(117)   JNI Weak                       Min:  0.0, Avg:  0.0, Max:  0.0, Diff:  0.0, Sum:  0.0, Workers: 4
[2664.767s][debug][gc,phases      ] GC(117)     Dead                           Min: 0, Avg:  0.0, Max: 0, Diff: 0, Sum: 0, Workers: 4
[2664.767s][debug][gc,phases      ] GC(117)     Total                          Min: 0, Avg: 11.2, Max: 45, Diff: 45, Sum: 45, Workers: 4
[2664.767s][debug][gc,phases      ] GC(117)   StringDedup Table Weak         Min:  0.0, Avg:  0.0, Max:  0.0, Diff:  0.0, Sum:  0.0, Workers: 4
[2664.767s][debug][gc,phases      ] GC(117)     Dead                           Min: 0, Avg:  0.0, Max: 0, Diff: 0, Sum: 0, Workers: 4
[2664.767s][debug][gc,phases      ] GC(117)     Total                          Min: 0, Avg:  0.0, Max: 0, Diff: 0, Sum: 0, Workers: 4
[2664.767s][debug][gc,phases      ] GC(117)   StringDedup Requests0 Weak     Min:  0.0, Avg:  0.0, Max:  0.0, Diff:  0.0, Sum:  0.0, Workers: 4
[2664.767s][debug][gc,phases      ] GC(117)     Dead                           Min: 0, Avg:  0.0, Max: 0, Diff: 0, Sum: 0, Workers: 4
[2664.767s][debug][gc,phases      ] GC(117)     Total                          Min: 0, Avg:  0.0, Max: 0, Diff: 0, Sum: 0, Workers: 4
[2664.767s][debug][gc,phases      ] GC(117)   StringDedup Requests1 Weak     Min:  0.0, Avg:  0.0, Max:  0.0, Diff:  0.0, Sum:  0.0, Workers: 4
[2664.767s][debug][gc,phases      ] GC(117)     Dead                           Min: 0, Avg:  0.0, Max: 0, Diff: 0, Sum: 0, Workers: 4
[2664.767s][debug][gc,phases      ] GC(117)     Total                          Min: 0, Avg:  0.0, Max: 0, Diff: 0, Sum: 0, Workers: 4
[2664.767s][debug][gc,phases      ] GC(117)   Weak JFR Old Object Samples    Min:  0.0, Avg:  0.0, Max:  0.0, Diff:  0.0, Sum:  0.0, Workers: 4
[2664.767s][debug][gc,phases      ] GC(117)     Dead                           Min: 0, Avg:  0.0, Max: 0, Diff: 0, Sum: 0, Workers: 4
[2664.767s][debug][gc,phases      ] GC(117)     Total                          Min: 0, Avg:  0.0, Max: 0, Diff: 0, Sum: 0, Workers: 4
[2664.768s][debug][gc,phases      ] GC(117) Weak Processing 0.312ms
[2664.768s][debug][gc,age         ] GC(117) Desired survivor size 7864320 bytes, new threshold 15 (max threshold 15)
[2664.768s][info ][gc,heap        ] GC(117) PSYoungGen: 2081472K(2088448K)->1184K(2089472K) Eden: 2080256K(2080256K)->0K(2081792K) From: 1216K(8192K)->1184K(7680K)
[2664.768s][info ][gc,heap        ] GC(117) ParOldGen: 343658K(446976K)->343674K(446976K)
[2664.768s][info ][gc,metaspace   ] GC(117) Metaspace: 79319K(80192K)->79319K(80192K) NonClass: 68008K(68480K)->68008K(68480K) Class: 11311K(11712K)->11311K(11712K)
[2664.768s][info ][gc             ] GC(117) Pause Young (Allocation Failure) 2368M->336M(2477M) 2.735ms
[2664.768s][info ][gc,cpu         ] GC(117) User=0.01s Sys=0.00s Real=0.00s
[2664.768s][info ][safepoint      ] Safepoint "ParallelGCFailedAllocation", Time since last: 795094209 ns, Reaching safepoint: 45300 ns, At safepoint: 2799311 ns, Total: 2844611 ns
[2678.768s][info ][safepoint      ] Safepoint "Cleanup", Time since last: 14000858715 ns, Reaching safepoint: 39900 ns, At safepoint: 25000 ns, Total: 64900 ns
[2681.769s][info ][safepoint      ] Safepoint "Cleanup", Time since last: 3000189885 ns, Reaching safepoint: 44300 ns, At safepoint: 4700 ns, Total: 49000 ns
[2690.472s][info ][gc,start       ] GC(118) Pause Young (Allocation Failure)
[2690.475s][debug][gc,phases      ] GC(118) Scavenge 2.931ms
[2690.475s][debug][gc,ref         ] GC(118) Skipped phase 1 of Reference Processing: no references
[2690.475s][debug][gc,ref         ] GC(118) ReferenceProcessor::execute queues: 1, RefProcThreadModel::Single, marks_oops_alive: false
[2690.475s][debug][gc,ref         ] GC(118) Skipped phase 3 of Reference Processing: no references
[2690.475s][debug][gc,ref         ] GC(118) ReferenceProcessor::execute queues: 1, RefProcThreadModel::Single, marks_oops_alive: false
[2690.475s][debug][gc,phases      ] GC(118) Reference Processing 0.084ms
[2690.475s][debug][gc,phases      ] GC(118)   VM Weak                        Min:  0.0, Avg:  0.0, Max:  0.0, Diff:  0.0, Sum:  0.0, Workers: 4
[2690.475s][debug][gc,phases      ] GC(118)     Dead                           Min: 0, Avg:  0.0, Max: 0, Diff: 0, Sum: 0, Workers: 4
[2690.475s][debug][gc,phases      ] GC(118)     Total                          Min: 0, Avg: 183.5, Max: 734, Diff: 734, Sum: 734, Workers: 4
[2690.475s][debug][gc,phases      ] GC(118)   ObjectSynchronizer Weak        Min:  0.0, Avg:  0.0, Max:  0.0, Diff:  0.0, Sum:  0.0, Workers: 4
[2690.475s][debug][gc,phases      ] GC(118)     Dead                           Min: 0, Avg:  0.0, Max: 0, Diff: 0, Sum: 0, Workers: 4
[2690.475s][debug][gc,phases      ] GC(118)     Total                          Min: 0, Avg:  8.0, Max: 32, Diff: 32, Sum: 32, Workers: 4
[2690.475s][debug][gc,phases      ] GC(118)   JVMTI Tag Weak OopStorage      Min:  0.0, Avg:  0.0, Max:  0.0, Diff:  0.0, Sum:  0.0, Workers: 4
[2690.475s][debug][gc,phases      ] GC(118)     Dead                           Min: 0, Avg:  0.0, Max: 0, Diff: 0, Sum: 0, Workers: 4
[2690.475s][debug][gc,phases      ] GC(118)     Total                          Min: 0, Avg:  0.0, Max: 0, Diff: 0, Sum: 0, Workers: 4
[2690.475s][debug][gc,phases      ] GC(118)   StringTable Weak               Min:  0.0, Avg:  0.1, Max:  0.1, Diff:  0.1, Sum:  0.3, Workers: 4
[2690.475s][debug][gc,phases      ] GC(118)     Dead                           Min: 0, Avg:  0.0, Max: 0, Diff: 0, Sum: 0, Workers: 4
[2690.475s][debug][gc,phases      ] GC(118)     Total                          Min: 0, Avg: 10794.5, Max: 17643, Diff: 17643, Sum: 43178, Workers: 4
[2690.475s][debug][gc,phases      ] GC(118)   ResolvedMethodTable Weak       Min:  0.0, Avg:  0.0, Max:  0.0, Diff:  0.0, Sum:  0.1, Workers: 4
[2690.475s][debug][gc,phases      ] GC(118)     Dead                           Min: 0, Avg:  0.0, Max: 0, Diff: 0, Sum: 0, Workers: 4
[2690.475s][debug][gc,phases      ] GC(118)     Total                          Min: 0, Avg: 2157.2, Max: 3829, Diff: 3829, Sum: 8629, Workers: 4
[2690.475s][debug][gc,phases      ] GC(118)   JNI Weak                       Min:  0.0, Avg:  0.0, Max:  0.0, Diff:  0.0, Sum:  0.0, Workers: 4
[2690.475s][debug][gc,phases      ] GC(118)     Dead                           Min: 0, Avg:  0.0, Max: 0, Diff: 0, Sum: 0, Workers: 4
[2690.475s][debug][gc,phases      ] GC(118)     Total                          Min: 0, Avg: 11.2, Max: 45, Diff: 45, Sum: 45, Workers: 4
[2690.475s][debug][gc,phases      ] GC(118)   StringDedup Table Weak         Min:  0.0, Avg:  0.0, Max:  0.0, Diff:  0.0, Sum:  0.0, Workers: 4
[2690.475s][debug][gc,phases      ] GC(118)     Dead                           Min: 0, Avg:  0.0, Max: 0, Diff: 0, Sum: 0, Workers: 4
[2690.475s][debug][gc,phases      ] GC(118)     Total                          Min: 0, Avg:  0.0, Max: 0, Diff: 0, Sum: 0, Workers: 4
[2690.475s][debug][gc,phases      ] GC(118)   StringDedup Requests0 Weak     Min:  0.0, Avg:  0.0, Max:  0.0, Diff:  0.0, Sum:  0.0, Workers: 4
[2690.475s][debug][gc,phases      ] GC(118)     Dead                           Min: 0, Avg:  0.0, Max: 0, Diff: 0, Sum: 0, Workers: 4
[2690.475s][debug][gc,phases      ] GC(118)     Total                          Min: 0, Avg:  0.0, Max: 0, Diff: 0, Sum: 0, Workers: 4
[2690.475s][debug][gc,phases      ] GC(118)   StringDedup Requests1 Weak     Min:  0.0, Avg:  0.0, Max:  0.0, Diff:  0.0, Sum:  0.0, Workers: 4
[2690.475s][debug][gc,phases      ] GC(118)     Dead                           Min: 0, Avg:  0.0, Max: 0, Diff: 0, Sum: 0, Workers: 4
[2690.475s][debug][gc,phases      ] GC(118)     Total                          Min: 0, Avg:  0.0, Max: 0, Diff: 0, Sum: 0, Workers: 4
[2690.475s][debug][gc,phases      ] GC(118)   Weak JFR Old Object Samples    Min:  0.0, Avg:  0.0, Max:  0.0, Diff:  0.0, Sum:  0.0, Workers: 4
[2690.475s][debug][gc,phases      ] GC(118)     Dead                           Min: 0, Avg:  0.0, Max: 0, Diff: 0, Sum: 0, Workers: 4
[2690.475s][debug][gc,phases      ] GC(118)     Total                          Min: 0, Avg:  0.0, Max: 0, Diff: 0, Sum: 0, Workers: 4
[2690.475s][debug][gc,phases      ] GC(118) Weak Processing 0.306ms
[2690.475s][debug][gc,age         ] GC(118) Desired survivor size 7340032 bytes, new threshold 15 (max threshold 15)
[2690.475s][info ][gc,heap        ] GC(118) PSYoungGen: 2082976K(2089472K)->1184K(2089472K) Eden: 2081792K(2081792K)->0K(2081792K) From: 1184K(7680K)->1184K(7680K)
[2690.475s][info ][gc,heap        ] GC(118) ParOldGen: 343674K(446976K)->343698K(446976K)
[2690.475s][info ][gc,metaspace   ] GC(118) Metaspace: 79321K(80192K)->79321K(80192K) NonClass: 68009K(68480K)->68009K(68480K) Class: 11311K(11712K)->11311K(11712K)
[2690.475s][info ][gc             ] GC(118) Pause Young (Allocation Failure) 2369M->336M(2477M) 3.403ms
[2690.475s][info ][gc,cpu         ] GC(118) User=0.01s Sys=0.00s Real=0.00s
[2690.475s][info ][safepoint      ] Safepoint "ParallelGCFailedAllocation", Time since last: 8702811614 ns, Reaching safepoint: 41800 ns, At safepoint: 3495920 ns, Total: 3537720 ns
[2711.476s][info ][safepoint      ] Safepoint "Cleanup", Time since last: 21001226343 ns, Reaching safepoint: 37300 ns, At safepoint: 2800 ns, Total: 40100 ns
[2715.890s][info ][gc,start       ] GC(119) Pause Young (Allocation Failure)
[2715.892s][debug][gc,phases      ] GC(119) Scavenge 1.666ms
[2715.892s][debug][gc,ref         ] GC(119) Skipped phase 1 of Reference Processing: no references
[2715.892s][debug][gc,ref         ] GC(119) ReferenceProcessor::execute queues: 1, RefProcThreadModel::Single, marks_oops_alive: false
[2715.892s][debug][gc,ref         ] GC(119) Skipped phase 3 of Reference Processing: no references
[2715.892s][debug][gc,ref         ] GC(119) ReferenceProcessor::execute queues: 1, RefProcThreadModel::Single, marks_oops_alive: false
[2715.892s][debug][gc,phases      ] GC(119) Reference Processing 0.086ms
[2715.892s][debug][gc,phases      ] GC(119)   VM Weak                        Min:  0.0, Avg:  0.0, Max:  0.0, Diff:  0.0, Sum:  0.0, Workers: 4
[2715.892s][debug][gc,phases      ] GC(119)     Dead                           Min: 0, Avg:  0.0, Max: 0, Diff: 0, Sum: 0, Workers: 4
[2715.892s][debug][gc,phases      ] GC(119)     Total                          Min: 0, Avg: 183.5, Max: 640, Diff: 640, Sum: 734, Workers: 4
[2715.892s][debug][gc,phases      ] GC(119)   ObjectSynchronizer Weak        Min:  0.0, Avg:  0.0, Max:  0.0, Diff:  0.0, Sum:  0.0, Workers: 4
[2715.892s][debug][gc,phases      ] GC(119)     Dead                           Min: 0, Avg:  0.0, Max: 0, Diff: 0, Sum: 0, Workers: 4
[2715.892s][debug][gc,phases      ] GC(119)     Total                          Min: 0, Avg:  8.0, Max: 32, Diff: 32, Sum: 32, Workers: 4
[2715.892s][debug][gc,phases      ] GC(119)   JVMTI Tag Weak OopStorage      Min:  0.0, Avg:  0.0, Max:  0.0, Diff:  0.0, Sum:  0.0, Workers: 4
[2715.892s][debug][gc,phases      ] GC(119)     Dead                           Min: 0, Avg:  0.0, Max: 0, Diff: 0, Sum: 0, Workers: 4
[2715.892s][debug][gc,phases      ] GC(119)     Total                          Min: 0, Avg:  0.0, Max: 0, Diff: 0, Sum: 0, Workers: 4
[2715.892s][debug][gc,phases      ] GC(119)   StringTable Weak               Min:  0.1, Avg:  0.1, Max:  0.1, Diff:  0.0, Sum:  0.4, Workers: 4
[2715.892s][debug][gc,phases      ] GC(119)     Dead                           Min: 0, Avg:  0.0, Max: 0, Diff: 0, Sum: 0, Workers: 4
[2715.892s][debug][gc,phases      ] GC(119)     Total                          Min: 10560, Avg: 10796.0, Max: 10993, Diff: 433, Sum: 43184, Workers: 4
[2715.892s][debug][gc,phases      ] GC(119)   ResolvedMethodTable Weak       Min:  0.0, Avg:  0.0, Max:  0.0, Diff:  0.0, Sum:  0.1, Workers: 4
[2715.892s][debug][gc,phases      ] GC(119)     Dead                           Min: 0, Avg:  0.0, Max: 0, Diff: 0, Sum: 0, Workers: 4
[2715.892s][debug][gc,phases      ] GC(119)     Total                          Min: 2101, Avg: 2157.2, Max: 2304, Diff: 203, Sum: 8629, Workers: 4
[2715.892s][debug][gc,phases      ] GC(119)   JNI Weak                       Min:  0.0, Avg:  0.0, Max:  0.0, Diff:  0.0, Sum:  0.0, Workers: 4
[2715.892s][debug][gc,phases      ] GC(119)     Dead                           Min: 0, Avg:  0.0, Max: 0, Diff: 0, Sum: 0, Workers: 4
[2715.892s][debug][gc,phases      ] GC(119)     Total                          Min: 0, Avg: 11.2, Max: 45, Diff: 45, Sum: 45, Workers: 4
[2715.892s][debug][gc,phases      ] GC(119)   StringDedup Table Weak         Min:  0.0, Avg:  0.0, Max:  0.0, Diff:  0.0, Sum:  0.0, Workers: 4
[2715.892s][debug][gc,phases      ] GC(119)     Dead                           Min: 0, Avg:  0.0, Max: 0, Diff: 0, Sum: 0, Workers: 4
[2715.892s][debug][gc,phases      ] GC(119)     Total                          Min: 0, Avg:  0.0, Max: 0, Diff: 0, Sum: 0, Workers: 4
[2715.892s][debug][gc,phases      ] GC(119)   StringDedup Requests0 Weak     Min:  0.0, Avg:  0.0, Max:  0.0, Diff:  0.0, Sum:  0.0, Workers: 4
[2715.892s][debug][gc,phases      ] GC(119)     Dead                           Min: 0, Avg:  0.0, Max: 0, Diff: 0, Sum: 0, Workers: 4
[2715.892s][debug][gc,phases      ] GC(119)     Total                          Min: 0, Avg:  0.0, Max: 0, Diff: 0, Sum: 0, Workers: 4
[2715.892s][debug][gc,phases      ] GC(119)   StringDedup Requests1 Weak     Min:  0.0, Avg:  0.0, Max:  0.0, Diff:  0.0, Sum:  0.0, Workers: 4
[2715.892s][debug][gc,phases      ] GC(119)     Dead                           Min: 0, Avg:  0.0, Max: 0, Diff: 0, Sum: 0, Workers: 4
[2715.892s][debug][gc,phases      ] GC(119)     Total                          Min: 0, Avg:  0.0, Max: 0, Diff: 0, Sum: 0, Workers: 4
[2715.892s][debug][gc,phases      ] GC(119)   Weak JFR Old Object Samples    Min:  0.0, Avg:  0.0, Max:  0.0, Diff:  0.0, Sum:  0.0, Workers: 4
[2715.892s][debug][gc,phases      ] GC(119)     Dead                           Min: 0, Avg:  0.0, Max: 0, Diff: 0, Sum: 0, Workers: 4
[2715.892s][debug][gc,phases      ] GC(119)     Total                          Min: 0, Avg:  0.0, Max: 0, Diff: 0, Sum: 0, Workers: 4
[2715.892s][debug][gc,phases      ] GC(119) Weak Processing 0.275ms
[2715.892s][debug][gc,age         ] GC(119) Desired survivor size 6815744 bytes, new threshold 15 (max threshold 15)
[2715.892s][info ][gc,heap        ] GC(119) PSYoungGen: 2082976K(2089472K)->1120K(2090496K) Eden: 2081792K(2081792K)->0K(2083328K) From: 1184K(7680K)->1120K(7168K)
[2715.892s][info ][gc,heap        ] GC(119) ParOldGen: 343698K(446976K)->343750K(446976K)
[2715.892s][info ][gc,metaspace   ] GC(119) Metaspace: 79322K(80192K)->79322K(80192K) NonClass: 68010K(68480K)->68010K(68480K) Class: 11311K(11712K)->11311K(11712K)
[2715.892s][info ][gc             ] GC(119) Pause Young (Allocation Failure) 2369M->336M(2478M) 2.117ms
[2715.892s][info ][gc,cpu         ] GC(119) User=0.01s Sys=0.00s Real=0.01s
[2715.892s][info ][safepoint      ] Safepoint "ParallelGCFailedAllocation", Time since last: 4413755141 ns, Reaching safepoint: 23101 ns, At safepoint: 2180211 ns, Total: 2203312 ns
[2734.894s][info ][safepoint      ] Safepoint "Cleanup", Time since last: 19001190020 ns, Reaching safepoint: 33200 ns, At safepoint: 2800 ns, Total: 36000 ns
[2741.267s][info ][gc,start       ] GC(120) Pause Young (Allocation Failure)
[2741.270s][debug][gc,phases      ] GC(120) Scavenge 2.692ms
[2741.270s][debug][gc,ref         ] GC(120) Skipped phase 1 of Reference Processing: no references
[2741.270s][debug][gc,ref         ] GC(120) ReferenceProcessor::execute queues: 1, RefProcThreadModel::Single, marks_oops_alive: false
[2741.270s][debug][gc,ref         ] GC(120) Skipped phase 3 of Reference Processing: no references
[2741.270s][debug][gc,ref         ] GC(120) ReferenceProcessor::execute queues: 1, RefProcThreadModel::Single, marks_oops_alive: false
[2741.270s][debug][gc,phases      ] GC(120) Reference Processing 0.098ms
[2741.270s][debug][gc,phases      ] GC(120)   VM Weak                        Min:  0.0, Avg:  0.0, Max:  0.0, Diff:  0.0, Sum:  0.0, Workers: 4
[2741.270s][debug][gc,phases      ] GC(120)     Dead                           Min: 0, Avg:  0.0, Max: 0, Diff: 0, Sum: 0, Workers: 4
[2741.270s][debug][gc,phases      ] GC(120)     Total                          Min: 0, Avg: 183.5, Max: 670, Diff: 670, Sum: 734, Workers: 4
[2741.270s][debug][gc,phases      ] GC(120)   ObjectSynchronizer Weak        Min:  0.0, Avg:  0.0, Max:  0.0, Diff:  0.0, Sum:  0.0, Workers: 4
[2741.270s][debug][gc,phases      ] GC(120)     Dead                           Min: 0, Avg:  0.0, Max: 0, Diff: 0, Sum: 0, Workers: 4
[2741.270s][debug][gc,phases      ] GC(120)     Total                          Min: 0, Avg:  8.0, Max: 32, Diff: 32, Sum: 32, Workers: 4
[2741.270s][debug][gc,phases      ] GC(120)   JVMTI Tag Weak OopStorage      Min:  0.0, Avg:  0.0, Max:  0.0, Diff:  0.0, Sum:  0.0, Workers: 4
[2741.270s][debug][gc,phases      ] GC(120)     Dead                           Min: 0, Avg:  0.0, Max: 0, Diff: 0, Sum: 0, Workers: 4
[2741.270s][debug][gc,phases      ] GC(120)     Total                          Min: 0, Avg:  0.0, Max: 0, Diff: 0, Sum: 0, Workers: 4
[2741.270s][debug][gc,phases      ] GC(120)   StringTable Weak               Min:  0.0, Avg:  0.1, Max:  0.1, Diff:  0.1, Sum:  0.3, Workers: 4
[2741.270s][debug][gc,phases      ] GC(120)     Dead                           Min: 0, Avg:  0.0, Max: 0, Diff: 0, Sum: 0, Workers: 4
[2741.270s][debug][gc,phases      ] GC(120)     Total                          Min: 0, Avg: 10796.0, Max: 15345, Diff: 15345, Sum: 43184, Workers: 4
[2741.270s][debug][gc,phases      ] GC(120)   ResolvedMethodTable Weak       Min:  0.0, Avg:  0.0, Max:  0.0, Diff:  0.0, Sum:  0.1, Workers: 4
[2741.270s][debug][gc,phases      ] GC(120)     Dead                           Min: 0, Avg:  0.0, Max: 0, Diff: 0, Sum: 0, Workers: 4
[2741.270s][debug][gc,phases      ] GC(120)     Total                          Min: 0, Avg: 2157.2, Max: 3392, Diff: 3392, Sum: 8629, Workers: 4
[2741.270s][debug][gc,phases      ] GC(120)   JNI Weak                       Min:  0.0, Avg:  0.0, Max:  0.0, Diff:  0.0, Sum:  0.0, Workers: 4
[2741.270s][debug][gc,phases      ] GC(120)     Dead                           Min: 0, Avg:  0.0, Max: 0, Diff: 0, Sum: 0, Workers: 4
[2741.270s][debug][gc,phases      ] GC(120)     Total                          Min: 0, Avg: 11.2, Max: 45, Diff: 45, Sum: 45, Workers: 4
[2741.270s][debug][gc,phases      ] GC(120)   StringDedup Table Weak         Min:  0.0, Avg:  0.0, Max:  0.0, Diff:  0.0, Sum:  0.0, Workers: 4
[2741.270s][debug][gc,phases      ] GC(120)     Dead                           Min: 0, Avg:  0.0, Max: 0, Diff: 0, Sum: 0, Workers: 4
[2741.270s][debug][gc,phases      ] GC(120)     Total                          Min: 0, Avg:  0.0, Max: 0, Diff: 0, Sum: 0, Workers: 4
[2741.270s][debug][gc,phases      ] GC(120)   StringDedup Requests0 Weak     Min:  0.0, Avg:  0.0, Max:  0.0, Diff:  0.0, Sum:  0.0, Workers: 4
[2741.270s][debug][gc,phases      ] GC(120)     Dead                           Min: 0, Avg:  0.0, Max: 0, Diff: 0, Sum: 0, Workers: 4
[2741.270s][debug][gc,phases      ] GC(120)     Total                          Min: 0, Avg:  0.0, Max: 0, Diff: 0, Sum: 0, Workers: 4
[2741.270s][debug][gc,phases      ] GC(120)   StringDedup Requests1 Weak     Min:  0.0, Avg:  0.0, Max:  0.0, Diff:  0.0, Sum:  0.0, Workers: 4
[2741.270s][debug][gc,phases      ] GC(120)     Dead                           Min: 0, Avg:  0.0, Max: 0, Diff: 0, Sum: 0, Workers: 4
[2741.270s][debug][gc,phases      ] GC(120)     Total                          Min: 0, Avg:  0.0, Max: 0, Diff: 0, Sum: 0, Workers: 4
[2741.270s][debug][gc,phases      ] GC(120)   Weak JFR Old Object Samples    Min:  0.0, Avg:  0.0, Max:  0.0, Diff:  0.0, Sum:  0.0, Workers: 4
[2741.270s][debug][gc,phases      ] GC(120)     Dead                           Min: 0, Avg:  0.0, Max: 0, Diff: 0, Sum: 0, Workers: 4
[2741.270s][debug][gc,phases      ] GC(120)     Total                          Min: 0, Avg:  0.0, Max: 0, Diff: 0, Sum: 0, Workers: 4
[2741.270s][debug][gc,phases      ] GC(120) Weak Processing 0.312ms
[2741.270s][debug][gc,age         ] GC(120) Desired survivor size 6291456 bytes, new threshold 15 (max threshold 15)
[2741.270s][info ][gc,heap        ] GC(120) PSYoungGen: 2084448K(2090496K)->1152K(2089984K) Eden: 2083328K(2083328K)->0K(2083328K) From: 1120K(7168K)->1152K(6656K)
[2741.270s][info ][gc,heap        ] GC(120) ParOldGen: 343750K(446976K)->343782K(446976K)
[2741.270s][info ][gc,metaspace   ] GC(120) Metaspace: 79322K(80192K)->79322K(80192K) NonClass: 68010K(68480K)->68010K(68480K) Class: 11311K(11712K)->11311K(11712K)
[2741.270s][info ][gc             ] GC(120) Pause Young (Allocation Failure) 2371M->336M(2477M) 3.195ms
[2741.270s][info ][gc,cpu         ] GC(120) User=0.00s Sys=0.00s Real=0.00s
[2741.270s][info ][safepoint      ] Safepoint "ParallelGCFailedAllocation", Time since last: 6373455301 ns, Reaching safepoint: 27300 ns, At safepoint: 3269816 ns, Total: 3297116 ns
[2747.271s][info ][safepoint      ] Safepoint "Cleanup", Time since last: 6000384284 ns, Reaching safepoint: 43100 ns, At safepoint: 4000 ns, Total: 47100 ns
[2749.271s][info ][safepoint      ] Safepoint "Cleanup", Time since last: 2000168646 ns, Reaching safepoint: 36501 ns, At safepoint: 35900 ns, Total: 72401 ns
[2760.272s][info ][safepoint      ] Safepoint "Cleanup", Time since last: 11000718055 ns, Reaching safepoint: 38600 ns, At safepoint: 5300 ns, Total: 43900 ns
[2761.272s][info ][safepoint      ] Safepoint "Cleanup", Time since last: 1000090006 ns, Reaching safepoint: 49600 ns, At safepoint: 5600 ns, Total: 55200 ns
[2766.391s][info ][gc,start       ] GC(121) Pause Young (Allocation Failure)
[2766.393s][debug][gc,phases      ] GC(121) Scavenge 2.577ms
[2766.393s][debug][gc,ref         ] GC(121) Skipped phase 1 of Reference Processing: no references
[2766.393s][debug][gc,ref         ] GC(121) ReferenceProcessor::execute queues: 1, RefProcThreadModel::Single, marks_oops_alive: false
[2766.393s][debug][gc,ref         ] GC(121) Skipped phase 3 of Reference Processing: no references
[2766.393s][debug][gc,ref         ] GC(121) ReferenceProcessor::execute queues: 1, RefProcThreadModel::Single, marks_oops_alive: false
[2766.393s][debug][gc,phases      ] GC(121) Reference Processing 0.090ms
[2766.393s][debug][gc,phases      ] GC(121)   VM Weak                        Min:  0.0, Avg:  0.0, Max:  0.0, Diff:  0.0, Sum:  0.0, Workers: 4
[2766.393s][debug][gc,phases      ] GC(121)     Dead                           Min: 0, Avg:  0.0, Max: 0, Diff: 0, Sum: 0, Workers: 4
[2766.393s][debug][gc,phases      ] GC(121)     Total                          Min: 0, Avg: 183.5, Max: 606, Diff: 606, Sum: 734, Workers: 4
[2766.393s][debug][gc,phases      ] GC(121)   ObjectSynchronizer Weak        Min:  0.0, Avg:  0.0, Max:  0.0, Diff:  0.0, Sum:  0.0, Workers: 4
[2766.393s][debug][gc,phases      ] GC(121)     Dead                           Min: 0, Avg:  0.0, Max: 0, Diff: 0, Sum: 0, Workers: 4
[2766.393s][debug][gc,phases      ] GC(121)     Total                          Min: 0, Avg:  8.0, Max: 32, Diff: 32, Sum: 32, Workers: 4
[2766.393s][debug][gc,phases      ] GC(121)   JVMTI Tag Weak OopStorage      Min:  0.0, Avg:  0.0, Max:  0.0, Diff:  0.0, Sum:  0.0, Workers: 4
[2766.393s][debug][gc,phases      ] GC(121)     Dead                           Min: 0, Avg:  0.0, Max: 0, Diff: 0, Sum: 0, Workers: 4
[2766.393s][debug][gc,phases      ] GC(121)     Total                          Min: 0, Avg:  0.0, Max: 0, Diff: 0, Sum: 0, Workers: 4
[2766.393s][debug][gc,phases      ] GC(121)   StringTable Weak               Min:  0.1, Avg:  0.1, Max:  0.1, Diff:  0.0, Sum:  0.4, Workers: 4
[2766.393s][debug][gc,phases      ] GC(121)     Dead                           Min: 0, Avg:  0.0, Max: 0, Diff: 0, Sum: 0, Workers: 4
[2766.393s][debug][gc,phases      ] GC(121)     Total                          Min: 9919, Avg: 10796.0, Max: 11328, Diff: 1409, Sum: 43184, Workers: 4
[2766.393s][debug][gc,phases      ] GC(121)   ResolvedMethodTable Weak       Min:  0.0, Avg:  0.0, Max:  0.0, Diff:  0.0, Sum:  0.1, Workers: 4
[2766.393s][debug][gc,phases      ] GC(121)     Dead                           Min: 0, Avg:  0.0, Max: 0, Diff: 0, Sum: 0, Workers: 4
[2766.393s][debug][gc,phases      ] GC(121)     Total                          Min: 2112, Avg: 2157.2, Max: 2176, Diff: 64, Sum: 8629, Workers: 4
[2766.393s][debug][gc,phases      ] GC(121)   JNI Weak                       Min:  0.0, Avg:  0.0, Max:  0.0, Diff:  0.0, Sum:  0.0, Workers: 4
[2766.393s][debug][gc,phases      ] GC(121)     Dead                           Min: 0, Avg:  0.0, Max: 0, Diff: 0, Sum: 0, Workers: 4
[2766.393s][debug][gc,phases      ] GC(121)     Total                          Min: 0, Avg: 11.2, Max: 45, Diff: 45, Sum: 45, Workers: 4
[2766.393s][debug][gc,phases      ] GC(121)   StringDedup Table Weak         Min:  0.0, Avg:  0.0, Max:  0.0, Diff:  0.0, Sum:  0.0, Workers: 4
[2766.394s][debug][gc,phases      ] GC(121)     Dead                           Min: 0, Avg:  0.0, Max: 0, Diff: 0, Sum: 0, Workers: 4
[2766.394s][debug][gc,phases      ] GC(121)     Total                          Min: 0, Avg:  0.0, Max: 0, Diff: 0, Sum: 0, Workers: 4
[2766.394s][debug][gc,phases      ] GC(121)   StringDedup Requests0 Weak     Min:  0.0, Avg:  0.0, Max:  0.0, Diff:  0.0, Sum:  0.0, Workers: 4
[2766.394s][debug][gc,phases      ] GC(121)     Dead                           Min: 0, Avg:  0.0, Max: 0, Diff: 0, Sum: 0, Workers: 4
[2766.394s][debug][gc,phases      ] GC(121)     Total                          Min: 0, Avg:  0.0, Max: 0, Diff: 0, Sum: 0, Workers: 4
[2766.394s][debug][gc,phases      ] GC(121)   StringDedup Requests1 Weak     Min:  0.0, Avg:  0.0, Max:  0.0, Diff:  0.0, Sum:  0.0, Workers: 4
[2766.394s][debug][gc,phases      ] GC(121)     Dead                           Min: 0, Avg:  0.0, Max: 0, Diff: 0, Sum: 0, Workers: 4
[2766.394s][debug][gc,phases      ] GC(121)     Total                          Min: 0, Avg:  0.0, Max: 0, Diff: 0, Sum: 0, Workers: 4
[2766.394s][debug][gc,phases      ] GC(121)   Weak JFR Old Object Samples    Min:  0.0, Avg:  0.0, Max:  0.0, Diff:  0.0, Sum:  0.0, Workers: 4
[2766.394s][debug][gc,phases      ] GC(121)     Dead                           Min: 0, Avg:  0.0, Max: 0, Diff: 0, Sum: 0, Workers: 4
[2766.394s][debug][gc,phases      ] GC(121)     Total                          Min: 0, Avg:  0.0, Max: 0, Diff: 0, Sum: 0, Workers: 4
[2766.394s][debug][gc,phases      ] GC(121) Weak Processing 0.280ms
[2766.394s][debug][gc,age         ] GC(121) Desired survivor size 6291456 bytes, new threshold 15 (max threshold 15)
[2766.394s][info ][gc,heap        ] GC(121) PSYoungGen: 2084480K(2089984K)->1248K(2091008K) Eden: 2083328K(2083328K)->0K(2084864K) From: 1152K(6656K)->1248K(6144K)
[2766.394s][info ][gc,heap        ] GC(121) ParOldGen: 343782K(446976K)->343798K(446976K)
[2766.394s][info ][gc,metaspace   ] GC(121) Metaspace: 79322K(80192K)->79322K(80192K) NonClass: 68011K(68480K)->68011K(68480K) Class: 11311K(11712K)->11311K(11712K)
[2766.394s][info ][gc             ] GC(121) Pause Young (Allocation Failure) 2371M->336M(2478M) 3.040ms
[2766.394s][info ][gc,cpu         ] GC(121) User=0.01s Sys=0.00s Real=0.00s
[2766.394s][info ][safepoint      ] Safepoint "ParallelGCFailedAllocation", Time since last: 5118601141 ns, Reaching safepoint: 37100 ns, At safepoint: 3102317 ns, Total: 3139417 ns
[2786.395s][info ][safepoint      ] Safepoint "Cleanup", Time since last: 20001184043 ns, Reaching safepoint: 49900 ns, At safepoint: 16600 ns, Total: 66500 ns
[2791.754s][info ][gc,start       ] GC(122) Pause Young (Allocation Failure)
[2791.758s][debug][gc,phases      ] GC(122) Scavenge 3.119ms
[2791.758s][debug][gc,ref         ] GC(122) Skipped phase 1 of Reference Processing: no references
[2791.758s][debug][gc,ref         ] GC(122) ReferenceProcessor::execute queues: 1, RefProcThreadModel::Single, marks_oops_alive: false
[2791.758s][debug][gc,ref         ] GC(122) Skipped phase 3 of Reference Processing: no references
[2791.758s][debug][gc,ref         ] GC(122) ReferenceProcessor::execute queues: 1, RefProcThreadModel::Single, marks_oops_alive: false
[2791.758s][debug][gc,phases      ] GC(122) Reference Processing 0.083ms
[2791.758s][debug][gc,phases      ] GC(122)   VM Weak                        Min:  0.0, Avg:  0.0, Max:  0.0, Diff:  0.0, Sum:  0.0, Workers: 4
[2791.758s][debug][gc,phases      ] GC(122)     Dead                           Min: 0, Avg:  0.0, Max: 0, Diff: 0, Sum: 0, Workers: 4
[2791.758s][debug][gc,phases      ] GC(122)     Total                          Min: 0, Avg: 183.5, Max: 734, Diff: 734, Sum: 734, Workers: 4
[2791.758s][debug][gc,phases      ] GC(122)   ObjectSynchronizer Weak        Min:  0.0, Avg:  0.0, Max:  0.0, Diff:  0.0, Sum:  0.0, Workers: 4
[2791.758s][debug][gc,phases      ] GC(122)     Dead                           Min: 0, Avg:  0.0, Max: 0, Diff: 0, Sum: 0, Workers: 4
[2791.758s][debug][gc,phases      ] GC(122)     Total                          Min: 0, Avg:  8.0, Max: 32, Diff: 32, Sum: 32, Workers: 4
[2791.758s][debug][gc,phases      ] GC(122)   JVMTI Tag Weak OopStorage      Min:  0.0, Avg:  0.0, Max:  0.0, Diff:  0.0, Sum:  0.0, Workers: 4
[2791.758s][debug][gc,phases      ] GC(122)     Dead                           Min: 0, Avg:  0.0, Max: 0, Diff: 0, Sum: 0, Workers: 4
[2791.758s][debug][gc,phases      ] GC(122)     Total                          Min: 0, Avg:  0.0, Max: 0, Diff: 0, Sum: 0, Workers: 4
[2791.758s][debug][gc,phases      ] GC(122)   StringTable Weak               Min:  0.0, Avg:  0.1, Max:  0.1, Diff:  0.1, Sum:  0.3, Workers: 4
[2791.758s][debug][gc,phases      ] GC(122)     Dead                           Min: 0, Avg:  0.0, Max: 0, Diff: 0, Sum: 0, Workers: 4
[2791.758s][debug][gc,phases      ] GC(122)     Total                          Min: 0, Avg: 10796.0, Max: 17983, Diff: 17983, Sum: 43184, Workers: 4
[2791.758s][debug][gc,phases      ] GC(122)   ResolvedMethodTable Weak       Min:  0.0, Avg:  0.0, Max:  0.0, Diff:  0.0, Sum:  0.1, Workers: 4
[2791.758s][debug][gc,phases      ] GC(122)     Dead                           Min: 0, Avg:  0.0, Max: 0, Diff: 0, Sum: 0, Workers: 4
[2791.758s][debug][gc,phases      ] GC(122)     Total                          Min: 0, Avg: 2157.2, Max: 3189, Diff: 3189, Sum: 8629, Workers: 4
[2791.758s][debug][gc,phases      ] GC(122)   JNI Weak                       Min:  0.0, Avg:  0.0, Max:  0.0, Diff:  0.0, Sum:  0.0, Workers: 4
[2791.758s][debug][gc,phases      ] GC(122)     Dead                           Min: 0, Avg:  0.0, Max: 0, Diff: 0, Sum: 0, Workers: 4
[2791.758s][debug][gc,phases      ] GC(122)     Total                          Min: 0, Avg: 11.2, Max: 45, Diff: 45, Sum: 45, Workers: 4
[2791.758s][debug][gc,phases      ] GC(122)   StringDedup Table Weak         Min:  0.0, Avg:  0.0, Max:  0.0, Diff:  0.0, Sum:  0.0, Workers: 4
[2791.758s][debug][gc,phases      ] GC(122)     Dead                           Min: 0, Avg:  0.0, Max: 0, Diff: 0, Sum: 0, Workers: 4
[2791.758s][debug][gc,phases      ] GC(122)     Total                          Min: 0, Avg:  0.0, Max: 0, Diff: 0, Sum: 0, Workers: 4
[2791.758s][debug][gc,phases      ] GC(122)   StringDedup Requests0 Weak     Min:  0.0, Avg:  0.0, Max:  0.0, Diff:  0.0, Sum:  0.0, Workers: 4
[2791.758s][debug][gc,phases      ] GC(122)     Dead                           Min: 0, Avg:  0.0, Max: 0, Diff: 0, Sum: 0, Workers: 4
[2791.758s][debug][gc,phases      ] GC(122)     Total                          Min: 0, Avg:  0.0, Max: 0, Diff: 0, Sum: 0, Workers: 4
[2791.758s][debug][gc,phases      ] GC(122)   StringDedup Requests1 Weak     Min:  0.0, Avg:  0.0, Max:  0.0, Diff:  0.0, Sum:  0.0, Workers: 4
[2791.758s][debug][gc,phases      ] GC(122)     Dead                           Min: 0, Avg:  0.0, Max: 0, Diff: 0, Sum: 0, Workers: 4
[2791.758s][debug][gc,phases      ] GC(122)     Total                          Min: 0, Avg:  0.0, Max: 0, Diff: 0, Sum: 0, Workers: 4
[2791.758s][debug][gc,phases      ] GC(122)   Weak JFR Old Object Samples    Min:  0.0, Avg:  0.0, Max:  0.0, Diff:  0.0, Sum:  0.0, Workers: 4
[2791.758s][debug][gc,phases      ] GC(122)     Dead                           Min: 0, Avg:  0.0, Max: 0, Diff: 0, Sum: 0, Workers: 4
[2791.758s][debug][gc,phases      ] GC(122)     Total                          Min: 0, Avg:  0.0, Max: 0, Diff: 0, Sum: 0, Workers: 4
[2791.758s][debug][gc,phases      ] GC(122) Weak Processing 0.308ms
[2791.758s][debug][gc,age         ] GC(122) Desired survivor size 5767168 bytes, new threshold 15 (max threshold 15)
[2791.758s][info ][gc,heap        ] GC(122) PSYoungGen: 2086112K(2091008K)->1344K(2091008K) Eden: 2084864K(2084864K)->0K(2084864K) From: 1248K(6144K)->1344K(6144K)
[2791.758s][info ][gc,heap        ] GC(122) ParOldGen: 343798K(446976K)->343830K(446976K)
[2791.758s][info ][gc,metaspace   ] GC(122) Metaspace: 79323K(80192K)->79323K(80192K) NonClass: 68012K(68480K)->68012K(68480K) Class: 11311K(11712K)->11311K(11712K)
[2791.758s][info ][gc             ] GC(122) Pause Young (Allocation Failure) 2372M->337M(2478M) 3.617ms
[2791.758s][info ][gc,cpu         ] GC(122) User=0.01s Sys=0.00s Real=0.00s
[2791.758s][info ][safepoint      ] Safepoint "ParallelGCFailedAllocation", Time since last: 5359417395 ns, Reaching safepoint: 104701 ns, At safepoint: 3685018 ns, Total: 3789719 ns
[2816.465s][info ][gc,start       ] GC(123) Pause Young (Allocation Failure)
[2816.468s][debug][gc,phases      ] GC(123) Scavenge 3.166ms
[2816.468s][debug][gc,ref         ] GC(123) Skipped phase 1 of Reference Processing: no references
[2816.468s][debug][gc,ref         ] GC(123) ReferenceProcessor::execute queues: 1, RefProcThreadModel::Single, marks_oops_alive: false
[2816.468s][debug][gc,ref         ] GC(123) Skipped phase 3 of Reference Processing: no references
[2816.468s][debug][gc,ref         ] GC(123) ReferenceProcessor::execute queues: 1, RefProcThreadModel::Single, marks_oops_alive: false
[2816.468s][debug][gc,phases      ] GC(123) Reference Processing 0.097ms
[2816.468s][debug][gc,phases      ] GC(123)   VM Weak                        Min:  0.0, Avg:  0.0, Max:  0.0, Diff:  0.0, Sum:  0.0, Workers: 4
[2816.468s][debug][gc,phases      ] GC(123)     Dead                           Min: 0, Avg:  0.0, Max: 0, Diff: 0, Sum: 0, Workers: 4
[2816.468s][debug][gc,phases      ] GC(123)     Total                          Min: 0, Avg: 183.5, Max: 734, Diff: 734, Sum: 734, Workers: 4
[2816.468s][debug][gc,phases      ] GC(123)   ObjectSynchronizer Weak        Min:  0.0, Avg:  0.0, Max:  0.0, Diff:  0.0, Sum:  0.0, Workers: 4
[2816.468s][debug][gc,phases      ] GC(123)     Dead                           Min: 0, Avg:  0.0, Max: 0, Diff: 0, Sum: 0, Workers: 4
[2816.468s][debug][gc,phases      ] GC(123)     Total                          Min: 0, Avg:  8.0, Max: 32, Diff: 32, Sum: 32, Workers: 4
[2816.468s][debug][gc,phases      ] GC(123)   JVMTI Tag Weak OopStorage      Min:  0.0, Avg:  0.0, Max:  0.0, Diff:  0.0, Sum:  0.0, Workers: 4
[2816.468s][debug][gc,phases      ] GC(123)     Dead                           Min: 0, Avg:  0.0, Max: 0, Diff: 0, Sum: 0, Workers: 4
[2816.468s][debug][gc,phases      ] GC(123)     Total                          Min: 0, Avg:  0.0, Max: 0, Diff: 0, Sum: 0, Workers: 4
[2816.468s][debug][gc,phases      ] GC(123)   StringTable Weak               Min:  0.0, Avg:  0.1, Max:  0.1, Diff:  0.1, Sum:  0.3, Workers: 4
[2816.468s][debug][gc,phases      ] GC(123)     Dead                           Min: 0, Avg:  0.0, Max: 0, Diff: 0, Sum: 0, Workers: 4
[2816.468s][debug][gc,phases      ] GC(123)     Total                          Min: 0, Avg: 10796.0, Max: 16767, Diff: 16767, Sum: 43184, Workers: 4
[2816.468s][debug][gc,phases      ] GC(123)   ResolvedMethodTable Weak       Min:  0.0, Avg:  0.0, Max:  0.0, Diff:  0.0, Sum:  0.1, Workers: 4
[2816.468s][debug][gc,phases      ] GC(123)     Dead                           Min: 0, Avg:  0.0, Max: 0, Diff: 0, Sum: 0, Workers: 4
[2816.468s][debug][gc,phases      ] GC(123)     Total                          Min: 0, Avg: 2157.2, Max: 3520, Diff: 3520, Sum: 8629, Workers: 4
[2816.468s][debug][gc,phases      ] GC(123)   JNI Weak                       Min:  0.0, Avg:  0.0, Max:  0.0, Diff:  0.0, Sum:  0.0, Workers: 4
[2816.468s][debug][gc,phases      ] GC(123)     Dead                           Min: 0, Avg:  0.0, Max: 0, Diff: 0, Sum: 0, Workers: 4
[2816.468s][debug][gc,phases      ] GC(123)     Total                          Min: 0, Avg: 11.2, Max: 45, Diff: 45, Sum: 45, Workers: 4
[2816.468s][debug][gc,phases      ] GC(123)   StringDedup Table Weak         Min:  0.0, Avg:  0.0, Max:  0.0, Diff:  0.0, Sum:  0.0, Workers: 4
[2816.468s][debug][gc,phases      ] GC(123)     Dead                           Min: 0, Avg:  0.0, Max: 0, Diff: 0, Sum: 0, Workers: 4
[2816.468s][debug][gc,phases      ] GC(123)     Total                          Min: 0, Avg:  0.0, Max: 0, Diff: 0, Sum: 0, Workers: 4
[2816.468s][debug][gc,phases      ] GC(123)   StringDedup Requests0 Weak     Min:  0.0, Avg:  0.0, Max:  0.0, Diff:  0.0, Sum:  0.0, Workers: 4
[2816.468s][debug][gc,phases      ] GC(123)     Dead                           Min: 0, Avg:  0.0, Max: 0, Diff: 0, Sum: 0, Workers: 4
[2816.468s][debug][gc,phases      ] GC(123)     Total                          Min: 0, Avg:  0.0, Max: 0, Diff: 0, Sum: 0, Workers: 4
[2816.468s][debug][gc,phases      ] GC(123)   StringDedup Requests1 Weak     Min:  0.0, Avg:  0.0, Max:  0.0, Diff:  0.0, Sum:  0.0, Workers: 4
[2816.468s][debug][gc,phases      ] GC(123)     Dead                           Min: 0, Avg:  0.0, Max: 0, Diff: 0, Sum: 0, Workers: 4
[2816.468s][debug][gc,phases      ] GC(123)     Total                          Min: 0, Avg:  0.0, Max: 0, Diff: 0, Sum: 0, Workers: 4
[2816.468s][debug][gc,phases      ] GC(123)   Weak JFR Old Object Samples    Min:  0.0, Avg:  0.0, Max:  0.0, Diff:  0.0, Sum:  0.0, Workers: 4
[2816.468s][debug][gc,phases      ] GC(123)     Dead                           Min: 0, Avg:  0.0, Max: 0, Diff: 0, Sum: 0, Workers: 4
[2816.468s][debug][gc,phases      ] GC(123)     Total                          Min: 0, Avg:  0.0, Max: 0, Diff: 0, Sum: 0, Workers: 4
[2816.468s][debug][gc,phases      ] GC(123) Weak Processing 0.307ms
[2816.468s][debug][gc,age         ] GC(123) Desired survivor size 5242880 bytes, new threshold 15 (max threshold 15)
[2816.468s][info ][gc,heap        ] GC(123) PSYoungGen: 2086208K(2091008K)->1216K(2092032K) Eden: 2084864K(2084864K)->0K(2086400K) From: 1344K(6144K)->1216K(5632K)
[2816.468s][info ][gc,heap        ] GC(123) ParOldGen: 343830K(446976K)->343862K(446976K)
[2816.468s][info ][gc,metaspace   ] GC(123) Metaspace: 79326K(80192K)->79326K(80192K) NonClass: 68014K(68480K)->68014K(68480K) Class: 11311K(11712K)->11311K(11712K)
[2816.468s][info ][gc             ] GC(123) Pause Young (Allocation Failure) 2373M->336M(2479M) 3.657ms
[2816.468s][info ][gc,cpu         ] GC(123) User=0.01s Sys=0.00s Real=0.00s
[2816.468s][info ][safepoint      ] Safepoint "ParallelGCFailedAllocation", Time since last: 24706564558 ns, Reaching safepoint: 32001 ns, At safepoint: 3721118 ns, Total: 3753119 ns
[2841.914s][info ][gc,start       ] GC(124) Pause Young (Allocation Failure)
[2841.916s][debug][gc,phases      ] GC(124) Scavenge 1.979ms
[2841.916s][debug][gc,ref         ] GC(124) Skipped phase 1 of Reference Processing: no references
[2841.916s][debug][gc,ref         ] GC(124) ReferenceProcessor::execute queues: 1, RefProcThreadModel::Single, marks_oops_alive: false
[2841.916s][debug][gc,ref         ] GC(124) Skipped phase 3 of Reference Processing: no references
[2841.916s][debug][gc,ref         ] GC(124) ReferenceProcessor::execute queues: 1, RefProcThreadModel::Single, marks_oops_alive: false
[2841.916s][debug][gc,phases      ] GC(124) Reference Processing 0.088ms
[2841.916s][debug][gc,phases      ] GC(124)   VM Weak                        Min:  0.0, Avg:  0.0, Max:  0.0, Diff:  0.0, Sum:  0.0, Workers: 4
[2841.916s][debug][gc,phases      ] GC(124)     Dead                           Min: 0, Avg:  0.0, Max: 0, Diff: 0, Sum: 0, Workers: 4
[2841.916s][debug][gc,phases      ] GC(124)     Total                          Min: 0, Avg: 183.5, Max: 670, Diff: 670, Sum: 734, Workers: 4
[2841.916s][debug][gc,phases      ] GC(124)   ObjectSynchronizer Weak        Min:  0.0, Avg:  0.0, Max:  0.0, Diff:  0.0, Sum:  0.0, Workers: 4
[2841.916s][debug][gc,phases      ] GC(124)     Dead                           Min: 0, Avg:  0.0, Max: 0, Diff: 0, Sum: 0, Workers: 4
[2841.916s][debug][gc,phases      ] GC(124)     Total                          Min: 0, Avg:  8.0, Max: 32, Diff: 32, Sum: 32, Workers: 4
[2841.916s][debug][gc,phases      ] GC(124)   JVMTI Tag Weak OopStorage      Min:  0.0, Avg:  0.0, Max:  0.0, Diff:  0.0, Sum:  0.0, Workers: 4
[2841.916s][debug][gc,phases      ] GC(124)     Dead                           Min: 0, Avg:  0.0, Max: 0, Diff: 0, Sum: 0, Workers: 4
[2841.916s][debug][gc,phases      ] GC(124)     Total                          Min: 0, Avg:  0.0, Max: 0, Diff: 0, Sum: 0, Workers: 4
[2841.916s][debug][gc,phases      ] GC(124)   StringTable Weak               Min:  0.1, Avg:  0.1, Max:  0.1, Diff:  0.0, Sum:  0.4, Workers: 4
[2841.916s][debug][gc,phases      ] GC(124)     Dead                           Min: 0, Avg:  0.0, Max: 0, Diff: 0, Sum: 0, Workers: 4
[2841.916s][debug][gc,phases      ] GC(124)     Total                          Min: 10048, Avg: 10796.0, Max: 11712, Diff: 1664, Sum: 43184, Workers: 4
[2841.916s][debug][gc,phases      ] GC(124)   ResolvedMethodTable Weak       Min:  0.0, Avg:  0.0, Max:  0.0, Diff:  0.0, Sum:  0.1, Workers: 4
[2841.916s][debug][gc,phases      ] GC(124)     Dead                           Min: 0, Avg:  0.0, Max: 0, Diff: 0, Sum: 0, Workers: 4
[2841.916s][debug][gc,phases      ] GC(124)     Total                          Min: 1280, Avg: 2157.2, Max: 2496, Diff: 1216, Sum: 8629, Workers: 4
[2841.916s][debug][gc,phases      ] GC(124)   JNI Weak                       Min:  0.0, Avg:  0.0, Max:  0.0, Diff:  0.0, Sum:  0.0, Workers: 4
[2841.916s][debug][gc,phases      ] GC(124)     Dead                           Min: 0, Avg:  0.0, Max: 0, Diff: 0, Sum: 0, Workers: 4
[2841.916s][debug][gc,phases      ] GC(124)     Total                          Min: 0, Avg: 11.2, Max: 45, Diff: 45, Sum: 45, Workers: 4
[2841.916s][debug][gc,phases      ] GC(124)   StringDedup Table Weak         Min:  0.0, Avg:  0.0, Max:  0.0, Diff:  0.0, Sum:  0.0, Workers: 4
[2841.916s][debug][gc,phases      ] GC(124)     Dead                           Min: 0, Avg:  0.0, Max: 0, Diff: 0, Sum: 0, Workers: 4
[2841.916s][debug][gc,phases      ] GC(124)     Total                          Min: 0, Avg:  0.0, Max: 0, Diff: 0, Sum: 0, Workers: 4
[2841.916s][debug][gc,phases      ] GC(124)   StringDedup Requests0 Weak     Min:  0.0, Avg:  0.0, Max:  0.0, Diff:  0.0, Sum:  0.0, Workers: 4
[2841.916s][debug][gc,phases      ] GC(124)     Dead                           Min: 0, Avg:  0.0, Max: 0, Diff: 0, Sum: 0, Workers: 4
[2841.916s][debug][gc,phases      ] GC(124)     Total                          Min: 0, Avg:  0.0, Max: 0, Diff: 0, Sum: 0, Workers: 4
[2841.916s][debug][gc,phases      ] GC(124)   StringDedup Requests1 Weak     Min:  0.0, Avg:  0.0, Max:  0.0, Diff:  0.0, Sum:  0.0, Workers: 4
[2841.916s][debug][gc,phases      ] GC(124)     Dead                           Min: 0, Avg:  0.0, Max: 0, Diff: 0, Sum: 0, Workers: 4
[2841.916s][debug][gc,phases      ] GC(124)     Total                          Min: 0, Avg:  0.0, Max: 0, Diff: 0, Sum: 0, Workers: 4
[2841.916s][debug][gc,phases      ] GC(124)   Weak JFR Old Object Samples    Min:  0.0, Avg:  0.0, Max:  0.0, Diff:  0.0, Sum:  0.0, Workers: 4
[2841.916s][debug][gc,phases      ] GC(124)     Dead                           Min: 0, Avg:  0.0, Max: 0, Diff: 0, Sum: 0, Workers: 4
[2841.916s][debug][gc,phases      ] GC(124)     Total                          Min: 0, Avg:  0.0, Max: 0, Diff: 0, Sum: 0, Workers: 4
[2841.916s][debug][gc,phases      ] GC(124) Weak Processing 0.292ms
[2841.916s][debug][gc,age         ] GC(124) Desired survivor size 5242880 bytes, new threshold 15 (max threshold 15)
[2841.916s][info ][gc,heap        ] GC(124) PSYoungGen: 2087616K(2092032K)->1184K(2091520K) Eden: 2086400K(2086400K)->0K(2086400K) From: 1216K(5632K)->1184K(5120K)
[2841.916s][info ][gc,heap        ] GC(124) ParOldGen: 343862K(446976K)->343894K(446976K)
[2841.916s][info ][gc,metaspace   ] GC(124) Metaspace: 79326K(80192K)->79326K(80192K) NonClass: 68014K(68480K)->68014K(68480K) Class: 11311K(11712K)->11311K(11712K)
[2841.916s][info ][gc             ] GC(124) Pause Young (Allocation Failure) 2374M->336M(2479M) 2.460ms
[2841.916s][info ][gc,cpu         ] GC(124) User=0.00s Sys=0.00s Real=0.00s
[2841.916s][info ][safepoint      ] Safepoint "ParallelGCFailedAllocation", Time since last: 25445034032 ns, Reaching safepoint: 100500 ns, At safepoint: 2556512 ns, Total: 2657012 ns
[2867.639s][info ][gc,start       ] GC(125) Pause Young (Allocation Failure)
[2867.642s][debug][gc,phases      ] GC(125) Scavenge 3.249ms
[2867.642s][debug][gc,ref         ] GC(125) Skipped phase 1 of Reference Processing: no references
[2867.643s][debug][gc,ref         ] GC(125) ReferenceProcessor::execute queues: 1, RefProcThreadModel::Single, marks_oops_alive: false
[2867.643s][debug][gc,ref         ] GC(125) Skipped phase 3 of Reference Processing: no references
[2867.643s][debug][gc,ref         ] GC(125) ReferenceProcessor::execute queues: 1, RefProcThreadModel::Single, marks_oops_alive: false
[2867.643s][debug][gc,phases      ] GC(125) Reference Processing 0.104ms
[2867.643s][debug][gc,phases      ] GC(125)   VM Weak                        Min:  0.0, Avg:  0.0, Max:  0.0, Diff:  0.0, Sum:  0.0, Workers: 4
[2867.643s][debug][gc,phases      ] GC(125)     Dead                           Min: 0, Avg:  0.0, Max: 0, Diff: 0, Sum: 0, Workers: 4
[2867.643s][debug][gc,phases      ] GC(125)     Total                          Min: 0, Avg: 183.5, Max: 384, Diff: 384, Sum: 734, Workers: 4
[2867.643s][debug][gc,phases      ] GC(125)   ObjectSynchronizer Weak        Min:  0.0, Avg:  0.0, Max:  0.0, Diff:  0.0, Sum:  0.0, Workers: 4
[2867.643s][debug][gc,phases      ] GC(125)     Dead                           Min: 0, Avg:  0.0, Max: 0, Diff: 0, Sum: 0, Workers: 4
[2867.643s][debug][gc,phases      ] GC(125)     Total                          Min: 0, Avg:  8.0, Max: 32, Diff: 32, Sum: 32, Workers: 4
[2867.643s][debug][gc,phases      ] GC(125)   JVMTI Tag Weak OopStorage      Min:  0.0, Avg:  0.0, Max:  0.0, Diff:  0.0, Sum:  0.0, Workers: 4
[2867.643s][debug][gc,phases      ] GC(125)     Dead                           Min: 0, Avg:  0.0, Max: 0, Diff: 0, Sum: 0, Workers: 4
[2867.643s][debug][gc,phases      ] GC(125)     Total                          Min: 0, Avg:  0.0, Max: 0, Diff: 0, Sum: 0, Workers: 4
[2867.643s][debug][gc,phases      ] GC(125)   StringTable Weak               Min:  0.0, Avg:  0.1, Max:  0.1, Diff:  0.1, Sum:  0.4, Workers: 4
[2867.643s][debug][gc,phases      ] GC(125)     Dead                           Min: 0, Avg:  0.0, Max: 0, Diff: 0, Sum: 0, Workers: 4
[2867.643s][debug][gc,phases      ] GC(125)     Total                          Min: 0, Avg: 10796.0, Max: 17792, Diff: 17792, Sum: 43184, Workers: 4
[2867.643s][debug][gc,phases      ] GC(125)   ResolvedMethodTable Weak       Min:  0.0, Avg:  0.0, Max:  0.0, Diff:  0.0, Sum:  0.1, Workers: 4
[2867.643s][debug][gc,phases      ] GC(125)     Dead                           Min: 0, Avg:  0.0, Max: 0, Diff: 0, Sum: 0, Workers: 4
[2867.643s][debug][gc,phases      ] GC(125)     Total                          Min: 0, Avg: 2157.2, Max: 3776, Diff: 3776, Sum: 8629, Workers: 4
[2867.643s][debug][gc,phases      ] GC(125)   JNI Weak                       Min:  0.0, Avg:  0.0, Max:  0.0, Diff:  0.0, Sum:  0.0, Workers: 4
[2867.643s][debug][gc,phases      ] GC(125)     Dead                           Min: 0, Avg:  0.0, Max: 0, Diff: 0, Sum: 0, Workers: 4
[2867.643s][debug][gc,phases      ] GC(125)     Total                          Min: 0, Avg: 11.2, Max: 45, Diff: 45, Sum: 45, Workers: 4
[2867.643s][debug][gc,phases      ] GC(125)   StringDedup Table Weak         Min:  0.0, Avg:  0.0, Max:  0.0, Diff:  0.0, Sum:  0.0, Workers: 4
[2867.643s][debug][gc,phases      ] GC(125)     Dead                           Min: 0, Avg:  0.0, Max: 0, Diff: 0, Sum: 0, Workers: 4
[2867.643s][debug][gc,phases      ] GC(125)     Total                          Min: 0, Avg:  0.0, Max: 0, Diff: 0, Sum: 0, Workers: 4
[2867.643s][debug][gc,phases      ] GC(125)   StringDedup Requests0 Weak     Min:  0.0, Avg:  0.0, Max:  0.0, Diff:  0.0, Sum:  0.0, Workers: 4
[2867.643s][debug][gc,phases      ] GC(125)     Dead                           Min: 0, Avg:  0.0, Max: 0, Diff: 0, Sum: 0, Workers: 4
[2867.643s][debug][gc,phases      ] GC(125)     Total                          Min: 0, Avg:  0.0, Max: 0, Diff: 0, Sum: 0, Workers: 4
[2867.643s][debug][gc,phases      ] GC(125)   StringDedup Requests1 Weak     Min:  0.0, Avg:  0.0, Max:  0.0, Diff:  0.0, Sum:  0.0, Workers: 4
[2867.643s][debug][gc,phases      ] GC(125)     Dead                           Min: 0, Avg:  0.0, Max: 0, Diff: 0, Sum: 0, Workers: 4
[2867.643s][debug][gc,phases      ] GC(125)     Total                          Min: 0, Avg:  0.0, Max: 0, Diff: 0, Sum: 0, Workers: 4
[2867.643s][debug][gc,phases      ] GC(125)   Weak JFR Old Object Samples    Min:  0.0, Avg:  0.0, Max:  0.0, Diff:  0.0, Sum:  0.0, Workers: 4
[2867.643s][debug][gc,phases      ] GC(125)     Dead                           Min: 0, Avg:  0.0, Max: 0, Diff: 0, Sum: 0, Workers: 4
[2867.643s][debug][gc,phases      ] GC(125)     Total                          Min: 0, Avg:  0.0, Max: 0, Diff: 0, Sum: 0, Workers: 4
[2867.643s][debug][gc,phases      ] GC(125) Weak Processing 0.311ms
[2867.643s][debug][gc,age         ] GC(125) Desired survivor size 4718592 bytes, new threshold 15 (max threshold 15)
[2867.643s][info ][gc,heap        ] GC(125) PSYoungGen: 2087584K(2091520K)->1248K(2092544K) Eden: 2086400K(2086400K)->0K(2087424K) From: 1184K(5120K)->1248K(5120K)
[2867.643s][info ][gc,heap        ] GC(125) ParOldGen: 343894K(446976K)->343918K(446976K)
[2867.643s][info ][gc,metaspace   ] GC(125) Metaspace: 79326K(80192K)->79326K(80192K) NonClass: 68014K(68480K)->68014K(68480K) Class: 11311K(11712K)->11311K(11712K)
[2867.643s][info ][gc             ] GC(125) Pause Young (Allocation Failure) 2374M->337M(2480M) 3.759ms
[2867.643s][info ][gc,cpu         ] GC(125) User=0.00s Sys=0.01s Real=0.01s
[2867.643s][info ][safepoint      ] Safepoint "ParallelGCFailedAllocation", Time since last: 25722956643 ns, Reaching safepoint: 52101 ns, At safepoint: 3823819 ns, Total: 3875920 ns
[2885.644s][info ][safepoint      ] Safepoint "Cleanup", Time since last: 18001103516 ns, Reaching safepoint: 39700 ns, At safepoint: 4300 ns, Total: 44000 ns
[2893.191s][info ][gc,start       ] GC(126) Pause Young (Allocation Failure)
[2893.193s][debug][gc,phases      ] GC(126) Scavenge 1.538ms
[2893.193s][debug][gc,ref         ] GC(126) Skipped phase 1 of Reference Processing: no references
[2893.193s][debug][gc,ref         ] GC(126) ReferenceProcessor::execute queues: 1, RefProcThreadModel::Single, marks_oops_alive: false
[2893.193s][debug][gc,ref         ] GC(126) Skipped phase 3 of Reference Processing: no references
[2893.193s][debug][gc,ref         ] GC(126) ReferenceProcessor::execute queues: 1, RefProcThreadModel::Single, marks_oops_alive: false
[2893.193s][debug][gc,phases      ] GC(126) Reference Processing 0.092ms
[2893.193s][debug][gc,phases      ] GC(126)   VM Weak                        Min:  0.0, Avg:  0.0, Max:  0.0, Diff:  0.0, Sum:  0.0, Workers: 4
[2893.193s][debug][gc,phases      ] GC(126)     Dead                           Min: 0, Avg:  0.0, Max: 0, Diff: 0, Sum: 0, Workers: 4
[2893.193s][debug][gc,phases      ] GC(126)     Total                          Min: 0, Avg: 183.5, Max: 286, Diff: 286, Sum: 734, Workers: 4
[2893.193s][debug][gc,phases      ] GC(126)   ObjectSynchronizer Weak        Min:  0.0, Avg:  0.0, Max:  0.0, Diff:  0.0, Sum:  0.0, Workers: 4
[2893.193s][debug][gc,phases      ] GC(126)     Dead                           Min: 0, Avg:  0.0, Max: 0, Diff: 0, Sum: 0, Workers: 4
[2893.193s][debug][gc,phases      ] GC(126)     Total                          Min: 0, Avg:  8.0, Max: 32, Diff: 32, Sum: 32, Workers: 4
[2893.193s][debug][gc,phases      ] GC(126)   JVMTI Tag Weak OopStorage      Min:  0.0, Avg:  0.0, Max:  0.0, Diff:  0.0, Sum:  0.0, Workers: 4
[2893.193s][debug][gc,phases      ] GC(126)     Dead                           Min: 0, Avg:  0.0, Max: 0, Diff: 0, Sum: 0, Workers: 4
[2893.193s][debug][gc,phases      ] GC(126)     Total                          Min: 0, Avg:  0.0, Max: 0, Diff: 0, Sum: 0, Workers: 4
[2893.193s][debug][gc,phases      ] GC(126)   StringTable Weak               Min:  0.0, Avg:  0.1, Max:  0.1, Diff:  0.1, Sum:  0.3, Workers: 4
[2893.193s][debug][gc,phases      ] GC(126)     Dead                           Min: 0, Avg:  0.0, Max: 0, Diff: 0, Sum: 0, Workers: 4
[2893.193s][debug][gc,phases      ] GC(126)     Total                          Min: 0, Avg: 10796.5, Max: 18495, Diff: 18495, Sum: 43186, Workers: 4
[2893.193s][debug][gc,phases      ] GC(126)   ResolvedMethodTable Weak       Min:  0.0, Avg:  0.0, Max:  0.0, Diff:  0.0, Sum:  0.1, Workers: 4
[2893.193s][debug][gc,phases      ] GC(126)     Dead                           Min: 0, Avg:  0.0, Max: 0, Diff: 0, Sum: 0, Workers: 4
[2893.193s][debug][gc,phases      ] GC(126)     Total                          Min: 0, Avg: 2157.2, Max: 3776, Diff: 3776, Sum: 8629, Workers: 4
[2893.193s][debug][gc,phases      ] GC(126)   JNI Weak                       Min:  0.0, Avg:  0.0, Max:  0.0, Diff:  0.0, Sum:  0.0, Workers: 4
[2893.193s][debug][gc,phases      ] GC(126)     Dead                           Min: 0, Avg:  0.0, Max: 0, Diff: 0, Sum: 0, Workers: 4
[2893.193s][debug][gc,phases      ] GC(126)     Total                          Min: 0, Avg: 11.2, Max: 45, Diff: 45, Sum: 45, Workers: 4
[2893.193s][debug][gc,phases      ] GC(126)   StringDedup Table Weak         Min:  0.0, Avg:  0.0, Max:  0.0, Diff:  0.0, Sum:  0.0, Workers: 4
[2893.193s][debug][gc,phases      ] GC(126)     Dead                           Min: 0, Avg:  0.0, Max: 0, Diff: 0, Sum: 0, Workers: 4
[2893.193s][debug][gc,phases      ] GC(126)     Total                          Min: 0, Avg:  0.0, Max: 0, Diff: 0, Sum: 0, Workers: 4
[2893.193s][debug][gc,phases      ] GC(126)   StringDedup Requests0 Weak     Min:  0.0, Avg:  0.0, Max:  0.0, Diff:  0.0, Sum:  0.0, Workers: 4
[2893.193s][debug][gc,phases      ] GC(126)     Dead                           Min: 0, Avg:  0.0, Max: 0, Diff: 0, Sum: 0, Workers: 4
[2893.193s][debug][gc,phases      ] GC(126)     Total                          Min: 0, Avg:  0.0, Max: 0, Diff: 0, Sum: 0, Workers: 4
[2893.193s][debug][gc,phases      ] GC(126)   StringDedup Requests1 Weak     Min:  0.0, Avg:  0.0, Max:  0.0, Diff:  0.0, Sum:  0.0, Workers: 4
[2893.193s][debug][gc,phases      ] GC(126)     Dead                           Min: 0, Avg:  0.0, Max: 0, Diff: 0, Sum: 0, Workers: 4
[2893.193s][debug][gc,phases      ] GC(126)     Total                          Min: 0, Avg:  0.0, Max: 0, Diff: 0, Sum: 0, Workers: 4
[2893.193s][debug][gc,phases      ] GC(126)   Weak JFR Old Object Samples    Min:  0.0, Avg:  0.0, Max:  0.0, Diff:  0.0, Sum:  0.0, Workers: 4
[2893.193s][debug][gc,phases      ] GC(126)     Dead                           Min: 0, Avg:  0.0, Max: 0, Diff: 0, Sum: 0, Workers: 4
[2893.193s][debug][gc,phases      ] GC(126)     Total                          Min: 0, Avg:  0.0, Max: 0, Diff: 0, Sum: 0, Workers: 4
[2893.193s][debug][gc,phases      ] GC(126) Weak Processing 0.296ms
[2893.193s][debug][gc,age         ] GC(126) Desired survivor size 4718592 bytes, new threshold 15 (max threshold 15)
[2893.193s][info ][gc,heap        ] GC(126) PSYoungGen: 2088672K(2092544K)->1152K(2092032K) Eden: 2087424K(2087424K)->0K(2087424K) From: 1248K(5120K)->1152K(4608K)
[2893.193s][info ][gc,heap        ] GC(126) ParOldGen: 343918K(446976K)->343934K(446976K)
[2893.193s][info ][gc,metaspace   ] GC(126) Metaspace: 79327K(80192K)->79327K(80192K) NonClass: 68015K(68480K)->68015K(68480K) Class: 11311K(11712K)->11311K(11712K)
[2893.193s][info ][gc             ] GC(126) Pause Young (Allocation Failure) 2375M->336M(2479M) 2.019ms
[2893.193s][info ][gc,cpu         ] GC(126) User=0.01s Sys=0.00s Real=0.00s
[2893.193s][info ][safepoint      ] Safepoint "ParallelGCFailedAllocation", Time since last: 7547285725 ns, Reaching safepoint: 46700 ns, At safepoint: 2077111 ns, Total: 2123811 ns
[2918.590s][info ][gc,start       ] GC(127) Pause Young (Allocation Failure)
[2918.593s][debug][gc,phases      ] GC(127) Scavenge 2.936ms
[2918.593s][debug][gc,ref         ] GC(127) Skipped phase 1 of Reference Processing: no references
[2918.593s][debug][gc,ref         ] GC(127) ReferenceProcessor::execute queues: 1, RefProcThreadModel::Single, marks_oops_alive: false
[2918.593s][debug][gc,ref         ] GC(127) Skipped phase 3 of Reference Processing: no references
[2918.593s][debug][gc,ref         ] GC(127) ReferenceProcessor::execute queues: 1, RefProcThreadModel::Single, marks_oops_alive: false
[2918.593s][debug][gc,phases      ] GC(127) Reference Processing 0.091ms
[2918.593s][debug][gc,phases      ] GC(127)   VM Weak                        Min:  0.0, Avg:  0.0, Max:  0.0, Diff:  0.0, Sum:  0.0, Workers: 4
[2918.593s][debug][gc,phases      ] GC(127)     Dead                           Min: 0, Avg:  0.0, Max: 0, Diff: 0, Sum: 0, Workers: 4
[2918.593s][debug][gc,phases      ] GC(127)     Total                          Min: 0, Avg: 183.5, Max: 286, Diff: 286, Sum: 734, Workers: 4
[2918.593s][debug][gc,phases      ] GC(127)   ObjectSynchronizer Weak        Min:  0.0, Avg:  0.0, Max:  0.0, Diff:  0.0, Sum:  0.0, Workers: 4
[2918.593s][debug][gc,phases      ] GC(127)     Dead                           Min: 0, Avg:  0.0, Max: 0, Diff: 0, Sum: 0, Workers: 4
[2918.593s][debug][gc,phases      ] GC(127)     Total                          Min: 0, Avg:  8.0, Max: 32, Diff: 32, Sum: 32, Workers: 4
[2918.593s][debug][gc,phases      ] GC(127)   JVMTI Tag Weak OopStorage      Min:  0.0, Avg:  0.0, Max:  0.0, Diff:  0.0, Sum:  0.0, Workers: 4
[2918.593s][debug][gc,phases      ] GC(127)     Dead                           Min: 0, Avg:  0.0, Max: 0, Diff: 0, Sum: 0, Workers: 4
[2918.593s][debug][gc,phases      ] GC(127)     Total                          Min: 0, Avg:  0.0, Max: 0, Diff: 0, Sum: 0, Workers: 4
[2918.593s][debug][gc,phases      ] GC(127)   StringTable Weak               Min:  0.0, Avg:  0.1, Max:  0.1, Diff:  0.1, Sum:  0.4, Workers: 4
[2918.593s][debug][gc,phases      ] GC(127)     Dead                           Min: 0, Avg:  0.0, Max: 0, Diff: 0, Sum: 0, Workers: 4
[2918.593s][debug][gc,phases      ] GC(127)     Total                          Min: 0, Avg: 10796.8, Max: 18367, Diff: 18367, Sum: 43187, Workers: 4
[2918.593s][debug][gc,phases      ] GC(127)   ResolvedMethodTable Weak       Min:  0.0, Avg:  0.0, Max:  0.0, Diff:  0.0, Sum:  0.1, Workers: 4
[2918.593s][debug][gc,phases      ] GC(127)     Dead                           Min: 0, Avg:  0.0, Max: 0, Diff: 0, Sum: 0, Workers: 4
[2918.593s][debug][gc,phases      ] GC(127)     Total                          Min: 0, Avg: 2157.2, Max: 3776, Diff: 3776, Sum: 8629, Workers: 4
[2918.593s][debug][gc,phases      ] GC(127)   JNI Weak                       Min:  0.0, Avg:  0.0, Max:  0.0, Diff:  0.0, Sum:  0.0, Workers: 4
[2918.593s][debug][gc,phases      ] GC(127)     Dead                           Min: 0, Avg:  0.0, Max: 0, Diff: 0, Sum: 0, Workers: 4
[2918.593s][debug][gc,phases      ] GC(127)     Total                          Min: 0, Avg: 11.2, Max: 45, Diff: 45, Sum: 45, Workers: 4
[2918.593s][debug][gc,phases      ] GC(127)   StringDedup Table Weak         Min:  0.0, Avg:  0.0, Max:  0.0, Diff:  0.0, Sum:  0.0, Workers: 4
[2918.593s][debug][gc,phases      ] GC(127)     Dead                           Min: 0, Avg:  0.0, Max: 0, Diff: 0, Sum: 0, Workers: 4
[2918.593s][debug][gc,phases      ] GC(127)     Total                          Min: 0, Avg:  0.0, Max: 0, Diff: 0, Sum: 0, Workers: 4
[2918.593s][debug][gc,phases      ] GC(127)   StringDedup Requests0 Weak     Min:  0.0, Avg:  0.0, Max:  0.0, Diff:  0.0, Sum:  0.0, Workers: 4
[2918.593s][debug][gc,phases      ] GC(127)     Dead                           Min: 0, Avg:  0.0, Max: 0, Diff: 0, Sum: 0, Workers: 4
[2918.593s][debug][gc,phases      ] GC(127)     Total                          Min: 0, Avg:  0.0, Max: 0, Diff: 0, Sum: 0, Workers: 4
[2918.593s][debug][gc,phases      ] GC(127)   StringDedup Requests1 Weak     Min:  0.0, Avg:  0.0, Max:  0.0, Diff:  0.0, Sum:  0.0, Workers: 4
[2918.593s][debug][gc,phases      ] GC(127)     Dead                           Min: 0, Avg:  0.0, Max: 0, Diff: 0, Sum: 0, Workers: 4
[2918.594s][debug][gc,phases      ] GC(127)     Total                          Min: 0, Avg:  0.0, Max: 0, Diff: 0, Sum: 0, Workers: 4
[2918.594s][debug][gc,phases      ] GC(127)   Weak JFR Old Object Samples    Min:  0.0, Avg:  0.0, Max:  0.0, Diff:  0.0, Sum:  0.0, Workers: 4
[2918.594s][debug][gc,phases      ] GC(127)     Dead                           Min: 0, Avg:  0.0, Max: 0, Diff: 0, Sum: 0, Workers: 4
[2918.594s][debug][gc,phases      ] GC(127)     Total                          Min: 0, Avg:  0.0, Max: 0, Diff: 0, Sum: 0, Workers: 4
[2918.594s][debug][gc,phases      ] GC(127) Weak Processing 0.314ms
[2918.594s][debug][gc,age         ] GC(127) Desired survivor size 4194304 bytes, new threshold 15 (max threshold 15)
[2918.594s][info ][gc,heap        ] GC(127) PSYoungGen: 2088576K(2092032K)->1184K(2093056K) Eden: 2087424K(2087424K)->0K(2088448K) From: 1152K(4608K)->1184K(4608K)
[2918.594s][info ][gc,heap        ] GC(127) ParOldGen: 343934K(446976K)->343958K(446976K)
[2918.594s][info ][gc,metaspace   ] GC(127) Metaspace: 79329K(80192K)->79329K(80192K) NonClass: 68017K(68480K)->68017K(68480K) Class: 11311K(11712K)->11311K(11712K)
[2918.594s][info ][gc             ] GC(127) Pause Young (Allocation Failure) 2375M->337M(2480M) 3.439ms
[2918.594s][info ][gc,cpu         ] GC(127) User=0.01s Sys=0.00s Real=0.01s
[2918.594s][info ][safepoint      ] Safepoint "ParallelGCFailedAllocation", Time since last: 25396572923 ns, Reaching safepoint: 47500 ns, At safepoint: 3500317 ns, Total: 3547817 ns
[2944.241s][info ][gc,start       ] GC(128) Pause Young (Allocation Failure)
[2944.244s][debug][gc,phases      ] GC(128) Scavenge 2.681ms
[2944.244s][debug][gc,ref         ] GC(128) Skipped phase 1 of Reference Processing: no references
[2944.244s][debug][gc,ref         ] GC(128) ReferenceProcessor::execute queues: 1, RefProcThreadModel::Single, marks_oops_alive: false
[2944.244s][debug][gc,ref         ] GC(128) Skipped phase 3 of Reference Processing: no references
[2944.244s][debug][gc,ref         ] GC(128) ReferenceProcessor::execute queues: 1, RefProcThreadModel::Single, marks_oops_alive: false
[2944.244s][debug][gc,phases      ] GC(128) Reference Processing 0.092ms
[2944.244s][debug][gc,phases      ] GC(128)   VM Weak                        Min:  0.0, Avg:  0.0, Max:  0.0, Diff:  0.0, Sum:  0.0, Workers: 4
[2944.244s][debug][gc,phases      ] GC(128)     Dead                           Min: 0, Avg:  0.0, Max: 0, Diff: 0, Sum: 0, Workers: 4
[2944.244s][debug][gc,phases      ] GC(128)     Total                          Min: 0, Avg: 183.5, Max: 704, Diff: 704, Sum: 734, Workers: 4
[2944.244s][debug][gc,phases      ] GC(128)   ObjectSynchronizer Weak        Min:  0.0, Avg:  0.0, Max:  0.0, Diff:  0.0, Sum:  0.0, Workers: 4
[2944.244s][debug][gc,phases      ] GC(128)     Dead                           Min: 0, Avg:  0.0, Max: 0, Diff: 0, Sum: 0, Workers: 4
[2944.244s][debug][gc,phases      ] GC(128)     Total                          Min: 0, Avg:  8.0, Max: 32, Diff: 32, Sum: 32, Workers: 4
[2944.244s][debug][gc,phases      ] GC(128)   JVMTI Tag Weak OopStorage      Min:  0.0, Avg:  0.0, Max:  0.0, Diff:  0.0, Sum:  0.0, Workers: 4
[2944.244s][debug][gc,phases      ] GC(128)     Dead                           Min: 0, Avg:  0.0, Max: 0, Diff: 0, Sum: 0, Workers: 4
[2944.244s][debug][gc,phases      ] GC(128)     Total                          Min: 0, Avg:  0.0, Max: 0, Diff: 0, Sum: 0, Workers: 4
[2944.244s][debug][gc,phases      ] GC(128)   StringTable Weak               Min:  0.0, Avg:  0.1, Max:  0.1, Diff:  0.1, Sum:  0.3, Workers: 4
[2944.244s][debug][gc,phases      ] GC(128)     Dead                           Min: 0, Avg:  0.0, Max: 0, Diff: 0, Sum: 0, Workers: 4
[2944.244s][debug][gc,phases      ] GC(128)     Total                          Min: 0, Avg: 10796.8, Max: 16948, Diff: 16948, Sum: 43187, Workers: 4
[2944.244s][debug][gc,phases      ] GC(128)   ResolvedMethodTable Weak       Min:  0.0, Avg:  0.0, Max:  0.0, Diff:  0.0, Sum:  0.1, Workers: 4
[2944.244s][debug][gc,phases      ] GC(128)     Dead                           Min: 0, Avg:  0.0, Max: 0, Diff: 0, Sum: 0, Workers: 4
[2944.244s][debug][gc,phases      ] GC(128)     Total                          Min: 0, Avg: 2157.2, Max: 3637, Diff: 3637, Sum: 8629, Workers: 4
[2944.244s][debug][gc,phases      ] GC(128)   JNI Weak                       Min:  0.0, Avg:  0.0, Max:  0.0, Diff:  0.0, Sum:  0.0, Workers: 4
[2944.244s][debug][gc,phases      ] GC(128)     Dead                           Min: 0, Avg:  0.0, Max: 0, Diff: 0, Sum: 0, Workers: 4
[2944.244s][debug][gc,phases      ] GC(128)     Total                          Min: 0, Avg: 11.2, Max: 45, Diff: 45, Sum: 45, Workers: 4
[2944.244s][debug][gc,phases      ] GC(128)   StringDedup Table Weak         Min:  0.0, Avg:  0.0, Max:  0.0, Diff:  0.0, Sum:  0.0, Workers: 4
[2944.244s][debug][gc,phases      ] GC(128)     Dead                           Min: 0, Avg:  0.0, Max: 0, Diff: 0, Sum: 0, Workers: 4
[2944.244s][debug][gc,phases      ] GC(128)     Total                          Min: 0, Avg:  0.0, Max: 0, Diff: 0, Sum: 0, Workers: 4
[2944.244s][debug][gc,phases      ] GC(128)   StringDedup Requests0 Weak     Min:  0.0, Avg:  0.0, Max:  0.0, Diff:  0.0, Sum:  0.0, Workers: 4
[2944.244s][debug][gc,phases      ] GC(128)     Dead                           Min: 0, Avg:  0.0, Max: 0, Diff: 0, Sum: 0, Workers: 4
[2944.244s][debug][gc,phases      ] GC(128)     Total                          Min: 0, Avg:  0.0, Max: 0, Diff: 0, Sum: 0, Workers: 4
[2944.244s][debug][gc,phases      ] GC(128)   StringDedup Requests1 Weak     Min:  0.0, Avg:  0.0, Max:  0.0, Diff:  0.0, Sum:  0.0, Workers: 4
[2944.244s][debug][gc,phases      ] GC(128)     Dead                           Min: 0, Avg:  0.0, Max: 0, Diff: 0, Sum: 0, Workers: 4
[2944.244s][debug][gc,phases      ] GC(128)     Total                          Min: 0, Avg:  0.0, Max: 0, Diff: 0, Sum: 0, Workers: 4
[2944.244s][debug][gc,phases      ] GC(128)   Weak JFR Old Object Samples    Min:  0.0, Avg:  0.0, Max:  0.0, Diff:  0.0, Sum:  0.0, Workers: 4
[2944.244s][debug][gc,phases      ] GC(128)     Dead                           Min: 0, Avg:  0.0, Max: 0, Diff: 0, Sum: 0, Workers: 4
[2944.244s][debug][gc,phases      ] GC(128)     Total                          Min: 0, Avg:  0.0, Max: 0, Diff: 0, Sum: 0, Workers: 4
[2944.244s][debug][gc,phases      ] GC(128) Weak Processing 0.314ms
[2944.244s][debug][gc,age         ] GC(128) Desired survivor size 4194304 bytes, new threshold 15 (max threshold 15)
[2944.244s][info ][gc,heap        ] GC(128) PSYoungGen: 2089632K(2093056K)->1184K(2092544K) Eden: 2088448K(2088448K)->0K(2088448K) From: 1184K(4608K)->1184K(4096K)
[2944.244s][info ][gc,heap        ] GC(128) ParOldGen: 343958K(446976K)->343974K(446976K)
[2944.244s][info ][gc,metaspace   ] GC(128) Metaspace: 79344K(80192K)->79344K(80192K) NonClass: 68033K(68480K)->68033K(68480K) Class: 11311K(11712K)->11311K(11712K)
[2944.244s][info ][gc             ] GC(128) Pause Young (Allocation Failure) 2376M->337M(2480M) 3.215ms
[2944.244s][info ][gc,cpu         ] GC(128) User=0.01s Sys=0.00s Real=0.01s
[2944.244s][info ][safepoint      ] Safepoint "ParallelGCFailedAllocation", Time since last: 25647198411 ns, Reaching safepoint: 38000 ns, At safepoint: 3277917 ns, Total: 3315917 ns
[2947.244s][info ][safepoint      ] Safepoint "Cleanup", Time since last: 3000171920 ns, Reaching safepoint: 32000 ns, At safepoint: 4601 ns, Total: 36601 ns
[2958.245s][info ][safepoint      ] Safepoint "Cleanup", Time since last: 11000678322 ns, Reaching safepoint: 43700 ns, At safepoint: 2600 ns, Total: 46300 ns
[2959.245s][info ][safepoint      ] Safepoint "Cleanup", Time since last: 1000101457 ns, Reaching safepoint: 44601 ns, At safepoint: 4100 ns, Total: 48701 ns
[2969.166s][info ][gc,start       ] GC(129) Pause Young (Allocation Failure)
[2969.170s][debug][gc,phases      ] GC(129) Scavenge 3.578ms
[2969.170s][debug][gc,ref         ] GC(129) Skipped phase 1 of Reference Processing: no references
[2969.170s][debug][gc,ref         ] GC(129) ReferenceProcessor::execute queues: 1, RefProcThreadModel::Single, marks_oops_alive: false
[2969.170s][debug][gc,ref         ] GC(129) Skipped phase 3 of Reference Processing: no references
[2969.170s][debug][gc,ref         ] GC(129) ReferenceProcessor::execute queues: 1, RefProcThreadModel::Single, marks_oops_alive: false
[2969.170s][debug][gc,phases      ] GC(129) Reference Processing 0.100ms
[2969.170s][debug][gc,phases      ] GC(129)   VM Weak                        Min:  0.0, Avg:  0.0, Max:  0.0, Diff:  0.0, Sum:  0.0, Workers: 4
[2969.170s][debug][gc,phases      ] GC(129)     Dead                           Min: 0, Avg:  0.0, Max: 0, Diff: 0, Sum: 0, Workers: 4
[2969.170s][debug][gc,phases      ] GC(129)     Total                          Min: 0, Avg: 183.5, Max: 542, Diff: 542, Sum: 734, Workers: 4
[2969.170s][debug][gc,phases      ] GC(129)   ObjectSynchronizer Weak        Min:  0.0, Avg:  0.0, Max:  0.0, Diff:  0.0, Sum:  0.0, Workers: 4
[2969.170s][debug][gc,phases      ] GC(129)     Dead                           Min: 0, Avg:  0.0, Max: 0, Diff: 0, Sum: 0, Workers: 4
[2969.170s][debug][gc,phases      ] GC(129)     Total                          Min: 0, Avg:  8.0, Max: 32, Diff: 32, Sum: 32, Workers: 4
[2969.170s][debug][gc,phases      ] GC(129)   JVMTI Tag Weak OopStorage      Min:  0.0, Avg:  0.0, Max:  0.0, Diff:  0.0, Sum:  0.0, Workers: 4
[2969.170s][debug][gc,phases      ] GC(129)     Dead                           Min: 0, Avg:  0.0, Max: 0, Diff: 0, Sum: 0, Workers: 4
[2969.170s][debug][gc,phases      ] GC(129)     Total                          Min: 0, Avg:  0.0, Max: 0, Diff: 0, Sum: 0, Workers: 4
[2969.170s][debug][gc,phases      ] GC(129)   StringTable Weak               Min:  0.0, Avg:  0.1, Max:  0.1, Diff:  0.1, Sum:  0.3, Workers: 4
[2969.170s][debug][gc,phases      ] GC(129)     Dead                           Min: 0, Avg:  0.0, Max: 0, Diff: 0, Sum: 0, Workers: 4
[2969.170s][debug][gc,phases      ] GC(129)     Total                          Min: 0, Avg: 10797.2, Max: 17856, Diff: 17856, Sum: 43189, Workers: 4
[2969.170s][debug][gc,phases      ] GC(129)   ResolvedMethodTable Weak       Min:  0.0, Avg:  0.0, Max:  0.0, Diff:  0.0, Sum:  0.1, Workers: 4
[2969.170s][debug][gc,phases      ] GC(129)     Dead                           Min: 0, Avg:  0.0, Max: 0, Diff: 0, Sum: 0, Workers: 4
[2969.170s][debug][gc,phases      ] GC(129)     Total                          Min: 0, Avg: 2157.8, Max: 3703, Diff: 3703, Sum: 8631, Workers: 4
[2969.170s][debug][gc,phases      ] GC(129)   JNI Weak                       Min:  0.0, Avg:  0.0, Max:  0.0, Diff:  0.0, Sum:  0.0, Workers: 4
[2969.170s][debug][gc,phases      ] GC(129)     Dead                           Min: 0, Avg:  0.0, Max: 0, Diff: 0, Sum: 0, Workers: 4
[2969.170s][debug][gc,phases      ] GC(129)     Total                          Min: 0, Avg: 11.2, Max: 45, Diff: 45, Sum: 45, Workers: 4
[2969.170s][debug][gc,phases      ] GC(129)   StringDedup Table Weak         Min:  0.0, Avg:  0.0, Max:  0.0, Diff:  0.0, Sum:  0.0, Workers: 4
[2969.170s][debug][gc,phases      ] GC(129)     Dead                           Min: 0, Avg:  0.0, Max: 0, Diff: 0, Sum: 0, Workers: 4
[2969.170s][debug][gc,phases      ] GC(129)     Total                          Min: 0, Avg:  0.0, Max: 0, Diff: 0, Sum: 0, Workers: 4
[2969.170s][debug][gc,phases      ] GC(129)   StringDedup Requests0 Weak     Min:  0.0, Avg:  0.0, Max:  0.0, Diff:  0.0, Sum:  0.0, Workers: 4
[2969.170s][debug][gc,phases      ] GC(129)     Dead                           Min: 0, Avg:  0.0, Max: 0, Diff: 0, Sum: 0, Workers: 4
[2969.170s][debug][gc,phases      ] GC(129)     Total                          Min: 0, Avg:  0.0, Max: 0, Diff: 0, Sum: 0, Workers: 4
[2969.170s][debug][gc,phases      ] GC(129)   StringDedup Requests1 Weak     Min:  0.0, Avg:  0.0, Max:  0.0, Diff:  0.0, Sum:  0.0, Workers: 4
[2969.170s][debug][gc,phases      ] GC(129)     Dead                           Min: 0, Avg:  0.0, Max: 0, Diff: 0, Sum: 0, Workers: 4
[2969.170s][debug][gc,phases      ] GC(129)     Total                          Min: 0, Avg:  0.0, Max: 0, Diff: 0, Sum: 0, Workers: 4
[2969.170s][debug][gc,phases      ] GC(129)   Weak JFR Old Object Samples    Min:  0.0, Avg:  0.0, Max:  0.0, Diff:  0.0, Sum:  0.0, Workers: 4
[2969.170s][debug][gc,phases      ] GC(129)     Dead                           Min: 0, Avg:  0.0, Max: 0, Diff: 0, Sum: 0, Workers: 4
[2969.170s][debug][gc,phases      ] GC(129)     Total                          Min: 0, Avg:  0.0, Max: 0, Diff: 0, Sum: 0, Workers: 4
[2969.170s][debug][gc,phases      ] GC(129) Weak Processing 0.301ms
[2969.170s][debug][gc,age         ] GC(129) Desired survivor size 4194304 bytes, new threshold 15 (max threshold 15)
[2969.170s][info ][gc,heap        ] GC(129) PSYoungGen: 2089632K(2092544K)->1152K(2093056K) Eden: 2088448K(2088448K)->0K(2088960K) From: 1184K(4096K)->1152K(4096K)
[2969.170s][info ][gc,heap        ] GC(129) ParOldGen: 343974K(446976K)->344006K(446976K)
[2969.170s][info ][gc,metaspace   ] GC(129) Metaspace: 79347K(80192K)->79347K(80192K) NonClass: 68035K(68480K)->68035K(68480K) Class: 11312K(11712K)->11312K(11712K)
[2969.170s][info ][gc             ] GC(129) Pause Young (Allocation Failure) 2376M->337M(2480M) 4.087ms
[2969.170s][info ][gc,cpu         ] GC(129) User=0.01s Sys=0.00s Real=0.00s
[2969.170s][info ][safepoint      ] Safepoint "ParallelGCFailedAllocation", Time since last: 9920863944 ns, Reaching safepoint: 39400 ns, At safepoint: 4158021 ns, Total: 4197421 ns
[2970.170s][info ][safepoint      ] Safepoint "Cleanup", Time since last: 1000039762 ns, Reaching safepoint: 31000 ns, At safepoint: 2600 ns, Total: 33600 ns
[2976.171s][info ][safepoint      ] Safepoint "Cleanup", Time since last: 6000394397 ns, Reaching safepoint: 40700 ns, At safepoint: 4800 ns, Total: 45500 ns
[2978.171s][info ][safepoint      ] Safepoint "Cleanup", Time since last: 2000164518 ns, Reaching safepoint: 27500 ns, At safepoint: 2500 ns, Total: 30000 ns
[2982.171s][info ][safepoint      ] Safepoint "Cleanup", Time since last: 4000303937 ns, Reaching safepoint: 43100 ns, At safepoint: 7700 ns, Total: 50800 ns
[2983.171s][info ][safepoint      ] Safepoint "Cleanup", Time since last: 1000109649 ns, Reaching safepoint: 65700 ns, At safepoint: 4400 ns, Total: 70100 ns
[2994.462s][info ][gc,start       ] GC(130) Pause Young (Allocation Failure)
[2994.465s][debug][gc,phases      ] GC(130) Scavenge 3.189ms
[2994.465s][debug][gc,ref         ] GC(130) Skipped phase 1 of Reference Processing: no references
[2994.466s][debug][gc,ref         ] GC(130) ReferenceProcessor::execute queues: 1, RefProcThreadModel::Single, marks_oops_alive: false
[2994.466s][debug][gc,ref         ] GC(130) Skipped phase 3 of Reference Processing: no references
[2994.466s][debug][gc,ref         ] GC(130) ReferenceProcessor::execute queues: 1, RefProcThreadModel::Single, marks_oops_alive: false
[2994.466s][debug][gc,phases      ] GC(130) Reference Processing 0.082ms
[2994.466s][debug][gc,phases      ] GC(130)   VM Weak                        Min:  0.0, Avg:  0.0, Max:  0.0, Diff:  0.0, Sum:  0.0, Workers: 4
[2994.466s][debug][gc,phases      ] GC(130)     Dead                           Min: 0, Avg:  0.0, Max: 0, Diff: 0, Sum: 0, Workers: 4
[2994.466s][debug][gc,phases      ] GC(130)     Total                          Min: 0, Avg: 183.5, Max: 384, Diff: 384, Sum: 734, Workers: 4
[2994.466s][debug][gc,phases      ] GC(130)   ObjectSynchronizer Weak        Min:  0.0, Avg:  0.0, Max:  0.0, Diff:  0.0, Sum:  0.0, Workers: 4
[2994.466s][debug][gc,phases      ] GC(130)     Dead                           Min: 0, Avg:  0.0, Max: 0, Diff: 0, Sum: 0, Workers: 4
[2994.466s][debug][gc,phases      ] GC(130)     Total                          Min: 0, Avg:  8.0, Max: 32, Diff: 32, Sum: 32, Workers: 4
[2994.466s][debug][gc,phases      ] GC(130)   JVMTI Tag Weak OopStorage      Min:  0.0, Avg:  0.0, Max:  0.0, Diff:  0.0, Sum:  0.0, Workers: 4
[2994.466s][debug][gc,phases      ] GC(130)     Dead                           Min: 0, Avg:  0.0, Max: 0, Diff: 0, Sum: 0, Workers: 4
[2994.466s][debug][gc,phases      ] GC(130)     Total                          Min: 0, Avg:  0.0, Max: 0, Diff: 0, Sum: 0, Workers: 4
[2994.466s][debug][gc,phases      ] GC(130)   StringTable Weak               Min:  0.0, Avg:  0.1, Max:  0.1, Diff:  0.1, Sum:  0.3, Workers: 4
[2994.466s][debug][gc,phases      ] GC(130)     Dead                           Min: 0, Avg:  0.0, Max: 0, Diff: 0, Sum: 0, Workers: 4
[2994.466s][debug][gc,phases      ] GC(130)     Total                          Min: 0, Avg: 10797.2, Max: 17216, Diff: 17216, Sum: 43189, Workers: 4
[2994.466s][debug][gc,phases      ] GC(130)   ResolvedMethodTable Weak       Min:  0.0, Avg:  0.0, Max:  0.0, Diff:  0.0, Sum:  0.1, Workers: 4
[2994.466s][debug][gc,phases      ] GC(130)     Dead                           Min: 0, Avg:  0.0, Max: 0, Diff: 0, Sum: 0, Workers: 4
[2994.466s][debug][gc,phases      ] GC(130)     Total                          Min: 0, Avg: 2157.8, Max: 3831, Diff: 3831, Sum: 8631, Workers: 4
[2994.466s][debug][gc,phases      ] GC(130)   JNI Weak                       Min:  0.0, Avg:  0.0, Max:  0.0, Diff:  0.0, Sum:  0.0, Workers: 4
[2994.466s][debug][gc,phases      ] GC(130)     Dead                           Min: 0, Avg:  0.0, Max: 0, Diff: 0, Sum: 0, Workers: 4
[2994.466s][debug][gc,phases      ] GC(130)     Total                          Min: 0, Avg: 11.2, Max: 45, Diff: 45, Sum: 45, Workers: 4
[2994.466s][debug][gc,phases      ] GC(130)   StringDedup Table Weak         Min:  0.0, Avg:  0.0, Max:  0.0, Diff:  0.0, Sum:  0.0, Workers: 4
[2994.466s][debug][gc,phases      ] GC(130)     Dead                           Min: 0, Avg:  0.0, Max: 0, Diff: 0, Sum: 0, Workers: 4
[2994.466s][debug][gc,phases      ] GC(130)     Total                          Min: 0, Avg:  0.0, Max: 0, Diff: 0, Sum: 0, Workers: 4
[2994.466s][debug][gc,phases      ] GC(130)   StringDedup Requests0 Weak     Min:  0.0, Avg:  0.0, Max:  0.0, Diff:  0.0, Sum:  0.0, Workers: 4
[2994.466s][debug][gc,phases      ] GC(130)     Dead                           Min: 0, Avg:  0.0, Max: 0, Diff: 0, Sum: 0, Workers: 4
[2994.466s][debug][gc,phases      ] GC(130)     Total                          Min: 0, Avg:  0.0, Max: 0, Diff: 0, Sum: 0, Workers: 4
[2994.466s][debug][gc,phases      ] GC(130)   StringDedup Requests1 Weak     Min:  0.0, Avg:  0.0, Max:  0.0, Diff:  0.0, Sum:  0.0, Workers: 4
[2994.466s][debug][gc,phases      ] GC(130)     Dead                           Min: 0, Avg:  0.0, Max: 0, Diff: 0, Sum: 0, Workers: 4
[2994.466s][debug][gc,phases      ] GC(130)     Total                          Min: 0, Avg:  0.0, Max: 0, Diff: 0, Sum: 0, Workers: 4
[2994.466s][debug][gc,phases      ] GC(130)   Weak JFR Old Object Samples    Min:  0.0, Avg:  0.0, Max:  0.0, Diff:  0.0, Sum:  0.0, Workers: 4
[2994.466s][debug][gc,phases      ] GC(130)     Dead                           Min: 0, Avg:  0.0, Max: 0, Diff: 0, Sum: 0, Workers: 4
[2994.466s][debug][gc,phases      ] GC(130)     Total                          Min: 0, Avg:  0.0, Max: 0, Diff: 0, Sum: 0, Workers: 4
[2994.466s][debug][gc,phases      ] GC(130) Weak Processing 0.304ms
[2994.466s][debug][gc,age         ] GC(130) Desired survivor size 3670016 bytes, new threshold 15 (max threshold 15)
[2994.466s][info ][gc,heap        ] GC(130) PSYoungGen: 2090112K(2093056K)->1280K(2093056K) Eden: 2088960K(2088960K)->0K(2088960K) From: 1152K(4096K)->1280K(4096K)
[2994.466s][info ][gc,heap        ] GC(130) ParOldGen: 344006K(446976K)->344030K(446976K)
[2994.466s][info ][gc,metaspace   ] GC(130) Metaspace: 79349K(80192K)->79349K(80192K) NonClass: 68037K(68480K)->68037K(68480K) Class: 11312K(11712K)->11312K(11712K)
[2994.466s][info ][gc             ] GC(130) Pause Young (Allocation Failure) 2377M->337M(2480M) 3.659ms
[2994.466s][info ][gc,cpu         ] GC(130) User=0.01s Sys=0.00s Real=0.01s
[2994.466s][info ][safepoint      ] Safepoint "ParallelGCFailedAllocation", Time since last: 11290664453 ns, Reaching safepoint: 29600 ns, At safepoint: 3743919 ns, Total: 3773519 ns
[3009.467s][info ][safepoint      ] Safepoint "Cleanup", Time since last: 15000773407 ns, Reaching safepoint: 39800 ns, At safepoint: 2700 ns, Total: 42500 ns
[3011.467s][info ][safepoint      ] Safepoint "Cleanup", Time since last: 2000171190 ns, Reaching safepoint: 43000 ns, At safepoint: 2700 ns, Total: 45700 ns
[3019.491s][info ][gc,start       ] GC(131) Pause Young (Allocation Failure)
[3019.494s][debug][gc,phases      ] GC(131) Scavenge 3.514ms
[3019.494s][debug][gc,ref         ] GC(131) Skipped phase 1 of Reference Processing: no references
[3019.494s][debug][gc,ref         ] GC(131) ReferenceProcessor::execute queues: 1, RefProcThreadModel::Single, marks_oops_alive: false
[3019.494s][debug][gc,ref         ] GC(131) Skipped phase 3 of Reference Processing: no references
[3019.494s][debug][gc,ref         ] GC(131) ReferenceProcessor::execute queues: 1, RefProcThreadModel::Single, marks_oops_alive: false
[3019.494s][debug][gc,phases      ] GC(131) Reference Processing 0.089ms
[3019.494s][debug][gc,phases      ] GC(131)   VM Weak                        Min:  0.0, Avg:  0.0, Max:  0.0, Diff:  0.0, Sum:  0.0, Workers: 4
[3019.494s][debug][gc,phases      ] GC(131)     Dead                           Min: 0, Avg:  0.0, Max: 0, Diff: 0, Sum: 0, Workers: 4
[3019.494s][debug][gc,phases      ] GC(131)     Total                          Min: 0, Avg: 183.5, Max: 640, Diff: 640, Sum: 734, Workers: 4
[3019.494s][debug][gc,phases      ] GC(131)   ObjectSynchronizer Weak        Min:  0.0, Avg:  0.0, Max:  0.0, Diff:  0.0, Sum:  0.0, Workers: 4
[3019.494s][debug][gc,phases      ] GC(131)     Dead                           Min: 0, Avg:  0.0, Max: 0, Diff: 0, Sum: 0, Workers: 4
[3019.494s][debug][gc,phases      ] GC(131)     Total                          Min: 0, Avg:  8.0, Max: 32, Diff: 32, Sum: 32, Workers: 4
[3019.494s][debug][gc,phases      ] GC(131)   JVMTI Tag Weak OopStorage      Min:  0.0, Avg:  0.0, Max:  0.0, Diff:  0.0, Sum:  0.0, Workers: 4
[3019.494s][debug][gc,phases      ] GC(131)     Dead                           Min: 0, Avg:  0.0, Max: 0, Diff: 0, Sum: 0, Workers: 4
[3019.494s][debug][gc,phases      ] GC(131)     Total                          Min: 0, Avg:  0.0, Max: 0, Diff: 0, Sum: 0, Workers: 4
[3019.494s][debug][gc,phases      ] GC(131)   StringTable Weak               Min:  0.1, Avg:  0.1, Max:  0.1, Diff:  0.0, Sum:  0.4, Workers: 4
[3019.494s][debug][gc,phases      ] GC(131)     Dead                           Min: 0, Avg:  0.0, Max: 0, Diff: 0, Sum: 0, Workers: 4
[3019.494s][debug][gc,phases      ] GC(131)     Total                          Min: 9920, Avg: 10797.8, Max: 11391, Diff: 1471, Sum: 43191, Workers: 4
[3019.494s][debug][gc,phases      ] GC(131)   ResolvedMethodTable Weak       Min:  0.0, Avg:  0.0, Max:  0.0, Diff:  0.0, Sum:  0.1, Workers: 4
[3019.494s][debug][gc,phases      ] GC(131)     Dead                           Min: 0, Avg:  0.0, Max: 0, Diff: 0, Sum: 0, Workers: 4
[3019.494s][debug][gc,phases      ] GC(131)     Total                          Min: 2103, Avg: 2157.8, Max: 2240, Diff: 137, Sum: 8631, Workers: 4
[3019.494s][debug][gc,phases      ] GC(131)   JNI Weak                       Min:  0.0, Avg:  0.0, Max:  0.0, Diff:  0.0, Sum:  0.0, Workers: 4
[3019.494s][debug][gc,phases      ] GC(131)     Dead                           Min: 0, Avg:  0.0, Max: 0, Diff: 0, Sum: 0, Workers: 4
[3019.494s][debug][gc,phases      ] GC(131)     Total                          Min: 0, Avg: 11.2, Max: 45, Diff: 45, Sum: 45, Workers: 4
[3019.494s][debug][gc,phases      ] GC(131)   StringDedup Table Weak         Min:  0.0, Avg:  0.0, Max:  0.0, Diff:  0.0, Sum:  0.0, Workers: 4
[3019.494s][debug][gc,phases      ] GC(131)     Dead                           Min: 0, Avg:  0.0, Max: 0, Diff: 0, Sum: 0, Workers: 4
[3019.494s][debug][gc,phases      ] GC(131)     Total                          Min: 0, Avg:  0.0, Max: 0, Diff: 0, Sum: 0, Workers: 4
[3019.494s][debug][gc,phases      ] GC(131)   StringDedup Requests0 Weak     Min:  0.0, Avg:  0.0, Max:  0.0, Diff:  0.0, Sum:  0.0, Workers: 4
[3019.494s][debug][gc,phases      ] GC(131)     Dead                           Min: 0, Avg:  0.0, Max: 0, Diff: 0, Sum: 0, Workers: 4
[3019.494s][debug][gc,phases      ] GC(131)     Total                          Min: 0, Avg:  0.0, Max: 0, Diff: 0, Sum: 0, Workers: 4
[3019.494s][debug][gc,phases      ] GC(131)   StringDedup Requests1 Weak     Min:  0.0, Avg:  0.0, Max:  0.0, Diff:  0.0, Sum:  0.0, Workers: 4
[3019.494s][debug][gc,phases      ] GC(131)     Dead                           Min: 0, Avg:  0.0, Max: 0, Diff: 0, Sum: 0, Workers: 4
[3019.494s][debug][gc,phases      ] GC(131)     Total                          Min: 0, Avg:  0.0, Max: 0, Diff: 0, Sum: 0, Workers: 4
[3019.494s][debug][gc,phases      ] GC(131)   Weak JFR Old Object Samples    Min:  0.0, Avg:  0.0, Max:  0.0, Diff:  0.0, Sum:  0.0, Workers: 4
[3019.494s][debug][gc,phases      ] GC(131)     Dead                           Min: 0, Avg:  0.0, Max: 0, Diff: 0, Sum: 0, Workers: 4
[3019.494s][debug][gc,phases      ] GC(131)     Total                          Min: 0, Avg:  0.0, Max: 0, Diff: 0, Sum: 0, Workers: 4
[3019.494s][debug][gc,phases      ] GC(131) Weak Processing 0.312ms
[3019.495s][debug][gc,age         ] GC(131) Desired survivor size 3670016 bytes, new threshold 15 (max threshold 15)
[3019.495s][info ][gc,heap        ] GC(131) PSYoungGen: 2090240K(2093056K)->1344K(2093568K) Eden: 2088960K(2088960K)->0K(2089984K) From: 1280K(4096K)->1344K(3584K)
[3019.495s][info ][gc,heap        ] GC(131) ParOldGen: 344030K(446976K)->344094K(446976K)
[3019.495s][info ][gc,metaspace   ] GC(131) Metaspace: 79353K(80192K)->79353K(80192K) NonClass: 68041K(68480K)->68041K(68480K) Class: 11312K(11712K)->11312K(11712K)
[3019.495s][info ][gc             ] GC(131) Pause Young (Allocation Failure) 2377M->337M(2481M) 4.010ms
[3019.495s][info ][gc,cpu         ] GC(131) User=0.01s Sys=0.00s Real=0.00s
[3019.495s][info ][safepoint      ] Safepoint "ParallelGCFailedAllocation", Time since last: 8023489642 ns, Reaching safepoint: 44900 ns, At safepoint: 4074020 ns, Total: 4118920 ns
[3029.495s][info ][safepoint      ] Safepoint "Cleanup", Time since last: 10000575314 ns, Reaching safepoint: 38600 ns, At safepoint: 3000 ns, Total: 41600 ns
[3033.496s][info ][safepoint      ] Safepoint "Cleanup", Time since last: 4000310044 ns, Reaching safepoint: 34200 ns, At safepoint: 2700 ns, Total: 36900 ns
[3045.192s][info ][gc,start       ] GC(132) Pause Young (Allocation Failure)
[3045.193s][debug][gc,phases      ] GC(132) Scavenge 1.692ms
[3045.193s][debug][gc,ref         ] GC(132) Skipped phase 1 of Reference Processing: no references
[3045.193s][debug][gc,ref         ] GC(132) ReferenceProcessor::execute queues: 1, RefProcThreadModel::Single, marks_oops_alive: false
[3045.193s][debug][gc,ref         ] GC(132) Skipped phase 3 of Reference Processing: no references
[3045.193s][debug][gc,ref         ] GC(132) ReferenceProcessor::execute queues: 1, RefProcThreadModel::Single, marks_oops_alive: false
[3045.193s][debug][gc,phases      ] GC(132) Reference Processing 0.092ms
[3045.194s][debug][gc,phases      ] GC(132)   VM Weak                        Min:  0.0, Avg:  0.0, Max:  0.0, Diff:  0.0, Sum:  0.0, Workers: 4
[3045.194s][debug][gc,phases      ] GC(132)     Dead                           Min: 0, Avg:  0.0, Max: 0, Diff: 0, Sum: 0, Workers: 4
[3045.194s][debug][gc,phases      ] GC(132)     Total                          Min: 0, Avg: 183.5, Max: 384, Diff: 384, Sum: 734, Workers: 4
[3045.194s][debug][gc,phases      ] GC(132)   ObjectSynchronizer Weak        Min:  0.0, Avg:  0.0, Max:  0.0, Diff:  0.0, Sum:  0.0, Workers: 4
[3045.194s][debug][gc,phases      ] GC(132)     Dead                           Min: 0, Avg:  0.0, Max: 0, Diff: 0, Sum: 0, Workers: 4
[3045.194s][debug][gc,phases      ] GC(132)     Total                          Min: 0, Avg:  8.0, Max: 32, Diff: 32, Sum: 32, Workers: 4
[3045.194s][debug][gc,phases      ] GC(132)   JVMTI Tag Weak OopStorage      Min:  0.0, Avg:  0.0, Max:  0.0, Diff:  0.0, Sum:  0.0, Workers: 4
[3045.194s][debug][gc,phases      ] GC(132)     Dead                           Min: 0, Avg:  0.0, Max: 0, Diff: 0, Sum: 0, Workers: 4
[3045.194s][debug][gc,phases      ] GC(132)     Total                          Min: 0, Avg:  0.0, Max: 0, Diff: 0, Sum: 0, Workers: 4
[3045.194s][debug][gc,phases      ] GC(132)   StringTable Weak               Min:  0.1, Avg:  0.1, Max:  0.1, Diff:  0.0, Sum:  0.4, Workers: 4
[3045.194s][debug][gc,phases      ] GC(132)     Dead                           Min: 0, Avg:  0.0, Max: 0, Diff: 0, Sum: 0, Workers: 4
[3045.194s][debug][gc,phases      ] GC(132)     Total                          Min: 10624, Avg: 10797.8, Max: 11008, Diff: 384, Sum: 43191, Workers: 4
[3045.194s][debug][gc,phases      ] GC(132)   ResolvedMethodTable Weak       Min:  0.0, Avg:  0.0, Max:  0.0, Diff:  0.0, Sum:  0.1, Workers: 4
[3045.194s][debug][gc,phases      ] GC(132)     Dead                           Min: 0, Avg:  0.0, Max: 0, Diff: 0, Sum: 0, Workers: 4
[3045.194s][debug][gc,phases      ] GC(132)     Total                          Min: 2112, Avg: 2157.8, Max: 2231, Diff: 119, Sum: 8631, Workers: 4
[3045.194s][debug][gc,phases      ] GC(132)   JNI Weak                       Min:  0.0, Avg:  0.0, Max:  0.0, Diff:  0.0, Sum:  0.0, Workers: 4
[3045.194s][debug][gc,phases      ] GC(132)     Dead                           Min: 0, Avg:  0.0, Max: 0, Diff: 0, Sum: 0, Workers: 4
[3045.194s][debug][gc,phases      ] GC(132)     Total                          Min: 0, Avg: 11.2, Max: 45, Diff: 45, Sum: 45, Workers: 4
[3045.194s][debug][gc,phases      ] GC(132)   StringDedup Table Weak         Min:  0.0, Avg:  0.0, Max:  0.0, Diff:  0.0, Sum:  0.0, Workers: 4
[3045.194s][debug][gc,phases      ] GC(132)     Dead                           Min: 0, Avg:  0.0, Max: 0, Diff: 0, Sum: 0, Workers: 4
[3045.194s][debug][gc,phases      ] GC(132)     Total                          Min: 0, Avg:  0.0, Max: 0, Diff: 0, Sum: 0, Workers: 4
[3045.194s][debug][gc,phases      ] GC(132)   StringDedup Requests0 Weak     Min:  0.0, Avg:  0.0, Max:  0.0, Diff:  0.0, Sum:  0.0, Workers: 4
[3045.194s][debug][gc,phases      ] GC(132)     Dead                           Min: 0, Avg:  0.0, Max: 0, Diff: 0, Sum: 0, Workers: 4
[3045.194s][debug][gc,phases      ] GC(132)     Total                          Min: 0, Avg:  0.0, Max: 0, Diff: 0, Sum: 0, Workers: 4
[3045.194s][debug][gc,phases      ] GC(132)   StringDedup Requests1 Weak     Min:  0.0, Avg:  0.0, Max:  0.0, Diff:  0.0, Sum:  0.0, Workers: 4
[3045.194s][debug][gc,phases      ] GC(132)     Dead                           Min: 0, Avg:  0.0, Max: 0, Diff: 0, Sum: 0, Workers: 4
[3045.194s][debug][gc,phases      ] GC(132)     Total                          Min: 0, Avg:  0.0, Max: 0, Diff: 0, Sum: 0, Workers: 4
[3045.194s][debug][gc,phases      ] GC(132)   Weak JFR Old Object Samples    Min:  0.0, Avg:  0.0, Max:  0.0, Diff:  0.0, Sum:  0.0, Workers: 4
[3045.194s][debug][gc,phases      ] GC(132)     Dead                           Min: 0, Avg:  0.0, Max: 0, Diff: 0, Sum: 0, Workers: 4
[3045.194s][debug][gc,phases      ] GC(132)     Total                          Min: 0, Avg:  0.0, Max: 0, Diff: 0, Sum: 0, Workers: 4
[3045.194s][debug][gc,phases      ] GC(132) Weak Processing 0.304ms
[3045.194s][debug][gc,age         ] GC(132) Desired survivor size 3670016 bytes, new threshold 15 (max threshold 15)
[3045.194s][info ][gc,heap        ] GC(132) PSYoungGen: 2091328K(2093568K)->1248K(2093568K) Eden: 2089984K(2089984K)->0K(2089984K) From: 1344K(3584K)->1248K(3584K)
[3045.194s][info ][gc,heap        ] GC(132) ParOldGen: 344094K(446976K)->344102K(446976K)
[3045.194s][info ][gc,metaspace   ] GC(132) Metaspace: 79381K(80256K)->79381K(80256K) NonClass: 68069K(68544K)->68069K(68544K) Class: 11312K(11712K)->11312K(11712K)
[3045.194s][info ][gc             ] GC(132) Pause Young (Allocation Failure) 2378M->337M(2481M) 2.186ms
[3045.194s][info ][gc,cpu         ] GC(132) User=0.01s Sys=0.00s Real=0.00s
[3045.194s][info ][safepoint      ] Safepoint "ParallelGCFailedAllocation", Time since last: 11695985253 ns, Reaching safepoint: 31500 ns, At safepoint: 2247111 ns, Total: 2278611 ns
[3070.311s][info ][gc,start       ] GC(133) Pause Young (Allocation Failure)
[3070.314s][debug][gc,phases      ] GC(133) Scavenge 2.929ms
[3070.314s][debug][gc,ref         ] GC(133) Skipped phase 1 of Reference Processing: no references
[3070.314s][debug][gc,ref         ] GC(133) ReferenceProcessor::execute queues: 1, RefProcThreadModel::Single, marks_oops_alive: false
[3070.314s][debug][gc,ref         ] GC(133) Skipped phase 3 of Reference Processing: no references
[3070.314s][debug][gc,ref         ] GC(133) ReferenceProcessor::execute queues: 1, RefProcThreadModel::Single, marks_oops_alive: false
[3070.314s][debug][gc,phases      ] GC(133) Reference Processing 0.110ms
[3070.315s][debug][gc,phases      ] GC(133)   VM Weak                        Min:  0.0, Avg:  0.0, Max:  0.0, Diff:  0.0, Sum:  0.0, Workers: 4
[3070.315s][debug][gc,phases      ] GC(133)     Dead                           Min: 0, Avg:  0.0, Max: 0, Diff: 0, Sum: 0, Workers: 4
[3070.315s][debug][gc,phases      ] GC(133)     Total                          Min: 0, Avg: 183.5, Max: 670, Diff: 670, Sum: 734, Workers: 4
[3070.315s][debug][gc,phases      ] GC(133)   ObjectSynchronizer Weak        Min:  0.0, Avg:  0.0, Max:  0.0, Diff:  0.0, Sum:  0.0, Workers: 4
[3070.315s][debug][gc,phases      ] GC(133)     Dead                           Min: 0, Avg:  0.0, Max: 0, Diff: 0, Sum: 0, Workers: 4
[3070.315s][debug][gc,phases      ] GC(133)     Total                          Min: 0, Avg:  8.0, Max: 32, Diff: 32, Sum: 32, Workers: 4
[3070.315s][debug][gc,phases      ] GC(133)   JVMTI Tag Weak OopStorage      Min:  0.0, Avg:  0.0, Max:  0.0, Diff:  0.0, Sum:  0.0, Workers: 4
[3070.315s][debug][gc,phases      ] GC(133)     Dead                           Min: 0, Avg:  0.0, Max: 0, Diff: 0, Sum: 0, Workers: 4
[3070.315s][debug][gc,phases      ] GC(133)     Total                          Min: 0, Avg:  0.0, Max: 0, Diff: 0, Sum: 0, Workers: 4
[3070.315s][debug][gc,phases      ] GC(133)   StringTable Weak               Min:  0.0, Avg:  0.1, Max:  0.1, Diff:  0.1, Sum:  0.4, Workers: 4
[3070.315s][debug][gc,phases      ] GC(133)     Dead                           Min: 0, Avg:  0.0, Max: 0, Diff: 0, Sum: 0, Workers: 4
[3070.315s][debug][gc,phases      ] GC(133)     Total                          Min: 0, Avg: 10797.8, Max: 17656, Diff: 17656, Sum: 43191, Workers: 4
[3070.315s][debug][gc,phases      ] GC(133)   ResolvedMethodTable Weak       Min:  0.0, Avg:  0.0, Max:  0.0, Diff:  0.0, Sum:  0.1, Workers: 4
[3070.315s][debug][gc,phases      ] GC(133)     Dead                           Min: 0, Avg:  0.0, Max: 0, Diff: 0, Sum: 0, Workers: 4
[3070.315s][debug][gc,phases      ] GC(133)     Total                          Min: 0, Avg: 2157.8, Max: 3648, Diff: 3648, Sum: 8631, Workers: 4
[3070.315s][debug][gc,phases      ] GC(133)   JNI Weak                       Min:  0.0, Avg:  0.0, Max:  0.0, Diff:  0.0, Sum:  0.0, Workers: 4
[3070.315s][debug][gc,phases      ] GC(133)     Dead                           Min: 0, Avg:  0.0, Max: 0, Diff: 0, Sum: 0, Workers: 4
[3070.315s][debug][gc,phases      ] GC(133)     Total                          Min: 0, Avg: 11.2, Max: 45, Diff: 45, Sum: 45, Workers: 4
[3070.315s][debug][gc,phases      ] GC(133)   StringDedup Table Weak         Min:  0.0, Avg:  0.0, Max:  0.0, Diff:  0.0, Sum:  0.0, Workers: 4
[3070.315s][debug][gc,phases      ] GC(133)     Dead                           Min: 0, Avg:  0.0, Max: 0, Diff: 0, Sum: 0, Workers: 4
[3070.315s][debug][gc,phases      ] GC(133)     Total                          Min: 0, Avg:  0.0, Max: 0, Diff: 0, Sum: 0, Workers: 4
[3070.315s][debug][gc,phases      ] GC(133)   StringDedup Requests0 Weak     Min:  0.0, Avg:  0.0, Max:  0.0, Diff:  0.0, Sum:  0.0, Workers: 4
[3070.315s][debug][gc,phases      ] GC(133)     Dead                           Min: 0, Avg:  0.0, Max: 0, Diff: 0, Sum: 0, Workers: 4
[3070.315s][debug][gc,phases      ] GC(133)     Total                          Min: 0, Avg:  0.0, Max: 0, Diff: 0, Sum: 0, Workers: 4
[3070.315s][debug][gc,phases      ] GC(133)   StringDedup Requests1 Weak     Min:  0.0, Avg:  0.0, Max:  0.0, Diff:  0.0, Sum:  0.0, Workers: 4
[3070.315s][debug][gc,phases      ] GC(133)     Dead                           Min: 0, Avg:  0.0, Max: 0, Diff: 0, Sum: 0, Workers: 4
[3070.315s][debug][gc,phases      ] GC(133)     Total                          Min: 0, Avg:  0.0, Max: 0, Diff: 0, Sum: 0, Workers: 4
[3070.315s][debug][gc,phases      ] GC(133)   Weak JFR Old Object Samples    Min:  0.0, Avg:  0.0, Max:  0.0, Diff:  0.0, Sum:  0.0, Workers: 4
[3070.315s][debug][gc,phases      ] GC(133)     Dead                           Min: 0, Avg:  0.0, Max: 0, Diff: 0, Sum: 0, Workers: 4
[3070.315s][debug][gc,phases      ] GC(133)     Total                          Min: 0, Avg:  0.0, Max: 0, Diff: 0, Sum: 0, Workers: 4
[3070.315s][debug][gc,phases      ] GC(133) Weak Processing 0.343ms
[3070.315s][debug][gc,age         ] GC(133) Desired survivor size 3145728 bytes, new threshold 15 (max threshold 15)
[3070.315s][info ][gc,heap        ] GC(133) PSYoungGen: 2091232K(2093568K)->1408K(2094080K) Eden: 2089984K(2089984K)->0K(2090496K) From: 1248K(3584K)->1408K(3584K)
[3070.315s][info ][gc,heap        ] GC(133) ParOldGen: 344102K(446976K)->344110K(446976K)
[3070.315s][info ][gc,metaspace   ] GC(133) Metaspace: 79381K(80256K)->79381K(80256K) NonClass: 68069K(68544K)->68069K(68544K) Class: 11312K(11712K)->11312K(11712K)
[3070.315s][info ][gc             ] GC(133) Pause Young (Allocation Failure) 2378M->337M(2481M) 3.472ms
[3070.315s][info ][gc,cpu         ] GC(133) User=0.01s Sys=0.00s Real=0.00s
[3070.315s][info ][safepoint      ] Safepoint "ParallelGCFailedAllocation", Time since last: 25117298007 ns, Reaching safepoint: 99401 ns, At safepoint: 3562317 ns, Total: 3661718 ns
[3096.263s][info ][gc,start       ] GC(134) Pause Young (Allocation Failure)
[3096.265s][debug][gc,phases      ] GC(134) Scavenge 1.966ms
[3096.265s][debug][gc,ref         ] GC(134) Skipped phase 1 of Reference Processing: no references
[3096.265s][debug][gc,ref         ] GC(134) ReferenceProcessor::execute queues: 1, RefProcThreadModel::Single, marks_oops_alive: false
[3096.265s][debug][gc,ref         ] GC(134) Skipped phase 3 of Reference Processing: no references
[3096.265s][debug][gc,ref         ] GC(134) ReferenceProcessor::execute queues: 1, RefProcThreadModel::Single, marks_oops_alive: false
[3096.265s][debug][gc,phases      ] GC(134) Reference Processing 0.112ms
[3096.265s][debug][gc,phases      ] GC(134)   VM Weak                        Min:  0.0, Avg:  0.0, Max:  0.0, Diff:  0.0, Sum:  0.0, Workers: 4
[3096.265s][debug][gc,phases      ] GC(134)     Dead                           Min: 0, Avg:  0.0, Max: 0, Diff: 0, Sum: 0, Workers: 4
[3096.265s][debug][gc,phases      ] GC(134)     Total                          Min: 0, Avg: 183.5, Max: 512, Diff: 512, Sum: 734, Workers: 4
[3096.265s][debug][gc,phases      ] GC(134)   ObjectSynchronizer Weak        Min:  0.0, Avg:  0.0, Max:  0.0, Diff:  0.0, Sum:  0.0, Workers: 4
[3096.265s][debug][gc,phases      ] GC(134)     Dead                           Min: 0, Avg:  0.0, Max: 0, Diff: 0, Sum: 0, Workers: 4
[3096.265s][debug][gc,phases      ] GC(134)     Total                          Min: 0, Avg:  8.0, Max: 32, Diff: 32, Sum: 32, Workers: 4
[3096.265s][debug][gc,phases      ] GC(134)   JVMTI Tag Weak OopStorage      Min:  0.0, Avg:  0.0, Max:  0.0, Diff:  0.0, Sum:  0.0, Workers: 4
[3096.265s][debug][gc,phases      ] GC(134)     Dead                           Min: 0, Avg:  0.0, Max: 0, Diff: 0, Sum: 0, Workers: 4
[3096.265s][debug][gc,phases      ] GC(134)     Total                          Min: 0, Avg:  0.0, Max: 0, Diff: 0, Sum: 0, Workers: 4
[3096.265s][debug][gc,phases      ] GC(134)   StringTable Weak               Min:  0.0, Avg:  0.1, Max:  0.1, Diff:  0.1, Sum:  0.3, Workers: 4
[3096.265s][debug][gc,phases      ] GC(134)     Dead                           Min: 0, Avg:  0.0, Max: 0, Diff: 0, Sum: 0, Workers: 4
[3096.265s][debug][gc,phases      ] GC(134)     Total                          Min: 0, Avg: 10797.8, Max: 18296, Diff: 18296, Sum: 43191, Workers: 4
[3096.265s][debug][gc,phases      ] GC(134)   ResolvedMethodTable Weak       Min:  0.0, Avg:  0.0, Max:  0.0, Diff:  0.0, Sum:  0.1, Workers: 4
[3096.265s][debug][gc,phases      ] GC(134)     Dead                           Min: 0, Avg:  0.0, Max: 0, Diff: 0, Sum: 0, Workers: 4
[3096.265s][debug][gc,phases      ] GC(134)     Total                          Min: 0, Avg: 2157.8, Max: 3648, Diff: 3648, Sum: 8631, Workers: 4
[3096.265s][debug][gc,phases      ] GC(134)   JNI Weak                       Min:  0.0, Avg:  0.0, Max:  0.0, Diff:  0.0, Sum:  0.0, Workers: 4
[3096.265s][debug][gc,phases      ] GC(134)     Dead                           Min: 0, Avg:  0.0, Max: 0, Diff: 0, Sum: 0, Workers: 4
[3096.265s][debug][gc,phases      ] GC(134)     Total                          Min: 0, Avg: 11.2, Max: 45, Diff: 45, Sum: 45, Workers: 4
[3096.265s][debug][gc,phases      ] GC(134)   StringDedup Table Weak         Min:  0.0, Avg:  0.0, Max:  0.0, Diff:  0.0, Sum:  0.0, Workers: 4
[3096.265s][debug][gc,phases      ] GC(134)     Dead                           Min: 0, Avg:  0.0, Max: 0, Diff: 0, Sum: 0, Workers: 4
[3096.265s][debug][gc,phases      ] GC(134)     Total                          Min: 0, Avg:  0.0, Max: 0, Diff: 0, Sum: 0, Workers: 4
[3096.265s][debug][gc,phases      ] GC(134)   StringDedup Requests0 Weak     Min:  0.0, Avg:  0.0, Max:  0.0, Diff:  0.0, Sum:  0.0, Workers: 4
[3096.265s][debug][gc,phases      ] GC(134)     Dead                           Min: 0, Avg:  0.0, Max: 0, Diff: 0, Sum: 0, Workers: 4
[3096.265s][debug][gc,phases      ] GC(134)     Total                          Min: 0, Avg:  0.0, Max: 0, Diff: 0, Sum: 0, Workers: 4
[3096.265s][debug][gc,phases      ] GC(134)   StringDedup Requests1 Weak     Min:  0.0, Avg:  0.0, Max:  0.0, Diff:  0.0, Sum:  0.0, Workers: 4
[3096.265s][debug][gc,phases      ] GC(134)     Dead                           Min: 0, Avg:  0.0, Max: 0, Diff: 0, Sum: 0, Workers: 4
[3096.265s][debug][gc,phases      ] GC(134)     Total                          Min: 0, Avg:  0.0, Max: 0, Diff: 0, Sum: 0, Workers: 4
[3096.265s][debug][gc,phases      ] GC(134)   Weak JFR Old Object Samples    Min:  0.0, Avg:  0.0, Max:  0.0, Diff:  0.0, Sum:  0.0, Workers: 4
[3096.265s][debug][gc,phases      ] GC(134)     Dead                           Min: 0, Avg:  0.0, Max: 0, Diff: 0, Sum: 0, Workers: 4
[3096.265s][debug][gc,phases      ] GC(134)     Total                          Min: 0, Avg:  0.0, Max: 0, Diff: 0, Sum: 0, Workers: 4
[3096.265s][debug][gc,phases      ] GC(134) Weak Processing 0.334ms
[3096.265s][debug][gc,age         ] GC(134) Desired survivor size 3145728 bytes, new threshold 15 (max threshold 15)
[3096.265s][info ][gc,heap        ] GC(134) PSYoungGen: 2091904K(2094080K)->1184K(2093568K) Eden: 2090496K(2090496K)->0K(2090496K) From: 1408K(3584K)->1184K(3072K)
[3096.265s][info ][gc,heap        ] GC(134) ParOldGen: 344110K(446976K)->344126K(446976K)
[3096.265s][info ][gc,metaspace   ] GC(134) Metaspace: 79381K(80256K)->79381K(80256K) NonClass: 68069K(68544K)->68069K(68544K) Class: 11312K(11712K)->11312K(11712K)
[3096.265s][info ][gc             ] GC(134) Pause Young (Allocation Failure) 2378M->337M(2481M) 2.518ms
[3096.265s][info ][gc,cpu         ] GC(134) User=0.01s Sys=0.00s Real=0.00s
[3096.265s][info ][safepoint      ] Safepoint "ParallelGCFailedAllocation", Time since last: 25947739114 ns, Reaching safepoint: 32601 ns, At safepoint: 2612348 ns, Total: 2644949 ns
[3114.266s][info ][safepoint      ] Safepoint "Cleanup", Time since last: 18001055100 ns, Reaching safepoint: 52501 ns, At safepoint: 5800 ns, Total: 58301 ns
[3122.291s][info ][gc,start       ] GC(135) Pause Young (Allocation Failure)
[3122.294s][debug][gc,phases      ] GC(135) Scavenge 2.503ms
[3122.294s][debug][gc,ref         ] GC(135) Skipped phase 1 of Reference Processing: no references
[3122.294s][debug][gc,ref         ] GC(135) ReferenceProcessor::execute queues: 1, RefProcThreadModel::Single, marks_oops_alive: false
[3122.294s][debug][gc,ref         ] GC(135) Skipped phase 3 of Reference Processing: no references
[3122.294s][debug][gc,ref         ] GC(135) ReferenceProcessor::execute queues: 1, RefProcThreadModel::Single, marks_oops_alive: false
[3122.294s][debug][gc,phases      ] GC(135) Reference Processing 0.105ms
[3122.294s][debug][gc,phases      ] GC(135)   VM Weak                        Min:  0.0, Avg:  0.0, Max:  0.0, Diff:  0.0, Sum:  0.0, Workers: 4
[3122.294s][debug][gc,phases      ] GC(135)     Dead                           Min: 0, Avg:  0.0, Max: 0, Diff: 0, Sum: 0, Workers: 4
[3122.294s][debug][gc,phases      ] GC(135)     Total                          Min: 0, Avg: 183.5, Max: 414, Diff: 414, Sum: 734, Workers: 4
[3122.294s][debug][gc,phases      ] GC(135)   ObjectSynchronizer Weak        Min:  0.0, Avg:  0.0, Max:  0.0, Diff:  0.0, Sum:  0.0, Workers: 4
[3122.294s][debug][gc,phases      ] GC(135)     Dead                           Min: 0, Avg:  0.0, Max: 0, Diff: 0, Sum: 0, Workers: 4
[3122.294s][debug][gc,phases      ] GC(135)     Total                          Min: 0, Avg:  8.0, Max: 32, Diff: 32, Sum: 32, Workers: 4
[3122.294s][debug][gc,phases      ] GC(135)   JVMTI Tag Weak OopStorage      Min:  0.0, Avg:  0.0, Max:  0.0, Diff:  0.0, Sum:  0.0, Workers: 4
[3122.294s][debug][gc,phases      ] GC(135)     Dead                           Min: 0, Avg:  0.0, Max: 0, Diff: 0, Sum: 0, Workers: 4
[3122.294s][debug][gc,phases      ] GC(135)     Total                          Min: 0, Avg:  0.0, Max: 0, Diff: 0, Sum: 0, Workers: 4
[3122.294s][debug][gc,phases      ] GC(135)   StringTable Weak               Min:  0.0, Avg:  0.1, Max:  0.1, Diff:  0.1, Sum:  0.3, Workers: 4
[3122.294s][debug][gc,phases      ] GC(135)     Dead                           Min: 0, Avg:  0.0, Max: 0, Diff: 0, Sum: 0, Workers: 4
[3122.294s][debug][gc,phases      ] GC(135)     Total                          Min: 0, Avg: 10797.8, Max: 18424, Diff: 18424, Sum: 43191, Workers: 4
[3122.294s][debug][gc,phases      ] GC(135)   ResolvedMethodTable Weak       Min:  0.0, Avg:  0.0, Max:  0.0, Diff:  0.0, Sum:  0.1, Workers: 4
[3122.294s][debug][gc,phases      ] GC(135)     Dead                           Min: 0, Avg:  0.0, Max: 0, Diff: 0, Sum: 0, Workers: 4
[3122.294s][debug][gc,phases      ] GC(135)     Total                          Min: 0, Avg: 2157.8, Max: 3520, Diff: 3520, Sum: 8631, Workers: 4
[3122.294s][debug][gc,phases      ] GC(135)   JNI Weak                       Min:  0.0, Avg:  0.0, Max:  0.0, Diff:  0.0, Sum:  0.0, Workers: 4
[3122.294s][debug][gc,phases      ] GC(135)     Dead                           Min: 0, Avg:  0.0, Max: 0, Diff: 0, Sum: 0, Workers: 4
[3122.294s][debug][gc,phases      ] GC(135)     Total                          Min: 0, Avg: 11.2, Max: 45, Diff: 45, Sum: 45, Workers: 4
[3122.294s][debug][gc,phases      ] GC(135)   StringDedup Table Weak         Min:  0.0, Avg:  0.0, Max:  0.0, Diff:  0.0, Sum:  0.0, Workers: 4
[3122.294s][debug][gc,phases      ] GC(135)     Dead                           Min: 0, Avg:  0.0, Max: 0, Diff: 0, Sum: 0, Workers: 4
[3122.294s][debug][gc,phases      ] GC(135)     Total                          Min: 0, Avg:  0.0, Max: 0, Diff: 0, Sum: 0, Workers: 4
[3122.294s][debug][gc,phases      ] GC(135)   StringDedup Requests0 Weak     Min:  0.0, Avg:  0.0, Max:  0.0, Diff:  0.0, Sum:  0.0, Workers: 4
[3122.294s][debug][gc,phases      ] GC(135)     Dead                           Min: 0, Avg:  0.0, Max: 0, Diff: 0, Sum: 0, Workers: 4
[3122.294s][debug][gc,phases      ] GC(135)     Total                          Min: 0, Avg:  0.0, Max: 0, Diff: 0, Sum: 0, Workers: 4
[3122.294s][debug][gc,phases      ] GC(135)   StringDedup Requests1 Weak     Min:  0.0, Avg:  0.0, Max:  0.0, Diff:  0.0, Sum:  0.0, Workers: 4
[3122.294s][debug][gc,phases      ] GC(135)     Dead                           Min: 0, Avg:  0.0, Max: 0, Diff: 0, Sum: 0, Workers: 4
[3122.294s][debug][gc,phases      ] GC(135)     Total                          Min: 0, Avg:  0.0, Max: 0, Diff: 0, Sum: 0, Workers: 4
[3122.294s][debug][gc,phases      ] GC(135)   Weak JFR Old Object Samples    Min:  0.0, Avg:  0.0, Max:  0.0, Diff:  0.0, Sum:  0.0, Workers: 4
[3122.294s][debug][gc,phases      ] GC(135)     Dead                           Min: 0, Avg:  0.0, Max: 0, Diff: 0, Sum: 0, Workers: 4
[3122.294s][debug][gc,phases      ] GC(135)     Total                          Min: 0, Avg:  0.0, Max: 0, Diff: 0, Sum: 0, Workers: 4
[3122.294s][debug][gc,phases      ] GC(135) Weak Processing 0.304ms
[3122.294s][debug][gc,age         ] GC(135) Desired survivor size 3145728 bytes, new threshold 15 (max threshold 15)
[3122.294s][info ][gc,heap        ] GC(135) PSYoungGen: 2091680K(2093568K)->1184K(2094080K) Eden: 2090496K(2090496K)->0K(2091008K) From: 1184K(3072K)->1184K(3072K)
[3122.294s][info ][gc,heap        ] GC(135) ParOldGen: 344126K(446976K)->344142K(446976K)
[3122.294s][info ][gc,metaspace   ] GC(135) Metaspace: 79381K(80256K)->79381K(80256K) NonClass: 68069K(68544K)->68069K(68544K) Class: 11312K(11712K)->11312K(11712K)
[3122.294s][info ][gc             ] GC(135) Pause Young (Allocation Failure) 2378M->337M(2481M) 2.998ms
[3122.294s][info ][gc,cpu         ] GC(135) User=0.00s Sys=0.00s Real=0.00s
[3122.294s][info ][safepoint      ] Safepoint "ParallelGCFailedAllocation", Time since last: 8024956613 ns, Reaching safepoint: 32600 ns, At safepoint: 3088716 ns, Total: 3121316 ns
[3147.892s][info ][gc,start       ] GC(136) Pause Young (Allocation Failure)
[3147.895s][debug][gc,phases      ] GC(136) Scavenge 3.100ms
[3147.895s][debug][gc,ref         ] GC(136) Skipped phase 1 of Reference Processing: no references
[3147.895s][debug][gc,ref         ] GC(136) ReferenceProcessor::execute queues: 1, RefProcThreadModel::Single, marks_oops_alive: false
[3147.895s][debug][gc,ref         ] GC(136) Skipped phase 3 of Reference Processing: no references
[3147.895s][debug][gc,ref         ] GC(136) Skipped phase 4 of Reference Processing: no references
[3147.895s][debug][gc,phases      ] GC(136) Reference Processing 0.101ms
[3147.895s][debug][gc,phases      ] GC(136)   VM Weak                        Min:  0.0, Avg:  0.0, Max:  0.0, Diff:  0.0, Sum:  0.0, Workers: 4
[3147.895s][debug][gc,phases      ] GC(136)     Dead                           Min: 0, Avg:  0.0, Max: 0, Diff: 0, Sum: 0, Workers: 4
[3147.895s][debug][gc,phases      ] GC(136)     Total                          Min: 0, Avg: 183.5, Max: 640, Diff: 640, Sum: 734, Workers: 4
[3147.895s][debug][gc,phases      ] GC(136)   ObjectSynchronizer Weak        Min:  0.0, Avg:  0.0, Max:  0.0, Diff:  0.0, Sum:  0.0, Workers: 4
[3147.895s][debug][gc,phases      ] GC(136)     Dead                           Min: 0, Avg:  0.0, Max: 0, Diff: 0, Sum: 0, Workers: 4
[3147.895s][debug][gc,phases      ] GC(136)     Total                          Min: 0, Avg:  8.0, Max: 32, Diff: 32, Sum: 32, Workers: 4
[3147.895s][debug][gc,phases      ] GC(136)   JVMTI Tag Weak OopStorage      Min:  0.0, Avg:  0.0, Max:  0.0, Diff:  0.0, Sum:  0.0, Workers: 4
[3147.895s][debug][gc,phases      ] GC(136)     Dead                           Min: 0, Avg:  0.0, Max: 0, Diff: 0, Sum: 0, Workers: 4
[3147.895s][debug][gc,phases      ] GC(136)     Total                          Min: 0, Avg:  0.0, Max: 0, Diff: 0, Sum: 0, Workers: 4
[3147.895s][debug][gc,phases      ] GC(136)   StringTable Weak               Min:  0.0, Avg:  0.1, Max:  0.1, Diff:  0.1, Sum:  0.4, Workers: 4
[3147.895s][debug][gc,phases      ] GC(136)     Dead                           Min: 0, Avg:  0.0, Max: 0, Diff: 0, Sum: 0, Workers: 4
[3147.895s][debug][gc,phases      ] GC(136)     Total                          Min: 0, Avg: 10797.8, Max: 16696, Diff: 16696, Sum: 43191, Workers: 4
[3147.895s][debug][gc,phases      ] GC(136)   ResolvedMethodTable Weak       Min:  0.0, Avg:  0.0, Max:  0.0, Diff:  0.0, Sum:  0.1, Workers: 4
[3147.895s][debug][gc,phases      ] GC(136)     Dead                           Min: 0, Avg:  0.0, Max: 0, Diff: 0, Sum: 0, Workers: 4
[3147.895s][debug][gc,phases      ] GC(136)     Total                          Min: 0, Avg: 2157.8, Max: 3703, Diff: 3703, Sum: 8631, Workers: 4
[3147.895s][debug][gc,phases      ] GC(136)   JNI Weak                       Min:  0.0, Avg:  0.0, Max:  0.0, Diff:  0.0, Sum:  0.0, Workers: 4
[3147.895s][debug][gc,phases      ] GC(136)     Dead                           Min: 0, Avg:  0.0, Max: 0, Diff: 0, Sum: 0, Workers: 4
[3147.895s][debug][gc,phases      ] GC(136)     Total                          Min: 0, Avg: 11.2, Max: 45, Diff: 45, Sum: 45, Workers: 4
[3147.895s][debug][gc,phases      ] GC(136)   StringDedup Table Weak         Min:  0.0, Avg:  0.0, Max:  0.0, Diff:  0.0, Sum:  0.0, Workers: 4
[3147.895s][debug][gc,phases      ] GC(136)     Dead                           Min: 0, Avg:  0.0, Max: 0, Diff: 0, Sum: 0, Workers: 4
[3147.895s][debug][gc,phases      ] GC(136)     Total                          Min: 0, Avg:  0.0, Max: 0, Diff: 0, Sum: 0, Workers: 4
[3147.895s][debug][gc,phases      ] GC(136)   StringDedup Requests0 Weak     Min:  0.0, Avg:  0.0, Max:  0.0, Diff:  0.0, Sum:  0.0, Workers: 4
[3147.895s][debug][gc,phases      ] GC(136)     Dead                           Min: 0, Avg:  0.0, Max: 0, Diff: 0, Sum: 0, Workers: 4
[3147.895s][debug][gc,phases      ] GC(136)     Total                          Min: 0, Avg:  0.0, Max: 0, Diff: 0, Sum: 0, Workers: 4
[3147.895s][debug][gc,phases      ] GC(136)   StringDedup Requests1 Weak     Min:  0.0, Avg:  0.0, Max:  0.0, Diff:  0.0, Sum:  0.0, Workers: 4
[3147.895s][debug][gc,phases      ] GC(136)     Dead                           Min: 0, Avg:  0.0, Max: 0, Diff: 0, Sum: 0, Workers: 4
[3147.895s][debug][gc,phases      ] GC(136)     Total                          Min: 0, Avg:  0.0, Max: 0, Diff: 0, Sum: 0, Workers: 4
[3147.895s][debug][gc,phases      ] GC(136)   Weak JFR Old Object Samples    Min:  0.0, Avg:  0.0, Max:  0.0, Diff:  0.0, Sum:  0.0, Workers: 4
[3147.895s][debug][gc,phases      ] GC(136)     Dead                           Min: 0, Avg:  0.0, Max: 0, Diff: 0, Sum: 0, Workers: 4
[3147.895s][debug][gc,phases      ] GC(136)     Total                          Min: 0, Avg:  0.0, Max: 0, Diff: 0, Sum: 0, Workers: 4
[3147.895s][debug][gc,phases      ] GC(136) Weak Processing 0.343ms
[3147.895s][debug][gc,age         ] GC(136) Desired survivor size 3145728 bytes, new threshold 15 (max threshold 15)
[3147.895s][info ][gc,heap        ] GC(136) PSYoungGen: 2092192K(2094080K)->1184K(2094080K) Eden: 2091008K(2091008K)->0K(2091008K) From: 1184K(3072K)->1184K(3072K)
[3147.895s][info ][gc,heap        ] GC(136) ParOldGen: 344142K(446976K)->344222K(446976K)
[3147.895s][info ][gc,metaspace   ] GC(136) Metaspace: 79381K(80256K)->79381K(80256K) NonClass: 68069K(68544K)->68069K(68544K) Class: 11312K(11712K)->11312K(11712K)
[3147.895s][info ][gc             ] GC(136) Pause Young (Allocation Failure) 2379M->337M(2481M) 3.634ms
[3147.895s][info ][gc,cpu         ] GC(136) User=0.01s Sys=0.00s Real=0.00s
[3147.895s][info ][safepoint      ] Safepoint "ParallelGCFailedAllocation", Time since last: 25597233156 ns, Reaching safepoint: 37500 ns, At safepoint: 3725018 ns, Total: 3762518 ns
[3173.110s][info ][gc,start       ] GC(137) Pause Young (Allocation Failure)
[3173.113s][debug][gc,phases      ] GC(137) Scavenge 3.184ms
[3173.114s][debug][gc,ref         ] GC(137) Skipped phase 1 of Reference Processing: no references
[3173.114s][debug][gc,ref         ] GC(137) ReferenceProcessor::execute queues: 1, RefProcThreadModel::Single, marks_oops_alive: false
[3173.114s][debug][gc,ref         ] GC(137) Skipped phase 3 of Reference Processing: no references
[3173.114s][debug][gc,ref         ] GC(137) Skipped phase 4 of Reference Processing: no references
[3173.114s][debug][gc,phases      ] GC(137) Reference Processing 0.114ms
[3173.114s][debug][gc,phases      ] GC(137)   VM Weak                        Min:  0.0, Avg:  0.0, Max:  0.0, Diff:  0.0, Sum:  0.0, Workers: 4
[3173.114s][debug][gc,phases      ] GC(137)     Dead                           Min: 0, Avg:  0.0, Max: 0, Diff: 0, Sum: 0, Workers: 4
[3173.114s][debug][gc,phases      ] GC(137)     Total                          Min: 0, Avg: 183.5, Max: 606, Diff: 606, Sum: 734, Workers: 4
[3173.114s][debug][gc,phases      ] GC(137)   ObjectSynchronizer Weak        Min:  0.0, Avg:  0.0, Max:  0.0, Diff:  0.0, Sum:  0.0, Workers: 4
[3173.114s][debug][gc,phases      ] GC(137)     Dead                           Min: 0, Avg:  0.0, Max: 0, Diff: 0, Sum: 0, Workers: 4
[3173.114s][debug][gc,phases      ] GC(137)     Total                          Min: 0, Avg:  8.0, Max: 32, Diff: 32, Sum: 32, Workers: 4
[3173.114s][debug][gc,phases      ] GC(137)   JVMTI Tag Weak OopStorage      Min:  0.0, Avg:  0.0, Max:  0.0, Diff:  0.0, Sum:  0.0, Workers: 4
[3173.114s][debug][gc,phases      ] GC(137)     Dead                           Min: 0, Avg:  0.0, Max: 0, Diff: 0, Sum: 0, Workers: 4
[3173.114s][debug][gc,phases      ] GC(137)     Total                          Min: 0, Avg:  0.0, Max: 0, Diff: 0, Sum: 0, Workers: 4
[3173.114s][debug][gc,phases      ] GC(137)   StringTable Weak               Min:  0.0, Avg:  0.1, Max:  0.1, Diff:  0.1, Sum:  0.3, Workers: 4
[3173.114s][debug][gc,phases      ] GC(137)     Dead                           Min: 0, Avg:  0.0, Max: 0, Diff: 0, Sum: 0, Workers: 4
[3173.114s][debug][gc,phases      ] GC(137)     Total                          Min: 0, Avg: 10797.8, Max: 16383, Diff: 16383, Sum: 43191, Workers: 4
[3173.114s][debug][gc,phases      ] GC(137)   ResolvedMethodTable Weak       Min:  0.0, Avg:  0.0, Max:  0.0, Diff:  0.0, Sum:  0.1, Workers: 4
[3173.114s][debug][gc,phases      ] GC(137)     Dead                           Min: 0, Avg:  0.0, Max: 0, Diff: 0, Sum: 0, Workers: 4
[3173.114s][debug][gc,phases      ] GC(137)     Total                          Min: 0, Avg: 2157.8, Max: 3648, Diff: 3648, Sum: 8631, Workers: 4
[3173.114s][debug][gc,phases      ] GC(137)   JNI Weak                       Min:  0.0, Avg:  0.0, Max:  0.0, Diff:  0.0, Sum:  0.0, Workers: 4
[3173.114s][debug][gc,phases      ] GC(137)     Dead                           Min: 0, Avg:  0.0, Max: 0, Diff: 0, Sum: 0, Workers: 4
[3173.114s][debug][gc,phases      ] GC(137)     Total                          Min: 0, Avg: 11.2, Max: 45, Diff: 45, Sum: 45, Workers: 4
[3173.114s][debug][gc,phases      ] GC(137)   StringDedup Table Weak         Min:  0.0, Avg:  0.0, Max:  0.0, Diff:  0.0, Sum:  0.0, Workers: 4
[3173.114s][debug][gc,phases      ] GC(137)     Dead                           Min: 0, Avg:  0.0, Max: 0, Diff: 0, Sum: 0, Workers: 4
[3173.114s][debug][gc,phases      ] GC(137)     Total                          Min: 0, Avg:  0.0, Max: 0, Diff: 0, Sum: 0, Workers: 4
[3173.114s][debug][gc,phases      ] GC(137)   StringDedup Requests0 Weak     Min:  0.0, Avg:  0.0, Max:  0.0, Diff:  0.0, Sum:  0.0, Workers: 4
[3173.114s][debug][gc,phases      ] GC(137)     Dead                           Min: 0, Avg:  0.0, Max: 0, Diff: 0, Sum: 0, Workers: 4
[3173.114s][debug][gc,phases      ] GC(137)     Total                          Min: 0, Avg:  0.0, Max: 0, Diff: 0, Sum: 0, Workers: 4
[3173.114s][debug][gc,phases      ] GC(137)   StringDedup Requests1 Weak     Min:  0.0, Avg:  0.0, Max:  0.0, Diff:  0.0, Sum:  0.0, Workers: 4
[3173.114s][debug][gc,phases      ] GC(137)     Dead                           Min: 0, Avg:  0.0, Max: 0, Diff: 0, Sum: 0, Workers: 4
[3173.114s][debug][gc,phases      ] GC(137)     Total                          Min: 0, Avg:  0.0, Max: 0, Diff: 0, Sum: 0, Workers: 4
[3173.114s][debug][gc,phases      ] GC(137)   Weak JFR Old Object Samples    Min:  0.0, Avg:  0.0, Max:  0.0, Diff:  0.0, Sum:  0.0, Workers: 4
[3173.114s][debug][gc,phases      ] GC(137)     Dead                           Min: 0, Avg:  0.0, Max: 0, Diff: 0, Sum: 0, Workers: 4
[3173.114s][debug][gc,phases      ] GC(137)     Total                          Min: 0, Avg:  0.0, Max: 0, Diff: 0, Sum: 0, Workers: 4
[3173.114s][debug][gc,phases      ] GC(137) Weak Processing 0.309ms
[3173.114s][debug][gc,age         ] GC(137) Desired survivor size 2621440 bytes, new threshold 15 (max threshold 15)
[3173.114s][info ][gc,heap        ] GC(137) PSYoungGen: 2092192K(2094080K)->1248K(2094592K) Eden: 2091008K(2091008K)->0K(2091520K) From: 1184K(3072K)->1248K(3072K)
[3173.114s][info ][gc,heap        ] GC(137) ParOldGen: 344222K(446976K)->344230K(446976K)
[3173.114s][info ][gc,metaspace   ] GC(137) Metaspace: 79382K(80256K)->79382K(80256K) NonClass: 68070K(68544K)->68070K(68544K) Class: 11312K(11712K)->11312K(11712K)
[3173.114s][info ][gc             ] GC(137) Pause Young (Allocation Failure) 2379M->337M(2482M) 3.711ms
[3173.114s][info ][gc,cpu         ] GC(137) User=0.01s Sys=0.00s Real=0.01s
[3173.114s][info ][safepoint      ] Safepoint "ParallelGCFailedAllocation", Time since last: 25214877197 ns, Reaching safepoint: 29900 ns, At safepoint: 3775019 ns, Total: 3804919 ns
[3198.161s][info ][gc,start       ] GC(138) Pause Young (Allocation Failure)
[3198.164s][debug][gc,phases      ] GC(138) Scavenge 2.479ms
[3198.164s][debug][gc,ref         ] GC(138) Skipped phase 1 of Reference Processing: no references
[3198.164s][debug][gc,ref         ] GC(138) Skipped phase 2 of Reference Processing: no references
[3198.164s][debug][gc,ref         ] GC(138) Skipped phase 3 of Reference Processing: no references
[3198.164s][debug][gc,ref         ] GC(138) Skipped phase 4 of Reference Processing: no references
[3198.164s][debug][gc,phases      ] GC(138) Reference Processing 0.020ms
[3198.164s][debug][gc,phases      ] GC(138)   VM Weak                        Min:  0.0, Avg:  0.0, Max:  0.0, Diff:  0.0, Sum:  0.0, Workers: 4
[3198.164s][debug][gc,phases      ] GC(138)     Dead                           Min: 0, Avg:  0.0, Max: 0, Diff: 0, Sum: 0, Workers: 4
[3198.164s][debug][gc,phases      ] GC(138)     Total                          Min: 0, Avg: 183.5, Max: 576, Diff: 576, Sum: 734, Workers: 4
[3198.164s][debug][gc,phases      ] GC(138)   ObjectSynchronizer Weak        Min:  0.0, Avg:  0.0, Max:  0.0, Diff:  0.0, Sum:  0.0, Workers: 4
[3198.164s][debug][gc,phases      ] GC(138)     Dead                           Min: 0, Avg:  0.0, Max: 0, Diff: 0, Sum: 0, Workers: 4
[3198.164s][debug][gc,phases      ] GC(138)     Total                          Min: 0, Avg:  8.0, Max: 32, Diff: 32, Sum: 32, Workers: 4
[3198.164s][debug][gc,phases      ] GC(138)   JVMTI Tag Weak OopStorage      Min:  0.0, Avg:  0.0, Max:  0.0, Diff:  0.0, Sum:  0.0, Workers: 4
[3198.164s][debug][gc,phases      ] GC(138)     Dead                           Min: 0, Avg:  0.0, Max: 0, Diff: 0, Sum: 0, Workers: 4
[3198.164s][debug][gc,phases      ] GC(138)     Total                          Min: 0, Avg:  0.0, Max: 0, Diff: 0, Sum: 0, Workers: 4
[3198.164s][debug][gc,phases      ] GC(138)   StringTable Weak               Min:  0.0, Avg:  0.1, Max:  0.1, Diff:  0.1, Sum:  0.3, Workers: 4
[3198.164s][debug][gc,phases      ] GC(138)     Dead                           Min: 0, Avg:  0.0, Max: 0, Diff: 0, Sum: 0, Workers: 4
[3198.164s][debug][gc,phases      ] GC(138)     Total                          Min: 0, Avg: 10799.8, Max: 17216, Diff: 17216, Sum: 43199, Workers: 4
[3198.164s][debug][gc,phases      ] GC(138)   ResolvedMethodTable Weak       Min:  0.0, Avg:  0.0, Max:  0.0, Diff:  0.0, Sum:  0.1, Workers: 4
[3198.164s][debug][gc,phases      ] GC(138)     Dead                           Min: 0, Avg:  0.0, Max: 0, Diff: 0, Sum: 0, Workers: 4
[3198.164s][debug][gc,phases      ] GC(138)     Total                          Min: 0, Avg: 2157.8, Max: 3584, Diff: 3584, Sum: 8631, Workers: 4
[3198.164s][debug][gc,phases      ] GC(138)   JNI Weak                       Min:  0.0, Avg:  0.0, Max:  0.0, Diff:  0.0, Sum:  0.0, Workers: 4
[3198.164s][debug][gc,phases      ] GC(138)     Dead                           Min: 0, Avg:  0.0, Max: 0, Diff: 0, Sum: 0, Workers: 4
[3198.164s][debug][gc,phases      ] GC(138)     Total                          Min: 0, Avg: 11.2, Max: 45, Diff: 45, Sum: 45, Workers: 4
[3198.164s][debug][gc,phases      ] GC(138)   StringDedup Table Weak         Min:  0.0, Avg:  0.0, Max:  0.0, Diff:  0.0, Sum:  0.0, Workers: 4
[3198.164s][debug][gc,phases      ] GC(138)     Dead                           Min: 0, Avg:  0.0, Max: 0, Diff: 0, Sum: 0, Workers: 4
[3198.164s][debug][gc,phases      ] GC(138)     Total                          Min: 0, Avg:  0.0, Max: 0, Diff: 0, Sum: 0, Workers: 4
[3198.164s][debug][gc,phases      ] GC(138)   StringDedup Requests0 Weak     Min:  0.0, Avg:  0.0, Max:  0.0, Diff:  0.0, Sum:  0.0, Workers: 4
[3198.164s][debug][gc,phases      ] GC(138)     Dead                           Min: 0, Avg:  0.0, Max: 0, Diff: 0, Sum: 0, Workers: 4
[3198.164s][debug][gc,phases      ] GC(138)     Total                          Min: 0, Avg:  0.0, Max: 0, Diff: 0, Sum: 0, Workers: 4
[3198.164s][debug][gc,phases      ] GC(138)   StringDedup Requests1 Weak     Min:  0.0, Avg:  0.0, Max:  0.0, Diff:  0.0, Sum:  0.0, Workers: 4
[3198.164s][debug][gc,phases      ] GC(138)     Dead                           Min: 0, Avg:  0.0, Max: 0, Diff: 0, Sum: 0, Workers: 4
[3198.164s][debug][gc,phases      ] GC(138)     Total                          Min: 0, Avg:  0.0, Max: 0, Diff: 0, Sum: 0, Workers: 4
[3198.164s][debug][gc,phases      ] GC(138)   Weak JFR Old Object Samples    Min:  0.0, Avg:  0.0, Max:  0.0, Diff:  0.0, Sum:  0.0, Workers: 4
[3198.164s][debug][gc,phases      ] GC(138)     Dead                           Min: 0, Avg:  0.0, Max: 0, Diff: 0, Sum: 0, Workers: 4
[3198.164s][debug][gc,phases      ] GC(138)     Total                          Min: 0, Avg:  0.0, Max: 0, Diff: 0, Sum: 0, Workers: 4
[3198.164s][debug][gc,phases      ] GC(138) Weak Processing 0.307ms
[3198.164s][debug][gc,age         ] GC(138) Desired survivor size 2621440 bytes, new threshold 15 (max threshold 15)
[3198.164s][info ][gc,heap        ] GC(138) PSYoungGen: 2092768K(2094592K)->1216K(2094080K) Eden: 2091520K(2091520K)->0K(2091520K) From: 1248K(3072K)->1216K(2560K)
[3198.164s][info ][gc,heap        ] GC(138) ParOldGen: 344230K(446976K)->344302K(446976K)
[3198.164s][info ][gc,metaspace   ] GC(138) Metaspace: 79382K(80256K)->79382K(80256K) NonClass: 68070K(68544K)->68070K(68544K) Class: 11312K(11712K)->11312K(11712K)
[3198.164s][info ][gc             ] GC(138) Pause Young (Allocation Failure) 2379M->337M(2481M) 2.903ms
[3198.164s][info ][gc,cpu         ] GC(138) User=0.01s Sys=0.00s Real=0.01s
[3198.164s][info ][safepoint      ] Safepoint "ParallelGCFailedAllocation", Time since last: 25047220256 ns, Reaching safepoint: 34400 ns, At safepoint: 2968114 ns, Total: 3002514 ns
[3219.166s][info ][safepoint      ] Safepoint "Cleanup", Time since last: 21001276567 ns, Reaching safepoint: 36600 ns, At safepoint: 2400 ns, Total: 39000 ns
[3223.293s][info ][gc,start       ] GC(139) Pause Young (Allocation Failure)
[3223.295s][debug][gc,phases      ] GC(139) Scavenge 1.858ms
[3223.295s][debug][gc,ref         ] GC(139) Skipped phase 1 of Reference Processing: no references
[3223.295s][debug][gc,ref         ] GC(139) ReferenceProcessor::execute queues: 1, RefProcThreadModel::Single, marks_oops_alive: false
[3223.295s][debug][gc,ref         ] GC(139) Skipped phase 3 of Reference Processing: no references
[3223.295s][debug][gc,ref         ] GC(139) ReferenceProcessor::execute queues: 1, RefProcThreadModel::Single, marks_oops_alive: false
[3223.295s][debug][gc,phases      ] GC(139) Reference Processing 0.090ms
[3223.295s][debug][gc,phases      ] GC(139)   VM Weak                        Min:  0.0, Avg:  0.0, Max:  0.0, Diff:  0.0, Sum:  0.0, Workers: 4
[3223.295s][debug][gc,phases      ] GC(139)     Dead                           Min: 0, Avg:  0.0, Max: 0, Diff: 0, Sum: 0, Workers: 4
[3223.295s][debug][gc,phases      ] GC(139)     Total                          Min: 0, Avg: 183.5, Max: 384, Diff: 384, Sum: 734, Workers: 4
[3223.296s][debug][gc,phases      ] GC(139)   ObjectSynchronizer Weak        Min:  0.0, Avg:  0.0, Max:  0.0, Diff:  0.0, Sum:  0.0, Workers: 4
[3223.296s][debug][gc,phases      ] GC(139)     Dead                           Min: 0, Avg:  0.0, Max: 0, Diff: 0, Sum: 0, Workers: 4
[3223.296s][debug][gc,phases      ] GC(139)     Total                          Min: 0, Avg:  8.0, Max: 32, Diff: 32, Sum: 32, Workers: 4
[3223.296s][debug][gc,phases      ] GC(139)   JVMTI Tag Weak OopStorage      Min:  0.0, Avg:  0.0, Max:  0.0, Diff:  0.0, Sum:  0.0, Workers: 4
[3223.296s][debug][gc,phases      ] GC(139)     Dead                           Min: 0, Avg:  0.0, Max: 0, Diff: 0, Sum: 0, Workers: 4
[3223.296s][debug][gc,phases      ] GC(139)     Total                          Min: 0, Avg:  0.0, Max: 0, Diff: 0, Sum: 0, Workers: 4
[3223.296s][debug][gc,phases      ] GC(139)   StringTable Weak               Min:  0.0, Avg:  0.1, Max:  0.1, Diff:  0.1, Sum:  0.3, Workers: 4
[3223.296s][debug][gc,phases      ] GC(139)     Dead                           Min: 0, Avg:  0.2, Max: 1, Diff: 1, Sum: 1, Workers: 4
[3223.296s][debug][gc,phases      ] GC(139)     Total                          Min: 0, Avg: 10800.5, Max: 17219, Diff: 17219, Sum: 43202, Workers: 4
[3223.296s][debug][gc,phases      ] GC(139)   ResolvedMethodTable Weak       Min:  0.0, Avg:  0.0, Max:  0.0, Diff:  0.0, Sum:  0.1, Workers: 4
[3223.296s][debug][gc,phases      ] GC(139)     Dead                           Min: 0, Avg:  0.0, Max: 0, Diff: 0, Sum: 0, Workers: 4
[3223.296s][debug][gc,phases      ] GC(139)     Total                          Min: 0, Avg: 2158.5, Max: 3584, Diff: 3584, Sum: 8634, Workers: 4
[3223.296s][debug][gc,phases      ] GC(139)   JNI Weak                       Min:  0.0, Avg:  0.0, Max:  0.0, Diff:  0.0, Sum:  0.0, Workers: 4
[3223.296s][debug][gc,phases      ] GC(139)     Dead                           Min: 0, Avg:  0.0, Max: 0, Diff: 0, Sum: 0, Workers: 4
[3223.296s][debug][gc,phases      ] GC(139)     Total                          Min: 0, Avg: 11.2, Max: 45, Diff: 45, Sum: 45, Workers: 4
[3223.296s][debug][gc,phases      ] GC(139)   StringDedup Table Weak         Min:  0.0, Avg:  0.0, Max:  0.0, Diff:  0.0, Sum:  0.0, Workers: 4
[3223.296s][debug][gc,phases      ] GC(139)     Dead                           Min: 0, Avg:  0.0, Max: 0, Diff: 0, Sum: 0, Workers: 4
[3223.296s][debug][gc,phases      ] GC(139)     Total                          Min: 0, Avg:  0.0, Max: 0, Diff: 0, Sum: 0, Workers: 4
[3223.296s][debug][gc,phases      ] GC(139)   StringDedup Requests0 Weak     Min:  0.0, Avg:  0.0, Max:  0.0, Diff:  0.0, Sum:  0.0, Workers: 4
[3223.296s][debug][gc,phases      ] GC(139)     Dead                           Min: 0, Avg:  0.0, Max: 0, Diff: 0, Sum: 0, Workers: 4
[3223.296s][debug][gc,phases      ] GC(139)     Total                          Min: 0, Avg:  0.0, Max: 0, Diff: 0, Sum: 0, Workers: 4
[3223.296s][debug][gc,phases      ] GC(139)   StringDedup Requests1 Weak     Min:  0.0, Avg:  0.0, Max:  0.0, Diff:  0.0, Sum:  0.0, Workers: 4
[3223.296s][debug][gc,phases      ] GC(139)     Dead                           Min: 0, Avg:  0.0, Max: 0, Diff: 0, Sum: 0, Workers: 4
[3223.296s][debug][gc,phases      ] GC(139)     Total                          Min: 0, Avg:  0.0, Max: 0, Diff: 0, Sum: 0, Workers: 4
[3223.296s][debug][gc,phases      ] GC(139)   Weak JFR Old Object Samples    Min:  0.0, Avg:  0.0, Max:  0.0, Diff:  0.0, Sum:  0.0, Workers: 4
[3223.296s][debug][gc,phases      ] GC(139)     Dead                           Min: 0, Avg:  0.0, Max: 0, Diff: 0, Sum: 0, Workers: 4
[3223.296s][debug][gc,phases      ] GC(139)     Total                          Min: 0, Avg:  0.0, Max: 0, Diff: 0, Sum: 0, Workers: 4
[3223.296s][debug][gc,phases      ] GC(139) Weak Processing 0.313ms
[3223.296s][debug][gc,age         ] GC(139) Desired survivor size 2621440 bytes, new threshold 15 (max threshold 15)
[3223.296s][info ][gc,heap        ] GC(139) PSYoungGen: 2092736K(2094080K)->1280K(2094592K) Eden: 2091520K(2091520K)->0K(2092032K) From: 1216K(2560K)->1280K(2560K)
[3223.296s][info ][gc,heap        ] GC(139) ParOldGen: 344302K(446976K)->344326K(446976K)
[3223.296s][info ][gc,metaspace   ] GC(139) Metaspace: 79386K(80256K)->79386K(80256K) NonClass: 68072K(68544K)->68072K(68544K) Class: 11313K(11712K)->11313K(11712K)
[3223.296s][info ][gc             ] GC(139) Pause Young (Allocation Failure) 2379M->337M(2482M) 2.358ms
[3223.296s][info ][gc,cpu         ] GC(139) User=0.00s Sys=0.00s Real=0.00s
[3223.296s][info ][safepoint      ] Safepoint "ParallelGCFailedAllocation", Time since last: 4127636276 ns, Reaching safepoint: 62600 ns, At safepoint: 2423613 ns, Total: 2486213 ns
[3233.296s][info ][safepoint      ] Safepoint "Cleanup", Time since last: 10000599417 ns, Reaching safepoint: 51600 ns, At safepoint: 28901 ns, Total: 80501 ns
[3248.912s][info ][gc,start       ] GC(140) Pause Young (Allocation Failure)
[3248.914s][debug][gc,phases      ] GC(140) Scavenge 1.427ms
[3248.914s][debug][gc,ref         ] GC(140) Skipped phase 1 of Reference Processing: no references
[3248.914s][debug][gc,ref         ] GC(140) ReferenceProcessor::execute queues: 1, RefProcThreadModel::Single, marks_oops_alive: false
[3248.914s][debug][gc,ref         ] GC(140) Skipped phase 3 of Reference Processing: no references
[3248.914s][debug][gc,ref         ] GC(140) ReferenceProcessor::execute queues: 1, RefProcThreadModel::Single, marks_oops_alive: false
[3248.914s][debug][gc,phases      ] GC(140) Reference Processing 0.099ms
[3248.914s][debug][gc,phases      ] GC(140)   VM Weak                        Min:  0.0, Avg:  0.0, Max:  0.0, Diff:  0.0, Sum:  0.0, Workers: 4
[3248.914s][debug][gc,phases      ] GC(140)     Dead                           Min: 0, Avg:  0.0, Max: 0, Diff: 0, Sum: 0, Workers: 4
[3248.914s][debug][gc,phases      ] GC(140)     Total                          Min: 0, Avg: 183.5, Max: 734, Diff: 734, Sum: 734, Workers: 4
[3248.914s][debug][gc,phases      ] GC(140)   ObjectSynchronizer Weak        Min:  0.0, Avg:  0.0, Max:  0.0, Diff:  0.0, Sum:  0.0, Workers: 4
[3248.914s][debug][gc,phases      ] GC(140)     Dead                           Min: 0, Avg:  0.0, Max: 0, Diff: 0, Sum: 0, Workers: 4
[3248.914s][debug][gc,phases      ] GC(140)     Total                          Min: 0, Avg:  8.0, Max: 32, Diff: 32, Sum: 32, Workers: 4
[3248.914s][debug][gc,phases      ] GC(140)   JVMTI Tag Weak OopStorage      Min:  0.0, Avg:  0.0, Max:  0.0, Diff:  0.0, Sum:  0.0, Workers: 4
[3248.914s][debug][gc,phases      ] GC(140)     Dead                           Min: 0, Avg:  0.0, Max: 0, Diff: 0, Sum: 0, Workers: 4
[3248.914s][debug][gc,phases      ] GC(140)     Total                          Min: 0, Avg:  0.0, Max: 0, Diff: 0, Sum: 0, Workers: 4
[3248.914s][debug][gc,phases      ] GC(140)   StringTable Weak               Min:  0.0, Avg:  0.1, Max:  0.1, Diff:  0.1, Sum:  0.3, Workers: 4
[3248.914s][debug][gc,phases      ] GC(140)     Dead                           Min: 0, Avg:  0.0, Max: 0, Diff: 0, Sum: 0, Workers: 4
[3248.914s][debug][gc,phases      ] GC(140)     Total                          Min: 0, Avg: 10800.5, Max: 17795, Diff: 17795, Sum: 43202, Workers: 4
[3248.914s][debug][gc,phases      ] GC(140)   ResolvedMethodTable Weak       Min:  0.0, Avg:  0.0, Max:  0.0, Diff:  0.0, Sum:  0.1, Workers: 4
[3248.914s][debug][gc,phases      ] GC(140)     Dead                           Min: 0, Avg:  0.0, Max: 0, Diff: 0, Sum: 0, Workers: 4
[3248.914s][debug][gc,phases      ] GC(140)     Total                          Min: 0, Avg: 2158.5, Max: 3648, Diff: 3648, Sum: 8634, Workers: 4
[3248.914s][debug][gc,phases      ] GC(140)   JNI Weak                       Min:  0.0, Avg:  0.0, Max:  0.0, Diff:  0.0, Sum:  0.0, Workers: 4
[3248.914s][debug][gc,phases      ] GC(140)     Dead                           Min: 0, Avg:  0.0, Max: 0, Diff: 0, Sum: 0, Workers: 4
[3248.914s][debug][gc,phases      ] GC(140)     Total                          Min: 0, Avg: 11.2, Max: 45, Diff: 45, Sum: 45, Workers: 4
[3248.914s][debug][gc,phases      ] GC(140)   StringDedup Table Weak         Min:  0.0, Avg:  0.0, Max:  0.0, Diff:  0.0, Sum:  0.0, Workers: 4
[3248.914s][debug][gc,phases      ] GC(140)     Dead                           Min: 0, Avg:  0.0, Max: 0, Diff: 0, Sum: 0, Workers: 4
[3248.914s][debug][gc,phases      ] GC(140)     Total                          Min: 0, Avg:  0.0, Max: 0, Diff: 0, Sum: 0, Workers: 4
[3248.914s][debug][gc,phases      ] GC(140)   StringDedup Requests0 Weak     Min:  0.0, Avg:  0.0, Max:  0.0, Diff:  0.0, Sum:  0.0, Workers: 4
[3248.914s][debug][gc,phases      ] GC(140)     Dead                           Min: 0, Avg:  0.0, Max: 0, Diff: 0, Sum: 0, Workers: 4
[3248.914s][debug][gc,phases      ] GC(140)     Total                          Min: 0, Avg:  0.0, Max: 0, Diff: 0, Sum: 0, Workers: 4
[3248.914s][debug][gc,phases      ] GC(140)   StringDedup Requests1 Weak     Min:  0.0, Avg:  0.0, Max:  0.0, Diff:  0.0, Sum:  0.0, Workers: 4
[3248.914s][debug][gc,phases      ] GC(140)     Dead                           Min: 0, Avg:  0.0, Max: 0, Diff: 0, Sum: 0, Workers: 4
[3248.914s][debug][gc,phases      ] GC(140)     Total                          Min: 0, Avg:  0.0, Max: 0, Diff: 0, Sum: 0, Workers: 4
[3248.914s][debug][gc,phases      ] GC(140)   Weak JFR Old Object Samples    Min:  0.0, Avg:  0.0, Max:  0.0, Diff:  0.0, Sum:  0.0, Workers: 4
[3248.914s][debug][gc,phases      ] GC(140)     Dead                           Min: 0, Avg:  0.0, Max: 0, Diff: 0, Sum: 0, Workers: 4
[3248.914s][debug][gc,phases      ] GC(140)     Total                          Min: 0, Avg:  0.0, Max: 0, Diff: 0, Sum: 0, Workers: 4
[3248.914s][debug][gc,phases      ] GC(140) Weak Processing 0.301ms
[3248.914s][debug][gc,age         ] GC(140) Desired survivor size 2621440 bytes, new threshold 15 (max threshold 15)
[3248.914s][info ][gc,heap        ] GC(140) PSYoungGen: 2093312K(2094592K)->1248K(2094592K) Eden: 2092032K(2092032K)->0K(2092032K) From: 1280K(2560K)->1248K(2560K)
[3248.914s][info ][gc,heap        ] GC(140) ParOldGen: 344326K(446976K)->344358K(446976K)
[3248.914s][info ][gc,metaspace   ] GC(140) Metaspace: 79388K(80256K)->79388K(80256K) NonClass: 68074K(68544K)->68074K(68544K) Class: 11313K(11712K)->11313K(11712K)
[3248.914s][info ][gc             ] GC(140) Pause Young (Allocation Failure) 2380M->337M(2482M) 1.919ms
[3248.914s][info ][gc,cpu         ] GC(140) User=0.00s Sys=0.00s Real=0.00s
[3248.914s][info ][safepoint      ] Safepoint "ParallelGCFailedAllocation", Time since last: 15615643497 ns, Reaching safepoint: 34500 ns, At safepoint: 1982610 ns, Total: 2017110 ns
[3274.112s][info ][gc,start       ] GC(141) Pause Young (Allocation Failure)
[3274.114s][debug][gc,phases      ] GC(141) Scavenge 1.932ms
[3274.114s][debug][gc,ref         ] GC(141) Skipped phase 1 of Reference Processing: no references
[3274.114s][debug][gc,ref         ] GC(141) ReferenceProcessor::execute queues: 1, RefProcThreadModel::Single, marks_oops_alive: false
[3274.114s][debug][gc,ref         ] GC(141) Skipped phase 3 of Reference Processing: no references
[3274.114s][debug][gc,ref         ] GC(141) ReferenceProcessor::execute queues: 1, RefProcThreadModel::Single, marks_oops_alive: false
[3274.114s][debug][gc,phases      ] GC(141) Reference Processing 0.098ms
[3274.114s][debug][gc,phases      ] GC(141)   VM Weak                        Min:  0.0, Avg:  0.0, Max:  0.0, Diff:  0.0, Sum:  0.0, Workers: 4
[3274.114s][debug][gc,phases      ] GC(141)     Dead                           Min: 0, Avg:  0.0, Max: 0, Diff: 0, Sum: 0, Workers: 4
[3274.114s][debug][gc,phases      ] GC(141)     Total                          Min: 0, Avg: 183.5, Max: 576, Diff: 576, Sum: 734, Workers: 4
[3274.114s][debug][gc,phases      ] GC(141)   ObjectSynchronizer Weak        Min:  0.0, Avg:  0.0, Max:  0.0, Diff:  0.0, Sum:  0.0, Workers: 4
[3274.114s][debug][gc,phases      ] GC(141)     Dead                           Min: 0, Avg:  0.0, Max: 0, Diff: 0, Sum: 0, Workers: 4
[3274.114s][debug][gc,phases      ] GC(141)     Total                          Min: 0, Avg:  8.0, Max: 32, Diff: 32, Sum: 32, Workers: 4
[3274.114s][debug][gc,phases      ] GC(141)   JVMTI Tag Weak OopStorage      Min:  0.0, Avg:  0.0, Max:  0.0, Diff:  0.0, Sum:  0.0, Workers: 4
[3274.114s][debug][gc,phases      ] GC(141)     Dead                           Min: 0, Avg:  0.0, Max: 0, Diff: 0, Sum: 0, Workers: 4
[3274.114s][debug][gc,phases      ] GC(141)     Total                          Min: 0, Avg:  0.0, Max: 0, Diff: 0, Sum: 0, Workers: 4
[3274.114s][debug][gc,phases      ] GC(141)   StringTable Weak               Min:  0.0, Avg:  0.1, Max:  0.1, Diff:  0.1, Sum:  0.3, Workers: 4
[3274.114s][debug][gc,phases      ] GC(141)     Dead                           Min: 0, Avg:  0.0, Max: 0, Diff: 0, Sum: 0, Workers: 4
[3274.114s][debug][gc,phases      ] GC(141)     Total                          Min: 0, Avg: 10800.5, Max: 18687, Diff: 18687, Sum: 43202, Workers: 4
[3274.114s][debug][gc,phases      ] GC(141)   ResolvedMethodTable Weak       Min:  0.0, Avg:  0.0, Max:  0.0, Diff:  0.0, Sum:  0.1, Workers: 4
[3274.114s][debug][gc,phases      ] GC(141)     Dead                           Min: 0, Avg:  0.0, Max: 0, Diff: 0, Sum: 0, Workers: 4
[3274.114s][debug][gc,phases      ] GC(141)     Total                          Min: 0, Avg: 2158.5, Max: 3776, Diff: 3776, Sum: 8634, Workers: 4
[3274.114s][debug][gc,phases      ] GC(141)   JNI Weak                       Min:  0.0, Avg:  0.0, Max:  0.0, Diff:  0.0, Sum:  0.0, Workers: 4
[3274.115s][debug][gc,phases      ] GC(141)     Dead                           Min: 0, Avg:  0.0, Max: 0, Diff: 0, Sum: 0, Workers: 4
[3274.115s][debug][gc,phases      ] GC(141)     Total                          Min: 0, Avg: 11.2, Max: 45, Diff: 45, Sum: 45, Workers: 4
[3274.115s][debug][gc,phases      ] GC(141)   StringDedup Table Weak         Min:  0.0, Avg:  0.0, Max:  0.0, Diff:  0.0, Sum:  0.0, Workers: 4
[3274.115s][debug][gc,phases      ] GC(141)     Dead                           Min: 0, Avg:  0.0, Max: 0, Diff: 0, Sum: 0, Workers: 4
[3274.115s][debug][gc,phases      ] GC(141)     Total                          Min: 0, Avg:  0.0, Max: 0, Diff: 0, Sum: 0, Workers: 4
[3274.115s][debug][gc,phases      ] GC(141)   StringDedup Requests0 Weak     Min:  0.0, Avg:  0.0, Max:  0.0, Diff:  0.0, Sum:  0.0, Workers: 4
[3274.115s][debug][gc,phases      ] GC(141)     Dead                           Min: 0, Avg:  0.0, Max: 0, Diff: 0, Sum: 0, Workers: 4
[3274.115s][debug][gc,phases      ] GC(141)     Total                          Min: 0, Avg:  0.0, Max: 0, Diff: 0, Sum: 0, Workers: 4
[3274.115s][debug][gc,phases      ] GC(141)   StringDedup Requests1 Weak     Min:  0.0, Avg:  0.0, Max:  0.0, Diff:  0.0, Sum:  0.0, Workers: 4
[3274.115s][debug][gc,phases      ] GC(141)     Dead                           Min: 0, Avg:  0.0, Max: 0, Diff: 0, Sum: 0, Workers: 4
[3274.115s][debug][gc,phases      ] GC(141)     Total                          Min: 0, Avg:  0.0, Max: 0, Diff: 0, Sum: 0, Workers: 4
[3274.115s][debug][gc,phases      ] GC(141)   Weak JFR Old Object Samples    Min:  0.0, Avg:  0.0, Max:  0.0, Diff:  0.0, Sum:  0.0, Workers: 4
[3274.115s][debug][gc,phases      ] GC(141)     Dead                           Min: 0, Avg:  0.0, Max: 0, Diff: 0, Sum: 0, Workers: 4
[3274.115s][debug][gc,phases      ] GC(141)     Total                          Min: 0, Avg:  0.0, Max: 0, Diff: 0, Sum: 0, Workers: 4
[3274.115s][debug][gc,phases      ] GC(141) Weak Processing 0.323ms
[3274.115s][debug][gc,age         ] GC(141) Desired survivor size 2621440 bytes, new threshold 15 (max threshold 15)
[3274.115s][info ][gc,heap        ] GC(141) PSYoungGen: 2093280K(2094592K)->1376K(2094592K) Eden: 2092032K(2092032K)->0K(2092032K) From: 1248K(2560K)->1376K(2560K)
[3274.115s][info ][gc,heap        ] GC(141) ParOldGen: 344358K(446976K)->344382K(446976K)
[3274.115s][info ][gc,metaspace   ] GC(141) Metaspace: 79388K(80256K)->79388K(80256K) NonClass: 68074K(68544K)->68074K(68544K) Class: 11313K(11712K)->11313K(11712K)
[3274.115s][info ][gc             ] GC(141) Pause Young (Allocation Failure) 2380M->337M(2482M) 2.438ms
[3274.115s][info ][gc,cpu         ] GC(141) User=0.00s Sys=0.01s Real=0.00s
[3274.115s][info ][safepoint      ] Safepoint "ParallelGCFailedAllocation", Time since last: 25197989949 ns, Reaching safepoint: 95500 ns, At safepoint: 2537413 ns, Total: 2632913 ns
[3299.189s][info ][gc,start       ] GC(142) Pause Young (Allocation Failure)
[3299.192s][debug][gc,phases      ] GC(142) Scavenge 2.228ms
[3299.192s][debug][gc,ref         ] GC(142) Skipped phase 1 of Reference Processing: no references
[3299.192s][debug][gc,ref         ] GC(142) Skipped phase 2 of Reference Processing: no references
[3299.192s][debug][gc,ref         ] GC(142) Skipped phase 3 of Reference Processing: no references
[3299.192s][debug][gc,ref         ] GC(142) ReferenceProcessor::execute queues: 1, RefProcThreadModel::Single, marks_oops_alive: false
[3299.192s][debug][gc,phases      ] GC(142) Reference Processing 0.085ms
[3299.192s][debug][gc,phases      ] GC(142)   VM Weak                        Min:  0.0, Avg:  0.0, Max:  0.0, Diff:  0.0, Sum:  0.0, Workers: 4
[3299.192s][debug][gc,phases      ] GC(142)     Dead                           Min: 0, Avg:  0.0, Max: 0, Diff: 0, Sum: 0, Workers: 4
[3299.192s][debug][gc,phases      ] GC(142)     Total                          Min: 0, Avg: 183.5, Max: 414, Diff: 414, Sum: 734, Workers: 4
[3299.192s][debug][gc,phases      ] GC(142)   ObjectSynchronizer Weak        Min:  0.0, Avg:  0.0, Max:  0.0, Diff:  0.0, Sum:  0.0, Workers: 4
[3299.192s][debug][gc,phases      ] GC(142)     Dead                           Min: 0, Avg:  0.0, Max: 0, Diff: 0, Sum: 0, Workers: 4
[3299.192s][debug][gc,phases      ] GC(142)     Total                          Min: 0, Avg:  8.0, Max: 32, Diff: 32, Sum: 32, Workers: 4
[3299.192s][debug][gc,phases      ] GC(142)   JVMTI Tag Weak OopStorage      Min:  0.0, Avg:  0.0, Max:  0.0, Diff:  0.0, Sum:  0.0, Workers: 4
[3299.192s][debug][gc,phases      ] GC(142)     Dead                           Min: 0, Avg:  0.0, Max: 0, Diff: 0, Sum: 0, Workers: 4
[3299.192s][debug][gc,phases      ] GC(142)     Total                          Min: 0, Avg:  0.0, Max: 0, Diff: 0, Sum: 0, Workers: 4
[3299.192s][debug][gc,phases      ] GC(142)   StringTable Weak               Min:  0.0, Avg:  0.1, Max:  0.1, Diff:  0.1, Sum:  0.3, Workers: 4
[3299.192s][debug][gc,phases      ] GC(142)     Dead                           Min: 0, Avg:  0.0, Max: 0, Diff: 0, Sum: 0, Workers: 4
[3299.192s][debug][gc,phases      ] GC(142)     Total                          Min: 0, Avg: 10800.5, Max: 18883, Diff: 18883, Sum: 43202, Workers: 4
[3299.192s][debug][gc,phases      ] GC(142)   ResolvedMethodTable Weak       Min:  0.0, Avg:  0.0, Max:  0.0, Diff:  0.0, Sum:  0.1, Workers: 4
[3299.192s][debug][gc,phases      ] GC(142)     Dead                           Min: 0, Avg:  0.0, Max: 0, Diff: 0, Sum: 0, Workers: 4
[3299.192s][debug][gc,phases      ] GC(142)     Total                          Min: 0, Avg: 2158.5, Max: 3648, Diff: 3648, Sum: 8634, Workers: 4
[3299.192s][debug][gc,phases      ] GC(142)   JNI Weak                       Min:  0.0, Avg:  0.0, Max:  0.0, Diff:  0.0, Sum:  0.0, Workers: 4
[3299.192s][debug][gc,phases      ] GC(142)     Dead                           Min: 0, Avg:  0.0, Max: 0, Diff: 0, Sum: 0, Workers: 4
[3299.192s][debug][gc,phases      ] GC(142)     Total                          Min: 0, Avg: 11.2, Max: 45, Diff: 45, Sum: 45, Workers: 4
[3299.192s][debug][gc,phases      ] GC(142)   StringDedup Table Weak         Min:  0.0, Avg:  0.0, Max:  0.0, Diff:  0.0, Sum:  0.0, Workers: 4
[3299.192s][debug][gc,phases      ] GC(142)     Dead                           Min: 0, Avg:  0.0, Max: 0, Diff: 0, Sum: 0, Workers: 4
[3299.192s][debug][gc,phases      ] GC(142)     Total                          Min: 0, Avg:  0.0, Max: 0, Diff: 0, Sum: 0, Workers: 4
[3299.192s][debug][gc,phases      ] GC(142)   StringDedup Requests0 Weak     Min:  0.0, Avg:  0.0, Max:  0.0, Diff:  0.0, Sum:  0.0, Workers: 4
[3299.192s][debug][gc,phases      ] GC(142)     Dead                           Min: 0, Avg:  0.0, Max: 0, Diff: 0, Sum: 0, Workers: 4
[3299.192s][debug][gc,phases      ] GC(142)     Total                          Min: 0, Avg:  0.0, Max: 0, Diff: 0, Sum: 0, Workers: 4
[3299.192s][debug][gc,phases      ] GC(142)   StringDedup Requests1 Weak     Min:  0.0, Avg:  0.0, Max:  0.0, Diff:  0.0, Sum:  0.0, Workers: 4
[3299.192s][debug][gc,phases      ] GC(142)     Dead                           Min: 0, Avg:  0.0, Max: 0, Diff: 0, Sum: 0, Workers: 4
[3299.192s][debug][gc,phases      ] GC(142)     Total                          Min: 0, Avg:  0.0, Max: 0, Diff: 0, Sum: 0, Workers: 4
[3299.192s][debug][gc,phases      ] GC(142)   Weak JFR Old Object Samples    Min:  0.0, Avg:  0.0, Max:  0.0, Diff:  0.0, Sum:  0.0, Workers: 4
[3299.192s][debug][gc,phases      ] GC(142)     Dead                           Min: 0, Avg:  0.0, Max: 0, Diff: 0, Sum: 0, Workers: 4
[3299.192s][debug][gc,phases      ] GC(142)     Total                          Min: 0, Avg:  0.0, Max: 0, Diff: 0, Sum: 0, Workers: 4
[3299.192s][debug][gc,phases      ] GC(142) Weak Processing 0.294ms
[3299.192s][debug][gc,age         ] GC(142) Desired survivor size 2097152 bytes, new threshold 15 (max threshold 15)
[3299.192s][info ][gc,heap        ] GC(142) PSYoungGen: 2093408K(2094592K)->1248K(2094592K) Eden: 2092032K(2092032K)->0K(2092032K) From: 1376K(2560K)->1248K(2560K)
[3299.192s][info ][gc,heap        ] GC(142) ParOldGen: 344382K(446976K)->344422K(446976K)
[3299.192s][info ][gc,metaspace   ] GC(142) Metaspace: 79388K(80256K)->79388K(80256K) NonClass: 68074K(68544K)->68074K(68544K) Class: 11313K(11712K)->11313K(11712K)
[3299.192s][info ][gc             ] GC(142) Pause Young (Allocation Failure) 2380M->337M(2482M) 2.700ms
[3299.192s][info ][gc,cpu         ] GC(142) User=0.01s Sys=0.00s Real=0.01s
[3299.192s][info ][safepoint      ] Safepoint "ParallelGCFailedAllocation", Time since last: 25074647165 ns, Reaching safepoint: 41800 ns, At safepoint: 2799414 ns, Total: 2841214 ns
[3312.193s][info ][safepoint      ] Safepoint "Cleanup", Time since last: 13000844866 ns, Reaching safepoint: 106000 ns, At safepoint: 8100 ns, Total: 114100 ns
[3322.194s][info ][safepoint      ] Safepoint "Cleanup", Time since last: 10000622931 ns, Reaching safepoint: 43501 ns, At safepoint: 2600 ns, Total: 46101 ns
[3324.340s][info ][gc,start       ] GC(143) Pause Young (Allocation Failure)
[3324.342s][debug][gc,phases      ] GC(143) Scavenge 2.063ms
[3324.342s][debug][gc,ref         ] GC(143) Skipped phase 1 of Reference Processing: no references
[3324.342s][debug][gc,ref         ] GC(143) ReferenceProcessor::execute queues: 1, RefProcThreadModel::Single, marks_oops_alive: false
[3324.342s][debug][gc,ref         ] GC(143) Skipped phase 3 of Reference Processing: no references
[3324.342s][debug][gc,ref         ] GC(143) ReferenceProcessor::execute queues: 1, RefProcThreadModel::Single, marks_oops_alive: false
[3324.342s][debug][gc,phases      ] GC(143) Reference Processing 0.089ms
[3324.343s][debug][gc,phases      ] GC(143)   VM Weak                        Min:  0.0, Avg:  0.0, Max:  0.0, Diff:  0.0, Sum:  0.0, Workers: 4
[3324.343s][debug][gc,phases      ] GC(143)     Dead                           Min: 0, Avg:  0.0, Max: 0, Diff: 0, Sum: 0, Workers: 4
[3324.343s][debug][gc,phases      ] GC(143)     Total                          Min: 0, Avg: 183.5, Max: 734, Diff: 734, Sum: 734, Workers: 4
[3324.343s][debug][gc,phases      ] GC(143)   ObjectSynchronizer Weak        Min:  0.0, Avg:  0.0, Max:  0.0, Diff:  0.0, Sum:  0.0, Workers: 4
[3324.343s][debug][gc,phases      ] GC(143)     Dead                           Min: 0, Avg:  0.0, Max: 0, Diff: 0, Sum: 0, Workers: 4
[3324.343s][debug][gc,phases      ] GC(143)     Total                          Min: 0, Avg:  8.0, Max: 32, Diff: 32, Sum: 32, Workers: 4
[3324.343s][debug][gc,phases      ] GC(143)   JVMTI Tag Weak OopStorage      Min:  0.0, Avg:  0.0, Max:  0.0, Diff:  0.0, Sum:  0.0, Workers: 4
[3324.343s][debug][gc,phases      ] GC(143)     Dead                           Min: 0, Avg:  0.0, Max: 0, Diff: 0, Sum: 0, Workers: 4
[3324.343s][debug][gc,phases      ] GC(143)     Total                          Min: 0, Avg:  0.0, Max: 0, Diff: 0, Sum: 0, Workers: 4
[3324.343s][debug][gc,phases      ] GC(143)   StringTable Weak               Min:  0.0, Avg:  0.1, Max:  0.1, Diff:  0.1, Sum:  0.3, Workers: 4
[3324.343s][debug][gc,phases      ] GC(143)     Dead                           Min: 0, Avg:  0.0, Max: 0, Diff: 0, Sum: 0, Workers: 4
[3324.343s][debug][gc,phases      ] GC(143)     Total                          Min: 0, Avg: 10800.5, Max: 17535, Diff: 17535, Sum: 43202, Workers: 4
[3324.343s][debug][gc,phases      ] GC(143)   ResolvedMethodTable Weak       Min:  0.0, Avg:  0.0, Max:  0.0, Diff:  0.0, Sum:  0.1, Workers: 4
[3324.343s][debug][gc,phases      ] GC(143)     Dead                           Min: 0, Avg:  0.0, Max: 0, Diff: 0, Sum: 0, Workers: 4
[3324.343s][debug][gc,phases      ] GC(143)     Total                          Min: 0, Avg: 2158.5, Max: 3776, Diff: 3776, Sum: 8634, Workers: 4
[3324.343s][debug][gc,phases      ] GC(143)   JNI Weak                       Min:  0.0, Avg:  0.0, Max:  0.0, Diff:  0.0, Sum:  0.0, Workers: 4
[3324.343s][debug][gc,phases      ] GC(143)     Dead                           Min: 0, Avg:  0.0, Max: 0, Diff: 0, Sum: 0, Workers: 4
[3324.343s][debug][gc,phases      ] GC(143)     Total                          Min: 0, Avg: 11.2, Max: 45, Diff: 45, Sum: 45, Workers: 4
[3324.343s][debug][gc,phases      ] GC(143)   StringDedup Table Weak         Min:  0.0, Avg:  0.0, Max:  0.0, Diff:  0.0, Sum:  0.0, Workers: 4
[3324.343s][debug][gc,phases      ] GC(143)     Dead                           Min: 0, Avg:  0.0, Max: 0, Diff: 0, Sum: 0, Workers: 4
[3324.343s][debug][gc,phases      ] GC(143)     Total                          Min: 0, Avg:  0.0, Max: 0, Diff: 0, Sum: 0, Workers: 4
[3324.343s][debug][gc,phases      ] GC(143)   StringDedup Requests0 Weak     Min:  0.0, Avg:  0.0, Max:  0.0, Diff:  0.0, Sum:  0.0, Workers: 4
[3324.343s][debug][gc,phases      ] GC(143)     Dead                           Min: 0, Avg:  0.0, Max: 0, Diff: 0, Sum: 0, Workers: 4
[3324.343s][debug][gc,phases      ] GC(143)     Total                          Min: 0, Avg:  0.0, Max: 0, Diff: 0, Sum: 0, Workers: 4
[3324.343s][debug][gc,phases      ] GC(143)   StringDedup Requests1 Weak     Min:  0.0, Avg:  0.0, Max:  0.0, Diff:  0.0, Sum:  0.0, Workers: 4
[3324.343s][debug][gc,phases      ] GC(143)     Dead                           Min: 0, Avg:  0.0, Max: 0, Diff: 0, Sum: 0, Workers: 4
[3324.343s][debug][gc,phases      ] GC(143)     Total                          Min: 0, Avg:  0.0, Max: 0, Diff: 0, Sum: 0, Workers: 4
[3324.343s][debug][gc,phases      ] GC(143)   Weak JFR Old Object Samples    Min:  0.0, Avg:  0.0, Max:  0.0, Diff:  0.0, Sum:  0.0, Workers: 4
[3324.343s][debug][gc,phases      ] GC(143)     Dead                           Min: 0, Avg:  0.0, Max: 0, Diff: 0, Sum: 0, Workers: 4
[3324.343s][debug][gc,phases      ] GC(143)     Total                          Min: 0, Avg:  0.0, Max: 0, Diff: 0, Sum: 0, Workers: 4
[3324.343s][debug][gc,phases      ] GC(143) Weak Processing 0.296ms
[3324.343s][debug][gc,age         ] GC(143) Desired survivor size 2097152 bytes, new threshold 15 (max threshold 15)
[3324.343s][info ][gc,heap        ] GC(143) PSYoungGen: 2093280K(2094592K)->1312K(2095104K) Eden: 2092032K(2092032K)->0K(2093056K) From: 1248K(2560K)->1312K(2048K)
[3324.343s][info ][gc,heap        ] GC(143) ParOldGen: 344422K(446976K)->344430K(446976K)
[3324.343s][info ][gc,metaspace   ] GC(143) Metaspace: 79396K(80320K)->79396K(80320K) NonClass: 68082K(68608K)->68082K(68608K) Class: 11313K(11712K)->11313K(11712K)
[3324.343s][info ][gc             ] GC(143) Pause Young (Allocation Failure) 2380M->337M(2482M) 2.544ms
[3324.343s][info ][gc,cpu         ] GC(143) User=0.01s Sys=0.00s Real=0.01s
[3324.343s][info ][safepoint      ] Safepoint "ParallelGCFailedAllocation", Time since last: 2146410824 ns, Reaching safepoint: 24100 ns, At safepoint: 2614113 ns, Total: 2638213 ns
[3349.193s][info ][gc,start       ] GC(144) Pause Young (Allocation Failure)
[3349.195s][debug][gc,phases      ] GC(144) Scavenge 2.249ms
[3349.195s][debug][gc,ref         ] GC(144) Skipped phase 1 of Reference Processing: no references
[3349.195s][debug][gc,ref         ] GC(144) Skipped phase 2 of Reference Processing: no references
[3349.195s][debug][gc,ref         ] GC(144) Skipped phase 3 of Reference Processing: no references
[3349.195s][debug][gc,ref         ] GC(144) Skipped phase 4 of Reference Processing: no references
[3349.195s][debug][gc,phases      ] GC(144) Reference Processing 0.019ms
[3349.195s][debug][gc,phases      ] GC(144)   VM Weak                        Min:  0.0, Avg:  0.0, Max:  0.0, Diff:  0.0, Sum:  0.0, Workers: 4
[3349.195s][debug][gc,phases      ] GC(144)     Dead                           Min: 0, Avg:  0.0, Max: 0, Diff: 0, Sum: 0, Workers: 4
[3349.195s][debug][gc,phases      ] GC(144)     Total                          Min: 0, Avg: 183.5, Max: 414, Diff: 414, Sum: 734, Workers: 4
[3349.195s][debug][gc,phases      ] GC(144)   ObjectSynchronizer Weak        Min:  0.0, Avg:  0.0, Max:  0.0, Diff:  0.0, Sum:  0.0, Workers: 4
[3349.195s][debug][gc,phases      ] GC(144)     Dead                           Min: 0, Avg:  0.0, Max: 0, Diff: 0, Sum: 0, Workers: 4
[3349.195s][debug][gc,phases      ] GC(144)     Total                          Min: 0, Avg:  8.0, Max: 32, Diff: 32, Sum: 32, Workers: 4
[3349.195s][debug][gc,phases      ] GC(144)   JVMTI Tag Weak OopStorage      Min:  0.0, Avg:  0.0, Max:  0.0, Diff:  0.0, Sum:  0.0, Workers: 4
[3349.195s][debug][gc,phases      ] GC(144)     Dead                           Min: 0, Avg:  0.0, Max: 0, Diff: 0, Sum: 0, Workers: 4
[3349.195s][debug][gc,phases      ] GC(144)     Total                          Min: 0, Avg:  0.0, Max: 0, Diff: 0, Sum: 0, Workers: 4
[3349.195s][debug][gc,phases      ] GC(144)   StringTable Weak               Min:  0.0, Avg:  0.1, Max:  0.1, Diff:  0.1, Sum:  0.4, Workers: 4
[3349.195s][debug][gc,phases      ] GC(144)     Dead                           Min: 0, Avg:  0.0, Max: 0, Diff: 0, Sum: 0, Workers: 4
[3349.195s][debug][gc,phases      ] GC(144)     Total                          Min: 0, Avg: 10800.5, Max: 16835, Diff: 16835, Sum: 43202, Workers: 4
[3349.195s][debug][gc,phases      ] GC(144)   ResolvedMethodTable Weak       Min:  0.0, Avg:  0.0, Max:  0.0, Diff:  0.0, Sum:  0.1, Workers: 4
[3349.195s][debug][gc,phases      ] GC(144)     Dead                           Min: 0, Avg:  0.0, Max: 0, Diff: 0, Sum: 0, Workers: 4
[3349.195s][debug][gc,phases      ] GC(144)     Total                          Min: 0, Avg: 2158.5, Max: 3642, Diff: 3642, Sum: 8634, Workers: 4
[3349.195s][debug][gc,phases      ] GC(144)   JNI Weak                       Min:  0.0, Avg:  0.0, Max:  0.0, Diff:  0.0, Sum:  0.0, Workers: 4
[3349.195s][debug][gc,phases      ] GC(144)     Dead                           Min: 0, Avg:  0.0, Max: 0, Diff: 0, Sum: 0, Workers: 4
[3349.195s][debug][gc,phases      ] GC(144)     Total                          Min: 0, Avg: 11.2, Max: 45, Diff: 45, Sum: 45, Workers: 4
[3349.195s][debug][gc,phases      ] GC(144)   StringDedup Table Weak         Min:  0.0, Avg:  0.0, Max:  0.0, Diff:  0.0, Sum:  0.0, Workers: 4
[3349.195s][debug][gc,phases      ] GC(144)     Dead                           Min: 0, Avg:  0.0, Max: 0, Diff: 0, Sum: 0, Workers: 4
[3349.195s][debug][gc,phases      ] GC(144)     Total                          Min: 0, Avg:  0.0, Max: 0, Diff: 0, Sum: 0, Workers: 4
[3349.195s][debug][gc,phases      ] GC(144)   StringDedup Requests0 Weak     Min:  0.0, Avg:  0.0, Max:  0.0, Diff:  0.0, Sum:  0.0, Workers: 4
[3349.195s][debug][gc,phases      ] GC(144)     Dead                           Min: 0, Avg:  0.0, Max: 0, Diff: 0, Sum: 0, Workers: 4
[3349.195s][debug][gc,phases      ] GC(144)     Total                          Min: 0, Avg:  0.0, Max: 0, Diff: 0, Sum: 0, Workers: 4
[3349.195s][debug][gc,phases      ] GC(144)   StringDedup Requests1 Weak     Min:  0.0, Avg:  0.0, Max:  0.0, Diff:  0.0, Sum:  0.0, Workers: 4
[3349.195s][debug][gc,phases      ] GC(144)     Dead                           Min: 0, Avg:  0.0, Max: 0, Diff: 0, Sum: 0, Workers: 4
[3349.195s][debug][gc,phases      ] GC(144)     Total                          Min: 0, Avg:  0.0, Max: 0, Diff: 0, Sum: 0, Workers: 4
[3349.195s][debug][gc,phases      ] GC(144)   Weak JFR Old Object Samples    Min:  0.0, Avg:  0.0, Max:  0.0, Diff:  0.0, Sum:  0.0, Workers: 4
[3349.195s][debug][gc,phases      ] GC(144)     Dead                           Min: 0, Avg:  0.0, Max: 0, Diff: 0, Sum: 0, Workers: 4
[3349.195s][debug][gc,phases      ] GC(144)     Total                          Min: 0, Avg:  0.0, Max: 0, Diff: 0, Sum: 0, Workers: 4
[3349.195s][debug][gc,phases      ] GC(144) Weak Processing 0.321ms
[3349.195s][debug][gc,age         ] GC(144) Desired survivor size 2097152 bytes, new threshold 15 (max threshold 15)
[3349.195s][info ][gc,heap        ] GC(144) PSYoungGen: 2094368K(2095104K)->1248K(2095104K) Eden: 2093056K(2093056K)->0K(2093056K) From: 1312K(2048K)->1248K(2048K)
[3349.195s][info ][gc,heap        ] GC(144) ParOldGen: 344430K(446976K)->344462K(446976K)
[3349.195s][info ][gc,metaspace   ] GC(144) Metaspace: 79396K(80320K)->79396K(80320K) NonClass: 68083K(68608K)->68083K(68608K) Class: 11313K(11712K)->11313K(11712K)
[3349.195s][info ][gc             ] GC(144) Pause Young (Allocation Failure) 2381M->337M(2482M) 2.691ms
[3349.195s][info ][gc,cpu         ] GC(144) User=0.01s Sys=0.00s Real=0.00s
[3349.195s][info ][safepoint      ] Safepoint "ParallelGCFailedAllocation", Time since last: 24849654272 ns, Reaching safepoint: 61601 ns, At safepoint: 2755813 ns, Total: 2817414 ns
[3359.196s][info ][safepoint      ] Safepoint "Cleanup", Time since last: 10000640887 ns, Reaching safepoint: 36800 ns, At safepoint: 3600 ns, Total: 40400 ns
[3374.811s][info ][gc,start       ] GC(145) Pause Young (Allocation Failure)
[3374.813s][debug][gc,phases      ] GC(145) Scavenge 2.274ms
[3374.813s][debug][gc,ref         ] GC(145) Skipped phase 1 of Reference Processing: no references
[3374.813s][debug][gc,ref         ] GC(145) Skipped phase 2 of Reference Processing: no references
[3374.813s][debug][gc,ref         ] GC(145) Skipped phase 3 of Reference Processing: no references
[3374.813s][debug][gc,ref         ] GC(145) Skipped phase 4 of Reference Processing: no references
[3374.813s][debug][gc,phases      ] GC(145) Reference Processing 0.020ms
[3374.813s][debug][gc,phases      ] GC(145)   VM Weak                        Min:  0.0, Avg:  0.0, Max:  0.0, Diff:  0.0, Sum:  0.0, Workers: 4
[3374.813s][debug][gc,phases      ] GC(145)     Dead                           Min: 0, Avg:  0.0, Max: 0, Diff: 0, Sum: 0, Workers: 4
[3374.813s][debug][gc,phases      ] GC(145)     Total                          Min: 0, Avg: 183.5, Max: 512, Diff: 512, Sum: 734, Workers: 4
[3374.813s][debug][gc,phases      ] GC(145)   ObjectSynchronizer Weak        Min:  0.0, Avg:  0.0, Max:  0.0, Diff:  0.0, Sum:  0.0, Workers: 4
[3374.813s][debug][gc,phases      ] GC(145)     Dead                           Min: 0, Avg:  0.0, Max: 0, Diff: 0, Sum: 0, Workers: 4
[3374.813s][debug][gc,phases      ] GC(145)     Total                          Min: 0, Avg:  8.0, Max: 32, Diff: 32, Sum: 32, Workers: 4
[3374.813s][debug][gc,phases      ] GC(145)   JVMTI Tag Weak OopStorage      Min:  0.0, Avg:  0.0, Max:  0.0, Diff:  0.0, Sum:  0.0, Workers: 4
[3374.813s][debug][gc,phases      ] GC(145)     Dead                           Min: 0, Avg:  0.0, Max: 0, Diff: 0, Sum: 0, Workers: 4
[3374.813s][debug][gc,phases      ] GC(145)     Total                          Min: 0, Avg:  0.0, Max: 0, Diff: 0, Sum: 0, Workers: 4
[3374.813s][debug][gc,phases      ] GC(145)   StringTable Weak               Min:  0.0, Avg:  0.1, Max:  0.1, Diff:  0.1, Sum:  0.4, Workers: 4
[3374.813s][debug][gc,phases      ] GC(145)     Dead                           Min: 0, Avg:  0.0, Max: 0, Diff: 0, Sum: 0, Workers: 4
[3374.813s][debug][gc,phases      ] GC(145)     Total                          Min: 0, Avg: 10800.5, Max: 15747, Diff: 15747, Sum: 43202, Workers: 4
[3374.813s][debug][gc,phases      ] GC(145)   ResolvedMethodTable Weak       Min:  0.0, Avg:  0.0, Max:  0.0, Diff:  0.0, Sum:  0.1, Workers: 4
[3374.813s][debug][gc,phases      ] GC(145)     Dead                           Min: 0, Avg:  0.0, Max: 0, Diff: 0, Sum: 0, Workers: 4
[3374.813s][debug][gc,phases      ] GC(145)     Total                          Min: 0, Avg: 2158.5, Max: 3584, Diff: 3584, Sum: 8634, Workers: 4
[3374.813s][debug][gc,phases      ] GC(145)   JNI Weak                       Min:  0.0, Avg:  0.0, Max:  0.0, Diff:  0.0, Sum:  0.0, Workers: 4
[3374.813s][debug][gc,phases      ] GC(145)     Dead                           Min: 0, Avg:  0.0, Max: 0, Diff: 0, Sum: 0, Workers: 4
[3374.813s][debug][gc,phases      ] GC(145)     Total                          Min: 0, Avg: 11.2, Max: 45, Diff: 45, Sum: 45, Workers: 4
[3374.813s][debug][gc,phases      ] GC(145)   StringDedup Table Weak         Min:  0.0, Avg:  0.0, Max:  0.0, Diff:  0.0, Sum:  0.0, Workers: 4
[3374.813s][debug][gc,phases      ] GC(145)     Dead                           Min: 0, Avg:  0.0, Max: 0, Diff: 0, Sum: 0, Workers: 4
[3374.813s][debug][gc,phases      ] GC(145)     Total                          Min: 0, Avg:  0.0, Max: 0, Diff: 0, Sum: 0, Workers: 4
[3374.813s][debug][gc,phases      ] GC(145)   StringDedup Requests0 Weak     Min:  0.0, Avg:  0.0, Max:  0.0, Diff:  0.0, Sum:  0.0, Workers: 4
[3374.813s][debug][gc,phases      ] GC(145)     Dead                           Min: 0, Avg:  0.0, Max: 0, Diff: 0, Sum: 0, Workers: 4
[3374.813s][debug][gc,phases      ] GC(145)     Total                          Min: 0, Avg:  0.0, Max: 0, Diff: 0, Sum: 0, Workers: 4
[3374.813s][debug][gc,phases      ] GC(145)   StringDedup Requests1 Weak     Min:  0.0, Avg:  0.0, Max:  0.0, Diff:  0.0, Sum:  0.0, Workers: 4
[3374.813s][debug][gc,phases      ] GC(145)     Dead                           Min: 0, Avg:  0.0, Max: 0, Diff: 0, Sum: 0, Workers: 4
[3374.813s][debug][gc,phases      ] GC(145)     Total                          Min: 0, Avg:  0.0, Max: 0, Diff: 0, Sum: 0, Workers: 4
[3374.813s][debug][gc,phases      ] GC(145)   Weak JFR Old Object Samples    Min:  0.0, Avg:  0.0, Max:  0.0, Diff:  0.0, Sum:  0.0, Workers: 4
[3374.813s][debug][gc,phases      ] GC(145)     Dead                           Min: 0, Avg:  0.0, Max: 0, Diff: 0, Sum: 0, Workers: 4
[3374.813s][debug][gc,phases      ] GC(145)     Total                          Min: 0, Avg:  0.0, Max: 0, Diff: 0, Sum: 0, Workers: 4
[3374.813s][debug][gc,phases      ] GC(145) Weak Processing 0.321ms
[3374.813s][debug][gc,age         ] GC(145) Desired survivor size 2097152 bytes, new threshold 15 (max threshold 15)
[3374.813s][info ][gc,heap        ] GC(145) PSYoungGen: 2094304K(2095104K)->1184K(2095104K) Eden: 2093056K(2093056K)->0K(2093056K) From: 1248K(2048K)->1184K(2048K)
[3374.813s][info ][gc,heap        ] GC(145) ParOldGen: 344462K(446976K)->344502K(446976K)
[3374.813s][info ][gc,metaspace   ] GC(145) Metaspace: 79396K(80320K)->79396K(80320K) NonClass: 68083K(68608K)->68083K(68608K) Class: 11313K(11712K)->11313K(11712K)
[3374.813s][info ][gc             ] GC(145) Pause Young (Allocation Failure) 2381M->337M(2482M) 2.697ms
[3374.813s][info ][gc,cpu         ] GC(145) User=0.01s Sys=0.00s Real=0.00s
[3374.813s][info ][safepoint      ] Safepoint "ParallelGCFailedAllocation", Time since last: 15614465559 ns, Reaching safepoint: 56100 ns, At safepoint: 2784813 ns, Total: 2840913 ns
[3399.893s][info ][gc,start       ] GC(146) Pause Young (Allocation Failure)
[3399.896s][debug][gc,phases      ] GC(146) Scavenge 2.850ms
[3399.896s][debug][gc,ref         ] GC(146) Skipped phase 1 of Reference Processing: no references
[3399.896s][debug][gc,ref         ] GC(146) Skipped phase 2 of Reference Processing: no references
[3399.896s][debug][gc,ref         ] GC(146) Skipped phase 3 of Reference Processing: no references
[3399.896s][debug][gc,ref         ] GC(146) ReferenceProcessor::execute queues: 1, RefProcThreadModel::Single, marks_oops_alive: false
[3399.896s][debug][gc,phases      ] GC(146) Reference Processing 0.096ms
[3399.896s][debug][gc,phases      ] GC(146)   VM Weak                        Min:  0.0, Avg:  0.0, Max:  0.0, Diff:  0.0, Sum:  0.0, Workers: 4
[3399.896s][debug][gc,phases      ] GC(146)     Dead                           Min: 0, Avg:  0.0, Max: 0, Diff: 0, Sum: 0, Workers: 4
[3399.896s][debug][gc,phases      ] GC(146)     Total                          Min: 0, Avg: 183.5, Max: 734, Diff: 734, Sum: 734, Workers: 4
[3399.897s][debug][gc,phases      ] GC(146)   ObjectSynchronizer Weak        Min:  0.0, Avg:  0.0, Max:  0.0, Diff:  0.0, Sum:  0.0, Workers: 4
[3399.897s][debug][gc,phases      ] GC(146)     Dead                           Min: 0, Avg:  0.0, Max: 0, Diff: 0, Sum: 0, Workers: 4
[3399.897s][debug][gc,phases      ] GC(146)     Total                          Min: 0, Avg:  8.0, Max: 32, Diff: 32, Sum: 32, Workers: 4
[3399.897s][debug][gc,phases      ] GC(146)   JVMTI Tag Weak OopStorage      Min:  0.0, Avg:  0.0, Max:  0.0, Diff:  0.0, Sum:  0.0, Workers: 4
[3399.897s][debug][gc,phases      ] GC(146)     Dead                           Min: 0, Avg:  0.0, Max: 0, Diff: 0, Sum: 0, Workers: 4
[3399.897s][debug][gc,phases      ] GC(146)     Total                          Min: 0, Avg:  0.0, Max: 0, Diff: 0, Sum: 0, Workers: 4
[3399.897s][debug][gc,phases      ] GC(146)   StringTable Weak               Min:  0.0, Avg:  0.1, Max:  0.1, Diff:  0.1, Sum:  0.3, Workers: 4
[3399.897s][debug][gc,phases      ] GC(146)     Dead                           Min: 0, Avg:  0.0, Max: 0, Diff: 0, Sum: 0, Workers: 4
[3399.897s][debug][gc,phases      ] GC(146)     Total                          Min: 0, Avg: 10800.5, Max: 18495, Diff: 18495, Sum: 43202, Workers: 4
[3399.897s][debug][gc,phases      ] GC(146)   ResolvedMethodTable Weak       Min:  0.0, Avg:  0.0, Max:  0.0, Diff:  0.0, Sum:  0.1, Workers: 4
[3399.897s][debug][gc,phases      ] GC(146)     Dead                           Min: 0, Avg:  0.0, Max: 0, Diff: 0, Sum: 0, Workers: 4
[3399.897s][debug][gc,phases      ] GC(146)     Total                          Min: 0, Avg: 2158.5, Max: 2938, Diff: 2938, Sum: 8634, Workers: 4
[3399.897s][debug][gc,phases      ] GC(146)   JNI Weak                       Min:  0.0, Avg:  0.0, Max:  0.0, Diff:  0.0, Sum:  0.0, Workers: 4
[3399.897s][debug][gc,phases      ] GC(146)     Dead                           Min: 0, Avg:  0.0, Max: 0, Diff: 0, Sum: 0, Workers: 4
[3399.897s][debug][gc,phases      ] GC(146)     Total                          Min: 0, Avg: 11.2, Max: 45, Diff: 45, Sum: 45, Workers: 4
[3399.897s][debug][gc,phases      ] GC(146)   StringDedup Table Weak         Min:  0.0, Avg:  0.0, Max:  0.0, Diff:  0.0, Sum:  0.0, Workers: 4
[3399.897s][debug][gc,phases      ] GC(146)     Dead                           Min: 0, Avg:  0.0, Max: 0, Diff: 0, Sum: 0, Workers: 4
[3399.897s][debug][gc,phases      ] GC(146)     Total                          Min: 0, Avg:  0.0, Max: 0, Diff: 0, Sum: 0, Workers: 4
[3399.897s][debug][gc,phases      ] GC(146)   StringDedup Requests0 Weak     Min:  0.0, Avg:  0.0, Max:  0.0, Diff:  0.0, Sum:  0.0, Workers: 4
[3399.897s][debug][gc,phases      ] GC(146)     Dead                           Min: 0, Avg:  0.0, Max: 0, Diff: 0, Sum: 0, Workers: 4
[3399.897s][debug][gc,phases      ] GC(146)     Total                          Min: 0, Avg:  0.0, Max: 0, Diff: 0, Sum: 0, Workers: 4
[3399.897s][debug][gc,phases      ] GC(146)   StringDedup Requests1 Weak     Min:  0.0, Avg:  0.0, Max:  0.0, Diff:  0.0, Sum:  0.0, Workers: 4
[3399.897s][debug][gc,phases      ] GC(146)     Dead                           Min: 0, Avg:  0.0, Max: 0, Diff: 0, Sum: 0, Workers: 4
[3399.897s][debug][gc,phases      ] GC(146)     Total                          Min: 0, Avg:  0.0, Max: 0, Diff: 0, Sum: 0, Workers: 4
[3399.897s][debug][gc,phases      ] GC(146)   Weak JFR Old Object Samples    Min:  0.0, Avg:  0.0, Max:  0.0, Diff:  0.0, Sum:  0.0, Workers: 4
[3399.897s][debug][gc,phases      ] GC(146)     Dead                           Min: 0, Avg:  0.0, Max: 0, Diff: 0, Sum: 0, Workers: 4
[3399.897s][debug][gc,phases      ] GC(146)     Total                          Min: 0, Avg:  0.0, Max: 0, Diff: 0, Sum: 0, Workers: 4
[3399.897s][debug][gc,phases      ] GC(146) Weak Processing 0.300ms
[3399.897s][debug][gc,age         ] GC(146) Desired survivor size 2097152 bytes, new threshold 15 (max threshold 15)
[3399.897s][info ][gc,heap        ] GC(146) PSYoungGen: 2094240K(2095104K)->1120K(2095104K) Eden: 2093056K(2093056K)->0K(2093056K) From: 1184K(2048K)->1120K(2048K)
[3399.897s][info ][gc,heap        ] GC(146) ParOldGen: 344502K(446976K)->344566K(446976K)
[3399.897s][info ][gc,metaspace   ] GC(146) Metaspace: 79397K(80320K)->79397K(80320K) NonClass: 68084K(68608K)->68084K(68608K) Class: 11313K(11712K)->11313K(11712K)
[3399.897s][info ][gc             ] GC(146) Pause Young (Allocation Failure) 2381M->337M(2482M) 3.348ms
[3399.897s][info ][gc,cpu         ] GC(146) User=0.01s Sys=0.00s Real=0.00s
[3399.897s][info ][safepoint      ] Safepoint "ParallelGCFailedAllocation", Time since last: 25079952013 ns, Reaching safepoint: 28400 ns, At safepoint: 3439517 ns, Total: 3467917 ns
[3425.542s][info ][gc,start       ] GC(147) Pause Young (Allocation Failure)
[3425.544s][debug][gc,phases      ] GC(147) Scavenge 2.260ms
[3425.544s][debug][gc,ref         ] GC(147) Skipped phase 1 of Reference Processing: no references
[3425.544s][debug][gc,ref         ] GC(147) ReferenceProcessor::execute queues: 1, RefProcThreadModel::Single, marks_oops_alive: false
[3425.544s][debug][gc,ref         ] GC(147) Skipped phase 3 of Reference Processing: no references
[3425.544s][debug][gc,ref         ] GC(147) ReferenceProcessor::execute queues: 1, RefProcThreadModel::Single, marks_oops_alive: false
[3425.544s][debug][gc,phases      ] GC(147) Reference Processing 0.073ms
[3425.544s][debug][gc,phases      ] GC(147)   VM Weak                        Min:  0.0, Avg:  0.0, Max:  0.0, Diff:  0.0, Sum:  0.0, Workers: 4
[3425.544s][debug][gc,phases      ] GC(147)     Dead                           Min: 0, Avg:  0.0, Max: 0, Diff: 0, Sum: 0, Workers: 4
[3425.544s][debug][gc,phases      ] GC(147)     Total                          Min: 0, Avg: 183.5, Max: 414, Diff: 414, Sum: 734, Workers: 4
[3425.544s][debug][gc,phases      ] GC(147)   ObjectSynchronizer Weak        Min:  0.0, Avg:  0.0, Max:  0.0, Diff:  0.0, Sum:  0.0, Workers: 4
[3425.544s][debug][gc,phases      ] GC(147)     Dead                           Min: 0, Avg:  0.0, Max: 0, Diff: 0, Sum: 0, Workers: 4
[3425.544s][debug][gc,phases      ] GC(147)     Total                          Min: 0, Avg:  8.0, Max: 32, Diff: 32, Sum: 32, Workers: 4
[3425.544s][debug][gc,phases      ] GC(147)   JVMTI Tag Weak OopStorage      Min:  0.0, Avg:  0.0, Max:  0.0, Diff:  0.0, Sum:  0.0, Workers: 4
[3425.544s][debug][gc,phases      ] GC(147)     Dead                           Min: 0, Avg:  0.0, Max: 0, Diff: 0, Sum: 0, Workers: 4
[3425.544s][debug][gc,phases      ] GC(147)     Total                          Min: 0, Avg:  0.0, Max: 0, Diff: 0, Sum: 0, Workers: 4
[3425.544s][debug][gc,phases      ] GC(147)   StringTable Weak               Min:  0.0, Avg:  0.1, Max:  0.1, Diff:  0.1, Sum:  0.4, Workers: 4
[3425.544s][debug][gc,phases      ] GC(147)     Dead                           Min: 0, Avg:  0.0, Max: 0, Diff: 0, Sum: 0, Workers: 4
[3425.544s][debug][gc,phases      ] GC(147)     Total                          Min: 0, Avg: 10800.5, Max: 16771, Diff: 16771, Sum: 43202, Workers: 4
[3425.544s][debug][gc,phases      ] GC(147)   ResolvedMethodTable Weak       Min:  0.0, Avg:  0.0, Max:  0.0, Diff:  0.0, Sum:  0.1, Workers: 4
[3425.544s][debug][gc,phases      ] GC(147)     Dead                           Min: 0, Avg:  0.0, Max: 0, Diff: 0, Sum: 0, Workers: 4
[3425.544s][debug][gc,phases      ] GC(147)     Total                          Min: 0, Avg: 2158.5, Max: 3776, Diff: 3776, Sum: 8634, Workers: 4
[3425.544s][debug][gc,phases      ] GC(147)   JNI Weak                       Min:  0.0, Avg:  0.0, Max:  0.0, Diff:  0.0, Sum:  0.0, Workers: 4
[3425.544s][debug][gc,phases      ] GC(147)     Dead                           Min: 0, Avg:  0.0, Max: 0, Diff: 0, Sum: 0, Workers: 4
[3425.544s][debug][gc,phases      ] GC(147)     Total                          Min: 0, Avg: 11.2, Max: 45, Diff: 45, Sum: 45, Workers: 4
[3425.544s][debug][gc,phases      ] GC(147)   StringDedup Table Weak         Min:  0.0, Avg:  0.0, Max:  0.0, Diff:  0.0, Sum:  0.0, Workers: 4
[3425.544s][debug][gc,phases      ] GC(147)     Dead                           Min: 0, Avg:  0.0, Max: 0, Diff: 0, Sum: 0, Workers: 4
[3425.544s][debug][gc,phases      ] GC(147)     Total                          Min: 0, Avg:  0.0, Max: 0, Diff: 0, Sum: 0, Workers: 4
[3425.544s][debug][gc,phases      ] GC(147)   StringDedup Requests0 Weak     Min:  0.0, Avg:  0.0, Max:  0.0, Diff:  0.0, Sum:  0.0, Workers: 4
[3425.544s][debug][gc,phases      ] GC(147)     Dead                           Min: 0, Avg:  0.0, Max: 0, Diff: 0, Sum: 0, Workers: 4
[3425.544s][debug][gc,phases      ] GC(147)     Total                          Min: 0, Avg:  0.0, Max: 0, Diff: 0, Sum: 0, Workers: 4
[3425.544s][debug][gc,phases      ] GC(147)   StringDedup Requests1 Weak     Min:  0.0, Avg:  0.0, Max:  0.0, Diff:  0.0, Sum:  0.0, Workers: 4
[3425.544s][debug][gc,phases      ] GC(147)     Dead                           Min: 0, Avg:  0.0, Max: 0, Diff: 0, Sum: 0, Workers: 4
[3425.544s][debug][gc,phases      ] GC(147)     Total                          Min: 0, Avg:  0.0, Max: 0, Diff: 0, Sum: 0, Workers: 4
[3425.544s][debug][gc,phases      ] GC(147)   Weak JFR Old Object Samples    Min:  0.0, Avg:  0.0, Max:  0.0, Diff:  0.0, Sum:  0.0, Workers: 4
[3425.544s][debug][gc,phases      ] GC(147)     Dead                           Min: 0, Avg:  0.0, Max: 0, Diff: 0, Sum: 0, Workers: 4
[3425.544s][debug][gc,phases      ] GC(147)     Total                          Min: 0, Avg:  0.0, Max: 0, Diff: 0, Sum: 0, Workers: 4
[3425.544s][debug][gc,phases      ] GC(147) Weak Processing 0.352ms
[3425.544s][debug][gc,age         ] GC(147) Desired survivor size 2097152 bytes, new threshold 15 (max threshold 15)
[3425.544s][info ][gc,heap        ] GC(147) PSYoungGen: 2094176K(2095104K)->1184K(2095104K) Eden: 2093056K(2093056K)->0K(2093056K) From: 1120K(2048K)->1184K(2048K)
[3425.544s][info ][gc,heap        ] GC(147) ParOldGen: 344566K(446976K)->344614K(446976K)
[3425.544s][info ][gc,metaspace   ] GC(147) Metaspace: 79398K(80320K)->79398K(80320K) NonClass: 68085K(68608K)->68085K(68608K) Class: 11313K(11712K)->11313K(11712K)
[3425.544s][info ][gc             ] GC(147) Pause Young (Allocation Failure) 2381M->337M(2482M) 2.774ms
[3425.544s][info ][gc,cpu         ] GC(147) User=0.01s Sys=0.00s Real=0.01s
[3425.544s][info ][safepoint      ] Safepoint "ParallelGCFailedAllocation", Time since last: 25644764205 ns, Reaching safepoint: 45700 ns, At safepoint: 2831314 ns, Total: 2877014 ns
[3451.258s][info ][gc,start       ] GC(148) Pause Young (Allocation Failure)
[3451.261s][debug][gc,phases      ] GC(148) Scavenge 2.398ms
[3451.261s][debug][gc,ref         ] GC(148) Skipped phase 1 of Reference Processing: no references
[3451.261s][debug][gc,ref         ] GC(148) ReferenceProcessor::execute queues: 1, RefProcThreadModel::Single, marks_oops_alive: false
[3451.261s][debug][gc,ref         ] GC(148) Skipped phase 3 of Reference Processing: no references
[3451.261s][debug][gc,ref         ] GC(148) ReferenceProcessor::execute queues: 1, RefProcThreadModel::Single, marks_oops_alive: false
[3451.261s][debug][gc,phases      ] GC(148) Reference Processing 0.097ms
[3451.261s][debug][gc,phases      ] GC(148)   VM Weak                        Min:  0.0, Avg:  0.0, Max:  0.0, Diff:  0.0, Sum:  0.0, Workers: 4
[3451.261s][debug][gc,phases      ] GC(148)     Dead                           Min: 0, Avg:  0.0, Max: 0, Diff: 0, Sum: 0, Workers: 4
[3451.261s][debug][gc,phases      ] GC(148)     Total                          Min: 0, Avg: 183.5, Max: 640, Diff: 640, Sum: 734, Workers: 4
[3451.261s][debug][gc,phases      ] GC(148)   ObjectSynchronizer Weak        Min:  0.0, Avg:  0.0, Max:  0.0, Diff:  0.0, Sum:  0.0, Workers: 4
[3451.261s][debug][gc,phases      ] GC(148)     Dead                           Min: 0, Avg:  0.0, Max: 0, Diff: 0, Sum: 0, Workers: 4
[3451.261s][debug][gc,phases      ] GC(148)     Total                          Min: 0, Avg:  8.0, Max: 32, Diff: 32, Sum: 32, Workers: 4
[3451.261s][debug][gc,phases      ] GC(148)   JVMTI Tag Weak OopStorage      Min:  0.0, Avg:  0.0, Max:  0.0, Diff:  0.0, Sum:  0.0, Workers: 4
[3451.261s][debug][gc,phases      ] GC(148)     Dead                           Min: 0, Avg:  0.0, Max: 0, Diff: 0, Sum: 0, Workers: 4
[3451.261s][debug][gc,phases      ] GC(148)     Total                          Min: 0, Avg:  0.0, Max: 0, Diff: 0, Sum: 0, Workers: 4
[3451.261s][debug][gc,phases      ] GC(148)   StringTable Weak               Min:  0.0, Avg:  0.1, Max:  0.1, Diff:  0.1, Sum:  0.3, Workers: 4
[3451.261s][debug][gc,phases      ] GC(148)     Dead                           Min: 0, Avg:  0.0, Max: 0, Diff: 0, Sum: 0, Workers: 4
[3451.261s][debug][gc,phases      ] GC(148)     Total                          Min: 0, Avg: 10800.5, Max: 17087, Diff: 17087, Sum: 43202, Workers: 4
[3451.261s][debug][gc,phases      ] GC(148)   ResolvedMethodTable Weak       Min:  0.0, Avg:  0.0, Max:  0.0, Diff:  0.0, Sum:  0.1, Workers: 4
[3451.261s][debug][gc,phases      ] GC(148)     Dead                           Min: 0, Avg:  0.0, Max: 0, Diff: 0, Sum: 0, Workers: 4
[3451.261s][debug][gc,phases      ] GC(148)     Total                          Min: 0, Avg: 2158.5, Max: 3584, Diff: 3584, Sum: 8634, Workers: 4
[3451.261s][debug][gc,phases      ] GC(148)   JNI Weak                       Min:  0.0, Avg:  0.0, Max:  0.0, Diff:  0.0, Sum:  0.0, Workers: 4
[3451.261s][debug][gc,phases      ] GC(148)     Dead                           Min: 0, Avg:  0.0, Max: 0, Diff: 0, Sum: 0, Workers: 4
[3451.261s][debug][gc,phases      ] GC(148)     Total                          Min: 0, Avg: 11.2, Max: 45, Diff: 45, Sum: 45, Workers: 4
[3451.261s][debug][gc,phases      ] GC(148)   StringDedup Table Weak         Min:  0.0, Avg:  0.0, Max:  0.0, Diff:  0.0, Sum:  0.0, Workers: 4
[3451.261s][debug][gc,phases      ] GC(148)     Dead                           Min: 0, Avg:  0.0, Max: 0, Diff: 0, Sum: 0, Workers: 4
[3451.261s][debug][gc,phases      ] GC(148)     Total                          Min: 0, Avg:  0.0, Max: 0, Diff: 0, Sum: 0, Workers: 4
[3451.261s][debug][gc,phases      ] GC(148)   StringDedup Requests0 Weak     Min:  0.0, Avg:  0.0, Max:  0.0, Diff:  0.0, Sum:  0.0, Workers: 4
[3451.261s][debug][gc,phases      ] GC(148)     Dead                           Min: 0, Avg:  0.0, Max: 0, Diff: 0, Sum: 0, Workers: 4
[3451.261s][debug][gc,phases      ] GC(148)     Total                          Min: 0, Avg:  0.0, Max: 0, Diff: 0, Sum: 0, Workers: 4
[3451.261s][debug][gc,phases      ] GC(148)   StringDedup Requests1 Weak     Min:  0.0, Avg:  0.0, Max:  0.0, Diff:  0.0, Sum:  0.0, Workers: 4
[3451.261s][debug][gc,phases      ] GC(148)     Dead                           Min: 0, Avg:  0.0, Max: 0, Diff: 0, Sum: 0, Workers: 4
[3451.261s][debug][gc,phases      ] GC(148)     Total                          Min: 0, Avg:  0.0, Max: 0, Diff: 0, Sum: 0, Workers: 4
[3451.261s][debug][gc,phases      ] GC(148)   Weak JFR Old Object Samples    Min:  0.0, Avg:  0.0, Max:  0.0, Diff:  0.0, Sum:  0.0, Workers: 4
[3451.261s][debug][gc,phases      ] GC(148)     Dead                           Min: 0, Avg:  0.0, Max: 0, Diff: 0, Sum: 0, Workers: 4
[3451.261s][debug][gc,phases      ] GC(148)     Total                          Min: 0, Avg:  0.0, Max: 0, Diff: 0, Sum: 0, Workers: 4
[3451.261s][debug][gc,phases      ] GC(148) Weak Processing 0.303ms
[3451.261s][debug][gc,age         ] GC(148) Desired survivor size 2097152 bytes, new threshold 15 (max threshold 15)
[3451.261s][info ][gc,heap        ] GC(148) PSYoungGen: 2094240K(2095104K)->1152K(2095104K) Eden: 2093056K(2093056K)->0K(2093056K) From: 1184K(2048K)->1152K(2048K)
[3451.261s][info ][gc,heap        ] GC(148) ParOldGen: 344614K(446976K)->344622K(446976K)
[3451.261s][info ][gc,metaspace   ] GC(148) Metaspace: 79398K(80320K)->79398K(80320K) NonClass: 68085K(68608K)->68085K(68608K) Class: 11313K(11712K)->11313K(11712K)
[3451.261s][info ][gc             ] GC(148) Pause Young (Allocation Failure) 2381M->337M(2482M) 2.912ms
[3451.261s][info ][gc,cpu         ] GC(148) User=0.01s Sys=0.00s Real=0.00s
[3451.261s][info ][safepoint      ] Safepoint "ParallelGCFailedAllocation", Time since last: 25713678454 ns, Reaching safepoint: 38500 ns, At safepoint: 2979718 ns, Total: 3018218 ns
[3477.093s][info ][gc,start       ] GC(149) Pause Young (Allocation Failure)
[3477.096s][debug][gc,phases      ] GC(149) Scavenge 2.316ms
[3477.096s][debug][gc,ref         ] GC(149) Skipped phase 1 of Reference Processing: no references
[3477.096s][debug][gc,ref         ] GC(149) ReferenceProcessor::execute queues: 1, RefProcThreadModel::Single, marks_oops_alive: false
[3477.096s][debug][gc,ref         ] GC(149) Skipped phase 3 of Reference Processing: no references
[3477.096s][debug][gc,ref         ] GC(149) ReferenceProcessor::execute queues: 1, RefProcThreadModel::Single, marks_oops_alive: false
[3477.096s][debug][gc,phases      ] GC(149) Reference Processing 0.086ms
[3477.096s][debug][gc,phases      ] GC(149)   VM Weak                        Min:  0.0, Avg:  0.0, Max:  0.0, Diff:  0.0, Sum:  0.0, Workers: 4
[3477.096s][debug][gc,phases      ] GC(149)     Dead                           Min: 0, Avg:  0.0, Max: 0, Diff: 0, Sum: 0, Workers: 4
[3477.096s][debug][gc,phases      ] GC(149)     Total                          Min: 0, Avg: 183.5, Max: 542, Diff: 542, Sum: 734, Workers: 4
[3477.096s][debug][gc,phases      ] GC(149)   ObjectSynchronizer Weak        Min:  0.0, Avg:  0.0, Max:  0.0, Diff:  0.0, Sum:  0.0, Workers: 4
[3477.096s][debug][gc,phases      ] GC(149)     Dead                           Min: 0, Avg:  0.0, Max: 0, Diff: 0, Sum: 0, Workers: 4
[3477.096s][debug][gc,phases      ] GC(149)     Total                          Min: 0, Avg:  8.0, Max: 32, Diff: 32, Sum: 32, Workers: 4
[3477.096s][debug][gc,phases      ] GC(149)   JVMTI Tag Weak OopStorage      Min:  0.0, Avg:  0.0, Max:  0.0, Diff:  0.0, Sum:  0.0, Workers: 4
[3477.096s][debug][gc,phases      ] GC(149)     Dead                           Min: 0, Avg:  0.0, Max: 0, Diff: 0, Sum: 0, Workers: 4
[3477.096s][debug][gc,phases      ] GC(149)     Total                          Min: 0, Avg:  0.0, Max: 0, Diff: 0, Sum: 0, Workers: 4
[3477.096s][debug][gc,phases      ] GC(149)   StringTable Weak               Min:  0.0, Avg:  0.1, Max:  0.1, Diff:  0.1, Sum:  0.3, Workers: 4
[3477.096s][debug][gc,phases      ] GC(149)     Dead                           Min: 0, Avg:  0.0, Max: 0, Diff: 0, Sum: 0, Workers: 4
[3477.096s][debug][gc,phases      ] GC(149)     Total                          Min: 0, Avg: 10801.0, Max: 17599, Diff: 17599, Sum: 43204, Workers: 4
[3477.096s][debug][gc,phases      ] GC(149)   ResolvedMethodTable Weak       Min:  0.0, Avg:  0.0, Max:  0.0, Diff:  0.0, Sum:  0.1, Workers: 4
[3477.096s][debug][gc,phases      ] GC(149)     Dead                           Min: 0, Avg:  0.0, Max: 0, Diff: 0, Sum: 0, Workers: 4
[3477.096s][debug][gc,phases      ] GC(149)     Total                          Min: 0, Avg: 2158.5, Max: 3648, Diff: 3648, Sum: 8634, Workers: 4
[3477.096s][debug][gc,phases      ] GC(149)   JNI Weak                       Min:  0.0, Avg:  0.0, Max:  0.0, Diff:  0.0, Sum:  0.0, Workers: 4
[3477.096s][debug][gc,phases      ] GC(149)     Dead                           Min: 0, Avg:  0.0, Max: 0, Diff: 0, Sum: 0, Workers: 4
[3477.096s][debug][gc,phases      ] GC(149)     Total                          Min: 0, Avg: 11.2, Max: 45, Diff: 45, Sum: 45, Workers: 4
[3477.096s][debug][gc,phases      ] GC(149)   StringDedup Table Weak         Min:  0.0, Avg:  0.0, Max:  0.0, Diff:  0.0, Sum:  0.0, Workers: 4
[3477.096s][debug][gc,phases      ] GC(149)     Dead                           Min: 0, Avg:  0.0, Max: 0, Diff: 0, Sum: 0, Workers: 4
[3477.096s][debug][gc,phases      ] GC(149)     Total                          Min: 0, Avg:  0.0, Max: 0, Diff: 0, Sum: 0, Workers: 4
[3477.096s][debug][gc,phases      ] GC(149)   StringDedup Requests0 Weak     Min:  0.0, Avg:  0.0, Max:  0.0, Diff:  0.0, Sum:  0.0, Workers: 4
[3477.096s][debug][gc,phases      ] GC(149)     Dead                           Min: 0, Avg:  0.0, Max: 0, Diff: 0, Sum: 0, Workers: 4
[3477.096s][debug][gc,phases      ] GC(149)     Total                          Min: 0, Avg:  0.0, Max: 0, Diff: 0, Sum: 0, Workers: 4
[3477.096s][debug][gc,phases      ] GC(149)   StringDedup Requests1 Weak     Min:  0.0, Avg:  0.0, Max:  0.0, Diff:  0.0, Sum:  0.0, Workers: 4
[3477.096s][debug][gc,phases      ] GC(149)     Dead                           Min: 0, Avg:  0.0, Max: 0, Diff: 0, Sum: 0, Workers: 4
[3477.096s][debug][gc,phases      ] GC(149)     Total                          Min: 0, Avg:  0.0, Max: 0, Diff: 0, Sum: 0, Workers: 4
[3477.096s][debug][gc,phases      ] GC(149)   Weak JFR Old Object Samples    Min:  0.0, Avg:  0.0, Max:  0.0, Diff:  0.0, Sum:  0.0, Workers: 4
[3477.096s][debug][gc,phases      ] GC(149)     Dead                           Min: 0, Avg:  0.0, Max: 0, Diff: 0, Sum: 0, Workers: 4
[3477.096s][debug][gc,phases      ] GC(149)     Total                          Min: 0, Avg:  0.0, Max: 0, Diff: 0, Sum: 0, Workers: 4
[3477.096s][debug][gc,phases      ] GC(149) Weak Processing 0.306ms
[3477.096s][debug][gc,age         ] GC(149) Desired survivor size 2097152 bytes, new threshold 15 (max threshold 15)
[3477.096s][info ][gc,heap        ] GC(149) PSYoungGen: 2094208K(2095104K)->1152K(2095104K) Eden: 2093056K(2093056K)->0K(2093056K) From: 1152K(2048K)->1152K(2048K)
[3477.096s][info ][gc,heap        ] GC(149) ParOldGen: 344622K(446976K)->344638K(446976K)
[3477.096s][info ][gc,metaspace   ] GC(149) Metaspace: 79405K(80320K)->79405K(80320K) NonClass: 68092K(68608K)->68092K(68608K) Class: 11313K(11712K)->11313K(11712K)
[3477.096s][info ][gc             ] GC(149) Pause Young (Allocation Failure) 2381M->337M(2482M) 2.795ms
[3477.096s][info ][gc,cpu         ] GC(149) User=0.01s Sys=0.00s Real=0.00s
[3477.096s][info ][safepoint      ] Safepoint "ParallelGCFailedAllocation", Time since last: 25832103205 ns, Reaching safepoint: 95500 ns, At safepoint: 2886514 ns, Total: 2982014 ns
[3484.097s][info ][safepoint      ] Safepoint "Cleanup", Time since last: 7000438842 ns, Reaching safepoint: 38700 ns, At safepoint: 4000 ns, Total: 42700 ns
[3503.141s][info ][gc,start       ] GC(150) Pause Young (Allocation Failure)
[3503.143s][debug][gc,phases      ] GC(150) Scavenge 2.384ms
[3503.143s][debug][gc,ref         ] GC(150) Skipped phase 1 of Reference Processing: no references
[3503.143s][debug][gc,ref         ] GC(150) ReferenceProcessor::execute queues: 1, RefProcThreadModel::Single, marks_oops_alive: false
[3503.143s][debug][gc,ref         ] GC(150) Skipped phase 3 of Reference Processing: no references
[3503.143s][debug][gc,ref         ] GC(150) ReferenceProcessor::execute queues: 1, RefProcThreadModel::Single, marks_oops_alive: false
[3503.143s][debug][gc,phases      ] GC(150) Reference Processing 0.097ms
[3503.144s][debug][gc,phases      ] GC(150)   VM Weak                        Min:  0.0, Avg:  0.0, Max:  0.0, Diff:  0.0, Sum:  0.0, Workers: 4
[3503.144s][debug][gc,phases      ] GC(150)     Dead                           Min: 0, Avg:  0.0, Max: 0, Diff: 0, Sum: 0, Workers: 4
[3503.144s][debug][gc,phases      ] GC(150)     Total                          Min: 0, Avg: 183.5, Max: 384, Diff: 384, Sum: 734, Workers: 4
[3503.144s][debug][gc,phases      ] GC(150)   ObjectSynchronizer Weak        Min:  0.0, Avg:  0.0, Max:  0.0, Diff:  0.0, Sum:  0.0, Workers: 4
[3503.144s][debug][gc,phases      ] GC(150)     Dead                           Min: 0, Avg:  0.0, Max: 0, Diff: 0, Sum: 0, Workers: 4
[3503.144s][debug][gc,phases      ] GC(150)     Total                          Min: 0, Avg:  8.0, Max: 32, Diff: 32, Sum: 32, Workers: 4
[3503.144s][debug][gc,phases      ] GC(150)   JVMTI Tag Weak OopStorage      Min:  0.0, Avg:  0.0, Max:  0.0, Diff:  0.0, Sum:  0.0, Workers: 4
[3503.144s][debug][gc,phases      ] GC(150)     Dead                           Min: 0, Avg:  0.0, Max: 0, Diff: 0, Sum: 0, Workers: 4
[3503.144s][debug][gc,phases      ] GC(150)     Total                          Min: 0, Avg:  0.0, Max: 0, Diff: 0, Sum: 0, Workers: 4
[3503.144s][debug][gc,phases      ] GC(150)   StringTable Weak               Min:  0.0, Avg:  0.1, Max:  0.1, Diff:  0.1, Sum:  0.3, Workers: 4
[3503.144s][debug][gc,phases      ] GC(150)     Dead                           Min: 0, Avg:  0.0, Max: 0, Diff: 0, Sum: 0, Workers: 4
[3503.144s][debug][gc,phases      ] GC(150)     Total                          Min: 0, Avg: 10801.0, Max: 18815, Diff: 18815, Sum: 43204, Workers: 4
[3503.144s][debug][gc,phases      ] GC(150)   ResolvedMethodTable Weak       Min:  0.0, Avg:  0.0, Max:  0.0, Diff:  0.0, Sum:  0.1, Workers: 4
[3503.144s][debug][gc,phases      ] GC(150)     Dead                           Min: 0, Avg:  0.0, Max: 0, Diff: 0, Sum: 0, Workers: 4
[3503.144s][debug][gc,phases      ] GC(150)     Total                          Min: 0, Avg: 2158.5, Max: 3136, Diff: 3136, Sum: 8634, Workers: 4
[3503.144s][debug][gc,phases      ] GC(150)   JNI Weak                       Min:  0.0, Avg:  0.0, Max:  0.0, Diff:  0.0, Sum:  0.0, Workers: 4
[3503.144s][debug][gc,phases      ] GC(150)     Dead                           Min: 0, Avg:  0.0, Max: 0, Diff: 0, Sum: 0, Workers: 4
[3503.144s][debug][gc,phases      ] GC(150)     Total                          Min: 0, Avg: 11.2, Max: 45, Diff: 45, Sum: 45, Workers: 4
[3503.144s][debug][gc,phases      ] GC(150)   StringDedup Table Weak         Min:  0.0, Avg:  0.0, Max:  0.0, Diff:  0.0, Sum:  0.0, Workers: 4
[3503.144s][debug][gc,phases      ] GC(150)     Dead                           Min: 0, Avg:  0.0, Max: 0, Diff: 0, Sum: 0, Workers: 4
[3503.144s][debug][gc,phases      ] GC(150)     Total                          Min: 0, Avg:  0.0, Max: 0, Diff: 0, Sum: 0, Workers: 4
[3503.144s][debug][gc,phases      ] GC(150)   StringDedup Requests0 Weak     Min:  0.0, Avg:  0.0, Max:  0.0, Diff:  0.0, Sum:  0.0, Workers: 4
[3503.144s][debug][gc,phases      ] GC(150)     Dead                           Min: 0, Avg:  0.0, Max: 0, Diff: 0, Sum: 0, Workers: 4
[3503.144s][debug][gc,phases      ] GC(150)     Total                          Min: 0, Avg:  0.0, Max: 0, Diff: 0, Sum: 0, Workers: 4
[3503.144s][debug][gc,phases      ] GC(150)   StringDedup Requests1 Weak     Min:  0.0, Avg:  0.0, Max:  0.0, Diff:  0.0, Sum:  0.0, Workers: 4
[3503.144s][debug][gc,phases      ] GC(150)     Dead                           Min: 0, Avg:  0.0, Max: 0, Diff: 0, Sum: 0, Workers: 4
[3503.144s][debug][gc,phases      ] GC(150)     Total                          Min: 0, Avg:  0.0, Max: 0, Diff: 0, Sum: 0, Workers: 4
[3503.144s][debug][gc,phases      ] GC(150)   Weak JFR Old Object Samples    Min:  0.0, Avg:  0.0, Max:  0.0, Diff:  0.0, Sum:  0.0, Workers: 4
[3503.144s][debug][gc,phases      ] GC(150)     Dead                           Min: 0, Avg:  0.0, Max: 0, Diff: 0, Sum: 0, Workers: 4
[3503.144s][debug][gc,phases      ] GC(150)     Total                          Min: 0, Avg:  0.0, Max: 0, Diff: 0, Sum: 0, Workers: 4
[3503.144s][debug][gc,phases      ] GC(150) Weak Processing 0.310ms
[3503.144s][debug][gc,age         ] GC(150) Desired survivor size 2097152 bytes, new threshold 15 (max threshold 15)
[3503.144s][info ][gc,heap        ] GC(150) PSYoungGen: 2094208K(2095104K)->1184K(2095104K) Eden: 2093056K(2093056K)->0K(2093056K) From: 1152K(2048K)->1184K(2048K)
[3503.144s][info ][gc,heap        ] GC(150) ParOldGen: 344638K(446976K)->344654K(446976K)
[3503.144s][info ][gc,metaspace   ] GC(150) Metaspace: 79407K(80320K)->79407K(80320K) NonClass: 68093K(68608K)->68093K(68608K) Class: 11313K(11712K)->11313K(11712K)
[3503.144s][info ][gc             ] GC(150) Pause Young (Allocation Failure) 2381M->337M(2482M) 2.879ms
[3503.144s][info ][gc,cpu         ] GC(150) User=0.01s Sys=0.00s Real=0.01s
[3503.144s][info ][safepoint      ] Safepoint "ParallelGCFailedAllocation", Time since last: 19044221573 ns, Reaching safepoint: 100101 ns, At safepoint: 2964517 ns, Total: 3064618 ns
[3528.206s][info ][gc,start       ] GC(151) Pause Young (Allocation Failure)
[3528.208s][debug][gc,phases      ] GC(151) Scavenge 1.780ms
[3528.208s][debug][gc,ref         ] GC(151) Skipped phase 1 of Reference Processing: no references
[3528.208s][debug][gc,ref         ] GC(151) ReferenceProcessor::execute queues: 1, RefProcThreadModel::Single, marks_oops_alive: false
[3528.208s][debug][gc,ref         ] GC(151) Skipped phase 3 of Reference Processing: no references
[3528.208s][debug][gc,ref         ] GC(151) ReferenceProcessor::execute queues: 1, RefProcThreadModel::Single, marks_oops_alive: false
[3528.208s][debug][gc,phases      ] GC(151) Reference Processing 0.100ms
[3528.208s][debug][gc,phases      ] GC(151)   VM Weak                        Min:  0.0, Avg:  0.0, Max:  0.0, Diff:  0.0, Sum:  0.0, Workers: 4
[3528.208s][debug][gc,phases      ] GC(151)     Dead                           Min: 0, Avg:  0.0, Max: 0, Diff: 0, Sum: 0, Workers: 4
[3528.208s][debug][gc,phases      ] GC(151)     Total                          Min: 0, Avg: 183.5, Max: 640, Diff: 640, Sum: 734, Workers: 4
[3528.208s][debug][gc,phases      ] GC(151)   ObjectSynchronizer Weak        Min:  0.0, Avg:  0.0, Max:  0.0, Diff:  0.0, Sum:  0.0, Workers: 4
[3528.208s][debug][gc,phases      ] GC(151)     Dead                           Min: 0, Avg:  0.0, Max: 0, Diff: 0, Sum: 0, Workers: 4
[3528.208s][debug][gc,phases      ] GC(151)     Total                          Min: 0, Avg:  8.0, Max: 32, Diff: 32, Sum: 32, Workers: 4
[3528.208s][debug][gc,phases      ] GC(151)   JVMTI Tag Weak OopStorage      Min:  0.0, Avg:  0.0, Max:  0.0, Diff:  0.0, Sum:  0.0, Workers: 4
[3528.208s][debug][gc,phases      ] GC(151)     Dead                           Min: 0, Avg:  0.0, Max: 0, Diff: 0, Sum: 0, Workers: 4
[3528.208s][debug][gc,phases      ] GC(151)     Total                          Min: 0, Avg:  0.0, Max: 0, Diff: 0, Sum: 0, Workers: 4
[3528.208s][debug][gc,phases      ] GC(151)   StringTable Weak               Min:  0.0, Avg:  0.1, Max:  0.1, Diff:  0.1, Sum:  0.3, Workers: 4
[3528.208s][debug][gc,phases      ] GC(151)     Dead                           Min: 0, Avg:  0.0, Max: 0, Diff: 0, Sum: 0, Workers: 4
[3528.208s][debug][gc,phases      ] GC(151)     Total                          Min: 0, Avg: 10801.0, Max: 16709, Diff: 16709, Sum: 43204, Workers: 4
[3528.208s][debug][gc,phases      ] GC(151)   ResolvedMethodTable Weak       Min:  0.0, Avg:  0.0, Max:  0.0, Diff:  0.0, Sum:  0.1, Workers: 4
[3528.208s][debug][gc,phases      ] GC(151)     Dead                           Min: 0, Avg:  0.0, Max: 0, Diff: 0, Sum: 0, Workers: 4
[3528.208s][debug][gc,phases      ] GC(151)     Total                          Min: 0, Avg: 2158.5, Max: 3898, Diff: 3898, Sum: 8634, Workers: 4
[3528.208s][debug][gc,phases      ] GC(151)   JNI Weak                       Min:  0.0, Avg:  0.0, Max:  0.0, Diff:  0.0, Sum:  0.0, Workers: 4
[3528.208s][debug][gc,phases      ] GC(151)     Dead                           Min: 0, Avg:  0.0, Max: 0, Diff: 0, Sum: 0, Workers: 4
[3528.208s][debug][gc,phases      ] GC(151)     Total                          Min: 0, Avg: 11.2, Max: 45, Diff: 45, Sum: 45, Workers: 4
[3528.208s][debug][gc,phases      ] GC(151)   StringDedup Table Weak         Min:  0.0, Avg:  0.0, Max:  0.0, Diff:  0.0, Sum:  0.0, Workers: 4
[3528.208s][debug][gc,phases      ] GC(151)     Dead                           Min: 0, Avg:  0.0, Max: 0, Diff: 0, Sum: 0, Workers: 4
[3528.208s][debug][gc,phases      ] GC(151)     Total                          Min: 0, Avg:  0.0, Max: 0, Diff: 0, Sum: 0, Workers: 4
[3528.208s][debug][gc,phases      ] GC(151)   StringDedup Requests0 Weak     Min:  0.0, Avg:  0.0, Max:  0.0, Diff:  0.0, Sum:  0.0, Workers: 4
[3528.208s][debug][gc,phases      ] GC(151)     Dead                           Min: 0, Avg:  0.0, Max: 0, Diff: 0, Sum: 0, Workers: 4
[3528.208s][debug][gc,phases      ] GC(151)     Total                          Min: 0, Avg:  0.0, Max: 0, Diff: 0, Sum: 0, Workers: 4
[3528.208s][debug][gc,phases      ] GC(151)   StringDedup Requests1 Weak     Min:  0.0, Avg:  0.0, Max:  0.0, Diff:  0.0, Sum:  0.0, Workers: 4
[3528.208s][debug][gc,phases      ] GC(151)     Dead                           Min: 0, Avg:  0.0, Max: 0, Diff: 0, Sum: 0, Workers: 4
[3528.208s][debug][gc,phases      ] GC(151)     Total                          Min: 0, Avg:  0.0, Max: 0, Diff: 0, Sum: 0, Workers: 4
[3528.208s][debug][gc,phases      ] GC(151)   Weak JFR Old Object Samples    Min:  0.0, Avg:  0.0, Max:  0.0, Diff:  0.0, Sum:  0.0, Workers: 4
[3528.208s][debug][gc,phases      ] GC(151)     Dead                           Min: 0, Avg:  0.0, Max: 0, Diff: 0, Sum: 0, Workers: 4
[3528.208s][debug][gc,phases      ] GC(151)     Total                          Min: 0, Avg:  0.0, Max: 0, Diff: 0, Sum: 0, Workers: 4
[3528.208s][debug][gc,phases      ] GC(151) Weak Processing 0.311ms
[3528.208s][debug][gc,age         ] GC(151) Desired survivor size 2097152 bytes, new threshold 15 (max threshold 15)
[3528.208s][info ][gc,heap        ] GC(151) PSYoungGen: 2094240K(2095104K)->1216K(2095104K) Eden: 2093056K(2093056K)->0K(2093056K) From: 1184K(2048K)->1216K(2048K)
[3528.208s][info ][gc,heap        ] GC(151) ParOldGen: 344654K(446976K)->344678K(446976K)
[3528.208s][info ][gc,metaspace   ] GC(151) Metaspace: 79407K(80320K)->79407K(80320K) NonClass: 68093K(68608K)->68093K(68608K) Class: 11313K(11712K)->11313K(11712K)
[3528.208s][info ][gc             ] GC(151) Pause Young (Allocation Failure) 2381M->337M(2482M) 2.277ms
[3528.208s][info ][gc,cpu         ] GC(151) User=0.01s Sys=0.00s Real=0.00s
[3528.208s][info ][safepoint      ] Safepoint "ParallelGCFailedAllocation", Time since last: 25061775772 ns, Reaching safepoint: 93101 ns, At safepoint: 2370713 ns, Total: 2463814 ns
[3553.610s][info ][gc,start       ] GC(152) Pause Young (Allocation Failure)
[3553.613s][debug][gc,phases      ] GC(152) Scavenge 2.970ms
[3553.613s][debug][gc,ref         ] GC(152) Skipped phase 1 of Reference Processing: no references
[3553.613s][debug][gc,ref         ] GC(152) ReferenceProcessor::execute queues: 1, RefProcThreadModel::Single, marks_oops_alive: false
[3553.613s][debug][gc,ref         ] GC(152) Skipped phase 3 of Reference Processing: no references
[3553.613s][debug][gc,ref         ] GC(152) ReferenceProcessor::execute queues: 1, RefProcThreadModel::Single, marks_oops_alive: false
[3553.613s][debug][gc,phases      ] GC(152) Reference Processing 0.088ms
[3553.614s][debug][gc,phases      ] GC(152)   VM Weak                        Min:  0.0, Avg:  0.0, Max:  0.0, Diff:  0.0, Sum:  0.0, Workers: 4
[3553.614s][debug][gc,phases      ] GC(152)     Dead                           Min: 0, Avg:  0.0, Max: 0, Diff: 0, Sum: 0, Workers: 4
[3553.614s][debug][gc,phases      ] GC(152)     Total                          Min: 0, Avg: 183.5, Max: 670, Diff: 670, Sum: 734, Workers: 4
[3553.614s][debug][gc,phases      ] GC(152)   ObjectSynchronizer Weak        Min:  0.0, Avg:  0.0, Max:  0.0, Diff:  0.0, Sum:  0.0, Workers: 4
[3553.614s][debug][gc,phases      ] GC(152)     Dead                           Min: 0, Avg:  0.0, Max: 0, Diff: 0, Sum: 0, Workers: 4
[3553.614s][debug][gc,phases      ] GC(152)     Total                          Min: 0, Avg:  8.0, Max: 32, Diff: 32, Sum: 32, Workers: 4
[3553.614s][debug][gc,phases      ] GC(152)   JVMTI Tag Weak OopStorage      Min:  0.0, Avg:  0.0, Max:  0.0, Diff:  0.0, Sum:  0.0, Workers: 4
[3553.614s][debug][gc,phases      ] GC(152)     Dead                           Min: 0, Avg:  0.0, Max: 0, Diff: 0, Sum: 0, Workers: 4
[3553.614s][debug][gc,phases      ] GC(152)     Total                          Min: 0, Avg:  0.0, Max: 0, Diff: 0, Sum: 0, Workers: 4
[3553.614s][debug][gc,phases      ] GC(152)   StringTable Weak               Min:  0.0, Avg:  0.1, Max:  0.1, Diff:  0.1, Sum:  0.3, Workers: 4
[3553.614s][debug][gc,phases      ] GC(152)     Dead                           Min: 0, Avg:  0.0, Max: 0, Diff: 0, Sum: 0, Workers: 4
[3553.614s][debug][gc,phases      ] GC(152)     Total                          Min: 0, Avg: 10801.0, Max: 16517, Diff: 16517, Sum: 43204, Workers: 4
[3553.614s][debug][gc,phases      ] GC(152)   ResolvedMethodTable Weak       Min:  0.0, Avg:  0.0, Max:  0.0, Diff:  0.0, Sum:  0.1, Workers: 4
[3553.614s][debug][gc,phases      ] GC(152)     Dead                           Min: 0, Avg:  0.0, Max: 0, Diff: 0, Sum: 0, Workers: 4
[3553.614s][debug][gc,phases      ] GC(152)     Total                          Min: 0, Avg: 2158.5, Max: 3770, Diff: 3770, Sum: 8634, Workers: 4
[3553.614s][debug][gc,phases      ] GC(152)   JNI Weak                       Min:  0.0, Avg:  0.0, Max:  0.0, Diff:  0.0, Sum:  0.0, Workers: 4
[3553.614s][debug][gc,phases      ] GC(152)     Dead                           Min: 0, Avg:  0.0, Max: 0, Diff: 0, Sum: 0, Workers: 4
[3553.614s][debug][gc,phases      ] GC(152)     Total                          Min: 0, Avg: 11.2, Max: 45, Diff: 45, Sum: 45, Workers: 4
[3553.614s][debug][gc,phases      ] GC(152)   StringDedup Table Weak         Min:  0.0, Avg:  0.0, Max:  0.0, Diff:  0.0, Sum:  0.0, Workers: 4
[3553.614s][debug][gc,phases      ] GC(152)     Dead                           Min: 0, Avg:  0.0, Max: 0, Diff: 0, Sum: 0, Workers: 4
[3553.614s][debug][gc,phases      ] GC(152)     Total                          Min: 0, Avg:  0.0, Max: 0, Diff: 0, Sum: 0, Workers: 4
[3553.614s][debug][gc,phases      ] GC(152)   StringDedup Requests0 Weak     Min:  0.0, Avg:  0.0, Max:  0.0, Diff:  0.0, Sum:  0.0, Workers: 4
[3553.614s][debug][gc,phases      ] GC(152)     Dead                           Min: 0, Avg:  0.0, Max: 0, Diff: 0, Sum: 0, Workers: 4
[3553.614s][debug][gc,phases      ] GC(152)     Total                          Min: 0, Avg:  0.0, Max: 0, Diff: 0, Sum: 0, Workers: 4
[3553.614s][debug][gc,phases      ] GC(152)   StringDedup Requests1 Weak     Min:  0.0, Avg:  0.0, Max:  0.0, Diff:  0.0, Sum:  0.0, Workers: 4
[3553.614s][debug][gc,phases      ] GC(152)     Dead                           Min: 0, Avg:  0.0, Max: 0, Diff: 0, Sum: 0, Workers: 4
[3553.614s][debug][gc,phases      ] GC(152)     Total                          Min: 0, Avg:  0.0, Max: 0, Diff: 0, Sum: 0, Workers: 4
[3553.614s][debug][gc,phases      ] GC(152)   Weak JFR Old Object Samples    Min:  0.0, Avg:  0.0, Max:  0.0, Diff:  0.0, Sum:  0.0, Workers: 4
[3553.614s][debug][gc,phases      ] GC(152)     Dead                           Min: 0, Avg:  0.0, Max: 0, Diff: 0, Sum: 0, Workers: 4
[3553.614s][debug][gc,phases      ] GC(152)     Total                          Min: 0, Avg:  0.0, Max: 0, Diff: 0, Sum: 0, Workers: 4
[3553.614s][debug][gc,phases      ] GC(152) Weak Processing 0.310ms
[3553.614s][debug][gc,age         ] GC(152) Desired survivor size 2097152 bytes, new threshold 15 (max threshold 15)
[3553.614s][info ][gc,heap        ] GC(152) PSYoungGen: 2094272K(2095104K)->1152K(2095104K) Eden: 2093056K(2093056K)->0K(2093056K) From: 1216K(2048K)->1152K(2048K)
[3553.614s][info ][gc,heap        ] GC(152) ParOldGen: 344678K(446976K)->344766K(446976K)
[3553.614s][info ][gc,metaspace   ] GC(152) Metaspace: 79407K(80320K)->79407K(80320K) NonClass: 68093K(68608K)->68093K(68608K) Class: 11313K(11712K)->11313K(11712K)
[3553.614s][info ][gc             ] GC(152) Pause Young (Allocation Failure) 2381M->337M(2482M) 3.468ms
[3553.614s][info ][gc,cpu         ] GC(152) User=0.01s Sys=0.00s Real=0.01s
[3553.614s][info ][safepoint      ] Safepoint "ParallelGCFailedAllocation", Time since last: 25402193556 ns, Reaching safepoint: 32200 ns, At safepoint: 3553620 ns, Total: 3585820 ns
[3570.615s][info ][safepoint      ] Safepoint "Cleanup", Time since last: 17001088254 ns, Reaching safepoint: 47600 ns, At safepoint: 4600 ns, Total: 52200 ns
[3571.615s][info ][safepoint      ] Safepoint "Cleanup", Time since last: 1000105742 ns, Reaching safepoint: 35900 ns, At safepoint: 5100 ns, Total: 41000 ns
[3579.191s][info ][gc,start       ] GC(153) Pause Young (Allocation Failure)
[3579.193s][debug][gc,phases      ] GC(153) Scavenge 2.207ms
[3579.193s][debug][gc,ref         ] GC(153) Skipped phase 1 of Reference Processing: no references
[3579.193s][debug][gc,ref         ] GC(153) ReferenceProcessor::execute queues: 1, RefProcThreadModel::Single, marks_oops_alive: false
[3579.193s][debug][gc,ref         ] GC(153) Skipped phase 3 of Reference Processing: no references
[3579.193s][debug][gc,ref         ] GC(153) ReferenceProcessor::execute queues: 1, RefProcThreadModel::Single, marks_oops_alive: false
[3579.193s][debug][gc,phases      ] GC(153) Reference Processing 0.104ms
[3579.193s][debug][gc,phases      ] GC(153)   VM Weak                        Min:  0.0, Avg:  0.0, Max:  0.0, Diff:  0.0, Sum:  0.0, Workers: 4
[3579.193s][debug][gc,phases      ] GC(153)     Dead                           Min: 0, Avg:  0.0, Max: 0, Diff: 0, Sum: 0, Workers: 4
[3579.193s][debug][gc,phases      ] GC(153)     Total                          Min: 0, Avg: 183.5, Max: 704, Diff: 704, Sum: 734, Workers: 4
[3579.194s][debug][gc,phases      ] GC(153)   ObjectSynchronizer Weak        Min:  0.0, Avg:  0.0, Max:  0.0, Diff:  0.0, Sum:  0.0, Workers: 4
[3579.194s][debug][gc,phases      ] GC(153)     Dead                           Min: 0, Avg:  0.0, Max: 0, Diff: 0, Sum: 0, Workers: 4
[3579.194s][debug][gc,phases      ] GC(153)     Total                          Min: 0, Avg:  8.0, Max: 32, Diff: 32, Sum: 32, Workers: 4
[3579.194s][debug][gc,phases      ] GC(153)   JVMTI Tag Weak OopStorage      Min:  0.0, Avg:  0.0, Max:  0.0, Diff:  0.0, Sum:  0.0, Workers: 4
[3579.194s][debug][gc,phases      ] GC(153)     Dead                           Min: 0, Avg:  0.0, Max: 0, Diff: 0, Sum: 0, Workers: 4
[3579.194s][debug][gc,phases      ] GC(153)     Total                          Min: 0, Avg:  0.0, Max: 0, Diff: 0, Sum: 0, Workers: 4
[3579.194s][debug][gc,phases      ] GC(153)   StringTable Weak               Min:  0.0, Avg:  0.1, Max:  0.1, Diff:  0.1, Sum:  0.3, Workers: 4
[3579.194s][debug][gc,phases      ] GC(153)     Dead                           Min: 0, Avg:  0.0, Max: 0, Diff: 0, Sum: 0, Workers: 4
[3579.194s][debug][gc,phases      ] GC(153)     Total                          Min: 0, Avg: 10801.8, Max: 17992, Diff: 17992, Sum: 43207, Workers: 4
[3579.194s][debug][gc,phases      ] GC(153)   ResolvedMethodTable Weak       Min:  0.0, Avg:  0.0, Max:  0.0, Diff:  0.0, Sum:  0.1, Workers: 4
[3579.194s][debug][gc,phases      ] GC(153)     Dead                           Min: 0, Avg:  0.0, Max: 0, Diff: 0, Sum: 0, Workers: 4
[3579.194s][debug][gc,phases      ] GC(153)     Total                          Min: 0, Avg: 2158.5, Max: 3514, Diff: 3514, Sum: 8634, Workers: 4
[3579.194s][debug][gc,phases      ] GC(153)   JNI Weak                       Min:  0.0, Avg:  0.0, Max:  0.0, Diff:  0.0, Sum:  0.0, Workers: 4
[3579.194s][debug][gc,phases      ] GC(153)     Dead                           Min: 0, Avg:  0.0, Max: 0, Diff: 0, Sum: 0, Workers: 4
[3579.194s][debug][gc,phases      ] GC(153)     Total                          Min: 0, Avg: 11.2, Max: 45, Diff: 45, Sum: 45, Workers: 4
[3579.194s][debug][gc,phases      ] GC(153)   StringDedup Table Weak         Min:  0.0, Avg:  0.0, Max:  0.0, Diff:  0.0, Sum:  0.0, Workers: 4
[3579.194s][debug][gc,phases      ] GC(153)     Dead                           Min: 0, Avg:  0.0, Max: 0, Diff: 0, Sum: 0, Workers: 4
[3579.194s][debug][gc,phases      ] GC(153)     Total                          Min: 0, Avg:  0.0, Max: 0, Diff: 0, Sum: 0, Workers: 4
[3579.194s][debug][gc,phases      ] GC(153)   StringDedup Requests0 Weak     Min:  0.0, Avg:  0.0, Max:  0.0, Diff:  0.0, Sum:  0.0, Workers: 4
[3579.194s][debug][gc,phases      ] GC(153)     Dead                           Min: 0, Avg:  0.0, Max: 0, Diff: 0, Sum: 0, Workers: 4
[3579.194s][debug][gc,phases      ] GC(153)     Total                          Min: 0, Avg:  0.0, Max: 0, Diff: 0, Sum: 0, Workers: 4
[3579.194s][debug][gc,phases      ] GC(153)   StringDedup Requests1 Weak     Min:  0.0, Avg:  0.0, Max:  0.0, Diff:  0.0, Sum:  0.0, Workers: 4
[3579.194s][debug][gc,phases      ] GC(153)     Dead                           Min: 0, Avg:  0.0, Max: 0, Diff: 0, Sum: 0, Workers: 4
[3579.194s][debug][gc,phases      ] GC(153)     Total                          Min: 0, Avg:  0.0, Max: 0, Diff: 0, Sum: 0, Workers: 4
[3579.194s][debug][gc,phases      ] GC(153)   Weak JFR Old Object Samples    Min:  0.0, Avg:  0.0, Max:  0.0, Diff:  0.0, Sum:  0.0, Workers: 4
[3579.194s][debug][gc,phases      ] GC(153)     Dead                           Min: 0, Avg:  0.0, Max: 0, Diff: 0, Sum: 0, Workers: 4
[3579.194s][debug][gc,phases      ] GC(153)     Total                          Min: 0, Avg:  0.0, Max: 0, Diff: 0, Sum: 0, Workers: 4
[3579.194s][debug][gc,phases      ] GC(153) Weak Processing 0.300ms
[3579.194s][debug][gc,age         ] GC(153) Desired survivor size 2097152 bytes, new threshold 15 (max threshold 15)
[3579.194s][info ][gc,heap        ] GC(153) PSYoungGen: 2094208K(2095104K)->1184K(2095104K) Eden: 2093056K(2093056K)->0K(2093056K) From: 1152K(2048K)->1184K(2048K)
[3579.194s][info ][gc,heap        ] GC(153) ParOldGen: 344766K(446976K)->344798K(446976K)
[3579.194s][info ][gc,metaspace   ] GC(153) Metaspace: 79407K(80320K)->79407K(80320K) NonClass: 68094K(68608K)->68094K(68608K) Class: 11313K(11712K)->11313K(11712K)
[3579.194s][info ][gc             ] GC(153) Pause Young (Allocation Failure) 2381M->337M(2482M) 2.722ms
[3579.194s][info ][gc,cpu         ] GC(153) User=0.00s Sys=0.00s Real=0.00s
[3579.194s][info ][safepoint      ] Safepoint "ParallelGCFailedAllocation", Time since last: 7575687197 ns, Reaching safepoint: 30801 ns, At safepoint: 2782715 ns, Total: 2813516 ns
[3602.195s][info ][safepoint      ] Safepoint "Cleanup", Time since last: 23001373569 ns, Reaching safepoint: 42400 ns, At safepoint: 3200 ns, Total: 45600 ns
[3604.243s][info ][gc,start       ] GC(154) Pause Young (Allocation Failure)
[3604.246s][debug][gc,phases      ] GC(154) Scavenge 3.197ms
[3604.246s][debug][gc,ref         ] GC(154) Skipped phase 1 of Reference Processing: no references
[3604.246s][debug][gc,ref         ] GC(154) ReferenceProcessor::execute queues: 1, RefProcThreadModel::Single, marks_oops_alive: false
[3604.246s][debug][gc,ref         ] GC(154) Skipped phase 3 of Reference Processing: no references
[3604.246s][debug][gc,ref         ] GC(154) ReferenceProcessor::execute queues: 1, RefProcThreadModel::Single, marks_oops_alive: false
[3604.246s][debug][gc,phases      ] GC(154) Reference Processing 0.095ms
[3604.246s][debug][gc,phases      ] GC(154)   VM Weak                        Min:  0.0, Avg:  0.0, Max:  0.0, Diff:  0.0, Sum:  0.0, Workers: 4
[3604.246s][debug][gc,phases      ] GC(154)     Dead                           Min: 0, Avg:  0.0, Max: 0, Diff: 0, Sum: 0, Workers: 4
[3604.246s][debug][gc,phases      ] GC(154)     Total                          Min: 0, Avg: 183.5, Max: 606, Diff: 606, Sum: 734, Workers: 4
[3604.246s][debug][gc,phases      ] GC(154)   ObjectSynchronizer Weak        Min:  0.0, Avg:  0.0, Max:  0.0, Diff:  0.0, Sum:  0.0, Workers: 4
[3604.246s][debug][gc,phases      ] GC(154)     Dead                           Min: 0, Avg:  0.0, Max: 0, Diff: 0, Sum: 0, Workers: 4
[3604.246s][debug][gc,phases      ] GC(154)     Total                          Min: 0, Avg:  8.0, Max: 32, Diff: 32, Sum: 32, Workers: 4
[3604.246s][debug][gc,phases      ] GC(154)   JVMTI Tag Weak OopStorage      Min:  0.0, Avg:  0.0, Max:  0.0, Diff:  0.0, Sum:  0.0, Workers: 4
[3604.246s][debug][gc,phases      ] GC(154)     Dead                           Min: 0, Avg:  0.0, Max: 0, Diff: 0, Sum: 0, Workers: 4
[3604.246s][debug][gc,phases      ] GC(154)     Total                          Min: 0, Avg:  0.0, Max: 0, Diff: 0, Sum: 0, Workers: 4
[3604.246s][debug][gc,phases      ] GC(154)   StringTable Weak               Min:  0.0, Avg:  0.1, Max:  0.1, Diff:  0.1, Sum:  0.3, Workers: 4
[3604.246s][debug][gc,phases      ] GC(154)     Dead                           Min: 0, Avg:  0.0, Max: 0, Diff: 0, Sum: 0, Workers: 4
[3604.246s][debug][gc,phases      ] GC(154)     Total                          Min: 0, Avg: 10805.2, Max: 18431, Diff: 18431, Sum: 43221, Workers: 4
[3604.246s][debug][gc,phases      ] GC(154)   ResolvedMethodTable Weak       Min:  0.0, Avg:  0.0, Max:  0.0, Diff:  0.0, Sum:  0.1, Workers: 4
[3604.246s][debug][gc,phases      ] GC(154)     Dead                           Min: 0, Avg:  0.0, Max: 0, Diff: 0, Sum: 0, Workers: 4
[3604.246s][debug][gc,phases      ] GC(154)     Total                          Min: 0, Avg: 2158.5, Max: 3578, Diff: 3578, Sum: 8634, Workers: 4
[3604.246s][debug][gc,phases      ] GC(154)   JNI Weak                       Min:  0.0, Avg:  0.0, Max:  0.0, Diff:  0.0, Sum:  0.0, Workers: 4
[3604.246s][debug][gc,phases      ] GC(154)     Dead                           Min: 0, Avg:  0.0, Max: 0, Diff: 0, Sum: 0, Workers: 4
[3604.246s][debug][gc,phases      ] GC(154)     Total                          Min: 0, Avg: 11.2, Max: 45, Diff: 45, Sum: 45, Workers: 4
[3604.246s][debug][gc,phases      ] GC(154)   StringDedup Table Weak         Min:  0.0, Avg:  0.0, Max:  0.0, Diff:  0.0, Sum:  0.0, Workers: 4
[3604.246s][debug][gc,phases      ] GC(154)     Dead                           Min: 0, Avg:  0.0, Max: 0, Diff: 0, Sum: 0, Workers: 4
[3604.246s][debug][gc,phases      ] GC(154)     Total                          Min: 0, Avg:  0.0, Max: 0, Diff: 0, Sum: 0, Workers: 4
[3604.246s][debug][gc,phases      ] GC(154)   StringDedup Requests0 Weak     Min:  0.0, Avg:  0.0, Max:  0.0, Diff:  0.0, Sum:  0.0, Workers: 4
[3604.246s][debug][gc,phases      ] GC(154)     Dead                           Min: 0, Avg:  0.0, Max: 0, Diff: 0, Sum: 0, Workers: 4
[3604.246s][debug][gc,phases      ] GC(154)     Total                          Min: 0, Avg:  0.0, Max: 0, Diff: 0, Sum: 0, Workers: 4
[3604.246s][debug][gc,phases      ] GC(154)   StringDedup Requests1 Weak     Min:  0.0, Avg:  0.0, Max:  0.0, Diff:  0.0, Sum:  0.0, Workers: 4
[3604.246s][debug][gc,phases      ] GC(154)     Dead                           Min: 0, Avg:  0.0, Max: 0, Diff: 0, Sum: 0, Workers: 4
[3604.246s][debug][gc,phases      ] GC(154)     Total                          Min: 0, Avg:  0.0, Max: 0, Diff: 0, Sum: 0, Workers: 4
[3604.246s][debug][gc,phases      ] GC(154)   Weak JFR Old Object Samples    Min:  0.0, Avg:  0.0, Max:  0.0, Diff:  0.0, Sum:  0.0, Workers: 4
[3604.246s][debug][gc,phases      ] GC(154)     Dead                           Min: 0, Avg:  0.0, Max: 0, Diff: 0, Sum: 0, Workers: 4
[3604.246s][debug][gc,phases      ] GC(154)     Total                          Min: 0, Avg:  0.0, Max: 0, Diff: 0, Sum: 0, Workers: 4
[3604.246s][debug][gc,phases      ] GC(154) Weak Processing 0.309ms
[3604.246s][debug][gc,age         ] GC(154) Desired survivor size 2097152 bytes, new threshold 15 (max threshold 15)
[3604.246s][info ][gc,heap        ] GC(154) PSYoungGen: 2094240K(2095104K)->1312K(2095104K) Eden: 2093056K(2093056K)->0K(2093056K) From: 1184K(2048K)->1312K(2048K)
[3604.246s][info ][gc,heap        ] GC(154) ParOldGen: 344798K(446976K)->344834K(446976K)
[3604.246s][info ][gc,metaspace   ] GC(154) Metaspace: 79408K(80320K)->79408K(80320K) NonClass: 68095K(68608K)->68095K(68608K) Class: 11313K(11712K)->11313K(11712K)
[3604.246s][info ][gc             ] GC(154) Pause Young (Allocation Failure) 2381M->338M(2482M) 3.700ms
[3604.246s][info ][gc,cpu         ] GC(154) User=0.00s Sys=0.01s Real=0.00s
[3604.246s][info ][safepoint      ] Safepoint "ParallelGCFailedAllocation", Time since last: 2047422914 ns, Reaching safepoint: 96701 ns, At safepoint: 3769220 ns, Total: 3865921 ns
[3611.247s][info ][safepoint      ] Safepoint "Cleanup", Time since last: 7000474850 ns, Reaching safepoint: 32200 ns, At safepoint: 5800 ns, Total: 38000 ns
[3628.706s][info ][gc,start       ] GC(155) Pause Young (Allocation Failure)
[3628.709s][debug][gc,phases      ] GC(155) Scavenge 2.874ms
[3628.709s][debug][gc,ref         ] GC(155) Skipped phase 1 of Reference Processing: no references
[3628.709s][debug][gc,ref         ] GC(155) ReferenceProcessor::execute queues: 1, RefProcThreadModel::Single, marks_oops_alive: false
[3628.709s][debug][gc,ref         ] GC(155) Skipped phase 3 of Reference Processing: no references
[3628.709s][debug][gc,ref         ] GC(155) ReferenceProcessor::execute queues: 1, RefProcThreadModel::Single, marks_oops_alive: false
[3628.709s][debug][gc,phases      ] GC(155) Reference Processing 0.100ms
[3628.710s][debug][gc,phases      ] GC(155)   VM Weak                        Min:  0.0, Avg:  0.0, Max:  0.0, Diff:  0.0, Sum:  0.0, Workers: 4
[3628.710s][debug][gc,phases      ] GC(155)     Dead                           Min: 0, Avg:  0.0, Max: 0, Diff: 0, Sum: 0, Workers: 4
[3628.710s][debug][gc,phases      ] GC(155)     Total                          Min: 0, Avg: 183.5, Max: 512, Diff: 512, Sum: 734, Workers: 4
[3628.710s][debug][gc,phases      ] GC(155)   ObjectSynchronizer Weak        Min:  0.0, Avg:  0.0, Max:  0.0, Diff:  0.0, Sum:  0.0, Workers: 4
[3628.710s][debug][gc,phases      ] GC(155)     Dead                           Min: 0, Avg:  0.0, Max: 0, Diff: 0, Sum: 0, Workers: 4
[3628.710s][debug][gc,phases      ] GC(155)     Total                          Min: 0, Avg:  8.0, Max: 32, Diff: 32, Sum: 32, Workers: 4
[3628.710s][debug][gc,phases      ] GC(155)   JVMTI Tag Weak OopStorage      Min:  0.0, Avg:  0.0, Max:  0.0, Diff:  0.0, Sum:  0.0, Workers: 4
[3628.710s][debug][gc,phases      ] GC(155)     Dead                           Min: 0, Avg:  0.0, Max: 0, Diff: 0, Sum: 0, Workers: 4
[3628.710s][debug][gc,phases      ] GC(155)     Total                          Min: 0, Avg:  0.0, Max: 0, Diff: 0, Sum: 0, Workers: 4
[3628.710s][debug][gc,phases      ] GC(155)   StringTable Weak               Min:  0.0, Avg:  0.1, Max:  0.1, Diff:  0.1, Sum:  0.3, Workers: 4
[3628.710s][debug][gc,phases      ] GC(155)     Dead                           Min: 0, Avg:  0.0, Max: 0, Diff: 0, Sum: 0, Workers: 4
[3628.710s][debug][gc,phases      ] GC(155)     Total                          Min: 0, Avg: 10805.2, Max: 17366, Diff: 17366, Sum: 43221, Workers: 4
[3628.710s][debug][gc,phases      ] GC(155)   ResolvedMethodTable Weak       Min:  0.0, Avg:  0.0, Max:  0.0, Diff:  0.0, Sum:  0.1, Workers: 4
[3628.710s][debug][gc,phases      ] GC(155)     Dead                           Min: 0, Avg:  0.0, Max: 0, Diff: 0, Sum: 0, Workers: 4
[3628.710s][debug][gc,phases      ] GC(155)     Total                          Min: 0, Avg: 2158.5, Max: 3584, Diff: 3584, Sum: 8634, Workers: 4
[3628.710s][debug][gc,phases      ] GC(155)   JNI Weak                       Min:  0.0, Avg:  0.0, Max:  0.0, Diff:  0.0, Sum:  0.0, Workers: 4
[3628.710s][debug][gc,phases      ] GC(155)     Dead                           Min: 0, Avg:  0.0, Max: 0, Diff: 0, Sum: 0, Workers: 4
[3628.710s][debug][gc,phases      ] GC(155)     Total                          Min: 0, Avg: 11.2, Max: 45, Diff: 45, Sum: 45, Workers: 4
[3628.710s][debug][gc,phases      ] GC(155)   StringDedup Table Weak         Min:  0.0, Avg:  0.0, Max:  0.0, Diff:  0.0, Sum:  0.0, Workers: 4
[3628.710s][debug][gc,phases      ] GC(155)     Dead                           Min: 0, Avg:  0.0, Max: 0, Diff: 0, Sum: 0, Workers: 4
[3628.710s][debug][gc,phases      ] GC(155)     Total                          Min: 0, Avg:  0.0, Max: 0, Diff: 0, Sum: 0, Workers: 4
[3628.710s][debug][gc,phases      ] GC(155)   StringDedup Requests0 Weak     Min:  0.0, Avg:  0.0, Max:  0.0, Diff:  0.0, Sum:  0.0, Workers: 4
[3628.710s][debug][gc,phases      ] GC(155)     Dead                           Min: 0, Avg:  0.0, Max: 0, Diff: 0, Sum: 0, Workers: 4
[3628.710s][debug][gc,phases      ] GC(155)     Total                          Min: 0, Avg:  0.0, Max: 0, Diff: 0, Sum: 0, Workers: 4
[3628.710s][debug][gc,phases      ] GC(155)   StringDedup Requests1 Weak     Min:  0.0, Avg:  0.0, Max:  0.0, Diff:  0.0, Sum:  0.0, Workers: 4
[3628.710s][debug][gc,phases      ] GC(155)     Dead                           Min: 0, Avg:  0.0, Max: 0, Diff: 0, Sum: 0, Workers: 4
[3628.710s][debug][gc,phases      ] GC(155)     Total                          Min: 0, Avg:  0.0, Max: 0, Diff: 0, Sum: 0, Workers: 4
[3628.710s][debug][gc,phases      ] GC(155)   Weak JFR Old Object Samples    Min:  0.0, Avg:  0.0, Max:  0.0, Diff:  0.0, Sum:  0.0, Workers: 4
[3628.710s][debug][gc,phases      ] GC(155)     Dead                           Min: 0, Avg:  0.0, Max: 0, Diff: 0, Sum: 0, Workers: 4
[3628.710s][debug][gc,phases      ] GC(155)     Total                          Min: 0, Avg:  0.0, Max: 0, Diff: 0, Sum: 0, Workers: 4
[3628.710s][debug][gc,phases      ] GC(155) Weak Processing 0.300ms
[3628.710s][debug][gc,age         ] GC(155) Desired survivor size 2097152 bytes, new threshold 15 (max threshold 15)
[3628.710s][info ][gc,heap        ] GC(155) PSYoungGen: 2094368K(2095104K)->1280K(2095104K) Eden: 2093056K(2093056K)->0K(2093056K) From: 1312K(2048K)->1280K(2048K)
[3628.710s][info ][gc,heap        ] GC(155) ParOldGen: 344834K(446976K)->344842K(446976K)
[3628.710s][info ][gc,metaspace   ] GC(155) Metaspace: 79409K(80320K)->79409K(80320K) NonClass: 68095K(68608K)->68095K(68608K) Class: 11313K(11712K)->11313K(11712K)
[3628.710s][info ][gc             ] GC(155) Pause Young (Allocation Failure) 2382M->338M(2482M) 3.388ms
[3628.710s][info ][gc,cpu         ] GC(155) User=0.01s Sys=0.00s Real=0.00s
[3628.710s][info ][safepoint      ] Safepoint "ParallelGCFailedAllocation", Time since last: 17459486118 ns, Reaching safepoint: 39700 ns, At safepoint: 3452019 ns, Total: 3491719 ns
[3639.711s][info ][safepoint      ] Safepoint "Cleanup", Time since last: 11000680348 ns, Reaching safepoint: 37300 ns, At safepoint: 3400 ns, Total: 40700 ns
[3653.605s][info ][gc,start       ] GC(156) Pause Young (Allocation Failure)
[3653.608s][debug][gc,phases      ] GC(156) Scavenge 2.898ms
[3653.608s][debug][gc,ref         ] GC(156) Skipped phase 1 of Reference Processing: no references
[3653.609s][debug][gc,ref         ] GC(156) ReferenceProcessor::execute queues: 1, RefProcThreadModel::Single, marks_oops_alive: false
[3653.609s][debug][gc,ref         ] GC(156) Skipped phase 3 of Reference Processing: no references
[3653.609s][debug][gc,ref         ] GC(156) ReferenceProcessor::execute queues: 1, RefProcThreadModel::Single, marks_oops_alive: false
[3653.609s][debug][gc,phases      ] GC(156) Reference Processing 0.088ms
[3653.609s][debug][gc,phases      ] GC(156)   VM Weak                        Min:  0.0, Avg:  0.0, Max:  0.0, Diff:  0.0, Sum:  0.0, Workers: 4
[3653.609s][debug][gc,phases      ] GC(156)     Dead                           Min: 0, Avg:  0.0, Max: 0, Diff: 0, Sum: 0, Workers: 4
[3653.609s][debug][gc,phases      ] GC(156)     Total                          Min: 0, Avg: 183.5, Max: 576, Diff: 576, Sum: 734, Workers: 4
[3653.609s][debug][gc,phases      ] GC(156)   ObjectSynchronizer Weak        Min:  0.0, Avg:  0.0, Max:  0.0, Diff:  0.0, Sum:  0.0, Workers: 4
[3653.609s][debug][gc,phases      ] GC(156)     Dead                           Min: 0, Avg:  0.0, Max: 0, Diff: 0, Sum: 0, Workers: 4
[3653.609s][debug][gc,phases      ] GC(156)     Total                          Min: 0, Avg:  8.0, Max: 32, Diff: 32, Sum: 32, Workers: 4
[3653.609s][debug][gc,phases      ] GC(156)   JVMTI Tag Weak OopStorage      Min:  0.0, Avg:  0.0, Max:  0.0, Diff:  0.0, Sum:  0.0, Workers: 4
[3653.609s][debug][gc,phases      ] GC(156)     Dead                           Min: 0, Avg:  0.0, Max: 0, Diff: 0, Sum: 0, Workers: 4
[3653.609s][debug][gc,phases      ] GC(156)     Total                          Min: 0, Avg:  0.0, Max: 0, Diff: 0, Sum: 0, Workers: 4
[3653.609s][debug][gc,phases      ] GC(156)   StringTable Weak               Min:  0.0, Avg:  0.1, Max:  0.1, Diff:  0.1, Sum:  0.4, Workers: 4
[3653.609s][debug][gc,phases      ] GC(156)     Dead                           Min: 0, Avg:  0.0, Max: 0, Diff: 0, Sum: 0, Workers: 4
[3653.609s][debug][gc,phases      ] GC(156)     Total                          Min: 0, Avg: 10805.2, Max: 17430, Diff: 17430, Sum: 43221, Workers: 4
[3653.609s][debug][gc,phases      ] GC(156)   ResolvedMethodTable Weak       Min:  0.0, Avg:  0.0, Max:  0.0, Diff:  0.0, Sum:  0.1, Workers: 4
[3653.609s][debug][gc,phases      ] GC(156)     Dead                           Min: 0, Avg:  0.0, Max: 0, Diff: 0, Sum: 0, Workers: 4
[3653.609s][debug][gc,phases      ] GC(156)     Total                          Min: 0, Avg: 2158.5, Max: 3520, Diff: 3520, Sum: 8634, Workers: 4
[3653.609s][debug][gc,phases      ] GC(156)   JNI Weak                       Min:  0.0, Avg:  0.0, Max:  0.0, Diff:  0.0, Sum:  0.0, Workers: 4
[3653.609s][debug][gc,phases      ] GC(156)     Dead                           Min: 0, Avg:  0.0, Max: 0, Diff: 0, Sum: 0, Workers: 4
[3653.609s][debug][gc,phases      ] GC(156)     Total                          Min: 0, Avg: 11.2, Max: 45, Diff: 45, Sum: 45, Workers: 4
[3653.609s][debug][gc,phases      ] GC(156)   StringDedup Table Weak         Min:  0.0, Avg:  0.0, Max:  0.0, Diff:  0.0, Sum:  0.0, Workers: 4
[3653.609s][debug][gc,phases      ] GC(156)     Dead                           Min: 0, Avg:  0.0, Max: 0, Diff: 0, Sum: 0, Workers: 4
[3653.609s][debug][gc,phases      ] GC(156)     Total                          Min: 0, Avg:  0.0, Max: 0, Diff: 0, Sum: 0, Workers: 4
[3653.609s][debug][gc,phases      ] GC(156)   StringDedup Requests0 Weak     Min:  0.0, Avg:  0.0, Max:  0.0, Diff:  0.0, Sum:  0.0, Workers: 4
[3653.609s][debug][gc,phases      ] GC(156)     Dead                           Min: 0, Avg:  0.0, Max: 0, Diff: 0, Sum: 0, Workers: 4
[3653.609s][debug][gc,phases      ] GC(156)     Total                          Min: 0, Avg:  0.0, Max: 0, Diff: 0, Sum: 0, Workers: 4
[3653.609s][debug][gc,phases      ] GC(156)   StringDedup Requests1 Weak     Min:  0.0, Avg:  0.0, Max:  0.0, Diff:  0.0, Sum:  0.0, Workers: 4
[3653.609s][debug][gc,phases      ] GC(156)     Dead                           Min: 0, Avg:  0.0, Max: 0, Diff: 0, Sum: 0, Workers: 4
[3653.609s][debug][gc,phases      ] GC(156)     Total                          Min: 0, Avg:  0.0, Max: 0, Diff: 0, Sum: 0, Workers: 4
[3653.609s][debug][gc,phases      ] GC(156)   Weak JFR Old Object Samples    Min:  0.0, Avg:  0.0, Max:  0.0, Diff:  0.0, Sum:  0.0, Workers: 4
[3653.609s][debug][gc,phases      ] GC(156)     Dead                           Min: 0, Avg:  0.0, Max: 0, Diff: 0, Sum: 0, Workers: 4
[3653.609s][debug][gc,phases      ] GC(156)     Total                          Min: 0, Avg:  0.0, Max: 0, Diff: 0, Sum: 0, Workers: 4
[3653.609s][debug][gc,phases      ] GC(156) Weak Processing 0.305ms
[3653.609s][debug][gc,age         ] GC(156) Desired survivor size 2097152 bytes, new threshold 15 (max threshold 15)
[3653.609s][info ][gc,heap        ] GC(156) PSYoungGen: 2094336K(2095104K)->1184K(2095104K) Eden: 2093056K(2093056K)->0K(2093056K) From: 1280K(2048K)->1184K(2048K)
[3653.609s][info ][gc,heap        ] GC(156) ParOldGen: 344842K(446976K)->344899K(446976K)
[3653.609s][info ][gc,metaspace   ] GC(156) Metaspace: 79409K(80320K)->79409K(80320K) NonClass: 68095K(68608K)->68095K(68608K) Class: 11313K(11712K)->11313K(11712K)
[3653.609s][info ][gc             ] GC(156) Pause Young (Allocation Failure) 2382M->337M(2482M) 3.385ms
[3653.609s][info ][gc,cpu         ] GC(156) User=0.01s Sys=0.00s Real=0.00s
[3653.609s][info ][safepoint      ] Safepoint "ParallelGCFailedAllocation", Time since last: 13894826206 ns, Reaching safepoint: 32300 ns, At safepoint: 3449819 ns, Total: 3482119 ns
[3678.765s][info ][gc,start       ] GC(157) Pause Young (Allocation Failure)
[3678.767s][debug][gc,phases      ] GC(157) Scavenge 1.784ms
[3678.767s][debug][gc,ref         ] GC(157) Skipped phase 1 of Reference Processing: no references
[3678.767s][debug][gc,ref         ] GC(157) ReferenceProcessor::execute queues: 1, RefProcThreadModel::Single, marks_oops_alive: false
[3678.767s][debug][gc,ref         ] GC(157) Skipped phase 3 of Reference Processing: no references
[3678.767s][debug][gc,ref         ] GC(157) ReferenceProcessor::execute queues: 1, RefProcThreadModel::Single, marks_oops_alive: false
[3678.767s][debug][gc,phases      ] GC(157) Reference Processing 0.090ms
[3678.767s][debug][gc,phases      ] GC(157)   VM Weak                        Min:  0.0, Avg:  0.0, Max:  0.0, Diff:  0.0, Sum:  0.0, Workers: 4
[3678.767s][debug][gc,phases      ] GC(157)     Dead                           Min: 0, Avg:  0.0, Max: 0, Diff: 0, Sum: 0, Workers: 4
[3678.767s][debug][gc,phases      ] GC(157)     Total                          Min: 0, Avg: 183.5, Max: 734, Diff: 734, Sum: 734, Workers: 4
[3678.767s][debug][gc,phases      ] GC(157)   ObjectSynchronizer Weak        Min:  0.0, Avg:  0.0, Max:  0.0, Diff:  0.0, Sum:  0.0, Workers: 4
[3678.767s][debug][gc,phases      ] GC(157)     Dead                           Min: 0, Avg:  0.0, Max: 0, Diff: 0, Sum: 0, Workers: 4
[3678.767s][debug][gc,phases      ] GC(157)     Total                          Min: 0, Avg:  8.0, Max: 32, Diff: 32, Sum: 32, Workers: 4
[3678.767s][debug][gc,phases      ] GC(157)   JVMTI Tag Weak OopStorage      Min:  0.0, Avg:  0.0, Max:  0.0, Diff:  0.0, Sum:  0.0, Workers: 4
[3678.767s][debug][gc,phases      ] GC(157)     Dead                           Min: 0, Avg:  0.0, Max: 0, Diff: 0, Sum: 0, Workers: 4
[3678.767s][debug][gc,phases      ] GC(157)     Total                          Min: 0, Avg:  0.0, Max: 0, Diff: 0, Sum: 0, Workers: 4
[3678.767s][debug][gc,phases      ] GC(157)   StringTable Weak               Min:  0.1, Avg:  0.1, Max:  0.1, Diff:  0.0, Sum:  0.4, Workers: 4
[3678.767s][debug][gc,phases      ] GC(157)     Dead                           Min: 0, Avg:  0.0, Max: 0, Diff: 0, Sum: 0, Workers: 4
[3678.767s][debug][gc,phases      ] GC(157)     Total                          Min: 10240, Avg: 10805.8, Max: 11160, Diff: 920, Sum: 43223, Workers: 4
[3678.767s][debug][gc,phases      ] GC(157)   ResolvedMethodTable Weak       Min:  0.0, Avg:  0.0, Max:  0.0, Diff:  0.0, Sum:  0.1, Workers: 4
[3678.767s][debug][gc,phases      ] GC(157)     Dead                           Min: 0, Avg:  0.0, Max: 0, Diff: 0, Sum: 0, Workers: 4
[3678.767s][debug][gc,phases      ] GC(157)     Total                          Min: 1210, Avg: 2158.5, Max: 2560, Diff: 1350, Sum: 8634, Workers: 4
[3678.767s][debug][gc,phases      ] GC(157)   JNI Weak                       Min:  0.0, Avg:  0.0, Max:  0.0, Diff:  0.0, Sum:  0.0, Workers: 4
[3678.767s][debug][gc,phases      ] GC(157)     Dead                           Min: 0, Avg:  0.0, Max: 0, Diff: 0, Sum: 0, Workers: 4
[3678.767s][debug][gc,phases      ] GC(157)     Total                          Min: 0, Avg: 11.2, Max: 45, Diff: 45, Sum: 45, Workers: 4
[3678.767s][debug][gc,phases      ] GC(157)   StringDedup Table Weak         Min:  0.0, Avg:  0.0, Max:  0.0, Diff:  0.0, Sum:  0.0, Workers: 4
[3678.767s][debug][gc,phases      ] GC(157)     Dead                           Min: 0, Avg:  0.0, Max: 0, Diff: 0, Sum: 0, Workers: 4
[3678.767s][debug][gc,phases      ] GC(157)     Total                          Min: 0, Avg:  0.0, Max: 0, Diff: 0, Sum: 0, Workers: 4
[3678.767s][debug][gc,phases      ] GC(157)   StringDedup Requests0 Weak     Min:  0.0, Avg:  0.0, Max:  0.0, Diff:  0.0, Sum:  0.0, Workers: 4
[3678.767s][debug][gc,phases      ] GC(157)     Dead                           Min: 0, Avg:  0.0, Max: 0, Diff: 0, Sum: 0, Workers: 4
[3678.767s][debug][gc,phases      ] GC(157)     Total                          Min: 0, Avg:  0.0, Max: 0, Diff: 0, Sum: 0, Workers: 4
[3678.767s][debug][gc,phases      ] GC(157)   StringDedup Requests1 Weak     Min:  0.0, Avg:  0.0, Max:  0.0, Diff:  0.0, Sum:  0.0, Workers: 4
[3678.767s][debug][gc,phases      ] GC(157)     Dead                           Min: 0, Avg:  0.0, Max: 0, Diff: 0, Sum: 0, Workers: 4
[3678.767s][debug][gc,phases      ] GC(157)     Total                          Min: 0, Avg:  0.0, Max: 0, Diff: 0, Sum: 0, Workers: 4
[3678.767s][debug][gc,phases      ] GC(157)   Weak JFR Old Object Samples    Min:  0.0, Avg:  0.0, Max:  0.0, Diff:  0.0, Sum:  0.0, Workers: 4
[3678.767s][debug][gc,phases      ] GC(157)     Dead                           Min: 0, Avg:  0.0, Max: 0, Diff: 0, Sum: 0, Workers: 4
[3678.767s][debug][gc,phases      ] GC(157)     Total                          Min: 0, Avg:  0.0, Max: 0, Diff: 0, Sum: 0, Workers: 4
[3678.767s][debug][gc,phases      ] GC(157) Weak Processing 0.276ms
[3678.767s][debug][gc,age         ] GC(157) Desired survivor size 1572864 bytes, new threshold 15 (max threshold 15)
[3678.767s][info ][gc,heap        ] GC(157) PSYoungGen: 2094240K(2095104K)->1152K(2095616K) Eden: 2093056K(2093056K)->0K(2093568K) From: 1184K(2048K)->1152K(2048K)
[3678.767s][info ][gc,heap        ] GC(157) ParOldGen: 344899K(446976K)->344907K(446976K)
[3678.767s][info ][gc,metaspace   ] GC(157) Metaspace: 79409K(80320K)->79409K(80320K) NonClass: 68095K(68608K)->68095K(68608K) Class: 11313K(11712K)->11313K(11712K)
[3678.767s][info ][gc             ] GC(157) Pause Young (Allocation Failure) 2381M->337M(2483M) 2.238ms
[3678.767s][info ][gc,cpu         ] GC(157) User=0.01s Sys=0.00s Real=0.00s
[3678.767s][info ][safepoint      ] Safepoint "ParallelGCFailedAllocation", Time since last: 25156174894 ns, Reaching safepoint: 28300 ns, At safepoint: 2327712 ns, Total: 2356012 ns
[3704.007s][info ][gc,start       ] GC(158) Pause Young (Allocation Failure)
[3704.008s][debug][gc,phases      ] GC(158) Scavenge 1.668ms
[3704.008s][debug][gc,ref         ] GC(158) Skipped phase 1 of Reference Processing: no references
[3704.008s][debug][gc,ref         ] GC(158) ReferenceProcessor::execute queues: 1, RefProcThreadModel::Single, marks_oops_alive: false
[3704.008s][debug][gc,ref         ] GC(158) Skipped phase 3 of Reference Processing: no references
[3704.008s][debug][gc,ref         ] GC(158) ReferenceProcessor::execute queues: 1, RefProcThreadModel::Single, marks_oops_alive: false
[3704.008s][debug][gc,phases      ] GC(158) Reference Processing 0.101ms
[3704.009s][debug][gc,phases      ] GC(158)   VM Weak                        Min:  0.0, Avg:  0.0, Max:  0.0, Diff:  0.0, Sum:  0.0, Workers: 4
[3704.009s][debug][gc,phases      ] GC(158)     Dead                           Min: 0, Avg:  0.0, Max: 0, Diff: 0, Sum: 0, Workers: 4
[3704.009s][debug][gc,phases      ] GC(158)     Total                          Min: 0, Avg: 183.5, Max: 734, Diff: 734, Sum: 734, Workers: 4
[3704.009s][debug][gc,phases      ] GC(158)   ObjectSynchronizer Weak        Min:  0.0, Avg:  0.0, Max:  0.0, Diff:  0.0, Sum:  0.0, Workers: 4
[3704.009s][debug][gc,phases      ] GC(158)     Dead                           Min: 0, Avg:  0.0, Max: 0, Diff: 0, Sum: 0, Workers: 4
[3704.009s][debug][gc,phases      ] GC(158)     Total                          Min: 0, Avg:  8.0, Max: 32, Diff: 32, Sum: 32, Workers: 4
[3704.009s][debug][gc,phases      ] GC(158)   JVMTI Tag Weak OopStorage      Min:  0.0, Avg:  0.0, Max:  0.0, Diff:  0.0, Sum:  0.0, Workers: 4
[3704.009s][debug][gc,phases      ] GC(158)     Dead                           Min: 0, Avg:  0.0, Max: 0, Diff: 0, Sum: 0, Workers: 4
[3704.009s][debug][gc,phases      ] GC(158)     Total                          Min: 0, Avg:  0.0, Max: 0, Diff: 0, Sum: 0, Workers: 4
[3704.009s][debug][gc,phases      ] GC(158)   StringTable Weak               Min:  0.0, Avg:  0.1, Max:  0.1, Diff:  0.1, Sum:  0.3, Workers: 4
[3704.009s][debug][gc,phases      ] GC(158)     Dead                           Min: 0, Avg:  0.0, Max: 0, Diff: 0, Sum: 0, Workers: 4
[3704.009s][debug][gc,phases      ] GC(158)     Total                          Min: 0, Avg: 10805.8, Max: 18135, Diff: 18135, Sum: 43223, Workers: 4
[3704.009s][debug][gc,phases      ] GC(158)   ResolvedMethodTable Weak       Min:  0.0, Avg:  0.0, Max:  0.0, Diff:  0.0, Sum:  0.1, Workers: 4
[3704.009s][debug][gc,phases      ] GC(158)     Dead                           Min: 0, Avg:  0.0, Max: 0, Diff: 0, Sum: 0, Workers: 4
[3704.009s][debug][gc,phases      ] GC(158)     Total                          Min: 0, Avg: 2158.5, Max: 3904, Diff: 3904, Sum: 8634, Workers: 4
[3704.009s][debug][gc,phases      ] GC(158)   JNI Weak                       Min:  0.0, Avg:  0.0, Max:  0.0, Diff:  0.0, Sum:  0.0, Workers: 4
[3704.009s][debug][gc,phases      ] GC(158)     Dead                           Min: 0, Avg:  0.0, Max: 0, Diff: 0, Sum: 0, Workers: 4
[3704.009s][debug][gc,phases      ] GC(158)     Total                          Min: 0, Avg: 11.2, Max: 45, Diff: 45, Sum: 45, Workers: 4
[3704.009s][debug][gc,phases      ] GC(158)   StringDedup Table Weak         Min:  0.0, Avg:  0.0, Max:  0.0, Diff:  0.0, Sum:  0.0, Workers: 4
[3704.009s][debug][gc,phases      ] GC(158)     Dead                           Min: 0, Avg:  0.0, Max: 0, Diff: 0, Sum: 0, Workers: 4
[3704.009s][debug][gc,phases      ] GC(158)     Total                          Min: 0, Avg:  0.0, Max: 0, Diff: 0, Sum: 0, Workers: 4
[3704.009s][debug][gc,phases      ] GC(158)   StringDedup Requests0 Weak     Min:  0.0, Avg:  0.0, Max:  0.0, Diff:  0.0, Sum:  0.0, Workers: 4
[3704.009s][debug][gc,phases      ] GC(158)     Dead                           Min: 0, Avg:  0.0, Max: 0, Diff: 0, Sum: 0, Workers: 4
[3704.009s][debug][gc,phases      ] GC(158)     Total                          Min: 0, Avg:  0.0, Max: 0, Diff: 0, Sum: 0, Workers: 4
[3704.009s][debug][gc,phases      ] GC(158)   StringDedup Requests1 Weak     Min:  0.0, Avg:  0.0, Max:  0.0, Diff:  0.0, Sum:  0.0, Workers: 4
[3704.009s][debug][gc,phases      ] GC(158)     Dead                           Min: 0, Avg:  0.0, Max: 0, Diff: 0, Sum: 0, Workers: 4
[3704.009s][debug][gc,phases      ] GC(158)     Total                          Min: 0, Avg:  0.0, Max: 0, Diff: 0, Sum: 0, Workers: 4
[3704.009s][debug][gc,phases      ] GC(158)   Weak JFR Old Object Samples    Min:  0.0, Avg:  0.0, Max:  0.0, Diff:  0.0, Sum:  0.0, Workers: 4
[3704.009s][debug][gc,phases      ] GC(158)     Dead                           Min: 0, Avg:  0.0, Max: 0, Diff: 0, Sum: 0, Workers: 4
[3704.009s][debug][gc,phases      ] GC(158)     Total                          Min: 0, Avg:  0.0, Max: 0, Diff: 0, Sum: 0, Workers: 4
[3704.009s][debug][gc,phases      ] GC(158) Weak Processing 0.307ms
[3704.009s][debug][gc,age         ] GC(158) Desired survivor size 1572864 bytes, new threshold 15 (max threshold 15)
[3704.009s][info ][gc,heap        ] GC(158) PSYoungGen: 2094720K(2095616K)->1152K(2095104K) Eden: 2093568K(2093568K)->0K(2093568K) From: 1152K(2048K)->1152K(1536K)
[3704.009s][info ][gc,heap        ] GC(158) ParOldGen: 344907K(446976K)->344939K(446976K)
[3704.009s][info ][gc,metaspace   ] GC(158) Metaspace: 79409K(80320K)->79409K(80320K) NonClass: 68095K(68608K)->68095K(68608K) Class: 11313K(11712K)->11313K(11712K)
[3704.009s][info ][gc             ] GC(158) Pause Young (Allocation Failure) 2382M->337M(2482M) 2.175ms
[3704.009s][info ][gc,cpu         ] GC(158) User=0.01s Sys=0.00s Real=0.00s
[3704.009s][info ][safepoint      ] Safepoint "ParallelGCFailedAllocation", Time since last: 25239080135 ns, Reaching safepoint: 25801 ns, At safepoint: 2239711 ns, Total: 2265512 ns
[3729.291s][info ][gc,start       ] GC(159) Pause Young (Allocation Failure)
[3729.293s][debug][gc,phases      ] GC(159) Scavenge 2.290ms
[3729.293s][debug][gc,ref         ] GC(159) Skipped phase 1 of Reference Processing: no references
[3729.293s][debug][gc,ref         ] GC(159) ReferenceProcessor::execute queues: 1, RefProcThreadModel::Single, marks_oops_alive: false
[3729.293s][debug][gc,ref         ] GC(159) Skipped phase 3 of Reference Processing: no references
[3729.293s][debug][gc,ref         ] GC(159) ReferenceProcessor::execute queues: 1, RefProcThreadModel::Single, marks_oops_alive: false
[3729.293s][debug][gc,phases      ] GC(159) Reference Processing 0.104ms
[3729.293s][debug][gc,phases      ] GC(159)   VM Weak                        Min:  0.0, Avg:  0.0, Max:  0.0, Diff:  0.0, Sum:  0.0, Workers: 4
[3729.293s][debug][gc,phases      ] GC(159)     Dead                           Min: 0, Avg:  0.0, Max: 0, Diff: 0, Sum: 0, Workers: 4
[3729.293s][debug][gc,phases      ] GC(159)     Total                          Min: 0, Avg: 183.5, Max: 384, Diff: 384, Sum: 734, Workers: 4
[3729.293s][debug][gc,phases      ] GC(159)   ObjectSynchronizer Weak        Min:  0.0, Avg:  0.0, Max:  0.0, Diff:  0.0, Sum:  0.0, Workers: 4
[3729.293s][debug][gc,phases      ] GC(159)     Dead                           Min: 0, Avg:  0.0, Max: 0, Diff: 0, Sum: 0, Workers: 4
[3729.293s][debug][gc,phases      ] GC(159)     Total                          Min: 0, Avg:  8.0, Max: 32, Diff: 32, Sum: 32, Workers: 4
[3729.293s][debug][gc,phases      ] GC(159)   JVMTI Tag Weak OopStorage      Min:  0.0, Avg:  0.0, Max:  0.0, Diff:  0.0, Sum:  0.0, Workers: 4
[3729.293s][debug][gc,phases      ] GC(159)     Dead                           Min: 0, Avg:  0.0, Max: 0, Diff: 0, Sum: 0, Workers: 4
[3729.293s][debug][gc,phases      ] GC(159)     Total                          Min: 0, Avg:  0.0, Max: 0, Diff: 0, Sum: 0, Workers: 4
[3729.293s][debug][gc,phases      ] GC(159)   StringTable Weak               Min:  0.0, Avg:  0.1, Max:  0.1, Diff:  0.1, Sum:  0.3, Workers: 4
[3729.293s][debug][gc,phases      ] GC(159)     Dead                           Min: 0, Avg:  0.0, Max: 0, Diff: 0, Sum: 0, Workers: 4
[3729.293s][debug][gc,phases      ] GC(159)     Total                          Min: 0, Avg: 10805.8, Max: 18111, Diff: 18111, Sum: 43223, Workers: 4
[3729.293s][debug][gc,phases      ] GC(159)   ResolvedMethodTable Weak       Min:  0.0, Avg:  0.0, Max:  0.0, Diff:  0.0, Sum:  0.1, Workers: 4
[3729.293s][debug][gc,phases      ] GC(159)     Dead                           Min: 0, Avg:  0.0, Max: 0, Diff: 0, Sum: 0, Workers: 4
[3729.293s][debug][gc,phases      ] GC(159)     Total                          Min: 0, Avg: 2158.5, Max: 3008, Diff: 3008, Sum: 8634, Workers: 4
[3729.293s][debug][gc,phases      ] GC(159)   JNI Weak                       Min:  0.0, Avg:  0.0, Max:  0.0, Diff:  0.0, Sum:  0.0, Workers: 4
[3729.293s][debug][gc,phases      ] GC(159)     Dead                           Min: 0, Avg:  0.0, Max: 0, Diff: 0, Sum: 0, Workers: 4
[3729.293s][debug][gc,phases      ] GC(159)     Total                          Min: 0, Avg: 11.2, Max: 45, Diff: 45, Sum: 45, Workers: 4
[3729.293s][debug][gc,phases      ] GC(159)   StringDedup Table Weak         Min:  0.0, Avg:  0.0, Max:  0.0, Diff:  0.0, Sum:  0.0, Workers: 4
[3729.293s][debug][gc,phases      ] GC(159)     Dead                           Min: 0, Avg:  0.0, Max: 0, Diff: 0, Sum: 0, Workers: 4
[3729.293s][debug][gc,phases      ] GC(159)     Total                          Min: 0, Avg:  0.0, Max: 0, Diff: 0, Sum: 0, Workers: 4
[3729.293s][debug][gc,phases      ] GC(159)   StringDedup Requests0 Weak     Min:  0.0, Avg:  0.0, Max:  0.0, Diff:  0.0, Sum:  0.0, Workers: 4
[3729.293s][debug][gc,phases      ] GC(159)     Dead                           Min: 0, Avg:  0.0, Max: 0, Diff: 0, Sum: 0, Workers: 4
[3729.293s][debug][gc,phases      ] GC(159)     Total                          Min: 0, Avg:  0.0, Max: 0, Diff: 0, Sum: 0, Workers: 4
[3729.293s][debug][gc,phases      ] GC(159)   StringDedup Requests1 Weak     Min:  0.0, Avg:  0.0, Max:  0.0, Diff:  0.0, Sum:  0.0, Workers: 4
[3729.293s][debug][gc,phases      ] GC(159)     Dead                           Min: 0, Avg:  0.0, Max: 0, Diff: 0, Sum: 0, Workers: 4
[3729.293s][debug][gc,phases      ] GC(159)     Total                          Min: 0, Avg:  0.0, Max: 0, Diff: 0, Sum: 0, Workers: 4
[3729.293s][debug][gc,phases      ] GC(159)   Weak JFR Old Object Samples    Min:  0.0, Avg:  0.0, Max:  0.0, Diff:  0.0, Sum:  0.0, Workers: 4
[3729.293s][debug][gc,phases      ] GC(159)     Dead                           Min: 0, Avg:  0.0, Max: 0, Diff: 0, Sum: 0, Workers: 4
[3729.293s][debug][gc,phases      ] GC(159)     Total                          Min: 0, Avg:  0.0, Max: 0, Diff: 0, Sum: 0, Workers: 4
[3729.293s][debug][gc,phases      ] GC(159) Weak Processing 0.294ms
[3729.293s][debug][gc,age         ] GC(159) Desired survivor size 1572864 bytes, new threshold 15 (max threshold 15)
[3729.293s][info ][gc,heap        ] GC(159) PSYoungGen: 2094720K(2095104K)->1216K(2095616K) Eden: 2093568K(2093568K)->0K(2094080K) From: 1152K(1536K)->1216K(1536K)
[3729.293s][info ][gc,heap        ] GC(159) ParOldGen: 344939K(446976K)->344963K(446976K)
[3729.293s][info ][gc,metaspace   ] GC(159) Metaspace: 79409K(80320K)->79409K(80320K) NonClass: 68095K(68608K)->68095K(68608K) Class: 11313K(11712K)->11313K(11712K)
[3729.293s][info ][gc             ] GC(159) Pause Young (Allocation Failure) 2382M->338M(2483M) 2.787ms
[3729.293s][info ][gc,cpu         ] GC(159) User=0.00s Sys=0.00s Real=0.00s
[3729.293s][info ][safepoint      ] Safepoint "ParallelGCFailedAllocation", Time since last: 25281675431 ns, Reaching safepoint: 40700 ns, At safepoint: 2848715 ns, Total: 2889415 ns
[3754.816s][info ][gc,start       ] GC(160) Pause Young (Allocation Failure)
[3754.818s][debug][gc,phases      ] GC(160) Scavenge 2.042ms
[3754.818s][debug][gc,ref         ] GC(160) Skipped phase 1 of Reference Processing: no references
[3754.818s][debug][gc,ref         ] GC(160) ReferenceProcessor::execute queues: 1, RefProcThreadModel::Single, marks_oops_alive: false
[3754.818s][debug][gc,ref         ] GC(160) Skipped phase 3 of Reference Processing: no references
[3754.818s][debug][gc,ref         ] GC(160) ReferenceProcessor::execute queues: 1, RefProcThreadModel::Single, marks_oops_alive: false
[3754.818s][debug][gc,phases      ] GC(160) Reference Processing 0.103ms
[3754.818s][debug][gc,phases      ] GC(160)   VM Weak                        Min:  0.0, Avg:  0.0, Max:  0.0, Diff:  0.0, Sum:  0.0, Workers: 4
[3754.818s][debug][gc,phases      ] GC(160)     Dead                           Min: 0, Avg:  0.0, Max: 0, Diff: 0, Sum: 0, Workers: 4
[3754.818s][debug][gc,phases      ] GC(160)     Total                          Min: 0, Avg: 183.5, Max: 542, Diff: 542, Sum: 734, Workers: 4
[3754.818s][debug][gc,phases      ] GC(160)   ObjectSynchronizer Weak        Min:  0.0, Avg:  0.0, Max:  0.0, Diff:  0.0, Sum:  0.0, Workers: 4
[3754.818s][debug][gc,phases      ] GC(160)     Dead                           Min: 0, Avg:  0.0, Max: 0, Diff: 0, Sum: 0, Workers: 4
[3754.818s][debug][gc,phases      ] GC(160)     Total                          Min: 0, Avg:  8.0, Max: 32, Diff: 32, Sum: 32, Workers: 4
[3754.818s][debug][gc,phases      ] GC(160)   JVMTI Tag Weak OopStorage      Min:  0.0, Avg:  0.0, Max:  0.0, Diff:  0.0, Sum:  0.0, Workers: 4
[3754.818s][debug][gc,phases      ] GC(160)     Dead                           Min: 0, Avg:  0.0, Max: 0, Diff: 0, Sum: 0, Workers: 4
[3754.818s][debug][gc,phases      ] GC(160)     Total                          Min: 0, Avg:  0.0, Max: 0, Diff: 0, Sum: 0, Workers: 4
[3754.818s][debug][gc,phases      ] GC(160)   StringTable Weak               Min:  0.0, Avg:  0.1, Max:  0.1, Diff:  0.1, Sum:  0.3, Workers: 4
[3754.818s][debug][gc,phases      ] GC(160)     Dead                           Min: 0, Avg:  0.0, Max: 0, Diff: 0, Sum: 0, Workers: 4
[3754.818s][debug][gc,phases      ] GC(160)     Total                          Min: 0, Avg: 10805.8, Max: 18328, Diff: 18328, Sum: 43223, Workers: 4
[3754.818s][debug][gc,phases      ] GC(160)   ResolvedMethodTable Weak       Min:  0.0, Avg:  0.0, Max:  0.0, Diff:  0.0, Sum:  0.1, Workers: 4
[3754.818s][debug][gc,phases      ] GC(160)     Dead                           Min: 0, Avg:  0.0, Max: 0, Diff: 0, Sum: 0, Workers: 4
[3754.818s][debug][gc,phases      ] GC(160)     Total                          Min: 0, Avg: 2158.5, Max: 3898, Diff: 3898, Sum: 8634, Workers: 4
[3754.818s][debug][gc,phases      ] GC(160)   JNI Weak                       Min:  0.0, Avg:  0.0, Max:  0.0, Diff:  0.0, Sum:  0.0, Workers: 4
[3754.818s][debug][gc,phases      ] GC(160)     Dead                           Min: 0, Avg:  0.0, Max: 0, Diff: 0, Sum: 0, Workers: 4
[3754.818s][debug][gc,phases      ] GC(160)     Total                          Min: 0, Avg: 11.2, Max: 45, Diff: 45, Sum: 45, Workers: 4
[3754.818s][debug][gc,phases      ] GC(160)   StringDedup Table Weak         Min:  0.0, Avg:  0.0, Max:  0.0, Diff:  0.0, Sum:  0.0, Workers: 4
[3754.818s][debug][gc,phases      ] GC(160)     Dead                           Min: 0, Avg:  0.0, Max: 0, Diff: 0, Sum: 0, Workers: 4
[3754.818s][debug][gc,phases      ] GC(160)     Total                          Min: 0, Avg:  0.0, Max: 0, Diff: 0, Sum: 0, Workers: 4
[3754.818s][debug][gc,phases      ] GC(160)   StringDedup Requests0 Weak     Min:  0.0, Avg:  0.0, Max:  0.0, Diff:  0.0, Sum:  0.0, Workers: 4
[3754.818s][debug][gc,phases      ] GC(160)     Dead                           Min: 0, Avg:  0.0, Max: 0, Diff: 0, Sum: 0, Workers: 4
[3754.818s][debug][gc,phases      ] GC(160)     Total                          Min: 0, Avg:  0.0, Max: 0, Diff: 0, Sum: 0, Workers: 4
[3754.818s][debug][gc,phases      ] GC(160)   StringDedup Requests1 Weak     Min:  0.0, Avg:  0.0, Max:  0.0, Diff:  0.0, Sum:  0.0, Workers: 4
[3754.818s][debug][gc,phases      ] GC(160)     Dead                           Min: 0, Avg:  0.0, Max: 0, Diff: 0, Sum: 0, Workers: 4
[3754.818s][debug][gc,phases      ] GC(160)     Total                          Min: 0, Avg:  0.0, Max: 0, Diff: 0, Sum: 0, Workers: 4
[3754.818s][debug][gc,phases      ] GC(160)   Weak JFR Old Object Samples    Min:  0.0, Avg:  0.0, Max:  0.0, Diff:  0.0, Sum:  0.0, Workers: 4
[3754.818s][debug][gc,phases      ] GC(160)     Dead                           Min: 0, Avg:  0.0, Max: 0, Diff: 0, Sum: 0, Workers: 4
[3754.818s][debug][gc,phases      ] GC(160)     Total                          Min: 0, Avg:  0.0, Max: 0, Diff: 0, Sum: 0, Workers: 4
[3754.818s][debug][gc,phases      ] GC(160) Weak Processing 0.300ms
[3754.818s][debug][gc,age         ] GC(160) Desired survivor size 1572864 bytes, new threshold 15 (max threshold 15)
[3754.818s][info ][gc,heap        ] GC(160) PSYoungGen: 2095296K(2095616K)->1376K(2095616K) Eden: 2094080K(2094080K)->0K(2094080K) From: 1216K(1536K)->1376K(1536K)
[3754.818s][info ][gc,heap        ] GC(160) ParOldGen: 344963K(446976K)->344971K(446976K)
[3754.818s][info ][gc,metaspace   ] GC(160) Metaspace: 79410K(80320K)->79410K(80320K) NonClass: 68096K(68608K)->68096K(68608K) Class: 11313K(11712K)->11313K(11712K)
[3754.818s][info ][gc             ] GC(160) Pause Young (Allocation Failure) 2383M->338M(2483M) 2.545ms
[3754.818s][info ][gc,cpu         ] GC(160) User=0.01s Sys=0.00s Real=0.00s
[3754.818s][info ][safepoint      ] Safepoint "ParallelGCFailedAllocation", Time since last: 25522167503 ns, Reaching safepoint: 82600 ns, At safepoint: 2615514 ns, Total: 2698114 ns
[3760.819s][info ][safepoint      ] Safepoint "Cleanup", Time since last: 6000363664 ns, Reaching safepoint: 40600 ns, At safepoint: 4000 ns, Total: 44600 ns
[3770.819s][info ][safepoint      ] Safepoint "Cleanup", Time since last: 10000643061 ns, Reaching safepoint: 55001 ns, At safepoint: 28300 ns, Total: 83301 ns
[3780.191s][info ][gc,start       ] GC(161) Pause Young (Allocation Failure)
[3780.193s][debug][gc,phases      ] GC(161) Scavenge 1.613ms
[3780.193s][debug][gc,ref         ] GC(161) Skipped phase 1 of Reference Processing: no references
[3780.193s][debug][gc,ref         ] GC(161) ReferenceProcessor::execute queues: 1, RefProcThreadModel::Single, marks_oops_alive: false
[3780.193s][debug][gc,ref         ] GC(161) Skipped phase 3 of Reference Processing: no references
[3780.193s][debug][gc,ref         ] GC(161) ReferenceProcessor::execute queues: 1, RefProcThreadModel::Single, marks_oops_alive: false
[3780.193s][debug][gc,phases      ] GC(161) Reference Processing 0.099ms
[3780.193s][debug][gc,phases      ] GC(161)   VM Weak                        Min:  0.0, Avg:  0.0, Max:  0.0, Diff:  0.0, Sum:  0.0, Workers: 4
[3780.193s][debug][gc,phases      ] GC(161)     Dead                           Min: 0, Avg:  0.0, Max: 0, Diff: 0, Sum: 0, Workers: 4
[3780.193s][debug][gc,phases      ] GC(161)     Total                          Min: 0, Avg: 183.5, Max: 542, Diff: 542, Sum: 734, Workers: 4
[3780.193s][debug][gc,phases      ] GC(161)   ObjectSynchronizer Weak        Min:  0.0, Avg:  0.0, Max:  0.0, Diff:  0.0, Sum:  0.0, Workers: 4
[3780.193s][debug][gc,phases      ] GC(161)     Dead                           Min: 0, Avg:  0.0, Max: 0, Diff: 0, Sum: 0, Workers: 4
[3780.193s][debug][gc,phases      ] GC(161)     Total                          Min: 0, Avg:  8.0, Max: 32, Diff: 32, Sum: 32, Workers: 4
[3780.193s][debug][gc,phases      ] GC(161)   JVMTI Tag Weak OopStorage      Min:  0.0, Avg:  0.0, Max:  0.0, Diff:  0.0, Sum:  0.0, Workers: 4
[3780.193s][debug][gc,phases      ] GC(161)     Dead                           Min: 0, Avg:  0.0, Max: 0, Diff: 0, Sum: 0, Workers: 4
[3780.193s][debug][gc,phases      ] GC(161)     Total                          Min: 0, Avg:  0.0, Max: 0, Diff: 0, Sum: 0, Workers: 4
[3780.193s][debug][gc,phases      ] GC(161)   StringTable Weak               Min:  0.0, Avg:  0.1, Max:  0.1, Diff:  0.1, Sum:  0.3, Workers: 4
[3780.193s][debug][gc,phases      ] GC(161)     Dead                           Min: 0, Avg:  0.0, Max: 0, Diff: 0, Sum: 0, Workers: 4
[3780.193s][debug][gc,phases      ] GC(161)     Total                          Min: 0, Avg: 10805.8, Max: 18687, Diff: 18687, Sum: 43223, Workers: 4
[3780.193s][debug][gc,phases      ] GC(161)   ResolvedMethodTable Weak       Min:  0.0, Avg:  0.0, Max:  0.0, Diff:  0.0, Sum:  0.1, Workers: 4
[3780.193s][debug][gc,phases      ] GC(161)     Dead                           Min: 0, Avg:  0.0, Max: 0, Diff: 0, Sum: 0, Workers: 4
[3780.193s][debug][gc,phases      ] GC(161)     Total                          Min: 0, Avg: 2158.5, Max: 3258, Diff: 3258, Sum: 8634, Workers: 4
[3780.193s][debug][gc,phases      ] GC(161)   JNI Weak                       Min:  0.0, Avg:  0.0, Max:  0.0, Diff:  0.0, Sum:  0.0, Workers: 4
[3780.193s][debug][gc,phases      ] GC(161)     Dead                           Min: 0, Avg:  0.0, Max: 0, Diff: 0, Sum: 0, Workers: 4
[3780.193s][debug][gc,phases      ] GC(161)     Total                          Min: 0, Avg: 11.2, Max: 45, Diff: 45, Sum: 45, Workers: 4
[3780.193s][debug][gc,phases      ] GC(161)   StringDedup Table Weak         Min:  0.0, Avg:  0.0, Max:  0.0, Diff:  0.0, Sum:  0.0, Workers: 4
[3780.193s][debug][gc,phases      ] GC(161)     Dead                           Min: 0, Avg:  0.0, Max: 0, Diff: 0, Sum: 0, Workers: 4
[3780.193s][debug][gc,phases      ] GC(161)     Total                          Min: 0, Avg:  0.0, Max: 0, Diff: 0, Sum: 0, Workers: 4
[3780.193s][debug][gc,phases      ] GC(161)   StringDedup Requests0 Weak     Min:  0.0, Avg:  0.0, Max:  0.0, Diff:  0.0, Sum:  0.0, Workers: 4
[3780.193s][debug][gc,phases      ] GC(161)     Dead                           Min: 0, Avg:  0.0, Max: 0, Diff: 0, Sum: 0, Workers: 4
[3780.193s][debug][gc,phases      ] GC(161)     Total                          Min: 0, Avg:  0.0, Max: 0, Diff: 0, Sum: 0, Workers: 4
[3780.193s][debug][gc,phases      ] GC(161)   StringDedup Requests1 Weak     Min:  0.0, Avg:  0.0, Max:  0.0, Diff:  0.0, Sum:  0.0, Workers: 4
[3780.193s][debug][gc,phases      ] GC(161)     Dead                           Min: 0, Avg:  0.0, Max: 0, Diff: 0, Sum: 0, Workers: 4
[3780.193s][debug][gc,phases      ] GC(161)     Total                          Min: 0, Avg:  0.0, Max: 0, Diff: 0, Sum: 0, Workers: 4
[3780.193s][debug][gc,phases      ] GC(161)   Weak JFR Old Object Samples    Min:  0.0, Avg:  0.0, Max:  0.0, Diff:  0.0, Sum:  0.0, Workers: 4
[3780.193s][debug][gc,phases      ] GC(161)     Dead                           Min: 0, Avg:  0.0, Max: 0, Diff: 0, Sum: 0, Workers: 4
[3780.193s][debug][gc,phases      ] GC(161)     Total                          Min: 0, Avg:  0.0, Max: 0, Diff: 0, Sum: 0, Workers: 4
[3780.193s][debug][gc,phases      ] GC(161) Weak Processing 0.314ms
[3780.193s][debug][gc,age         ] GC(161) Desired survivor size 2097152 bytes, new threshold 15 (max threshold 15)
[3780.193s][info ][gc,heap        ] GC(161) PSYoungGen: 2095456K(2095616K)->1440K(2094592K) Eden: 2094080K(2094080K)->0K(2093056K) From: 1376K(1536K)->1440K(1536K)
[3780.193s][info ][gc,heap        ] GC(161) ParOldGen: 344971K(446976K)->345003K(446976K)
[3780.193s][info ][gc,metaspace   ] GC(161) Metaspace: 79411K(80320K)->79411K(80320K) NonClass: 68098K(68608K)->68098K(68608K) Class: 11313K(11712K)->11313K(11712K)
[3780.193s][info ][gc             ] GC(161) Pause Young (Allocation Failure) 2383M->338M(2482M) 2.117ms
[3780.193s][info ][gc,cpu         ] GC(161) User=0.01s Sys=0.01s Real=0.00s
[3780.193s][info ][safepoint      ] Safepoint "ParallelGCFailedAllocation", Time since last: 9371440695 ns, Reaching safepoint: 42000 ns, At safepoint: 2176611 ns, Total: 2218611 ns
[3805.590s][info ][gc,start       ] GC(162) Pause Young (Allocation Failure)
[3805.592s][debug][gc,phases      ] GC(162) Scavenge 1.929ms
[3805.592s][debug][gc,ref         ] GC(162) Skipped phase 1 of Reference Processing: no references
[3805.592s][debug][gc,ref         ] GC(162) ReferenceProcessor::execute queues: 1, RefProcThreadModel::Single, marks_oops_alive: false
[3805.592s][debug][gc,ref         ] GC(162) Skipped phase 3 of Reference Processing: no references
[3805.592s][debug][gc,ref         ] GC(162) ReferenceProcessor::execute queues: 1, RefProcThreadModel::Single, marks_oops_alive: false
[3805.592s][debug][gc,phases      ] GC(162) Reference Processing 0.098ms
[3805.592s][debug][gc,phases      ] GC(162)   VM Weak                        Min:  0.0, Avg:  0.0, Max:  0.0, Diff:  0.0, Sum:  0.0, Workers: 4
[3805.592s][debug][gc,phases      ] GC(162)     Dead                           Min: 0, Avg:  0.0, Max: 0, Diff: 0, Sum: 0, Workers: 4
[3805.592s][debug][gc,phases      ] GC(162)     Total                          Min: 0, Avg: 183.5, Max: 414, Diff: 414, Sum: 734, Workers: 4
[3805.592s][debug][gc,phases      ] GC(162)   ObjectSynchronizer Weak        Min:  0.0, Avg:  0.0, Max:  0.0, Diff:  0.0, Sum:  0.0, Workers: 4
[3805.592s][debug][gc,phases      ] GC(162)     Dead                           Min: 0, Avg:  0.0, Max: 0, Diff: 0, Sum: 0, Workers: 4
[3805.592s][debug][gc,phases      ] GC(162)     Total                          Min: 0, Avg:  8.0, Max: 32, Diff: 32, Sum: 32, Workers: 4
[3805.592s][debug][gc,phases      ] GC(162)   JVMTI Tag Weak OopStorage      Min:  0.0, Avg:  0.0, Max:  0.0, Diff:  0.0, Sum:  0.0, Workers: 4
[3805.592s][debug][gc,phases      ] GC(162)     Dead                           Min: 0, Avg:  0.0, Max: 0, Diff: 0, Sum: 0, Workers: 4
[3805.592s][debug][gc,phases      ] GC(162)     Total                          Min: 0, Avg:  0.0, Max: 0, Diff: 0, Sum: 0, Workers: 4
[3805.592s][debug][gc,phases      ] GC(162)   StringTable Weak               Min:  0.0, Avg:  0.1, Max:  0.1, Diff:  0.1, Sum:  0.3, Workers: 4
[3805.592s][debug][gc,phases      ] GC(162)     Dead                           Min: 0, Avg:  0.0, Max: 0, Diff: 0, Sum: 0, Workers: 4
[3805.592s][debug][gc,phases      ] GC(162)     Total                          Min: 0, Avg: 10805.8, Max: 17559, Diff: 17559, Sum: 43223, Workers: 4
[3805.592s][debug][gc,phases      ] GC(162)   ResolvedMethodTable Weak       Min:  0.0, Avg:  0.0, Max:  0.0, Diff:  0.0, Sum:  0.1, Workers: 4
[3805.592s][debug][gc,phases      ] GC(162)     Dead                           Min: 0, Avg:  0.0, Max: 0, Diff: 0, Sum: 0, Workers: 4
[3805.592s][debug][gc,phases      ] GC(162)     Total                          Min: 0, Avg: 2158.5, Max: 3834, Diff: 3834, Sum: 8634, Workers: 4
[3805.592s][debug][gc,phases      ] GC(162)   JNI Weak                       Min:  0.0, Avg:  0.0, Max:  0.0, Diff:  0.0, Sum:  0.0, Workers: 4
[3805.592s][debug][gc,phases      ] GC(162)     Dead                           Min: 0, Avg:  0.0, Max: 0, Diff: 0, Sum: 0, Workers: 4
[3805.592s][debug][gc,phases      ] GC(162)     Total                          Min: 0, Avg: 11.2, Max: 45, Diff: 45, Sum: 45, Workers: 4
[3805.592s][debug][gc,phases      ] GC(162)   StringDedup Table Weak         Min:  0.0, Avg:  0.0, Max:  0.0, Diff:  0.0, Sum:  0.0, Workers: 4
[3805.592s][debug][gc,phases      ] GC(162)     Dead                           Min: 0, Avg:  0.0, Max: 0, Diff: 0, Sum: 0, Workers: 4
[3805.592s][debug][gc,phases      ] GC(162)     Total                          Min: 0, Avg:  0.0, Max: 0, Diff: 0, Sum: 0, Workers: 4
[3805.592s][debug][gc,phases      ] GC(162)   StringDedup Requests0 Weak     Min:  0.0, Avg:  0.0, Max:  0.0, Diff:  0.0, Sum:  0.0, Workers: 4
[3805.592s][debug][gc,phases      ] GC(162)     Dead                           Min: 0, Avg:  0.0, Max: 0, Diff: 0, Sum: 0, Workers: 4
[3805.592s][debug][gc,phases      ] GC(162)     Total                          Min: 0, Avg:  0.0, Max: 0, Diff: 0, Sum: 0, Workers: 4
[3805.592s][debug][gc,phases      ] GC(162)   StringDedup Requests1 Weak     Min:  0.0, Avg:  0.0, Max:  0.0, Diff:  0.0, Sum:  0.0, Workers: 4
[3805.592s][debug][gc,phases      ] GC(162)     Dead                           Min: 0, Avg:  0.0, Max: 0, Diff: 0, Sum: 0, Workers: 4
[3805.592s][debug][gc,phases      ] GC(162)     Total                          Min: 0, Avg:  0.0, Max: 0, Diff: 0, Sum: 0, Workers: 4
[3805.592s][debug][gc,phases      ] GC(162)   Weak JFR Old Object Samples    Min:  0.0, Avg:  0.0, Max:  0.0, Diff:  0.0, Sum:  0.0, Workers: 4
[3805.592s][debug][gc,phases      ] GC(162)     Dead                           Min: 0, Avg:  0.0, Max: 0, Diff: 0, Sum: 0, Workers: 4
[3805.592s][debug][gc,phases      ] GC(162)     Total                          Min: 0, Avg:  0.0, Max: 0, Diff: 0, Sum: 0, Workers: 4
[3805.592s][debug][gc,phases      ] GC(162) Weak Processing 0.293ms
[3805.592s][debug][gc,age         ] GC(162) Desired survivor size 2097152 bytes, new threshold 15 (max threshold 15)
[3805.592s][info ][gc,heap        ] GC(162) PSYoungGen: 2094496K(2094592K)->1280K(2095104K) Eden: 2093056K(2093056K)->0K(2093056K) From: 1440K(1536K)->1280K(2048K)
[3805.592s][info ][gc,heap        ] GC(162) ParOldGen: 345003K(446976K)->345083K(446976K)
[3805.592s][info ][gc,metaspace   ] GC(162) Metaspace: 79411K(80320K)->79411K(80320K) NonClass: 68098K(68608K)->68098K(68608K) Class: 11313K(11712K)->11313K(11712K)
[3805.592s][info ][gc             ] GC(162) Pause Young (Allocation Failure) 2382M->338M(2482M) 2.418ms
[3805.592s][info ][gc,cpu         ] GC(162) User=0.00s Sys=0.00s Real=0.01s
[3805.592s][info ][safepoint      ] Safepoint "ParallelGCFailedAllocation", Time since last: 25396808914 ns, Reaching safepoint: 28000 ns, At safepoint: 2478712 ns, Total: 2506712 ns
[3830.906s][info ][gc,start       ] GC(163) Pause Young (Allocation Failure)
[3830.909s][debug][gc,phases      ] GC(163) Scavenge 3.111ms
[3830.909s][debug][gc,ref         ] GC(163) Skipped phase 1 of Reference Processing: no references
[3830.909s][debug][gc,ref         ] GC(163) ReferenceProcessor::execute queues: 1, RefProcThreadModel::Single, marks_oops_alive: false
[3830.909s][debug][gc,ref         ] GC(163) Skipped phase 3 of Reference Processing: no references
[3830.909s][debug][gc,ref         ] GC(163) ReferenceProcessor::execute queues: 1, RefProcThreadModel::Single, marks_oops_alive: false
[3830.909s][debug][gc,phases      ] GC(163) Reference Processing 0.099ms
[3830.910s][debug][gc,phases      ] GC(163)   VM Weak                        Min:  0.0, Avg:  0.0, Max:  0.0, Diff:  0.0, Sum:  0.0, Workers: 4
[3830.910s][debug][gc,phases      ] GC(163)     Dead                           Min: 0, Avg:  0.0, Max: 0, Diff: 0, Sum: 0, Workers: 4
[3830.910s][debug][gc,phases      ] GC(163)     Total                          Min: 0, Avg: 183.5, Max: 734, Diff: 734, Sum: 734, Workers: 4
[3830.910s][debug][gc,phases      ] GC(163)   ObjectSynchronizer Weak        Min:  0.0, Avg:  0.0, Max:  0.0, Diff:  0.0, Sum:  0.0, Workers: 4
[3830.910s][debug][gc,phases      ] GC(163)     Dead                           Min: 0, Avg:  0.0, Max: 0, Diff: 0, Sum: 0, Workers: 4
[3830.910s][debug][gc,phases      ] GC(163)     Total                          Min: 0, Avg:  8.0, Max: 32, Diff: 32, Sum: 32, Workers: 4
[3830.910s][debug][gc,phases      ] GC(163)   JVMTI Tag Weak OopStorage      Min:  0.0, Avg:  0.0, Max:  0.0, Diff:  0.0, Sum:  0.0, Workers: 4
[3830.910s][debug][gc,phases      ] GC(163)     Dead                           Min: 0, Avg:  0.0, Max: 0, Diff: 0, Sum: 0, Workers: 4
[3830.910s][debug][gc,phases      ] GC(163)     Total                          Min: 0, Avg:  0.0, Max: 0, Diff: 0, Sum: 0, Workers: 4
[3830.910s][debug][gc,phases      ] GC(163)   StringTable Weak               Min:  0.0, Avg:  0.1, Max:  0.1, Diff:  0.1, Sum:  0.4, Workers: 4
[3830.910s][debug][gc,phases      ] GC(163)     Dead                           Min: 0, Avg:  0.0, Max: 0, Diff: 0, Sum: 0, Workers: 4
[3830.910s][debug][gc,phases      ] GC(163)     Total                          Min: 0, Avg: 10805.8, Max: 17240, Diff: 17240, Sum: 43223, Workers: 4
[3830.910s][debug][gc,phases      ] GC(163)   ResolvedMethodTable Weak       Min:  0.0, Avg:  0.0, Max:  0.0, Diff:  0.0, Sum:  0.1, Workers: 4
[3830.910s][debug][gc,phases      ] GC(163)     Dead                           Min: 0, Avg:  0.0, Max: 0, Diff: 0, Sum: 0, Workers: 4
[3830.910s][debug][gc,phases      ] GC(163)     Total                          Min: 0, Avg: 2158.5, Max: 3770, Diff: 3770, Sum: 8634, Workers: 4
[3830.910s][debug][gc,phases      ] GC(163)   JNI Weak                       Min:  0.0, Avg:  0.0, Max:  0.0, Diff:  0.0, Sum:  0.0, Workers: 4
[3830.910s][debug][gc,phases      ] GC(163)     Dead                           Min: 0, Avg:  0.0, Max: 0, Diff: 0, Sum: 0, Workers: 4
[3830.910s][debug][gc,phases      ] GC(163)     Total                          Min: 0, Avg: 11.2, Max: 45, Diff: 45, Sum: 45, Workers: 4
[3830.910s][debug][gc,phases      ] GC(163)   StringDedup Table Weak         Min:  0.0, Avg:  0.0, Max:  0.0, Diff:  0.0, Sum:  0.0, Workers: 4
[3830.910s][debug][gc,phases      ] GC(163)     Dead                           Min: 0, Avg:  0.0, Max: 0, Diff: 0, Sum: 0, Workers: 4
[3830.910s][debug][gc,phases      ] GC(163)     Total                          Min: 0, Avg:  0.0, Max: 0, Diff: 0, Sum: 0, Workers: 4
[3830.910s][debug][gc,phases      ] GC(163)   StringDedup Requests0 Weak     Min:  0.0, Avg:  0.0, Max:  0.0, Diff:  0.0, Sum:  0.0, Workers: 4
[3830.910s][debug][gc,phases      ] GC(163)     Dead                           Min: 0, Avg:  0.0, Max: 0, Diff: 0, Sum: 0, Workers: 4
[3830.910s][debug][gc,phases      ] GC(163)     Total                          Min: 0, Avg:  0.0, Max: 0, Diff: 0, Sum: 0, Workers: 4
[3830.910s][debug][gc,phases      ] GC(163)   StringDedup Requests1 Weak     Min:  0.0, Avg:  0.0, Max:  0.0, Diff:  0.0, Sum:  0.0, Workers: 4
[3830.910s][debug][gc,phases      ] GC(163)     Dead                           Min: 0, Avg:  0.0, Max: 0, Diff: 0, Sum: 0, Workers: 4
[3830.910s][debug][gc,phases      ] GC(163)     Total                          Min: 0, Avg:  0.0, Max: 0, Diff: 0, Sum: 0, Workers: 4
[3830.910s][debug][gc,phases      ] GC(163)   Weak JFR Old Object Samples    Min:  0.0, Avg:  0.0, Max:  0.0, Diff:  0.0, Sum:  0.0, Workers: 4
[3830.910s][debug][gc,phases      ] GC(163)     Dead                           Min: 0, Avg:  0.0, Max: 0, Diff: 0, Sum: 0, Workers: 4
[3830.910s][debug][gc,phases      ] GC(163)     Total                          Min: 0, Avg:  0.0, Max: 0, Diff: 0, Sum: 0, Workers: 4
[3830.910s][debug][gc,phases      ] GC(163) Weak Processing 0.314ms
[3830.910s][debug][gc,age         ] GC(163) Desired survivor size 1572864 bytes, new threshold 15 (max threshold 15)
[3830.910s][info ][gc,heap        ] GC(163) PSYoungGen: 2094336K(2095104K)->1184K(2095616K) Eden: 2093056K(2093056K)->0K(2093568K) From: 1280K(2048K)->1184K(2048K)
[3830.910s][info ][gc,heap        ] GC(163) ParOldGen: 345083K(446976K)->345107K(446976K)
[3830.910s][info ][gc,metaspace   ] GC(163) Metaspace: 79414K(80320K)->79414K(80320K) NonClass: 68100K(68608K)->68100K(68608K) Class: 11313K(11712K)->11313K(11712K)
[3830.910s][info ][gc             ] GC(163) Pause Young (Allocation Failure) 2382M->338M(2483M) 3.624ms
[3830.910s][info ][gc,cpu         ] GC(163) User=0.01s Sys=0.00s Real=0.00s
[3830.910s][info ][safepoint      ] Safepoint "ParallelGCFailedAllocation", Time since last: 25313635164 ns, Reaching safepoint: 36900 ns, At safepoint: 3715119 ns, Total: 3752019 ns
[3834.910s][info ][safepoint      ] Safepoint "Cleanup", Time since last: 4000288789 ns, Reaching safepoint: 55601 ns, At safepoint: 8100 ns, Total: 63701 ns
[3856.941s][info ][gc,start       ] GC(164) Pause Young (Allocation Failure)
[3856.943s][debug][gc,phases      ] GC(164) Scavenge 2.165ms
[3856.943s][debug][gc,ref         ] GC(164) Skipped phase 1 of Reference Processing: no references
[3856.943s][debug][gc,ref         ] GC(164) ReferenceProcessor::execute queues: 1, RefProcThreadModel::Single, marks_oops_alive: false
[3856.943s][debug][gc,ref         ] GC(164) Skipped phase 3 of Reference Processing: no references
[3856.943s][debug][gc,ref         ] GC(164) ReferenceProcessor::execute queues: 1, RefProcThreadModel::Single, marks_oops_alive: false
[3856.943s][debug][gc,phases      ] GC(164) Reference Processing 0.100ms
[3856.944s][debug][gc,phases      ] GC(164)   VM Weak                        Min:  0.0, Avg:  0.0, Max:  0.0, Diff:  0.0, Sum:  0.0, Workers: 4
[3856.944s][debug][gc,phases      ] GC(164)     Dead                           Min: 0, Avg:  0.0, Max: 0, Diff: 0, Sum: 0, Workers: 4
[3856.944s][debug][gc,phases      ] GC(164)     Total                          Min: 0, Avg: 183.5, Max: 384, Diff: 384, Sum: 734, Workers: 4
[3856.944s][debug][gc,phases      ] GC(164)   ObjectSynchronizer Weak        Min:  0.0, Avg:  0.0, Max:  0.0, Diff:  0.0, Sum:  0.0, Workers: 4
[3856.944s][debug][gc,phases      ] GC(164)     Dead                           Min: 0, Avg:  0.0, Max: 0, Diff: 0, Sum: 0, Workers: 4
[3856.944s][debug][gc,phases      ] GC(164)     Total                          Min: 0, Avg:  8.0, Max: 32, Diff: 32, Sum: 32, Workers: 4
[3856.944s][debug][gc,phases      ] GC(164)   JVMTI Tag Weak OopStorage      Min:  0.0, Avg:  0.0, Max:  0.0, Diff:  0.0, Sum:  0.0, Workers: 4
[3856.944s][debug][gc,phases      ] GC(164)     Dead                           Min: 0, Avg:  0.0, Max: 0, Diff: 0, Sum: 0, Workers: 4
[3856.944s][debug][gc,phases      ] GC(164)     Total                          Min: 0, Avg:  0.0, Max: 0, Diff: 0, Sum: 0, Workers: 4
[3856.944s][debug][gc,phases      ] GC(164)   StringTable Weak               Min:  0.0, Avg:  0.1, Max:  0.1, Diff:  0.1, Sum:  0.3, Workers: 4
[3856.944s][debug][gc,phases      ] GC(164)     Dead                           Min: 0, Avg:  0.0, Max: 0, Diff: 0, Sum: 0, Workers: 4
[3856.944s][debug][gc,phases      ] GC(164)     Total                          Min: 0, Avg: 10805.8, Max: 18431, Diff: 18431, Sum: 43223, Workers: 4
[3856.944s][debug][gc,phases      ] GC(164)   ResolvedMethodTable Weak       Min:  0.0, Avg:  0.0, Max:  0.0, Diff:  0.0, Sum:  0.1, Workers: 4
[3856.944s][debug][gc,phases      ] GC(164)     Dead                           Min: 0, Avg:  0.0, Max: 0, Diff: 0, Sum: 0, Workers: 4
[3856.944s][debug][gc,phases      ] GC(164)     Total                          Min: 0, Avg: 2158.5, Max: 3456, Diff: 3456, Sum: 8634, Workers: 4
[3856.944s][debug][gc,phases      ] GC(164)   JNI Weak                       Min:  0.0, Avg:  0.0, Max:  0.0, Diff:  0.0, Sum:  0.0, Workers: 4
[3856.944s][debug][gc,phases      ] GC(164)     Dead                           Min: 0, Avg:  0.0, Max: 0, Diff: 0, Sum: 0, Workers: 4
[3856.944s][debug][gc,phases      ] GC(164)     Total                          Min: 0, Avg: 11.2, Max: 45, Diff: 45, Sum: 45, Workers: 4
[3856.944s][debug][gc,phases      ] GC(164)   StringDedup Table Weak         Min:  0.0, Avg:  0.0, Max:  0.0, Diff:  0.0, Sum:  0.0, Workers: 4
[3856.944s][debug][gc,phases      ] GC(164)     Dead                           Min: 0, Avg:  0.0, Max: 0, Diff: 0, Sum: 0, Workers: 4
[3856.944s][debug][gc,phases      ] GC(164)     Total                          Min: 0, Avg:  0.0, Max: 0, Diff: 0, Sum: 0, Workers: 4
[3856.944s][debug][gc,phases      ] GC(164)   StringDedup Requests0 Weak     Min:  0.0, Avg:  0.0, Max:  0.0, Diff:  0.0, Sum:  0.0, Workers: 4
[3856.944s][debug][gc,phases      ] GC(164)     Dead                           Min: 0, Avg:  0.0, Max: 0, Diff: 0, Sum: 0, Workers: 4
[3856.944s][debug][gc,phases      ] GC(164)     Total                          Min: 0, Avg:  0.0, Max: 0, Diff: 0, Sum: 0, Workers: 4
[3856.944s][debug][gc,phases      ] GC(164)   StringDedup Requests1 Weak     Min:  0.0, Avg:  0.0, Max:  0.0, Diff:  0.0, Sum:  0.0, Workers: 4
[3856.944s][debug][gc,phases      ] GC(164)     Dead                           Min: 0, Avg:  0.0, Max: 0, Diff: 0, Sum: 0, Workers: 4
[3856.944s][debug][gc,phases      ] GC(164)     Total                          Min: 0, Avg:  0.0, Max: 0, Diff: 0, Sum: 0, Workers: 4
[3856.944s][debug][gc,phases      ] GC(164)   Weak JFR Old Object Samples    Min:  0.0, Avg:  0.0, Max:  0.0, Diff:  0.0, Sum:  0.0, Workers: 4
[3856.944s][debug][gc,phases      ] GC(164)     Dead                           Min: 0, Avg:  0.0, Max: 0, Diff: 0, Sum: 0, Workers: 4
[3856.944s][debug][gc,phases      ] GC(164)     Total                          Min: 0, Avg:  0.0, Max: 0, Diff: 0, Sum: 0, Workers: 4
[3856.944s][debug][gc,phases      ] GC(164) Weak Processing 0.304ms
[3856.944s][debug][gc,age         ] GC(164) Desired survivor size 1572864 bytes, new threshold 15 (max threshold 15)
[3856.944s][info ][gc,heap        ] GC(164) PSYoungGen: 2094752K(2095616K)->1344K(2095104K) Eden: 2093568K(2093568K)->0K(2093568K) From: 1184K(2048K)->1344K(1536K)
[3856.944s][info ][gc,heap        ] GC(164) ParOldGen: 345107K(446976K)->345123K(446976K)
[3856.944s][info ][gc,metaspace   ] GC(164) Metaspace: 79415K(80320K)->79415K(80320K) NonClass: 68101K(68608K)->68101K(68608K) Class: 11313K(11712K)->11313K(11712K)
[3856.944s][info ][gc             ] GC(164) Pause Young (Allocation Failure) 2382M->338M(2482M) 2.682ms
[3856.944s][info ][gc,cpu         ] GC(164) User=0.00s Sys=0.01s Real=0.01s
[3856.944s][info ][safepoint      ] Safepoint "ParallelGCFailedAllocation", Time since last: 22031007069 ns, Reaching safepoint: 30800 ns, At safepoint: 2748012 ns, Total: 2778812 ns
[3861.944s][info ][safepoint      ] Safepoint "Cleanup", Time since last: 5000224715 ns, Reaching safepoint: 40800 ns, At safepoint: 2600 ns, Total: 43400 ns
[3864.944s][info ][safepoint      ] Safepoint "Cleanup", Time since last: 3000236920 ns, Reaching safepoint: 43900 ns, At safepoint: 4700 ns, Total: 48600 ns
[3867.945s][info ][safepoint      ] Safepoint "Cleanup", Time since last: 3000197905 ns, Reaching safepoint: 38400 ns, At safepoint: 4100 ns, Total: 42500 ns
[3882.141s][info ][gc,start       ] GC(165) Pause Young (Allocation Failure)
[3882.143s][debug][gc,phases      ] GC(165) Scavenge 2.166ms
[3882.143s][debug][gc,ref         ] GC(165) Skipped phase 1 of Reference Processing: no references
[3882.143s][debug][gc,ref         ] GC(165) ReferenceProcessor::execute queues: 1, RefProcThreadModel::Single, marks_oops_alive: false
[3882.143s][debug][gc,ref         ] GC(165) Skipped phase 3 of Reference Processing: no references
[3882.143s][debug][gc,ref         ] GC(165) ReferenceProcessor::execute queues: 1, RefProcThreadModel::Single, marks_oops_alive: false
[3882.143s][debug][gc,phases      ] GC(165) Reference Processing 0.093ms
[3882.144s][debug][gc,phases      ] GC(165)   VM Weak                        Min:  0.0, Avg:  0.0, Max:  0.0, Diff:  0.0, Sum:  0.0, Workers: 4
[3882.144s][debug][gc,phases      ] GC(165)     Dead                           Min: 0, Avg:  0.0, Max: 0, Diff: 0, Sum: 0, Workers: 4
[3882.144s][debug][gc,phases      ] GC(165)     Total                          Min: 0, Avg: 183.5, Max: 734, Diff: 734, Sum: 734, Workers: 4
[3882.144s][debug][gc,phases      ] GC(165)   ObjectSynchronizer Weak        Min:  0.0, Avg:  0.0, Max:  0.0, Diff:  0.0, Sum:  0.0, Workers: 4
[3882.144s][debug][gc,phases      ] GC(165)     Dead                           Min: 0, Avg:  0.0, Max: 0, Diff: 0, Sum: 0, Workers: 4
[3882.144s][debug][gc,phases      ] GC(165)     Total                          Min: 0, Avg:  8.0, Max: 32, Diff: 32, Sum: 32, Workers: 4
[3882.144s][debug][gc,phases      ] GC(165)   JVMTI Tag Weak OopStorage      Min:  0.0, Avg:  0.0, Max:  0.0, Diff:  0.0, Sum:  0.0, Workers: 4
[3882.144s][debug][gc,phases      ] GC(165)     Dead                           Min: 0, Avg:  0.0, Max: 0, Diff: 0, Sum: 0, Workers: 4
[3882.144s][debug][gc,phases      ] GC(165)     Total                          Min: 0, Avg:  0.0, Max: 0, Diff: 0, Sum: 0, Workers: 4
[3882.144s][debug][gc,phases      ] GC(165)   StringTable Weak               Min:  0.0, Avg:  0.1, Max:  0.1, Diff:  0.1, Sum:  0.4, Workers: 4
[3882.144s][debug][gc,phases      ] GC(165)     Dead                           Min: 0, Avg:  0.0, Max: 0, Diff: 0, Sum: 0, Workers: 4
[3882.144s][debug][gc,phases      ] GC(165)     Total                          Min: 0, Avg: 10805.8, Max: 16448, Diff: 16448, Sum: 43223, Workers: 4
[3882.144s][debug][gc,phases      ] GC(165)   ResolvedMethodTable Weak       Min:  0.0, Avg:  0.0, Max:  0.0, Diff:  0.0, Sum:  0.1, Workers: 4
[3882.144s][debug][gc,phases      ] GC(165)     Dead                           Min: 0, Avg:  0.0, Max: 0, Diff: 0, Sum: 0, Workers: 4
[3882.144s][debug][gc,phases      ] GC(165)     Total                          Min: 0, Avg: 2158.5, Max: 3578, Diff: 3578, Sum: 8634, Workers: 4
[3882.144s][debug][gc,phases      ] GC(165)   JNI Weak                       Min:  0.0, Avg:  0.0, Max:  0.0, Diff:  0.0, Sum:  0.0, Workers: 4
[3882.144s][debug][gc,phases      ] GC(165)     Dead                           Min: 0, Avg:  0.0, Max: 0, Diff: 0, Sum: 0, Workers: 4
[3882.144s][debug][gc,phases      ] GC(165)     Total                          Min: 0, Avg: 11.2, Max: 45, Diff: 45, Sum: 45, Workers: 4
[3882.144s][debug][gc,phases      ] GC(165)   StringDedup Table Weak         Min:  0.0, Avg:  0.0, Max:  0.0, Diff:  0.0, Sum:  0.0, Workers: 4
[3882.144s][debug][gc,phases      ] GC(165)     Dead                           Min: 0, Avg:  0.0, Max: 0, Diff: 0, Sum: 0, Workers: 4
[3882.144s][debug][gc,phases      ] GC(165)     Total                          Min: 0, Avg:  0.0, Max: 0, Diff: 0, Sum: 0, Workers: 4
[3882.144s][debug][gc,phases      ] GC(165)   StringDedup Requests0 Weak     Min:  0.0, Avg:  0.0, Max:  0.0, Diff:  0.0, Sum:  0.0, Workers: 4
[3882.144s][debug][gc,phases      ] GC(165)     Dead                           Min: 0, Avg:  0.0, Max: 0, Diff: 0, Sum: 0, Workers: 4
[3882.144s][debug][gc,phases      ] GC(165)     Total                          Min: 0, Avg:  0.0, Max: 0, Diff: 0, Sum: 0, Workers: 4
[3882.144s][debug][gc,phases      ] GC(165)   StringDedup Requests1 Weak     Min:  0.0, Avg:  0.0, Max:  0.0, Diff:  0.0, Sum:  0.0, Workers: 4
[3882.144s][debug][gc,phases      ] GC(165)     Dead                           Min: 0, Avg:  0.0, Max: 0, Diff: 0, Sum: 0, Workers: 4
[3882.144s][debug][gc,phases      ] GC(165)     Total                          Min: 0, Avg:  0.0, Max: 0, Diff: 0, Sum: 0, Workers: 4
[3882.144s][debug][gc,phases      ] GC(165)   Weak JFR Old Object Samples    Min:  0.0, Avg:  0.0, Max:  0.0, Diff:  0.0, Sum:  0.0, Workers: 4
[3882.144s][debug][gc,phases      ] GC(165)     Dead                           Min: 0, Avg:  0.0, Max: 0, Diff: 0, Sum: 0, Workers: 4
[3882.144s][debug][gc,phases      ] GC(165)     Total                          Min: 0, Avg:  0.0, Max: 0, Diff: 0, Sum: 0, Workers: 4
[3882.144s][debug][gc,phases      ] GC(165) Weak Processing 0.328ms
[3882.144s][debug][gc,age         ] GC(165) Desired survivor size 1572864 bytes, new threshold 15 (max threshold 15)
[3882.144s][info ][gc,heap        ] GC(165) PSYoungGen: 2094912K(2095104K)->1216K(2095616K) Eden: 2093568K(2093568K)->0K(2094080K) From: 1344K(1536K)->1216K(1536K)
[3882.144s][info ][gc,heap        ] GC(165) ParOldGen: 345123K(446976K)->345131K(446976K)
[3882.144s][info ][gc,metaspace   ] GC(165) Metaspace: 79424K(80320K)->79424K(80320K) NonClass: 68110K(68608K)->68110K(68608K) Class: 11313K(11712K)->11313K(11712K)
[3882.144s][info ][gc             ] GC(165) Pause Young (Allocation Failure) 2382M->338M(2483M) 2.686ms
[3882.144s][info ][gc,cpu         ] GC(165) User=0.00s Sys=0.00s Real=0.01s
[3882.144s][info ][safepoint      ] Safepoint "ParallelGCFailedAllocation", Time since last: 14196268867 ns, Reaching safepoint: 93801 ns, At safepoint: 2766213 ns, Total: 2860014 ns
[3907.591s][info ][gc,start       ] GC(166) Pause Young (Allocation Failure)
[3907.593s][debug][gc,phases      ] GC(166) Scavenge 1.752ms
[3907.593s][debug][gc,ref         ] GC(166) Skipped phase 1 of Reference Processing: no references
[3907.593s][debug][gc,ref         ] GC(166) ReferenceProcessor::execute queues: 1, RefProcThreadModel::Single, marks_oops_alive: false
[3907.593s][debug][gc,ref         ] GC(166) Skipped phase 3 of Reference Processing: no references
[3907.593s][debug][gc,ref         ] GC(166) ReferenceProcessor::execute queues: 1, RefProcThreadModel::Single, marks_oops_alive: false
[3907.593s][debug][gc,phases      ] GC(166) Reference Processing 0.089ms
[3907.593s][debug][gc,phases      ] GC(166)   VM Weak                        Min:  0.0, Avg:  0.0, Max:  0.0, Diff:  0.0, Sum:  0.0, Workers: 4
[3907.593s][debug][gc,phases      ] GC(166)     Dead                           Min: 0, Avg:  0.0, Max: 0, Diff: 0, Sum: 0, Workers: 4
[3907.593s][debug][gc,phases      ] GC(166)     Total                          Min: 0, Avg: 183.5, Max: 448, Diff: 448, Sum: 734, Workers: 4
[3907.593s][debug][gc,phases      ] GC(166)   ObjectSynchronizer Weak        Min:  0.0, Avg:  0.0, Max:  0.0, Diff:  0.0, Sum:  0.0, Workers: 4
[3907.593s][debug][gc,phases      ] GC(166)     Dead                           Min: 0, Avg:  0.0, Max: 0, Diff: 0, Sum: 0, Workers: 4
[3907.593s][debug][gc,phases      ] GC(166)     Total                          Min: 0, Avg:  8.0, Max: 32, Diff: 32, Sum: 32, Workers: 4
[3907.593s][debug][gc,phases      ] GC(166)   JVMTI Tag Weak OopStorage      Min:  0.0, Avg:  0.0, Max:  0.0, Diff:  0.0, Sum:  0.0, Workers: 4
[3907.593s][debug][gc,phases      ] GC(166)     Dead                           Min: 0, Avg:  0.0, Max: 0, Diff: 0, Sum: 0, Workers: 4
[3907.593s][debug][gc,phases      ] GC(166)     Total                          Min: 0, Avg:  0.0, Max: 0, Diff: 0, Sum: 0, Workers: 4
[3907.593s][debug][gc,phases      ] GC(166)   StringTable Weak               Min:  0.1, Avg:  0.1, Max:  0.1, Diff:  0.0, Sum:  0.4, Workers: 4
[3907.593s][debug][gc,phases      ] GC(166)     Dead                           Min: 0, Avg:  0.0, Max: 0, Diff: 0, Sum: 0, Workers: 4
[3907.593s][debug][gc,phases      ] GC(166)     Total                          Min: 9856, Avg: 10805.8, Max: 12159, Diff: 2303, Sum: 43223, Workers: 4
[3907.593s][debug][gc,phases      ] GC(166)   ResolvedMethodTable Weak       Min:  0.0, Avg:  0.0, Max:  0.0, Diff:  0.0, Sum:  0.1, Workers: 4
[3907.593s][debug][gc,phases      ] GC(166)     Dead                           Min: 0, Avg:  0.0, Max: 0, Diff: 0, Sum: 0, Workers: 4
[3907.593s][debug][gc,phases      ] GC(166)     Total                          Min: 2048, Avg: 2158.5, Max: 2368, Diff: 320, Sum: 8634, Workers: 4
[3907.593s][debug][gc,phases      ] GC(166)   JNI Weak                       Min:  0.0, Avg:  0.0, Max:  0.0, Diff:  0.0, Sum:  0.0, Workers: 4
[3907.593s][debug][gc,phases      ] GC(166)     Dead                           Min: 0, Avg:  0.0, Max: 0, Diff: 0, Sum: 0, Workers: 4
[3907.593s][debug][gc,phases      ] GC(166)     Total                          Min: 0, Avg: 11.2, Max: 45, Diff: 45, Sum: 45, Workers: 4
[3907.593s][debug][gc,phases      ] GC(166)   StringDedup Table Weak         Min:  0.0, Avg:  0.0, Max:  0.0, Diff:  0.0, Sum:  0.0, Workers: 4
[3907.593s][debug][gc,phases      ] GC(166)     Dead                           Min: 0, Avg:  0.0, Max: 0, Diff: 0, Sum: 0, Workers: 4
[3907.593s][debug][gc,phases      ] GC(166)     Total                          Min: 0, Avg:  0.0, Max: 0, Diff: 0, Sum: 0, Workers: 4
[3907.593s][debug][gc,phases      ] GC(166)   StringDedup Requests0 Weak     Min:  0.0, Avg:  0.0, Max:  0.0, Diff:  0.0, Sum:  0.0, Workers: 4
[3907.593s][debug][gc,phases      ] GC(166)     Dead                           Min: 0, Avg:  0.0, Max: 0, Diff: 0, Sum: 0, Workers: 4
[3907.593s][debug][gc,phases      ] GC(166)     Total                          Min: 0, Avg:  0.0, Max: 0, Diff: 0, Sum: 0, Workers: 4
[3907.593s][debug][gc,phases      ] GC(166)   StringDedup Requests1 Weak     Min:  0.0, Avg:  0.0, Max:  0.0, Diff:  0.0, Sum:  0.0, Workers: 4
[3907.593s][debug][gc,phases      ] GC(166)     Dead                           Min: 0, Avg:  0.0, Max: 0, Diff: 0, Sum: 0, Workers: 4
[3907.593s][debug][gc,phases      ] GC(166)     Total                          Min: 0, Avg:  0.0, Max: 0, Diff: 0, Sum: 0, Workers: 4
[3907.593s][debug][gc,phases      ] GC(166)   Weak JFR Old Object Samples    Min:  0.0, Avg:  0.0, Max:  0.0, Diff:  0.0, Sum:  0.0, Workers: 4
[3907.593s][debug][gc,phases      ] GC(166)     Dead                           Min: 0, Avg:  0.0, Max: 0, Diff: 0, Sum: 0, Workers: 4
[3907.593s][debug][gc,phases      ] GC(166)     Total                          Min: 0, Avg:  0.0, Max: 0, Diff: 0, Sum: 0, Workers: 4
[3907.593s][debug][gc,phases      ] GC(166) Weak Processing 0.285ms
[3907.593s][debug][gc,age         ] GC(166) Desired survivor size 1572864 bytes, new threshold 15 (max threshold 15)
[3907.593s][info ][gc,heap        ] GC(166) PSYoungGen: 2095296K(2095616K)->1312K(2095616K) Eden: 2094080K(2094080K)->0K(2094080K) From: 1216K(1536K)->1312K(1536K)
[3907.593s][info ][gc,heap        ] GC(166) ParOldGen: 345131K(446976K)->345179K(446976K)
[3907.593s][info ][gc,metaspace   ] GC(166) Metaspace: 79424K(80320K)->79424K(80320K) NonClass: 68110K(68608K)->68110K(68608K) Class: 11313K(11712K)->11313K(11712K)
[3907.593s][info ][gc             ] GC(166) Pause Young (Allocation Failure) 2383M->338M(2483M) 2.210ms
[3907.593s][info ][gc,cpu         ] GC(166) User=0.01s Sys=0.00s Real=0.00s
[3907.593s][info ][safepoint      ] Safepoint "ParallelGCFailedAllocation", Time since last: 25447370537 ns, Reaching safepoint: 34500 ns, At safepoint: 2292311 ns, Total: 2326811 ns
[3932.891s][info ][gc,start       ] GC(167) Pause Young (Allocation Failure)
[3932.894s][debug][gc,phases      ] GC(167) Scavenge 2.806ms
[3932.894s][debug][gc,ref         ] GC(167) Skipped phase 1 of Reference Processing: no references
[3932.894s][debug][gc,ref         ] GC(167) ReferenceProcessor::execute queues: 1, RefProcThreadModel::Single, marks_oops_alive: false
[3932.894s][debug][gc,ref         ] GC(167) Skipped phase 3 of Reference Processing: no references
[3932.894s][debug][gc,ref         ] GC(167) ReferenceProcessor::execute queues: 1, RefProcThreadModel::Single, marks_oops_alive: false
[3932.894s][debug][gc,phases      ] GC(167) Reference Processing 0.090ms
[3932.894s][debug][gc,phases      ] GC(167)   VM Weak                        Min:  0.0, Avg:  0.0, Max:  0.0, Diff:  0.0, Sum:  0.0, Workers: 4
[3932.894s][debug][gc,phases      ] GC(167)     Dead                           Min: 0, Avg:  0.0, Max: 0, Diff: 0, Sum: 0, Workers: 4
[3932.894s][debug][gc,phases      ] GC(167)     Total                          Min: 0, Avg: 183.5, Max: 734, Diff: 734, Sum: 734, Workers: 4
[3932.894s][debug][gc,phases      ] GC(167)   ObjectSynchronizer Weak        Min:  0.0, Avg:  0.0, Max:  0.0, Diff:  0.0, Sum:  0.0, Workers: 4
[3932.894s][debug][gc,phases      ] GC(167)     Dead                           Min: 0, Avg:  0.0, Max: 0, Diff: 0, Sum: 0, Workers: 4
[3932.894s][debug][gc,phases      ] GC(167)     Total                          Min: 0, Avg:  8.0, Max: 32, Diff: 32, Sum: 32, Workers: 4
[3932.894s][debug][gc,phases      ] GC(167)   JVMTI Tag Weak OopStorage      Min:  0.0, Avg:  0.0, Max:  0.0, Diff:  0.0, Sum:  0.0, Workers: 4
[3932.895s][debug][gc,phases      ] GC(167)     Dead                           Min: 0, Avg:  0.0, Max: 0, Diff: 0, Sum: 0, Workers: 4
[3932.895s][debug][gc,phases      ] GC(167)     Total                          Min: 0, Avg:  0.0, Max: 0, Diff: 0, Sum: 0, Workers: 4
[3932.895s][debug][gc,phases      ] GC(167)   StringTable Weak               Min:  0.1, Avg:  0.1, Max:  0.1, Diff:  0.0, Sum:  0.4, Workers: 4
[3932.895s][debug][gc,phases      ] GC(167)     Dead                           Min: 0, Avg:  0.0, Max: 0, Diff: 0, Sum: 0, Workers: 4
[3932.895s][debug][gc,phases      ] GC(167)     Total                          Min: 10111, Avg: 10805.8, Max: 11328, Diff: 1217, Sum: 43223, Workers: 4
[3932.895s][debug][gc,phases      ] GC(167)   ResolvedMethodTable Weak       Min:  0.0, Avg:  0.0, Max:  0.0, Diff:  0.0, Sum:  0.1, Workers: 4
[3932.895s][debug][gc,phases      ] GC(167)     Dead                           Min: 0, Avg:  0.0, Max: 0, Diff: 0, Sum: 0, Workers: 4
[3932.895s][debug][gc,phases      ] GC(167)     Total                          Min: 2106, Avg: 2158.5, Max: 2304, Diff: 198, Sum: 8634, Workers: 4
[3932.895s][debug][gc,phases      ] GC(167)   JNI Weak                       Min:  0.0, Avg:  0.0, Max:  0.0, Diff:  0.0, Sum:  0.0, Workers: 4
[3932.895s][debug][gc,phases      ] GC(167)     Dead                           Min: 0, Avg:  0.0, Max: 0, Diff: 0, Sum: 0, Workers: 4
[3932.895s][debug][gc,phases      ] GC(167)     Total                          Min: 0, Avg: 11.2, Max: 45, Diff: 45, Sum: 45, Workers: 4
[3932.895s][debug][gc,phases      ] GC(167)   StringDedup Table Weak         Min:  0.0, Avg:  0.0, Max:  0.0, Diff:  0.0, Sum:  0.0, Workers: 4
[3932.895s][debug][gc,phases      ] GC(167)     Dead                           Min: 0, Avg:  0.0, Max: 0, Diff: 0, Sum: 0, Workers: 4
[3932.895s][debug][gc,phases      ] GC(167)     Total                          Min: 0, Avg:  0.0, Max: 0, Diff: 0, Sum: 0, Workers: 4
[3932.895s][debug][gc,phases      ] GC(167)   StringDedup Requests0 Weak     Min:  0.0, Avg:  0.0, Max:  0.0, Diff:  0.0, Sum:  0.0, Workers: 4
[3932.895s][debug][gc,phases      ] GC(167)     Dead                           Min: 0, Avg:  0.0, Max: 0, Diff: 0, Sum: 0, Workers: 4
[3932.895s][debug][gc,phases      ] GC(167)     Total                          Min: 0, Avg:  0.0, Max: 0, Diff: 0, Sum: 0, Workers: 4
[3932.895s][debug][gc,phases      ] GC(167)   StringDedup Requests1 Weak     Min:  0.0, Avg:  0.0, Max:  0.0, Diff:  0.0, Sum:  0.0, Workers: 4
[3932.895s][debug][gc,phases      ] GC(167)     Dead                           Min: 0, Avg:  0.0, Max: 0, Diff: 0, Sum: 0, Workers: 4
[3932.895s][debug][gc,phases      ] GC(167)     Total                          Min: 0, Avg:  0.0, Max: 0, Diff: 0, Sum: 0, Workers: 4
[3932.895s][debug][gc,phases      ] GC(167)   Weak JFR Old Object Samples    Min:  0.0, Avg:  0.0, Max:  0.0, Diff:  0.0, Sum:  0.0, Workers: 4
[3932.895s][debug][gc,phases      ] GC(167)     Dead                           Min: 0, Avg:  0.0, Max: 0, Diff: 0, Sum: 0, Workers: 4
[3932.895s][debug][gc,phases      ] GC(167)     Total                          Min: 0, Avg:  0.0, Max: 0, Diff: 0, Sum: 0, Workers: 4
[3932.895s][debug][gc,phases      ] GC(167) Weak Processing 0.300ms
[3932.895s][debug][gc,age         ] GC(167) Desired survivor size 1572864 bytes, new threshold 15 (max threshold 15)
[3932.895s][info ][gc,heap        ] GC(167) PSYoungGen: 2095392K(2095616K)->1216K(2095616K) Eden: 2094080K(2094080K)->0K(2094080K) From: 1312K(1536K)->1216K(1536K)
[3932.895s][info ][gc,heap        ] GC(167) ParOldGen: 345179K(446976K)->345231K(446976K)
[3932.895s][info ][gc,metaspace   ] GC(167) Metaspace: 79424K(80320K)->79424K(80320K) NonClass: 68111K(68608K)->68111K(68608K) Class: 11313K(11712K)->11313K(11712K)
[3932.895s][info ][gc             ] GC(167) Pause Young (Allocation Failure) 2383M->338M(2483M) 3.291ms
[3932.895s][info ][gc,cpu         ] GC(167) User=0.00s Sys=0.00s Real=0.00s
[3932.895s][info ][safepoint      ] Safepoint "ParallelGCFailedAllocation", Time since last: 25297803176 ns, Reaching safepoint: 39000 ns, At safepoint: 3353517 ns, Total: 3392517 ns
[3958.405s][info ][gc,start       ] GC(168) Pause Young (Allocation Failure)
[3958.408s][debug][gc,phases      ] GC(168) Scavenge 3.052ms
[3958.408s][debug][gc,ref         ] GC(168) Skipped phase 1 of Reference Processing: no references
[3958.408s][debug][gc,ref         ] GC(168) ReferenceProcessor::execute queues: 1, RefProcThreadModel::Single, marks_oops_alive: false
[3958.408s][debug][gc,ref         ] GC(168) Skipped phase 3 of Reference Processing: no references
[3958.408s][debug][gc,ref         ] GC(168) ReferenceProcessor::execute queues: 1, RefProcThreadModel::Single, marks_oops_alive: false
[3958.408s][debug][gc,phases      ] GC(168) Reference Processing 0.091ms
[3958.408s][debug][gc,phases      ] GC(168)   VM Weak                        Min:  0.0, Avg:  0.0, Max:  0.0, Diff:  0.0, Sum:  0.0, Workers: 4
[3958.408s][debug][gc,phases      ] GC(168)     Dead                           Min: 0, Avg:  0.0, Max: 0, Diff: 0, Sum: 0, Workers: 4
[3958.408s][debug][gc,phases      ] GC(168)     Total                          Min: 0, Avg: 183.5, Max: 512, Diff: 512, Sum: 734, Workers: 4
[3958.408s][debug][gc,phases      ] GC(168)   ObjectSynchronizer Weak        Min:  0.0, Avg:  0.0, Max:  0.0, Diff:  0.0, Sum:  0.0, Workers: 4
[3958.408s][debug][gc,phases      ] GC(168)     Dead                           Min: 0, Avg:  0.0, Max: 0, Diff: 0, Sum: 0, Workers: 4
[3958.408s][debug][gc,phases      ] GC(168)     Total                          Min: 0, Avg:  8.0, Max: 32, Diff: 32, Sum: 32, Workers: 4
[3958.408s][debug][gc,phases      ] GC(168)   JVMTI Tag Weak OopStorage      Min:  0.0, Avg:  0.0, Max:  0.0, Diff:  0.0, Sum:  0.0, Workers: 4
[3958.408s][debug][gc,phases      ] GC(168)     Dead                           Min: 0, Avg:  0.0, Max: 0, Diff: 0, Sum: 0, Workers: 4
[3958.408s][debug][gc,phases      ] GC(168)     Total                          Min: 0, Avg:  0.0, Max: 0, Diff: 0, Sum: 0, Workers: 4
[3958.408s][debug][gc,phases      ] GC(168)   StringTable Weak               Min:  0.1, Avg:  0.1, Max:  0.1, Diff:  0.0, Sum:  0.4, Workers: 4
[3958.408s][debug][gc,phases      ] GC(168)     Dead                           Min: 0, Avg:  0.0, Max: 0, Diff: 0, Sum: 0, Workers: 4
[3958.408s][debug][gc,phases      ] GC(168)     Total                          Min: 10264, Avg: 10805.8, Max: 11072, Diff: 808, Sum: 43223, Workers: 4
[3958.408s][debug][gc,phases      ] GC(168)   ResolvedMethodTable Weak       Min:  0.0, Avg:  0.0, Max:  0.0, Diff:  0.0, Sum:  0.1, Workers: 4
[3958.408s][debug][gc,phases      ] GC(168)     Dead                           Min: 0, Avg:  0.0, Max: 0, Diff: 0, Sum: 0, Workers: 4
[3958.408s][debug][gc,phases      ] GC(168)     Total                          Min: 2112, Avg: 2158.5, Max: 2234, Diff: 122, Sum: 8634, Workers: 4
[3958.408s][debug][gc,phases      ] GC(168)   JNI Weak                       Min:  0.0, Avg:  0.0, Max:  0.0, Diff:  0.0, Sum:  0.0, Workers: 4
[3958.408s][debug][gc,phases      ] GC(168)     Dead                           Min: 0, Avg:  0.0, Max: 0, Diff: 0, Sum: 0, Workers: 4
[3958.408s][debug][gc,phases      ] GC(168)     Total                          Min: 0, Avg: 11.2, Max: 45, Diff: 45, Sum: 45, Workers: 4
[3958.408s][debug][gc,phases      ] GC(168)   StringDedup Table Weak         Min:  0.0, Avg:  0.0, Max:  0.0, Diff:  0.0, Sum:  0.0, Workers: 4
[3958.408s][debug][gc,phases      ] GC(168)     Dead                           Min: 0, Avg:  0.0, Max: 0, Diff: 0, Sum: 0, Workers: 4
[3958.408s][debug][gc,phases      ] GC(168)     Total                          Min: 0, Avg:  0.0, Max: 0, Diff: 0, Sum: 0, Workers: 4
[3958.408s][debug][gc,phases      ] GC(168)   StringDedup Requests0 Weak     Min:  0.0, Avg:  0.0, Max:  0.0, Diff:  0.0, Sum:  0.0, Workers: 4
[3958.408s][debug][gc,phases      ] GC(168)     Dead                           Min: 0, Avg:  0.0, Max: 0, Diff: 0, Sum: 0, Workers: 4
[3958.408s][debug][gc,phases      ] GC(168)     Total                          Min: 0, Avg:  0.0, Max: 0, Diff: 0, Sum: 0, Workers: 4
[3958.408s][debug][gc,phases      ] GC(168)   StringDedup Requests1 Weak     Min:  0.0, Avg:  0.0, Max:  0.0, Diff:  0.0, Sum:  0.0, Workers: 4
[3958.408s][debug][gc,phases      ] GC(168)     Dead                           Min: 0, Avg:  0.0, Max: 0, Diff: 0, Sum: 0, Workers: 4
[3958.408s][debug][gc,phases      ] GC(168)     Total                          Min: 0, Avg:  0.0, Max: 0, Diff: 0, Sum: 0, Workers: 4
[3958.408s][debug][gc,phases      ] GC(168)   Weak JFR Old Object Samples    Min:  0.0, Avg:  0.0, Max:  0.0, Diff:  0.0, Sum:  0.0, Workers: 4
[3958.408s][debug][gc,phases      ] GC(168)     Dead                           Min: 0, Avg:  0.0, Max: 0, Diff: 0, Sum: 0, Workers: 4
[3958.408s][debug][gc,phases      ] GC(168)     Total                          Min: 0, Avg:  0.0, Max: 0, Diff: 0, Sum: 0, Workers: 4
[3958.408s][debug][gc,phases      ] GC(168) Weak Processing 0.278ms
[3958.408s][debug][gc,age         ] GC(168) Desired survivor size 1572864 bytes, new threshold 15 (max threshold 15)
[3958.408s][info ][gc,heap        ] GC(168) PSYoungGen: 2095296K(2095616K)->1120K(2095616K) Eden: 2094080K(2094080K)->0K(2094080K) From: 1216K(1536K)->1120K(1536K)
[3958.408s][info ][gc,heap        ] GC(168) ParOldGen: 345231K(446976K)->345255K(446976K)
[3958.408s][info ][gc,metaspace   ] GC(168) Metaspace: 79424K(80320K)->79424K(80320K) NonClass: 68111K(68608K)->68111K(68608K) Class: 11313K(11712K)->11313K(11712K)
[3958.408s][info ][gc             ] GC(168) Pause Young (Allocation Failure) 2383M->338M(2483M) 3.514ms
[3958.408s][info ][gc,cpu         ] GC(168) User=0.01s Sys=0.00s Real=0.00s
[3958.408s][info ][safepoint      ] Safepoint "ParallelGCFailedAllocation", Time since last: 25509910462 ns, Reaching safepoint: 32401 ns, At safepoint: 3613817 ns, Total: 3646218 ns
[3966.409s][info ][safepoint      ] Safepoint "Cleanup", Time since last: 8000530570 ns, Reaching safepoint: 39300 ns, At safepoint: 6200 ns, Total: 45500 ns
[3983.441s][info ][gc,start       ] GC(169) Pause Young (Allocation Failure)
[3983.443s][debug][gc,phases      ] GC(169) Scavenge 1.457ms
[3983.443s][debug][gc,ref         ] GC(169) Skipped phase 1 of Reference Processing: no references
[3983.443s][debug][gc,ref         ] GC(169) Skipped phase 2 of Reference Processing: no references
[3983.443s][debug][gc,ref         ] GC(169) Skipped phase 3 of Reference Processing: no references
[3983.443s][debug][gc,ref         ] GC(169) ReferenceProcessor::execute queues: 1, RefProcThreadModel::Single, marks_oops_alive: false
[3983.443s][debug][gc,phases      ] GC(169) Reference Processing 0.096ms
[3983.443s][debug][gc,phases      ] GC(169)   VM Weak                        Min:  0.0, Avg:  0.0, Max:  0.0, Diff:  0.0, Sum:  0.0, Workers: 4
[3983.443s][debug][gc,phases      ] GC(169)     Dead                           Min: 0, Avg:  0.0, Max: 0, Diff: 0, Sum: 0, Workers: 4
[3983.443s][debug][gc,phases      ] GC(169)     Total                          Min: 0, Avg: 183.5, Max: 542, Diff: 542, Sum: 734, Workers: 4
[3983.443s][debug][gc,phases      ] GC(169)   ObjectSynchronizer Weak        Min:  0.0, Avg:  0.0, Max:  0.0, Diff:  0.0, Sum:  0.0, Workers: 4
[3983.443s][debug][gc,phases      ] GC(169)     Dead                           Min: 0, Avg:  0.0, Max: 0, Diff: 0, Sum: 0, Workers: 4
[3983.443s][debug][gc,phases      ] GC(169)     Total                          Min: 0, Avg:  8.0, Max: 32, Diff: 32, Sum: 32, Workers: 4
[3983.443s][debug][gc,phases      ] GC(169)   JVMTI Tag Weak OopStorage      Min:  0.0, Avg:  0.0, Max:  0.0, Diff:  0.0, Sum:  0.0, Workers: 4
[3983.443s][debug][gc,phases      ] GC(169)     Dead                           Min: 0, Avg:  0.0, Max: 0, Diff: 0, Sum: 0, Workers: 4
[3983.443s][debug][gc,phases      ] GC(169)     Total                          Min: 0, Avg:  0.0, Max: 0, Diff: 0, Sum: 0, Workers: 4
[3983.443s][debug][gc,phases      ] GC(169)   StringTable Weak               Min:  0.0, Avg:  0.1, Max:  0.1, Diff:  0.1, Sum:  0.4, Workers: 4
[3983.443s][debug][gc,phases      ] GC(169)     Dead                           Min: 0, Avg:  0.0, Max: 0, Diff: 0, Sum: 0, Workers: 4
[3983.443s][debug][gc,phases      ] GC(169)     Total                          Min: 0, Avg: 10805.8, Max: 18303, Diff: 18303, Sum: 43223, Workers: 4
[3983.443s][debug][gc,phases      ] GC(169)   ResolvedMethodTable Weak       Min:  0.0, Avg:  0.0, Max:  0.0, Diff:  0.0, Sum:  0.1, Workers: 4
[3983.443s][debug][gc,phases      ] GC(169)     Dead                           Min: 0, Avg:  0.0, Max: 0, Diff: 0, Sum: 0, Workers: 4
[3983.443s][debug][gc,phases      ] GC(169)     Total                          Min: 0, Avg: 2158.5, Max: 3898, Diff: 3898, Sum: 8634, Workers: 4
[3983.443s][debug][gc,phases      ] GC(169)   JNI Weak                       Min:  0.0, Avg:  0.0, Max:  0.0, Diff:  0.0, Sum:  0.0, Workers: 4
[3983.443s][debug][gc,phases      ] GC(169)     Dead                           Min: 0, Avg:  0.0, Max: 0, Diff: 0, Sum: 0, Workers: 4
[3983.443s][debug][gc,phases      ] GC(169)     Total                          Min: 0, Avg: 11.2, Max: 45, Diff: 45, Sum: 45, Workers: 4
[3983.443s][debug][gc,phases      ] GC(169)   StringDedup Table Weak         Min:  0.0, Avg:  0.0, Max:  0.0, Diff:  0.0, Sum:  0.0, Workers: 4
[3983.443s][debug][gc,phases      ] GC(169)     Dead                           Min: 0, Avg:  0.0, Max: 0, Diff: 0, Sum: 0, Workers: 4
[3983.443s][debug][gc,phases      ] GC(169)     Total                          Min: 0, Avg:  0.0, Max: 0, Diff: 0, Sum: 0, Workers: 4
[3983.443s][debug][gc,phases      ] GC(169)   StringDedup Requests0 Weak     Min:  0.0, Avg:  0.0, Max:  0.0, Diff:  0.0, Sum:  0.0, Workers: 4
[3983.443s][debug][gc,phases      ] GC(169)     Dead                           Min: 0, Avg:  0.0, Max: 0, Diff: 0, Sum: 0, Workers: 4
[3983.443s][debug][gc,phases      ] GC(169)     Total                          Min: 0, Avg:  0.0, Max: 0, Diff: 0, Sum: 0, Workers: 4
[3983.443s][debug][gc,phases      ] GC(169)   StringDedup Requests1 Weak     Min:  0.0, Avg:  0.0, Max:  0.0, Diff:  0.0, Sum:  0.0, Workers: 4
[3983.443s][debug][gc,phases      ] GC(169)     Dead                           Min: 0, Avg:  0.0, Max: 0, Diff: 0, Sum: 0, Workers: 4
[3983.443s][debug][gc,phases      ] GC(169)     Total                          Min: 0, Avg:  0.0, Max: 0, Diff: 0, Sum: 0, Workers: 4
[3983.443s][debug][gc,phases      ] GC(169)   Weak JFR Old Object Samples    Min:  0.0, Avg:  0.0, Max:  0.0, Diff:  0.0, Sum:  0.0, Workers: 4
[3983.443s][debug][gc,phases      ] GC(169)     Dead                           Min: 0, Avg:  0.0, Max: 0, Diff: 0, Sum: 0, Workers: 4
[3983.443s][debug][gc,phases      ] GC(169)     Total                          Min: 0, Avg:  0.0, Max: 0, Diff: 0, Sum: 0, Workers: 4
[3983.443s][debug][gc,phases      ] GC(169) Weak Processing 0.318ms
[3983.443s][debug][gc,age         ] GC(169) Desired survivor size 1572864 bytes, new threshold 15 (max threshold 15)
[3983.443s][info ][gc,heap        ] GC(169) PSYoungGen: 2095200K(2095616K)->1152K(2095616K) Eden: 2094080K(2094080K)->0K(2094080K) From: 1120K(1536K)->1152K(1536K)
[3983.443s][info ][gc,heap        ] GC(169) ParOldGen: 345255K(446976K)->345287K(446976K)
[3983.443s][info ][gc,metaspace   ] GC(169) Metaspace: 79424K(80320K)->79424K(80320K) NonClass: 68111K(68608K)->68111K(68608K) Class: 11313K(11712K)->11313K(11712K)
[3983.443s][info ][gc             ] GC(169) Pause Young (Allocation Failure) 2383M->338M(2483M) 1.955ms
[3983.443s][info ][gc,cpu         ] GC(169) User=0.01s Sys=0.00s Real=0.01s
[3983.443s][info ][safepoint      ] Safepoint "ParallelGCFailedAllocation", Time since last: 17032214880 ns, Reaching safepoint: 40600 ns, At safepoint: 2046110 ns, Total: 2086710 ns
[3984.443s][info ][safepoint      ] Safepoint "Cleanup", Time since last: 1000078412 ns, Reaching safepoint: 40100 ns, At safepoint: 2800 ns, Total: 42900 ns
[4005.445s][info ][safepoint      ] Safepoint "Cleanup", Time since last: 21001340572 ns, Reaching safepoint: 109401 ns, At safepoint: 4500 ns, Total: 113901 ns
[4006.445s][info ][safepoint      ] Safepoint "Cleanup", Time since last: 1000114293 ns, Reaching safepoint: 47100 ns, At safepoint: 7800 ns, Total: 54900 ns
[4007.445s][info ][safepoint      ] Safepoint "Cleanup", Time since last: 1000101713 ns, Reaching safepoint: 144501 ns, At safepoint: 11400 ns, Total: 155901 ns
[4008.041s][info ][gc,start       ] GC(170) Pause Young (Allocation Failure)
[4008.045s][debug][gc,phases      ] GC(170) Scavenge 4.754ms
[4008.046s][debug][gc,ref         ] GC(170) Skipped phase 1 of Reference Processing: no references
[4008.046s][debug][gc,ref         ] GC(170) ReferenceProcessor::execute queues: 1, RefProcThreadModel::Single, marks_oops_alive: false
[4008.046s][debug][gc,ref         ] GC(170) Skipped phase 3 of Reference Processing: no references
[4008.046s][debug][gc,ref         ] GC(170) ReferenceProcessor::execute queues: 1, RefProcThreadModel::Single, marks_oops_alive: false
[4008.046s][debug][gc,phases      ] GC(170) Reference Processing 0.091ms
[4008.046s][debug][gc,phases      ] GC(170)   VM Weak                        Min:  0.0, Avg:  0.0, Max:  0.0, Diff:  0.0, Sum:  0.0, Workers: 4
[4008.046s][debug][gc,phases      ] GC(170)     Dead                           Min: 0, Avg:  0.0, Max: 0, Diff: 0, Sum: 0, Workers: 4
[4008.046s][debug][gc,phases      ] GC(170)     Total                          Min: 0, Avg: 183.5, Max: 448, Diff: 448, Sum: 734, Workers: 4
[4008.046s][debug][gc,phases      ] GC(170)   ObjectSynchronizer Weak        Min:  0.0, Avg:  0.0, Max:  0.0, Diff:  0.0, Sum:  0.0, Workers: 4
[4008.046s][debug][gc,phases      ] GC(170)     Dead                           Min: 0, Avg:  0.0, Max: 0, Diff: 0, Sum: 0, Workers: 4
[4008.046s][debug][gc,phases      ] GC(170)     Total                          Min: 0, Avg:  8.0, Max: 32, Diff: 32, Sum: 32, Workers: 4
[4008.046s][debug][gc,phases      ] GC(170)   JVMTI Tag Weak OopStorage      Min:  0.0, Avg:  0.0, Max:  0.0, Diff:  0.0, Sum:  0.0, Workers: 4
[4008.046s][debug][gc,phases      ] GC(170)     Dead                           Min: 0, Avg:  0.0, Max: 0, Diff: 0, Sum: 0, Workers: 4
[4008.046s][debug][gc,phases      ] GC(170)     Total                          Min: 0, Avg:  0.0, Max: 0, Diff: 0, Sum: 0, Workers: 4
[4008.046s][debug][gc,phases      ] GC(170)   StringTable Weak               Min:  0.0, Avg:  0.1, Max:  0.1, Diff:  0.1, Sum:  0.3, Workers: 4
[4008.046s][debug][gc,phases      ] GC(170)     Dead                           Min: 0, Avg:  0.5, Max: 2, Diff: 2, Sum: 2, Workers: 4
[4008.046s][debug][gc,phases      ] GC(170)     Total                          Min: 0, Avg: 10806.2, Max: 17343, Diff: 17343, Sum: 43225, Workers: 4
[4008.046s][debug][gc,phases      ] GC(170)   ResolvedMethodTable Weak       Min:  0.0, Avg:  0.0, Max:  0.0, Diff:  0.0, Sum:  0.1, Workers: 4
[4008.046s][debug][gc,phases      ] GC(170)     Dead                           Min: 0, Avg:  0.0, Max: 0, Diff: 0, Sum: 0, Workers: 4
[4008.046s][debug][gc,phases      ] GC(170)     Total                          Min: 0, Avg: 2160.0, Max: 3840, Diff: 3840, Sum: 8640, Workers: 4
[4008.046s][debug][gc,phases      ] GC(170)   JNI Weak                       Min:  0.0, Avg:  0.0, Max:  0.0, Diff:  0.0, Sum:  0.0, Workers: 4
[4008.046s][debug][gc,phases      ] GC(170)     Dead                           Min: 0, Avg:  0.0, Max: 0, Diff: 0, Sum: 0, Workers: 4
[4008.046s][debug][gc,phases      ] GC(170)     Total                          Min: 0, Avg: 11.2, Max: 45, Diff: 45, Sum: 45, Workers: 4
[4008.046s][debug][gc,phases      ] GC(170)   StringDedup Table Weak         Min:  0.0, Avg:  0.0, Max:  0.0, Diff:  0.0, Sum:  0.0, Workers: 4
[4008.046s][debug][gc,phases      ] GC(170)     Dead                           Min: 0, Avg:  0.0, Max: 0, Diff: 0, Sum: 0, Workers: 4
[4008.046s][debug][gc,phases      ] GC(170)     Total                          Min: 0, Avg:  0.0, Max: 0, Diff: 0, Sum: 0, Workers: 4
[4008.046s][debug][gc,phases      ] GC(170)   StringDedup Requests0 Weak     Min:  0.0, Avg:  0.0, Max:  0.0, Diff:  0.0, Sum:  0.0, Workers: 4
[4008.046s][debug][gc,phases      ] GC(170)     Dead                           Min: 0, Avg:  0.0, Max: 0, Diff: 0, Sum: 0, Workers: 4
[4008.046s][debug][gc,phases      ] GC(170)     Total                          Min: 0, Avg:  0.0, Max: 0, Diff: 0, Sum: 0, Workers: 4
[4008.046s][debug][gc,phases      ] GC(170)   StringDedup Requests1 Weak     Min:  0.0, Avg:  0.0, Max:  0.0, Diff:  0.0, Sum:  0.0, Workers: 4
[4008.046s][debug][gc,phases      ] GC(170)     Dead                           Min: 0, Avg:  0.0, Max: 0, Diff: 0, Sum: 0, Workers: 4
[4008.046s][debug][gc,phases      ] GC(170)     Total                          Min: 0, Avg:  0.0, Max: 0, Diff: 0, Sum: 0, Workers: 4
[4008.046s][debug][gc,phases      ] GC(170)   Weak JFR Old Object Samples    Min:  0.0, Avg:  0.0, Max:  0.0, Diff:  0.0, Sum:  0.0, Workers: 4
[4008.046s][debug][gc,phases      ] GC(170)     Dead                           Min: 0, Avg:  0.0, Max: 0, Diff: 0, Sum: 0, Workers: 4
[4008.046s][debug][gc,phases      ] GC(170)     Total                          Min: 0, Avg:  0.0, Max: 0, Diff: 0, Sum: 0, Workers: 4
[4008.046s][debug][gc,phases      ] GC(170) Weak Processing 0.322ms
[4008.046s][debug][gc,age         ] GC(170) Desired survivor size 1572864 bytes, new threshold 15 (max threshold 15)
[4008.046s][info ][gc,heap        ] GC(170) PSYoungGen: 2095232K(2095616K)->1424K(2095616K) Eden: 2094080K(2094080K)->0K(2094080K) From: 1152K(1536K)->1424K(1536K)
[4008.046s][info ][gc,heap        ] GC(170) ParOldGen: 345287K(446976K)->345343K(446976K)
[4008.046s][info ][gc,metaspace   ] GC(170) Metaspace: 79447K(80384K)->79447K(80384K) NonClass: 68132K(68672K)->68132K(68672K) Class: 11315K(11712K)->11315K(11712K)
[4008.046s][info ][gc             ] GC(170) Pause Young (Allocation Failure) 2383M->338M(2483M) 5.267ms
[4008.046s][info ][gc,cpu         ] GC(170) User=0.02s Sys=0.00s Real=0.01s
[4008.046s][info ][safepoint      ] Safepoint "ParallelGCFailedAllocation", Time since last: 595531486 ns, Reaching safepoint: 39000 ns, At safepoint: 5344825 ns, Total: 5383825 ns
[4009.046s][info ][safepoint      ] Safepoint "Cleanup", Time since last: 1000085179 ns, Reaching safepoint: 36600 ns, At safepoint: 4500 ns, Total: 41100 ns
[4010.046s][info ][safepoint      ] Safepoint "Cleanup", Time since last: 1000097979 ns, Reaching safepoint: 42700 ns, At safepoint: 2900 ns, Total: 45600 ns
[4014.047s][info ][safepoint      ] Safepoint "Cleanup", Time since last: 4000296916 ns, Reaching safepoint: 45800 ns, At safepoint: 3400 ns, Total: 49200 ns
[4016.047s][info ][safepoint      ] Safepoint "Cleanup", Time since last: 2000186544 ns, Reaching safepoint: 33800 ns, At safepoint: 2900 ns, Total: 36700 ns
[4017.047s][info ][safepoint      ] Safepoint "Cleanup", Time since last: 1000090299 ns, Reaching safepoint: 44000 ns, At safepoint: 2800 ns, Total: 46800 ns
[4019.047s][info ][safepoint      ] Safepoint "Cleanup", Time since last: 2000172397 ns, Reaching safepoint: 42000 ns, At safepoint: 3600 ns, Total: 45600 ns
[4020.047s][info ][safepoint      ] Safepoint "Cleanup", Time since last: 1000103799 ns, Reaching safepoint: 68600 ns, At safepoint: 4500 ns, Total: 73100 ns
[4021.048s][info ][safepoint      ] Safepoint "Cleanup", Time since last: 1000077799 ns, Reaching safepoint: 44800 ns, At safepoint: 6100 ns, Total: 50900 ns
[4025.048s][info ][safepoint      ] Safepoint "Cleanup", Time since last: 4000279378 ns, Reaching safepoint: 41900 ns, At safepoint: 2900 ns, Total: 44800 ns
[4027.343s][info ][gc,start       ] GC(171) Pause Young (Allocation Failure)
[4027.345s][debug][gc,phases      ] GC(171) Scavenge 2.371ms
[4027.345s][debug][gc,ref         ] GC(171) Skipped phase 1 of Reference Processing: no references
[4027.345s][debug][gc,ref         ] GC(171) ReferenceProcessor::execute queues: 1, RefProcThreadModel::Single, marks_oops_alive: false
[4027.345s][debug][gc,ref         ] GC(171) Skipped phase 3 of Reference Processing: no references
[4027.345s][debug][gc,ref         ] GC(171) ReferenceProcessor::execute queues: 1, RefProcThreadModel::Single, marks_oops_alive: false
[4027.345s][debug][gc,phases      ] GC(171) Reference Processing 0.084ms
[4027.345s][debug][gc,phases      ] GC(171)   VM Weak                        Min:  0.0, Avg:  0.0, Max:  0.0, Diff:  0.0, Sum:  0.0, Workers: 4
[4027.345s][debug][gc,phases      ] GC(171)     Dead                           Min: 0, Avg:  0.0, Max: 0, Diff: 0, Sum: 0, Workers: 4
[4027.345s][debug][gc,phases      ] GC(171)     Total                          Min: 0, Avg: 184.5, Max: 448, Diff: 448, Sum: 738, Workers: 4
[4027.345s][debug][gc,phases      ] GC(171)   ObjectSynchronizer Weak        Min:  0.0, Avg:  0.0, Max:  0.0, Diff:  0.0, Sum:  0.0, Workers: 4
[4027.345s][debug][gc,phases      ] GC(171)     Dead                           Min: 0, Avg:  0.0, Max: 0, Diff: 0, Sum: 0, Workers: 4
[4027.345s][debug][gc,phases      ] GC(171)     Total                          Min: 0, Avg:  8.0, Max: 32, Diff: 32, Sum: 32, Workers: 4
[4027.345s][debug][gc,phases      ] GC(171)   JVMTI Tag Weak OopStorage      Min:  0.0, Avg:  0.0, Max:  0.0, Diff:  0.0, Sum:  0.0, Workers: 4
[4027.345s][debug][gc,phases      ] GC(171)     Dead                           Min: 0, Avg:  0.0, Max: 0, Diff: 0, Sum: 0, Workers: 4
[4027.345s][debug][gc,phases      ] GC(171)     Total                          Min: 0, Avg:  0.0, Max: 0, Diff: 0, Sum: 0, Workers: 4
[4027.345s][debug][gc,phases      ] GC(171)   StringTable Weak               Min:  0.0, Avg:  0.1, Max:  0.1, Diff:  0.1, Sum:  0.3, Workers: 4
[4027.345s][debug][gc,phases      ] GC(171)     Dead                           Min: 0, Avg:  0.0, Max: 0, Diff: 0, Sum: 0, Workers: 4
[4027.345s][debug][gc,phases      ] GC(171)     Total                          Min: 0, Avg: 10807.0, Max: 18846, Diff: 18846, Sum: 43228, Workers: 4
[4027.345s][debug][gc,phases      ] GC(171)   ResolvedMethodTable Weak       Min:  0.0, Avg:  0.0, Max:  0.0, Diff:  0.0, Sum:  0.1, Workers: 4
[4027.345s][debug][gc,phases      ] GC(171)     Dead                           Min: 0, Avg:  0.0, Max: 0, Diff: 0, Sum: 0, Workers: 4
[4027.345s][debug][gc,phases      ] GC(171)     Total                          Min: 0, Avg: 2162.5, Max: 3466, Diff: 3466, Sum: 8650, Workers: 4
[4027.345s][debug][gc,phases      ] GC(171)   JNI Weak                       Min:  0.0, Avg:  0.0, Max:  0.0, Diff:  0.0, Sum:  0.0, Workers: 4
[4027.345s][debug][gc,phases      ] GC(171)     Dead                           Min: 0, Avg:  0.0, Max: 0, Diff: 0, Sum: 0, Workers: 4
[4027.345s][debug][gc,phases      ] GC(171)     Total                          Min: 0, Avg: 11.2, Max: 45, Diff: 45, Sum: 45, Workers: 4
[4027.346s][debug][gc,phases      ] GC(171)   StringDedup Table Weak         Min:  0.0, Avg:  0.0, Max:  0.0, Diff:  0.0, Sum:  0.0, Workers: 4
[4027.346s][debug][gc,phases      ] GC(171)     Dead                           Min: 0, Avg:  0.0, Max: 0, Diff: 0, Sum: 0, Workers: 4
[4027.346s][debug][gc,phases      ] GC(171)     Total                          Min: 0, Avg:  0.0, Max: 0, Diff: 0, Sum: 0, Workers: 4
[4027.346s][debug][gc,phases      ] GC(171)   StringDedup Requests0 Weak     Min:  0.0, Avg:  0.0, Max:  0.0, Diff:  0.0, Sum:  0.0, Workers: 4
[4027.346s][debug][gc,phases      ] GC(171)     Dead                           Min: 0, Avg:  0.0, Max: 0, Diff: 0, Sum: 0, Workers: 4
[4027.346s][debug][gc,phases      ] GC(171)     Total                          Min: 0, Avg:  0.0, Max: 0, Diff: 0, Sum: 0, Workers: 4
[4027.346s][debug][gc,phases      ] GC(171)   StringDedup Requests1 Weak     Min:  0.0, Avg:  0.0, Max:  0.0, Diff:  0.0, Sum:  0.0, Workers: 4
[4027.346s][debug][gc,phases      ] GC(171)     Dead                           Min: 0, Avg:  0.0, Max: 0, Diff: 0, Sum: 0, Workers: 4
[4027.346s][debug][gc,phases      ] GC(171)     Total                          Min: 0, Avg:  0.0, Max: 0, Diff: 0, Sum: 0, Workers: 4
[4027.346s][debug][gc,phases      ] GC(171)   Weak JFR Old Object Samples    Min:  0.0, Avg:  0.0, Max:  0.0, Diff:  0.0, Sum:  0.0, Workers: 4
[4027.346s][debug][gc,phases      ] GC(171)     Dead                           Min: 0, Avg:  0.0, Max: 0, Diff: 0, Sum: 0, Workers: 4
[4027.346s][debug][gc,phases      ] GC(171)     Total                          Min: 0, Avg:  0.0, Max: 0, Diff: 0, Sum: 0, Workers: 4
[4027.346s][debug][gc,phases      ] GC(171) Weak Processing 0.298ms
[4027.346s][debug][gc,age         ] GC(171) Desired survivor size 2097152 bytes, new threshold 14 (max threshold 15)
[4027.346s][info ][gc,heap        ] GC(171) PSYoungGen: 2095504K(2095616K)->1504K(2094592K) Eden: 2094080K(2094080K)->0K(2093056K) From: 1424K(1536K)->1504K(1536K)
[4027.346s][info ][gc,heap        ] GC(171) ParOldGen: 345343K(446976K)->345431K(446976K)
[4027.346s][info ][gc,metaspace   ] GC(171) Metaspace: 79476K(80384K)->79476K(80384K) NonClass: 68157K(68672K)->68157K(68672K) Class: 11318K(11712K)->11318K(11712K)
[4027.346s][info ][gc             ] GC(171) Pause Young (Allocation Failure) 2383M->338M(2482M) 2.846ms
[4027.346s][info ][gc,cpu         ] GC(171) User=0.00s Sys=0.00s Real=0.00s
[4027.346s][info ][safepoint      ] Safepoint "ParallelGCFailedAllocation", Time since last: 2294783921 ns, Reaching safepoint: 97400 ns, At safepoint: 2911414 ns, Total: 3008814 ns
[4055.140s][info ][gc,start       ] GC(172) Pause Young (Allocation Failure)
[4055.142s][debug][gc,phases      ] GC(172) Scavenge 1.440ms
[4055.142s][debug][gc,ref         ] GC(172) Skipped phase 1 of Reference Processing: no references
[4055.142s][debug][gc,ref         ] GC(172) ReferenceProcessor::execute queues: 1, RefProcThreadModel::Single, marks_oops_alive: false
[4055.142s][debug][gc,ref         ] GC(172) Skipped phase 3 of Reference Processing: no references
[4055.142s][debug][gc,ref         ] GC(172) Skipped phase 4 of Reference Processing: no references
[4055.142s][debug][gc,phases      ] GC(172) Reference Processing 0.087ms
[4055.142s][debug][gc,phases      ] GC(172)   VM Weak                        Min:  0.0, Avg:  0.0, Max:  0.0, Diff:  0.0, Sum:  0.0, Workers: 4
[4055.142s][debug][gc,phases      ] GC(172)     Dead                           Min: 0, Avg:  0.0, Max: 0, Diff: 0, Sum: 0, Workers: 4
[4055.142s][debug][gc,phases      ] GC(172)     Total                          Min: 0, Avg: 184.5, Max: 448, Diff: 448, Sum: 738, Workers: 4
[4055.142s][debug][gc,phases      ] GC(172)   ObjectSynchronizer Weak        Min:  0.0, Avg:  0.0, Max:  0.0, Diff:  0.0, Sum:  0.0, Workers: 4
[4055.142s][debug][gc,phases      ] GC(172)     Dead                           Min: 0, Avg:  0.0, Max: 0, Diff: 0, Sum: 0, Workers: 4
[4055.142s][debug][gc,phases      ] GC(172)     Total                          Min: 0, Avg:  8.0, Max: 32, Diff: 32, Sum: 32, Workers: 4
[4055.142s][debug][gc,phases      ] GC(172)   JVMTI Tag Weak OopStorage      Min:  0.0, Avg:  0.0, Max:  0.0, Diff:  0.0, Sum:  0.0, Workers: 4
[4055.142s][debug][gc,phases      ] GC(172)     Dead                           Min: 0, Avg:  0.0, Max: 0, Diff: 0, Sum: 0, Workers: 4
[4055.142s][debug][gc,phases      ] GC(172)     Total                          Min: 0, Avg:  0.0, Max: 0, Diff: 0, Sum: 0, Workers: 4
[4055.142s][debug][gc,phases      ] GC(172)   StringTable Weak               Min:  0.0, Avg:  0.1, Max:  0.1, Diff:  0.1, Sum:  0.3, Workers: 4
[4055.142s][debug][gc,phases      ] GC(172)     Dead                           Min: 0, Avg:  0.0, Max: 0, Diff: 0, Sum: 0, Workers: 4
[4055.142s][debug][gc,phases      ] GC(172)     Total                          Min: 0, Avg: 10807.0, Max: 18269, Diff: 18269, Sum: 43228, Workers: 4
[4055.142s][debug][gc,phases      ] GC(172)   ResolvedMethodTable Weak       Min:  0.0, Avg:  0.0, Max:  0.0, Diff:  0.0, Sum:  0.1, Workers: 4
[4055.142s][debug][gc,phases      ] GC(172)     Dead                           Min: 0, Avg:  0.0, Max: 0, Diff: 0, Sum: 0, Workers: 4
[4055.142s][debug][gc,phases      ] GC(172)     Total                          Min: 0, Avg: 2162.5, Max: 3648, Diff: 3648, Sum: 8650, Workers: 4
[4055.142s][debug][gc,phases      ] GC(172)   JNI Weak                       Min:  0.0, Avg:  0.0, Max:  0.0, Diff:  0.0, Sum:  0.0, Workers: 4
[4055.142s][debug][gc,phases      ] GC(172)     Dead                           Min: 0, Avg:  0.0, Max: 0, Diff: 0, Sum: 0, Workers: 4
[4055.142s][debug][gc,phases      ] GC(172)     Total                          Min: 0, Avg: 11.2, Max: 45, Diff: 45, Sum: 45, Workers: 4
[4055.142s][debug][gc,phases      ] GC(172)   StringDedup Table Weak         Min:  0.0, Avg:  0.0, Max:  0.0, Diff:  0.0, Sum:  0.0, Workers: 4
[4055.142s][debug][gc,phases      ] GC(172)     Dead                           Min: 0, Avg:  0.0, Max: 0, Diff: 0, Sum: 0, Workers: 4
[4055.142s][debug][gc,phases      ] GC(172)     Total                          Min: 0, Avg:  0.0, Max: 0, Diff: 0, Sum: 0, Workers: 4
[4055.142s][debug][gc,phases      ] GC(172)   StringDedup Requests0 Weak     Min:  0.0, Avg:  0.0, Max:  0.0, Diff:  0.0, Sum:  0.0, Workers: 4
[4055.142s][debug][gc,phases      ] GC(172)     Dead                           Min: 0, Avg:  0.0, Max: 0, Diff: 0, Sum: 0, Workers: 4
[4055.142s][debug][gc,phases      ] GC(172)     Total                          Min: 0, Avg:  0.0, Max: 0, Diff: 0, Sum: 0, Workers: 4
[4055.142s][debug][gc,phases      ] GC(172)   StringDedup Requests1 Weak     Min:  0.0, Avg:  0.0, Max:  0.0, Diff:  0.0, Sum:  0.0, Workers: 4
[4055.142s][debug][gc,phases      ] GC(172)     Dead                           Min: 0, Avg:  0.0, Max: 0, Diff: 0, Sum: 0, Workers: 4
[4055.142s][debug][gc,phases      ] GC(172)     Total                          Min: 0, Avg:  0.0, Max: 0, Diff: 0, Sum: 0, Workers: 4
[4055.142s][debug][gc,phases      ] GC(172)   Weak JFR Old Object Samples    Min:  0.0, Avg:  0.0, Max:  0.0, Diff:  0.0, Sum:  0.0, Workers: 4
[4055.142s][debug][gc,phases      ] GC(172)     Dead                           Min: 0, Avg:  0.0, Max: 0, Diff: 0, Sum: 0, Workers: 4
[4055.142s][debug][gc,phases      ] GC(172)     Total                          Min: 0, Avg:  0.0, Max: 0, Diff: 0, Sum: 0, Workers: 4
[4055.142s][debug][gc,phases      ] GC(172) Weak Processing 0.292ms
[4055.142s][debug][gc,age         ] GC(172) Desired survivor size 2097152 bytes, new threshold 15 (max threshold 15)
[4055.142s][info ][gc,heap        ] GC(172) PSYoungGen: 2094560K(2094592K)->1664K(2095104K) Eden: 2093056K(2093056K)->0K(2093056K) From: 1504K(1536K)->1664K(2048K)
[4055.142s][info ][gc,heap        ] GC(172) ParOldGen: 345431K(446976K)->345447K(446976K)
[4055.142s][info ][gc,metaspace   ] GC(172) Metaspace: 79476K(80384K)->79476K(80384K) NonClass: 68157K(68672K)->68157K(68672K) Class: 11318K(11712K)->11318K(11712K)
[4055.142s][info ][gc             ] GC(172) Pause Young (Allocation Failure) 2382M->338M(2482M) 1.917ms
[4055.142s][info ][gc,cpu         ] GC(172) User=0.00s Sys=0.00s Real=0.00s
[4055.142s][info ][safepoint      ] Safepoint "ParallelGCFailedAllocation", Time since last: 27794539475 ns, Reaching safepoint: 36200 ns, At safepoint: 1980609 ns, Total: 2016809 ns
[4058.142s][info ][safepoint      ] Safepoint "Cleanup", Time since last: 3000174174 ns, Reaching safepoint: 115200 ns, At safepoint: 6600 ns, Total: 121800 ns
[4067.143s][info ][safepoint      ] Safepoint "Cleanup", Time since last: 9000650300 ns, Reaching safepoint: 30800 ns, At safepoint: 2800 ns, Total: 33600 ns
[4076.144s][info ][safepoint      ] Safepoint "Cleanup", Time since last: 9000622181 ns, Reaching safepoint: 39700 ns, At safepoint: 2800 ns, Total: 42500 ns
[4078.144s][info ][safepoint      ] Safepoint "Cleanup", Time since last: 2000178031 ns, Reaching safepoint: 40900 ns, At safepoint: 5300 ns, Total: 46200 ns
[4080.144s][info ][safepoint      ] Safepoint "Cleanup", Time since last: 2000176565 ns, Reaching safepoint: 39101 ns, At safepoint: 27000 ns, Total: 66101 ns
[4082.290s][info ][gc,start       ] GC(173) Pause Young (Allocation Failure)
[4082.292s][debug][gc,phases      ] GC(173) Scavenge 1.560ms
[4082.292s][debug][gc,ref         ] GC(173) Skipped phase 1 of Reference Processing: no references
[4082.292s][debug][gc,ref         ] GC(173) ReferenceProcessor::execute queues: 1, RefProcThreadModel::Single, marks_oops_alive: false
[4082.292s][debug][gc,ref         ] GC(173) Skipped phase 3 of Reference Processing: no references
[4082.292s][debug][gc,ref         ] GC(173) ReferenceProcessor::execute queues: 1, RefProcThreadModel::Single, marks_oops_alive: false
[4082.292s][debug][gc,phases      ] GC(173) Reference Processing 0.088ms
[4082.292s][debug][gc,phases      ] GC(173)   VM Weak                        Min:  0.0, Avg:  0.0, Max:  0.0, Diff:  0.0, Sum:  0.0, Workers: 4
[4082.292s][debug][gc,phases      ] GC(173)     Dead                           Min: 0, Avg:  0.0, Max: 0, Diff: 0, Sum: 0, Workers: 4
[4082.292s][debug][gc,phases      ] GC(173)     Total                          Min: 0, Avg: 184.5, Max: 738, Diff: 738, Sum: 738, Workers: 4
[4082.292s][debug][gc,phases      ] GC(173)   ObjectSynchronizer Weak        Min:  0.0, Avg:  0.0, Max:  0.0, Diff:  0.0, Sum:  0.0, Workers: 4
[4082.292s][debug][gc,phases      ] GC(173)     Dead                           Min: 0, Avg:  0.0, Max: 0, Diff: 0, Sum: 0, Workers: 4
[4082.292s][debug][gc,phases      ] GC(173)     Total                          Min: 0, Avg:  8.0, Max: 32, Diff: 32, Sum: 32, Workers: 4
[4082.292s][debug][gc,phases      ] GC(173)   JVMTI Tag Weak OopStorage      Min:  0.0, Avg:  0.0, Max:  0.0, Diff:  0.0, Sum:  0.0, Workers: 4
[4082.292s][debug][gc,phases      ] GC(173)     Dead                           Min: 0, Avg:  0.0, Max: 0, Diff: 0, Sum: 0, Workers: 4
[4082.292s][debug][gc,phases      ] GC(173)     Total                          Min: 0, Avg:  0.0, Max: 0, Diff: 0, Sum: 0, Workers: 4
[4082.292s][debug][gc,phases      ] GC(173)   StringTable Weak               Min:  0.1, Avg:  0.1, Max:  0.1, Diff:  0.0, Sum:  0.4, Workers: 4
[4082.292s][debug][gc,phases      ] GC(173)     Dead                           Min: 0, Avg:  0.2, Max: 1, Diff: 1, Sum: 1, Workers: 4
[4082.292s][debug][gc,phases      ] GC(173)     Total                          Min: 10412, Avg: 10810.5, Max: 11264, Diff: 852, Sum: 43242, Workers: 4
[4082.292s][debug][gc,phases      ] GC(173)   ResolvedMethodTable Weak       Min:  0.0, Avg:  0.0, Max:  0.0, Diff:  0.0, Sum:  0.1, Workers: 4
[4082.292s][debug][gc,phases      ] GC(173)     Dead                           Min: 0, Avg:  0.0, Max: 0, Diff: 0, Sum: 0, Workers: 4
[4082.292s][debug][gc,phases      ] GC(173)     Total                          Min: 2112, Avg: 2163.2, Max: 2254, Diff: 142, Sum: 8653, Workers: 4
[4082.292s][debug][gc,phases      ] GC(173)   JNI Weak                       Min:  0.0, Avg:  0.0, Max:  0.0, Diff:  0.0, Sum:  0.0, Workers: 4
[4082.292s][debug][gc,phases      ] GC(173)     Dead                           Min: 0, Avg:  0.0, Max: 0, Diff: 0, Sum: 0, Workers: 4
[4082.292s][debug][gc,phases      ] GC(173)     Total                          Min: 0, Avg: 11.2, Max: 45, Diff: 45, Sum: 45, Workers: 4
[4082.292s][debug][gc,phases      ] GC(173)   StringDedup Table Weak         Min:  0.0, Avg:  0.0, Max:  0.0, Diff:  0.0, Sum:  0.0, Workers: 4
[4082.292s][debug][gc,phases      ] GC(173)     Dead                           Min: 0, Avg:  0.0, Max: 0, Diff: 0, Sum: 0, Workers: 4
[4082.292s][debug][gc,phases      ] GC(173)     Total                          Min: 0, Avg:  0.0, Max: 0, Diff: 0, Sum: 0, Workers: 4
[4082.292s][debug][gc,phases      ] GC(173)   StringDedup Requests0 Weak     Min:  0.0, Avg:  0.0, Max:  0.0, Diff:  0.0, Sum:  0.0, Workers: 4
[4082.292s][debug][gc,phases      ] GC(173)     Dead                           Min: 0, Avg:  0.0, Max: 0, Diff: 0, Sum: 0, Workers: 4
[4082.292s][debug][gc,phases      ] GC(173)     Total                          Min: 0, Avg:  0.0, Max: 0, Diff: 0, Sum: 0, Workers: 4
[4082.292s][debug][gc,phases      ] GC(173)   StringDedup Requests1 Weak     Min:  0.0, Avg:  0.0, Max:  0.0, Diff:  0.0, Sum:  0.0, Workers: 4
[4082.292s][debug][gc,phases      ] GC(173)     Dead                           Min: 0, Avg:  0.0, Max: 0, Diff: 0, Sum: 0, Workers: 4
[4082.292s][debug][gc,phases      ] GC(173)     Total                          Min: 0, Avg:  0.0, Max: 0, Diff: 0, Sum: 0, Workers: 4
[4082.292s][debug][gc,phases      ] GC(173)   Weak JFR Old Object Samples    Min:  0.0, Avg:  0.0, Max:  0.0, Diff:  0.0, Sum:  0.0, Workers: 4
[4082.292s][debug][gc,phases      ] GC(173)     Dead                           Min: 0, Avg:  0.0, Max: 0, Diff: 0, Sum: 0, Workers: 4
[4082.292s][debug][gc,phases      ] GC(173)     Total                          Min: 0, Avg:  0.0, Max: 0, Diff: 0, Sum: 0, Workers: 4
[4082.292s][debug][gc,phases      ] GC(173) Weak Processing 0.273ms
[4082.292s][debug][gc,age         ] GC(173) Desired survivor size 2097152 bytes, new threshold 15 (max threshold 15)
[4082.292s][info ][gc,heap        ] GC(173) PSYoungGen: 2094720K(2095104K)->1552K(2095104K) Eden: 2093056K(2093056K)->0K(2093056K) From: 1664K(2048K)->1552K(2048K)
[4082.292s][info ][gc,heap        ] GC(173) ParOldGen: 345447K(446976K)->345447K(446976K)
[4082.292s][info ][gc,metaspace   ] GC(173) Metaspace: 79506K(80384K)->79506K(80384K) NonClass: 68181K(68672K)->68181K(68672K) Class: 11324K(11712K)->11324K(11712K)
[4082.292s][info ][gc             ] GC(173) Pause Young (Allocation Failure) 2382M->338M(2482M) 2.007ms
[4082.292s][info ][gc,cpu         ] GC(173) User=0.01s Sys=0.00s Real=0.01s
[4082.292s][info ][safepoint      ] Safepoint "ParallelGCFailedAllocation", Time since last: 2145532628 ns, Reaching safepoint: 66900 ns, At safepoint: 2081910 ns, Total: 2148810 ns
[4086.292s][info ][safepoint      ] Safepoint "Cleanup", Time since last: 4000261416 ns, Reaching safepoint: 108801 ns, At safepoint: 5100 ns, Total: 113901 ns
[4090.293s][info ][safepoint      ] Safepoint "Cleanup", Time since last: 4000307205 ns, Reaching safepoint: 109001 ns, At safepoint: 5600 ns, Total: 114601 ns
[4093.293s][info ][safepoint      ] Safepoint "Cleanup", Time since last: 3000234447 ns, Reaching safepoint: 38601 ns, At safepoint: 3600 ns, Total: 42201 ns
[4094.293s][info ][safepoint      ] Safepoint "Cleanup", Time since last: 1000134882 ns, Reaching safepoint: 39601 ns, At safepoint: 3300 ns, Total: 42901 ns
[4096.293s][info ][safepoint      ] Safepoint "Cleanup", Time since last: 2000164638 ns, Reaching safepoint: 44600 ns, At safepoint: 2600 ns, Total: 47200 ns
[4100.818s][info ][safepoint      ] Safepoint "Cleanup", Time since last: 4523946707 ns, Reaching safepoint: 119401 ns, At safepoint: 11200 ns, Total: 130601 ns
[4101.865s][info ][safepoint      ] Safepoint "Cleanup", Time since last: 1047345686 ns, Reaching safepoint: 117401 ns, At safepoint: 6600 ns, Total: 124001 ns
[4102.865s][info ][safepoint      ] Safepoint "Cleanup", Time since last: 1000109166 ns, Reaching safepoint: 44900 ns, At safepoint: 3700 ns, Total: 48600 ns
[4103.591s][info ][gc,start       ] GC(174) Pause Young (Allocation Failure)
[4103.607s][debug][gc,phases      ] GC(174) Scavenge 15.709ms
[4103.607s][debug][gc,ref         ] GC(174) Skipped phase 1 of Reference Processing: no references
[4103.607s][debug][gc,ref         ] GC(174) ReferenceProcessor::execute queues: 1, RefProcThreadModel::Single, marks_oops_alive: false
[4103.607s][debug][gc,ref         ] GC(174) Skipped phase 3 of Reference Processing: no references
[4103.607s][debug][gc,ref         ] GC(174) Skipped phase 4 of Reference Processing: no references
[4103.607s][debug][gc,phases      ] GC(174) Reference Processing 0.097ms
[4103.607s][debug][gc,phases      ] GC(174)   VM Weak                        Min:  0.0, Avg:  0.0, Max:  0.0, Diff:  0.0, Sum:  0.0, Workers: 4
[4103.607s][debug][gc,phases      ] GC(174)     Dead                           Min: 0, Avg:  0.0, Max: 0, Diff: 0, Sum: 0, Workers: 4
[4103.607s][debug][gc,phases      ] GC(174)     Total                          Min: 0, Avg: 184.5, Max: 610, Diff: 610, Sum: 738, Workers: 4
[4103.607s][debug][gc,phases      ] GC(174)   ObjectSynchronizer Weak        Min:  0.0, Avg:  0.0, Max:  0.0, Diff:  0.0, Sum:  0.0, Workers: 4
[4103.607s][debug][gc,phases      ] GC(174)     Dead                           Min: 0, Avg:  0.0, Max: 0, Diff: 0, Sum: 0, Workers: 4
[4103.607s][debug][gc,phases      ] GC(174)     Total                          Min: 0, Avg:  8.0, Max: 32, Diff: 32, Sum: 32, Workers: 4
[4103.607s][debug][gc,phases      ] GC(174)   JVMTI Tag Weak OopStorage      Min:  0.0, Avg:  0.0, Max:  0.0, Diff:  0.0, Sum:  0.0, Workers: 4
[4103.607s][debug][gc,phases      ] GC(174)     Dead                           Min: 0, Avg:  0.0, Max: 0, Diff: 0, Sum: 0, Workers: 4
[4103.607s][debug][gc,phases      ] GC(174)     Total                          Min: 0, Avg:  0.0, Max: 0, Diff: 0, Sum: 0, Workers: 4
[4103.607s][debug][gc,phases      ] GC(174)   StringTable Weak               Min:  0.0, Avg:  0.1, Max:  0.1, Diff:  0.1, Sum:  0.4, Workers: 4
[4103.607s][debug][gc,phases      ] GC(174)     Dead                           Min: 0, Avg:  0.5, Max: 2, Diff: 2, Sum: 2, Workers: 4
[4103.607s][debug][gc,phases      ] GC(174)     Total                          Min: 0, Avg: 10824.0, Max: 17728, Diff: 17728, Sum: 43296, Workers: 4
[4103.607s][debug][gc,phases      ] GC(174)   ResolvedMethodTable Weak       Min:  0.0, Avg:  0.0, Max:  0.0, Diff:  0.0, Sum:  0.1, Workers: 4
[4103.607s][debug][gc,phases      ] GC(174)     Dead                           Min: 0, Avg:  0.0, Max: 0, Diff: 0, Sum: 0, Workers: 4
[4103.607s][debug][gc,phases      ] GC(174)     Total                          Min: 0, Avg: 2165.8, Max: 3799, Diff: 3799, Sum: 8663, Workers: 4
[4103.607s][debug][gc,phases      ] GC(174)   JNI Weak                       Min:  0.0, Avg:  0.0, Max:  0.0, Diff:  0.0, Sum:  0.0, Workers: 4
[4103.607s][debug][gc,phases      ] GC(174)     Dead                           Min: 0, Avg:  0.0, Max: 0, Diff: 0, Sum: 0, Workers: 4
[4103.607s][debug][gc,phases      ] GC(174)     Total                          Min: 0, Avg: 11.2, Max: 45, Diff: 45, Sum: 45, Workers: 4
[4103.607s][debug][gc,phases      ] GC(174)   StringDedup Table Weak         Min:  0.0, Avg:  0.0, Max:  0.0, Diff:  0.0, Sum:  0.0, Workers: 4
[4103.607s][debug][gc,phases      ] GC(174)     Dead                           Min: 0, Avg:  0.0, Max: 0, Diff: 0, Sum: 0, Workers: 4
[4103.607s][debug][gc,phases      ] GC(174)     Total                          Min: 0, Avg:  0.0, Max: 0, Diff: 0, Sum: 0, Workers: 4
[4103.607s][debug][gc,phases      ] GC(174)   StringDedup Requests0 Weak     Min:  0.0, Avg:  0.0, Max:  0.0, Diff:  0.0, Sum:  0.0, Workers: 4
[4103.607s][debug][gc,phases      ] GC(174)     Dead                           Min: 0, Avg:  0.0, Max: 0, Diff: 0, Sum: 0, Workers: 4
[4103.607s][debug][gc,phases      ] GC(174)     Total                          Min: 0, Avg:  0.0, Max: 0, Diff: 0, Sum: 0, Workers: 4
[4103.607s][debug][gc,phases      ] GC(174)   StringDedup Requests1 Weak     Min:  0.0, Avg:  0.0, Max:  0.0, Diff:  0.0, Sum:  0.0, Workers: 4
[4103.607s][debug][gc,phases      ] GC(174)     Dead                           Min: 0, Avg:  0.0, Max: 0, Diff: 0, Sum: 0, Workers: 4
[4103.607s][debug][gc,phases      ] GC(174)     Total                          Min: 0, Avg:  0.0, Max: 0, Diff: 0, Sum: 0, Workers: 4
[4103.607s][debug][gc,phases      ] GC(174)   Weak JFR Old Object Samples    Min:  0.0, Avg:  0.0, Max:  0.0, Diff:  0.0, Sum:  0.0, Workers: 4
[4103.607s][debug][gc,phases      ] GC(174)     Dead                           Min: 0, Avg:  0.0, Max: 0, Diff: 0, Sum: 0, Workers: 4
[4103.607s][debug][gc,phases      ] GC(174)     Total                          Min: 0, Avg:  0.0, Max: 0, Diff: 0, Sum: 0, Workers: 4
[4103.607s][debug][gc,phases      ] GC(174) Weak Processing 0.306ms
[4103.607s][debug][gc,age         ] GC(174) Desired survivor size 10485760 bytes, new threshold 14 (max threshold 15)
[4103.607s][info ][gc,heap        ] GC(174) PSYoungGen: 2094608K(2095104K)->2032K(2095104K) Eden: 2093056K(2093056K)->0K(2093056K) From: 1552K(2048K)->2032K(2048K)
[4103.607s][info ][gc,heap        ] GC(174) ParOldGen: 345447K(446976K)->367459K(446976K)
[4103.607s][info ][gc,metaspace   ] GC(174) Metaspace: 79573K(80448K)->79573K(80448K) NonClass: 68240K(68736K)->68240K(68736K) Class: 11332K(11712K)->11332K(11712K)
[4103.607s][info ][gc             ] GC(174) Pause Young (Allocation Failure) 2382M->360M(2482M) 16.251ms
[4103.607s][info ][gc,cpu         ] GC(174) User=0.03s Sys=0.03s Real=0.01s
[4103.607s][info ][safepoint      ] Safepoint "ParallelGCFailedAllocation", Time since last: 725843649 ns, Reaching safepoint: 34100 ns, At safepoint: 16330879 ns, Total: 16364979 ns
[4104.607s][info ][safepoint      ] Safepoint "Cleanup", Time since last: 1000076362 ns, Reaching safepoint: 39201 ns, At safepoint: 3500 ns, Total: 42701 ns
[4105.608s][info ][safepoint      ] Safepoint "Cleanup", Time since last: 1000114562 ns, Reaching safepoint: 49700 ns, At safepoint: 2300 ns, Total: 52000 ns
[4106.608s][info ][safepoint      ] Safepoint "Cleanup", Time since last: 1000087562 ns, Reaching safepoint: 45300 ns, At safepoint: 3000 ns, Total: 48300 ns
[4107.608s][info ][safepoint      ] Safepoint "Cleanup", Time since last: 1000074362 ns, Reaching safepoint: 48400 ns, At safepoint: 4100 ns, Total: 52500 ns
[4109.608s][info ][safepoint      ] Safepoint "Cleanup", Time since last: 2000177224 ns, Reaching safepoint: 64901 ns, At safepoint: 6000 ns, Total: 70901 ns
[4110.608s][info ][safepoint      ] Safepoint "Cleanup", Time since last: 1000119262 ns, Reaching safepoint: 77400 ns, At safepoint: 3000 ns, Total: 80400 ns
[4114.609s][info ][safepoint      ] Safepoint "Cleanup", Time since last: 4000309744 ns, Reaching safepoint: 53300 ns, At safepoint: 2600 ns, Total: 55900 ns
[4120.609s][info ][safepoint      ] Safepoint "Cleanup", Time since last: 6000411715 ns, Reaching safepoint: 31700 ns, At safepoint: 3100 ns, Total: 34800 ns
[4121.609s][info ][safepoint      ] Safepoint "Cleanup", Time since last: 1000111475 ns, Reaching safepoint: 37200 ns, At safepoint: 2500 ns, Total: 39700 ns
[4124.610s][info ][safepoint      ] Safepoint "Cleanup", Time since last: 3000240124 ns, Reaching safepoint: 51700 ns, At safepoint: 6600 ns, Total: 58300 ns
[4131.190s][info ][gc,start       ] GC(175) Pause Young (Allocation Failure)
[4131.194s][debug][gc,phases      ] GC(175) Scavenge 4.432ms
[4131.194s][debug][gc,ref         ] GC(175) Skipped phase 1 of Reference Processing: no references
[4131.194s][debug][gc,ref         ] GC(175) ReferenceProcessor::execute queues: 1, RefProcThreadModel::Single, marks_oops_alive: false
[4131.194s][debug][gc,ref         ] GC(175) ReferenceProcessor::execute queues: 4, RefProcThreadModel::Multi, marks_oops_alive: true
[4131.194s][debug][gc,ref         ] GC(175) ReferenceProcessor::execute queues: 1, RefProcThreadModel::Single, marks_oops_alive: false
[4131.194s][debug][gc,phases      ] GC(175) Reference Processing 0.194ms
[4131.195s][debug][gc,phases      ] GC(175)   VM Weak                        Min:  0.0, Avg:  0.0, Max:  0.0, Diff:  0.0, Sum:  0.0, Workers: 4
[4131.195s][debug][gc,phases      ] GC(175)     Dead                           Min: 0, Avg:  0.0, Max: 0, Diff: 0, Sum: 0, Workers: 4
[4131.195s][debug][gc,phases      ] GC(175)     Total                          Min: 0, Avg: 184.5, Max: 610, Diff: 610, Sum: 738, Workers: 4
[4131.195s][debug][gc,phases      ] GC(175)   ObjectSynchronizer Weak        Min:  0.0, Avg:  0.0, Max:  0.0, Diff:  0.0, Sum:  0.0, Workers: 4
[4131.195s][debug][gc,phases      ] GC(175)     Dead                           Min: 0, Avg:  0.0, Max: 0, Diff: 0, Sum: 0, Workers: 4
[4131.195s][debug][gc,phases      ] GC(175)     Total                          Min: 0, Avg:  8.0, Max: 32, Diff: 32, Sum: 32, Workers: 4
[4131.195s][debug][gc,phases      ] GC(175)   JVMTI Tag Weak OopStorage      Min:  0.0, Avg:  0.0, Max:  0.0, Diff:  0.0, Sum:  0.0, Workers: 4
[4131.195s][debug][gc,phases      ] GC(175)     Dead                           Min: 0, Avg:  0.0, Max: 0, Diff: 0, Sum: 0, Workers: 4
[4131.195s][debug][gc,phases      ] GC(175)     Total                          Min: 0, Avg:  0.0, Max: 0, Diff: 0, Sum: 0, Workers: 4
[4131.195s][debug][gc,phases      ] GC(175)   StringTable Weak               Min:  0.1, Avg:  0.1, Max:  0.1, Diff:  0.0, Sum:  0.4, Workers: 4
[4131.195s][debug][gc,phases      ] GC(175)     Dead                           Min: 0, Avg:  0.2, Max: 1, Diff: 1, Sum: 1, Workers: 4
[4131.195s][debug][gc,phases      ] GC(175)     Total                          Min: 10112, Avg: 10828.0, Max: 12416, Diff: 2304, Sum: 43312, Workers: 4
[4131.195s][debug][gc,phases      ] GC(175)   ResolvedMethodTable Weak       Min:  0.0, Avg:  0.0, Max:  0.0, Diff:  0.0, Sum:  0.1, Workers: 4
[4131.195s][debug][gc,phases      ] GC(175)     Dead                           Min: 0, Avg:  0.0, Max: 0, Diff: 0, Sum: 0, Workers: 4
[4131.195s][debug][gc,phases      ] GC(175)     Total                          Min: 2112, Avg: 2166.2, Max: 2202, Diff: 90, Sum: 8665, Workers: 4
[4131.195s][debug][gc,phases      ] GC(175)   JNI Weak                       Min:  0.0, Avg:  0.0, Max:  0.0, Diff:  0.0, Sum:  0.0, Workers: 4
[4131.195s][debug][gc,phases      ] GC(175)     Dead                           Min: 0, Avg:  0.0, Max: 0, Diff: 0, Sum: 0, Workers: 4
[4131.195s][debug][gc,phases      ] GC(175)     Total                          Min: 0, Avg: 11.2, Max: 45, Diff: 45, Sum: 45, Workers: 4
[4131.195s][debug][gc,phases      ] GC(175)   StringDedup Table Weak         Min:  0.0, Avg:  0.0, Max:  0.0, Diff:  0.0, Sum:  0.0, Workers: 4
[4131.195s][debug][gc,phases      ] GC(175)     Dead                           Min: 0, Avg:  0.0, Max: 0, Diff: 0, Sum: 0, Workers: 4
[4131.195s][debug][gc,phases      ] GC(175)     Total                          Min: 0, Avg:  0.0, Max: 0, Diff: 0, Sum: 0, Workers: 4
[4131.195s][debug][gc,phases      ] GC(175)   StringDedup Requests0 Weak     Min:  0.0, Avg:  0.0, Max:  0.0, Diff:  0.0, Sum:  0.0, Workers: 4
[4131.195s][debug][gc,phases      ] GC(175)     Dead                           Min: 0, Avg:  0.0, Max: 0, Diff: 0, Sum: 0, Workers: 4
[4131.195s][debug][gc,phases      ] GC(175)     Total                          Min: 0, Avg:  0.0, Max: 0, Diff: 0, Sum: 0, Workers: 4
[4131.195s][debug][gc,phases      ] GC(175)   StringDedup Requests1 Weak     Min:  0.0, Avg:  0.0, Max:  0.0, Diff:  0.0, Sum:  0.0, Workers: 4
[4131.195s][debug][gc,phases      ] GC(175)     Dead                           Min: 0, Avg:  0.0, Max: 0, Diff: 0, Sum: 0, Workers: 4
[4131.195s][debug][gc,phases      ] GC(175)     Total                          Min: 0, Avg:  0.0, Max: 0, Diff: 0, Sum: 0, Workers: 4
[4131.195s][debug][gc,phases      ] GC(175)   Weak JFR Old Object Samples    Min:  0.0, Avg:  0.0, Max:  0.0, Diff:  0.0, Sum:  0.0, Workers: 4
[4131.195s][debug][gc,phases      ] GC(175)     Dead                           Min: 0, Avg:  0.0, Max: 0, Diff: 0, Sum: 0, Workers: 4
[4131.195s][debug][gc,phases      ] GC(175)     Total                          Min: 0, Avg:  0.0, Max: 0, Diff: 0, Sum: 0, Workers: 4
[4131.195s][debug][gc,phases      ] GC(175) Weak Processing 0.304ms
[4131.195s][debug][gc,age         ] GC(175) Desired survivor size 9961472 bytes, new threshold 13 (max threshold 15)
[4131.195s][info ][gc,heap        ] GC(175) PSYoungGen: 2095088K(2095104K)->2016K(2079744K) Eden: 2093056K(2093056K)->0K(2077696K) From: 2032K(2048K)->2016K(2048K)
[4131.195s][info ][gc,heap        ] GC(175) ParOldGen: 367459K(446976K)->368396K(446976K)
[4131.195s][info ][gc,metaspace   ] GC(175) Metaspace: 79643K(80512K)->79643K(80512K) NonClass: 68308K(68800K)->68308K(68800K) Class: 11335K(11712K)->11335K(11712K)
[4131.195s][info ][gc             ] GC(175) Pause Young (Allocation Failure) 2404M->361M(2467M) 5.037ms
[4131.195s][info ][gc,cpu         ] GC(175) User=0.02s Sys=0.01s Real=0.01s
[4131.195s][info ][safepoint      ] Safepoint "ParallelGCFailedAllocation", Time since last: 6579996773 ns, Reaching safepoint: 99601 ns, At safepoint: 5121125 ns, Total: 5220726 ns
[4132.195s][info ][safepoint      ] Safepoint "Cleanup", Time since last: 1000079204 ns, Reaching safepoint: 47400 ns, At safepoint: 7601 ns, Total: 55001 ns
[4134.195s][info ][safepoint      ] Safepoint "Cleanup", Time since last: 2000165408 ns, Reaching safepoint: 32700 ns, At safepoint: 2700 ns, Total: 35400 ns
[4136.195s][info ][safepoint      ] Safepoint "Cleanup", Time since last: 2000148790 ns, Reaching safepoint: 47301 ns, At safepoint: 2800 ns, Total: 50101 ns
[4137.196s][info ][safepoint      ] Safepoint "Cleanup", Time since last: 1000106296 ns, Reaching safepoint: 37200 ns, At safepoint: 3100 ns, Total: 40300 ns
[4138.196s][info ][safepoint      ] Safepoint "Cleanup", Time since last: 1000112596 ns, Reaching safepoint: 44800 ns, At safepoint: 2300 ns, Total: 47100 ns
[4140.196s][info ][safepoint      ] Safepoint "Cleanup", Time since last: 2000177692 ns, Reaching safepoint: 44100 ns, At safepoint: 23301 ns, Total: 67401 ns
[4142.196s][info ][safepoint      ] Safepoint "Cleanup", Time since last: 2000178091 ns, Reaching safepoint: 47701 ns, At safepoint: 5000 ns, Total: 52701 ns
[4145.196s][info ][safepoint      ] Safepoint "Cleanup", Time since last: 3000227915 ns, Reaching safepoint: 43700 ns, At safepoint: 3800 ns, Total: 47500 ns
[4147.197s][info ][safepoint      ] Safepoint "Cleanup", Time since last: 2000134933 ns, Reaching safepoint: 49800 ns, At safepoint: 3000 ns, Total: 52800 ns
[4190.389s][info ][gc,start       ] GC(176) Pause Young (Allocation Failure)
[4190.407s][debug][gc,phases      ] GC(176) Scavenge 17.703ms
[4190.407s][debug][gc,ref         ] GC(176) Skipped phase 1 of Reference Processing: no references
[4190.407s][debug][gc,ref         ] GC(176) ReferenceProcessor::execute queues: 1, RefProcThreadModel::Single, marks_oops_alive: false
[4190.407s][debug][gc,ref         ] GC(176) ReferenceProcessor::execute queues: 4, RefProcThreadModel::Multi, marks_oops_alive: true
[4190.407s][debug][gc,ref         ] GC(176) ReferenceProcessor::execute queues: 1, RefProcThreadModel::Single, marks_oops_alive: false
[4190.407s][debug][gc,phases      ] GC(176) Reference Processing 0.150ms
[4190.407s][debug][gc,phases      ] GC(176)   VM Weak                        Min:  0.0, Avg:  0.0, Max:  0.0, Diff:  0.0, Sum:  0.0, Workers: 4
[4190.407s][debug][gc,phases      ] GC(176)     Dead                           Min: 0, Avg:  0.0, Max: 0, Diff: 0, Sum: 0, Workers: 4
[4190.407s][debug][gc,phases      ] GC(176)     Total                          Min: 0, Avg: 184.5, Max: 448, Diff: 448, Sum: 738, Workers: 4
[4190.407s][debug][gc,phases      ] GC(176)   ObjectSynchronizer Weak        Min:  0.0, Avg:  0.0, Max:  0.0, Diff:  0.0, Sum:  0.0, Workers: 4
[4190.407s][debug][gc,phases      ] GC(176)     Dead                           Min: 0, Avg:  0.0, Max: 0, Diff: 0, Sum: 0, Workers: 4
[4190.407s][debug][gc,phases      ] GC(176)     Total                          Min: 0, Avg:  8.0, Max: 32, Diff: 32, Sum: 32, Workers: 4
[4190.407s][debug][gc,phases      ] GC(176)   JVMTI Tag Weak OopStorage      Min:  0.0, Avg:  0.0, Max:  0.0, Diff:  0.0, Sum:  0.0, Workers: 4
[4190.407s][debug][gc,phases      ] GC(176)     Dead                           Min: 0, Avg:  0.0, Max: 0, Diff: 0, Sum: 0, Workers: 4
[4190.407s][debug][gc,phases      ] GC(176)     Total                          Min: 0, Avg:  0.0, Max: 0, Diff: 0, Sum: 0, Workers: 4
[4190.407s][debug][gc,phases      ] GC(176)   StringTable Weak               Min:  0.0, Avg:  0.1, Max:  0.1, Diff:  0.1, Sum:  0.4, Workers: 4
[4190.407s][debug][gc,phases      ] GC(176)     Dead                           Min: 0, Avg:  0.0, Max: 0, Diff: 0, Sum: 0, Workers: 4
[4190.407s][debug][gc,phases      ] GC(176)     Total                          Min: 0, Avg: 10830.2, Max: 18234, Diff: 18234, Sum: 43321, Workers: 4
[4190.407s][debug][gc,phases      ] GC(176)   ResolvedMethodTable Weak       Min:  0.0, Avg:  0.0, Max:  0.0, Diff:  0.0, Sum:  0.1, Workers: 4
[4190.407s][debug][gc,phases      ] GC(176)     Dead                           Min: 0, Avg:  0.0, Max: 0, Diff: 0, Sum: 0, Workers: 4
[4190.407s][debug][gc,phases      ] GC(176)     Total                          Min: 0, Avg: 2166.2, Max: 3520, Diff: 3520, Sum: 8665, Workers: 4
[4190.407s][debug][gc,phases      ] GC(176)   JNI Weak                       Min:  0.0, Avg:  0.0, Max:  0.0, Diff:  0.0, Sum:  0.0, Workers: 4
[4190.407s][debug][gc,phases      ] GC(176)     Dead                           Min: 0, Avg:  0.0, Max: 0, Diff: 0, Sum: 0, Workers: 4
[4190.407s][debug][gc,phases      ] GC(176)     Total                          Min: 0, Avg: 11.2, Max: 45, Diff: 45, Sum: 45, Workers: 4
[4190.407s][debug][gc,phases      ] GC(176)   StringDedup Table Weak         Min:  0.0, Avg:  0.0, Max:  0.0, Diff:  0.0, Sum:  0.0, Workers: 4
[4190.407s][debug][gc,phases      ] GC(176)     Dead                           Min: 0, Avg:  0.0, Max: 0, Diff: 0, Sum: 0, Workers: 4
[4190.407s][debug][gc,phases      ] GC(176)     Total                          Min: 0, Avg:  0.0, Max: 0, Diff: 0, Sum: 0, Workers: 4
[4190.407s][debug][gc,phases      ] GC(176)   StringDedup Requests0 Weak     Min:  0.0, Avg:  0.0, Max:  0.0, Diff:  0.0, Sum:  0.0, Workers: 4
[4190.407s][debug][gc,phases      ] GC(176)     Dead                           Min: 0, Avg:  0.0, Max: 0, Diff: 0, Sum: 0, Workers: 4
[4190.407s][debug][gc,phases      ] GC(176)     Total                          Min: 0, Avg:  0.0, Max: 0, Diff: 0, Sum: 0, Workers: 4
[4190.407s][debug][gc,phases      ] GC(176)   StringDedup Requests1 Weak     Min:  0.0, Avg:  0.0, Max:  0.0, Diff:  0.0, Sum:  0.0, Workers: 4
[4190.407s][debug][gc,phases      ] GC(176)     Dead                           Min: 0, Avg:  0.0, Max: 0, Diff: 0, Sum: 0, Workers: 4
[4190.407s][debug][gc,phases      ] GC(176)     Total                          Min: 0, Avg:  0.0, Max: 0, Diff: 0, Sum: 0, Workers: 4
[4190.407s][debug][gc,phases      ] GC(176)   Weak JFR Old Object Samples    Min:  0.0, Avg:  0.0, Max:  0.0, Diff:  0.0, Sum:  0.0, Workers: 4
[4190.407s][debug][gc,phases      ] GC(176)     Dead                           Min: 0, Avg:  0.0, Max: 0, Diff: 0, Sum: 0, Workers: 4
[4190.407s][debug][gc,phases      ] GC(176)     Total                          Min: 0, Avg:  0.0, Max: 0, Diff: 0, Sum: 0, Workers: 4
[4190.407s][debug][gc,phases      ] GC(176) Weak Processing 0.324ms
[4190.407s][debug][gc,age         ] GC(176) Desired survivor size 18874368 bytes, new threshold 12 (max threshold 15)
[4190.407s][info ][gc,heap        ] GC(176) PSYoungGen: 2079712K(2079744K)->9696K(2087424K) Eden: 2077696K(2077696K)->0K(2077696K) From: 2016K(2048K)->9696K(9728K)
[4190.407s][info ][gc,heap        ] GC(176) ParOldGen: 368396K(446976K)->387217K(446976K)
[4190.407s][info ][gc,metaspace   ] GC(176) Metaspace: 79661K(80512K)->79661K(80512K) NonClass: 68325K(68800K)->68325K(68800K) Class: 11335K(11712K)->11335K(11712K)
[4190.407s][info ][gc             ] GC(176) Pause Young (Allocation Failure) 2390M->387M(2475M) 18.297ms
[4190.407s][info ][gc,cpu         ] GC(176) User=0.05s Sys=0.02s Real=0.02s
[4190.407s][info ][safepoint      ] Safepoint "ParallelGCFailedAllocation", Time since last: 43192461842 ns, Reaching safepoint: 26701 ns, At safepoint: 18390294 ns, Total: 18416995 ns
[4211.409s][info ][safepoint      ] Safepoint "Cleanup", Time since last: 21001221292 ns, Reaching safepoint: 63300 ns, At safepoint: 7000 ns, Total: 70300 ns
[4267.192s][info ][gc,heap,exit   ] Heap
[4267.192s][info ][gc,heap,exit   ]  PSYoungGen      total 2087424K, used 553513K [0x0000000780000000, 0x0000000800000000, 0x0000000800000000)
[4267.192s][info ][gc,heap,exit   ]   eden space 2077696K, 26% used [0x0000000780000000,0x00000007a1312498,0x00000007fed00000)
[4267.192s][info ][gc,heap,exit   ]   from space 9728K, 99% used [0x00000007fed00000,0x00000007ff678120,0x00000007ff680000)
[4267.192s][info ][gc,heap,exit   ]   to   space 9728K, 0% used [0x00000007ff680000,0x00000007ff680000,0x0000000800000000)
[4267.192s][info ][gc,heap,exit   ]  ParOldGen       total 446976K, used 387217K [0x0000000740000000, 0x000000075b480000, 0x0000000780000000)
[4267.192s][info ][gc,heap,exit   ]   object space 446976K, 86% used [0x0000000740000000,0x0000000757a24418,0x000000075b480000)
[4267.192s][info ][gc,heap,exit   ]  Metaspace       used 79705K, committed 80576K, reserved 1179648K
[4267.192s][info ][gc,heap,exit   ]   class space    used 11341K, committed 11712K, reserved 1048576K
