[0.003s][info][gc] Using Parallel
[0.004s][info][gc,init] Version: 17.0.2+8-LTS (release)
[0.004s][info][gc,init] CPUs: 8 total, 8 available
[0.004s][info][gc,init] Memory: 32112M
[0.004s][info][gc,init] Large Page Support: Disabled
[0.004s][info][gc,init] NUMA Support: Disabled
[0.004s][info][gc,init] Compressed Oops: Enabled (Zero based)
[0.004s][info][gc,init] Alignments: Space 512K, Generation 512K, Heap 2M
[0.004s][info][gc,init] Heap Min Capacity: 2054M
[0.004s][info][gc,init] Heap Initial Capacity: 2054M
[0.004s][info][gc,init] Heap Max Capacity: 3G
[0.004s][info][gc,init] Pre-touch: Disabled
[0.004s][info][gc,init] Parallel Workers: 4
[0.004s][info][gc,metaspace] CDS archive(s) not mapped
[0.004s][info][gc,metaspace] Compressed class space mapped at: 0x0000000800000000-0x0000000840000000, reserved size: 1073741824
[0.004s][info][gc,metaspace] Narrow klass base: 0x0000000800000000, Narrow klass shift: 0, Narrow klass range: 0x40000000
[0.672s][info][safepoint   ] Safepoint "ICBufferFull", Time since last: 652102140 ns, Reaching safepoint: 156301 ns, At safepoint: 9100 ns, Total: 165401 ns
[0.852s][info][safepoint   ] Safepoint "ICBufferFull", Time since last: 180217306 ns, Reaching safepoint: 101100 ns, At safepoint: 2200 ns, Total: 103300 ns
[1.061s][info][gc,start    ] GC(0) Pause Young (Metadata GC Threshold)
[1.070s][debug][gc,phases   ] GC(0) Scavenge 9.350ms
[1.070s][debug][gc,ref      ] GC(0) Skipped phase 1 of Reference Processing: no references
[1.070s][debug][gc,ref      ] GC(0) ReferenceProcessor::execute queues: 1, RefProcThreadModel::Single, marks_oops_alive: false
[1.070s][debug][gc,ref      ] GC(0) Skipped phase 3 of Reference Processing: no references
[1.070s][debug][gc,ref      ] GC(0) ReferenceProcessor::execute queues: 1, RefProcThreadModel::Single, marks_oops_alive: false
[1.070s][debug][gc,phases   ] GC(0) Reference Processing 0.151ms
[1.071s][debug][gc,phases   ] GC(0)   VM Weak                        Min:  0.0, Avg:  0.0, Max:  0.0, Diff:  0.0, Sum:  0.0, Workers: 4
[1.071s][debug][gc,phases   ] GC(0)     Dead                           Min: 0, Avg:  0.0, Max: 0, Diff: 0, Sum: 0, Workers: 4
[1.071s][debug][gc,phases   ] GC(0)     Total                          Min: 0, Avg: 32.0, Max: 128, Diff: 128, Sum: 128, Workers: 4
[1.071s][debug][gc,phases   ] GC(0)   ObjectSynchronizer Weak        Min:  0.0, Avg:  0.0, Max:  0.0, Diff:  0.0, Sum:  0.0, Workers: 4
[1.071s][debug][gc,phases   ] GC(0)     Dead                           Min: 0, Avg:  0.2, Max: 1, Diff: 1, Sum: 1, Workers: 4
[1.071s][debug][gc,phases   ] GC(0)     Total                          Min: 0, Avg:  1.0, Max: 4, Diff: 4, Sum: 4, Workers: 4
[1.071s][debug][gc,phases   ] GC(0)   JVMTI Tag Weak OopStorage      Min:  0.0, Avg:  0.0, Max:  0.0, Diff:  0.0, Sum:  0.0, Workers: 4
[1.071s][debug][gc,phases   ] GC(0)     Dead                           Min: 0, Avg:  0.0, Max: 0, Diff: 0, Sum: 0, Workers: 4
[1.071s][debug][gc,phases   ] GC(0)     Total                          Min: 0, Avg:  0.0, Max: 0, Diff: 0, Sum: 0, Workers: 4
[1.071s][debug][gc,phases   ] GC(0)   StringTable Weak               Min:  0.0, Avg:  0.0, Max:  0.1, Diff:  0.0, Sum:  0.2, Workers: 4
[1.071s][debug][gc,phases   ] GC(0)     Dead                           Min: 0, Avg:  7.0, Max: 17, Diff: 17, Sum: 28, Workers: 4
[1.071s][debug][gc,phases   ] GC(0)     Total                          Min: 1792, Avg: 2546.5, Max: 3520, Diff: 1728, Sum: 10186, Workers: 4
[1.071s][debug][gc,phases   ] GC(0)   ResolvedMethodTable Weak       Min:  0.0, Avg:  0.0, Max:  0.0, Diff:  0.0, Sum:  0.0, Workers: 4
[1.071s][debug][gc,phases   ] GC(0)     Dead                           Min: 9, Avg: 12.0, Max: 16, Diff: 7, Sum: 48, Workers: 4
[1.071s][debug][gc,phases   ] GC(0)     Total                          Min: 95, Avg: 167.8, Max: 256, Diff: 161, Sum: 671, Workers: 4
[1.071s][debug][gc,phases   ] GC(0)   JNI Weak                       Min:  0.0, Avg:  0.0, Max:  0.0, Diff:  0.0, Sum:  0.0, Workers: 4
[1.071s][debug][gc,phases   ] GC(0)     Dead                           Min: 0, Avg:  0.0, Max: 0, Diff: 0, Sum: 0, Workers: 4
[1.071s][debug][gc,phases   ] GC(0)     Total                          Min: 0, Avg:  0.0, Max: 0, Diff: 0, Sum: 0, Workers: 4
[1.071s][debug][gc,phases   ] GC(0)   StringDedup Table Weak         Min:  0.0, Avg:  0.0, Max:  0.0, Diff:  0.0, Sum:  0.0, Workers: 4
[1.071s][debug][gc,phases   ] GC(0)     Dead                           Min: 0, Avg:  0.0, Max: 0, Diff: 0, Sum: 0, Workers: 4
[1.071s][debug][gc,phases   ] GC(0)     Total                          Min: 0, Avg:  0.0, Max: 0, Diff: 0, Sum: 0, Workers: 4
[1.071s][debug][gc,phases   ] GC(0)   StringDedup Requests0 Weak     Min:  0.0, Avg:  0.0, Max:  0.0, Diff:  0.0, Sum:  0.0, Workers: 4
[1.071s][debug][gc,phases   ] GC(0)     Dead                           Min: 0, Avg:  0.0, Max: 0, Diff: 0, Sum: 0, Workers: 4
[1.071s][debug][gc,phases   ] GC(0)     Total                          Min: 0, Avg:  0.0, Max: 0, Diff: 0, Sum: 0, Workers: 4
[1.071s][debug][gc,phases   ] GC(0)   StringDedup Requests1 Weak     Min:  0.0, Avg:  0.0, Max:  0.0, Diff:  0.0, Sum:  0.0, Workers: 4
[1.071s][debug][gc,phases   ] GC(0)     Dead                           Min: 0, Avg:  0.0, Max: 0, Diff: 0, Sum: 0, Workers: 4
[1.071s][debug][gc,phases   ] GC(0)     Total                          Min: 0, Avg:  0.0, Max: 0, Diff: 0, Sum: 0, Workers: 4
[1.071s][debug][gc,phases   ] GC(0)   Weak JFR Old Object Samples    Min:  0.0, Avg:  0.0, Max:  0.0, Diff:  0.0, Sum:  0.0, Workers: 4
[1.071s][debug][gc,phases   ] GC(0)     Dead                           Min: 0, Avg:  0.0, Max: 0, Diff: 0, Sum: 0, Workers: 4
[1.071s][debug][gc,phases   ] GC(0)     Total                          Min: 0, Avg:  0.0, Max: 0, Diff: 0, Sum: 0, Workers: 4
[1.071s][debug][gc,phases   ] GC(0) Weak Processing 0.206ms
[1.071s][debug][gc,age      ] GC(0) Desired survivor size 536870912 bytes, new threshold 7 (max threshold 15)
[1.071s][info ][gc,heap     ] GC(0) PSYoungGen: 232590K(1572864K)->26969K(1572864K) Eden: 232590K(1048576K)->0K(1048576K) From: 0K(524288K)->26969K(524288K)
[1.071s][info ][gc,heap     ] GC(0) ParOldGen: 0K(6144K)->88K(6144K)
[1.071s][info ][gc,metaspace] GC(0) Metaspace: 21301K(21504K)->21301K(21504K) NonClass: 18845K(18944K)->18845K(18944K) Class: 2456K(2560K)->2456K(2560K)
[1.071s][info ][gc          ] GC(0) Pause Young (Metadata GC Threshold) 227M->26M(1542M) 10.016ms
[1.071s][info ][gc,cpu      ] GC(0) User=0.01s Sys=0.03s Real=0.02s
[1.071s][debug][gc,phases   ] GC(1) Pre Compact 0.009ms
[1.071s][info ][gc,start    ] GC(1) Pause Full (Metadata GC Threshold)
[1.071s][info ][gc,phases,start] GC(1) Marking Phase
[1.076s][debug][gc,phases      ] GC(1) Par Mark 5.733ms
[1.076s][debug][gc,ref         ] GC(1) Skipped phase 1 of Reference Processing: no references
[1.076s][debug][gc,ref         ] GC(1) ReferenceProcessor::execute queues: 1, RefProcThreadModel::Single, marks_oops_alive: false
[1.076s][debug][gc,ref         ] GC(1) Skipped phase 3 of Reference Processing: no references
[1.076s][debug][gc,ref         ] GC(1) ReferenceProcessor::execute queues: 1, RefProcThreadModel::Single, marks_oops_alive: false
[1.077s][debug][gc,phases      ] GC(1) Reference Processing 0.040ms
[1.077s][debug][gc,phases      ] GC(1)   VM Weak                        Min:  0.0, Avg:  0.0, Max:  0.0, Diff:  0.0, Sum:  0.0, Workers: 4
[1.077s][debug][gc,phases      ] GC(1)     Dead                           Min: 0, Avg:  0.0, Max: 0, Diff: 0, Sum: 0, Workers: 4
[1.077s][debug][gc,phases      ] GC(1)     Total                          Min: 0, Avg: 32.0, Max: 128, Diff: 128, Sum: 128, Workers: 4
[1.077s][debug][gc,phases      ] GC(1)   ObjectSynchronizer Weak        Min:  0.0, Avg:  0.0, Max:  0.0, Diff:  0.0, Sum:  0.0, Workers: 4
[1.077s][debug][gc,phases      ] GC(1)     Dead                           Min: 0, Avg:  0.0, Max: 0, Diff: 0, Sum: 0, Workers: 4
[1.077s][debug][gc,phases      ] GC(1)     Total                          Min: 0, Avg:  1.0, Max: 4, Diff: 4, Sum: 4, Workers: 4
[1.077s][debug][gc,phases      ] GC(1)   JVMTI Tag Weak OopStorage      Min:  0.0, Avg:  0.0, Max:  0.0, Diff:  0.0, Sum:  0.0, Workers: 4
[1.077s][debug][gc,phases      ] GC(1)     Dead                           Min: 0, Avg:  0.0, Max: 0, Diff: 0, Sum: 0, Workers: 4
[1.077s][debug][gc,phases      ] GC(1)     Total                          Min: 0, Avg:  0.0, Max: 0, Diff: 0, Sum: 0, Workers: 4
[1.077s][debug][gc,phases      ] GC(1)   StringTable Weak               Min:  0.0, Avg:  0.0, Max:  0.0, Diff:  0.0, Sum:  0.1, Workers: 4
[1.077s][debug][gc,phases      ] GC(1)     Dead                           Min: 0, Avg:  0.0, Max: 0, Diff: 0, Sum: 0, Workers: 4
[1.077s][debug][gc,phases      ] GC(1)     Total                          Min: 2368, Avg: 2546.5, Max: 2752, Diff: 384, Sum: 10186, Workers: 4
[1.077s][debug][gc,phases      ] GC(1)   ResolvedMethodTable Weak       Min:  0.0, Avg:  0.0, Max:  0.0, Diff:  0.0, Sum:  0.0, Workers: 4
[1.077s][debug][gc,phases      ] GC(1)     Dead                           Min: 0, Avg:  0.0, Max: 0, Diff: 0, Sum: 0, Workers: 4
[1.077s][debug][gc,phases      ] GC(1)     Total                          Min: 128, Avg: 167.8, Max: 192, Diff: 64, Sum: 671, Workers: 4
[1.077s][debug][gc,phases      ] GC(1)   JNI Weak                       Min:  0.0, Avg:  0.0, Max:  0.0, Diff:  0.0, Sum:  0.0, Workers: 4
[1.077s][debug][gc,phases      ] GC(1)     Dead                           Min: 0, Avg:  0.0, Max: 0, Diff: 0, Sum: 0, Workers: 4
[1.077s][debug][gc,phases      ] GC(1)     Total                          Min: 0, Avg:  0.0, Max: 0, Diff: 0, Sum: 0, Workers: 4
[1.077s][debug][gc,phases      ] GC(1)   StringDedup Table Weak         Min:  0.0, Avg:  0.0, Max:  0.0, Diff:  0.0, Sum:  0.0, Workers: 4
[1.077s][debug][gc,phases      ] GC(1)     Dead                           Min: 0, Avg:  0.0, Max: 0, Diff: 0, Sum: 0, Workers: 4
[1.077s][debug][gc,phases      ] GC(1)     Total                          Min: 0, Avg:  0.0, Max: 0, Diff: 0, Sum: 0, Workers: 4
[1.077s][debug][gc,phases      ] GC(1)   StringDedup Requests0 Weak     Min:  0.0, Avg:  0.0, Max:  0.0, Diff:  0.0, Sum:  0.0, Workers: 4
[1.077s][debug][gc,phases      ] GC(1)     Dead                           Min: 0, Avg:  0.0, Max: 0, Diff: 0, Sum: 0, Workers: 4
[1.077s][debug][gc,phases      ] GC(1)     Total                          Min: 0, Avg:  0.0, Max: 0, Diff: 0, Sum: 0, Workers: 4
[1.077s][debug][gc,phases      ] GC(1)   StringDedup Requests1 Weak     Min:  0.0, Avg:  0.0, Max:  0.0, Diff:  0.0, Sum:  0.0, Workers: 4
[1.077s][debug][gc,phases      ] GC(1)     Dead                           Min: 0, Avg:  0.0, Max: 0, Diff: 0, Sum: 0, Workers: 4
[1.077s][debug][gc,phases      ] GC(1)     Total                          Min: 0, Avg:  0.0, Max: 0, Diff: 0, Sum: 0, Workers: 4
[1.077s][debug][gc,phases      ] GC(1)   Weak JFR Old Object Samples    Min:  0.0, Avg:  0.0, Max:  0.0, Diff:  0.0, Sum:  0.0, Workers: 4
[1.077s][debug][gc,phases      ] GC(1)     Dead                           Min: 0, Avg:  0.0, Max: 0, Diff: 0, Sum: 0, Workers: 4
[1.077s][debug][gc,phases      ] GC(1)     Total                          Min: 0, Avg:  0.0, Max: 0, Diff: 0, Sum: 0, Workers: 4
[1.077s][debug][gc,phases      ] GC(1) Weak Processing 0.171ms
[1.077s][debug][gc,phases      ] GC(1) ClassLoaderData 0.007ms
[1.077s][debug][gc,phases      ] GC(1) Trigger cleanups 0.000ms
[1.078s][debug][gc,phases      ] GC(1) Class Unloading 1.771ms
[1.078s][info ][gc,phases      ] GC(1) Marking Phase 7.775ms
[1.078s][info ][gc,phases,start] GC(1) Summary Phase
[1.078s][info ][gc,phases      ] GC(1) Summary Phase 0.004ms
[1.078s][info ][gc,phases,start] GC(1) Adjust Roots
[1.081s][info ][gc,phases      ] GC(1) Adjust Roots 2.328ms
[1.081s][info ][gc,phases,start] GC(1) Compaction Phase
[1.092s][info ][gc,phases      ] GC(1) Compaction Phase 10.803ms
[1.092s][info ][gc,phases,start] GC(1) Post Compact
[1.092s][info ][gc,phases      ] GC(1) Post Compact 0.613ms
[1.092s][info ][gc,heap        ] GC(1) PSYoungGen: 26969K(1572864K)->21241K(1572864K) Eden: 0K(1048576K)->0K(1048576K) From: 26969K(524288K)->21241K(524288K)
[1.092s][info ][gc,heap        ] GC(1) ParOldGen: 88K(6144K)->5670K(6144K)
[1.092s][info ][gc,metaspace   ] GC(1) Metaspace: 21301K(21504K)->21301K(21504K) NonClass: 18845K(18944K)->18845K(18944K) Class: 2456K(2560K)->2456K(2560K)
[1.092s][info ][gc             ] GC(1) Pause Full (Metadata GC Threshold) 26M->26M(1542M) 21.615ms
[1.092s][info ][gc,cpu         ] GC(1) User=0.07s Sys=0.00s Real=0.02s
[1.092s][info ][safepoint      ] Safepoint "CollectForMetadataAllocation", Time since last: 208276662 ns, Reaching safepoint: 95301 ns, At safepoint: 31731777 ns, Total: 31827078 ns
[1.415s][info ][safepoint      ] Safepoint "ICBufferFull", Time since last: 322286998 ns, Reaching safepoint: 121201 ns, At safepoint: 7600 ns, Total: 128801 ns
[1.430s][info ][safepoint      ] Safepoint "ICBufferFull", Time since last: 15253185 ns, Reaching safepoint: 39100 ns, At safepoint: 1600 ns, Total: 40700 ns
[1.439s][info ][safepoint      ] Safepoint "ICBufferFull", Time since last: 9049651 ns, Reaching safepoint: 43800 ns, At safepoint: 1400 ns, Total: 45200 ns
[1.451s][info ][safepoint      ] Safepoint "ICBufferFull", Time since last: 11255263 ns, Reaching safepoint: 129601 ns, At safepoint: 4900 ns, Total: 134501 ns
[1.455s][info ][safepoint      ] Safepoint "ICBufferFull", Time since last: 4247223 ns, Reaching safepoint: 116101 ns, At safepoint: 4800 ns, Total: 120901 ns
[1.459s][info ][safepoint      ] Safepoint "ICBufferFull", Time since last: 3727821 ns, Reaching safepoint: 45200 ns, At safepoint: 1900 ns, Total: 47100 ns
[1.462s][info ][safepoint      ] Safepoint "ICBufferFull", Time since last: 3614020 ns, Reaching safepoint: 47801 ns, At safepoint: 2000 ns, Total: 49801 ns
[1.468s][info ][safepoint      ] Safepoint "ICBufferFull", Time since last: 5217929 ns, Reaching safepoint: 36000 ns, At safepoint: 2100 ns, Total: 38100 ns
[1.471s][info ][safepoint      ] Safepoint "ICBufferFull", Time since last: 3451819 ns, Reaching safepoint: 39200 ns, At safepoint: 2300 ns, Total: 41500 ns
[1.479s][info ][safepoint      ] Safepoint "ICBufferFull", Time since last: 8010745 ns, Reaching safepoint: 34700 ns, At safepoint: 1600 ns, Total: 36300 ns
[1.481s][info ][safepoint      ] Safepoint "ICBufferFull", Time since last: 1670710 ns, Reaching safepoint: 30100 ns, At safepoint: 1500 ns, Total: 31600 ns
[1.481s][info ][safepoint      ] Safepoint "ICBufferFull", Time since last: 453202 ns, Reaching safepoint: 18100 ns, At safepoint: 1100 ns, Total: 19200 ns
[1.553s][info ][safepoint      ] Safepoint "ICBufferFull", Time since last: 71167697 ns, Reaching safepoint: 90301 ns, At safepoint: 6700 ns, Total: 97001 ns
[1.554s][info ][safepoint      ] Safepoint "ICBufferFull", Time since last: 989506 ns, Reaching safepoint: 43800 ns, At safepoint: 1700 ns, Total: 45500 ns
[1.555s][info ][safepoint      ] Safepoint "ICBufferFull", Time since last: 1510908 ns, Reaching safepoint: 22800 ns, At safepoint: 1500 ns, Total: 24300 ns
[1.556s][info ][safepoint      ] Safepoint "ICBufferFull", Time since last: 735304 ns, Reaching safepoint: 18801 ns, At safepoint: 1400 ns, Total: 20201 ns
[1.557s][info ][safepoint      ] Safepoint "ICBufferFull", Time since last: 987905 ns, Reaching safepoint: 20000 ns, At safepoint: 1700 ns, Total: 21700 ns
[1.558s][info ][safepoint      ] Safepoint "ICBufferFull", Time since last: 712804 ns, Reaching safepoint: 19300 ns, At safepoint: 1500 ns, Total: 20800 ns
[1.559s][info ][safepoint      ] Safepoint "ICBufferFull", Time since last: 1144107 ns, Reaching safepoint: 18300 ns, At safepoint: 1200 ns, Total: 19500 ns
[1.560s][info ][safepoint      ] Safepoint "ICBufferFull", Time since last: 691004 ns, Reaching safepoint: 17500 ns, At safepoint: 1100 ns, Total: 18600 ns
[1.560s][info ][safepoint      ] Safepoint "ICBufferFull", Time since last: 936805 ns, Reaching safepoint: 17600 ns, At safepoint: 1200 ns, Total: 18800 ns
[1.561s][info ][safepoint      ] Safepoint "ICBufferFull", Time since last: 713204 ns, Reaching safepoint: 70800 ns, At safepoint: 4801 ns, Total: 75601 ns
[1.562s][info ][safepoint      ] Safepoint "ICBufferFull", Time since last: 901705 ns, Reaching safepoint: 88900 ns, At safepoint: 5600 ns, Total: 94500 ns
[1.563s][info ][safepoint      ] Safepoint "ICBufferFull", Time since last: 1061506 ns, Reaching safepoint: 19800 ns, At safepoint: 1200 ns, Total: 21000 ns
[1.564s][info ][safepoint      ] Safepoint "ICBufferFull", Time since last: 480203 ns, Reaching safepoint: 33800 ns, At safepoint: 1300 ns, Total: 35100 ns
[1.565s][info ][safepoint      ] Safepoint "ICBufferFull", Time since last: 1330507 ns, Reaching safepoint: 49701 ns, At safepoint: 2600 ns, Total: 52301 ns
[1.567s][info ][safepoint      ] Safepoint "ICBufferFull", Time since last: 1805710 ns, Reaching safepoint: 13200 ns, At safepoint: 1000 ns, Total: 14200 ns
[1.568s][info ][safepoint      ] Safepoint "ICBufferFull", Time since last: 1339207 ns, Reaching safepoint: 33801 ns, At safepoint: 1400 ns, Total: 35201 ns
[1.578s][info ][safepoint      ] Safepoint "ICBufferFull", Time since last: 9293351 ns, Reaching safepoint: 107001 ns, At safepoint: 4300 ns, Total: 111301 ns
[1.595s][info ][safepoint      ] Safepoint "ICBufferFull", Time since last: 17302797 ns, Reaching safepoint: 46500 ns, At safepoint: 1400 ns, Total: 47900 ns
[1.598s][info ][safepoint      ] Safepoint "ICBufferFull", Time since last: 2896216 ns, Reaching safepoint: 35200 ns, At safepoint: 6000 ns, Total: 41200 ns
[1.638s][info ][safepoint      ] Safepoint "ICBufferFull", Time since last: 39896023 ns, Reaching safepoint: 130201 ns, At safepoint: 5700 ns, Total: 135901 ns
[1.639s][info ][safepoint      ] Safepoint "ICBufferFull", Time since last: 493302 ns, Reaching safepoint: 91701 ns, At safepoint: 3500 ns, Total: 95201 ns
[1.642s][info ][safepoint      ] Safepoint "ICBufferFull", Time since last: 3665820 ns, Reaching safepoint: 35401 ns, At safepoint: 1200 ns, Total: 36601 ns
[1.647s][info ][safepoint      ] Safepoint "ICBufferFull", Time since last: 4234023 ns, Reaching safepoint: 33300 ns, At safepoint: 5400 ns, Total: 38700 ns
[1.674s][info ][safepoint      ] Safepoint "ICBufferFull", Time since last: 26987851 ns, Reaching safepoint: 65600 ns, At safepoint: 4600 ns, Total: 70200 ns
[1.676s][info ][safepoint      ] Safepoint "ICBufferFull", Time since last: 2594915 ns, Reaching safepoint: 28900 ns, At safepoint: 1500 ns, Total: 30400 ns
[1.678s][info ][safepoint      ] Safepoint "ICBufferFull", Time since last: 1662309 ns, Reaching safepoint: 15500 ns, At safepoint: 1300 ns, Total: 16800 ns
[1.679s][info ][safepoint      ] Safepoint "ICBufferFull", Time since last: 1033906 ns, Reaching safepoint: 24100 ns, At safepoint: 3600 ns, Total: 27700 ns
[1.681s][info ][safepoint      ] Safepoint "ICBufferFull", Time since last: 1790210 ns, Reaching safepoint: 17700 ns, At safepoint: 1400 ns, Total: 19100 ns
[1.683s][info ][safepoint      ] Safepoint "ICBufferFull", Time since last: 1627709 ns, Reaching safepoint: 16401 ns, At safepoint: 1000 ns, Total: 17401 ns
[1.683s][info ][safepoint      ] Safepoint "ICBufferFull", Time since last: 710304 ns, Reaching safepoint: 15200 ns, At safepoint: 1000 ns, Total: 16200 ns
[1.684s][info ][safepoint      ] Safepoint "ICBufferFull", Time since last: 450002 ns, Reaching safepoint: 16100 ns, At safepoint: 900 ns, Total: 17000 ns
[1.685s][info ][safepoint      ] Safepoint "ICBufferFull", Time since last: 874305 ns, Reaching safepoint: 16700 ns, At safepoint: 900 ns, Total: 17600 ns
[1.687s][info ][safepoint      ] Safepoint "ICBufferFull", Time since last: 1820610 ns, Reaching safepoint: 18200 ns, At safepoint: 1500 ns, Total: 19700 ns
[1.687s][info ][safepoint      ] Safepoint "ICBufferFull", Time since last: 739905 ns, Reaching safepoint: 37100 ns, At safepoint: 2200 ns, Total: 39300 ns
[1.688s][info ][safepoint      ] Safepoint "ICBufferFull", Time since last: 778504 ns, Reaching safepoint: 18500 ns, At safepoint: 800 ns, Total: 19300 ns
[1.689s][info ][safepoint      ] Safepoint "ICBufferFull", Time since last: 847605 ns, Reaching safepoint: 15000 ns, At safepoint: 900 ns, Total: 15900 ns
[1.691s][info ][safepoint      ] Safepoint "ICBufferFull", Time since last: 1589209 ns, Reaching safepoint: 15900 ns, At safepoint: 1100 ns, Total: 17000 ns
[1.692s][info ][safepoint      ] Safepoint "ICBufferFull", Time since last: 1432508 ns, Reaching safepoint: 83200 ns, At safepoint: 5101 ns, Total: 88301 ns
[1.693s][info ][safepoint      ] Safepoint "ICBufferFull", Time since last: 757104 ns, Reaching safepoint: 15400 ns, At safepoint: 5500 ns, Total: 20900 ns
[1.694s][info ][safepoint      ] Safepoint "ICBufferFull", Time since last: 1267807 ns, Reaching safepoint: 16800 ns, At safepoint: 1100 ns, Total: 17900 ns
[1.696s][info ][safepoint      ] Safepoint "ICBufferFull", Time since last: 1694909 ns, Reaching safepoint: 26001 ns, At safepoint: 1500 ns, Total: 27501 ns
[1.698s][info ][safepoint      ] Safepoint "ICBufferFull", Time since last: 1818010 ns, Reaching safepoint: 28500 ns, At safepoint: 1200 ns, Total: 29700 ns
[1.701s][info ][safepoint      ] Safepoint "ICBufferFull", Time since last: 3414319 ns, Reaching safepoint: 39500 ns, At safepoint: 1400 ns, Total: 40900 ns
[1.705s][info ][safepoint      ] Safepoint "ICBufferFull", Time since last: 4058123 ns, Reaching safepoint: 20800 ns, At safepoint: 1500 ns, Total: 22300 ns
[1.708s][info ][safepoint      ] Safepoint "ICBufferFull", Time since last: 2863516 ns, Reaching safepoint: 49700 ns, At safepoint: 2500 ns, Total: 52200 ns
[1.709s][info ][safepoint      ] Safepoint "ICBufferFull", Time since last: 483903 ns, Reaching safepoint: 16100 ns, At safepoint: 1400 ns, Total: 17500 ns
[1.711s][info ][safepoint      ] Safepoint "ICBufferFull", Time since last: 2216012 ns, Reaching safepoint: 30901 ns, At safepoint: 1700 ns, Total: 32601 ns
[1.713s][info ][safepoint      ] Safepoint "ICBufferFull", Time since last: 1726909 ns, Reaching safepoint: 24800 ns, At safepoint: 1100 ns, Total: 25900 ns
[1.714s][info ][safepoint      ] Safepoint "ICBufferFull", Time since last: 1670410 ns, Reaching safepoint: 21200 ns, At safepoint: 900 ns, Total: 22100 ns
[1.716s][info ][safepoint      ] Safepoint "ICBufferFull", Time since last: 1734409 ns, Reaching safepoint: 17301 ns, At safepoint: 1200 ns, Total: 18501 ns
[1.718s][info ][safepoint      ] Safepoint "ICBufferFull", Time since last: 1754809 ns, Reaching safepoint: 28101 ns, At safepoint: 3500 ns, Total: 31601 ns
[1.721s][info ][safepoint      ] Safepoint "ICBufferFull", Time since last: 2801715 ns, Reaching safepoint: 33400 ns, At safepoint: 1700 ns, Total: 35100 ns
[1.723s][info ][safepoint      ] Safepoint "ICBufferFull", Time since last: 2111112 ns, Reaching safepoint: 23300 ns, At safepoint: 1200 ns, Total: 24500 ns
[1.724s][info ][safepoint      ] Safepoint "ICBufferFull", Time since last: 1545209 ns, Reaching safepoint: 33800 ns, At safepoint: 1400 ns, Total: 35200 ns
[1.726s][info ][safepoint      ] Safepoint "ICBufferFull", Time since last: 2001911 ns, Reaching safepoint: 28100 ns, At safepoint: 4200 ns, Total: 32300 ns
[1.729s][info ][safepoint      ] Safepoint "ICBufferFull", Time since last: 2202513 ns, Reaching safepoint: 30100 ns, At safepoint: 5000 ns, Total: 35100 ns
[1.731s][info ][safepoint      ] Safepoint "ICBufferFull", Time since last: 2217812 ns, Reaching safepoint: 21600 ns, At safepoint: 1500 ns, Total: 23100 ns
[1.733s][info ][safepoint      ] Safepoint "ICBufferFull", Time since last: 2036912 ns, Reaching safepoint: 19100 ns, At safepoint: 1100 ns, Total: 20200 ns
[1.736s][info ][safepoint      ] Safepoint "ICBufferFull", Time since last: 2473914 ns, Reaching safepoint: 29500 ns, At safepoint: 2600 ns, Total: 32100 ns
[1.745s][info ][safepoint      ] Safepoint "ICBufferFull", Time since last: 9034550 ns, Reaching safepoint: 43801 ns, At safepoint: 1500 ns, Total: 45301 ns
[1.746s][info ][safepoint      ] Safepoint "ICBufferFull", Time since last: 1000205 ns, Reaching safepoint: 12300 ns, At safepoint: 900 ns, Total: 13200 ns
[1.747s][info ][safepoint      ] Safepoint "ICBufferFull", Time since last: 1741510 ns, Reaching safepoint: 14400 ns, At safepoint: 1100 ns, Total: 15500 ns
[1.748s][info ][safepoint      ] Safepoint "ICBufferFull", Time since last: 419902 ns, Reaching safepoint: 21700 ns, At safepoint: 1200 ns, Total: 22900 ns
[1.750s][info ][safepoint      ] Safepoint "ICBufferFull", Time since last: 1939711 ns, Reaching safepoint: 21200 ns, At safepoint: 1100 ns, Total: 22300 ns
[1.752s][info ][safepoint      ] Safepoint "ICBufferFull", Time since last: 2615615 ns, Reaching safepoint: 34700 ns, At safepoint: 1800 ns, Total: 36500 ns
[1.758s][info ][safepoint      ] Safepoint "ICBufferFull", Time since last: 5480931 ns, Reaching safepoint: 28600 ns, At safepoint: 1300 ns, Total: 29900 ns
[1.763s][info ][safepoint      ] Safepoint "ICBufferFull", Time since last: 4914627 ns, Reaching safepoint: 39101 ns, At safepoint: 1300 ns, Total: 40401 ns
[1.765s][info ][safepoint      ] Safepoint "ICBufferFull", Time since last: 1616509 ns, Reaching safepoint: 24300 ns, At safepoint: 900 ns, Total: 25200 ns
[1.765s][info ][safepoint      ] Safepoint "ICBufferFull", Time since last: 420302 ns, Reaching safepoint: 20600 ns, At safepoint: 600 ns, Total: 21200 ns
[1.769s][info ][safepoint      ] Safepoint "ICBufferFull", Time since last: 3745021 ns, Reaching safepoint: 23500 ns, At safepoint: 1200 ns, Total: 24700 ns
[1.770s][info ][safepoint      ] Safepoint "ICBufferFull", Time since last: 890905 ns, Reaching safepoint: 22500 ns, At safepoint: 2000 ns, Total: 24500 ns
[1.773s][info ][safepoint      ] Safepoint "ICBufferFull", Time since last: 2972617 ns, Reaching safepoint: 20300 ns, At safepoint: 5800 ns, Total: 26100 ns
[1.773s][info ][safepoint      ] Safepoint "ICBufferFull", Time since last: 621904 ns, Reaching safepoint: 16900 ns, At safepoint: 900 ns, Total: 17800 ns
[1.775s][info ][safepoint      ] Safepoint "ICBufferFull", Time since last: 2041311 ns, Reaching safepoint: 17400 ns, At safepoint: 1000 ns, Total: 18400 ns
[1.777s][info ][safepoint      ] Safepoint "ICBufferFull", Time since last: 2012411 ns, Reaching safepoint: 17500 ns, At safepoint: 1200 ns, Total: 18700 ns
[1.778s][info ][safepoint      ] Safepoint "ICBufferFull", Time since last: 415403 ns, Reaching safepoint: 15200 ns, At safepoint: 900 ns, Total: 16100 ns
[1.782s][info ][safepoint      ] Safepoint "ICBufferFull", Time since last: 4067823 ns, Reaching safepoint: 16200 ns, At safepoint: 900 ns, Total: 17100 ns
[1.797s][info ][safepoint      ] Safepoint "ICBufferFull", Time since last: 14805882 ns, Reaching safepoint: 43300 ns, At safepoint: 2000 ns, Total: 45300 ns
[1.797s][info ][safepoint      ] Safepoint "ICBufferFull", Time since last: 475403 ns, Reaching safepoint: 18200 ns, At safepoint: 1100 ns, Total: 19300 ns
[1.813s][info ][safepoint      ] Safepoint "ICBufferFull", Time since last: 15962889 ns, Reaching safepoint: 32800 ns, At safepoint: 2300 ns, Total: 35100 ns
[1.815s][info ][safepoint      ] Safepoint "ICBufferFull", Time since last: 2021412 ns, Reaching safepoint: 25700 ns, At safepoint: 1500 ns, Total: 27200 ns
[1.816s][info ][safepoint      ] Safepoint "ICBufferFull", Time since last: 989405 ns, Reaching safepoint: 23001 ns, At safepoint: 1400 ns, Total: 24401 ns
[1.817s][info ][safepoint      ] Safepoint "ICBufferFull", Time since last: 1011505 ns, Reaching safepoint: 12600 ns, At safepoint: 1500 ns, Total: 14100 ns
[1.819s][info ][safepoint      ] Safepoint "ICBufferFull", Time since last: 1837311 ns, Reaching safepoint: 11800 ns, At safepoint: 900 ns, Total: 12700 ns
[1.821s][info ][safepoint      ] Safepoint "ICBufferFull", Time since last: 1773009 ns, Reaching safepoint: 19801 ns, At safepoint: 1200 ns, Total: 21001 ns
[1.822s][info ][safepoint      ] Safepoint "ICBufferFull", Time since last: 1204606 ns, Reaching safepoint: 19900 ns, At safepoint: 5500 ns, Total: 25400 ns
[1.823s][info ][safepoint      ] Safepoint "ICBufferFull", Time since last: 880205 ns, Reaching safepoint: 29001 ns, At safepoint: 3400 ns, Total: 32401 ns
[1.824s][info ][safepoint      ] Safepoint "ICBufferFull", Time since last: 1086006 ns, Reaching safepoint: 14300 ns, At safepoint: 1300 ns, Total: 15600 ns
[1.827s][info ][safepoint      ] Safepoint "ICBufferFull", Time since last: 2730315 ns, Reaching safepoint: 11700 ns, At safepoint: 900 ns, Total: 12600 ns
[1.828s][info ][safepoint      ] Safepoint "ICBufferFull", Time since last: 851705 ns, Reaching safepoint: 13300 ns, At safepoint: 1100 ns, Total: 14400 ns
[1.829s][info ][safepoint      ] Safepoint "ICBufferFull", Time since last: 1207707 ns, Reaching safepoint: 12000 ns, At safepoint: 1000 ns, Total: 13000 ns
[1.833s][info ][safepoint      ] Safepoint "ICBufferFull", Time since last: 3418019 ns, Reaching safepoint: 15400 ns, At safepoint: 1900 ns, Total: 17300 ns
[1.833s][info ][safepoint      ] Safepoint "ICBufferFull", Time since last: 695804 ns, Reaching safepoint: 31600 ns, At safepoint: 1100 ns, Total: 32700 ns
[1.835s][info ][safepoint      ] Safepoint "ICBufferFull", Time since last: 1326807 ns, Reaching safepoint: 13400 ns, At safepoint: 3500 ns, Total: 16900 ns
[1.835s][info ][safepoint      ] Safepoint "ICBufferFull", Time since last: 419603 ns, Reaching safepoint: 12000 ns, At safepoint: 6000 ns, Total: 18000 ns
[1.836s][info ][safepoint      ] Safepoint "ICBufferFull", Time since last: 1343507 ns, Reaching safepoint: 12000 ns, At safepoint: 5700 ns, Total: 17700 ns
[1.838s][info ][safepoint      ] Safepoint "ICBufferFull", Time since last: 1141107 ns, Reaching safepoint: 28600 ns, At safepoint: 1400 ns, Total: 30000 ns
[1.839s][info ][safepoint      ] Safepoint "ICBufferFull", Time since last: 1052306 ns, Reaching safepoint: 15700 ns, At safepoint: 1300 ns, Total: 17000 ns
[1.840s][info ][safepoint      ] Safepoint "ICBufferFull", Time since last: 1038306 ns, Reaching safepoint: 13600 ns, At safepoint: 1100 ns, Total: 14700 ns
[1.841s][info ][safepoint      ] Safepoint "ICBufferFull", Time since last: 1377307 ns, Reaching safepoint: 82701 ns, At safepoint: 6600 ns, Total: 89301 ns
[1.842s][info ][safepoint      ] Safepoint "ICBufferFull", Time since last: 1099406 ns, Reaching safepoint: 13300 ns, At safepoint: 5300 ns, Total: 18600 ns
[1.843s][info ][safepoint      ] Safepoint "ICBufferFull", Time since last: 1050306 ns, Reaching safepoint: 27700 ns, At safepoint: 3400 ns, Total: 31100 ns
[1.844s][info ][safepoint      ] Safepoint "ICBufferFull", Time since last: 1049406 ns, Reaching safepoint: 17400 ns, At safepoint: 1300 ns, Total: 18700 ns
[1.846s][info ][safepoint      ] Safepoint "ICBufferFull", Time since last: 1067906 ns, Reaching safepoint: 83301 ns, At safepoint: 5600 ns, Total: 88901 ns
[1.847s][info ][safepoint      ] Safepoint "ICBufferFull", Time since last: 1544108 ns, Reaching safepoint: 26700 ns, At safepoint: 1700 ns, Total: 28400 ns
[1.848s][info ][safepoint      ] Safepoint "ICBufferFull", Time since last: 1221407 ns, Reaching safepoint: 30700 ns, At safepoint: 1800 ns, Total: 32500 ns
[1.850s][info ][safepoint      ] Safepoint "ICBufferFull", Time since last: 1787710 ns, Reaching safepoint: 21200 ns, At safepoint: 1400 ns, Total: 22600 ns
[1.852s][info ][safepoint      ] Safepoint "ICBufferFull", Time since last: 1452009 ns, Reaching safepoint: 15600 ns, At safepoint: 6000 ns, Total: 21600 ns
[1.853s][info ][safepoint      ] Safepoint "ICBufferFull", Time since last: 1106306 ns, Reaching safepoint: 16300 ns, At safepoint: 1100 ns, Total: 17400 ns
[1.854s][info ][safepoint      ] Safepoint "ICBufferFull", Time since last: 1107406 ns, Reaching safepoint: 19000 ns, At safepoint: 1500 ns, Total: 20500 ns
[1.855s][info ][safepoint      ] Safepoint "ICBufferFull", Time since last: 1264807 ns, Reaching safepoint: 16800 ns, At safepoint: 1300 ns, Total: 18100 ns
[1.856s][info ][safepoint      ] Safepoint "ICBufferFull", Time since last: 450403 ns, Reaching safepoint: 15200 ns, At safepoint: 900 ns, Total: 16100 ns
[1.857s][info ][safepoint      ] Safepoint "ICBufferFull", Time since last: 1377408 ns, Reaching safepoint: 23800 ns, At safepoint: 3600 ns, Total: 27400 ns
[1.859s][info ][safepoint      ] Safepoint "ICBufferFull", Time since last: 2006811 ns, Reaching safepoint: 16100 ns, At safepoint: 4700 ns, Total: 20800 ns
[1.860s][info ][safepoint      ] Safepoint "ICBufferFull", Time since last: 1154007 ns, Reaching safepoint: 99100 ns, At safepoint: 3400 ns, Total: 102500 ns
[1.862s][info ][safepoint      ] Safepoint "ICBufferFull", Time since last: 1094706 ns, Reaching safepoint: 84301 ns, At safepoint: 5500 ns, Total: 89801 ns
[1.863s][info ][safepoint      ] Safepoint "ICBufferFull", Time since last: 1212107 ns, Reaching safepoint: 16000 ns, At safepoint: 4900 ns, Total: 20900 ns
[1.864s][info ][safepoint      ] Safepoint "ICBufferFull", Time since last: 1401607 ns, Reaching safepoint: 14901 ns, At safepoint: 5400 ns, Total: 20301 ns
[1.865s][info ][safepoint      ] Safepoint "ICBufferFull", Time since last: 420102 ns, Reaching safepoint: 14000 ns, At safepoint: 4800 ns, Total: 18800 ns
[1.866s][info ][safepoint      ] Safepoint "ICBufferFull", Time since last: 1303007 ns, Reaching safepoint: 14500 ns, At safepoint: 5400 ns, Total: 19900 ns
[1.867s][info ][safepoint      ] Safepoint "ICBufferFull", Time since last: 1099707 ns, Reaching safepoint: 29000 ns, At safepoint: 5500 ns, Total: 34500 ns
[1.868s][info ][safepoint      ] Safepoint "ICBufferFull", Time since last: 1016105 ns, Reaching safepoint: 35001 ns, At safepoint: 900 ns, Total: 35901 ns
[1.869s][info ][safepoint      ] Safepoint "ICBufferFull", Time since last: 803404 ns, Reaching safepoint: 28100 ns, At safepoint: 700 ns, Total: 28800 ns
[1.870s][info ][safepoint      ] Safepoint "ICBufferFull", Time since last: 1184307 ns, Reaching safepoint: 15700 ns, At safepoint: 1200 ns, Total: 16900 ns
[1.871s][info ][safepoint      ] Safepoint "ICBufferFull", Time since last: 1094106 ns, Reaching safepoint: 30800 ns, At safepoint: 5200 ns, Total: 36000 ns
[1.873s][info ][safepoint      ] Safepoint "ICBufferFull", Time since last: 1385608 ns, Reaching safepoint: 22700 ns, At safepoint: 1100 ns, Total: 23800 ns
[1.874s][info ][safepoint      ] Safepoint "ICBufferFull", Time since last: 1560009 ns, Reaching safepoint: 27600 ns, At safepoint: 1700 ns, Total: 29300 ns
[1.876s][info ][safepoint      ] Safepoint "ICBufferFull", Time since last: 1752510 ns, Reaching safepoint: 16900 ns, At safepoint: 2700 ns, Total: 19600 ns
[1.877s][info ][safepoint      ] Safepoint "ICBufferFull", Time since last: 960405 ns, Reaching safepoint: 15800 ns, At safepoint: 6200 ns, Total: 22000 ns
[1.878s][info ][safepoint      ] Safepoint "ICBufferFull", Time since last: 905405 ns, Reaching safepoint: 16801 ns, At safepoint: 1300 ns, Total: 18101 ns
[1.879s][info ][safepoint      ] Safepoint "ICBufferFull", Time since last: 1263507 ns, Reaching safepoint: 15000 ns, At safepoint: 1200 ns, Total: 16200 ns
[1.880s][info ][safepoint      ] Safepoint "ICBufferFull", Time since last: 933305 ns, Reaching safepoint: 15800 ns, At safepoint: 4900 ns, Total: 20700 ns
[1.881s][info ][safepoint      ] Safepoint "ICBufferFull", Time since last: 954805 ns, Reaching safepoint: 14500 ns, At safepoint: 1100 ns, Total: 15600 ns
[1.882s][info ][safepoint      ] Safepoint "ICBufferFull", Time since last: 649404 ns, Reaching safepoint: 16400 ns, At safepoint: 1200 ns, Total: 17600 ns
[1.884s][info ][safepoint      ] Safepoint "ICBufferFull", Time since last: 2215912 ns, Reaching safepoint: 18801 ns, At safepoint: 1400 ns, Total: 20201 ns
[1.885s][info ][safepoint      ] Safepoint "ICBufferFull", Time since last: 922105 ns, Reaching safepoint: 15200 ns, At safepoint: 1200 ns, Total: 16400 ns
[1.886s][info ][safepoint      ] Safepoint "ICBufferFull", Time since last: 666504 ns, Reaching safepoint: 14200 ns, At safepoint: 1100 ns, Total: 15300 ns
[1.886s][info ][safepoint      ] Safepoint "ICBufferFull", Time since last: 595903 ns, Reaching safepoint: 15000 ns, At safepoint: 1000 ns, Total: 16000 ns
[1.887s][info ][safepoint      ] Safepoint "ICBufferFull", Time since last: 599203 ns, Reaching safepoint: 14300 ns, At safepoint: 900 ns, Total: 15200 ns
[1.888s][info ][safepoint      ] Safepoint "ICBufferFull", Time since last: 583504 ns, Reaching safepoint: 14700 ns, At safepoint: 1000 ns, Total: 15700 ns
[1.888s][info ][safepoint      ] Safepoint "ICBufferFull", Time since last: 596103 ns, Reaching safepoint: 15500 ns, At safepoint: 1000 ns, Total: 16500 ns
[1.889s][info ][safepoint      ] Safepoint "ICBufferFull", Time since last: 588404 ns, Reaching safepoint: 15200 ns, At safepoint: 900 ns, Total: 16100 ns
[1.889s][info ][safepoint      ] Safepoint "ICBufferFull", Time since last: 686303 ns, Reaching safepoint: 14701 ns, At safepoint: 900 ns, Total: 15601 ns
[1.890s][info ][safepoint      ] Safepoint "ICBufferFull", Time since last: 585703 ns, Reaching safepoint: 14400 ns, At safepoint: 800 ns, Total: 15200 ns
[1.891s][info ][safepoint      ] Safepoint "ICBufferFull", Time since last: 844805 ns, Reaching safepoint: 17000 ns, At safepoint: 1200 ns, Total: 18200 ns
[1.892s][info ][safepoint      ] Safepoint "ICBufferFull", Time since last: 960505 ns, Reaching safepoint: 12900 ns, At safepoint: 1100 ns, Total: 14000 ns
[1.893s][info ][safepoint      ] Safepoint "ICBufferFull", Time since last: 1091206 ns, Reaching safepoint: 14300 ns, At safepoint: 1000 ns, Total: 15300 ns
[1.894s][info ][safepoint      ] Safepoint "ICBufferFull", Time since last: 792305 ns, Reaching safepoint: 17900 ns, At safepoint: 1400 ns, Total: 19300 ns
[1.896s][info ][safepoint      ] Safepoint "ICBufferFull", Time since last: 2146912 ns, Reaching safepoint: 16100 ns, At safepoint: 1400 ns, Total: 17500 ns
[1.898s][info ][safepoint      ] Safepoint "ICBufferFull", Time since last: 2291813 ns, Reaching safepoint: 15900 ns, At safepoint: 1100 ns, Total: 17000 ns
[1.902s][info ][safepoint      ] Safepoint "ICBufferFull", Time since last: 3330518 ns, Reaching safepoint: 19700 ns, At safepoint: 1500 ns, Total: 21200 ns
[1.905s][info ][safepoint      ] Safepoint "ICBufferFull", Time since last: 3487920 ns, Reaching safepoint: 28600 ns, At safepoint: 1500 ns, Total: 30100 ns
[1.908s][info ][safepoint      ] Safepoint "ICBufferFull", Time since last: 2356613 ns, Reaching safepoint: 18700 ns, At safepoint: 1400 ns, Total: 20100 ns
[1.909s][info ][safepoint      ] Safepoint "ICBufferFull", Time since last: 1342608 ns, Reaching safepoint: 33600 ns, At safepoint: 2000 ns, Total: 35600 ns
[1.910s][info ][safepoint      ] Safepoint "ICBufferFull", Time since last: 1153306 ns, Reaching safepoint: 15101 ns, At safepoint: 1200 ns, Total: 16301 ns
[1.911s][info ][safepoint      ] Safepoint "ICBufferFull", Time since last: 1241406 ns, Reaching safepoint: 16501 ns, At safepoint: 1300 ns, Total: 17801 ns
[1.913s][info ][safepoint      ] Safepoint "ICBufferFull", Time since last: 1303107 ns, Reaching safepoint: 16600 ns, At safepoint: 1100 ns, Total: 17700 ns
[1.914s][info ][safepoint      ] Safepoint "ICBufferFull", Time since last: 1668009 ns, Reaching safepoint: 14800 ns, At safepoint: 1200 ns, Total: 16000 ns
[1.917s][info ][safepoint      ] Safepoint "ICBufferFull", Time since last: 3013217 ns, Reaching safepoint: 44000 ns, At safepoint: 6600 ns, Total: 50600 ns
[1.918s][info ][safepoint      ] Safepoint "ICBufferFull", Time since last: 570704 ns, Reaching safepoint: 26200 ns, At safepoint: 1300 ns, Total: 27500 ns
[1.921s][info ][safepoint      ] Safepoint "ICBufferFull", Time since last: 2986116 ns, Reaching safepoint: 25801 ns, At safepoint: 1400 ns, Total: 27201 ns
[1.923s][info ][safepoint      ] Safepoint "ICBufferFull", Time since last: 2035111 ns, Reaching safepoint: 16800 ns, At safepoint: 1800 ns, Total: 18600 ns
[1.925s][info ][safepoint      ] Safepoint "ICBufferFull", Time since last: 1812310 ns, Reaching safepoint: 23700 ns, At safepoint: 1600 ns, Total: 25300 ns
[1.926s][info ][safepoint      ] Safepoint "ICBufferFull", Time since last: 925605 ns, Reaching safepoint: 9901 ns, At safepoint: 1000 ns, Total: 10901 ns
[1.927s][info ][safepoint      ] Safepoint "ICBufferFull", Time since last: 1008405 ns, Reaching safepoint: 9600 ns, At safepoint: 800 ns, Total: 10400 ns
[1.928s][info ][safepoint      ] Safepoint "ICBufferFull", Time since last: 997306 ns, Reaching safepoint: 11100 ns, At safepoint: 1000 ns, Total: 12100 ns
[1.929s][info ][safepoint      ] Safepoint "ICBufferFull", Time since last: 908505 ns, Reaching safepoint: 19800 ns, At safepoint: 1000 ns, Total: 20800 ns
[1.930s][info ][safepoint      ] Safepoint "ICBufferFull", Time since last: 745604 ns, Reaching safepoint: 13600 ns, At safepoint: 1000 ns, Total: 14600 ns
[1.930s][info ][safepoint      ] Safepoint "ICBufferFull", Time since last: 708304 ns, Reaching safepoint: 25500 ns, At safepoint: 900 ns, Total: 26400 ns
[1.931s][info ][safepoint      ] Safepoint "ICBufferFull", Time since last: 618404 ns, Reaching safepoint: 15200 ns, At safepoint: 1000 ns, Total: 16200 ns
[1.932s][info ][safepoint      ] Safepoint "ICBufferFull", Time since last: 606503 ns, Reaching safepoint: 14800 ns, At safepoint: 1100 ns, Total: 15900 ns
[1.932s][info ][safepoint      ] Safepoint "ICBufferFull", Time since last: 654604 ns, Reaching safepoint: 14400 ns, At safepoint: 1000 ns, Total: 15400 ns
[1.933s][info ][safepoint      ] Safepoint "ICBufferFull", Time since last: 585803 ns, Reaching safepoint: 81801 ns, At safepoint: 5800 ns, Total: 87601 ns
[1.934s][info ][safepoint      ] Safepoint "ICBufferFull", Time since last: 1468808 ns, Reaching safepoint: 19600 ns, At safepoint: 1300 ns, Total: 20900 ns
[1.937s][info ][safepoint      ] Safepoint "ICBufferFull", Time since last: 2908516 ns, Reaching safepoint: 29901 ns, At safepoint: 5000 ns, Total: 34901 ns
[1.938s][info ][safepoint      ] Safepoint "ICBufferFull", Time since last: 670003 ns, Reaching safepoint: 14100 ns, At safepoint: 5000 ns, Total: 19100 ns
[1.939s][info ][safepoint      ] Safepoint "ICBufferFull", Time since last: 609204 ns, Reaching safepoint: 15000 ns, At safepoint: 5000 ns, Total: 20000 ns
[1.939s][info ][safepoint      ] Safepoint "ICBufferFull", Time since last: 633303 ns, Reaching safepoint: 12801 ns, At safepoint: 1100 ns, Total: 13901 ns
[1.940s][info ][safepoint      ] Safepoint "ICBufferFull", Time since last: 655103 ns, Reaching safepoint: 14300 ns, At safepoint: 6000 ns, Total: 20300 ns
[1.941s][info ][safepoint      ] Safepoint "ICBufferFull", Time since last: 706304 ns, Reaching safepoint: 16300 ns, At safepoint: 5200 ns, Total: 21500 ns
[1.941s][info ][safepoint      ] Safepoint "ICBufferFull", Time since last: 691804 ns, Reaching safepoint: 27700 ns, At safepoint: 5300 ns, Total: 33000 ns
[1.942s][info ][safepoint      ] Safepoint "ICBufferFull", Time since last: 634004 ns, Reaching safepoint: 11800 ns, At safepoint: 5300 ns, Total: 17100 ns
[1.943s][info ][safepoint      ] Safepoint "ICBufferFull", Time since last: 695404 ns, Reaching safepoint: 10700 ns, At safepoint: 4400 ns, Total: 15100 ns
[1.943s][info ][safepoint      ] Safepoint "ICBufferFull", Time since last: 616103 ns, Reaching safepoint: 13001 ns, At safepoint: 4400 ns, Total: 17401 ns
[1.944s][info ][safepoint      ] Safepoint "ICBufferFull", Time since last: 538903 ns, Reaching safepoint: 15500 ns, At safepoint: 4600 ns, Total: 20100 ns
[1.946s][info ][safepoint      ] Safepoint "ICBufferFull", Time since last: 1861110 ns, Reaching safepoint: 17200 ns, At safepoint: 1300 ns, Total: 18500 ns
[1.947s][info ][safepoint      ] Safepoint "ICBufferFull", Time since last: 826905 ns, Reaching safepoint: 15500 ns, At safepoint: 1100 ns, Total: 16600 ns
[1.948s][info ][safepoint      ] Safepoint "ICBufferFull", Time since last: 1384608 ns, Reaching safepoint: 16700 ns, At safepoint: 1600 ns, Total: 18300 ns
[1.949s][info ][safepoint      ] Safepoint "ICBufferFull", Time since last: 418502 ns, Reaching safepoint: 14200 ns, At safepoint: 1100 ns, Total: 15300 ns
[1.950s][info ][safepoint      ] Safepoint "ICBufferFull", Time since last: 1240307 ns, Reaching safepoint: 21500 ns, At safepoint: 1700 ns, Total: 23200 ns
[1.951s][info ][safepoint      ] Safepoint "ICBufferFull", Time since last: 1213007 ns, Reaching safepoint: 47400 ns, At safepoint: 2900 ns, Total: 50300 ns
[1.952s][info ][safepoint      ] Safepoint "ICBufferFull", Time since last: 1373908 ns, Reaching safepoint: 34700 ns, At safepoint: 1600 ns, Total: 36300 ns
[1.953s][info ][safepoint      ] Safepoint "ICBufferFull", Time since last: 437802 ns, Reaching safepoint: 20201 ns, At safepoint: 1200 ns, Total: 21401 ns
[1.954s][info ][safepoint      ] Safepoint "ICBufferFull", Time since last: 1140706 ns, Reaching safepoint: 21200 ns, At safepoint: 1400 ns, Total: 22600 ns
[1.955s][info ][safepoint      ] Safepoint "ICBufferFull", Time since last: 1097906 ns, Reaching safepoint: 13100 ns, At safepoint: 1100 ns, Total: 14200 ns
[1.956s][info ][safepoint      ] Safepoint "ICBufferFull", Time since last: 454803 ns, Reaching safepoint: 11100 ns, At safepoint: 700 ns, Total: 11800 ns
[1.957s][info ][safepoint      ] Safepoint "ICBufferFull", Time since last: 1333207 ns, Reaching safepoint: 38601 ns, At safepoint: 1600 ns, Total: 40201 ns
[1.958s][info ][safepoint      ] Safepoint "ICBufferFull", Time since last: 1126906 ns, Reaching safepoint: 23700 ns, At safepoint: 1000 ns, Total: 24700 ns
[1.959s][info ][safepoint      ] Safepoint "ICBufferFull", Time since last: 1228507 ns, Reaching safepoint: 12400 ns, At safepoint: 900 ns, Total: 13300 ns
[1.960s][info ][safepoint      ] Safepoint "ICBufferFull", Time since last: 414202 ns, Reaching safepoint: 12000 ns, At safepoint: 1000 ns, Total: 13000 ns
[1.961s][info ][safepoint      ] Safepoint "ICBufferFull", Time since last: 1081006 ns, Reaching safepoint: 23000 ns, At safepoint: 1100 ns, Total: 24100 ns
[1.962s][info ][safepoint      ] Safepoint "ICBufferFull", Time since last: 1147007 ns, Reaching safepoint: 27400 ns, At safepoint: 700 ns, Total: 28100 ns
[1.963s][info ][safepoint      ] Safepoint "ICBufferFull", Time since last: 410602 ns, Reaching safepoint: 12900 ns, At safepoint: 900 ns, Total: 13800 ns
[1.964s][info ][safepoint      ] Safepoint "ICBufferFull", Time since last: 1247007 ns, Reaching safepoint: 27301 ns, At safepoint: 900 ns, Total: 28201 ns
[1.965s][info ][safepoint      ] Safepoint "ICBufferFull", Time since last: 1093106 ns, Reaching safepoint: 20100 ns, At safepoint: 900 ns, Total: 21000 ns
[1.966s][info ][safepoint      ] Safepoint "ICBufferFull", Time since last: 1115506 ns, Reaching safepoint: 22700 ns, At safepoint: 900 ns, Total: 23600 ns
[1.967s][info ][safepoint      ] Safepoint "ICBufferFull", Time since last: 546603 ns, Reaching safepoint: 26900 ns, At safepoint: 1200 ns, Total: 28100 ns
[1.967s][info ][safepoint      ] Safepoint "ICBufferFull", Time since last: 569003 ns, Reaching safepoint: 16201 ns, At safepoint: 1100 ns, Total: 17301 ns
[1.968s][info ][safepoint      ] Safepoint "ICBufferFull", Time since last: 525102 ns, Reaching safepoint: 16101 ns, At safepoint: 1100 ns, Total: 17201 ns
[1.968s][info ][safepoint      ] Safepoint "ICBufferFull", Time since last: 521702 ns, Reaching safepoint: 15601 ns, At safepoint: 1100 ns, Total: 16701 ns
[1.969s][info ][safepoint      ] Safepoint "ICBufferFull", Time since last: 704204 ns, Reaching safepoint: 18900 ns, At safepoint: 1000 ns, Total: 19900 ns
[1.970s][info ][safepoint      ] Safepoint "ICBufferFull", Time since last: 557303 ns, Reaching safepoint: 16100 ns, At safepoint: 900 ns, Total: 17000 ns
[1.970s][info ][safepoint      ] Safepoint "ICBufferFull", Time since last: 502103 ns, Reaching safepoint: 17700 ns, At safepoint: 800 ns, Total: 18500 ns
[1.981s][info ][safepoint      ] Safepoint "ICBufferFull", Time since last: 10548059 ns, Reaching safepoint: 42000 ns, At safepoint: 1700 ns, Total: 43700 ns
[1.991s][info ][safepoint      ] Safepoint "ICBufferFull", Time since last: 10400158 ns, Reaching safepoint: 31600 ns, At safepoint: 1600 ns, Total: 33200 ns
[2.002s][info ][safepoint      ] Safepoint "ICBufferFull", Time since last: 10423858 ns, Reaching safepoint: 31600 ns, At safepoint: 1300 ns, Total: 32900 ns
[2.012s][info ][safepoint      ] Safepoint "ICBufferFull", Time since last: 10488159 ns, Reaching safepoint: 33400 ns, At safepoint: 1300 ns, Total: 34700 ns
[2.013s][info ][safepoint      ] Safepoint "ICBufferFull", Time since last: 427802 ns, Reaching safepoint: 23601 ns, At safepoint: 800 ns, Total: 24401 ns
[2.023s][info ][safepoint      ] Safepoint "ICBufferFull", Time since last: 10361757 ns, Reaching safepoint: 26601 ns, At safepoint: 1900 ns, Total: 28501 ns
[2.033s][info ][safepoint      ] Safepoint "ICBufferFull", Time since last: 10374957 ns, Reaching safepoint: 24201 ns, At safepoint: 1700 ns, Total: 25901 ns
[2.044s][info ][safepoint      ] Safepoint "ICBufferFull", Time since last: 10491358 ns, Reaching safepoint: 27900 ns, At safepoint: 1600 ns, Total: 29500 ns
[2.055s][info ][safepoint      ] Safepoint "ICBufferFull", Time since last: 10739660 ns, Reaching safepoint: 30200 ns, At safepoint: 1700 ns, Total: 31900 ns
[2.066s][info ][safepoint      ] Safepoint "ICBufferFull", Time since last: 10827661 ns, Reaching safepoint: 41400 ns, At safepoint: 1600 ns, Total: 43000 ns
[2.080s][info ][safepoint      ] Safepoint "ICBufferFull", Time since last: 13908978 ns, Reaching safepoint: 29400 ns, At safepoint: 4700 ns, Total: 34100 ns
[2.080s][info ][safepoint      ] Safepoint "ICBufferFull", Time since last: 461302 ns, Reaching safepoint: 13800 ns, At safepoint: 3700 ns, Total: 17500 ns
[2.090s][info ][safepoint      ] Safepoint "ICBufferFull", Time since last: 10143757 ns, Reaching safepoint: 23700 ns, At safepoint: 3700 ns, Total: 27400 ns
[2.103s][info ][safepoint      ] Safepoint "ICBufferFull", Time since last: 12530170 ns, Reaching safepoint: 31400 ns, At safepoint: 1700 ns, Total: 33100 ns
[2.104s][info ][safepoint      ] Safepoint "ICBufferFull", Time since last: 1452808 ns, Reaching safepoint: 25700 ns, At safepoint: 6700 ns, Total: 32400 ns
[2.107s][info ][safepoint      ] Safepoint "ICBufferFull", Time since last: 3199518 ns, Reaching safepoint: 18900 ns, At safepoint: 1300 ns, Total: 20200 ns
[2.110s][info ][safepoint      ] Safepoint "ICBufferFull", Time since last: 2651015 ns, Reaching safepoint: 20500 ns, At safepoint: 800 ns, Total: 21300 ns
[2.112s][info ][safepoint      ] Safepoint "ICBufferFull", Time since last: 1653310 ns, Reaching safepoint: 26600 ns, At safepoint: 1000 ns, Total: 27600 ns
[2.113s][info ][safepoint      ] Safepoint "ICBufferFull", Time since last: 1504908 ns, Reaching safepoint: 21000 ns, At safepoint: 2000 ns, Total: 23000 ns
[2.114s][info ][safepoint      ] Safepoint "ICBufferFull", Time since last: 965006 ns, Reaching safepoint: 15600 ns, At safepoint: 1100 ns, Total: 16700 ns
[2.115s][info ][safepoint      ] Safepoint "ICBufferFull", Time since last: 686604 ns, Reaching safepoint: 17300 ns, At safepoint: 1400 ns, Total: 18700 ns
[2.117s][info ][safepoint      ] Safepoint "ICBufferFull", Time since last: 1871010 ns, Reaching safepoint: 17900 ns, At safepoint: 1500 ns, Total: 19400 ns
[2.118s][info ][safepoint      ] Safepoint "ICBufferFull", Time since last: 1153507 ns, Reaching safepoint: 16000 ns, At safepoint: 1100 ns, Total: 17100 ns
[2.119s][info ][safepoint      ] Safepoint "ICBufferFull", Time since last: 584803 ns, Reaching safepoint: 17100 ns, At safepoint: 1400 ns, Total: 18500 ns
[2.119s][info ][safepoint      ] Safepoint "ICBufferFull", Time since last: 531303 ns, Reaching safepoint: 20300 ns, At safepoint: 5100 ns, Total: 25400 ns
[2.121s][info ][safepoint      ] Safepoint "ICBufferFull", Time since last: 2073612 ns, Reaching safepoint: 96000 ns, At safepoint: 4900 ns, Total: 100900 ns
[2.123s][info ][safepoint      ] Safepoint "ICBufferFull", Time since last: 2014812 ns, Reaching safepoint: 21900 ns, At safepoint: 1300 ns, Total: 23200 ns
[2.125s][info ][safepoint      ] Safepoint "ICBufferFull", Time since last: 1077506 ns, Reaching safepoint: 22400 ns, At safepoint: 1400 ns, Total: 23800 ns
[2.126s][info ][safepoint      ] Safepoint "ICBufferFull", Time since last: 989005 ns, Reaching safepoint: 21700 ns, At safepoint: 1401 ns, Total: 23101 ns
[2.126s][info ][safepoint      ] Safepoint "ICBufferFull", Time since last: 876404 ns, Reaching safepoint: 28001 ns, At safepoint: 3900 ns, Total: 31901 ns
[2.127s][info ][safepoint      ] Safepoint "ICBufferFull", Time since last: 719804 ns, Reaching safepoint: 23500 ns, At safepoint: 3200 ns, Total: 26700 ns
[2.128s][info ][safepoint      ] Safepoint "ICBufferFull", Time since last: 1072906 ns, Reaching safepoint: 17000 ns, At safepoint: 800 ns, Total: 17800 ns
[2.129s][info ][safepoint      ] Safepoint "ICBufferFull", Time since last: 1060106 ns, Reaching safepoint: 11400 ns, At safepoint: 700 ns, Total: 12100 ns
[2.130s][info ][safepoint      ] Safepoint "ICBufferFull", Time since last: 789404 ns, Reaching safepoint: 11000 ns, At safepoint: 700 ns, Total: 11700 ns
[2.131s][info ][safepoint      ] Safepoint "ICBufferFull", Time since last: 632904 ns, Reaching safepoint: 11000 ns, At safepoint: 600 ns, Total: 11600 ns
[2.132s][info ][safepoint      ] Safepoint "ICBufferFull", Time since last: 958605 ns, Reaching safepoint: 12500 ns, At safepoint: 3200 ns, Total: 15700 ns
[2.133s][info ][safepoint      ] Safepoint "ICBufferFull", Time since last: 938906 ns, Reaching safepoint: 80600 ns, At safepoint: 3500 ns, Total: 84100 ns
[2.134s][info ][safepoint      ] Safepoint "ICBufferFull", Time since last: 1214207 ns, Reaching safepoint: 21000 ns, At safepoint: 800 ns, Total: 21800 ns
[2.135s][info ][safepoint      ] Safepoint "ICBufferFull", Time since last: 1285307 ns, Reaching safepoint: 17300 ns, At safepoint: 6800 ns, Total: 24100 ns
[2.136s][info ][safepoint      ] Safepoint "ICBufferFull", Time since last: 921905 ns, Reaching safepoint: 16000 ns, At safepoint: 1000 ns, Total: 17000 ns
[2.210s][info ][safepoint      ] Safepoint "ICBufferFull", Time since last: 73626511 ns, Reaching safepoint: 179001 ns, At safepoint: 4600 ns, Total: 183601 ns
[2.335s][info ][gc,start       ] GC(2) Pause Young (Metadata GC Threshold)
[2.361s][debug][gc,phases      ] GC(2) Scavenge 25.765ms
[2.361s][debug][gc,ref         ] GC(2) Skipped phase 1 of Reference Processing: no references
[2.361s][debug][gc,ref         ] GC(2) ReferenceProcessor::execute queues: 2, RefProcThreadModel::Multi, marks_oops_alive: false
[2.361s][debug][gc,ref         ] GC(2) Skipped phase 3 of Reference Processing: no references
[2.361s][debug][gc,ref         ] GC(2) ReferenceProcessor::execute queues: 1, RefProcThreadModel::Single, marks_oops_alive: false
[2.361s][debug][gc,phases      ] GC(2) Reference Processing 0.251ms
[2.362s][debug][gc,phases      ] GC(2)   VM Weak                        Min:  0.0, Avg:  0.0, Max:  0.0, Diff:  0.0, Sum:  0.0, Workers: 4
[2.362s][debug][gc,phases      ] GC(2)     Dead                           Min: 0, Avg:  0.0, Max: 0, Diff: 0, Sum: 0, Workers: 4
[2.362s][debug][gc,phases      ] GC(2)     Total                          Min: 0, Avg: 68.2, Max: 145, Diff: 145, Sum: 273, Workers: 4
[2.362s][debug][gc,phases      ] GC(2)   ObjectSynchronizer Weak        Min:  0.0, Avg:  0.0, Max:  0.0, Diff:  0.0, Sum:  0.0, Workers: 4
[2.362s][debug][gc,phases      ] GC(2)     Dead                           Min: 0, Avg:  0.0, Max: 0, Diff: 0, Sum: 0, Workers: 4
[2.362s][debug][gc,phases      ] GC(2)     Total                          Min: 0, Avg:  2.8, Max: 11, Diff: 11, Sum: 11, Workers: 4
[2.362s][debug][gc,phases      ] GC(2)   JVMTI Tag Weak OopStorage      Min:  0.0, Avg:  0.0, Max:  0.0, Diff:  0.0, Sum:  0.0, Workers: 4
[2.362s][debug][gc,phases      ] GC(2)     Dead                           Min: 0, Avg:  0.0, Max: 0, Diff: 0, Sum: 0, Workers: 4
[2.362s][debug][gc,phases      ] GC(2)     Total                          Min: 0, Avg:  0.0, Max: 0, Diff: 0, Sum: 0, Workers: 4
[2.362s][debug][gc,phases      ] GC(2)   StringTable Weak               Min:  0.1, Avg:  0.1, Max:  0.1, Diff:  0.0, Sum:  0.3, Workers: 4
[2.362s][debug][gc,phases      ] GC(2)     Dead                           Min: 1, Avg:  6.0, Max: 15, Diff: 14, Sum: 24, Workers: 4
[2.362s][debug][gc,phases      ] GC(2)     Total                          Min: 4096, Avg: 4927.2, Max: 5312, Diff: 1216, Sum: 19709, Workers: 4
[2.362s][debug][gc,phases      ] GC(2)   ResolvedMethodTable Weak       Min:  0.0, Avg:  0.0, Max:  0.0, Diff:  0.0, Sum:  0.0, Workers: 4
[2.362s][debug][gc,phases      ] GC(2)     Dead                           Min: 4, Avg: 14.5, Max: 27, Diff: 23, Sum: 58, Workers: 4
[2.362s][debug][gc,phases      ] GC(2)     Total                          Min: 384, Avg: 470.5, Max: 576, Diff: 192, Sum: 1882, Workers: 4
[2.362s][debug][gc,phases      ] GC(2)   JNI Weak                       Min:  0.0, Avg:  0.0, Max:  0.0, Diff:  0.0, Sum:  0.0, Workers: 4
[2.362s][debug][gc,phases      ] GC(2)     Dead                           Min: 0, Avg:  0.0, Max: 0, Diff: 0, Sum: 0, Workers: 4
[2.362s][debug][gc,phases      ] GC(2)     Total                          Min: 0, Avg:  0.0, Max: 0, Diff: 0, Sum: 0, Workers: 4
[2.362s][debug][gc,phases      ] GC(2)   StringDedup Table Weak         Min:  0.0, Avg:  0.0, Max:  0.0, Diff:  0.0, Sum:  0.0, Workers: 4
[2.362s][debug][gc,phases      ] GC(2)     Dead                           Min: 0, Avg:  0.0, Max: 0, Diff: 0, Sum: 0, Workers: 4
[2.362s][debug][gc,phases      ] GC(2)     Total                          Min: 0, Avg:  0.0, Max: 0, Diff: 0, Sum: 0, Workers: 4
[2.362s][debug][gc,phases      ] GC(2)   StringDedup Requests0 Weak     Min:  0.0, Avg:  0.0, Max:  0.0, Diff:  0.0, Sum:  0.0, Workers: 4
[2.362s][debug][gc,phases      ] GC(2)     Dead                           Min: 0, Avg:  0.0, Max: 0, Diff: 0, Sum: 0, Workers: 4
[2.362s][debug][gc,phases      ] GC(2)     Total                          Min: 0, Avg:  0.0, Max: 0, Diff: 0, Sum: 0, Workers: 4
[2.362s][debug][gc,phases      ] GC(2)   StringDedup Requests1 Weak     Min:  0.0, Avg:  0.0, Max:  0.0, Diff:  0.0, Sum:  0.0, Workers: 4
[2.362s][debug][gc,phases      ] GC(2)     Dead                           Min: 0, Avg:  0.0, Max: 0, Diff: 0, Sum: 0, Workers: 4
[2.362s][debug][gc,phases      ] GC(2)     Total                          Min: 0, Avg:  0.0, Max: 0, Diff: 0, Sum: 0, Workers: 4
[2.362s][debug][gc,phases      ] GC(2)   Weak JFR Old Object Samples    Min:  0.0, Avg:  0.0, Max:  0.0, Diff:  0.0, Sum:  0.0, Workers: 4
[2.362s][debug][gc,phases      ] GC(2)     Dead                           Min: 0, Avg:  0.0, Max: 0, Diff: 0, Sum: 0, Workers: 4
[2.362s][debug][gc,phases      ] GC(2)     Total                          Min: 0, Avg:  0.0, Max: 0, Diff: 0, Sum: 0, Workers: 4
[2.362s][debug][gc,phases      ] GC(2) Weak Processing 0.248ms
[2.362s][debug][gc,age         ] GC(2) Desired survivor size 536870912 bytes, new threshold 7 (max threshold 15)
[2.362s][info ][gc,heap        ] GC(2) PSYoungGen: 454691K(1572864K)->56582K(1572864K) Eden: 433449K(1048576K)->0K(1048576K) From: 21241K(524288K)->56582K(524288K)
[2.362s][info ][gc,heap        ] GC(2) ParOldGen: 5670K(6144K)->5678K(6144K)
[2.362s][info ][gc,metaspace   ] GC(2) Metaspace: 35433K(35840K)->35433K(35840K) NonClass: 30962K(31168K)->30962K(31168K) Class: 4471K(4672K)->4471K(4672K)
[2.362s][info ][gc             ] GC(2) Pause Young (Metadata GC Threshold) 449M->60M(1542M) 26.370ms
[2.362s][info ][gc,cpu         ] GC(2) User=0.09s Sys=0.02s Real=0.03s
[2.362s][debug][gc,phases      ] GC(3) Pre Compact 0.008ms
[2.362s][info ][gc,start       ] GC(3) Pause Full (Metadata GC Threshold)
[2.362s][info ][gc,phases,start] GC(3) Marking Phase
[2.376s][debug][gc,phases      ] GC(3) Par Mark 14.622ms
[2.376s][debug][gc,ref         ] GC(3) Skipped phase 1 of Reference Processing: no references
[2.376s][debug][gc,ref         ] GC(3) ReferenceProcessor::execute queues: 2, RefProcThreadModel::Multi, marks_oops_alive: false
[2.376s][debug][gc,ref         ] GC(3) Skipped phase 3 of Reference Processing: no references
[2.376s][debug][gc,ref         ] GC(3) ReferenceProcessor::execute queues: 1, RefProcThreadModel::Single, marks_oops_alive: false
[2.377s][debug][gc,phases      ] GC(3) Reference Processing 0.127ms
[2.377s][debug][gc,phases      ] GC(3)   VM Weak                        Min:  0.0, Avg:  0.0, Max:  0.0, Diff:  0.0, Sum:  0.0, Workers: 4
[2.377s][debug][gc,phases      ] GC(3)     Dead                           Min: 0, Avg:  0.0, Max: 0, Diff: 0, Sum: 0, Workers: 4
[2.377s][debug][gc,phases      ] GC(3)     Total                          Min: 0, Avg: 68.2, Max: 209, Diff: 209, Sum: 273, Workers: 4
[2.377s][debug][gc,phases      ] GC(3)   ObjectSynchronizer Weak        Min:  0.0, Avg:  0.0, Max:  0.0, Diff:  0.0, Sum:  0.0, Workers: 4
[2.377s][debug][gc,phases      ] GC(3)     Dead                           Min: 0, Avg:  0.2, Max: 1, Diff: 1, Sum: 1, Workers: 4
[2.377s][debug][gc,phases      ] GC(3)     Total                          Min: 0, Avg:  2.8, Max: 11, Diff: 11, Sum: 11, Workers: 4
[2.377s][debug][gc,phases      ] GC(3)   JVMTI Tag Weak OopStorage      Min:  0.0, Avg:  0.0, Max:  0.0, Diff:  0.0, Sum:  0.0, Workers: 4
[2.377s][debug][gc,phases      ] GC(3)     Dead                           Min: 0, Avg:  0.0, Max: 0, Diff: 0, Sum: 0, Workers: 4
[2.377s][debug][gc,phases      ] GC(3)     Total                          Min: 0, Avg:  0.0, Max: 0, Diff: 0, Sum: 0, Workers: 4
[2.377s][debug][gc,phases      ] GC(3)   StringTable Weak               Min:  0.1, Avg:  0.1, Max:  0.1, Diff:  0.0, Sum:  0.2, Workers: 4
[2.377s][debug][gc,phases      ] GC(3)     Dead                           Min: 0, Avg:  0.5, Max: 1, Diff: 1, Sum: 2, Workers: 4
[2.377s][debug][gc,phases      ] GC(3)     Total                          Min: 4541, Avg: 4927.2, Max: 5184, Diff: 643, Sum: 19709, Workers: 4
[2.377s][debug][gc,phases      ] GC(3)   ResolvedMethodTable Weak       Min:  0.0, Avg:  0.0, Max:  0.0, Diff:  0.0, Sum:  0.0, Workers: 4
[2.377s][debug][gc,phases      ] GC(3)     Dead                           Min: 0, Avg:  0.0, Max: 0, Diff: 0, Sum: 0, Workers: 4
[2.377s][debug][gc,phases      ] GC(3)     Total                          Min: 384, Avg: 470.5, Max: 576, Diff: 192, Sum: 1882, Workers: 4
[2.377s][debug][gc,phases      ] GC(3)   JNI Weak                       Min:  0.0, Avg:  0.0, Max:  0.0, Diff:  0.0, Sum:  0.0, Workers: 4
[2.377s][debug][gc,phases      ] GC(3)     Dead                           Min: 0, Avg:  0.0, Max: 0, Diff: 0, Sum: 0, Workers: 4
[2.377s][debug][gc,phases      ] GC(3)     Total                          Min: 0, Avg:  0.0, Max: 0, Diff: 0, Sum: 0, Workers: 4
[2.377s][debug][gc,phases      ] GC(3)   StringDedup Table Weak         Min:  0.0, Avg:  0.0, Max:  0.0, Diff:  0.0, Sum:  0.0, Workers: 4
[2.377s][debug][gc,phases      ] GC(3)     Dead                           Min: 0, Avg:  0.0, Max: 0, Diff: 0, Sum: 0, Workers: 4
[2.377s][debug][gc,phases      ] GC(3)     Total                          Min: 0, Avg:  0.0, Max: 0, Diff: 0, Sum: 0, Workers: 4
[2.377s][debug][gc,phases      ] GC(3)   StringDedup Requests0 Weak     Min:  0.0, Avg:  0.0, Max:  0.0, Diff:  0.0, Sum:  0.0, Workers: 4
[2.377s][debug][gc,phases      ] GC(3)     Dead                           Min: 0, Avg:  0.0, Max: 0, Diff: 0, Sum: 0, Workers: 4
[2.377s][debug][gc,phases      ] GC(3)     Total                          Min: 0, Avg:  0.0, Max: 0, Diff: 0, Sum: 0, Workers: 4
[2.377s][debug][gc,phases      ] GC(3)   StringDedup Requests1 Weak     Min:  0.0, Avg:  0.0, Max:  0.0, Diff:  0.0, Sum:  0.0, Workers: 4
[2.377s][debug][gc,phases      ] GC(3)     Dead                           Min: 0, Avg:  0.0, Max: 0, Diff: 0, Sum: 0, Workers: 4
[2.377s][debug][gc,phases      ] GC(3)     Total                          Min: 0, Avg:  0.0, Max: 0, Diff: 0, Sum: 0, Workers: 4
[2.377s][debug][gc,phases      ] GC(3)   Weak JFR Old Object Samples    Min:  0.0, Avg:  0.0, Max:  0.0, Diff:  0.0, Sum:  0.0, Workers: 4
[2.377s][debug][gc,phases      ] GC(3)     Dead                           Min: 0, Avg:  0.0, Max: 0, Diff: 0, Sum: 0, Workers: 4
[2.377s][debug][gc,phases      ] GC(3)     Total                          Min: 0, Avg:  0.0, Max: 0, Diff: 0, Sum: 0, Workers: 4
[2.377s][debug][gc,phases      ] GC(3) Weak Processing 0.207ms
[2.377s][debug][gc,phases      ] GC(3) ClassLoaderData 0.032ms
[2.377s][debug][gc,phases      ] GC(3) Trigger cleanups 0.000ms
[2.380s][debug][gc,phases      ] GC(3) Class Unloading 3.203ms
[2.380s][info ][gc,phases      ] GC(3) Marking Phase 18.246ms
[2.380s][info ][gc,phases,start] GC(3) Summary Phase
[2.380s][info ][gc,phases      ] GC(3) Summary Phase 0.005ms
[2.380s][info ][gc,phases,start] GC(3) Adjust Roots
[2.383s][info ][gc,phases      ] GC(3) Adjust Roots 3.340ms
[2.383s][info ][gc,phases,start] GC(3) Compaction Phase
[2.627s][info ][gc,phases      ] GC(3) Compaction Phase 244.063ms
[2.627s][info ][gc,phases,start] GC(3) Post Compact
[2.628s][info ][gc,phases      ] GC(3) Post Compact 0.540ms
[2.628s][info ][gc,heap        ] GC(3) PSYoungGen: 56582K(1572864K)->56429K(1572864K) Eden: 0K(1048576K)->0K(1048576K) From: 56582K(524288K)->56429K(524288K)
[2.628s][info ][gc,heap        ] GC(3) ParOldGen: 5678K(6144K)->5601K(6144K)
[2.628s][info ][gc,metaspace   ] GC(3) Metaspace: 35433K(35840K)->35433K(35840K) NonClass: 30962K(31168K)->30962K(31168K) Class: 4471K(4672K)->4471K(4672K)
[2.628s][info ][gc             ] GC(3) Pause Full (Metadata GC Threshold) 60M->60M(1542M) 266.305ms
[2.628s][info ][gc,cpu         ] GC(3) User=0.56s Sys=0.00s Real=0.26s
[2.628s][info ][safepoint      ] Safepoint "CollectForMetadataAllocation", Time since last: 124994597 ns, Reaching safepoint: 134801 ns, At safepoint: 292775233 ns, Total: 292910034 ns
[2.873s][info ][safepoint      ] Safepoint "ICBufferFull", Time since last: 245022167 ns, Reaching safepoint: 143100 ns, At safepoint: 5701 ns, Total: 148801 ns
[3.014s][info ][safepoint      ] Safepoint "ICBufferFull", Time since last: 140821485 ns, Reaching safepoint: 214701 ns, At safepoint: 6900 ns, Total: 221601 ns
[3.154s][info ][safepoint      ] Safepoint "ICBufferFull", Time since last: 136606662 ns, Reaching safepoint: 3327418 ns, At safepoint: 22500 ns, Total: 3349918 ns
[3.274s][info ][safepoint      ] Safepoint "ICBufferFull", Time since last: 119609267 ns, Reaching safepoint: 199802 ns, At safepoint: 15800 ns, Total: 215602 ns
[3.274s][info ][safepoint      ] Safepoint "ICBufferFull", Time since last: 70900 ns, Reaching safepoint: 100401 ns, At safepoint: 20100 ns, Total: 120501 ns
[3.275s][info ][safepoint      ] Safepoint "ICBufferFull", Time since last: 265801 ns, Reaching safepoint: 52700 ns, At safepoint: 14901 ns, Total: 67601 ns
[3.275s][info ][safepoint      ] Safepoint "ICBufferFull", Time since last: 44200 ns, Reaching safepoint: 84100 ns, At safepoint: 20200 ns, Total: 104300 ns
[3.275s][info ][safepoint      ] Safepoint "ICBufferFull", Time since last: 75701 ns, Reaching safepoint: 84000 ns, At safepoint: 19800 ns, Total: 103800 ns
[3.426s][info ][safepoint      ] Safepoint "ICBufferFull", Time since last: 150855542 ns, Reaching safepoint: 213701 ns, At safepoint: 13100 ns, Total: 226801 ns
[3.426s][info ][safepoint      ] Safepoint "ICBufferFull", Time since last: 71800 ns, Reaching safepoint: 234602 ns, At safepoint: 19800 ns, Total: 254402 ns
[3.426s][info ][safepoint      ] Safepoint "ICBufferFull", Time since last: 40100 ns, Reaching safepoint: 87700 ns, At safepoint: 21901 ns, Total: 109601 ns
[3.427s][info ][safepoint      ] Safepoint "ICBufferFull", Time since last: 30700 ns, Reaching safepoint: 86200 ns, At safepoint: 16600 ns, Total: 102800 ns
[3.494s][info ][safepoint      ] Safepoint "ICBufferFull", Time since last: 66919473 ns, Reaching safepoint: 184801 ns, At safepoint: 23101 ns, Total: 207902 ns
[3.494s][info ][safepoint      ] Safepoint "ICBufferFull", Time since last: 327701 ns, Reaching safepoint: 97401 ns, At safepoint: 18200 ns, Total: 115601 ns
[3.806s][info ][safepoint      ] Safepoint "ICBufferFull", Time since last: 311305836 ns, Reaching safepoint: 221501 ns, At safepoint: 21200 ns, Total: 242701 ns
[3.811s][info ][safepoint      ] Safepoint "ICBufferFull", Time since last: 5537431 ns, Reaching safepoint: 116901 ns, At safepoint: 21000 ns, Total: 137901 ns
[3.814s][info ][safepoint      ] Safepoint "ICBufferFull", Time since last: 2219812 ns, Reaching safepoint: 176901 ns, At safepoint: 24400 ns, Total: 201301 ns
[3.974s][info ][safepoint      ] Safepoint "ICBufferFull", Time since last: 156241571 ns, Reaching safepoint: 4382525 ns, At safepoint: 39000 ns, Total: 4421525 ns
[4.017s][info ][gc,start       ] GC(4) Pause Young (Allocation Failure)
[4.120s][debug][gc,phases      ] GC(4) Scavenge 102.625ms
[4.120s][debug][gc,ref         ] GC(4) Skipped phase 1 of Reference Processing: no references
[4.120s][debug][gc,ref         ] GC(4) ReferenceProcessor::execute queues: 4, RefProcThreadModel::Multi, marks_oops_alive: false
[4.120s][debug][gc,ref         ] GC(4) Skipped phase 3 of Reference Processing: no references
[4.120s][debug][gc,ref         ] GC(4) ReferenceProcessor::execute queues: 3, RefProcThreadModel::Multi, marks_oops_alive: false
[4.120s][debug][gc,phases      ] GC(4) Reference Processing 0.443ms
[4.121s][debug][gc,phases      ] GC(4)   VM Weak                        Min:  0.0, Avg:  0.0, Max:  0.0, Diff:  0.0, Sum:  0.0, Workers: 4
[4.121s][debug][gc,phases      ] GC(4)     Dead                           Min: 0, Avg:  0.0, Max: 0, Diff: 0, Sum: 0, Workers: 4
[4.121s][debug][gc,phases      ] GC(4)     Total                          Min: 0, Avg: 106.5, Max: 256, Diff: 256, Sum: 426, Workers: 4
[4.121s][debug][gc,phases      ] GC(4)   ObjectSynchronizer Weak        Min:  0.0, Avg:  0.0, Max:  0.0, Diff:  0.0, Sum:  0.0, Workers: 4
[4.121s][debug][gc,phases      ] GC(4)     Dead                           Min: 0, Avg: 88.8, Max: 120, Diff: 120, Sum: 355, Workers: 4
[4.121s][debug][gc,phases      ] GC(4)     Total                          Min: 0, Avg: 104.0, Max: 160, Diff: 160, Sum: 416, Workers: 4
[4.121s][debug][gc,phases      ] GC(4)   JVMTI Tag Weak OopStorage      Min:  0.0, Avg:  0.0, Max:  0.0, Diff:  0.0, Sum:  0.0, Workers: 4
[4.121s][debug][gc,phases      ] GC(4)     Dead                           Min: 0, Avg:  0.0, Max: 0, Diff: 0, Sum: 0, Workers: 4
[4.121s][debug][gc,phases      ] GC(4)     Total                          Min: 0, Avg:  0.0, Max: 0, Diff: 0, Sum: 0, Workers: 4
[4.121s][debug][gc,phases      ] GC(4)   StringTable Weak               Min:  0.3, Avg:  0.3, Max:  0.3, Diff:  0.0, Sum:  1.1, Workers: 4
[4.121s][debug][gc,phases      ] GC(4)     Dead                           Min: 1, Avg:  6.5, Max: 20, Diff: 19, Sum: 26, Workers: 4
[4.121s][debug][gc,phases      ] GC(4)     Total                          Min: 7953, Avg: 9540.2, Max: 10432, Diff: 2479, Sum: 38161, Workers: 4
[4.121s][debug][gc,phases      ] GC(4)   ResolvedMethodTable Weak       Min:  0.0, Avg:  0.0, Max:  0.0, Diff:  0.0, Sum:  0.2, Workers: 4
[4.121s][debug][gc,phases      ] GC(4)     Dead                           Min: 21, Avg: 42.0, Max: 67, Diff: 46, Sum: 168, Workers: 4
[4.121s][debug][gc,phases      ] GC(4)     Total                          Min: 960, Avg: 1228.2, Max: 1408, Diff: 448, Sum: 4913, Workers: 4
[4.121s][debug][gc,phases      ] GC(4)   JNI Weak                       Min:  0.0, Avg:  0.0, Max:  0.0, Diff:  0.0, Sum:  0.0, Workers: 4
[4.121s][debug][gc,phases      ] GC(4)     Dead                           Min: 0, Avg:  0.0, Max: 0, Diff: 0, Sum: 0, Workers: 4
[4.121s][debug][gc,phases      ] GC(4)     Total                          Min: 0, Avg:  5.5, Max: 22, Diff: 22, Sum: 22, Workers: 4
[4.121s][debug][gc,phases      ] GC(4)   StringDedup Table Weak         Min:  0.0, Avg:  0.0, Max:  0.0, Diff:  0.0, Sum:  0.0, Workers: 4
[4.121s][debug][gc,phases      ] GC(4)     Dead                           Min: 0, Avg:  0.0, Max: 0, Diff: 0, Sum: 0, Workers: 4
[4.121s][debug][gc,phases      ] GC(4)     Total                          Min: 0, Avg:  0.0, Max: 0, Diff: 0, Sum: 0, Workers: 4
[4.121s][debug][gc,phases      ] GC(4)   StringDedup Requests0 Weak     Min:  0.0, Avg:  0.0, Max:  0.0, Diff:  0.0, Sum:  0.0, Workers: 4
[4.121s][debug][gc,phases      ] GC(4)     Dead                           Min: 0, Avg:  0.0, Max: 0, Diff: 0, Sum: 0, Workers: 4
[4.121s][debug][gc,phases      ] GC(4)     Total                          Min: 0, Avg:  0.0, Max: 0, Diff: 0, Sum: 0, Workers: 4
[4.121s][debug][gc,phases      ] GC(4)   StringDedup Requests1 Weak     Min:  0.0, Avg:  0.0, Max:  0.0, Diff:  0.0, Sum:  0.0, Workers: 4
[4.121s][debug][gc,phases      ] GC(4)     Dead                           Min: 0, Avg:  0.0, Max: 0, Diff: 0, Sum: 0, Workers: 4
[4.121s][debug][gc,phases      ] GC(4)     Total                          Min: 0, Avg:  0.0, Max: 0, Diff: 0, Sum: 0, Workers: 4
[4.121s][debug][gc,phases      ] GC(4)   Weak JFR Old Object Samples    Min:  0.0, Avg:  0.0, Max:  0.0, Diff:  0.0, Sum:  0.0, Workers: 4
[4.121s][debug][gc,phases      ] GC(4)     Dead                           Min: 0, Avg:  0.0, Max: 0, Diff: 0, Sum: 0, Workers: 4
[4.121s][debug][gc,phases      ] GC(4)     Total                          Min: 0, Avg:  0.0, Max: 0, Diff: 0, Sum: 0, Workers: 4
[4.121s][debug][gc,phases      ] GC(4) Weak Processing 0.477ms
[4.121s][debug][gc,age         ] GC(4) Desired survivor size 536870912 bytes, new threshold 7 (max threshold 15)
[4.121s][info ][gc,heap        ] GC(4) PSYoungGen: 1105005K(1572864K)->171658K(1572864K) Eden: 1048576K(1048576K)->0K(1048576K) From: 56429K(524288K)->171658K(524288K)
[4.121s][info ][gc,heap        ] GC(4) ParOldGen: 5601K(6144K)->5609K(6144K)
[4.121s][info ][gc,metaspace   ] GC(4) Metaspace: 53488K(54144K)->53488K(54144K) NonClass: 45574K(45952K)->45574K(45952K) Class: 7914K(8192K)->7914K(8192K)
[4.121s][info ][gc             ] GC(4) Pause Young (Allocation Failure) 1084M->173M(1542M) 103.687ms
[4.121s][info ][gc,cpu         ] GC(4) User=0.33s Sys=0.08s Real=0.10s
[4.121s][info ][safepoint      ] Safepoint "ParallelGCFailedAllocation", Time since last: 42446136 ns, Reaching safepoint: 157401 ns, At safepoint: 103773279 ns, Total: 103930680 ns
[4.130s][info ][safepoint      ] Safepoint "ICBufferFull", Time since last: 3892421 ns, Reaching safepoint: 5317530 ns, At safepoint: 35300 ns, Total: 5352830 ns
[4.133s][info ][safepoint      ] Safepoint "ICBufferFull", Time since last: 3249718 ns, Reaching safepoint: 126601 ns, At safepoint: 20500 ns, Total: 147101 ns
[4.135s][info ][safepoint      ] Safepoint "ICBufferFull", Time since last: 1665410 ns, Reaching safepoint: 106300 ns, At safepoint: 19200 ns, Total: 125500 ns
[4.139s][info ][safepoint      ] Safepoint "ICBufferFull", Time since last: 3674821 ns, Reaching safepoint: 101600 ns, At safepoint: 25900 ns, Total: 127500 ns
[4.145s][info ][safepoint      ] Safepoint "ICBufferFull", Time since last: 5624232 ns, Reaching safepoint: 125100 ns, At safepoint: 23501 ns, Total: 148601 ns
[4.157s][info ][safepoint      ] Safepoint "ICBufferFull", Time since last: 11558964 ns, Reaching safepoint: 139501 ns, At safepoint: 25100 ns, Total: 164601 ns
[4.159s][info ][safepoint      ] Safepoint "ICBufferFull", Time since last: 2182712 ns, Reaching safepoint: 106401 ns, At safepoint: 25000 ns, Total: 131401 ns
[4.161s][info ][safepoint      ] Safepoint "ICBufferFull", Time since last: 2270712 ns, Reaching safepoint: 88601 ns, At safepoint: 26200 ns, Total: 114801 ns
[4.178s][info ][safepoint      ] Safepoint "ICBufferFull", Time since last: 16279791 ns, Reaching safepoint: 113201 ns, At safepoint: 28100 ns, Total: 141301 ns
[4.182s][info ][safepoint      ] Safepoint "ICBufferFull", Time since last: 3795121 ns, Reaching safepoint: 103800 ns, At safepoint: 21601 ns, Total: 125401 ns
[4.184s][info ][safepoint      ] Safepoint "ICBufferFull", Time since last: 2757415 ns, Reaching safepoint: 100600 ns, At safepoint: 21801 ns, Total: 122401 ns
[4.187s][info ][safepoint      ] Safepoint "ICBufferFull", Time since last: 2729515 ns, Reaching safepoint: 106400 ns, At safepoint: 20500 ns, Total: 126900 ns
[4.191s][info ][safepoint      ] Safepoint "ICBufferFull", Time since last: 3904122 ns, Reaching safepoint: 105901 ns, At safepoint: 26100 ns, Total: 132001 ns
[4.229s][info ][safepoint      ] Safepoint "ICBufferFull", Time since last: 34832094 ns, Reaching safepoint: 3267318 ns, At safepoint: 30801 ns, Total: 3298119 ns
[4.312s][info ][safepoint      ] Safepoint "ICBufferFull", Time since last: 82042057 ns, Reaching safepoint: 223801 ns, At safepoint: 24600 ns, Total: 248401 ns
[4.313s][info ][safepoint      ] Safepoint "ICBufferFull", Time since last: 999906 ns, Reaching safepoint: 93900 ns, At safepoint: 22400 ns, Total: 116300 ns
[4.321s][info ][gc,start       ] GC(5) Pause Young (Allocation Failure)
[4.397s][debug][gc,phases      ] GC(5) Scavenge 76.247ms
[4.397s][debug][gc,ref         ] GC(5) Skipped phase 1 of Reference Processing: no references
[4.397s][debug][gc,ref         ] GC(5) ReferenceProcessor::execute queues: 4, RefProcThreadModel::Multi, marks_oops_alive: false
[4.397s][debug][gc,ref         ] GC(5) Skipped phase 3 of Reference Processing: no references
[4.397s][debug][gc,ref         ] GC(5) ReferenceProcessor::execute queues: 1, RefProcThreadModel::Single, marks_oops_alive: false
[4.397s][debug][gc,phases      ] GC(5) Reference Processing 0.225ms
[4.397s][debug][gc,phases      ] GC(5)   VM Weak                        Min:  0.0, Avg:  0.0, Max:  0.0, Diff:  0.0, Sum:  0.0, Workers: 4
[4.397s][debug][gc,phases      ] GC(5)     Dead                           Min: 0, Avg:  0.0, Max: 0, Diff: 0, Sum: 0, Workers: 4
[4.397s][debug][gc,phases      ] GC(5)     Total                          Min: 0, Avg: 107.2, Max: 384, Diff: 384, Sum: 429, Workers: 4
[4.397s][debug][gc,phases      ] GC(5)   ObjectSynchronizer Weak        Min:  0.0, Avg:  0.0, Max:  0.0, Diff:  0.0, Sum:  0.0, Workers: 4
[4.397s][debug][gc,phases      ] GC(5)     Dead                           Min: 0, Avg:  3.2, Max: 13, Diff: 13, Sum: 13, Workers: 4
[4.397s][debug][gc,phases      ] GC(5)     Total                          Min: 0, Avg: 108.8, Max: 179, Diff: 179, Sum: 435, Workers: 4
[4.397s][debug][gc,phases      ] GC(5)   JVMTI Tag Weak OopStorage      Min:  0.0, Avg:  0.0, Max:  0.0, Diff:  0.0, Sum:  0.0, Workers: 4
[4.397s][debug][gc,phases      ] GC(5)     Dead                           Min: 0, Avg:  0.0, Max: 0, Diff: 0, Sum: 0, Workers: 4
[4.397s][debug][gc,phases      ] GC(5)     Total                          Min: 0, Avg:  0.0, Max: 0, Diff: 0, Sum: 0, Workers: 4
[4.397s][debug][gc,phases      ] GC(5)   StringTable Weak               Min:  0.2, Avg:  0.2, Max:  0.2, Diff:  0.0, Sum:  0.8, Workers: 4
[4.397s][debug][gc,phases      ] GC(5)     Dead                           Min: 0, Avg:  3.2, Max: 13, Diff: 13, Sum: 13, Workers: 4
[4.397s][debug][gc,phases      ] GC(5)     Total                          Min: 9088, Avg: 9549.2, Max: 10304, Diff: 1216, Sum: 38197, Workers: 4
[4.397s][debug][gc,phases      ] GC(5)   ResolvedMethodTable Weak       Min:  0.0, Avg:  0.0, Max:  0.0, Diff:  0.0, Sum:  0.1, Workers: 4
[4.397s][debug][gc,phases      ] GC(5)     Dead                           Min: 0, Avg:  0.0, Max: 0, Diff: 0, Sum: 0, Workers: 4
[4.397s][debug][gc,phases      ] GC(5)     Total                          Min: 885, Avg: 1191.2, Max: 1443, Diff: 558, Sum: 4765, Workers: 4
[4.397s][debug][gc,phases      ] GC(5)   JNI Weak                       Min:  0.0, Avg:  0.0, Max:  0.0, Diff:  0.0, Sum:  0.0, Workers: 4
[4.397s][debug][gc,phases      ] GC(5)     Dead                           Min: 0, Avg:  0.0, Max: 0, Diff: 0, Sum: 0, Workers: 4
[4.397s][debug][gc,phases      ] GC(5)     Total                          Min: 0, Avg:  0.0, Max: 0, Diff: 0, Sum: 0, Workers: 4
[4.397s][debug][gc,phases      ] GC(5)   StringDedup Table Weak         Min:  0.0, Avg:  0.0, Max:  0.0, Diff:  0.0, Sum:  0.0, Workers: 4
[4.397s][debug][gc,phases      ] GC(5)     Dead                           Min: 0, Avg:  0.0, Max: 0, Diff: 0, Sum: 0, Workers: 4
[4.397s][debug][gc,phases      ] GC(5)     Total                          Min: 0, Avg:  0.0, Max: 0, Diff: 0, Sum: 0, Workers: 4
[4.397s][debug][gc,phases      ] GC(5)   StringDedup Requests0 Weak     Min:  0.0, Avg:  0.0, Max:  0.0, Diff:  0.0, Sum:  0.0, Workers: 4
[4.398s][debug][gc,phases      ] GC(5)     Dead                           Min: 0, Avg:  0.0, Max: 0, Diff: 0, Sum: 0, Workers: 4
[4.398s][debug][gc,phases      ] GC(5)     Total                          Min: 0, Avg:  0.0, Max: 0, Diff: 0, Sum: 0, Workers: 4
[4.398s][debug][gc,phases      ] GC(5)   StringDedup Requests1 Weak     Min:  0.0, Avg:  0.0, Max:  0.0, Diff:  0.0, Sum:  0.0, Workers: 4
[4.398s][debug][gc,phases      ] GC(5)     Dead                           Min: 0, Avg:  0.0, Max: 0, Diff: 0, Sum: 0, Workers: 4
[4.398s][debug][gc,phases      ] GC(5)     Total                          Min: 0, Avg:  0.0, Max: 0, Diff: 0, Sum: 0, Workers: 4
[4.398s][debug][gc,phases      ] GC(5)   Weak JFR Old Object Samples    Min:  0.0, Avg:  0.0, Max:  0.0, Diff:  0.0, Sum:  0.0, Workers: 4
[4.398s][debug][gc,phases      ] GC(5)     Dead                           Min: 0, Avg:  0.0, Max: 0, Diff: 0, Sum: 0, Workers: 4
[4.398s][debug][gc,phases      ] GC(5)     Total                          Min: 0, Avg:  0.0, Max: 0, Diff: 0, Sum: 0, Workers: 4
[4.398s][debug][gc,phases      ] GC(5) Weak Processing 0.386ms
[4.398s][debug][gc,age         ] GC(5) Desired survivor size 536870912 bytes, new threshold 7 (max threshold 15)
[4.398s][info ][gc,heap        ] GC(5) PSYoungGen: 1220234K(1572864K)->179994K(1572864K) Eden: 1048576K(1048576K)->0K(1048576K) From: 171658K(524288K)->179994K(524288K)
[4.398s][info ][gc,heap        ] GC(5) ParOldGen: 5609K(6144K)->5617K(6144K)
[4.398s][info ][gc,metaspace   ] GC(5) Metaspace: 53640K(54272K)->53640K(54272K) NonClass: 45717K(46080K)->45717K(46080K) Class: 7923K(8192K)->7923K(8192K)
[4.398s][info ][gc             ] GC(5) Pause Young (Allocation Failure) 1197M->181M(1542M) 76.969ms
[4.398s][info ][gc,cpu         ] GC(5) User=0.28s Sys=0.04s Real=0.08s
[4.398s][info ][safepoint      ] Safepoint "ParallelGCFailedAllocation", Time since last: 7571343 ns, Reaching safepoint: 102700 ns, At safepoint: 77040430 ns, Total: 77143130 ns
[4.528s][info ][safepoint      ] Safepoint "ICBufferFull", Time since last: 130525627 ns, Reaching safepoint: 203001 ns, At safepoint: 31401 ns, Total: 234402 ns
[4.537s][info ][safepoint      ] Safepoint "ICBufferFull", Time since last: 8747248 ns, Reaching safepoint: 142101 ns, At safepoint: 25400 ns, Total: 167501 ns
[4.557s][info ][safepoint      ] Safepoint "ICBufferFull", Time since last: 19901511 ns, Reaching safepoint: 124401 ns, At safepoint: 22600 ns, Total: 147001 ns
[4.582s][info ][safepoint      ] Safepoint "ICBufferFull", Time since last: 24960739 ns, Reaching safepoint: 115501 ns, At safepoint: 20600 ns, Total: 136101 ns
[4.594s][info ][safepoint      ] Safepoint "ICBufferFull", Time since last: 9017150 ns, Reaching safepoint: 2146912 ns, At safepoint: 22400 ns, Total: 2169312 ns
[4.602s][info ][safepoint      ] Safepoint "ICBufferFull", Time since last: 4854127 ns, Reaching safepoint: 3175518 ns, At safepoint: 27200 ns, Total: 3202718 ns
[4.611s][info ][gc,start       ] GC(6) Pause Young (Allocation Failure)
[4.672s][debug][gc,phases      ] GC(6) Scavenge 60.817ms
[4.672s][debug][gc,ref         ] GC(6) Skipped phase 1 of Reference Processing: no references
[4.672s][debug][gc,ref         ] GC(6) ReferenceProcessor::execute queues: 4, RefProcThreadModel::Multi, marks_oops_alive: false
[4.672s][debug][gc,ref         ] GC(6) Skipped phase 3 of Reference Processing: no references
[4.672s][debug][gc,ref         ] GC(6) ReferenceProcessor::execute queues: 1, RefProcThreadModel::Single, marks_oops_alive: false
[4.672s][debug][gc,phases      ] GC(6) Reference Processing 0.303ms
[4.672s][debug][gc,phases      ] GC(6)   VM Weak                        Min:  0.0, Avg:  0.0, Max:  0.0, Diff:  0.0, Sum:  0.0, Workers: 4
[4.672s][debug][gc,phases      ] GC(6)     Dead                           Min: 0, Avg:  0.0, Max: 0, Diff: 0, Sum: 0, Workers: 4
[4.672s][debug][gc,phases      ] GC(6)     Total                          Min: 0, Avg: 111.2, Max: 192, Diff: 192, Sum: 445, Workers: 4
[4.672s][debug][gc,phases      ] GC(6)   ObjectSynchronizer Weak        Min:  0.0, Avg:  0.0, Max:  0.0, Diff:  0.0, Sum:  0.0, Workers: 4
[4.672s][debug][gc,phases      ] GC(6)     Dead                           Min: 0, Avg:  0.0, Max: 0, Diff: 0, Sum: 0, Workers: 4
[4.672s][debug][gc,phases      ] GC(6)     Total                          Min: 0, Avg: 108.8, Max: 192, Diff: 192, Sum: 435, Workers: 4
[4.672s][debug][gc,phases      ] GC(6)   JVMTI Tag Weak OopStorage      Min:  0.0, Avg:  0.0, Max:  0.0, Diff:  0.0, Sum:  0.0, Workers: 4
[4.672s][debug][gc,phases      ] GC(6)     Dead                           Min: 0, Avg:  0.0, Max: 0, Diff: 0, Sum: 0, Workers: 4
[4.672s][debug][gc,phases      ] GC(6)     Total                          Min: 0, Avg:  0.0, Max: 0, Diff: 0, Sum: 0, Workers: 4
[4.672s][debug][gc,phases      ] GC(6)   StringTable Weak               Min:  0.3, Avg:  0.3, Max:  0.3, Diff:  0.0, Sum:  1.1, Workers: 4
[4.672s][debug][gc,phases      ] GC(6)     Dead                           Min: 0, Avg:  0.2, Max: 1, Diff: 1, Sum: 1, Workers: 4
[4.672s][debug][gc,phases      ] GC(6)     Total                          Min: 8990, Avg: 9591.5, Max: 10496, Diff: 1506, Sum: 38366, Workers: 4
[4.672s][debug][gc,phases      ] GC(6)   ResolvedMethodTable Weak       Min:  0.0, Avg:  0.0, Max:  0.0, Diff:  0.0, Sum:  0.2, Workers: 4
[4.672s][debug][gc,phases      ] GC(6)     Dead                           Min: 0, Avg:  0.0, Max: 0, Diff: 0, Sum: 0, Workers: 4
[4.672s][debug][gc,phases      ] GC(6)     Total                          Min: 1152, Avg: 1229.0, Max: 1280, Diff: 128, Sum: 4916, Workers: 4
[4.672s][debug][gc,phases      ] GC(6)   JNI Weak                       Min:  0.0, Avg:  0.0, Max:  0.0, Diff:  0.0, Sum:  0.0, Workers: 4
[4.672s][debug][gc,phases      ] GC(6)     Dead                           Min: 0, Avg:  0.0, Max: 0, Diff: 0, Sum: 0, Workers: 4
[4.672s][debug][gc,phases      ] GC(6)     Total                          Min: 0, Avg:  4.0, Max: 16, Diff: 16, Sum: 16, Workers: 4
[4.673s][debug][gc,phases      ] GC(6)   StringDedup Table Weak         Min:  0.0, Avg:  0.0, Max:  0.0, Diff:  0.0, Sum:  0.0, Workers: 4
[4.673s][debug][gc,phases      ] GC(6)     Dead                           Min: 0, Avg:  0.0, Max: 0, Diff: 0, Sum: 0, Workers: 4
[4.673s][debug][gc,phases      ] GC(6)     Total                          Min: 0, Avg:  0.0, Max: 0, Diff: 0, Sum: 0, Workers: 4
[4.673s][debug][gc,phases      ] GC(6)   StringDedup Requests0 Weak     Min:  0.0, Avg:  0.0, Max:  0.0, Diff:  0.0, Sum:  0.0, Workers: 4
[4.673s][debug][gc,phases      ] GC(6)     Dead                           Min: 0, Avg:  0.0, Max: 0, Diff: 0, Sum: 0, Workers: 4
[4.673s][debug][gc,phases      ] GC(6)     Total                          Min: 0, Avg:  0.0, Max: 0, Diff: 0, Sum: 0, Workers: 4
[4.673s][debug][gc,phases      ] GC(6)   StringDedup Requests1 Weak     Min:  0.0, Avg:  0.0, Max:  0.0, Diff:  0.0, Sum:  0.0, Workers: 4
[4.673s][debug][gc,phases      ] GC(6)     Dead                           Min: 0, Avg:  0.0, Max: 0, Diff: 0, Sum: 0, Workers: 4
[4.673s][debug][gc,phases      ] GC(6)     Total                          Min: 0, Avg:  0.0, Max: 0, Diff: 0, Sum: 0, Workers: 4
[4.673s][debug][gc,phases      ] GC(6)   Weak JFR Old Object Samples    Min:  0.0, Avg:  0.0, Max:  0.0, Diff:  0.0, Sum:  0.0, Workers: 4
[4.673s][debug][gc,phases      ] GC(6)     Dead                           Min: 0, Avg:  0.0, Max: 0, Diff: 0, Sum: 0, Workers: 4
[4.673s][debug][gc,phases      ] GC(6)     Total                          Min: 0, Avg:  0.0, Max: 0, Diff: 0, Sum: 0, Workers: 4
[4.673s][debug][gc,phases      ] GC(6) Weak Processing 0.531ms
[4.673s][debug][gc,age         ] GC(6) Desired survivor size 268435456 bytes, new threshold 6 (max threshold 15)
[4.673s][info ][gc,heap        ] GC(6) PSYoungGen: 1228570K(1572864K)->182027K(1572864K) Eden: 1048576K(1048576K)->0K(1048576K) From: 179994K(524288K)->182027K(524288K)
[4.673s][info ][gc,heap        ] GC(6) ParOldGen: 5617K(6144K)->5625K(6144K)
[4.673s][info ][gc,metaspace   ] GC(6) Metaspace: 54088K(54656K)->54088K(54656K) NonClass: 46084K(46400K)->46084K(46400K) Class: 8003K(8256K)->8003K(8256K)
[4.673s][info ][gc             ] GC(6) Pause Young (Allocation Failure) 1205M->183M(1542M) 61.779ms
[4.673s][info ][gc,cpu         ] GC(6) User=0.24s Sys=0.00s Real=0.06s
[4.673s][info ][safepoint      ] Safepoint "ParallelGCFailedAllocation", Time since last: 8971150 ns, Reaching safepoint: 159301 ns, At safepoint: 61867345 ns, Total: 62026646 ns
[4.684s][info ][safepoint      ] Safepoint "ICBufferFull", Time since last: 11129162 ns, Reaching safepoint: 102501 ns, At safepoint: 29800 ns, Total: 132301 ns
[4.713s][info ][safepoint      ] Safepoint "ICBufferFull", Time since last: 28429358 ns, Reaching safepoint: 128401 ns, At safepoint: 23800 ns, Total: 152201 ns
[4.730s][info ][safepoint      ] Safepoint "ICBufferFull", Time since last: 17326097 ns, Reaching safepoint: 465402 ns, At safepoint: 27200 ns, Total: 492602 ns
[4.740s][info ][safepoint      ] Safepoint "ICBufferFull", Time since last: 9699154 ns, Reaching safepoint: 91601 ns, At safepoint: 29400 ns, Total: 121001 ns
[4.756s][info ][safepoint      ] Safepoint "ICBufferFull", Time since last: 13521375 ns, Reaching safepoint: 2155212 ns, At safepoint: 25901 ns, Total: 2181113 ns
[4.773s][info ][safepoint      ] Safepoint "ICBufferFull", Time since last: 14149178 ns, Reaching safepoint: 3196818 ns, At safepoint: 44900 ns, Total: 3241718 ns
[4.785s][info ][safepoint      ] Safepoint "ICBufferFull", Time since last: 11318864 ns, Reaching safepoint: 119600 ns, At safepoint: 28800 ns, Total: 148400 ns
[4.796s][info ][safepoint      ] Safepoint "ICBufferFull", Time since last: 11623565 ns, Reaching safepoint: 96301 ns, At safepoint: 24000 ns, Total: 120301 ns
[4.804s][info ][safepoint      ] Safepoint "ICBufferFull", Time since last: 7221040 ns, Reaching safepoint: 119701 ns, At safepoint: 29800 ns, Total: 149501 ns
[4.814s][info ][safepoint      ] Safepoint "ICBufferFull", Time since last: 10075756 ns, Reaching safepoint: 101201 ns, At safepoint: 22900 ns, Total: 124101 ns
[4.821s][info ][safepoint      ] Safepoint "ICBufferFull", Time since last: 5166028 ns, Reaching safepoint: 2125012 ns, At safepoint: 25000 ns, Total: 2150012 ns
[4.825s][info ][safepoint      ] Safepoint "ICBufferFull", Time since last: 3776522 ns, Reaching safepoint: 98600 ns, At safepoint: 26900 ns, Total: 125500 ns
[4.836s][info ][safepoint      ] Safepoint "ICBufferFull", Time since last: 10297658 ns, Reaching safepoint: 66300 ns, At safepoint: 31000 ns, Total: 97300 ns
[4.847s][info ][safepoint      ] Safepoint "ICBufferFull", Time since last: 11059762 ns, Reaching safepoint: 94100 ns, At safepoint: 27300 ns, Total: 121400 ns
[4.856s][info ][safepoint      ] Safepoint "ICBufferFull", Time since last: 8664549 ns, Reaching safepoint: 106100 ns, At safepoint: 21400 ns, Total: 127500 ns
[4.860s][info ][safepoint      ] Safepoint "ICBufferFull", Time since last: 4728727 ns, Reaching safepoint: 67900 ns, At safepoint: 24900 ns, Total: 92800 ns
[4.866s][info ][safepoint      ] Safepoint "ICBufferFull", Time since last: 5841033 ns, Reaching safepoint: 88800 ns, At safepoint: 24500 ns, Total: 113300 ns
[4.871s][info ][safepoint      ] Safepoint "ICBufferFull", Time since last: 4816927 ns, Reaching safepoint: 92401 ns, At safepoint: 24100 ns, Total: 116501 ns
[4.879s][info ][safepoint      ] Safepoint "ICBufferFull", Time since last: 7170540 ns, Reaching safepoint: 89800 ns, At safepoint: 26201 ns, Total: 116001 ns
[4.880s][info ][safepoint      ] Safepoint "ICBufferFull", Time since last: 1607809 ns, Reaching safepoint: 54400 ns, At safepoint: 25900 ns, Total: 80300 ns
[4.888s][info ][safepoint      ] Safepoint "ICBufferFull", Time since last: 7207440 ns, Reaching safepoint: 100501 ns, At safepoint: 25700 ns, Total: 126201 ns
[4.892s][info ][safepoint      ] Safepoint "ICBufferFull", Time since last: 4730826 ns, Reaching safepoint: 52701 ns, At safepoint: 27700 ns, Total: 80401 ns
[4.901s][info ][safepoint      ] Safepoint "ICBufferFull", Time since last: 5808732 ns, Reaching safepoint: 3189418 ns, At safepoint: 19200 ns, Total: 3208618 ns
[4.909s][info ][safepoint      ] Safepoint "ICBufferFull", Time since last: 7303541 ns, Reaching safepoint: 98900 ns, At safepoint: 20900 ns, Total: 119800 ns
[4.912s][info ][safepoint      ] Safepoint "ICBufferFull", Time since last: 2570015 ns, Reaching safepoint: 101800 ns, At safepoint: 24300 ns, Total: 126100 ns
[4.947s][info ][safepoint      ] Safepoint "ICBufferFull", Time since last: 35296797 ns, Reaching safepoint: 115501 ns, At safepoint: 27100 ns, Total: 142601 ns
[4.962s][info ][safepoint      ] Safepoint "ICBufferFull", Time since last: 14766182 ns, Reaching safepoint: 116601 ns, At safepoint: 23200 ns, Total: 139801 ns
[4.987s][info ][safepoint      ] Safepoint "ICBufferFull", Time since last: 25161140 ns, Reaching safepoint: 100501 ns, At safepoint: 23800 ns, Total: 124301 ns
[4.998s][info ][safepoint      ] Safepoint "ICBufferFull", Time since last: 10900560 ns, Reaching safepoint: 111901 ns, At safepoint: 33600 ns, Total: 145501 ns
[5.085s][info ][gc,start       ] GC(7) Pause Young (Allocation Failure)
[5.160s][debug][gc,phases      ] GC(7) Scavenge 75.081ms
[5.160s][debug][gc,ref         ] GC(7) Skipped phase 1 of Reference Processing: no references
[5.160s][debug][gc,ref         ] GC(7) ReferenceProcessor::execute queues: 4, RefProcThreadModel::Multi, marks_oops_alive: false
[5.161s][debug][gc,ref         ] GC(7) Skipped phase 3 of Reference Processing: no references
[5.161s][debug][gc,ref         ] GC(7) ReferenceProcessor::execute queues: 1, RefProcThreadModel::Single, marks_oops_alive: false
[5.161s][debug][gc,phases      ] GC(7) Reference Processing 0.244ms
[5.161s][debug][gc,phases      ] GC(7)   VM Weak                        Min:  0.0, Avg:  0.0, Max:  0.0, Diff:  0.0, Sum:  0.0, Workers: 4
[5.161s][debug][gc,phases      ] GC(7)     Dead                           Min: 0, Avg:  0.0, Max: 0, Diff: 0, Sum: 0, Workers: 4
[5.161s][debug][gc,phases      ] GC(7)     Total                          Min: 0, Avg: 117.5, Max: 278, Diff: 278, Sum: 470, Workers: 4
[5.161s][debug][gc,phases      ] GC(7)   ObjectSynchronizer Weak        Min:  0.0, Avg:  0.0, Max:  0.0, Diff:  0.0, Sum:  0.0, Workers: 4
[5.161s][debug][gc,phases      ] GC(7)     Dead                           Min: 0, Avg:  0.0, Max: 0, Diff: 0, Sum: 0, Workers: 4
[5.161s][debug][gc,phases      ] GC(7)     Total                          Min: 51, Avg: 108.8, Max: 128, Diff: 77, Sum: 435, Workers: 4
[5.161s][debug][gc,phases      ] GC(7)   JVMTI Tag Weak OopStorage      Min:  0.0, Avg:  0.0, Max:  0.0, Diff:  0.0, Sum:  0.0, Workers: 4
[5.161s][debug][gc,phases      ] GC(7)     Dead                           Min: 0, Avg:  0.0, Max: 0, Diff: 0, Sum: 0, Workers: 4
[5.161s][debug][gc,phases      ] GC(7)     Total                          Min: 0, Avg:  0.0, Max: 0, Diff: 0, Sum: 0, Workers: 4
[5.161s][debug][gc,phases      ] GC(7)   StringTable Weak               Min:  0.2, Avg:  0.2, Max:  0.2, Diff:  0.0, Sum:  0.8, Workers: 4
[5.161s][debug][gc,phases      ] GC(7)     Dead                           Min: 0, Avg:  4.0, Max: 13, Diff: 13, Sum: 16, Workers: 4
[5.161s][debug][gc,phases      ] GC(7)     Total                          Min: 9343, Avg: 9612.2, Max: 10098, Diff: 755, Sum: 38449, Workers: 4
[5.161s][debug][gc,phases      ] GC(7)   ResolvedMethodTable Weak       Min:  0.0, Avg:  0.0, Max:  0.0, Diff:  0.0, Sum:  0.1, Workers: 4
[5.161s][debug][gc,phases      ] GC(7)     Dead                           Min: 0, Avg:  3.5, Max: 14, Diff: 14, Sum: 14, Workers: 4
[5.161s][debug][gc,phases      ] GC(7)     Total                          Min: 1205, Avg: 1261.2, Max: 1408, Diff: 203, Sum: 5045, Workers: 4
[5.161s][debug][gc,phases      ] GC(7)   JNI Weak                       Min:  0.0, Avg:  0.0, Max:  0.0, Diff:  0.0, Sum:  0.0, Workers: 4
[5.161s][debug][gc,phases      ] GC(7)     Dead                           Min: 0, Avg:  0.0, Max: 0, Diff: 0, Sum: 0, Workers: 4
[5.161s][debug][gc,phases      ] GC(7)     Total                          Min: 0, Avg:  0.2, Max: 1, Diff: 1, Sum: 1, Workers: 4
[5.161s][debug][gc,phases      ] GC(7)   StringDedup Table Weak         Min:  0.0, Avg:  0.0, Max:  0.0, Diff:  0.0, Sum:  0.0, Workers: 4
[5.161s][debug][gc,phases      ] GC(7)     Dead                           Min: 0, Avg:  0.0, Max: 0, Diff: 0, Sum: 0, Workers: 4
[5.161s][debug][gc,phases      ] GC(7)     Total                          Min: 0, Avg:  0.0, Max: 0, Diff: 0, Sum: 0, Workers: 4
[5.161s][debug][gc,phases      ] GC(7)   StringDedup Requests0 Weak     Min:  0.0, Avg:  0.0, Max:  0.0, Diff:  0.0, Sum:  0.0, Workers: 4
[5.161s][debug][gc,phases      ] GC(7)     Dead                           Min: 0, Avg:  0.0, Max: 0, Diff: 0, Sum: 0, Workers: 4
[5.161s][debug][gc,phases      ] GC(7)     Total                          Min: 0, Avg:  0.0, Max: 0, Diff: 0, Sum: 0, Workers: 4
[5.161s][debug][gc,phases      ] GC(7)   StringDedup Requests1 Weak     Min:  0.0, Avg:  0.0, Max:  0.0, Diff:  0.0, Sum:  0.0, Workers: 4
[5.161s][debug][gc,phases      ] GC(7)     Dead                           Min: 0, Avg:  0.0, Max: 0, Diff: 0, Sum: 0, Workers: 4
[5.161s][debug][gc,phases      ] GC(7)     Total                          Min: 0, Avg:  0.0, Max: 0, Diff: 0, Sum: 0, Workers: 4
[5.161s][debug][gc,phases      ] GC(7)   Weak JFR Old Object Samples    Min:  0.0, Avg:  0.0, Max:  0.0, Diff:  0.0, Sum:  0.0, Workers: 4
[5.161s][debug][gc,phases      ] GC(7)     Dead                           Min: 0, Avg:  0.0, Max: 0, Diff: 0, Sum: 0, Workers: 4
[5.161s][debug][gc,phases      ] GC(7)     Total                          Min: 0, Avg:  0.0, Max: 0, Diff: 0, Sum: 0, Workers: 4
[5.161s][debug][gc,phases      ] GC(7) Weak Processing 0.359ms
[5.161s][debug][gc,age         ] GC(7) Desired survivor size 279445504 bytes, new threshold 5 (max threshold 15)
[5.161s][info ][gc,heap        ] GC(7) PSYoungGen: 1230603K(1572864K)->181330K(1813504K) Eden: 1048576K(1048576K)->0K(1551360K) From: 182027K(524288K)->181330K(262144K)
[5.161s][info ][gc,heap        ] GC(7) ParOldGen: 5625K(6144K)->5633K(6144K)
[5.161s][info ][gc,metaspace   ] GC(7) Metaspace: 54635K(55296K)->54635K(55296K) NonClass: 46558K(46976K)->46558K(46976K) Class: 8076K(8320K)->8076K(8320K)
[5.161s][info ][gc             ] GC(7) Pause Young (Allocation Failure) 1207M->182M(1777M) 75.811ms
[5.161s][info ][gc,cpu         ] GC(7) User=0.21s Sys=0.09s Real=0.07s
[5.161s][info ][safepoint      ] Safepoint "ParallelGCFailedAllocation", Time since last: 86738984 ns, Reaching safepoint: 167101 ns, At safepoint: 75898223 ns, Total: 76065324 ns
[5.560s][info ][gc,start       ] GC(8) Pause Young (Allocation Failure)
[5.637s][debug][gc,phases      ] GC(8) Scavenge 76.988ms
[5.637s][debug][gc,ref         ] GC(8) Skipped phase 1 of Reference Processing: no references
[5.637s][debug][gc,ref         ] GC(8) ReferenceProcessor::execute queues: 4, RefProcThreadModel::Multi, marks_oops_alive: false
[5.637s][debug][gc,ref         ] GC(8) Skipped phase 3 of Reference Processing: no references
[5.637s][debug][gc,ref         ] GC(8) ReferenceProcessor::execute queues: 1, RefProcThreadModel::Single, marks_oops_alive: false
[5.637s][debug][gc,phases      ] GC(8) Reference Processing 0.285ms
[5.637s][debug][gc,phases      ] GC(8)   VM Weak                        Min:  0.0, Avg:  0.0, Max:  0.0, Diff:  0.0, Sum:  0.0, Workers: 4
[5.637s][debug][gc,phases      ] GC(8)     Dead                           Min: 0, Avg:  0.0, Max: 0, Diff: 0, Sum: 0, Workers: 4
[5.637s][debug][gc,phases      ] GC(8)     Total                          Min: 0, Avg: 132.8, Max: 275, Diff: 275, Sum: 531, Workers: 4
[5.637s][debug][gc,phases      ] GC(8)   ObjectSynchronizer Weak        Min:  0.0, Avg:  0.0, Max:  0.0, Diff:  0.0, Sum:  0.0, Workers: 4
[5.637s][debug][gc,phases      ] GC(8)     Dead                           Min: 0, Avg:  0.0, Max: 0, Diff: 0, Sum: 0, Workers: 4
[5.637s][debug][gc,phases      ] GC(8)     Total                          Min: 0, Avg: 108.8, Max: 192, Diff: 192, Sum: 435, Workers: 4
[5.637s][debug][gc,phases      ] GC(8)   JVMTI Tag Weak OopStorage      Min:  0.0, Avg:  0.0, Max:  0.0, Diff:  0.0, Sum:  0.0, Workers: 4
[5.637s][debug][gc,phases      ] GC(8)     Dead                           Min: 0, Avg:  0.0, Max: 0, Diff: 0, Sum: 0, Workers: 4
[5.637s][debug][gc,phases      ] GC(8)     Total                          Min: 0, Avg:  0.0, Max: 0, Diff: 0, Sum: 0, Workers: 4
[5.637s][debug][gc,phases      ] GC(8)   StringTable Weak               Min:  0.2, Avg:  0.2, Max:  0.2, Diff:  0.0, Sum:  0.9, Workers: 4
[5.637s][debug][gc,phases      ] GC(8)     Dead                           Min: 0, Avg:  4.8, Max: 16, Diff: 16, Sum: 19, Workers: 4
[5.637s][debug][gc,phases      ] GC(8)     Total                          Min: 7589, Avg: 9897.2, Max: 11968, Diff: 4379, Sum: 39589, Workers: 4
[5.637s][debug][gc,phases      ] GC(8)   ResolvedMethodTable Weak       Min:  0.0, Avg:  0.0, Max:  0.0, Diff:  0.0, Sum:  0.2, Workers: 4
[5.637s][debug][gc,phases      ] GC(8)     Dead                           Min: 0, Avg: 12.5, Max: 32, Diff: 32, Sum: 50, Workers: 4
[5.637s][debug][gc,phases      ] GC(8)     Total                          Min: 1024, Avg: 1503.2, Max: 2045, Diff: 1021, Sum: 6013, Workers: 4
[5.637s][debug][gc,phases      ] GC(8)   JNI Weak                       Min:  0.0, Avg:  0.0, Max:  0.0, Diff:  0.0, Sum:  0.0, Workers: 4
[5.637s][debug][gc,phases      ] GC(8)     Dead                           Min: 0, Avg:  0.0, Max: 0, Diff: 0, Sum: 0, Workers: 4
[5.637s][debug][gc,phases      ] GC(8)     Total                          Min: 0, Avg:  0.2, Max: 1, Diff: 1, Sum: 1, Workers: 4
[5.637s][debug][gc,phases      ] GC(8)   StringDedup Table Weak         Min:  0.0, Avg:  0.0, Max:  0.0, Diff:  0.0, Sum:  0.0, Workers: 4
[5.637s][debug][gc,phases      ] GC(8)     Dead                           Min: 0, Avg:  0.0, Max: 0, Diff: 0, Sum: 0, Workers: 4
[5.637s][debug][gc,phases      ] GC(8)     Total                          Min: 0, Avg:  0.0, Max: 0, Diff: 0, Sum: 0, Workers: 4
[5.637s][debug][gc,phases      ] GC(8)   StringDedup Requests0 Weak     Min:  0.0, Avg:  0.0, Max:  0.0, Diff:  0.0, Sum:  0.0, Workers: 4
[5.637s][debug][gc,phases      ] GC(8)     Dead                           Min: 0, Avg:  0.0, Max: 0, Diff: 0, Sum: 0, Workers: 4
[5.637s][debug][gc,phases      ] GC(8)     Total                          Min: 0, Avg:  0.0, Max: 0, Diff: 0, Sum: 0, Workers: 4
[5.637s][debug][gc,phases      ] GC(8)   StringDedup Requests1 Weak     Min:  0.0, Avg:  0.0, Max:  0.0, Diff:  0.0, Sum:  0.0, Workers: 4
[5.637s][debug][gc,phases      ] GC(8)     Dead                           Min: 0, Avg:  0.0, Max: 0, Diff: 0, Sum: 0, Workers: 4
[5.637s][debug][gc,phases      ] GC(8)     Total                          Min: 0, Avg:  0.0, Max: 0, Diff: 0, Sum: 0, Workers: 4
[5.637s][debug][gc,phases      ] GC(8)   Weak JFR Old Object Samples    Min:  0.0, Avg:  0.0, Max:  0.0, Diff:  0.0, Sum:  0.0, Workers: 4
[5.637s][debug][gc,phases      ] GC(8)     Dead                           Min: 0, Avg:  0.0, Max: 0, Diff: 0, Sum: 0, Workers: 4
[5.637s][debug][gc,phases      ] GC(8)     Total                          Min: 0, Avg:  0.0, Max: 0, Diff: 0, Sum: 0, Workers: 4
[5.637s][debug][gc,phases      ] GC(8) Weak Processing 0.428ms
[5.637s][debug][gc,age         ] GC(8) Desired survivor size 260046848 bytes, new threshold 4 (max threshold 15)
[5.637s][info ][gc,heap        ] GC(8) PSYoungGen: 1732690K(1813504K)->129924K(1824256K) Eden: 1551360K(1551360K)->0K(1551360K) From: 181330K(262144K)->129924K(272896K)
[5.637s][info ][gc,heap        ] GC(8) ParOldGen: 5633K(6144K)->61887K(61952K)
[5.637s][info ][gc,metaspace   ] GC(8) Metaspace: 58151K(58816K)->58151K(58816K) NonClass: 49430K(49792K)->49430K(49792K) Class: 8720K(9024K)->8720K(9024K)
[5.637s][info ][gc             ] GC(8) Pause Young (Allocation Failure) 1697M->187M(1842M) 77.825ms
[5.637s][info ][gc,cpu         ] GC(8) User=0.29s Sys=0.02s Real=0.08s
[5.637s][debug][gc,phases      ] GC(9) Pre Compact 0.009ms
[5.637s][info ][gc,start       ] GC(9) Pause Full (Ergonomics)
[5.637s][info ][gc,phases,start] GC(9) Marking Phase
[5.713s][debug][gc,phases      ] GC(9) Par Mark 75.673ms
[5.713s][debug][gc,ref         ] GC(9) Skipped phase 1 of Reference Processing: no references
[5.713s][debug][gc,ref         ] GC(9) ReferenceProcessor::execute queues: 4, RefProcThreadModel::Multi, marks_oops_alive: false
[5.713s][debug][gc,ref         ] GC(9) Skipped phase 3 of Reference Processing: no references
[5.713s][debug][gc,ref         ] GC(9) ReferenceProcessor::execute queues: 1, RefProcThreadModel::Single, marks_oops_alive: false
[5.713s][debug][gc,phases      ] GC(9) Reference Processing 0.332ms
[5.714s][debug][gc,phases      ] GC(9)   VM Weak                        Min:  0.0, Avg:  0.0, Max:  0.0, Diff:  0.0, Sum:  0.0, Workers: 4
[5.714s][debug][gc,phases      ] GC(9)     Dead                           Min: 0, Avg:  2.0, Max: 6, Diff: 6, Sum: 8, Workers: 4
[5.714s][debug][gc,phases      ] GC(9)     Total                          Min: 0, Avg: 132.8, Max: 320, Diff: 320, Sum: 531, Workers: 4
[5.714s][debug][gc,phases      ] GC(9)   ObjectSynchronizer Weak        Min:  0.0, Avg:  0.0, Max:  0.0, Diff:  0.0, Sum:  0.0, Workers: 4
[5.714s][debug][gc,phases      ] GC(9)     Dead                           Min: 0, Avg:  0.0, Max: 0, Diff: 0, Sum: 0, Workers: 4
[5.714s][debug][gc,phases      ] GC(9)     Total                          Min: 0, Avg: 108.8, Max: 243, Diff: 243, Sum: 435, Workers: 4
[5.714s][debug][gc,phases      ] GC(9)   JVMTI Tag Weak OopStorage      Min:  0.0, Avg:  0.0, Max:  0.0, Diff:  0.0, Sum:  0.0, Workers: 4
[5.714s][debug][gc,phases      ] GC(9)     Dead                           Min: 0, Avg:  0.0, Max: 0, Diff: 0, Sum: 0, Workers: 4
[5.714s][debug][gc,phases      ] GC(9)     Total                          Min: 0, Avg:  0.0, Max: 0, Diff: 0, Sum: 0, Workers: 4
[5.714s][debug][gc,phases      ] GC(9)   StringTable Weak               Min:  0.1, Avg:  0.1, Max:  0.1, Diff:  0.0, Sum:  0.5, Workers: 4
[5.714s][debug][gc,phases      ] GC(9)     Dead                           Min: 0, Avg:  0.0, Max: 0, Diff: 0, Sum: 0, Workers: 4
[5.714s][debug][gc,phases      ] GC(9)     Total                          Min: 8640, Avg: 9897.2, Max: 10816, Diff: 2176, Sum: 39589, Workers: 4
[5.714s][debug][gc,phases      ] GC(9)   ResolvedMethodTable Weak       Min:  0.0, Avg:  0.0, Max:  0.0, Diff:  0.0, Sum:  0.1, Workers: 4
[5.714s][debug][gc,phases      ] GC(9)     Dead                           Min: 0, Avg:  2.0, Max: 8, Diff: 8, Sum: 8, Workers: 4
[5.714s][debug][gc,phases      ] GC(9)     Total                          Min: 1408, Avg: 1503.2, Max: 1600, Diff: 192, Sum: 6013, Workers: 4
[5.714s][debug][gc,phases      ] GC(9)   JNI Weak                       Min:  0.0, Avg:  0.0, Max:  0.0, Diff:  0.0, Sum:  0.0, Workers: 4
[5.714s][debug][gc,phases      ] GC(9)     Dead                           Min: 0, Avg:  0.0, Max: 0, Diff: 0, Sum: 0, Workers: 4
[5.714s][debug][gc,phases      ] GC(9)     Total                          Min: 0, Avg:  0.2, Max: 1, Diff: 1, Sum: 1, Workers: 4
[5.714s][debug][gc,phases      ] GC(9)   StringDedup Table Weak         Min:  0.0, Avg:  0.0, Max:  0.0, Diff:  0.0, Sum:  0.0, Workers: 4
[5.714s][debug][gc,phases      ] GC(9)     Dead                           Min: 0, Avg:  0.0, Max: 0, Diff: 0, Sum: 0, Workers: 4
[5.714s][debug][gc,phases      ] GC(9)     Total                          Min: 0, Avg:  0.0, Max: 0, Diff: 0, Sum: 0, Workers: 4
[5.714s][debug][gc,phases      ] GC(9)   StringDedup Requests0 Weak     Min:  0.0, Avg:  0.0, Max:  0.0, Diff:  0.0, Sum:  0.0, Workers: 4
[5.714s][debug][gc,phases      ] GC(9)     Dead                           Min: 0, Avg:  0.0, Max: 0, Diff: 0, Sum: 0, Workers: 4
[5.714s][debug][gc,phases      ] GC(9)     Total                          Min: 0, Avg:  0.0, Max: 0, Diff: 0, Sum: 0, Workers: 4
[5.714s][debug][gc,phases      ] GC(9)   StringDedup Requests1 Weak     Min:  0.0, Avg:  0.0, Max:  0.0, Diff:  0.0, Sum:  0.0, Workers: 4
[5.714s][debug][gc,phases      ] GC(9)     Dead                           Min: 0, Avg:  0.0, Max: 0, Diff: 0, Sum: 0, Workers: 4
[5.714s][debug][gc,phases      ] GC(9)     Total                          Min: 0, Avg:  0.0, Max: 0, Diff: 0, Sum: 0, Workers: 4
[5.714s][debug][gc,phases      ] GC(9)   Weak JFR Old Object Samples    Min:  0.0, Avg:  0.0, Max:  0.0, Diff:  0.0, Sum:  0.0, Workers: 4
[5.714s][debug][gc,phases      ] GC(9)     Dead                           Min: 0, Avg:  0.0, Max: 0, Diff: 0, Sum: 0, Workers: 4
[5.714s][debug][gc,phases      ] GC(9)     Total                          Min: 0, Avg:  0.0, Max: 0, Diff: 0, Sum: 0, Workers: 4
[5.714s][debug][gc,phases      ] GC(9) Weak Processing 0.299ms
[5.714s][debug][gc,phases      ] GC(9) ClassLoaderData 0.168ms
[5.714s][debug][gc,phases      ] GC(9) Trigger cleanups 0.007ms
[5.723s][debug][gc,phases      ] GC(9) Class Unloading 8.927ms
[5.723s][info ][gc,phases      ] GC(9) Marking Phase 85.369ms
[5.723s][info ][gc,phases,start] GC(9) Summary Phase
[5.723s][info ][gc,phases      ] GC(9) Summary Phase 0.008ms
[5.723s][info ][gc,phases,start] GC(9) Adjust Roots
[5.732s][info ][gc,phases      ] GC(9) Adjust Roots 9.625ms
[5.732s][info ][gc,phases,start] GC(9) Compaction Phase
[6.458s][info ][gc,phases      ] GC(9) Compaction Phase 725.947ms
[6.458s][info ][gc,phases,start] GC(9) Post Compact
[6.459s][info ][gc,phases      ] GC(9) Post Compact 0.890ms
[6.459s][info ][gc,heap        ] GC(9) PSYoungGen: 129924K(1824256K)->129746K(1824256K) Eden: 0K(1551360K)->0K(1551360K) From: 129924K(272896K)->129746K(272896K)
[6.459s][info ][gc,heap        ] GC(9) ParOldGen: 61887K(61952K)->61594K(100352K)
[6.459s][info ][gc,metaspace   ] GC(9) Metaspace: 58151K(58816K)->58137K(58816K) NonClass: 49430K(49792K)->49420K(49792K) Class: 8720K(9024K)->8716K(9024K)
[6.459s][info ][gc             ] GC(9) Pause Full (Ergonomics) 187M->186M(1879M) 822.039ms
[6.459s][info ][gc,cpu         ] GC(9) User=1.92s Sys=0.03s Real=0.82s
[6.468s][info ][safepoint      ] Safepoint "ParallelGCFailedAllocation", Time since last: 396558409 ns, Reaching safepoint: 1862211 ns, At safepoint: 908345360 ns, Total: 910207571 ns
[6.762s][info ][gc,start       ] GC(10) Pause Young (Allocation Failure)
[6.862s][debug][gc,phases      ] GC(10) Scavenge 99.297ms
[6.862s][debug][gc,ref         ] GC(10) Skipped phase 1 of Reference Processing: no references
[6.862s][debug][gc,ref         ] GC(10) ReferenceProcessor::execute queues: 1, RefProcThreadModel::Single, marks_oops_alive: false
[6.862s][debug][gc,ref         ] GC(10) Skipped phase 3 of Reference Processing: no references
[6.862s][debug][gc,ref         ] GC(10) ReferenceProcessor::execute queues: 1, RefProcThreadModel::Single, marks_oops_alive: false
[6.862s][debug][gc,phases      ] GC(10) Reference Processing 0.152ms
[6.862s][debug][gc,phases      ] GC(10)   VM Weak                        Min:  0.0, Avg:  0.0, Max:  0.0, Diff:  0.0, Sum:  0.0, Workers: 4
[6.862s][debug][gc,phases      ] GC(10)     Dead                           Min: 0, Avg:  0.0, Max: 0, Diff: 0, Sum: 0, Workers: 4
[6.862s][debug][gc,phases      ] GC(10)     Total                          Min: 0, Avg: 131.2, Max: 318, Diff: 318, Sum: 525, Workers: 4
[6.862s][debug][gc,phases      ] GC(10)   ObjectSynchronizer Weak        Min:  0.0, Avg:  0.0, Max:  0.0, Diff:  0.0, Sum:  0.0, Workers: 4
[6.862s][debug][gc,phases      ] GC(10)     Dead                           Min: 0, Avg:  0.5, Max: 2, Diff: 2, Sum: 2, Workers: 4
[6.862s][debug][gc,phases      ] GC(10)     Total                          Min: 0, Avg: 114.2, Max: 201, Diff: 201, Sum: 457, Workers: 4
[6.862s][debug][gc,phases      ] GC(10)   JVMTI Tag Weak OopStorage      Min:  0.0, Avg:  0.0, Max:  0.0, Diff:  0.0, Sum:  0.0, Workers: 4
[6.862s][debug][gc,phases      ] GC(10)     Dead                           Min: 0, Avg:  0.0, Max: 0, Diff: 0, Sum: 0, Workers: 4
[6.862s][debug][gc,phases      ] GC(10)     Total                          Min: 0, Avg:  0.0, Max: 0, Diff: 0, Sum: 0, Workers: 4
[6.862s][debug][gc,phases      ] GC(10)   StringTable Weak               Min:  0.1, Avg:  0.1, Max:  0.1, Diff:  0.0, Sum:  0.5, Workers: 4
[6.862s][debug][gc,phases      ] GC(10)     Dead                           Min: 0, Avg:  3.8, Max: 14, Diff: 14, Sum: 15, Workers: 4
[6.862s][debug][gc,phases      ] GC(10)     Total                          Min: 9472, Avg: 9951.2, Max: 10368, Diff: 896, Sum: 39805, Workers: 4
[6.862s][debug][gc,phases      ] GC(10)   ResolvedMethodTable Weak       Min:  0.0, Avg:  0.0, Max:  0.0, Diff:  0.0, Sum:  0.1, Workers: 4
[6.862s][debug][gc,phases      ] GC(10)     Dead                           Min: 0, Avg:  6.2, Max: 23, Diff: 23, Sum: 25, Workers: 4
[6.862s][debug][gc,phases      ] GC(10)     Total                          Min: 1216, Avg: 1533.8, Max: 1663, Diff: 447, Sum: 6135, Workers: 4
[6.862s][debug][gc,phases      ] GC(10)   JNI Weak                       Min:  0.0, Avg:  0.0, Max:  0.0, Diff:  0.0, Sum:  0.0, Workers: 4
[6.862s][debug][gc,phases      ] GC(10)     Dead                           Min: 0, Avg:  0.0, Max: 0, Diff: 0, Sum: 0, Workers: 4
[6.862s][debug][gc,phases      ] GC(10)     Total                          Min: 0, Avg:  1.0, Max: 4, Diff: 4, Sum: 4, Workers: 4
[6.862s][debug][gc,phases      ] GC(10)   StringDedup Table Weak         Min:  0.0, Avg:  0.0, Max:  0.0, Diff:  0.0, Sum:  0.0, Workers: 4
[6.862s][debug][gc,phases      ] GC(10)     Dead                           Min: 0, Avg:  0.0, Max: 0, Diff: 0, Sum: 0, Workers: 4
[6.862s][debug][gc,phases      ] GC(10)     Total                          Min: 0, Avg:  0.0, Max: 0, Diff: 0, Sum: 0, Workers: 4
[6.862s][debug][gc,phases      ] GC(10)   StringDedup Requests0 Weak     Min:  0.0, Avg:  0.0, Max:  0.0, Diff:  0.0, Sum:  0.0, Workers: 4
[6.862s][debug][gc,phases      ] GC(10)     Dead                           Min: 0, Avg:  0.0, Max: 0, Diff: 0, Sum: 0, Workers: 4
[6.862s][debug][gc,phases      ] GC(10)     Total                          Min: 0, Avg:  0.0, Max: 0, Diff: 0, Sum: 0, Workers: 4
[6.862s][debug][gc,phases      ] GC(10)   StringDedup Requests1 Weak     Min:  0.0, Avg:  0.0, Max:  0.0, Diff:  0.0, Sum:  0.0, Workers: 4
[6.862s][debug][gc,phases      ] GC(10)     Dead                           Min: 0, Avg:  0.0, Max: 0, Diff: 0, Sum: 0, Workers: 4
[6.862s][debug][gc,phases      ] GC(10)     Total                          Min: 0, Avg:  0.0, Max: 0, Diff: 0, Sum: 0, Workers: 4
[6.862s][debug][gc,phases      ] GC(10)   Weak JFR Old Object Samples    Min:  0.0, Avg:  0.0, Max:  0.0, Diff:  0.0, Sum:  0.0, Workers: 4
[6.862s][debug][gc,phases      ] GC(10)     Dead                           Min: 0, Avg:  0.0, Max: 0, Diff: 0, Sum: 0, Workers: 4
[6.862s][debug][gc,phases      ] GC(10)     Total                          Min: 0, Avg:  0.0, Max: 0, Diff: 0, Sum: 0, Workers: 4
[6.862s][debug][gc,phases      ] GC(10) Weak Processing 0.310ms
[6.862s][debug][gc,age         ] GC(10) Desired survivor size 268435456 bytes, new threshold 5 (max threshold 15)
[6.862s][info ][gc,heap        ] GC(10) PSYoungGen: 1681106K(1824256K)->14336K(1826816K) Eden: 1551360K(1551360K)->0K(1572864K) From: 129746K(272896K)->14336K(253952K)
[6.862s][info ][gc,heap        ] GC(10) ParOldGen: 61594K(100352K)->181872K(182272K)
[6.862s][info ][gc,metaspace   ] GC(10) Metaspace: 58551K(59264K)->58551K(59264K) NonClass: 49778K(50176K)->49778K(50176K) Class: 8773K(9088K)->8773K(9088K)
[6.862s][info ][gc             ] GC(10) Pause Young (Allocation Failure) 1701M->191M(1962M) 99.873ms
[6.862s][info ][gc,cpu         ] GC(10) User=0.41s Sys=0.05s Real=0.10s
[6.862s][debug][gc,phases      ] GC(11) Pre Compact 0.009ms
[6.862s][info ][gc,start       ] GC(11) Pause Full (Ergonomics)
[6.862s][info ][gc,phases,start] GC(11) Marking Phase
[6.937s][debug][gc,phases      ] GC(11) Par Mark 74.482ms
[6.937s][debug][gc,ref         ] GC(11) Skipped phase 1 of Reference Processing: no references
[6.937s][debug][gc,ref         ] GC(11) ReferenceProcessor::execute queues: 4, RefProcThreadModel::Multi, marks_oops_alive: false
[6.937s][debug][gc,ref         ] GC(11) Skipped phase 3 of Reference Processing: no references
[6.937s][debug][gc,ref         ] GC(11) ReferenceProcessor::execute queues: 1, RefProcThreadModel::Single, marks_oops_alive: false
[6.937s][debug][gc,phases      ] GC(11) Reference Processing 0.488ms
[6.938s][debug][gc,phases      ] GC(11)   VM Weak                        Min:  0.0, Avg:  0.0, Max:  0.0, Diff:  0.0, Sum:  0.0, Workers: 4
[6.938s][debug][gc,phases      ] GC(11)     Dead                           Min: 0, Avg:  0.0, Max: 0, Diff: 0, Sum: 0, Workers: 4
[6.938s][debug][gc,phases      ] GC(11)     Total                          Min: 0, Avg: 131.2, Max: 318, Diff: 318, Sum: 525, Workers: 4
[6.938s][debug][gc,phases      ] GC(11)   ObjectSynchronizer Weak        Min:  0.0, Avg:  0.0, Max:  0.0, Diff:  0.0, Sum:  0.0, Workers: 4
[6.938s][debug][gc,phases      ] GC(11)     Dead                           Min: 0, Avg:  0.0, Max: 0, Diff: 0, Sum: 0, Workers: 4
[6.938s][debug][gc,phases      ] GC(11)     Total                          Min: 0, Avg: 114.2, Max: 192, Diff: 192, Sum: 457, Workers: 4
[6.938s][debug][gc,phases      ] GC(11)   JVMTI Tag Weak OopStorage      Min:  0.0, Avg:  0.0, Max:  0.0, Diff:  0.0, Sum:  0.0, Workers: 4
[6.938s][debug][gc,phases      ] GC(11)     Dead                           Min: 0, Avg:  0.0, Max: 0, Diff: 0, Sum: 0, Workers: 4
[6.938s][debug][gc,phases      ] GC(11)     Total                          Min: 0, Avg:  0.0, Max: 0, Diff: 0, Sum: 0, Workers: 4
[6.938s][debug][gc,phases      ] GC(11)   StringTable Weak               Min:  0.1, Avg:  0.1, Max:  0.1, Diff:  0.0, Sum:  0.5, Workers: 4
[6.938s][debug][gc,phases      ] GC(11)     Dead                           Min: 0, Avg:  0.0, Max: 0, Diff: 0, Sum: 0, Workers: 4
[6.938s][debug][gc,phases      ] GC(11)     Total                          Min: 9408, Avg: 9951.2, Max: 10496, Diff: 1088, Sum: 39805, Workers: 4
[6.938s][debug][gc,phases      ] GC(11)   ResolvedMethodTable Weak       Min:  0.0, Avg:  0.0, Max:  0.0, Diff:  0.0, Sum:  0.1, Workers: 4
[6.938s][debug][gc,phases      ] GC(11)     Dead                           Min: 0, Avg:  0.0, Max: 0, Diff: 0, Sum: 0, Workers: 4
[6.938s][debug][gc,phases      ] GC(11)     Total                          Min: 1344, Avg: 1533.8, Max: 1600, Diff: 256, Sum: 6135, Workers: 4
[6.938s][debug][gc,phases      ] GC(11)   JNI Weak                       Min:  0.0, Avg:  0.0, Max:  0.0, Diff:  0.0, Sum:  0.0, Workers: 4
[6.938s][debug][gc,phases      ] GC(11)     Dead                           Min: 0, Avg:  0.0, Max: 0, Diff: 0, Sum: 0, Workers: 4
[6.938s][debug][gc,phases      ] GC(11)     Total                          Min: 0, Avg:  1.0, Max: 4, Diff: 4, Sum: 4, Workers: 4
[6.938s][debug][gc,phases      ] GC(11)   StringDedup Table Weak         Min:  0.0, Avg:  0.0, Max:  0.0, Diff:  0.0, Sum:  0.0, Workers: 4
[6.938s][debug][gc,phases      ] GC(11)     Dead                           Min: 0, Avg:  0.0, Max: 0, Diff: 0, Sum: 0, Workers: 4
[6.938s][debug][gc,phases      ] GC(11)     Total                          Min: 0, Avg:  0.0, Max: 0, Diff: 0, Sum: 0, Workers: 4
[6.938s][debug][gc,phases      ] GC(11)   StringDedup Requests0 Weak     Min:  0.0, Avg:  0.0, Max:  0.0, Diff:  0.0, Sum:  0.0, Workers: 4
[6.938s][debug][gc,phases      ] GC(11)     Dead                           Min: 0, Avg:  0.0, Max: 0, Diff: 0, Sum: 0, Workers: 4
[6.938s][debug][gc,phases      ] GC(11)     Total                          Min: 0, Avg:  0.0, Max: 0, Diff: 0, Sum: 0, Workers: 4
[6.938s][debug][gc,phases      ] GC(11)   StringDedup Requests1 Weak     Min:  0.0, Avg:  0.0, Max:  0.0, Diff:  0.0, Sum:  0.0, Workers: 4
[6.938s][debug][gc,phases      ] GC(11)     Dead                           Min: 0, Avg:  0.0, Max: 0, Diff: 0, Sum: 0, Workers: 4
[6.938s][debug][gc,phases      ] GC(11)     Total                          Min: 0, Avg:  0.0, Max: 0, Diff: 0, Sum: 0, Workers: 4
[6.938s][debug][gc,phases      ] GC(11)   Weak JFR Old Object Samples    Min:  0.0, Avg:  0.0, Max:  0.0, Diff:  0.0, Sum:  0.0, Workers: 4
[6.938s][debug][gc,phases      ] GC(11)     Dead                           Min: 0, Avg:  0.0, Max: 0, Diff: 0, Sum: 0, Workers: 4
[6.938s][debug][gc,phases      ] GC(11)     Total                          Min: 0, Avg:  0.0, Max: 0, Diff: 0, Sum: 0, Workers: 4
[6.938s][debug][gc,phases      ] GC(11) Weak Processing 0.282ms
[6.938s][debug][gc,phases      ] GC(11) ClassLoaderData 0.065ms
[6.938s][debug][gc,phases      ] GC(11) Trigger cleanups 0.000ms
[6.943s][debug][gc,phases      ] GC(11) Class Unloading 4.954ms
[6.943s][info ][gc,phases      ] GC(11) Marking Phase 80.327ms
[6.943s][info ][gc,phases,start] GC(11) Summary Phase
[6.943s][info ][gc,phases      ] GC(11) Summary Phase 0.006ms
[6.943s][info ][gc,phases,start] GC(11) Adjust Roots
[6.948s][info ][gc,phases      ] GC(11) Adjust Roots 5.285ms
[6.948s][info ][gc,phases,start] GC(11) Compaction Phase
[7.195s][info ][gc,phases      ] GC(11) Compaction Phase 246.545ms
[7.195s][info ][gc,phases,start] GC(11) Post Compact
[7.195s][info ][gc,phases      ] GC(11) Post Compact 0.402ms
[7.195s][info ][gc,heap        ] GC(11) PSYoungGen: 14336K(1826816K)->13701K(1826816K) Eden: 0K(1572864K)->0K(1572864K) From: 14336K(253952K)->13701K(253952K)
[7.195s][info ][gc,heap        ] GC(11) ParOldGen: 181872K(182272K)->181848K(274944K)
[7.195s][info ][gc,metaspace   ] GC(11) Metaspace: 58551K(59264K)->58551K(59264K) NonClass: 49778K(50176K)->49778K(50176K) Class: 8773K(9088K)->8773K(9088K)
[7.195s][info ][gc             ] GC(11) Pause Full (Ergonomics) 191M->190M(2052M) 332.773ms
[7.195s][info ][gc,cpu         ] GC(11) User=1.13s Sys=0.00s Real=0.33s
[7.196s][info ][safepoint      ] Safepoint "ParallelGCFailedAllocation", Time since last: 294399640 ns, Reaching safepoint: 159301 ns, At safepoint: 433575514 ns, Total: 433734815 ns
[7.513s][info ][gc,start       ] GC(12) Pause Young (Allocation Failure)
[7.541s][debug][gc,phases      ] GC(12) Scavenge 28.524ms
[7.541s][debug][gc,ref         ] GC(12) Skipped phase 1 of Reference Processing: no references
[7.541s][debug][gc,ref         ] GC(12) ReferenceProcessor::execute queues: 1, RefProcThreadModel::Single, marks_oops_alive: false
[7.541s][debug][gc,ref         ] GC(12) Skipped phase 3 of Reference Processing: no references
[7.541s][debug][gc,ref         ] GC(12) ReferenceProcessor::execute queues: 1, RefProcThreadModel::Single, marks_oops_alive: false
[7.541s][debug][gc,phases      ] GC(12) Reference Processing 0.116ms
[7.541s][debug][gc,phases      ] GC(12)   VM Weak                        Min:  0.0, Avg:  0.0, Max:  0.0, Diff:  0.0, Sum:  0.0, Workers: 4
[7.541s][debug][gc,phases      ] GC(12)     Dead                           Min: 0, Avg:  0.0, Max: 0, Diff: 0, Sum: 0, Workers: 4
[7.541s][debug][gc,phases      ] GC(12)     Total                          Min: 0, Avg: 131.2, Max: 525, Diff: 525, Sum: 525, Workers: 4
[7.541s][debug][gc,phases      ] GC(12)   ObjectSynchronizer Weak        Min:  0.0, Avg:  0.0, Max:  0.0, Diff:  0.0, Sum:  0.0, Workers: 4
[7.541s][debug][gc,phases      ] GC(12)     Dead                           Min: 0, Avg:  0.0, Max: 0, Diff: 0, Sum: 0, Workers: 4
[7.541s][debug][gc,phases      ] GC(12)     Total                          Min: 0, Avg: 115.2, Max: 320, Diff: 320, Sum: 461, Workers: 4
[7.541s][debug][gc,phases      ] GC(12)   JVMTI Tag Weak OopStorage      Min:  0.0, Avg:  0.0, Max:  0.0, Diff:  0.0, Sum:  0.0, Workers: 4
[7.541s][debug][gc,phases      ] GC(12)     Dead                           Min: 0, Avg:  0.0, Max: 0, Diff: 0, Sum: 0, Workers: 4
[7.541s][debug][gc,phases      ] GC(12)     Total                          Min: 0, Avg:  0.0, Max: 0, Diff: 0, Sum: 0, Workers: 4
[7.541s][debug][gc,phases      ] GC(12)   StringTable Weak               Min:  0.1, Avg:  0.1, Max:  0.1, Diff:  0.0, Sum:  0.3, Workers: 4
[7.541s][debug][gc,phases      ] GC(12)     Dead                           Min: 0, Avg:  3.0, Max: 11, Diff: 11, Sum: 12, Workers: 4
[7.541s][debug][gc,phases      ] GC(12)     Total                          Min: 7872, Avg: 9966.0, Max: 12088, Diff: 4216, Sum: 39864, Workers: 4
[7.541s][debug][gc,phases      ] GC(12)   ResolvedMethodTable Weak       Min:  0.0, Avg:  0.0, Max:  0.0, Diff:  0.0, Sum:  0.1, Workers: 4
[7.541s][debug][gc,phases      ] GC(12)     Dead                           Min: 0, Avg:  0.0, Max: 0, Diff: 0, Sum: 0, Workers: 4
[7.542s][debug][gc,phases      ] GC(12)     Total                          Min: 1216, Avg: 1533.8, Max: 1728, Diff: 512, Sum: 6135, Workers: 4
[7.542s][debug][gc,phases      ] GC(12)   JNI Weak                       Min:  0.0, Avg:  0.0, Max:  0.0, Diff:  0.0, Sum:  0.0, Workers: 4
[7.542s][debug][gc,phases      ] GC(12)     Dead                           Min: 0, Avg:  0.0, Max: 0, Diff: 0, Sum: 0, Workers: 4
[7.542s][debug][gc,phases      ] GC(12)     Total                          Min: 0, Avg:  1.0, Max: 4, Diff: 4, Sum: 4, Workers: 4
[7.542s][debug][gc,phases      ] GC(12)   StringDedup Table Weak         Min:  0.0, Avg:  0.0, Max:  0.0, Diff:  0.0, Sum:  0.0, Workers: 4
[7.542s][debug][gc,phases      ] GC(12)     Dead                           Min: 0, Avg:  0.0, Max: 0, Diff: 0, Sum: 0, Workers: 4
[7.542s][debug][gc,phases      ] GC(12)     Total                          Min: 0, Avg:  0.0, Max: 0, Diff: 0, Sum: 0, Workers: 4
[7.542s][debug][gc,phases      ] GC(12)   StringDedup Requests0 Weak     Min:  0.0, Avg:  0.0, Max:  0.0, Diff:  0.0, Sum:  0.0, Workers: 4
[7.542s][debug][gc,phases      ] GC(12)     Dead                           Min: 0, Avg:  0.0, Max: 0, Diff: 0, Sum: 0, Workers: 4
[7.542s][debug][gc,phases      ] GC(12)     Total                          Min: 0, Avg:  0.0, Max: 0, Diff: 0, Sum: 0, Workers: 4
[7.542s][debug][gc,phases      ] GC(12)   StringDedup Requests1 Weak     Min:  0.0, Avg:  0.0, Max:  0.0, Diff:  0.0, Sum:  0.0, Workers: 4
[7.542s][debug][gc,phases      ] GC(12)     Dead                           Min: 0, Avg:  0.0, Max: 0, Diff: 0, Sum: 0, Workers: 4
[7.542s][debug][gc,phases      ] GC(12)     Total                          Min: 0, Avg:  0.0, Max: 0, Diff: 0, Sum: 0, Workers: 4
[7.542s][debug][gc,phases      ] GC(12)   Weak JFR Old Object Samples    Min:  0.0, Avg:  0.0, Max:  0.0, Diff:  0.0, Sum:  0.0, Workers: 4
[7.542s][debug][gc,phases      ] GC(12)     Dead                           Min: 0, Avg:  0.0, Max: 0, Diff: 0, Sum: 0, Workers: 4
[7.542s][debug][gc,phases      ] GC(12)     Total                          Min: 0, Avg:  0.0, Max: 0, Diff: 0, Sum: 0, Workers: 4
[7.542s][debug][gc,phases      ] GC(12) Weak Processing 0.246ms
[7.542s][debug][gc,age         ] GC(12) Desired survivor size 271056896 bytes, new threshold 6 (max threshold 15)
[7.542s][info ][gc,heap        ] GC(12) PSYoungGen: 1586565K(1826816K)->18544K(1591808K) Eden: 1572864K(1572864K)->0K(1572864K) From: 13701K(253952K)->18544K(18944K)
[7.542s][info ][gc,heap        ] GC(12) ParOldGen: 181848K(274944K)->181856K(274944K)
[7.542s][info ][gc,metaspace   ] GC(12) Metaspace: 58584K(59328K)->58584K(59328K) NonClass: 49811K(50240K)->49811K(50240K) Class: 8773K(9088K)->8773K(9088K)
[7.542s][info ][gc             ] GC(12) Pause Young (Allocation Failure) 1726M->195M(1823M) 28.994ms
[7.542s][info ][gc,cpu         ] GC(12) User=0.09s Sys=0.01s Real=0.03s
[7.542s][info ][safepoint      ] Safepoint "ParallelGCFailedAllocation", Time since last: 316483562 ns, Reaching safepoint: 124901 ns, At safepoint: 29095662 ns, Total: 29220563 ns
[7.807s][info ][gc,start       ] GC(13) Pause Young (Allocation Failure)
[7.816s][debug][gc,phases      ] GC(13) Scavenge 8.411ms
[7.816s][debug][gc,ref         ] GC(13) Skipped phase 1 of Reference Processing: no references
[7.816s][debug][gc,ref         ] GC(13) ReferenceProcessor::execute queues: 1, RefProcThreadModel::Single, marks_oops_alive: false
[7.816s][debug][gc,ref         ] GC(13) Skipped phase 3 of Reference Processing: no references
[7.816s][debug][gc,ref         ] GC(13) ReferenceProcessor::execute queues: 1, RefProcThreadModel::Single, marks_oops_alive: false
[7.816s][debug][gc,phases      ] GC(13) Reference Processing 0.131ms
[7.816s][debug][gc,phases      ] GC(13)   VM Weak                        Min:  0.0, Avg:  0.0, Max:  0.0, Diff:  0.0, Sum:  0.0, Workers: 4
[7.816s][debug][gc,phases      ] GC(13)     Dead                           Min: 0, Avg:  0.0, Max: 0, Diff: 0, Sum: 0, Workers: 4
[7.816s][debug][gc,phases      ] GC(13)     Total                          Min: 0, Avg: 131.2, Max: 525, Diff: 525, Sum: 525, Workers: 4
[7.816s][debug][gc,phases      ] GC(13)   ObjectSynchronizer Weak        Min:  0.0, Avg:  0.0, Max:  0.0, Diff:  0.0, Sum:  0.0, Workers: 4
[7.816s][debug][gc,phases      ] GC(13)     Dead                           Min: 0, Avg:  0.0, Max: 0, Diff: 0, Sum: 0, Workers: 4
[7.816s][debug][gc,phases      ] GC(13)     Total                          Min: 0, Avg: 115.8, Max: 271, Diff: 271, Sum: 463, Workers: 4
[7.816s][debug][gc,phases      ] GC(13)   JVMTI Tag Weak OopStorage      Min:  0.0, Avg:  0.0, Max:  0.0, Diff:  0.0, Sum:  0.0, Workers: 4
[7.816s][debug][gc,phases      ] GC(13)     Dead                           Min: 0, Avg:  0.0, Max: 0, Diff: 0, Sum: 0, Workers: 4
[7.816s][debug][gc,phases      ] GC(13)     Total                          Min: 0, Avg:  0.0, Max: 0, Diff: 0, Sum: 0, Workers: 4
[7.816s][debug][gc,phases      ] GC(13)   StringTable Weak               Min:  0.1, Avg:  0.1, Max:  0.1, Diff:  0.0, Sum:  0.3, Workers: 4
[7.816s][debug][gc,phases      ] GC(13)     Dead                           Min: 0, Avg:  3.5, Max: 14, Diff: 14, Sum: 14, Workers: 4
[7.816s][debug][gc,phases      ] GC(13)     Total                          Min: 7296, Avg: 9996.2, Max: 11136, Diff: 3840, Sum: 39985, Workers: 4
[7.816s][debug][gc,phases      ] GC(13)   ResolvedMethodTable Weak       Min:  0.0, Avg:  0.0, Max:  0.0, Diff:  0.0, Sum:  0.1, Workers: 4
[7.816s][debug][gc,phases      ] GC(13)     Dead                           Min: 0, Avg:  6.2, Max: 24, Diff: 24, Sum: 25, Workers: 4
[7.816s][debug][gc,phases      ] GC(13)     Total                          Min: 1216, Avg: 1552.0, Max: 1664, Diff: 448, Sum: 6208, Workers: 4
[7.816s][debug][gc,phases      ] GC(13)   JNI Weak                       Min:  0.0, Avg:  0.0, Max:  0.0, Diff:  0.0, Sum:  0.0, Workers: 4
[7.816s][debug][gc,phases      ] GC(13)     Dead                           Min: 0, Avg:  0.0, Max: 0, Diff: 0, Sum: 0, Workers: 4
[7.816s][debug][gc,phases      ] GC(13)     Total                          Min: 0, Avg:  2.5, Max: 10, Diff: 10, Sum: 10, Workers: 4
[7.816s][debug][gc,phases      ] GC(13)   StringDedup Table Weak         Min:  0.0, Avg:  0.0, Max:  0.0, Diff:  0.0, Sum:  0.0, Workers: 4
[7.816s][debug][gc,phases      ] GC(13)     Dead                           Min: 0, Avg:  0.0, Max: 0, Diff: 0, Sum: 0, Workers: 4
[7.816s][debug][gc,phases      ] GC(13)     Total                          Min: 0, Avg:  0.0, Max: 0, Diff: 0, Sum: 0, Workers: 4
[7.816s][debug][gc,phases      ] GC(13)   StringDedup Requests0 Weak     Min:  0.0, Avg:  0.0, Max:  0.0, Diff:  0.0, Sum:  0.0, Workers: 4
[7.816s][debug][gc,phases      ] GC(13)     Dead                           Min: 0, Avg:  0.0, Max: 0, Diff: 0, Sum: 0, Workers: 4
[7.816s][debug][gc,phases      ] GC(13)     Total                          Min: 0, Avg:  0.0, Max: 0, Diff: 0, Sum: 0, Workers: 4
[7.816s][debug][gc,phases      ] GC(13)   StringDedup Requests1 Weak     Min:  0.0, Avg:  0.0, Max:  0.0, Diff:  0.0, Sum:  0.0, Workers: 4
[7.816s][debug][gc,phases      ] GC(13)     Dead                           Min: 0, Avg:  0.0, Max: 0, Diff: 0, Sum: 0, Workers: 4
[7.816s][debug][gc,phases      ] GC(13)     Total                          Min: 0, Avg:  0.0, Max: 0, Diff: 0, Sum: 0, Workers: 4
[7.816s][debug][gc,phases      ] GC(13)   Weak JFR Old Object Samples    Min:  0.0, Avg:  0.0, Max:  0.0, Diff:  0.0, Sum:  0.0, Workers: 4
[7.816s][debug][gc,phases      ] GC(13)     Dead                           Min: 0, Avg:  0.0, Max: 0, Diff: 0, Sum: 0, Workers: 4
[7.816s][debug][gc,phases      ] GC(13)     Total                          Min: 0, Avg:  0.0, Max: 0, Diff: 0, Sum: 0, Workers: 4
[7.816s][debug][gc,phases      ] GC(13) Weak Processing 0.245ms
[7.816s][debug][gc,age         ] GC(13) Desired survivor size 269484032 bytes, new threshold 7 (max threshold 15)
[7.816s][info ][gc,heap        ] GC(13) PSYoungGen: 1591408K(1591808K)->24376K(1833984K) Eden: 1572864K(1572864K)->0K(1569280K) From: 18544K(18944K)->24376K(264704K)
[7.816s][info ][gc,heap        ] GC(13) ParOldGen: 181856K(274944K)->181864K(274944K)
[7.816s][info ][gc,metaspace   ] GC(13) Metaspace: 58937K(59648K)->58937K(59648K) NonClass: 50104K(50496K)->50104K(50496K) Class: 8832K(9152K)->8832K(9152K)
[7.816s][info ][gc             ] GC(13) Pause Young (Allocation Failure) 1731M->201M(2059M) 8.898ms
[7.816s][info ][gc,cpu         ] GC(13) User=0.04s Sys=0.00s Real=0.01s
[7.816s][info ][safepoint      ] Safepoint "ParallelGCFailedAllocation", Time since last: 265626679 ns, Reaching safepoint: 150501 ns, At safepoint: 8982850 ns, Total: 9133351 ns
[8.203s][info ][gc,start       ] GC(14) Pause Young (Allocation Failure)
[8.212s][debug][gc,phases      ] GC(14) Scavenge 8.502ms
[8.212s][debug][gc,ref         ] GC(14) Skipped phase 1 of Reference Processing: no references
[8.212s][debug][gc,ref         ] GC(14) ReferenceProcessor::execute queues: 1, RefProcThreadModel::Single, marks_oops_alive: false
[8.212s][debug][gc,ref         ] GC(14) Skipped phase 3 of Reference Processing: no references
[8.212s][debug][gc,ref         ] GC(14) ReferenceProcessor::execute queues: 1, RefProcThreadModel::Single, marks_oops_alive: false
[8.212s][debug][gc,phases      ] GC(14) Reference Processing 0.177ms
[8.212s][debug][gc,phases      ] GC(14)   VM Weak                        Min:  0.0, Avg:  0.0, Max:  0.0, Diff:  0.0, Sum:  0.0, Workers: 4
[8.212s][debug][gc,phases      ] GC(14)     Dead                           Min: 0, Avg:  0.0, Max: 0, Diff: 0, Sum: 0, Workers: 4
[8.212s][debug][gc,phases      ] GC(14)     Total                          Min: 0, Avg: 134.5, Max: 538, Diff: 538, Sum: 538, Workers: 4
[8.212s][debug][gc,phases      ] GC(14)   ObjectSynchronizer Weak        Min:  0.0, Avg:  0.0, Max:  0.0, Diff:  0.0, Sum:  0.0, Workers: 4
[8.212s][debug][gc,phases      ] GC(14)     Dead                           Min: 0, Avg:  0.0, Max: 0, Diff: 0, Sum: 0, Workers: 4
[8.212s][debug][gc,phases      ] GC(14)     Total                          Min: 0, Avg: 115.8, Max: 256, Diff: 256, Sum: 463, Workers: 4
[8.212s][debug][gc,phases      ] GC(14)   JVMTI Tag Weak OopStorage      Min:  0.0, Avg:  0.0, Max:  0.0, Diff:  0.0, Sum:  0.0, Workers: 4
[8.212s][debug][gc,phases      ] GC(14)     Dead                           Min: 0, Avg:  0.0, Max: 0, Diff: 0, Sum: 0, Workers: 4
[8.212s][debug][gc,phases      ] GC(14)     Total                          Min: 0, Avg:  0.0, Max: 0, Diff: 0, Sum: 0, Workers: 4
[8.212s][debug][gc,phases      ] GC(14)   StringTable Weak               Min:  0.1, Avg:  0.1, Max:  0.1, Diff:  0.0, Sum:  0.3, Workers: 4
[8.212s][debug][gc,phases      ] GC(14)     Dead                           Min: 1, Avg:  3.8, Max: 12, Diff: 11, Sum: 15, Workers: 4
[8.212s][debug][gc,phases      ] GC(14)     Total                          Min: 7424, Avg: 10110.0, Max: 12800, Diff: 5376, Sum: 40440, Workers: 4
[8.212s][debug][gc,phases      ] GC(14)   ResolvedMethodTable Weak       Min:  0.0, Avg:  0.0, Max:  0.0, Diff:  0.0, Sum:  0.1, Workers: 4
[8.212s][debug][gc,phases      ] GC(14)     Dead                           Min: 0, Avg: 11.2, Max: 37, Diff: 37, Sum: 45, Workers: 4
[8.212s][debug][gc,phases      ] GC(14)     Total                          Min: 1344, Avg: 1597.5, Max: 1783, Diff: 439, Sum: 6390, Workers: 4
[8.212s][debug][gc,phases      ] GC(14)   JNI Weak                       Min:  0.0, Avg:  0.0, Max:  0.0, Diff:  0.0, Sum:  0.0, Workers: 4
[8.212s][debug][gc,phases      ] GC(14)     Dead                           Min: 0, Avg:  0.0, Max: 0, Diff: 0, Sum: 0, Workers: 4
[8.212s][debug][gc,phases      ] GC(14)     Total                          Min: 0, Avg:  3.2, Max: 13, Diff: 13, Sum: 13, Workers: 4
[8.212s][debug][gc,phases      ] GC(14)   StringDedup Table Weak         Min:  0.0, Avg:  0.0, Max:  0.0, Diff:  0.0, Sum:  0.0, Workers: 4
[8.212s][debug][gc,phases      ] GC(14)     Dead                           Min: 0, Avg:  0.0, Max: 0, Diff: 0, Sum: 0, Workers: 4
[8.213s][debug][gc,phases      ] GC(14)     Total                          Min: 0, Avg:  0.0, Max: 0, Diff: 0, Sum: 0, Workers: 4
[8.213s][debug][gc,phases      ] GC(14)   StringDedup Requests0 Weak     Min:  0.0, Avg:  0.0, Max:  0.0, Diff:  0.0, Sum:  0.0, Workers: 4
[8.213s][debug][gc,phases      ] GC(14)     Dead                           Min: 0, Avg:  0.0, Max: 0, Diff: 0, Sum: 0, Workers: 4
[8.213s][debug][gc,phases      ] GC(14)     Total                          Min: 0, Avg:  0.0, Max: 0, Diff: 0, Sum: 0, Workers: 4
[8.213s][debug][gc,phases      ] GC(14)   StringDedup Requests1 Weak     Min:  0.0, Avg:  0.0, Max:  0.0, Diff:  0.0, Sum:  0.0, Workers: 4
[8.213s][debug][gc,phases      ] GC(14)     Dead                           Min: 0, Avg:  0.0, Max: 0, Diff: 0, Sum: 0, Workers: 4
[8.213s][debug][gc,phases      ] GC(14)     Total                          Min: 0, Avg:  0.0, Max: 0, Diff: 0, Sum: 0, Workers: 4
[8.213s][debug][gc,phases      ] GC(14)   Weak JFR Old Object Samples    Min:  0.0, Avg:  0.0, Max:  0.0, Diff:  0.0, Sum:  0.0, Workers: 4
[8.213s][debug][gc,phases      ] GC(14)     Dead                           Min: 0, Avg:  0.0, Max: 0, Diff: 0, Sum: 0, Workers: 4
[8.213s][debug][gc,phases      ] GC(14)     Total                          Min: 0, Avg:  0.0, Max: 0, Diff: 0, Sum: 0, Workers: 4
[8.213s][debug][gc,phases      ] GC(14) Weak Processing 0.334ms
[8.213s][debug][gc,age         ] GC(14) Desired survivor size 266862592 bytes, new threshold 8 (max threshold 15)
[8.213s][info ][gc,heap        ] GC(14) PSYoungGen: 1593656K(1833984K)->16888K(1832448K) Eden: 1569280K(1569280K)->0K(1569280K) From: 24376K(264704K)->16888K(263168K)
[8.213s][info ][gc,heap        ] GC(14) ParOldGen: 181864K(274944K)->181872K(274944K)
[8.213s][info ][gc,metaspace   ] GC(14) Metaspace: 60345K(61056K)->60345K(61056K) NonClass: 51329K(51712K)->51329K(51712K) Class: 9016K(9344K)->9016K(9344K)
[8.213s][info ][gc             ] GC(14) Pause Young (Allocation Failure) 1733M->194M(2058M) 9.140ms
[8.213s][info ][gc,cpu         ] GC(14) User=0.04s Sys=0.00s Real=0.01s
[8.213s][info ][safepoint      ] Safepoint "ParallelGCFailedAllocation", Time since last: 386787453 ns, Reaching safepoint: 224501 ns, At safepoint: 9242852 ns, Total: 9467353 ns
[8.385s][info ][safepoint      ] Safepoint "ICBufferFull", Time since last: 171877157 ns, Reaching safepoint: 204001 ns, At safepoint: 24500 ns, Total: 228501 ns
[8.471s][info ][gc,start       ] GC(15) Pause Young (Allocation Failure)
[8.479s][debug][gc,phases      ] GC(15) Scavenge 7.997ms
[8.479s][debug][gc,ref         ] GC(15) Skipped phase 1 of Reference Processing: no references
[8.479s][debug][gc,ref         ] GC(15) ReferenceProcessor::execute queues: 1, RefProcThreadModel::Single, marks_oops_alive: false
[8.479s][debug][gc,ref         ] GC(15) Skipped phase 3 of Reference Processing: no references
[8.479s][debug][gc,ref         ] GC(15) ReferenceProcessor::execute queues: 1, RefProcThreadModel::Single, marks_oops_alive: false
[8.479s][debug][gc,phases      ] GC(15) Reference Processing 0.127ms
[8.479s][debug][gc,phases      ] GC(15)   VM Weak                        Min:  0.0, Avg:  0.0, Max:  0.0, Diff:  0.0, Sum:  0.0, Workers: 4
[8.479s][debug][gc,phases      ] GC(15)     Dead                           Min: 0, Avg:  0.0, Max: 0, Diff: 0, Sum: 0, Workers: 4
[8.479s][debug][gc,phases      ] GC(15)     Total                          Min: 0, Avg: 135.5, Max: 320, Diff: 320, Sum: 542, Workers: 4
[8.479s][debug][gc,phases      ] GC(15)   ObjectSynchronizer Weak        Min:  0.0, Avg:  0.0, Max:  0.0, Diff:  0.0, Sum:  0.0, Workers: 4
[8.479s][debug][gc,phases      ] GC(15)     Dead                           Min: 0, Avg:  0.0, Max: 0, Diff: 0, Sum: 0, Workers: 4
[8.479s][debug][gc,phases      ] GC(15)     Total                          Min: 0, Avg: 115.8, Max: 192, Diff: 192, Sum: 463, Workers: 4
[8.479s][debug][gc,phases      ] GC(15)   JVMTI Tag Weak OopStorage      Min:  0.0, Avg:  0.0, Max:  0.0, Diff:  0.0, Sum:  0.0, Workers: 4
[8.479s][debug][gc,phases      ] GC(15)     Dead                           Min: 0, Avg:  0.0, Max: 0, Diff: 0, Sum: 0, Workers: 4
[8.479s][debug][gc,phases      ] GC(15)     Total                          Min: 0, Avg:  0.0, Max: 0, Diff: 0, Sum: 0, Workers: 4
[8.479s][debug][gc,phases      ] GC(15)   StringTable Weak               Min:  0.1, Avg:  0.1, Max:  0.1, Diff:  0.0, Sum:  0.3, Workers: 4
[8.479s][debug][gc,phases      ] GC(15)     Dead                           Min: 0, Avg:  0.0, Max: 0, Diff: 0, Sum: 0, Workers: 4
[8.479s][debug][gc,phases      ] GC(15)     Total                          Min: 7757, Avg: 10115.2, Max: 12736, Diff: 4979, Sum: 40461, Workers: 4
[8.479s][debug][gc,phases      ] GC(15)   ResolvedMethodTable Weak       Min:  0.0, Avg:  0.0, Max:  0.0, Diff:  0.0, Sum:  0.1, Workers: 4
[8.479s][debug][gc,phases      ] GC(15)     Dead                           Min: 0, Avg:  0.0, Max: 0, Diff: 0, Sum: 0, Workers: 4
[8.479s][debug][gc,phases      ] GC(15)     Total                          Min: 1344, Avg: 1600.0, Max: 1728, Diff: 384, Sum: 6400, Workers: 4
[8.479s][debug][gc,phases      ] GC(15)   JNI Weak                       Min:  0.0, Avg:  0.0, Max:  0.0, Diff:  0.0, Sum:  0.0, Workers: 4
[8.479s][debug][gc,phases      ] GC(15)     Dead                           Min: 0, Avg:  0.0, Max: 0, Diff: 0, Sum: 0, Workers: 4
[8.479s][debug][gc,phases      ] GC(15)     Total                          Min: 0, Avg:  5.0, Max: 20, Diff: 20, Sum: 20, Workers: 4
[8.479s][debug][gc,phases      ] GC(15)   StringDedup Table Weak         Min:  0.0, Avg:  0.0, Max:  0.0, Diff:  0.0, Sum:  0.0, Workers: 4
[8.479s][debug][gc,phases      ] GC(15)     Dead                           Min: 0, Avg:  0.0, Max: 0, Diff: 0, Sum: 0, Workers: 4
[8.479s][debug][gc,phases      ] GC(15)     Total                          Min: 0, Avg:  0.0, Max: 0, Diff: 0, Sum: 0, Workers: 4
[8.479s][debug][gc,phases      ] GC(15)   StringDedup Requests0 Weak     Min:  0.0, Avg:  0.0, Max:  0.0, Diff:  0.0, Sum:  0.0, Workers: 4
[8.479s][debug][gc,phases      ] GC(15)     Dead                           Min: 0, Avg:  0.0, Max: 0, Diff: 0, Sum: 0, Workers: 4
[8.479s][debug][gc,phases      ] GC(15)     Total                          Min: 0, Avg:  0.0, Max: 0, Diff: 0, Sum: 0, Workers: 4
[8.479s][debug][gc,phases      ] GC(15)   StringDedup Requests1 Weak     Min:  0.0, Avg:  0.0, Max:  0.0, Diff:  0.0, Sum:  0.0, Workers: 4
[8.479s][debug][gc,phases      ] GC(15)     Dead                           Min: 0, Avg:  0.0, Max: 0, Diff: 0, Sum: 0, Workers: 4
[8.479s][debug][gc,phases      ] GC(15)     Total                          Min: 0, Avg:  0.0, Max: 0, Diff: 0, Sum: 0, Workers: 4
[8.479s][debug][gc,phases      ] GC(15)   Weak JFR Old Object Samples    Min:  0.0, Avg:  0.0, Max:  0.0, Diff:  0.0, Sum:  0.0, Workers: 4
[8.479s][debug][gc,phases      ] GC(15)     Dead                           Min: 0, Avg:  0.0, Max: 0, Diff: 0, Sum: 0, Workers: 4
[8.479s][debug][gc,phases      ] GC(15)     Total                          Min: 0, Avg:  0.0, Max: 0, Diff: 0, Sum: 0, Workers: 4
[8.479s][debug][gc,phases      ] GC(15) Weak Processing 0.238ms
[8.479s][debug][gc,age         ] GC(15) Desired survivor size 262144000 bytes, new threshold 9 (max threshold 15)
[8.479s][info ][gc,heap        ] GC(15) PSYoungGen: 1586168K(1832448K)->17304K(1841152K) Eden: 1569280K(1569280K)->0K(1580544K) From: 16888K(263168K)->17304K(260608K)
[8.479s][info ][gc,heap        ] GC(15) ParOldGen: 181872K(274944K)->181880K(274944K)
[8.479s][info ][gc,metaspace   ] GC(15) Metaspace: 60442K(61184K)->60442K(61184K) NonClass: 51421K(51840K)->51421K(51840K) Class: 9021K(9344K)->9021K(9344K)
[8.479s][info ][gc             ] GC(15) Pause Young (Allocation Failure) 1726M->194M(2066M) 8.470ms
[8.479s][info ][gc,cpu         ] GC(15) User=0.03s Sys=0.00s Real=0.00s
[8.479s][info ][safepoint      ] Safepoint "ParallelGCFailedAllocation", Time since last: 85612076 ns, Reaching safepoint: 194702 ns, At safepoint: 8560647 ns, Total: 8755349 ns
[8.799s][info ][gc,start       ] GC(16) Pause Young (Allocation Failure)
[8.807s][debug][gc,phases      ] GC(16) Scavenge 8.236ms
[8.807s][debug][gc,ref         ] GC(16) Skipped phase 1 of Reference Processing: no references
[8.807s][debug][gc,ref         ] GC(16) ReferenceProcessor::execute queues: 1, RefProcThreadModel::Single, marks_oops_alive: false
[8.807s][debug][gc,ref         ] GC(16) Skipped phase 3 of Reference Processing: no references
[8.807s][debug][gc,ref         ] GC(16) ReferenceProcessor::execute queues: 1, RefProcThreadModel::Single, marks_oops_alive: false
[8.807s][debug][gc,phases      ] GC(16) Reference Processing 0.129ms
[8.807s][debug][gc,phases      ] GC(16)   VM Weak                        Min:  0.0, Avg:  0.0, Max:  0.0, Diff:  0.0, Sum:  0.0, Workers: 4
[8.807s][debug][gc,phases      ] GC(16)     Dead                           Min: 0, Avg:  0.0, Max: 0, Diff: 0, Sum: 0, Workers: 4
[8.807s][debug][gc,phases      ] GC(16)     Total                          Min: 0, Avg: 135.5, Max: 512, Diff: 512, Sum: 542, Workers: 4
[8.807s][debug][gc,phases      ] GC(16)   ObjectSynchronizer Weak        Min:  0.0, Avg:  0.0, Max:  0.0, Diff:  0.0, Sum:  0.0, Workers: 4
[8.807s][debug][gc,phases      ] GC(16)     Dead                           Min: 0, Avg:  0.0, Max: 0, Diff: 0, Sum: 0, Workers: 4
[8.807s][debug][gc,phases      ] GC(16)     Total                          Min: 0, Avg: 115.8, Max: 207, Diff: 207, Sum: 463, Workers: 4
[8.807s][debug][gc,phases      ] GC(16)   JVMTI Tag Weak OopStorage      Min:  0.0, Avg:  0.0, Max:  0.0, Diff:  0.0, Sum:  0.0, Workers: 4
[8.807s][debug][gc,phases      ] GC(16)     Dead                           Min: 0, Avg:  0.0, Max: 0, Diff: 0, Sum: 0, Workers: 4
[8.807s][debug][gc,phases      ] GC(16)     Total                          Min: 0, Avg:  0.0, Max: 0, Diff: 0, Sum: 0, Workers: 4
[8.807s][debug][gc,phases      ] GC(16)   StringTable Weak               Min:  0.1, Avg:  0.1, Max:  0.1, Diff:  0.0, Sum:  0.3, Workers: 4
[8.807s][debug][gc,phases      ] GC(16)     Dead                           Min: 0, Avg:  3.0, Max: 12, Diff: 12, Sum: 12, Workers: 4
[8.807s][debug][gc,phases      ] GC(16)     Total                          Min: 7616, Avg: 10154.0, Max: 12724, Diff: 5108, Sum: 40616, Workers: 4
[8.807s][debug][gc,phases      ] GC(16)   ResolvedMethodTable Weak       Min:  0.0, Avg:  0.0, Max:  0.0, Diff:  0.0, Sum:  0.1, Workers: 4
[8.807s][debug][gc,phases      ] GC(16)     Dead                           Min: 0, Avg:  0.0, Max: 0, Diff: 0, Sum: 0, Workers: 4
[8.807s][debug][gc,phases      ] GC(16)     Total                          Min: 384, Avg: 1602.2, Max: 2313, Diff: 1929, Sum: 6409, Workers: 4
[8.807s][debug][gc,phases      ] GC(16)   JNI Weak                       Min:  0.0, Avg:  0.0, Max:  0.0, Diff:  0.0, Sum:  0.0, Workers: 4
[8.807s][debug][gc,phases      ] GC(16)     Dead                           Min: 0, Avg:  0.0, Max: 0, Diff: 0, Sum: 0, Workers: 4
[8.807s][debug][gc,phases      ] GC(16)     Total                          Min: 0, Avg:  7.0, Max: 28, Diff: 28, Sum: 28, Workers: 4
[8.807s][debug][gc,phases      ] GC(16)   StringDedup Table Weak         Min:  0.0, Avg:  0.0, Max:  0.0, Diff:  0.0, Sum:  0.0, Workers: 4
[8.807s][debug][gc,phases      ] GC(16)     Dead                           Min: 0, Avg:  0.0, Max: 0, Diff: 0, Sum: 0, Workers: 4
[8.807s][debug][gc,phases      ] GC(16)     Total                          Min: 0, Avg:  0.0, Max: 0, Diff: 0, Sum: 0, Workers: 4
[8.807s][debug][gc,phases      ] GC(16)   StringDedup Requests0 Weak     Min:  0.0, Avg:  0.0, Max:  0.0, Diff:  0.0, Sum:  0.0, Workers: 4
[8.807s][debug][gc,phases      ] GC(16)     Dead                           Min: 0, Avg:  0.0, Max: 0, Diff: 0, Sum: 0, Workers: 4
[8.807s][debug][gc,phases      ] GC(16)     Total                          Min: 0, Avg:  0.0, Max: 0, Diff: 0, Sum: 0, Workers: 4
[8.807s][debug][gc,phases      ] GC(16)   StringDedup Requests1 Weak     Min:  0.0, Avg:  0.0, Max:  0.0, Diff:  0.0, Sum:  0.0, Workers: 4
[8.807s][debug][gc,phases      ] GC(16)     Dead                           Min: 0, Avg:  0.0, Max: 0, Diff: 0, Sum: 0, Workers: 4
[8.807s][debug][gc,phases      ] GC(16)     Total                          Min: 0, Avg:  0.0, Max: 0, Diff: 0, Sum: 0, Workers: 4
[8.807s][debug][gc,phases      ] GC(16)   Weak JFR Old Object Samples    Min:  0.0, Avg:  0.0, Max:  0.0, Diff:  0.0, Sum:  0.0, Workers: 4
[8.807s][debug][gc,phases      ] GC(16)     Dead                           Min: 0, Avg:  0.0, Max: 0, Diff: 0, Sum: 0, Workers: 4
[8.807s][debug][gc,phases      ] GC(16)     Total                          Min: 0, Avg:  0.0, Max: 0, Diff: 0, Sum: 0, Workers: 4
[8.808s][debug][gc,phases      ] GC(16) Weak Processing 0.259ms
[8.808s][debug][gc,age         ] GC(16) Desired survivor size 255852544 bytes, new threshold 10 (max threshold 15)
[8.808s][info ][gc,heap        ] GC(16) PSYoungGen: 1597848K(1841152K)->18008K(1836544K) Eden: 1580544K(1580544K)->0K(1580544K) From: 17304K(260608K)->18008K(256000K)
[8.808s][info ][gc,heap        ] GC(16) ParOldGen: 181880K(274944K)->181888K(274944K)
[8.808s][info ][gc,metaspace   ] GC(16) Metaspace: 60746K(61504K)->60746K(61504K) NonClass: 51692K(52096K)->51692K(52096K) Class: 9053K(9408K)->9053K(9408K)
[8.808s][info ][gc             ] GC(16) Pause Young (Allocation Failure) 1738M->195M(2062M) 8.741ms
[8.808s][info ][gc,cpu         ] GC(16) User=0.04s Sys=0.00s Real=0.01s
[8.808s][info ][safepoint      ] Safepoint "ParallelGCFailedAllocation", Time since last: 319468978 ns, Reaching safepoint: 146801 ns, At safepoint: 8830449 ns, Total: 8977250 ns
[9.075s][info ][gc,start       ] GC(17) Pause Young (Allocation Failure)
[9.084s][debug][gc,phases      ] GC(17) Scavenge 8.782ms
[9.084s][debug][gc,ref         ] GC(17) Skipped phase 1 of Reference Processing: no references
[9.084s][debug][gc,ref         ] GC(17) ReferenceProcessor::execute queues: 1, RefProcThreadModel::Single, marks_oops_alive: false
[9.084s][debug][gc,ref         ] GC(17) Skipped phase 3 of Reference Processing: no references
[9.084s][debug][gc,ref         ] GC(17) Skipped phase 4 of Reference Processing: no references
[9.084s][debug][gc,phases      ] GC(17) Reference Processing 0.160ms
[9.084s][debug][gc,phases      ] GC(17)   VM Weak                        Min:  0.0, Avg:  0.0, Max:  0.0, Diff:  0.0, Sum:  0.0, Workers: 4
[9.084s][debug][gc,phases      ] GC(17)     Dead                           Min: 0, Avg:  0.0, Max: 0, Diff: 0, Sum: 0, Workers: 4
[9.084s][debug][gc,phases      ] GC(17)     Total                          Min: 0, Avg: 135.5, Max: 478, Diff: 478, Sum: 542, Workers: 4
[9.084s][debug][gc,phases      ] GC(17)   ObjectSynchronizer Weak        Min:  0.0, Avg:  0.0, Max:  0.0, Diff:  0.0, Sum:  0.0, Workers: 4
[9.084s][debug][gc,phases      ] GC(17)     Dead                           Min: 0, Avg:  0.0, Max: 0, Diff: 0, Sum: 0, Workers: 4
[9.084s][debug][gc,phases      ] GC(17)     Total                          Min: 0, Avg: 115.8, Max: 271, Diff: 271, Sum: 463, Workers: 4
[9.084s][debug][gc,phases      ] GC(17)   JVMTI Tag Weak OopStorage      Min:  0.0, Avg:  0.0, Max:  0.0, Diff:  0.0, Sum:  0.0, Workers: 4
[9.084s][debug][gc,phases      ] GC(17)     Dead                           Min: 0, Avg:  0.0, Max: 0, Diff: 0, Sum: 0, Workers: 4
[9.084s][debug][gc,phases      ] GC(17)     Total                          Min: 0, Avg:  0.0, Max: 0, Diff: 0, Sum: 0, Workers: 4
[9.084s][debug][gc,phases      ] GC(17)   StringTable Weak               Min:  0.1, Avg:  0.1, Max:  0.1, Diff:  0.0, Sum:  0.3, Workers: 4
[9.084s][debug][gc,phases      ] GC(17)     Dead                           Min: 0, Avg:  0.0, Max: 0, Diff: 0, Sum: 0, Workers: 4
[9.084s][debug][gc,phases      ] GC(17)     Total                          Min: 7488, Avg: 10156.2, Max: 12665, Diff: 5177, Sum: 40625, Workers: 4
[9.084s][debug][gc,phases      ] GC(17)   ResolvedMethodTable Weak       Min:  0.0, Avg:  0.0, Max:  0.0, Diff:  0.0, Sum:  0.1, Workers: 4
[9.084s][debug][gc,phases      ] GC(17)     Dead                           Min: 0, Avg:  0.0, Max: 0, Diff: 0, Sum: 0, Workers: 4
[9.084s][debug][gc,phases      ] GC(17)     Total                          Min: 1216, Avg: 1602.2, Max: 1791, Diff: 575, Sum: 6409, Workers: 4
[9.084s][debug][gc,phases      ] GC(17)   JNI Weak                       Min:  0.0, Avg:  0.0, Max:  0.0, Diff:  0.0, Sum:  0.0, Workers: 4
[9.084s][debug][gc,phases      ] GC(17)     Dead                           Min: 0, Avg:  0.0, Max: 0, Diff: 0, Sum: 0, Workers: 4
[9.084s][debug][gc,phases      ] GC(17)     Total                          Min: 0, Avg:  8.2, Max: 33, Diff: 33, Sum: 33, Workers: 4
[9.084s][debug][gc,phases      ] GC(17)   StringDedup Table Weak         Min:  0.0, Avg:  0.0, Max:  0.0, Diff:  0.0, Sum:  0.0, Workers: 4
[9.084s][debug][gc,phases      ] GC(17)     Dead                           Min: 0, Avg:  0.0, Max: 0, Diff: 0, Sum: 0, Workers: 4
[9.084s][debug][gc,phases      ] GC(17)     Total                          Min: 0, Avg:  0.0, Max: 0, Diff: 0, Sum: 0, Workers: 4
[9.084s][debug][gc,phases      ] GC(17)   StringDedup Requests0 Weak     Min:  0.0, Avg:  0.0, Max:  0.0, Diff:  0.0, Sum:  0.0, Workers: 4
[9.084s][debug][gc,phases      ] GC(17)     Dead                           Min: 0, Avg:  0.0, Max: 0, Diff: 0, Sum: 0, Workers: 4
[9.084s][debug][gc,phases      ] GC(17)     Total                          Min: 0, Avg:  0.0, Max: 0, Diff: 0, Sum: 0, Workers: 4
[9.084s][debug][gc,phases      ] GC(17)   StringDedup Requests1 Weak     Min:  0.0, Avg:  0.0, Max:  0.0, Diff:  0.0, Sum:  0.0, Workers: 4
[9.084s][debug][gc,phases      ] GC(17)     Dead                           Min: 0, Avg:  0.0, Max: 0, Diff: 0, Sum: 0, Workers: 4
[9.084s][debug][gc,phases      ] GC(17)     Total                          Min: 0, Avg:  0.0, Max: 0, Diff: 0, Sum: 0, Workers: 4
[9.084s][debug][gc,phases      ] GC(17)   Weak JFR Old Object Samples    Min:  0.0, Avg:  0.0, Max:  0.0, Diff:  0.0, Sum:  0.0, Workers: 4
[9.084s][debug][gc,phases      ] GC(17)     Dead                           Min: 0, Avg:  0.0, Max: 0, Diff: 0, Sum: 0, Workers: 4
[9.084s][debug][gc,phases      ] GC(17)     Total                          Min: 0, Avg:  0.0, Max: 0, Diff: 0, Sum: 0, Workers: 4
[9.084s][debug][gc,phases      ] GC(17) Weak Processing 0.239ms
[9.085s][debug][gc,age         ] GC(17) Desired survivor size 247988224 bytes, new threshold 11 (max threshold 15)
[9.085s][info ][gc,heap        ] GC(17) PSYoungGen: 1598552K(1836544K)->19416K(1854976K) Eden: 1580544K(1580544K)->0K(1605120K) From: 18008K(256000K)->19416K(249856K)
[9.085s][info ][gc,heap        ] GC(17) ParOldGen: 181888K(274944K)->181896K(274944K)
[9.085s][info ][gc,metaspace   ] GC(17) Metaspace: 60764K(61504K)->60764K(61504K) NonClass: 51708K(52096K)->51708K(52096K) Class: 9055K(9408K)->9055K(9408K)
[9.085s][info ][gc             ] GC(17) Pause Young (Allocation Failure) 1738M->196M(2080M) 9.289ms
[9.085s][info ][gc,cpu         ] GC(17) User=0.05s Sys=0.00s Real=0.01s
[9.085s][info ][safepoint      ] Safepoint "ParallelGCFailedAllocation", Time since last: 267448289 ns, Reaching safepoint: 163601 ns, At safepoint: 9381352 ns, Total: 9544953 ns
[9.352s][info ][safepoint      ] Safepoint "ICBufferFull", Time since last: 266931285 ns, Reaching safepoint: 259402 ns, At safepoint: 29100 ns, Total: 288502 ns
[9.442s][info ][gc,start       ] GC(18) Pause Young (Allocation Failure)
[9.452s][debug][gc,phases      ] GC(18) Scavenge 10.066ms
[9.452s][debug][gc,ref         ] GC(18) Skipped phase 1 of Reference Processing: no references
[9.452s][debug][gc,ref         ] GC(18) ReferenceProcessor::execute queues: 1, RefProcThreadModel::Single, marks_oops_alive: false
[9.452s][debug][gc,ref         ] GC(18) Skipped phase 3 of Reference Processing: no references
[9.452s][debug][gc,ref         ] GC(18) Skipped phase 4 of Reference Processing: no references
[9.452s][debug][gc,phases      ] GC(18) Reference Processing 0.141ms
[9.452s][debug][gc,phases      ] GC(18)   VM Weak                        Min:  0.0, Avg:  0.0, Max:  0.0, Diff:  0.0, Sum:  0.0, Workers: 4
[9.452s][debug][gc,phases      ] GC(18)     Dead                           Min: 0, Avg:  0.0, Max: 0, Diff: 0, Sum: 0, Workers: 4
[9.452s][debug][gc,phases      ] GC(18)     Total                          Min: 0, Avg: 135.5, Max: 542, Diff: 542, Sum: 542, Workers: 4
[9.452s][debug][gc,phases      ] GC(18)   ObjectSynchronizer Weak        Min:  0.0, Avg:  0.0, Max:  0.0, Diff:  0.0, Sum:  0.0, Workers: 4
[9.452s][debug][gc,phases      ] GC(18)     Dead                           Min: 0, Avg:  0.0, Max: 0, Diff: 0, Sum: 0, Workers: 4
[9.452s][debug][gc,phases      ] GC(18)     Total                          Min: 0, Avg: 115.8, Max: 207, Diff: 207, Sum: 463, Workers: 4
[9.452s][debug][gc,phases      ] GC(18)   JVMTI Tag Weak OopStorage      Min:  0.0, Avg:  0.0, Max:  0.0, Diff:  0.0, Sum:  0.0, Workers: 4
[9.452s][debug][gc,phases      ] GC(18)     Dead                           Min: 0, Avg:  0.0, Max: 0, Diff: 0, Sum: 0, Workers: 4
[9.452s][debug][gc,phases      ] GC(18)     Total                          Min: 0, Avg:  0.0, Max: 0, Diff: 0, Sum: 0, Workers: 4
[9.452s][debug][gc,phases      ] GC(18)   StringTable Weak               Min:  0.1, Avg:  0.1, Max:  0.1, Diff:  0.0, Sum:  0.4, Workers: 4
[9.452s][debug][gc,phases      ] GC(18)     Dead                           Min: 0, Avg:  3.0, Max: 12, Diff: 12, Sum: 12, Workers: 4
[9.452s][debug][gc,phases      ] GC(18)     Total                          Min: 8192, Avg: 10156.8, Max: 14771, Diff: 6579, Sum: 40627, Workers: 4
[9.452s][debug][gc,phases      ] GC(18)   ResolvedMethodTable Weak       Min:  0.0, Avg:  0.0, Max:  0.0, Diff:  0.0, Sum:  0.1, Workers: 4
[9.452s][debug][gc,phases      ] GC(18)     Dead                           Min: 0, Avg:  0.0, Max: 0, Diff: 0, Sum: 0, Workers: 4
[9.452s][debug][gc,phases      ] GC(18)     Total                          Min: 1344, Avg: 1602.2, Max: 1866, Diff: 522, Sum: 6409, Workers: 4
[9.452s][debug][gc,phases      ] GC(18)   JNI Weak                       Min:  0.0, Avg:  0.0, Max:  0.0, Diff:  0.0, Sum:  0.0, Workers: 4
[9.452s][debug][gc,phases      ] GC(18)     Dead                           Min: 0, Avg:  0.0, Max: 0, Diff: 0, Sum: 0, Workers: 4
[9.452s][debug][gc,phases      ] GC(18)     Total                          Min: 0, Avg:  2.0, Max: 8, Diff: 8, Sum: 8, Workers: 4
[9.452s][debug][gc,phases      ] GC(18)   StringDedup Table Weak         Min:  0.0, Avg:  0.0, Max:  0.0, Diff:  0.0, Sum:  0.0, Workers: 4
[9.452s][debug][gc,phases      ] GC(18)     Dead                           Min: 0, Avg:  0.0, Max: 0, Diff: 0, Sum: 0, Workers: 4
[9.452s][debug][gc,phases      ] GC(18)     Total                          Min: 0, Avg:  0.0, Max: 0, Diff: 0, Sum: 0, Workers: 4
[9.452s][debug][gc,phases      ] GC(18)   StringDedup Requests0 Weak     Min:  0.0, Avg:  0.0, Max:  0.0, Diff:  0.0, Sum:  0.0, Workers: 4
[9.452s][debug][gc,phases      ] GC(18)     Dead                           Min: 0, Avg:  0.0, Max: 0, Diff: 0, Sum: 0, Workers: 4
[9.452s][debug][gc,phases      ] GC(18)     Total                          Min: 0, Avg:  0.0, Max: 0, Diff: 0, Sum: 0, Workers: 4
[9.452s][debug][gc,phases      ] GC(18)   StringDedup Requests1 Weak     Min:  0.0, Avg:  0.0, Max:  0.0, Diff:  0.0, Sum:  0.0, Workers: 4
[9.452s][debug][gc,phases      ] GC(18)     Dead                           Min: 0, Avg:  0.0, Max: 0, Diff: 0, Sum: 0, Workers: 4
[9.452s][debug][gc,phases      ] GC(18)     Total                          Min: 0, Avg:  0.0, Max: 0, Diff: 0, Sum: 0, Workers: 4
[9.452s][debug][gc,phases      ] GC(18)   Weak JFR Old Object Samples    Min:  0.0, Avg:  0.0, Max:  0.0, Diff:  0.0, Sum:  0.0, Workers: 4
[9.452s][debug][gc,phases      ] GC(18)     Dead                           Min: 0, Avg:  0.0, Max: 0, Diff: 0, Sum: 0, Workers: 4
[9.452s][debug][gc,phases      ] GC(18)     Total                          Min: 0, Avg:  0.0, Max: 0, Diff: 0, Sum: 0, Workers: 4
[9.452s][debug][gc,phases      ] GC(18) Weak Processing 0.269ms
[9.452s][debug][gc,age         ] GC(18) Desired survivor size 239075328 bytes, new threshold 12 (max threshold 15)
[9.452s][info ][gc,heap        ] GC(18) PSYoungGen: 1624536K(1854976K)->22744K(1847296K) Eden: 1605120K(1605120K)->0K(1605120K) From: 19416K(249856K)->22744K(242176K)
[9.452s][info ][gc,heap        ] GC(18) ParOldGen: 181896K(274944K)->181904K(274944K)
[9.452s][info ][gc,metaspace   ] GC(18) Metaspace: 60783K(61504K)->60783K(61504K) NonClass: 51727K(52096K)->51727K(52096K) Class: 9056K(9408K)->9056K(9408K)
[9.452s][info ][gc             ] GC(18) Pause Young (Allocation Failure) 1764M->199M(2072M) 10.611ms
[9.452s][info ][gc,cpu         ] GC(18) User=0.04s Sys=0.00s Real=0.01s
[9.453s][info ][safepoint      ] Safepoint "ParallelGCFailedAllocation", Time since last: 87871889 ns, Reaching safepoint: 2155212 ns, At safepoint: 10705359 ns, Total: 12860571 ns
[9.554s][info ][safepoint      ] Safepoint "ICBufferFull", Time since last: 97654044 ns, Reaching safepoint: 3308218 ns, At safepoint: 21600 ns, Total: 3329818 ns
[9.682s][info ][gc,start       ] GC(19) Pause Young (Allocation Failure)
[9.692s][debug][gc,phases      ] GC(19) Scavenge 9.806ms
[9.692s][debug][gc,ref         ] GC(19) Skipped phase 1 of Reference Processing: no references
[9.692s][debug][gc,ref         ] GC(19) ReferenceProcessor::execute queues: 1, RefProcThreadModel::Single, marks_oops_alive: false
[9.692s][debug][gc,ref         ] GC(19) Skipped phase 3 of Reference Processing: no references
[9.692s][debug][gc,ref         ] GC(19) Skipped phase 4 of Reference Processing: no references
[9.692s][debug][gc,phases      ] GC(19) Reference Processing 0.126ms
[9.692s][debug][gc,phases      ] GC(19)   VM Weak                        Min:  0.0, Avg:  0.0, Max:  0.0, Diff:  0.0, Sum:  0.0, Workers: 4
[9.692s][debug][gc,phases      ] GC(19)     Dead                           Min: 0, Avg:  0.0, Max: 0, Diff: 0, Sum: 0, Workers: 4
[9.692s][debug][gc,phases      ] GC(19)     Total                          Min: 0, Avg: 135.5, Max: 512, Diff: 512, Sum: 542, Workers: 4
[9.692s][debug][gc,phases      ] GC(19)   ObjectSynchronizer Weak        Min:  0.0, Avg:  0.0, Max:  0.0, Diff:  0.0, Sum:  0.0, Workers: 4
[9.692s][debug][gc,phases      ] GC(19)     Dead                           Min: 0, Avg:  0.0, Max: 0, Diff: 0, Sum: 0, Workers: 4
[9.692s][debug][gc,phases      ] GC(19)     Total                          Min: 0, Avg: 115.8, Max: 256, Diff: 256, Sum: 463, Workers: 4
[9.692s][debug][gc,phases      ] GC(19)   JVMTI Tag Weak OopStorage      Min:  0.0, Avg:  0.0, Max:  0.0, Diff:  0.0, Sum:  0.0, Workers: 4
[9.692s][debug][gc,phases      ] GC(19)     Dead                           Min: 0, Avg:  0.0, Max: 0, Diff: 0, Sum: 0, Workers: 4
[9.692s][debug][gc,phases      ] GC(19)     Total                          Min: 0, Avg:  0.0, Max: 0, Diff: 0, Sum: 0, Workers: 4
[9.692s][debug][gc,phases      ] GC(19)   StringTable Weak               Min:  0.1, Avg:  0.1, Max:  0.1, Diff:  0.0, Sum:  0.3, Workers: 4
[9.692s][debug][gc,phases      ] GC(19)     Dead                           Min: 0, Avg:  0.0, Max: 0, Diff: 0, Sum: 0, Workers: 4
[9.692s][debug][gc,phases      ] GC(19)     Total                          Min: 6976, Avg: 10157.2, Max: 12858, Diff: 5882, Sum: 40629, Workers: 4
[9.692s][debug][gc,phases      ] GC(19)   ResolvedMethodTable Weak       Min:  0.0, Avg:  0.0, Max:  0.0, Diff:  0.0, Sum:  0.1, Workers: 4
[9.692s][debug][gc,phases      ] GC(19)     Dead                           Min: 0, Avg:  0.0, Max: 0, Diff: 0, Sum: 0, Workers: 4
[9.692s][debug][gc,phases      ] GC(19)     Total                          Min: 1344, Avg: 1602.2, Max: 1792, Diff: 448, Sum: 6409, Workers: 4
[9.692s][debug][gc,phases      ] GC(19)   JNI Weak                       Min:  0.0, Avg:  0.0, Max:  0.0, Diff:  0.0, Sum:  0.0, Workers: 4
[9.692s][debug][gc,phases      ] GC(19)     Dead                           Min: 0, Avg:  0.0, Max: 0, Diff: 0, Sum: 0, Workers: 4
[9.692s][debug][gc,phases      ] GC(19)     Total                          Min: 0, Avg:  1.8, Max: 7, Diff: 7, Sum: 7, Workers: 4
[9.692s][debug][gc,phases      ] GC(19)   StringDedup Table Weak         Min:  0.0, Avg:  0.0, Max:  0.0, Diff:  0.0, Sum:  0.0, Workers: 4
[9.692s][debug][gc,phases      ] GC(19)     Dead                           Min: 0, Avg:  0.0, Max: 0, Diff: 0, Sum: 0, Workers: 4
[9.692s][debug][gc,phases      ] GC(19)     Total                          Min: 0, Avg:  0.0, Max: 0, Diff: 0, Sum: 0, Workers: 4
[9.692s][debug][gc,phases      ] GC(19)   StringDedup Requests0 Weak     Min:  0.0, Avg:  0.0, Max:  0.0, Diff:  0.0, Sum:  0.0, Workers: 4
[9.692s][debug][gc,phases      ] GC(19)     Dead                           Min: 0, Avg:  0.0, Max: 0, Diff: 0, Sum: 0, Workers: 4
[9.692s][debug][gc,phases      ] GC(19)     Total                          Min: 0, Avg:  0.0, Max: 0, Diff: 0, Sum: 0, Workers: 4
[9.692s][debug][gc,phases      ] GC(19)   StringDedup Requests1 Weak     Min:  0.0, Avg:  0.0, Max:  0.0, Diff:  0.0, Sum:  0.0, Workers: 4
[9.692s][debug][gc,phases      ] GC(19)     Dead                           Min: 0, Avg:  0.0, Max: 0, Diff: 0, Sum: 0, Workers: 4
[9.692s][debug][gc,phases      ] GC(19)     Total                          Min: 0, Avg:  0.0, Max: 0, Diff: 0, Sum: 0, Workers: 4
[9.692s][debug][gc,phases      ] GC(19)   Weak JFR Old Object Samples    Min:  0.0, Avg:  0.0, Max:  0.0, Diff:  0.0, Sum:  0.0, Workers: 4
[9.692s][debug][gc,phases      ] GC(19)     Dead                           Min: 0, Avg:  0.0, Max: 0, Diff: 0, Sum: 0, Workers: 4
[9.692s][debug][gc,phases      ] GC(19)     Total                          Min: 0, Avg:  0.0, Max: 0, Diff: 0, Sum: 0, Workers: 4
[9.692s][debug][gc,phases      ] GC(19) Weak Processing 0.258ms
[9.692s][debug][gc,age         ] GC(19) Desired survivor size 229113856 bytes, new threshold 13 (max threshold 15)
[9.692s][info ][gc,heap        ] GC(19) PSYoungGen: 1627864K(1847296K)->24672K(1873408K) Eden: 1605120K(1605120K)->0K(1639936K) From: 22744K(242176K)->24672K(233472K)
[9.692s][info ][gc,heap        ] GC(19) ParOldGen: 181904K(274944K)->181904K(274944K)
[9.692s][info ][gc,metaspace   ] GC(19) Metaspace: 60791K(61504K)->60791K(61504K) NonClass: 51734K(52096K)->51734K(52096K) Class: 9057K(9408K)->9057K(9408K)
[9.692s][info ][gc             ] GC(19) Pause Young (Allocation Failure) 1767M->201M(2098M) 10.289ms
[9.692s][info ][gc,cpu         ] GC(19) User=0.04s Sys=0.00s Real=0.01s
[9.692s][info ][safepoint      ] Safepoint "ParallelGCFailedAllocation", Time since last: 128299114 ns, Reaching safepoint: 158001 ns, At safepoint: 10376458 ns, Total: 10534459 ns
[9.903s][info ][safepoint      ] Safepoint "ICBufferFull", Time since last: 210077569 ns, Reaching safepoint: 1004505 ns, At safepoint: 22900 ns, Total: 1027405 ns
[9.910s][info ][safepoint      ] Safepoint "ICBufferFull", Time since last: 6854338 ns, Reaching safepoint: 100401 ns, At safepoint: 27200 ns, Total: 127601 ns
[9.911s][info ][safepoint      ] Safepoint "ICBufferFull", Time since last: 681104 ns, Reaching safepoint: 88300 ns, At safepoint: 23300 ns, Total: 111600 ns
[9.912s][info ][safepoint      ] Safepoint "ICBufferFull", Time since last: 657004 ns, Reaching safepoint: 84901 ns, At safepoint: 19500 ns, Total: 104401 ns
[9.913s][info ][safepoint      ] Safepoint "ICBufferFull", Time since last: 683904 ns, Reaching safepoint: 86300 ns, At safepoint: 25700 ns, Total: 112000 ns
[9.914s][info ][safepoint      ] Safepoint "ICBufferFull", Time since last: 684104 ns, Reaching safepoint: 87100 ns, At safepoint: 22301 ns, Total: 109401 ns
[9.914s][info ][safepoint      ] Safepoint "ICBufferFull", Time since last: 677403 ns, Reaching safepoint: 85001 ns, At safepoint: 24900 ns, Total: 109901 ns
[9.915s][info ][safepoint      ] Safepoint "ICBufferFull", Time since last: 701904 ns, Reaching safepoint: 85100 ns, At safepoint: 24100 ns, Total: 109200 ns
[9.916s][info ][safepoint      ] Safepoint "ICBufferFull", Time since last: 658404 ns, Reaching safepoint: 84601 ns, At safepoint: 24200 ns, Total: 108801 ns
[9.917s][info ][safepoint      ] Safepoint "ICBufferFull", Time since last: 666703 ns, Reaching safepoint: 84401 ns, At safepoint: 25500 ns, Total: 109901 ns
[9.918s][info ][safepoint      ] Safepoint "ICBufferFull", Time since last: 671404 ns, Reaching safepoint: 85700 ns, At safepoint: 28100 ns, Total: 113800 ns
[9.918s][info ][safepoint      ] Safepoint "ICBufferFull", Time since last: 684304 ns, Reaching safepoint: 85201 ns, At safepoint: 22600 ns, Total: 107801 ns
[9.922s][info ][safepoint      ] Safepoint "ICBufferFull", Time since last: 701604 ns, Reaching safepoint: 3177017 ns, At safepoint: 28101 ns, Total: 3205118 ns
[9.945s][info ][safepoint      ] Safepoint "ICBufferFull", Time since last: 23012128 ns, Reaching safepoint: 108400 ns, At safepoint: 30000 ns, Total: 138400 ns
[9.946s][info ][safepoint      ] Safepoint "ICBufferFull", Time since last: 709004 ns, Reaching safepoint: 97401 ns, At safepoint: 20200 ns, Total: 117601 ns
[9.947s][info ][safepoint      ] Safepoint "ICBufferFull", Time since last: 671404 ns, Reaching safepoint: 92100 ns, At safepoint: 23000 ns, Total: 115100 ns
[10.065s][info ][gc,start       ] GC(20) Pause Young (Allocation Failure)
[10.076s][debug][gc,phases      ] GC(20) Scavenge 11.006ms
[10.076s][debug][gc,ref         ] GC(20) Skipped phase 1 of Reference Processing: no references
[10.076s][debug][gc,ref         ] GC(20) ReferenceProcessor::execute queues: 1, RefProcThreadModel::Single, marks_oops_alive: false
[10.076s][debug][gc,ref         ] GC(20) Skipped phase 3 of Reference Processing: no references
[10.076s][debug][gc,ref         ] GC(20) ReferenceProcessor::execute queues: 1, RefProcThreadModel::Single, marks_oops_alive: false
[10.076s][debug][gc,phases      ] GC(20) Reference Processing 0.142ms
[10.077s][debug][gc,phases      ] GC(20)   VM Weak                        Min:  0.0, Avg:  0.0, Max:  0.0, Diff:  0.0, Sum:  0.0, Workers: 4
[10.077s][debug][gc,phases      ] GC(20)     Dead                           Min: 0, Avg:  0.0, Max: 0, Diff: 0, Sum: 0, Workers: 4
[10.077s][debug][gc,phases      ] GC(20)     Total                          Min: 0, Avg: 136.5, Max: 482, Diff: 482, Sum: 546, Workers: 4
[10.077s][debug][gc,phases      ] GC(20)   ObjectSynchronizer Weak        Min:  0.0, Avg:  0.0, Max:  0.0, Diff:  0.0, Sum:  0.0, Workers: 4
[10.077s][debug][gc,phases      ] GC(20)     Dead                           Min: 0, Avg:  0.0, Max: 0, Diff: 0, Sum: 0, Workers: 4
[10.077s][debug][gc,phases      ] GC(20)     Total                          Min: 0, Avg: 115.8, Max: 207, Diff: 207, Sum: 463, Workers: 4
[10.077s][debug][gc,phases      ] GC(20)   JVMTI Tag Weak OopStorage      Min:  0.0, Avg:  0.0, Max:  0.0, Diff:  0.0, Sum:  0.0, Workers: 4
[10.077s][debug][gc,phases      ] GC(20)     Dead                           Min: 0, Avg:  0.0, Max: 0, Diff: 0, Sum: 0, Workers: 4
[10.077s][debug][gc,phases      ] GC(20)     Total                          Min: 0, Avg:  0.0, Max: 0, Diff: 0, Sum: 0, Workers: 4
[10.077s][debug][gc,phases      ] GC(20)   StringTable Weak               Min:  0.1, Avg:  0.1, Max:  0.1, Diff:  0.0, Sum:  0.3, Workers: 4
[10.077s][debug][gc,phases      ] GC(20)     Dead                           Min: 0, Avg:  3.2, Max: 6, Diff: 6, Sum: 13, Workers: 4
[10.077s][debug][gc,phases      ] GC(20)     Total                          Min: 7488, Avg: 10163.0, Max: 11584, Diff: 4096, Sum: 40652, Workers: 4
[10.077s][debug][gc,phases      ] GC(20)   ResolvedMethodTable Weak       Min:  0.0, Avg:  0.0, Max:  0.0, Diff:  0.0, Sum:  0.1, Workers: 4
[10.077s][debug][gc,phases      ] GC(20)     Dead                           Min: 0, Avg:  0.0, Max: 0, Diff: 0, Sum: 0, Workers: 4
[10.077s][debug][gc,phases      ] GC(20)     Total                          Min: 1216, Avg: 1604.2, Max: 1745, Diff: 529, Sum: 6417, Workers: 4
[10.077s][debug][gc,phases      ] GC(20)   JNI Weak                       Min:  0.0, Avg:  0.0, Max:  0.0, Diff:  0.0, Sum:  0.0, Workers: 4
[10.077s][debug][gc,phases      ] GC(20)     Dead                           Min: 0, Avg:  0.0, Max: 0, Diff: 0, Sum: 0, Workers: 4
[10.077s][debug][gc,phases      ] GC(20)     Total                          Min: 0, Avg:  0.0, Max: 0, Diff: 0, Sum: 0, Workers: 4
[10.077s][debug][gc,phases      ] GC(20)   StringDedup Table Weak         Min:  0.0, Avg:  0.0, Max:  0.0, Diff:  0.0, Sum:  0.0, Workers: 4
[10.077s][debug][gc,phases      ] GC(20)     Dead                           Min: 0, Avg:  0.0, Max: 0, Diff: 0, Sum: 0, Workers: 4
[10.077s][debug][gc,phases      ] GC(20)     Total                          Min: 0, Avg:  0.0, Max: 0, Diff: 0, Sum: 0, Workers: 4
[10.077s][debug][gc,phases      ] GC(20)   StringDedup Requests0 Weak     Min:  0.0, Avg:  0.0, Max:  0.0, Diff:  0.0, Sum:  0.0, Workers: 4
[10.077s][debug][gc,phases      ] GC(20)     Dead                           Min: 0, Avg:  0.0, Max: 0, Diff: 0, Sum: 0, Workers: 4
[10.077s][debug][gc,phases      ] GC(20)     Total                          Min: 0, Avg:  0.0, Max: 0, Diff: 0, Sum: 0, Workers: 4
[10.077s][debug][gc,phases      ] GC(20)   StringDedup Requests1 Weak     Min:  0.0, Avg:  0.0, Max:  0.0, Diff:  0.0, Sum:  0.0, Workers: 4
[10.077s][debug][gc,phases      ] GC(20)     Dead                           Min: 0, Avg:  0.0, Max: 0, Diff: 0, Sum: 0, Workers: 4
[10.077s][debug][gc,phases      ] GC(20)     Total                          Min: 0, Avg:  0.0, Max: 0, Diff: 0, Sum: 0, Workers: 4
[10.077s][debug][gc,phases      ] GC(20)   Weak JFR Old Object Samples    Min:  0.0, Avg:  0.0, Max:  0.0, Diff:  0.0, Sum:  0.0, Workers: 4
[10.077s][debug][gc,phases      ] GC(20)     Dead                           Min: 0, Avg:  0.0, Max: 0, Diff: 0, Sum: 0, Workers: 4
[10.077s][debug][gc,phases      ] GC(20)     Total                          Min: 0, Avg:  0.0, Max: 0, Diff: 0, Sum: 0, Workers: 4
[10.077s][debug][gc,phases      ] GC(20) Weak Processing 0.245ms
[10.077s][debug][gc,age         ] GC(20) Desired survivor size 218628096 bytes, new threshold 14 (max threshold 15)
[10.077s][info ][gc,heap        ] GC(20) PSYoungGen: 1664608K(1873408K)->28801K(1863680K) Eden: 1639936K(1639936K)->0K(1639936K) From: 24672K(233472K)->28801K(223744K)
[10.077s][info ][gc,heap        ] GC(20) ParOldGen: 181904K(274944K)->181912K(274944K)
[10.077s][info ][gc,metaspace   ] GC(20) Metaspace: 60878K(61632K)->60878K(61632K) NonClass: 51816K(52224K)->51816K(52224K) Class: 9062K(9408K)->9062K(9408K)
[10.077s][info ][gc             ] GC(20) Pause Young (Allocation Failure) 1803M->205M(2088M) 11.513ms
[10.077s][info ][gc,cpu         ] GC(20) User=0.04s Sys=0.00s Real=0.01s
[10.077s][info ][safepoint      ] Safepoint "ParallelGCFailedAllocation", Time since last: 118041157 ns, Reaching safepoint: 123701 ns, At safepoint: 11606164 ns, Total: 11729865 ns
[10.409s][info ][gc,start       ] GC(21) Pause Young (Allocation Failure)
[10.418s][debug][gc,phases      ] GC(21) Scavenge 9.333ms
[10.418s][debug][gc,ref         ] GC(21) Skipped phase 1 of Reference Processing: no references
[10.419s][debug][gc,ref         ] GC(21) ReferenceProcessor::execute queues: 1, RefProcThreadModel::Single, marks_oops_alive: false
[10.419s][debug][gc,ref         ] GC(21) Skipped phase 3 of Reference Processing: no references
[10.419s][debug][gc,ref         ] GC(21) ReferenceProcessor::execute queues: 1, RefProcThreadModel::Single, marks_oops_alive: false
[10.419s][debug][gc,phases      ] GC(21) Reference Processing 0.135ms
[10.419s][debug][gc,phases      ] GC(21)   VM Weak                        Min:  0.0, Avg:  0.0, Max:  0.0, Diff:  0.0, Sum:  0.0, Workers: 4
[10.419s][debug][gc,phases      ] GC(21)     Dead                           Min: 0, Avg:  0.0, Max: 0, Diff: 0, Sum: 0, Workers: 4
[10.419s][debug][gc,phases      ] GC(21)     Total                          Min: 0, Avg: 136.5, Max: 482, Diff: 482, Sum: 546, Workers: 4
[10.419s][debug][gc,phases      ] GC(21)   ObjectSynchronizer Weak        Min:  0.0, Avg:  0.0, Max:  0.0, Diff:  0.0, Sum:  0.0, Workers: 4
[10.419s][debug][gc,phases      ] GC(21)     Dead                           Min: 0, Avg:  0.0, Max: 0, Diff: 0, Sum: 0, Workers: 4
[10.419s][debug][gc,phases      ] GC(21)     Total                          Min: 0, Avg: 115.8, Max: 256, Diff: 256, Sum: 463, Workers: 4
[10.419s][debug][gc,phases      ] GC(21)   JVMTI Tag Weak OopStorage      Min:  0.0, Avg:  0.0, Max:  0.0, Diff:  0.0, Sum:  0.0, Workers: 4
[10.419s][debug][gc,phases      ] GC(21)     Dead                           Min: 0, Avg:  0.0, Max: 0, Diff: 0, Sum: 0, Workers: 4
[10.419s][debug][gc,phases      ] GC(21)     Total                          Min: 0, Avg:  0.0, Max: 0, Diff: 0, Sum: 0, Workers: 4
[10.419s][debug][gc,phases      ] GC(21)   StringTable Weak               Min:  0.1, Avg:  0.1, Max:  0.1, Diff:  0.0, Sum:  0.3, Workers: 4
[10.419s][debug][gc,phases      ] GC(21)     Dead                           Min: 0, Avg:  2.8, Max: 11, Diff: 11, Sum: 11, Workers: 4
[10.419s][debug][gc,phases      ] GC(21)     Total                          Min: 8891, Avg: 10173.0, Max: 10814, Diff: 1923, Sum: 40692, Workers: 4
[10.419s][debug][gc,phases      ] GC(21)   ResolvedMethodTable Weak       Min:  0.0, Avg:  0.0, Max:  0.0, Diff:  0.0, Sum:  0.1, Workers: 4
[10.419s][debug][gc,phases      ] GC(21)     Dead                           Min: 0, Avg:  0.2, Max: 1, Diff: 1, Sum: 1, Workers: 4
[10.419s][debug][gc,phases      ] GC(21)     Total                          Min: 1408, Avg: 1605.0, Max: 1684, Diff: 276, Sum: 6420, Workers: 4
[10.419s][debug][gc,phases      ] GC(21)   JNI Weak                       Min:  0.0, Avg:  0.0, Max:  0.0, Diff:  0.0, Sum:  0.0, Workers: 4
[10.419s][debug][gc,phases      ] GC(21)     Dead                           Min: 0, Avg:  0.0, Max: 0, Diff: 0, Sum: 0, Workers: 4
[10.419s][debug][gc,phases      ] GC(21)     Total                          Min: 0, Avg:  1.2, Max: 5, Diff: 5, Sum: 5, Workers: 4
[10.419s][debug][gc,phases      ] GC(21)   StringDedup Table Weak         Min:  0.0, Avg:  0.0, Max:  0.0, Diff:  0.0, Sum:  0.0, Workers: 4
[10.419s][debug][gc,phases      ] GC(21)     Dead                           Min: 0, Avg:  0.0, Max: 0, Diff: 0, Sum: 0, Workers: 4
[10.419s][debug][gc,phases      ] GC(21)     Total                          Min: 0, Avg:  0.0, Max: 0, Diff: 0, Sum: 0, Workers: 4
[10.419s][debug][gc,phases      ] GC(21)   StringDedup Requests0 Weak     Min:  0.0, Avg:  0.0, Max:  0.0, Diff:  0.0, Sum:  0.0, Workers: 4
[10.419s][debug][gc,phases      ] GC(21)     Dead                           Min: 0, Avg:  0.0, Max: 0, Diff: 0, Sum: 0, Workers: 4
[10.419s][debug][gc,phases      ] GC(21)     Total                          Min: 0, Avg:  0.0, Max: 0, Diff: 0, Sum: 0, Workers: 4
[10.419s][debug][gc,phases      ] GC(21)   StringDedup Requests1 Weak     Min:  0.0, Avg:  0.0, Max:  0.0, Diff:  0.0, Sum:  0.0, Workers: 4
[10.419s][debug][gc,phases      ] GC(21)     Dead                           Min: 0, Avg:  0.0, Max: 0, Diff: 0, Sum: 0, Workers: 4
[10.419s][debug][gc,phases      ] GC(21)     Total                          Min: 0, Avg:  0.0, Max: 0, Diff: 0, Sum: 0, Workers: 4
[10.419s][debug][gc,phases      ] GC(21)   Weak JFR Old Object Samples    Min:  0.0, Avg:  0.0, Max:  0.0, Diff:  0.0, Sum:  0.0, Workers: 4
[10.419s][debug][gc,phases      ] GC(21)     Dead                           Min: 0, Avg:  0.0, Max: 0, Diff: 0, Sum: 0, Workers: 4
[10.419s][debug][gc,phases      ] GC(21)     Total                          Min: 0, Avg:  0.0, Max: 0, Diff: 0, Sum: 0, Workers: 4
[10.419s][debug][gc,phases      ] GC(21) Weak Processing 0.238ms
[10.419s][debug][gc,age         ] GC(21) Desired survivor size 207618048 bytes, new threshold 15 (max threshold 15)
[10.419s][info ][gc,heap        ] GC(21) PSYoungGen: 1668737K(1863680K)->29184K(1894400K) Eden: 1639936K(1639936K)->0K(1680896K) From: 28801K(223744K)->29184K(213504K)
[10.419s][info ][gc,heap        ] GC(21) ParOldGen: 181912K(274944K)->181920K(274944K)
[10.419s][info ][gc,metaspace   ] GC(21) Metaspace: 61027K(61760K)->61027K(61760K) NonClass: 51952K(52352K)->51952K(52352K) Class: 9075K(9408K)->9075K(9408K)
[10.419s][info ][gc             ] GC(21) Pause Young (Allocation Failure) 1807M->206M(2118M) 9.816ms
[10.419s][info ][gc,cpu         ] GC(21) User=0.04s Sys=0.00s Real=0.01s
[10.419s][info ][safepoint      ] Safepoint "ParallelGCFailedAllocation", Time since last: 332130348 ns, Reaching safepoint: 149101 ns, At safepoint: 9908855 ns, Total: 10057956 ns
[10.653s][info ][gc,start       ] GC(22) Pause Young (Allocation Failure)
[10.665s][debug][gc,phases      ] GC(22) Scavenge 12.330ms
[10.665s][debug][gc,ref         ] GC(22) Skipped phase 1 of Reference Processing: no references
[10.665s][debug][gc,ref         ] GC(22) ReferenceProcessor::execute queues: 1, RefProcThreadModel::Single, marks_oops_alive: false
[10.666s][debug][gc,ref         ] GC(22) Skipped phase 3 of Reference Processing: no references
[10.666s][debug][gc,ref         ] GC(22) ReferenceProcessor::execute queues: 1, RefProcThreadModel::Single, marks_oops_alive: false
[10.666s][debug][gc,phases      ] GC(22) Reference Processing 0.140ms
[10.666s][debug][gc,phases      ] GC(22)   VM Weak                        Min:  0.0, Avg:  0.0, Max:  0.0, Diff:  0.0, Sum:  0.0, Workers: 4
[10.666s][debug][gc,phases      ] GC(22)     Dead                           Min: 0, Avg:  0.0, Max: 0, Diff: 0, Sum: 0, Workers: 4
[10.666s][debug][gc,phases      ] GC(22)     Total                          Min: 0, Avg: 137.2, Max: 384, Diff: 384, Sum: 549, Workers: 4
[10.666s][debug][gc,phases      ] GC(22)   ObjectSynchronizer Weak        Min:  0.0, Avg:  0.0, Max:  0.0, Diff:  0.0, Sum:  0.0, Workers: 4
[10.666s][debug][gc,phases      ] GC(22)     Dead                           Min: 0, Avg:  0.0, Max: 0, Diff: 0, Sum: 0, Workers: 4
[10.666s][debug][gc,phases      ] GC(22)     Total                          Min: 0, Avg: 115.8, Max: 256, Diff: 256, Sum: 463, Workers: 4
[10.666s][debug][gc,phases      ] GC(22)   JVMTI Tag Weak OopStorage      Min:  0.0, Avg:  0.0, Max:  0.0, Diff:  0.0, Sum:  0.0, Workers: 4
[10.666s][debug][gc,phases      ] GC(22)     Dead                           Min: 0, Avg:  0.0, Max: 0, Diff: 0, Sum: 0, Workers: 4
[10.666s][debug][gc,phases      ] GC(22)     Total                          Min: 0, Avg:  0.0, Max: 0, Diff: 0, Sum: 0, Workers: 4
[10.666s][debug][gc,phases      ] GC(22)   StringTable Weak               Min:  0.1, Avg:  0.1, Max:  0.1, Diff:  0.0, Sum:  0.3, Workers: 4
[10.666s][debug][gc,phases      ] GC(22)     Dead                           Min: 0, Avg:  1.0, Max: 3, Diff: 3, Sum: 4, Workers: 4
[10.666s][debug][gc,phases      ] GC(22)     Total                          Min: 9088, Avg: 10198.0, Max: 11416, Diff: 2328, Sum: 40792, Workers: 4
[10.666s][debug][gc,phases      ] GC(22)   ResolvedMethodTable Weak       Min:  0.0, Avg:  0.0, Max:  0.0, Diff:  0.0, Sum:  0.1, Workers: 4
[10.666s][debug][gc,phases      ] GC(22)     Dead                           Min: 0, Avg:  4.5, Max: 12, Diff: 12, Sum: 18, Workers: 4
[10.666s][debug][gc,phases      ] GC(22)     Total                          Min: 1472, Avg: 1617.8, Max: 1728, Diff: 256, Sum: 6471, Workers: 4
[10.666s][debug][gc,phases      ] GC(22)   JNI Weak                       Min:  0.0, Avg:  0.0, Max:  0.0, Diff:  0.0, Sum:  0.0, Workers: 4
[10.666s][debug][gc,phases      ] GC(22)     Dead                           Min: 0, Avg:  0.0, Max: 0, Diff: 0, Sum: 0, Workers: 4
[10.666s][debug][gc,phases      ] GC(22)     Total                          Min: 0, Avg:  0.0, Max: 0, Diff: 0, Sum: 0, Workers: 4
[10.666s][debug][gc,phases      ] GC(22)   StringDedup Table Weak         Min:  0.0, Avg:  0.0, Max:  0.0, Diff:  0.0, Sum:  0.0, Workers: 4
[10.666s][debug][gc,phases      ] GC(22)     Dead                           Min: 0, Avg:  0.0, Max: 0, Diff: 0, Sum: 0, Workers: 4
[10.666s][debug][gc,phases      ] GC(22)     Total                          Min: 0, Avg:  0.0, Max: 0, Diff: 0, Sum: 0, Workers: 4
[10.666s][debug][gc,phases      ] GC(22)   StringDedup Requests0 Weak     Min:  0.0, Avg:  0.0, Max:  0.0, Diff:  0.0, Sum:  0.0, Workers: 4
[10.666s][debug][gc,phases      ] GC(22)     Dead                           Min: 0, Avg:  0.0, Max: 0, Diff: 0, Sum: 0, Workers: 4
[10.666s][debug][gc,phases      ] GC(22)     Total                          Min: 0, Avg:  0.0, Max: 0, Diff: 0, Sum: 0, Workers: 4
[10.666s][debug][gc,phases      ] GC(22)   StringDedup Requests1 Weak     Min:  0.0, Avg:  0.0, Max:  0.0, Diff:  0.0, Sum:  0.0, Workers: 4
[10.666s][debug][gc,phases      ] GC(22)     Dead                           Min: 0, Avg:  0.0, Max: 0, Diff: 0, Sum: 0, Workers: 4
[10.666s][debug][gc,phases      ] GC(22)     Total                          Min: 0, Avg:  0.0, Max: 0, Diff: 0, Sum: 0, Workers: 4
[10.666s][debug][gc,phases      ] GC(22)   Weak JFR Old Object Samples    Min:  0.0, Avg:  0.0, Max:  0.0, Diff:  0.0, Sum:  0.0, Workers: 4
[10.666s][debug][gc,phases      ] GC(22)     Dead                           Min: 0, Avg:  0.0, Max: 0, Diff: 0, Sum: 0, Workers: 4
[10.666s][debug][gc,phases      ] GC(22)     Total                          Min: 0, Avg:  0.0, Max: 0, Diff: 0, Sum: 0, Workers: 4
[10.666s][debug][gc,phases      ] GC(22) Weak Processing 0.246ms
[10.666s][debug][gc,age         ] GC(22) Desired survivor size 197132288 bytes, new threshold 15 (max threshold 15)
[10.666s][info ][gc,heap        ] GC(22) PSYoungGen: 1710080K(1894400K)->29429K(1883648K) Eden: 1680896K(1680896K)->0K(1680896K) From: 29184K(213504K)->29429K(202752K)
[10.666s][info ][gc,heap        ] GC(22) ParOldGen: 181920K(274944K)->181928K(274944K)
[10.666s][info ][gc,metaspace   ] GC(22) Metaspace: 61520K(62272K)->61520K(62272K) NonClass: 52383K(52800K)->52383K(52800K) Class: 9137K(9472K)->9137K(9472K)
[10.666s][info ][gc             ] GC(22) Pause Young (Allocation Failure) 1847M->206M(2108M) 12.826ms
[10.666s][info ][gc,cpu         ] GC(22) User=0.06s Sys=0.00s Real=0.01s
[10.666s][info ][safepoint      ] Safepoint "ParallelGCFailedAllocation", Time since last: 233834501 ns, Reaching safepoint: 185601 ns, At safepoint: 12920072 ns, Total: 13105673 ns
[11.021s][info ][gc,start       ] GC(23) Pause Young (Allocation Failure)
[11.032s][debug][gc,phases      ] GC(23) Scavenge 11.044ms
[11.032s][debug][gc,ref         ] GC(23) Skipped phase 1 of Reference Processing: no references
[11.033s][debug][gc,ref         ] GC(23) ReferenceProcessor::execute queues: 1, RefProcThreadModel::Single, marks_oops_alive: false
[11.033s][debug][gc,ref         ] GC(23) Skipped phase 3 of Reference Processing: no references
[11.033s][debug][gc,ref         ] GC(23) ReferenceProcessor::execute queues: 1, RefProcThreadModel::Single, marks_oops_alive: false
[11.033s][debug][gc,phases      ] GC(23) Reference Processing 0.158ms
[11.033s][debug][gc,phases      ] GC(23)   VM Weak                        Min:  0.0, Avg:  0.0, Max:  0.0, Diff:  0.0, Sum:  0.0, Workers: 4
[11.033s][debug][gc,phases      ] GC(23)     Dead                           Min: 0, Avg:  0.0, Max: 0, Diff: 0, Sum: 0, Workers: 4
[11.033s][debug][gc,phases      ] GC(23)     Total                          Min: 0, Avg: 137.5, Max: 550, Diff: 550, Sum: 550, Workers: 4
[11.033s][debug][gc,phases      ] GC(23)   ObjectSynchronizer Weak        Min:  0.0, Avg:  0.0, Max:  0.0, Diff:  0.0, Sum:  0.0, Workers: 4
[11.033s][debug][gc,phases      ] GC(23)     Dead                           Min: 0, Avg:  0.0, Max: 0, Diff: 0, Sum: 0, Workers: 4
[11.033s][debug][gc,phases      ] GC(23)     Total                          Min: 0, Avg: 116.0, Max: 400, Diff: 400, Sum: 464, Workers: 4
[11.033s][debug][gc,phases      ] GC(23)   JVMTI Tag Weak OopStorage      Min:  0.0, Avg:  0.0, Max:  0.0, Diff:  0.0, Sum:  0.0, Workers: 4
[11.033s][debug][gc,phases      ] GC(23)     Dead                           Min: 0, Avg:  0.0, Max: 0, Diff: 0, Sum: 0, Workers: 4
[11.033s][debug][gc,phases      ] GC(23)     Total                          Min: 0, Avg:  0.0, Max: 0, Diff: 0, Sum: 0, Workers: 4
[11.033s][debug][gc,phases      ] GC(23)   StringTable Weak               Min:  0.1, Avg:  0.1, Max:  0.1, Diff:  0.0, Sum:  0.3, Workers: 4
[11.033s][debug][gc,phases      ] GC(23)     Dead                           Min: 0, Avg:  3.0, Max: 11, Diff: 11, Sum: 12, Workers: 4
[11.033s][debug][gc,phases      ] GC(23)     Total                          Min: 10018, Avg: 10504.5, Max: 11136, Diff: 1118, Sum: 42018, Workers: 4
[11.033s][debug][gc,phases      ] GC(23)   ResolvedMethodTable Weak       Min:  0.0, Avg:  0.0, Max:  0.0, Diff:  0.0, Sum:  0.1, Workers: 4
[11.033s][debug][gc,phases      ] GC(23)     Dead                           Min: 0, Avg: 30.0, Max: 61, Diff: 61, Sum: 120, Workers: 4
[11.033s][debug][gc,phases      ] GC(23)     Total                          Min: 1470, Avg: 1653.0, Max: 1750, Diff: 280, Sum: 6612, Workers: 4
[11.033s][debug][gc,phases      ] GC(23)   JNI Weak                       Min:  0.0, Avg:  0.0, Max:  0.0, Diff:  0.0, Sum:  0.0, Workers: 4
[11.033s][debug][gc,phases      ] GC(23)     Dead                           Min: 0, Avg:  0.0, Max: 0, Diff: 0, Sum: 0, Workers: 4
[11.033s][debug][gc,phases      ] GC(23)     Total                          Min: 0, Avg:  0.5, Max: 2, Diff: 2, Sum: 2, Workers: 4
[11.033s][debug][gc,phases      ] GC(23)   StringDedup Table Weak         Min:  0.0, Avg:  0.0, Max:  0.0, Diff:  0.0, Sum:  0.0, Workers: 4
[11.033s][debug][gc,phases      ] GC(23)     Dead                           Min: 0, Avg:  0.0, Max: 0, Diff: 0, Sum: 0, Workers: 4
[11.033s][debug][gc,phases      ] GC(23)     Total                          Min: 0, Avg:  0.0, Max: 0, Diff: 0, Sum: 0, Workers: 4
[11.033s][debug][gc,phases      ] GC(23)   StringDedup Requests0 Weak     Min:  0.0, Avg:  0.0, Max:  0.0, Diff:  0.0, Sum:  0.0, Workers: 4
[11.033s][debug][gc,phases      ] GC(23)     Dead                           Min: 0, Avg:  0.0, Max: 0, Diff: 0, Sum: 0, Workers: 4
[11.033s][debug][gc,phases      ] GC(23)     Total                          Min: 0, Avg:  0.0, Max: 0, Diff: 0, Sum: 0, Workers: 4
[11.033s][debug][gc,phases      ] GC(23)   StringDedup Requests1 Weak     Min:  0.0, Avg:  0.0, Max:  0.0, Diff:  0.0, Sum:  0.0, Workers: 4
[11.033s][debug][gc,phases      ] GC(23)     Dead                           Min: 0, Avg:  0.0, Max: 0, Diff: 0, Sum: 0, Workers: 4
[11.033s][debug][gc,phases      ] GC(23)     Total                          Min: 0, Avg:  0.0, Max: 0, Diff: 0, Sum: 0, Workers: 4
[11.033s][debug][gc,phases      ] GC(23)   Weak JFR Old Object Samples    Min:  0.0, Avg:  0.0, Max:  0.0, Diff:  0.0, Sum:  0.0, Workers: 4
[11.033s][debug][gc,phases      ] GC(23)     Dead                           Min: 0, Avg:  0.0, Max: 0, Diff: 0, Sum: 0, Workers: 4
[11.033s][debug][gc,phases      ] GC(23)     Total                          Min: 0, Avg:  0.0, Max: 0, Diff: 0, Sum: 0, Workers: 4
[11.033s][debug][gc,phases      ] GC(23) Weak Processing 0.238ms
[11.033s][debug][gc,age         ] GC(23) Desired survivor size 187170816 bytes, new threshold 15 (max threshold 15)
[11.033s][info ][gc,heap        ] GC(23) PSYoungGen: 1710325K(1883648K)->29958K(1914368K) Eden: 1680896K(1680896K)->0K(1721856K) From: 29429K(202752K)->29958K(192512K)
[11.033s][info ][gc,heap        ] GC(23) ParOldGen: 181928K(274944K)->183216K(274944K)
[11.033s][info ][gc,metaspace   ] GC(23) Metaspace: 64971K(65728K)->64971K(65728K) NonClass: 55401K(55808K)->55401K(55808K) Class: 9569K(9920K)->9569K(9920K)
[11.033s][info ][gc             ] GC(23) Pause Young (Allocation Failure) 1847M->208M(2138M) 11.551ms
[11.033s][info ][gc,cpu         ] GC(23) User=0.05s Sys=0.00s Real=0.01s
[11.033s][info ][safepoint      ] Safepoint "ParallelGCFailedAllocation", Time since last: 355278275 ns, Reaching safepoint: 169501 ns, At safepoint: 11649265 ns, Total: 11818766 ns
[11.320s][info ][gc,start       ] GC(24) Pause Young (Allocation Failure)
[11.343s][debug][gc,phases      ] GC(24) Scavenge 23.179ms
[11.343s][debug][gc,ref         ] GC(24) Skipped phase 1 of Reference Processing: no references
[11.343s][debug][gc,ref         ] GC(24) ReferenceProcessor::execute queues: 1, RefProcThreadModel::Single, marks_oops_alive: false
[11.343s][debug][gc,ref         ] GC(24) Skipped phase 3 of Reference Processing: no references
[11.343s][debug][gc,ref         ] GC(24) ReferenceProcessor::execute queues: 1, RefProcThreadModel::Single, marks_oops_alive: false
[11.343s][debug][gc,phases      ] GC(24) Reference Processing 0.163ms
[11.343s][debug][gc,phases      ] GC(24)   VM Weak                        Min:  0.0, Avg:  0.0, Max:  0.0, Diff:  0.0, Sum:  0.0, Workers: 4
[11.343s][debug][gc,phases      ] GC(24)     Dead                           Min: 0, Avg:  0.0, Max: 0, Diff: 0, Sum: 0, Workers: 4
[11.343s][debug][gc,phases      ] GC(24)     Total                          Min: 0, Avg: 142.0, Max: 320, Diff: 320, Sum: 568, Workers: 4
[11.343s][debug][gc,phases      ] GC(24)   ObjectSynchronizer Weak        Min:  0.0, Avg:  0.0, Max:  0.0, Diff:  0.0, Sum:  0.0, Workers: 4
[11.343s][debug][gc,phases      ] GC(24)     Dead                           Min: 0, Avg:  0.0, Max: 0, Diff: 0, Sum: 0, Workers: 4
[11.343s][debug][gc,phases      ] GC(24)     Total                          Min: 0, Avg: 116.0, Max: 272, Diff: 272, Sum: 464, Workers: 4
[11.343s][debug][gc,phases      ] GC(24)   JVMTI Tag Weak OopStorage      Min:  0.0, Avg:  0.0, Max:  0.0, Diff:  0.0, Sum:  0.0, Workers: 4
[11.343s][debug][gc,phases      ] GC(24)     Dead                           Min: 0, Avg:  0.0, Max: 0, Diff: 0, Sum: 0, Workers: 4
[11.343s][debug][gc,phases      ] GC(24)     Total                          Min: 0, Avg:  0.0, Max: 0, Diff: 0, Sum: 0, Workers: 4
[11.343s][debug][gc,phases      ] GC(24)   StringTable Weak               Min:  0.1, Avg:  0.1, Max:  0.1, Diff:  0.0, Sum:  0.3, Workers: 4
[11.343s][debug][gc,phases      ] GC(24)     Dead                           Min: 1, Avg:  4.2, Max: 12, Diff: 11, Sum: 17, Workers: 4
[11.343s][debug][gc,phases      ] GC(24)     Total                          Min: 10438, Avg: 10577.5, Max: 10688, Diff: 250, Sum: 42310, Workers: 4
[11.343s][debug][gc,phases      ] GC(24)   ResolvedMethodTable Weak       Min:  0.0, Avg:  0.0, Max:  0.0, Diff:  0.0, Sum:  0.1, Workers: 4
[11.343s][debug][gc,phases      ] GC(24)     Dead                           Min: 0, Avg:  7.8, Max: 22, Diff: 22, Sum: 31, Workers: 4
[11.343s][debug][gc,phases      ] GC(24)     Total                          Min: 1511, Avg: 1689.5, Max: 1791, Diff: 280, Sum: 6758, Workers: 4
[11.343s][debug][gc,phases      ] GC(24)   JNI Weak                       Min:  0.0, Avg:  0.0, Max:  0.0, Diff:  0.0, Sum:  0.0, Workers: 4
[11.343s][debug][gc,phases      ] GC(24)     Dead                           Min: 0, Avg:  0.0, Max: 0, Diff: 0, Sum: 0, Workers: 4
[11.343s][debug][gc,phases      ] GC(24)     Total                          Min: 0, Avg:  0.5, Max: 2, Diff: 2, Sum: 2, Workers: 4
[11.343s][debug][gc,phases      ] GC(24)   StringDedup Table Weak         Min:  0.0, Avg:  0.0, Max:  0.0, Diff:  0.0, Sum:  0.0, Workers: 4
[11.343s][debug][gc,phases      ] GC(24)     Dead                           Min: 0, Avg:  0.0, Max: 0, Diff: 0, Sum: 0, Workers: 4
[11.343s][debug][gc,phases      ] GC(24)     Total                          Min: 0, Avg:  0.0, Max: 0, Diff: 0, Sum: 0, Workers: 4
[11.343s][debug][gc,phases      ] GC(24)   StringDedup Requests0 Weak     Min:  0.0, Avg:  0.0, Max:  0.0, Diff:  0.0, Sum:  0.0, Workers: 4
[11.343s][debug][gc,phases      ] GC(24)     Dead                           Min: 0, Avg:  0.0, Max: 0, Diff: 0, Sum: 0, Workers: 4
[11.343s][debug][gc,phases      ] GC(24)     Total                          Min: 0, Avg:  0.0, Max: 0, Diff: 0, Sum: 0, Workers: 4
[11.343s][debug][gc,phases      ] GC(24)   StringDedup Requests1 Weak     Min:  0.0, Avg:  0.0, Max:  0.0, Diff:  0.0, Sum:  0.0, Workers: 4
[11.343s][debug][gc,phases      ] GC(24)     Dead                           Min: 0, Avg:  0.0, Max: 0, Diff: 0, Sum: 0, Workers: 4
[11.343s][debug][gc,phases      ] GC(24)     Total                          Min: 0, Avg:  0.0, Max: 0, Diff: 0, Sum: 0, Workers: 4
[11.343s][debug][gc,phases      ] GC(24)   Weak JFR Old Object Samples    Min:  0.0, Avg:  0.0, Max:  0.0, Diff:  0.0, Sum:  0.0, Workers: 4
[11.343s][debug][gc,phases      ] GC(24)     Dead                           Min: 0, Avg:  0.0, Max: 0, Diff: 0, Sum: 0, Workers: 4
[11.343s][debug][gc,phases      ] GC(24)     Total                          Min: 0, Avg:  0.0, Max: 0, Diff: 0, Sum: 0, Workers: 4
[11.343s][debug][gc,phases      ] GC(24) Weak Processing 0.247ms
[11.343s][debug][gc,age         ] GC(24) Desired survivor size 175636480 bytes, new threshold 15 (max threshold 15)
[11.343s][info ][gc,heap        ] GC(24) PSYoungGen: 1751814K(1914368K)->39878K(1904640K) Eden: 1721856K(1721856K)->0K(1721856K) From: 29958K(192512K)->39878K(182784K)
[11.343s][info ][gc,heap        ] GC(24) ParOldGen: 183216K(274944K)->186952K(274944K)
[11.343s][info ][gc,metaspace   ] GC(24) Metaspace: 66387K(67136K)->66387K(67136K) NonClass: 56651K(57024K)->56651K(57024K) Class: 9735K(10112K)->9735K(10112K)
[11.343s][info ][gc             ] GC(24) Pause Young (Allocation Failure) 1889M->221M(2128M) 23.709ms
[11.343s][info ][gc,cpu         ] GC(24) User=0.10s Sys=0.00s Real=0.03s
[11.344s][info ][safepoint      ] Safepoint "ParallelGCFailedAllocation", Time since last: 286577794 ns, Reaching safepoint: 147001 ns, At safepoint: 23809832 ns, Total: 23956833 ns
[11.681s][info ][gc,start       ] GC(25) Pause Young (Allocation Failure)
[11.747s][debug][gc,phases      ] GC(25) Scavenge 65.955ms
[11.747s][debug][gc,ref         ] GC(25) Skipped phase 1 of Reference Processing: no references
[11.747s][debug][gc,ref         ] GC(25) ReferenceProcessor::execute queues: 1, RefProcThreadModel::Single, marks_oops_alive: false
[11.747s][debug][gc,ref         ] GC(25) Skipped phase 3 of Reference Processing: no references
[11.747s][debug][gc,ref         ] GC(25) ReferenceProcessor::execute queues: 1, RefProcThreadModel::Single, marks_oops_alive: false
[11.747s][debug][gc,phases      ] GC(25) Reference Processing 0.184ms
[11.747s][debug][gc,phases      ] GC(25)   VM Weak                        Min:  0.0, Avg:  0.0, Max:  0.0, Diff:  0.0, Sum:  0.0, Workers: 4
[11.747s][debug][gc,phases      ] GC(25)     Dead                           Min: 0, Avg:  0.0, Max: 0, Diff: 0, Sum: 0, Workers: 4
[11.747s][debug][gc,phases      ] GC(25)     Total                          Min: 0, Avg: 142.0, Max: 568, Diff: 568, Sum: 568, Workers: 4
[11.747s][debug][gc,phases      ] GC(25)   ObjectSynchronizer Weak        Min:  0.0, Avg:  0.0, Max:  0.0, Diff:  0.0, Sum:  0.0, Workers: 4
[11.747s][debug][gc,phases      ] GC(25)     Dead                           Min: 0, Avg:  0.0, Max: 0, Diff: 0, Sum: 0, Workers: 4
[11.747s][debug][gc,phases      ] GC(25)     Total                          Min: 0, Avg: 116.0, Max: 448, Diff: 448, Sum: 464, Workers: 4
[11.747s][debug][gc,phases      ] GC(25)   JVMTI Tag Weak OopStorage      Min:  0.0, Avg:  0.0, Max:  0.0, Diff:  0.0, Sum:  0.0, Workers: 4
[11.747s][debug][gc,phases      ] GC(25)     Dead                           Min: 0, Avg:  0.0, Max: 0, Diff: 0, Sum: 0, Workers: 4
[11.747s][debug][gc,phases      ] GC(25)     Total                          Min: 0, Avg:  0.0, Max: 0, Diff: 0, Sum: 0, Workers: 4
[11.747s][debug][gc,phases      ] GC(25)   StringTable Weak               Min:  0.1, Avg:  0.1, Max:  0.1, Diff:  0.0, Sum:  0.4, Workers: 4
[11.747s][debug][gc,phases      ] GC(25)     Dead                           Min: 0, Avg:  0.0, Max: 0, Diff: 0, Sum: 0, Workers: 4
[11.747s][debug][gc,phases      ] GC(25)     Total                          Min: 7808, Avg: 10579.5, Max: 13824, Diff: 6016, Sum: 42318, Workers: 4
[11.747s][debug][gc,phases      ] GC(25)   ResolvedMethodTable Weak       Min:  0.0, Avg:  0.0, Max:  0.0, Diff:  0.0, Sum:  0.1, Workers: 4
[11.747s][debug][gc,phases      ] GC(25)     Dead                           Min: 0, Avg:  0.0, Max: 0, Diff: 0, Sum: 0, Workers: 4
[11.747s][debug][gc,phases      ] GC(25)     Total                          Min: 1408, Avg: 1694.2, Max: 1920, Diff: 512, Sum: 6777, Workers: 4
[11.747s][debug][gc,phases      ] GC(25)   JNI Weak                       Min:  0.0, Avg:  0.0, Max:  0.0, Diff:  0.0, Sum:  0.0, Workers: 4
[11.747s][debug][gc,phases      ] GC(25)     Dead                           Min: 0, Avg:  0.0, Max: 0, Diff: 0, Sum: 0, Workers: 4
[11.747s][debug][gc,phases      ] GC(25)     Total                          Min: 0, Avg:  2.0, Max: 8, Diff: 8, Sum: 8, Workers: 4
[11.747s][debug][gc,phases      ] GC(25)   StringDedup Table Weak         Min:  0.0, Avg:  0.0, Max:  0.0, Diff:  0.0, Sum:  0.0, Workers: 4
[11.747s][debug][gc,phases      ] GC(25)     Dead                           Min: 0, Avg:  0.0, Max: 0, Diff: 0, Sum: 0, Workers: 4
[11.747s][debug][gc,phases      ] GC(25)     Total                          Min: 0, Avg:  0.0, Max: 0, Diff: 0, Sum: 0, Workers: 4
[11.747s][debug][gc,phases      ] GC(25)   StringDedup Requests0 Weak     Min:  0.0, Avg:  0.0, Max:  0.0, Diff:  0.0, Sum:  0.0, Workers: 4
[11.747s][debug][gc,phases      ] GC(25)     Dead                           Min: 0, Avg:  0.0, Max: 0, Diff: 0, Sum: 0, Workers: 4
[11.747s][debug][gc,phases      ] GC(25)     Total                          Min: 0, Avg:  0.0, Max: 0, Diff: 0, Sum: 0, Workers: 4
[11.747s][debug][gc,phases      ] GC(25)   StringDedup Requests1 Weak     Min:  0.0, Avg:  0.0, Max:  0.0, Diff:  0.0, Sum:  0.0, Workers: 4
[11.747s][debug][gc,phases      ] GC(25)     Dead                           Min: 0, Avg:  0.0, Max: 0, Diff: 0, Sum: 0, Workers: 4
[11.747s][debug][gc,phases      ] GC(25)     Total                          Min: 0, Avg:  0.0, Max: 0, Diff: 0, Sum: 0, Workers: 4
[11.747s][debug][gc,phases      ] GC(25)   Weak JFR Old Object Samples    Min:  0.0, Avg:  0.0, Max:  0.0, Diff:  0.0, Sum:  0.0, Workers: 4
[11.747s][debug][gc,phases      ] GC(25)     Dead                           Min: 0, Avg:  0.0, Max: 0, Diff: 0, Sum: 0, Workers: 4
[11.747s][debug][gc,phases      ] GC(25)     Total                          Min: 0, Avg:  0.0, Max: 0, Diff: 0, Sum: 0, Workers: 4
[11.747s][debug][gc,phases      ] GC(25) Weak Processing 0.328ms
[11.747s][debug][gc,age         ] GC(25) Desired survivor size 188743680 bytes, new threshold 15 (max threshold 15)
[11.747s][info ][gc,heap        ] GC(25) PSYoungGen: 1761734K(1904640K)->118118K(1900032K) Eden: 1721856K(1721856K)->0K(1728512K) From: 39878K(182784K)->118118K(171520K)
[11.747s][info ][gc,heap        ] GC(25) ParOldGen: 186952K(274944K)->191376K(274944K)
[11.747s][info ][gc,metaspace   ] GC(25) Metaspace: 66416K(67200K)->66416K(67200K) NonClass: 56673K(57088K)->56673K(57088K) Class: 9743K(10112K)->9743K(10112K)
[11.747s][info ][gc             ] GC(25) Pause Young (Allocation Failure) 1903M->302M(2124M) 66.618ms
[11.747s][info ][gc,cpu         ] GC(25) User=0.30s Sys=0.02s Real=0.07s
[11.747s][info ][safepoint      ] Safepoint "ParallelGCFailedAllocation", Time since last: 336956674 ns, Reaching safepoint: 129201 ns, At safepoint: 66736071 ns, Total: 66865272 ns
[12.062s][info ][gc,start       ] GC(26) Pause Young (Allocation Failure)
[12.282s][debug][gc,phases      ] GC(26) Scavenge 220.272ms
[12.282s][debug][gc,ref         ] GC(26) Skipped phase 1 of Reference Processing: no references
[12.282s][debug][gc,ref         ] GC(26) ReferenceProcessor::execute queues: 1, RefProcThreadModel::Single, marks_oops_alive: false
[12.282s][debug][gc,ref         ] GC(26) Skipped phase 3 of Reference Processing: no references
[12.282s][debug][gc,ref         ] GC(26) ReferenceProcessor::execute queues: 1, RefProcThreadModel::Single, marks_oops_alive: false
[12.282s][debug][gc,phases      ] GC(26) Reference Processing 0.140ms
[12.282s][debug][gc,phases      ] GC(26)   VM Weak                        Min:  0.0, Avg:  0.0, Max:  0.0, Diff:  0.0, Sum:  0.0, Workers: 4
[12.282s][debug][gc,phases      ] GC(26)     Dead                           Min: 0, Avg:  0.0, Max: 0, Diff: 0, Sum: 0, Workers: 4
[12.282s][debug][gc,phases      ] GC(26)     Total                          Min: 0, Avg: 142.0, Max: 568, Diff: 568, Sum: 568, Workers: 4
[12.282s][debug][gc,phases      ] GC(26)   ObjectSynchronizer Weak        Min:  0.0, Avg:  0.0, Max:  0.0, Diff:  0.0, Sum:  0.0, Workers: 4
[12.282s][debug][gc,phases      ] GC(26)     Dead                           Min: 0, Avg:  0.0, Max: 0, Diff: 0, Sum: 0, Workers: 4
[12.282s][debug][gc,phases      ] GC(26)     Total                          Min: 0, Avg: 116.0, Max: 208, Diff: 208, Sum: 464, Workers: 4
[12.282s][debug][gc,phases      ] GC(26)   JVMTI Tag Weak OopStorage      Min:  0.0, Avg:  0.0, Max:  0.0, Diff:  0.0, Sum:  0.0, Workers: 4
[12.282s][debug][gc,phases      ] GC(26)     Dead                           Min: 0, Avg:  0.0, Max: 0, Diff: 0, Sum: 0, Workers: 4
[12.282s][debug][gc,phases      ] GC(26)     Total                          Min: 0, Avg:  0.0, Max: 0, Diff: 0, Sum: 0, Workers: 4
[12.282s][debug][gc,phases      ] GC(26)   StringTable Weak               Min:  0.1, Avg:  0.1, Max:  0.1, Diff:  0.0, Sum:  0.4, Workers: 4
[12.282s][debug][gc,phases      ] GC(26)     Dead                           Min: 0, Avg:  2.8, Max: 11, Diff: 11, Sum: 11, Workers: 4
[12.282s][debug][gc,phases      ] GC(26)     Total                          Min: 8128, Avg: 10587.2, Max: 13112, Diff: 4984, Sum: 42349, Workers: 4
[12.282s][debug][gc,phases      ] GC(26)   ResolvedMethodTable Weak       Min:  0.0, Avg:  0.0, Max:  0.0, Diff:  0.0, Sum:  0.1, Workers: 4
[12.282s][debug][gc,phases      ] GC(26)     Dead                           Min: 0, Avg:  0.0, Max: 0, Diff: 0, Sum: 0, Workers: 4
[12.282s][debug][gc,phases      ] GC(26)     Total                          Min: 1465, Avg: 1694.2, Max: 1920, Diff: 455, Sum: 6777, Workers: 4
[12.282s][debug][gc,phases      ] GC(26)   JNI Weak                       Min:  0.0, Avg:  0.0, Max:  0.0, Diff:  0.0, Sum:  0.0, Workers: 4
[12.282s][debug][gc,phases      ] GC(26)     Dead                           Min: 0, Avg:  0.0, Max: 0, Diff: 0, Sum: 0, Workers: 4
[12.282s][debug][gc,phases      ] GC(26)     Total                          Min: 0, Avg:  0.0, Max: 0, Diff: 0, Sum: 0, Workers: 4
[12.282s][debug][gc,phases      ] GC(26)   StringDedup Table Weak         Min:  0.0, Avg:  0.0, Max:  0.0, Diff:  0.0, Sum:  0.0, Workers: 4
[12.282s][debug][gc,phases      ] GC(26)     Dead                           Min: 0, Avg:  0.0, Max: 0, Diff: 0, Sum: 0, Workers: 4
[12.282s][debug][gc,phases      ] GC(26)     Total                          Min: 0, Avg:  0.0, Max: 0, Diff: 0, Sum: 0, Workers: 4
[12.282s][debug][gc,phases      ] GC(26)   StringDedup Requests0 Weak     Min:  0.0, Avg:  0.0, Max:  0.0, Diff:  0.0, Sum:  0.0, Workers: 4
[12.282s][debug][gc,phases      ] GC(26)     Dead                           Min: 0, Avg:  0.0, Max: 0, Diff: 0, Sum: 0, Workers: 4
[12.282s][debug][gc,phases      ] GC(26)     Total                          Min: 0, Avg:  0.0, Max: 0, Diff: 0, Sum: 0, Workers: 4
[12.282s][debug][gc,phases      ] GC(26)   StringDedup Requests1 Weak     Min:  0.0, Avg:  0.0, Max:  0.0, Diff:  0.0, Sum:  0.0, Workers: 4
[12.282s][debug][gc,phases      ] GC(26)     Dead                           Min: 0, Avg:  0.0, Max: 0, Diff: 0, Sum: 0, Workers: 4
[12.282s][debug][gc,phases      ] GC(26)     Total                          Min: 0, Avg:  0.0, Max: 0, Diff: 0, Sum: 0, Workers: 4
[12.282s][debug][gc,phases      ] GC(26)   Weak JFR Old Object Samples    Min:  0.0, Avg:  0.0, Max:  0.0, Diff:  0.0, Sum:  0.0, Workers: 4
[12.282s][debug][gc,phases      ] GC(26)     Dead                           Min: 0, Avg:  0.0, Max: 0, Diff: 0, Sum: 0, Workers: 4
[12.282s][debug][gc,phases      ] GC(26)     Total                          Min: 0, Avg:  0.0, Max: 0, Diff: 0, Sum: 0, Workers: 4
[12.282s][debug][gc,phases      ] GC(26) Weak Processing 0.258ms
[12.282s][debug][gc,age         ] GC(26) Desired survivor size 282591232 bytes, new threshold 14 (max threshold 15)
[12.282s][info ][gc,heap        ] GC(26) PSYoungGen: 1846630K(1900032K)->184312K(1912832K) Eden: 1728512K(1728512K)->0K(1728512K) From: 118118K(171520K)->184312K(184320K)
[12.282s][info ][gc,heap        ] GC(26) ParOldGen: 191376K(274944K)->344778K(345088K)
[12.282s][info ][gc,metaspace   ] GC(26) Metaspace: 66489K(67264K)->66489K(67264K) NonClass: 56746K(57152K)->56746K(57152K) Class: 9743K(10112K)->9743K(10112K)
[12.282s][info ][gc             ] GC(26) Pause Young (Allocation Failure) 1990M->516M(2205M) 220.786ms
[12.282s][info ][gc,cpu         ] GC(26) User=0.79s Sys=0.09s Real=0.22s
[12.282s][debug][gc,phases      ] GC(27) Pre Compact 0.009ms
[12.282s][info ][gc,start       ] GC(27) Pause Full (Ergonomics)
[12.282s][info ][gc,phases,start] GC(27) Marking Phase
[12.470s][debug][gc,phases      ] GC(27) Par Mark 188.043ms
[12.471s][debug][gc,ref         ] GC(27) Skipped phase 1 of Reference Processing: no references
[12.471s][debug][gc,ref         ] GC(27) ReferenceProcessor::execute queues: 1, RefProcThreadModel::Single, marks_oops_alive: false
[12.471s][debug][gc,ref         ] GC(27) Skipped phase 3 of Reference Processing: no references
[12.471s][debug][gc,ref         ] GC(27) ReferenceProcessor::execute queues: 1, RefProcThreadModel::Single, marks_oops_alive: false
[12.471s][debug][gc,phases      ] GC(27) Reference Processing 0.141ms
[12.471s][debug][gc,phases      ] GC(27)   VM Weak                        Min:  0.0, Avg:  0.0, Max:  0.0, Diff:  0.0, Sum:  0.0, Workers: 4
[12.471s][debug][gc,phases      ] GC(27)     Dead                           Min: 0, Avg:  0.0, Max: 0, Diff: 0, Sum: 0, Workers: 4
[12.471s][debug][gc,phases      ] GC(27)     Total                          Min: 0, Avg: 142.0, Max: 440, Diff: 440, Sum: 568, Workers: 4
[12.471s][debug][gc,phases      ] GC(27)   ObjectSynchronizer Weak        Min:  0.0, Avg:  0.0, Max:  0.0, Diff:  0.0, Sum:  0.0, Workers: 4
[12.471s][debug][gc,phases      ] GC(27)     Dead                           Min: 0, Avg:  0.0, Max: 0, Diff: 0, Sum: 0, Workers: 4
[12.471s][debug][gc,phases      ] GC(27)     Total                          Min: 64, Avg: 116.0, Max: 192, Diff: 128, Sum: 464, Workers: 4
[12.471s][debug][gc,phases      ] GC(27)   JVMTI Tag Weak OopStorage      Min:  0.0, Avg:  0.0, Max:  0.0, Diff:  0.0, Sum:  0.0, Workers: 4
[12.471s][debug][gc,phases      ] GC(27)     Dead                           Min: 0, Avg:  0.0, Max: 0, Diff: 0, Sum: 0, Workers: 4
[12.471s][debug][gc,phases      ] GC(27)     Total                          Min: 0, Avg:  0.0, Max: 0, Diff: 0, Sum: 0, Workers: 4
[12.471s][debug][gc,phases      ] GC(27)   StringTable Weak               Min:  0.2, Avg:  0.2, Max:  0.2, Diff:  0.0, Sum:  0.6, Workers: 4
[12.471s][debug][gc,phases      ] GC(27)     Dead                           Min: 0, Avg:  0.0, Max: 0, Diff: 0, Sum: 0, Workers: 4
[12.471s][debug][gc,phases      ] GC(27)     Total                          Min: 9976, Avg: 10587.2, Max: 11765, Diff: 1789, Sum: 42349, Workers: 4
[12.471s][debug][gc,phases      ] GC(27)   ResolvedMethodTable Weak       Min:  0.0, Avg:  0.0, Max:  0.0, Diff:  0.0, Sum:  0.1, Workers: 4
[12.471s][debug][gc,phases      ] GC(27)     Dead                           Min: 0, Avg:  0.2, Max: 1, Diff: 1, Sum: 1, Workers: 4
[12.471s][debug][gc,phases      ] GC(27)     Total                          Min: 1280, Avg: 1694.2, Max: 1984, Diff: 704, Sum: 6777, Workers: 4
[12.471s][debug][gc,phases      ] GC(27)   JNI Weak                       Min:  0.0, Avg:  0.0, Max:  0.0, Diff:  0.0, Sum:  0.0, Workers: 4
[12.471s][debug][gc,phases      ] GC(27)     Dead                           Min: 0, Avg:  0.0, Max: 0, Diff: 0, Sum: 0, Workers: 4
[12.471s][debug][gc,phases      ] GC(27)     Total                          Min: 0, Avg:  0.0, Max: 0, Diff: 0, Sum: 0, Workers: 4
[12.471s][debug][gc,phases      ] GC(27)   StringDedup Table Weak         Min:  0.0, Avg:  0.0, Max:  0.0, Diff:  0.0, Sum:  0.0, Workers: 4
[12.471s][debug][gc,phases      ] GC(27)     Dead                           Min: 0, Avg:  0.0, Max: 0, Diff: 0, Sum: 0, Workers: 4
[12.471s][debug][gc,phases      ] GC(27)     Total                          Min: 0, Avg:  0.0, Max: 0, Diff: 0, Sum: 0, Workers: 4
[12.471s][debug][gc,phases      ] GC(27)   StringDedup Requests0 Weak     Min:  0.0, Avg:  0.0, Max:  0.0, Diff:  0.0, Sum:  0.0, Workers: 4
[12.471s][debug][gc,phases      ] GC(27)     Dead                           Min: 0, Avg:  0.0, Max: 0, Diff: 0, Sum: 0, Workers: 4
[12.471s][debug][gc,phases      ] GC(27)     Total                          Min: 0, Avg:  0.0, Max: 0, Diff: 0, Sum: 0, Workers: 4
[12.471s][debug][gc,phases      ] GC(27)   StringDedup Requests1 Weak     Min:  0.0, Avg:  0.0, Max:  0.0, Diff:  0.0, Sum:  0.0, Workers: 4
[12.471s][debug][gc,phases      ] GC(27)     Dead                           Min: 0, Avg:  0.0, Max: 0, Diff: 0, Sum: 0, Workers: 4
[12.471s][debug][gc,phases      ] GC(27)     Total                          Min: 0, Avg:  0.0, Max: 0, Diff: 0, Sum: 0, Workers: 4
[12.471s][debug][gc,phases      ] GC(27)   Weak JFR Old Object Samples    Min:  0.0, Avg:  0.0, Max:  0.0, Diff:  0.0, Sum:  0.0, Workers: 4
[12.471s][debug][gc,phases      ] GC(27)     Dead                           Min: 0, Avg:  0.0, Max: 0, Diff: 0, Sum: 0, Workers: 4
[12.471s][debug][gc,phases      ] GC(27)     Total                          Min: 0, Avg:  0.0, Max: 0, Diff: 0, Sum: 0, Workers: 4
[12.471s][debug][gc,phases      ] GC(27) Weak Processing 0.344ms
[12.471s][debug][gc,phases      ] GC(27) ClassLoaderData 0.072ms
[12.471s][debug][gc,phases      ] GC(27) Trigger cleanups 0.000ms
[12.478s][debug][gc,phases      ] GC(27) Class Unloading 7.174ms
[12.478s][info ][gc,phases      ] GC(27) Marking Phase 195.827ms
[12.478s][info ][gc,phases,start] GC(27) Summary Phase
[12.478s][info ][gc,phases      ] GC(27) Summary Phase 0.009ms
[12.478s][info ][gc,phases,start] GC(27) Adjust Roots
[12.487s][info ][gc,phases      ] GC(27) Adjust Roots 8.629ms
[12.487s][info ][gc,phases,start] GC(27) Compaction Phase
[13.089s][info ][gc,phases      ] GC(27) Compaction Phase 601.882ms
[13.089s][info ][gc,phases,start] GC(27) Post Compact
[13.090s][info ][gc,phases      ] GC(27) Post Compact 1.315ms
[13.090s][info ][gc,heap        ] GC(27) PSYoungGen: 184312K(1912832K)->182311K(1911296K) Eden: 0K(1728512K)->0K(1728512K) From: 184312K(184320K)->182311K(182784K)
[13.090s][info ][gc,heap        ] GC(27) ParOldGen: 344778K(345088K)->344822K(458752K)
[13.090s][info ][gc,metaspace   ] GC(27) Metaspace: 66489K(67264K)->66489K(67264K) NonClass: 56746K(57152K)->56746K(57152K) Class: 9743K(10112K)->9743K(10112K)
[13.090s][info ][gc             ] GC(27) Pause Full (Ergonomics) 516M->514M(2314M) 807.897ms
[13.090s][info ][gc,cpu         ] GC(27) User=3.16s Sys=0.01s Real=0.81s
[13.097s][info ][safepoint      ] Safepoint "ParallelGCFailedAllocation", Time since last: 314028545 ns, Reaching safepoint: 123401 ns, At safepoint: 1035710657 ns, Total: 1035834058 ns
[13.232s][info ][safepoint      ] Safepoint "ICBufferFull", Time since last: 134280246 ns, Reaching safepoint: 169201 ns, At safepoint: 26900 ns, Total: 196101 ns
[13.256s][info ][safepoint      ] Safepoint "ICBufferFull", Time since last: 23825233 ns, Reaching safepoint: 119900 ns, At safepoint: 24100 ns, Total: 144000 ns
[13.285s][info ][safepoint      ] Safepoint "ICBufferFull", Time since last: 29596265 ns, Reaching safepoint: 121301 ns, At safepoint: 28500 ns, Total: 149801 ns
[13.309s][info ][safepoint      ] Safepoint "ICBufferFull", Time since last: 22958527 ns, Reaching safepoint: 125401 ns, At safepoint: 39300 ns, Total: 164701 ns
[13.350s][info ][safepoint      ] Safepoint "ICBufferFull", Time since last: 41497431 ns, Reaching safepoint: 122201 ns, At safepoint: 26300 ns, Total: 148501 ns
[13.362s][info ][gc,start       ] GC(28) Pause Young (Allocation Failure)
[13.484s][debug][gc,phases      ] GC(28) Scavenge 121.533ms
[13.484s][debug][gc,ref         ] GC(28) Skipped phase 1 of Reference Processing: no references
[13.484s][debug][gc,ref         ] GC(28) ReferenceProcessor::execute queues: 2, RefProcThreadModel::Multi, marks_oops_alive: false
[13.484s][debug][gc,ref         ] GC(28) Skipped phase 3 of Reference Processing: no references
[13.484s][debug][gc,ref         ] GC(28) ReferenceProcessor::execute queues: 1, RefProcThreadModel::Single, marks_oops_alive: false
[13.484s][debug][gc,phases      ] GC(28) Reference Processing 0.161ms
[13.484s][debug][gc,phases      ] GC(28)   VM Weak                        Min:  0.0, Avg:  0.0, Max:  0.0, Diff:  0.0, Sum:  0.0, Workers: 4
[13.484s][debug][gc,phases      ] GC(28)     Dead                           Min: 0, Avg:  0.0, Max: 0, Diff: 0, Sum: 0, Workers: 4
[13.484s][debug][gc,phases      ] GC(28)     Total                          Min: 0, Avg: 144.2, Max: 512, Diff: 512, Sum: 577, Workers: 4
[13.484s][debug][gc,phases      ] GC(28)   ObjectSynchronizer Weak        Min:  0.0, Avg:  0.0, Max:  0.0, Diff:  0.0, Sum:  0.0, Workers: 4
[13.484s][debug][gc,phases      ] GC(28)     Dead                           Min: 0, Avg:  0.0, Max: 0, Diff: 0, Sum: 0, Workers: 4
[13.484s][debug][gc,phases      ] GC(28)     Total                          Min: 0, Avg: 116.0, Max: 192, Diff: 192, Sum: 464, Workers: 4
[13.484s][debug][gc,phases      ] GC(28)   JVMTI Tag Weak OopStorage      Min:  0.0, Avg:  0.0, Max:  0.0, Diff:  0.0, Sum:  0.0, Workers: 4
[13.484s][debug][gc,phases      ] GC(28)     Dead                           Min: 0, Avg:  0.0, Max: 0, Diff: 0, Sum: 0, Workers: 4
[13.484s][debug][gc,phases      ] GC(28)     Total                          Min: 0, Avg:  0.0, Max: 0, Diff: 0, Sum: 0, Workers: 4
[13.484s][debug][gc,phases      ] GC(28)   StringTable Weak               Min:  0.1, Avg:  0.1, Max:  0.1, Diff:  0.0, Sum:  0.3, Workers: 4
[13.484s][debug][gc,phases      ] GC(28)     Dead                           Min: 0, Avg:  4.0, Max: 14, Diff: 14, Sum: 16, Workers: 4
[13.484s][debug][gc,phases      ] GC(28)     Total                          Min: 10176, Avg: 10632.2, Max: 10977, Diff: 801, Sum: 42529, Workers: 4
[13.484s][debug][gc,phases      ] GC(28)   ResolvedMethodTable Weak       Min:  0.0, Avg:  0.0, Max:  0.0, Diff:  0.0, Sum:  0.1, Workers: 4
[13.484s][debug][gc,phases      ] GC(28)     Dead                           Min: 0, Avg:  9.2, Max: 29, Diff: 29, Sum: 37, Workers: 4
[13.484s][debug][gc,phases      ] GC(28)     Total                          Min: 1536, Avg: 1733.0, Max: 1920, Diff: 384, Sum: 6932, Workers: 4
[13.484s][debug][gc,phases      ] GC(28)   JNI Weak                       Min:  0.0, Avg:  0.0, Max:  0.0, Diff:  0.0, Sum:  0.0, Workers: 4
[13.484s][debug][gc,phases      ] GC(28)     Dead                           Min: 0, Avg:  0.0, Max: 0, Diff: 0, Sum: 0, Workers: 4
[13.484s][debug][gc,phases      ] GC(28)     Total                          Min: 0, Avg:  0.5, Max: 2, Diff: 2, Sum: 2, Workers: 4
[13.484s][debug][gc,phases      ] GC(28)   StringDedup Table Weak         Min:  0.0, Avg:  0.0, Max:  0.0, Diff:  0.0, Sum:  0.0, Workers: 4
[13.484s][debug][gc,phases      ] GC(28)     Dead                           Min: 0, Avg:  0.0, Max: 0, Diff: 0, Sum: 0, Workers: 4
[13.484s][debug][gc,phases      ] GC(28)     Total                          Min: 0, Avg:  0.0, Max: 0, Diff: 0, Sum: 0, Workers: 4
[13.484s][debug][gc,phases      ] GC(28)   StringDedup Requests0 Weak     Min:  0.0, Avg:  0.0, Max:  0.0, Diff:  0.0, Sum:  0.0, Workers: 4
[13.484s][debug][gc,phases      ] GC(28)     Dead                           Min: 0, Avg:  0.0, Max: 0, Diff: 0, Sum: 0, Workers: 4
[13.484s][debug][gc,phases      ] GC(28)     Total                          Min: 0, Avg:  0.0, Max: 0, Diff: 0, Sum: 0, Workers: 4
[13.484s][debug][gc,phases      ] GC(28)   StringDedup Requests1 Weak     Min:  0.0, Avg:  0.0, Max:  0.0, Diff:  0.0, Sum:  0.0, Workers: 4
[13.484s][debug][gc,phases      ] GC(28)     Dead                           Min: 0, Avg:  0.0, Max: 0, Diff: 0, Sum: 0, Workers: 4
[13.484s][debug][gc,phases      ] GC(28)     Total                          Min: 0, Avg:  0.0, Max: 0, Diff: 0, Sum: 0, Workers: 4
[13.484s][debug][gc,phases      ] GC(28)   Weak JFR Old Object Samples    Min:  0.0, Avg:  0.0, Max:  0.0, Diff:  0.0, Sum:  0.0, Workers: 4
[13.484s][debug][gc,phases      ] GC(28)     Dead                           Min: 0, Avg:  0.0, Max: 0, Diff: 0, Sum: 0, Workers: 4
[13.484s][debug][gc,phases      ] GC(28)     Total                          Min: 0, Avg:  0.0, Max: 0, Diff: 0, Sum: 0, Workers: 4
[13.484s][debug][gc,phases      ] GC(28) Weak Processing 0.232ms
[13.484s][debug][gc,age         ] GC(28) Desired survivor size 299368448 bytes, new threshold 15 (max threshold 15)
[13.484s][info ][gc,heap        ] GC(28) PSYoungGen: 1910823K(1911296K)->181360K(1698304K) Eden: 1728512K(1728512K)->0K(1512448K) From: 182311K(182784K)->181360K(185856K)
[13.484s][info ][gc,heap        ] GC(28) ParOldGen: 344822K(458752K)->347342K(458752K)
[13.485s][info ][gc,metaspace   ] GC(28) Metaspace: 67133K(67840K)->67133K(67840K) NonClass: 57284K(57664K)->57284K(57664K) Class: 9848K(10176K)->9848K(10176K)
[13.485s][info ][gc             ] GC(28) Pause Young (Allocation Failure) 2202M->516M(2106M) 122.037ms
[13.485s][info ][gc,cpu         ] GC(28) User=0.43s Sys=0.06s Real=0.12s
[13.485s][info ][safepoint      ] Safepoint "ParallelGCFailedAllocation", Time since last: 12182067 ns, Reaching safepoint: 101501 ns, At safepoint: 122127279 ns, Total: 122228780 ns
[13.512s][info ][safepoint      ] Safepoint "ICBufferFull", Time since last: 27589353 ns, Reaching safepoint: 118101 ns, At safepoint: 21900 ns, Total: 140001 ns
[13.536s][info ][safepoint      ] Safepoint "ICBufferFull", Time since last: 23517331 ns, Reaching safepoint: 116800 ns, At safepoint: 37300 ns, Total: 154100 ns
[13.553s][info ][safepoint      ] Safepoint "ICBufferFull", Time since last: 17357397 ns, Reaching safepoint: 124301 ns, At safepoint: 25700 ns, Total: 150001 ns
[13.568s][info ][safepoint      ] Safepoint "ICBufferFull", Time since last: 14249279 ns, Reaching safepoint: 105500 ns, At safepoint: 26501 ns, Total: 132001 ns
[13.584s][info ][safepoint      ] Safepoint "ICBufferFull", Time since last: 16373391 ns, Reaching safepoint: 114100 ns, At safepoint: 26200 ns, Total: 140300 ns
[13.602s][info ][safepoint      ] Safepoint "ICBufferFull", Time since last: 14429481 ns, Reaching safepoint: 3209017 ns, At safepoint: 32301 ns, Total: 3241318 ns
[13.624s][info ][safepoint      ] Safepoint "ICBufferFull", Time since last: 21555319 ns, Reaching safepoint: 110101 ns, At safepoint: 21700 ns, Total: 131801 ns
[13.630s][info ][safepoint      ] Safepoint "ICBufferFull", Time since last: 5646431 ns, Reaching safepoint: 99801 ns, At safepoint: 30600 ns, Total: 130401 ns
[13.648s][info ][safepoint      ] Safepoint "ICBufferFull", Time since last: 18778005 ns, Reaching safepoint: 107600 ns, At safepoint: 41500 ns, Total: 149100 ns
[13.654s][info ][safepoint      ] Safepoint "ICBufferFull", Time since last: 5824033 ns, Reaching safepoint: 95200 ns, At safepoint: 31600 ns, Total: 126800 ns
[13.661s][info ][safepoint      ] Safepoint "ICBufferFull", Time since last: 5973934 ns, Reaching safepoint: 892905 ns, At safepoint: 31200 ns, Total: 924105 ns
[13.678s][info ][safepoint      ] Safepoint "ICBufferFull", Time since last: 14759182 ns, Reaching safepoint: 2115712 ns, At safepoint: 39000 ns, Total: 2154712 ns
[13.684s][info ][safepoint      ] Safepoint "ICBufferFull", Time since last: 5174629 ns, Reaching safepoint: 109700 ns, At safepoint: 21900 ns, Total: 131600 ns
[13.705s][info ][safepoint      ] Safepoint "ICBufferFull", Time since last: 18116501 ns, Reaching safepoint: 3168018 ns, At safepoint: 29900 ns, Total: 3197918 ns
[13.711s][info ][safepoint      ] Safepoint "ICBufferFull", Time since last: 5952633 ns, Reaching safepoint: 99900 ns, At safepoint: 26400 ns, Total: 126300 ns
[13.717s][info ][safepoint      ] Safepoint "ICBufferFull", Time since last: 6242035 ns, Reaching safepoint: 113101 ns, At safepoint: 25700 ns, Total: 138801 ns
[13.735s][info ][safepoint      ] Safepoint "ICBufferFull", Time since last: 17438597 ns, Reaching safepoint: 704204 ns, At safepoint: 25800 ns, Total: 730004 ns
[13.741s][info ][safepoint      ] Safepoint "ICBufferFull", Time since last: 5284329 ns, Reaching safepoint: 83801 ns, At safepoint: 27400 ns, Total: 111201 ns
[13.760s][info ][safepoint      ] Safepoint "ICBufferFull", Time since last: 19359507 ns, Reaching safepoint: 106901 ns, At safepoint: 27900 ns, Total: 134801 ns
[13.801s][info ][safepoint      ] Safepoint "ICBufferFull", Time since last: 11004961 ns, Reaching safepoint: 29244763 ns, At safepoint: 36600 ns, Total: 29281363 ns
[13.808s][info ][safepoint      ] Safepoint "ICBufferFull", Time since last: 7248640 ns, Reaching safepoint: 106001 ns, At safepoint: 20400 ns, Total: 126401 ns
[13.814s][info ][safepoint      ] Safepoint "ICBufferFull", Time since last: 5714832 ns, Reaching safepoint: 91000 ns, At safepoint: 23100 ns, Total: 114100 ns
[13.826s][info ][gc,start       ] GC(29) Pause Young (Allocation Failure)
[13.906s][debug][gc,phases      ] GC(29) Scavenge 80.023ms
[13.906s][debug][gc,ref         ] GC(29) Skipped phase 1 of Reference Processing: no references
[13.907s][debug][gc,ref         ] GC(29) ReferenceProcessor::execute queues: 2, RefProcThreadModel::Multi, marks_oops_alive: false
[13.907s][debug][gc,ref         ] GC(29) Skipped phase 3 of Reference Processing: no references
[13.907s][debug][gc,ref         ] GC(29) ReferenceProcessor::execute queues: 1, RefProcThreadModel::Single, marks_oops_alive: false
[13.907s][debug][gc,phases      ] GC(29) Reference Processing 0.148ms
[13.907s][debug][gc,phases      ] GC(29)   VM Weak                        Min:  0.0, Avg:  0.0, Max:  0.0, Diff:  0.0, Sum:  0.0, Workers: 4
[13.907s][debug][gc,phases      ] GC(29)     Dead                           Min: 0, Avg:  0.0, Max: 0, Diff: 0, Sum: 0, Workers: 4
[13.907s][debug][gc,phases      ] GC(29)     Total                          Min: 0, Avg: 144.2, Max: 513, Diff: 513, Sum: 577, Workers: 4
[13.907s][debug][gc,phases      ] GC(29)   ObjectSynchronizer Weak        Min:  0.0, Avg:  0.0, Max:  0.0, Diff:  0.0, Sum:  0.0, Workers: 4
[13.907s][debug][gc,phases      ] GC(29)     Dead                           Min: 0, Avg:  0.0, Max: 0, Diff: 0, Sum: 0, Workers: 4
[13.907s][debug][gc,phases      ] GC(29)     Total                          Min: 0, Avg: 116.0, Max: 192, Diff: 192, Sum: 464, Workers: 4
[13.907s][debug][gc,phases      ] GC(29)   JVMTI Tag Weak OopStorage      Min:  0.0, Avg:  0.0, Max:  0.0, Diff:  0.0, Sum:  0.0, Workers: 4
[13.907s][debug][gc,phases      ] GC(29)     Dead                           Min: 0, Avg:  0.0, Max: 0, Diff: 0, Sum: 0, Workers: 4
[13.907s][debug][gc,phases      ] GC(29)     Total                          Min: 0, Avg:  0.0, Max: 0, Diff: 0, Sum: 0, Workers: 4
[13.907s][debug][gc,phases      ] GC(29)   StringTable Weak               Min:  0.1, Avg:  0.1, Max:  0.1, Diff:  0.0, Sum:  0.3, Workers: 4
[13.907s][debug][gc,phases      ] GC(29)     Dead                           Min: 0, Avg:  2.8, Max: 11, Diff: 11, Sum: 11, Workers: 4
[13.907s][debug][gc,phases      ] GC(29)     Total                          Min: 7168, Avg: 10637.2, Max: 12154, Diff: 4986, Sum: 42549, Workers: 4
[13.907s][debug][gc,phases      ] GC(29)   ResolvedMethodTable Weak       Min:  0.0, Avg:  0.0, Max:  0.0, Diff:  0.0, Sum:  0.1, Workers: 4
[13.907s][debug][gc,phases      ] GC(29)     Dead                           Min: 0, Avg:  0.0, Max: 0, Diff: 0, Sum: 0, Workers: 4
[13.907s][debug][gc,phases      ] GC(29)     Total                          Min: 1599, Avg: 1733.0, Max: 1856, Diff: 257, Sum: 6932, Workers: 4
[13.907s][debug][gc,phases      ] GC(29)   JNI Weak                       Min:  0.0, Avg:  0.0, Max:  0.0, Diff:  0.0, Sum:  0.0, Workers: 4
[13.907s][debug][gc,phases      ] GC(29)     Dead                           Min: 0, Avg:  0.0, Max: 0, Diff: 0, Sum: 0, Workers: 4
[13.907s][debug][gc,phases      ] GC(29)     Total                          Min: 0, Avg:  0.5, Max: 2, Diff: 2, Sum: 2, Workers: 4
[13.907s][debug][gc,phases      ] GC(29)   StringDedup Table Weak         Min:  0.0, Avg:  0.0, Max:  0.0, Diff:  0.0, Sum:  0.0, Workers: 4
[13.907s][debug][gc,phases      ] GC(29)     Dead                           Min: 0, Avg:  0.0, Max: 0, Diff: 0, Sum: 0, Workers: 4
[13.907s][debug][gc,phases      ] GC(29)     Total                          Min: 0, Avg:  0.0, Max: 0, Diff: 0, Sum: 0, Workers: 4
[13.907s][debug][gc,phases      ] GC(29)   StringDedup Requests0 Weak     Min:  0.0, Avg:  0.0, Max:  0.0, Diff:  0.0, Sum:  0.0, Workers: 4
[13.907s][debug][gc,phases      ] GC(29)     Dead                           Min: 0, Avg:  0.0, Max: 0, Diff: 0, Sum: 0, Workers: 4
[13.907s][debug][gc,phases      ] GC(29)     Total                          Min: 0, Avg:  0.0, Max: 0, Diff: 0, Sum: 0, Workers: 4
[13.907s][debug][gc,phases      ] GC(29)   StringDedup Requests1 Weak     Min:  0.0, Avg:  0.0, Max:  0.0, Diff:  0.0, Sum:  0.0, Workers: 4
[13.907s][debug][gc,phases      ] GC(29)     Dead                           Min: 0, Avg:  0.0, Max: 0, Diff: 0, Sum: 0, Workers: 4
[13.907s][debug][gc,phases      ] GC(29)     Total                          Min: 0, Avg:  0.0, Max: 0, Diff: 0, Sum: 0, Workers: 4
[13.907s][debug][gc,phases      ] GC(29)   Weak JFR Old Object Samples    Min:  0.0, Avg:  0.0, Max:  0.0, Diff:  0.0, Sum:  0.0, Workers: 4
[13.907s][debug][gc,phases      ] GC(29)     Dead                           Min: 0, Avg:  0.0, Max: 0, Diff: 0, Sum: 0, Workers: 4
[13.907s][debug][gc,phases      ] GC(29)     Total                          Min: 0, Avg:  0.0, Max: 0, Diff: 0, Sum: 0, Workers: 4
[13.907s][debug][gc,phases      ] GC(29) Weak Processing 0.245ms
[13.907s][debug][gc,age         ] GC(29) Desired survivor size 311427072 bytes, new threshold 15 (max threshold 15)
[13.907s][info ][gc,heap        ] GC(29) PSYoungGen: 1693808K(1698304K)->179440K(1692160K) Eden: 1512448K(1512448K)->0K(1512448K) From: 181360K(185856K)->179440K(179712K)
[13.907s][info ][gc,heap        ] GC(29) ParOldGen: 347342K(458752K)->347350K(458752K)
[13.907s][info ][gc,metaspace   ] GC(29) Metaspace: 67245K(68032K)->67245K(68032K) NonClass: 57396K(57856K)->57396K(57856K) Class: 9848K(10176K)->9848K(10176K)
[13.907s][info ][gc             ] GC(29) Pause Young (Allocation Failure) 1993M->514M(2100M) 80.535ms
[13.907s][info ][gc,cpu         ] GC(29) User=0.31s Sys=0.01s Real=0.08s
[13.907s][info ][safepoint      ] Safepoint "ParallelGCFailedAllocation", Time since last: 8259146 ns, Reaching safepoint: 4224624 ns, At safepoint: 80638548 ns, Total: 84863172 ns
[13.916s][info ][safepoint      ] Safepoint "ICBufferFull", Time since last: 9057650 ns, Reaching safepoint: 103801 ns, At safepoint: 29200 ns, Total: 133001 ns
[13.930s][info ][safepoint      ] Safepoint "ICBufferFull", Time since last: 13961277 ns, Reaching safepoint: 103101 ns, At safepoint: 28100 ns, Total: 131201 ns
[13.947s][info ][safepoint      ] Safepoint "ICBufferFull", Time since last: 16924694 ns, Reaching safepoint: 113501 ns, At safepoint: 23000 ns, Total: 136501 ns
[13.956s][info ][safepoint      ] Safepoint "ICBufferFull", Time since last: 8196745 ns, Reaching safepoint: 112901 ns, At safepoint: 25200 ns, Total: 138101 ns
[13.975s][info ][safepoint      ] Safepoint "ICBufferFull", Time since last: 19674309 ns, Reaching safepoint: 114101 ns, At safepoint: 23800 ns, Total: 137901 ns
[13.995s][info ][safepoint      ] Safepoint "ICBufferFull", Time since last: 19136606 ns, Reaching safepoint: 102601 ns, At safepoint: 23800 ns, Total: 126401 ns
[14.005s][info ][safepoint      ] Safepoint "ICBufferFull", Time since last: 10170657 ns, Reaching safepoint: 111000 ns, At safepoint: 24500 ns, Total: 135500 ns
[14.025s][info ][safepoint      ] Safepoint "ICBufferFull", Time since last: 20281813 ns, Reaching safepoint: 117101 ns, At safepoint: 25100 ns, Total: 142201 ns
[14.034s][info ][safepoint      ] Safepoint "ICBufferFull", Time since last: 8161245 ns, Reaching safepoint: 99201 ns, At safepoint: 43300 ns, Total: 142501 ns
[14.053s][info ][safepoint      ] Safepoint "ICBufferFull", Time since last: 19087306 ns, Reaching safepoint: 102501 ns, At safepoint: 18400 ns, Total: 120901 ns
[14.139s][info ][safepoint      ] Safepoint "ICBufferFull", Time since last: 85938077 ns, Reaching safepoint: 316402 ns, At safepoint: 30300 ns, Total: 346702 ns
[14.157s][info ][safepoint      ] Safepoint "ICBufferFull", Time since last: 15823188 ns, Reaching safepoint: 2103812 ns, At safepoint: 28100 ns, Total: 2131912 ns
[14.177s][info ][gc,start       ] GC(30) Pause Young (Allocation Failure)
[14.265s][debug][gc,phases      ] GC(30) Scavenge 87.337ms
[14.265s][debug][gc,ref         ] GC(30) Skipped phase 1 of Reference Processing: no references
[14.265s][debug][gc,ref         ] GC(30) ReferenceProcessor::execute queues: 2, RefProcThreadModel::Multi, marks_oops_alive: false
[14.265s][debug][gc,ref         ] GC(30) Skipped phase 3 of Reference Processing: no references
[14.265s][debug][gc,ref         ] GC(30) ReferenceProcessor::execute queues: 1, RefProcThreadModel::Single, marks_oops_alive: false
[14.265s][debug][gc,phases      ] GC(30) Reference Processing 0.150ms
[14.265s][debug][gc,phases      ] GC(30)   VM Weak                        Min:  0.0, Avg:  0.0, Max:  0.0, Diff:  0.0, Sum:  0.0, Workers: 4
[14.265s][debug][gc,phases      ] GC(30)     Dead                           Min: 0, Avg:  0.0, Max: 0, Diff: 0, Sum: 0, Workers: 4
[14.265s][debug][gc,phases      ] GC(30)     Total                          Min: 0, Avg: 145.5, Max: 384, Diff: 384, Sum: 582, Workers: 4
[14.265s][debug][gc,phases      ] GC(30)   ObjectSynchronizer Weak        Min:  0.0, Avg:  0.0, Max:  0.0, Diff:  0.0, Sum:  0.0, Workers: 4
[14.265s][debug][gc,phases      ] GC(30)     Dead                           Min: 0, Avg:  0.0, Max: 0, Diff: 0, Sum: 0, Workers: 4
[14.265s][debug][gc,phases      ] GC(30)     Total                          Min: 0, Avg: 116.0, Max: 208, Diff: 208, Sum: 464, Workers: 4
[14.265s][debug][gc,phases      ] GC(30)   JVMTI Tag Weak OopStorage      Min:  0.0, Avg:  0.0, Max:  0.0, Diff:  0.0, Sum:  0.0, Workers: 4
[14.265s][debug][gc,phases      ] GC(30)     Dead                           Min: 0, Avg:  0.0, Max: 0, Diff: 0, Sum: 0, Workers: 4
[14.265s][debug][gc,phases      ] GC(30)     Total                          Min: 0, Avg:  0.0, Max: 0, Diff: 0, Sum: 0, Workers: 4
[14.265s][debug][gc,phases      ] GC(30)   StringTable Weak               Min:  0.1, Avg:  0.1, Max:  0.1, Diff:  0.0, Sum:  0.3, Workers: 4
[14.265s][debug][gc,phases      ] GC(30)     Dead                           Min: 0, Avg:  2.8, Max: 11, Diff: 11, Sum: 11, Workers: 4
[14.265s][debug][gc,phases      ] GC(30)     Total                          Min: 10176, Avg: 10645.5, Max: 11158, Diff: 982, Sum: 42582, Workers: 4
[14.265s][debug][gc,phases      ] GC(30)   ResolvedMethodTable Weak       Min:  0.0, Avg:  0.0, Max:  0.0, Diff:  0.0, Sum:  0.1, Workers: 4
[14.265s][debug][gc,phases      ] GC(30)     Dead                           Min: 0, Avg:  4.0, Max: 16, Diff: 16, Sum: 16, Workers: 4
[14.265s][debug][gc,phases      ] GC(30)     Total                          Min: 1344, Avg: 1745.5, Max: 1984, Diff: 640, Sum: 6982, Workers: 4
[14.265s][debug][gc,phases      ] GC(30)   JNI Weak                       Min:  0.0, Avg:  0.0, Max:  0.0, Diff:  0.0, Sum:  0.0, Workers: 4
[14.265s][debug][gc,phases      ] GC(30)     Dead                           Min: 0, Avg:  0.0, Max: 0, Diff: 0, Sum: 0, Workers: 4
[14.265s][debug][gc,phases      ] GC(30)     Total                          Min: 0, Avg:  1.2, Max: 5, Diff: 5, Sum: 5, Workers: 4
[14.265s][debug][gc,phases      ] GC(30)   StringDedup Table Weak         Min:  0.0, Avg:  0.0, Max:  0.0, Diff:  0.0, Sum:  0.0, Workers: 4
[14.265s][debug][gc,phases      ] GC(30)     Dead                           Min: 0, Avg:  0.0, Max: 0, Diff: 0, Sum: 0, Workers: 4
[14.265s][debug][gc,phases      ] GC(30)     Total                          Min: 0, Avg:  0.0, Max: 0, Diff: 0, Sum: 0, Workers: 4
[14.265s][debug][gc,phases      ] GC(30)   StringDedup Requests0 Weak     Min:  0.0, Avg:  0.0, Max:  0.0, Diff:  0.0, Sum:  0.0, Workers: 4
[14.265s][debug][gc,phases      ] GC(30)     Dead                           Min: 0, Avg:  0.0, Max: 0, Diff: 0, Sum: 0, Workers: 4
[14.265s][debug][gc,phases      ] GC(30)     Total                          Min: 0, Avg:  0.0, Max: 0, Diff: 0, Sum: 0, Workers: 4
[14.265s][debug][gc,phases      ] GC(30)   StringDedup Requests1 Weak     Min:  0.0, Avg:  0.0, Max:  0.0, Diff:  0.0, Sum:  0.0, Workers: 4
[14.265s][debug][gc,phases      ] GC(30)     Dead                           Min: 0, Avg:  0.0, Max: 0, Diff: 0, Sum: 0, Workers: 4
[14.265s][debug][gc,phases      ] GC(30)     Total                          Min: 0, Avg:  0.0, Max: 0, Diff: 0, Sum: 0, Workers: 4
[14.265s][debug][gc,phases      ] GC(30)   Weak JFR Old Object Samples    Min:  0.0, Avg:  0.0, Max:  0.0, Diff:  0.0, Sum:  0.0, Workers: 4
[14.265s][debug][gc,phases      ] GC(30)     Dead                           Min: 0, Avg:  0.0, Max: 0, Diff: 0, Sum: 0, Workers: 4
[14.265s][debug][gc,phases      ] GC(30)     Total                          Min: 0, Avg:  0.0, Max: 0, Diff: 0, Sum: 0, Workers: 4
[14.265s][debug][gc,phases      ] GC(30) Weak Processing 0.240ms
[14.265s][debug][gc,age         ] GC(30) Desired survivor size 318767104 bytes, new threshold 15 (max threshold 15)
[14.265s][info ][gc,heap        ] GC(30) PSYoungGen: 1691888K(1692160K)->176528K(1778688K) Eden: 1512448K(1512448K)->0K(1474560K) From: 179440K(179712K)->176528K(304128K)
[14.265s][info ][gc,heap        ] GC(30) ParOldGen: 347350K(458752K)->349802K(458752K)
[14.265s][info ][gc,metaspace   ] GC(30) Metaspace: 67421K(68224K)->67421K(68224K) NonClass: 57544K(57984K)->57544K(57984K) Class: 9876K(10240K)->9876K(10240K)
[14.265s][info ][gc             ] GC(30) Pause Young (Allocation Failure) 1991M->513M(2185M) 87.851ms
[14.265s][info ][gc,cpu         ] GC(30) User=0.35s Sys=0.00s Real=0.09s
[14.265s][info ][safepoint      ] Safepoint "ParallelGCFailedAllocation", Time since last: 20061511 ns, Reaching safepoint: 111001 ns, At safepoint: 87929488 ns, Total: 88040489 ns
[14.265s][info ][safepoint      ] Safepoint "ICBufferFull", Time since last: 53901 ns, Reaching safepoint: 87700 ns, At safepoint: 29000 ns, Total: 116700 ns
[14.287s][info ][safepoint      ] Safepoint "ICBufferFull", Time since last: 20905816 ns, Reaching safepoint: 116501 ns, At safepoint: 25500 ns, Total: 142001 ns
[14.294s][info ][safepoint      ] Safepoint "ICBufferFull", Time since last: 7403141 ns, Reaching safepoint: 102201 ns, At safepoint: 23800 ns, Total: 126001 ns
[14.310s][info ][safepoint      ] Safepoint "ICBufferFull", Time since last: 16039289 ns, Reaching safepoint: 98501 ns, At safepoint: 29700 ns, Total: 128201 ns
[14.322s][info ][safepoint      ] Safepoint "ICBufferFull", Time since last: 9994855 ns, Reaching safepoint: 2116112 ns, At safepoint: 29400 ns, Total: 2145512 ns
[14.341s][info ][safepoint      ] Safepoint "ICBufferFull", Time since last: 18503503 ns, Reaching safepoint: 111001 ns, At safepoint: 25000 ns, Total: 136001 ns
[14.347s][info ][safepoint      ] Safepoint "ICBufferFull", Time since last: 5617031 ns, Reaching safepoint: 465103 ns, At safepoint: 22500 ns, Total: 487603 ns
[14.353s][info ][safepoint      ] Safepoint "ICBufferFull", Time since last: 5653331 ns, Reaching safepoint: 606804 ns, At safepoint: 34400 ns, Total: 641204 ns
[14.382s][info ][safepoint      ] Safepoint "ICBufferFull", Time since last: 28196056 ns, Reaching safepoint: 122301 ns, At safepoint: 31700 ns, Total: 154001 ns
[14.390s][info ][safepoint      ] Safepoint "ICBufferFull", Time since last: 4787427 ns, Reaching safepoint: 3228118 ns, At safepoint: 25100 ns, Total: 3253218 ns
[14.396s][info ][safepoint      ] Safepoint "ICBufferFull", Time since last: 5776732 ns, Reaching safepoint: 94601 ns, At safepoint: 21400 ns, Total: 116001 ns
[14.407s][info ][safepoint      ] Safepoint "ICBufferFull", Time since last: 11566664 ns, Reaching safepoint: 111901 ns, At safepoint: 30400 ns, Total: 142301 ns
[14.417s][info ][safepoint      ] Safepoint "ICBufferFull", Time since last: 9183351 ns, Reaching safepoint: 105700 ns, At safepoint: 25000 ns, Total: 130700 ns
[14.429s][info ][safepoint      ] Safepoint "ICBufferFull", Time since last: 10236957 ns, Reaching safepoint: 2138512 ns, At safepoint: 34100 ns, Total: 2172612 ns
[14.435s][info ][safepoint      ] Safepoint "ICBufferFull", Time since last: 5973634 ns, Reaching safepoint: 100400 ns, At safepoint: 23300 ns, Total: 123700 ns
[14.442s][info ][safepoint      ] Safepoint "ICBufferFull", Time since last: 6214235 ns, Reaching safepoint: 97800 ns, At safepoint: 24300 ns, Total: 122100 ns
[14.447s][info ][safepoint      ] Safepoint "ICBufferFull", Time since last: 4943528 ns, Reaching safepoint: 103001 ns, At safepoint: 18400 ns, Total: 121401 ns
[14.453s][info ][safepoint      ] Safepoint "ICBufferFull", Time since last: 6460036 ns, Reaching safepoint: 239501 ns, At safepoint: 23300 ns, Total: 262801 ns
[14.458s][info ][safepoint      ] Safepoint "ICBufferFull", Time since last: 4921427 ns, Reaching safepoint: 106801 ns, At safepoint: 26100 ns, Total: 132901 ns
[14.464s][info ][safepoint      ] Safepoint "ICBufferFull", Time since last: 5293629 ns, Reaching safepoint: 92401 ns, At safepoint: 27300 ns, Total: 119701 ns
[14.477s][info ][safepoint      ] Safepoint "ICBufferFull", Time since last: 9556453 ns, Reaching safepoint: 3201418 ns, At safepoint: 33200 ns, Total: 3234618 ns
[14.482s][info ][safepoint      ] Safepoint "ICBufferFull", Time since last: 5617831 ns, Reaching safepoint: 154101 ns, At safepoint: 31300 ns, Total: 185401 ns
[14.487s][info ][safepoint      ] Safepoint "ICBufferFull", Time since last: 4129123 ns, Reaching safepoint: 106001 ns, At safepoint: 26000 ns, Total: 132001 ns
[14.515s][info ][safepoint      ] Safepoint "ICBufferFull", Time since last: 28215157 ns, Reaching safepoint: 92400 ns, At safepoint: 33201 ns, Total: 125601 ns
[14.528s][info ][safepoint      ] Safepoint "ICBufferFull", Time since last: 6581536 ns, Reaching safepoint: 6332935 ns, At safepoint: 31500 ns, Total: 6364435 ns
[14.556s][info ][safepoint      ] Safepoint "ICBufferFull", Time since last: 27976056 ns, Reaching safepoint: 112001 ns, At safepoint: 25200 ns, Total: 137201 ns
[14.566s][info ][safepoint      ] Safepoint "ICBufferFull", Time since last: 9661353 ns, Reaching safepoint: 116001 ns, At safepoint: 21700 ns, Total: 137701 ns
[14.596s][info ][gc,start       ] GC(31) Pause Young (Allocation Failure)
[14.703s][debug][gc,phases      ] GC(31) Scavenge 106.642ms
[14.703s][debug][gc,ref         ] GC(31) Skipped phase 1 of Reference Processing: no references
[14.703s][debug][gc,ref         ] GC(31) ReferenceProcessor::execute queues: 2, RefProcThreadModel::Multi, marks_oops_alive: false
[14.703s][debug][gc,ref         ] GC(31) Skipped phase 3 of Reference Processing: no references
[14.703s][debug][gc,ref         ] GC(31) ReferenceProcessor::execute queues: 1, RefProcThreadModel::Single, marks_oops_alive: false
[14.703s][debug][gc,phases      ] GC(31) Reference Processing 0.165ms
[14.703s][debug][gc,phases      ] GC(31)   VM Weak                        Min:  0.0, Avg:  0.0, Max:  0.0, Diff:  0.0, Sum:  0.0, Workers: 4
[14.703s][debug][gc,phases      ] GC(31)     Dead                           Min: 0, Avg:  0.0, Max: 0, Diff: 0, Sum: 0, Workers: 4
[14.703s][debug][gc,phases      ] GC(31)     Total                          Min: 0, Avg: 146.2, Max: 512, Diff: 512, Sum: 585, Workers: 4
[14.703s][debug][gc,phases      ] GC(31)   ObjectSynchronizer Weak        Min:  0.0, Avg:  0.0, Max:  0.0, Diff:  0.0, Sum:  0.0, Workers: 4
[14.703s][debug][gc,phases      ] GC(31)     Dead                           Min: 0, Avg:  0.0, Max: 0, Diff: 0, Sum: 0, Workers: 4
[14.703s][debug][gc,phases      ] GC(31)     Total                          Min: 0, Avg: 116.0, Max: 208, Diff: 208, Sum: 464, Workers: 4
[14.703s][debug][gc,phases      ] GC(31)   JVMTI Tag Weak OopStorage      Min:  0.0, Avg:  0.0, Max:  0.0, Diff:  0.0, Sum:  0.0, Workers: 4
[14.703s][debug][gc,phases      ] GC(31)     Dead                           Min: 0, Avg:  0.0, Max: 0, Diff: 0, Sum: 0, Workers: 4
[14.703s][debug][gc,phases      ] GC(31)     Total                          Min: 0, Avg:  0.0, Max: 0, Diff: 0, Sum: 0, Workers: 4
[14.703s][debug][gc,phases      ] GC(31)   StringTable Weak               Min:  0.0, Avg:  0.1, Max:  0.1, Diff:  0.1, Sum:  0.4, Workers: 4
[14.703s][debug][gc,phases      ] GC(31)     Dead                           Min: 0, Avg:  0.0, Max: 0, Diff: 0, Sum: 0, Workers: 4
[14.703s][debug][gc,phases      ] GC(31)     Total                          Min: 0, Avg: 10653.2, Max: 18432, Diff: 18432, Sum: 42613, Workers: 4
[14.703s][debug][gc,phases      ] GC(31)   ResolvedMethodTable Weak       Min:  0.0, Avg:  0.0, Max:  0.0, Diff:  0.0, Sum:  0.1, Workers: 4
[14.703s][debug][gc,phases      ] GC(31)     Dead                           Min: 0, Avg:  0.0, Max: 0, Diff: 0, Sum: 0, Workers: 4
[14.703s][debug][gc,phases      ] GC(31)     Total                          Min: 0, Avg: 1747.2, Max: 2895, Diff: 2895, Sum: 6989, Workers: 4
[14.703s][debug][gc,phases      ] GC(31)   JNI Weak                       Min:  0.0, Avg:  0.0, Max:  0.0, Diff:  0.0, Sum:  0.0, Workers: 4
[14.703s][debug][gc,phases      ] GC(31)     Dead                           Min: 0, Avg:  0.0, Max: 0, Diff: 0, Sum: 0, Workers: 4
[14.703s][debug][gc,phases      ] GC(31)     Total                          Min: 0, Avg:  0.5, Max: 2, Diff: 2, Sum: 2, Workers: 4
[14.703s][debug][gc,phases      ] GC(31)   StringDedup Table Weak         Min:  0.0, Avg:  0.0, Max:  0.0, Diff:  0.0, Sum:  0.0, Workers: 4
[14.703s][debug][gc,phases      ] GC(31)     Dead                           Min: 0, Avg:  0.0, Max: 0, Diff: 0, Sum: 0, Workers: 4
[14.703s][debug][gc,phases      ] GC(31)     Total                          Min: 0, Avg:  0.0, Max: 0, Diff: 0, Sum: 0, Workers: 4
[14.703s][debug][gc,phases      ] GC(31)   StringDedup Requests0 Weak     Min:  0.0, Avg:  0.0, Max:  0.0, Diff:  0.0, Sum:  0.0, Workers: 4
[14.703s][debug][gc,phases      ] GC(31)     Dead                           Min: 0, Avg:  0.0, Max: 0, Diff: 0, Sum: 0, Workers: 4
[14.703s][debug][gc,phases      ] GC(31)     Total                          Min: 0, Avg:  0.0, Max: 0, Diff: 0, Sum: 0, Workers: 4
[14.703s][debug][gc,phases      ] GC(31)   StringDedup Requests1 Weak     Min:  0.0, Avg:  0.0, Max:  0.0, Diff:  0.0, Sum:  0.0, Workers: 4
[14.703s][debug][gc,phases      ] GC(31)     Dead                           Min: 0, Avg:  0.0, Max: 0, Diff: 0, Sum: 0, Workers: 4
[14.703s][debug][gc,phases      ] GC(31)     Total                          Min: 0, Avg:  0.0, Max: 0, Diff: 0, Sum: 0, Workers: 4
[14.703s][debug][gc,phases      ] GC(31)   Weak JFR Old Object Samples    Min:  0.0, Avg:  0.0, Max:  0.0, Diff:  0.0, Sum:  0.0, Workers: 4
[14.703s][debug][gc,phases      ] GC(31)     Dead                           Min: 0, Avg:  0.0, Max: 0, Diff: 0, Sum: 0, Workers: 4
[14.703s][debug][gc,phases      ] GC(31)     Total                          Min: 0, Avg:  0.0, Max: 0, Diff: 0, Sum: 0, Workers: 4
[14.703s][debug][gc,phases      ] GC(31) Weak Processing 0.303ms
[14.703s][debug][gc,age         ] GC(31) Desired survivor size 322961408 bytes, new threshold 15 (max threshold 15)
[14.703s][info ][gc,heap        ] GC(31) PSYoungGen: 1651088K(1778688K)->175136K(1650176K) Eden: 1474560K(1474560K)->0K(1474560K) From: 176528K(304128K)->175136K(175616K)
[14.703s][info ][gc,heap        ] GC(31) ParOldGen: 349802K(458752K)->350082K(458752K)
[14.703s][info ][gc,metaspace   ] GC(31) Metaspace: 67521K(68288K)->67521K(68288K) NonClass: 57641K(58048K)->57641K(58048K) Class: 9880K(10240K)->9880K(10240K)
[14.703s][info ][gc             ] GC(31) Pause Young (Allocation Failure) 1953M->512M(2059M) 107.224ms
[14.704s][info ][gc,cpu         ] GC(31) User=0.42s Sys=0.00s Real=0.11s
[14.704s][info ][safepoint      ] Safepoint "ParallelGCFailedAllocation", Time since last: 30148568 ns, Reaching safepoint: 244601 ns, At safepoint: 107318996 ns, Total: 107563597 ns
[15.008s][info ][gc,start       ] GC(32) Pause Young (Allocation Failure)
[15.113s][debug][gc,phases      ] GC(32) Scavenge 104.933ms
[15.113s][debug][gc,ref         ] GC(32) Skipped phase 1 of Reference Processing: no references
[15.113s][debug][gc,ref         ] GC(32) ReferenceProcessor::execute queues: 2, RefProcThreadModel::Multi, marks_oops_alive: false
[15.113s][debug][gc,ref         ] GC(32) Skipped phase 3 of Reference Processing: no references
[15.113s][debug][gc,ref         ] GC(32) ReferenceProcessor::execute queues: 1, RefProcThreadModel::Single, marks_oops_alive: false
[15.113s][debug][gc,phases      ] GC(32) Reference Processing 0.175ms
[15.114s][debug][gc,phases      ] GC(32)   VM Weak                        Min:  0.0, Avg:  0.0, Max:  0.0, Diff:  0.0, Sum:  0.0, Workers: 4
[15.114s][debug][gc,phases      ] GC(32)     Dead                           Min: 0, Avg:  0.0, Max: 0, Diff: 0, Sum: 0, Workers: 4
[15.114s][debug][gc,phases      ] GC(32)     Total                          Min: 0, Avg: 146.2, Max: 320, Diff: 320, Sum: 585, Workers: 4
[15.114s][debug][gc,phases      ] GC(32)   ObjectSynchronizer Weak        Min:  0.0, Avg:  0.0, Max:  0.0, Diff:  0.0, Sum:  0.0, Workers: 4
[15.114s][debug][gc,phases      ] GC(32)     Dead                           Min: 0, Avg:  0.0, Max: 0, Diff: 0, Sum: 0, Workers: 4
[15.114s][debug][gc,phases      ] GC(32)     Total                          Min: 0, Avg: 116.0, Max: 192, Diff: 192, Sum: 464, Workers: 4
[15.114s][debug][gc,phases      ] GC(32)   JVMTI Tag Weak OopStorage      Min:  0.0, Avg:  0.0, Max:  0.0, Diff:  0.0, Sum:  0.0, Workers: 4
[15.114s][debug][gc,phases      ] GC(32)     Dead                           Min: 0, Avg:  0.0, Max: 0, Diff: 0, Sum: 0, Workers: 4
[15.114s][debug][gc,phases      ] GC(32)     Total                          Min: 0, Avg:  0.0, Max: 0, Diff: 0, Sum: 0, Workers: 4
[15.114s][debug][gc,phases      ] GC(32)   StringTable Weak               Min:  0.1, Avg:  0.1, Max:  0.1, Diff:  0.0, Sum:  0.3, Workers: 4
[15.114s][debug][gc,phases      ] GC(32)     Dead                           Min: 0, Avg:  2.8, Max: 11, Diff: 11, Sum: 11, Workers: 4
[15.114s][debug][gc,phases      ] GC(32)     Total                          Min: 7936, Avg: 10654.8, Max: 12096, Diff: 4160, Sum: 42619, Workers: 4
[15.114s][debug][gc,phases      ] GC(32)   ResolvedMethodTable Weak       Min:  0.0, Avg:  0.0, Max:  0.0, Diff:  0.0, Sum:  0.1, Workers: 4
[15.114s][debug][gc,phases      ] GC(32)     Dead                           Min: 0, Avg:  0.0, Max: 0, Diff: 0, Sum: 0, Workers: 4
[15.114s][debug][gc,phases      ] GC(32)     Total                          Min: 1344, Avg: 1747.2, Max: 1920, Diff: 576, Sum: 6989, Workers: 4
[15.114s][debug][gc,phases      ] GC(32)   JNI Weak                       Min:  0.0, Avg:  0.0, Max:  0.0, Diff:  0.0, Sum:  0.0, Workers: 4
[15.114s][debug][gc,phases      ] GC(32)     Dead                           Min: 0, Avg:  0.0, Max: 0, Diff: 0, Sum: 0, Workers: 4
[15.114s][debug][gc,phases      ] GC(32)     Total                          Min: 0, Avg:  1.0, Max: 4, Diff: 4, Sum: 4, Workers: 4
[15.114s][debug][gc,phases      ] GC(32)   StringDedup Table Weak         Min:  0.0, Avg:  0.0, Max:  0.0, Diff:  0.0, Sum:  0.0, Workers: 4
[15.114s][debug][gc,phases      ] GC(32)     Dead                           Min: 0, Avg:  0.0, Max: 0, Diff: 0, Sum: 0, Workers: 4
[15.114s][debug][gc,phases      ] GC(32)     Total                          Min: 0, Avg:  0.0, Max: 0, Diff: 0, Sum: 0, Workers: 4
[15.114s][debug][gc,phases      ] GC(32)   StringDedup Requests0 Weak     Min:  0.0, Avg:  0.0, Max:  0.0, Diff:  0.0, Sum:  0.0, Workers: 4
[15.114s][debug][gc,phases      ] GC(32)     Dead                           Min: 0, Avg:  0.0, Max: 0, Diff: 0, Sum: 0, Workers: 4
[15.114s][debug][gc,phases      ] GC(32)     Total                          Min: 0, Avg:  0.0, Max: 0, Diff: 0, Sum: 0, Workers: 4
[15.114s][debug][gc,phases      ] GC(32)   StringDedup Requests1 Weak     Min:  0.0, Avg:  0.0, Max:  0.0, Diff:  0.0, Sum:  0.0, Workers: 4
[15.114s][debug][gc,phases      ] GC(32)     Dead                           Min: 0, Avg:  0.0, Max: 0, Diff: 0, Sum: 0, Workers: 4
[15.114s][debug][gc,phases      ] GC(32)     Total                          Min: 0, Avg:  0.0, Max: 0, Diff: 0, Sum: 0, Workers: 4
[15.114s][debug][gc,phases      ] GC(32)   Weak JFR Old Object Samples    Min:  0.0, Avg:  0.0, Max:  0.0, Diff:  0.0, Sum:  0.0, Workers: 4
[15.114s][debug][gc,phases      ] GC(32)     Dead                           Min: 0, Avg:  0.0, Max: 0, Diff: 0, Sum: 0, Workers: 4
[15.114s][debug][gc,phases      ] GC(32)     Total                          Min: 0, Avg:  0.0, Max: 0, Diff: 0, Sum: 0, Workers: 4
[15.114s][debug][gc,phases      ] GC(32) Weak Processing 0.257ms
[15.114s][debug][gc,age         ] GC(32) Desired survivor size 322961408 bytes, new threshold 15 (max threshold 15)
[15.114s][info ][gc,heap        ] GC(32) PSYoungGen: 1649696K(1650176K)->170528K(1781760K) Eden: 1474560K(1474560K)->0K(1466368K) From: 175136K(175616K)->170528K(315392K)
[15.114s][info ][gc,heap        ] GC(32) ParOldGen: 350082K(458752K)->350650K(458752K)
[15.114s][info ][gc,metaspace   ] GC(32) Metaspace: 67605K(68416K)->67605K(68416K) NonClass: 57725K(58176K)->57725K(58176K) Class: 9880K(10240K)->9880K(10240K)
[15.114s][info ][gc             ] GC(32) Pause Young (Allocation Failure) 1952M->508M(2188M) 105.479ms
[15.114s][info ][gc,cpu         ] GC(32) User=0.42s Sys=0.00s Real=0.11s
[15.114s][info ][safepoint      ] Safepoint "ParallelGCFailedAllocation", Time since last: 304453691 ns, Reaching safepoint: 137001 ns, At safepoint: 105574286 ns, Total: 105711287 ns
[15.333s][info ][gc,start       ] GC(33) Pause Young (Allocation Failure)
[15.426s][debug][gc,phases      ] GC(33) Scavenge 93.587ms
[15.426s][debug][gc,ref         ] GC(33) Skipped phase 1 of Reference Processing: no references
[15.426s][debug][gc,ref         ] GC(33) ReferenceProcessor::execute queues: 2, RefProcThreadModel::Multi, marks_oops_alive: false
[15.427s][debug][gc,ref         ] GC(33) Skipped phase 3 of Reference Processing: no references
[15.427s][debug][gc,ref         ] GC(33) ReferenceProcessor::execute queues: 1, RefProcThreadModel::Single, marks_oops_alive: false
[15.427s][debug][gc,phases      ] GC(33) Reference Processing 0.167ms
[15.427s][debug][gc,phases      ] GC(33)   VM Weak                        Min:  0.0, Avg:  0.0, Max:  0.0, Diff:  0.0, Sum:  0.0, Workers: 4
[15.427s][debug][gc,phases      ] GC(33)     Dead                           Min: 0, Avg:  0.0, Max: 0, Diff: 0, Sum: 0, Workers: 4
[15.427s][debug][gc,phases      ] GC(33)     Total                          Min: 0, Avg: 146.2, Max: 576, Diff: 576, Sum: 585, Workers: 4
[15.427s][debug][gc,phases      ] GC(33)   ObjectSynchronizer Weak        Min:  0.0, Avg:  0.0, Max:  0.0, Diff:  0.0, Sum:  0.0, Workers: 4
[15.427s][debug][gc,phases      ] GC(33)     Dead                           Min: 0, Avg:  0.0, Max: 0, Diff: 0, Sum: 0, Workers: 4
[15.427s][debug][gc,phases      ] GC(33)     Total                          Min: 0, Avg: 116.0, Max: 192, Diff: 192, Sum: 464, Workers: 4
[15.427s][debug][gc,phases      ] GC(33)   JVMTI Tag Weak OopStorage      Min:  0.0, Avg:  0.0, Max:  0.0, Diff:  0.0, Sum:  0.0, Workers: 4
[15.427s][debug][gc,phases      ] GC(33)     Dead                           Min: 0, Avg:  0.0, Max: 0, Diff: 0, Sum: 0, Workers: 4
[15.427s][debug][gc,phases      ] GC(33)     Total                          Min: 0, Avg:  0.0, Max: 0, Diff: 0, Sum: 0, Workers: 4
[15.427s][debug][gc,phases      ] GC(33)   StringTable Weak               Min:  0.1, Avg:  0.1, Max:  0.1, Diff:  0.0, Sum:  0.4, Workers: 4
[15.427s][debug][gc,phases      ] GC(33)     Dead                           Min: 0, Avg:  2.8, Max: 8, Diff: 8, Sum: 11, Workers: 4
[15.427s][debug][gc,phases      ] GC(33)     Total                          Min: 9088, Avg: 10655.8, Max: 14272, Diff: 5184, Sum: 42623, Workers: 4
[15.427s][debug][gc,phases      ] GC(33)   ResolvedMethodTable Weak       Min:  0.0, Avg:  0.0, Max:  0.0, Diff:  0.0, Sum:  0.1, Workers: 4
[15.427s][debug][gc,phases      ] GC(33)     Dead                           Min: 0, Avg:  0.0, Max: 0, Diff: 0, Sum: 0, Workers: 4
[15.427s][debug][gc,phases      ] GC(33)     Total                          Min: 1344, Avg: 1747.2, Max: 2367, Diff: 1023, Sum: 6989, Workers: 4
[15.427s][debug][gc,phases      ] GC(33)   JNI Weak                       Min:  0.0, Avg:  0.0, Max:  0.0, Diff:  0.0, Sum:  0.0, Workers: 4
[15.427s][debug][gc,phases      ] GC(33)     Dead                           Min: 0, Avg:  0.0, Max: 0, Diff: 0, Sum: 0, Workers: 4
[15.427s][debug][gc,phases      ] GC(33)     Total                          Min: 0, Avg:  1.2, Max: 5, Diff: 5, Sum: 5, Workers: 4
[15.427s][debug][gc,phases      ] GC(33)   StringDedup Table Weak         Min:  0.0, Avg:  0.0, Max:  0.0, Diff:  0.0, Sum:  0.0, Workers: 4
[15.427s][debug][gc,phases      ] GC(33)     Dead                           Min: 0, Avg:  0.0, Max: 0, Diff: 0, Sum: 0, Workers: 4
[15.427s][debug][gc,phases      ] GC(33)     Total                          Min: 0, Avg:  0.0, Max: 0, Diff: 0, Sum: 0, Workers: 4
[15.427s][debug][gc,phases      ] GC(33)   StringDedup Requests0 Weak     Min:  0.0, Avg:  0.0, Max:  0.0, Diff:  0.0, Sum:  0.0, Workers: 4
[15.427s][debug][gc,phases      ] GC(33)     Dead                           Min: 0, Avg:  0.0, Max: 0, Diff: 0, Sum: 0, Workers: 4
[15.427s][debug][gc,phases      ] GC(33)     Total                          Min: 0, Avg:  0.0, Max: 0, Diff: 0, Sum: 0, Workers: 4
[15.427s][debug][gc,phases      ] GC(33)   StringDedup Requests1 Weak     Min:  0.0, Avg:  0.0, Max:  0.0, Diff:  0.0, Sum:  0.0, Workers: 4
[15.427s][debug][gc,phases      ] GC(33)     Dead                           Min: 0, Avg:  0.0, Max: 0, Diff: 0, Sum: 0, Workers: 4
[15.427s][debug][gc,phases      ] GC(33)     Total                          Min: 0, Avg:  0.0, Max: 0, Diff: 0, Sum: 0, Workers: 4
[15.427s][debug][gc,phases      ] GC(33)   Weak JFR Old Object Samples    Min:  0.0, Avg:  0.0, Max:  0.0, Diff:  0.0, Sum:  0.0, Workers: 4
[15.427s][debug][gc,phases      ] GC(33)     Dead                           Min: 0, Avg:  0.0, Max: 0, Diff: 0, Sum: 0, Workers: 4
[15.427s][debug][gc,phases      ] GC(33)     Total                          Min: 0, Avg:  0.0, Max: 0, Diff: 0, Sum: 0, Workers: 4
[15.427s][debug][gc,phases      ] GC(33) Weak Processing 0.264ms
[15.427s][debug][gc,age         ] GC(33) Desired survivor size 318767104 bytes, new threshold 15 (max threshold 15)
[15.427s][info ][gc,heap        ] GC(33) PSYoungGen: 1636896K(1781760K)->162640K(1781760K) Eden: 1466368K(1466368K)->0K(1466368K) From: 170528K(315392K)->162640K(315392K)
[15.427s][info ][gc,heap        ] GC(33) ParOldGen: 350650K(458752K)->351714K(458752K)
[15.427s][info ][gc,metaspace   ] GC(33) Metaspace: 67658K(68416K)->67658K(68416K) NonClass: 57777K(58176K)->57777K(58176K) Class: 9880K(10240K)->9880K(10240K)
[15.427s][info ][gc             ] GC(33) Pause Young (Allocation Failure) 1940M->502M(2188M) 94.134ms
[15.427s][info ][gc,cpu         ] GC(33) User=0.38s Sys=0.00s Real=0.09s
[15.427s][info ][safepoint      ] Safepoint "ParallelGCFailedAllocation", Time since last: 218840415 ns, Reaching safepoint: 152001 ns, At safepoint: 94234124 ns, Total: 94386125 ns
[15.754s][info ][gc,start       ] GC(34) Pause Young (Allocation Failure)
[15.846s][debug][gc,phases      ] GC(34) Scavenge 92.073ms
[15.846s][debug][gc,ref         ] GC(34) Skipped phase 1 of Reference Processing: no references
[15.846s][debug][gc,ref         ] GC(34) ReferenceProcessor::execute queues: 2, RefProcThreadModel::Multi, marks_oops_alive: false
[15.846s][debug][gc,ref         ] GC(34) Skipped phase 3 of Reference Processing: no references
[15.846s][debug][gc,ref         ] GC(34) ReferenceProcessor::execute queues: 1, RefProcThreadModel::Single, marks_oops_alive: false
[15.846s][debug][gc,phases      ] GC(34) Reference Processing 0.185ms
[15.846s][debug][gc,phases      ] GC(34)   VM Weak                        Min:  0.0, Avg:  0.0, Max:  0.0, Diff:  0.0, Sum:  0.0, Workers: 4
[15.846s][debug][gc,phases      ] GC(34)     Dead                           Min: 0, Avg:  0.0, Max: 0, Diff: 0, Sum: 0, Workers: 4
[15.846s][debug][gc,phases      ] GC(34)     Total                          Min: 0, Avg: 146.2, Max: 585, Diff: 585, Sum: 585, Workers: 4
[15.846s][debug][gc,phases      ] GC(34)   ObjectSynchronizer Weak        Min:  0.0, Avg:  0.0, Max:  0.0, Diff:  0.0, Sum:  0.0, Workers: 4
[15.846s][debug][gc,phases      ] GC(34)     Dead                           Min: 0, Avg:  0.0, Max: 0, Diff: 0, Sum: 0, Workers: 4
[15.846s][debug][gc,phases      ] GC(34)     Total                          Min: 0, Avg: 116.0, Max: 320, Diff: 320, Sum: 464, Workers: 4
[15.846s][debug][gc,phases      ] GC(34)   JVMTI Tag Weak OopStorage      Min:  0.0, Avg:  0.0, Max:  0.0, Diff:  0.0, Sum:  0.0, Workers: 4
[15.846s][debug][gc,phases      ] GC(34)     Dead                           Min: 0, Avg:  0.0, Max: 0, Diff: 0, Sum: 0, Workers: 4
[15.846s][debug][gc,phases      ] GC(34)     Total                          Min: 0, Avg:  0.0, Max: 0, Diff: 0, Sum: 0, Workers: 4
[15.846s][debug][gc,phases      ] GC(34)   StringTable Weak               Min:  0.1, Avg:  0.1, Max:  0.1, Diff:  0.0, Sum:  0.4, Workers: 4
[15.846s][debug][gc,phases      ] GC(34)     Dead                           Min: 0, Avg:  3.0, Max: 12, Diff: 12, Sum: 12, Workers: 4
[15.846s][debug][gc,phases      ] GC(34)     Total                          Min: 8189, Avg: 10662.2, Max: 13989, Diff: 5800, Sum: 42649, Workers: 4
[15.846s][debug][gc,phases      ] GC(34)   ResolvedMethodTable Weak       Min:  0.0, Avg:  0.0, Max:  0.0, Diff:  0.0, Sum:  0.1, Workers: 4
[15.846s][debug][gc,phases      ] GC(34)     Dead                           Min: 0, Avg:  0.0, Max: 0, Diff: 0, Sum: 0, Workers: 4
[15.847s][debug][gc,phases      ] GC(34)     Total                          Min: 1408, Avg: 1752.5, Max: 2048, Diff: 640, Sum: 7010, Workers: 4
[15.847s][debug][gc,phases      ] GC(34)   JNI Weak                       Min:  0.0, Avg:  0.0, Max:  0.0, Diff:  0.0, Sum:  0.0, Workers: 4
[15.847s][debug][gc,phases      ] GC(34)     Dead                           Min: 0, Avg:  0.0, Max: 0, Diff: 0, Sum: 0, Workers: 4
[15.847s][debug][gc,phases      ] GC(34)     Total                          Min: 0, Avg:  1.2, Max: 5, Diff: 5, Sum: 5, Workers: 4
[15.847s][debug][gc,phases      ] GC(34)   StringDedup Table Weak         Min:  0.0, Avg:  0.0, Max:  0.0, Diff:  0.0, Sum:  0.0, Workers: 4
[15.847s][debug][gc,phases      ] GC(34)     Dead                           Min: 0, Avg:  0.0, Max: 0, Diff: 0, Sum: 0, Workers: 4
[15.847s][debug][gc,phases      ] GC(34)     Total                          Min: 0, Avg:  0.0, Max: 0, Diff: 0, Sum: 0, Workers: 4
[15.847s][debug][gc,phases      ] GC(34)   StringDedup Requests0 Weak     Min:  0.0, Avg:  0.0, Max:  0.0, Diff:  0.0, Sum:  0.0, Workers: 4
[15.847s][debug][gc,phases      ] GC(34)     Dead                           Min: 0, Avg:  0.0, Max: 0, Diff: 0, Sum: 0, Workers: 4
[15.847s][debug][gc,phases      ] GC(34)     Total                          Min: 0, Avg:  0.0, Max: 0, Diff: 0, Sum: 0, Workers: 4
[15.847s][debug][gc,phases      ] GC(34)   StringDedup Requests1 Weak     Min:  0.0, Avg:  0.0, Max:  0.0, Diff:  0.0, Sum:  0.0, Workers: 4
[15.847s][debug][gc,phases      ] GC(34)     Dead                           Min: 0, Avg:  0.0, Max: 0, Diff: 0, Sum: 0, Workers: 4
[15.847s][debug][gc,phases      ] GC(34)     Total                          Min: 0, Avg:  0.0, Max: 0, Diff: 0, Sum: 0, Workers: 4
[15.847s][debug][gc,phases      ] GC(34)   Weak JFR Old Object Samples    Min:  0.0, Avg:  0.0, Max:  0.0, Diff:  0.0, Sum:  0.0, Workers: 4
[15.847s][debug][gc,phases      ] GC(34)     Dead                           Min: 0, Avg:  0.0, Max: 0, Diff: 0, Sum: 0, Workers: 4
[15.847s][debug][gc,phases      ] GC(34)     Total                          Min: 0, Avg:  0.0, Max: 0, Diff: 0, Sum: 0, Workers: 4
[15.847s][debug][gc,phases      ] GC(34) Weak Processing 0.257ms
[15.847s][debug][gc,age         ] GC(34) Desired survivor size 310902784 bytes, new threshold 15 (max threshold 15)
[15.847s][info ][gc,heap        ] GC(34) PSYoungGen: 1629008K(1781760K)->156512K(1793536K) Eden: 1466368K(1466368K)->0K(1482240K) From: 162640K(315392K)->156512K(311296K)
[15.847s][info ][gc,heap        ] GC(34) ParOldGen: 351714K(458752K)->354258K(458752K)
[15.847s][info ][gc,metaspace   ] GC(34) Metaspace: 67787K(68544K)->67787K(68544K) NonClass: 57891K(58304K)->57891K(58304K) Class: 9895K(10240K)->9895K(10240K)
[15.847s][info ][gc             ] GC(34) Pause Young (Allocation Failure) 1934M->498M(2199M) 92.638ms
[15.847s][info ][gc,cpu         ] GC(34) User=0.38s Sys=0.00s Real=0.09s
[15.847s][info ][safepoint      ] Safepoint "ParallelGCFailedAllocation", Time since last: 326803114 ns, Reaching safepoint: 178101 ns, At safepoint: 92742515 ns, Total: 92920616 ns
[16.114s][info ][gc,start       ] GC(35) Pause Young (Allocation Failure)
[16.193s][debug][gc,phases      ] GC(35) Scavenge 78.992ms
[16.193s][debug][gc,ref         ] GC(35) Skipped phase 1 of Reference Processing: no references
[16.193s][debug][gc,ref         ] GC(35) ReferenceProcessor::execute queues: 2, RefProcThreadModel::Multi, marks_oops_alive: false
[16.193s][debug][gc,ref         ] GC(35) Skipped phase 3 of Reference Processing: no references
[16.193s][debug][gc,ref         ] GC(35) ReferenceProcessor::execute queues: 1, RefProcThreadModel::Single, marks_oops_alive: false
[16.193s][debug][gc,phases      ] GC(35) Reference Processing 0.141ms
[16.193s][debug][gc,phases      ] GC(35)   VM Weak                        Min:  0.0, Avg:  0.0, Max:  0.0, Diff:  0.0, Sum:  0.0, Workers: 4
[16.193s][debug][gc,phases      ] GC(35)     Dead                           Min: 0, Avg:  0.0, Max: 0, Diff: 0, Sum: 0, Workers: 4
[16.193s][debug][gc,phases      ] GC(35)     Total                          Min: 0, Avg: 146.2, Max: 329, Diff: 329, Sum: 585, Workers: 4
[16.193s][debug][gc,phases      ] GC(35)   ObjectSynchronizer Weak        Min:  0.0, Avg:  0.0, Max:  0.0, Diff:  0.0, Sum:  0.0, Workers: 4
[16.193s][debug][gc,phases      ] GC(35)     Dead                           Min: 0, Avg:  0.0, Max: 0, Diff: 0, Sum: 0, Workers: 4
[16.193s][debug][gc,phases      ] GC(35)     Total                          Min: 0, Avg: 116.0, Max: 192, Diff: 192, Sum: 464, Workers: 4
[16.193s][debug][gc,phases      ] GC(35)   JVMTI Tag Weak OopStorage      Min:  0.0, Avg:  0.0, Max:  0.0, Diff:  0.0, Sum:  0.0, Workers: 4
[16.193s][debug][gc,phases      ] GC(35)     Dead                           Min: 0, Avg:  0.0, Max: 0, Diff: 0, Sum: 0, Workers: 4
[16.193s][debug][gc,phases      ] GC(35)     Total                          Min: 0, Avg:  0.0, Max: 0, Diff: 0, Sum: 0, Workers: 4
[16.193s][debug][gc,phases      ] GC(35)   StringTable Weak               Min:  0.1, Avg:  0.1, Max:  0.1, Diff:  0.0, Sum:  0.3, Workers: 4
[16.193s][debug][gc,phases      ] GC(35)     Dead                           Min: 0, Avg:  0.0, Max: 0, Diff: 0, Sum: 0, Workers: 4
[16.193s][debug][gc,phases      ] GC(35)     Total                          Min: 10021, Avg: 10663.2, Max: 11768, Diff: 1747, Sum: 42653, Workers: 4
[16.193s][debug][gc,phases      ] GC(35)   ResolvedMethodTable Weak       Min:  0.0, Avg:  0.0, Max:  0.0, Diff:  0.0, Sum:  0.1, Workers: 4
[16.193s][debug][gc,phases      ] GC(35)     Dead                           Min: 0, Avg:  0.0, Max: 0, Diff: 0, Sum: 0, Workers: 4
[16.193s][debug][gc,phases      ] GC(35)     Total                          Min: 1344, Avg: 1752.5, Max: 1983, Diff: 639, Sum: 7010, Workers: 4
[16.193s][debug][gc,phases      ] GC(35)   JNI Weak                       Min:  0.0, Avg:  0.0, Max:  0.0, Diff:  0.0, Sum:  0.0, Workers: 4
[16.193s][debug][gc,phases      ] GC(35)     Dead                           Min: 0, Avg:  0.0, Max: 0, Diff: 0, Sum: 0, Workers: 4
[16.193s][debug][gc,phases      ] GC(35)     Total                          Min: 0, Avg:  2.2, Max: 9, Diff: 9, Sum: 9, Workers: 4
[16.193s][debug][gc,phases      ] GC(35)   StringDedup Table Weak         Min:  0.0, Avg:  0.0, Max:  0.0, Diff:  0.0, Sum:  0.0, Workers: 4
[16.193s][debug][gc,phases      ] GC(35)     Dead                           Min: 0, Avg:  0.0, Max: 0, Diff: 0, Sum: 0, Workers: 4
[16.193s][debug][gc,phases      ] GC(35)     Total                          Min: 0, Avg:  0.0, Max: 0, Diff: 0, Sum: 0, Workers: 4
[16.193s][debug][gc,phases      ] GC(35)   StringDedup Requests0 Weak     Min:  0.0, Avg:  0.0, Max:  0.0, Diff:  0.0, Sum:  0.0, Workers: 4
[16.193s][debug][gc,phases      ] GC(35)     Dead                           Min: 0, Avg:  0.0, Max: 0, Diff: 0, Sum: 0, Workers: 4
[16.193s][debug][gc,phases      ] GC(35)     Total                          Min: 0, Avg:  0.0, Max: 0, Diff: 0, Sum: 0, Workers: 4
[16.193s][debug][gc,phases      ] GC(35)   StringDedup Requests1 Weak     Min:  0.0, Avg:  0.0, Max:  0.0, Diff:  0.0, Sum:  0.0, Workers: 4
[16.193s][debug][gc,phases      ] GC(35)     Dead                           Min: 0, Avg:  0.0, Max: 0, Diff: 0, Sum: 0, Workers: 4
[16.193s][debug][gc,phases      ] GC(35)     Total                          Min: 0, Avg:  0.0, Max: 0, Diff: 0, Sum: 0, Workers: 4
[16.193s][debug][gc,phases      ] GC(35)   Weak JFR Old Object Samples    Min:  0.0, Avg:  0.0, Max:  0.0, Diff:  0.0, Sum:  0.0, Workers: 4
[16.193s][debug][gc,phases      ] GC(35)     Dead                           Min: 0, Avg:  0.0, Max: 0, Diff: 0, Sum: 0, Workers: 4
[16.193s][debug][gc,phases      ] GC(35)     Total                          Min: 0, Avg:  0.0, Max: 0, Diff: 0, Sum: 0, Workers: 4
[16.193s][debug][gc,phases      ] GC(35) Weak Processing 0.250ms
[16.193s][debug][gc,age         ] GC(35) Desired survivor size 300417024 bytes, new threshold 15 (max threshold 15)
[16.193s][info ][gc,heap        ] GC(35) PSYoungGen: 1638752K(1793536K)->148512K(1785856K) Eden: 1482240K(1482240K)->0K(1482240K) From: 156512K(311296K)->148512K(303616K)
[16.193s][info ][gc,heap        ] GC(35) ParOldGen: 354258K(458752K)->355610K(458752K)
[16.193s][info ][gc,metaspace   ] GC(35) Metaspace: 67801K(68544K)->67801K(68544K) NonClass: 57906K(58304K)->57906K(58304K) Class: 9895K(10240K)->9895K(10240K)
[16.193s][info ][gc             ] GC(35) Pause Young (Allocation Failure) 1946M->492M(2192M) 79.491ms
[16.193s][info ][gc,cpu         ] GC(35) User=0.33s Sys=0.00s Real=0.08s
[16.194s][info ][safepoint      ] Safepoint "ParallelGCFailedAllocation", Time since last: 267138683 ns, Reaching safepoint: 121401 ns, At safepoint: 79593542 ns, Total: 79714943 ns
[16.457s][info ][gc,start       ] GC(36) Pause Young (Allocation Failure)
[16.533s][debug][gc,phases      ] GC(36) Scavenge 75.399ms
[16.533s][debug][gc,ref         ] GC(36) Skipped phase 1 of Reference Processing: no references
[16.533s][debug][gc,ref         ] GC(36) ReferenceProcessor::execute queues: 1, RefProcThreadModel::Single, marks_oops_alive: false
[16.533s][debug][gc,ref         ] GC(36) Skipped phase 3 of Reference Processing: no references
[16.533s][debug][gc,ref         ] GC(36) ReferenceProcessor::execute queues: 1, RefProcThreadModel::Single, marks_oops_alive: false
[16.533s][debug][gc,phases      ] GC(36) Reference Processing 0.138ms
[16.533s][debug][gc,phases      ] GC(36)   VM Weak                        Min:  0.0, Avg:  0.0, Max:  0.0, Diff:  0.0, Sum:  0.0, Workers: 4
[16.533s][debug][gc,phases      ] GC(36)     Dead                           Min: 0, Avg:  0.0, Max: 0, Diff: 0, Sum: 0, Workers: 4
[16.533s][debug][gc,phases      ] GC(36)     Total                          Min: 0, Avg: 146.2, Max: 320, Diff: 320, Sum: 585, Workers: 4
[16.533s][debug][gc,phases      ] GC(36)   ObjectSynchronizer Weak        Min:  0.0, Avg:  0.0, Max:  0.0, Diff:  0.0, Sum:  0.0, Workers: 4
[16.533s][debug][gc,phases      ] GC(36)     Dead                           Min: 0, Avg:  0.0, Max: 0, Diff: 0, Sum: 0, Workers: 4
[16.533s][debug][gc,phases      ] GC(36)     Total                          Min: 0, Avg: 116.0, Max: 192, Diff: 192, Sum: 464, Workers: 4
[16.533s][debug][gc,phases      ] GC(36)   JVMTI Tag Weak OopStorage      Min:  0.0, Avg:  0.0, Max:  0.0, Diff:  0.0, Sum:  0.0, Workers: 4
[16.533s][debug][gc,phases      ] GC(36)     Dead                           Min: 0, Avg:  0.0, Max: 0, Diff: 0, Sum: 0, Workers: 4
[16.533s][debug][gc,phases      ] GC(36)     Total                          Min: 0, Avg:  0.0, Max: 0, Diff: 0, Sum: 0, Workers: 4
[16.533s][debug][gc,phases      ] GC(36)   StringTable Weak               Min:  0.1, Avg:  0.1, Max:  0.1, Diff:  0.0, Sum:  0.4, Workers: 4
[16.533s][debug][gc,phases      ] GC(36)     Dead                           Min: 0, Avg:  2.8, Max: 8, Diff: 8, Sum: 11, Workers: 4
[16.533s][debug][gc,phases      ] GC(36)     Total                          Min: 8128, Avg: 10665.2, Max: 13376, Diff: 5248, Sum: 42661, Workers: 4
[16.533s][debug][gc,phases      ] GC(36)   ResolvedMethodTable Weak       Min:  0.0, Avg:  0.0, Max:  0.0, Diff:  0.0, Sum:  0.1, Workers: 4
[16.533s][debug][gc,phases      ] GC(36)     Dead                           Min: 0, Avg:  0.2, Max: 1, Diff: 1, Sum: 1, Workers: 4
[16.533s][debug][gc,phases      ] GC(36)     Total                          Min: 1408, Avg: 1752.5, Max: 2019, Diff: 611, Sum: 7010, Workers: 4
[16.533s][debug][gc,phases      ] GC(36)   JNI Weak                       Min:  0.0, Avg:  0.0, Max:  0.0, Diff:  0.0, Sum:  0.0, Workers: 4
[16.533s][debug][gc,phases      ] GC(36)     Dead                           Min: 0, Avg:  0.0, Max: 0, Diff: 0, Sum: 0, Workers: 4
[16.533s][debug][gc,phases      ] GC(36)     Total                          Min: 0, Avg:  0.5, Max: 2, Diff: 2, Sum: 2, Workers: 4
[16.533s][debug][gc,phases      ] GC(36)   StringDedup Table Weak         Min:  0.0, Avg:  0.0, Max:  0.0, Diff:  0.0, Sum:  0.0, Workers: 4
[16.533s][debug][gc,phases      ] GC(36)     Dead                           Min: 0, Avg:  0.0, Max: 0, Diff: 0, Sum: 0, Workers: 4
[16.533s][debug][gc,phases      ] GC(36)     Total                          Min: 0, Avg:  0.0, Max: 0, Diff: 0, Sum: 0, Workers: 4
[16.533s][debug][gc,phases      ] GC(36)   StringDedup Requests0 Weak     Min:  0.0, Avg:  0.0, Max:  0.0, Diff:  0.0, Sum:  0.0, Workers: 4
[16.533s][debug][gc,phases      ] GC(36)     Dead                           Min: 0, Avg:  0.0, Max: 0, Diff: 0, Sum: 0, Workers: 4
[16.533s][debug][gc,phases      ] GC(36)     Total                          Min: 0, Avg:  0.0, Max: 0, Diff: 0, Sum: 0, Workers: 4
[16.533s][debug][gc,phases      ] GC(36)   StringDedup Requests1 Weak     Min:  0.0, Avg:  0.0, Max:  0.0, Diff:  0.0, Sum:  0.0, Workers: 4
[16.533s][debug][gc,phases      ] GC(36)     Dead                           Min: 0, Avg:  0.0, Max: 0, Diff: 0, Sum: 0, Workers: 4
[16.533s][debug][gc,phases      ] GC(36)     Total                          Min: 0, Avg:  0.0, Max: 0, Diff: 0, Sum: 0, Workers: 4
[16.533s][debug][gc,phases      ] GC(36)   Weak JFR Old Object Samples    Min:  0.0, Avg:  0.0, Max:  0.0, Diff:  0.0, Sum:  0.0, Workers: 4
[16.533s][debug][gc,phases      ] GC(36)     Dead                           Min: 0, Avg:  0.0, Max: 0, Diff: 0, Sum: 0, Workers: 4
[16.533s][debug][gc,phases      ] GC(36)     Total                          Min: 0, Avg:  0.0, Max: 0, Diff: 0, Sum: 0, Workers: 4
[16.533s][debug][gc,phases      ] GC(36) Weak Processing 0.259ms
[16.533s][debug][gc,age         ] GC(36) Desired survivor size 286785536 bytes, new threshold 15 (max threshold 15)
[16.533s][info ][gc,heap        ] GC(36) PSYoungGen: 1630752K(1785856K)->139040K(1817088K) Eden: 1482240K(1482240K)->0K(1523712K) From: 148512K(303616K)->139040K(293376K)
[16.533s][info ][gc,heap        ] GC(36) ParOldGen: 355610K(458752K)->356826K(458752K)
[16.533s][info ][gc,metaspace   ] GC(36) Metaspace: 67807K(68544K)->67807K(68544K) NonClass: 57911K(58304K)->57911K(58304K) Class: 9895K(10240K)->9895K(10240K)
[16.533s][info ][gc             ] GC(36) Pause Young (Allocation Failure) 1939M->484M(2222M) 75.914ms
[16.533s][info ][gc,cpu         ] GC(36) User=0.30s Sys=0.00s Real=0.08s
[16.533s][info ][safepoint      ] Safepoint "ParallelGCFailedAllocation", Time since last: 261405351 ns, Reaching safepoint: 2155512 ns, At safepoint: 76023122 ns, Total: 78178634 ns
[16.813s][info ][gc,start       ] GC(37) Pause Young (Allocation Failure)
[16.905s][debug][gc,phases      ] GC(37) Scavenge 92.008ms
[16.905s][debug][gc,ref         ] GC(37) Skipped phase 1 of Reference Processing: no references
[16.905s][debug][gc,ref         ] GC(37) ReferenceProcessor::execute queues: 1, RefProcThreadModel::Single, marks_oops_alive: false
[16.905s][debug][gc,ref         ] GC(37) Skipped phase 3 of Reference Processing: no references
[16.905s][debug][gc,ref         ] GC(37) ReferenceProcessor::execute queues: 1, RefProcThreadModel::Single, marks_oops_alive: false
[16.905s][debug][gc,phases      ] GC(37) Reference Processing 0.162ms
[16.905s][debug][gc,phases      ] GC(37)   VM Weak                        Min:  0.0, Avg:  0.0, Max:  0.0, Diff:  0.0, Sum:  0.0, Workers: 4
[16.905s][debug][gc,phases      ] GC(37)     Dead                           Min: 0, Avg:  0.0, Max: 0, Diff: 0, Sum: 0, Workers: 4
[16.906s][debug][gc,phases      ] GC(37)     Total                          Min: 0, Avg: 146.2, Max: 576, Diff: 576, Sum: 585, Workers: 4
[16.906s][debug][gc,phases      ] GC(37)   ObjectSynchronizer Weak        Min:  0.0, Avg:  0.0, Max:  0.0, Diff:  0.0, Sum:  0.0, Workers: 4
[16.906s][debug][gc,phases      ] GC(37)     Dead                           Min: 0, Avg:  0.0, Max: 0, Diff: 0, Sum: 0, Workers: 4
[16.906s][debug][gc,phases      ] GC(37)     Total                          Min: 64, Avg: 116.0, Max: 192, Diff: 128, Sum: 464, Workers: 4
[16.906s][debug][gc,phases      ] GC(37)   JVMTI Tag Weak OopStorage      Min:  0.0, Avg:  0.0, Max:  0.0, Diff:  0.0, Sum:  0.0, Workers: 4
[16.906s][debug][gc,phases      ] GC(37)     Dead                           Min: 0, Avg:  0.0, Max: 0, Diff: 0, Sum: 0, Workers: 4
[16.906s][debug][gc,phases      ] GC(37)     Total                          Min: 0, Avg:  0.0, Max: 0, Diff: 0, Sum: 0, Workers: 4
[16.906s][debug][gc,phases      ] GC(37)   StringTable Weak               Min:  0.1, Avg:  0.1, Max:  0.1, Diff:  0.0, Sum:  0.4, Workers: 4
[16.906s][debug][gc,phases      ] GC(37)     Dead                           Min: 0, Avg:  2.8, Max: 11, Diff: 11, Sum: 11, Workers: 4
[16.906s][debug][gc,phases      ] GC(37)     Total                          Min: 9464, Avg: 10668.5, Max: 13248, Diff: 3784, Sum: 42674, Workers: 4
[16.906s][debug][gc,phases      ] GC(37)   ResolvedMethodTable Weak       Min:  0.0, Avg:  0.0, Max:  0.0, Diff:  0.0, Sum:  0.1, Workers: 4
[16.906s][debug][gc,phases      ] GC(37)     Dead                           Min: 0, Avg:  0.0, Max: 0, Diff: 0, Sum: 0, Workers: 4
[16.906s][debug][gc,phases      ] GC(37)     Total                          Min: 1472, Avg: 1752.5, Max: 2211, Diff: 739, Sum: 7010, Workers: 4
[16.906s][debug][gc,phases      ] GC(37)   JNI Weak                       Min:  0.0, Avg:  0.0, Max:  0.0, Diff:  0.0, Sum:  0.0, Workers: 4
[16.906s][debug][gc,phases      ] GC(37)     Dead                           Min: 0, Avg:  0.0, Max: 0, Diff: 0, Sum: 0, Workers: 4
[16.906s][debug][gc,phases      ] GC(37)     Total                          Min: 0, Avg:  3.5, Max: 14, Diff: 14, Sum: 14, Workers: 4
[16.906s][debug][gc,phases      ] GC(37)   StringDedup Table Weak         Min:  0.0, Avg:  0.0, Max:  0.0, Diff:  0.0, Sum:  0.0, Workers: 4
[16.906s][debug][gc,phases      ] GC(37)     Dead                           Min: 0, Avg:  0.0, Max: 0, Diff: 0, Sum: 0, Workers: 4
[16.906s][debug][gc,phases      ] GC(37)     Total                          Min: 0, Avg:  0.0, Max: 0, Diff: 0, Sum: 0, Workers: 4
[16.906s][debug][gc,phases      ] GC(37)   StringDedup Requests0 Weak     Min:  0.0, Avg:  0.0, Max:  0.0, Diff:  0.0, Sum:  0.0, Workers: 4
[16.906s][debug][gc,phases      ] GC(37)     Dead                           Min: 0, Avg:  0.0, Max: 0, Diff: 0, Sum: 0, Workers: 4
[16.906s][debug][gc,phases      ] GC(37)     Total                          Min: 0, Avg:  0.0, Max: 0, Diff: 0, Sum: 0, Workers: 4
[16.906s][debug][gc,phases      ] GC(37)   StringDedup Requests1 Weak     Min:  0.0, Avg:  0.0, Max:  0.0, Diff:  0.0, Sum:  0.0, Workers: 4
[16.906s][debug][gc,phases      ] GC(37)     Dead                           Min: 0, Avg:  0.0, Max: 0, Diff: 0, Sum: 0, Workers: 4
[16.906s][debug][gc,phases      ] GC(37)     Total                          Min: 0, Avg:  0.0, Max: 0, Diff: 0, Sum: 0, Workers: 4
[16.906s][debug][gc,phases      ] GC(37)   Weak JFR Old Object Samples    Min:  0.0, Avg:  0.0, Max:  0.0, Diff:  0.0, Sum:  0.0, Workers: 4
[16.906s][debug][gc,phases      ] GC(37)     Dead                           Min: 0, Avg:  0.0, Max: 0, Diff: 0, Sum: 0, Workers: 4
[16.906s][debug][gc,phases      ] GC(37)     Total                          Min: 0, Avg:  0.0, Max: 0, Diff: 0, Sum: 0, Workers: 4
[16.906s][debug][gc,phases      ] GC(37) Weak Processing 0.290ms
[16.906s][debug][gc,age         ] GC(37) Desired survivor size 272629760 bytes, new threshold 15 (max threshold 15)
[16.906s][info ][gc,heap        ] GC(37) PSYoungGen: 1662752K(1817088K)->134480K(1803776K) Eden: 1523712K(1523712K)->0K(1523712K) From: 139040K(293376K)->134480K(280064K)
[16.906s][info ][gc,heap        ] GC(37) ParOldGen: 356826K(458752K)->356994K(458752K)
[16.906s][info ][gc,metaspace   ] GC(37) Metaspace: 67830K(68608K)->67830K(68608K) NonClass: 57934K(58368K)->57934K(58368K) Class: 9895K(10240K)->9895K(10240K)
[16.906s][info ][gc             ] GC(37) Pause Young (Allocation Failure) 1972M->479M(2209M) 92.578ms
[16.906s][info ][gc,cpu         ] GC(37) User=0.37s Sys=0.00s Real=0.09s
[16.906s][info ][safepoint      ] Safepoint "ParallelGCFailedAllocation", Time since last: 279776953 ns, Reaching safepoint: 163501 ns, At safepoint: 92681914 ns, Total: 92845415 ns
[17.229s][info ][gc,start       ] GC(38) Pause Young (Allocation Failure)
[17.331s][debug][gc,phases      ] GC(38) Scavenge 102.040ms
[17.331s][debug][gc,ref         ] GC(38) Skipped phase 1 of Reference Processing: no references
[17.332s][debug][gc,ref         ] GC(38) ReferenceProcessor::execute queues: 1, RefProcThreadModel::Single, marks_oops_alive: false
[17.332s][debug][gc,ref         ] GC(38) Skipped phase 3 of Reference Processing: no references
[17.332s][debug][gc,ref         ] GC(38) ReferenceProcessor::execute queues: 1, RefProcThreadModel::Single, marks_oops_alive: false
[17.332s][debug][gc,phases      ] GC(38) Reference Processing 0.153ms
[17.332s][debug][gc,phases      ] GC(38)   VM Weak                        Min:  0.0, Avg:  0.0, Max:  0.0, Diff:  0.0, Sum:  0.0, Workers: 4
[17.332s][debug][gc,phases      ] GC(38)     Dead                           Min: 0, Avg:  0.0, Max: 0, Diff: 0, Sum: 0, Workers: 4
[17.332s][debug][gc,phases      ] GC(38)     Total                          Min: 0, Avg: 146.5, Max: 458, Diff: 458, Sum: 586, Workers: 4
[17.332s][debug][gc,phases      ] GC(38)   ObjectSynchronizer Weak        Min:  0.0, Avg:  0.0, Max:  0.0, Diff:  0.0, Sum:  0.0, Workers: 4
[17.332s][debug][gc,phases      ] GC(38)     Dead                           Min: 0, Avg:  0.0, Max: 0, Diff: 0, Sum: 0, Workers: 4
[17.332s][debug][gc,phases      ] GC(38)     Total                          Min: 0, Avg: 116.0, Max: 256, Diff: 256, Sum: 464, Workers: 4
[17.332s][debug][gc,phases      ] GC(38)   JVMTI Tag Weak OopStorage      Min:  0.0, Avg:  0.0, Max:  0.0, Diff:  0.0, Sum:  0.0, Workers: 4
[17.332s][debug][gc,phases      ] GC(38)     Dead                           Min: 0, Avg:  0.0, Max: 0, Diff: 0, Sum: 0, Workers: 4
[17.332s][debug][gc,phases      ] GC(38)     Total                          Min: 0, Avg:  0.0, Max: 0, Diff: 0, Sum: 0, Workers: 4
[17.332s][debug][gc,phases      ] GC(38)   StringTable Weak               Min:  0.1, Avg:  0.1, Max:  0.1, Diff:  0.0, Sum:  0.4, Workers: 4
[17.332s][debug][gc,phases      ] GC(38)     Dead                           Min: 0, Avg:  0.2, Max: 1, Diff: 1, Sum: 1, Workers: 4
[17.332s][debug][gc,phases      ] GC(38)     Total                          Min: 8192, Avg: 10686.5, Max: 13184, Diff: 4992, Sum: 42746, Workers: 4
[17.332s][debug][gc,phases      ] GC(38)   ResolvedMethodTable Weak       Min:  0.0, Avg:  0.0, Max:  0.0, Diff:  0.0, Sum:  0.1, Workers: 4
[17.332s][debug][gc,phases      ] GC(38)     Dead                           Min: 0, Avg:  0.0, Max: 0, Diff: 0, Sum: 0, Workers: 4
[17.332s][debug][gc,phases      ] GC(38)     Total                          Min: 1408, Avg: 1778.8, Max: 2060, Diff: 652, Sum: 7115, Workers: 4
[17.332s][debug][gc,phases      ] GC(38)   JNI Weak                       Min:  0.0, Avg:  0.0, Max:  0.0, Diff:  0.0, Sum:  0.0, Workers: 4
[17.332s][debug][gc,phases      ] GC(38)     Dead                           Min: 0, Avg:  0.0, Max: 0, Diff: 0, Sum: 0, Workers: 4
[17.332s][debug][gc,phases      ] GC(38)     Total                          Min: 0, Avg:  1.5, Max: 6, Diff: 6, Sum: 6, Workers: 4
[17.332s][debug][gc,phases      ] GC(38)   StringDedup Table Weak         Min:  0.0, Avg:  0.0, Max:  0.0, Diff:  0.0, Sum:  0.0, Workers: 4
[17.332s][debug][gc,phases      ] GC(38)     Dead                           Min: 0, Avg:  0.0, Max: 0, Diff: 0, Sum: 0, Workers: 4
[17.332s][debug][gc,phases      ] GC(38)     Total                          Min: 0, Avg:  0.0, Max: 0, Diff: 0, Sum: 0, Workers: 4
[17.332s][debug][gc,phases      ] GC(38)   StringDedup Requests0 Weak     Min:  0.0, Avg:  0.0, Max:  0.0, Diff:  0.0, Sum:  0.0, Workers: 4
[17.332s][debug][gc,phases      ] GC(38)     Dead                           Min: 0, Avg:  0.0, Max: 0, Diff: 0, Sum: 0, Workers: 4
[17.332s][debug][gc,phases      ] GC(38)     Total                          Min: 0, Avg:  0.0, Max: 0, Diff: 0, Sum: 0, Workers: 4
[17.332s][debug][gc,phases      ] GC(38)   StringDedup Requests1 Weak     Min:  0.0, Avg:  0.0, Max:  0.0, Diff:  0.0, Sum:  0.0, Workers: 4
[17.332s][debug][gc,phases      ] GC(38)     Dead                           Min: 0, Avg:  0.0, Max: 0, Diff: 0, Sum: 0, Workers: 4
[17.332s][debug][gc,phases      ] GC(38)     Total                          Min: 0, Avg:  0.0, Max: 0, Diff: 0, Sum: 0, Workers: 4
[17.332s][debug][gc,phases      ] GC(38)   Weak JFR Old Object Samples    Min:  0.0, Avg:  0.0, Max:  0.0, Diff:  0.0, Sum:  0.0, Workers: 4
[17.332s][debug][gc,phases      ] GC(38)     Dead                           Min: 0, Avg:  0.0, Max: 0, Diff: 0, Sum: 0, Workers: 4
[17.332s][debug][gc,phases      ] GC(38)     Total                          Min: 0, Avg:  0.0, Max: 0, Diff: 0, Sum: 0, Workers: 4
[17.332s][debug][gc,phases      ] GC(38) Weak Processing 0.270ms
[17.332s][debug][gc,age         ] GC(38) Desired survivor size 260046848 bytes, new threshold 15 (max threshold 15)
[17.332s][info ][gc,heap        ] GC(38) PSYoungGen: 1658192K(1803776K)->126816K(1843200K) Eden: 1523712K(1523712K)->0K(1576960K) From: 134480K(280064K)->126816K(266240K)
[17.332s][info ][gc,heap        ] GC(38) ParOldGen: 356994K(458752K)->357198K(458752K)
[17.332s][info ][gc,metaspace   ] GC(38) Metaspace: 68009K(68800K)->68009K(68800K) NonClass: 58066K(58496K)->58066K(58496K) Class: 9943K(10304K)->9943K(10304K)
[17.332s][info ][gc             ] GC(38) Pause Young (Allocation Failure) 1967M->472M(2248M) 102.601ms
[17.332s][info ][gc,cpu         ] GC(38) User=0.45s Sys=0.00s Real=0.10s
[17.332s][info ][safepoint      ] Safepoint "ParallelGCFailedAllocation", Time since last: 323408295 ns, Reaching safepoint: 179801 ns, At safepoint: 102723970 ns, Total: 102903771 ns
[17.676s][info ][gc,start       ] GC(39) Pause Young (Allocation Failure)
[17.756s][debug][gc,phases      ] GC(39) Scavenge 80.187ms
[17.756s][debug][gc,ref         ] GC(39) Skipped phase 1 of Reference Processing: no references
[17.756s][debug][gc,ref         ] GC(39) ReferenceProcessor::execute queues: 1, RefProcThreadModel::Single, marks_oops_alive: false
[17.756s][debug][gc,ref         ] GC(39) Skipped phase 3 of Reference Processing: no references
[17.756s][debug][gc,ref         ] GC(39) ReferenceProcessor::execute queues: 1, RefProcThreadModel::Single, marks_oops_alive: false
[17.756s][debug][gc,phases      ] GC(39) Reference Processing 0.143ms
[17.756s][debug][gc,phases      ] GC(39)   VM Weak                        Min:  0.0, Avg:  0.0, Max:  0.0, Diff:  0.0, Sum:  0.0, Workers: 4
[17.756s][debug][gc,phases      ] GC(39)     Dead                           Min: 0, Avg:  0.0, Max: 0, Diff: 0, Sum: 0, Workers: 4
[17.756s][debug][gc,phases      ] GC(39)     Total                          Min: 0, Avg: 146.5, Max: 394, Diff: 394, Sum: 586, Workers: 4
[17.756s][debug][gc,phases      ] GC(39)   ObjectSynchronizer Weak        Min:  0.0, Avg:  0.0, Max:  0.0, Diff:  0.0, Sum:  0.0, Workers: 4
[17.756s][debug][gc,phases      ] GC(39)     Dead                           Min: 0, Avg:  0.0, Max: 0, Diff: 0, Sum: 0, Workers: 4
[17.756s][debug][gc,phases      ] GC(39)     Total                          Min: 0, Avg: 116.0, Max: 256, Diff: 256, Sum: 464, Workers: 4
[17.756s][debug][gc,phases      ] GC(39)   JVMTI Tag Weak OopStorage      Min:  0.0, Avg:  0.0, Max:  0.0, Diff:  0.0, Sum:  0.0, Workers: 4
[17.756s][debug][gc,phases      ] GC(39)     Dead                           Min: 0, Avg:  0.0, Max: 0, Diff: 0, Sum: 0, Workers: 4
[17.756s][debug][gc,phases      ] GC(39)     Total                          Min: 0, Avg:  0.0, Max: 0, Diff: 0, Sum: 0, Workers: 4
[17.756s][debug][gc,phases      ] GC(39)   StringTable Weak               Min:  0.1, Avg:  0.1, Max:  0.1, Diff:  0.0, Sum:  0.3, Workers: 4
[17.756s][debug][gc,phases      ] GC(39)     Dead                           Min: 0, Avg:  2.8, Max: 7, Diff: 7, Sum: 11, Workers: 4
[17.756s][debug][gc,phases      ] GC(39)     Total                          Min: 10176, Avg: 10687.8, Max: 11008, Diff: 832, Sum: 42751, Workers: 4
[17.756s][debug][gc,phases      ] GC(39)   ResolvedMethodTable Weak       Min:  0.0, Avg:  0.0, Max:  0.0, Diff:  0.0, Sum:  0.1, Workers: 4
[17.756s][debug][gc,phases      ] GC(39)     Dead                           Min: 0, Avg:  0.0, Max: 0, Diff: 0, Sum: 0, Workers: 4
[17.756s][debug][gc,phases      ] GC(39)     Total                          Min: 1280, Avg: 1779.8, Max: 2127, Diff: 847, Sum: 7119, Workers: 4
[17.756s][debug][gc,phases      ] GC(39)   JNI Weak                       Min:  0.0, Avg:  0.0, Max:  0.0, Diff:  0.0, Sum:  0.0, Workers: 4
[17.756s][debug][gc,phases      ] GC(39)     Dead                           Min: 0, Avg:  0.0, Max: 0, Diff: 0, Sum: 0, Workers: 4
[17.756s][debug][gc,phases      ] GC(39)     Total                          Min: 0, Avg:  3.0, Max: 12, Diff: 12, Sum: 12, Workers: 4
[17.756s][debug][gc,phases      ] GC(39)   StringDedup Table Weak         Min:  0.0, Avg:  0.0, Max:  0.0, Diff:  0.0, Sum:  0.0, Workers: 4
[17.756s][debug][gc,phases      ] GC(39)     Dead                           Min: 0, Avg:  0.0, Max: 0, Diff: 0, Sum: 0, Workers: 4
[17.756s][debug][gc,phases      ] GC(39)     Total                          Min: 0, Avg:  0.0, Max: 0, Diff: 0, Sum: 0, Workers: 4
[17.756s][debug][gc,phases      ] GC(39)   StringDedup Requests0 Weak     Min:  0.0, Avg:  0.0, Max:  0.0, Diff:  0.0, Sum:  0.0, Workers: 4
[17.756s][debug][gc,phases      ] GC(39)     Dead                           Min: 0, Avg:  0.0, Max: 0, Diff: 0, Sum: 0, Workers: 4
[17.756s][debug][gc,phases      ] GC(39)     Total                          Min: 0, Avg:  0.0, Max: 0, Diff: 0, Sum: 0, Workers: 4
[17.756s][debug][gc,phases      ] GC(39)   StringDedup Requests1 Weak     Min:  0.0, Avg:  0.0, Max:  0.0, Diff:  0.0, Sum:  0.0, Workers: 4
[17.756s][debug][gc,phases      ] GC(39)     Dead                           Min: 0, Avg:  0.0, Max: 0, Diff: 0, Sum: 0, Workers: 4
[17.756s][debug][gc,phases      ] GC(39)     Total                          Min: 0, Avg:  0.0, Max: 0, Diff: 0, Sum: 0, Workers: 4
[17.756s][debug][gc,phases      ] GC(39)   Weak JFR Old Object Samples    Min:  0.0, Avg:  0.0, Max:  0.0, Diff:  0.0, Sum:  0.0, Workers: 4
[17.756s][debug][gc,phases      ] GC(39)     Dead                           Min: 0, Avg:  0.0, Max: 0, Diff: 0, Sum: 0, Workers: 4
[17.756s][debug][gc,phases      ] GC(39)     Total                          Min: 0, Avg:  0.0, Max: 0, Diff: 0, Sum: 0, Workers: 4
[17.756s][debug][gc,phases      ] GC(39) Weak Processing 0.238ms
[17.756s][debug][gc,age         ] GC(39) Desired survivor size 248512512 bytes, new threshold 15 (max threshold 15)
[17.756s][info ][gc,heap        ] GC(39) PSYoungGen: 1703776K(1843200K)->125168K(1830912K) Eden: 1576960K(1576960K)->0K(1576960K) From: 126816K(266240K)->125168K(253952K)
[17.756s][info ][gc,heap        ] GC(39) ParOldGen: 357198K(458752K)->357990K(458752K)
[17.756s][info ][gc,metaspace   ] GC(39) Metaspace: 68044K(68800K)->68044K(68800K) NonClass: 58100K(58496K)->58100K(58496K) Class: 9944K(10304K)->9944K(10304K)
[17.756s][info ][gc             ] GC(39) Pause Young (Allocation Failure) 2012M->471M(2236M) 80.678ms
[17.756s][info ][gc,cpu         ] GC(39) User=0.33s Sys=0.00s Real=0.08s
[17.756s][info ][safepoint      ] Safepoint "ParallelGCFailedAllocation", Time since last: 343330306 ns, Reaching safepoint: 164001 ns, At safepoint: 80765548 ns, Total: 80929549 ns
[17.987s][info ][safepoint      ] Safepoint "ICBufferFull", Time since last: 230187277 ns, Reaching safepoint: 144101 ns, At safepoint: 28100 ns, Total: 172201 ns
[18.029s][info ][safepoint      ] Safepoint "ICBufferFull", Time since last: 41832732 ns, Reaching safepoint: 121701 ns, At safepoint: 27800 ns, Total: 149501 ns
[18.054s][info ][gc,start       ] GC(40) Pause Young (Allocation Failure)
[18.106s][debug][gc,phases      ] GC(40) Scavenge 51.825ms
[18.106s][debug][gc,ref         ] GC(40) Skipped phase 1 of Reference Processing: no references
[18.106s][debug][gc,ref         ] GC(40) ReferenceProcessor::execute queues: 1, RefProcThreadModel::Single, marks_oops_alive: false
[18.106s][debug][gc,ref         ] GC(40) Skipped phase 3 of Reference Processing: no references
[18.106s][debug][gc,ref         ] GC(40) ReferenceProcessor::execute queues: 1, RefProcThreadModel::Single, marks_oops_alive: false
[18.106s][debug][gc,phases      ] GC(40) Reference Processing 0.140ms
[18.106s][debug][gc,phases      ] GC(40)   VM Weak                        Min:  0.0, Avg:  0.0, Max:  0.0, Diff:  0.0, Sum:  0.0, Workers: 4
[18.106s][debug][gc,phases      ] GC(40)     Dead                           Min: 0, Avg:  0.0, Max: 0, Diff: 0, Sum: 0, Workers: 4
[18.106s][debug][gc,phases      ] GC(40)     Total                          Min: 0, Avg: 146.5, Max: 320, Diff: 320, Sum: 586, Workers: 4
[18.106s][debug][gc,phases      ] GC(40)   ObjectSynchronizer Weak        Min:  0.0, Avg:  0.0, Max:  0.0, Diff:  0.0, Sum:  0.0, Workers: 4
[18.106s][debug][gc,phases      ] GC(40)     Dead                           Min: 0, Avg:  0.0, Max: 0, Diff: 0, Sum: 0, Workers: 4
[18.106s][debug][gc,phases      ] GC(40)     Total                          Min: 0, Avg: 116.0, Max: 192, Diff: 192, Sum: 464, Workers: 4
[18.106s][debug][gc,phases      ] GC(40)   JVMTI Tag Weak OopStorage      Min:  0.0, Avg:  0.0, Max:  0.0, Diff:  0.0, Sum:  0.0, Workers: 4
[18.106s][debug][gc,phases      ] GC(40)     Dead                           Min: 0, Avg:  0.0, Max: 0, Diff: 0, Sum: 0, Workers: 4
[18.106s][debug][gc,phases      ] GC(40)     Total                          Min: 0, Avg:  0.0, Max: 0, Diff: 0, Sum: 0, Workers: 4
[18.106s][debug][gc,phases      ] GC(40)   StringTable Weak               Min:  0.1, Avg:  0.1, Max:  0.1, Diff:  0.0, Sum:  0.3, Workers: 4
[18.106s][debug][gc,phases      ] GC(40)     Dead                           Min: 0, Avg:  2.8, Max: 7, Diff: 7, Sum: 11, Workers: 4
[18.106s][debug][gc,phases      ] GC(40)     Total                          Min: 10112, Avg: 10688.2, Max: 11713, Diff: 1601, Sum: 42753, Workers: 4
[18.106s][debug][gc,phases      ] GC(40)   ResolvedMethodTable Weak       Min:  0.0, Avg:  0.0, Max:  0.0, Diff:  0.0, Sum:  0.1, Workers: 4
[18.106s][debug][gc,phases      ] GC(40)     Dead                           Min: 0, Avg:  0.0, Max: 0, Diff: 0, Sum: 0, Workers: 4
[18.106s][debug][gc,phases      ] GC(40)     Total                          Min: 1600, Avg: 1779.8, Max: 1920, Diff: 320, Sum: 7119, Workers: 4
[18.106s][debug][gc,phases      ] GC(40)   JNI Weak                       Min:  0.0, Avg:  0.0, Max:  0.0, Diff:  0.0, Sum:  0.0, Workers: 4
[18.106s][debug][gc,phases      ] GC(40)     Dead                           Min: 0, Avg:  0.0, Max: 0, Diff: 0, Sum: 0, Workers: 4
[18.106s][debug][gc,phases      ] GC(40)     Total                          Min: 0, Avg:  0.5, Max: 2, Diff: 2, Sum: 2, Workers: 4
[18.106s][debug][gc,phases      ] GC(40)   StringDedup Table Weak         Min:  0.0, Avg:  0.0, Max:  0.0, Diff:  0.0, Sum:  0.0, Workers: 4
[18.106s][debug][gc,phases      ] GC(40)     Dead                           Min: 0, Avg:  0.0, Max: 0, Diff: 0, Sum: 0, Workers: 4
[18.106s][debug][gc,phases      ] GC(40)     Total                          Min: 0, Avg:  0.0, Max: 0, Diff: 0, Sum: 0, Workers: 4
[18.106s][debug][gc,phases      ] GC(40)   StringDedup Requests0 Weak     Min:  0.0, Avg:  0.0, Max:  0.0, Diff:  0.0, Sum:  0.0, Workers: 4
[18.106s][debug][gc,phases      ] GC(40)     Dead                           Min: 0, Avg:  0.0, Max: 0, Diff: 0, Sum: 0, Workers: 4
[18.106s][debug][gc,phases      ] GC(40)     Total                          Min: 0, Avg:  0.0, Max: 0, Diff: 0, Sum: 0, Workers: 4
[18.106s][debug][gc,phases      ] GC(40)   StringDedup Requests1 Weak     Min:  0.0, Avg:  0.0, Max:  0.0, Diff:  0.0, Sum:  0.0, Workers: 4
[18.106s][debug][gc,phases      ] GC(40)     Dead                           Min: 0, Avg:  0.0, Max: 0, Diff: 0, Sum: 0, Workers: 4
[18.106s][debug][gc,phases      ] GC(40)     Total                          Min: 0, Avg:  0.0, Max: 0, Diff: 0, Sum: 0, Workers: 4
[18.106s][debug][gc,phases      ] GC(40)   Weak JFR Old Object Samples    Min:  0.0, Avg:  0.0, Max:  0.0, Diff:  0.0, Sum:  0.0, Workers: 4
[18.106s][debug][gc,phases      ] GC(40)     Dead                           Min: 0, Avg:  0.0, Max: 0, Diff: 0, Sum: 0, Workers: 4
[18.106s][debug][gc,phases      ] GC(40)     Total                          Min: 0, Avg:  0.0, Max: 0, Diff: 0, Sum: 0, Workers: 4
[18.106s][debug][gc,phases      ] GC(40) Weak Processing 0.242ms
[18.106s][debug][gc,age         ] GC(40) Desired survivor size 238026752 bytes, new threshold 15 (max threshold 15)
[18.106s][info ][gc,heap        ] GC(40) PSYoungGen: 1702128K(1830912K)->124832K(1864704K) Eden: 1576960K(1576960K)->0K(1622016K) From: 125168K(253952K)->124832K(242688K)
[18.106s][info ][gc,heap        ] GC(40) ParOldGen: 357990K(458752K)->360546K(458752K)
[18.106s][info ][gc,metaspace   ] GC(40) Metaspace: 68071K(68800K)->68071K(68800K) NonClass: 58126K(58496K)->58126K(58496K) Class: 9944K(10304K)->9944K(10304K)
[18.106s][info ][gc             ] GC(40) Pause Young (Allocation Failure) 2011M->474M(2269M) 52.321ms
[18.106s][info ][gc,cpu         ] GC(40) User=0.21s Sys=0.00s Real=0.05s
[18.106s][info ][safepoint      ] Safepoint "ParallelGCFailedAllocation", Time since last: 20972816 ns, Reaching safepoint: 4234324 ns, At safepoint: 52419091 ns, Total: 56653415 ns
[18.167s][info ][safepoint      ] Safepoint "ICBufferFull", Time since last: 60858837 ns, Reaching safepoint: 89201 ns, At safepoint: 25900 ns, Total: 115101 ns
[18.329s][info ][safepoint      ] Safepoint "ICBufferFull", Time since last: 161461896 ns, Reaching safepoint: 137800 ns, At safepoint: 27901 ns, Total: 165701 ns
[18.357s][info ][safepoint      ] Safepoint "ICBufferFull", Time since last: 27804154 ns, Reaching safepoint: 116101 ns, At safepoint: 38600 ns, Total: 154701 ns
[18.396s][info ][safepoint      ] Safepoint "ICBufferFull", Time since last: 39382518 ns, Reaching safepoint: 106101 ns, At safepoint: 25400 ns, Total: 131501 ns
[18.431s][info ][gc,start       ] GC(41) Pause Young (Allocation Failure)
[18.493s][debug][gc,phases      ] GC(41) Scavenge 62.550ms
[18.493s][debug][gc,ref         ] GC(41) Skipped phase 1 of Reference Processing: no references
[18.493s][debug][gc,ref         ] GC(41) ReferenceProcessor::execute queues: 1, RefProcThreadModel::Single, marks_oops_alive: false
[18.494s][debug][gc,ref         ] GC(41) Skipped phase 3 of Reference Processing: no references
[18.494s][debug][gc,ref         ] GC(41) ReferenceProcessor::execute queues: 1, RefProcThreadModel::Single, marks_oops_alive: false
[18.494s][debug][gc,phases      ] GC(41) Reference Processing 0.146ms
[18.494s][debug][gc,phases      ] GC(41)   VM Weak                        Min:  0.0, Avg:  0.0, Max:  0.0, Diff:  0.0, Sum:  0.0, Workers: 4
[18.494s][debug][gc,phases      ] GC(41)     Dead                           Min: 0, Avg:  0.0, Max: 0, Diff: 0, Sum: 0, Workers: 4
[18.494s][debug][gc,phases      ] GC(41)     Total                          Min: 0, Avg: 146.5, Max: 586, Diff: 586, Sum: 586, Workers: 4
[18.494s][debug][gc,phases      ] GC(41)   ObjectSynchronizer Weak        Min:  0.0, Avg:  0.0, Max:  0.0, Diff:  0.0, Sum:  0.0, Workers: 4
[18.494s][debug][gc,phases      ] GC(41)     Dead                           Min: 0, Avg:  0.0, Max: 0, Diff: 0, Sum: 0, Workers: 4
[18.494s][debug][gc,phases      ] GC(41)     Total                          Min: 0, Avg: 116.0, Max: 272, Diff: 272, Sum: 464, Workers: 4
[18.494s][debug][gc,phases      ] GC(41)   JVMTI Tag Weak OopStorage      Min:  0.0, Avg:  0.0, Max:  0.0, Diff:  0.0, Sum:  0.0, Workers: 4
[18.494s][debug][gc,phases      ] GC(41)     Dead                           Min: 0, Avg:  0.0, Max: 0, Diff: 0, Sum: 0, Workers: 4
[18.494s][debug][gc,phases      ] GC(41)     Total                          Min: 0, Avg:  0.0, Max: 0, Diff: 0, Sum: 0, Workers: 4
[18.494s][debug][gc,phases      ] GC(41)   StringTable Weak               Min:  0.1, Avg:  0.1, Max:  0.1, Diff:  0.0, Sum:  0.3, Workers: 4
[18.494s][debug][gc,phases      ] GC(41)     Dead                           Min: 0, Avg:  2.8, Max: 11, Diff: 11, Sum: 11, Workers: 4
[18.494s][debug][gc,phases      ] GC(41)     Total                          Min: 8572, Avg: 10690.2, Max: 12736, Diff: 4164, Sum: 42761, Workers: 4
[18.494s][debug][gc,phases      ] GC(41)   ResolvedMethodTable Weak       Min:  0.0, Avg:  0.0, Max:  0.0, Diff:  0.0, Sum:  0.1, Workers: 4
[18.494s][debug][gc,phases      ] GC(41)     Dead                           Min: 0, Avg:  0.0, Max: 0, Diff: 0, Sum: 0, Workers: 4
[18.494s][debug][gc,phases      ] GC(41)     Total                          Min: 1472, Avg: 1779.8, Max: 1999, Diff: 527, Sum: 7119, Workers: 4
[18.494s][debug][gc,phases      ] GC(41)   JNI Weak                       Min:  0.0, Avg:  0.0, Max:  0.0, Diff:  0.0, Sum:  0.0, Workers: 4
[18.494s][debug][gc,phases      ] GC(41)     Dead                           Min: 0, Avg:  0.0, Max: 0, Diff: 0, Sum: 0, Workers: 4
[18.494s][debug][gc,phases      ] GC(41)     Total                          Min: 0, Avg:  2.5, Max: 10, Diff: 10, Sum: 10, Workers: 4
[18.494s][debug][gc,phases      ] GC(41)   StringDedup Table Weak         Min:  0.0, Avg:  0.0, Max:  0.0, Diff:  0.0, Sum:  0.0, Workers: 4
[18.494s][debug][gc,phases      ] GC(41)     Dead                           Min: 0, Avg:  0.0, Max: 0, Diff: 0, Sum: 0, Workers: 4
[18.494s][debug][gc,phases      ] GC(41)     Total                          Min: 0, Avg:  0.0, Max: 0, Diff: 0, Sum: 0, Workers: 4
[18.494s][debug][gc,phases      ] GC(41)   StringDedup Requests0 Weak     Min:  0.0, Avg:  0.0, Max:  0.0, Diff:  0.0, Sum:  0.0, Workers: 4
[18.494s][debug][gc,phases      ] GC(41)     Dead                           Min: 0, Avg:  0.0, Max: 0, Diff: 0, Sum: 0, Workers: 4
[18.494s][debug][gc,phases      ] GC(41)     Total                          Min: 0, Avg:  0.0, Max: 0, Diff: 0, Sum: 0, Workers: 4
[18.494s][debug][gc,phases      ] GC(41)   StringDedup Requests1 Weak     Min:  0.0, Avg:  0.0, Max:  0.0, Diff:  0.0, Sum:  0.0, Workers: 4
[18.494s][debug][gc,phases      ] GC(41)     Dead                           Min: 0, Avg:  0.0, Max: 0, Diff: 0, Sum: 0, Workers: 4
[18.494s][debug][gc,phases      ] GC(41)     Total                          Min: 0, Avg:  0.0, Max: 0, Diff: 0, Sum: 0, Workers: 4
[18.494s][debug][gc,phases      ] GC(41)   Weak JFR Old Object Samples    Min:  0.0, Avg:  0.0, Max:  0.0, Diff:  0.0, Sum:  0.0, Workers: 4
[18.494s][debug][gc,phases      ] GC(41)     Dead                           Min: 0, Avg:  0.0, Max: 0, Diff: 0, Sum: 0, Workers: 4
[18.494s][debug][gc,phases      ] GC(41)     Total                          Min: 0, Avg:  0.0, Max: 0, Diff: 0, Sum: 0, Workers: 4
[18.494s][debug][gc,phases      ] GC(41) Weak Processing 0.249ms
[18.494s][debug][gc,age         ] GC(41) Desired survivor size 229638144 bytes, new threshold 15 (max threshold 15)
[18.494s][info ][gc,heap        ] GC(41) PSYoungGen: 1746848K(1864704K)->120752K(1854464K) Eden: 1622016K(1622016K)->0K(1622016K) From: 124832K(242688K)->120752K(232448K)
[18.494s][info ][gc,heap        ] GC(41) ParOldGen: 360546K(458752K)->363594K(458752K)
[18.494s][info ][gc,metaspace   ] GC(41) Metaspace: 68097K(68864K)->68097K(68864K) NonClass: 58152K(58560K)->58152K(58560K) Class: 9944K(10304K)->9944K(10304K)
[18.494s][info ][gc             ] GC(41) Pause Young (Allocation Failure) 2058M->472M(2259M) 63.061ms
[18.494s][info ][gc,cpu         ] GC(41) User=0.30s Sys=0.00s Real=0.06s
[18.494s][info ][safepoint      ] Safepoint "ParallelGCFailedAllocation", Time since last: 34280290 ns, Reaching safepoint: 114601 ns, At safepoint: 63161250 ns, Total: 63275851 ns
[18.528s][info ][safepoint      ] Safepoint "ICBufferFull", Time since last: 34273890 ns, Reaching safepoint: 198701 ns, At safepoint: 30201 ns, Total: 228902 ns
[18.565s][info ][safepoint      ] Safepoint "ICBufferFull", Time since last: 36221601 ns, Reaching safepoint: 110000 ns, At safepoint: 22600 ns, Total: 132600 ns
[18.642s][info ][safepoint      ] Safepoint "ICBufferFull", Time since last: 77422030 ns, Reaching safepoint: 109000 ns, At safepoint: 24701 ns, Total: 133701 ns
[18.681s][info ][safepoint      ] Safepoint "ICBufferFull", Time since last: 38366012 ns, Reaching safepoint: 115501 ns, At safepoint: 26000 ns, Total: 141501 ns
[18.701s][info ][safepoint      ] Safepoint "ICBufferFull", Time since last: 20284313 ns, Reaching safepoint: 114600 ns, At safepoint: 23000 ns, Total: 137600 ns
[18.737s][info ][safepoint      ] Safepoint "ICBufferFull", Time since last: 35791399 ns, Reaching safepoint: 121601 ns, At safepoint: 26900 ns, Total: 148501 ns
[18.777s][info ][gc,start       ] GC(42) Pause Young (Allocation Failure)
[18.824s][debug][gc,phases      ] GC(42) Scavenge 46.709ms
[18.824s][debug][gc,ref         ] GC(42) Skipped phase 1 of Reference Processing: no references
[18.824s][debug][gc,ref         ] GC(42) ReferenceProcessor::execute queues: 1, RefProcThreadModel::Single, marks_oops_alive: false
[18.824s][debug][gc,ref         ] GC(42) Skipped phase 3 of Reference Processing: no references
[18.824s][debug][gc,ref         ] GC(42) ReferenceProcessor::execute queues: 1, RefProcThreadModel::Single, marks_oops_alive: false
[18.824s][debug][gc,phases      ] GC(42) Reference Processing 0.128ms
[18.824s][debug][gc,phases      ] GC(42)   VM Weak                        Min:  0.0, Avg:  0.0, Max:  0.0, Diff:  0.0, Sum:  0.0, Workers: 4
[18.824s][debug][gc,phases      ] GC(42)     Dead                           Min: 0, Avg:  0.0, Max: 0, Diff: 0, Sum: 0, Workers: 4
[18.824s][debug][gc,phases      ] GC(42)     Total                          Min: 0, Avg: 146.5, Max: 576, Diff: 576, Sum: 586, Workers: 4
[18.824s][debug][gc,phases      ] GC(42)   ObjectSynchronizer Weak        Min:  0.0, Avg:  0.0, Max:  0.0, Diff:  0.0, Sum:  0.0, Workers: 4
[18.824s][debug][gc,phases      ] GC(42)     Dead                           Min: 0, Avg:  0.0, Max: 0, Diff: 0, Sum: 0, Workers: 4
[18.824s][debug][gc,phases      ] GC(42)     Total                          Min: 0, Avg: 116.0, Max: 256, Diff: 256, Sum: 464, Workers: 4
[18.824s][debug][gc,phases      ] GC(42)   JVMTI Tag Weak OopStorage      Min:  0.0, Avg:  0.0, Max:  0.0, Diff:  0.0, Sum:  0.0, Workers: 4
[18.824s][debug][gc,phases      ] GC(42)     Dead                           Min: 0, Avg:  0.0, Max: 0, Diff: 0, Sum: 0, Workers: 4
[18.824s][debug][gc,phases      ] GC(42)     Total                          Min: 0, Avg:  0.0, Max: 0, Diff: 0, Sum: 0, Workers: 4
[18.824s][debug][gc,phases      ] GC(42)   StringTable Weak               Min:  0.1, Avg:  0.1, Max:  0.1, Diff:  0.0, Sum:  0.3, Workers: 4
[18.824s][debug][gc,phases      ] GC(42)     Dead                           Min: 0, Avg:  0.0, Max: 0, Diff: 0, Sum: 0, Workers: 4
[18.824s][debug][gc,phases      ] GC(42)     Total                          Min: 7737, Avg: 10690.2, Max: 12352, Diff: 4615, Sum: 42761, Workers: 4
[18.824s][debug][gc,phases      ] GC(42)   ResolvedMethodTable Weak       Min:  0.0, Avg:  0.0, Max:  0.0, Diff:  0.0, Sum:  0.1, Workers: 4
[18.824s][debug][gc,phases      ] GC(42)     Dead                           Min: 0, Avg:  0.0, Max: 0, Diff: 0, Sum: 0, Workers: 4
[18.824s][debug][gc,phases      ] GC(42)     Total                          Min: 1344, Avg: 1779.8, Max: 1984, Diff: 640, Sum: 7119, Workers: 4
[18.824s][debug][gc,phases      ] GC(42)   JNI Weak                       Min:  0.0, Avg:  0.0, Max:  0.0, Diff:  0.0, Sum:  0.0, Workers: 4
[18.824s][debug][gc,phases      ] GC(42)     Dead                           Min: 0, Avg:  0.0, Max: 0, Diff: 0, Sum: 0, Workers: 4
[18.824s][debug][gc,phases      ] GC(42)     Total                          Min: 0, Avg:  3.0, Max: 12, Diff: 12, Sum: 12, Workers: 4
[18.824s][debug][gc,phases      ] GC(42)   StringDedup Table Weak         Min:  0.0, Avg:  0.0, Max:  0.0, Diff:  0.0, Sum:  0.0, Workers: 4
[18.824s][debug][gc,phases      ] GC(42)     Dead                           Min: 0, Avg:  0.0, Max: 0, Diff: 0, Sum: 0, Workers: 4
[18.824s][debug][gc,phases      ] GC(42)     Total                          Min: 0, Avg:  0.0, Max: 0, Diff: 0, Sum: 0, Workers: 4
[18.824s][debug][gc,phases      ] GC(42)   StringDedup Requests0 Weak     Min:  0.0, Avg:  0.0, Max:  0.0, Diff:  0.0, Sum:  0.0, Workers: 4
[18.824s][debug][gc,phases      ] GC(42)     Dead                           Min: 0, Avg:  0.0, Max: 0, Diff: 0, Sum: 0, Workers: 4
[18.824s][debug][gc,phases      ] GC(42)     Total                          Min: 0, Avg:  0.0, Max: 0, Diff: 0, Sum: 0, Workers: 4
[18.824s][debug][gc,phases      ] GC(42)   StringDedup Requests1 Weak     Min:  0.0, Avg:  0.0, Max:  0.0, Diff:  0.0, Sum:  0.0, Workers: 4
[18.824s][debug][gc,phases      ] GC(42)     Dead                           Min: 0, Avg:  0.0, Max: 0, Diff: 0, Sum: 0, Workers: 4
[18.824s][debug][gc,phases      ] GC(42)     Total                          Min: 0, Avg:  0.0, Max: 0, Diff: 0, Sum: 0, Workers: 4
[18.824s][debug][gc,phases      ] GC(42)   Weak JFR Old Object Samples    Min:  0.0, Avg:  0.0, Max:  0.0, Diff:  0.0, Sum:  0.0, Workers: 4
[18.824s][debug][gc,phases      ] GC(42)     Dead                           Min: 0, Avg:  0.0, Max: 0, Diff: 0, Sum: 0, Workers: 4
[18.824s][debug][gc,phases      ] GC(42)     Total                          Min: 0, Avg:  0.0, Max: 0, Diff: 0, Sum: 0, Workers: 4
[18.824s][debug][gc,phases      ] GC(42) Weak Processing 0.243ms
[18.824s][debug][gc,age         ] GC(42) Desired survivor size 228589568 bytes, new threshold 15 (max threshold 15)
[18.824s][info ][gc,heap        ] GC(42) PSYoungGen: 1742768K(1854464K)->80080K(1873920K) Eden: 1622016K(1622016K)->0K(1649664K) From: 120752K(232448K)->80080K(224256K)
[18.824s][info ][gc,heap        ] GC(42) ParOldGen: 363594K(458752K)->403606K(458752K)
[18.824s][info ][gc,metaspace   ] GC(42) Metaspace: 68108K(68864K)->68108K(68864K) NonClass: 58163K(58560K)->58163K(58560K) Class: 9944K(10304K)->9944K(10304K)
[18.825s][info ][gc             ] GC(42) Pause Young (Allocation Failure) 2056M->472M(2278M) 47.204ms
[18.825s][info ][gc,cpu         ] GC(42) User=0.16s Sys=0.02s Real=0.05s
[18.825s][info ][safepoint      ] Safepoint "ParallelGCFailedAllocation", Time since last: 36912505 ns, Reaching safepoint: 3168117 ns, At safepoint: 47312663 ns, Total: 50480780 ns
[18.913s][info ][safepoint      ] Safepoint "ICBufferFull", Time since last: 88162489 ns, Reaching safepoint: 115100 ns, At safepoint: 21200 ns, Total: 136300 ns
[18.946s][info ][safepoint      ] Safepoint "ICBufferFull", Time since last: 33336385 ns, Reaching safepoint: 118501 ns, At safepoint: 22100 ns, Total: 140601 ns
[18.971s][info ][safepoint      ] Safepoint "ICBufferFull", Time since last: 24440135 ns, Reaching safepoint: 108001 ns, At safepoint: 22900 ns, Total: 130901 ns
[19.086s][info ][safepoint      ] Safepoint "ICBufferFull", Time since last: 114614036 ns, Reaching safepoint: 111701 ns, At safepoint: 23000 ns, Total: 134701 ns
[19.127s][info ][safepoint      ] Safepoint "ICBufferFull", Time since last: 41614130 ns, Reaching safepoint: 117001 ns, At safepoint: 24500 ns, Total: 141501 ns
[19.139s][info ][gc,start       ] GC(43) Pause Young (Allocation Failure)
[19.174s][debug][gc,phases      ] GC(43) Scavenge 34.902ms
[19.174s][debug][gc,ref         ] GC(43) Skipped phase 1 of Reference Processing: no references
[19.174s][debug][gc,ref         ] GC(43) ReferenceProcessor::execute queues: 1, RefProcThreadModel::Single, marks_oops_alive: false
[19.174s][debug][gc,ref         ] GC(43) Skipped phase 3 of Reference Processing: no references
[19.174s][debug][gc,ref         ] GC(43) ReferenceProcessor::execute queues: 1, RefProcThreadModel::Single, marks_oops_alive: false
[19.174s][debug][gc,phases      ] GC(43) Reference Processing 0.122ms
[19.174s][debug][gc,phases      ] GC(43)   VM Weak                        Min:  0.0, Avg:  0.0, Max:  0.0, Diff:  0.0, Sum:  0.0, Workers: 4
[19.174s][debug][gc,phases      ] GC(43)     Dead                           Min: 0, Avg:  0.0, Max: 0, Diff: 0, Sum: 0, Workers: 4
[19.174s][debug][gc,phases      ] GC(43)     Total                          Min: 0, Avg: 146.5, Max: 522, Diff: 522, Sum: 586, Workers: 4
[19.174s][debug][gc,phases      ] GC(43)   ObjectSynchronizer Weak        Min:  0.0, Avg:  0.0, Max:  0.0, Diff:  0.0, Sum:  0.0, Workers: 4
[19.174s][debug][gc,phases      ] GC(43)     Dead                           Min: 0, Avg:  0.0, Max: 0, Diff: 0, Sum: 0, Workers: 4
[19.174s][debug][gc,phases      ] GC(43)     Total                          Min: 0, Avg: 116.0, Max: 272, Diff: 272, Sum: 464, Workers: 4
[19.174s][debug][gc,phases      ] GC(43)   JVMTI Tag Weak OopStorage      Min:  0.0, Avg:  0.0, Max:  0.0, Diff:  0.0, Sum:  0.0, Workers: 4
[19.174s][debug][gc,phases      ] GC(43)     Dead                           Min: 0, Avg:  0.0, Max: 0, Diff: 0, Sum: 0, Workers: 4
[19.174s][debug][gc,phases      ] GC(43)     Total                          Min: 0, Avg:  0.0, Max: 0, Diff: 0, Sum: 0, Workers: 4
[19.174s][debug][gc,phases      ] GC(43)   StringTable Weak               Min:  0.1, Avg:  0.1, Max:  0.1, Diff:  0.0, Sum:  0.3, Workers: 4
[19.174s][debug][gc,phases      ] GC(43)     Dead                           Min: 0, Avg:  2.8, Max: 7, Diff: 7, Sum: 11, Workers: 4
[19.174s][debug][gc,phases      ] GC(43)     Total                          Min: 8768, Avg: 10690.8, Max: 12608, Diff: 3840, Sum: 42763, Workers: 4
[19.174s][debug][gc,phases      ] GC(43)   ResolvedMethodTable Weak       Min:  0.0, Avg:  0.0, Max:  0.0, Diff:  0.0, Sum:  0.1, Workers: 4
[19.174s][debug][gc,phases      ] GC(43)     Dead                           Min: 0, Avg:  0.0, Max: 0, Diff: 0, Sum: 0, Workers: 4
[19.174s][debug][gc,phases      ] GC(43)     Total                          Min: 1280, Avg: 1779.8, Max: 2176, Diff: 896, Sum: 7119, Workers: 4
[19.174s][debug][gc,phases      ] GC(43)   JNI Weak                       Min:  0.0, Avg:  0.0, Max:  0.0, Diff:  0.0, Sum:  0.0, Workers: 4
[19.174s][debug][gc,phases      ] GC(43)     Dead                           Min: 0, Avg:  0.0, Max: 0, Diff: 0, Sum: 0, Workers: 4
[19.174s][debug][gc,phases      ] GC(43)     Total                          Min: 0, Avg:  5.5, Max: 22, Diff: 22, Sum: 22, Workers: 4
[19.174s][debug][gc,phases      ] GC(43)   StringDedup Table Weak         Min:  0.0, Avg:  0.0, Max:  0.0, Diff:  0.0, Sum:  0.0, Workers: 4
[19.174s][debug][gc,phases      ] GC(43)     Dead                           Min: 0, Avg:  0.0, Max: 0, Diff: 0, Sum: 0, Workers: 4
[19.174s][debug][gc,phases      ] GC(43)     Total                          Min: 0, Avg:  0.0, Max: 0, Diff: 0, Sum: 0, Workers: 4
[19.174s][debug][gc,phases      ] GC(43)   StringDedup Requests0 Weak     Min:  0.0, Avg:  0.0, Max:  0.0, Diff:  0.0, Sum:  0.0, Workers: 4
[19.174s][debug][gc,phases      ] GC(43)     Dead                           Min: 0, Avg:  0.0, Max: 0, Diff: 0, Sum: 0, Workers: 4
[19.174s][debug][gc,phases      ] GC(43)     Total                          Min: 0, Avg:  0.0, Max: 0, Diff: 0, Sum: 0, Workers: 4
[19.174s][debug][gc,phases      ] GC(43)   StringDedup Requests1 Weak     Min:  0.0, Avg:  0.0, Max:  0.0, Diff:  0.0, Sum:  0.0, Workers: 4
[19.174s][debug][gc,phases      ] GC(43)     Dead                           Min: 0, Avg:  0.0, Max: 0, Diff: 0, Sum: 0, Workers: 4
[19.174s][debug][gc,phases      ] GC(43)     Total                          Min: 0, Avg:  0.0, Max: 0, Diff: 0, Sum: 0, Workers: 4
[19.174s][debug][gc,phases      ] GC(43)   Weak JFR Old Object Samples    Min:  0.0, Avg:  0.0, Max:  0.0, Diff:  0.0, Sum:  0.0, Workers: 4
[19.174s][debug][gc,phases      ] GC(43)     Dead                           Min: 0, Avg:  0.0, Max: 0, Diff: 0, Sum: 0, Workers: 4
[19.174s][debug][gc,phases      ] GC(43)     Total                          Min: 0, Avg:  0.0, Max: 0, Diff: 0, Sum: 0, Workers: 4
[19.174s][debug][gc,phases      ] GC(43) Weak Processing 0.261ms
[19.174s][debug][gc,age         ] GC(43) Desired survivor size 225443840 bytes, new threshold 15 (max threshold 15)
[19.174s][info ][gc,heap        ] GC(43) PSYoungGen: 1729744K(1873920K)->84976K(1872896K) Eden: 1649664K(1649664K)->0K(1649664K) From: 80080K(224256K)->84976K(223232K)
[19.174s][info ][gc,heap        ] GC(43) ParOldGen: 403606K(458752K)->405634K(458752K)
[19.174s][info ][gc,metaspace   ] GC(43) Metaspace: 68121K(68864K)->68121K(68864K) NonClass: 58176K(58560K)->58176K(58560K) Class: 9944K(10304K)->9944K(10304K)
[19.174s][info ][gc             ] GC(43) Pause Young (Allocation Failure) 2083M->479M(2277M) 35.398ms
[19.174s][info ][gc,cpu         ] GC(43) User=0.17s Sys=0.00s Real=0.04s
[19.174s][info ][safepoint      ] Safepoint "ParallelGCFailedAllocation", Time since last: 11034061 ns, Reaching safepoint: 81401 ns, At safepoint: 35492497 ns, Total: 35573898 ns
[19.211s][info ][safepoint      ] Safepoint "ICBufferFull", Time since last: 36926005 ns, Reaching safepoint: 118000 ns, At safepoint: 24900 ns, Total: 142900 ns
[19.264s][info ][safepoint      ] Safepoint "ICBufferFull", Time since last: 52740693 ns, Reaching safepoint: 112400 ns, At safepoint: 28401 ns, Total: 140801 ns
[19.297s][info ][safepoint      ] Safepoint "ICBufferFull", Time since last: 33105183 ns, Reaching safepoint: 127901 ns, At safepoint: 29000 ns, Total: 156901 ns
[19.326s][info ][safepoint      ] Safepoint "ICBufferFull", Time since last: 26593348 ns, Reaching safepoint: 2121811 ns, At safepoint: 37501 ns, Total: 2159312 ns
[19.363s][info ][safepoint      ] Safepoint "ICBufferFull", Time since last: 36979005 ns, Reaching safepoint: 78000 ns, At safepoint: 28900 ns, Total: 106900 ns
[19.384s][info ][safepoint      ] Safepoint "ICBufferFull", Time since last: 20636015 ns, Reaching safepoint: 112700 ns, At safepoint: 26400 ns, Total: 139100 ns
[19.508s][info ][gc,start       ] GC(44) Pause Young (Allocation Failure)
[19.553s][debug][gc,phases      ] GC(44) Scavenge 44.970ms
[19.553s][debug][gc,ref         ] GC(44) Skipped phase 1 of Reference Processing: no references
[19.553s][debug][gc,ref         ] GC(44) ReferenceProcessor::execute queues: 1, RefProcThreadModel::Single, marks_oops_alive: false
[19.553s][debug][gc,ref         ] GC(44) Skipped phase 3 of Reference Processing: no references
[19.553s][debug][gc,ref         ] GC(44) ReferenceProcessor::execute queues: 1, RefProcThreadModel::Single, marks_oops_alive: false
[19.554s][debug][gc,phases      ] GC(44) Reference Processing 0.119ms
[19.554s][debug][gc,phases      ] GC(44)   VM Weak                        Min:  0.0, Avg:  0.0, Max:  0.0, Diff:  0.0, Sum:  0.0, Workers: 4
[19.554s][debug][gc,phases      ] GC(44)     Dead                           Min: 0, Avg:  0.0, Max: 0, Diff: 0, Sum: 0, Workers: 4
[19.554s][debug][gc,phases      ] GC(44)     Total                          Min: 0, Avg: 147.5, Max: 462, Diff: 462, Sum: 590, Workers: 4
[19.554s][debug][gc,phases      ] GC(44)   ObjectSynchronizer Weak        Min:  0.0, Avg:  0.0, Max:  0.0, Diff:  0.0, Sum:  0.0, Workers: 4
[19.554s][debug][gc,phases      ] GC(44)     Dead                           Min: 0, Avg:  0.0, Max: 0, Diff: 0, Sum: 0, Workers: 4
[19.554s][debug][gc,phases      ] GC(44)     Total                          Min: 0, Avg: 116.0, Max: 320, Diff: 320, Sum: 464, Workers: 4
[19.554s][debug][gc,phases      ] GC(44)   JVMTI Tag Weak OopStorage      Min:  0.0, Avg:  0.0, Max:  0.0, Diff:  0.0, Sum:  0.0, Workers: 4
[19.554s][debug][gc,phases      ] GC(44)     Dead                           Min: 0, Avg:  0.0, Max: 0, Diff: 0, Sum: 0, Workers: 4
[19.554s][debug][gc,phases      ] GC(44)     Total                          Min: 0, Avg:  0.0, Max: 0, Diff: 0, Sum: 0, Workers: 4
[19.554s][debug][gc,phases      ] GC(44)   StringTable Weak               Min:  0.1, Avg:  0.1, Max:  0.1, Diff:  0.0, Sum:  0.3, Workers: 4
[19.554s][debug][gc,phases      ] GC(44)     Dead                           Min: 0, Avg:  2.8, Max: 11, Diff: 11, Sum: 11, Workers: 4
[19.554s][debug][gc,phases      ] GC(44)     Total                          Min: 8384, Avg: 10704.2, Max: 12992, Diff: 4608, Sum: 42817, Workers: 4
[19.554s][debug][gc,phases      ] GC(44)   ResolvedMethodTable Weak       Min:  0.0, Avg:  0.0, Max:  0.0, Diff:  0.0, Sum:  0.1, Workers: 4
[19.554s][debug][gc,phases      ] GC(44)     Dead                           Min: 0, Avg:  0.0, Max: 0, Diff: 0, Sum: 0, Workers: 4
[19.554s][debug][gc,phases      ] GC(44)     Total                          Min: 1472, Avg: 1791.2, Max: 2240, Diff: 768, Sum: 7165, Workers: 4
[19.554s][debug][gc,phases      ] GC(44)   JNI Weak                       Min:  0.0, Avg:  0.0, Max:  0.0, Diff:  0.0, Sum:  0.0, Workers: 4
[19.554s][debug][gc,phases      ] GC(44)     Dead                           Min: 0, Avg:  0.0, Max: 0, Diff: 0, Sum: 0, Workers: 4
[19.554s][debug][gc,phases      ] GC(44)     Total                          Min: 0, Avg:  4.5, Max: 18, Diff: 18, Sum: 18, Workers: 4
[19.554s][debug][gc,phases      ] GC(44)   StringDedup Table Weak         Min:  0.0, Avg:  0.0, Max:  0.0, Diff:  0.0, Sum:  0.0, Workers: 4
[19.554s][debug][gc,phases      ] GC(44)     Dead                           Min: 0, Avg:  0.0, Max: 0, Diff: 0, Sum: 0, Workers: 4
[19.554s][debug][gc,phases      ] GC(44)     Total                          Min: 0, Avg:  0.0, Max: 0, Diff: 0, Sum: 0, Workers: 4
[19.554s][debug][gc,phases      ] GC(44)   StringDedup Requests0 Weak     Min:  0.0, Avg:  0.0, Max:  0.0, Diff:  0.0, Sum:  0.0, Workers: 4
[19.554s][debug][gc,phases      ] GC(44)     Dead                           Min: 0, Avg:  0.0, Max: 0, Diff: 0, Sum: 0, Workers: 4
[19.554s][debug][gc,phases      ] GC(44)     Total                          Min: 0, Avg:  0.0, Max: 0, Diff: 0, Sum: 0, Workers: 4
[19.554s][debug][gc,phases      ] GC(44)   StringDedup Requests1 Weak     Min:  0.0, Avg:  0.0, Max:  0.0, Diff:  0.0, Sum:  0.0, Workers: 4
[19.554s][debug][gc,phases      ] GC(44)     Dead                           Min: 0, Avg:  0.0, Max: 0, Diff: 0, Sum: 0, Workers: 4
[19.554s][debug][gc,phases      ] GC(44)     Total                          Min: 0, Avg:  0.0, Max: 0, Diff: 0, Sum: 0, Workers: 4
[19.554s][debug][gc,phases      ] GC(44)   Weak JFR Old Object Samples    Min:  0.0, Avg:  0.0, Max:  0.0, Diff:  0.0, Sum:  0.0, Workers: 4
[19.554s][debug][gc,phases      ] GC(44)     Dead                           Min: 0, Avg:  0.0, Max: 0, Diff: 0, Sum: 0, Workers: 4
[19.554s][debug][gc,phases      ] GC(44)     Total                          Min: 0, Avg:  0.0, Max: 0, Diff: 0, Sum: 0, Workers: 4
[19.554s][debug][gc,phases      ] GC(44) Weak Processing 0.249ms
[19.554s][debug][gc,age         ] GC(44) Desired survivor size 221249536 bytes, new threshold 15 (max threshold 15)
[19.554s][info ][gc,heap        ] GC(44) PSYoungGen: 1734640K(1872896K)->83856K(1881088K) Eden: 1649664K(1649664K)->0K(1660928K) From: 84976K(223232K)->83856K(220160K)
[19.554s][info ][gc,heap        ] GC(44) ParOldGen: 405634K(458752K)->408406K(458752K)
[19.554s][info ][gc,metaspace   ] GC(44) Metaspace: 68259K(68992K)->68259K(68992K) NonClass: 58284K(58688K)->58284K(58688K) Class: 9974K(10304K)->9974K(10304K)
[19.554s][info ][gc             ] GC(44) Pause Young (Allocation Failure) 2090M->480M(2285M) 45.452ms
[19.554s][info ][gc,cpu         ] GC(44) User=0.18s Sys=0.00s Real=0.05s
[19.554s][info ][safepoint      ] Safepoint "ParallelGCFailedAllocation", Time since last: 124343990 ns, Reaching safepoint: 105201 ns, At safepoint: 45549052 ns, Total: 45654253 ns
[19.901s][info ][gc,start       ] GC(45) Pause Young (Allocation Failure)
[19.946s][debug][gc,phases      ] GC(45) Scavenge 44.487ms
[19.946s][debug][gc,ref         ] GC(45) Skipped phase 1 of Reference Processing: no references
[19.946s][debug][gc,ref         ] GC(45) ReferenceProcessor::execute queues: 1, RefProcThreadModel::Single, marks_oops_alive: false
[19.946s][debug][gc,ref         ] GC(45) Skipped phase 3 of Reference Processing: no references
[19.946s][debug][gc,ref         ] GC(45) ReferenceProcessor::execute queues: 1, RefProcThreadModel::Single, marks_oops_alive: false
[19.946s][debug][gc,phases      ] GC(45) Reference Processing 0.132ms
[19.946s][debug][gc,phases      ] GC(45)   VM Weak                        Min:  0.0, Avg:  0.0, Max:  0.0, Diff:  0.0, Sum:  0.0, Workers: 4
[19.946s][debug][gc,phases      ] GC(45)     Dead                           Min: 0, Avg:  0.0, Max: 0, Diff: 0, Sum: 0, Workers: 4
[19.946s][debug][gc,phases      ] GC(45)     Total                          Min: 0, Avg: 149.8, Max: 343, Diff: 343, Sum: 599, Workers: 4
[19.946s][debug][gc,phases      ] GC(45)   ObjectSynchronizer Weak        Min:  0.0, Avg:  0.0, Max:  0.0, Diff:  0.0, Sum:  0.0, Workers: 4
[19.946s][debug][gc,phases      ] GC(45)     Dead                           Min: 0, Avg:  0.0, Max: 0, Diff: 0, Sum: 0, Workers: 4
[19.946s][debug][gc,phases      ] GC(45)     Total                          Min: 0, Avg: 116.0, Max: 208, Diff: 208, Sum: 464, Workers: 4
[19.946s][debug][gc,phases      ] GC(45)   JVMTI Tag Weak OopStorage      Min:  0.0, Avg:  0.0, Max:  0.0, Diff:  0.0, Sum:  0.0, Workers: 4
[19.946s][debug][gc,phases      ] GC(45)     Dead                           Min: 0, Avg:  0.0, Max: 0, Diff: 0, Sum: 0, Workers: 4
[19.946s][debug][gc,phases      ] GC(45)     Total                          Min: 0, Avg:  0.0, Max: 0, Diff: 0, Sum: 0, Workers: 4
[19.946s][debug][gc,phases      ] GC(45)   StringTable Weak               Min:  0.1, Avg:  0.1, Max:  0.1, Diff:  0.0, Sum:  0.4, Workers: 4
[19.946s][debug][gc,phases      ] GC(45)     Dead                           Min: 0, Avg:  1.0, Max: 2, Diff: 2, Sum: 4, Workers: 4
[19.946s][debug][gc,phases      ] GC(45)     Total                          Min: 10047, Avg: 10764.8, Max: 11392, Diff: 1345, Sum: 43059, Workers: 4
[19.946s][debug][gc,phases      ] GC(45)   ResolvedMethodTable Weak       Min:  0.0, Avg:  0.0, Max:  0.0, Diff:  0.0, Sum:  0.1, Workers: 4
[19.946s][debug][gc,phases      ] GC(45)     Dead                           Min: 0, Avg:  6.0, Max: 11, Diff: 11, Sum: 24, Workers: 4
[19.946s][debug][gc,phases      ] GC(45)     Total                          Min: 1663, Avg: 1814.8, Max: 1920, Diff: 257, Sum: 7259, Workers: 4
[19.946s][debug][gc,phases      ] GC(45)   JNI Weak                       Min:  0.0, Avg:  0.0, Max:  0.0, Diff:  0.0, Sum:  0.0, Workers: 4
[19.946s][debug][gc,phases      ] GC(45)     Dead                           Min: 0, Avg:  0.0, Max: 0, Diff: 0, Sum: 0, Workers: 4
[19.946s][debug][gc,phases      ] GC(45)     Total                          Min: 0, Avg:  2.5, Max: 10, Diff: 10, Sum: 10, Workers: 4
[19.946s][debug][gc,phases      ] GC(45)   StringDedup Table Weak         Min:  0.0, Avg:  0.0, Max:  0.0, Diff:  0.0, Sum:  0.0, Workers: 4
[19.946s][debug][gc,phases      ] GC(45)     Dead                           Min: 0, Avg:  0.0, Max: 0, Diff: 0, Sum: 0, Workers: 4
[19.946s][debug][gc,phases      ] GC(45)     Total                          Min: 0, Avg:  0.0, Max: 0, Diff: 0, Sum: 0, Workers: 4
[19.946s][debug][gc,phases      ] GC(45)   StringDedup Requests0 Weak     Min:  0.0, Avg:  0.0, Max:  0.0, Diff:  0.0, Sum:  0.0, Workers: 4
[19.946s][debug][gc,phases      ] GC(45)     Dead                           Min: 0, Avg:  0.0, Max: 0, Diff: 0, Sum: 0, Workers: 4
[19.946s][debug][gc,phases      ] GC(45)     Total                          Min: 0, Avg:  0.0, Max: 0, Diff: 0, Sum: 0, Workers: 4
[19.946s][debug][gc,phases      ] GC(45)   StringDedup Requests1 Weak     Min:  0.0, Avg:  0.0, Max:  0.0, Diff:  0.0, Sum:  0.0, Workers: 4
[19.946s][debug][gc,phases      ] GC(45)     Dead                           Min: 0, Avg:  0.0, Max: 0, Diff: 0, Sum: 0, Workers: 4
[19.946s][debug][gc,phases      ] GC(45)     Total                          Min: 0, Avg:  0.0, Max: 0, Diff: 0, Sum: 0, Workers: 4
[19.946s][debug][gc,phases      ] GC(45)   Weak JFR Old Object Samples    Min:  0.0, Avg:  0.0, Max:  0.0, Diff:  0.0, Sum:  0.0, Workers: 4
[19.946s][debug][gc,phases      ] GC(45)     Dead                           Min: 0, Avg:  0.0, Max: 0, Diff: 0, Sum: 0, Workers: 4
[19.946s][debug][gc,phases      ] GC(45)     Total                          Min: 0, Avg:  0.0, Max: 0, Diff: 0, Sum: 0, Workers: 4
[19.946s][debug][gc,phases      ] GC(45) Weak Processing 0.281ms
[19.946s][debug][gc,age         ] GC(45) Desired survivor size 217055232 bytes, new threshold 15 (max threshold 15)
[19.946s][info ][gc,heap        ] GC(45) PSYoungGen: 1744784K(1881088K)->83024K(1876992K) Eden: 1660928K(1660928K)->0K(1660928K) From: 83856K(220160K)->83024K(216064K)
[19.946s][info ][gc,heap        ] GC(45) ParOldGen: 408406K(458752K)->409846K(458752K)
[19.946s][info ][gc,metaspace   ] GC(45) Metaspace: 68834K(69632K)->68834K(69632K) NonClass: 58772K(59200K)->58772K(59200K) Class: 10061K(10432K)->10061K(10432K)
[19.946s][info ][gc             ] GC(45) Pause Young (Allocation Failure) 2102M->481M(2281M) 45.010ms
[19.946s][info ][gc,cpu         ] GC(45) User=0.18s Sys=0.00s Real=0.04s
[19.946s][info ][safepoint      ] Safepoint "ParallelGCFailedAllocation", Time since last: 347252726 ns, Reaching safepoint: 205601 ns, At safepoint: 45108250 ns, Total: 45313851 ns
[20.247s][info ][gc,start       ] GC(46) Pause Young (Allocation Failure)
[20.289s][debug][gc,phases      ] GC(46) Scavenge 42.035ms
[20.289s][debug][gc,ref         ] GC(46) Skipped phase 1 of Reference Processing: no references
[20.289s][debug][gc,ref         ] GC(46) ReferenceProcessor::execute queues: 1, RefProcThreadModel::Single, marks_oops_alive: false
[20.289s][debug][gc,ref         ] GC(46) Skipped phase 3 of Reference Processing: no references
[20.289s][debug][gc,ref         ] GC(46) ReferenceProcessor::execute queues: 1, RefProcThreadModel::Single, marks_oops_alive: false
[20.289s][debug][gc,phases      ] GC(46) Reference Processing 0.120ms
[20.290s][debug][gc,phases      ] GC(46)   VM Weak                        Min:  0.0, Avg:  0.0, Max:  0.0, Diff:  0.0, Sum:  0.0, Workers: 4
[20.290s][debug][gc,phases      ] GC(46)     Dead                           Min: 0, Avg:  0.0, Max: 0, Diff: 0, Sum: 0, Workers: 4
[20.290s][debug][gc,phases      ] GC(46)     Total                          Min: 0, Avg: 149.8, Max: 599, Diff: 599, Sum: 599, Workers: 4
[20.290s][debug][gc,phases      ] GC(46)   ObjectSynchronizer Weak        Min:  0.0, Avg:  0.0, Max:  0.0, Diff:  0.0, Sum:  0.0, Workers: 4
[20.290s][debug][gc,phases      ] GC(46)     Dead                           Min: 0, Avg:  0.0, Max: 0, Diff: 0, Sum: 0, Workers: 4
[20.290s][debug][gc,phases      ] GC(46)     Total                          Min: 0, Avg: 116.0, Max: 192, Diff: 192, Sum: 464, Workers: 4
[20.290s][debug][gc,phases      ] GC(46)   JVMTI Tag Weak OopStorage      Min:  0.0, Avg:  0.0, Max:  0.0, Diff:  0.0, Sum:  0.0, Workers: 4
[20.290s][debug][gc,phases      ] GC(46)     Dead                           Min: 0, Avg:  0.0, Max: 0, Diff: 0, Sum: 0, Workers: 4
[20.290s][debug][gc,phases      ] GC(46)     Total                          Min: 0, Avg:  0.0, Max: 0, Diff: 0, Sum: 0, Workers: 4
[20.290s][debug][gc,phases      ] GC(46)   StringTable Weak               Min:  0.1, Avg:  0.1, Max:  0.1, Diff:  0.0, Sum:  0.4, Workers: 4
[20.290s][debug][gc,phases      ] GC(46)     Dead                           Min: 0, Avg:  0.0, Max: 0, Diff: 0, Sum: 0, Workers: 4
[20.290s][debug][gc,phases      ] GC(46)     Total                          Min: 8120, Avg: 10766.0, Max: 14848, Diff: 6728, Sum: 43064, Workers: 4
[20.290s][debug][gc,phases      ] GC(46)   ResolvedMethodTable Weak       Min:  0.0, Avg:  0.0, Max:  0.0, Diff:  0.0, Sum:  0.1, Workers: 4
[20.290s][debug][gc,phases      ] GC(46)     Dead                           Min: 0, Avg:  0.0, Max: 0, Diff: 0, Sum: 0, Workers: 4
[20.290s][debug][gc,phases      ] GC(46)     Total                          Min: 1280, Avg: 1814.8, Max: 2588, Diff: 1308, Sum: 7259, Workers: 4
[20.290s][debug][gc,phases      ] GC(46)   JNI Weak                       Min:  0.0, Avg:  0.0, Max:  0.0, Diff:  0.0, Sum:  0.0, Workers: 4
[20.290s][debug][gc,phases      ] GC(46)     Dead                           Min: 0, Avg:  0.0, Max: 0, Diff: 0, Sum: 0, Workers: 4
[20.290s][debug][gc,phases      ] GC(46)     Total                          Min: 0, Avg:  6.2, Max: 25, Diff: 25, Sum: 25, Workers: 4
[20.290s][debug][gc,phases      ] GC(46)   StringDedup Table Weak         Min:  0.0, Avg:  0.0, Max:  0.0, Diff:  0.0, Sum:  0.0, Workers: 4
[20.290s][debug][gc,phases      ] GC(46)     Dead                           Min: 0, Avg:  0.0, Max: 0, Diff: 0, Sum: 0, Workers: 4
[20.290s][debug][gc,phases      ] GC(46)     Total                          Min: 0, Avg:  0.0, Max: 0, Diff: 0, Sum: 0, Workers: 4
[20.290s][debug][gc,phases      ] GC(46)   StringDedup Requests0 Weak     Min:  0.0, Avg:  0.0, Max:  0.0, Diff:  0.0, Sum:  0.0, Workers: 4
[20.290s][debug][gc,phases      ] GC(46)     Dead                           Min: 0, Avg:  0.0, Max: 0, Diff: 0, Sum: 0, Workers: 4
[20.290s][debug][gc,phases      ] GC(46)     Total                          Min: 0, Avg:  0.0, Max: 0, Diff: 0, Sum: 0, Workers: 4
[20.290s][debug][gc,phases      ] GC(46)   StringDedup Requests1 Weak     Min:  0.0, Avg:  0.0, Max:  0.0, Diff:  0.0, Sum:  0.0, Workers: 4
[20.290s][debug][gc,phases      ] GC(46)     Dead                           Min: 0, Avg:  0.0, Max: 0, Diff: 0, Sum: 0, Workers: 4
[20.290s][debug][gc,phases      ] GC(46)     Total                          Min: 0, Avg:  0.0, Max: 0, Diff: 0, Sum: 0, Workers: 4
[20.290s][debug][gc,phases      ] GC(46)   Weak JFR Old Object Samples    Min:  0.0, Avg:  0.0, Max:  0.0, Diff:  0.0, Sum:  0.0, Workers: 4
[20.290s][debug][gc,phases      ] GC(46)     Dead                           Min: 0, Avg:  0.0, Max: 0, Diff: 0, Sum: 0, Workers: 4
[20.290s][debug][gc,phases      ] GC(46)     Total                          Min: 0, Avg:  0.0, Max: 0, Diff: 0, Sum: 0, Workers: 4
[20.290s][debug][gc,phases      ] GC(46) Weak Processing 0.302ms
[20.290s][debug][gc,age         ] GC(46) Desired survivor size 212860928 bytes, new threshold 15 (max threshold 15)
[20.290s][info ][gc,heap        ] GC(46) PSYoungGen: 1743952K(1876992K)->80016K(1889280K) Eden: 1660928K(1660928K)->0K(1677312K) From: 83024K(216064K)->80016K(211968K)
[20.290s][info ][gc,heap        ] GC(46) ParOldGen: 409846K(458752K)->413230K(458752K)
[20.290s][info ][gc,metaspace   ] GC(46) Metaspace: 68964K(69760K)->68964K(69760K) NonClass: 58899K(59328K)->58899K(59328K) Class: 10064K(10432K)->10064K(10432K)
[20.290s][info ][gc             ] GC(46) Pause Young (Allocation Failure) 2103M->481M(2293M) 42.600ms
[20.290s][info ][gc,cpu         ] GC(46) User=0.19s Sys=0.02s Real=0.05s
[20.290s][info ][safepoint      ] Safepoint "ParallelGCFailedAllocation", Time since last: 300492666 ns, Reaching safepoint: 152401 ns, At safepoint: 42702137 ns, Total: 42854538 ns
[20.627s][info ][gc,start       ] GC(47) Pause Young (Allocation Failure)
[20.660s][debug][gc,phases      ] GC(47) Scavenge 33.001ms
[20.660s][debug][gc,ref         ] GC(47) Skipped phase 1 of Reference Processing: no references
[20.660s][debug][gc,ref         ] GC(47) ReferenceProcessor::execute queues: 1, RefProcThreadModel::Single, marks_oops_alive: false
[20.660s][debug][gc,ref         ] GC(47) Skipped phase 3 of Reference Processing: no references
[20.660s][debug][gc,ref         ] GC(47) ReferenceProcessor::execute queues: 1, RefProcThreadModel::Single, marks_oops_alive: false
[20.660s][debug][gc,phases      ] GC(47) Reference Processing 0.127ms
[20.660s][debug][gc,phases      ] GC(47)   VM Weak                        Min:  0.0, Avg:  0.0, Max:  0.0, Diff:  0.0, Sum:  0.0, Workers: 4
[20.660s][debug][gc,phases      ] GC(47)     Dead                           Min: 0, Avg:  0.0, Max: 0, Diff: 0, Sum: 0, Workers: 4
[20.660s][debug][gc,phases      ] GC(47)     Total                          Min: 0, Avg: 149.8, Max: 343, Diff: 343, Sum: 599, Workers: 4
[20.660s][debug][gc,phases      ] GC(47)   ObjectSynchronizer Weak        Min:  0.0, Avg:  0.0, Max:  0.0, Diff:  0.0, Sum:  0.0, Workers: 4
[20.660s][debug][gc,phases      ] GC(47)     Dead                           Min: 0, Avg:  0.0, Max: 0, Diff: 0, Sum: 0, Workers: 4
[20.660s][debug][gc,phases      ] GC(47)     Total                          Min: 0, Avg: 116.0, Max: 256, Diff: 256, Sum: 464, Workers: 4
[20.660s][debug][gc,phases      ] GC(47)   JVMTI Tag Weak OopStorage      Min:  0.0, Avg:  0.0, Max:  0.0, Diff:  0.0, Sum:  0.0, Workers: 4
[20.660s][debug][gc,phases      ] GC(47)     Dead                           Min: 0, Avg:  0.0, Max: 0, Diff: 0, Sum: 0, Workers: 4
[20.660s][debug][gc,phases      ] GC(47)     Total                          Min: 0, Avg:  0.0, Max: 0, Diff: 0, Sum: 0, Workers: 4
[20.660s][debug][gc,phases      ] GC(47)   StringTable Weak               Min:  0.1, Avg:  0.1, Max:  0.1, Diff:  0.0, Sum:  0.3, Workers: 4
[20.660s][debug][gc,phases      ] GC(47)     Dead                           Min: 0, Avg:  0.0, Max: 0, Diff: 0, Sum: 0, Workers: 4
[20.660s][debug][gc,phases      ] GC(47)     Total                          Min: 7360, Avg: 10767.2, Max: 13949, Diff: 6589, Sum: 43069, Workers: 4
[20.660s][debug][gc,phases      ] GC(47)   ResolvedMethodTable Weak       Min:  0.0, Avg:  0.0, Max:  0.0, Diff:  0.0, Sum:  0.1, Workers: 4
[20.660s][debug][gc,phases      ] GC(47)     Dead                           Min: 0, Avg:  0.0, Max: 0, Diff: 0, Sum: 0, Workers: 4
[20.660s][debug][gc,phases      ] GC(47)     Total                          Min: 1408, Avg: 1814.8, Max: 2012, Diff: 604, Sum: 7259, Workers: 4
[20.661s][debug][gc,phases      ] GC(47)   JNI Weak                       Min:  0.0, Avg:  0.0, Max:  0.0, Diff:  0.0, Sum:  0.0, Workers: 4
[20.661s][debug][gc,phases      ] GC(47)     Dead                           Min: 0, Avg:  0.0, Max: 0, Diff: 0, Sum: 0, Workers: 4
[20.661s][debug][gc,phases      ] GC(47)     Total                          Min: 0, Avg:  4.2, Max: 17, Diff: 17, Sum: 17, Workers: 4
[20.661s][debug][gc,phases      ] GC(47)   StringDedup Table Weak         Min:  0.0, Avg:  0.0, Max:  0.0, Diff:  0.0, Sum:  0.0, Workers: 4
[20.661s][debug][gc,phases      ] GC(47)     Dead                           Min: 0, Avg:  0.0, Max: 0, Diff: 0, Sum: 0, Workers: 4
[20.661s][debug][gc,phases      ] GC(47)     Total                          Min: 0, Avg:  0.0, Max: 0, Diff: 0, Sum: 0, Workers: 4
[20.661s][debug][gc,phases      ] GC(47)   StringDedup Requests0 Weak     Min:  0.0, Avg:  0.0, Max:  0.0, Diff:  0.0, Sum:  0.0, Workers: 4
[20.661s][debug][gc,phases      ] GC(47)     Dead                           Min: 0, Avg:  0.0, Max: 0, Diff: 0, Sum: 0, Workers: 4
[20.661s][debug][gc,phases      ] GC(47)     Total                          Min: 0, Avg:  0.0, Max: 0, Diff: 0, Sum: 0, Workers: 4
[20.661s][debug][gc,phases      ] GC(47)   StringDedup Requests1 Weak     Min:  0.0, Avg:  0.0, Max:  0.0, Diff:  0.0, Sum:  0.0, Workers: 4
[20.661s][debug][gc,phases      ] GC(47)     Dead                           Min: 0, Avg:  0.0, Max: 0, Diff: 0, Sum: 0, Workers: 4
[20.661s][debug][gc,phases      ] GC(47)     Total                          Min: 0, Avg:  0.0, Max: 0, Diff: 0, Sum: 0, Workers: 4
[20.661s][debug][gc,phases      ] GC(47)   Weak JFR Old Object Samples    Min:  0.0, Avg:  0.0, Max:  0.0, Diff:  0.0, Sum:  0.0, Workers: 4
[20.661s][debug][gc,phases      ] GC(47)     Dead                           Min: 0, Avg:  0.0, Max: 0, Diff: 0, Sum: 0, Workers: 4
[20.661s][debug][gc,phases      ] GC(47)     Total                          Min: 0, Avg:  0.0, Max: 0, Diff: 0, Sum: 0, Workers: 4
[20.661s][debug][gc,phases      ] GC(47) Weak Processing 0.250ms
[20.661s][debug][gc,age         ] GC(47) Desired survivor size 209190912 bytes, new threshold 15 (max threshold 15)
[20.661s][info ][gc,heap        ] GC(47) PSYoungGen: 1757328K(1889280K)->73760K(1885184K) Eden: 1677312K(1677312K)->0K(1677312K) From: 80016K(211968K)->73760K(207872K)
[20.661s][info ][gc,heap        ] GC(47) ParOldGen: 413230K(458752K)->419918K(458752K)
[20.661s][info ][gc,metaspace   ] GC(47) Metaspace: 69008K(69824K)->69008K(69824K) NonClass: 58943K(59392K)->58943K(59392K) Class: 10064K(10432K)->10064K(10432K)
[20.661s][info ][gc             ] GC(47) Pause Young (Allocation Failure) 2119M->482M(2289M) 33.484ms
[20.661s][info ][gc,cpu         ] GC(47) User=0.14s Sys=0.00s Real=0.03s
[20.661s][info ][safepoint      ] Safepoint "ParallelGCFailedAllocation", Time since last: 337160369 ns, Reaching safepoint: 139501 ns, At safepoint: 33580086 ns, Total: 33719587 ns
[20.960s][info ][gc,start       ] GC(48) Pause Young (Allocation Failure)
[20.986s][debug][gc,phases      ] GC(48) Scavenge 25.361ms
[20.986s][debug][gc,ref         ] GC(48) Skipped phase 1 of Reference Processing: no references
[20.986s][debug][gc,ref         ] GC(48) ReferenceProcessor::execute queues: 1, RefProcThreadModel::Single, marks_oops_alive: false
[20.986s][debug][gc,ref         ] GC(48) Skipped phase 3 of Reference Processing: no references
[20.986s][debug][gc,ref         ] GC(48) ReferenceProcessor::execute queues: 1, RefProcThreadModel::Single, marks_oops_alive: false
[20.986s][debug][gc,phases      ] GC(48) Reference Processing 0.113ms
[20.986s][debug][gc,phases      ] GC(48)   VM Weak                        Min:  0.0, Avg:  0.0, Max:  0.0, Diff:  0.0, Sum:  0.0, Workers: 4
[20.986s][debug][gc,phases      ] GC(48)     Dead                           Min: 0, Avg:  0.0, Max: 0, Diff: 0, Sum: 0, Workers: 4
[20.986s][debug][gc,phases      ] GC(48)     Total                          Min: 0, Avg: 149.8, Max: 599, Diff: 599, Sum: 599, Workers: 4
[20.986s][debug][gc,phases      ] GC(48)   ObjectSynchronizer Weak        Min:  0.0, Avg:  0.0, Max:  0.0, Diff:  0.0, Sum:  0.0, Workers: 4
[20.986s][debug][gc,phases      ] GC(48)     Dead                           Min: 0, Avg:  0.0, Max: 0, Diff: 0, Sum: 0, Workers: 4
[20.986s][debug][gc,phases      ] GC(48)     Total                          Min: 0, Avg: 116.0, Max: 256, Diff: 256, Sum: 464, Workers: 4
[20.986s][debug][gc,phases      ] GC(48)   JVMTI Tag Weak OopStorage      Min:  0.0, Avg:  0.0, Max:  0.0, Diff:  0.0, Sum:  0.0, Workers: 4
[20.986s][debug][gc,phases      ] GC(48)     Dead                           Min: 0, Avg:  0.0, Max: 0, Diff: 0, Sum: 0, Workers: 4
[20.986s][debug][gc,phases      ] GC(48)     Total                          Min: 0, Avg:  0.0, Max: 0, Diff: 0, Sum: 0, Workers: 4
[20.986s][debug][gc,phases      ] GC(48)   StringTable Weak               Min:  0.1, Avg:  0.1, Max:  0.1, Diff:  0.0, Sum:  0.3, Workers: 4
[20.986s][debug][gc,phases      ] GC(48)     Dead                           Min: 0, Avg:  0.0, Max: 0, Diff: 0, Sum: 0, Workers: 4
[20.986s][debug][gc,phases      ] GC(48)     Total                          Min: 8704, Avg: 10768.5, Max: 12928, Diff: 4224, Sum: 43074, Workers: 4
[20.986s][debug][gc,phases      ] GC(48)   ResolvedMethodTable Weak       Min:  0.0, Avg:  0.0, Max:  0.0, Diff:  0.0, Sum:  0.1, Workers: 4
[20.986s][debug][gc,phases      ] GC(48)     Dead                           Min: 0, Avg:  0.0, Max: 0, Diff: 0, Sum: 0, Workers: 4
[20.986s][debug][gc,phases      ] GC(48)     Total                          Min: 1663, Avg: 1814.8, Max: 1948, Diff: 285, Sum: 7259, Workers: 4
[20.986s][debug][gc,phases      ] GC(48)   JNI Weak                       Min:  0.0, Avg:  0.0, Max:  0.0, Diff:  0.0, Sum:  0.0, Workers: 4
[20.986s][debug][gc,phases      ] GC(48)     Dead                           Min: 0, Avg:  0.0, Max: 0, Diff: 0, Sum: 0, Workers: 4
[20.986s][debug][gc,phases      ] GC(48)     Total                          Min: 0, Avg:  1.0, Max: 4, Diff: 4, Sum: 4, Workers: 4
[20.986s][debug][gc,phases      ] GC(48)   StringDedup Table Weak         Min:  0.0, Avg:  0.0, Max:  0.0, Diff:  0.0, Sum:  0.0, Workers: 4
[20.986s][debug][gc,phases      ] GC(48)     Dead                           Min: 0, Avg:  0.0, Max: 0, Diff: 0, Sum: 0, Workers: 4
[20.986s][debug][gc,phases      ] GC(48)     Total                          Min: 0, Avg:  0.0, Max: 0, Diff: 0, Sum: 0, Workers: 4
[20.986s][debug][gc,phases      ] GC(48)   StringDedup Requests0 Weak     Min:  0.0, Avg:  0.0, Max:  0.0, Diff:  0.0, Sum:  0.0, Workers: 4
[20.986s][debug][gc,phases      ] GC(48)     Dead                           Min: 0, Avg:  0.0, Max: 0, Diff: 0, Sum: 0, Workers: 4
[20.986s][debug][gc,phases      ] GC(48)     Total                          Min: 0, Avg:  0.0, Max: 0, Diff: 0, Sum: 0, Workers: 4
[20.986s][debug][gc,phases      ] GC(48)   StringDedup Requests1 Weak     Min:  0.0, Avg:  0.0, Max:  0.0, Diff:  0.0, Sum:  0.0, Workers: 4
[20.986s][debug][gc,phases      ] GC(48)     Dead                           Min: 0, Avg:  0.0, Max: 0, Diff: 0, Sum: 0, Workers: 4
[20.986s][debug][gc,phases      ] GC(48)     Total                          Min: 0, Avg:  0.0, Max: 0, Diff: 0, Sum: 0, Workers: 4
[20.986s][debug][gc,phases      ] GC(48)   Weak JFR Old Object Samples    Min:  0.0, Avg:  0.0, Max:  0.0, Diff:  0.0, Sum:  0.0, Workers: 4
[20.986s][debug][gc,phases      ] GC(48)     Dead                           Min: 0, Avg:  0.0, Max: 0, Diff: 0, Sum: 0, Workers: 4
[20.986s][debug][gc,phases      ] GC(48)     Total                          Min: 0, Avg:  0.0, Max: 0, Diff: 0, Sum: 0, Workers: 4
[20.986s][debug][gc,phases      ] GC(48) Weak Processing 0.243ms
[20.986s][debug][gc,age         ] GC(48) Desired survivor size 206045184 bytes, new threshold 15 (max threshold 15)
[20.986s][info ][gc,heap        ] GC(48) PSYoungGen: 1751072K(1885184K)->69088K(1895936K) Eden: 1677312K(1677312K)->0K(1691648K) From: 73760K(207872K)->69088K(204288K)
[20.986s][info ][gc,heap        ] GC(48) ParOldGen: 419918K(458752K)->424858K(458752K)
[20.986s][info ][gc,metaspace   ] GC(48) Metaspace: 69056K(69888K)->69056K(69888K) NonClass: 58990K(59456K)->58990K(59456K) Class: 10065K(10432K)->10065K(10432K)
[20.986s][info ][gc             ] GC(48) Pause Young (Allocation Failure) 2120M->482M(2299M) 25.825ms
[20.986s][info ][gc,cpu         ] GC(48) User=0.11s Sys=0.00s Real=0.03s
[20.986s][info ][safepoint      ] Safepoint "ParallelGCFailedAllocation", Time since last: 299455060 ns, Reaching safepoint: 180101 ns, At safepoint: 25931244 ns, Total: 26111345 ns
[21.248s][info ][gc,start       ] GC(49) Pause Young (Allocation Failure)
[21.270s][debug][gc,phases      ] GC(49) Scavenge 22.391ms
[21.270s][debug][gc,ref         ] GC(49) Skipped phase 1 of Reference Processing: no references
[21.271s][debug][gc,ref         ] GC(49) ReferenceProcessor::execute queues: 1, RefProcThreadModel::Single, marks_oops_alive: false
[21.271s][debug][gc,ref         ] GC(49) Skipped phase 3 of Reference Processing: no references
[21.271s][debug][gc,ref         ] GC(49) ReferenceProcessor::execute queues: 1, RefProcThreadModel::Single, marks_oops_alive: false
[21.271s][debug][gc,phases      ] GC(49) Reference Processing 0.115ms
[21.271s][debug][gc,phases      ] GC(49)   VM Weak                        Min:  0.0, Avg:  0.0, Max:  0.0, Diff:  0.0, Sum:  0.0, Workers: 4
[21.271s][debug][gc,phases      ] GC(49)     Dead                           Min: 0, Avg:  0.0, Max: 0, Diff: 0, Sum: 0, Workers: 4
[21.271s][debug][gc,phases      ] GC(49)     Total                          Min: 0, Avg: 149.8, Max: 535, Diff: 535, Sum: 599, Workers: 4
[21.271s][debug][gc,phases      ] GC(49)   ObjectSynchronizer Weak        Min:  0.0, Avg:  0.0, Max:  0.0, Diff:  0.0, Sum:  0.0, Workers: 4
[21.271s][debug][gc,phases      ] GC(49)     Dead                           Min: 0, Avg:  0.0, Max: 0, Diff: 0, Sum: 0, Workers: 4
[21.271s][debug][gc,phases      ] GC(49)     Total                          Min: 0, Avg: 116.0, Max: 256, Diff: 256, Sum: 464, Workers: 4
[21.271s][debug][gc,phases      ] GC(49)   JVMTI Tag Weak OopStorage      Min:  0.0, Avg:  0.0, Max:  0.0, Diff:  0.0, Sum:  0.0, Workers: 4
[21.271s][debug][gc,phases      ] GC(49)     Dead                           Min: 0, Avg:  0.0, Max: 0, Diff: 0, Sum: 0, Workers: 4
[21.271s][debug][gc,phases      ] GC(49)     Total                          Min: 0, Avg:  0.0, Max: 0, Diff: 0, Sum: 0, Workers: 4
[21.271s][debug][gc,phases      ] GC(49)   StringTable Weak               Min:  0.1, Avg:  0.1, Max:  0.1, Diff:  0.0, Sum:  0.3, Workers: 4
[21.271s][debug][gc,phases      ] GC(49)     Dead                           Min: 0, Avg:  0.0, Max: 0, Diff: 0, Sum: 0, Workers: 4
[21.271s][debug][gc,phases      ] GC(49)     Total                          Min: 7488, Avg: 10770.2, Max: 12544, Diff: 5056, Sum: 43081, Workers: 4
[21.271s][debug][gc,phases      ] GC(49)   ResolvedMethodTable Weak       Min:  0.0, Avg:  0.0, Max:  0.0, Diff:  0.0, Sum:  0.1, Workers: 4
[21.271s][debug][gc,phases      ] GC(49)     Dead                           Min: 0, Avg:  0.0, Max: 0, Diff: 0, Sum: 0, Workers: 4
[21.271s][debug][gc,phases      ] GC(49)     Total                          Min: 1216, Avg: 1814.8, Max: 2240, Diff: 1024, Sum: 7259, Workers: 4
[21.271s][debug][gc,phases      ] GC(49)   JNI Weak                       Min:  0.0, Avg:  0.0, Max:  0.0, Diff:  0.0, Sum:  0.0, Workers: 4
[21.271s][debug][gc,phases      ] GC(49)     Dead                           Min: 0, Avg:  0.0, Max: 0, Diff: 0, Sum: 0, Workers: 4
[21.271s][debug][gc,phases      ] GC(49)     Total                          Min: 0, Avg:  1.0, Max: 4, Diff: 4, Sum: 4, Workers: 4
[21.271s][debug][gc,phases      ] GC(49)   StringDedup Table Weak         Min:  0.0, Avg:  0.0, Max:  0.0, Diff:  0.0, Sum:  0.0, Workers: 4
[21.271s][debug][gc,phases      ] GC(49)     Dead                           Min: 0, Avg:  0.0, Max: 0, Diff: 0, Sum: 0, Workers: 4
[21.271s][debug][gc,phases      ] GC(49)     Total                          Min: 0, Avg:  0.0, Max: 0, Diff: 0, Sum: 0, Workers: 4
[21.271s][debug][gc,phases      ] GC(49)   StringDedup Requests0 Weak     Min:  0.0, Avg:  0.0, Max:  0.0, Diff:  0.0, Sum:  0.0, Workers: 4
[21.271s][debug][gc,phases      ] GC(49)     Dead                           Min: 0, Avg:  0.0, Max: 0, Diff: 0, Sum: 0, Workers: 4
[21.271s][debug][gc,phases      ] GC(49)     Total                          Min: 0, Avg:  0.0, Max: 0, Diff: 0, Sum: 0, Workers: 4
[21.271s][debug][gc,phases      ] GC(49)   StringDedup Requests1 Weak     Min:  0.0, Avg:  0.0, Max:  0.0, Diff:  0.0, Sum:  0.0, Workers: 4
[21.271s][debug][gc,phases      ] GC(49)     Dead                           Min: 0, Avg:  0.0, Max: 0, Diff: 0, Sum: 0, Workers: 4
[21.271s][debug][gc,phases      ] GC(49)     Total                          Min: 0, Avg:  0.0, Max: 0, Diff: 0, Sum: 0, Workers: 4
[21.271s][debug][gc,phases      ] GC(49)   Weak JFR Old Object Samples    Min:  0.0, Avg:  0.0, Max:  0.0, Diff:  0.0, Sum:  0.0, Workers: 4
[21.271s][debug][gc,phases      ] GC(49)     Dead                           Min: 0, Avg:  0.0, Max: 0, Diff: 0, Sum: 0, Workers: 4
[21.271s][debug][gc,phases      ] GC(49)     Total                          Min: 0, Avg:  0.0, Max: 0, Diff: 0, Sum: 0, Workers: 4
[21.271s][debug][gc,phases      ] GC(49) Weak Processing 0.239ms
[21.271s][debug][gc,age         ] GC(49) Desired survivor size 202375168 bytes, new threshold 15 (max threshold 15)
[21.271s][info ][gc,heap        ] GC(49) PSYoungGen: 1760736K(1895936K)->64304K(1892864K) Eden: 1691648K(1691648K)->0K(1691648K) From: 69088K(204288K)->64304K(201216K)
[21.271s][info ][gc,heap        ] GC(49) ParOldGen: 424858K(458752K)->429994K(458752K)
[21.271s][info ][gc,metaspace   ] GC(49) Metaspace: 69068K(69888K)->69068K(69888K) NonClass: 59003K(59456K)->59003K(59456K) Class: 10065K(10432K)->10065K(10432K)
[21.271s][info ][gc             ] GC(49) Pause Young (Allocation Failure) 2134M->482M(2296M) 22.853ms
[21.271s][info ][gc,cpu         ] GC(49) User=0.09s Sys=0.00s Real=0.03s
[21.271s][debug][gc,phases      ] GC(50) Pre Compact 0.009ms
[21.271s][info ][gc,start       ] GC(50) Pause Full (Ergonomics)
[21.271s][info ][gc,phases,start] GC(50) Marking Phase
[21.361s][debug][gc,phases      ] GC(50) Par Mark 89.857ms
[21.361s][debug][gc,ref         ] GC(50) Skipped phase 1 of Reference Processing: no references
[21.361s][debug][gc,ref         ] GC(50) ReferenceProcessor::execute queues: 4, RefProcThreadModel::Multi, marks_oops_alive: false
[21.361s][debug][gc,ref         ] GC(50) Skipped phase 3 of Reference Processing: no references
[21.361s][debug][gc,ref         ] GC(50) ReferenceProcessor::execute queues: 1, RefProcThreadModel::Single, marks_oops_alive: false
[21.362s][debug][gc,phases      ] GC(50) Reference Processing 0.702ms
[21.362s][debug][gc,phases      ] GC(50)   VM Weak                        Min:  0.0, Avg:  0.0, Max:  0.0, Diff:  0.0, Sum:  0.0, Workers: 4
[21.362s][debug][gc,phases      ] GC(50)     Dead                           Min: 0, Avg:  0.0, Max: 0, Diff: 0, Sum: 0, Workers: 4
[21.362s][debug][gc,phases      ] GC(50)     Total                          Min: 0, Avg: 149.8, Max: 343, Diff: 343, Sum: 599, Workers: 4
[21.362s][debug][gc,phases      ] GC(50)   ObjectSynchronizer Weak        Min:  0.0, Avg:  0.0, Max:  0.0, Diff:  0.0, Sum:  0.0, Workers: 4
[21.362s][debug][gc,phases      ] GC(50)     Dead                           Min: 0, Avg:  0.2, Max: 1, Diff: 1, Sum: 1, Workers: 4
[21.362s][debug][gc,phases      ] GC(50)     Total                          Min: 0, Avg: 116.0, Max: 192, Diff: 192, Sum: 464, Workers: 4
[21.362s][debug][gc,phases      ] GC(50)   JVMTI Tag Weak OopStorage      Min:  0.0, Avg:  0.0, Max:  0.0, Diff:  0.0, Sum:  0.0, Workers: 4
[21.362s][debug][gc,phases      ] GC(50)     Dead                           Min: 0, Avg:  0.0, Max: 0, Diff: 0, Sum: 0, Workers: 4
[21.362s][debug][gc,phases      ] GC(50)     Total                          Min: 0, Avg:  0.0, Max: 0, Diff: 0, Sum: 0, Workers: 4
[21.362s][debug][gc,phases      ] GC(50)   StringTable Weak               Min:  0.1, Avg:  0.1, Max:  0.1, Diff:  0.0, Sum:  0.5, Workers: 4
[21.362s][debug][gc,phases      ] GC(50)     Dead                           Min: 0, Avg:  0.0, Max: 0, Diff: 0, Sum: 0, Workers: 4
[21.362s][debug][gc,phases      ] GC(50)     Total                          Min: 10112, Avg: 10770.2, Max: 11273, Diff: 1161, Sum: 43081, Workers: 4
[21.362s][debug][gc,phases      ] GC(50)   ResolvedMethodTable Weak       Min:  0.0, Avg:  0.0, Max:  0.0, Diff:  0.0, Sum:  0.1, Workers: 4
[21.362s][debug][gc,phases      ] GC(50)     Dead                           Min: 0, Avg:  0.0, Max: 0, Diff: 0, Sum: 0, Workers: 4
[21.362s][debug][gc,phases      ] GC(50)     Total                          Min: 1663, Avg: 1814.8, Max: 2048, Diff: 385, Sum: 7259, Workers: 4
[21.362s][debug][gc,phases      ] GC(50)   JNI Weak                       Min:  0.0, Avg:  0.0, Max:  0.0, Diff:  0.0, Sum:  0.0, Workers: 4
[21.362s][debug][gc,phases      ] GC(50)     Dead                           Min: 0, Avg:  0.0, Max: 0, Diff: 0, Sum: 0, Workers: 4
[21.362s][debug][gc,phases      ] GC(50)     Total                          Min: 0, Avg:  1.0, Max: 4, Diff: 4, Sum: 4, Workers: 4
[21.362s][debug][gc,phases      ] GC(50)   StringDedup Table Weak         Min:  0.0, Avg:  0.0, Max:  0.0, Diff:  0.0, Sum:  0.0, Workers: 4
[21.362s][debug][gc,phases      ] GC(50)     Dead                           Min: 0, Avg:  0.0, Max: 0, Diff: 0, Sum: 0, Workers: 4
[21.362s][debug][gc,phases      ] GC(50)     Total                          Min: 0, Avg:  0.0, Max: 0, Diff: 0, Sum: 0, Workers: 4
[21.362s][debug][gc,phases      ] GC(50)   StringDedup Requests0 Weak     Min:  0.0, Avg:  0.0, Max:  0.0, Diff:  0.0, Sum:  0.0, Workers: 4
[21.362s][debug][gc,phases      ] GC(50)     Dead                           Min: 0, Avg:  0.0, Max: 0, Diff: 0, Sum: 0, Workers: 4
[21.362s][debug][gc,phases      ] GC(50)     Total                          Min: 0, Avg:  0.0, Max: 0, Diff: 0, Sum: 0, Workers: 4
[21.362s][debug][gc,phases      ] GC(50)   StringDedup Requests1 Weak     Min:  0.0, Avg:  0.0, Max:  0.0, Diff:  0.0, Sum:  0.0, Workers: 4
[21.362s][debug][gc,phases      ] GC(50)     Dead                           Min: 0, Avg:  0.0, Max: 0, Diff: 0, Sum: 0, Workers: 4
[21.362s][debug][gc,phases      ] GC(50)     Total                          Min: 0, Avg:  0.0, Max: 0, Diff: 0, Sum: 0, Workers: 4
[21.362s][debug][gc,phases      ] GC(50)   Weak JFR Old Object Samples    Min:  0.0, Avg:  0.0, Max:  0.0, Diff:  0.0, Sum:  0.0, Workers: 4
[21.362s][debug][gc,phases      ] GC(50)     Dead                           Min: 0, Avg:  0.0, Max: 0, Diff: 0, Sum: 0, Workers: 4
[21.362s][debug][gc,phases      ] GC(50)     Total                          Min: 0, Avg:  0.0, Max: 0, Diff: 0, Sum: 0, Workers: 4
[21.362s][debug][gc,phases      ] GC(50) Weak Processing 0.297ms
[21.362s][debug][gc,phases      ] GC(50) ClassLoaderData 0.074ms
[21.362s][debug][gc,phases      ] GC(50) Trigger cleanups 0.000ms
[21.371s][debug][gc,phases      ] GC(50) Class Unloading 8.877ms
[21.371s][info ][gc,phases      ] GC(50) Marking Phase 99.811ms
[21.371s][info ][gc,phases,start] GC(50) Summary Phase
[21.371s][info ][gc,phases      ] GC(50) Summary Phase 0.014ms
[21.371s][info ][gc,phases,start] GC(50) Adjust Roots
[21.378s][info ][gc,phases      ] GC(50) Adjust Roots 7.081ms
[21.378s][info ][gc,phases,start] GC(50) Compaction Phase
[21.498s][info ][gc,phases      ] GC(50) Compaction Phase 120.049ms
[21.498s][info ][gc,phases,start] GC(50) Post Compact
[21.499s][info ][gc,phases      ] GC(50) Post Compact 1.094ms
[21.499s][info ][gc,heap        ] GC(50) PSYoungGen: 64304K(1892864K)->0K(1899520K) Eden: 0K(1691648K)->0K(1701888K) From: 64304K(201216K)->0K(197632K)
[21.499s][info ][gc,heap        ] GC(50) ParOldGen: 429994K(458752K)->293286K(358912K)
[21.499s][info ][gc,metaspace   ] GC(50) Metaspace: 69068K(69888K)->69068K(69888K) NonClass: 59003K(59456K)->59003K(59456K) Class: 10065K(10432K)->10065K(10432K)
[21.499s][info ][gc             ] GC(50) Pause Full (Ergonomics) 482M->286M(2205M) 228.321ms
[21.499s][info ][gc,cpu         ] GC(50) User=0.86s Sys=0.00s Real=0.22s
[21.499s][info ][safepoint      ] Safepoint "ParallelGCFailedAllocation", Time since last: 261502449 ns, Reaching safepoint: 154201 ns, At safepoint: 251404493 ns, Total: 251558694 ns
[21.825s][info ][gc,start       ] GC(51) Pause Young (Allocation Failure)
[21.827s][debug][gc,phases      ] GC(51) Scavenge 1.017ms
[21.827s][debug][gc,ref         ] GC(51) Skipped phase 1 of Reference Processing: no references
[21.827s][debug][gc,ref         ] GC(51) Skipped phase 2 of Reference Processing: no references
[21.827s][debug][gc,ref         ] GC(51) Skipped phase 3 of Reference Processing: no references
[21.827s][debug][gc,ref         ] GC(51) Skipped phase 4 of Reference Processing: no references
[21.827s][debug][gc,phases      ] GC(51) Reference Processing 0.026ms
[21.827s][debug][gc,phases      ] GC(51)   VM Weak                        Min:  0.0, Avg:  0.0, Max:  0.0, Diff:  0.0, Sum:  0.0, Workers: 4
[21.827s][debug][gc,phases      ] GC(51)     Dead                           Min: 0, Avg:  0.0, Max: 0, Diff: 0, Sum: 0, Workers: 4
[21.827s][debug][gc,phases      ] GC(51)     Total                          Min: 0, Avg: 149.8, Max: 599, Diff: 599, Sum: 599, Workers: 4
[21.827s][debug][gc,phases      ] GC(51)   ObjectSynchronizer Weak        Min:  0.0, Avg:  0.0, Max:  0.0, Diff:  0.0, Sum:  0.0, Workers: 4
[21.827s][debug][gc,phases      ] GC(51)     Dead                           Min: 0, Avg:  0.0, Max: 0, Diff: 0, Sum: 0, Workers: 4
[21.827s][debug][gc,phases      ] GC(51)     Total                          Min: 0, Avg: 116.0, Max: 336, Diff: 336, Sum: 464, Workers: 4
[21.827s][debug][gc,phases      ] GC(51)   JVMTI Tag Weak OopStorage      Min:  0.0, Avg:  0.0, Max:  0.0, Diff:  0.0, Sum:  0.0, Workers: 4
[21.827s][debug][gc,phases      ] GC(51)     Dead                           Min: 0, Avg:  0.0, Max: 0, Diff: 0, Sum: 0, Workers: 4
[21.827s][debug][gc,phases      ] GC(51)     Total                          Min: 0, Avg:  0.0, Max: 0, Diff: 0, Sum: 0, Workers: 4
[21.827s][debug][gc,phases      ] GC(51)   StringTable Weak               Min:  0.1, Avg:  0.1, Max:  0.1, Diff:  0.0, Sum:  0.3, Workers: 4
[21.827s][debug][gc,phases      ] GC(51)     Dead                           Min: 0, Avg:  0.0, Max: 0, Diff: 0, Sum: 0, Workers: 4
[21.827s][debug][gc,phases      ] GC(51)     Total                          Min: 8128, Avg: 10771.2, Max: 13645, Diff: 5517, Sum: 43085, Workers: 4
[21.827s][debug][gc,phases      ] GC(51)   ResolvedMethodTable Weak       Min:  0.0, Avg:  0.0, Max:  0.0, Diff:  0.0, Sum:  0.1, Workers: 4
[21.827s][debug][gc,phases      ] GC(51)     Dead                           Min: 0, Avg:  0.0, Max: 0, Diff: 0, Sum: 0, Workers: 4
[21.827s][debug][gc,phases      ] GC(51)     Total                          Min: 1408, Avg: 1814.8, Max: 2204, Diff: 796, Sum: 7259, Workers: 4
[21.827s][debug][gc,phases      ] GC(51)   JNI Weak                       Min:  0.0, Avg:  0.0, Max:  0.0, Diff:  0.0, Sum:  0.0, Workers: 4
[21.827s][debug][gc,phases      ] GC(51)     Dead                           Min: 0, Avg:  0.0, Max: 0, Diff: 0, Sum: 0, Workers: 4
[21.827s][debug][gc,phases      ] GC(51)     Total                          Min: 0, Avg:  0.8, Max: 3, Diff: 3, Sum: 3, Workers: 4
[21.827s][debug][gc,phases      ] GC(51)   StringDedup Table Weak         Min:  0.0, Avg:  0.0, Max:  0.0, Diff:  0.0, Sum:  0.0, Workers: 4
[21.827s][debug][gc,phases      ] GC(51)     Dead                           Min: 0, Avg:  0.0, Max: 0, Diff: 0, Sum: 0, Workers: 4
[21.827s][debug][gc,phases      ] GC(51)     Total                          Min: 0, Avg:  0.0, Max: 0, Diff: 0, Sum: 0, Workers: 4
[21.827s][debug][gc,phases      ] GC(51)   StringDedup Requests0 Weak     Min:  0.0, Avg:  0.0, Max:  0.0, Diff:  0.0, Sum:  0.0, Workers: 4
[21.827s][debug][gc,phases      ] GC(51)     Dead                           Min: 0, Avg:  0.0, Max: 0, Diff: 0, Sum: 0, Workers: 4
[21.827s][debug][gc,phases      ] GC(51)     Total                          Min: 0, Avg:  0.0, Max: 0, Diff: 0, Sum: 0, Workers: 4
[21.827s][debug][gc,phases      ] GC(51)   StringDedup Requests1 Weak     Min:  0.0, Avg:  0.0, Max:  0.0, Diff:  0.0, Sum:  0.0, Workers: 4
[21.827s][debug][gc,phases      ] GC(51)     Dead                           Min: 0, Avg:  0.0, Max: 0, Diff: 0, Sum: 0, Workers: 4
[21.827s][debug][gc,phases      ] GC(51)     Total                          Min: 0, Avg:  0.0, Max: 0, Diff: 0, Sum: 0, Workers: 4
[21.827s][debug][gc,phases      ] GC(51)   Weak JFR Old Object Samples    Min:  0.0, Avg:  0.0, Max:  0.0, Diff:  0.0, Sum:  0.0, Workers: 4
[21.827s][debug][gc,phases      ] GC(51)     Dead                           Min: 0, Avg:  0.0, Max: 0, Diff: 0, Sum: 0, Workers: 4
[21.827s][debug][gc,phases      ] GC(51)     Total                          Min: 0, Avg:  0.0, Max: 0, Diff: 0, Sum: 0, Workers: 4
[21.827s][debug][gc,phases      ] GC(51) Weak Processing 0.243ms
[21.827s][debug][gc,age         ] GC(51) Desired survivor size 209715200 bytes, new threshold 15 (max threshold 15)
[21.827s][info ][gc,heap        ] GC(51) PSYoungGen: 1701888K(1899520K)->384K(1702400K) Eden: 1701888K(1701888K)->0K(1701888K) From: 0K(197632K)->384K(512K)
[21.827s][info ][gc,heap        ] GC(51) ParOldGen: 293286K(358912K)->293294K(358912K)
[21.827s][info ][gc,metaspace   ] GC(51) Metaspace: 69079K(69888K)->69079K(69888K) NonClass: 59013K(59456K)->59013K(59456K) Class: 10065K(10432K)->10065K(10432K)
[21.827s][info ][gc             ] GC(51) Pause Young (Allocation Failure) 1948M->286M(2013M) 1.366ms
[21.827s][info ][gc,cpu         ] GC(51) User=0.01s Sys=0.00s Real=0.00s
[21.827s][info ][safepoint      ] Safepoint "ParallelGCFailedAllocation", Time since last: 326023507 ns, Reaching safepoint: 123001 ns, At safepoint: 1450708 ns, Total: 1573709 ns
[22.138s][info ][gc,start       ] GC(52) Pause Young (Allocation Failure)
[22.139s][debug][gc,phases      ] GC(52) Scavenge 0.896ms
[22.139s][debug][gc,ref         ] GC(52) Skipped phase 1 of Reference Processing: no references
[22.139s][debug][gc,ref         ] GC(52) Skipped phase 2 of Reference Processing: no references
[22.139s][debug][gc,ref         ] GC(52) Skipped phase 3 of Reference Processing: no references
[22.139s][debug][gc,ref         ] GC(52) ReferenceProcessor::execute queues: 1, RefProcThreadModel::Single, marks_oops_alive: false
[22.139s][debug][gc,phases      ] GC(52) Reference Processing 0.084ms
[22.139s][debug][gc,phases      ] GC(52)   VM Weak                        Min:  0.0, Avg:  0.0, Max:  0.0, Diff:  0.0, Sum:  0.0, Workers: 4
[22.139s][debug][gc,phases      ] GC(52)     Dead                           Min: 0, Avg:  0.0, Max: 0, Diff: 0, Sum: 0, Workers: 4
[22.139s][debug][gc,phases      ] GC(52)     Total                          Min: 0, Avg: 149.8, Max: 343, Diff: 343, Sum: 599, Workers: 4
[22.139s][debug][gc,phases      ] GC(52)   ObjectSynchronizer Weak        Min:  0.0, Avg:  0.0, Max:  0.0, Diff:  0.0, Sum:  0.0, Workers: 4
[22.139s][debug][gc,phases      ] GC(52)     Dead                           Min: 0, Avg:  0.0, Max: 0, Diff: 0, Sum: 0, Workers: 4
[22.139s][debug][gc,phases      ] GC(52)     Total                          Min: 0, Avg: 116.0, Max: 272, Diff: 272, Sum: 464, Workers: 4
[22.139s][debug][gc,phases      ] GC(52)   JVMTI Tag Weak OopStorage      Min:  0.0, Avg:  0.0, Max:  0.0, Diff:  0.0, Sum:  0.0, Workers: 4
[22.139s][debug][gc,phases      ] GC(52)     Dead                           Min: 0, Avg:  0.0, Max: 0, Diff: 0, Sum: 0, Workers: 4
[22.139s][debug][gc,phases      ] GC(52)     Total                          Min: 0, Avg:  0.0, Max: 0, Diff: 0, Sum: 0, Workers: 4
[22.139s][debug][gc,phases      ] GC(52)   StringTable Weak               Min:  0.1, Avg:  0.1, Max:  0.1, Diff:  0.0, Sum:  0.3, Workers: 4
[22.139s][debug][gc,phases      ] GC(52)     Dead                           Min: 0, Avg:  0.0, Max: 0, Diff: 0, Sum: 0, Workers: 4
[22.139s][debug][gc,phases      ] GC(52)     Total                          Min: 8049, Avg: 10780.2, Max: 13440, Diff: 5391, Sum: 43121, Workers: 4
[22.139s][debug][gc,phases      ] GC(52)   ResolvedMethodTable Weak       Min:  0.0, Avg:  0.0, Max:  0.0, Diff:  0.0, Sum:  0.1, Workers: 4
[22.139s][debug][gc,phases      ] GC(52)     Dead                           Min: 0, Avg:  0.0, Max: 0, Diff: 0, Sum: 0, Workers: 4
[22.139s][debug][gc,phases      ] GC(52)     Total                          Min: 1536, Avg: 1815.0, Max: 2496, Diff: 960, Sum: 7260, Workers: 4
[22.139s][debug][gc,phases      ] GC(52)   JNI Weak                       Min:  0.0, Avg:  0.0, Max:  0.0, Diff:  0.0, Sum:  0.0, Workers: 4
[22.139s][debug][gc,phases      ] GC(52)     Dead                           Min: 0, Avg:  0.0, Max: 0, Diff: 0, Sum: 0, Workers: 4
[22.139s][debug][gc,phases      ] GC(52)     Total                          Min: 0, Avg:  0.0, Max: 0, Diff: 0, Sum: 0, Workers: 4
[22.139s][debug][gc,phases      ] GC(52)   StringDedup Table Weak         Min:  0.0, Avg:  0.0, Max:  0.0, Diff:  0.0, Sum:  0.0, Workers: 4
[22.139s][debug][gc,phases      ] GC(52)     Dead                           Min: 0, Avg:  0.0, Max: 0, Diff: 0, Sum: 0, Workers: 4
[22.139s][debug][gc,phases      ] GC(52)     Total                          Min: 0, Avg:  0.0, Max: 0, Diff: 0, Sum: 0, Workers: 4
[22.139s][debug][gc,phases      ] GC(52)   StringDedup Requests0 Weak     Min:  0.0, Avg:  0.0, Max:  0.0, Diff:  0.0, Sum:  0.0, Workers: 4
[22.139s][debug][gc,phases      ] GC(52)     Dead                           Min: 0, Avg:  0.0, Max: 0, Diff: 0, Sum: 0, Workers: 4
[22.139s][debug][gc,phases      ] GC(52)     Total                          Min: 0, Avg:  0.0, Max: 0, Diff: 0, Sum: 0, Workers: 4
[22.139s][debug][gc,phases      ] GC(52)   StringDedup Requests1 Weak     Min:  0.0, Avg:  0.0, Max:  0.0, Diff:  0.0, Sum:  0.0, Workers: 4
[22.139s][debug][gc,phases      ] GC(52)     Dead                           Min: 0, Avg:  0.0, Max: 0, Diff: 0, Sum: 0, Workers: 4
[22.139s][debug][gc,phases      ] GC(52)     Total                          Min: 0, Avg:  0.0, Max: 0, Diff: 0, Sum: 0, Workers: 4
[22.139s][debug][gc,phases      ] GC(52)   Weak JFR Old Object Samples    Min:  0.0, Avg:  0.0, Max:  0.0, Diff:  0.0, Sum:  0.0, Workers: 4
[22.139s][debug][gc,phases      ] GC(52)     Dead                           Min: 0, Avg:  0.0, Max: 0, Diff: 0, Sum: 0, Workers: 4
[22.139s][debug][gc,phases      ] GC(52)     Total                          Min: 0, Avg:  0.0, Max: 0, Diff: 0, Sum: 0, Workers: 4
[22.139s][debug][gc,phases      ] GC(52) Weak Processing 0.239ms
[22.139s][debug][gc,age         ] GC(52) Desired survivor size 212860928 bytes, new threshold 15 (max threshold 15)
[22.139s][info ][gc,heap        ] GC(52) PSYoungGen: 1702272K(1702400K)->608K(1886208K) Eden: 1701888K(1701888K)->0K(1681408K) From: 384K(512K)->608K(204800K)
[22.139s][info ][gc,heap        ] GC(52) ParOldGen: 293294K(358912K)->293294K(358912K)
[22.139s][info ][gc,metaspace   ] GC(52) Metaspace: 69096K(69888K)->69096K(69888K) NonClass: 59029K(59456K)->59029K(59456K) Class: 10066K(10432K)->10066K(10432K)
[22.139s][info ][gc             ] GC(52) Pause Young (Allocation Failure) 1948M->287M(2192M) 1.320ms
[22.139s][info ][gc,cpu         ] GC(52) User=0.01s Sys=0.00s Real=0.00s
[22.139s][info ][safepoint      ] Safepoint "ParallelGCFailedAllocation", Time since last: 310687821 ns, Reaching safepoint: 151601 ns, At safepoint: 1394708 ns, Total: 1546309 ns
[22.410s][info ][gc,start       ] GC(53) Pause Young (Allocation Failure)
[22.411s][debug][gc,phases      ] GC(53) Scavenge 1.145ms
[22.411s][debug][gc,ref         ] GC(53) Skipped phase 1 of Reference Processing: no references
[22.411s][debug][gc,ref         ] GC(53) ReferenceProcessor::execute queues: 1, RefProcThreadModel::Single, marks_oops_alive: false
[22.411s][debug][gc,ref         ] GC(53) Skipped phase 3 of Reference Processing: no references
[22.411s][debug][gc,ref         ] GC(53) ReferenceProcessor::execute queues: 1, RefProcThreadModel::Single, marks_oops_alive: false
[22.412s][debug][gc,phases      ] GC(53) Reference Processing 0.096ms
[22.412s][debug][gc,phases      ] GC(53)   VM Weak                        Min:  0.0, Avg:  0.0, Max:  0.0, Diff:  0.0, Sum:  0.0, Workers: 4
[22.412s][debug][gc,phases      ] GC(53)     Dead                           Min: 0, Avg:  0.0, Max: 0, Diff: 0, Sum: 0, Workers: 4
[22.412s][debug][gc,phases      ] GC(53)     Total                          Min: 0, Avg: 150.0, Max: 600, Diff: 600, Sum: 600, Workers: 4
[22.412s][debug][gc,phases      ] GC(53)   ObjectSynchronizer Weak        Min:  0.0, Avg:  0.0, Max:  0.0, Diff:  0.0, Sum:  0.0, Workers: 4
[22.412s][debug][gc,phases      ] GC(53)     Dead                           Min: 0, Avg:  0.0, Max: 0, Diff: 0, Sum: 0, Workers: 4
[22.412s][debug][gc,phases      ] GC(53)     Total                          Min: 0, Avg: 116.0, Max: 336, Diff: 336, Sum: 464, Workers: 4
[22.412s][debug][gc,phases      ] GC(53)   JVMTI Tag Weak OopStorage      Min:  0.0, Avg:  0.0, Max:  0.0, Diff:  0.0, Sum:  0.0, Workers: 4
[22.412s][debug][gc,phases      ] GC(53)     Dead                           Min: 0, Avg:  0.0, Max: 0, Diff: 0, Sum: 0, Workers: 4
[22.412s][debug][gc,phases      ] GC(53)     Total                          Min: 0, Avg:  0.0, Max: 0, Diff: 0, Sum: 0, Workers: 4
[22.412s][debug][gc,phases      ] GC(53)   StringTable Weak               Min:  0.1, Avg:  0.1, Max:  0.1, Diff:  0.0, Sum:  0.3, Workers: 4
[22.412s][debug][gc,phases      ] GC(53)     Dead                           Min: 0, Avg:  0.0, Max: 0, Diff: 0, Sum: 0, Workers: 4
[22.412s][debug][gc,phases      ] GC(53)     Total                          Min: 8960, Avg: 10810.0, Max: 13248, Diff: 4288, Sum: 43240, Workers: 4
[22.412s][debug][gc,phases      ] GC(53)   ResolvedMethodTable Weak       Min:  0.0, Avg:  0.0, Max:  0.0, Diff:  0.0, Sum:  0.1, Workers: 4
[22.412s][debug][gc,phases      ] GC(53)     Dead                           Min: 0, Avg: 10.0, Max: 35, Diff: 35, Sum: 40, Workers: 4
[22.412s][debug][gc,phases      ] GC(53)     Total                          Min: 576, Avg: 1830.5, Max: 2715, Diff: 2139, Sum: 7322, Workers: 4
[22.412s][debug][gc,phases      ] GC(53)   JNI Weak                       Min:  0.0, Avg:  0.0, Max:  0.0, Diff:  0.0, Sum:  0.0, Workers: 4
[22.412s][debug][gc,phases      ] GC(53)     Dead                           Min: 0, Avg:  0.0, Max: 0, Diff: 0, Sum: 0, Workers: 4
[22.412s][debug][gc,phases      ] GC(53)     Total                          Min: 0, Avg:  0.0, Max: 0, Diff: 0, Sum: 0, Workers: 4
[22.412s][debug][gc,phases      ] GC(53)   StringDedup Table Weak         Min:  0.0, Avg:  0.0, Max:  0.0, Diff:  0.0, Sum:  0.0, Workers: 4
[22.412s][debug][gc,phases      ] GC(53)     Dead                           Min: 0, Avg:  0.0, Max: 0, Diff: 0, Sum: 0, Workers: 4
[22.412s][debug][gc,phases      ] GC(53)     Total                          Min: 0, Avg:  0.0, Max: 0, Diff: 0, Sum: 0, Workers: 4
[22.412s][debug][gc,phases      ] GC(53)   StringDedup Requests0 Weak     Min:  0.0, Avg:  0.0, Max:  0.0, Diff:  0.0, Sum:  0.0, Workers: 4
[22.412s][debug][gc,phases      ] GC(53)     Dead                           Min: 0, Avg:  0.0, Max: 0, Diff: 0, Sum: 0, Workers: 4
[22.412s][debug][gc,phases      ] GC(53)     Total                          Min: 0, Avg:  0.0, Max: 0, Diff: 0, Sum: 0, Workers: 4
[22.412s][debug][gc,phases      ] GC(53)   StringDedup Requests1 Weak     Min:  0.0, Avg:  0.0, Max:  0.0, Diff:  0.0, Sum:  0.0, Workers: 4
[22.412s][debug][gc,phases      ] GC(53)     Dead                           Min: 0, Avg:  0.0, Max: 0, Diff: 0, Sum: 0, Workers: 4
[22.412s][debug][gc,phases      ] GC(53)     Total                          Min: 0, Avg:  0.0, Max: 0, Diff: 0, Sum: 0, Workers: 4
[22.412s][debug][gc,phases      ] GC(53)   Weak JFR Old Object Samples    Min:  0.0, Avg:  0.0, Max:  0.0, Diff:  0.0, Sum:  0.0, Workers: 4
[22.412s][debug][gc,phases      ] GC(53)     Dead                           Min: 0, Avg:  0.0, Max: 0, Diff: 0, Sum: 0, Workers: 4
[22.412s][debug][gc,phases      ] GC(53)     Total                          Min: 0, Avg:  0.0, Max: 0, Diff: 0, Sum: 0, Workers: 4
[22.412s][debug][gc,phases      ] GC(53) Weak Processing 0.252ms
[22.412s][debug][gc,age         ] GC(53) Desired survivor size 213909504 bytes, new threshold 15 (max threshold 15)
[22.412s][info ][gc,heap        ] GC(53) PSYoungGen: 1682016K(1886208K)->832K(1682432K) Eden: 1681408K(1681408K)->0K(1681408K) From: 608K(204800K)->832K(1024K)
[22.412s][info ][gc,heap        ] GC(53) ParOldGen: 293294K(358912K)->293294K(358912K)
[22.412s][info ][gc,metaspace   ] GC(53) Metaspace: 69768K(70528K)->69768K(70528K) NonClass: 59613K(60032K)->59613K(60032K) Class: 10154K(10496K)->10154K(10496K)
[22.412s][info ][gc             ] GC(53) Pause Young (Allocation Failure) 1929M->287M(1993M) 1.577ms
[22.412s][info ][gc,cpu         ] GC(53) User=0.01s Sys=0.00s Real=0.00s
[22.412s][info ][safepoint      ] Safepoint "ParallelGCFailedAllocation", Time since last: 270945301 ns, Reaching safepoint: 134001 ns, At safepoint: 1669209 ns, Total: 1803210 ns
[22.741s][info ][gc,start       ] GC(54) Pause Young (Allocation Failure)
[22.743s][debug][gc,phases      ] GC(54) Scavenge 1.465ms
[22.743s][debug][gc,ref         ] GC(54) Skipped phase 1 of Reference Processing: no references
[22.743s][debug][gc,ref         ] GC(54) ReferenceProcessor::execute queues: 1, RefProcThreadModel::Single, marks_oops_alive: false
[22.743s][debug][gc,ref         ] GC(54) Skipped phase 3 of Reference Processing: no references
[22.743s][debug][gc,ref         ] GC(54) ReferenceProcessor::execute queues: 1, RefProcThreadModel::Single, marks_oops_alive: false
[22.743s][debug][gc,phases      ] GC(54) Reference Processing 0.091ms
[22.743s][debug][gc,phases      ] GC(54)   VM Weak                        Min:  0.0, Avg:  0.0, Max:  0.0, Diff:  0.0, Sum:  0.0, Workers: 4
[22.743s][debug][gc,phases      ] GC(54)     Dead                           Min: 0, Avg:  0.0, Max: 0, Diff: 0, Sum: 0, Workers: 4
[22.743s][debug][gc,phases      ] GC(54)     Total                          Min: 0, Avg: 151.2, Max: 605, Diff: 605, Sum: 605, Workers: 4
[22.743s][debug][gc,phases      ] GC(54)   ObjectSynchronizer Weak        Min:  0.0, Avg:  0.0, Max:  0.0, Diff:  0.0, Sum:  0.0, Workers: 4
[22.743s][debug][gc,phases      ] GC(54)     Dead                           Min: 0, Avg:  0.0, Max: 0, Diff: 0, Sum: 0, Workers: 4
[22.743s][debug][gc,phases      ] GC(54)     Total                          Min: 0, Avg: 116.0, Max: 272, Diff: 272, Sum: 464, Workers: 4
[22.743s][debug][gc,phases      ] GC(54)   JVMTI Tag Weak OopStorage      Min:  0.0, Avg:  0.0, Max:  0.0, Diff:  0.0, Sum:  0.0, Workers: 4
[22.743s][debug][gc,phases      ] GC(54)     Dead                           Min: 0, Avg:  0.0, Max: 0, Diff: 0, Sum: 0, Workers: 4
[22.743s][debug][gc,phases      ] GC(54)     Total                          Min: 0, Avg:  0.0, Max: 0, Diff: 0, Sum: 0, Workers: 4
[22.743s][debug][gc,phases      ] GC(54)   StringTable Weak               Min:  0.1, Avg:  0.1, Max:  0.1, Diff:  0.0, Sum:  0.3, Workers: 4
[22.743s][debug][gc,phases      ] GC(54)     Dead                           Min: 0, Avg:  0.0, Max: 0, Diff: 0, Sum: 0, Workers: 4
[22.743s][debug][gc,phases      ] GC(54)     Total                          Min: 8640, Avg: 11033.5, Max: 12928, Diff: 4288, Sum: 44134, Workers: 4
[22.743s][debug][gc,phases      ] GC(54)   ResolvedMethodTable Weak       Min:  0.0, Avg:  0.0, Max:  0.0, Diff:  0.0, Sum:  0.0, Workers: 4
[22.743s][debug][gc,phases      ] GC(54)     Dead                           Min: 0, Avg: 11.0, Max: 37, Diff: 37, Sum: 44, Workers: 4
[22.743s][debug][gc,phases      ] GC(54)     Total                          Min: 1792, Avg: 1871.2, Max: 1984, Diff: 192, Sum: 7485, Workers: 4
[22.743s][debug][gc,phases      ] GC(54)   JNI Weak                       Min:  0.0, Avg:  0.0, Max:  0.0, Diff:  0.0, Sum:  0.0, Workers: 4
[22.743s][debug][gc,phases      ] GC(54)     Dead                           Min: 0, Avg:  0.0, Max: 0, Diff: 0, Sum: 0, Workers: 4
[22.743s][debug][gc,phases      ] GC(54)     Total                          Min: 0, Avg:  0.0, Max: 0, Diff: 0, Sum: 0, Workers: 4
[22.743s][debug][gc,phases      ] GC(54)   StringDedup Table Weak         Min:  0.0, Avg:  0.0, Max:  0.0, Diff:  0.0, Sum:  0.0, Workers: 4
[22.743s][debug][gc,phases      ] GC(54)     Dead                           Min: 0, Avg:  0.0, Max: 0, Diff: 0, Sum: 0, Workers: 4
[22.743s][debug][gc,phases      ] GC(54)     Total                          Min: 0, Avg:  0.0, Max: 0, Diff: 0, Sum: 0, Workers: 4
[22.743s][debug][gc,phases      ] GC(54)   StringDedup Requests0 Weak     Min:  0.0, Avg:  0.0, Max:  0.0, Diff:  0.0, Sum:  0.0, Workers: 4
[22.743s][debug][gc,phases      ] GC(54)     Dead                           Min: 0, Avg:  0.0, Max: 0, Diff: 0, Sum: 0, Workers: 4
[22.743s][debug][gc,phases      ] GC(54)     Total                          Min: 0, Avg:  0.0, Max: 0, Diff: 0, Sum: 0, Workers: 4
[22.743s][debug][gc,phases      ] GC(54)   StringDedup Requests1 Weak     Min:  0.0, Avg:  0.0, Max:  0.0, Diff:  0.0, Sum:  0.0, Workers: 4
[22.743s][debug][gc,phases      ] GC(54)     Dead                           Min: 0, Avg:  0.0, Max: 0, Diff: 0, Sum: 0, Workers: 4
[22.743s][debug][gc,phases      ] GC(54)     Total                          Min: 0, Avg:  0.0, Max: 0, Diff: 0, Sum: 0, Workers: 4
[22.743s][debug][gc,phases      ] GC(54)   Weak JFR Old Object Samples    Min:  0.0, Avg:  0.0, Max:  0.0, Diff:  0.0, Sum:  0.0, Workers: 4
[22.743s][debug][gc,phases      ] GC(54)     Dead                           Min: 0, Avg:  0.0, Max: 0, Diff: 0, Sum: 0, Workers: 4
[22.743s][debug][gc,phases      ] GC(54)     Total                          Min: 0, Avg:  0.0, Max: 0, Diff: 0, Sum: 0, Workers: 4
[22.743s][debug][gc,phases      ] GC(54) Weak Processing 0.230ms
[22.743s][debug][gc,age         ] GC(54) Desired survivor size 212336640 bytes, new threshold 15 (max threshold 15)
[22.743s][info ][gc,heap        ] GC(54) PSYoungGen: 1682240K(1682432K)->1664K(1889792K) Eden: 1681408K(1681408K)->0K(1680896K) From: 832K(1024K)->1664K(208896K)
[22.743s][info ][gc,heap        ] GC(54) ParOldGen: 293294K(358912K)->293302K(358912K)
[22.743s][info ][gc,metaspace   ] GC(54) Metaspace: 71359K(72192K)->71359K(72192K) NonClass: 60907K(61376K)->60907K(61376K) Class: 10451K(10816K)->10451K(10816K)
[22.743s][info ][gc             ] GC(54) Pause Young (Allocation Failure) 1929M->288M(2196M) 1.871ms
[22.743s][info ][gc,cpu         ] GC(54) User=0.00s Sys=0.00s Real=0.00s
[22.743s][info ][safepoint      ] Safepoint "ParallelGCFailedAllocation", Time since last: 329333624 ns, Reaching safepoint: 142501 ns, At safepoint: 1946311 ns, Total: 2088812 ns
[23.066s][info ][gc,start       ] GC(55) Pause Young (Allocation Failure)
[23.068s][debug][gc,phases      ] GC(55) Scavenge 2.550ms
[23.068s][debug][gc,ref         ] GC(55) Skipped phase 1 of Reference Processing: no references
[23.068s][debug][gc,ref         ] GC(55) ReferenceProcessor::execute queues: 1, RefProcThreadModel::Single, marks_oops_alive: false
[23.068s][debug][gc,ref         ] GC(55) Skipped phase 3 of Reference Processing: no references
[23.068s][debug][gc,ref         ] GC(55) ReferenceProcessor::execute queues: 1, RefProcThreadModel::Single, marks_oops_alive: false
[23.068s][debug][gc,phases      ] GC(55) Reference Processing 0.108ms
[23.069s][debug][gc,phases      ] GC(55)   VM Weak                        Min:  0.0, Avg:  0.0, Max:  0.0, Diff:  0.0, Sum:  0.0, Workers: 4
[23.069s][debug][gc,phases      ] GC(55)     Dead                           Min: 0, Avg:  0.0, Max: 0, Diff: 0, Sum: 0, Workers: 4
[23.069s][debug][gc,phases      ] GC(55)     Total                          Min: 0, Avg: 153.5, Max: 614, Diff: 614, Sum: 614, Workers: 4
[23.069s][debug][gc,phases      ] GC(55)   ObjectSynchronizer Weak        Min:  0.0, Avg:  0.0, Max:  0.0, Diff:  0.0, Sum:  0.0, Workers: 4
[23.069s][debug][gc,phases      ] GC(55)     Dead                           Min: 0, Avg:  0.2, Max: 1, Diff: 1, Sum: 1, Workers: 4
[23.069s][debug][gc,phases      ] GC(55)     Total                          Min: 0, Avg: 116.2, Max: 192, Diff: 192, Sum: 465, Workers: 4
[23.069s][debug][gc,phases      ] GC(55)   JVMTI Tag Weak OopStorage      Min:  0.0, Avg:  0.0, Max:  0.0, Diff:  0.0, Sum:  0.0, Workers: 4
[23.069s][debug][gc,phases      ] GC(55)     Dead                           Min: 0, Avg:  0.0, Max: 0, Diff: 0, Sum: 0, Workers: 4
[23.069s][debug][gc,phases      ] GC(55)     Total                          Min: 0, Avg:  0.0, Max: 0, Diff: 0, Sum: 0, Workers: 4
[23.069s][debug][gc,phases      ] GC(55)   StringTable Weak               Min:  0.1, Avg:  0.1, Max:  0.1, Diff:  0.0, Sum:  0.3, Workers: 4
[23.069s][debug][gc,phases      ] GC(55)     Dead                           Min: 0, Avg:  0.2, Max: 1, Diff: 1, Sum: 1, Workers: 4
[23.069s][debug][gc,phases      ] GC(55)     Total                          Min: 8907, Avg: 11378.8, Max: 14848, Diff: 5941, Sum: 45515, Workers: 4
[23.069s][debug][gc,phases      ] GC(55)   ResolvedMethodTable Weak       Min:  0.0, Avg:  0.0, Max:  0.0, Diff:  0.0, Sum:  0.1, Workers: 4
[23.069s][debug][gc,phases      ] GC(55)     Dead                           Min: 0, Avg:  1.0, Max: 4, Diff: 4, Sum: 4, Workers: 4
[23.069s][debug][gc,phases      ] GC(55)     Total                          Min: 1566, Avg: 1879.2, Max: 2176, Diff: 610, Sum: 7517, Workers: 4
[23.069s][debug][gc,phases      ] GC(55)   JNI Weak                       Min:  0.0, Avg:  0.0, Max:  0.0, Diff:  0.0, Sum:  0.0, Workers: 4
[23.069s][debug][gc,phases      ] GC(55)     Dead                           Min: 0, Avg:  0.0, Max: 0, Diff: 0, Sum: 0, Workers: 4
[23.069s][debug][gc,phases      ] GC(55)     Total                          Min: 0, Avg:  0.0, Max: 0, Diff: 0, Sum: 0, Workers: 4
[23.069s][debug][gc,phases      ] GC(55)   StringDedup Table Weak         Min:  0.0, Avg:  0.0, Max:  0.0, Diff:  0.0, Sum:  0.0, Workers: 4
[23.069s][debug][gc,phases      ] GC(55)     Dead                           Min: 0, Avg:  0.0, Max: 0, Diff: 0, Sum: 0, Workers: 4
[23.069s][debug][gc,phases      ] GC(55)     Total                          Min: 0, Avg:  0.0, Max: 0, Diff: 0, Sum: 0, Workers: 4
[23.069s][debug][gc,phases      ] GC(55)   StringDedup Requests0 Weak     Min:  0.0, Avg:  0.0, Max:  0.0, Diff:  0.0, Sum:  0.0, Workers: 4
[23.069s][debug][gc,phases      ] GC(55)     Dead                           Min: 0, Avg:  0.0, Max: 0, Diff: 0, Sum: 0, Workers: 4
[23.069s][debug][gc,phases      ] GC(55)     Total                          Min: 0, Avg:  0.0, Max: 0, Diff: 0, Sum: 0, Workers: 4
[23.069s][debug][gc,phases      ] GC(55)   StringDedup Requests1 Weak     Min:  0.0, Avg:  0.0, Max:  0.0, Diff:  0.0, Sum:  0.0, Workers: 4
[23.069s][debug][gc,phases      ] GC(55)     Dead                           Min: 0, Avg:  0.0, Max: 0, Diff: 0, Sum: 0, Workers: 4
[23.069s][debug][gc,phases      ] GC(55)     Total                          Min: 0, Avg:  0.0, Max: 0, Diff: 0, Sum: 0, Workers: 4
[23.069s][debug][gc,phases      ] GC(55)   Weak JFR Old Object Samples    Min:  0.0, Avg:  0.0, Max:  0.0, Diff:  0.0, Sum:  0.0, Workers: 4
[23.069s][debug][gc,phases      ] GC(55)     Dead                           Min: 0, Avg:  0.0, Max: 0, Diff: 0, Sum: 0, Workers: 4
[23.069s][debug][gc,phases      ] GC(55)     Total                          Min: 0, Avg:  0.0, Max: 0, Diff: 0, Sum: 0, Workers: 4
[23.069s][debug][gc,phases      ] GC(55) Weak Processing 0.249ms
[23.069s][debug][gc,age         ] GC(55) Desired survivor size 208666624 bytes, new threshold 15 (max threshold 15)
[23.069s][info ][gc,heap        ] GC(55) PSYoungGen: 1682560K(1889792K)->3493K(1888256K) Eden: 1680896K(1680896K)->0K(1680896K) From: 1664K(208896K)->3493K(207360K)
[23.069s][info ][gc,heap        ] GC(55) ParOldGen: 293302K(358912K)->293310K(358912K)
[23.069s][info ][gc,metaspace   ] GC(55) Metaspace: 74706K(75520K)->74706K(75520K) NonClass: 63815K(64256K)->63815K(64256K) Class: 10890K(11264K)->10890K(11264K)
[23.069s][info ][gc             ] GC(55) Pause Young (Allocation Failure) 1929M->289M(2194M) 2.992ms
[23.069s][info ][gc,cpu         ] GC(55) User=0.01s Sys=0.00s Real=0.00s
[23.069s][info ][safepoint      ] Safepoint "ParallelGCFailedAllocation", Time since last: 322164184 ns, Reaching safepoint: 189401 ns, At safepoint: 3081518 ns, Total: 3270919 ns
[23.340s][info ][gc,start       ] GC(56) Pause Young (Allocation Failure)
[23.342s][debug][gc,phases      ] GC(56) Scavenge 1.910ms
[23.342s][debug][gc,ref         ] GC(56) Skipped phase 1 of Reference Processing: no references
[23.342s][debug][gc,ref         ] GC(56) ReferenceProcessor::execute queues: 1, RefProcThreadModel::Single, marks_oops_alive: false
[23.342s][debug][gc,ref         ] GC(56) Skipped phase 3 of Reference Processing: no references
[23.342s][debug][gc,ref         ] GC(56) ReferenceProcessor::execute queues: 1, RefProcThreadModel::Single, marks_oops_alive: false
[23.342s][debug][gc,phases      ] GC(56) Reference Processing 0.094ms
[23.343s][debug][gc,phases      ] GC(56)   VM Weak                        Min:  0.0, Avg:  0.0, Max:  0.0, Diff:  0.0, Sum:  0.0, Workers: 4
[23.343s][debug][gc,phases      ] GC(56)     Dead                           Min: 0, Avg:  0.0, Max: 0, Diff: 0, Sum: 0, Workers: 4
[23.343s][debug][gc,phases      ] GC(56)     Total                          Min: 0, Avg: 153.8, Max: 551, Diff: 551, Sum: 615, Workers: 4
[23.343s][debug][gc,phases      ] GC(56)   ObjectSynchronizer Weak        Min:  0.0, Avg:  0.0, Max:  0.0, Diff:  0.0, Sum:  0.0, Workers: 4
[23.343s][debug][gc,phases      ] GC(56)     Dead                           Min: 0, Avg:  0.0, Max: 0, Diff: 0, Sum: 0, Workers: 4
[23.343s][debug][gc,phases      ] GC(56)     Total                          Min: 0, Avg: 116.2, Max: 256, Diff: 256, Sum: 465, Workers: 4
[23.343s][debug][gc,phases      ] GC(56)   JVMTI Tag Weak OopStorage      Min:  0.0, Avg:  0.0, Max:  0.0, Diff:  0.0, Sum:  0.0, Workers: 4
[23.343s][debug][gc,phases      ] GC(56)     Dead                           Min: 0, Avg:  0.0, Max: 0, Diff: 0, Sum: 0, Workers: 4
[23.343s][debug][gc,phases      ] GC(56)     Total                          Min: 0, Avg:  0.0, Max: 0, Diff: 0, Sum: 0, Workers: 4
[23.343s][debug][gc,phases      ] GC(56)   StringTable Weak               Min:  0.1, Avg:  0.1, Max:  0.1, Diff:  0.0, Sum:  0.3, Workers: 4
[23.343s][debug][gc,phases      ] GC(56)     Dead                           Min: 0, Avg:  0.8, Max: 2, Diff: 2, Sum: 3, Workers: 4
[23.343s][debug][gc,phases      ] GC(56)     Total                          Min: 8256, Avg: 11431.2, Max: 12957, Diff: 4701, Sum: 45725, Workers: 4
[23.343s][debug][gc,phases      ] GC(56)   ResolvedMethodTable Weak       Min:  0.0, Avg:  0.0, Max:  0.0, Diff:  0.0, Sum:  0.1, Workers: 4
[23.343s][debug][gc,phases      ] GC(56)     Dead                           Min: 0, Avg:  8.2, Max: 25, Diff: 25, Sum: 33, Workers: 4
[23.343s][debug][gc,phases      ] GC(56)     Total                          Min: 1408, Avg: 1892.0, Max: 2128, Diff: 720, Sum: 7568, Workers: 4
[23.343s][debug][gc,phases      ] GC(56)   JNI Weak                       Min:  0.0, Avg:  0.0, Max:  0.0, Diff:  0.0, Sum:  0.0, Workers: 4
[23.343s][debug][gc,phases      ] GC(56)     Dead                           Min: 0, Avg:  0.0, Max: 0, Diff: 0, Sum: 0, Workers: 4
[23.343s][debug][gc,phases      ] GC(56)     Total                          Min: 0, Avg:  0.8, Max: 3, Diff: 3, Sum: 3, Workers: 4
[23.343s][debug][gc,phases      ] GC(56)   StringDedup Table Weak         Min:  0.0, Avg:  0.0, Max:  0.0, Diff:  0.0, Sum:  0.0, Workers: 4
[23.343s][debug][gc,phases      ] GC(56)     Dead                           Min: 0, Avg:  0.0, Max: 0, Diff: 0, Sum: 0, Workers: 4
[23.343s][debug][gc,phases      ] GC(56)     Total                          Min: 0, Avg:  0.0, Max: 0, Diff: 0, Sum: 0, Workers: 4
[23.343s][debug][gc,phases      ] GC(56)   StringDedup Requests0 Weak     Min:  0.0, Avg:  0.0, Max:  0.0, Diff:  0.0, Sum:  0.0, Workers: 4
[23.343s][debug][gc,phases      ] GC(56)     Dead                           Min: 0, Avg:  0.0, Max: 0, Diff: 0, Sum: 0, Workers: 4
[23.343s][debug][gc,phases      ] GC(56)     Total                          Min: 0, Avg:  0.0, Max: 0, Diff: 0, Sum: 0, Workers: 4
[23.343s][debug][gc,phases      ] GC(56)   StringDedup Requests1 Weak     Min:  0.0, Avg:  0.0, Max:  0.0, Diff:  0.0, Sum:  0.0, Workers: 4
[23.343s][debug][gc,phases      ] GC(56)     Dead                           Min: 0, Avg:  0.0, Max: 0, Diff: 0, Sum: 0, Workers: 4
[23.343s][debug][gc,phases      ] GC(56)     Total                          Min: 0, Avg:  0.0, Max: 0, Diff: 0, Sum: 0, Workers: 4
[23.343s][debug][gc,phases      ] GC(56)   Weak JFR Old Object Samples    Min:  0.0, Avg:  0.0, Max:  0.0, Diff:  0.0, Sum:  0.0, Workers: 4
[23.343s][debug][gc,phases      ] GC(56)     Dead                           Min: 0, Avg:  0.0, Max: 0, Diff: 0, Sum: 0, Workers: 4
[23.343s][debug][gc,phases      ] GC(56)     Total                          Min: 0, Avg:  0.0, Max: 0, Diff: 0, Sum: 0, Workers: 4
[23.343s][debug][gc,phases      ] GC(56) Weak Processing 0.248ms
[23.343s][debug][gc,age         ] GC(56) Desired survivor size 203423744 bytes, new threshold 15 (max threshold 15)
[23.343s][info ][gc,heap        ] GC(56) PSYoungGen: 1684389K(1888256K)->4190K(1898496K) Eden: 1680896K(1680896K)->0K(1694720K) From: 3493K(207360K)->4190K(203776K)
[23.343s][info ][gc,heap        ] GC(56) ParOldGen: 293310K(358912K)->293318K(358912K)
[23.343s][info ][gc,metaspace   ] GC(56) Metaspace: 75648K(76352K)->75648K(76352K) NonClass: 64642K(65024K)->64642K(65024K) Class: 11005K(11328K)->11005K(11328K)
[23.343s][info ][gc             ] GC(56) Pause Young (Allocation Failure) 1931M->290M(2204M) 2.339ms
[23.343s][info ][gc,cpu         ] GC(56) User=0.01s Sys=0.00s Real=0.01s
[23.343s][info ][safepoint      ] Safepoint "ParallelGCFailedAllocation", Time since last: 271516203 ns, Reaching safepoint: 173701 ns, At safepoint: 2420514 ns, Total: 2594215 ns
[23.528s][info ][safepoint      ] Safepoint "ICBufferFull", Time since last: 184249520 ns, Reaching safepoint: 636704 ns, At safepoint: 25600 ns, Total: 662304 ns
[23.634s][info ][safepoint      ] Safepoint "ICBufferFull", Time since last: 102424367 ns, Reaching safepoint: 3346119 ns, At safepoint: 32400 ns, Total: 3378519 ns
[23.766s][info ][gc,start       ] GC(57) Pause Young (Allocation Failure)
[23.770s][debug][gc,phases      ] GC(57) Scavenge 4.003ms
[23.771s][debug][gc,ref         ] GC(57) Skipped phase 1 of Reference Processing: no references
[23.771s][debug][gc,ref         ] GC(57) ReferenceProcessor::execute queues: 1, RefProcThreadModel::Single, marks_oops_alive: false
[23.771s][debug][gc,ref         ] GC(57) Skipped phase 3 of Reference Processing: no references
[23.771s][debug][gc,ref         ] GC(57) ReferenceProcessor::execute queues: 1, RefProcThreadModel::Single, marks_oops_alive: false
[23.771s][debug][gc,phases      ] GC(57) Reference Processing 0.108ms
[23.771s][debug][gc,phases      ] GC(57)   VM Weak                        Min:  0.0, Avg:  0.0, Max:  0.0, Diff:  0.0, Sum:  0.0, Workers: 4
[23.771s][debug][gc,phases      ] GC(57)     Dead                           Min: 0, Avg:  0.0, Max: 0, Diff: 0, Sum: 0, Workers: 4
[23.771s][debug][gc,phases      ] GC(57)     Total                          Min: 0, Avg: 156.2, Max: 512, Diff: 512, Sum: 625, Workers: 4
[23.771s][debug][gc,phases      ] GC(57)   ObjectSynchronizer Weak        Min:  0.0, Avg:  0.0, Max:  0.0, Diff:  0.0, Sum:  0.0, Workers: 4
[23.771s][debug][gc,phases      ] GC(57)     Dead                           Min: 0, Avg:  0.0, Max: 0, Diff: 0, Sum: 0, Workers: 4
[23.771s][debug][gc,phases      ] GC(57)     Total                          Min: 0, Avg: 116.8, Max: 256, Diff: 256, Sum: 467, Workers: 4
[23.771s][debug][gc,phases      ] GC(57)   JVMTI Tag Weak OopStorage      Min:  0.0, Avg:  0.0, Max:  0.0, Diff:  0.0, Sum:  0.0, Workers: 4
[23.771s][debug][gc,phases      ] GC(57)     Dead                           Min: 0, Avg:  0.0, Max: 0, Diff: 0, Sum: 0, Workers: 4
[23.771s][debug][gc,phases      ] GC(57)     Total                          Min: 0, Avg:  0.0, Max: 0, Diff: 0, Sum: 0, Workers: 4
[23.771s][debug][gc,phases      ] GC(57)   StringTable Weak               Min:  0.1, Avg:  0.1, Max:  0.1, Diff:  0.0, Sum:  0.4, Workers: 4
[23.771s][debug][gc,phases      ] GC(57)     Dead                           Min: 0, Avg:  0.5, Max: 1, Diff: 1, Sum: 2, Workers: 4
[23.771s][debug][gc,phases      ] GC(57)     Total                          Min: 9024, Avg: 11510.2, Max: 14272, Diff: 5248, Sum: 46041, Workers: 4
[23.771s][debug][gc,phases      ] GC(57)   ResolvedMethodTable Weak       Min:  0.0, Avg:  0.0, Max:  0.0, Diff:  0.0, Sum:  0.1, Workers: 4
[23.771s][debug][gc,phases      ] GC(57)     Dead                           Min: 0, Avg: 10.8, Max: 17, Diff: 17, Sum: 43, Workers: 4
[23.771s][debug][gc,phases      ] GC(57)     Total                          Min: 1479, Avg: 1937.8, Max: 2240, Diff: 761, Sum: 7751, Workers: 4
[23.771s][debug][gc,phases      ] GC(57)   JNI Weak                       Min:  0.0, Avg:  0.0, Max:  0.0, Diff:  0.0, Sum:  0.0, Workers: 4
[23.771s][debug][gc,phases      ] GC(57)     Dead                           Min: 0, Avg:  0.0, Max: 0, Diff: 0, Sum: 0, Workers: 4
[23.771s][debug][gc,phases      ] GC(57)     Total                          Min: 0, Avg: 11.2, Max: 45, Diff: 45, Sum: 45, Workers: 4
[23.771s][debug][gc,phases      ] GC(57)   StringDedup Table Weak         Min:  0.0, Avg:  0.0, Max:  0.0, Diff:  0.0, Sum:  0.0, Workers: 4
[23.771s][debug][gc,phases      ] GC(57)     Dead                           Min: 0, Avg:  0.0, Max: 0, Diff: 0, Sum: 0, Workers: 4
[23.771s][debug][gc,phases      ] GC(57)     Total                          Min: 0, Avg:  0.0, Max: 0, Diff: 0, Sum: 0, Workers: 4
[23.771s][debug][gc,phases      ] GC(57)   StringDedup Requests0 Weak     Min:  0.0, Avg:  0.0, Max:  0.0, Diff:  0.0, Sum:  0.0, Workers: 4
[23.771s][debug][gc,phases      ] GC(57)     Dead                           Min: 0, Avg:  0.0, Max: 0, Diff: 0, Sum: 0, Workers: 4
[23.771s][debug][gc,phases      ] GC(57)     Total                          Min: 0, Avg:  0.0, Max: 0, Diff: 0, Sum: 0, Workers: 4
[23.771s][debug][gc,phases      ] GC(57)   StringDedup Requests1 Weak     Min:  0.0, Avg:  0.0, Max:  0.0, Diff:  0.0, Sum:  0.0, Workers: 4
[23.771s][debug][gc,phases      ] GC(57)     Dead                           Min: 0, Avg:  0.0, Max: 0, Diff: 0, Sum: 0, Workers: 4
[23.771s][debug][gc,phases      ] GC(57)     Total                          Min: 0, Avg:  0.0, Max: 0, Diff: 0, Sum: 0, Workers: 4
[23.771s][debug][gc,phases      ] GC(57)   Weak JFR Old Object Samples    Min:  0.0, Avg:  0.0, Max:  0.0, Diff:  0.0, Sum:  0.0, Workers: 4
[23.771s][debug][gc,phases      ] GC(57)     Dead                           Min: 0, Avg:  0.0, Max: 0, Diff: 0, Sum: 0, Workers: 4
[23.771s][debug][gc,phases      ] GC(57)     Total                          Min: 0, Avg:  0.0, Max: 0, Diff: 0, Sum: 0, Workers: 4
[23.771s][debug][gc,phases      ] GC(57) Weak Processing 0.259ms
[23.771s][debug][gc,age         ] GC(57) Desired survivor size 196083712 bytes, new threshold 15 (max threshold 15)
[23.771s][info ][gc,heap        ] GC(57) PSYoungGen: 1698910K(1898496K)->9142K(1893376K) Eden: 1694720K(1694720K)->0K(1694720K) From: 4190K(203776K)->9142K(198656K)
[23.771s][info ][gc,heap        ] GC(57) ParOldGen: 293318K(358912K)->293326K(358912K)
[23.771s][info ][gc,metaspace   ] GC(57) Metaspace: 76702K(77504K)->76702K(77504K) NonClass: 65558K(65984K)->65558K(65984K) Class: 11143K(11520K)->11143K(11520K)
[23.771s][info ][gc             ] GC(57) Pause Young (Allocation Failure) 1945M->295M(2199M) 4.470ms
[23.771s][info ][gc,cpu         ] GC(57) User=0.02s Sys=0.00s Real=0.01s
[23.771s][info ][safepoint      ] Safepoint "ParallelGCFailedAllocation", Time since last: 132603134 ns, Reaching safepoint: 257902 ns, At safepoint: 4578425 ns, Total: 4836327 ns
[23.914s][info ][safepoint      ] Safepoint "ICBufferFull", Time since last: 143082192 ns, Reaching safepoint: 235002 ns, At safepoint: 21300 ns, Total: 256302 ns
[23.938s][info ][safepoint      ] Safepoint "ICBufferFull", Time since last: 23627431 ns, Reaching safepoint: 135900 ns, At safepoint: 20100 ns, Total: 156000 ns
[23.976s][info ][safepoint      ] Safepoint "ICBufferFull", Time since last: 38212212 ns, Reaching safepoint: 135401 ns, At safepoint: 28100 ns, Total: 163501 ns
[24.011s][info ][safepoint      ] Safepoint "ICBufferFull", Time since last: 34606792 ns, Reaching safepoint: 132900 ns, At safepoint: 25800 ns, Total: 158700 ns
[24.043s][info ][safepoint      ] Safepoint "ICBufferFull", Time since last: 31844477 ns, Reaching safepoint: 167901 ns, At safepoint: 26400 ns, Total: 194301 ns
[24.086s][info ][safepoint      ] Safepoint "ICBufferFull", Time since last: 42756437 ns, Reaching safepoint: 122600 ns, At safepoint: 30400 ns, Total: 153000 ns
[24.128s][info ][gc,start       ] GC(58) Pause Young (Allocation Failure)
[24.133s][debug][gc,phases      ] GC(58) Scavenge 5.231ms
[24.133s][debug][gc,ref         ] GC(58) Skipped phase 1 of Reference Processing: no references
[24.133s][debug][gc,ref         ] GC(58) ReferenceProcessor::execute queues: 1, RefProcThreadModel::Single, marks_oops_alive: false
[24.133s][debug][gc,ref         ] GC(58) Skipped phase 3 of Reference Processing: no references
[24.133s][debug][gc,ref         ] GC(58) ReferenceProcessor::execute queues: 1, RefProcThreadModel::Single, marks_oops_alive: false
[24.133s][debug][gc,phases      ] GC(58) Reference Processing 0.133ms
[24.134s][debug][gc,phases      ] GC(58)   VM Weak                        Min:  0.0, Avg:  0.0, Max:  0.0, Diff:  0.0, Sum:  0.0, Workers: 4
[24.134s][debug][gc,phases      ] GC(58)     Dead                           Min: 0, Avg:  0.0, Max: 0, Diff: 0, Sum: 0, Workers: 4
[24.134s][debug][gc,phases      ] GC(58)     Total                          Min: 0, Avg: 157.8, Max: 576, Diff: 576, Sum: 631, Workers: 4
[24.134s][debug][gc,phases      ] GC(58)   ObjectSynchronizer Weak        Min:  0.0, Avg:  0.0, Max:  0.0, Diff:  0.0, Sum:  0.0, Workers: 4
[24.134s][debug][gc,phases      ] GC(58)     Dead                           Min: 0, Avg:  0.0, Max: 0, Diff: 0, Sum: 0, Workers: 4
[24.134s][debug][gc,phases      ] GC(58)     Total                          Min: 0, Avg: 116.8, Max: 320, Diff: 320, Sum: 467, Workers: 4
[24.134s][debug][gc,phases      ] GC(58)   JVMTI Tag Weak OopStorage      Min:  0.0, Avg:  0.0, Max:  0.0, Diff:  0.0, Sum:  0.0, Workers: 4
[24.134s][debug][gc,phases      ] GC(58)     Dead                           Min: 0, Avg:  0.0, Max: 0, Diff: 0, Sum: 0, Workers: 4
[24.134s][debug][gc,phases      ] GC(58)     Total                          Min: 0, Avg:  0.0, Max: 0, Diff: 0, Sum: 0, Workers: 4
[24.134s][debug][gc,phases      ] GC(58)   StringTable Weak               Min:  0.1, Avg:  0.1, Max:  0.1, Diff:  0.0, Sum:  0.4, Workers: 4
[24.134s][debug][gc,phases      ] GC(58)     Dead                           Min: 0, Avg:  0.5, Max: 2, Diff: 2, Sum: 2, Workers: 4
[24.134s][debug][gc,phases      ] GC(58)     Total                          Min: 8512, Avg: 11535.2, Max: 14400, Diff: 5888, Sum: 46141, Workers: 4
[24.134s][debug][gc,phases      ] GC(58)   ResolvedMethodTable Weak       Min:  0.0, Avg:  0.0, Max:  0.0, Diff:  0.0, Sum:  0.1, Workers: 4
[24.134s][debug][gc,phases      ] GC(58)     Dead                           Min: 0, Avg:  4.5, Max: 18, Diff: 18, Sum: 18, Workers: 4
[24.134s][debug][gc,phases      ] GC(58)     Total                          Min: 1600, Avg: 1955.8, Max: 2624, Diff: 1024, Sum: 7823, Workers: 4
[24.134s][debug][gc,phases      ] GC(58)   JNI Weak                       Min:  0.0, Avg:  0.0, Max:  0.0, Diff:  0.0, Sum:  0.0, Workers: 4
[24.134s][debug][gc,phases      ] GC(58)     Dead                           Min: 0, Avg:  0.0, Max: 0, Diff: 0, Sum: 0, Workers: 4
[24.134s][debug][gc,phases      ] GC(58)     Total                          Min: 0, Avg: 13.5, Max: 54, Diff: 54, Sum: 54, Workers: 4
[24.134s][debug][gc,phases      ] GC(58)   StringDedup Table Weak         Min:  0.0, Avg:  0.0, Max:  0.0, Diff:  0.0, Sum:  0.0, Workers: 4
[24.134s][debug][gc,phases      ] GC(58)     Dead                           Min: 0, Avg:  0.0, Max: 0, Diff: 0, Sum: 0, Workers: 4
[24.134s][debug][gc,phases      ] GC(58)     Total                          Min: 0, Avg:  0.0, Max: 0, Diff: 0, Sum: 0, Workers: 4
[24.134s][debug][gc,phases      ] GC(58)   StringDedup Requests0 Weak     Min:  0.0, Avg:  0.0, Max:  0.0, Diff:  0.0, Sum:  0.0, Workers: 4
[24.134s][debug][gc,phases      ] GC(58)     Dead                           Min: 0, Avg:  0.0, Max: 0, Diff: 0, Sum: 0, Workers: 4
[24.134s][debug][gc,phases      ] GC(58)     Total                          Min: 0, Avg:  0.0, Max: 0, Diff: 0, Sum: 0, Workers: 4
[24.134s][debug][gc,phases      ] GC(58)   StringDedup Requests1 Weak     Min:  0.0, Avg:  0.0, Max:  0.0, Diff:  0.0, Sum:  0.0, Workers: 4
[24.134s][debug][gc,phases      ] GC(58)     Dead                           Min: 0, Avg:  0.0, Max: 0, Diff: 0, Sum: 0, Workers: 4
[24.134s][debug][gc,phases      ] GC(58)     Total                          Min: 0, Avg:  0.0, Max: 0, Diff: 0, Sum: 0, Workers: 4
[24.134s][debug][gc,phases      ] GC(58)   Weak JFR Old Object Samples    Min:  0.0, Avg:  0.0, Max:  0.0, Diff:  0.0, Sum:  0.0, Workers: 4
[24.134s][debug][gc,phases      ] GC(58)     Dead                           Min: 0, Avg:  0.0, Max: 0, Diff: 0, Sum: 0, Workers: 4
[24.134s][debug][gc,phases      ] GC(58)     Total                          Min: 0, Avg:  0.0, Max: 0, Diff: 0, Sum: 0, Workers: 4
[24.134s][debug][gc,phases      ] GC(58) Weak Processing 0.268ms
[24.134s][debug][gc,age         ] GC(58) Desired survivor size 186122240 bytes, new threshold 15 (max threshold 15)
[24.134s][info ][gc,heap        ] GC(58) PSYoungGen: 1703862K(1893376K)->24331K(1915392K) Eden: 1694720K(1694720K)->0K(1723904K) From: 9142K(198656K)->24331K(191488K)
[24.134s][info ][gc,heap        ] GC(58) ParOldGen: 293326K(358912K)->293334K(358912K)
[24.134s][info ][gc,metaspace   ] GC(58) Metaspace: 77094K(77888K)->77094K(77888K) NonClass: 65915K(66304K)->65915K(66304K) Class: 11178K(11584K)->11178K(11584K)
[24.134s][info ][gc             ] GC(58) Pause Young (Allocation Failure) 1950M->310M(2221M) 5.739ms
[24.134s][info ][gc,cpu         ] GC(58) User=0.03s Sys=0.00s Real=0.01s
[24.134s][info ][safepoint      ] Safepoint "ParallelGCFailedAllocation", Time since last: 39569020 ns, Reaching safepoint: 2157212 ns, At safepoint: 5840132 ns, Total: 7997344 ns
[24.158s][info ][safepoint      ] Safepoint "ICBufferFull", Time since last: 24292834 ns, Reaching safepoint: 117801 ns, At safepoint: 26600 ns, Total: 144401 ns
[24.188s][info ][safepoint      ] Safepoint "ICBufferFull", Time since last: 30134867 ns, Reaching safepoint: 135301 ns, At safepoint: 25900 ns, Total: 161201 ns
[24.214s][info ][safepoint      ] Safepoint "ICBufferFull", Time since last: 25403441 ns, Reaching safepoint: 121200 ns, At safepoint: 27200 ns, Total: 148400 ns
[24.235s][info ][safepoint      ] Safepoint "ICBufferFull", Time since last: 20592714 ns, Reaching safepoint: 118001 ns, At safepoint: 26700 ns, Total: 144701 ns
[24.266s][info ][safepoint      ] Safepoint "ICBufferFull", Time since last: 30634170 ns, Reaching safepoint: 119000 ns, At safepoint: 25001 ns, Total: 144001 ns
[24.299s][info ][safepoint      ] Safepoint "ICBufferFull", Time since last: 33249484 ns, Reaching safepoint: 138801 ns, At safepoint: 22200 ns, Total: 161001 ns
[24.323s][info ][safepoint      ] Safepoint "ICBufferFull", Time since last: 23746731 ns, Reaching safepoint: 126101 ns, At safepoint: 23600 ns, Total: 149701 ns
[24.350s][info ][safepoint      ] Safepoint "ICBufferFull", Time since last: 24899138 ns, Reaching safepoint: 2149912 ns, At safepoint: 28300 ns, Total: 2178212 ns
[24.383s][info ][safepoint      ] Safepoint "ICBufferFull", Time since last: 32486280 ns, Reaching safepoint: 110600 ns, At safepoint: 34501 ns, Total: 145101 ns
[24.425s][info ][gc,start       ] GC(59) Pause Young (Allocation Failure)
[24.429s][debug][gc,phases      ] GC(59) Scavenge 4.843ms
[24.429s][debug][gc,ref         ] GC(59) Skipped phase 1 of Reference Processing: no references
[24.430s][debug][gc,ref         ] GC(59) ReferenceProcessor::execute queues: 1, RefProcThreadModel::Single, marks_oops_alive: false
[24.430s][debug][gc,ref         ] GC(59) Skipped phase 3 of Reference Processing: no references
[24.430s][debug][gc,ref         ] GC(59) ReferenceProcessor::execute queues: 1, RefProcThreadModel::Single, marks_oops_alive: false
[24.430s][debug][gc,phases      ] GC(59) Reference Processing 0.131ms
[24.430s][debug][gc,phases      ] GC(59)   VM Weak                        Min:  0.0, Avg:  0.0, Max:  0.0, Diff:  0.0, Sum:  0.0, Workers: 4
[24.430s][debug][gc,phases      ] GC(59)     Dead                           Min: 0, Avg:  0.0, Max: 0, Diff: 0, Sum: 0, Workers: 4
[24.430s][debug][gc,phases      ] GC(59)     Total                          Min: 0, Avg: 157.8, Max: 631, Diff: 631, Sum: 631, Workers: 4
[24.430s][debug][gc,phases      ] GC(59)   ObjectSynchronizer Weak        Min:  0.0, Avg:  0.0, Max:  0.0, Diff:  0.0, Sum:  0.0, Workers: 4
[24.430s][debug][gc,phases      ] GC(59)     Dead                           Min: 0, Avg:  0.0, Max: 0, Diff: 0, Sum: 0, Workers: 4
[24.430s][debug][gc,phases      ] GC(59)     Total                          Min: 0, Avg: 116.8, Max: 275, Diff: 275, Sum: 467, Workers: 4
[24.430s][debug][gc,phases      ] GC(59)   JVMTI Tag Weak OopStorage      Min:  0.0, Avg:  0.0, Max:  0.0, Diff:  0.0, Sum:  0.0, Workers: 4
[24.430s][debug][gc,phases      ] GC(59)     Dead                           Min: 0, Avg:  0.0, Max: 0, Diff: 0, Sum: 0, Workers: 4
[24.430s][debug][gc,phases      ] GC(59)     Total                          Min: 0, Avg:  0.0, Max: 0, Diff: 0, Sum: 0, Workers: 4
[24.430s][debug][gc,phases      ] GC(59)   StringTable Weak               Min:  0.1, Avg:  0.1, Max:  0.1, Diff:  0.0, Sum:  0.4, Workers: 4
[24.430s][debug][gc,phases      ] GC(59)     Dead                           Min: 0, Avg:  0.0, Max: 0, Diff: 0, Sum: 0, Workers: 4
[24.430s][debug][gc,phases      ] GC(59)     Total                          Min: 8896, Avg: 11542.2, Max: 14336, Diff: 5440, Sum: 46169, Workers: 4
[24.430s][debug][gc,phases      ] GC(59)   ResolvedMethodTable Weak       Min:  0.0, Avg:  0.0, Max:  0.0, Diff:  0.0, Sum:  0.1, Workers: 4
[24.430s][debug][gc,phases      ] GC(59)     Dead                           Min: 0, Avg:  0.0, Max: 0, Diff: 0, Sum: 0, Workers: 4
[24.430s][debug][gc,phases      ] GC(59)     Total                          Min: 1664, Avg: 1955.8, Max: 2304, Diff: 640, Sum: 7823, Workers: 4
[24.430s][debug][gc,phases      ] GC(59)   JNI Weak                       Min:  0.0, Avg:  0.0, Max:  0.0, Diff:  0.0, Sum:  0.0, Workers: 4
[24.430s][debug][gc,phases      ] GC(59)     Dead                           Min: 0, Avg:  0.0, Max: 0, Diff: 0, Sum: 0, Workers: 4
[24.430s][debug][gc,phases      ] GC(59)     Total                          Min: 0, Avg: 14.2, Max: 43, Diff: 43, Sum: 57, Workers: 4
[24.430s][debug][gc,phases      ] GC(59)   StringDedup Table Weak         Min:  0.0, Avg:  0.0, Max:  0.0, Diff:  0.0, Sum:  0.0, Workers: 4
[24.430s][debug][gc,phases      ] GC(59)     Dead                           Min: 0, Avg:  0.0, Max: 0, Diff: 0, Sum: 0, Workers: 4
[24.430s][debug][gc,phases      ] GC(59)     Total                          Min: 0, Avg:  0.0, Max: 0, Diff: 0, Sum: 0, Workers: 4
[24.430s][debug][gc,phases      ] GC(59)   StringDedup Requests0 Weak     Min:  0.0, Avg:  0.0, Max:  0.0, Diff:  0.0, Sum:  0.0, Workers: 4
[24.430s][debug][gc,phases      ] GC(59)     Dead                           Min: 0, Avg:  0.0, Max: 0, Diff: 0, Sum: 0, Workers: 4
[24.430s][debug][gc,phases      ] GC(59)     Total                          Min: 0, Avg:  0.0, Max: 0, Diff: 0, Sum: 0, Workers: 4
[24.430s][debug][gc,phases      ] GC(59)   StringDedup Requests1 Weak     Min:  0.0, Avg:  0.0, Max:  0.0, Diff:  0.0, Sum:  0.0, Workers: 4
[24.430s][debug][gc,phases      ] GC(59)     Dead                           Min: 0, Avg:  0.0, Max: 0, Diff: 0, Sum: 0, Workers: 4
[24.430s][debug][gc,phases      ] GC(59)     Total                          Min: 0, Avg:  0.0, Max: 0, Diff: 0, Sum: 0, Workers: 4
[24.430s][debug][gc,phases      ] GC(59)   Weak JFR Old Object Samples    Min:  0.0, Avg:  0.0, Max:  0.0, Diff:  0.0, Sum:  0.0, Workers: 4
[24.430s][debug][gc,phases      ] GC(59)     Dead                           Min: 0, Avg:  0.0, Max: 0, Diff: 0, Sum: 0, Workers: 4
[24.430s][debug][gc,phases      ] GC(59)     Total                          Min: 0, Avg:  0.0, Max: 0, Diff: 0, Sum: 0, Workers: 4
[24.430s][debug][gc,phases      ] GC(59) Weak Processing 0.265ms
[24.430s][debug][gc,age         ] GC(59) Desired survivor size 176160768 bytes, new threshold 15 (max threshold 15)
[24.430s][info ][gc,heap        ] GC(59) PSYoungGen: 1748235K(1915392K)->24571K(1905664K) Eden: 1723904K(1723904K)->0K(1723904K) From: 24331K(191488K)->24571K(181760K)
[24.430s][info ][gc,heap        ] GC(59) ParOldGen: 293334K(358912K)->293342K(358912K)
[24.430s][info ][gc,metaspace   ] GC(59) Metaspace: 77260K(78144K)->77260K(78144K) NonClass: 66080K(66560K)->66080K(66560K) Class: 11180K(11584K)->11180K(11584K)
[24.430s][info ][gc             ] GC(59) Pause Young (Allocation Failure) 1993M->310M(2211M) 5.327ms
[24.430s][info ][gc,cpu         ] GC(59) User=0.03s Sys=0.00s Real=0.01s
[24.430s][info ][safepoint      ] Safepoint "ParallelGCFailedAllocation", Time since last: 41814531 ns, Reaching safepoint: 115801 ns, At safepoint: 5412730 ns, Total: 5528531 ns
[24.487s][info ][safepoint      ] Safepoint "ICBufferFull", Time since last: 56913015 ns, Reaching safepoint: 108800 ns, At safepoint: 21601 ns, Total: 130401 ns
[24.518s][info ][safepoint      ] Safepoint "ICBufferFull", Time since last: 30834170 ns, Reaching safepoint: 116701 ns, At safepoint: 25100 ns, Total: 141801 ns
[24.598s][info ][safepoint      ] Safepoint "ICBufferFull", Time since last: 79732542 ns, Reaching safepoint: 120100 ns, At safepoint: 25300 ns, Total: 145400 ns
[24.622s][info ][safepoint      ] Safepoint "ICBufferFull", Time since last: 24472836 ns, Reaching safepoint: 110500 ns, At safepoint: 26901 ns, Total: 137401 ns
[24.641s][info ][safepoint      ] Safepoint "ICBufferFull", Time since last: 18915704 ns, Reaching safepoint: 97701 ns, At safepoint: 29700 ns, Total: 127401 ns
[24.653s][info ][safepoint      ] Safepoint "ICBufferFull", Time since last: 9573653 ns, Reaching safepoint: 2151412 ns, At safepoint: 38100 ns, Total: 2189512 ns
[24.681s][info ][safepoint      ] Safepoint "ICBufferFull", Time since last: 27562453 ns, Reaching safepoint: 116100 ns, At safepoint: 28101 ns, Total: 144201 ns
[24.797s][info ][gc,start       ] GC(60) Pause Young (Allocation Failure)
[24.802s][debug][gc,phases      ] GC(60) Scavenge 4.500ms
[24.802s][debug][gc,ref         ] GC(60) Skipped phase 1 of Reference Processing: no references
[24.802s][debug][gc,ref         ] GC(60) ReferenceProcessor::execute queues: 1, RefProcThreadModel::Single, marks_oops_alive: false
[24.802s][debug][gc,ref         ] GC(60) Skipped phase 3 of Reference Processing: no references
[24.802s][debug][gc,ref         ] GC(60) ReferenceProcessor::execute queues: 1, RefProcThreadModel::Single, marks_oops_alive: false
[24.802s][debug][gc,phases      ] GC(60) Reference Processing 0.117ms
[24.802s][debug][gc,phases      ] GC(60)   VM Weak                        Min:  0.0, Avg:  0.0, Max:  0.0, Diff:  0.0, Sum:  0.0, Workers: 4
[24.802s][debug][gc,phases      ] GC(60)     Dead                           Min: 0, Avg:  0.0, Max: 0, Diff: 0, Sum: 0, Workers: 4
[24.802s][debug][gc,phases      ] GC(60)     Total                          Min: 0, Avg: 157.8, Max: 512, Diff: 512, Sum: 631, Workers: 4
[24.802s][debug][gc,phases      ] GC(60)   ObjectSynchronizer Weak        Min:  0.0, Avg:  0.0, Max:  0.0, Diff:  0.0, Sum:  0.0, Workers: 4
[24.802s][debug][gc,phases      ] GC(60)     Dead                           Min: 0, Avg:  0.2, Max: 1, Diff: 1, Sum: 1, Workers: 4
[24.802s][debug][gc,phases      ] GC(60)     Total                          Min: 0, Avg: 117.0, Max: 276, Diff: 276, Sum: 468, Workers: 4
[24.802s][debug][gc,phases      ] GC(60)   JVMTI Tag Weak OopStorage      Min:  0.0, Avg:  0.0, Max:  0.0, Diff:  0.0, Sum:  0.0, Workers: 4
[24.802s][debug][gc,phases      ] GC(60)     Dead                           Min: 0, Avg:  0.0, Max: 0, Diff: 0, Sum: 0, Workers: 4
[24.802s][debug][gc,phases      ] GC(60)     Total                          Min: 0, Avg:  0.0, Max: 0, Diff: 0, Sum: 0, Workers: 4
[24.802s][debug][gc,phases      ] GC(60)   StringTable Weak               Min:  0.1, Avg:  0.1, Max:  0.1, Diff:  0.0, Sum:  0.3, Workers: 4
[24.802s][debug][gc,phases      ] GC(60)     Dead                           Min: 0, Avg:  0.0, Max: 0, Diff: 0, Sum: 0, Workers: 4
[24.802s][debug][gc,phases      ] GC(60)     Total                          Min: 7744, Avg: 11548.2, Max: 13169, Diff: 5425, Sum: 46193, Workers: 4
[24.802s][debug][gc,phases      ] GC(60)   ResolvedMethodTable Weak       Min:  0.0, Avg:  0.0, Max:  0.0, Diff:  0.0, Sum:  0.1, Workers: 4
[24.802s][debug][gc,phases      ] GC(60)     Dead                           Min: 0, Avg:  0.0, Max: 0, Diff: 0, Sum: 0, Workers: 4
[24.802s][debug][gc,phases      ] GC(60)     Total                          Min: 1472, Avg: 1955.8, Max: 2495, Diff: 1023, Sum: 7823, Workers: 4
[24.802s][debug][gc,phases      ] GC(60)   JNI Weak                       Min:  0.0, Avg:  0.0, Max:  0.0, Diff:  0.0, Sum:  0.0, Workers: 4
[24.802s][debug][gc,phases      ] GC(60)     Dead                           Min: 0, Avg:  0.0, Max: 0, Diff: 0, Sum: 0, Workers: 4
[24.802s][debug][gc,phases      ] GC(60)     Total                          Min: 0, Avg:  1.8, Max: 7, Diff: 7, Sum: 7, Workers: 4
[24.802s][debug][gc,phases      ] GC(60)   StringDedup Table Weak         Min:  0.0, Avg:  0.0, Max:  0.0, Diff:  0.0, Sum:  0.0, Workers: 4
[24.802s][debug][gc,phases      ] GC(60)     Dead                           Min: 0, Avg:  0.0, Max: 0, Diff: 0, Sum: 0, Workers: 4
[24.802s][debug][gc,phases      ] GC(60)     Total                          Min: 0, Avg:  0.0, Max: 0, Diff: 0, Sum: 0, Workers: 4
[24.802s][debug][gc,phases      ] GC(60)   StringDedup Requests0 Weak     Min:  0.0, Avg:  0.0, Max:  0.0, Diff:  0.0, Sum:  0.0, Workers: 4
[24.802s][debug][gc,phases      ] GC(60)     Dead                           Min: 0, Avg:  0.0, Max: 0, Diff: 0, Sum: 0, Workers: 4
[24.802s][debug][gc,phases      ] GC(60)     Total                          Min: 0, Avg:  0.0, Max: 0, Diff: 0, Sum: 0, Workers: 4
[24.802s][debug][gc,phases      ] GC(60)   StringDedup Requests1 Weak     Min:  0.0, Avg:  0.0, Max:  0.0, Diff:  0.0, Sum:  0.0, Workers: 4
[24.802s][debug][gc,phases      ] GC(60)     Dead                           Min: 0, Avg:  0.0, Max: 0, Diff: 0, Sum: 0, Workers: 4
[24.802s][debug][gc,phases      ] GC(60)     Total                          Min: 0, Avg:  0.0, Max: 0, Diff: 0, Sum: 0, Workers: 4
[24.802s][debug][gc,phases      ] GC(60)   Weak JFR Old Object Samples    Min:  0.0, Avg:  0.0, Max:  0.0, Diff:  0.0, Sum:  0.0, Workers: 4
[24.802s][debug][gc,phases      ] GC(60)     Dead                           Min: 0, Avg:  0.0, Max: 0, Diff: 0, Sum: 0, Workers: 4
[24.802s][debug][gc,phases      ] GC(60)     Total                          Min: 0, Avg:  0.0, Max: 0, Diff: 0, Sum: 0, Workers: 4
[24.802s][debug][gc,phases      ] GC(60) Weak Processing 0.262ms
[24.802s][debug][gc,age         ] GC(60) Desired survivor size 166199296 bytes, new threshold 15 (max threshold 15)
[24.802s][info ][gc,heap        ] GC(60) PSYoungGen: 1748475K(1905664K)->24747K(1934848K) Eden: 1723904K(1723904K)->0K(1762816K) From: 24571K(181760K)->24747K(172032K)
[24.802s][info ][gc,heap        ] GC(60) ParOldGen: 293342K(358912K)->293350K(358912K)
[24.802s][info ][gc,metaspace   ] GC(60) Metaspace: 77397K(78208K)->77397K(78208K) NonClass: 66217K(66624K)->66217K(66624K) Class: 11180K(11584K)->11180K(11584K)
[24.802s][info ][gc             ] GC(60) Pause Young (Allocation Failure) 1993M->310M(2240M) 4.983ms
[24.802s][info ][gc,cpu         ] GC(60) User=0.01s Sys=0.00s Real=0.01s
[24.802s][info ][safepoint      ] Safepoint "ParallelGCFailedAllocation", Time since last: 115935941 ns, Reaching safepoint: 178901 ns, At safepoint: 5077728 ns, Total: 5256629 ns
[25.137s][info ][gc,start       ] GC(61) Pause Young (Allocation Failure)
[25.143s][debug][gc,phases      ] GC(61) Scavenge 5.629ms
[25.143s][debug][gc,ref         ] GC(61) Skipped phase 1 of Reference Processing: no references
[25.143s][debug][gc,ref         ] GC(61) ReferenceProcessor::execute queues: 1, RefProcThreadModel::Single, marks_oops_alive: false
[25.143s][debug][gc,ref         ] GC(61) Skipped phase 3 of Reference Processing: no references
[25.143s][debug][gc,ref         ] GC(61) ReferenceProcessor::execute queues: 1, RefProcThreadModel::Single, marks_oops_alive: false
[25.143s][debug][gc,phases      ] GC(61) Reference Processing 0.121ms
[25.143s][debug][gc,phases      ] GC(61)   VM Weak                        Min:  0.0, Avg:  0.0, Max:  0.0, Diff:  0.0, Sum:  0.0, Workers: 4
[25.143s][debug][gc,phases      ] GC(61)     Dead                           Min: 0, Avg:  0.0, Max: 0, Diff: 0, Sum: 0, Workers: 4
[25.143s][debug][gc,phases      ] GC(61)     Total                          Min: 0, Avg: 157.8, Max: 631, Diff: 631, Sum: 631, Workers: 4
[25.143s][debug][gc,phases      ] GC(61)   ObjectSynchronizer Weak        Min:  0.0, Avg:  0.0, Max:  0.0, Diff:  0.0, Sum:  0.0, Workers: 4
[25.143s][debug][gc,phases      ] GC(61)     Dead                           Min: 0, Avg:  0.0, Max: 0, Diff: 0, Sum: 0, Workers: 4
[25.143s][debug][gc,phases      ] GC(61)     Total                          Min: 0, Avg: 117.0, Max: 384, Diff: 384, Sum: 468, Workers: 4
[25.143s][debug][gc,phases      ] GC(61)   JVMTI Tag Weak OopStorage      Min:  0.0, Avg:  0.0, Max:  0.0, Diff:  0.0, Sum:  0.0, Workers: 4
[25.143s][debug][gc,phases      ] GC(61)     Dead                           Min: 0, Avg:  0.0, Max: 0, Diff: 0, Sum: 0, Workers: 4
[25.143s][debug][gc,phases      ] GC(61)     Total                          Min: 0, Avg:  0.0, Max: 0, Diff: 0, Sum: 0, Workers: 4
[25.143s][debug][gc,phases      ] GC(61)   StringTable Weak               Min:  0.1, Avg:  0.1, Max:  0.1, Diff:  0.0, Sum:  0.4, Workers: 4
[25.143s][debug][gc,phases      ] GC(61)     Dead                           Min: 0, Avg:  0.0, Max: 0, Diff: 0, Sum: 0, Workers: 4
[25.143s][debug][gc,phases      ] GC(61)     Total                          Min: 8960, Avg: 11556.0, Max: 14336, Diff: 5376, Sum: 46224, Workers: 4
[25.143s][debug][gc,phases      ] GC(61)   ResolvedMethodTable Weak       Min:  0.0, Avg:  0.0, Max:  0.0, Diff:  0.0, Sum:  0.1, Workers: 4
[25.143s][debug][gc,phases      ] GC(61)     Dead                           Min: 0, Avg:  0.0, Max: 0, Diff: 0, Sum: 0, Workers: 4
[25.143s][debug][gc,phases      ] GC(61)     Total                          Min: 575, Avg: 1955.8, Max: 2752, Diff: 2177, Sum: 7823, Workers: 4
[25.143s][debug][gc,phases      ] GC(61)   JNI Weak                       Min:  0.0, Avg:  0.0, Max:  0.0, Diff:  0.0, Sum:  0.0, Workers: 4
[25.143s][debug][gc,phases      ] GC(61)     Dead                           Min: 0, Avg:  0.0, Max: 0, Diff: 0, Sum: 0, Workers: 4
[25.143s][debug][gc,phases      ] GC(61)     Total                          Min: 0, Avg:  0.8, Max: 3, Diff: 3, Sum: 3, Workers: 4
[25.143s][debug][gc,phases      ] GC(61)   StringDedup Table Weak         Min:  0.0, Avg:  0.0, Max:  0.0, Diff:  0.0, Sum:  0.0, Workers: 4
[25.143s][debug][gc,phases      ] GC(61)     Dead                           Min: 0, Avg:  0.0, Max: 0, Diff: 0, Sum: 0, Workers: 4
[25.143s][debug][gc,phases      ] GC(61)     Total                          Min: 0, Avg:  0.0, Max: 0, Diff: 0, Sum: 0, Workers: 4
[25.143s][debug][gc,phases      ] GC(61)   StringDedup Requests0 Weak     Min:  0.0, Avg:  0.0, Max:  0.0, Diff:  0.0, Sum:  0.0, Workers: 4
[25.143s][debug][gc,phases      ] GC(61)     Dead                           Min: 0, Avg:  0.0, Max: 0, Diff: 0, Sum: 0, Workers: 4
[25.143s][debug][gc,phases      ] GC(61)     Total                          Min: 0, Avg:  0.0, Max: 0, Diff: 0, Sum: 0, Workers: 4
[25.143s][debug][gc,phases      ] GC(61)   StringDedup Requests1 Weak     Min:  0.0, Avg:  0.0, Max:  0.0, Diff:  0.0, Sum:  0.0, Workers: 4
[25.143s][debug][gc,phases      ] GC(61)     Dead                           Min: 0, Avg:  0.0, Max: 0, Diff: 0, Sum: 0, Workers: 4
[25.143s][debug][gc,phases      ] GC(61)     Total                          Min: 0, Avg:  0.0, Max: 0, Diff: 0, Sum: 0, Workers: 4
[25.143s][debug][gc,phases      ] GC(61)   Weak JFR Old Object Samples    Min:  0.0, Avg:  0.0, Max:  0.0, Diff:  0.0, Sum:  0.0, Workers: 4
[25.143s][debug][gc,phases      ] GC(61)     Dead                           Min: 0, Avg:  0.0, Max: 0, Diff: 0, Sum: 0, Workers: 4
[25.143s][debug][gc,phases      ] GC(61)     Total                          Min: 0, Avg:  0.0, Max: 0, Diff: 0, Sum: 0, Workers: 4
[25.143s][debug][gc,phases      ] GC(61) Weak Processing 0.266ms
[25.143s][debug][gc,age         ] GC(61) Desired survivor size 157286400 bytes, new threshold 15 (max threshold 15)
[25.143s][info ][gc,heap        ] GC(61) PSYoungGen: 1787563K(1934848K)->25035K(1925120K) Eden: 1762816K(1762816K)->0K(1762816K) From: 24747K(172032K)->25035K(162304K)
[25.143s][info ][gc,heap        ] GC(61) ParOldGen: 293350K(358912K)->293358K(358912K)
[25.143s][info ][gc,metaspace   ] GC(61) Metaspace: 77443K(78272K)->77443K(78272K) NonClass: 66263K(66688K)->66263K(66688K) Class: 11180K(11584K)->11180K(11584K)
[25.143s][info ][gc             ] GC(61) Pause Young (Allocation Failure) 2032M->310M(2230M) 6.128ms
[25.143s][info ][gc,cpu         ] GC(61) User=0.02s Sys=0.00s Real=0.01s
[25.143s][info ][safepoint      ] Safepoint "ParallelGCFailedAllocation", Time since last: 334914154 ns, Reaching safepoint: 149001 ns, At safepoint: 6241135 ns, Total: 6390136 ns
[25.447s][info ][gc,start       ] GC(62) Pause Young (Allocation Failure)
[25.451s][debug][gc,phases      ] GC(62) Scavenge 4.408ms
[25.451s][debug][gc,ref         ] GC(62) Skipped phase 1 of Reference Processing: no references
[25.451s][debug][gc,ref         ] GC(62) ReferenceProcessor::execute queues: 1, RefProcThreadModel::Single, marks_oops_alive: false
[25.451s][debug][gc,ref         ] GC(62) Skipped phase 3 of Reference Processing: no references
[25.451s][debug][gc,ref         ] GC(62) ReferenceProcessor::execute queues: 1, RefProcThreadModel::Single, marks_oops_alive: false
[25.451s][debug][gc,phases      ] GC(62) Reference Processing 0.108ms
[25.452s][debug][gc,phases      ] GC(62)   VM Weak                        Min:  0.0, Avg:  0.0, Max:  0.0, Diff:  0.0, Sum:  0.0, Workers: 4
[25.452s][debug][gc,phases      ] GC(62)     Dead                           Min: 0, Avg:  0.0, Max: 0, Diff: 0, Sum: 0, Workers: 4
[25.452s][debug][gc,phases      ] GC(62)     Total                          Min: 0, Avg: 157.8, Max: 375, Diff: 375, Sum: 631, Workers: 4
[25.452s][debug][gc,phases      ] GC(62)   ObjectSynchronizer Weak        Min:  0.0, Avg:  0.0, Max:  0.0, Diff:  0.0, Sum:  0.0, Workers: 4
[25.452s][debug][gc,phases      ] GC(62)     Dead                           Min: 0, Avg:  0.0, Max: 0, Diff: 0, Sum: 0, Workers: 4
[25.452s][debug][gc,phases      ] GC(62)     Total                          Min: 0, Avg: 117.0, Max: 320, Diff: 320, Sum: 468, Workers: 4
[25.452s][debug][gc,phases      ] GC(62)   JVMTI Tag Weak OopStorage      Min:  0.0, Avg:  0.0, Max:  0.0, Diff:  0.0, Sum:  0.0, Workers: 4
[25.452s][debug][gc,phases      ] GC(62)     Dead                           Min: 0, Avg:  0.0, Max: 0, Diff: 0, Sum: 0, Workers: 4
[25.452s][debug][gc,phases      ] GC(62)     Total                          Min: 0, Avg:  0.0, Max: 0, Diff: 0, Sum: 0, Workers: 4
[25.452s][debug][gc,phases      ] GC(62)   StringTable Weak               Min:  0.1, Avg:  0.1, Max:  0.1, Diff:  0.0, Sum:  0.4, Workers: 4
[25.452s][debug][gc,phases      ] GC(62)     Dead                           Min: 0, Avg:  0.0, Max: 0, Diff: 0, Sum: 0, Workers: 4
[25.452s][debug][gc,phases      ] GC(62)     Total                          Min: 9622, Avg: 11557.5, Max: 15744, Diff: 6122, Sum: 46230, Workers: 4
[25.452s][debug][gc,phases      ] GC(62)   ResolvedMethodTable Weak       Min:  0.0, Avg:  0.0, Max:  0.0, Diff:  0.0, Sum:  0.1, Workers: 4
[25.452s][debug][gc,phases      ] GC(62)     Dead                           Min: 0, Avg:  0.0, Max: 0, Diff: 0, Sum: 0, Workers: 4
[25.452s][debug][gc,phases      ] GC(62)     Total                          Min: 1728, Avg: 1955.8, Max: 2384, Diff: 656, Sum: 7823, Workers: 4
[25.452s][debug][gc,phases      ] GC(62)   JNI Weak                       Min:  0.0, Avg:  0.0, Max:  0.0, Diff:  0.0, Sum:  0.0, Workers: 4
[25.452s][debug][gc,phases      ] GC(62)     Dead                           Min: 0, Avg:  0.0, Max: 0, Diff: 0, Sum: 0, Workers: 4
[25.452s][debug][gc,phases      ] GC(62)     Total                          Min: 0, Avg:  0.8, Max: 3, Diff: 3, Sum: 3, Workers: 4
[25.452s][debug][gc,phases      ] GC(62)   StringDedup Table Weak         Min:  0.0, Avg:  0.0, Max:  0.0, Diff:  0.0, Sum:  0.0, Workers: 4
[25.452s][debug][gc,phases      ] GC(62)     Dead                           Min: 0, Avg:  0.0, Max: 0, Diff: 0, Sum: 0, Workers: 4
[25.452s][debug][gc,phases      ] GC(62)     Total                          Min: 0, Avg:  0.0, Max: 0, Diff: 0, Sum: 0, Workers: 4
[25.452s][debug][gc,phases      ] GC(62)   StringDedup Requests0 Weak     Min:  0.0, Avg:  0.0, Max:  0.0, Diff:  0.0, Sum:  0.0, Workers: 4
[25.452s][debug][gc,phases      ] GC(62)     Dead                           Min: 0, Avg:  0.0, Max: 0, Diff: 0, Sum: 0, Workers: 4
[25.452s][debug][gc,phases      ] GC(62)     Total                          Min: 0, Avg:  0.0, Max: 0, Diff: 0, Sum: 0, Workers: 4
[25.452s][debug][gc,phases      ] GC(62)   StringDedup Requests1 Weak     Min:  0.0, Avg:  0.0, Max:  0.0, Diff:  0.0, Sum:  0.0, Workers: 4
[25.452s][debug][gc,phases      ] GC(62)     Dead                           Min: 0, Avg:  0.0, Max: 0, Diff: 0, Sum: 0, Workers: 4
[25.452s][debug][gc,phases      ] GC(62)     Total                          Min: 0, Avg:  0.0, Max: 0, Diff: 0, Sum: 0, Workers: 4
[25.452s][debug][gc,phases      ] GC(62)   Weak JFR Old Object Samples    Min:  0.0, Avg:  0.0, Max:  0.0, Diff:  0.0, Sum:  0.0, Workers: 4
[25.452s][debug][gc,phases      ] GC(62)     Dead                           Min: 0, Avg:  0.0, Max: 0, Diff: 0, Sum: 0, Workers: 4
[25.452s][debug][gc,phases      ] GC(62)     Total                          Min: 0, Avg:  0.0, Max: 0, Diff: 0, Sum: 0, Workers: 4
[25.452s][debug][gc,phases      ] GC(62) Weak Processing 0.278ms
[25.452s][debug][gc,age         ] GC(62) Desired survivor size 148373504 bytes, new threshold 15 (max threshold 15)
[25.452s][info ][gc,heap        ] GC(62) PSYoungGen: 1787851K(1925120K)->25291K(1952256K) Eden: 1762816K(1762816K)->0K(1798656K) From: 25035K(162304K)->25291K(153600K)
[25.452s][info ][gc,heap        ] GC(62) ParOldGen: 293358K(358912K)->293366K(358912K)
[25.452s][info ][gc,metaspace   ] GC(62) Metaspace: 77464K(78272K)->77464K(78272K) NonClass: 66283K(66688K)->66283K(66688K) Class: 11180K(11584K)->11180K(11584K)
[25.452s][info ][gc             ] GC(62) Pause Young (Allocation Failure) 2032M->311M(2257M) 4.899ms
[25.452s][info ][gc,cpu         ] GC(62) User=0.02s Sys=0.00s Real=0.01s
[25.452s][info ][safepoint      ] Safepoint "ParallelGCFailedAllocation", Time since last: 303187878 ns, Reaching safepoint: 186301 ns, At safepoint: 4990627 ns, Total: 5176928 ns
[25.773s][info ][gc,start       ] GC(63) Pause Young (Allocation Failure)
[25.778s][debug][gc,phases      ] GC(63) Scavenge 5.462ms
[25.778s][debug][gc,ref         ] GC(63) Skipped phase 1 of Reference Processing: no references
[25.778s][debug][gc,ref         ] GC(63) ReferenceProcessor::execute queues: 1, RefProcThreadModel::Single, marks_oops_alive: false
[25.778s][debug][gc,ref         ] GC(63) Skipped phase 3 of Reference Processing: no references
[25.778s][debug][gc,ref         ] GC(63) ReferenceProcessor::execute queues: 1, RefProcThreadModel::Single, marks_oops_alive: false
[25.778s][debug][gc,phases      ] GC(63) Reference Processing 0.108ms
[25.778s][debug][gc,phases      ] GC(63)   VM Weak                        Min:  0.0, Avg:  0.0, Max:  0.0, Diff:  0.0, Sum:  0.0, Workers: 4
[25.778s][debug][gc,phases      ] GC(63)     Dead                           Min: 0, Avg:  0.0, Max: 0, Diff: 0, Sum: 0, Workers: 4
[25.778s][debug][gc,phases      ] GC(63)     Total                          Min: 0, Avg: 157.8, Max: 631, Diff: 631, Sum: 631, Workers: 4
[25.778s][debug][gc,phases      ] GC(63)   ObjectSynchronizer Weak        Min:  0.0, Avg:  0.0, Max:  0.0, Diff:  0.0, Sum:  0.0, Workers: 4
[25.778s][debug][gc,phases      ] GC(63)     Dead                           Min: 0, Avg:  0.0, Max: 0, Diff: 0, Sum: 0, Workers: 4
[25.778s][debug][gc,phases      ] GC(63)     Total                          Min: 0, Avg: 117.0, Max: 404, Diff: 404, Sum: 468, Workers: 4
[25.778s][debug][gc,phases      ] GC(63)   JVMTI Tag Weak OopStorage      Min:  0.0, Avg:  0.0, Max:  0.0, Diff:  0.0, Sum:  0.0, Workers: 4
[25.778s][debug][gc,phases      ] GC(63)     Dead                           Min: 0, Avg:  0.0, Max: 0, Diff: 0, Sum: 0, Workers: 4
[25.778s][debug][gc,phases      ] GC(63)     Total                          Min: 0, Avg:  0.0, Max: 0, Diff: 0, Sum: 0, Workers: 4
[25.778s][debug][gc,phases      ] GC(63)   StringTable Weak               Min:  0.1, Avg:  0.1, Max:  0.1, Diff:  0.0, Sum:  0.4, Workers: 4
[25.778s][debug][gc,phases      ] GC(63)     Dead                           Min: 0, Avg:  0.0, Max: 0, Diff: 0, Sum: 0, Workers: 4
[25.778s][debug][gc,phases      ] GC(63)     Total                          Min: 9817, Avg: 11558.2, Max: 15936, Diff: 6119, Sum: 46233, Workers: 4
[25.778s][debug][gc,phases      ] GC(63)   ResolvedMethodTable Weak       Min:  0.0, Avg:  0.0, Max:  0.0, Diff:  0.0, Sum:  0.1, Workers: 4
[25.778s][debug][gc,phases      ] GC(63)     Dead                           Min: 0, Avg:  0.0, Max: 0, Diff: 0, Sum: 0, Workers: 4
[25.778s][debug][gc,phases      ] GC(63)     Total                          Min: 1664, Avg: 1955.8, Max: 2448, Diff: 784, Sum: 7823, Workers: 4
[25.778s][debug][gc,phases      ] GC(63)   JNI Weak                       Min:  0.0, Avg:  0.0, Max:  0.0, Diff:  0.0, Sum:  0.0, Workers: 4
[25.779s][debug][gc,phases      ] GC(63)     Dead                           Min: 0, Avg:  0.0, Max: 0, Diff: 0, Sum: 0, Workers: 4
[25.779s][debug][gc,phases      ] GC(63)     Total                          Min: 0, Avg:  1.5, Max: 6, Diff: 6, Sum: 6, Workers: 4
[25.779s][debug][gc,phases      ] GC(63)   StringDedup Table Weak         Min:  0.0, Avg:  0.0, Max:  0.0, Diff:  0.0, Sum:  0.0, Workers: 4
[25.779s][debug][gc,phases      ] GC(63)     Dead                           Min: 0, Avg:  0.0, Max: 0, Diff: 0, Sum: 0, Workers: 4
[25.779s][debug][gc,phases      ] GC(63)     Total                          Min: 0, Avg:  0.0, Max: 0, Diff: 0, Sum: 0, Workers: 4
[25.779s][debug][gc,phases      ] GC(63)   StringDedup Requests0 Weak     Min:  0.0, Avg:  0.0, Max:  0.0, Diff:  0.0, Sum:  0.0, Workers: 4
[25.779s][debug][gc,phases      ] GC(63)     Dead                           Min: 0, Avg:  0.0, Max: 0, Diff: 0, Sum: 0, Workers: 4
[25.779s][debug][gc,phases      ] GC(63)     Total                          Min: 0, Avg:  0.0, Max: 0, Diff: 0, Sum: 0, Workers: 4
[25.779s][debug][gc,phases      ] GC(63)   StringDedup Requests1 Weak     Min:  0.0, Avg:  0.0, Max:  0.0, Diff:  0.0, Sum:  0.0, Workers: 4
[25.779s][debug][gc,phases      ] GC(63)     Dead                           Min: 0, Avg:  0.0, Max: 0, Diff: 0, Sum: 0, Workers: 4
[25.779s][debug][gc,phases      ] GC(63)     Total                          Min: 0, Avg:  0.0, Max: 0, Diff: 0, Sum: 0, Workers: 4
[25.779s][debug][gc,phases      ] GC(63)   Weak JFR Old Object Samples    Min:  0.0, Avg:  0.0, Max:  0.0, Diff:  0.0, Sum:  0.0, Workers: 4
[25.779s][debug][gc,phases      ] GC(63)     Dead                           Min: 0, Avg:  0.0, Max: 0, Diff: 0, Sum: 0, Workers: 4
[25.779s][debug][gc,phases      ] GC(63)     Total                          Min: 0, Avg:  0.0, Max: 0, Diff: 0, Sum: 0, Workers: 4
[25.779s][debug][gc,phases      ] GC(63) Weak Processing 0.274ms
[25.779s][debug][gc,age         ] GC(63) Desired survivor size 139984896 bytes, new threshold 15 (max threshold 15)
[25.779s][info ][gc,heap        ] GC(63) PSYoungGen: 1823947K(1952256K)->25352K(1943552K) Eden: 1798656K(1798656K)->0K(1798656K) From: 25291K(153600K)->25352K(144896K)
[25.779s][info ][gc,heap        ] GC(63) ParOldGen: 293366K(358912K)->293374K(358912K)
[25.779s][info ][gc,metaspace   ] GC(63) Metaspace: 77479K(78272K)->77479K(78272K) NonClass: 66298K(66688K)->66298K(66688K) Class: 11180K(11584K)->11180K(11584K)
[25.779s][info ][gc             ] GC(63) Pause Young (Allocation Failure) 2067M->311M(2248M) 5.948ms
[25.779s][info ][gc,cpu         ] GC(63) User=0.03s Sys=0.00s Real=0.00s
[25.779s][info ][safepoint      ] Safepoint "ParallelGCFailedAllocation", Time since last: 320669575 ns, Reaching safepoint: 136701 ns, At safepoint: 6040933 ns, Total: 6177634 ns
[26.160s][info ][gc,start       ] GC(64) Pause Young (Allocation Failure)
[26.165s][debug][gc,phases      ] GC(64) Scavenge 5.216ms
[26.165s][debug][gc,ref         ] GC(64) Skipped phase 1 of Reference Processing: no references
[26.165s][debug][gc,ref         ] GC(64) ReferenceProcessor::execute queues: 1, RefProcThreadModel::Single, marks_oops_alive: false
[26.165s][debug][gc,ref         ] GC(64) Skipped phase 3 of Reference Processing: no references
[26.165s][debug][gc,ref         ] GC(64) ReferenceProcessor::execute queues: 1, RefProcThreadModel::Single, marks_oops_alive: false
[26.165s][debug][gc,phases      ] GC(64) Reference Processing 0.120ms
[26.165s][debug][gc,phases      ] GC(64)   VM Weak                        Min:  0.0, Avg:  0.0, Max:  0.0, Diff:  0.0, Sum:  0.0, Workers: 4
[26.165s][debug][gc,phases      ] GC(64)     Dead                           Min: 0, Avg:  0.0, Max: 0, Diff: 0, Sum: 0, Workers: 4
[26.165s][debug][gc,phases      ] GC(64)     Total                          Min: 0, Avg: 157.8, Max: 384, Diff: 384, Sum: 631, Workers: 4
[26.165s][debug][gc,phases      ] GC(64)   ObjectSynchronizer Weak        Min:  0.0, Avg:  0.0, Max:  0.0, Diff:  0.0, Sum:  0.0, Workers: 4
[26.165s][debug][gc,phases      ] GC(64)     Dead                           Min: 0, Avg:  0.0, Max: 0, Diff: 0, Sum: 0, Workers: 4
[26.165s][debug][gc,phases      ] GC(64)     Total                          Min: 0, Avg: 117.0, Max: 256, Diff: 256, Sum: 468, Workers: 4
[26.165s][debug][gc,phases      ] GC(64)   JVMTI Tag Weak OopStorage      Min:  0.0, Avg:  0.0, Max:  0.0, Diff:  0.0, Sum:  0.0, Workers: 4
[26.165s][debug][gc,phases      ] GC(64)     Dead                           Min: 0, Avg:  0.0, Max: 0, Diff: 0, Sum: 0, Workers: 4
[26.165s][debug][gc,phases      ] GC(64)     Total                          Min: 0, Avg:  0.0, Max: 0, Diff: 0, Sum: 0, Workers: 4
[26.165s][debug][gc,phases      ] GC(64)   StringTable Weak               Min:  0.1, Avg:  0.1, Max:  0.1, Diff:  0.0, Sum:  0.4, Workers: 4
[26.165s][debug][gc,phases      ] GC(64)     Dead                           Min: 0, Avg:  0.0, Max: 0, Diff: 0, Sum: 0, Workers: 4
[26.165s][debug][gc,phases      ] GC(64)     Total                          Min: 9600, Avg: 11559.0, Max: 15680, Diff: 6080, Sum: 46236, Workers: 4
[26.165s][debug][gc,phases      ] GC(64)   ResolvedMethodTable Weak       Min:  0.0, Avg:  0.0, Max:  0.0, Diff:  0.0, Sum:  0.1, Workers: 4
[26.165s][debug][gc,phases      ] GC(64)     Dead                           Min: 0, Avg:  0.0, Max: 0, Diff: 0, Sum: 0, Workers: 4
[26.165s][debug][gc,phases      ] GC(64)     Total                          Min: 1728, Avg: 1955.8, Max: 2384, Diff: 656, Sum: 7823, Workers: 4
[26.165s][debug][gc,phases      ] GC(64)   JNI Weak                       Min:  0.0, Avg:  0.0, Max:  0.0, Diff:  0.0, Sum:  0.0, Workers: 4
[26.165s][debug][gc,phases      ] GC(64)     Dead                           Min: 0, Avg:  0.0, Max: 0, Diff: 0, Sum: 0, Workers: 4
[26.165s][debug][gc,phases      ] GC(64)     Total                          Min: 0, Avg:  0.8, Max: 3, Diff: 3, Sum: 3, Workers: 4
[26.165s][debug][gc,phases      ] GC(64)   StringDedup Table Weak         Min:  0.0, Avg:  0.0, Max:  0.0, Diff:  0.0, Sum:  0.0, Workers: 4
[26.165s][debug][gc,phases      ] GC(64)     Dead                           Min: 0, Avg:  0.0, Max: 0, Diff: 0, Sum: 0, Workers: 4
[26.165s][debug][gc,phases      ] GC(64)     Total                          Min: 0, Avg:  0.0, Max: 0, Diff: 0, Sum: 0, Workers: 4
[26.165s][debug][gc,phases      ] GC(64)   StringDedup Requests0 Weak     Min:  0.0, Avg:  0.0, Max:  0.0, Diff:  0.0, Sum:  0.0, Workers: 4
[26.165s][debug][gc,phases      ] GC(64)     Dead                           Min: 0, Avg:  0.0, Max: 0, Diff: 0, Sum: 0, Workers: 4
[26.165s][debug][gc,phases      ] GC(64)     Total                          Min: 0, Avg:  0.0, Max: 0, Diff: 0, Sum: 0, Workers: 4
[26.165s][debug][gc,phases      ] GC(64)   StringDedup Requests1 Weak     Min:  0.0, Avg:  0.0, Max:  0.0, Diff:  0.0, Sum:  0.0, Workers: 4
[26.165s][debug][gc,phases      ] GC(64)     Dead                           Min: 0, Avg:  0.0, Max: 0, Diff: 0, Sum: 0, Workers: 4
[26.165s][debug][gc,phases      ] GC(64)     Total                          Min: 0, Avg:  0.0, Max: 0, Diff: 0, Sum: 0, Workers: 4
[26.165s][debug][gc,phases      ] GC(64)   Weak JFR Old Object Samples    Min:  0.0, Avg:  0.0, Max:  0.0, Diff:  0.0, Sum:  0.0, Workers: 4
[26.165s][debug][gc,phases      ] GC(64)     Dead                           Min: 0, Avg:  0.0, Max: 0, Diff: 0, Sum: 0, Workers: 4
[26.165s][debug][gc,phases      ] GC(64)     Total                          Min: 0, Avg:  0.0, Max: 0, Diff: 0, Sum: 0, Workers: 4
[26.165s][debug][gc,phases      ] GC(64) Weak Processing 0.291ms
[26.165s][debug][gc,age         ] GC(64) Desired survivor size 132120576 bytes, new threshold 15 (max threshold 15)
[26.165s][info ][gc,heap        ] GC(64) PSYoungGen: 1824008K(1943552K)->25691K(1968128K) Eden: 1798656K(1798656K)->0K(1831424K) From: 25352K(144896K)->25691K(136704K)
[26.165s][info ][gc,heap        ] GC(64) ParOldGen: 293374K(358912K)->293382K(358912K)
[26.165s][info ][gc,metaspace   ] GC(64) Metaspace: 77505K(78336K)->77505K(78336K) NonClass: 66324K(66752K)->66324K(66752K) Class: 11180K(11584K)->11180K(11584K)
[26.165s][info ][gc             ] GC(64) Pause Young (Allocation Failure) 2067M->311M(2272M) 5.734ms
[26.165s][info ][gc,cpu         ] GC(64) User=0.02s Sys=0.00s Real=0.01s
[26.165s][info ][safepoint      ] Safepoint "ParallelGCFailedAllocation", Time since last: 380697507 ns, Reaching safepoint: 131901 ns, At safepoint: 5815532 ns, Total: 5947433 ns
[26.451s][info ][gc,start       ] GC(65) Pause Young (Allocation Failure)
[26.458s][debug][gc,phases      ] GC(65) Scavenge 6.069ms
[26.458s][debug][gc,ref         ] GC(65) Skipped phase 1 of Reference Processing: no references
[26.458s][debug][gc,ref         ] GC(65) ReferenceProcessor::execute queues: 1, RefProcThreadModel::Single, marks_oops_alive: false
[26.458s][debug][gc,ref         ] GC(65) Skipped phase 3 of Reference Processing: no references
[26.458s][debug][gc,ref         ] GC(65) ReferenceProcessor::execute queues: 1, RefProcThreadModel::Single, marks_oops_alive: false
[26.458s][debug][gc,phases      ] GC(65) Reference Processing 0.120ms
[26.458s][debug][gc,phases      ] GC(65)   VM Weak                        Min:  0.0, Avg:  0.0, Max:  0.0, Diff:  0.0, Sum:  0.0, Workers: 4
[26.458s][debug][gc,phases      ] GC(65)     Dead                           Min: 0, Avg:  0.0, Max: 0, Diff: 0, Sum: 0, Workers: 4
[26.458s][debug][gc,phases      ] GC(65)     Total                          Min: 0, Avg: 157.8, Max: 375, Diff: 375, Sum: 631, Workers: 4
[26.458s][debug][gc,phases      ] GC(65)   ObjectSynchronizer Weak        Min:  0.0, Avg:  0.0, Max:  0.0, Diff:  0.0, Sum:  0.0, Workers: 4
[26.458s][debug][gc,phases      ] GC(65)     Dead                           Min: 0, Avg:  0.0, Max: 0, Diff: 0, Sum: 0, Workers: 4
[26.458s][debug][gc,phases      ] GC(65)     Total                          Min: 0, Avg: 117.0, Max: 276, Diff: 276, Sum: 468, Workers: 4
[26.458s][debug][gc,phases      ] GC(65)   JVMTI Tag Weak OopStorage      Min:  0.0, Avg:  0.0, Max:  0.0, Diff:  0.0, Sum:  0.0, Workers: 4
[26.458s][debug][gc,phases      ] GC(65)     Dead                           Min: 0, Avg:  0.0, Max: 0, Diff: 0, Sum: 0, Workers: 4
[26.458s][debug][gc,phases      ] GC(65)     Total                          Min: 0, Avg:  0.0, Max: 0, Diff: 0, Sum: 0, Workers: 4
[26.458s][debug][gc,phases      ] GC(65)   StringTable Weak               Min:  0.1, Avg:  0.1, Max:  0.1, Diff:  0.0, Sum:  0.4, Workers: 4
[26.458s][debug][gc,phases      ] GC(65)     Dead                           Min: 0, Avg:  0.0, Max: 0, Diff: 0, Sum: 0, Workers: 4
[26.458s][debug][gc,phases      ] GC(65)     Total                          Min: 9024, Avg: 11559.5, Max: 14272, Diff: 5248, Sum: 46238, Workers: 4
[26.458s][debug][gc,phases      ] GC(65)   ResolvedMethodTable Weak       Min:  0.0, Avg:  0.0, Max:  0.0, Diff:  0.0, Sum:  0.1, Workers: 4
[26.458s][debug][gc,phases      ] GC(65)     Dead                           Min: 0, Avg:  0.0, Max: 0, Diff: 0, Sum: 0, Workers: 4
[26.458s][debug][gc,phases      ] GC(65)     Total                          Min: 1728, Avg: 1955.8, Max: 2256, Diff: 528, Sum: 7823, Workers: 4
[26.458s][debug][gc,phases      ] GC(65)   JNI Weak                       Min:  0.0, Avg:  0.0, Max:  0.0, Diff:  0.0, Sum:  0.0, Workers: 4
[26.458s][debug][gc,phases      ] GC(65)     Dead                           Min: 0, Avg:  0.0, Max: 0, Diff: 0, Sum: 0, Workers: 4
[26.458s][debug][gc,phases      ] GC(65)     Total                          Min: 0, Avg:  0.5, Max: 2, Diff: 2, Sum: 2, Workers: 4
[26.458s][debug][gc,phases      ] GC(65)   StringDedup Table Weak         Min:  0.0, Avg:  0.0, Max:  0.0, Diff:  0.0, Sum:  0.0, Workers: 4
[26.458s][debug][gc,phases      ] GC(65)     Dead                           Min: 0, Avg:  0.0, Max: 0, Diff: 0, Sum: 0, Workers: 4
[26.458s][debug][gc,phases      ] GC(65)     Total                          Min: 0, Avg:  0.0, Max: 0, Diff: 0, Sum: 0, Workers: 4
[26.458s][debug][gc,phases      ] GC(65)   StringDedup Requests0 Weak     Min:  0.0, Avg:  0.0, Max:  0.0, Diff:  0.0, Sum:  0.0, Workers: 4
[26.458s][debug][gc,phases      ] GC(65)     Dead                           Min: 0, Avg:  0.0, Max: 0, Diff: 0, Sum: 0, Workers: 4
[26.458s][debug][gc,phases      ] GC(65)     Total                          Min: 0, Avg:  0.0, Max: 0, Diff: 0, Sum: 0, Workers: 4
[26.458s][debug][gc,phases      ] GC(65)   StringDedup Requests1 Weak     Min:  0.0, Avg:  0.0, Max:  0.0, Diff:  0.0, Sum:  0.0, Workers: 4
[26.458s][debug][gc,phases      ] GC(65)     Dead                           Min: 0, Avg:  0.0, Max: 0, Diff: 0, Sum: 0, Workers: 4
[26.458s][debug][gc,phases      ] GC(65)     Total                          Min: 0, Avg:  0.0, Max: 0, Diff: 0, Sum: 0, Workers: 4
[26.458s][debug][gc,phases      ] GC(65)   Weak JFR Old Object Samples    Min:  0.0, Avg:  0.0, Max:  0.0, Diff:  0.0, Sum:  0.0, Workers: 4
[26.458s][debug][gc,phases      ] GC(65)     Dead                           Min: 0, Avg:  0.0, Max: 0, Diff: 0, Sum: 0, Workers: 4
[26.458s][debug][gc,phases      ] GC(65)     Total                          Min: 0, Avg:  0.0, Max: 0, Diff: 0, Sum: 0, Workers: 4
[26.458s][debug][gc,phases      ] GC(65) Weak Processing 0.267ms
[26.458s][debug][gc,age         ] GC(65) Desired survivor size 124256256 bytes, new threshold 15 (max threshold 15)
[26.458s][info ][gc,heap        ] GC(65) PSYoungGen: 1857115K(1968128K)->26091K(1960448K) Eden: 1831424K(1831424K)->0K(1831424K) From: 25691K(136704K)->26091K(129024K)
[26.458s][info ][gc,heap        ] GC(65) ParOldGen: 293382K(358912K)->293390K(358912K)
[26.458s][info ][gc,metaspace   ] GC(65) Metaspace: 77542K(78336K)->77542K(78336K) NonClass: 66362K(66752K)->66362K(66752K) Class: 11180K(11584K)->11180K(11584K)
[26.458s][info ][gc             ] GC(65) Pause Young (Allocation Failure) 2100M->311M(2265M) 6.566ms
[26.458s][info ][gc,cpu         ] GC(65) User=0.02s Sys=0.00s Real=0.00s
[26.458s][info ][safepoint      ] Safepoint "ParallelGCFailedAllocation", Time since last: 285489580 ns, Reaching safepoint: 627403 ns, At safepoint: 6660437 ns, Total: 7287840 ns
[26.781s][info ][gc,start       ] GC(66) Pause Young (Allocation Failure)
[26.787s][debug][gc,phases      ] GC(66) Scavenge 5.295ms
[26.787s][debug][gc,ref         ] GC(66) Skipped phase 1 of Reference Processing: no references
[26.787s][debug][gc,ref         ] GC(66) ReferenceProcessor::execute queues: 1, RefProcThreadModel::Single, marks_oops_alive: false
[26.787s][debug][gc,ref         ] GC(66) Skipped phase 3 of Reference Processing: no references
[26.787s][debug][gc,ref         ] GC(66) ReferenceProcessor::execute queues: 1, RefProcThreadModel::Single, marks_oops_alive: false
[26.787s][debug][gc,phases      ] GC(66) Reference Processing 0.104ms
[26.787s][debug][gc,phases      ] GC(66)   VM Weak                        Min:  0.0, Avg:  0.0, Max:  0.0, Diff:  0.0, Sum:  0.0, Workers: 4
[26.787s][debug][gc,phases      ] GC(66)     Dead                           Min: 0, Avg:  0.0, Max: 0, Diff: 0, Sum: 0, Workers: 4
[26.787s][debug][gc,phases      ] GC(66)     Total                          Min: 0, Avg: 157.8, Max: 320, Diff: 320, Sum: 631, Workers: 4
[26.787s][debug][gc,phases      ] GC(66)   ObjectSynchronizer Weak        Min:  0.0, Avg:  0.0, Max:  0.0, Diff:  0.0, Sum:  0.0, Workers: 4
[26.787s][debug][gc,phases      ] GC(66)     Dead                           Min: 0, Avg:  0.0, Max: 0, Diff: 0, Sum: 0, Workers: 4
[26.787s][debug][gc,phases      ] GC(66)     Total                          Min: 0, Avg: 117.0, Max: 276, Diff: 276, Sum: 468, Workers: 4
[26.787s][debug][gc,phases      ] GC(66)   JVMTI Tag Weak OopStorage      Min:  0.0, Avg:  0.0, Max:  0.0, Diff:  0.0, Sum:  0.0, Workers: 4
[26.787s][debug][gc,phases      ] GC(66)     Dead                           Min: 0, Avg:  0.0, Max: 0, Diff: 0, Sum: 0, Workers: 4
[26.787s][debug][gc,phases      ] GC(66)     Total                          Min: 0, Avg:  0.0, Max: 0, Diff: 0, Sum: 0, Workers: 4
[26.787s][debug][gc,phases      ] GC(66)   StringTable Weak               Min:  0.1, Avg:  0.1, Max:  0.1, Diff:  0.0, Sum:  0.4, Workers: 4
[26.787s][debug][gc,phases      ] GC(66)     Dead                           Min: 0, Avg:  0.0, Max: 0, Diff: 0, Sum: 0, Workers: 4
[26.787s][debug][gc,phases      ] GC(66)     Total                          Min: 8960, Avg: 11560.2, Max: 14528, Diff: 5568, Sum: 46241, Workers: 4
[26.787s][debug][gc,phases      ] GC(66)   ResolvedMethodTable Weak       Min:  0.0, Avg:  0.0, Max:  0.0, Diff:  0.0, Sum:  0.1, Workers: 4
[26.787s][debug][gc,phases      ] GC(66)     Dead                           Min: 0, Avg:  0.0, Max: 0, Diff: 0, Sum: 0, Workers: 4
[26.787s][debug][gc,phases      ] GC(66)     Total                          Min: 1472, Avg: 1955.8, Max: 2383, Diff: 911, Sum: 7823, Workers: 4
[26.787s][debug][gc,phases      ] GC(66)   JNI Weak                       Min:  0.0, Avg:  0.0, Max:  0.0, Diff:  0.0, Sum:  0.0, Workers: 4
[26.787s][debug][gc,phases      ] GC(66)     Dead                           Min: 0, Avg:  0.0, Max: 0, Diff: 0, Sum: 0, Workers: 4
[26.787s][debug][gc,phases      ] GC(66)     Total                          Min: 0, Avg:  0.2, Max: 1, Diff: 1, Sum: 1, Workers: 4
[26.787s][debug][gc,phases      ] GC(66)   StringDedup Table Weak         Min:  0.0, Avg:  0.0, Max:  0.0, Diff:  0.0, Sum:  0.0, Workers: 4
[26.787s][debug][gc,phases      ] GC(66)     Dead                           Min: 0, Avg:  0.0, Max: 0, Diff: 0, Sum: 0, Workers: 4
[26.787s][debug][gc,phases      ] GC(66)     Total                          Min: 0, Avg:  0.0, Max: 0, Diff: 0, Sum: 0, Workers: 4
[26.787s][debug][gc,phases      ] GC(66)   StringDedup Requests0 Weak     Min:  0.0, Avg:  0.0, Max:  0.0, Diff:  0.0, Sum:  0.0, Workers: 4
[26.787s][debug][gc,phases      ] GC(66)     Dead                           Min: 0, Avg:  0.0, Max: 0, Diff: 0, Sum: 0, Workers: 4
[26.787s][debug][gc,phases      ] GC(66)     Total                          Min: 0, Avg:  0.0, Max: 0, Diff: 0, Sum: 0, Workers: 4
[26.787s][debug][gc,phases      ] GC(66)   StringDedup Requests1 Weak     Min:  0.0, Avg:  0.0, Max:  0.0, Diff:  0.0, Sum:  0.0, Workers: 4
[26.787s][debug][gc,phases      ] GC(66)     Dead                           Min: 0, Avg:  0.0, Max: 0, Diff: 0, Sum: 0, Workers: 4
[26.787s][debug][gc,phases      ] GC(66)     Total                          Min: 0, Avg:  0.0, Max: 0, Diff: 0, Sum: 0, Workers: 4
[26.787s][debug][gc,phases      ] GC(66)   Weak JFR Old Object Samples    Min:  0.0, Avg:  0.0, Max:  0.0, Diff:  0.0, Sum:  0.0, Workers: 4
[26.787s][debug][gc,phases      ] GC(66)     Dead                           Min: 0, Avg:  0.0, Max: 0, Diff: 0, Sum: 0, Workers: 4
[26.787s][debug][gc,phases      ] GC(66)     Total                          Min: 0, Avg:  0.0, Max: 0, Diff: 0, Sum: 0, Workers: 4
[26.787s][debug][gc,phases      ] GC(66) Weak Processing 0.257ms
[26.787s][debug][gc,age         ] GC(66) Desired survivor size 116916224 bytes, new threshold 15 (max threshold 15)
[26.787s][info ][gc,heap        ] GC(66) PSYoungGen: 1857515K(1960448K)->26635K(1982976K) Eden: 1831424K(1831424K)->0K(1861632K) From: 26091K(129024K)->26635K(121344K)
[26.787s][info ][gc,heap        ] GC(66) ParOldGen: 293390K(358912K)->293623K(358912K)
[26.787s][info ][gc,metaspace   ] GC(66) Metaspace: 77551K(78336K)->77551K(78336K) NonClass: 66371K(66752K)->66371K(66752K) Class: 11180K(11584K)->11180K(11584K)
[26.787s][info ][gc             ] GC(66) Pause Young (Allocation Failure) 2100M->312M(2287M) 5.756ms
[26.787s][info ][gc,cpu         ] GC(66) User=0.03s Sys=0.00s Real=0.00s
[26.787s][info ][safepoint      ] Safepoint "ParallelGCFailedAllocation", Time since last: 322988187 ns, Reaching safepoint: 133201 ns, At safepoint: 5867032 ns, Total: 6000233 ns
[27.089s][info ][gc,start       ] GC(67) Pause Young (Allocation Failure)
[27.095s][debug][gc,phases      ] GC(67) Scavenge 5.641ms
[27.095s][debug][gc,ref         ] GC(67) Skipped phase 1 of Reference Processing: no references
[27.095s][debug][gc,ref         ] GC(67) ReferenceProcessor::execute queues: 1, RefProcThreadModel::Single, marks_oops_alive: false
[27.095s][debug][gc,ref         ] GC(67) Skipped phase 3 of Reference Processing: no references
[27.095s][debug][gc,ref         ] GC(67) ReferenceProcessor::execute queues: 1, RefProcThreadModel::Single, marks_oops_alive: false
[27.095s][debug][gc,phases      ] GC(67) Reference Processing 0.107ms
[27.095s][debug][gc,phases      ] GC(67)   VM Weak                        Min:  0.0, Avg:  0.0, Max:  0.0, Diff:  0.0, Sum:  0.0, Workers: 4
[27.095s][debug][gc,phases      ] GC(67)     Dead                           Min: 0, Avg:  0.0, Max: 0, Diff: 0, Sum: 0, Workers: 4
[27.095s][debug][gc,phases      ] GC(67)     Total                          Min: 0, Avg: 157.8, Max: 576, Diff: 576, Sum: 631, Workers: 4
[27.095s][debug][gc,phases      ] GC(67)   ObjectSynchronizer Weak        Min:  0.0, Avg:  0.0, Max:  0.0, Diff:  0.0, Sum:  0.0, Workers: 4
[27.095s][debug][gc,phases      ] GC(67)     Dead                           Min: 0, Avg:  0.0, Max: 0, Diff: 0, Sum: 0, Workers: 4
[27.095s][debug][gc,phases      ] GC(67)     Total                          Min: 0, Avg: 117.0, Max: 276, Diff: 276, Sum: 468, Workers: 4
[27.095s][debug][gc,phases      ] GC(67)   JVMTI Tag Weak OopStorage      Min:  0.0, Avg:  0.0, Max:  0.0, Diff:  0.0, Sum:  0.0, Workers: 4
[27.095s][debug][gc,phases      ] GC(67)     Dead                           Min: 0, Avg:  0.0, Max: 0, Diff: 0, Sum: 0, Workers: 4
[27.095s][debug][gc,phases      ] GC(67)     Total                          Min: 0, Avg:  0.0, Max: 0, Diff: 0, Sum: 0, Workers: 4
[27.095s][debug][gc,phases      ] GC(67)   StringTable Weak               Min:  0.1, Avg:  0.1, Max:  0.1, Diff:  0.0, Sum:  0.3, Workers: 4
[27.095s][debug][gc,phases      ] GC(67)     Dead                           Min: 0, Avg:  0.0, Max: 0, Diff: 0, Sum: 0, Workers: 4
[27.095s][debug][gc,phases      ] GC(67)     Total                          Min: 10477, Avg: 11563.2, Max: 13056, Diff: 2579, Sum: 46253, Workers: 4
[27.095s][debug][gc,phases      ] GC(67)   ResolvedMethodTable Weak       Min:  0.0, Avg:  0.0, Max:  0.0, Diff:  0.0, Sum:  0.1, Workers: 4
[27.095s][debug][gc,phases      ] GC(67)     Dead                           Min: 0, Avg:  0.0, Max: 0, Diff: 0, Sum: 0, Workers: 4
[27.095s][debug][gc,phases      ] GC(67)     Total                          Min: 1920, Avg: 1955.8, Max: 2048, Diff: 128, Sum: 7823, Workers: 4
[27.095s][debug][gc,phases      ] GC(67)   JNI Weak                       Min:  0.0, Avg:  0.0, Max:  0.0, Diff:  0.0, Sum:  0.0, Workers: 4
[27.095s][debug][gc,phases      ] GC(67)     Dead                           Min: 0, Avg:  0.0, Max: 0, Diff: 0, Sum: 0, Workers: 4
[27.095s][debug][gc,phases      ] GC(67)     Total                          Min: 0, Avg:  0.0, Max: 0, Diff: 0, Sum: 0, Workers: 4
[27.095s][debug][gc,phases      ] GC(67)   StringDedup Table Weak         Min:  0.0, Avg:  0.0, Max:  0.0, Diff:  0.0, Sum:  0.0, Workers: 4
[27.095s][debug][gc,phases      ] GC(67)     Dead                           Min: 0, Avg:  0.0, Max: 0, Diff: 0, Sum: 0, Workers: 4
[27.095s][debug][gc,phases      ] GC(67)     Total                          Min: 0, Avg:  0.0, Max: 0, Diff: 0, Sum: 0, Workers: 4
[27.095s][debug][gc,phases      ] GC(67)   StringDedup Requests0 Weak     Min:  0.0, Avg:  0.0, Max:  0.0, Diff:  0.0, Sum:  0.0, Workers: 4
[27.095s][debug][gc,phases      ] GC(67)     Dead                           Min: 0, Avg:  0.0, Max: 0, Diff: 0, Sum: 0, Workers: 4
[27.095s][debug][gc,phases      ] GC(67)     Total                          Min: 0, Avg:  0.0, Max: 0, Diff: 0, Sum: 0, Workers: 4
[27.095s][debug][gc,phases      ] GC(67)   StringDedup Requests1 Weak     Min:  0.0, Avg:  0.0, Max:  0.0, Diff:  0.0, Sum:  0.0, Workers: 4
[27.095s][debug][gc,phases      ] GC(67)     Dead                           Min: 0, Avg:  0.0, Max: 0, Diff: 0, Sum: 0, Workers: 4
[27.095s][debug][gc,phases      ] GC(67)     Total                          Min: 0, Avg:  0.0, Max: 0, Diff: 0, Sum: 0, Workers: 4
[27.095s][debug][gc,phases      ] GC(67)   Weak JFR Old Object Samples    Min:  0.0, Avg:  0.0, Max:  0.0, Diff:  0.0, Sum:  0.0, Workers: 4
[27.095s][debug][gc,phases      ] GC(67)     Dead                           Min: 0, Avg:  0.0, Max: 0, Diff: 0, Sum: 0, Workers: 4
[27.095s][debug][gc,phases      ] GC(67)     Total                          Min: 0, Avg:  0.0, Max: 0, Diff: 0, Sum: 0, Workers: 4
[27.095s][debug][gc,phases      ] GC(67) Weak Processing 0.251ms
[27.095s][debug][gc,age         ] GC(67) Desired survivor size 110100480 bytes, new threshold 15 (max threshold 15)
[27.095s][info ][gc,heap        ] GC(67) PSYoungGen: 1888267K(1982976K)->27387K(1975808K) Eden: 1861632K(1861632K)->0K(1861632K) From: 26635K(121344K)->27387K(114176K)
[27.095s][info ][gc,heap        ] GC(67) ParOldGen: 293623K(358912K)->293807K(358912K)
[27.095s][info ][gc,metaspace   ] GC(67) Metaspace: 77568K(78400K)->77568K(78400K) NonClass: 66387K(66816K)->66387K(66816K) Class: 11180K(11584K)->11180K(11584K)
[27.095s][info ][gc             ] GC(67) Pause Young (Allocation Failure) 2130M->313M(2280M) 6.109ms
[27.095s][info ][gc,cpu         ] GC(67) User=0.02s Sys=0.00s Real=0.00s
[27.095s][info ][safepoint      ] Safepoint "ParallelGCFailedAllocation", Time since last: 301995971 ns, Reaching safepoint: 138500 ns, At safepoint: 6212935 ns, Total: 6351435 ns
[27.560s][info ][gc,start       ] GC(68) Pause Young (Allocation Failure)
[27.567s][debug][gc,phases      ] GC(68) Scavenge 7.030ms
[27.567s][debug][gc,ref         ] GC(68) Skipped phase 1 of Reference Processing: no references
[27.567s][debug][gc,ref         ] GC(68) ReferenceProcessor::execute queues: 1, RefProcThreadModel::Single, marks_oops_alive: false
[27.567s][debug][gc,ref         ] GC(68) Skipped phase 3 of Reference Processing: no references
[27.567s][debug][gc,ref         ] GC(68) ReferenceProcessor::execute queues: 1, RefProcThreadModel::Single, marks_oops_alive: false
[27.567s][debug][gc,phases      ] GC(68) Reference Processing 0.133ms
[27.567s][debug][gc,phases      ] GC(68)   VM Weak                        Min:  0.0, Avg:  0.0, Max:  0.0, Diff:  0.0, Sum:  0.0, Workers: 4
[27.567s][debug][gc,phases      ] GC(68)     Dead                           Min: 0, Avg:  0.0, Max: 0, Diff: 0, Sum: 0, Workers: 4
[27.567s][debug][gc,phases      ] GC(68)     Total                          Min: 0, Avg: 157.8, Max: 439, Diff: 439, Sum: 631, Workers: 4
[27.567s][debug][gc,phases      ] GC(68)   ObjectSynchronizer Weak        Min:  0.0, Avg:  0.0, Max:  0.0, Diff:  0.0, Sum:  0.0, Workers: 4
[27.567s][debug][gc,phases      ] GC(68)     Dead                           Min: 0, Avg:  0.0, Max: 0, Diff: 0, Sum: 0, Workers: 4
[27.567s][debug][gc,phases      ] GC(68)     Total                          Min: 0, Avg: 117.2, Max: 256, Diff: 256, Sum: 469, Workers: 4
[27.567s][debug][gc,phases      ] GC(68)   JVMTI Tag Weak OopStorage      Min:  0.0, Avg:  0.0, Max:  0.0, Diff:  0.0, Sum:  0.0, Workers: 4
[27.567s][debug][gc,phases      ] GC(68)     Dead                           Min: 0, Avg:  0.0, Max: 0, Diff: 0, Sum: 0, Workers: 4
[27.567s][debug][gc,phases      ] GC(68)     Total                          Min: 0, Avg:  0.0, Max: 0, Diff: 0, Sum: 0, Workers: 4
[27.567s][debug][gc,phases      ] GC(68)   StringTable Weak               Min:  0.1, Avg:  0.1, Max:  0.1, Diff:  0.0, Sum:  0.4, Workers: 4
[27.567s][debug][gc,phases      ] GC(68)     Dead                           Min: 0, Avg:  0.0, Max: 0, Diff: 0, Sum: 0, Workers: 4
[27.567s][debug][gc,phases      ] GC(68)     Total                          Min: 8256, Avg: 11565.2, Max: 13312, Diff: 5056, Sum: 46261, Workers: 4
[27.567s][debug][gc,phases      ] GC(68)   ResolvedMethodTable Weak       Min:  0.0, Avg:  0.0, Max:  0.0, Diff:  0.0, Sum:  0.1, Workers: 4
[27.567s][debug][gc,phases      ] GC(68)     Dead                           Min: 0, Avg:  0.0, Max: 0, Diff: 0, Sum: 0, Workers: 4
[27.567s][debug][gc,phases      ] GC(68)     Total                          Min: 1664, Avg: 1955.8, Max: 2192, Diff: 528, Sum: 7823, Workers: 4
[27.567s][debug][gc,phases      ] GC(68)   JNI Weak                       Min:  0.0, Avg:  0.0, Max:  0.0, Diff:  0.0, Sum:  0.0, Workers: 4
[27.567s][debug][gc,phases      ] GC(68)     Dead                           Min: 0, Avg:  0.0, Max: 0, Diff: 0, Sum: 0, Workers: 4
[27.567s][debug][gc,phases      ] GC(68)     Total                          Min: 0, Avg:  0.5, Max: 2, Diff: 2, Sum: 2, Workers: 4
[27.567s][debug][gc,phases      ] GC(68)   StringDedup Table Weak         Min:  0.0, Avg:  0.0, Max:  0.0, Diff:  0.0, Sum:  0.0, Workers: 4
[27.567s][debug][gc,phases      ] GC(68)     Dead                           Min: 0, Avg:  0.0, Max: 0, Diff: 0, Sum: 0, Workers: 4
[27.567s][debug][gc,phases      ] GC(68)     Total                          Min: 0, Avg:  0.0, Max: 0, Diff: 0, Sum: 0, Workers: 4
[27.567s][debug][gc,phases      ] GC(68)   StringDedup Requests0 Weak     Min:  0.0, Avg:  0.0, Max:  0.0, Diff:  0.0, Sum:  0.0, Workers: 4
[27.567s][debug][gc,phases      ] GC(68)     Dead                           Min: 0, Avg:  0.0, Max: 0, Diff: 0, Sum: 0, Workers: 4
[27.567s][debug][gc,phases      ] GC(68)     Total                          Min: 0, Avg:  0.0, Max: 0, Diff: 0, Sum: 0, Workers: 4
[27.567s][debug][gc,phases      ] GC(68)   StringDedup Requests1 Weak     Min:  0.0, Avg:  0.0, Max:  0.0, Diff:  0.0, Sum:  0.0, Workers: 4
[27.567s][debug][gc,phases      ] GC(68)     Dead                           Min: 0, Avg:  0.0, Max: 0, Diff: 0, Sum: 0, Workers: 4
[27.567s][debug][gc,phases      ] GC(68)     Total                          Min: 0, Avg:  0.0, Max: 0, Diff: 0, Sum: 0, Workers: 4
[27.567s][debug][gc,phases      ] GC(68)   Weak JFR Old Object Samples    Min:  0.0, Avg:  0.0, Max:  0.0, Diff:  0.0, Sum:  0.0, Workers: 4
[27.567s][debug][gc,phases      ] GC(68)     Dead                           Min: 0, Avg:  0.0, Max: 0, Diff: 0, Sum: 0, Workers: 4
[27.567s][debug][gc,phases      ] GC(68)     Total                          Min: 0, Avg:  0.0, Max: 0, Diff: 0, Sum: 0, Workers: 4
[27.567s][debug][gc,phases      ] GC(68) Weak Processing 0.261ms
[27.567s][debug][gc,age         ] GC(68) Desired survivor size 103809024 bytes, new threshold 15 (max threshold 15)
[27.567s][info ][gc,heap        ] GC(68) PSYoungGen: 1889019K(1975808K)->28619K(1995776K) Eden: 1861632K(1861632K)->0K(1888256K) From: 27387K(114176K)->28619K(107520K)
[27.567s][info ][gc,heap        ] GC(68) ParOldGen: 293807K(358912K)->294103K(358912K)
[27.567s][info ][gc,metaspace   ] GC(68) Metaspace: 77602K(78400K)->77602K(78400K) NonClass: 66422K(66816K)->66422K(66816K) Class: 11180K(11584K)->11180K(11584K)
[27.567s][info ][gc             ] GC(68) Pause Young (Allocation Failure) 2131M->315M(2299M) 7.529ms
[27.567s][info ][gc,cpu         ] GC(68) User=0.02s Sys=0.00s Real=0.01s
[27.567s][info ][safepoint      ] Safepoint "ParallelGCFailedAllocation", Time since last: 463905866 ns, Reaching safepoint: 169201 ns, At safepoint: 7623342 ns, Total: 7792543 ns
[27.872s][info ][gc,start       ] GC(69) Pause Young (Allocation Failure)
[27.880s][debug][gc,phases      ] GC(69) Scavenge 8.003ms
[27.880s][debug][gc,ref         ] GC(69) Skipped phase 1 of Reference Processing: no references
[27.880s][debug][gc,ref         ] GC(69) ReferenceProcessor::execute queues: 1, RefProcThreadModel::Single, marks_oops_alive: false
[27.880s][debug][gc,ref         ] GC(69) Skipped phase 3 of Reference Processing: no references
[27.880s][debug][gc,ref         ] GC(69) ReferenceProcessor::execute queues: 1, RefProcThreadModel::Single, marks_oops_alive: false
[27.880s][debug][gc,phases      ] GC(69) Reference Processing 0.111ms
[27.880s][debug][gc,phases      ] GC(69)   VM Weak                        Min:  0.0, Avg:  0.0, Max:  0.0, Diff:  0.0, Sum:  0.0, Workers: 4
[27.880s][debug][gc,phases      ] GC(69)     Dead                           Min: 0, Avg:  0.0, Max: 0, Diff: 0, Sum: 0, Workers: 4
[27.880s][debug][gc,phases      ] GC(69)     Total                          Min: 0, Avg: 157.8, Max: 384, Diff: 384, Sum: 631, Workers: 4
[27.880s][debug][gc,phases      ] GC(69)   ObjectSynchronizer Weak        Min:  0.0, Avg:  0.0, Max:  0.0, Diff:  0.0, Sum:  0.0, Workers: 4
[27.880s][debug][gc,phases      ] GC(69)     Dead                           Min: 0, Avg:  0.0, Max: 0, Diff: 0, Sum: 0, Workers: 4
[27.880s][debug][gc,phases      ] GC(69)     Total                          Min: 0, Avg: 117.2, Max: 192, Diff: 192, Sum: 469, Workers: 4
[27.880s][debug][gc,phases      ] GC(69)   JVMTI Tag Weak OopStorage      Min:  0.0, Avg:  0.0, Max:  0.0, Diff:  0.0, Sum:  0.0, Workers: 4
[27.880s][debug][gc,phases      ] GC(69)     Dead                           Min: 0, Avg:  0.0, Max: 0, Diff: 0, Sum: 0, Workers: 4
[27.880s][debug][gc,phases      ] GC(69)     Total                          Min: 0, Avg:  0.0, Max: 0, Diff: 0, Sum: 0, Workers: 4
[27.880s][debug][gc,phases      ] GC(69)   StringTable Weak               Min:  0.1, Avg:  0.1, Max:  0.1, Diff:  0.0, Sum:  0.5, Workers: 4
[27.880s][debug][gc,phases      ] GC(69)     Dead                           Min: 0, Avg:  0.0, Max: 0, Diff: 0, Sum: 0, Workers: 4
[27.880s][debug][gc,phases      ] GC(69)     Total                          Min: 10368, Avg: 11568.2, Max: 12224, Diff: 1856, Sum: 46273, Workers: 4
[27.880s][debug][gc,phases      ] GC(69)   ResolvedMethodTable Weak       Min:  0.0, Avg:  0.0, Max:  0.0, Diff:  0.0, Sum:  0.1, Workers: 4
[27.880s][debug][gc,phases      ] GC(69)     Dead                           Min: 0, Avg:  0.0, Max: 0, Diff: 0, Sum: 0, Workers: 4
[27.880s][debug][gc,phases      ] GC(69)     Total                          Min: 1855, Avg: 1955.8, Max: 2112, Diff: 257, Sum: 7823, Workers: 4
[27.880s][debug][gc,phases      ] GC(69)   JNI Weak                       Min:  0.0, Avg:  0.0, Max:  0.0, Diff:  0.0, Sum:  0.0, Workers: 4
[27.880s][debug][gc,phases      ] GC(69)     Dead                           Min: 0, Avg:  0.0, Max: 0, Diff: 0, Sum: 0, Workers: 4
[27.880s][debug][gc,phases      ] GC(69)     Total                          Min: 0, Avg:  0.0, Max: 0, Diff: 0, Sum: 0, Workers: 4
[27.880s][debug][gc,phases      ] GC(69)   StringDedup Table Weak         Min:  0.0, Avg:  0.0, Max:  0.0, Diff:  0.0, Sum:  0.0, Workers: 4
[27.880s][debug][gc,phases      ] GC(69)     Dead                           Min: 0, Avg:  0.0, Max: 0, Diff: 0, Sum: 0, Workers: 4
[27.880s][debug][gc,phases      ] GC(69)     Total                          Min: 0, Avg:  0.0, Max: 0, Diff: 0, Sum: 0, Workers: 4
[27.880s][debug][gc,phases      ] GC(69)   StringDedup Requests0 Weak     Min:  0.0, Avg:  0.0, Max:  0.0, Diff:  0.0, Sum:  0.0, Workers: 4
[27.880s][debug][gc,phases      ] GC(69)     Dead                           Min: 0, Avg:  0.0, Max: 0, Diff: 0, Sum: 0, Workers: 4
[27.880s][debug][gc,phases      ] GC(69)     Total                          Min: 0, Avg:  0.0, Max: 0, Diff: 0, Sum: 0, Workers: 4
[27.880s][debug][gc,phases      ] GC(69)   StringDedup Requests1 Weak     Min:  0.0, Avg:  0.0, Max:  0.0, Diff:  0.0, Sum:  0.0, Workers: 4
[27.880s][debug][gc,phases      ] GC(69)     Dead                           Min: 0, Avg:  0.0, Max: 0, Diff: 0, Sum: 0, Workers: 4
[27.880s][debug][gc,phases      ] GC(69)     Total                          Min: 0, Avg:  0.0, Max: 0, Diff: 0, Sum: 0, Workers: 4
[27.880s][debug][gc,phases      ] GC(69)   Weak JFR Old Object Samples    Min:  0.0, Avg:  0.0, Max:  0.0, Diff:  0.0, Sum:  0.0, Workers: 4
[27.880s][debug][gc,phases      ] GC(69)     Dead                           Min: 0, Avg:  0.0, Max: 0, Diff: 0, Sum: 0, Workers: 4
[27.880s][debug][gc,phases      ] GC(69)     Total                          Min: 0, Avg:  0.0, Max: 0, Diff: 0, Sum: 0, Workers: 4
[27.880s][debug][gc,phases      ] GC(69) Weak Processing 0.303ms
[27.880s][debug][gc,age         ] GC(69) Desired survivor size 97517568 bytes, new threshold 15 (max threshold 15)
[27.880s][info ][gc,heap        ] GC(69) PSYoungGen: 1916875K(1995776K)->27960K(1989632K) Eden: 1888256K(1888256K)->0K(1888256K) From: 28619K(107520K)->27960K(101376K)
[27.880s][info ][gc,heap        ] GC(69) ParOldGen: 294103K(358912K)->294951K(358912K)
[27.880s][info ][gc,metaspace   ] GC(69) Metaspace: 77610K(78400K)->77610K(78400K) NonClass: 66430K(66816K)->66430K(66816K) Class: 11180K(11584K)->11180K(11584K)
[27.880s][info ][gc             ] GC(69) Pause Young (Allocation Failure) 2159M->315M(2293M) 8.544ms
[27.880s][info ][gc,cpu         ] GC(69) User=0.03s Sys=0.00s Real=0.00s
[27.880s][info ][safepoint      ] Safepoint "ParallelGCFailedAllocation", Time since last: 304469784 ns, Reaching safepoint: 163701 ns, At safepoint: 8647548 ns, Total: 8811249 ns
[28.292s][info ][gc,start       ] GC(70) Pause Young (Allocation Failure)
[28.301s][debug][gc,phases      ] GC(70) Scavenge 9.560ms
[28.301s][debug][gc,ref         ] GC(70) Skipped phase 1 of Reference Processing: no references
[28.301s][debug][gc,ref         ] GC(70) ReferenceProcessor::execute queues: 1, RefProcThreadModel::Single, marks_oops_alive: false
[28.301s][debug][gc,ref         ] GC(70) Skipped phase 3 of Reference Processing: no references
[28.301s][debug][gc,ref         ] GC(70) ReferenceProcessor::execute queues: 1, RefProcThreadModel::Single, marks_oops_alive: false
[28.301s][debug][gc,phases      ] GC(70) Reference Processing 0.147ms
[28.301s][debug][gc,phases      ] GC(70)   VM Weak                        Min:  0.0, Avg:  0.0, Max:  0.0, Diff:  0.0, Sum:  0.0, Workers: 4
[28.301s][debug][gc,phases      ] GC(70)     Dead                           Min: 0, Avg:  0.0, Max: 0, Diff: 0, Sum: 0, Workers: 4
[28.301s][debug][gc,phases      ] GC(70)     Total                          Min: 0, Avg: 157.8, Max: 631, Diff: 631, Sum: 631, Workers: 4
[28.301s][debug][gc,phases      ] GC(70)   ObjectSynchronizer Weak        Min:  0.0, Avg:  0.0, Max:  0.0, Diff:  0.0, Sum:  0.0, Workers: 4
[28.301s][debug][gc,phases      ] GC(70)     Dead                           Min: 0, Avg:  0.0, Max: 0, Diff: 0, Sum: 0, Workers: 4
[28.301s][debug][gc,phases      ] GC(70)     Total                          Min: 0, Avg: 117.2, Max: 384, Diff: 384, Sum: 469, Workers: 4
[28.301s][debug][gc,phases      ] GC(70)   JVMTI Tag Weak OopStorage      Min:  0.0, Avg:  0.0, Max:  0.0, Diff:  0.0, Sum:  0.0, Workers: 4
[28.301s][debug][gc,phases      ] GC(70)     Dead                           Min: 0, Avg:  0.0, Max: 0, Diff: 0, Sum: 0, Workers: 4
[28.301s][debug][gc,phases      ] GC(70)     Total                          Min: 0, Avg:  0.0, Max: 0, Diff: 0, Sum: 0, Workers: 4
[28.301s][debug][gc,phases      ] GC(70)   StringTable Weak               Min:  0.1, Avg:  0.1, Max:  0.1, Diff:  0.0, Sum:  0.3, Workers: 4
[28.301s][debug][gc,phases      ] GC(70)     Dead                           Min: 0, Avg:  0.0, Max: 0, Diff: 0, Sum: 0, Workers: 4
[28.301s][debug][gc,phases      ] GC(70)     Total                          Min: 8128, Avg: 11568.8, Max: 12992, Diff: 4864, Sum: 46275, Workers: 4
[28.301s][debug][gc,phases      ] GC(70)   ResolvedMethodTable Weak       Min:  0.0, Avg:  0.0, Max:  0.0, Diff:  0.0, Sum:  0.1, Workers: 4
[28.301s][debug][gc,phases      ] GC(70)     Dead                           Min: 0, Avg:  0.0, Max: 0, Diff: 0, Sum: 0, Workers: 4
[28.301s][debug][gc,phases      ] GC(70)     Total                          Min: 1664, Avg: 1955.8, Max: 2240, Diff: 576, Sum: 7823, Workers: 4
[28.301s][debug][gc,phases      ] GC(70)   JNI Weak                       Min:  0.0, Avg:  0.0, Max:  0.0, Diff:  0.0, Sum:  0.0, Workers: 4
[28.301s][debug][gc,phases      ] GC(70)     Dead                           Min: 0, Avg:  0.0, Max: 0, Diff: 0, Sum: 0, Workers: 4
[28.301s][debug][gc,phases      ] GC(70)     Total                          Min: 0, Avg:  0.0, Max: 0, Diff: 0, Sum: 0, Workers: 4
[28.301s][debug][gc,phases      ] GC(70)   StringDedup Table Weak         Min:  0.0, Avg:  0.0, Max:  0.0, Diff:  0.0, Sum:  0.0, Workers: 4
[28.302s][debug][gc,phases      ] GC(70)     Dead                           Min: 0, Avg:  0.0, Max: 0, Diff: 0, Sum: 0, Workers: 4
[28.302s][debug][gc,phases      ] GC(70)     Total                          Min: 0, Avg:  0.0, Max: 0, Diff: 0, Sum: 0, Workers: 4
[28.302s][debug][gc,phases      ] GC(70)   StringDedup Requests0 Weak     Min:  0.0, Avg:  0.0, Max:  0.0, Diff:  0.0, Sum:  0.0, Workers: 4
[28.302s][debug][gc,phases      ] GC(70)     Dead                           Min: 0, Avg:  0.0, Max: 0, Diff: 0, Sum: 0, Workers: 4
[28.302s][debug][gc,phases      ] GC(70)     Total                          Min: 0, Avg:  0.0, Max: 0, Diff: 0, Sum: 0, Workers: 4
[28.302s][debug][gc,phases      ] GC(70)   StringDedup Requests1 Weak     Min:  0.0, Avg:  0.0, Max:  0.0, Diff:  0.0, Sum:  0.0, Workers: 4
[28.302s][debug][gc,phases      ] GC(70)     Dead                           Min: 0, Avg:  0.0, Max: 0, Diff: 0, Sum: 0, Workers: 4
[28.302s][debug][gc,phases      ] GC(70)     Total                          Min: 0, Avg:  0.0, Max: 0, Diff: 0, Sum: 0, Workers: 4
[28.302s][debug][gc,phases      ] GC(70)   Weak JFR Old Object Samples    Min:  0.0, Avg:  0.0, Max:  0.0, Diff:  0.0, Sum:  0.0, Workers: 4
[28.302s][debug][gc,phases      ] GC(70)     Dead                           Min: 0, Avg:  0.0, Max: 0, Diff: 0, Sum: 0, Workers: 4
[28.302s][debug][gc,phases      ] GC(70)     Total                          Min: 0, Avg:  0.0, Max: 0, Diff: 0, Sum: 0, Workers: 4
[28.302s][debug][gc,phases      ] GC(70) Weak Processing 0.249ms
[28.302s][debug][gc,age         ] GC(70) Desired survivor size 91750400 bytes, new threshold 15 (max threshold 15)
[28.302s][info ][gc,heap        ] GC(70) PSYoungGen: 1916216K(1989632K)->30485K(2007552K) Eden: 1888256K(1888256K)->0K(1912320K) From: 27960K(101376K)->30485K(95232K)
[28.302s][info ][gc,heap        ] GC(70) ParOldGen: 294951K(358912K)->296777K(358912K)
[28.302s][info ][gc,metaspace   ] GC(70) Metaspace: 77662K(78464K)->77662K(78464K) NonClass: 66481K(66880K)->66481K(66880K) Class: 11181K(11584K)->11181K(11584K)
[28.302s][info ][gc             ] GC(70) Pause Young (Allocation Failure) 2159M->319M(2311M) 10.076ms
[28.302s][info ][gc,cpu         ] GC(70) User=0.04s Sys=0.00s Real=0.01s
[28.302s][info ][safepoint      ] Safepoint "ParallelGCFailedAllocation", Time since last: 410912372 ns, Reaching safepoint: 180001 ns, At safepoint: 10177756 ns, Total: 10357757 ns
[28.674s][info ][gc,start       ] GC(71) Pause Young (Allocation Failure)
[28.686s][debug][gc,phases      ] GC(71) Scavenge 12.060ms
[28.686s][debug][gc,ref         ] GC(71) Skipped phase 1 of Reference Processing: no references
[28.686s][debug][gc,ref         ] GC(71) ReferenceProcessor::execute queues: 1, RefProcThreadModel::Single, marks_oops_alive: false
[28.686s][debug][gc,ref         ] GC(71) Skipped phase 3 of Reference Processing: no references
[28.686s][debug][gc,ref         ] GC(71) ReferenceProcessor::execute queues: 1, RefProcThreadModel::Single, marks_oops_alive: false
[28.686s][debug][gc,phases      ] GC(71) Reference Processing 0.098ms
[28.686s][debug][gc,phases      ] GC(71)   VM Weak                        Min:  0.0, Avg:  0.0, Max:  0.0, Diff:  0.0, Sum:  0.0, Workers: 4
[28.686s][debug][gc,phases      ] GC(71)     Dead                           Min: 0, Avg:  0.0, Max: 0, Diff: 0, Sum: 0, Workers: 4
[28.686s][debug][gc,phases      ] GC(71)     Total                          Min: 0, Avg: 157.8, Max: 631, Diff: 631, Sum: 631, Workers: 4
[28.686s][debug][gc,phases      ] GC(71)   ObjectSynchronizer Weak        Min:  0.0, Avg:  0.0, Max:  0.0, Diff:  0.0, Sum:  0.0, Workers: 4
[28.686s][debug][gc,phases      ] GC(71)     Dead                           Min: 0, Avg:  0.0, Max: 0, Diff: 0, Sum: 0, Workers: 4
[28.686s][debug][gc,phases      ] GC(71)     Total                          Min: 0, Avg: 117.2, Max: 256, Diff: 256, Sum: 469, Workers: 4
[28.686s][debug][gc,phases      ] GC(71)   JVMTI Tag Weak OopStorage      Min:  0.0, Avg:  0.0, Max:  0.0, Diff:  0.0, Sum:  0.0, Workers: 4
[28.686s][debug][gc,phases      ] GC(71)     Dead                           Min: 0, Avg:  0.0, Max: 0, Diff: 0, Sum: 0, Workers: 4
[28.686s][debug][gc,phases      ] GC(71)     Total                          Min: 0, Avg:  0.0, Max: 0, Diff: 0, Sum: 0, Workers: 4
[28.686s][debug][gc,phases      ] GC(71)   StringTable Weak               Min:  0.1, Avg:  0.1, Max:  0.1, Diff:  0.0, Sum:  0.3, Workers: 4
[28.686s][debug][gc,phases      ] GC(71)     Dead                           Min: 0, Avg:  0.0, Max: 0, Diff: 0, Sum: 0, Workers: 4
[28.686s][debug][gc,phases      ] GC(71)     Total                          Min: 11392, Avg: 11569.2, Max: 11781, Diff: 389, Sum: 46277, Workers: 4
[28.686s][debug][gc,phases      ] GC(71)   ResolvedMethodTable Weak       Min:  0.0, Avg:  0.0, Max:  0.0, Diff:  0.0, Sum:  0.1, Workers: 4
[28.687s][debug][gc,phases      ] GC(71)     Dead                           Min: 0, Avg:  0.0, Max: 0, Diff: 0, Sum: 0, Workers: 4
[28.687s][debug][gc,phases      ] GC(71)     Total                          Min: 1296, Avg: 1955.8, Max: 2368, Diff: 1072, Sum: 7823, Workers: 4
[28.687s][debug][gc,phases      ] GC(71)   JNI Weak                       Min:  0.0, Avg:  0.0, Max:  0.0, Diff:  0.0, Sum:  0.0, Workers: 4
[28.687s][debug][gc,phases      ] GC(71)     Dead                           Min: 0, Avg:  0.0, Max: 0, Diff: 0, Sum: 0, Workers: 4
[28.687s][debug][gc,phases      ] GC(71)     Total                          Min: 0, Avg:  0.0, Max: 0, Diff: 0, Sum: 0, Workers: 4
[28.687s][debug][gc,phases      ] GC(71)   StringDedup Table Weak         Min:  0.0, Avg:  0.0, Max:  0.0, Diff:  0.0, Sum:  0.0, Workers: 4
[28.687s][debug][gc,phases      ] GC(71)     Dead                           Min: 0, Avg:  0.0, Max: 0, Diff: 0, Sum: 0, Workers: 4
[28.687s][debug][gc,phases      ] GC(71)     Total                          Min: 0, Avg:  0.0, Max: 0, Diff: 0, Sum: 0, Workers: 4
[28.687s][debug][gc,phases      ] GC(71)   StringDedup Requests0 Weak     Min:  0.0, Avg:  0.0, Max:  0.0, Diff:  0.0, Sum:  0.0, Workers: 4
[28.687s][debug][gc,phases      ] GC(71)     Dead                           Min: 0, Avg:  0.0, Max: 0, Diff: 0, Sum: 0, Workers: 4
[28.687s][debug][gc,phases      ] GC(71)     Total                          Min: 0, Avg:  0.0, Max: 0, Diff: 0, Sum: 0, Workers: 4
[28.687s][debug][gc,phases      ] GC(71)   StringDedup Requests1 Weak     Min:  0.0, Avg:  0.0, Max:  0.0, Diff:  0.0, Sum:  0.0, Workers: 4
[28.687s][debug][gc,phases      ] GC(71)     Dead                           Min: 0, Avg:  0.0, Max: 0, Diff: 0, Sum: 0, Workers: 4
[28.687s][debug][gc,phases      ] GC(71)     Total                          Min: 0, Avg:  0.0, Max: 0, Diff: 0, Sum: 0, Workers: 4
[28.687s][debug][gc,phases      ] GC(71)   Weak JFR Old Object Samples    Min:  0.0, Avg:  0.0, Max:  0.0, Diff:  0.0, Sum:  0.0, Workers: 4
[28.687s][debug][gc,phases      ] GC(71)     Dead                           Min: 0, Avg:  0.0, Max: 0, Diff: 0, Sum: 0, Workers: 4
[28.687s][debug][gc,phases      ] GC(71)     Total                          Min: 0, Avg:  0.0, Max: 0, Diff: 0, Sum: 0, Workers: 4
[28.687s][debug][gc,phases      ] GC(71) Weak Processing 0.236ms
[28.687s][debug][gc,age         ] GC(71) Desired survivor size 87031808 bytes, new threshold 15 (max threshold 15)
[28.687s][info ][gc,heap        ] GC(71) PSYoungGen: 1942805K(2007552K)->36229K(2001920K) Eden: 1912320K(1912320K)->0K(1912320K) From: 30485K(95232K)->36229K(89600K)
[28.687s][info ][gc,heap        ] GC(71) ParOldGen: 296777K(358912K)->297210K(358912K)
[28.687s][info ][gc,metaspace   ] GC(71) Metaspace: 77681K(78464K)->77681K(78464K) NonClass: 66499K(66880K)->66499K(66880K) Class: 11181K(11584K)->11181K(11584K)
[28.687s][info ][gc             ] GC(71) Pause Young (Allocation Failure) 2187M->325M(2305M) 12.509ms
[28.687s][info ][gc,cpu         ] GC(71) User=0.05s Sys=0.00s Real=0.01s
[28.687s][info ][safepoint      ] Safepoint "ParallelGCFailedAllocation", Time since last: 372257959 ns, Reaching safepoint: 141400 ns, At safepoint: 12612470 ns, Total: 12753870 ns
[29.012s][info ][gc,start       ] GC(72) Pause Young (Allocation Failure)
[29.023s][debug][gc,phases      ] GC(72) Scavenge 11.691ms
[29.023s][debug][gc,ref         ] GC(72) Skipped phase 1 of Reference Processing: no references
[29.023s][debug][gc,ref         ] GC(72) ReferenceProcessor::execute queues: 1, RefProcThreadModel::Single, marks_oops_alive: false
[29.024s][debug][gc,ref         ] GC(72) Skipped phase 3 of Reference Processing: no references
[29.024s][debug][gc,ref         ] GC(72) ReferenceProcessor::execute queues: 1, RefProcThreadModel::Single, marks_oops_alive: false
[29.024s][debug][gc,phases      ] GC(72) Reference Processing 0.096ms
[29.024s][debug][gc,phases      ] GC(72)   VM Weak                        Min:  0.0, Avg:  0.0, Max:  0.0, Diff:  0.0, Sum:  0.0, Workers: 4
[29.024s][debug][gc,phases      ] GC(72)     Dead                           Min: 0, Avg:  0.0, Max: 0, Diff: 0, Sum: 0, Workers: 4
[29.024s][debug][gc,phases      ] GC(72)     Total                          Min: 0, Avg: 157.8, Max: 567, Diff: 567, Sum: 631, Workers: 4
[29.024s][debug][gc,phases      ] GC(72)   ObjectSynchronizer Weak        Min:  0.0, Avg:  0.0, Max:  0.0, Diff:  0.0, Sum:  0.0, Workers: 4
[29.024s][debug][gc,phases      ] GC(72)     Dead                           Min: 0, Avg:  0.0, Max: 0, Diff: 0, Sum: 0, Workers: 4
[29.024s][debug][gc,phases      ] GC(72)     Total                          Min: 0, Avg: 117.2, Max: 320, Diff: 320, Sum: 469, Workers: 4
[29.024s][debug][gc,phases      ] GC(72)   JVMTI Tag Weak OopStorage      Min:  0.0, Avg:  0.0, Max:  0.0, Diff:  0.0, Sum:  0.0, Workers: 4
[29.024s][debug][gc,phases      ] GC(72)     Dead                           Min: 0, Avg:  0.0, Max: 0, Diff: 0, Sum: 0, Workers: 4
[29.024s][debug][gc,phases      ] GC(72)     Total                          Min: 0, Avg:  0.0, Max: 0, Diff: 0, Sum: 0, Workers: 4
[29.024s][debug][gc,phases      ] GC(72)   StringTable Weak               Min:  0.1, Avg:  0.1, Max:  0.1, Diff:  0.0, Sum:  0.3, Workers: 4
[29.024s][debug][gc,phases      ] GC(72)     Dead                           Min: 0, Avg:  0.0, Max: 0, Diff: 0, Sum: 0, Workers: 4
[29.024s][debug][gc,phases      ] GC(72)     Total                          Min: 8512, Avg: 11570.2, Max: 13248, Diff: 4736, Sum: 46281, Workers: 4
[29.024s][debug][gc,phases      ] GC(72)   ResolvedMethodTable Weak       Min:  0.0, Avg:  0.0, Max:  0.0, Diff:  0.0, Sum:  0.1, Workers: 4
[29.024s][debug][gc,phases      ] GC(72)     Dead                           Min: 0, Avg:  0.0, Max: 0, Diff: 0, Sum: 0, Workers: 4
[29.024s][debug][gc,phases      ] GC(72)     Total                          Min: 1408, Avg: 1955.8, Max: 2256, Diff: 848, Sum: 7823, Workers: 4
[29.024s][debug][gc,phases      ] GC(72)   JNI Weak                       Min:  0.0, Avg:  0.0, Max:  0.0, Diff:  0.0, Sum:  0.0, Workers: 4
[29.024s][debug][gc,phases      ] GC(72)     Dead                           Min: 0, Avg:  0.0, Max: 0, Diff: 0, Sum: 0, Workers: 4
[29.024s][debug][gc,phases      ] GC(72)     Total                          Min: 0, Avg:  0.0, Max: 0, Diff: 0, Sum: 0, Workers: 4
[29.024s][debug][gc,phases      ] GC(72)   StringDedup Table Weak         Min:  0.0, Avg:  0.0, Max:  0.0, Diff:  0.0, Sum:  0.0, Workers: 4
[29.024s][debug][gc,phases      ] GC(72)     Dead                           Min: 0, Avg:  0.0, Max: 0, Diff: 0, Sum: 0, Workers: 4
[29.024s][debug][gc,phases      ] GC(72)     Total                          Min: 0, Avg:  0.0, Max: 0, Diff: 0, Sum: 0, Workers: 4
[29.024s][debug][gc,phases      ] GC(72)   StringDedup Requests0 Weak     Min:  0.0, Avg:  0.0, Max:  0.0, Diff:  0.0, Sum:  0.0, Workers: 4
[29.024s][debug][gc,phases      ] GC(72)     Dead                           Min: 0, Avg:  0.0, Max: 0, Diff: 0, Sum: 0, Workers: 4
[29.024s][debug][gc,phases      ] GC(72)     Total                          Min: 0, Avg:  0.0, Max: 0, Diff: 0, Sum: 0, Workers: 4
[29.024s][debug][gc,phases      ] GC(72)   StringDedup Requests1 Weak     Min:  0.0, Avg:  0.0, Max:  0.0, Diff:  0.0, Sum:  0.0, Workers: 4
[29.024s][debug][gc,phases      ] GC(72)     Dead                           Min: 0, Avg:  0.0, Max: 0, Diff: 0, Sum: 0, Workers: 4
[29.024s][debug][gc,phases      ] GC(72)     Total                          Min: 0, Avg:  0.0, Max: 0, Diff: 0, Sum: 0, Workers: 4
[29.024s][debug][gc,phases      ] GC(72)   Weak JFR Old Object Samples    Min:  0.0, Avg:  0.0, Max:  0.0, Diff:  0.0, Sum:  0.0, Workers: 4
[29.024s][debug][gc,phases      ] GC(72)     Dead                           Min: 0, Avg:  0.0, Max: 0, Diff: 0, Sum: 0, Workers: 4
[29.024s][debug][gc,phases      ] GC(72)     Total                          Min: 0, Avg:  0.0, Max: 0, Diff: 0, Sum: 0, Workers: 4
[29.024s][debug][gc,phases      ] GC(72) Weak Processing 0.259ms
[29.024s][debug][gc,age         ] GC(72) Desired survivor size 82837504 bytes, new threshold 15 (max threshold 15)
[29.024s][info ][gc,heap        ] GC(72) PSYoungGen: 1948549K(2001920K)->35376K(2016256K) Eden: 1912320K(1912320K)->0K(1931264K) From: 36229K(89600K)->35376K(84992K)
[29.024s][info ][gc,heap        ] GC(72) ParOldGen: 297210K(358912K)->298900K(358912K)
[29.024s][info ][gc,metaspace   ] GC(72) Metaspace: 77684K(78464K)->77684K(78464K) NonClass: 66502K(66880K)->66502K(66880K) Class: 11181K(11584K)->11181K(11584K)
[29.024s][info ][gc             ] GC(72) Pause Young (Allocation Failure) 2193M->326M(2319M) 12.160ms
[29.024s][info ][gc,cpu         ] GC(72) User=0.04s Sys=0.00s Real=0.01s
[29.024s][info ][safepoint      ] Safepoint "ParallelGCFailedAllocation", Time since last: 324818796 ns, Reaching safepoint: 137900 ns, At safepoint: 12263268 ns, Total: 12401168 ns
[29.374s][info ][gc,start       ] GC(73) Pause Young (Allocation Failure)
[29.384s][debug][gc,phases      ] GC(73) Scavenge 10.467ms
[29.384s][debug][gc,ref         ] GC(73) Skipped phase 1 of Reference Processing: no references
[29.384s][debug][gc,ref         ] GC(73) Skipped phase 2 of Reference Processing: no references
[29.384s][debug][gc,ref         ] GC(73) Skipped phase 3 of Reference Processing: no references
[29.384s][debug][gc,ref         ] GC(73) Skipped phase 4 of Reference Processing: no references
[29.384s][debug][gc,phases      ] GC(73) Reference Processing 0.022ms
[29.384s][debug][gc,phases      ] GC(73)   VM Weak                        Min:  0.0, Avg:  0.0, Max:  0.0, Diff:  0.0, Sum:  0.0, Workers: 4
[29.384s][debug][gc,phases      ] GC(73)     Dead                           Min: 0, Avg:  0.0, Max: 0, Diff: 0, Sum: 0, Workers: 4
[29.384s][debug][gc,phases      ] GC(73)     Total                          Min: 0, Avg: 157.8, Max: 320, Diff: 320, Sum: 631, Workers: 4
[29.384s][debug][gc,phases      ] GC(73)   ObjectSynchronizer Weak        Min:  0.0, Avg:  0.0, Max:  0.0, Diff:  0.0, Sum:  0.0, Workers: 4
[29.384s][debug][gc,phases      ] GC(73)     Dead                           Min: 0, Avg:  0.0, Max: 0, Diff: 0, Sum: 0, Workers: 4
[29.384s][debug][gc,phases      ] GC(73)     Total                          Min: 64, Avg: 117.2, Max: 192, Diff: 128, Sum: 469, Workers: 4
[29.384s][debug][gc,phases      ] GC(73)   JVMTI Tag Weak OopStorage      Min:  0.0, Avg:  0.0, Max:  0.0, Diff:  0.0, Sum:  0.0, Workers: 4
[29.384s][debug][gc,phases      ] GC(73)     Dead                           Min: 0, Avg:  0.0, Max: 0, Diff: 0, Sum: 0, Workers: 4
[29.384s][debug][gc,phases      ] GC(73)     Total                          Min: 0, Avg:  0.0, Max: 0, Diff: 0, Sum: 0, Workers: 4
[29.384s][debug][gc,phases      ] GC(73)   StringTable Weak               Min:  0.1, Avg:  0.1, Max:  0.1, Diff:  0.0, Sum:  0.4, Workers: 4
[29.384s][debug][gc,phases      ] GC(73)     Dead                           Min: 0, Avg:  0.0, Max: 0, Diff: 0, Sum: 0, Workers: 4
[29.384s][debug][gc,phases      ] GC(73)     Total                          Min: 9088, Avg: 11574.2, Max: 14745, Diff: 5657, Sum: 46297, Workers: 4
[29.384s][debug][gc,phases      ] GC(73)   ResolvedMethodTable Weak       Min:  0.0, Avg:  0.0, Max:  0.0, Diff:  0.0, Sum:  0.1, Workers: 4
[29.384s][debug][gc,phases      ] GC(73)     Dead                           Min: 0, Avg:  0.0, Max: 0, Diff: 0, Sum: 0, Workers: 4
[29.384s][debug][gc,phases      ] GC(73)     Total                          Min: 1408, Avg: 1955.8, Max: 2639, Diff: 1231, Sum: 7823, Workers: 4
[29.384s][debug][gc,phases      ] GC(73)   JNI Weak                       Min:  0.0, Avg:  0.0, Max:  0.0, Diff:  0.0, Sum:  0.0, Workers: 4
[29.384s][debug][gc,phases      ] GC(73)     Dead                           Min: 0, Avg:  0.0, Max: 0, Diff: 0, Sum: 0, Workers: 4
[29.384s][debug][gc,phases      ] GC(73)     Total                          Min: 0, Avg:  0.2, Max: 1, Diff: 1, Sum: 1, Workers: 4
[29.384s][debug][gc,phases      ] GC(73)   StringDedup Table Weak         Min:  0.0, Avg:  0.0, Max:  0.0, Diff:  0.0, Sum:  0.0, Workers: 4
[29.384s][debug][gc,phases      ] GC(73)     Dead                           Min: 0, Avg:  0.0, Max: 0, Diff: 0, Sum: 0, Workers: 4
[29.384s][debug][gc,phases      ] GC(73)     Total                          Min: 0, Avg:  0.0, Max: 0, Diff: 0, Sum: 0, Workers: 4
[29.384s][debug][gc,phases      ] GC(73)   StringDedup Requests0 Weak     Min:  0.0, Avg:  0.0, Max:  0.0, Diff:  0.0, Sum:  0.0, Workers: 4
[29.384s][debug][gc,phases      ] GC(73)     Dead                           Min: 0, Avg:  0.0, Max: 0, Diff: 0, Sum: 0, Workers: 4
[29.384s][debug][gc,phases      ] GC(73)     Total                          Min: 0, Avg:  0.0, Max: 0, Diff: 0, Sum: 0, Workers: 4
[29.385s][debug][gc,phases      ] GC(73)   StringDedup Requests1 Weak     Min:  0.0, Avg:  0.0, Max:  0.0, Diff:  0.0, Sum:  0.0, Workers: 4
[29.385s][debug][gc,phases      ] GC(73)     Dead                           Min: 0, Avg:  0.0, Max: 0, Diff: 0, Sum: 0, Workers: 4
[29.385s][debug][gc,phases      ] GC(73)     Total                          Min: 0, Avg:  0.0, Max: 0, Diff: 0, Sum: 0, Workers: 4
[29.385s][debug][gc,phases      ] GC(73)   Weak JFR Old Object Samples    Min:  0.0, Avg:  0.0, Max:  0.0, Diff:  0.0, Sum:  0.0, Workers: 4
[29.385s][debug][gc,phases      ] GC(73)     Dead                           Min: 0, Avg:  0.0, Max: 0, Diff: 0, Sum: 0, Workers: 4
[29.385s][debug][gc,phases      ] GC(73)     Total                          Min: 0, Avg:  0.0, Max: 0, Diff: 0, Sum: 0, Workers: 4
[29.385s][debug][gc,phases      ] GC(73) Weak Processing 0.271ms
[29.385s][debug][gc,age         ] GC(73) Desired survivor size 80740352 bytes, new threshold 15 (max threshold 15)
[29.385s][info ][gc,heap        ] GC(73) PSYoungGen: 1966640K(2016256K)->17136K(2012160K) Eden: 1931264K(1931264K)->0K(1931264K) From: 35376K(84992K)->17136K(80896K)
[29.385s][info ][gc,heap        ] GC(73) ParOldGen: 298900K(358912K)->317376K(358912K)
[29.385s][info ][gc,metaspace   ] GC(73) Metaspace: 77705K(78528K)->77705K(78528K) NonClass: 66523K(66944K)->66523K(66944K) Class: 11181K(11584K)->11181K(11584K)
[29.385s][info ][gc             ] GC(73) Pause Young (Allocation Failure) 2212M->326M(2315M) 10.870ms
[29.385s][info ][gc,cpu         ] GC(73) User=0.04s Sys=0.00s Real=0.01s
[29.385s][info ][safepoint      ] Safepoint "ParallelGCFailedAllocation", Time since last: 349403532 ns, Reaching safepoint: 360702 ns, At safepoint: 10978360 ns, Total: 11339062 ns
[29.483s][info ][safepoint      ] Safepoint "ICBufferFull", Time since last: 97619140 ns, Reaching safepoint: 281102 ns, At safepoint: 26200 ns, Total: 307302 ns
[29.723s][info ][gc,start       ] GC(74) Pause Young (Allocation Failure)
[29.733s][debug][gc,phases      ] GC(74) Scavenge 9.947ms
[29.733s][debug][gc,ref         ] GC(74) Skipped phase 1 of Reference Processing: no references
[29.733s][debug][gc,ref         ] GC(74) Skipped phase 2 of Reference Processing: no references
[29.733s][debug][gc,ref         ] GC(74) Skipped phase 3 of Reference Processing: no references
[29.733s][debug][gc,ref         ] GC(74) Skipped phase 4 of Reference Processing: no references
[29.733s][debug][gc,phases      ] GC(74) Reference Processing 0.021ms
[29.733s][debug][gc,phases      ] GC(74)   VM Weak                        Min:  0.0, Avg:  0.0, Max:  0.0, Diff:  0.0, Sum:  0.0, Workers: 4
[29.733s][debug][gc,phases      ] GC(74)     Dead                           Min: 0, Avg:  0.0, Max: 0, Diff: 0, Sum: 0, Workers: 4
[29.733s][debug][gc,phases      ] GC(74)     Total                          Min: 0, Avg: 157.8, Max: 503, Diff: 503, Sum: 631, Workers: 4
[29.733s][debug][gc,phases      ] GC(74)   ObjectSynchronizer Weak        Min:  0.0, Avg:  0.0, Max:  0.0, Diff:  0.0, Sum:  0.0, Workers: 4
[29.733s][debug][gc,phases      ] GC(74)     Dead                           Min: 0, Avg:  0.0, Max: 0, Diff: 0, Sum: 0, Workers: 4
[29.733s][debug][gc,phases      ] GC(74)     Total                          Min: 0, Avg: 117.2, Max: 213, Diff: 213, Sum: 469, Workers: 4
[29.733s][debug][gc,phases      ] GC(74)   JVMTI Tag Weak OopStorage      Min:  0.0, Avg:  0.0, Max:  0.0, Diff:  0.0, Sum:  0.0, Workers: 4
[29.733s][debug][gc,phases      ] GC(74)     Dead                           Min: 0, Avg:  0.0, Max: 0, Diff: 0, Sum: 0, Workers: 4
[29.733s][debug][gc,phases      ] GC(74)     Total                          Min: 0, Avg:  0.0, Max: 0, Diff: 0, Sum: 0, Workers: 4
[29.733s][debug][gc,phases      ] GC(74)   StringTable Weak               Min:  0.1, Avg:  0.1, Max:  0.1, Diff:  0.0, Sum:  0.3, Workers: 4
[29.733s][debug][gc,phases      ] GC(74)     Dead                           Min: 0, Avg:  0.0, Max: 0, Diff: 0, Sum: 0, Workers: 4
[29.733s][debug][gc,phases      ] GC(74)     Total                          Min: 8960, Avg: 11579.2, Max: 14464, Diff: 5504, Sum: 46317, Workers: 4
[29.733s][debug][gc,phases      ] GC(74)   ResolvedMethodTable Weak       Min:  0.0, Avg:  0.0, Max:  0.0, Diff:  0.0, Sum:  0.1, Workers: 4
[29.733s][debug][gc,phases      ] GC(74)     Dead                           Min: 0, Avg:  0.0, Max: 0, Diff: 0, Sum: 0, Workers: 4
[29.733s][debug][gc,phases      ] GC(74)     Total                          Min: 1472, Avg: 1955.8, Max: 2320, Diff: 848, Sum: 7823, Workers: 4
[29.733s][debug][gc,phases      ] GC(74)   JNI Weak                       Min:  0.0, Avg:  0.0, Max:  0.0, Diff:  0.0, Sum:  0.0, Workers: 4
[29.733s][debug][gc,phases      ] GC(74)     Dead                           Min: 0, Avg:  0.0, Max: 0, Diff: 0, Sum: 0, Workers: 4
[29.733s][debug][gc,phases      ] GC(74)     Total                          Min: 0, Avg:  0.0, Max: 0, Diff: 0, Sum: 0, Workers: 4
[29.733s][debug][gc,phases      ] GC(74)   StringDedup Table Weak         Min:  0.0, Avg:  0.0, Max:  0.0, Diff:  0.0, Sum:  0.0, Workers: 4
[29.733s][debug][gc,phases      ] GC(74)     Dead                           Min: 0, Avg:  0.0, Max: 0, Diff: 0, Sum: 0, Workers: 4
[29.733s][debug][gc,phases      ] GC(74)     Total                          Min: 0, Avg:  0.0, Max: 0, Diff: 0, Sum: 0, Workers: 4
[29.733s][debug][gc,phases      ] GC(74)   StringDedup Requests0 Weak     Min:  0.0, Avg:  0.0, Max:  0.0, Diff:  0.0, Sum:  0.0, Workers: 4
[29.733s][debug][gc,phases      ] GC(74)     Dead                           Min: 0, Avg:  0.0, Max: 0, Diff: 0, Sum: 0, Workers: 4
[29.733s][debug][gc,phases      ] GC(74)     Total                          Min: 0, Avg:  0.0, Max: 0, Diff: 0, Sum: 0, Workers: 4
[29.733s][debug][gc,phases      ] GC(74)   StringDedup Requests1 Weak     Min:  0.0, Avg:  0.0, Max:  0.0, Diff:  0.0, Sum:  0.0, Workers: 4
[29.733s][debug][gc,phases      ] GC(74)     Dead                           Min: 0, Avg:  0.0, Max: 0, Diff: 0, Sum: 0, Workers: 4
[29.733s][debug][gc,phases      ] GC(74)     Total                          Min: 0, Avg:  0.0, Max: 0, Diff: 0, Sum: 0, Workers: 4
[29.733s][debug][gc,phases      ] GC(74)   Weak JFR Old Object Samples    Min:  0.0, Avg:  0.0, Max:  0.0, Diff:  0.0, Sum:  0.0, Workers: 4
[29.733s][debug][gc,phases      ] GC(74)     Dead                           Min: 0, Avg:  0.0, Max: 0, Diff: 0, Sum: 0, Workers: 4
[29.733s][debug][gc,phases      ] GC(74)     Total                          Min: 0, Avg:  0.0, Max: 0, Diff: 0, Sum: 0, Workers: 4
[29.733s][debug][gc,phases      ] GC(74) Weak Processing 0.268ms
[29.733s][debug][gc,age         ] GC(74) Desired survivor size 78643200 bytes, new threshold 15 (max threshold 15)
[29.733s][info ][gc,heap        ] GC(74) PSYoungGen: 1948400K(2012160K)->17104K(2020352K) Eden: 1931264K(1931264K)->0K(1941504K) From: 17136K(80896K)->17104K(78848K)
[29.733s][info ][gc,heap        ] GC(74) ParOldGen: 317376K(358912K)->317680K(358912K)
[29.733s][info ][gc,metaspace   ] GC(74) Metaspace: 77746K(78592K)->77746K(78592K) NonClass: 66564K(67008K)->66564K(67008K) Class: 11182K(11584K)->11182K(11584K)
[29.733s][info ][gc             ] GC(74) Pause Young (Allocation Failure) 2212M->326M(2323M) 10.339ms
[29.733s][info ][gc,cpu         ] GC(74) User=0.03s Sys=0.00s Real=0.01s
[29.733s][info ][safepoint      ] Safepoint "ParallelGCFailedAllocation", Time since last: 240273728 ns, Reaching safepoint: 151101 ns, At safepoint: 10432957 ns, Total: 10584058 ns
[30.100s][info ][gc,start       ] GC(75) Pause Young (Allocation Failure)
[30.110s][debug][gc,phases      ] GC(75) Scavenge 9.461ms
[30.110s][debug][gc,ref         ] GC(75) Skipped phase 1 of Reference Processing: no references
[30.110s][debug][gc,ref         ] GC(75) Skipped phase 2 of Reference Processing: no references
[30.110s][debug][gc,ref         ] GC(75) Skipped phase 3 of Reference Processing: no references
[30.110s][debug][gc,ref         ] GC(75) Skipped phase 4 of Reference Processing: no references
[30.110s][debug][gc,phases      ] GC(75) Reference Processing 0.019ms
[30.110s][debug][gc,phases      ] GC(75)   VM Weak                        Min:  0.0, Avg:  0.0, Max:  0.0, Diff:  0.0, Sum:  0.0, Workers: 4
[30.110s][debug][gc,phases      ] GC(75)     Dead                           Min: 0, Avg:  0.0, Max: 0, Diff: 0, Sum: 0, Workers: 4
[30.110s][debug][gc,phases      ] GC(75)     Total                          Min: 0, Avg: 157.8, Max: 320, Diff: 320, Sum: 631, Workers: 4
[30.110s][debug][gc,phases      ] GC(75)   ObjectSynchronizer Weak        Min:  0.0, Avg:  0.0, Max:  0.0, Diff:  0.0, Sum:  0.0, Workers: 4
[30.110s][debug][gc,phases      ] GC(75)     Dead                           Min: 0, Avg:  0.0, Max: 0, Diff: 0, Sum: 0, Workers: 4
[30.110s][debug][gc,phases      ] GC(75)     Total                          Min: 0, Avg: 117.2, Max: 192, Diff: 192, Sum: 469, Workers: 4
[30.110s][debug][gc,phases      ] GC(75)   JVMTI Tag Weak OopStorage      Min:  0.0, Avg:  0.0, Max:  0.0, Diff:  0.0, Sum:  0.0, Workers: 4
[30.110s][debug][gc,phases      ] GC(75)     Dead                           Min: 0, Avg:  0.0, Max: 0, Diff: 0, Sum: 0, Workers: 4
[30.110s][debug][gc,phases      ] GC(75)     Total                          Min: 0, Avg:  0.0, Max: 0, Diff: 0, Sum: 0, Workers: 4
[30.110s][debug][gc,phases      ] GC(75)   StringTable Weak               Min:  0.1, Avg:  0.1, Max:  0.1, Diff:  0.0, Sum:  0.3, Workers: 4
[30.110s][debug][gc,phases      ] GC(75)     Dead                           Min: 0, Avg:  0.0, Max: 0, Diff: 0, Sum: 0, Workers: 4
[30.110s][debug][gc,phases      ] GC(75)     Total                          Min: 9152, Avg: 11579.2, Max: 14400, Diff: 5248, Sum: 46317, Workers: 4
[30.110s][debug][gc,phases      ] GC(75)   ResolvedMethodTable Weak       Min:  0.0, Avg:  0.0, Max:  0.0, Diff:  0.0, Sum:  0.1, Workers: 4
[30.110s][debug][gc,phases      ] GC(75)     Dead                           Min: 0, Avg:  0.0, Max: 0, Diff: 0, Sum: 0, Workers: 4
[30.110s][debug][gc,phases      ] GC(75)     Total                          Min: 1600, Avg: 1955.8, Max: 2688, Diff: 1088, Sum: 7823, Workers: 4
[30.110s][debug][gc,phases      ] GC(75)   JNI Weak                       Min:  0.0, Avg:  0.0, Max:  0.0, Diff:  0.0, Sum:  0.0, Workers: 4
[30.110s][debug][gc,phases      ] GC(75)     Dead                           Min: 0, Avg:  0.0, Max: 0, Diff: 0, Sum: 0, Workers: 4
[30.110s][debug][gc,phases      ] GC(75)     Total                          Min: 0, Avg:  1.0, Max: 4, Diff: 4, Sum: 4, Workers: 4
[30.110s][debug][gc,phases      ] GC(75)   StringDedup Table Weak         Min:  0.0, Avg:  0.0, Max:  0.0, Diff:  0.0, Sum:  0.0, Workers: 4
[30.110s][debug][gc,phases      ] GC(75)     Dead                           Min: 0, Avg:  0.0, Max: 0, Diff: 0, Sum: 0, Workers: 4
[30.110s][debug][gc,phases      ] GC(75)     Total                          Min: 0, Avg:  0.0, Max: 0, Diff: 0, Sum: 0, Workers: 4
[30.110s][debug][gc,phases      ] GC(75)   StringDedup Requests0 Weak     Min:  0.0, Avg:  0.0, Max:  0.0, Diff:  0.0, Sum:  0.0, Workers: 4
[30.110s][debug][gc,phases      ] GC(75)     Dead                           Min: 0, Avg:  0.0, Max: 0, Diff: 0, Sum: 0, Workers: 4
[30.110s][debug][gc,phases      ] GC(75)     Total                          Min: 0, Avg:  0.0, Max: 0, Diff: 0, Sum: 0, Workers: 4
[30.110s][debug][gc,phases      ] GC(75)   StringDedup Requests1 Weak     Min:  0.0, Avg:  0.0, Max:  0.0, Diff:  0.0, Sum:  0.0, Workers: 4
[30.110s][debug][gc,phases      ] GC(75)     Dead                           Min: 0, Avg:  0.0, Max: 0, Diff: 0, Sum: 0, Workers: 4
[30.110s][debug][gc,phases      ] GC(75)     Total                          Min: 0, Avg:  0.0, Max: 0, Diff: 0, Sum: 0, Workers: 4
[30.110s][debug][gc,phases      ] GC(75)   Weak JFR Old Object Samples    Min:  0.0, Avg:  0.0, Max:  0.0, Diff:  0.0, Sum:  0.0, Workers: 4
[30.110s][debug][gc,phases      ] GC(75)     Dead                           Min: 0, Avg:  0.0, Max: 0, Diff: 0, Sum: 0, Workers: 4
[30.110s][debug][gc,phases      ] GC(75)     Total                          Min: 0, Avg:  0.0, Max: 0, Diff: 0, Sum: 0, Workers: 4
[30.110s][debug][gc,phases      ] GC(75) Weak Processing 0.253ms
[30.110s][debug][gc,age         ] GC(75) Desired survivor size 76021760 bytes, new threshold 15 (max threshold 15)
[30.110s][info ][gc,heap        ] GC(75) PSYoungGen: 1958608K(2020352K)->16832K(2018304K) Eden: 1941504K(1941504K)->0K(1941504K) From: 17104K(78848K)->16832K(76800K)
[30.110s][info ][gc,heap        ] GC(75) ParOldGen: 317680K(358912K)->318212K(358912K)
[30.110s][info ][gc,metaspace   ] GC(75) Metaspace: 77751K(78592K)->77751K(78592K) NonClass: 66568K(67008K)->66568K(67008K) Class: 11182K(11584K)->11182K(11584K)
[30.110s][info ][gc             ] GC(75) Pause Young (Allocation Failure) 2222M->327M(2321M) 9.840ms
[30.110s][info ][gc,cpu         ] GC(75) User=0.04s Sys=0.00s Real=0.02s
[30.110s][info ][safepoint      ] Safepoint "ParallelGCFailedAllocation", Time since last: 366472726 ns, Reaching safepoint: 106400 ns, At safepoint: 9928755 ns, Total: 10035155 ns
[30.463s][info ][gc,start       ] GC(76) Pause Young (Allocation Failure)
[30.471s][debug][gc,phases      ] GC(76) Scavenge 7.708ms
[30.471s][debug][gc,ref         ] GC(76) Skipped phase 1 of Reference Processing: no references
[30.471s][debug][gc,ref         ] GC(76) Skipped phase 2 of Reference Processing: no references
[30.471s][debug][gc,ref         ] GC(76) Skipped phase 3 of Reference Processing: no references
[30.471s][debug][gc,ref         ] GC(76) Skipped phase 4 of Reference Processing: no references
[30.471s][debug][gc,phases      ] GC(76) Reference Processing 0.021ms
[30.471s][debug][gc,phases      ] GC(76)   VM Weak                        Min:  0.0, Avg:  0.0, Max:  0.0, Diff:  0.0, Sum:  0.0, Workers: 4
[30.471s][debug][gc,phases      ] GC(76)     Dead                           Min: 0, Avg:  0.0, Max: 0, Diff: 0, Sum: 0, Workers: 4
[30.471s][debug][gc,phases      ] GC(76)     Total                          Min: 0, Avg: 157.8, Max: 631, Diff: 631, Sum: 631, Workers: 4
[30.471s][debug][gc,phases      ] GC(76)   ObjectSynchronizer Weak        Min:  0.0, Avg:  0.0, Max:  0.0, Diff:  0.0, Sum:  0.0, Workers: 4
[30.471s][debug][gc,phases      ] GC(76)     Dead                           Min: 0, Avg:  0.0, Max: 0, Diff: 0, Sum: 0, Workers: 4
[30.471s][debug][gc,phases      ] GC(76)     Total                          Min: 0, Avg: 117.2, Max: 320, Diff: 320, Sum: 469, Workers: 4
[30.471s][debug][gc,phases      ] GC(76)   JVMTI Tag Weak OopStorage      Min:  0.0, Avg:  0.0, Max:  0.0, Diff:  0.0, Sum:  0.0, Workers: 4
[30.471s][debug][gc,phases      ] GC(76)     Dead                           Min: 0, Avg:  0.0, Max: 0, Diff: 0, Sum: 0, Workers: 4
[30.471s][debug][gc,phases      ] GC(76)     Total                          Min: 0, Avg:  0.0, Max: 0, Diff: 0, Sum: 0, Workers: 4
[30.471s][debug][gc,phases      ] GC(76)   StringTable Weak               Min:  0.1, Avg:  0.1, Max:  0.1, Diff:  0.0, Sum:  0.3, Workers: 4
[30.471s][debug][gc,phases      ] GC(76)     Dead                           Min: 0, Avg:  0.0, Max: 0, Diff: 0, Sum: 0, Workers: 4
[30.471s][debug][gc,phases      ] GC(76)     Total                          Min: 8256, Avg: 11579.2, Max: 13184, Diff: 4928, Sum: 46317, Workers: 4
[30.471s][debug][gc,phases      ] GC(76)   ResolvedMethodTable Weak       Min:  0.0, Avg:  0.0, Max:  0.0, Diff:  0.0, Sum:  0.1, Workers: 4
[30.471s][debug][gc,phases      ] GC(76)     Dead                           Min: 0, Avg:  0.0, Max: 0, Diff: 0, Sum: 0, Workers: 4
[30.471s][debug][gc,phases      ] GC(76)     Total                          Min: 1472, Avg: 1955.8, Max: 2559, Diff: 1087, Sum: 7823, Workers: 4
[30.471s][debug][gc,phases      ] GC(76)   JNI Weak                       Min:  0.0, Avg:  0.0, Max:  0.0, Diff:  0.0, Sum:  0.0, Workers: 4
[30.471s][debug][gc,phases      ] GC(76)     Dead                           Min: 0, Avg:  0.0, Max: 0, Diff: 0, Sum: 0, Workers: 4
[30.471s][debug][gc,phases      ] GC(76)     Total                          Min: 0, Avg:  0.2, Max: 1, Diff: 1, Sum: 1, Workers: 4
[30.471s][debug][gc,phases      ] GC(76)   StringDedup Table Weak         Min:  0.0, Avg:  0.0, Max:  0.0, Diff:  0.0, Sum:  0.0, Workers: 4
[30.471s][debug][gc,phases      ] GC(76)     Dead                           Min: 0, Avg:  0.0, Max: 0, Diff: 0, Sum: 0, Workers: 4
[30.471s][debug][gc,phases      ] GC(76)     Total                          Min: 0, Avg:  0.0, Max: 0, Diff: 0, Sum: 0, Workers: 4
[30.471s][debug][gc,phases      ] GC(76)   StringDedup Requests0 Weak     Min:  0.0, Avg:  0.0, Max:  0.0, Diff:  0.0, Sum:  0.0, Workers: 4
[30.471s][debug][gc,phases      ] GC(76)     Dead                           Min: 0, Avg:  0.0, Max: 0, Diff: 0, Sum: 0, Workers: 4
[30.471s][debug][gc,phases      ] GC(76)     Total                          Min: 0, Avg:  0.0, Max: 0, Diff: 0, Sum: 0, Workers: 4
[30.471s][debug][gc,phases      ] GC(76)   StringDedup Requests1 Weak     Min:  0.0, Avg:  0.0, Max:  0.0, Diff:  0.0, Sum:  0.0, Workers: 4
[30.471s][debug][gc,phases      ] GC(76)     Dead                           Min: 0, Avg:  0.0, Max: 0, Diff: 0, Sum: 0, Workers: 4
[30.471s][debug][gc,phases      ] GC(76)     Total                          Min: 0, Avg:  0.0, Max: 0, Diff: 0, Sum: 0, Workers: 4
[30.471s][debug][gc,phases      ] GC(76)   Weak JFR Old Object Samples    Min:  0.0, Avg:  0.0, Max:  0.0, Diff:  0.0, Sum:  0.0, Workers: 4
[30.471s][debug][gc,phases      ] GC(76)     Dead                           Min: 0, Avg:  0.0, Max: 0, Diff: 0, Sum: 0, Workers: 4
[30.471s][debug][gc,phases      ] GC(76)     Total                          Min: 0, Avg:  0.0, Max: 0, Diff: 0, Sum: 0, Workers: 4
[30.471s][debug][gc,phases      ] GC(76) Weak Processing 0.252ms
[30.471s][debug][gc,age         ] GC(76) Desired survivor size 73400320 bytes, new threshold 15 (max threshold 15)
[30.471s][info ][gc,heap        ] GC(76) PSYoungGen: 1958336K(2018304K)->16832K(2025472K) Eden: 1941504K(1941504K)->0K(1951232K) From: 16832K(76800K)->16832K(74240K)
[30.471s][info ][gc,heap        ] GC(76) ParOldGen: 318212K(358912K)->318468K(358912K)
[30.471s][info ][gc,metaspace   ] GC(76) Metaspace: 77768K(78592K)->77768K(78592K) NonClass: 66586K(67008K)->66586K(67008K) Class: 11182K(11584K)->11182K(11584K)
[30.471s][info ][gc             ] GC(76) Pause Young (Allocation Failure) 2223M->327M(2328M) 8.092ms
[30.471s][info ][gc,cpu         ] GC(76) User=0.03s Sys=0.00s Real=0.01s
[30.471s][info ][safepoint      ] Safepoint "ParallelGCFailedAllocation", Time since last: 353020051 ns, Reaching safepoint: 124001 ns, At safepoint: 8194445 ns, Total: 8318446 ns
[30.838s][info ][gc,start       ] GC(77) Pause Young (Allocation Failure)
[30.845s][debug][gc,phases      ] GC(77) Scavenge 7.636ms
[30.845s][debug][gc,ref         ] GC(77) Skipped phase 1 of Reference Processing: no references
[30.845s][debug][gc,ref         ] GC(77) Skipped phase 2 of Reference Processing: no references
[30.845s][debug][gc,ref         ] GC(77) Skipped phase 3 of Reference Processing: no references
[30.845s][debug][gc,ref         ] GC(77) Skipped phase 4 of Reference Processing: no references
[30.845s][debug][gc,phases      ] GC(77) Reference Processing 0.020ms
[30.845s][debug][gc,phases      ] GC(77)   VM Weak                        Min:  0.0, Avg:  0.0, Max:  0.0, Diff:  0.0, Sum:  0.0, Workers: 4
[30.845s][debug][gc,phases      ] GC(77)     Dead                           Min: 0, Avg:  0.0, Max: 0, Diff: 0, Sum: 0, Workers: 4
[30.845s][debug][gc,phases      ] GC(77)     Total                          Min: 0, Avg: 157.8, Max: 503, Diff: 503, Sum: 631, Workers: 4
[30.845s][debug][gc,phases      ] GC(77)   ObjectSynchronizer Weak        Min:  0.0, Avg:  0.0, Max:  0.0, Diff:  0.0, Sum:  0.0, Workers: 4
[30.845s][debug][gc,phases      ] GC(77)     Dead                           Min: 0, Avg:  0.0, Max: 0, Diff: 0, Sum: 0, Workers: 4
[30.845s][debug][gc,phases      ] GC(77)     Total                          Min: 0, Avg: 117.2, Max: 256, Diff: 256, Sum: 469, Workers: 4
[30.845s][debug][gc,phases      ] GC(77)   JVMTI Tag Weak OopStorage      Min:  0.0, Avg:  0.0, Max:  0.0, Diff:  0.0, Sum:  0.0, Workers: 4
[30.845s][debug][gc,phases      ] GC(77)     Dead                           Min: 0, Avg:  0.0, Max: 0, Diff: 0, Sum: 0, Workers: 4
[30.845s][debug][gc,phases      ] GC(77)     Total                          Min: 0, Avg:  0.0, Max: 0, Diff: 0, Sum: 0, Workers: 4
[30.846s][debug][gc,phases      ] GC(77)   StringTable Weak               Min:  0.1, Avg:  0.1, Max:  0.1, Diff:  0.0, Sum:  0.3, Workers: 4
[30.846s][debug][gc,phases      ] GC(77)     Dead                           Min: 0, Avg:  0.0, Max: 0, Diff: 0, Sum: 0, Workers: 4
[30.846s][debug][gc,phases      ] GC(77)     Total                          Min: 11008, Avg: 11579.2, Max: 12160, Diff: 1152, Sum: 46317, Workers: 4
[30.846s][debug][gc,phases      ] GC(77)   ResolvedMethodTable Weak       Min:  0.0, Avg:  0.0, Max:  0.0, Diff:  0.0, Sum:  0.1, Workers: 4
[30.846s][debug][gc,phases      ] GC(77)     Dead                           Min: 0, Avg:  0.0, Max: 0, Diff: 0, Sum: 0, Workers: 4
[30.846s][debug][gc,phases      ] GC(77)     Total                          Min: 1664, Avg: 1955.8, Max: 2128, Diff: 464, Sum: 7823, Workers: 4
[30.846s][debug][gc,phases      ] GC(77)   JNI Weak                       Min:  0.0, Avg:  0.0, Max:  0.0, Diff:  0.0, Sum:  0.0, Workers: 4
[30.846s][debug][gc,phases      ] GC(77)     Dead                           Min: 0, Avg:  0.0, Max: 0, Diff: 0, Sum: 0, Workers: 4
[30.846s][debug][gc,phases      ] GC(77)     Total                          Min: 0, Avg:  0.0, Max: 0, Diff: 0, Sum: 0, Workers: 4
[30.846s][debug][gc,phases      ] GC(77)   StringDedup Table Weak         Min:  0.0, Avg:  0.0, Max:  0.0, Diff:  0.0, Sum:  0.0, Workers: 4
[30.846s][debug][gc,phases      ] GC(77)     Dead                           Min: 0, Avg:  0.0, Max: 0, Diff: 0, Sum: 0, Workers: 4
[30.846s][debug][gc,phases      ] GC(77)     Total                          Min: 0, Avg:  0.0, Max: 0, Diff: 0, Sum: 0, Workers: 4
[30.846s][debug][gc,phases      ] GC(77)   StringDedup Requests0 Weak     Min:  0.0, Avg:  0.0, Max:  0.0, Diff:  0.0, Sum:  0.0, Workers: 4
[30.846s][debug][gc,phases      ] GC(77)     Dead                           Min: 0, Avg:  0.0, Max: 0, Diff: 0, Sum: 0, Workers: 4
[30.846s][debug][gc,phases      ] GC(77)     Total                          Min: 0, Avg:  0.0, Max: 0, Diff: 0, Sum: 0, Workers: 4
[30.846s][debug][gc,phases      ] GC(77)   StringDedup Requests1 Weak     Min:  0.0, Avg:  0.0, Max:  0.0, Diff:  0.0, Sum:  0.0, Workers: 4
[30.846s][debug][gc,phases      ] GC(77)     Dead                           Min: 0, Avg:  0.0, Max: 0, Diff: 0, Sum: 0, Workers: 4
[30.846s][debug][gc,phases      ] GC(77)     Total                          Min: 0, Avg:  0.0, Max: 0, Diff: 0, Sum: 0, Workers: 4
[30.846s][debug][gc,phases      ] GC(77)   Weak JFR Old Object Samples    Min:  0.0, Avg:  0.0, Max:  0.0, Diff:  0.0, Sum:  0.0, Workers: 4
[30.846s][debug][gc,phases      ] GC(77)     Dead                           Min: 0, Avg:  0.0, Max: 0, Diff: 0, Sum: 0, Workers: 4
[30.846s][debug][gc,phases      ] GC(77)     Total                          Min: 0, Avg:  0.0, Max: 0, Diff: 0, Sum: 0, Workers: 4
[30.846s][debug][gc,phases      ] GC(77) Weak Processing 0.244ms
[30.846s][debug][gc,age         ] GC(77) Desired survivor size 70778880 bytes, new threshold 15 (max threshold 15)
[30.846s][info ][gc,heap        ] GC(77) PSYoungGen: 1968064K(2025472K)->16896K(2022912K) Eden: 1951232K(1951232K)->0K(1951232K) From: 16832K(74240K)->16896K(71680K)
[30.846s][info ][gc,heap        ] GC(77) ParOldGen: 318468K(358912K)->318676K(358912K)
[30.846s][info ][gc,metaspace   ] GC(77) Metaspace: 77771K(78592K)->77771K(78592K) NonClass: 66589K(67008K)->66589K(67008K) Class: 11182K(11584K)->11182K(11584K)
[30.846s][info ][gc             ] GC(77) Pause Young (Allocation Failure) 2232M->327M(2326M) 7.999ms
[30.846s][info ][gc,cpu         ] GC(77) User=0.03s Sys=0.00s Real=0.01s
[30.846s][info ][safepoint      ] Safepoint "ParallelGCFailedAllocation", Time since last: 366192523 ns, Reaching safepoint: 120401 ns, At safepoint: 8091444 ns, Total: 8211845 ns
[31.193s][info ][gc,start       ] GC(78) Pause Young (Allocation Failure)
[31.201s][debug][gc,phases      ] GC(78) Scavenge 7.797ms
[31.201s][debug][gc,ref         ] GC(78) Skipped phase 1 of Reference Processing: no references
[31.201s][debug][gc,ref         ] GC(78) Skipped phase 2 of Reference Processing: no references
[31.201s][debug][gc,ref         ] GC(78) Skipped phase 3 of Reference Processing: no references
[31.201s][debug][gc,ref         ] GC(78) Skipped phase 4 of Reference Processing: no references
[31.201s][debug][gc,phases      ] GC(78) Reference Processing 0.031ms
[31.201s][debug][gc,phases      ] GC(78)   VM Weak                        Min:  0.0, Avg:  0.0, Max:  0.0, Diff:  0.0, Sum:  0.0, Workers: 4
[31.201s][debug][gc,phases      ] GC(78)     Dead                           Min: 0, Avg:  0.0, Max: 0, Diff: 0, Sum: 0, Workers: 4
[31.201s][debug][gc,phases      ] GC(78)     Total                          Min: 0, Avg: 157.8, Max: 576, Diff: 576, Sum: 631, Workers: 4
[31.201s][debug][gc,phases      ] GC(78)   ObjectSynchronizer Weak        Min:  0.0, Avg:  0.0, Max:  0.0, Diff:  0.0, Sum:  0.0, Workers: 4
[31.201s][debug][gc,phases      ] GC(78)     Dead                           Min: 0, Avg:  0.0, Max: 0, Diff: 0, Sum: 0, Workers: 4
[31.201s][debug][gc,phases      ] GC(78)     Total                          Min: 0, Avg: 117.2, Max: 320, Diff: 320, Sum: 469, Workers: 4
[31.201s][debug][gc,phases      ] GC(78)   JVMTI Tag Weak OopStorage      Min:  0.0, Avg:  0.0, Max:  0.0, Diff:  0.0, Sum:  0.0, Workers: 4
[31.201s][debug][gc,phases      ] GC(78)     Dead                           Min: 0, Avg:  0.0, Max: 0, Diff: 0, Sum: 0, Workers: 4
[31.201s][debug][gc,phases      ] GC(78)     Total                          Min: 0, Avg:  0.0, Max: 0, Diff: 0, Sum: 0, Workers: 4
[31.201s][debug][gc,phases      ] GC(78)   StringTable Weak               Min:  0.1, Avg:  0.1, Max:  0.1, Diff:  0.0, Sum:  0.3, Workers: 4
[31.201s][debug][gc,phases      ] GC(78)     Dead                           Min: 0, Avg:  0.0, Max: 0, Diff: 0, Sum: 0, Workers: 4
[31.201s][debug][gc,phases      ] GC(78)     Total                          Min: 8576, Avg: 11582.0, Max: 12792, Diff: 4216, Sum: 46328, Workers: 4
[31.201s][debug][gc,phases      ] GC(78)   ResolvedMethodTable Weak       Min:  0.0, Avg:  0.0, Max:  0.0, Diff:  0.0, Sum:  0.1, Workers: 4
[31.201s][debug][gc,phases      ] GC(78)     Dead                           Min: 0, Avg:  0.0, Max: 0, Diff: 0, Sum: 0, Workers: 4
[31.201s][debug][gc,phases      ] GC(78)     Total                          Min: 1408, Avg: 1955.8, Max: 2240, Diff: 832, Sum: 7823, Workers: 4
[31.201s][debug][gc,phases      ] GC(78)   JNI Weak                       Min:  0.0, Avg:  0.0, Max:  0.0, Diff:  0.0, Sum:  0.0, Workers: 4
[31.201s][debug][gc,phases      ] GC(78)     Dead                           Min: 0, Avg:  0.0, Max: 0, Diff: 0, Sum: 0, Workers: 4
[31.201s][debug][gc,phases      ] GC(78)     Total                          Min: 0, Avg:  0.0, Max: 0, Diff: 0, Sum: 0, Workers: 4
[31.201s][debug][gc,phases      ] GC(78)   StringDedup Table Weak         Min:  0.0, Avg:  0.0, Max:  0.0, Diff:  0.0, Sum:  0.0, Workers: 4
[31.201s][debug][gc,phases      ] GC(78)     Dead                           Min: 0, Avg:  0.0, Max: 0, Diff: 0, Sum: 0, Workers: 4
[31.201s][debug][gc,phases      ] GC(78)     Total                          Min: 0, Avg:  0.0, Max: 0, Diff: 0, Sum: 0, Workers: 4
[31.201s][debug][gc,phases      ] GC(78)   StringDedup Requests0 Weak     Min:  0.0, Avg:  0.0, Max:  0.0, Diff:  0.0, Sum:  0.0, Workers: 4
[31.201s][debug][gc,phases      ] GC(78)     Dead                           Min: 0, Avg:  0.0, Max: 0, Diff: 0, Sum: 0, Workers: 4
[31.201s][debug][gc,phases      ] GC(78)     Total                          Min: 0, Avg:  0.0, Max: 0, Diff: 0, Sum: 0, Workers: 4
[31.201s][debug][gc,phases      ] GC(78)   StringDedup Requests1 Weak     Min:  0.0, Avg:  0.0, Max:  0.0, Diff:  0.0, Sum:  0.0, Workers: 4
[31.201s][debug][gc,phases      ] GC(78)     Dead                           Min: 0, Avg:  0.0, Max: 0, Diff: 0, Sum: 0, Workers: 4
[31.201s][debug][gc,phases      ] GC(78)     Total                          Min: 0, Avg:  0.0, Max: 0, Diff: 0, Sum: 0, Workers: 4
[31.201s][debug][gc,phases      ] GC(78)   Weak JFR Old Object Samples    Min:  0.0, Avg:  0.0, Max:  0.0, Diff:  0.0, Sum:  0.0, Workers: 4
[31.201s][debug][gc,phases      ] GC(78)     Dead                           Min: 0, Avg:  0.0, Max: 0, Diff: 0, Sum: 0, Workers: 4
[31.201s][debug][gc,phases      ] GC(78)     Total                          Min: 0, Avg:  0.0, Max: 0, Diff: 0, Sum: 0, Workers: 4
[31.201s][debug][gc,phases      ] GC(78) Weak Processing 0.261ms
[31.201s][debug][gc,age         ] GC(78) Desired survivor size 68157440 bytes, new threshold 15 (max threshold 15)
[31.201s][info ][gc,heap        ] GC(78) PSYoungGen: 1968128K(2022912K)->17056K(2030592K) Eden: 1951232K(1951232K)->0K(1961472K) From: 16896K(71680K)->17056K(69120K)
[31.201s][info ][gc,heap        ] GC(78) ParOldGen: 318676K(358912K)->318828K(358912K)
[31.201s][info ][gc,metaspace   ] GC(78) Metaspace: 77807K(78656K)->77807K(78656K) NonClass: 66625K(67072K)->66625K(67072K) Class: 11182K(11584K)->11182K(11584K)
[31.201s][info ][gc             ] GC(78) Pause Young (Allocation Failure) 2233M->328M(2333M) 8.188ms
[31.201s][info ][gc,cpu         ] GC(78) User=0.03s Sys=0.00s Real=0.01s
[31.201s][info ][safepoint      ] Safepoint "ParallelGCFailedAllocation", Time since last: 347259819 ns, Reaching safepoint: 137401 ns, At safepoint: 8273745 ns, Total: 8411146 ns
[31.547s][info ][gc,start       ] GC(79) Pause Young (Allocation Failure)
[31.556s][debug][gc,phases      ] GC(79) Scavenge 9.087ms
[31.556s][debug][gc,ref         ] GC(79) Skipped phase 1 of Reference Processing: no references
[31.556s][debug][gc,ref         ] GC(79) Skipped phase 2 of Reference Processing: no references
[31.556s][debug][gc,ref         ] GC(79) Skipped phase 3 of Reference Processing: no references
[31.556s][debug][gc,ref         ] GC(79) Skipped phase 4 of Reference Processing: no references
[31.556s][debug][gc,phases      ] GC(79) Reference Processing 0.021ms
[31.556s][debug][gc,phases      ] GC(79)   VM Weak                        Min:  0.0, Avg:  0.0, Max:  0.0, Diff:  0.0, Sum:  0.0, Workers: 4
[31.556s][debug][gc,phases      ] GC(79)     Dead                           Min: 0, Avg:  0.0, Max: 0, Diff: 0, Sum: 0, Workers: 4
[31.556s][debug][gc,phases      ] GC(79)     Total                          Min: 0, Avg: 157.8, Max: 576, Diff: 576, Sum: 631, Workers: 4
[31.556s][debug][gc,phases      ] GC(79)   ObjectSynchronizer Weak        Min:  0.0, Avg:  0.0, Max:  0.0, Diff:  0.0, Sum:  0.0, Workers: 4
[31.556s][debug][gc,phases      ] GC(79)     Dead                           Min: 0, Avg:  0.0, Max: 0, Diff: 0, Sum: 0, Workers: 4
[31.556s][debug][gc,phases      ] GC(79)     Total                          Min: 0, Avg: 117.2, Max: 213, Diff: 213, Sum: 469, Workers: 4
[31.556s][debug][gc,phases      ] GC(79)   JVMTI Tag Weak OopStorage      Min:  0.0, Avg:  0.0, Max:  0.0, Diff:  0.0, Sum:  0.0, Workers: 4
[31.556s][debug][gc,phases      ] GC(79)     Dead                           Min: 0, Avg:  0.0, Max: 0, Diff: 0, Sum: 0, Workers: 4
[31.556s][debug][gc,phases      ] GC(79)     Total                          Min: 0, Avg:  0.0, Max: 0, Diff: 0, Sum: 0, Workers: 4
[31.556s][debug][gc,phases      ] GC(79)   StringTable Weak               Min:  0.1, Avg:  0.1, Max:  0.1, Diff:  0.0, Sum:  0.3, Workers: 4
[31.556s][debug][gc,phases      ] GC(79)     Dead                           Min: 0, Avg:  0.0, Max: 0, Diff: 0, Sum: 0, Workers: 4
[31.556s][debug][gc,phases      ] GC(79)     Total                          Min: 8896, Avg: 11584.8, Max: 13379, Diff: 4483, Sum: 46339, Workers: 4
[31.556s][debug][gc,phases      ] GC(79)   ResolvedMethodTable Weak       Min:  0.0, Avg:  0.0, Max:  0.0, Diff:  0.0, Sum:  0.1, Workers: 4
[31.556s][debug][gc,phases      ] GC(79)     Dead                           Min: 0, Avg:  0.0, Max: 0, Diff: 0, Sum: 0, Workers: 4
[31.556s][debug][gc,phases      ] GC(79)     Total                          Min: 1536, Avg: 1955.8, Max: 2128, Diff: 592, Sum: 7823, Workers: 4
[31.556s][debug][gc,phases      ] GC(79)   JNI Weak                       Min:  0.0, Avg:  0.0, Max:  0.0, Diff:  0.0, Sum:  0.0, Workers: 4
[31.556s][debug][gc,phases      ] GC(79)     Dead                           Min: 0, Avg:  0.0, Max: 0, Diff: 0, Sum: 0, Workers: 4
[31.556s][debug][gc,phases      ] GC(79)     Total                          Min: 0, Avg:  0.0, Max: 0, Diff: 0, Sum: 0, Workers: 4
[31.556s][debug][gc,phases      ] GC(79)   StringDedup Table Weak         Min:  0.0, Avg:  0.0, Max:  0.0, Diff:  0.0, Sum:  0.0, Workers: 4
[31.556s][debug][gc,phases      ] GC(79)     Dead                           Min: 0, Avg:  0.0, Max: 0, Diff: 0, Sum: 0, Workers: 4
[31.556s][debug][gc,phases      ] GC(79)     Total                          Min: 0, Avg:  0.0, Max: 0, Diff: 0, Sum: 0, Workers: 4
[31.556s][debug][gc,phases      ] GC(79)   StringDedup Requests0 Weak     Min:  0.0, Avg:  0.0, Max:  0.0, Diff:  0.0, Sum:  0.0, Workers: 4
[31.556s][debug][gc,phases      ] GC(79)     Dead                           Min: 0, Avg:  0.0, Max: 0, Diff: 0, Sum: 0, Workers: 4
[31.556s][debug][gc,phases      ] GC(79)     Total                          Min: 0, Avg:  0.0, Max: 0, Diff: 0, Sum: 0, Workers: 4
[31.556s][debug][gc,phases      ] GC(79)   StringDedup Requests1 Weak     Min:  0.0, Avg:  0.0, Max:  0.0, Diff:  0.0, Sum:  0.0, Workers: 4
[31.556s][debug][gc,phases      ] GC(79)     Dead                           Min: 0, Avg:  0.0, Max: 0, Diff: 0, Sum: 0, Workers: 4
[31.556s][debug][gc,phases      ] GC(79)     Total                          Min: 0, Avg:  0.0, Max: 0, Diff: 0, Sum: 0, Workers: 4
[31.556s][debug][gc,phases      ] GC(79)   Weak JFR Old Object Samples    Min:  0.0, Avg:  0.0, Max:  0.0, Diff:  0.0, Sum:  0.0, Workers: 4
[31.556s][debug][gc,phases      ] GC(79)     Dead                           Min: 0, Avg:  0.0, Max: 0, Diff: 0, Sum: 0, Workers: 4
[31.556s][debug][gc,phases      ] GC(79)     Total                          Min: 0, Avg:  0.0, Max: 0, Diff: 0, Sum: 0, Workers: 4
[31.556s][debug][gc,phases      ] GC(79) Weak Processing 0.253ms
[31.556s][debug][gc,age         ] GC(79) Desired survivor size 65536000 bytes, new threshold 15 (max threshold 15)
[31.556s][info ][gc,heap        ] GC(79) PSYoungGen: 1978528K(2030592K)->17056K(2028032K) Eden: 1961472K(1961472K)->0K(1961472K) From: 17056K(69120K)->17056K(66560K)
[31.556s][info ][gc,heap        ] GC(79) ParOldGen: 318828K(358912K)->319164K(358912K)
[31.556s][info ][gc,metaspace   ] GC(79) Metaspace: 77811K(78656K)->77811K(78656K) NonClass: 66628K(67072K)->66628K(67072K) Class: 11182K(11584K)->11182K(11584K)
[31.556s][info ][gc             ] GC(79) Pause Young (Allocation Failure) 2243M->328M(2331M) 9.474ms
[31.557s][info ][gc,cpu         ] GC(79) User=0.04s Sys=0.00s Real=0.01s
[31.557s][info ][safepoint      ] Safepoint "ParallelGCFailedAllocation", Time since last: 345529009 ns, Reaching safepoint: 122601 ns, At safepoint: 9568553 ns, Total: 9691154 ns
[31.900s][info ][gc,start       ] GC(80) Pause Young (Allocation Failure)
[31.908s][debug][gc,phases      ] GC(80) Scavenge 8.446ms
[31.908s][debug][gc,ref         ] GC(80) Skipped phase 1 of Reference Processing: no references
[31.908s][debug][gc,ref         ] GC(80) Skipped phase 2 of Reference Processing: no references
[31.908s][debug][gc,ref         ] GC(80) Skipped phase 3 of Reference Processing: no references
[31.908s][debug][gc,ref         ] GC(80) Skipped phase 4 of Reference Processing: no references
[31.908s][debug][gc,phases      ] GC(80) Reference Processing 0.020ms
[31.908s][debug][gc,phases      ] GC(80)   VM Weak                        Min:  0.0, Avg:  0.0, Max:  0.0, Diff:  0.0, Sum:  0.0, Workers: 4
[31.908s][debug][gc,phases      ] GC(80)     Dead                           Min: 0, Avg:  0.0, Max: 0, Diff: 0, Sum: 0, Workers: 4
[31.908s][debug][gc,phases      ] GC(80)     Total                          Min: 0, Avg: 157.8, Max: 320, Diff: 320, Sum: 631, Workers: 4
[31.908s][debug][gc,phases      ] GC(80)   ObjectSynchronizer Weak        Min:  0.0, Avg:  0.0, Max:  0.0, Diff:  0.0, Sum:  0.0, Workers: 4
[31.908s][debug][gc,phases      ] GC(80)     Dead                           Min: 0, Avg:  0.0, Max: 0, Diff: 0, Sum: 0, Workers: 4
[31.908s][debug][gc,phases      ] GC(80)     Total                          Min: 0, Avg: 117.2, Max: 277, Diff: 277, Sum: 469, Workers: 4
[31.908s][debug][gc,phases      ] GC(80)   JVMTI Tag Weak OopStorage      Min:  0.0, Avg:  0.0, Max:  0.0, Diff:  0.0, Sum:  0.0, Workers: 4
[31.908s][debug][gc,phases      ] GC(80)     Dead                           Min: 0, Avg:  0.0, Max: 0, Diff: 0, Sum: 0, Workers: 4
[31.908s][debug][gc,phases      ] GC(80)     Total                          Min: 0, Avg:  0.0, Max: 0, Diff: 0, Sum: 0, Workers: 4
[31.908s][debug][gc,phases      ] GC(80)   StringTable Weak               Min:  0.1, Avg:  0.1, Max:  0.1, Diff:  0.0, Sum:  0.3, Workers: 4
[31.908s][debug][gc,phases      ] GC(80)     Dead                           Min: 0, Avg:  0.0, Max: 0, Diff: 0, Sum: 0, Workers: 4
[31.908s][debug][gc,phases      ] GC(80)     Total                          Min: 10816, Avg: 11588.0, Max: 12672, Diff: 1856, Sum: 46352, Workers: 4
[31.908s][debug][gc,phases      ] GC(80)   ResolvedMethodTable Weak       Min:  0.0, Avg:  0.0, Max:  0.0, Diff:  0.0, Sum:  0.1, Workers: 4
[31.908s][debug][gc,phases      ] GC(80)     Dead                           Min: 0, Avg:  0.0, Max: 0, Diff: 0, Sum: 0, Workers: 4
[31.908s][debug][gc,phases      ] GC(80)     Total                          Min: 1919, Avg: 1955.8, Max: 2048, Diff: 129, Sum: 7823, Workers: 4
[31.908s][debug][gc,phases      ] GC(80)   JNI Weak                       Min:  0.0, Avg:  0.0, Max:  0.0, Diff:  0.0, Sum:  0.0, Workers: 4
[31.908s][debug][gc,phases      ] GC(80)     Dead                           Min: 0, Avg:  0.0, Max: 0, Diff: 0, Sum: 0, Workers: 4
[31.908s][debug][gc,phases      ] GC(80)     Total                          Min: 0, Avg:  0.0, Max: 0, Diff: 0, Sum: 0, Workers: 4
[31.908s][debug][gc,phases      ] GC(80)   StringDedup Table Weak         Min:  0.0, Avg:  0.0, Max:  0.0, Diff:  0.0, Sum:  0.0, Workers: 4
[31.908s][debug][gc,phases      ] GC(80)     Dead                           Min: 0, Avg:  0.0, Max: 0, Diff: 0, Sum: 0, Workers: 4
[31.908s][debug][gc,phases      ] GC(80)     Total                          Min: 0, Avg:  0.0, Max: 0, Diff: 0, Sum: 0, Workers: 4
[31.908s][debug][gc,phases      ] GC(80)   StringDedup Requests0 Weak     Min:  0.0, Avg:  0.0, Max:  0.0, Diff:  0.0, Sum:  0.0, Workers: 4
[31.908s][debug][gc,phases      ] GC(80)     Dead                           Min: 0, Avg:  0.0, Max: 0, Diff: 0, Sum: 0, Workers: 4
[31.908s][debug][gc,phases      ] GC(80)     Total                          Min: 0, Avg:  0.0, Max: 0, Diff: 0, Sum: 0, Workers: 4
[31.908s][debug][gc,phases      ] GC(80)   StringDedup Requests1 Weak     Min:  0.0, Avg:  0.0, Max:  0.0, Diff:  0.0, Sum:  0.0, Workers: 4
[31.908s][debug][gc,phases      ] GC(80)     Dead                           Min: 0, Avg:  0.0, Max: 0, Diff: 0, Sum: 0, Workers: 4
[31.908s][debug][gc,phases      ] GC(80)     Total                          Min: 0, Avg:  0.0, Max: 0, Diff: 0, Sum: 0, Workers: 4
[31.908s][debug][gc,phases      ] GC(80)   Weak JFR Old Object Samples    Min:  0.0, Avg:  0.0, Max:  0.0, Diff:  0.0, Sum:  0.0, Workers: 4
[31.908s][debug][gc,phases      ] GC(80)     Dead                           Min: 0, Avg:  0.0, Max: 0, Diff: 0, Sum: 0, Workers: 4
[31.908s][debug][gc,phases      ] GC(80)     Total                          Min: 0, Avg:  0.0, Max: 0, Diff: 0, Sum: 0, Workers: 4
[31.908s][debug][gc,phases      ] GC(80) Weak Processing 0.244ms
[31.908s][debug][gc,age         ] GC(80) Desired survivor size 62914560 bytes, new threshold 15 (max threshold 15)
[31.908s][info ][gc,heap        ] GC(80) PSYoungGen: 1978528K(2028032K)->16928K(2035712K) Eden: 1961472K(1961472K)->0K(1971712K) From: 17056K(66560K)->16928K(64000K)
[31.908s][info ][gc,heap        ] GC(80) ParOldGen: 319164K(358912K)->319580K(358912K)
[31.908s][info ][gc,metaspace   ] GC(80) Metaspace: 77813K(78656K)->77813K(78656K) NonClass: 66630K(67072K)->66630K(67072K) Class: 11182K(11584K)->11182K(11584K)
[31.908s][info ][gc             ] GC(80) Pause Young (Allocation Failure) 2243M->328M(2338M) 8.810ms
[31.908s][info ][gc,cpu         ] GC(80) User=0.03s Sys=0.00s Real=0.01s
[31.908s][info ][safepoint      ] Safepoint "ParallelGCFailedAllocation", Time since last: 342827793 ns, Reaching safepoint: 143801 ns, At safepoint: 8906649 ns, Total: 9050450 ns
[32.252s][info ][gc,start       ] GC(81) Pause Young (Allocation Failure)
[32.263s][debug][gc,phases      ] GC(81) Scavenge 10.492ms
[32.263s][debug][gc,ref         ] GC(81) Skipped phase 1 of Reference Processing: no references
[32.263s][debug][gc,ref         ] GC(81) Skipped phase 2 of Reference Processing: no references
[32.263s][debug][gc,ref         ] GC(81) Skipped phase 3 of Reference Processing: no references
[32.263s][debug][gc,ref         ] GC(81) Skipped phase 4 of Reference Processing: no references
[32.263s][debug][gc,phases      ] GC(81) Reference Processing 0.032ms
[32.263s][debug][gc,phases      ] GC(81)   VM Weak                        Min:  0.0, Avg:  0.0, Max:  0.0, Diff:  0.0, Sum:  0.0, Workers: 4
[32.263s][debug][gc,phases      ] GC(81)     Dead                           Min: 0, Avg:  0.0, Max: 0, Diff: 0, Sum: 0, Workers: 4
[32.263s][debug][gc,phases      ] GC(81)     Total                          Min: 0, Avg: 157.8, Max: 439, Diff: 439, Sum: 631, Workers: 4
[32.263s][debug][gc,phases      ] GC(81)   ObjectSynchronizer Weak        Min:  0.0, Avg:  0.0, Max:  0.0, Diff:  0.0, Sum:  0.0, Workers: 4
[32.263s][debug][gc,phases      ] GC(81)     Dead                           Min: 0, Avg:  0.0, Max: 0, Diff: 0, Sum: 0, Workers: 4
[32.263s][debug][gc,phases      ] GC(81)     Total                          Min: 0, Avg: 117.2, Max: 213, Diff: 213, Sum: 469, Workers: 4
[32.263s][debug][gc,phases      ] GC(81)   JVMTI Tag Weak OopStorage      Min:  0.0, Avg:  0.0, Max:  0.0, Diff:  0.0, Sum:  0.0, Workers: 4
[32.263s][debug][gc,phases      ] GC(81)     Dead                           Min: 0, Avg:  0.0, Max: 0, Diff: 0, Sum: 0, Workers: 4
[32.263s][debug][gc,phases      ] GC(81)     Total                          Min: 0, Avg:  0.0, Max: 0, Diff: 0, Sum: 0, Workers: 4
[32.263s][debug][gc,phases      ] GC(81)   StringTable Weak               Min:  0.1, Avg:  0.1, Max:  0.1, Diff:  0.0, Sum:  0.4, Workers: 4
[32.263s][debug][gc,phases      ] GC(81)     Dead                           Min: 0, Avg:  0.0, Max: 0, Diff: 0, Sum: 0, Workers: 4
[32.263s][debug][gc,phases      ] GC(81)     Total                          Min: 11392, Avg: 11590.5, Max: 11802, Diff: 410, Sum: 46362, Workers: 4
[32.263s][debug][gc,phases      ] GC(81)   ResolvedMethodTable Weak       Min:  0.0, Avg:  0.0, Max:  0.0, Diff:  0.0, Sum:  0.1, Workers: 4
[32.263s][debug][gc,phases      ] GC(81)     Dead                           Min: 0, Avg:  0.0, Max: 0, Diff: 0, Sum: 0, Workers: 4
[32.263s][debug][gc,phases      ] GC(81)     Total                          Min: 1856, Avg: 1955.8, Max: 2000, Diff: 144, Sum: 7823, Workers: 4
[32.263s][debug][gc,phases      ] GC(81)   JNI Weak                       Min:  0.0, Avg:  0.0, Max:  0.0, Diff:  0.0, Sum:  0.0, Workers: 4
[32.263s][debug][gc,phases      ] GC(81)     Dead                           Min: 0, Avg:  0.0, Max: 0, Diff: 0, Sum: 0, Workers: 4
[32.263s][debug][gc,phases      ] GC(81)     Total                          Min: 0, Avg:  0.0, Max: 0, Diff: 0, Sum: 0, Workers: 4
[32.263s][debug][gc,phases      ] GC(81)   StringDedup Table Weak         Min:  0.0, Avg:  0.0, Max:  0.0, Diff:  0.0, Sum:  0.0, Workers: 4
[32.263s][debug][gc,phases      ] GC(81)     Dead                           Min: 0, Avg:  0.0, Max: 0, Diff: 0, Sum: 0, Workers: 4
[32.263s][debug][gc,phases      ] GC(81)     Total                          Min: 0, Avg:  0.0, Max: 0, Diff: 0, Sum: 0, Workers: 4
[32.263s][debug][gc,phases      ] GC(81)   StringDedup Requests0 Weak     Min:  0.0, Avg:  0.0, Max:  0.0, Diff:  0.0, Sum:  0.0, Workers: 4
[32.263s][debug][gc,phases      ] GC(81)     Dead                           Min: 0, Avg:  0.0, Max: 0, Diff: 0, Sum: 0, Workers: 4
[32.263s][debug][gc,phases      ] GC(81)     Total                          Min: 0, Avg:  0.0, Max: 0, Diff: 0, Sum: 0, Workers: 4
[32.263s][debug][gc,phases      ] GC(81)   StringDedup Requests1 Weak     Min:  0.0, Avg:  0.0, Max:  0.0, Diff:  0.0, Sum:  0.0, Workers: 4
[32.263s][debug][gc,phases      ] GC(81)     Dead                           Min: 0, Avg:  0.0, Max: 0, Diff: 0, Sum: 0, Workers: 4
[32.263s][debug][gc,phases      ] GC(81)     Total                          Min: 0, Avg:  0.0, Max: 0, Diff: 0, Sum: 0, Workers: 4
[32.263s][debug][gc,phases      ] GC(81)   Weak JFR Old Object Samples    Min:  0.0, Avg:  0.0, Max:  0.0, Diff:  0.0, Sum:  0.0, Workers: 4
[32.263s][debug][gc,phases      ] GC(81)     Dead                           Min: 0, Avg:  0.0, Max: 0, Diff: 0, Sum: 0, Workers: 4
[32.263s][debug][gc,phases      ] GC(81)     Total                          Min: 0, Avg:  0.0, Max: 0, Diff: 0, Sum: 0, Workers: 4
[32.263s][debug][gc,phases      ] GC(81) Weak Processing 0.296ms
[32.263s][debug][gc,age         ] GC(81) Desired survivor size 60293120 bytes, new threshold 15 (max threshold 15)
[32.263s][info ][gc,heap        ] GC(81) PSYoungGen: 1988640K(2035712K)->16448K(2033152K) Eden: 1971712K(1971712K)->0K(1971712K) From: 16928K(64000K)->16448K(61440K)
[32.263s][info ][gc,heap        ] GC(81) ParOldGen: 319580K(358912K)->320380K(358912K)
[32.263s][info ][gc,metaspace   ] GC(81) Metaspace: 77816K(78656K)->77816K(78656K) NonClass: 66633K(67072K)->66633K(67072K) Class: 11182K(11584K)->11182K(11584K)
[32.263s][info ][gc             ] GC(81) Pause Young (Allocation Failure) 2254M->328M(2336M) 10.952ms
[32.263s][info ][gc,cpu         ] GC(81) User=0.05s Sys=0.00s Real=0.01s
[32.263s][info ][safepoint      ] Safepoint "ParallelGCFailedAllocation", Time since last: 343429797 ns, Reaching safepoint: 134801 ns, At safepoint: 11051261 ns, Total: 11186062 ns
[32.615s][info ][gc,start       ] GC(82) Pause Young (Allocation Failure)
[32.623s][debug][gc,phases      ] GC(82) Scavenge 8.490ms
[32.623s][debug][gc,ref         ] GC(82) Skipped phase 1 of Reference Processing: no references
[32.623s][debug][gc,ref         ] GC(82) Skipped phase 2 of Reference Processing: no references
[32.623s][debug][gc,ref         ] GC(82) Skipped phase 3 of Reference Processing: no references
[32.623s][debug][gc,ref         ] GC(82) Skipped phase 4 of Reference Processing: no references
[32.623s][debug][gc,phases      ] GC(82) Reference Processing 0.024ms
[32.624s][debug][gc,phases      ] GC(82)   VM Weak                        Min:  0.0, Avg:  0.0, Max:  0.0, Diff:  0.0, Sum:  0.0, Workers: 4
[32.624s][debug][gc,phases      ] GC(82)     Dead                           Min: 0, Avg:  0.0, Max: 0, Diff: 0, Sum: 0, Workers: 4
[32.624s][debug][gc,phases      ] GC(82)     Total                          Min: 0, Avg: 157.8, Max: 384, Diff: 384, Sum: 631, Workers: 4
[32.624s][debug][gc,phases      ] GC(82)   ObjectSynchronizer Weak        Min:  0.0, Avg:  0.0, Max:  0.0, Diff:  0.0, Sum:  0.0, Workers: 4
[32.624s][debug][gc,phases      ] GC(82)     Dead                           Min: 0, Avg:  0.0, Max: 0, Diff: 0, Sum: 0, Workers: 4
[32.624s][debug][gc,phases      ] GC(82)     Total                          Min: 0, Avg: 117.2, Max: 256, Diff: 256, Sum: 469, Workers: 4
[32.624s][debug][gc,phases      ] GC(82)   JVMTI Tag Weak OopStorage      Min:  0.0, Avg:  0.0, Max:  0.0, Diff:  0.0, Sum:  0.0, Workers: 4
[32.624s][debug][gc,phases      ] GC(82)     Dead                           Min: 0, Avg:  0.0, Max: 0, Diff: 0, Sum: 0, Workers: 4
[32.624s][debug][gc,phases      ] GC(82)     Total                          Min: 0, Avg:  0.0, Max: 0, Diff: 0, Sum: 0, Workers: 4
[32.624s][debug][gc,phases      ] GC(82)   StringTable Weak               Min:  0.1, Avg:  0.1, Max:  0.1, Diff:  0.0, Sum:  0.4, Workers: 4
[32.624s][debug][gc,phases      ] GC(82)     Dead                           Min: 0, Avg:  0.0, Max: 0, Diff: 0, Sum: 0, Workers: 4
[32.624s][debug][gc,phases      ] GC(82)     Total                          Min: 9883, Avg: 11590.8, Max: 14080, Diff: 4197, Sum: 46363, Workers: 4
[32.624s][debug][gc,phases      ] GC(82)   ResolvedMethodTable Weak       Min:  0.0, Avg:  0.0, Max:  0.0, Diff:  0.0, Sum:  0.1, Workers: 4
[32.624s][debug][gc,phases      ] GC(82)     Dead                           Min: 0, Avg:  0.0, Max: 0, Diff: 0, Sum: 0, Workers: 4
[32.624s][debug][gc,phases      ] GC(82)     Total                          Min: 1472, Avg: 1955.8, Max: 2496, Diff: 1024, Sum: 7823, Workers: 4
[32.624s][debug][gc,phases      ] GC(82)   JNI Weak                       Min:  0.0, Avg:  0.0, Max:  0.0, Diff:  0.0, Sum:  0.0, Workers: 4
[32.624s][debug][gc,phases      ] GC(82)     Dead                           Min: 0, Avg:  0.0, Max: 0, Diff: 0, Sum: 0, Workers: 4
[32.624s][debug][gc,phases      ] GC(82)     Total                          Min: 0, Avg:  0.0, Max: 0, Diff: 0, Sum: 0, Workers: 4
[32.624s][debug][gc,phases      ] GC(82)   StringDedup Table Weak         Min:  0.0, Avg:  0.0, Max:  0.0, Diff:  0.0, Sum:  0.0, Workers: 4
[32.624s][debug][gc,phases      ] GC(82)     Dead                           Min: 0, Avg:  0.0, Max: 0, Diff: 0, Sum: 0, Workers: 4
[32.624s][debug][gc,phases      ] GC(82)     Total                          Min: 0, Avg:  0.0, Max: 0, Diff: 0, Sum: 0, Workers: 4
[32.624s][debug][gc,phases      ] GC(82)   StringDedup Requests0 Weak     Min:  0.0, Avg:  0.0, Max:  0.0, Diff:  0.0, Sum:  0.0, Workers: 4
[32.624s][debug][gc,phases      ] GC(82)     Dead                           Min: 0, Avg:  0.0, Max: 0, Diff: 0, Sum: 0, Workers: 4
[32.624s][debug][gc,phases      ] GC(82)     Total                          Min: 0, Avg:  0.0, Max: 0, Diff: 0, Sum: 0, Workers: 4
[32.624s][debug][gc,phases      ] GC(82)   StringDedup Requests1 Weak     Min:  0.0, Avg:  0.0, Max:  0.0, Diff:  0.0, Sum:  0.0, Workers: 4
[32.624s][debug][gc,phases      ] GC(82)     Dead                           Min: 0, Avg:  0.0, Max: 0, Diff: 0, Sum: 0, Workers: 4
[32.624s][debug][gc,phases      ] GC(82)     Total                          Min: 0, Avg:  0.0, Max: 0, Diff: 0, Sum: 0, Workers: 4
[32.624s][debug][gc,phases      ] GC(82)   Weak JFR Old Object Samples    Min:  0.0, Avg:  0.0, Max:  0.0, Diff:  0.0, Sum:  0.0, Workers: 4
[32.624s][debug][gc,phases      ] GC(82)     Dead                           Min: 0, Avg:  0.0, Max: 0, Diff: 0, Sum: 0, Workers: 4
[32.624s][debug][gc,phases      ] GC(82)     Total                          Min: 0, Avg:  0.0, Max: 0, Diff: 0, Sum: 0, Workers: 4
[32.624s][debug][gc,phases      ] GC(82) Weak Processing 0.290ms
[32.624s][debug][gc,age         ] GC(82) Desired survivor size 58195968 bytes, new threshold 15 (max threshold 15)
[32.624s][info ][gc,heap        ] GC(82) PSYoungGen: 1988160K(2033152K)->15872K(2040320K) Eden: 1971712K(1971712K)->0K(1981440K) From: 16448K(61440K)->15872K(58880K)
[32.624s][info ][gc,heap        ] GC(82) ParOldGen: 320380K(358912K)->321308K(358912K)
[32.624s][info ][gc,metaspace   ] GC(82) Metaspace: 77845K(78656K)->77845K(78656K) NonClass: 66663K(67072K)->66663K(67072K) Class: 11182K(11584K)->11182K(11584K)
[32.624s][info ][gc             ] GC(82) Pause Young (Allocation Failure) 2254M->329M(2343M) 8.915ms
[32.624s][info ][gc,cpu         ] GC(82) User=0.04s Sys=0.00s Real=0.01s
[32.624s][info ][safepoint      ] Safepoint "ParallelGCFailedAllocation", Time since last: 351685242 ns, Reaching safepoint: 134700 ns, At safepoint: 9020750 ns, Total: 9155450 ns
[32.977s][info ][gc,start       ] GC(83) Pause Young (Allocation Failure)
[32.985s][debug][gc,phases      ] GC(83) Scavenge 7.816ms
[32.985s][debug][gc,ref         ] GC(83) Skipped phase 1 of Reference Processing: no references
[32.985s][debug][gc,ref         ] GC(83) Skipped phase 2 of Reference Processing: no references
[32.985s][debug][gc,ref         ] GC(83) Skipped phase 3 of Reference Processing: no references
[32.985s][debug][gc,ref         ] GC(83) Skipped phase 4 of Reference Processing: no references
[32.985s][debug][gc,phases      ] GC(83) Reference Processing 0.022ms
[32.985s][debug][gc,phases      ] GC(83)   VM Weak                        Min:  0.0, Avg:  0.0, Max:  0.0, Diff:  0.0, Sum:  0.0, Workers: 4
[32.985s][debug][gc,phases      ] GC(83)     Dead                           Min: 0, Avg:  0.0, Max: 0, Diff: 0, Sum: 0, Workers: 4
[32.985s][debug][gc,phases      ] GC(83)     Total                          Min: 0, Avg: 157.8, Max: 439, Diff: 439, Sum: 631, Workers: 4
[32.985s][debug][gc,phases      ] GC(83)   ObjectSynchronizer Weak        Min:  0.0, Avg:  0.0, Max:  0.0, Diff:  0.0, Sum:  0.0, Workers: 4
[32.985s][debug][gc,phases      ] GC(83)     Dead                           Min: 0, Avg:  0.0, Max: 0, Diff: 0, Sum: 0, Workers: 4
[32.985s][debug][gc,phases      ] GC(83)     Total                          Min: 0, Avg: 117.2, Max: 277, Diff: 277, Sum: 469, Workers: 4
[32.985s][debug][gc,phases      ] GC(83)   JVMTI Tag Weak OopStorage      Min:  0.0, Avg:  0.0, Max:  0.0, Diff:  0.0, Sum:  0.0, Workers: 4
[32.985s][debug][gc,phases      ] GC(83)     Dead                           Min: 0, Avg:  0.0, Max: 0, Diff: 0, Sum: 0, Workers: 4
[32.985s][debug][gc,phases      ] GC(83)     Total                          Min: 0, Avg:  0.0, Max: 0, Diff: 0, Sum: 0, Workers: 4
[32.985s][debug][gc,phases      ] GC(83)   StringTable Weak               Min:  0.1, Avg:  0.1, Max:  0.1, Diff:  0.0, Sum:  0.3, Workers: 4
[32.985s][debug][gc,phases      ] GC(83)     Dead                           Min: 0, Avg:  0.0, Max: 0, Diff: 0, Sum: 0, Workers: 4
[32.985s][debug][gc,phases      ] GC(83)     Total                          Min: 8896, Avg: 11591.0, Max: 14464, Diff: 5568, Sum: 46364, Workers: 4
[32.985s][debug][gc,phases      ] GC(83)   ResolvedMethodTable Weak       Min:  0.0, Avg:  0.0, Max:  0.0, Diff:  0.0, Sum:  0.1, Workers: 4
[32.985s][debug][gc,phases      ] GC(83)     Dead                           Min: 0, Avg:  0.0, Max: 0, Diff: 0, Sum: 0, Workers: 4
[32.985s][debug][gc,phases      ] GC(83)     Total                          Min: 1552, Avg: 1955.8, Max: 2431, Diff: 879, Sum: 7823, Workers: 4
[32.985s][debug][gc,phases      ] GC(83)   JNI Weak                       Min:  0.0, Avg:  0.0, Max:  0.0, Diff:  0.0, Sum:  0.0, Workers: 4
[32.985s][debug][gc,phases      ] GC(83)     Dead                           Min: 0, Avg:  0.0, Max: 0, Diff: 0, Sum: 0, Workers: 4
[32.985s][debug][gc,phases      ] GC(83)     Total                          Min: 0, Avg:  0.0, Max: 0, Diff: 0, Sum: 0, Workers: 4
[32.985s][debug][gc,phases      ] GC(83)   StringDedup Table Weak         Min:  0.0, Avg:  0.0, Max:  0.0, Diff:  0.0, Sum:  0.0, Workers: 4
[32.985s][debug][gc,phases      ] GC(83)     Dead                           Min: 0, Avg:  0.0, Max: 0, Diff: 0, Sum: 0, Workers: 4
[32.985s][debug][gc,phases      ] GC(83)     Total                          Min: 0, Avg:  0.0, Max: 0, Diff: 0, Sum: 0, Workers: 4
[32.985s][debug][gc,phases      ] GC(83)   StringDedup Requests0 Weak     Min:  0.0, Avg:  0.0, Max:  0.0, Diff:  0.0, Sum:  0.0, Workers: 4
[32.985s][debug][gc,phases      ] GC(83)     Dead                           Min: 0, Avg:  0.0, Max: 0, Diff: 0, Sum: 0, Workers: 4
[32.985s][debug][gc,phases      ] GC(83)     Total                          Min: 0, Avg:  0.0, Max: 0, Diff: 0, Sum: 0, Workers: 4
[32.985s][debug][gc,phases      ] GC(83)   StringDedup Requests1 Weak     Min:  0.0, Avg:  0.0, Max:  0.0, Diff:  0.0, Sum:  0.0, Workers: 4
[32.985s][debug][gc,phases      ] GC(83)     Dead                           Min: 0, Avg:  0.0, Max: 0, Diff: 0, Sum: 0, Workers: 4
[32.985s][debug][gc,phases      ] GC(83)     Total                          Min: 0, Avg:  0.0, Max: 0, Diff: 0, Sum: 0, Workers: 4
[32.985s][debug][gc,phases      ] GC(83)   Weak JFR Old Object Samples    Min:  0.0, Avg:  0.0, Max:  0.0, Diff:  0.0, Sum:  0.0, Workers: 4
[32.985s][debug][gc,phases      ] GC(83)     Dead                           Min: 0, Avg:  0.0, Max: 0, Diff: 0, Sum: 0, Workers: 4
[32.985s][debug][gc,phases      ] GC(83)     Total                          Min: 0, Avg:  0.0, Max: 0, Diff: 0, Sum: 0, Workers: 4
[32.985s][debug][gc,phases      ] GC(83) Weak Processing 0.274ms
[32.985s][debug][gc,age         ] GC(83) Desired survivor size 56098816 bytes, new threshold 15 (max threshold 15)
[32.985s][info ][gc,heap        ] GC(83) PSYoungGen: 1997312K(2040320K)->14688K(2038272K) Eden: 1981440K(1981440K)->0K(1981440K) From: 15872K(58880K)->14688K(56832K)
[32.985s][info ][gc,heap        ] GC(83) ParOldGen: 321308K(358912K)->322820K(358912K)
[32.985s][info ][gc,metaspace   ] GC(83) Metaspace: 77885K(78720K)->77885K(78720K) NonClass: 66703K(67136K)->66703K(67136K) Class: 11182K(11584K)->11182K(11584K)
[32.985s][info ][gc             ] GC(83) Pause Young (Allocation Failure) 2264M->329M(2341M) 8.226ms
[32.985s][info ][gc,cpu         ] GC(83) User=0.03s Sys=0.00s Real=0.01s
[32.985s][info ][safepoint      ] Safepoint "ParallelGCFailedAllocation", Time since last: 352755448 ns, Reaching safepoint: 136901 ns, At safepoint: 8321746 ns, Total: 8458647 ns
[33.343s][info ][gc,start       ] GC(84) Pause Young (Allocation Failure)
[33.350s][debug][gc,phases      ] GC(84) Scavenge 7.510ms
[33.350s][debug][gc,ref         ] GC(84) Skipped phase 1 of Reference Processing: no references
[33.350s][debug][gc,ref         ] GC(84) Skipped phase 2 of Reference Processing: no references
[33.350s][debug][gc,ref         ] GC(84) Skipped phase 3 of Reference Processing: no references
[33.350s][debug][gc,ref         ] GC(84) Skipped phase 4 of Reference Processing: no references
[33.350s][debug][gc,phases      ] GC(84) Reference Processing 0.022ms
[33.350s][debug][gc,phases      ] GC(84)   VM Weak                        Min:  0.0, Avg:  0.0, Max:  0.0, Diff:  0.0, Sum:  0.0, Workers: 4
[33.350s][debug][gc,phases      ] GC(84)     Dead                           Min: 0, Avg:  0.0, Max: 0, Diff: 0, Sum: 0, Workers: 4
[33.350s][debug][gc,phases      ] GC(84)     Total                          Min: 0, Avg: 157.8, Max: 567, Diff: 567, Sum: 631, Workers: 4
[33.350s][debug][gc,phases      ] GC(84)   ObjectSynchronizer Weak        Min:  0.0, Avg:  0.0, Max:  0.0, Diff:  0.0, Sum:  0.0, Workers: 4
[33.350s][debug][gc,phases      ] GC(84)     Dead                           Min: 0, Avg:  0.0, Max: 0, Diff: 0, Sum: 0, Workers: 4
[33.350s][debug][gc,phases      ] GC(84)     Total                          Min: 0, Avg: 117.2, Max: 213, Diff: 213, Sum: 469, Workers: 4
[33.350s][debug][gc,phases      ] GC(84)   JVMTI Tag Weak OopStorage      Min:  0.0, Avg:  0.0, Max:  0.0, Diff:  0.0, Sum:  0.0, Workers: 4
[33.350s][debug][gc,phases      ] GC(84)     Dead                           Min: 0, Avg:  0.0, Max: 0, Diff: 0, Sum: 0, Workers: 4
[33.350s][debug][gc,phases      ] GC(84)     Total                          Min: 0, Avg:  0.0, Max: 0, Diff: 0, Sum: 0, Workers: 4
[33.350s][debug][gc,phases      ] GC(84)   StringTable Weak               Min:  0.1, Avg:  0.1, Max:  0.1, Diff:  0.0, Sum:  0.5, Workers: 4
[33.350s][debug][gc,phases      ] GC(84)     Dead                           Min: 0, Avg:  0.0, Max: 0, Diff: 0, Sum: 0, Workers: 4
[33.350s][debug][gc,phases      ] GC(84)     Total                          Min: 10432, Avg: 11613.5, Max: 12214, Diff: 1782, Sum: 46454, Workers: 4
[33.350s][debug][gc,phases      ] GC(84)   ResolvedMethodTable Weak       Min:  0.0, Avg:  0.0, Max:  0.0, Diff:  0.0, Sum:  0.1, Workers: 4
[33.350s][debug][gc,phases      ] GC(84)     Dead                           Min: 0, Avg:  0.0, Max: 0, Diff: 0, Sum: 0, Workers: 4
[33.350s][debug][gc,phases      ] GC(84)     Total                          Min: 1280, Avg: 1955.8, Max: 2303, Diff: 1023, Sum: 7823, Workers: 4
[33.351s][debug][gc,phases      ] GC(84)   JNI Weak                       Min:  0.0, Avg:  0.0, Max:  0.0, Diff:  0.0, Sum:  0.0, Workers: 4
[33.351s][debug][gc,phases      ] GC(84)     Dead                           Min: 0, Avg:  0.0, Max: 0, Diff: 0, Sum: 0, Workers: 4
[33.351s][debug][gc,phases      ] GC(84)     Total                          Min: 0, Avg:  0.0, Max: 0, Diff: 0, Sum: 0, Workers: 4
[33.351s][debug][gc,phases      ] GC(84)   StringDedup Table Weak         Min:  0.0, Avg:  0.0, Max:  0.0, Diff:  0.0, Sum:  0.0, Workers: 4
[33.351s][debug][gc,phases      ] GC(84)     Dead                           Min: 0, Avg:  0.0, Max: 0, Diff: 0, Sum: 0, Workers: 4
[33.351s][debug][gc,phases      ] GC(84)     Total                          Min: 0, Avg:  0.0, Max: 0, Diff: 0, Sum: 0, Workers: 4
[33.351s][debug][gc,phases      ] GC(84)   StringDedup Requests0 Weak     Min:  0.0, Avg:  0.0, Max:  0.0, Diff:  0.0, Sum:  0.0, Workers: 4
[33.351s][debug][gc,phases      ] GC(84)     Dead                           Min: 0, Avg:  0.0, Max: 0, Diff: 0, Sum: 0, Workers: 4
[33.351s][debug][gc,phases      ] GC(84)     Total                          Min: 0, Avg:  0.0, Max: 0, Diff: 0, Sum: 0, Workers: 4
[33.351s][debug][gc,phases      ] GC(84)   StringDedup Requests1 Weak     Min:  0.0, Avg:  0.0, Max:  0.0, Diff:  0.0, Sum:  0.0, Workers: 4
[33.351s][debug][gc,phases      ] GC(84)     Dead                           Min: 0, Avg:  0.0, Max: 0, Diff: 0, Sum: 0, Workers: 4
[33.351s][debug][gc,phases      ] GC(84)     Total                          Min: 0, Avg:  0.0, Max: 0, Diff: 0, Sum: 0, Workers: 4
[33.351s][debug][gc,phases      ] GC(84)   Weak JFR Old Object Samples    Min:  0.0, Avg:  0.0, Max:  0.0, Diff:  0.0, Sum:  0.0, Workers: 4
[33.351s][debug][gc,phases      ] GC(84)     Dead                           Min: 0, Avg:  0.0, Max: 0, Diff: 0, Sum: 0, Workers: 4
[33.351s][debug][gc,phases      ] GC(84)     Total                          Min: 0, Avg:  0.0, Max: 0, Diff: 0, Sum: 0, Workers: 4
[33.351s][debug][gc,phases      ] GC(84) Weak Processing 0.310ms
[33.351s][debug][gc,age         ] GC(84) Desired survivor size 54001664 bytes, new threshold 15 (max threshold 15)
[33.351s][info ][gc,heap        ] GC(84) PSYoungGen: 1996128K(2038272K)->14816K(2044416K) Eden: 1981440K(1981440K)->0K(1989632K) From: 14688K(56832K)->14816K(54784K)
[33.351s][info ][gc,heap        ] GC(84) ParOldGen: 322820K(358912K)->323036K(358912K)
[33.351s][info ][gc,metaspace   ] GC(84) Metaspace: 77907K(78720K)->77907K(78720K) NonClass: 66722K(67136K)->66722K(67136K) Class: 11184K(11584K)->11184K(11584K)
[33.351s][info ][gc             ] GC(84) Pause Young (Allocation Failure) 2264M->329M(2347M) 7.964ms
[33.351s][info ][gc,cpu         ] GC(84) User=0.04s Sys=0.00s Real=0.01s
[33.351s][info ][safepoint      ] Safepoint "ParallelGCFailedAllocation", Time since last: 357361272 ns, Reaching safepoint: 128901 ns, At safepoint: 8065945 ns, Total: 8194846 ns
[33.742s][info ][gc,start       ] GC(85) Pause Young (Allocation Failure)
[33.750s][debug][gc,phases      ] GC(85) Scavenge 7.751ms
[33.750s][debug][gc,ref         ] GC(85) Skipped phase 1 of Reference Processing: no references
[33.750s][debug][gc,ref         ] GC(85) Skipped phase 2 of Reference Processing: no references
[33.750s][debug][gc,ref         ] GC(85) Skipped phase 3 of Reference Processing: no references
[33.750s][debug][gc,ref         ] GC(85) Skipped phase 4 of Reference Processing: no references
[33.750s][debug][gc,phases      ] GC(85) Reference Processing 0.020ms
[33.750s][debug][gc,phases      ] GC(85)   VM Weak                        Min:  0.0, Avg:  0.0, Max:  0.0, Diff:  0.0, Sum:  0.0, Workers: 4
[33.750s][debug][gc,phases      ] GC(85)     Dead                           Min: 0, Avg:  0.0, Max: 0, Diff: 0, Sum: 0, Workers: 4
[33.750s][debug][gc,phases      ] GC(85)     Total                          Min: 0, Avg: 157.8, Max: 320, Diff: 320, Sum: 631, Workers: 4
[33.750s][debug][gc,phases      ] GC(85)   ObjectSynchronizer Weak        Min:  0.0, Avg:  0.0, Max:  0.0, Diff:  0.0, Sum:  0.0, Workers: 4
[33.750s][debug][gc,phases      ] GC(85)     Dead                           Min: 0, Avg:  0.0, Max: 0, Diff: 0, Sum: 0, Workers: 4
[33.750s][debug][gc,phases      ] GC(85)     Total                          Min: 0, Avg: 117.2, Max: 192, Diff: 192, Sum: 469, Workers: 4
[33.750s][debug][gc,phases      ] GC(85)   JVMTI Tag Weak OopStorage      Min:  0.0, Avg:  0.0, Max:  0.0, Diff:  0.0, Sum:  0.0, Workers: 4
[33.750s][debug][gc,phases      ] GC(85)     Dead                           Min: 0, Avg:  0.0, Max: 0, Diff: 0, Sum: 0, Workers: 4
[33.750s][debug][gc,phases      ] GC(85)     Total                          Min: 0, Avg:  0.0, Max: 0, Diff: 0, Sum: 0, Workers: 4
[33.750s][debug][gc,phases      ] GC(85)   StringTable Weak               Min:  0.1, Avg:  0.1, Max:  0.1, Diff:  0.0, Sum:  0.4, Workers: 4
[33.750s][debug][gc,phases      ] GC(85)     Dead                           Min: 0, Avg:  0.0, Max: 0, Diff: 0, Sum: 0, Workers: 4
[33.750s][debug][gc,phases      ] GC(85)     Total                          Min: 10048, Avg: 11623.2, Max: 15552, Diff: 5504, Sum: 46493, Workers: 4
[33.750s][debug][gc,phases      ] GC(85)   ResolvedMethodTable Weak       Min:  0.0, Avg:  0.0, Max:  0.0, Diff:  0.0, Sum:  0.1, Workers: 4
[33.750s][debug][gc,phases      ] GC(85)     Dead                           Min: 0, Avg:  0.0, Max: 0, Diff: 0, Sum: 0, Workers: 4
[33.750s][debug][gc,phases      ] GC(85)     Total                          Min: 1664, Avg: 1955.8, Max: 2512, Diff: 848, Sum: 7823, Workers: 4
[33.750s][debug][gc,phases      ] GC(85)   JNI Weak                       Min:  0.0, Avg:  0.0, Max:  0.0, Diff:  0.0, Sum:  0.0, Workers: 4
[33.750s][debug][gc,phases      ] GC(85)     Dead                           Min: 0, Avg:  0.0, Max: 0, Diff: 0, Sum: 0, Workers: 4
[33.750s][debug][gc,phases      ] GC(85)     Total                          Min: 0, Avg:  0.0, Max: 0, Diff: 0, Sum: 0, Workers: 4
[33.750s][debug][gc,phases      ] GC(85)   StringDedup Table Weak         Min:  0.0, Avg:  0.0, Max:  0.0, Diff:  0.0, Sum:  0.0, Workers: 4
[33.750s][debug][gc,phases      ] GC(85)     Dead                           Min: 0, Avg:  0.0, Max: 0, Diff: 0, Sum: 0, Workers: 4
[33.750s][debug][gc,phases      ] GC(85)     Total                          Min: 0, Avg:  0.0, Max: 0, Diff: 0, Sum: 0, Workers: 4
[33.750s][debug][gc,phases      ] GC(85)   StringDedup Requests0 Weak     Min:  0.0, Avg:  0.0, Max:  0.0, Diff:  0.0, Sum:  0.0, Workers: 4
[33.750s][debug][gc,phases      ] GC(85)     Dead                           Min: 0, Avg:  0.0, Max: 0, Diff: 0, Sum: 0, Workers: 4
[33.750s][debug][gc,phases      ] GC(85)     Total                          Min: 0, Avg:  0.0, Max: 0, Diff: 0, Sum: 0, Workers: 4
[33.750s][debug][gc,phases      ] GC(85)   StringDedup Requests1 Weak     Min:  0.0, Avg:  0.0, Max:  0.0, Diff:  0.0, Sum:  0.0, Workers: 4
[33.750s][debug][gc,phases      ] GC(85)     Dead                           Min: 0, Avg:  0.0, Max: 0, Diff: 0, Sum: 0, Workers: 4
[33.750s][debug][gc,phases      ] GC(85)     Total                          Min: 0, Avg:  0.0, Max: 0, Diff: 0, Sum: 0, Workers: 4
[33.750s][debug][gc,phases      ] GC(85)   Weak JFR Old Object Samples    Min:  0.0, Avg:  0.0, Max:  0.0, Diff:  0.0, Sum:  0.0, Workers: 4
[33.750s][debug][gc,phases      ] GC(85)     Dead                           Min: 0, Avg:  0.0, Max: 0, Diff: 0, Sum: 0, Workers: 4
[33.750s][debug][gc,phases      ] GC(85)     Total                          Min: 0, Avg:  0.0, Max: 0, Diff: 0, Sum: 0, Workers: 4
[33.750s][debug][gc,phases      ] GC(85) Weak Processing 0.266ms
[33.750s][debug][gc,age         ] GC(85) Desired survivor size 52428800 bytes, new threshold 15 (max threshold 15)
[33.750s][info ][gc,heap        ] GC(85) PSYoungGen: 2004448K(2044416K)->10944K(2042368K) Eden: 1989632K(1989632K)->0K(1989632K) From: 14816K(54784K)->10944K(52736K)
[33.750s][info ][gc,heap        ] GC(85) ParOldGen: 323036K(358912K)->327372K(358912K)
[33.750s][info ][gc,metaspace   ] GC(85) Metaspace: 77919K(78720K)->77919K(78720K) NonClass: 66734K(67136K)->66734K(67136K) Class: 11184K(11584K)->11184K(11584K)
[33.750s][info ][gc             ] GC(85) Pause Young (Allocation Failure) 2272M->330M(2345M) 8.143ms
[33.750s][info ][gc,cpu         ] GC(85) User=0.04s Sys=0.00s Real=0.01s
[33.750s][info ][safepoint      ] Safepoint "ParallelGCFailedAllocation", Time since last: 391270960 ns, Reaching safepoint: 126600 ns, At safepoint: 8237446 ns, Total: 8364046 ns
[34.111s][info ][gc,start       ] GC(86) Pause Young (Allocation Failure)
[34.118s][debug][gc,phases      ] GC(86) Scavenge 6.539ms
[34.118s][debug][gc,ref         ] GC(86) Skipped phase 1 of Reference Processing: no references
[34.118s][debug][gc,ref         ] GC(86) Skipped phase 2 of Reference Processing: no references
[34.118s][debug][gc,ref         ] GC(86) Skipped phase 3 of Reference Processing: no references
[34.118s][debug][gc,ref         ] GC(86) Skipped phase 4 of Reference Processing: no references
[34.118s][debug][gc,phases      ] GC(86) Reference Processing 0.032ms
[34.118s][debug][gc,phases      ] GC(86)   VM Weak                        Min:  0.0, Avg:  0.0, Max:  0.0, Diff:  0.0, Sum:  0.0, Workers: 4
[34.118s][debug][gc,phases      ] GC(86)     Dead                           Min: 0, Avg:  0.0, Max: 0, Diff: 0, Sum: 0, Workers: 4
[34.118s][debug][gc,phases      ] GC(86)     Total                          Min: 0, Avg: 157.8, Max: 576, Diff: 576, Sum: 631, Workers: 4
[34.118s][debug][gc,phases      ] GC(86)   ObjectSynchronizer Weak        Min:  0.0, Avg:  0.0, Max:  0.0, Diff:  0.0, Sum:  0.0, Workers: 4
[34.118s][debug][gc,phases      ] GC(86)     Dead                           Min: 0, Avg:  0.0, Max: 0, Diff: 0, Sum: 0, Workers: 4
[34.118s][debug][gc,phases      ] GC(86)     Total                          Min: 0, Avg: 117.2, Max: 256, Diff: 256, Sum: 469, Workers: 4
[34.118s][debug][gc,phases      ] GC(86)   JVMTI Tag Weak OopStorage      Min:  0.0, Avg:  0.0, Max:  0.0, Diff:  0.0, Sum:  0.0, Workers: 4
[34.118s][debug][gc,phases      ] GC(86)     Dead                           Min: 0, Avg:  0.0, Max: 0, Diff: 0, Sum: 0, Workers: 4
[34.118s][debug][gc,phases      ] GC(86)     Total                          Min: 0, Avg:  0.0, Max: 0, Diff: 0, Sum: 0, Workers: 4
[34.118s][debug][gc,phases      ] GC(86)   StringTable Weak               Min:  0.1, Avg:  0.1, Max:  0.1, Diff:  0.0, Sum:  0.4, Workers: 4
[34.118s][debug][gc,phases      ] GC(86)     Dead                           Min: 0, Avg:  0.0, Max: 0, Diff: 0, Sum: 0, Workers: 4
[34.118s][debug][gc,phases      ] GC(86)     Total                          Min: 11264, Avg: 11625.2, Max: 12005, Diff: 741, Sum: 46501, Workers: 4
[34.118s][debug][gc,phases      ] GC(86)   ResolvedMethodTable Weak       Min:  0.0, Avg:  0.0, Max:  0.0, Diff:  0.0, Sum:  0.1, Workers: 4
[34.118s][debug][gc,phases      ] GC(86)     Dead                           Min: 0, Avg:  0.0, Max: 0, Diff: 0, Sum: 0, Workers: 4
[34.118s][debug][gc,phases      ] GC(86)     Total                          Min: 1856, Avg: 1955.8, Max: 2176, Diff: 320, Sum: 7823, Workers: 4
[34.118s][debug][gc,phases      ] GC(86)   JNI Weak                       Min:  0.0, Avg:  0.0, Max:  0.0, Diff:  0.0, Sum:  0.0, Workers: 4
[34.118s][debug][gc,phases      ] GC(86)     Dead                           Min: 0, Avg:  0.0, Max: 0, Diff: 0, Sum: 0, Workers: 4
[34.118s][debug][gc,phases      ] GC(86)     Total                          Min: 0, Avg:  0.0, Max: 0, Diff: 0, Sum: 0, Workers: 4
[34.118s][debug][gc,phases      ] GC(86)   StringDedup Table Weak         Min:  0.0, Avg:  0.0, Max:  0.0, Diff:  0.0, Sum:  0.0, Workers: 4
[34.118s][debug][gc,phases      ] GC(86)     Dead                           Min: 0, Avg:  0.0, Max: 0, Diff: 0, Sum: 0, Workers: 4
[34.118s][debug][gc,phases      ] GC(86)     Total                          Min: 0, Avg:  0.0, Max: 0, Diff: 0, Sum: 0, Workers: 4
[34.118s][debug][gc,phases      ] GC(86)   StringDedup Requests0 Weak     Min:  0.0, Avg:  0.0, Max:  0.0, Diff:  0.0, Sum:  0.0, Workers: 4
[34.118s][debug][gc,phases      ] GC(86)     Dead                           Min: 0, Avg:  0.0, Max: 0, Diff: 0, Sum: 0, Workers: 4
[34.118s][debug][gc,phases      ] GC(86)     Total                          Min: 0, Avg:  0.0, Max: 0, Diff: 0, Sum: 0, Workers: 4
[34.118s][debug][gc,phases      ] GC(86)   StringDedup Requests1 Weak     Min:  0.0, Avg:  0.0, Max:  0.0, Diff:  0.0, Sum:  0.0, Workers: 4
[34.118s][debug][gc,phases      ] GC(86)     Dead                           Min: 0, Avg:  0.0, Max: 0, Diff: 0, Sum: 0, Workers: 4
[34.118s][debug][gc,phases      ] GC(86)     Total                          Min: 0, Avg:  0.0, Max: 0, Diff: 0, Sum: 0, Workers: 4
[34.118s][debug][gc,phases      ] GC(86)   Weak JFR Old Object Samples    Min:  0.0, Avg:  0.0, Max:  0.0, Diff:  0.0, Sum:  0.0, Workers: 4
[34.118s][debug][gc,phases      ] GC(86)     Dead                           Min: 0, Avg:  0.0, Max: 0, Diff: 0, Sum: 0, Workers: 4
[34.118s][debug][gc,phases      ] GC(86)     Total                          Min: 0, Avg:  0.0, Max: 0, Diff: 0, Sum: 0, Workers: 4
[34.118s][debug][gc,phases      ] GC(86) Weak Processing 0.277ms
[34.118s][debug][gc,age         ] GC(86) Desired survivor size 51904512 bytes, new threshold 15 (max threshold 15)
[34.118s][info ][gc,heap        ] GC(86) PSYoungGen: 2000576K(2042368K)->5152K(2046464K) Eden: 1989632K(1989632K)->0K(1995264K) From: 10944K(52736K)->5152K(51200K)
[34.118s][info ][gc,heap        ] GC(86) ParOldGen: 327372K(358912K)->333564K(358912K)
[34.118s][info ][gc,metaspace   ] GC(86) Metaspace: 77929K(78720K)->77929K(78720K) NonClass: 66744K(67136K)->66744K(67136K) Class: 11185K(11584K)->11185K(11584K)
[34.118s][info ][gc             ] GC(86) Pause Young (Allocation Failure) 2273M->330M(2349M) 6.944ms
[34.118s][info ][gc,cpu         ] GC(86) User=0.02s Sys=0.00s Real=0.00s
[34.118s][info ][safepoint      ] Safepoint "ParallelGCFailedAllocation", Time since last: 360995092 ns, Reaching safepoint: 117401 ns, At safepoint: 7034739 ns, Total: 7152140 ns
[34.476s][info ][gc,start       ] GC(87) Pause Young (Allocation Failure)
[34.479s][debug][gc,phases      ] GC(87) Scavenge 2.731ms
[34.479s][debug][gc,ref         ] GC(87) Skipped phase 1 of Reference Processing: no references
[34.479s][debug][gc,ref         ] GC(87) Skipped phase 2 of Reference Processing: no references
[34.479s][debug][gc,ref         ] GC(87) Skipped phase 3 of Reference Processing: no references
[34.479s][debug][gc,ref         ] GC(87) Skipped phase 4 of Reference Processing: no references
[34.479s][debug][gc,phases      ] GC(87) Reference Processing 0.018ms
[34.479s][debug][gc,phases      ] GC(87)   VM Weak                        Min:  0.0, Avg:  0.0, Max:  0.0, Diff:  0.0, Sum:  0.0, Workers: 4
[34.479s][debug][gc,phases      ] GC(87)     Dead                           Min: 0, Avg:  0.0, Max: 0, Diff: 0, Sum: 0, Workers: 4
[34.479s][debug][gc,phases      ] GC(87)     Total                          Min: 0, Avg: 157.8, Max: 448, Diff: 448, Sum: 631, Workers: 4
[34.479s][debug][gc,phases      ] GC(87)   ObjectSynchronizer Weak        Min:  0.0, Avg:  0.0, Max:  0.0, Diff:  0.0, Sum:  0.0, Workers: 4
[34.479s][debug][gc,phases      ] GC(87)     Dead                           Min: 0, Avg:  0.0, Max: 0, Diff: 0, Sum: 0, Workers: 4
[34.479s][debug][gc,phases      ] GC(87)     Total                          Min: 0, Avg: 117.2, Max: 256, Diff: 256, Sum: 469, Workers: 4
[34.479s][debug][gc,phases      ] GC(87)   JVMTI Tag Weak OopStorage      Min:  0.0, Avg:  0.0, Max:  0.0, Diff:  0.0, Sum:  0.0, Workers: 4
[34.479s][debug][gc,phases      ] GC(87)     Dead                           Min: 0, Avg:  0.0, Max: 0, Diff: 0, Sum: 0, Workers: 4
[34.479s][debug][gc,phases      ] GC(87)     Total                          Min: 0, Avg:  0.0, Max: 0, Diff: 0, Sum: 0, Workers: 4
[34.479s][debug][gc,phases      ] GC(87)   StringTable Weak               Min:  0.1, Avg:  0.1, Max:  0.1, Diff:  0.0, Sum:  0.3, Workers: 4
[34.479s][debug][gc,phases      ] GC(87)     Dead                           Min: 0, Avg:  0.0, Max: 0, Diff: 0, Sum: 0, Workers: 4
[34.479s][debug][gc,phases      ] GC(87)     Total                          Min: 9125, Avg: 11625.2, Max: 14144, Diff: 5019, Sum: 46501, Workers: 4
[34.479s][debug][gc,phases      ] GC(87)   ResolvedMethodTable Weak       Min:  0.0, Avg:  0.0, Max:  0.0, Diff:  0.0, Sum:  0.1, Workers: 4
[34.479s][debug][gc,phases      ] GC(87)     Dead                           Min: 0, Avg:  0.0, Max: 0, Diff: 0, Sum: 0, Workers: 4
[34.479s][debug][gc,phases      ] GC(87)     Total                          Min: 1536, Avg: 1955.8, Max: 2304, Diff: 768, Sum: 7823, Workers: 4
[34.479s][debug][gc,phases      ] GC(87)   JNI Weak                       Min:  0.0, Avg:  0.0, Max:  0.0, Diff:  0.0, Sum:  0.0, Workers: 4
[34.479s][debug][gc,phases      ] GC(87)     Dead                           Min: 0, Avg:  0.0, Max: 0, Diff: 0, Sum: 0, Workers: 4
[34.479s][debug][gc,phases      ] GC(87)     Total                          Min: 0, Avg:  0.0, Max: 0, Diff: 0, Sum: 0, Workers: 4
[34.479s][debug][gc,phases      ] GC(87)   StringDedup Table Weak         Min:  0.0, Avg:  0.0, Max:  0.0, Diff:  0.0, Sum:  0.0, Workers: 4
[34.479s][debug][gc,phases      ] GC(87)     Dead                           Min: 0, Avg:  0.0, Max: 0, Diff: 0, Sum: 0, Workers: 4
[34.479s][debug][gc,phases      ] GC(87)     Total                          Min: 0, Avg:  0.0, Max: 0, Diff: 0, Sum: 0, Workers: 4
[34.479s][debug][gc,phases      ] GC(87)   StringDedup Requests0 Weak     Min:  0.0, Avg:  0.0, Max:  0.0, Diff:  0.0, Sum:  0.0, Workers: 4
[34.479s][debug][gc,phases      ] GC(87)     Dead                           Min: 0, Avg:  0.0, Max: 0, Diff: 0, Sum: 0, Workers: 4
[34.479s][debug][gc,phases      ] GC(87)     Total                          Min: 0, Avg:  0.0, Max: 0, Diff: 0, Sum: 0, Workers: 4
[34.479s][debug][gc,phases      ] GC(87)   StringDedup Requests1 Weak     Min:  0.0, Avg:  0.0, Max:  0.0, Diff:  0.0, Sum:  0.0, Workers: 4
[34.479s][debug][gc,phases      ] GC(87)     Dead                           Min: 0, Avg:  0.0, Max: 0, Diff: 0, Sum: 0, Workers: 4
[34.479s][debug][gc,phases      ] GC(87)     Total                          Min: 0, Avg:  0.0, Max: 0, Diff: 0, Sum: 0, Workers: 4
[34.479s][debug][gc,phases      ] GC(87)   Weak JFR Old Object Samples    Min:  0.0, Avg:  0.0, Max:  0.0, Diff:  0.0, Sum:  0.0, Workers: 4
[34.479s][debug][gc,phases      ] GC(87)     Dead                           Min: 0, Avg:  0.0, Max: 0, Diff: 0, Sum: 0, Workers: 4
[34.479s][debug][gc,phases      ] GC(87)     Total                          Min: 0, Avg:  0.0, Max: 0, Diff: 0, Sum: 0, Workers: 4
[34.479s][debug][gc,phases      ] GC(87) Weak Processing 0.274ms
[34.479s][debug][gc,age         ] GC(87) Desired survivor size 50855936 bytes, new threshold 15 (max threshold 15)
[34.479s][info ][gc,heap        ] GC(87) PSYoungGen: 2000416K(2046464K)->4736K(2045952K) Eden: 1995264K(1995264K)->0K(1995264K) From: 5152K(51200K)->4736K(50688K)
[34.479s][info ][gc,heap        ] GC(87) ParOldGen: 333564K(358912K)->334348K(358912K)
[34.479s][info ][gc,metaspace   ] GC(87) Metaspace: 77930K(78720K)->77930K(78720K) NonClass: 66744K(67136K)->66744K(67136K) Class: 11185K(11584K)->11185K(11584K)
[34.479s][info ][gc             ] GC(87) Pause Young (Allocation Failure) 2279M->331M(2348M) 3.121ms
[34.479s][info ][gc,cpu         ] GC(87) User=0.01s Sys=0.00s Real=0.00s
[34.479s][info ][safepoint      ] Safepoint "ParallelGCFailedAllocation", Time since last: 357308972 ns, Reaching safepoint: 122200 ns, At safepoint: 3203818 ns, Total: 3326018 ns
[34.860s][info ][gc,start       ] GC(88) Pause Young (Allocation Failure)
[34.863s][debug][gc,phases      ] GC(88) Scavenge 2.929ms
[34.863s][debug][gc,ref         ] GC(88) Skipped phase 1 of Reference Processing: no references
[34.863s][debug][gc,ref         ] GC(88) Skipped phase 2 of Reference Processing: no references
[34.863s][debug][gc,ref         ] GC(88) Skipped phase 3 of Reference Processing: no references
[34.863s][debug][gc,ref         ] GC(88) Skipped phase 4 of Reference Processing: no references
[34.863s][debug][gc,phases      ] GC(88) Reference Processing 0.018ms
[34.864s][debug][gc,phases      ] GC(88)   VM Weak                        Min:  0.0, Avg:  0.0, Max:  0.0, Diff:  0.0, Sum:  0.0, Workers: 4
[34.864s][debug][gc,phases      ] GC(88)     Dead                           Min: 0, Avg:  0.0, Max: 0, Diff: 0, Sum: 0, Workers: 4
[34.864s][debug][gc,phases      ] GC(88)     Total                          Min: 0, Avg: 157.8, Max: 320, Diff: 320, Sum: 631, Workers: 4
[34.864s][debug][gc,phases      ] GC(88)   ObjectSynchronizer Weak        Min:  0.0, Avg:  0.0, Max:  0.0, Diff:  0.0, Sum:  0.0, Workers: 4
[34.864s][debug][gc,phases      ] GC(88)     Dead                           Min: 0, Avg:  0.0, Max: 0, Diff: 0, Sum: 0, Workers: 4
[34.864s][debug][gc,phases      ] GC(88)     Total                          Min: 0, Avg: 117.5, Max: 214, Diff: 214, Sum: 470, Workers: 4
[34.864s][debug][gc,phases      ] GC(88)   JVMTI Tag Weak OopStorage      Min:  0.0, Avg:  0.0, Max:  0.0, Diff:  0.0, Sum:  0.0, Workers: 4
[34.864s][debug][gc,phases      ] GC(88)     Dead                           Min: 0, Avg:  0.0, Max: 0, Diff: 0, Sum: 0, Workers: 4
[34.864s][debug][gc,phases      ] GC(88)     Total                          Min: 0, Avg:  0.0, Max: 0, Diff: 0, Sum: 0, Workers: 4
[34.864s][debug][gc,phases      ] GC(88)   StringTable Weak               Min:  0.1, Avg:  0.1, Max:  0.1, Diff:  0.0, Sum:  0.4, Workers: 4
[34.864s][debug][gc,phases      ] GC(88)     Dead                           Min: 0, Avg:  0.0, Max: 0, Diff: 0, Sum: 0, Workers: 4
[34.864s][debug][gc,phases      ] GC(88)     Total                          Min: 11392, Avg: 11625.5, Max: 12006, Diff: 614, Sum: 46502, Workers: 4
[34.864s][debug][gc,phases      ] GC(88)   ResolvedMethodTable Weak       Min:  0.0, Avg:  0.0, Max:  0.0, Diff:  0.0, Sum:  0.1, Workers: 4
[34.864s][debug][gc,phases      ] GC(88)     Dead                           Min: 0, Avg:  0.0, Max: 0, Diff: 0, Sum: 0, Workers: 4
[34.864s][debug][gc,phases      ] GC(88)     Total                          Min: 1920, Avg: 1955.8, Max: 1984, Diff: 64, Sum: 7823, Workers: 4
[34.864s][debug][gc,phases      ] GC(88)   JNI Weak                       Min:  0.0, Avg:  0.0, Max:  0.0, Diff:  0.0, Sum:  0.0, Workers: 4
[34.864s][debug][gc,phases      ] GC(88)     Dead                           Min: 0, Avg:  0.0, Max: 0, Diff: 0, Sum: 0, Workers: 4
[34.864s][debug][gc,phases      ] GC(88)     Total                          Min: 0, Avg:  0.0, Max: 0, Diff: 0, Sum: 0, Workers: 4
[34.864s][debug][gc,phases      ] GC(88)   StringDedup Table Weak         Min:  0.0, Avg:  0.0, Max:  0.0, Diff:  0.0, Sum:  0.0, Workers: 4
[34.864s][debug][gc,phases      ] GC(88)     Dead                           Min: 0, Avg:  0.0, Max: 0, Diff: 0, Sum: 0, Workers: 4
[34.864s][debug][gc,phases      ] GC(88)     Total                          Min: 0, Avg:  0.0, Max: 0, Diff: 0, Sum: 0, Workers: 4
[34.864s][debug][gc,phases      ] GC(88)   StringDedup Requests0 Weak     Min:  0.0, Avg:  0.0, Max:  0.0, Diff:  0.0, Sum:  0.0, Workers: 4
[34.864s][debug][gc,phases      ] GC(88)     Dead                           Min: 0, Avg:  0.0, Max: 0, Diff: 0, Sum: 0, Workers: 4
[34.864s][debug][gc,phases      ] GC(88)     Total                          Min: 0, Avg:  0.0, Max: 0, Diff: 0, Sum: 0, Workers: 4
[34.864s][debug][gc,phases      ] GC(88)   StringDedup Requests1 Weak     Min:  0.0, Avg:  0.0, Max:  0.0, Diff:  0.0, Sum:  0.0, Workers: 4
[34.864s][debug][gc,phases      ] GC(88)     Dead                           Min: 0, Avg:  0.0, Max: 0, Diff: 0, Sum: 0, Workers: 4
[34.864s][debug][gc,phases      ] GC(88)     Total                          Min: 0, Avg:  0.0, Max: 0, Diff: 0, Sum: 0, Workers: 4
[34.864s][debug][gc,phases      ] GC(88)   Weak JFR Old Object Samples    Min:  0.0, Avg:  0.0, Max:  0.0, Diff:  0.0, Sum:  0.0, Workers: 4
[34.864s][debug][gc,phases      ] GC(88)     Dead                           Min: 0, Avg:  0.0, Max: 0, Diff: 0, Sum: 0, Workers: 4
[34.864s][debug][gc,phases      ] GC(88)     Total                          Min: 0, Avg:  0.0, Max: 0, Diff: 0, Sum: 0, Workers: 4
[34.864s][debug][gc,phases      ] GC(88) Weak Processing 0.284ms
[34.864s][debug][gc,age         ] GC(88) Desired survivor size 49807360 bytes, new threshold 15 (max threshold 15)
[34.864s][info ][gc,heap        ] GC(88) PSYoungGen: 2000000K(2045952K)->4960K(2048512K) Eden: 1995264K(1995264K)->0K(1998848K) From: 4736K(50688K)->4960K(49664K)
[34.864s][info ][gc,heap        ] GC(88) ParOldGen: 334348K(358912K)->334628K(358912K)
[34.864s][info ][gc,metaspace   ] GC(88) Metaspace: 77933K(78720K)->77933K(78720K) NonClass: 66748K(67136K)->66748K(67136K) Class: 11185K(11584K)->11185K(11584K)
[34.864s][info ][gc             ] GC(88) Pause Young (Allocation Failure) 2279M->331M(2351M) 3.321ms
[34.864s][info ][gc,cpu         ] GC(88) User=0.01s Sys=0.00s Real=0.01s
[34.864s][info ][safepoint      ] Safepoint "ParallelGCFailedAllocation", Time since last: 381111703 ns, Reaching safepoint: 116101 ns, At safepoint: 3393418 ns, Total: 3509519 ns
[35.249s][info ][gc,start       ] GC(89) Pause Young (Allocation Failure)
[35.252s][debug][gc,phases      ] GC(89) Scavenge 2.877ms
[35.252s][debug][gc,ref         ] GC(89) Skipped phase 1 of Reference Processing: no references
[35.252s][debug][gc,ref         ] GC(89) Skipped phase 2 of Reference Processing: no references
[35.252s][debug][gc,ref         ] GC(89) Skipped phase 3 of Reference Processing: no references
[35.252s][debug][gc,ref         ] GC(89) Skipped phase 4 of Reference Processing: no references
[35.252s][debug][gc,phases      ] GC(89) Reference Processing 0.020ms
[35.253s][debug][gc,phases      ] GC(89)   VM Weak                        Min:  0.0, Avg:  0.0, Max:  0.0, Diff:  0.0, Sum:  0.0, Workers: 4
[35.253s][debug][gc,phases      ] GC(89)     Dead                           Min: 0, Avg:  0.0, Max: 0, Diff: 0, Sum: 0, Workers: 4
[35.253s][debug][gc,phases      ] GC(89)     Total                          Min: 0, Avg: 157.8, Max: 631, Diff: 631, Sum: 631, Workers: 4
[35.253s][debug][gc,phases      ] GC(89)   ObjectSynchronizer Weak        Min:  0.0, Avg:  0.0, Max:  0.0, Diff:  0.0, Sum:  0.0, Workers: 4
[35.253s][debug][gc,phases      ] GC(89)     Dead                           Min: 0, Avg:  0.0, Max: 0, Diff: 0, Sum: 0, Workers: 4
[35.253s][debug][gc,phases      ] GC(89)     Total                          Min: 0, Avg: 117.5, Max: 384, Diff: 384, Sum: 470, Workers: 4
[35.253s][debug][gc,phases      ] GC(89)   JVMTI Tag Weak OopStorage      Min:  0.0, Avg:  0.0, Max:  0.0, Diff:  0.0, Sum:  0.0, Workers: 4
[35.253s][debug][gc,phases      ] GC(89)     Dead                           Min: 0, Avg:  0.0, Max: 0, Diff: 0, Sum: 0, Workers: 4
[35.253s][debug][gc,phases      ] GC(89)     Total                          Min: 0, Avg:  0.0, Max: 0, Diff: 0, Sum: 0, Workers: 4
[35.253s][debug][gc,phases      ] GC(89)   StringTable Weak               Min:  0.1, Avg:  0.1, Max:  0.1, Diff:  0.0, Sum:  0.4, Workers: 4
[35.253s][debug][gc,phases      ] GC(89)     Dead                           Min: 0, Avg:  0.0, Max: 0, Diff: 0, Sum: 0, Workers: 4
[35.253s][debug][gc,phases      ] GC(89)     Total                          Min: 10048, Avg: 11625.5, Max: 15232, Diff: 5184, Sum: 46502, Workers: 4
[35.253s][debug][gc,phases      ] GC(89)   ResolvedMethodTable Weak       Min:  0.0, Avg:  0.0, Max:  0.0, Diff:  0.0, Sum:  0.1, Workers: 4
[35.253s][debug][gc,phases      ] GC(89)     Dead                           Min: 0, Avg:  0.0, Max: 0, Diff: 0, Sum: 0, Workers: 4
[35.253s][debug][gc,phases      ] GC(89)     Total                          Min: 1664, Avg: 1955.8, Max: 2448, Diff: 784, Sum: 7823, Workers: 4
[35.253s][debug][gc,phases      ] GC(89)   JNI Weak                       Min:  0.0, Avg:  0.0, Max:  0.0, Diff:  0.0, Sum:  0.0, Workers: 4
[35.253s][debug][gc,phases      ] GC(89)     Dead                           Min: 0, Avg:  0.0, Max: 0, Diff: 0, Sum: 0, Workers: 4
[35.253s][debug][gc,phases      ] GC(89)     Total                          Min: 0, Avg:  0.2, Max: 1, Diff: 1, Sum: 1, Workers: 4
[35.253s][debug][gc,phases      ] GC(89)   StringDedup Table Weak         Min:  0.0, Avg:  0.0, Max:  0.0, Diff:  0.0, Sum:  0.0, Workers: 4
[35.253s][debug][gc,phases      ] GC(89)     Dead                           Min: 0, Avg:  0.0, Max: 0, Diff: 0, Sum: 0, Workers: 4
[35.253s][debug][gc,phases      ] GC(89)     Total                          Min: 0, Avg:  0.0, Max: 0, Diff: 0, Sum: 0, Workers: 4
[35.253s][debug][gc,phases      ] GC(89)   StringDedup Requests0 Weak     Min:  0.0, Avg:  0.0, Max:  0.0, Diff:  0.0, Sum:  0.0, Workers: 4
[35.253s][debug][gc,phases      ] GC(89)     Dead                           Min: 0, Avg:  0.0, Max: 0, Diff: 0, Sum: 0, Workers: 4
[35.253s][debug][gc,phases      ] GC(89)     Total                          Min: 0, Avg:  0.0, Max: 0, Diff: 0, Sum: 0, Workers: 4
[35.253s][debug][gc,phases      ] GC(89)   StringDedup Requests1 Weak     Min:  0.0, Avg:  0.0, Max:  0.0, Diff:  0.0, Sum:  0.0, Workers: 4
[35.253s][debug][gc,phases      ] GC(89)     Dead                           Min: 0, Avg:  0.0, Max: 0, Diff: 0, Sum: 0, Workers: 4
[35.253s][debug][gc,phases      ] GC(89)     Total                          Min: 0, Avg:  0.0, Max: 0, Diff: 0, Sum: 0, Workers: 4
[35.253s][debug][gc,phases      ] GC(89)   Weak JFR Old Object Samples    Min:  0.0, Avg:  0.0, Max:  0.0, Diff:  0.0, Sum:  0.0, Workers: 4
[35.253s][debug][gc,phases      ] GC(89)     Dead                           Min: 0, Avg:  0.0, Max: 0, Diff: 0, Sum: 0, Workers: 4
[35.253s][debug][gc,phases      ] GC(89)     Total                          Min: 0, Avg:  0.0, Max: 0, Diff: 0, Sum: 0, Workers: 4
[35.253s][debug][gc,phases      ] GC(89) Weak Processing 0.261ms
[35.253s][debug][gc,age         ] GC(89) Desired survivor size 48234496 bytes, new threshold 15 (max threshold 15)
[35.253s][info ][gc,heap        ] GC(89) PSYoungGen: 2003808K(2048512K)->5184K(2047488K) Eden: 1998848K(1998848K)->0K(1998848K) From: 4960K(49664K)->5184K(48640K)
[35.253s][info ][gc,heap        ] GC(89) ParOldGen: 334628K(358912K)->334884K(358912K)
[35.253s][info ][gc,metaspace   ] GC(89) Metaspace: 77967K(78784K)->77967K(78784K) NonClass: 66782K(67200K)->66782K(67200K) Class: 11185K(11584K)->11185K(11584K)
[35.253s][info ][gc             ] GC(89) Pause Young (Allocation Failure) 2283M->332M(2350M) 3.252ms
[35.253s][info ][gc,cpu         ] GC(89) User=0.01s Sys=0.00s Real=0.00s
[35.253s][info ][safepoint      ] Safepoint "ParallelGCFailedAllocation", Time since last: 385556627 ns, Reaching safepoint: 125001 ns, At safepoint: 3334619 ns, Total: 3459620 ns
[35.613s][info ][gc,start       ] GC(90) Pause Young (Allocation Failure)
[35.615s][debug][gc,phases      ] GC(90) Scavenge 2.507ms
[35.615s][debug][gc,ref         ] GC(90) Skipped phase 1 of Reference Processing: no references
[35.615s][debug][gc,ref         ] GC(90) Skipped phase 2 of Reference Processing: no references
[35.615s][debug][gc,ref         ] GC(90) Skipped phase 3 of Reference Processing: no references
[35.615s][debug][gc,ref         ] GC(90) Skipped phase 4 of Reference Processing: no references
[35.616s][debug][gc,phases      ] GC(90) Reference Processing 0.018ms
[35.616s][debug][gc,phases      ] GC(90)   VM Weak                        Min:  0.0, Avg:  0.0, Max:  0.0, Diff:  0.0, Sum:  0.0, Workers: 4
[35.616s][debug][gc,phases      ] GC(90)     Dead                           Min: 0, Avg:  0.0, Max: 0, Diff: 0, Sum: 0, Workers: 4
[35.616s][debug][gc,phases      ] GC(90)     Total                          Min: 0, Avg: 157.8, Max: 503, Diff: 503, Sum: 631, Workers: 4
[35.616s][debug][gc,phases      ] GC(90)   ObjectSynchronizer Weak        Min:  0.0, Avg:  0.0, Max:  0.0, Diff:  0.0, Sum:  0.0, Workers: 4
[35.616s][debug][gc,phases      ] GC(90)     Dead                           Min: 0, Avg:  0.0, Max: 0, Diff: 0, Sum: 0, Workers: 4
[35.616s][debug][gc,phases      ] GC(90)     Total                          Min: 22, Avg: 117.5, Max: 192, Diff: 170, Sum: 470, Workers: 4
[35.616s][debug][gc,phases      ] GC(90)   JVMTI Tag Weak OopStorage      Min:  0.0, Avg:  0.0, Max:  0.0, Diff:  0.0, Sum:  0.0, Workers: 4
[35.616s][debug][gc,phases      ] GC(90)     Dead                           Min: 0, Avg:  0.0, Max: 0, Diff: 0, Sum: 0, Workers: 4
[35.616s][debug][gc,phases      ] GC(90)     Total                          Min: 0, Avg:  0.0, Max: 0, Diff: 0, Sum: 0, Workers: 4
[35.616s][debug][gc,phases      ] GC(90)   StringTable Weak               Min:  0.1, Avg:  0.1, Max:  0.1, Diff:  0.0, Sum:  0.3, Workers: 4
[35.616s][debug][gc,phases      ] GC(90)     Dead                           Min: 0, Avg:  0.0, Max: 0, Diff: 0, Sum: 0, Workers: 4
[35.616s][debug][gc,phases      ] GC(90)     Total                          Min: 8640, Avg: 11625.5, Max: 15078, Diff: 6438, Sum: 46502, Workers: 4
[35.616s][debug][gc,phases      ] GC(90)   ResolvedMethodTable Weak       Min:  0.0, Avg:  0.0, Max:  0.0, Diff:  0.0, Sum:  0.1, Workers: 4
[35.616s][debug][gc,phases      ] GC(90)     Dead                           Min: 0, Avg:  0.0, Max: 0, Diff: 0, Sum: 0, Workers: 4
[35.616s][debug][gc,phases      ] GC(90)     Total                          Min: 1536, Avg: 1955.8, Max: 2320, Diff: 784, Sum: 7823, Workers: 4
[35.616s][debug][gc,phases      ] GC(90)   JNI Weak                       Min:  0.0, Avg:  0.0, Max:  0.0, Diff:  0.0, Sum:  0.0, Workers: 4
[35.616s][debug][gc,phases      ] GC(90)     Dead                           Min: 0, Avg:  0.0, Max: 0, Diff: 0, Sum: 0, Workers: 4
[35.616s][debug][gc,phases      ] GC(90)     Total                          Min: 0, Avg:  0.0, Max: 0, Diff: 0, Sum: 0, Workers: 4
[35.616s][debug][gc,phases      ] GC(90)   StringDedup Table Weak         Min:  0.0, Avg:  0.0, Max:  0.0, Diff:  0.0, Sum:  0.0, Workers: 4
[35.616s][debug][gc,phases      ] GC(90)     Dead                           Min: 0, Avg:  0.0, Max: 0, Diff: 0, Sum: 0, Workers: 4
[35.616s][debug][gc,phases      ] GC(90)     Total                          Min: 0, Avg:  0.0, Max: 0, Diff: 0, Sum: 0, Workers: 4
[35.616s][debug][gc,phases      ] GC(90)   StringDedup Requests0 Weak     Min:  0.0, Avg:  0.0, Max:  0.0, Diff:  0.0, Sum:  0.0, Workers: 4
[35.616s][debug][gc,phases      ] GC(90)     Dead                           Min: 0, Avg:  0.0, Max: 0, Diff: 0, Sum: 0, Workers: 4
[35.616s][debug][gc,phases      ] GC(90)     Total                          Min: 0, Avg:  0.0, Max: 0, Diff: 0, Sum: 0, Workers: 4
[35.616s][debug][gc,phases      ] GC(90)   StringDedup Requests1 Weak     Min:  0.0, Avg:  0.0, Max:  0.0, Diff:  0.0, Sum:  0.0, Workers: 4
[35.616s][debug][gc,phases      ] GC(90)     Dead                           Min: 0, Avg:  0.0, Max: 0, Diff: 0, Sum: 0, Workers: 4
[35.616s][debug][gc,phases      ] GC(90)     Total                          Min: 0, Avg:  0.0, Max: 0, Diff: 0, Sum: 0, Workers: 4
[35.616s][debug][gc,phases      ] GC(90)   Weak JFR Old Object Samples    Min:  0.0, Avg:  0.0, Max:  0.0, Diff:  0.0, Sum:  0.0, Workers: 4
[35.616s][debug][gc,phases      ] GC(90)     Dead                           Min: 0, Avg:  0.0, Max: 0, Diff: 0, Sum: 0, Workers: 4
[35.616s][debug][gc,phases      ] GC(90)     Total                          Min: 0, Avg:  0.0, Max: 0, Diff: 0, Sum: 0, Workers: 4
[35.616s][debug][gc,phases      ] GC(90) Weak Processing 0.283ms
[35.616s][debug][gc,age         ] GC(90) Desired survivor size 46661632 bytes, new threshold 15 (max threshold 15)
[35.616s][info ][gc,heap        ] GC(90) PSYoungGen: 2004032K(2047488K)->5504K(2051584K) Eden: 1998848K(1998848K)->0K(2004480K) From: 5184K(48640K)->5504K(47104K)
[35.616s][info ][gc,heap        ] GC(90) ParOldGen: 334884K(358912K)->335132K(358912K)
[35.616s][info ][gc,metaspace   ] GC(90) Metaspace: 77974K(78848K)->77974K(78848K) NonClass: 66788K(67264K)->66788K(67264K) Class: 11185K(11584K)->11185K(11584K)
[35.616s][info ][gc             ] GC(90) Pause Young (Allocation Failure) 2284M->332M(2354M) 2.910ms
[35.616s][info ][gc,cpu         ] GC(90) User=0.02s Sys=0.00s Real=0.00s
[35.616s][info ][safepoint      ] Safepoint "ParallelGCFailedAllocation", Time since last: 360019186 ns, Reaching safepoint: 132601 ns, At safepoint: 3006316 ns, Total: 3138917 ns
[35.997s][info ][gc,start       ] GC(91) Pause Young (Allocation Failure)
[36.000s][debug][gc,phases      ] GC(91) Scavenge 2.689ms
[36.000s][debug][gc,ref         ] GC(91) Skipped phase 1 of Reference Processing: no references
[36.000s][debug][gc,ref         ] GC(91) Skipped phase 2 of Reference Processing: no references
[36.000s][debug][gc,ref         ] GC(91) Skipped phase 3 of Reference Processing: no references
[36.000s][debug][gc,ref         ] GC(91) Skipped phase 4 of Reference Processing: no references
[36.000s][debug][gc,phases      ] GC(91) Reference Processing 0.020ms
[36.000s][debug][gc,phases      ] GC(91)   VM Weak                        Min:  0.0, Avg:  0.0, Max:  0.0, Diff:  0.0, Sum:  0.0, Workers: 4
[36.000s][debug][gc,phases      ] GC(91)     Dead                           Min: 0, Avg:  0.0, Max: 0, Diff: 0, Sum: 0, Workers: 4
[36.000s][debug][gc,phases      ] GC(91)     Total                          Min: 0, Avg: 157.8, Max: 256, Diff: 256, Sum: 631, Workers: 4
[36.000s][debug][gc,phases      ] GC(91)   ObjectSynchronizer Weak        Min:  0.0, Avg:  0.0, Max:  0.0, Diff:  0.0, Sum:  0.0, Workers: 4
[36.000s][debug][gc,phases      ] GC(91)     Dead                           Min: 0, Avg:  0.0, Max: 0, Diff: 0, Sum: 0, Workers: 4
[36.000s][debug][gc,phases      ] GC(91)     Total                          Min: 0, Avg: 117.5, Max: 192, Diff: 192, Sum: 470, Workers: 4
[36.000s][debug][gc,phases      ] GC(91)   JVMTI Tag Weak OopStorage      Min:  0.0, Avg:  0.0, Max:  0.0, Diff:  0.0, Sum:  0.0, Workers: 4
[36.000s][debug][gc,phases      ] GC(91)     Dead                           Min: 0, Avg:  0.0, Max: 0, Diff: 0, Sum: 0, Workers: 4
[36.000s][debug][gc,phases      ] GC(91)     Total                          Min: 0, Avg:  0.0, Max: 0, Diff: 0, Sum: 0, Workers: 4
[36.000s][debug][gc,phases      ] GC(91)   StringTable Weak               Min:  0.1, Avg:  0.1, Max:  0.1, Diff:  0.0, Sum:  0.4, Workers: 4
[36.000s][debug][gc,phases      ] GC(91)     Dead                           Min: 0, Avg:  0.0, Max: 0, Diff: 0, Sum: 0, Workers: 4
[36.000s][debug][gc,phases      ] GC(91)     Total                          Min: 9984, Avg: 11629.0, Max: 15988, Diff: 6004, Sum: 46516, Workers: 4
[36.000s][debug][gc,phases      ] GC(91)   ResolvedMethodTable Weak       Min:  0.0, Avg:  0.0, Max:  0.0, Diff:  0.0, Sum:  0.1, Workers: 4
[36.000s][debug][gc,phases      ] GC(91)     Dead                           Min: 0, Avg:  0.0, Max: 0, Diff: 0, Sum: 0, Workers: 4
[36.000s][debug][gc,phases      ] GC(91)     Total                          Min: 1664, Avg: 1955.8, Max: 2576, Diff: 912, Sum: 7823, Workers: 4
[36.000s][debug][gc,phases      ] GC(91)   JNI Weak                       Min:  0.0, Avg:  0.0, Max:  0.0, Diff:  0.0, Sum:  0.0, Workers: 4
[36.000s][debug][gc,phases      ] GC(91)     Dead                           Min: 0, Avg:  0.0, Max: 0, Diff: 0, Sum: 0, Workers: 4
[36.000s][debug][gc,phases      ] GC(91)     Total                          Min: 0, Avg:  1.2, Max: 5, Diff: 5, Sum: 5, Workers: 4
[36.000s][debug][gc,phases      ] GC(91)   StringDedup Table Weak         Min:  0.0, Avg:  0.0, Max:  0.0, Diff:  0.0, Sum:  0.0, Workers: 4
[36.000s][debug][gc,phases      ] GC(91)     Dead                           Min: 0, Avg:  0.0, Max: 0, Diff: 0, Sum: 0, Workers: 4
[36.000s][debug][gc,phases      ] GC(91)     Total                          Min: 0, Avg:  0.0, Max: 0, Diff: 0, Sum: 0, Workers: 4
[36.000s][debug][gc,phases      ] GC(91)   StringDedup Requests0 Weak     Min:  0.0, Avg:  0.0, Max:  0.0, Diff:  0.0, Sum:  0.0, Workers: 4
[36.000s][debug][gc,phases      ] GC(91)     Dead                           Min: 0, Avg:  0.0, Max: 0, Diff: 0, Sum: 0, Workers: 4
[36.000s][debug][gc,phases      ] GC(91)     Total                          Min: 0, Avg:  0.0, Max: 0, Diff: 0, Sum: 0, Workers: 4
[36.000s][debug][gc,phases      ] GC(91)   StringDedup Requests1 Weak     Min:  0.0, Avg:  0.0, Max:  0.0, Diff:  0.0, Sum:  0.0, Workers: 4
[36.000s][debug][gc,phases      ] GC(91)     Dead                           Min: 0, Avg:  0.0, Max: 0, Diff: 0, Sum: 0, Workers: 4
[36.000s][debug][gc,phases      ] GC(91)     Total                          Min: 0, Avg:  0.0, Max: 0, Diff: 0, Sum: 0, Workers: 4
[36.000s][debug][gc,phases      ] GC(91)   Weak JFR Old Object Samples    Min:  0.0, Avg:  0.0, Max:  0.0, Diff:  0.0, Sum:  0.0, Workers: 4
[36.000s][debug][gc,phases      ] GC(91)     Dead                           Min: 0, Avg:  0.0, Max: 0, Diff: 0, Sum: 0, Workers: 4
[36.000s][debug][gc,phases      ] GC(91)     Total                          Min: 0, Avg:  0.0, Max: 0, Diff: 0, Sum: 0, Workers: 4
[36.000s][debug][gc,phases      ] GC(91) Weak Processing 0.274ms
[36.000s][debug][gc,age         ] GC(91) Desired survivor size 44564480 bytes, new threshold 15 (max threshold 15)
[36.000s][info ][gc,heap        ] GC(91) PSYoungGen: 2009984K(2051584K)->5856K(2050048K) Eden: 2004480K(2004480K)->0K(2004480K) From: 5504K(47104K)->5856K(45568K)
[36.000s][info ][gc,heap        ] GC(91) ParOldGen: 335132K(358912K)->335380K(358912K)
[36.000s][info ][gc,metaspace   ] GC(91) Metaspace: 78026K(78848K)->78026K(78848K) NonClass: 66841K(67264K)->66841K(67264K) Class: 11185K(11584K)->11185K(11584K)
[36.000s][info ][gc             ] GC(91) Pause Young (Allocation Failure) 2290M->333M(2352M) 3.083ms
[36.000s][info ][gc,cpu         ] GC(91) User=0.01s Sys=0.00s Real=0.00s
[36.000s][info ][safepoint      ] Safepoint "ParallelGCFailedAllocation", Time since last: 381125102 ns, Reaching safepoint: 120401 ns, At safepoint: 3176617 ns, Total: 3297018 ns
[36.386s][info ][gc,start       ] GC(92) Pause Young (Allocation Failure)
[36.389s][debug][gc,phases      ] GC(92) Scavenge 2.511ms
[36.389s][debug][gc,ref         ] GC(92) Skipped phase 1 of Reference Processing: no references
[36.389s][debug][gc,ref         ] GC(92) Skipped phase 2 of Reference Processing: no references
[36.389s][debug][gc,ref         ] GC(92) Skipped phase 3 of Reference Processing: no references
[36.389s][debug][gc,ref         ] GC(92) Skipped phase 4 of Reference Processing: no references
[36.389s][debug][gc,phases      ] GC(92) Reference Processing 0.018ms
[36.389s][debug][gc,phases      ] GC(92)   VM Weak                        Min:  0.0, Avg:  0.0, Max:  0.0, Diff:  0.0, Sum:  0.0, Workers: 4
[36.389s][debug][gc,phases      ] GC(92)     Dead                           Min: 0, Avg:  0.0, Max: 0, Diff: 0, Sum: 0, Workers: 4
[36.389s][debug][gc,phases      ] GC(92)     Total                          Min: 0, Avg: 157.8, Max: 567, Diff: 567, Sum: 631, Workers: 4
[36.389s][debug][gc,phases      ] GC(92)   ObjectSynchronizer Weak        Min:  0.0, Avg:  0.0, Max:  0.0, Diff:  0.0, Sum:  0.0, Workers: 4
[36.389s][debug][gc,phases      ] GC(92)     Dead                           Min: 0, Avg:  0.0, Max: 0, Diff: 0, Sum: 0, Workers: 4
[36.389s][debug][gc,phases      ] GC(92)     Total                          Min: 0, Avg: 117.5, Max: 256, Diff: 256, Sum: 470, Workers: 4
[36.389s][debug][gc,phases      ] GC(92)   JVMTI Tag Weak OopStorage      Min:  0.0, Avg:  0.0, Max:  0.0, Diff:  0.0, Sum:  0.0, Workers: 4
[36.389s][debug][gc,phases      ] GC(92)     Dead                           Min: 0, Avg:  0.0, Max: 0, Diff: 0, Sum: 0, Workers: 4
[36.389s][debug][gc,phases      ] GC(92)     Total                          Min: 0, Avg:  0.0, Max: 0, Diff: 0, Sum: 0, Workers: 4
[36.389s][debug][gc,phases      ] GC(92)   StringTable Weak               Min:  0.1, Avg:  0.1, Max:  0.1, Diff:  0.0, Sum:  0.3, Workers: 4
[36.389s][debug][gc,phases      ] GC(92)     Dead                           Min: 0, Avg:  0.0, Max: 0, Diff: 0, Sum: 0, Workers: 4
[36.389s][debug][gc,phases      ] GC(92)     Total                          Min: 11008, Avg: 11630.0, Max: 12408, Diff: 1400, Sum: 46520, Workers: 4
[36.389s][debug][gc,phases      ] GC(92)   ResolvedMethodTable Weak       Min:  0.0, Avg:  0.0, Max:  0.0, Diff:  0.0, Sum:  0.0, Workers: 4
[36.389s][debug][gc,phases      ] GC(92)     Dead                           Min: 0, Avg:  0.0, Max: 0, Diff: 0, Sum: 0, Workers: 4
[36.389s][debug][gc,phases      ] GC(92)     Total                          Min: 1856, Avg: 1955.8, Max: 2128, Diff: 272, Sum: 7823, Workers: 4
[36.389s][debug][gc,phases      ] GC(92)   JNI Weak                       Min:  0.0, Avg:  0.0, Max:  0.0, Diff:  0.0, Sum:  0.0, Workers: 4
[36.389s][debug][gc,phases      ] GC(92)     Dead                           Min: 0, Avg:  0.0, Max: 0, Diff: 0, Sum: 0, Workers: 4
[36.389s][debug][gc,phases      ] GC(92)     Total                          Min: 0, Avg:  0.0, Max: 0, Diff: 0, Sum: 0, Workers: 4
[36.389s][debug][gc,phases      ] GC(92)   StringDedup Table Weak         Min:  0.0, Avg:  0.0, Max:  0.0, Diff:  0.0, Sum:  0.0, Workers: 4
[36.389s][debug][gc,phases      ] GC(92)     Dead                           Min: 0, Avg:  0.0, Max: 0, Diff: 0, Sum: 0, Workers: 4
[36.389s][debug][gc,phases      ] GC(92)     Total                          Min: 0, Avg:  0.0, Max: 0, Diff: 0, Sum: 0, Workers: 4
[36.389s][debug][gc,phases      ] GC(92)   StringDedup Requests0 Weak     Min:  0.0, Avg:  0.0, Max:  0.0, Diff:  0.0, Sum:  0.0, Workers: 4
[36.389s][debug][gc,phases      ] GC(92)     Dead                           Min: 0, Avg:  0.0, Max: 0, Diff: 0, Sum: 0, Workers: 4
[36.389s][debug][gc,phases      ] GC(92)     Total                          Min: 0, Avg:  0.0, Max: 0, Diff: 0, Sum: 0, Workers: 4
[36.389s][debug][gc,phases      ] GC(92)   StringDedup Requests1 Weak     Min:  0.0, Avg:  0.0, Max:  0.0, Diff:  0.0, Sum:  0.0, Workers: 4
[36.389s][debug][gc,phases      ] GC(92)     Dead                           Min: 0, Avg:  0.0, Max: 0, Diff: 0, Sum: 0, Workers: 4
[36.389s][debug][gc,phases      ] GC(92)     Total                          Min: 0, Avg:  0.0, Max: 0, Diff: 0, Sum: 0, Workers: 4
[36.389s][debug][gc,phases      ] GC(92)   Weak JFR Old Object Samples    Min:  0.0, Avg:  0.0, Max:  0.0, Diff:  0.0, Sum:  0.0, Workers: 4
[36.389s][debug][gc,phases      ] GC(92)     Dead                           Min: 0, Avg:  0.0, Max: 0, Diff: 0, Sum: 0, Workers: 4
[36.389s][debug][gc,phases      ] GC(92)     Total                          Min: 0, Avg:  0.0, Max: 0, Diff: 0, Sum: 0, Workers: 4
[36.389s][debug][gc,phases      ] GC(92) Weak Processing 0.251ms
[36.389s][debug][gc,age         ] GC(92) Desired survivor size 42991616 bytes, new threshold 15 (max threshold 15)
[36.389s][info ][gc,heap        ] GC(92) PSYoungGen: 2010336K(2050048K)->6336K(2055168K) Eden: 2004480K(2004480K)->0K(2011648K) From: 5856K(45568K)->6336K(43520K)
[36.389s][info ][gc,heap        ] GC(92) ParOldGen: 335380K(358912K)->335660K(358912K)
[36.389s][info ][gc,metaspace   ] GC(92) Metaspace: 78031K(78848K)->78031K(78848K) NonClass: 66846K(67264K)->66846K(67264K) Class: 11185K(11584K)->11185K(11584K)
[36.389s][info ][gc             ] GC(92) Pause Young (Allocation Failure) 2290M->333M(2357M) 2.869ms
[36.389s][info ][gc,cpu         ] GC(92) User=0.01s Sys=0.00s Real=0.00s
[36.389s][info ][safepoint      ] Safepoint "ParallelGCFailedAllocation", Time since last: 385607927 ns, Reaching safepoint: 112701 ns, At safepoint: 2953716 ns, Total: 3066417 ns
[36.820s][info ][gc,start       ] GC(93) Pause Young (Allocation Failure)
[36.824s][debug][gc,phases      ] GC(93) Scavenge 4.007ms
[36.824s][debug][gc,ref         ] GC(93) Skipped phase 1 of Reference Processing: no references
[36.824s][debug][gc,ref         ] GC(93) Skipped phase 2 of Reference Processing: no references
[36.824s][debug][gc,ref         ] GC(93) Skipped phase 3 of Reference Processing: no references
[36.824s][debug][gc,ref         ] GC(93) Skipped phase 4 of Reference Processing: no references
[36.824s][debug][gc,phases      ] GC(93) Reference Processing 0.020ms
[36.824s][debug][gc,phases      ] GC(93)   VM Weak                        Min:  0.0, Avg:  0.0, Max:  0.0, Diff:  0.0, Sum:  0.0, Workers: 4
[36.824s][debug][gc,phases      ] GC(93)     Dead                           Min: 0, Avg:  0.0, Max: 0, Diff: 0, Sum: 0, Workers: 4
[36.824s][debug][gc,phases      ] GC(93)     Total                          Min: 0, Avg: 157.8, Max: 320, Diff: 320, Sum: 631, Workers: 4
[36.824s][debug][gc,phases      ] GC(93)   ObjectSynchronizer Weak        Min:  0.0, Avg:  0.0, Max:  0.0, Diff:  0.0, Sum:  0.0, Workers: 4
[36.824s][debug][gc,phases      ] GC(93)     Dead                           Min: 0, Avg:  0.0, Max: 0, Diff: 0, Sum: 0, Workers: 4
[36.824s][debug][gc,phases      ] GC(93)     Total                          Min: 0, Avg: 118.0, Max: 192, Diff: 192, Sum: 472, Workers: 4
[36.824s][debug][gc,phases      ] GC(93)   JVMTI Tag Weak OopStorage      Min:  0.0, Avg:  0.0, Max:  0.0, Diff:  0.0, Sum:  0.0, Workers: 4
[36.824s][debug][gc,phases      ] GC(93)     Dead                           Min: 0, Avg:  0.0, Max: 0, Diff: 0, Sum: 0, Workers: 4
[36.824s][debug][gc,phases      ] GC(93)     Total                          Min: 0, Avg:  0.0, Max: 0, Diff: 0, Sum: 0, Workers: 4
[36.824s][debug][gc,phases      ] GC(93)   StringTable Weak               Min:  0.1, Avg:  0.1, Max:  0.1, Diff:  0.0, Sum:  0.4, Workers: 4
[36.824s][debug][gc,phases      ] GC(93)     Dead                           Min: 0, Avg:  0.0, Max: 0, Diff: 0, Sum: 0, Workers: 4
[36.824s][debug][gc,phases      ] GC(93)     Total                          Min: 11264, Avg: 11635.5, Max: 11968, Diff: 704, Sum: 46542, Workers: 4
[36.824s][debug][gc,phases      ] GC(93)   ResolvedMethodTable Weak       Min:  0.0, Avg:  0.0, Max:  0.0, Diff:  0.0, Sum:  0.1, Workers: 4
[36.824s][debug][gc,phases      ] GC(93)     Dead                           Min: 0, Avg:  0.0, Max: 0, Diff: 0, Sum: 0, Workers: 4
[36.824s][debug][gc,phases      ] GC(93)     Total                          Min: 1215, Avg: 1955.8, Max: 2320, Diff: 1105, Sum: 7823, Workers: 4
[36.824s][debug][gc,phases      ] GC(93)   JNI Weak                       Min:  0.0, Avg:  0.0, Max:  0.0, Diff:  0.0, Sum:  0.0, Workers: 4
[36.824s][debug][gc,phases      ] GC(93)     Dead                           Min: 0, Avg:  0.0, Max: 0, Diff: 0, Sum: 0, Workers: 4
[36.824s][debug][gc,phases      ] GC(93)     Total                          Min: 0, Avg:  0.0, Max: 0, Diff: 0, Sum: 0, Workers: 4
[36.824s][debug][gc,phases      ] GC(93)   StringDedup Table Weak         Min:  0.0, Avg:  0.0, Max:  0.0, Diff:  0.0, Sum:  0.0, Workers: 4
[36.824s][debug][gc,phases      ] GC(93)     Dead                           Min: 0, Avg:  0.0, Max: 0, Diff: 0, Sum: 0, Workers: 4
[36.824s][debug][gc,phases      ] GC(93)     Total                          Min: 0, Avg:  0.0, Max: 0, Diff: 0, Sum: 0, Workers: 4
[36.824s][debug][gc,phases      ] GC(93)   StringDedup Requests0 Weak     Min:  0.0, Avg:  0.0, Max:  0.0, Diff:  0.0, Sum:  0.0, Workers: 4
[36.824s][debug][gc,phases      ] GC(93)     Dead                           Min: 0, Avg:  0.0, Max: 0, Diff: 0, Sum: 0, Workers: 4
[36.824s][debug][gc,phases      ] GC(93)     Total                          Min: 0, Avg:  0.0, Max: 0, Diff: 0, Sum: 0, Workers: 4
[36.824s][debug][gc,phases      ] GC(93)   StringDedup Requests1 Weak     Min:  0.0, Avg:  0.0, Max:  0.0, Diff:  0.0, Sum:  0.0, Workers: 4
[36.824s][debug][gc,phases      ] GC(93)     Dead                           Min: 0, Avg:  0.0, Max: 0, Diff: 0, Sum: 0, Workers: 4
[36.824s][debug][gc,phases      ] GC(93)     Total                          Min: 0, Avg:  0.0, Max: 0, Diff: 0, Sum: 0, Workers: 4
[36.824s][debug][gc,phases      ] GC(93)   Weak JFR Old Object Samples    Min:  0.0, Avg:  0.0, Max:  0.0, Diff:  0.0, Sum:  0.0, Workers: 4
[36.824s][debug][gc,phases      ] GC(93)     Dead                           Min: 0, Avg:  0.0, Max: 0, Diff: 0, Sum: 0, Workers: 4
[36.824s][debug][gc,phases      ] GC(93)     Total                          Min: 0, Avg:  0.0, Max: 0, Diff: 0, Sum: 0, Workers: 4
[36.824s][debug][gc,phases      ] GC(93) Weak Processing 0.281ms
[36.824s][debug][gc,age         ] GC(93) Desired survivor size 40894464 bytes, new threshold 15 (max threshold 15)
[36.824s][info ][gc,heap        ] GC(93) PSYoungGen: 2017984K(2055168K)->7296K(2053632K) Eden: 2011648K(2011648K)->0K(2011648K) From: 6336K(43520K)->7296K(41984K)
[36.824s][info ][gc,heap        ] GC(93) ParOldGen: 335660K(358912K)->335988K(358912K)
[36.824s][info ][gc,metaspace   ] GC(93) Metaspace: 78040K(78848K)->78040K(78848K) NonClass: 66854K(67264K)->66854K(67264K) Class: 11185K(11584K)->11185K(11584K)
[36.824s][info ][gc             ] GC(93) Pause Young (Allocation Failure) 2298M->335M(2356M) 4.415ms
[36.824s][info ][gc,cpu         ] GC(93) User=0.01s Sys=0.00s Real=0.01s
[36.825s][info ][safepoint      ] Safepoint "ParallelGCFailedAllocation", Time since last: 430937877 ns, Reaching safepoint: 122700 ns, At safepoint: 4501525 ns, Total: 4624225 ns
[37.825s][info ][safepoint      ] Safepoint "Cleanup", Time since last: 1000095214 ns, Reaching safepoint: 62100 ns, At safepoint: 12400 ns, Total: 74500 ns
[38.825s][info ][safepoint      ] Safepoint "Cleanup", Time since last: 1000109912 ns, Reaching safepoint: 74701 ns, At safepoint: 9200 ns, Total: 83901 ns
[39.825s][info ][safepoint      ] Safepoint "Cleanup", Time since last: 1000111310 ns, Reaching safepoint: 73701 ns, At safepoint: 13900 ns, Total: 87601 ns
[40.825s][info ][safepoint      ] Safepoint "Cleanup", Time since last: 1000097008 ns, Reaching safepoint: 63601 ns, At safepoint: 5600 ns, Total: 69201 ns
[41.825s][info ][safepoint      ] Safepoint "Cleanup", Time since last: 1000073406 ns, Reaching safepoint: 50500 ns, At safepoint: 7401 ns, Total: 57901 ns
[42.826s][info ][safepoint      ] Safepoint "Cleanup", Time since last: 1000093404 ns, Reaching safepoint: 79401 ns, At safepoint: 8300 ns, Total: 87701 ns
[43.826s][info ][safepoint      ] Safepoint "Cleanup", Time since last: 1000105603 ns, Reaching safepoint: 61401 ns, At safepoint: 7900 ns, Total: 69301 ns
[44.826s][info ][safepoint      ] Safepoint "Cleanup", Time since last: 1000104001 ns, Reaching safepoint: 61600 ns, At safepoint: 8000 ns, Total: 69600 ns
[45.826s][info ][safepoint      ] Safepoint "Cleanup", Time since last: 1000099900 ns, Reaching safepoint: 52000 ns, At safepoint: 6700 ns, Total: 58700 ns
[46.826s][info ][safepoint      ] Safepoint "Cleanup", Time since last: 1000094598 ns, Reaching safepoint: 54101 ns, At safepoint: 5500 ns, Total: 59601 ns
[47.826s][info ][safepoint      ] Safepoint "Cleanup", Time since last: 1000095396 ns, Reaching safepoint: 51300 ns, At safepoint: 7900 ns, Total: 59200 ns
[48.827s][info ][safepoint      ] Safepoint "Cleanup", Time since last: 1000098795 ns, Reaching safepoint: 77500 ns, At safepoint: 5600 ns, Total: 83100 ns
[49.827s][info ][safepoint      ] Safepoint "Cleanup", Time since last: 1000104893 ns, Reaching safepoint: 67100 ns, At safepoint: 8300 ns, Total: 75400 ns
[50.827s][info ][safepoint      ] Safepoint "Cleanup", Time since last: 1000077391 ns, Reaching safepoint: 66700 ns, At safepoint: 5200 ns, Total: 71900 ns
[51.561s][info ][safepoint      ] Safepoint "ICBufferFull", Time since last: 733630627 ns, Reaching safepoint: 162501 ns, At safepoint: 10200 ns, Total: 172701 ns
[52.807s][info ][safepoint      ] Safepoint "ICBufferFull", Time since last: 1246093638 ns, Reaching safepoint: 162001 ns, At safepoint: 14100 ns, Total: 176101 ns
[53.807s][info ][safepoint      ] Safepoint "Cleanup", Time since last: 1000115286 ns, Reaching safepoint: 182101 ns, At safepoint: 14500 ns, Total: 196601 ns
[54.808s][info ][safepoint      ] Safepoint "Cleanup", Time since last: 1000101084 ns, Reaching safepoint: 184601 ns, At safepoint: 7500 ns, Total: 192101 ns
[55.808s][info ][safepoint      ] Safepoint "Cleanup", Time since last: 1000102782 ns, Reaching safepoint: 124501 ns, At safepoint: 9300 ns, Total: 133801 ns
[56.808s][info ][safepoint      ] Safepoint "Cleanup", Time since last: 1000094780 ns, Reaching safepoint: 65301 ns, At safepoint: 7800 ns, Total: 73101 ns
[58.132s][info ][safepoint      ] Safepoint "Cleanup", Time since last: 1323788551 ns, Reaching safepoint: 171101 ns, At safepoint: 8600 ns, Total: 179701 ns
[59.132s][info ][safepoint      ] Safepoint "Cleanup", Time since last: 1000072577 ns, Reaching safepoint: 111901 ns, At safepoint: 7400 ns, Total: 119301 ns
[60.132s][info ][safepoint      ] Safepoint "Cleanup", Time since last: 1000098975 ns, Reaching safepoint: 90700 ns, At safepoint: 10500 ns, Total: 101200 ns
[61.133s][info ][safepoint      ] Safepoint "Cleanup", Time since last: 1000098673 ns, Reaching safepoint: 78101 ns, At safepoint: 3000 ns, Total: 81101 ns
[62.133s][info ][safepoint      ] Safepoint "Cleanup", Time since last: 1000100171 ns, Reaching safepoint: 102801 ns, At safepoint: 7800 ns, Total: 110601 ns
[63.133s][info ][safepoint      ] Safepoint "Cleanup", Time since last: 1000102170 ns, Reaching safepoint: 56300 ns, At safepoint: 5100 ns, Total: 61400 ns
[63.745s][info ][gc,start       ] GC(94) Pause Young (Allocation Failure)
[63.757s][debug][gc,phases      ] GC(94) Scavenge 12.010ms
[63.757s][debug][gc,ref         ] GC(94) Skipped phase 1 of Reference Processing: no references
[63.757s][debug][gc,ref         ] GC(94) ReferenceProcessor::execute queues: 1, RefProcThreadModel::Single, marks_oops_alive: false
[63.757s][debug][gc,ref         ] GC(94) Skipped phase 3 of Reference Processing: no references
[63.757s][debug][gc,ref         ] GC(94) ReferenceProcessor::execute queues: 1, RefProcThreadModel::Single, marks_oops_alive: false
[63.757s][debug][gc,phases      ] GC(94) Reference Processing 0.117ms
[63.757s][debug][gc,phases      ] GC(94)   VM Weak                        Min:  0.0, Avg:  0.0, Max:  0.0, Diff:  0.0, Sum:  0.0, Workers: 4
[63.757s][debug][gc,phases      ] GC(94)     Dead                           Min: 0, Avg:  0.0, Max: 0, Diff: 0, Sum: 0, Workers: 4
[63.757s][debug][gc,phases      ] GC(94)     Total                          Min: 0, Avg: 158.8, Max: 571, Diff: 571, Sum: 635, Workers: 4
[63.757s][debug][gc,phases      ] GC(94)   ObjectSynchronizer Weak        Min:  0.0, Avg:  0.0, Max:  0.0, Diff:  0.0, Sum:  0.0, Workers: 4
[63.757s][debug][gc,phases      ] GC(94)     Dead                           Min: 0, Avg:  0.2, Max: 1, Diff: 1, Sum: 1, Workers: 4
[63.757s][debug][gc,phases      ] GC(94)     Total                          Min: 0, Avg: 119.0, Max: 284, Diff: 284, Sum: 476, Workers: 4
[63.757s][debug][gc,phases      ] GC(94)   JVMTI Tag Weak OopStorage      Min:  0.0, Avg:  0.0, Max:  0.0, Diff:  0.0, Sum:  0.0, Workers: 4
[63.757s][debug][gc,phases      ] GC(94)     Dead                           Min: 0, Avg:  0.0, Max: 0, Diff: 0, Sum: 0, Workers: 4
[63.757s][debug][gc,phases      ] GC(94)     Total                          Min: 0, Avg:  0.0, Max: 0, Diff: 0, Sum: 0, Workers: 4
[63.757s][debug][gc,phases      ] GC(94)   StringTable Weak               Min:  0.1, Avg:  0.1, Max:  0.1, Diff:  0.0, Sum:  0.4, Workers: 4
[63.757s][debug][gc,phases      ] GC(94)     Dead                           Min: 0, Avg:  0.8, Max: 2, Diff: 2, Sum: 3, Workers: 4
[63.757s][debug][gc,phases      ] GC(94)     Total                          Min: 9088, Avg: 11777.5, Max: 14406, Diff: 5318, Sum: 47110, Workers: 4
[63.757s][debug][gc,phases      ] GC(94)   ResolvedMethodTable Weak       Min:  0.0, Avg:  0.0, Max:  0.0, Diff:  0.0, Sum:  0.1, Workers: 4
[63.757s][debug][gc,phases      ] GC(94)     Dead                           Min: 0, Avg:  0.0, Max: 0, Diff: 0, Sum: 0, Workers: 4
[63.757s][debug][gc,phases      ] GC(94)     Total                          Min: 1600, Avg: 1973.8, Max: 2367, Diff: 767, Sum: 7895, Workers: 4
[63.757s][debug][gc,phases      ] GC(94)   JNI Weak                       Min:  0.0, Avg:  0.0, Max:  0.0, Diff:  0.0, Sum:  0.0, Workers: 4
[63.757s][debug][gc,phases      ] GC(94)     Dead                           Min: 0, Avg:  0.0, Max: 0, Diff: 0, Sum: 0, Workers: 4
[63.757s][debug][gc,phases      ] GC(94)     Total                          Min: 0, Avg:  0.0, Max: 0, Diff: 0, Sum: 0, Workers: 4
[63.757s][debug][gc,phases      ] GC(94)   StringDedup Table Weak         Min:  0.0, Avg:  0.0, Max:  0.0, Diff:  0.0, Sum:  0.0, Workers: 4
[63.757s][debug][gc,phases      ] GC(94)     Dead                           Min: 0, Avg:  0.0, Max: 0, Diff: 0, Sum: 0, Workers: 4
[63.757s][debug][gc,phases      ] GC(94)     Total                          Min: 0, Avg:  0.0, Max: 0, Diff: 0, Sum: 0, Workers: 4
[63.757s][debug][gc,phases      ] GC(94)   StringDedup Requests0 Weak     Min:  0.0, Avg:  0.0, Max:  0.0, Diff:  0.0, Sum:  0.0, Workers: 4
[63.757s][debug][gc,phases      ] GC(94)     Dead                           Min: 0, Avg:  0.0, Max: 0, Diff: 0, Sum: 0, Workers: 4
[63.757s][debug][gc,phases      ] GC(94)     Total                          Min: 0, Avg:  0.0, Max: 0, Diff: 0, Sum: 0, Workers: 4
[63.757s][debug][gc,phases      ] GC(94)   StringDedup Requests1 Weak     Min:  0.0, Avg:  0.0, Max:  0.0, Diff:  0.0, Sum:  0.0, Workers: 4
[63.757s][debug][gc,phases      ] GC(94)     Dead                           Min: 0, Avg:  0.0, Max: 0, Diff: 0, Sum: 0, Workers: 4
[63.757s][debug][gc,phases      ] GC(94)     Total                          Min: 0, Avg:  0.0, Max: 0, Diff: 0, Sum: 0, Workers: 4
[63.757s][debug][gc,phases      ] GC(94)   Weak JFR Old Object Samples    Min:  0.0, Avg:  0.0, Max:  0.0, Diff:  0.0, Sum:  0.0, Workers: 4
[63.757s][debug][gc,phases      ] GC(94)     Dead                           Min: 0, Avg:  0.0, Max: 0, Diff: 0, Sum: 0, Workers: 4
[63.757s][debug][gc,phases      ] GC(94)     Total                          Min: 0, Avg:  0.0, Max: 0, Diff: 0, Sum: 0, Workers: 4
[63.757s][debug][gc,phases      ] GC(94) Weak Processing 0.283ms
[63.757s][debug][gc,age         ] GC(94) Desired survivor size 46661632 bytes, new threshold 15 (max threshold 15)
[63.757s][info ][gc,heap        ] GC(94) PSYoungGen: 2018944K(2053632K)->35344K(2045952K) Eden: 2011648K(2011648K)->0K(2006016K) From: 7296K(41984K)->35344K(39936K)
[63.757s][info ][gc,heap        ] GC(94) ParOldGen: 335988K(358912K)->336316K(358912K)
[63.757s][info ][gc,metaspace   ] GC(94) Metaspace: 78752K(79488K)->78752K(79488K) NonClass: 67529K(67904K)->67529K(67904K) Class: 11223K(11584K)->11223K(11584K)
[63.757s][info ][gc             ] GC(94) Pause Young (Allocation Failure) 2299M->362M(2348M) 12.525ms
[63.757s][info ][gc,cpu         ] GC(94) User=0.04s Sys=0.00s Real=0.01s
[63.757s][info ][safepoint      ] Safepoint "ParallelGCFailedAllocation", Time since last: 611794245 ns, Reaching safepoint: 87701 ns, At safepoint: 12597569 ns, Total: 12685270 ns
[64.758s][info ][safepoint      ] Safepoint "Cleanup", Time since last: 1000081267 ns, Reaching safepoint: 75300 ns, At safepoint: 7300 ns, Total: 82600 ns
[65.942s][info ][safepoint      ] Safepoint "Cleanup", Time since last: 1184519173 ns, Reaching safepoint: 206601 ns, At safepoint: 7900 ns, Total: 214501 ns
[67.092s][info ][safepoint      ] Safepoint "Cleanup", Time since last: 1149369679 ns, Reaching safepoint: 148401 ns, At safepoint: 9200 ns, Total: 157601 ns
[68.092s][info ][safepoint      ] Safepoint "Cleanup", Time since last: 1000099961 ns, Reaching safepoint: 47700 ns, At safepoint: 11001 ns, Total: 58701 ns
[69.316s][info ][safepoint      ] Safepoint "Cleanup", Time since last: 1223607979 ns, Reaching safepoint: 70401 ns, At safepoint: 24000 ns, Total: 94401 ns
[70.316s][info ][safepoint      ] Safepoint "Cleanup", Time since last: 1000111758 ns, Reaching safepoint: 121700 ns, At safepoint: 14200 ns, Total: 135900 ns
[71.316s][info ][safepoint      ] Safepoint "Cleanup", Time since last: 1000097156 ns, Reaching safepoint: 50401 ns, At safepoint: 10100 ns, Total: 60501 ns
[72.316s][info ][safepoint      ] Safepoint "Cleanup", Time since last: 1000104254 ns, Reaching safepoint: 130001 ns, At safepoint: 23400 ns, Total: 153401 ns
[73.317s][info ][safepoint      ] Safepoint "Cleanup", Time since last: 1000104253 ns, Reaching safepoint: 64000 ns, At safepoint: 5600 ns, Total: 69600 ns
[74.317s][info ][safepoint      ] Safepoint "Cleanup", Time since last: 1000089851 ns, Reaching safepoint: 53900 ns, At safepoint: 5300 ns, Total: 59200 ns
[75.317s][info ][safepoint      ] Safepoint "Cleanup", Time since last: 1000097250 ns, Reaching safepoint: 114800 ns, At safepoint: 7600 ns, Total: 122400 ns
[76.317s][info ][safepoint      ] Safepoint "Cleanup", Time since last: 1000096748 ns, Reaching safepoint: 55600 ns, At safepoint: 11400 ns, Total: 67000 ns
[77.317s][info ][safepoint      ] Safepoint "Cleanup", Time since last: 1000104947 ns, Reaching safepoint: 49900 ns, At safepoint: 5200 ns, Total: 55100 ns
[78.317s][info ][safepoint      ] Safepoint "Cleanup", Time since last: 1000112344 ns, Reaching safepoint: 56201 ns, At safepoint: 7900 ns, Total: 64101 ns
[79.318s][info ][safepoint      ] Safepoint "Cleanup", Time since last: 1000097842 ns, Reaching safepoint: 43101 ns, At safepoint: 2600 ns, Total: 45701 ns
[80.318s][info ][safepoint      ] Safepoint "Cleanup", Time since last: 1000104741 ns, Reaching safepoint: 119401 ns, At safepoint: 11200 ns, Total: 130601 ns
[81.318s][info ][safepoint      ] Safepoint "Cleanup", Time since last: 1000096539 ns, Reaching safepoint: 51000 ns, At safepoint: 10000 ns, Total: 61000 ns
[83.174s][info ][safepoint      ] Safepoint "Cleanup", Time since last: 1855585488 ns, Reaching safepoint: 128401 ns, At safepoint: 10400 ns, Total: 138801 ns
[84.174s][info ][safepoint      ] Safepoint "Cleanup", Time since last: 1000094135 ns, Reaching safepoint: 59500 ns, At safepoint: 7700 ns, Total: 67200 ns
[85.174s][info ][safepoint      ] Safepoint "Cleanup", Time since last: 1000096534 ns, Reaching safepoint: 54100 ns, At safepoint: 11400 ns, Total: 65500 ns
[87.144s][info ][gc,start       ] GC(95) Pause Young (Allocation Failure)
[87.160s][debug][gc,phases      ] GC(95) Scavenge 16.469ms
[87.160s][debug][gc,ref         ] GC(95) Skipped phase 1 of Reference Processing: no references
[87.160s][debug][gc,ref         ] GC(95) ReferenceProcessor::execute queues: 1, RefProcThreadModel::Single, marks_oops_alive: false
[87.160s][debug][gc,ref         ] GC(95) Skipped phase 3 of Reference Processing: no references
[87.160s][debug][gc,ref         ] GC(95) ReferenceProcessor::execute queues: 1, RefProcThreadModel::Single, marks_oops_alive: false
[87.160s][debug][gc,phases      ] GC(95) Reference Processing 0.104ms
[87.161s][debug][gc,phases      ] GC(95)   VM Weak                        Min:  0.0, Avg:  0.0, Max:  0.0, Diff:  0.0, Sum:  0.0, Workers: 4
[87.161s][debug][gc,phases      ] GC(95)     Dead                           Min: 0, Avg:  0.0, Max: 0, Diff: 0, Sum: 0, Workers: 4
[87.161s][debug][gc,phases      ] GC(95)     Total                          Min: 0, Avg: 159.0, Max: 636, Diff: 636, Sum: 636, Workers: 4
[87.161s][debug][gc,phases      ] GC(95)   ObjectSynchronizer Weak        Min:  0.0, Avg:  0.0, Max:  0.0, Diff:  0.0, Sum:  0.0, Workers: 4
[87.161s][debug][gc,phases      ] GC(95)     Dead                           Min: 0, Avg:  0.0, Max: 0, Diff: 0, Sum: 0, Workers: 4
[87.161s][debug][gc,phases      ] GC(95)     Total                          Min: 0, Avg: 119.0, Max: 448, Diff: 448, Sum: 476, Workers: 4
[87.161s][debug][gc,phases      ] GC(95)   JVMTI Tag Weak OopStorage      Min:  0.0, Avg:  0.0, Max:  0.0, Diff:  0.0, Sum:  0.0, Workers: 4
[87.161s][debug][gc,phases      ] GC(95)     Dead                           Min: 0, Avg:  0.0, Max: 0, Diff: 0, Sum: 0, Workers: 4
[87.161s][debug][gc,phases      ] GC(95)     Total                          Min: 0, Avg:  0.0, Max: 0, Diff: 0, Sum: 0, Workers: 4
[87.161s][debug][gc,phases      ] GC(95)   StringTable Weak               Min:  0.1, Avg:  0.1, Max:  0.1, Diff:  0.0, Sum:  0.4, Workers: 4
[87.161s][debug][gc,phases      ] GC(95)     Dead                           Min: 0, Avg:  0.5, Max: 2, Diff: 2, Sum: 2, Workers: 4
[87.161s][debug][gc,phases      ] GC(95)     Total                          Min: 9225, Avg: 11794.2, Max: 14848, Diff: 5623, Sum: 47177, Workers: 4
[87.161s][debug][gc,phases      ] GC(95)   ResolvedMethodTable Weak       Min:  0.0, Avg:  0.0, Max:  0.0, Diff:  0.0, Sum:  0.1, Workers: 4
[87.161s][debug][gc,phases      ] GC(95)     Dead                           Min: 0, Avg:  0.2, Max: 1, Diff: 1, Sum: 1, Workers: 4
[87.161s][debug][gc,phases      ] GC(95)     Total                          Min: 1790, Avg: 1983.5, Max: 2496, Diff: 706, Sum: 7934, Workers: 4
[87.161s][debug][gc,phases      ] GC(95)   JNI Weak                       Min:  0.0, Avg:  0.0, Max:  0.0, Diff:  0.0, Sum:  0.0, Workers: 4
[87.161s][debug][gc,phases      ] GC(95)     Dead                           Min: 0, Avg:  0.0, Max: 0, Diff: 0, Sum: 0, Workers: 4
[87.161s][debug][gc,phases      ] GC(95)     Total                          Min: 0, Avg:  0.2, Max: 1, Diff: 1, Sum: 1, Workers: 4
[87.161s][debug][gc,phases      ] GC(95)   StringDedup Table Weak         Min:  0.0, Avg:  0.0, Max:  0.0, Diff:  0.0, Sum:  0.0, Workers: 4
[87.161s][debug][gc,phases      ] GC(95)     Dead                           Min: 0, Avg:  0.0, Max: 0, Diff: 0, Sum: 0, Workers: 4
[87.161s][debug][gc,phases      ] GC(95)     Total                          Min: 0, Avg:  0.0, Max: 0, Diff: 0, Sum: 0, Workers: 4
[87.161s][debug][gc,phases      ] GC(95)   StringDedup Requests0 Weak     Min:  0.0, Avg:  0.0, Max:  0.0, Diff:  0.0, Sum:  0.0, Workers: 4
[87.161s][debug][gc,phases      ] GC(95)     Dead                           Min: 0, Avg:  0.0, Max: 0, Diff: 0, Sum: 0, Workers: 4
[87.161s][debug][gc,phases      ] GC(95)     Total                          Min: 0, Avg:  0.0, Max: 0, Diff: 0, Sum: 0, Workers: 4
[87.161s][debug][gc,phases      ] GC(95)   StringDedup Requests1 Weak     Min:  0.0, Avg:  0.0, Max:  0.0, Diff:  0.0, Sum:  0.0, Workers: 4
[87.161s][debug][gc,phases      ] GC(95)     Dead                           Min: 0, Avg:  0.0, Max: 0, Diff: 0, Sum: 0, Workers: 4
[87.161s][debug][gc,phases      ] GC(95)     Total                          Min: 0, Avg:  0.0, Max: 0, Diff: 0, Sum: 0, Workers: 4
[87.161s][debug][gc,phases      ] GC(95)   Weak JFR Old Object Samples    Min:  0.0, Avg:  0.0, Max:  0.0, Diff:  0.0, Sum:  0.0, Workers: 4
[87.161s][debug][gc,phases      ] GC(95)     Dead                           Min: 0, Avg:  0.0, Max: 0, Diff: 0, Sum: 0, Workers: 4
[87.161s][debug][gc,phases      ] GC(95)     Total                          Min: 0, Avg:  0.0, Max: 0, Diff: 0, Sum: 0, Workers: 4
[87.161s][debug][gc,phases      ] GC(95) Weak Processing 0.280ms
[87.161s][debug][gc,age         ] GC(95) Desired survivor size 57147392 bytes, new threshold 14 (max threshold 15)
[87.161s][info ][gc,heap        ] GC(95) PSYoungGen: 2041360K(2045952K)->45552K(2051584K) Eden: 2006016K(2006016K)->0K(2006016K) From: 35344K(39936K)->45552K(45568K)
[87.161s][info ][gc,heap        ] GC(95) ParOldGen: 336316K(358912K)->341332K(358912K)
[87.161s][info ][gc,metaspace   ] GC(95) Metaspace: 79047K(79872K)->79047K(79872K) NonClass: 67795K(68224K)->67795K(68224K) Class: 11251K(11648K)->11251K(11648K)
[87.161s][info ][gc             ] GC(95) Pause Young (Allocation Failure) 2321M->377M(2354M) 16.969ms
[87.161s][info ][gc,cpu         ] GC(95) User=0.07s Sys=0.00s Real=0.01s
[87.161s][info ][safepoint      ] Safepoint "ParallelGCFailedAllocation", Time since last: 1969718596 ns, Reaching safepoint: 113701 ns, At safepoint: 17051092 ns, Total: 17164793 ns
[88.161s][info ][safepoint      ] Safepoint "Cleanup", Time since last: 1000078528 ns, Reaching safepoint: 43401 ns, At safepoint: 2400 ns, Total: 45801 ns
[90.161s][info ][safepoint      ] Safepoint "Cleanup", Time since last: 2000173651 ns, Reaching safepoint: 48501 ns, At safepoint: 6400 ns, Total: 54901 ns
[91.161s][info ][safepoint      ] Safepoint "Cleanup", Time since last: 1000110123 ns, Reaching safepoint: 43001 ns, At safepoint: 2700 ns, Total: 45701 ns
[93.162s][info ][safepoint      ] Safepoint "Cleanup", Time since last: 2000137842 ns, Reaching safepoint: 39600 ns, At safepoint: 3000 ns, Total: 42600 ns
[94.162s][info ][safepoint      ] Safepoint "Cleanup", Time since last: 1000103219 ns, Reaching safepoint: 47500 ns, At safepoint: 5200 ns, Total: 52700 ns
[95.162s][info ][safepoint      ] Safepoint "Cleanup", Time since last: 1000097117 ns, Reaching safepoint: 42100 ns, At safepoint: 2400 ns, Total: 44500 ns
[96.162s][info ][safepoint      ] Safepoint "Cleanup", Time since last: 1000094916 ns, Reaching safepoint: 36500 ns, At safepoint: 2300 ns, Total: 38800 ns
[97.162s][info ][safepoint      ] Safepoint "Cleanup", Time since last: 1000100014 ns, Reaching safepoint: 46600 ns, At safepoint: 5500 ns, Total: 52100 ns
[98.162s][info ][safepoint      ] Safepoint "Cleanup", Time since last: 1000097812 ns, Reaching safepoint: 48201 ns, At safepoint: 12900 ns, Total: 61101 ns
[101.163s][info ][safepoint      ] Safepoint "Cleanup", Time since last: 3000210427 ns, Reaching safepoint: 47600 ns, At safepoint: 7500 ns, Total: 55100 ns
[102.163s][info ][safepoint      ] Safepoint "Cleanup", Time since last: 1000103206 ns, Reaching safepoint: 47601 ns, At safepoint: 7100 ns, Total: 54701 ns
[102.782s][info ][safepoint      ] Safepoint "ICBufferFull", Time since last: 619279846 ns, Reaching safepoint: 207702 ns, At safepoint: 11300 ns, Total: 219002 ns
[102.782s][info ][safepoint      ] Safepoint "ICBufferFull", Time since last: 49900 ns, Reaching safepoint: 14000 ns, At safepoint: 12100 ns, Total: 26100 ns
[104.768s][info ][safepoint      ] Safepoint "Cleanup", Time since last: 1985829128 ns, Reaching safepoint: 170001 ns, At safepoint: 7500 ns, Total: 177501 ns
[105.768s][info ][safepoint      ] Safepoint "Cleanup", Time since last: 1000107600 ns, Reaching safepoint: 50301 ns, At safepoint: 5400 ns, Total: 55701 ns
[106.769s][info ][safepoint      ] Safepoint "Cleanup", Time since last: 1000099998 ns, Reaching safepoint: 44901 ns, At safepoint: 8400 ns, Total: 53301 ns
[107.769s][info ][safepoint      ] Safepoint "Cleanup", Time since last: 1000108797 ns, Reaching safepoint: 60900 ns, At safepoint: 8100 ns, Total: 69000 ns
[108.769s][info ][safepoint      ] Safepoint "Cleanup", Time since last: 1000095396 ns, Reaching safepoint: 63201 ns, At safepoint: 5400 ns, Total: 68601 ns
[109.769s][info ][safepoint      ] Safepoint "Cleanup", Time since last: 1000104094 ns, Reaching safepoint: 46200 ns, At safepoint: 8200 ns, Total: 54400 ns
[110.769s][info ][safepoint      ] Safepoint "Cleanup", Time since last: 1000093193 ns, Reaching safepoint: 58300 ns, At safepoint: 8800 ns, Total: 67100 ns
[111.769s][info ][safepoint      ] Safepoint "Cleanup", Time since last: 1000040091 ns, Reaching safepoint: 47500 ns, At safepoint: 8100 ns, Total: 55600 ns
[112.770s][info ][safepoint      ] Safepoint "Cleanup", Time since last: 1000100090 ns, Reaching safepoint: 80000 ns, At safepoint: 6700 ns, Total: 86700 ns
[113.770s][info ][safepoint      ] Safepoint "Cleanup", Time since last: 1000099388 ns, Reaching safepoint: 55900 ns, At safepoint: 13700 ns, Total: 69600 ns
[114.770s][info ][safepoint      ] Safepoint "Cleanup", Time since last: 1000110187 ns, Reaching safepoint: 83600 ns, At safepoint: 8400 ns, Total: 92000 ns
[115.770s][info ][safepoint      ] Safepoint "Cleanup", Time since last: 1000111685 ns, Reaching safepoint: 63301 ns, At safepoint: 8600 ns, Total: 71901 ns
[116.770s][info ][safepoint      ] Safepoint "Cleanup", Time since last: 1000112283 ns, Reaching safepoint: 57701 ns, At safepoint: 6100 ns, Total: 63801 ns
[117.770s][info ][safepoint      ] Safepoint "Cleanup", Time since last: 1000103782 ns, Reaching safepoint: 49200 ns, At safepoint: 7000 ns, Total: 56200 ns
[118.771s][info ][safepoint      ] Safepoint "Cleanup", Time since last: 1000097580 ns, Reaching safepoint: 42000 ns, At safepoint: 12001 ns, Total: 54001 ns
[119.771s][info ][safepoint      ] Safepoint "Cleanup", Time since last: 1000106478 ns, Reaching safepoint: 45201 ns, At safepoint: 2800 ns, Total: 48001 ns
[120.771s][info ][safepoint      ] Safepoint "Cleanup", Time since last: 1000113477 ns, Reaching safepoint: 44900 ns, At safepoint: 6800 ns, Total: 51700 ns
[121.771s][info ][safepoint      ] Safepoint "Cleanup", Time since last: 1000109576 ns, Reaching safepoint: 48500 ns, At safepoint: 5801 ns, Total: 54301 ns
[122.771s][info ][safepoint      ] Safepoint "Cleanup", Time since last: 1000103374 ns, Reaching safepoint: 58800 ns, At safepoint: 11400 ns, Total: 70200 ns
[123.771s][info ][safepoint      ] Safepoint "Cleanup", Time since last: 1000076373 ns, Reaching safepoint: 53400 ns, At safepoint: 5700 ns, Total: 59100 ns
[124.772s][info ][safepoint      ] Safepoint "Cleanup", Time since last: 1000101671 ns, Reaching safepoint: 68601 ns, At safepoint: 7700 ns, Total: 76301 ns
[125.772s][info ][safepoint      ] Safepoint "Cleanup", Time since last: 1000108470 ns, Reaching safepoint: 116600 ns, At safepoint: 8400 ns, Total: 125000 ns
[126.772s][info ][safepoint      ] Safepoint "Cleanup", Time since last: 1000104769 ns, Reaching safepoint: 59600 ns, At safepoint: 6800 ns, Total: 66400 ns
[127.772s][info ][safepoint      ] Safepoint "Cleanup", Time since last: 1000111867 ns, Reaching safepoint: 48000 ns, At safepoint: 5100 ns, Total: 53100 ns
[128.772s][info ][safepoint      ] Safepoint "Cleanup", Time since last: 1000095665 ns, Reaching safepoint: 45101 ns, At safepoint: 2600 ns, Total: 47701 ns
[129.772s][info ][safepoint      ] Safepoint "Cleanup", Time since last: 1000100863 ns, Reaching safepoint: 46001 ns, At safepoint: 2800 ns, Total: 48801 ns
[130.773s][info ][safepoint      ] Safepoint "Cleanup", Time since last: 1000095662 ns, Reaching safepoint: 52700 ns, At safepoint: 8700 ns, Total: 61400 ns
[131.736s][info ][gc,start       ] GC(96) Pause Young (Allocation Failure)
[131.757s][debug][gc,phases      ] GC(96) Scavenge 20.527ms
[131.757s][debug][gc,ref         ] GC(96) Skipped phase 1 of Reference Processing: no references
[131.757s][debug][gc,ref         ] GC(96) ReferenceProcessor::execute queues: 1, RefProcThreadModel::Single, marks_oops_alive: false
[131.757s][debug][gc,ref         ] GC(96) Skipped phase 3 of Reference Processing: no references
[131.757s][debug][gc,ref         ] GC(96) ReferenceProcessor::execute queues: 1, RefProcThreadModel::Single, marks_oops_alive: false
[131.757s][debug][gc,phases      ] GC(96) Reference Processing 0.099ms
[131.757s][debug][gc,phases      ] GC(96)   VM Weak                        Min:  0.0, Avg:  0.0, Max:  0.0, Diff:  0.0, Sum:  0.0, Workers: 4
[131.757s][debug][gc,phases      ] GC(96)     Dead                           Min: 0, Avg:  0.0, Max: 0, Diff: 0, Sum: 0, Workers: 4
[131.757s][debug][gc,phases      ] GC(96)     Total                          Min: 0, Avg: 160.0, Max: 512, Diff: 512, Sum: 640, Workers: 4
[131.757s][debug][gc,phases      ] GC(96)   ObjectSynchronizer Weak        Min:  0.0, Avg:  0.0, Max:  0.0, Diff:  0.0, Sum:  0.0, Workers: 4
[131.757s][debug][gc,phases      ] GC(96)     Dead                           Min: 0, Avg:  0.0, Max: 0, Diff: 0, Sum: 0, Workers: 4
[131.757s][debug][gc,phases      ] GC(96)     Total                          Min: 0, Avg: 119.0, Max: 256, Diff: 256, Sum: 476, Workers: 4
[131.757s][debug][gc,phases      ] GC(96)   JVMTI Tag Weak OopStorage      Min:  0.0, Avg:  0.0, Max:  0.0, Diff:  0.0, Sum:  0.0, Workers: 4
[131.757s][debug][gc,phases      ] GC(96)     Dead                           Min: 0, Avg:  0.0, Max: 0, Diff: 0, Sum: 0, Workers: 4
[131.757s][debug][gc,phases      ] GC(96)     Total                          Min: 0, Avg:  0.0, Max: 0, Diff: 0, Sum: 0, Workers: 4
[131.757s][debug][gc,phases      ] GC(96)   StringTable Weak               Min:  0.1, Avg:  0.1, Max:  0.1, Diff:  0.0, Sum:  0.4, Workers: 4
[131.757s][debug][gc,phases      ] GC(96)     Dead                           Min: 0, Avg:  0.0, Max: 0, Diff: 0, Sum: 0, Workers: 4
[131.757s][debug][gc,phases      ] GC(96)     Total                          Min: 9670, Avg: 11825.5, Max: 14464, Diff: 4794, Sum: 47302, Workers: 4
[131.757s][debug][gc,phases      ] GC(96)   ResolvedMethodTable Weak       Min:  0.0, Avg:  0.0, Max:  0.0, Diff:  0.0, Sum:  0.1, Workers: 4
[131.757s][debug][gc,phases      ] GC(96)     Dead                           Min: 0, Avg:  4.2, Max: 17, Diff: 17, Sum: 17, Workers: 4
[131.757s][debug][gc,phases      ] GC(96)     Total                          Min: 1728, Avg: 1989.2, Max: 2680, Diff: 952, Sum: 7957, Workers: 4
[131.757s][debug][gc,phases      ] GC(96)   JNI Weak                       Min:  0.0, Avg:  0.0, Max:  0.0, Diff:  0.0, Sum:  0.0, Workers: 4
[131.757s][debug][gc,phases      ] GC(96)     Dead                           Min: 0, Avg:  0.0, Max: 0, Diff: 0, Sum: 0, Workers: 4
[131.757s][debug][gc,phases      ] GC(96)     Total                          Min: 0, Avg:  0.0, Max: 0, Diff: 0, Sum: 0, Workers: 4
[131.757s][debug][gc,phases      ] GC(96)   StringDedup Table Weak         Min:  0.0, Avg:  0.0, Max:  0.0, Diff:  0.0, Sum:  0.0, Workers: 4
[131.757s][debug][gc,phases      ] GC(96)     Dead                           Min: 0, Avg:  0.0, Max: 0, Diff: 0, Sum: 0, Workers: 4
[131.757s][debug][gc,phases      ] GC(96)     Total                          Min: 0, Avg:  0.0, Max: 0, Diff: 0, Sum: 0, Workers: 4
[131.757s][debug][gc,phases      ] GC(96)   StringDedup Requests0 Weak     Min:  0.0, Avg:  0.0, Max:  0.0, Diff:  0.0, Sum:  0.0, Workers: 4
[131.757s][debug][gc,phases      ] GC(96)     Dead                           Min: 0, Avg:  0.0, Max: 0, Diff: 0, Sum: 0, Workers: 4
[131.757s][debug][gc,phases      ] GC(96)     Total                          Min: 0, Avg:  0.0, Max: 0, Diff: 0, Sum: 0, Workers: 4
[131.757s][debug][gc,phases      ] GC(96)   StringDedup Requests1 Weak     Min:  0.0, Avg:  0.0, Max:  0.0, Diff:  0.0, Sum:  0.0, Workers: 4
[131.757s][debug][gc,phases      ] GC(96)     Dead                           Min: 0, Avg:  0.0, Max: 0, Diff: 0, Sum: 0, Workers: 4
[131.757s][debug][gc,phases      ] GC(96)     Total                          Min: 0, Avg:  0.0, Max: 0, Diff: 0, Sum: 0, Workers: 4
[131.757s][debug][gc,phases      ] GC(96)   Weak JFR Old Object Samples    Min:  0.0, Avg:  0.0, Max:  0.0, Diff:  0.0, Sum:  0.0, Workers: 4
[131.757s][debug][gc,phases      ] GC(96)     Dead                           Min: 0, Avg:  0.0, Max: 0, Diff: 0, Sum: 0, Workers: 4
[131.757s][debug][gc,phases      ] GC(96)     Total                          Min: 0, Avg:  0.0, Max: 0, Diff: 0, Sum: 0, Workers: 4
[131.757s][debug][gc,phases      ] GC(96) Weak Processing 0.271ms
[131.757s][debug][gc,age         ] GC(96) Desired survivor size 71827456 bytes, new threshold 13 (max threshold 15)
[131.757s][info ][gc,heap        ] GC(96) PSYoungGen: 2051568K(2051584K)->45557K(2002432K) Eden: 2006016K(2006016K)->0K(1956864K) From: 45552K(45568K)->45557K(45568K)
[131.757s][info ][gc,heap        ] GC(96) ParOldGen: 341332K(358912K)->362604K(363008K)
[131.757s][info ][gc,metaspace   ] GC(96) Metaspace: 79401K(80192K)->79401K(80192K) NonClass: 68127K(68544K)->68127K(68544K) Class: 11273K(11648K)->11273K(11648K)
[131.758s][info ][gc             ] GC(96) Pause Young (Allocation Failure) 2336M->398M(2310M) 21.008ms
[131.758s][info ][gc,cpu         ] GC(96) User=0.08s Sys=0.00s Real=0.02s
[131.758s][debug][gc,phases      ] GC(97) Pre Compact 0.009ms
[131.758s][info ][gc,start       ] GC(97) Pause Full (Ergonomics)
[131.758s][info ][gc,phases,start] GC(97) Marking Phase
[131.881s][debug][gc,phases      ] GC(97) Par Mark 123.354ms
[131.881s][debug][gc,ref         ] GC(97) Skipped phase 1 of Reference Processing: no references
[131.882s][debug][gc,ref         ] GC(97) ReferenceProcessor::execute queues: 4, RefProcThreadModel::Multi, marks_oops_alive: false
[131.882s][debug][gc,ref         ] GC(97) ReferenceProcessor::execute queues: 4, RefProcThreadModel::Multi, marks_oops_alive: true
[131.882s][debug][gc,ref         ] GC(97) ReferenceProcessor::execute queues: 1, RefProcThreadModel::Single, marks_oops_alive: false
[131.882s][debug][gc,phases      ] GC(97) Reference Processing 0.883ms
[131.882s][debug][gc,phases      ] GC(97)   VM Weak                        Min:  0.0, Avg:  0.0, Max:  0.0, Diff:  0.0, Sum:  0.0, Workers: 4
[131.882s][debug][gc,phases      ] GC(97)     Dead                           Min: 0, Avg:  0.0, Max: 0, Diff: 0, Sum: 0, Workers: 4
[131.882s][debug][gc,phases      ] GC(97)     Total                          Min: 0, Avg: 160.0, Max: 256, Diff: 256, Sum: 640, Workers: 4
[131.882s][debug][gc,phases      ] GC(97)   ObjectSynchronizer Weak        Min:  0.0, Avg:  0.0, Max:  0.0, Diff:  0.0, Sum:  0.0, Workers: 4
[131.882s][debug][gc,phases      ] GC(97)     Dead                           Min: 0, Avg:  0.0, Max: 0, Diff: 0, Sum: 0, Workers: 4
[131.882s][debug][gc,phases      ] GC(97)     Total                          Min: 0, Avg: 119.0, Max: 192, Diff: 192, Sum: 476, Workers: 4
[131.882s][debug][gc,phases      ] GC(97)   JVMTI Tag Weak OopStorage      Min:  0.0, Avg:  0.0, Max:  0.0, Diff:  0.0, Sum:  0.0, Workers: 4
[131.882s][debug][gc,phases      ] GC(97)     Dead                           Min: 0, Avg:  0.0, Max: 0, Diff: 0, Sum: 0, Workers: 4
[131.882s][debug][gc,phases      ] GC(97)     Total                          Min: 0, Avg:  0.0, Max: 0, Diff: 0, Sum: 0, Workers: 4
[131.882s][debug][gc,phases      ] GC(97)   StringTable Weak               Min:  0.2, Avg:  0.2, Max:  0.2, Diff:  0.0, Sum:  0.6, Workers: 4
[131.882s][debug][gc,phases      ] GC(97)     Dead                           Min: 0, Avg:  0.0, Max: 0, Diff: 0, Sum: 0, Workers: 4
[131.882s][debug][gc,phases      ] GC(97)     Total                          Min: 9798, Avg: 11825.5, Max: 13312, Diff: 3514, Sum: 47302, Workers: 4
[131.882s][debug][gc,phases      ] GC(97)   ResolvedMethodTable Weak       Min:  0.0, Avg:  0.0, Max:  0.0, Diff:  0.0, Sum:  0.1, Workers: 4
[131.882s][debug][gc,phases      ] GC(97)     Dead                           Min: 0, Avg:  0.0, Max: 0, Diff: 0, Sum: 0, Workers: 4
[131.882s][debug][gc,phases      ] GC(97)     Total                          Min: 1757, Avg: 1989.2, Max: 2304, Diff: 547, Sum: 7957, Workers: 4
[131.882s][debug][gc,phases      ] GC(97)   JNI Weak                       Min:  0.0, Avg:  0.0, Max:  0.0, Diff:  0.0, Sum:  0.0, Workers: 4
[131.882s][debug][gc,phases      ] GC(97)     Dead                           Min: 0, Avg:  0.0, Max: 0, Diff: 0, Sum: 0, Workers: 4
[131.882s][debug][gc,phases      ] GC(97)     Total                          Min: 0, Avg:  0.0, Max: 0, Diff: 0, Sum: 0, Workers: 4
[131.882s][debug][gc,phases      ] GC(97)   StringDedup Table Weak         Min:  0.0, Avg:  0.0, Max:  0.0, Diff:  0.0, Sum:  0.0, Workers: 4
[131.882s][debug][gc,phases      ] GC(97)     Dead                           Min: 0, Avg:  0.0, Max: 0, Diff: 0, Sum: 0, Workers: 4
[131.882s][debug][gc,phases      ] GC(97)     Total                          Min: 0, Avg:  0.0, Max: 0, Diff: 0, Sum: 0, Workers: 4
[131.882s][debug][gc,phases      ] GC(97)   StringDedup Requests0 Weak     Min:  0.0, Avg:  0.0, Max:  0.0, Diff:  0.0, Sum:  0.0, Workers: 4
[131.882s][debug][gc,phases      ] GC(97)     Dead                           Min: 0, Avg:  0.0, Max: 0, Diff: 0, Sum: 0, Workers: 4
[131.882s][debug][gc,phases      ] GC(97)     Total                          Min: 0, Avg:  0.0, Max: 0, Diff: 0, Sum: 0, Workers: 4
[131.882s][debug][gc,phases      ] GC(97)   StringDedup Requests1 Weak     Min:  0.0, Avg:  0.0, Max:  0.0, Diff:  0.0, Sum:  0.0, Workers: 4
[131.882s][debug][gc,phases      ] GC(97)     Dead                           Min: 0, Avg:  0.0, Max: 0, Diff: 0, Sum: 0, Workers: 4
[131.882s][debug][gc,phases      ] GC(97)     Total                          Min: 0, Avg:  0.0, Max: 0, Diff: 0, Sum: 0, Workers: 4
[131.882s][debug][gc,phases      ] GC(97)   Weak JFR Old Object Samples    Min:  0.0, Avg:  0.0, Max:  0.0, Diff:  0.0, Sum:  0.0, Workers: 4
[131.882s][debug][gc,phases      ] GC(97)     Dead                           Min: 0, Avg:  0.0, Max: 0, Diff: 0, Sum: 0, Workers: 4
[131.882s][debug][gc,phases      ] GC(97)     Total                          Min: 0, Avg:  0.0, Max: 0, Diff: 0, Sum: 0, Workers: 4
[131.882s][debug][gc,phases      ] GC(97) Weak Processing 0.342ms
[131.882s][debug][gc,phases      ] GC(97) ClassLoaderData 0.083ms
[131.882s][debug][gc,phases      ] GC(97) Trigger cleanups 0.000ms
[131.895s][debug][gc,phases      ] GC(97) Class Unloading 12.500ms
[131.895s][info ][gc,phases      ] GC(97) Marking Phase 137.212ms
[131.895s][info ][gc,phases,start] GC(97) Summary Phase
[131.895s][info ][gc,phases      ] GC(97) Summary Phase 0.008ms
[131.895s][info ][gc,phases,start] GC(97) Adjust Roots
[131.908s][info ][gc,phases      ] GC(97) Adjust Roots 13.436ms
[131.908s][info ][gc,phases,start] GC(97) Compaction Phase
[132.186s][info ][gc,phases      ] GC(97) Compaction Phase 277.338ms
[132.186s][info ][gc,phases,start] GC(97) Post Compact
[132.187s][info ][gc,phases      ] GC(97) Post Compact 0.987ms
[132.187s][info ][gc,heap        ] GC(97) PSYoungGen: 45557K(2002432K)->32613K(2002432K) Eden: 0K(1956864K)->0K(1956864K) From: 45557K(45568K)->32613K(45568K)
[132.187s][info ][gc,heap        ] GC(97) ParOldGen: 362604K(363008K)->348154K(411648K)
[132.187s][info ][gc,metaspace   ] GC(97) Metaspace: 79401K(80192K)->79401K(80192K) NonClass: 68127K(68544K)->68127K(68544K) Class: 11273K(11648K)->11273K(11648K)
[132.187s][info ][gc             ] GC(97) Pause Full (Ergonomics) 398M->371M(2357M) 429.157ms
[132.187s][info ][gc,cpu         ] GC(97) User=1.62s Sys=0.00s Real=0.43s
[132.187s][info ][safepoint      ] Safepoint "ParallelGCFailedAllocation", Time since last: 963836567 ns, Reaching safepoint: 54600 ns, At safepoint: 450298113 ns, Total: 450352713 ns
[133.198s][info ][safepoint      ] Safepoint "Cleanup", Time since last: 1010938917 ns, Reaching safepoint: 43100 ns, At safepoint: 7800 ns, Total: 50900 ns
[134.198s][info ][safepoint      ] Safepoint "Cleanup", Time since last: 1000106758 ns, Reaching safepoint: 52600 ns, At safepoint: 5800 ns, Total: 58400 ns
[135.198s][info ][safepoint      ] Safepoint "Cleanup", Time since last: 1000049955 ns, Reaching safepoint: 38201 ns, At safepoint: 3100 ns, Total: 41301 ns
[136.198s][info ][safepoint      ] Safepoint "Cleanup", Time since last: 1000100754 ns, Reaching safepoint: 44000 ns, At safepoint: 7000 ns, Total: 51000 ns
[137.198s][info ][safepoint      ] Safepoint "Cleanup", Time since last: 1000111053 ns, Reaching safepoint: 76700 ns, At safepoint: 6001 ns, Total: 82701 ns
[138.199s][info ][safepoint      ] Safepoint "Cleanup", Time since last: 1000102551 ns, Reaching safepoint: 52900 ns, At safepoint: 9500 ns, Total: 62400 ns
[139.199s][info ][safepoint      ] Safepoint "Cleanup", Time since last: 1000097950 ns, Reaching safepoint: 40900 ns, At safepoint: 5400 ns, Total: 46300 ns
[140.199s][info ][safepoint      ] Safepoint "Cleanup", Time since last: 1000100149 ns, Reaching safepoint: 54800 ns, At safepoint: 11800 ns, Total: 66600 ns
[141.199s][info ][safepoint      ] Safepoint "Cleanup", Time since last: 1000107047 ns, Reaching safepoint: 45700 ns, At safepoint: 6900 ns, Total: 52600 ns
[143.199s][info ][safepoint      ] Safepoint "Cleanup", Time since last: 2000163390 ns, Reaching safepoint: 31800 ns, At safepoint: 3200 ns, Total: 35000 ns
[144.199s][info ][safepoint      ] Safepoint "Cleanup", Time since last: 1000112743 ns, Reaching safepoint: 53600 ns, At safepoint: 5700 ns, Total: 59300 ns
[145.200s][info ][safepoint      ] Safepoint "Cleanup", Time since last: 1000101241 ns, Reaching safepoint: 49800 ns, At safepoint: 4600 ns, Total: 54400 ns
[146.200s][info ][safepoint      ] Safepoint "Cleanup", Time since last: 1000105040 ns, Reaching safepoint: 53200 ns, At safepoint: 3400 ns, Total: 56600 ns
[147.200s][info ][safepoint      ] Safepoint "Cleanup", Time since last: 1000119339 ns, Reaching safepoint: 52700 ns, At safepoint: 9100 ns, Total: 61800 ns
[148.200s][info ][safepoint      ] Safepoint "Cleanup", Time since last: 1000072837 ns, Reaching safepoint: 47000 ns, At safepoint: 9100 ns, Total: 56100 ns
[149.200s][info ][safepoint      ] Safepoint "Cleanup", Time since last: 1000102036 ns, Reaching safepoint: 42700 ns, At safepoint: 8800 ns, Total: 51500 ns
[150.200s][info ][safepoint      ] Safepoint "Cleanup", Time since last: 1000112834 ns, Reaching safepoint: 50700 ns, At safepoint: 9000 ns, Total: 59700 ns
[151.200s][info ][safepoint      ] Safepoint "Cleanup", Time since last: 1000099633 ns, Reaching safepoint: 46900 ns, At safepoint: 16900 ns, Total: 63800 ns
[157.201s][info ][safepoint      ] Safepoint "Cleanup", Time since last: 6000414064 ns, Reaching safepoint: 36301 ns, At safepoint: 2200 ns, Total: 38501 ns
[158.201s][info ][safepoint      ] Safepoint "Cleanup", Time since last: 1000096622 ns, Reaching safepoint: 53600 ns, At safepoint: 7101 ns, Total: 60701 ns
[159.201s][info ][safepoint      ] Safepoint "Cleanup", Time since last: 1000079321 ns, Reaching safepoint: 40200 ns, At safepoint: 3200 ns, Total: 43400 ns
[160.201s][info ][safepoint      ] Safepoint "Cleanup", Time since last: 1000113320 ns, Reaching safepoint: 42000 ns, At safepoint: 3000 ns, Total: 45000 ns
[161.746s][info ][safepoint      ] Safepoint "Cleanup", Time since last: 1544719314 ns, Reaching safepoint: 129301 ns, At safepoint: 7900 ns, Total: 137201 ns
[163.148s][info ][safepoint      ] Safepoint "Cleanup", Time since last: 1401219448 ns, Reaching safepoint: 64000 ns, At safepoint: 9000 ns, Total: 73000 ns
[164.148s][info ][safepoint      ] Safepoint "Cleanup", Time since last: 1000100114 ns, Reaching safepoint: 47701 ns, At safepoint: 5500 ns, Total: 53201 ns
[165.295s][info ][safepoint      ] Safepoint "Cleanup", Time since last: 1147322595 ns, Reaching safepoint: 51900 ns, At safepoint: 7800 ns, Total: 59700 ns
[166.295s][info ][safepoint      ] Safepoint "Cleanup", Time since last: 1000100211 ns, Reaching safepoint: 44300 ns, At safepoint: 7000 ns, Total: 51300 ns
[167.295s][info ][safepoint      ] Safepoint "Cleanup", Time since last: 1000107310 ns, Reaching safepoint: 60901 ns, At safepoint: 7600 ns, Total: 68501 ns
[168.296s][info ][safepoint      ] Safepoint "Cleanup", Time since last: 1000107708 ns, Reaching safepoint: 48001 ns, At safepoint: 5300 ns, Total: 53301 ns
[169.296s][info ][safepoint      ] Safepoint "Cleanup", Time since last: 1000099807 ns, Reaching safepoint: 56200 ns, At safepoint: 9000 ns, Total: 65200 ns
[170.296s][info ][safepoint      ] Safepoint "Cleanup", Time since last: 1000114606 ns, Reaching safepoint: 59700 ns, At safepoint: 8400 ns, Total: 68100 ns
[171.296s][info ][safepoint      ] Safepoint "Cleanup", Time since last: 1000100305 ns, Reaching safepoint: 46500 ns, At safepoint: 10600 ns, Total: 57100 ns
[172.296s][info ][safepoint      ] Safepoint "Cleanup", Time since last: 1000093103 ns, Reaching safepoint: 41300 ns, At safepoint: 11200 ns, Total: 52500 ns
[173.296s][info ][safepoint      ] Safepoint "Cleanup", Time since last: 1000094502 ns, Reaching safepoint: 42800 ns, At safepoint: 9900 ns, Total: 52700 ns
[174.243s][info ][gc,start       ] GC(98) Pause Young (Allocation Failure)
[174.290s][debug][gc,phases      ] GC(98) Scavenge 47.064ms
[174.290s][debug][gc,ref         ] GC(98) Skipped phase 1 of Reference Processing: no references
[174.290s][debug][gc,ref         ] GC(98) ReferenceProcessor::execute queues: 1, RefProcThreadModel::Single, marks_oops_alive: false
[174.290s][debug][gc,ref         ] GC(98) Skipped phase 3 of Reference Processing: no references
[174.290s][debug][gc,ref         ] GC(98) ReferenceProcessor::execute queues: 1, RefProcThreadModel::Single, marks_oops_alive: false
[174.290s][debug][gc,phases      ] GC(98) Reference Processing 0.101ms
[174.290s][debug][gc,phases      ] GC(98)   VM Weak                        Min:  0.0, Avg:  0.0, Max:  0.0, Diff:  0.0, Sum:  0.0, Workers: 4
[174.290s][debug][gc,phases      ] GC(98)     Dead                           Min: 0, Avg:  0.0, Max: 0, Diff: 0, Sum: 0, Workers: 4
[174.290s][debug][gc,phases      ] GC(98)     Total                          Min: 0, Avg: 160.5, Max: 642, Diff: 642, Sum: 642, Workers: 4
[174.290s][debug][gc,phases      ] GC(98)   ObjectSynchronizer Weak        Min:  0.0, Avg:  0.0, Max:  0.0, Diff:  0.0, Sum:  0.0, Workers: 4
[174.290s][debug][gc,phases      ] GC(98)     Dead                           Min: 0, Avg:  0.0, Max: 0, Diff: 0, Sum: 0, Workers: 4
[174.290s][debug][gc,phases      ] GC(98)     Total                          Min: 0, Avg: 119.0, Max: 284, Diff: 284, Sum: 476, Workers: 4
[174.290s][debug][gc,phases      ] GC(98)   JVMTI Tag Weak OopStorage      Min:  0.0, Avg:  0.0, Max:  0.0, Diff:  0.0, Sum:  0.0, Workers: 4
[174.290s][debug][gc,phases      ] GC(98)     Dead                           Min: 0, Avg:  0.0, Max: 0, Diff: 0, Sum: 0, Workers: 4
[174.290s][debug][gc,phases      ] GC(98)     Total                          Min: 0, Avg:  0.0, Max: 0, Diff: 0, Sum: 0, Workers: 4
[174.290s][debug][gc,phases      ] GC(98)   StringTable Weak               Min:  0.1, Avg:  0.1, Max:  0.1, Diff:  0.0, Sum:  0.4, Workers: 4
[174.290s][debug][gc,phases      ] GC(98)     Dead                           Min: 0, Avg:  0.2, Max: 1, Diff: 1, Sum: 1, Workers: 4
[174.290s][debug][gc,phases      ] GC(98)     Total                          Min: 9472, Avg: 11853.2, Max: 14848, Diff: 5376, Sum: 47413, Workers: 4
[174.290s][debug][gc,phases      ] GC(98)   ResolvedMethodTable Weak       Min:  0.0, Avg:  0.0, Max:  0.0, Diff:  0.0, Sum:  0.1, Workers: 4
[174.290s][debug][gc,phases      ] GC(98)     Dead                           Min: 0, Avg:  4.2, Max: 17, Diff: 17, Sum: 17, Workers: 4
[174.290s][debug][gc,phases      ] GC(98)     Total                          Min: 1604, Avg: 2001.0, Max: 2432, Diff: 828, Sum: 8004, Workers: 4
[174.290s][debug][gc,phases      ] GC(98)   JNI Weak                       Min:  0.0, Avg:  0.0, Max:  0.0, Diff:  0.0, Sum:  0.0, Workers: 4
[174.290s][debug][gc,phases      ] GC(98)     Dead                           Min: 0, Avg:  0.0, Max: 0, Diff: 0, Sum: 0, Workers: 4
[174.290s][debug][gc,phases      ] GC(98)     Total                          Min: 0, Avg:  0.0, Max: 0, Diff: 0, Sum: 0, Workers: 4
[174.290s][debug][gc,phases      ] GC(98)   StringDedup Table Weak         Min:  0.0, Avg:  0.0, Max:  0.0, Diff:  0.0, Sum:  0.0, Workers: 4
[174.290s][debug][gc,phases      ] GC(98)     Dead                           Min: 0, Avg:  0.0, Max: 0, Diff: 0, Sum: 0, Workers: 4
[174.290s][debug][gc,phases      ] GC(98)     Total                          Min: 0, Avg:  0.0, Max: 0, Diff: 0, Sum: 0, Workers: 4
[174.290s][debug][gc,phases      ] GC(98)   StringDedup Requests0 Weak     Min:  0.0, Avg:  0.0, Max:  0.0, Diff:  0.0, Sum:  0.0, Workers: 4
[174.290s][debug][gc,phases      ] GC(98)     Dead                           Min: 0, Avg:  0.0, Max: 0, Diff: 0, Sum: 0, Workers: 4
[174.290s][debug][gc,phases      ] GC(98)     Total                          Min: 0, Avg:  0.0, Max: 0, Diff: 0, Sum: 0, Workers: 4
[174.290s][debug][gc,phases      ] GC(98)   StringDedup Requests1 Weak     Min:  0.0, Avg:  0.0, Max:  0.0, Diff:  0.0, Sum:  0.0, Workers: 4
[174.290s][debug][gc,phases      ] GC(98)     Dead                           Min: 0, Avg:  0.0, Max: 0, Diff: 0, Sum: 0, Workers: 4
[174.290s][debug][gc,phases      ] GC(98)     Total                          Min: 0, Avg:  0.0, Max: 0, Diff: 0, Sum: 0, Workers: 4
[174.290s][debug][gc,phases      ] GC(98)   Weak JFR Old Object Samples    Min:  0.0, Avg:  0.0, Max:  0.0, Diff:  0.0, Sum:  0.0, Workers: 4
[174.290s][debug][gc,phases      ] GC(98)     Dead                           Min: 0, Avg:  0.0, Max: 0, Diff: 0, Sum: 0, Workers: 4
[174.290s][debug][gc,phases      ] GC(98)     Total                          Min: 0, Avg:  0.0, Max: 0, Diff: 0, Sum: 0, Workers: 4
[174.290s][debug][gc,phases      ] GC(98) Weak Processing 0.278ms
[174.290s][debug][gc,age         ] GC(98) Desired survivor size 70778880 bytes, new threshold 14 (max threshold 15)
[174.290s][info ][gc,heap        ] GC(98) PSYoungGen: 1989477K(2002432K)->32819K(2027008K) Eden: 1956864K(1956864K)->0K(1956864K) From: 32613K(45568K)->32819K(70144K)
[174.290s][info ][gc,heap        ] GC(98) ParOldGen: 348154K(411648K)->348586K(411648K)
[174.290s][info ][gc,metaspace   ] GC(98) Metaspace: 79623K(80448K)->79623K(80448K) NonClass: 68316K(68736K)->68316K(68736K) Class: 11306K(11712K)->11306K(11712K)
[174.290s][info ][gc             ] GC(98) Pause Young (Allocation Failure) 2282M->372M(2381M) 47.564ms
[174.290s][info ][gc,cpu         ] GC(98) User=0.17s Sys=0.01s Real=0.05s
[174.290s][info ][safepoint      ] Safepoint "ParallelGCFailedAllocation", Time since last: 946277315 ns, Reaching safepoint: 126301 ns, At safepoint: 47652552 ns, Total: 47778853 ns
[176.291s][info ][safepoint      ] Safepoint "Cleanup", Time since last: 2000126596 ns, Reaching safepoint: 47901 ns, At safepoint: 5400 ns, Total: 53301 ns
[178.291s][info ][safepoint      ] Safepoint "Cleanup", Time since last: 2000160191 ns, Reaching safepoint: 50200 ns, At safepoint: 5100 ns, Total: 55300 ns
[180.291s][info ][safepoint      ] Safepoint "Cleanup", Time since last: 2000170685 ns, Reaching safepoint: 105501 ns, At safepoint: 7900 ns, Total: 113401 ns
[181.291s][info ][safepoint      ] Safepoint "Cleanup", Time since last: 1000096491 ns, Reaching safepoint: 117000 ns, At safepoint: 12700 ns, Total: 129700 ns
[182.291s][info ][safepoint      ] Safepoint "Cleanup", Time since last: 1000099890 ns, Reaching safepoint: 46200 ns, At safepoint: 12600 ns, Total: 58800 ns
[183.292s][info ][safepoint      ] Safepoint "Cleanup", Time since last: 1000094788 ns, Reaching safepoint: 53801 ns, At safepoint: 8600 ns, Total: 62401 ns
[185.292s][info ][safepoint      ] Safepoint "Cleanup", Time since last: 2000169172 ns, Reaching safepoint: 40200 ns, At safepoint: 8300 ns, Total: 48500 ns
[186.292s][info ][safepoint      ] Safepoint "Cleanup", Time since last: 1000102884 ns, Reaching safepoint: 117501 ns, At safepoint: 11300 ns, Total: 128801 ns
[188.292s][info ][safepoint      ] Safepoint "Cleanup", Time since last: 2000166064 ns, Reaching safepoint: 109700 ns, At safepoint: 7100 ns, Total: 116800 ns
[190.293s][info ][safepoint      ] Safepoint "Cleanup", Time since last: 2000159859 ns, Reaching safepoint: 121101 ns, At safepoint: 8200 ns, Total: 129301 ns
[191.293s][info ][safepoint      ] Safepoint "Cleanup", Time since last: 1000097177 ns, Reaching safepoint: 115501 ns, At safepoint: 9200 ns, Total: 124701 ns
[192.293s][info ][safepoint      ] Safepoint "Cleanup", Time since last: 1000119176 ns, Reaching safepoint: 121201 ns, At safepoint: 10000 ns, Total: 131201 ns
[193.293s][info ][safepoint      ] Safepoint "Cleanup", Time since last: 1000096074 ns, Reaching safepoint: 111401 ns, At safepoint: 13000 ns, Total: 124401 ns
[194.294s][info ][safepoint      ] Safepoint "Cleanup", Time since last: 1000117874 ns, Reaching safepoint: 116400 ns, At safepoint: 11900 ns, Total: 128300 ns
[195.294s][info ][safepoint      ] Safepoint "Cleanup", Time since last: 1000093673 ns, Reaching safepoint: 111400 ns, At safepoint: 8700 ns, Total: 120100 ns
[196.294s][info ][safepoint      ] Safepoint "Cleanup", Time since last: 1000109171 ns, Reaching safepoint: 43700 ns, At safepoint: 27500 ns, Total: 71200 ns
[197.294s][info ][safepoint      ] Safepoint "Cleanup", Time since last: 1000100270 ns, Reaching safepoint: 117001 ns, At safepoint: 8100 ns, Total: 125101 ns
[198.294s][info ][safepoint      ] Safepoint "Cleanup", Time since last: 1000106568 ns, Reaching safepoint: 122101 ns, At safepoint: 11400 ns, Total: 133501 ns
[199.295s][info ][safepoint      ] Safepoint "Cleanup", Time since last: 1000099267 ns, Reaching safepoint: 177201 ns, At safepoint: 9300 ns, Total: 186501 ns
[200.295s][info ][safepoint      ] Safepoint "Cleanup", Time since last: 1000095965 ns, Reaching safepoint: 67901 ns, At safepoint: 6200 ns, Total: 74101 ns
[201.295s][info ][safepoint      ] Safepoint "Cleanup", Time since last: 1000102364 ns, Reaching safepoint: 50600 ns, At safepoint: 7200 ns, Total: 57800 ns
[202.295s][info ][safepoint      ] Safepoint "Cleanup", Time since last: 1000101563 ns, Reaching safepoint: 47201 ns, At safepoint: 11100 ns, Total: 58301 ns
[203.295s][info ][safepoint      ] Safepoint "Cleanup", Time since last: 1000099462 ns, Reaching safepoint: 47100 ns, At safepoint: 8700 ns, Total: 55800 ns
[204.296s][info ][safepoint      ] Safepoint "Cleanup", Time since last: 1000098060 ns, Reaching safepoint: 46501 ns, At safepoint: 6800 ns, Total: 53301 ns
[205.296s][info ][safepoint      ] Safepoint "Cleanup", Time since last: 1000098959 ns, Reaching safepoint: 50400 ns, At safepoint: 6200 ns, Total: 56600 ns
[206.296s][info ][safepoint      ] Safepoint "Cleanup", Time since last: 1000052358 ns, Reaching safepoint: 31700 ns, At safepoint: 2800 ns, Total: 34500 ns
[207.296s][info ][safepoint      ] Safepoint "Cleanup", Time since last: 1000103157 ns, Reaching safepoint: 40900 ns, At safepoint: 3500 ns, Total: 44400 ns
[208.296s][info ][safepoint      ] Safepoint "Cleanup", Time since last: 1000062555 ns, Reaching safepoint: 43000 ns, At safepoint: 3000 ns, Total: 46000 ns
[209.296s][info ][safepoint      ] Safepoint "Cleanup", Time since last: 1000099454 ns, Reaching safepoint: 42301 ns, At safepoint: 2900 ns, Total: 45201 ns
[210.296s][info ][safepoint      ] Safepoint "Cleanup", Time since last: 1000058052 ns, Reaching safepoint: 48900 ns, At safepoint: 4200 ns, Total: 53100 ns
[211.297s][info ][safepoint      ] Safepoint "Cleanup", Time since last: 1000101752 ns, Reaching safepoint: 125001 ns, At safepoint: 12700 ns, Total: 137701 ns
[212.297s][info ][safepoint      ] Safepoint "Cleanup", Time since last: 1000083550 ns, Reaching safepoint: 60400 ns, At safepoint: 6400 ns, Total: 66800 ns
[214.297s][info ][safepoint      ] Safepoint "Cleanup", Time since last: 2000169397 ns, Reaching safepoint: 64100 ns, At safepoint: 11500 ns, Total: 75600 ns
[216.292s][info ][gc,start       ] GC(99) Pause Young (Allocation Failure)
[216.298s][debug][gc,phases      ] GC(99) Scavenge 5.733ms
[216.298s][debug][gc,ref         ] GC(99) Skipped phase 1 of Reference Processing: no references
[216.298s][debug][gc,ref         ] GC(99) ReferenceProcessor::execute queues: 1, RefProcThreadModel::Single, marks_oops_alive: false
[216.298s][debug][gc,ref         ] GC(99) Skipped phase 3 of Reference Processing: no references
[216.298s][debug][gc,ref         ] GC(99) ReferenceProcessor::execute queues: 1, RefProcThreadModel::Single, marks_oops_alive: false
[216.298s][debug][gc,phases      ] GC(99) Reference Processing 0.112ms
[216.299s][debug][gc,phases      ] GC(99)   VM Weak                        Min:  0.0, Avg:  0.0, Max:  0.0, Diff:  0.0, Sum:  0.0, Workers: 4
[216.299s][debug][gc,phases      ] GC(99)     Dead                           Min: 0, Avg:  0.0, Max: 0, Diff: 0, Sum: 0, Workers: 4
[216.299s][debug][gc,phases      ] GC(99)     Total                          Min: 0, Avg: 162.8, Max: 395, Diff: 395, Sum: 651, Workers: 4
[216.299s][debug][gc,phases      ] GC(99)   ObjectSynchronizer Weak        Min:  0.0, Avg:  0.0, Max:  0.0, Diff:  0.0, Sum:  0.0, Workers: 4
[216.299s][debug][gc,phases      ] GC(99)     Dead                           Min: 0, Avg:  0.0, Max: 0, Diff: 0, Sum: 0, Workers: 4
[216.299s][debug][gc,phases      ] GC(99)     Total                          Min: 0, Avg: 119.2, Max: 285, Diff: 285, Sum: 477, Workers: 4
[216.299s][debug][gc,phases      ] GC(99)   JVMTI Tag Weak OopStorage      Min:  0.0, Avg:  0.0, Max:  0.0, Diff:  0.0, Sum:  0.0, Workers: 4
[216.299s][debug][gc,phases      ] GC(99)     Dead                           Min: 0, Avg:  0.0, Max: 0, Diff: 0, Sum: 0, Workers: 4
[216.299s][debug][gc,phases      ] GC(99)     Total                          Min: 0, Avg:  0.0, Max: 0, Diff: 0, Sum: 0, Workers: 4
[216.299s][debug][gc,phases      ] GC(99)   StringTable Weak               Min:  0.1, Avg:  0.1, Max:  0.1, Diff:  0.0, Sum:  0.3, Workers: 4
[216.299s][debug][gc,phases      ] GC(99)     Dead                           Min: 0, Avg:  0.2, Max: 1, Diff: 1, Sum: 1, Workers: 4
[216.299s][debug][gc,phases      ] GC(99)     Total                          Min: 8448, Avg: 11870.2, Max: 13120, Diff: 4672, Sum: 47481, Workers: 4
[216.299s][debug][gc,phases      ] GC(99)   ResolvedMethodTable Weak       Min:  0.0, Avg:  0.0, Max:  0.0, Diff:  0.0, Sum:  0.1, Workers: 4
[216.299s][debug][gc,phases      ] GC(99)     Dead                           Min: 0, Avg:  0.0, Max: 0, Diff: 0, Sum: 0, Workers: 4
[216.299s][debug][gc,phases      ] GC(99)     Total                          Min: 1453, Avg: 2011.2, Max: 2304, Diff: 851, Sum: 8045, Workers: 4
[216.299s][debug][gc,phases      ] GC(99)   JNI Weak                       Min:  0.0, Avg:  0.0, Max:  0.0, Diff:  0.0, Sum:  0.0, Workers: 4
[216.299s][debug][gc,phases      ] GC(99)     Dead                           Min: 0, Avg:  0.0, Max: 0, Diff: 0, Sum: 0, Workers: 4
[216.299s][debug][gc,phases      ] GC(99)     Total                          Min: 0, Avg:  0.0, Max: 0, Diff: 0, Sum: 0, Workers: 4
[216.299s][debug][gc,phases      ] GC(99)   StringDedup Table Weak         Min:  0.0, Avg:  0.0, Max:  0.0, Diff:  0.0, Sum:  0.0, Workers: 4
[216.299s][debug][gc,phases      ] GC(99)     Dead                           Min: 0, Avg:  0.0, Max: 0, Diff: 0, Sum: 0, Workers: 4
[216.299s][debug][gc,phases      ] GC(99)     Total                          Min: 0, Avg:  0.0, Max: 0, Diff: 0, Sum: 0, Workers: 4
[216.299s][debug][gc,phases      ] GC(99)   StringDedup Requests0 Weak     Min:  0.0, Avg:  0.0, Max:  0.0, Diff:  0.0, Sum:  0.0, Workers: 4
[216.299s][debug][gc,phases      ] GC(99)     Dead                           Min: 0, Avg:  0.0, Max: 0, Diff: 0, Sum: 0, Workers: 4
[216.299s][debug][gc,phases      ] GC(99)     Total                          Min: 0, Avg:  0.0, Max: 0, Diff: 0, Sum: 0, Workers: 4
[216.299s][debug][gc,phases      ] GC(99)   StringDedup Requests1 Weak     Min:  0.0, Avg:  0.0, Max:  0.0, Diff:  0.0, Sum:  0.0, Workers: 4
[216.299s][debug][gc,phases      ] GC(99)     Dead                           Min: 0, Avg:  0.0, Max: 0, Diff: 0, Sum: 0, Workers: 4
[216.299s][debug][gc,phases      ] GC(99)     Total                          Min: 0, Avg:  0.0, Max: 0, Diff: 0, Sum: 0, Workers: 4
[216.299s][debug][gc,phases      ] GC(99)   Weak JFR Old Object Samples    Min:  0.0, Avg:  0.0, Max:  0.0, Diff:  0.0, Sum:  0.0, Workers: 4
[216.299s][debug][gc,phases      ] GC(99)     Dead                           Min: 0, Avg:  0.0, Max: 0, Diff: 0, Sum: 0, Workers: 4
[216.299s][debug][gc,phases      ] GC(99)     Total                          Min: 0, Avg:  0.0, Max: 0, Diff: 0, Sum: 0, Workers: 4
[216.299s][debug][gc,phases      ] GC(99) Weak Processing 0.250ms
[216.299s][debug][gc,age         ] GC(99) Desired survivor size 69730304 bytes, new threshold 15 (max threshold 15)
[216.299s][info ][gc,heap        ] GC(99) PSYoungGen: 1989683K(2027008K)->32901K(2029056K) Eden: 1956864K(1956864K)->0K(1959936K) From: 32819K(70144K)->32901K(69120K)
[216.299s][info ][gc,heap        ] GC(99) ParOldGen: 348586K(411648K)->348594K(411648K)
[216.299s][info ][gc,metaspace   ] GC(99) Metaspace: 79795K(80640K)->79795K(80640K) NonClass: 68470K(68928K)->68470K(68928K) Class: 11324K(11712K)->11324K(11712K)
[216.299s][info ][gc             ] GC(99) Pause Young (Allocation Failure) 2283M->372M(2383M) 6.219ms
[216.299s][info ][gc,cpu         ] GC(99) User=0.02s Sys=0.00s Real=0.00s
[216.299s][info ][safepoint      ] Safepoint "ParallelGCFailedAllocation", Time since last: 1995466367 ns, Reaching safepoint: 39600 ns, At safepoint: 6293333 ns, Total: 6332933 ns
[217.299s][info ][safepoint      ] Safepoint "Cleanup", Time since last: 1000081044 ns, Reaching safepoint: 39100 ns, At safepoint: 2900 ns, Total: 42000 ns
[218.799s][info ][safepoint      ] Safepoint "Cleanup", Time since last: 1500088964 ns, Reaching safepoint: 71200 ns, At safepoint: 8300 ns, Total: 79500 ns
[220.799s][info ][safepoint      ] Safepoint "Cleanup", Time since last: 2000134080 ns, Reaching safepoint: 44900 ns, At safepoint: 7101 ns, Total: 52001 ns
[221.799s][info ][safepoint      ] Safepoint "Cleanup", Time since last: 1000098338 ns, Reaching safepoint: 56600 ns, At safepoint: 23100 ns, Total: 79700 ns
[222.800s][info ][safepoint      ] Safepoint "Cleanup", Time since last: 1000101437 ns, Reaching safepoint: 36701 ns, At safepoint: 3200 ns, Total: 39901 ns
[223.800s][info ][safepoint      ] Safepoint "Cleanup", Time since last: 1000099835 ns, Reaching safepoint: 40801 ns, At safepoint: 5000 ns, Total: 45801 ns
[224.800s][info ][safepoint      ] Safepoint "Cleanup", Time since last: 1000095634 ns, Reaching safepoint: 39100 ns, At safepoint: 3600 ns, Total: 42700 ns
[225.800s][info ][safepoint      ] Safepoint "Cleanup", Time since last: 1000100634 ns, Reaching safepoint: 114700 ns, At safepoint: 8901 ns, Total: 123601 ns
[226.800s][info ][safepoint      ] Safepoint "Cleanup", Time since last: 1000101332 ns, Reaching safepoint: 37700 ns, At safepoint: 2900 ns, Total: 40600 ns
[229.800s][info ][safepoint      ] Safepoint "Cleanup", Time since last: 3000226789 ns, Reaching safepoint: 48100 ns, At safepoint: 5700 ns, Total: 53800 ns
[230.801s][info ][safepoint      ] Safepoint "Cleanup", Time since last: 1000100527 ns, Reaching safepoint: 51100 ns, At safepoint: 8200 ns, Total: 59300 ns
[232.801s][info ][safepoint      ] Safepoint "Cleanup", Time since last: 2000160751 ns, Reaching safepoint: 50200 ns, At safepoint: 4900 ns, Total: 55100 ns
[233.801s][info ][safepoint      ] Safepoint "Cleanup", Time since last: 1000088024 ns, Reaching safepoint: 47900 ns, At safepoint: 5300 ns, Total: 53200 ns
[234.801s][info ][safepoint      ] Safepoint "Cleanup", Time since last: 1000100822 ns, Reaching safepoint: 45301 ns, At safepoint: 2900 ns, Total: 48201 ns
[235.801s][info ][safepoint      ] Safepoint "Cleanup", Time since last: 1000102521 ns, Reaching safepoint: 60900 ns, At safepoint: 7100 ns, Total: 68000 ns
[236.801s][info ][safepoint      ] Safepoint "Cleanup", Time since last: 1000106720 ns, Reaching safepoint: 46900 ns, At safepoint: 6900 ns, Total: 53800 ns
[237.802s][info ][safepoint      ] Safepoint "Cleanup", Time since last: 1000107019 ns, Reaching safepoint: 68001 ns, At safepoint: 11200 ns, Total: 79201 ns
[238.802s][info ][safepoint      ] Safepoint "Cleanup", Time since last: 1000092717 ns, Reaching safepoint: 65800 ns, At safepoint: 7801 ns, Total: 73601 ns
[239.802s][info ][safepoint      ] Safepoint "Cleanup", Time since last: 1000106216 ns, Reaching safepoint: 43200 ns, At safepoint: 6300 ns, Total: 49500 ns
[240.802s][info ][safepoint      ] Safepoint "Cleanup", Time since last: 1000108615 ns, Reaching safepoint: 37700 ns, At safepoint: 2401 ns, Total: 40101 ns
[241.802s][info ][safepoint      ] Safepoint "Cleanup", Time since last: 1000108613 ns, Reaching safepoint: 95201 ns, At safepoint: 10700 ns, Total: 105901 ns
[242.802s][info ][safepoint      ] Safepoint "Cleanup", Time since last: 1000088113 ns, Reaching safepoint: 57000 ns, At safepoint: 10700 ns, Total: 67700 ns
[243.803s][info ][safepoint      ] Safepoint "Cleanup", Time since last: 1000102812 ns, Reaching safepoint: 45100 ns, At safepoint: 2700 ns, Total: 47800 ns
[244.803s][info ][safepoint      ] Safepoint "Cleanup", Time since last: 1000100410 ns, Reaching safepoint: 46200 ns, At safepoint: 6600 ns, Total: 52800 ns
[245.803s][info ][safepoint      ] Safepoint "Cleanup", Time since last: 1000080210 ns, Reaching safepoint: 46400 ns, At safepoint: 5200 ns, Total: 51600 ns
[246.803s][info ][safepoint      ] Safepoint "Cleanup", Time since last: 1000103408 ns, Reaching safepoint: 46000 ns, At safepoint: 2900 ns, Total: 48900 ns
[247.803s][info ][safepoint      ] Safepoint "Cleanup", Time since last: 1000101107 ns, Reaching safepoint: 70100 ns, At safepoint: 7500 ns, Total: 77600 ns
[248.803s][info ][safepoint      ] Safepoint "Cleanup", Time since last: 1000102706 ns, Reaching safepoint: 48600 ns, At safepoint: 5500 ns, Total: 54100 ns
[249.804s][info ][safepoint      ] Safepoint "Cleanup", Time since last: 1000107105 ns, Reaching safepoint: 39400 ns, At safepoint: 2800 ns, Total: 42200 ns
[250.999s][info ][safepoint      ] Safepoint "Cleanup", Time since last: 1195404919 ns, Reaching safepoint: 73600 ns, At safepoint: 6700 ns, Total: 80300 ns
[251.999s][info ][safepoint      ] Safepoint "Cleanup", Time since last: 1000097002 ns, Reaching safepoint: 64301 ns, At safepoint: 5600 ns, Total: 69901 ns
[252.999s][info ][safepoint      ] Safepoint "Cleanup", Time since last: 1000093300 ns, Reaching safepoint: 43801 ns, At safepoint: 2800 ns, Total: 46601 ns
[253.999s][info ][safepoint      ] Safepoint "Cleanup", Time since last: 1000114299 ns, Reaching safepoint: 46700 ns, At safepoint: 3000 ns, Total: 49700 ns
[255.000s][info ][safepoint      ] Safepoint "Cleanup", Time since last: 1000103999 ns, Reaching safepoint: 47100 ns, At safepoint: 11500 ns, Total: 58600 ns
[256.000s][info ][safepoint      ] Safepoint "Cleanup", Time since last: 1000098597 ns, Reaching safepoint: 45200 ns, At safepoint: 3800 ns, Total: 49000 ns
[257.000s][info ][safepoint      ] Safepoint "Cleanup", Time since last: 1000104196 ns, Reaching safepoint: 48601 ns, At safepoint: 3800 ns, Total: 52401 ns
[258.994s][info ][safepoint      ] Safepoint "Cleanup", Time since last: 1993747855 ns, Reaching safepoint: 80200 ns, At safepoint: 9100 ns, Total: 89300 ns
[259.994s][info ][safepoint      ] Safepoint "Cleanup", Time since last: 1000091793 ns, Reaching safepoint: 143300 ns, At safepoint: 7501 ns, Total: 150801 ns
[260.385s][info ][gc,start       ] GC(100) Pause Young (Allocation Failure)
[260.392s][debug][gc,phases      ] GC(100) Scavenge 6.324ms
[260.392s][debug][gc,ref         ] GC(100) Skipped phase 1 of Reference Processing: no references
[260.392s][debug][gc,ref         ] GC(100) ReferenceProcessor::execute queues: 1, RefProcThreadModel::Single, marks_oops_alive: false
[260.392s][debug][gc,ref         ] GC(100) Skipped phase 3 of Reference Processing: no references
[260.392s][debug][gc,ref         ] GC(100) ReferenceProcessor::execute queues: 1, RefProcThreadModel::Single, marks_oops_alive: false
[260.392s][debug][gc,phases      ] GC(100) Reference Processing 0.102ms
[260.392s][debug][gc,phases      ] GC(100)   VM Weak                        Min:  0.0, Avg:  0.0, Max:  0.0, Diff:  0.0, Sum:  0.0, Workers: 4
[260.392s][debug][gc,phases      ] GC(100)     Dead                           Min: 0, Avg:  0.0, Max: 0, Diff: 0, Sum: 0, Workers: 4
[260.392s][debug][gc,phases      ] GC(100)     Total                          Min: 0, Avg: 162.8, Max: 331, Diff: 331, Sum: 651, Workers: 4
[260.392s][debug][gc,phases      ] GC(100)   ObjectSynchronizer Weak        Min:  0.0, Avg:  0.0, Max:  0.0, Diff:  0.0, Sum:  0.0, Workers: 4
[260.392s][debug][gc,phases      ] GC(100)     Dead                           Min: 0, Avg:  0.0, Max: 0, Diff: 0, Sum: 0, Workers: 4
[260.392s][debug][gc,phases      ] GC(100)     Total                          Min: 0, Avg: 119.2, Max: 285, Diff: 285, Sum: 477, Workers: 4
[260.392s][debug][gc,phases      ] GC(100)   JVMTI Tag Weak OopStorage      Min:  0.0, Avg:  0.0, Max:  0.0, Diff:  0.0, Sum:  0.0, Workers: 4
[260.392s][debug][gc,phases      ] GC(100)     Dead                           Min: 0, Avg:  0.0, Max: 0, Diff: 0, Sum: 0, Workers: 4
[260.392s][debug][gc,phases      ] GC(100)     Total                          Min: 0, Avg:  0.0, Max: 0, Diff: 0, Sum: 0, Workers: 4
[260.392s][debug][gc,phases      ] GC(100)   StringTable Weak               Min:  0.1, Avg:  0.1, Max:  0.1, Diff:  0.0, Sum:  0.4, Workers: 4
[260.392s][debug][gc,phases      ] GC(100)     Dead                           Min: 0, Avg:  0.2, Max: 1, Diff: 1, Sum: 1, Workers: 4
[260.392s][debug][gc,phases      ] GC(100)     Total                          Min: 9280, Avg: 11912.8, Max: 15104, Diff: 5824, Sum: 47651, Workers: 4
[260.392s][debug][gc,phases      ] GC(100)   ResolvedMethodTable Weak       Min:  0.0, Avg:  0.0, Max:  0.0, Diff:  0.0, Sum:  0.1, Workers: 4
[260.392s][debug][gc,phases      ] GC(100)     Dead                           Min: 0, Avg:  5.8, Max: 14, Diff: 14, Sum: 23, Workers: 4
[260.392s][debug][gc,phases      ] GC(100)     Total                          Min: 1600, Avg: 2020.2, Max: 2385, Diff: 785, Sum: 8081, Workers: 4
[260.392s][debug][gc,phases      ] GC(100)   JNI Weak                       Min:  0.0, Avg:  0.0, Max:  0.0, Diff:  0.0, Sum:  0.0, Workers: 4
[260.392s][debug][gc,phases      ] GC(100)     Dead                           Min: 0, Avg:  0.0, Max: 0, Diff: 0, Sum: 0, Workers: 4
[260.392s][debug][gc,phases      ] GC(100)     Total                          Min: 0, Avg:  0.0, Max: 0, Diff: 0, Sum: 0, Workers: 4
[260.392s][debug][gc,phases      ] GC(100)   StringDedup Table Weak         Min:  0.0, Avg:  0.0, Max:  0.0, Diff:  0.0, Sum:  0.0, Workers: 4
[260.392s][debug][gc,phases      ] GC(100)     Dead                           Min: 0, Avg:  0.0, Max: 0, Diff: 0, Sum: 0, Workers: 4
[260.392s][debug][gc,phases      ] GC(100)     Total                          Min: 0, Avg:  0.0, Max: 0, Diff: 0, Sum: 0, Workers: 4
[260.392s][debug][gc,phases      ] GC(100)   StringDedup Requests0 Weak     Min:  0.0, Avg:  0.0, Max:  0.0, Diff:  0.0, Sum:  0.0, Workers: 4
[260.392s][debug][gc,phases      ] GC(100)     Dead                           Min: 0, Avg:  0.0, Max: 0, Diff: 0, Sum: 0, Workers: 4
[260.392s][debug][gc,phases      ] GC(100)     Total                          Min: 0, Avg:  0.0, Max: 0, Diff: 0, Sum: 0, Workers: 4
[260.392s][debug][gc,phases      ] GC(100)   StringDedup Requests1 Weak     Min:  0.0, Avg:  0.0, Max:  0.0, Diff:  0.0, Sum:  0.0, Workers: 4
[260.392s][debug][gc,phases      ] GC(100)     Dead                           Min: 0, Avg:  0.0, Max: 0, Diff: 0, Sum: 0, Workers: 4
[260.392s][debug][gc,phases      ] GC(100)     Total                          Min: 0, Avg:  0.0, Max: 0, Diff: 0, Sum: 0, Workers: 4
[260.392s][debug][gc,phases      ] GC(100)   Weak JFR Old Object Samples    Min:  0.0, Avg:  0.0, Max:  0.0, Diff:  0.0, Sum:  0.0, Workers: 4
[260.392s][debug][gc,phases      ] GC(100)     Dead                           Min: 0, Avg:  0.0, Max: 0, Diff: 0, Sum: 0, Workers: 4
[260.392s][debug][gc,phases      ] GC(100)     Total                          Min: 0, Avg:  0.0, Max: 0, Diff: 0, Sum: 0, Workers: 4
[260.392s][debug][gc,phases      ] GC(100) Weak Processing 0.269ms
[260.392s][debug][gc,age         ] GC(100) Desired survivor size 68681728 bytes, new threshold 15 (max threshold 15)
[260.392s][info ][gc,heap        ] GC(100) PSYoungGen: 1992837K(2029056K)->32979K(2028032K) Eden: 1959936K(1959936K)->0K(1959936K) From: 32901K(69120K)->32979K(68096K)
[260.392s][info ][gc,heap        ] GC(100) ParOldGen: 348594K(411648K)->348602K(411648K)
[260.392s][info ][gc,metaspace   ] GC(100) Metaspace: 80241K(81024K)->80241K(81024K) NonClass: 68880K(69312K)->68880K(69312K) Class: 11360K(11712K)->11360K(11712K)
[260.392s][info ][gc             ] GC(100) Pause Young (Allocation Failure) 2286M->372M(2382M) 6.800ms
[260.392s][info ][gc,cpu         ] GC(100) User=0.02s Sys=0.00s Real=0.01s
[260.392s][info ][safepoint      ] Safepoint "ParallelGCFailedAllocation", Time since last: 391087630 ns, Reaching safepoint: 128200 ns, At safepoint: 6865436 ns, Total: 6993636 ns
[261.392s][info ][safepoint      ] Safepoint "Cleanup", Time since last: 1000081491 ns, Reaching safepoint: 50100 ns, At safepoint: 8000 ns, Total: 58100 ns
[262.392s][info ][safepoint      ] Safepoint "Cleanup", Time since last: 1000102290 ns, Reaching safepoint: 133601 ns, At safepoint: 10400 ns, Total: 144001 ns
[264.393s][info ][safepoint      ] Safepoint "Cleanup", Time since last: 2000168976 ns, Reaching safepoint: 113900 ns, At safepoint: 10200 ns, Total: 124100 ns
[265.393s][info ][safepoint      ] Safepoint "Cleanup", Time since last: 1000105387 ns, Reaching safepoint: 112500 ns, At safepoint: 5600 ns, Total: 118100 ns
[267.393s][info ][safepoint      ] Safepoint "Cleanup", Time since last: 2000157369 ns, Reaching safepoint: 123701 ns, At safepoint: 9300 ns, Total: 133001 ns
[268.393s][info ][safepoint      ] Safepoint "Cleanup", Time since last: 1000099383 ns, Reaching safepoint: 67000 ns, At safepoint: 13800 ns, Total: 80800 ns
[269.394s][info ][safepoint      ] Safepoint "Cleanup", Time since last: 1000096682 ns, Reaching safepoint: 113201 ns, At safepoint: 7700 ns, Total: 120901 ns
[270.394s][info ][safepoint      ] Safepoint "Cleanup", Time since last: 1000072280 ns, Reaching safepoint: 110601 ns, At safepoint: 10900 ns, Total: 121501 ns
[271.394s][info ][safepoint      ] Safepoint "Cleanup", Time since last: 1000092479 ns, Reaching safepoint: 53101 ns, At safepoint: 5400 ns, Total: 58501 ns
[272.394s][info ][safepoint      ] Safepoint "Cleanup", Time since last: 1000098378 ns, Reaching safepoint: 46400 ns, At safepoint: 9700 ns, Total: 56100 ns
[273.394s][info ][safepoint      ] Safepoint "Cleanup", Time since last: 1000100278 ns, Reaching safepoint: 45400 ns, At safepoint: 7900 ns, Total: 53300 ns
[274.395s][info ][safepoint      ] Safepoint "Cleanup", Time since last: 1000099876 ns, Reaching safepoint: 56600 ns, At safepoint: 12100 ns, Total: 68700 ns
[275.395s][info ][safepoint      ] Safepoint "Cleanup", Time since last: 1000099575 ns, Reaching safepoint: 55301 ns, At safepoint: 5100 ns, Total: 60401 ns
[276.395s][info ][safepoint      ] Safepoint "Cleanup", Time since last: 1000096174 ns, Reaching safepoint: 45100 ns, At safepoint: 4800 ns, Total: 49900 ns
[277.395s][info ][safepoint      ] Safepoint "Cleanup", Time since last: 1000101173 ns, Reaching safepoint: 41100 ns, At safepoint: 2000 ns, Total: 43100 ns
[278.395s][info ][safepoint      ] Safepoint "Cleanup", Time since last: 1000070371 ns, Reaching safepoint: 49801 ns, At safepoint: 2800 ns, Total: 52601 ns
[280.395s][info ][safepoint      ] Safepoint "Cleanup", Time since last: 2000163640 ns, Reaching safepoint: 39900 ns, At safepoint: 5400 ns, Total: 45300 ns
[288.396s][info ][safepoint      ] Safepoint "Cleanup", Time since last: 8000541714 ns, Reaching safepoint: 52901 ns, At safepoint: 10000 ns, Total: 62901 ns
[290.396s][info ][safepoint      ] Safepoint "Cleanup", Time since last: 2000160017 ns, Reaching safepoint: 54501 ns, At safepoint: 5800 ns, Total: 60301 ns
[291.396s][info ][safepoint      ] Safepoint "Cleanup", Time since last: 1000077957 ns, Reaching safepoint: 38600 ns, At safepoint: 5200 ns, Total: 43800 ns
[293.396s][info ][safepoint      ] Safepoint "Cleanup", Time since last: 2000152911 ns, Reaching safepoint: 43501 ns, At safepoint: 6600 ns, Total: 50101 ns
[294.397s][info ][safepoint      ] Safepoint "Cleanup", Time since last: 1000094954 ns, Reaching safepoint: 44700 ns, At safepoint: 2900 ns, Total: 47600 ns
[295.397s][info ][safepoint      ] Safepoint "Cleanup", Time since last: 1000101553 ns, Reaching safepoint: 43500 ns, At safepoint: 6200 ns, Total: 49700 ns
[296.397s][info ][safepoint      ] Safepoint "Cleanup", Time since last: 1000115452 ns, Reaching safepoint: 50601 ns, At safepoint: 7600 ns, Total: 58201 ns
[297.397s][info ][safepoint      ] Safepoint "Cleanup", Time since last: 1000076450 ns, Reaching safepoint: 50801 ns, At safepoint: 6300 ns, Total: 57101 ns
[298.397s][info ][safepoint      ] Safepoint "Cleanup", Time since last: 1000078149 ns, Reaching safepoint: 46601 ns, At safepoint: 7600 ns, Total: 54201 ns
[299.397s][info ][safepoint      ] Safepoint "Cleanup", Time since last: 1000099949 ns, Reaching safepoint: 43100 ns, At safepoint: 3300 ns, Total: 46400 ns
[300.397s][info ][safepoint      ] Safepoint "Cleanup", Time since last: 1000091847 ns, Reaching safepoint: 43901 ns, At safepoint: 6600 ns, Total: 50501 ns
[301.398s][info ][safepoint      ] Safepoint "Cleanup", Time since last: 1000095746 ns, Reaching safepoint: 60501 ns, At safepoint: 5000 ns, Total: 65501 ns
[302.398s][info ][safepoint      ] Safepoint "Cleanup", Time since last: 1000093645 ns, Reaching safepoint: 44000 ns, At safepoint: 2400 ns, Total: 46400 ns
[303.398s][info ][safepoint      ] Safepoint "Cleanup", Time since last: 1000093145 ns, Reaching safepoint: 51000 ns, At safepoint: 5000 ns, Total: 56000 ns
[304.398s][info ][safepoint      ] Safepoint "Cleanup", Time since last: 1000079943 ns, Reaching safepoint: 57201 ns, At safepoint: 7200 ns, Total: 64401 ns
[305.492s][info ][gc,start       ] GC(101) Pause Young (Allocation Failure)
[305.499s][debug][gc,phases      ] GC(101) Scavenge 6.386ms
[305.499s][debug][gc,ref         ] GC(101) Skipped phase 1 of Reference Processing: no references
[305.499s][debug][gc,ref         ] GC(101) ReferenceProcessor::execute queues: 1, RefProcThreadModel::Single, marks_oops_alive: false
[305.499s][debug][gc,ref         ] GC(101) Skipped phase 3 of Reference Processing: no references
[305.499s][debug][gc,ref         ] GC(101) ReferenceProcessor::execute queues: 1, RefProcThreadModel::Single, marks_oops_alive: false
[305.499s][debug][gc,phases      ] GC(101) Reference Processing 0.102ms
[305.499s][debug][gc,phases      ] GC(101)   VM Weak                        Min:  0.0, Avg:  0.0, Max:  0.0, Diff:  0.0, Sum:  0.0, Workers: 4
[305.499s][debug][gc,phases      ] GC(101)     Dead                           Min: 0, Avg:  0.0, Max: 0, Diff: 0, Sum: 0, Workers: 4
[305.499s][debug][gc,phases      ] GC(101)     Total                          Min: 0, Avg: 162.8, Max: 651, Diff: 651, Sum: 651, Workers: 4
[305.499s][debug][gc,phases      ] GC(101)   ObjectSynchronizer Weak        Min:  0.0, Avg:  0.0, Max:  0.0, Diff:  0.0, Sum:  0.0, Workers: 4
[305.499s][debug][gc,phases      ] GC(101)     Dead                           Min: 0, Avg:  0.0, Max: 0, Diff: 0, Sum: 0, Workers: 4
[305.499s][debug][gc,phases      ] GC(101)     Total                          Min: 0, Avg: 119.2, Max: 320, Diff: 320, Sum: 477, Workers: 4
[305.499s][debug][gc,phases      ] GC(101)   JVMTI Tag Weak OopStorage      Min:  0.0, Avg:  0.0, Max:  0.0, Diff:  0.0, Sum:  0.0, Workers: 4
[305.499s][debug][gc,phases      ] GC(101)     Dead                           Min: 0, Avg:  0.0, Max: 0, Diff: 0, Sum: 0, Workers: 4
[305.499s][debug][gc,phases      ] GC(101)     Total                          Min: 0, Avg:  0.0, Max: 0, Diff: 0, Sum: 0, Workers: 4
[305.499s][debug][gc,phases      ] GC(101)   StringTable Weak               Min:  0.1, Avg:  0.1, Max:  0.1, Diff:  0.0, Sum:  0.4, Workers: 4
[305.499s][debug][gc,phases      ] GC(101)     Dead                           Min: 0, Avg:  0.0, Max: 0, Diff: 0, Sum: 0, Workers: 4
[305.499s][debug][gc,phases      ] GC(101)     Total                          Min: 9327, Avg: 11931.8, Max: 14464, Diff: 5137, Sum: 47727, Workers: 4
[305.499s][debug][gc,phases      ] GC(101)   ResolvedMethodTable Weak       Min:  0.0, Avg:  0.0, Max:  0.0, Diff:  0.0, Sum:  0.1, Workers: 4
[305.499s][debug][gc,phases      ] GC(101)     Dead                           Min: 0, Avg:  0.2, Max: 1, Diff: 1, Sum: 1, Workers: 4
[305.499s][debug][gc,phases      ] GC(101)     Total                          Min: 1562, Avg: 2022.5, Max: 2432, Diff: 870, Sum: 8090, Workers: 4
[305.499s][debug][gc,phases      ] GC(101)   JNI Weak                       Min:  0.0, Avg:  0.0, Max:  0.0, Diff:  0.0, Sum:  0.0, Workers: 4
[305.499s][debug][gc,phases      ] GC(101)     Dead                           Min: 0, Avg:  0.0, Max: 0, Diff: 0, Sum: 0, Workers: 4
[305.499s][debug][gc,phases      ] GC(101)     Total                          Min: 0, Avg:  0.0, Max: 0, Diff: 0, Sum: 0, Workers: 4
[305.499s][debug][gc,phases      ] GC(101)   StringDedup Table Weak         Min:  0.0, Avg:  0.0, Max:  0.0, Diff:  0.0, Sum:  0.0, Workers: 4
[305.499s][debug][gc,phases      ] GC(101)     Dead                           Min: 0, Avg:  0.0, Max: 0, Diff: 0, Sum: 0, Workers: 4
[305.499s][debug][gc,phases      ] GC(101)     Total                          Min: 0, Avg:  0.0, Max: 0, Diff: 0, Sum: 0, Workers: 4
[305.499s][debug][gc,phases      ] GC(101)   StringDedup Requests0 Weak     Min:  0.0, Avg:  0.0, Max:  0.0, Diff:  0.0, Sum:  0.0, Workers: 4
[305.499s][debug][gc,phases      ] GC(101)     Dead                           Min: 0, Avg:  0.0, Max: 0, Diff: 0, Sum: 0, Workers: 4
[305.499s][debug][gc,phases      ] GC(101)     Total                          Min: 0, Avg:  0.0, Max: 0, Diff: 0, Sum: 0, Workers: 4
[305.499s][debug][gc,phases      ] GC(101)   StringDedup Requests1 Weak     Min:  0.0, Avg:  0.0, Max:  0.0, Diff:  0.0, Sum:  0.0, Workers: 4
[305.499s][debug][gc,phases      ] GC(101)     Dead                           Min: 0, Avg:  0.0, Max: 0, Diff: 0, Sum: 0, Workers: 4
[305.499s][debug][gc,phases      ] GC(101)     Total                          Min: 0, Avg:  0.0, Max: 0, Diff: 0, Sum: 0, Workers: 4
[305.499s][debug][gc,phases      ] GC(101)   Weak JFR Old Object Samples    Min:  0.0, Avg:  0.0, Max:  0.0, Diff:  0.0, Sum:  0.0, Workers: 4
[305.499s][debug][gc,phases      ] GC(101)     Dead                           Min: 0, Avg:  0.0, Max: 0, Diff: 0, Sum: 0, Workers: 4
[305.499s][debug][gc,phases      ] GC(101)     Total                          Min: 0, Avg:  0.0, Max: 0, Diff: 0, Sum: 0, Workers: 4
[305.499s][debug][gc,phases      ] GC(101) Weak Processing 0.307ms
[305.499s][debug][gc,age         ] GC(101) Desired survivor size 67108864 bytes, new threshold 15 (max threshold 15)
[305.499s][info ][gc,heap        ] GC(101) PSYoungGen: 1992915K(2028032K)->32821K(2031616K) Eden: 1959936K(1959936K)->0K(1964544K) From: 32979K(68096K)->32821K(67072K)
[305.499s][info ][gc,heap        ] GC(101) ParOldGen: 348602K(411648K)->348858K(411648K)
[305.499s][info ][gc,metaspace   ] GC(101) Metaspace: 80323K(81152K)->80323K(81152K) NonClass: 68958K(69376K)->68958K(69376K) Class: 11364K(11776K)->11364K(11776K)
[305.499s][info ][gc             ] GC(101) Pause Young (Allocation Failure) 2286M->372M(2386M) 6.903ms
[305.499s][info ][gc,cpu         ] GC(101) User=0.02s Sys=0.00s Real=0.00s
[305.499s][info ][safepoint      ] Safepoint "ParallelGCFailedAllocation", Time since last: 1094073025 ns, Reaching safepoint: 49000 ns, At safepoint: 6976536 ns, Total: 7025536 ns
[306.499s][info ][safepoint      ] Safepoint "Cleanup", Time since last: 1000047241 ns, Reaching safepoint: 39201 ns, At safepoint: 6600 ns, Total: 45801 ns
[308.499s][info ][safepoint      ] Safepoint "Cleanup", Time since last: 2000146379 ns, Reaching safepoint: 31300 ns, At safepoint: 2800 ns, Total: 34100 ns
[309.500s][info ][safepoint      ] Safepoint "Cleanup", Time since last: 1000095938 ns, Reaching safepoint: 40800 ns, At safepoint: 7200 ns, Total: 48000 ns
[310.500s][info ][safepoint      ] Safepoint "Cleanup", Time since last: 1000094237 ns, Reaching safepoint: 63200 ns, At safepoint: 18500 ns, Total: 81700 ns
[315.500s][info ][safepoint      ] Safepoint "Cleanup", Time since last: 5000348369 ns, Reaching safepoint: 41400 ns, At safepoint: 2800 ns, Total: 44200 ns
[317.297s][info ][safepoint      ] Safepoint "Cleanup", Time since last: 1796276015 ns, Reaching safepoint: 127600 ns, At safepoint: 9800 ns, Total: 137400 ns
[318.297s][info ][safepoint      ] Safepoint "Cleanup", Time since last: 1000100129 ns, Reaching safepoint: 44901 ns, At safepoint: 3200 ns, Total: 48101 ns
[319.297s][info ][safepoint      ] Safepoint "Cleanup", Time since last: 1000106228 ns, Reaching safepoint: 43800 ns, At safepoint: 5800 ns, Total: 49600 ns
[320.297s][info ][safepoint      ] Safepoint "Cleanup", Time since last: 1000094127 ns, Reaching safepoint: 81000 ns, At safepoint: 8000 ns, Total: 89000 ns
[321.297s][info ][safepoint      ] Safepoint "Cleanup", Time since last: 1000093426 ns, Reaching safepoint: 53500 ns, At safepoint: 19300 ns, Total: 72800 ns
[322.297s][info ][safepoint      ] Safepoint "Cleanup", Time since last: 1000096125 ns, Reaching safepoint: 42900 ns, At safepoint: 6100 ns, Total: 49000 ns
[324.298s][info ][safepoint      ] Safepoint "Cleanup", Time since last: 2000152747 ns, Reaching safepoint: 56600 ns, At safepoint: 5300 ns, Total: 61900 ns
[325.298s][info ][safepoint      ] Safepoint "Cleanup", Time since last: 1000085222 ns, Reaching safepoint: 39500 ns, At safepoint: 2400 ns, Total: 41900 ns
[326.298s][info ][safepoint      ] Safepoint "Cleanup", Time since last: 1000097320 ns, Reaching safepoint: 50601 ns, At safepoint: 10300 ns, Total: 60901 ns
[327.298s][info ][safepoint      ] Safepoint "Cleanup", Time since last: 1000095119 ns, Reaching safepoint: 42601 ns, At safepoint: 6800 ns, Total: 49401 ns
[328.298s][info ][safepoint      ] Safepoint "Cleanup", Time since last: 1000096918 ns, Reaching safepoint: 37001 ns, At safepoint: 2400 ns, Total: 39401 ns
[331.298s][info ][safepoint      ] Safepoint "Cleanup", Time since last: 3000215749 ns, Reaching safepoint: 53900 ns, At safepoint: 5401 ns, Total: 59301 ns
[332.299s][info ][safepoint      ] Safepoint "Cleanup", Time since last: 1000110514 ns, Reaching safepoint: 42900 ns, At safepoint: 5400 ns, Total: 48300 ns
[333.299s][info ][safepoint      ] Safepoint "Cleanup", Time since last: 1000113114 ns, Reaching safepoint: 42500 ns, At safepoint: 2900 ns, Total: 45400 ns
[335.299s][info ][safepoint      ] Safepoint "Cleanup", Time since last: 2000170325 ns, Reaching safepoint: 45400 ns, At safepoint: 10400 ns, Total: 55800 ns
[337.299s][info ][safepoint      ] Safepoint "Cleanup", Time since last: 2000162920 ns, Reaching safepoint: 37800 ns, At safepoint: 2300 ns, Total: 40100 ns
[339.299s][info ][safepoint      ] Safepoint "Cleanup", Time since last: 2000163417 ns, Reaching safepoint: 42500 ns, At safepoint: 2500 ns, Total: 45000 ns
[341.300s][info ][safepoint      ] Safepoint "Cleanup", Time since last: 2000167912 ns, Reaching safepoint: 42800 ns, At safepoint: 2400 ns, Total: 45200 ns
[342.300s][info ][safepoint      ] Safepoint "Cleanup", Time since last: 1000114105 ns, Reaching safepoint: 120301 ns, At safepoint: 10200 ns, Total: 130501 ns
[343.300s][info ][safepoint      ] Safepoint "Cleanup", Time since last: 1000101404 ns, Reaching safepoint: 50900 ns, At safepoint: 5500 ns, Total: 56400 ns
[345.300s][info ][safepoint      ] Safepoint "Cleanup", Time since last: 2000177404 ns, Reaching safepoint: 64501 ns, At safepoint: 6300 ns, Total: 70801 ns
[346.300s][info ][safepoint      ] Safepoint "Cleanup", Time since last: 1000105801 ns, Reaching safepoint: 24500 ns, At safepoint: 2100 ns, Total: 26600 ns
[348.301s][info ][safepoint      ] Safepoint "Cleanup", Time since last: 2000159398 ns, Reaching safepoint: 44400 ns, At safepoint: 9600 ns, Total: 54000 ns
[350.301s][info ][safepoint      ] Safepoint "Cleanup", Time since last: 2000126695 ns, Reaching safepoint: 46500 ns, At safepoint: 2500 ns, Total: 49000 ns
[350.691s][info ][gc,start       ] GC(102) Pause Young (Allocation Failure)
[350.696s][debug][gc,phases      ] GC(102) Scavenge 5.361ms
[350.696s][debug][gc,ref         ] GC(102) Skipped phase 1 of Reference Processing: no references
[350.696s][debug][gc,ref         ] GC(102) ReferenceProcessor::execute queues: 1, RefProcThreadModel::Single, marks_oops_alive: false
[350.697s][debug][gc,ref         ] GC(102) Skipped phase 3 of Reference Processing: no references
[350.697s][debug][gc,ref         ] GC(102) ReferenceProcessor::execute queues: 1, RefProcThreadModel::Single, marks_oops_alive: false
[350.697s][debug][gc,phases      ] GC(102) Reference Processing 0.120ms
[350.697s][debug][gc,phases      ] GC(102)   VM Weak                        Min:  0.0, Avg:  0.0, Max:  0.0, Diff:  0.0, Sum:  0.0, Workers: 4
[350.697s][debug][gc,phases      ] GC(102)     Dead                           Min: 0, Avg:  0.0, Max: 0, Diff: 0, Sum: 0, Workers: 4
[350.697s][debug][gc,phases      ] GC(102)     Total                          Min: 0, Avg: 162.8, Max: 651, Diff: 651, Sum: 651, Workers: 4
[350.697s][debug][gc,phases      ] GC(102)   ObjectSynchronizer Weak        Min:  0.0, Avg:  0.0, Max:  0.0, Diff:  0.0, Sum:  0.0, Workers: 4
[350.697s][debug][gc,phases      ] GC(102)     Dead                           Min: 0, Avg:  0.0, Max: 0, Diff: 0, Sum: 0, Workers: 4
[350.697s][debug][gc,phases      ] GC(102)     Total                          Min: 0, Avg: 119.2, Max: 413, Diff: 413, Sum: 477, Workers: 4
[350.697s][debug][gc,phases      ] GC(102)   JVMTI Tag Weak OopStorage      Min:  0.0, Avg:  0.0, Max:  0.0, Diff:  0.0, Sum:  0.0, Workers: 4
[350.697s][debug][gc,phases      ] GC(102)     Dead                           Min: 0, Avg:  0.0, Max: 0, Diff: 0, Sum: 0, Workers: 4
[350.697s][debug][gc,phases      ] GC(102)     Total                          Min: 0, Avg:  0.0, Max: 0, Diff: 0, Sum: 0, Workers: 4
[350.697s][debug][gc,phases      ] GC(102)   StringTable Weak               Min:  0.1, Avg:  0.1, Max:  0.1, Diff:  0.0, Sum:  0.3, Workers: 4
[350.697s][debug][gc,phases      ] GC(102)     Dead                           Min: 0, Avg:  0.0, Max: 0, Diff: 0, Sum: 0, Workers: 4
[350.697s][debug][gc,phases      ] GC(102)     Total                          Min: 10688, Avg: 11934.5, Max: 12480, Diff: 1792, Sum: 47738, Workers: 4
[350.697s][debug][gc,phases      ] GC(102)   ResolvedMethodTable Weak       Min:  0.0, Avg:  0.0, Max:  0.0, Diff:  0.0, Sum:  0.1, Workers: 4
[350.697s][debug][gc,phases      ] GC(102)     Dead                           Min: 0, Avg:  4.2, Max: 17, Diff: 17, Sum: 17, Workers: 4
[350.697s][debug][gc,phases      ] GC(102)     Total                          Min: 1215, Avg: 2024.8, Max: 2492, Diff: 1277, Sum: 8099, Workers: 4
[350.697s][debug][gc,phases      ] GC(102)   JNI Weak                       Min:  0.0, Avg:  0.0, Max:  0.0, Diff:  0.0, Sum:  0.0, Workers: 4
[350.697s][debug][gc,phases      ] GC(102)     Dead                           Min: 0, Avg:  0.0, Max: 0, Diff: 0, Sum: 0, Workers: 4
[350.697s][debug][gc,phases      ] GC(102)     Total                          Min: 0, Avg:  0.0, Max: 0, Diff: 0, Sum: 0, Workers: 4
[350.697s][debug][gc,phases      ] GC(102)   StringDedup Table Weak         Min:  0.0, Avg:  0.0, Max:  0.0, Diff:  0.0, Sum:  0.0, Workers: 4
[350.697s][debug][gc,phases      ] GC(102)     Dead                           Min: 0, Avg:  0.0, Max: 0, Diff: 0, Sum: 0, Workers: 4
[350.697s][debug][gc,phases      ] GC(102)     Total                          Min: 0, Avg:  0.0, Max: 0, Diff: 0, Sum: 0, Workers: 4
[350.697s][debug][gc,phases      ] GC(102)   StringDedup Requests0 Weak     Min:  0.0, Avg:  0.0, Max:  0.0, Diff:  0.0, Sum:  0.0, Workers: 4
[350.697s][debug][gc,phases      ] GC(102)     Dead                           Min: 0, Avg:  0.0, Max: 0, Diff: 0, Sum: 0, Workers: 4
[350.697s][debug][gc,phases      ] GC(102)     Total                          Min: 0, Avg:  0.0, Max: 0, Diff: 0, Sum: 0, Workers: 4
[350.697s][debug][gc,phases      ] GC(102)   StringDedup Requests1 Weak     Min:  0.0, Avg:  0.0, Max:  0.0, Diff:  0.0, Sum:  0.0, Workers: 4
[350.697s][debug][gc,phases      ] GC(102)     Dead                           Min: 0, Avg:  0.0, Max: 0, Diff: 0, Sum: 0, Workers: 4
[350.697s][debug][gc,phases      ] GC(102)     Total                          Min: 0, Avg:  0.0, Max: 0, Diff: 0, Sum: 0, Workers: 4
[350.697s][debug][gc,phases      ] GC(102)   Weak JFR Old Object Samples    Min:  0.0, Avg:  0.0, Max:  0.0, Diff:  0.0, Sum:  0.0, Workers: 4
[350.697s][debug][gc,phases      ] GC(102)     Dead                           Min: 0, Avg:  0.0, Max: 0, Diff: 0, Sum: 0, Workers: 4
[350.697s][debug][gc,phases      ] GC(102)     Total                          Min: 0, Avg:  0.0, Max: 0, Diff: 0, Sum: 0, Workers: 4
[350.697s][debug][gc,phases      ] GC(102) Weak Processing 0.273ms
[350.697s][debug][gc,age         ] GC(102) Desired survivor size 65536000 bytes, new threshold 15 (max threshold 15)
[350.697s][info ][gc,heap        ] GC(102) PSYoungGen: 1997365K(2031616K)->32611K(2030080K) Eden: 1964544K(1964544K)->0K(1964544K) From: 32821K(67072K)->32611K(65536K)
[350.697s][info ][gc,heap        ] GC(102) ParOldGen: 348858K(411648K)->349122K(411648K)
[350.697s][info ][gc,metaspace   ] GC(102) Metaspace: 80408K(81280K)->80408K(81280K) NonClass: 69042K(69504K)->69042K(69504K) Class: 11366K(11776K)->11366K(11776K)
[350.697s][info ][gc             ] GC(102) Pause Young (Allocation Failure) 2291M->372M(2384M) 5.844ms
[350.697s][info ][gc,cpu         ] GC(102) User=0.02s Sys=0.00s Real=0.00s
[350.697s][info ][safepoint      ] Safepoint "ParallelGCFailedAllocation", Time since last: 390091188 ns, Reaching safepoint: 100101 ns, At safepoint: 5919430 ns, Total: 6019531 ns
[351.697s][info ][safepoint      ] Safepoint "Cleanup", Time since last: 1000081495 ns, Reaching safepoint: 41000 ns, At safepoint: 2601 ns, Total: 43601 ns
[354.697s][info ][safepoint      ] Safepoint "Cleanup", Time since last: 3000237680 ns, Reaching safepoint: 51200 ns, At safepoint: 8900 ns, Total: 60100 ns
[356.698s][info ][safepoint      ] Safepoint "Cleanup", Time since last: 2000162683 ns, Reaching safepoint: 41800 ns, At safepoint: 6100 ns, Total: 47900 ns
[360.698s][info ][safepoint      ] Safepoint "Cleanup", Time since last: 4000224353 ns, Reaching safepoint: 46700 ns, At safepoint: 5600 ns, Total: 52300 ns
[367.698s][info ][safepoint      ] Safepoint "Cleanup", Time since last: 7000461581 ns, Reaching safepoint: 44201 ns, At safepoint: 6300 ns, Total: 50501 ns
[368.698s][info ][safepoint      ] Safepoint "Cleanup", Time since last: 1000096879 ns, Reaching safepoint: 46800 ns, At safepoint: 4400 ns, Total: 51200 ns
[369.699s][info ][safepoint      ] Safepoint "Cleanup", Time since last: 1000098979 ns, Reaching safepoint: 57700 ns, At safepoint: 6200 ns, Total: 63900 ns
[374.699s][info ][safepoint      ] Safepoint "Cleanup", Time since last: 5000352578 ns, Reaching safepoint: 42700 ns, At safepoint: 4900 ns, Total: 47600 ns
[375.699s][info ][safepoint      ] Safepoint "Cleanup", Time since last: 1000096373 ns, Reaching safepoint: 41000 ns, At safepoint: 2600 ns, Total: 43600 ns
[382.700s][info ][safepoint      ] Safepoint "Cleanup", Time since last: 7000470684 ns, Reaching safepoint: 51701 ns, At safepoint: 6500 ns, Total: 58201 ns
[383.700s][info ][safepoint      ] Safepoint "Cleanup", Time since last: 1000077265 ns, Reaching safepoint: 46400 ns, At safepoint: 3100 ns, Total: 49500 ns
[384.700s][info ][safepoint      ] Safepoint "Cleanup", Time since last: 1000107665 ns, Reaching safepoint: 48400 ns, At safepoint: 5200 ns, Total: 53600 ns
[388.700s][info ][safepoint      ] Safepoint "Cleanup", Time since last: 4000274850 ns, Reaching safepoint: 38100 ns, At safepoint: 3200 ns, Total: 41300 ns
[394.461s][info ][gc,start       ] GC(103) Pause Young (Allocation Failure)
[394.466s][debug][gc,phases      ] GC(103) Scavenge 5.297ms
[394.466s][debug][gc,ref         ] GC(103) Skipped phase 1 of Reference Processing: no references
[394.466s][debug][gc,ref         ] GC(103) ReferenceProcessor::execute queues: 1, RefProcThreadModel::Single, marks_oops_alive: false
[394.466s][debug][gc,ref         ] GC(103) Skipped phase 3 of Reference Processing: no references
[394.466s][debug][gc,ref         ] GC(103) ReferenceProcessor::execute queues: 1, RefProcThreadModel::Single, marks_oops_alive: false
[394.466s][debug][gc,phases      ] GC(103) Reference Processing 0.099ms
[394.466s][debug][gc,phases      ] GC(103)   VM Weak                        Min:  0.0, Avg:  0.0, Max:  0.0, Diff:  0.0, Sum:  0.0, Workers: 4
[394.466s][debug][gc,phases      ] GC(103)     Dead                           Min: 0, Avg:  0.0, Max: 0, Diff: 0, Sum: 0, Workers: 4
[394.466s][debug][gc,phases      ] GC(103)     Total                          Min: 0, Avg: 162.8, Max: 459, Diff: 459, Sum: 651, Workers: 4
[394.466s][debug][gc,phases      ] GC(103)   ObjectSynchronizer Weak        Min:  0.0, Avg:  0.0, Max:  0.0, Diff:  0.0, Sum:  0.0, Workers: 4
[394.466s][debug][gc,phases      ] GC(103)     Dead                           Min: 0, Avg:  0.0, Max: 0, Diff: 0, Sum: 0, Workers: 4
[394.466s][debug][gc,phases      ] GC(103)     Total                          Min: 0, Avg: 119.2, Max: 256, Diff: 256, Sum: 477, Workers: 4
[394.466s][debug][gc,phases      ] GC(103)   JVMTI Tag Weak OopStorage      Min:  0.0, Avg:  0.0, Max:  0.0, Diff:  0.0, Sum:  0.0, Workers: 4
[394.466s][debug][gc,phases      ] GC(103)     Dead                           Min: 0, Avg:  0.0, Max: 0, Diff: 0, Sum: 0, Workers: 4
[394.466s][debug][gc,phases      ] GC(103)     Total                          Min: 0, Avg:  0.0, Max: 0, Diff: 0, Sum: 0, Workers: 4
[394.466s][debug][gc,phases      ] GC(103)   StringTable Weak               Min:  0.1, Avg:  0.1, Max:  0.1, Diff:  0.0, Sum:  0.3, Workers: 4
[394.466s][debug][gc,phases      ] GC(103)     Dead                           Min: 0, Avg:  0.0, Max: 0, Diff: 0, Sum: 0, Workers: 4
[394.466s][debug][gc,phases      ] GC(103)     Total                          Min: 11328, Avg: 11934.5, Max: 12928, Diff: 1600, Sum: 47738, Workers: 4
[394.466s][debug][gc,phases      ] GC(103)   ResolvedMethodTable Weak       Min:  0.0, Avg:  0.0, Max:  0.0, Diff:  0.0, Sum:  0.1, Workers: 4
[394.466s][debug][gc,phases      ] GC(103)     Dead                           Min: 0, Avg:  0.0, Max: 0, Diff: 0, Sum: 0, Workers: 4
[394.466s][debug][gc,phases      ] GC(103)     Total                          Min: 1979, Avg: 2024.8, Max: 2091, Diff: 112, Sum: 8099, Workers: 4
[394.466s][debug][gc,phases      ] GC(103)   JNI Weak                       Min:  0.0, Avg:  0.0, Max:  0.0, Diff:  0.0, Sum:  0.0, Workers: 4
[394.466s][debug][gc,phases      ] GC(103)     Dead                           Min: 0, Avg:  0.0, Max: 0, Diff: 0, Sum: 0, Workers: 4
[394.466s][debug][gc,phases      ] GC(103)     Total                          Min: 0, Avg:  0.0, Max: 0, Diff: 0, Sum: 0, Workers: 4
[394.466s][debug][gc,phases      ] GC(103)   StringDedup Table Weak         Min:  0.0, Avg:  0.0, Max:  0.0, Diff:  0.0, Sum:  0.0, Workers: 4
[394.466s][debug][gc,phases      ] GC(103)     Dead                           Min: 0, Avg:  0.0, Max: 0, Diff: 0, Sum: 0, Workers: 4
[394.466s][debug][gc,phases      ] GC(103)     Total                          Min: 0, Avg:  0.0, Max: 0, Diff: 0, Sum: 0, Workers: 4
[394.466s][debug][gc,phases      ] GC(103)   StringDedup Requests0 Weak     Min:  0.0, Avg:  0.0, Max:  0.0, Diff:  0.0, Sum:  0.0, Workers: 4
[394.466s][debug][gc,phases      ] GC(103)     Dead                           Min: 0, Avg:  0.0, Max: 0, Diff: 0, Sum: 0, Workers: 4
[394.466s][debug][gc,phases      ] GC(103)     Total                          Min: 0, Avg:  0.0, Max: 0, Diff: 0, Sum: 0, Workers: 4
[394.466s][debug][gc,phases      ] GC(103)   StringDedup Requests1 Weak     Min:  0.0, Avg:  0.0, Max:  0.0, Diff:  0.0, Sum:  0.0, Workers: 4
[394.466s][debug][gc,phases      ] GC(103)     Dead                           Min: 0, Avg:  0.0, Max: 0, Diff: 0, Sum: 0, Workers: 4
[394.466s][debug][gc,phases      ] GC(103)     Total                          Min: 0, Avg:  0.0, Max: 0, Diff: 0, Sum: 0, Workers: 4
[394.466s][debug][gc,phases      ] GC(103)   Weak JFR Old Object Samples    Min:  0.0, Avg:  0.0, Max:  0.0, Diff:  0.0, Sum:  0.0, Workers: 4
[394.466s][debug][gc,phases      ] GC(103)     Dead                           Min: 0, Avg:  0.0, Max: 0, Diff: 0, Sum: 0, Workers: 4
[394.466s][debug][gc,phases      ] GC(103)     Total                          Min: 0, Avg:  0.0, Max: 0, Diff: 0, Sum: 0, Workers: 4
[394.466s][debug][gc,phases      ] GC(103) Weak Processing 0.250ms
[394.466s][debug][gc,age         ] GC(103) Desired survivor size 63963136 bytes, new threshold 15 (max threshold 15)
[394.466s][info ][gc,heap        ] GC(103) PSYoungGen: 1997155K(2030080K)->32355K(2034688K) Eden: 1964544K(1964544K)->0K(1970688K) From: 32611K(65536K)->32355K(64000K)
[394.466s][info ][gc,heap        ] GC(103) ParOldGen: 349122K(411648K)->349386K(411648K)
[394.466s][info ][gc,metaspace   ] GC(103) Metaspace: 80446K(81280K)->80446K(81280K) NonClass: 69079K(69504K)->69079K(69504K) Class: 11366K(11776K)->11366K(11776K)
[394.466s][info ][gc             ] GC(103) Pause Young (Allocation Failure) 2291M->372M(2389M) 5.751ms
[394.466s][info ][gc,cpu         ] GC(103) User=0.02s Sys=0.00s Real=0.01s
[394.466s][info ][safepoint      ] Safepoint "ParallelGCFailedAllocation", Time since last: 5760249433 ns, Reaching safepoint: 111301 ns, At safepoint: 5848929 ns, Total: 5960230 ns
[395.467s][info ][safepoint      ] Safepoint "Cleanup", Time since last: 1000063155 ns, Reaching safepoint: 52000 ns, At safepoint: 9800 ns, Total: 61800 ns
[396.467s][info ][safepoint      ] Safepoint "Cleanup", Time since last: 1000105255 ns, Reaching safepoint: 39300 ns, At safepoint: 2500 ns, Total: 41800 ns
[397.467s][info ][safepoint      ] Safepoint "Cleanup", Time since last: 1000061753 ns, Reaching safepoint: 41100 ns, At safepoint: 6700 ns, Total: 47800 ns
[404.467s][info ][safepoint      ] Safepoint "Cleanup", Time since last: 7000484048 ns, Reaching safepoint: 57100 ns, At safepoint: 6700 ns, Total: 63800 ns
[405.468s][info ][safepoint      ] Safepoint "Cleanup", Time since last: 1000109547 ns, Reaching safepoint: 43000 ns, At safepoint: 10000 ns, Total: 53000 ns
[411.468s][info ][safepoint      ] Safepoint "Cleanup", Time since last: 6000431659 ns, Reaching safepoint: 47300 ns, At safepoint: 2300 ns, Total: 49600 ns
[415.468s][info ][safepoint      ] Safepoint "Cleanup", Time since last: 4000295655 ns, Reaching safepoint: 49201 ns, At safepoint: 10000 ns, Total: 59201 ns
[416.469s][info ][safepoint      ] Safepoint "Cleanup", Time since last: 1000104237 ns, Reaching safepoint: 38600 ns, At safepoint: 2900 ns, Total: 41500 ns
[417.469s][info ][safepoint      ] Safepoint "Cleanup", Time since last: 1000103436 ns, Reaching safepoint: 49900 ns, At safepoint: 8200 ns, Total: 58100 ns
[422.469s][info ][safepoint      ] Safepoint "Cleanup", Time since last: 5000363667 ns, Reaching safepoint: 53900 ns, At safepoint: 6400 ns, Total: 60300 ns
[424.469s][info ][safepoint      ] Safepoint "Cleanup", Time since last: 2000165361 ns, Reaching safepoint: 40800 ns, At safepoint: 2800 ns, Total: 43600 ns
[429.470s][info ][safepoint      ] Safepoint "Cleanup", Time since last: 5000329338 ns, Reaching safepoint: 50000 ns, At safepoint: 5400 ns, Total: 55400 ns
[431.470s][info ][safepoint      ] Safepoint "Cleanup", Time since last: 2000131249 ns, Reaching safepoint: 42500 ns, At safepoint: 2800 ns, Total: 45300 ns
[432.470s][info ][safepoint      ] Safepoint "Cleanup", Time since last: 1000102324 ns, Reaching safepoint: 125300 ns, At safepoint: 9500 ns, Total: 134800 ns
[433.470s][info ][safepoint      ] Safepoint "Cleanup", Time since last: 1000114223 ns, Reaching safepoint: 46700 ns, At safepoint: 8700 ns, Total: 55400 ns
[439.793s][info ][gc,start       ] GC(104) Pause Young (Allocation Failure)
[439.799s][debug][gc,phases      ] GC(104) Scavenge 6.197ms
[439.799s][debug][gc,ref         ] GC(104) Skipped phase 1 of Reference Processing: no references
[439.799s][debug][gc,ref         ] GC(104) ReferenceProcessor::execute queues: 1, RefProcThreadModel::Single, marks_oops_alive: false
[439.799s][debug][gc,ref         ] GC(104) Skipped phase 3 of Reference Processing: no references
[439.799s][debug][gc,ref         ] GC(104) ReferenceProcessor::execute queues: 1, RefProcThreadModel::Single, marks_oops_alive: false
[439.799s][debug][gc,phases      ] GC(104) Reference Processing 0.104ms
[439.799s][debug][gc,phases      ] GC(104)   VM Weak                        Min:  0.0, Avg:  0.0, Max:  0.0, Diff:  0.0, Sum:  0.0, Workers: 4
[439.799s][debug][gc,phases      ] GC(104)     Dead                           Min: 0, Avg:  0.0, Max: 0, Diff: 0, Sum: 0, Workers: 4
[439.799s][debug][gc,phases      ] GC(104)     Total                          Min: 0, Avg: 162.8, Max: 651, Diff: 651, Sum: 651, Workers: 4
[439.799s][debug][gc,phases      ] GC(104)   ObjectSynchronizer Weak        Min:  0.0, Avg:  0.0, Max:  0.0, Diff:  0.0, Sum:  0.0, Workers: 4
[439.799s][debug][gc,phases      ] GC(104)     Dead                           Min: 0, Avg:  0.0, Max: 0, Diff: 0, Sum: 0, Workers: 4
[439.799s][debug][gc,phases      ] GC(104)     Total                          Min: 0, Avg: 119.2, Max: 477, Diff: 477, Sum: 477, Workers: 4
[439.799s][debug][gc,phases      ] GC(104)   JVMTI Tag Weak OopStorage      Min:  0.0, Avg:  0.0, Max:  0.0, Diff:  0.0, Sum:  0.0, Workers: 4
[439.799s][debug][gc,phases      ] GC(104)     Dead                           Min: 0, Avg:  0.0, Max: 0, Diff: 0, Sum: 0, Workers: 4
[439.799s][debug][gc,phases      ] GC(104)     Total                          Min: 0, Avg:  0.0, Max: 0, Diff: 0, Sum: 0, Workers: 4
[439.799s][debug][gc,phases      ] GC(104)   StringTable Weak               Min:  0.1, Avg:  0.1, Max:  0.1, Diff:  0.0, Sum:  0.4, Workers: 4
[439.799s][debug][gc,phases      ] GC(104)     Dead                           Min: 0, Avg:  0.0, Max: 0, Diff: 0, Sum: 0, Workers: 4
[439.799s][debug][gc,phases      ] GC(104)     Total                          Min: 9536, Avg: 11941.2, Max: 14400, Diff: 4864, Sum: 47765, Workers: 4
[439.799s][debug][gc,phases      ] GC(104)   ResolvedMethodTable Weak       Min:  0.0, Avg:  0.0, Max:  0.0, Diff:  0.0, Sum:  0.1, Workers: 4
[439.799s][debug][gc,phases      ] GC(104)     Dead                           Min: 0, Avg:  0.0, Max: 0, Diff: 0, Sum: 0, Workers: 4
[439.799s][debug][gc,phases      ] GC(104)     Total                          Min: 1595, Avg: 2024.8, Max: 2495, Diff: 900, Sum: 8099, Workers: 4
[439.799s][debug][gc,phases      ] GC(104)   JNI Weak                       Min:  0.0, Avg:  0.0, Max:  0.0, Diff:  0.0, Sum:  0.0, Workers: 4
[439.799s][debug][gc,phases      ] GC(104)     Dead                           Min: 0, Avg:  0.0, Max: 0, Diff: 0, Sum: 0, Workers: 4
[439.799s][debug][gc,phases      ] GC(104)     Total                          Min: 0, Avg:  0.0, Max: 0, Diff: 0, Sum: 0, Workers: 4
[439.799s][debug][gc,phases      ] GC(104)   StringDedup Table Weak         Min:  0.0, Avg:  0.0, Max:  0.0, Diff:  0.0, Sum:  0.0, Workers: 4
[439.799s][debug][gc,phases      ] GC(104)     Dead                           Min: 0, Avg:  0.0, Max: 0, Diff: 0, Sum: 0, Workers: 4
[439.799s][debug][gc,phases      ] GC(104)     Total                          Min: 0, Avg:  0.0, Max: 0, Diff: 0, Sum: 0, Workers: 4
[439.799s][debug][gc,phases      ] GC(104)   StringDedup Requests0 Weak     Min:  0.0, Avg:  0.0, Max:  0.0, Diff:  0.0, Sum:  0.0, Workers: 4
[439.799s][debug][gc,phases      ] GC(104)     Dead                           Min: 0, Avg:  0.0, Max: 0, Diff: 0, Sum: 0, Workers: 4
[439.799s][debug][gc,phases      ] GC(104)     Total                          Min: 0, Avg:  0.0, Max: 0, Diff: 0, Sum: 0, Workers: 4
[439.799s][debug][gc,phases      ] GC(104)   StringDedup Requests1 Weak     Min:  0.0, Avg:  0.0, Max:  0.0, Diff:  0.0, Sum:  0.0, Workers: 4
[439.799s][debug][gc,phases      ] GC(104)     Dead                           Min: 0, Avg:  0.0, Max: 0, Diff: 0, Sum: 0, Workers: 4
[439.799s][debug][gc,phases      ] GC(104)     Total                          Min: 0, Avg:  0.0, Max: 0, Diff: 0, Sum: 0, Workers: 4
[439.799s][debug][gc,phases      ] GC(104)   Weak JFR Old Object Samples    Min:  0.0, Avg:  0.0, Max:  0.0, Diff:  0.0, Sum:  0.0, Workers: 4
[439.799s][debug][gc,phases      ] GC(104)     Dead                           Min: 0, Avg:  0.0, Max: 0, Diff: 0, Sum: 0, Workers: 4
[439.799s][debug][gc,phases      ] GC(104)     Total                          Min: 0, Avg:  0.0, Max: 0, Diff: 0, Sum: 0, Workers: 4
[439.799s][debug][gc,phases      ] GC(104) Weak Processing 0.263ms
[439.799s][debug][gc,age         ] GC(104) Desired survivor size 61865984 bytes, new threshold 15 (max threshold 15)
[439.799s][info ][gc,heap        ] GC(104) PSYoungGen: 2003043K(2034688K)->32037K(2033152K) Eden: 1970688K(1970688K)->0K(1970688K) From: 32355K(64000K)->32037K(62464K)
[439.799s][info ][gc,heap        ] GC(104) ParOldGen: 349386K(411648K)->349674K(411648K)
[439.799s][info ][gc,metaspace   ] GC(104) Metaspace: 80483K(81344K)->80483K(81344K) NonClass: 69116K(69568K)->69116K(69568K) Class: 11366K(11776K)->11366K(11776K)
[439.799s][info ][gc             ] GC(104) Pause Young (Allocation Failure) 2297M->372M(2387M) 6.691ms
[439.799s][info ][gc,cpu         ] GC(104) User=0.02s Sys=0.00s Real=0.00s
[439.799s][info ][safepoint      ] Safepoint "ParallelGCFailedAllocation", Time since last: 6322116532 ns, Reaching safepoint: 41900 ns, At safepoint: 6761634 ns, Total: 6803534 ns
[440.799s][info ][safepoint      ] Safepoint "Cleanup", Time since last: 1000076017 ns, Reaching safepoint: 45800 ns, At safepoint: 8400 ns, Total: 54200 ns
[441.800s][info ][safepoint      ] Safepoint "Cleanup", Time since last: 1000096916 ns, Reaching safepoint: 31600 ns, At safepoint: 3200 ns, Total: 34800 ns
[448.800s][info ][safepoint      ] Safepoint "Cleanup", Time since last: 7000511787 ns, Reaching safepoint: 52601 ns, At safepoint: 11100 ns, Total: 63701 ns
[456.801s][info ][safepoint      ] Safepoint "Cleanup", Time since last: 8000553252 ns, Reaching safepoint: 45500 ns, At safepoint: 4100 ns, Total: 49600 ns
[457.801s][info ][safepoint      ] Safepoint "Cleanup", Time since last: 1000102503 ns, Reaching safepoint: 46000 ns, At safepoint: 3100 ns, Total: 49100 ns
[458.801s][info ][safepoint      ] Safepoint "Cleanup", Time since last: 1000110503 ns, Reaching safepoint: 42400 ns, At safepoint: 2700 ns, Total: 45100 ns
[466.801s][info ][safepoint      ] Safepoint "Cleanup", Time since last: 8000400888 ns, Reaching safepoint: 42001 ns, At safepoint: 5300 ns, Total: 47301 ns
[468.802s][info ][safepoint      ] Safepoint "Cleanup", Time since last: 2000164889 ns, Reaching safepoint: 39801 ns, At safepoint: 2700 ns, Total: 42501 ns
[472.802s][info ][safepoint      ] Safepoint "Cleanup", Time since last: 4000292770 ns, Reaching safepoint: 36800 ns, At safepoint: 3000 ns, Total: 39800 ns
[474.802s][info ][safepoint      ] Safepoint "Cleanup", Time since last: 2000161880 ns, Reaching safepoint: 60001 ns, At safepoint: 8700 ns, Total: 68701 ns
[475.802s][info ][safepoint      ] Safepoint "Cleanup", Time since last: 1000110389 ns, Reaching safepoint: 54200 ns, At safepoint: 6200 ns, Total: 60400 ns
[477.803s][info ][safepoint      ] Safepoint "Cleanup", Time since last: 2000169676 ns, Reaching safepoint: 44001 ns, At safepoint: 6700 ns, Total: 50701 ns
[480.803s][info ][safepoint      ] Safepoint "Cleanup", Time since last: 3000232958 ns, Reaching safepoint: 47100 ns, At safepoint: 6800 ns, Total: 53900 ns
[481.803s][info ][safepoint      ] Safepoint "Cleanup", Time since last: 1000098685 ns, Reaching safepoint: 38400 ns, At safepoint: 2800 ns, Total: 41200 ns
[484.941s][info ][gc,start       ] GC(105) Pause Young (Allocation Failure)
[484.947s][debug][gc,phases      ] GC(105) Scavenge 5.267ms
[484.947s][debug][gc,ref         ] GC(105) Skipped phase 1 of Reference Processing: no references
[484.947s][debug][gc,ref         ] GC(105) ReferenceProcessor::execute queues: 1, RefProcThreadModel::Single, marks_oops_alive: false
[484.947s][debug][gc,ref         ] GC(105) Skipped phase 3 of Reference Processing: no references
[484.947s][debug][gc,ref         ] GC(105) ReferenceProcessor::execute queues: 1, RefProcThreadModel::Single, marks_oops_alive: false
[484.947s][debug][gc,phases      ] GC(105) Reference Processing 0.101ms
[484.947s][debug][gc,phases      ] GC(105)   VM Weak                        Min:  0.0, Avg:  0.0, Max:  0.0, Diff:  0.0, Sum:  0.0, Workers: 4
[484.947s][debug][gc,phases      ] GC(105)     Dead                           Min: 0, Avg:  0.0, Max: 0, Diff: 0, Sum: 0, Workers: 4
[484.947s][debug][gc,phases      ] GC(105)     Total                          Min: 0, Avg: 162.8, Max: 587, Diff: 587, Sum: 651, Workers: 4
[484.947s][debug][gc,phases      ] GC(105)   ObjectSynchronizer Weak        Min:  0.0, Avg:  0.0, Max:  0.0, Diff:  0.0, Sum:  0.0, Workers: 4
[484.947s][debug][gc,phases      ] GC(105)     Dead                           Min: 0, Avg:  0.0, Max: 0, Diff: 0, Sum: 0, Workers: 4
[484.947s][debug][gc,phases      ] GC(105)     Total                          Min: 0, Avg: 119.2, Max: 256, Diff: 256, Sum: 477, Workers: 4
[484.947s][debug][gc,phases      ] GC(105)   JVMTI Tag Weak OopStorage      Min:  0.0, Avg:  0.0, Max:  0.0, Diff:  0.0, Sum:  0.0, Workers: 4
[484.947s][debug][gc,phases      ] GC(105)     Dead                           Min: 0, Avg:  0.0, Max: 0, Diff: 0, Sum: 0, Workers: 4
[484.947s][debug][gc,phases      ] GC(105)     Total                          Min: 0, Avg:  0.0, Max: 0, Diff: 0, Sum: 0, Workers: 4
[484.947s][debug][gc,phases      ] GC(105)   StringTable Weak               Min:  0.1, Avg:  0.1, Max:  0.1, Diff:  0.0, Sum:  0.3, Workers: 4
[484.947s][debug][gc,phases      ] GC(105)     Dead                           Min: 0, Avg:  0.0, Max: 0, Diff: 0, Sum: 0, Workers: 4
[484.947s][debug][gc,phases      ] GC(105)     Total                          Min: 11392, Avg: 11941.8, Max: 12864, Diff: 1472, Sum: 47767, Workers: 4
[484.947s][debug][gc,phases      ] GC(105)   ResolvedMethodTable Weak       Min:  0.0, Avg:  0.0, Max:  0.0, Diff:  0.0, Sum:  0.1, Workers: 4
[484.947s][debug][gc,phases      ] GC(105)     Dead                           Min: 0, Avg:  0.0, Max: 0, Diff: 0, Sum: 0, Workers: 4
[484.947s][debug][gc,phases      ] GC(105)     Total                          Min: 1855, Avg: 2024.8, Max: 2172, Diff: 317, Sum: 8099, Workers: 4
[484.947s][debug][gc,phases      ] GC(105)   JNI Weak                       Min:  0.0, Avg:  0.0, Max:  0.0, Diff:  0.0, Sum:  0.0, Workers: 4
[484.947s][debug][gc,phases      ] GC(105)     Dead                           Min: 0, Avg:  0.0, Max: 0, Diff: 0, Sum: 0, Workers: 4
[484.947s][debug][gc,phases      ] GC(105)     Total                          Min: 0, Avg:  0.0, Max: 0, Diff: 0, Sum: 0, Workers: 4
[484.947s][debug][gc,phases      ] GC(105)   StringDedup Table Weak         Min:  0.0, Avg:  0.0, Max:  0.0, Diff:  0.0, Sum:  0.0, Workers: 4
[484.947s][debug][gc,phases      ] GC(105)     Dead                           Min: 0, Avg:  0.0, Max: 0, Diff: 0, Sum: 0, Workers: 4
[484.947s][debug][gc,phases      ] GC(105)     Total                          Min: 0, Avg:  0.0, Max: 0, Diff: 0, Sum: 0, Workers: 4
[484.947s][debug][gc,phases      ] GC(105)   StringDedup Requests0 Weak     Min:  0.0, Avg:  0.0, Max:  0.0, Diff:  0.0, Sum:  0.0, Workers: 4
[484.947s][debug][gc,phases      ] GC(105)     Dead                           Min: 0, Avg:  0.0, Max: 0, Diff: 0, Sum: 0, Workers: 4
[484.947s][debug][gc,phases      ] GC(105)     Total                          Min: 0, Avg:  0.0, Max: 0, Diff: 0, Sum: 0, Workers: 4
[484.947s][debug][gc,phases      ] GC(105)   StringDedup Requests1 Weak     Min:  0.0, Avg:  0.0, Max:  0.0, Diff:  0.0, Sum:  0.0, Workers: 4
[484.947s][debug][gc,phases      ] GC(105)     Dead                           Min: 0, Avg:  0.0, Max: 0, Diff: 0, Sum: 0, Workers: 4
[484.947s][debug][gc,phases      ] GC(105)     Total                          Min: 0, Avg:  0.0, Max: 0, Diff: 0, Sum: 0, Workers: 4
[484.947s][debug][gc,phases      ] GC(105)   Weak JFR Old Object Samples    Min:  0.0, Avg:  0.0, Max:  0.0, Diff:  0.0, Sum:  0.0, Workers: 4
[484.947s][debug][gc,phases      ] GC(105)     Dead                           Min: 0, Avg:  0.0, Max: 0, Diff: 0, Sum: 0, Workers: 4
[484.947s][debug][gc,phases      ] GC(105)     Total                          Min: 0, Avg:  0.0, Max: 0, Diff: 0, Sum: 0, Workers: 4
[484.947s][debug][gc,phases      ] GC(105) Weak Processing 0.251ms
[484.947s][debug][gc,age         ] GC(105) Desired survivor size 60293120 bytes, new threshold 15 (max threshold 15)
[484.947s][info ][gc,heap        ] GC(105) PSYoungGen: 2002725K(2033152K)->31795K(2038272K) Eden: 1970688K(1970688K)->0K(1977856K) From: 32037K(62464K)->31795K(60416K)
[484.947s][info ][gc,heap        ] GC(105) ParOldGen: 349674K(411648K)->349986K(411648K)
[484.947s][info ][gc,metaspace   ] GC(105) Metaspace: 80523K(81344K)->80523K(81344K) NonClass: 69156K(69568K)->69156K(69568K) Class: 11366K(11776K)->11366K(11776K)
[484.947s][info ][gc             ] GC(105) Pause Young (Allocation Failure) 2297M->372M(2392M) 5.734ms
[484.947s][info ][gc,cpu         ] GC(105) User=0.02s Sys=0.00s Real=0.00s
[484.947s][info ][safepoint      ] Safepoint "ParallelGCFailedAllocation", Time since last: 3138092536 ns, Reaching safepoint: 111201 ns, At safepoint: 5806129 ns, Total: 5917330 ns
[494.948s][info ][safepoint      ] Safepoint "Cleanup", Time since last: 10000597081 ns, Reaching safepoint: 41700 ns, At safepoint: 2500 ns, Total: 44200 ns
[496.948s][info ][safepoint      ] Safepoint "Cleanup", Time since last: 2000161247 ns, Reaching safepoint: 43501 ns, At safepoint: 6100 ns, Total: 49601 ns
[497.948s][info ][safepoint      ] Safepoint "Cleanup", Time since last: 1000100573 ns, Reaching safepoint: 40900 ns, At safepoint: 5600 ns, Total: 46500 ns
[511.949s][info ][safepoint      ] Safepoint "Cleanup", Time since last: 14000884341 ns, Reaching safepoint: 60701 ns, At safepoint: 6900 ns, Total: 67601 ns
[515.949s][info ][safepoint      ] Safepoint "Cleanup", Time since last: 4000302043 ns, Reaching safepoint: 37400 ns, At safepoint: 3100 ns, Total: 40500 ns
[521.950s][info ][safepoint      ] Safepoint "Cleanup", Time since last: 6000428445 ns, Reaching safepoint: 39800 ns, At safepoint: 3600 ns, Total: 43400 ns
[530.191s][info ][gc,start       ] GC(106) Pause Young (Allocation Failure)
[530.196s][debug][gc,phases      ] GC(106) Scavenge 5.164ms
[530.197s][debug][gc,ref         ] GC(106) Skipped phase 1 of Reference Processing: no references
[530.197s][debug][gc,ref         ] GC(106) ReferenceProcessor::execute queues: 1, RefProcThreadModel::Single, marks_oops_alive: false
[530.197s][debug][gc,ref         ] GC(106) Skipped phase 3 of Reference Processing: no references
[530.197s][debug][gc,ref         ] GC(106) ReferenceProcessor::execute queues: 1, RefProcThreadModel::Single, marks_oops_alive: false
[530.197s][debug][gc,phases      ] GC(106) Reference Processing 0.103ms
[530.197s][debug][gc,phases      ] GC(106)   VM Weak                        Min:  0.0, Avg:  0.0, Max:  0.0, Diff:  0.0, Sum:  0.0, Workers: 4
[530.197s][debug][gc,phases      ] GC(106)     Dead                           Min: 0, Avg:  0.0, Max: 0, Diff: 0, Sum: 0, Workers: 4
[530.197s][debug][gc,phases      ] GC(106)     Total                          Min: 0, Avg: 162.8, Max: 651, Diff: 651, Sum: 651, Workers: 4
[530.197s][debug][gc,phases      ] GC(106)   ObjectSynchronizer Weak        Min:  0.0, Avg:  0.0, Max:  0.0, Diff:  0.0, Sum:  0.0, Workers: 4
[530.197s][debug][gc,phases      ] GC(106)     Dead                           Min: 0, Avg:  0.0, Max: 0, Diff: 0, Sum: 0, Workers: 4
[530.197s][debug][gc,phases      ] GC(106)     Total                          Min: 0, Avg: 119.2, Max: 477, Diff: 477, Sum: 477, Workers: 4
[530.197s][debug][gc,phases      ] GC(106)   JVMTI Tag Weak OopStorage      Min:  0.0, Avg:  0.0, Max:  0.0, Diff:  0.0, Sum:  0.0, Workers: 4
[530.197s][debug][gc,phases      ] GC(106)     Dead                           Min: 0, Avg:  0.0, Max: 0, Diff: 0, Sum: 0, Workers: 4
[530.197s][debug][gc,phases      ] GC(106)     Total                          Min: 0, Avg:  0.0, Max: 0, Diff: 0, Sum: 0, Workers: 4
[530.197s][debug][gc,phases      ] GC(106)   StringTable Weak               Min:  0.1, Avg:  0.1, Max:  0.1, Diff:  0.0, Sum:  0.3, Workers: 4
[530.197s][debug][gc,phases      ] GC(106)     Dead                           Min: 0, Avg:  0.0, Max: 0, Diff: 0, Sum: 0, Workers: 4
[530.197s][debug][gc,phases      ] GC(106)     Total                          Min: 11136, Avg: 11942.0, Max: 12824, Diff: 1688, Sum: 47768, Workers: 4
[530.197s][debug][gc,phases      ] GC(106)   ResolvedMethodTable Weak       Min:  0.0, Avg:  0.0, Max:  0.0, Diff:  0.0, Sum:  0.1, Workers: 4
[530.197s][debug][gc,phases      ] GC(106)     Dead                           Min: 0, Avg:  0.0, Max: 0, Diff: 0, Sum: 0, Workers: 4
[530.197s][debug][gc,phases      ] GC(106)     Total                          Min: 1323, Avg: 2024.8, Max: 2363, Diff: 1040, Sum: 8099, Workers: 4
[530.197s][debug][gc,phases      ] GC(106)   JNI Weak                       Min:  0.0, Avg:  0.0, Max:  0.0, Diff:  0.0, Sum:  0.0, Workers: 4
[530.197s][debug][gc,phases      ] GC(106)     Dead                           Min: 0, Avg:  0.0, Max: 0, Diff: 0, Sum: 0, Workers: 4
[530.197s][debug][gc,phases      ] GC(106)     Total                          Min: 0, Avg:  0.0, Max: 0, Diff: 0, Sum: 0, Workers: 4
[530.197s][debug][gc,phases      ] GC(106)   StringDedup Table Weak         Min:  0.0, Avg:  0.0, Max:  0.0, Diff:  0.0, Sum:  0.0, Workers: 4
[530.197s][debug][gc,phases      ] GC(106)     Dead                           Min: 0, Avg:  0.0, Max: 0, Diff: 0, Sum: 0, Workers: 4
[530.197s][debug][gc,phases      ] GC(106)     Total                          Min: 0, Avg:  0.0, Max: 0, Diff: 0, Sum: 0, Workers: 4
[530.197s][debug][gc,phases      ] GC(106)   StringDedup Requests0 Weak     Min:  0.0, Avg:  0.0, Max:  0.0, Diff:  0.0, Sum:  0.0, Workers: 4
[530.197s][debug][gc,phases      ] GC(106)     Dead                           Min: 0, Avg:  0.0, Max: 0, Diff: 0, Sum: 0, Workers: 4
[530.197s][debug][gc,phases      ] GC(106)     Total                          Min: 0, Avg:  0.0, Max: 0, Diff: 0, Sum: 0, Workers: 4
[530.197s][debug][gc,phases      ] GC(106)   StringDedup Requests1 Weak     Min:  0.0, Avg:  0.0, Max:  0.0, Diff:  0.0, Sum:  0.0, Workers: 4
[530.197s][debug][gc,phases      ] GC(106)     Dead                           Min: 0, Avg:  0.0, Max: 0, Diff: 0, Sum: 0, Workers: 4
[530.197s][debug][gc,phases      ] GC(106)     Total                          Min: 0, Avg:  0.0, Max: 0, Diff: 0, Sum: 0, Workers: 4
[530.197s][debug][gc,phases      ] GC(106)   Weak JFR Old Object Samples    Min:  0.0, Avg:  0.0, Max:  0.0, Diff:  0.0, Sum:  0.0, Workers: 4
[530.197s][debug][gc,phases      ] GC(106)     Dead                           Min: 0, Avg:  0.0, Max: 0, Diff: 0, Sum: 0, Workers: 4
[530.197s][debug][gc,phases      ] GC(106)     Total                          Min: 0, Avg:  0.0, Max: 0, Diff: 0, Sum: 0, Workers: 4
[530.197s][debug][gc,phases      ] GC(106) Weak Processing 0.253ms
[530.197s][debug][gc,age         ] GC(106) Desired survivor size 58195968 bytes, new threshold 15 (max threshold 15)
[530.197s][info ][gc,heap        ] GC(106) PSYoungGen: 2009651K(2038272K)->31541K(2036736K) Eden: 1977856K(1977856K)->0K(1977856K) From: 31795K(60416K)->31541K(58880K)
[530.197s][info ][gc,heap        ] GC(106) ParOldGen: 349986K(411648K)->350282K(411648K)
[530.197s][info ][gc,metaspace   ] GC(106) Metaspace: 80546K(81408K)->80546K(81408K) NonClass: 69179K(69632K)->69179K(69632K) Class: 11366K(11776K)->11366K(11776K)
[530.197s][info ][gc             ] GC(106) Pause Young (Allocation Failure) 2304M->372M(2391M) 5.640ms
[530.197s][info ][gc,cpu         ] GC(106) User=0.02s Sys=0.00s Real=0.00s
[530.197s][info ][safepoint      ] Safepoint "ParallelGCFailedAllocation", Time since last: 8241380413 ns, Reaching safepoint: 42600 ns, At safepoint: 5708428 ns, Total: 5751028 ns
[531.197s][info ][safepoint      ] Safepoint "Cleanup", Time since last: 1000075949 ns, Reaching safepoint: 41001 ns, At safepoint: 2400 ns, Total: 43401 ns
[532.197s][info ][safepoint      ] Safepoint "Cleanup", Time since last: 1000096948 ns, Reaching safepoint: 62301 ns, At safepoint: 7700 ns, Total: 70001 ns
[534.197s][info ][safepoint      ] Safepoint "Cleanup", Time since last: 2000140795 ns, Reaching safepoint: 44500 ns, At safepoint: 10000 ns, Total: 54500 ns
[535.595s][info ][safepoint      ] Safepoint "Cleanup", Time since last: 1397223011 ns, Reaching safepoint: 136001 ns, At safepoint: 7900 ns, Total: 143901 ns
[537.595s][info ][safepoint      ] Safepoint "Cleanup", Time since last: 2000155091 ns, Reaching safepoint: 62000 ns, At safepoint: 10300 ns, Total: 72300 ns
[540.595s][info ][safepoint      ] Safepoint "Cleanup", Time since last: 3000234631 ns, Reaching safepoint: 43900 ns, At safepoint: 3600 ns, Total: 47500 ns
[541.595s][info ][safepoint      ] Safepoint "Cleanup", Time since last: 1000097843 ns, Reaching safepoint: 42000 ns, At safepoint: 4900 ns, Total: 46900 ns
[542.596s][info ][safepoint      ] Safepoint "Cleanup", Time since last: 1000114442 ns, Reaching safepoint: 53600 ns, At safepoint: 7000 ns, Total: 60600 ns
[543.596s][info ][safepoint      ] Safepoint "Cleanup", Time since last: 1000065941 ns, Reaching safepoint: 52500 ns, At safepoint: 3600 ns, Total: 56100 ns
[547.008s][info ][safepoint      ] Safepoint "Cleanup", Time since last: 3412305554 ns, Reaching safepoint: 46901 ns, At safepoint: 24000 ns, Total: 70901 ns
[548.008s][info ][safepoint      ] Safepoint "Cleanup", Time since last: 1000097238 ns, Reaching safepoint: 50800 ns, At safepoint: 5500 ns, Total: 56300 ns
[552.009s][info ][safepoint      ] Safepoint "Cleanup", Time since last: 4000266646 ns, Reaching safepoint: 43900 ns, At safepoint: 6200 ns, Total: 50100 ns
[555.009s][info ][safepoint      ] Safepoint "Cleanup", Time since last: 3000239103 ns, Reaching safepoint: 112500 ns, At safepoint: 16100 ns, Total: 128600 ns
[564.187s][info ][gc,start       ] GC(107) Pause Young (Allocation Failure)
[564.198s][debug][gc,phases      ] GC(107) Scavenge 10.536ms
[564.198s][debug][gc,ref         ] GC(107) Skipped phase 1 of Reference Processing: no references
[564.198s][debug][gc,ref         ] GC(107) ReferenceProcessor::execute queues: 1, RefProcThreadModel::Single, marks_oops_alive: false
[564.198s][debug][gc,ref         ] GC(107) Skipped phase 3 of Reference Processing: no references
[564.198s][debug][gc,ref         ] GC(107) ReferenceProcessor::execute queues: 1, RefProcThreadModel::Single, marks_oops_alive: false
[564.198s][debug][gc,phases      ] GC(107) Reference Processing 0.106ms
[564.198s][debug][gc,phases      ] GC(107)   VM Weak                        Min:  0.0, Avg:  0.0, Max:  0.0, Diff:  0.0, Sum:  0.0, Workers: 4
[564.198s][debug][gc,phases      ] GC(107)     Dead                           Min: 0, Avg:  0.0, Max: 0, Diff: 0, Sum: 0, Workers: 4
[564.198s][debug][gc,phases      ] GC(107)     Total                          Min: 0, Avg: 162.8, Max: 384, Diff: 384, Sum: 651, Workers: 4
[564.198s][debug][gc,phases      ] GC(107)   ObjectSynchronizer Weak        Min:  0.0, Avg:  0.0, Max:  0.0, Diff:  0.0, Sum:  0.0, Workers: 4
[564.198s][debug][gc,phases      ] GC(107)     Dead                           Min: 0, Avg:  0.0, Max: 0, Diff: 0, Sum: 0, Workers: 4
[564.198s][debug][gc,phases      ] GC(107)     Total                          Min: 0, Avg: 119.2, Max: 192, Diff: 192, Sum: 477, Workers: 4
[564.198s][debug][gc,phases      ] GC(107)   JVMTI Tag Weak OopStorage      Min:  0.0, Avg:  0.0, Max:  0.0, Diff:  0.0, Sum:  0.0, Workers: 4
[564.198s][debug][gc,phases      ] GC(107)     Dead                           Min: 0, Avg:  0.0, Max: 0, Diff: 0, Sum: 0, Workers: 4
[564.198s][debug][gc,phases      ] GC(107)     Total                          Min: 0, Avg:  0.0, Max: 0, Diff: 0, Sum: 0, Workers: 4
[564.198s][debug][gc,phases      ] GC(107)   StringTable Weak               Min:  0.1, Avg:  0.1, Max:  0.1, Diff:  0.0, Sum:  0.3, Workers: 4
[564.198s][debug][gc,phases      ] GC(107)     Dead                           Min: 0, Avg:  0.0, Max: 0, Diff: 0, Sum: 0, Workers: 4
[564.198s][debug][gc,phases      ] GC(107)     Total                          Min: 8320, Avg: 11947.0, Max: 13696, Diff: 5376, Sum: 47788, Workers: 4
[564.198s][debug][gc,phases      ] GC(107)   ResolvedMethodTable Weak       Min:  0.0, Avg:  0.0, Max:  0.0, Diff:  0.0, Sum:  0.1, Workers: 4
[564.198s][debug][gc,phases      ] GC(107)     Dead                           Min: 0, Avg:  0.0, Max: 0, Diff: 0, Sum: 0, Workers: 4
[564.198s][debug][gc,phases      ] GC(107)     Total                          Min: 1513, Avg: 2025.2, Max: 2431, Diff: 918, Sum: 8101, Workers: 4
[564.198s][debug][gc,phases      ] GC(107)   JNI Weak                       Min:  0.0, Avg:  0.0, Max:  0.0, Diff:  0.0, Sum:  0.0, Workers: 4
[564.198s][debug][gc,phases      ] GC(107)     Dead                           Min: 0, Avg:  0.0, Max: 0, Diff: 0, Sum: 0, Workers: 4
[564.198s][debug][gc,phases      ] GC(107)     Total                          Min: 0, Avg:  0.0, Max: 0, Diff: 0, Sum: 0, Workers: 4
[564.198s][debug][gc,phases      ] GC(107)   StringDedup Table Weak         Min:  0.0, Avg:  0.0, Max:  0.0, Diff:  0.0, Sum:  0.0, Workers: 4
[564.198s][debug][gc,phases      ] GC(107)     Dead                           Min: 0, Avg:  0.0, Max: 0, Diff: 0, Sum: 0, Workers: 4
[564.198s][debug][gc,phases      ] GC(107)     Total                          Min: 0, Avg:  0.0, Max: 0, Diff: 0, Sum: 0, Workers: 4
[564.198s][debug][gc,phases      ] GC(107)   StringDedup Requests0 Weak     Min:  0.0, Avg:  0.0, Max:  0.0, Diff:  0.0, Sum:  0.0, Workers: 4
[564.198s][debug][gc,phases      ] GC(107)     Dead                           Min: 0, Avg:  0.0, Max: 0, Diff: 0, Sum: 0, Workers: 4
[564.198s][debug][gc,phases      ] GC(107)     Total                          Min: 0, Avg:  0.0, Max: 0, Diff: 0, Sum: 0, Workers: 4
[564.198s][debug][gc,phases      ] GC(107)   StringDedup Requests1 Weak     Min:  0.0, Avg:  0.0, Max:  0.0, Diff:  0.0, Sum:  0.0, Workers: 4
[564.198s][debug][gc,phases      ] GC(107)     Dead                           Min: 0, Avg:  0.0, Max: 0, Diff: 0, Sum: 0, Workers: 4
[564.198s][debug][gc,phases      ] GC(107)     Total                          Min: 0, Avg:  0.0, Max: 0, Diff: 0, Sum: 0, Workers: 4
[564.198s][debug][gc,phases      ] GC(107)   Weak JFR Old Object Samples    Min:  0.0, Avg:  0.0, Max:  0.0, Diff:  0.0, Sum:  0.0, Workers: 4
[564.198s][debug][gc,phases      ] GC(107)     Dead                           Min: 0, Avg:  0.0, Max: 0, Diff: 0, Sum: 0, Workers: 4
[564.198s][debug][gc,phases      ] GC(107)     Total                          Min: 0, Avg:  0.0, Max: 0, Diff: 0, Sum: 0, Workers: 4
[564.198s][debug][gc,phases      ] GC(107) Weak Processing 0.268ms
[564.198s][debug][gc,age         ] GC(107) Desired survivor size 62914560 bytes, new threshold 15 (max threshold 15)
[564.198s][info ][gc,heap        ] GC(107) PSYoungGen: 2009397K(2036736K)->48899K(2031104K) Eden: 1977856K(1977856K)->0K(1974272K) From: 31541K(58880K)->48899K(56832K)
[564.198s][info ][gc,heap        ] GC(107) ParOldGen: 350282K(411648K)->350642K(411648K)
[564.198s][info ][gc,metaspace   ] GC(107) Metaspace: 80563K(81408K)->80563K(81408K) NonClass: 69195K(69632K)->69195K(69632K) Class: 11368K(11776K)->11368K(11776K)
[564.198s][info ][gc             ] GC(107) Pause Young (Allocation Failure) 2304M->390M(2385M) 11.030ms
[564.198s][info ][gc,cpu         ] GC(107) User=0.04s Sys=0.00s Real=0.01s
[564.198s][info ][safepoint      ] Safepoint "ParallelGCFailedAllocation", Time since last: 9178219048 ns, Reaching safepoint: 25800 ns, At safepoint: 11110455 ns, Total: 11136255 ns
[567.199s][info ][safepoint      ] Safepoint "Cleanup", Time since last: 3000213979 ns, Reaching safepoint: 46600 ns, At safepoint: 7400 ns, Total: 54000 ns
[570.199s][info ][safepoint      ] Safepoint "Cleanup", Time since last: 3000236574 ns, Reaching safepoint: 41300 ns, At safepoint: 7800 ns, Total: 49100 ns
[575.199s][info ][safepoint      ] Safepoint "Cleanup", Time since last: 5000348709 ns, Reaching safepoint: 45801 ns, At safepoint: 2500 ns, Total: 48301 ns
[595.201s][info ][safepoint      ] Safepoint "Cleanup", Time since last: 20001271883 ns, Reaching safepoint: 49701 ns, At safepoint: 3100 ns, Total: 52801 ns
[596.201s][info ][safepoint      ] Safepoint "Cleanup", Time since last: 1000107308 ns, Reaching safepoint: 46600 ns, At safepoint: 2900 ns, Total: 49500 ns
[598.201s][info ][safepoint      ] Safepoint "Cleanup", Time since last: 2000168514 ns, Reaching safepoint: 47100 ns, At safepoint: 8800 ns, Total: 55900 ns
[600.201s][info ][safepoint      ] Safepoint "Cleanup", Time since last: 2000167712 ns, Reaching safepoint: 46000 ns, At safepoint: 2500 ns, Total: 48500 ns
[601.201s][info ][safepoint      ] Safepoint "Cleanup", Time since last: 1000093505 ns, Reaching safepoint: 27800 ns, At safepoint: 2600 ns, Total: 30400 ns
[603.202s][info ][safepoint      ] Safepoint "Cleanup", Time since last: 2000163808 ns, Reaching safepoint: 46100 ns, At safepoint: 7200 ns, Total: 53300 ns
[604.202s][info ][safepoint      ] Safepoint "Cleanup", Time since last: 1000109904 ns, Reaching safepoint: 27300 ns, At safepoint: 2700 ns, Total: 30000 ns
[608.202s][info ][safepoint      ] Safepoint "Cleanup", Time since last: 4000310406 ns, Reaching safepoint: 36201 ns, At safepoint: 2600 ns, Total: 38801 ns
[608.241s][info ][gc,start       ] GC(108) Pause Young (Allocation Failure)
[608.251s][debug][gc,phases      ] GC(108) Scavenge 10.013ms
[608.251s][debug][gc,ref         ] GC(108) Skipped phase 1 of Reference Processing: no references
[608.251s][debug][gc,ref         ] GC(108) ReferenceProcessor::execute queues: 1, RefProcThreadModel::Single, marks_oops_alive: false
[608.251s][debug][gc,ref         ] GC(108) Skipped phase 3 of Reference Processing: no references
[608.251s][debug][gc,ref         ] GC(108) ReferenceProcessor::execute queues: 1, RefProcThreadModel::Single, marks_oops_alive: false
[608.252s][debug][gc,phases      ] GC(108) Reference Processing 0.117ms
[608.252s][debug][gc,phases      ] GC(108)   VM Weak                        Min:  0.0, Avg:  0.0, Max:  0.0, Diff:  0.0, Sum:  0.0, Workers: 4
[608.252s][debug][gc,phases      ] GC(108)     Dead                           Min: 0, Avg:  0.0, Max: 0, Diff: 0, Sum: 0, Workers: 4
[608.252s][debug][gc,phases      ] GC(108)     Total                          Min: 0, Avg: 162.8, Max: 523, Diff: 523, Sum: 651, Workers: 4
[608.252s][debug][gc,phases      ] GC(108)   ObjectSynchronizer Weak        Min:  0.0, Avg:  0.0, Max:  0.0, Diff:  0.0, Sum:  0.0, Workers: 4
[608.252s][debug][gc,phases      ] GC(108)     Dead                           Min: 0, Avg:  0.0, Max: 0, Diff: 0, Sum: 0, Workers: 4
[608.252s][debug][gc,phases      ] GC(108)     Total                          Min: 0, Avg: 119.2, Max: 192, Diff: 192, Sum: 477, Workers: 4
[608.252s][debug][gc,phases      ] GC(108)   JVMTI Tag Weak OopStorage      Min:  0.0, Avg:  0.0, Max:  0.0, Diff:  0.0, Sum:  0.0, Workers: 4
[608.252s][debug][gc,phases      ] GC(108)     Dead                           Min: 0, Avg:  0.0, Max: 0, Diff: 0, Sum: 0, Workers: 4
[608.252s][debug][gc,phases      ] GC(108)     Total                          Min: 0, Avg:  0.0, Max: 0, Diff: 0, Sum: 0, Workers: 4
[608.252s][debug][gc,phases      ] GC(108)   StringTable Weak               Min:  0.1, Avg:  0.1, Max:  0.1, Diff:  0.0, Sum:  0.5, Workers: 4
[608.252s][debug][gc,phases      ] GC(108)     Dead                           Min: 0, Avg:  0.0, Max: 0, Diff: 0, Sum: 0, Workers: 4
[608.252s][debug][gc,phases      ] GC(108)     Total                          Min: 11574, Avg: 11949.5, Max: 12352, Diff: 778, Sum: 47798, Workers: 4
[608.252s][debug][gc,phases      ] GC(108)   ResolvedMethodTable Weak       Min:  0.0, Avg:  0.0, Max:  0.0, Diff:  0.0, Sum:  0.1, Workers: 4
[608.252s][debug][gc,phases      ] GC(108)     Dead                           Min: 0, Avg:  0.0, Max: 0, Diff: 0, Sum: 0, Workers: 4
[608.252s][debug][gc,phases      ] GC(108)     Total                          Min: 1855, Avg: 2025.2, Max: 2238, Diff: 383, Sum: 8101, Workers: 4
[608.252s][debug][gc,phases      ] GC(108)   JNI Weak                       Min:  0.0, Avg:  0.0, Max:  0.0, Diff:  0.0, Sum:  0.0, Workers: 4
[608.252s][debug][gc,phases      ] GC(108)     Dead                           Min: 0, Avg:  0.0, Max: 0, Diff: 0, Sum: 0, Workers: 4
[608.252s][debug][gc,phases      ] GC(108)     Total                          Min: 0, Avg:  0.0, Max: 0, Diff: 0, Sum: 0, Workers: 4
[608.252s][debug][gc,phases      ] GC(108)   StringDedup Table Weak         Min:  0.0, Avg:  0.0, Max:  0.0, Diff:  0.0, Sum:  0.0, Workers: 4
[608.252s][debug][gc,phases      ] GC(108)     Dead                           Min: 0, Avg:  0.0, Max: 0, Diff: 0, Sum: 0, Workers: 4
[608.252s][debug][gc,phases      ] GC(108)     Total                          Min: 0, Avg:  0.0, Max: 0, Diff: 0, Sum: 0, Workers: 4
[608.252s][debug][gc,phases      ] GC(108)   StringDedup Requests0 Weak     Min:  0.0, Avg:  0.0, Max:  0.0, Diff:  0.0, Sum:  0.0, Workers: 4
[608.252s][debug][gc,phases      ] GC(108)     Dead                           Min: 0, Avg:  0.0, Max: 0, Diff: 0, Sum: 0, Workers: 4
[608.252s][debug][gc,phases      ] GC(108)     Total                          Min: 0, Avg:  0.0, Max: 0, Diff: 0, Sum: 0, Workers: 4
[608.252s][debug][gc,phases      ] GC(108)   StringDedup Requests1 Weak     Min:  0.0, Avg:  0.0, Max:  0.0, Diff:  0.0, Sum:  0.0, Workers: 4
[608.252s][debug][gc,phases      ] GC(108)     Dead                           Min: 0, Avg:  0.0, Max: 0, Diff: 0, Sum: 0, Workers: 4
[608.252s][debug][gc,phases      ] GC(108)     Total                          Min: 0, Avg:  0.0, Max: 0, Diff: 0, Sum: 0, Workers: 4
[608.252s][debug][gc,phases      ] GC(108)   Weak JFR Old Object Samples    Min:  0.0, Avg:  0.0, Max:  0.0, Diff:  0.0, Sum:  0.0, Workers: 4
[608.252s][debug][gc,phases      ] GC(108)     Dead                           Min: 0, Avg:  0.0, Max: 0, Diff: 0, Sum: 0, Workers: 4
[608.252s][debug][gc,phases      ] GC(108)     Total                          Min: 0, Avg:  0.0, Max: 0, Diff: 0, Sum: 0, Workers: 4
[608.252s][debug][gc,phases      ] GC(108) Weak Processing 0.363ms
[608.252s][debug][gc,age         ] GC(108) Desired survivor size 66584576 bytes, new threshold 15 (max threshold 15)
[608.252s][info ][gc,heap        ] GC(108) PSYoungGen: 2023171K(2031104K)->48483K(2022912K) Eden: 1974272K(1974272K)->0K(1974272K) From: 48899K(56832K)->48483K(48640K)
[608.252s][info ][gc,heap        ] GC(108) ParOldGen: 350642K(411648K)->351082K(411648K)
[608.252s][info ][gc,metaspace   ] GC(108) Metaspace: 80574K(81408K)->80574K(81408K) NonClass: 69206K(69632K)->69206K(69632K) Class: 11368K(11776K)->11368K(11776K)
[608.252s][info ][gc             ] GC(108) Pause Young (Allocation Failure) 2318M->390M(2377M) 10.598ms
[608.252s][info ][gc,cpu         ] GC(108) User=0.04s Sys=0.00s Real=0.01s
[608.252s][info ][safepoint      ] Safepoint "ParallelGCFailedAllocation", Time since last: 39249992 ns, Reaching safepoint: 32800 ns, At safepoint: 10671552 ns, Total: 10704352 ns
[615.253s][info ][safepoint      ] Safepoint "Cleanup", Time since last: 7000490589 ns, Reaching safepoint: 44100 ns, At safepoint: 3600 ns, Total: 47700 ns
[618.253s][info ][safepoint      ] Safepoint "Cleanup", Time since last: 3000204587 ns, Reaching safepoint: 41800 ns, At safepoint: 4900 ns, Total: 46700 ns
[619.253s][info ][safepoint      ] Safepoint "Cleanup", Time since last: 1000103795 ns, Reaching safepoint: 30300 ns, At safepoint: 2400 ns, Total: 32700 ns
[620.253s][info ][safepoint      ] Safepoint "Cleanup", Time since last: 1000075794 ns, Reaching safepoint: 46900 ns, At safepoint: 5800 ns, Total: 52700 ns
[621.253s][info ][safepoint      ] Safepoint "Cleanup", Time since last: 1000101693 ns, Reaching safepoint: 44500 ns, At safepoint: 2300 ns, Total: 46800 ns
[622.253s][info ][safepoint      ] Safepoint "Cleanup", Time since last: 1000102193 ns, Reaching safepoint: 45700 ns, At safepoint: 6400 ns, Total: 52100 ns
[629.254s][info ][safepoint      ] Safepoint "Cleanup", Time since last: 7000472533 ns, Reaching safepoint: 60900 ns, At safepoint: 9000 ns, Total: 69900 ns
[630.254s][info ][safepoint      ] Safepoint "Cleanup", Time since last: 1000103189 ns, Reaching safepoint: 44500 ns, At safepoint: 5800 ns, Total: 50300 ns
[633.254s][info ][safepoint      ] Safepoint "Cleanup", Time since last: 3000230161 ns, Reaching safepoint: 44400 ns, At safepoint: 3900 ns, Total: 48300 ns
[634.254s][info ][safepoint      ] Safepoint "Cleanup", Time since last: 1000096386 ns, Reaching safepoint: 42501 ns, At safepoint: 8200 ns, Total: 50701 ns
[635.255s][info ][safepoint      ] Safepoint "Cleanup", Time since last: 1000111985 ns, Reaching safepoint: 43900 ns, At safepoint: 2400 ns, Total: 46300 ns
[636.255s][info ][safepoint      ] Safepoint "Cleanup", Time since last: 1000120585 ns, Reaching safepoint: 35601 ns, At safepoint: 2500 ns, Total: 38101 ns
[638.255s][info ][safepoint      ] Safepoint "Cleanup", Time since last: 2000193868 ns, Reaching safepoint: 63800 ns, At safepoint: 6100 ns, Total: 69900 ns
[640.255s][info ][safepoint      ] Safepoint "Cleanup", Time since last: 2000174366 ns, Reaching safepoint: 50000 ns, At safepoint: 5300 ns, Total: 55300 ns
[644.256s][info ][safepoint      ] Safepoint "Cleanup", Time since last: 4000264225 ns, Reaching safepoint: 46100 ns, At safepoint: 4700 ns, Total: 50800 ns
[646.256s][info ][safepoint      ] Safepoint "Cleanup", Time since last: 2000157059 ns, Reaching safepoint: 45101 ns, At safepoint: 2500 ns, Total: 47601 ns
[648.256s][info ][safepoint      ] Safepoint "Cleanup", Time since last: 2000135057 ns, Reaching safepoint: 59200 ns, At safepoint: 10100 ns, Total: 69300 ns
[649.256s][info ][safepoint      ] Safepoint "Cleanup", Time since last: 1000105278 ns, Reaching safepoint: 37500 ns, At safepoint: 2400 ns, Total: 39900 ns
[650.280s][info ][gc,start       ] GC(109) Pause Young (Allocation Failure)
[650.288s][debug][gc,phases      ] GC(109) Scavenge 8.141ms
[650.288s][debug][gc,ref         ] GC(109) Skipped phase 1 of Reference Processing: no references
[650.288s][debug][gc,ref         ] GC(109) ReferenceProcessor::execute queues: 1, RefProcThreadModel::Single, marks_oops_alive: false
[650.288s][debug][gc,ref         ] GC(109) Skipped phase 3 of Reference Processing: no references
[650.288s][debug][gc,ref         ] GC(109) ReferenceProcessor::execute queues: 1, RefProcThreadModel::Single, marks_oops_alive: false
[650.288s][debug][gc,phases      ] GC(109) Reference Processing 0.103ms
[650.288s][debug][gc,phases      ] GC(109)   VM Weak                        Min:  0.0, Avg:  0.0, Max:  0.0, Diff:  0.0, Sum:  0.0, Workers: 4
[650.288s][debug][gc,phases      ] GC(109)     Dead                           Min: 0, Avg:  0.0, Max: 0, Diff: 0, Sum: 0, Workers: 4
[650.288s][debug][gc,phases      ] GC(109)     Total                          Min: 0, Avg: 162.8, Max: 651, Diff: 651, Sum: 651, Workers: 4
[650.288s][debug][gc,phases      ] GC(109)   ObjectSynchronizer Weak        Min:  0.0, Avg:  0.0, Max:  0.0, Diff:  0.0, Sum:  0.0, Workers: 4
[650.288s][debug][gc,phases      ] GC(109)     Dead                           Min: 0, Avg:  0.0, Max: 0, Diff: 0, Sum: 0, Workers: 4
[650.288s][debug][gc,phases      ] GC(109)     Total                          Min: 0, Avg: 119.2, Max: 477, Diff: 477, Sum: 477, Workers: 4
[650.288s][debug][gc,phases      ] GC(109)   JVMTI Tag Weak OopStorage      Min:  0.0, Avg:  0.0, Max:  0.0, Diff:  0.0, Sum:  0.0, Workers: 4
[650.288s][debug][gc,phases      ] GC(109)     Dead                           Min: 0, Avg:  0.0, Max: 0, Diff: 0, Sum: 0, Workers: 4
[650.288s][debug][gc,phases      ] GC(109)     Total                          Min: 0, Avg:  0.0, Max: 0, Diff: 0, Sum: 0, Workers: 4
[650.288s][debug][gc,phases      ] GC(109)   StringTable Weak               Min:  0.1, Avg:  0.1, Max:  0.1, Diff:  0.0, Sum:  0.3, Workers: 4
[650.288s][debug][gc,phases      ] GC(109)     Dead                           Min: 0, Avg:  0.0, Max: 0, Diff: 0, Sum: 0, Workers: 4
[650.288s][debug][gc,phases      ] GC(109)     Total                          Min: 10944, Avg: 11953.2, Max: 12992, Diff: 2048, Sum: 47813, Workers: 4
[650.288s][debug][gc,phases      ] GC(109)   ResolvedMethodTable Weak       Min:  0.0, Avg:  0.0, Max:  0.0, Diff:  0.0, Sum:  0.1, Workers: 4
[650.288s][debug][gc,phases      ] GC(109)     Dead                           Min: 0, Avg:  0.0, Max: 0, Diff: 0, Sum: 0, Workers: 4
[650.288s][debug][gc,phases      ] GC(109)     Total                          Min: 1151, Avg: 2025.2, Max: 2366, Diff: 1215, Sum: 8101, Workers: 4
[650.288s][debug][gc,phases      ] GC(109)   JNI Weak                       Min:  0.0, Avg:  0.0, Max:  0.0, Diff:  0.0, Sum:  0.0, Workers: 4
[650.288s][debug][gc,phases      ] GC(109)     Dead                           Min: 0, Avg:  0.0, Max: 0, Diff: 0, Sum: 0, Workers: 4
[650.288s][debug][gc,phases      ] GC(109)     Total                          Min: 0, Avg:  0.0, Max: 0, Diff: 0, Sum: 0, Workers: 4
[650.288s][debug][gc,phases      ] GC(109)   StringDedup Table Weak         Min:  0.0, Avg:  0.0, Max:  0.0, Diff:  0.0, Sum:  0.0, Workers: 4
[650.288s][debug][gc,phases      ] GC(109)     Dead                           Min: 0, Avg:  0.0, Max: 0, Diff: 0, Sum: 0, Workers: 4
[650.288s][debug][gc,phases      ] GC(109)     Total                          Min: 0, Avg:  0.0, Max: 0, Diff: 0, Sum: 0, Workers: 4
[650.288s][debug][gc,phases      ] GC(109)   StringDedup Requests0 Weak     Min:  0.0, Avg:  0.0, Max:  0.0, Diff:  0.0, Sum:  0.0, Workers: 4
[650.288s][debug][gc,phases      ] GC(109)     Dead                           Min: 0, Avg:  0.0, Max: 0, Diff: 0, Sum: 0, Workers: 4
[650.288s][debug][gc,phases      ] GC(109)     Total                          Min: 0, Avg:  0.0, Max: 0, Diff: 0, Sum: 0, Workers: 4
[650.288s][debug][gc,phases      ] GC(109)   StringDedup Requests1 Weak     Min:  0.0, Avg:  0.0, Max:  0.0, Diff:  0.0, Sum:  0.0, Workers: 4
[650.288s][debug][gc,phases      ] GC(109)     Dead                           Min: 0, Avg:  0.0, Max: 0, Diff: 0, Sum: 0, Workers: 4
[650.288s][debug][gc,phases      ] GC(109)     Total                          Min: 0, Avg:  0.0, Max: 0, Diff: 0, Sum: 0, Workers: 4
[650.288s][debug][gc,phases      ] GC(109)   Weak JFR Old Object Samples    Min:  0.0, Avg:  0.0, Max:  0.0, Diff:  0.0, Sum:  0.0, Workers: 4
[650.288s][debug][gc,phases      ] GC(109)     Dead                           Min: 0, Avg:  0.0, Max: 0, Diff: 0, Sum: 0, Workers: 4
[650.288s][debug][gc,phases      ] GC(109)     Total                          Min: 0, Avg:  0.0, Max: 0, Diff: 0, Sum: 0, Workers: 4
[650.288s][debug][gc,phases      ] GC(109) Weak Processing 0.262ms
[650.288s][debug][gc,age         ] GC(109) Desired survivor size 69206016 bytes, new threshold 15 (max threshold 15)
[650.288s][info ][gc,heap        ] GC(109) PSYoungGen: 2022755K(2022912K)->47797K(2027008K) Eden: 1974272K(1974272K)->0K(1961984K) From: 48483K(48640K)->47797K(65024K)
[650.288s][info ][gc,heap        ] GC(109) ParOldGen: 351082K(411648K)->351794K(411648K)
[650.288s][info ][gc,metaspace   ] GC(109) Metaspace: 80602K(81472K)->80602K(81472K) NonClass: 69234K(69696K)->69234K(69696K) Class: 11368K(11776K)->11368K(11776K)
[650.288s][info ][gc             ] GC(109) Pause Young (Allocation Failure) 2318M->390M(2381M) 8.616ms
[650.288s][info ][gc,cpu         ] GC(109) User=0.03s Sys=0.00s Real=0.01s
[650.288s][info ][safepoint      ] Safepoint "ParallelGCFailedAllocation", Time since last: 1023380291 ns, Reaching safepoint: 26600 ns, At safepoint: 8690642 ns, Total: 8717242 ns
[653.288s][info ][safepoint      ] Safepoint "Cleanup", Time since last: 3000199228 ns, Reaching safepoint: 38701 ns, At safepoint: 9300 ns, Total: 48001 ns
[656.289s][info ][safepoint      ] Safepoint "Cleanup", Time since last: 3000227323 ns, Reaching safepoint: 42900 ns, At safepoint: 7100 ns, Total: 50000 ns
[657.289s][info ][safepoint      ] Safepoint "Cleanup", Time since last: 1000107074 ns, Reaching safepoint: 55300 ns, At safepoint: 8600 ns, Total: 63900 ns
[659.289s][info ][safepoint      ] Safepoint "Cleanup", Time since last: 2000168246 ns, Reaching safepoint: 46200 ns, At safepoint: 5200 ns, Total: 51400 ns
[664.290s][info ][safepoint      ] Safepoint "Cleanup", Time since last: 5000357454 ns, Reaching safepoint: 47500 ns, At safepoint: 7000 ns, Total: 54500 ns
[671.290s][info ][safepoint      ] Safepoint "Cleanup", Time since last: 7000456873 ns, Reaching safepoint: 62900 ns, At safepoint: 9700 ns, Total: 72600 ns
[672.290s][info ][safepoint      ] Safepoint "Cleanup", Time since last: 1000108166 ns, Reaching safepoint: 50800 ns, At safepoint: 9100 ns, Total: 59900 ns
[673.290s][info ][safepoint      ] Safepoint "Cleanup", Time since last: 1000092365 ns, Reaching safepoint: 41001 ns, At safepoint: 6200 ns, Total: 47201 ns
[674.291s][info ][safepoint      ] Safepoint "Cleanup", Time since last: 1000103664 ns, Reaching safepoint: 43100 ns, At safepoint: 6200 ns, Total: 49300 ns
[678.291s][info ][safepoint      ] Safepoint "Cleanup", Time since last: 4000299353 ns, Reaching safepoint: 114301 ns, At safepoint: 10900 ns, Total: 125201 ns
[685.292s][info ][safepoint      ] Safepoint "Cleanup", Time since last: 7000514823 ns, Reaching safepoint: 124701 ns, At safepoint: 14700 ns, Total: 139401 ns
[686.292s][info ][safepoint      ] Safepoint "Cleanup", Time since last: 1000113158 ns, Reaching safepoint: 112601 ns, At safepoint: 6300 ns, Total: 118901 ns
[692.292s][info ][safepoint      ] Safepoint "Cleanup", Time since last: 6000425040 ns, Reaching safepoint: 110401 ns, At safepoint: 5000 ns, Total: 115401 ns
[693.293s][info ][safepoint      ] Safepoint "Cleanup", Time since last: 1000104755 ns, Reaching safepoint: 114600 ns, At safepoint: 10600 ns, Total: 125200 ns
[693.994s][info ][gc,start       ] GC(110) Pause Young (Allocation Failure)
[694.004s][debug][gc,phases      ] GC(110) Scavenge 9.669ms
[694.004s][debug][gc,ref         ] GC(110) Skipped phase 1 of Reference Processing: no references
[694.004s][debug][gc,ref         ] GC(110) ReferenceProcessor::execute queues: 1, RefProcThreadModel::Single, marks_oops_alive: false
[694.004s][debug][gc,ref         ] GC(110) Skipped phase 3 of Reference Processing: no references
[694.004s][debug][gc,ref         ] GC(110) ReferenceProcessor::execute queues: 1, RefProcThreadModel::Single, marks_oops_alive: false
[694.004s][debug][gc,phases      ] GC(110) Reference Processing 0.119ms
[694.005s][debug][gc,phases      ] GC(110)   VM Weak                        Min:  0.0, Avg:  0.0, Max:  0.0, Diff:  0.0, Sum:  0.0, Workers: 4
[694.005s][debug][gc,phases      ] GC(110)     Dead                           Min: 0, Avg:  0.0, Max: 0, Diff: 0, Sum: 0, Workers: 4
[694.005s][debug][gc,phases      ] GC(110)     Total                          Min: 0, Avg: 162.8, Max: 651, Diff: 651, Sum: 651, Workers: 4
[694.005s][debug][gc,phases      ] GC(110)   ObjectSynchronizer Weak        Min:  0.0, Avg:  0.0, Max:  0.0, Diff:  0.0, Sum:  0.0, Workers: 4
[694.005s][debug][gc,phases      ] GC(110)     Dead                           Min: 0, Avg:  0.0, Max: 0, Diff: 0, Sum: 0, Workers: 4
[694.005s][debug][gc,phases      ] GC(110)     Total                          Min: 0, Avg: 119.2, Max: 384, Diff: 384, Sum: 477, Workers: 4
[694.005s][debug][gc,phases      ] GC(110)   JVMTI Tag Weak OopStorage      Min:  0.0, Avg:  0.0, Max:  0.0, Diff:  0.0, Sum:  0.0, Workers: 4
[694.005s][debug][gc,phases      ] GC(110)     Dead                           Min: 0, Avg:  0.0, Max: 0, Diff: 0, Sum: 0, Workers: 4
[694.005s][debug][gc,phases      ] GC(110)     Total                          Min: 0, Avg:  0.0, Max: 0, Diff: 0, Sum: 0, Workers: 4
[694.005s][debug][gc,phases      ] GC(110)   StringTable Weak               Min:  0.1, Avg:  0.1, Max:  0.1, Diff:  0.0, Sum:  0.5, Workers: 4
[694.005s][debug][gc,phases      ] GC(110)     Dead                           Min: 0, Avg:  0.2, Max: 1, Diff: 1, Sum: 1, Workers: 4
[694.005s][debug][gc,phases      ] GC(110)     Total                          Min: 11392, Avg: 11955.2, Max: 12480, Diff: 1088, Sum: 47821, Workers: 4
[694.005s][debug][gc,phases      ] GC(110)   ResolvedMethodTable Weak       Min:  0.0, Avg:  0.0, Max:  0.0, Diff:  0.0, Sum:  0.1, Workers: 4
[694.005s][debug][gc,phases      ] GC(110)     Dead                           Min: 0, Avg:  4.5, Max: 12, Diff: 12, Sum: 18, Workers: 4
[694.005s][debug][gc,phases      ] GC(110)     Total                          Min: 1984, Avg: 2028.2, Max: 2097, Diff: 113, Sum: 8113, Workers: 4
[694.005s][debug][gc,phases      ] GC(110)   JNI Weak                       Min:  0.0, Avg:  0.0, Max:  0.0, Diff:  0.0, Sum:  0.0, Workers: 4
[694.005s][debug][gc,phases      ] GC(110)     Dead                           Min: 0, Avg:  0.0, Max: 0, Diff: 0, Sum: 0, Workers: 4
[694.005s][debug][gc,phases      ] GC(110)     Total                          Min: 0, Avg:  0.0, Max: 0, Diff: 0, Sum: 0, Workers: 4
[694.005s][debug][gc,phases      ] GC(110)   StringDedup Table Weak         Min:  0.0, Avg:  0.0, Max:  0.0, Diff:  0.0, Sum:  0.0, Workers: 4
[694.005s][debug][gc,phases      ] GC(110)     Dead                           Min: 0, Avg:  0.0, Max: 0, Diff: 0, Sum: 0, Workers: 4
[694.005s][debug][gc,phases      ] GC(110)     Total                          Min: 0, Avg:  0.0, Max: 0, Diff: 0, Sum: 0, Workers: 4
[694.005s][debug][gc,phases      ] GC(110)   StringDedup Requests0 Weak     Min:  0.0, Avg:  0.0, Max:  0.0, Diff:  0.0, Sum:  0.0, Workers: 4
[694.005s][debug][gc,phases      ] GC(110)     Dead                           Min: 0, Avg:  0.0, Max: 0, Diff: 0, Sum: 0, Workers: 4
[694.005s][debug][gc,phases      ] GC(110)     Total                          Min: 0, Avg:  0.0, Max: 0, Diff: 0, Sum: 0, Workers: 4
[694.005s][debug][gc,phases      ] GC(110)   StringDedup Requests1 Weak     Min:  0.0, Avg:  0.0, Max:  0.0, Diff:  0.0, Sum:  0.0, Workers: 4
[694.005s][debug][gc,phases      ] GC(110)     Dead                           Min: 0, Avg:  0.0, Max: 0, Diff: 0, Sum: 0, Workers: 4
[694.005s][debug][gc,phases      ] GC(110)     Total                          Min: 0, Avg:  0.0, Max: 0, Diff: 0, Sum: 0, Workers: 4
[694.005s][debug][gc,phases      ] GC(110)   Weak JFR Old Object Samples    Min:  0.0, Avg:  0.0, Max:  0.0, Diff:  0.0, Sum:  0.0, Workers: 4
[694.005s][debug][gc,phases      ] GC(110)     Dead                           Min: 0, Avg:  0.0, Max: 0, Diff: 0, Sum: 0, Workers: 4
[694.005s][debug][gc,phases      ] GC(110)     Total                          Min: 0, Avg:  0.0, Max: 0, Diff: 0, Sum: 0, Workers: 4
[694.005s][debug][gc,phases      ] GC(110) Weak Processing 0.309ms
[694.005s][debug][gc,age         ] GC(110) Desired survivor size 69730304 bytes, new threshold 15 (max threshold 15)
[694.005s][info ][gc,heap        ] GC(110) PSYoungGen: 2009781K(2027008K)->44483K(2006528K) Eden: 1961984K(1961984K)->0K(1961984K) From: 47797K(65024K)->44483K(44544K)
[694.005s][info ][gc,heap        ] GC(110) ParOldGen: 351794K(411648K)->355243K(411648K)
[694.005s][info ][gc,metaspace   ] GC(110) Metaspace: 80631K(81472K)->80631K(81472K) NonClass: 69261K(69696K)->69261K(69696K) Class: 11369K(11776K)->11369K(11776K)
[694.005s][info ][gc             ] GC(110) Pause Young (Allocation Failure) 2306M->390M(2361M) 10.215ms
[694.005s][info ][gc,cpu         ] GC(110) User=0.03s Sys=0.00s Real=0.01s
[694.005s][info ][safepoint      ] Safepoint "ParallelGCFailedAllocation", Time since last: 701758407 ns, Reaching safepoint: 41500 ns, At safepoint: 10298350 ns, Total: 10339850 ns
[697.005s][info ][safepoint      ] Safepoint "Cleanup", Time since last: 3000209861 ns, Reaching safepoint: 52900 ns, At safepoint: 8000 ns, Total: 60900 ns
[702.005s][info ][safepoint      ] Safepoint "Cleanup", Time since last: 5000361358 ns, Reaching safepoint: 45900 ns, At safepoint: 3200 ns, Total: 49100 ns
[705.006s][info ][safepoint      ] Safepoint "Cleanup", Time since last: 3000222849 ns, Reaching safepoint: 43301 ns, At safepoint: 2700 ns, Total: 46001 ns
[706.006s][info ][safepoint      ] Safepoint "Cleanup", Time since last: 1000061948 ns, Reaching safepoint: 41600 ns, At safepoint: 2500 ns, Total: 44100 ns
[710.006s][info ][safepoint      ] Safepoint "Cleanup", Time since last: 4000251990 ns, Reaching safepoint: 39901 ns, At safepoint: 2400 ns, Total: 42301 ns
[718.007s][info ][safepoint      ] Safepoint "Cleanup", Time since last: 8000432656 ns, Reaching safepoint: 38800 ns, At safepoint: 3300 ns, Total: 42100 ns
[734.008s][info ][safepoint      ] Safepoint "Cleanup", Time since last: 16001019824 ns, Reaching safepoint: 39900 ns, At safepoint: 2800 ns, Total: 42700 ns
[737.008s][info ][safepoint      ] Safepoint "Cleanup", Time since last: 3000150104 ns, Reaching safepoint: 50600 ns, At safepoint: 5400 ns, Total: 56000 ns
[740.008s][info ][safepoint      ] Safepoint "Cleanup", Time since last: 3000237300 ns, Reaching safepoint: 46400 ns, At safepoint: 7600 ns, Total: 54000 ns
[741.008s][info ][safepoint      ] Safepoint "Cleanup", Time since last: 1000104833 ns, Reaching safepoint: 55900 ns, At safepoint: 6500 ns, Total: 62400 ns
[741.873s][info ][gc,start       ] GC(111) Pause Young (Allocation Failure)
[741.882s][debug][gc,phases      ] GC(111) Scavenge 8.944ms
[741.882s][debug][gc,ref         ] GC(111) Skipped phase 1 of Reference Processing: no references
[741.882s][debug][gc,ref         ] GC(111) ReferenceProcessor::execute queues: 1, RefProcThreadModel::Single, marks_oops_alive: false
[741.882s][debug][gc,ref         ] GC(111) Skipped phase 3 of Reference Processing: no references
[741.882s][debug][gc,ref         ] GC(111) ReferenceProcessor::execute queues: 1, RefProcThreadModel::Single, marks_oops_alive: false
[741.882s][debug][gc,phases      ] GC(111) Reference Processing 0.112ms
[741.882s][debug][gc,phases      ] GC(111)   VM Weak                        Min:  0.0, Avg:  0.0, Max:  0.0, Diff:  0.0, Sum:  0.0, Workers: 4
[741.882s][debug][gc,phases      ] GC(111)     Dead                           Min: 0, Avg:  0.0, Max: 0, Diff: 0, Sum: 0, Workers: 4
[741.882s][debug][gc,phases      ] GC(111)     Total                          Min: 0, Avg: 162.8, Max: 512, Diff: 512, Sum: 651, Workers: 4
[741.882s][debug][gc,phases      ] GC(111)   ObjectSynchronizer Weak        Min:  0.0, Avg:  0.0, Max:  0.0, Diff:  0.0, Sum:  0.0, Workers: 4
[741.882s][debug][gc,phases      ] GC(111)     Dead                           Min: 0, Avg:  0.0, Max: 0, Diff: 0, Sum: 0, Workers: 4
[741.882s][debug][gc,phases      ] GC(111)     Total                          Min: 0, Avg: 119.2, Max: 285, Diff: 285, Sum: 477, Workers: 4
[741.882s][debug][gc,phases      ] GC(111)   JVMTI Tag Weak OopStorage      Min:  0.0, Avg:  0.0, Max:  0.0, Diff:  0.0, Sum:  0.0, Workers: 4
[741.882s][debug][gc,phases      ] GC(111)     Dead                           Min: 0, Avg:  0.0, Max: 0, Diff: 0, Sum: 0, Workers: 4
[741.882s][debug][gc,phases      ] GC(111)     Total                          Min: 0, Avg:  0.0, Max: 0, Diff: 0, Sum: 0, Workers: 4
[741.882s][debug][gc,phases      ] GC(111)   StringTable Weak               Min:  0.1, Avg:  0.1, Max:  0.1, Diff:  0.0, Sum:  0.3, Workers: 4
[741.882s][debug][gc,phases      ] GC(111)     Dead                           Min: 0, Avg:  0.0, Max: 0, Diff: 0, Sum: 0, Workers: 4
[741.882s][debug][gc,phases      ] GC(111)     Total                          Min: 11584, Avg: 11956.2, Max: 12305, Diff: 721, Sum: 47825, Workers: 4
[741.882s][debug][gc,phases      ] GC(111)   ResolvedMethodTable Weak       Min:  0.0, Avg:  0.0, Max:  0.0, Diff:  0.0, Sum:  0.1, Workers: 4
[741.882s][debug][gc,phases      ] GC(111)     Dead                           Min: 0, Avg:  0.0, Max: 0, Diff: 0, Sum: 0, Workers: 4
[741.882s][debug][gc,phases      ] GC(111)     Total                          Min: 1841, Avg: 2028.2, Max: 2176, Diff: 335, Sum: 8113, Workers: 4
[741.882s][debug][gc,phases      ] GC(111)   JNI Weak                       Min:  0.0, Avg:  0.0, Max:  0.0, Diff:  0.0, Sum:  0.0, Workers: 4
[741.882s][debug][gc,phases      ] GC(111)     Dead                           Min: 0, Avg:  0.0, Max: 0, Diff: 0, Sum: 0, Workers: 4
[741.882s][debug][gc,phases      ] GC(111)     Total                          Min: 0, Avg:  0.0, Max: 0, Diff: 0, Sum: 0, Workers: 4
[741.882s][debug][gc,phases      ] GC(111)   StringDedup Table Weak         Min:  0.0, Avg:  0.0, Max:  0.0, Diff:  0.0, Sum:  0.0, Workers: 4
[741.882s][debug][gc,phases      ] GC(111)     Dead                           Min: 0, Avg:  0.0, Max: 0, Diff: 0, Sum: 0, Workers: 4
[741.882s][debug][gc,phases      ] GC(111)     Total                          Min: 0, Avg:  0.0, Max: 0, Diff: 0, Sum: 0, Workers: 4
[741.882s][debug][gc,phases      ] GC(111)   StringDedup Requests0 Weak     Min:  0.0, Avg:  0.0, Max:  0.0, Diff:  0.0, Sum:  0.0, Workers: 4
[741.882s][debug][gc,phases      ] GC(111)     Dead                           Min: 0, Avg:  0.0, Max: 0, Diff: 0, Sum: 0, Workers: 4
[741.882s][debug][gc,phases      ] GC(111)     Total                          Min: 0, Avg:  0.0, Max: 0, Diff: 0, Sum: 0, Workers: 4
[741.882s][debug][gc,phases      ] GC(111)   StringDedup Requests1 Weak     Min:  0.0, Avg:  0.0, Max:  0.0, Diff:  0.0, Sum:  0.0, Workers: 4
[741.882s][debug][gc,phases      ] GC(111)     Dead                           Min: 0, Avg:  0.0, Max: 0, Diff: 0, Sum: 0, Workers: 4
[741.882s][debug][gc,phases      ] GC(111)     Total                          Min: 0, Avg:  0.0, Max: 0, Diff: 0, Sum: 0, Workers: 4
[741.882s][debug][gc,phases      ] GC(111)   Weak JFR Old Object Samples    Min:  0.0, Avg:  0.0, Max:  0.0, Diff:  0.0, Sum:  0.0, Workers: 4
[741.882s][debug][gc,phases      ] GC(111)     Dead                           Min: 0, Avg:  0.0, Max: 0, Diff: 0, Sum: 0, Workers: 4
[741.883s][debug][gc,phases      ] GC(111)     Total                          Min: 0, Avg:  0.0, Max: 0, Diff: 0, Sum: 0, Workers: 4
[741.883s][debug][gc,phases      ] GC(111) Weak Processing 0.239ms
[741.883s][debug][gc,age         ] GC(111) Desired survivor size 67108864 bytes, new threshold 15 (max threshold 15)
[741.883s][info ][gc,heap        ] GC(111) PSYoungGen: 2006467K(2006528K)->37061K(2031616K) Eden: 1961984K(1961984K)->0K(1963520K) From: 44483K(44544K)->37061K(68096K)
[741.883s][info ][gc,heap        ] GC(111) ParOldGen: 355243K(411648K)->362723K(411648K)
[741.883s][info ][gc,metaspace   ] GC(111) Metaspace: 80651K(81472K)->80651K(81472K) NonClass: 69281K(69696K)->69281K(69696K) Class: 11369K(11776K)->11369K(11776K)
[741.883s][info ][gc             ] GC(111) Pause Young (Allocation Failure) 2306M->390M(2386M) 9.419ms
[741.883s][info ][gc,cpu         ] GC(111) User=0.04s Sys=0.00s Real=0.01s
[741.883s][info ][safepoint      ] Safepoint "ParallelGCFailedAllocation", Time since last: 864791178 ns, Reaching safepoint: 25100 ns, At safepoint: 9493346 ns, Total: 9518446 ns
[742.883s][info ][safepoint      ] Safepoint "Cleanup", Time since last: 1000080432 ns, Reaching safepoint: 31800 ns, At safepoint: 2700 ns, Total: 34500 ns
[743.883s][info ][safepoint      ] Safepoint "Cleanup", Time since last: 1000100131 ns, Reaching safepoint: 43901 ns, At safepoint: 8200 ns, Total: 52101 ns
[744.883s][info ][safepoint      ] Safepoint "Cleanup", Time since last: 1000104530 ns, Reaching safepoint: 51101 ns, At safepoint: 10300 ns, Total: 61401 ns
[745.883s][info ][safepoint      ] Safepoint "Cleanup", Time since last: 1000104530 ns, Reaching safepoint: 47400 ns, At safepoint: 6900 ns, Total: 54300 ns
[746.883s][info ][safepoint      ] Safepoint "Cleanup", Time since last: 1000105630 ns, Reaching safepoint: 44700 ns, At safepoint: 2800 ns, Total: 47500 ns
[748.884s][info ][safepoint      ] Safepoint "Cleanup", Time since last: 2000164159 ns, Reaching safepoint: 39500 ns, At safepoint: 2700 ns, Total: 42200 ns
[749.884s][info ][safepoint      ] Safepoint "Cleanup", Time since last: 1000103628 ns, Reaching safepoint: 53901 ns, At safepoint: 3400 ns, Total: 57301 ns
[750.884s][info ][safepoint      ] Safepoint "Cleanup", Time since last: 1000107328 ns, Reaching safepoint: 42300 ns, At safepoint: 6500 ns, Total: 48800 ns
[752.884s][info ][safepoint      ] Safepoint "Cleanup", Time since last: 2000166955 ns, Reaching safepoint: 51500 ns, At safepoint: 4500 ns, Total: 56000 ns
[753.884s][info ][safepoint      ] Safepoint "Cleanup", Time since last: 1000105327 ns, Reaching safepoint: 31000 ns, At safepoint: 3100 ns, Total: 34100 ns
[757.885s][info ][safepoint      ] Safepoint "Cleanup", Time since last: 4000299502 ns, Reaching safepoint: 30700 ns, At safepoint: 3000 ns, Total: 33700 ns
[758.885s][info ][safepoint      ] Safepoint "Cleanup", Time since last: 1000097625 ns, Reaching safepoint: 50100 ns, At safepoint: 4900 ns, Total: 55000 ns
[763.885s][info ][safepoint      ] Safepoint "Cleanup", Time since last: 5000345816 ns, Reaching safepoint: 55400 ns, At safepoint: 5300 ns, Total: 60700 ns
[765.020s][info ][safepoint      ] Safepoint "Cleanup", Time since last: 1134485370 ns, Reaching safepoint: 81501 ns, At safepoint: 7800 ns, Total: 89301 ns
[767.020s][info ][safepoint      ] Safepoint "Cleanup", Time since last: 2000154942 ns, Reaching safepoint: 40000 ns, At safepoint: 2300 ns, Total: 42300 ns
[772.020s][info ][safepoint      ] Safepoint "Cleanup", Time since last: 5000361898 ns, Reaching safepoint: 44601 ns, At safepoint: 9800 ns, Total: 54401 ns
[777.268s][info ][gc,start       ] GC(112) Pause Young (Allocation Failure)
[777.276s][debug][gc,phases      ] GC(112) Scavenge 8.012ms
[777.276s][debug][gc,ref         ] GC(112) Skipped phase 1 of Reference Processing: no references
[777.276s][debug][gc,ref         ] GC(112) ReferenceProcessor::execute queues: 1, RefProcThreadModel::Single, marks_oops_alive: false
[777.276s][debug][gc,ref         ] GC(112) Skipped phase 3 of Reference Processing: no references
[777.276s][debug][gc,ref         ] GC(112) ReferenceProcessor::execute queues: 1, RefProcThreadModel::Single, marks_oops_alive: false
[777.276s][debug][gc,phases      ] GC(112) Reference Processing 0.121ms
[777.276s][debug][gc,phases      ] GC(112)   VM Weak                        Min:  0.0, Avg:  0.0, Max:  0.0, Diff:  0.0, Sum:  0.0, Workers: 4
[777.276s][debug][gc,phases      ] GC(112)     Dead                           Min: 0, Avg:  0.0, Max: 0, Diff: 0, Sum: 0, Workers: 4
[777.276s][debug][gc,phases      ] GC(112)     Total                          Min: 0, Avg: 162.8, Max: 651, Diff: 651, Sum: 651, Workers: 4
[777.276s][debug][gc,phases      ] GC(112)   ObjectSynchronizer Weak        Min:  0.0, Avg:  0.0, Max:  0.0, Diff:  0.0, Sum:  0.0, Workers: 4
[777.276s][debug][gc,phases      ] GC(112)     Dead                           Min: 0, Avg:  0.0, Max: 0, Diff: 0, Sum: 0, Workers: 4
[777.276s][debug][gc,phases      ] GC(112)     Total                          Min: 0, Avg: 119.2, Max: 221, Diff: 221, Sum: 477, Workers: 4
[777.276s][debug][gc,phases      ] GC(112)   JVMTI Tag Weak OopStorage      Min:  0.0, Avg:  0.0, Max:  0.0, Diff:  0.0, Sum:  0.0, Workers: 4
[777.276s][debug][gc,phases      ] GC(112)     Dead                           Min: 0, Avg:  0.0, Max: 0, Diff: 0, Sum: 0, Workers: 4
[777.276s][debug][gc,phases      ] GC(112)     Total                          Min: 0, Avg:  0.0, Max: 0, Diff: 0, Sum: 0, Workers: 4
[777.276s][debug][gc,phases      ] GC(112)   StringTable Weak               Min:  0.1, Avg:  0.1, Max:  0.1, Diff:  0.0, Sum:  0.3, Workers: 4
[777.276s][debug][gc,phases      ] GC(112)     Dead                           Min: 0, Avg:  0.0, Max: 0, Diff: 0, Sum: 0, Workers: 4
[777.276s][debug][gc,phases      ] GC(112)     Total                          Min: 8640, Avg: 11956.5, Max: 13330, Diff: 4690, Sum: 47826, Workers: 4
[777.276s][debug][gc,phases      ] GC(112)   ResolvedMethodTable Weak       Min:  0.0, Avg:  0.0, Max:  0.0, Diff:  0.0, Sum:  0.1, Workers: 4
[777.276s][debug][gc,phases      ] GC(112)     Dead                           Min: 0, Avg:  0.0, Max: 0, Diff: 0, Sum: 0, Workers: 4
[777.276s][debug][gc,phases      ] GC(112)     Total                          Min: 1536, Avg: 2028.2, Max: 2481, Diff: 945, Sum: 8113, Workers: 4
[777.276s][debug][gc,phases      ] GC(112)   JNI Weak                       Min:  0.0, Avg:  0.0, Max:  0.0, Diff:  0.0, Sum:  0.0, Workers: 4
[777.276s][debug][gc,phases      ] GC(112)     Dead                           Min: 0, Avg:  0.0, Max: 0, Diff: 0, Sum: 0, Workers: 4
[777.276s][debug][gc,phases      ] GC(112)     Total                          Min: 0, Avg:  0.0, Max: 0, Diff: 0, Sum: 0, Workers: 4
[777.276s][debug][gc,phases      ] GC(112)   StringDedup Table Weak         Min:  0.0, Avg:  0.0, Max:  0.0, Diff:  0.0, Sum:  0.0, Workers: 4
[777.276s][debug][gc,phases      ] GC(112)     Dead                           Min: 0, Avg:  0.0, Max: 0, Diff: 0, Sum: 0, Workers: 4
[777.276s][debug][gc,phases      ] GC(112)     Total                          Min: 0, Avg:  0.0, Max: 0, Diff: 0, Sum: 0, Workers: 4
[777.276s][debug][gc,phases      ] GC(112)   StringDedup Requests0 Weak     Min:  0.0, Avg:  0.0, Max:  0.0, Diff:  0.0, Sum:  0.0, Workers: 4
[777.276s][debug][gc,phases      ] GC(112)     Dead                           Min: 0, Avg:  0.0, Max: 0, Diff: 0, Sum: 0, Workers: 4
[777.276s][debug][gc,phases      ] GC(112)     Total                          Min: 0, Avg:  0.0, Max: 0, Diff: 0, Sum: 0, Workers: 4
[777.276s][debug][gc,phases      ] GC(112)   StringDedup Requests1 Weak     Min:  0.0, Avg:  0.0, Max:  0.0, Diff:  0.0, Sum:  0.0, Workers: 4
[777.276s][debug][gc,phases      ] GC(112)     Dead                           Min: 0, Avg:  0.0, Max: 0, Diff: 0, Sum: 0, Workers: 4
[777.276s][debug][gc,phases      ] GC(112)     Total                          Min: 0, Avg:  0.0, Max: 0, Diff: 0, Sum: 0, Workers: 4
[777.276s][debug][gc,phases      ] GC(112)   Weak JFR Old Object Samples    Min:  0.0, Avg:  0.0, Max:  0.0, Diff:  0.0, Sum:  0.0, Workers: 4
[777.276s][debug][gc,phases      ] GC(112)     Dead                           Min: 0, Avg:  0.0, Max: 0, Diff: 0, Sum: 0, Workers: 4
[777.276s][debug][gc,phases      ] GC(112)     Total                          Min: 0, Avg:  0.0, Max: 0, Diff: 0, Sum: 0, Workers: 4
[777.276s][debug][gc,phases      ] GC(112) Weak Processing 0.249ms
[777.276s][debug][gc,age         ] GC(112) Desired survivor size 69206016 bytes, new threshold 15 (max threshold 15)
[777.276s][info ][gc,heap        ] GC(112) PSYoungGen: 2000581K(2031616K)->4880K(2029056K) Eden: 1963520K(1963520K)->0K(1963520K) From: 37061K(68096K)->4880K(65536K)
[777.276s][info ][gc,heap        ] GC(112) ParOldGen: 362723K(411648K)->381000K(411648K)
[777.276s][info ][gc,metaspace   ] GC(112) Metaspace: 80666K(81472K)->80666K(81472K) NonClass: 69297K(69696K)->69297K(69696K) Class: 11369K(11776K)->11369K(11776K)
[777.276s][info ][gc             ] GC(112) Pause Young (Allocation Failure) 2307M->376M(2383M) 8.493ms
[777.276s][info ][gc,cpu         ] GC(112) User=0.02s Sys=0.01s Real=0.01s
[777.276s][info ][safepoint      ] Safepoint "ParallelGCFailedAllocation", Time since last: 5247204976 ns, Reaching safepoint: 61901 ns, At safepoint: 8574041 ns, Total: 8635942 ns
[779.276s][info ][safepoint      ] Safepoint "Cleanup", Time since last: 2000142132 ns, Reaching safepoint: 46900 ns, At safepoint: 3300 ns, Total: 50200 ns
[800.278s][info ][safepoint      ] Safepoint "Cleanup", Time since last: 21001280634 ns, Reaching safepoint: 44401 ns, At safepoint: 17000 ns, Total: 61401 ns
[810.278s][info ][safepoint      ] Safepoint "Cleanup", Time since last: 10000622549 ns, Reaching safepoint: 50400 ns, At safepoint: 9800 ns, Total: 60200 ns
[824.458s][info ][gc,start       ] GC(113) Pause Young (Allocation Failure)
[824.461s][debug][gc,phases      ] GC(113) Scavenge 3.277ms
[824.461s][debug][gc,ref         ] GC(113) Skipped phase 1 of Reference Processing: no references
[824.461s][debug][gc,ref         ] GC(113) ReferenceProcessor::execute queues: 1, RefProcThreadModel::Single, marks_oops_alive: false
[824.461s][debug][gc,ref         ] GC(113) Skipped phase 3 of Reference Processing: no references
[824.461s][debug][gc,ref         ] GC(113) ReferenceProcessor::execute queues: 1, RefProcThreadModel::Single, marks_oops_alive: false
[824.461s][debug][gc,phases      ] GC(113) Reference Processing 0.094ms
[824.461s][debug][gc,phases      ] GC(113)   VM Weak                        Min:  0.0, Avg:  0.0, Max:  0.0, Diff:  0.0, Sum:  0.0, Workers: 4
[824.461s][debug][gc,phases      ] GC(113)     Dead                           Min: 0, Avg:  0.0, Max: 0, Diff: 0, Sum: 0, Workers: 4
[824.461s][debug][gc,phases      ] GC(113)     Total                          Min: 0, Avg: 162.8, Max: 448, Diff: 448, Sum: 651, Workers: 4
[824.461s][debug][gc,phases      ] GC(113)   ObjectSynchronizer Weak        Min:  0.0, Avg:  0.0, Max:  0.0, Diff:  0.0, Sum:  0.0, Workers: 4
[824.461s][debug][gc,phases      ] GC(113)     Dead                           Min: 0, Avg:  0.0, Max: 0, Diff: 0, Sum: 0, Workers: 4
[824.461s][debug][gc,phases      ] GC(113)     Total                          Min: 0, Avg: 119.2, Max: 320, Diff: 320, Sum: 477, Workers: 4
[824.461s][debug][gc,phases      ] GC(113)   JVMTI Tag Weak OopStorage      Min:  0.0, Avg:  0.0, Max:  0.0, Diff:  0.0, Sum:  0.0, Workers: 4
[824.461s][debug][gc,phases      ] GC(113)     Dead                           Min: 0, Avg:  0.0, Max: 0, Diff: 0, Sum: 0, Workers: 4
[824.461s][debug][gc,phases      ] GC(113)     Total                          Min: 0, Avg:  0.0, Max: 0, Diff: 0, Sum: 0, Workers: 4
[824.461s][debug][gc,phases      ] GC(113)   StringTable Weak               Min:  0.1, Avg:  0.1, Max:  0.1, Diff:  0.0, Sum:  0.4, Workers: 4
[824.461s][debug][gc,phases      ] GC(113)     Dead                           Min: 0, Avg:  0.0, Max: 0, Diff: 0, Sum: 0, Workers: 4
[824.461s][debug][gc,phases      ] GC(113)     Total                          Min: 9152, Avg: 11956.5, Max: 14784, Diff: 5632, Sum: 47826, Workers: 4
[824.461s][debug][gc,phases      ] GC(113)   ResolvedMethodTable Weak       Min:  0.0, Avg:  0.0, Max:  0.0, Diff:  0.0, Sum:  0.1, Workers: 4
[824.461s][debug][gc,phases      ] GC(113)     Dead                           Min: 0, Avg:  0.0, Max: 0, Diff: 0, Sum: 0, Workers: 4
[824.461s][debug][gc,phases      ] GC(113)     Total                          Min: 1713, Avg: 2028.2, Max: 2368, Diff: 655, Sum: 8113, Workers: 4
[824.461s][debug][gc,phases      ] GC(113)   JNI Weak                       Min:  0.0, Avg:  0.0, Max:  0.0, Diff:  0.0, Sum:  0.0, Workers: 4
[824.461s][debug][gc,phases      ] GC(113)     Dead                           Min: 0, Avg:  0.0, Max: 0, Diff: 0, Sum: 0, Workers: 4
[824.461s][debug][gc,phases      ] GC(113)     Total                          Min: 0, Avg:  0.0, Max: 0, Diff: 0, Sum: 0, Workers: 4
[824.461s][debug][gc,phases      ] GC(113)   StringDedup Table Weak         Min:  0.0, Avg:  0.0, Max:  0.0, Diff:  0.0, Sum:  0.0, Workers: 4
[824.461s][debug][gc,phases      ] GC(113)     Dead                           Min: 0, Avg:  0.0, Max: 0, Diff: 0, Sum: 0, Workers: 4
[824.461s][debug][gc,phases      ] GC(113)     Total                          Min: 0, Avg:  0.0, Max: 0, Diff: 0, Sum: 0, Workers: 4
[824.461s][debug][gc,phases      ] GC(113)   StringDedup Requests0 Weak     Min:  0.0, Avg:  0.0, Max:  0.0, Diff:  0.0, Sum:  0.0, Workers: 4
[824.461s][debug][gc,phases      ] GC(113)     Dead                           Min: 0, Avg:  0.0, Max: 0, Diff: 0, Sum: 0, Workers: 4
[824.461s][debug][gc,phases      ] GC(113)     Total                          Min: 0, Avg:  0.0, Max: 0, Diff: 0, Sum: 0, Workers: 4
[824.461s][debug][gc,phases      ] GC(113)   StringDedup Requests1 Weak     Min:  0.0, Avg:  0.0, Max:  0.0, Diff:  0.0, Sum:  0.0, Workers: 4
[824.461s][debug][gc,phases      ] GC(113)     Dead                           Min: 0, Avg:  0.0, Max: 0, Diff: 0, Sum: 0, Workers: 4
[824.461s][debug][gc,phases      ] GC(113)     Total                          Min: 0, Avg:  0.0, Max: 0, Diff: 0, Sum: 0, Workers: 4
[824.461s][debug][gc,phases      ] GC(113)   Weak JFR Old Object Samples    Min:  0.0, Avg:  0.0, Max:  0.0, Diff:  0.0, Sum:  0.0, Workers: 4
[824.461s][debug][gc,phases      ] GC(113)     Dead                           Min: 0, Avg:  0.0, Max: 0, Diff: 0, Sum: 0, Workers: 4
[824.461s][debug][gc,phases      ] GC(113)     Total                          Min: 0, Avg:  0.0, Max: 0, Diff: 0, Sum: 0, Workers: 4
[824.461s][debug][gc,phases      ] GC(113) Weak Processing 0.276ms
[824.461s][debug][gc,age         ] GC(113) Desired survivor size 71303168 bytes, new threshold 15 (max threshold 15)
[824.461s][info ][gc,heap        ] GC(113) PSYoungGen: 1968400K(2029056K)->1808K(2025472K) Eden: 1963520K(1963520K)->0K(1957888K) From: 4880K(65536K)->1808K(67584K)
[824.461s][info ][gc,heap        ] GC(113) ParOldGen: 381000K(411648K)->381072K(411648K)
[824.461s][info ][gc,metaspace   ] GC(113) Metaspace: 80667K(81472K)->80667K(81472K) NonClass: 69297K(69696K)->69297K(69696K) Class: 11369K(11776K)->11369K(11776K)
[824.461s][info ][gc             ] GC(113) Pause Young (Allocation Failure) 2294M->373M(2380M) 3.741ms
[824.461s][info ][gc,cpu         ] GC(113) User=0.01s Sys=0.00s Real=0.01s
[824.461s][info ][safepoint      ] Safepoint "ParallelGCFailedAllocation", Time since last: 14179228258 ns, Reaching safepoint: 25500 ns, At safepoint: 3809519 ns, Total: 3835019 ns
[852.463s][info ][safepoint      ] Safepoint "Cleanup", Time since last: 28001767680 ns, Reaching safepoint: 158801 ns, At safepoint: 6100 ns, Total: 164901 ns
[853.464s][info ][safepoint      ] Safepoint "Cleanup", Time since last: 1000099787 ns, Reaching safepoint: 55800 ns, At safepoint: 10900 ns, Total: 66700 ns
[856.464s][info ][safepoint      ] Safepoint "Cleanup", Time since last: 3000212159 ns, Reaching safepoint: 48000 ns, At safepoint: 3000 ns, Total: 51000 ns
[858.464s][info ][safepoint      ] Safepoint "Cleanup", Time since last: 2000155471 ns, Reaching safepoint: 44300 ns, At safepoint: 2500 ns, Total: 46800 ns
[860.464s][info ][safepoint      ] Safepoint "Cleanup", Time since last: 2000160469 ns, Reaching safepoint: 39200 ns, At safepoint: 2600 ns, Total: 41800 ns
[861.464s][info ][safepoint      ] Safepoint "Cleanup", Time since last: 1000078284 ns, Reaching safepoint: 50800 ns, At safepoint: 2900 ns, Total: 53700 ns
[862.464s][info ][safepoint      ] Safepoint "Cleanup", Time since last: 1000104384 ns, Reaching safepoint: 47400 ns, At safepoint: 3900 ns, Total: 51300 ns
[863.465s][info ][safepoint      ] Safepoint "Cleanup", Time since last: 1000074384 ns, Reaching safepoint: 34400 ns, At safepoint: 3200 ns, Total: 37600 ns
[866.465s][info ][safepoint      ] Safepoint "Cleanup", Time since last: 3000191947 ns, Reaching safepoint: 45201 ns, At safepoint: 6100 ns, Total: 51301 ns
[867.465s][info ][safepoint      ] Safepoint "Cleanup", Time since last: 1000101782 ns, Reaching safepoint: 50700 ns, At safepoint: 3500 ns, Total: 54200 ns
[867.501s][info ][gc,start       ] GC(114) Pause Young (Allocation Failure)
[867.505s][debug][gc,phases      ] GC(114) Scavenge 3.836ms
[867.505s][debug][gc,ref         ] GC(114) Skipped phase 1 of Reference Processing: no references
[867.505s][debug][gc,ref         ] GC(114) ReferenceProcessor::execute queues: 1, RefProcThreadModel::Single, marks_oops_alive: false
[867.505s][debug][gc,ref         ] GC(114) ReferenceProcessor::execute queues: 4, RefProcThreadModel::Multi, marks_oops_alive: true
[867.505s][debug][gc,ref         ] GC(114) ReferenceProcessor::execute queues: 1, RefProcThreadModel::Single, marks_oops_alive: false
[867.505s][debug][gc,phases      ] GC(114) Reference Processing 0.179ms
[867.505s][debug][gc,phases      ] GC(114)   VM Weak                        Min:  0.0, Avg:  0.0, Max:  0.0, Diff:  0.0, Sum:  0.0, Workers: 4
[867.505s][debug][gc,phases      ] GC(114)     Dead                           Min: 0, Avg:  0.0, Max: 0, Diff: 0, Sum: 0, Workers: 4
[867.505s][debug][gc,phases      ] GC(114)     Total                          Min: 0, Avg: 162.8, Max: 448, Diff: 448, Sum: 651, Workers: 4
[867.505s][debug][gc,phases      ] GC(114)   ObjectSynchronizer Weak        Min:  0.0, Avg:  0.0, Max:  0.0, Diff:  0.0, Sum:  0.0, Workers: 4
[867.505s][debug][gc,phases      ] GC(114)     Dead                           Min: 0, Avg:  0.0, Max: 0, Diff: 0, Sum: 0, Workers: 4
[867.505s][debug][gc,phases      ] GC(114)     Total                          Min: 0, Avg: 119.2, Max: 256, Diff: 256, Sum: 477, Workers: 4
[867.505s][debug][gc,phases      ] GC(114)   JVMTI Tag Weak OopStorage      Min:  0.0, Avg:  0.0, Max:  0.0, Diff:  0.0, Sum:  0.0, Workers: 4
[867.505s][debug][gc,phases      ] GC(114)     Dead                           Min: 0, Avg:  0.0, Max: 0, Diff: 0, Sum: 0, Workers: 4
[867.505s][debug][gc,phases      ] GC(114)     Total                          Min: 0, Avg:  0.0, Max: 0, Diff: 0, Sum: 0, Workers: 4
[867.505s][debug][gc,phases      ] GC(114)   StringTable Weak               Min:  0.1, Avg:  0.1, Max:  0.1, Diff:  0.0, Sum:  0.3, Workers: 4
[867.505s][debug][gc,phases      ] GC(114)     Dead                           Min: 0, Avg:  0.0, Max: 0, Diff: 0, Sum: 0, Workers: 4
[867.505s][debug][gc,phases      ] GC(114)     Total                          Min: 8128, Avg: 11959.5, Max: 13470, Diff: 5342, Sum: 47838, Workers: 4
[867.505s][debug][gc,phases      ] GC(114)   ResolvedMethodTable Weak       Min:  0.0, Avg:  0.0, Max:  0.0, Diff:  0.0, Sum:  0.1, Workers: 4
[867.505s][debug][gc,phases      ] GC(114)     Dead                           Min: 0, Avg:  0.0, Max: 0, Diff: 0, Sum: 0, Workers: 4
[867.505s][debug][gc,phases      ] GC(114)     Total                          Min: 1472, Avg: 2028.5, Max: 2432, Diff: 960, Sum: 8114, Workers: 4
[867.505s][debug][gc,phases      ] GC(114)   JNI Weak                       Min:  0.0, Avg:  0.0, Max:  0.0, Diff:  0.0, Sum:  0.0, Workers: 4
[867.505s][debug][gc,phases      ] GC(114)     Dead                           Min: 0, Avg:  0.0, Max: 0, Diff: 0, Sum: 0, Workers: 4
[867.505s][debug][gc,phases      ] GC(114)     Total                          Min: 0, Avg:  0.0, Max: 0, Diff: 0, Sum: 0, Workers: 4
[867.505s][debug][gc,phases      ] GC(114)   StringDedup Table Weak         Min:  0.0, Avg:  0.0, Max:  0.0, Diff:  0.0, Sum:  0.0, Workers: 4
[867.505s][debug][gc,phases      ] GC(114)     Dead                           Min: 0, Avg:  0.0, Max: 0, Diff: 0, Sum: 0, Workers: 4
[867.505s][debug][gc,phases      ] GC(114)     Total                          Min: 0, Avg:  0.0, Max: 0, Diff: 0, Sum: 0, Workers: 4
[867.505s][debug][gc,phases      ] GC(114)   StringDedup Requests0 Weak     Min:  0.0, Avg:  0.0, Max:  0.0, Diff:  0.0, Sum:  0.0, Workers: 4
[867.505s][debug][gc,phases      ] GC(114)     Dead                           Min: 0, Avg:  0.0, Max: 0, Diff: 0, Sum: 0, Workers: 4
[867.505s][debug][gc,phases      ] GC(114)     Total                          Min: 0, Avg:  0.0, Max: 0, Diff: 0, Sum: 0, Workers: 4
[867.505s][debug][gc,phases      ] GC(114)   StringDedup Requests1 Weak     Min:  0.0, Avg:  0.0, Max:  0.0, Diff:  0.0, Sum:  0.0, Workers: 4
[867.505s][debug][gc,phases      ] GC(114)     Dead                           Min: 0, Avg:  0.0, Max: 0, Diff: 0, Sum: 0, Workers: 4
[867.505s][debug][gc,phases      ] GC(114)     Total                          Min: 0, Avg:  0.0, Max: 0, Diff: 0, Sum: 0, Workers: 4
[867.506s][debug][gc,phases      ] GC(114)   Weak JFR Old Object Samples    Min:  0.0, Avg:  0.0, Max:  0.0, Diff:  0.0, Sum:  0.0, Workers: 4
[867.506s][debug][gc,phases      ] GC(114)     Dead                           Min: 0, Avg:  0.0, Max: 0, Diff: 0, Sum: 0, Workers: 4
[867.506s][debug][gc,phases      ] GC(114)     Total                          Min: 0, Avg:  0.0, Max: 0, Diff: 0, Sum: 0, Workers: 4
[867.506s][debug][gc,phases      ] GC(114) Weak Processing 0.266ms
[867.506s][debug][gc,age         ] GC(114) Desired survivor size 68681728 bytes, new threshold 15 (max threshold 15)
[867.506s][info ][gc,heap        ] GC(114) PSYoungGen: 1959696K(2025472K)->19109K(2027520K) Eden: 1957888K(1957888K)->0K(1957888K) From: 1808K(67584K)->19109K(69632K)
[867.506s][info ][gc,heap        ] GC(114) ParOldGen: 381072K(411648K)->381196K(411648K)
[867.506s][info ][gc,metaspace   ] GC(114) Metaspace: 80736K(81600K)->80736K(81600K) NonClass: 69366K(69824K)->69366K(69824K) Class: 11370K(11776K)->11370K(11776K)
[867.506s][info ][gc             ] GC(114) Pause Young (Allocation Failure) 2285M->390M(2382M) 4.370ms
[867.506s][info ][gc,cpu         ] GC(114) User=0.02s Sys=0.00s Real=0.01s
[867.506s][info ][safepoint      ] Safepoint "ParallelGCFailedAllocation", Time since last: 36135673 ns, Reaching safepoint: 26700 ns, At safepoint: 4435621 ns, Total: 4462321 ns
[868.506s][info ][safepoint      ] Safepoint "Cleanup", Time since last: 1000087982 ns, Reaching safepoint: 42800 ns, At safepoint: 2900 ns, Total: 45700 ns
[873.506s][info ][safepoint      ] Safepoint "Cleanup", Time since last: 5000389602 ns, Reaching safepoint: 37700 ns, At safepoint: 3000 ns, Total: 40700 ns
[877.506s][info ][safepoint      ] Safepoint "Cleanup", Time since last: 4000289816 ns, Reaching safepoint: 54300 ns, At safepoint: 6800 ns, Total: 61100 ns
[881.507s][info ][safepoint      ] Safepoint "Cleanup", Time since last: 4000294610 ns, Reaching safepoint: 54700 ns, At safepoint: 5301 ns, Total: 60001 ns
[902.256s][info ][gc,start       ] GC(115) Pause Young (Allocation Failure)
[902.259s][debug][gc,phases      ] GC(115) Scavenge 3.796ms
[902.259s][debug][gc,ref         ] GC(115) Skipped phase 1 of Reference Processing: no references
[902.260s][debug][gc,ref         ] GC(115) ReferenceProcessor::execute queues: 1, RefProcThreadModel::Single, marks_oops_alive: false
[902.260s][debug][gc,ref         ] GC(115) ReferenceProcessor::execute queues: 4, RefProcThreadModel::Multi, marks_oops_alive: true
[902.260s][debug][gc,ref         ] GC(115) ReferenceProcessor::execute queues: 1, RefProcThreadModel::Single, marks_oops_alive: false
[902.260s][debug][gc,phases      ] GC(115) Reference Processing 0.203ms
[902.260s][debug][gc,phases      ] GC(115)   VM Weak                        Min:  0.0, Avg:  0.0, Max:  0.0, Diff:  0.0, Sum:  0.0, Workers: 4
[902.260s][debug][gc,phases      ] GC(115)     Dead                           Min: 0, Avg:  0.0, Max: 0, Diff: 0, Sum: 0, Workers: 4
[902.260s][debug][gc,phases      ] GC(115)     Total                          Min: 0, Avg: 162.8, Max: 651, Diff: 651, Sum: 651, Workers: 4
[902.260s][debug][gc,phases      ] GC(115)   ObjectSynchronizer Weak        Min:  0.0, Avg:  0.0, Max:  0.0, Diff:  0.0, Sum:  0.0, Workers: 4
[902.260s][debug][gc,phases      ] GC(115)     Dead                           Min: 0, Avg:  0.0, Max: 0, Diff: 0, Sum: 0, Workers: 4
[902.260s][debug][gc,phases      ] GC(115)     Total                          Min: 0, Avg: 119.2, Max: 285, Diff: 285, Sum: 477, Workers: 4
[902.260s][debug][gc,phases      ] GC(115)   JVMTI Tag Weak OopStorage      Min:  0.0, Avg:  0.0, Max:  0.0, Diff:  0.0, Sum:  0.0, Workers: 4
[902.260s][debug][gc,phases      ] GC(115)     Dead                           Min: 0, Avg:  0.0, Max: 0, Diff: 0, Sum: 0, Workers: 4
[902.260s][debug][gc,phases      ] GC(115)     Total                          Min: 0, Avg:  0.0, Max: 0, Diff: 0, Sum: 0, Workers: 4
[902.260s][debug][gc,phases      ] GC(115)   StringTable Weak               Min:  0.1, Avg:  0.1, Max:  0.1, Diff:  0.0, Sum:  0.4, Workers: 4
[902.260s][debug][gc,phases      ] GC(115)     Dead                           Min: 0, Avg:  0.0, Max: 0, Diff: 0, Sum: 0, Workers: 4
[902.260s][debug][gc,phases      ] GC(115)     Total                          Min: 9536, Avg: 11966.5, Max: 15098, Diff: 5562, Sum: 47866, Workers: 4
[902.260s][debug][gc,phases      ] GC(115)   ResolvedMethodTable Weak       Min:  0.0, Avg:  0.0, Max:  0.0, Diff:  0.0, Sum:  0.1, Workers: 4
[902.260s][debug][gc,phases      ] GC(115)     Dead                           Min: 0, Avg:  0.0, Max: 0, Diff: 0, Sum: 0, Workers: 4
[902.260s][debug][gc,phases      ] GC(115)     Total                          Min: 1664, Avg: 2031.0, Max: 2432, Diff: 768, Sum: 8124, Workers: 4
[902.260s][debug][gc,phases      ] GC(115)   JNI Weak                       Min:  0.0, Avg:  0.0, Max:  0.0, Diff:  0.0, Sum:  0.0, Workers: 4
[902.260s][debug][gc,phases      ] GC(115)     Dead                           Min: 0, Avg:  0.0, Max: 0, Diff: 0, Sum: 0, Workers: 4
[902.260s][debug][gc,phases      ] GC(115)     Total                          Min: 0, Avg:  0.0, Max: 0, Diff: 0, Sum: 0, Workers: 4
[902.260s][debug][gc,phases      ] GC(115)   StringDedup Table Weak         Min:  0.0, Avg:  0.0, Max:  0.0, Diff:  0.0, Sum:  0.0, Workers: 4
[902.260s][debug][gc,phases      ] GC(115)     Dead                           Min: 0, Avg:  0.0, Max: 0, Diff: 0, Sum: 0, Workers: 4
[902.260s][debug][gc,phases      ] GC(115)     Total                          Min: 0, Avg:  0.0, Max: 0, Diff: 0, Sum: 0, Workers: 4
[902.260s][debug][gc,phases      ] GC(115)   StringDedup Requests0 Weak     Min:  0.0, Avg:  0.0, Max:  0.0, Diff:  0.0, Sum:  0.0, Workers: 4
[902.260s][debug][gc,phases      ] GC(115)     Dead                           Min: 0, Avg:  0.0, Max: 0, Diff: 0, Sum: 0, Workers: 4
[902.260s][debug][gc,phases      ] GC(115)     Total                          Min: 0, Avg:  0.0, Max: 0, Diff: 0, Sum: 0, Workers: 4
[902.260s][debug][gc,phases      ] GC(115)   StringDedup Requests1 Weak     Min:  0.0, Avg:  0.0, Max:  0.0, Diff:  0.0, Sum:  0.0, Workers: 4
[902.260s][debug][gc,phases      ] GC(115)     Dead                           Min: 0, Avg:  0.0, Max: 0, Diff: 0, Sum: 0, Workers: 4
[902.260s][debug][gc,phases      ] GC(115)     Total                          Min: 0, Avg:  0.0, Max: 0, Diff: 0, Sum: 0, Workers: 4
[902.260s][debug][gc,phases      ] GC(115)   Weak JFR Old Object Samples    Min:  0.0, Avg:  0.0, Max:  0.0, Diff:  0.0, Sum:  0.0, Workers: 4
[902.260s][debug][gc,phases      ] GC(115)     Dead                           Min: 0, Avg:  0.0, Max: 0, Diff: 0, Sum: 0, Workers: 4
[902.260s][debug][gc,phases      ] GC(115)     Total                          Min: 0, Avg:  0.0, Max: 0, Diff: 0, Sum: 0, Workers: 4
[902.260s][debug][gc,phases      ] GC(115) Weak Processing 0.248ms
[902.260s][debug][gc,age         ] GC(115) Desired survivor size 66060288 bytes, new threshold 15 (max threshold 15)
[902.260s][info ][gc,heap        ] GC(115) PSYoungGen: 1976997K(2027520K)->19155K(2032640K) Eden: 1957888K(1957888K)->0K(1965568K) From: 19109K(69632K)->19155K(67072K)
[902.260s][info ][gc,heap        ] GC(115) ParOldGen: 381196K(411648K)->381268K(411648K)
[902.260s][info ][gc,metaspace   ] GC(115) Metaspace: 80764K(81600K)->80764K(81600K) NonClass: 69389K(69824K)->69389K(69824K) Class: 11374K(11776K)->11374K(11776K)
[902.260s][info ][gc             ] GC(115) Pause Young (Allocation Failure) 2302M->391M(2387M) 4.343ms
[902.260s][info ][gc,cpu         ] GC(115) User=0.02s Sys=0.00s Real=0.00s
[902.260s][info ][safepoint      ] Safepoint "ParallelGCFailedAllocation", Time since last: 20748715632 ns, Reaching safepoint: 33901 ns, At safepoint: 4444521 ns, Total: 4478422 ns
[915.261s][info ][safepoint      ] Safepoint "Cleanup", Time since last: 13000814880 ns, Reaching safepoint: 45000 ns, At safepoint: 3100 ns, Total: 48100 ns
[920.261s][info ][safepoint      ] Safepoint "Cleanup", Time since last: 5000330124 ns, Reaching safepoint: 54700 ns, At safepoint: 4000 ns, Total: 58700 ns
[938.342s][info ][gc,start       ] GC(116) Pause Young (Allocation Failure)
[938.345s][debug][gc,phases      ] GC(116) Scavenge 3.119ms
[938.345s][debug][gc,ref         ] GC(116) Skipped phase 1 of Reference Processing: no references
[938.345s][debug][gc,ref         ] GC(116) ReferenceProcessor::execute queues: 1, RefProcThreadModel::Single, marks_oops_alive: false
[938.345s][debug][gc,ref         ] GC(116) Skipped phase 3 of Reference Processing: no references
[938.345s][debug][gc,ref         ] GC(116) ReferenceProcessor::execute queues: 1, RefProcThreadModel::Single, marks_oops_alive: false
[938.345s][debug][gc,phases      ] GC(116) Reference Processing 0.114ms
[938.345s][debug][gc,phases      ] GC(116)   VM Weak                        Min:  0.0, Avg:  0.0, Max:  0.0, Diff:  0.0, Sum:  0.0, Workers: 4
[938.345s][debug][gc,phases      ] GC(116)     Dead                           Min: 0, Avg:  0.0, Max: 0, Diff: 0, Sum: 0, Workers: 4
[938.345s][debug][gc,phases      ] GC(116)     Total                          Min: 0, Avg: 162.8, Max: 651, Diff: 651, Sum: 651, Workers: 4
[938.345s][debug][gc,phases      ] GC(116)   ObjectSynchronizer Weak        Min:  0.0, Avg:  0.0, Max:  0.0, Diff:  0.0, Sum:  0.0, Workers: 4
[938.345s][debug][gc,phases      ] GC(116)     Dead                           Min: 0, Avg:  0.2, Max: 1, Diff: 1, Sum: 1, Workers: 4
[938.345s][debug][gc,phases      ] GC(116)     Total                          Min: 0, Avg: 119.5, Max: 448, Diff: 448, Sum: 478, Workers: 4
[938.345s][debug][gc,phases      ] GC(116)   JVMTI Tag Weak OopStorage      Min:  0.0, Avg:  0.0, Max:  0.0, Diff:  0.0, Sum:  0.0, Workers: 4
[938.345s][debug][gc,phases      ] GC(116)     Dead                           Min: 0, Avg:  0.0, Max: 0, Diff: 0, Sum: 0, Workers: 4
[938.345s][debug][gc,phases      ] GC(116)     Total                          Min: 0, Avg:  0.0, Max: 0, Diff: 0, Sum: 0, Workers: 4
[938.345s][debug][gc,phases      ] GC(116)   StringTable Weak               Min:  0.1, Avg:  0.1, Max:  0.1, Diff:  0.0, Sum:  0.4, Workers: 4
[938.345s][debug][gc,phases      ] GC(116)     Dead                           Min: 0, Avg:  0.0, Max: 0, Diff: 0, Sum: 0, Workers: 4
[938.345s][debug][gc,phases      ] GC(116)     Total                          Min: 9600, Avg: 11972.2, Max: 14144, Diff: 4544, Sum: 47889, Workers: 4
[938.345s][debug][gc,phases      ] GC(116)   ResolvedMethodTable Weak       Min:  0.0, Avg:  0.0, Max:  0.0, Diff:  0.0, Sum:  0.1, Workers: 4
[938.345s][debug][gc,phases      ] GC(116)     Dead                           Min: 0, Avg:  0.0, Max: 0, Diff: 0, Sum: 0, Workers: 4
[938.345s][debug][gc,phases      ] GC(116)     Total                          Min: 1600, Avg: 2031.8, Max: 2432, Diff: 832, Sum: 8127, Workers: 4
[938.345s][debug][gc,phases      ] GC(116)   JNI Weak                       Min:  0.0, Avg:  0.0, Max:  0.0, Diff:  0.0, Sum:  0.0, Workers: 4
[938.345s][debug][gc,phases      ] GC(116)     Dead                           Min: 0, Avg:  0.0, Max: 0, Diff: 0, Sum: 0, Workers: 4
[938.345s][debug][gc,phases      ] GC(116)     Total                          Min: 0, Avg:  0.0, Max: 0, Diff: 0, Sum: 0, Workers: 4
[938.345s][debug][gc,phases      ] GC(116)   StringDedup Table Weak         Min:  0.0, Avg:  0.0, Max:  0.0, Diff:  0.0, Sum:  0.0, Workers: 4
[938.345s][debug][gc,phases      ] GC(116)     Dead                           Min: 0, Avg:  0.0, Max: 0, Diff: 0, Sum: 0, Workers: 4
[938.345s][debug][gc,phases      ] GC(116)     Total                          Min: 0, Avg:  0.0, Max: 0, Diff: 0, Sum: 0, Workers: 4
[938.345s][debug][gc,phases      ] GC(116)   StringDedup Requests0 Weak     Min:  0.0, Avg:  0.0, Max:  0.0, Diff:  0.0, Sum:  0.0, Workers: 4
[938.346s][debug][gc,phases      ] GC(116)     Dead                           Min: 0, Avg:  0.0, Max: 0, Diff: 0, Sum: 0, Workers: 4
[938.346s][debug][gc,phases      ] GC(116)     Total                          Min: 0, Avg:  0.0, Max: 0, Diff: 0, Sum: 0, Workers: 4
[938.346s][debug][gc,phases      ] GC(116)   StringDedup Requests1 Weak     Min:  0.0, Avg:  0.0, Max:  0.0, Diff:  0.0, Sum:  0.0, Workers: 4
[938.346s][debug][gc,phases      ] GC(116)     Dead                           Min: 0, Avg:  0.0, Max: 0, Diff: 0, Sum: 0, Workers: 4
[938.346s][debug][gc,phases      ] GC(116)     Total                          Min: 0, Avg:  0.0, Max: 0, Diff: 0, Sum: 0, Workers: 4
[938.346s][debug][gc,phases      ] GC(116)   Weak JFR Old Object Samples    Min:  0.0, Avg:  0.0, Max:  0.0, Diff:  0.0, Sum:  0.0, Workers: 4
[938.346s][debug][gc,phases      ] GC(116)     Dead                           Min: 0, Avg:  0.0, Max: 0, Diff: 0, Sum: 0, Workers: 4
[938.346s][debug][gc,phases      ] GC(116)     Total                          Min: 0, Avg:  0.0, Max: 0, Diff: 0, Sum: 0, Workers: 4
[938.346s][debug][gc,phases      ] GC(116) Weak Processing 0.258ms
[938.346s][debug][gc,age         ] GC(116) Desired survivor size 63963136 bytes, new threshold 15 (max threshold 15)
[938.346s][info ][gc,heap        ] GC(116) PSYoungGen: 1984723K(2032640K)->18947K(2030080K) Eden: 1965568K(1965568K)->0K(1965568K) From: 19155K(67072K)->18947K(64512K)
[938.346s][info ][gc,heap        ] GC(116) ParOldGen: 381268K(411648K)->381308K(411648K)
[938.346s][info ][gc,metaspace   ] GC(116) Metaspace: 80767K(81600K)->80767K(81600K) NonClass: 69392K(69824K)->69392K(69824K) Class: 11375K(11776K)->11375K(11776K)
[938.346s][info ][gc             ] GC(116) Pause Young (Allocation Failure) 2310M->390M(2384M) 3.583ms
[938.346s][info ][gc,cpu         ] GC(116) User=0.01s Sys=0.00s Real=0.00s
[938.346s][info ][safepoint      ] Safepoint "ParallelGCFailedAllocation", Time since last: 18080592279 ns, Reaching safepoint: 30701 ns, At safepoint: 3677717 ns, Total: 3708418 ns
[941.346s][info ][safepoint      ] Safepoint "Cleanup", Time since last: 3000200374 ns, Reaching safepoint: 35600 ns, At safepoint: 5200 ns, Total: 40800 ns
[964.347s][info ][safepoint      ] Safepoint "Cleanup", Time since last: 23001489542 ns, Reaching safepoint: 41500 ns, At safepoint: 7100 ns, Total: 48600 ns
[973.892s][info ][gc,start       ] GC(117) Pause Young (Allocation Failure)
[973.895s][debug][gc,phases      ] GC(117) Scavenge 3.097ms
[973.895s][debug][gc,ref         ] GC(117) Skipped phase 1 of Reference Processing: no references
[973.895s][debug][gc,ref         ] GC(117) ReferenceProcessor::execute queues: 1, RefProcThreadModel::Single, marks_oops_alive: false
[973.895s][debug][gc,ref         ] GC(117) Skipped phase 3 of Reference Processing: no references
[973.895s][debug][gc,ref         ] GC(117) ReferenceProcessor::execute queues: 1, RefProcThreadModel::Single, marks_oops_alive: false
[973.895s][debug][gc,phases      ] GC(117) Reference Processing 0.093ms
[973.895s][debug][gc,phases      ] GC(117)   VM Weak                        Min:  0.0, Avg:  0.0, Max:  0.0, Diff:  0.0, Sum:  0.0, Workers: 4
[973.895s][debug][gc,phases      ] GC(117)     Dead                           Min: 0, Avg:  0.0, Max: 0, Diff: 0, Sum: 0, Workers: 4
[973.895s][debug][gc,phases      ] GC(117)     Total                          Min: 0, Avg: 163.0, Max: 396, Diff: 396, Sum: 652, Workers: 4
[973.895s][debug][gc,phases      ] GC(117)   ObjectSynchronizer Weak        Min:  0.0, Avg:  0.0, Max:  0.0, Diff:  0.0, Sum:  0.0, Workers: 4
[973.895s][debug][gc,phases      ] GC(117)     Dead                           Min: 0, Avg:  0.0, Max: 0, Diff: 0, Sum: 0, Workers: 4
[973.895s][debug][gc,phases      ] GC(117)     Total                          Min: 0, Avg: 119.5, Max: 256, Diff: 256, Sum: 478, Workers: 4
[973.895s][debug][gc,phases      ] GC(117)   JVMTI Tag Weak OopStorage      Min:  0.0, Avg:  0.0, Max:  0.0, Diff:  0.0, Sum:  0.0, Workers: 4
[973.895s][debug][gc,phases      ] GC(117)     Dead                           Min: 0, Avg:  0.0, Max: 0, Diff: 0, Sum: 0, Workers: 4
[973.895s][debug][gc,phases      ] GC(117)     Total                          Min: 0, Avg:  0.0, Max: 0, Diff: 0, Sum: 0, Workers: 4
[973.895s][debug][gc,phases      ] GC(117)   StringTable Weak               Min:  0.1, Avg:  0.1, Max:  0.1, Diff:  0.0, Sum:  0.3, Workers: 4
[973.895s][debug][gc,phases      ] GC(117)     Dead                           Min: 0, Avg:  0.0, Max: 0, Diff: 0, Sum: 0, Workers: 4
[973.895s][debug][gc,phases      ] GC(117)     Total                          Min: 11136, Avg: 11972.2, Max: 12928, Diff: 1792, Sum: 47889, Workers: 4
[973.895s][debug][gc,phases      ] GC(117)   ResolvedMethodTable Weak       Min:  0.0, Avg:  0.0, Max:  0.0, Diff:  0.0, Sum:  0.1, Workers: 4
[973.895s][debug][gc,phases      ] GC(117)     Dead                           Min: 0, Avg:  0.0, Max: 0, Diff: 0, Sum: 0, Workers: 4
[973.895s][debug][gc,phases      ] GC(117)     Total                          Min: 1856, Avg: 2031.8, Max: 2175, Diff: 319, Sum: 8127, Workers: 4
[973.895s][debug][gc,phases      ] GC(117)   JNI Weak                       Min:  0.0, Avg:  0.0, Max:  0.0, Diff:  0.0, Sum:  0.0, Workers: 4
[973.895s][debug][gc,phases      ] GC(117)     Dead                           Min: 0, Avg:  0.0, Max: 0, Diff: 0, Sum: 0, Workers: 4
[973.895s][debug][gc,phases      ] GC(117)     Total                          Min: 0, Avg:  0.0, Max: 0, Diff: 0, Sum: 0, Workers: 4
[973.895s][debug][gc,phases      ] GC(117)   StringDedup Table Weak         Min:  0.0, Avg:  0.0, Max:  0.0, Diff:  0.0, Sum:  0.0, Workers: 4
[973.895s][debug][gc,phases      ] GC(117)     Dead                           Min: 0, Avg:  0.0, Max: 0, Diff: 0, Sum: 0, Workers: 4
[973.895s][debug][gc,phases      ] GC(117)     Total                          Min: 0, Avg:  0.0, Max: 0, Diff: 0, Sum: 0, Workers: 4
[973.895s][debug][gc,phases      ] GC(117)   StringDedup Requests0 Weak     Min:  0.0, Avg:  0.0, Max:  0.0, Diff:  0.0, Sum:  0.0, Workers: 4
[973.895s][debug][gc,phases      ] GC(117)     Dead                           Min: 0, Avg:  0.0, Max: 0, Diff: 0, Sum: 0, Workers: 4
[973.895s][debug][gc,phases      ] GC(117)     Total                          Min: 0, Avg:  0.0, Max: 0, Diff: 0, Sum: 0, Workers: 4
[973.895s][debug][gc,phases      ] GC(117)   StringDedup Requests1 Weak     Min:  0.0, Avg:  0.0, Max:  0.0, Diff:  0.0, Sum:  0.0, Workers: 4
[973.895s][debug][gc,phases      ] GC(117)     Dead                           Min: 0, Avg:  0.0, Max: 0, Diff: 0, Sum: 0, Workers: 4
[973.895s][debug][gc,phases      ] GC(117)     Total                          Min: 0, Avg:  0.0, Max: 0, Diff: 0, Sum: 0, Workers: 4
[973.895s][debug][gc,phases      ] GC(117)   Weak JFR Old Object Samples    Min:  0.0, Avg:  0.0, Max:  0.0, Diff:  0.0, Sum:  0.0, Workers: 4
[973.895s][debug][gc,phases      ] GC(117)     Dead                           Min: 0, Avg:  0.0, Max: 0, Diff: 0, Sum: 0, Workers: 4
[973.895s][debug][gc,phases      ] GC(117)     Total                          Min: 0, Avg:  0.0, Max: 0, Diff: 0, Sum: 0, Workers: 4
[973.895s][debug][gc,phases      ] GC(117) Weak Processing 0.252ms
[973.895s][debug][gc,age         ] GC(117) Desired survivor size 61341696 bytes, new threshold 15 (max threshold 15)
[973.895s][info ][gc,heap        ] GC(117) PSYoungGen: 1984515K(2030080K)->18917K(2037248K) Eden: 1965568K(1965568K)->0K(1974784K) From: 18947K(64512K)->18917K(62464K)
[973.895s][info ][gc,heap        ] GC(117) ParOldGen: 381308K(411648K)->381348K(411648K)
[973.895s][info ][gc,metaspace   ] GC(117) Metaspace: 80769K(81600K)->80769K(81600K) NonClass: 69393K(69824K)->69393K(69824K) Class: 11375K(11776K)->11375K(11776K)
[973.895s][info ][gc             ] GC(117) Pause Young (Allocation Failure) 2310M->390M(2391M) 3.542ms
[973.896s][info ][gc,cpu         ] GC(117) User=0.01s Sys=0.00s Real=0.00s
[973.896s][info ][safepoint      ] Safepoint "ParallelGCFailedAllocation", Time since last: 9544439226 ns, Reaching safepoint: 109000 ns, At safepoint: 3616718 ns, Total: 3725718 ns
[976.896s][info ][safepoint      ] Safepoint "Cleanup", Time since last: 3000222142 ns, Reaching safepoint: 54700 ns, At safepoint: 2500 ns, Total: 57200 ns
[981.896s][info ][safepoint      ] Safepoint "Cleanup", Time since last: 5000339532 ns, Reaching safepoint: 50600 ns, At safepoint: 6300 ns, Total: 56900 ns
[983.896s][info ][safepoint      ] Safepoint "Cleanup", Time since last: 2000143791 ns, Reaching safepoint: 39700 ns, At safepoint: 8000 ns, Total: 47700 ns
[984.897s][info ][safepoint      ] Safepoint "Cleanup", Time since last: 1000100745 ns, Reaching safepoint: 42800 ns, At safepoint: 35900 ns, Total: 78700 ns
[995.897s][info ][safepoint      ] Safepoint "Cleanup", Time since last: 11000650975 ns, Reaching safepoint: 39801 ns, At safepoint: 3200 ns, Total: 43001 ns
[1009.634s][info ][gc,start       ] GC(118) Pause Young (Allocation Failure)
[1009.637s][debug][gc,phases      ] GC(118) Scavenge 3.026ms
[1009.637s][debug][gc,ref         ] GC(118) Skipped phase 1 of Reference Processing: no references
[1009.637s][debug][gc,ref         ] GC(118) ReferenceProcessor::execute queues: 1, RefProcThreadModel::Single, marks_oops_alive: false
[1009.637s][debug][gc,ref         ] GC(118) Skipped phase 3 of Reference Processing: no references
[1009.637s][debug][gc,ref         ] GC(118) ReferenceProcessor::execute queues: 1, RefProcThreadModel::Single, marks_oops_alive: false
[1009.637s][debug][gc,phases      ] GC(118) Reference Processing 0.103ms
[1009.637s][debug][gc,phases      ] GC(118)   VM Weak                        Min:  0.0, Avg:  0.0, Max:  0.0, Diff:  0.0, Sum:  0.0, Workers: 4
[1009.637s][debug][gc,phases      ] GC(118)     Dead                           Min: 0, Avg:  0.0, Max: 0, Diff: 0, Sum: 0, Workers: 4
[1009.637s][debug][gc,phases      ] GC(118)     Total                          Min: 0, Avg: 163.0, Max: 588, Diff: 588, Sum: 652, Workers: 4
[1009.637s][debug][gc,phases      ] GC(118)   ObjectSynchronizer Weak        Min:  0.0, Avg:  0.0, Max:  0.0, Diff:  0.0, Sum:  0.0, Workers: 4
[1009.637s][debug][gc,phases      ] GC(118)     Dead                           Min: 0, Avg:  0.0, Max: 0, Diff: 0, Sum: 0, Workers: 4
[1009.637s][debug][gc,phases      ] GC(118)     Total                          Min: 0, Avg: 119.8, Max: 256, Diff: 256, Sum: 479, Workers: 4
[1009.638s][debug][gc,phases      ] GC(118)   JVMTI Tag Weak OopStorage      Min:  0.0, Avg:  0.0, Max:  0.0, Diff:  0.0, Sum:  0.0, Workers: 4
[1009.638s][debug][gc,phases      ] GC(118)     Dead                           Min: 0, Avg:  0.0, Max: 0, Diff: 0, Sum: 0, Workers: 4
[1009.638s][debug][gc,phases      ] GC(118)     Total                          Min: 0, Avg:  0.0, Max: 0, Diff: 0, Sum: 0, Workers: 4
[1009.638s][debug][gc,phases      ] GC(118)   StringTable Weak               Min:  0.1, Avg:  0.1, Max:  0.1, Diff:  0.0, Sum:  0.3, Workers: 4
[1009.638s][debug][gc,phases      ] GC(118)     Dead                           Min: 0, Avg:  0.0, Max: 0, Diff: 0, Sum: 0, Workers: 4
[1009.638s][debug][gc,phases      ] GC(118)     Total                          Min: 10816, Avg: 11972.2, Max: 12672, Diff: 1856, Sum: 47889, Workers: 4
[1009.638s][debug][gc,phases      ] GC(118)   ResolvedMethodTable Weak       Min:  0.0, Avg:  0.0, Max:  0.0, Diff:  0.0, Sum:  0.1, Workers: 4
[1009.638s][debug][gc,phases      ] GC(118)     Dead                           Min: 0, Avg:  0.0, Max: 0, Diff: 0, Sum: 0, Workers: 4
[1009.638s][debug][gc,phases      ] GC(118)     Total                          Min: 1920, Avg: 2031.8, Max: 2112, Diff: 192, Sum: 8127, Workers: 4
[1009.638s][debug][gc,phases      ] GC(118)   JNI Weak                       Min:  0.0, Avg:  0.0, Max:  0.0, Diff:  0.0, Sum:  0.0, Workers: 4
[1009.638s][debug][gc,phases      ] GC(118)     Dead                           Min: 0, Avg:  0.0, Max: 0, Diff: 0, Sum: 0, Workers: 4
[1009.638s][debug][gc,phases      ] GC(118)     Total                          Min: 0, Avg:  0.0, Max: 0, Diff: 0, Sum: 0, Workers: 4
[1009.638s][debug][gc,phases      ] GC(118)   StringDedup Table Weak         Min:  0.0, Avg:  0.0, Max:  0.0, Diff:  0.0, Sum:  0.0, Workers: 4
[1009.638s][debug][gc,phases      ] GC(118)     Dead                           Min: 0, Avg:  0.0, Max: 0, Diff: 0, Sum: 0, Workers: 4
[1009.638s][debug][gc,phases      ] GC(118)     Total                          Min: 0, Avg:  0.0, Max: 0, Diff: 0, Sum: 0, Workers: 4
[1009.638s][debug][gc,phases      ] GC(118)   StringDedup Requests0 Weak     Min:  0.0, Avg:  0.0, Max:  0.0, Diff:  0.0, Sum:  0.0, Workers: 4
[1009.638s][debug][gc,phases      ] GC(118)     Dead                           Min: 0, Avg:  0.0, Max: 0, Diff: 0, Sum: 0, Workers: 4
[1009.638s][debug][gc,phases      ] GC(118)     Total                          Min: 0, Avg:  0.0, Max: 0, Diff: 0, Sum: 0, Workers: 4
[1009.638s][debug][gc,phases      ] GC(118)   StringDedup Requests1 Weak     Min:  0.0, Avg:  0.0, Max:  0.0, Diff:  0.0, Sum:  0.0, Workers: 4
[1009.638s][debug][gc,phases      ] GC(118)     Dead                           Min: 0, Avg:  0.0, Max: 0, Diff: 0, Sum: 0, Workers: 4
[1009.638s][debug][gc,phases      ] GC(118)     Total                          Min: 0, Avg:  0.0, Max: 0, Diff: 0, Sum: 0, Workers: 4
[1009.638s][debug][gc,phases      ] GC(118)   Weak JFR Old Object Samples    Min:  0.0, Avg:  0.0, Max:  0.0, Diff:  0.0, Sum:  0.0, Workers: 4
[1009.638s][debug][gc,phases      ] GC(118)     Dead                           Min: 0, Avg:  0.0, Max: 0, Diff: 0, Sum: 0, Workers: 4
[1009.638s][debug][gc,phases      ] GC(118)     Total                          Min: 0, Avg:  0.0, Max: 0, Diff: 0, Sum: 0, Workers: 4
[1009.638s][debug][gc,phases      ] GC(118) Weak Processing 0.267ms
[1009.638s][debug][gc,age         ] GC(118) Desired survivor size 59244544 bytes, new threshold 15 (max threshold 15)
[1009.638s][info ][gc,heap        ] GC(118) PSYoungGen: 1993701K(2037248K)->18883K(2034688K) Eden: 1974784K(1974784K)->0K(1974784K) From: 18917K(62464K)->18883K(59904K)
[1009.638s][info ][gc,heap        ] GC(118) ParOldGen: 381348K(411648K)->381372K(411648K)
[1009.638s][info ][gc,metaspace   ] GC(118) Metaspace: 80773K(81600K)->80773K(81600K) NonClass: 69397K(69824K)->69397K(69824K) Class: 11375K(11776K)->11375K(11776K)
[1009.638s][info ][gc             ] GC(118) Pause Young (Allocation Failure) 2319M->390M(2389M) 3.497ms
[1009.638s][info ][gc,cpu         ] GC(118) User=0.01s Sys=0.00s Real=0.00s
[1009.638s][info ][safepoint      ] Safepoint "ParallelGCFailedAllocation", Time since last: 13736778405 ns, Reaching safepoint: 41401 ns, At safepoint: 3569516 ns, Total: 3610917 ns
[1010.638s][info ][safepoint      ] Safepoint "Cleanup", Time since last: 1000064738 ns, Reaching safepoint: 111501 ns, At safepoint: 5600 ns, Total: 117101 ns
[1015.638s][info ][safepoint      ] Safepoint "Cleanup", Time since last: 5000338185 ns, Reaching safepoint: 42600 ns, At safepoint: 2700 ns, Total: 45300 ns
[1018.639s][info ][safepoint      ] Safepoint "Cleanup", Time since last: 3000233609 ns, Reaching safepoint: 49800 ns, At safepoint: 4800 ns, Total: 54600 ns
[1019.639s][info ][safepoint      ] Safepoint "Cleanup", Time since last: 1000054335 ns, Reaching safepoint: 42901 ns, At safepoint: 4200 ns, Total: 47101 ns
[1027.639s][info ][safepoint      ] Safepoint "Cleanup", Time since last: 8000509374 ns, Reaching safepoint: 48600 ns, At safepoint: 6700 ns, Total: 55300 ns
[1030.639s][info ][safepoint      ] Safepoint "Cleanup", Time since last: 3000228499 ns, Reaching safepoint: 46600 ns, At safepoint: 2500 ns, Total: 49100 ns
[1035.365s][info ][gc,start       ] GC(119) Pause Young (Allocation Failure)
[1035.380s][debug][gc,phases      ] GC(119) Scavenge 15.231ms
[1035.380s][debug][gc,ref         ] GC(119) Skipped phase 1 of Reference Processing: no references
[1035.380s][debug][gc,ref         ] GC(119) ReferenceProcessor::execute queues: 1, RefProcThreadModel::Single, marks_oops_alive: false
[1035.380s][debug][gc,ref         ] GC(119) Skipped phase 3 of Reference Processing: no references
[1035.380s][debug][gc,ref         ] GC(119) ReferenceProcessor::execute queues: 1, RefProcThreadModel::Single, marks_oops_alive: false
[1035.380s][debug][gc,phases      ] GC(119) Reference Processing 0.123ms
[1035.380s][debug][gc,phases      ] GC(119)   VM Weak                        Min:  0.0, Avg:  0.0, Max:  0.0, Diff:  0.0, Sum:  0.0, Workers: 4
[1035.380s][debug][gc,phases      ] GC(119)     Dead                           Min: 0, Avg:  0.0, Max: 0, Diff: 0, Sum: 0, Workers: 4
[1035.380s][debug][gc,phases      ] GC(119)     Total                          Min: 0, Avg: 163.0, Max: 332, Diff: 332, Sum: 652, Workers: 4
[1035.380s][debug][gc,phases      ] GC(119)   ObjectSynchronizer Weak        Min:  0.0, Avg:  0.0, Max:  0.0, Diff:  0.0, Sum:  0.0, Workers: 4
[1035.380s][debug][gc,phases      ] GC(119)     Dead                           Min: 0, Avg:  0.0, Max: 0, Diff: 0, Sum: 0, Workers: 4
[1035.380s][debug][gc,phases      ] GC(119)     Total                          Min: 0, Avg: 119.8, Max: 256, Diff: 256, Sum: 479, Workers: 4
[1035.380s][debug][gc,phases      ] GC(119)   JVMTI Tag Weak OopStorage      Min:  0.0, Avg:  0.0, Max:  0.0, Diff:  0.0, Sum:  0.0, Workers: 4
[1035.380s][debug][gc,phases      ] GC(119)     Dead                           Min: 0, Avg:  0.0, Max: 0, Diff: 0, Sum: 0, Workers: 4
[1035.380s][debug][gc,phases      ] GC(119)     Total                          Min: 0, Avg:  0.0, Max: 0, Diff: 0, Sum: 0, Workers: 4
[1035.380s][debug][gc,phases      ] GC(119)   StringTable Weak               Min:  0.1, Avg:  0.1, Max:  0.1, Diff:  0.0, Sum:  0.5, Workers: 4
[1035.380s][debug][gc,phases      ] GC(119)     Dead                           Min: 0, Avg:  0.0, Max: 0, Diff: 0, Sum: 0, Workers: 4
[1035.380s][debug][gc,phases      ] GC(119)     Total                          Min: 11584, Avg: 11972.2, Max: 12433, Diff: 849, Sum: 47889, Workers: 4
[1035.380s][debug][gc,phases      ] GC(119)   ResolvedMethodTable Weak       Min:  0.0, Avg:  0.0, Max:  0.0, Diff:  0.0, Sum:  0.1, Workers: 4
[1035.380s][debug][gc,phases      ] GC(119)     Dead                           Min: 0, Avg:  0.0, Max: 0, Diff: 0, Sum: 0, Workers: 4
[1035.380s][debug][gc,phases      ] GC(119)     Total                          Min: 1920, Avg: 2031.8, Max: 2304, Diff: 384, Sum: 8127, Workers: 4
[1035.380s][debug][gc,phases      ] GC(119)   JNI Weak                       Min:  0.0, Avg:  0.0, Max:  0.0, Diff:  0.0, Sum:  0.0, Workers: 4
[1035.380s][debug][gc,phases      ] GC(119)     Dead                           Min: 0, Avg:  0.0, Max: 0, Diff: 0, Sum: 0, Workers: 4
[1035.380s][debug][gc,phases      ] GC(119)     Total                          Min: 0, Avg:  0.0, Max: 0, Diff: 0, Sum: 0, Workers: 4
[1035.380s][debug][gc,phases      ] GC(119)   StringDedup Table Weak         Min:  0.0, Avg:  0.0, Max:  0.0, Diff:  0.0, Sum:  0.0, Workers: 4
[1035.380s][debug][gc,phases      ] GC(119)     Dead                           Min: 0, Avg:  0.0, Max: 0, Diff: 0, Sum: 0, Workers: 4
[1035.380s][debug][gc,phases      ] GC(119)     Total                          Min: 0, Avg:  0.0, Max: 0, Diff: 0, Sum: 0, Workers: 4
[1035.380s][debug][gc,phases      ] GC(119)   StringDedup Requests0 Weak     Min:  0.0, Avg:  0.0, Max:  0.0, Diff:  0.0, Sum:  0.0, Workers: 4
[1035.380s][debug][gc,phases      ] GC(119)     Dead                           Min: 0, Avg:  0.0, Max: 0, Diff: 0, Sum: 0, Workers: 4
[1035.380s][debug][gc,phases      ] GC(119)     Total                          Min: 0, Avg:  0.0, Max: 0, Diff: 0, Sum: 0, Workers: 4
[1035.380s][debug][gc,phases      ] GC(119)   StringDedup Requests1 Weak     Min:  0.0, Avg:  0.0, Max:  0.0, Diff:  0.0, Sum:  0.0, Workers: 4
[1035.380s][debug][gc,phases      ] GC(119)     Dead                           Min: 0, Avg:  0.0, Max: 0, Diff: 0, Sum: 0, Workers: 4
[1035.380s][debug][gc,phases      ] GC(119)     Total                          Min: 0, Avg:  0.0, Max: 0, Diff: 0, Sum: 0, Workers: 4
[1035.380s][debug][gc,phases      ] GC(119)   Weak JFR Old Object Samples    Min:  0.0, Avg:  0.0, Max:  0.0, Diff:  0.0, Sum:  0.0, Workers: 4
[1035.380s][debug][gc,phases      ] GC(119)     Dead                           Min: 0, Avg:  0.0, Max: 0, Diff: 0, Sum: 0, Workers: 4
[1035.380s][debug][gc,phases      ] GC(119)     Total                          Min: 0, Avg:  0.0, Max: 0, Diff: 0, Sum: 0, Workers: 4
[1035.380s][debug][gc,phases      ] GC(119) Weak Processing 0.311ms
[1035.380s][debug][gc,age         ] GC(119) Desired survivor size 62914560 bytes, new threshold 15 (max threshold 15)
[1035.380s][info ][gc,heap        ] GC(119) PSYoungGen: 1993667K(2034688K)->43507K(2032128K) Eden: 1974784K(1974784K)->0K(1974272K) From: 18883K(59904K)->43507K(57856K)
[1035.380s][info ][gc,heap        ] GC(119) ParOldGen: 381372K(411648K)->381404K(411648K)
[1035.380s][info ][gc,metaspace   ] GC(119) Metaspace: 80799K(81664K)->80799K(81664K) NonClass: 69423K(69888K)->69423K(69888K) Class: 11375K(11776K)->11375K(11776K)
[1035.380s][info ][gc             ] GC(119) Pause Young (Allocation Failure) 2319M->414M(2386M) 15.781ms
[1035.380s][info ][gc,cpu         ] GC(119) User=0.06s Sys=0.00s Real=0.01s
[1035.380s][info ][safepoint      ] Safepoint "ParallelGCFailedAllocation", Time since last: 4724956757 ns, Reaching safepoint: 78000 ns, At safepoint: 15863275 ns, Total: 15941275 ns
[1036.380s][info ][safepoint      ] Safepoint "Cleanup", Time since last: 1000087131 ns, Reaching safepoint: 46901 ns, At safepoint: 2800 ns, Total: 49701 ns
[1037.381s][info ][safepoint      ] Safepoint "Cleanup", Time since last: 1000103531 ns, Reaching safepoint: 43700 ns, At safepoint: 2800 ns, Total: 46500 ns
[1045.381s][info ][safepoint      ] Safepoint "Cleanup", Time since last: 8000515638 ns, Reaching safepoint: 59301 ns, At safepoint: 3500 ns, Total: 62801 ns
[1046.381s][info ][safepoint      ] Safepoint "Cleanup", Time since last: 1000101928 ns, Reaching safepoint: 37301 ns, At safepoint: 22100 ns, Total: 59401 ns
[1047.382s][info ][safepoint      ] Safepoint "Cleanup", Time since last: 1000100828 ns, Reaching safepoint: 44801 ns, At safepoint: 6900 ns, Total: 51701 ns
[1052.382s][info ][safepoint      ] Safepoint "Cleanup", Time since last: 5000358838 ns, Reaching safepoint: 42200 ns, At safepoint: 5200 ns, Total: 47400 ns
[1055.382s][info ][safepoint      ] Safepoint "Cleanup", Time since last: 3000186380 ns, Reaching safepoint: 36401 ns, At safepoint: 2700 ns, Total: 39101 ns
[1061.919s][info ][gc,start       ] GC(120) Pause Young (Allocation Failure)
[1061.925s][debug][gc,phases      ] GC(120) Scavenge 6.220ms
[1061.925s][debug][gc,ref         ] GC(120) Skipped phase 1 of Reference Processing: no references
[1061.925s][debug][gc,ref         ] GC(120) ReferenceProcessor::execute queues: 1, RefProcThreadModel::Single, marks_oops_alive: false
[1061.925s][debug][gc,ref         ] GC(120) Skipped phase 3 of Reference Processing: no references
[1061.925s][debug][gc,ref         ] GC(120) ReferenceProcessor::execute queues: 1, RefProcThreadModel::Single, marks_oops_alive: false
[1061.925s][debug][gc,phases      ] GC(120) Reference Processing 0.094ms
[1061.925s][debug][gc,phases      ] GC(120)   VM Weak                        Min:  0.0, Avg:  0.0, Max:  0.0, Diff:  0.0, Sum:  0.0, Workers: 4
[1061.925s][debug][gc,phases      ] GC(120)     Dead                           Min: 0, Avg:  0.0, Max: 0, Diff: 0, Sum: 0, Workers: 4
[1061.925s][debug][gc,phases      ] GC(120)     Total                          Min: 0, Avg: 163.0, Max: 460, Diff: 460, Sum: 652, Workers: 4
[1061.925s][debug][gc,phases      ] GC(120)   ObjectSynchronizer Weak        Min:  0.0, Avg:  0.0, Max:  0.0, Diff:  0.0, Sum:  0.0, Workers: 4
[1061.925s][debug][gc,phases      ] GC(120)     Dead                           Min: 0, Avg:  0.0, Max: 0, Diff: 0, Sum: 0, Workers: 4
[1061.925s][debug][gc,phases      ] GC(120)     Total                          Min: 0, Avg: 119.8, Max: 256, Diff: 256, Sum: 479, Workers: 4
[1061.925s][debug][gc,phases      ] GC(120)   JVMTI Tag Weak OopStorage      Min:  0.0, Avg:  0.0, Max:  0.0, Diff:  0.0, Sum:  0.0, Workers: 4
[1061.925s][debug][gc,phases      ] GC(120)     Dead                           Min: 0, Avg:  0.0, Max: 0, Diff: 0, Sum: 0, Workers: 4
[1061.925s][debug][gc,phases      ] GC(120)     Total                          Min: 0, Avg:  0.0, Max: 0, Diff: 0, Sum: 0, Workers: 4
[1061.925s][debug][gc,phases      ] GC(120)   StringTable Weak               Min:  0.1, Avg:  0.1, Max:  0.1, Diff:  0.0, Sum:  0.3, Workers: 4
[1061.925s][debug][gc,phases      ] GC(120)     Dead                           Min: 0, Avg:  0.0, Max: 0, Diff: 0, Sum: 0, Workers: 4
[1061.925s][debug][gc,phases      ] GC(120)     Total                          Min: 9472, Avg: 11973.2, Max: 13397, Diff: 3925, Sum: 47893, Workers: 4
[1061.925s][debug][gc,phases      ] GC(120)   ResolvedMethodTable Weak       Min:  0.0, Avg:  0.0, Max:  0.0, Diff:  0.0, Sum:  0.1, Workers: 4
[1061.925s][debug][gc,phases      ] GC(120)     Dead                           Min: 0, Avg:  0.0, Max: 0, Diff: 0, Sum: 0, Workers: 4
[1061.925s][debug][gc,phases      ] GC(120)     Total                          Min: 1664, Avg: 2031.8, Max: 2176, Diff: 512, Sum: 8127, Workers: 4
[1061.925s][debug][gc,phases      ] GC(120)   JNI Weak                       Min:  0.0, Avg:  0.0, Max:  0.0, Diff:  0.0, Sum:  0.0, Workers: 4
[1061.925s][debug][gc,phases      ] GC(120)     Dead                           Min: 0, Avg:  0.0, Max: 0, Diff: 0, Sum: 0, Workers: 4
[1061.925s][debug][gc,phases      ] GC(120)     Total                          Min: 0, Avg:  0.0, Max: 0, Diff: 0, Sum: 0, Workers: 4
[1061.925s][debug][gc,phases      ] GC(120)   StringDedup Table Weak         Min:  0.0, Avg:  0.0, Max:  0.0, Diff:  0.0, Sum:  0.0, Workers: 4
[1061.925s][debug][gc,phases      ] GC(120)     Dead                           Min: 0, Avg:  0.0, Max: 0, Diff: 0, Sum: 0, Workers: 4
[1061.925s][debug][gc,phases      ] GC(120)     Total                          Min: 0, Avg:  0.0, Max: 0, Diff: 0, Sum: 0, Workers: 4
[1061.925s][debug][gc,phases      ] GC(120)   StringDedup Requests0 Weak     Min:  0.0, Avg:  0.0, Max:  0.0, Diff:  0.0, Sum:  0.0, Workers: 4
[1061.925s][debug][gc,phases      ] GC(120)     Dead                           Min: 0, Avg:  0.0, Max: 0, Diff: 0, Sum: 0, Workers: 4
[1061.925s][debug][gc,phases      ] GC(120)     Total                          Min: 0, Avg:  0.0, Max: 0, Diff: 0, Sum: 0, Workers: 4
[1061.925s][debug][gc,phases      ] GC(120)   StringDedup Requests1 Weak     Min:  0.0, Avg:  0.0, Max:  0.0, Diff:  0.0, Sum:  0.0, Workers: 4
[1061.925s][debug][gc,phases      ] GC(120)     Dead                           Min: 0, Avg:  0.0, Max: 0, Diff: 0, Sum: 0, Workers: 4
[1061.925s][debug][gc,phases      ] GC(120)     Total                          Min: 0, Avg:  0.0, Max: 0, Diff: 0, Sum: 0, Workers: 4
[1061.925s][debug][gc,phases      ] GC(120)   Weak JFR Old Object Samples    Min:  0.0, Avg:  0.0, Max:  0.0, Diff:  0.0, Sum:  0.0, Workers: 4
[1061.925s][debug][gc,phases      ] GC(120)     Dead                           Min: 0, Avg:  0.0, Max: 0, Diff: 0, Sum: 0, Workers: 4
[1061.925s][debug][gc,phases      ] GC(120)     Total                          Min: 0, Avg:  0.0, Max: 0, Diff: 0, Sum: 0, Workers: 4
[1061.925s][debug][gc,phases      ] GC(120) Weak Processing 0.253ms
[1061.925s][debug][gc,age         ] GC(120) Desired survivor size 60293120 bytes, new threshold 15 (max threshold 15)
[1061.925s][info ][gc,heap        ] GC(120) PSYoungGen: 2017779K(2032128K)->21045K(2035712K) Eden: 1974272K(1974272K)->0K(1974272K) From: 43507K(57856K)->21045K(61440K)
[1061.925s][info ][gc,heap        ] GC(120) ParOldGen: 381404K(411648K)->381428K(411648K)
[1061.925s][info ][gc,metaspace   ] GC(120) Metaspace: 80804K(81664K)->80804K(81664K) NonClass: 69427K(69888K)->69427K(69888K) Class: 11377K(11776K)->11377K(11776K)
[1061.925s][info ][gc             ] GC(120) Pause Young (Allocation Failure) 2342M->393M(2390M) 6.667ms
[1061.925s][info ][gc,cpu         ] GC(120) User=0.02s Sys=0.00s Real=0.01s
[1061.925s][info ][safepoint      ] Safepoint "ParallelGCFailedAllocation", Time since last: 6536183985 ns, Reaching safepoint: 113500 ns, At safepoint: 6793532 ns, Total: 6907032 ns
[1083.927s][info ][safepoint      ] Safepoint "Cleanup", Time since last: 22001371687 ns, Reaching safepoint: 46100 ns, At safepoint: 12000 ns, Total: 58100 ns
[1084.927s][info ][safepoint      ] Safepoint "Cleanup", Time since last: 1000106520 ns, Reaching safepoint: 48900 ns, At safepoint: 8900 ns, Total: 57800 ns
[1091.927s][info ][safepoint      ] Safepoint "Cleanup", Time since last: 7000472530 ns, Reaching safepoint: 52900 ns, At safepoint: 11600 ns, Total: 64500 ns
[1096.994s][info ][gc,start       ] GC(121) Pause Young (Allocation Failure)
[1096.998s][debug][gc,phases      ] GC(121) Scavenge 3.799ms
[1096.998s][debug][gc,ref         ] GC(121) Skipped phase 1 of Reference Processing: no references
[1096.998s][debug][gc,ref         ] GC(121) ReferenceProcessor::execute queues: 1, RefProcThreadModel::Single, marks_oops_alive: false
[1096.998s][debug][gc,ref         ] GC(121) Skipped phase 3 of Reference Processing: no references
[1096.998s][debug][gc,ref         ] GC(121) ReferenceProcessor::execute queues: 1, RefProcThreadModel::Single, marks_oops_alive: false
[1096.998s][debug][gc,phases      ] GC(121) Reference Processing 0.090ms
[1096.998s][debug][gc,phases      ] GC(121)   VM Weak                        Min:  0.0, Avg:  0.0, Max:  0.0, Diff:  0.0, Sum:  0.0, Workers: 4
[1096.998s][debug][gc,phases      ] GC(121)     Dead                           Min: 0, Avg:  0.0, Max: 0, Diff: 0, Sum: 0, Workers: 4
[1096.998s][debug][gc,phases      ] GC(121)     Total                          Min: 0, Avg: 163.0, Max: 384, Diff: 384, Sum: 652, Workers: 4
[1096.998s][debug][gc,phases      ] GC(121)   ObjectSynchronizer Weak        Min:  0.0, Avg:  0.0, Max:  0.0, Diff:  0.0, Sum:  0.0, Workers: 4
[1096.998s][debug][gc,phases      ] GC(121)     Dead                           Min: 0, Avg:  0.0, Max: 0, Diff: 0, Sum: 0, Workers: 4
[1096.998s][debug][gc,phases      ] GC(121)     Total                          Min: 0, Avg: 119.8, Max: 351, Diff: 351, Sum: 479, Workers: 4
[1096.998s][debug][gc,phases      ] GC(121)   JVMTI Tag Weak OopStorage      Min:  0.0, Avg:  0.0, Max:  0.0, Diff:  0.0, Sum:  0.0, Workers: 4
[1096.998s][debug][gc,phases      ] GC(121)     Dead                           Min: 0, Avg:  0.0, Max: 0, Diff: 0, Sum: 0, Workers: 4
[1096.998s][debug][gc,phases      ] GC(121)     Total                          Min: 0, Avg:  0.0, Max: 0, Diff: 0, Sum: 0, Workers: 4
[1096.998s][debug][gc,phases      ] GC(121)   StringTable Weak               Min:  0.1, Avg:  0.1, Max:  0.1, Diff:  0.0, Sum:  0.4, Workers: 4
[1096.998s][debug][gc,phases      ] GC(121)     Dead                           Min: 0, Avg:  0.0, Max: 0, Diff: 0, Sum: 0, Workers: 4
[1096.998s][debug][gc,phases      ] GC(121)     Total                          Min: 10518, Avg: 11973.5, Max: 15616, Diff: 5098, Sum: 47894, Workers: 4
[1096.998s][debug][gc,phases      ] GC(121)   ResolvedMethodTable Weak       Min:  0.0, Avg:  0.0, Max:  0.0, Diff:  0.0, Sum:  0.1, Workers: 4
[1096.998s][debug][gc,phases      ] GC(121)     Dead                           Min: 0, Avg:  0.0, Max: 0, Diff: 0, Sum: 0, Workers: 4
[1096.998s][debug][gc,phases      ] GC(121)     Total                          Min: 1728, Avg: 2031.8, Max: 2624, Diff: 896, Sum: 8127, Workers: 4
[1096.998s][debug][gc,phases      ] GC(121)   JNI Weak                       Min:  0.0, Avg:  0.0, Max:  0.0, Diff:  0.0, Sum:  0.0, Workers: 4
[1096.998s][debug][gc,phases      ] GC(121)     Dead                           Min: 0, Avg:  0.0, Max: 0, Diff: 0, Sum: 0, Workers: 4
[1096.998s][debug][gc,phases      ] GC(121)     Total                          Min: 0, Avg:  0.0, Max: 0, Diff: 0, Sum: 0, Workers: 4
[1096.998s][debug][gc,phases      ] GC(121)   StringDedup Table Weak         Min:  0.0, Avg:  0.0, Max:  0.0, Diff:  0.0, Sum:  0.0, Workers: 4
[1096.998s][debug][gc,phases      ] GC(121)     Dead                           Min: 0, Avg:  0.0, Max: 0, Diff: 0, Sum: 0, Workers: 4
[1096.998s][debug][gc,phases      ] GC(121)     Total                          Min: 0, Avg:  0.0, Max: 0, Diff: 0, Sum: 0, Workers: 4
[1096.998s][debug][gc,phases      ] GC(121)   StringDedup Requests0 Weak     Min:  0.0, Avg:  0.0, Max:  0.0, Diff:  0.0, Sum:  0.0, Workers: 4
[1096.998s][debug][gc,phases      ] GC(121)     Dead                           Min: 0, Avg:  0.0, Max: 0, Diff: 0, Sum: 0, Workers: 4
[1096.998s][debug][gc,phases      ] GC(121)     Total                          Min: 0, Avg:  0.0, Max: 0, Diff: 0, Sum: 0, Workers: 4
[1096.998s][debug][gc,phases      ] GC(121)   StringDedup Requests1 Weak     Min:  0.0, Avg:  0.0, Max:  0.0, Diff:  0.0, Sum:  0.0, Workers: 4
[1096.998s][debug][gc,phases      ] GC(121)     Dead                           Min: 0, Avg:  0.0, Max: 0, Diff: 0, Sum: 0, Workers: 4
[1096.998s][debug][gc,phases      ] GC(121)     Total                          Min: 0, Avg:  0.0, Max: 0, Diff: 0, Sum: 0, Workers: 4
[1096.998s][debug][gc,phases      ] GC(121)   Weak JFR Old Object Samples    Min:  0.0, Avg:  0.0, Max:  0.0, Diff:  0.0, Sum:  0.0, Workers: 4
[1096.998s][debug][gc,phases      ] GC(121)     Dead                           Min: 0, Avg:  0.0, Max: 0, Diff: 0, Sum: 0, Workers: 4
[1096.998s][debug][gc,phases      ] GC(121)     Total                          Min: 0, Avg:  0.0, Max: 0, Diff: 0, Sum: 0, Workers: 4
[1096.998s][debug][gc,phases      ] GC(121) Weak Processing 0.279ms
[1096.998s][debug][gc,age         ] GC(121) Desired survivor size 58195968 bytes, new threshold 15 (max threshold 15)
[1096.998s][info ][gc,heap        ] GC(121) PSYoungGen: 1995317K(2035712K)->20851K(2040320K) Eden: 1974272K(1974272K)->0K(1981440K) From: 21045K(61440K)->20851K(58880K)
[1096.998s][info ][gc,heap        ] GC(121) ParOldGen: 381428K(411648K)->381452K(411648K)
[1096.998s][info ][gc,metaspace   ] GC(121) Metaspace: 80807K(81664K)->80807K(81664K) NonClass: 69430K(69888K)->69430K(69888K) Class: 11377K(11776K)->11377K(11776K)
[1096.998s][info ][gc             ] GC(121) Pause Young (Allocation Failure) 2321M->392M(2394M) 4.269ms
[1096.998s][info ][gc,cpu         ] GC(121) User=0.02s Sys=0.00s Real=0.00s
[1096.998s][info ][safepoint      ] Safepoint "ParallelGCFailedAllocation", Time since last: 5066405098 ns, Reaching safepoint: 105600 ns, At safepoint: 4337421 ns, Total: 4443021 ns
[1105.999s][info ][safepoint      ] Safepoint "Cleanup", Time since last: 9000594740 ns, Reaching safepoint: 51400 ns, At safepoint: 10200 ns, Total: 61600 ns
[1108.999s][info ][safepoint      ] Safepoint "Cleanup", Time since last: 3000211143 ns, Reaching safepoint: 36300 ns, At safepoint: 2500 ns, Total: 38800 ns
[1116.000s][info ][safepoint      ] Safepoint "Cleanup", Time since last: 7000459292 ns, Reaching safepoint: 45801 ns, At safepoint: 2600 ns, Total: 48401 ns
[1125.000s][info ][safepoint      ] Safepoint "Cleanup", Time since last: 9000612403 ns, Reaching safepoint: 41400 ns, At safepoint: 2300 ns, Total: 43700 ns
[1128.001s][info ][safepoint      ] Safepoint "Cleanup", Time since last: 3000238630 ns, Reaching safepoint: 46801 ns, At safepoint: 4100 ns, Total: 50901 ns
[1129.001s][info ][safepoint      ] Safepoint "Cleanup", Time since last: 1000105510 ns, Reaching safepoint: 28500 ns, At safepoint: 3100 ns, Total: 31600 ns
[1132.745s][info ][gc,start       ] GC(122) Pause Young (Allocation Failure)
[1132.748s][debug][gc,phases      ] GC(122) Scavenge 3.154ms
[1132.748s][debug][gc,ref         ] GC(122) Skipped phase 1 of Reference Processing: no references
[1132.748s][debug][gc,ref         ] GC(122) ReferenceProcessor::execute queues: 1, RefProcThreadModel::Single, marks_oops_alive: false
[1132.748s][debug][gc,ref         ] GC(122) Skipped phase 3 of Reference Processing: no references
[1132.748s][debug][gc,ref         ] GC(122) ReferenceProcessor::execute queues: 1, RefProcThreadModel::Single, marks_oops_alive: false
[1132.748s][debug][gc,phases      ] GC(122) Reference Processing 0.103ms
[1132.748s][debug][gc,phases      ] GC(122)   VM Weak                        Min:  0.0, Avg:  0.0, Max:  0.0, Diff:  0.0, Sum:  0.0, Workers: 4
[1132.748s][debug][gc,phases      ] GC(122)     Dead                           Min: 0, Avg:  0.0, Max: 0, Diff: 0, Sum: 0, Workers: 4
[1132.748s][debug][gc,phases      ] GC(122)     Total                          Min: 0, Avg: 163.0, Max: 524, Diff: 524, Sum: 652, Workers: 4
[1132.748s][debug][gc,phases      ] GC(122)   ObjectSynchronizer Weak        Min:  0.0, Avg:  0.0, Max:  0.0, Diff:  0.0, Sum:  0.0, Workers: 4
[1132.748s][debug][gc,phases      ] GC(122)     Dead                           Min: 0, Avg:  0.0, Max: 0, Diff: 0, Sum: 0, Workers: 4
[1132.748s][debug][gc,phases      ] GC(122)     Total                          Min: 0, Avg: 119.8, Max: 256, Diff: 256, Sum: 479, Workers: 4
[1132.748s][debug][gc,phases      ] GC(122)   JVMTI Tag Weak OopStorage      Min:  0.0, Avg:  0.0, Max:  0.0, Diff:  0.0, Sum:  0.0, Workers: 4
[1132.748s][debug][gc,phases      ] GC(122)     Dead                           Min: 0, Avg:  0.0, Max: 0, Diff: 0, Sum: 0, Workers: 4
[1132.748s][debug][gc,phases      ] GC(122)     Total                          Min: 0, Avg:  0.0, Max: 0, Diff: 0, Sum: 0, Workers: 4
[1132.748s][debug][gc,phases      ] GC(122)   StringTable Weak               Min:  0.1, Avg:  0.1, Max:  0.1, Diff:  0.0, Sum:  0.3, Workers: 4
[1132.748s][debug][gc,phases      ] GC(122)     Dead                           Min: 0, Avg:  0.0, Max: 0, Diff: 0, Sum: 0, Workers: 4
[1132.748s][debug][gc,phases      ] GC(122)     Total                          Min: 8600, Avg: 11974.0, Max: 14144, Diff: 5544, Sum: 47896, Workers: 4
[1132.748s][debug][gc,phases      ] GC(122)   ResolvedMethodTable Weak       Min:  0.0, Avg:  0.0, Max:  0.0, Diff:  0.0, Sum:  0.1, Workers: 4
[1132.748s][debug][gc,phases      ] GC(122)     Dead                           Min: 0, Avg:  0.0, Max: 0, Diff: 0, Sum: 0, Workers: 4
[1132.748s][debug][gc,phases      ] GC(122)     Total                          Min: 1600, Avg: 2032.2, Max: 2304, Diff: 704, Sum: 8129, Workers: 4
[1132.748s][debug][gc,phases      ] GC(122)   JNI Weak                       Min:  0.0, Avg:  0.0, Max:  0.0, Diff:  0.0, Sum:  0.0, Workers: 4
[1132.748s][debug][gc,phases      ] GC(122)     Dead                           Min: 0, Avg:  0.0, Max: 0, Diff: 0, Sum: 0, Workers: 4
[1132.748s][debug][gc,phases      ] GC(122)     Total                          Min: 0, Avg:  0.0, Max: 0, Diff: 0, Sum: 0, Workers: 4
[1132.748s][debug][gc,phases      ] GC(122)   StringDedup Table Weak         Min:  0.0, Avg:  0.0, Max:  0.0, Diff:  0.0, Sum:  0.0, Workers: 4
[1132.748s][debug][gc,phases      ] GC(122)     Dead                           Min: 0, Avg:  0.0, Max: 0, Diff: 0, Sum: 0, Workers: 4
[1132.748s][debug][gc,phases      ] GC(122)     Total                          Min: 0, Avg:  0.0, Max: 0, Diff: 0, Sum: 0, Workers: 4
[1132.748s][debug][gc,phases      ] GC(122)   StringDedup Requests0 Weak     Min:  0.0, Avg:  0.0, Max:  0.0, Diff:  0.0, Sum:  0.0, Workers: 4
[1132.748s][debug][gc,phases      ] GC(122)     Dead                           Min: 0, Avg:  0.0, Max: 0, Diff: 0, Sum: 0, Workers: 4
[1132.748s][debug][gc,phases      ] GC(122)     Total                          Min: 0, Avg:  0.0, Max: 0, Diff: 0, Sum: 0, Workers: 4
[1132.748s][debug][gc,phases      ] GC(122)   StringDedup Requests1 Weak     Min:  0.0, Avg:  0.0, Max:  0.0, Diff:  0.0, Sum:  0.0, Workers: 4
[1132.748s][debug][gc,phases      ] GC(122)     Dead                           Min: 0, Avg:  0.0, Max: 0, Diff: 0, Sum: 0, Workers: 4
[1132.748s][debug][gc,phases      ] GC(122)     Total                          Min: 0, Avg:  0.0, Max: 0, Diff: 0, Sum: 0, Workers: 4
[1132.748s][debug][gc,phases      ] GC(122)   Weak JFR Old Object Samples    Min:  0.0, Avg:  0.0, Max:  0.0, Diff:  0.0, Sum:  0.0, Workers: 4
[1132.748s][debug][gc,phases      ] GC(122)     Dead                           Min: 0, Avg:  0.0, Max: 0, Diff: 0, Sum: 0, Workers: 4
[1132.748s][debug][gc,phases      ] GC(122)     Total                          Min: 0, Avg:  0.0, Max: 0, Diff: 0, Sum: 0, Workers: 4
[1132.748s][debug][gc,phases      ] GC(122) Weak Processing 0.251ms
[1132.748s][debug][gc,age         ] GC(122) Desired survivor size 55574528 bytes, new threshold 15 (max threshold 15)
[1132.748s][info ][gc,heap        ] GC(122) PSYoungGen: 2002291K(2040320K)->20531K(2038272K) Eden: 1981440K(1981440K)->0K(1981440K) From: 20851K(58880K)->20531K(56832K)
[1132.748s][info ][gc,heap        ] GC(122) ParOldGen: 381452K(411648K)->381836K(411648K)
[1132.748s][info ][gc,metaspace   ] GC(122) Metaspace: 80829K(81664K)->80829K(81664K) NonClass: 69450K(69888K)->69450K(69888K) Class: 11378K(11776K)->11378K(11776K)
[1132.748s][info ][gc             ] GC(122) Pause Young (Allocation Failure) 2327M->392M(2392M) 3.597ms
[1132.748s][info ][gc,cpu         ] GC(122) User=0.02s Sys=0.00s Real=0.00s
[1132.748s][info ][safepoint      ] Safepoint "ParallelGCFailedAllocation", Time since last: 3743941330 ns, Reaching safepoint: 27000 ns, At safepoint: 3672817 ns, Total: 3699817 ns
[1137.749s][info ][safepoint      ] Safepoint "Cleanup", Time since last: 5000337542 ns, Reaching safepoint: 57800 ns, At safepoint: 4300 ns, Total: 62100 ns
[1157.750s][info ][safepoint      ] Safepoint "Cleanup", Time since last: 20001240015 ns, Reaching safepoint: 47600 ns, At safepoint: 2800 ns, Total: 50400 ns
[1158.750s][info ][safepoint      ] Safepoint "Cleanup", Time since last: 1000099404 ns, Reaching safepoint: 46300 ns, At safepoint: 2900 ns, Total: 49200 ns
[1159.750s][info ][safepoint      ] Safepoint "Cleanup", Time since last: 1000100203 ns, Reaching safepoint: 36801 ns, At safepoint: 3100 ns, Total: 39901 ns
[1168.042s][info ][gc,start       ] GC(123) Pause Young (Allocation Failure)
[1168.046s][debug][gc,phases      ] GC(123) Scavenge 4.200ms
[1168.046s][debug][gc,ref         ] GC(123) Skipped phase 1 of Reference Processing: no references
[1168.046s][debug][gc,ref         ] GC(123) ReferenceProcessor::execute queues: 1, RefProcThreadModel::Single, marks_oops_alive: false
[1168.046s][debug][gc,ref         ] GC(123) Skipped phase 3 of Reference Processing: no references
[1168.046s][debug][gc,ref         ] GC(123) ReferenceProcessor::execute queues: 1, RefProcThreadModel::Single, marks_oops_alive: false
[1168.046s][debug][gc,phases      ] GC(123) Reference Processing 0.110ms
[1168.046s][debug][gc,phases      ] GC(123)   VM Weak                        Min:  0.0, Avg:  0.0, Max:  0.0, Diff:  0.0, Sum:  0.0, Workers: 4
[1168.046s][debug][gc,phases      ] GC(123)     Dead                           Min: 0, Avg:  0.0, Max: 0, Diff: 0, Sum: 0, Workers: 4
[1168.046s][debug][gc,phases      ] GC(123)     Total                          Min: 0, Avg: 163.0, Max: 652, Diff: 652, Sum: 652, Workers: 4
[1168.046s][debug][gc,phases      ] GC(123)   ObjectSynchronizer Weak        Min:  0.0, Avg:  0.0, Max:  0.0, Diff:  0.0, Sum:  0.0, Workers: 4
[1168.046s][debug][gc,phases      ] GC(123)     Dead                           Min: 0, Avg:  0.0, Max: 0, Diff: 0, Sum: 0, Workers: 4
[1168.046s][debug][gc,phases      ] GC(123)     Total                          Min: 0, Avg: 119.8, Max: 320, Diff: 320, Sum: 479, Workers: 4
[1168.046s][debug][gc,phases      ] GC(123)   JVMTI Tag Weak OopStorage      Min:  0.0, Avg:  0.0, Max:  0.0, Diff:  0.0, Sum:  0.0, Workers: 4
[1168.046s][debug][gc,phases      ] GC(123)     Dead                           Min: 0, Avg:  0.0, Max: 0, Diff: 0, Sum: 0, Workers: 4
[1168.046s][debug][gc,phases      ] GC(123)     Total                          Min: 0, Avg:  0.0, Max: 0, Diff: 0, Sum: 0, Workers: 4
[1168.046s][debug][gc,phases      ] GC(123)   StringTable Weak               Min:  0.1, Avg:  0.1, Max:  0.1, Diff:  0.0, Sum:  0.4, Workers: 4
[1168.046s][debug][gc,phases      ] GC(123)     Dead                           Min: 0, Avg:  0.0, Max: 0, Diff: 0, Sum: 0, Workers: 4
[1168.046s][debug][gc,phases      ] GC(123)     Total                          Min: 9344, Avg: 11979.0, Max: 15232, Diff: 5888, Sum: 47916, Workers: 4
[1168.046s][debug][gc,phases      ] GC(123)   ResolvedMethodTable Weak       Min:  0.0, Avg:  0.0, Max:  0.0, Diff:  0.0, Sum:  0.1, Workers: 4
[1168.046s][debug][gc,phases      ] GC(123)     Dead                           Min: 0, Avg:  0.0, Max: 0, Diff: 0, Sum: 0, Workers: 4
[1168.046s][debug][gc,phases      ] GC(123)     Total                          Min: 1664, Avg: 2032.2, Max: 2369, Diff: 705, Sum: 8129, Workers: 4
[1168.046s][debug][gc,phases      ] GC(123)   JNI Weak                       Min:  0.0, Avg:  0.0, Max:  0.0, Diff:  0.0, Sum:  0.0, Workers: 4
[1168.046s][debug][gc,phases      ] GC(123)     Dead                           Min: 0, Avg:  0.0, Max: 0, Diff: 0, Sum: 0, Workers: 4
[1168.046s][debug][gc,phases      ] GC(123)     Total                          Min: 0, Avg:  0.0, Max: 0, Diff: 0, Sum: 0, Workers: 4
[1168.046s][debug][gc,phases      ] GC(123)   StringDedup Table Weak         Min:  0.0, Avg:  0.0, Max:  0.0, Diff:  0.0, Sum:  0.0, Workers: 4
[1168.046s][debug][gc,phases      ] GC(123)     Dead                           Min: 0, Avg:  0.0, Max: 0, Diff: 0, Sum: 0, Workers: 4
[1168.046s][debug][gc,phases      ] GC(123)     Total                          Min: 0, Avg:  0.0, Max: 0, Diff: 0, Sum: 0, Workers: 4
[1168.046s][debug][gc,phases      ] GC(123)   StringDedup Requests0 Weak     Min:  0.0, Avg:  0.0, Max:  0.0, Diff:  0.0, Sum:  0.0, Workers: 4
[1168.046s][debug][gc,phases      ] GC(123)     Dead                           Min: 0, Avg:  0.0, Max: 0, Diff: 0, Sum: 0, Workers: 4
[1168.046s][debug][gc,phases      ] GC(123)     Total                          Min: 0, Avg:  0.0, Max: 0, Diff: 0, Sum: 0, Workers: 4
[1168.046s][debug][gc,phases      ] GC(123)   StringDedup Requests1 Weak     Min:  0.0, Avg:  0.0, Max:  0.0, Diff:  0.0, Sum:  0.0, Workers: 4
[1168.046s][debug][gc,phases      ] GC(123)     Dead                           Min: 0, Avg:  0.0, Max: 0, Diff: 0, Sum: 0, Workers: 4
[1168.046s][debug][gc,phases      ] GC(123)     Total                          Min: 0, Avg:  0.0, Max: 0, Diff: 0, Sum: 0, Workers: 4
[1168.046s][debug][gc,phases      ] GC(123)   Weak JFR Old Object Samples    Min:  0.0, Avg:  0.0, Max:  0.0, Diff:  0.0, Sum:  0.0, Workers: 4
[1168.046s][debug][gc,phases      ] GC(123)     Dead                           Min: 0, Avg:  0.0, Max: 0, Diff: 0, Sum: 0, Workers: 4
[1168.046s][debug][gc,phases      ] GC(123)     Total                          Min: 0, Avg:  0.0, Max: 0, Diff: 0, Sum: 0, Workers: 4
[1168.046s][debug][gc,phases      ] GC(123) Weak Processing 0.265ms
[1168.046s][debug][gc,age         ] GC(123) Desired survivor size 53477376 bytes, new threshold 15 (max threshold 15)
[1168.046s][info ][gc,heap        ] GC(123) PSYoungGen: 2001971K(2038272K)->20629K(2044928K) Eden: 1981440K(1981440K)->0K(1990656K) From: 20531K(56832K)->20629K(54272K)
[1168.046s][info ][gc,heap        ] GC(123) ParOldGen: 381836K(411648K)->381860K(411648K)
[1168.046s][info ][gc,metaspace   ] GC(123) Metaspace: 80837K(81664K)->80837K(81664K) NonClass: 69459K(69888K)->69459K(69888K) Class: 11378K(11776K)->11378K(11776K)
[1168.046s][info ][gc             ] GC(123) Pause Young (Allocation Failure) 2327M->393M(2399M) 4.685ms
[1168.046s][info ][gc,cpu         ] GC(123) User=0.02s Sys=0.00s Real=0.00s
[1168.046s][info ][safepoint      ] Safepoint "ParallelGCFailedAllocation", Time since last: 8291172986 ns, Reaching safepoint: 110701 ns, At safepoint: 4758222 ns, Total: 4868923 ns
[1173.047s][info ][safepoint      ] Safepoint "Cleanup", Time since last: 5000325206 ns, Reaching safepoint: 39701 ns, At safepoint: 2700 ns, Total: 42401 ns
[1175.047s][info ][safepoint      ] Safepoint "Cleanup", Time since last: 2000117001 ns, Reaching safepoint: 44200 ns, At safepoint: 3200 ns, Total: 47400 ns
[1177.047s][info ][safepoint      ] Safepoint "Cleanup", Time since last: 2000171100 ns, Reaching safepoint: 42900 ns, At safepoint: 3300 ns, Total: 46200 ns
[1180.047s][info ][safepoint      ] Safepoint "Cleanup", Time since last: 3000243500 ns, Reaching safepoint: 50300 ns, At safepoint: 2500 ns, Total: 52800 ns
[1185.048s][info ][safepoint      ] Safepoint "Cleanup", Time since last: 5000356595 ns, Reaching safepoint: 42800 ns, At safepoint: 3900 ns, Total: 46700 ns
[1195.049s][info ][safepoint      ] Safepoint "Cleanup", Time since last: 10000660975 ns, Reaching safepoint: 41400 ns, At safepoint: 3100 ns, Total: 44500 ns
[1196.173s][info ][safepoint      ] Safepoint "ParallelGCFailedAllocation", Time since last: 1123922678 ns, Reaching safepoint: 29100 ns, At safepoint: 21500 ns, Total: 50600 ns
[1196.173s][info ][gc,start       ] GC(124) Pause Young (GCLocker Initiated GC)
[1196.182s][debug][gc,phases      ] GC(124) Scavenge 9.644ms
[1196.182s][debug][gc,ref         ] GC(124) Skipped phase 1 of Reference Processing: no references
[1196.182s][debug][gc,ref         ] GC(124) ReferenceProcessor::execute queues: 1, RefProcThreadModel::Single, marks_oops_alive: false
[1196.182s][debug][gc,ref         ] GC(124) Skipped phase 3 of Reference Processing: no references
[1196.182s][debug][gc,ref         ] GC(124) ReferenceProcessor::execute queues: 1, RefProcThreadModel::Single, marks_oops_alive: false
[1196.182s][debug][gc,phases      ] GC(124) Reference Processing 0.090ms
[1196.183s][debug][gc,phases      ] GC(124)   VM Weak                        Min:  0.0, Avg:  0.0, Max:  0.0, Diff:  0.0, Sum:  0.0, Workers: 4
[1196.183s][debug][gc,phases      ] GC(124)     Dead                           Min: 0, Avg:  0.0, Max: 0, Diff: 0, Sum: 0, Workers: 4
[1196.183s][debug][gc,phases      ] GC(124)     Total                          Min: 0, Avg: 163.0, Max: 588, Diff: 588, Sum: 652, Workers: 4
[1196.183s][debug][gc,phases      ] GC(124)   ObjectSynchronizer Weak        Min:  0.0, Avg:  0.0, Max:  0.0, Diff:  0.0, Sum:  0.0, Workers: 4
[1196.183s][debug][gc,phases      ] GC(124)     Dead                           Min: 0, Avg:  0.0, Max: 0, Diff: 0, Sum: 0, Workers: 4
[1196.183s][debug][gc,phases      ] GC(124)     Total                          Min: 0, Avg: 119.8, Max: 192, Diff: 192, Sum: 479, Workers: 4
[1196.183s][debug][gc,phases      ] GC(124)   JVMTI Tag Weak OopStorage      Min:  0.0, Avg:  0.0, Max:  0.0, Diff:  0.0, Sum:  0.0, Workers: 4
[1196.183s][debug][gc,phases      ] GC(124)     Dead                           Min: 0, Avg:  0.0, Max: 0, Diff: 0, Sum: 0, Workers: 4
[1196.183s][debug][gc,phases      ] GC(124)     Total                          Min: 0, Avg:  0.0, Max: 0, Diff: 0, Sum: 0, Workers: 4
[1196.183s][debug][gc,phases      ] GC(124)   StringTable Weak               Min:  0.1, Avg:  0.1, Max:  0.1, Diff:  0.0, Sum:  0.4, Workers: 4
[1196.183s][debug][gc,phases      ] GC(124)     Dead                           Min: 0, Avg:  0.0, Max: 0, Diff: 0, Sum: 0, Workers: 4
[1196.183s][debug][gc,phases      ] GC(124)     Total                          Min: 8960, Avg: 11979.0, Max: 14976, Diff: 6016, Sum: 47916, Workers: 4
[1196.183s][debug][gc,phases      ] GC(124)   ResolvedMethodTable Weak       Min:  0.0, Avg:  0.0, Max:  0.0, Diff:  0.0, Sum:  0.1, Workers: 4
[1196.183s][debug][gc,phases      ] GC(124)     Dead                           Min: 0, Avg:  0.0, Max: 0, Diff: 0, Sum: 0, Workers: 4
[1196.183s][debug][gc,phases      ] GC(124)     Total                          Min: 1601, Avg: 2032.2, Max: 2560, Diff: 959, Sum: 8129, Workers: 4
[1196.183s][debug][gc,phases      ] GC(124)   JNI Weak                       Min:  0.0, Avg:  0.0, Max:  0.0, Diff:  0.0, Sum:  0.0, Workers: 4
[1196.183s][debug][gc,phases      ] GC(124)     Dead                           Min: 0, Avg:  0.0, Max: 0, Diff: 0, Sum: 0, Workers: 4
[1196.183s][debug][gc,phases      ] GC(124)     Total                          Min: 0, Avg:  0.0, Max: 0, Diff: 0, Sum: 0, Workers: 4
[1196.183s][debug][gc,phases      ] GC(124)   StringDedup Table Weak         Min:  0.0, Avg:  0.0, Max:  0.0, Diff:  0.0, Sum:  0.0, Workers: 4
[1196.183s][debug][gc,phases      ] GC(124)     Dead                           Min: 0, Avg:  0.0, Max: 0, Diff: 0, Sum: 0, Workers: 4
[1196.183s][debug][gc,phases      ] GC(124)     Total                          Min: 0, Avg:  0.0, Max: 0, Diff: 0, Sum: 0, Workers: 4
[1196.183s][debug][gc,phases      ] GC(124)   StringDedup Requests0 Weak     Min:  0.0, Avg:  0.0, Max:  0.0, Diff:  0.0, Sum:  0.0, Workers: 4
[1196.183s][debug][gc,phases      ] GC(124)     Dead                           Min: 0, Avg:  0.0, Max: 0, Diff: 0, Sum: 0, Workers: 4
[1196.183s][debug][gc,phases      ] GC(124)     Total                          Min: 0, Avg:  0.0, Max: 0, Diff: 0, Sum: 0, Workers: 4
[1196.183s][debug][gc,phases      ] GC(124)   StringDedup Requests1 Weak     Min:  0.0, Avg:  0.0, Max:  0.0, Diff:  0.0, Sum:  0.0, Workers: 4
[1196.183s][debug][gc,phases      ] GC(124)     Dead                           Min: 0, Avg:  0.0, Max: 0, Diff: 0, Sum: 0, Workers: 4
[1196.183s][debug][gc,phases      ] GC(124)     Total                          Min: 0, Avg:  0.0, Max: 0, Diff: 0, Sum: 0, Workers: 4
[1196.183s][debug][gc,phases      ] GC(124)   Weak JFR Old Object Samples    Min:  0.0, Avg:  0.0, Max:  0.0, Diff:  0.0, Sum:  0.0, Workers: 4
[1196.183s][debug][gc,phases      ] GC(124)     Dead                           Min: 0, Avg:  0.0, Max: 0, Diff: 0, Sum: 0, Workers: 4
[1196.183s][debug][gc,phases      ] GC(124)     Total                          Min: 0, Avg:  0.0, Max: 0, Diff: 0, Sum: 0, Workers: 4
[1196.183s][debug][gc,phases      ] GC(124) Weak Processing 0.280ms
[1196.183s][debug][gc,age         ] GC(124) Desired survivor size 55574528 bytes, new threshold 15 (max threshold 15)
[1196.183s][info ][gc,heap        ] GC(124) PSYoungGen: 2011285K(2044928K)->37397K(2042880K) Eden: 1990656K(1990656K)->0K(1990656K) From: 20629K(54272K)->37397K(52224K)
[1196.183s][info ][gc,heap        ] GC(124) ParOldGen: 381861K(411648K)->381893K(411648K)
[1196.183s][info ][gc,metaspace   ] GC(124) Metaspace: 80844K(81664K)->80844K(81664K) NonClass: 69465K(69888K)->69465K(69888K) Class: 11378K(11776K)->11378K(11776K)
[1196.183s][info ][gc             ] GC(124) Pause Young (GCLocker Initiated GC) 2337M->409M(2397M) 10.099ms
[1196.183s][info ][gc,cpu         ] GC(124) User=0.04s Sys=0.00s Real=0.01s
[1196.183s][info ][safepoint      ] Safepoint "ParallelGCSystemGC", Time since last: 69000 ns, Reaching safepoint: 13101 ns, At safepoint: 10161047 ns, Total: 10174148 ns
[1198.183s][info ][safepoint      ] Safepoint "Cleanup", Time since last: 2000141293 ns, Reaching safepoint: 49600 ns, At safepoint: 2600 ns, Total: 52200 ns
[1199.183s][info ][safepoint      ] Safepoint "Cleanup", Time since last: 1000112796 ns, Reaching safepoint: 117001 ns, At safepoint: 7000 ns, Total: 124001 ns
[1211.184s][info ][safepoint      ] Safepoint "Cleanup", Time since last: 12000789436 ns, Reaching safepoint: 40900 ns, At safepoint: 2300 ns, Total: 43200 ns
[1213.184s][info ][safepoint      ] Safepoint "Cleanup", Time since last: 2000130687 ns, Reaching safepoint: 37500 ns, At safepoint: 2600 ns, Total: 40100 ns
[1220.185s][info ][safepoint      ] Safepoint "Cleanup", Time since last: 7000493049 ns, Reaching safepoint: 73100 ns, At safepoint: 5400 ns, Total: 78500 ns
[1220.338s][info ][gc,start       ] GC(125) Pause Young (Allocation Failure)
[1220.348s][debug][gc,phases      ] GC(125) Scavenge 9.882ms
[1220.348s][debug][gc,ref         ] GC(125) Skipped phase 1 of Reference Processing: no references
[1220.348s][debug][gc,ref         ] GC(125) ReferenceProcessor::execute queues: 1, RefProcThreadModel::Single, marks_oops_alive: false
[1220.348s][debug][gc,ref         ] GC(125) Skipped phase 3 of Reference Processing: no references
[1220.348s][debug][gc,ref         ] GC(125) ReferenceProcessor::execute queues: 1, RefProcThreadModel::Single, marks_oops_alive: false
[1220.348s][debug][gc,phases      ] GC(125) Reference Processing 0.088ms
[1220.348s][debug][gc,phases      ] GC(125)   VM Weak                        Min:  0.0, Avg:  0.0, Max:  0.0, Diff:  0.0, Sum:  0.0, Workers: 4
[1220.348s][debug][gc,phases      ] GC(125)     Dead                           Min: 0, Avg:  0.0, Max: 0, Diff: 0, Sum: 0, Workers: 4
[1220.348s][debug][gc,phases      ] GC(125)     Total                          Min: 0, Avg: 163.0, Max: 396, Diff: 396, Sum: 652, Workers: 4
[1220.348s][debug][gc,phases      ] GC(125)   ObjectSynchronizer Weak        Min:  0.0, Avg:  0.0, Max:  0.0, Diff:  0.0, Sum:  0.0, Workers: 4
[1220.348s][debug][gc,phases      ] GC(125)     Dead                           Min: 0, Avg:  0.0, Max: 0, Diff: 0, Sum: 0, Workers: 4
[1220.348s][debug][gc,phases      ] GC(125)     Total                          Min: 0, Avg: 119.8, Max: 256, Diff: 256, Sum: 479, Workers: 4
[1220.348s][debug][gc,phases      ] GC(125)   JVMTI Tag Weak OopStorage      Min:  0.0, Avg:  0.0, Max:  0.0, Diff:  0.0, Sum:  0.0, Workers: 4
[1220.348s][debug][gc,phases      ] GC(125)     Dead                           Min: 0, Avg:  0.0, Max: 0, Diff: 0, Sum: 0, Workers: 4
[1220.348s][debug][gc,phases      ] GC(125)     Total                          Min: 0, Avg:  0.0, Max: 0, Diff: 0, Sum: 0, Workers: 4
[1220.348s][debug][gc,phases      ] GC(125)   StringTable Weak               Min:  0.1, Avg:  0.1, Max:  0.1, Diff:  0.0, Sum:  0.4, Workers: 4
[1220.348s][debug][gc,phases      ] GC(125)     Dead                           Min: 0, Avg:  0.0, Max: 0, Diff: 0, Sum: 0, Workers: 4
[1220.348s][debug][gc,phases      ] GC(125)     Total                          Min: 10490, Avg: 11982.5, Max: 15232, Diff: 4742, Sum: 47930, Workers: 4
[1220.348s][debug][gc,phases      ] GC(125)   ResolvedMethodTable Weak       Min:  0.0, Avg:  0.0, Max:  0.0, Diff:  0.0, Sum:  0.1, Workers: 4
[1220.348s][debug][gc,phases      ] GC(125)     Dead                           Min: 0, Avg:  0.0, Max: 0, Diff: 0, Sum: 0, Workers: 4
[1220.348s][debug][gc,phases      ] GC(125)     Total                          Min: 1665, Avg: 2032.2, Max: 2752, Diff: 1087, Sum: 8129, Workers: 4
[1220.348s][debug][gc,phases      ] GC(125)   JNI Weak                       Min:  0.0, Avg:  0.0, Max:  0.0, Diff:  0.0, Sum:  0.0, Workers: 4
[1220.348s][debug][gc,phases      ] GC(125)     Dead                           Min: 0, Avg:  0.0, Max: 0, Diff: 0, Sum: 0, Workers: 4
[1220.348s][debug][gc,phases      ] GC(125)     Total                          Min: 0, Avg:  0.0, Max: 0, Diff: 0, Sum: 0, Workers: 4
[1220.348s][debug][gc,phases      ] GC(125)   StringDedup Table Weak         Min:  0.0, Avg:  0.0, Max:  0.0, Diff:  0.0, Sum:  0.0, Workers: 4
[1220.348s][debug][gc,phases      ] GC(125)     Dead                           Min: 0, Avg:  0.0, Max: 0, Diff: 0, Sum: 0, Workers: 4
[1220.348s][debug][gc,phases      ] GC(125)     Total                          Min: 0, Avg:  0.0, Max: 0, Diff: 0, Sum: 0, Workers: 4
[1220.348s][debug][gc,phases      ] GC(125)   StringDedup Requests0 Weak     Min:  0.0, Avg:  0.0, Max:  0.0, Diff:  0.0, Sum:  0.0, Workers: 4
[1220.348s][debug][gc,phases      ] GC(125)     Dead                           Min: 0, Avg:  0.0, Max: 0, Diff: 0, Sum: 0, Workers: 4
[1220.348s][debug][gc,phases      ] GC(125)     Total                          Min: 0, Avg:  0.0, Max: 0, Diff: 0, Sum: 0, Workers: 4
[1220.348s][debug][gc,phases      ] GC(125)   StringDedup Requests1 Weak     Min:  0.0, Avg:  0.0, Max:  0.0, Diff:  0.0, Sum:  0.0, Workers: 4
[1220.348s][debug][gc,phases      ] GC(125)     Dead                           Min: 0, Avg:  0.0, Max: 0, Diff: 0, Sum: 0, Workers: 4
[1220.348s][debug][gc,phases      ] GC(125)     Total                          Min: 0, Avg:  0.0, Max: 0, Diff: 0, Sum: 0, Workers: 4
[1220.348s][debug][gc,phases      ] GC(125)   Weak JFR Old Object Samples    Min:  0.0, Avg:  0.0, Max:  0.0, Diff:  0.0, Sum:  0.0, Workers: 4
[1220.348s][debug][gc,phases      ] GC(125)     Dead                           Min: 0, Avg:  0.0, Max: 0, Diff: 0, Sum: 0, Workers: 4
[1220.348s][debug][gc,phases      ] GC(125)     Total                          Min: 0, Avg:  0.0, Max: 0, Diff: 0, Sum: 0, Workers: 4
[1220.348s][debug][gc,phases      ] GC(125) Weak Processing 0.271ms
[1220.348s][debug][gc,age         ] GC(125) Desired survivor size 55574528 bytes, new threshold 15 (max threshold 15)
[1220.348s][info ][gc,heap        ] GC(125) PSYoungGen: 2028053K(2042880K)->33029K(2042880K) Eden: 1990656K(1990656K)->0K(1988608K) From: 37397K(52224K)->33029K(54272K)
[1220.348s][info ][gc,heap        ] GC(125) ParOldGen: 381907K(411648K)->381955K(411648K)
[1220.348s][info ][gc,metaspace   ] GC(125) Metaspace: 80851K(81664K)->80851K(81664K) NonClass: 69473K(69888K)->69473K(69888K) Class: 11378K(11776K)->11378K(11776K)
[1220.348s][info ][gc             ] GC(125) Pause Young (Allocation Failure) 2353M->405M(2397M) 10.361ms
[1220.348s][info ][gc,cpu         ] GC(125) User=0.04s Sys=0.00s Real=0.01s
[1220.348s][info ][safepoint      ] Safepoint "ParallelGCFailedAllocation", Time since last: 152713917 ns, Reaching safepoint: 96800 ns, At safepoint: 10427849 ns, Total: 10524649 ns
[1221.348s][info ][safepoint      ] Safepoint "Cleanup", Time since last: 1000083592 ns, Reaching safepoint: 47700 ns, At safepoint: 10100 ns, Total: 57800 ns
[1222.348s][info ][safepoint      ] Safepoint "Cleanup", Time since last: 1000110792 ns, Reaching safepoint: 44200 ns, At safepoint: 2100 ns, Total: 46300 ns
[1226.925s][info ][safepoint      ] Safepoint "Cleanup", Time since last: 4576902870 ns, Reaching safepoint: 140901 ns, At safepoint: 7800 ns, Total: 148701 ns
[1231.926s][info ][safepoint      ] Safepoint "Cleanup", Time since last: 5000365852 ns, Reaching safepoint: 39800 ns, At safepoint: 2700 ns, Total: 42500 ns
[1235.926s][info ][safepoint      ] Safepoint "Cleanup", Time since last: 4000294659 ns, Reaching safepoint: 31500 ns, At safepoint: 3000 ns, Total: 34500 ns
[1236.926s][info ][safepoint      ] Safepoint "Cleanup", Time since last: 1000119289 ns, Reaching safepoint: 34401 ns, At safepoint: 2400 ns, Total: 36801 ns
[1243.092s][info ][gc,start       ] GC(126) Pause Young (Allocation Failure)
[1243.099s][debug][gc,phases      ] GC(126) Scavenge 6.484ms
[1243.099s][debug][gc,ref         ] GC(126) Skipped phase 1 of Reference Processing: no references
[1243.099s][debug][gc,ref         ] GC(126) ReferenceProcessor::execute queues: 1, RefProcThreadModel::Single, marks_oops_alive: false
[1243.099s][debug][gc,ref         ] GC(126) Skipped phase 3 of Reference Processing: no references
[1243.099s][debug][gc,ref         ] GC(126) ReferenceProcessor::execute queues: 1, RefProcThreadModel::Single, marks_oops_alive: false
[1243.099s][debug][gc,phases      ] GC(126) Reference Processing 0.127ms
[1243.099s][debug][gc,phases      ] GC(126)   VM Weak                        Min:  0.0, Avg:  0.0, Max:  0.0, Diff:  0.0, Sum:  0.0, Workers: 4
[1243.099s][debug][gc,phases      ] GC(126)     Dead                           Min: 0, Avg:  0.0, Max: 0, Diff: 0, Sum: 0, Workers: 4
[1243.099s][debug][gc,phases      ] GC(126)     Total                          Min: 0, Avg: 163.0, Max: 512, Diff: 512, Sum: 652, Workers: 4
[1243.099s][debug][gc,phases      ] GC(126)   ObjectSynchronizer Weak        Min:  0.0, Avg:  0.0, Max:  0.0, Diff:  0.0, Sum:  0.0, Workers: 4
[1243.099s][debug][gc,phases      ] GC(126)     Dead                           Min: 0, Avg:  0.0, Max: 0, Diff: 0, Sum: 0, Workers: 4
[1243.099s][debug][gc,phases      ] GC(126)     Total                          Min: 0, Avg: 119.8, Max: 192, Diff: 192, Sum: 479, Workers: 4
[1243.099s][debug][gc,phases      ] GC(126)   JVMTI Tag Weak OopStorage      Min:  0.0, Avg:  0.0, Max:  0.0, Diff:  0.0, Sum:  0.0, Workers: 4
[1243.099s][debug][gc,phases      ] GC(126)     Dead                           Min: 0, Avg:  0.0, Max: 0, Diff: 0, Sum: 0, Workers: 4
[1243.099s][debug][gc,phases      ] GC(126)     Total                          Min: 0, Avg:  0.0, Max: 0, Diff: 0, Sum: 0, Workers: 4
[1243.099s][debug][gc,phases      ] GC(126)   StringTable Weak               Min:  0.1, Avg:  0.1, Max:  0.1, Diff:  0.0, Sum:  0.4, Workers: 4
[1243.099s][debug][gc,phases      ] GC(126)     Dead                           Min: 0, Avg:  0.0, Max: 0, Diff: 0, Sum: 0, Workers: 4
[1243.099s][debug][gc,phases      ] GC(126)     Total                          Min: 9472, Avg: 11982.8, Max: 14528, Diff: 5056, Sum: 47931, Workers: 4
[1243.099s][debug][gc,phases      ] GC(126)   ResolvedMethodTable Weak       Min:  0.0, Avg:  0.0, Max:  0.0, Diff:  0.0, Sum:  0.1, Workers: 4
[1243.099s][debug][gc,phases      ] GC(126)     Dead                           Min: 0, Avg:  0.0, Max: 0, Diff: 0, Sum: 0, Workers: 4
[1243.099s][debug][gc,phases      ] GC(126)     Total                          Min: 1600, Avg: 2032.2, Max: 2369, Diff: 769, Sum: 8129, Workers: 4
[1243.099s][debug][gc,phases      ] GC(126)   JNI Weak                       Min:  0.0, Avg:  0.0, Max:  0.0, Diff:  0.0, Sum:  0.0, Workers: 4
[1243.099s][debug][gc,phases      ] GC(126)     Dead                           Min: 0, Avg:  0.0, Max: 0, Diff: 0, Sum: 0, Workers: 4
[1243.099s][debug][gc,phases      ] GC(126)     Total                          Min: 0, Avg:  0.0, Max: 0, Diff: 0, Sum: 0, Workers: 4
[1243.099s][debug][gc,phases      ] GC(126)   StringDedup Table Weak         Min:  0.0, Avg:  0.0, Max:  0.0, Diff:  0.0, Sum:  0.0, Workers: 4
[1243.099s][debug][gc,phases      ] GC(126)     Dead                           Min: 0, Avg:  0.0, Max: 0, Diff: 0, Sum: 0, Workers: 4
[1243.099s][debug][gc,phases      ] GC(126)     Total                          Min: 0, Avg:  0.0, Max: 0, Diff: 0, Sum: 0, Workers: 4
[1243.099s][debug][gc,phases      ] GC(126)   StringDedup Requests0 Weak     Min:  0.0, Avg:  0.0, Max:  0.0, Diff:  0.0, Sum:  0.0, Workers: 4
[1243.099s][debug][gc,phases      ] GC(126)     Dead                           Min: 0, Avg:  0.0, Max: 0, Diff: 0, Sum: 0, Workers: 4
[1243.099s][debug][gc,phases      ] GC(126)     Total                          Min: 0, Avg:  0.0, Max: 0, Diff: 0, Sum: 0, Workers: 4
[1243.099s][debug][gc,phases      ] GC(126)   StringDedup Requests1 Weak     Min:  0.0, Avg:  0.0, Max:  0.0, Diff:  0.0, Sum:  0.0, Workers: 4
[1243.099s][debug][gc,phases      ] GC(126)     Dead                           Min: 0, Avg:  0.0, Max: 0, Diff: 0, Sum: 0, Workers: 4
[1243.099s][debug][gc,phases      ] GC(126)     Total                          Min: 0, Avg:  0.0, Max: 0, Diff: 0, Sum: 0, Workers: 4
[1243.099s][debug][gc,phases      ] GC(126)   Weak JFR Old Object Samples    Min:  0.0, Avg:  0.0, Max:  0.0, Diff:  0.0, Sum:  0.0, Workers: 4
[1243.099s][debug][gc,phases      ] GC(126)     Dead                           Min: 0, Avg:  0.0, Max: 0, Diff: 0, Sum: 0, Workers: 4
[1243.099s][debug][gc,phases      ] GC(126)     Total                          Min: 0, Avg:  0.0, Max: 0, Diff: 0, Sum: 0, Workers: 4
[1243.099s][debug][gc,phases      ] GC(126) Weak Processing 0.332ms
[1243.099s][debug][gc,age         ] GC(126) Desired survivor size 54001664 bytes, new threshold 15 (max threshold 15)
[1243.099s][info ][gc,heap        ] GC(126) PSYoungGen: 2021637K(2042880K)->30979K(2042880K) Eden: 1988608K(1988608K)->0K(1988608K) From: 33029K(54272K)->30979K(54272K)
[1243.099s][info ][gc,heap        ] GC(126) ParOldGen: 381955K(411648K)->382011K(411648K)
[1243.099s][info ][gc,metaspace   ] GC(126) Metaspace: 80852K(81664K)->80852K(81664K) NonClass: 69473K(69888K)->69473K(69888K) Class: 11378K(11776K)->11378K(11776K)
[1243.099s][info ][gc             ] GC(126) Pause Young (Allocation Failure) 2347M->403M(2397M) 7.053ms
[1243.099s][info ][gc,cpu         ] GC(126) User=0.03s Sys=0.00s Real=0.00s
[1243.099s][info ][safepoint      ] Safepoint "ParallelGCFailedAllocation", Time since last: 6165663706 ns, Reaching safepoint: 91100 ns, At safepoint: 7128634 ns, Total: 7219734 ns
[1245.087s][info ][safepoint      ] Safepoint "Cleanup", Time since last: 1987709517 ns, Reaching safepoint: 57700 ns, At safepoint: 5400 ns, Total: 63100 ns
[1249.087s][info ][safepoint      ] Safepoint "Cleanup", Time since last: 4000282550 ns, Reaching safepoint: 41200 ns, At safepoint: 2400 ns, Total: 43600 ns
[1257.088s][info ][safepoint      ] Safepoint "Cleanup", Time since last: 8000530791 ns, Reaching safepoint: 45901 ns, At safepoint: 8600 ns, Total: 54501 ns
[1260.088s][info ][safepoint      ] Safepoint "Cleanup", Time since last: 3000156856 ns, Reaching safepoint: 43000 ns, At safepoint: 2500 ns, Total: 45500 ns
[1262.088s][info ][safepoint      ] Safepoint "Cleanup", Time since last: 2000158270 ns, Reaching safepoint: 37500 ns, At safepoint: 28801 ns, Total: 66301 ns
[1265.089s][info ][safepoint      ] Safepoint "Cleanup", Time since last: 3000217054 ns, Reaching safepoint: 42500 ns, At safepoint: 10400 ns, Total: 52900 ns
[1274.089s][info ][safepoint      ] Safepoint "Cleanup", Time since last: 9000596553 ns, Reaching safepoint: 41500 ns, At safepoint: 2400 ns, Total: 43900 ns
[1277.832s][info ][gc,start       ] GC(127) Pause Young (Allocation Failure)
[1277.839s][debug][gc,phases      ] GC(127) Scavenge 6.615ms
[1277.839s][debug][gc,ref         ] GC(127) Skipped phase 1 of Reference Processing: no references
[1277.839s][debug][gc,ref         ] GC(127) ReferenceProcessor::execute queues: 1, RefProcThreadModel::Single, marks_oops_alive: false
[1277.839s][debug][gc,ref         ] GC(127) ReferenceProcessor::execute queues: 4, RefProcThreadModel::Multi, marks_oops_alive: true
[1277.839s][debug][gc,ref         ] GC(127) ReferenceProcessor::execute queues: 1, RefProcThreadModel::Single, marks_oops_alive: false
[1277.839s][debug][gc,phases      ] GC(127) Reference Processing 0.191ms
[1277.839s][debug][gc,phases      ] GC(127)   VM Weak                        Min:  0.0, Avg:  0.0, Max:  0.0, Diff:  0.0, Sum:  0.0, Workers: 4
[1277.839s][debug][gc,phases      ] GC(127)     Dead                           Min: 0, Avg:  0.0, Max: 0, Diff: 0, Sum: 0, Workers: 4
[1277.839s][debug][gc,phases      ] GC(127)     Total                          Min: 0, Avg: 163.0, Max: 448, Diff: 448, Sum: 652, Workers: 4
[1277.839s][debug][gc,phases      ] GC(127)   ObjectSynchronizer Weak        Min:  0.0, Avg:  0.0, Max:  0.0, Diff:  0.0, Sum:  0.0, Workers: 4
[1277.839s][debug][gc,phases      ] GC(127)     Dead                           Min: 0, Avg:  0.0, Max: 0, Diff: 0, Sum: 0, Workers: 4
[1277.839s][debug][gc,phases      ] GC(127)     Total                          Min: 0, Avg: 119.8, Max: 192, Diff: 192, Sum: 479, Workers: 4
[1277.839s][debug][gc,phases      ] GC(127)   JVMTI Tag Weak OopStorage      Min:  0.0, Avg:  0.0, Max:  0.0, Diff:  0.0, Sum:  0.0, Workers: 4
[1277.839s][debug][gc,phases      ] GC(127)     Dead                           Min: 0, Avg:  0.0, Max: 0, Diff: 0, Sum: 0, Workers: 4
[1277.839s][debug][gc,phases      ] GC(127)     Total                          Min: 0, Avg:  0.0, Max: 0, Diff: 0, Sum: 0, Workers: 4
[1277.839s][debug][gc,phases      ] GC(127)   StringTable Weak               Min:  0.1, Avg:  0.1, Max:  0.1, Diff:  0.0, Sum:  0.5, Workers: 4
[1277.839s][debug][gc,phases      ] GC(127)     Dead                           Min: 0, Avg:  0.0, Max: 0, Diff: 0, Sum: 0, Workers: 4
[1277.839s][debug][gc,phases      ] GC(127)     Total                          Min: 9664, Avg: 11983.5, Max: 14464, Diff: 4800, Sum: 47934, Workers: 4
[1277.839s][debug][gc,phases      ] GC(127)   ResolvedMethodTable Weak       Min:  0.0, Avg:  0.0, Max:  0.0, Diff:  0.0, Sum:  0.1, Workers: 4
[1277.839s][debug][gc,phases      ] GC(127)     Dead                           Min: 0, Avg:  0.0, Max: 0, Diff: 0, Sum: 0, Workers: 4
[1277.839s][debug][gc,phases      ] GC(127)     Total                          Min: 1920, Avg: 2032.2, Max: 2304, Diff: 384, Sum: 8129, Workers: 4
[1277.839s][debug][gc,phases      ] GC(127)   JNI Weak                       Min:  0.0, Avg:  0.0, Max:  0.0, Diff:  0.0, Sum:  0.0, Workers: 4
[1277.839s][debug][gc,phases      ] GC(127)     Dead                           Min: 0, Avg:  0.0, Max: 0, Diff: 0, Sum: 0, Workers: 4
[1277.839s][debug][gc,phases      ] GC(127)     Total                          Min: 0, Avg:  0.0, Max: 0, Diff: 0, Sum: 0, Workers: 4
[1277.839s][debug][gc,phases      ] GC(127)   StringDedup Table Weak         Min:  0.0, Avg:  0.0, Max:  0.0, Diff:  0.0, Sum:  0.0, Workers: 4
[1277.839s][debug][gc,phases      ] GC(127)     Dead                           Min: 0, Avg:  0.0, Max: 0, Diff: 0, Sum: 0, Workers: 4
[1277.839s][debug][gc,phases      ] GC(127)     Total                          Min: 0, Avg:  0.0, Max: 0, Diff: 0, Sum: 0, Workers: 4
[1277.839s][debug][gc,phases      ] GC(127)   StringDedup Requests0 Weak     Min:  0.0, Avg:  0.0, Max:  0.0, Diff:  0.0, Sum:  0.0, Workers: 4
[1277.839s][debug][gc,phases      ] GC(127)     Dead                           Min: 0, Avg:  0.0, Max: 0, Diff: 0, Sum: 0, Workers: 4
[1277.839s][debug][gc,phases      ] GC(127)     Total                          Min: 0, Avg:  0.0, Max: 0, Diff: 0, Sum: 0, Workers: 4
[1277.839s][debug][gc,phases      ] GC(127)   StringDedup Requests1 Weak     Min:  0.0, Avg:  0.0, Max:  0.0, Diff:  0.0, Sum:  0.0, Workers: 4
[1277.839s][debug][gc,phases      ] GC(127)     Dead                           Min: 0, Avg:  0.0, Max: 0, Diff: 0, Sum: 0, Workers: 4
[1277.839s][debug][gc,phases      ] GC(127)     Total                          Min: 0, Avg:  0.0, Max: 0, Diff: 0, Sum: 0, Workers: 4
[1277.839s][debug][gc,phases      ] GC(127)   Weak JFR Old Object Samples    Min:  0.0, Avg:  0.0, Max:  0.0, Diff:  0.0, Sum:  0.0, Workers: 4
[1277.839s][debug][gc,phases      ] GC(127)     Dead                           Min: 0, Avg:  0.0, Max: 0, Diff: 0, Sum: 0, Workers: 4
[1277.839s][debug][gc,phases      ] GC(127)     Total                          Min: 0, Avg:  0.0, Max: 0, Diff: 0, Sum: 0, Workers: 4
[1277.839s][debug][gc,phases      ] GC(127) Weak Processing 0.311ms
[1277.839s][debug][gc,age         ] GC(127) Desired survivor size 52953088 bytes, new threshold 15 (max threshold 15)
[1277.839s][info ][gc,heap        ] GC(127) PSYoungGen: 2019587K(2042880K)->30562K(2045440K) Eden: 1988608K(1988608K)->0K(1992704K) From: 30979K(54272K)->30562K(52736K)
[1277.839s][info ][gc,heap        ] GC(127) ParOldGen: 382011K(411648K)->382516K(411648K)
[1277.840s][info ][gc,metaspace   ] GC(127) Metaspace: 80871K(81664K)->80871K(81664K) NonClass: 69493K(69888K)->69493K(69888K) Class: 11378K(11776K)->11378K(11776K)
[1277.840s][info ][gc             ] GC(127) Pause Young (Allocation Failure) 2345M->403M(2399M) 7.254ms
[1277.840s][info ][gc,cpu         ] GC(127) User=0.02s Sys=0.00s Real=0.00s
[1277.840s][info ][safepoint      ] Safepoint "ParallelGCFailedAllocation", Time since last: 3743012827 ns, Reaching safepoint: 34900 ns, At safepoint: 7353034 ns, Total: 7387934 ns
[1293.494s][info ][safepoint      ] Safepoint "Cleanup", Time since last: 15654146475 ns, Reaching safepoint: 110000 ns, At safepoint: 11500 ns, Total: 121500 ns
[1294.494s][info ][safepoint      ] Safepoint "Cleanup", Time since last: 1000098380 ns, Reaching safepoint: 53501 ns, At safepoint: 8900 ns, Total: 62401 ns
[1295.494s][info ][safepoint      ] Safepoint "Cleanup", Time since last: 1000093380 ns, Reaching safepoint: 41200 ns, At safepoint: 2400 ns, Total: 43600 ns
[1297.494s][info ][safepoint      ] Safepoint "Cleanup", Time since last: 2000155659 ns, Reaching safepoint: 43900 ns, At safepoint: 2400 ns, Total: 46300 ns
[1307.495s][info ][safepoint      ] Safepoint "Cleanup", Time since last: 10000623486 ns, Reaching safepoint: 41700 ns, At safepoint: 2400 ns, Total: 44100 ns
[1311.495s][info ][safepoint      ] Safepoint "Cleanup", Time since last: 4000289710 ns, Reaching safepoint: 45401 ns, At safepoint: 7000 ns, Total: 52401 ns
[1312.401s][info ][gc,start       ] GC(128) Pause Young (Allocation Failure)
[1312.406s][debug][gc,phases      ] GC(128) Scavenge 5.036ms
[1312.406s][debug][gc,ref         ] GC(128) Skipped phase 1 of Reference Processing: no references
[1312.406s][debug][gc,ref         ] GC(128) ReferenceProcessor::execute queues: 1, RefProcThreadModel::Single, marks_oops_alive: false
[1312.406s][debug][gc,ref         ] GC(128) Skipped phase 3 of Reference Processing: no references
[1312.406s][debug][gc,ref         ] GC(128) ReferenceProcessor::execute queues: 1, RefProcThreadModel::Single, marks_oops_alive: false
[1312.406s][debug][gc,phases      ] GC(128) Reference Processing 0.099ms
[1312.406s][debug][gc,phases      ] GC(128)   VM Weak                        Min:  0.0, Avg:  0.0, Max:  0.0, Diff:  0.0, Sum:  0.0, Workers: 4
[1312.406s][debug][gc,phases      ] GC(128)     Dead                           Min: 0, Avg:  0.0, Max: 0, Diff: 0, Sum: 0, Workers: 4
[1312.406s][debug][gc,phases      ] GC(128)     Total                          Min: 0, Avg: 163.0, Max: 652, Diff: 652, Sum: 652, Workers: 4
[1312.406s][debug][gc,phases      ] GC(128)   ObjectSynchronizer Weak        Min:  0.0, Avg:  0.0, Max:  0.0, Diff:  0.0, Sum:  0.0, Workers: 4
[1312.406s][debug][gc,phases      ] GC(128)     Dead                           Min: 0, Avg:  0.0, Max: 0, Diff: 0, Sum: 0, Workers: 4
[1312.406s][debug][gc,phases      ] GC(128)     Total                          Min: 0, Avg: 119.8, Max: 479, Diff: 479, Sum: 479, Workers: 4
[1312.406s][debug][gc,phases      ] GC(128)   JVMTI Tag Weak OopStorage      Min:  0.0, Avg:  0.0, Max:  0.0, Diff:  0.0, Sum:  0.0, Workers: 4
[1312.406s][debug][gc,phases      ] GC(128)     Dead                           Min: 0, Avg:  0.0, Max: 0, Diff: 0, Sum: 0, Workers: 4
[1312.406s][debug][gc,phases      ] GC(128)     Total                          Min: 0, Avg:  0.0, Max: 0, Diff: 0, Sum: 0, Workers: 4
[1312.406s][debug][gc,phases      ] GC(128)   StringTable Weak               Min:  0.0, Avg:  0.1, Max:  0.1, Diff:  0.0, Sum:  0.3, Workers: 4
[1312.406s][debug][gc,phases      ] GC(128)     Dead                           Min: 0, Avg:  0.0, Max: 0, Diff: 0, Sum: 0, Workers: 4
[1312.406s][debug][gc,phases      ] GC(128)     Total                          Min: 3584, Avg: 11983.8, Max: 14976, Diff: 11392, Sum: 47935, Workers: 4
[1312.406s][debug][gc,phases      ] GC(128)   ResolvedMethodTable Weak       Min:  0.0, Avg:  0.0, Max:  0.0, Diff:  0.0, Sum:  0.1, Workers: 4
[1312.406s][debug][gc,phases      ] GC(128)     Dead                           Min: 0, Avg:  0.0, Max: 0, Diff: 0, Sum: 0, Workers: 4
[1312.406s][debug][gc,phases      ] GC(128)     Total                          Min: 1408, Avg: 2032.2, Max: 2432, Diff: 1024, Sum: 8129, Workers: 4
[1312.406s][debug][gc,phases      ] GC(128)   JNI Weak                       Min:  0.0, Avg:  0.0, Max:  0.0, Diff:  0.0, Sum:  0.0, Workers: 4
[1312.406s][debug][gc,phases      ] GC(128)     Dead                           Min: 0, Avg:  0.0, Max: 0, Diff: 0, Sum: 0, Workers: 4
[1312.406s][debug][gc,phases      ] GC(128)     Total                          Min: 0, Avg:  0.0, Max: 0, Diff: 0, Sum: 0, Workers: 4
[1312.406s][debug][gc,phases      ] GC(128)   StringDedup Table Weak         Min:  0.0, Avg:  0.0, Max:  0.0, Diff:  0.0, Sum:  0.0, Workers: 4
[1312.406s][debug][gc,phases      ] GC(128)     Dead                           Min: 0, Avg:  0.0, Max: 0, Diff: 0, Sum: 0, Workers: 4
[1312.406s][debug][gc,phases      ] GC(128)     Total                          Min: 0, Avg:  0.0, Max: 0, Diff: 0, Sum: 0, Workers: 4
[1312.406s][debug][gc,phases      ] GC(128)   StringDedup Requests0 Weak     Min:  0.0, Avg:  0.0, Max:  0.0, Diff:  0.0, Sum:  0.0, Workers: 4
[1312.406s][debug][gc,phases      ] GC(128)     Dead                           Min: 0, Avg:  0.0, Max: 0, Diff: 0, Sum: 0, Workers: 4
[1312.406s][debug][gc,phases      ] GC(128)     Total                          Min: 0, Avg:  0.0, Max: 0, Diff: 0, Sum: 0, Workers: 4
[1312.406s][debug][gc,phases      ] GC(128)   StringDedup Requests1 Weak     Min:  0.0, Avg:  0.0, Max:  0.0, Diff:  0.0, Sum:  0.0, Workers: 4
[1312.406s][debug][gc,phases      ] GC(128)     Dead                           Min: 0, Avg:  0.0, Max: 0, Diff: 0, Sum: 0, Workers: 4
[1312.406s][debug][gc,phases      ] GC(128)     Total                          Min: 0, Avg:  0.0, Max: 0, Diff: 0, Sum: 0, Workers: 4
[1312.406s][debug][gc,phases      ] GC(128)   Weak JFR Old Object Samples    Min:  0.0, Avg:  0.0, Max:  0.0, Diff:  0.0, Sum:  0.0, Workers: 4
[1312.406s][debug][gc,phases      ] GC(128)     Dead                           Min: 0, Avg:  0.0, Max: 0, Diff: 0, Sum: 0, Workers: 4
[1312.406s][debug][gc,phases      ] GC(128)     Total                          Min: 0, Avg:  0.0, Max: 0, Diff: 0, Sum: 0, Workers: 4
[1312.406s][debug][gc,phases      ] GC(128) Weak Processing 0.262ms
[1312.406s][debug][gc,age         ] GC(128) Desired survivor size 51380224 bytes, new threshold 15 (max threshold 15)
[1312.406s][info ][gc,heap        ] GC(128) PSYoungGen: 2023266K(2045440K)->30466K(2044416K) Eden: 1992704K(1992704K)->0K(1992704K) From: 30562K(52736K)->30466K(51712K)
[1312.406s][info ][gc,heap        ] GC(128) ParOldGen: 382516K(411648K)->382580K(411648K)
[1312.406s][info ][gc,metaspace   ] GC(128) Metaspace: 80877K(81664K)->80877K(81664K) NonClass: 69498K(69888K)->69498K(69888K) Class: 11378K(11776K)->11378K(11776K)
[1312.406s][info ][gc             ] GC(128) Pause Young (Allocation Failure) 2349M->403M(2398M) 5.539ms
[1312.406s][info ][gc,cpu         ] GC(128) User=0.02s Sys=0.00s Real=0.01s
[1312.406s][info ][safepoint      ] Safepoint "ParallelGCFailedAllocation", Time since last: 905379734 ns, Reaching safepoint: 25500 ns, At safepoint: 5612626 ns, Total: 5638126 ns
[1313.406s][info ][safepoint      ] Safepoint "Cleanup", Time since last: 1000084777 ns, Reaching safepoint: 45601 ns, At safepoint: 5200 ns, Total: 50801 ns
[1314.407s][info ][safepoint      ] Safepoint "Cleanup", Time since last: 1000091977 ns, Reaching safepoint: 46900 ns, At safepoint: 6700 ns, Total: 53600 ns
[1317.407s][info ][safepoint      ] Safepoint "Cleanup", Time since last: 3000218430 ns, Reaching safepoint: 50300 ns, At safepoint: 2900 ns, Total: 53200 ns
[1331.408s][info ][safepoint      ] Safepoint "Cleanup", Time since last: 14000921855 ns, Reaching safepoint: 42700 ns, At safepoint: 6700 ns, Total: 49400 ns
[1348.436s][info ][gc,start       ] GC(129) Pause Young (Allocation Failure)
[1348.441s][debug][gc,phases      ] GC(129) Scavenge 5.320ms
[1348.441s][debug][gc,ref         ] GC(129) Skipped phase 1 of Reference Processing: no references
[1348.442s][debug][gc,ref         ] GC(129) ReferenceProcessor::execute queues: 1, RefProcThreadModel::Single, marks_oops_alive: false
[1348.442s][debug][gc,ref         ] GC(129) Skipped phase 3 of Reference Processing: no references
[1348.442s][debug][gc,ref         ] GC(129) ReferenceProcessor::execute queues: 1, RefProcThreadModel::Single, marks_oops_alive: false
[1348.442s][debug][gc,phases      ] GC(129) Reference Processing 0.097ms
[1348.442s][debug][gc,phases      ] GC(129)   VM Weak                        Min:  0.0, Avg:  0.0, Max:  0.0, Diff:  0.0, Sum:  0.0, Workers: 4
[1348.442s][debug][gc,phases      ] GC(129)     Dead                           Min: 0, Avg:  0.0, Max: 0, Diff: 0, Sum: 0, Workers: 4
[1348.442s][debug][gc,phases      ] GC(129)     Total                          Min: 0, Avg: 163.0, Max: 652, Diff: 652, Sum: 652, Workers: 4
[1348.442s][debug][gc,phases      ] GC(129)   ObjectSynchronizer Weak        Min:  0.0, Avg:  0.0, Max:  0.0, Diff:  0.0, Sum:  0.0, Workers: 4
[1348.442s][debug][gc,phases      ] GC(129)     Dead                           Min: 0, Avg:  0.0, Max: 0, Diff: 0, Sum: 0, Workers: 4
[1348.442s][debug][gc,phases      ] GC(129)     Total                          Min: 0, Avg: 119.8, Max: 223, Diff: 223, Sum: 479, Workers: 4
[1348.442s][debug][gc,phases      ] GC(129)   JVMTI Tag Weak OopStorage      Min:  0.0, Avg:  0.0, Max:  0.0, Diff:  0.0, Sum:  0.0, Workers: 4
[1348.442s][debug][gc,phases      ] GC(129)     Dead                           Min: 0, Avg:  0.0, Max: 0, Diff: 0, Sum: 0, Workers: 4
[1348.442s][debug][gc,phases      ] GC(129)     Total                          Min: 0, Avg:  0.0, Max: 0, Diff: 0, Sum: 0, Workers: 4
[1348.442s][debug][gc,phases      ] GC(129)   StringTable Weak               Min:  0.1, Avg:  0.1, Max:  0.1, Diff:  0.0, Sum:  0.3, Workers: 4
[1348.442s][debug][gc,phases      ] GC(129)     Dead                           Min: 0, Avg:  0.0, Max: 0, Diff: 0, Sum: 0, Workers: 4
[1348.442s][debug][gc,phases      ] GC(129)     Total                          Min: 10880, Avg: 11987.0, Max: 12492, Diff: 1612, Sum: 47948, Workers: 4
[1348.442s][debug][gc,phases      ] GC(129)   ResolvedMethodTable Weak       Min:  0.0, Avg:  0.0, Max:  0.0, Diff:  0.0, Sum:  0.1, Workers: 4
[1348.442s][debug][gc,phases      ] GC(129)     Dead                           Min: 0, Avg:  0.0, Max: 0, Diff: 0, Sum: 0, Workers: 4
[1348.442s][debug][gc,phases      ] GC(129)     Total                          Min: 1985, Avg: 2032.2, Max: 2048, Diff: 63, Sum: 8129, Workers: 4
[1348.442s][debug][gc,phases      ] GC(129)   JNI Weak                       Min:  0.0, Avg:  0.0, Max:  0.0, Diff:  0.0, Sum:  0.0, Workers: 4
[1348.442s][debug][gc,phases      ] GC(129)     Dead                           Min: 0, Avg:  0.0, Max: 0, Diff: 0, Sum: 0, Workers: 4
[1348.442s][debug][gc,phases      ] GC(129)     Total                          Min: 0, Avg:  0.0, Max: 0, Diff: 0, Sum: 0, Workers: 4
[1348.442s][debug][gc,phases      ] GC(129)   StringDedup Table Weak         Min:  0.0, Avg:  0.0, Max:  0.0, Diff:  0.0, Sum:  0.0, Workers: 4
[1348.442s][debug][gc,phases      ] GC(129)     Dead                           Min: 0, Avg:  0.0, Max: 0, Diff: 0, Sum: 0, Workers: 4
[1348.442s][debug][gc,phases      ] GC(129)     Total                          Min: 0, Avg:  0.0, Max: 0, Diff: 0, Sum: 0, Workers: 4
[1348.442s][debug][gc,phases      ] GC(129)   StringDedup Requests0 Weak     Min:  0.0, Avg:  0.0, Max:  0.0, Diff:  0.0, Sum:  0.0, Workers: 4
[1348.442s][debug][gc,phases      ] GC(129)     Dead                           Min: 0, Avg:  0.0, Max: 0, Diff: 0, Sum: 0, Workers: 4
[1348.442s][debug][gc,phases      ] GC(129)     Total                          Min: 0, Avg:  0.0, Max: 0, Diff: 0, Sum: 0, Workers: 4
[1348.442s][debug][gc,phases      ] GC(129)   StringDedup Requests1 Weak     Min:  0.0, Avg:  0.0, Max:  0.0, Diff:  0.0, Sum:  0.0, Workers: 4
[1348.442s][debug][gc,phases      ] GC(129)     Dead                           Min: 0, Avg:  0.0, Max: 0, Diff: 0, Sum: 0, Workers: 4
[1348.442s][debug][gc,phases      ] GC(129)     Total                          Min: 0, Avg:  0.0, Max: 0, Diff: 0, Sum: 0, Workers: 4
[1348.442s][debug][gc,phases      ] GC(129)   Weak JFR Old Object Samples    Min:  0.0, Avg:  0.0, Max:  0.0, Diff:  0.0, Sum:  0.0, Workers: 4
[1348.442s][debug][gc,phases      ] GC(129)     Dead                           Min: 0, Avg:  0.0, Max: 0, Diff: 0, Sum: 0, Workers: 4
[1348.442s][debug][gc,phases      ] GC(129)     Total                          Min: 0, Avg:  0.0, Max: 0, Diff: 0, Sum: 0, Workers: 4
[1348.442s][debug][gc,phases      ] GC(129) Weak Processing 0.249ms
[1348.442s][debug][gc,age         ] GC(129) Desired survivor size 51904512 bytes, new threshold 15 (max threshold 15)
[1348.442s][info ][gc,heap        ] GC(129) PSYoungGen: 2023170K(2044416K)->13216K(2045952K) Eden: 1992704K(1992704K)->0K(1995776K) From: 30466K(51712K)->13216K(50176K)
[1348.442s][info ][gc,heap        ] GC(129) ParOldGen: 382580K(411648K)->399809K(411648K)
[1348.442s][info ][gc,metaspace   ] GC(129) Metaspace: 80877K(81664K)->80877K(81664K) NonClass: 69498K(69888K)->69498K(69888K) Class: 11378K(11776K)->11378K(11776K)
[1348.442s][info ][gc             ] GC(129) Pause Young (Allocation Failure) 2349M->403M(2400M) 5.786ms
[1348.442s][info ][gc,cpu         ] GC(129) User=0.01s Sys=0.01s Real=0.01s
[1348.442s][info ][safepoint      ] Safepoint "ParallelGCFailedAllocation", Time since last: 17028090270 ns, Reaching safepoint: 38300 ns, At safepoint: 5862328 ns, Total: 5900628 ns
[1349.442s][info ][safepoint      ] Safepoint "Cleanup", Time since last: 1000077372 ns, Reaching safepoint: 105700 ns, At safepoint: 7100 ns, Total: 112800 ns
[1358.443s][info ][safepoint      ] Safepoint "Cleanup", Time since last: 9000556241 ns, Reaching safepoint: 103601 ns, At safepoint: 5700 ns, Total: 109301 ns
[1359.443s][info ][safepoint      ] Safepoint "Cleanup", Time since last: 1000060670 ns, Reaching safepoint: 110801 ns, At safepoint: 11900 ns, Total: 122701 ns
[1361.443s][info ][safepoint      ] Safepoint "Cleanup", Time since last: 2000166541 ns, Reaching safepoint: 110000 ns, At safepoint: 5500 ns, Total: 115500 ns
[1363.443s][info ][safepoint      ] Safepoint "Cleanup", Time since last: 2000162841 ns, Reaching safepoint: 95100 ns, At safepoint: 7100 ns, Total: 102200 ns
[1366.444s][info ][safepoint      ] Safepoint "Cleanup", Time since last: 3000186709 ns, Reaching safepoint: 41900 ns, At safepoint: 2400 ns, Total: 44300 ns
[1368.444s][info ][safepoint      ] Safepoint "Cleanup", Time since last: 2000166139 ns, Reaching safepoint: 38701 ns, At safepoint: 2800 ns, Total: 41501 ns
[1369.444s][info ][safepoint      ] Safepoint "Cleanup", Time since last: 1000097369 ns, Reaching safepoint: 114801 ns, At safepoint: 8600 ns, Total: 123401 ns
[1383.970s][info ][gc,start       ] GC(130) Pause Young (Allocation Failure)
[1383.975s][debug][gc,phases      ] GC(130) Scavenge 5.465ms
[1383.975s][debug][gc,ref         ] GC(130) Skipped phase 1 of Reference Processing: no references
[1383.975s][debug][gc,ref         ] GC(130) ReferenceProcessor::execute queues: 1, RefProcThreadModel::Single, marks_oops_alive: false
[1383.975s][debug][gc,ref         ] GC(130) Skipped phase 3 of Reference Processing: no references
[1383.975s][debug][gc,ref         ] GC(130) ReferenceProcessor::execute queues: 1, RefProcThreadModel::Single, marks_oops_alive: false
[1383.975s][debug][gc,phases      ] GC(130) Reference Processing 0.102ms
[1383.976s][debug][gc,phases      ] GC(130)   VM Weak                        Min:  0.0, Avg:  0.0, Max:  0.0, Diff:  0.0, Sum:  0.0, Workers: 4
[1383.976s][debug][gc,phases      ] GC(130)     Dead                           Min: 0, Avg:  0.0, Max: 0, Diff: 0, Sum: 0, Workers: 4
[1383.976s][debug][gc,phases      ] GC(130)     Total                          Min: 0, Avg: 163.0, Max: 652, Diff: 652, Sum: 652, Workers: 4
[1383.976s][debug][gc,phases      ] GC(130)   ObjectSynchronizer Weak        Min:  0.0, Avg:  0.0, Max:  0.0, Diff:  0.0, Sum:  0.0, Workers: 4
[1383.976s][debug][gc,phases      ] GC(130)     Dead                           Min: 0, Avg:  0.0, Max: 0, Diff: 0, Sum: 0, Workers: 4
[1383.976s][debug][gc,phases      ] GC(130)     Total                          Min: 0, Avg: 119.8, Max: 287, Diff: 287, Sum: 479, Workers: 4
[1383.976s][debug][gc,phases      ] GC(130)   JVMTI Tag Weak OopStorage      Min:  0.0, Avg:  0.0, Max:  0.0, Diff:  0.0, Sum:  0.0, Workers: 4
[1383.976s][debug][gc,phases      ] GC(130)     Dead                           Min: 0, Avg:  0.0, Max: 0, Diff: 0, Sum: 0, Workers: 4
[1383.976s][debug][gc,phases      ] GC(130)     Total                          Min: 0, Avg:  0.0, Max: 0, Diff: 0, Sum: 0, Workers: 4
[1383.976s][debug][gc,phases      ] GC(130)   StringTable Weak               Min:  0.1, Avg:  0.1, Max:  0.1, Diff:  0.0, Sum:  0.4, Workers: 4
[1383.976s][debug][gc,phases      ] GC(130)     Dead                           Min: 0, Avg:  0.0, Max: 0, Diff: 0, Sum: 0, Workers: 4
[1383.976s][debug][gc,phases      ] GC(130)     Total                          Min: 10304, Avg: 11987.0, Max: 16396, Diff: 6092, Sum: 47948, Workers: 4
[1383.976s][debug][gc,phases      ] GC(130)   ResolvedMethodTable Weak       Min:  0.0, Avg:  0.0, Max:  0.0, Diff:  0.0, Sum:  0.1, Workers: 4
[1383.976s][debug][gc,phases      ] GC(130)     Dead                           Min: 0, Avg:  0.0, Max: 0, Diff: 0, Sum: 0, Workers: 4
[1383.976s][debug][gc,phases      ] GC(130)     Total                          Min: 1728, Avg: 2032.2, Max: 2561, Diff: 833, Sum: 8129, Workers: 4
[1383.976s][debug][gc,phases      ] GC(130)   JNI Weak                       Min:  0.0, Avg:  0.0, Max:  0.0, Diff:  0.0, Sum:  0.0, Workers: 4
[1383.976s][debug][gc,phases      ] GC(130)     Dead                           Min: 0, Avg:  0.0, Max: 0, Diff: 0, Sum: 0, Workers: 4
[1383.976s][debug][gc,phases      ] GC(130)     Total                          Min: 0, Avg:  0.0, Max: 0, Diff: 0, Sum: 0, Workers: 4
[1383.976s][debug][gc,phases      ] GC(130)   StringDedup Table Weak         Min:  0.0, Avg:  0.0, Max:  0.0, Diff:  0.0, Sum:  0.0, Workers: 4
[1383.976s][debug][gc,phases      ] GC(130)     Dead                           Min: 0, Avg:  0.0, Max: 0, Diff: 0, Sum: 0, Workers: 4
[1383.976s][debug][gc,phases      ] GC(130)     Total                          Min: 0, Avg:  0.0, Max: 0, Diff: 0, Sum: 0, Workers: 4
[1383.976s][debug][gc,phases      ] GC(130)   StringDedup Requests0 Weak     Min:  0.0, Avg:  0.0, Max:  0.0, Diff:  0.0, Sum:  0.0, Workers: 4
[1383.976s][debug][gc,phases      ] GC(130)     Dead                           Min: 0, Avg:  0.0, Max: 0, Diff: 0, Sum: 0, Workers: 4
[1383.976s][debug][gc,phases      ] GC(130)     Total                          Min: 0, Avg:  0.0, Max: 0, Diff: 0, Sum: 0, Workers: 4
[1383.976s][debug][gc,phases      ] GC(130)   StringDedup Requests1 Weak     Min:  0.0, Avg:  0.0, Max:  0.0, Diff:  0.0, Sum:  0.0, Workers: 4
[1383.976s][debug][gc,phases      ] GC(130)     Dead                           Min: 0, Avg:  0.0, Max: 0, Diff: 0, Sum: 0, Workers: 4
[1383.976s][debug][gc,phases      ] GC(130)     Total                          Min: 0, Avg:  0.0, Max: 0, Diff: 0, Sum: 0, Workers: 4
[1383.976s][debug][gc,phases      ] GC(130)   Weak JFR Old Object Samples    Min:  0.0, Avg:  0.0, Max:  0.0, Diff:  0.0, Sum:  0.0, Workers: 4
[1383.976s][debug][gc,phases      ] GC(130)     Dead                           Min: 0, Avg:  0.0, Max: 0, Diff: 0, Sum: 0, Workers: 4
[1383.976s][debug][gc,phases      ] GC(130)     Total                          Min: 0, Avg:  0.0, Max: 0, Diff: 0, Sum: 0, Workers: 4
[1383.976s][debug][gc,phases      ] GC(130) Weak Processing 0.277ms
[1383.976s][debug][gc,age         ] GC(130) Desired survivor size 51904512 bytes, new threshold 15 (max threshold 15)
[1383.976s][info ][gc,heap        ] GC(130) PSYoungGen: 2008992K(2045952K)->13168K(2046464K) Eden: 1995776K(1995776K)->0K(1995776K) From: 13216K(50176K)->13168K(50688K)
[1383.976s][info ][gc,heap        ] GC(130) ParOldGen: 399809K(411648K)->399853K(411648K)
[1383.976s][info ][gc,metaspace   ] GC(130) Metaspace: 80881K(81728K)->80881K(81728K) NonClass: 69502K(69952K)->69502K(69952K) Class: 11378K(11776K)->11378K(11776K)
[1383.976s][info ][gc             ] GC(130) Pause Young (Allocation Failure) 2352M->403M(2400M) 5.949ms
[1383.976s][info ][gc,cpu         ] GC(130) User=0.03s Sys=0.00s Real=0.00s
[1383.976s][info ][safepoint      ] Safepoint "ParallelGCFailedAllocation", Time since last: 14525542703 ns, Reaching safepoint: 41001 ns, At safepoint: 6046328 ns, Total: 6087329 ns
[1405.977s][info ][safepoint      ] Safepoint "Cleanup", Time since last: 22001374649 ns, Reaching safepoint: 42200 ns, At safepoint: 2300 ns, Total: 44500 ns
[1406.977s][info ][safepoint      ] Safepoint "Cleanup", Time since last: 1000104364 ns, Reaching safepoint: 43801 ns, At safepoint: 5400 ns, Total: 49201 ns
[1408.978s][info ][safepoint      ] Safepoint "Cleanup", Time since last: 2000169628 ns, Reaching safepoint: 43301 ns, At safepoint: 2700 ns, Total: 46001 ns
[1409.978s][info ][safepoint      ] Safepoint "Cleanup", Time since last: 1000102964 ns, Reaching safepoint: 43500 ns, At safepoint: 3000 ns, Total: 46500 ns
[1419.643s][info ][gc,start       ] GC(131) Pause Young (Allocation Failure)
[1419.649s][debug][gc,phases      ] GC(131) Scavenge 5.886ms
[1419.649s][debug][gc,ref         ] GC(131) Skipped phase 1 of Reference Processing: no references
[1419.649s][debug][gc,ref         ] GC(131) ReferenceProcessor::execute queues: 1, RefProcThreadModel::Single, marks_oops_alive: false
[1419.649s][debug][gc,ref         ] GC(131) Skipped phase 3 of Reference Processing: no references
[1419.649s][debug][gc,ref         ] GC(131) ReferenceProcessor::execute queues: 1, RefProcThreadModel::Single, marks_oops_alive: false
[1419.649s][debug][gc,phases      ] GC(131) Reference Processing 0.093ms
[1419.649s][debug][gc,phases      ] GC(131)   VM Weak                        Min:  0.0, Avg:  0.0, Max:  0.0, Diff:  0.0, Sum:  0.0, Workers: 4
[1419.649s][debug][gc,phases      ] GC(131)     Dead                           Min: 0, Avg:  0.0, Max: 0, Diff: 0, Sum: 0, Workers: 4
[1419.649s][debug][gc,phases      ] GC(131)     Total                          Min: 0, Avg: 163.0, Max: 448, Diff: 448, Sum: 652, Workers: 4
[1419.649s][debug][gc,phases      ] GC(131)   ObjectSynchronizer Weak        Min:  0.0, Avg:  0.0, Max:  0.0, Diff:  0.0, Sum:  0.0, Workers: 4
[1419.649s][debug][gc,phases      ] GC(131)     Dead                           Min: 0, Avg:  0.0, Max: 0, Diff: 0, Sum: 0, Workers: 4
[1419.649s][debug][gc,phases      ] GC(131)     Total                          Min: 0, Avg: 119.8, Max: 192, Diff: 192, Sum: 479, Workers: 4
[1419.649s][debug][gc,phases      ] GC(131)   JVMTI Tag Weak OopStorage      Min:  0.0, Avg:  0.0, Max:  0.0, Diff:  0.0, Sum:  0.0, Workers: 4
[1419.649s][debug][gc,phases      ] GC(131)     Dead                           Min: 0, Avg:  0.0, Max: 0, Diff: 0, Sum: 0, Workers: 4
[1419.649s][debug][gc,phases      ] GC(131)     Total                          Min: 0, Avg:  0.0, Max: 0, Diff: 0, Sum: 0, Workers: 4
[1419.649s][debug][gc,phases      ] GC(131)   StringTable Weak               Min:  0.1, Avg:  0.1, Max:  0.1, Diff:  0.0, Sum:  0.4, Workers: 4
[1419.649s][debug][gc,phases      ] GC(131)     Dead                           Min: 0, Avg:  0.0, Max: 0, Diff: 0, Sum: 0, Workers: 4
[1419.649s][debug][gc,phases      ] GC(131)     Total                          Min: 10252, Avg: 11987.0, Max: 13824, Diff: 3572, Sum: 47948, Workers: 4
[1419.649s][debug][gc,phases      ] GC(131)   ResolvedMethodTable Weak       Min:  0.0, Avg:  0.0, Max:  0.0, Diff:  0.0, Sum:  0.1, Workers: 4
[1419.649s][debug][gc,phases      ] GC(131)     Dead                           Min: 0, Avg:  0.0, Max: 0, Diff: 0, Sum: 0, Workers: 4
[1419.649s][debug][gc,phases      ] GC(131)     Total                          Min: 1729, Avg: 2032.2, Max: 2624, Diff: 895, Sum: 8129, Workers: 4
[1419.649s][debug][gc,phases      ] GC(131)   JNI Weak                       Min:  0.0, Avg:  0.0, Max:  0.0, Diff:  0.0, Sum:  0.0, Workers: 4
[1419.649s][debug][gc,phases      ] GC(131)     Dead                           Min: 0, Avg:  0.0, Max: 0, Diff: 0, Sum: 0, Workers: 4
[1419.649s][debug][gc,phases      ] GC(131)     Total                          Min: 0, Avg:  0.0, Max: 0, Diff: 0, Sum: 0, Workers: 4
[1419.649s][debug][gc,phases      ] GC(131)   StringDedup Table Weak         Min:  0.0, Avg:  0.0, Max:  0.0, Diff:  0.0, Sum:  0.0, Workers: 4
[1419.649s][debug][gc,phases      ] GC(131)     Dead                           Min: 0, Avg:  0.0, Max: 0, Diff: 0, Sum: 0, Workers: 4
[1419.649s][debug][gc,phases      ] GC(131)     Total                          Min: 0, Avg:  0.0, Max: 0, Diff: 0, Sum: 0, Workers: 4
[1419.649s][debug][gc,phases      ] GC(131)   StringDedup Requests0 Weak     Min:  0.0, Avg:  0.0, Max:  0.0, Diff:  0.0, Sum:  0.0, Workers: 4
[1419.649s][debug][gc,phases      ] GC(131)     Dead                           Min: 0, Avg:  0.0, Max: 0, Diff: 0, Sum: 0, Workers: 4
[1419.649s][debug][gc,phases      ] GC(131)     Total                          Min: 0, Avg:  0.0, Max: 0, Diff: 0, Sum: 0, Workers: 4
[1419.649s][debug][gc,phases      ] GC(131)   StringDedup Requests1 Weak     Min:  0.0, Avg:  0.0, Max:  0.0, Diff:  0.0, Sum:  0.0, Workers: 4
[1419.649s][debug][gc,phases      ] GC(131)     Dead                           Min: 0, Avg:  0.0, Max: 0, Diff: 0, Sum: 0, Workers: 4
[1419.649s][debug][gc,phases      ] GC(131)     Total                          Min: 0, Avg:  0.0, Max: 0, Diff: 0, Sum: 0, Workers: 4
[1419.649s][debug][gc,phases      ] GC(131)   Weak JFR Old Object Samples    Min:  0.0, Avg:  0.0, Max:  0.0, Diff:  0.0, Sum:  0.0, Workers: 4
[1419.649s][debug][gc,phases      ] GC(131)     Dead                           Min: 0, Avg:  0.0, Max: 0, Diff: 0, Sum: 0, Workers: 4
[1419.649s][debug][gc,phases      ] GC(131)     Total                          Min: 0, Avg:  0.0, Max: 0, Diff: 0, Sum: 0, Workers: 4
[1419.649s][debug][gc,phases      ] GC(131) Weak Processing 0.285ms
[1419.649s][debug][gc,age         ] GC(131) Desired survivor size 51380224 bytes, new threshold 15 (max threshold 15)
[1419.649s][info ][gc,heap        ] GC(131) PSYoungGen: 2008944K(2046464K)->13200K(2046976K) Eden: 1995776K(1995776K)->0K(1996288K) From: 13168K(50688K)->13200K(50688K)
[1419.649s][info ][gc,heap        ] GC(131) ParOldGen: 399853K(411648K)->399885K(411648K)
[1419.649s][info ][gc,metaspace   ] GC(131) Metaspace: 80884K(81728K)->80884K(81728K) NonClass: 69505K(69952K)->69505K(69952K) Class: 11378K(11776K)->11378K(11776K)
[1419.649s][info ][gc             ] GC(131) Pause Young (Allocation Failure) 2352M->403M(2401M) 6.380ms
[1419.649s][info ][gc,cpu         ] GC(131) User=0.03s Sys=0.00s Real=0.00s
[1419.649s][info ][safepoint      ] Safepoint "ParallelGCFailedAllocation", Time since last: 9664911869 ns, Reaching safepoint: 34500 ns, At safepoint: 6455230 ns, Total: 6489730 ns
[1437.650s][info ][safepoint      ] Safepoint "Cleanup", Time since last: 18001148712 ns, Reaching safepoint: 49100 ns, At safepoint: 11900 ns, Total: 61000 ns
[1455.072s][info ][gc,start       ] GC(132) Pause Young (Allocation Failure)
[1455.078s][debug][gc,phases      ] GC(132) Scavenge 5.218ms
[1455.078s][debug][gc,ref         ] GC(132) Skipped phase 1 of Reference Processing: no references
[1455.078s][debug][gc,ref         ] GC(132) ReferenceProcessor::execute queues: 1, RefProcThreadModel::Single, marks_oops_alive: false
[1455.078s][debug][gc,ref         ] GC(132) Skipped phase 3 of Reference Processing: no references
[1455.078s][debug][gc,ref         ] GC(132) ReferenceProcessor::execute queues: 1, RefProcThreadModel::Single, marks_oops_alive: false
[1455.078s][debug][gc,phases      ] GC(132) Reference Processing 0.105ms
[1455.078s][debug][gc,phases      ] GC(132)   VM Weak                        Min:  0.0, Avg:  0.0, Max:  0.0, Diff:  0.0, Sum:  0.0, Workers: 4
[1455.078s][debug][gc,phases      ] GC(132)     Dead                           Min: 0, Avg:  0.0, Max: 0, Diff: 0, Sum: 0, Workers: 4
[1455.078s][debug][gc,phases      ] GC(132)     Total                          Min: 0, Avg: 163.0, Max: 512, Diff: 512, Sum: 652, Workers: 4
[1455.078s][debug][gc,phases      ] GC(132)   ObjectSynchronizer Weak        Min:  0.0, Avg:  0.0, Max:  0.0, Diff:  0.0, Sum:  0.0, Workers: 4
[1455.078s][debug][gc,phases      ] GC(132)     Dead                           Min: 0, Avg:  0.0, Max: 0, Diff: 0, Sum: 0, Workers: 4
[1455.078s][debug][gc,phases      ] GC(132)     Total                          Min: 0, Avg: 119.8, Max: 351, Diff: 351, Sum: 479, Workers: 4
[1455.078s][debug][gc,phases      ] GC(132)   JVMTI Tag Weak OopStorage      Min:  0.0, Avg:  0.0, Max:  0.0, Diff:  0.0, Sum:  0.0, Workers: 4
[1455.078s][debug][gc,phases      ] GC(132)     Dead                           Min: 0, Avg:  0.0, Max: 0, Diff: 0, Sum: 0, Workers: 4
[1455.078s][debug][gc,phases      ] GC(132)     Total                          Min: 0, Avg:  0.0, Max: 0, Diff: 0, Sum: 0, Workers: 4
[1455.078s][debug][gc,phases      ] GC(132)   StringTable Weak               Min:  0.1, Avg:  0.1, Max:  0.1, Diff:  0.0, Sum:  0.4, Workers: 4
[1455.078s][debug][gc,phases      ] GC(132)     Dead                           Min: 0, Avg:  0.0, Max: 0, Diff: 0, Sum: 0, Workers: 4
[1455.078s][debug][gc,phases      ] GC(132)     Total                          Min: 8896, Avg: 11987.2, Max: 15168, Diff: 6272, Sum: 47949, Workers: 4
[1455.078s][debug][gc,phases      ] GC(132)   ResolvedMethodTable Weak       Min:  0.0, Avg:  0.0, Max:  0.0, Diff:  0.0, Sum:  0.1, Workers: 4
[1455.078s][debug][gc,phases      ] GC(132)     Dead                           Min: 0, Avg:  0.0, Max: 0, Diff: 0, Sum: 0, Workers: 4
[1455.078s][debug][gc,phases      ] GC(132)     Total                          Min: 1536, Avg: 2032.8, Max: 2432, Diff: 896, Sum: 8131, Workers: 4
[1455.078s][debug][gc,phases      ] GC(132)   JNI Weak                       Min:  0.0, Avg:  0.0, Max:  0.0, Diff:  0.0, Sum:  0.0, Workers: 4
[1455.078s][debug][gc,phases      ] GC(132)     Dead                           Min: 0, Avg:  0.0, Max: 0, Diff: 0, Sum: 0, Workers: 4
[1455.078s][debug][gc,phases      ] GC(132)     Total                          Min: 0, Avg:  0.0, Max: 0, Diff: 0, Sum: 0, Workers: 4
[1455.078s][debug][gc,phases      ] GC(132)   StringDedup Table Weak         Min:  0.0, Avg:  0.0, Max:  0.0, Diff:  0.0, Sum:  0.0, Workers: 4
[1455.078s][debug][gc,phases      ] GC(132)     Dead                           Min: 0, Avg:  0.0, Max: 0, Diff: 0, Sum: 0, Workers: 4
[1455.078s][debug][gc,phases      ] GC(132)     Total                          Min: 0, Avg:  0.0, Max: 0, Diff: 0, Sum: 0, Workers: 4
[1455.078s][debug][gc,phases      ] GC(132)   StringDedup Requests0 Weak     Min:  0.0, Avg:  0.0, Max:  0.0, Diff:  0.0, Sum:  0.0, Workers: 4
[1455.078s][debug][gc,phases      ] GC(132)     Dead                           Min: 0, Avg:  0.0, Max: 0, Diff: 0, Sum: 0, Workers: 4
[1455.078s][debug][gc,phases      ] GC(132)     Total                          Min: 0, Avg:  0.0, Max: 0, Diff: 0, Sum: 0, Workers: 4
[1455.078s][debug][gc,phases      ] GC(132)   StringDedup Requests1 Weak     Min:  0.0, Avg:  0.0, Max:  0.0, Diff:  0.0, Sum:  0.0, Workers: 4
[1455.078s][debug][gc,phases      ] GC(132)     Dead                           Min: 0, Avg:  0.0, Max: 0, Diff: 0, Sum: 0, Workers: 4
[1455.078s][debug][gc,phases      ] GC(132)     Total                          Min: 0, Avg:  0.0, Max: 0, Diff: 0, Sum: 0, Workers: 4
[1455.078s][debug][gc,phases      ] GC(132)   Weak JFR Old Object Samples    Min:  0.0, Avg:  0.0, Max:  0.0, Diff:  0.0, Sum:  0.0, Workers: 4
[1455.078s][debug][gc,phases      ] GC(132)     Dead                           Min: 0, Avg:  0.0, Max: 0, Diff: 0, Sum: 0, Workers: 4
[1455.078s][debug][gc,phases      ] GC(132)     Total                          Min: 0, Avg:  0.0, Max: 0, Diff: 0, Sum: 0, Workers: 4
[1455.078s][debug][gc,phases      ] GC(132) Weak Processing 0.345ms
[1455.078s][debug][gc,age         ] GC(132) Desired survivor size 50331648 bytes, new threshold 15 (max threshold 15)
[1455.078s][info ][gc,heap        ] GC(132) PSYoungGen: 2009488K(2046976K)->13376K(2046464K) Eden: 1996288K(1996288K)->0K(1996288K) From: 13200K(50688K)->13376K(50176K)
[1455.078s][info ][gc,heap        ] GC(132) ParOldGen: 399885K(411648K)->399901K(411648K)
[1455.078s][info ][gc,metaspace   ] GC(132) Metaspace: 80887K(81728K)->80887K(81728K) NonClass: 69508K(69952K)->69508K(69952K) Class: 11379K(11776K)->11379K(11776K)
[1455.078s][info ][gc             ] GC(132) Pause Young (Allocation Failure) 2352M->403M(2400M) 5.793ms
[1455.078s][info ][gc,cpu         ] GC(132) User=0.02s Sys=0.00s Real=0.00s
[1455.078s][info ][safepoint      ] Safepoint "ParallelGCFailedAllocation", Time since last: 17421876576 ns, Reaching safepoint: 132401 ns, At safepoint: 5875927 ns, Total: 6008328 ns
[1469.079s][info ][safepoint      ] Safepoint "Cleanup", Time since last: 14000883912 ns, Reaching safepoint: 47800 ns, At safepoint: 7900 ns, Total: 55700 ns
[1470.079s][info ][safepoint      ] Safepoint "Cleanup", Time since last: 1000096258 ns, Reaching safepoint: 50700 ns, At safepoint: 10200 ns, Total: 60900 ns
[1484.556s][info ][gc,start       ] GC(133) Pause Young (Allocation Failure)
[1484.563s][debug][gc,phases      ] GC(133) Scavenge 7.399ms
[1484.563s][debug][gc,ref         ] GC(133) Skipped phase 1 of Reference Processing: no references
[1484.563s][debug][gc,ref         ] GC(133) ReferenceProcessor::execute queues: 1, RefProcThreadModel::Single, marks_oops_alive: false
[1484.563s][debug][gc,ref         ] GC(133) Skipped phase 3 of Reference Processing: no references
[1484.563s][debug][gc,ref         ] GC(133) ReferenceProcessor::execute queues: 1, RefProcThreadModel::Single, marks_oops_alive: false
[1484.563s][debug][gc,phases      ] GC(133) Reference Processing 0.090ms
[1484.563s][debug][gc,phases      ] GC(133)   VM Weak                        Min:  0.0, Avg:  0.0, Max:  0.0, Diff:  0.0, Sum:  0.0, Workers: 4
[1484.563s][debug][gc,phases      ] GC(133)     Dead                           Min: 0, Avg:  0.0, Max: 0, Diff: 0, Sum: 0, Workers: 4
[1484.563s][debug][gc,phases      ] GC(133)     Total                          Min: 0, Avg: 163.0, Max: 652, Diff: 652, Sum: 652, Workers: 4
[1484.563s][debug][gc,phases      ] GC(133)   ObjectSynchronizer Weak        Min:  0.0, Avg:  0.0, Max:  0.0, Diff:  0.0, Sum:  0.0, Workers: 4
[1484.563s][debug][gc,phases      ] GC(133)     Dead                           Min: 0, Avg:  0.0, Max: 0, Diff: 0, Sum: 0, Workers: 4
[1484.563s][debug][gc,phases      ] GC(133)     Total                          Min: 0, Avg: 119.8, Max: 192, Diff: 192, Sum: 479, Workers: 4
[1484.563s][debug][gc,phases      ] GC(133)   JVMTI Tag Weak OopStorage      Min:  0.0, Avg:  0.0, Max:  0.0, Diff:  0.0, Sum:  0.0, Workers: 4
[1484.563s][debug][gc,phases      ] GC(133)     Dead                           Min: 0, Avg:  0.0, Max: 0, Diff: 0, Sum: 0, Workers: 4
[1484.563s][debug][gc,phases      ] GC(133)     Total                          Min: 0, Avg:  0.0, Max: 0, Diff: 0, Sum: 0, Workers: 4
[1484.563s][debug][gc,phases      ] GC(133)   StringTable Weak               Min:  0.1, Avg:  0.1, Max:  0.1, Diff:  0.0, Sum:  0.3, Workers: 4
[1484.563s][debug][gc,phases      ] GC(133)     Dead                           Min: 0, Avg:  0.0, Max: 0, Diff: 0, Sum: 0, Workers: 4
[1484.563s][debug][gc,phases      ] GC(133)     Total                          Min: 11776, Avg: 11987.2, Max: 12544, Diff: 768, Sum: 47949, Workers: 4
[1484.563s][debug][gc,phases      ] GC(133)   ResolvedMethodTable Weak       Min:  0.0, Avg:  0.0, Max:  0.0, Diff:  0.0, Sum:  0.1, Workers: 4
[1484.563s][debug][gc,phases      ] GC(133)     Dead                           Min: 0, Avg:  0.0, Max: 0, Diff: 0, Sum: 0, Workers: 4
[1484.563s][debug][gc,phases      ] GC(133)     Total                          Min: 1984, Avg: 2032.8, Max: 2112, Diff: 128, Sum: 8131, Workers: 4
[1484.563s][debug][gc,phases      ] GC(133)   JNI Weak                       Min:  0.0, Avg:  0.0, Max:  0.0, Diff:  0.0, Sum:  0.0, Workers: 4
[1484.563s][debug][gc,phases      ] GC(133)     Dead                           Min: 0, Avg:  0.0, Max: 0, Diff: 0, Sum: 0, Workers: 4
[1484.563s][debug][gc,phases      ] GC(133)     Total                          Min: 0, Avg:  0.0, Max: 0, Diff: 0, Sum: 0, Workers: 4
[1484.563s][debug][gc,phases      ] GC(133)   StringDedup Table Weak         Min:  0.0, Avg:  0.0, Max:  0.0, Diff:  0.0, Sum:  0.0, Workers: 4
[1484.563s][debug][gc,phases      ] GC(133)     Dead                           Min: 0, Avg:  0.0, Max: 0, Diff: 0, Sum: 0, Workers: 4
[1484.563s][debug][gc,phases      ] GC(133)     Total                          Min: 0, Avg:  0.0, Max: 0, Diff: 0, Sum: 0, Workers: 4
[1484.563s][debug][gc,phases      ] GC(133)   StringDedup Requests0 Weak     Min:  0.0, Avg:  0.0, Max:  0.0, Diff:  0.0, Sum:  0.0, Workers: 4
[1484.563s][debug][gc,phases      ] GC(133)     Dead                           Min: 0, Avg:  0.0, Max: 0, Diff: 0, Sum: 0, Workers: 4
[1484.563s][debug][gc,phases      ] GC(133)     Total                          Min: 0, Avg:  0.0, Max: 0, Diff: 0, Sum: 0, Workers: 4
[1484.563s][debug][gc,phases      ] GC(133)   StringDedup Requests1 Weak     Min:  0.0, Avg:  0.0, Max:  0.0, Diff:  0.0, Sum:  0.0, Workers: 4
[1484.563s][debug][gc,phases      ] GC(133)     Dead                           Min: 0, Avg:  0.0, Max: 0, Diff: 0, Sum: 0, Workers: 4
[1484.563s][debug][gc,phases      ] GC(133)     Total                          Min: 0, Avg:  0.0, Max: 0, Diff: 0, Sum: 0, Workers: 4
[1484.563s][debug][gc,phases      ] GC(133)   Weak JFR Old Object Samples    Min:  0.0, Avg:  0.0, Max:  0.0, Diff:  0.0, Sum:  0.0, Workers: 4
[1484.563s][debug][gc,phases      ] GC(133)     Dead                           Min: 0, Avg:  0.0, Max: 0, Diff: 0, Sum: 0, Workers: 4
[1484.563s][debug][gc,phases      ] GC(133)     Total                          Min: 0, Avg:  0.0, Max: 0, Diff: 0, Sum: 0, Workers: 4
[1484.563s][debug][gc,phases      ] GC(133) Weak Processing 0.253ms
[1484.563s][debug][gc,age         ] GC(133) Desired survivor size 47710208 bytes, new threshold 15 (max threshold 15)
[1484.563s][info ][gc,heap        ] GC(133) PSYoungGen: 2009664K(2046464K)->22832K(2050560K) Eden: 1996288K(1996288K)->0K(2001408K) From: 13376K(50176K)->22832K(49152K)
[1484.563s][info ][gc,heap        ] GC(133) ParOldGen: 399901K(411648K)->399933K(411648K)
[1484.563s][info ][gc,metaspace   ] GC(133) Metaspace: 80895K(81728K)->80895K(81728K) NonClass: 69516K(69952K)->69516K(69952K) Class: 11379K(11776K)->11379K(11776K)
[1484.563s][info ][gc             ] GC(133) Pause Young (Allocation Failure) 2353M->412M(2404M) 7.848ms
[1484.563s][info ][gc,cpu         ] GC(133) User=0.03s Sys=0.00s Real=0.01s
[1484.563s][info ][safepoint      ] Safepoint "ParallelGCFailedAllocation", Time since last: 14476171101 ns, Reaching safepoint: 62001 ns, At safepoint: 7918436 ns, Total: 7980437 ns
[1519.892s][info ][gc,start       ] GC(134) Pause Young (Allocation Failure)
[1519.898s][debug][gc,phases      ] GC(134) Scavenge 6.476ms
[1519.898s][debug][gc,ref         ] GC(134) Skipped phase 1 of Reference Processing: no references
[1519.899s][debug][gc,ref         ] GC(134) ReferenceProcessor::execute queues: 1, RefProcThreadModel::Single, marks_oops_alive: false
[1519.899s][debug][gc,ref         ] GC(134) Skipped phase 3 of Reference Processing: no references
[1519.899s][debug][gc,ref         ] GC(134) ReferenceProcessor::execute queues: 1, RefProcThreadModel::Single, marks_oops_alive: false
[1519.899s][debug][gc,phases      ] GC(134) Reference Processing 0.095ms
[1519.899s][debug][gc,phases      ] GC(134)   VM Weak                        Min:  0.0, Avg:  0.0, Max:  0.0, Diff:  0.0, Sum:  0.0, Workers: 4
[1519.899s][debug][gc,phases      ] GC(134)     Dead                           Min: 0, Avg:  0.0, Max: 0, Diff: 0, Sum: 0, Workers: 4
[1519.899s][debug][gc,phases      ] GC(134)     Total                          Min: 0, Avg: 163.0, Max: 512, Diff: 512, Sum: 652, Workers: 4
[1519.899s][debug][gc,phases      ] GC(134)   ObjectSynchronizer Weak        Min:  0.0, Avg:  0.0, Max:  0.0, Diff:  0.0, Sum:  0.0, Workers: 4
[1519.899s][debug][gc,phases      ] GC(134)     Dead                           Min: 0, Avg:  0.0, Max: 0, Diff: 0, Sum: 0, Workers: 4
[1519.899s][debug][gc,phases      ] GC(134)     Total                          Min: 0, Avg: 119.8, Max: 256, Diff: 256, Sum: 479, Workers: 4
[1519.899s][debug][gc,phases      ] GC(134)   JVMTI Tag Weak OopStorage      Min:  0.0, Avg:  0.0, Max:  0.0, Diff:  0.0, Sum:  0.0, Workers: 4
[1519.899s][debug][gc,phases      ] GC(134)     Dead                           Min: 0, Avg:  0.0, Max: 0, Diff: 0, Sum: 0, Workers: 4
[1519.899s][debug][gc,phases      ] GC(134)     Total                          Min: 0, Avg:  0.0, Max: 0, Diff: 0, Sum: 0, Workers: 4
[1519.899s][debug][gc,phases      ] GC(134)   StringTable Weak               Min:  0.1, Avg:  0.1, Max:  0.1, Diff:  0.0, Sum:  0.4, Workers: 4
[1519.899s][debug][gc,phases      ] GC(134)     Dead                           Min: 0, Avg:  0.0, Max: 0, Diff: 0, Sum: 0, Workers: 4
[1519.899s][debug][gc,phases      ] GC(134)     Total                          Min: 10880, Avg: 11988.8, Max: 14272, Diff: 3392, Sum: 47955, Workers: 4
[1519.899s][debug][gc,phases      ] GC(134)   ResolvedMethodTable Weak       Min:  0.0, Avg:  0.0, Max:  0.0, Diff:  0.0, Sum:  0.1, Workers: 4
[1519.899s][debug][gc,phases      ] GC(134)     Dead                           Min: 0, Avg:  0.0, Max: 0, Diff: 0, Sum: 0, Workers: 4
[1519.899s][debug][gc,phases      ] GC(134)     Total                          Min: 1792, Avg: 2032.8, Max: 2688, Diff: 896, Sum: 8131, Workers: 4
[1519.899s][debug][gc,phases      ] GC(134)   JNI Weak                       Min:  0.0, Avg:  0.0, Max:  0.0, Diff:  0.0, Sum:  0.0, Workers: 4
[1519.899s][debug][gc,phases      ] GC(134)     Dead                           Min: 0, Avg:  0.0, Max: 0, Diff: 0, Sum: 0, Workers: 4
[1519.899s][debug][gc,phases      ] GC(134)     Total                          Min: 0, Avg:  0.0, Max: 0, Diff: 0, Sum: 0, Workers: 4
[1519.899s][debug][gc,phases      ] GC(134)   StringDedup Table Weak         Min:  0.0, Avg:  0.0, Max:  0.0, Diff:  0.0, Sum:  0.0, Workers: 4
[1519.899s][debug][gc,phases      ] GC(134)     Dead                           Min: 0, Avg:  0.0, Max: 0, Diff: 0, Sum: 0, Workers: 4
[1519.899s][debug][gc,phases      ] GC(134)     Total                          Min: 0, Avg:  0.0, Max: 0, Diff: 0, Sum: 0, Workers: 4
[1519.899s][debug][gc,phases      ] GC(134)   StringDedup Requests0 Weak     Min:  0.0, Avg:  0.0, Max:  0.0, Diff:  0.0, Sum:  0.0, Workers: 4
[1519.899s][debug][gc,phases      ] GC(134)     Dead                           Min: 0, Avg:  0.0, Max: 0, Diff: 0, Sum: 0, Workers: 4
[1519.899s][debug][gc,phases      ] GC(134)     Total                          Min: 0, Avg:  0.0, Max: 0, Diff: 0, Sum: 0, Workers: 4
[1519.899s][debug][gc,phases      ] GC(134)   StringDedup Requests1 Weak     Min:  0.0, Avg:  0.0, Max:  0.0, Diff:  0.0, Sum:  0.0, Workers: 4
[1519.899s][debug][gc,phases      ] GC(134)     Dead                           Min: 0, Avg:  0.0, Max: 0, Diff: 0, Sum: 0, Workers: 4
[1519.899s][debug][gc,phases      ] GC(134)     Total                          Min: 0, Avg:  0.0, Max: 0, Diff: 0, Sum: 0, Workers: 4
[1519.899s][debug][gc,phases      ] GC(134)   Weak JFR Old Object Samples    Min:  0.0, Avg:  0.0, Max:  0.0, Diff:  0.0, Sum:  0.0, Workers: 4
[1519.899s][debug][gc,phases      ] GC(134)     Dead                           Min: 0, Avg:  0.0, Max: 0, Diff: 0, Sum: 0, Workers: 4
[1519.899s][debug][gc,phases      ] GC(134)     Total                          Min: 0, Avg:  0.0, Max: 0, Diff: 0, Sum: 0, Workers: 4
[1519.899s][debug][gc,phases      ] GC(134) Weak Processing 0.278ms
[1519.899s][debug][gc,age         ] GC(134) Desired survivor size 46137344 bytes, new threshold 15 (max threshold 15)
[1519.899s][info ][gc,heap        ] GC(134) PSYoungGen: 2024240K(2050560K)->17264K(2048000K) Eden: 2001408K(2001408K)->0K(2001408K) From: 22832K(49152K)->17264K(46592K)
[1519.899s][info ][gc,heap        ] GC(134) ParOldGen: 399933K(411648K)->401437K(411648K)
[1519.899s][info ][gc,metaspace   ] GC(134) Metaspace: 80900K(81728K)->80900K(81728K) NonClass: 69521K(69952K)->69521K(69952K) Class: 11379K(11776K)->11379K(11776K)
[1519.899s][info ][gc             ] GC(134) Pause Young (Allocation Failure) 2367M->408M(2402M) 6.966ms
[1519.899s][info ][gc,cpu         ] GC(134) User=0.02s Sys=0.00s Real=0.00s
[1519.899s][info ][safepoint      ] Safepoint "ParallelGCFailedAllocation", Time since last: 35328423199 ns, Reaching safepoint: 43000 ns, At safepoint: 7038233 ns, Total: 7081233 ns
[1520.899s][info ][safepoint      ] Safepoint "Cleanup", Time since last: 1000093352 ns, Reaching safepoint: 42200 ns, At safepoint: 2600 ns, Total: 44800 ns
[1544.901s][info ][safepoint      ] Safepoint "Cleanup", Time since last: 24001565317 ns, Reaching safepoint: 50001 ns, At safepoint: 7800 ns, Total: 57801 ns
[1554.331s][info ][gc,start       ] GC(135) Pause Young (Allocation Failure)
[1554.336s][debug][gc,phases      ] GC(135) Scavenge 5.187ms
[1554.336s][debug][gc,ref         ] GC(135) Skipped phase 1 of Reference Processing: no references
[1554.336s][debug][gc,ref         ] GC(135) ReferenceProcessor::execute queues: 1, RefProcThreadModel::Single, marks_oops_alive: false
[1554.336s][debug][gc,ref         ] GC(135) Skipped phase 3 of Reference Processing: no references
[1554.336s][debug][gc,ref         ] GC(135) ReferenceProcessor::execute queues: 1, RefProcThreadModel::Single, marks_oops_alive: false
[1554.336s][debug][gc,phases      ] GC(135) Reference Processing 0.085ms
[1554.336s][debug][gc,phases      ] GC(135)   VM Weak                        Min:  0.0, Avg:  0.0, Max:  0.0, Diff:  0.0, Sum:  0.0, Workers: 4
[1554.336s][debug][gc,phases      ] GC(135)     Dead                           Min: 0, Avg:  0.0, Max: 0, Diff: 0, Sum: 0, Workers: 4
[1554.336s][debug][gc,phases      ] GC(135)     Total                          Min: 0, Avg: 163.0, Max: 652, Diff: 652, Sum: 652, Workers: 4
[1554.336s][debug][gc,phases      ] GC(135)   ObjectSynchronizer Weak        Min:  0.0, Avg:  0.0, Max:  0.0, Diff:  0.0, Sum:  0.0, Workers: 4
[1554.336s][debug][gc,phases      ] GC(135)     Dead                           Min: 0, Avg:  0.0, Max: 0, Diff: 0, Sum: 0, Workers: 4
[1554.336s][debug][gc,phases      ] GC(135)     Total                          Min: 0, Avg: 119.8, Max: 415, Diff: 415, Sum: 479, Workers: 4
[1554.336s][debug][gc,phases      ] GC(135)   JVMTI Tag Weak OopStorage      Min:  0.0, Avg:  0.0, Max:  0.0, Diff:  0.0, Sum:  0.0, Workers: 4
[1554.336s][debug][gc,phases      ] GC(135)     Dead                           Min: 0, Avg:  0.0, Max: 0, Diff: 0, Sum: 0, Workers: 4
[1554.336s][debug][gc,phases      ] GC(135)     Total                          Min: 0, Avg:  0.0, Max: 0, Diff: 0, Sum: 0, Workers: 4
[1554.336s][debug][gc,phases      ] GC(135)   StringTable Weak               Min:  0.1, Avg:  0.1, Max:  0.1, Diff:  0.0, Sum:  0.3, Workers: 4
[1554.336s][debug][gc,phases      ] GC(135)     Dead                           Min: 0, Avg:  0.0, Max: 0, Diff: 0, Sum: 0, Workers: 4
[1554.336s][debug][gc,phases      ] GC(135)     Total                          Min: 11008, Avg: 11988.8, Max: 12992, Diff: 1984, Sum: 47955, Workers: 4
[1554.336s][debug][gc,phases      ] GC(135)   ResolvedMethodTable Weak       Min:  0.0, Avg:  0.0, Max:  0.0, Diff:  0.0, Sum:  0.1, Workers: 4
[1554.336s][debug][gc,phases      ] GC(135)     Dead                           Min: 0, Avg:  0.0, Max: 0, Diff: 0, Sum: 0, Workers: 4
[1554.336s][debug][gc,phases      ] GC(135)     Total                          Min: 1920, Avg: 2032.8, Max: 2176, Diff: 256, Sum: 8131, Workers: 4
[1554.336s][debug][gc,phases      ] GC(135)   JNI Weak                       Min:  0.0, Avg:  0.0, Max:  0.0, Diff:  0.0, Sum:  0.0, Workers: 4
[1554.336s][debug][gc,phases      ] GC(135)     Dead                           Min: 0, Avg:  0.0, Max: 0, Diff: 0, Sum: 0, Workers: 4
[1554.336s][debug][gc,phases      ] GC(135)     Total                          Min: 0, Avg:  0.0, Max: 0, Diff: 0, Sum: 0, Workers: 4
[1554.336s][debug][gc,phases      ] GC(135)   StringDedup Table Weak         Min:  0.0, Avg:  0.0, Max:  0.0, Diff:  0.0, Sum:  0.0, Workers: 4
[1554.336s][debug][gc,phases      ] GC(135)     Dead                           Min: 0, Avg:  0.0, Max: 0, Diff: 0, Sum: 0, Workers: 4
[1554.336s][debug][gc,phases      ] GC(135)     Total                          Min: 0, Avg:  0.0, Max: 0, Diff: 0, Sum: 0, Workers: 4
[1554.336s][debug][gc,phases      ] GC(135)   StringDedup Requests0 Weak     Min:  0.0, Avg:  0.0, Max:  0.0, Diff:  0.0, Sum:  0.0, Workers: 4
[1554.336s][debug][gc,phases      ] GC(135)     Dead                           Min: 0, Avg:  0.0, Max: 0, Diff: 0, Sum: 0, Workers: 4
[1554.336s][debug][gc,phases      ] GC(135)     Total                          Min: 0, Avg:  0.0, Max: 0, Diff: 0, Sum: 0, Workers: 4
[1554.336s][debug][gc,phases      ] GC(135)   StringDedup Requests1 Weak     Min:  0.0, Avg:  0.0, Max:  0.0, Diff:  0.0, Sum:  0.0, Workers: 4
[1554.336s][debug][gc,phases      ] GC(135)     Dead                           Min: 0, Avg:  0.0, Max: 0, Diff: 0, Sum: 0, Workers: 4
[1554.336s][debug][gc,phases      ] GC(135)     Total                          Min: 0, Avg:  0.0, Max: 0, Diff: 0, Sum: 0, Workers: 4
[1554.336s][debug][gc,phases      ] GC(135)   Weak JFR Old Object Samples    Min:  0.0, Avg:  0.0, Max:  0.0, Diff:  0.0, Sum:  0.0, Workers: 4
[1554.336s][debug][gc,phases      ] GC(135)     Dead                           Min: 0, Avg:  0.0, Max: 0, Diff: 0, Sum: 0, Workers: 4
[1554.336s][debug][gc,phases      ] GC(135)     Total                          Min: 0, Avg:  0.0, Max: 0, Diff: 0, Sum: 0, Workers: 4
[1554.336s][debug][gc,phases      ] GC(135) Weak Processing 0.250ms
[1554.336s][debug][gc,age         ] GC(135) Desired survivor size 44564480 bytes, new threshold 15 (max threshold 15)
[1554.336s][info ][gc,heap        ] GC(135) PSYoungGen: 2018672K(2048000K)->16944K(2053632K) Eden: 2001408K(2001408K)->0K(2008576K) From: 17264K(46592K)->16944K(45056K)
[1554.336s][info ][gc,heap        ] GC(135) ParOldGen: 401437K(411648K)->401885K(411648K)
[1554.336s][info ][gc,metaspace   ] GC(135) Metaspace: 80905K(81728K)->80905K(81728K) NonClass: 69526K(69952K)->69526K(69952K) Class: 11379K(11776K)->11379K(11776K)
[1554.336s][info ][gc             ] GC(135) Pause Young (Allocation Failure) 2363M->409M(2407M) 5.616ms
[1554.336s][info ][gc,cpu         ] GC(135) User=0.02s Sys=0.00s Real=0.00s
[1554.336s][info ][safepoint      ] Safepoint "ParallelGCFailedAllocation", Time since last: 9429763637 ns, Reaching safepoint: 97400 ns, At safepoint: 5683027 ns, Total: 5780427 ns
[1588.879s][info ][gc,start       ] GC(136) Pause Young (Allocation Failure)
[1588.886s][debug][gc,phases      ] GC(136) Scavenge 6.935ms
[1588.886s][debug][gc,ref         ] GC(136) Skipped phase 1 of Reference Processing: no references
[1588.886s][debug][gc,ref         ] GC(136) ReferenceProcessor::execute queues: 1, RefProcThreadModel::Single, marks_oops_alive: false
[1588.886s][debug][gc,ref         ] GC(136) Skipped phase 3 of Reference Processing: no references
[1588.886s][debug][gc,ref         ] GC(136) ReferenceProcessor::execute queues: 1, RefProcThreadModel::Single, marks_oops_alive: false
[1588.886s][debug][gc,phases      ] GC(136) Reference Processing 0.106ms
[1588.886s][debug][gc,phases      ] GC(136)   VM Weak                        Min:  0.0, Avg:  0.0, Max:  0.0, Diff:  0.0, Sum:  0.0, Workers: 4
[1588.886s][debug][gc,phases      ] GC(136)     Dead                           Min: 0, Avg:  0.0, Max: 0, Diff: 0, Sum: 0, Workers: 4
[1588.886s][debug][gc,phases      ] GC(136)     Total                          Min: 0, Avg: 163.0, Max: 460, Diff: 460, Sum: 652, Workers: 4
[1588.886s][debug][gc,phases      ] GC(136)   ObjectSynchronizer Weak        Min:  0.0, Avg:  0.0, Max:  0.0, Diff:  0.0, Sum:  0.0, Workers: 4
[1588.886s][debug][gc,phases      ] GC(136)     Dead                           Min: 0, Avg:  0.0, Max: 0, Diff: 0, Sum: 0, Workers: 4
[1588.886s][debug][gc,phases      ] GC(136)     Total                          Min: 0, Avg: 119.8, Max: 256, Diff: 256, Sum: 479, Workers: 4
[1588.886s][debug][gc,phases      ] GC(136)   JVMTI Tag Weak OopStorage      Min:  0.0, Avg:  0.0, Max:  0.0, Diff:  0.0, Sum:  0.0, Workers: 4
[1588.886s][debug][gc,phases      ] GC(136)     Dead                           Min: 0, Avg:  0.0, Max: 0, Diff: 0, Sum: 0, Workers: 4
[1588.886s][debug][gc,phases      ] GC(136)     Total                          Min: 0, Avg:  0.0, Max: 0, Diff: 0, Sum: 0, Workers: 4
[1588.886s][debug][gc,phases      ] GC(136)   StringTable Weak               Min:  0.1, Avg:  0.1, Max:  0.1, Diff:  0.0, Sum:  0.4, Workers: 4
[1588.886s][debug][gc,phases      ] GC(136)     Dead                           Min: 0, Avg:  0.0, Max: 0, Diff: 0, Sum: 0, Workers: 4
[1588.886s][debug][gc,phases      ] GC(136)     Total                          Min: 9280, Avg: 11988.8, Max: 15379, Diff: 6099, Sum: 47955, Workers: 4
[1588.886s][debug][gc,phases      ] GC(136)   ResolvedMethodTable Weak       Min:  0.0, Avg:  0.0, Max:  0.0, Diff:  0.0, Sum:  0.1, Workers: 4
[1588.886s][debug][gc,phases      ] GC(136)     Dead                           Min: 0, Avg:  0.0, Max: 0, Diff: 0, Sum: 0, Workers: 4
[1588.886s][debug][gc,phases      ] GC(136)     Total                          Min: 1600, Avg: 2032.8, Max: 2563, Diff: 963, Sum: 8131, Workers: 4
[1588.886s][debug][gc,phases      ] GC(136)   JNI Weak                       Min:  0.0, Avg:  0.0, Max:  0.0, Diff:  0.0, Sum:  0.0, Workers: 4
[1588.886s][debug][gc,phases      ] GC(136)     Dead                           Min: 0, Avg:  0.0, Max: 0, Diff: 0, Sum: 0, Workers: 4
[1588.886s][debug][gc,phases      ] GC(136)     Total                          Min: 0, Avg:  0.0, Max: 0, Diff: 0, Sum: 0, Workers: 4
[1588.886s][debug][gc,phases      ] GC(136)   StringDedup Table Weak         Min:  0.0, Avg:  0.0, Max:  0.0, Diff:  0.0, Sum:  0.0, Workers: 4
[1588.886s][debug][gc,phases      ] GC(136)     Dead                           Min: 0, Avg:  0.0, Max: 0, Diff: 0, Sum: 0, Workers: 4
[1588.886s][debug][gc,phases      ] GC(136)     Total                          Min: 0, Avg:  0.0, Max: 0, Diff: 0, Sum: 0, Workers: 4
[1588.886s][debug][gc,phases      ] GC(136)   StringDedup Requests0 Weak     Min:  0.0, Avg:  0.0, Max:  0.0, Diff:  0.0, Sum:  0.0, Workers: 4
[1588.886s][debug][gc,phases      ] GC(136)     Dead                           Min: 0, Avg:  0.0, Max: 0, Diff: 0, Sum: 0, Workers: 4
[1588.886s][debug][gc,phases      ] GC(136)     Total                          Min: 0, Avg:  0.0, Max: 0, Diff: 0, Sum: 0, Workers: 4
[1588.886s][debug][gc,phases      ] GC(136)   StringDedup Requests1 Weak     Min:  0.0, Avg:  0.0, Max:  0.0, Diff:  0.0, Sum:  0.0, Workers: 4
[1588.886s][debug][gc,phases      ] GC(136)     Dead                           Min: 0, Avg:  0.0, Max: 0, Diff: 0, Sum: 0, Workers: 4
[1588.886s][debug][gc,phases      ] GC(136)     Total                          Min: 0, Avg:  0.0, Max: 0, Diff: 0, Sum: 0, Workers: 4
[1588.886s][debug][gc,phases      ] GC(136)   Weak JFR Old Object Samples    Min:  0.0, Avg:  0.0, Max:  0.0, Diff:  0.0, Sum:  0.0, Workers: 4
[1588.886s][debug][gc,phases      ] GC(136)     Dead                           Min: 0, Avg:  0.0, Max: 0, Diff: 0, Sum: 0, Workers: 4
[1588.886s][debug][gc,phases      ] GC(136)     Total                          Min: 0, Avg:  0.0, Max: 0, Diff: 0, Sum: 0, Workers: 4
[1588.886s][debug][gc,phases      ] GC(136) Weak Processing 0.260ms
[1588.886s][debug][gc,age         ] GC(136) Desired survivor size 43515904 bytes, new threshold 15 (max threshold 15)
[1588.886s][info ][gc,heap        ] GC(136) PSYoungGen: 2025520K(2053632K)->16880K(2052096K) Eden: 2008576K(2008576K)->0K(2008576K) From: 16944K(45056K)->16880K(43520K)
[1588.886s][info ][gc,heap        ] GC(136) ParOldGen: 401885K(411648K)->401913K(411648K)
[1588.886s][info ][gc,metaspace   ] GC(136) Metaspace: 80906K(81728K)->80906K(81728K) NonClass: 69527K(69952K)->69527K(69952K) Class: 11379K(11776K)->11379K(11776K)
[1588.886s][info ][gc             ] GC(136) Pause Young (Allocation Failure) 2370M->408M(2406M) 7.395ms
[1588.886s][info ][gc,cpu         ] GC(136) User=0.03s Sys=0.01s Real=0.01s
[1588.886s][info ][safepoint      ] Safepoint "ParallelGCFailedAllocation", Time since last: 34542724614 ns, Reaching safepoint: 20800 ns, At safepoint: 7473935 ns, Total: 7494735 ns
[1612.888s][info ][safepoint      ] Safepoint "Cleanup", Time since last: 24001496471 ns, Reaching safepoint: 46600 ns, At safepoint: 6100 ns, Total: 52700 ns
[1624.022s][info ][gc,start       ] GC(137) Pause Young (Allocation Failure)
[1624.029s][debug][gc,phases      ] GC(137) Scavenge 7.315ms
[1624.029s][debug][gc,ref         ] GC(137) Skipped phase 1 of Reference Processing: no references
[1624.029s][debug][gc,ref         ] GC(137) ReferenceProcessor::execute queues: 1, RefProcThreadModel::Single, marks_oops_alive: false
[1624.029s][debug][gc,ref         ] GC(137) Skipped phase 3 of Reference Processing: no references
[1624.029s][debug][gc,ref         ] GC(137) ReferenceProcessor::execute queues: 1, RefProcThreadModel::Single, marks_oops_alive: false
[1624.029s][debug][gc,phases      ] GC(137) Reference Processing 0.103ms
[1624.029s][debug][gc,phases      ] GC(137)   VM Weak                        Min:  0.0, Avg:  0.0, Max:  0.0, Diff:  0.0, Sum:  0.0, Workers: 4
[1624.029s][debug][gc,phases      ] GC(137)     Dead                           Min: 0, Avg:  0.0, Max: 0, Diff: 0, Sum: 0, Workers: 4
[1624.029s][debug][gc,phases      ] GC(137)     Total                          Min: 0, Avg: 163.0, Max: 384, Diff: 384, Sum: 652, Workers: 4
[1624.029s][debug][gc,phases      ] GC(137)   ObjectSynchronizer Weak        Min:  0.0, Avg:  0.0, Max:  0.0, Diff:  0.0, Sum:  0.0, Workers: 4
[1624.029s][debug][gc,phases      ] GC(137)     Dead                           Min: 0, Avg:  0.0, Max: 0, Diff: 0, Sum: 0, Workers: 4
[1624.029s][debug][gc,phases      ] GC(137)     Total                          Min: 0, Avg: 119.8, Max: 256, Diff: 256, Sum: 479, Workers: 4
[1624.029s][debug][gc,phases      ] GC(137)   JVMTI Tag Weak OopStorage      Min:  0.0, Avg:  0.0, Max:  0.0, Diff:  0.0, Sum:  0.0, Workers: 4
[1624.029s][debug][gc,phases      ] GC(137)     Dead                           Min: 0, Avg:  0.0, Max: 0, Diff: 0, Sum: 0, Workers: 4
[1624.029s][debug][gc,phases      ] GC(137)     Total                          Min: 0, Avg:  0.0, Max: 0, Diff: 0, Sum: 0, Workers: 4
[1624.029s][debug][gc,phases      ] GC(137)   StringTable Weak               Min:  0.1, Avg:  0.1, Max:  0.1, Diff:  0.0, Sum:  0.5, Workers: 4
[1624.029s][debug][gc,phases      ] GC(137)     Dead                           Min: 0, Avg:  0.0, Max: 0, Diff: 0, Sum: 0, Workers: 4
[1624.029s][debug][gc,phases      ] GC(137)     Total                          Min: 11731, Avg: 11988.8, Max: 12288, Diff: 557, Sum: 47955, Workers: 4
[1624.029s][debug][gc,phases      ] GC(137)   ResolvedMethodTable Weak       Min:  0.0, Avg:  0.0, Max:  0.0, Diff:  0.0, Sum:  0.1, Workers: 4
[1624.029s][debug][gc,phases      ] GC(137)     Dead                           Min: 0, Avg:  0.0, Max: 0, Diff: 0, Sum: 0, Workers: 4
[1624.029s][debug][gc,phases      ] GC(137)     Total                          Min: 1984, Avg: 2032.8, Max: 2112, Diff: 128, Sum: 8131, Workers: 4
[1624.029s][debug][gc,phases      ] GC(137)   JNI Weak                       Min:  0.0, Avg:  0.0, Max:  0.0, Diff:  0.0, Sum:  0.0, Workers: 4
[1624.029s][debug][gc,phases      ] GC(137)     Dead                           Min: 0, Avg:  0.0, Max: 0, Diff: 0, Sum: 0, Workers: 4
[1624.029s][debug][gc,phases      ] GC(137)     Total                          Min: 0, Avg:  0.0, Max: 0, Diff: 0, Sum: 0, Workers: 4
[1624.029s][debug][gc,phases      ] GC(137)   StringDedup Table Weak         Min:  0.0, Avg:  0.0, Max:  0.0, Diff:  0.0, Sum:  0.0, Workers: 4
[1624.029s][debug][gc,phases      ] GC(137)     Dead                           Min: 0, Avg:  0.0, Max: 0, Diff: 0, Sum: 0, Workers: 4
[1624.029s][debug][gc,phases      ] GC(137)     Total                          Min: 0, Avg:  0.0, Max: 0, Diff: 0, Sum: 0, Workers: 4
[1624.029s][debug][gc,phases      ] GC(137)   StringDedup Requests0 Weak     Min:  0.0, Avg:  0.0, Max:  0.0, Diff:  0.0, Sum:  0.0, Workers: 4
[1624.029s][debug][gc,phases      ] GC(137)     Dead                           Min: 0, Avg:  0.0, Max: 0, Diff: 0, Sum: 0, Workers: 4
[1624.029s][debug][gc,phases      ] GC(137)     Total                          Min: 0, Avg:  0.0, Max: 0, Diff: 0, Sum: 0, Workers: 4
[1624.029s][debug][gc,phases      ] GC(137)   StringDedup Requests1 Weak     Min:  0.0, Avg:  0.0, Max:  0.0, Diff:  0.0, Sum:  0.0, Workers: 4
[1624.029s][debug][gc,phases      ] GC(137)     Dead                           Min: 0, Avg:  0.0, Max: 0, Diff: 0, Sum: 0, Workers: 4
[1624.029s][debug][gc,phases      ] GC(137)     Total                          Min: 0, Avg:  0.0, Max: 0, Diff: 0, Sum: 0, Workers: 4
[1624.029s][debug][gc,phases      ] GC(137)   Weak JFR Old Object Samples    Min:  0.0, Avg:  0.0, Max:  0.0, Diff:  0.0, Sum:  0.0, Workers: 4
[1624.029s][debug][gc,phases      ] GC(137)     Dead                           Min: 0, Avg:  0.0, Max: 0, Diff: 0, Sum: 0, Workers: 4
[1624.029s][debug][gc,phases      ] GC(137)     Total                          Min: 0, Avg:  0.0, Max: 0, Diff: 0, Sum: 0, Workers: 4
[1624.029s][debug][gc,phases      ] GC(137) Weak Processing 0.314ms
[1624.029s][debug][gc,age         ] GC(137) Desired survivor size 41943040 bytes, new threshold 15 (max threshold 15)
[1624.029s][info ][gc,heap        ] GC(137) PSYoungGen: 2025456K(2052096K)->16864K(2056192K) Eden: 2008576K(2008576K)->0K(2013696K) From: 16880K(43520K)->16864K(42496K)
[1624.029s][info ][gc,heap        ] GC(137) ParOldGen: 401913K(411648K)->401945K(411648K)
[1624.029s][info ][gc,metaspace   ] GC(137) Metaspace: 80911K(81728K)->80911K(81728K) NonClass: 69532K(69952K)->69532K(69952K) Class: 11379K(11776K)->11379K(11776K)
[1624.029s][info ][gc             ] GC(137) Pause Young (Allocation Failure) 2370M->408M(2410M) 7.830ms
[1624.029s][info ][gc,cpu         ] GC(137) User=0.03s Sys=0.00s Real=0.01s
[1624.029s][info ][safepoint      ] Safepoint "ParallelGCFailedAllocation", Time since last: 11133445891 ns, Reaching safepoint: 116400 ns, At safepoint: 7899837 ns, Total: 8016237 ns
[1659.204s][info ][gc,start       ] GC(138) Pause Young (Allocation Failure)
[1659.209s][debug][gc,phases      ] GC(138) Scavenge 5.334ms
[1659.209s][debug][gc,ref         ] GC(138) Skipped phase 1 of Reference Processing: no references
[1659.209s][debug][gc,ref         ] GC(138) ReferenceProcessor::execute queues: 1, RefProcThreadModel::Single, marks_oops_alive: false
[1659.209s][debug][gc,ref         ] GC(138) Skipped phase 3 of Reference Processing: no references
[1659.209s][debug][gc,ref         ] GC(138) ReferenceProcessor::execute queues: 1, RefProcThreadModel::Single, marks_oops_alive: false
[1659.209s][debug][gc,phases      ] GC(138) Reference Processing 0.125ms
[1659.209s][debug][gc,phases      ] GC(138)   VM Weak                        Min:  0.0, Avg:  0.0, Max:  0.0, Diff:  0.0, Sum:  0.0, Workers: 4
[1659.209s][debug][gc,phases      ] GC(138)     Dead                           Min: 0, Avg:  0.0, Max: 0, Diff: 0, Sum: 0, Workers: 4
[1659.209s][debug][gc,phases      ] GC(138)     Total                          Min: 0, Avg: 163.0, Max: 652, Diff: 652, Sum: 652, Workers: 4
[1659.209s][debug][gc,phases      ] GC(138)   ObjectSynchronizer Weak        Min:  0.0, Avg:  0.0, Max:  0.0, Diff:  0.0, Sum:  0.0, Workers: 4
[1659.209s][debug][gc,phases      ] GC(138)     Dead                           Min: 0, Avg:  0.0, Max: 0, Diff: 0, Sum: 0, Workers: 4
[1659.209s][debug][gc,phases      ] GC(138)     Total                          Min: 0, Avg: 119.8, Max: 448, Diff: 448, Sum: 479, Workers: 4
[1659.209s][debug][gc,phases      ] GC(138)   JVMTI Tag Weak OopStorage      Min:  0.0, Avg:  0.0, Max:  0.0, Diff:  0.0, Sum:  0.0, Workers: 4
[1659.209s][debug][gc,phases      ] GC(138)     Dead                           Min: 0, Avg:  0.0, Max: 0, Diff: 0, Sum: 0, Workers: 4
[1659.209s][debug][gc,phases      ] GC(138)     Total                          Min: 0, Avg:  0.0, Max: 0, Diff: 0, Sum: 0, Workers: 4
[1659.209s][debug][gc,phases      ] GC(138)   StringTable Weak               Min:  0.1, Avg:  0.1, Max:  0.1, Diff:  0.0, Sum:  0.4, Workers: 4
[1659.209s][debug][gc,phases      ] GC(138)     Dead                           Min: 0, Avg:  0.0, Max: 0, Diff: 0, Sum: 0, Workers: 4
[1659.209s][debug][gc,phases      ] GC(138)     Total                          Min: 9664, Avg: 11988.8, Max: 14144, Diff: 4480, Sum: 47955, Workers: 4
[1659.209s][debug][gc,phases      ] GC(138)   ResolvedMethodTable Weak       Min:  0.0, Avg:  0.0, Max:  0.0, Diff:  0.0, Sum:  0.1, Workers: 4
[1659.209s][debug][gc,phases      ] GC(138)     Dead                           Min: 0, Avg:  0.0, Max: 0, Diff: 0, Sum: 0, Workers: 4
[1659.209s][debug][gc,phases      ] GC(138)     Total                          Min: 1728, Avg: 2032.8, Max: 2560, Diff: 832, Sum: 8131, Workers: 4
[1659.209s][debug][gc,phases      ] GC(138)   JNI Weak                       Min:  0.0, Avg:  0.0, Max:  0.0, Diff:  0.0, Sum:  0.0, Workers: 4
[1659.209s][debug][gc,phases      ] GC(138)     Dead                           Min: 0, Avg:  0.0, Max: 0, Diff: 0, Sum: 0, Workers: 4
[1659.209s][debug][gc,phases      ] GC(138)     Total                          Min: 0, Avg:  0.0, Max: 0, Diff: 0, Sum: 0, Workers: 4
[1659.209s][debug][gc,phases      ] GC(138)   StringDedup Table Weak         Min:  0.0, Avg:  0.0, Max:  0.0, Diff:  0.0, Sum:  0.0, Workers: 4
[1659.209s][debug][gc,phases      ] GC(138)     Dead                           Min: 0, Avg:  0.0, Max: 0, Diff: 0, Sum: 0, Workers: 4
[1659.209s][debug][gc,phases      ] GC(138)     Total                          Min: 0, Avg:  0.0, Max: 0, Diff: 0, Sum: 0, Workers: 4
[1659.209s][debug][gc,phases      ] GC(138)   StringDedup Requests0 Weak     Min:  0.0, Avg:  0.0, Max:  0.0, Diff:  0.0, Sum:  0.0, Workers: 4
[1659.209s][debug][gc,phases      ] GC(138)     Dead                           Min: 0, Avg:  0.0, Max: 0, Diff: 0, Sum: 0, Workers: 4
[1659.209s][debug][gc,phases      ] GC(138)     Total                          Min: 0, Avg:  0.0, Max: 0, Diff: 0, Sum: 0, Workers: 4
[1659.209s][debug][gc,phases      ] GC(138)   StringDedup Requests1 Weak     Min:  0.0, Avg:  0.0, Max:  0.0, Diff:  0.0, Sum:  0.0, Workers: 4
[1659.209s][debug][gc,phases      ] GC(138)     Dead                           Min: 0, Avg:  0.0, Max: 0, Diff: 0, Sum: 0, Workers: 4
[1659.209s][debug][gc,phases      ] GC(138)     Total                          Min: 0, Avg:  0.0, Max: 0, Diff: 0, Sum: 0, Workers: 4
[1659.209s][debug][gc,phases      ] GC(138)   Weak JFR Old Object Samples    Min:  0.0, Avg:  0.0, Max:  0.0, Diff:  0.0, Sum:  0.0, Workers: 4
[1659.209s][debug][gc,phases      ] GC(138)     Dead                           Min: 0, Avg:  0.0, Max: 0, Diff: 0, Sum: 0, Workers: 4
[1659.209s][debug][gc,phases      ] GC(138)     Total                          Min: 0, Avg:  0.0, Max: 0, Diff: 0, Sum: 0, Workers: 4
[1659.210s][debug][gc,phases      ] GC(138) Weak Processing 0.255ms
[1659.210s][debug][gc,age         ] GC(138) Desired survivor size 40894464 bytes, new threshold 15 (max threshold 15)
[1659.210s][info ][gc,heap        ] GC(138) PSYoungGen: 2030560K(2056192K)->16816K(2054656K) Eden: 2013696K(2013696K)->0K(2013696K) From: 16864K(42496K)->16816K(40960K)
[1659.210s][info ][gc,heap        ] GC(138) ParOldGen: 401945K(411648K)->401977K(411648K)
[1659.210s][info ][gc,metaspace   ] GC(138) Metaspace: 80911K(81728K)->80911K(81728K) NonClass: 69532K(69952K)->69532K(69952K) Class: 11379K(11776K)->11379K(11776K)
[1659.210s][info ][gc             ] GC(138) Pause Young (Allocation Failure) 2375M->408M(2408M) 5.813ms
[1659.210s][info ][gc,cpu         ] GC(138) User=0.02s Sys=0.00s Real=0.01s
[1659.210s][info ][safepoint      ] Safepoint "ParallelGCFailedAllocation", Time since last: 35174191344 ns, Reaching safepoint: 25301 ns, At safepoint: 5881827 ns, Total: 5907128 ns
[1683.211s][info ][safepoint      ] Safepoint "Cleanup", Time since last: 24001523138 ns, Reaching safepoint: 43500 ns, At safepoint: 28100 ns, Total: 71600 ns
[1694.674s][info ][gc,start       ] GC(139) Pause Young (Allocation Failure)
[1694.680s][debug][gc,phases      ] GC(139) Scavenge 6.138ms
[1694.680s][debug][gc,ref         ] GC(139) Skipped phase 1 of Reference Processing: no references
[1694.680s][debug][gc,ref         ] GC(139) ReferenceProcessor::execute queues: 1, RefProcThreadModel::Single, marks_oops_alive: false
[1694.680s][debug][gc,ref         ] GC(139) Skipped phase 3 of Reference Processing: no references
[1694.680s][debug][gc,ref         ] GC(139) ReferenceProcessor::execute queues: 1, RefProcThreadModel::Single, marks_oops_alive: false
[1694.680s][debug][gc,phases      ] GC(139) Reference Processing 0.094ms
[1694.680s][debug][gc,phases      ] GC(139)   VM Weak                        Min:  0.0, Avg:  0.0, Max:  0.0, Diff:  0.0, Sum:  0.0, Workers: 4
[1694.680s][debug][gc,phases      ] GC(139)     Dead                           Min: 0, Avg:  0.0, Max: 0, Diff: 0, Sum: 0, Workers: 4
[1694.680s][debug][gc,phases      ] GC(139)     Total                          Min: 0, Avg: 163.0, Max: 384, Diff: 384, Sum: 652, Workers: 4
[1694.680s][debug][gc,phases      ] GC(139)   ObjectSynchronizer Weak        Min:  0.0, Avg:  0.0, Max:  0.0, Diff:  0.0, Sum:  0.0, Workers: 4
[1694.680s][debug][gc,phases      ] GC(139)     Dead                           Min: 0, Avg:  0.0, Max: 0, Diff: 0, Sum: 0, Workers: 4
[1694.680s][debug][gc,phases      ] GC(139)     Total                          Min: 0, Avg: 120.0, Max: 224, Diff: 224, Sum: 480, Workers: 4
[1694.680s][debug][gc,phases      ] GC(139)   JVMTI Tag Weak OopStorage      Min:  0.0, Avg:  0.0, Max:  0.0, Diff:  0.0, Sum:  0.0, Workers: 4
[1694.680s][debug][gc,phases      ] GC(139)     Dead                           Min: 0, Avg:  0.0, Max: 0, Diff: 0, Sum: 0, Workers: 4
[1694.680s][debug][gc,phases      ] GC(139)     Total                          Min: 0, Avg:  0.0, Max: 0, Diff: 0, Sum: 0, Workers: 4
[1694.680s][debug][gc,phases      ] GC(139)   StringTable Weak               Min:  0.1, Avg:  0.1, Max:  0.1, Diff:  0.0, Sum:  0.4, Workers: 4
[1694.680s][debug][gc,phases      ] GC(139)     Dead                           Min: 0, Avg:  0.0, Max: 0, Diff: 0, Sum: 0, Workers: 4
[1694.680s][debug][gc,phases      ] GC(139)     Total                          Min: 9344, Avg: 11988.8, Max: 16640, Diff: 7296, Sum: 47955, Workers: 4
[1694.680s][debug][gc,phases      ] GC(139)   ResolvedMethodTable Weak       Min:  0.0, Avg:  0.0, Max:  0.0, Diff:  0.0, Sum:  0.1, Workers: 4
[1694.680s][debug][gc,phases      ] GC(139)     Dead                           Min: 0, Avg:  0.0, Max: 0, Diff: 0, Sum: 0, Workers: 4
[1694.680s][debug][gc,phases      ] GC(139)     Total                          Min: 1664, Avg: 2032.8, Max: 2755, Diff: 1091, Sum: 8131, Workers: 4
[1694.680s][debug][gc,phases      ] GC(139)   JNI Weak                       Min:  0.0, Avg:  0.0, Max:  0.0, Diff:  0.0, Sum:  0.0, Workers: 4
[1694.680s][debug][gc,phases      ] GC(139)     Dead                           Min: 0, Avg:  0.0, Max: 0, Diff: 0, Sum: 0, Workers: 4
[1694.680s][debug][gc,phases      ] GC(139)     Total                          Min: 0, Avg:  0.0, Max: 0, Diff: 0, Sum: 0, Workers: 4
[1694.680s][debug][gc,phases      ] GC(139)   StringDedup Table Weak         Min:  0.0, Avg:  0.0, Max:  0.0, Diff:  0.0, Sum:  0.0, Workers: 4
[1694.680s][debug][gc,phases      ] GC(139)     Dead                           Min: 0, Avg:  0.0, Max: 0, Diff: 0, Sum: 0, Workers: 4
[1694.680s][debug][gc,phases      ] GC(139)     Total                          Min: 0, Avg:  0.0, Max: 0, Diff: 0, Sum: 0, Workers: 4
[1694.680s][debug][gc,phases      ] GC(139)   StringDedup Requests0 Weak     Min:  0.0, Avg:  0.0, Max:  0.0, Diff:  0.0, Sum:  0.0, Workers: 4
[1694.680s][debug][gc,phases      ] GC(139)     Dead                           Min: 0, Avg:  0.0, Max: 0, Diff: 0, Sum: 0, Workers: 4
[1694.680s][debug][gc,phases      ] GC(139)     Total                          Min: 0, Avg:  0.0, Max: 0, Diff: 0, Sum: 0, Workers: 4
[1694.680s][debug][gc,phases      ] GC(139)   StringDedup Requests1 Weak     Min:  0.0, Avg:  0.0, Max:  0.0, Diff:  0.0, Sum:  0.0, Workers: 4
[1694.680s][debug][gc,phases      ] GC(139)     Dead                           Min: 0, Avg:  0.0, Max: 0, Diff: 0, Sum: 0, Workers: 4
[1694.680s][debug][gc,phases      ] GC(139)     Total                          Min: 0, Avg:  0.0, Max: 0, Diff: 0, Sum: 0, Workers: 4
[1694.680s][debug][gc,phases      ] GC(139)   Weak JFR Old Object Samples    Min:  0.0, Avg:  0.0, Max:  0.0, Diff:  0.0, Sum:  0.0, Workers: 4
[1694.680s][debug][gc,phases      ] GC(139)     Dead                           Min: 0, Avg:  0.0, Max: 0, Diff: 0, Sum: 0, Workers: 4
[1694.680s][debug][gc,phases      ] GC(139)     Total                          Min: 0, Avg:  0.0, Max: 0, Diff: 0, Sum: 0, Workers: 4
[1694.680s][debug][gc,phases      ] GC(139) Weak Processing 0.270ms
[1694.680s][debug][gc,age         ] GC(139) Desired survivor size 39321600 bytes, new threshold 15 (max threshold 15)
[1694.680s][info ][gc,heap        ] GC(139) PSYoungGen: 2030512K(2054656K)->16624K(2058752K) Eden: 2013696K(2013696K)->0K(2018816K) From: 16816K(40960K)->16624K(39936K)
[1694.680s][info ][gc,heap        ] GC(139) ParOldGen: 401977K(411648K)->402313K(411648K)
[1694.680s][info ][gc,metaspace   ] GC(139) Metaspace: 80911K(81728K)->80911K(81728K) NonClass: 69532K(69952K)->69532K(69952K) Class: 11379K(11776K)->11379K(11776K)
[1694.680s][info ][gc             ] GC(139) Pause Young (Allocation Failure) 2375M->409M(2412M) 6.607ms
[1694.680s][info ][gc,cpu         ] GC(139) User=0.03s Sys=0.00s Real=0.00s
[1694.680s][info ][safepoint      ] Safepoint "ParallelGCFailedAllocation", Time since last: 11462205757 ns, Reaching safepoint: 94600 ns, At safepoint: 6676431 ns, Total: 6771031 ns
[1715.681s][info ][safepoint      ] Safepoint "Cleanup", Time since last: 21001287970 ns, Reaching safepoint: 45301 ns, At safepoint: 3800 ns, Total: 49101 ns
[1718.682s][info ][safepoint      ] Safepoint "Cleanup", Time since last: 3000226907 ns, Reaching safepoint: 45701 ns, At safepoint: 10000 ns, Total: 55701 ns
[1719.682s][info ][safepoint      ] Safepoint "Cleanup", Time since last: 1000104836 ns, Reaching safepoint: 30000 ns, At safepoint: 2800 ns, Total: 32800 ns
[1720.682s][info ][safepoint      ] Safepoint "Cleanup", Time since last: 1000096436 ns, Reaching safepoint: 40100 ns, At safepoint: 19000 ns, Total: 59100 ns
[1724.682s][info ][safepoint      ] Safepoint "Cleanup", Time since last: 4000219642 ns, Reaching safepoint: 37000 ns, At safepoint: 2900 ns, Total: 39900 ns
[1725.682s][info ][safepoint      ] Safepoint "Cleanup", Time since last: 1000093135 ns, Reaching safepoint: 25600 ns, At safepoint: 2300 ns, Total: 27900 ns
[1727.683s][info ][safepoint      ] Safepoint "Cleanup", Time since last: 2000165071 ns, Reaching safepoint: 40700 ns, At safepoint: 5200 ns, Total: 45900 ns
[1729.683s][info ][safepoint      ] Safepoint "Cleanup", Time since last: 2000152471 ns, Reaching safepoint: 42600 ns, At safepoint: 7300 ns, Total: 49900 ns
[1729.693s][info ][gc,start       ] GC(140) Pause Young (Allocation Failure)
[1729.702s][debug][gc,phases      ] GC(140) Scavenge 9.297ms
[1729.703s][debug][gc,ref         ] GC(140) Skipped phase 1 of Reference Processing: no references
[1729.703s][debug][gc,ref         ] GC(140) ReferenceProcessor::execute queues: 1, RefProcThreadModel::Single, marks_oops_alive: false
[1729.703s][debug][gc,ref         ] GC(140) Skipped phase 3 of Reference Processing: no references
[1729.703s][debug][gc,ref         ] GC(140) ReferenceProcessor::execute queues: 1, RefProcThreadModel::Single, marks_oops_alive: false
[1729.703s][debug][gc,phases      ] GC(140) Reference Processing 0.125ms
[1729.703s][debug][gc,phases      ] GC(140)   VM Weak                        Min:  0.0, Avg:  0.0, Max:  0.0, Diff:  0.0, Sum:  0.0, Workers: 4
[1729.703s][debug][gc,phases      ] GC(140)     Dead                           Min: 0, Avg:  0.0, Max: 0, Diff: 0, Sum: 0, Workers: 4
[1729.703s][debug][gc,phases      ] GC(140)     Total                          Min: 0, Avg: 163.0, Max: 396, Diff: 396, Sum: 652, Workers: 4
[1729.703s][debug][gc,phases      ] GC(140)   ObjectSynchronizer Weak        Min:  0.0, Avg:  0.0, Max:  0.0, Diff:  0.0, Sum:  0.0, Workers: 4
[1729.703s][debug][gc,phases      ] GC(140)     Dead                           Min: 0, Avg:  0.0, Max: 0, Diff: 0, Sum: 0, Workers: 4
[1729.703s][debug][gc,phases      ] GC(140)     Total                          Min: 0, Avg: 120.0, Max: 192, Diff: 192, Sum: 480, Workers: 4
[1729.703s][debug][gc,phases      ] GC(140)   JVMTI Tag Weak OopStorage      Min:  0.0, Avg:  0.0, Max:  0.0, Diff:  0.0, Sum:  0.0, Workers: 4
[1729.703s][debug][gc,phases      ] GC(140)     Dead                           Min: 0, Avg:  0.0, Max: 0, Diff: 0, Sum: 0, Workers: 4
[1729.703s][debug][gc,phases      ] GC(140)     Total                          Min: 0, Avg:  0.0, Max: 0, Diff: 0, Sum: 0, Workers: 4
[1729.703s][debug][gc,phases      ] GC(140)   StringTable Weak               Min:  0.1, Avg:  0.1, Max:  0.1, Diff:  0.0, Sum:  0.5, Workers: 4
[1729.703s][debug][gc,phases      ] GC(140)     Dead                           Min: 0, Avg:  0.0, Max: 0, Diff: 0, Sum: 0, Workers: 4
[1729.703s][debug][gc,phases      ] GC(140)     Total                          Min: 11648, Avg: 11988.8, Max: 12352, Diff: 704, Sum: 47955, Workers: 4
[1729.703s][debug][gc,phases      ] GC(140)   ResolvedMethodTable Weak       Min:  0.0, Avg:  0.0, Max:  0.0, Diff:  0.0, Sum:  0.1, Workers: 4
[1729.703s][debug][gc,phases      ] GC(140)     Dead                           Min: 0, Avg:  0.0, Max: 0, Diff: 0, Sum: 0, Workers: 4
[1729.703s][debug][gc,phases      ] GC(140)     Total                          Min: 1856, Avg: 2032.8, Max: 2307, Diff: 451, Sum: 8131, Workers: 4
[1729.703s][debug][gc,phases      ] GC(140)   JNI Weak                       Min:  0.0, Avg:  0.0, Max:  0.0, Diff:  0.0, Sum:  0.0, Workers: 4
[1729.703s][debug][gc,phases      ] GC(140)     Dead                           Min: 0, Avg:  0.0, Max: 0, Diff: 0, Sum: 0, Workers: 4
[1729.703s][debug][gc,phases      ] GC(140)     Total                          Min: 0, Avg:  0.0, Max: 0, Diff: 0, Sum: 0, Workers: 4
[1729.703s][debug][gc,phases      ] GC(140)   StringDedup Table Weak         Min:  0.0, Avg:  0.0, Max:  0.0, Diff:  0.0, Sum:  0.0, Workers: 4
[1729.703s][debug][gc,phases      ] GC(140)     Dead                           Min: 0, Avg:  0.0, Max: 0, Diff: 0, Sum: 0, Workers: 4
[1729.703s][debug][gc,phases      ] GC(140)     Total                          Min: 0, Avg:  0.0, Max: 0, Diff: 0, Sum: 0, Workers: 4
[1729.703s][debug][gc,phases      ] GC(140)   StringDedup Requests0 Weak     Min:  0.0, Avg:  0.0, Max:  0.0, Diff:  0.0, Sum:  0.0, Workers: 4
[1729.703s][debug][gc,phases      ] GC(140)     Dead                           Min: 0, Avg:  0.0, Max: 0, Diff: 0, Sum: 0, Workers: 4
[1729.703s][debug][gc,phases      ] GC(140)     Total                          Min: 0, Avg:  0.0, Max: 0, Diff: 0, Sum: 0, Workers: 4
[1729.703s][debug][gc,phases      ] GC(140)   StringDedup Requests1 Weak     Min:  0.0, Avg:  0.0, Max:  0.0, Diff:  0.0, Sum:  0.0, Workers: 4
[1729.703s][debug][gc,phases      ] GC(140)     Dead                           Min: 0, Avg:  0.0, Max: 0, Diff: 0, Sum: 0, Workers: 4
[1729.703s][debug][gc,phases      ] GC(140)     Total                          Min: 0, Avg:  0.0, Max: 0, Diff: 0, Sum: 0, Workers: 4
[1729.703s][debug][gc,phases      ] GC(140)   Weak JFR Old Object Samples    Min:  0.0, Avg:  0.0, Max:  0.0, Diff:  0.0, Sum:  0.0, Workers: 4
[1729.703s][debug][gc,phases      ] GC(140)     Dead                           Min: 0, Avg:  0.0, Max: 0, Diff: 0, Sum: 0, Workers: 4
[1729.703s][debug][gc,phases      ] GC(140)     Total                          Min: 0, Avg:  0.0, Max: 0, Diff: 0, Sum: 0, Workers: 4
[1729.703s][debug][gc,phases      ] GC(140) Weak Processing 0.368ms
[1729.703s][debug][gc,age         ] GC(140) Desired survivor size 38797312 bytes, new threshold 15 (max threshold 15)
[1729.703s][info ][gc,heap        ] GC(140) PSYoungGen: 2035440K(2058752K)->11984K(2057216K) Eden: 2018816K(2018816K)->0K(2018816K) From: 16624K(39936K)->11984K(38400K)
[1729.703s][info ][gc,heap        ] GC(140) ParOldGen: 402313K(411648K)->406977K(411648K)
[1729.703s][info ][gc,metaspace   ] GC(140) Metaspace: 80922K(81728K)->80922K(81728K) NonClass: 69543K(69952K)->69543K(69952K) Class: 11379K(11776K)->11379K(11776K)
[1729.703s][info ][gc             ] GC(140) Pause Young (Allocation Failure) 2380M->409M(2411M) 9.925ms
[1729.703s][info ][gc,cpu         ] GC(140) User=0.04s Sys=0.00s Real=0.01s
[1729.703s][debug][gc,phases      ] GC(141) Pre Compact 0.013ms
[1729.703s][info ][gc,start       ] GC(141) Pause Full (Ergonomics)
[1729.703s][info ][gc,phases,start] GC(141) Marking Phase
[1729.849s][debug][gc,phases      ] GC(141) Par Mark 145.683ms
[1729.849s][debug][gc,ref         ] GC(141) Skipped phase 1 of Reference Processing: no references
[1729.850s][debug][gc,ref         ] GC(141) ReferenceProcessor::execute queues: 4, RefProcThreadModel::Multi, marks_oops_alive: false
[1729.850s][debug][gc,ref         ] GC(141) Skipped phase 3 of Reference Processing: no references
[1729.850s][debug][gc,ref         ] GC(141) ReferenceProcessor::execute queues: 1, RefProcThreadModel::Single, marks_oops_alive: false
[1729.850s][debug][gc,phases      ] GC(141) Reference Processing 1.165ms
[1729.850s][debug][gc,phases      ] GC(141)   VM Weak                        Min:  0.0, Avg:  0.0, Max:  0.0, Diff:  0.0, Sum:  0.0, Workers: 4
[1729.850s][debug][gc,phases      ] GC(141)     Dead                           Min: 0, Avg:  0.0, Max: 0, Diff: 0, Sum: 0, Workers: 4
[1729.850s][debug][gc,phases      ] GC(141)     Total                          Min: 0, Avg: 163.0, Max: 332, Diff: 332, Sum: 652, Workers: 4
[1729.850s][debug][gc,phases      ] GC(141)   ObjectSynchronizer Weak        Min:  0.0, Avg:  0.0, Max:  0.0, Diff:  0.0, Sum:  0.0, Workers: 4
[1729.850s][debug][gc,phases      ] GC(141)     Dead                           Min: 0, Avg:  0.0, Max: 0, Diff: 0, Sum: 0, Workers: 4
[1729.850s][debug][gc,phases      ] GC(141)     Total                          Min: 0, Avg: 120.0, Max: 192, Diff: 192, Sum: 480, Workers: 4
[1729.850s][debug][gc,phases      ] GC(141)   JVMTI Tag Weak OopStorage      Min:  0.0, Avg:  0.0, Max:  0.0, Diff:  0.0, Sum:  0.0, Workers: 4
[1729.850s][debug][gc,phases      ] GC(141)     Dead                           Min: 0, Avg:  0.0, Max: 0, Diff: 0, Sum: 0, Workers: 4
[1729.850s][debug][gc,phases      ] GC(141)     Total                          Min: 0, Avg:  0.0, Max: 0, Diff: 0, Sum: 0, Workers: 4
[1729.850s][debug][gc,phases      ] GC(141)   StringTable Weak               Min:  0.0, Avg:  0.2, Max:  0.2, Diff:  0.2, Sum:  0.7, Workers: 4
[1729.851s][debug][gc,phases      ] GC(141)     Dead                           Min: 0, Avg:  0.0, Max: 0, Diff: 0, Sum: 0, Workers: 4
[1729.851s][debug][gc,phases      ] GC(141)     Total                          Min: 0, Avg: 11988.8, Max: 16832, Diff: 16832, Sum: 47955, Workers: 4
[1729.851s][debug][gc,phases      ] GC(141)   ResolvedMethodTable Weak       Min:  0.0, Avg:  0.0, Max:  0.0, Diff:  0.0, Sum:  0.1, Workers: 4
[1729.851s][debug][gc,phases      ] GC(141)     Dead                           Min: 0, Avg:  0.0, Max: 0, Diff: 0, Sum: 0, Workers: 4
[1729.851s][debug][gc,phases      ] GC(141)     Total                          Min: 0, Avg: 2032.8, Max: 2819, Diff: 2819, Sum: 8131, Workers: 4
[1729.851s][debug][gc,phases      ] GC(141)   JNI Weak                       Min:  0.0, Avg:  0.0, Max:  0.0, Diff:  0.0, Sum:  0.0, Workers: 4
[1729.851s][debug][gc,phases      ] GC(141)     Dead                           Min: 0, Avg:  0.0, Max: 0, Diff: 0, Sum: 0, Workers: 4
[1729.851s][debug][gc,phases      ] GC(141)     Total                          Min: 0, Avg:  0.0, Max: 0, Diff: 0, Sum: 0, Workers: 4
[1729.851s][debug][gc,phases      ] GC(141)   StringDedup Table Weak         Min:  0.0, Avg:  0.0, Max:  0.0, Diff:  0.0, Sum:  0.0, Workers: 4
[1729.851s][debug][gc,phases      ] GC(141)     Dead                           Min: 0, Avg:  0.0, Max: 0, Diff: 0, Sum: 0, Workers: 4
[1729.851s][debug][gc,phases      ] GC(141)     Total                          Min: 0, Avg:  0.0, Max: 0, Diff: 0, Sum: 0, Workers: 4
[1729.851s][debug][gc,phases      ] GC(141)   StringDedup Requests0 Weak     Min:  0.0, Avg:  0.0, Max:  0.0, Diff:  0.0, Sum:  0.0, Workers: 4
[1729.851s][debug][gc,phases      ] GC(141)     Dead                           Min: 0, Avg:  0.0, Max: 0, Diff: 0, Sum: 0, Workers: 4
[1729.851s][debug][gc,phases      ] GC(141)     Total                          Min: 0, Avg:  0.0, Max: 0, Diff: 0, Sum: 0, Workers: 4
[1729.851s][debug][gc,phases      ] GC(141)   StringDedup Requests1 Weak     Min:  0.0, Avg:  0.0, Max:  0.0, Diff:  0.0, Sum:  0.0, Workers: 4
[1729.851s][debug][gc,phases      ] GC(141)     Dead                           Min: 0, Avg:  0.0, Max: 0, Diff: 0, Sum: 0, Workers: 4
[1729.851s][debug][gc,phases      ] GC(141)     Total                          Min: 0, Avg:  0.0, Max: 0, Diff: 0, Sum: 0, Workers: 4
[1729.851s][debug][gc,phases      ] GC(141)   Weak JFR Old Object Samples    Min:  0.0, Avg:  0.0, Max:  0.0, Diff:  0.0, Sum:  0.0, Workers: 4
[1729.851s][debug][gc,phases      ] GC(141)     Dead                           Min: 0, Avg:  0.0, Max: 0, Diff: 0, Sum: 0, Workers: 4
[1729.851s][debug][gc,phases      ] GC(141)     Total                          Min: 0, Avg:  0.0, Max: 0, Diff: 0, Sum: 0, Workers: 4
[1729.851s][debug][gc,phases      ] GC(141) Weak Processing 0.502ms
[1729.851s][debug][gc,phases      ] GC(141) ClassLoaderData 0.082ms
[1729.851s][debug][gc,phases      ] GC(141) Trigger cleanups 0.000ms
[1729.870s][debug][gc,phases      ] GC(141) Class Unloading 19.295ms
[1729.870s][info ][gc,phases      ] GC(141) Marking Phase 166.809ms
[1729.870s][info ][gc,phases,start] GC(141) Summary Phase
[1729.870s][info ][gc,phases      ] GC(141) Summary Phase 0.019ms
[1729.870s][info ][gc,phases,start] GC(141) Adjust Roots
[1729.881s][info ][gc,phases      ] GC(141) Adjust Roots 11.458ms
[1729.881s][info ][gc,phases,start] GC(141) Compaction Phase
[1729.972s][info ][gc,phases      ] GC(141) Compaction Phase 90.578ms
[1729.972s][info ][gc,phases,start] GC(141) Post Compact
[1729.973s][info ][gc,phases      ] GC(141) Post Compact 0.735ms
[1729.973s][info ][gc,heap        ] GC(141) PSYoungGen: 11984K(2057216K)->0K(2059264K) Eden: 0K(2018816K)->0K(2021376K) From: 11984K(38400K)->0K(37888K)
[1729.973s][info ][gc,heap        ] GC(141) ParOldGen: 406977K(411648K)->398515K(475648K)
[1729.973s][info ][gc,metaspace   ] GC(141) Metaspace: 80922K(81728K)->80922K(81728K) NonClass: 69543K(69952K)->69543K(69952K) Class: 11379K(11776K)->11379K(11776K)
[1729.973s][info ][gc             ] GC(141) Pause Full (Ergonomics) 409M->389M(2475M) 269.846ms
[1729.973s][info ][gc,cpu         ] GC(141) User=0.98s Sys=0.00s Real=0.27s
[1729.973s][info ][safepoint      ] Safepoint "ParallelGCFailedAllocation", Time since last: 10160547 ns, Reaching safepoint: 100600 ns, At safepoint: 279939598 ns, Total: 280040198 ns
[1732.973s][info ][safepoint      ] Safepoint "Cleanup", Time since last: 3000207905 ns, Reaching safepoint: 44500 ns, At safepoint: 6300 ns, Total: 50800 ns
[1735.974s][info ][safepoint      ] Safepoint "Cleanup", Time since last: 3000229004 ns, Reaching safepoint: 49701 ns, At safepoint: 10400 ns, Total: 60101 ns
[1765.342s][info ][gc,start       ] GC(142) Pause Young (Allocation Failure)
[1765.343s][debug][gc,phases      ] GC(142) Scavenge 1.236ms
[1765.343s][debug][gc,ref         ] GC(142) Skipped phase 1 of Reference Processing: no references
[1765.343s][debug][gc,ref         ] GC(142) Skipped phase 2 of Reference Processing: no references
[1765.343s][debug][gc,ref         ] GC(142) Skipped phase 3 of Reference Processing: no references
[1765.343s][debug][gc,ref         ] GC(142) Skipped phase 4 of Reference Processing: no references
[1765.343s][debug][gc,phases      ] GC(142) Reference Processing 0.020ms
[1765.343s][debug][gc,phases      ] GC(142)   VM Weak                        Min:  0.0, Avg:  0.0, Max:  0.0, Diff:  0.0, Sum:  0.0, Workers: 4
[1765.343s][debug][gc,phases      ] GC(142)     Dead                           Min: 0, Avg:  0.0, Max: 0, Diff: 0, Sum: 0, Workers: 4
[1765.343s][debug][gc,phases      ] GC(142)     Total                          Min: 0, Avg: 163.0, Max: 640, Diff: 640, Sum: 652, Workers: 4
[1765.343s][debug][gc,phases      ] GC(142)   ObjectSynchronizer Weak        Min:  0.0, Avg:  0.0, Max:  0.0, Diff:  0.0, Sum:  0.0, Workers: 4
[1765.343s][debug][gc,phases      ] GC(142)     Dead                           Min: 0, Avg:  0.0, Max: 0, Diff: 0, Sum: 0, Workers: 4
[1765.343s][debug][gc,phases      ] GC(142)     Total                          Min: 0, Avg: 120.0, Max: 320, Diff: 320, Sum: 480, Workers: 4
[1765.343s][debug][gc,phases      ] GC(142)   JVMTI Tag Weak OopStorage      Min:  0.0, Avg:  0.0, Max:  0.0, Diff:  0.0, Sum:  0.0, Workers: 4
[1765.343s][debug][gc,phases      ] GC(142)     Dead                           Min: 0, Avg:  0.0, Max: 0, Diff: 0, Sum: 0, Workers: 4
[1765.343s][debug][gc,phases      ] GC(142)     Total                          Min: 0, Avg:  0.0, Max: 0, Diff: 0, Sum: 0, Workers: 4
[1765.343s][debug][gc,phases      ] GC(142)   StringTable Weak               Min:  0.1, Avg:  0.1, Max:  0.1, Diff:  0.0, Sum:  0.3, Workers: 4
[1765.343s][debug][gc,phases      ] GC(142)     Dead                           Min: 0, Avg:  0.0, Max: 0, Diff: 0, Sum: 0, Workers: 4
[1765.343s][debug][gc,phases      ] GC(142)     Total                          Min: 11264, Avg: 11988.8, Max: 12800, Diff: 1536, Sum: 47955, Workers: 4
[1765.343s][debug][gc,phases      ] GC(142)   ResolvedMethodTable Weak       Min:  0.0, Avg:  0.0, Max:  0.0, Diff:  0.0, Sum:  0.1, Workers: 4
[1765.343s][debug][gc,phases      ] GC(142)     Dead                           Min: 0, Avg:  0.0, Max: 0, Diff: 0, Sum: 0, Workers: 4
[1765.343s][debug][gc,phases      ] GC(142)     Total                          Min: 1920, Avg: 2032.8, Max: 2115, Diff: 195, Sum: 8131, Workers: 4
[1765.343s][debug][gc,phases      ] GC(142)   JNI Weak                       Min:  0.0, Avg:  0.0, Max:  0.0, Diff:  0.0, Sum:  0.0, Workers: 4
[1765.343s][debug][gc,phases      ] GC(142)     Dead                           Min: 0, Avg:  0.0, Max: 0, Diff: 0, Sum: 0, Workers: 4
[1765.343s][debug][gc,phases      ] GC(142)     Total                          Min: 0, Avg:  0.0, Max: 0, Diff: 0, Sum: 0, Workers: 4
[1765.343s][debug][gc,phases      ] GC(142)   StringDedup Table Weak         Min:  0.0, Avg:  0.0, Max:  0.0, Diff:  0.0, Sum:  0.0, Workers: 4
[1765.343s][debug][gc,phases      ] GC(142)     Dead                           Min: 0, Avg:  0.0, Max: 0, Diff: 0, Sum: 0, Workers: 4
[1765.343s][debug][gc,phases      ] GC(142)     Total                          Min: 0, Avg:  0.0, Max: 0, Diff: 0, Sum: 0, Workers: 4
[1765.343s][debug][gc,phases      ] GC(142)   StringDedup Requests0 Weak     Min:  0.0, Avg:  0.0, Max:  0.0, Diff:  0.0, Sum:  0.0, Workers: 4
[1765.343s][debug][gc,phases      ] GC(142)     Dead                           Min: 0, Avg:  0.0, Max: 0, Diff: 0, Sum: 0, Workers: 4
[1765.343s][debug][gc,phases      ] GC(142)     Total                          Min: 0, Avg:  0.0, Max: 0, Diff: 0, Sum: 0, Workers: 4
[1765.343s][debug][gc,phases      ] GC(142)   StringDedup Requests1 Weak     Min:  0.0, Avg:  0.0, Max:  0.0, Diff:  0.0, Sum:  0.0, Workers: 4
[1765.343s][debug][gc,phases      ] GC(142)     Dead                           Min: 0, Avg:  0.0, Max: 0, Diff: 0, Sum: 0, Workers: 4
[1765.343s][debug][gc,phases      ] GC(142)     Total                          Min: 0, Avg:  0.0, Max: 0, Diff: 0, Sum: 0, Workers: 4
[1765.343s][debug][gc,phases      ] GC(142)   Weak JFR Old Object Samples    Min:  0.0, Avg:  0.0, Max:  0.0, Diff:  0.0, Sum:  0.0, Workers: 4
[1765.343s][debug][gc,phases      ] GC(142)     Dead                           Min: 0, Avg:  0.0, Max: 0, Diff: 0, Sum: 0, Workers: 4
[1765.343s][debug][gc,phases      ] GC(142)     Total                          Min: 0, Avg:  0.0, Max: 0, Diff: 0, Sum: 0, Workers: 4
[1765.343s][debug][gc,phases      ] GC(142) Weak Processing 0.245ms
[1765.343s][debug][gc,age         ] GC(142) Desired survivor size 40370176 bytes, new threshold 15 (max threshold 15)
[1765.343s][info ][gc,heap        ] GC(142) PSYoungGen: 2021376K(2059264K)->352K(2021888K) Eden: 2021376K(2021376K)->0K(2021376K) From: 0K(37888K)->352K(512K)
[1765.343s][info ][gc,heap        ] GC(142) ParOldGen: 398515K(475648K)->398515K(475648K)
[1765.343s][info ][gc,metaspace   ] GC(142) Metaspace: 80929K(81728K)->80929K(81728K) NonClass: 69550K(69952K)->69550K(69952K) Class: 11379K(11776K)->11379K(11776K)
[1765.343s][info ][gc             ] GC(142) Pause Young (Allocation Failure) 2363M->389M(2439M) 1.586ms
[1765.343s][info ][gc,cpu         ] GC(142) User=0.01s Sys=0.00s Real=0.00s
[1765.343s][info ][safepoint      ] Safepoint "ParallelGCFailedAllocation", Time since last: 29368065474 ns, Reaching safepoint: 38501 ns, At safepoint: 1651607 ns, Total: 1690108 ns
[1767.344s][info ][safepoint      ] Safepoint "Cleanup", Time since last: 2000139566 ns, Reaching safepoint: 108500 ns, At safepoint: 8900 ns, Total: 117400 ns
[1770.344s][info ][safepoint      ] Safepoint "Cleanup", Time since last: 3000218698 ns, Reaching safepoint: 38400 ns, At safepoint: 5800 ns, Total: 44200 ns
[1775.344s][info ][safepoint      ] Safepoint "Cleanup", Time since last: 5000353880 ns, Reaching safepoint: 45800 ns, At safepoint: 14700 ns, Total: 60500 ns
[1783.345s][info ][safepoint      ] Safepoint "Cleanup", Time since last: 8000517887 ns, Reaching safepoint: 48700 ns, At safepoint: 17800 ns, Total: 66500 ns
[1785.345s][info ][safepoint      ] Safepoint "Cleanup", Time since last: 2000125759 ns, Reaching safepoint: 43601 ns, At safepoint: 2600 ns, Total: 46201 ns
[1792.346s][info ][safepoint      ] Safepoint "Cleanup", Time since last: 7000475767 ns, Reaching safepoint: 51000 ns, At safepoint: 5300 ns, Total: 56300 ns
[1798.346s][info ][safepoint      ] Safepoint "Cleanup", Time since last: 6000376895 ns, Reaching safepoint: 38100 ns, At safepoint: 2200 ns, Total: 40300 ns
[1799.346s][info ][safepoint      ] Safepoint "Cleanup", Time since last: 1000091812 ns, Reaching safepoint: 39900 ns, At safepoint: 2700 ns, Total: 42600 ns
[1800.026s][info ][gc,start       ] GC(143) Pause Young (Allocation Failure)
[1800.028s][debug][gc,phases      ] GC(143) Scavenge 1.538ms
[1800.028s][debug][gc,ref         ] GC(143) Skipped phase 1 of Reference Processing: no references
[1800.028s][debug][gc,ref         ] GC(143) ReferenceProcessor::execute queues: 1, RefProcThreadModel::Single, marks_oops_alive: false
[1800.028s][debug][gc,ref         ] GC(143) Skipped phase 3 of Reference Processing: no references
[1800.028s][debug][gc,ref         ] GC(143) ReferenceProcessor::execute queues: 1, RefProcThreadModel::Single, marks_oops_alive: false
[1800.028s][debug][gc,phases      ] GC(143) Reference Processing 0.101ms
[1800.028s][debug][gc,phases      ] GC(143)   VM Weak                        Min:  0.0, Avg:  0.0, Max:  0.0, Diff:  0.0, Sum:  0.0, Workers: 4
[1800.028s][debug][gc,phases      ] GC(143)     Dead                           Min: 0, Avg:  0.0, Max: 0, Diff: 0, Sum: 0, Workers: 4
[1800.028s][debug][gc,phases      ] GC(143)     Total                          Min: 0, Avg: 163.0, Max: 652, Diff: 652, Sum: 652, Workers: 4
[1800.028s][debug][gc,phases      ] GC(143)   ObjectSynchronizer Weak        Min:  0.0, Avg:  0.0, Max:  0.0, Diff:  0.0, Sum:  0.0, Workers: 4
[1800.028s][debug][gc,phases      ] GC(143)     Dead                           Min: 0, Avg:  0.0, Max: 0, Diff: 0, Sum: 0, Workers: 4
[1800.028s][debug][gc,phases      ] GC(143)     Total                          Min: 0, Avg: 120.0, Max: 384, Diff: 384, Sum: 480, Workers: 4
[1800.028s][debug][gc,phases      ] GC(143)   JVMTI Tag Weak OopStorage      Min:  0.0, Avg:  0.0, Max:  0.0, Diff:  0.0, Sum:  0.0, Workers: 4
[1800.028s][debug][gc,phases      ] GC(143)     Dead                           Min: 0, Avg:  0.0, Max: 0, Diff: 0, Sum: 0, Workers: 4
[1800.028s][debug][gc,phases      ] GC(143)     Total                          Min: 0, Avg:  0.0, Max: 0, Diff: 0, Sum: 0, Workers: 4
[1800.028s][debug][gc,phases      ] GC(143)   StringTable Weak               Min:  0.1, Avg:  0.1, Max:  0.1, Diff:  0.0, Sum:  0.3, Workers: 4
[1800.028s][debug][gc,phases      ] GC(143)     Dead                           Min: 0, Avg:  0.0, Max: 0, Diff: 0, Sum: 0, Workers: 4
[1800.028s][debug][gc,phases      ] GC(143)     Total                          Min: 11456, Avg: 11989.0, Max: 12500, Diff: 1044, Sum: 47956, Workers: 4
[1800.028s][debug][gc,phases      ] GC(143)   ResolvedMethodTable Weak       Min:  0.0, Avg:  0.0, Max:  0.0, Diff:  0.0, Sum:  0.1, Workers: 4
[1800.028s][debug][gc,phases      ] GC(143)     Dead                           Min: 0, Avg:  0.0, Max: 0, Diff: 0, Sum: 0, Workers: 4
[1800.028s][debug][gc,phases      ] GC(143)     Total                          Min: 1280, Avg: 2033.0, Max: 2372, Diff: 1092, Sum: 8132, Workers: 4
[1800.028s][debug][gc,phases      ] GC(143)   JNI Weak                       Min:  0.0, Avg:  0.0, Max:  0.0, Diff:  0.0, Sum:  0.0, Workers: 4
[1800.028s][debug][gc,phases      ] GC(143)     Dead                           Min: 0, Avg:  0.0, Max: 0, Diff: 0, Sum: 0, Workers: 4
[1800.028s][debug][gc,phases      ] GC(143)     Total                          Min: 0, Avg:  0.0, Max: 0, Diff: 0, Sum: 0, Workers: 4
[1800.028s][debug][gc,phases      ] GC(143)   StringDedup Table Weak         Min:  0.0, Avg:  0.0, Max:  0.0, Diff:  0.0, Sum:  0.0, Workers: 4
[1800.028s][debug][gc,phases      ] GC(143)     Dead                           Min: 0, Avg:  0.0, Max: 0, Diff: 0, Sum: 0, Workers: 4
[1800.028s][debug][gc,phases      ] GC(143)     Total                          Min: 0, Avg:  0.0, Max: 0, Diff: 0, Sum: 0, Workers: 4
[1800.028s][debug][gc,phases      ] GC(143)   StringDedup Requests0 Weak     Min:  0.0, Avg:  0.0, Max:  0.0, Diff:  0.0, Sum:  0.0, Workers: 4
[1800.028s][debug][gc,phases      ] GC(143)     Dead                           Min: 0, Avg:  0.0, Max: 0, Diff: 0, Sum: 0, Workers: 4
[1800.028s][debug][gc,phases      ] GC(143)     Total                          Min: 0, Avg:  0.0, Max: 0, Diff: 0, Sum: 0, Workers: 4
[1800.028s][debug][gc,phases      ] GC(143)   StringDedup Requests1 Weak     Min:  0.0, Avg:  0.0, Max:  0.0, Diff:  0.0, Sum:  0.0, Workers: 4
[1800.028s][debug][gc,phases      ] GC(143)     Dead                           Min: 0, Avg:  0.0, Max: 0, Diff: 0, Sum: 0, Workers: 4
[1800.028s][debug][gc,phases      ] GC(143)     Total                          Min: 0, Avg:  0.0, Max: 0, Diff: 0, Sum: 0, Workers: 4
[1800.028s][debug][gc,phases      ] GC(143)   Weak JFR Old Object Samples    Min:  0.0, Avg:  0.0, Max:  0.0, Diff:  0.0, Sum:  0.0, Workers: 4
[1800.028s][debug][gc,phases      ] GC(143)     Dead                           Min: 0, Avg:  0.0, Max: 0, Diff: 0, Sum: 0, Workers: 4
[1800.028s][debug][gc,phases      ] GC(143)     Total                          Min: 0, Avg:  0.0, Max: 0, Diff: 0, Sum: 0, Workers: 4
[1800.028s][debug][gc,phases      ] GC(143) Weak Processing 0.241ms
[1800.028s][debug][gc,age         ] GC(143) Desired survivor size 40894464 bytes, new threshold 15 (max threshold 15)
[1800.028s][info ][gc,heap        ] GC(143) PSYoungGen: 2021728K(2021888K)->448K(2056704K) Eden: 2021376K(2021376K)->0K(2017280K) From: 352K(512K)->448K(39424K)
[1800.028s][info ][gc,heap        ] GC(143) ParOldGen: 398515K(475648K)->398523K(475648K)
[1800.028s][info ][gc,metaspace   ] GC(143) Metaspace: 80946K(81728K)->80946K(81728K) NonClass: 69567K(69952K)->69567K(69952K) Class: 11379K(11776K)->11379K(11776K)
[1800.028s][info ][gc             ] GC(143) Pause Young (Allocation Failure) 2363M->389M(2473M) 1.976ms
[1800.028s][info ][gc,cpu         ] GC(143) User=0.01s Sys=0.00s Real=0.00s
[1800.028s][info ][safepoint      ] Safepoint "ParallelGCFailedAllocation", Time since last: 679942811 ns, Reaching safepoint: 32900 ns, At safepoint: 2044511 ns, Total: 2077411 ns
[1802.028s][info ][safepoint      ] Safepoint "Cleanup", Time since last: 2000118117 ns, Reaching safepoint: 27800 ns, At safepoint: 3200 ns, Total: 31000 ns
[1820.029s][info ][safepoint      ] Safepoint "Cleanup", Time since last: 18001118642 ns, Reaching safepoint: 47900 ns, At safepoint: 2700 ns, Total: 50600 ns
[1826.030s][info ][safepoint      ] Safepoint "Cleanup", Time since last: 6000407695 ns, Reaching safepoint: 53300 ns, At safepoint: 5400 ns, Total: 58700 ns
[1827.030s][info ][safepoint      ] Safepoint "Cleanup", Time since last: 1000092479 ns, Reaching safepoint: 38800 ns, At safepoint: 6000 ns, Total: 44800 ns
[1830.030s][info ][safepoint      ] Safepoint "Cleanup", Time since last: 3000218729 ns, Reaching safepoint: 44000 ns, At safepoint: 5600 ns, Total: 49600 ns
[1835.368s][info ][gc,start       ] GC(144) Pause Young (Allocation Failure)
[1835.369s][debug][gc,phases      ] GC(144) Scavenge 1.009ms
[1835.369s][debug][gc,ref         ] GC(144) Skipped phase 1 of Reference Processing: no references
[1835.369s][debug][gc,ref         ] GC(144) Skipped phase 2 of Reference Processing: no references
[1835.369s][debug][gc,ref         ] GC(144) Skipped phase 3 of Reference Processing: no references
[1835.369s][debug][gc,ref         ] GC(144) Skipped phase 4 of Reference Processing: no references
[1835.369s][debug][gc,phases      ] GC(144) Reference Processing 0.020ms
[1835.369s][debug][gc,phases      ] GC(144)   VM Weak                        Min:  0.0, Avg:  0.0, Max:  0.0, Diff:  0.0, Sum:  0.0, Workers: 4
[1835.369s][debug][gc,phases      ] GC(144)     Dead                           Min: 0, Avg:  0.0, Max: 0, Diff: 0, Sum: 0, Workers: 4
[1835.369s][debug][gc,phases      ] GC(144)     Total                          Min: 0, Avg: 163.0, Max: 652, Diff: 652, Sum: 652, Workers: 4
[1835.369s][debug][gc,phases      ] GC(144)   ObjectSynchronizer Weak        Min:  0.0, Avg:  0.0, Max:  0.0, Diff:  0.0, Sum:  0.0, Workers: 4
[1835.369s][debug][gc,phases      ] GC(144)     Dead                           Min: 0, Avg:  0.0, Max: 0, Diff: 0, Sum: 0, Workers: 4
[1835.369s][debug][gc,phases      ] GC(144)     Total                          Min: 0, Avg: 120.0, Max: 192, Diff: 192, Sum: 480, Workers: 4
[1835.369s][debug][gc,phases      ] GC(144)   JVMTI Tag Weak OopStorage      Min:  0.0, Avg:  0.0, Max:  0.0, Diff:  0.0, Sum:  0.0, Workers: 4
[1835.369s][debug][gc,phases      ] GC(144)     Dead                           Min: 0, Avg:  0.0, Max: 0, Diff: 0, Sum: 0, Workers: 4
[1835.369s][debug][gc,phases      ] GC(144)     Total                          Min: 0, Avg:  0.0, Max: 0, Diff: 0, Sum: 0, Workers: 4
[1835.369s][debug][gc,phases      ] GC(144)   StringTable Weak               Min:  0.1, Avg:  0.1, Max:  0.1, Diff:  0.0, Sum:  0.3, Workers: 4
[1835.369s][debug][gc,phases      ] GC(144)     Dead                           Min: 0, Avg:  0.0, Max: 0, Diff: 0, Sum: 0, Workers: 4
[1835.369s][debug][gc,phases      ] GC(144)     Total                          Min: 8512, Avg: 11989.5, Max: 14656, Diff: 6144, Sum: 47958, Workers: 4
[1835.369s][debug][gc,phases      ] GC(144)   ResolvedMethodTable Weak       Min:  0.0, Avg:  0.0, Max:  0.0, Diff:  0.0, Sum:  0.1, Workers: 4
[1835.369s][debug][gc,phases      ] GC(144)     Dead                           Min: 0, Avg:  0.0, Max: 0, Diff: 0, Sum: 0, Workers: 4
[1835.369s][debug][gc,phases      ] GC(144)     Total                          Min: 1664, Avg: 2033.0, Max: 2244, Diff: 580, Sum: 8132, Workers: 4
[1835.369s][debug][gc,phases      ] GC(144)   JNI Weak                       Min:  0.0, Avg:  0.0, Max:  0.0, Diff:  0.0, Sum:  0.0, Workers: 4
[1835.369s][debug][gc,phases      ] GC(144)     Dead                           Min: 0, Avg:  0.0, Max: 0, Diff: 0, Sum: 0, Workers: 4
[1835.369s][debug][gc,phases      ] GC(144)     Total                          Min: 0, Avg:  0.0, Max: 0, Diff: 0, Sum: 0, Workers: 4
[1835.369s][debug][gc,phases      ] GC(144)   StringDedup Table Weak         Min:  0.0, Avg:  0.0, Max:  0.0, Diff:  0.0, Sum:  0.0, Workers: 4
[1835.369s][debug][gc,phases      ] GC(144)     Dead                           Min: 0, Avg:  0.0, Max: 0, Diff: 0, Sum: 0, Workers: 4
[1835.369s][debug][gc,phases      ] GC(144)     Total                          Min: 0, Avg:  0.0, Max: 0, Diff: 0, Sum: 0, Workers: 4
[1835.369s][debug][gc,phases      ] GC(144)   StringDedup Requests0 Weak     Min:  0.0, Avg:  0.0, Max:  0.0, Diff:  0.0, Sum:  0.0, Workers: 4
[1835.369s][debug][gc,phases      ] GC(144)     Dead                           Min: 0, Avg:  0.0, Max: 0, Diff: 0, Sum: 0, Workers: 4
[1835.369s][debug][gc,phases      ] GC(144)     Total                          Min: 0, Avg:  0.0, Max: 0, Diff: 0, Sum: 0, Workers: 4
[1835.369s][debug][gc,phases      ] GC(144)   StringDedup Requests1 Weak     Min:  0.0, Avg:  0.0, Max:  0.0, Diff:  0.0, Sum:  0.0, Workers: 4
[1835.369s][debug][gc,phases      ] GC(144)     Dead                           Min: 0, Avg:  0.0, Max: 0, Diff: 0, Sum: 0, Workers: 4
[1835.369s][debug][gc,phases      ] GC(144)     Total                          Min: 0, Avg:  0.0, Max: 0, Diff: 0, Sum: 0, Workers: 4
[1835.369s][debug][gc,phases      ] GC(144)   Weak JFR Old Object Samples    Min:  0.0, Avg:  0.0, Max:  0.0, Diff:  0.0, Sum:  0.0, Workers: 4
[1835.369s][debug][gc,phases      ] GC(144)     Dead                           Min: 0, Avg:  0.0, Max: 0, Diff: 0, Sum: 0, Workers: 4
[1835.369s][debug][gc,phases      ] GC(144)     Total                          Min: 0, Avg:  0.0, Max: 0, Diff: 0, Sum: 0, Workers: 4
[1835.369s][debug][gc,phases      ] GC(144) Weak Processing 0.252ms
[1835.369s][debug][gc,age         ] GC(144) Desired survivor size 41418752 bytes, new threshold 15 (max threshold 15)
[1835.369s][info ][gc,heap        ] GC(144) PSYoungGen: 2017728K(2056704K)->416K(2017792K) Eden: 2017280K(2017280K)->0K(2017280K) From: 448K(39424K)->416K(512K)
[1835.369s][info ][gc,heap        ] GC(144) ParOldGen: 398523K(475648K)->398523K(475648K)
[1835.369s][info ][gc,metaspace   ] GC(144) Metaspace: 80950K(81792K)->80950K(81792K) NonClass: 69570K(70016K)->69570K(70016K) Class: 11379K(11776K)->11379K(11776K)
[1835.369s][info ][gc             ] GC(144) Pause Young (Allocation Failure) 2359M->389M(2435M) 1.362ms
[1835.369s][info ][gc,cpu         ] GC(144) User=0.00s Sys=0.00s Real=0.01s
[1835.369s][info ][safepoint      ] Safepoint "ParallelGCFailedAllocation", Time since last: 5337359733 ns, Reaching safepoint: 112101 ns, At safepoint: 1450207 ns, Total: 1562308 ns
[1844.370s][info ][safepoint      ] Safepoint "Cleanup", Time since last: 9000501268 ns, Reaching safepoint: 44400 ns, At safepoint: 6000 ns, Total: 50400 ns
[1845.370s][info ][safepoint      ] Safepoint "Cleanup", Time since last: 1000096758 ns, Reaching safepoint: 39100 ns, At safepoint: 22900 ns, Total: 62000 ns
[1863.371s][info ][safepoint      ] Safepoint "Cleanup", Time since last: 18001163646 ns, Reaching safepoint: 39000 ns, At safepoint: 3000 ns, Total: 42000 ns
[1870.742s][info ][gc,start       ] GC(145) Pause Young (Allocation Failure)
[1870.743s][debug][gc,phases      ] GC(145) Scavenge 1.079ms
[1870.743s][debug][gc,ref         ] GC(145) Skipped phase 1 of Reference Processing: no references
[1870.743s][debug][gc,ref         ] GC(145) ReferenceProcessor::execute queues: 1, RefProcThreadModel::Single, marks_oops_alive: false
[1870.743s][debug][gc,ref         ] GC(145) ReferenceProcessor::execute queues: 4, RefProcThreadModel::Multi, marks_oops_alive: true
[1870.744s][debug][gc,ref         ] GC(145) ReferenceProcessor::execute queues: 1, RefProcThreadModel::Single, marks_oops_alive: false
[1870.744s][debug][gc,phases      ] GC(145) Reference Processing 0.133ms
[1870.744s][debug][gc,phases      ] GC(145)   VM Weak                        Min:  0.0, Avg:  0.0, Max:  0.0, Diff:  0.0, Sum:  0.0, Workers: 4
[1870.744s][debug][gc,phases      ] GC(145)     Dead                           Min: 0, Avg:  0.0, Max: 0, Diff: 0, Sum: 0, Workers: 4
[1870.744s][debug][gc,phases      ] GC(145)     Total                          Min: 0, Avg: 163.0, Max: 652, Diff: 652, Sum: 652, Workers: 4
[1870.744s][debug][gc,phases      ] GC(145)   ObjectSynchronizer Weak        Min:  0.0, Avg:  0.0, Max:  0.0, Diff:  0.0, Sum:  0.0, Workers: 4
[1870.744s][debug][gc,phases      ] GC(145)     Dead                           Min: 0, Avg:  0.0, Max: 0, Diff: 0, Sum: 0, Workers: 4
[1870.744s][debug][gc,phases      ] GC(145)     Total                          Min: 0, Avg: 120.0, Max: 384, Diff: 384, Sum: 480, Workers: 4
[1870.744s][debug][gc,phases      ] GC(145)   JVMTI Tag Weak OopStorage      Min:  0.0, Avg:  0.0, Max:  0.0, Diff:  0.0, Sum:  0.0, Workers: 4
[1870.744s][debug][gc,phases      ] GC(145)     Dead                           Min: 0, Avg:  0.0, Max: 0, Diff: 0, Sum: 0, Workers: 4
[1870.744s][debug][gc,phases      ] GC(145)     Total                          Min: 0, Avg:  0.0, Max: 0, Diff: 0, Sum: 0, Workers: 4
[1870.744s][debug][gc,phases      ] GC(145)   StringTable Weak               Min:  0.1, Avg:  0.1, Max:  0.1, Diff:  0.0, Sum:  0.3, Workers: 4
[1870.744s][debug][gc,phases      ] GC(145)     Dead                           Min: 0, Avg:  0.0, Max: 0, Diff: 0, Sum: 0, Workers: 4
[1870.744s][debug][gc,phases      ] GC(145)     Total                          Min: 8640, Avg: 11990.2, Max: 15296, Diff: 6656, Sum: 47961, Workers: 4
[1870.744s][debug][gc,phases      ] GC(145)   ResolvedMethodTable Weak       Min:  0.0, Avg:  0.0, Max:  0.0, Diff:  0.0, Sum:  0.1, Workers: 4
[1870.744s][debug][gc,phases      ] GC(145)     Dead                           Min: 0, Avg:  0.0, Max: 0, Diff: 0, Sum: 0, Workers: 4
[1870.744s][debug][gc,phases      ] GC(145)     Total                          Min: 1664, Avg: 2033.0, Max: 2372, Diff: 708, Sum: 8132, Workers: 4
[1870.744s][debug][gc,phases      ] GC(145)   JNI Weak                       Min:  0.0, Avg:  0.0, Max:  0.0, Diff:  0.0, Sum:  0.0, Workers: 4
[1870.744s][debug][gc,phases      ] GC(145)     Dead                           Min: 0, Avg:  0.0, Max: 0, Diff: 0, Sum: 0, Workers: 4
[1870.744s][debug][gc,phases      ] GC(145)     Total                          Min: 0, Avg:  0.0, Max: 0, Diff: 0, Sum: 0, Workers: 4
[1870.744s][debug][gc,phases      ] GC(145)   StringDedup Table Weak         Min:  0.0, Avg:  0.0, Max:  0.0, Diff:  0.0, Sum:  0.0, Workers: 4
[1870.744s][debug][gc,phases      ] GC(145)     Dead                           Min: 0, Avg:  0.0, Max: 0, Diff: 0, Sum: 0, Workers: 4
[1870.744s][debug][gc,phases      ] GC(145)     Total                          Min: 0, Avg:  0.0, Max: 0, Diff: 0, Sum: 0, Workers: 4
[1870.744s][debug][gc,phases      ] GC(145)   StringDedup Requests0 Weak     Min:  0.0, Avg:  0.0, Max:  0.0, Diff:  0.0, Sum:  0.0, Workers: 4
[1870.744s][debug][gc,phases      ] GC(145)     Dead                           Min: 0, Avg:  0.0, Max: 0, Diff: 0, Sum: 0, Workers: 4
[1870.744s][debug][gc,phases      ] GC(145)     Total                          Min: 0, Avg:  0.0, Max: 0, Diff: 0, Sum: 0, Workers: 4
[1870.744s][debug][gc,phases      ] GC(145)   StringDedup Requests1 Weak     Min:  0.0, Avg:  0.0, Max:  0.0, Diff:  0.0, Sum:  0.0, Workers: 4
[1870.744s][debug][gc,phases      ] GC(145)     Dead                           Min: 0, Avg:  0.0, Max: 0, Diff: 0, Sum: 0, Workers: 4
[1870.744s][debug][gc,phases      ] GC(145)     Total                          Min: 0, Avg:  0.0, Max: 0, Diff: 0, Sum: 0, Workers: 4
[1870.744s][debug][gc,phases      ] GC(145)   Weak JFR Old Object Samples    Min:  0.0, Avg:  0.0, Max:  0.0, Diff:  0.0, Sum:  0.0, Workers: 4
[1870.744s][debug][gc,phases      ] GC(145)     Dead                           Min: 0, Avg:  0.0, Max: 0, Diff: 0, Sum: 0, Workers: 4
[1870.744s][debug][gc,phases      ] GC(145)     Total                          Min: 0, Avg:  0.0, Max: 0, Diff: 0, Sum: 0, Workers: 4
[1870.744s][debug][gc,phases      ] GC(145) Weak Processing 0.246ms
[1870.744s][debug][gc,age         ] GC(145) Desired survivor size 40894464 bytes, new threshold 15 (max threshold 15)
[1870.744s][info ][gc,heap        ] GC(145) PSYoungGen: 2017696K(2017792K)->448K(2057216K) Eden: 2017280K(2017280K)->0K(2016768K) From: 416K(512K)->448K(40448K)
[1870.744s][info ][gc,heap        ] GC(145) ParOldGen: 398523K(475648K)->398523K(475648K)
[1870.744s][info ][gc,metaspace   ] GC(145) Metaspace: 80959K(81792K)->80959K(81792K) NonClass: 69580K(70016K)->69580K(70016K) Class: 11379K(11776K)->11379K(11776K)
[1870.744s][info ][gc             ] GC(145) Pause Young (Allocation Failure) 2359M->389M(2473M) 1.563ms
[1870.744s][info ][gc,cpu         ] GC(145) User=0.01s Sys=0.00s Real=0.00s
[1870.744s][info ][safepoint      ] Safepoint "ParallelGCFailedAllocation", Time since last: 7371009671 ns, Reaching safepoint: 48500 ns, At safepoint: 1633609 ns, Total: 1682109 ns
[1872.744s][info ][safepoint      ] Safepoint "Cleanup", Time since last: 2000136956 ns, Reaching safepoint: 35900 ns, At safepoint: 2500 ns, Total: 38400 ns
[1875.744s][info ][safepoint      ] Safepoint "Cleanup", Time since last: 3000217677 ns, Reaching safepoint: 37500 ns, At safepoint: 19700 ns, Total: 57200 ns
[1876.744s][info ][safepoint      ] Safepoint "Cleanup", Time since last: 1000090624 ns, Reaching safepoint: 26800 ns, At safepoint: 2600 ns, Total: 29400 ns
[1877.745s][info ][safepoint      ] Safepoint "Cleanup", Time since last: 1000095522 ns, Reaching safepoint: 46701 ns, At safepoint: 3900 ns, Total: 50601 ns
[1878.745s][info ][safepoint      ] Safepoint "Cleanup", Time since last: 1000100021 ns, Reaching safepoint: 32200 ns, At safepoint: 2800 ns, Total: 35000 ns
[1880.745s][info ][safepoint      ] Safepoint "Cleanup", Time since last: 2000170040 ns, Reaching safepoint: 46100 ns, At safepoint: 8700 ns, Total: 54800 ns
[1881.745s][info ][safepoint      ] Safepoint "Cleanup", Time since last: 1000107319 ns, Reaching safepoint: 53400 ns, At safepoint: 5800 ns, Total: 59200 ns
[1885.745s][info ][safepoint      ] Safepoint "Cleanup", Time since last: 4000281162 ns, Reaching safepoint: 54500 ns, At safepoint: 2100 ns, Total: 56600 ns
[1888.746s][info ][safepoint      ] Safepoint "Cleanup", Time since last: 3000220536 ns, Reaching safepoint: 109701 ns, At safepoint: 7600 ns, Total: 117301 ns
[1892.746s][info ][safepoint      ] Safepoint "Cleanup", Time since last: 4000292433 ns, Reaching safepoint: 43300 ns, At safepoint: 2600 ns, Total: 45900 ns
[1899.747s][info ][safepoint      ] Safepoint "Cleanup", Time since last: 7000441119 ns, Reaching safepoint: 47700 ns, At safepoint: 8001 ns, Total: 55701 ns
[1900.747s][info ][safepoint      ] Safepoint "Cleanup", Time since last: 1000097798 ns, Reaching safepoint: 49501 ns, At safepoint: 4800 ns, Total: 54301 ns
[1901.105s][info ][gc,start       ] GC(146) Pause Young (Allocation Failure)
[1901.111s][debug][gc,phases      ] GC(146) Scavenge 6.569ms
[1901.111s][debug][gc,ref         ] GC(146) Skipped phase 1 of Reference Processing: no references
[1901.111s][debug][gc,ref         ] GC(146) ReferenceProcessor::execute queues: 1, RefProcThreadModel::Single, marks_oops_alive: false
[1901.111s][debug][gc,ref         ] GC(146) ReferenceProcessor::execute queues: 4, RefProcThreadModel::Multi, marks_oops_alive: true
[1901.111s][debug][gc,ref         ] GC(146) ReferenceProcessor::execute queues: 1, RefProcThreadModel::Single, marks_oops_alive: false
[1901.111s][debug][gc,phases      ] GC(146) Reference Processing 0.161ms
[1901.112s][debug][gc,phases      ] GC(146)   VM Weak                        Min:  0.0, Avg:  0.0, Max:  0.0, Diff:  0.0, Sum:  0.0, Workers: 4
[1901.112s][debug][gc,phases      ] GC(146)     Dead                           Min: 0, Avg:  0.0, Max: 0, Diff: 0, Sum: 0, Workers: 4
[1901.112s][debug][gc,phases      ] GC(146)     Total                          Min: 0, Avg: 163.2, Max: 512, Diff: 512, Sum: 653, Workers: 4
[1901.112s][debug][gc,phases      ] GC(146)   ObjectSynchronizer Weak        Min:  0.0, Avg:  0.0, Max:  0.0, Diff:  0.0, Sum:  0.0, Workers: 4
[1901.112s][debug][gc,phases      ] GC(146)     Dead                           Min: 0, Avg:  0.0, Max: 0, Diff: 0, Sum: 0, Workers: 4
[1901.112s][debug][gc,phases      ] GC(146)     Total                          Min: 0, Avg: 120.0, Max: 256, Diff: 256, Sum: 480, Workers: 4
[1901.112s][debug][gc,phases      ] GC(146)   JVMTI Tag Weak OopStorage      Min:  0.0, Avg:  0.0, Max:  0.0, Diff:  0.0, Sum:  0.0, Workers: 4
[1901.112s][debug][gc,phases      ] GC(146)     Dead                           Min: 0, Avg:  0.0, Max: 0, Diff: 0, Sum: 0, Workers: 4
[1901.112s][debug][gc,phases      ] GC(146)     Total                          Min: 0, Avg:  0.0, Max: 0, Diff: 0, Sum: 0, Workers: 4
[1901.112s][debug][gc,phases      ] GC(146)   StringTable Weak               Min:  0.1, Avg:  0.1, Max:  0.1, Diff:  0.0, Sum:  0.3, Workers: 4
[1901.112s][debug][gc,phases      ] GC(146)     Dead                           Min: 0, Avg:  0.0, Max: 0, Diff: 0, Sum: 0, Workers: 4
[1901.112s][debug][gc,phases      ] GC(146)     Total                          Min: 9152, Avg: 11992.2, Max: 14753, Diff: 5601, Sum: 47969, Workers: 4
[1901.112s][debug][gc,phases      ] GC(146)   ResolvedMethodTable Weak       Min:  0.0, Avg:  0.0, Max:  0.0, Diff:  0.0, Sum:  0.1, Workers: 4
[1901.112s][debug][gc,phases      ] GC(146)     Dead                           Min: 0, Avg:  0.0, Max: 0, Diff: 0, Sum: 0, Workers: 4
[1901.112s][debug][gc,phases      ] GC(146)     Total                          Min: 1540, Avg: 2033.0, Max: 2432, Diff: 892, Sum: 8132, Workers: 4
[1901.112s][debug][gc,phases      ] GC(146)   JNI Weak                       Min:  0.0, Avg:  0.0, Max:  0.0, Diff:  0.0, Sum:  0.0, Workers: 4
[1901.112s][debug][gc,phases      ] GC(146)     Dead                           Min: 0, Avg:  0.0, Max: 0, Diff: 0, Sum: 0, Workers: 4
[1901.112s][debug][gc,phases      ] GC(146)     Total                          Min: 0, Avg:  0.0, Max: 0, Diff: 0, Sum: 0, Workers: 4
[1901.112s][debug][gc,phases      ] GC(146)   StringDedup Table Weak         Min:  0.0, Avg:  0.0, Max:  0.0, Diff:  0.0, Sum:  0.0, Workers: 4
[1901.112s][debug][gc,phases      ] GC(146)     Dead                           Min: 0, Avg:  0.0, Max: 0, Diff: 0, Sum: 0, Workers: 4
[1901.112s][debug][gc,phases      ] GC(146)     Total                          Min: 0, Avg:  0.0, Max: 0, Diff: 0, Sum: 0, Workers: 4
[1901.112s][debug][gc,phases      ] GC(146)   StringDedup Requests0 Weak     Min:  0.0, Avg:  0.0, Max:  0.0, Diff:  0.0, Sum:  0.0, Workers: 4
[1901.112s][debug][gc,phases      ] GC(146)     Dead                           Min: 0, Avg:  0.0, Max: 0, Diff: 0, Sum: 0, Workers: 4
[1901.112s][debug][gc,phases      ] GC(146)     Total                          Min: 0, Avg:  0.0, Max: 0, Diff: 0, Sum: 0, Workers: 4
[1901.112s][debug][gc,phases      ] GC(146)   StringDedup Requests1 Weak     Min:  0.0, Avg:  0.0, Max:  0.0, Diff:  0.0, Sum:  0.0, Workers: 4
[1901.112s][debug][gc,phases      ] GC(146)     Dead                           Min: 0, Avg:  0.0, Max: 0, Diff: 0, Sum: 0, Workers: 4
[1901.112s][debug][gc,phases      ] GC(146)     Total                          Min: 0, Avg:  0.0, Max: 0, Diff: 0, Sum: 0, Workers: 4
[1901.112s][debug][gc,phases      ] GC(146)   Weak JFR Old Object Samples    Min:  0.0, Avg:  0.0, Max:  0.0, Diff:  0.0, Sum:  0.0, Workers: 4
[1901.112s][debug][gc,phases      ] GC(146)     Dead                           Min: 0, Avg:  0.0, Max: 0, Diff: 0, Sum: 0, Workers: 4
[1901.112s][debug][gc,phases      ] GC(146)     Total                          Min: 0, Avg:  0.0, Max: 0, Diff: 0, Sum: 0, Workers: 4
[1901.112s][debug][gc,phases      ] GC(146) Weak Processing 0.289ms
[1901.112s][debug][gc,age         ] GC(146) Desired survivor size 39321600 bytes, new threshold 15 (max threshold 15)
[1901.112s][info ][gc,heap        ] GC(146) PSYoungGen: 2017216K(2057216K)->15808K(2056704K) Eden: 2016768K(2016768K)->0K(2016768K) From: 448K(40448K)->15808K(39936K)
[1901.112s][info ][gc,heap        ] GC(146) ParOldGen: 398523K(475648K)->398531K(475648K)
[1901.112s][info ][gc,metaspace   ] GC(146) Metaspace: 80978K(81856K)->80978K(81856K) NonClass: 69597K(70080K)->69597K(70080K) Class: 11380K(11776K)->11380K(11776K)
[1901.112s][info ][gc             ] GC(146) Pause Young (Allocation Failure) 2359M->404M(2473M) 7.111ms
[1901.112s][info ][gc,cpu         ] GC(146) User=0.02s Sys=0.00s Real=0.01s
[1901.112s][info ][safepoint      ] Safepoint "ParallelGCFailedAllocation", Time since last: 357765859 ns, Reaching safepoint: 38300 ns, At safepoint: 7182838 ns, Total: 7221138 ns
[1902.112s][info ][safepoint      ] Safepoint "Cleanup", Time since last: 1000104997 ns, Reaching safepoint: 40200 ns, At safepoint: 2700 ns, Total: 42900 ns
[1906.112s][info ][safepoint      ] Safepoint "Cleanup", Time since last: 4000289780 ns, Reaching safepoint: 41900 ns, At safepoint: 8300 ns, Total: 50200 ns
[1907.112s][info ][safepoint      ] Safepoint "Cleanup", Time since last: 1000099792 ns, Reaching safepoint: 43001 ns, At safepoint: 16900 ns, Total: 59901 ns
[1908.113s][info ][safepoint      ] Safepoint "Cleanup", Time since last: 1000097192 ns, Reaching safepoint: 45301 ns, At safepoint: 25200 ns, Total: 70501 ns
[1910.113s][info ][safepoint      ] Safepoint "Cleanup", Time since last: 2000166144 ns, Reaching safepoint: 53200 ns, At safepoint: 9300 ns, Total: 62500 ns
[1911.113s][info ][safepoint      ] Safepoint "Cleanup", Time since last: 1000062366 ns, Reaching safepoint: 44401 ns, At safepoint: 7200 ns, Total: 51601 ns
[1914.113s][info ][safepoint      ] Safepoint "Cleanup", Time since last: 3000207771 ns, Reaching safepoint: 40100 ns, At safepoint: 8600 ns, Total: 48700 ns
[1919.114s][info ][safepoint      ] Safepoint "Cleanup", Time since last: 5000321440 ns, Reaching safepoint: 43601 ns, At safepoint: 5600 ns, Total: 49201 ns
[1927.114s][info ][safepoint      ] Safepoint "Cleanup", Time since last: 8000542012 ns, Reaching safepoint: 45200 ns, At safepoint: 5300 ns, Total: 50500 ns
[1929.114s][info ][safepoint      ] Safepoint "Cleanup", Time since last: 2000158694 ns, Reaching safepoint: 45000 ns, At safepoint: 7900 ns, Total: 52900 ns
[1931.115s][info ][safepoint      ] Safepoint "Cleanup", Time since last: 2000155889 ns, Reaching safepoint: 48801 ns, At safepoint: 2500 ns, Total: 51301 ns
[1932.135s][info ][gc,start       ] GC(147) Pause Young (Allocation Failure)
[1932.140s][debug][gc,phases      ] GC(147) Scavenge 5.069ms
[1932.140s][debug][gc,ref         ] GC(147) Skipped phase 1 of Reference Processing: no references
[1932.140s][debug][gc,ref         ] GC(147) ReferenceProcessor::execute queues: 1, RefProcThreadModel::Single, marks_oops_alive: false
[1932.140s][debug][gc,ref         ] GC(147) Skipped phase 3 of Reference Processing: no references
[1932.140s][debug][gc,ref         ] GC(147) ReferenceProcessor::execute queues: 1, RefProcThreadModel::Single, marks_oops_alive: false
[1932.140s][debug][gc,phases      ] GC(147) Reference Processing 0.099ms
[1932.140s][debug][gc,phases      ] GC(147)   VM Weak                        Min:  0.0, Avg:  0.0, Max:  0.0, Diff:  0.0, Sum:  0.0, Workers: 4
[1932.140s][debug][gc,phases      ] GC(147)     Dead                           Min: 0, Avg:  0.0, Max: 0, Diff: 0, Sum: 0, Workers: 4
[1932.140s][debug][gc,phases      ] GC(147)     Total                          Min: 0, Avg: 163.2, Max: 384, Diff: 384, Sum: 653, Workers: 4
[1932.140s][debug][gc,phases      ] GC(147)   ObjectSynchronizer Weak        Min:  0.0, Avg:  0.0, Max:  0.0, Diff:  0.0, Sum:  0.0, Workers: 4
[1932.140s][debug][gc,phases      ] GC(147)     Dead                           Min: 0, Avg:  0.0, Max: 0, Diff: 0, Sum: 0, Workers: 4
[1932.140s][debug][gc,phases      ] GC(147)     Total                          Min: 0, Avg: 120.0, Max: 224, Diff: 224, Sum: 480, Workers: 4
[1932.140s][debug][gc,phases      ] GC(147)   JVMTI Tag Weak OopStorage      Min:  0.0, Avg:  0.0, Max:  0.0, Diff:  0.0, Sum:  0.0, Workers: 4
[1932.140s][debug][gc,phases      ] GC(147)     Dead                           Min: 0, Avg:  0.0, Max: 0, Diff: 0, Sum: 0, Workers: 4
[1932.140s][debug][gc,phases      ] GC(147)     Total                          Min: 0, Avg:  0.0, Max: 0, Diff: 0, Sum: 0, Workers: 4
[1932.140s][debug][gc,phases      ] GC(147)   StringTable Weak               Min:  0.1, Avg:  0.1, Max:  0.1, Diff:  0.0, Sum:  0.3, Workers: 4
[1932.140s][debug][gc,phases      ] GC(147)     Dead                           Min: 0, Avg:  0.0, Max: 0, Diff: 0, Sum: 0, Workers: 4
[1932.140s][debug][gc,phases      ] GC(147)     Total                          Min: 10496, Avg: 11992.2, Max: 13696, Diff: 3200, Sum: 47969, Workers: 4
[1932.140s][debug][gc,phases      ] GC(147)   ResolvedMethodTable Weak       Min:  0.0, Avg:  0.0, Max:  0.0, Diff:  0.0, Sum:  0.1, Workers: 4
[1932.140s][debug][gc,phases      ] GC(147)     Dead                           Min: 0, Avg:  0.0, Max: 0, Diff: 0, Sum: 0, Workers: 4
[1932.140s][debug][gc,phases      ] GC(147)     Total                          Min: 1984, Avg: 2033.0, Max: 2052, Diff: 68, Sum: 8132, Workers: 4
[1932.140s][debug][gc,phases      ] GC(147)   JNI Weak                       Min:  0.0, Avg:  0.0, Max:  0.0, Diff:  0.0, Sum:  0.0, Workers: 4
[1932.140s][debug][gc,phases      ] GC(147)     Dead                           Min: 0, Avg:  0.0, Max: 0, Diff: 0, Sum: 0, Workers: 4
[1932.140s][debug][gc,phases      ] GC(147)     Total                          Min: 0, Avg:  0.0, Max: 0, Diff: 0, Sum: 0, Workers: 4
[1932.140s][debug][gc,phases      ] GC(147)   StringDedup Table Weak         Min:  0.0, Avg:  0.0, Max:  0.0, Diff:  0.0, Sum:  0.0, Workers: 4
[1932.140s][debug][gc,phases      ] GC(147)     Dead                           Min: 0, Avg:  0.0, Max: 0, Diff: 0, Sum: 0, Workers: 4
[1932.140s][debug][gc,phases      ] GC(147)     Total                          Min: 0, Avg:  0.0, Max: 0, Diff: 0, Sum: 0, Workers: 4
[1932.140s][debug][gc,phases      ] GC(147)   StringDedup Requests0 Weak     Min:  0.0, Avg:  0.0, Max:  0.0, Diff:  0.0, Sum:  0.0, Workers: 4
[1932.140s][debug][gc,phases      ] GC(147)     Dead                           Min: 0, Avg:  0.0, Max: 0, Diff: 0, Sum: 0, Workers: 4
[1932.140s][debug][gc,phases      ] GC(147)     Total                          Min: 0, Avg:  0.0, Max: 0, Diff: 0, Sum: 0, Workers: 4
[1932.140s][debug][gc,phases      ] GC(147)   StringDedup Requests1 Weak     Min:  0.0, Avg:  0.0, Max:  0.0, Diff:  0.0, Sum:  0.0, Workers: 4
[1932.140s][debug][gc,phases      ] GC(147)     Dead                           Min: 0, Avg:  0.0, Max: 0, Diff: 0, Sum: 0, Workers: 4
[1932.140s][debug][gc,phases      ] GC(147)     Total                          Min: 0, Avg:  0.0, Max: 0, Diff: 0, Sum: 0, Workers: 4
[1932.140s][debug][gc,phases      ] GC(147)   Weak JFR Old Object Samples    Min:  0.0, Avg:  0.0, Max:  0.0, Diff:  0.0, Sum:  0.0, Workers: 4
[1932.140s][debug][gc,phases      ] GC(147)     Dead                           Min: 0, Avg:  0.0, Max: 0, Diff: 0, Sum: 0, Workers: 4
[1932.140s][debug][gc,phases      ] GC(147)     Total                          Min: 0, Avg:  0.0, Max: 0, Diff: 0, Sum: 0, Workers: 4
[1932.140s][debug][gc,phases      ] GC(147) Weak Processing 0.245ms
[1932.140s][debug][gc,age         ] GC(147) Desired survivor size 37748736 bytes, new threshold 15 (max threshold 15)
[1932.140s][info ][gc,heap        ] GC(147) PSYoungGen: 2032576K(2056704K)->15808K(2060288K) Eden: 2016768K(2016768K)->0K(2021888K) From: 15808K(39936K)->15808K(38400K)
[1932.140s][info ][gc,heap        ] GC(147) ParOldGen: 398531K(475648K)->398531K(475648K)
[1932.140s][info ][gc,metaspace   ] GC(147) Metaspace: 80986K(81856K)->80986K(81856K) NonClass: 69606K(70080K)->69606K(70080K) Class: 11380K(11776K)->11380K(11776K)
[1932.140s][info ][gc             ] GC(147) Pause Young (Allocation Failure) 2374M->404M(2476M) 5.510ms
[1932.140s][info ][gc,cpu         ] GC(147) User=0.02s Sys=0.00s Real=0.00s
[1932.140s][info ][safepoint      ] Safepoint "ParallelGCFailedAllocation", Time since last: 1020303598 ns, Reaching safepoint: 28200 ns, At safepoint: 5578029 ns, Total: 5606229 ns
[1933.141s][info ][safepoint      ] Safepoint "Cleanup", Time since last: 1000076792 ns, Reaching safepoint: 42701 ns, At safepoint: 6600 ns, Total: 49301 ns
[1943.141s][info ][safepoint      ] Safepoint "Cleanup", Time since last: 10000709569 ns, Reaching safepoint: 111201 ns, At safepoint: 31800 ns, Total: 143001 ns
[1948.142s][info ][safepoint      ] Safepoint "Cleanup", Time since last: 5000370499 ns, Reaching safepoint: 120200 ns, At safepoint: 7600 ns, Total: 127800 ns
[1950.142s][info ][safepoint      ] Safepoint "Cleanup", Time since last: 2000181053 ns, Reaching safepoint: 109701 ns, At safepoint: 6700 ns, Total: 116401 ns
[1952.143s][info ][safepoint      ] Safepoint "Cleanup", Time since last: 2000183849 ns, Reaching safepoint: 108401 ns, At safepoint: 6400 ns, Total: 114801 ns
[1964.143s][info ][safepoint      ] Safepoint "Cleanup", Time since last: 12000810417 ns, Reaching safepoint: 111100 ns, At safepoint: 5300 ns, Total: 116400 ns
[1965.144s][info ][safepoint      ] Safepoint "Cleanup", Time since last: 1000097163 ns, Reaching safepoint: 108600 ns, At safepoint: 4900 ns, Total: 113500 ns
[1966.669s][info ][gc,start       ] GC(148) Pause Young (Allocation Failure)
[1966.674s][debug][gc,phases      ] GC(148) Scavenge 4.353ms
[1966.674s][debug][gc,ref         ] GC(148) Skipped phase 1 of Reference Processing: no references
[1966.674s][debug][gc,ref         ] GC(148) ReferenceProcessor::execute queues: 1, RefProcThreadModel::Single, marks_oops_alive: false
[1966.674s][debug][gc,ref         ] GC(148) Skipped phase 3 of Reference Processing: no references
[1966.674s][debug][gc,ref         ] GC(148) ReferenceProcessor::execute queues: 1, RefProcThreadModel::Single, marks_oops_alive: false
[1966.674s][debug][gc,phases      ] GC(148) Reference Processing 0.088ms
[1966.674s][debug][gc,phases      ] GC(148)   VM Weak                        Min:  0.0, Avg:  0.0, Max:  0.0, Diff:  0.0, Sum:  0.0, Workers: 4
[1966.674s][debug][gc,phases      ] GC(148)     Dead                           Min: 0, Avg:  0.0, Max: 0, Diff: 0, Sum: 0, Workers: 4
[1966.674s][debug][gc,phases      ] GC(148)     Total                          Min: 0, Avg: 163.2, Max: 640, Diff: 640, Sum: 653, Workers: 4
[1966.674s][debug][gc,phases      ] GC(148)   ObjectSynchronizer Weak        Min:  0.0, Avg:  0.0, Max:  0.0, Diff:  0.0, Sum:  0.0, Workers: 4
[1966.674s][debug][gc,phases      ] GC(148)     Dead                           Min: 0, Avg:  0.0, Max: 0, Diff: 0, Sum: 0, Workers: 4
[1966.674s][debug][gc,phases      ] GC(148)     Total                          Min: 0, Avg: 120.0, Max: 256, Diff: 256, Sum: 480, Workers: 4
[1966.674s][debug][gc,phases      ] GC(148)   JVMTI Tag Weak OopStorage      Min:  0.0, Avg:  0.0, Max:  0.0, Diff:  0.0, Sum:  0.0, Workers: 4
[1966.674s][debug][gc,phases      ] GC(148)     Dead                           Min: 0, Avg:  0.0, Max: 0, Diff: 0, Sum: 0, Workers: 4
[1966.674s][debug][gc,phases      ] GC(148)     Total                          Min: 0, Avg:  0.0, Max: 0, Diff: 0, Sum: 0, Workers: 4
[1966.674s][debug][gc,phases      ] GC(148)   StringTable Weak               Min:  0.1, Avg:  0.1, Max:  0.1, Diff:  0.0, Sum:  0.3, Workers: 4
[1966.674s][debug][gc,phases      ] GC(148)     Dead                           Min: 0, Avg:  0.0, Max: 0, Diff: 0, Sum: 0, Workers: 4
[1966.674s][debug][gc,phases      ] GC(148)     Total                          Min: 10816, Avg: 11992.2, Max: 12672, Diff: 1856, Sum: 47969, Workers: 4
[1966.674s][debug][gc,phases      ] GC(148)   ResolvedMethodTable Weak       Min:  0.0, Avg:  0.0, Max:  0.0, Diff:  0.0, Sum:  0.1, Workers: 4
[1966.674s][debug][gc,phases      ] GC(148)     Dead                           Min: 0, Avg:  0.0, Max: 0, Diff: 0, Sum: 0, Workers: 4
[1966.674s][debug][gc,phases      ] GC(148)     Total                          Min: 1280, Avg: 2033.0, Max: 2304, Diff: 1024, Sum: 8132, Workers: 4
[1966.674s][debug][gc,phases      ] GC(148)   JNI Weak                       Min:  0.0, Avg:  0.0, Max:  0.0, Diff:  0.0, Sum:  0.0, Workers: 4
[1966.674s][debug][gc,phases      ] GC(148)     Dead                           Min: 0, Avg:  0.0, Max: 0, Diff: 0, Sum: 0, Workers: 4
[1966.674s][debug][gc,phases      ] GC(148)     Total                          Min: 0, Avg:  0.0, Max: 0, Diff: 0, Sum: 0, Workers: 4
[1966.674s][debug][gc,phases      ] GC(148)   StringDedup Table Weak         Min:  0.0, Avg:  0.0, Max:  0.0, Diff:  0.0, Sum:  0.0, Workers: 4
[1966.674s][debug][gc,phases      ] GC(148)     Dead                           Min: 0, Avg:  0.0, Max: 0, Diff: 0, Sum: 0, Workers: 4
[1966.674s][debug][gc,phases      ] GC(148)     Total                          Min: 0, Avg:  0.0, Max: 0, Diff: 0, Sum: 0, Workers: 4
[1966.674s][debug][gc,phases      ] GC(148)   StringDedup Requests0 Weak     Min:  0.0, Avg:  0.0, Max:  0.0, Diff:  0.0, Sum:  0.0, Workers: 4
[1966.674s][debug][gc,phases      ] GC(148)     Dead                           Min: 0, Avg:  0.0, Max: 0, Diff: 0, Sum: 0, Workers: 4
[1966.674s][debug][gc,phases      ] GC(148)     Total                          Min: 0, Avg:  0.0, Max: 0, Diff: 0, Sum: 0, Workers: 4
[1966.674s][debug][gc,phases      ] GC(148)   StringDedup Requests1 Weak     Min:  0.0, Avg:  0.0, Max:  0.0, Diff:  0.0, Sum:  0.0, Workers: 4
[1966.674s][debug][gc,phases      ] GC(148)     Dead                           Min: 0, Avg:  0.0, Max: 0, Diff: 0, Sum: 0, Workers: 4
[1966.674s][debug][gc,phases      ] GC(148)     Total                          Min: 0, Avg:  0.0, Max: 0, Diff: 0, Sum: 0, Workers: 4
[1966.674s][debug][gc,phases      ] GC(148)   Weak JFR Old Object Samples    Min:  0.0, Avg:  0.0, Max:  0.0, Diff:  0.0, Sum:  0.0, Workers: 4
[1966.674s][debug][gc,phases      ] GC(148)     Dead                           Min: 0, Avg:  0.0, Max: 0, Diff: 0, Sum: 0, Workers: 4
[1966.674s][debug][gc,phases      ] GC(148)     Total                          Min: 0, Avg:  0.0, Max: 0, Diff: 0, Sum: 0, Workers: 4
[1966.674s][debug][gc,phases      ] GC(148) Weak Processing 0.264ms
[1966.674s][debug][gc,age         ] GC(148) Desired survivor size 36175872 bytes, new threshold 15 (max threshold 15)
[1966.674s][info ][gc,heap        ] GC(148) PSYoungGen: 2037696K(2060288K)->15904K(2058752K) Eden: 2021888K(2021888K)->0K(2021888K) From: 15808K(38400K)->15904K(36864K)
[1966.674s][info ][gc,heap        ] GC(148) ParOldGen: 398531K(475648K)->398531K(475648K)
[1966.674s][info ][gc,metaspace   ] GC(148) Metaspace: 80987K(81856K)->80987K(81856K) NonClass: 69606K(70080K)->69606K(70080K) Class: 11380K(11776K)->11380K(11776K)
[1966.674s][info ][gc             ] GC(148) Pause Young (Allocation Failure) 2379M->404M(2475M) 4.799ms
[1966.674s][info ][gc,cpu         ] GC(148) User=0.02s Sys=0.00s Real=0.00s
[1966.674s][info ][safepoint      ] Safepoint "ParallelGCFailedAllocation", Time since last: 1525483573 ns, Reaching safepoint: 32700 ns, At safepoint: 4878325 ns, Total: 4911025 ns
[1980.675s][info ][safepoint      ] Safepoint "Cleanup", Time since last: 14000862155 ns, Reaching safepoint: 47800 ns, At safepoint: 29800 ns, Total: 77600 ns
[1988.676s][info ][safepoint      ] Safepoint "Cleanup", Time since last: 8000537653 ns, Reaching safepoint: 46701 ns, At safepoint: 6400 ns, Total: 53101 ns
[1991.676s][info ][safepoint      ] Safepoint "Cleanup", Time since last: 3000186918 ns, Reaching safepoint: 39200 ns, At safepoint: 2900 ns, Total: 42100 ns
[1995.676s][info ][safepoint      ] Safepoint "Cleanup", Time since last: 4000320646 ns, Reaching safepoint: 53900 ns, At safepoint: 7100 ns, Total: 61000 ns
[1996.676s][info ][safepoint      ] Safepoint "Cleanup", Time since last: 1000105334 ns, Reaching safepoint: 34800 ns, At safepoint: 3100 ns, Total: 37900 ns
[1999.932s][info ][gc,start       ] GC(149) Pause Young (Allocation Failure)
[1999.936s][debug][gc,phases      ] GC(149) Scavenge 4.197ms
[1999.936s][debug][gc,ref         ] GC(149) Skipped phase 1 of Reference Processing: no references
[1999.936s][debug][gc,ref         ] GC(149) ReferenceProcessor::execute queues: 1, RefProcThreadModel::Single, marks_oops_alive: false
[1999.936s][debug][gc,ref         ] GC(149) Skipped phase 3 of Reference Processing: no references
[1999.936s][debug][gc,ref         ] GC(149) ReferenceProcessor::execute queues: 1, RefProcThreadModel::Single, marks_oops_alive: false
[1999.936s][debug][gc,phases      ] GC(149) Reference Processing 0.093ms
[1999.936s][debug][gc,phases      ] GC(149)   VM Weak                        Min:  0.0, Avg:  0.0, Max:  0.0, Diff:  0.0, Sum:  0.0, Workers: 4
[1999.936s][debug][gc,phases      ] GC(149)     Dead                           Min: 0, Avg:  0.0, Max: 0, Diff: 0, Sum: 0, Workers: 4
[1999.936s][debug][gc,phases      ] GC(149)     Total                          Min: 0, Avg: 163.2, Max: 333, Diff: 333, Sum: 653, Workers: 4
[1999.936s][debug][gc,phases      ] GC(149)   ObjectSynchronizer Weak        Min:  0.0, Avg:  0.0, Max:  0.0, Diff:  0.0, Sum:  0.0, Workers: 4
[1999.936s][debug][gc,phases      ] GC(149)     Dead                           Min: 0, Avg:  0.0, Max: 0, Diff: 0, Sum: 0, Workers: 4
[1999.936s][debug][gc,phases      ] GC(149)     Total                          Min: 0, Avg: 120.0, Max: 256, Diff: 256, Sum: 480, Workers: 4
[1999.936s][debug][gc,phases      ] GC(149)   JVMTI Tag Weak OopStorage      Min:  0.0, Avg:  0.0, Max:  0.0, Diff:  0.0, Sum:  0.0, Workers: 4
[1999.936s][debug][gc,phases      ] GC(149)     Dead                           Min: 0, Avg:  0.0, Max: 0, Diff: 0, Sum: 0, Workers: 4
[1999.936s][debug][gc,phases      ] GC(149)     Total                          Min: 0, Avg:  0.0, Max: 0, Diff: 0, Sum: 0, Workers: 4
[1999.936s][debug][gc,phases      ] GC(149)   StringTable Weak               Min:  0.1, Avg:  0.1, Max:  0.1, Diff:  0.0, Sum:  0.3, Workers: 4
[1999.936s][debug][gc,phases      ] GC(149)     Dead                           Min: 0, Avg:  0.0, Max: 0, Diff: 0, Sum: 0, Workers: 4
[1999.936s][debug][gc,phases      ] GC(149)     Total                          Min: 10880, Avg: 11992.2, Max: 13025, Diff: 2145, Sum: 47969, Workers: 4
[1999.936s][debug][gc,phases      ] GC(149)   ResolvedMethodTable Weak       Min:  0.0, Avg:  0.0, Max:  0.0, Diff:  0.0, Sum:  0.1, Workers: 4
[1999.936s][debug][gc,phases      ] GC(149)     Dead                           Min: 0, Avg:  0.0, Max: 0, Diff: 0, Sum: 0, Workers: 4
[1999.936s][debug][gc,phases      ] GC(149)     Total                          Min: 1984, Avg: 2033.0, Max: 2180, Diff: 196, Sum: 8132, Workers: 4
[1999.936s][debug][gc,phases      ] GC(149)   JNI Weak                       Min:  0.0, Avg:  0.0, Max:  0.0, Diff:  0.0, Sum:  0.0, Workers: 4
[1999.936s][debug][gc,phases      ] GC(149)     Dead                           Min: 0, Avg:  0.0, Max: 0, Diff: 0, Sum: 0, Workers: 4
[1999.936s][debug][gc,phases      ] GC(149)     Total                          Min: 0, Avg:  0.0, Max: 0, Diff: 0, Sum: 0, Workers: 4
[1999.936s][debug][gc,phases      ] GC(149)   StringDedup Table Weak         Min:  0.0, Avg:  0.0, Max:  0.0, Diff:  0.0, Sum:  0.0, Workers: 4
[1999.936s][debug][gc,phases      ] GC(149)     Dead                           Min: 0, Avg:  0.0, Max: 0, Diff: 0, Sum: 0, Workers: 4
[1999.936s][debug][gc,phases      ] GC(149)     Total                          Min: 0, Avg:  0.0, Max: 0, Diff: 0, Sum: 0, Workers: 4
[1999.936s][debug][gc,phases      ] GC(149)   StringDedup Requests0 Weak     Min:  0.0, Avg:  0.0, Max:  0.0, Diff:  0.0, Sum:  0.0, Workers: 4
[1999.936s][debug][gc,phases      ] GC(149)     Dead                           Min: 0, Avg:  0.0, Max: 0, Diff: 0, Sum: 0, Workers: 4
[1999.936s][debug][gc,phases      ] GC(149)     Total                          Min: 0, Avg:  0.0, Max: 0, Diff: 0, Sum: 0, Workers: 4
[1999.936s][debug][gc,phases      ] GC(149)   StringDedup Requests1 Weak     Min:  0.0, Avg:  0.0, Max:  0.0, Diff:  0.0, Sum:  0.0, Workers: 4
[1999.936s][debug][gc,phases      ] GC(149)     Dead                           Min: 0, Avg:  0.0, Max: 0, Diff: 0, Sum: 0, Workers: 4
[1999.936s][debug][gc,phases      ] GC(149)     Total                          Min: 0, Avg:  0.0, Max: 0, Diff: 0, Sum: 0, Workers: 4
[1999.936s][debug][gc,phases      ] GC(149)   Weak JFR Old Object Samples    Min:  0.0, Avg:  0.0, Max:  0.0, Diff:  0.0, Sum:  0.0, Workers: 4
[1999.936s][debug][gc,phases      ] GC(149)     Dead                           Min: 0, Avg:  0.0, Max: 0, Diff: 0, Sum: 0, Workers: 4
[1999.936s][debug][gc,phases      ] GC(149)     Total                          Min: 0, Avg:  0.0, Max: 0, Diff: 0, Sum: 0, Workers: 4
[1999.936s][debug][gc,phases      ] GC(149) Weak Processing 0.242ms
[1999.936s][debug][gc,age         ] GC(149) Desired survivor size 35127296 bytes, new threshold 15 (max threshold 15)
[1999.936s][info ][gc,heap        ] GC(149) PSYoungGen: 2037792K(2058752K)->15984K(2062848K) Eden: 2021888K(2021888K)->0K(2027520K) From: 15904K(36864K)->15984K(35328K)
[1999.936s][info ][gc,heap        ] GC(149) ParOldGen: 398531K(475648K)->398531K(475648K)
[1999.936s][info ][gc,metaspace   ] GC(149) Metaspace: 80989K(81856K)->80989K(81856K) NonClass: 69609K(70080K)->69609K(70080K) Class: 11380K(11776K)->11380K(11776K)
[1999.936s][info ][gc             ] GC(149) Pause Young (Allocation Failure) 2379M->404M(2479M) 4.636ms
[1999.936s][info ][gc,cpu         ] GC(149) User=0.01s Sys=0.00s Real=0.00s
[1999.936s][info ][safepoint      ] Safepoint "ParallelGCFailedAllocation", Time since last: 3255274107 ns, Reaching safepoint: 61700 ns, At safepoint: 4706324 ns, Total: 4768024 ns
[2008.937s][info ][safepoint      ] Safepoint "Cleanup", Time since last: 9000560744 ns, Reaching safepoint: 60501 ns, At safepoint: 5300 ns, Total: 65801 ns
[2011.937s][info ][safepoint      ] Safepoint "Cleanup", Time since last: 3000229766 ns, Reaching safepoint: 41500 ns, At safepoint: 2500 ns, Total: 44000 ns
[2012.937s][info ][safepoint      ] Safepoint "Cleanup", Time since last: 1000092621 ns, Reaching safepoint: 51200 ns, At safepoint: 9100 ns, Total: 60300 ns
[2026.938s][info ][safepoint      ] Safepoint "Cleanup", Time since last: 14000898400 ns, Reaching safepoint: 39300 ns, At safepoint: 12400 ns, Total: 51700 ns
[2030.939s][info ][safepoint      ] Safepoint "Cleanup", Time since last: 4000266628 ns, Reaching safepoint: 40500 ns, At safepoint: 8200 ns, Total: 48700 ns
[2033.494s][info ][gc,start       ] GC(150) Pause Young (Allocation Failure)
[2033.499s][debug][gc,phases      ] GC(150) Scavenge 4.954ms
[2033.499s][debug][gc,ref         ] GC(150) Skipped phase 1 of Reference Processing: no references
[2033.499s][debug][gc,ref         ] GC(150) ReferenceProcessor::execute queues: 1, RefProcThreadModel::Single, marks_oops_alive: false
[2033.499s][debug][gc,ref         ] GC(150) Skipped phase 3 of Reference Processing: no references
[2033.499s][debug][gc,ref         ] GC(150) Skipped phase 4 of Reference Processing: no references
[2033.499s][debug][gc,phases      ] GC(150) Reference Processing 0.108ms
[2033.499s][debug][gc,phases      ] GC(150)   VM Weak                        Min:  0.0, Avg:  0.0, Max:  0.0, Diff:  0.0, Sum:  0.0, Workers: 4
[2033.499s][debug][gc,phases      ] GC(150)     Dead                           Min: 0, Avg:  0.0, Max: 0, Diff: 0, Sum: 0, Workers: 4
[2033.499s][debug][gc,phases      ] GC(150)     Total                          Min: 0, Avg: 163.2, Max: 384, Diff: 384, Sum: 653, Workers: 4
[2033.499s][debug][gc,phases      ] GC(150)   ObjectSynchronizer Weak        Min:  0.0, Avg:  0.0, Max:  0.0, Diff:  0.0, Sum:  0.0, Workers: 4
[2033.499s][debug][gc,phases      ] GC(150)     Dead                           Min: 0, Avg:  0.0, Max: 0, Diff: 0, Sum: 0, Workers: 4
[2033.499s][debug][gc,phases      ] GC(150)     Total                          Min: 0, Avg: 120.2, Max: 289, Diff: 289, Sum: 481, Workers: 4
[2033.499s][debug][gc,phases      ] GC(150)   JVMTI Tag Weak OopStorage      Min:  0.0, Avg:  0.0, Max:  0.0, Diff:  0.0, Sum:  0.0, Workers: 4
[2033.499s][debug][gc,phases      ] GC(150)     Dead                           Min: 0, Avg:  0.0, Max: 0, Diff: 0, Sum: 0, Workers: 4
[2033.499s][debug][gc,phases      ] GC(150)     Total                          Min: 0, Avg:  0.0, Max: 0, Diff: 0, Sum: 0, Workers: 4
[2033.499s][debug][gc,phases      ] GC(150)   StringTable Weak               Min:  0.1, Avg:  0.1, Max:  0.1, Diff:  0.0, Sum:  0.3, Workers: 4
[2033.499s][debug][gc,phases      ] GC(150)     Dead                           Min: 0, Avg:  0.0, Max: 0, Diff: 0, Sum: 0, Workers: 4
[2033.499s][debug][gc,phases      ] GC(150)     Total                          Min: 9152, Avg: 11992.2, Max: 15296, Diff: 6144, Sum: 47969, Workers: 4
[2033.499s][debug][gc,phases      ] GC(150)   ResolvedMethodTable Weak       Min:  0.0, Avg:  0.0, Max:  0.0, Diff:  0.0, Sum:  0.1, Workers: 4
[2033.499s][debug][gc,phases      ] GC(150)     Dead                           Min: 0, Avg:  0.0, Max: 0, Diff: 0, Sum: 0, Workers: 4
[2033.499s][debug][gc,phases      ] GC(150)     Total                          Min: 1536, Avg: 2033.0, Max: 2432, Diff: 896, Sum: 8132, Workers: 4
[2033.499s][debug][gc,phases      ] GC(150)   JNI Weak                       Min:  0.0, Avg:  0.0, Max:  0.0, Diff:  0.0, Sum:  0.0, Workers: 4
[2033.499s][debug][gc,phases      ] GC(150)     Dead                           Min: 0, Avg:  0.0, Max: 0, Diff: 0, Sum: 0, Workers: 4
[2033.499s][debug][gc,phases      ] GC(150)     Total                          Min: 0, Avg:  0.0, Max: 0, Diff: 0, Sum: 0, Workers: 4
[2033.499s][debug][gc,phases      ] GC(150)   StringDedup Table Weak         Min:  0.0, Avg:  0.0, Max:  0.0, Diff:  0.0, Sum:  0.0, Workers: 4
[2033.499s][debug][gc,phases      ] GC(150)     Dead                           Min: 0, Avg:  0.0, Max: 0, Diff: 0, Sum: 0, Workers: 4
[2033.499s][debug][gc,phases      ] GC(150)     Total                          Min: 0, Avg:  0.0, Max: 0, Diff: 0, Sum: 0, Workers: 4
[2033.499s][debug][gc,phases      ] GC(150)   StringDedup Requests0 Weak     Min:  0.0, Avg:  0.0, Max:  0.0, Diff:  0.0, Sum:  0.0, Workers: 4
[2033.499s][debug][gc,phases      ] GC(150)     Dead                           Min: 0, Avg:  0.0, Max: 0, Diff: 0, Sum: 0, Workers: 4
[2033.499s][debug][gc,phases      ] GC(150)     Total                          Min: 0, Avg:  0.0, Max: 0, Diff: 0, Sum: 0, Workers: 4
[2033.499s][debug][gc,phases      ] GC(150)   StringDedup Requests1 Weak     Min:  0.0, Avg:  0.0, Max:  0.0, Diff:  0.0, Sum:  0.0, Workers: 4
[2033.499s][debug][gc,phases      ] GC(150)     Dead                           Min: 0, Avg:  0.0, Max: 0, Diff: 0, Sum: 0, Workers: 4
[2033.499s][debug][gc,phases      ] GC(150)     Total                          Min: 0, Avg:  0.0, Max: 0, Diff: 0, Sum: 0, Workers: 4
[2033.499s][debug][gc,phases      ] GC(150)   Weak JFR Old Object Samples    Min:  0.0, Avg:  0.0, Max:  0.0, Diff:  0.0, Sum:  0.0, Workers: 4
[2033.499s][debug][gc,phases      ] GC(150)     Dead                           Min: 0, Avg:  0.0, Max: 0, Diff: 0, Sum: 0, Workers: 4
[2033.499s][debug][gc,phases      ] GC(150)     Total                          Min: 0, Avg:  0.0, Max: 0, Diff: 0, Sum: 0, Workers: 4
[2033.499s][debug][gc,phases      ] GC(150) Weak Processing 0.333ms
[2033.499s][debug][gc,age         ] GC(150) Desired survivor size 33554432 bytes, new threshold 15 (max threshold 15)
[2033.499s][info ][gc,heap        ] GC(150) PSYoungGen: 2043504K(2062848K)->15872K(2061824K) Eden: 2027520K(2027520K)->0K(2027520K) From: 15984K(35328K)->15872K(34304K)
[2033.499s][info ][gc,heap        ] GC(150) ParOldGen: 398531K(475648K)->398531K(475648K)
[2033.499s][info ][gc,metaspace   ] GC(150) Metaspace: 80993K(81856K)->80993K(81856K) NonClass: 69612K(70080K)->69612K(70080K) Class: 11380K(11776K)->11380K(11776K)
[2033.499s][info ][gc             ] GC(150) Pause Young (Allocation Failure) 2384M->404M(2478M) 5.504ms
[2033.499s][info ][gc,cpu         ] GC(150) User=0.02s Sys=0.00s Real=0.00s
[2033.499s][info ][safepoint      ] Safepoint "ParallelGCFailedAllocation", Time since last: 2554999641 ns, Reaching safepoint: 102401 ns, At safepoint: 5588228 ns, Total: 5690629 ns
[2038.500s][info ][safepoint      ] Safepoint "Cleanup", Time since last: 5000350407 ns, Reaching safepoint: 45600 ns, At safepoint: 3100 ns, Total: 48700 ns
[2039.500s][info ][safepoint      ] Safepoint "Cleanup", Time since last: 1000123499 ns, Reaching safepoint: 50001 ns, At safepoint: 2900 ns, Total: 52901 ns
[2050.426s][info ][safepoint      ] Safepoint "Cleanup", Time since last: 10925696954 ns, Reaching safepoint: 54701 ns, At safepoint: 5500 ns, Total: 60201 ns
[2053.426s][info ][safepoint      ] Safepoint "Cleanup", Time since last: 3000255067 ns, Reaching safepoint: 41000 ns, At safepoint: 3200 ns, Total: 44200 ns
[2060.427s][info ][safepoint      ] Safepoint "Cleanup", Time since last: 7000453995 ns, Reaching safepoint: 55600 ns, At safepoint: 6200 ns, Total: 61800 ns
[2062.427s][info ][safepoint      ] Safepoint "Cleanup", Time since last: 2000169064 ns, Reaching safepoint: 44200 ns, At safepoint: 2400 ns, Total: 46600 ns
[2064.047s][info ][gc,start       ] GC(151) Pause Young (Allocation Failure)
[2064.053s][debug][gc,phases      ] GC(151) Scavenge 5.616ms
[2064.053s][debug][gc,ref         ] GC(151) Skipped phase 1 of Reference Processing: no references
[2064.053s][debug][gc,ref         ] GC(151) ReferenceProcessor::execute queues: 1, RefProcThreadModel::Single, marks_oops_alive: false
[2064.053s][debug][gc,ref         ] GC(151) Skipped phase 3 of Reference Processing: no references
[2064.053s][debug][gc,ref         ] GC(151) ReferenceProcessor::execute queues: 1, RefProcThreadModel::Single, marks_oops_alive: false
[2064.053s][debug][gc,phases      ] GC(151) Reference Processing 0.124ms
[2064.053s][debug][gc,phases      ] GC(151)   VM Weak                        Min:  0.0, Avg:  0.0, Max:  0.0, Diff:  0.0, Sum:  0.0, Workers: 4
[2064.053s][debug][gc,phases      ] GC(151)     Dead                           Min: 0, Avg:  0.0, Max: 0, Diff: 0, Sum: 0, Workers: 4
[2064.053s][debug][gc,phases      ] GC(151)     Total                          Min: 0, Avg: 163.2, Max: 653, Diff: 653, Sum: 653, Workers: 4
[2064.053s][debug][gc,phases      ] GC(151)   ObjectSynchronizer Weak        Min:  0.0, Avg:  0.0, Max:  0.0, Diff:  0.0, Sum:  0.0, Workers: 4
[2064.053s][debug][gc,phases      ] GC(151)     Dead                           Min: 0, Avg:  0.0, Max: 0, Diff: 0, Sum: 0, Workers: 4
[2064.053s][debug][gc,phases      ] GC(151)     Total                          Min: 0, Avg: 120.2, Max: 384, Diff: 384, Sum: 481, Workers: 4
[2064.053s][debug][gc,phases      ] GC(151)   JVMTI Tag Weak OopStorage      Min:  0.0, Avg:  0.0, Max:  0.0, Diff:  0.0, Sum:  0.0, Workers: 4
[2064.053s][debug][gc,phases      ] GC(151)     Dead                           Min: 0, Avg:  0.0, Max: 0, Diff: 0, Sum: 0, Workers: 4
[2064.053s][debug][gc,phases      ] GC(151)     Total                          Min: 0, Avg:  0.0, Max: 0, Diff: 0, Sum: 0, Workers: 4
[2064.053s][debug][gc,phases      ] GC(151)   StringTable Weak               Min:  0.1, Avg:  0.1, Max:  0.1, Diff:  0.0, Sum:  0.3, Workers: 4
[2064.053s][debug][gc,phases      ] GC(151)     Dead                           Min: 0, Avg:  0.0, Max: 0, Diff: 0, Sum: 0, Workers: 4
[2064.053s][debug][gc,phases      ] GC(151)     Total                          Min: 8865, Avg: 11992.2, Max: 13248, Diff: 4383, Sum: 47969, Workers: 4
[2064.053s][debug][gc,phases      ] GC(151)   ResolvedMethodTable Weak       Min:  0.0, Avg:  0.0, Max:  0.0, Diff:  0.0, Sum:  0.1, Workers: 4
[2064.053s][debug][gc,phases      ] GC(151)     Dead                           Min: 0, Avg:  0.0, Max: 0, Diff: 0, Sum: 0, Workers: 4
[2064.053s][debug][gc,phases      ] GC(151)     Total                          Min: 1540, Avg: 2033.0, Max: 2368, Diff: 828, Sum: 8132, Workers: 4
[2064.053s][debug][gc,phases      ] GC(151)   JNI Weak                       Min:  0.0, Avg:  0.0, Max:  0.0, Diff:  0.0, Sum:  0.0, Workers: 4
[2064.053s][debug][gc,phases      ] GC(151)     Dead                           Min: 0, Avg:  0.0, Max: 0, Diff: 0, Sum: 0, Workers: 4
[2064.053s][debug][gc,phases      ] GC(151)     Total                          Min: 0, Avg:  0.0, Max: 0, Diff: 0, Sum: 0, Workers: 4
[2064.053s][debug][gc,phases      ] GC(151)   StringDedup Table Weak         Min:  0.0, Avg:  0.0, Max:  0.0, Diff:  0.0, Sum:  0.0, Workers: 4
[2064.053s][debug][gc,phases      ] GC(151)     Dead                           Min: 0, Avg:  0.0, Max: 0, Diff: 0, Sum: 0, Workers: 4
[2064.053s][debug][gc,phases      ] GC(151)     Total                          Min: 0, Avg:  0.0, Max: 0, Diff: 0, Sum: 0, Workers: 4
[2064.053s][debug][gc,phases      ] GC(151)   StringDedup Requests0 Weak     Min:  0.0, Avg:  0.0, Max:  0.0, Diff:  0.0, Sum:  0.0, Workers: 4
[2064.054s][debug][gc,phases      ] GC(151)     Dead                           Min: 0, Avg:  0.0, Max: 0, Diff: 0, Sum: 0, Workers: 4
[2064.054s][debug][gc,phases      ] GC(151)     Total                          Min: 0, Avg:  0.0, Max: 0, Diff: 0, Sum: 0, Workers: 4
[2064.054s][debug][gc,phases      ] GC(151)   StringDedup Requests1 Weak     Min:  0.0, Avg:  0.0, Max:  0.0, Diff:  0.0, Sum:  0.0, Workers: 4
[2064.054s][debug][gc,phases      ] GC(151)     Dead                           Min: 0, Avg:  0.0, Max: 0, Diff: 0, Sum: 0, Workers: 4
[2064.054s][debug][gc,phases      ] GC(151)     Total                          Min: 0, Avg:  0.0, Max: 0, Diff: 0, Sum: 0, Workers: 4
[2064.054s][debug][gc,phases      ] GC(151)   Weak JFR Old Object Samples    Min:  0.0, Avg:  0.0, Max:  0.0, Diff:  0.0, Sum:  0.0, Workers: 4
[2064.054s][debug][gc,phases      ] GC(151)     Dead                           Min: 0, Avg:  0.0, Max: 0, Diff: 0, Sum: 0, Workers: 4
[2064.054s][debug][gc,phases      ] GC(151)     Total                          Min: 0, Avg:  0.0, Max: 0, Diff: 0, Sum: 0, Workers: 4
[2064.054s][debug][gc,phases      ] GC(151) Weak Processing 0.249ms
[2064.054s][debug][gc,age         ] GC(151) Desired survivor size 33030144 bytes, new threshold 15 (max threshold 15)
[2064.054s][info ][gc,heap        ] GC(151) PSYoungGen: 2043392K(2061824K)->8544K(2064896K) Eden: 2027520K(2027520K)->0K(2032128K) From: 15872K(34304K)->8544K(32768K)
[2064.054s][info ][gc,heap        ] GC(151) ParOldGen: 398531K(475648K)->398531K(475648K)
[2064.054s][info ][gc,metaspace   ] GC(151) Metaspace: 80996K(81856K)->80996K(81856K) NonClass: 69616K(70080K)->69616K(70080K) Class: 11380K(11776K)->11380K(11776K)
[2064.054s][info ][gc             ] GC(151) Pause Young (Allocation Failure) 2384M->397M(2481M) 6.091ms
[2064.054s][info ][gc,cpu         ] GC(151) User=0.02s Sys=0.00s Real=0.01s
[2064.054s][info ][safepoint      ] Safepoint "ParallelGCFailedAllocation", Time since last: 1620632733 ns, Reaching safepoint: 35300 ns, At safepoint: 6159531 ns, Total: 6194831 ns
[2065.054s][info ][safepoint      ] Safepoint "Cleanup", Time since last: 1000082580 ns, Reaching safepoint: 48800 ns, At safepoint: 16500 ns, Total: 65300 ns
[2066.054s][info ][safepoint      ] Safepoint "Cleanup", Time since last: 1000114979 ns, Reaching safepoint: 35100 ns, At safepoint: 21700 ns, Total: 56800 ns
[2068.054s][info ][safepoint      ] Safepoint "Cleanup", Time since last: 2000161655 ns, Reaching safepoint: 51200 ns, At safepoint: 7100 ns, Total: 58300 ns
[2073.055s][info ][safepoint      ] Safepoint "Cleanup", Time since last: 5000354674 ns, Reaching safepoint: 48901 ns, At safepoint: 4500 ns, Total: 53401 ns
[2079.055s][info ][safepoint      ] Safepoint "Cleanup", Time since last: 6000458024 ns, Reaching safepoint: 49001 ns, At safepoint: 11500 ns, Total: 60501 ns
[2084.092s][info ][gc,start       ] GC(152) Pause Young (Allocation Failure)
[2084.105s][debug][gc,phases      ] GC(152) Scavenge 12.773ms
[2084.105s][debug][gc,ref         ] GC(152) Skipped phase 1 of Reference Processing: no references
[2084.105s][debug][gc,ref         ] GC(152) ReferenceProcessor::execute queues: 1, RefProcThreadModel::Single, marks_oops_alive: false
[2084.105s][debug][gc,ref         ] GC(152) Skipped phase 3 of Reference Processing: no references
[2084.105s][debug][gc,ref         ] GC(152) ReferenceProcessor::execute queues: 1, RefProcThreadModel::Single, marks_oops_alive: false
[2084.105s][debug][gc,phases      ] GC(152) Reference Processing 0.110ms
[2084.105s][debug][gc,phases      ] GC(152)   VM Weak                        Min:  0.0, Avg:  0.0, Max:  0.0, Diff:  0.0, Sum:  0.0, Workers: 4
[2084.105s][debug][gc,phases      ] GC(152)     Dead                           Min: 0, Avg:  0.0, Max: 0, Diff: 0, Sum: 0, Workers: 4
[2084.105s][debug][gc,phases      ] GC(152)     Total                          Min: 0, Avg: 163.2, Max: 397, Diff: 397, Sum: 653, Workers: 4
[2084.105s][debug][gc,phases      ] GC(152)   ObjectSynchronizer Weak        Min:  0.0, Avg:  0.0, Max:  0.0, Diff:  0.0, Sum:  0.0, Workers: 4
[2084.105s][debug][gc,phases      ] GC(152)     Dead                           Min: 0, Avg:  0.0, Max: 0, Diff: 0, Sum: 0, Workers: 4
[2084.105s][debug][gc,phases      ] GC(152)     Total                          Min: 0, Avg: 120.2, Max: 192, Diff: 192, Sum: 481, Workers: 4
[2084.105s][debug][gc,phases      ] GC(152)   JVMTI Tag Weak OopStorage      Min:  0.0, Avg:  0.0, Max:  0.0, Diff:  0.0, Sum:  0.0, Workers: 4
[2084.105s][debug][gc,phases      ] GC(152)     Dead                           Min: 0, Avg:  0.0, Max: 0, Diff: 0, Sum: 0, Workers: 4
[2084.105s][debug][gc,phases      ] GC(152)     Total                          Min: 0, Avg:  0.0, Max: 0, Diff: 0, Sum: 0, Workers: 4
[2084.105s][debug][gc,phases      ] GC(152)   StringTable Weak               Min:  0.1, Avg:  0.1, Max:  0.1, Diff:  0.0, Sum:  0.4, Workers: 4
[2084.105s][debug][gc,phases      ] GC(152)     Dead                           Min: 0, Avg:  0.0, Max: 0, Diff: 0, Sum: 0, Workers: 4
[2084.105s][debug][gc,phases      ] GC(152)     Total                          Min: 9664, Avg: 11993.2, Max: 13797, Diff: 4133, Sum: 47973, Workers: 4
[2084.105s][debug][gc,phases      ] GC(152)   ResolvedMethodTable Weak       Min:  0.0, Avg:  0.0, Max:  0.0, Diff:  0.0, Sum:  0.1, Workers: 4
[2084.105s][debug][gc,phases      ] GC(152)     Dead                           Min: 0, Avg:  0.0, Max: 0, Diff: 0, Sum: 0, Workers: 4
[2084.105s][debug][gc,phases      ] GC(152)     Total                          Min: 1856, Avg: 2033.0, Max: 2496, Diff: 640, Sum: 8132, Workers: 4
[2084.105s][debug][gc,phases      ] GC(152)   JNI Weak                       Min:  0.0, Avg:  0.0, Max:  0.0, Diff:  0.0, Sum:  0.0, Workers: 4
[2084.105s][debug][gc,phases      ] GC(152)     Dead                           Min: 0, Avg:  0.0, Max: 0, Diff: 0, Sum: 0, Workers: 4
[2084.105s][debug][gc,phases      ] GC(152)     Total                          Min: 0, Avg:  0.0, Max: 0, Diff: 0, Sum: 0, Workers: 4
[2084.105s][debug][gc,phases      ] GC(152)   StringDedup Table Weak         Min:  0.0, Avg:  0.0, Max:  0.0, Diff:  0.0, Sum:  0.0, Workers: 4
[2084.105s][debug][gc,phases      ] GC(152)     Dead                           Min: 0, Avg:  0.0, Max: 0, Diff: 0, Sum: 0, Workers: 4
[2084.105s][debug][gc,phases      ] GC(152)     Total                          Min: 0, Avg:  0.0, Max: 0, Diff: 0, Sum: 0, Workers: 4
[2084.105s][debug][gc,phases      ] GC(152)   StringDedup Requests0 Weak     Min:  0.0, Avg:  0.0, Max:  0.0, Diff:  0.0, Sum:  0.0, Workers: 4
[2084.105s][debug][gc,phases      ] GC(152)     Dead                           Min: 0, Avg:  0.0, Max: 0, Diff: 0, Sum: 0, Workers: 4
[2084.105s][debug][gc,phases      ] GC(152)     Total                          Min: 0, Avg:  0.0, Max: 0, Diff: 0, Sum: 0, Workers: 4
[2084.105s][debug][gc,phases      ] GC(152)   StringDedup Requests1 Weak     Min:  0.0, Avg:  0.0, Max:  0.0, Diff:  0.0, Sum:  0.0, Workers: 4
[2084.105s][debug][gc,phases      ] GC(152)     Dead                           Min: 0, Avg:  0.0, Max: 0, Diff: 0, Sum: 0, Workers: 4
[2084.105s][debug][gc,phases      ] GC(152)     Total                          Min: 0, Avg:  0.0, Max: 0, Diff: 0, Sum: 0, Workers: 4
[2084.105s][debug][gc,phases      ] GC(152)   Weak JFR Old Object Samples    Min:  0.0, Avg:  0.0, Max:  0.0, Diff:  0.0, Sum:  0.0, Workers: 4
[2084.105s][debug][gc,phases      ] GC(152)     Dead                           Min: 0, Avg:  0.0, Max: 0, Diff: 0, Sum: 0, Workers: 4
[2084.105s][debug][gc,phases      ] GC(152)     Total                          Min: 0, Avg:  0.0, Max: 0, Diff: 0, Sum: 0, Workers: 4
[2084.105s][debug][gc,phases      ] GC(152) Weak Processing 0.292ms
[2084.105s][debug][gc,age         ] GC(152) Desired survivor size 39321600 bytes, new threshold 14 (max threshold 15)
[2084.106s][info ][gc,heap        ] GC(152) PSYoungGen: 2040672K(2064896K)->32240K(2064384K) Eden: 2032128K(2032128K)->0K(2032128K) From: 8544K(32768K)->32240K(32256K)
[2084.106s][info ][gc,heap        ] GC(152) ParOldGen: 398531K(475648K)->401619K(475648K)
[2084.106s][info ][gc,metaspace   ] GC(152) Metaspace: 81004K(81856K)->81004K(81856K) NonClass: 69624K(70080K)->69624K(70080K) Class: 11380K(11776K)->11380K(11776K)
[2084.106s][info ][gc             ] GC(152) Pause Young (Allocation Failure) 2382M->423M(2480M) 13.294ms
[2084.106s][info ][gc,cpu         ] GC(152) User=0.05s Sys=0.00s Real=0.01s
[2084.106s][info ][safepoint      ] Safepoint "ParallelGCFailedAllocation", Time since last: 5037079720 ns, Reaching safepoint: 30000 ns, At safepoint: 13384767 ns, Total: 13414767 ns
[2085.106s][info ][safepoint      ] Safepoint "Cleanup", Time since last: 1000080865 ns, Reaching safepoint: 39200 ns, At safepoint: 2500 ns, Total: 41700 ns
[2089.106s][info ][safepoint      ] Safepoint "Cleanup", Time since last: 4000291851 ns, Reaching safepoint: 65501 ns, At safepoint: 11800 ns, Total: 77301 ns
[2093.106s][info ][safepoint      ] Safepoint "Cleanup", Time since last: 4000287039 ns, Reaching safepoint: 34300 ns, At safepoint: 2400 ns, Total: 36700 ns
[2107.107s][info ][safepoint      ] Safepoint "Cleanup", Time since last: 14000951550 ns, Reaching safepoint: 32800 ns, At safepoint: 24700 ns, Total: 57500 ns
[2113.108s][info ][safepoint      ] Safepoint "Cleanup", Time since last: 6000420580 ns, Reaching safepoint: 52000 ns, At safepoint: 9600 ns, Total: 61600 ns
[2117.287s][info ][gc,start       ] GC(153) Pause Young (Allocation Failure)
[2117.296s][debug][gc,phases      ] GC(153) Scavenge 8.931ms
[2117.296s][debug][gc,ref         ] GC(153) Skipped phase 1 of Reference Processing: no references
[2117.296s][debug][gc,ref         ] GC(153) ReferenceProcessor::execute queues: 1, RefProcThreadModel::Single, marks_oops_alive: false
[2117.297s][debug][gc,ref         ] GC(153) Skipped phase 3 of Reference Processing: no references
[2117.297s][debug][gc,ref         ] GC(153) ReferenceProcessor::execute queues: 1, RefProcThreadModel::Single, marks_oops_alive: false
[2117.297s][debug][gc,phases      ] GC(153) Reference Processing 0.096ms
[2117.297s][debug][gc,phases      ] GC(153)   VM Weak                        Min:  0.0, Avg:  0.0, Max:  0.0, Diff:  0.0, Sum:  0.0, Workers: 4
[2117.297s][debug][gc,phases      ] GC(153)     Dead                           Min: 0, Avg:  0.0, Max: 0, Diff: 0, Sum: 0, Workers: 4
[2117.297s][debug][gc,phases      ] GC(153)     Total                          Min: 0, Avg: 163.2, Max: 525, Diff: 525, Sum: 653, Workers: 4
[2117.297s][debug][gc,phases      ] GC(153)   ObjectSynchronizer Weak        Min:  0.0, Avg:  0.0, Max:  0.0, Diff:  0.0, Sum:  0.0, Workers: 4
[2117.297s][debug][gc,phases      ] GC(153)     Dead                           Min: 0, Avg:  0.0, Max: 0, Diff: 0, Sum: 0, Workers: 4
[2117.297s][debug][gc,phases      ] GC(153)     Total                          Min: 0, Avg: 120.2, Max: 256, Diff: 256, Sum: 481, Workers: 4
[2117.297s][debug][gc,phases      ] GC(153)   JVMTI Tag Weak OopStorage      Min:  0.0, Avg:  0.0, Max:  0.0, Diff:  0.0, Sum:  0.0, Workers: 4
[2117.297s][debug][gc,phases      ] GC(153)     Dead                           Min: 0, Avg:  0.0, Max: 0, Diff: 0, Sum: 0, Workers: 4
[2117.297s][debug][gc,phases      ] GC(153)     Total                          Min: 0, Avg:  0.0, Max: 0, Diff: 0, Sum: 0, Workers: 4
[2117.297s][debug][gc,phases      ] GC(153)   StringTable Weak               Min:  0.1, Avg:  0.1, Max:  0.1, Diff:  0.0, Sum:  0.4, Workers: 4
[2117.297s][debug][gc,phases      ] GC(153)     Dead                           Min: 0, Avg:  0.0, Max: 0, Diff: 0, Sum: 0, Workers: 4
[2117.297s][debug][gc,phases      ] GC(153)     Total                          Min: 9472, Avg: 11993.8, Max: 14823, Diff: 5351, Sum: 47975, Workers: 4
[2117.297s][debug][gc,phases      ] GC(153)   ResolvedMethodTable Weak       Min:  0.0, Avg:  0.0, Max:  0.0, Diff:  0.0, Sum:  0.1, Workers: 4
[2117.297s][debug][gc,phases      ] GC(153)     Dead                           Min: 0, Avg:  0.0, Max: 0, Diff: 0, Sum: 0, Workers: 4
[2117.297s][debug][gc,phases      ] GC(153)     Total                          Min: 1664, Avg: 2033.5, Max: 2438, Diff: 774, Sum: 8134, Workers: 4
[2117.297s][debug][gc,phases      ] GC(153)   JNI Weak                       Min:  0.0, Avg:  0.0, Max:  0.0, Diff:  0.0, Sum:  0.0, Workers: 4
[2117.297s][debug][gc,phases      ] GC(153)     Dead                           Min: 0, Avg:  0.0, Max: 0, Diff: 0, Sum: 0, Workers: 4
[2117.297s][debug][gc,phases      ] GC(153)     Total                          Min: 0, Avg:  0.0, Max: 0, Diff: 0, Sum: 0, Workers: 4
[2117.297s][debug][gc,phases      ] GC(153)   StringDedup Table Weak         Min:  0.0, Avg:  0.0, Max:  0.0, Diff:  0.0, Sum:  0.0, Workers: 4
[2117.297s][debug][gc,phases      ] GC(153)     Dead                           Min: 0, Avg:  0.0, Max: 0, Diff: 0, Sum: 0, Workers: 4
[2117.297s][debug][gc,phases      ] GC(153)     Total                          Min: 0, Avg:  0.0, Max: 0, Diff: 0, Sum: 0, Workers: 4
[2117.297s][debug][gc,phases      ] GC(153)   StringDedup Requests0 Weak     Min:  0.0, Avg:  0.0, Max:  0.0, Diff:  0.0, Sum:  0.0, Workers: 4
[2117.297s][debug][gc,phases      ] GC(153)     Dead                           Min: 0, Avg:  0.0, Max: 0, Diff: 0, Sum: 0, Workers: 4
[2117.297s][debug][gc,phases      ] GC(153)     Total                          Min: 0, Avg:  0.0, Max: 0, Diff: 0, Sum: 0, Workers: 4
[2117.297s][debug][gc,phases      ] GC(153)   StringDedup Requests1 Weak     Min:  0.0, Avg:  0.0, Max:  0.0, Diff:  0.0, Sum:  0.0, Workers: 4
[2117.297s][debug][gc,phases      ] GC(153)     Dead                           Min: 0, Avg:  0.0, Max: 0, Diff: 0, Sum: 0, Workers: 4
[2117.297s][debug][gc,phases      ] GC(153)     Total                          Min: 0, Avg:  0.0, Max: 0, Diff: 0, Sum: 0, Workers: 4
[2117.297s][debug][gc,phases      ] GC(153)   Weak JFR Old Object Samples    Min:  0.0, Avg:  0.0, Max:  0.0, Diff:  0.0, Sum:  0.0, Workers: 4
[2117.297s][debug][gc,phases      ] GC(153)     Dead                           Min: 0, Avg:  0.0, Max: 0, Diff: 0, Sum: 0, Workers: 4
[2117.297s][debug][gc,phases      ] GC(153)     Total                          Min: 0, Avg:  0.0, Max: 0, Diff: 0, Sum: 0, Workers: 4
[2117.297s][debug][gc,phases      ] GC(153) Weak Processing 0.265ms
[2117.297s][debug][gc,age         ] GC(153) Desired survivor size 43515904 bytes, new threshold 15 (max threshold 15)
[2117.297s][info ][gc,heap        ] GC(153) PSYoungGen: 2064368K(2064384K)->32592K(2044928K) Eden: 2032128K(2032128K)->0K(2012160K) From: 32240K(32256K)->32592K(32768K)
[2117.297s][info ][gc,heap        ] GC(153) ParOldGen: 401619K(475648K)->401619K(475648K)
[2117.297s][info ][gc,metaspace   ] GC(153) Metaspace: 81012K(81856K)->81012K(81856K) NonClass: 69631K(70080K)->69631K(70080K) Class: 11380K(11776K)->11380K(11776K)
[2117.297s][info ][gc             ] GC(153) Pause Young (Allocation Failure) 2408M->424M(2461M) 9.400ms
[2117.297s][info ][gc,cpu         ] GC(153) User=0.04s Sys=0.00s Real=0.01s
[2117.297s][info ][safepoint      ] Safepoint "ParallelGCFailedAllocation", Time since last: 4179472676 ns, Reaching safepoint: 41500 ns, At safepoint: 9479248 ns, Total: 9520748 ns
[2118.297s][info ][safepoint      ] Safepoint "Cleanup", Time since last: 1000040541 ns, Reaching safepoint: 44901 ns, At safepoint: 8300 ns, Total: 53201 ns
[2120.297s][info ][safepoint      ] Safepoint "Cleanup", Time since last: 2000161780 ns, Reaching safepoint: 52301 ns, At safepoint: 6300 ns, Total: 58601 ns
[2124.298s][info ][safepoint      ] Safepoint "Cleanup", Time since last: 4000315553 ns, Reaching safepoint: 41000 ns, At safepoint: 9400 ns, Total: 50400 ns
[2125.298s][info ][safepoint      ] Safepoint "Cleanup", Time since last: 1000094837 ns, Reaching safepoint: 34900 ns, At safepoint: 8100 ns, Total: 43000 ns
[2140.299s][info ][safepoint      ] Safepoint "Cleanup", Time since last: 15000952870 ns, Reaching safepoint: 55001 ns, At safepoint: 14900 ns, Total: 69901 ns
[2147.299s][info ][safepoint      ] Safepoint "Cleanup", Time since last: 7000479369 ns, Reaching safepoint: 54101 ns, At safepoint: 7500 ns, Total: 61601 ns
[2148.834s][info ][gc,start       ] GC(154) Pause Young (Allocation Failure)
[2148.842s][debug][gc,phases      ] GC(154) Scavenge 8.635ms
[2148.842s][debug][gc,ref         ] GC(154) Skipped phase 1 of Reference Processing: no references
[2148.843s][debug][gc,ref         ] GC(154) ReferenceProcessor::execute queues: 1, RefProcThreadModel::Single, marks_oops_alive: false
[2148.843s][debug][gc,ref         ] GC(154) Skipped phase 3 of Reference Processing: no references
[2148.843s][debug][gc,ref         ] GC(154) ReferenceProcessor::execute queues: 1, RefProcThreadModel::Single, marks_oops_alive: false
[2148.843s][debug][gc,phases      ] GC(154) Reference Processing 0.092ms
[2148.843s][debug][gc,phases      ] GC(154)   VM Weak                        Min:  0.0, Avg:  0.0, Max:  0.0, Diff:  0.0, Sum:  0.0, Workers: 4
[2148.843s][debug][gc,phases      ] GC(154)     Dead                           Min: 0, Avg:  0.0, Max: 0, Diff: 0, Sum: 0, Workers: 4
[2148.843s][debug][gc,phases      ] GC(154)     Total                          Min: 0, Avg: 163.2, Max: 448, Diff: 448, Sum: 653, Workers: 4
[2148.843s][debug][gc,phases      ] GC(154)   ObjectSynchronizer Weak        Min:  0.0, Avg:  0.0, Max:  0.0, Diff:  0.0, Sum:  0.0, Workers: 4
[2148.843s][debug][gc,phases      ] GC(154)     Dead                           Min: 0, Avg:  0.0, Max: 0, Diff: 0, Sum: 0, Workers: 4
[2148.843s][debug][gc,phases      ] GC(154)     Total                          Min: 0, Avg: 120.2, Max: 353, Diff: 353, Sum: 481, Workers: 4
[2148.843s][debug][gc,phases      ] GC(154)   JVMTI Tag Weak OopStorage      Min:  0.0, Avg:  0.0, Max:  0.0, Diff:  0.0, Sum:  0.0, Workers: 4
[2148.843s][debug][gc,phases      ] GC(154)     Dead                           Min: 0, Avg:  0.0, Max: 0, Diff: 0, Sum: 0, Workers: 4
[2148.843s][debug][gc,phases      ] GC(154)     Total                          Min: 0, Avg:  0.0, Max: 0, Diff: 0, Sum: 0, Workers: 4
[2148.843s][debug][gc,phases      ] GC(154)   StringTable Weak               Min:  0.1, Avg:  0.1, Max:  0.1, Diff:  0.0, Sum:  0.4, Workers: 4
[2148.843s][debug][gc,phases      ] GC(154)     Dead                           Min: 0, Avg:  0.2, Max: 1, Diff: 1, Sum: 1, Workers: 4
[2148.843s][debug][gc,phases      ] GC(154)     Total                          Min: 9152, Avg: 11997.5, Max: 14720, Diff: 5568, Sum: 47990, Workers: 4
[2148.843s][debug][gc,phases      ] GC(154)   ResolvedMethodTable Weak       Min:  0.0, Avg:  0.0, Max:  0.0, Diff:  0.0, Sum:  0.1, Workers: 4
[2148.843s][debug][gc,phases      ] GC(154)     Dead                           Min: 0, Avg:  0.0, Max: 0, Diff: 0, Sum: 0, Workers: 4
[2148.843s][debug][gc,phases      ] GC(154)     Total                          Min: 1664, Avg: 2033.8, Max: 2368, Diff: 704, Sum: 8135, Workers: 4
[2148.843s][debug][gc,phases      ] GC(154)   JNI Weak                       Min:  0.0, Avg:  0.0, Max:  0.0, Diff:  0.0, Sum:  0.0, Workers: 4
[2148.843s][debug][gc,phases      ] GC(154)     Dead                           Min: 0, Avg:  0.0, Max: 0, Diff: 0, Sum: 0, Workers: 4
[2148.843s][debug][gc,phases      ] GC(154)     Total                          Min: 0, Avg:  0.0, Max: 0, Diff: 0, Sum: 0, Workers: 4
[2148.843s][debug][gc,phases      ] GC(154)   StringDedup Table Weak         Min:  0.0, Avg:  0.0, Max:  0.0, Diff:  0.0, Sum:  0.0, Workers: 4
[2148.843s][debug][gc,phases      ] GC(154)     Dead                           Min: 0, Avg:  0.0, Max: 0, Diff: 0, Sum: 0, Workers: 4
[2148.843s][debug][gc,phases      ] GC(154)     Total                          Min: 0, Avg:  0.0, Max: 0, Diff: 0, Sum: 0, Workers: 4
[2148.843s][debug][gc,phases      ] GC(154)   StringDedup Requests0 Weak     Min:  0.0, Avg:  0.0, Max:  0.0, Diff:  0.0, Sum:  0.0, Workers: 4
[2148.843s][debug][gc,phases      ] GC(154)     Dead                           Min: 0, Avg:  0.0, Max: 0, Diff: 0, Sum: 0, Workers: 4
[2148.843s][debug][gc,phases      ] GC(154)     Total                          Min: 0, Avg:  0.0, Max: 0, Diff: 0, Sum: 0, Workers: 4
[2148.843s][debug][gc,phases      ] GC(154)   StringDedup Requests1 Weak     Min:  0.0, Avg:  0.0, Max:  0.0, Diff:  0.0, Sum:  0.0, Workers: 4
[2148.843s][debug][gc,phases      ] GC(154)     Dead                           Min: 0, Avg:  0.0, Max: 0, Diff: 0, Sum: 0, Workers: 4
[2148.843s][debug][gc,phases      ] GC(154)     Total                          Min: 0, Avg:  0.0, Max: 0, Diff: 0, Sum: 0, Workers: 4
[2148.843s][debug][gc,phases      ] GC(154)   Weak JFR Old Object Samples    Min:  0.0, Avg:  0.0, Max:  0.0, Diff:  0.0, Sum:  0.0, Workers: 4
[2148.843s][debug][gc,phases      ] GC(154)     Dead                           Min: 0, Avg:  0.0, Max: 0, Diff: 0, Sum: 0, Workers: 4
[2148.843s][debug][gc,phases      ] GC(154)     Total                          Min: 0, Avg:  0.0, Max: 0, Diff: 0, Sum: 0, Workers: 4
[2148.843s][debug][gc,phases      ] GC(154) Weak Processing 0.274ms
[2148.843s][debug][gc,age         ] GC(154) Desired survivor size 46661632 bytes, new threshold 15 (max threshold 15)
[2148.843s][info ][gc,heap        ] GC(154) PSYoungGen: 2044752K(2044928K)->32848K(2045440K) Eden: 2012160K(2012160K)->0K(2012160K) From: 32592K(32768K)->32848K(33280K)
[2148.843s][info ][gc,heap        ] GC(154) ParOldGen: 401619K(475648K)->401627K(475648K)
[2148.843s][info ][gc,metaspace   ] GC(154) Metaspace: 81026K(81856K)->81026K(81856K) NonClass: 69644K(70080K)->69644K(70080K) Class: 11382K(11776K)->11382K(11776K)
[2148.843s][info ][gc             ] GC(154) Pause Young (Allocation Failure) 2389M->424M(2462M) 9.101ms
[2148.843s][info ][gc,cpu         ] GC(154) User=0.04s Sys=0.00s Real=0.01s
[2148.843s][info ][safepoint      ] Safepoint "ParallelGCFailedAllocation", Time since last: 1534381504 ns, Reaching safepoint: 114301 ns, At safepoint: 9172146 ns, Total: 9286447 ns
[2150.843s][info ][safepoint      ] Safepoint "Cleanup", Time since last: 2000140040 ns, Reaching safepoint: 107301 ns, At safepoint: 5300 ns, Total: 112601 ns
[2153.844s][info ][safepoint      ] Safepoint "Cleanup", Time since last: 3000225356 ns, Reaching safepoint: 114601 ns, At safepoint: 15100 ns, Total: 129701 ns
[2156.844s][info ][safepoint      ] Safepoint "Cleanup", Time since last: 3000241951 ns, Reaching safepoint: 107500 ns, At safepoint: 7900 ns, Total: 115400 ns
[2158.844s][info ][safepoint      ] Safepoint "Cleanup", Time since last: 2000161331 ns, Reaching safepoint: 116001 ns, At safepoint: 23200 ns, Total: 139201 ns
[2161.844s][info ][safepoint      ] Safepoint "Cleanup", Time since last: 3000209041 ns, Reaching safepoint: 47700 ns, At safepoint: 5300 ns, Total: 53000 ns
[2165.845s][info ][safepoint      ] Safepoint "Cleanup", Time since last: 4000281846 ns, Reaching safepoint: 42001 ns, At safepoint: 5900 ns, Total: 47901 ns
[2169.845s][info ][safepoint      ] Safepoint "Cleanup", Time since last: 4000272736 ns, Reaching safepoint: 70600 ns, At safepoint: 7500 ns, Total: 78100 ns
[2171.277s][info ][gc,start       ] GC(155) Pause Young (Allocation Failure)
[2171.292s][debug][gc,phases      ] GC(155) Scavenge 15.360ms
[2171.292s][debug][gc,ref         ] GC(155) Skipped phase 1 of Reference Processing: no references
[2171.292s][debug][gc,ref         ] GC(155) ReferenceProcessor::execute queues: 1, RefProcThreadModel::Single, marks_oops_alive: false
[2171.292s][debug][gc,ref         ] GC(155) Skipped phase 3 of Reference Processing: no references
[2171.292s][debug][gc,ref         ] GC(155) ReferenceProcessor::execute queues: 1, RefProcThreadModel::Single, marks_oops_alive: false
[2171.292s][debug][gc,phases      ] GC(155) Reference Processing 0.112ms
[2171.292s][debug][gc,phases      ] GC(155)   VM Weak                        Min:  0.0, Avg:  0.0, Max:  0.0, Diff:  0.0, Sum:  0.0, Workers: 4
[2171.292s][debug][gc,phases      ] GC(155)     Dead                           Min: 0, Avg:  0.0, Max: 0, Diff: 0, Sum: 0, Workers: 4
[2171.292s][debug][gc,phases      ] GC(155)     Total                          Min: 0, Avg: 163.5, Max: 462, Diff: 462, Sum: 654, Workers: 4
[2171.292s][debug][gc,phases      ] GC(155)   ObjectSynchronizer Weak        Min:  0.0, Avg:  0.0, Max:  0.0, Diff:  0.0, Sum:  0.0, Workers: 4
[2171.292s][debug][gc,phases      ] GC(155)     Dead                           Min: 0, Avg:  0.0, Max: 0, Diff: 0, Sum: 0, Workers: 4
[2171.292s][debug][gc,phases      ] GC(155)     Total                          Min: 0, Avg: 120.5, Max: 192, Diff: 192, Sum: 482, Workers: 4
[2171.292s][debug][gc,phases      ] GC(155)   JVMTI Tag Weak OopStorage      Min:  0.0, Avg:  0.0, Max:  0.0, Diff:  0.0, Sum:  0.0, Workers: 4
[2171.292s][debug][gc,phases      ] GC(155)     Dead                           Min: 0, Avg:  0.0, Max: 0, Diff: 0, Sum: 0, Workers: 4
[2171.292s][debug][gc,phases      ] GC(155)     Total                          Min: 0, Avg:  0.0, Max: 0, Diff: 0, Sum: 0, Workers: 4
[2171.292s][debug][gc,phases      ] GC(155)   StringTable Weak               Min:  0.1, Avg:  0.1, Max:  0.1, Diff:  0.0, Sum:  0.4, Workers: 4
[2171.292s][debug][gc,phases      ] GC(155)     Dead                           Min: 0, Avg:  0.5, Max: 2, Diff: 2, Sum: 2, Workers: 4
[2171.292s][debug][gc,phases      ] GC(155)     Total                          Min: 10624, Avg: 12002.0, Max: 15560, Diff: 4936, Sum: 48008, Workers: 4
[2171.292s][debug][gc,phases      ] GC(155)   ResolvedMethodTable Weak       Min:  0.0, Avg:  0.0, Max:  0.0, Diff:  0.0, Sum:  0.1, Workers: 4
[2171.292s][debug][gc,phases      ] GC(155)     Dead                           Min: 0, Avg:  0.0, Max: 0, Diff: 0, Sum: 0, Workers: 4
[2171.292s][debug][gc,phases      ] GC(155)     Total                          Min: 1664, Avg: 2034.2, Max: 2441, Diff: 777, Sum: 8137, Workers: 4
[2171.292s][debug][gc,phases      ] GC(155)   JNI Weak                       Min:  0.0, Avg:  0.0, Max:  0.0, Diff:  0.0, Sum:  0.0, Workers: 4
[2171.292s][debug][gc,phases      ] GC(155)     Dead                           Min: 0, Avg:  0.0, Max: 0, Diff: 0, Sum: 0, Workers: 4
[2171.292s][debug][gc,phases      ] GC(155)     Total                          Min: 0, Avg:  0.0, Max: 0, Diff: 0, Sum: 0, Workers: 4
[2171.292s][debug][gc,phases      ] GC(155)   StringDedup Table Weak         Min:  0.0, Avg:  0.0, Max:  0.0, Diff:  0.0, Sum:  0.0, Workers: 4
[2171.292s][debug][gc,phases      ] GC(155)     Dead                           Min: 0, Avg:  0.0, Max: 0, Diff: 0, Sum: 0, Workers: 4
[2171.292s][debug][gc,phases      ] GC(155)     Total                          Min: 0, Avg:  0.0, Max: 0, Diff: 0, Sum: 0, Workers: 4
[2171.292s][debug][gc,phases      ] GC(155)   StringDedup Requests0 Weak     Min:  0.0, Avg:  0.0, Max:  0.0, Diff:  0.0, Sum:  0.0, Workers: 4
[2171.292s][debug][gc,phases      ] GC(155)     Dead                           Min: 0, Avg:  0.0, Max: 0, Diff: 0, Sum: 0, Workers: 4
[2171.292s][debug][gc,phases      ] GC(155)     Total                          Min: 0, Avg:  0.0, Max: 0, Diff: 0, Sum: 0, Workers: 4
[2171.292s][debug][gc,phases      ] GC(155)   StringDedup Requests1 Weak     Min:  0.0, Avg:  0.0, Max:  0.0, Diff:  0.0, Sum:  0.0, Workers: 4
[2171.292s][debug][gc,phases      ] GC(155)     Dead                           Min: 0, Avg:  0.0, Max: 0, Diff: 0, Sum: 0, Workers: 4
[2171.292s][debug][gc,phases      ] GC(155)     Total                          Min: 0, Avg:  0.0, Max: 0, Diff: 0, Sum: 0, Workers: 4
[2171.292s][debug][gc,phases      ] GC(155)   Weak JFR Old Object Samples    Min:  0.0, Avg:  0.0, Max:  0.0, Diff:  0.0, Sum:  0.0, Workers: 4
[2171.292s][debug][gc,phases      ] GC(155)     Dead                           Min: 0, Avg:  0.0, Max: 0, Diff: 0, Sum: 0, Workers: 4
[2171.292s][debug][gc,phases      ] GC(155)     Total                          Min: 0, Avg:  0.0, Max: 0, Diff: 0, Sum: 0, Workers: 4
[2171.292s][debug][gc,phases      ] GC(155) Weak Processing 0.282ms
[2171.292s][debug][gc,age         ] GC(155) Desired survivor size 54525952 bytes, new threshold 14 (max threshold 15)
[2171.292s][info ][gc,heap        ] GC(155) PSYoungGen: 2045008K(2045440K)->45536K(2036224K) Eden: 2012160K(2012160K)->0K(1990656K) From: 32848K(33280K)->45536K(45568K)
[2171.292s][info ][gc,heap        ] GC(155) ParOldGen: 401627K(475648K)->403107K(475648K)
[2171.292s][info ][gc,metaspace   ] GC(155) Metaspace: 81076K(81920K)->81076K(81920K) NonClass: 69690K(70144K)->69690K(70144K) Class: 11385K(11776K)->11385K(11776K)
[2171.292s][info ][gc             ] GC(155) Pause Young (Allocation Failure) 2389M->438M(2453M) 15.876ms
[2171.293s][info ][gc,cpu         ] GC(155) User=0.06s Sys=0.00s Real=0.02s
[2171.293s][info ][safepoint      ] Safepoint "ParallelGCFailedAllocation", Time since last: 1431420368 ns, Reaching safepoint: 43900 ns, At safepoint: 15967780 ns, Total: 16011680 ns
[2172.293s][info ][safepoint      ] Safepoint "Cleanup", Time since last: 1000084507 ns, Reaching safepoint: 117200 ns, At safepoint: 7700 ns, Total: 124900 ns
[2173.293s][info ][safepoint      ] Safepoint "Cleanup", Time since last: 1000100207 ns, Reaching safepoint: 158800 ns, At safepoint: 9600 ns, Total: 168400 ns
[2175.293s][info ][safepoint      ] Safepoint "Cleanup", Time since last: 2000168011 ns, Reaching safepoint: 112200 ns, At safepoint: 7500 ns, Total: 119700 ns
[2177.294s][info ][safepoint      ] Safepoint "Cleanup", Time since last: 2000168409 ns, Reaching safepoint: 112400 ns, At safepoint: 7200 ns, Total: 119600 ns
[2182.294s][info ][safepoint      ] Safepoint "Cleanup", Time since last: 5000373010 ns, Reaching safepoint: 116000 ns, At safepoint: 12900 ns, Total: 128900 ns
[2183.294s][info ][safepoint      ] Safepoint "Cleanup", Time since last: 1000105501 ns, Reaching safepoint: 114400 ns, At safepoint: 10500 ns, Total: 124900 ns
[2190.295s][info ][safepoint      ] Safepoint "Cleanup", Time since last: 7000502984 ns, Reaching safepoint: 43800 ns, At safepoint: 7500 ns, Total: 51300 ns
[2191.295s][info ][safepoint      ] Safepoint "Cleanup", Time since last: 1000101196 ns, Reaching safepoint: 49200 ns, At safepoint: 2700 ns, Total: 51900 ns
[2193.295s][info ][safepoint      ] Safepoint "Cleanup", Time since last: 2000161089 ns, Reaching safepoint: 40600 ns, At safepoint: 2700 ns, Total: 43300 ns
[2199.296s][info ][safepoint      ] Safepoint "Cleanup", Time since last: 6000412553 ns, Reaching safepoint: 44401 ns, At safepoint: 7500 ns, Total: 51901 ns
[2200.343s][info ][gc,start       ] GC(156) Pause Young (Allocation Failure)
[2200.365s][debug][gc,phases      ] GC(156) Scavenge 22.317ms
[2200.365s][debug][gc,ref         ] GC(156) Skipped phase 1 of Reference Processing: no references
[2200.365s][debug][gc,ref         ] GC(156) ReferenceProcessor::execute queues: 1, RefProcThreadModel::Single, marks_oops_alive: false
[2200.365s][debug][gc,ref         ] GC(156) ReferenceProcessor::execute queues: 4, RefProcThreadModel::Multi, marks_oops_alive: true
[2200.365s][debug][gc,ref         ] GC(156) ReferenceProcessor::execute queues: 1, RefProcThreadModel::Single, marks_oops_alive: false
[2200.365s][debug][gc,phases      ] GC(156) Reference Processing 0.159ms
[2200.365s][debug][gc,phases      ] GC(156)   VM Weak                        Min:  0.0, Avg:  0.0, Max:  0.0, Diff:  0.0, Sum:  0.0, Workers: 4
[2200.365s][debug][gc,phases      ] GC(156)     Dead                           Min: 0, Avg:  0.0, Max: 0, Diff: 0, Sum: 0, Workers: 4
[2200.365s][debug][gc,phases      ] GC(156)     Total                          Min: 0, Avg: 163.8, Max: 512, Diff: 512, Sum: 655, Workers: 4
[2200.365s][debug][gc,phases      ] GC(156)   ObjectSynchronizer Weak        Min:  0.0, Avg:  0.0, Max:  0.0, Diff:  0.0, Sum:  0.0, Workers: 4
[2200.365s][debug][gc,phases      ] GC(156)     Dead                           Min: 0, Avg:  0.0, Max: 0, Diff: 0, Sum: 0, Workers: 4
[2200.365s][debug][gc,phases      ] GC(156)     Total                          Min: 0, Avg: 120.5, Max: 256, Diff: 256, Sum: 482, Workers: 4
[2200.365s][debug][gc,phases      ] GC(156)   JVMTI Tag Weak OopStorage      Min:  0.0, Avg:  0.0, Max:  0.0, Diff:  0.0, Sum:  0.0, Workers: 4
[2200.365s][debug][gc,phases      ] GC(156)     Dead                           Min: 0, Avg:  0.0, Max: 0, Diff: 0, Sum: 0, Workers: 4
[2200.365s][debug][gc,phases      ] GC(156)     Total                          Min: 0, Avg:  0.0, Max: 0, Diff: 0, Sum: 0, Workers: 4
[2200.365s][debug][gc,phases      ] GC(156)   StringTable Weak               Min:  0.1, Avg:  0.1, Max:  0.1, Diff:  0.0, Sum:  0.3, Workers: 4
[2200.365s][debug][gc,phases      ] GC(156)     Dead                           Min: 0, Avg:  0.0, Max: 0, Diff: 0, Sum: 0, Workers: 4
[2200.365s][debug][gc,phases      ] GC(156)     Total                          Min: 9472, Avg: 12004.8, Max: 14848, Diff: 5376, Sum: 48019, Workers: 4
[2200.365s][debug][gc,phases      ] GC(156)   ResolvedMethodTable Weak       Min:  0.0, Avg:  0.0, Max:  0.0, Diff:  0.0, Sum:  0.1, Workers: 4
[2200.365s][debug][gc,phases      ] GC(156)     Dead                           Min: 0, Avg:  0.0, Max: 0, Diff: 0, Sum: 0, Workers: 4
[2200.365s][debug][gc,phases      ] GC(156)     Total                          Min: 1664, Avg: 2034.2, Max: 2496, Diff: 832, Sum: 8137, Workers: 4
[2200.365s][debug][gc,phases      ] GC(156)   JNI Weak                       Min:  0.0, Avg:  0.0, Max:  0.0, Diff:  0.0, Sum:  0.0, Workers: 4
[2200.365s][debug][gc,phases      ] GC(156)     Dead                           Min: 0, Avg:  0.0, Max: 0, Diff: 0, Sum: 0, Workers: 4
[2200.365s][debug][gc,phases      ] GC(156)     Total                          Min: 0, Avg:  0.0, Max: 0, Diff: 0, Sum: 0, Workers: 4
[2200.365s][debug][gc,phases      ] GC(156)   StringDedup Table Weak         Min:  0.0, Avg:  0.0, Max:  0.0, Diff:  0.0, Sum:  0.0, Workers: 4
[2200.365s][debug][gc,phases      ] GC(156)     Dead                           Min: 0, Avg:  0.0, Max: 0, Diff: 0, Sum: 0, Workers: 4
[2200.365s][debug][gc,phases      ] GC(156)     Total                          Min: 0, Avg:  0.0, Max: 0, Diff: 0, Sum: 0, Workers: 4
[2200.366s][debug][gc,phases      ] GC(156)   StringDedup Requests0 Weak     Min:  0.0, Avg:  0.0, Max:  0.0, Diff:  0.0, Sum:  0.0, Workers: 4
[2200.366s][debug][gc,phases      ] GC(156)     Dead                           Min: 0, Avg:  0.0, Max: 0, Diff: 0, Sum: 0, Workers: 4
[2200.366s][debug][gc,phases      ] GC(156)     Total                          Min: 0, Avg:  0.0, Max: 0, Diff: 0, Sum: 0, Workers: 4
[2200.366s][debug][gc,phases      ] GC(156)   StringDedup Requests1 Weak     Min:  0.0, Avg:  0.0, Max:  0.0, Diff:  0.0, Sum:  0.0, Workers: 4
[2200.366s][debug][gc,phases      ] GC(156)     Dead                           Min: 0, Avg:  0.0, Max: 0, Diff: 0, Sum: 0, Workers: 4
[2200.366s][debug][gc,phases      ] GC(156)     Total                          Min: 0, Avg:  0.0, Max: 0, Diff: 0, Sum: 0, Workers: 4
[2200.366s][debug][gc,phases      ] GC(156)   Weak JFR Old Object Samples    Min:  0.0, Avg:  0.0, Max:  0.0, Diff:  0.0, Sum:  0.0, Workers: 4
[2200.366s][debug][gc,phases      ] GC(156)     Dead                           Min: 0, Avg:  0.0, Max: 0, Diff: 0, Sum: 0, Workers: 4
[2200.366s][debug][gc,phases      ] GC(156)     Total                          Min: 0, Avg:  0.0, Max: 0, Diff: 0, Sum: 0, Workers: 4
[2200.366s][debug][gc,phases      ] GC(156) Weak Processing 0.259ms
[2200.366s][debug][gc,age         ] GC(156) Desired survivor size 69730304 bytes, new threshold 13 (max threshold 15)
[2200.366s][info ][gc,heap        ] GC(156) PSYoungGen: 2036192K(2036224K)->53221K(2043904K) Eden: 1990656K(1990656K)->0K(1990656K) From: 45536K(45568K)->53221K(53248K)
[2200.366s][info ][gc,heap        ] GC(156) ParOldGen: 403107K(475648K)->420094K(475648K)
[2200.366s][info ][gc,metaspace   ] GC(156) Metaspace: 81124K(81920K)->81124K(81920K) NonClass: 69737K(70144K)->69737K(70144K) Class: 11386K(11776K)->11386K(11776K)
[2200.366s][info ][gc             ] GC(156) Pause Young (Allocation Failure) 2382M->462M(2460M) 22.854ms
[2200.366s][info ][gc,cpu         ] GC(156) User=0.09s Sys=0.01s Real=0.02s
[2200.366s][info ][safepoint      ] Safepoint "ParallelGCFailedAllocation", Time since last: 1046938524 ns, Reaching safepoint: 29900 ns, At safepoint: 22933514 ns, Total: 22963414 ns
[2208.366s][info ][safepoint      ] Safepoint "Cleanup", Time since last: 8000437200 ns, Reaching safepoint: 40700 ns, At safepoint: 8500 ns, Total: 49200 ns
[2221.367s][info ][safepoint      ] Safepoint "Cleanup", Time since last: 13000858760 ns, Reaching safepoint: 34400 ns, At safepoint: 2600 ns, Total: 37000 ns
[2228.368s][info ][safepoint      ] Safepoint "Cleanup", Time since last: 7000475532 ns, Reaching safepoint: 41100 ns, At safepoint: 2500 ns, Total: 43600 ns
[2230.368s][info ][safepoint      ] Safepoint "Cleanup", Time since last: 2000164648 ns, Reaching safepoint: 55000 ns, At safepoint: 10100 ns, Total: 65100 ns
[2232.368s][info ][safepoint      ] Safepoint "Cleanup", Time since last: 2000162245 ns, Reaching safepoint: 43800 ns, At safepoint: 2100 ns, Total: 45900 ns
[2233.368s][info ][safepoint      ] Safepoint "Cleanup", Time since last: 1000094772 ns, Reaching safepoint: 41300 ns, At safepoint: 2300 ns, Total: 43600 ns
[2233.792s][info ][gc,start       ] GC(157) Pause Young (Allocation Failure)
[2233.802s][debug][gc,phases      ] GC(157) Scavenge 10.352ms
[2233.802s][debug][gc,ref         ] GC(157) Skipped phase 1 of Reference Processing: no references
[2233.802s][debug][gc,ref         ] GC(157) ReferenceProcessor::execute queues: 1, RefProcThreadModel::Single, marks_oops_alive: false
[2233.802s][debug][gc,ref         ] GC(157) Skipped phase 3 of Reference Processing: no references
[2233.802s][debug][gc,ref         ] GC(157) ReferenceProcessor::execute queues: 1, RefProcThreadModel::Single, marks_oops_alive: false
[2233.802s][debug][gc,phases      ] GC(157) Reference Processing 0.096ms
[2233.802s][debug][gc,phases      ] GC(157)   VM Weak                        Min:  0.0, Avg:  0.0, Max:  0.0, Diff:  0.0, Sum:  0.0, Workers: 4
[2233.802s][debug][gc,phases      ] GC(157)     Dead                           Min: 0, Avg:  0.0, Max: 0, Diff: 0, Sum: 0, Workers: 4
[2233.802s][debug][gc,phases      ] GC(157)     Total                          Min: 0, Avg: 163.8, Max: 655, Diff: 655, Sum: 655, Workers: 4
[2233.802s][debug][gc,phases      ] GC(157)   ObjectSynchronizer Weak        Min:  0.0, Avg:  0.0, Max:  0.0, Diff:  0.0, Sum:  0.0, Workers: 4
[2233.802s][debug][gc,phases      ] GC(157)     Dead                           Min: 0, Avg:  0.0, Max: 0, Diff: 0, Sum: 0, Workers: 4
[2233.802s][debug][gc,phases      ] GC(157)     Total                          Min: 0, Avg: 120.5, Max: 320, Diff: 320, Sum: 482, Workers: 4
[2233.802s][debug][gc,phases      ] GC(157)   JVMTI Tag Weak OopStorage      Min:  0.0, Avg:  0.0, Max:  0.0, Diff:  0.0, Sum:  0.0, Workers: 4
[2233.802s][debug][gc,phases      ] GC(157)     Dead                           Min: 0, Avg:  0.0, Max: 0, Diff: 0, Sum: 0, Workers: 4
[2233.802s][debug][gc,phases      ] GC(157)     Total                          Min: 0, Avg:  0.0, Max: 0, Diff: 0, Sum: 0, Workers: 4
[2233.802s][debug][gc,phases      ] GC(157)   StringTable Weak               Min:  0.1, Avg:  0.1, Max:  0.1, Diff:  0.0, Sum:  0.4, Workers: 4
[2233.802s][debug][gc,phases      ] GC(157)     Dead                           Min: 0, Avg:  0.0, Max: 0, Diff: 0, Sum: 0, Workers: 4
[2233.802s][debug][gc,phases      ] GC(157)     Total                          Min: 10329, Avg: 12006.2, Max: 16064, Diff: 5735, Sum: 48025, Workers: 4
[2233.802s][debug][gc,phases      ] GC(157)   ResolvedMethodTable Weak       Min:  0.0, Avg:  0.0, Max:  0.0, Diff:  0.0, Sum:  0.1, Workers: 4
[2233.802s][debug][gc,phases      ] GC(157)     Dead                           Min: 0, Avg:  0.0, Max: 0, Diff: 0, Sum: 0, Workers: 4
[2233.802s][debug][gc,phases      ] GC(157)     Total                          Min: 1728, Avg: 2034.2, Max: 2688, Diff: 960, Sum: 8137, Workers: 4
[2233.802s][debug][gc,phases      ] GC(157)   JNI Weak                       Min:  0.0, Avg:  0.0, Max:  0.0, Diff:  0.0, Sum:  0.0, Workers: 4
[2233.802s][debug][gc,phases      ] GC(157)     Dead                           Min: 0, Avg:  0.0, Max: 0, Diff: 0, Sum: 0, Workers: 4
[2233.802s][debug][gc,phases      ] GC(157)     Total                          Min: 0, Avg:  0.0, Max: 0, Diff: 0, Sum: 0, Workers: 4
[2233.802s][debug][gc,phases      ] GC(157)   StringDedup Table Weak         Min:  0.0, Avg:  0.0, Max:  0.0, Diff:  0.0, Sum:  0.0, Workers: 4
[2233.803s][debug][gc,phases      ] GC(157)     Dead                           Min: 0, Avg:  0.0, Max: 0, Diff: 0, Sum: 0, Workers: 4
[2233.803s][debug][gc,phases      ] GC(157)     Total                          Min: 0, Avg:  0.0, Max: 0, Diff: 0, Sum: 0, Workers: 4
[2233.803s][debug][gc,phases      ] GC(157)   StringDedup Requests0 Weak     Min:  0.0, Avg:  0.0, Max:  0.0, Diff:  0.0, Sum:  0.0, Workers: 4
[2233.803s][debug][gc,phases      ] GC(157)     Dead                           Min: 0, Avg:  0.0, Max: 0, Diff: 0, Sum: 0, Workers: 4
[2233.803s][debug][gc,phases      ] GC(157)     Total                          Min: 0, Avg:  0.0, Max: 0, Diff: 0, Sum: 0, Workers: 4
[2233.803s][debug][gc,phases      ] GC(157)   StringDedup Requests1 Weak     Min:  0.0, Avg:  0.0, Max:  0.0, Diff:  0.0, Sum:  0.0, Workers: 4
[2233.803s][debug][gc,phases      ] GC(157)     Dead                           Min: 0, Avg:  0.0, Max: 0, Diff: 0, Sum: 0, Workers: 4
[2233.803s][debug][gc,phases      ] GC(157)     Total                          Min: 0, Avg:  0.0, Max: 0, Diff: 0, Sum: 0, Workers: 4
[2233.803s][debug][gc,phases      ] GC(157)   Weak JFR Old Object Samples    Min:  0.0, Avg:  0.0, Max:  0.0, Diff:  0.0, Sum:  0.0, Workers: 4
[2233.803s][debug][gc,phases      ] GC(157)     Dead                           Min: 0, Avg:  0.0, Max: 0, Diff: 0, Sum: 0, Workers: 4
[2233.803s][debug][gc,phases      ] GC(157)     Total                          Min: 0, Avg:  0.0, Max: 0, Diff: 0, Sum: 0, Workers: 4
[2233.803s][debug][gc,phases      ] GC(157) Weak Processing 0.273ms
[2233.803s][debug][gc,age         ] GC(157) Desired survivor size 75497472 bytes, new threshold 14 (max threshold 15)
[2233.803s][info ][gc,heap        ] GC(157) PSYoungGen: 2043877K(2043904K)->53237K(2002944K) Eden: 1990656K(1990656K)->0K(1949696K) From: 53221K(53248K)->53237K(53248K)
[2233.803s][info ][gc,heap        ] GC(157) ParOldGen: 420094K(475648K)->420126K(475648K)
[2233.803s][info ][gc,metaspace   ] GC(157) Metaspace: 81124K(81920K)->81124K(81920K) NonClass: 69738K(70144K)->69738K(70144K) Class: 11386K(11776K)->11386K(11776K)
[2233.803s][info ][gc             ] GC(157) Pause Young (Allocation Failure) 2406M->462M(2420M) 10.832ms
[2233.803s][info ][gc,cpu         ] GC(157) User=0.05s Sys=0.00s Real=0.01s
[2233.803s][info ][safepoint      ] Safepoint "ParallelGCFailedAllocation", Time since last: 423587106 ns, Reaching safepoint: 25200 ns, At safepoint: 10905754 ns, Total: 10930954 ns
[2241.803s][info ][safepoint      ] Safepoint "Cleanup", Time since last: 8000533552 ns, Reaching safepoint: 46301 ns, At safepoint: 7400 ns, Total: 53701 ns
[2260.805s][info ][safepoint      ] Safepoint "Cleanup", Time since last: 19001268476 ns, Reaching safepoint: 41400 ns, At safepoint: 5100 ns, Total: 46500 ns
[2264.910s][info ][gc,start       ] GC(158) Pause Young (Allocation Failure)
[2264.920s][debug][gc,phases      ] GC(158) Scavenge 9.822ms
[2264.920s][debug][gc,ref         ] GC(158) Skipped phase 1 of Reference Processing: no references
[2264.920s][debug][gc,ref         ] GC(158) ReferenceProcessor::execute queues: 1, RefProcThreadModel::Single, marks_oops_alive: false
[2264.920s][debug][gc,ref         ] GC(158) Skipped phase 3 of Reference Processing: no references
[2264.920s][debug][gc,ref         ] GC(158) ReferenceProcessor::execute queues: 1, RefProcThreadModel::Single, marks_oops_alive: false
[2264.920s][debug][gc,phases      ] GC(158) Reference Processing 0.110ms
[2264.920s][debug][gc,phases      ] GC(158)   VM Weak                        Min:  0.0, Avg:  0.0, Max:  0.0, Diff:  0.0, Sum:  0.0, Workers: 4
[2264.920s][debug][gc,phases      ] GC(158)     Dead                           Min: 0, Avg:  0.0, Max: 0, Diff: 0, Sum: 0, Workers: 4
[2264.920s][debug][gc,phases      ] GC(158)     Total                          Min: 0, Avg: 163.8, Max: 512, Diff: 512, Sum: 655, Workers: 4
[2264.920s][debug][gc,phases      ] GC(158)   ObjectSynchronizer Weak        Min:  0.0, Avg:  0.0, Max:  0.0, Diff:  0.0, Sum:  0.0, Workers: 4
[2264.920s][debug][gc,phases      ] GC(158)     Dead                           Min: 0, Avg:  0.0, Max: 0, Diff: 0, Sum: 0, Workers: 4
[2264.920s][debug][gc,phases      ] GC(158)     Total                          Min: 0, Avg: 120.5, Max: 226, Diff: 226, Sum: 482, Workers: 4
[2264.920s][debug][gc,phases      ] GC(158)   JVMTI Tag Weak OopStorage      Min:  0.0, Avg:  0.0, Max:  0.0, Diff:  0.0, Sum:  0.0, Workers: 4
[2264.920s][debug][gc,phases      ] GC(158)     Dead                           Min: 0, Avg:  0.0, Max: 0, Diff: 0, Sum: 0, Workers: 4
[2264.920s][debug][gc,phases      ] GC(158)     Total                          Min: 0, Avg:  0.0, Max: 0, Diff: 0, Sum: 0, Workers: 4
[2264.920s][debug][gc,phases      ] GC(158)   StringTable Weak               Min:  0.1, Avg:  0.1, Max:  0.1, Diff:  0.0, Sum:  0.4, Workers: 4
[2264.920s][debug][gc,phases      ] GC(158)     Dead                           Min: 0, Avg:  0.0, Max: 0, Diff: 0, Sum: 0, Workers: 4
[2264.920s][debug][gc,phases      ] GC(158)     Total                          Min: 9728, Avg: 12007.2, Max: 14720, Diff: 4992, Sum: 48029, Workers: 4
[2264.920s][debug][gc,phases      ] GC(158)   ResolvedMethodTable Weak       Min:  0.0, Avg:  0.0, Max:  0.0, Diff:  0.0, Sum:  0.1, Workers: 4
[2264.920s][debug][gc,phases      ] GC(158)     Dead                           Min: 0, Avg:  0.0, Max: 0, Diff: 0, Sum: 0, Workers: 4
[2264.920s][debug][gc,phases      ] GC(158)     Total                          Min: 1536, Avg: 2034.2, Max: 2569, Diff: 1033, Sum: 8137, Workers: 4
[2264.920s][debug][gc,phases      ] GC(158)   JNI Weak                       Min:  0.0, Avg:  0.0, Max:  0.0, Diff:  0.0, Sum:  0.0, Workers: 4
[2264.920s][debug][gc,phases      ] GC(158)     Dead                           Min: 0, Avg:  0.0, Max: 0, Diff: 0, Sum: 0, Workers: 4
[2264.920s][debug][gc,phases      ] GC(158)     Total                          Min: 0, Avg:  0.0, Max: 0, Diff: 0, Sum: 0, Workers: 4
[2264.920s][debug][gc,phases      ] GC(158)   StringDedup Table Weak         Min:  0.0, Avg:  0.0, Max:  0.0, Diff:  0.0, Sum:  0.0, Workers: 4
[2264.920s][debug][gc,phases      ] GC(158)     Dead                           Min: 0, Avg:  0.0, Max: 0, Diff: 0, Sum: 0, Workers: 4
[2264.920s][debug][gc,phases      ] GC(158)     Total                          Min: 0, Avg:  0.0, Max: 0, Diff: 0, Sum: 0, Workers: 4
[2264.920s][debug][gc,phases      ] GC(158)   StringDedup Requests0 Weak     Min:  0.0, Avg:  0.0, Max:  0.0, Diff:  0.0, Sum:  0.0, Workers: 4
[2264.920s][debug][gc,phases      ] GC(158)     Dead                           Min: 0, Avg:  0.0, Max: 0, Diff: 0, Sum: 0, Workers: 4
[2264.920s][debug][gc,phases      ] GC(158)     Total                          Min: 0, Avg:  0.0, Max: 0, Diff: 0, Sum: 0, Workers: 4
[2264.920s][debug][gc,phases      ] GC(158)   StringDedup Requests1 Weak     Min:  0.0, Avg:  0.0, Max:  0.0, Diff:  0.0, Sum:  0.0, Workers: 4
[2264.920s][debug][gc,phases      ] GC(158)     Dead                           Min: 0, Avg:  0.0, Max: 0, Diff: 0, Sum: 0, Workers: 4
[2264.920s][debug][gc,phases      ] GC(158)     Total                          Min: 0, Avg:  0.0, Max: 0, Diff: 0, Sum: 0, Workers: 4
[2264.920s][debug][gc,phases      ] GC(158)   Weak JFR Old Object Samples    Min:  0.0, Avg:  0.0, Max:  0.0, Diff:  0.0, Sum:  0.0, Workers: 4
[2264.920s][debug][gc,phases      ] GC(158)     Dead                           Min: 0, Avg:  0.0, Max: 0, Diff: 0, Sum: 0, Workers: 4
[2264.920s][debug][gc,phases      ] GC(158)     Total                          Min: 0, Avg:  0.0, Max: 0, Diff: 0, Sum: 0, Workers: 4
[2264.920s][debug][gc,phases      ] GC(158) Weak Processing 0.293ms
[2264.920s][debug][gc,age         ] GC(158) Desired survivor size 80216064 bytes, new threshold 15 (max threshold 15)
[2264.920s][info ][gc,heap        ] GC(158) PSYoungGen: 2002933K(2002944K)->53186K(2002944K) Eden: 1949696K(1949696K)->0K(1949696K) From: 53237K(53248K)->53186K(53248K)
[2264.920s][info ][gc,heap        ] GC(158) ParOldGen: 420126K(475648K)->420126K(475648K)
[2264.920s][info ][gc,metaspace   ] GC(158) Metaspace: 81125K(81920K)->81125K(81920K) NonClass: 69739K(70144K)->69739K(70144K) Class: 11386K(11776K)->11386K(11776K)
[2264.920s][info ][gc             ] GC(158) Pause Young (Allocation Failure) 2366M->462M(2420M) 10.343ms
[2264.920s][info ][gc,cpu         ] GC(158) User=0.04s Sys=0.00s Real=0.00s
[2264.920s][info ][safepoint      ] Safepoint "ParallelGCFailedAllocation", Time since last: 4105248844 ns, Reaching safepoint: 39000 ns, At safepoint: 10436752 ns, Total: 10475752 ns
[2266.920s][info ][safepoint      ] Safepoint "Cleanup", Time since last: 2000090708 ns, Reaching safepoint: 35800 ns, At safepoint: 3000 ns, Total: 38800 ns
[2273.921s][info ][safepoint      ] Safepoint "Cleanup", Time since last: 7000446465 ns, Reaching safepoint: 50600 ns, At safepoint: 9100 ns, Total: 59700 ns
[2278.921s][info ][safepoint      ] Safepoint "Cleanup", Time since last: 5000354146 ns, Reaching safepoint: 40200 ns, At safepoint: 7200 ns, Total: 47400 ns
[2279.921s][info ][safepoint      ] Safepoint "Cleanup", Time since last: 1000059148 ns, Reaching safepoint: 52600 ns, At safepoint: 2700 ns, Total: 55300 ns
[2282.922s][info ][safepoint      ] Safepoint "Cleanup", Time since last: 3000231240 ns, Reaching safepoint: 44100 ns, At safepoint: 3400 ns, Total: 47500 ns
[2284.922s][info ][safepoint      ] Safepoint "Cleanup", Time since last: 2000162891 ns, Reaching safepoint: 52400 ns, At safepoint: 5001 ns, Total: 57401 ns
[2287.922s][info ][safepoint      ] Safepoint "Cleanup", Time since last: 3000192432 ns, Reaching safepoint: 52800 ns, At safepoint: 11400 ns, Total: 64200 ns
[2291.922s][info ][safepoint      ] Safepoint "Cleanup", Time since last: 4000267370 ns, Reaching safepoint: 44901 ns, At safepoint: 3500 ns, Total: 48401 ns
[2295.492s][info ][gc,start       ] GC(159) Pause Young (Allocation Failure)
[2295.502s][debug][gc,phases      ] GC(159) Scavenge 9.829ms
[2295.502s][debug][gc,ref         ] GC(159) Skipped phase 1 of Reference Processing: no references
[2295.502s][debug][gc,ref         ] GC(159) ReferenceProcessor::execute queues: 1, RefProcThreadModel::Single, marks_oops_alive: false
[2295.502s][debug][gc,ref         ] GC(159) Skipped phase 3 of Reference Processing: no references
[2295.502s][debug][gc,ref         ] GC(159) ReferenceProcessor::execute queues: 1, RefProcThreadModel::Single, marks_oops_alive: false
[2295.502s][debug][gc,phases      ] GC(159) Reference Processing 0.097ms
[2295.502s][debug][gc,phases      ] GC(159)   VM Weak                        Min:  0.0, Avg:  0.0, Max:  0.0, Diff:  0.0, Sum:  0.0, Workers: 4
[2295.502s][debug][gc,phases      ] GC(159)     Dead                           Min: 0, Avg:  0.0, Max: 0, Diff: 0, Sum: 0, Workers: 4
[2295.502s][debug][gc,phases      ] GC(159)     Total                          Min: 0, Avg: 163.8, Max: 463, Diff: 463, Sum: 655, Workers: 4
[2295.502s][debug][gc,phases      ] GC(159)   ObjectSynchronizer Weak        Min:  0.0, Avg:  0.0, Max:  0.0, Diff:  0.0, Sum:  0.0, Workers: 4
[2295.502s][debug][gc,phases      ] GC(159)     Dead                           Min: 0, Avg:  0.0, Max: 0, Diff: 0, Sum: 0, Workers: 4
[2295.502s][debug][gc,phases      ] GC(159)     Total                          Min: 0, Avg: 120.5, Max: 256, Diff: 256, Sum: 482, Workers: 4
[2295.502s][debug][gc,phases      ] GC(159)   JVMTI Tag Weak OopStorage      Min:  0.0, Avg:  0.0, Max:  0.0, Diff:  0.0, Sum:  0.0, Workers: 4
[2295.502s][debug][gc,phases      ] GC(159)     Dead                           Min: 0, Avg:  0.0, Max: 0, Diff: 0, Sum: 0, Workers: 4
[2295.502s][debug][gc,phases      ] GC(159)     Total                          Min: 0, Avg:  0.0, Max: 0, Diff: 0, Sum: 0, Workers: 4
[2295.502s][debug][gc,phases      ] GC(159)   StringTable Weak               Min:  0.1, Avg:  0.1, Max:  0.1, Diff:  0.0, Sum:  0.4, Workers: 4
[2295.502s][debug][gc,phases      ] GC(159)     Dead                           Min: 0, Avg:  0.0, Max: 0, Diff: 0, Sum: 0, Workers: 4
[2295.502s][debug][gc,phases      ] GC(159)     Total                          Min: 8861, Avg: 12007.2, Max: 15040, Diff: 6179, Sum: 48029, Workers: 4
[2295.502s][debug][gc,phases      ] GC(159)   ResolvedMethodTable Weak       Min:  0.0, Avg:  0.0, Max:  0.0, Diff:  0.0, Sum:  0.1, Workers: 4
[2295.502s][debug][gc,phases      ] GC(159)     Dead                           Min: 0, Avg:  0.0, Max: 0, Diff: 0, Sum: 0, Workers: 4
[2295.502s][debug][gc,phases      ] GC(159)     Total                          Min: 1600, Avg: 2034.2, Max: 2441, Diff: 841, Sum: 8137, Workers: 4
[2295.502s][debug][gc,phases      ] GC(159)   JNI Weak                       Min:  0.0, Avg:  0.0, Max:  0.0, Diff:  0.0, Sum:  0.0, Workers: 4
[2295.502s][debug][gc,phases      ] GC(159)     Dead                           Min: 0, Avg:  0.0, Max: 0, Diff: 0, Sum: 0, Workers: 4
[2295.502s][debug][gc,phases      ] GC(159)     Total                          Min: 0, Avg:  0.0, Max: 0, Diff: 0, Sum: 0, Workers: 4
[2295.502s][debug][gc,phases      ] GC(159)   StringDedup Table Weak         Min:  0.0, Avg:  0.0, Max:  0.0, Diff:  0.0, Sum:  0.0, Workers: 4
[2295.502s][debug][gc,phases      ] GC(159)     Dead                           Min: 0, Avg:  0.0, Max: 0, Diff: 0, Sum: 0, Workers: 4
[2295.502s][debug][gc,phases      ] GC(159)     Total                          Min: 0, Avg:  0.0, Max: 0, Diff: 0, Sum: 0, Workers: 4
[2295.502s][debug][gc,phases      ] GC(159)   StringDedup Requests0 Weak     Min:  0.0, Avg:  0.0, Max:  0.0, Diff:  0.0, Sum:  0.0, Workers: 4
[2295.502s][debug][gc,phases      ] GC(159)     Dead                           Min: 0, Avg:  0.0, Max: 0, Diff: 0, Sum: 0, Workers: 4
[2295.502s][debug][gc,phases      ] GC(159)     Total                          Min: 0, Avg:  0.0, Max: 0, Diff: 0, Sum: 0, Workers: 4
[2295.502s][debug][gc,phases      ] GC(159)   StringDedup Requests1 Weak     Min:  0.0, Avg:  0.0, Max:  0.0, Diff:  0.0, Sum:  0.0, Workers: 4
[2295.502s][debug][gc,phases      ] GC(159)     Dead                           Min: 0, Avg:  0.0, Max: 0, Diff: 0, Sum: 0, Workers: 4
[2295.502s][debug][gc,phases      ] GC(159)     Total                          Min: 0, Avg:  0.0, Max: 0, Diff: 0, Sum: 0, Workers: 4
[2295.502s][debug][gc,phases      ] GC(159)   Weak JFR Old Object Samples    Min:  0.0, Avg:  0.0, Max:  0.0, Diff:  0.0, Sum:  0.0, Workers: 4
[2295.502s][debug][gc,phases      ] GC(159)     Dead                           Min: 0, Avg:  0.0, Max: 0, Diff: 0, Sum: 0, Workers: 4
[2295.502s][debug][gc,phases      ] GC(159)     Total                          Min: 0, Avg:  0.0, Max: 0, Diff: 0, Sum: 0, Workers: 4
[2295.502s][debug][gc,phases      ] GC(159) Weak Processing 0.275ms
[2295.502s][debug][gc,age         ] GC(159) Desired survivor size 83361792 bytes, new threshold 15 (max threshold 15)
[2295.502s][info ][gc,heap        ] GC(159) PSYoungGen: 2002882K(2002944K)->53221K(2012672K) Eden: 1949696K(1949696K)->0K(1934336K) From: 53186K(53248K)->53221K(78336K)
[2295.502s][info ][gc,heap        ] GC(159) ParOldGen: 420126K(475648K)->420126K(475648K)
[2295.502s][info ][gc,metaspace   ] GC(159) Metaspace: 81125K(81920K)->81125K(81920K) NonClass: 69739K(70144K)->69739K(70144K) Class: 11386K(11776K)->11386K(11776K)
[2295.502s][info ][gc             ] GC(159) Pause Young (Allocation Failure) 2366M->462M(2430M) 10.317ms
[2295.502s][info ][gc,cpu         ] GC(159) User=0.04s Sys=0.00s Real=0.01s
[2295.502s][info ][safepoint      ] Safepoint "ParallelGCFailedAllocation", Time since last: 3569361534 ns, Reaching safepoint: 100200 ns, At safepoint: 10397051 ns, Total: 10497251 ns
[2301.503s][info ][safepoint      ] Safepoint "Cleanup", Time since last: 6000403831 ns, Reaching safepoint: 45500 ns, At safepoint: 8200 ns, Total: 53700 ns
[2306.503s][info ][safepoint      ] Safepoint "Cleanup", Time since last: 5000360079 ns, Reaching safepoint: 41300 ns, At safepoint: 2400 ns, Total: 43700 ns
[2310.504s][info ][safepoint      ] Safepoint "Cleanup", Time since last: 4000308135 ns, Reaching safepoint: 49100 ns, At safepoint: 7501 ns, Total: 56601 ns
[2311.504s][info ][safepoint      ] Safepoint "Cleanup", Time since last: 1000104132 ns, Reaching safepoint: 41800 ns, At safepoint: 23301 ns, Total: 65101 ns
[2321.504s][info ][safepoint      ] Safepoint "Cleanup", Time since last: 10000683800 ns, Reaching safepoint: 47000 ns, At safepoint: 5200 ns, Total: 52200 ns
[2322.505s][info ][safepoint      ] Safepoint "Cleanup", Time since last: 1000111728 ns, Reaching safepoint: 46400 ns, At safepoint: 3500 ns, Total: 49900 ns
[2325.505s][info ][safepoint      ] Safepoint "Cleanup", Time since last: 3000241680 ns, Reaching safepoint: 56500 ns, At safepoint: 6000 ns, Total: 62500 ns
[2326.141s][info ][gc,start       ] GC(160) Pause Young (Allocation Failure)
[2326.151s][debug][gc,phases      ] GC(160) Scavenge 9.666ms
[2326.151s][debug][gc,ref         ] GC(160) Skipped phase 1 of Reference Processing: no references
[2326.151s][debug][gc,ref         ] GC(160) ReferenceProcessor::execute queues: 1, RefProcThreadModel::Single, marks_oops_alive: false
[2326.151s][debug][gc,ref         ] GC(160) Skipped phase 3 of Reference Processing: no references
[2326.151s][debug][gc,ref         ] GC(160) ReferenceProcessor::execute queues: 1, RefProcThreadModel::Single, marks_oops_alive: false
[2326.151s][debug][gc,phases      ] GC(160) Reference Processing 0.100ms
[2326.151s][debug][gc,phases      ] GC(160)   VM Weak                        Min:  0.0, Avg:  0.0, Max:  0.0, Diff:  0.0, Sum:  0.0, Workers: 4
[2326.151s][debug][gc,phases      ] GC(160)     Dead                           Min: 0, Avg:  0.0, Max: 0, Diff: 0, Sum: 0, Workers: 4
[2326.151s][debug][gc,phases      ] GC(160)     Total                          Min: 0, Avg: 163.8, Max: 320, Diff: 320, Sum: 655, Workers: 4
[2326.151s][debug][gc,phases      ] GC(160)   ObjectSynchronizer Weak        Min:  0.0, Avg:  0.0, Max:  0.0, Diff:  0.0, Sum:  0.0, Workers: 4
[2326.151s][debug][gc,phases      ] GC(160)     Dead                           Min: 0, Avg:  0.0, Max: 0, Diff: 0, Sum: 0, Workers: 4
[2326.151s][debug][gc,phases      ] GC(160)     Total                          Min: 0, Avg: 120.5, Max: 192, Diff: 192, Sum: 482, Workers: 4
[2326.151s][debug][gc,phases      ] GC(160)   JVMTI Tag Weak OopStorage      Min:  0.0, Avg:  0.0, Max:  0.0, Diff:  0.0, Sum:  0.0, Workers: 4
[2326.151s][debug][gc,phases      ] GC(160)     Dead                           Min: 0, Avg:  0.0, Max: 0, Diff: 0, Sum: 0, Workers: 4
[2326.151s][debug][gc,phases      ] GC(160)     Total                          Min: 0, Avg:  0.0, Max: 0, Diff: 0, Sum: 0, Workers: 4
[2326.151s][debug][gc,phases      ] GC(160)   StringTable Weak               Min:  0.1, Avg:  0.1, Max:  0.1, Diff:  0.0, Sum:  0.4, Workers: 4
[2326.151s][debug][gc,phases      ] GC(160)     Dead                           Min: 0, Avg:  0.0, Max: 0, Diff: 0, Sum: 0, Workers: 4
[2326.151s][debug][gc,phases      ] GC(160)     Total                          Min: 9501, Avg: 12007.2, Max: 14976, Diff: 5475, Sum: 48029, Workers: 4
[2326.151s][debug][gc,phases      ] GC(160)   ResolvedMethodTable Weak       Min:  0.0, Avg:  0.0, Max:  0.0, Diff:  0.0, Sum:  0.1, Workers: 4
[2326.151s][debug][gc,phases      ] GC(160)     Dead                           Min: 0, Avg:  0.0, Max: 0, Diff: 0, Sum: 0, Workers: 4
[2326.151s][debug][gc,phases      ] GC(160)     Total                          Min: 1600, Avg: 2034.2, Max: 2377, Diff: 777, Sum: 8137, Workers: 4
[2326.151s][debug][gc,phases      ] GC(160)   JNI Weak                       Min:  0.0, Avg:  0.0, Max:  0.0, Diff:  0.0, Sum:  0.0, Workers: 4
[2326.151s][debug][gc,phases      ] GC(160)     Dead                           Min: 0, Avg:  0.0, Max: 0, Diff: 0, Sum: 0, Workers: 4
[2326.151s][debug][gc,phases      ] GC(160)     Total                          Min: 0, Avg:  0.0, Max: 0, Diff: 0, Sum: 0, Workers: 4
[2326.151s][debug][gc,phases      ] GC(160)   StringDedup Table Weak         Min:  0.0, Avg:  0.0, Max:  0.0, Diff:  0.0, Sum:  0.0, Workers: 4
[2326.151s][debug][gc,phases      ] GC(160)     Dead                           Min: 0, Avg:  0.0, Max: 0, Diff: 0, Sum: 0, Workers: 4
[2326.151s][debug][gc,phases      ] GC(160)     Total                          Min: 0, Avg:  0.0, Max: 0, Diff: 0, Sum: 0, Workers: 4
[2326.151s][debug][gc,phases      ] GC(160)   StringDedup Requests0 Weak     Min:  0.0, Avg:  0.0, Max:  0.0, Diff:  0.0, Sum:  0.0, Workers: 4
[2326.151s][debug][gc,phases      ] GC(160)     Dead                           Min: 0, Avg:  0.0, Max: 0, Diff: 0, Sum: 0, Workers: 4
[2326.151s][debug][gc,phases      ] GC(160)     Total                          Min: 0, Avg:  0.0, Max: 0, Diff: 0, Sum: 0, Workers: 4
[2326.151s][debug][gc,phases      ] GC(160)   StringDedup Requests1 Weak     Min:  0.0, Avg:  0.0, Max:  0.0, Diff:  0.0, Sum:  0.0, Workers: 4
[2326.151s][debug][gc,phases      ] GC(160)     Dead                           Min: 0, Avg:  0.0, Max: 0, Diff: 0, Sum: 0, Workers: 4
[2326.151s][debug][gc,phases      ] GC(160)     Total                          Min: 0, Avg:  0.0, Max: 0, Diff: 0, Sum: 0, Workers: 4
[2326.151s][debug][gc,phases      ] GC(160)   Weak JFR Old Object Samples    Min:  0.0, Avg:  0.0, Max:  0.0, Diff:  0.0, Sum:  0.0, Workers: 4
[2326.151s][debug][gc,phases      ] GC(160)     Dead                           Min: 0, Avg:  0.0, Max: 0, Diff: 0, Sum: 0, Workers: 4
[2326.151s][debug][gc,phases      ] GC(160)     Total                          Min: 0, Avg:  0.0, Max: 0, Diff: 0, Sum: 0, Workers: 4
[2326.151s][debug][gc,phases      ] GC(160) Weak Processing 0.273ms
[2326.151s][debug][gc,age         ] GC(160) Desired survivor size 85983232 bytes, new threshold 15 (max threshold 15)
[2326.151s][info ][gc,heap        ] GC(160) PSYoungGen: 1987557K(2012672K)->53250K(1988096K) Eden: 1934336K(1934336K)->0K(1934336K) From: 53221K(78336K)->53250K(53760K)
[2326.151s][info ][gc,heap        ] GC(160) ParOldGen: 420126K(475648K)->420158K(475648K)
[2326.151s][info ][gc,metaspace   ] GC(160) Metaspace: 81130K(81920K)->81130K(81920K) NonClass: 69744K(70144K)->69744K(70144K) Class: 11386K(11776K)->11386K(11776K)
[2326.151s][info ][gc             ] GC(160) Pause Young (Allocation Failure) 2351M->462M(2406M) 10.147ms
[2326.151s][info ][gc,cpu         ] GC(160) User=0.04s Sys=0.00s Real=0.02s
[2326.151s][info ][safepoint      ] Safepoint "ParallelGCFailedAllocation", Time since last: 636117333 ns, Reaching safepoint: 50500 ns, At safepoint: 10219151 ns, Total: 10269651 ns
[2329.152s][info ][safepoint      ] Safepoint "Cleanup", Time since last: 3000215975 ns, Reaching safepoint: 30100 ns, At safepoint: 2800 ns, Total: 32900 ns
[2331.152s][info ][safepoint      ] Safepoint "Cleanup", Time since last: 2000185348 ns, Reaching safepoint: 35700 ns, At safepoint: 7600 ns, Total: 43300 ns
[2332.152s][info ][safepoint      ] Safepoint "Cleanup", Time since last: 1000102723 ns, Reaching safepoint: 48300 ns, At safepoint: 4400 ns, Total: 52700 ns
[2334.152s][info ][safepoint      ] Safepoint "Cleanup", Time since last: 2000155345 ns, Reaching safepoint: 49501 ns, At safepoint: 2700 ns, Total: 52201 ns
[2335.152s][info ][safepoint      ] Safepoint "Cleanup", Time since last: 1000122222 ns, Reaching safepoint: 27900 ns, At safepoint: 2400 ns, Total: 30300 ns
[2339.330s][info ][safepoint      ] Safepoint "Cleanup", Time since last: 4177429654 ns, Reaching safepoint: 71201 ns, At safepoint: 6000 ns, Total: 77201 ns
[2343.146s][info ][safepoint      ] Safepoint "Cleanup", Time since last: 3816138670 ns, Reaching safepoint: 34400 ns, At safepoint: 4400 ns, Total: 38800 ns
[2355.792s][info ][gc,start       ] GC(161) Pause Young (Allocation Failure)
[2355.802s][debug][gc,phases      ] GC(161) Scavenge 9.940ms
[2355.802s][debug][gc,ref         ] GC(161) Skipped phase 1 of Reference Processing: no references
[2355.802s][debug][gc,ref         ] GC(161) ReferenceProcessor::execute queues: 1, RefProcThreadModel::Single, marks_oops_alive: false
[2355.802s][debug][gc,ref         ] GC(161) Skipped phase 3 of Reference Processing: no references
[2355.802s][debug][gc,ref         ] GC(161) ReferenceProcessor::execute queues: 1, RefProcThreadModel::Single, marks_oops_alive: false
[2355.802s][debug][gc,phases      ] GC(161) Reference Processing 0.104ms
[2355.802s][debug][gc,phases      ] GC(161)   VM Weak                        Min:  0.0, Avg:  0.0, Max:  0.0, Diff:  0.0, Sum:  0.0, Workers: 4
[2355.802s][debug][gc,phases      ] GC(161)     Dead                           Min: 0, Avg:  0.0, Max: 0, Diff: 0, Sum: 0, Workers: 4
[2355.802s][debug][gc,phases      ] GC(161)     Total                          Min: 0, Avg: 163.8, Max: 399, Diff: 399, Sum: 655, Workers: 4
[2355.802s][debug][gc,phases      ] GC(161)   ObjectSynchronizer Weak        Min:  0.0, Avg:  0.0, Max:  0.0, Diff:  0.0, Sum:  0.0, Workers: 4
[2355.802s][debug][gc,phases      ] GC(161)     Dead                           Min: 0, Avg:  0.0, Max: 0, Diff: 0, Sum: 0, Workers: 4
[2355.802s][debug][gc,phases      ] GC(161)     Total                          Min: 0, Avg: 120.5, Max: 192, Diff: 192, Sum: 482, Workers: 4
[2355.802s][debug][gc,phases      ] GC(161)   JVMTI Tag Weak OopStorage      Min:  0.0, Avg:  0.0, Max:  0.0, Diff:  0.0, Sum:  0.0, Workers: 4
[2355.802s][debug][gc,phases      ] GC(161)     Dead                           Min: 0, Avg:  0.0, Max: 0, Diff: 0, Sum: 0, Workers: 4
[2355.802s][debug][gc,phases      ] GC(161)     Total                          Min: 0, Avg:  0.0, Max: 0, Diff: 0, Sum: 0, Workers: 4
[2355.802s][debug][gc,phases      ] GC(161)   StringTable Weak               Min:  0.1, Avg:  0.1, Max:  0.1, Diff:  0.0, Sum:  0.4, Workers: 4
[2355.802s][debug][gc,phases      ] GC(161)     Dead                           Min: 0, Avg:  0.0, Max: 0, Diff: 0, Sum: 0, Workers: 4
[2355.802s][debug][gc,phases      ] GC(161)     Total                          Min: 9280, Avg: 12007.8, Max: 15007, Diff: 5727, Sum: 48031, Workers: 4
[2355.802s][debug][gc,phases      ] GC(161)   ResolvedMethodTable Weak       Min:  0.0, Avg:  0.0, Max:  0.0, Diff:  0.0, Sum:  0.1, Workers: 4
[2355.802s][debug][gc,phases      ] GC(161)     Dead                           Min: 0, Avg:  0.0, Max: 0, Diff: 0, Sum: 0, Workers: 4
[2355.802s][debug][gc,phases      ] GC(161)     Total                          Min: 1600, Avg: 2034.2, Max: 2377, Diff: 777, Sum: 8137, Workers: 4
[2355.802s][debug][gc,phases      ] GC(161)   JNI Weak                       Min:  0.0, Avg:  0.0, Max:  0.0, Diff:  0.0, Sum:  0.0, Workers: 4
[2355.802s][debug][gc,phases      ] GC(161)     Dead                           Min: 0, Avg:  0.0, Max: 0, Diff: 0, Sum: 0, Workers: 4
[2355.802s][debug][gc,phases      ] GC(161)     Total                          Min: 0, Avg:  0.0, Max: 0, Diff: 0, Sum: 0, Workers: 4
[2355.802s][debug][gc,phases      ] GC(161)   StringDedup Table Weak         Min:  0.0, Avg:  0.0, Max:  0.0, Diff:  0.0, Sum:  0.0, Workers: 4
[2355.802s][debug][gc,phases      ] GC(161)     Dead                           Min: 0, Avg:  0.0, Max: 0, Diff: 0, Sum: 0, Workers: 4
[2355.802s][debug][gc,phases      ] GC(161)     Total                          Min: 0, Avg:  0.0, Max: 0, Diff: 0, Sum: 0, Workers: 4
[2355.802s][debug][gc,phases      ] GC(161)   StringDedup Requests0 Weak     Min:  0.0, Avg:  0.0, Max:  0.0, Diff:  0.0, Sum:  0.0, Workers: 4
[2355.802s][debug][gc,phases      ] GC(161)     Dead                           Min: 0, Avg:  0.0, Max: 0, Diff: 0, Sum: 0, Workers: 4
[2355.802s][debug][gc,phases      ] GC(161)     Total                          Min: 0, Avg:  0.0, Max: 0, Diff: 0, Sum: 0, Workers: 4
[2355.802s][debug][gc,phases      ] GC(161)   StringDedup Requests1 Weak     Min:  0.0, Avg:  0.0, Max:  0.0, Diff:  0.0, Sum:  0.0, Workers: 4
[2355.802s][debug][gc,phases      ] GC(161)     Dead                           Min: 0, Avg:  0.0, Max: 0, Diff: 0, Sum: 0, Workers: 4
[2355.802s][debug][gc,phases      ] GC(161)     Total                          Min: 0, Avg:  0.0, Max: 0, Diff: 0, Sum: 0, Workers: 4
[2355.802s][debug][gc,phases      ] GC(161)   Weak JFR Old Object Samples    Min:  0.0, Avg:  0.0, Max:  0.0, Diff:  0.0, Sum:  0.0, Workers: 4
[2355.802s][debug][gc,phases      ] GC(161)     Dead                           Min: 0, Avg:  0.0, Max: 0, Diff: 0, Sum: 0, Workers: 4
[2355.802s][debug][gc,phases      ] GC(161)     Total                          Min: 0, Avg:  0.0, Max: 0, Diff: 0, Sum: 0, Workers: 4
[2355.802s][debug][gc,phases      ] GC(161) Weak Processing 0.257ms
[2355.802s][debug][gc,age         ] GC(161) Desired survivor size 87556096 bytes, new threshold 15 (max threshold 15)
[2355.802s][info ][gc,heap        ] GC(161) PSYoungGen: 1987586K(1988096K)->52965K(2010112K) Eden: 1934336K(1934336K)->0K(1926144K) From: 53250K(53760K)->52965K(83968K)
[2355.802s][info ][gc,heap        ] GC(161) ParOldGen: 420158K(475648K)->420494K(475648K)
[2355.802s][info ][gc,metaspace   ] GC(161) Metaspace: 81137K(81920K)->81137K(81920K) NonClass: 69751K(70144K)->69751K(70144K) Class: 11386K(11776K)->11386K(11776K)
[2355.802s][info ][gc             ] GC(161) Pause Young (Allocation Failure) 2351M->462M(2427M) 10.405ms
[2355.802s][info ][gc,cpu         ] GC(161) User=0.04s Sys=0.00s Real=0.01s
[2355.802s][info ][safepoint      ] Safepoint "ParallelGCFailedAllocation", Time since last: 12645804454 ns, Reaching safepoint: 64101 ns, At safepoint: 10488151 ns, Total: 10552252 ns
[2357.803s][info ][safepoint      ] Safepoint "Cleanup", Time since last: 2000153025 ns, Reaching safepoint: 59300 ns, At safepoint: 11100 ns, Total: 70400 ns
[2358.803s][info ][safepoint      ] Safepoint "Cleanup", Time since last: 1000095612 ns, Reaching safepoint: 40600 ns, At safepoint: 2800 ns, Total: 43400 ns
[2359.894s][info ][safepoint      ] Safepoint "Cleanup", Time since last: 1091019258 ns, Reaching safepoint: 134900 ns, At safepoint: 7401 ns, Total: 142301 ns
[2360.894s][info ][safepoint      ] Safepoint "Cleanup", Time since last: 1000099710 ns, Reaching safepoint: 41901 ns, At safepoint: 2300 ns, Total: 44201 ns
[2361.894s][info ][safepoint      ] Safepoint "Cleanup", Time since last: 1000096110 ns, Reaching safepoint: 106201 ns, At safepoint: 10000 ns, Total: 116201 ns
[2363.894s][info ][safepoint      ] Safepoint "Cleanup", Time since last: 2000136519 ns, Reaching safepoint: 41700 ns, At safepoint: 2200 ns, Total: 43900 ns
[2366.895s][info ][safepoint      ] Safepoint "Cleanup", Time since last: 3000233026 ns, Reaching safepoint: 108401 ns, At safepoint: 4900 ns, Total: 113301 ns
[2367.895s][info ][safepoint      ] Safepoint "Cleanup", Time since last: 1000101108 ns, Reaching safepoint: 44300 ns, At safepoint: 7500 ns, Total: 51800 ns
[2373.895s][info ][safepoint      ] Safepoint "Cleanup", Time since last: 6000377038 ns, Reaching safepoint: 36700 ns, At safepoint: 6200 ns, Total: 42900 ns
[2374.895s][info ][safepoint      ] Safepoint "Cleanup", Time since last: 1000060905 ns, Reaching safepoint: 39900 ns, At safepoint: 2400 ns, Total: 42300 ns
[2379.896s][info ][safepoint      ] Safepoint "Cleanup", Time since last: 5000352118 ns, Reaching safepoint: 36601 ns, At safepoint: 2500 ns, Total: 39101 ns
[2382.896s][info ][safepoint      ] Safepoint "Cleanup", Time since last: 3000208906 ns, Reaching safepoint: 40200 ns, At safepoint: 4300 ns, Total: 44500 ns
[2383.500s][info ][gc,start       ] GC(162) Pause Young (Allocation Failure)
[2383.513s][debug][gc,phases      ] GC(162) Scavenge 12.684ms
[2383.513s][debug][gc,ref         ] GC(162) Skipped phase 1 of Reference Processing: no references
[2383.513s][debug][gc,ref         ] GC(162) ReferenceProcessor::execute queues: 1, RefProcThreadModel::Single, marks_oops_alive: false
[2383.513s][debug][gc,ref         ] GC(162) Skipped phase 3 of Reference Processing: no references
[2383.513s][debug][gc,ref         ] GC(162) ReferenceProcessor::execute queues: 1, RefProcThreadModel::Single, marks_oops_alive: false
[2383.513s][debug][gc,phases      ] GC(162) Reference Processing 0.118ms
[2383.513s][debug][gc,phases      ] GC(162)   VM Weak                        Min:  0.0, Avg:  0.0, Max:  0.0, Diff:  0.0, Sum:  0.0, Workers: 4
[2383.513s][debug][gc,phases      ] GC(162)     Dead                           Min: 0, Avg:  0.0, Max: 0, Diff: 0, Sum: 0, Workers: 4
[2383.513s][debug][gc,phases      ] GC(162)     Total                          Min: 0, Avg: 163.8, Max: 591, Diff: 591, Sum: 655, Workers: 4
[2383.513s][debug][gc,phases      ] GC(162)   ObjectSynchronizer Weak        Min:  0.0, Avg:  0.0, Max:  0.0, Diff:  0.0, Sum:  0.0, Workers: 4
[2383.514s][debug][gc,phases      ] GC(162)     Dead                           Min: 0, Avg:  0.5, Max: 2, Diff: 2, Sum: 2, Workers: 4
[2383.514s][debug][gc,phases      ] GC(162)     Total                          Min: 0, Avg: 121.0, Max: 256, Diff: 256, Sum: 484, Workers: 4
[2383.514s][debug][gc,phases      ] GC(162)   JVMTI Tag Weak OopStorage      Min:  0.0, Avg:  0.0, Max:  0.0, Diff:  0.0, Sum:  0.0, Workers: 4
[2383.514s][debug][gc,phases      ] GC(162)     Dead                           Min: 0, Avg:  0.0, Max: 0, Diff: 0, Sum: 0, Workers: 4
[2383.514s][debug][gc,phases      ] GC(162)     Total                          Min: 0, Avg:  0.0, Max: 0, Diff: 0, Sum: 0, Workers: 4
[2383.514s][debug][gc,phases      ] GC(162)   StringTable Weak               Min:  0.1, Avg:  0.1, Max:  0.1, Diff:  0.0, Sum:  0.4, Workers: 4
[2383.514s][debug][gc,phases      ] GC(162)     Dead                           Min: 0, Avg:  0.0, Max: 0, Diff: 0, Sum: 0, Workers: 4
[2383.514s][debug][gc,phases      ] GC(162)     Total                          Min: 11520, Avg: 12009.5, Max: 12480, Diff: 960, Sum: 48038, Workers: 4
[2383.514s][debug][gc,phases      ] GC(162)   ResolvedMethodTable Weak       Min:  0.0, Avg:  0.0, Max:  0.0, Diff:  0.0, Sum:  0.1, Workers: 4
[2383.514s][debug][gc,phases      ] GC(162)     Dead                           Min: 0, Avg:  0.0, Max: 0, Diff: 0, Sum: 0, Workers: 4
[2383.514s][debug][gc,phases      ] GC(162)     Total                          Min: 1984, Avg: 2036.0, Max: 2064, Diff: 80, Sum: 8144, Workers: 4
[2383.514s][debug][gc,phases      ] GC(162)   JNI Weak                       Min:  0.0, Avg:  0.0, Max:  0.0, Diff:  0.0, Sum:  0.0, Workers: 4
[2383.514s][debug][gc,phases      ] GC(162)     Dead                           Min: 0, Avg:  0.0, Max: 0, Diff: 0, Sum: 0, Workers: 4
[2383.514s][debug][gc,phases      ] GC(162)     Total                          Min: 0, Avg:  0.0, Max: 0, Diff: 0, Sum: 0, Workers: 4
[2383.514s][debug][gc,phases      ] GC(162)   StringDedup Table Weak         Min:  0.0, Avg:  0.0, Max:  0.0, Diff:  0.0, Sum:  0.0, Workers: 4
[2383.514s][debug][gc,phases      ] GC(162)     Dead                           Min: 0, Avg:  0.0, Max: 0, Diff: 0, Sum: 0, Workers: 4
[2383.514s][debug][gc,phases      ] GC(162)     Total                          Min: 0, Avg:  0.0, Max: 0, Diff: 0, Sum: 0, Workers: 4
[2383.514s][debug][gc,phases      ] GC(162)   StringDedup Requests0 Weak     Min:  0.0, Avg:  0.0, Max:  0.0, Diff:  0.0, Sum:  0.0, Workers: 4
[2383.514s][debug][gc,phases      ] GC(162)     Dead                           Min: 0, Avg:  0.0, Max: 0, Diff: 0, Sum: 0, Workers: 4
[2383.514s][debug][gc,phases      ] GC(162)     Total                          Min: 0, Avg:  0.0, Max: 0, Diff: 0, Sum: 0, Workers: 4
[2383.514s][debug][gc,phases      ] GC(162)   StringDedup Requests1 Weak     Min:  0.0, Avg:  0.0, Max:  0.0, Diff:  0.0, Sum:  0.0, Workers: 4
[2383.514s][debug][gc,phases      ] GC(162)     Dead                           Min: 0, Avg:  0.0, Max: 0, Diff: 0, Sum: 0, Workers: 4
[2383.514s][debug][gc,phases      ] GC(162)     Total                          Min: 0, Avg:  0.0, Max: 0, Diff: 0, Sum: 0, Workers: 4
[2383.514s][debug][gc,phases      ] GC(162)   Weak JFR Old Object Samples    Min:  0.0, Avg:  0.0, Max:  0.0, Diff:  0.0, Sum:  0.0, Workers: 4
[2383.514s][debug][gc,phases      ] GC(162)     Dead                           Min: 0, Avg:  0.0, Max: 0, Diff: 0, Sum: 0, Workers: 4
[2383.514s][debug][gc,phases      ] GC(162)     Total                          Min: 0, Avg:  0.0, Max: 0, Diff: 0, Sum: 0, Workers: 4
[2383.514s][debug][gc,phases      ] GC(162) Weak Processing 0.302ms
[2383.514s][debug][gc,age         ] GC(162) Desired survivor size 88604672 bytes, new threshold 15 (max threshold 15)
[2383.514s][info ][gc,heap        ] GC(162) PSYoungGen: 1979109K(2010112K)->52914K(1979392K) Eden: 1926144K(1926144K)->0K(1926144K) From: 52965K(83968K)->52914K(53248K)
[2383.514s][info ][gc,heap        ] GC(162) ParOldGen: 420494K(475648K)->420526K(475648K)
[2383.514s][info ][gc,metaspace   ] GC(162) Metaspace: 81151K(81920K)->81151K(81920K) NonClass: 69763K(70144K)->69763K(70144K) Class: 11388K(11776K)->11388K(11776K)
[2383.514s][info ][gc             ] GC(162) Pause Young (Allocation Failure) 2343M->462M(2397M) 13.232ms
[2383.514s][info ][gc,cpu         ] GC(162) User=0.05s Sys=0.01s Real=0.02s
[2383.514s][info ][safepoint      ] Safepoint "ParallelGCFailedAllocation", Time since last: 604257261 ns, Reaching safepoint: 31601 ns, At safepoint: 13317865 ns, Total: 13349466 ns
[2390.514s][info ][safepoint      ] Safepoint "Cleanup", Time since last: 7000457398 ns, Reaching safepoint: 47801 ns, At safepoint: 3000 ns, Total: 50801 ns
[2402.515s][info ][safepoint      ] Safepoint "Cleanup", Time since last: 12000757752 ns, Reaching safepoint: 55300 ns, At safepoint: 6800 ns, Total: 62100 ns
[2406.515s][info ][safepoint      ] Safepoint "Cleanup", Time since last: 4000303472 ns, Reaching safepoint: 50700 ns, At safepoint: 5900 ns, Total: 56600 ns
[2407.516s][info ][safepoint      ] Safepoint "Cleanup", Time since last: 1000107292 ns, Reaching safepoint: 45200 ns, At safepoint: 2500 ns, Total: 47700 ns
[2408.516s][info ][safepoint      ] Safepoint "Cleanup", Time since last: 1000101192 ns, Reaching safepoint: 50700 ns, At safepoint: 2800 ns, Total: 53500 ns
[2412.516s][info ][safepoint      ] Safepoint "Cleanup", Time since last: 4000315063 ns, Reaching safepoint: 46700 ns, At safepoint: 2300 ns, Total: 49000 ns
[2413.534s][info ][gc,start       ] GC(163) Pause Young (Allocation Failure)
[2413.547s][debug][gc,phases      ] GC(163) Scavenge 12.719ms
[2413.547s][debug][gc,ref         ] GC(163) Skipped phase 1 of Reference Processing: no references
[2413.547s][debug][gc,ref         ] GC(163) ReferenceProcessor::execute queues: 1, RefProcThreadModel::Single, marks_oops_alive: false
[2413.547s][debug][gc,ref         ] GC(163) Skipped phase 3 of Reference Processing: no references
[2413.547s][debug][gc,ref         ] GC(163) ReferenceProcessor::execute queues: 1, RefProcThreadModel::Single, marks_oops_alive: false
[2413.547s][debug][gc,phases      ] GC(163) Reference Processing 0.098ms
[2413.547s][debug][gc,phases      ] GC(163)   VM Weak                        Min:  0.0, Avg:  0.0, Max:  0.0, Diff:  0.0, Sum:  0.0, Workers: 4
[2413.547s][debug][gc,phases      ] GC(163)     Dead                           Min: 0, Avg:  0.0, Max: 0, Diff: 0, Sum: 0, Workers: 4
[2413.547s][debug][gc,phases      ] GC(163)     Total                          Min: 0, Avg: 163.8, Max: 655, Diff: 655, Sum: 655, Workers: 4
[2413.547s][debug][gc,phases      ] GC(163)   ObjectSynchronizer Weak        Min:  0.0, Avg:  0.0, Max:  0.0, Diff:  0.0, Sum:  0.0, Workers: 4
[2413.547s][debug][gc,phases      ] GC(163)     Dead                           Min: 0, Avg:  0.0, Max: 0, Diff: 0, Sum: 0, Workers: 4
[2413.547s][debug][gc,phases      ] GC(163)     Total                          Min: 0, Avg: 121.0, Max: 384, Diff: 384, Sum: 484, Workers: 4
[2413.547s][debug][gc,phases      ] GC(163)   JVMTI Tag Weak OopStorage      Min:  0.0, Avg:  0.0, Max:  0.0, Diff:  0.0, Sum:  0.0, Workers: 4
[2413.547s][debug][gc,phases      ] GC(163)     Dead                           Min: 0, Avg:  0.0, Max: 0, Diff: 0, Sum: 0, Workers: 4
[2413.547s][debug][gc,phases      ] GC(163)     Total                          Min: 0, Avg:  0.0, Max: 0, Diff: 0, Sum: 0, Workers: 4
[2413.547s][debug][gc,phases      ] GC(163)   StringTable Weak               Min:  0.1, Avg:  0.1, Max:  0.1, Diff:  0.0, Sum:  0.4, Workers: 4
[2413.547s][debug][gc,phases      ] GC(163)     Dead                           Min: 0, Avg:  0.0, Max: 0, Diff: 0, Sum: 0, Workers: 4
[2413.547s][debug][gc,phases      ] GC(163)     Total                          Min: 9318, Avg: 12009.5, Max: 15040, Diff: 5722, Sum: 48038, Workers: 4
[2413.547s][debug][gc,phases      ] GC(163)   ResolvedMethodTable Weak       Min:  0.0, Avg:  0.0, Max:  0.0, Diff:  0.0, Sum:  0.1, Workers: 4
[2413.547s][debug][gc,phases      ] GC(163)     Dead                           Min: 0, Avg:  0.0, Max: 0, Diff: 0, Sum: 0, Workers: 4
[2413.547s][debug][gc,phases      ] GC(163)     Total                          Min: 1536, Avg: 2036.0, Max: 2496, Diff: 960, Sum: 8144, Workers: 4
[2413.547s][debug][gc,phases      ] GC(163)   JNI Weak                       Min:  0.0, Avg:  0.0, Max:  0.0, Diff:  0.0, Sum:  0.0, Workers: 4
[2413.547s][debug][gc,phases      ] GC(163)     Dead                           Min: 0, Avg:  0.0, Max: 0, Diff: 0, Sum: 0, Workers: 4
[2413.547s][debug][gc,phases      ] GC(163)     Total                          Min: 0, Avg:  0.0, Max: 0, Diff: 0, Sum: 0, Workers: 4
[2413.547s][debug][gc,phases      ] GC(163)   StringDedup Table Weak         Min:  0.0, Avg:  0.0, Max:  0.0, Diff:  0.0, Sum:  0.0, Workers: 4
[2413.547s][debug][gc,phases      ] GC(163)     Dead                           Min: 0, Avg:  0.0, Max: 0, Diff: 0, Sum: 0, Workers: 4
[2413.547s][debug][gc,phases      ] GC(163)     Total                          Min: 0, Avg:  0.0, Max: 0, Diff: 0, Sum: 0, Workers: 4
[2413.547s][debug][gc,phases      ] GC(163)   StringDedup Requests0 Weak     Min:  0.0, Avg:  0.0, Max:  0.0, Diff:  0.0, Sum:  0.0, Workers: 4
[2413.547s][debug][gc,phases      ] GC(163)     Dead                           Min: 0, Avg:  0.0, Max: 0, Diff: 0, Sum: 0, Workers: 4
[2413.547s][debug][gc,phases      ] GC(163)     Total                          Min: 0, Avg:  0.0, Max: 0, Diff: 0, Sum: 0, Workers: 4
[2413.547s][debug][gc,phases      ] GC(163)   StringDedup Requests1 Weak     Min:  0.0, Avg:  0.0, Max:  0.0, Diff:  0.0, Sum:  0.0, Workers: 4
[2413.547s][debug][gc,phases      ] GC(163)     Dead                           Min: 0, Avg:  0.0, Max: 0, Diff: 0, Sum: 0, Workers: 4
[2413.547s][debug][gc,phases      ] GC(163)     Total                          Min: 0, Avg:  0.0, Max: 0, Diff: 0, Sum: 0, Workers: 4
[2413.547s][debug][gc,phases      ] GC(163)   Weak JFR Old Object Samples    Min:  0.0, Avg:  0.0, Max:  0.0, Diff:  0.0, Sum:  0.0, Workers: 4
[2413.547s][debug][gc,phases      ] GC(163)     Dead                           Min: 0, Avg:  0.0, Max: 0, Diff: 0, Sum: 0, Workers: 4
[2413.547s][debug][gc,phases      ] GC(163)     Total                          Min: 0, Avg:  0.0, Max: 0, Diff: 0, Sum: 0, Workers: 4
[2413.547s][debug][gc,phases      ] GC(163) Weak Processing 0.266ms
[2413.547s][debug][gc,age         ] GC(163) Desired survivor size 89128960 bytes, new threshold 15 (max threshold 15)
[2413.547s][info ][gc,heap        ] GC(163) PSYoungGen: 1979058K(1979392K)->52901K(2009600K) Eden: 1926144K(1926144K)->0K(1923072K) From: 52914K(53248K)->52901K(86528K)
[2413.547s][info ][gc,heap        ] GC(163) ParOldGen: 420526K(475648K)->420550K(475648K)
[2413.547s][info ][gc,metaspace   ] GC(163) Metaspace: 81195K(81984K)->81195K(81984K) NonClass: 69806K(70208K)->69806K(70208K) Class: 11388K(11776K)->11388K(11776K)
[2413.547s][info ][gc             ] GC(163) Pause Young (Allocation Failure) 2343M->462M(2427M) 13.202ms
[2413.547s][info ][gc,cpu         ] GC(163) User=0.05s Sys=0.00s Real=0.01s
[2413.547s][info ][safepoint      ] Safepoint "ParallelGCFailedAllocation", Time since last: 1018140078 ns, Reaching safepoint: 22100 ns, At safepoint: 13274465 ns, Total: 13296565 ns
[2414.548s][info ][safepoint      ] Safepoint "Cleanup", Time since last: 1000082990 ns, Reaching safepoint: 50200 ns, At safepoint: 6800 ns, Total: 57000 ns
[2417.548s][info ][safepoint      ] Safepoint "Cleanup", Time since last: 3000229366 ns, Reaching safepoint: 46000 ns, At safepoint: 7600 ns, Total: 53600 ns
[2420.548s][info ][safepoint      ] Safepoint "Cleanup", Time since last: 3000221562 ns, Reaching safepoint: 54100 ns, At safepoint: 5200 ns, Total: 59300 ns
[2421.548s][info ][safepoint      ] Safepoint "Cleanup", Time since last: 1000102687 ns, Reaching safepoint: 43700 ns, At safepoint: 9801 ns, Total: 53501 ns
[2422.548s][info ][safepoint      ] Safepoint "Cleanup", Time since last: 1000100086 ns, Reaching safepoint: 47400 ns, At safepoint: 7600 ns, Total: 55000 ns
[2426.549s][info ][safepoint      ] Safepoint "Cleanup", Time since last: 4000308642 ns, Reaching safepoint: 39700 ns, At safepoint: 3100 ns, Total: 42800 ns
[2445.068s][info ][gc,start       ] GC(164) Pause Young (Allocation Failure)
[2445.078s][debug][gc,phases      ] GC(164) Scavenge 9.731ms
[2445.078s][debug][gc,ref         ] GC(164) Skipped phase 1 of Reference Processing: no references
[2445.078s][debug][gc,ref         ] GC(164) ReferenceProcessor::execute queues: 1, RefProcThreadModel::Single, marks_oops_alive: false
[2445.078s][debug][gc,ref         ] GC(164) Skipped phase 3 of Reference Processing: no references
[2445.078s][debug][gc,ref         ] GC(164) ReferenceProcessor::execute queues: 1, RefProcThreadModel::Single, marks_oops_alive: false
[2445.078s][debug][gc,phases      ] GC(164) Reference Processing 0.105ms
[2445.078s][debug][gc,phases      ] GC(164)   VM Weak                        Min:  0.0, Avg:  0.0, Max:  0.0, Diff:  0.0, Sum:  0.0, Workers: 4
[2445.078s][debug][gc,phases      ] GC(164)     Dead                           Min: 0, Avg:  0.0, Max: 0, Diff: 0, Sum: 0, Workers: 4
[2445.078s][debug][gc,phases      ] GC(164)     Total                          Min: 0, Avg: 163.8, Max: 655, Diff: 655, Sum: 655, Workers: 4
[2445.078s][debug][gc,phases      ] GC(164)   ObjectSynchronizer Weak        Min:  0.0, Avg:  0.0, Max:  0.0, Diff:  0.0, Sum:  0.0, Workers: 4
[2445.078s][debug][gc,phases      ] GC(164)     Dead                           Min: 0, Avg:  0.0, Max: 0, Diff: 0, Sum: 0, Workers: 4
[2445.078s][debug][gc,phases      ] GC(164)     Total                          Min: 0, Avg: 121.0, Max: 320, Diff: 320, Sum: 484, Workers: 4
[2445.078s][debug][gc,phases      ] GC(164)   JVMTI Tag Weak OopStorage      Min:  0.0, Avg:  0.0, Max:  0.0, Diff:  0.0, Sum:  0.0, Workers: 4
[2445.078s][debug][gc,phases      ] GC(164)     Dead                           Min: 0, Avg:  0.0, Max: 0, Diff: 0, Sum: 0, Workers: 4
[2445.078s][debug][gc,phases      ] GC(164)     Total                          Min: 0, Avg:  0.0, Max: 0, Diff: 0, Sum: 0, Workers: 4
[2445.078s][debug][gc,phases      ] GC(164)   StringTable Weak               Min:  0.1, Avg:  0.1, Max:  0.1, Diff:  0.0, Sum:  0.4, Workers: 4
[2445.078s][debug][gc,phases      ] GC(164)     Dead                           Min: 0, Avg:  0.0, Max: 0, Diff: 0, Sum: 0, Workers: 4
[2445.078s][debug][gc,phases      ] GC(164)     Total                          Min: 8768, Avg: 12010.0, Max: 15016, Diff: 6248, Sum: 48040, Workers: 4
[2445.078s][debug][gc,phases      ] GC(164)   ResolvedMethodTable Weak       Min:  0.0, Avg:  0.0, Max:  0.0, Diff:  0.0, Sum:  0.1, Workers: 4
[2445.078s][debug][gc,phases      ] GC(164)     Dead                           Min: 0, Avg:  0.0, Max: 0, Diff: 0, Sum: 0, Workers: 4
[2445.078s][debug][gc,phases      ] GC(164)     Total                          Min: 1600, Avg: 2036.0, Max: 2384, Diff: 784, Sum: 8144, Workers: 4
[2445.078s][debug][gc,phases      ] GC(164)   JNI Weak                       Min:  0.0, Avg:  0.0, Max:  0.0, Diff:  0.0, Sum:  0.0, Workers: 4
[2445.078s][debug][gc,phases      ] GC(164)     Dead                           Min: 0, Avg:  0.0, Max: 0, Diff: 0, Sum: 0, Workers: 4
[2445.078s][debug][gc,phases      ] GC(164)     Total                          Min: 0, Avg:  0.0, Max: 0, Diff: 0, Sum: 0, Workers: 4
[2445.078s][debug][gc,phases      ] GC(164)   StringDedup Table Weak         Min:  0.0, Avg:  0.0, Max:  0.0, Diff:  0.0, Sum:  0.0, Workers: 4
[2445.078s][debug][gc,phases      ] GC(164)     Dead                           Min: 0, Avg:  0.0, Max: 0, Diff: 0, Sum: 0, Workers: 4
[2445.078s][debug][gc,phases      ] GC(164)     Total                          Min: 0, Avg:  0.0, Max: 0, Diff: 0, Sum: 0, Workers: 4
[2445.078s][debug][gc,phases      ] GC(164)   StringDedup Requests0 Weak     Min:  0.0, Avg:  0.0, Max:  0.0, Diff:  0.0, Sum:  0.0, Workers: 4
[2445.078s][debug][gc,phases      ] GC(164)     Dead                           Min: 0, Avg:  0.0, Max: 0, Diff: 0, Sum: 0, Workers: 4
[2445.078s][debug][gc,phases      ] GC(164)     Total                          Min: 0, Avg:  0.0, Max: 0, Diff: 0, Sum: 0, Workers: 4
[2445.078s][debug][gc,phases      ] GC(164)   StringDedup Requests1 Weak     Min:  0.0, Avg:  0.0, Max:  0.0, Diff:  0.0, Sum:  0.0, Workers: 4
[2445.078s][debug][gc,phases      ] GC(164)     Dead                           Min: 0, Avg:  0.0, Max: 0, Diff: 0, Sum: 0, Workers: 4
[2445.078s][debug][gc,phases      ] GC(164)     Total                          Min: 0, Avg:  0.0, Max: 0, Diff: 0, Sum: 0, Workers: 4
[2445.078s][debug][gc,phases      ] GC(164)   Weak JFR Old Object Samples    Min:  0.0, Avg:  0.0, Max:  0.0, Diff:  0.0, Sum:  0.0, Workers: 4
[2445.078s][debug][gc,phases      ] GC(164)     Dead                           Min: 0, Avg:  0.0, Max: 0, Diff: 0, Sum: 0, Workers: 4
[2445.078s][debug][gc,phases      ] GC(164)     Total                          Min: 0, Avg:  0.0, Max: 0, Diff: 0, Sum: 0, Workers: 4
[2445.078s][debug][gc,phases      ] GC(164) Weak Processing 0.266ms
[2445.078s][debug][gc,age         ] GC(164) Desired survivor size 89128960 bytes, new threshold 15 (max threshold 15)
[2445.078s][info ][gc,heap        ] GC(164) PSYoungGen: 1975973K(2009600K)->52946K(2010112K) Eden: 1923072K(1923072K)->0K(1923072K) From: 52901K(86528K)->52946K(87040K)
[2445.078s][info ][gc,heap        ] GC(164) ParOldGen: 420550K(475648K)->420574K(475648K)
[2445.078s][info ][gc,metaspace   ] GC(164) Metaspace: 81220K(81984K)->81220K(81984K) NonClass: 69831K(70208K)->69831K(70208K) Class: 11388K(11776K)->11388K(11776K)
[2445.078s][info ][gc             ] GC(164) Pause Young (Allocation Failure) 2340M->462M(2427M) 10.218ms
[2445.079s][info ][gc,cpu         ] GC(164) User=0.04s Sys=0.00s Real=0.01s
[2445.079s][info ][safepoint      ] Safepoint "ParallelGCFailedAllocation", Time since last: 18519374291 ns, Reaching safepoint: 27100 ns, At safepoint: 10297350 ns, Total: 10324450 ns
[2446.079s][info ][safepoint      ] Safepoint "Cleanup", Time since last: 1000080078 ns, Reaching safepoint: 51900 ns, At safepoint: 7100 ns, Total: 59000 ns
[2451.079s][info ][safepoint      ] Safepoint "Cleanup", Time since last: 5000348483 ns, Reaching safepoint: 40300 ns, At safepoint: 3200 ns, Total: 43500 ns
[2453.079s][info ][safepoint      ] Safepoint "Cleanup", Time since last: 2000172351 ns, Reaching safepoint: 43401 ns, At safepoint: 2300 ns, Total: 45701 ns
[2455.079s][info ][safepoint      ] Safepoint "Cleanup", Time since last: 2000153749 ns, Reaching safepoint: 31500 ns, At safepoint: 3400 ns, Total: 34900 ns
[2456.080s][info ][safepoint      ] Safepoint "Cleanup", Time since last: 1000108575 ns, Reaching safepoint: 43000 ns, At safepoint: 2700 ns, Total: 45700 ns
[2457.080s][info ][safepoint      ] Safepoint "Cleanup", Time since last: 1000115774 ns, Reaching safepoint: 34500 ns, At safepoint: 2600 ns, Total: 37100 ns
[2464.080s][info ][safepoint      ] Safepoint "Cleanup", Time since last: 7000486707 ns, Reaching safepoint: 50200 ns, At safepoint: 6600 ns, Total: 56800 ns
[2469.493s][info ][gc,start       ] GC(165) Pause Young (Allocation Failure)
[2469.503s][debug][gc,phases      ] GC(165) Scavenge 10.657ms
[2469.503s][debug][gc,ref         ] GC(165) Skipped phase 1 of Reference Processing: no references
[2469.503s][debug][gc,ref         ] GC(165) ReferenceProcessor::execute queues: 1, RefProcThreadModel::Single, marks_oops_alive: false
[2469.503s][debug][gc,ref         ] GC(165) Skipped phase 3 of Reference Processing: no references
[2469.503s][debug][gc,ref         ] GC(165) ReferenceProcessor::execute queues: 1, RefProcThreadModel::Single, marks_oops_alive: false
[2469.503s][debug][gc,phases      ] GC(165) Reference Processing 0.098ms
[2469.504s][debug][gc,phases      ] GC(165)   VM Weak                        Min:  0.0, Avg:  0.0, Max:  0.0, Diff:  0.0, Sum:  0.0, Workers: 4
[2469.504s][debug][gc,phases      ] GC(165)     Dead                           Min: 0, Avg:  0.0, Max: 0, Diff: 0, Sum: 0, Workers: 4
[2469.504s][debug][gc,phases      ] GC(165)     Total                          Min: 0, Avg: 163.8, Max: 591, Diff: 591, Sum: 655, Workers: 4
[2469.504s][debug][gc,phases      ] GC(165)   ObjectSynchronizer Weak        Min:  0.0, Avg:  0.0, Max:  0.0, Diff:  0.0, Sum:  0.0, Workers: 4
[2469.504s][debug][gc,phases      ] GC(165)     Dead                           Min: 0, Avg:  0.0, Max: 0, Diff: 0, Sum: 0, Workers: 4
[2469.504s][debug][gc,phases      ] GC(165)     Total                          Min: 0, Avg: 121.0, Max: 256, Diff: 256, Sum: 484, Workers: 4
[2469.504s][debug][gc,phases      ] GC(165)   JVMTI Tag Weak OopStorage      Min:  0.0, Avg:  0.0, Max:  0.0, Diff:  0.0, Sum:  0.0, Workers: 4
[2469.504s][debug][gc,phases      ] GC(165)     Dead                           Min: 0, Avg:  0.0, Max: 0, Diff: 0, Sum: 0, Workers: 4
[2469.504s][debug][gc,phases      ] GC(165)     Total                          Min: 0, Avg:  0.0, Max: 0, Diff: 0, Sum: 0, Workers: 4
[2469.504s][debug][gc,phases      ] GC(165)   StringTable Weak               Min:  0.1, Avg:  0.1, Max:  0.1, Diff:  0.0, Sum:  0.4, Workers: 4
[2469.504s][debug][gc,phases      ] GC(165)     Dead                           Min: 0, Avg:  0.0, Max: 0, Diff: 0, Sum: 0, Workers: 4
[2469.504s][debug][gc,phases      ] GC(165)     Total                          Min: 8960, Avg: 12010.0, Max: 14912, Diff: 5952, Sum: 48040, Workers: 4
[2469.504s][debug][gc,phases      ] GC(165)   ResolvedMethodTable Weak       Min:  0.0, Avg:  0.0, Max:  0.0, Diff:  0.0, Sum:  0.1, Workers: 4
[2469.504s][debug][gc,phases      ] GC(165)     Dead                           Min: 0, Avg:  0.0, Max: 0, Diff: 0, Sum: 0, Workers: 4
[2469.504s][debug][gc,phases      ] GC(165)     Total                          Min: 1600, Avg: 2036.0, Max: 2432, Diff: 832, Sum: 8144, Workers: 4
[2469.504s][debug][gc,phases      ] GC(165)   JNI Weak                       Min:  0.0, Avg:  0.0, Max:  0.0, Diff:  0.0, Sum:  0.0, Workers: 4
[2469.504s][debug][gc,phases      ] GC(165)     Dead                           Min: 0, Avg:  0.0, Max: 0, Diff: 0, Sum: 0, Workers: 4
[2469.504s][debug][gc,phases      ] GC(165)     Total                          Min: 0, Avg:  0.0, Max: 0, Diff: 0, Sum: 0, Workers: 4
[2469.504s][debug][gc,phases      ] GC(165)   StringDedup Table Weak         Min:  0.0, Avg:  0.0, Max:  0.0, Diff:  0.0, Sum:  0.0, Workers: 4
[2469.504s][debug][gc,phases      ] GC(165)     Dead                           Min: 0, Avg:  0.0, Max: 0, Diff: 0, Sum: 0, Workers: 4
[2469.504s][debug][gc,phases      ] GC(165)     Total                          Min: 0, Avg:  0.0, Max: 0, Diff: 0, Sum: 0, Workers: 4
[2469.504s][debug][gc,phases      ] GC(165)   StringDedup Requests0 Weak     Min:  0.0, Avg:  0.0, Max:  0.0, Diff:  0.0, Sum:  0.0, Workers: 4
[2469.504s][debug][gc,phases      ] GC(165)     Dead                           Min: 0, Avg:  0.0, Max: 0, Diff: 0, Sum: 0, Workers: 4
[2469.504s][debug][gc,phases      ] GC(165)     Total                          Min: 0, Avg:  0.0, Max: 0, Diff: 0, Sum: 0, Workers: 4
[2469.504s][debug][gc,phases      ] GC(165)   StringDedup Requests1 Weak     Min:  0.0, Avg:  0.0, Max:  0.0, Diff:  0.0, Sum:  0.0, Workers: 4
[2469.504s][debug][gc,phases      ] GC(165)     Dead                           Min: 0, Avg:  0.0, Max: 0, Diff: 0, Sum: 0, Workers: 4
[2469.504s][debug][gc,phases      ] GC(165)     Total                          Min: 0, Avg:  0.0, Max: 0, Diff: 0, Sum: 0, Workers: 4
[2469.504s][debug][gc,phases      ] GC(165)   Weak JFR Old Object Samples    Min:  0.0, Avg:  0.0, Max:  0.0, Diff:  0.0, Sum:  0.0, Workers: 4
[2469.504s][debug][gc,phases      ] GC(165)     Dead                           Min: 0, Avg:  0.0, Max: 0, Diff: 0, Sum: 0, Workers: 4
[2469.504s][debug][gc,phases      ] GC(165)     Total                          Min: 0, Avg:  0.0, Max: 0, Diff: 0, Sum: 0, Workers: 4
[2469.504s][debug][gc,phases      ] GC(165) Weak Processing 0.276ms
[2469.504s][debug][gc,age         ] GC(165) Desired survivor size 86507520 bytes, new threshold 15 (max threshold 15)
[2469.504s][info ][gc,heap        ] GC(165) PSYoungGen: 1976018K(2010112K)->46498K(2012672K) Eden: 1923072K(1923072K)->0K(1925632K) From: 52946K(87040K)->46498K(87040K)
[2469.504s][info ][gc,heap        ] GC(165) ParOldGen: 420574K(475648K)->420606K(475648K)
[2469.504s][info ][gc,metaspace   ] GC(165) Metaspace: 81228K(82048K)->81228K(82048K) NonClass: 69839K(70272K)->69839K(70272K) Class: 11388K(11776K)->11388K(11776K)
[2469.504s][info ][gc             ] GC(165) Pause Young (Allocation Failure) 2340M->456M(2430M) 11.148ms
[2469.504s][info ][gc,cpu         ] GC(165) User=0.05s Sys=0.00s Real=0.01s
[2469.504s][info ][safepoint      ] Safepoint "ParallelGCFailedAllocation", Time since last: 5412180557 ns, Reaching safepoint: 41301 ns, At safepoint: 11228754 ns, Total: 11270055 ns
[2495.505s][info ][safepoint      ] Safepoint "Cleanup", Time since last: 26001646890 ns, Reaching safepoint: 56800 ns, At safepoint: 4600 ns, Total: 61400 ns
[2498.506s][info ][safepoint      ] Safepoint "Cleanup", Time since last: 3000237181 ns, Reaching safepoint: 51000 ns, At safepoint: 9300 ns, Total: 60300 ns
[2501.538s][info ][gc,start       ] GC(166) Pause Young (Allocation Failure)
[2501.546s][debug][gc,phases      ] GC(166) Scavenge 8.067ms
[2501.546s][debug][gc,ref         ] GC(166) Skipped phase 1 of Reference Processing: no references
[2501.546s][debug][gc,ref         ] GC(166) ReferenceProcessor::execute queues: 1, RefProcThreadModel::Single, marks_oops_alive: false
[2501.546s][debug][gc,ref         ] GC(166) Skipped phase 3 of Reference Processing: no references
[2501.546s][debug][gc,ref         ] GC(166) ReferenceProcessor::execute queues: 1, RefProcThreadModel::Single, marks_oops_alive: false
[2501.546s][debug][gc,phases      ] GC(166) Reference Processing 0.102ms
[2501.546s][debug][gc,phases      ] GC(166)   VM Weak                        Min:  0.0, Avg:  0.0, Max:  0.0, Diff:  0.0, Sum:  0.0, Workers: 4
[2501.546s][debug][gc,phases      ] GC(166)     Dead                           Min: 0, Avg:  0.0, Max: 0, Diff: 0, Sum: 0, Workers: 4
[2501.546s][debug][gc,phases      ] GC(166)     Total                          Min: 0, Avg: 163.8, Max: 448, Diff: 448, Sum: 655, Workers: 4
[2501.546s][debug][gc,phases      ] GC(166)   ObjectSynchronizer Weak        Min:  0.0, Avg:  0.0, Max:  0.0, Diff:  0.0, Sum:  0.0, Workers: 4
[2501.546s][debug][gc,phases      ] GC(166)     Dead                           Min: 0, Avg:  0.0, Max: 0, Diff: 0, Sum: 0, Workers: 4
[2501.546s][debug][gc,phases      ] GC(166)     Total                          Min: 0, Avg: 121.0, Max: 192, Diff: 192, Sum: 484, Workers: 4
[2501.546s][debug][gc,phases      ] GC(166)   JVMTI Tag Weak OopStorage      Min:  0.0, Avg:  0.0, Max:  0.0, Diff:  0.0, Sum:  0.0, Workers: 4
[2501.546s][debug][gc,phases      ] GC(166)     Dead                           Min: 0, Avg:  0.0, Max: 0, Diff: 0, Sum: 0, Workers: 4
[2501.546s][debug][gc,phases      ] GC(166)     Total                          Min: 0, Avg:  0.0, Max: 0, Diff: 0, Sum: 0, Workers: 4
[2501.546s][debug][gc,phases      ] GC(166)   StringTable Weak               Min:  0.1, Avg:  0.1, Max:  0.1, Diff:  0.0, Sum:  0.4, Workers: 4
[2501.546s][debug][gc,phases      ] GC(166)     Dead                           Min: 0, Avg:  0.0, Max: 0, Diff: 0, Sum: 0, Workers: 4
[2501.546s][debug][gc,phases      ] GC(166)     Total                          Min: 9216, Avg: 12010.0, Max: 14824, Diff: 5608, Sum: 48040, Workers: 4
[2501.546s][debug][gc,phases      ] GC(166)   ResolvedMethodTable Weak       Min:  0.0, Avg:  0.0, Max:  0.0, Diff:  0.0, Sum:  0.1, Workers: 4
[2501.546s][debug][gc,phases      ] GC(166)     Dead                           Min: 0, Avg:  0.0, Max: 0, Diff: 0, Sum: 0, Workers: 4
[2501.546s][debug][gc,phases      ] GC(166)     Total                          Min: 1664, Avg: 2036.0, Max: 2432, Diff: 768, Sum: 8144, Workers: 4
[2501.546s][debug][gc,phases      ] GC(166)   JNI Weak                       Min:  0.0, Avg:  0.0, Max:  0.0, Diff:  0.0, Sum:  0.0, Workers: 4
[2501.546s][debug][gc,phases      ] GC(166)     Dead                           Min: 0, Avg:  0.0, Max: 0, Diff: 0, Sum: 0, Workers: 4
[2501.546s][debug][gc,phases      ] GC(166)     Total                          Min: 0, Avg:  0.0, Max: 0, Diff: 0, Sum: 0, Workers: 4
[2501.546s][debug][gc,phases      ] GC(166)   StringDedup Table Weak         Min:  0.0, Avg:  0.0, Max:  0.0, Diff:  0.0, Sum:  0.0, Workers: 4
[2501.546s][debug][gc,phases      ] GC(166)     Dead                           Min: 0, Avg:  0.0, Max: 0, Diff: 0, Sum: 0, Workers: 4
[2501.546s][debug][gc,phases      ] GC(166)     Total                          Min: 0, Avg:  0.0, Max: 0, Diff: 0, Sum: 0, Workers: 4
[2501.546s][debug][gc,phases      ] GC(166)   StringDedup Requests0 Weak     Min:  0.0, Avg:  0.0, Max:  0.0, Diff:  0.0, Sum:  0.0, Workers: 4
[2501.546s][debug][gc,phases      ] GC(166)     Dead                           Min: 0, Avg:  0.0, Max: 0, Diff: 0, Sum: 0, Workers: 4
[2501.546s][debug][gc,phases      ] GC(166)     Total                          Min: 0, Avg:  0.0, Max: 0, Diff: 0, Sum: 0, Workers: 4
[2501.546s][debug][gc,phases      ] GC(166)   StringDedup Requests1 Weak     Min:  0.0, Avg:  0.0, Max:  0.0, Diff:  0.0, Sum:  0.0, Workers: 4
[2501.546s][debug][gc,phases      ] GC(166)     Dead                           Min: 0, Avg:  0.0, Max: 0, Diff: 0, Sum: 0, Workers: 4
[2501.546s][debug][gc,phases      ] GC(166)     Total                          Min: 0, Avg:  0.0, Max: 0, Diff: 0, Sum: 0, Workers: 4
[2501.546s][debug][gc,phases      ] GC(166)   Weak JFR Old Object Samples    Min:  0.0, Avg:  0.0, Max:  0.0, Diff:  0.0, Sum:  0.0, Workers: 4
[2501.546s][debug][gc,phases      ] GC(166)     Dead                           Min: 0, Avg:  0.0, Max: 0, Diff: 0, Sum: 0, Workers: 4
[2501.546s][debug][gc,phases      ] GC(166)     Total                          Min: 0, Avg:  0.0, Max: 0, Diff: 0, Sum: 0, Workers: 4
[2501.546s][debug][gc,phases      ] GC(166) Weak Processing 0.277ms
[2501.547s][debug][gc,age         ] GC(166) Desired survivor size 83886080 bytes, new threshold 15 (max threshold 15)
[2501.547s][info ][gc,heap        ] GC(166) PSYoungGen: 1972130K(2012672K)->46370K(2010112K) Eden: 1925632K(1925632K)->0K(1925632K) From: 46498K(87040K)->46370K(84480K)
[2501.547s][info ][gc,heap        ] GC(166) ParOldGen: 420606K(475648K)->420750K(475648K)
[2501.547s][info ][gc,metaspace   ] GC(166) Metaspace: 81230K(82048K)->81230K(82048K) NonClass: 69842K(70272K)->69842K(70272K) Class: 11388K(11776K)->11388K(11776K)
[2501.547s][info ][gc             ] GC(166) Pause Young (Allocation Failure) 2336M->456M(2427M) 8.563ms
[2501.547s][info ][gc,cpu         ] GC(166) User=0.03s Sys=0.00s Real=0.01s
[2501.547s][info ][safepoint      ] Safepoint "ParallelGCFailedAllocation", Time since last: 3032051833 ns, Reaching safepoint: 97700 ns, At safepoint: 8649342 ns, Total: 8747042 ns
[2510.547s][info ][safepoint      ] Safepoint "Cleanup", Time since last: 9000548016 ns, Reaching safepoint: 44601 ns, At safepoint: 11600 ns, Total: 56201 ns
[2520.548s][info ][safepoint      ] Safepoint "Cleanup", Time since last: 10000651643 ns, Reaching safepoint: 46401 ns, At safepoint: 2400 ns, Total: 48801 ns
[2534.644s][info ][gc,start       ] GC(167) Pause Young (Allocation Failure)
[2534.657s][debug][gc,phases      ] GC(167) Scavenge 12.629ms
[2534.657s][debug][gc,ref         ] GC(167) Skipped phase 1 of Reference Processing: no references
[2534.657s][debug][gc,ref         ] GC(167) ReferenceProcessor::execute queues: 1, RefProcThreadModel::Single, marks_oops_alive: false
[2534.657s][debug][gc,ref         ] GC(167) Skipped phase 3 of Reference Processing: no references
[2534.657s][debug][gc,ref         ] GC(167) ReferenceProcessor::execute queues: 1, RefProcThreadModel::Single, marks_oops_alive: false
[2534.657s][debug][gc,phases      ] GC(167) Reference Processing 0.097ms
[2534.657s][debug][gc,phases      ] GC(167)   VM Weak                        Min:  0.0, Avg:  0.0, Max:  0.0, Diff:  0.0, Sum:  0.0, Workers: 4
[2534.657s][debug][gc,phases      ] GC(167)     Dead                           Min: 0, Avg:  0.0, Max: 0, Diff: 0, Sum: 0, Workers: 4
[2534.657s][debug][gc,phases      ] GC(167)     Total                          Min: 0, Avg: 163.8, Max: 384, Diff: 384, Sum: 655, Workers: 4
[2534.657s][debug][gc,phases      ] GC(167)   ObjectSynchronizer Weak        Min:  0.0, Avg:  0.0, Max:  0.0, Diff:  0.0, Sum:  0.0, Workers: 4
[2534.657s][debug][gc,phases      ] GC(167)     Dead                           Min: 0, Avg:  0.0, Max: 0, Diff: 0, Sum: 0, Workers: 4
[2534.657s][debug][gc,phases      ] GC(167)     Total                          Min: 0, Avg: 121.0, Max: 292, Diff: 292, Sum: 484, Workers: 4
[2534.657s][debug][gc,phases      ] GC(167)   JVMTI Tag Weak OopStorage      Min:  0.0, Avg:  0.0, Max:  0.0, Diff:  0.0, Sum:  0.0, Workers: 4
[2534.657s][debug][gc,phases      ] GC(167)     Dead                           Min: 0, Avg:  0.0, Max: 0, Diff: 0, Sum: 0, Workers: 4
[2534.657s][debug][gc,phases      ] GC(167)     Total                          Min: 0, Avg:  0.0, Max: 0, Diff: 0, Sum: 0, Workers: 4
[2534.657s][debug][gc,phases      ] GC(167)   StringTable Weak               Min:  0.1, Avg:  0.1, Max:  0.1, Diff:  0.0, Sum:  0.3, Workers: 4
[2534.657s][debug][gc,phases      ] GC(167)     Dead                           Min: 0, Avg:  0.0, Max: 0, Diff: 0, Sum: 0, Workers: 4
[2534.657s][debug][gc,phases      ] GC(167)     Total                          Min: 9344, Avg: 12010.0, Max: 14912, Diff: 5568, Sum: 48040, Workers: 4
[2534.657s][debug][gc,phases      ] GC(167)   ResolvedMethodTable Weak       Min:  0.0, Avg:  0.0, Max:  0.0, Diff:  0.0, Sum:  0.1, Workers: 4
[2534.657s][debug][gc,phases      ] GC(167)     Dead                           Min: 0, Avg:  0.0, Max: 0, Diff: 0, Sum: 0, Workers: 4
[2534.657s][debug][gc,phases      ] GC(167)     Total                          Min: 1728, Avg: 2036.0, Max: 2368, Diff: 640, Sum: 8144, Workers: 4
[2534.657s][debug][gc,phases      ] GC(167)   JNI Weak                       Min:  0.0, Avg:  0.0, Max:  0.0, Diff:  0.0, Sum:  0.0, Workers: 4
[2534.657s][debug][gc,phases      ] GC(167)     Dead                           Min: 0, Avg:  0.0, Max: 0, Diff: 0, Sum: 0, Workers: 4
[2534.657s][debug][gc,phases      ] GC(167)     Total                          Min: 0, Avg:  0.0, Max: 0, Diff: 0, Sum: 0, Workers: 4
[2534.657s][debug][gc,phases      ] GC(167)   StringDedup Table Weak         Min:  0.0, Avg:  0.0, Max:  0.0, Diff:  0.0, Sum:  0.0, Workers: 4
[2534.657s][debug][gc,phases      ] GC(167)     Dead                           Min: 0, Avg:  0.0, Max: 0, Diff: 0, Sum: 0, Workers: 4
[2534.657s][debug][gc,phases      ] GC(167)     Total                          Min: 0, Avg:  0.0, Max: 0, Diff: 0, Sum: 0, Workers: 4
[2534.657s][debug][gc,phases      ] GC(167)   StringDedup Requests0 Weak     Min:  0.0, Avg:  0.0, Max:  0.0, Diff:  0.0, Sum:  0.0, Workers: 4
[2534.657s][debug][gc,phases      ] GC(167)     Dead                           Min: 0, Avg:  0.0, Max: 0, Diff: 0, Sum: 0, Workers: 4
[2534.657s][debug][gc,phases      ] GC(167)     Total                          Min: 0, Avg:  0.0, Max: 0, Diff: 0, Sum: 0, Workers: 4
[2534.657s][debug][gc,phases      ] GC(167)   StringDedup Requests1 Weak     Min:  0.0, Avg:  0.0, Max:  0.0, Diff:  0.0, Sum:  0.0, Workers: 4
[2534.657s][debug][gc,phases      ] GC(167)     Dead                           Min: 0, Avg:  0.0, Max: 0, Diff: 0, Sum: 0, Workers: 4
[2534.657s][debug][gc,phases      ] GC(167)     Total                          Min: 0, Avg:  0.0, Max: 0, Diff: 0, Sum: 0, Workers: 4
[2534.657s][debug][gc,phases      ] GC(167)   Weak JFR Old Object Samples    Min:  0.0, Avg:  0.0, Max:  0.0, Diff:  0.0, Sum:  0.0, Workers: 4
[2534.657s][debug][gc,phases      ] GC(167)     Dead                           Min: 0, Avg:  0.0, Max: 0, Diff: 0, Sum: 0, Workers: 4
[2534.657s][debug][gc,phases      ] GC(167)     Total                          Min: 0, Avg:  0.0, Max: 0, Diff: 0, Sum: 0, Workers: 4
[2534.657s][debug][gc,phases      ] GC(167) Weak Processing 0.264ms
[2534.657s][debug][gc,age         ] GC(167) Desired survivor size 80740352 bytes, new threshold 15 (max threshold 15)
[2534.657s][info ][gc,heap        ] GC(167) PSYoungGen: 1972002K(2010112K)->35301K(2018304K) Eden: 1925632K(1925632K)->0K(1936384K) From: 46370K(84480K)->35301K(81920K)
[2534.657s][info ][gc,heap        ] GC(167) ParOldGen: 420750K(475648K)->431862K(475648K)
[2534.657s][info ][gc,metaspace   ] GC(167) Metaspace: 81232K(82048K)->81232K(82048K) NonClass: 69843K(70272K)->69843K(70272K) Class: 11388K(11776K)->11388K(11776K)
[2534.657s][info ][gc             ] GC(167) Pause Young (Allocation Failure) 2336M->456M(2435M) 13.107ms
[2534.657s][info ][gc,cpu         ] GC(167) User=0.05s Sys=0.00s Real=0.01s
[2534.657s][info ][safepoint      ] Safepoint "ParallelGCFailedAllocation", Time since last: 14095971970 ns, Reaching safepoint: 41400 ns, At safepoint: 13180564 ns, Total: 13221964 ns
[2554.658s][info ][safepoint      ] Safepoint "Cleanup", Time since last: 20001208411 ns, Reaching safepoint: 49701 ns, At safepoint: 6500 ns, Total: 56201 ns
[2561.659s][info ][safepoint      ] Safepoint "Cleanup", Time since last: 7000460691 ns, Reaching safepoint: 43001 ns, At safepoint: 7300 ns, Total: 50301 ns
[2564.657s][info ][gc,start       ] GC(168) Pause Young (Allocation Failure)
[2564.662s][debug][gc,phases      ] GC(168) Scavenge 5.803ms
[2564.662s][debug][gc,ref         ] GC(168) Skipped phase 1 of Reference Processing: no references
[2564.662s][debug][gc,ref         ] GC(168) ReferenceProcessor::execute queues: 1, RefProcThreadModel::Single, marks_oops_alive: false
[2564.662s][debug][gc,ref         ] GC(168) Skipped phase 3 of Reference Processing: no references
[2564.662s][debug][gc,ref         ] GC(168) ReferenceProcessor::execute queues: 1, RefProcThreadModel::Single, marks_oops_alive: false
[2564.662s][debug][gc,phases      ] GC(168) Reference Processing 0.104ms
[2564.663s][debug][gc,phases      ] GC(168)   VM Weak                        Min:  0.0, Avg:  0.0, Max:  0.0, Diff:  0.0, Sum:  0.0, Workers: 4
[2564.663s][debug][gc,phases      ] GC(168)     Dead                           Min: 0, Avg:  0.0, Max: 0, Diff: 0, Sum: 0, Workers: 4
[2564.663s][debug][gc,phases      ] GC(168)     Total                          Min: 0, Avg: 164.0, Max: 656, Diff: 656, Sum: 656, Workers: 4
[2564.663s][debug][gc,phases      ] GC(168)   ObjectSynchronizer Weak        Min:  0.0, Avg:  0.0, Max:  0.0, Diff:  0.0, Sum:  0.0, Workers: 4
[2564.663s][debug][gc,phases      ] GC(168)     Dead                           Min: 0, Avg:  0.0, Max: 0, Diff: 0, Sum: 0, Workers: 4
[2564.663s][debug][gc,phases      ] GC(168)     Total                          Min: 0, Avg: 121.0, Max: 292, Diff: 292, Sum: 484, Workers: 4
[2564.663s][debug][gc,phases      ] GC(168)   JVMTI Tag Weak OopStorage      Min:  0.0, Avg:  0.0, Max:  0.0, Diff:  0.0, Sum:  0.0, Workers: 4
[2564.663s][debug][gc,phases      ] GC(168)     Dead                           Min: 0, Avg:  0.0, Max: 0, Diff: 0, Sum: 0, Workers: 4
[2564.663s][debug][gc,phases      ] GC(168)     Total                          Min: 0, Avg:  0.0, Max: 0, Diff: 0, Sum: 0, Workers: 4
[2564.663s][debug][gc,phases      ] GC(168)   StringTable Weak               Min:  0.1, Avg:  0.1, Max:  0.1, Diff:  0.0, Sum:  0.4, Workers: 4
[2564.663s][debug][gc,phases      ] GC(168)     Dead                           Min: 0, Avg:  0.0, Max: 0, Diff: 0, Sum: 0, Workers: 4
[2564.663s][debug][gc,phases      ] GC(168)     Total                          Min: 9152, Avg: 12013.5, Max: 14902, Diff: 5750, Sum: 48054, Workers: 4
[2564.663s][debug][gc,phases      ] GC(168)   ResolvedMethodTable Weak       Min:  0.0, Avg:  0.0, Max:  0.0, Diff:  0.0, Sum:  0.1, Workers: 4
[2564.663s][debug][gc,phases      ] GC(168)     Dead                           Min: 0, Avg:  0.0, Max: 0, Diff: 0, Sum: 0, Workers: 4
[2564.663s][debug][gc,phases      ] GC(168)     Total                          Min: 1664, Avg: 2038.0, Max: 2392, Diff: 728, Sum: 8152, Workers: 4
[2564.663s][debug][gc,phases      ] GC(168)   JNI Weak                       Min:  0.0, Avg:  0.0, Max:  0.0, Diff:  0.0, Sum:  0.0, Workers: 4
[2564.663s][debug][gc,phases      ] GC(168)     Dead                           Min: 0, Avg:  0.0, Max: 0, Diff: 0, Sum: 0, Workers: 4
[2564.663s][debug][gc,phases      ] GC(168)     Total                          Min: 0, Avg:  0.0, Max: 0, Diff: 0, Sum: 0, Workers: 4
[2564.663s][debug][gc,phases      ] GC(168)   StringDedup Table Weak         Min:  0.0, Avg:  0.0, Max:  0.0, Diff:  0.0, Sum:  0.0, Workers: 4
[2564.663s][debug][gc,phases      ] GC(168)     Dead                           Min: 0, Avg:  0.0, Max: 0, Diff: 0, Sum: 0, Workers: 4
[2564.663s][debug][gc,phases      ] GC(168)     Total                          Min: 0, Avg:  0.0, Max: 0, Diff: 0, Sum: 0, Workers: 4
[2564.663s][debug][gc,phases      ] GC(168)   StringDedup Requests0 Weak     Min:  0.0, Avg:  0.0, Max:  0.0, Diff:  0.0, Sum:  0.0, Workers: 4
[2564.663s][debug][gc,phases      ] GC(168)     Dead                           Min: 0, Avg:  0.0, Max: 0, Diff: 0, Sum: 0, Workers: 4
[2564.663s][debug][gc,phases      ] GC(168)     Total                          Min: 0, Avg:  0.0, Max: 0, Diff: 0, Sum: 0, Workers: 4
[2564.663s][debug][gc,phases      ] GC(168)   StringDedup Requests1 Weak     Min:  0.0, Avg:  0.0, Max:  0.0, Diff:  0.0, Sum:  0.0, Workers: 4
[2564.663s][debug][gc,phases      ] GC(168)     Dead                           Min: 0, Avg:  0.0, Max: 0, Diff: 0, Sum: 0, Workers: 4
[2564.663s][debug][gc,phases      ] GC(168)     Total                          Min: 0, Avg:  0.0, Max: 0, Diff: 0, Sum: 0, Workers: 4
[2564.663s][debug][gc,phases      ] GC(168)   Weak JFR Old Object Samples    Min:  0.0, Avg:  0.0, Max:  0.0, Diff:  0.0, Sum:  0.0, Workers: 4
[2564.663s][debug][gc,phases      ] GC(168)     Dead                           Min: 0, Avg:  0.0, Max: 0, Diff: 0, Sum: 0, Workers: 4
[2564.663s][debug][gc,phases      ] GC(168)     Total                          Min: 0, Avg:  0.0, Max: 0, Diff: 0, Sum: 0, Workers: 4
[2564.663s][debug][gc,phases      ] GC(168) Weak Processing 0.254ms
[2564.663s][debug][gc,age         ] GC(168) Desired survivor size 78118912 bytes, new threshold 15 (max threshold 15)
[2564.663s][info ][gc,heap        ] GC(168) PSYoungGen: 1971685K(2018304K)->35301K(2015232K) Eden: 1936384K(1936384K)->0K(1936384K) From: 35301K(81920K)->35301K(78848K)
[2564.663s][info ][gc,heap        ] GC(168) ParOldGen: 431862K(475648K)->431894K(475648K)
[2564.663s][info ][gc,metaspace   ] GC(168) Metaspace: 81268K(82048K)->81268K(82048K) NonClass: 69874K(70272K)->69874K(70272K) Class: 11394K(11776K)->11394K(11776K)
[2564.663s][info ][gc             ] GC(168) Pause Young (Allocation Failure) 2347M->456M(2432M) 6.256ms
[2564.663s][info ][gc,cpu         ] GC(168) User=0.03s Sys=0.00s Real=0.01s
[2564.663s][info ][safepoint      ] Safepoint "ParallelGCFailedAllocation", Time since last: 2997605108 ns, Reaching safepoint: 39100 ns, At safepoint: 6324031 ns, Total: 6363131 ns
[2565.663s][info ][safepoint      ] Safepoint "Cleanup", Time since last: 1000060339 ns, Reaching safepoint: 41301 ns, At safepoint: 2300 ns, Total: 43601 ns
[2588.664s][info ][safepoint      ] Safepoint "Cleanup", Time since last: 23001336835 ns, Reaching safepoint: 39700 ns, At safepoint: 3500 ns, Total: 43200 ns
[2589.665s][info ][safepoint      ] Safepoint "Cleanup", Time since last: 1000109433 ns, Reaching safepoint: 108501 ns, At safepoint: 8200 ns, Total: 116701 ns
[2590.001s][info ][gc,start       ] GC(169) Pause Young (Allocation Failure)
[2590.010s][debug][gc,phases      ] GC(169) Scavenge 9.050ms
[2590.010s][debug][gc,ref         ] GC(169) Skipped phase 1 of Reference Processing: no references
[2590.010s][debug][gc,ref         ] GC(169) ReferenceProcessor::execute queues: 1, RefProcThreadModel::Single, marks_oops_alive: false
[2590.010s][debug][gc,ref         ] GC(169) Skipped phase 3 of Reference Processing: no references
[2590.010s][debug][gc,ref         ] GC(169) ReferenceProcessor::execute queues: 1, RefProcThreadModel::Single, marks_oops_alive: false
[2590.010s][debug][gc,phases      ] GC(169) Reference Processing 0.099ms
[2590.010s][debug][gc,phases      ] GC(169)   VM Weak                        Min:  0.0, Avg:  0.0, Max:  0.0, Diff:  0.0, Sum:  0.0, Workers: 4
[2590.010s][debug][gc,phases      ] GC(169)     Dead                           Min: 0, Avg:  0.0, Max: 0, Diff: 0, Sum: 0, Workers: 4
[2590.010s][debug][gc,phases      ] GC(169)     Total                          Min: 0, Avg: 164.0, Max: 592, Diff: 592, Sum: 656, Workers: 4
[2590.010s][debug][gc,phases      ] GC(169)   ObjectSynchronizer Weak        Min:  0.0, Avg:  0.0, Max:  0.0, Diff:  0.0, Sum:  0.0, Workers: 4
[2590.010s][debug][gc,phases      ] GC(169)     Dead                           Min: 0, Avg:  0.0, Max: 0, Diff: 0, Sum: 0, Workers: 4
[2590.010s][debug][gc,phases      ] GC(169)     Total                          Min: 0, Avg: 121.0, Max: 256, Diff: 256, Sum: 484, Workers: 4
[2590.010s][debug][gc,phases      ] GC(169)   JVMTI Tag Weak OopStorage      Min:  0.0, Avg:  0.0, Max:  0.0, Diff:  0.0, Sum:  0.0, Workers: 4
[2590.010s][debug][gc,phases      ] GC(169)     Dead                           Min: 0, Avg:  0.0, Max: 0, Diff: 0, Sum: 0, Workers: 4
[2590.010s][debug][gc,phases      ] GC(169)     Total                          Min: 0, Avg:  0.0, Max: 0, Diff: 0, Sum: 0, Workers: 4
[2590.010s][debug][gc,phases      ] GC(169)   StringTable Weak               Min:  0.1, Avg:  0.1, Max:  0.1, Diff:  0.0, Sum:  0.4, Workers: 4
[2590.010s][debug][gc,phases      ] GC(169)     Dead                           Min: 0, Avg:  0.0, Max: 0, Diff: 0, Sum: 0, Workers: 4
[2590.010s][debug][gc,phases      ] GC(169)     Total                          Min: 9664, Avg: 12013.5, Max: 14336, Diff: 4672, Sum: 48054, Workers: 4
[2590.010s][debug][gc,phases      ] GC(169)   ResolvedMethodTable Weak       Min:  0.0, Avg:  0.0, Max:  0.0, Diff:  0.0, Sum:  0.1, Workers: 4
[2590.010s][debug][gc,phases      ] GC(169)     Dead                           Min: 0, Avg:  0.0, Max: 0, Diff: 0, Sum: 0, Workers: 4
[2590.010s][debug][gc,phases      ] GC(169)     Total                          Min: 1816, Avg: 2038.0, Max: 2560, Diff: 744, Sum: 8152, Workers: 4
[2590.010s][debug][gc,phases      ] GC(169)   JNI Weak                       Min:  0.0, Avg:  0.0, Max:  0.0, Diff:  0.0, Sum:  0.0, Workers: 4
[2590.010s][debug][gc,phases      ] GC(169)     Dead                           Min: 0, Avg:  0.0, Max: 0, Diff: 0, Sum: 0, Workers: 4
[2590.010s][debug][gc,phases      ] GC(169)     Total                          Min: 0, Avg:  0.0, Max: 0, Diff: 0, Sum: 0, Workers: 4
[2590.010s][debug][gc,phases      ] GC(169)   StringDedup Table Weak         Min:  0.0, Avg:  0.0, Max:  0.0, Diff:  0.0, Sum:  0.0, Workers: 4
[2590.010s][debug][gc,phases      ] GC(169)     Dead                           Min: 0, Avg:  0.0, Max: 0, Diff: 0, Sum: 0, Workers: 4
[2590.010s][debug][gc,phases      ] GC(169)     Total                          Min: 0, Avg:  0.0, Max: 0, Diff: 0, Sum: 0, Workers: 4
[2590.010s][debug][gc,phases      ] GC(169)   StringDedup Requests0 Weak     Min:  0.0, Avg:  0.0, Max:  0.0, Diff:  0.0, Sum:  0.0, Workers: 4
[2590.010s][debug][gc,phases      ] GC(169)     Dead                           Min: 0, Avg:  0.0, Max: 0, Diff: 0, Sum: 0, Workers: 4
[2590.010s][debug][gc,phases      ] GC(169)     Total                          Min: 0, Avg:  0.0, Max: 0, Diff: 0, Sum: 0, Workers: 4
[2590.010s][debug][gc,phases      ] GC(169)   StringDedup Requests1 Weak     Min:  0.0, Avg:  0.0, Max:  0.0, Diff:  0.0, Sum:  0.0, Workers: 4
[2590.010s][debug][gc,phases      ] GC(169)     Dead                           Min: 0, Avg:  0.0, Max: 0, Diff: 0, Sum: 0, Workers: 4
[2590.010s][debug][gc,phases      ] GC(169)     Total                          Min: 0, Avg:  0.0, Max: 0, Diff: 0, Sum: 0, Workers: 4
[2590.010s][debug][gc,phases      ] GC(169)   Weak JFR Old Object Samples    Min:  0.0, Avg:  0.0, Max:  0.0, Diff:  0.0, Sum:  0.0, Workers: 4
[2590.010s][debug][gc,phases      ] GC(169)     Dead                           Min: 0, Avg:  0.0, Max: 0, Diff: 0, Sum: 0, Workers: 4
[2590.010s][debug][gc,phases      ] GC(169)     Total                          Min: 0, Avg:  0.0, Max: 0, Diff: 0, Sum: 0, Workers: 4
[2590.010s][debug][gc,phases      ] GC(169) Weak Processing 0.264ms
[2590.010s][debug][gc,age         ] GC(169) Desired survivor size 75497472 bytes, new threshold 15 (max threshold 15)
[2590.010s][info ][gc,heap        ] GC(169) PSYoungGen: 1971685K(2015232K)->37442K(2023424K) Eden: 1936384K(1936384K)->0K(1947136K) From: 35301K(78848K)->37442K(76288K)
[2590.010s][info ][gc,heap        ] GC(169) ParOldGen: 431894K(475648K)->431918K(475648K)
[2590.010s][info ][gc,metaspace   ] GC(169) Metaspace: 81275K(82048K)->81275K(82048K) NonClass: 69880K(70272K)->69880K(70272K) Class: 11394K(11776K)->11394K(11776K)
[2590.010s][info ][gc             ] GC(169) Pause Young (Allocation Failure) 2347M->458M(2440M) 9.534ms
[2590.010s][info ][gc,cpu         ] GC(169) User=0.04s Sys=0.00s Real=0.02s
[2590.010s][info ][safepoint      ] Safepoint "ParallelGCFailedAllocation", Time since last: 336140224 ns, Reaching safepoint: 28100 ns, At safepoint: 9611747 ns, Total: 9639847 ns
[2591.010s][info ][safepoint      ] Safepoint "Cleanup", Time since last: 1000079332 ns, Reaching safepoint: 53201 ns, At safepoint: 9100 ns, Total: 62301 ns
[2592.011s][info ][safepoint      ] Safepoint "Cleanup", Time since last: 1000109732 ns, Reaching safepoint: 26801 ns, At safepoint: 2700 ns, Total: 29501 ns
[2599.011s][info ][safepoint      ] Safepoint "Cleanup", Time since last: 7000480719 ns, Reaching safepoint: 40500 ns, At safepoint: 4800 ns, Total: 45300 ns
[2603.011s][info ][safepoint      ] Safepoint "Cleanup", Time since last: 4000310720 ns, Reaching safepoint: 41001 ns, At safepoint: 2300 ns, Total: 43301 ns
[2610.012s][info ][safepoint      ] Safepoint "Cleanup", Time since last: 7000504799 ns, Reaching safepoint: 48200 ns, At safepoint: 7000 ns, Total: 55200 ns
[2613.012s][info ][safepoint      ] Safepoint "Cleanup", Time since last: 3000225582 ns, Reaching safepoint: 40500 ns, At safepoint: 3900 ns, Total: 44400 ns
[2617.013s][info ][safepoint      ] Safepoint "Cleanup", Time since last: 4000284206 ns, Reaching safepoint: 47400 ns, At safepoint: 2500 ns, Total: 49900 ns
[2620.013s][info ][safepoint      ] Safepoint "Cleanup", Time since last: 3000227576 ns, Reaching safepoint: 43200 ns, At safepoint: 2300 ns, Total: 45500 ns
[2623.092s][info ][gc,start       ] GC(170) Pause Young (Allocation Failure)
[2623.098s][debug][gc,phases      ] GC(170) Scavenge 6.635ms
[2623.098s][debug][gc,ref         ] GC(170) Skipped phase 1 of Reference Processing: no references
[2623.098s][debug][gc,ref         ] GC(170) ReferenceProcessor::execute queues: 1, RefProcThreadModel::Single, marks_oops_alive: false
[2623.098s][debug][gc,ref         ] GC(170) ReferenceProcessor::execute queues: 4, RefProcThreadModel::Multi, marks_oops_alive: true
[2623.098s][debug][gc,ref         ] GC(170) ReferenceProcessor::execute queues: 1, RefProcThreadModel::Single, marks_oops_alive: false
[2623.098s][debug][gc,phases      ] GC(170) Reference Processing 0.172ms
[2623.099s][debug][gc,phases      ] GC(170)   VM Weak                        Min:  0.0, Avg:  0.0, Max:  0.0, Diff:  0.0, Sum:  0.0, Workers: 4
[2623.099s][debug][gc,phases      ] GC(170)     Dead                           Min: 0, Avg:  0.0, Max: 0, Diff: 0, Sum: 0, Workers: 4
[2623.099s][debug][gc,phases      ] GC(170)     Total                          Min: 0, Avg: 164.0, Max: 336, Diff: 336, Sum: 656, Workers: 4
[2623.099s][debug][gc,phases      ] GC(170)   ObjectSynchronizer Weak        Min:  0.0, Avg:  0.0, Max:  0.0, Diff:  0.0, Sum:  0.0, Workers: 4
[2623.099s][debug][gc,phases      ] GC(170)     Dead                           Min: 0, Avg:  0.0, Max: 0, Diff: 0, Sum: 0, Workers: 4
[2623.099s][debug][gc,phases      ] GC(170)     Total                          Min: 0, Avg: 121.0, Max: 192, Diff: 192, Sum: 484, Workers: 4
[2623.099s][debug][gc,phases      ] GC(170)   JVMTI Tag Weak OopStorage      Min:  0.0, Avg:  0.0, Max:  0.0, Diff:  0.0, Sum:  0.0, Workers: 4
[2623.099s][debug][gc,phases      ] GC(170)     Dead                           Min: 0, Avg:  0.0, Max: 0, Diff: 0, Sum: 0, Workers: 4
[2623.099s][debug][gc,phases      ] GC(170)     Total                          Min: 0, Avg:  0.0, Max: 0, Diff: 0, Sum: 0, Workers: 4
[2623.099s][debug][gc,phases      ] GC(170)   StringTable Weak               Min:  0.1, Avg:  0.1, Max:  0.1, Diff:  0.0, Sum:  0.4, Workers: 4
[2623.099s][debug][gc,phases      ] GC(170)     Dead                           Min: 0, Avg:  0.0, Max: 0, Diff: 0, Sum: 0, Workers: 4
[2623.099s][debug][gc,phases      ] GC(170)     Total                          Min: 9216, Avg: 12014.0, Max: 15224, Diff: 6008, Sum: 48056, Workers: 4
[2623.099s][debug][gc,phases      ] GC(170)   ResolvedMethodTable Weak       Min:  0.0, Avg:  0.0, Max:  0.0, Diff:  0.0, Sum:  0.1, Workers: 4
[2623.099s][debug][gc,phases      ] GC(170)     Dead                           Min: 0, Avg:  0.0, Max: 0, Diff: 0, Sum: 0, Workers: 4
[2623.099s][debug][gc,phases      ] GC(170)     Total                          Min: 1600, Avg: 2039.2, Max: 2397, Diff: 797, Sum: 8157, Workers: 4
[2623.099s][debug][gc,phases      ] GC(170)   JNI Weak                       Min:  0.0, Avg:  0.0, Max:  0.0, Diff:  0.0, Sum:  0.0, Workers: 4
[2623.099s][debug][gc,phases      ] GC(170)     Dead                           Min: 0, Avg:  0.0, Max: 0, Diff: 0, Sum: 0, Workers: 4
[2623.099s][debug][gc,phases      ] GC(170)     Total                          Min: 0, Avg:  0.0, Max: 0, Diff: 0, Sum: 0, Workers: 4
[2623.099s][debug][gc,phases      ] GC(170)   StringDedup Table Weak         Min:  0.0, Avg:  0.0, Max:  0.0, Diff:  0.0, Sum:  0.0, Workers: 4
[2623.099s][debug][gc,phases      ] GC(170)     Dead                           Min: 0, Avg:  0.0, Max: 0, Diff: 0, Sum: 0, Workers: 4
[2623.099s][debug][gc,phases      ] GC(170)     Total                          Min: 0, Avg:  0.0, Max: 0, Diff: 0, Sum: 0, Workers: 4
[2623.099s][debug][gc,phases      ] GC(170)   StringDedup Requests0 Weak     Min:  0.0, Avg:  0.0, Max:  0.0, Diff:  0.0, Sum:  0.0, Workers: 4
[2623.099s][debug][gc,phases      ] GC(170)     Dead                           Min: 0, Avg:  0.0, Max: 0, Diff: 0, Sum: 0, Workers: 4
[2623.099s][debug][gc,phases      ] GC(170)     Total                          Min: 0, Avg:  0.0, Max: 0, Diff: 0, Sum: 0, Workers: 4
[2623.099s][debug][gc,phases      ] GC(170)   StringDedup Requests1 Weak     Min:  0.0, Avg:  0.0, Max:  0.0, Diff:  0.0, Sum:  0.0, Workers: 4
[2623.099s][debug][gc,phases      ] GC(170)     Dead                           Min: 0, Avg:  0.0, Max: 0, Diff: 0, Sum: 0, Workers: 4
[2623.099s][debug][gc,phases      ] GC(170)     Total                          Min: 0, Avg:  0.0, Max: 0, Diff: 0, Sum: 0, Workers: 4
[2623.099s][debug][gc,phases      ] GC(170)   Weak JFR Old Object Samples    Min:  0.0, Avg:  0.0, Max:  0.0, Diff:  0.0, Sum:  0.0, Workers: 4
[2623.099s][debug][gc,phases      ] GC(170)     Dead                           Min: 0, Avg:  0.0, Max: 0, Diff: 0, Sum: 0, Workers: 4
[2623.099s][debug][gc,phases      ] GC(170)     Total                          Min: 0, Avg:  0.0, Max: 0, Diff: 0, Sum: 0, Workers: 4
[2623.099s][debug][gc,phases      ] GC(170) Weak Processing 0.265ms
[2623.099s][debug][gc,age         ] GC(170) Desired survivor size 72876032 bytes, new threshold 15 (max threshold 15)
[2623.099s][info ][gc,heap        ] GC(170) PSYoungGen: 1984578K(2023424K)->35765K(2020864K) Eden: 1947136K(1947136K)->0K(1947136K) From: 37442K(76288K)->35765K(73728K)
[2623.099s][info ][gc,heap        ] GC(170) ParOldGen: 431918K(475648K)->433446K(475648K)
[2623.099s][info ][gc,metaspace   ] GC(170) Metaspace: 81281K(82048K)->81281K(82048K) NonClass: 69884K(70272K)->69884K(70272K) Class: 11396K(11776K)->11396K(11776K)
[2623.099s][info ][gc             ] GC(170) Pause Young (Allocation Failure) 2359M->458M(2438M) 7.186ms
[2623.099s][info ][gc,cpu         ] GC(170) User=0.03s Sys=0.00s Real=0.00s
[2623.099s][info ][safepoint      ] Safepoint "ParallelGCFailedAllocation", Time since last: 3078486252 ns, Reaching safepoint: 107700 ns, At safepoint: 7266635 ns, Total: 7374335 ns
[2640.100s][info ][safepoint      ] Safepoint "Cleanup", Time since last: 17001038476 ns, Reaching safepoint: 41300 ns, At safepoint: 2500 ns, Total: 43800 ns
[2647.100s][info ][safepoint      ] Safepoint "Cleanup", Time since last: 7000483835 ns, Reaching safepoint: 37900 ns, At safepoint: 3000 ns, Total: 40900 ns
[2648.101s][info ][safepoint      ] Safepoint "Cleanup", Time since last: 1000100418 ns, Reaching safepoint: 43700 ns, At safepoint: 2300 ns, Total: 46000 ns
[2649.101s][info ][safepoint      ] Safepoint "Cleanup", Time since last: 1000102518 ns, Reaching safepoint: 62201 ns, At safepoint: 14200 ns, Total: 76401 ns
[2654.222s][info ][gc,start       ] GC(171) Pause Young (Allocation Failure)
[2654.229s][debug][gc,phases      ] GC(171) Scavenge 7.407ms
[2654.229s][debug][gc,ref         ] GC(171) Skipped phase 1 of Reference Processing: no references
[2654.229s][debug][gc,ref         ] GC(171) ReferenceProcessor::execute queues: 1, RefProcThreadModel::Single, marks_oops_alive: false
[2654.229s][debug][gc,ref         ] GC(171) Skipped phase 3 of Reference Processing: no references
[2654.229s][debug][gc,ref         ] GC(171) ReferenceProcessor::execute queues: 1, RefProcThreadModel::Single, marks_oops_alive: false
[2654.229s][debug][gc,phases      ] GC(171) Reference Processing 0.113ms
[2654.229s][debug][gc,phases      ] GC(171)   VM Weak                        Min:  0.0, Avg:  0.0, Max:  0.0, Diff:  0.0, Sum:  0.0, Workers: 4
[2654.229s][debug][gc,phases      ] GC(171)     Dead                           Min: 0, Avg:  0.0, Max: 0, Diff: 0, Sum: 0, Workers: 4
[2654.229s][debug][gc,phases      ] GC(171)     Total                          Min: 0, Avg: 164.0, Max: 656, Diff: 656, Sum: 656, Workers: 4
[2654.229s][debug][gc,phases      ] GC(171)   ObjectSynchronizer Weak        Min:  0.0, Avg:  0.0, Max:  0.0, Diff:  0.0, Sum:  0.0, Workers: 4
[2654.229s][debug][gc,phases      ] GC(171)     Dead                           Min: 0, Avg:  0.0, Max: 0, Diff: 0, Sum: 0, Workers: 4
[2654.229s][debug][gc,phases      ] GC(171)     Total                          Min: 0, Avg: 121.0, Max: 256, Diff: 256, Sum: 484, Workers: 4
[2654.229s][debug][gc,phases      ] GC(171)   JVMTI Tag Weak OopStorage      Min:  0.0, Avg:  0.0, Max:  0.0, Diff:  0.0, Sum:  0.0, Workers: 4
[2654.229s][debug][gc,phases      ] GC(171)     Dead                           Min: 0, Avg:  0.0, Max: 0, Diff: 0, Sum: 0, Workers: 4
[2654.229s][debug][gc,phases      ] GC(171)     Total                          Min: 0, Avg:  0.0, Max: 0, Diff: 0, Sum: 0, Workers: 4
[2654.229s][debug][gc,phases      ] GC(171)   StringTable Weak               Min:  0.1, Avg:  0.1, Max:  0.1, Diff:  0.0, Sum:  0.4, Workers: 4
[2654.229s][debug][gc,phases      ] GC(171)     Dead                           Min: 0, Avg:  0.0, Max: 0, Diff: 0, Sum: 0, Workers: 4
[2654.229s][debug][gc,phases      ] GC(171)     Total                          Min: 9016, Avg: 12014.0, Max: 15488, Diff: 6472, Sum: 48056, Workers: 4
[2654.229s][debug][gc,phases      ] GC(171)   ResolvedMethodTable Weak       Min:  0.0, Avg:  0.0, Max:  0.0, Diff:  0.0, Sum:  0.1, Workers: 4
[2654.229s][debug][gc,phases      ] GC(171)     Dead                           Min: 0, Avg:  0.0, Max: 0, Diff: 0, Sum: 0, Workers: 4
[2654.229s][debug][gc,phases      ] GC(171)     Total                          Min: 1565, Avg: 2039.2, Max: 2496, Diff: 931, Sum: 8157, Workers: 4
[2654.229s][debug][gc,phases      ] GC(171)   JNI Weak                       Min:  0.0, Avg:  0.0, Max:  0.0, Diff:  0.0, Sum:  0.0, Workers: 4
[2654.229s][debug][gc,phases      ] GC(171)     Dead                           Min: 0, Avg:  0.0, Max: 0, Diff: 0, Sum: 0, Workers: 4
[2654.229s][debug][gc,phases      ] GC(171)     Total                          Min: 0, Avg:  0.0, Max: 0, Diff: 0, Sum: 0, Workers: 4
[2654.229s][debug][gc,phases      ] GC(171)   StringDedup Table Weak         Min:  0.0, Avg:  0.0, Max:  0.0, Diff:  0.0, Sum:  0.0, Workers: 4
[2654.229s][debug][gc,phases      ] GC(171)     Dead                           Min: 0, Avg:  0.0, Max: 0, Diff: 0, Sum: 0, Workers: 4
[2654.229s][debug][gc,phases      ] GC(171)     Total                          Min: 0, Avg:  0.0, Max: 0, Diff: 0, Sum: 0, Workers: 4
[2654.229s][debug][gc,phases      ] GC(171)   StringDedup Requests0 Weak     Min:  0.0, Avg:  0.0, Max:  0.0, Diff:  0.0, Sum:  0.0, Workers: 4
[2654.229s][debug][gc,phases      ] GC(171)     Dead                           Min: 0, Avg:  0.0, Max: 0, Diff: 0, Sum: 0, Workers: 4
[2654.229s][debug][gc,phases      ] GC(171)     Total                          Min: 0, Avg:  0.0, Max: 0, Diff: 0, Sum: 0, Workers: 4
[2654.229s][debug][gc,phases      ] GC(171)   StringDedup Requests1 Weak     Min:  0.0, Avg:  0.0, Max:  0.0, Diff:  0.0, Sum:  0.0, Workers: 4
[2654.229s][debug][gc,phases      ] GC(171)     Dead                           Min: 0, Avg:  0.0, Max: 0, Diff: 0, Sum: 0, Workers: 4
[2654.229s][debug][gc,phases      ] GC(171)     Total                          Min: 0, Avg:  0.0, Max: 0, Diff: 0, Sum: 0, Workers: 4
[2654.229s][debug][gc,phases      ] GC(171)   Weak JFR Old Object Samples    Min:  0.0, Avg:  0.0, Max:  0.0, Diff:  0.0, Sum:  0.0, Workers: 4
[2654.229s][debug][gc,phases      ] GC(171)     Dead                           Min: 0, Avg:  0.0, Max: 0, Diff: 0, Sum: 0, Workers: 4
[2654.229s][debug][gc,phases      ] GC(171)     Total                          Min: 0, Avg:  0.0, Max: 0, Diff: 0, Sum: 0, Workers: 4
[2654.230s][debug][gc,phases      ] GC(171) Weak Processing 0.266ms
[2654.230s][debug][gc,age         ] GC(171) Desired survivor size 73400320 bytes, new threshold 15 (max threshold 15)
[2654.230s][info ][gc,heap        ] GC(171) PSYoungGen: 1982901K(2020864K)->18320K(2024960K) Eden: 1947136K(1947136K)->0K(1953792K) From: 35765K(73728K)->18320K(71168K)
[2654.230s][info ][gc,heap        ] GC(171) ParOldGen: 433446K(475648K)->450907K(475648K)
[2654.230s][info ][gc,metaspace   ] GC(171) Metaspace: 81284K(82048K)->81284K(82048K) NonClass: 69888K(70272K)->69888K(70272K) Class: 11396K(11776K)->11396K(11776K)
[2654.230s][info ][gc             ] GC(171) Pause Young (Allocation Failure) 2359M->458M(2442M) 7.889ms
[2654.230s][info ][gc,cpu         ] GC(171) User=0.03s Sys=0.01s Real=0.01s
[2654.230s][info ][safepoint      ] Safepoint "ParallelGCFailedAllocation", Time since last: 5120891367 ns, Reaching safepoint: 23800 ns, At safepoint: 7960538 ns, Total: 7984338 ns
[2661.230s][info ][safepoint      ] Safepoint "Cleanup", Time since last: 7000381110 ns, Reaching safepoint: 39401 ns, At safepoint: 2500 ns, Total: 41901 ns
[2662.230s][info ][safepoint      ] Safepoint "Cleanup", Time since last: 1000103515 ns, Reaching safepoint: 42300 ns, At safepoint: 4800 ns, Total: 47100 ns
[2667.231s][info ][safepoint      ] Safepoint "Cleanup", Time since last: 5000380271 ns, Reaching safepoint: 41900 ns, At safepoint: 2600 ns, Total: 44500 ns
[2670.231s][info ][safepoint      ] Safepoint "Cleanup", Time since last: 3000224640 ns, Reaching safepoint: 42500 ns, At safepoint: 5200 ns, Total: 47700 ns
[2680.232s][info ][safepoint      ] Safepoint "Cleanup", Time since last: 10000687818 ns, Reaching safepoint: 47500 ns, At safepoint: 2800 ns, Total: 50300 ns
[2681.232s][info ][safepoint      ] Safepoint "Cleanup", Time since last: 1000100711 ns, Reaching safepoint: 39400 ns, At safepoint: 2400 ns, Total: 41800 ns
[2683.232s][info ][safepoint      ] Safepoint "Cleanup", Time since last: 2000191321 ns, Reaching safepoint: 40000 ns, At safepoint: 2300 ns, Total: 42300 ns
[2689.091s][info ][gc,start       ] GC(172) Pause Young (Allocation Failure)
[2689.097s][debug][gc,phases      ] GC(172) Scavenge 5.503ms
[2689.097s][debug][gc,ref         ] GC(172) Skipped phase 1 of Reference Processing: no references
[2689.097s][debug][gc,ref         ] GC(172) ReferenceProcessor::execute queues: 1, RefProcThreadModel::Single, marks_oops_alive: false
[2689.097s][debug][gc,ref         ] GC(172) Skipped phase 3 of Reference Processing: no references
[2689.097s][debug][gc,ref         ] GC(172) ReferenceProcessor::execute queues: 1, RefProcThreadModel::Single, marks_oops_alive: false
[2689.097s][debug][gc,phases      ] GC(172) Reference Processing 0.091ms
[2689.097s][debug][gc,phases      ] GC(172)   VM Weak                        Min:  0.0, Avg:  0.0, Max:  0.0, Diff:  0.0, Sum:  0.0, Workers: 4
[2689.097s][debug][gc,phases      ] GC(172)     Dead                           Min: 0, Avg:  0.0, Max: 0, Diff: 0, Sum: 0, Workers: 4
[2689.097s][debug][gc,phases      ] GC(172)     Total                          Min: 0, Avg: 164.0, Max: 656, Diff: 656, Sum: 656, Workers: 4
[2689.097s][debug][gc,phases      ] GC(172)   ObjectSynchronizer Weak        Min:  0.0, Avg:  0.0, Max:  0.0, Diff:  0.0, Sum:  0.0, Workers: 4
[2689.097s][debug][gc,phases      ] GC(172)     Dead                           Min: 0, Avg:  0.0, Max: 0, Diff: 0, Sum: 0, Workers: 4
[2689.097s][debug][gc,phases      ] GC(172)     Total                          Min: 0, Avg: 121.0, Max: 228, Diff: 228, Sum: 484, Workers: 4
[2689.097s][debug][gc,phases      ] GC(172)   JVMTI Tag Weak OopStorage      Min:  0.0, Avg:  0.0, Max:  0.0, Diff:  0.0, Sum:  0.0, Workers: 4
[2689.097s][debug][gc,phases      ] GC(172)     Dead                           Min: 0, Avg:  0.0, Max: 0, Diff: 0, Sum: 0, Workers: 4
[2689.097s][debug][gc,phases      ] GC(172)     Total                          Min: 0, Avg:  0.0, Max: 0, Diff: 0, Sum: 0, Workers: 4
[2689.097s][debug][gc,phases      ] GC(172)   StringTable Weak               Min:  0.1, Avg:  0.1, Max:  0.1, Diff:  0.0, Sum:  0.4, Workers: 4
[2689.097s][debug][gc,phases      ] GC(172)     Dead                           Min: 0, Avg:  0.0, Max: 0, Diff: 0, Sum: 0, Workers: 4
[2689.097s][debug][gc,phases      ] GC(172)     Total                          Min: 9152, Avg: 12029.0, Max: 15232, Diff: 6080, Sum: 48116, Workers: 4
[2689.097s][debug][gc,phases      ] GC(172)   ResolvedMethodTable Weak       Min:  0.0, Avg:  0.0, Max:  0.0, Diff:  0.0, Sum:  0.1, Workers: 4
[2689.097s][debug][gc,phases      ] GC(172)     Dead                           Min: 0, Avg:  0.0, Max: 0, Diff: 0, Sum: 0, Workers: 4
[2689.097s][debug][gc,phases      ] GC(172)     Total                          Min: 1664, Avg: 2039.2, Max: 2397, Diff: 733, Sum: 8157, Workers: 4
[2689.097s][debug][gc,phases      ] GC(172)   JNI Weak                       Min:  0.0, Avg:  0.0, Max:  0.0, Diff:  0.0, Sum:  0.0, Workers: 4
[2689.097s][debug][gc,phases      ] GC(172)     Dead                           Min: 0, Avg:  0.0, Max: 0, Diff: 0, Sum: 0, Workers: 4
[2689.097s][debug][gc,phases      ] GC(172)     Total                          Min: 0, Avg:  0.0, Max: 0, Diff: 0, Sum: 0, Workers: 4
[2689.097s][debug][gc,phases      ] GC(172)   StringDedup Table Weak         Min:  0.0, Avg:  0.0, Max:  0.0, Diff:  0.0, Sum:  0.0, Workers: 4
[2689.097s][debug][gc,phases      ] GC(172)     Dead                           Min: 0, Avg:  0.0, Max: 0, Diff: 0, Sum: 0, Workers: 4
[2689.097s][debug][gc,phases      ] GC(172)     Total                          Min: 0, Avg:  0.0, Max: 0, Diff: 0, Sum: 0, Workers: 4
[2689.097s][debug][gc,phases      ] GC(172)   StringDedup Requests0 Weak     Min:  0.0, Avg:  0.0, Max:  0.0, Diff:  0.0, Sum:  0.0, Workers: 4
[2689.097s][debug][gc,phases      ] GC(172)     Dead                           Min: 0, Avg:  0.0, Max: 0, Diff: 0, Sum: 0, Workers: 4
[2689.097s][debug][gc,phases      ] GC(172)     Total                          Min: 0, Avg:  0.0, Max: 0, Diff: 0, Sum: 0, Workers: 4
[2689.097s][debug][gc,phases      ] GC(172)   StringDedup Requests1 Weak     Min:  0.0, Avg:  0.0, Max:  0.0, Diff:  0.0, Sum:  0.0, Workers: 4
[2689.097s][debug][gc,phases      ] GC(172)     Dead                           Min: 0, Avg:  0.0, Max: 0, Diff: 0, Sum: 0, Workers: 4
[2689.097s][debug][gc,phases      ] GC(172)     Total                          Min: 0, Avg:  0.0, Max: 0, Diff: 0, Sum: 0, Workers: 4
[2689.097s][debug][gc,phases      ] GC(172)   Weak JFR Old Object Samples    Min:  0.0, Avg:  0.0, Max:  0.0, Diff:  0.0, Sum:  0.0, Workers: 4
[2689.097s][debug][gc,phases      ] GC(172)     Dead                           Min: 0, Avg:  0.0, Max: 0, Diff: 0, Sum: 0, Workers: 4
[2689.097s][debug][gc,phases      ] GC(172)     Total                          Min: 0, Avg:  0.0, Max: 0, Diff: 0, Sum: 0, Workers: 4
[2689.097s][debug][gc,phases      ] GC(172) Weak Processing 0.246ms
[2689.097s][debug][gc,age         ] GC(172) Desired survivor size 73400320 bytes, new threshold 15 (max threshold 15)
[2689.097s][info ][gc,heap        ] GC(172) PSYoungGen: 1972112K(2024960K)->18304K(2025472K) Eden: 1953792K(1953792K)->0K(1953792K) From: 18320K(71168K)->18304K(71680K)
[2689.097s][info ][gc,heap        ] GC(172) ParOldGen: 450907K(475648K)->450939K(475648K)
[2689.097s][info ][gc,metaspace   ] GC(172) Metaspace: 81286K(82048K)->81286K(82048K) NonClass: 69890K(70272K)->69890K(70272K) Class: 11396K(11776K)->11396K(11776K)
[2689.097s][info ][gc             ] GC(172) Pause Young (Allocation Failure) 2366M->458M(2442M) 5.949ms
[2689.097s][info ][gc,cpu         ] GC(172) User=0.02s Sys=0.00s Real=0.00s
[2689.097s][info ][safepoint      ] Safepoint "ParallelGCFailedAllocation", Time since last: 5859085476 ns, Reaching safepoint: 26500 ns, At safepoint: 6018329 ns, Total: 6044829 ns
[2695.098s][info ][safepoint      ] Safepoint "Cleanup", Time since last: 6000402348 ns, Reaching safepoint: 40500 ns, At safepoint: 3100 ns, Total: 43600 ns
[2702.098s][info ][safepoint      ] Safepoint "Cleanup", Time since last: 7000482846 ns, Reaching safepoint: 43001 ns, At safepoint: 2400 ns, Total: 45401 ns
[2703.098s][info ][safepoint      ] Safepoint "Cleanup", Time since last: 1000103405 ns, Reaching safepoint: 53601 ns, At safepoint: 8100 ns, Total: 61701 ns
[2720.099s][info ][safepoint      ] Safepoint "Cleanup", Time since last: 17001088864 ns, Reaching safepoint: 47900 ns, At safepoint: 7200 ns, Total: 55100 ns
[2721.292s][info ][gc,start       ] GC(173) Pause Young (Allocation Failure)
[2721.297s][debug][gc,phases      ] GC(173) Scavenge 5.686ms
[2721.297s][debug][gc,ref         ] GC(173) Skipped phase 1 of Reference Processing: no references
[2721.297s][debug][gc,ref         ] GC(173) ReferenceProcessor::execute queues: 1, RefProcThreadModel::Single, marks_oops_alive: false
[2721.298s][debug][gc,ref         ] GC(173) Skipped phase 3 of Reference Processing: no references
[2721.298s][debug][gc,ref         ] GC(173) ReferenceProcessor::execute queues: 1, RefProcThreadModel::Single, marks_oops_alive: false
[2721.298s][debug][gc,phases      ] GC(173) Reference Processing 0.093ms
[2721.298s][debug][gc,phases      ] GC(173)   VM Weak                        Min:  0.0, Avg:  0.0, Max:  0.0, Diff:  0.0, Sum:  0.0, Workers: 4
[2721.298s][debug][gc,phases      ] GC(173)     Dead                           Min: 0, Avg:  0.0, Max: 0, Diff: 0, Sum: 0, Workers: 4
[2721.298s][debug][gc,phases      ] GC(173)     Total                          Min: 0, Avg: 164.0, Max: 400, Diff: 400, Sum: 656, Workers: 4
[2721.298s][debug][gc,phases      ] GC(173)   ObjectSynchronizer Weak        Min:  0.0, Avg:  0.0, Max:  0.0, Diff:  0.0, Sum:  0.0, Workers: 4
[2721.298s][debug][gc,phases      ] GC(173)     Dead                           Min: 0, Avg:  0.0, Max: 0, Diff: 0, Sum: 0, Workers: 4
[2721.298s][debug][gc,phases      ] GC(173)     Total                          Min: 0, Avg: 121.0, Max: 320, Diff: 320, Sum: 484, Workers: 4
[2721.298s][debug][gc,phases      ] GC(173)   JVMTI Tag Weak OopStorage      Min:  0.0, Avg:  0.0, Max:  0.0, Diff:  0.0, Sum:  0.0, Workers: 4
[2721.298s][debug][gc,phases      ] GC(173)     Dead                           Min: 0, Avg:  0.0, Max: 0, Diff: 0, Sum: 0, Workers: 4
[2721.298s][debug][gc,phases      ] GC(173)     Total                          Min: 0, Avg:  0.0, Max: 0, Diff: 0, Sum: 0, Workers: 4
[2721.298s][debug][gc,phases      ] GC(173)   StringTable Weak               Min:  0.1, Avg:  0.1, Max:  0.1, Diff:  0.0, Sum:  0.4, Workers: 4
[2721.298s][debug][gc,phases      ] GC(173)     Dead                           Min: 0, Avg:  0.0, Max: 0, Diff: 0, Sum: 0, Workers: 4
[2721.298s][debug][gc,phases      ] GC(173)     Total                          Min: 9472, Avg: 12043.2, Max: 15149, Diff: 5677, Sum: 48173, Workers: 4
[2721.298s][debug][gc,phases      ] GC(173)   ResolvedMethodTable Weak       Min:  0.0, Avg:  0.0, Max:  0.0, Diff:  0.0, Sum:  0.1, Workers: 4
[2721.298s][debug][gc,phases      ] GC(173)     Dead                           Min: 0, Avg:  0.0, Max: 0, Diff: 0, Sum: 0, Workers: 4
[2721.298s][debug][gc,phases      ] GC(173)     Total                          Min: 1536, Avg: 2039.2, Max: 2560, Diff: 1024, Sum: 8157, Workers: 4
[2721.298s][debug][gc,phases      ] GC(173)   JNI Weak                       Min:  0.0, Avg:  0.0, Max:  0.0, Diff:  0.0, Sum:  0.0, Workers: 4
[2721.298s][debug][gc,phases      ] GC(173)     Dead                           Min: 0, Avg:  0.0, Max: 0, Diff: 0, Sum: 0, Workers: 4
[2721.298s][debug][gc,phases      ] GC(173)     Total                          Min: 0, Avg:  0.0, Max: 0, Diff: 0, Sum: 0, Workers: 4
[2721.298s][debug][gc,phases      ] GC(173)   StringDedup Table Weak         Min:  0.0, Avg:  0.0, Max:  0.0, Diff:  0.0, Sum:  0.0, Workers: 4
[2721.298s][debug][gc,phases      ] GC(173)     Dead                           Min: 0, Avg:  0.0, Max: 0, Diff: 0, Sum: 0, Workers: 4
[2721.298s][debug][gc,phases      ] GC(173)     Total                          Min: 0, Avg:  0.0, Max: 0, Diff: 0, Sum: 0, Workers: 4
[2721.298s][debug][gc,phases      ] GC(173)   StringDedup Requests0 Weak     Min:  0.0, Avg:  0.0, Max:  0.0, Diff:  0.0, Sum:  0.0, Workers: 4
[2721.298s][debug][gc,phases      ] GC(173)     Dead                           Min: 0, Avg:  0.0, Max: 0, Diff: 0, Sum: 0, Workers: 4
[2721.298s][debug][gc,phases      ] GC(173)     Total                          Min: 0, Avg:  0.0, Max: 0, Diff: 0, Sum: 0, Workers: 4
[2721.298s][debug][gc,phases      ] GC(173)   StringDedup Requests1 Weak     Min:  0.0, Avg:  0.0, Max:  0.0, Diff:  0.0, Sum:  0.0, Workers: 4
[2721.298s][debug][gc,phases      ] GC(173)     Dead                           Min: 0, Avg:  0.0, Max: 0, Diff: 0, Sum: 0, Workers: 4
[2721.298s][debug][gc,phases      ] GC(173)     Total                          Min: 0, Avg:  0.0, Max: 0, Diff: 0, Sum: 0, Workers: 4
[2721.298s][debug][gc,phases      ] GC(173)   Weak JFR Old Object Samples    Min:  0.0, Avg:  0.0, Max:  0.0, Diff:  0.0, Sum:  0.0, Workers: 4
[2721.298s][debug][gc,phases      ] GC(173)     Dead                           Min: 0, Avg:  0.0, Max: 0, Diff: 0, Sum: 0, Workers: 4
[2721.298s][debug][gc,phases      ] GC(173)     Total                          Min: 0, Avg:  0.0, Max: 0, Diff: 0, Sum: 0, Workers: 4
[2721.298s][debug][gc,phases      ] GC(173) Weak Processing 0.274ms
[2721.298s][debug][gc,age         ] GC(173) Desired survivor size 72876032 bytes, new threshold 15 (max threshold 15)
[2721.298s][info ][gc,heap        ] GC(173) PSYoungGen: 1972096K(2025472K)->18320K(2025984K) Eden: 1953792K(1953792K)->0K(1954304K) From: 18304K(71680K)->18320K(71680K)
[2721.298s][info ][gc,heap        ] GC(173) ParOldGen: 450939K(475648K)->450963K(475648K)
[2721.298s][info ][gc,metaspace   ] GC(173) Metaspace: 81291K(82112K)->81291K(82112K) NonClass: 69895K(70336K)->69895K(70336K) Class: 11396K(11776K)->11396K(11776K)
[2721.298s][info ][gc             ] GC(173) Pause Young (Allocation Failure) 2366M->458M(2443M) 6.159ms
[2721.298s][info ][gc,cpu         ] GC(173) User=0.02s Sys=0.00s Real=0.00s
[2721.298s][info ][safepoint      ] Safepoint "ParallelGCFailedAllocation", Time since last: 1192224224 ns, Reaching safepoint: 28401 ns, At safepoint: 6237230 ns, Total: 6265631 ns
[2729.298s][info ][safepoint      ] Safepoint "Cleanup", Time since last: 8000522207 ns, Reaching safepoint: 36300 ns, At safepoint: 2700 ns, Total: 39000 ns
[2730.299s][info ][safepoint      ] Safepoint "Cleanup", Time since last: 1000066900 ns, Reaching safepoint: 38500 ns, At safepoint: 4300 ns, Total: 42800 ns
[2735.299s][info ][safepoint      ] Safepoint "Cleanup", Time since last: 5000361797 ns, Reaching safepoint: 40700 ns, At safepoint: 5900 ns, Total: 46600 ns
[2738.299s][info ][safepoint      ] Safepoint "Cleanup", Time since last: 3000233196 ns, Reaching safepoint: 46000 ns, At safepoint: 5200 ns, Total: 51200 ns
[2741.300s][info ][safepoint      ] Safepoint "Cleanup", Time since last: 3000221694 ns, Reaching safepoint: 45701 ns, At safepoint: 16400 ns, Total: 62101 ns
[2745.300s][info ][safepoint      ] Safepoint "Cleanup", Time since last: 4000291089 ns, Reaching safepoint: 45500 ns, At safepoint: 5700 ns, Total: 51200 ns
[2746.300s][info ][safepoint      ] Safepoint "Cleanup", Time since last: 1000097197 ns, Reaching safepoint: 28000 ns, At safepoint: 2500 ns, Total: 30500 ns
[2749.300s][info ][safepoint      ] Safepoint "Cleanup", Time since last: 3000221689 ns, Reaching safepoint: 29901 ns, At safepoint: 3100 ns, Total: 33001 ns
[2753.301s][info ][safepoint      ] Safepoint "Cleanup", Time since last: 4000308183 ns, Reaching safepoint: 38100 ns, At safepoint: 4900 ns, Total: 43000 ns
[2753.843s][info ][gc,start       ] GC(174) Pause Young (Allocation Failure)
[2753.848s][debug][gc,phases      ] GC(174) Scavenge 5.207ms
[2753.848s][debug][gc,ref         ] GC(174) Skipped phase 1 of Reference Processing: no references
[2753.848s][debug][gc,ref         ] GC(174) ReferenceProcessor::execute queues: 1, RefProcThreadModel::Single, marks_oops_alive: false
[2753.848s][debug][gc,ref         ] GC(174) Skipped phase 3 of Reference Processing: no references
[2753.848s][debug][gc,ref         ] GC(174) ReferenceProcessor::execute queues: 1, RefProcThreadModel::Single, marks_oops_alive: false
[2753.848s][debug][gc,phases      ] GC(174) Reference Processing 0.093ms
[2753.849s][debug][gc,phases      ] GC(174)   VM Weak                        Min:  0.0, Avg:  0.0, Max:  0.0, Diff:  0.0, Sum:  0.0, Workers: 4
[2753.849s][debug][gc,phases      ] GC(174)     Dead                           Min: 0, Avg:  0.0, Max: 0, Diff: 0, Sum: 0, Workers: 4
[2753.849s][debug][gc,phases      ] GC(174)     Total                          Min: 0, Avg: 164.0, Max: 464, Diff: 464, Sum: 656, Workers: 4
[2753.849s][debug][gc,phases      ] GC(174)   ObjectSynchronizer Weak        Min:  0.0, Avg:  0.0, Max:  0.0, Diff:  0.0, Sum:  0.0, Workers: 4
[2753.849s][debug][gc,phases      ] GC(174)     Dead                           Min: 0, Avg:  0.0, Max: 0, Diff: 0, Sum: 0, Workers: 4
[2753.849s][debug][gc,phases      ] GC(174)     Total                          Min: 0, Avg: 121.0, Max: 320, Diff: 320, Sum: 484, Workers: 4
[2753.849s][debug][gc,phases      ] GC(174)   JVMTI Tag Weak OopStorage      Min:  0.0, Avg:  0.0, Max:  0.0, Diff:  0.0, Sum:  0.0, Workers: 4
[2753.849s][debug][gc,phases      ] GC(174)     Dead                           Min: 0, Avg:  0.0, Max: 0, Diff: 0, Sum: 0, Workers: 4
[2753.849s][debug][gc,phases      ] GC(174)     Total                          Min: 0, Avg:  0.0, Max: 0, Diff: 0, Sum: 0, Workers: 4
[2753.849s][debug][gc,phases      ] GC(174)   StringTable Weak               Min:  0.1, Avg:  0.1, Max:  0.1, Diff:  0.0, Sum:  0.4, Workers: 4
[2753.849s][debug][gc,phases      ] GC(174)     Dead                           Min: 0, Avg:  0.0, Max: 0, Diff: 0, Sum: 0, Workers: 4
[2753.849s][debug][gc,phases      ] GC(174)     Total                          Min: 9152, Avg: 12044.2, Max: 14848, Diff: 5696, Sum: 48177, Workers: 4
[2753.849s][debug][gc,phases      ] GC(174)   ResolvedMethodTable Weak       Min:  0.0, Avg:  0.0, Max:  0.0, Diff:  0.0, Sum:  0.1, Workers: 4
[2753.849s][debug][gc,phases      ] GC(174)     Dead                           Min: 0, Avg:  0.0, Max: 0, Diff: 0, Sum: 0, Workers: 4
[2753.849s][debug][gc,phases      ] GC(174)     Total                          Min: 1664, Avg: 2039.2, Max: 2397, Diff: 733, Sum: 8157, Workers: 4
[2753.849s][debug][gc,phases      ] GC(174)   JNI Weak                       Min:  0.0, Avg:  0.0, Max:  0.0, Diff:  0.0, Sum:  0.0, Workers: 4
[2753.849s][debug][gc,phases      ] GC(174)     Dead                           Min: 0, Avg:  0.0, Max: 0, Diff: 0, Sum: 0, Workers: 4
[2753.849s][debug][gc,phases      ] GC(174)     Total                          Min: 0, Avg:  0.0, Max: 0, Diff: 0, Sum: 0, Workers: 4
[2753.849s][debug][gc,phases      ] GC(174)   StringDedup Table Weak         Min:  0.0, Avg:  0.0, Max:  0.0, Diff:  0.0, Sum:  0.0, Workers: 4
[2753.849s][debug][gc,phases      ] GC(174)     Dead                           Min: 0, Avg:  0.0, Max: 0, Diff: 0, Sum: 0, Workers: 4
[2753.849s][debug][gc,phases      ] GC(174)     Total                          Min: 0, Avg:  0.0, Max: 0, Diff: 0, Sum: 0, Workers: 4
[2753.849s][debug][gc,phases      ] GC(174)   StringDedup Requests0 Weak     Min:  0.0, Avg:  0.0, Max:  0.0, Diff:  0.0, Sum:  0.0, Workers: 4
[2753.849s][debug][gc,phases      ] GC(174)     Dead                           Min: 0, Avg:  0.0, Max: 0, Diff: 0, Sum: 0, Workers: 4
[2753.849s][debug][gc,phases      ] GC(174)     Total                          Min: 0, Avg:  0.0, Max: 0, Diff: 0, Sum: 0, Workers: 4
[2753.849s][debug][gc,phases      ] GC(174)   StringDedup Requests1 Weak     Min:  0.0, Avg:  0.0, Max:  0.0, Diff:  0.0, Sum:  0.0, Workers: 4
[2753.849s][debug][gc,phases      ] GC(174)     Dead                           Min: 0, Avg:  0.0, Max: 0, Diff: 0, Sum: 0, Workers: 4
[2753.849s][debug][gc,phases      ] GC(174)     Total                          Min: 0, Avg:  0.0, Max: 0, Diff: 0, Sum: 0, Workers: 4
[2753.849s][debug][gc,phases      ] GC(174)   Weak JFR Old Object Samples    Min:  0.0, Avg:  0.0, Max:  0.0, Diff:  0.0, Sum:  0.0, Workers: 4
[2753.849s][debug][gc,phases      ] GC(174)     Dead                           Min: 0, Avg:  0.0, Max: 0, Diff: 0, Sum: 0, Workers: 4
[2753.849s][debug][gc,phases      ] GC(174)     Total                          Min: 0, Avg:  0.0, Max: 0, Diff: 0, Sum: 0, Workers: 4
[2753.849s][debug][gc,phases      ] GC(174) Weak Processing 0.266ms
[2753.849s][debug][gc,age         ] GC(174) Desired survivor size 71827456 bytes, new threshold 15 (max threshold 15)
[2753.849s][info ][gc,heap        ] GC(174) PSYoungGen: 1972624K(2025984K)->18320K(2025472K) Eden: 1954304K(1954304K)->0K(1954304K) From: 18320K(71680K)->18320K(71168K)
[2753.849s][info ][gc,heap        ] GC(174) ParOldGen: 450963K(475648K)->450971K(475648K)
[2753.849s][info ][gc,metaspace   ] GC(174) Metaspace: 81297K(82112K)->81297K(82112K) NonClass: 69900K(70336K)->69900K(70336K) Class: 11396K(11776K)->11396K(11776K)
[2753.849s][info ][gc             ] GC(174) Pause Young (Allocation Failure) 2366M->458M(2442M) 5.666ms
[2753.849s][info ][gc,cpu         ] GC(174) User=0.02s Sys=0.00s Real=0.00s
[2753.849s][info ][safepoint      ] Safepoint "ParallelGCFailedAllocation", Time since last: 542292900 ns, Reaching safepoint: 110001 ns, At safepoint: 5743027 ns, Total: 5853028 ns
[2754.849s][info ][safepoint      ] Safepoint "Cleanup", Time since last: 1000077595 ns, Reaching safepoint: 50800 ns, At safepoint: 10000 ns, Total: 60800 ns
[2755.849s][info ][safepoint      ] Safepoint "Cleanup", Time since last: 1000103896 ns, Reaching safepoint: 42200 ns, At safepoint: 3200 ns, Total: 45400 ns
[2756.849s][info ][safepoint      ] Safepoint "Cleanup", Time since last: 1000101395 ns, Reaching safepoint: 41000 ns, At safepoint: 5400 ns, Total: 46400 ns
[2757.849s][info ][safepoint      ] Safepoint "Cleanup", Time since last: 1000089094 ns, Reaching safepoint: 42701 ns, At safepoint: 7600 ns, Total: 50301 ns
[2758.849s][info ][safepoint      ] Safepoint "Cleanup", Time since last: 1000101194 ns, Reaching safepoint: 34000 ns, At safepoint: 3200 ns, Total: 37200 ns
[2776.851s][info ][safepoint      ] Safepoint "Cleanup", Time since last: 18001147565 ns, Reaching safepoint: 41800 ns, At safepoint: 9500 ns, Total: 51300 ns
[2783.692s][info ][gc,start       ] GC(175) Pause Young (Allocation Failure)
[2783.695s][debug][gc,phases      ] GC(175) Scavenge 3.049ms
[2783.695s][debug][gc,ref         ] GC(175) Skipped phase 1 of Reference Processing: no references
[2783.695s][debug][gc,ref         ] GC(175) ReferenceProcessor::execute queues: 1, RefProcThreadModel::Single, marks_oops_alive: false
[2783.695s][debug][gc,ref         ] GC(175) Skipped phase 3 of Reference Processing: no references
[2783.695s][debug][gc,ref         ] GC(175) ReferenceProcessor::execute queues: 1, RefProcThreadModel::Single, marks_oops_alive: false
[2783.695s][debug][gc,phases      ] GC(175) Reference Processing 0.094ms
[2783.695s][debug][gc,phases      ] GC(175)   VM Weak                        Min:  0.0, Avg:  0.0, Max:  0.0, Diff:  0.0, Sum:  0.0, Workers: 4
[2783.695s][debug][gc,phases      ] GC(175)     Dead                           Min: 0, Avg:  0.0, Max: 0, Diff: 0, Sum: 0, Workers: 4
[2783.695s][debug][gc,phases      ] GC(175)     Total                          Min: 0, Avg: 164.0, Max: 656, Diff: 656, Sum: 656, Workers: 4
[2783.695s][debug][gc,phases      ] GC(175)   ObjectSynchronizer Weak        Min:  0.0, Avg:  0.0, Max:  0.0, Diff:  0.0, Sum:  0.0, Workers: 4
[2783.695s][debug][gc,phases      ] GC(175)     Dead                           Min: 0, Avg:  0.0, Max: 0, Diff: 0, Sum: 0, Workers: 4
[2783.695s][debug][gc,phases      ] GC(175)     Total                          Min: 0, Avg: 121.0, Max: 356, Diff: 356, Sum: 484, Workers: 4
[2783.695s][debug][gc,phases      ] GC(175)   JVMTI Tag Weak OopStorage      Min:  0.0, Avg:  0.0, Max:  0.0, Diff:  0.0, Sum:  0.0, Workers: 4
[2783.695s][debug][gc,phases      ] GC(175)     Dead                           Min: 0, Avg:  0.0, Max: 0, Diff: 0, Sum: 0, Workers: 4
[2783.695s][debug][gc,phases      ] GC(175)     Total                          Min: 0, Avg:  0.0, Max: 0, Diff: 0, Sum: 0, Workers: 4
[2783.695s][debug][gc,phases      ] GC(175)   StringTable Weak               Min:  0.1, Avg:  0.1, Max:  0.1, Diff:  0.0, Sum:  0.3, Workers: 4
[2783.695s][debug][gc,phases      ] GC(175)     Dead                           Min: 0, Avg:  0.0, Max: 0, Diff: 0, Sum: 0, Workers: 4
[2783.695s][debug][gc,phases      ] GC(175)     Total                          Min: 9344, Avg: 12046.2, Max: 15097, Diff: 5753, Sum: 48185, Workers: 4
[2783.695s][debug][gc,phases      ] GC(175)   ResolvedMethodTable Weak       Min:  0.0, Avg:  0.0, Max:  0.0, Diff:  0.0, Sum:  0.1, Workers: 4
[2783.695s][debug][gc,phases      ] GC(175)     Dead                           Min: 0, Avg:  0.0, Max: 0, Diff: 0, Sum: 0, Workers: 4
[2783.695s][debug][gc,phases      ] GC(175)     Total                          Min: 1664, Avg: 2039.2, Max: 2397, Diff: 733, Sum: 8157, Workers: 4
[2783.695s][debug][gc,phases      ] GC(175)   JNI Weak                       Min:  0.0, Avg:  0.0, Max:  0.0, Diff:  0.0, Sum:  0.0, Workers: 4
[2783.695s][debug][gc,phases      ] GC(175)     Dead                           Min: 0, Avg:  0.0, Max: 0, Diff: 0, Sum: 0, Workers: 4
[2783.695s][debug][gc,phases      ] GC(175)     Total                          Min: 0, Avg:  0.0, Max: 0, Diff: 0, Sum: 0, Workers: 4
[2783.695s][debug][gc,phases      ] GC(175)   StringDedup Table Weak         Min:  0.0, Avg:  0.0, Max:  0.0, Diff:  0.0, Sum:  0.0, Workers: 4
[2783.695s][debug][gc,phases      ] GC(175)     Dead                           Min: 0, Avg:  0.0, Max: 0, Diff: 0, Sum: 0, Workers: 4
[2783.695s][debug][gc,phases      ] GC(175)     Total                          Min: 0, Avg:  0.0, Max: 0, Diff: 0, Sum: 0, Workers: 4
[2783.695s][debug][gc,phases      ] GC(175)   StringDedup Requests0 Weak     Min:  0.0, Avg:  0.0, Max:  0.0, Diff:  0.0, Sum:  0.0, Workers: 4
[2783.695s][debug][gc,phases      ] GC(175)     Dead                           Min: 0, Avg:  0.0, Max: 0, Diff: 0, Sum: 0, Workers: 4
[2783.695s][debug][gc,phases      ] GC(175)     Total                          Min: 0, Avg:  0.0, Max: 0, Diff: 0, Sum: 0, Workers: 4
[2783.695s][debug][gc,phases      ] GC(175)   StringDedup Requests1 Weak     Min:  0.0, Avg:  0.0, Max:  0.0, Diff:  0.0, Sum:  0.0, Workers: 4
[2783.695s][debug][gc,phases      ] GC(175)     Dead                           Min: 0, Avg:  0.0, Max: 0, Diff: 0, Sum: 0, Workers: 4
[2783.695s][debug][gc,phases      ] GC(175)     Total                          Min: 0, Avg:  0.0, Max: 0, Diff: 0, Sum: 0, Workers: 4
[2783.695s][debug][gc,phases      ] GC(175)   Weak JFR Old Object Samples    Min:  0.0, Avg:  0.0, Max:  0.0, Diff:  0.0, Sum:  0.0, Workers: 4
[2783.695s][debug][gc,phases      ] GC(175)     Dead                           Min: 0, Avg:  0.0, Max: 0, Diff: 0, Sum: 0, Workers: 4
[2783.695s][debug][gc,phases      ] GC(175)     Total                          Min: 0, Avg:  0.0, Max: 0, Diff: 0, Sum: 0, Workers: 4
[2783.695s][debug][gc,phases      ] GC(175) Weak Processing 0.264ms
[2783.695s][debug][gc,age         ] GC(175) Desired survivor size 73924608 bytes, new threshold 15 (max threshold 15)
[2783.695s][info ][gc,heap        ] GC(175) PSYoungGen: 1972624K(2025472K)->1360K(2022912K) Eden: 1954304K(1954304K)->0K(1952768K) From: 18320K(71168K)->1360K(70144K)
[2783.695s][info ][gc,heap        ] GC(175) ParOldGen: 450971K(475648K)->450995K(475648K)
[2783.695s][info ][gc,metaspace   ] GC(175) Metaspace: 81304K(82112K)->81304K(82112K) NonClass: 69907K(70336K)->69907K(70336K) Class: 11396K(11776K)->11396K(11776K)
[2783.695s][info ][gc             ] GC(175) Pause Young (Allocation Failure) 2366M->441M(2440M) 3.497ms
[2783.695s][info ][gc,cpu         ] GC(175) User=0.01s Sys=0.00s Real=0.00s
[2783.695s][info ][safepoint      ] Safepoint "ParallelGCFailedAllocation", Time since last: 6841152368 ns, Reaching safepoint: 41600 ns, At safepoint: 3566318 ns, Total: 3607918 ns
[2796.696s][info ][safepoint      ] Safepoint "Cleanup", Time since last: 13000857848 ns, Reaching safepoint: 43900 ns, At safepoint: 8600 ns, Total: 52500 ns
[2799.697s][info ][safepoint      ] Safepoint "Cleanup", Time since last: 3000230961 ns, Reaching safepoint: 40700 ns, At safepoint: 6300 ns, Total: 47000 ns
[2815.328s][info ][gc,start       ] GC(176) Pause Young (Allocation Failure)
[2815.330s][debug][gc,phases      ] GC(176) Scavenge 1.526ms
[2815.330s][debug][gc,ref         ] GC(176) Skipped phase 1 of Reference Processing: no references
[2815.330s][debug][gc,ref         ] GC(176) ReferenceProcessor::execute queues: 1, RefProcThreadModel::Single, marks_oops_alive: false
[2815.330s][debug][gc,ref         ] GC(176) Skipped phase 3 of Reference Processing: no references
[2815.330s][debug][gc,ref         ] GC(176) ReferenceProcessor::execute queues: 1, RefProcThreadModel::Single, marks_oops_alive: false
[2815.330s][debug][gc,phases      ] GC(176) Reference Processing 0.091ms
[2815.330s][debug][gc,phases      ] GC(176)   VM Weak                        Min:  0.0, Avg:  0.0, Max:  0.0, Diff:  0.0, Sum:  0.0, Workers: 4
[2815.330s][debug][gc,phases      ] GC(176)     Dead                           Min: 0, Avg:  0.0, Max: 0, Diff: 0, Sum: 0, Workers: 4
[2815.330s][debug][gc,phases      ] GC(176)     Total                          Min: 0, Avg: 164.0, Max: 464, Diff: 464, Sum: 656, Workers: 4
[2815.330s][debug][gc,phases      ] GC(176)   ObjectSynchronizer Weak        Min:  0.0, Avg:  0.0, Max:  0.0, Diff:  0.0, Sum:  0.0, Workers: 4
[2815.330s][debug][gc,phases      ] GC(176)     Dead                           Min: 0, Avg:  0.0, Max: 0, Diff: 0, Sum: 0, Workers: 4
[2815.330s][debug][gc,phases      ] GC(176)     Total                          Min: 0, Avg: 121.0, Max: 256, Diff: 256, Sum: 484, Workers: 4
[2815.330s][debug][gc,phases      ] GC(176)   JVMTI Tag Weak OopStorage      Min:  0.0, Avg:  0.0, Max:  0.0, Diff:  0.0, Sum:  0.0, Workers: 4
[2815.330s][debug][gc,phases      ] GC(176)     Dead                           Min: 0, Avg:  0.0, Max: 0, Diff: 0, Sum: 0, Workers: 4
[2815.330s][debug][gc,phases      ] GC(176)     Total                          Min: 0, Avg:  0.0, Max: 0, Diff: 0, Sum: 0, Workers: 4
[2815.330s][debug][gc,phases      ] GC(176)   StringTable Weak               Min:  0.1, Avg:  0.1, Max:  0.1, Diff:  0.0, Sum:  0.3, Workers: 4
[2815.330s][debug][gc,phases      ] GC(176)     Dead                           Min: 0, Avg:  0.0, Max: 0, Diff: 0, Sum: 0, Workers: 4
[2815.330s][debug][gc,phases      ] GC(176)     Total                          Min: 11200, Avg: 12046.2, Max: 12992, Diff: 1792, Sum: 48185, Workers: 4
[2815.330s][debug][gc,phases      ] GC(176)   ResolvedMethodTable Weak       Min:  0.0, Avg:  0.0, Max:  0.0, Diff:  0.0, Sum:  0.1, Workers: 4
[2815.330s][debug][gc,phases      ] GC(176)     Dead                           Min: 0, Avg:  0.0, Max: 0, Diff: 0, Sum: 0, Workers: 4
[2815.330s][debug][gc,phases      ] GC(176)     Total                          Min: 1949, Avg: 2039.2, Max: 2112, Diff: 163, Sum: 8157, Workers: 4
[2815.330s][debug][gc,phases      ] GC(176)   JNI Weak                       Min:  0.0, Avg:  0.0, Max:  0.0, Diff:  0.0, Sum:  0.0, Workers: 4
[2815.330s][debug][gc,phases      ] GC(176)     Dead                           Min: 0, Avg:  0.0, Max: 0, Diff: 0, Sum: 0, Workers: 4
[2815.330s][debug][gc,phases      ] GC(176)     Total                          Min: 0, Avg:  0.0, Max: 0, Diff: 0, Sum: 0, Workers: 4
[2815.330s][debug][gc,phases      ] GC(176)   StringDedup Table Weak         Min:  0.0, Avg:  0.0, Max:  0.0, Diff:  0.0, Sum:  0.0, Workers: 4
[2815.330s][debug][gc,phases      ] GC(176)     Dead                           Min: 0, Avg:  0.0, Max: 0, Diff: 0, Sum: 0, Workers: 4
[2815.330s][debug][gc,phases      ] GC(176)     Total                          Min: 0, Avg:  0.0, Max: 0, Diff: 0, Sum: 0, Workers: 4
[2815.330s][debug][gc,phases      ] GC(176)   StringDedup Requests0 Weak     Min:  0.0, Avg:  0.0, Max:  0.0, Diff:  0.0, Sum:  0.0, Workers: 4
[2815.330s][debug][gc,phases      ] GC(176)     Dead                           Min: 0, Avg:  0.0, Max: 0, Diff: 0, Sum: 0, Workers: 4
[2815.330s][debug][gc,phases      ] GC(176)     Total                          Min: 0, Avg:  0.0, Max: 0, Diff: 0, Sum: 0, Workers: 4
[2815.330s][debug][gc,phases      ] GC(176)   StringDedup Requests1 Weak     Min:  0.0, Avg:  0.0, Max:  0.0, Diff:  0.0, Sum:  0.0, Workers: 4
[2815.330s][debug][gc,phases      ] GC(176)     Dead                           Min: 0, Avg:  0.0, Max: 0, Diff: 0, Sum: 0, Workers: 4
[2815.330s][debug][gc,phases      ] GC(176)     Total                          Min: 0, Avg:  0.0, Max: 0, Diff: 0, Sum: 0, Workers: 4
[2815.330s][debug][gc,phases      ] GC(176)   Weak JFR Old Object Samples    Min:  0.0, Avg:  0.0, Max:  0.0, Diff:  0.0, Sum:  0.0, Workers: 4
[2815.330s][debug][gc,phases      ] GC(176)     Dead                           Min: 0, Avg:  0.0, Max: 0, Diff: 0, Sum: 0, Workers: 4
[2815.330s][debug][gc,phases      ] GC(176)     Total                          Min: 0, Avg:  0.0, Max: 0, Diff: 0, Sum: 0, Workers: 4
[2815.330s][debug][gc,phases      ] GC(176) Weak Processing 0.241ms
[2815.330s][debug][gc,age         ] GC(176) Desired survivor size 74448896 bytes, new threshold 15 (max threshold 15)
[2815.330s][info ][gc,heap        ] GC(176) PSYoungGen: 1954128K(2022912K)->1280K(1954304K) Eden: 1952768K(1952768K)->0K(1952768K) From: 1360K(70144K)->1280K(1536K)
[2815.330s][info ][gc,heap        ] GC(176) ParOldGen: 450995K(475648K)->451011K(475648K)
[2815.330s][info ][gc,metaspace   ] GC(176) Metaspace: 81304K(82112K)->81304K(82112K) NonClass: 69907K(70336K)->69907K(70336K) Class: 11396K(11776K)->11396K(11776K)
[2815.330s][info ][gc             ] GC(176) Pause Young (Allocation Failure) 2348M->441M(2373M) 1.947ms
[2815.330s][info ][gc,cpu         ] GC(176) User=0.01s Sys=0.00s Real=0.01s
[2815.330s][info ][safepoint      ] Safepoint "ParallelGCFailedAllocation", Time since last: 15631386795 ns, Reaching safepoint: 39001 ns, At safepoint: 2036709 ns, Total: 2075710 ns
[2817.330s][info ][safepoint      ] Safepoint "Cleanup", Time since last: 2000139368 ns, Reaching safepoint: 38700 ns, At safepoint: 2700 ns, Total: 41400 ns
[2823.331s][info ][safepoint      ] Safepoint "Cleanup", Time since last: 6000439398 ns, Reaching safepoint: 47601 ns, At safepoint: 7400 ns, Total: 55001 ns
[2847.342s][info ][gc,start       ] GC(177) Pause Young (Allocation Failure)
[2847.344s][debug][gc,phases      ] GC(177) Scavenge 1.975ms
[2847.344s][debug][gc,ref         ] GC(177) Skipped phase 1 of Reference Processing: no references
[2847.344s][debug][gc,ref         ] GC(177) ReferenceProcessor::execute queues: 1, RefProcThreadModel::Single, marks_oops_alive: false
[2847.344s][debug][gc,ref         ] GC(177) Skipped phase 3 of Reference Processing: no references
[2847.344s][debug][gc,ref         ] GC(177) ReferenceProcessor::execute queues: 1, RefProcThreadModel::Single, marks_oops_alive: false
[2847.344s][debug][gc,phases      ] GC(177) Reference Processing 0.086ms
[2847.344s][debug][gc,phases      ] GC(177)   VM Weak                        Min:  0.0, Avg:  0.0, Max:  0.0, Diff:  0.0, Sum:  0.0, Workers: 4
[2847.344s][debug][gc,phases      ] GC(177)     Dead                           Min: 0, Avg:  0.0, Max: 0, Diff: 0, Sum: 0, Workers: 4
[2847.344s][debug][gc,phases      ] GC(177)     Total                          Min: 0, Avg: 164.0, Max: 656, Diff: 656, Sum: 656, Workers: 4
[2847.344s][debug][gc,phases      ] GC(177)   ObjectSynchronizer Weak        Min:  0.0, Avg:  0.0, Max:  0.0, Diff:  0.0, Sum:  0.0, Workers: 4
[2847.344s][debug][gc,phases      ] GC(177)     Dead                           Min: 0, Avg:  0.0, Max: 0, Diff: 0, Sum: 0, Workers: 4
[2847.344s][debug][gc,phases      ] GC(177)     Total                          Min: 0, Avg: 121.0, Max: 384, Diff: 384, Sum: 484, Workers: 4
[2847.344s][debug][gc,phases      ] GC(177)   JVMTI Tag Weak OopStorage      Min:  0.0, Avg:  0.0, Max:  0.0, Diff:  0.0, Sum:  0.0, Workers: 4
[2847.344s][debug][gc,phases      ] GC(177)     Dead                           Min: 0, Avg:  0.0, Max: 0, Diff: 0, Sum: 0, Workers: 4
[2847.344s][debug][gc,phases      ] GC(177)     Total                          Min: 0, Avg:  0.0, Max: 0, Diff: 0, Sum: 0, Workers: 4
[2847.344s][debug][gc,phases      ] GC(177)   StringTable Weak               Min:  0.1, Avg:  0.1, Max:  0.1, Diff:  0.0, Sum:  0.3, Workers: 4
[2847.344s][debug][gc,phases      ] GC(177)     Dead                           Min: 0, Avg:  0.0, Max: 0, Diff: 0, Sum: 0, Workers: 4
[2847.344s][debug][gc,phases      ] GC(177)     Total                          Min: 9081, Avg: 12046.2, Max: 15296, Diff: 6215, Sum: 48185, Workers: 4
[2847.344s][debug][gc,phases      ] GC(177)   ResolvedMethodTable Weak       Min:  0.0, Avg:  0.0, Max:  0.0, Diff:  0.0, Sum:  0.1, Workers: 4
[2847.344s][debug][gc,phases      ] GC(177)     Dead                           Min: 0, Avg:  0.0, Max: 0, Diff: 0, Sum: 0, Workers: 4
[2847.344s][debug][gc,phases      ] GC(177)     Total                          Min: 1536, Avg: 2039.2, Max: 2560, Diff: 1024, Sum: 8157, Workers: 4
[2847.344s][debug][gc,phases      ] GC(177)   JNI Weak                       Min:  0.0, Avg:  0.0, Max:  0.0, Diff:  0.0, Sum:  0.0, Workers: 4
[2847.344s][debug][gc,phases      ] GC(177)     Dead                           Min: 0, Avg:  0.0, Max: 0, Diff: 0, Sum: 0, Workers: 4
[2847.344s][debug][gc,phases      ] GC(177)     Total                          Min: 0, Avg:  0.0, Max: 0, Diff: 0, Sum: 0, Workers: 4
[2847.344s][debug][gc,phases      ] GC(177)   StringDedup Table Weak         Min:  0.0, Avg:  0.0, Max:  0.0, Diff:  0.0, Sum:  0.0, Workers: 4
[2847.344s][debug][gc,phases      ] GC(177)     Dead                           Min: 0, Avg:  0.0, Max: 0, Diff: 0, Sum: 0, Workers: 4
[2847.344s][debug][gc,phases      ] GC(177)     Total                          Min: 0, Avg:  0.0, Max: 0, Diff: 0, Sum: 0, Workers: 4
[2847.344s][debug][gc,phases      ] GC(177)   StringDedup Requests0 Weak     Min:  0.0, Avg:  0.0, Max:  0.0, Diff:  0.0, Sum:  0.0, Workers: 4
[2847.344s][debug][gc,phases      ] GC(177)     Dead                           Min: 0, Avg:  0.0, Max: 0, Diff: 0, Sum: 0, Workers: 4
[2847.344s][debug][gc,phases      ] GC(177)     Total                          Min: 0, Avg:  0.0, Max: 0, Diff: 0, Sum: 0, Workers: 4
[2847.344s][debug][gc,phases      ] GC(177)   StringDedup Requests1 Weak     Min:  0.0, Avg:  0.0, Max:  0.0, Diff:  0.0, Sum:  0.0, Workers: 4
[2847.344s][debug][gc,phases      ] GC(177)     Dead                           Min: 0, Avg:  0.0, Max: 0, Diff: 0, Sum: 0, Workers: 4
[2847.344s][debug][gc,phases      ] GC(177)     Total                          Min: 0, Avg:  0.0, Max: 0, Diff: 0, Sum: 0, Workers: 4
[2847.344s][debug][gc,phases      ] GC(177)   Weak JFR Old Object Samples    Min:  0.0, Avg:  0.0, Max:  0.0, Diff:  0.0, Sum:  0.0, Workers: 4
[2847.344s][debug][gc,phases      ] GC(177)     Dead                           Min: 0, Avg:  0.0, Max: 0, Diff: 0, Sum: 0, Workers: 4
[2847.344s][debug][gc,phases      ] GC(177)     Total                          Min: 0, Avg:  0.0, Max: 0, Diff: 0, Sum: 0, Workers: 4
[2847.344s][debug][gc,phases      ] GC(177) Weak Processing 0.273ms
[2847.344s][debug][gc,age         ] GC(177) Desired survivor size 73924608 bytes, new threshold 15 (max threshold 15)
[2847.344s][info ][gc,heap        ] GC(177) PSYoungGen: 1954048K(1954304K)->1312K(2024960K) Eden: 1952768K(1952768K)->0K(1952256K) From: 1280K(1536K)->1312K(72704K)
[2847.344s][info ][gc,heap        ] GC(177) ParOldGen: 451011K(475648K)->451059K(475648K)
[2847.344s][info ][gc,metaspace   ] GC(177) Metaspace: 81308K(82176K)->81308K(82176K) NonClass: 69912K(70400K)->69912K(70400K) Class: 11396K(11776K)->11396K(11776K)
[2847.344s][info ][gc             ] GC(177) Pause Young (Allocation Failure) 2348M->441M(2442M) 2.415ms
[2847.344s][info ][gc,cpu         ] GC(177) User=0.00s Sys=0.00s Real=0.00s
[2847.344s][info ][safepoint      ] Safepoint "ParallelGCFailedAllocation", Time since last: 24011255078 ns, Reaching safepoint: 24300 ns, At safepoint: 2472112 ns, Total: 2496412 ns
[2856.345s][info ][safepoint      ] Safepoint "Cleanup", Time since last: 9000548700 ns, Reaching safepoint: 45100 ns, At safepoint: 7700 ns, Total: 52800 ns
[2857.345s][info ][safepoint      ] Safepoint "Cleanup", Time since last: 1000106877 ns, Reaching safepoint: 33500 ns, At safepoint: 2700 ns, Total: 36200 ns
[2859.345s][info ][safepoint      ] Safepoint "Cleanup", Time since last: 2000158654 ns, Reaching safepoint: 36500 ns, At safepoint: 3000 ns, Total: 39500 ns
[2861.346s][info ][safepoint      ] Safepoint "Cleanup", Time since last: 2000163353 ns, Reaching safepoint: 43200 ns, At safepoint: 8100 ns, Total: 51300 ns
[2862.346s][info ][safepoint      ] Safepoint "Cleanup", Time since last: 1000104977 ns, Reaching safepoint: 39000 ns, At safepoint: 2300 ns, Total: 41300 ns
[2879.842s][info ][gc,start       ] GC(178) Pause Young (Allocation Failure)
[2879.844s][debug][gc,phases      ] GC(178) Scavenge 1.798ms
[2879.844s][debug][gc,ref         ] GC(178) Skipped phase 1 of Reference Processing: no references
[2879.844s][debug][gc,ref         ] GC(178) ReferenceProcessor::execute queues: 1, RefProcThreadModel::Single, marks_oops_alive: false
[2879.844s][debug][gc,ref         ] GC(178) Skipped phase 3 of Reference Processing: no references
[2879.844s][debug][gc,ref         ] GC(178) ReferenceProcessor::execute queues: 1, RefProcThreadModel::Single, marks_oops_alive: false
[2879.844s][debug][gc,phases      ] GC(178) Reference Processing 0.087ms
[2879.844s][debug][gc,phases      ] GC(178)   VM Weak                        Min:  0.0, Avg:  0.0, Max:  0.0, Diff:  0.0, Sum:  0.0, Workers: 4
[2879.844s][debug][gc,phases      ] GC(178)     Dead                           Min: 0, Avg:  0.0, Max: 0, Diff: 0, Sum: 0, Workers: 4
[2879.844s][debug][gc,phases      ] GC(178)     Total                          Min: 0, Avg: 164.0, Max: 656, Diff: 656, Sum: 656, Workers: 4
[2879.844s][debug][gc,phases      ] GC(178)   ObjectSynchronizer Weak        Min:  0.0, Avg:  0.0, Max:  0.0, Diff:  0.0, Sum:  0.0, Workers: 4
[2879.844s][debug][gc,phases      ] GC(178)     Dead                           Min: 0, Avg:  0.0, Max: 0, Diff: 0, Sum: 0, Workers: 4
[2879.844s][debug][gc,phases      ] GC(178)     Total                          Min: 0, Avg: 121.0, Max: 420, Diff: 420, Sum: 484, Workers: 4
[2879.844s][debug][gc,phases      ] GC(178)   JVMTI Tag Weak OopStorage      Min:  0.0, Avg:  0.0, Max:  0.0, Diff:  0.0, Sum:  0.0, Workers: 4
[2879.844s][debug][gc,phases      ] GC(178)     Dead                           Min: 0, Avg:  0.0, Max: 0, Diff: 0, Sum: 0, Workers: 4
[2879.844s][debug][gc,phases      ] GC(178)     Total                          Min: 0, Avg:  0.0, Max: 0, Diff: 0, Sum: 0, Workers: 4
[2879.844s][debug][gc,phases      ] GC(178)   StringTable Weak               Min:  0.1, Avg:  0.1, Max:  0.1, Diff:  0.0, Sum:  0.3, Workers: 4
[2879.844s][debug][gc,phases      ] GC(178)     Dead                           Min: 0, Avg:  0.0, Max: 0, Diff: 0, Sum: 0, Workers: 4
[2879.844s][debug][gc,phases      ] GC(178)     Total                          Min: 9088, Avg: 12046.2, Max: 14848, Diff: 5760, Sum: 48185, Workers: 4
[2879.844s][debug][gc,phases      ] GC(178)   ResolvedMethodTable Weak       Min:  0.0, Avg:  0.0, Max:  0.0, Diff:  0.0, Sum:  0.1, Workers: 4
[2879.844s][debug][gc,phases      ] GC(178)     Dead                           Min: 0, Avg:  0.0, Max: 0, Diff: 0, Sum: 0, Workers: 4
[2879.844s][debug][gc,phases      ] GC(178)     Total                          Min: 1600, Avg: 2039.2, Max: 2496, Diff: 896, Sum: 8157, Workers: 4
[2879.844s][debug][gc,phases      ] GC(178)   JNI Weak                       Min:  0.0, Avg:  0.0, Max:  0.0, Diff:  0.0, Sum:  0.0, Workers: 4
[2879.844s][debug][gc,phases      ] GC(178)     Dead                           Min: 0, Avg:  0.0, Max: 0, Diff: 0, Sum: 0, Workers: 4
[2879.844s][debug][gc,phases      ] GC(178)     Total                          Min: 0, Avg:  0.0, Max: 0, Diff: 0, Sum: 0, Workers: 4
[2879.844s][debug][gc,phases      ] GC(178)   StringDedup Table Weak         Min:  0.0, Avg:  0.0, Max:  0.0, Diff:  0.0, Sum:  0.0, Workers: 4
[2879.844s][debug][gc,phases      ] GC(178)     Dead                           Min: 0, Avg:  0.0, Max: 0, Diff: 0, Sum: 0, Workers: 4
[2879.844s][debug][gc,phases      ] GC(178)     Total                          Min: 0, Avg:  0.0, Max: 0, Diff: 0, Sum: 0, Workers: 4
[2879.844s][debug][gc,phases      ] GC(178)   StringDedup Requests0 Weak     Min:  0.0, Avg:  0.0, Max:  0.0, Diff:  0.0, Sum:  0.0, Workers: 4
[2879.844s][debug][gc,phases      ] GC(178)     Dead                           Min: 0, Avg:  0.0, Max: 0, Diff: 0, Sum: 0, Workers: 4
[2879.844s][debug][gc,phases      ] GC(178)     Total                          Min: 0, Avg:  0.0, Max: 0, Diff: 0, Sum: 0, Workers: 4
[2879.844s][debug][gc,phases      ] GC(178)   StringDedup Requests1 Weak     Min:  0.0, Avg:  0.0, Max:  0.0, Diff:  0.0, Sum:  0.0, Workers: 4
[2879.844s][debug][gc,phases      ] GC(178)     Dead                           Min: 0, Avg:  0.0, Max: 0, Diff: 0, Sum: 0, Workers: 4
[2879.844s][debug][gc,phases      ] GC(178)     Total                          Min: 0, Avg:  0.0, Max: 0, Diff: 0, Sum: 0, Workers: 4
[2879.844s][debug][gc,phases      ] GC(178)   Weak JFR Old Object Samples    Min:  0.0, Avg:  0.0, Max:  0.0, Diff:  0.0, Sum:  0.0, Workers: 4
[2879.844s][debug][gc,phases      ] GC(178)     Dead                           Min: 0, Avg:  0.0, Max: 0, Diff: 0, Sum: 0, Workers: 4
[2879.844s][debug][gc,phases      ] GC(178)     Total                          Min: 0, Avg:  0.0, Max: 0, Diff: 0, Sum: 0, Workers: 4
[2879.844s][debug][gc,phases      ] GC(178) Weak Processing 0.253ms
[2879.844s][debug][gc,age         ] GC(178) Desired survivor size 73400320 bytes, new threshold 15 (max threshold 15)
[2879.844s][info ][gc,heap        ] GC(178) PSYoungGen: 1953568K(2024960K)->1264K(2024448K) Eden: 1952256K(1952256K)->0K(1952256K) From: 1312K(72704K)->1264K(72192K)
[2879.844s][info ][gc,heap        ] GC(178) ParOldGen: 451059K(475648K)->451083K(475648K)
[2879.844s][info ][gc,metaspace   ] GC(178) Metaspace: 81317K(82176K)->81317K(82176K) NonClass: 69921K(70400K)->69921K(70400K) Class: 11396K(11776K)->11396K(11776K)
[2879.844s][info ][gc             ] GC(178) Pause Young (Allocation Failure) 2348M->441M(2441M) 2.226ms
[2879.844s][info ][gc,cpu         ] GC(178) User=0.01s Sys=0.00s Real=0.00s
[2879.844s][info ][safepoint      ] Safepoint "ParallelGCFailedAllocation", Time since last: 17496080534 ns, Reaching safepoint: 40400 ns, At safepoint: 2286711 ns, Total: 2327111 ns
[2888.845s][info ][safepoint      ] Safepoint "Cleanup", Time since last: 9000583854 ns, Reaching safepoint: 46600 ns, At safepoint: 2500 ns, Total: 49100 ns
[2889.845s][info ][safepoint      ] Safepoint "Cleanup", Time since last: 1000114673 ns, Reaching safepoint: 42900 ns, At safepoint: 2600 ns, Total: 45500 ns
[2890.845s][info ][safepoint      ] Safepoint "Cleanup", Time since last: 1000124372 ns, Reaching safepoint: 56200 ns, At safepoint: 11000 ns, Total: 67200 ns
[2892.845s][info ][safepoint      ] Safepoint "Cleanup", Time since last: 2000132143 ns, Reaching safepoint: 30301 ns, At safepoint: 2800 ns, Total: 33101 ns
[2905.846s][info ][safepoint      ] Safepoint "Cleanup", Time since last: 13000922116 ns, Reaching safepoint: 51901 ns, At safepoint: 6400 ns, Total: 58301 ns
[2912.093s][info ][gc,start       ] GC(179) Pause Young (Allocation Failure)
[2912.095s][debug][gc,phases      ] GC(179) Scavenge 1.777ms
[2912.095s][debug][gc,ref         ] GC(179) Skipped phase 1 of Reference Processing: no references
[2912.095s][debug][gc,ref         ] GC(179) ReferenceProcessor::execute queues: 1, RefProcThreadModel::Single, marks_oops_alive: false
[2912.095s][debug][gc,ref         ] GC(179) Skipped phase 3 of Reference Processing: no references
[2912.095s][debug][gc,ref         ] GC(179) ReferenceProcessor::execute queues: 1, RefProcThreadModel::Single, marks_oops_alive: false
[2912.095s][debug][gc,phases      ] GC(179) Reference Processing 0.085ms
[2912.095s][debug][gc,phases      ] GC(179)   VM Weak                        Min:  0.0, Avg:  0.0, Max:  0.0, Diff:  0.0, Sum:  0.0, Workers: 4
[2912.095s][debug][gc,phases      ] GC(179)     Dead                           Min: 0, Avg:  0.0, Max: 0, Diff: 0, Sum: 0, Workers: 4
[2912.095s][debug][gc,phases      ] GC(179)     Total                          Min: 0, Avg: 164.0, Max: 656, Diff: 656, Sum: 656, Workers: 4
[2912.095s][debug][gc,phases      ] GC(179)   ObjectSynchronizer Weak        Min:  0.0, Avg:  0.0, Max:  0.0, Diff:  0.0, Sum:  0.0, Workers: 4
[2912.095s][debug][gc,phases      ] GC(179)     Dead                           Min: 0, Avg:  0.0, Max: 0, Diff: 0, Sum: 0, Workers: 4
[2912.095s][debug][gc,phases      ] GC(179)     Total                          Min: 0, Avg: 121.0, Max: 448, Diff: 448, Sum: 484, Workers: 4
[2912.095s][debug][gc,phases      ] GC(179)   JVMTI Tag Weak OopStorage      Min:  0.0, Avg:  0.0, Max:  0.0, Diff:  0.0, Sum:  0.0, Workers: 4
[2912.095s][debug][gc,phases      ] GC(179)     Dead                           Min: 0, Avg:  0.0, Max: 0, Diff: 0, Sum: 0, Workers: 4
[2912.095s][debug][gc,phases      ] GC(179)     Total                          Min: 0, Avg:  0.0, Max: 0, Diff: 0, Sum: 0, Workers: 4
[2912.095s][debug][gc,phases      ] GC(179)   StringTable Weak               Min:  0.1, Avg:  0.1, Max:  0.1, Diff:  0.0, Sum:  0.3, Workers: 4
[2912.095s][debug][gc,phases      ] GC(179)     Dead                           Min: 0, Avg:  0.0, Max: 0, Diff: 0, Sum: 0, Workers: 4
[2912.095s][debug][gc,phases      ] GC(179)     Total                          Min: 9216, Avg: 12047.2, Max: 14973, Diff: 5757, Sum: 48189, Workers: 4
[2912.095s][debug][gc,phases      ] GC(179)   ResolvedMethodTable Weak       Min:  0.0, Avg:  0.0, Max:  0.0, Diff:  0.0, Sum:  0.1, Workers: 4
[2912.095s][debug][gc,phases      ] GC(179)     Dead                           Min: 0, Avg:  0.0, Max: 0, Diff: 0, Sum: 0, Workers: 4
[2912.095s][debug][gc,phases      ] GC(179)     Total                          Min: 1664, Avg: 2039.2, Max: 2397, Diff: 733, Sum: 8157, Workers: 4
[2912.095s][debug][gc,phases      ] GC(179)   JNI Weak                       Min:  0.0, Avg:  0.0, Max:  0.0, Diff:  0.0, Sum:  0.0, Workers: 4
[2912.095s][debug][gc,phases      ] GC(179)     Dead                           Min: 0, Avg:  0.0, Max: 0, Diff: 0, Sum: 0, Workers: 4
[2912.095s][debug][gc,phases      ] GC(179)     Total                          Min: 0, Avg:  0.0, Max: 0, Diff: 0, Sum: 0, Workers: 4
[2912.095s][debug][gc,phases      ] GC(179)   StringDedup Table Weak         Min:  0.0, Avg:  0.0, Max:  0.0, Diff:  0.0, Sum:  0.0, Workers: 4
[2912.095s][debug][gc,phases      ] GC(179)     Dead                           Min: 0, Avg:  0.0, Max: 0, Diff: 0, Sum: 0, Workers: 4
[2912.095s][debug][gc,phases      ] GC(179)     Total                          Min: 0, Avg:  0.0, Max: 0, Diff: 0, Sum: 0, Workers: 4
[2912.095s][debug][gc,phases      ] GC(179)   StringDedup Requests0 Weak     Min:  0.0, Avg:  0.0, Max:  0.0, Diff:  0.0, Sum:  0.0, Workers: 4
[2912.095s][debug][gc,phases      ] GC(179)     Dead                           Min: 0, Avg:  0.0, Max: 0, Diff: 0, Sum: 0, Workers: 4
[2912.095s][debug][gc,phases      ] GC(179)     Total                          Min: 0, Avg:  0.0, Max: 0, Diff: 0, Sum: 0, Workers: 4
[2912.095s][debug][gc,phases      ] GC(179)   StringDedup Requests1 Weak     Min:  0.0, Avg:  0.0, Max:  0.0, Diff:  0.0, Sum:  0.0, Workers: 4
[2912.095s][debug][gc,phases      ] GC(179)     Dead                           Min: 0, Avg:  0.0, Max: 0, Diff: 0, Sum: 0, Workers: 4
[2912.095s][debug][gc,phases      ] GC(179)     Total                          Min: 0, Avg:  0.0, Max: 0, Diff: 0, Sum: 0, Workers: 4
[2912.095s][debug][gc,phases      ] GC(179)   Weak JFR Old Object Samples    Min:  0.0, Avg:  0.0, Max:  0.0, Diff:  0.0, Sum:  0.0, Workers: 4
[2912.095s][debug][gc,phases      ] GC(179)     Dead                           Min: 0, Avg:  0.0, Max: 0, Diff: 0, Sum: 0, Workers: 4
[2912.095s][debug][gc,phases      ] GC(179)     Total                          Min: 0, Avg:  0.0, Max: 0, Diff: 0, Sum: 0, Workers: 4
[2912.095s][debug][gc,phases      ] GC(179) Weak Processing 0.258ms
[2912.095s][debug][gc,age         ] GC(179) Desired survivor size 71827456 bytes, new threshold 15 (max threshold 15)
[2912.095s][info ][gc,heap        ] GC(179) PSYoungGen: 1953520K(2024448K)->1296K(2027008K) Eden: 1952256K(1952256K)->0K(1955328K) From: 1264K(72192K)->1296K(71680K)
[2912.095s][info ][gc,heap        ] GC(179) ParOldGen: 451083K(475648K)->451115K(475648K)
[2912.095s][info ][gc,metaspace   ] GC(179) Metaspace: 81337K(82176K)->81337K(82176K) NonClass: 69941K(70400K)->69941K(70400K) Class: 11396K(11776K)->11396K(11776K)
[2912.095s][info ][gc             ] GC(179) Pause Young (Allocation Failure) 2348M->441M(2444M) 2.207ms
[2912.095s][info ][gc,cpu         ] GC(179) User=0.01s Sys=0.00s Real=0.00s
[2912.095s][info ][safepoint      ] Safepoint "ParallelGCFailedAllocation", Time since last: 6246397387 ns, Reaching safepoint: 108701 ns, At safepoint: 2275911 ns, Total: 2384612 ns
[2916.095s][info ][safepoint      ] Safepoint "Cleanup", Time since last: 4000297173 ns, Reaching safepoint: 37900 ns, At safepoint: 23000 ns, Total: 60900 ns
[2919.096s][info ][safepoint      ] Safepoint "Cleanup", Time since last: 3000259804 ns, Reaching safepoint: 57100 ns, At safepoint: 9701 ns, Total: 66801 ns
[2920.096s][info ][safepoint      ] Safepoint "Cleanup", Time since last: 1000101667 ns, Reaching safepoint: 52701 ns, At safepoint: 6200 ns, Total: 58901 ns
[2923.096s][info ][safepoint      ] Safepoint "Cleanup", Time since last: 3000227102 ns, Reaching safepoint: 52200 ns, At safepoint: 5200 ns, Total: 57400 ns
[2940.097s][info ][safepoint      ] Safepoint "Cleanup", Time since last: 17001129081 ns, Reaching safepoint: 49500 ns, At safepoint: 6000 ns, Total: 55500 ns
[2944.892s][info ][gc,start       ] GC(180) Pause Young (Allocation Failure)
[2944.894s][debug][gc,phases      ] GC(180) Scavenge 1.396ms
[2944.894s][debug][gc,ref         ] GC(180) Skipped phase 1 of Reference Processing: no references
[2944.894s][debug][gc,ref         ] GC(180) ReferenceProcessor::execute queues: 1, RefProcThreadModel::Single, marks_oops_alive: false
[2944.894s][debug][gc,ref         ] GC(180) Skipped phase 3 of Reference Processing: no references
[2944.894s][debug][gc,ref         ] GC(180) ReferenceProcessor::execute queues: 1, RefProcThreadModel::Single, marks_oops_alive: false
[2944.894s][debug][gc,phases      ] GC(180) Reference Processing 0.086ms
[2944.894s][debug][gc,phases      ] GC(180)   VM Weak                        Min:  0.0, Avg:  0.0, Max:  0.0, Diff:  0.0, Sum:  0.0, Workers: 4
[2944.894s][debug][gc,phases      ] GC(180)     Dead                           Min: 0, Avg:  0.0, Max: 0, Diff: 0, Sum: 0, Workers: 4
[2944.894s][debug][gc,phases      ] GC(180)     Total                          Min: 0, Avg: 164.0, Max: 656, Diff: 656, Sum: 656, Workers: 4
[2944.894s][debug][gc,phases      ] GC(180)   ObjectSynchronizer Weak        Min:  0.0, Avg:  0.0, Max:  0.0, Diff:  0.0, Sum:  0.0, Workers: 4
[2944.894s][debug][gc,phases      ] GC(180)     Dead                           Min: 0, Avg:  0.0, Max: 0, Diff: 0, Sum: 0, Workers: 4
[2944.894s][debug][gc,phases      ] GC(180)     Total                          Min: 0, Avg: 121.0, Max: 484, Diff: 484, Sum: 484, Workers: 4
[2944.894s][debug][gc,phases      ] GC(180)   JVMTI Tag Weak OopStorage      Min:  0.0, Avg:  0.0, Max:  0.0, Diff:  0.0, Sum:  0.0, Workers: 4
[2944.894s][debug][gc,phases      ] GC(180)     Dead                           Min: 0, Avg:  0.0, Max: 0, Diff: 0, Sum: 0, Workers: 4
[2944.894s][debug][gc,phases      ] GC(180)     Total                          Min: 0, Avg:  0.0, Max: 0, Diff: 0, Sum: 0, Workers: 4
[2944.894s][debug][gc,phases      ] GC(180)   StringTable Weak               Min:  0.1, Avg:  0.1, Max:  0.1, Diff:  0.0, Sum:  0.3, Workers: 4
[2944.894s][debug][gc,phases      ] GC(180)     Dead                           Min: 0, Avg:  0.0, Max: 0, Diff: 0, Sum: 0, Workers: 4
[2944.894s][debug][gc,phases      ] GC(180)     Total                          Min: 11136, Avg: 12047.2, Max: 12736, Diff: 1600, Sum: 48189, Workers: 4
[2944.894s][debug][gc,phases      ] GC(180)   ResolvedMethodTable Weak       Min:  0.0, Avg:  0.0, Max:  0.0, Diff:  0.0, Sum:  0.1, Workers: 4
[2944.894s][debug][gc,phases      ] GC(180)     Dead                           Min: 0, Avg:  0.0, Max: 0, Diff: 0, Sum: 0, Workers: 4
[2944.894s][debug][gc,phases      ] GC(180)     Total                          Min: 1856, Avg: 2039.2, Max: 2240, Diff: 384, Sum: 8157, Workers: 4
[2944.894s][debug][gc,phases      ] GC(180)   JNI Weak                       Min:  0.0, Avg:  0.0, Max:  0.0, Diff:  0.0, Sum:  0.0, Workers: 4
[2944.894s][debug][gc,phases      ] GC(180)     Dead                           Min: 0, Avg:  0.0, Max: 0, Diff: 0, Sum: 0, Workers: 4
[2944.894s][debug][gc,phases      ] GC(180)     Total                          Min: 0, Avg:  0.0, Max: 0, Diff: 0, Sum: 0, Workers: 4
[2944.894s][debug][gc,phases      ] GC(180)   StringDedup Table Weak         Min:  0.0, Avg:  0.0, Max:  0.0, Diff:  0.0, Sum:  0.0, Workers: 4
[2944.894s][debug][gc,phases      ] GC(180)     Dead                           Min: 0, Avg:  0.0, Max: 0, Diff: 0, Sum: 0, Workers: 4
[2944.894s][debug][gc,phases      ] GC(180)     Total                          Min: 0, Avg:  0.0, Max: 0, Diff: 0, Sum: 0, Workers: 4
[2944.894s][debug][gc,phases      ] GC(180)   StringDedup Requests0 Weak     Min:  0.0, Avg:  0.0, Max:  0.0, Diff:  0.0, Sum:  0.0, Workers: 4
[2944.894s][debug][gc,phases      ] GC(180)     Dead                           Min: 0, Avg:  0.0, Max: 0, Diff: 0, Sum: 0, Workers: 4
[2944.894s][debug][gc,phases      ] GC(180)     Total                          Min: 0, Avg:  0.0, Max: 0, Diff: 0, Sum: 0, Workers: 4
[2944.894s][debug][gc,phases      ] GC(180)   StringDedup Requests1 Weak     Min:  0.0, Avg:  0.0, Max:  0.0, Diff:  0.0, Sum:  0.0, Workers: 4
[2944.894s][debug][gc,phases      ] GC(180)     Dead                           Min: 0, Avg:  0.0, Max: 0, Diff: 0, Sum: 0, Workers: 4
[2944.894s][debug][gc,phases      ] GC(180)     Total                          Min: 0, Avg:  0.0, Max: 0, Diff: 0, Sum: 0, Workers: 4
[2944.894s][debug][gc,phases      ] GC(180)   Weak JFR Old Object Samples    Min:  0.0, Avg:  0.0, Max:  0.0, Diff:  0.0, Sum:  0.0, Workers: 4
[2944.894s][debug][gc,phases      ] GC(180)     Dead                           Min: 0, Avg:  0.0, Max: 0, Diff: 0, Sum: 0, Workers: 4
[2944.894s][debug][gc,phases      ] GC(180)     Total                          Min: 0, Avg:  0.0, Max: 0, Diff: 0, Sum: 0, Workers: 4
[2944.894s][debug][gc,phases      ] GC(180) Weak Processing 0.240ms
[2944.894s][debug][gc,age         ] GC(180) Desired survivor size 69730304 bytes, new threshold 15 (max threshold 15)
[2944.894s][info ][gc,heap        ] GC(180) PSYoungGen: 1956624K(2027008K)->1152K(2025472K) Eden: 1955328K(1955328K)->0K(1955328K) From: 1296K(71680K)->1152K(70144K)
[2944.894s][info ][gc,heap        ] GC(180) ParOldGen: 451115K(475648K)->451187K(475648K)
[2944.894s][info ][gc,metaspace   ] GC(180) Metaspace: 81339K(82176K)->81339K(82176K) NonClass: 69943K(70400K)->69943K(70400K) Class: 11396K(11776K)->11396K(11776K)
[2944.894s][info ][gc             ] GC(180) Pause Young (Allocation Failure) 2351M->441M(2442M) 1.810ms
[2944.894s][info ][gc,cpu         ] GC(180) User=0.01s Sys=0.00s Real=0.00s
[2944.894s][info ][safepoint      ] Safepoint "ParallelGCFailedAllocation", Time since last: 4794660859 ns, Reaching safepoint: 29700 ns, At safepoint: 1875609 ns, Total: 1905309 ns
[2958.895s][info ][safepoint      ] Safepoint "Cleanup", Time since last: 14000873999 ns, Reaching safepoint: 49900 ns, At safepoint: 7900 ns, Total: 57800 ns
[2959.895s][info ][safepoint      ] Safepoint "Cleanup", Time since last: 1000112268 ns, Reaching safepoint: 57200 ns, At safepoint: 7100 ns, Total: 64300 ns
[2963.895s][info ][safepoint      ] Safepoint "Cleanup", Time since last: 4000319564 ns, Reaching safepoint: 48101 ns, At safepoint: 25000 ns, Total: 73101 ns
[2964.896s][info ][safepoint      ] Safepoint "Cleanup", Time since last: 1000114865 ns, Reaching safepoint: 27500 ns, At safepoint: 2500 ns, Total: 30000 ns
[2968.896s][info ][safepoint      ] Safepoint "Cleanup", Time since last: 4000302553 ns, Reaching safepoint: 43501 ns, At safepoint: 3300 ns, Total: 46801 ns
[2972.896s][info ][safepoint      ] Safepoint "Cleanup", Time since last: 4000321145 ns, Reaching safepoint: 44800 ns, At safepoint: 4100 ns, Total: 48900 ns
[2977.243s][info ][gc,start       ] GC(181) Pause Young (Allocation Failure)
[2977.244s][debug][gc,phases      ] GC(181) Scavenge 1.641ms
[2977.244s][debug][gc,ref         ] GC(181) Skipped phase 1 of Reference Processing: no references
[2977.244s][debug][gc,ref         ] GC(181) ReferenceProcessor::execute queues: 1, RefProcThreadModel::Single, marks_oops_alive: false
[2977.244s][debug][gc,ref         ] GC(181) Skipped phase 3 of Reference Processing: no references
[2977.244s][debug][gc,ref         ] GC(181) ReferenceProcessor::execute queues: 1, RefProcThreadModel::Single, marks_oops_alive: false
[2977.244s][debug][gc,phases      ] GC(181) Reference Processing 0.088ms
[2977.244s][debug][gc,phases      ] GC(181)   VM Weak                        Min:  0.0, Avg:  0.0, Max:  0.0, Diff:  0.0, Sum:  0.0, Workers: 4
[2977.244s][debug][gc,phases      ] GC(181)     Dead                           Min: 0, Avg:  0.0, Max: 0, Diff: 0, Sum: 0, Workers: 4
[2977.244s][debug][gc,phases      ] GC(181)     Total                          Min: 0, Avg: 164.0, Max: 592, Diff: 592, Sum: 656, Workers: 4
[2977.244s][debug][gc,phases      ] GC(181)   ObjectSynchronizer Weak        Min:  0.0, Avg:  0.0, Max:  0.0, Diff:  0.0, Sum:  0.0, Workers: 4
[2977.244s][debug][gc,phases      ] GC(181)     Dead                           Min: 0, Avg:  0.0, Max: 0, Diff: 0, Sum: 0, Workers: 4
[2977.244s][debug][gc,phases      ] GC(181)     Total                          Min: 0, Avg: 121.0, Max: 256, Diff: 256, Sum: 484, Workers: 4
[2977.244s][debug][gc,phases      ] GC(181)   JVMTI Tag Weak OopStorage      Min:  0.0, Avg:  0.0, Max:  0.0, Diff:  0.0, Sum:  0.0, Workers: 4
[2977.244s][debug][gc,phases      ] GC(181)     Dead                           Min: 0, Avg:  0.0, Max: 0, Diff: 0, Sum: 0, Workers: 4
[2977.245s][debug][gc,phases      ] GC(181)     Total                          Min: 0, Avg:  0.0, Max: 0, Diff: 0, Sum: 0, Workers: 4
[2977.245s][debug][gc,phases      ] GC(181)   StringTable Weak               Min:  0.1, Avg:  0.1, Max:  0.1, Diff:  0.0, Sum:  0.3, Workers: 4
[2977.245s][debug][gc,phases      ] GC(181)     Dead                           Min: 0, Avg:  0.0, Max: 0, Diff: 0, Sum: 0, Workers: 4
[2977.245s][debug][gc,phases      ] GC(181)     Total                          Min: 9984, Avg: 12047.2, Max: 15805, Diff: 5821, Sum: 48189, Workers: 4
[2977.245s][debug][gc,phases      ] GC(181)   ResolvedMethodTable Weak       Min:  0.0, Avg:  0.0, Max:  0.0, Diff:  0.0, Sum:  0.1, Workers: 4
[2977.245s][debug][gc,phases      ] GC(181)     Dead                           Min: 0, Avg:  0.0, Max: 0, Diff: 0, Sum: 0, Workers: 4
[2977.245s][debug][gc,phases      ] GC(181)     Total                          Min: 1664, Avg: 2039.2, Max: 2368, Diff: 704, Sum: 8157, Workers: 4
[2977.245s][debug][gc,phases      ] GC(181)   JNI Weak                       Min:  0.0, Avg:  0.0, Max:  0.0, Diff:  0.0, Sum:  0.0, Workers: 4
[2977.245s][debug][gc,phases      ] GC(181)     Dead                           Min: 0, Avg:  0.0, Max: 0, Diff: 0, Sum: 0, Workers: 4
[2977.245s][debug][gc,phases      ] GC(181)     Total                          Min: 0, Avg:  0.0, Max: 0, Diff: 0, Sum: 0, Workers: 4
[2977.245s][debug][gc,phases      ] GC(181)   StringDedup Table Weak         Min:  0.0, Avg:  0.0, Max:  0.0, Diff:  0.0, Sum:  0.0, Workers: 4
[2977.245s][debug][gc,phases      ] GC(181)     Dead                           Min: 0, Avg:  0.0, Max: 0, Diff: 0, Sum: 0, Workers: 4
[2977.245s][debug][gc,phases      ] GC(181)     Total                          Min: 0, Avg:  0.0, Max: 0, Diff: 0, Sum: 0, Workers: 4
[2977.245s][debug][gc,phases      ] GC(181)   StringDedup Requests0 Weak     Min:  0.0, Avg:  0.0, Max:  0.0, Diff:  0.0, Sum:  0.0, Workers: 4
[2977.245s][debug][gc,phases      ] GC(181)     Dead                           Min: 0, Avg:  0.0, Max: 0, Diff: 0, Sum: 0, Workers: 4
[2977.245s][debug][gc,phases      ] GC(181)     Total                          Min: 0, Avg:  0.0, Max: 0, Diff: 0, Sum: 0, Workers: 4
[2977.245s][debug][gc,phases      ] GC(181)   StringDedup Requests1 Weak     Min:  0.0, Avg:  0.0, Max:  0.0, Diff:  0.0, Sum:  0.0, Workers: 4
[2977.245s][debug][gc,phases      ] GC(181)     Dead                           Min: 0, Avg:  0.0, Max: 0, Diff: 0, Sum: 0, Workers: 4
[2977.245s][debug][gc,phases      ] GC(181)     Total                          Min: 0, Avg:  0.0, Max: 0, Diff: 0, Sum: 0, Workers: 4
[2977.245s][debug][gc,phases      ] GC(181)   Weak JFR Old Object Samples    Min:  0.0, Avg:  0.0, Max:  0.0, Diff:  0.0, Sum:  0.0, Workers: 4
[2977.245s][debug][gc,phases      ] GC(181)     Dead                           Min: 0, Avg:  0.0, Max: 0, Diff: 0, Sum: 0, Workers: 4
[2977.245s][debug][gc,phases      ] GC(181)     Total                          Min: 0, Avg:  0.0, Max: 0, Diff: 0, Sum: 0, Workers: 4
[2977.245s][debug][gc,phases      ] GC(181) Weak Processing 0.262ms
[2977.245s][debug][gc,age         ] GC(181) Desired survivor size 67633152 bytes, new threshold 15 (max threshold 15)
[2977.245s][info ][gc,heap        ] GC(181) PSYoungGen: 1956480K(2025472K)->1152K(2031104K) Eden: 1955328K(1955328K)->0K(1963008K) From: 1152K(70144K)->1152K(68096K)
[2977.245s][info ][gc,heap        ] GC(181) ParOldGen: 451187K(475648K)->451203K(475648K)
[2977.245s][info ][gc,metaspace   ] GC(181) Metaspace: 81341K(82176K)->81341K(82176K) NonClass: 69945K(70400K)->69945K(70400K) Class: 11396K(11776K)->11396K(11776K)
[2977.245s][info ][gc             ] GC(181) Pause Young (Allocation Failure) 2351M->441M(2448M) 2.066ms
[2977.245s][info ][gc,cpu         ] GC(181) User=0.01s Sys=0.00s Real=0.00s
[2977.245s][info ][safepoint      ] Safepoint "ParallelGCFailedAllocation", Time since last: 4346143452 ns, Reaching safepoint: 23900 ns, At safepoint: 2123210 ns, Total: 2147110 ns
[2995.246s][info ][safepoint      ] Safepoint "Cleanup", Time since last: 18001137661 ns, Reaching safepoint: 42600 ns, At safepoint: 2900 ns, Total: 45500 ns
[3001.246s][info ][safepoint      ] Safepoint "Cleanup", Time since last: 6000372085 ns, Reaching safepoint: 44400 ns, At safepoint: 2700 ns, Total: 47100 ns
[3002.246s][info ][safepoint      ] Safepoint "Cleanup", Time since last: 1000100946 ns, Reaching safepoint: 30000 ns, At safepoint: 3300 ns, Total: 33300 ns
[3008.544s][info ][gc,start       ] GC(182) Pause Young (Allocation Failure)
[3008.546s][debug][gc,phases      ] GC(182) Scavenge 1.727ms
[3008.546s][debug][gc,ref         ] GC(182) Skipped phase 1 of Reference Processing: no references
[3008.546s][debug][gc,ref         ] GC(182) ReferenceProcessor::execute queues: 1, RefProcThreadModel::Single, marks_oops_alive: false
[3008.546s][debug][gc,ref         ] GC(182) Skipped phase 3 of Reference Processing: no references
[3008.546s][debug][gc,ref         ] GC(182) ReferenceProcessor::execute queues: 1, RefProcThreadModel::Single, marks_oops_alive: false
[3008.546s][debug][gc,phases      ] GC(182) Reference Processing 0.091ms
[3008.546s][debug][gc,phases      ] GC(182)   VM Weak                        Min:  0.0, Avg:  0.0, Max:  0.0, Diff:  0.0, Sum:  0.0, Workers: 4
[3008.546s][debug][gc,phases      ] GC(182)     Dead                           Min: 0, Avg:  0.0, Max: 0, Diff: 0, Sum: 0, Workers: 4
[3008.546s][debug][gc,phases      ] GC(182)     Total                          Min: 0, Avg: 164.0, Max: 464, Diff: 464, Sum: 656, Workers: 4
[3008.546s][debug][gc,phases      ] GC(182)   ObjectSynchronizer Weak        Min:  0.0, Avg:  0.0, Max:  0.0, Diff:  0.0, Sum:  0.0, Workers: 4
[3008.546s][debug][gc,phases      ] GC(182)     Dead                           Min: 0, Avg:  0.0, Max: 0, Diff: 0, Sum: 0, Workers: 4
[3008.546s][debug][gc,phases      ] GC(182)     Total                          Min: 0, Avg: 121.0, Max: 256, Diff: 256, Sum: 484, Workers: 4
[3008.546s][debug][gc,phases      ] GC(182)   JVMTI Tag Weak OopStorage      Min:  0.0, Avg:  0.0, Max:  0.0, Diff:  0.0, Sum:  0.0, Workers: 4
[3008.546s][debug][gc,phases      ] GC(182)     Dead                           Min: 0, Avg:  0.0, Max: 0, Diff: 0, Sum: 0, Workers: 4
[3008.546s][debug][gc,phases      ] GC(182)     Total                          Min: 0, Avg:  0.0, Max: 0, Diff: 0, Sum: 0, Workers: 4
[3008.546s][debug][gc,phases      ] GC(182)   StringTable Weak               Min:  0.1, Avg:  0.1, Max:  0.1, Diff:  0.0, Sum:  0.3, Workers: 4
[3008.546s][debug][gc,phases      ] GC(182)     Dead                           Min: 0, Avg:  0.0, Max: 0, Diff: 0, Sum: 0, Workers: 4
[3008.546s][debug][gc,phases      ] GC(182)     Total                          Min: 9217, Avg: 12048.2, Max: 14848, Diff: 5631, Sum: 48193, Workers: 4
[3008.546s][debug][gc,phases      ] GC(182)   ResolvedMethodTable Weak       Min:  0.0, Avg:  0.0, Max:  0.0, Diff:  0.0, Sum:  0.1, Workers: 4
[3008.546s][debug][gc,phases      ] GC(182)     Dead                           Min: 0, Avg:  0.0, Max: 0, Diff: 0, Sum: 0, Workers: 4
[3008.547s][debug][gc,phases      ] GC(182)     Total                          Min: 1664, Avg: 2039.2, Max: 2397, Diff: 733, Sum: 8157, Workers: 4
[3008.547s][debug][gc,phases      ] GC(182)   JNI Weak                       Min:  0.0, Avg:  0.0, Max:  0.0, Diff:  0.0, Sum:  0.0, Workers: 4
[3008.547s][debug][gc,phases      ] GC(182)     Dead                           Min: 0, Avg:  0.0, Max: 0, Diff: 0, Sum: 0, Workers: 4
[3008.547s][debug][gc,phases      ] GC(182)     Total                          Min: 0, Avg:  0.0, Max: 0, Diff: 0, Sum: 0, Workers: 4
[3008.547s][debug][gc,phases      ] GC(182)   StringDedup Table Weak         Min:  0.0, Avg:  0.0, Max:  0.0, Diff:  0.0, Sum:  0.0, Workers: 4
[3008.547s][debug][gc,phases      ] GC(182)     Dead                           Min: 0, Avg:  0.0, Max: 0, Diff: 0, Sum: 0, Workers: 4
[3008.547s][debug][gc,phases      ] GC(182)     Total                          Min: 0, Avg:  0.0, Max: 0, Diff: 0, Sum: 0, Workers: 4
[3008.547s][debug][gc,phases      ] GC(182)   StringDedup Requests0 Weak     Min:  0.0, Avg:  0.0, Max:  0.0, Diff:  0.0, Sum:  0.0, Workers: 4
[3008.547s][debug][gc,phases      ] GC(182)     Dead                           Min: 0, Avg:  0.0, Max: 0, Diff: 0, Sum: 0, Workers: 4
[3008.547s][debug][gc,phases      ] GC(182)     Total                          Min: 0, Avg:  0.0, Max: 0, Diff: 0, Sum: 0, Workers: 4
[3008.547s][debug][gc,phases      ] GC(182)   StringDedup Requests1 Weak     Min:  0.0, Avg:  0.0, Max:  0.0, Diff:  0.0, Sum:  0.0, Workers: 4
[3008.547s][debug][gc,phases      ] GC(182)     Dead                           Min: 0, Avg:  0.0, Max: 0, Diff: 0, Sum: 0, Workers: 4
[3008.547s][debug][gc,phases      ] GC(182)     Total                          Min: 0, Avg:  0.0, Max: 0, Diff: 0, Sum: 0, Workers: 4
[3008.547s][debug][gc,phases      ] GC(182)   Weak JFR Old Object Samples    Min:  0.0, Avg:  0.0, Max:  0.0, Diff:  0.0, Sum:  0.0, Workers: 4
[3008.547s][debug][gc,phases      ] GC(182)     Dead                           Min: 0, Avg:  0.0, Max: 0, Diff: 0, Sum: 0, Workers: 4
[3008.547s][debug][gc,phases      ] GC(182)     Total                          Min: 0, Avg:  0.0, Max: 0, Diff: 0, Sum: 0, Workers: 4
[3008.547s][debug][gc,phases      ] GC(182) Weak Processing 0.255ms
[3008.547s][debug][gc,age         ] GC(182) Desired survivor size 65011712 bytes, new threshold 15 (max threshold 15)
[3008.547s][info ][gc,heap        ] GC(182) PSYoungGen: 1964160K(2031104K)->1264K(2029056K) Eden: 1963008K(1963008K)->0K(1963008K) From: 1152K(68096K)->1264K(66048K)
[3008.547s][info ][gc,heap        ] GC(182) ParOldGen: 451203K(475648K)->451227K(475648K)
[3008.547s][info ][gc,metaspace   ] GC(182) Metaspace: 81353K(82176K)->81353K(82176K) NonClass: 69957K(70400K)->69957K(70400K) Class: 11396K(11776K)->11396K(11776K)
[3008.547s][info ][gc             ] GC(182) Pause Young (Allocation Failure) 2358M->441M(2446M) 2.159ms
[3008.547s][info ][gc,cpu         ] GC(182) User=0.00s Sys=0.00s Real=0.00s
[3008.547s][info ][safepoint      ] Safepoint "ParallelGCFailedAllocation", Time since last: 6297963634 ns, Reaching safepoint: 46401 ns, At safepoint: 2229411 ns, Total: 2275812 ns
[3016.547s][info ][safepoint      ] Safepoint "Cleanup", Time since last: 8000524523 ns, Reaching safepoint: 39400 ns, At safepoint: 2600 ns, Total: 42000 ns
[3019.547s][info ][safepoint      ] Safepoint "Cleanup", Time since last: 3000223614 ns, Reaching safepoint: 34900 ns, At safepoint: 2700 ns, Total: 37600 ns
[3037.549s][info ][safepoint      ] Safepoint "Cleanup", Time since last: 18001158292 ns, Reaching safepoint: 48800 ns, At safepoint: 2400 ns, Total: 51200 ns
[3038.549s][info ][safepoint      ] Safepoint "Cleanup", Time since last: 1000101629 ns, Reaching safepoint: 47400 ns, At safepoint: 5900 ns, Total: 53300 ns
[3040.142s][info ][gc,start       ] GC(183) Pause Young (Allocation Failure)
[3040.144s][debug][gc,phases      ] GC(183) Scavenge 1.868ms
[3040.144s][debug][gc,ref         ] GC(183) Skipped phase 1 of Reference Processing: no references
[3040.144s][debug][gc,ref         ] GC(183) ReferenceProcessor::execute queues: 1, RefProcThreadModel::Single, marks_oops_alive: false
[3040.144s][debug][gc,ref         ] GC(183) Skipped phase 3 of Reference Processing: no references
[3040.144s][debug][gc,ref         ] GC(183) ReferenceProcessor::execute queues: 1, RefProcThreadModel::Single, marks_oops_alive: false
[3040.144s][debug][gc,phases      ] GC(183) Reference Processing 0.103ms
[3040.144s][debug][gc,phases      ] GC(183)   VM Weak                        Min:  0.0, Avg:  0.0, Max:  0.0, Diff:  0.0, Sum:  0.0, Workers: 4
[3040.144s][debug][gc,phases      ] GC(183)     Dead                           Min: 0, Avg:  0.0, Max: 0, Diff: 0, Sum: 0, Workers: 4
[3040.144s][debug][gc,phases      ] GC(183)     Total                          Min: 0, Avg: 164.0, Max: 656, Diff: 656, Sum: 656, Workers: 4
[3040.144s][debug][gc,phases      ] GC(183)   ObjectSynchronizer Weak        Min:  0.0, Avg:  0.0, Max:  0.0, Diff:  0.0, Sum:  0.0, Workers: 4
[3040.144s][debug][gc,phases      ] GC(183)     Dead                           Min: 0, Avg:  0.0, Max: 0, Diff: 0, Sum: 0, Workers: 4
[3040.144s][debug][gc,phases      ] GC(183)     Total                          Min: 0, Avg: 121.0, Max: 256, Diff: 256, Sum: 484, Workers: 4
[3040.144s][debug][gc,phases      ] GC(183)   JVMTI Tag Weak OopStorage      Min:  0.0, Avg:  0.0, Max:  0.0, Diff:  0.0, Sum:  0.0, Workers: 4
[3040.144s][debug][gc,phases      ] GC(183)     Dead                           Min: 0, Avg:  0.0, Max: 0, Diff: 0, Sum: 0, Workers: 4
[3040.144s][debug][gc,phases      ] GC(183)     Total                          Min: 0, Avg:  0.0, Max: 0, Diff: 0, Sum: 0, Workers: 4
[3040.144s][debug][gc,phases      ] GC(183)   StringTable Weak               Min:  0.1, Avg:  0.1, Max:  0.1, Diff:  0.0, Sum:  0.3, Workers: 4
[3040.144s][debug][gc,phases      ] GC(183)     Dead                           Min: 0, Avg:  0.0, Max: 0, Diff: 0, Sum: 0, Workers: 4
[3040.144s][debug][gc,phases      ] GC(183)     Total                          Min: 8577, Avg: 12048.2, Max: 15872, Diff: 7295, Sum: 48193, Workers: 4
[3040.144s][debug][gc,phases      ] GC(183)   ResolvedMethodTable Weak       Min:  0.0, Avg:  0.0, Max:  0.0, Diff:  0.0, Sum:  0.1, Workers: 4
[3040.144s][debug][gc,phases      ] GC(183)     Dead                           Min: 0, Avg:  0.0, Max: 0, Diff: 0, Sum: 0, Workers: 4
[3040.144s][debug][gc,phases      ] GC(183)     Total                          Min: 1536, Avg: 2039.2, Max: 2461, Diff: 925, Sum: 8157, Workers: 4
[3040.144s][debug][gc,phases      ] GC(183)   JNI Weak                       Min:  0.0, Avg:  0.0, Max:  0.0, Diff:  0.0, Sum:  0.0, Workers: 4
[3040.144s][debug][gc,phases      ] GC(183)     Dead                           Min: 0, Avg:  0.0, Max: 0, Diff: 0, Sum: 0, Workers: 4
[3040.144s][debug][gc,phases      ] GC(183)     Total                          Min: 0, Avg:  0.0, Max: 0, Diff: 0, Sum: 0, Workers: 4
[3040.144s][debug][gc,phases      ] GC(183)   StringDedup Table Weak         Min:  0.0, Avg:  0.0, Max:  0.0, Diff:  0.0, Sum:  0.0, Workers: 4
[3040.144s][debug][gc,phases      ] GC(183)     Dead                           Min: 0, Avg:  0.0, Max: 0, Diff: 0, Sum: 0, Workers: 4
[3040.144s][debug][gc,phases      ] GC(183)     Total                          Min: 0, Avg:  0.0, Max: 0, Diff: 0, Sum: 0, Workers: 4
[3040.144s][debug][gc,phases      ] GC(183)   StringDedup Requests0 Weak     Min:  0.0, Avg:  0.0, Max:  0.0, Diff:  0.0, Sum:  0.0, Workers: 4
[3040.144s][debug][gc,phases      ] GC(183)     Dead                           Min: 0, Avg:  0.0, Max: 0, Diff: 0, Sum: 0, Workers: 4
[3040.144s][debug][gc,phases      ] GC(183)     Total                          Min: 0, Avg:  0.0, Max: 0, Diff: 0, Sum: 0, Workers: 4
[3040.144s][debug][gc,phases      ] GC(183)   StringDedup Requests1 Weak     Min:  0.0, Avg:  0.0, Max:  0.0, Diff:  0.0, Sum:  0.0, Workers: 4
[3040.144s][debug][gc,phases      ] GC(183)     Dead                           Min: 0, Avg:  0.0, Max: 0, Diff: 0, Sum: 0, Workers: 4
[3040.144s][debug][gc,phases      ] GC(183)     Total                          Min: 0, Avg:  0.0, Max: 0, Diff: 0, Sum: 0, Workers: 4
[3040.144s][debug][gc,phases      ] GC(183)   Weak JFR Old Object Samples    Min:  0.0, Avg:  0.0, Max:  0.0, Diff:  0.0, Sum:  0.0, Workers: 4
[3040.144s][debug][gc,phases      ] GC(183)     Dead                           Min: 0, Avg:  0.0, Max: 0, Diff: 0, Sum: 0, Workers: 4
[3040.144s][debug][gc,phases      ] GC(183)     Total                          Min: 0, Avg:  0.0, Max: 0, Diff: 0, Sum: 0, Workers: 4
[3040.144s][debug][gc,phases      ] GC(183) Weak Processing 0.283ms
[3040.144s][debug][gc,age         ] GC(183) Desired survivor size 62390272 bytes, new threshold 15 (max threshold 15)
[3040.144s][info ][gc,heap        ] GC(183) PSYoungGen: 1964272K(2029056K)->1200K(2036224K) Eden: 1963008K(1963008K)->0K(1972736K) From: 1264K(66048K)->1200K(63488K)
[3040.144s][info ][gc,heap        ] GC(183) ParOldGen: 451227K(475648K)->451259K(475648K)
[3040.144s][info ][gc,metaspace   ] GC(183) Metaspace: 81365K(82176K)->81365K(82176K) NonClass: 69969K(70400K)->69969K(70400K) Class: 11396K(11776K)->11396K(11776K)
[3040.144s][info ][gc             ] GC(183) Pause Young (Allocation Failure) 2358M->441M(2453M) 2.346ms
[3040.144s][info ][gc,cpu         ] GC(183) User=0.00s Sys=0.00s Real=0.00s
[3040.144s][info ][safepoint      ] Safepoint "ParallelGCFailedAllocation", Time since last: 1593231751 ns, Reaching safepoint: 35700 ns, At safepoint: 2415712 ns, Total: 2451412 ns
[3044.145s][info ][safepoint      ] Safepoint "Cleanup", Time since last: 4000285807 ns, Reaching safepoint: 116700 ns, At safepoint: 5600 ns, Total: 122300 ns
[3048.145s][info ][safepoint      ] Safepoint "Cleanup", Time since last: 4000291900 ns, Reaching safepoint: 40800 ns, At safepoint: 2400 ns, Total: 43200 ns
[3051.146s][info ][safepoint      ] Safepoint "Cleanup", Time since last: 3000222970 ns, Reaching safepoint: 47300 ns, At safepoint: 6200 ns, Total: 53500 ns
[3052.146s][info ][safepoint      ] Safepoint "Cleanup", Time since last: 1000100123 ns, Reaching safepoint: 47100 ns, At safepoint: 14000 ns, Total: 61100 ns
[3065.147s][info ][safepoint      ] Safepoint "Cleanup", Time since last: 13000886851 ns, Reaching safepoint: 130401 ns, At safepoint: 9100 ns, Total: 139501 ns
[3070.546s][info ][gc,start       ] GC(184) Pause Young (Allocation Failure)
[3070.550s][debug][gc,phases      ] GC(184) Scavenge 3.625ms
[3070.550s][debug][gc,ref         ] GC(184) Skipped phase 1 of Reference Processing: no references
[3070.550s][debug][gc,ref         ] GC(184) ReferenceProcessor::execute queues: 1, RefProcThreadModel::Single, marks_oops_alive: false
[3070.550s][debug][gc,ref         ] GC(184) Skipped phase 3 of Reference Processing: no references
[3070.550s][debug][gc,ref         ] GC(184) ReferenceProcessor::execute queues: 1, RefProcThreadModel::Single, marks_oops_alive: false
[3070.550s][debug][gc,phases      ] GC(184) Reference Processing 0.104ms
[3070.550s][debug][gc,phases      ] GC(184)   VM Weak                        Min:  0.0, Avg:  0.0, Max:  0.0, Diff:  0.0, Sum:  0.0, Workers: 4
[3070.550s][debug][gc,phases      ] GC(184)     Dead                           Min: 0, Avg:  0.0, Max: 0, Diff: 0, Sum: 0, Workers: 4
[3070.550s][debug][gc,phases      ] GC(184)     Total                          Min: 0, Avg: 164.0, Max: 512, Diff: 512, Sum: 656, Workers: 4
[3070.550s][debug][gc,phases      ] GC(184)   ObjectSynchronizer Weak        Min:  0.0, Avg:  0.0, Max:  0.0, Diff:  0.0, Sum:  0.0, Workers: 4
[3070.550s][debug][gc,phases      ] GC(184)     Dead                           Min: 0, Avg:  0.0, Max: 0, Diff: 0, Sum: 0, Workers: 4
[3070.550s][debug][gc,phases      ] GC(184)     Total                          Min: 0, Avg: 121.0, Max: 192, Diff: 192, Sum: 484, Workers: 4
[3070.550s][debug][gc,phases      ] GC(184)   JVMTI Tag Weak OopStorage      Min:  0.0, Avg:  0.0, Max:  0.0, Diff:  0.0, Sum:  0.0, Workers: 4
[3070.550s][debug][gc,phases      ] GC(184)     Dead                           Min: 0, Avg:  0.0, Max: 0, Diff: 0, Sum: 0, Workers: 4
[3070.550s][debug][gc,phases      ] GC(184)     Total                          Min: 0, Avg:  0.0, Max: 0, Diff: 0, Sum: 0, Workers: 4
[3070.550s][debug][gc,phases      ] GC(184)   StringTable Weak               Min:  0.0, Avg:  0.1, Max:  0.1, Diff:  0.1, Sum:  0.4, Workers: 4
[3070.550s][debug][gc,phases      ] GC(184)     Dead                           Min: 0, Avg:  0.0, Max: 0, Diff: 0, Sum: 0, Workers: 4
[3070.550s][debug][gc,phases      ] GC(184)     Total                          Min: 0, Avg: 12048.2, Max: 16960, Diff: 16960, Sum: 48193, Workers: 4
[3070.550s][debug][gc,phases      ] GC(184)   ResolvedMethodTable Weak       Min:  0.0, Avg:  0.0, Max:  0.0, Diff:  0.0, Sum:  0.1, Workers: 4
[3070.550s][debug][gc,phases      ] GC(184)     Dead                           Min: 0, Avg:  0.0, Max: 0, Diff: 0, Sum: 0, Workers: 4
[3070.550s][debug][gc,phases      ] GC(184)     Total                          Min: 0, Avg: 2039.2, Max: 2816, Diff: 2816, Sum: 8157, Workers: 4
[3070.550s][debug][gc,phases      ] GC(184)   JNI Weak                       Min:  0.0, Avg:  0.0, Max:  0.0, Diff:  0.0, Sum:  0.0, Workers: 4
[3070.550s][debug][gc,phases      ] GC(184)     Dead                           Min: 0, Avg:  0.0, Max: 0, Diff: 0, Sum: 0, Workers: 4
[3070.550s][debug][gc,phases      ] GC(184)     Total                          Min: 0, Avg:  0.0, Max: 0, Diff: 0, Sum: 0, Workers: 4
[3070.550s][debug][gc,phases      ] GC(184)   StringDedup Table Weak         Min:  0.0, Avg:  0.0, Max:  0.0, Diff:  0.0, Sum:  0.0, Workers: 4
[3070.550s][debug][gc,phases      ] GC(184)     Dead                           Min: 0, Avg:  0.0, Max: 0, Diff: 0, Sum: 0, Workers: 4
[3070.550s][debug][gc,phases      ] GC(184)     Total                          Min: 0, Avg:  0.0, Max: 0, Diff: 0, Sum: 0, Workers: 4
[3070.550s][debug][gc,phases      ] GC(184)   StringDedup Requests0 Weak     Min:  0.0, Avg:  0.0, Max:  0.0, Diff:  0.0, Sum:  0.0, Workers: 4
[3070.550s][debug][gc,phases      ] GC(184)     Dead                           Min: 0, Avg:  0.0, Max: 0, Diff: 0, Sum: 0, Workers: 4
[3070.550s][debug][gc,phases      ] GC(184)     Total                          Min: 0, Avg:  0.0, Max: 0, Diff: 0, Sum: 0, Workers: 4
[3070.550s][debug][gc,phases      ] GC(184)   StringDedup Requests1 Weak     Min:  0.0, Avg:  0.0, Max:  0.0, Diff:  0.0, Sum:  0.0, Workers: 4
[3070.550s][debug][gc,phases      ] GC(184)     Dead                           Min: 0, Avg:  0.0, Max: 0, Diff: 0, Sum: 0, Workers: 4
[3070.550s][debug][gc,phases      ] GC(184)     Total                          Min: 0, Avg:  0.0, Max: 0, Diff: 0, Sum: 0, Workers: 4
[3070.550s][debug][gc,phases      ] GC(184)   Weak JFR Old Object Samples    Min:  0.0, Avg:  0.0, Max:  0.0, Diff:  0.0, Sum:  0.0, Workers: 4
[3070.550s][debug][gc,phases      ] GC(184)     Dead                           Min: 0, Avg:  0.0, Max: 0, Diff: 0, Sum: 0, Workers: 4
[3070.550s][debug][gc,phases      ] GC(184)     Total                          Min: 0, Avg:  0.0, Max: 0, Diff: 0, Sum: 0, Workers: 4
[3070.550s][debug][gc,phases      ] GC(184) Weak Processing 0.402ms
[3070.550s][debug][gc,age         ] GC(184) Desired survivor size 59768832 bytes, new threshold 15 (max threshold 15)
[3070.550s][info ][gc,heap        ] GC(184) PSYoungGen: 1973936K(2036224K)->1056K(2033664K) Eden: 1972736K(1972736K)->0K(1972736K) From: 1200K(63488K)->1056K(60928K)
[3070.550s][info ][gc,heap        ] GC(184) ParOldGen: 451259K(475648K)->451483K(475648K)
[3070.550s][info ][gc,metaspace   ] GC(184) Metaspace: 81390K(82240K)->81390K(82240K) NonClass: 69994K(70464K)->69994K(70464K) Class: 11396K(11776K)->11396K(11776K)
[3070.550s][info ][gc             ] GC(184) Pause Young (Allocation Failure) 2368M->441M(2450M) 4.247ms
[3070.550s][info ][gc,cpu         ] GC(184) User=0.01s Sys=0.00s Real=0.01s
[3070.550s][info ][safepoint      ] Safepoint "ParallelGCFailedAllocation", Time since last: 5399093636 ns, Reaching safepoint: 49100 ns, At safepoint: 4335421 ns, Total: 4384521 ns
[3079.551s][info ][safepoint      ] Safepoint "Cleanup", Time since last: 9000608510 ns, Reaching safepoint: 54101 ns, At safepoint: 8200 ns, Total: 62301 ns
[3084.551s][info ][safepoint      ] Safepoint "Cleanup", Time since last: 5000377846 ns, Reaching safepoint: 45900 ns, At safepoint: 3500 ns, Total: 49400 ns
[3086.072s][info ][safepoint      ] Safepoint "Cleanup", Time since last: 1520553263 ns, Reaching safepoint: 85300 ns, At safepoint: 12600 ns, Total: 97900 ns
[3087.072s][info ][safepoint      ] Safepoint "Cleanup", Time since last: 1000101708 ns, Reaching safepoint: 37400 ns, At safepoint: 26400 ns, Total: 63800 ns
[3093.073s][info ][safepoint      ] Safepoint "Cleanup", Time since last: 6000463536 ns, Reaching safepoint: 56300 ns, At safepoint: 3600 ns, Total: 59900 ns
[3097.346s][info ][gc,start       ] GC(185) Pause Young (Allocation Failure)
[3097.361s][debug][gc,phases      ] GC(185) Scavenge 14.981ms
[3097.361s][debug][gc,ref         ] GC(185) Skipped phase 1 of Reference Processing: no references
[3097.361s][debug][gc,ref         ] GC(185) ReferenceProcessor::execute queues: 1, RefProcThreadModel::Single, marks_oops_alive: false
[3097.361s][debug][gc,ref         ] GC(185) Skipped phase 3 of Reference Processing: no references
[3097.361s][debug][gc,ref         ] GC(185) ReferenceProcessor::execute queues: 1, RefProcThreadModel::Single, marks_oops_alive: false
[3097.361s][debug][gc,phases      ] GC(185) Reference Processing 0.126ms
[3097.362s][debug][gc,phases      ] GC(185)   VM Weak                        Min:  0.0, Avg:  0.0, Max:  0.0, Diff:  0.0, Sum:  0.0, Workers: 4
[3097.362s][debug][gc,phases      ] GC(185)     Dead                           Min: 0, Avg:  0.0, Max: 0, Diff: 0, Sum: 0, Workers: 4
[3097.362s][debug][gc,phases      ] GC(185)     Total                          Min: 0, Avg: 164.0, Max: 464, Diff: 464, Sum: 656, Workers: 4
[3097.362s][debug][gc,phases      ] GC(185)   ObjectSynchronizer Weak        Min:  0.0, Avg:  0.0, Max:  0.0, Diff:  0.0, Sum:  0.0, Workers: 4
[3097.362s][debug][gc,phases      ] GC(185)     Dead                           Min: 0, Avg:  0.0, Max: 0, Diff: 0, Sum: 0, Workers: 4
[3097.362s][debug][gc,phases      ] GC(185)     Total                          Min: 0, Avg: 121.0, Max: 256, Diff: 256, Sum: 484, Workers: 4
[3097.362s][debug][gc,phases      ] GC(185)   JVMTI Tag Weak OopStorage      Min:  0.0, Avg:  0.0, Max:  0.0, Diff:  0.0, Sum:  0.0, Workers: 4
[3097.362s][debug][gc,phases      ] GC(185)     Dead                           Min: 0, Avg:  0.0, Max: 0, Diff: 0, Sum: 0, Workers: 4
[3097.362s][debug][gc,phases      ] GC(185)     Total                          Min: 0, Avg:  0.0, Max: 0, Diff: 0, Sum: 0, Workers: 4
[3097.362s][debug][gc,phases      ] GC(185)   StringTable Weak               Min:  0.1, Avg:  0.1, Max:  0.1, Diff:  0.0, Sum:  0.5, Workers: 4
[3097.362s][debug][gc,phases      ] GC(185)     Dead                           Min: 0, Avg:  0.0, Max: 0, Diff: 0, Sum: 0, Workers: 4
[3097.362s][debug][gc,phases      ] GC(185)     Total                          Min: 11137, Avg: 12048.2, Max: 13056, Diff: 1919, Sum: 48193, Workers: 4
[3097.362s][debug][gc,phases      ] GC(185)   ResolvedMethodTable Weak       Min:  0.0, Avg:  0.0, Max:  0.0, Diff:  0.0, Sum:  0.1, Workers: 4
[3097.362s][debug][gc,phases      ] GC(185)     Dead                           Min: 0, Avg:  0.0, Max: 0, Diff: 0, Sum: 0, Workers: 4
[3097.362s][debug][gc,phases      ] GC(185)     Total                          Min: 1920, Avg: 2039.2, Max: 2141, Diff: 221, Sum: 8157, Workers: 4
[3097.362s][debug][gc,phases      ] GC(185)   JNI Weak                       Min:  0.0, Avg:  0.0, Max:  0.0, Diff:  0.0, Sum:  0.0, Workers: 4
[3097.362s][debug][gc,phases      ] GC(185)     Dead                           Min: 0, Avg:  0.0, Max: 0, Diff: 0, Sum: 0, Workers: 4
[3097.362s][debug][gc,phases      ] GC(185)     Total                          Min: 0, Avg:  0.0, Max: 0, Diff: 0, Sum: 0, Workers: 4
[3097.362s][debug][gc,phases      ] GC(185)   StringDedup Table Weak         Min:  0.0, Avg:  0.0, Max:  0.0, Diff:  0.0, Sum:  0.0, Workers: 4
[3097.362s][debug][gc,phases      ] GC(185)     Dead                           Min: 0, Avg:  0.0, Max: 0, Diff: 0, Sum: 0, Workers: 4
[3097.362s][debug][gc,phases      ] GC(185)     Total                          Min: 0, Avg:  0.0, Max: 0, Diff: 0, Sum: 0, Workers: 4
[3097.362s][debug][gc,phases      ] GC(185)   StringDedup Requests0 Weak     Min:  0.0, Avg:  0.0, Max:  0.0, Diff:  0.0, Sum:  0.0, Workers: 4
[3097.362s][debug][gc,phases      ] GC(185)     Dead                           Min: 0, Avg:  0.0, Max: 0, Diff: 0, Sum: 0, Workers: 4
[3097.362s][debug][gc,phases      ] GC(185)     Total                          Min: 0, Avg:  0.0, Max: 0, Diff: 0, Sum: 0, Workers: 4
[3097.362s][debug][gc,phases      ] GC(185)   StringDedup Requests1 Weak     Min:  0.0, Avg:  0.0, Max:  0.0, Diff:  0.0, Sum:  0.0, Workers: 4
[3097.362s][debug][gc,phases      ] GC(185)     Dead                           Min: 0, Avg:  0.0, Max: 0, Diff: 0, Sum: 0, Workers: 4
[3097.362s][debug][gc,phases      ] GC(185)     Total                          Min: 0, Avg:  0.0, Max: 0, Diff: 0, Sum: 0, Workers: 4
[3097.362s][debug][gc,phases      ] GC(185)   Weak JFR Old Object Samples    Min:  0.0, Avg:  0.0, Max:  0.0, Diff:  0.0, Sum:  0.0, Workers: 4
[3097.362s][debug][gc,phases      ] GC(185)     Dead                           Min: 0, Avg:  0.0, Max: 0, Diff: 0, Sum: 0, Workers: 4
[3097.362s][debug][gc,phases      ] GC(185)     Total                          Min: 0, Avg:  0.0, Max: 0, Diff: 0, Sum: 0, Workers: 4
[3097.362s][debug][gc,phases      ] GC(185) Weak Processing 0.361ms
[3097.362s][debug][gc,age         ] GC(185) Desired survivor size 57147392 bytes, new threshold 15 (max threshold 15)
[3097.362s][info ][gc,heap        ] GC(185) PSYoungGen: 1973792K(2033664K)->17024K(2041344K) Eden: 1972736K(1972736K)->0K(1982976K) From: 1056K(60928K)->17024K(58368K)
[3097.362s][info ][gc,heap        ] GC(185) ParOldGen: 451483K(475648K)->451515K(475648K)
[3097.362s][info ][gc,metaspace   ] GC(185) Metaspace: 81393K(82240K)->81393K(82240K) NonClass: 69997K(70464K)->69997K(70464K) Class: 11396K(11776K)->11396K(11776K)
[3097.362s][info ][gc             ] GC(185) Pause Young (Allocation Failure) 2368M->457M(2458M) 15.615ms
[3097.362s][info ][gc,cpu         ] GC(185) User=0.03s Sys=0.00s Real=0.02s
[3097.362s][info ][safepoint      ] Safepoint "ParallelGCFailedAllocation", Time since last: 4273544255 ns, Reaching safepoint: 42000 ns, At safepoint: 15719678 ns, Total: 15761678 ns
[3099.362s][info ][safepoint      ] Safepoint "Cleanup", Time since last: 2000147505 ns, Reaching safepoint: 46200 ns, At safepoint: 8500 ns, Total: 54700 ns
[3112.363s][info ][safepoint      ] Safepoint "Cleanup", Time since last: 13000811293 ns, Reaching safepoint: 49601 ns, At safepoint: 10400 ns, Total: 60001 ns
[3117.363s][info ][safepoint      ] Safepoint "Cleanup", Time since last: 5000356679 ns, Reaching safepoint: 38901 ns, At safepoint: 20700 ns, Total: 59601 ns
[3122.364s][info ][safepoint      ] Safepoint "Cleanup", Time since last: 5000352270 ns, Reaching safepoint: 52800 ns, At safepoint: 11900 ns, Total: 64700 ns
[3125.364s][info ][safepoint      ] Safepoint "Cleanup", Time since last: 3000250978 ns, Reaching safepoint: 46500 ns, At safepoint: 12600 ns, Total: 59100 ns
[3130.345s][info ][gc,start       ] GC(186) Pause Young (Allocation Failure)
[3130.350s][debug][gc,phases      ] GC(186) Scavenge 5.454ms
[3130.350s][debug][gc,ref         ] GC(186) Skipped phase 1 of Reference Processing: no references
[3130.350s][debug][gc,ref         ] GC(186) ReferenceProcessor::execute queues: 1, RefProcThreadModel::Single, marks_oops_alive: false
[3130.350s][debug][gc,ref         ] GC(186) Skipped phase 3 of Reference Processing: no references
[3130.350s][debug][gc,ref         ] GC(186) ReferenceProcessor::execute queues: 1, RefProcThreadModel::Single, marks_oops_alive: false
[3130.350s][debug][gc,phases      ] GC(186) Reference Processing 0.090ms
[3130.350s][debug][gc,phases      ] GC(186)   VM Weak                        Min:  0.0, Avg:  0.0, Max:  0.0, Diff:  0.0, Sum:  0.0, Workers: 4
[3130.350s][debug][gc,phases      ] GC(186)     Dead                           Min: 0, Avg:  0.0, Max: 0, Diff: 0, Sum: 0, Workers: 4
[3130.350s][debug][gc,phases      ] GC(186)     Total                          Min: 0, Avg: 164.0, Max: 448, Diff: 448, Sum: 656, Workers: 4
[3130.350s][debug][gc,phases      ] GC(186)   ObjectSynchronizer Weak        Min:  0.0, Avg:  0.0, Max:  0.0, Diff:  0.0, Sum:  0.0, Workers: 4
[3130.350s][debug][gc,phases      ] GC(186)     Dead                           Min: 0, Avg:  0.0, Max: 0, Diff: 0, Sum: 0, Workers: 4
[3130.350s][debug][gc,phases      ] GC(186)     Total                          Min: 0, Avg: 121.0, Max: 192, Diff: 192, Sum: 484, Workers: 4
[3130.350s][debug][gc,phases      ] GC(186)   JVMTI Tag Weak OopStorage      Min:  0.0, Avg:  0.0, Max:  0.0, Diff:  0.0, Sum:  0.0, Workers: 4
[3130.350s][debug][gc,phases      ] GC(186)     Dead                           Min: 0, Avg:  0.0, Max: 0, Diff: 0, Sum: 0, Workers: 4
[3130.350s][debug][gc,phases      ] GC(186)     Total                          Min: 0, Avg:  0.0, Max: 0, Diff: 0, Sum: 0, Workers: 4
[3130.350s][debug][gc,phases      ] GC(186)   StringTable Weak               Min:  0.1, Avg:  0.1, Max:  0.1, Diff:  0.0, Sum:  0.4, Workers: 4
[3130.350s][debug][gc,phases      ] GC(186)     Dead                           Min: 0, Avg:  0.0, Max: 0, Diff: 0, Sum: 0, Workers: 4
[3130.350s][debug][gc,phases      ] GC(186)     Total                          Min: 9536, Avg: 12048.2, Max: 14529, Diff: 4993, Sum: 48193, Workers: 4
[3130.350s][debug][gc,phases      ] GC(186)   ResolvedMethodTable Weak       Min:  0.0, Avg:  0.0, Max:  0.0, Diff:  0.0, Sum:  0.1, Workers: 4
[3130.350s][debug][gc,phases      ] GC(186)     Dead                           Min: 0, Avg:  0.0, Max: 0, Diff: 0, Sum: 0, Workers: 4
[3130.350s][debug][gc,phases      ] GC(186)     Total                          Min: 1472, Avg: 2039.2, Max: 2717, Diff: 1245, Sum: 8157, Workers: 4
[3130.350s][debug][gc,phases      ] GC(186)   JNI Weak                       Min:  0.0, Avg:  0.0, Max:  0.0, Diff:  0.0, Sum:  0.0, Workers: 4
[3130.350s][debug][gc,phases      ] GC(186)     Dead                           Min: 0, Avg:  0.0, Max: 0, Diff: 0, Sum: 0, Workers: 4
[3130.350s][debug][gc,phases      ] GC(186)     Total                          Min: 0, Avg:  0.0, Max: 0, Diff: 0, Sum: 0, Workers: 4
[3130.350s][debug][gc,phases      ] GC(186)   StringDedup Table Weak         Min:  0.0, Avg:  0.0, Max:  0.0, Diff:  0.0, Sum:  0.0, Workers: 4
[3130.350s][debug][gc,phases      ] GC(186)     Dead                           Min: 0, Avg:  0.0, Max: 0, Diff: 0, Sum: 0, Workers: 4
[3130.350s][debug][gc,phases      ] GC(186)     Total                          Min: 0, Avg:  0.0, Max: 0, Diff: 0, Sum: 0, Workers: 4
[3130.350s][debug][gc,phases      ] GC(186)   StringDedup Requests0 Weak     Min:  0.0, Avg:  0.0, Max:  0.0, Diff:  0.0, Sum:  0.0, Workers: 4
[3130.350s][debug][gc,phases      ] GC(186)     Dead                           Min: 0, Avg:  0.0, Max: 0, Diff: 0, Sum: 0, Workers: 4
[3130.350s][debug][gc,phases      ] GC(186)     Total                          Min: 0, Avg:  0.0, Max: 0, Diff: 0, Sum: 0, Workers: 4
[3130.350s][debug][gc,phases      ] GC(186)   StringDedup Requests1 Weak     Min:  0.0, Avg:  0.0, Max:  0.0, Diff:  0.0, Sum:  0.0, Workers: 4
[3130.350s][debug][gc,phases      ] GC(186)     Dead                           Min: 0, Avg:  0.0, Max: 0, Diff: 0, Sum: 0, Workers: 4
[3130.350s][debug][gc,phases      ] GC(186)     Total                          Min: 0, Avg:  0.0, Max: 0, Diff: 0, Sum: 0, Workers: 4
[3130.350s][debug][gc,phases      ] GC(186)   Weak JFR Old Object Samples    Min:  0.0, Avg:  0.0, Max:  0.0, Diff:  0.0, Sum:  0.0, Workers: 4
[3130.350s][debug][gc,phases      ] GC(186)     Dead                           Min: 0, Avg:  0.0, Max: 0, Diff: 0, Sum: 0, Workers: 4
[3130.350s][debug][gc,phases      ] GC(186)     Total                          Min: 0, Avg:  0.0, Max: 0, Diff: 0, Sum: 0, Workers: 4
[3130.350s][debug][gc,phases      ] GC(186) Weak Processing 0.260ms
[3130.350s][debug][gc,age         ] GC(186) Desired survivor size 54525952 bytes, new threshold 15 (max threshold 15)
[3130.350s][info ][gc,heap        ] GC(186) PSYoungGen: 2000000K(2041344K)->17040K(2038784K) Eden: 1982976K(1982976K)->0K(1982976K) From: 17024K(58368K)->17040K(55808K)
[3130.350s][info ][gc,heap        ] GC(186) ParOldGen: 451515K(475648K)->451547K(475648K)
[3130.350s][info ][gc,metaspace   ] GC(186) Metaspace: 81393K(82240K)->81393K(82240K) NonClass: 69997K(70464K)->69997K(70464K) Class: 11396K(11776K)->11396K(11776K)
[3130.350s][info ][gc             ] GC(186) Pause Young (Allocation Failure) 2394M->457M(2455M) 5.905ms
[3130.350s][info ][gc,cpu         ] GC(186) User=0.02s Sys=0.00s Real=0.01s
[3130.351s][info ][safepoint      ] Safepoint "ParallelGCFailedAllocation", Time since last: 4980360557 ns, Reaching safepoint: 31100 ns, At safepoint: 5970529 ns, Total: 6001629 ns
[3133.351s][info ][safepoint      ] Safepoint "Cleanup", Time since last: 3000219668 ns, Reaching safepoint: 47500 ns, At safepoint: 6001 ns, Total: 53501 ns
[3141.351s][info ][safepoint      ] Safepoint "Cleanup", Time since last: 8000526898 ns, Reaching safepoint: 39300 ns, At safepoint: 5600 ns, Total: 44900 ns
[3142.351s][info ][safepoint      ] Safepoint "Cleanup", Time since last: 1000097186 ns, Reaching safepoint: 28200 ns, At safepoint: 3300 ns, Total: 31500 ns
[3147.352s][info ][safepoint      ] Safepoint "Cleanup", Time since last: 5000353623 ns, Reaching safepoint: 43200 ns, At safepoint: 6100 ns, Total: 49300 ns
[3153.352s][info ][safepoint      ] Safepoint "Cleanup", Time since last: 6000434795 ns, Reaching safepoint: 48100 ns, At safepoint: 11700 ns, Total: 59800 ns
[3163.343s][info ][gc,start       ] GC(187) Pause Young (Allocation Failure)
[3163.348s][debug][gc,phases      ] GC(187) Scavenge 4.203ms
[3163.348s][debug][gc,ref         ] GC(187) Skipped phase 1 of Reference Processing: no references
[3163.348s][debug][gc,ref         ] GC(187) ReferenceProcessor::execute queues: 1, RefProcThreadModel::Single, marks_oops_alive: false
[3163.348s][debug][gc,ref         ] GC(187) Skipped phase 3 of Reference Processing: no references
[3163.348s][debug][gc,ref         ] GC(187) ReferenceProcessor::execute queues: 1, RefProcThreadModel::Single, marks_oops_alive: false
[3163.348s][debug][gc,phases      ] GC(187) Reference Processing 0.105ms
[3163.348s][debug][gc,phases      ] GC(187)   VM Weak                        Min:  0.0, Avg:  0.0, Max:  0.0, Diff:  0.0, Sum:  0.0, Workers: 4
[3163.348s][debug][gc,phases      ] GC(187)     Dead                           Min: 0, Avg:  0.0, Max: 0, Diff: 0, Sum: 0, Workers: 4
[3163.348s][debug][gc,phases      ] GC(187)     Total                          Min: 0, Avg: 164.0, Max: 336, Diff: 336, Sum: 656, Workers: 4
[3163.348s][debug][gc,phases      ] GC(187)   ObjectSynchronizer Weak        Min:  0.0, Avg:  0.0, Max:  0.0, Diff:  0.0, Sum:  0.0, Workers: 4
[3163.348s][debug][gc,phases      ] GC(187)     Dead                           Min: 0, Avg:  0.0, Max: 0, Diff: 0, Sum: 0, Workers: 4
[3163.348s][debug][gc,phases      ] GC(187)     Total                          Min: 0, Avg: 121.0, Max: 192, Diff: 192, Sum: 484, Workers: 4
[3163.348s][debug][gc,phases      ] GC(187)   JVMTI Tag Weak OopStorage      Min:  0.0, Avg:  0.0, Max:  0.0, Diff:  0.0, Sum:  0.0, Workers: 4
[3163.348s][debug][gc,phases      ] GC(187)     Dead                           Min: 0, Avg:  0.0, Max: 0, Diff: 0, Sum: 0, Workers: 4
[3163.348s][debug][gc,phases      ] GC(187)     Total                          Min: 0, Avg:  0.0, Max: 0, Diff: 0, Sum: 0, Workers: 4
[3163.348s][debug][gc,phases      ] GC(187)   StringTable Weak               Min:  0.1, Avg:  0.1, Max:  0.1, Diff:  0.0, Sum:  0.4, Workers: 4
[3163.348s][debug][gc,phases      ] GC(187)     Dead                           Min: 0, Avg:  0.0, Max: 0, Diff: 0, Sum: 0, Workers: 4
[3163.348s][debug][gc,phases      ] GC(187)     Total                          Min: 8896, Avg: 12048.2, Max: 16064, Diff: 7168, Sum: 48193, Workers: 4
[3163.348s][debug][gc,phases      ] GC(187)   ResolvedMethodTable Weak       Min:  0.0, Avg:  0.0, Max:  0.0, Diff:  0.0, Sum:  0.1, Workers: 4
[3163.348s][debug][gc,phases      ] GC(187)     Dead                           Min: 0, Avg:  0.0, Max: 0, Diff: 0, Sum: 0, Workers: 4
[3163.348s][debug][gc,phases      ] GC(187)     Total                          Min: 1664, Avg: 2039.2, Max: 2368, Diff: 704, Sum: 8157, Workers: 4
[3163.348s][debug][gc,phases      ] GC(187)   JNI Weak                       Min:  0.0, Avg:  0.0, Max:  0.0, Diff:  0.0, Sum:  0.0, Workers: 4
[3163.348s][debug][gc,phases      ] GC(187)     Dead                           Min: 0, Avg:  0.0, Max: 0, Diff: 0, Sum: 0, Workers: 4
[3163.348s][debug][gc,phases      ] GC(187)     Total                          Min: 0, Avg:  0.0, Max: 0, Diff: 0, Sum: 0, Workers: 4
[3163.348s][debug][gc,phases      ] GC(187)   StringDedup Table Weak         Min:  0.0, Avg:  0.0, Max:  0.0, Diff:  0.0, Sum:  0.0, Workers: 4
[3163.348s][debug][gc,phases      ] GC(187)     Dead                           Min: 0, Avg:  0.0, Max: 0, Diff: 0, Sum: 0, Workers: 4
[3163.348s][debug][gc,phases      ] GC(187)     Total                          Min: 0, Avg:  0.0, Max: 0, Diff: 0, Sum: 0, Workers: 4
[3163.348s][debug][gc,phases      ] GC(187)   StringDedup Requests0 Weak     Min:  0.0, Avg:  0.0, Max:  0.0, Diff:  0.0, Sum:  0.0, Workers: 4
[3163.348s][debug][gc,phases      ] GC(187)     Dead                           Min: 0, Avg:  0.0, Max: 0, Diff: 0, Sum: 0, Workers: 4
[3163.348s][debug][gc,phases      ] GC(187)     Total                          Min: 0, Avg:  0.0, Max: 0, Diff: 0, Sum: 0, Workers: 4
[3163.348s][debug][gc,phases      ] GC(187)   StringDedup Requests1 Weak     Min:  0.0, Avg:  0.0, Max:  0.0, Diff:  0.0, Sum:  0.0, Workers: 4
[3163.348s][debug][gc,phases      ] GC(187)     Dead                           Min: 0, Avg:  0.0, Max: 0, Diff: 0, Sum: 0, Workers: 4
[3163.348s][debug][gc,phases      ] GC(187)     Total                          Min: 0, Avg:  0.0, Max: 0, Diff: 0, Sum: 0, Workers: 4
[3163.348s][debug][gc,phases      ] GC(187)   Weak JFR Old Object Samples    Min:  0.0, Avg:  0.0, Max:  0.0, Diff:  0.0, Sum:  0.0, Workers: 4
[3163.348s][debug][gc,phases      ] GC(187)     Dead                           Min: 0, Avg:  0.0, Max: 0, Diff: 0, Sum: 0, Workers: 4
[3163.348s][debug][gc,phases      ] GC(187)     Total                          Min: 0, Avg:  0.0, Max: 0, Diff: 0, Sum: 0, Workers: 4
[3163.348s][debug][gc,phases      ] GC(187) Weak Processing 0.286ms
[3163.348s][debug][gc,age         ] GC(187) Desired survivor size 51904512 bytes, new threshold 15 (max threshold 15)
[3163.348s][info ][gc,heap        ] GC(187) PSYoungGen: 2000016K(2038784K)->17072K(2046464K) Eden: 1982976K(1982976K)->0K(1993216K) From: 17040K(55808K)->17072K(53248K)
[3163.348s][info ][gc,heap        ] GC(187) ParOldGen: 451547K(475648K)->451563K(475648K)
[3163.348s][info ][gc,metaspace   ] GC(187) Metaspace: 81401K(82240K)->81401K(82240K) NonClass: 70004K(70464K)->70004K(70464K) Class: 11396K(11776K)->11396K(11776K)
[3163.348s][info ][gc             ] GC(187) Pause Young (Allocation Failure) 2394M->457M(2463M) 4.713ms
[3163.348s][info ][gc,cpu         ] GC(187) User=0.02s Sys=0.00s Real=0.00s
[3163.348s][info ][safepoint      ] Safepoint "ParallelGCFailedAllocation", Time since last: 9990983048 ns, Reaching safepoint: 95501 ns, At safepoint: 4792923 ns, Total: 4888424 ns
[3178.349s][info ][safepoint      ] Safepoint "Cleanup", Time since last: 15000930327 ns, Reaching safepoint: 58300 ns, At safepoint: 8200 ns, Total: 66500 ns
[3183.350s][info ][safepoint      ] Safepoint "Cleanup", Time since last: 5000312658 ns, Reaching safepoint: 58200 ns, At safepoint: 9300 ns, Total: 67500 ns
[3185.350s][info ][safepoint      ] Safepoint "Cleanup", Time since last: 2000123941 ns, Reaching safepoint: 51200 ns, At safepoint: 7300 ns, Total: 58500 ns
[3193.045s][info ][gc,start       ] GC(188) Pause Young (Allocation Failure)
[3193.048s][debug][gc,phases      ] GC(188) Scavenge 3.038ms
[3193.048s][debug][gc,ref         ] GC(188) Skipped phase 1 of Reference Processing: no references
[3193.048s][debug][gc,ref         ] GC(188) ReferenceProcessor::execute queues: 1, RefProcThreadModel::Single, marks_oops_alive: false
[3193.048s][debug][gc,ref         ] GC(188) Skipped phase 3 of Reference Processing: no references
[3193.048s][debug][gc,ref         ] GC(188) ReferenceProcessor::execute queues: 1, RefProcThreadModel::Single, marks_oops_alive: false
[3193.048s][debug][gc,phases      ] GC(188) Reference Processing 0.089ms
[3193.048s][debug][gc,phases      ] GC(188)   VM Weak                        Min:  0.0, Avg:  0.0, Max:  0.0, Diff:  0.0, Sum:  0.0, Workers: 4
[3193.048s][debug][gc,phases      ] GC(188)     Dead                           Min: 0, Avg:  0.0, Max: 0, Diff: 0, Sum: 0, Workers: 4
[3193.048s][debug][gc,phases      ] GC(188)     Total                          Min: 0, Avg: 164.0, Max: 528, Diff: 528, Sum: 656, Workers: 4
[3193.048s][debug][gc,phases      ] GC(188)   ObjectSynchronizer Weak        Min:  0.0, Avg:  0.0, Max:  0.0, Diff:  0.0, Sum:  0.0, Workers: 4
[3193.048s][debug][gc,phases      ] GC(188)     Dead                           Min: 0, Avg:  0.0, Max: 0, Diff: 0, Sum: 0, Workers: 4
[3193.048s][debug][gc,phases      ] GC(188)     Total                          Min: 0, Avg: 121.0, Max: 256, Diff: 256, Sum: 484, Workers: 4
[3193.048s][debug][gc,phases      ] GC(188)   JVMTI Tag Weak OopStorage      Min:  0.0, Avg:  0.0, Max:  0.0, Diff:  0.0, Sum:  0.0, Workers: 4
[3193.048s][debug][gc,phases      ] GC(188)     Dead                           Min: 0, Avg:  0.0, Max: 0, Diff: 0, Sum: 0, Workers: 4
[3193.048s][debug][gc,phases      ] GC(188)     Total                          Min: 0, Avg:  0.0, Max: 0, Diff: 0, Sum: 0, Workers: 4
[3193.048s][debug][gc,phases      ] GC(188)   StringTable Weak               Min:  0.1, Avg:  0.1, Max:  0.1, Diff:  0.0, Sum:  0.3, Workers: 4
[3193.048s][debug][gc,phases      ] GC(188)     Dead                           Min: 0, Avg:  0.0, Max: 0, Diff: 0, Sum: 0, Workers: 4
[3193.048s][debug][gc,phases      ] GC(188)     Total                          Min: 9224, Avg: 12050.0, Max: 15168, Diff: 5944, Sum: 48200, Workers: 4
[3193.048s][debug][gc,phases      ] GC(188)   ResolvedMethodTable Weak       Min:  0.0, Avg:  0.0, Max:  0.0, Diff:  0.0, Sum:  0.1, Workers: 4
[3193.048s][debug][gc,phases      ] GC(188)     Dead                           Min: 0, Avg:  0.0, Max: 0, Diff: 0, Sum: 0, Workers: 4
[3193.048s][debug][gc,phases      ] GC(188)     Total                          Min: 1600, Avg: 2039.2, Max: 2397, Diff: 797, Sum: 8157, Workers: 4
[3193.048s][debug][gc,phases      ] GC(188)   JNI Weak                       Min:  0.0, Avg:  0.0, Max:  0.0, Diff:  0.0, Sum:  0.0, Workers: 4
[3193.048s][debug][gc,phases      ] GC(188)     Dead                           Min: 0, Avg:  0.0, Max: 0, Diff: 0, Sum: 0, Workers: 4
[3193.048s][debug][gc,phases      ] GC(188)     Total                          Min: 0, Avg:  0.0, Max: 0, Diff: 0, Sum: 0, Workers: 4
[3193.048s][debug][gc,phases      ] GC(188)   StringDedup Table Weak         Min:  0.0, Avg:  0.0, Max:  0.0, Diff:  0.0, Sum:  0.0, Workers: 4
[3193.048s][debug][gc,phases      ] GC(188)     Dead                           Min: 0, Avg:  0.0, Max: 0, Diff: 0, Sum: 0, Workers: 4
[3193.048s][debug][gc,phases      ] GC(188)     Total                          Min: 0, Avg:  0.0, Max: 0, Diff: 0, Sum: 0, Workers: 4
[3193.048s][debug][gc,phases      ] GC(188)   StringDedup Requests0 Weak     Min:  0.0, Avg:  0.0, Max:  0.0, Diff:  0.0, Sum:  0.0, Workers: 4
[3193.048s][debug][gc,phases      ] GC(188)     Dead                           Min: 0, Avg:  0.0, Max: 0, Diff: 0, Sum: 0, Workers: 4
[3193.048s][debug][gc,phases      ] GC(188)     Total                          Min: 0, Avg:  0.0, Max: 0, Diff: 0, Sum: 0, Workers: 4
[3193.048s][debug][gc,phases      ] GC(188)   StringDedup Requests1 Weak     Min:  0.0, Avg:  0.0, Max:  0.0, Diff:  0.0, Sum:  0.0, Workers: 4
[3193.048s][debug][gc,phases      ] GC(188)     Dead                           Min: 0, Avg:  0.0, Max: 0, Diff: 0, Sum: 0, Workers: 4
[3193.048s][debug][gc,phases      ] GC(188)     Total                          Min: 0, Avg:  0.0, Max: 0, Diff: 0, Sum: 0, Workers: 4
[3193.048s][debug][gc,phases      ] GC(188)   Weak JFR Old Object Samples    Min:  0.0, Avg:  0.0, Max:  0.0, Diff:  0.0, Sum:  0.0, Workers: 4
[3193.048s][debug][gc,phases      ] GC(188)     Dead                           Min: 0, Avg:  0.0, Max: 0, Diff: 0, Sum: 0, Workers: 4
[3193.048s][debug][gc,phases      ] GC(188)     Total                          Min: 0, Avg:  0.0, Max: 0, Diff: 0, Sum: 0, Workers: 4
[3193.048s][debug][gc,phases      ] GC(188) Weak Processing 0.271ms
[3193.048s][debug][gc,age         ] GC(188) Desired survivor size 49807360 bytes, new threshold 15 (max threshold 15)
[3193.048s][info ][gc,heap        ] GC(188) PSYoungGen: 2010288K(2046464K)->3872K(2043904K) Eden: 1993216K(1993216K)->0K(1993216K) From: 17072K(53248K)->3872K(50688K)
[3193.048s][info ][gc,heap        ] GC(188) ParOldGen: 451563K(475648K)->451587K(475648K)
[3193.048s][info ][gc,metaspace   ] GC(188) Metaspace: 81403K(82240K)->81403K(82240K) NonClass: 70007K(70464K)->70007K(70464K) Class: 11396K(11776K)->11396K(11776K)
[3193.048s][info ][gc             ] GC(188) Pause Young (Allocation Failure) 2404M->444M(2460M) 3.483ms
[3193.048s][info ][gc,cpu         ] GC(188) User=0.01s Sys=0.00s Real=0.00s
[3193.048s][info ][safepoint      ] Safepoint "ParallelGCFailedAllocation", Time since last: 7694706561 ns, Reaching safepoint: 30001 ns, At safepoint: 3550517 ns, Total: 3580518 ns
[3194.048s][info ][safepoint      ] Safepoint "Cleanup", Time since last: 1000085667 ns, Reaching safepoint: 50100 ns, At safepoint: 7801 ns, Total: 57901 ns
[3210.049s][info ][safepoint      ] Safepoint "Cleanup", Time since last: 16000980230 ns, Reaching safepoint: 38400 ns, At safepoint: 28201 ns, Total: 66601 ns
[3224.050s][info ][safepoint      ] Safepoint "Cleanup", Time since last: 14000839833 ns, Reaching safepoint: 38000 ns, At safepoint: 5500 ns, Total: 43500 ns
[3225.645s][info ][gc,start       ] GC(189) Pause Young (Allocation Failure)
[3225.647s][debug][gc,phases      ] GC(189) Scavenge 2.352ms
[3225.647s][debug][gc,ref         ] GC(189) Skipped phase 1 of Reference Processing: no references
[3225.647s][debug][gc,ref         ] GC(189) ReferenceProcessor::execute queues: 1, RefProcThreadModel::Single, marks_oops_alive: false
[3225.647s][debug][gc,ref         ] GC(189) Skipped phase 3 of Reference Processing: no references
[3225.647s][debug][gc,ref         ] GC(189) ReferenceProcessor::execute queues: 1, RefProcThreadModel::Single, marks_oops_alive: false
[3225.647s][debug][gc,phases      ] GC(189) Reference Processing 0.099ms
[3225.647s][debug][gc,phases      ] GC(189)   VM Weak                        Min:  0.0, Avg:  0.0, Max:  0.0, Diff:  0.0, Sum:  0.0, Workers: 4
[3225.647s][debug][gc,phases      ] GC(189)     Dead                           Min: 0, Avg:  0.0, Max: 0, Diff: 0, Sum: 0, Workers: 4
[3225.647s][debug][gc,phases      ] GC(189)     Total                          Min: 0, Avg: 164.0, Max: 528, Diff: 528, Sum: 656, Workers: 4
[3225.647s][debug][gc,phases      ] GC(189)   ObjectSynchronizer Weak        Min:  0.0, Avg:  0.0, Max:  0.0, Diff:  0.0, Sum:  0.0, Workers: 4
[3225.647s][debug][gc,phases      ] GC(189)     Dead                           Min: 0, Avg:  0.0, Max: 0, Diff: 0, Sum: 0, Workers: 4
[3225.647s][debug][gc,phases      ] GC(189)     Total                          Min: 0, Avg: 121.0, Max: 292, Diff: 292, Sum: 484, Workers: 4
[3225.647s][debug][gc,phases      ] GC(189)   JVMTI Tag Weak OopStorage      Min:  0.0, Avg:  0.0, Max:  0.0, Diff:  0.0, Sum:  0.0, Workers: 4
[3225.647s][debug][gc,phases      ] GC(189)     Dead                           Min: 0, Avg:  0.0, Max: 0, Diff: 0, Sum: 0, Workers: 4
[3225.647s][debug][gc,phases      ] GC(189)     Total                          Min: 0, Avg:  0.0, Max: 0, Diff: 0, Sum: 0, Workers: 4
[3225.647s][debug][gc,phases      ] GC(189)   StringTable Weak               Min:  0.1, Avg:  0.1, Max:  0.1, Diff:  0.0, Sum:  0.3, Workers: 4
[3225.647s][debug][gc,phases      ] GC(189)     Dead                           Min: 0, Avg:  0.0, Max: 0, Diff: 0, Sum: 0, Workers: 4
[3225.647s][debug][gc,phases      ] GC(189)     Total                          Min: 10496, Avg: 12050.2, Max: 13120, Diff: 2624, Sum: 48201, Workers: 4
[3225.647s][debug][gc,phases      ] GC(189)   ResolvedMethodTable Weak       Min:  0.0, Avg:  0.0, Max:  0.0, Diff:  0.0, Sum:  0.1, Workers: 4
[3225.647s][debug][gc,phases      ] GC(189)     Dead                           Min: 0, Avg:  0.0, Max: 0, Diff: 0, Sum: 0, Workers: 4
[3225.647s][debug][gc,phases      ] GC(189)     Total                          Min: 1920, Avg: 2039.2, Max: 2141, Diff: 221, Sum: 8157, Workers: 4
[3225.647s][debug][gc,phases      ] GC(189)   JNI Weak                       Min:  0.0, Avg:  0.0, Max:  0.0, Diff:  0.0, Sum:  0.0, Workers: 4
[3225.647s][debug][gc,phases      ] GC(189)     Dead                           Min: 0, Avg:  0.0, Max: 0, Diff: 0, Sum: 0, Workers: 4
[3225.647s][debug][gc,phases      ] GC(189)     Total                          Min: 0, Avg:  0.0, Max: 0, Diff: 0, Sum: 0, Workers: 4
[3225.647s][debug][gc,phases      ] GC(189)   StringDedup Table Weak         Min:  0.0, Avg:  0.0, Max:  0.0, Diff:  0.0, Sum:  0.0, Workers: 4
[3225.647s][debug][gc,phases      ] GC(189)     Dead                           Min: 0, Avg:  0.0, Max: 0, Diff: 0, Sum: 0, Workers: 4
[3225.647s][debug][gc,phases      ] GC(189)     Total                          Min: 0, Avg:  0.0, Max: 0, Diff: 0, Sum: 0, Workers: 4
[3225.647s][debug][gc,phases      ] GC(189)   StringDedup Requests0 Weak     Min:  0.0, Avg:  0.0, Max:  0.0, Diff:  0.0, Sum:  0.0, Workers: 4
[3225.647s][debug][gc,phases      ] GC(189)     Dead                           Min: 0, Avg:  0.0, Max: 0, Diff: 0, Sum: 0, Workers: 4
[3225.647s][debug][gc,phases      ] GC(189)     Total                          Min: 0, Avg:  0.0, Max: 0, Diff: 0, Sum: 0, Workers: 4
[3225.647s][debug][gc,phases      ] GC(189)   StringDedup Requests1 Weak     Min:  0.0, Avg:  0.0, Max:  0.0, Diff:  0.0, Sum:  0.0, Workers: 4
[3225.647s][debug][gc,phases      ] GC(189)     Dead                           Min: 0, Avg:  0.0, Max: 0, Diff: 0, Sum: 0, Workers: 4
[3225.647s][debug][gc,phases      ] GC(189)     Total                          Min: 0, Avg:  0.0, Max: 0, Diff: 0, Sum: 0, Workers: 4
[3225.647s][debug][gc,phases      ] GC(189)   Weak JFR Old Object Samples    Min:  0.0, Avg:  0.0, Max:  0.0, Diff:  0.0, Sum:  0.0, Workers: 4
[3225.647s][debug][gc,phases      ] GC(189)     Dead                           Min: 0, Avg:  0.0, Max: 0, Diff: 0, Sum: 0, Workers: 4
[3225.647s][debug][gc,phases      ] GC(189)     Total                          Min: 0, Avg:  0.0, Max: 0, Diff: 0, Sum: 0, Workers: 4
[3225.647s][debug][gc,phases      ] GC(189) Weak Processing 0.229ms
[3225.647s][debug][gc,age         ] GC(189) Desired survivor size 47710208 bytes, new threshold 15 (max threshold 15)
[3225.647s][info ][gc,heap        ] GC(189) PSYoungGen: 1997088K(2043904K)->3856K(2050560K) Eden: 1993216K(1993216K)->0K(2001920K) From: 3872K(50688K)->3856K(48640K)
[3225.647s][info ][gc,heap        ] GC(189) ParOldGen: 451587K(475648K)->451611K(475648K)
[3225.647s][info ][gc,metaspace   ] GC(189) Metaspace: 81406K(82240K)->81406K(82240K) NonClass: 70009K(70464K)->70009K(70464K) Class: 11396K(11776K)->11396K(11776K)
[3225.647s][info ][gc             ] GC(189) Pause Young (Allocation Failure) 2391M->444M(2467M) 2.773ms
[3225.647s][info ][gc,cpu         ] GC(189) User=0.01s Sys=0.00s Real=0.00s
[3225.647s][info ][safepoint      ] Safepoint "ParallelGCFailedAllocation", Time since last: 1594268843 ns, Reaching safepoint: 40200 ns, At safepoint: 2841014 ns, Total: 2881214 ns
[3228.648s][info ][safepoint      ] Safepoint "Cleanup", Time since last: 3000176269 ns, Reaching safepoint: 40300 ns, At safepoint: 3100 ns, Total: 43400 ns
[3233.648s][info ][safepoint      ] Safepoint "Cleanup", Time since last: 5000356676 ns, Reaching safepoint: 42500 ns, At safepoint: 5500 ns, Total: 48000 ns
[3248.649s][info ][safepoint      ] Safepoint "Cleanup", Time since last: 15000953479 ns, Reaching safepoint: 41100 ns, At safepoint: 2700 ns, Total: 43800 ns
[3256.649s][info ][safepoint      ] Safepoint "Cleanup", Time since last: 8000482788 ns, Reaching safepoint: 41700 ns, At safepoint: 4600 ns, Total: 46300 ns
[3259.444s][info ][gc,start       ] GC(190) Pause Young (Allocation Failure)
[3259.446s][debug][gc,phases      ] GC(190) Scavenge 2.557ms
[3259.446s][debug][gc,ref         ] GC(190) Skipped phase 1 of Reference Processing: no references
[3259.446s][debug][gc,ref         ] GC(190) ReferenceProcessor::execute queues: 1, RefProcThreadModel::Single, marks_oops_alive: false
[3259.446s][debug][gc,ref         ] GC(190) Skipped phase 3 of Reference Processing: no references
[3259.446s][debug][gc,ref         ] GC(190) ReferenceProcessor::execute queues: 1, RefProcThreadModel::Single, marks_oops_alive: false
[3259.446s][debug][gc,phases      ] GC(190) Reference Processing 0.094ms
[3259.447s][debug][gc,phases      ] GC(190)   VM Weak                        Min:  0.0, Avg:  0.0, Max:  0.0, Diff:  0.0, Sum:  0.0, Workers: 4
[3259.447s][debug][gc,phases      ] GC(190)     Dead                           Min: 0, Avg:  0.0, Max: 0, Diff: 0, Sum: 0, Workers: 4
[3259.447s][debug][gc,phases      ] GC(190)     Total                          Min: 0, Avg: 164.0, Max: 512, Diff: 512, Sum: 656, Workers: 4
[3259.447s][debug][gc,phases      ] GC(190)   ObjectSynchronizer Weak        Min:  0.0, Avg:  0.0, Max:  0.0, Diff:  0.0, Sum:  0.0, Workers: 4
[3259.447s][debug][gc,phases      ] GC(190)     Dead                           Min: 0, Avg:  0.0, Max: 0, Diff: 0, Sum: 0, Workers: 4
[3259.447s][debug][gc,phases      ] GC(190)     Total                          Min: 0, Avg: 121.0, Max: 320, Diff: 320, Sum: 484, Workers: 4
[3259.447s][debug][gc,phases      ] GC(190)   JVMTI Tag Weak OopStorage      Min:  0.0, Avg:  0.0, Max:  0.0, Diff:  0.0, Sum:  0.0, Workers: 4
[3259.447s][debug][gc,phases      ] GC(190)     Dead                           Min: 0, Avg:  0.0, Max: 0, Diff: 0, Sum: 0, Workers: 4
[3259.447s][debug][gc,phases      ] GC(190)     Total                          Min: 0, Avg:  0.0, Max: 0, Diff: 0, Sum: 0, Workers: 4
[3259.447s][debug][gc,phases      ] GC(190)   StringTable Weak               Min:  0.1, Avg:  0.1, Max:  0.1, Diff:  0.0, Sum:  0.4, Workers: 4
[3259.447s][debug][gc,phases      ] GC(190)     Dead                           Min: 0, Avg:  0.0, Max: 0, Diff: 0, Sum: 0, Workers: 4
[3259.447s][debug][gc,phases      ] GC(190)     Total                          Min: 9408, Avg: 12050.2, Max: 14985, Diff: 5577, Sum: 48201, Workers: 4
[3259.447s][debug][gc,phases      ] GC(190)   ResolvedMethodTable Weak       Min:  0.0, Avg:  0.0, Max:  0.0, Diff:  0.0, Sum:  0.1, Workers: 4
[3259.447s][debug][gc,phases      ] GC(190)     Dead                           Min: 0, Avg:  0.0, Max: 0, Diff: 0, Sum: 0, Workers: 4
[3259.447s][debug][gc,phases      ] GC(190)     Total                          Min: 1728, Avg: 2039.2, Max: 2653, Diff: 925, Sum: 8157, Workers: 4
[3259.447s][debug][gc,phases      ] GC(190)   JNI Weak                       Min:  0.0, Avg:  0.0, Max:  0.0, Diff:  0.0, Sum:  0.0, Workers: 4
[3259.447s][debug][gc,phases      ] GC(190)     Dead                           Min: 0, Avg:  0.0, Max: 0, Diff: 0, Sum: 0, Workers: 4
[3259.447s][debug][gc,phases      ] GC(190)     Total                          Min: 0, Avg:  0.0, Max: 0, Diff: 0, Sum: 0, Workers: 4
[3259.447s][debug][gc,phases      ] GC(190)   StringDedup Table Weak         Min:  0.0, Avg:  0.0, Max:  0.0, Diff:  0.0, Sum:  0.0, Workers: 4
[3259.447s][debug][gc,phases      ] GC(190)     Dead                           Min: 0, Avg:  0.0, Max: 0, Diff: 0, Sum: 0, Workers: 4
[3259.447s][debug][gc,phases      ] GC(190)     Total                          Min: 0, Avg:  0.0, Max: 0, Diff: 0, Sum: 0, Workers: 4
[3259.447s][debug][gc,phases      ] GC(190)   StringDedup Requests0 Weak     Min:  0.0, Avg:  0.0, Max:  0.0, Diff:  0.0, Sum:  0.0, Workers: 4
[3259.447s][debug][gc,phases      ] GC(190)     Dead                           Min: 0, Avg:  0.0, Max: 0, Diff: 0, Sum: 0, Workers: 4
[3259.447s][debug][gc,phases      ] GC(190)     Total                          Min: 0, Avg:  0.0, Max: 0, Diff: 0, Sum: 0, Workers: 4
[3259.447s][debug][gc,phases      ] GC(190)   StringDedup Requests1 Weak     Min:  0.0, Avg:  0.0, Max:  0.0, Diff:  0.0, Sum:  0.0, Workers: 4
[3259.447s][debug][gc,phases      ] GC(190)     Dead                           Min: 0, Avg:  0.0, Max: 0, Diff: 0, Sum: 0, Workers: 4
[3259.447s][debug][gc,phases      ] GC(190)     Total                          Min: 0, Avg:  0.0, Max: 0, Diff: 0, Sum: 0, Workers: 4
[3259.447s][debug][gc,phases      ] GC(190)   Weak JFR Old Object Samples    Min:  0.0, Avg:  0.0, Max:  0.0, Diff:  0.0, Sum:  0.0, Workers: 4
[3259.447s][debug][gc,phases      ] GC(190)     Dead                           Min: 0, Avg:  0.0, Max: 0, Diff: 0, Sum: 0, Workers: 4
[3259.447s][debug][gc,phases      ] GC(190)     Total                          Min: 0, Avg:  0.0, Max: 0, Diff: 0, Sum: 0, Workers: 4
[3259.447s][debug][gc,phases      ] GC(190) Weak Processing 0.294ms
[3259.447s][debug][gc,age         ] GC(190) Desired survivor size 45088768 bytes, new threshold 15 (max threshold 15)
[3259.447s][info ][gc,heap        ] GC(190) PSYoungGen: 2005776K(2050560K)->3920K(2048512K) Eden: 2001920K(2001920K)->0K(2001920K) From: 3856K(48640K)->3920K(46592K)
[3259.447s][info ][gc,heap        ] GC(190) ParOldGen: 451611K(475648K)->451659K(475648K)
[3259.447s][info ][gc,metaspace   ] GC(190) Metaspace: 81408K(82240K)->81408K(82240K) NonClass: 70011K(70464K)->70011K(70464K) Class: 11396K(11776K)->11396K(11776K)
[3259.447s][info ][gc             ] GC(190) Pause Young (Allocation Failure) 2399M->444M(2465M) 3.045ms
[3259.447s][info ][gc,cpu         ] GC(190) User=0.01s Sys=0.00s Real=0.00s
[3259.447s][info ][safepoint      ] Safepoint "ParallelGCFailedAllocation", Time since last: 2794183442 ns, Reaching safepoint: 30201 ns, At safepoint: 3122315 ns, Total: 3152516 ns
[3263.447s][info ][safepoint      ] Safepoint "Cleanup", Time since last: 4000275283 ns, Reaching safepoint: 45200 ns, At safepoint: 4200 ns, Total: 49400 ns
[3264.447s][info ][safepoint      ] Safepoint "Cleanup", Time since last: 1000092346 ns, Reaching safepoint: 35700 ns, At safepoint: 2600 ns, Total: 38300 ns
[3267.448s][info ][safepoint      ] Safepoint "Cleanup", Time since last: 3000225034 ns, Reaching safepoint: 29200 ns, At safepoint: 3200 ns, Total: 32400 ns
[3270.448s][info ][safepoint      ] Safepoint "Cleanup", Time since last: 3000179431 ns, Reaching safepoint: 44100 ns, At safepoint: 9400 ns, Total: 53500 ns
[3272.448s][info ][safepoint      ] Safepoint "Cleanup", Time since last: 2000160386 ns, Reaching safepoint: 38800 ns, At safepoint: 2300 ns, Total: 41100 ns
[3278.448s][info ][safepoint      ] Safepoint "Cleanup", Time since last: 6000450851 ns, Reaching safepoint: 42000 ns, At safepoint: 4000 ns, Total: 46000 ns
[3280.449s][info ][safepoint      ] Safepoint "Cleanup", Time since last: 2000161782 ns, Reaching safepoint: 39100 ns, At safepoint: 2000 ns, Total: 41100 ns
[3291.441s][info ][gc,start       ] GC(191) Pause Young (Allocation Failure)
[3291.444s][debug][gc,phases      ] GC(191) Scavenge 2.543ms
[3291.444s][debug][gc,ref         ] GC(191) Skipped phase 1 of Reference Processing: no references
[3291.444s][debug][gc,ref         ] GC(191) ReferenceProcessor::execute queues: 1, RefProcThreadModel::Single, marks_oops_alive: false
[3291.444s][debug][gc,ref         ] GC(191) Skipped phase 3 of Reference Processing: no references
[3291.444s][debug][gc,ref         ] GC(191) ReferenceProcessor::execute queues: 1, RefProcThreadModel::Single, marks_oops_alive: false
[3291.444s][debug][gc,phases      ] GC(191) Reference Processing 0.077ms
[3291.444s][debug][gc,phases      ] GC(191)   VM Weak                        Min:  0.0, Avg:  0.0, Max:  0.0, Diff:  0.0, Sum:  0.0, Workers: 4
[3291.444s][debug][gc,phases      ] GC(191)     Dead                           Min: 0, Avg:  0.0, Max: 0, Diff: 0, Sum: 0, Workers: 4
[3291.444s][debug][gc,phases      ] GC(191)     Total                          Min: 0, Avg: 164.0, Max: 336, Diff: 336, Sum: 656, Workers: 4
[3291.444s][debug][gc,phases      ] GC(191)   ObjectSynchronizer Weak        Min:  0.0, Avg:  0.0, Max:  0.0, Diff:  0.0, Sum:  0.0, Workers: 4
[3291.444s][debug][gc,phases      ] GC(191)     Dead                           Min: 0, Avg:  0.0, Max: 0, Diff: 0, Sum: 0, Workers: 4
[3291.444s][debug][gc,phases      ] GC(191)     Total                          Min: 0, Avg: 121.0, Max: 356, Diff: 356, Sum: 484, Workers: 4
[3291.444s][debug][gc,phases      ] GC(191)   JVMTI Tag Weak OopStorage      Min:  0.0, Avg:  0.0, Max:  0.0, Diff:  0.0, Sum:  0.0, Workers: 4
[3291.444s][debug][gc,phases      ] GC(191)     Dead                           Min: 0, Avg:  0.0, Max: 0, Diff: 0, Sum: 0, Workers: 4
[3291.444s][debug][gc,phases      ] GC(191)     Total                          Min: 0, Avg:  0.0, Max: 0, Diff: 0, Sum: 0, Workers: 4
[3291.444s][debug][gc,phases      ] GC(191)   StringTable Weak               Min:  0.1, Avg:  0.1, Max:  0.1, Diff:  0.0, Sum:  0.3, Workers: 4
[3291.444s][debug][gc,phases      ] GC(191)     Dead                           Min: 0, Avg:  0.0, Max: 0, Diff: 0, Sum: 0, Workers: 4
[3291.444s][debug][gc,phases      ] GC(191)     Total                          Min: 9408, Avg: 12050.2, Max: 15241, Diff: 5833, Sum: 48201, Workers: 4
[3291.444s][debug][gc,phases      ] GC(191)   ResolvedMethodTable Weak       Min:  0.0, Avg:  0.0, Max:  0.0, Diff:  0.0, Sum:  0.1, Workers: 4
[3291.444s][debug][gc,phases      ] GC(191)     Dead                           Min: 0, Avg:  0.0, Max: 0, Diff: 0, Sum: 0, Workers: 4
[3291.444s][debug][gc,phases      ] GC(191)     Total                          Min: 1664, Avg: 2039.2, Max: 2461, Diff: 797, Sum: 8157, Workers: 4
[3291.444s][debug][gc,phases      ] GC(191)   JNI Weak                       Min:  0.0, Avg:  0.0, Max:  0.0, Diff:  0.0, Sum:  0.0, Workers: 4
[3291.444s][debug][gc,phases      ] GC(191)     Dead                           Min: 0, Avg:  0.0, Max: 0, Diff: 0, Sum: 0, Workers: 4
[3291.444s][debug][gc,phases      ] GC(191)     Total                          Min: 0, Avg:  0.0, Max: 0, Diff: 0, Sum: 0, Workers: 4
[3291.444s][debug][gc,phases      ] GC(191)   StringDedup Table Weak         Min:  0.0, Avg:  0.0, Max:  0.0, Diff:  0.0, Sum:  0.0, Workers: 4
[3291.444s][debug][gc,phases      ] GC(191)     Dead                           Min: 0, Avg:  0.0, Max: 0, Diff: 0, Sum: 0, Workers: 4
[3291.444s][debug][gc,phases      ] GC(191)     Total                          Min: 0, Avg:  0.0, Max: 0, Diff: 0, Sum: 0, Workers: 4
[3291.444s][debug][gc,phases      ] GC(191)   StringDedup Requests0 Weak     Min:  0.0, Avg:  0.0, Max:  0.0, Diff:  0.0, Sum:  0.0, Workers: 4
[3291.444s][debug][gc,phases      ] GC(191)     Dead                           Min: 0, Avg:  0.0, Max: 0, Diff: 0, Sum: 0, Workers: 4
[3291.444s][debug][gc,phases      ] GC(191)     Total                          Min: 0, Avg:  0.0, Max: 0, Diff: 0, Sum: 0, Workers: 4
[3291.444s][debug][gc,phases      ] GC(191)   StringDedup Requests1 Weak     Min:  0.0, Avg:  0.0, Max:  0.0, Diff:  0.0, Sum:  0.0, Workers: 4
[3291.444s][debug][gc,phases      ] GC(191)     Dead                           Min: 0, Avg:  0.0, Max: 0, Diff: 0, Sum: 0, Workers: 4
[3291.444s][debug][gc,phases      ] GC(191)     Total                          Min: 0, Avg:  0.0, Max: 0, Diff: 0, Sum: 0, Workers: 4
[3291.444s][debug][gc,phases      ] GC(191)   Weak JFR Old Object Samples    Min:  0.0, Avg:  0.0, Max:  0.0, Diff:  0.0, Sum:  0.0, Workers: 4
[3291.444s][debug][gc,phases      ] GC(191)     Dead                           Min: 0, Avg:  0.0, Max: 0, Diff: 0, Sum: 0, Workers: 4
[3291.444s][debug][gc,phases      ] GC(191)     Total                          Min: 0, Avg:  0.0, Max: 0, Diff: 0, Sum: 0, Workers: 4
[3291.444s][debug][gc,phases      ] GC(191) Weak Processing 0.256ms
[3291.444s][debug][gc,age         ] GC(191) Desired survivor size 42991616 bytes, new threshold 15 (max threshold 15)
[3291.444s][info ][gc,heap        ] GC(191) PSYoungGen: 2005840K(2048512K)->3888K(2055168K) Eden: 2001920K(2001920K)->0K(2011136K) From: 3920K(46592K)->3888K(44032K)
[3291.444s][info ][gc,heap        ] GC(191) ParOldGen: 451659K(475648K)->451667K(475648K)
[3291.444s][info ][gc,metaspace   ] GC(191) Metaspace: 81409K(82240K)->81409K(82240K) NonClass: 70012K(70464K)->70012K(70464K) Class: 11396K(11776K)->11396K(11776K)
[3291.444s][info ][gc             ] GC(191) Pause Young (Allocation Failure) 2399M->444M(2471M) 2.957ms
[3291.444s][info ][gc,cpu         ] GC(191) User=0.01s Sys=0.00s Real=0.00s
[3291.444s][info ][safepoint      ] Safepoint "ParallelGCFailedAllocation", Time since last: 10992538287 ns, Reaching safepoint: 101501 ns, At safepoint: 3025814 ns, Total: 3127315 ns
[3299.445s][info ][safepoint      ] Safepoint "Cleanup", Time since last: 8000473289 ns, Reaching safepoint: 40601 ns, At safepoint: 4200 ns, Total: 44801 ns
[3304.445s][info ][safepoint      ] Safepoint "Cleanup", Time since last: 5000360772 ns, Reaching safepoint: 44400 ns, At safepoint: 7900 ns, Total: 52300 ns
[3320.446s][info ][safepoint      ] Safepoint "Cleanup", Time since last: 16000948404 ns, Reaching safepoint: 46400 ns, At safepoint: 2300 ns, Total: 48700 ns
[3324.447s][info ][safepoint      ] Safepoint "Cleanup", Time since last: 4000242616 ns, Reaching safepoint: 29200 ns, At safepoint: 2800 ns, Total: 32000 ns
[3326.993s][info ][gc,start       ] GC(192) Pause Young (Allocation Failure)
[3326.995s][debug][gc,phases      ] GC(192) Scavenge 2.271ms
[3326.995s][debug][gc,ref         ] GC(192) Skipped phase 1 of Reference Processing: no references
[3326.995s][debug][gc,ref         ] GC(192) ReferenceProcessor::execute queues: 1, RefProcThreadModel::Single, marks_oops_alive: false
[3326.995s][debug][gc,ref         ] GC(192) Skipped phase 3 of Reference Processing: no references
[3326.995s][debug][gc,ref         ] GC(192) ReferenceProcessor::execute queues: 1, RefProcThreadModel::Single, marks_oops_alive: false
[3326.995s][debug][gc,phases      ] GC(192) Reference Processing 0.092ms
[3326.996s][debug][gc,phases      ] GC(192)   VM Weak                        Min:  0.0, Avg:  0.0, Max:  0.0, Diff:  0.0, Sum:  0.0, Workers: 4
[3326.996s][debug][gc,phases      ] GC(192)     Dead                           Min: 0, Avg:  0.0, Max: 0, Diff: 0, Sum: 0, Workers: 4
[3326.996s][debug][gc,phases      ] GC(192)     Total                          Min: 0, Avg: 164.0, Max: 320, Diff: 320, Sum: 656, Workers: 4
[3326.996s][debug][gc,phases      ] GC(192)   ObjectSynchronizer Weak        Min:  0.0, Avg:  0.0, Max:  0.0, Diff:  0.0, Sum:  0.0, Workers: 4
[3326.996s][debug][gc,phases      ] GC(192)     Dead                           Min: 0, Avg:  0.0, Max: 0, Diff: 0, Sum: 0, Workers: 4
[3326.996s][debug][gc,phases      ] GC(192)     Total                          Min: 0, Avg: 121.0, Max: 192, Diff: 192, Sum: 484, Workers: 4
[3326.996s][debug][gc,phases      ] GC(192)   JVMTI Tag Weak OopStorage      Min:  0.0, Avg:  0.0, Max:  0.0, Diff:  0.0, Sum:  0.0, Workers: 4
[3326.996s][debug][gc,phases      ] GC(192)     Dead                           Min: 0, Avg:  0.0, Max: 0, Diff: 0, Sum: 0, Workers: 4
[3326.996s][debug][gc,phases      ] GC(192)     Total                          Min: 0, Avg:  0.0, Max: 0, Diff: 0, Sum: 0, Workers: 4
[3326.996s][debug][gc,phases      ] GC(192)   StringTable Weak               Min:  0.1, Avg:  0.1, Max:  0.1, Diff:  0.0, Sum:  0.3, Workers: 4
[3326.996s][debug][gc,phases      ] GC(192)     Dead                           Min: 0, Avg:  0.0, Max: 0, Diff: 0, Sum: 0, Workers: 4
[3326.996s][debug][gc,phases      ] GC(192)     Total                          Min: 11776, Avg: 12050.5, Max: 12416, Diff: 640, Sum: 48202, Workers: 4
[3326.996s][debug][gc,phases      ] GC(192)   ResolvedMethodTable Weak       Min:  0.0, Avg:  0.0, Max:  0.0, Diff:  0.0, Sum:  0.1, Workers: 4
[3326.996s][debug][gc,phases      ] GC(192)     Dead                           Min: 0, Avg:  0.0, Max: 0, Diff: 0, Sum: 0, Workers: 4
[3326.996s][debug][gc,phases      ] GC(192)     Total                          Min: 1984, Avg: 2039.2, Max: 2077, Diff: 93, Sum: 8157, Workers: 4
[3326.996s][debug][gc,phases      ] GC(192)   JNI Weak                       Min:  0.0, Avg:  0.0, Max:  0.0, Diff:  0.0, Sum:  0.0, Workers: 4
[3326.996s][debug][gc,phases      ] GC(192)     Dead                           Min: 0, Avg:  0.0, Max: 0, Diff: 0, Sum: 0, Workers: 4
[3326.996s][debug][gc,phases      ] GC(192)     Total                          Min: 0, Avg:  0.0, Max: 0, Diff: 0, Sum: 0, Workers: 4
[3326.996s][debug][gc,phases      ] GC(192)   StringDedup Table Weak         Min:  0.0, Avg:  0.0, Max:  0.0, Diff:  0.0, Sum:  0.0, Workers: 4
[3326.996s][debug][gc,phases      ] GC(192)     Dead                           Min: 0, Avg:  0.0, Max: 0, Diff: 0, Sum: 0, Workers: 4
[3326.996s][debug][gc,phases      ] GC(192)     Total                          Min: 0, Avg:  0.0, Max: 0, Diff: 0, Sum: 0, Workers: 4
[3326.996s][debug][gc,phases      ] GC(192)   StringDedup Requests0 Weak     Min:  0.0, Avg:  0.0, Max:  0.0, Diff:  0.0, Sum:  0.0, Workers: 4
[3326.996s][debug][gc,phases      ] GC(192)     Dead                           Min: 0, Avg:  0.0, Max: 0, Diff: 0, Sum: 0, Workers: 4
[3326.996s][debug][gc,phases      ] GC(192)     Total                          Min: 0, Avg:  0.0, Max: 0, Diff: 0, Sum: 0, Workers: 4
[3326.996s][debug][gc,phases      ] GC(192)   StringDedup Requests1 Weak     Min:  0.0, Avg:  0.0, Max:  0.0, Diff:  0.0, Sum:  0.0, Workers: 4
[3326.996s][debug][gc,phases      ] GC(192)     Dead                           Min: 0, Avg:  0.0, Max: 0, Diff: 0, Sum: 0, Workers: 4
[3326.996s][debug][gc,phases      ] GC(192)     Total                          Min: 0, Avg:  0.0, Max: 0, Diff: 0, Sum: 0, Workers: 4
[3326.996s][debug][gc,phases      ] GC(192)   Weak JFR Old Object Samples    Min:  0.0, Avg:  0.0, Max:  0.0, Diff:  0.0, Sum:  0.0, Workers: 4
[3326.996s][debug][gc,phases      ] GC(192)     Dead                           Min: 0, Avg:  0.0, Max: 0, Diff: 0, Sum: 0, Workers: 4
[3326.996s][debug][gc,phases      ] GC(192)     Total                          Min: 0, Avg:  0.0, Max: 0, Diff: 0, Sum: 0, Workers: 4
[3326.996s][debug][gc,phases      ] GC(192) Weak Processing 0.246ms
[3326.996s][debug][gc,age         ] GC(192) Desired survivor size 40894464 bytes, new threshold 15 (max threshold 15)
[3326.996s][info ][gc,heap        ] GC(192) PSYoungGen: 2015024K(2055168K)->3888K(2053120K) Eden: 2011136K(2011136K)->0K(2011136K) From: 3888K(44032K)->3888K(41984K)
[3326.996s][info ][gc,heap        ] GC(192) ParOldGen: 451667K(475648K)->451699K(475648K)
[3326.996s][info ][gc,metaspace   ] GC(192) Metaspace: 81411K(82240K)->81411K(82240K) NonClass: 70014K(70464K)->70014K(70464K) Class: 11396K(11776K)->11396K(11776K)
[3326.996s][info ][gc             ] GC(192) Pause Young (Allocation Failure) 2408M->444M(2469M) 2.704ms
[3326.996s][info ][gc,cpu         ] GC(192) User=0.01s Sys=0.00s Real=0.00s
[3326.996s][info ][safepoint      ] Safepoint "ParallelGCFailedAllocation", Time since last: 2546381393 ns, Reaching safepoint: 96601 ns, At safepoint: 2777413 ns, Total: 2874014 ns
[3344.997s][info ][safepoint      ] Safepoint "Cleanup", Time since last: 18001101957 ns, Reaching safepoint: 49900 ns, At safepoint: 7100 ns, Total: 57000 ns
[3345.997s][info ][safepoint      ] Safepoint "Cleanup", Time since last: 1000106923 ns, Reaching safepoint: 52401 ns, At safepoint: 10100 ns, Total: 62501 ns
[3357.998s][info ][safepoint      ] Safepoint "Cleanup", Time since last: 12000752156 ns, Reaching safepoint: 47600 ns, At safepoint: 2800 ns, Total: 50400 ns
[3359.944s][info ][gc,start       ] GC(193) Pause Young (Allocation Failure)
[3359.946s][debug][gc,phases      ] GC(193) Scavenge 2.130ms
[3359.946s][debug][gc,ref         ] GC(193) Skipped phase 1 of Reference Processing: no references
[3359.946s][debug][gc,ref         ] GC(193) ReferenceProcessor::execute queues: 1, RefProcThreadModel::Single, marks_oops_alive: false
[3359.946s][debug][gc,ref         ] GC(193) Skipped phase 3 of Reference Processing: no references
[3359.946s][debug][gc,ref         ] GC(193) ReferenceProcessor::execute queues: 1, RefProcThreadModel::Single, marks_oops_alive: false
[3359.946s][debug][gc,phases      ] GC(193) Reference Processing 0.090ms
[3359.946s][debug][gc,phases      ] GC(193)   VM Weak                        Min:  0.0, Avg:  0.0, Max:  0.0, Diff:  0.0, Sum:  0.0, Workers: 4
[3359.946s][debug][gc,phases      ] GC(193)     Dead                           Min: 0, Avg:  0.0, Max: 0, Diff: 0, Sum: 0, Workers: 4
[3359.946s][debug][gc,phases      ] GC(193)     Total                          Min: 0, Avg: 164.0, Max: 656, Diff: 656, Sum: 656, Workers: 4
[3359.946s][debug][gc,phases      ] GC(193)   ObjectSynchronizer Weak        Min:  0.0, Avg:  0.0, Max:  0.0, Diff:  0.0, Sum:  0.0, Workers: 4
[3359.946s][debug][gc,phases      ] GC(193)     Dead                           Min: 0, Avg:  0.0, Max: 0, Diff: 0, Sum: 0, Workers: 4
[3359.946s][debug][gc,phases      ] GC(193)     Total                          Min: 0, Avg: 121.0, Max: 228, Diff: 228, Sum: 484, Workers: 4
[3359.946s][debug][gc,phases      ] GC(193)   JVMTI Tag Weak OopStorage      Min:  0.0, Avg:  0.0, Max:  0.0, Diff:  0.0, Sum:  0.0, Workers: 4
[3359.946s][debug][gc,phases      ] GC(193)     Dead                           Min: 0, Avg:  0.0, Max: 0, Diff: 0, Sum: 0, Workers: 4
[3359.946s][debug][gc,phases      ] GC(193)     Total                          Min: 0, Avg:  0.0, Max: 0, Diff: 0, Sum: 0, Workers: 4
[3359.946s][debug][gc,phases      ] GC(193)   StringTable Weak               Min:  0.1, Avg:  0.1, Max:  0.1, Diff:  0.0, Sum:  0.3, Workers: 4
[3359.946s][debug][gc,phases      ] GC(193)     Dead                           Min: 0, Avg:  0.0, Max: 0, Diff: 0, Sum: 0, Workers: 4
[3359.946s][debug][gc,phases      ] GC(193)     Total                          Min: 9408, Avg: 12050.5, Max: 13568, Diff: 4160, Sum: 48202, Workers: 4
[3359.946s][debug][gc,phases      ] GC(193)   ResolvedMethodTable Weak       Min:  0.0, Avg:  0.0, Max:  0.0, Diff:  0.0, Sum:  0.1, Workers: 4
[3359.946s][debug][gc,phases      ] GC(193)     Dead                           Min: 0, Avg:  0.0, Max: 0, Diff: 0, Sum: 0, Workers: 4
[3359.946s][debug][gc,phases      ] GC(193)     Total                          Min: 1984, Avg: 2039.2, Max: 2112, Diff: 128, Sum: 8157, Workers: 4
[3359.946s][debug][gc,phases      ] GC(193)   JNI Weak                       Min:  0.0, Avg:  0.0, Max:  0.0, Diff:  0.0, Sum:  0.0, Workers: 4
[3359.946s][debug][gc,phases      ] GC(193)     Dead                           Min: 0, Avg:  0.0, Max: 0, Diff: 0, Sum: 0, Workers: 4
[3359.946s][debug][gc,phases      ] GC(193)     Total                          Min: 0, Avg:  0.0, Max: 0, Diff: 0, Sum: 0, Workers: 4
[3359.946s][debug][gc,phases      ] GC(193)   StringDedup Table Weak         Min:  0.0, Avg:  0.0, Max:  0.0, Diff:  0.0, Sum:  0.0, Workers: 4
[3359.946s][debug][gc,phases      ] GC(193)     Dead                           Min: 0, Avg:  0.0, Max: 0, Diff: 0, Sum: 0, Workers: 4
[3359.946s][debug][gc,phases      ] GC(193)     Total                          Min: 0, Avg:  0.0, Max: 0, Diff: 0, Sum: 0, Workers: 4
[3359.946s][debug][gc,phases      ] GC(193)   StringDedup Requests0 Weak     Min:  0.0, Avg:  0.0, Max:  0.0, Diff:  0.0, Sum:  0.0, Workers: 4
[3359.946s][debug][gc,phases      ] GC(193)     Dead                           Min: 0, Avg:  0.0, Max: 0, Diff: 0, Sum: 0, Workers: 4
[3359.946s][debug][gc,phases      ] GC(193)     Total                          Min: 0, Avg:  0.0, Max: 0, Diff: 0, Sum: 0, Workers: 4
[3359.946s][debug][gc,phases      ] GC(193)   StringDedup Requests1 Weak     Min:  0.0, Avg:  0.0, Max:  0.0, Diff:  0.0, Sum:  0.0, Workers: 4
[3359.946s][debug][gc,phases      ] GC(193)     Dead                           Min: 0, Avg:  0.0, Max: 0, Diff: 0, Sum: 0, Workers: 4
[3359.946s][debug][gc,phases      ] GC(193)     Total                          Min: 0, Avg:  0.0, Max: 0, Diff: 0, Sum: 0, Workers: 4
[3359.946s][debug][gc,phases      ] GC(193)   Weak JFR Old Object Samples    Min:  0.0, Avg:  0.0, Max:  0.0, Diff:  0.0, Sum:  0.0, Workers: 4
[3359.946s][debug][gc,phases      ] GC(193)     Dead                           Min: 0, Avg:  0.0, Max: 0, Diff: 0, Sum: 0, Workers: 4
[3359.946s][debug][gc,phases      ] GC(193)     Total                          Min: 0, Avg:  0.0, Max: 0, Diff: 0, Sum: 0, Workers: 4
[3359.946s][debug][gc,phases      ] GC(193) Weak Processing 0.246ms
[3359.946s][debug][gc,age         ] GC(193) Desired survivor size 38797312 bytes, new threshold 15 (max threshold 15)
[3359.946s][info ][gc,heap        ] GC(193) PSYoungGen: 2015024K(2053120K)->3904K(2059264K) Eden: 2011136K(2011136K)->0K(2019328K) From: 3888K(41984K)->3904K(39936K)
[3359.946s][info ][gc,heap        ] GC(193) ParOldGen: 451699K(475648K)->451715K(475648K)
[3359.946s][info ][gc,metaspace   ] GC(193) Metaspace: 81413K(82240K)->81413K(82240K) NonClass: 70016K(70464K)->70016K(70464K) Class: 11396K(11776K)->11396K(11776K)
[3359.946s][info ][gc             ] GC(193) Pause Young (Allocation Failure) 2408M->444M(2475M) 2.564ms
[3359.946s][info ][gc,cpu         ] GC(193) User=0.01s Sys=0.00s Real=0.00s
[3359.946s][info ][safepoint      ] Safepoint "ParallelGCFailedAllocation", Time since last: 1945844278 ns, Reaching safepoint: 27900 ns, At safepoint: 2632613 ns, Total: 2660513 ns
[3368.947s][info ][safepoint      ] Safepoint "Cleanup", Time since last: 9000514364 ns, Reaching safepoint: 45001 ns, At safepoint: 2700 ns, Total: 47701 ns
[3391.949s][info ][safepoint      ] Safepoint "Cleanup", Time since last: 23001498334 ns, Reaching safepoint: 58400 ns, At safepoint: 6501 ns, Total: 64901 ns
[3392.144s][info ][gc,start       ] GC(194) Pause Young (Allocation Failure)
[3392.146s][debug][gc,phases      ] GC(194) Scavenge 1.877ms
[3392.146s][debug][gc,ref         ] GC(194) Skipped phase 1 of Reference Processing: no references
[3392.146s][debug][gc,ref         ] GC(194) ReferenceProcessor::execute queues: 1, RefProcThreadModel::Single, marks_oops_alive: false
[3392.146s][debug][gc,ref         ] GC(194) Skipped phase 3 of Reference Processing: no references
[3392.146s][debug][gc,ref         ] GC(194) ReferenceProcessor::execute queues: 1, RefProcThreadModel::Single, marks_oops_alive: false
[3392.146s][debug][gc,phases      ] GC(194) Reference Processing 0.089ms
[3392.146s][debug][gc,phases      ] GC(194)   VM Weak                        Min:  0.0, Avg:  0.0, Max:  0.0, Diff:  0.0, Sum:  0.0, Workers: 4
[3392.146s][debug][gc,phases      ] GC(194)     Dead                           Min: 0, Avg:  0.0, Max: 0, Diff: 0, Sum: 0, Workers: 4
[3392.146s][debug][gc,phases      ] GC(194)     Total                          Min: 0, Avg: 164.0, Max: 656, Diff: 656, Sum: 656, Workers: 4
[3392.146s][debug][gc,phases      ] GC(194)   ObjectSynchronizer Weak        Min:  0.0, Avg:  0.0, Max:  0.0, Diff:  0.0, Sum:  0.0, Workers: 4
[3392.146s][debug][gc,phases      ] GC(194)     Dead                           Min: 0, Avg:  0.0, Max: 0, Diff: 0, Sum: 0, Workers: 4
[3392.146s][debug][gc,phases      ] GC(194)     Total                          Min: 0, Avg: 121.0, Max: 256, Diff: 256, Sum: 484, Workers: 4
[3392.146s][debug][gc,phases      ] GC(194)   JVMTI Tag Weak OopStorage      Min:  0.0, Avg:  0.0, Max:  0.0, Diff:  0.0, Sum:  0.0, Workers: 4
[3392.146s][debug][gc,phases      ] GC(194)     Dead                           Min: 0, Avg:  0.0, Max: 0, Diff: 0, Sum: 0, Workers: 4
[3392.146s][debug][gc,phases      ] GC(194)     Total                          Min: 0, Avg:  0.0, Max: 0, Diff: 0, Sum: 0, Workers: 4
[3392.146s][debug][gc,phases      ] GC(194)   StringTable Weak               Min:  0.1, Avg:  0.1, Max:  0.1, Diff:  0.0, Sum:  0.3, Workers: 4
[3392.146s][debug][gc,phases      ] GC(194)     Dead                           Min: 0, Avg:  0.0, Max: 0, Diff: 0, Sum: 0, Workers: 4
[3392.146s][debug][gc,phases      ] GC(194)     Total                          Min: 9216, Avg: 12050.8, Max: 15040, Diff: 5824, Sum: 48203, Workers: 4
[3392.146s][debug][gc,phases      ] GC(194)   ResolvedMethodTable Weak       Min:  0.0, Avg:  0.0, Max:  0.0, Diff:  0.0, Sum:  0.1, Workers: 4
[3392.146s][debug][gc,phases      ] GC(194)     Dead                           Min: 0, Avg:  0.0, Max: 0, Diff: 0, Sum: 0, Workers: 4
[3392.146s][debug][gc,phases      ] GC(194)     Total                          Min: 1664, Avg: 2039.2, Max: 2816, Diff: 1152, Sum: 8157, Workers: 4
[3392.146s][debug][gc,phases      ] GC(194)   JNI Weak                       Min:  0.0, Avg:  0.0, Max:  0.0, Diff:  0.0, Sum:  0.0, Workers: 4
[3392.146s][debug][gc,phases      ] GC(194)     Dead                           Min: 0, Avg:  0.0, Max: 0, Diff: 0, Sum: 0, Workers: 4
[3392.146s][debug][gc,phases      ] GC(194)     Total                          Min: 0, Avg:  0.0, Max: 0, Diff: 0, Sum: 0, Workers: 4
[3392.146s][debug][gc,phases      ] GC(194)   StringDedup Table Weak         Min:  0.0, Avg:  0.0, Max:  0.0, Diff:  0.0, Sum:  0.0, Workers: 4
[3392.146s][debug][gc,phases      ] GC(194)     Dead                           Min: 0, Avg:  0.0, Max: 0, Diff: 0, Sum: 0, Workers: 4
[3392.146s][debug][gc,phases      ] GC(194)     Total                          Min: 0, Avg:  0.0, Max: 0, Diff: 0, Sum: 0, Workers: 4
[3392.146s][debug][gc,phases      ] GC(194)   StringDedup Requests0 Weak     Min:  0.0, Avg:  0.0, Max:  0.0, Diff:  0.0, Sum:  0.0, Workers: 4
[3392.146s][debug][gc,phases      ] GC(194)     Dead                           Min: 0, Avg:  0.0, Max: 0, Diff: 0, Sum: 0, Workers: 4
[3392.146s][debug][gc,phases      ] GC(194)     Total                          Min: 0, Avg:  0.0, Max: 0, Diff: 0, Sum: 0, Workers: 4
[3392.146s][debug][gc,phases      ] GC(194)   StringDedup Requests1 Weak     Min:  0.0, Avg:  0.0, Max:  0.0, Diff:  0.0, Sum:  0.0, Workers: 4
[3392.146s][debug][gc,phases      ] GC(194)     Dead                           Min: 0, Avg:  0.0, Max: 0, Diff: 0, Sum: 0, Workers: 4
[3392.146s][debug][gc,phases      ] GC(194)     Total                          Min: 0, Avg:  0.0, Max: 0, Diff: 0, Sum: 0, Workers: 4
[3392.146s][debug][gc,phases      ] GC(194)   Weak JFR Old Object Samples    Min:  0.0, Avg:  0.0, Max:  0.0, Diff:  0.0, Sum:  0.0, Workers: 4
[3392.146s][debug][gc,phases      ] GC(194)     Dead                           Min: 0, Avg:  0.0, Max: 0, Diff: 0, Sum: 0, Workers: 4
[3392.146s][debug][gc,phases      ] GC(194)     Total                          Min: 0, Avg:  0.0, Max: 0, Diff: 0, Sum: 0, Workers: 4
[3392.146s][debug][gc,phases      ] GC(194) Weak Processing 0.267ms
[3392.146s][debug][gc,age         ] GC(194) Desired survivor size 37224448 bytes, new threshold 15 (max threshold 15)
[3392.146s][info ][gc,heap        ] GC(194) PSYoungGen: 2023232K(2059264K)->1056K(2057216K) Eden: 2019328K(2019328K)->0K(2019328K) From: 3904K(39936K)->1056K(37888K)
[3392.146s][info ][gc,heap        ] GC(194) ParOldGen: 451715K(475648K)->451731K(475648K)
[3392.146s][info ][gc,metaspace   ] GC(194) Metaspace: 81414K(82240K)->81414K(82240K) NonClass: 70017K(70464K)->70017K(70464K) Class: 11396K(11776K)->11396K(11776K)
[3392.146s][info ][gc             ] GC(194) Pause Young (Allocation Failure) 2416M->442M(2473M) 2.324ms
[3392.146s][info ][gc,cpu         ] GC(194) User=0.01s Sys=0.00s Real=0.00s
[3392.146s][info ][safepoint      ] Safepoint "ParallelGCFailedAllocation", Time since last: 195195339 ns, Reaching safepoint: 24600 ns, At safepoint: 2387911 ns, Total: 2412511 ns
[3394.146s][info ][safepoint      ] Safepoint "Cleanup", Time since last: 2000137624 ns, Reaching safepoint: 41300 ns, At safepoint: 27800 ns, Total: 69100 ns
[3396.147s][info ][safepoint      ] Safepoint "Cleanup", Time since last: 2000165822 ns, Reaching safepoint: 40501 ns, At safepoint: 2800 ns, Total: 43301 ns
[3397.147s][info ][safepoint      ] Safepoint "Cleanup", Time since last: 1000111711 ns, Reaching safepoint: 107700 ns, At safepoint: 11700 ns, Total: 119400 ns
[3411.148s][info ][safepoint      ] Safepoint "Cleanup", Time since last: 14000854128 ns, Reaching safepoint: 41200 ns, At safepoint: 5000 ns, Total: 46200 ns
[3416.148s][info ][safepoint      ] Safepoint "Cleanup", Time since last: 5000276635 ns, Reaching safepoint: 52200 ns, At safepoint: 2800 ns, Total: 55000 ns
[3417.144s][info ][gc,start       ] GC(195) Pause Young (Allocation Failure)
[3417.151s][debug][gc,phases      ] GC(195) Scavenge 7.663ms
[3417.151s][debug][gc,ref         ] GC(195) Skipped phase 1 of Reference Processing: no references
[3417.151s][debug][gc,ref         ] GC(195) ReferenceProcessor::execute queues: 1, RefProcThreadModel::Single, marks_oops_alive: false
[3417.151s][debug][gc,ref         ] GC(195) Skipped phase 3 of Reference Processing: no references
[3417.151s][debug][gc,ref         ] GC(195) ReferenceProcessor::execute queues: 1, RefProcThreadModel::Single, marks_oops_alive: false
[3417.151s][debug][gc,phases      ] GC(195) Reference Processing 0.094ms
[3417.152s][debug][gc,phases      ] GC(195)   VM Weak                        Min:  0.0, Avg:  0.0, Max:  0.0, Diff:  0.0, Sum:  0.0, Workers: 4
[3417.152s][debug][gc,phases      ] GC(195)     Dead                           Min: 0, Avg:  0.0, Max: 0, Diff: 0, Sum: 0, Workers: 4
[3417.152s][debug][gc,phases      ] GC(195)     Total                          Min: 0, Avg: 164.0, Max: 384, Diff: 384, Sum: 656, Workers: 4
[3417.152s][debug][gc,phases      ] GC(195)   ObjectSynchronizer Weak        Min:  0.0, Avg:  0.0, Max:  0.0, Diff:  0.0, Sum:  0.0, Workers: 4
[3417.152s][debug][gc,phases      ] GC(195)     Dead                           Min: 0, Avg:  0.0, Max: 0, Diff: 0, Sum: 0, Workers: 4
[3417.152s][debug][gc,phases      ] GC(195)     Total                          Min: 0, Avg: 121.0, Max: 256, Diff: 256, Sum: 484, Workers: 4
[3417.152s][debug][gc,phases      ] GC(195)   JVMTI Tag Weak OopStorage      Min:  0.0, Avg:  0.0, Max:  0.0, Diff:  0.0, Sum:  0.0, Workers: 4
[3417.152s][debug][gc,phases      ] GC(195)     Dead                           Min: 0, Avg:  0.0, Max: 0, Diff: 0, Sum: 0, Workers: 4
[3417.152s][debug][gc,phases      ] GC(195)     Total                          Min: 0, Avg:  0.0, Max: 0, Diff: 0, Sum: 0, Workers: 4
[3417.152s][debug][gc,phases      ] GC(195)   StringTable Weak               Min:  0.1, Avg:  0.1, Max:  0.1, Diff:  0.0, Sum:  0.4, Workers: 4
[3417.152s][debug][gc,phases      ] GC(195)     Dead                           Min: 0, Avg:  0.0, Max: 0, Diff: 0, Sum: 0, Workers: 4
[3417.152s][debug][gc,phases      ] GC(195)     Total                          Min: 9536, Avg: 12052.8, Max: 14656, Diff: 5120, Sum: 48211, Workers: 4
[3417.152s][debug][gc,phases      ] GC(195)   ResolvedMethodTable Weak       Min:  0.0, Avg:  0.0, Max:  0.0, Diff:  0.0, Sum:  0.1, Workers: 4
[3417.152s][debug][gc,phases      ] GC(195)     Dead                           Min: 0, Avg:  0.0, Max: 0, Diff: 0, Sum: 0, Workers: 4
[3417.152s][debug][gc,phases      ] GC(195)     Total                          Min: 1565, Avg: 2039.2, Max: 2560, Diff: 995, Sum: 8157, Workers: 4
[3417.152s][debug][gc,phases      ] GC(195)   JNI Weak                       Min:  0.0, Avg:  0.0, Max:  0.0, Diff:  0.0, Sum:  0.0, Workers: 4
[3417.152s][debug][gc,phases      ] GC(195)     Dead                           Min: 0, Avg:  0.0, Max: 0, Diff: 0, Sum: 0, Workers: 4
[3417.152s][debug][gc,phases      ] GC(195)     Total                          Min: 0, Avg:  0.0, Max: 0, Diff: 0, Sum: 0, Workers: 4
[3417.152s][debug][gc,phases      ] GC(195)   StringDedup Table Weak         Min:  0.0, Avg:  0.0, Max:  0.0, Diff:  0.0, Sum:  0.0, Workers: 4
[3417.152s][debug][gc,phases      ] GC(195)     Dead                           Min: 0, Avg:  0.0, Max: 0, Diff: 0, Sum: 0, Workers: 4
[3417.152s][debug][gc,phases      ] GC(195)     Total                          Min: 0, Avg:  0.0, Max: 0, Diff: 0, Sum: 0, Workers: 4
[3417.152s][debug][gc,phases      ] GC(195)   StringDedup Requests0 Weak     Min:  0.0, Avg:  0.0, Max:  0.0, Diff:  0.0, Sum:  0.0, Workers: 4
[3417.152s][debug][gc,phases      ] GC(195)     Dead                           Min: 0, Avg:  0.0, Max: 0, Diff: 0, Sum: 0, Workers: 4
[3417.152s][debug][gc,phases      ] GC(195)     Total                          Min: 0, Avg:  0.0, Max: 0, Diff: 0, Sum: 0, Workers: 4
[3417.152s][debug][gc,phases      ] GC(195)   StringDedup Requests1 Weak     Min:  0.0, Avg:  0.0, Max:  0.0, Diff:  0.0, Sum:  0.0, Workers: 4
[3417.152s][debug][gc,phases      ] GC(195)     Dead                           Min: 0, Avg:  0.0, Max: 0, Diff: 0, Sum: 0, Workers: 4
[3417.152s][debug][gc,phases      ] GC(195)     Total                          Min: 0, Avg:  0.0, Max: 0, Diff: 0, Sum: 0, Workers: 4
[3417.152s][debug][gc,phases      ] GC(195)   Weak JFR Old Object Samples    Min:  0.0, Avg:  0.0, Max:  0.0, Diff:  0.0, Sum:  0.0, Workers: 4
[3417.152s][debug][gc,phases      ] GC(195)     Dead                           Min: 0, Avg:  0.0, Max: 0, Diff: 0, Sum: 0, Workers: 4
[3417.152s][debug][gc,phases      ] GC(195)     Total                          Min: 0, Avg:  0.0, Max: 0, Diff: 0, Sum: 0, Workers: 4
[3417.152s][debug][gc,phases      ] GC(195) Weak Processing 0.266ms
[3417.152s][debug][gc,age         ] GC(195) Desired survivor size 38273024 bytes, new threshold 15 (max threshold 15)
[3417.152s][info ][gc,heap        ] GC(195) PSYoungGen: 2020384K(2057216K)->18432K(2058752K) Eden: 2019328K(2019328K)->0K(2022400K) From: 1056K(37888K)->18432K(36352K)
[3417.152s][info ][gc,heap        ] GC(195) ParOldGen: 451731K(475648K)->451763K(475648K)
[3417.152s][info ][gc,metaspace   ] GC(195) Metaspace: 81423K(82240K)->81423K(82240K) NonClass: 70026K(70464K)->70026K(70464K) Class: 11396K(11776K)->11396K(11776K)
[3417.152s][info ][gc             ] GC(195) Pause Young (Allocation Failure) 2414M->459M(2475M) 8.135ms
[3417.152s][info ][gc,cpu         ] GC(195) User=0.03s Sys=0.00s Real=0.01s
[3417.152s][info ][safepoint      ] Safepoint "ParallelGCFailedAllocation", Time since last: 995505884 ns, Reaching safepoint: 37101 ns, At safepoint: 8206739 ns, Total: 8243840 ns
[3428.153s][info ][safepoint      ] Safepoint "Cleanup", Time since last: 11000727356 ns, Reaching safepoint: 54400 ns, At safepoint: 6400 ns, Total: 60800 ns
[3442.154s][info ][safepoint      ] Safepoint "Cleanup", Time since last: 14000888734 ns, Reaching safepoint: 44100 ns, At safepoint: 6900 ns, Total: 51000 ns
[3443.154s][info ][safepoint      ] Safepoint "Cleanup", Time since last: 1000105501 ns, Reaching safepoint: 30200 ns, At safepoint: 3400 ns, Total: 33600 ns
[3449.445s][info ][gc,start       ] GC(196) Pause Young (Allocation Failure)
[3449.450s][debug][gc,phases      ] GC(196) Scavenge 5.515ms
[3449.450s][debug][gc,ref         ] GC(196) Skipped phase 1 of Reference Processing: no references
[3449.450s][debug][gc,ref         ] GC(196) ReferenceProcessor::execute queues: 1, RefProcThreadModel::Single, marks_oops_alive: false
[3449.450s][debug][gc,ref         ] GC(196) Skipped phase 3 of Reference Processing: no references
[3449.450s][debug][gc,ref         ] GC(196) ReferenceProcessor::execute queues: 1, RefProcThreadModel::Single, marks_oops_alive: false
[3449.450s][debug][gc,phases      ] GC(196) Reference Processing 0.102ms
[3449.451s][debug][gc,phases      ] GC(196)   VM Weak                        Min:  0.0, Avg:  0.0, Max:  0.0, Diff:  0.0, Sum:  0.0, Workers: 4
[3449.451s][debug][gc,phases      ] GC(196)     Dead                           Min: 0, Avg:  0.0, Max: 0, Diff: 0, Sum: 0, Workers: 4
[3449.451s][debug][gc,phases      ] GC(196)     Total                          Min: 0, Avg: 164.0, Max: 528, Diff: 528, Sum: 656, Workers: 4
[3449.451s][debug][gc,phases      ] GC(196)   ObjectSynchronizer Weak        Min:  0.0, Avg:  0.0, Max:  0.0, Diff:  0.0, Sum:  0.0, Workers: 4
[3449.451s][debug][gc,phases      ] GC(196)     Dead                           Min: 0, Avg:  0.0, Max: 0, Diff: 0, Sum: 0, Workers: 4
[3449.451s][debug][gc,phases      ] GC(196)     Total                          Min: 0, Avg: 121.0, Max: 292, Diff: 292, Sum: 484, Workers: 4
[3449.451s][debug][gc,phases      ] GC(196)   JVMTI Tag Weak OopStorage      Min:  0.0, Avg:  0.0, Max:  0.0, Diff:  0.0, Sum:  0.0, Workers: 4
[3449.451s][debug][gc,phases      ] GC(196)     Dead                           Min: 0, Avg:  0.0, Max: 0, Diff: 0, Sum: 0, Workers: 4
[3449.451s][debug][gc,phases      ] GC(196)     Total                          Min: 0, Avg:  0.0, Max: 0, Diff: 0, Sum: 0, Workers: 4
[3449.451s][debug][gc,phases      ] GC(196)   StringTable Weak               Min:  0.1, Avg:  0.1, Max:  0.1, Diff:  0.0, Sum:  0.4, Workers: 4
[3449.451s][debug][gc,phases      ] GC(196)     Dead                           Min: 0, Avg:  0.0, Max: 0, Diff: 0, Sum: 0, Workers: 4
[3449.451s][debug][gc,phases      ] GC(196)     Total                          Min: 9216, Avg: 12053.0, Max: 14996, Diff: 5780, Sum: 48212, Workers: 4
[3449.451s][debug][gc,phases      ] GC(196)   ResolvedMethodTable Weak       Min:  0.0, Avg:  0.0, Max:  0.0, Diff:  0.0, Sum:  0.1, Workers: 4
[3449.451s][debug][gc,phases      ] GC(196)     Dead                           Min: 0, Avg:  0.0, Max: 0, Diff: 0, Sum: 0, Workers: 4
[3449.451s][debug][gc,phases      ] GC(196)     Total                          Min: 1728, Avg: 2039.2, Max: 2397, Diff: 669, Sum: 8157, Workers: 4
[3449.451s][debug][gc,phases      ] GC(196)   JNI Weak                       Min:  0.0, Avg:  0.0, Max:  0.0, Diff:  0.0, Sum:  0.0, Workers: 4
[3449.451s][debug][gc,phases      ] GC(196)     Dead                           Min: 0, Avg:  0.0, Max: 0, Diff: 0, Sum: 0, Workers: 4
[3449.451s][debug][gc,phases      ] GC(196)     Total                          Min: 0, Avg:  0.0, Max: 0, Diff: 0, Sum: 0, Workers: 4
[3449.451s][debug][gc,phases      ] GC(196)   StringDedup Table Weak         Min:  0.0, Avg:  0.0, Max:  0.0, Diff:  0.0, Sum:  0.0, Workers: 4
[3449.451s][debug][gc,phases      ] GC(196)     Dead                           Min: 0, Avg:  0.0, Max: 0, Diff: 0, Sum: 0, Workers: 4
[3449.451s][debug][gc,phases      ] GC(196)     Total                          Min: 0, Avg:  0.0, Max: 0, Diff: 0, Sum: 0, Workers: 4
[3449.451s][debug][gc,phases      ] GC(196)   StringDedup Requests0 Weak     Min:  0.0, Avg:  0.0, Max:  0.0, Diff:  0.0, Sum:  0.0, Workers: 4
[3449.451s][debug][gc,phases      ] GC(196)     Dead                           Min: 0, Avg:  0.0, Max: 0, Diff: 0, Sum: 0, Workers: 4
[3449.451s][debug][gc,phases      ] GC(196)     Total                          Min: 0, Avg:  0.0, Max: 0, Diff: 0, Sum: 0, Workers: 4
[3449.451s][debug][gc,phases      ] GC(196)   StringDedup Requests1 Weak     Min:  0.0, Avg:  0.0, Max:  0.0, Diff:  0.0, Sum:  0.0, Workers: 4
[3449.451s][debug][gc,phases      ] GC(196)     Dead                           Min: 0, Avg:  0.0, Max: 0, Diff: 0, Sum: 0, Workers: 4
[3449.451s][debug][gc,phases      ] GC(196)     Total                          Min: 0, Avg:  0.0, Max: 0, Diff: 0, Sum: 0, Workers: 4
[3449.451s][debug][gc,phases      ] GC(196)   Weak JFR Old Object Samples    Min:  0.0, Avg:  0.0, Max:  0.0, Diff:  0.0, Sum:  0.0, Workers: 4
[3449.451s][debug][gc,phases      ] GC(196)     Dead                           Min: 0, Avg:  0.0, Max: 0, Diff: 0, Sum: 0, Workers: 4
[3449.451s][debug][gc,phases      ] GC(196)     Total                          Min: 0, Avg:  0.0, Max: 0, Diff: 0, Sum: 0, Workers: 4
[3449.451s][debug][gc,phases      ] GC(196) Weak Processing 0.252ms
[3449.451s][debug][gc,age         ] GC(196) Desired survivor size 38797312 bytes, new threshold 15 (max threshold 15)
[3449.451s][info ][gc,heap        ] GC(196) PSYoungGen: 2040832K(2058752K)->18480K(2041344K) Eden: 2022400K(2022400K)->0K(2022400K) From: 18432K(36352K)->18480K(18944K)
[3449.451s][info ][gc,heap        ] GC(196) ParOldGen: 451763K(475648K)->451795K(475648K)
[3449.451s][info ][gc,metaspace   ] GC(196) Metaspace: 81426K(82240K)->81426K(82240K) NonClass: 70028K(70464K)->70028K(70464K) Class: 11397K(11776K)->11397K(11776K)
[3449.451s][info ][gc             ] GC(196) Pause Young (Allocation Failure) 2434M->459M(2458M) 5.995ms
[3449.451s][info ][gc,cpu         ] GC(196) User=0.03s Sys=0.00s Real=0.01s
[3449.451s][info ][safepoint      ] Safepoint "ParallelGCFailedAllocation", Time since last: 6290965195 ns, Reaching safepoint: 37301 ns, At safepoint: 6071929 ns, Total: 6109230 ns
[3459.451s][info ][safepoint      ] Safepoint "Cleanup", Time since last: 10000641484 ns, Reaching safepoint: 48100 ns, At safepoint: 2700 ns, Total: 50800 ns
[3476.452s][info ][safepoint      ] Safepoint "Cleanup", Time since last: 17001039528 ns, Reaching safepoint: 43400 ns, At safepoint: 7400 ns, Total: 50800 ns
[3479.293s][info ][gc,start       ] GC(197) Pause Young (Allocation Failure)
[3479.299s][debug][gc,phases      ] GC(197) Scavenge 5.178ms
[3479.299s][debug][gc,ref         ] GC(197) Skipped phase 1 of Reference Processing: no references
[3479.299s][debug][gc,ref         ] GC(197) Skipped phase 2 of Reference Processing: no references
[3479.299s][debug][gc,ref         ] GC(197) Skipped phase 3 of Reference Processing: no references
[3479.299s][debug][gc,ref         ] GC(197) Skipped phase 4 of Reference Processing: no references
[3479.299s][debug][gc,phases      ] GC(197) Reference Processing 0.018ms
[3479.299s][debug][gc,phases      ] GC(197)   VM Weak                        Min:  0.0, Avg:  0.0, Max:  0.0, Diff:  0.0, Sum:  0.0, Workers: 4
[3479.299s][debug][gc,phases      ] GC(197)     Dead                           Min: 0, Avg:  0.0, Max: 0, Diff: 0, Sum: 0, Workers: 4
[3479.299s][debug][gc,phases      ] GC(197)     Total                          Min: 0, Avg: 164.0, Max: 656, Diff: 656, Sum: 656, Workers: 4
[3479.299s][debug][gc,phases      ] GC(197)   ObjectSynchronizer Weak        Min:  0.0, Avg:  0.0, Max:  0.0, Diff:  0.0, Sum:  0.0, Workers: 4
[3479.299s][debug][gc,phases      ] GC(197)     Dead                           Min: 0, Avg:  0.0, Max: 0, Diff: 0, Sum: 0, Workers: 4
[3479.299s][debug][gc,phases      ] GC(197)     Total                          Min: 0, Avg: 121.0, Max: 484, Diff: 484, Sum: 484, Workers: 4
[3479.299s][debug][gc,phases      ] GC(197)   JVMTI Tag Weak OopStorage      Min:  0.0, Avg:  0.0, Max:  0.0, Diff:  0.0, Sum:  0.0, Workers: 4
[3479.299s][debug][gc,phases      ] GC(197)     Dead                           Min: 0, Avg:  0.0, Max: 0, Diff: 0, Sum: 0, Workers: 4
[3479.299s][debug][gc,phases      ] GC(197)     Total                          Min: 0, Avg:  0.0, Max: 0, Diff: 0, Sum: 0, Workers: 4
[3479.299s][debug][gc,phases      ] GC(197)   StringTable Weak               Min:  0.1, Avg:  0.1, Max:  0.1, Diff:  0.0, Sum:  0.4, Workers: 4
[3479.299s][debug][gc,phases      ] GC(197)     Dead                           Min: 0, Avg:  0.0, Max: 0, Diff: 0, Sum: 0, Workers: 4
[3479.299s][debug][gc,phases      ] GC(197)     Total                          Min: 9280, Avg: 12053.0, Max: 15104, Diff: 5824, Sum: 48212, Workers: 4
[3479.299s][debug][gc,phases      ] GC(197)   ResolvedMethodTable Weak       Min:  0.0, Avg:  0.0, Max:  0.0, Diff:  0.0, Sum:  0.1, Workers: 4
[3479.299s][debug][gc,phases      ] GC(197)     Dead                           Min: 0, Avg:  0.0, Max: 0, Diff: 0, Sum: 0, Workers: 4
[3479.299s][debug][gc,phases      ] GC(197)     Total                          Min: 1664, Avg: 2039.2, Max: 2432, Diff: 768, Sum: 8157, Workers: 4
[3479.299s][debug][gc,phases      ] GC(197)   JNI Weak                       Min:  0.0, Avg:  0.0, Max:  0.0, Diff:  0.0, Sum:  0.0, Workers: 4
[3479.299s][debug][gc,phases      ] GC(197)     Dead                           Min: 0, Avg:  0.0, Max: 0, Diff: 0, Sum: 0, Workers: 4
[3479.299s][debug][gc,phases      ] GC(197)     Total                          Min: 0, Avg:  0.0, Max: 0, Diff: 0, Sum: 0, Workers: 4
[3479.299s][debug][gc,phases      ] GC(197)   StringDedup Table Weak         Min:  0.0, Avg:  0.0, Max:  0.0, Diff:  0.0, Sum:  0.0, Workers: 4
[3479.299s][debug][gc,phases      ] GC(197)     Dead                           Min: 0, Avg:  0.0, Max: 0, Diff: 0, Sum: 0, Workers: 4
[3479.299s][debug][gc,phases      ] GC(197)     Total                          Min: 0, Avg:  0.0, Max: 0, Diff: 0, Sum: 0, Workers: 4
[3479.299s][debug][gc,phases      ] GC(197)   StringDedup Requests0 Weak     Min:  0.0, Avg:  0.0, Max:  0.0, Diff:  0.0, Sum:  0.0, Workers: 4
[3479.299s][debug][gc,phases      ] GC(197)     Dead                           Min: 0, Avg:  0.0, Max: 0, Diff: 0, Sum: 0, Workers: 4
[3479.299s][debug][gc,phases      ] GC(197)     Total                          Min: 0, Avg:  0.0, Max: 0, Diff: 0, Sum: 0, Workers: 4
[3479.299s][debug][gc,phases      ] GC(197)   StringDedup Requests1 Weak     Min:  0.0, Avg:  0.0, Max:  0.0, Diff:  0.0, Sum:  0.0, Workers: 4
[3479.299s][debug][gc,phases      ] GC(197)     Dead                           Min: 0, Avg:  0.0, Max: 0, Diff: 0, Sum: 0, Workers: 4
[3479.299s][debug][gc,phases      ] GC(197)     Total                          Min: 0, Avg:  0.0, Max: 0, Diff: 0, Sum: 0, Workers: 4
[3479.299s][debug][gc,phases      ] GC(197)   Weak JFR Old Object Samples    Min:  0.0, Avg:  0.0, Max:  0.0, Diff:  0.0, Sum:  0.0, Workers: 4
[3479.299s][debug][gc,phases      ] GC(197)     Dead                           Min: 0, Avg:  0.0, Max: 0, Diff: 0, Sum: 0, Workers: 4
[3479.299s][debug][gc,phases      ] GC(197)     Total                          Min: 0, Avg:  0.0, Max: 0, Diff: 0, Sum: 0, Workers: 4
[3479.299s][debug][gc,phases      ] GC(197) Weak Processing 0.266ms
[3479.299s][debug][gc,age         ] GC(197) Desired survivor size 39321600 bytes, new threshold 15 (max threshold 15)
[3479.299s][info ][gc,heap        ] GC(197) PSYoungGen: 2040880K(2041344K)->18496K(2058240K) Eden: 2022400K(2022400K)->0K(2020352K) From: 18480K(18944K)->18496K(37888K)
[3479.299s][info ][gc,heap        ] GC(197) ParOldGen: 451795K(475648K)->451819K(475648K)
[3479.299s][info ][gc,metaspace   ] GC(197) Metaspace: 81427K(82240K)->81427K(82240K) NonClass: 70029K(70464K)->70029K(70464K) Class: 11397K(11776K)->11397K(11776K)
[3479.299s][info ][gc             ] GC(197) Pause Young (Allocation Failure) 2434M->459M(2474M) 5.555ms
[3479.299s][info ][gc,cpu         ] GC(197) User=0.02s Sys=0.00s Real=0.00s
[3479.299s][info ][safepoint      ] Safepoint "ParallelGCFailedAllocation", Time since last: 2840693417 ns, Reaching safepoint: 91900 ns, At safepoint: 5621927 ns, Total: 5713827 ns
[3501.300s][info ][safepoint      ] Safepoint "Cleanup", Time since last: 22001314611 ns, Reaching safepoint: 40300 ns, At safepoint: 2500 ns, Total: 42800 ns
[3508.444s][info ][gc,start       ] GC(198) Pause Young (Allocation Failure)
[3508.449s][debug][gc,phases      ] GC(198) Scavenge 5.117ms
[3508.449s][debug][gc,ref         ] GC(198) Skipped phase 1 of Reference Processing: no references
[3508.449s][debug][gc,ref         ] GC(198) Skipped phase 2 of Reference Processing: no references
[3508.449s][debug][gc,ref         ] GC(198) Skipped phase 3 of Reference Processing: no references
[3508.449s][debug][gc,ref         ] GC(198) Skipped phase 4 of Reference Processing: no references
[3508.449s][debug][gc,phases      ] GC(198) Reference Processing 0.035ms
[3508.449s][debug][gc,phases      ] GC(198)   VM Weak                        Min:  0.0, Avg:  0.0, Max:  0.0, Diff:  0.0, Sum:  0.0, Workers: 4
[3508.449s][debug][gc,phases      ] GC(198)     Dead                           Min: 0, Avg:  0.0, Max: 0, Diff: 0, Sum: 0, Workers: 4
[3508.449s][debug][gc,phases      ] GC(198)     Total                          Min: 0, Avg: 164.0, Max: 656, Diff: 656, Sum: 656, Workers: 4
[3508.449s][debug][gc,phases      ] GC(198)   ObjectSynchronizer Weak        Min:  0.0, Avg:  0.0, Max:  0.0, Diff:  0.0, Sum:  0.0, Workers: 4
[3508.449s][debug][gc,phases      ] GC(198)     Dead                           Min: 0, Avg:  0.0, Max: 0, Diff: 0, Sum: 0, Workers: 4
[3508.449s][debug][gc,phases      ] GC(198)     Total                          Min: 0, Avg: 121.0, Max: 448, Diff: 448, Sum: 484, Workers: 4
[3508.449s][debug][gc,phases      ] GC(198)   JVMTI Tag Weak OopStorage      Min:  0.0, Avg:  0.0, Max:  0.0, Diff:  0.0, Sum:  0.0, Workers: 4
[3508.449s][debug][gc,phases      ] GC(198)     Dead                           Min: 0, Avg:  0.0, Max: 0, Diff: 0, Sum: 0, Workers: 4
[3508.449s][debug][gc,phases      ] GC(198)     Total                          Min: 0, Avg:  0.0, Max: 0, Diff: 0, Sum: 0, Workers: 4
[3508.449s][debug][gc,phases      ] GC(198)   StringTable Weak               Min:  0.1, Avg:  0.1, Max:  0.1, Diff:  0.0, Sum:  0.4, Workers: 4
[3508.449s][debug][gc,phases      ] GC(198)     Dead                           Min: 0, Avg:  0.0, Max: 0, Diff: 0, Sum: 0, Workers: 4
[3508.449s][debug][gc,phases      ] GC(198)     Total                          Min: 9108, Avg: 12053.0, Max: 14912, Diff: 5804, Sum: 48212, Workers: 4
[3508.449s][debug][gc,phases      ] GC(198)   ResolvedMethodTable Weak       Min:  0.0, Avg:  0.0, Max:  0.0, Diff:  0.0, Sum:  0.1, Workers: 4
[3508.449s][debug][gc,phases      ] GC(198)     Dead                           Min: 0, Avg:  0.0, Max: 0, Diff: 0, Sum: 0, Workers: 4
[3508.449s][debug][gc,phases      ] GC(198)     Total                          Min: 1565, Avg: 2039.2, Max: 2496, Diff: 931, Sum: 8157, Workers: 4
[3508.449s][debug][gc,phases      ] GC(198)   JNI Weak                       Min:  0.0, Avg:  0.0, Max:  0.0, Diff:  0.0, Sum:  0.0, Workers: 4
[3508.449s][debug][gc,phases      ] GC(198)     Dead                           Min: 0, Avg:  0.0, Max: 0, Diff: 0, Sum: 0, Workers: 4
[3508.449s][debug][gc,phases      ] GC(198)     Total                          Min: 0, Avg:  0.0, Max: 0, Diff: 0, Sum: 0, Workers: 4
[3508.449s][debug][gc,phases      ] GC(198)   StringDedup Table Weak         Min:  0.0, Avg:  0.0, Max:  0.0, Diff:  0.0, Sum:  0.0, Workers: 4
[3508.449s][debug][gc,phases      ] GC(198)     Dead                           Min: 0, Avg:  0.0, Max: 0, Diff: 0, Sum: 0, Workers: 4
[3508.449s][debug][gc,phases      ] GC(198)     Total                          Min: 0, Avg:  0.0, Max: 0, Diff: 0, Sum: 0, Workers: 4
[3508.449s][debug][gc,phases      ] GC(198)   StringDedup Requests0 Weak     Min:  0.0, Avg:  0.0, Max:  0.0, Diff:  0.0, Sum:  0.0, Workers: 4
[3508.449s][debug][gc,phases      ] GC(198)     Dead                           Min: 0, Avg:  0.0, Max: 0, Diff: 0, Sum: 0, Workers: 4
[3508.449s][debug][gc,phases      ] GC(198)     Total                          Min: 0, Avg:  0.0, Max: 0, Diff: 0, Sum: 0, Workers: 4
[3508.449s][debug][gc,phases      ] GC(198)   StringDedup Requests1 Weak     Min:  0.0, Avg:  0.0, Max:  0.0, Diff:  0.0, Sum:  0.0, Workers: 4
[3508.449s][debug][gc,phases      ] GC(198)     Dead                           Min: 0, Avg:  0.0, Max: 0, Diff: 0, Sum: 0, Workers: 4
[3508.449s][debug][gc,phases      ] GC(198)     Total                          Min: 0, Avg:  0.0, Max: 0, Diff: 0, Sum: 0, Workers: 4
[3508.449s][debug][gc,phases      ] GC(198)   Weak JFR Old Object Samples    Min:  0.0, Avg:  0.0, Max:  0.0, Diff:  0.0, Sum:  0.0, Workers: 4
[3508.449s][debug][gc,phases      ] GC(198)     Dead                           Min: 0, Avg:  0.0, Max: 0, Diff: 0, Sum: 0, Workers: 4
[3508.449s][debug][gc,phases      ] GC(198)     Total                          Min: 0, Avg:  0.0, Max: 0, Diff: 0, Sum: 0, Workers: 4
[3508.449s][debug][gc,phases      ] GC(198) Weak Processing 0.265ms
[3508.449s][debug][gc,age         ] GC(198) Desired survivor size 39321600 bytes, new threshold 15 (max threshold 15)
[3508.449s][info ][gc,heap        ] GC(198) PSYoungGen: 2038848K(2058240K)->18480K(2058752K) Eden: 2020352K(2020352K)->0K(2020352K) From: 18496K(37888K)->18480K(38400K)
[3508.449s][info ][gc,heap        ] GC(198) ParOldGen: 451819K(475648K)->451835K(475648K)
[3508.449s][info ][gc,metaspace   ] GC(198) Metaspace: 81427K(82240K)->81427K(82240K) NonClass: 70029K(70464K)->70029K(70464K) Class: 11397K(11776K)->11397K(11776K)
[3508.449s][info ][gc             ] GC(198) Pause Young (Allocation Failure) 2432M->459M(2475M) 5.520ms
[3508.449s][info ][gc,cpu         ] GC(198) User=0.02s Sys=0.00s Real=0.01s
[3508.449s][info ][safepoint      ] Safepoint "ParallelGCFailedAllocation", Time since last: 7143492506 ns, Reaching safepoint: 25000 ns, At safepoint: 5599327 ns, Total: 5624327 ns
[3513.450s][info ][safepoint      ] Safepoint "Cleanup", Time since last: 5000284538 ns, Reaching safepoint: 43200 ns, At safepoint: 8200 ns, Total: 51400 ns
[3518.450s][info ][safepoint      ] Safepoint "Cleanup", Time since last: 5000350834 ns, Reaching safepoint: 46500 ns, At safepoint: 2500 ns, Total: 49000 ns
[3524.451s][info ][safepoint      ] Safepoint "Cleanup", Time since last: 6000416214 ns, Reaching safepoint: 29101 ns, At safepoint: 2600 ns, Total: 31701 ns
[3541.842s][info ][gc,start       ] GC(199) Pause Young (Allocation Failure)
[3541.847s][debug][gc,phases      ] GC(199) Scavenge 5.066ms
[3541.847s][debug][gc,ref         ] GC(199) Skipped phase 1 of Reference Processing: no references
[3541.847s][debug][gc,ref         ] GC(199) Skipped phase 2 of Reference Processing: no references
[3541.847s][debug][gc,ref         ] GC(199) Skipped phase 3 of Reference Processing: no references
[3541.847s][debug][gc,ref         ] GC(199) Skipped phase 4 of Reference Processing: no references
[3541.847s][debug][gc,phases      ] GC(199) Reference Processing 0.021ms
[3541.847s][debug][gc,phases      ] GC(199)   VM Weak                        Min:  0.0, Avg:  0.0, Max:  0.0, Diff:  0.0, Sum:  0.0, Workers: 4
[3541.847s][debug][gc,phases      ] GC(199)     Dead                           Min: 0, Avg:  0.0, Max: 0, Diff: 0, Sum: 0, Workers: 4
[3541.847s][debug][gc,phases      ] GC(199)     Total                          Min: 0, Avg: 164.0, Max: 528, Diff: 528, Sum: 656, Workers: 4
[3541.847s][debug][gc,phases      ] GC(199)   ObjectSynchronizer Weak        Min:  0.0, Avg:  0.0, Max:  0.0, Diff:  0.0, Sum:  0.0, Workers: 4
[3541.847s][debug][gc,phases      ] GC(199)     Dead                           Min: 0, Avg:  0.0, Max: 0, Diff: 0, Sum: 0, Workers: 4
[3541.847s][debug][gc,phases      ] GC(199)     Total                          Min: 0, Avg: 121.0, Max: 192, Diff: 192, Sum: 484, Workers: 4
[3541.847s][debug][gc,phases      ] GC(199)   JVMTI Tag Weak OopStorage      Min:  0.0, Avg:  0.0, Max:  0.0, Diff:  0.0, Sum:  0.0, Workers: 4
[3541.847s][debug][gc,phases      ] GC(199)     Dead                           Min: 0, Avg:  0.0, Max: 0, Diff: 0, Sum: 0, Workers: 4
[3541.847s][debug][gc,phases      ] GC(199)     Total                          Min: 0, Avg:  0.0, Max: 0, Diff: 0, Sum: 0, Workers: 4
[3541.847s][debug][gc,phases      ] GC(199)   StringTable Weak               Min:  0.1, Avg:  0.1, Max:  0.1, Diff:  0.0, Sum:  0.4, Workers: 4
[3541.847s][debug][gc,phases      ] GC(199)     Dead                           Min: 0, Avg:  0.0, Max: 0, Diff: 0, Sum: 0, Workers: 4
[3541.847s][debug][gc,phases      ] GC(199)     Total                          Min: 9108, Avg: 12053.0, Max: 15296, Diff: 6188, Sum: 48212, Workers: 4
[3541.847s][debug][gc,phases      ] GC(199)   ResolvedMethodTable Weak       Min:  0.0, Avg:  0.0, Max:  0.0, Diff:  0.0, Sum:  0.1, Workers: 4
[3541.847s][debug][gc,phases      ] GC(199)     Dead                           Min: 0, Avg:  0.0, Max: 0, Diff: 0, Sum: 0, Workers: 4
[3541.847s][debug][gc,phases      ] GC(199)     Total                          Min: 1664, Avg: 2039.2, Max: 2432, Diff: 768, Sum: 8157, Workers: 4
[3541.847s][debug][gc,phases      ] GC(199)   JNI Weak                       Min:  0.0, Avg:  0.0, Max:  0.0, Diff:  0.0, Sum:  0.0, Workers: 4
[3541.847s][debug][gc,phases      ] GC(199)     Dead                           Min: 0, Avg:  0.0, Max: 0, Diff: 0, Sum: 0, Workers: 4
[3541.847s][debug][gc,phases      ] GC(199)     Total                          Min: 0, Avg:  0.0, Max: 0, Diff: 0, Sum: 0, Workers: 4
[3541.847s][debug][gc,phases      ] GC(199)   StringDedup Table Weak         Min:  0.0, Avg:  0.0, Max:  0.0, Diff:  0.0, Sum:  0.0, Workers: 4
[3541.847s][debug][gc,phases      ] GC(199)     Dead                           Min: 0, Avg:  0.0, Max: 0, Diff: 0, Sum: 0, Workers: 4
[3541.847s][debug][gc,phases      ] GC(199)     Total                          Min: 0, Avg:  0.0, Max: 0, Diff: 0, Sum: 0, Workers: 4
[3541.847s][debug][gc,phases      ] GC(199)   StringDedup Requests0 Weak     Min:  0.0, Avg:  0.0, Max:  0.0, Diff:  0.0, Sum:  0.0, Workers: 4
[3541.847s][debug][gc,phases      ] GC(199)     Dead                           Min: 0, Avg:  0.0, Max: 0, Diff: 0, Sum: 0, Workers: 4
[3541.847s][debug][gc,phases      ] GC(199)     Total                          Min: 0, Avg:  0.0, Max: 0, Diff: 0, Sum: 0, Workers: 4
[3541.847s][debug][gc,phases      ] GC(199)   StringDedup Requests1 Weak     Min:  0.0, Avg:  0.0, Max:  0.0, Diff:  0.0, Sum:  0.0, Workers: 4
[3541.847s][debug][gc,phases      ] GC(199)     Dead                           Min: 0, Avg:  0.0, Max: 0, Diff: 0, Sum: 0, Workers: 4
[3541.847s][debug][gc,phases      ] GC(199)     Total                          Min: 0, Avg:  0.0, Max: 0, Diff: 0, Sum: 0, Workers: 4
[3541.847s][debug][gc,phases      ] GC(199)   Weak JFR Old Object Samples    Min:  0.0, Avg:  0.0, Max:  0.0, Diff:  0.0, Sum:  0.0, Workers: 4
[3541.847s][debug][gc,phases      ] GC(199)     Dead                           Min: 0, Avg:  0.0, Max: 0, Diff: 0, Sum: 0, Workers: 4
[3541.847s][debug][gc,phases      ] GC(199)     Total                          Min: 0, Avg:  0.0, Max: 0, Diff: 0, Sum: 0, Workers: 4
[3541.847s][debug][gc,phases      ] GC(199) Weak Processing 0.269ms
[3541.847s][debug][gc,age         ] GC(199) Desired survivor size 39321600 bytes, new threshold 15 (max threshold 15)
[3541.847s][info ][gc,heap        ] GC(199) PSYoungGen: 2038832K(2058752K)->18448K(2058752K) Eden: 2020352K(2020352K)->0K(2020352K) From: 18480K(38400K)->18448K(38400K)
[3541.847s][info ][gc,heap        ] GC(199) ParOldGen: 451835K(475648K)->451859K(475648K)
[3541.847s][info ][gc,metaspace   ] GC(199) Metaspace: 81427K(82240K)->81427K(82240K) NonClass: 70029K(70464K)->70029K(70464K) Class: 11397K(11776K)->11397K(11776K)
[3541.847s][info ][gc             ] GC(199) Pause Young (Allocation Failure) 2432M->459M(2475M) 5.456ms
[3541.847s][info ][gc,cpu         ] GC(199) User=0.02s Sys=0.00s Real=0.00s
[3541.847s][info ][safepoint      ] Safepoint "ParallelGCFailedAllocation", Time since last: 17391299489 ns, Reaching safepoint: 99300 ns, At safepoint: 5533127 ns, Total: 5632427 ns
[3550.848s][info ][safepoint      ] Safepoint "Cleanup", Time since last: 9000547032 ns, Reaching safepoint: 41300 ns, At safepoint: 27900 ns, Total: 69200 ns
[3559.849s][info ][safepoint      ] Safepoint "Cleanup", Time since last: 9000574220 ns, Reaching safepoint: 44900 ns, At safepoint: 10100 ns, Total: 55000 ns
[3569.849s][info ][safepoint      ] Safepoint "Cleanup", Time since last: 10000684383 ns, Reaching safepoint: 46001 ns, At safepoint: 2500 ns, Total: 48501 ns
[3572.850s][info ][safepoint      ] Safepoint "Cleanup", Time since last: 3000221532 ns, Reaching safepoint: 41400 ns, At safepoint: 2400 ns, Total: 43800 ns
[3573.743s][info ][gc,start       ] GC(200) Pause Young (Allocation Failure)
[3573.748s][debug][gc,phases      ] GC(200) Scavenge 5.067ms
[3573.748s][debug][gc,ref         ] GC(200) Skipped phase 1 of Reference Processing: no references
[3573.748s][debug][gc,ref         ] GC(200) Skipped phase 2 of Reference Processing: no references
[3573.748s][debug][gc,ref         ] GC(200) Skipped phase 3 of Reference Processing: no references
[3573.748s][debug][gc,ref         ] GC(200) Skipped phase 4 of Reference Processing: no references
[3573.748s][debug][gc,phases      ] GC(200) Reference Processing 0.019ms
[3573.748s][debug][gc,phases      ] GC(200)   VM Weak                        Min:  0.0, Avg:  0.0, Max:  0.0, Diff:  0.0, Sum:  0.0, Workers: 4
[3573.748s][debug][gc,phases      ] GC(200)     Dead                           Min: 0, Avg:  0.0, Max: 0, Diff: 0, Sum: 0, Workers: 4
[3573.748s][debug][gc,phases      ] GC(200)     Total                          Min: 0, Avg: 164.0, Max: 576, Diff: 576, Sum: 656, Workers: 4
[3573.748s][debug][gc,phases      ] GC(200)   ObjectSynchronizer Weak        Min:  0.0, Avg:  0.0, Max:  0.0, Diff:  0.0, Sum:  0.0, Workers: 4
[3573.748s][debug][gc,phases      ] GC(200)     Dead                           Min: 0, Avg:  0.0, Max: 0, Diff: 0, Sum: 0, Workers: 4
[3573.748s][debug][gc,phases      ] GC(200)     Total                          Min: 0, Avg: 121.0, Max: 256, Diff: 256, Sum: 484, Workers: 4
[3573.748s][debug][gc,phases      ] GC(200)   JVMTI Tag Weak OopStorage      Min:  0.0, Avg:  0.0, Max:  0.0, Diff:  0.0, Sum:  0.0, Workers: 4
[3573.748s][debug][gc,phases      ] GC(200)     Dead                           Min: 0, Avg:  0.0, Max: 0, Diff: 0, Sum: 0, Workers: 4
[3573.748s][debug][gc,phases      ] GC(200)     Total                          Min: 0, Avg:  0.0, Max: 0, Diff: 0, Sum: 0, Workers: 4
[3573.748s][debug][gc,phases      ] GC(200)   StringTable Weak               Min:  0.1, Avg:  0.1, Max:  0.1, Diff:  0.0, Sum:  0.4, Workers: 4
[3573.748s][debug][gc,phases      ] GC(200)     Dead                           Min: 0, Avg:  0.0, Max: 0, Diff: 0, Sum: 0, Workers: 4
[3573.748s][debug][gc,phases      ] GC(200)     Total                          Min: 9152, Avg: 12053.0, Max: 14740, Diff: 5588, Sum: 48212, Workers: 4
[3573.748s][debug][gc,phases      ] GC(200)   ResolvedMethodTable Weak       Min:  0.0, Avg:  0.0, Max:  0.0, Diff:  0.0, Sum:  0.1, Workers: 4
[3573.748s][debug][gc,phases      ] GC(200)     Dead                           Min: 0, Avg:  0.0, Max: 0, Diff: 0, Sum: 0, Workers: 4
[3573.748s][debug][gc,phases      ] GC(200)     Total                          Min: 1536, Avg: 2039.2, Max: 2432, Diff: 896, Sum: 8157, Workers: 4
[3573.748s][debug][gc,phases      ] GC(200)   JNI Weak                       Min:  0.0, Avg:  0.0, Max:  0.0, Diff:  0.0, Sum:  0.0, Workers: 4
[3573.748s][debug][gc,phases      ] GC(200)     Dead                           Min: 0, Avg:  0.0, Max: 0, Diff: 0, Sum: 0, Workers: 4
[3573.748s][debug][gc,phases      ] GC(200)     Total                          Min: 0, Avg:  0.0, Max: 0, Diff: 0, Sum: 0, Workers: 4
[3573.748s][debug][gc,phases      ] GC(200)   StringDedup Table Weak         Min:  0.0, Avg:  0.0, Max:  0.0, Diff:  0.0, Sum:  0.0, Workers: 4
[3573.748s][debug][gc,phases      ] GC(200)     Dead                           Min: 0, Avg:  0.0, Max: 0, Diff: 0, Sum: 0, Workers: 4
[3573.748s][debug][gc,phases      ] GC(200)     Total                          Min: 0, Avg:  0.0, Max: 0, Diff: 0, Sum: 0, Workers: 4
[3573.748s][debug][gc,phases      ] GC(200)   StringDedup Requests0 Weak     Min:  0.0, Avg:  0.0, Max:  0.0, Diff:  0.0, Sum:  0.0, Workers: 4
[3573.748s][debug][gc,phases      ] GC(200)     Dead                           Min: 0, Avg:  0.0, Max: 0, Diff: 0, Sum: 0, Workers: 4
[3573.748s][debug][gc,phases      ] GC(200)     Total                          Min: 0, Avg:  0.0, Max: 0, Diff: 0, Sum: 0, Workers: 4
[3573.748s][debug][gc,phases      ] GC(200)   StringDedup Requests1 Weak     Min:  0.0, Avg:  0.0, Max:  0.0, Diff:  0.0, Sum:  0.0, Workers: 4
[3573.748s][debug][gc,phases      ] GC(200)     Dead                           Min: 0, Avg:  0.0, Max: 0, Diff: 0, Sum: 0, Workers: 4
[3573.748s][debug][gc,phases      ] GC(200)     Total                          Min: 0, Avg:  0.0, Max: 0, Diff: 0, Sum: 0, Workers: 4
[3573.748s][debug][gc,phases      ] GC(200)   Weak JFR Old Object Samples    Min:  0.0, Avg:  0.0, Max:  0.0, Diff:  0.0, Sum:  0.0, Workers: 4
[3573.748s][debug][gc,phases      ] GC(200)     Dead                           Min: 0, Avg:  0.0, Max: 0, Diff: 0, Sum: 0, Workers: 4
[3573.748s][debug][gc,phases      ] GC(200)     Total                          Min: 0, Avg:  0.0, Max: 0, Diff: 0, Sum: 0, Workers: 4
[3573.748s][debug][gc,phases      ] GC(200) Weak Processing 0.255ms
[3573.748s][debug][gc,age         ] GC(200) Desired survivor size 38797312 bytes, new threshold 15 (max threshold 15)
[3573.748s][info ][gc,heap        ] GC(200) PSYoungGen: 2038800K(2058752K)->18464K(2058752K) Eden: 2020352K(2020352K)->0K(2020352K) From: 18448K(38400K)->18464K(38400K)
[3573.748s][info ][gc,heap        ] GC(200) ParOldGen: 451859K(475648K)->451899K(475648K)
[3573.748s][info ][gc,metaspace   ] GC(200) Metaspace: 81430K(82240K)->81430K(82240K) NonClass: 70033K(70464K)->70033K(70464K) Class: 11397K(11776K)->11397K(11776K)
[3573.748s][info ][gc             ] GC(200) Pause Young (Allocation Failure) 2432M->459M(2475M) 5.452ms
[3573.748s][info ][gc,cpu         ] GC(200) User=0.02s Sys=0.00s Real=0.00s
[3573.748s][info ][safepoint      ] Safepoint "ParallelGCFailedAllocation", Time since last: 893013065 ns, Reaching safepoint: 96301 ns, At safepoint: 5529326 ns, Total: 5625627 ns
[3574.749s][info ][safepoint      ] Safepoint "Cleanup", Time since last: 1000084077 ns, Reaching safepoint: 43500 ns, At safepoint: 3600 ns, Total: 47100 ns
[3577.749s][info ][safepoint      ] Safepoint "Cleanup", Time since last: 3000242730 ns, Reaching safepoint: 40600 ns, At safepoint: 7100 ns, Total: 47700 ns
[3580.749s][info ][safepoint      ] Safepoint "Cleanup", Time since last: 3000223829 ns, Reaching safepoint: 44600 ns, At safepoint: 2700 ns, Total: 47300 ns
[3583.749s][info ][safepoint      ] Safepoint "Cleanup", Time since last: 3000227327 ns, Reaching safepoint: 47000 ns, At safepoint: 5800 ns, Total: 52800 ns
[3589.750s][info ][safepoint      ] Safepoint "Cleanup", Time since last: 6000435549 ns, Reaching safepoint: 31400 ns, At safepoint: 3100 ns, Total: 34500 ns
[3590.750s][info ][safepoint      ] Safepoint "Cleanup", Time since last: 1000102775 ns, Reaching safepoint: 26700 ns, At safepoint: 4300 ns, Total: 31000 ns
[3602.751s][info ][safepoint      ] Safepoint "Cleanup", Time since last: 12000750280 ns, Reaching safepoint: 48300 ns, At safepoint: 2700 ns, Total: 51000 ns
[3608.044s][info ][gc,start       ] GC(201) Pause Young (Allocation Failure)
[3608.049s][debug][gc,phases      ] GC(201) Scavenge 5.104ms
[3608.049s][debug][gc,ref         ] GC(201) Skipped phase 1 of Reference Processing: no references
[3608.049s][debug][gc,ref         ] GC(201) Skipped phase 2 of Reference Processing: no references
[3608.049s][debug][gc,ref         ] GC(201) Skipped phase 3 of Reference Processing: no references
[3608.049s][debug][gc,ref         ] GC(201) Skipped phase 4 of Reference Processing: no references
[3608.049s][debug][gc,phases      ] GC(201) Reference Processing 0.020ms
[3608.049s][debug][gc,phases      ] GC(201)   VM Weak                        Min:  0.0, Avg:  0.0, Max:  0.0, Diff:  0.0, Sum:  0.0, Workers: 4
[3608.049s][debug][gc,phases      ] GC(201)     Dead                           Min: 0, Avg:  0.0, Max: 0, Diff: 0, Sum: 0, Workers: 4
[3608.049s][debug][gc,phases      ] GC(201)     Total                          Min: 0, Avg: 164.0, Max: 384, Diff: 384, Sum: 656, Workers: 4
[3608.049s][debug][gc,phases      ] GC(201)   ObjectSynchronizer Weak        Min:  0.0, Avg:  0.0, Max:  0.0, Diff:  0.0, Sum:  0.0, Workers: 4
[3608.049s][debug][gc,phases      ] GC(201)     Dead                           Min: 0, Avg:  0.0, Max: 0, Diff: 0, Sum: 0, Workers: 4
[3608.049s][debug][gc,phases      ] GC(201)     Total                          Min: 0, Avg: 121.0, Max: 292, Diff: 292, Sum: 484, Workers: 4
[3608.049s][debug][gc,phases      ] GC(201)   JVMTI Tag Weak OopStorage      Min:  0.0, Avg:  0.0, Max:  0.0, Diff:  0.0, Sum:  0.0, Workers: 4
[3608.049s][debug][gc,phases      ] GC(201)     Dead                           Min: 0, Avg:  0.0, Max: 0, Diff: 0, Sum: 0, Workers: 4
[3608.049s][debug][gc,phases      ] GC(201)     Total                          Min: 0, Avg:  0.0, Max: 0, Diff: 0, Sum: 0, Workers: 4
[3608.049s][debug][gc,phases      ] GC(201)   StringTable Weak               Min:  0.1, Avg:  0.1, Max:  0.1, Diff:  0.0, Sum:  0.4, Workers: 4
[3608.049s][debug][gc,phases      ] GC(201)     Dead                           Min: 0, Avg:  0.0, Max: 0, Diff: 0, Sum: 0, Workers: 4
[3608.049s][debug][gc,phases      ] GC(201)     Total                          Min: 9216, Avg: 12053.5, Max: 15318, Diff: 6102, Sum: 48214, Workers: 4
[3608.049s][debug][gc,phases      ] GC(201)   ResolvedMethodTable Weak       Min:  0.0, Avg:  0.0, Max:  0.0, Diff:  0.0, Sum:  0.1, Workers: 4
[3608.049s][debug][gc,phases      ] GC(201)     Dead                           Min: 0, Avg:  0.0, Max: 0, Diff: 0, Sum: 0, Workers: 4
[3608.049s][debug][gc,phases      ] GC(201)     Total                          Min: 1728, Avg: 2039.2, Max: 2717, Diff: 989, Sum: 8157, Workers: 4
[3608.049s][debug][gc,phases      ] GC(201)   JNI Weak                       Min:  0.0, Avg:  0.0, Max:  0.0, Diff:  0.0, Sum:  0.0, Workers: 4
[3608.049s][debug][gc,phases      ] GC(201)     Dead                           Min: 0, Avg:  0.0, Max: 0, Diff: 0, Sum: 0, Workers: 4
[3608.049s][debug][gc,phases      ] GC(201)     Total                          Min: 0, Avg:  0.0, Max: 0, Diff: 0, Sum: 0, Workers: 4
[3608.049s][debug][gc,phases      ] GC(201)   StringDedup Table Weak         Min:  0.0, Avg:  0.0, Max:  0.0, Diff:  0.0, Sum:  0.0, Workers: 4
[3608.049s][debug][gc,phases      ] GC(201)     Dead                           Min: 0, Avg:  0.0, Max: 0, Diff: 0, Sum: 0, Workers: 4
[3608.049s][debug][gc,phases      ] GC(201)     Total                          Min: 0, Avg:  0.0, Max: 0, Diff: 0, Sum: 0, Workers: 4
[3608.049s][debug][gc,phases      ] GC(201)   StringDedup Requests0 Weak     Min:  0.0, Avg:  0.0, Max:  0.0, Diff:  0.0, Sum:  0.0, Workers: 4
[3608.049s][debug][gc,phases      ] GC(201)     Dead                           Min: 0, Avg:  0.0, Max: 0, Diff: 0, Sum: 0, Workers: 4
[3608.049s][debug][gc,phases      ] GC(201)     Total                          Min: 0, Avg:  0.0, Max: 0, Diff: 0, Sum: 0, Workers: 4
[3608.049s][debug][gc,phases      ] GC(201)   StringDedup Requests1 Weak     Min:  0.0, Avg:  0.0, Max:  0.0, Diff:  0.0, Sum:  0.0, Workers: 4
[3608.049s][debug][gc,phases      ] GC(201)     Dead                           Min: 0, Avg:  0.0, Max: 0, Diff: 0, Sum: 0, Workers: 4
[3608.049s][debug][gc,phases      ] GC(201)     Total                          Min: 0, Avg:  0.0, Max: 0, Diff: 0, Sum: 0, Workers: 4
[3608.049s][debug][gc,phases      ] GC(201)   Weak JFR Old Object Samples    Min:  0.0, Avg:  0.0, Max:  0.0, Diff:  0.0, Sum:  0.0, Workers: 4
[3608.049s][debug][gc,phases      ] GC(201)     Dead                           Min: 0, Avg:  0.0, Max: 0, Diff: 0, Sum: 0, Workers: 4
[3608.049s][debug][gc,phases      ] GC(201)     Total                          Min: 0, Avg:  0.0, Max: 0, Diff: 0, Sum: 0, Workers: 4
[3608.049s][debug][gc,phases      ] GC(201) Weak Processing 0.272ms
[3608.049s][debug][gc,age         ] GC(201) Desired survivor size 38273024 bytes, new threshold 15 (max threshold 15)
[3608.049s][info ][gc,heap        ] GC(201) PSYoungGen: 2038816K(2058752K)->18464K(2059776K) Eden: 2020352K(2020352K)->0K(2021888K) From: 18464K(38400K)->18464K(37888K)
[3608.049s][info ][gc,heap        ] GC(201) ParOldGen: 451899K(475648K)->451915K(475648K)
[3608.049s][info ][gc,metaspace   ] GC(201) Metaspace: 81431K(82240K)->81431K(82240K) NonClass: 70034K(70464K)->70034K(70464K) Class: 11397K(11776K)->11397K(11776K)
[3608.049s][info ][gc             ] GC(201) Pause Young (Allocation Failure) 2432M->459M(2476M) 5.493ms
[3608.049s][info ][gc,cpu         ] GC(201) User=0.02s Sys=0.00s Real=0.01s
[3608.049s][info ][safepoint      ] Safepoint "ParallelGCFailedAllocation", Time since last: 5293084857 ns, Reaching safepoint: 28400 ns, At safepoint: 5563726 ns, Total: 5592126 ns
[3620.050s][info ][safepoint      ] Safepoint "Cleanup", Time since last: 12000753649 ns, Reaching safepoint: 40100 ns, At safepoint: 2700 ns, Total: 42800 ns
[3643.043s][info ][gc,start       ] GC(202) Pause Young (Allocation Failure)
[3643.048s][debug][gc,phases      ] GC(202) Scavenge 5.093ms
[3643.048s][debug][gc,ref         ] GC(202) Skipped phase 1 of Reference Processing: no references
[3643.048s][debug][gc,ref         ] GC(202) Skipped phase 2 of Reference Processing: no references
[3643.048s][debug][gc,ref         ] GC(202) Skipped phase 3 of Reference Processing: no references
[3643.049s][debug][gc,ref         ] GC(202) Skipped phase 4 of Reference Processing: no references
[3643.049s][debug][gc,phases      ] GC(202) Reference Processing 0.018ms
[3643.049s][debug][gc,phases      ] GC(202)   VM Weak                        Min:  0.0, Avg:  0.0, Max:  0.0, Diff:  0.0, Sum:  0.0, Workers: 4
[3643.049s][debug][gc,phases      ] GC(202)     Dead                           Min: 0, Avg:  0.0, Max: 0, Diff: 0, Sum: 0, Workers: 4
[3643.049s][debug][gc,phases      ] GC(202)     Total                          Min: 0, Avg: 164.0, Max: 656, Diff: 656, Sum: 656, Workers: 4
[3643.049s][debug][gc,phases      ] GC(202)   ObjectSynchronizer Weak        Min:  0.0, Avg:  0.0, Max:  0.0, Diff:  0.0, Sum:  0.0, Workers: 4
[3643.049s][debug][gc,phases      ] GC(202)     Dead                           Min: 0, Avg:  0.0, Max: 0, Diff: 0, Sum: 0, Workers: 4
[3643.049s][debug][gc,phases      ] GC(202)     Total                          Min: 0, Avg: 121.0, Max: 228, Diff: 228, Sum: 484, Workers: 4
[3643.049s][debug][gc,phases      ] GC(202)   JVMTI Tag Weak OopStorage      Min:  0.0, Avg:  0.0, Max:  0.0, Diff:  0.0, Sum:  0.0, Workers: 4
[3643.049s][debug][gc,phases      ] GC(202)     Dead                           Min: 0, Avg:  0.0, Max: 0, Diff: 0, Sum: 0, Workers: 4
[3643.049s][debug][gc,phases      ] GC(202)     Total                          Min: 0, Avg:  0.0, Max: 0, Diff: 0, Sum: 0, Workers: 4
[3643.049s][debug][gc,phases      ] GC(202)   StringTable Weak               Min:  0.1, Avg:  0.1, Max:  0.1, Diff:  0.0, Sum:  0.4, Workers: 4
[3643.049s][debug][gc,phases      ] GC(202)     Dead                           Min: 0, Avg:  0.0, Max: 0, Diff: 0, Sum: 0, Workers: 4
[3643.049s][debug][gc,phases      ] GC(202)     Total                          Min: 9088, Avg: 12053.5, Max: 15040, Diff: 5952, Sum: 48214, Workers: 4
[3643.049s][debug][gc,phases      ] GC(202)   ResolvedMethodTable Weak       Min:  0.0, Avg:  0.0, Max:  0.0, Diff:  0.0, Sum:  0.1, Workers: 4
[3643.049s][debug][gc,phases      ] GC(202)     Dead                           Min: 0, Avg:  0.0, Max: 0, Diff: 0, Sum: 0, Workers: 4
[3643.049s][debug][gc,phases      ] GC(202)     Total                          Min: 1536, Avg: 2039.2, Max: 2432, Diff: 896, Sum: 8157, Workers: 4
[3643.049s][debug][gc,phases      ] GC(202)   JNI Weak                       Min:  0.0, Avg:  0.0, Max:  0.0, Diff:  0.0, Sum:  0.0, Workers: 4
[3643.049s][debug][gc,phases      ] GC(202)     Dead                           Min: 0, Avg:  0.0, Max: 0, Diff: 0, Sum: 0, Workers: 4
[3643.049s][debug][gc,phases      ] GC(202)     Total                          Min: 0, Avg:  0.0, Max: 0, Diff: 0, Sum: 0, Workers: 4
[3643.049s][debug][gc,phases      ] GC(202)   StringDedup Table Weak         Min:  0.0, Avg:  0.0, Max:  0.0, Diff:  0.0, Sum:  0.0, Workers: 4
[3643.049s][debug][gc,phases      ] GC(202)     Dead                           Min: 0, Avg:  0.0, Max: 0, Diff: 0, Sum: 0, Workers: 4
[3643.049s][debug][gc,phases      ] GC(202)     Total                          Min: 0, Avg:  0.0, Max: 0, Diff: 0, Sum: 0, Workers: 4
[3643.049s][debug][gc,phases      ] GC(202)   StringDedup Requests0 Weak     Min:  0.0, Avg:  0.0, Max:  0.0, Diff:  0.0, Sum:  0.0, Workers: 4
[3643.049s][debug][gc,phases      ] GC(202)     Dead                           Min: 0, Avg:  0.0, Max: 0, Diff: 0, Sum: 0, Workers: 4
[3643.049s][debug][gc,phases      ] GC(202)     Total                          Min: 0, Avg:  0.0, Max: 0, Diff: 0, Sum: 0, Workers: 4
[3643.049s][debug][gc,phases      ] GC(202)   StringDedup Requests1 Weak     Min:  0.0, Avg:  0.0, Max:  0.0, Diff:  0.0, Sum:  0.0, Workers: 4
[3643.049s][debug][gc,phases      ] GC(202)     Dead                           Min: 0, Avg:  0.0, Max: 0, Diff: 0, Sum: 0, Workers: 4
[3643.049s][debug][gc,phases      ] GC(202)     Total                          Min: 0, Avg:  0.0, Max: 0, Diff: 0, Sum: 0, Workers: 4
[3643.049s][debug][gc,phases      ] GC(202)   Weak JFR Old Object Samples    Min:  0.0, Avg:  0.0, Max:  0.0, Diff:  0.0, Sum:  0.0, Workers: 4
[3643.049s][debug][gc,phases      ] GC(202)     Dead                           Min: 0, Avg:  0.0, Max: 0, Diff: 0, Sum: 0, Workers: 4
[3643.049s][debug][gc,phases      ] GC(202)     Total                          Min: 0, Avg:  0.0, Max: 0, Diff: 0, Sum: 0, Workers: 4
[3643.049s][debug][gc,phases      ] GC(202) Weak Processing 0.262ms
[3643.049s][debug][gc,age         ] GC(202) Desired survivor size 37748736 bytes, new threshold 15 (max threshold 15)
[3643.049s][info ][gc,heap        ] GC(202) PSYoungGen: 2040352K(2059776K)->18480K(2059264K) Eden: 2021888K(2021888K)->0K(2021888K) From: 18464K(37888K)->18480K(37376K)
[3643.049s][info ][gc,heap        ] GC(202) ParOldGen: 451915K(475648K)->451939K(475648K)
[3643.049s][info ][gc,metaspace   ] GC(202) Metaspace: 81431K(82240K)->81431K(82240K) NonClass: 70034K(70464K)->70034K(70464K) Class: 11397K(11776K)->11397K(11776K)
[3643.049s][info ][gc             ] GC(202) Pause Young (Allocation Failure) 2433M->459M(2475M) 5.464ms
[3643.049s][info ][gc,cpu         ] GC(202) User=0.02s Sys=0.00s Real=0.00s
[3643.049s][info ][safepoint      ] Safepoint "ParallelGCFailedAllocation", Time since last: 22993043503 ns, Reaching safepoint: 37900 ns, At safepoint: 5530027 ns, Total: 5567927 ns
[3655.050s][info ][safepoint      ] Safepoint "Cleanup", Time since last: 12000830919 ns, Reaching safepoint: 44000 ns, At safepoint: 2700 ns, Total: 46700 ns
[3661.050s][info ][safepoint      ] Safepoint "Cleanup", Time since last: 6000414644 ns, Reaching safepoint: 45200 ns, At safepoint: 6200 ns, Total: 51400 ns
[3662.050s][info ][safepoint      ] Safepoint "Cleanup", Time since last: 1000103940 ns, Reaching safepoint: 42900 ns, At safepoint: 7100 ns, Total: 50000 ns
[3663.050s][info ][safepoint      ] Safepoint "Cleanup", Time since last: 1000100340 ns, Reaching safepoint: 41500 ns, At safepoint: 2600 ns, Total: 44100 ns
[3666.051s][info ][safepoint      ] Safepoint "Cleanup", Time since last: 3000228917 ns, Reaching safepoint: 37700 ns, At safepoint: 3700 ns, Total: 41400 ns
[3667.544s][info ][gc,start       ] GC(203) Pause Young (Allocation Failure)
[3667.551s][debug][gc,phases      ] GC(203) Scavenge 6.560ms
[3667.551s][debug][gc,ref         ] GC(203) Skipped phase 1 of Reference Processing: no references
[3667.551s][debug][gc,ref         ] GC(203) ReferenceProcessor::execute queues: 1, RefProcThreadModel::Single, marks_oops_alive: false
[3667.551s][debug][gc,ref         ] GC(203) Skipped phase 3 of Reference Processing: no references
[3667.551s][debug][gc,ref         ] GC(203) ReferenceProcessor::execute queues: 1, RefProcThreadModel::Single, marks_oops_alive: false
[3667.551s][debug][gc,phases      ] GC(203) Reference Processing 0.095ms
[3667.551s][debug][gc,phases      ] GC(203)   VM Weak                        Min:  0.0, Avg:  0.0, Max:  0.0, Diff:  0.0, Sum:  0.0, Workers: 4
[3667.551s][debug][gc,phases      ] GC(203)     Dead                           Min: 0, Avg:  0.0, Max: 0, Diff: 0, Sum: 0, Workers: 4
[3667.551s][debug][gc,phases      ] GC(203)     Total                          Min: 0, Avg: 164.0, Max: 528, Diff: 528, Sum: 656, Workers: 4
[3667.551s][debug][gc,phases      ] GC(203)   ObjectSynchronizer Weak        Min:  0.0, Avg:  0.0, Max:  0.0, Diff:  0.0, Sum:  0.0, Workers: 4
[3667.551s][debug][gc,phases      ] GC(203)     Dead                           Min: 0, Avg:  0.0, Max: 0, Diff: 0, Sum: 0, Workers: 4
[3667.551s][debug][gc,phases      ] GC(203)     Total                          Min: 0, Avg: 121.2, Max: 256, Diff: 256, Sum: 485, Workers: 4
[3667.551s][debug][gc,phases      ] GC(203)   JVMTI Tag Weak OopStorage      Min:  0.0, Avg:  0.0, Max:  0.0, Diff:  0.0, Sum:  0.0, Workers: 4
[3667.551s][debug][gc,phases      ] GC(203)     Dead                           Min: 0, Avg:  0.0, Max: 0, Diff: 0, Sum: 0, Workers: 4
[3667.551s][debug][gc,phases      ] GC(203)     Total                          Min: 0, Avg:  0.0, Max: 0, Diff: 0, Sum: 0, Workers: 4
[3667.551s][debug][gc,phases      ] GC(203)   StringTable Weak               Min:  0.1, Avg:  0.1, Max:  0.1, Diff:  0.0, Sum:  0.3, Workers: 4
[3667.551s][debug][gc,phases      ] GC(203)     Dead                           Min: 0, Avg:  0.0, Max: 0, Diff: 0, Sum: 0, Workers: 4
[3667.551s][debug][gc,phases      ] GC(203)     Total                          Min: 11095, Avg: 12053.8, Max: 12544, Diff: 1449, Sum: 48215, Workers: 4
[3667.551s][debug][gc,phases      ] GC(203)   ResolvedMethodTable Weak       Min:  0.0, Avg:  0.0, Max:  0.0, Diff:  0.0, Sum:  0.1, Workers: 4
[3667.551s][debug][gc,phases      ] GC(203)     Dead                           Min: 0, Avg:  0.0, Max: 0, Diff: 0, Sum: 0, Workers: 4
[3667.551s][debug][gc,phases      ] GC(203)     Total                          Min: 1920, Avg: 2039.2, Max: 2141, Diff: 221, Sum: 8157, Workers: 4
[3667.551s][debug][gc,phases      ] GC(203)   JNI Weak                       Min:  0.0, Avg:  0.0, Max:  0.0, Diff:  0.0, Sum:  0.0, Workers: 4
[3667.551s][debug][gc,phases      ] GC(203)     Dead                           Min: 0, Avg:  0.0, Max: 0, Diff: 0, Sum: 0, Workers: 4
[3667.551s][debug][gc,phases      ] GC(203)     Total                          Min: 0, Avg:  0.0, Max: 0, Diff: 0, Sum: 0, Workers: 4
[3667.551s][debug][gc,phases      ] GC(203)   StringDedup Table Weak         Min:  0.0, Avg:  0.0, Max:  0.0, Diff:  0.0, Sum:  0.0, Workers: 4
[3667.551s][debug][gc,phases      ] GC(203)     Dead                           Min: 0, Avg:  0.0, Max: 0, Diff: 0, Sum: 0, Workers: 4
[3667.551s][debug][gc,phases      ] GC(203)     Total                          Min: 0, Avg:  0.0, Max: 0, Diff: 0, Sum: 0, Workers: 4
[3667.551s][debug][gc,phases      ] GC(203)   StringDedup Requests0 Weak     Min:  0.0, Avg:  0.0, Max:  0.0, Diff:  0.0, Sum:  0.0, Workers: 4
[3667.551s][debug][gc,phases      ] GC(203)     Dead                           Min: 0, Avg:  0.0, Max: 0, Diff: 0, Sum: 0, Workers: 4
[3667.551s][debug][gc,phases      ] GC(203)     Total                          Min: 0, Avg:  0.0, Max: 0, Diff: 0, Sum: 0, Workers: 4
[3667.551s][debug][gc,phases      ] GC(203)   StringDedup Requests1 Weak     Min:  0.0, Avg:  0.0, Max:  0.0, Diff:  0.0, Sum:  0.0, Workers: 4
[3667.551s][debug][gc,phases      ] GC(203)     Dead                           Min: 0, Avg:  0.0, Max: 0, Diff: 0, Sum: 0, Workers: 4
[3667.551s][debug][gc,phases      ] GC(203)     Total                          Min: 0, Avg:  0.0, Max: 0, Diff: 0, Sum: 0, Workers: 4
[3667.551s][debug][gc,phases      ] GC(203)   Weak JFR Old Object Samples    Min:  0.0, Avg:  0.0, Max:  0.0, Diff:  0.0, Sum:  0.0, Workers: 4
[3667.551s][debug][gc,phases      ] GC(203)     Dead                           Min: 0, Avg:  0.0, Max: 0, Diff: 0, Sum: 0, Workers: 4
[3667.551s][debug][gc,phases      ] GC(203)     Total                          Min: 0, Avg:  0.0, Max: 0, Diff: 0, Sum: 0, Workers: 4
[3667.551s][debug][gc,phases      ] GC(203) Weak Processing 0.242ms
[3667.551s][debug][gc,age         ] GC(203) Desired survivor size 37224448 bytes, new threshold 15 (max threshold 15)
[3667.551s][info ][gc,heap        ] GC(203) PSYoungGen: 2040368K(2059264K)->18432K(2060800K) Eden: 2021888K(2021888K)->0K(2023936K) From: 18480K(37376K)->18432K(36864K)
[3667.551s][info ][gc,heap        ] GC(203) ParOldGen: 451939K(475648K)->451971K(475648K)
[3667.551s][info ][gc,metaspace   ] GC(203) Metaspace: 81431K(82240K)->81431K(82240K) NonClass: 70034K(70464K)->70034K(70464K) Class: 11397K(11776K)->11397K(11776K)
[3667.551s][info ][gc             ] GC(203) Pause Young (Allocation Failure) 2433M->459M(2477M) 7.007ms
[3667.551s][info ][gc,cpu         ] GC(203) User=0.03s Sys=0.00s Real=0.01s
[3667.551s][info ][safepoint      ] Safepoint "ParallelGCFailedAllocation", Time since last: 1493128123 ns, Reaching safepoint: 45701 ns, At safepoint: 7086734 ns, Total: 7132435 ns
[3681.552s][info ][safepoint      ] Safepoint "Cleanup", Time since last: 14000902004 ns, Reaching safepoint: 50300 ns, At safepoint: 6500 ns, Total: 56800 ns
[3693.553s][info ][safepoint      ] Safepoint "Cleanup", Time since last: 12000799689 ns, Reaching safepoint: 44700 ns, At safepoint: 2400 ns, Total: 47100 ns
[3694.553s][info ][safepoint      ] Safepoint "Cleanup", Time since last: 1000100131 ns, Reaching safepoint: 37700 ns, At safepoint: 5100 ns, Total: 42800 ns
[3700.344s][info ][gc,start       ] GC(204) Pause Young (Allocation Failure)
[3700.350s][debug][gc,phases      ] GC(204) Scavenge 5.338ms
[3700.350s][debug][gc,ref         ] GC(204) Skipped phase 1 of Reference Processing: no references
[3700.350s][debug][gc,ref         ] GC(204) ReferenceProcessor::execute queues: 1, RefProcThreadModel::Single, marks_oops_alive: false
[3700.350s][debug][gc,ref         ] GC(204) Skipped phase 3 of Reference Processing: no references
[3700.350s][debug][gc,ref         ] GC(204) ReferenceProcessor::execute queues: 1, RefProcThreadModel::Single, marks_oops_alive: false
[3700.350s][debug][gc,phases      ] GC(204) Reference Processing 0.102ms
[3700.350s][debug][gc,phases      ] GC(204)   VM Weak                        Min:  0.0, Avg:  0.0, Max:  0.0, Diff:  0.0, Sum:  0.0, Workers: 4
[3700.350s][debug][gc,phases      ] GC(204)     Dead                           Min: 0, Avg:  0.0, Max: 0, Diff: 0, Sum: 0, Workers: 4
[3700.350s][debug][gc,phases      ] GC(204)     Total                          Min: 0, Avg: 164.0, Max: 656, Diff: 656, Sum: 656, Workers: 4
[3700.350s][debug][gc,phases      ] GC(204)   ObjectSynchronizer Weak        Min:  0.0, Avg:  0.0, Max:  0.0, Diff:  0.0, Sum:  0.0, Workers: 4
[3700.350s][debug][gc,phases      ] GC(204)     Dead                           Min: 0, Avg:  0.0, Max: 0, Diff: 0, Sum: 0, Workers: 4
[3700.350s][debug][gc,phases      ] GC(204)     Total                          Min: 0, Avg: 121.2, Max: 293, Diff: 293, Sum: 485, Workers: 4
[3700.350s][debug][gc,phases      ] GC(204)   JVMTI Tag Weak OopStorage      Min:  0.0, Avg:  0.0, Max:  0.0, Diff:  0.0, Sum:  0.0, Workers: 4
[3700.350s][debug][gc,phases      ] GC(204)     Dead                           Min: 0, Avg:  0.0, Max: 0, Diff: 0, Sum: 0, Workers: 4
[3700.350s][debug][gc,phases      ] GC(204)     Total                          Min: 0, Avg:  0.0, Max: 0, Diff: 0, Sum: 0, Workers: 4
[3700.350s][debug][gc,phases      ] GC(204)   StringTable Weak               Min:  0.1, Avg:  0.1, Max:  0.1, Diff:  0.0, Sum:  0.4, Workers: 4
[3700.350s][debug][gc,phases      ] GC(204)     Dead                           Min: 0, Avg:  0.0, Max: 0, Diff: 0, Sum: 0, Workers: 4
[3700.350s][debug][gc,phases      ] GC(204)     Total                          Min: 9536, Avg: 12054.5, Max: 14618, Diff: 5082, Sum: 48218, Workers: 4
[3700.350s][debug][gc,phases      ] GC(204)   ResolvedMethodTable Weak       Min:  0.0, Avg:  0.0, Max:  0.0, Diff:  0.0, Sum:  0.1, Workers: 4
[3700.350s][debug][gc,phases      ] GC(204)     Dead                           Min: 0, Avg:  0.0, Max: 0, Diff: 0, Sum: 0, Workers: 4
[3700.350s][debug][gc,phases      ] GC(204)     Total                          Min: 1600, Avg: 2039.2, Max: 2560, Diff: 960, Sum: 8157, Workers: 4
[3700.350s][debug][gc,phases      ] GC(204)   JNI Weak                       Min:  0.0, Avg:  0.0, Max:  0.0, Diff:  0.0, Sum:  0.0, Workers: 4
[3700.350s][debug][gc,phases      ] GC(204)     Dead                           Min: 0, Avg:  0.0, Max: 0, Diff: 0, Sum: 0, Workers: 4
[3700.350s][debug][gc,phases      ] GC(204)     Total                          Min: 0, Avg:  0.0, Max: 0, Diff: 0, Sum: 0, Workers: 4
[3700.350s][debug][gc,phases      ] GC(204)   StringDedup Table Weak         Min:  0.0, Avg:  0.0, Max:  0.0, Diff:  0.0, Sum:  0.0, Workers: 4
[3700.350s][debug][gc,phases      ] GC(204)     Dead                           Min: 0, Avg:  0.0, Max: 0, Diff: 0, Sum: 0, Workers: 4
[3700.350s][debug][gc,phases      ] GC(204)     Total                          Min: 0, Avg:  0.0, Max: 0, Diff: 0, Sum: 0, Workers: 4
[3700.350s][debug][gc,phases      ] GC(204)   StringDedup Requests0 Weak     Min:  0.0, Avg:  0.0, Max:  0.0, Diff:  0.0, Sum:  0.0, Workers: 4
[3700.350s][debug][gc,phases      ] GC(204)     Dead                           Min: 0, Avg:  0.0, Max: 0, Diff: 0, Sum: 0, Workers: 4
[3700.350s][debug][gc,phases      ] GC(204)     Total                          Min: 0, Avg:  0.0, Max: 0, Diff: 0, Sum: 0, Workers: 4
[3700.350s][debug][gc,phases      ] GC(204)   StringDedup Requests1 Weak     Min:  0.0, Avg:  0.0, Max:  0.0, Diff:  0.0, Sum:  0.0, Workers: 4
[3700.350s][debug][gc,phases      ] GC(204)     Dead                           Min: 0, Avg:  0.0, Max: 0, Diff: 0, Sum: 0, Workers: 4
[3700.350s][debug][gc,phases      ] GC(204)     Total                          Min: 0, Avg:  0.0, Max: 0, Diff: 0, Sum: 0, Workers: 4
[3700.350s][debug][gc,phases      ] GC(204)   Weak JFR Old Object Samples    Min:  0.0, Avg:  0.0, Max:  0.0, Diff:  0.0, Sum:  0.0, Workers: 4
[3700.350s][debug][gc,phases      ] GC(204)     Dead                           Min: 0, Avg:  0.0, Max: 0, Diff: 0, Sum: 0, Workers: 4
[3700.350s][debug][gc,phases      ] GC(204)     Total                          Min: 0, Avg:  0.0, Max: 0, Diff: 0, Sum: 0, Workers: 4
[3700.350s][debug][gc,phases      ] GC(204) Weak Processing 0.291ms
[3700.350s][debug][gc,age         ] GC(204) Desired survivor size 36700160 bytes, new threshold 15 (max threshold 15)
[3700.350s][info ][gc,heap        ] GC(204) PSYoungGen: 2042368K(2060800K)->18448K(2060288K) Eden: 2023936K(2023936K)->0K(2023936K) From: 18432K(36864K)->18448K(36352K)
[3700.350s][info ][gc,heap        ] GC(204) ParOldGen: 451971K(475648K)->451987K(475648K)
[3700.350s][info ][gc,metaspace   ] GC(204) Metaspace: 81438K(82240K)->81438K(82240K) NonClass: 70039K(70464K)->70039K(70464K) Class: 11398K(11776K)->11398K(11776K)
[3700.350s][info ][gc             ] GC(204) Pause Young (Allocation Failure) 2435M->459M(2476M) 5.828ms
[3700.350s][info ][gc,cpu         ] GC(204) User=0.02s Sys=0.00s Real=0.01s
[3700.350s][info ][safepoint      ] Safepoint "ParallelGCFailedAllocation", Time since last: 5791405169 ns, Reaching safepoint: 21600 ns, At safepoint: 5903829 ns, Total: 5925429 ns
[3733.353s][info ][safepoint      ] Safepoint "Cleanup", Time since last: 33002195514 ns, Reaching safepoint: 42300 ns, At safepoint: 2800 ns, Total: 45100 ns
[3733.444s][info ][gc,start       ] GC(205) Pause Young (Allocation Failure)
[3733.450s][debug][gc,phases      ] GC(205) Scavenge 5.539ms
[3733.450s][debug][gc,ref         ] GC(205) Skipped phase 1 of Reference Processing: no references
[3733.450s][debug][gc,ref         ] GC(205) ReferenceProcessor::execute queues: 1, RefProcThreadModel::Single, marks_oops_alive: false
[3733.450s][debug][gc,ref         ] GC(205) Skipped phase 3 of Reference Processing: no references
[3733.450s][debug][gc,ref         ] GC(205) Skipped phase 4 of Reference Processing: no references
[3733.450s][debug][gc,phases      ] GC(205) Reference Processing 0.086ms
[3733.450s][debug][gc,phases      ] GC(205)   VM Weak                        Min:  0.0, Avg:  0.0, Max:  0.0, Diff:  0.0, Sum:  0.0, Workers: 4
[3733.450s][debug][gc,phases      ] GC(205)     Dead                           Min: 0, Avg:  0.0, Max: 0, Diff: 0, Sum: 0, Workers: 4
[3733.450s][debug][gc,phases      ] GC(205)     Total                          Min: 0, Avg: 164.0, Max: 656, Diff: 656, Sum: 656, Workers: 4
[3733.450s][debug][gc,phases      ] GC(205)   ObjectSynchronizer Weak        Min:  0.0, Avg:  0.0, Max:  0.0, Diff:  0.0, Sum:  0.0, Workers: 4
[3733.450s][debug][gc,phases      ] GC(205)     Dead                           Min: 0, Avg:  0.0, Max: 0, Diff: 0, Sum: 0, Workers: 4
[3733.450s][debug][gc,phases      ] GC(205)     Total                          Min: 0, Avg: 121.2, Max: 485, Diff: 485, Sum: 485, Workers: 4
[3733.450s][debug][gc,phases      ] GC(205)   JVMTI Tag Weak OopStorage      Min:  0.0, Avg:  0.0, Max:  0.0, Diff:  0.0, Sum:  0.0, Workers: 4
[3733.450s][debug][gc,phases      ] GC(205)     Dead                           Min: 0, Avg:  0.0, Max: 0, Diff: 0, Sum: 0, Workers: 4
[3733.450s][debug][gc,phases      ] GC(205)     Total                          Min: 0, Avg:  0.0, Max: 0, Diff: 0, Sum: 0, Workers: 4
[3733.450s][debug][gc,phases      ] GC(205)   StringTable Weak               Min:  0.1, Avg:  0.1, Max:  0.1, Diff:  0.0, Sum:  0.4, Workers: 4
[3733.450s][debug][gc,phases      ] GC(205)     Dead                           Min: 0, Avg:  0.0, Max: 0, Diff: 0, Sum: 0, Workers: 4
[3733.450s][debug][gc,phases      ] GC(205)     Total                          Min: 8896, Avg: 12054.5, Max: 15104, Diff: 6208, Sum: 48218, Workers: 4
[3733.450s][debug][gc,phases      ] GC(205)   ResolvedMethodTable Weak       Min:  0.0, Avg:  0.0, Max:  0.0, Diff:  0.0, Sum:  0.1, Workers: 4
[3733.450s][debug][gc,phases      ] GC(205)     Dead                           Min: 0, Avg:  0.0, Max: 0, Diff: 0, Sum: 0, Workers: 4
[3733.450s][debug][gc,phases      ] GC(205)     Total                          Min: 1664, Avg: 2039.2, Max: 2432, Diff: 768, Sum: 8157, Workers: 4
[3733.450s][debug][gc,phases      ] GC(205)   JNI Weak                       Min:  0.0, Avg:  0.0, Max:  0.0, Diff:  0.0, Sum:  0.0, Workers: 4
[3733.450s][debug][gc,phases      ] GC(205)     Dead                           Min: 0, Avg:  0.0, Max: 0, Diff: 0, Sum: 0, Workers: 4
[3733.450s][debug][gc,phases      ] GC(205)     Total                          Min: 0, Avg:  0.0, Max: 0, Diff: 0, Sum: 0, Workers: 4
[3733.450s][debug][gc,phases      ] GC(205)   StringDedup Table Weak         Min:  0.0, Avg:  0.0, Max:  0.0, Diff:  0.0, Sum:  0.0, Workers: 4
[3733.450s][debug][gc,phases      ] GC(205)     Dead                           Min: 0, Avg:  0.0, Max: 0, Diff: 0, Sum: 0, Workers: 4
[3733.450s][debug][gc,phases      ] GC(205)     Total                          Min: 0, Avg:  0.0, Max: 0, Diff: 0, Sum: 0, Workers: 4
[3733.450s][debug][gc,phases      ] GC(205)   StringDedup Requests0 Weak     Min:  0.0, Avg:  0.0, Max:  0.0, Diff:  0.0, Sum:  0.0, Workers: 4
[3733.450s][debug][gc,phases      ] GC(205)     Dead                           Min: 0, Avg:  0.0, Max: 0, Diff: 0, Sum: 0, Workers: 4
[3733.450s][debug][gc,phases      ] GC(205)     Total                          Min: 0, Avg:  0.0, Max: 0, Diff: 0, Sum: 0, Workers: 4
[3733.450s][debug][gc,phases      ] GC(205)   StringDedup Requests1 Weak     Min:  0.0, Avg:  0.0, Max:  0.0, Diff:  0.0, Sum:  0.0, Workers: 4
[3733.450s][debug][gc,phases      ] GC(205)     Dead                           Min: 0, Avg:  0.0, Max: 0, Diff: 0, Sum: 0, Workers: 4
[3733.450s][debug][gc,phases      ] GC(205)     Total                          Min: 0, Avg:  0.0, Max: 0, Diff: 0, Sum: 0, Workers: 4
[3733.450s][debug][gc,phases      ] GC(205)   Weak JFR Old Object Samples    Min:  0.0, Avg:  0.0, Max:  0.0, Diff:  0.0, Sum:  0.0, Workers: 4
[3733.450s][debug][gc,phases      ] GC(205)     Dead                           Min: 0, Avg:  0.0, Max: 0, Diff: 0, Sum: 0, Workers: 4
[3733.450s][debug][gc,phases      ] GC(205)     Total                          Min: 0, Avg:  0.0, Max: 0, Diff: 0, Sum: 0, Workers: 4
[3733.450s][debug][gc,phases      ] GC(205) Weak Processing 0.271ms
[3733.450s][debug][gc,age         ] GC(205) Desired survivor size 35651584 bytes, new threshold 15 (max threshold 15)
[3733.450s][info ][gc,heap        ] GC(205) PSYoungGen: 2042384K(2060288K)->18416K(2062336K) Eden: 2023936K(2023936K)->0K(2026496K) From: 18448K(36352K)->18416K(35840K)
[3733.450s][info ][gc,heap        ] GC(205) ParOldGen: 451987K(475648K)->452003K(475648K)
[3733.450s][info ][gc,metaspace   ] GC(205) Metaspace: 81438K(82240K)->81438K(82240K) NonClass: 70039K(70464K)->70039K(70464K) Class: 11398K(11776K)->11398K(11776K)
[3733.450s][info ][gc             ] GC(205) Pause Young (Allocation Failure) 2435M->459M(2478M) 6.003ms
[3733.450s][info ][gc,cpu         ] GC(205) User=0.02s Sys=0.00s Real=0.01s
[3733.450s][info ][safepoint      ] Safepoint "ParallelGCFailedAllocation", Time since last: 91502041 ns, Reaching safepoint: 32700 ns, At safepoint: 6073930 ns, Total: 6106630 ns
[3738.451s][info ][safepoint      ] Safepoint "Cleanup", Time since last: 5000332799 ns, Reaching safepoint: 38100 ns, At safepoint: 2600 ns, Total: 40700 ns
[3753.452s][info ][safepoint      ] Safepoint "Cleanup", Time since last: 15000998761 ns, Reaching safepoint: 32400 ns, At safepoint: 2800 ns, Total: 35200 ns
[3765.843s][info ][gc,start       ] GC(206) Pause Young (Allocation Failure)
[3765.845s][debug][gc,phases      ] GC(206) Scavenge 1.755ms
[3765.845s][debug][gc,ref         ] GC(206) Skipped phase 1 of Reference Processing: no references
[3765.845s][debug][gc,ref         ] GC(206) ReferenceProcessor::execute queues: 1, RefProcThreadModel::Single, marks_oops_alive: false
[3765.845s][debug][gc,ref         ] GC(206) Skipped phase 3 of Reference Processing: no references
[3765.845s][debug][gc,ref         ] GC(206) ReferenceProcessor::execute queues: 1, RefProcThreadModel::Single, marks_oops_alive: false
[3765.845s][debug][gc,phases      ] GC(206) Reference Processing 0.104ms
[3765.845s][debug][gc,phases      ] GC(206)   VM Weak                        Min:  0.0, Avg:  0.0, Max:  0.0, Diff:  0.0, Sum:  0.0, Workers: 4
[3765.845s][debug][gc,phases      ] GC(206)     Dead                           Min: 0, Avg:  0.0, Max: 0, Diff: 0, Sum: 0, Workers: 4
[3765.845s][debug][gc,phases      ] GC(206)     Total                          Min: 0, Avg: 164.0, Max: 640, Diff: 640, Sum: 656, Workers: 4
[3765.845s][debug][gc,phases      ] GC(206)   ObjectSynchronizer Weak        Min:  0.0, Avg:  0.0, Max:  0.0, Diff:  0.0, Sum:  0.0, Workers: 4
[3765.845s][debug][gc,phases      ] GC(206)     Dead                           Min: 0, Avg:  0.0, Max: 0, Diff: 0, Sum: 0, Workers: 4
[3765.845s][debug][gc,phases      ] GC(206)     Total                          Min: 0, Avg: 121.2, Max: 229, Diff: 229, Sum: 485, Workers: 4
[3765.845s][debug][gc,phases      ] GC(206)   JVMTI Tag Weak OopStorage      Min:  0.0, Avg:  0.0, Max:  0.0, Diff:  0.0, Sum:  0.0, Workers: 4
[3765.845s][debug][gc,phases      ] GC(206)     Dead                           Min: 0, Avg:  0.0, Max: 0, Diff: 0, Sum: 0, Workers: 4
[3765.845s][debug][gc,phases      ] GC(206)     Total                          Min: 0, Avg:  0.0, Max: 0, Diff: 0, Sum: 0, Workers: 4
[3765.845s][debug][gc,phases      ] GC(206)   StringTable Weak               Min:  0.1, Avg:  0.1, Max:  0.1, Diff:  0.0, Sum:  0.3, Workers: 4
[3765.845s][debug][gc,phases      ] GC(206)     Dead                           Min: 0, Avg:  0.0, Max: 0, Diff: 0, Sum: 0, Workers: 4
[3765.845s][debug][gc,phases      ] GC(206)     Total                          Min: 11200, Avg: 12054.5, Max: 12928, Diff: 1728, Sum: 48218, Workers: 4
[3765.845s][debug][gc,phases      ] GC(206)   ResolvedMethodTable Weak       Min:  0.0, Avg:  0.0, Max:  0.0, Diff:  0.0, Sum:  0.0, Workers: 4
[3765.845s][debug][gc,phases      ] GC(206)     Dead                           Min: 0, Avg:  0.0, Max: 0, Diff: 0, Sum: 0, Workers: 4
[3765.845s][debug][gc,phases      ] GC(206)     Total                          Min: 1920, Avg: 2039.2, Max: 2112, Diff: 192, Sum: 8157, Workers: 4
[3765.845s][debug][gc,phases      ] GC(206)   JNI Weak                       Min:  0.0, Avg:  0.0, Max:  0.0, Diff:  0.0, Sum:  0.0, Workers: 4
[3765.845s][debug][gc,phases      ] GC(206)     Dead                           Min: 0, Avg:  0.0, Max: 0, Diff: 0, Sum: 0, Workers: 4
[3765.845s][debug][gc,phases      ] GC(206)     Total                          Min: 0, Avg:  0.0, Max: 0, Diff: 0, Sum: 0, Workers: 4
[3765.845s][debug][gc,phases      ] GC(206)   StringDedup Table Weak         Min:  0.0, Avg:  0.0, Max:  0.0, Diff:  0.0, Sum:  0.0, Workers: 4
[3765.845s][debug][gc,phases      ] GC(206)     Dead                           Min: 0, Avg:  0.0, Max: 0, Diff: 0, Sum: 0, Workers: 4
[3765.845s][debug][gc,phases      ] GC(206)     Total                          Min: 0, Avg:  0.0, Max: 0, Diff: 0, Sum: 0, Workers: 4
[3765.845s][debug][gc,phases      ] GC(206)   StringDedup Requests0 Weak     Min:  0.0, Avg:  0.0, Max:  0.0, Diff:  0.0, Sum:  0.0, Workers: 4
[3765.845s][debug][gc,phases      ] GC(206)     Dead                           Min: 0, Avg:  0.0, Max: 0, Diff: 0, Sum: 0, Workers: 4
[3765.845s][debug][gc,phases      ] GC(206)     Total                          Min: 0, Avg:  0.0, Max: 0, Diff: 0, Sum: 0, Workers: 4
[3765.845s][debug][gc,phases      ] GC(206)   StringDedup Requests1 Weak     Min:  0.0, Avg:  0.0, Max:  0.0, Diff:  0.0, Sum:  0.0, Workers: 4
[3765.845s][debug][gc,phases      ] GC(206)     Dead                           Min: 0, Avg:  0.0, Max: 0, Diff: 0, Sum: 0, Workers: 4
[3765.845s][debug][gc,phases      ] GC(206)     Total                          Min: 0, Avg:  0.0, Max: 0, Diff: 0, Sum: 0, Workers: 4
[3765.845s][debug][gc,phases      ] GC(206)   Weak JFR Old Object Samples    Min:  0.0, Avg:  0.0, Max:  0.0, Diff:  0.0, Sum:  0.0, Workers: 4
[3765.845s][debug][gc,phases      ] GC(206)     Dead                           Min: 0, Avg:  0.0, Max: 0, Diff: 0, Sum: 0, Workers: 4
[3765.845s][debug][gc,phases      ] GC(206)     Total                          Min: 0, Avg:  0.0, Max: 0, Diff: 0, Sum: 0, Workers: 4
[3765.845s][debug][gc,phases      ] GC(206) Weak Processing 0.237ms
[3765.845s][debug][gc,age         ] GC(206) Desired survivor size 36175872 bytes, new threshold 15 (max threshold 15)
[3765.845s][info ][gc,heap        ] GC(206) PSYoungGen: 2044912K(2062336K)->2128K(2061312K) Eden: 2026496K(2026496K)->0K(2026496K) From: 18416K(35840K)->2128K(34816K)
[3765.845s][info ][gc,heap        ] GC(206) ParOldGen: 452003K(475648K)->452035K(475648K)
[3765.846s][info ][gc,metaspace   ] GC(206) Metaspace: 81439K(82240K)->81439K(82240K) NonClass: 70040K(70464K)->70040K(70464K) Class: 11398K(11776K)->11398K(11776K)
[3765.846s][info ][gc             ] GC(206) Pause Young (Allocation Failure) 2438M->443M(2477M) 2.182ms
[3765.846s][info ][gc,cpu         ] GC(206) User=0.01s Sys=0.00s Real=0.00s
[3765.846s][info ][safepoint      ] Safepoint "ParallelGCFailedAllocation", Time since last: 12391705552 ns, Reaching safepoint: 39100 ns, At safepoint: 2248411 ns, Total: 2287511 ns
[3790.847s][info ][safepoint      ] Safepoint "Cleanup", Time since last: 25001642644 ns, Reaching safepoint: 38501 ns, At safepoint: 2200 ns, Total: 40701 ns
[3791.741s][info ][gc,start       ] GC(207) Pause Young (Allocation Failure)
[3791.748s][debug][gc,phases      ] GC(207) Scavenge 7.075ms
[3791.748s][debug][gc,ref         ] GC(207) Skipped phase 1 of Reference Processing: no references
[3791.748s][debug][gc,ref         ] GC(207) ReferenceProcessor::execute queues: 1, RefProcThreadModel::Single, marks_oops_alive: false
[3791.748s][debug][gc,ref         ] GC(207) Skipped phase 3 of Reference Processing: no references
[3791.748s][debug][gc,ref         ] GC(207) ReferenceProcessor::execute queues: 1, RefProcThreadModel::Single, marks_oops_alive: false
[3791.748s][debug][gc,phases      ] GC(207) Reference Processing 0.110ms
[3791.749s][debug][gc,phases      ] GC(207)   VM Weak                        Min:  0.0, Avg:  0.0, Max:  0.0, Diff:  0.0, Sum:  0.0, Workers: 4
[3791.749s][debug][gc,phases      ] GC(207)     Dead                           Min: 0, Avg:  0.0, Max: 0, Diff: 0, Sum: 0, Workers: 4
[3791.749s][debug][gc,phases      ] GC(207)     Total                          Min: 0, Avg: 164.0, Max: 528, Diff: 528, Sum: 656, Workers: 4
[3791.749s][debug][gc,phases      ] GC(207)   ObjectSynchronizer Weak        Min:  0.0, Avg:  0.0, Max:  0.0, Diff:  0.0, Sum:  0.0, Workers: 4
[3791.749s][debug][gc,phases      ] GC(207)     Dead                           Min: 0, Avg:  0.0, Max: 0, Diff: 0, Sum: 0, Workers: 4
[3791.749s][debug][gc,phases      ] GC(207)     Total                          Min: 0, Avg: 121.2, Max: 229, Diff: 229, Sum: 485, Workers: 4
[3791.749s][debug][gc,phases      ] GC(207)   JVMTI Tag Weak OopStorage      Min:  0.0, Avg:  0.0, Max:  0.0, Diff:  0.0, Sum:  0.0, Workers: 4
[3791.749s][debug][gc,phases      ] GC(207)     Dead                           Min: 0, Avg:  0.0, Max: 0, Diff: 0, Sum: 0, Workers: 4
[3791.749s][debug][gc,phases      ] GC(207)     Total                          Min: 0, Avg:  0.0, Max: 0, Diff: 0, Sum: 0, Workers: 4
[3791.749s][debug][gc,phases      ] GC(207)   StringTable Weak               Min:  0.1, Avg:  0.1, Max:  0.1, Diff:  0.0, Sum:  0.4, Workers: 4
[3791.749s][debug][gc,phases      ] GC(207)     Dead                           Min: 0, Avg:  0.0, Max: 0, Diff: 0, Sum: 0, Workers: 4
[3791.749s][debug][gc,phases      ] GC(207)     Total                          Min: 9536, Avg: 12054.8, Max: 15552, Diff: 6016, Sum: 48219, Workers: 4
[3791.749s][debug][gc,phases      ] GC(207)   ResolvedMethodTable Weak       Min:  0.0, Avg:  0.0, Max:  0.0, Diff:  0.0, Sum:  0.1, Workers: 4
[3791.749s][debug][gc,phases      ] GC(207)     Dead                           Min: 0, Avg:  0.0, Max: 0, Diff: 0, Sum: 0, Workers: 4
[3791.749s][debug][gc,phases      ] GC(207)     Total                          Min: 1536, Avg: 2039.2, Max: 2496, Diff: 960, Sum: 8157, Workers: 4
[3791.749s][debug][gc,phases      ] GC(207)   JNI Weak                       Min:  0.0, Avg:  0.0, Max:  0.0, Diff:  0.0, Sum:  0.0, Workers: 4
[3791.749s][debug][gc,phases      ] GC(207)     Dead                           Min: 0, Avg:  0.0, Max: 0, Diff: 0, Sum: 0, Workers: 4
[3791.749s][debug][gc,phases      ] GC(207)     Total                          Min: 0, Avg:  0.0, Max: 0, Diff: 0, Sum: 0, Workers: 4
[3791.749s][debug][gc,phases      ] GC(207)   StringDedup Table Weak         Min:  0.0, Avg:  0.0, Max:  0.0, Diff:  0.0, Sum:  0.0, Workers: 4
[3791.749s][debug][gc,phases      ] GC(207)     Dead                           Min: 0, Avg:  0.0, Max: 0, Diff: 0, Sum: 0, Workers: 4
[3791.749s][debug][gc,phases      ] GC(207)     Total                          Min: 0, Avg:  0.0, Max: 0, Diff: 0, Sum: 0, Workers: 4
[3791.749s][debug][gc,phases      ] GC(207)   StringDedup Requests0 Weak     Min:  0.0, Avg:  0.0, Max:  0.0, Diff:  0.0, Sum:  0.0, Workers: 4
[3791.749s][debug][gc,phases      ] GC(207)     Dead                           Min: 0, Avg:  0.0, Max: 0, Diff: 0, Sum: 0, Workers: 4
[3791.749s][debug][gc,phases      ] GC(207)     Total                          Min: 0, Avg:  0.0, Max: 0, Diff: 0, Sum: 0, Workers: 4
[3791.749s][debug][gc,phases      ] GC(207)   StringDedup Requests1 Weak     Min:  0.0, Avg:  0.0, Max:  0.0, Diff:  0.0, Sum:  0.0, Workers: 4
[3791.749s][debug][gc,phases      ] GC(207)     Dead                           Min: 0, Avg:  0.0, Max: 0, Diff: 0, Sum: 0, Workers: 4
[3791.749s][debug][gc,phases      ] GC(207)     Total                          Min: 0, Avg:  0.0, Max: 0, Diff: 0, Sum: 0, Workers: 4
[3791.749s][debug][gc,phases      ] GC(207)   Weak JFR Old Object Samples    Min:  0.0, Avg:  0.0, Max:  0.0, Diff:  0.0, Sum:  0.0, Workers: 4
[3791.749s][debug][gc,phases      ] GC(207)     Dead                           Min: 0, Avg:  0.0, Max: 0, Diff: 0, Sum: 0, Workers: 4
[3791.749s][debug][gc,phases      ] GC(207)     Total                          Min: 0, Avg:  0.0, Max: 0, Diff: 0, Sum: 0, Workers: 4
[3791.749s][debug][gc,phases      ] GC(207) Weak Processing 0.291ms
[3791.749s][debug][gc,age         ] GC(207) Desired survivor size 35651584 bytes, new threshold 15 (max threshold 15)
[3791.749s][info ][gc,heap        ] GC(207) PSYoungGen: 2028624K(2061312K)->18448K(2062336K) Eden: 2026496K(2026496K)->0K(2027008K) From: 2128K(34816K)->18448K(35328K)
[3791.749s][info ][gc,heap        ] GC(207) ParOldGen: 452035K(475648K)->452067K(475648K)
[3791.749s][info ][gc,metaspace   ] GC(207) Metaspace: 81439K(82240K)->81439K(82240K) NonClass: 70040K(70464K)->70040K(70464K) Class: 11398K(11776K)->11398K(11776K)
[3791.749s][info ][gc             ] GC(207) Pause Young (Allocation Failure) 2422M->459M(2478M) 7.589ms
[3791.749s][info ][gc,cpu         ] GC(207) User=0.02s Sys=0.00s Real=0.01s
[3791.749s][info ][safepoint      ] Safepoint "ParallelGCFailedAllocation", Time since last: 893879196 ns, Reaching safepoint: 31700 ns, At safepoint: 7670437 ns, Total: 7702137 ns
[3809.750s][info ][safepoint      ] Safepoint "Cleanup", Time since last: 18001151986 ns, Reaching safepoint: 42601 ns, At safepoint: 2400 ns, Total: 45001 ns
[3824.910s][info ][gc,start       ] GC(208) Pause Young (Allocation Failure)
[3824.915s][debug][gc,phases      ] GC(208) Scavenge 5.110ms
[3824.915s][debug][gc,ref         ] GC(208) Skipped phase 1 of Reference Processing: no references
[3824.915s][debug][gc,ref         ] GC(208) ReferenceProcessor::execute queues: 1, RefProcThreadModel::Single, marks_oops_alive: false
[3824.915s][debug][gc,ref         ] GC(208) Skipped phase 3 of Reference Processing: no references
[3824.915s][debug][gc,ref         ] GC(208) Skipped phase 4 of Reference Processing: no references
[3824.915s][debug][gc,phases      ] GC(208) Reference Processing 0.093ms
[3824.915s][debug][gc,phases      ] GC(208)   VM Weak                        Min:  0.0, Avg:  0.0, Max:  0.0, Diff:  0.0, Sum:  0.0, Workers: 4
[3824.915s][debug][gc,phases      ] GC(208)     Dead                           Min: 0, Avg:  0.0, Max: 0, Diff: 0, Sum: 0, Workers: 4
[3824.915s][debug][gc,phases      ] GC(208)     Total                          Min: 0, Avg: 164.0, Max: 512, Diff: 512, Sum: 656, Workers: 4
[3824.915s][debug][gc,phases      ] GC(208)   ObjectSynchronizer Weak        Min:  0.0, Avg:  0.0, Max:  0.0, Diff:  0.0, Sum:  0.0, Workers: 4
[3824.915s][debug][gc,phases      ] GC(208)     Dead                           Min: 0, Avg:  0.0, Max: 0, Diff: 0, Sum: 0, Workers: 4
[3824.915s][debug][gc,phases      ] GC(208)     Total                          Min: 0, Avg: 121.2, Max: 192, Diff: 192, Sum: 485, Workers: 4
[3824.915s][debug][gc,phases      ] GC(208)   JVMTI Tag Weak OopStorage      Min:  0.0, Avg:  0.0, Max:  0.0, Diff:  0.0, Sum:  0.0, Workers: 4
[3824.915s][debug][gc,phases      ] GC(208)     Dead                           Min: 0, Avg:  0.0, Max: 0, Diff: 0, Sum: 0, Workers: 4
[3824.915s][debug][gc,phases      ] GC(208)     Total                          Min: 0, Avg:  0.0, Max: 0, Diff: 0, Sum: 0, Workers: 4
[3824.915s][debug][gc,phases      ] GC(208)   StringTable Weak               Min:  0.1, Avg:  0.1, Max:  0.1, Diff:  0.0, Sum:  0.4, Workers: 4
[3824.915s][debug][gc,phases      ] GC(208)     Dead                           Min: 0, Avg:  0.0, Max: 0, Diff: 0, Sum: 0, Workers: 4
[3824.915s][debug][gc,phases      ] GC(208)     Total                          Min: 9307, Avg: 12054.8, Max: 15040, Diff: 5733, Sum: 48219, Workers: 4
[3824.915s][debug][gc,phases      ] GC(208)   ResolvedMethodTable Weak       Min:  0.0, Avg:  0.0, Max:  0.0, Diff:  0.0, Sum:  0.1, Workers: 4
[3824.915s][debug][gc,phases      ] GC(208)     Dead                           Min: 0, Avg:  0.0, Max: 0, Diff: 0, Sum: 0, Workers: 4
[3824.915s][debug][gc,phases      ] GC(208)     Total                          Min: 1536, Avg: 2039.2, Max: 2752, Diff: 1216, Sum: 8157, Workers: 4
[3824.915s][debug][gc,phases      ] GC(208)   JNI Weak                       Min:  0.0, Avg:  0.0, Max:  0.0, Diff:  0.0, Sum:  0.0, Workers: 4
[3824.915s][debug][gc,phases      ] GC(208)     Dead                           Min: 0, Avg:  0.0, Max: 0, Diff: 0, Sum: 0, Workers: 4
[3824.915s][debug][gc,phases      ] GC(208)     Total                          Min: 0, Avg:  0.0, Max: 0, Diff: 0, Sum: 0, Workers: 4
[3824.915s][debug][gc,phases      ] GC(208)   StringDedup Table Weak         Min:  0.0, Avg:  0.0, Max:  0.0, Diff:  0.0, Sum:  0.0, Workers: 4
[3824.915s][debug][gc,phases      ] GC(208)     Dead                           Min: 0, Avg:  0.0, Max: 0, Diff: 0, Sum: 0, Workers: 4
[3824.915s][debug][gc,phases      ] GC(208)     Total                          Min: 0, Avg:  0.0, Max: 0, Diff: 0, Sum: 0, Workers: 4
[3824.915s][debug][gc,phases      ] GC(208)   StringDedup Requests0 Weak     Min:  0.0, Avg:  0.0, Max:  0.0, Diff:  0.0, Sum:  0.0, Workers: 4
[3824.915s][debug][gc,phases      ] GC(208)     Dead                           Min: 0, Avg:  0.0, Max: 0, Diff: 0, Sum: 0, Workers: 4
[3824.915s][debug][gc,phases      ] GC(208)     Total                          Min: 0, Avg:  0.0, Max: 0, Diff: 0, Sum: 0, Workers: 4
[3824.915s][debug][gc,phases      ] GC(208)   StringDedup Requests1 Weak     Min:  0.0, Avg:  0.0, Max:  0.0, Diff:  0.0, Sum:  0.0, Workers: 4
[3824.915s][debug][gc,phases      ] GC(208)     Dead                           Min: 0, Avg:  0.0, Max: 0, Diff: 0, Sum: 0, Workers: 4
[3824.915s][debug][gc,phases      ] GC(208)     Total                          Min: 0, Avg:  0.0, Max: 0, Diff: 0, Sum: 0, Workers: 4
[3824.915s][debug][gc,phases      ] GC(208)   Weak JFR Old Object Samples    Min:  0.0, Avg:  0.0, Max:  0.0, Diff:  0.0, Sum:  0.0, Workers: 4
[3824.915s][debug][gc,phases      ] GC(208)     Dead                           Min: 0, Avg:  0.0, Max: 0, Diff: 0, Sum: 0, Workers: 4
[3824.915s][debug][gc,phases      ] GC(208)     Total                          Min: 0, Avg:  0.0, Max: 0, Diff: 0, Sum: 0, Workers: 4
[3824.915s][debug][gc,phases      ] GC(208) Weak Processing 0.332ms
[3824.915s][debug][gc,age         ] GC(208) Desired survivor size 35127296 bytes, new threshold 15 (max threshold 15)
[3824.916s][info ][gc,heap        ] GC(208) PSYoungGen: 2045456K(2062336K)->18400K(2061824K) Eden: 2027008K(2027008K)->0K(2027008K) From: 18448K(35328K)->18400K(34816K)
[3824.916s][info ][gc,heap        ] GC(208) ParOldGen: 452067K(475648K)->452091K(475648K)
[3824.916s][info ][gc,metaspace   ] GC(208) Metaspace: 81439K(82240K)->81439K(82240K) NonClass: 70040K(70464K)->70040K(70464K) Class: 11398K(11776K)->11398K(11776K)
[3824.916s][info ][gc             ] GC(208) Pause Young (Allocation Failure) 2438M->459M(2478M) 5.651ms
[3824.916s][info ][gc,cpu         ] GC(208) User=0.02s Sys=0.00s Real=0.00s
[3824.916s][info ][safepoint      ] Safepoint "ParallelGCFailedAllocation", Time since last: 15159782981 ns, Reaching safepoint: 31000 ns, At safepoint: 5755727 ns, Total: 5786727 ns
[3844.917s][info ][safepoint      ] Safepoint "Cleanup", Time since last: 20001384153 ns, Reaching safepoint: 42400 ns, At safepoint: 3300 ns, Total: 45700 ns
[3856.945s][info ][gc,start       ] GC(209) Pause Young (Allocation Failure)
[3856.949s][debug][gc,phases      ] GC(209) Scavenge 4.503ms
[3856.949s][debug][gc,ref         ] GC(209) Skipped phase 1 of Reference Processing: no references
[3856.949s][debug][gc,ref         ] GC(209) ReferenceProcessor::execute queues: 1, RefProcThreadModel::Single, marks_oops_alive: false
[3856.949s][debug][gc,ref         ] GC(209) Skipped phase 3 of Reference Processing: no references
[3856.949s][debug][gc,ref         ] GC(209) Skipped phase 4 of Reference Processing: no references
[3856.949s][debug][gc,phases      ] GC(209) Reference Processing 0.088ms
[3856.950s][debug][gc,phases      ] GC(209)   VM Weak                        Min:  0.0, Avg:  0.0, Max:  0.0, Diff:  0.0, Sum:  0.0, Workers: 4
[3856.950s][debug][gc,phases      ] GC(209)     Dead                           Min: 0, Avg:  0.0, Max: 0, Diff: 0, Sum: 0, Workers: 4
[3856.950s][debug][gc,phases      ] GC(209)     Total                          Min: 0, Avg: 164.0, Max: 336, Diff: 336, Sum: 656, Workers: 4
[3856.950s][debug][gc,phases      ] GC(209)   ObjectSynchronizer Weak        Min:  0.0, Avg:  0.0, Max:  0.0, Diff:  0.0, Sum:  0.0, Workers: 4
[3856.950s][debug][gc,phases      ] GC(209)     Dead                           Min: 0, Avg:  0.0, Max: 0, Diff: 0, Sum: 0, Workers: 4
[3856.950s][debug][gc,phases      ] GC(209)     Total                          Min: 0, Avg: 121.2, Max: 256, Diff: 256, Sum: 485, Workers: 4
[3856.950s][debug][gc,phases      ] GC(209)   JVMTI Tag Weak OopStorage      Min:  0.0, Avg:  0.0, Max:  0.0, Diff:  0.0, Sum:  0.0, Workers: 4
[3856.950s][debug][gc,phases      ] GC(209)     Dead                           Min: 0, Avg:  0.0, Max: 0, Diff: 0, Sum: 0, Workers: 4
[3856.950s][debug][gc,phases      ] GC(209)     Total                          Min: 0, Avg:  0.0, Max: 0, Diff: 0, Sum: 0, Workers: 4
[3856.950s][debug][gc,phases      ] GC(209)   StringTable Weak               Min:  0.1, Avg:  0.1, Max:  0.1, Diff:  0.0, Sum:  0.3, Workers: 4
[3856.950s][debug][gc,phases      ] GC(209)     Dead                           Min: 0, Avg:  0.0, Max: 0, Diff: 0, Sum: 0, Workers: 4
[3856.950s][debug][gc,phases      ] GC(209)     Total                          Min: 11072, Avg: 12054.8, Max: 12891, Diff: 1819, Sum: 48219, Workers: 4
[3856.950s][debug][gc,phases      ] GC(209)   ResolvedMethodTable Weak       Min:  0.0, Avg:  0.0, Max:  0.0, Diff:  0.0, Sum:  0.1, Workers: 4
[3856.950s][debug][gc,phases      ] GC(209)     Dead                           Min: 0, Avg:  0.0, Max: 0, Diff: 0, Sum: 0, Workers: 4
[3856.950s][debug][gc,phases      ] GC(209)     Total                          Min: 1984, Avg: 2039.2, Max: 2112, Diff: 128, Sum: 8157, Workers: 4
[3856.950s][debug][gc,phases      ] GC(209)   JNI Weak                       Min:  0.0, Avg:  0.0, Max:  0.0, Diff:  0.0, Sum:  0.0, Workers: 4
[3856.950s][debug][gc,phases      ] GC(209)     Dead                           Min: 0, Avg:  0.0, Max: 0, Diff: 0, Sum: 0, Workers: 4
[3856.950s][debug][gc,phases      ] GC(209)     Total                          Min: 0, Avg:  0.0, Max: 0, Diff: 0, Sum: 0, Workers: 4
[3856.950s][debug][gc,phases      ] GC(209)   StringDedup Table Weak         Min:  0.0, Avg:  0.0, Max:  0.0, Diff:  0.0, Sum:  0.0, Workers: 4
[3856.950s][debug][gc,phases      ] GC(209)     Dead                           Min: 0, Avg:  0.0, Max: 0, Diff: 0, Sum: 0, Workers: 4
[3856.950s][debug][gc,phases      ] GC(209)     Total                          Min: 0, Avg:  0.0, Max: 0, Diff: 0, Sum: 0, Workers: 4
[3856.950s][debug][gc,phases      ] GC(209)   StringDedup Requests0 Weak     Min:  0.0, Avg:  0.0, Max:  0.0, Diff:  0.0, Sum:  0.0, Workers: 4
[3856.950s][debug][gc,phases      ] GC(209)     Dead                           Min: 0, Avg:  0.0, Max: 0, Diff: 0, Sum: 0, Workers: 4
[3856.950s][debug][gc,phases      ] GC(209)     Total                          Min: 0, Avg:  0.0, Max: 0, Diff: 0, Sum: 0, Workers: 4
[3856.950s][debug][gc,phases      ] GC(209)   StringDedup Requests1 Weak     Min:  0.0, Avg:  0.0, Max:  0.0, Diff:  0.0, Sum:  0.0, Workers: 4
[3856.950s][debug][gc,phases      ] GC(209)     Dead                           Min: 0, Avg:  0.0, Max: 0, Diff: 0, Sum: 0, Workers: 4
[3856.950s][debug][gc,phases      ] GC(209)     Total                          Min: 0, Avg:  0.0, Max: 0, Diff: 0, Sum: 0, Workers: 4
[3856.950s][debug][gc,phases      ] GC(209)   Weak JFR Old Object Samples    Min:  0.0, Avg:  0.0, Max:  0.0, Diff:  0.0, Sum:  0.0, Workers: 4
[3856.950s][debug][gc,phases      ] GC(209)     Dead                           Min: 0, Avg:  0.0, Max: 0, Diff: 0, Sum: 0, Workers: 4
[3856.950s][debug][gc,phases      ] GC(209)     Total                          Min: 0, Avg:  0.0, Max: 0, Diff: 0, Sum: 0, Workers: 4
[3856.950s][debug][gc,phases      ] GC(209) Weak Processing 0.246ms
[3856.950s][debug][gc,age         ] GC(209) Desired survivor size 34603008 bytes, new threshold 15 (max threshold 15)
[3856.950s][info ][gc,heap        ] GC(209) PSYoungGen: 2045408K(2061824K)->18432K(2063360K) Eden: 2027008K(2027008K)->0K(2029056K) From: 18400K(34816K)->18432K(34304K)
[3856.950s][info ][gc,heap        ] GC(209) ParOldGen: 452091K(475648K)->452139K(475648K)
[3856.950s][info ][gc,metaspace   ] GC(209) Metaspace: 81439K(82240K)->81439K(82240K) NonClass: 70040K(70464K)->70040K(70464K) Class: 11398K(11776K)->11398K(11776K)
[3856.950s][info ][gc             ] GC(209) Pause Young (Allocation Failure) 2438M->459M(2479M) 4.927ms
[3856.950s][info ][gc,cpu         ] GC(209) User=0.02s Sys=0.00s Real=0.01s
[3856.950s][info ][safepoint      ] Safepoint "ParallelGCFailedAllocation", Time since last: 12027673661 ns, Reaching safepoint: 25801 ns, At safepoint: 5002324 ns, Total: 5028125 ns
[3888.187s][info ][gc,start       ] GC(210) Pause Young (Allocation Failure)
[3888.191s][debug][gc,phases      ] GC(210) Scavenge 3.949ms
[3888.191s][debug][gc,ref         ] GC(210) Skipped phase 1 of Reference Processing: no references
[3888.191s][debug][gc,ref         ] GC(210) ReferenceProcessor::execute queues: 1, RefProcThreadModel::Single, marks_oops_alive: false
[3888.191s][debug][gc,ref         ] GC(210) Skipped phase 3 of Reference Processing: no references
[3888.191s][debug][gc,ref         ] GC(210) Skipped phase 4 of Reference Processing: no references
[3888.191s][debug][gc,phases      ] GC(210) Reference Processing 0.103ms
[3888.192s][debug][gc,phases      ] GC(210)   VM Weak                        Min:  0.0, Avg:  0.0, Max:  0.0, Diff:  0.0, Sum:  0.0, Workers: 4
[3888.192s][debug][gc,phases      ] GC(210)     Dead                           Min: 0, Avg:  0.0, Max: 0, Diff: 0, Sum: 0, Workers: 4
[3888.192s][debug][gc,phases      ] GC(210)     Total                          Min: 0, Avg: 164.0, Max: 656, Diff: 656, Sum: 656, Workers: 4
[3888.192s][debug][gc,phases      ] GC(210)   ObjectSynchronizer Weak        Min:  0.0, Avg:  0.0, Max:  0.0, Diff:  0.0, Sum:  0.0, Workers: 4
[3888.192s][debug][gc,phases      ] GC(210)     Dead                           Min: 0, Avg:  0.0, Max: 0, Diff: 0, Sum: 0, Workers: 4
[3888.192s][debug][gc,phases      ] GC(210)     Total                          Min: 0, Avg: 121.2, Max: 485, Diff: 485, Sum: 485, Workers: 4
[3888.192s][debug][gc,phases      ] GC(210)   JVMTI Tag Weak OopStorage      Min:  0.0, Avg:  0.0, Max:  0.0, Diff:  0.0, Sum:  0.0, Workers: 4
[3888.192s][debug][gc,phases      ] GC(210)     Dead                           Min: 0, Avg:  0.0, Max: 0, Diff: 0, Sum: 0, Workers: 4
[3888.192s][debug][gc,phases      ] GC(210)     Total                          Min: 0, Avg:  0.0, Max: 0, Diff: 0, Sum: 0, Workers: 4
[3888.192s][debug][gc,phases      ] GC(210)   StringTable Weak               Min:  0.1, Avg:  0.1, Max:  0.1, Diff:  0.0, Sum:  0.3, Workers: 4
[3888.192s][debug][gc,phases      ] GC(210)     Dead                           Min: 0, Avg:  0.0, Max: 0, Diff: 0, Sum: 0, Workers: 4
[3888.192s][debug][gc,phases      ] GC(210)     Total                          Min: 11072, Avg: 12054.8, Max: 13019, Diff: 1947, Sum: 48219, Workers: 4
[3888.192s][debug][gc,phases      ] GC(210)   ResolvedMethodTable Weak       Min:  0.0, Avg:  0.0, Max:  0.0, Diff:  0.0, Sum:  0.1, Workers: 4
[3888.192s][debug][gc,phases      ] GC(210)     Dead                           Min: 0, Avg:  0.0, Max: 0, Diff: 0, Sum: 0, Workers: 4
[3888.192s][debug][gc,phases      ] GC(210)     Total                          Min: 1885, Avg: 2039.2, Max: 2112, Diff: 227, Sum: 8157, Workers: 4
[3888.192s][debug][gc,phases      ] GC(210)   JNI Weak                       Min:  0.0, Avg:  0.0, Max:  0.0, Diff:  0.0, Sum:  0.0, Workers: 4
[3888.192s][debug][gc,phases      ] GC(210)     Dead                           Min: 0, Avg:  0.0, Max: 0, Diff: 0, Sum: 0, Workers: 4
[3888.192s][debug][gc,phases      ] GC(210)     Total                          Min: 0, Avg:  0.0, Max: 0, Diff: 0, Sum: 0, Workers: 4
[3888.192s][debug][gc,phases      ] GC(210)   StringDedup Table Weak         Min:  0.0, Avg:  0.0, Max:  0.0, Diff:  0.0, Sum:  0.0, Workers: 4
[3888.192s][debug][gc,phases      ] GC(210)     Dead                           Min: 0, Avg:  0.0, Max: 0, Diff: 0, Sum: 0, Workers: 4
[3888.192s][debug][gc,phases      ] GC(210)     Total                          Min: 0, Avg:  0.0, Max: 0, Diff: 0, Sum: 0, Workers: 4
[3888.192s][debug][gc,phases      ] GC(210)   StringDedup Requests0 Weak     Min:  0.0, Avg:  0.0, Max:  0.0, Diff:  0.0, Sum:  0.0, Workers: 4
[3888.192s][debug][gc,phases      ] GC(210)     Dead                           Min: 0, Avg:  0.0, Max: 0, Diff: 0, Sum: 0, Workers: 4
[3888.192s][debug][gc,phases      ] GC(210)     Total                          Min: 0, Avg:  0.0, Max: 0, Diff: 0, Sum: 0, Workers: 4
[3888.192s][debug][gc,phases      ] GC(210)   StringDedup Requests1 Weak     Min:  0.0, Avg:  0.0, Max:  0.0, Diff:  0.0, Sum:  0.0, Workers: 4
[3888.192s][debug][gc,phases      ] GC(210)     Dead                           Min: 0, Avg:  0.0, Max: 0, Diff: 0, Sum: 0, Workers: 4
[3888.192s][debug][gc,phases      ] GC(210)     Total                          Min: 0, Avg:  0.0, Max: 0, Diff: 0, Sum: 0, Workers: 4
[3888.192s][debug][gc,phases      ] GC(210)   Weak JFR Old Object Samples    Min:  0.0, Avg:  0.0, Max:  0.0, Diff:  0.0, Sum:  0.0, Workers: 4
[3888.192s][debug][gc,phases      ] GC(210)     Dead                           Min: 0, Avg:  0.0, Max: 0, Diff: 0, Sum: 0, Workers: 4
[3888.192s][debug][gc,phases      ] GC(210)     Total                          Min: 0, Avg:  0.0, Max: 0, Diff: 0, Sum: 0, Workers: 4
[3888.192s][debug][gc,phases      ] GC(210) Weak Processing 0.235ms
[3888.192s][debug][gc,age         ] GC(210) Desired survivor size 34078720 bytes, new threshold 15 (max threshold 15)
[3888.192s][info ][gc,heap        ] GC(210) PSYoungGen: 2047488K(2063360K)->18400K(2062848K) Eden: 2029056K(2029056K)->0K(2029056K) From: 18432K(34304K)->18400K(33792K)
[3888.192s][info ][gc,heap        ] GC(210) ParOldGen: 452139K(475648K)->452179K(475648K)
[3888.192s][info ][gc,metaspace   ] GC(210) Metaspace: 81439K(82240K)->81439K(82240K) NonClass: 70041K(70464K)->70041K(70464K) Class: 11398K(11776K)->11398K(11776K)
[3888.192s][info ][gc             ] GC(210) Pause Young (Allocation Failure) 2441M->459M(2479M) 4.390ms
[3888.192s][info ][gc,cpu         ] GC(210) User=0.02s Sys=0.00s Real=0.01s
[3888.192s][info ][safepoint      ] Safepoint "ParallelGCFailedAllocation", Time since last: 31237542424 ns, Reaching safepoint: 37100 ns, At safepoint: 4474022 ns, Total: 4511122 ns
[3892.192s][info ][safepoint      ] Safepoint "Cleanup", Time since last: 4000335748 ns, Reaching safepoint: 104200 ns, At safepoint: 6900 ns, Total: 111100 ns
[3898.193s][info ][safepoint      ] Safepoint "Cleanup", Time since last: 6000457717 ns, Reaching safepoint: 117700 ns, At safepoint: 6200 ns, Total: 123900 ns
[3899.193s][info ][safepoint      ] Safepoint "Cleanup", Time since last: 1000106286 ns, Reaching safepoint: 119700 ns, At safepoint: 5300 ns, Total: 125000 ns
[3918.943s][info ][gc,start       ] GC(211) Pause Young (Allocation Failure)
[3918.948s][debug][gc,phases      ] GC(211) Scavenge 4.256ms
[3918.948s][debug][gc,ref         ] GC(211) Skipped phase 1 of Reference Processing: no references
[3918.948s][debug][gc,ref         ] GC(211) ReferenceProcessor::execute queues: 1, RefProcThreadModel::Single, marks_oops_alive: false
[3918.948s][debug][gc,ref         ] GC(211) Skipped phase 3 of Reference Processing: no references
[3918.948s][debug][gc,ref         ] GC(211) ReferenceProcessor::execute queues: 1, RefProcThreadModel::Single, marks_oops_alive: false
[3918.948s][debug][gc,phases      ] GC(211) Reference Processing 0.094ms
[3918.948s][debug][gc,phases      ] GC(211)   VM Weak                        Min:  0.0, Avg:  0.0, Max:  0.0, Diff:  0.0, Sum:  0.0, Workers: 4
[3918.948s][debug][gc,phases      ] GC(211)     Dead                           Min: 0, Avg:  0.0, Max: 0, Diff: 0, Sum: 0, Workers: 4
[3918.948s][debug][gc,phases      ] GC(211)     Total                          Min: 0, Avg: 164.0, Max: 592, Diff: 592, Sum: 656, Workers: 4
[3918.948s][debug][gc,phases      ] GC(211)   ObjectSynchronizer Weak        Min:  0.0, Avg:  0.0, Max:  0.0, Diff:  0.0, Sum:  0.0, Workers: 4
[3918.948s][debug][gc,phases      ] GC(211)     Dead                           Min: 0, Avg:  0.0, Max: 0, Diff: 0, Sum: 0, Workers: 4
[3918.948s][debug][gc,phases      ] GC(211)     Total                          Min: 0, Avg: 121.2, Max: 192, Diff: 192, Sum: 485, Workers: 4
[3918.948s][debug][gc,phases      ] GC(211)   JVMTI Tag Weak OopStorage      Min:  0.0, Avg:  0.0, Max:  0.0, Diff:  0.0, Sum:  0.0, Workers: 4
[3918.948s][debug][gc,phases      ] GC(211)     Dead                           Min: 0, Avg:  0.0, Max: 0, Diff: 0, Sum: 0, Workers: 4
[3918.948s][debug][gc,phases      ] GC(211)     Total                          Min: 0, Avg:  0.0, Max: 0, Diff: 0, Sum: 0, Workers: 4
[3918.948s][debug][gc,phases      ] GC(211)   StringTable Weak               Min:  0.1, Avg:  0.1, Max:  0.1, Diff:  0.0, Sum:  0.3, Workers: 4
[3918.948s][debug][gc,phases      ] GC(211)     Dead                           Min: 0, Avg:  0.0, Max: 0, Diff: 0, Sum: 0, Workers: 4
[3918.948s][debug][gc,phases      ] GC(211)     Total                          Min: 10560, Avg: 12055.2, Max: 13248, Diff: 2688, Sum: 48221, Workers: 4
[3918.948s][debug][gc,phases      ] GC(211)   ResolvedMethodTable Weak       Min:  0.0, Avg:  0.0, Max:  0.0, Diff:  0.0, Sum:  0.1, Workers: 4
[3918.948s][debug][gc,phases      ] GC(211)     Dead                           Min: 0, Avg:  0.0, Max: 0, Diff: 0, Sum: 0, Workers: 4
[3918.948s][debug][gc,phases      ] GC(211)     Total                          Min: 1984, Avg: 2039.8, Max: 2112, Diff: 128, Sum: 8159, Workers: 4
[3918.948s][debug][gc,phases      ] GC(211)   JNI Weak                       Min:  0.0, Avg:  0.0, Max:  0.0, Diff:  0.0, Sum:  0.0, Workers: 4
[3918.948s][debug][gc,phases      ] GC(211)     Dead                           Min: 0, Avg:  0.0, Max: 0, Diff: 0, Sum: 0, Workers: 4
[3918.948s][debug][gc,phases      ] GC(211)     Total                          Min: 0, Avg:  0.0, Max: 0, Diff: 0, Sum: 0, Workers: 4
[3918.948s][debug][gc,phases      ] GC(211)   StringDedup Table Weak         Min:  0.0, Avg:  0.0, Max:  0.0, Diff:  0.0, Sum:  0.0, Workers: 4
[3918.948s][debug][gc,phases      ] GC(211)     Dead                           Min: 0, Avg:  0.0, Max: 0, Diff: 0, Sum: 0, Workers: 4
[3918.948s][debug][gc,phases      ] GC(211)     Total                          Min: 0, Avg:  0.0, Max: 0, Diff: 0, Sum: 0, Workers: 4
[3918.948s][debug][gc,phases      ] GC(211)   StringDedup Requests0 Weak     Min:  0.0, Avg:  0.0, Max:  0.0, Diff:  0.0, Sum:  0.0, Workers: 4
[3918.948s][debug][gc,phases      ] GC(211)     Dead                           Min: 0, Avg:  0.0, Max: 0, Diff: 0, Sum: 0, Workers: 4
[3918.948s][debug][gc,phases      ] GC(211)     Total                          Min: 0, Avg:  0.0, Max: 0, Diff: 0, Sum: 0, Workers: 4
[3918.948s][debug][gc,phases      ] GC(211)   StringDedup Requests1 Weak     Min:  0.0, Avg:  0.0, Max:  0.0, Diff:  0.0, Sum:  0.0, Workers: 4
[3918.948s][debug][gc,phases      ] GC(211)     Dead                           Min: 0, Avg:  0.0, Max: 0, Diff: 0, Sum: 0, Workers: 4
[3918.948s][debug][gc,phases      ] GC(211)     Total                          Min: 0, Avg:  0.0, Max: 0, Diff: 0, Sum: 0, Workers: 4
[3918.948s][debug][gc,phases      ] GC(211)   Weak JFR Old Object Samples    Min:  0.0, Avg:  0.0, Max:  0.0, Diff:  0.0, Sum:  0.0, Workers: 4
[3918.948s][debug][gc,phases      ] GC(211)     Dead                           Min: 0, Avg:  0.0, Max: 0, Diff: 0, Sum: 0, Workers: 4
[3918.948s][debug][gc,phases      ] GC(211)     Total                          Min: 0, Avg:  0.0, Max: 0, Diff: 0, Sum: 0, Workers: 4
[3918.948s][debug][gc,phases      ] GC(211) Weak Processing 0.241ms
[3918.948s][debug][gc,age         ] GC(211) Desired survivor size 33030144 bytes, new threshold 15 (max threshold 15)
[3918.948s][info ][gc,heap        ] GC(211) PSYoungGen: 2047456K(2062848K)->18432K(2064896K) Eden: 2029056K(2029056K)->0K(2031616K) From: 18400K(33792K)->18432K(33280K)
[3918.948s][info ][gc,heap        ] GC(211) ParOldGen: 452179K(475648K)->452203K(475648K)
[3918.948s][info ][gc,metaspace   ] GC(211) Metaspace: 81447K(82304K)->81447K(82304K) NonClass: 70047K(70528K)->70047K(70528K) Class: 11399K(11776K)->11399K(11776K)
[3918.948s][info ][gc             ] GC(211) Pause Young (Allocation Failure) 2441M->459M(2481M) 4.691ms
[3918.948s][info ][gc,cpu         ] GC(211) User=0.02s Sys=0.00s Real=0.00s
[3918.948s][info ][safepoint      ] Safepoint "ParallelGCFailedAllocation", Time since last: 19750250670 ns, Reaching safepoint: 25400 ns, At safepoint: 4769023 ns, Total: 4794423 ns
[3919.948s][info ][safepoint      ] Safepoint "Cleanup", Time since last: 1000082882 ns, Reaching safepoint: 46100 ns, At safepoint: 2900 ns, Total: 49000 ns
[3933.949s][info ][safepoint      ] Safepoint "Cleanup", Time since last: 14000967526 ns, Reaching safepoint: 38401 ns, At safepoint: 4500 ns, Total: 42901 ns
[3943.950s][info ][safepoint      ] Safepoint "Cleanup", Time since last: 10000676284 ns, Reaching safepoint: 40500 ns, At safepoint: 2100 ns, Total: 42600 ns
[3946.950s][info ][safepoint      ] Safepoint "Cleanup", Time since last: 3000236932 ns, Reaching safepoint: 42601 ns, At safepoint: 9000 ns, Total: 51601 ns
[3947.950s][info ][safepoint      ] Safepoint "Cleanup", Time since last: 1000090277 ns, Reaching safepoint: 44800 ns, At safepoint: 7300 ns, Total: 52100 ns
[3952.543s][info ][gc,start       ] GC(212) Pause Young (Allocation Failure)
[3952.548s][debug][gc,phases      ] GC(212) Scavenge 5.040ms
[3952.548s][debug][gc,ref         ] GC(212) Skipped phase 1 of Reference Processing: no references
[3952.548s][debug][gc,ref         ] GC(212) ReferenceProcessor::execute queues: 1, RefProcThreadModel::Single, marks_oops_alive: false
[3952.548s][debug][gc,ref         ] GC(212) Skipped phase 3 of Reference Processing: no references
[3952.548s][debug][gc,ref         ] GC(212) Skipped phase 4 of Reference Processing: no references
[3952.548s][debug][gc,phases      ] GC(212) Reference Processing 0.090ms
[3952.549s][debug][gc,phases      ] GC(212)   VM Weak                        Min:  0.0, Avg:  0.0, Max:  0.0, Diff:  0.0, Sum:  0.0, Workers: 4
[3952.549s][debug][gc,phases      ] GC(212)     Dead                           Min: 0, Avg:  0.0, Max: 0, Diff: 0, Sum: 0, Workers: 4
[3952.549s][debug][gc,phases      ] GC(212)     Total                          Min: 0, Avg: 164.0, Max: 464, Diff: 464, Sum: 656, Workers: 4
[3952.549s][debug][gc,phases      ] GC(212)   ObjectSynchronizer Weak        Min:  0.0, Avg:  0.0, Max:  0.0, Diff:  0.0, Sum:  0.0, Workers: 4
[3952.549s][debug][gc,phases      ] GC(212)     Dead                           Min: 0, Avg:  0.0, Max: 0, Diff: 0, Sum: 0, Workers: 4
[3952.549s][debug][gc,phases      ] GC(212)     Total                          Min: 0, Avg: 121.2, Max: 293, Diff: 293, Sum: 485, Workers: 4
[3952.549s][debug][gc,phases      ] GC(212)   JVMTI Tag Weak OopStorage      Min:  0.0, Avg:  0.0, Max:  0.0, Diff:  0.0, Sum:  0.0, Workers: 4
[3952.549s][debug][gc,phases      ] GC(212)     Dead                           Min: 0, Avg:  0.0, Max: 0, Diff: 0, Sum: 0, Workers: 4
[3952.549s][debug][gc,phases      ] GC(212)     Total                          Min: 0, Avg:  0.0, Max: 0, Diff: 0, Sum: 0, Workers: 4
[3952.549s][debug][gc,phases      ] GC(212)   StringTable Weak               Min:  0.1, Avg:  0.1, Max:  0.1, Diff:  0.0, Sum:  0.4, Workers: 4
[3952.549s][debug][gc,phases      ] GC(212)     Dead                           Min: 0, Avg:  0.0, Max: 0, Diff: 0, Sum: 0, Workers: 4
[3952.549s][debug][gc,phases      ] GC(212)     Total                          Min: 9152, Avg: 12055.5, Max: 14848, Diff: 5696, Sum: 48222, Workers: 4
[3952.549s][debug][gc,phases      ] GC(212)   ResolvedMethodTable Weak       Min:  0.0, Avg:  0.0, Max:  0.0, Diff:  0.0, Sum:  0.1, Workers: 4
[3952.549s][debug][gc,phases      ] GC(212)     Dead                           Min: 0, Avg:  0.0, Max: 0, Diff: 0, Sum: 0, Workers: 4
[3952.549s][debug][gc,phases      ] GC(212)     Total                          Min: 1695, Avg: 2039.8, Max: 2496, Diff: 801, Sum: 8159, Workers: 4
[3952.549s][debug][gc,phases      ] GC(212)   JNI Weak                       Min:  0.0, Avg:  0.0, Max:  0.0, Diff:  0.0, Sum:  0.0, Workers: 4
[3952.549s][debug][gc,phases      ] GC(212)     Dead                           Min: 0, Avg:  0.0, Max: 0, Diff: 0, Sum: 0, Workers: 4
[3952.549s][debug][gc,phases      ] GC(212)     Total                          Min: 0, Avg:  0.0, Max: 0, Diff: 0, Sum: 0, Workers: 4
[3952.549s][debug][gc,phases      ] GC(212)   StringDedup Table Weak         Min:  0.0, Avg:  0.0, Max:  0.0, Diff:  0.0, Sum:  0.0, Workers: 4
[3952.549s][debug][gc,phases      ] GC(212)     Dead                           Min: 0, Avg:  0.0, Max: 0, Diff: 0, Sum: 0, Workers: 4
[3952.549s][debug][gc,phases      ] GC(212)     Total                          Min: 0, Avg:  0.0, Max: 0, Diff: 0, Sum: 0, Workers: 4
[3952.549s][debug][gc,phases      ] GC(212)   StringDedup Requests0 Weak     Min:  0.0, Avg:  0.0, Max:  0.0, Diff:  0.0, Sum:  0.0, Workers: 4
[3952.549s][debug][gc,phases      ] GC(212)     Dead                           Min: 0, Avg:  0.0, Max: 0, Diff: 0, Sum: 0, Workers: 4
[3952.549s][debug][gc,phases      ] GC(212)     Total                          Min: 0, Avg:  0.0, Max: 0, Diff: 0, Sum: 0, Workers: 4
[3952.549s][debug][gc,phases      ] GC(212)   StringDedup Requests1 Weak     Min:  0.0, Avg:  0.0, Max:  0.0, Diff:  0.0, Sum:  0.0, Workers: 4
[3952.549s][debug][gc,phases      ] GC(212)     Dead                           Min: 0, Avg:  0.0, Max: 0, Diff: 0, Sum: 0, Workers: 4
[3952.549s][debug][gc,phases      ] GC(212)     Total                          Min: 0, Avg:  0.0, Max: 0, Diff: 0, Sum: 0, Workers: 4
[3952.549s][debug][gc,phases      ] GC(212)   Weak JFR Old Object Samples    Min:  0.0, Avg:  0.0, Max:  0.0, Diff:  0.0, Sum:  0.0, Workers: 4
[3952.549s][debug][gc,phases      ] GC(212)     Dead                           Min: 0, Avg:  0.0, Max: 0, Diff: 0, Sum: 0, Workers: 4
[3952.549s][debug][gc,phases      ] GC(212)     Total                          Min: 0, Avg:  0.0, Max: 0, Diff: 0, Sum: 0, Workers: 4
[3952.549s][debug][gc,phases      ] GC(212) Weak Processing 0.260ms
[3952.549s][debug][gc,age         ] GC(212) Desired survivor size 32505856 bytes, new threshold 15 (max threshold 15)
[3952.549s][info ][gc,heap        ] GC(212) PSYoungGen: 2050048K(2064896K)->18384K(2063872K) Eden: 2031616K(2031616K)->0K(2031616K) From: 18432K(33280K)->18384K(32256K)
[3952.549s][info ][gc,heap        ] GC(212) ParOldGen: 452203K(475648K)->452219K(475648K)
[3952.549s][info ][gc,metaspace   ] GC(212) Metaspace: 81451K(82304K)->81451K(82304K) NonClass: 70051K(70528K)->70051K(70528K) Class: 11399K(11776K)->11399K(11776K)
[3952.549s][info ][gc             ] GC(212) Pause Young (Allocation Failure) 2443M->459M(2480M) 5.485ms
[3952.549s][info ][gc,cpu         ] GC(212) User=0.02s Sys=0.00s Real=0.00s
[3952.549s][info ][safepoint      ] Safepoint "ParallelGCFailedAllocation", Time since last: 4592824936 ns, Reaching safepoint: 33101 ns, At safepoint: 5550326 ns, Total: 5583427 ns
[3956.549s][info ][safepoint      ] Safepoint "Cleanup", Time since last: 4000293804 ns, Reaching safepoint: 25400 ns, At safepoint: 2500 ns, Total: 27900 ns
[3966.550s][info ][safepoint      ] Safepoint "Cleanup", Time since last: 10000749148 ns, Reaching safepoint: 40100 ns, At safepoint: 14000 ns, Total: 54100 ns
[3970.550s][info ][safepoint      ] Safepoint "Cleanup", Time since last: 4000281794 ns, Reaching safepoint: 39101 ns, At safepoint: 2200 ns, Total: 41301 ns
[3973.550s][info ][safepoint      ] Safepoint "Cleanup", Time since last: 3000223919 ns, Reaching safepoint: 44300 ns, At safepoint: 3800 ns, Total: 48100 ns
[3974.551s][info ][safepoint      ] Safepoint "Cleanup", Time since last: 1000108073 ns, Reaching safepoint: 40100 ns, At safepoint: 3100 ns, Total: 43200 ns
[3976.551s][info ][safepoint      ] Safepoint "Cleanup", Time since last: 2000161246 ns, Reaching safepoint: 42000 ns, At safepoint: 3500 ns, Total: 45500 ns
[3983.551s][info ][safepoint      ] Safepoint "Cleanup", Time since last: 7000444403 ns, Reaching safepoint: 53600 ns, At safepoint: 6700 ns, Total: 60300 ns
[3984.044s][info ][gc,start       ] GC(213) Pause Young (Allocation Failure)
[3984.049s][debug][gc,phases      ] GC(213) Scavenge 5.126ms
[3984.049s][debug][gc,ref         ] GC(213) Skipped phase 1 of Reference Processing: no references
[3984.049s][debug][gc,ref         ] GC(213) ReferenceProcessor::execute queues: 1, RefProcThreadModel::Single, marks_oops_alive: false
[3984.049s][debug][gc,ref         ] GC(213) Skipped phase 3 of Reference Processing: no references
[3984.049s][debug][gc,ref         ] GC(213) Skipped phase 4 of Reference Processing: no references
[3984.049s][debug][gc,phases      ] GC(213) Reference Processing 0.090ms
[3984.049s][debug][gc,phases      ] GC(213)   VM Weak                        Min:  0.0, Avg:  0.0, Max:  0.0, Diff:  0.0, Sum:  0.0, Workers: 4
[3984.050s][debug][gc,phases      ] GC(213)     Dead                           Min: 0, Avg:  0.0, Max: 0, Diff: 0, Sum: 0, Workers: 4
[3984.050s][debug][gc,phases      ] GC(213)     Total                          Min: 0, Avg: 164.0, Max: 592, Diff: 592, Sum: 656, Workers: 4
[3984.050s][debug][gc,phases      ] GC(213)   ObjectSynchronizer Weak        Min:  0.0, Avg:  0.0, Max:  0.0, Diff:  0.0, Sum:  0.0, Workers: 4
[3984.050s][debug][gc,phases      ] GC(213)     Dead                           Min: 0, Avg:  0.0, Max: 0, Diff: 0, Sum: 0, Workers: 4
[3984.050s][debug][gc,phases      ] GC(213)     Total                          Min: 0, Avg: 121.2, Max: 256, Diff: 256, Sum: 485, Workers: 4
[3984.050s][debug][gc,phases      ] GC(213)   JVMTI Tag Weak OopStorage      Min:  0.0, Avg:  0.0, Max:  0.0, Diff:  0.0, Sum:  0.0, Workers: 4
[3984.050s][debug][gc,phases      ] GC(213)     Dead                           Min: 0, Avg:  0.0, Max: 0, Diff: 0, Sum: 0, Workers: 4
[3984.050s][debug][gc,phases      ] GC(213)     Total                          Min: 0, Avg:  0.0, Max: 0, Diff: 0, Sum: 0, Workers: 4
[3984.050s][debug][gc,phases      ] GC(213)   StringTable Weak               Min:  0.1, Avg:  0.1, Max:  0.1, Diff:  0.0, Sum:  0.4, Workers: 4
[3984.050s][debug][gc,phases      ] GC(213)     Dead                           Min: 0, Avg:  0.0, Max: 0, Diff: 0, Sum: 0, Workers: 4
[3984.050s][debug][gc,phases      ] GC(213)     Total                          Min: 9728, Avg: 12055.5, Max: 14400, Diff: 4672, Sum: 48222, Workers: 4
[3984.050s][debug][gc,phases      ] GC(213)   ResolvedMethodTable Weak       Min:  0.0, Avg:  0.0, Max:  0.0, Diff:  0.0, Sum:  0.1, Workers: 4
[3984.050s][debug][gc,phases      ] GC(213)     Dead                           Min: 0, Avg:  0.0, Max: 0, Diff: 0, Sum: 0, Workers: 4
[3984.050s][debug][gc,phases      ] GC(213)     Total                          Min: 1664, Avg: 2039.8, Max: 2399, Diff: 735, Sum: 8159, Workers: 4
[3984.050s][debug][gc,phases      ] GC(213)   JNI Weak                       Min:  0.0, Avg:  0.0, Max:  0.0, Diff:  0.0, Sum:  0.0, Workers: 4
[3984.050s][debug][gc,phases      ] GC(213)     Dead                           Min: 0, Avg:  0.0, Max: 0, Diff: 0, Sum: 0, Workers: 4
[3984.050s][debug][gc,phases      ] GC(213)     Total                          Min: 0, Avg:  0.0, Max: 0, Diff: 0, Sum: 0, Workers: 4
[3984.050s][debug][gc,phases      ] GC(213)   StringDedup Table Weak         Min:  0.0, Avg:  0.0, Max:  0.0, Diff:  0.0, Sum:  0.0, Workers: 4
[3984.050s][debug][gc,phases      ] GC(213)     Dead                           Min: 0, Avg:  0.0, Max: 0, Diff: 0, Sum: 0, Workers: 4
[3984.050s][debug][gc,phases      ] GC(213)     Total                          Min: 0, Avg:  0.0, Max: 0, Diff: 0, Sum: 0, Workers: 4
[3984.050s][debug][gc,phases      ] GC(213)   StringDedup Requests0 Weak     Min:  0.0, Avg:  0.0, Max:  0.0, Diff:  0.0, Sum:  0.0, Workers: 4
[3984.050s][debug][gc,phases      ] GC(213)     Dead                           Min: 0, Avg:  0.0, Max: 0, Diff: 0, Sum: 0, Workers: 4
[3984.050s][debug][gc,phases      ] GC(213)     Total                          Min: 0, Avg:  0.0, Max: 0, Diff: 0, Sum: 0, Workers: 4
[3984.050s][debug][gc,phases      ] GC(213)   StringDedup Requests1 Weak     Min:  0.0, Avg:  0.0, Max:  0.0, Diff:  0.0, Sum:  0.0, Workers: 4
[3984.050s][debug][gc,phases      ] GC(213)     Dead                           Min: 0, Avg:  0.0, Max: 0, Diff: 0, Sum: 0, Workers: 4
[3984.050s][debug][gc,phases      ] GC(213)     Total                          Min: 0, Avg:  0.0, Max: 0, Diff: 0, Sum: 0, Workers: 4
[3984.050s][debug][gc,phases      ] GC(213)   Weak JFR Old Object Samples    Min:  0.0, Avg:  0.0, Max:  0.0, Diff:  0.0, Sum:  0.0, Workers: 4
[3984.050s][debug][gc,phases      ] GC(213)     Dead                           Min: 0, Avg:  0.0, Max: 0, Diff: 0, Sum: 0, Workers: 4
[3984.050s][debug][gc,phases      ] GC(213)     Total                          Min: 0, Avg:  0.0, Max: 0, Diff: 0, Sum: 0, Workers: 4
[3984.050s][debug][gc,phases      ] GC(213) Weak Processing 0.267ms
[3984.050s][debug][gc,age         ] GC(213) Desired survivor size 31981568 bytes, new threshold 15 (max threshold 15)
[3984.050s][info ][gc,heap        ] GC(213) PSYoungGen: 2050000K(2063872K)->18448K(2065920K) Eden: 2031616K(2031616K)->0K(2034176K) From: 18384K(32256K)->18448K(31744K)
[3984.050s][info ][gc,heap        ] GC(213) ParOldGen: 452219K(475648K)->452227K(475648K)
[3984.050s][info ][gc,metaspace   ] GC(213) Metaspace: 81453K(82304K)->81453K(82304K) NonClass: 70053K(70528K)->70053K(70528K) Class: 11399K(11776K)->11399K(11776K)
[3984.050s][info ][gc             ] GC(213) Pause Young (Allocation Failure) 2443M->459M(2482M) 5.582ms
[3984.050s][info ][gc,cpu         ] GC(213) User=0.03s Sys=0.00s Real=0.01s
[3984.050s][info ][safepoint      ] Safepoint "ParallelGCFailedAllocation", Time since last: 492656450 ns, Reaching safepoint: 24801 ns, At safepoint: 5658227 ns, Total: 5683028 ns
[4009.368s][info ][gc,start       ] GC(214) Pause Young (Allocation Failure)
[4009.376s][debug][gc,phases      ] GC(214) Scavenge 7.513ms
[4009.376s][debug][gc,ref         ] GC(214) Skipped phase 1 of Reference Processing: no references
[4009.376s][debug][gc,ref         ] GC(214) ReferenceProcessor::execute queues: 1, RefProcThreadModel::Single, marks_oops_alive: false
[4009.376s][debug][gc,ref         ] GC(214) Skipped phase 3 of Reference Processing: no references
[4009.376s][debug][gc,ref         ] GC(214) ReferenceProcessor::execute queues: 1, RefProcThreadModel::Single, marks_oops_alive: false
[4009.376s][debug][gc,phases      ] GC(214) Reference Processing 0.092ms
[4009.376s][debug][gc,phases      ] GC(214)   VM Weak                        Min:  0.0, Avg:  0.0, Max:  0.0, Diff:  0.0, Sum:  0.0, Workers: 4
[4009.376s][debug][gc,phases      ] GC(214)     Dead                           Min: 0, Avg:  0.0, Max: 0, Diff: 0, Sum: 0, Workers: 4
[4009.376s][debug][gc,phases      ] GC(214)     Total                          Min: 0, Avg: 164.0, Max: 656, Diff: 656, Sum: 656, Workers: 4
[4009.376s][debug][gc,phases      ] GC(214)   ObjectSynchronizer Weak        Min:  0.0, Avg:  0.0, Max:  0.0, Diff:  0.0, Sum:  0.0, Workers: 4
[4009.376s][debug][gc,phases      ] GC(214)     Dead                           Min: 0, Avg:  0.0, Max: 0, Diff: 0, Sum: 0, Workers: 4
[4009.376s][debug][gc,phases      ] GC(214)     Total                          Min: 0, Avg: 121.2, Max: 485, Diff: 485, Sum: 485, Workers: 4
[4009.376s][debug][gc,phases      ] GC(214)   JVMTI Tag Weak OopStorage      Min:  0.0, Avg:  0.0, Max:  0.0, Diff:  0.0, Sum:  0.0, Workers: 4
[4009.376s][debug][gc,phases      ] GC(214)     Dead                           Min: 0, Avg:  0.0, Max: 0, Diff: 0, Sum: 0, Workers: 4
[4009.376s][debug][gc,phases      ] GC(214)     Total                          Min: 0, Avg:  0.0, Max: 0, Diff: 0, Sum: 0, Workers: 4
[4009.376s][debug][gc,phases      ] GC(214)   StringTable Weak               Min:  0.1, Avg:  0.1, Max:  0.1, Diff:  0.0, Sum:  0.4, Workers: 4
[4009.376s][debug][gc,phases      ] GC(214)     Dead                           Min: 0, Avg:  0.0, Max: 0, Diff: 0, Sum: 0, Workers: 4
[4009.376s][debug][gc,phases      ] GC(214)     Total                          Min: 8896, Avg: 12055.5, Max: 14912, Diff: 6016, Sum: 48222, Workers: 4
[4009.376s][debug][gc,phases      ] GC(214)   ResolvedMethodTable Weak       Min:  0.0, Avg:  0.0, Max:  0.0, Diff:  0.0, Sum:  0.1, Workers: 4
[4009.376s][debug][gc,phases      ] GC(214)     Dead                           Min: 0, Avg:  0.0, Max: 0, Diff: 0, Sum: 0, Workers: 4
[4009.376s][debug][gc,phases      ] GC(214)     Total                          Min: 1664, Avg: 2039.8, Max: 2432, Diff: 768, Sum: 8159, Workers: 4
[4009.376s][debug][gc,phases      ] GC(214)   JNI Weak                       Min:  0.0, Avg:  0.0, Max:  0.0, Diff:  0.0, Sum:  0.0, Workers: 4
[4009.376s][debug][gc,phases      ] GC(214)     Dead                           Min: 0, Avg:  0.0, Max: 0, Diff: 0, Sum: 0, Workers: 4
[4009.376s][debug][gc,phases      ] GC(214)     Total                          Min: 0, Avg:  0.0, Max: 0, Diff: 0, Sum: 0, Workers: 4
[4009.376s][debug][gc,phases      ] GC(214)   StringDedup Table Weak         Min:  0.0, Avg:  0.0, Max:  0.0, Diff:  0.0, Sum:  0.0, Workers: 4
[4009.376s][debug][gc,phases      ] GC(214)     Dead                           Min: 0, Avg:  0.0, Max: 0, Diff: 0, Sum: 0, Workers: 4
[4009.376s][debug][gc,phases      ] GC(214)     Total                          Min: 0, Avg:  0.0, Max: 0, Diff: 0, Sum: 0, Workers: 4
[4009.376s][debug][gc,phases      ] GC(214)   StringDedup Requests0 Weak     Min:  0.0, Avg:  0.0, Max:  0.0, Diff:  0.0, Sum:  0.0, Workers: 4
[4009.376s][debug][gc,phases      ] GC(214)     Dead                           Min: 0, Avg:  0.0, Max: 0, Diff: 0, Sum: 0, Workers: 4
[4009.376s][debug][gc,phases      ] GC(214)     Total                          Min: 0, Avg:  0.0, Max: 0, Diff: 0, Sum: 0, Workers: 4
[4009.376s][debug][gc,phases      ] GC(214)   StringDedup Requests1 Weak     Min:  0.0, Avg:  0.0, Max:  0.0, Diff:  0.0, Sum:  0.0, Workers: 4
[4009.376s][debug][gc,phases      ] GC(214)     Dead                           Min: 0, Avg:  0.0, Max: 0, Diff: 0, Sum: 0, Workers: 4
[4009.376s][debug][gc,phases      ] GC(214)     Total                          Min: 0, Avg:  0.0, Max: 0, Diff: 0, Sum: 0, Workers: 4
[4009.376s][debug][gc,phases      ] GC(214)   Weak JFR Old Object Samples    Min:  0.0, Avg:  0.0, Max:  0.0, Diff:  0.0, Sum:  0.0, Workers: 4
[4009.376s][debug][gc,phases      ] GC(214)     Dead                           Min: 0, Avg:  0.0, Max: 0, Diff: 0, Sum: 0, Workers: 4
[4009.376s][debug][gc,phases      ] GC(214)     Total                          Min: 0, Avg:  0.0, Max: 0, Diff: 0, Sum: 0, Workers: 4
[4009.376s][debug][gc,phases      ] GC(214) Weak Processing 0.268ms
[4009.376s][debug][gc,age         ] GC(214) Desired survivor size 30408704 bytes, new threshold 15 (max threshold 15)
[4009.376s][info ][gc,heap        ] GC(214) PSYoungGen: 2052624K(2065920K)->17152K(2065408K) Eden: 2034176K(2034176K)->0K(2034176K) From: 18448K(31744K)->17152K(31232K)
[4009.376s][info ][gc,heap        ] GC(214) ParOldGen: 452227K(475648K)->452243K(475648K)
[4009.376s][info ][gc,metaspace   ] GC(214) Metaspace: 81464K(82304K)->81464K(82304K) NonClass: 70065K(70528K)->70065K(70528K) Class: 11399K(11776K)->11399K(11776K)
[4009.376s][info ][gc             ] GC(214) Pause Young (Allocation Failure) 2446M->458M(2481M) 7.974ms
[4009.376s][info ][gc,cpu         ] GC(214) User=0.03s Sys=0.00s Real=0.01s
[4009.376s][info ][safepoint      ] Safepoint "ParallelGCFailedAllocation", Time since last: 25318461944 ns, Reaching safepoint: 94500 ns, At safepoint: 8047639 ns, Total: 8142139 ns
[4034.378s][info ][safepoint      ] Safepoint "Cleanup", Time since last: 25001746442 ns, Reaching safepoint: 51001 ns, At safepoint: 21300 ns, Total: 72301 ns
[4037.743s][info ][gc,start       ] GC(215) Pause Young (Allocation Failure)
[4037.754s][debug][gc,phases      ] GC(215) Scavenge 11.011ms
[4037.754s][debug][gc,ref         ] GC(215) Skipped phase 1 of Reference Processing: no references
[4037.754s][debug][gc,ref         ] GC(215) ReferenceProcessor::execute queues: 1, RefProcThreadModel::Single, marks_oops_alive: false
[4037.754s][debug][gc,ref         ] GC(215) Skipped phase 3 of Reference Processing: no references
[4037.754s][debug][gc,ref         ] GC(215) ReferenceProcessor::execute queues: 1, RefProcThreadModel::Single, marks_oops_alive: false
[4037.754s][debug][gc,phases      ] GC(215) Reference Processing 0.101ms
[4037.755s][debug][gc,phases      ] GC(215)   VM Weak                        Min:  0.0, Avg:  0.0, Max:  0.0, Diff:  0.0, Sum:  0.0, Workers: 4
[4037.755s][debug][gc,phases      ] GC(215)     Dead                           Min: 0, Avg:  0.0, Max: 0, Diff: 0, Sum: 0, Workers: 4
[4037.755s][debug][gc,phases      ] GC(215)     Total                          Min: 0, Avg: 164.0, Max: 592, Diff: 592, Sum: 656, Workers: 4
[4037.755s][debug][gc,phases      ] GC(215)   ObjectSynchronizer Weak        Min:  0.0, Avg:  0.0, Max:  0.0, Diff:  0.0, Sum:  0.0, Workers: 4
[4037.755s][debug][gc,phases      ] GC(215)     Dead                           Min: 0, Avg:  0.0, Max: 0, Diff: 0, Sum: 0, Workers: 4
[4037.755s][debug][gc,phases      ] GC(215)     Total                          Min: 0, Avg: 121.2, Max: 256, Diff: 256, Sum: 485, Workers: 4
[4037.755s][debug][gc,phases      ] GC(215)   JVMTI Tag Weak OopStorage      Min:  0.0, Avg:  0.0, Max:  0.0, Diff:  0.0, Sum:  0.0, Workers: 4
[4037.755s][debug][gc,phases      ] GC(215)     Dead                           Min: 0, Avg:  0.0, Max: 0, Diff: 0, Sum: 0, Workers: 4
[4037.755s][debug][gc,phases      ] GC(215)     Total                          Min: 0, Avg:  0.0, Max: 0, Diff: 0, Sum: 0, Workers: 4
[4037.755s][debug][gc,phases      ] GC(215)   StringTable Weak               Min:  0.1, Avg:  0.1, Max:  0.1, Diff:  0.0, Sum:  0.4, Workers: 4
[4037.755s][debug][gc,phases      ] GC(215)     Dead                           Min: 0, Avg:  0.0, Max: 0, Diff: 0, Sum: 0, Workers: 4
[4037.755s][debug][gc,phases      ] GC(215)     Total                          Min: 8768, Avg: 12055.5, Max: 15104, Diff: 6336, Sum: 48222, Workers: 4
[4037.755s][debug][gc,phases      ] GC(215)   ResolvedMethodTable Weak       Min:  0.0, Avg:  0.0, Max:  0.0, Diff:  0.0, Sum:  0.1, Workers: 4
[4037.755s][debug][gc,phases      ] GC(215)     Dead                           Min: 0, Avg:  0.0, Max: 0, Diff: 0, Sum: 0, Workers: 4
[4037.755s][debug][gc,phases      ] GC(215)     Total                          Min: 1664, Avg: 2039.8, Max: 2368, Diff: 704, Sum: 8159, Workers: 4
[4037.755s][debug][gc,phases      ] GC(215)   JNI Weak                       Min:  0.0, Avg:  0.0, Max:  0.0, Diff:  0.0, Sum:  0.0, Workers: 4
[4037.755s][debug][gc,phases      ] GC(215)     Dead                           Min: 0, Avg:  0.0, Max: 0, Diff: 0, Sum: 0, Workers: 4
[4037.755s][debug][gc,phases      ] GC(215)     Total                          Min: 0, Avg:  0.0, Max: 0, Diff: 0, Sum: 0, Workers: 4
[4037.755s][debug][gc,phases      ] GC(215)   StringDedup Table Weak         Min:  0.0, Avg:  0.0, Max:  0.0, Diff:  0.0, Sum:  0.0, Workers: 4
[4037.755s][debug][gc,phases      ] GC(215)     Dead                           Min: 0, Avg:  0.0, Max: 0, Diff: 0, Sum: 0, Workers: 4
[4037.755s][debug][gc,phases      ] GC(215)     Total                          Min: 0, Avg:  0.0, Max: 0, Diff: 0, Sum: 0, Workers: 4
[4037.755s][debug][gc,phases      ] GC(215)   StringDedup Requests0 Weak     Min:  0.0, Avg:  0.0, Max:  0.0, Diff:  0.0, Sum:  0.0, Workers: 4
[4037.755s][debug][gc,phases      ] GC(215)     Dead                           Min: 0, Avg:  0.0, Max: 0, Diff: 0, Sum: 0, Workers: 4
[4037.755s][debug][gc,phases      ] GC(215)     Total                          Min: 0, Avg:  0.0, Max: 0, Diff: 0, Sum: 0, Workers: 4
[4037.755s][debug][gc,phases      ] GC(215)   StringDedup Requests1 Weak     Min:  0.0, Avg:  0.0, Max:  0.0, Diff:  0.0, Sum:  0.0, Workers: 4
[4037.755s][debug][gc,phases      ] GC(215)     Dead                           Min: 0, Avg:  0.0, Max: 0, Diff: 0, Sum: 0, Workers: 4
[4037.755s][debug][gc,phases      ] GC(215)     Total                          Min: 0, Avg:  0.0, Max: 0, Diff: 0, Sum: 0, Workers: 4
[4037.755s][debug][gc,phases      ] GC(215)   Weak JFR Old Object Samples    Min:  0.0, Avg:  0.0, Max:  0.0, Diff:  0.0, Sum:  0.0, Workers: 4
[4037.755s][debug][gc,phases      ] GC(215)     Dead                           Min: 0, Avg:  0.0, Max: 0, Diff: 0, Sum: 0, Workers: 4
[4037.755s][debug][gc,phases      ] GC(215)     Total                          Min: 0, Avg:  0.0, Max: 0, Diff: 0, Sum: 0, Workers: 4
[4037.755s][debug][gc,phases      ] GC(215) Weak Processing 0.255ms
[4037.755s][debug][gc,age         ] GC(215) Desired survivor size 35127296 bytes, new threshold 14 (max threshold 15)
[4037.755s][info ][gc,heap        ] GC(215) PSYoungGen: 2051328K(2065408K)->29680K(2058240K) Eden: 2034176K(2034176K)->0K(2028544K) From: 17152K(31232K)->29680K(29696K)
[4037.755s][info ][gc,heap        ] GC(215) ParOldGen: 452243K(475648K)->454827K(475648K)
[4037.755s][info ][gc,metaspace   ] GC(215) Metaspace: 81464K(82304K)->81464K(82304K) NonClass: 70065K(70528K)->70065K(70528K) Class: 11399K(11776K)->11399K(11776K)
[4037.755s][info ][gc             ] GC(215) Pause Young (Allocation Failure) 2444M->473M(2474M) 11.469ms
[4037.755s][info ][gc,cpu         ] GC(215) User=0.04s Sys=0.00s Real=0.01s
[4037.755s][info ][safepoint      ] Safepoint "ParallelGCFailedAllocation", Time since last: 3365131829 ns, Reaching safepoint: 32700 ns, At safepoint: 11547155 ns, Total: 11579855 ns
[4050.756s][info ][safepoint      ] Safepoint "Cleanup", Time since last: 13000954215 ns, Reaching safepoint: 43200 ns, At safepoint: 6400 ns, Total: 49600 ns
[4052.756s][info ][safepoint      ] Safepoint "Cleanup", Time since last: 2000145723 ns, Reaching safepoint: 37600 ns, At safepoint: 2900 ns, Total: 40500 ns
[4053.756s][info ][safepoint      ] Safepoint "Cleanup", Time since last: 1000102662 ns, Reaching safepoint: 32500 ns, At safepoint: 3200 ns, Total: 35700 ns
[4057.756s][info ][safepoint      ] Safepoint "Cleanup", Time since last: 4000295244 ns, Reaching safepoint: 30200 ns, At safepoint: 3100 ns, Total: 33300 ns
[4069.953s][info ][gc,start       ] GC(216) Pause Young (Allocation Failure)
[4069.960s][debug][gc,phases      ] GC(216) Scavenge 6.434ms
[4069.960s][debug][gc,ref         ] GC(216) Skipped phase 1 of Reference Processing: no references
[4069.960s][debug][gc,ref         ] GC(216) ReferenceProcessor::execute queues: 1, RefProcThreadModel::Single, marks_oops_alive: false
[4069.960s][debug][gc,ref         ] GC(216) Skipped phase 3 of Reference Processing: no references
[4069.960s][debug][gc,ref         ] GC(216) ReferenceProcessor::execute queues: 1, RefProcThreadModel::Single, marks_oops_alive: false
[4069.960s][debug][gc,phases      ] GC(216) Reference Processing 0.094ms
[4069.960s][debug][gc,phases      ] GC(216)   VM Weak                        Min:  0.0, Avg:  0.0, Max:  0.0, Diff:  0.0, Sum:  0.0, Workers: 4
[4069.960s][debug][gc,phases      ] GC(216)     Dead                           Min: 0, Avg:  0.0, Max: 0, Diff: 0, Sum: 0, Workers: 4
[4069.960s][debug][gc,phases      ] GC(216)     Total                          Min: 0, Avg: 164.0, Max: 592, Diff: 592, Sum: 656, Workers: 4
[4069.960s][debug][gc,phases      ] GC(216)   ObjectSynchronizer Weak        Min:  0.0, Avg:  0.0, Max:  0.0, Diff:  0.0, Sum:  0.0, Workers: 4
[4069.960s][debug][gc,phases      ] GC(216)     Dead                           Min: 0, Avg:  0.0, Max: 0, Diff: 0, Sum: 0, Workers: 4
[4069.960s][debug][gc,phases      ] GC(216)     Total                          Min: 0, Avg: 121.2, Max: 229, Diff: 229, Sum: 485, Workers: 4
[4069.960s][debug][gc,phases      ] GC(216)   JVMTI Tag Weak OopStorage      Min:  0.0, Avg:  0.0, Max:  0.0, Diff:  0.0, Sum:  0.0, Workers: 4
[4069.960s][debug][gc,phases      ] GC(216)     Dead                           Min: 0, Avg:  0.0, Max: 0, Diff: 0, Sum: 0, Workers: 4
[4069.960s][debug][gc,phases      ] GC(216)     Total                          Min: 0, Avg:  0.0, Max: 0, Diff: 0, Sum: 0, Workers: 4
[4069.960s][debug][gc,phases      ] GC(216)   StringTable Weak               Min:  0.1, Avg:  0.1, Max:  0.1, Diff:  0.0, Sum:  0.3, Workers: 4
[4069.960s][debug][gc,phases      ] GC(216)     Dead                           Min: 0, Avg:  0.0, Max: 0, Diff: 0, Sum: 0, Workers: 4
[4069.960s][debug][gc,phases      ] GC(216)     Total                          Min: 10463, Avg: 12055.8, Max: 12928, Diff: 2465, Sum: 48223, Workers: 4
[4069.960s][debug][gc,phases      ] GC(216)   ResolvedMethodTable Weak       Min:  0.0, Avg:  0.0, Max:  0.0, Diff:  0.0, Sum:  0.1, Workers: 4
[4069.960s][debug][gc,phases      ] GC(216)     Dead                           Min: 0, Avg:  0.0, Max: 0, Diff: 0, Sum: 0, Workers: 4
[4069.960s][debug][gc,phases      ] GC(216)     Total                          Min: 1856, Avg: 2039.8, Max: 2271, Diff: 415, Sum: 8159, Workers: 4
[4069.960s][debug][gc,phases      ] GC(216)   JNI Weak                       Min:  0.0, Avg:  0.0, Max:  0.0, Diff:  0.0, Sum:  0.0, Workers: 4
[4069.960s][debug][gc,phases      ] GC(216)     Dead                           Min: 0, Avg:  0.0, Max: 0, Diff: 0, Sum: 0, Workers: 4
[4069.960s][debug][gc,phases      ] GC(216)     Total                          Min: 0, Avg:  0.0, Max: 0, Diff: 0, Sum: 0, Workers: 4
[4069.960s][debug][gc,phases      ] GC(216)   StringDedup Table Weak         Min:  0.0, Avg:  0.0, Max:  0.0, Diff:  0.0, Sum:  0.0, Workers: 4
[4069.960s][debug][gc,phases      ] GC(216)     Dead                           Min: 0, Avg:  0.0, Max: 0, Diff: 0, Sum: 0, Workers: 4
[4069.960s][debug][gc,phases      ] GC(216)     Total                          Min: 0, Avg:  0.0, Max: 0, Diff: 0, Sum: 0, Workers: 4
[4069.960s][debug][gc,phases      ] GC(216)   StringDedup Requests0 Weak     Min:  0.0, Avg:  0.0, Max:  0.0, Diff:  0.0, Sum:  0.0, Workers: 4
[4069.960s][debug][gc,phases      ] GC(216)     Dead                           Min: 0, Avg:  0.0, Max: 0, Diff: 0, Sum: 0, Workers: 4
[4069.960s][debug][gc,phases      ] GC(216)     Total                          Min: 0, Avg:  0.0, Max: 0, Diff: 0, Sum: 0, Workers: 4
[4069.960s][debug][gc,phases      ] GC(216)   StringDedup Requests1 Weak     Min:  0.0, Avg:  0.0, Max:  0.0, Diff:  0.0, Sum:  0.0, Workers: 4
[4069.960s][debug][gc,phases      ] GC(216)     Dead                           Min: 0, Avg:  0.0, Max: 0, Diff: 0, Sum: 0, Workers: 4
[4069.960s][debug][gc,phases      ] GC(216)     Total                          Min: 0, Avg:  0.0, Max: 0, Diff: 0, Sum: 0, Workers: 4
[4069.960s][debug][gc,phases      ] GC(216)   Weak JFR Old Object Samples    Min:  0.0, Avg:  0.0, Max:  0.0, Diff:  0.0, Sum:  0.0, Workers: 4
[4069.960s][debug][gc,phases      ] GC(216)     Dead                           Min: 0, Avg:  0.0, Max: 0, Diff: 0, Sum: 0, Workers: 4
[4069.960s][debug][gc,phases      ] GC(216)     Total                          Min: 0, Avg:  0.0, Max: 0, Diff: 0, Sum: 0, Workers: 4
[4069.960s][debug][gc,phases      ] GC(216) Weak Processing 0.249ms
[4069.960s][debug][gc,age         ] GC(216) Desired survivor size 38273024 bytes, new threshold 15 (max threshold 15)
[4069.960s][info ][gc,heap        ] GC(216) PSYoungGen: 2058224K(2058240K)->30112K(2058752K) Eden: 2028544K(2028544K)->0K(2028544K) From: 29680K(29696K)->30112K(30208K)
[4069.960s][info ][gc,heap        ] GC(216) ParOldGen: 454827K(475648K)->454851K(475648K)
[4069.960s][info ][gc,metaspace   ] GC(216) Metaspace: 81465K(82304K)->81465K(82304K) NonClass: 70065K(70528K)->70065K(70528K) Class: 11399K(11776K)->11399K(11776K)
[4069.960s][info ][gc             ] GC(216) Pause Young (Allocation Failure) 2454M->473M(2475M) 6.879ms
[4069.960s][info ][gc,cpu         ] GC(216) User=0.02s Sys=0.00s Real=0.00s
[4069.960s][info ][safepoint      ] Safepoint "ParallelGCFailedAllocation", Time since last: 12196608252 ns, Reaching safepoint: 98801 ns, At safepoint: 6984733 ns, Total: 7083534 ns
[4077.961s][info ][safepoint      ] Safepoint "Cleanup", Time since last: 8000529569 ns, Reaching safepoint: 46601 ns, At safepoint: 4300 ns, Total: 50901 ns
[4105.572s][info ][gc,start       ] GC(217) Pause Young (Allocation Failure)
[4105.578s][debug][gc,phases      ] GC(217) Scavenge 6.354ms
[4105.578s][debug][gc,ref         ] GC(217) Skipped phase 1 of Reference Processing: no references
[4105.579s][debug][gc,ref         ] GC(217) ReferenceProcessor::execute queues: 1, RefProcThreadModel::Single, marks_oops_alive: false
[4105.579s][debug][gc,ref         ] GC(217) Skipped phase 3 of Reference Processing: no references
[4105.579s][debug][gc,ref         ] GC(217) ReferenceProcessor::execute queues: 1, RefProcThreadModel::Single, marks_oops_alive: false
[4105.579s][debug][gc,phases      ] GC(217) Reference Processing 0.098ms
[4105.579s][debug][gc,phases      ] GC(217)   VM Weak                        Min:  0.0, Avg:  0.0, Max:  0.0, Diff:  0.0, Sum:  0.0, Workers: 4
[4105.579s][debug][gc,phases      ] GC(217)     Dead                           Min: 0, Avg:  0.0, Max: 0, Diff: 0, Sum: 0, Workers: 4
[4105.579s][debug][gc,phases      ] GC(217)     Total                          Min: 0, Avg: 164.0, Max: 576, Diff: 576, Sum: 656, Workers: 4
[4105.579s][debug][gc,phases      ] GC(217)   ObjectSynchronizer Weak        Min:  0.0, Avg:  0.0, Max:  0.0, Diff:  0.0, Sum:  0.0, Workers: 4
[4105.579s][debug][gc,phases      ] GC(217)     Dead                           Min: 0, Avg:  0.0, Max: 0, Diff: 0, Sum: 0, Workers: 4
[4105.579s][debug][gc,phases      ] GC(217)     Total                          Min: 0, Avg: 121.2, Max: 229, Diff: 229, Sum: 485, Workers: 4
[4105.579s][debug][gc,phases      ] GC(217)   JVMTI Tag Weak OopStorage      Min:  0.0, Avg:  0.0, Max:  0.0, Diff:  0.0, Sum:  0.0, Workers: 4
[4105.579s][debug][gc,phases      ] GC(217)     Dead                           Min: 0, Avg:  0.0, Max: 0, Diff: 0, Sum: 0, Workers: 4
[4105.579s][debug][gc,phases      ] GC(217)     Total                          Min: 0, Avg:  0.0, Max: 0, Diff: 0, Sum: 0, Workers: 4
[4105.579s][debug][gc,phases      ] GC(217)   StringTable Weak               Min:  0.1, Avg:  0.1, Max:  0.1, Diff:  0.0, Sum:  0.3, Workers: 4
[4105.579s][debug][gc,phases      ] GC(217)     Dead                           Min: 0, Avg:  0.0, Max: 0, Diff: 0, Sum: 0, Workers: 4
[4105.579s][debug][gc,phases      ] GC(217)     Total                          Min: 11200, Avg: 12055.8, Max: 12544, Diff: 1344, Sum: 48223, Workers: 4
[4105.579s][debug][gc,phases      ] GC(217)   ResolvedMethodTable Weak       Min:  0.0, Avg:  0.0, Max:  0.0, Diff:  0.0, Sum:  0.1, Workers: 4
[4105.579s][debug][gc,phases      ] GC(217)     Dead                           Min: 0, Avg:  0.0, Max: 0, Diff: 0, Sum: 0, Workers: 4
[4105.579s][debug][gc,phases      ] GC(217)     Total                          Min: 1951, Avg: 2039.8, Max: 2176, Diff: 225, Sum: 8159, Workers: 4
[4105.579s][debug][gc,phases      ] GC(217)   JNI Weak                       Min:  0.0, Avg:  0.0, Max:  0.0, Diff:  0.0, Sum:  0.0, Workers: 4
[4105.579s][debug][gc,phases      ] GC(217)     Dead                           Min: 0, Avg:  0.0, Max: 0, Diff: 0, Sum: 0, Workers: 4
[4105.579s][debug][gc,phases      ] GC(217)     Total                          Min: 0, Avg:  0.0, Max: 0, Diff: 0, Sum: 0, Workers: 4
[4105.579s][debug][gc,phases      ] GC(217)   StringDedup Table Weak         Min:  0.0, Avg:  0.0, Max:  0.0, Diff:  0.0, Sum:  0.0, Workers: 4
[4105.579s][debug][gc,phases      ] GC(217)     Dead                           Min: 0, Avg:  0.0, Max: 0, Diff: 0, Sum: 0, Workers: 4
[4105.579s][debug][gc,phases      ] GC(217)     Total                          Min: 0, Avg:  0.0, Max: 0, Diff: 0, Sum: 0, Workers: 4
[4105.579s][debug][gc,phases      ] GC(217)   StringDedup Requests0 Weak     Min:  0.0, Avg:  0.0, Max:  0.0, Diff:  0.0, Sum:  0.0, Workers: 4
[4105.579s][debug][gc,phases      ] GC(217)     Dead                           Min: 0, Avg:  0.0, Max: 0, Diff: 0, Sum: 0, Workers: 4
[4105.579s][debug][gc,phases      ] GC(217)     Total                          Min: 0, Avg:  0.0, Max: 0, Diff: 0, Sum: 0, Workers: 4
[4105.579s][debug][gc,phases      ] GC(217)   StringDedup Requests1 Weak     Min:  0.0, Avg:  0.0, Max:  0.0, Diff:  0.0, Sum:  0.0, Workers: 4
[4105.579s][debug][gc,phases      ] GC(217)     Dead                           Min: 0, Avg:  0.0, Max: 0, Diff: 0, Sum: 0, Workers: 4
[4105.579s][debug][gc,phases      ] GC(217)     Total                          Min: 0, Avg:  0.0, Max: 0, Diff: 0, Sum: 0, Workers: 4
[4105.579s][debug][gc,phases      ] GC(217)   Weak JFR Old Object Samples    Min:  0.0, Avg:  0.0, Max:  0.0, Diff:  0.0, Sum:  0.0, Workers: 4
[4105.579s][debug][gc,phases      ] GC(217)     Dead                           Min: 0, Avg:  0.0, Max: 0, Diff: 0, Sum: 0, Workers: 4
[4105.579s][debug][gc,phases      ] GC(217)     Total                          Min: 0, Avg:  0.0, Max: 0, Diff: 0, Sum: 0, Workers: 4
[4105.579s][debug][gc,phases      ] GC(217) Weak Processing 0.256ms
[4105.579s][debug][gc,age         ] GC(217) Desired survivor size 40370176 bytes, new threshold 15 (max threshold 15)
[4105.579s][info ][gc,heap        ] GC(217) PSYoungGen: 2058656K(2058752K)->30048K(2055680K) Eden: 2028544K(2028544K)->0K(2018304K) From: 30112K(30208K)->30048K(37376K)
[4105.579s][info ][gc,heap        ] GC(217) ParOldGen: 454851K(475648K)->454851K(475648K)
[4105.579s][info ][gc,metaspace   ] GC(217) Metaspace: 81465K(82304K)->81465K(82304K) NonClass: 70065K(70528K)->70065K(70528K) Class: 11399K(11776K)->11399K(11776K)
[4105.579s][info ][gc             ] GC(217) Pause Young (Allocation Failure) 2454M->473M(2472M) 6.818ms
[4105.579s][info ][gc,cpu         ] GC(217) User=0.02s Sys=0.00s Real=0.00s
[4105.579s][info ][safepoint      ] Safepoint "ParallelGCFailedAllocation", Time since last: 27611187322 ns, Reaching safepoint: 38901 ns, At safepoint: 6908032 ns, Total: 6946933 ns
[4114.580s][info ][safepoint      ] Safepoint "Cleanup", Time since last: 9000570488 ns, Reaching safepoint: 48501 ns, At safepoint: 9000 ns, Total: 57501 ns
[4131.581s][info ][safepoint      ] Safepoint "Cleanup", Time since last: 17001202596 ns, Reaching safepoint: 54900 ns, At safepoint: 8400 ns, Total: 63300 ns
[4137.944s][info ][gc,start       ] GC(218) Pause Young (Allocation Failure)
[4137.952s][debug][gc,phases      ] GC(218) Scavenge 7.664ms
[4137.952s][debug][gc,ref         ] GC(218) Skipped phase 1 of Reference Processing: no references
[4137.952s][debug][gc,ref         ] GC(218) ReferenceProcessor::execute queues: 1, RefProcThreadModel::Single, marks_oops_alive: false
[4137.952s][debug][gc,ref         ] GC(218) Skipped phase 3 of Reference Processing: no references
[4137.952s][debug][gc,ref         ] GC(218) ReferenceProcessor::execute queues: 1, RefProcThreadModel::Single, marks_oops_alive: false
[4137.952s][debug][gc,phases      ] GC(218) Reference Processing 0.097ms
[4137.952s][debug][gc,phases      ] GC(218)   VM Weak                        Min:  0.0, Avg:  0.0, Max:  0.0, Diff:  0.0, Sum:  0.0, Workers: 4
[4137.952s][debug][gc,phases      ] GC(218)     Dead                           Min: 0, Avg:  0.0, Max: 0, Diff: 0, Sum: 0, Workers: 4
[4137.952s][debug][gc,phases      ] GC(218)     Total                          Min: 0, Avg: 164.0, Max: 512, Diff: 512, Sum: 656, Workers: 4
[4137.952s][debug][gc,phases      ] GC(218)   ObjectSynchronizer Weak        Min:  0.0, Avg:  0.0, Max:  0.0, Diff:  0.0, Sum:  0.0, Workers: 4
[4137.952s][debug][gc,phases      ] GC(218)     Dead                           Min: 0, Avg:  0.0, Max: 0, Diff: 0, Sum: 0, Workers: 4
[4137.952s][debug][gc,phases      ] GC(218)     Total                          Min: 0, Avg: 121.2, Max: 229, Diff: 229, Sum: 485, Workers: 4
[4137.952s][debug][gc,phases      ] GC(218)   JVMTI Tag Weak OopStorage      Min:  0.0, Avg:  0.0, Max:  0.0, Diff:  0.0, Sum:  0.0, Workers: 4
[4137.952s][debug][gc,phases      ] GC(218)     Dead                           Min: 0, Avg:  0.0, Max: 0, Diff: 0, Sum: 0, Workers: 4
[4137.952s][debug][gc,phases      ] GC(218)     Total                          Min: 0, Avg:  0.0, Max: 0, Diff: 0, Sum: 0, Workers: 4
[4137.952s][debug][gc,phases      ] GC(218)   StringTable Weak               Min:  0.1, Avg:  0.1, Max:  0.1, Diff:  0.0, Sum:  0.4, Workers: 4
[4137.952s][debug][gc,phases      ] GC(218)     Dead                           Min: 0, Avg:  0.0, Max: 0, Diff: 0, Sum: 0, Workers: 4
[4137.952s][debug][gc,phases      ] GC(218)     Total                          Min: 9536, Avg: 12055.8, Max: 15007, Diff: 5471, Sum: 48223, Workers: 4
[4137.952s][debug][gc,phases      ] GC(218)   ResolvedMethodTable Weak       Min:  0.0, Avg:  0.0, Max:  0.0, Diff:  0.0, Sum:  0.1, Workers: 4
[4137.952s][debug][gc,phases      ] GC(218)     Dead                           Min: 0, Avg:  0.0, Max: 0, Diff: 0, Sum: 0, Workers: 4
[4137.952s][debug][gc,phases      ] GC(218)     Total                          Min: 1408, Avg: 2039.8, Max: 2688, Diff: 1280, Sum: 8159, Workers: 4
[4137.952s][debug][gc,phases      ] GC(218)   JNI Weak                       Min:  0.0, Avg:  0.0, Max:  0.0, Diff:  0.0, Sum:  0.0, Workers: 4
[4137.952s][debug][gc,phases      ] GC(218)     Dead                           Min: 0, Avg:  0.0, Max: 0, Diff: 0, Sum: 0, Workers: 4
[4137.952s][debug][gc,phases      ] GC(218)     Total                          Min: 0, Avg:  0.0, Max: 0, Diff: 0, Sum: 0, Workers: 4
[4137.952s][debug][gc,phases      ] GC(218)   StringDedup Table Weak         Min:  0.0, Avg:  0.0, Max:  0.0, Diff:  0.0, Sum:  0.0, Workers: 4
[4137.952s][debug][gc,phases      ] GC(218)     Dead                           Min: 0, Avg:  0.0, Max: 0, Diff: 0, Sum: 0, Workers: 4
[4137.952s][debug][gc,phases      ] GC(218)     Total                          Min: 0, Avg:  0.0, Max: 0, Diff: 0, Sum: 0, Workers: 4
[4137.952s][debug][gc,phases      ] GC(218)   StringDedup Requests0 Weak     Min:  0.0, Avg:  0.0, Max:  0.0, Diff:  0.0, Sum:  0.0, Workers: 4
[4137.952s][debug][gc,phases      ] GC(218)     Dead                           Min: 0, Avg:  0.0, Max: 0, Diff: 0, Sum: 0, Workers: 4
[4137.952s][debug][gc,phases      ] GC(218)     Total                          Min: 0, Avg:  0.0, Max: 0, Diff: 0, Sum: 0, Workers: 4
[4137.952s][debug][gc,phases      ] GC(218)   StringDedup Requests1 Weak     Min:  0.0, Avg:  0.0, Max:  0.0, Diff:  0.0, Sum:  0.0, Workers: 4
[4137.952s][debug][gc,phases      ] GC(218)     Dead                           Min: 0, Avg:  0.0, Max: 0, Diff: 0, Sum: 0, Workers: 4
[4137.952s][debug][gc,phases      ] GC(218)     Total                          Min: 0, Avg:  0.0, Max: 0, Diff: 0, Sum: 0, Workers: 4
[4137.952s][debug][gc,phases      ] GC(218)   Weak JFR Old Object Samples    Min:  0.0, Avg:  0.0, Max:  0.0, Diff:  0.0, Sum:  0.0, Workers: 4
[4137.952s][debug][gc,phases      ] GC(218)     Dead                           Min: 0, Avg:  0.0, Max: 0, Diff: 0, Sum: 0, Workers: 4
[4137.952s][debug][gc,phases      ] GC(218)     Total                          Min: 0, Avg:  0.0, Max: 0, Diff: 0, Sum: 0, Workers: 4
[4137.952s][debug][gc,phases      ] GC(218) Weak Processing 0.280ms
[4137.952s][debug][gc,age         ] GC(218) Desired survivor size 42467328 bytes, new threshold 15 (max threshold 15)
[4137.952s][info ][gc,heap        ] GC(218) PSYoungGen: 2048352K(2055680K)->30048K(2048512K) Eden: 2018304K(2018304K)->0K(2018304K) From: 30048K(37376K)->30048K(30208K)
[4137.952s][info ][gc,heap        ] GC(218) ParOldGen: 454851K(475648K)->454883K(475648K)
[4137.952s][info ][gc,metaspace   ] GC(218) Metaspace: 81465K(82304K)->81465K(82304K) NonClass: 70066K(70528K)->70066K(70528K) Class: 11399K(11776K)->11399K(11776K)
[4137.952s][info ][gc             ] GC(218) Pause Young (Allocation Failure) 2444M->473M(2465M) 8.149ms
[4137.952s][info ][gc,cpu         ] GC(218) User=0.03s Sys=0.00s Real=0.01s
[4137.952s][info ][safepoint      ] Safepoint "ParallelGCFailedAllocation", Time since last: 6363279933 ns, Reaching safepoint: 26000 ns, At safepoint: 8233739 ns, Total: 8259739 ns
[4165.954s][info ][safepoint      ] Safepoint "Cleanup", Time since last: 28001822784 ns, Reaching safepoint: 45801 ns, At safepoint: 4400 ns, Total: 50201 ns
[4169.044s][info ][gc,start       ] GC(219) Pause Young (Allocation Failure)
[4169.051s][debug][gc,phases      ] GC(219) Scavenge 6.315ms
[4169.051s][debug][gc,ref         ] GC(219) Skipped phase 1 of Reference Processing: no references
[4169.051s][debug][gc,ref         ] GC(219) ReferenceProcessor::execute queues: 1, RefProcThreadModel::Single, marks_oops_alive: false
[4169.051s][debug][gc,ref         ] GC(219) Skipped phase 3 of Reference Processing: no references
[4169.051s][debug][gc,ref         ] GC(219) ReferenceProcessor::execute queues: 1, RefProcThreadModel::Single, marks_oops_alive: false
[4169.051s][debug][gc,phases      ] GC(219) Reference Processing 0.106ms
[4169.051s][debug][gc,phases      ] GC(219)   VM Weak                        Min:  0.0, Avg:  0.0, Max:  0.0, Diff:  0.0, Sum:  0.0, Workers: 4
[4169.051s][debug][gc,phases      ] GC(219)     Dead                           Min: 0, Avg:  0.0, Max: 0, Diff: 0, Sum: 0, Workers: 4
[4169.051s][debug][gc,phases      ] GC(219)     Total                          Min: 0, Avg: 164.0, Max: 528, Diff: 528, Sum: 656, Workers: 4
[4169.051s][debug][gc,phases      ] GC(219)   ObjectSynchronizer Weak        Min:  0.0, Avg:  0.0, Max:  0.0, Diff:  0.0, Sum:  0.0, Workers: 4
[4169.051s][debug][gc,phases      ] GC(219)     Dead                           Min: 0, Avg:  0.0, Max: 0, Diff: 0, Sum: 0, Workers: 4
[4169.051s][debug][gc,phases      ] GC(219)     Total                          Min: 0, Avg: 121.2, Max: 293, Diff: 293, Sum: 485, Workers: 4
[4169.051s][debug][gc,phases      ] GC(219)   JVMTI Tag Weak OopStorage      Min:  0.0, Avg:  0.0, Max:  0.0, Diff:  0.0, Sum:  0.0, Workers: 4
[4169.051s][debug][gc,phases      ] GC(219)     Dead                           Min: 0, Avg:  0.0, Max: 0, Diff: 0, Sum: 0, Workers: 4
[4169.051s][debug][gc,phases      ] GC(219)     Total                          Min: 0, Avg:  0.0, Max: 0, Diff: 0, Sum: 0, Workers: 4
[4169.051s][debug][gc,phases      ] GC(219)   StringTable Weak               Min:  0.1, Avg:  0.1, Max:  0.1, Diff:  0.0, Sum:  0.3, Workers: 4
[4169.051s][debug][gc,phases      ] GC(219)     Dead                           Min: 0, Avg:  0.0, Max: 0, Diff: 0, Sum: 0, Workers: 4
[4169.051s][debug][gc,phases      ] GC(219)     Total                          Min: 11200, Avg: 12057.5, Max: 12544, Diff: 1344, Sum: 48230, Workers: 4
[4169.051s][debug][gc,phases      ] GC(219)   ResolvedMethodTable Weak       Min:  0.0, Avg:  0.0, Max:  0.0, Diff:  0.0, Sum:  0.1, Workers: 4
[4169.051s][debug][gc,phases      ] GC(219)     Dead                           Min: 0, Avg:  0.0, Max: 0, Diff: 0, Sum: 0, Workers: 4
[4169.051s][debug][gc,phases      ] GC(219)     Total                          Min: 1963, Avg: 2042.5, Max: 2176, Diff: 213, Sum: 8170, Workers: 4
[4169.051s][debug][gc,phases      ] GC(219)   JNI Weak                       Min:  0.0, Avg:  0.0, Max:  0.0, Diff:  0.0, Sum:  0.0, Workers: 4
[4169.051s][debug][gc,phases      ] GC(219)     Dead                           Min: 0, Avg:  0.0, Max: 0, Diff: 0, Sum: 0, Workers: 4
[4169.051s][debug][gc,phases      ] GC(219)     Total                          Min: 0, Avg:  0.0, Max: 0, Diff: 0, Sum: 0, Workers: 4
[4169.051s][debug][gc,phases      ] GC(219)   StringDedup Table Weak         Min:  0.0, Avg:  0.0, Max:  0.0, Diff:  0.0, Sum:  0.0, Workers: 4
[4169.051s][debug][gc,phases      ] GC(219)     Dead                           Min: 0, Avg:  0.0, Max: 0, Diff: 0, Sum: 0, Workers: 4
[4169.051s][debug][gc,phases      ] GC(219)     Total                          Min: 0, Avg:  0.0, Max: 0, Diff: 0, Sum: 0, Workers: 4
[4169.051s][debug][gc,phases      ] GC(219)   StringDedup Requests0 Weak     Min:  0.0, Avg:  0.0, Max:  0.0, Diff:  0.0, Sum:  0.0, Workers: 4
[4169.051s][debug][gc,phases      ] GC(219)     Dead                           Min: 0, Avg:  0.0, Max: 0, Diff: 0, Sum: 0, Workers: 4
[4169.051s][debug][gc,phases      ] GC(219)     Total                          Min: 0, Avg:  0.0, Max: 0, Diff: 0, Sum: 0, Workers: 4
[4169.051s][debug][gc,phases      ] GC(219)   StringDedup Requests1 Weak     Min:  0.0, Avg:  0.0, Max:  0.0, Diff:  0.0, Sum:  0.0, Workers: 4
[4169.051s][debug][gc,phases      ] GC(219)     Dead                           Min: 0, Avg:  0.0, Max: 0, Diff: 0, Sum: 0, Workers: 4
[4169.051s][debug][gc,phases      ] GC(219)     Total                          Min: 0, Avg:  0.0, Max: 0, Diff: 0, Sum: 0, Workers: 4
[4169.051s][debug][gc,phases      ] GC(219)   Weak JFR Old Object Samples    Min:  0.0, Avg:  0.0, Max:  0.0, Diff:  0.0, Sum:  0.0, Workers: 4
[4169.051s][debug][gc,phases      ] GC(219)     Dead                           Min: 0, Avg:  0.0, Max: 0, Diff: 0, Sum: 0, Workers: 4
[4169.051s][debug][gc,phases      ] GC(219)     Total                          Min: 0, Avg:  0.0, Max: 0, Diff: 0, Sum: 0, Workers: 4
[4169.051s][debug][gc,phases      ] GC(219) Weak Processing 0.251ms
[4169.051s][debug][gc,age         ] GC(219) Desired survivor size 43515904 bytes, new threshold 15 (max threshold 15)
[4169.051s][info ][gc,heap        ] GC(219) PSYoungGen: 2048352K(2048512K)->30096K(2053632K) Eden: 2018304K(2018304K)->0K(2012160K) From: 30048K(30208K)->30096K(41472K)
[4169.051s][info ][gc,heap        ] GC(219) ParOldGen: 454883K(475648K)->454915K(475648K)
[4169.051s][info ][gc,metaspace   ] GC(219) Metaspace: 81498K(82304K)->81498K(82304K) NonClass: 70093K(70528K)->70093K(70528K) Class: 11405K(11776K)->11405K(11776K)
[4169.051s][info ][gc             ] GC(219) Pause Young (Allocation Failure) 2444M->473M(2470M) 6.779ms
[4169.051s][info ][gc,cpu         ] GC(219) User=0.02s Sys=0.00s Real=0.01s
[4169.051s][info ][safepoint      ] Safepoint "ParallelGCFailedAllocation", Time since last: 3090166070 ns, Reaching safepoint: 28700 ns, At safepoint: 6857933 ns, Total: 6886633 ns
[4179.052s][info ][safepoint      ] Safepoint "Cleanup", Time since last: 10000663270 ns, Reaching safepoint: 52601 ns, At safepoint: 5900 ns, Total: 58501 ns
[4180.052s][info ][safepoint      ] Safepoint "Cleanup", Time since last: 1000105146 ns, Reaching safepoint: 33501 ns, At safepoint: 7800 ns, Total: 41301 ns
[4182.052s][info ][safepoint      ] Safepoint "Cleanup", Time since last: 2000165893 ns, Reaching safepoint: 43100 ns, At safepoint: 3200 ns, Total: 46300 ns
[4198.053s][info ][safepoint      ] Safepoint "Cleanup", Time since last: 16001063627 ns, Reaching safepoint: 44000 ns, At safepoint: 2900 ns, Total: 46900 ns
[4199.144s][info ][gc,start       ] GC(220) Pause Young (Allocation Failure)
[4199.150s][debug][gc,phases      ] GC(220) Scavenge 6.760ms
[4199.150s][debug][gc,ref         ] GC(220) Skipped phase 1 of Reference Processing: no references
[4199.150s][debug][gc,ref         ] GC(220) ReferenceProcessor::execute queues: 1, RefProcThreadModel::Single, marks_oops_alive: false
[4199.150s][debug][gc,ref         ] GC(220) Skipped phase 3 of Reference Processing: no references
[4199.150s][debug][gc,ref         ] GC(220) Skipped phase 4 of Reference Processing: no references
[4199.150s][debug][gc,phases      ] GC(220) Reference Processing 0.095ms
[4199.151s][debug][gc,phases      ] GC(220)   VM Weak                        Min:  0.0, Avg:  0.0, Max:  0.0, Diff:  0.0, Sum:  0.0, Workers: 4
[4199.151s][debug][gc,phases      ] GC(220)     Dead                           Min: 0, Avg:  0.0, Max: 0, Diff: 0, Sum: 0, Workers: 4
[4199.151s][debug][gc,phases      ] GC(220)     Total                          Min: 0, Avg: 164.0, Max: 528, Diff: 528, Sum: 656, Workers: 4
[4199.151s][debug][gc,phases      ] GC(220)   ObjectSynchronizer Weak        Min:  0.0, Avg:  0.0, Max:  0.0, Diff:  0.0, Sum:  0.0, Workers: 4
[4199.151s][debug][gc,phases      ] GC(220)     Dead                           Min: 0, Avg:  0.0, Max: 0, Diff: 0, Sum: 0, Workers: 4
[4199.151s][debug][gc,phases      ] GC(220)     Total                          Min: 0, Avg: 121.2, Max: 256, Diff: 256, Sum: 485, Workers: 4
[4199.151s][debug][gc,phases      ] GC(220)   JVMTI Tag Weak OopStorage      Min:  0.0, Avg:  0.0, Max:  0.0, Diff:  0.0, Sum:  0.0, Workers: 4
[4199.151s][debug][gc,phases      ] GC(220)     Dead                           Min: 0, Avg:  0.0, Max: 0, Diff: 0, Sum: 0, Workers: 4
[4199.151s][debug][gc,phases      ] GC(220)     Total                          Min: 0, Avg:  0.0, Max: 0, Diff: 0, Sum: 0, Workers: 4
[4199.151s][debug][gc,phases      ] GC(220)   StringTable Weak               Min:  0.1, Avg:  0.1, Max:  0.1, Diff:  0.0, Sum:  0.3, Workers: 4
[4199.151s][debug][gc,phases      ] GC(220)     Dead                           Min: 0, Avg:  0.0, Max: 0, Diff: 0, Sum: 0, Workers: 4
[4199.151s][debug][gc,phases      ] GC(220)     Total                          Min: 11200, Avg: 12057.5, Max: 12416, Diff: 1216, Sum: 48230, Workers: 4
[4199.151s][debug][gc,phases      ] GC(220)   ResolvedMethodTable Weak       Min:  0.0, Avg:  0.0, Max:  0.0, Diff:  0.0, Sum:  0.1, Workers: 4
[4199.151s][debug][gc,phases      ] GC(220)     Dead                           Min: 0, Avg:  0.0, Max: 0, Diff: 0, Sum: 0, Workers: 4
[4199.151s][debug][gc,phases      ] GC(220)     Total                          Min: 1920, Avg: 2042.5, Max: 2283, Diff: 363, Sum: 8170, Workers: 4
[4199.151s][debug][gc,phases      ] GC(220)   JNI Weak                       Min:  0.0, Avg:  0.0, Max:  0.0, Diff:  0.0, Sum:  0.0, Workers: 4
[4199.151s][debug][gc,phases      ] GC(220)     Dead                           Min: 0, Avg:  0.0, Max: 0, Diff: 0, Sum: 0, Workers: 4
[4199.151s][debug][gc,phases      ] GC(220)     Total                          Min: 0, Avg:  0.0, Max: 0, Diff: 0, Sum: 0, Workers: 4
[4199.151s][debug][gc,phases      ] GC(220)   StringDedup Table Weak         Min:  0.0, Avg:  0.0, Max:  0.0, Diff:  0.0, Sum:  0.0, Workers: 4
[4199.151s][debug][gc,phases      ] GC(220)     Dead                           Min: 0, Avg:  0.0, Max: 0, Diff: 0, Sum: 0, Workers: 4
[4199.151s][debug][gc,phases      ] GC(220)     Total                          Min: 0, Avg:  0.0, Max: 0, Diff: 0, Sum: 0, Workers: 4
[4199.151s][debug][gc,phases      ] GC(220)   StringDedup Requests0 Weak     Min:  0.0, Avg:  0.0, Max:  0.0, Diff:  0.0, Sum:  0.0, Workers: 4
[4199.151s][debug][gc,phases      ] GC(220)     Dead                           Min: 0, Avg:  0.0, Max: 0, Diff: 0, Sum: 0, Workers: 4
[4199.151s][debug][gc,phases      ] GC(220)     Total                          Min: 0, Avg:  0.0, Max: 0, Diff: 0, Sum: 0, Workers: 4
[4199.151s][debug][gc,phases      ] GC(220)   StringDedup Requests1 Weak     Min:  0.0, Avg:  0.0, Max:  0.0, Diff:  0.0, Sum:  0.0, Workers: 4
[4199.151s][debug][gc,phases      ] GC(220)     Dead                           Min: 0, Avg:  0.0, Max: 0, Diff: 0, Sum: 0, Workers: 4
[4199.151s][debug][gc,phases      ] GC(220)     Total                          Min: 0, Avg:  0.0, Max: 0, Diff: 0, Sum: 0, Workers: 4
[4199.151s][debug][gc,phases      ] GC(220)   Weak JFR Old Object Samples    Min:  0.0, Avg:  0.0, Max:  0.0, Diff:  0.0, Sum:  0.0, Workers: 4
[4199.151s][debug][gc,phases      ] GC(220)     Dead                           Min: 0, Avg:  0.0, Max: 0, Diff: 0, Sum: 0, Workers: 4
[4199.151s][debug][gc,phases      ] GC(220)     Total                          Min: 0, Avg:  0.0, Max: 0, Diff: 0, Sum: 0, Workers: 4
[4199.151s][debug][gc,phases      ] GC(220) Weak Processing 0.242ms
[4199.151s][debug][gc,age         ] GC(220) Desired survivor size 44564480 bytes, new threshold 15 (max threshold 15)
[4199.151s][info ][gc,heap        ] GC(220) PSYoungGen: 2042256K(2053632K)->30144K(2042368K) Eden: 2012160K(2012160K)->0K(2012160K) From: 30096K(41472K)->30144K(30208K)
[4199.151s][info ][gc,heap        ] GC(220) ParOldGen: 454915K(475648K)->454923K(475648K)
[4199.151s][info ][gc,metaspace   ] GC(220) Metaspace: 81513K(82304K)->81513K(82304K) NonClass: 70108K(70528K)->70108K(70528K) Class: 11405K(11776K)->11405K(11776K)
[4199.151s][info ][gc             ] GC(220) Pause Young (Allocation Failure) 2438M->473M(2459M) 7.212ms
[4199.151s][info ][gc,cpu         ] GC(220) User=0.03s Sys=0.00s Real=0.01s
[4199.151s][info ][safepoint      ] Safepoint "ParallelGCFailedAllocation", Time since last: 1090012071 ns, Reaching safepoint: 26500 ns, At safepoint: 7286435 ns, Total: 7312935 ns
[4220.152s][info ][safepoint      ] Safepoint "Cleanup", Time since last: 21001386413 ns, Reaching safepoint: 38800 ns, At safepoint: 3100 ns, Total: 41900 ns
[4225.153s][info ][safepoint      ] Safepoint "Cleanup", Time since last: 5000357311 ns, Reaching safepoint: 34700 ns, At safepoint: 2600 ns, Total: 37300 ns
[4231.545s][info ][gc,start       ] GC(221) Pause Young (Allocation Failure)
[4231.551s][debug][gc,phases      ] GC(221) Scavenge 6.348ms
[4231.551s][debug][gc,ref         ] GC(221) Skipped phase 1 of Reference Processing: no references
[4231.551s][debug][gc,ref         ] GC(221) ReferenceProcessor::execute queues: 1, RefProcThreadModel::Single, marks_oops_alive: false
[4231.551s][debug][gc,ref         ] GC(221) ReferenceProcessor::execute queues: 4, RefProcThreadModel::Multi, marks_oops_alive: true
[4231.551s][debug][gc,ref         ] GC(221) ReferenceProcessor::execute queues: 1, RefProcThreadModel::Single, marks_oops_alive: false
[4231.551s][debug][gc,phases      ] GC(221) Reference Processing 0.148ms
[4231.551s][debug][gc,phases      ] GC(221)   VM Weak                        Min:  0.0, Avg:  0.0, Max:  0.0, Diff:  0.0, Sum:  0.0, Workers: 4
[4231.551s][debug][gc,phases      ] GC(221)     Dead                           Min: 0, Avg:  0.0, Max: 0, Diff: 0, Sum: 0, Workers: 4
[4231.551s][debug][gc,phases      ] GC(221)     Total                          Min: 0, Avg: 164.0, Max: 464, Diff: 464, Sum: 656, Workers: 4
[4231.551s][debug][gc,phases      ] GC(221)   ObjectSynchronizer Weak        Min:  0.0, Avg:  0.0, Max:  0.0, Diff:  0.0, Sum:  0.0, Workers: 4
[4231.551s][debug][gc,phases      ] GC(221)     Dead                           Min: 0, Avg:  0.0, Max: 0, Diff: 0, Sum: 0, Workers: 4
[4231.551s][debug][gc,phases      ] GC(221)     Total                          Min: 0, Avg: 121.2, Max: 256, Diff: 256, Sum: 485, Workers: 4
[4231.551s][debug][gc,phases      ] GC(221)   JVMTI Tag Weak OopStorage      Min:  0.0, Avg:  0.0, Max:  0.0, Diff:  0.0, Sum:  0.0, Workers: 4
[4231.551s][debug][gc,phases      ] GC(221)     Dead                           Min: 0, Avg:  0.0, Max: 0, Diff: 0, Sum: 0, Workers: 4
[4231.551s][debug][gc,phases      ] GC(221)     Total                          Min: 0, Avg:  0.0, Max: 0, Diff: 0, Sum: 0, Workers: 4
[4231.551s][debug][gc,phases      ] GC(221)   StringTable Weak               Min:  0.1, Avg:  0.1, Max:  0.1, Diff:  0.0, Sum:  0.3, Workers: 4
[4231.551s][debug][gc,phases      ] GC(221)     Dead                           Min: 0, Avg:  0.0, Max: 0, Diff: 0, Sum: 0, Workers: 4
[4231.551s][debug][gc,phases      ] GC(221)     Total                          Min: 11498, Avg: 12058.5, Max: 12544, Diff: 1046, Sum: 48234, Workers: 4
[4231.551s][debug][gc,phases      ] GC(221)   ResolvedMethodTable Weak       Min:  0.0, Avg:  0.0, Max:  0.0, Diff:  0.0, Sum:  0.1, Workers: 4
[4231.551s][debug][gc,phases      ] GC(221)     Dead                           Min: 0, Avg:  0.0, Max: 0, Diff: 0, Sum: 0, Workers: 4
[4231.551s][debug][gc,phases      ] GC(221)     Total                          Min: 1983, Avg: 2042.5, Max: 2155, Diff: 172, Sum: 8170, Workers: 4
[4231.551s][debug][gc,phases      ] GC(221)   JNI Weak                       Min:  0.0, Avg:  0.0, Max:  0.0, Diff:  0.0, Sum:  0.0, Workers: 4
[4231.551s][debug][gc,phases      ] GC(221)     Dead                           Min: 0, Avg:  0.0, Max: 0, Diff: 0, Sum: 0, Workers: 4
[4231.551s][debug][gc,phases      ] GC(221)     Total                          Min: 0, Avg:  0.0, Max: 0, Diff: 0, Sum: 0, Workers: 4
[4231.551s][debug][gc,phases      ] GC(221)   StringDedup Table Weak         Min:  0.0, Avg:  0.0, Max:  0.0, Diff:  0.0, Sum:  0.0, Workers: 4
[4231.551s][debug][gc,phases      ] GC(221)     Dead                           Min: 0, Avg:  0.0, Max: 0, Diff: 0, Sum: 0, Workers: 4
[4231.551s][debug][gc,phases      ] GC(221)     Total                          Min: 0, Avg:  0.0, Max: 0, Diff: 0, Sum: 0, Workers: 4
[4231.551s][debug][gc,phases      ] GC(221)   StringDedup Requests0 Weak     Min:  0.0, Avg:  0.0, Max:  0.0, Diff:  0.0, Sum:  0.0, Workers: 4
[4231.551s][debug][gc,phases      ] GC(221)     Dead                           Min: 0, Avg:  0.0, Max: 0, Diff: 0, Sum: 0, Workers: 4
[4231.551s][debug][gc,phases      ] GC(221)     Total                          Min: 0, Avg:  0.0, Max: 0, Diff: 0, Sum: 0, Workers: 4
[4231.551s][debug][gc,phases      ] GC(221)   StringDedup Requests1 Weak     Min:  0.0, Avg:  0.0, Max:  0.0, Diff:  0.0, Sum:  0.0, Workers: 4
[4231.551s][debug][gc,phases      ] GC(221)     Dead                           Min: 0, Avg:  0.0, Max: 0, Diff: 0, Sum: 0, Workers: 4
[4231.551s][debug][gc,phases      ] GC(221)     Total                          Min: 0, Avg:  0.0, Max: 0, Diff: 0, Sum: 0, Workers: 4
[4231.551s][debug][gc,phases      ] GC(221)   Weak JFR Old Object Samples    Min:  0.0, Avg:  0.0, Max:  0.0, Diff:  0.0, Sum:  0.0, Workers: 4
[4231.551s][debug][gc,phases      ] GC(221)     Dead                           Min: 0, Avg:  0.0, Max: 0, Diff: 0, Sum: 0, Workers: 4
[4231.551s][debug][gc,phases      ] GC(221)     Total                          Min: 0, Avg:  0.0, Max: 0, Diff: 0, Sum: 0, Workers: 4
[4231.551s][debug][gc,phases      ] GC(221) Weak Processing 0.251ms
[4231.551s][debug][gc,age         ] GC(221) Desired survivor size 45088768 bytes, new threshold 15 (max threshold 15)
[4231.551s][info ][gc,heap        ] GC(221) PSYoungGen: 2042304K(2042368K)->30256K(2052608K) Eden: 2012160K(2012160K)->0K(2009088K) From: 30144K(30208K)->30256K(43520K)
[4231.551s][info ][gc,heap        ] GC(221) ParOldGen: 454923K(475648K)->454939K(475648K)
[4231.551s][info ][gc,metaspace   ] GC(221) Metaspace: 81523K(82304K)->81523K(82304K) NonClass: 70117K(70528K)->70117K(70528K) Class: 11405K(11776K)->11405K(11776K)
[4231.551s][info ][gc             ] GC(221) Pause Young (Allocation Failure) 2438M->473M(2469M) 6.857ms
[4231.551s][info ][gc,cpu         ] GC(221) User=0.02s Sys=0.00s Real=0.01s
[4231.551s][info ][safepoint      ] Safepoint "ParallelGCFailedAllocation", Time since last: 6391894506 ns, Reaching safepoint: 43800 ns, At safepoint: 6940733 ns, Total: 6984533 ns
[4236.552s][info ][safepoint      ] Safepoint "Cleanup", Time since last: 5000405006 ns, Reaching safepoint: 48601 ns, At safepoint: 3100 ns, Total: 51701 ns
[4241.552s][info ][safepoint      ] Safepoint "Cleanup", Time since last: 5000432703 ns, Reaching safepoint: 50201 ns, At safepoint: 4000 ns, Total: 54201 ns
[4261.144s][info ][safepoint      ] Safepoint "Cleanup", Time since last: 19591514548 ns, Reaching safepoint: 102201 ns, At safepoint: 11300 ns, Total: 113501 ns
[4262.194s][info ][safepoint      ] Safepoint "Cleanup", Time since last: 1050001575 ns, Reaching safepoint: 86401 ns, At safepoint: 5100 ns, Total: 91501 ns
[4264.144s][info ][gc,start       ] GC(222) Pause Young (Allocation Failure)
[4264.151s][debug][gc,phases      ] GC(222) Scavenge 6.766ms
[4264.151s][debug][gc,ref         ] GC(222) Skipped phase 1 of Reference Processing: no references
[4264.151s][debug][gc,ref         ] GC(222) ReferenceProcessor::execute queues: 1, RefProcThreadModel::Single, marks_oops_alive: false
[4264.151s][debug][gc,ref         ] GC(222) ReferenceProcessor::execute queues: 4, RefProcThreadModel::Multi, marks_oops_alive: true
[4264.151s][debug][gc,ref         ] GC(222) ReferenceProcessor::execute queues: 1, RefProcThreadModel::Single, marks_oops_alive: false
[4264.151s][debug][gc,phases      ] GC(222) Reference Processing 0.157ms
[4264.151s][debug][gc,phases      ] GC(222)   VM Weak                        Min:  0.0, Avg:  0.0, Max:  0.0, Diff:  0.0, Sum:  0.0, Workers: 4
[4264.151s][debug][gc,phases      ] GC(222)     Dead                           Min: 0, Avg:  0.0, Max: 0, Diff: 0, Sum: 0, Workers: 4
[4264.151s][debug][gc,phases      ] GC(222)     Total                          Min: 0, Avg: 164.0, Max: 528, Diff: 528, Sum: 656, Workers: 4
[4264.151s][debug][gc,phases      ] GC(222)   ObjectSynchronizer Weak        Min:  0.0, Avg:  0.0, Max:  0.0, Diff:  0.0, Sum:  0.0, Workers: 4
[4264.151s][debug][gc,phases      ] GC(222)     Dead                           Min: 0, Avg:  0.0, Max: 0, Diff: 0, Sum: 0, Workers: 4
[4264.151s][debug][gc,phases      ] GC(222)     Total                          Min: 0, Avg: 121.2, Max: 256, Diff: 256, Sum: 485, Workers: 4
[4264.151s][debug][gc,phases      ] GC(222)   JVMTI Tag Weak OopStorage      Min:  0.0, Avg:  0.0, Max:  0.0, Diff:  0.0, Sum:  0.0, Workers: 4
[4264.151s][debug][gc,phases      ] GC(222)     Dead                           Min: 0, Avg:  0.0, Max: 0, Diff: 0, Sum: 0, Workers: 4
[4264.151s][debug][gc,phases      ] GC(222)     Total                          Min: 0, Avg:  0.0, Max: 0, Diff: 0, Sum: 0, Workers: 4
[4264.151s][debug][gc,phases      ] GC(222)   StringTable Weak               Min:  0.1, Avg:  0.1, Max:  0.1, Diff:  0.0, Sum:  0.3, Workers: 4
[4264.151s][debug][gc,phases      ] GC(222)     Dead                           Min: 0, Avg:  0.0, Max: 0, Diff: 0, Sum: 0, Workers: 4
[4264.151s][debug][gc,phases      ] GC(222)     Total                          Min: 11520, Avg: 12058.8, Max: 12608, Diff: 1088, Sum: 48235, Workers: 4
[4264.151s][debug][gc,phases      ] GC(222)   ResolvedMethodTable Weak       Min:  0.0, Avg:  0.0, Max:  0.0, Diff:  0.0, Sum:  0.1, Workers: 4
[4264.151s][debug][gc,phases      ] GC(222)     Dead                           Min: 0, Avg:  0.0, Max: 0, Diff: 0, Sum: 0, Workers: 4
[4264.151s][debug][gc,phases      ] GC(222)     Total                          Min: 1984, Avg: 2043.5, Max: 2094, Diff: 110, Sum: 8174, Workers: 4
[4264.151s][debug][gc,phases      ] GC(222)   JNI Weak                       Min:  0.0, Avg:  0.0, Max:  0.0, Diff:  0.0, Sum:  0.0, Workers: 4
[4264.151s][debug][gc,phases      ] GC(222)     Dead                           Min: 0, Avg:  0.0, Max: 0, Diff: 0, Sum: 0, Workers: 4
[4264.151s][debug][gc,phases      ] GC(222)     Total                          Min: 0, Avg:  0.0, Max: 0, Diff: 0, Sum: 0, Workers: 4
[4264.151s][debug][gc,phases      ] GC(222)   StringDedup Table Weak         Min:  0.0, Avg:  0.0, Max:  0.0, Diff:  0.0, Sum:  0.0, Workers: 4
[4264.151s][debug][gc,phases      ] GC(222)     Dead                           Min: 0, Avg:  0.0, Max: 0, Diff: 0, Sum: 0, Workers: 4
[4264.151s][debug][gc,phases      ] GC(222)     Total                          Min: 0, Avg:  0.0, Max: 0, Diff: 0, Sum: 0, Workers: 4
[4264.151s][debug][gc,phases      ] GC(222)   StringDedup Requests0 Weak     Min:  0.0, Avg:  0.0, Max:  0.0, Diff:  0.0, Sum:  0.0, Workers: 4
[4264.151s][debug][gc,phases      ] GC(222)     Dead                           Min: 0, Avg:  0.0, Max: 0, Diff: 0, Sum: 0, Workers: 4
[4264.151s][debug][gc,phases      ] GC(222)     Total                          Min: 0, Avg:  0.0, Max: 0, Diff: 0, Sum: 0, Workers: 4
[4264.151s][debug][gc,phases      ] GC(222)   StringDedup Requests1 Weak     Min:  0.0, Avg:  0.0, Max:  0.0, Diff:  0.0, Sum:  0.0, Workers: 4
[4264.151s][debug][gc,phases      ] GC(222)     Dead                           Min: 0, Avg:  0.0, Max: 0, Diff: 0, Sum: 0, Workers: 4
[4264.151s][debug][gc,phases      ] GC(222)     Total                          Min: 0, Avg:  0.0, Max: 0, Diff: 0, Sum: 0, Workers: 4
[4264.151s][debug][gc,phases      ] GC(222)   Weak JFR Old Object Samples    Min:  0.0, Avg:  0.0, Max:  0.0, Diff:  0.0, Sum:  0.0, Workers: 4
[4264.151s][debug][gc,phases      ] GC(222)     Dead                           Min: 0, Avg:  0.0, Max: 0, Diff: 0, Sum: 0, Workers: 4
[4264.151s][debug][gc,phases      ] GC(222)     Total                          Min: 0, Avg:  0.0, Max: 0, Diff: 0, Sum: 0, Workers: 4
[4264.151s][debug][gc,phases      ] GC(222) Weak Processing 0.246ms
[4264.151s][debug][gc,age         ] GC(222) Desired survivor size 45613056 bytes, new threshold 15 (max threshold 15)
[4264.151s][info ][gc,heap        ] GC(222) PSYoungGen: 2039344K(2052608K)->30320K(2039808K) Eden: 2009088K(2009088K)->0K(2009088K) From: 30256K(43520K)->30320K(30720K)
[4264.151s][info ][gc,heap        ] GC(222) ParOldGen: 454939K(475648K)->454971K(475648K)
[4264.151s][info ][gc,metaspace   ] GC(222) Metaspace: 81536K(82368K)->81536K(82368K) NonClass: 70128K(70592K)->70128K(70592K) Class: 11408K(11776K)->11408K(11776K)
[4264.151s][info ][gc             ] GC(222) Pause Young (Allocation Failure) 2435M->473M(2456M) 7.278ms
[4264.151s][info ][gc,cpu         ] GC(222) User=0.03s Sys=0.00s Real=0.01s
[4264.151s][info ][safepoint      ] Safepoint "ParallelGCFailedAllocation", Time since last: 1949779438 ns, Reaching safepoint: 35100 ns, At safepoint: 7371535 ns, Total: 7406635 ns
[4268.152s][info ][safepoint      ] Safepoint "Cleanup", Time since last: 4000272753 ns, Reaching safepoint: 37800 ns, At safepoint: 2900 ns, Total: 40700 ns
[4271.152s][info ][safepoint      ] Safepoint "Cleanup", Time since last: 3000250014 ns, Reaching safepoint: 40200 ns, At safepoint: 2800 ns, Total: 43000 ns
[4273.152s][info ][safepoint      ] Safepoint "Cleanup", Time since last: 2000165476 ns, Reaching safepoint: 42200 ns, At safepoint: 6300 ns, Total: 48500 ns
[4274.152s][info ][safepoint      ] Safepoint "Cleanup", Time since last: 1000100138 ns, Reaching safepoint: 48200 ns, At safepoint: 4800 ns, Total: 53000 ns
[4275.152s][info ][safepoint      ] Safepoint "Cleanup", Time since last: 1000093538 ns, Reaching safepoint: 48100 ns, At safepoint: 4700 ns, Total: 52800 ns
[4277.153s][info ][safepoint      ] Safepoint "Cleanup", Time since last: 2000131375 ns, Reaching safepoint: 41400 ns, At safepoint: 2900 ns, Total: 44300 ns
[4278.153s][info ][safepoint      ] Safepoint "Cleanup", Time since last: 1000095737 ns, Reaching safepoint: 41701 ns, At safepoint: 3300 ns, Total: 45001 ns
[4279.153s][info ][safepoint      ] Safepoint "Cleanup", Time since last: 1000101537 ns, Reaching safepoint: 44800 ns, At safepoint: 2400 ns, Total: 47200 ns
[4281.153s][info ][safepoint      ] Safepoint "Cleanup", Time since last: 2000157474 ns, Reaching safepoint: 47000 ns, At safepoint: 6301 ns, Total: 53301 ns
[4282.153s][info ][safepoint      ] Safepoint "Cleanup", Time since last: 1000111937 ns, Reaching safepoint: 43000 ns, At safepoint: 2900 ns, Total: 45900 ns
[4285.154s][info ][safepoint      ] Safepoint "Cleanup", Time since last: 3000229410 ns, Reaching safepoint: 39200 ns, At safepoint: 3200 ns, Total: 42400 ns
[4287.154s][info ][safepoint      ] Safepoint "Cleanup", Time since last: 2000164373 ns, Reaching safepoint: 47601 ns, At safepoint: 10000 ns, Total: 57601 ns
[4288.154s][info ][safepoint      ] Safepoint "Cleanup", Time since last: 1000101836 ns, Reaching safepoint: 28200 ns, At safepoint: 2800 ns, Total: 31000 ns
[4289.154s][info ][safepoint      ] Safepoint "Cleanup", Time since last: 1000105837 ns, Reaching safepoint: 39000 ns, At safepoint: 3100 ns, Total: 42100 ns
[4290.154s][info ][safepoint      ] Safepoint "Cleanup", Time since last: 1000102337 ns, Reaching safepoint: 30600 ns, At safepoint: 2900 ns, Total: 33500 ns
[4296.743s][info ][gc,start       ] GC(223) Pause Young (Allocation Failure)
[4296.751s][debug][gc,phases      ] GC(223) Scavenge 7.210ms
[4296.751s][debug][gc,ref         ] GC(223) Skipped phase 1 of Reference Processing: no references
[4296.751s][debug][gc,ref         ] GC(223) ReferenceProcessor::execute queues: 1, RefProcThreadModel::Single, marks_oops_alive: false
[4296.751s][debug][gc,ref         ] GC(223) Skipped phase 3 of Reference Processing: no references
[4296.751s][debug][gc,ref         ] GC(223) Skipped phase 4 of Reference Processing: no references
[4296.751s][debug][gc,phases      ] GC(223) Reference Processing 0.095ms
[4296.751s][debug][gc,phases      ] GC(223)   VM Weak                        Min:  0.0, Avg:  0.0, Max:  0.0, Diff:  0.0, Sum:  0.0, Workers: 4
[4296.751s][debug][gc,phases      ] GC(223)     Dead                           Min: 0, Avg:  0.0, Max: 0, Diff: 0, Sum: 0, Workers: 4
[4296.751s][debug][gc,phases      ] GC(223)     Total                          Min: 0, Avg: 164.0, Max: 384, Diff: 384, Sum: 656, Workers: 4
[4296.751s][debug][gc,phases      ] GC(223)   ObjectSynchronizer Weak        Min:  0.0, Avg:  0.0, Max:  0.0, Diff:  0.0, Sum:  0.0, Workers: 4
[4296.751s][debug][gc,phases      ] GC(223)     Dead                           Min: 0, Avg:  0.0, Max: 0, Diff: 0, Sum: 0, Workers: 4
[4296.751s][debug][gc,phases      ] GC(223)     Total                          Min: 0, Avg: 121.2, Max: 192, Diff: 192, Sum: 485, Workers: 4
[4296.751s][debug][gc,phases      ] GC(223)   JVMTI Tag Weak OopStorage      Min:  0.0, Avg:  0.0, Max:  0.0, Diff:  0.0, Sum:  0.0, Workers: 4
[4296.751s][debug][gc,phases      ] GC(223)     Dead                           Min: 0, Avg:  0.0, Max: 0, Diff: 0, Sum: 0, Workers: 4
[4296.751s][debug][gc,phases      ] GC(223)     Total                          Min: 0, Avg:  0.0, Max: 0, Diff: 0, Sum: 0, Workers: 4
[4296.751s][debug][gc,phases      ] GC(223)   StringTable Weak               Min:  0.1, Avg:  0.1, Max:  0.1, Diff:  0.0, Sum:  0.3, Workers: 4
[4296.751s][debug][gc,phases      ] GC(223)     Dead                           Min: 0, Avg:  0.0, Max: 0, Diff: 0, Sum: 0, Workers: 4
[4296.751s][debug][gc,phases      ] GC(223)     Total                          Min: 11264, Avg: 12058.8, Max: 12736, Diff: 1472, Sum: 48235, Workers: 4
[4296.751s][debug][gc,phases      ] GC(223)   ResolvedMethodTable Weak       Min:  0.0, Avg:  0.0, Max:  0.0, Diff:  0.0, Sum:  0.1, Workers: 4
[4296.751s][debug][gc,phases      ] GC(223)     Dead                           Min: 0, Avg:  0.0, Max: 0, Diff: 0, Sum: 0, Workers: 4
[4296.751s][debug][gc,phases      ] GC(223)     Total                          Min: 1920, Avg: 2043.5, Max: 2112, Diff: 192, Sum: 8174, Workers: 4
[4296.751s][debug][gc,phases      ] GC(223)   JNI Weak                       Min:  0.0, Avg:  0.0, Max:  0.0, Diff:  0.0, Sum:  0.0, Workers: 4
[4296.751s][debug][gc,phases      ] GC(223)     Dead                           Min: 0, Avg:  0.0, Max: 0, Diff: 0, Sum: 0, Workers: 4
[4296.751s][debug][gc,phases      ] GC(223)     Total                          Min: 0, Avg:  0.0, Max: 0, Diff: 0, Sum: 0, Workers: 4
[4296.751s][debug][gc,phases      ] GC(223)   StringDedup Table Weak         Min:  0.0, Avg:  0.0, Max:  0.0, Diff:  0.0, Sum:  0.0, Workers: 4
[4296.751s][debug][gc,phases      ] GC(223)     Dead                           Min: 0, Avg:  0.0, Max: 0, Diff: 0, Sum: 0, Workers: 4
[4296.751s][debug][gc,phases      ] GC(223)     Total                          Min: 0, Avg:  0.0, Max: 0, Diff: 0, Sum: 0, Workers: 4
[4296.751s][debug][gc,phases      ] GC(223)   StringDedup Requests0 Weak     Min:  0.0, Avg:  0.0, Max:  0.0, Diff:  0.0, Sum:  0.0, Workers: 4
[4296.751s][debug][gc,phases      ] GC(223)     Dead                           Min: 0, Avg:  0.0, Max: 0, Diff: 0, Sum: 0, Workers: 4
[4296.751s][debug][gc,phases      ] GC(223)     Total                          Min: 0, Avg:  0.0, Max: 0, Diff: 0, Sum: 0, Workers: 4
[4296.751s][debug][gc,phases      ] GC(223)   StringDedup Requests1 Weak     Min:  0.0, Avg:  0.0, Max:  0.0, Diff:  0.0, Sum:  0.0, Workers: 4
[4296.751s][debug][gc,phases      ] GC(223)     Dead                           Min: 0, Avg:  0.0, Max: 0, Diff: 0, Sum: 0, Workers: 4
[4296.751s][debug][gc,phases      ] GC(223)     Total                          Min: 0, Avg:  0.0, Max: 0, Diff: 0, Sum: 0, Workers: 4
[4296.751s][debug][gc,phases      ] GC(223)   Weak JFR Old Object Samples    Min:  0.0, Avg:  0.0, Max:  0.0, Diff:  0.0, Sum:  0.0, Workers: 4
[4296.751s][debug][gc,phases      ] GC(223)     Dead                           Min: 0, Avg:  0.0, Max: 0, Diff: 0, Sum: 0, Workers: 4
[4296.751s][debug][gc,phases      ] GC(223)     Total                          Min: 0, Avg:  0.0, Max: 0, Diff: 0, Sum: 0, Workers: 4
[4296.751s][debug][gc,phases      ] GC(223) Weak Processing 0.248ms
[4296.751s][debug][gc,age         ] GC(223) Desired survivor size 46137344 bytes, new threshold 15 (max threshold 15)
[4296.751s][info ][gc,heap        ] GC(223) PSYoungGen: 2039408K(2039808K)->30144K(2051584K) Eden: 2009088K(2009088K)->0K(2007040K) From: 30320K(30720K)->30144K(44544K)
[4296.751s][info ][gc,heap        ] GC(223) ParOldGen: 454971K(475648K)->454987K(475648K)
[4296.751s][info ][gc,metaspace   ] GC(223) Metaspace: 81537K(82368K)->81537K(82368K) NonClass: 70129K(70592K)->70129K(70592K) Class: 11408K(11776K)->11408K(11776K)
[4296.751s][info ][gc             ] GC(223) Pause Young (Allocation Failure) 2435M->473M(2468M) 7.659ms
[4296.751s][info ][gc,cpu         ] GC(223) User=0.03s Sys=0.00s Real=0.01s
[4296.751s][info ][safepoint      ] Safepoint "ParallelGCFailedAllocation", Time since last: 6589211503 ns, Reaching safepoint: 37701 ns, At safepoint: 7739436 ns, Total: 7777137 ns
[4298.751s][info ][safepoint      ] Safepoint "Cleanup", Time since last: 2000141071 ns, Reaching safepoint: 30000 ns, At safepoint: 3401 ns, Total: 33401 ns
[4301.752s][info ][safepoint      ] Safepoint "Cleanup", Time since last: 3000182205 ns, Reaching safepoint: 42701 ns, At safepoint: 3600 ns, Total: 46301 ns
[4302.752s][info ][safepoint      ] Safepoint "Cleanup", Time since last: 1000096135 ns, Reaching safepoint: 46800 ns, At safepoint: 5900 ns, Total: 52700 ns
[4303.752s][info ][safepoint      ] Safepoint "Cleanup", Time since last: 1000094635 ns, Reaching safepoint: 42601 ns, At safepoint: 5500 ns, Total: 48101 ns
[4310.752s][info ][safepoint      ] Safepoint "Cleanup", Time since last: 7000495643 ns, Reaching safepoint: 63900 ns, At safepoint: 8900 ns, Total: 72800 ns
[4311.753s][info ][safepoint      ] Safepoint "Cleanup", Time since last: 1000109235 ns, Reaching safepoint: 46800 ns, At safepoint: 2200 ns, Total: 49000 ns
[4313.753s][info ][safepoint      ] Safepoint "Cleanup", Time since last: 2000122869 ns, Reaching safepoint: 48400 ns, At safepoint: 9500 ns, Total: 57900 ns
[4318.753s][info ][safepoint      ] Safepoint "Cleanup", Time since last: 5000363371 ns, Reaching safepoint: 42400 ns, At safepoint: 2800 ns, Total: 45200 ns
[4322.545s][info ][gc,start       ] GC(224) Pause Young (Allocation Failure)
[4322.557s][debug][gc,phases      ] GC(224) Scavenge 11.898ms
[4322.557s][debug][gc,ref         ] GC(224) Skipped phase 1 of Reference Processing: no references
[4322.557s][debug][gc,ref         ] GC(224) ReferenceProcessor::execute queues: 1, RefProcThreadModel::Single, marks_oops_alive: false
[4322.557s][debug][gc,ref         ] GC(224) Skipped phase 3 of Reference Processing: no references
[4322.557s][debug][gc,ref         ] GC(224) Skipped phase 4 of Reference Processing: no references
[4322.557s][debug][gc,phases      ] GC(224) Reference Processing 0.094ms
[4322.557s][debug][gc,phases      ] GC(224)   VM Weak                        Min:  0.0, Avg:  0.0, Max:  0.0, Diff:  0.0, Sum:  0.0, Workers: 4
[4322.557s][debug][gc,phases      ] GC(224)     Dead                           Min: 0, Avg:  0.0, Max: 0, Diff: 0, Sum: 0, Workers: 4
[4322.557s][debug][gc,phases      ] GC(224)     Total                          Min: 0, Avg: 164.0, Max: 592, Diff: 592, Sum: 656, Workers: 4
[4322.557s][debug][gc,phases      ] GC(224)   ObjectSynchronizer Weak        Min:  0.0, Avg:  0.0, Max:  0.0, Diff:  0.0, Sum:  0.0, Workers: 4
[4322.557s][debug][gc,phases      ] GC(224)     Dead                           Min: 0, Avg:  0.0, Max: 0, Diff: 0, Sum: 0, Workers: 4
[4322.557s][debug][gc,phases      ] GC(224)     Total                          Min: 0, Avg: 121.2, Max: 192, Diff: 192, Sum: 485, Workers: 4
[4322.557s][debug][gc,phases      ] GC(224)   JVMTI Tag Weak OopStorage      Min:  0.0, Avg:  0.0, Max:  0.0, Diff:  0.0, Sum:  0.0, Workers: 4
[4322.557s][debug][gc,phases      ] GC(224)     Dead                           Min: 0, Avg:  0.0, Max: 0, Diff: 0, Sum: 0, Workers: 4
[4322.557s][debug][gc,phases      ] GC(224)     Total                          Min: 0, Avg:  0.0, Max: 0, Diff: 0, Sum: 0, Workers: 4
[4322.557s][debug][gc,phases      ] GC(224)   StringTable Weak               Min:  0.1, Avg:  0.1, Max:  0.1, Diff:  0.0, Sum:  0.4, Workers: 4
[4322.557s][debug][gc,phases      ] GC(224)     Dead                           Min: 0, Avg:  0.0, Max: 0, Diff: 0, Sum: 0, Workers: 4
[4322.557s][debug][gc,phases      ] GC(224)     Total                          Min: 9664, Avg: 12058.8, Max: 14571, Diff: 4907, Sum: 48235, Workers: 4
[4322.557s][debug][gc,phases      ] GC(224)   ResolvedMethodTable Weak       Min:  0.0, Avg:  0.0, Max:  0.0, Diff:  0.0, Sum:  0.1, Workers: 4
[4322.557s][debug][gc,phases      ] GC(224)     Dead                           Min: 0, Avg:  0.0, Max: 0, Diff: 0, Sum: 0, Workers: 4
[4322.557s][debug][gc,phases      ] GC(224)     Total                          Min: 1664, Avg: 2043.5, Max: 2432, Diff: 768, Sum: 8174, Workers: 4
[4322.557s][debug][gc,phases      ] GC(224)   JNI Weak                       Min:  0.0, Avg:  0.0, Max:  0.0, Diff:  0.0, Sum:  0.0, Workers: 4
[4322.557s][debug][gc,phases      ] GC(224)     Dead                           Min: 0, Avg:  0.0, Max: 0, Diff: 0, Sum: 0, Workers: 4
[4322.557s][debug][gc,phases      ] GC(224)     Total                          Min: 0, Avg:  0.0, Max: 0, Diff: 0, Sum: 0, Workers: 4
[4322.557s][debug][gc,phases      ] GC(224)   StringDedup Table Weak         Min:  0.0, Avg:  0.0, Max:  0.0, Diff:  0.0, Sum:  0.0, Workers: 4
[4322.557s][debug][gc,phases      ] GC(224)     Dead                           Min: 0, Avg:  0.0, Max: 0, Diff: 0, Sum: 0, Workers: 4
[4322.557s][debug][gc,phases      ] GC(224)     Total                          Min: 0, Avg:  0.0, Max: 0, Diff: 0, Sum: 0, Workers: 4
[4322.557s][debug][gc,phases      ] GC(224)   StringDedup Requests0 Weak     Min:  0.0, Avg:  0.0, Max:  0.0, Diff:  0.0, Sum:  0.0, Workers: 4
[4322.557s][debug][gc,phases      ] GC(224)     Dead                           Min: 0, Avg:  0.0, Max: 0, Diff: 0, Sum: 0, Workers: 4
[4322.557s][debug][gc,phases      ] GC(224)     Total                          Min: 0, Avg:  0.0, Max: 0, Diff: 0, Sum: 0, Workers: 4
[4322.557s][debug][gc,phases      ] GC(224)   StringDedup Requests1 Weak     Min:  0.0, Avg:  0.0, Max:  0.0, Diff:  0.0, Sum:  0.0, Workers: 4
[4322.557s][debug][gc,phases      ] GC(224)     Dead                           Min: 0, Avg:  0.0, Max: 0, Diff: 0, Sum: 0, Workers: 4
[4322.557s][debug][gc,phases      ] GC(224)     Total                          Min: 0, Avg:  0.0, Max: 0, Diff: 0, Sum: 0, Workers: 4
[4322.557s][debug][gc,phases      ] GC(224)   Weak JFR Old Object Samples    Min:  0.0, Avg:  0.0, Max:  0.0, Diff:  0.0, Sum:  0.0, Workers: 4
[4322.557s][debug][gc,phases      ] GC(224)     Dead                           Min: 0, Avg:  0.0, Max: 0, Diff: 0, Sum: 0, Workers: 4
[4322.557s][debug][gc,phases      ] GC(224)     Total                          Min: 0, Avg:  0.0, Max: 0, Diff: 0, Sum: 0, Workers: 4
[4322.557s][debug][gc,phases      ] GC(224) Weak Processing 0.278ms
[4322.557s][debug][gc,age         ] GC(224) Desired survivor size 49283072 bytes, new threshold 15 (max threshold 15)
[4322.557s][info ][gc,heap        ] GC(224) PSYoungGen: 2037184K(2051584K)->38560K(2045952K) Eden: 2007040K(2007040K)->0K(2007040K) From: 30144K(44544K)->38560K(38912K)
[4322.557s][info ][gc,heap        ] GC(224) ParOldGen: 454987K(475648K)->455003K(475648K)
[4322.557s][info ][gc,metaspace   ] GC(224) Metaspace: 81541K(82368K)->81541K(82368K) NonClass: 70133K(70592K)->70133K(70592K) Class: 11408K(11776K)->11408K(11776K)
[4322.557s][info ][gc             ] GC(224) Pause Young (Allocation Failure) 2433M->481M(2462M) 12.371ms
[4322.557s][info ][gc,cpu         ] GC(224) User=0.05s Sys=0.00s Real=0.01s
[4322.557s][info ][safepoint      ] Safepoint "ParallelGCFailedAllocation", Time since last: 3791438046 ns, Reaching safepoint: 41200 ns, At safepoint: 12448859 ns, Total: 12490059 ns
[4324.557s][info ][safepoint      ] Safepoint "Cleanup", Time since last: 2000170967 ns, Reaching safepoint: 54801 ns, At safepoint: 4800 ns, Total: 59601 ns
[4326.558s][info ][safepoint      ] Safepoint "Cleanup", Time since last: 2000215567 ns, Reaching safepoint: 33800 ns, At safepoint: 3000 ns, Total: 36800 ns
[4328.558s][info ][safepoint      ] Safepoint "Cleanup", Time since last: 2000200266 ns, Reaching safepoint: 40601 ns, At safepoint: 3800 ns, Total: 44401 ns
[4338.559s][info ][safepoint      ] Safepoint "Cleanup", Time since last: 10000746827 ns, Reaching safepoint: 41600 ns, At safepoint: 2700 ns, Total: 44300 ns
[4339.559s][info ][safepoint      ] Safepoint "Cleanup", Time since last: 1000101433 ns, Reaching safepoint: 44600 ns, At safepoint: 7900 ns, Total: 52500 ns
[4340.559s][info ][safepoint      ] Safepoint "Cleanup", Time since last: 1000129532 ns, Reaching safepoint: 46000 ns, At safepoint: 4001 ns, Total: 50001 ns
[4344.559s][info ][safepoint      ] Safepoint "Cleanup", Time since last: 4000357928 ns, Reaching safepoint: 51400 ns, At safepoint: 5600 ns, Total: 57000 ns
[4346.560s][info ][safepoint      ] Safepoint "Cleanup", Time since last: 2000169564 ns, Reaching safepoint: 44000 ns, At safepoint: 6300 ns, Total: 50300 ns
[4348.560s][info ][safepoint      ] Safepoint "Cleanup", Time since last: 2000166364 ns, Reaching safepoint: 40900 ns, At safepoint: 2900 ns, Total: 43800 ns
[4349.743s][info ][gc,start       ] GC(225) Pause Young (Allocation Failure)
[4349.750s][debug][gc,phases      ] GC(225) Scavenge 6.848ms
[4349.750s][debug][gc,ref         ] GC(225) Skipped phase 1 of Reference Processing: no references
[4349.750s][debug][gc,ref         ] GC(225) ReferenceProcessor::execute queues: 1, RefProcThreadModel::Single, marks_oops_alive: false
[4349.750s][debug][gc,ref         ] GC(225) Skipped phase 3 of Reference Processing: no references
[4349.750s][debug][gc,ref         ] GC(225) ReferenceProcessor::execute queues: 1, RefProcThreadModel::Single, marks_oops_alive: false
[4349.750s][debug][gc,phases      ] GC(225) Reference Processing 0.097ms
[4349.750s][debug][gc,phases      ] GC(225)   VM Weak                        Min:  0.0, Avg:  0.0, Max:  0.0, Diff:  0.0, Sum:  0.0, Workers: 4
[4349.750s][debug][gc,phases      ] GC(225)     Dead                           Min: 0, Avg:  0.0, Max: 0, Diff: 0, Sum: 0, Workers: 4
[4349.750s][debug][gc,phases      ] GC(225)     Total                          Min: 0, Avg: 164.0, Max: 656, Diff: 656, Sum: 656, Workers: 4
[4349.750s][debug][gc,phases      ] GC(225)   ObjectSynchronizer Weak        Min:  0.0, Avg:  0.0, Max:  0.0, Diff:  0.0, Sum:  0.0, Workers: 4
[4349.750s][debug][gc,phases      ] GC(225)     Dead                           Min: 0, Avg:  0.0, Max: 0, Diff: 0, Sum: 0, Workers: 4
[4349.750s][debug][gc,phases      ] GC(225)     Total                          Min: 0, Avg: 121.2, Max: 421, Diff: 421, Sum: 485, Workers: 4
[4349.750s][debug][gc,phases      ] GC(225)   JVMTI Tag Weak OopStorage      Min:  0.0, Avg:  0.0, Max:  0.0, Diff:  0.0, Sum:  0.0, Workers: 4
[4349.750s][debug][gc,phases      ] GC(225)     Dead                           Min: 0, Avg:  0.0, Max: 0, Diff: 0, Sum: 0, Workers: 4
[4349.750s][debug][gc,phases      ] GC(225)     Total                          Min: 0, Avg:  0.0, Max: 0, Diff: 0, Sum: 0, Workers: 4
[4349.750s][debug][gc,phases      ] GC(225)   StringTable Weak               Min:  0.1, Avg:  0.1, Max:  0.1, Diff:  0.0, Sum:  0.3, Workers: 4
[4349.750s][debug][gc,phases      ] GC(225)     Dead                           Min: 0, Avg:  0.0, Max: 0, Diff: 0, Sum: 0, Workers: 4
[4349.750s][debug][gc,phases      ] GC(225)     Total                          Min: 10368, Avg: 12059.2, Max: 12909, Diff: 2541, Sum: 48237, Workers: 4
[4349.750s][debug][gc,phases      ] GC(225)   ResolvedMethodTable Weak       Min:  0.0, Avg:  0.0, Max:  0.0, Diff:  0.0, Sum:  0.1, Workers: 4
[4349.750s][debug][gc,phases      ] GC(225)     Dead                           Min: 0, Avg:  0.0, Max: 0, Diff: 0, Sum: 0, Workers: 4
[4349.750s][debug][gc,phases      ] GC(225)     Total                          Min: 1967, Avg: 2043.8, Max: 2176, Diff: 209, Sum: 8175, Workers: 4
[4349.750s][debug][gc,phases      ] GC(225)   JNI Weak                       Min:  0.0, Avg:  0.0, Max:  0.0, Diff:  0.0, Sum:  0.0, Workers: 4
[4349.750s][debug][gc,phases      ] GC(225)     Dead                           Min: 0, Avg:  0.0, Max: 0, Diff: 0, Sum: 0, Workers: 4
[4349.750s][debug][gc,phases      ] GC(225)     Total                          Min: 0, Avg:  0.0, Max: 0, Diff: 0, Sum: 0, Workers: 4
[4349.750s][debug][gc,phases      ] GC(225)   StringDedup Table Weak         Min:  0.0, Avg:  0.0, Max:  0.0, Diff:  0.0, Sum:  0.0, Workers: 4
[4349.750s][debug][gc,phases      ] GC(225)     Dead                           Min: 0, Avg:  0.0, Max: 0, Diff: 0, Sum: 0, Workers: 4
[4349.750s][debug][gc,phases      ] GC(225)     Total                          Min: 0, Avg:  0.0, Max: 0, Diff: 0, Sum: 0, Workers: 4
[4349.750s][debug][gc,phases      ] GC(225)   StringDedup Requests0 Weak     Min:  0.0, Avg:  0.0, Max:  0.0, Diff:  0.0, Sum:  0.0, Workers: 4
[4349.750s][debug][gc,phases      ] GC(225)     Dead                           Min: 0, Avg:  0.0, Max: 0, Diff: 0, Sum: 0, Workers: 4
[4349.750s][debug][gc,phases      ] GC(225)     Total                          Min: 0, Avg:  0.0, Max: 0, Diff: 0, Sum: 0, Workers: 4
[4349.750s][debug][gc,phases      ] GC(225)   StringDedup Requests1 Weak     Min:  0.0, Avg:  0.0, Max:  0.0, Diff:  0.0, Sum:  0.0, Workers: 4
[4349.750s][debug][gc,phases      ] GC(225)     Dead                           Min: 0, Avg:  0.0, Max: 0, Diff: 0, Sum: 0, Workers: 4
[4349.750s][debug][gc,phases      ] GC(225)     Total                          Min: 0, Avg:  0.0, Max: 0, Diff: 0, Sum: 0, Workers: 4
[4349.750s][debug][gc,phases      ] GC(225)   Weak JFR Old Object Samples    Min:  0.0, Avg:  0.0, Max:  0.0, Diff:  0.0, Sum:  0.0, Workers: 4
[4349.750s][debug][gc,phases      ] GC(225)     Dead                           Min: 0, Avg:  0.0, Max: 0, Diff: 0, Sum: 0, Workers: 4
[4349.750s][debug][gc,phases      ] GC(225)     Total                          Min: 0, Avg:  0.0, Max: 0, Diff: 0, Sum: 0, Workers: 4
[4349.750s][debug][gc,phases      ] GC(225) Weak Processing 0.252ms
[4349.750s][debug][gc,age         ] GC(225) Desired survivor size 47710208 bytes, new threshold 15 (max threshold 15)
[4349.750s][info ][gc,heap        ] GC(225) PSYoungGen: 2045600K(2045952K)->28528K(2050560K) Eden: 2007040K(2007040K)->0K(2002432K) From: 38560K(38912K)->28528K(48128K)
[4349.750s][info ][gc,heap        ] GC(225) ParOldGen: 455003K(475648K)->455011K(475648K)
[4349.750s][info ][gc,metaspace   ] GC(225) Metaspace: 81596K(82368K)->81596K(82368K) NonClass: 70185K(70592K)->70185K(70592K) Class: 11410K(11776K)->11410K(11776K)
[4349.750s][info ][gc             ] GC(225) Pause Young (Allocation Failure) 2441M->472M(2467M) 7.311ms
[4349.750s][info ][gc,cpu         ] GC(225) User=0.03s Sys=0.00s Real=0.01s
[4349.750s][info ][safepoint      ] Safepoint "ParallelGCFailedAllocation", Time since last: 1183017697 ns, Reaching safepoint: 32000 ns, At safepoint: 7401935 ns, Total: 7433935 ns
[4351.750s][info ][safepoint      ] Safepoint "Cleanup", Time since last: 2000145963 ns, Reaching safepoint: 77000 ns, At safepoint: 6500 ns, Total: 83500 ns
[4354.751s][info ][safepoint      ] Safepoint "Cleanup", Time since last: 3000233494 ns, Reaching safepoint: 43600 ns, At safepoint: 2800 ns, Total: 46400 ns
[4357.751s][info ][safepoint      ] Safepoint "Cleanup", Time since last: 3000224993 ns, Reaching safepoint: 45201 ns, At safepoint: 5200 ns, Total: 50401 ns
[4358.751s][info ][safepoint      ] Safepoint "Cleanup", Time since last: 1000090831 ns, Reaching safepoint: 28400 ns, At safepoint: 2900 ns, Total: 31300 ns
[4360.135s][info ][safepoint      ] Safepoint "Cleanup", Time since last: 1383966646 ns, Reaching safepoint: 60801 ns, At safepoint: 5900 ns, Total: 66701 ns
[4361.135s][info ][safepoint      ] Safepoint "Cleanup", Time since last: 1000095131 ns, Reaching safepoint: 52600 ns, At safepoint: 8600 ns, Total: 61200 ns
[4362.135s][info ][safepoint      ] Safepoint "Cleanup", Time since last: 1000096231 ns, Reaching safepoint: 44500 ns, At safepoint: 6900 ns, Total: 51400 ns
[4364.136s][info ][safepoint      ] Safepoint "Cleanup", Time since last: 2000157861 ns, Reaching safepoint: 43500 ns, At safepoint: 3900 ns, Total: 47400 ns
[4365.136s][info ][safepoint      ] Safepoint "Cleanup", Time since last: 1000096831 ns, Reaching safepoint: 51500 ns, At safepoint: 4300 ns, Total: 55800 ns
[4367.136s][info ][safepoint      ] Safepoint "Cleanup", Time since last: 2000158661 ns, Reaching safepoint: 42400 ns, At safepoint: 9500 ns, Total: 51900 ns
[4368.136s][info ][safepoint      ] Safepoint "Cleanup", Time since last: 1000093830 ns, Reaching safepoint: 45700 ns, At safepoint: 5400 ns, Total: 51100 ns
[4370.136s][info ][safepoint      ] Safepoint "Cleanup", Time since last: 2000158260 ns, Reaching safepoint: 46301 ns, At safepoint: 2800 ns, Total: 49101 ns
[4372.137s][info ][safepoint      ] Safepoint "Cleanup", Time since last: 2000187660 ns, Reaching safepoint: 57900 ns, At safepoint: 2600 ns, Total: 60500 ns
[4373.841s][info ][gc,start       ] GC(226) Pause Young (Allocation Failure)
[4373.860s][debug][gc,phases      ] GC(226) Scavenge 18.643ms
[4373.860s][debug][gc,ref         ] GC(226) Skipped phase 1 of Reference Processing: no references
[4373.860s][debug][gc,ref         ] GC(226) ReferenceProcessor::execute queues: 1, RefProcThreadModel::Single, marks_oops_alive: false
[4373.860s][debug][gc,ref         ] GC(226) ReferenceProcessor::execute queues: 4, RefProcThreadModel::Multi, marks_oops_alive: true
[4373.860s][debug][gc,ref         ] GC(226) ReferenceProcessor::execute queues: 1, RefProcThreadModel::Single, marks_oops_alive: false
[4373.860s][debug][gc,phases      ] GC(226) Reference Processing 0.389ms
[4373.860s][debug][gc,phases      ] GC(226)   VM Weak                        Min:  0.0, Avg:  0.0, Max:  0.0, Diff:  0.0, Sum:  0.0, Workers: 4
[4373.860s][debug][gc,phases      ] GC(226)     Dead                           Min: 0, Avg:  0.0, Max: 0, Diff: 0, Sum: 0, Workers: 4
[4373.860s][debug][gc,phases      ] GC(226)     Total                          Min: 0, Avg: 164.0, Max: 400, Diff: 400, Sum: 656, Workers: 4
[4373.860s][debug][gc,phases      ] GC(226)   ObjectSynchronizer Weak        Min:  0.0, Avg:  0.0, Max:  0.0, Diff:  0.0, Sum:  0.0, Workers: 4
[4373.860s][debug][gc,phases      ] GC(226)     Dead                           Min: 0, Avg:  0.0, Max: 0, Diff: 0, Sum: 0, Workers: 4
[4373.860s][debug][gc,phases      ] GC(226)     Total                          Min: 0, Avg: 121.2, Max: 256, Diff: 256, Sum: 485, Workers: 4
[4373.860s][debug][gc,phases      ] GC(226)   JVMTI Tag Weak OopStorage      Min:  0.0, Avg:  0.0, Max:  0.0, Diff:  0.0, Sum:  0.0, Workers: 4
[4373.860s][debug][gc,phases      ] GC(226)     Dead                           Min: 0, Avg:  0.0, Max: 0, Diff: 0, Sum: 0, Workers: 4
[4373.861s][debug][gc,phases      ] GC(226)     Total                          Min: 0, Avg:  0.0, Max: 0, Diff: 0, Sum: 0, Workers: 4
[4373.861s][debug][gc,phases      ] GC(226)   StringTable Weak               Min:  0.1, Avg:  0.1, Max:  0.1, Diff:  0.0, Sum:  0.3, Workers: 4
[4373.861s][debug][gc,phases      ] GC(226)     Dead                           Min: 0, Avg:  0.0, Max: 0, Diff: 0, Sum: 0, Workers: 4
[4373.861s][debug][gc,phases      ] GC(226)     Total                          Min: 11699, Avg: 12060.8, Max: 12544, Diff: 845, Sum: 48243, Workers: 4
[4373.861s][debug][gc,phases      ] GC(226)   ResolvedMethodTable Weak       Min:  0.0, Avg:  0.0, Max:  0.0, Diff:  0.0, Sum:  0.1, Workers: 4
[4373.861s][debug][gc,phases      ] GC(226)     Dead                           Min: 0, Avg:  0.0, Max: 0, Diff: 0, Sum: 0, Workers: 4
[4373.861s][debug][gc,phases      ] GC(226)     Total                          Min: 1967, Avg: 2043.8, Max: 2176, Diff: 209, Sum: 8175, Workers: 4
[4373.861s][debug][gc,phases      ] GC(226)   JNI Weak                       Min:  0.0, Avg:  0.0, Max:  0.0, Diff:  0.0, Sum:  0.0, Workers: 4
[4373.861s][debug][gc,phases      ] GC(226)     Dead                           Min: 0, Avg:  0.0, Max: 0, Diff: 0, Sum: 0, Workers: 4
[4373.861s][debug][gc,phases      ] GC(226)     Total                          Min: 0, Avg:  0.0, Max: 0, Diff: 0, Sum: 0, Workers: 4
[4373.861s][debug][gc,phases      ] GC(226)   StringDedup Table Weak         Min:  0.0, Avg:  0.0, Max:  0.0, Diff:  0.0, Sum:  0.0, Workers: 4
[4373.861s][debug][gc,phases      ] GC(226)     Dead                           Min: 0, Avg:  0.0, Max: 0, Diff: 0, Sum: 0, Workers: 4
[4373.861s][debug][gc,phases      ] GC(226)     Total                          Min: 0, Avg:  0.0, Max: 0, Diff: 0, Sum: 0, Workers: 4
[4373.861s][debug][gc,phases      ] GC(226)   StringDedup Requests0 Weak     Min:  0.0, Avg:  0.0, Max:  0.0, Diff:  0.0, Sum:  0.0, Workers: 4
[4373.861s][debug][gc,phases      ] GC(226)     Dead                           Min: 0, Avg:  0.0, Max: 0, Diff: 0, Sum: 0, Workers: 4
[4373.861s][debug][gc,phases      ] GC(226)     Total                          Min: 0, Avg:  0.0, Max: 0, Diff: 0, Sum: 0, Workers: 4
[4373.861s][debug][gc,phases      ] GC(226)   StringDedup Requests1 Weak     Min:  0.0, Avg:  0.0, Max:  0.0, Diff:  0.0, Sum:  0.0, Workers: 4
[4373.861s][debug][gc,phases      ] GC(226)     Dead                           Min: 0, Avg:  0.0, Max: 0, Diff: 0, Sum: 0, Workers: 4
[4373.861s][debug][gc,phases      ] GC(226)     Total                          Min: 0, Avg:  0.0, Max: 0, Diff: 0, Sum: 0, Workers: 4
[4373.861s][debug][gc,phases      ] GC(226)   Weak JFR Old Object Samples    Min:  0.0, Avg:  0.0, Max:  0.0, Diff:  0.0, Sum:  0.0, Workers: 4
[4373.861s][debug][gc,phases      ] GC(226)     Dead                           Min: 0, Avg:  0.0, Max: 0, Diff: 0, Sum: 0, Workers: 4
[4373.861s][debug][gc,phases      ] GC(226)     Total                          Min: 0, Avg:  0.0, Max: 0, Diff: 0, Sum: 0, Workers: 4
[4373.861s][debug][gc,phases      ] GC(226) Weak Processing 0.241ms
[4373.861s][debug][gc,age         ] GC(226) Desired survivor size 58720256 bytes, new threshold 14 (max threshold 15)
[4373.861s][info ][gc,heap        ] GC(226) PSYoungGen: 2030960K(2050560K)->46581K(2049024K) Eden: 2002432K(2002432K)->0K(2002432K) From: 28528K(48128K)->46581K(46592K)
[4373.861s][info ][gc,heap        ] GC(226) ParOldGen: 455011K(475648K)->469025K(475648K)
[4373.861s][info ][gc,metaspace   ] GC(226) Metaspace: 81630K(82432K)->81630K(82432K) NonClass: 70220K(70656K)->70220K(70656K) Class: 11410K(11776K)->11410K(11776K)
[4373.861s][info ][gc             ] GC(226) Pause Young (Allocation Failure) 2427M->503M(2465M) 19.396ms
[4373.861s][info ][gc,cpu         ] GC(226) User=0.06s Sys=0.02s Real=0.01s
[4373.861s][info ][safepoint      ] Safepoint "ParallelGCFailedAllocation", Time since last: 1704404161 ns, Reaching safepoint: 97800 ns, At safepoint: 19489493 ns, Total: 19587293 ns
[4377.861s][info ][safepoint      ] Safepoint "Cleanup", Time since last: 4000275418 ns, Reaching safepoint: 54100 ns, At safepoint: 10000 ns, Total: 64100 ns
[4385.862s][info ][safepoint      ] Safepoint "Cleanup", Time since last: 8000618034 ns, Reaching safepoint: 44500 ns, At safepoint: 2600 ns, Total: 47100 ns
[4389.862s][info ][safepoint      ] Safepoint "Cleanup", Time since last: 4000297015 ns, Reaching safepoint: 30400 ns, At safepoint: 3200 ns, Total: 33600 ns
[4395.862s][info ][safepoint      ] Safepoint "Cleanup", Time since last: 6000415771 ns, Reaching safepoint: 43200 ns, At safepoint: 7300 ns, Total: 50500 ns
[4397.863s][info ][safepoint      ] Safepoint "Cleanup", Time since last: 2000193456 ns, Reaching safepoint: 52801 ns, At safepoint: 7400 ns, Total: 60201 ns
[4402.644s][info ][gc,start       ] GC(227) Pause Young (Allocation Failure)
[4402.660s][debug][gc,phases      ] GC(227) Scavenge 16.199ms
[4402.660s][debug][gc,ref         ] GC(227) Skipped phase 1 of Reference Processing: no references
[4402.660s][debug][gc,ref         ] GC(227) ReferenceProcessor::execute queues: 1, RefProcThreadModel::Single, marks_oops_alive: false
[4402.660s][debug][gc,ref         ] GC(227) Skipped phase 3 of Reference Processing: no references
[4402.660s][debug][gc,ref         ] GC(227) ReferenceProcessor::execute queues: 1, RefProcThreadModel::Single, marks_oops_alive: false
[4402.660s][debug][gc,phases      ] GC(227) Reference Processing 0.098ms
[4402.660s][debug][gc,phases      ] GC(227)   VM Weak                        Min:  0.0, Avg:  0.0, Max:  0.0, Diff:  0.0, Sum:  0.0, Workers: 4
[4402.660s][debug][gc,phases      ] GC(227)     Dead                           Min: 0, Avg:  0.0, Max: 0, Diff: 0, Sum: 0, Workers: 4
[4402.660s][debug][gc,phases      ] GC(227)     Total                          Min: 0, Avg: 164.0, Max: 656, Diff: 656, Sum: 656, Workers: 4
[4402.660s][debug][gc,phases      ] GC(227)   ObjectSynchronizer Weak        Min:  0.0, Avg:  0.0, Max:  0.0, Diff:  0.0, Sum:  0.0, Workers: 4
[4402.660s][debug][gc,phases      ] GC(227)     Dead                           Min: 0, Avg:  0.0, Max: 0, Diff: 0, Sum: 0, Workers: 4
[4402.660s][debug][gc,phases      ] GC(227)     Total                          Min: 0, Avg: 121.2, Max: 384, Diff: 384, Sum: 485, Workers: 4
[4402.660s][debug][gc,phases      ] GC(227)   JVMTI Tag Weak OopStorage      Min:  0.0, Avg:  0.0, Max:  0.0, Diff:  0.0, Sum:  0.0, Workers: 4
[4402.660s][debug][gc,phases      ] GC(227)     Dead                           Min: 0, Avg:  0.0, Max: 0, Diff: 0, Sum: 0, Workers: 4
[4402.660s][debug][gc,phases      ] GC(227)     Total                          Min: 0, Avg:  0.0, Max: 0, Diff: 0, Sum: 0, Workers: 4
[4402.660s][debug][gc,phases      ] GC(227)   StringTable Weak               Min:  0.1, Avg:  0.1, Max:  0.1, Diff:  0.0, Sum:  0.3, Workers: 4
[4402.660s][debug][gc,phases      ] GC(227)     Dead                           Min: 0, Avg:  0.0, Max: 0, Diff: 0, Sum: 0, Workers: 4
[4402.660s][debug][gc,phases      ] GC(227)     Total                          Min: 11508, Avg: 12061.0, Max: 12608, Diff: 1100, Sum: 48244, Workers: 4
[4402.660s][debug][gc,phases      ] GC(227)   ResolvedMethodTable Weak       Min:  0.0, Avg:  0.0, Max:  0.0, Diff:  0.0, Sum:  0.1, Workers: 4
[4402.660s][debug][gc,phases      ] GC(227)     Dead                           Min: 0, Avg:  0.0, Max: 0, Diff: 0, Sum: 0, Workers: 4
[4402.660s][debug][gc,phases      ] GC(227)     Total                          Min: 1984, Avg: 2043.8, Max: 2095, Diff: 111, Sum: 8175, Workers: 4
[4402.660s][debug][gc,phases      ] GC(227)   JNI Weak                       Min:  0.0, Avg:  0.0, Max:  0.0, Diff:  0.0, Sum:  0.0, Workers: 4
[4402.660s][debug][gc,phases      ] GC(227)     Dead                           Min: 0, Avg:  0.0, Max: 0, Diff: 0, Sum: 0, Workers: 4
[4402.660s][debug][gc,phases      ] GC(227)     Total                          Min: 0, Avg:  0.0, Max: 0, Diff: 0, Sum: 0, Workers: 4
[4402.660s][debug][gc,phases      ] GC(227)   StringDedup Table Weak         Min:  0.0, Avg:  0.0, Max:  0.0, Diff:  0.0, Sum:  0.0, Workers: 4
[4402.660s][debug][gc,phases      ] GC(227)     Dead                           Min: 0, Avg:  0.0, Max: 0, Diff: 0, Sum: 0, Workers: 4
[4402.660s][debug][gc,phases      ] GC(227)     Total                          Min: 0, Avg:  0.0, Max: 0, Diff: 0, Sum: 0, Workers: 4
[4402.660s][debug][gc,phases      ] GC(227)   StringDedup Requests0 Weak     Min:  0.0, Avg:  0.0, Max:  0.0, Diff:  0.0, Sum:  0.0, Workers: 4
[4402.660s][debug][gc,phases      ] GC(227)     Dead                           Min: 0, Avg:  0.0, Max: 0, Diff: 0, Sum: 0, Workers: 4
[4402.660s][debug][gc,phases      ] GC(227)     Total                          Min: 0, Avg:  0.0, Max: 0, Diff: 0, Sum: 0, Workers: 4
[4402.660s][debug][gc,phases      ] GC(227)   StringDedup Requests1 Weak     Min:  0.0, Avg:  0.0, Max:  0.0, Diff:  0.0, Sum:  0.0, Workers: 4
[4402.660s][debug][gc,phases      ] GC(227)     Dead                           Min: 0, Avg:  0.0, Max: 0, Diff: 0, Sum: 0, Workers: 4
[4402.660s][debug][gc,phases      ] GC(227)     Total                          Min: 0, Avg:  0.0, Max: 0, Diff: 0, Sum: 0, Workers: 4
[4402.660s][debug][gc,phases      ] GC(227)   Weak JFR Old Object Samples    Min:  0.0, Avg:  0.0, Max:  0.0, Diff:  0.0, Sum:  0.0, Workers: 4
[4402.660s][debug][gc,phases      ] GC(227)     Dead                           Min: 0, Avg:  0.0, Max: 0, Diff: 0, Sum: 0, Workers: 4
[4402.660s][debug][gc,phases      ] GC(227)     Total                          Min: 0, Avg:  0.0, Max: 0, Diff: 0, Sum: 0, Workers: 4
[4402.660s][debug][gc,phases      ] GC(227) Weak Processing 0.245ms
[4402.660s][debug][gc,age         ] GC(227) Desired survivor size 68157440 bytes, new threshold 13 (max threshold 15)
[4402.661s][info ][gc,heap        ] GC(227) PSYoungGen: 2049013K(2049024K)->48101K(2012160K) Eden: 2002432K(2002432K)->0K(1964032K) From: 46581K(46592K)->48101K(48128K)
[4402.661s][info ][gc,heap        ] GC(227) ParOldGen: 469025K(475648K)->483025K(483328K)
[4402.661s][info ][gc,metaspace   ] GC(227) Metaspace: 81630K(82432K)->81630K(82432K) NonClass: 70220K(70656K)->70220K(70656K) Class: 11410K(11776K)->11410K(11776K)
[4402.661s][info ][gc             ] GC(227) Pause Young (Allocation Failure) 2459M->518M(2437M) 16.661ms
[4402.661s][info ][gc,cpu         ] GC(227) User=0.07s Sys=0.00s Real=0.01s
[4402.661s][debug][gc,phases      ] GC(228) Pre Compact 0.009ms
[4402.661s][info ][gc,start       ] GC(228) Pause Full (Ergonomics)
[4402.661s][info ][gc,phases,start] GC(228) Marking Phase
[4402.765s][debug][gc,phases      ] GC(228) Par Mark 104.002ms
[4402.765s][debug][gc,ref         ] GC(228) ReferenceProcessor::execute queues: 4, RefProcThreadModel::Multi, marks_oops_alive: true
[4402.765s][debug][gc,ref         ] GC(228) ReferenceProcessor::execute queues: 4, RefProcThreadModel::Multi, marks_oops_alive: false
[4402.766s][debug][gc,ref         ] GC(228) Skipped phase 3 of Reference Processing: no references
[4402.766s][debug][gc,ref         ] GC(228) ReferenceProcessor::execute queues: 1, RefProcThreadModel::Single, marks_oops_alive: false
[4402.766s][debug][gc,phases      ] GC(228) Reference Processing 1.053ms
[4402.766s][debug][gc,phases      ] GC(228)   VM Weak                        Min:  0.0, Avg:  0.0, Max:  0.0, Diff:  0.0, Sum:  0.0, Workers: 4
[4402.766s][debug][gc,phases      ] GC(228)     Dead                           Min: 0, Avg: 36.5, Max: 72, Diff: 72, Sum: 146, Workers: 4
[4402.766s][debug][gc,phases      ] GC(228)     Total                          Min: 0, Avg: 164.0, Max: 272, Diff: 272, Sum: 656, Workers: 4
[4402.766s][debug][gc,phases      ] GC(228)   ObjectSynchronizer Weak        Min:  0.0, Avg:  0.0, Max:  0.0, Diff:  0.0, Sum:  0.0, Workers: 4
[4402.766s][debug][gc,phases      ] GC(228)     Dead                           Min: 0, Avg:  0.5, Max: 2, Diff: 2, Sum: 2, Workers: 4
[4402.766s][debug][gc,phases      ] GC(228)     Total                          Min: 64, Avg: 121.2, Max: 192, Diff: 128, Sum: 485, Workers: 4
[4402.766s][debug][gc,phases      ] GC(228)   JVMTI Tag Weak OopStorage      Min:  0.0, Avg:  0.0, Max:  0.0, Diff:  0.0, Sum:  0.0, Workers: 4
[4402.766s][debug][gc,phases      ] GC(228)     Dead                           Min: 0, Avg:  0.0, Max: 0, Diff: 0, Sum: 0, Workers: 4
[4402.766s][debug][gc,phases      ] GC(228)     Total                          Min: 0, Avg:  0.0, Max: 0, Diff: 0, Sum: 0, Workers: 4
[4402.766s][debug][gc,phases      ] GC(228)   StringTable Weak               Min:  0.2, Avg:  0.2, Max:  0.2, Diff:  0.0, Sum:  0.6, Workers: 4
[4402.766s][debug][gc,phases      ] GC(228)     Dead                           Min: 81, Avg: 299.5, Max: 597, Diff: 516, Sum: 1198, Workers: 4
[4402.766s][debug][gc,phases      ] GC(228)     Total                          Min: 11008, Avg: 12061.0, Max: 12980, Diff: 1972, Sum: 48244, Workers: 4
[4402.766s][debug][gc,phases      ] GC(228)   ResolvedMethodTable Weak       Min:  0.0, Avg:  0.0, Max:  0.0, Diff:  0.0, Sum:  0.1, Workers: 4
[4402.766s][debug][gc,phases      ] GC(228)     Dead                           Min: 10, Avg: 35.0, Max: 55, Diff: 45, Sum: 140, Workers: 4
[4402.766s][debug][gc,phases      ] GC(228)     Total                          Min: 1856, Avg: 2043.8, Max: 2223, Diff: 367, Sum: 8175, Workers: 4
[4402.766s][debug][gc,phases      ] GC(228)   JNI Weak                       Min:  0.0, Avg:  0.0, Max:  0.0, Diff:  0.0, Sum:  0.0, Workers: 4
[4402.766s][debug][gc,phases      ] GC(228)     Dead                           Min: 0, Avg:  0.0, Max: 0, Diff: 0, Sum: 0, Workers: 4
[4402.766s][debug][gc,phases      ] GC(228)     Total                          Min: 0, Avg:  0.0, Max: 0, Diff: 0, Sum: 0, Workers: 4
[4402.766s][debug][gc,phases      ] GC(228)   StringDedup Table Weak         Min:  0.0, Avg:  0.0, Max:  0.0, Diff:  0.0, Sum:  0.0, Workers: 4
[4402.766s][debug][gc,phases      ] GC(228)     Dead                           Min: 0, Avg:  0.0, Max: 0, Diff: 0, Sum: 0, Workers: 4
[4402.766s][debug][gc,phases      ] GC(228)     Total                          Min: 0, Avg:  0.0, Max: 0, Diff: 0, Sum: 0, Workers: 4
[4402.766s][debug][gc,phases      ] GC(228)   StringDedup Requests0 Weak     Min:  0.0, Avg:  0.0, Max:  0.0, Diff:  0.0, Sum:  0.0, Workers: 4
[4402.766s][debug][gc,phases      ] GC(228)     Dead                           Min: 0, Avg:  0.0, Max: 0, Diff: 0, Sum: 0, Workers: 4
[4402.766s][debug][gc,phases      ] GC(228)     Total                          Min: 0, Avg:  0.0, Max: 0, Diff: 0, Sum: 0, Workers: 4
[4402.766s][debug][gc,phases      ] GC(228)   StringDedup Requests1 Weak     Min:  0.0, Avg:  0.0, Max:  0.0, Diff:  0.0, Sum:  0.0, Workers: 4
[4402.766s][debug][gc,phases      ] GC(228)     Dead                           Min: 0, Avg:  0.0, Max: 0, Diff: 0, Sum: 0, Workers: 4
[4402.766s][debug][gc,phases      ] GC(228)     Total                          Min: 0, Avg:  0.0, Max: 0, Diff: 0, Sum: 0, Workers: 4
[4402.766s][debug][gc,phases      ] GC(228)   Weak JFR Old Object Samples    Min:  0.0, Avg:  0.0, Max:  0.0, Diff:  0.0, Sum:  0.0, Workers: 4
[4402.766s][debug][gc,phases      ] GC(228)     Dead                           Min: 0, Avg:  0.0, Max: 0, Diff: 0, Sum: 0, Workers: 4
[4402.766s][debug][gc,phases      ] GC(228)     Total                          Min: 0, Avg:  0.0, Max: 0, Diff: 0, Sum: 0, Workers: 4
[4402.766s][debug][gc,phases      ] GC(228) Weak Processing 0.328ms
[4402.767s][debug][gc,phases      ] GC(228) ClassLoaderData 0.581ms
[4402.767s][debug][gc,phases      ] GC(228) Trigger cleanups 0.001ms
[4402.791s][debug][gc,phases      ] GC(228) Class Unloading 24.704ms
[4402.791s][info ][gc,phases      ] GC(228) Marking Phase 130.250ms
[4402.791s][info ][gc,phases,start] GC(228) Summary Phase
[4402.791s][info ][gc,phases      ] GC(228) Summary Phase 0.025ms
[4402.791s][info ][gc,phases,start] GC(228) Adjust Roots
[4402.802s][info ][gc,phases      ] GC(228) Adjust Roots 10.716ms
[4402.802s][info ][gc,phases,start] GC(228) Compaction Phase
[4402.877s][info ][gc,phases      ] GC(228) Compaction Phase 75.272ms
[4402.877s][info ][gc,phases,start] GC(228) Post Compact
[4402.878s][info ][gc,phases      ] GC(228) Post Compact 1.201ms
[4402.878s][info ][gc,heap        ] GC(228) PSYoungGen: 48101K(2012160K)->0K(2030592K) Eden: 0K(1964032K)->0K(1964032K) From: 48101K(48128K)->0K(66560K)
[4402.878s][info ][gc,heap        ] GC(228) ParOldGen: 483025K(483328K)->447953K(548864K)
[4402.878s][info ][gc,metaspace   ] GC(228) Metaspace: 81630K(82432K)->81310K(82432K) NonClass: 70220K(70656K)->69974K(70656K) Class: 11410K(11776K)->11335K(11776K)
[4402.878s][info ][gc             ] GC(228) Pause Full (Ergonomics) 518M->437M(2519M) 217.679ms
[4402.878s][info ][gc,cpu         ] GC(228) User=0.75s Sys=0.00s Real=0.22s
[4402.878s][info ][safepoint      ] Safepoint "ParallelGCFailedAllocation", Time since last: 4781071502 ns, Reaching safepoint: 37001 ns, At safepoint: 234485608 ns, Total: 234522609 ns
[4417.879s][info ][safepoint      ] Safepoint "Cleanup", Time since last: 15001049408 ns, Reaching safepoint: 45201 ns, At safepoint: 4000 ns, Total: 49201 ns
[4423.880s][info ][safepoint      ] Safepoint "Cleanup", Time since last: 6000432159 ns, Reaching safepoint: 39300 ns, At safepoint: 3700 ns, Total: 43000 ns
[4435.741s][info ][gc,start       ] GC(229) Pause Young (Allocation Failure)
[4435.743s][debug][gc,phases      ] GC(229) Scavenge 1.536ms
[4435.743s][debug][gc,ref         ] GC(229) Skipped phase 1 of Reference Processing: no references
[4435.743s][debug][gc,ref         ] GC(229) Skipped phase 2 of Reference Processing: no references
[4435.743s][debug][gc,ref         ] GC(229) Skipped phase 3 of Reference Processing: no references
[4435.743s][debug][gc,ref         ] GC(229) Skipped phase 4 of Reference Processing: no references
[4435.743s][debug][gc,phases      ] GC(229) Reference Processing 0.019ms
[4435.743s][debug][gc,phases      ] GC(229)   VM Weak                        Min:  0.0, Avg:  0.0, Max:  0.0, Diff:  0.0, Sum:  0.0, Workers: 4
[4435.743s][debug][gc,phases      ] GC(229)     Dead                           Min: 0, Avg:  0.0, Max: 0, Diff: 0, Sum: 0, Workers: 4
[4435.743s][debug][gc,phases      ] GC(229)     Total                          Min: 0, Avg: 127.5, Max: 510, Diff: 510, Sum: 510, Workers: 4
[4435.743s][debug][gc,phases      ] GC(229)   ObjectSynchronizer Weak        Min:  0.0, Avg:  0.0, Max:  0.0, Diff:  0.0, Sum:  0.0, Workers: 4
[4435.743s][debug][gc,phases      ] GC(229)     Dead                           Min: 0, Avg:  0.0, Max: 0, Diff: 0, Sum: 0, Workers: 4
[4435.743s][debug][gc,phases      ] GC(229)     Total                          Min: 0, Avg: 121.2, Max: 384, Diff: 384, Sum: 485, Workers: 4
[4435.743s][debug][gc,phases      ] GC(229)   JVMTI Tag Weak OopStorage      Min:  0.0, Avg:  0.0, Max:  0.0, Diff:  0.0, Sum:  0.0, Workers: 4
[4435.743s][debug][gc,phases      ] GC(229)     Dead                           Min: 0, Avg:  0.0, Max: 0, Diff: 0, Sum: 0, Workers: 4
[4435.743s][debug][gc,phases      ] GC(229)     Total                          Min: 0, Avg:  0.0, Max: 0, Diff: 0, Sum: 0, Workers: 4
[4435.743s][debug][gc,phases      ] GC(229)   StringTable Weak               Min:  0.1, Avg:  0.1, Max:  0.1, Diff:  0.0, Sum:  0.3, Workers: 4
[4435.743s][debug][gc,phases      ] GC(229)     Dead                           Min: 0, Avg:  0.0, Max: 0, Diff: 0, Sum: 0, Workers: 4
[4435.743s][debug][gc,phases      ] GC(229)     Total                          Min: 10560, Avg: 12061.0, Max: 13056, Diff: 2496, Sum: 48244, Workers: 4
[4435.743s][debug][gc,phases      ] GC(229)   ResolvedMethodTable Weak       Min:  0.0, Avg:  0.0, Max:  0.0, Diff:  0.0, Sum:  0.1, Workers: 4
[4435.743s][debug][gc,phases      ] GC(229)     Dead                           Min: 0, Avg:  0.0, Max: 0, Diff: 0, Sum: 0, Workers: 4
[4435.743s][debug][gc,phases      ] GC(229)     Total                          Min: 1984, Avg: 2043.8, Max: 2159, Diff: 175, Sum: 8175, Workers: 4
[4435.743s][debug][gc,phases      ] GC(229)   JNI Weak                       Min:  0.0, Avg:  0.0, Max:  0.0, Diff:  0.0, Sum:  0.0, Workers: 4
[4435.743s][debug][gc,phases      ] GC(229)     Dead                           Min: 0, Avg:  0.0, Max: 0, Diff: 0, Sum: 0, Workers: 4
[4435.743s][debug][gc,phases      ] GC(229)     Total                          Min: 0, Avg:  0.0, Max: 0, Diff: 0, Sum: 0, Workers: 4
[4435.743s][debug][gc,phases      ] GC(229)   StringDedup Table Weak         Min:  0.0, Avg:  0.0, Max:  0.0, Diff:  0.0, Sum:  0.0, Workers: 4
[4435.743s][debug][gc,phases      ] GC(229)     Dead                           Min: 0, Avg:  0.0, Max: 0, Diff: 0, Sum: 0, Workers: 4
[4435.743s][debug][gc,phases      ] GC(229)     Total                          Min: 0, Avg:  0.0, Max: 0, Diff: 0, Sum: 0, Workers: 4
[4435.743s][debug][gc,phases      ] GC(229)   StringDedup Requests0 Weak     Min:  0.0, Avg:  0.0, Max:  0.0, Diff:  0.0, Sum:  0.0, Workers: 4
[4435.743s][debug][gc,phases      ] GC(229)     Dead                           Min: 0, Avg:  0.0, Max: 0, Diff: 0, Sum: 0, Workers: 4
[4435.743s][debug][gc,phases      ] GC(229)     Total                          Min: 0, Avg:  0.0, Max: 0, Diff: 0, Sum: 0, Workers: 4
[4435.743s][debug][gc,phases      ] GC(229)   StringDedup Requests1 Weak     Min:  0.0, Avg:  0.0, Max:  0.0, Diff:  0.0, Sum:  0.0, Workers: 4
[4435.743s][debug][gc,phases      ] GC(229)     Dead                           Min: 0, Avg:  0.0, Max: 0, Diff: 0, Sum: 0, Workers: 4
[4435.743s][debug][gc,phases      ] GC(229)     Total                          Min: 0, Avg:  0.0, Max: 0, Diff: 0, Sum: 0, Workers: 4
[4435.743s][debug][gc,phases      ] GC(229)   Weak JFR Old Object Samples    Min:  0.0, Avg:  0.0, Max:  0.0, Diff:  0.0, Sum:  0.0, Workers: 4
[4435.743s][debug][gc,phases      ] GC(229)     Dead                           Min: 0, Avg:  0.0, Max: 0, Diff: 0, Sum: 0, Workers: 4
[4435.743s][debug][gc,phases      ] GC(229)     Total                          Min: 0, Avg:  0.0, Max: 0, Diff: 0, Sum: 0, Workers: 4
[4435.743s][debug][gc,phases      ] GC(229) Weak Processing 0.258ms
[4435.743s][debug][gc,age         ] GC(229) Desired survivor size 70254592 bytes, new threshold 14 (max threshold 15)
[4435.743s][info ][gc,heap        ] GC(229) PSYoungGen: 1964032K(2030592K)->480K(2026496K) Eden: 1964032K(1964032K)->0K(1959936K) From: 0K(66560K)->480K(66560K)
[4435.743s][info ][gc,heap        ] GC(229) ParOldGen: 447953K(548864K)->447953K(548864K)
[4435.743s][info ][gc,metaspace   ] GC(229) Metaspace: 81310K(82432K)->81310K(82432K) NonClass: 69974K(70656K)->69974K(70656K) Class: 11335K(11776K)->11335K(11776K)
[4435.743s][info ][gc             ] GC(229) Pause Young (Allocation Failure) 2355M->437M(2515M) 1.902ms
[4435.743s][info ][gc,cpu         ] GC(229) User=0.01s Sys=0.00s Real=0.00s
[4435.743s][info ][safepoint      ] Safepoint "ParallelGCFailedAllocation", Time since last: 11861283552 ns, Reaching safepoint: 96501 ns, At safepoint: 1974009 ns, Total: 2070510 ns
[4446.744s][info ][safepoint      ] Safepoint "Cleanup", Time since last: 11000748378 ns, Reaching safepoint: 65000 ns, At safepoint: 6200 ns, Total: 71200 ns
[4449.744s][info ][safepoint      ] Safepoint "Cleanup", Time since last: 3000231574 ns, Reaching safepoint: 102101 ns, At safepoint: 13000 ns, Total: 115101 ns
[4461.745s][info ][safepoint      ] Safepoint "Cleanup", Time since last: 12000825992 ns, Reaching safepoint: 49200 ns, At safepoint: 5300 ns, Total: 54500 ns
[4467.746s][info ][safepoint      ] Safepoint "Cleanup", Time since last: 6000415243 ns, Reaching safepoint: 37500 ns, At safepoint: 2900 ns, Total: 40400 ns
[4467.844s][info ][gc,start       ] GC(230) Pause Young (Allocation Failure)
[4467.846s][debug][gc,phases      ] GC(230) Scavenge 1.767ms
[4467.846s][debug][gc,ref         ] GC(230) Skipped phase 1 of Reference Processing: no references
[4467.846s][debug][gc,ref         ] GC(230) ReferenceProcessor::execute queues: 1, RefProcThreadModel::Single, marks_oops_alive: false
[4467.846s][debug][gc,ref         ] GC(230) Skipped phase 3 of Reference Processing: no references
[4467.846s][debug][gc,ref         ] GC(230) ReferenceProcessor::execute queues: 1, RefProcThreadModel::Single, marks_oops_alive: false
[4467.846s][debug][gc,phases      ] GC(230) Reference Processing 0.109ms
[4467.846s][debug][gc,phases      ] GC(230)   VM Weak                        Min:  0.0, Avg:  0.0, Max:  0.0, Diff:  0.0, Sum:  0.0, Workers: 4
[4467.846s][debug][gc,phases      ] GC(230)     Dead                           Min: 0, Avg:  0.0, Max: 0, Diff: 0, Sum: 0, Workers: 4
[4467.846s][debug][gc,phases      ] GC(230)     Total                          Min: 0, Avg: 127.5, Max: 356, Diff: 356, Sum: 510, Workers: 4
[4467.846s][debug][gc,phases      ] GC(230)   ObjectSynchronizer Weak        Min:  0.0, Avg:  0.0, Max:  0.0, Diff:  0.0, Sum:  0.0, Workers: 4
[4467.846s][debug][gc,phases      ] GC(230)     Dead                           Min: 0, Avg:  0.0, Max: 0, Diff: 0, Sum: 0, Workers: 4
[4467.846s][debug][gc,phases      ] GC(230)     Total                          Min: 0, Avg: 121.2, Max: 229, Diff: 229, Sum: 485, Workers: 4
[4467.846s][debug][gc,phases      ] GC(230)   JVMTI Tag Weak OopStorage      Min:  0.0, Avg:  0.0, Max:  0.0, Diff:  0.0, Sum:  0.0, Workers: 4
[4467.846s][debug][gc,phases      ] GC(230)     Dead                           Min: 0, Avg:  0.0, Max: 0, Diff: 0, Sum: 0, Workers: 4
[4467.846s][debug][gc,phases      ] GC(230)     Total                          Min: 0, Avg:  0.0, Max: 0, Diff: 0, Sum: 0, Workers: 4
[4467.846s][debug][gc,phases      ] GC(230)   StringTable Weak               Min:  0.1, Avg:  0.1, Max:  0.1, Diff:  0.0, Sum:  0.3, Workers: 4
[4467.846s][debug][gc,phases      ] GC(230)     Dead                           Min: 0, Avg:  0.0, Max: 0, Diff: 0, Sum: 0, Workers: 4
[4467.846s][debug][gc,phases      ] GC(230)     Total                          Min: 9205, Avg: 12061.2, Max: 15168, Diff: 5963, Sum: 48245, Workers: 4
[4467.846s][debug][gc,phases      ] GC(230)   ResolvedMethodTable Weak       Min:  0.0, Avg:  0.0, Max:  0.0, Diff:  0.0, Sum:  0.1, Workers: 4
[4467.846s][debug][gc,phases      ] GC(230)     Dead                           Min: 0, Avg:  0.0, Max: 0, Diff: 0, Sum: 0, Workers: 4
[4467.846s][debug][gc,phases      ] GC(230)     Total                          Min: 1600, Avg: 2044.2, Max: 2496, Diff: 896, Sum: 8177, Workers: 4
[4467.846s][debug][gc,phases      ] GC(230)   JNI Weak                       Min:  0.0, Avg:  0.0, Max:  0.0, Diff:  0.0, Sum:  0.0, Workers: 4
[4467.846s][debug][gc,phases      ] GC(230)     Dead                           Min: 0, Avg:  0.0, Max: 0, Diff: 0, Sum: 0, Workers: 4
[4467.846s][debug][gc,phases      ] GC(230)     Total                          Min: 0, Avg:  0.0, Max: 0, Diff: 0, Sum: 0, Workers: 4
[4467.846s][debug][gc,phases      ] GC(230)   StringDedup Table Weak         Min:  0.0, Avg:  0.0, Max:  0.0, Diff:  0.0, Sum:  0.0, Workers: 4
[4467.846s][debug][gc,phases      ] GC(230)     Dead                           Min: 0, Avg:  0.0, Max: 0, Diff: 0, Sum: 0, Workers: 4
[4467.846s][debug][gc,phases      ] GC(230)     Total                          Min: 0, Avg:  0.0, Max: 0, Diff: 0, Sum: 0, Workers: 4
[4467.846s][debug][gc,phases      ] GC(230)   StringDedup Requests0 Weak     Min:  0.0, Avg:  0.0, Max:  0.0, Diff:  0.0, Sum:  0.0, Workers: 4
[4467.846s][debug][gc,phases      ] GC(230)     Dead                           Min: 0, Avg:  0.0, Max: 0, Diff: 0, Sum: 0, Workers: 4
[4467.846s][debug][gc,phases      ] GC(230)     Total                          Min: 0, Avg:  0.0, Max: 0, Diff: 0, Sum: 0, Workers: 4
[4467.846s][debug][gc,phases      ] GC(230)   StringDedup Requests1 Weak     Min:  0.0, Avg:  0.0, Max:  0.0, Diff:  0.0, Sum:  0.0, Workers: 4
[4467.846s][debug][gc,phases      ] GC(230)     Dead                           Min: 0, Avg:  0.0, Max: 0, Diff: 0, Sum: 0, Workers: 4
[4467.846s][debug][gc,phases      ] GC(230)     Total                          Min: 0, Avg:  0.0, Max: 0, Diff: 0, Sum: 0, Workers: 4
[4467.846s][debug][gc,phases      ] GC(230)   Weak JFR Old Object Samples    Min:  0.0, Avg:  0.0, Max:  0.0, Diff:  0.0, Sum:  0.0, Workers: 4
[4467.846s][debug][gc,phases      ] GC(230)     Dead                           Min: 0, Avg:  0.0, Max: 0, Diff: 0, Sum: 0, Workers: 4
[4467.846s][debug][gc,phases      ] GC(230)     Total                          Min: 0, Avg:  0.0, Max: 0, Diff: 0, Sum: 0, Workers: 4
[4467.846s][debug][gc,phases      ] GC(230) Weak Processing 0.266ms
[4467.846s][debug][gc,age         ] GC(230) Desired survivor size 71303168 bytes, new threshold 15 (max threshold 15)
[4467.846s][info ][gc,heap        ] GC(230) PSYoungGen: 1960416K(2026496K)->624K(1960960K) Eden: 1959936K(1959936K)->0K(1959936K) From: 480K(66560K)->624K(1024K)
[4467.846s][info ][gc,heap        ] GC(230) ParOldGen: 447953K(548864K)->447953K(548864K)
[4467.846s][info ][gc,metaspace   ] GC(230) Metaspace: 81346K(82432K)->81346K(82432K) NonClass: 70010K(70656K)->70010K(70656K) Class: 11336K(11776K)->11336K(11776K)
[4467.846s][info ][gc             ] GC(230) Pause Young (Allocation Failure) 2351M->438M(2451M) 2.225ms
[4467.846s][info ][gc,cpu         ] GC(230) User=0.01s Sys=0.00s Real=0.00s
[4467.846s][info ][safepoint      ] Safepoint "ParallelGCFailedAllocation", Time since last: 98424565 ns, Reaching safepoint: 25900 ns, At safepoint: 2289511 ns, Total: 2315411 ns
[4480.847s][info ][safepoint      ] Safepoint "Cleanup", Time since last: 13000924202 ns, Reaching safepoint: 62401 ns, At safepoint: 8200 ns, Total: 70601 ns
[4482.848s][info ][safepoint      ] Safepoint "Cleanup", Time since last: 2000190946 ns, Reaching safepoint: 42500 ns, At safepoint: 3100 ns, Total: 45600 ns
[4486.848s][info ][safepoint      ] Safepoint "Cleanup", Time since last: 4000264990 ns, Reaching safepoint: 47300 ns, At safepoint: 4201 ns, Total: 51501 ns
[4490.848s][info ][safepoint      ] Safepoint "Cleanup", Time since last: 4000284489 ns, Reaching safepoint: 41600 ns, At safepoint: 6100 ns, Total: 47700 ns
[4491.849s][info ][safepoint      ] Safepoint "Cleanup", Time since last: 1000096223 ns, Reaching safepoint: 45000 ns, At safepoint: 3500 ns, Total: 48500 ns
[4492.849s][info ][safepoint      ] Safepoint "Cleanup", Time since last: 1000098522 ns, Reaching safepoint: 40201 ns, At safepoint: 2700 ns, Total: 42901 ns
[4493.849s][info ][safepoint      ] Safepoint "Cleanup", Time since last: 1000093622 ns, Reaching safepoint: 45400 ns, At safepoint: 4600 ns, Total: 50000 ns
[4495.642s][info ][gc,start       ] GC(231) Pause Young (Allocation Failure)
[4495.644s][debug][gc,phases      ] GC(231) Scavenge 1.800ms
[4495.644s][debug][gc,ref         ] GC(231) Skipped phase 1 of Reference Processing: no references
[4495.644s][debug][gc,ref         ] GC(231) ReferenceProcessor::execute queues: 1, RefProcThreadModel::Single, marks_oops_alive: false
[4495.644s][debug][gc,ref         ] GC(231) Skipped phase 3 of Reference Processing: no references
[4495.644s][debug][gc,ref         ] GC(231) ReferenceProcessor::execute queues: 1, RefProcThreadModel::Single, marks_oops_alive: false
[4495.644s][debug][gc,phases      ] GC(231) Reference Processing 0.088ms
[4495.644s][debug][gc,phases      ] GC(231)   VM Weak                        Min:  0.0, Avg:  0.0, Max:  0.0, Diff:  0.0, Sum:  0.0, Workers: 4
[4495.644s][debug][gc,phases      ] GC(231)     Dead                           Min: 0, Avg:  0.0, Max: 0, Diff: 0, Sum: 0, Workers: 4
[4495.644s][debug][gc,phases      ] GC(231)     Total                          Min: 0, Avg: 129.8, Max: 366, Diff: 366, Sum: 519, Workers: 4
[4495.644s][debug][gc,phases      ] GC(231)   ObjectSynchronizer Weak        Min:  0.0, Avg:  0.0, Max:  0.0, Diff:  0.0, Sum:  0.0, Workers: 4
[4495.644s][debug][gc,phases      ] GC(231)     Dead                           Min: 0, Avg:  0.0, Max: 0, Diff: 0, Sum: 0, Workers: 4
[4495.644s][debug][gc,phases      ] GC(231)     Total                          Min: 0, Avg: 121.2, Max: 293, Diff: 293, Sum: 485, Workers: 4
[4495.644s][debug][gc,phases      ] GC(231)   JVMTI Tag Weak OopStorage      Min:  0.0, Avg:  0.0, Max:  0.0, Diff:  0.0, Sum:  0.0, Workers: 4
[4495.644s][debug][gc,phases      ] GC(231)     Dead                           Min: 0, Avg:  0.0, Max: 0, Diff: 0, Sum: 0, Workers: 4
[4495.644s][debug][gc,phases      ] GC(231)     Total                          Min: 0, Avg:  0.0, Max: 0, Diff: 0, Sum: 0, Workers: 4
[4495.644s][debug][gc,phases      ] GC(231)   StringTable Weak               Min:  0.1, Avg:  0.1, Max:  0.1, Diff:  0.0, Sum:  0.3, Workers: 4
[4495.644s][debug][gc,phases      ] GC(231)     Dead                           Min: 0, Avg:  0.0, Max: 0, Diff: 0, Sum: 0, Workers: 4
[4495.644s][debug][gc,phases      ] GC(231)     Total                          Min: 8898, Avg: 12064.5, Max: 15168, Diff: 6270, Sum: 48258, Workers: 4
[4495.644s][debug][gc,phases      ] GC(231)   ResolvedMethodTable Weak       Min:  0.0, Avg:  0.0, Max:  0.0, Diff:  0.0, Sum:  0.1, Workers: 4
[4495.644s][debug][gc,phases      ] GC(231)     Dead                           Min: 0, Avg:  0.0, Max: 0, Diff: 0, Sum: 0, Workers: 4
[4495.644s][debug][gc,phases      ] GC(231)     Total                          Min: 1535, Avg: 2046.0, Max: 2556, Diff: 1021, Sum: 8184, Workers: 4
[4495.644s][debug][gc,phases      ] GC(231)   JNI Weak                       Min:  0.0, Avg:  0.0, Max:  0.0, Diff:  0.0, Sum:  0.0, Workers: 4
[4495.644s][debug][gc,phases      ] GC(231)     Dead                           Min: 0, Avg:  0.0, Max: 0, Diff: 0, Sum: 0, Workers: 4
[4495.644s][debug][gc,phases      ] GC(231)     Total                          Min: 0, Avg:  0.0, Max: 0, Diff: 0, Sum: 0, Workers: 4
[4495.644s][debug][gc,phases      ] GC(231)   StringDedup Table Weak         Min:  0.0, Avg:  0.0, Max:  0.0, Diff:  0.0, Sum:  0.0, Workers: 4
[4495.644s][debug][gc,phases      ] GC(231)     Dead                           Min: 0, Avg:  0.0, Max: 0, Diff: 0, Sum: 0, Workers: 4
[4495.644s][debug][gc,phases      ] GC(231)     Total                          Min: 0, Avg:  0.0, Max: 0, Diff: 0, Sum: 0, Workers: 4
[4495.644s][debug][gc,phases      ] GC(231)   StringDedup Requests0 Weak     Min:  0.0, Avg:  0.0, Max:  0.0, Diff:  0.0, Sum:  0.0, Workers: 4
[4495.645s][debug][gc,phases      ] GC(231)     Dead                           Min: 0, Avg:  0.0, Max: 0, Diff: 0, Sum: 0, Workers: 4
[4495.645s][debug][gc,phases      ] GC(231)     Total                          Min: 0, Avg:  0.0, Max: 0, Diff: 0, Sum: 0, Workers: 4
[4495.645s][debug][gc,phases      ] GC(231)   StringDedup Requests1 Weak     Min:  0.0, Avg:  0.0, Max:  0.0, Diff:  0.0, Sum:  0.0, Workers: 4
[4495.645s][debug][gc,phases      ] GC(231)     Dead                           Min: 0, Avg:  0.0, Max: 0, Diff: 0, Sum: 0, Workers: 4
[4495.645s][debug][gc,phases      ] GC(231)     Total                          Min: 0, Avg:  0.0, Max: 0, Diff: 0, Sum: 0, Workers: 4
[4495.645s][debug][gc,phases      ] GC(231)   Weak JFR Old Object Samples    Min:  0.0, Avg:  0.0, Max:  0.0, Diff:  0.0, Sum:  0.0, Workers: 4
[4495.645s][debug][gc,phases      ] GC(231)     Dead                           Min: 0, Avg:  0.0, Max: 0, Diff: 0, Sum: 0, Workers: 4
[4495.645s][debug][gc,phases      ] GC(231)     Total                          Min: 0, Avg:  0.0, Max: 0, Diff: 0, Sum: 0, Workers: 4
[4495.645s][debug][gc,phases      ] GC(231) Weak Processing 0.275ms
[4495.645s][debug][gc,age         ] GC(231) Desired survivor size 71827456 bytes, new threshold 15 (max threshold 15)
[4495.645s][info ][gc,heap        ] GC(231) PSYoungGen: 1960560K(1960960K)->864K(2026496K) Eden: 1959936K(1959936K)->0K(1956864K) From: 624K(1024K)->864K(69632K)
[4495.645s][info ][gc,heap        ] GC(231) ParOldGen: 447953K(548864K)->447961K(548864K)
[4495.645s][info ][gc,metaspace   ] GC(231) Metaspace: 81415K(82432K)->81415K(82432K) NonClass: 70075K(70656K)->70075K(70656K) Class: 11340K(11776K)->11340K(11776K)
[4495.645s][info ][gc             ] GC(231) Pause Young (Allocation Failure) 2352M->438M(2515M) 2.247ms
[4495.645s][info ][gc,cpu         ] GC(231) User=0.01s Sys=0.00s Real=0.00s
[4495.645s][info ][safepoint      ] Safepoint "ParallelGCFailedAllocation", Time since last: 1793403368 ns, Reaching safepoint: 96401 ns, At safepoint: 2312810 ns, Total: 2409211 ns
[4497.645s][info ][safepoint      ] Safepoint "Cleanup", Time since last: 2000153144 ns, Reaching safepoint: 114601 ns, At safepoint: 7900 ns, Total: 122501 ns
[4498.645s][info ][safepoint      ] Safepoint "Cleanup", Time since last: 1000104522 ns, Reaching safepoint: 40600 ns, At safepoint: 2500 ns, Total: 43100 ns
[4500.645s][info ][safepoint      ] Safepoint "Cleanup", Time since last: 2000155844 ns, Reaching safepoint: 50200 ns, At safepoint: 2400 ns, Total: 52600 ns
[4501.645s][info ][safepoint      ] Safepoint "Cleanup", Time since last: 1000095722 ns, Reaching safepoint: 38700 ns, At safepoint: 4200 ns, Total: 42900 ns
[4503.646s][info ][safepoint      ] Safepoint "Cleanup", Time since last: 2000160244 ns, Reaching safepoint: 49700 ns, At safepoint: 2400 ns, Total: 52100 ns
[4505.646s][info ][safepoint      ] Safepoint "Cleanup", Time since last: 2000187843 ns, Reaching safepoint: 46900 ns, At safepoint: 5100 ns, Total: 52000 ns
[4510.646s][info ][safepoint      ] Safepoint "Cleanup", Time since last: 5000328707 ns, Reaching safepoint: 48400 ns, At safepoint: 2800 ns, Total: 51200 ns
[4519.647s][info ][safepoint      ] Safepoint "Cleanup", Time since last: 9000582589 ns, Reaching safepoint: 46600 ns, At safepoint: 3700 ns, Total: 50300 ns
[4522.244s][info ][gc,start       ] GC(232) Pause Young (Allocation Failure)
[4522.246s][debug][gc,phases      ] GC(232) Scavenge 1.597ms
[4522.246s][debug][gc,ref         ] GC(232) Skipped phase 1 of Reference Processing: no references
[4522.246s][debug][gc,ref         ] GC(232) ReferenceProcessor::execute queues: 1, RefProcThreadModel::Single, marks_oops_alive: false
[4522.246s][debug][gc,ref         ] GC(232) Skipped phase 3 of Reference Processing: no references
[4522.246s][debug][gc,ref         ] GC(232) Skipped phase 4 of Reference Processing: no references
[4522.246s][debug][gc,phases      ] GC(232) Reference Processing 0.080ms
[4522.246s][debug][gc,phases      ] GC(232)   VM Weak                        Min:  0.0, Avg:  0.0, Max:  0.0, Diff:  0.0, Sum:  0.0, Workers: 4
[4522.246s][debug][gc,phases      ] GC(232)     Dead                           Min: 0, Avg:  0.0, Max: 0, Diff: 0, Sum: 0, Workers: 4
[4522.246s][debug][gc,phases      ] GC(232)     Total                          Min: 0, Avg: 129.8, Max: 309, Diff: 309, Sum: 519, Workers: 4
[4522.246s][debug][gc,phases      ] GC(232)   ObjectSynchronizer Weak        Min:  0.0, Avg:  0.0, Max:  0.0, Diff:  0.0, Sum:  0.0, Workers: 4
[4522.246s][debug][gc,phases      ] GC(232)     Dead                           Min: 0, Avg:  0.0, Max: 0, Diff: 0, Sum: 0, Workers: 4
[4522.246s][debug][gc,phases      ] GC(232)     Total                          Min: 0, Avg: 121.2, Max: 293, Diff: 293, Sum: 485, Workers: 4
[4522.246s][debug][gc,phases      ] GC(232)   JVMTI Tag Weak OopStorage      Min:  0.0, Avg:  0.0, Max:  0.0, Diff:  0.0, Sum:  0.0, Workers: 4
[4522.246s][debug][gc,phases      ] GC(232)     Dead                           Min: 0, Avg:  0.0, Max: 0, Diff: 0, Sum: 0, Workers: 4
[4522.246s][debug][gc,phases      ] GC(232)     Total                          Min: 0, Avg:  0.0, Max: 0, Diff: 0, Sum: 0, Workers: 4
[4522.246s][debug][gc,phases      ] GC(232)   StringTable Weak               Min:  0.1, Avg:  0.1, Max:  0.1, Diff:  0.0, Sum:  0.3, Workers: 4
[4522.246s][debug][gc,phases      ] GC(232)     Dead                           Min: 0, Avg:  0.0, Max: 0, Diff: 0, Sum: 0, Workers: 4
[4522.246s][debug][gc,phases      ] GC(232)     Total                          Min: 9152, Avg: 12065.5, Max: 15104, Diff: 5952, Sum: 48262, Workers: 4
[4522.246s][debug][gc,phases      ] GC(232)   ResolvedMethodTable Weak       Min:  0.0, Avg:  0.0, Max:  0.0, Diff:  0.0, Sum:  0.1, Workers: 4
[4522.246s][debug][gc,phases      ] GC(232)     Dead                           Min: 0, Avg:  0.0, Max: 0, Diff: 0, Sum: 0, Workers: 4
[4522.246s][debug][gc,phases      ] GC(232)     Total                          Min: 1600, Avg: 2046.0, Max: 2431, Diff: 831, Sum: 8184, Workers: 4
[4522.246s][debug][gc,phases      ] GC(232)   JNI Weak                       Min:  0.0, Avg:  0.0, Max:  0.0, Diff:  0.0, Sum:  0.0, Workers: 4
[4522.246s][debug][gc,phases      ] GC(232)     Dead                           Min: 0, Avg:  0.0, Max: 0, Diff: 0, Sum: 0, Workers: 4
[4522.246s][debug][gc,phases      ] GC(232)     Total                          Min: 0, Avg:  0.0, Max: 0, Diff: 0, Sum: 0, Workers: 4
[4522.246s][debug][gc,phases      ] GC(232)   StringDedup Table Weak         Min:  0.0, Avg:  0.0, Max:  0.0, Diff:  0.0, Sum:  0.0, Workers: 4
[4522.246s][debug][gc,phases      ] GC(232)     Dead                           Min: 0, Avg:  0.0, Max: 0, Diff: 0, Sum: 0, Workers: 4
[4522.246s][debug][gc,phases      ] GC(232)     Total                          Min: 0, Avg:  0.0, Max: 0, Diff: 0, Sum: 0, Workers: 4
[4522.246s][debug][gc,phases      ] GC(232)   StringDedup Requests0 Weak     Min:  0.0, Avg:  0.0, Max:  0.0, Diff:  0.0, Sum:  0.0, Workers: 4
[4522.246s][debug][gc,phases      ] GC(232)     Dead                           Min: 0, Avg:  0.0, Max: 0, Diff: 0, Sum: 0, Workers: 4
[4522.246s][debug][gc,phases      ] GC(232)     Total                          Min: 0, Avg:  0.0, Max: 0, Diff: 0, Sum: 0, Workers: 4
[4522.246s][debug][gc,phases      ] GC(232)   StringDedup Requests1 Weak     Min:  0.0, Avg:  0.0, Max:  0.0, Diff:  0.0, Sum:  0.0, Workers: 4
[4522.246s][debug][gc,phases      ] GC(232)     Dead                           Min: 0, Avg:  0.0, Max: 0, Diff: 0, Sum: 0, Workers: 4
[4522.246s][debug][gc,phases      ] GC(232)     Total                          Min: 0, Avg:  0.0, Max: 0, Diff: 0, Sum: 0, Workers: 4
[4522.246s][debug][gc,phases      ] GC(232)   Weak JFR Old Object Samples    Min:  0.0, Avg:  0.0, Max:  0.0, Diff:  0.0, Sum:  0.0, Workers: 4
[4522.246s][debug][gc,phases      ] GC(232)     Dead                           Min: 0, Avg:  0.0, Max: 0, Diff: 0, Sum: 0, Workers: 4
[4522.246s][debug][gc,phases      ] GC(232)     Total                          Min: 0, Avg:  0.0, Max: 0, Diff: 0, Sum: 0, Workers: 4
[4522.246s][debug][gc,phases      ] GC(232) Weak Processing 0.264ms
[4522.246s][debug][gc,age         ] GC(232) Desired survivor size 71303168 bytes, new threshold 15 (max threshold 15)
[4522.246s][info ][gc,heap        ] GC(232) PSYoungGen: 1957728K(2026496K)->944K(2027008K) Eden: 1956864K(1956864K)->0K(1956864K) From: 864K(69632K)->944K(70144K)
[4522.246s][info ][gc,heap        ] GC(232) ParOldGen: 447961K(548864K)->447961K(548864K)
[4522.246s][info ][gc,metaspace   ] GC(232) Metaspace: 81425K(82432K)->81425K(82432K) NonClass: 70084K(70656K)->70084K(70656K) Class: 11340K(11776K)->11340K(11776K)
[4522.246s][info ][gc             ] GC(232) Pause Young (Allocation Failure) 2349M->438M(2515M) 2.019ms
[4522.246s][info ][gc,cpu         ] GC(232) User=0.01s Sys=0.00s Real=0.00s
[4522.246s][info ][safepoint      ] Safepoint "ParallelGCFailedAllocation", Time since last: 2597261960 ns, Reaching safepoint: 40600 ns, At safepoint: 2089110 ns, Total: 2129710 ns
[4526.246s][info ][safepoint      ] Safepoint "Cleanup", Time since last: 4000214481 ns, Reaching safepoint: 39400 ns, At safepoint: 5200 ns, Total: 44600 ns
[4528.247s][info ][safepoint      ] Safepoint "Cleanup", Time since last: 2000152341 ns, Reaching safepoint: 43600 ns, At safepoint: 3000 ns, Total: 46600 ns
[4530.247s][info ][safepoint      ] Safepoint "Cleanup", Time since last: 2000141341 ns, Reaching safepoint: 49400 ns, At safepoint: 2800 ns, Total: 52200 ns
[4532.247s][info ][safepoint      ] Safepoint "Cleanup", Time since last: 2000169740 ns, Reaching safepoint: 36501 ns, At safepoint: 4900 ns, Total: 41401 ns
[4539.248s][info ][safepoint      ] Safepoint "Cleanup", Time since last: 7000443638 ns, Reaching safepoint: 48701 ns, At safepoint: 4000 ns, Total: 52701 ns
[4542.248s][info ][safepoint      ] Safepoint "Cleanup", Time since last: 3000240959 ns, Reaching safepoint: 43100 ns, At safepoint: 3300 ns, Total: 46400 ns
[4547.459s][info ][gc,start       ] GC(233) Pause Young (Allocation Failure)
[4547.461s][debug][gc,phases      ] GC(233) Scavenge 1.938ms
[4547.461s][debug][gc,ref         ] GC(233) Skipped phase 1 of Reference Processing: no references
[4547.461s][debug][gc,ref         ] GC(233) ReferenceProcessor::execute queues: 1, RefProcThreadModel::Single, marks_oops_alive: false
[4547.461s][debug][gc,ref         ] GC(233) Skipped phase 3 of Reference Processing: no references
[4547.461s][debug][gc,ref         ] GC(233) Skipped phase 4 of Reference Processing: no references
[4547.461s][debug][gc,phases      ] GC(233) Reference Processing 0.079ms
[4547.461s][debug][gc,phases      ] GC(233)   VM Weak                        Min:  0.0, Avg:  0.0, Max:  0.0, Diff:  0.0, Sum:  0.0, Workers: 4
[4547.461s][debug][gc,phases      ] GC(233)     Dead                           Min: 0, Avg:  0.0, Max: 0, Diff: 0, Sum: 0, Workers: 4
[4547.461s][debug][gc,phases      ] GC(233)     Total                          Min: 0, Avg: 129.8, Max: 519, Diff: 519, Sum: 519, Workers: 4
[4547.461s][debug][gc,phases      ] GC(233)   ObjectSynchronizer Weak        Min:  0.0, Avg:  0.0, Max:  0.0, Diff:  0.0, Sum:  0.0, Workers: 4
[4547.461s][debug][gc,phases      ] GC(233)     Dead                           Min: 0, Avg:  0.0, Max: 0, Diff: 0, Sum: 0, Workers: 4
[4547.461s][debug][gc,phases      ] GC(233)     Total                          Min: 0, Avg: 121.2, Max: 293, Diff: 293, Sum: 485, Workers: 4
[4547.461s][debug][gc,phases      ] GC(233)   JVMTI Tag Weak OopStorage      Min:  0.0, Avg:  0.0, Max:  0.0, Diff:  0.0, Sum:  0.0, Workers: 4
[4547.461s][debug][gc,phases      ] GC(233)     Dead                           Min: 0, Avg:  0.0, Max: 0, Diff: 0, Sum: 0, Workers: 4
[4547.461s][debug][gc,phases      ] GC(233)     Total                          Min: 0, Avg:  0.0, Max: 0, Diff: 0, Sum: 0, Workers: 4
[4547.461s][debug][gc,phases      ] GC(233)   StringTable Weak               Min:  0.1, Avg:  0.1, Max:  0.1, Diff:  0.0, Sum:  0.3, Workers: 4
[4547.461s][debug][gc,phases      ] GC(233)     Dead                           Min: 0, Avg:  0.0, Max: 0, Diff: 0, Sum: 0, Workers: 4
[4547.461s][debug][gc,phases      ] GC(233)     Total                          Min: 9408, Avg: 12065.5, Max: 14598, Diff: 5190, Sum: 48262, Workers: 4
[4547.461s][debug][gc,phases      ] GC(233)   ResolvedMethodTable Weak       Min:  0.0, Avg:  0.0, Max:  0.0, Diff:  0.0, Sum:  0.1, Workers: 4
[4547.461s][debug][gc,phases      ] GC(233)     Dead                           Min: 0, Avg:  0.0, Max: 0, Diff: 0, Sum: 0, Workers: 4
[4547.461s][debug][gc,phases      ] GC(233)     Total                          Min: 1600, Avg: 2046.0, Max: 2432, Diff: 832, Sum: 8184, Workers: 4
[4547.461s][debug][gc,phases      ] GC(233)   JNI Weak                       Min:  0.0, Avg:  0.0, Max:  0.0, Diff:  0.0, Sum:  0.0, Workers: 4
[4547.461s][debug][gc,phases      ] GC(233)     Dead                           Min: 0, Avg:  0.0, Max: 0, Diff: 0, Sum: 0, Workers: 4
[4547.461s][debug][gc,phases      ] GC(233)     Total                          Min: 0, Avg:  0.0, Max: 0, Diff: 0, Sum: 0, Workers: 4
[4547.461s][debug][gc,phases      ] GC(233)   StringDedup Table Weak         Min:  0.0, Avg:  0.0, Max:  0.0, Diff:  0.0, Sum:  0.0, Workers: 4
[4547.461s][debug][gc,phases      ] GC(233)     Dead                           Min: 0, Avg:  0.0, Max: 0, Diff: 0, Sum: 0, Workers: 4
[4547.461s][debug][gc,phases      ] GC(233)     Total                          Min: 0, Avg:  0.0, Max: 0, Diff: 0, Sum: 0, Workers: 4
[4547.461s][debug][gc,phases      ] GC(233)   StringDedup Requests0 Weak     Min:  0.0, Avg:  0.0, Max:  0.0, Diff:  0.0, Sum:  0.0, Workers: 4
[4547.461s][debug][gc,phases      ] GC(233)     Dead                           Min: 0, Avg:  0.0, Max: 0, Diff: 0, Sum: 0, Workers: 4
[4547.461s][debug][gc,phases      ] GC(233)     Total                          Min: 0, Avg:  0.0, Max: 0, Diff: 0, Sum: 0, Workers: 4
[4547.461s][debug][gc,phases      ] GC(233)   StringDedup Requests1 Weak     Min:  0.0, Avg:  0.0, Max:  0.0, Diff:  0.0, Sum:  0.0, Workers: 4
[4547.461s][debug][gc,phases      ] GC(233)     Dead                           Min: 0, Avg:  0.0, Max: 0, Diff: 0, Sum: 0, Workers: 4
[4547.461s][debug][gc,phases      ] GC(233)     Total                          Min: 0, Avg:  0.0, Max: 0, Diff: 0, Sum: 0, Workers: 4
[4547.461s][debug][gc,phases      ] GC(233)   Weak JFR Old Object Samples    Min:  0.0, Avg:  0.0, Max:  0.0, Diff:  0.0, Sum:  0.0, Workers: 4
[4547.461s][debug][gc,phases      ] GC(233)     Dead                           Min: 0, Avg:  0.0, Max: 0, Diff: 0, Sum: 0, Workers: 4
[4547.461s][debug][gc,phases      ] GC(233)     Total                          Min: 0, Avg:  0.0, Max: 0, Diff: 0, Sum: 0, Workers: 4
[4547.461s][debug][gc,phases      ] GC(233) Weak Processing 0.246ms
[4547.461s][debug][gc,age         ] GC(233) Desired survivor size 69730304 bytes, new threshold 15 (max threshold 15)
[4547.461s][info ][gc,heap        ] GC(233) PSYoungGen: 1957808K(2027008K)->1088K(2029056K) Eden: 1956864K(1956864K)->0K(1959424K) From: 944K(70144K)->1088K(69632K)
[4547.461s][info ][gc,heap        ] GC(233) ParOldGen: 447961K(548864K)->447961K(548864K)
[4547.461s][info ][gc,metaspace   ] GC(233) Metaspace: 81451K(82432K)->81451K(82432K) NonClass: 70110K(70656K)->70110K(70656K) Class: 11341K(11776K)->11341K(11776K)
[4547.461s][info ][gc             ] GC(233) Pause Young (Allocation Failure) 2349M->438M(2517M) 2.349ms
[4547.461s][info ][gc,cpu         ] GC(233) User=0.01s Sys=0.00s Real=0.00s
[4547.461s][info ][safepoint      ] Safepoint "ParallelGCFailedAllocation", Time since last: 5210636289 ns, Reaching safepoint: 26800 ns, At safepoint: 2417812 ns, Total: 2444612 ns
[4554.461s][info ][safepoint      ] Safepoint "Cleanup", Time since last: 7000433433 ns, Reaching safepoint: 49400 ns, At safepoint: 5700 ns, Total: 55100 ns
[4558.462s][info ][safepoint      ] Safepoint "Cleanup", Time since last: 4000292476 ns, Reaching safepoint: 58400 ns, At safepoint: 12800 ns, Total: 71200 ns
[4567.462s][info ][safepoint      ] Safepoint "Cleanup", Time since last: 9000606266 ns, Reaching safepoint: 30300 ns, At safepoint: 2800 ns, Total: 33100 ns
[4568.463s][info ][safepoint      ] Safepoint "Cleanup", Time since last: 1000106319 ns, Reaching safepoint: 41600 ns, At safepoint: 2500 ns, Total: 44100 ns
[4571.463s][info ][safepoint      ] Safepoint "Cleanup", Time since last: 3000227255 ns, Reaching safepoint: 40800 ns, At safepoint: 3000 ns, Total: 43800 ns
[4572.814s][info ][gc,start       ] GC(234) Pause Young (Allocation Failure)
[4572.816s][debug][gc,phases      ] GC(234) Scavenge 2.034ms
[4572.816s][debug][gc,ref         ] GC(234) Skipped phase 1 of Reference Processing: no references
[4572.816s][debug][gc,ref         ] GC(234) ReferenceProcessor::execute queues: 1, RefProcThreadModel::Single, marks_oops_alive: false
[4572.816s][debug][gc,ref         ] GC(234) Skipped phase 3 of Reference Processing: no references
[4572.816s][debug][gc,ref         ] GC(234) Skipped phase 4 of Reference Processing: no references
[4572.816s][debug][gc,phases      ] GC(234) Reference Processing 0.089ms
[4572.817s][debug][gc,phases      ] GC(234)   VM Weak                        Min:  0.0, Avg:  0.0, Max:  0.0, Diff:  0.0, Sum:  0.0, Workers: 4
[4572.817s][debug][gc,phases      ] GC(234)     Dead                           Min: 0, Avg:  0.0, Max: 0, Diff: 0, Sum: 0, Workers: 4
[4572.817s][debug][gc,phases      ] GC(234)     Total                          Min: 0, Avg: 129.8, Max: 349, Diff: 349, Sum: 519, Workers: 4
[4572.817s][debug][gc,phases      ] GC(234)   ObjectSynchronizer Weak        Min:  0.0, Avg:  0.0, Max:  0.0, Diff:  0.0, Sum:  0.0, Workers: 4
[4572.817s][debug][gc,phases      ] GC(234)     Dead                           Min: 0, Avg:  0.0, Max: 0, Diff: 0, Sum: 0, Workers: 4
[4572.817s][debug][gc,phases      ] GC(234)     Total                          Min: 0, Avg: 121.2, Max: 320, Diff: 320, Sum: 485, Workers: 4
[4572.817s][debug][gc,phases      ] GC(234)   JVMTI Tag Weak OopStorage      Min:  0.0, Avg:  0.0, Max:  0.0, Diff:  0.0, Sum:  0.0, Workers: 4
[4572.817s][debug][gc,phases      ] GC(234)     Dead                           Min: 0, Avg:  0.0, Max: 0, Diff: 0, Sum: 0, Workers: 4
[4572.817s][debug][gc,phases      ] GC(234)     Total                          Min: 0, Avg:  0.0, Max: 0, Diff: 0, Sum: 0, Workers: 4
[4572.817s][debug][gc,phases      ] GC(234)   StringTable Weak               Min:  0.1, Avg:  0.1, Max:  0.1, Diff:  0.0, Sum:  0.3, Workers: 4
[4572.817s][debug][gc,phases      ] GC(234)     Dead                           Min: 0, Avg:  0.0, Max: 0, Diff: 0, Sum: 0, Workers: 4
[4572.817s][debug][gc,phases      ] GC(234)     Total                          Min: 9600, Avg: 12068.2, Max: 15185, Diff: 5585, Sum: 48273, Workers: 4
[4572.817s][debug][gc,phases      ] GC(234)   ResolvedMethodTable Weak       Min:  0.0, Avg:  0.0, Max:  0.0, Diff:  0.0, Sum:  0.1, Workers: 4
[4572.817s][debug][gc,phases      ] GC(234)     Dead                           Min: 0, Avg:  0.0, Max: 0, Diff: 0, Sum: 0, Workers: 4
[4572.817s][debug][gc,phases      ] GC(234)     Total                          Min: 1596, Avg: 2046.0, Max: 2431, Diff: 835, Sum: 8184, Workers: 4
[4572.817s][debug][gc,phases      ] GC(234)   JNI Weak                       Min:  0.0, Avg:  0.0, Max:  0.0, Diff:  0.0, Sum:  0.0, Workers: 4
[4572.817s][debug][gc,phases      ] GC(234)     Dead                           Min: 0, Avg:  0.0, Max: 0, Diff: 0, Sum: 0, Workers: 4
[4572.817s][debug][gc,phases      ] GC(234)     Total                          Min: 0, Avg:  0.0, Max: 0, Diff: 0, Sum: 0, Workers: 4
[4572.817s][debug][gc,phases      ] GC(234)   StringDedup Table Weak         Min:  0.0, Avg:  0.0, Max:  0.0, Diff:  0.0, Sum:  0.0, Workers: 4
[4572.817s][debug][gc,phases      ] GC(234)     Dead                           Min: 0, Avg:  0.0, Max: 0, Diff: 0, Sum: 0, Workers: 4
[4572.817s][debug][gc,phases      ] GC(234)     Total                          Min: 0, Avg:  0.0, Max: 0, Diff: 0, Sum: 0, Workers: 4
[4572.817s][debug][gc,phases      ] GC(234)   StringDedup Requests0 Weak     Min:  0.0, Avg:  0.0, Max:  0.0, Diff:  0.0, Sum:  0.0, Workers: 4
[4572.817s][debug][gc,phases      ] GC(234)     Dead                           Min: 0, Avg:  0.0, Max: 0, Diff: 0, Sum: 0, Workers: 4
[4572.817s][debug][gc,phases      ] GC(234)     Total                          Min: 0, Avg:  0.0, Max: 0, Diff: 0, Sum: 0, Workers: 4
[4572.817s][debug][gc,phases      ] GC(234)   StringDedup Requests1 Weak     Min:  0.0, Avg:  0.0, Max:  0.0, Diff:  0.0, Sum:  0.0, Workers: 4
[4572.817s][debug][gc,phases      ] GC(234)     Dead                           Min: 0, Avg:  0.0, Max: 0, Diff: 0, Sum: 0, Workers: 4
[4572.817s][debug][gc,phases      ] GC(234)     Total                          Min: 0, Avg:  0.0, Max: 0, Diff: 0, Sum: 0, Workers: 4
[4572.817s][debug][gc,phases      ] GC(234)   Weak JFR Old Object Samples    Min:  0.0, Avg:  0.0, Max:  0.0, Diff:  0.0, Sum:  0.0, Workers: 4
[4572.817s][debug][gc,phases      ] GC(234)     Dead                           Min: 0, Avg:  0.0, Max: 0, Diff: 0, Sum: 0, Workers: 4
[4572.817s][debug][gc,phases      ] GC(234)     Total                          Min: 0, Avg:  0.0, Max: 0, Diff: 0, Sum: 0, Workers: 4
[4572.817s][debug][gc,phases      ] GC(234) Weak Processing 0.263ms
[4572.817s][debug][gc,age         ] GC(234) Desired survivor size 68157440 bytes, new threshold 15 (max threshold 15)
[4572.817s][info ][gc,heap        ] GC(234) PSYoungGen: 1960512K(2029056K)->1216K(2027520K) Eden: 1959424K(1959424K)->0K(1959424K) From: 1088K(69632K)->1216K(68096K)
[4572.817s][info ][gc,heap        ] GC(234) ParOldGen: 447961K(548864K)->447961K(548864K)
[4572.817s][info ][gc,metaspace   ] GC(234) Metaspace: 81463K(82432K)->81463K(82432K) NonClass: 70122K(70656K)->70122K(70656K) Class: 11341K(11776K)->11341K(11776K)
[4572.817s][info ][gc             ] GC(234) Pause Young (Allocation Failure) 2352M->438M(2516M) 2.480ms
[4572.817s][info ][gc,cpu         ] GC(234) User=0.01s Sys=0.00s Real=0.00s
[4572.817s][info ][safepoint      ] Safepoint "ParallelGCFailedAllocation", Time since last: 1351199374 ns, Reaching safepoint: 101301 ns, At safepoint: 2549412 ns, Total: 2650713 ns
[4574.817s][info ][safepoint      ] Safepoint "Cleanup", Time since last: 2000139436 ns, Reaching safepoint: 41700 ns, At safepoint: 3200 ns, Total: 44900 ns
[4576.817s][info ][safepoint      ] Safepoint "Cleanup", Time since last: 2000159936 ns, Reaching safepoint: 45600 ns, At safepoint: 6100 ns, Total: 51700 ns
[4578.817s][info ][safepoint      ] Safepoint "Cleanup", Time since last: 2000140536 ns, Reaching safepoint: 46400 ns, At safepoint: 8600 ns, Total: 55000 ns
[4587.818s][info ][safepoint      ] Safepoint "Cleanup", Time since last: 9000640458 ns, Reaching safepoint: 34100 ns, At safepoint: 3100 ns, Total: 37200 ns
[4590.818s][info ][safepoint      ] Safepoint "Cleanup", Time since last: 3000246752 ns, Reaching safepoint: 45300 ns, At safepoint: 3100 ns, Total: 48400 ns
[4597.093s][info ][gc,start       ] GC(235) Pause Young (Allocation Failure)
[4597.095s][debug][gc,phases      ] GC(235) Scavenge 1.720ms
[4597.095s][debug][gc,ref         ] GC(235) Skipped phase 1 of Reference Processing: no references
[4597.095s][debug][gc,ref         ] GC(235) ReferenceProcessor::execute queues: 1, RefProcThreadModel::Single, marks_oops_alive: false
[4597.095s][debug][gc,ref         ] GC(235) Skipped phase 3 of Reference Processing: no references
[4597.095s][debug][gc,ref         ] GC(235) Skipped phase 4 of Reference Processing: no references
[4597.095s][debug][gc,phases      ] GC(235) Reference Processing 0.090ms
[4597.095s][debug][gc,phases      ] GC(235)   VM Weak                        Min:  0.0, Avg:  0.0, Max:  0.0, Diff:  0.0, Sum:  0.0, Workers: 4
[4597.095s][debug][gc,phases      ] GC(235)     Dead                           Min: 0, Avg:  0.0, Max: 0, Diff: 0, Sum: 0, Workers: 4
[4597.095s][debug][gc,phases      ] GC(235)     Total                          Min: 0, Avg: 129.8, Max: 323, Diff: 323, Sum: 519, Workers: 4
[4597.095s][debug][gc,phases      ] GC(235)   ObjectSynchronizer Weak        Min:  0.0, Avg:  0.0, Max:  0.0, Diff:  0.0, Sum:  0.0, Workers: 4
[4597.095s][debug][gc,phases      ] GC(235)     Dead                           Min: 0, Avg:  0.0, Max: 0, Diff: 0, Sum: 0, Workers: 4
[4597.095s][debug][gc,phases      ] GC(235)     Total                          Min: 0, Avg: 121.2, Max: 256, Diff: 256, Sum: 485, Workers: 4
[4597.095s][debug][gc,phases      ] GC(235)   JVMTI Tag Weak OopStorage      Min:  0.0, Avg:  0.0, Max:  0.0, Diff:  0.0, Sum:  0.0, Workers: 4
[4597.095s][debug][gc,phases      ] GC(235)     Dead                           Min: 0, Avg:  0.0, Max: 0, Diff: 0, Sum: 0, Workers: 4
[4597.095s][debug][gc,phases      ] GC(235)     Total                          Min: 0, Avg:  0.0, Max: 0, Diff: 0, Sum: 0, Workers: 4
[4597.095s][debug][gc,phases      ] GC(235)   StringTable Weak               Min:  0.1, Avg:  0.1, Max:  0.1, Diff:  0.0, Sum:  0.3, Workers: 4
[4597.095s][debug][gc,phases      ] GC(235)     Dead                           Min: 0, Avg:  0.0, Max: 0, Diff: 0, Sum: 0, Workers: 4
[4597.095s][debug][gc,phases      ] GC(235)     Total                          Min: 8768, Avg: 12068.2, Max: 14336, Diff: 5568, Sum: 48273, Workers: 4
[4597.095s][debug][gc,phases      ] GC(235)   ResolvedMethodTable Weak       Min:  0.0, Avg:  0.0, Max:  0.0, Diff:  0.0, Sum:  0.1, Workers: 4
[4597.095s][debug][gc,phases      ] GC(235)     Dead                           Min: 0, Avg:  0.0, Max: 0, Diff: 0, Sum: 0, Workers: 4
[4597.095s][debug][gc,phases      ] GC(235)     Total                          Min: 1598, Avg: 2046.0, Max: 2495, Diff: 897, Sum: 8184, Workers: 4
[4597.095s][debug][gc,phases      ] GC(235)   JNI Weak                       Min:  0.0, Avg:  0.0, Max:  0.0, Diff:  0.0, Sum:  0.0, Workers: 4
[4597.095s][debug][gc,phases      ] GC(235)     Dead                           Min: 0, Avg:  0.0, Max: 0, Diff: 0, Sum: 0, Workers: 4
[4597.095s][debug][gc,phases      ] GC(235)     Total                          Min: 0, Avg:  0.0, Max: 0, Diff: 0, Sum: 0, Workers: 4
[4597.095s][debug][gc,phases      ] GC(235)   StringDedup Table Weak         Min:  0.0, Avg:  0.0, Max:  0.0, Diff:  0.0, Sum:  0.0, Workers: 4
[4597.095s][debug][gc,phases      ] GC(235)     Dead                           Min: 0, Avg:  0.0, Max: 0, Diff: 0, Sum: 0, Workers: 4
[4597.095s][debug][gc,phases      ] GC(235)     Total                          Min: 0, Avg:  0.0, Max: 0, Diff: 0, Sum: 0, Workers: 4
[4597.095s][debug][gc,phases      ] GC(235)   StringDedup Requests0 Weak     Min:  0.0, Avg:  0.0, Max:  0.0, Diff:  0.0, Sum:  0.0, Workers: 4
[4597.095s][debug][gc,phases      ] GC(235)     Dead                           Min: 0, Avg:  0.0, Max: 0, Diff: 0, Sum: 0, Workers: 4
[4597.095s][debug][gc,phases      ] GC(235)     Total                          Min: 0, Avg:  0.0, Max: 0, Diff: 0, Sum: 0, Workers: 4
[4597.095s][debug][gc,phases      ] GC(235)   StringDedup Requests1 Weak     Min:  0.0, Avg:  0.0, Max:  0.0, Diff:  0.0, Sum:  0.0, Workers: 4
[4597.095s][debug][gc,phases      ] GC(235)     Dead                           Min: 0, Avg:  0.0, Max: 0, Diff: 0, Sum: 0, Workers: 4
[4597.095s][debug][gc,phases      ] GC(235)     Total                          Min: 0, Avg:  0.0, Max: 0, Diff: 0, Sum: 0, Workers: 4
[4597.095s][debug][gc,phases      ] GC(235)   Weak JFR Old Object Samples    Min:  0.0, Avg:  0.0, Max:  0.0, Diff:  0.0, Sum:  0.0, Workers: 4
[4597.095s][debug][gc,phases      ] GC(235)     Dead                           Min: 0, Avg:  0.0, Max: 0, Diff: 0, Sum: 0, Workers: 4
[4597.095s][debug][gc,phases      ] GC(235)     Total                          Min: 0, Avg:  0.0, Max: 0, Diff: 0, Sum: 0, Workers: 4
[4597.095s][debug][gc,phases      ] GC(235) Weak Processing 0.267ms
[4597.095s][debug][gc,age         ] GC(235) Desired survivor size 66060288 bytes, new threshold 15 (max threshold 15)
[4597.095s][info ][gc,heap        ] GC(235) PSYoungGen: 1960640K(2027520K)->1104K(2032640K) Eden: 1959424K(1959424K)->0K(1966080K) From: 1216K(68096K)->1104K(66560K)
[4597.095s][info ][gc,heap        ] GC(235) ParOldGen: 447961K(548864K)->447961K(548864K)
[4597.095s][info ][gc,metaspace   ] GC(235) Metaspace: 81475K(82432K)->81475K(82432K) NonClass: 70134K(70656K)->70134K(70656K) Class: 11341K(11776K)->11341K(11776K)
[4597.095s][info ][gc             ] GC(235) Pause Young (Allocation Failure) 2352M->438M(2521M) 2.166ms
[4597.095s][info ][gc,cpu         ] GC(235) User=0.01s Sys=0.00s Real=0.00s
[4597.095s][info ][safepoint      ] Safepoint "ParallelGCFailedAllocation", Time since last: 6274698696 ns, Reaching safepoint: 47900 ns, At safepoint: 2229110 ns, Total: 2277010 ns
[4603.096s][info ][safepoint      ] Safepoint "Cleanup", Time since last: 6000400901 ns, Reaching safepoint: 47200 ns, At safepoint: 5700 ns, Total: 52900 ns
[4606.096s][info ][safepoint      ] Safepoint "Cleanup", Time since last: 3000184049 ns, Reaching safepoint: 39501 ns, At safepoint: 2800 ns, Total: 42301 ns
[4611.096s][info ][safepoint      ] Safepoint "Cleanup", Time since last: 5000335681 ns, Reaching safepoint: 45901 ns, At safepoint: 3100 ns, Total: 49001 ns
[4614.097s][info ][safepoint      ] Safepoint "Cleanup", Time since last: 3000256248 ns, Reaching safepoint: 39900 ns, At safepoint: 24601 ns, Total: 64501 ns
[4618.097s][info ][safepoint      ] Safepoint "Cleanup", Time since last: 4000293764 ns, Reaching safepoint: 54900 ns, At safepoint: 3300 ns, Total: 58200 ns
[4619.097s][info ][safepoint      ] Safepoint "Cleanup", Time since last: 1000103116 ns, Reaching safepoint: 43900 ns, At safepoint: 2500 ns, Total: 46400 ns
[4621.242s][info ][gc,start       ] GC(236) Pause Young (Allocation Failure)
[4621.243s][debug][gc,phases      ] GC(236) Scavenge 1.237ms
[4621.243s][debug][gc,ref         ] GC(236) Skipped phase 1 of Reference Processing: no references
[4621.243s][debug][gc,ref         ] GC(236) ReferenceProcessor::execute queues: 1, RefProcThreadModel::Single, marks_oops_alive: false
[4621.243s][debug][gc,ref         ] GC(236) Skipped phase 3 of Reference Processing: no references
[4621.243s][debug][gc,ref         ] GC(236) Skipped phase 4 of Reference Processing: no references
[4621.243s][debug][gc,phases      ] GC(236) Reference Processing 0.087ms
[4621.244s][debug][gc,phases      ] GC(236)   VM Weak                        Min:  0.0, Avg:  0.0, Max:  0.0, Diff:  0.0, Sum:  0.0, Workers: 4
[4621.244s][debug][gc,phases      ] GC(236)     Dead                           Min: 0, Avg:  0.0, Max: 0, Diff: 0, Sum: 0, Workers: 4
[4621.244s][debug][gc,phases      ] GC(236)     Total                          Min: 0, Avg: 129.8, Max: 519, Diff: 519, Sum: 519, Workers: 4
[4621.244s][debug][gc,phases      ] GC(236)   ObjectSynchronizer Weak        Min:  0.0, Avg:  0.0, Max:  0.0, Diff:  0.0, Sum:  0.0, Workers: 4
[4621.244s][debug][gc,phases      ] GC(236)     Dead                           Min: 0, Avg:  0.0, Max: 0, Diff: 0, Sum: 0, Workers: 4
[4621.244s][debug][gc,phases      ] GC(236)     Total                          Min: 0, Avg: 121.2, Max: 256, Diff: 256, Sum: 485, Workers: 4
[4621.244s][debug][gc,phases      ] GC(236)   JVMTI Tag Weak OopStorage      Min:  0.0, Avg:  0.0, Max:  0.0, Diff:  0.0, Sum:  0.0, Workers: 4
[4621.244s][debug][gc,phases      ] GC(236)     Dead                           Min: 0, Avg:  0.0, Max: 0, Diff: 0, Sum: 0, Workers: 4
[4621.244s][debug][gc,phases      ] GC(236)     Total                          Min: 0, Avg:  0.0, Max: 0, Diff: 0, Sum: 0, Workers: 4
[4621.244s][debug][gc,phases      ] GC(236)   StringTable Weak               Min:  0.1, Avg:  0.1, Max:  0.1, Diff:  0.0, Sum:  0.3, Workers: 4
[4621.244s][debug][gc,phases      ] GC(236)     Dead                           Min: 0, Avg:  0.0, Max: 0, Diff: 0, Sum: 0, Workers: 4
[4621.244s][debug][gc,phases      ] GC(236)     Total                          Min: 11219, Avg: 12068.8, Max: 12736, Diff: 1517, Sum: 48275, Workers: 4
[4621.244s][debug][gc,phases      ] GC(236)   ResolvedMethodTable Weak       Min:  0.0, Avg:  0.0, Max:  0.0, Diff:  0.0, Sum:  0.1, Workers: 4
[4621.244s][debug][gc,phases      ] GC(236)     Dead                           Min: 0, Avg:  0.0, Max: 0, Diff: 0, Sum: 0, Workers: 4
[4621.244s][debug][gc,phases      ] GC(236)     Total                          Min: 1984, Avg: 2046.0, Max: 2108, Diff: 124, Sum: 8184, Workers: 4
[4621.244s][debug][gc,phases      ] GC(236)   JNI Weak                       Min:  0.0, Avg:  0.0, Max:  0.0, Diff:  0.0, Sum:  0.0, Workers: 4
[4621.244s][debug][gc,phases      ] GC(236)     Dead                           Min: 0, Avg:  0.0, Max: 0, Diff: 0, Sum: 0, Workers: 4
[4621.244s][debug][gc,phases      ] GC(236)     Total                          Min: 0, Avg:  0.0, Max: 0, Diff: 0, Sum: 0, Workers: 4
[4621.244s][debug][gc,phases      ] GC(236)   StringDedup Table Weak         Min:  0.0, Avg:  0.0, Max:  0.0, Diff:  0.0, Sum:  0.0, Workers: 4
[4621.244s][debug][gc,phases      ] GC(236)     Dead                           Min: 0, Avg:  0.0, Max: 0, Diff: 0, Sum: 0, Workers: 4
[4621.244s][debug][gc,phases      ] GC(236)     Total                          Min: 0, Avg:  0.0, Max: 0, Diff: 0, Sum: 0, Workers: 4
[4621.244s][debug][gc,phases      ] GC(236)   StringDedup Requests0 Weak     Min:  0.0, Avg:  0.0, Max:  0.0, Diff:  0.0, Sum:  0.0, Workers: 4
[4621.244s][debug][gc,phases      ] GC(236)     Dead                           Min: 0, Avg:  0.0, Max: 0, Diff: 0, Sum: 0, Workers: 4
[4621.244s][debug][gc,phases      ] GC(236)     Total                          Min: 0, Avg:  0.0, Max: 0, Diff: 0, Sum: 0, Workers: 4
[4621.244s][debug][gc,phases      ] GC(236)   StringDedup Requests1 Weak     Min:  0.0, Avg:  0.0, Max:  0.0, Diff:  0.0, Sum:  0.0, Workers: 4
[4621.244s][debug][gc,phases      ] GC(236)     Dead                           Min: 0, Avg:  0.0, Max: 0, Diff: 0, Sum: 0, Workers: 4
[4621.244s][debug][gc,phases      ] GC(236)     Total                          Min: 0, Avg:  0.0, Max: 0, Diff: 0, Sum: 0, Workers: 4
[4621.244s][debug][gc,phases      ] GC(236)   Weak JFR Old Object Samples    Min:  0.0, Avg:  0.0, Max:  0.0, Diff:  0.0, Sum:  0.0, Workers: 4
[4621.244s][debug][gc,phases      ] GC(236)     Dead                           Min: 0, Avg:  0.0, Max: 0, Diff: 0, Sum: 0, Workers: 4
[4621.244s][debug][gc,phases      ] GC(236)     Total                          Min: 0, Avg:  0.0, Max: 0, Diff: 0, Sum: 0, Workers: 4
[4621.244s][debug][gc,phases      ] GC(236) Weak Processing 0.240ms
[4621.244s][debug][gc,age         ] GC(236) Desired survivor size 63963136 bytes, new threshold 15 (max threshold 15)
[4621.244s][info ][gc,heap        ] GC(236) PSYoungGen: 1967184K(2032640K)->1104K(2030592K) Eden: 1966080K(1966080K)->0K(1966080K) From: 1104K(66560K)->1104K(64512K)
[4621.244s][info ][gc,heap        ] GC(236) ParOldGen: 447961K(548864K)->447969K(548864K)
[4621.244s][info ][gc,metaspace   ] GC(236) Metaspace: 81489K(82432K)->81489K(82432K) NonClass: 70147K(70656K)->70147K(70656K) Class: 11341K(11776K)->11341K(11776K)
[4621.244s][info ][gc             ] GC(236) Pause Young (Allocation Failure) 2358M->438M(2519M) 1.651ms
[4621.244s][info ][gc,cpu         ] GC(236) User=0.01s Sys=0.00s Real=0.00s
[4621.244s][info ][safepoint      ] Safepoint "ParallelGCFailedAllocation", Time since last: 2144894715 ns, Reaching safepoint: 35300 ns, At safepoint: 1722408 ns, Total: 1757708 ns
[4636.245s][info ][safepoint      ] Safepoint "Cleanup", Time since last: 15001015532 ns, Reaching safepoint: 114400 ns, At safepoint: 6200 ns, Total: 120600 ns
[4643.246s][info ][safepoint      ] Safepoint "Cleanup", Time since last: 7000491105 ns, Reaching safepoint: 110401 ns, At safepoint: 9100 ns, Total: 119501 ns
[4643.846s][info ][gc,start       ] GC(237) Pause Young (Allocation Failure)
[4643.847s][debug][gc,phases      ] GC(237) Scavenge 1.439ms
[4643.847s][debug][gc,ref         ] GC(237) Skipped phase 1 of Reference Processing: no references
[4643.847s][debug][gc,ref         ] GC(237) ReferenceProcessor::execute queues: 1, RefProcThreadModel::Single, marks_oops_alive: false
[4643.847s][debug][gc,ref         ] GC(237) Skipped phase 3 of Reference Processing: no references
[4643.847s][debug][gc,ref         ] GC(237) Skipped phase 4 of Reference Processing: no references
[4643.847s][debug][gc,phases      ] GC(237) Reference Processing 0.084ms
[4643.847s][debug][gc,phases      ] GC(237)   VM Weak                        Min:  0.0, Avg:  0.0, Max:  0.0, Diff:  0.0, Sum:  0.0, Workers: 4
[4643.847s][debug][gc,phases      ] GC(237)     Dead                           Min: 0, Avg:  0.0, Max: 0, Diff: 0, Sum: 0, Workers: 4
[4643.847s][debug][gc,phases      ] GC(237)     Total                          Min: 0, Avg: 129.8, Max: 519, Diff: 519, Sum: 519, Workers: 4
[4643.847s][debug][gc,phases      ] GC(237)   ObjectSynchronizer Weak        Min:  0.0, Avg:  0.0, Max:  0.0, Diff:  0.0, Sum:  0.0, Workers: 4
[4643.847s][debug][gc,phases      ] GC(237)     Dead                           Min: 0, Avg:  0.0, Max: 0, Diff: 0, Sum: 0, Workers: 4
[4643.847s][debug][gc,phases      ] GC(237)     Total                          Min: 0, Avg: 121.2, Max: 293, Diff: 293, Sum: 485, Workers: 4
[4643.847s][debug][gc,phases      ] GC(237)   JVMTI Tag Weak OopStorage      Min:  0.0, Avg:  0.0, Max:  0.0, Diff:  0.0, Sum:  0.0, Workers: 4
[4643.847s][debug][gc,phases      ] GC(237)     Dead                           Min: 0, Avg:  0.0, Max: 0, Diff: 0, Sum: 0, Workers: 4
[4643.847s][debug][gc,phases      ] GC(237)     Total                          Min: 0, Avg:  0.0, Max: 0, Diff: 0, Sum: 0, Workers: 4
[4643.847s][debug][gc,phases      ] GC(237)   StringTable Weak               Min:  0.1, Avg:  0.1, Max:  0.1, Diff:  0.0, Sum:  0.3, Workers: 4
[4643.847s][debug][gc,phases      ] GC(237)     Dead                           Min: 0, Avg:  0.0, Max: 0, Diff: 0, Sum: 0, Workers: 4
[4643.847s][debug][gc,phases      ] GC(237)     Total                          Min: 11648, Avg: 12068.8, Max: 12499, Diff: 851, Sum: 48275, Workers: 4
[4643.847s][debug][gc,phases      ] GC(237)   ResolvedMethodTable Weak       Min:  0.0, Avg:  0.0, Max:  0.0, Diff:  0.0, Sum:  0.1, Workers: 4
[4643.847s][debug][gc,phases      ] GC(237)     Dead                           Min: 0, Avg:  0.0, Max: 0, Diff: 0, Sum: 0, Workers: 4
[4643.847s][debug][gc,phases      ] GC(237)     Total                          Min: 1983, Avg: 2046.0, Max: 2107, Diff: 124, Sum: 8184, Workers: 4
[4643.847s][debug][gc,phases      ] GC(237)   JNI Weak                       Min:  0.0, Avg:  0.0, Max:  0.0, Diff:  0.0, Sum:  0.0, Workers: 4
[4643.847s][debug][gc,phases      ] GC(237)     Dead                           Min: 0, Avg:  0.0, Max: 0, Diff: 0, Sum: 0, Workers: 4
[4643.847s][debug][gc,phases      ] GC(237)     Total                          Min: 0, Avg:  0.0, Max: 0, Diff: 0, Sum: 0, Workers: 4
[4643.847s][debug][gc,phases      ] GC(237)   StringDedup Table Weak         Min:  0.0, Avg:  0.0, Max:  0.0, Diff:  0.0, Sum:  0.0, Workers: 4
[4643.847s][debug][gc,phases      ] GC(237)     Dead                           Min: 0, Avg:  0.0, Max: 0, Diff: 0, Sum: 0, Workers: 4
[4643.847s][debug][gc,phases      ] GC(237)     Total                          Min: 0, Avg:  0.0, Max: 0, Diff: 0, Sum: 0, Workers: 4
[4643.847s][debug][gc,phases      ] GC(237)   StringDedup Requests0 Weak     Min:  0.0, Avg:  0.0, Max:  0.0, Diff:  0.0, Sum:  0.0, Workers: 4
[4643.847s][debug][gc,phases      ] GC(237)     Dead                           Min: 0, Avg:  0.0, Max: 0, Diff: 0, Sum: 0, Workers: 4
[4643.847s][debug][gc,phases      ] GC(237)     Total                          Min: 0, Avg:  0.0, Max: 0, Diff: 0, Sum: 0, Workers: 4
[4643.847s][debug][gc,phases      ] GC(237)   StringDedup Requests1 Weak     Min:  0.0, Avg:  0.0, Max:  0.0, Diff:  0.0, Sum:  0.0, Workers: 4
[4643.847s][debug][gc,phases      ] GC(237)     Dead                           Min: 0, Avg:  0.0, Max: 0, Diff: 0, Sum: 0, Workers: 4
[4643.847s][debug][gc,phases      ] GC(237)     Total                          Min: 0, Avg:  0.0, Max: 0, Diff: 0, Sum: 0, Workers: 4
[4643.847s][debug][gc,phases      ] GC(237)   Weak JFR Old Object Samples    Min:  0.0, Avg:  0.0, Max:  0.0, Diff:  0.0, Sum:  0.0, Workers: 4
[4643.847s][debug][gc,phases      ] GC(237)     Dead                           Min: 0, Avg:  0.0, Max: 0, Diff: 0, Sum: 0, Workers: 4
[4643.847s][debug][gc,phases      ] GC(237)     Total                          Min: 0, Avg:  0.0, Max: 0, Diff: 0, Sum: 0, Workers: 4
[4643.847s][debug][gc,phases      ] GC(237) Weak Processing 0.237ms
[4643.847s][debug][gc,age         ] GC(237) Desired survivor size 61341696 bytes, new threshold 15 (max threshold 15)
[4643.847s][info ][gc,heap        ] GC(237) PSYoungGen: 1967184K(2030592K)->1296K(2037248K) Eden: 1966080K(1966080K)->0K(1974784K) From: 1104K(64512K)->1296K(62464K)
[4643.847s][info ][gc,heap        ] GC(237) ParOldGen: 447969K(548864K)->447969K(548864K)
[4643.847s][info ][gc,metaspace   ] GC(237) Metaspace: 81495K(82432K)->81495K(82432K) NonClass: 70153K(70656K)->70153K(70656K) Class: 11341K(11776K)->11341K(11776K)
[4643.847s][info ][gc             ] GC(237) Pause Young (Allocation Failure) 2358M->438M(2525M) 1.839ms
[4643.847s][info ][gc,cpu         ] GC(237) User=0.01s Sys=0.00s Real=0.00s
[4643.847s][info ][safepoint      ] Safepoint "ParallelGCFailedAllocation", Time since last: 599897828 ns, Reaching safepoint: 27800 ns, At safepoint: 1904809 ns, Total: 1932609 ns
[4644.848s][info ][safepoint      ] Safepoint "Cleanup", Time since last: 1000086215 ns, Reaching safepoint: 54900 ns, At safepoint: 6900 ns, Total: 61800 ns
[4647.848s][info ][safepoint      ] Safepoint "Cleanup", Time since last: 3000194544 ns, Reaching safepoint: 43800 ns, At safepoint: 6800 ns, Total: 50600 ns
[4653.848s][info ][safepoint      ] Safepoint "Cleanup", Time since last: 6000401488 ns, Reaching safepoint: 47800 ns, At safepoint: 2600 ns, Total: 50400 ns
[4658.849s][info ][safepoint      ] Safepoint "Cleanup", Time since last: 5000352471 ns, Reaching safepoint: 36301 ns, At safepoint: 2300 ns, Total: 38601 ns
[4659.849s][info ][safepoint      ] Safepoint "Cleanup", Time since last: 1000090514 ns, Reaching safepoint: 37200 ns, At safepoint: 2400 ns, Total: 39600 ns
[4664.746s][info ][gc,start       ] GC(238) Pause Young (Allocation Failure)
[4664.748s][debug][gc,phases      ] GC(238) Scavenge 1.292ms
[4664.748s][debug][gc,ref         ] GC(238) Skipped phase 1 of Reference Processing: no references
[4664.748s][debug][gc,ref         ] GC(238) ReferenceProcessor::execute queues: 1, RefProcThreadModel::Single, marks_oops_alive: false
[4664.748s][debug][gc,ref         ] GC(238) Skipped phase 3 of Reference Processing: no references
[4664.748s][debug][gc,ref         ] GC(238) Skipped phase 4 of Reference Processing: no references
[4664.748s][debug][gc,phases      ] GC(238) Reference Processing 0.084ms
[4664.748s][debug][gc,phases      ] GC(238)   VM Weak                        Min:  0.0, Avg:  0.0, Max:  0.0, Diff:  0.0, Sum:  0.0, Workers: 4
[4664.748s][debug][gc,phases      ] GC(238)     Dead                           Min: 0, Avg:  0.0, Max: 0, Diff: 0, Sum: 0, Workers: 4
[4664.748s][debug][gc,phases      ] GC(238)     Total                          Min: 0, Avg: 129.8, Max: 346, Diff: 346, Sum: 519, Workers: 4
[4664.748s][debug][gc,phases      ] GC(238)   ObjectSynchronizer Weak        Min:  0.0, Avg:  0.0, Max:  0.0, Diff:  0.0, Sum:  0.0, Workers: 4
[4664.748s][debug][gc,phases      ] GC(238)     Dead                           Min: 0, Avg:  0.0, Max: 0, Diff: 0, Sum: 0, Workers: 4
[4664.748s][debug][gc,phases      ] GC(238)     Total                          Min: 0, Avg: 121.2, Max: 293, Diff: 293, Sum: 485, Workers: 4
[4664.748s][debug][gc,phases      ] GC(238)   JVMTI Tag Weak OopStorage      Min:  0.0, Avg:  0.0, Max:  0.0, Diff:  0.0, Sum:  0.0, Workers: 4
[4664.748s][debug][gc,phases      ] GC(238)     Dead                           Min: 0, Avg:  0.0, Max: 0, Diff: 0, Sum: 0, Workers: 4
[4664.748s][debug][gc,phases      ] GC(238)     Total                          Min: 0, Avg:  0.0, Max: 0, Diff: 0, Sum: 0, Workers: 4
[4664.748s][debug][gc,phases      ] GC(238)   StringTable Weak               Min:  0.1, Avg:  0.1, Max:  0.1, Diff:  0.0, Sum:  0.3, Workers: 4
[4664.748s][debug][gc,phases      ] GC(238)     Dead                           Min: 0, Avg:  0.0, Max: 0, Diff: 0, Sum: 0, Workers: 4
[4664.748s][debug][gc,phases      ] GC(238)     Total                          Min: 11712, Avg: 12071.0, Max: 12352, Diff: 640, Sum: 48284, Workers: 4
[4664.748s][debug][gc,phases      ] GC(238)   ResolvedMethodTable Weak       Min:  0.0, Avg:  0.0, Max:  0.0, Diff:  0.0, Sum:  0.1, Workers: 4
[4664.748s][debug][gc,phases      ] GC(238)     Dead                           Min: 0, Avg:  0.0, Max: 0, Diff: 0, Sum: 0, Workers: 4
[4664.748s][debug][gc,phases      ] GC(238)     Total                          Min: 1983, Avg: 2046.0, Max: 2172, Diff: 189, Sum: 8184, Workers: 4
[4664.748s][debug][gc,phases      ] GC(238)   JNI Weak                       Min:  0.0, Avg:  0.0, Max:  0.0, Diff:  0.0, Sum:  0.0, Workers: 4
[4664.748s][debug][gc,phases      ] GC(238)     Dead                           Min: 0, Avg:  0.0, Max: 0, Diff: 0, Sum: 0, Workers: 4
[4664.748s][debug][gc,phases      ] GC(238)     Total                          Min: 0, Avg:  0.0, Max: 0, Diff: 0, Sum: 0, Workers: 4
[4664.748s][debug][gc,phases      ] GC(238)   StringDedup Table Weak         Min:  0.0, Avg:  0.0, Max:  0.0, Diff:  0.0, Sum:  0.0, Workers: 4
[4664.748s][debug][gc,phases      ] GC(238)     Dead                           Min: 0, Avg:  0.0, Max: 0, Diff: 0, Sum: 0, Workers: 4
[4664.748s][debug][gc,phases      ] GC(238)     Total                          Min: 0, Avg:  0.0, Max: 0, Diff: 0, Sum: 0, Workers: 4
[4664.748s][debug][gc,phases      ] GC(238)   StringDedup Requests0 Weak     Min:  0.0, Avg:  0.0, Max:  0.0, Diff:  0.0, Sum:  0.0, Workers: 4
[4664.748s][debug][gc,phases      ] GC(238)     Dead                           Min: 0, Avg:  0.0, Max: 0, Diff: 0, Sum: 0, Workers: 4
[4664.748s][debug][gc,phases      ] GC(238)     Total                          Min: 0, Avg:  0.0, Max: 0, Diff: 0, Sum: 0, Workers: 4
[4664.748s][debug][gc,phases      ] GC(238)   StringDedup Requests1 Weak     Min:  0.0, Avg:  0.0, Max:  0.0, Diff:  0.0, Sum:  0.0, Workers: 4
[4664.748s][debug][gc,phases      ] GC(238)     Dead                           Min: 0, Avg:  0.0, Max: 0, Diff: 0, Sum: 0, Workers: 4
[4664.748s][debug][gc,phases      ] GC(238)     Total                          Min: 0, Avg:  0.0, Max: 0, Diff: 0, Sum: 0, Workers: 4
[4664.748s][debug][gc,phases      ] GC(238)   Weak JFR Old Object Samples    Min:  0.0, Avg:  0.0, Max:  0.0, Diff:  0.0, Sum:  0.0, Workers: 4
[4664.748s][debug][gc,phases      ] GC(238)     Dead                           Min: 0, Avg:  0.0, Max: 0, Diff: 0, Sum: 0, Workers: 4
[4664.748s][debug][gc,phases      ] GC(238)     Total                          Min: 0, Avg:  0.0, Max: 0, Diff: 0, Sum: 0, Workers: 4
[4664.748s][debug][gc,phases      ] GC(238) Weak Processing 0.228ms
[4664.748s][debug][gc,age         ] GC(238) Desired survivor size 58720256 bytes, new threshold 15 (max threshold 15)
[4664.748s][info ][gc,heap        ] GC(238) PSYoungGen: 1976080K(2037248K)->1344K(2034688K) Eden: 1974784K(1974784K)->0K(1974784K) From: 1296K(62464K)->1344K(59904K)
[4664.748s][info ][gc,heap        ] GC(238) ParOldGen: 447969K(548864K)->447969K(548864K)
[4664.748s][info ][gc,metaspace   ] GC(238) Metaspace: 81496K(82432K)->81496K(82432K) NonClass: 70154K(70656K)->70154K(70656K) Class: 11341K(11776K)->11341K(11776K)
[4664.748s][info ][gc             ] GC(238) Pause Young (Allocation Failure) 2367M->438M(2523M) 1.680ms
[4664.748s][info ][gc,cpu         ] GC(238) User=0.01s Sys=0.01s Real=0.00s
[4664.748s][info ][safepoint      ] Safepoint "ParallelGCFailedAllocation", Time since last: 4897467785 ns, Reaching safepoint: 41401 ns, At safepoint: 1740008 ns, Total: 1781409 ns
[4675.749s][info ][safepoint      ] Safepoint "Cleanup", Time since last: 11000694651 ns, Reaching safepoint: 48400 ns, At safepoint: 11000 ns, Total: 59400 ns
[4677.749s][info ][safepoint      ] Safepoint "Cleanup", Time since last: 2000162227 ns, Reaching safepoint: 34700 ns, At safepoint: 8400 ns, Total: 43100 ns
[4682.749s][info ][safepoint      ] Safepoint "Cleanup", Time since last: 5000354067 ns, Reaching safepoint: 46800 ns, At safepoint: 3100 ns, Total: 49900 ns
[4683.036s][info ][gc,start       ] GC(239) Pause Young (Allocation Failure)
[4683.037s][debug][gc,phases      ] GC(239) Scavenge 1.404ms
[4683.037s][debug][gc,ref         ] GC(239) Skipped phase 1 of Reference Processing: no references
[4683.037s][debug][gc,ref         ] GC(239) ReferenceProcessor::execute queues: 1, RefProcThreadModel::Single, marks_oops_alive: false
[4683.037s][debug][gc,ref         ] GC(239) Skipped phase 3 of Reference Processing: no references
[4683.037s][debug][gc,ref         ] GC(239) Skipped phase 4 of Reference Processing: no references
[4683.037s][debug][gc,phases      ] GC(239) Reference Processing 0.097ms
[4683.038s][debug][gc,phases      ] GC(239)   VM Weak                        Min:  0.0, Avg:  0.0, Max:  0.0, Diff:  0.0, Sum:  0.0, Workers: 4
[4683.038s][debug][gc,phases      ] GC(239)     Dead                           Min: 0, Avg:  0.0, Max: 0, Diff: 0, Sum: 0, Workers: 4
[4683.038s][debug][gc,phases      ] GC(239)     Total                          Min: 0, Avg: 129.8, Max: 519, Diff: 519, Sum: 519, Workers: 4
[4683.038s][debug][gc,phases      ] GC(239)   ObjectSynchronizer Weak        Min:  0.0, Avg:  0.0, Max:  0.0, Diff:  0.0, Sum:  0.0, Workers: 4
[4683.038s][debug][gc,phases      ] GC(239)     Dead                           Min: 0, Avg:  0.0, Max: 0, Diff: 0, Sum: 0, Workers: 4
[4683.038s][debug][gc,phases      ] GC(239)     Total                          Min: 0, Avg: 121.2, Max: 320, Diff: 320, Sum: 485, Workers: 4
[4683.038s][debug][gc,phases      ] GC(239)   JVMTI Tag Weak OopStorage      Min:  0.0, Avg:  0.0, Max:  0.0, Diff:  0.0, Sum:  0.0, Workers: 4
[4683.038s][debug][gc,phases      ] GC(239)     Dead                           Min: 0, Avg:  0.0, Max: 0, Diff: 0, Sum: 0, Workers: 4
[4683.038s][debug][gc,phases      ] GC(239)     Total                          Min: 0, Avg:  0.0, Max: 0, Diff: 0, Sum: 0, Workers: 4
[4683.038s][debug][gc,phases      ] GC(239)   StringTable Weak               Min:  0.1, Avg:  0.1, Max:  0.1, Diff:  0.0, Sum:  0.3, Workers: 4
[4683.038s][debug][gc,phases      ] GC(239)     Dead                           Min: 0, Avg:  0.0, Max: 0, Diff: 0, Sum: 0, Workers: 4
[4683.038s][debug][gc,phases      ] GC(239)     Total                          Min: 10844, Avg: 12071.0, Max: 13056, Diff: 2212, Sum: 48284, Workers: 4
[4683.038s][debug][gc,phases      ] GC(239)   ResolvedMethodTable Weak       Min:  0.0, Avg:  0.0, Max:  0.0, Diff:  0.0, Sum:  0.1, Workers: 4
[4683.038s][debug][gc,phases      ] GC(239)     Dead                           Min: 0, Avg:  0.0, Max: 0, Diff: 0, Sum: 0, Workers: 4
[4683.038s][debug][gc,phases      ] GC(239)     Total                          Min: 1982, Avg: 2046.0, Max: 2110, Diff: 128, Sum: 8184, Workers: 4
[4683.038s][debug][gc,phases      ] GC(239)   JNI Weak                       Min:  0.0, Avg:  0.0, Max:  0.0, Diff:  0.0, Sum:  0.0, Workers: 4
[4683.038s][debug][gc,phases      ] GC(239)     Dead                           Min: 0, Avg:  0.0, Max: 0, Diff: 0, Sum: 0, Workers: 4
[4683.038s][debug][gc,phases      ] GC(239)     Total                          Min: 0, Avg:  0.0, Max: 0, Diff: 0, Sum: 0, Workers: 4
[4683.038s][debug][gc,phases      ] GC(239)   StringDedup Table Weak         Min:  0.0, Avg:  0.0, Max:  0.0, Diff:  0.0, Sum:  0.0, Workers: 4
[4683.038s][debug][gc,phases      ] GC(239)     Dead                           Min: 0, Avg:  0.0, Max: 0, Diff: 0, Sum: 0, Workers: 4
[4683.038s][debug][gc,phases      ] GC(239)     Total                          Min: 0, Avg:  0.0, Max: 0, Diff: 0, Sum: 0, Workers: 4
[4683.038s][debug][gc,phases      ] GC(239)   StringDedup Requests0 Weak     Min:  0.0, Avg:  0.0, Max:  0.0, Diff:  0.0, Sum:  0.0, Workers: 4
[4683.038s][debug][gc,phases      ] GC(239)     Dead                           Min: 0, Avg:  0.0, Max: 0, Diff: 0, Sum: 0, Workers: 4
[4683.038s][debug][gc,phases      ] GC(239)     Total                          Min: 0, Avg:  0.0, Max: 0, Diff: 0, Sum: 0, Workers: 4
[4683.038s][debug][gc,phases      ] GC(239)   StringDedup Requests1 Weak     Min:  0.0, Avg:  0.0, Max:  0.0, Diff:  0.0, Sum:  0.0, Workers: 4
[4683.038s][debug][gc,phases      ] GC(239)     Dead                           Min: 0, Avg:  0.0, Max: 0, Diff: 0, Sum: 0, Workers: 4
[4683.038s][debug][gc,phases      ] GC(239)     Total                          Min: 0, Avg:  0.0, Max: 0, Diff: 0, Sum: 0, Workers: 4
[4683.038s][debug][gc,phases      ] GC(239)   Weak JFR Old Object Samples    Min:  0.0, Avg:  0.0, Max:  0.0, Diff:  0.0, Sum:  0.0, Workers: 4
[4683.038s][debug][gc,phases      ] GC(239)     Dead                           Min: 0, Avg:  0.0, Max: 0, Diff: 0, Sum: 0, Workers: 4
[4683.038s][debug][gc,phases      ] GC(239)     Total                          Min: 0, Avg:  0.0, Max: 0, Diff: 0, Sum: 0, Workers: 4
[4683.038s][debug][gc,phases      ] GC(239) Weak Processing 0.249ms
[4683.038s][debug][gc,age         ] GC(239) Desired survivor size 56098816 bytes, new threshold 15 (max threshold 15)
[4683.038s][info ][gc,heap        ] GC(239) PSYoungGen: 1976128K(2034688K)->1408K(2042368K) Eden: 1974784K(1974784K)->0K(1985024K) From: 1344K(59904K)->1408K(57344K)
[4683.038s][info ][gc,heap        ] GC(239) ParOldGen: 447969K(548864K)->447969K(548864K)
[4683.038s][info ][gc,metaspace   ] GC(239) Metaspace: 81497K(82432K)->81497K(82432K) NonClass: 70156K(70656K)->70156K(70656K) Class: 11341K(11776K)->11341K(11776K)
[4683.038s][info ][gc             ] GC(239) Pause Young (Allocation Failure) 2367M->438M(2530M) 1.846ms
[4683.038s][info ][gc,cpu         ] GC(239) User=0.00s Sys=0.00s Real=0.00s
[4683.038s][info ][safepoint      ] Safepoint "ParallelGCFailedAllocation", Time since last: 286378250 ns, Reaching safepoint: 33000 ns, At safepoint: 1923809 ns, Total: 1956809 ns
[4685.038s][info ][safepoint      ] Safepoint "Cleanup", Time since last: 2000141126 ns, Reaching safepoint: 44501 ns, At safepoint: 6400 ns, Total: 50901 ns
[4688.038s][info ][safepoint      ] Safepoint "Cleanup", Time since last: 3000222839 ns, Reaching safepoint: 61700 ns, At safepoint: 4300 ns, Total: 66000 ns
[4690.038s][info ][safepoint      ] Safepoint "Cleanup", Time since last: 2000207327 ns, Reaching safepoint: 55400 ns, At safepoint: 11700 ns, Total: 67100 ns
[4697.039s][info ][safepoint      ] Safepoint "Cleanup", Time since last: 7000490090 ns, Reaching safepoint: 49600 ns, At safepoint: 6800 ns, Total: 56400 ns
[4701.046s][info ][gc,start       ] GC(240) Pause Young (Allocation Failure)
[4701.047s][debug][gc,phases      ] GC(240) Scavenge 1.436ms
[4701.047s][debug][gc,ref         ] GC(240) Skipped phase 1 of Reference Processing: no references
[4701.047s][debug][gc,ref         ] GC(240) ReferenceProcessor::execute queues: 1, RefProcThreadModel::Single, marks_oops_alive: false
[4701.047s][debug][gc,ref         ] GC(240) Skipped phase 3 of Reference Processing: no references
[4701.047s][debug][gc,ref         ] GC(240) Skipped phase 4 of Reference Processing: no references
[4701.047s][debug][gc,phases      ] GC(240) Reference Processing 0.082ms
[4701.047s][debug][gc,phases      ] GC(240)   VM Weak                        Min:  0.0, Avg:  0.0, Max:  0.0, Diff:  0.0, Sum:  0.0, Workers: 4
[4701.047s][debug][gc,phases      ] GC(240)     Dead                           Min: 0, Avg:  0.0, Max: 0, Diff: 0, Sum: 0, Workers: 4
[4701.047s][debug][gc,phases      ] GC(240)     Total                          Min: 0, Avg: 129.8, Max: 459, Diff: 459, Sum: 519, Workers: 4
[4701.047s][debug][gc,phases      ] GC(240)   ObjectSynchronizer Weak        Min:  0.0, Avg:  0.0, Max:  0.0, Diff:  0.0, Sum:  0.0, Workers: 4
[4701.047s][debug][gc,phases      ] GC(240)     Dead                           Min: 0, Avg:  0.0, Max: 0, Diff: 0, Sum: 0, Workers: 4
[4701.047s][debug][gc,phases      ] GC(240)     Total                          Min: 0, Avg: 121.2, Max: 293, Diff: 293, Sum: 485, Workers: 4
[4701.047s][debug][gc,phases      ] GC(240)   JVMTI Tag Weak OopStorage      Min:  0.0, Avg:  0.0, Max:  0.0, Diff:  0.0, Sum:  0.0, Workers: 4
[4701.047s][debug][gc,phases      ] GC(240)     Dead                           Min: 0, Avg:  0.0, Max: 0, Diff: 0, Sum: 0, Workers: 4
[4701.047s][debug][gc,phases      ] GC(240)     Total                          Min: 0, Avg:  0.0, Max: 0, Diff: 0, Sum: 0, Workers: 4
[4701.047s][debug][gc,phases      ] GC(240)   StringTable Weak               Min:  0.1, Avg:  0.1, Max:  0.1, Diff:  0.0, Sum:  0.3, Workers: 4
[4701.047s][debug][gc,phases      ] GC(240)     Dead                           Min: 0, Avg:  0.0, Max: 0, Diff: 0, Sum: 0, Workers: 4
[4701.047s][debug][gc,phases      ] GC(240)     Total                          Min: 11072, Avg: 12071.0, Max: 12800, Diff: 1728, Sum: 48284, Workers: 4
[4701.047s][debug][gc,phases      ] GC(240)   ResolvedMethodTable Weak       Min:  0.0, Avg:  0.0, Max:  0.0, Diff:  0.0, Sum:  0.1, Workers: 4
[4701.047s][debug][gc,phases      ] GC(240)     Dead                           Min: 0, Avg:  0.0, Max: 0, Diff: 0, Sum: 0, Workers: 4
[4701.047s][debug][gc,phases      ] GC(240)     Total                          Min: 1983, Avg: 2046.0, Max: 2109, Diff: 126, Sum: 8184, Workers: 4
[4701.047s][debug][gc,phases      ] GC(240)   JNI Weak                       Min:  0.0, Avg:  0.0, Max:  0.0, Diff:  0.0, Sum:  0.0, Workers: 4
[4701.047s][debug][gc,phases      ] GC(240)     Dead                           Min: 0, Avg:  0.0, Max: 0, Diff: 0, Sum: 0, Workers: 4
[4701.047s][debug][gc,phases      ] GC(240)     Total                          Min: 0, Avg:  0.0, Max: 0, Diff: 0, Sum: 0, Workers: 4
[4701.047s][debug][gc,phases      ] GC(240)   StringDedup Table Weak         Min:  0.0, Avg:  0.0, Max:  0.0, Diff:  0.0, Sum:  0.0, Workers: 4
[4701.047s][debug][gc,phases      ] GC(240)     Dead                           Min: 0, Avg:  0.0, Max: 0, Diff: 0, Sum: 0, Workers: 4
[4701.047s][debug][gc,phases      ] GC(240)     Total                          Min: 0, Avg:  0.0, Max: 0, Diff: 0, Sum: 0, Workers: 4
[4701.047s][debug][gc,phases      ] GC(240)   StringDedup Requests0 Weak     Min:  0.0, Avg:  0.0, Max:  0.0, Diff:  0.0, Sum:  0.0, Workers: 4
[4701.047s][debug][gc,phases      ] GC(240)     Dead                           Min: 0, Avg:  0.0, Max: 0, Diff: 0, Sum: 0, Workers: 4
[4701.047s][debug][gc,phases      ] GC(240)     Total                          Min: 0, Avg:  0.0, Max: 0, Diff: 0, Sum: 0, Workers: 4
[4701.047s][debug][gc,phases      ] GC(240)   StringDedup Requests1 Weak     Min:  0.0, Avg:  0.0, Max:  0.0, Diff:  0.0, Sum:  0.0, Workers: 4
[4701.047s][debug][gc,phases      ] GC(240)     Dead                           Min: 0, Avg:  0.0, Max: 0, Diff: 0, Sum: 0, Workers: 4
[4701.047s][debug][gc,phases      ] GC(240)     Total                          Min: 0, Avg:  0.0, Max: 0, Diff: 0, Sum: 0, Workers: 4
[4701.047s][debug][gc,phases      ] GC(240)   Weak JFR Old Object Samples    Min:  0.0, Avg:  0.0, Max:  0.0, Diff:  0.0, Sum:  0.0, Workers: 4
[4701.047s][debug][gc,phases      ] GC(240)     Dead                           Min: 0, Avg:  0.0, Max: 0, Diff: 0, Sum: 0, Workers: 4
[4701.047s][debug][gc,phases      ] GC(240)     Total                          Min: 0, Avg:  0.0, Max: 0, Diff: 0, Sum: 0, Workers: 4
[4701.047s][debug][gc,phases      ] GC(240) Weak Processing 0.234ms
[4701.047s][debug][gc,age         ] GC(240) Desired survivor size 53477376 bytes, new threshold 15 (max threshold 15)
[4701.047s][info ][gc,heap        ] GC(240) PSYoungGen: 1986432K(2042368K)->1360K(2039808K) Eden: 1985024K(1985024K)->0K(1985024K) From: 1408K(57344K)->1360K(54784K)
[4701.047s][info ][gc,heap        ] GC(240) ParOldGen: 447969K(548864K)->447969K(548864K)
[4701.047s][info ][gc,metaspace   ] GC(240) Metaspace: 81503K(82432K)->81503K(82432K) NonClass: 70161K(70656K)->70161K(70656K) Class: 11341K(11776K)->11341K(11776K)
[4701.047s][info ][gc             ] GC(240) Pause Young (Allocation Failure) 2377M->438M(2528M) 1.835ms
[4701.047s][info ][gc,cpu         ] GC(240) User=0.00s Sys=0.00s Real=0.00s
[4701.047s][info ][safepoint      ] Safepoint "ParallelGCFailedAllocation", Time since last: 4006523580 ns, Reaching safepoint: 38100 ns, At safepoint: 1899109 ns, Total: 1937209 ns
[4703.048s][info ][safepoint      ] Safepoint "Cleanup", Time since last: 2000145325 ns, Reaching safepoint: 50500 ns, At safepoint: 5400 ns, Total: 55900 ns
[4708.048s][info ][safepoint      ] Safepoint "Cleanup", Time since last: 5000383963 ns, Reaching safepoint: 38600 ns, At safepoint: 3700 ns, Total: 42300 ns
[4712.048s][info ][safepoint      ] Safepoint "Cleanup", Time since last: 4000332049 ns, Reaching safepoint: 47800 ns, At safepoint: 5500 ns, Total: 53300 ns
[4719.041s][info ][gc,start       ] GC(241) Pause Young (Allocation Failure)
[4719.043s][debug][gc,phases      ] GC(241) Scavenge 1.564ms
[4719.043s][debug][gc,ref         ] GC(241) Skipped phase 1 of Reference Processing: no references
[4719.043s][debug][gc,ref         ] GC(241) ReferenceProcessor::execute queues: 1, RefProcThreadModel::Single, marks_oops_alive: false
[4719.043s][debug][gc,ref         ] GC(241) Skipped phase 3 of Reference Processing: no references
[4719.043s][debug][gc,ref         ] GC(241) Skipped phase 4 of Reference Processing: no references
[4719.043s][debug][gc,phases      ] GC(241) Reference Processing 0.085ms
[4719.043s][debug][gc,phases      ] GC(241)   VM Weak                        Min:  0.0, Avg:  0.0, Max:  0.0, Diff:  0.0, Sum:  0.0, Workers: 4
[4719.043s][debug][gc,phases      ] GC(241)     Dead                           Min: 0, Avg:  0.0, Max: 0, Diff: 0, Sum: 0, Workers: 4
[4719.043s][debug][gc,phases      ] GC(241)     Total                          Min: 0, Avg: 129.8, Max: 462, Diff: 462, Sum: 519, Workers: 4
[4719.043s][debug][gc,phases      ] GC(241)   ObjectSynchronizer Weak        Min:  0.0, Avg:  0.0, Max:  0.0, Diff:  0.0, Sum:  0.0, Workers: 4
[4719.043s][debug][gc,phases      ] GC(241)     Dead                           Min: 0, Avg:  0.0, Max: 0, Diff: 0, Sum: 0, Workers: 4
[4719.043s][debug][gc,phases      ] GC(241)     Total                          Min: 0, Avg: 121.2, Max: 256, Diff: 256, Sum: 485, Workers: 4
[4719.043s][debug][gc,phases      ] GC(241)   JVMTI Tag Weak OopStorage      Min:  0.0, Avg:  0.0, Max:  0.0, Diff:  0.0, Sum:  0.0, Workers: 4
[4719.043s][debug][gc,phases      ] GC(241)     Dead                           Min: 0, Avg:  0.0, Max: 0, Diff: 0, Sum: 0, Workers: 4
[4719.043s][debug][gc,phases      ] GC(241)     Total                          Min: 0, Avg:  0.0, Max: 0, Diff: 0, Sum: 0, Workers: 4
[4719.043s][debug][gc,phases      ] GC(241)   StringTable Weak               Min:  0.1, Avg:  0.1, Max:  0.1, Diff:  0.0, Sum:  0.3, Workers: 4
[4719.043s][debug][gc,phases      ] GC(241)     Dead                           Min: 0, Avg:  0.0, Max: 0, Diff: 0, Sum: 0, Workers: 4
[4719.043s][debug][gc,phases      ] GC(241)     Total                          Min: 11228, Avg: 12071.0, Max: 12864, Diff: 1636, Sum: 48284, Workers: 4
[4719.043s][debug][gc,phases      ] GC(241)   ResolvedMethodTable Weak       Min:  0.0, Avg:  0.0, Max:  0.0, Diff:  0.0, Sum:  0.1, Workers: 4
[4719.043s][debug][gc,phases      ] GC(241)     Dead                           Min: 0, Avg:  0.0, Max: 0, Diff: 0, Sum: 0, Workers: 4
[4719.043s][debug][gc,phases      ] GC(241)     Total                          Min: 1916, Avg: 2046.0, Max: 2112, Diff: 196, Sum: 8184, Workers: 4
[4719.043s][debug][gc,phases      ] GC(241)   JNI Weak                       Min:  0.0, Avg:  0.0, Max:  0.0, Diff:  0.0, Sum:  0.0, Workers: 4
[4719.043s][debug][gc,phases      ] GC(241)     Dead                           Min: 0, Avg:  0.0, Max: 0, Diff: 0, Sum: 0, Workers: 4
[4719.043s][debug][gc,phases      ] GC(241)     Total                          Min: 0, Avg:  0.0, Max: 0, Diff: 0, Sum: 0, Workers: 4
[4719.043s][debug][gc,phases      ] GC(241)   StringDedup Table Weak         Min:  0.0, Avg:  0.0, Max:  0.0, Diff:  0.0, Sum:  0.0, Workers: 4
[4719.043s][debug][gc,phases      ] GC(241)     Dead                           Min: 0, Avg:  0.0, Max: 0, Diff: 0, Sum: 0, Workers: 4
[4719.043s][debug][gc,phases      ] GC(241)     Total                          Min: 0, Avg:  0.0, Max: 0, Diff: 0, Sum: 0, Workers: 4
[4719.043s][debug][gc,phases      ] GC(241)   StringDedup Requests0 Weak     Min:  0.0, Avg:  0.0, Max:  0.0, Diff:  0.0, Sum:  0.0, Workers: 4
[4719.043s][debug][gc,phases      ] GC(241)     Dead                           Min: 0, Avg:  0.0, Max: 0, Diff: 0, Sum: 0, Workers: 4
[4719.043s][debug][gc,phases      ] GC(241)     Total                          Min: 0, Avg:  0.0, Max: 0, Diff: 0, Sum: 0, Workers: 4
[4719.043s][debug][gc,phases      ] GC(241)   StringDedup Requests1 Weak     Min:  0.0, Avg:  0.0, Max:  0.0, Diff:  0.0, Sum:  0.0, Workers: 4
[4719.043s][debug][gc,phases      ] GC(241)     Dead                           Min: 0, Avg:  0.0, Max: 0, Diff: 0, Sum: 0, Workers: 4
[4719.043s][debug][gc,phases      ] GC(241)     Total                          Min: 0, Avg:  0.0, Max: 0, Diff: 0, Sum: 0, Workers: 4
[4719.043s][debug][gc,phases      ] GC(241)   Weak JFR Old Object Samples    Min:  0.0, Avg:  0.0, Max:  0.0, Diff:  0.0, Sum:  0.0, Workers: 4
[4719.043s][debug][gc,phases      ] GC(241)     Dead                           Min: 0, Avg:  0.0, Max: 0, Diff: 0, Sum: 0, Workers: 4
[4719.043s][debug][gc,phases      ] GC(241)     Total                          Min: 0, Avg:  0.0, Max: 0, Diff: 0, Sum: 0, Workers: 4
[4719.043s][debug][gc,phases      ] GC(241) Weak Processing 0.233ms
[4719.043s][debug][gc,age         ] GC(241) Desired survivor size 50855936 bytes, new threshold 15 (max threshold 15)
[4719.043s][info ][gc,heap        ] GC(241) PSYoungGen: 1986384K(2039808K)->1552K(2047488K) Eden: 1985024K(1985024K)->0K(1995264K) From: 1360K(54784K)->1552K(52224K)
[4719.043s][info ][gc,heap        ] GC(241) ParOldGen: 447969K(548864K)->447969K(548864K)
[4719.043s][info ][gc,metaspace   ] GC(241) Metaspace: 81503K(82432K)->81503K(82432K) NonClass: 70161K(70656K)->70161K(70656K) Class: 11341K(11776K)->11341K(11776K)
[4719.043s][info ][gc             ] GC(241) Pause Young (Allocation Failure) 2377M->438M(2535M) 1.969ms
[4719.043s][info ][gc,cpu         ] GC(241) User=0.01s Sys=0.00s Real=0.00s
[4719.043s][info ][safepoint      ] Safepoint "ParallelGCFailedAllocation", Time since last: 6992700148 ns, Reaching safepoint: 109800 ns, At safepoint: 2038610 ns, Total: 2148410 ns
[4722.044s][info ][safepoint      ] Safepoint "Cleanup", Time since last: 3000206035 ns, Reaching safepoint: 111201 ns, At safepoint: 5800 ns, Total: 117001 ns
[4730.044s][info ][safepoint      ] Safepoint "Cleanup", Time since last: 8000561093 ns, Reaching safepoint: 113800 ns, At safepoint: 10200 ns, Total: 124000 ns
[4736.045s][info ][safepoint      ] Safepoint "Cleanup", Time since last: 6000449269 ns, Reaching safepoint: 114700 ns, At safepoint: 27201 ns, Total: 141901 ns
[4738.045s][info ][safepoint      ] Safepoint "Cleanup", Time since last: 2000165222 ns, Reaching safepoint: 108501 ns, At safepoint: 8400 ns, Total: 116901 ns
[4738.542s][info ][gc,start       ] GC(242) Pause Young (Allocation Failure)
[4738.543s][debug][gc,phases      ] GC(242) Scavenge 1.469ms
[4738.543s][debug][gc,ref         ] GC(242) Skipped phase 1 of Reference Processing: no references
[4738.543s][debug][gc,ref         ] GC(242) ReferenceProcessor::execute queues: 1, RefProcThreadModel::Single, marks_oops_alive: false
[4738.543s][debug][gc,ref         ] GC(242) Skipped phase 3 of Reference Processing: no references
[4738.543s][debug][gc,ref         ] GC(242) Skipped phase 4 of Reference Processing: no references
[4738.543s][debug][gc,phases      ] GC(242) Reference Processing 0.084ms
[4738.544s][debug][gc,phases      ] GC(242)   VM Weak                        Min:  0.0, Avg:  0.0, Max:  0.0, Diff:  0.0, Sum:  0.0, Workers: 4
[4738.544s][debug][gc,phases      ] GC(242)     Dead                           Min: 0, Avg:  0.0, Max: 0, Diff: 0, Sum: 0, Workers: 4
[4738.544s][debug][gc,phases      ] GC(242)     Total                          Min: 0, Avg: 129.8, Max: 323, Diff: 323, Sum: 519, Workers: 4
[4738.544s][debug][gc,phases      ] GC(242)   ObjectSynchronizer Weak        Min:  0.0, Avg:  0.0, Max:  0.0, Diff:  0.0, Sum:  0.0, Workers: 4
[4738.544s][debug][gc,phases      ] GC(242)     Dead                           Min: 0, Avg:  0.0, Max: 0, Diff: 0, Sum: 0, Workers: 4
[4738.544s][debug][gc,phases      ] GC(242)     Total                          Min: 0, Avg: 121.2, Max: 256, Diff: 256, Sum: 485, Workers: 4
[4738.544s][debug][gc,phases      ] GC(242)   JVMTI Tag Weak OopStorage      Min:  0.0, Avg:  0.0, Max:  0.0, Diff:  0.0, Sum:  0.0, Workers: 4
[4738.544s][debug][gc,phases      ] GC(242)     Dead                           Min: 0, Avg:  0.0, Max: 0, Diff: 0, Sum: 0, Workers: 4
[4738.544s][debug][gc,phases      ] GC(242)     Total                          Min: 0, Avg:  0.0, Max: 0, Diff: 0, Sum: 0, Workers: 4
[4738.544s][debug][gc,phases      ] GC(242)   StringTable Weak               Min:  0.1, Avg:  0.1, Max:  0.1, Diff:  0.0, Sum:  0.3, Workers: 4
[4738.544s][debug][gc,phases      ] GC(242)     Dead                           Min: 0, Avg:  0.0, Max: 0, Diff: 0, Sum: 0, Workers: 4
[4738.544s][debug][gc,phases      ] GC(242)     Total                          Min: 11520, Avg: 12071.0, Max: 12480, Diff: 960, Sum: 48284, Workers: 4
[4738.544s][debug][gc,phases      ] GC(242)   ResolvedMethodTable Weak       Min:  0.0, Avg:  0.0, Max:  0.0, Diff:  0.0, Sum:  0.1, Workers: 4
[4738.544s][debug][gc,phases      ] GC(242)     Dead                           Min: 0, Avg:  0.0, Max: 0, Diff: 0, Sum: 0, Workers: 4
[4738.544s][debug][gc,phases      ] GC(242)     Total                          Min: 1983, Avg: 2046.0, Max: 2111, Diff: 128, Sum: 8184, Workers: 4
[4738.544s][debug][gc,phases      ] GC(242)   JNI Weak                       Min:  0.0, Avg:  0.0, Max:  0.0, Diff:  0.0, Sum:  0.0, Workers: 4
[4738.544s][debug][gc,phases      ] GC(242)     Dead                           Min: 0, Avg:  0.0, Max: 0, Diff: 0, Sum: 0, Workers: 4
[4738.544s][debug][gc,phases      ] GC(242)     Total                          Min: 0, Avg:  0.0, Max: 0, Diff: 0, Sum: 0, Workers: 4
[4738.544s][debug][gc,phases      ] GC(242)   StringDedup Table Weak         Min:  0.0, Avg:  0.0, Max:  0.0, Diff:  0.0, Sum:  0.0, Workers: 4
[4738.544s][debug][gc,phases      ] GC(242)     Dead                           Min: 0, Avg:  0.0, Max: 0, Diff: 0, Sum: 0, Workers: 4
[4738.544s][debug][gc,phases      ] GC(242)     Total                          Min: 0, Avg:  0.0, Max: 0, Diff: 0, Sum: 0, Workers: 4
[4738.544s][debug][gc,phases      ] GC(242)   StringDedup Requests0 Weak     Min:  0.0, Avg:  0.0, Max:  0.0, Diff:  0.0, Sum:  0.0, Workers: 4
[4738.544s][debug][gc,phases      ] GC(242)     Dead                           Min: 0, Avg:  0.0, Max: 0, Diff: 0, Sum: 0, Workers: 4
[4738.544s][debug][gc,phases      ] GC(242)     Total                          Min: 0, Avg:  0.0, Max: 0, Diff: 0, Sum: 0, Workers: 4
[4738.544s][debug][gc,phases      ] GC(242)   StringDedup Requests1 Weak     Min:  0.0, Avg:  0.0, Max:  0.0, Diff:  0.0, Sum:  0.0, Workers: 4
[4738.544s][debug][gc,phases      ] GC(242)     Dead                           Min: 0, Avg:  0.0, Max: 0, Diff: 0, Sum: 0, Workers: 4
[4738.544s][debug][gc,phases      ] GC(242)     Total                          Min: 0, Avg:  0.0, Max: 0, Diff: 0, Sum: 0, Workers: 4
[4738.544s][debug][gc,phases      ] GC(242)   Weak JFR Old Object Samples    Min:  0.0, Avg:  0.0, Max:  0.0, Diff:  0.0, Sum:  0.0, Workers: 4
[4738.544s][debug][gc,phases      ] GC(242)     Dead                           Min: 0, Avg:  0.0, Max: 0, Diff: 0, Sum: 0, Workers: 4
[4738.544s][debug][gc,phases      ] GC(242)     Total                          Min: 0, Avg:  0.0, Max: 0, Diff: 0, Sum: 0, Workers: 4
[4738.544s][debug][gc,phases      ] GC(242) Weak Processing 0.235ms
[4738.544s][debug][gc,age         ] GC(242) Desired survivor size 47710208 bytes, new threshold 15 (max threshold 15)
[4738.544s][info ][gc,heap        ] GC(242) PSYoungGen: 1996816K(2047488K)->1488K(2044928K) Eden: 1995264K(1995264K)->0K(1995264K) From: 1552K(52224K)->1488K(49664K)
[4738.544s][info ][gc,heap        ] GC(242) ParOldGen: 447969K(548864K)->447969K(548864K)
[4738.544s][info ][gc,metaspace   ] GC(242) Metaspace: 81504K(82432K)->81504K(82432K) NonClass: 70162K(70656K)->70162K(70656K) Class: 11341K(11776K)->11341K(11776K)
[4738.544s][info ][gc             ] GC(242) Pause Young (Allocation Failure) 2387M->438M(2533M) 1.868ms
[4738.544s][info ][gc,cpu         ] GC(242) User=0.01s Sys=0.00s Real=0.00s
[4738.544s][info ][safepoint      ] Safepoint "ParallelGCFailedAllocation", Time since last: 496549039 ns, Reaching safepoint: 97200 ns, At safepoint: 1938410 ns, Total: 2035610 ns
[4739.544s][info ][safepoint      ] Safepoint "Cleanup", Time since last: 1000078111 ns, Reaching safepoint: 45000 ns, At safepoint: 5200 ns, Total: 50200 ns
[4741.544s][info ][safepoint      ] Safepoint "Cleanup", Time since last: 2000175722 ns, Reaching safepoint: 114601 ns, At safepoint: 7800 ns, Total: 122401 ns
[4746.545s][info ][safepoint      ] Safepoint "Cleanup", Time since last: 5000393155 ns, Reaching safepoint: 107601 ns, At safepoint: 6000 ns, Total: 113601 ns
[4758.045s][info ][gc,start       ] GC(243) Pause Young (Allocation Failure)
[4758.047s][debug][gc,phases      ] GC(243) Scavenge 1.947ms
[4758.047s][debug][gc,ref         ] GC(243) Skipped phase 1 of Reference Processing: no references
[4758.047s][debug][gc,ref         ] GC(243) ReferenceProcessor::execute queues: 1, RefProcThreadModel::Single, marks_oops_alive: false
[4758.047s][debug][gc,ref         ] GC(243) Skipped phase 3 of Reference Processing: no references
[4758.047s][debug][gc,ref         ] GC(243) Skipped phase 4 of Reference Processing: no references
[4758.047s][debug][gc,phases      ] GC(243) Reference Processing 0.090ms
[4758.047s][debug][gc,phases      ] GC(243)   VM Weak                        Min:  0.0, Avg:  0.0, Max:  0.0, Diff:  0.0, Sum:  0.0, Workers: 4
[4758.047s][debug][gc,phases      ] GC(243)     Dead                           Min: 0, Avg:  0.0, Max: 0, Diff: 0, Sum: 0, Workers: 4
[4758.048s][debug][gc,phases      ] GC(243)     Total                          Min: 0, Avg: 129.8, Max: 519, Diff: 519, Sum: 519, Workers: 4
[4758.048s][debug][gc,phases      ] GC(243)   ObjectSynchronizer Weak        Min:  0.0, Avg:  0.0, Max:  0.0, Diff:  0.0, Sum:  0.0, Workers: 4
[4758.048s][debug][gc,phases      ] GC(243)     Dead                           Min: 0, Avg:  0.0, Max: 0, Diff: 0, Sum: 0, Workers: 4
[4758.048s][debug][gc,phases      ] GC(243)     Total                          Min: 0, Avg: 121.2, Max: 448, Diff: 448, Sum: 485, Workers: 4
[4758.048s][debug][gc,phases      ] GC(243)   JVMTI Tag Weak OopStorage      Min:  0.0, Avg:  0.0, Max:  0.0, Diff:  0.0, Sum:  0.0, Workers: 4
[4758.048s][debug][gc,phases      ] GC(243)     Dead                           Min: 0, Avg:  0.0, Max: 0, Diff: 0, Sum: 0, Workers: 4
[4758.048s][debug][gc,phases      ] GC(243)     Total                          Min: 0, Avg:  0.0, Max: 0, Diff: 0, Sum: 0, Workers: 4
[4758.048s][debug][gc,phases      ] GC(243)   StringTable Weak               Min:  0.1, Avg:  0.1, Max:  0.1, Diff:  0.0, Sum:  0.4, Workers: 4
[4758.048s][debug][gc,phases      ] GC(243)     Dead                           Min: 0, Avg:  0.0, Max: 0, Diff: 0, Sum: 0, Workers: 4
[4758.048s][debug][gc,phases      ] GC(243)     Total                          Min: 9052, Avg: 12071.0, Max: 15232, Diff: 6180, Sum: 48284, Workers: 4
[4758.048s][debug][gc,phases      ] GC(243)   ResolvedMethodTable Weak       Min:  0.0, Avg:  0.0, Max:  0.0, Diff:  0.0, Sum:  0.1, Workers: 4
[4758.048s][debug][gc,phases      ] GC(243)     Dead                           Min: 0, Avg:  0.0, Max: 0, Diff: 0, Sum: 0, Workers: 4
[4758.048s][debug][gc,phases      ] GC(243)     Total                          Min: 1535, Avg: 2046.0, Max: 2493, Diff: 958, Sum: 8184, Workers: 4
[4758.048s][debug][gc,phases      ] GC(243)   JNI Weak                       Min:  0.0, Avg:  0.0, Max:  0.0, Diff:  0.0, Sum:  0.0, Workers: 4
[4758.048s][debug][gc,phases      ] GC(243)     Dead                           Min: 0, Avg:  0.0, Max: 0, Diff: 0, Sum: 0, Workers: 4
[4758.048s][debug][gc,phases      ] GC(243)     Total                          Min: 0, Avg:  0.0, Max: 0, Diff: 0, Sum: 0, Workers: 4
[4758.048s][debug][gc,phases      ] GC(243)   StringDedup Table Weak         Min:  0.0, Avg:  0.0, Max:  0.0, Diff:  0.0, Sum:  0.0, Workers: 4
[4758.048s][debug][gc,phases      ] GC(243)     Dead                           Min: 0, Avg:  0.0, Max: 0, Diff: 0, Sum: 0, Workers: 4
[4758.048s][debug][gc,phases      ] GC(243)     Total                          Min: 0, Avg:  0.0, Max: 0, Diff: 0, Sum: 0, Workers: 4
[4758.048s][debug][gc,phases      ] GC(243)   StringDedup Requests0 Weak     Min:  0.0, Avg:  0.0, Max:  0.0, Diff:  0.0, Sum:  0.0, Workers: 4
[4758.048s][debug][gc,phases      ] GC(243)     Dead                           Min: 0, Avg:  0.0, Max: 0, Diff: 0, Sum: 0, Workers: 4
[4758.048s][debug][gc,phases      ] GC(243)     Total                          Min: 0, Avg:  0.0, Max: 0, Diff: 0, Sum: 0, Workers: 4
[4758.048s][debug][gc,phases      ] GC(243)   StringDedup Requests1 Weak     Min:  0.0, Avg:  0.0, Max:  0.0, Diff:  0.0, Sum:  0.0, Workers: 4
[4758.048s][debug][gc,phases      ] GC(243)     Dead                           Min: 0, Avg:  0.0, Max: 0, Diff: 0, Sum: 0, Workers: 4
[4758.048s][debug][gc,phases      ] GC(243)     Total                          Min: 0, Avg:  0.0, Max: 0, Diff: 0, Sum: 0, Workers: 4
[4758.048s][debug][gc,phases      ] GC(243)   Weak JFR Old Object Samples    Min:  0.0, Avg:  0.0, Max:  0.0, Diff:  0.0, Sum:  0.0, Workers: 4
[4758.048s][debug][gc,phases      ] GC(243)     Dead                           Min: 0, Avg:  0.0, Max: 0, Diff: 0, Sum: 0, Workers: 4
[4758.048s][debug][gc,phases      ] GC(243)     Total                          Min: 0, Avg:  0.0, Max: 0, Diff: 0, Sum: 0, Workers: 4
[4758.048s][debug][gc,phases      ] GC(243) Weak Processing 0.257ms
[4758.048s][debug][gc,age         ] GC(243) Desired survivor size 45088768 bytes, new threshold 15 (max threshold 15)
[4758.048s][info ][gc,heap        ] GC(243) PSYoungGen: 1996752K(2044928K)->1488K(2053120K) Eden: 1995264K(1995264K)->0K(2006528K) From: 1488K(49664K)->1488K(46592K)
[4758.048s][info ][gc,heap        ] GC(243) ParOldGen: 447969K(548864K)->447969K(548864K)
[4758.048s][info ][gc,metaspace   ] GC(243) Metaspace: 81506K(82432K)->81506K(82432K) NonClass: 70164K(70656K)->70164K(70656K) Class: 11341K(11776K)->11341K(11776K)
[4758.048s][info ][gc             ] GC(243) Pause Young (Allocation Failure) 2387M->438M(2541M) 2.369ms
[4758.048s][info ][gc,cpu         ] GC(243) User=0.00s Sys=0.00s Real=0.00s
[4758.048s][info ][safepoint      ] Safepoint "ParallelGCFailedAllocation", Time since last: 11500403771 ns, Reaching safepoint: 118001 ns, At safepoint: 2433511 ns, Total: 2551512 ns
[4761.048s][info ][safepoint      ] Safepoint "Cleanup", Time since last: 3000214032 ns, Reaching safepoint: 47600 ns, At safepoint: 5100 ns, Total: 52700 ns
[4770.049s][info ][safepoint      ] Safepoint "Cleanup", Time since last: 9000619292 ns, Reaching safepoint: 58601 ns, At safepoint: 13600 ns, Total: 72201 ns
[4777.049s][info ][safepoint      ] Safepoint "Cleanup", Time since last: 7000440970 ns, Reaching safepoint: 43400 ns, At safepoint: 7700 ns, Total: 51100 ns
[4779.442s][info ][gc,start       ] GC(244) Pause Young (Allocation Failure)
[4779.444s][debug][gc,phases      ] GC(244) Scavenge 1.801ms
[4779.444s][debug][gc,ref         ] GC(244) Skipped phase 1 of Reference Processing: no references
[4779.444s][debug][gc,ref         ] GC(244) ReferenceProcessor::execute queues: 1, RefProcThreadModel::Single, marks_oops_alive: false
[4779.444s][debug][gc,ref         ] GC(244) Skipped phase 3 of Reference Processing: no references
[4779.444s][debug][gc,ref         ] GC(244) Skipped phase 4 of Reference Processing: no references
[4779.444s][debug][gc,phases      ] GC(244) Reference Processing 0.091ms
[4779.444s][debug][gc,phases      ] GC(244)   VM Weak                        Min:  0.0, Avg:  0.0, Max:  0.0, Diff:  0.0, Sum:  0.0, Workers: 4
[4779.444s][debug][gc,phases      ] GC(244)     Dead                           Min: 0, Avg:  0.0, Max: 0, Diff: 0, Sum: 0, Workers: 4
[4779.444s][debug][gc,phases      ] GC(244)     Total                          Min: 0, Avg: 129.8, Max: 422, Diff: 422, Sum: 519, Workers: 4
[4779.444s][debug][gc,phases      ] GC(244)   ObjectSynchronizer Weak        Min:  0.0, Avg:  0.0, Max:  0.0, Diff:  0.0, Sum:  0.0, Workers: 4
[4779.444s][debug][gc,phases      ] GC(244)     Dead                           Min: 0, Avg:  0.0, Max: 0, Diff: 0, Sum: 0, Workers: 4
[4779.444s][debug][gc,phases      ] GC(244)     Total                          Min: 0, Avg: 121.2, Max: 256, Diff: 256, Sum: 485, Workers: 4
[4779.444s][debug][gc,phases      ] GC(244)   JVMTI Tag Weak OopStorage      Min:  0.0, Avg:  0.0, Max:  0.0, Diff:  0.0, Sum:  0.0, Workers: 4
[4779.444s][debug][gc,phases      ] GC(244)     Dead                           Min: 0, Avg:  0.0, Max: 0, Diff: 0, Sum: 0, Workers: 4
[4779.444s][debug][gc,phases      ] GC(244)     Total                          Min: 0, Avg:  0.0, Max: 0, Diff: 0, Sum: 0, Workers: 4
[4779.444s][debug][gc,phases      ] GC(244)   StringTable Weak               Min:  0.1, Avg:  0.1, Max:  0.1, Diff:  0.0, Sum:  0.3, Workers: 4
[4779.444s][debug][gc,phases      ] GC(244)     Dead                           Min: 0, Avg:  0.0, Max: 0, Diff: 0, Sum: 0, Workers: 4
[4779.444s][debug][gc,phases      ] GC(244)     Total                          Min: 9152, Avg: 12071.0, Max: 14912, Diff: 5760, Sum: 48284, Workers: 4
[4779.444s][debug][gc,phases      ] GC(244)   ResolvedMethodTable Weak       Min:  0.0, Avg:  0.0, Max:  0.0, Diff:  0.0, Sum:  0.1, Workers: 4
[4779.444s][debug][gc,phases      ] GC(244)     Dead                           Min: 0, Avg:  0.0, Max: 0, Diff: 0, Sum: 0, Workers: 4
[4779.444s][debug][gc,phases      ] GC(244)     Total                          Min: 1662, Avg: 2046.0, Max: 2430, Diff: 768, Sum: 8184, Workers: 4
[4779.444s][debug][gc,phases      ] GC(244)   JNI Weak                       Min:  0.0, Avg:  0.0, Max:  0.0, Diff:  0.0, Sum:  0.0, Workers: 4
[4779.444s][debug][gc,phases      ] GC(244)     Dead                           Min: 0, Avg:  0.0, Max: 0, Diff: 0, Sum: 0, Workers: 4
[4779.444s][debug][gc,phases      ] GC(244)     Total                          Min: 0, Avg:  0.0, Max: 0, Diff: 0, Sum: 0, Workers: 4
[4779.444s][debug][gc,phases      ] GC(244)   StringDedup Table Weak         Min:  0.0, Avg:  0.0, Max:  0.0, Diff:  0.0, Sum:  0.0, Workers: 4
[4779.444s][debug][gc,phases      ] GC(244)     Dead                           Min: 0, Avg:  0.0, Max: 0, Diff: 0, Sum: 0, Workers: 4
[4779.444s][debug][gc,phases      ] GC(244)     Total                          Min: 0, Avg:  0.0, Max: 0, Diff: 0, Sum: 0, Workers: 4
[4779.444s][debug][gc,phases      ] GC(244)   StringDedup Requests0 Weak     Min:  0.0, Avg:  0.0, Max:  0.0, Diff:  0.0, Sum:  0.0, Workers: 4
[4779.444s][debug][gc,phases      ] GC(244)     Dead                           Min: 0, Avg:  0.0, Max: 0, Diff: 0, Sum: 0, Workers: 4
[4779.444s][debug][gc,phases      ] GC(244)     Total                          Min: 0, Avg:  0.0, Max: 0, Diff: 0, Sum: 0, Workers: 4
[4779.444s][debug][gc,phases      ] GC(244)   StringDedup Requests1 Weak     Min:  0.0, Avg:  0.0, Max:  0.0, Diff:  0.0, Sum:  0.0, Workers: 4
[4779.444s][debug][gc,phases      ] GC(244)     Dead                           Min: 0, Avg:  0.0, Max: 0, Diff: 0, Sum: 0, Workers: 4
[4779.444s][debug][gc,phases      ] GC(244)     Total                          Min: 0, Avg:  0.0, Max: 0, Diff: 0, Sum: 0, Workers: 4
[4779.444s][debug][gc,phases      ] GC(244)   Weak JFR Old Object Samples    Min:  0.0, Avg:  0.0, Max:  0.0, Diff:  0.0, Sum:  0.0, Workers: 4
[4779.444s][debug][gc,phases      ] GC(244)     Dead                           Min: 0, Avg:  0.0, Max: 0, Diff: 0, Sum: 0, Workers: 4
[4779.444s][debug][gc,phases      ] GC(244)     Total                          Min: 0, Avg:  0.0, Max: 0, Diff: 0, Sum: 0, Workers: 4
[4779.444s][debug][gc,phases      ] GC(244) Weak Processing 0.250ms
[4779.444s][debug][gc,age         ] GC(244) Desired survivor size 42467328 bytes, new threshold 15 (max threshold 15)
[4779.444s][info ][gc,heap        ] GC(244) PSYoungGen: 2008016K(2053120K)->1520K(2050560K) Eden: 2006528K(2006528K)->0K(2006528K) From: 1488K(46592K)->1520K(44032K)
[4779.444s][info ][gc,heap        ] GC(244) ParOldGen: 447969K(548864K)->448009K(548864K)
[4779.444s][info ][gc,metaspace   ] GC(244) Metaspace: 81506K(82432K)->81506K(82432K) NonClass: 70164K(70656K)->70164K(70656K) Class: 11341K(11776K)->11341K(11776K)
[4779.444s][info ][gc             ] GC(244) Pause Young (Allocation Failure) 2398M->438M(2538M) 2.235ms
[4779.444s][info ][gc,cpu         ] GC(244) User=0.01s Sys=0.01s Real=0.00s
[4779.444s][info ][safepoint      ] Safepoint "ParallelGCFailedAllocation", Time since last: 2392913069 ns, Reaching safepoint: 32101 ns, At safepoint: 2299610 ns, Total: 2331711 ns
[4789.445s][info ][safepoint      ] Safepoint "Cleanup", Time since last: 10000768897 ns, Reaching safepoint: 46801 ns, At safepoint: 10300 ns, Total: 57101 ns
[4794.446s][info ][safepoint      ] Safepoint "Cleanup", Time since last: 5000362147 ns, Reaching safepoint: 115400 ns, At safepoint: 7800 ns, Total: 123200 ns
[4799.446s][info ][safepoint      ] Safepoint "Cleanup", Time since last: 5000388247 ns, Reaching safepoint: 46800 ns, At safepoint: 7400 ns, Total: 54200 ns
[4801.242s][info ][gc,start       ] GC(245) Pause Young (Allocation Failure)
[4801.243s][debug][gc,phases      ] GC(245) Scavenge 1.320ms
[4801.243s][debug][gc,ref         ] GC(245) Skipped phase 1 of Reference Processing: no references
[4801.243s][debug][gc,ref         ] GC(245) Skipped phase 2 of Reference Processing: no references
[4801.243s][debug][gc,ref         ] GC(245) Skipped phase 3 of Reference Processing: no references
[4801.243s][debug][gc,ref         ] GC(245) Skipped phase 4 of Reference Processing: no references
[4801.243s][debug][gc,phases      ] GC(245) Reference Processing 0.018ms
[4801.243s][debug][gc,phases      ] GC(245)   VM Weak                        Min:  0.0, Avg:  0.0, Max:  0.0, Diff:  0.0, Sum:  0.0, Workers: 4
[4801.243s][debug][gc,phases      ] GC(245)     Dead                           Min: 0, Avg:  0.0, Max: 0, Diff: 0, Sum: 0, Workers: 4
[4801.243s][debug][gc,phases      ] GC(245)     Total                          Min: 0, Avg: 129.8, Max: 503, Diff: 503, Sum: 519, Workers: 4
[4801.243s][debug][gc,phases      ] GC(245)   ObjectSynchronizer Weak        Min:  0.0, Avg:  0.0, Max:  0.0, Diff:  0.0, Sum:  0.0, Workers: 4
[4801.243s][debug][gc,phases      ] GC(245)     Dead                           Min: 0, Avg:  0.0, Max: 0, Diff: 0, Sum: 0, Workers: 4
[4801.243s][debug][gc,phases      ] GC(245)     Total                          Min: 0, Avg: 121.2, Max: 256, Diff: 256, Sum: 485, Workers: 4
[4801.243s][debug][gc,phases      ] GC(245)   JVMTI Tag Weak OopStorage      Min:  0.0, Avg:  0.0, Max:  0.0, Diff:  0.0, Sum:  0.0, Workers: 4
[4801.243s][debug][gc,phases      ] GC(245)     Dead                           Min: 0, Avg:  0.0, Max: 0, Diff: 0, Sum: 0, Workers: 4
[4801.243s][debug][gc,phases      ] GC(245)     Total                          Min: 0, Avg:  0.0, Max: 0, Diff: 0, Sum: 0, Workers: 4
[4801.243s][debug][gc,phases      ] GC(245)   StringTable Weak               Min:  0.1, Avg:  0.1, Max:  0.1, Diff:  0.0, Sum:  0.3, Workers: 4
[4801.243s][debug][gc,phases      ] GC(245)     Dead                           Min: 0, Avg:  0.0, Max: 0, Diff: 0, Sum: 0, Workers: 4
[4801.243s][debug][gc,phases      ] GC(245)     Total                          Min: 11165, Avg: 12071.2, Max: 12544, Diff: 1379, Sum: 48285, Workers: 4
[4801.243s][debug][gc,phases      ] GC(245)   ResolvedMethodTable Weak       Min:  0.0, Avg:  0.0, Max:  0.0, Diff:  0.0, Sum:  0.1, Workers: 4
[4801.243s][debug][gc,phases      ] GC(245)     Dead                           Min: 0, Avg:  0.0, Max: 0, Diff: 0, Sum: 0, Workers: 4
[4801.244s][debug][gc,phases      ] GC(245)     Total                          Min: 1982, Avg: 2046.0, Max: 2107, Diff: 125, Sum: 8184, Workers: 4
[4801.244s][debug][gc,phases      ] GC(245)   JNI Weak                       Min:  0.0, Avg:  0.0, Max:  0.0, Diff:  0.0, Sum:  0.0, Workers: 4
[4801.244s][debug][gc,phases      ] GC(245)     Dead                           Min: 0, Avg:  0.0, Max: 0, Diff: 0, Sum: 0, Workers: 4
[4801.244s][debug][gc,phases      ] GC(245)     Total                          Min: 0, Avg:  0.0, Max: 0, Diff: 0, Sum: 0, Workers: 4
[4801.244s][debug][gc,phases      ] GC(245)   StringDedup Table Weak         Min:  0.0, Avg:  0.0, Max:  0.0, Diff:  0.0, Sum:  0.0, Workers: 4
[4801.244s][debug][gc,phases      ] GC(245)     Dead                           Min: 0, Avg:  0.0, Max: 0, Diff: 0, Sum: 0, Workers: 4
[4801.244s][debug][gc,phases      ] GC(245)     Total                          Min: 0, Avg:  0.0, Max: 0, Diff: 0, Sum: 0, Workers: 4
[4801.244s][debug][gc,phases      ] GC(245)   StringDedup Requests0 Weak     Min:  0.0, Avg:  0.0, Max:  0.0, Diff:  0.0, Sum:  0.0, Workers: 4
[4801.244s][debug][gc,phases      ] GC(245)     Dead                           Min: 0, Avg:  0.0, Max: 0, Diff: 0, Sum: 0, Workers: 4
[4801.244s][debug][gc,phases      ] GC(245)     Total                          Min: 0, Avg:  0.0, Max: 0, Diff: 0, Sum: 0, Workers: 4
[4801.244s][debug][gc,phases      ] GC(245)   StringDedup Requests1 Weak     Min:  0.0, Avg:  0.0, Max:  0.0, Diff:  0.0, Sum:  0.0, Workers: 4
[4801.244s][debug][gc,phases      ] GC(245)     Dead                           Min: 0, Avg:  0.0, Max: 0, Diff: 0, Sum: 0, Workers: 4
[4801.244s][debug][gc,phases      ] GC(245)     Total                          Min: 0, Avg:  0.0, Max: 0, Diff: 0, Sum: 0, Workers: 4
[4801.244s][debug][gc,phases      ] GC(245)   Weak JFR Old Object Samples    Min:  0.0, Avg:  0.0, Max:  0.0, Diff:  0.0, Sum:  0.0, Workers: 4
[4801.244s][debug][gc,phases      ] GC(245)     Dead                           Min: 0, Avg:  0.0, Max: 0, Diff: 0, Sum: 0, Workers: 4
[4801.244s][debug][gc,phases      ] GC(245)     Total                          Min: 0, Avg:  0.0, Max: 0, Diff: 0, Sum: 0, Workers: 4
[4801.244s][debug][gc,phases      ] GC(245) Weak Processing 0.239ms
[4801.244s][debug][gc,age         ] GC(245) Desired survivor size 40370176 bytes, new threshold 15 (max threshold 15)
[4801.244s][info ][gc,heap        ] GC(245) PSYoungGen: 2008048K(2050560K)->1440K(2057728K) Eden: 2006528K(2006528K)->0K(2016256K) From: 1520K(44032K)->1440K(41472K)
[4801.244s][info ][gc,heap        ] GC(245) ParOldGen: 448009K(548864K)->448041K(548864K)
[4801.244s][info ][gc,metaspace   ] GC(245) Metaspace: 81507K(82432K)->81507K(82432K) NonClass: 70165K(70656K)->70165K(70656K) Class: 11342K(11776K)->11342K(11776K)
[4801.244s][info ][gc             ] GC(245) Pause Young (Allocation Failure) 2398M->438M(2545M) 1.661ms
[4801.244s][info ][gc,cpu         ] GC(245) User=0.01s Sys=0.00s Real=0.00s
[4801.244s][info ][safepoint      ] Safepoint "ParallelGCFailedAllocation", Time since last: 1795751856 ns, Reaching safepoint: 24200 ns, At safepoint: 1723008 ns, Total: 1747208 ns
[4810.244s][info ][safepoint      ] Safepoint "Cleanup", Time since last: 9000697782 ns, Reaching safepoint: 124800 ns, At safepoint: 19700 ns, Total: 144500 ns
[4820.245s][info ][safepoint      ] Safepoint "Cleanup", Time since last: 10000727488 ns, Reaching safepoint: 113200 ns, At safepoint: 7500 ns, Total: 120700 ns
[4822.460s][info ][gc,start       ] GC(246) Pause Young (Allocation Failure)
[4822.461s][debug][gc,phases      ] GC(246) Scavenge 1.638ms
[4822.461s][debug][gc,ref         ] GC(246) Skipped phase 1 of Reference Processing: no references
[4822.461s][debug][gc,ref         ] GC(246) Skipped phase 2 of Reference Processing: no references
[4822.461s][debug][gc,ref         ] GC(246) Skipped phase 3 of Reference Processing: no references
[4822.462s][debug][gc,ref         ] GC(246) Skipped phase 4 of Reference Processing: no references
[4822.462s][debug][gc,phases      ] GC(246) Reference Processing 0.019ms
[4822.462s][debug][gc,phases      ] GC(246)   VM Weak                        Min:  0.0, Avg:  0.0, Max:  0.0, Diff:  0.0, Sum:  0.0, Workers: 4
[4822.462s][debug][gc,phases      ] GC(246)     Dead                           Min: 0, Avg:  0.0, Max: 0, Diff: 0, Sum: 0, Workers: 4
[4822.462s][debug][gc,phases      ] GC(246)     Total                          Min: 0, Avg: 129.8, Max: 503, Diff: 503, Sum: 519, Workers: 4
[4822.462s][debug][gc,phases      ] GC(246)   ObjectSynchronizer Weak        Min:  0.0, Avg:  0.0, Max:  0.0, Diff:  0.0, Sum:  0.0, Workers: 4
[4822.462s][debug][gc,phases      ] GC(246)     Dead                           Min: 0, Avg:  0.0, Max: 0, Diff: 0, Sum: 0, Workers: 4
[4822.462s][debug][gc,phases      ] GC(246)     Total                          Min: 0, Avg: 121.2, Max: 293, Diff: 293, Sum: 485, Workers: 4
[4822.462s][debug][gc,phases      ] GC(246)   JVMTI Tag Weak OopStorage      Min:  0.0, Avg:  0.0, Max:  0.0, Diff:  0.0, Sum:  0.0, Workers: 4
[4822.462s][debug][gc,phases      ] GC(246)     Dead                           Min: 0, Avg:  0.0, Max: 0, Diff: 0, Sum: 0, Workers: 4
[4822.462s][debug][gc,phases      ] GC(246)     Total                          Min: 0, Avg:  0.0, Max: 0, Diff: 0, Sum: 0, Workers: 4
[4822.462s][debug][gc,phases      ] GC(246)   StringTable Weak               Min:  0.1, Avg:  0.1, Max:  0.1, Diff:  0.0, Sum:  0.3, Workers: 4
[4822.462s][debug][gc,phases      ] GC(246)     Dead                           Min: 0, Avg:  0.0, Max: 0, Diff: 0, Sum: 0, Workers: 4
[4822.462s][debug][gc,phases      ] GC(246)     Total                          Min: 11165, Avg: 12071.2, Max: 12480, Diff: 1315, Sum: 48285, Workers: 4
[4822.462s][debug][gc,phases      ] GC(246)   ResolvedMethodTable Weak       Min:  0.0, Avg:  0.0, Max:  0.0, Diff:  0.0, Sum:  0.1, Workers: 4
[4822.462s][debug][gc,phases      ] GC(246)     Dead                           Min: 0, Avg:  0.0, Max: 0, Diff: 0, Sum: 0, Workers: 4
[4822.462s][debug][gc,phases      ] GC(246)     Total                          Min: 1916, Avg: 2046.0, Max: 2237, Diff: 321, Sum: 8184, Workers: 4
[4822.462s][debug][gc,phases      ] GC(246)   JNI Weak                       Min:  0.0, Avg:  0.0, Max:  0.0, Diff:  0.0, Sum:  0.0, Workers: 4
[4822.462s][debug][gc,phases      ] GC(246)     Dead                           Min: 0, Avg:  0.0, Max: 0, Diff: 0, Sum: 0, Workers: 4
[4822.462s][debug][gc,phases      ] GC(246)     Total                          Min: 0, Avg:  0.0, Max: 0, Diff: 0, Sum: 0, Workers: 4
[4822.462s][debug][gc,phases      ] GC(246)   StringDedup Table Weak         Min:  0.0, Avg:  0.0, Max:  0.0, Diff:  0.0, Sum:  0.0, Workers: 4
[4822.462s][debug][gc,phases      ] GC(246)     Dead                           Min: 0, Avg:  0.0, Max: 0, Diff: 0, Sum: 0, Workers: 4
[4822.462s][debug][gc,phases      ] GC(246)     Total                          Min: 0, Avg:  0.0, Max: 0, Diff: 0, Sum: 0, Workers: 4
[4822.462s][debug][gc,phases      ] GC(246)   StringDedup Requests0 Weak     Min:  0.0, Avg:  0.0, Max:  0.0, Diff:  0.0, Sum:  0.0, Workers: 4
[4822.462s][debug][gc,phases      ] GC(246)     Dead                           Min: 0, Avg:  0.0, Max: 0, Diff: 0, Sum: 0, Workers: 4
[4822.462s][debug][gc,phases      ] GC(246)     Total                          Min: 0, Avg:  0.0, Max: 0, Diff: 0, Sum: 0, Workers: 4
[4822.462s][debug][gc,phases      ] GC(246)   StringDedup Requests1 Weak     Min:  0.0, Avg:  0.0, Max:  0.0, Diff:  0.0, Sum:  0.0, Workers: 4
[4822.462s][debug][gc,phases      ] GC(246)     Dead                           Min: 0, Avg:  0.0, Max: 0, Diff: 0, Sum: 0, Workers: 4
[4822.462s][debug][gc,phases      ] GC(246)     Total                          Min: 0, Avg:  0.0, Max: 0, Diff: 0, Sum: 0, Workers: 4
[4822.462s][debug][gc,phases      ] GC(246)   Weak JFR Old Object Samples    Min:  0.0, Avg:  0.0, Max:  0.0, Diff:  0.0, Sum:  0.0, Workers: 4
[4822.462s][debug][gc,phases      ] GC(246)     Dead                           Min: 0, Avg:  0.0, Max: 0, Diff: 0, Sum: 0, Workers: 4
[4822.462s][debug][gc,phases      ] GC(246)     Total                          Min: 0, Avg:  0.0, Max: 0, Diff: 0, Sum: 0, Workers: 4
[4822.462s][debug][gc,phases      ] GC(246) Weak Processing 0.239ms
[4822.462s][debug][gc,age         ] GC(246) Desired survivor size 37748736 bytes, new threshold 15 (max threshold 15)
[4822.462s][info ][gc,heap        ] GC(246) PSYoungGen: 2017696K(2057728K)->1360K(2055680K) Eden: 2016256K(2016256K)->0K(2016256K) From: 1440K(41472K)->1360K(39424K)
[4822.462s][info ][gc,heap        ] GC(246) ParOldGen: 448041K(548864K)->448129K(548864K)
[4822.462s][info ][gc,metaspace   ] GC(246) Metaspace: 81515K(82432K)->81515K(82432K) NonClass: 70173K(70656K)->70173K(70656K) Class: 11342K(11776K)->11342K(11776K)
[4822.462s][info ][gc             ] GC(246) Pause Young (Allocation Failure) 2407M->438M(2543M) 1.983ms
[4822.462s][info ][gc,cpu         ] GC(246) User=0.01s Sys=0.00s Real=0.01s
[4822.462s][info ][safepoint      ] Safepoint "ParallelGCFailedAllocation", Time since last: 2214422726 ns, Reaching safepoint: 33800 ns, At safepoint: 2052410 ns, Total: 2086210 ns
[4823.462s][info ][safepoint      ] Safepoint "Cleanup", Time since last: 1000089409 ns, Reaching safepoint: 35300 ns, At safepoint: 3600 ns, Total: 38900 ns
[4844.125s][info ][gc,start       ] GC(247) Pause Young (Allocation Failure)
[4844.127s][debug][gc,phases      ] GC(247) Scavenge 1.427ms
[4844.127s][debug][gc,ref         ] GC(247) Skipped phase 1 of Reference Processing: no references
[4844.127s][debug][gc,ref         ] GC(247) Skipped phase 2 of Reference Processing: no references
[4844.127s][debug][gc,ref         ] GC(247) Skipped phase 3 of Reference Processing: no references
[4844.127s][debug][gc,ref         ] GC(247) Skipped phase 4 of Reference Processing: no references
[4844.127s][debug][gc,phases      ] GC(247) Reference Processing 0.019ms
[4844.127s][debug][gc,phases      ] GC(247)   VM Weak                        Min:  0.0, Avg:  0.0, Max:  0.0, Diff:  0.0, Sum:  0.0, Workers: 4
[4844.127s][debug][gc,phases      ] GC(247)     Dead                           Min: 0, Avg:  0.0, Max: 0, Diff: 0, Sum: 0, Workers: 4
[4844.127s][debug][gc,phases      ] GC(247)     Total                          Min: 0, Avg: 129.8, Max: 519, Diff: 519, Sum: 519, Workers: 4
[4844.127s][debug][gc,phases      ] GC(247)   ObjectSynchronizer Weak        Min:  0.0, Avg:  0.0, Max:  0.0, Diff:  0.0, Sum:  0.0, Workers: 4
[4844.127s][debug][gc,phases      ] GC(247)     Dead                           Min: 0, Avg:  0.0, Max: 0, Diff: 0, Sum: 0, Workers: 4
[4844.127s][debug][gc,phases      ] GC(247)     Total                          Min: 0, Avg: 121.2, Max: 293, Diff: 293, Sum: 485, Workers: 4
[4844.127s][debug][gc,phases      ] GC(247)   JVMTI Tag Weak OopStorage      Min:  0.0, Avg:  0.0, Max:  0.0, Diff:  0.0, Sum:  0.0, Workers: 4
[4844.127s][debug][gc,phases      ] GC(247)     Dead                           Min: 0, Avg:  0.0, Max: 0, Diff: 0, Sum: 0, Workers: 4
[4844.127s][debug][gc,phases      ] GC(247)     Total                          Min: 0, Avg:  0.0, Max: 0, Diff: 0, Sum: 0, Workers: 4
[4844.127s][debug][gc,phases      ] GC(247)   StringTable Weak               Min:  0.1, Avg:  0.1, Max:  0.1, Diff:  0.0, Sum:  0.3, Workers: 4
[4844.127s][debug][gc,phases      ] GC(247)     Dead                           Min: 0, Avg:  0.0, Max: 0, Diff: 0, Sum: 0, Workers: 4
[4844.127s][debug][gc,phases      ] GC(247)     Total                          Min: 11712, Avg: 12071.2, Max: 12544, Diff: 832, Sum: 48285, Workers: 4
[4844.127s][debug][gc,phases      ] GC(247)   ResolvedMethodTable Weak       Min:  0.0, Avg:  0.0, Max:  0.0, Diff:  0.0, Sum:  0.1, Workers: 4
[4844.127s][debug][gc,phases      ] GC(247)     Dead                           Min: 0, Avg:  0.0, Max: 0, Diff: 0, Sum: 0, Workers: 4
[4844.127s][debug][gc,phases      ] GC(247)     Total                          Min: 1919, Avg: 2046.0, Max: 2173, Diff: 254, Sum: 8184, Workers: 4
[4844.127s][debug][gc,phases      ] GC(247)   JNI Weak                       Min:  0.0, Avg:  0.0, Max:  0.0, Diff:  0.0, Sum:  0.0, Workers: 4
[4844.127s][debug][gc,phases      ] GC(247)     Dead                           Min: 0, Avg:  0.0, Max: 0, Diff: 0, Sum: 0, Workers: 4
[4844.127s][debug][gc,phases      ] GC(247)     Total                          Min: 0, Avg:  0.0, Max: 0, Diff: 0, Sum: 0, Workers: 4
[4844.127s][debug][gc,phases      ] GC(247)   StringDedup Table Weak         Min:  0.0, Avg:  0.0, Max:  0.0, Diff:  0.0, Sum:  0.0, Workers: 4
[4844.127s][debug][gc,phases      ] GC(247)     Dead                           Min: 0, Avg:  0.0, Max: 0, Diff: 0, Sum: 0, Workers: 4
[4844.127s][debug][gc,phases      ] GC(247)     Total                          Min: 0, Avg:  0.0, Max: 0, Diff: 0, Sum: 0, Workers: 4
[4844.127s][debug][gc,phases      ] GC(247)   StringDedup Requests0 Weak     Min:  0.0, Avg:  0.0, Max:  0.0, Diff:  0.0, Sum:  0.0, Workers: 4
[4844.127s][debug][gc,phases      ] GC(247)     Dead                           Min: 0, Avg:  0.0, Max: 0, Diff: 0, Sum: 0, Workers: 4
[4844.127s][debug][gc,phases      ] GC(247)     Total                          Min: 0, Avg:  0.0, Max: 0, Diff: 0, Sum: 0, Workers: 4
[4844.127s][debug][gc,phases      ] GC(247)   StringDedup Requests1 Weak     Min:  0.0, Avg:  0.0, Max:  0.0, Diff:  0.0, Sum:  0.0, Workers: 4
[4844.127s][debug][gc,phases      ] GC(247)     Dead                           Min: 0, Avg:  0.0, Max: 0, Diff: 0, Sum: 0, Workers: 4
[4844.127s][debug][gc,phases      ] GC(247)     Total                          Min: 0, Avg:  0.0, Max: 0, Diff: 0, Sum: 0, Workers: 4
[4844.127s][debug][gc,phases      ] GC(247)   Weak JFR Old Object Samples    Min:  0.0, Avg:  0.0, Max:  0.0, Diff:  0.0, Sum:  0.0, Workers: 4
[4844.127s][debug][gc,phases      ] GC(247)     Dead                           Min: 0, Avg:  0.0, Max: 0, Diff: 0, Sum: 0, Workers: 4
[4844.127s][debug][gc,phases      ] GC(247)     Total                          Min: 0, Avg:  0.0, Max: 0, Diff: 0, Sum: 0, Workers: 4
[4844.127s][debug][gc,phases      ] GC(247) Weak Processing 0.238ms
[4844.127s][debug][gc,age         ] GC(247) Desired survivor size 35651584 bytes, new threshold 15 (max threshold 15)
[4844.127s][info ][gc,heap        ] GC(247) PSYoungGen: 2017616K(2055680K)->1360K(2062336K) Eden: 2016256K(2016256K)->0K(2025472K) From: 1360K(39424K)->1360K(36864K)
[4844.127s][info ][gc,heap        ] GC(247) ParOldGen: 448129K(548864K)->448177K(548864K)
[4844.127s][info ][gc,metaspace   ] GC(247) Metaspace: 81515K(82432K)->81515K(82432K) NonClass: 70173K(70656K)->70173K(70656K) Class: 11342K(11776K)->11342K(11776K)
[4844.127s][info ][gc             ] GC(247) Pause Young (Allocation Failure) 2407M->439M(2550M) 1.762ms
[4844.127s][info ][gc,cpu         ] GC(247) User=0.01s Sys=0.00s Real=0.00s
[4844.127s][info ][safepoint      ] Safepoint "ParallelGCFailedAllocation", Time since last: 20663415080 ns, Reaching safepoint: 33500 ns, At safepoint: 1830409 ns, Total: 1863909 ns
[4846.127s][info ][safepoint      ] Safepoint "Cleanup", Time since last: 2000137115 ns, Reaching safepoint: 40401 ns, At safepoint: 3400 ns, Total: 43801 ns
[4866.228s][info ][gc,start       ] GC(248) Pause Young (Allocation Failure)
[4866.229s][debug][gc,phases      ] GC(248) Scavenge 1.330ms
[4866.229s][debug][gc,ref         ] GC(248) Skipped phase 1 of Reference Processing: no references
[4866.229s][debug][gc,ref         ] GC(248) Skipped phase 2 of Reference Processing: no references
[4866.229s][debug][gc,ref         ] GC(248) Skipped phase 3 of Reference Processing: no references
[4866.229s][debug][gc,ref         ] GC(248) Skipped phase 4 of Reference Processing: no references
[4866.229s][debug][gc,phases      ] GC(248) Reference Processing 0.018ms
[4866.229s][debug][gc,phases      ] GC(248)   VM Weak                        Min:  0.0, Avg:  0.0, Max:  0.0, Diff:  0.0, Sum:  0.0, Workers: 4
[4866.229s][debug][gc,phases      ] GC(248)     Dead                           Min: 0, Avg:  0.0, Max: 0, Diff: 0, Sum: 0, Workers: 4
[4866.229s][debug][gc,phases      ] GC(248)     Total                          Min: 0, Avg: 129.8, Max: 443, Diff: 443, Sum: 519, Workers: 4
[4866.229s][debug][gc,phases      ] GC(248)   ObjectSynchronizer Weak        Min:  0.0, Avg:  0.0, Max:  0.0, Diff:  0.0, Sum:  0.0, Workers: 4
[4866.229s][debug][gc,phases      ] GC(248)     Dead                           Min: 0, Avg:  0.0, Max: 0, Diff: 0, Sum: 0, Workers: 4
[4866.229s][debug][gc,phases      ] GC(248)     Total                          Min: 0, Avg: 121.2, Max: 256, Diff: 256, Sum: 485, Workers: 4
[4866.229s][debug][gc,phases      ] GC(248)   JVMTI Tag Weak OopStorage      Min:  0.0, Avg:  0.0, Max:  0.0, Diff:  0.0, Sum:  0.0, Workers: 4
[4866.229s][debug][gc,phases      ] GC(248)     Dead                           Min: 0, Avg:  0.0, Max: 0, Diff: 0, Sum: 0, Workers: 4
[4866.229s][debug][gc,phases      ] GC(248)     Total                          Min: 0, Avg:  0.0, Max: 0, Diff: 0, Sum: 0, Workers: 4
[4866.229s][debug][gc,phases      ] GC(248)   StringTable Weak               Min:  0.1, Avg:  0.1, Max:  0.1, Diff:  0.0, Sum:  0.3, Workers: 4
[4866.229s][debug][gc,phases      ] GC(248)     Dead                           Min: 0, Avg:  0.0, Max: 0, Diff: 0, Sum: 0, Workers: 4
[4866.229s][debug][gc,phases      ] GC(248)     Total                          Min: 11549, Avg: 12071.2, Max: 12480, Diff: 931, Sum: 48285, Workers: 4
[4866.229s][debug][gc,phases      ] GC(248)   ResolvedMethodTable Weak       Min:  0.0, Avg:  0.0, Max:  0.0, Diff:  0.0, Sum:  0.1, Workers: 4
[4866.229s][debug][gc,phases      ] GC(248)     Dead                           Min: 0, Avg:  0.0, Max: 0, Diff: 0, Sum: 0, Workers: 4
[4866.229s][debug][gc,phases      ] GC(248)     Total                          Min: 1854, Avg: 2046.0, Max: 2237, Diff: 383, Sum: 8184, Workers: 4
[4866.229s][debug][gc,phases      ] GC(248)   JNI Weak                       Min:  0.0, Avg:  0.0, Max:  0.0, Diff:  0.0, Sum:  0.0, Workers: 4
[4866.229s][debug][gc,phases      ] GC(248)     Dead                           Min: 0, Avg:  0.0, Max: 0, Diff: 0, Sum: 0, Workers: 4
[4866.229s][debug][gc,phases      ] GC(248)     Total                          Min: 0, Avg:  0.0, Max: 0, Diff: 0, Sum: 0, Workers: 4
[4866.229s][debug][gc,phases      ] GC(248)   StringDedup Table Weak         Min:  0.0, Avg:  0.0, Max:  0.0, Diff:  0.0, Sum:  0.0, Workers: 4
[4866.229s][debug][gc,phases      ] GC(248)     Dead                           Min: 0, Avg:  0.0, Max: 0, Diff: 0, Sum: 0, Workers: 4
[4866.229s][debug][gc,phases      ] GC(248)     Total                          Min: 0, Avg:  0.0, Max: 0, Diff: 0, Sum: 0, Workers: 4
[4866.229s][debug][gc,phases      ] GC(248)   StringDedup Requests0 Weak     Min:  0.0, Avg:  0.0, Max:  0.0, Diff:  0.0, Sum:  0.0, Workers: 4
[4866.229s][debug][gc,phases      ] GC(248)     Dead                           Min: 0, Avg:  0.0, Max: 0, Diff: 0, Sum: 0, Workers: 4
[4866.229s][debug][gc,phases      ] GC(248)     Total                          Min: 0, Avg:  0.0, Max: 0, Diff: 0, Sum: 0, Workers: 4
[4866.229s][debug][gc,phases      ] GC(248)   StringDedup Requests1 Weak     Min:  0.0, Avg:  0.0, Max:  0.0, Diff:  0.0, Sum:  0.0, Workers: 4
[4866.229s][debug][gc,phases      ] GC(248)     Dead                           Min: 0, Avg:  0.0, Max: 0, Diff: 0, Sum: 0, Workers: 4
[4866.229s][debug][gc,phases      ] GC(248)     Total                          Min: 0, Avg:  0.0, Max: 0, Diff: 0, Sum: 0, Workers: 4
[4866.229s][debug][gc,phases      ] GC(248)   Weak JFR Old Object Samples    Min:  0.0, Avg:  0.0, Max:  0.0, Diff:  0.0, Sum:  0.0, Workers: 4
[4866.229s][debug][gc,phases      ] GC(248)     Dead                           Min: 0, Avg:  0.0, Max: 0, Diff: 0, Sum: 0, Workers: 4
[4866.229s][debug][gc,phases      ] GC(248)     Total                          Min: 0, Avg:  0.0, Max: 0, Diff: 0, Sum: 0, Workers: 4
[4866.229s][debug][gc,phases      ] GC(248) Weak Processing 0.259ms
[4866.229s][debug][gc,age         ] GC(248) Desired survivor size 33030144 bytes, new threshold 15 (max threshold 15)
[4866.229s][info ][gc,heap        ] GC(248) PSYoungGen: 2026832K(2062336K)->1392K(2060288K) Eden: 2025472K(2025472K)->0K(2025472K) From: 1360K(36864K)->1392K(34816K)
[4866.229s][info ][gc,heap        ] GC(248) ParOldGen: 448177K(548864K)->448305K(548864K)
[4866.229s][info ][gc,metaspace   ] GC(248) Metaspace: 81516K(82432K)->81516K(82432K) NonClass: 70174K(70656K)->70174K(70656K) Class: 11342K(11776K)->11342K(11776K)
[4866.229s][info ][gc             ] GC(248) Pause Young (Allocation Failure) 2417M->439M(2548M) 1.690ms
[4866.229s][info ][gc,cpu         ] GC(248) User=0.01s Sys=0.00s Real=0.01s
[4866.229s][info ][safepoint      ] Safepoint "ParallelGCFailedAllocation", Time since last: 20100070815 ns, Reaching safepoint: 99400 ns, At safepoint: 1761509 ns, Total: 1860909 ns
[4874.230s][info ][safepoint      ] Safepoint "Cleanup", Time since last: 8000481256 ns, Reaching safepoint: 39001 ns, At safepoint: 2800 ns, Total: 41801 ns
[4887.095s][info ][gc,start       ] GC(249) Pause Young (Allocation Failure)
[4887.096s][debug][gc,phases      ] GC(249) Scavenge 1.184ms
[4887.096s][debug][gc,ref         ] GC(249) Skipped phase 1 of Reference Processing: no references
[4887.096s][debug][gc,ref         ] GC(249) Skipped phase 2 of Reference Processing: no references
[4887.096s][debug][gc,ref         ] GC(249) Skipped phase 3 of Reference Processing: no references
[4887.096s][debug][gc,ref         ] GC(249) Skipped phase 4 of Reference Processing: no references
[4887.096s][debug][gc,phases      ] GC(249) Reference Processing 0.018ms
[4887.096s][debug][gc,phases      ] GC(249)   VM Weak                        Min:  0.0, Avg:  0.0, Max:  0.0, Diff:  0.0, Sum:  0.0, Workers: 4
[4887.096s][debug][gc,phases      ] GC(249)     Dead                           Min: 0, Avg:  0.0, Max: 0, Diff: 0, Sum: 0, Workers: 4
[4887.096s][debug][gc,phases      ] GC(249)     Total                          Min: 0, Avg: 129.8, Max: 519, Diff: 519, Sum: 519, Workers: 4
[4887.096s][debug][gc,phases      ] GC(249)   ObjectSynchronizer Weak        Min:  0.0, Avg:  0.0, Max:  0.0, Diff:  0.0, Sum:  0.0, Workers: 4
[4887.096s][debug][gc,phases      ] GC(249)     Dead                           Min: 0, Avg:  0.0, Max: 0, Diff: 0, Sum: 0, Workers: 4
[4887.096s][debug][gc,phases      ] GC(249)     Total                          Min: 0, Avg: 121.2, Max: 421, Diff: 421, Sum: 485, Workers: 4
[4887.096s][debug][gc,phases      ] GC(249)   JVMTI Tag Weak OopStorage      Min:  0.0, Avg:  0.0, Max:  0.0, Diff:  0.0, Sum:  0.0, Workers: 4
[4887.096s][debug][gc,phases      ] GC(249)     Dead                           Min: 0, Avg:  0.0, Max: 0, Diff: 0, Sum: 0, Workers: 4
[4887.096s][debug][gc,phases      ] GC(249)     Total                          Min: 0, Avg:  0.0, Max: 0, Diff: 0, Sum: 0, Workers: 4
[4887.096s][debug][gc,phases      ] GC(249)   StringTable Weak               Min:  0.1, Avg:  0.1, Max:  0.1, Diff:  0.0, Sum:  0.3, Workers: 4
[4887.096s][debug][gc,phases      ] GC(249)     Dead                           Min: 0, Avg:  0.0, Max: 0, Diff: 0, Sum: 0, Workers: 4
[4887.096s][debug][gc,phases      ] GC(249)     Total                          Min: 11648, Avg: 12071.8, Max: 12416, Diff: 768, Sum: 48287, Workers: 4
[4887.096s][debug][gc,phases      ] GC(249)   ResolvedMethodTable Weak       Min:  0.0, Avg:  0.0, Max:  0.0, Diff:  0.0, Sum:  0.1, Workers: 4
[4887.096s][debug][gc,phases      ] GC(249)     Dead                           Min: 0, Avg:  0.0, Max: 0, Diff: 0, Sum: 0, Workers: 4
[4887.096s][debug][gc,phases      ] GC(249)     Total                          Min: 1984, Avg: 2046.0, Max: 2110, Diff: 126, Sum: 8184, Workers: 4
[4887.096s][debug][gc,phases      ] GC(249)   JNI Weak                       Min:  0.0, Avg:  0.0, Max:  0.0, Diff:  0.0, Sum:  0.0, Workers: 4
[4887.096s][debug][gc,phases      ] GC(249)     Dead                           Min: 0, Avg:  0.0, Max: 0, Diff: 0, Sum: 0, Workers: 4
[4887.096s][debug][gc,phases      ] GC(249)     Total                          Min: 0, Avg:  0.0, Max: 0, Diff: 0, Sum: 0, Workers: 4
[4887.096s][debug][gc,phases      ] GC(249)   StringDedup Table Weak         Min:  0.0, Avg:  0.0, Max:  0.0, Diff:  0.0, Sum:  0.0, Workers: 4
[4887.096s][debug][gc,phases      ] GC(249)     Dead                           Min: 0, Avg:  0.0, Max: 0, Diff: 0, Sum: 0, Workers: 4
[4887.096s][debug][gc,phases      ] GC(249)     Total                          Min: 0, Avg:  0.0, Max: 0, Diff: 0, Sum: 0, Workers: 4
[4887.096s][debug][gc,phases      ] GC(249)   StringDedup Requests0 Weak     Min:  0.0, Avg:  0.0, Max:  0.0, Diff:  0.0, Sum:  0.0, Workers: 4
[4887.096s][debug][gc,phases      ] GC(249)     Dead                           Min: 0, Avg:  0.0, Max: 0, Diff: 0, Sum: 0, Workers: 4
[4887.096s][debug][gc,phases      ] GC(249)     Total                          Min: 0, Avg:  0.0, Max: 0, Diff: 0, Sum: 0, Workers: 4
[4887.096s][debug][gc,phases      ] GC(249)   StringDedup Requests1 Weak     Min:  0.0, Avg:  0.0, Max:  0.0, Diff:  0.0, Sum:  0.0, Workers: 4
[4887.096s][debug][gc,phases      ] GC(249)     Dead                           Min: 0, Avg:  0.0, Max: 0, Diff: 0, Sum: 0, Workers: 4
[4887.096s][debug][gc,phases      ] GC(249)     Total                          Min: 0, Avg:  0.0, Max: 0, Diff: 0, Sum: 0, Workers: 4
[4887.096s][debug][gc,phases      ] GC(249)   Weak JFR Old Object Samples    Min:  0.0, Avg:  0.0, Max:  0.0, Diff:  0.0, Sum:  0.0, Workers: 4
[4887.096s][debug][gc,phases      ] GC(249)     Dead                           Min: 0, Avg:  0.0, Max: 0, Diff: 0, Sum: 0, Workers: 4
[4887.096s][debug][gc,phases      ] GC(249)     Total                          Min: 0, Avg:  0.0, Max: 0, Diff: 0, Sum: 0, Workers: 4
[4887.096s][debug][gc,phases      ] GC(249) Weak Processing 0.237ms
[4887.096s][debug][gc,age         ] GC(249) Desired survivor size 30932992 bytes, new threshold 15 (max threshold 15)
[4887.096s][info ][gc,heap        ] GC(249) PSYoungGen: 2026864K(2060288K)->1232K(2066944K) Eden: 2025472K(2025472K)->0K(2034688K) From: 1392K(34816K)->1232K(32256K)
[4887.096s][info ][gc,heap        ] GC(249) ParOldGen: 448305K(548864K)->448385K(548864K)
[4887.096s][info ][gc,metaspace   ] GC(249) Metaspace: 81516K(82432K)->81516K(82432K) NonClass: 70174K(70656K)->70174K(70656K) Class: 11342K(11776K)->11342K(11776K)
[4887.096s][info ][gc             ] GC(249) Pause Young (Allocation Failure) 2417M->439M(2554M) 1.523ms
[4887.096s][info ][gc,cpu         ] GC(249) User=0.00s Sys=0.00s Real=0.00s
[4887.096s][info ][safepoint      ] Safepoint "ParallelGCFailedAllocation", Time since last: 12864883249 ns, Reaching safepoint: 39800 ns, At safepoint: 1590308 ns, Total: 1630108 ns
[4894.097s][info ][safepoint      ] Safepoint "Cleanup", Time since last: 7000463646 ns, Reaching safepoint: 45200 ns, At safepoint: 7200 ns, Total: 52400 ns
[4906.098s][info ][safepoint      ] Safepoint "Cleanup", Time since last: 12000745076 ns, Reaching safepoint: 47800 ns, At safepoint: 5100 ns, Total: 52900 ns
[4908.045s][info ][gc,start       ] GC(250) Pause Young (Allocation Failure)
[4908.047s][debug][gc,phases      ] GC(250) Scavenge 1.529ms
[4908.047s][debug][gc,ref         ] GC(250) Skipped phase 1 of Reference Processing: no references
[4908.047s][debug][gc,ref         ] GC(250) Skipped phase 2 of Reference Processing: no references
[4908.047s][debug][gc,ref         ] GC(250) Skipped phase 3 of Reference Processing: no references
[4908.047s][debug][gc,ref         ] GC(250) Skipped phase 4 of Reference Processing: no references
[4908.047s][debug][gc,phases      ] GC(250) Reference Processing 0.018ms
[4908.047s][debug][gc,phases      ] GC(250)   VM Weak                        Min:  0.0, Avg:  0.0, Max:  0.0, Diff:  0.0, Sum:  0.0, Workers: 4
[4908.047s][debug][gc,phases      ] GC(250)     Dead                           Min: 0, Avg:  0.0, Max: 0, Diff: 0, Sum: 0, Workers: 4
[4908.047s][debug][gc,phases      ] GC(250)     Total                          Min: 0, Avg: 129.8, Max: 290, Diff: 290, Sum: 519, Workers: 4
[4908.047s][debug][gc,phases      ] GC(250)   ObjectSynchronizer Weak        Min:  0.0, Avg:  0.0, Max:  0.0, Diff:  0.0, Sum:  0.0, Workers: 4
[4908.047s][debug][gc,phases      ] GC(250)     Dead                           Min: 0, Avg:  0.0, Max: 0, Diff: 0, Sum: 0, Workers: 4
[4908.047s][debug][gc,phases      ] GC(250)     Total                          Min: 0, Avg: 121.2, Max: 256, Diff: 256, Sum: 485, Workers: 4
[4908.047s][debug][gc,phases      ] GC(250)   JVMTI Tag Weak OopStorage      Min:  0.0, Avg:  0.0, Max:  0.0, Diff:  0.0, Sum:  0.0, Workers: 4
[4908.047s][debug][gc,phases      ] GC(250)     Dead                           Min: 0, Avg:  0.0, Max: 0, Diff: 0, Sum: 0, Workers: 4
[4908.047s][debug][gc,phases      ] GC(250)     Total                          Min: 0, Avg:  0.0, Max: 0, Diff: 0, Sum: 0, Workers: 4
[4908.047s][debug][gc,phases      ] GC(250)   StringTable Weak               Min:  0.1, Avg:  0.1, Max:  0.1, Diff:  0.0, Sum:  0.3, Workers: 4
[4908.047s][debug][gc,phases      ] GC(250)     Dead                           Min: 0, Avg:  0.0, Max: 0, Diff: 0, Sum: 0, Workers: 4
[4908.047s][debug][gc,phases      ] GC(250)     Total                          Min: 9024, Avg: 12071.8, Max: 15296, Diff: 6272, Sum: 48287, Workers: 4
[4908.047s][debug][gc,phases      ] GC(250)   ResolvedMethodTable Weak       Min:  0.0, Avg:  0.0, Max:  0.0, Diff:  0.0, Sum:  0.1, Workers: 4
[4908.047s][debug][gc,phases      ] GC(250)     Dead                           Min: 0, Avg:  0.0, Max: 0, Diff: 0, Sum: 0, Workers: 4
[4908.047s][debug][gc,phases      ] GC(250)     Total                          Min: 1535, Avg: 2046.0, Max: 2493, Diff: 958, Sum: 8184, Workers: 4
[4908.047s][debug][gc,phases      ] GC(250)   JNI Weak                       Min:  0.0, Avg:  0.0, Max:  0.0, Diff:  0.0, Sum:  0.0, Workers: 4
[4908.047s][debug][gc,phases      ] GC(250)     Dead                           Min: 0, Avg:  0.0, Max: 0, Diff: 0, Sum: 0, Workers: 4
[4908.047s][debug][gc,phases      ] GC(250)     Total                          Min: 0, Avg:  0.0, Max: 0, Diff: 0, Sum: 0, Workers: 4
[4908.047s][debug][gc,phases      ] GC(250)   StringDedup Table Weak         Min:  0.0, Avg:  0.0, Max:  0.0, Diff:  0.0, Sum:  0.0, Workers: 4
[4908.047s][debug][gc,phases      ] GC(250)     Dead                           Min: 0, Avg:  0.0, Max: 0, Diff: 0, Sum: 0, Workers: 4
[4908.047s][debug][gc,phases      ] GC(250)     Total                          Min: 0, Avg:  0.0, Max: 0, Diff: 0, Sum: 0, Workers: 4
[4908.047s][debug][gc,phases      ] GC(250)   StringDedup Requests0 Weak     Min:  0.0, Avg:  0.0, Max:  0.0, Diff:  0.0, Sum:  0.0, Workers: 4
[4908.047s][debug][gc,phases      ] GC(250)     Dead                           Min: 0, Avg:  0.0, Max: 0, Diff: 0, Sum: 0, Workers: 4
[4908.047s][debug][gc,phases      ] GC(250)     Total                          Min: 0, Avg:  0.0, Max: 0, Diff: 0, Sum: 0, Workers: 4
[4908.047s][debug][gc,phases      ] GC(250)   StringDedup Requests1 Weak     Min:  0.0, Avg:  0.0, Max:  0.0, Diff:  0.0, Sum:  0.0, Workers: 4
[4908.047s][debug][gc,phases      ] GC(250)     Dead                           Min: 0, Avg:  0.0, Max: 0, Diff: 0, Sum: 0, Workers: 4
[4908.047s][debug][gc,phases      ] GC(250)     Total                          Min: 0, Avg:  0.0, Max: 0, Diff: 0, Sum: 0, Workers: 4
[4908.047s][debug][gc,phases      ] GC(250)   Weak JFR Old Object Samples    Min:  0.0, Avg:  0.0, Max:  0.0, Diff:  0.0, Sum:  0.0, Workers: 4
[4908.047s][debug][gc,phases      ] GC(250)     Dead                           Min: 0, Avg:  0.0, Max: 0, Diff: 0, Sum: 0, Workers: 4
[4908.047s][debug][gc,phases      ] GC(250)     Total                          Min: 0, Avg:  0.0, Max: 0, Diff: 0, Sum: 0, Workers: 4
[4908.047s][debug][gc,phases      ] GC(250) Weak Processing 0.241ms
[4908.047s][debug][gc,age         ] GC(250) Desired survivor size 29360128 bytes, new threshold 15 (max threshold 15)
[4908.047s][info ][gc,heap        ] GC(250) PSYoungGen: 2035920K(2066944K)->1280K(2064896K) Eden: 2034688K(2034688K)->0K(2034688K) From: 1232K(32256K)->1280K(30208K)
[4908.047s][info ][gc,heap        ] GC(250) ParOldGen: 448385K(548864K)->448393K(548864K)
[4908.047s][info ][gc,metaspace   ] GC(250) Metaspace: 81516K(82432K)->81516K(82432K) NonClass: 70174K(70656K)->70174K(70656K) Class: 11342K(11776K)->11342K(11776K)
[4908.047s][info ][gc             ] GC(250) Pause Young (Allocation Failure) 2426M->439M(2552M) 1.882ms
[4908.047s][info ][gc,cpu         ] GC(250) User=0.00s Sys=0.00s Real=0.00s
[4908.047s][info ][safepoint      ] Safepoint "ParallelGCFailedAllocation", Time since last: 1947544365 ns, Reaching safepoint: 38800 ns, At safepoint: 1941909 ns, Total: 1980709 ns
[4929.645s][info ][gc,start       ] GC(251) Pause Young (Allocation Failure)
[4929.647s][debug][gc,phases      ] GC(251) Scavenge 1.398ms
[4929.647s][debug][gc,ref         ] GC(251) Skipped phase 1 of Reference Processing: no references
[4929.647s][debug][gc,ref         ] GC(251) Skipped phase 2 of Reference Processing: no references
[4929.647s][debug][gc,ref         ] GC(251) Skipped phase 3 of Reference Processing: no references
[4929.647s][debug][gc,ref         ] GC(251) Skipped phase 4 of Reference Processing: no references
[4929.647s][debug][gc,phases      ] GC(251) Reference Processing 0.018ms
[4929.647s][debug][gc,phases      ] GC(251)   VM Weak                        Min:  0.0, Avg:  0.0, Max:  0.0, Diff:  0.0, Sum:  0.0, Workers: 4
[4929.647s][debug][gc,phases      ] GC(251)     Dead                           Min: 0, Avg:  0.0, Max: 0, Diff: 0, Sum: 0, Workers: 4
[4929.647s][debug][gc,phases      ] GC(251)     Total                          Min: 0, Avg: 129.8, Max: 503, Diff: 503, Sum: 519, Workers: 4
[4929.647s][debug][gc,phases      ] GC(251)   ObjectSynchronizer Weak        Min:  0.0, Avg:  0.0, Max:  0.0, Diff:  0.0, Sum:  0.0, Workers: 4
[4929.647s][debug][gc,phases      ] GC(251)     Dead                           Min: 0, Avg:  0.0, Max: 0, Diff: 0, Sum: 0, Workers: 4
[4929.647s][debug][gc,phases      ] GC(251)     Total                          Min: 0, Avg: 121.2, Max: 256, Diff: 256, Sum: 485, Workers: 4
[4929.647s][debug][gc,phases      ] GC(251)   JVMTI Tag Weak OopStorage      Min:  0.0, Avg:  0.0, Max:  0.0, Diff:  0.0, Sum:  0.0, Workers: 4
[4929.647s][debug][gc,phases      ] GC(251)     Dead                           Min: 0, Avg:  0.0, Max: 0, Diff: 0, Sum: 0, Workers: 4
[4929.647s][debug][gc,phases      ] GC(251)     Total                          Min: 0, Avg:  0.0, Max: 0, Diff: 0, Sum: 0, Workers: 4
[4929.647s][debug][gc,phases      ] GC(251)   StringTable Weak               Min:  0.1, Avg:  0.1, Max:  0.1, Diff:  0.0, Sum:  0.3, Workers: 4
[4929.647s][debug][gc,phases      ] GC(251)     Dead                           Min: 0, Avg:  0.0, Max: 0, Diff: 0, Sum: 0, Workers: 4
[4929.647s][debug][gc,phases      ] GC(251)     Total                          Min: 11776, Avg: 12071.8, Max: 12352, Diff: 576, Sum: 48287, Workers: 4
[4929.647s][debug][gc,phases      ] GC(251)   ResolvedMethodTable Weak       Min:  0.0, Avg:  0.0, Max:  0.0, Diff:  0.0, Sum:  0.1, Workers: 4
[4929.647s][debug][gc,phases      ] GC(251)     Dead                           Min: 0, Avg:  0.0, Max: 0, Diff: 0, Sum: 0, Workers: 4
[4929.647s][debug][gc,phases      ] GC(251)     Total                          Min: 1980, Avg: 2046.0, Max: 2175, Diff: 195, Sum: 8184, Workers: 4
[4929.647s][debug][gc,phases      ] GC(251)   JNI Weak                       Min:  0.0, Avg:  0.0, Max:  0.0, Diff:  0.0, Sum:  0.0, Workers: 4
[4929.647s][debug][gc,phases      ] GC(251)     Dead                           Min: 0, Avg:  0.0, Max: 0, Diff: 0, Sum: 0, Workers: 4
[4929.647s][debug][gc,phases      ] GC(251)     Total                          Min: 0, Avg:  0.0, Max: 0, Diff: 0, Sum: 0, Workers: 4
[4929.647s][debug][gc,phases      ] GC(251)   StringDedup Table Weak         Min:  0.0, Avg:  0.0, Max:  0.0, Diff:  0.0, Sum:  0.0, Workers: 4
[4929.647s][debug][gc,phases      ] GC(251)     Dead                           Min: 0, Avg:  0.0, Max: 0, Diff: 0, Sum: 0, Workers: 4
[4929.647s][debug][gc,phases      ] GC(251)     Total                          Min: 0, Avg:  0.0, Max: 0, Diff: 0, Sum: 0, Workers: 4
[4929.647s][debug][gc,phases      ] GC(251)   StringDedup Requests0 Weak     Min:  0.0, Avg:  0.0, Max:  0.0, Diff:  0.0, Sum:  0.0, Workers: 4
[4929.647s][debug][gc,phases      ] GC(251)     Dead                           Min: 0, Avg:  0.0, Max: 0, Diff: 0, Sum: 0, Workers: 4
[4929.647s][debug][gc,phases      ] GC(251)     Total                          Min: 0, Avg:  0.0, Max: 0, Diff: 0, Sum: 0, Workers: 4
[4929.647s][debug][gc,phases      ] GC(251)   StringDedup Requests1 Weak     Min:  0.0, Avg:  0.0, Max:  0.0, Diff:  0.0, Sum:  0.0, Workers: 4
[4929.647s][debug][gc,phases      ] GC(251)     Dead                           Min: 0, Avg:  0.0, Max: 0, Diff: 0, Sum: 0, Workers: 4
[4929.647s][debug][gc,phases      ] GC(251)     Total                          Min: 0, Avg:  0.0, Max: 0, Diff: 0, Sum: 0, Workers: 4
[4929.647s][debug][gc,phases      ] GC(251)   Weak JFR Old Object Samples    Min:  0.0, Avg:  0.0, Max:  0.0, Diff:  0.0, Sum:  0.0, Workers: 4
[4929.647s][debug][gc,phases      ] GC(251)     Dead                           Min: 0, Avg:  0.0, Max: 0, Diff: 0, Sum: 0, Workers: 4
[4929.647s][debug][gc,phases      ] GC(251)     Total                          Min: 0, Avg:  0.0, Max: 0, Diff: 0, Sum: 0, Workers: 4
[4929.647s][debug][gc,phases      ] GC(251) Weak Processing 0.241ms
[4929.647s][debug][gc,age         ] GC(251) Desired survivor size 27262976 bytes, new threshold 15 (max threshold 15)
[4929.647s][info ][gc,heap        ] GC(251) PSYoungGen: 2035968K(2064896K)->1184K(2070528K) Eden: 2034688K(2034688K)->0K(2041856K) From: 1280K(30208K)->1184K(28672K)
[4929.647s][info ][gc,heap        ] GC(251) ParOldGen: 448393K(548864K)->448433K(548864K)
[4929.647s][info ][gc,metaspace   ] GC(251) Metaspace: 81519K(82432K)->81519K(82432K) NonClass: 70177K(70656K)->70177K(70656K) Class: 11342K(11776K)->11342K(11776K)
[4929.647s][info ][gc             ] GC(251) Pause Young (Allocation Failure) 2426M->439M(2558M) 1.759ms
[4929.647s][info ][gc,cpu         ] GC(251) User=0.01s Sys=0.00s Real=0.00s
[4929.647s][info ][safepoint      ] Safepoint "ParallelGCFailedAllocation", Time since last: 21598089232 ns, Reaching safepoint: 31000 ns, At safepoint: 1829209 ns, Total: 1860209 ns
[4931.647s][info ][safepoint      ] Safepoint "Cleanup", Time since last: 2000131011 ns, Reaching safepoint: 52900 ns, At safepoint: 3600 ns, Total: 56500 ns
[4945.648s][info ][safepoint      ] Safepoint "Cleanup", Time since last: 14000954676 ns, Reaching safepoint: 40500 ns, At safepoint: 3300 ns, Total: 43800 ns
[4946.649s][info ][safepoint      ] Safepoint "Cleanup", Time since last: 1000097606 ns, Reaching safepoint: 47800 ns, At safepoint: 11600 ns, Total: 59400 ns
[4951.995s][info ][gc,start       ] GC(252) Pause Young (Allocation Failure)
[4951.997s][debug][gc,phases      ] GC(252) Scavenge 1.206ms
[4951.997s][debug][gc,ref         ] GC(252) Skipped phase 1 of Reference Processing: no references
[4951.997s][debug][gc,ref         ] GC(252) Skipped phase 2 of Reference Processing: no references
[4951.997s][debug][gc,ref         ] GC(252) Skipped phase 3 of Reference Processing: no references
[4951.997s][debug][gc,ref         ] GC(252) Skipped phase 4 of Reference Processing: no references
[4951.997s][debug][gc,phases      ] GC(252) Reference Processing 0.031ms
[4951.997s][debug][gc,phases      ] GC(252)   VM Weak                        Min:  0.0, Avg:  0.0, Max:  0.0, Diff:  0.0, Sum:  0.0, Workers: 4
[4951.997s][debug][gc,phases      ] GC(252)     Dead                           Min: 0, Avg:  0.0, Max: 0, Diff: 0, Sum: 0, Workers: 4
[4951.997s][debug][gc,phases      ] GC(252)     Total                          Min: 0, Avg: 129.8, Max: 386, Diff: 386, Sum: 519, Workers: 4
[4951.997s][debug][gc,phases      ] GC(252)   ObjectSynchronizer Weak        Min:  0.0, Avg:  0.0, Max:  0.0, Diff:  0.0, Sum:  0.0, Workers: 4
[4951.997s][debug][gc,phases      ] GC(252)     Dead                           Min: 0, Avg:  0.0, Max: 0, Diff: 0, Sum: 0, Workers: 4
[4951.997s][debug][gc,phases      ] GC(252)     Total                          Min: 0, Avg: 121.2, Max: 320, Diff: 320, Sum: 485, Workers: 4
[4951.997s][debug][gc,phases      ] GC(252)   JVMTI Tag Weak OopStorage      Min:  0.0, Avg:  0.0, Max:  0.0, Diff:  0.0, Sum:  0.0, Workers: 4
[4951.997s][debug][gc,phases      ] GC(252)     Dead                           Min: 0, Avg:  0.0, Max: 0, Diff: 0, Sum: 0, Workers: 4
[4951.997s][debug][gc,phases      ] GC(252)     Total                          Min: 0, Avg:  0.0, Max: 0, Diff: 0, Sum: 0, Workers: 4
[4951.997s][debug][gc,phases      ] GC(252)   StringTable Weak               Min:  0.1, Avg:  0.1, Max:  0.1, Diff:  0.0, Sum:  0.3, Workers: 4
[4951.997s][debug][gc,phases      ] GC(252)     Dead                           Min: 0, Avg:  0.0, Max: 0, Diff: 0, Sum: 0, Workers: 4
[4951.997s][debug][gc,phases      ] GC(252)     Total                          Min: 11072, Avg: 12071.8, Max: 12480, Diff: 1408, Sum: 48287, Workers: 4
[4951.997s][debug][gc,phases      ] GC(252)   ResolvedMethodTable Weak       Min:  0.0, Avg:  0.0, Max:  0.0, Diff:  0.0, Sum:  0.1, Workers: 4
[4951.997s][debug][gc,phases      ] GC(252)     Dead                           Min: 0, Avg:  0.0, Max: 0, Diff: 0, Sum: 0, Workers: 4
[4951.997s][debug][gc,phases      ] GC(252)     Total                          Min: 1983, Avg: 2046.0, Max: 2111, Diff: 128, Sum: 8184, Workers: 4
[4951.997s][debug][gc,phases      ] GC(252)   JNI Weak                       Min:  0.0, Avg:  0.0, Max:  0.0, Diff:  0.0, Sum:  0.0, Workers: 4
[4951.997s][debug][gc,phases      ] GC(252)     Dead                           Min: 0, Avg:  0.0, Max: 0, Diff: 0, Sum: 0, Workers: 4
[4951.997s][debug][gc,phases      ] GC(252)     Total                          Min: 0, Avg:  0.0, Max: 0, Diff: 0, Sum: 0, Workers: 4
[4951.997s][debug][gc,phases      ] GC(252)   StringDedup Table Weak         Min:  0.0, Avg:  0.0, Max:  0.0, Diff:  0.0, Sum:  0.0, Workers: 4
[4951.997s][debug][gc,phases      ] GC(252)     Dead                           Min: 0, Avg:  0.0, Max: 0, Diff: 0, Sum: 0, Workers: 4
[4951.997s][debug][gc,phases      ] GC(252)     Total                          Min: 0, Avg:  0.0, Max: 0, Diff: 0, Sum: 0, Workers: 4
[4951.997s][debug][gc,phases      ] GC(252)   StringDedup Requests0 Weak     Min:  0.0, Avg:  0.0, Max:  0.0, Diff:  0.0, Sum:  0.0, Workers: 4
[4951.997s][debug][gc,phases      ] GC(252)     Dead                           Min: 0, Avg:  0.0, Max: 0, Diff: 0, Sum: 0, Workers: 4
[4951.997s][debug][gc,phases      ] GC(252)     Total                          Min: 0, Avg:  0.0, Max: 0, Diff: 0, Sum: 0, Workers: 4
[4951.997s][debug][gc,phases      ] GC(252)   StringDedup Requests1 Weak     Min:  0.0, Avg:  0.0, Max:  0.0, Diff:  0.0, Sum:  0.0, Workers: 4
[4951.997s][debug][gc,phases      ] GC(252)     Dead                           Min: 0, Avg:  0.0, Max: 0, Diff: 0, Sum: 0, Workers: 4
[4951.997s][debug][gc,phases      ] GC(252)     Total                          Min: 0, Avg:  0.0, Max: 0, Diff: 0, Sum: 0, Workers: 4
[4951.997s][debug][gc,phases      ] GC(252)   Weak JFR Old Object Samples    Min:  0.0, Avg:  0.0, Max:  0.0, Diff:  0.0, Sum:  0.0, Workers: 4
[4951.997s][debug][gc,phases      ] GC(252)     Dead                           Min: 0, Avg:  0.0, Max: 0, Diff: 0, Sum: 0, Workers: 4
[4951.997s][debug][gc,phases      ] GC(252)     Total                          Min: 0, Avg:  0.0, Max: 0, Diff: 0, Sum: 0, Workers: 4
[4951.997s][debug][gc,phases      ] GC(252) Weak Processing 0.236ms
[4951.997s][debug][gc,age         ] GC(252) Desired survivor size 25690112 bytes, new threshold 15 (max threshold 15)
[4951.997s][info ][gc,heap        ] GC(252) PSYoungGen: 2043040K(2070528K)->976K(2068480K) Eden: 2041856K(2041856K)->0K(2041856K) From: 1184K(28672K)->976K(26624K)
[4951.997s][info ][gc,heap        ] GC(252) ParOldGen: 448433K(548864K)->448585K(548864K)
[4951.997s][info ][gc,metaspace   ] GC(252) Metaspace: 81524K(82432K)->81524K(82432K) NonClass: 70182K(70656K)->70182K(70656K) Class: 11342K(11776K)->11342K(11776K)
[4951.997s][info ][gc             ] GC(252) Pause Young (Allocation Failure) 2433M->439M(2556M) 1.555ms
[4951.997s][info ][gc,cpu         ] GC(252) User=0.01s Sys=0.00s Real=0.00s
[4951.997s][info ][safepoint      ] Safepoint "ParallelGCFailedAllocation", Time since last: 5346616255 ns, Reaching safepoint: 108000 ns, At safepoint: 1621308 ns, Total: 1729308 ns
[4952.997s][info ][safepoint      ] Safepoint "Cleanup", Time since last: 1000076305 ns, Reaching safepoint: 48700 ns, At safepoint: 8001 ns, Total: 56701 ns
[4958.997s][info ][safepoint      ] Safepoint "Cleanup", Time since last: 6000405330 ns, Reaching safepoint: 43500 ns, At safepoint: 2800 ns, Total: 46300 ns
[4969.998s][info ][safepoint      ] Safepoint "Cleanup", Time since last: 11000719053 ns, Reaching safepoint: 41600 ns, At safepoint: 2700 ns, Total: 44300 ns
[4974.946s][info ][gc,start       ] GC(253) Pause Young (Allocation Failure)
[4974.948s][debug][gc,phases      ] GC(253) Scavenge 1.366ms
[4974.948s][debug][gc,ref         ] GC(253) Skipped phase 1 of Reference Processing: no references
[4974.948s][debug][gc,ref         ] GC(253) Skipped phase 2 of Reference Processing: no references
[4974.948s][debug][gc,ref         ] GC(253) Skipped phase 3 of Reference Processing: no references
[4974.948s][debug][gc,ref         ] GC(253) Skipped phase 4 of Reference Processing: no references
[4974.948s][debug][gc,phases      ] GC(253) Reference Processing 0.018ms
[4974.948s][debug][gc,phases      ] GC(253)   VM Weak                        Min:  0.0, Avg:  0.0, Max:  0.0, Diff:  0.0, Sum:  0.0, Workers: 4
[4974.948s][debug][gc,phases      ] GC(253)     Dead                           Min: 0, Avg:  0.0, Max: 0, Diff: 0, Sum: 0, Workers: 4
[4974.948s][debug][gc,phases      ] GC(253)     Total                          Min: 0, Avg: 129.8, Max: 365, Diff: 365, Sum: 519, Workers: 4
[4974.948s][debug][gc,phases      ] GC(253)   ObjectSynchronizer Weak        Min:  0.0, Avg:  0.0, Max:  0.0, Diff:  0.0, Sum:  0.0, Workers: 4
[4974.948s][debug][gc,phases      ] GC(253)     Dead                           Min: 0, Avg:  0.0, Max: 0, Diff: 0, Sum: 0, Workers: 4
[4974.948s][debug][gc,phases      ] GC(253)     Total                          Min: 0, Avg: 121.2, Max: 320, Diff: 320, Sum: 485, Workers: 4
[4974.948s][debug][gc,phases      ] GC(253)   JVMTI Tag Weak OopStorage      Min:  0.0, Avg:  0.0, Max:  0.0, Diff:  0.0, Sum:  0.0, Workers: 4
[4974.948s][debug][gc,phases      ] GC(253)     Dead                           Min: 0, Avg:  0.0, Max: 0, Diff: 0, Sum: 0, Workers: 4
[4974.948s][debug][gc,phases      ] GC(253)     Total                          Min: 0, Avg:  0.0, Max: 0, Diff: 0, Sum: 0, Workers: 4
[4974.948s][debug][gc,phases      ] GC(253)   StringTable Weak               Min:  0.1, Avg:  0.1, Max:  0.1, Diff:  0.0, Sum:  0.3, Workers: 4
[4974.948s][debug][gc,phases      ] GC(253)     Dead                           Min: 0, Avg:  0.0, Max: 0, Diff: 0, Sum: 0, Workers: 4
[4974.948s][debug][gc,phases      ] GC(253)     Total                          Min: 11776, Avg: 12071.8, Max: 12319, Diff: 543, Sum: 48287, Workers: 4
[4974.948s][debug][gc,phases      ] GC(253)   ResolvedMethodTable Weak       Min:  0.0, Avg:  0.0, Max:  0.0, Diff:  0.0, Sum:  0.1, Workers: 4
[4974.948s][debug][gc,phases      ] GC(253)     Dead                           Min: 0, Avg:  0.0, Max: 0, Diff: 0, Sum: 0, Workers: 4
[4974.948s][debug][gc,phases      ] GC(253)     Total                          Min: 1916, Avg: 2046.0, Max: 2237, Diff: 321, Sum: 8184, Workers: 4
[4974.948s][debug][gc,phases      ] GC(253)   JNI Weak                       Min:  0.0, Avg:  0.0, Max:  0.0, Diff:  0.0, Sum:  0.0, Workers: 4
[4974.948s][debug][gc,phases      ] GC(253)     Dead                           Min: 0, Avg:  0.0, Max: 0, Diff: 0, Sum: 0, Workers: 4
[4974.948s][debug][gc,phases      ] GC(253)     Total                          Min: 0, Avg:  0.0, Max: 0, Diff: 0, Sum: 0, Workers: 4
[4974.948s][debug][gc,phases      ] GC(253)   StringDedup Table Weak         Min:  0.0, Avg:  0.0, Max:  0.0, Diff:  0.0, Sum:  0.0, Workers: 4
[4974.948s][debug][gc,phases      ] GC(253)     Dead                           Min: 0, Avg:  0.0, Max: 0, Diff: 0, Sum: 0, Workers: 4
[4974.948s][debug][gc,phases      ] GC(253)     Total                          Min: 0, Avg:  0.0, Max: 0, Diff: 0, Sum: 0, Workers: 4
[4974.948s][debug][gc,phases      ] GC(253)   StringDedup Requests0 Weak     Min:  0.0, Avg:  0.0, Max:  0.0, Diff:  0.0, Sum:  0.0, Workers: 4
[4974.948s][debug][gc,phases      ] GC(253)     Dead                           Min: 0, Avg:  0.0, Max: 0, Diff: 0, Sum: 0, Workers: 4
[4974.948s][debug][gc,phases      ] GC(253)     Total                          Min: 0, Avg:  0.0, Max: 0, Diff: 0, Sum: 0, Workers: 4
[4974.948s][debug][gc,phases      ] GC(253)   StringDedup Requests1 Weak     Min:  0.0, Avg:  0.0, Max:  0.0, Diff:  0.0, Sum:  0.0, Workers: 4
[4974.948s][debug][gc,phases      ] GC(253)     Dead                           Min: 0, Avg:  0.0, Max: 0, Diff: 0, Sum: 0, Workers: 4
[4974.948s][debug][gc,phases      ] GC(253)     Total                          Min: 0, Avg:  0.0, Max: 0, Diff: 0, Sum: 0, Workers: 4
[4974.948s][debug][gc,phases      ] GC(253)   Weak JFR Old Object Samples    Min:  0.0, Avg:  0.0, Max:  0.0, Diff:  0.0, Sum:  0.0, Workers: 4
[4974.948s][debug][gc,phases      ] GC(253)     Dead                           Min: 0, Avg:  0.0, Max: 0, Diff: 0, Sum: 0, Workers: 4
[4974.948s][debug][gc,phases      ] GC(253)     Total                          Min: 0, Avg:  0.0, Max: 0, Diff: 0, Sum: 0, Workers: 4
[4974.948s][debug][gc,phases      ] GC(253) Weak Processing 0.248ms
[4974.948s][debug][gc,age         ] GC(253) Desired survivor size 24117248 bytes, new threshold 15 (max threshold 15)
[4974.948s][info ][gc,heap        ] GC(253) PSYoungGen: 2042832K(2068480K)->1136K(2073600K) Eden: 2041856K(2041856K)->0K(2048512K) From: 976K(26624K)->1136K(25088K)
[4974.948s][info ][gc,heap        ] GC(253) ParOldGen: 448585K(548864K)->448657K(548864K)
[4974.948s][info ][gc,metaspace   ] GC(253) Metaspace: 81537K(82432K)->81537K(82432K) NonClass: 70195K(70656K)->70195K(70656K) Class: 11342K(11776K)->11342K(11776K)
[4974.948s][info ][gc             ] GC(253) Pause Young (Allocation Failure) 2433M->439M(2561M) 1.714ms
[4974.948s][info ][gc,cpu         ] GC(253) User=0.01s Sys=0.00s Real=0.00s
[4974.948s][info ][safepoint      ] Safepoint "ParallelGCFailedAllocation", Time since last: 4948178878 ns, Reaching safepoint: 24900 ns, At safepoint: 1779108 ns, Total: 1804008 ns
[4998.945s][info ][gc,start       ] GC(254) Pause Young (Allocation Failure)
[4998.946s][debug][gc,phases      ] GC(254) Scavenge 1.293ms
[4998.946s][debug][gc,ref         ] GC(254) Skipped phase 1 of Reference Processing: no references
[4998.946s][debug][gc,ref         ] GC(254) Skipped phase 2 of Reference Processing: no references
[4998.946s][debug][gc,ref         ] GC(254) Skipped phase 3 of Reference Processing: no references
[4998.946s][debug][gc,ref         ] GC(254) Skipped phase 4 of Reference Processing: no references
[4998.946s][debug][gc,phases      ] GC(254) Reference Processing 0.018ms
[4998.946s][debug][gc,phases      ] GC(254)   VM Weak                        Min:  0.0, Avg:  0.0, Max:  0.0, Diff:  0.0, Sum:  0.0, Workers: 4
[4998.946s][debug][gc,phases      ] GC(254)     Dead                           Min: 0, Avg:  0.0, Max: 0, Diff: 0, Sum: 0, Workers: 4
[4998.946s][debug][gc,phases      ] GC(254)     Total                          Min: 0, Avg: 129.8, Max: 519, Diff: 519, Sum: 519, Workers: 4
[4998.946s][debug][gc,phases      ] GC(254)   ObjectSynchronizer Weak        Min:  0.0, Avg:  0.0, Max:  0.0, Diff:  0.0, Sum:  0.0, Workers: 4
[4998.946s][debug][gc,phases      ] GC(254)     Dead                           Min: 0, Avg:  0.0, Max: 0, Diff: 0, Sum: 0, Workers: 4
[4998.946s][debug][gc,phases      ] GC(254)     Total                          Min: 0, Avg: 121.2, Max: 448, Diff: 448, Sum: 485, Workers: 4
[4998.946s][debug][gc,phases      ] GC(254)   JVMTI Tag Weak OopStorage      Min:  0.0, Avg:  0.0, Max:  0.0, Diff:  0.0, Sum:  0.0, Workers: 4
[4998.946s][debug][gc,phases      ] GC(254)     Dead                           Min: 0, Avg:  0.0, Max: 0, Diff: 0, Sum: 0, Workers: 4
[4998.946s][debug][gc,phases      ] GC(254)     Total                          Min: 0, Avg:  0.0, Max: 0, Diff: 0, Sum: 0, Workers: 4
[4998.946s][debug][gc,phases      ] GC(254)   StringTable Weak               Min:  0.1, Avg:  0.1, Max:  0.1, Diff:  0.0, Sum:  0.3, Workers: 4
[4998.946s][debug][gc,phases      ] GC(254)     Dead                           Min: 0, Avg:  0.0, Max: 0, Diff: 0, Sum: 0, Workers: 4
[4998.947s][debug][gc,phases      ] GC(254)     Total                          Min: 11743, Avg: 12071.8, Max: 12416, Diff: 673, Sum: 48287, Workers: 4
[4998.947s][debug][gc,phases      ] GC(254)   ResolvedMethodTable Weak       Min:  0.0, Avg:  0.0, Max:  0.0, Diff:  0.0, Sum:  0.1, Workers: 4
[4998.947s][debug][gc,phases      ] GC(254)     Dead                           Min: 0, Avg:  0.0, Max: 0, Diff: 0, Sum: 0, Workers: 4
[4998.947s][debug][gc,phases      ] GC(254)     Total                          Min: 1978, Avg: 2046.0, Max: 2239, Diff: 261, Sum: 8184, Workers: 4
[4998.947s][debug][gc,phases      ] GC(254)   JNI Weak                       Min:  0.0, Avg:  0.0, Max:  0.0, Diff:  0.0, Sum:  0.0, Workers: 4
[4998.947s][debug][gc,phases      ] GC(254)     Dead                           Min: 0, Avg:  0.0, Max: 0, Diff: 0, Sum: 0, Workers: 4
[4998.947s][debug][gc,phases      ] GC(254)     Total                          Min: 0, Avg:  0.0, Max: 0, Diff: 0, Sum: 0, Workers: 4
[4998.947s][debug][gc,phases      ] GC(254)   StringDedup Table Weak         Min:  0.0, Avg:  0.0, Max:  0.0, Diff:  0.0, Sum:  0.0, Workers: 4
[4998.947s][debug][gc,phases      ] GC(254)     Dead                           Min: 0, Avg:  0.0, Max: 0, Diff: 0, Sum: 0, Workers: 4
[4998.947s][debug][gc,phases      ] GC(254)     Total                          Min: 0, Avg:  0.0, Max: 0, Diff: 0, Sum: 0, Workers: 4
[4998.947s][debug][gc,phases      ] GC(254)   StringDedup Requests0 Weak     Min:  0.0, Avg:  0.0, Max:  0.0, Diff:  0.0, Sum:  0.0, Workers: 4
[4998.947s][debug][gc,phases      ] GC(254)     Dead                           Min: 0, Avg:  0.0, Max: 0, Diff: 0, Sum: 0, Workers: 4
[4998.947s][debug][gc,phases      ] GC(254)     Total                          Min: 0, Avg:  0.0, Max: 0, Diff: 0, Sum: 0, Workers: 4
[4998.947s][debug][gc,phases      ] GC(254)   StringDedup Requests1 Weak     Min:  0.0, Avg:  0.0, Max:  0.0, Diff:  0.0, Sum:  0.0, Workers: 4
[4998.947s][debug][gc,phases      ] GC(254)     Dead                           Min: 0, Avg:  0.0, Max: 0, Diff: 0, Sum: 0, Workers: 4
[4998.947s][debug][gc,phases      ] GC(254)     Total                          Min: 0, Avg:  0.0, Max: 0, Diff: 0, Sum: 0, Workers: 4
[4998.947s][debug][gc,phases      ] GC(254)   Weak JFR Old Object Samples    Min:  0.0, Avg:  0.0, Max:  0.0, Diff:  0.0, Sum:  0.0, Workers: 4
[4998.947s][debug][gc,phases      ] GC(254)     Dead                           Min: 0, Avg:  0.0, Max: 0, Diff: 0, Sum: 0, Workers: 4
[4998.947s][debug][gc,phases      ] GC(254)     Total                          Min: 0, Avg:  0.0, Max: 0, Diff: 0, Sum: 0, Workers: 4
[4998.947s][debug][gc,phases      ] GC(254) Weak Processing 0.243ms
[4998.947s][debug][gc,age         ] GC(254) Desired survivor size 22544384 bytes, new threshold 15 (max threshold 15)
[4998.947s][info ][gc,heap        ] GC(254) PSYoungGen: 2049648K(2073600K)->1024K(2072064K) Eden: 2048512K(2048512K)->0K(2048512K) From: 1136K(25088K)->1024K(23552K)
[4998.947s][info ][gc,heap        ] GC(254) ParOldGen: 448657K(548864K)->448729K(548864K)
[4998.947s][info ][gc,metaspace   ] GC(254) Metaspace: 81537K(82432K)->81537K(82432K) NonClass: 70195K(70656K)->70195K(70656K) Class: 11342K(11776K)->11342K(11776K)
[4998.947s][info ][gc             ] GC(254) Pause Young (Allocation Failure) 2439M->439M(2559M) 1.644ms
[4998.947s][info ][gc,cpu         ] GC(254) User=0.01s Sys=0.00s Real=0.00s
[4998.947s][info ][safepoint      ] Safepoint "ParallelGCFailedAllocation", Time since last: 23996710281 ns, Reaching safepoint: 34100 ns, At safepoint: 1713709 ns, Total: 1747809 ns
[5020.948s][info ][safepoint      ] Safepoint "Cleanup", Time since last: 22001442584 ns, Reaching safepoint: 40400 ns, At safepoint: 2900 ns, Total: 43300 ns
[5022.043s][info ][gc,start       ] GC(255) Pause Young (Allocation Failure)
[5022.045s][debug][gc,phases      ] GC(255) Scavenge 1.493ms
[5022.045s][debug][gc,ref         ] GC(255) Skipped phase 1 of Reference Processing: no references
[5022.045s][debug][gc,ref         ] GC(255) Skipped phase 2 of Reference Processing: no references
[5022.045s][debug][gc,ref         ] GC(255) Skipped phase 3 of Reference Processing: no references
[5022.045s][debug][gc,ref         ] GC(255) Skipped phase 4 of Reference Processing: no references
[5022.045s][debug][gc,phases      ] GC(255) Reference Processing 0.019ms
[5022.045s][debug][gc,phases      ] GC(255)   VM Weak                        Min:  0.0, Avg:  0.0, Max:  0.0, Diff:  0.0, Sum:  0.0, Workers: 4
[5022.045s][debug][gc,phases      ] GC(255)     Dead                           Min: 0, Avg:  0.0, Max: 0, Diff: 0, Sum: 0, Workers: 4
[5022.045s][debug][gc,phases      ] GC(255)     Total                          Min: 0, Avg: 129.8, Max: 290, Diff: 290, Sum: 519, Workers: 4
[5022.045s][debug][gc,phases      ] GC(255)   ObjectSynchronizer Weak        Min:  0.0, Avg:  0.0, Max:  0.0, Diff:  0.0, Sum:  0.0, Workers: 4
[5022.045s][debug][gc,phases      ] GC(255)     Dead                           Min: 0, Avg:  0.0, Max: 0, Diff: 0, Sum: 0, Workers: 4
[5022.045s][debug][gc,phases      ] GC(255)     Total                          Min: 0, Avg: 121.2, Max: 293, Diff: 293, Sum: 485, Workers: 4
[5022.045s][debug][gc,phases      ] GC(255)   JVMTI Tag Weak OopStorage      Min:  0.0, Avg:  0.0, Max:  0.0, Diff:  0.0, Sum:  0.0, Workers: 4
[5022.045s][debug][gc,phases      ] GC(255)     Dead                           Min: 0, Avg:  0.0, Max: 0, Diff: 0, Sum: 0, Workers: 4
[5022.045s][debug][gc,phases      ] GC(255)     Total                          Min: 0, Avg:  0.0, Max: 0, Diff: 0, Sum: 0, Workers: 4
[5022.045s][debug][gc,phases      ] GC(255)   StringTable Weak               Min:  0.1, Avg:  0.1, Max:  0.1, Diff:  0.0, Sum:  0.3, Workers: 4
[5022.045s][debug][gc,phases      ] GC(255)     Dead                           Min: 0, Avg:  0.0, Max: 0, Diff: 0, Sum: 0, Workers: 4
[5022.045s][debug][gc,phases      ] GC(255)     Total                          Min: 11136, Avg: 12071.8, Max: 12767, Diff: 1631, Sum: 48287, Workers: 4
[5022.045s][debug][gc,phases      ] GC(255)   ResolvedMethodTable Weak       Min:  0.0, Avg:  0.0, Max:  0.0, Diff:  0.0, Sum:  0.1, Workers: 4
[5022.045s][debug][gc,phases      ] GC(255)     Dead                           Min: 0, Avg:  0.0, Max: 0, Diff: 0, Sum: 0, Workers: 4
[5022.045s][debug][gc,phases      ] GC(255)     Total                          Min: 1980, Avg: 2046.0, Max: 2173, Diff: 193, Sum: 8184, Workers: 4
[5022.045s][debug][gc,phases      ] GC(255)   JNI Weak                       Min:  0.0, Avg:  0.0, Max:  0.0, Diff:  0.0, Sum:  0.0, Workers: 4
[5022.045s][debug][gc,phases      ] GC(255)     Dead                           Min: 0, Avg:  0.0, Max: 0, Diff: 0, Sum: 0, Workers: 4
[5022.045s][debug][gc,phases      ] GC(255)     Total                          Min: 0, Avg:  0.0, Max: 0, Diff: 0, Sum: 0, Workers: 4
[5022.045s][debug][gc,phases      ] GC(255)   StringDedup Table Weak         Min:  0.0, Avg:  0.0, Max:  0.0, Diff:  0.0, Sum:  0.0, Workers: 4
[5022.045s][debug][gc,phases      ] GC(255)     Dead                           Min: 0, Avg:  0.0, Max: 0, Diff: 0, Sum: 0, Workers: 4
[5022.045s][debug][gc,phases      ] GC(255)     Total                          Min: 0, Avg:  0.0, Max: 0, Diff: 0, Sum: 0, Workers: 4
[5022.045s][debug][gc,phases      ] GC(255)   StringDedup Requests0 Weak     Min:  0.0, Avg:  0.0, Max:  0.0, Diff:  0.0, Sum:  0.0, Workers: 4
[5022.045s][debug][gc,phases      ] GC(255)     Dead                           Min: 0, Avg:  0.0, Max: 0, Diff: 0, Sum: 0, Workers: 4
[5022.045s][debug][gc,phases      ] GC(255)     Total                          Min: 0, Avg:  0.0, Max: 0, Diff: 0, Sum: 0, Workers: 4
[5022.045s][debug][gc,phases      ] GC(255)   StringDedup Requests1 Weak     Min:  0.0, Avg:  0.0, Max:  0.0, Diff:  0.0, Sum:  0.0, Workers: 4
[5022.045s][debug][gc,phases      ] GC(255)     Dead                           Min: 0, Avg:  0.0, Max: 0, Diff: 0, Sum: 0, Workers: 4
[5022.045s][debug][gc,phases      ] GC(255)     Total                          Min: 0, Avg:  0.0, Max: 0, Diff: 0, Sum: 0, Workers: 4
[5022.045s][debug][gc,phases      ] GC(255)   Weak JFR Old Object Samples    Min:  0.0, Avg:  0.0, Max:  0.0, Diff:  0.0, Sum:  0.0, Workers: 4
[5022.045s][debug][gc,phases      ] GC(255)     Dead                           Min: 0, Avg:  0.0, Max: 0, Diff: 0, Sum: 0, Workers: 4
[5022.045s][debug][gc,phases      ] GC(255)     Total                          Min: 0, Avg:  0.0, Max: 0, Diff: 0, Sum: 0, Workers: 4
[5022.045s][debug][gc,phases      ] GC(255) Weak Processing 0.239ms
[5022.045s][debug][gc,age         ] GC(255) Desired survivor size 20971520 bytes, new threshold 15 (max threshold 15)
[5022.045s][info ][gc,heap        ] GC(255) PSYoungGen: 2049536K(2072064K)->1216K(2076672K) Eden: 2048512K(2048512K)->0K(2054656K) From: 1024K(23552K)->1216K(22016K)
[5022.045s][info ][gc,heap        ] GC(255) ParOldGen: 448729K(548864K)->448753K(548864K)
[5022.045s][info ][gc,metaspace   ] GC(255) Metaspace: 81537K(82432K)->81537K(82432K) NonClass: 70195K(70656K)->70195K(70656K) Class: 11342K(11776K)->11342K(11776K)
[5022.045s][info ][gc             ] GC(255) Pause Young (Allocation Failure) 2439M->439M(2564M) 1.826ms
[5022.045s][info ][gc,cpu         ] GC(255) User=0.01s Sys=0.00s Real=0.00s
[5022.045s][info ][safepoint      ] Safepoint "ParallelGCFailedAllocation", Time since last: 1095035851 ns, Reaching safepoint: 26900 ns, At safepoint: 1886109 ns, Total: 1913009 ns
[5039.046s][info ][safepoint      ] Safepoint "Cleanup", Time since last: 17001058858 ns, Reaching safepoint: 42500 ns, At safepoint: 3700 ns, Total: 46200 ns
[5044.145s][info ][gc,start       ] GC(256) Pause Young (Allocation Failure)
[5044.146s][debug][gc,phases      ] GC(256) Scavenge 1.322ms
[5044.146s][debug][gc,ref         ] GC(256) Skipped phase 1 of Reference Processing: no references
[5044.146s][debug][gc,ref         ] GC(256) Skipped phase 2 of Reference Processing: no references
[5044.146s][debug][gc,ref         ] GC(256) Skipped phase 3 of Reference Processing: no references
[5044.146s][debug][gc,ref         ] GC(256) Skipped phase 4 of Reference Processing: no references
[5044.146s][debug][gc,phases      ] GC(256) Reference Processing 0.018ms
[5044.146s][debug][gc,phases      ] GC(256)   VM Weak                        Min:  0.0, Avg:  0.0, Max:  0.0, Diff:  0.0, Sum:  0.0, Workers: 4
[5044.146s][debug][gc,phases      ] GC(256)     Dead                           Min: 0, Avg:  0.0, Max: 0, Diff: 0, Sum: 0, Workers: 4
[5044.146s][debug][gc,phases      ] GC(256)     Total                          Min: 0, Avg: 129.8, Max: 459, Diff: 459, Sum: 519, Workers: 4
[5044.146s][debug][gc,phases      ] GC(256)   ObjectSynchronizer Weak        Min:  0.0, Avg:  0.0, Max:  0.0, Diff:  0.0, Sum:  0.0, Workers: 4
[5044.146s][debug][gc,phases      ] GC(256)     Dead                           Min: 0, Avg:  0.0, Max: 0, Diff: 0, Sum: 0, Workers: 4
[5044.146s][debug][gc,phases      ] GC(256)     Total                          Min: 0, Avg: 121.2, Max: 293, Diff: 293, Sum: 485, Workers: 4
[5044.146s][debug][gc,phases      ] GC(256)   JVMTI Tag Weak OopStorage      Min:  0.0, Avg:  0.0, Max:  0.0, Diff:  0.0, Sum:  0.0, Workers: 4
[5044.146s][debug][gc,phases      ] GC(256)     Dead                           Min: 0, Avg:  0.0, Max: 0, Diff: 0, Sum: 0, Workers: 4
[5044.146s][debug][gc,phases      ] GC(256)     Total                          Min: 0, Avg:  0.0, Max: 0, Diff: 0, Sum: 0, Workers: 4
[5044.146s][debug][gc,phases      ] GC(256)   StringTable Weak               Min:  0.1, Avg:  0.1, Max:  0.1, Diff:  0.0, Sum:  0.3, Workers: 4
[5044.146s][debug][gc,phases      ] GC(256)     Dead                           Min: 0, Avg:  0.0, Max: 0, Diff: 0, Sum: 0, Workers: 4
[5044.147s][debug][gc,phases      ] GC(256)     Total                          Min: 11520, Avg: 12071.8, Max: 12511, Diff: 991, Sum: 48287, Workers: 4
[5044.147s][debug][gc,phases      ] GC(256)   ResolvedMethodTable Weak       Min:  0.0, Avg:  0.0, Max:  0.0, Diff:  0.0, Sum:  0.0, Workers: 4
[5044.147s][debug][gc,phases      ] GC(256)     Dead                           Min: 0, Avg:  0.0, Max: 0, Diff: 0, Sum: 0, Workers: 4
[5044.147s][debug][gc,phases      ] GC(256)     Total                          Min: 1916, Avg: 2046.0, Max: 2237, Diff: 321, Sum: 8184, Workers: 4
[5044.147s][debug][gc,phases      ] GC(256)   JNI Weak                       Min:  0.0, Avg:  0.0, Max:  0.0, Diff:  0.0, Sum:  0.0, Workers: 4
[5044.147s][debug][gc,phases      ] GC(256)     Dead                           Min: 0, Avg:  0.0, Max: 0, Diff: 0, Sum: 0, Workers: 4
[5044.147s][debug][gc,phases      ] GC(256)     Total                          Min: 0, Avg:  0.0, Max: 0, Diff: 0, Sum: 0, Workers: 4
[5044.147s][debug][gc,phases      ] GC(256)   StringDedup Table Weak         Min:  0.0, Avg:  0.0, Max:  0.0, Diff:  0.0, Sum:  0.0, Workers: 4
[5044.147s][debug][gc,phases      ] GC(256)     Dead                           Min: 0, Avg:  0.0, Max: 0, Diff: 0, Sum: 0, Workers: 4
[5044.147s][debug][gc,phases      ] GC(256)     Total                          Min: 0, Avg:  0.0, Max: 0, Diff: 0, Sum: 0, Workers: 4
[5044.147s][debug][gc,phases      ] GC(256)   StringDedup Requests0 Weak     Min:  0.0, Avg:  0.0, Max:  0.0, Diff:  0.0, Sum:  0.0, Workers: 4
[5044.147s][debug][gc,phases      ] GC(256)     Dead                           Min: 0, Avg:  0.0, Max: 0, Diff: 0, Sum: 0, Workers: 4
[5044.147s][debug][gc,phases      ] GC(256)     Total                          Min: 0, Avg:  0.0, Max: 0, Diff: 0, Sum: 0, Workers: 4
[5044.147s][debug][gc,phases      ] GC(256)   StringDedup Requests1 Weak     Min:  0.0, Avg:  0.0, Max:  0.0, Diff:  0.0, Sum:  0.0, Workers: 4
[5044.147s][debug][gc,phases      ] GC(256)     Dead                           Min: 0, Avg:  0.0, Max: 0, Diff: 0, Sum: 0, Workers: 4
[5044.147s][debug][gc,phases      ] GC(256)     Total                          Min: 0, Avg:  0.0, Max: 0, Diff: 0, Sum: 0, Workers: 4
[5044.147s][debug][gc,phases      ] GC(256)   Weak JFR Old Object Samples    Min:  0.0, Avg:  0.0, Max:  0.0, Diff:  0.0, Sum:  0.0, Workers: 4
[5044.147s][debug][gc,phases      ] GC(256)     Dead                           Min: 0, Avg:  0.0, Max: 0, Diff: 0, Sum: 0, Workers: 4
[5044.147s][debug][gc,phases      ] GC(256)     Total                          Min: 0, Avg:  0.0, Max: 0, Diff: 0, Sum: 0, Workers: 4
[5044.147s][debug][gc,phases      ] GC(256) Weak Processing 0.230ms
[5044.147s][debug][gc,age         ] GC(256) Desired survivor size 19398656 bytes, new threshold 15 (max threshold 15)
[5044.147s][info ][gc,heap        ] GC(256) PSYoungGen: 2055872K(2076672K)->1168K(2075136K) Eden: 2054656K(2054656K)->0K(2054656K) From: 1216K(22016K)->1168K(20480K)
[5044.147s][info ][gc,heap        ] GC(256) ParOldGen: 448753K(548864K)->448849K(548864K)
[5044.147s][info ][gc,metaspace   ] GC(256) Metaspace: 81539K(82432K)->81539K(82432K) NonClass: 70197K(70656K)->70197K(70656K) Class: 11342K(11776K)->11342K(11776K)
[5044.147s][info ][gc             ] GC(256) Pause Young (Allocation Failure) 2445M->439M(2562M) 1.658ms
[5044.147s][info ][gc,cpu         ] GC(256) User=0.01s Sys=0.00s Real=0.00s
[5044.147s][info ][safepoint      ] Safepoint "ParallelGCFailedAllocation", Time since last: 5098691978 ns, Reaching safepoint: 34501 ns, At safepoint: 1725808 ns, Total: 1760309 ns
[5051.147s][info ][safepoint      ] Safepoint "Cleanup", Time since last: 7000465721 ns, Reaching safepoint: 47101 ns, At safepoint: 11100 ns, Total: 58201 ns
[5053.147s][info ][safepoint      ] Safepoint "Cleanup", Time since last: 2000167806 ns, Reaching safepoint: 57600 ns, At safepoint: 7300 ns, Total: 64900 ns
[5054.148s][info ][safepoint      ] Safepoint "Cleanup", Time since last: 1000093103 ns, Reaching safepoint: 44301 ns, At safepoint: 3400 ns, Total: 47701 ns
[5058.148s][info ][safepoint      ] Safepoint "Cleanup", Time since last: 4000267411 ns, Reaching safepoint: 43301 ns, At safepoint: 7800 ns, Total: 51101 ns
[5067.745s][info ][gc,start       ] GC(257) Pause Young (Allocation Failure)
[5067.747s][debug][gc,phases      ] GC(257) Scavenge 1.181ms
[5067.747s][debug][gc,ref         ] GC(257) Skipped phase 1 of Reference Processing: no references
[5067.747s][debug][gc,ref         ] GC(257) ReferenceProcessor::execute queues: 1, RefProcThreadModel::Single, marks_oops_alive: false
[5067.747s][debug][gc,ref         ] GC(257) Skipped phase 3 of Reference Processing: no references
[5067.747s][debug][gc,ref         ] GC(257) ReferenceProcessor::execute queues: 1, RefProcThreadModel::Single, marks_oops_alive: false
[5067.747s][debug][gc,phases      ] GC(257) Reference Processing 0.073ms
[5067.747s][debug][gc,phases      ] GC(257)   VM Weak                        Min:  0.0, Avg:  0.0, Max:  0.0, Diff:  0.0, Sum:  0.0, Workers: 4
[5067.747s][debug][gc,phases      ] GC(257)     Dead                           Min: 0, Avg:  0.0, Max: 0, Diff: 0, Sum: 0, Workers: 4
[5067.747s][debug][gc,phases      ] GC(257)     Total                          Min: 0, Avg: 129.8, Max: 402, Diff: 402, Sum: 519, Workers: 4
[5067.747s][debug][gc,phases      ] GC(257)   ObjectSynchronizer Weak        Min:  0.0, Avg:  0.0, Max:  0.0, Diff:  0.0, Sum:  0.0, Workers: 4
[5067.747s][debug][gc,phases      ] GC(257)     Dead                           Min: 0, Avg:  0.0, Max: 0, Diff: 0, Sum: 0, Workers: 4
[5067.747s][debug][gc,phases      ] GC(257)     Total                          Min: 0, Avg: 121.2, Max: 229, Diff: 229, Sum: 485, Workers: 4
[5067.747s][debug][gc,phases      ] GC(257)   JVMTI Tag Weak OopStorage      Min:  0.0, Avg:  0.0, Max:  0.0, Diff:  0.0, Sum:  0.0, Workers: 4
[5067.747s][debug][gc,phases      ] GC(257)     Dead                           Min: 0, Avg:  0.0, Max: 0, Diff: 0, Sum: 0, Workers: 4
[5067.747s][debug][gc,phases      ] GC(257)     Total                          Min: 0, Avg:  0.0, Max: 0, Diff: 0, Sum: 0, Workers: 4
[5067.747s][debug][gc,phases      ] GC(257)   StringTable Weak               Min:  0.1, Avg:  0.1, Max:  0.1, Diff:  0.0, Sum:  0.3, Workers: 4
[5067.747s][debug][gc,phases      ] GC(257)     Dead                           Min: 0, Avg:  0.2, Max: 1, Diff: 1, Sum: 1, Workers: 4
[5067.747s][debug][gc,phases      ] GC(257)     Total                          Min: 11489, Avg: 12072.0, Max: 12480, Diff: 991, Sum: 48288, Workers: 4
[5067.747s][debug][gc,phases      ] GC(257)   ResolvedMethodTable Weak       Min:  0.0, Avg:  0.0, Max:  0.0, Diff:  0.0, Sum:  0.1, Workers: 4
[5067.747s][debug][gc,phases      ] GC(257)     Dead                           Min: 0, Avg:  0.0, Max: 0, Diff: 0, Sum: 0, Workers: 4
[5067.747s][debug][gc,phases      ] GC(257)     Total                          Min: 1981, Avg: 2046.5, Max: 2111, Diff: 130, Sum: 8186, Workers: 4
[5067.747s][debug][gc,phases      ] GC(257)   JNI Weak                       Min:  0.0, Avg:  0.0, Max:  0.0, Diff:  0.0, Sum:  0.0, Workers: 4
[5067.747s][debug][gc,phases      ] GC(257)     Dead                           Min: 0, Avg:  0.0, Max: 0, Diff: 0, Sum: 0, Workers: 4
[5067.747s][debug][gc,phases      ] GC(257)     Total                          Min: 0, Avg:  0.0, Max: 0, Diff: 0, Sum: 0, Workers: 4
[5067.747s][debug][gc,phases      ] GC(257)   StringDedup Table Weak         Min:  0.0, Avg:  0.0, Max:  0.0, Diff:  0.0, Sum:  0.0, Workers: 4
[5067.747s][debug][gc,phases      ] GC(257)     Dead                           Min: 0, Avg:  0.0, Max: 0, Diff: 0, Sum: 0, Workers: 4
[5067.747s][debug][gc,phases      ] GC(257)     Total                          Min: 0, Avg:  0.0, Max: 0, Diff: 0, Sum: 0, Workers: 4
[5067.747s][debug][gc,phases      ] GC(257)   StringDedup Requests0 Weak     Min:  0.0, Avg:  0.0, Max:  0.0, Diff:  0.0, Sum:  0.0, Workers: 4
[5067.747s][debug][gc,phases      ] GC(257)     Dead                           Min: 0, Avg:  0.0, Max: 0, Diff: 0, Sum: 0, Workers: 4
[5067.747s][debug][gc,phases      ] GC(257)     Total                          Min: 0, Avg:  0.0, Max: 0, Diff: 0, Sum: 0, Workers: 4
[5067.747s][debug][gc,phases      ] GC(257)   StringDedup Requests1 Weak     Min:  0.0, Avg:  0.0, Max:  0.0, Diff:  0.0, Sum:  0.0, Workers: 4
[5067.747s][debug][gc,phases      ] GC(257)     Dead                           Min: 0, Avg:  0.0, Max: 0, Diff: 0, Sum: 0, Workers: 4
[5067.747s][debug][gc,phases      ] GC(257)     Total                          Min: 0, Avg:  0.0, Max: 0, Diff: 0, Sum: 0, Workers: 4
[5067.747s][debug][gc,phases      ] GC(257)   Weak JFR Old Object Samples    Min:  0.0, Avg:  0.0, Max:  0.0, Diff:  0.0, Sum:  0.0, Workers: 4
[5067.747s][debug][gc,phases      ] GC(257)     Dead                           Min: 0, Avg:  0.0, Max: 0, Diff: 0, Sum: 0, Workers: 4
[5067.747s][debug][gc,phases      ] GC(257)     Total                          Min: 0, Avg:  0.0, Max: 0, Diff: 0, Sum: 0, Workers: 4
[5067.747s][debug][gc,phases      ] GC(257) Weak Processing 0.244ms
[5067.747s][debug][gc,age         ] GC(257) Desired survivor size 18350080 bytes, new threshold 15 (max threshold 15)
[5067.747s][info ][gc,heap        ] GC(257) PSYoungGen: 2055824K(2075136K)->1056K(2079232K) Eden: 2054656K(2054656K)->0K(2060288K) From: 1168K(20480K)->1056K(18944K)
[5067.747s][info ][gc,heap        ] GC(257) ParOldGen: 448849K(548864K)->448881K(548864K)
[5067.747s][info ][gc,metaspace   ] GC(257) Metaspace: 81550K(82432K)->81550K(82432K) NonClass: 70207K(70656K)->70207K(70656K) Class: 11342K(11776K)->11342K(11776K)
[5067.747s][info ][gc             ] GC(257) Pause Young (Allocation Failure) 2445M->439M(2566M) 1.573ms
[5067.747s][info ][gc,cpu         ] GC(257) User=0.01s Sys=0.00s Real=0.00s
[5067.747s][info ][safepoint      ] Safepoint "ParallelGCFailedAllocation", Time since last: 9597533332 ns, Reaching safepoint: 25500 ns, At safepoint: 1639008 ns, Total: 1664508 ns
[5071.747s][info ][safepoint      ] Safepoint "Cleanup", Time since last: 4000263311 ns, Reaching safepoint: 41500 ns, At safepoint: 2600 ns, Total: 44100 ns
[5091.547s][info ][gc,start       ] GC(258) Pause Young (Allocation Failure)
[5091.548s][debug][gc,phases      ] GC(258) Scavenge 1.283ms
[5091.548s][debug][gc,ref         ] GC(258) Skipped phase 1 of Reference Processing: no references
[5091.548s][debug][gc,ref         ] GC(258) ReferenceProcessor::execute queues: 1, RefProcThreadModel::Single, marks_oops_alive: false
[5091.548s][debug][gc,ref         ] GC(258) Skipped phase 3 of Reference Processing: no references
[5091.548s][debug][gc,ref         ] GC(258) Skipped phase 4 of Reference Processing: no references
[5091.548s][debug][gc,phases      ] GC(258) Reference Processing 0.085ms
[5091.548s][debug][gc,phases      ] GC(258)   VM Weak                        Min:  0.0, Avg:  0.0, Max:  0.0, Diff:  0.0, Sum:  0.0, Workers: 4
[5091.548s][debug][gc,phases      ] GC(258)     Dead                           Min: 0, Avg:  0.0, Max: 0, Diff: 0, Sum: 0, Workers: 4
[5091.548s][debug][gc,phases      ] GC(258)     Total                          Min: 0, Avg: 129.8, Max: 462, Diff: 462, Sum: 519, Workers: 4
[5091.548s][debug][gc,phases      ] GC(258)   ObjectSynchronizer Weak        Min:  0.0, Avg:  0.0, Max:  0.0, Diff:  0.0, Sum:  0.0, Workers: 4
[5091.548s][debug][gc,phases      ] GC(258)     Dead                           Min: 0, Avg:  0.0, Max: 0, Diff: 0, Sum: 0, Workers: 4
[5091.548s][debug][gc,phases      ] GC(258)     Total                          Min: 0, Avg: 121.2, Max: 256, Diff: 256, Sum: 485, Workers: 4
[5091.548s][debug][gc,phases      ] GC(258)   JVMTI Tag Weak OopStorage      Min:  0.0, Avg:  0.0, Max:  0.0, Diff:  0.0, Sum:  0.0, Workers: 4
[5091.548s][debug][gc,phases      ] GC(258)     Dead                           Min: 0, Avg:  0.0, Max: 0, Diff: 0, Sum: 0, Workers: 4
[5091.548s][debug][gc,phases      ] GC(258)     Total                          Min: 0, Avg:  0.0, Max: 0, Diff: 0, Sum: 0, Workers: 4
[5091.548s][debug][gc,phases      ] GC(258)   StringTable Weak               Min:  0.1, Avg:  0.1, Max:  0.1, Diff:  0.0, Sum:  0.3, Workers: 4
[5091.548s][debug][gc,phases      ] GC(258)     Dead                           Min: 0, Avg:  0.0, Max: 0, Diff: 0, Sum: 0, Workers: 4
[5091.548s][debug][gc,phases      ] GC(258)     Total                          Min: 10816, Avg: 12072.0, Max: 12512, Diff: 1696, Sum: 48288, Workers: 4
[5091.548s][debug][gc,phases      ] GC(258)   ResolvedMethodTable Weak       Min:  0.0, Avg:  0.0, Max:  0.0, Diff:  0.0, Sum:  0.0, Workers: 4
[5091.548s][debug][gc,phases      ] GC(258)     Dead                           Min: 0, Avg:  0.0, Max: 0, Diff: 0, Sum: 0, Workers: 4
[5091.548s][debug][gc,phases      ] GC(258)     Total                          Min: 1916, Avg: 2046.5, Max: 2174, Diff: 258, Sum: 8186, Workers: 4
[5091.548s][debug][gc,phases      ] GC(258)   JNI Weak                       Min:  0.0, Avg:  0.0, Max:  0.0, Diff:  0.0, Sum:  0.0, Workers: 4
[5091.548s][debug][gc,phases      ] GC(258)     Dead                           Min: 0, Avg:  0.0, Max: 0, Diff: 0, Sum: 0, Workers: 4
[5091.548s][debug][gc,phases      ] GC(258)     Total                          Min: 0, Avg:  0.0, Max: 0, Diff: 0, Sum: 0, Workers: 4
[5091.548s][debug][gc,phases      ] GC(258)   StringDedup Table Weak         Min:  0.0, Avg:  0.0, Max:  0.0, Diff:  0.0, Sum:  0.0, Workers: 4
[5091.548s][debug][gc,phases      ] GC(258)     Dead                           Min: 0, Avg:  0.0, Max: 0, Diff: 0, Sum: 0, Workers: 4
[5091.548s][debug][gc,phases      ] GC(258)     Total                          Min: 0, Avg:  0.0, Max: 0, Diff: 0, Sum: 0, Workers: 4
[5091.548s][debug][gc,phases      ] GC(258)   StringDedup Requests0 Weak     Min:  0.0, Avg:  0.0, Max:  0.0, Diff:  0.0, Sum:  0.0, Workers: 4
[5091.548s][debug][gc,phases      ] GC(258)     Dead                           Min: 0, Avg:  0.0, Max: 0, Diff: 0, Sum: 0, Workers: 4
[5091.548s][debug][gc,phases      ] GC(258)     Total                          Min: 0, Avg:  0.0, Max: 0, Diff: 0, Sum: 0, Workers: 4
[5091.548s][debug][gc,phases      ] GC(258)   StringDedup Requests1 Weak     Min:  0.0, Avg:  0.0, Max:  0.0, Diff:  0.0, Sum:  0.0, Workers: 4
[5091.548s][debug][gc,phases      ] GC(258)     Dead                           Min: 0, Avg:  0.0, Max: 0, Diff: 0, Sum: 0, Workers: 4
[5091.548s][debug][gc,phases      ] GC(258)     Total                          Min: 0, Avg:  0.0, Max: 0, Diff: 0, Sum: 0, Workers: 4
[5091.548s][debug][gc,phases      ] GC(258)   Weak JFR Old Object Samples    Min:  0.0, Avg:  0.0, Max:  0.0, Diff:  0.0, Sum:  0.0, Workers: 4
[5091.548s][debug][gc,phases      ] GC(258)     Dead                           Min: 0, Avg:  0.0, Max: 0, Diff: 0, Sum: 0, Workers: 4
[5091.548s][debug][gc,phases      ] GC(258)     Total                          Min: 0, Avg:  0.0, Max: 0, Diff: 0, Sum: 0, Workers: 4
[5091.548s][debug][gc,phases      ] GC(258) Weak Processing 0.227ms
[5091.548s][debug][gc,age         ] GC(258) Desired survivor size 16777216 bytes, new threshold 15 (max threshold 15)
[5091.548s][info ][gc,heap        ] GC(258) PSYoungGen: 2061344K(2079232K)->1056K(2078208K) Eden: 2060288K(2060288K)->0K(2060288K) From: 1056K(18944K)->1056K(17920K)
[5091.548s][info ][gc,heap        ] GC(258) ParOldGen: 448881K(548864K)->448889K(548864K)
[5091.548s][info ][gc,metaspace   ] GC(258) Metaspace: 81550K(82432K)->81550K(82432K) NonClass: 70207K(70656K)->70207K(70656K) Class: 11342K(11776K)->11342K(11776K)
[5091.548s][info ][gc             ] GC(258) Pause Young (Allocation Failure) 2451M->439M(2565M) 1.675ms
[5091.548s][info ][gc,cpu         ] GC(258) User=0.00s Sys=0.00s Real=0.00s
[5091.548s][info ][safepoint      ] Safepoint "ParallelGCFailedAllocation", Time since last: 19799141999 ns, Reaching safepoint: 36400 ns, At safepoint: 1745008 ns, Total: 1781408 ns
[5101.549s][info ][safepoint      ] Safepoint "Cleanup", Time since last: 10000657822 ns, Reaching safepoint: 41500 ns, At safepoint: 3600 ns, Total: 45100 ns
[5114.774s][info ][gc,start       ] GC(259) Pause Young (Allocation Failure)
[5114.775s][debug][gc,phases      ] GC(259) Scavenge 1.378ms
[5114.775s][debug][gc,ref         ] GC(259) Skipped phase 1 of Reference Processing: no references
[5114.775s][debug][gc,ref         ] GC(259) ReferenceProcessor::execute queues: 1, RefProcThreadModel::Single, marks_oops_alive: false
[5114.775s][debug][gc,ref         ] GC(259) Skipped phase 3 of Reference Processing: no references
[5114.775s][debug][gc,ref         ] GC(259) Skipped phase 4 of Reference Processing: no references
[5114.775s][debug][gc,phases      ] GC(259) Reference Processing 0.078ms
[5114.775s][debug][gc,phases      ] GC(259)   VM Weak                        Min:  0.0, Avg:  0.0, Max:  0.0, Diff:  0.0, Sum:  0.0, Workers: 4
[5114.775s][debug][gc,phases      ] GC(259)     Dead                           Min: 0, Avg:  0.0, Max: 0, Diff: 0, Sum: 0, Workers: 4
[5114.775s][debug][gc,phases      ] GC(259)     Total                          Min: 0, Avg: 129.8, Max: 443, Diff: 443, Sum: 519, Workers: 4
[5114.775s][debug][gc,phases      ] GC(259)   ObjectSynchronizer Weak        Min:  0.0, Avg:  0.0, Max:  0.0, Diff:  0.0, Sum:  0.0, Workers: 4
[5114.775s][debug][gc,phases      ] GC(259)     Dead                           Min: 0, Avg:  0.0, Max: 0, Diff: 0, Sum: 0, Workers: 4
[5114.775s][debug][gc,phases      ] GC(259)     Total                          Min: 0, Avg: 121.2, Max: 256, Diff: 256, Sum: 485, Workers: 4
[5114.775s][debug][gc,phases      ] GC(259)   JVMTI Tag Weak OopStorage      Min:  0.0, Avg:  0.0, Max:  0.0, Diff:  0.0, Sum:  0.0, Workers: 4
[5114.775s][debug][gc,phases      ] GC(259)     Dead                           Min: 0, Avg:  0.0, Max: 0, Diff: 0, Sum: 0, Workers: 4
[5114.775s][debug][gc,phases      ] GC(259)     Total                          Min: 0, Avg:  0.0, Max: 0, Diff: 0, Sum: 0, Workers: 4
[5114.775s][debug][gc,phases      ] GC(259)   StringTable Weak               Min:  0.1, Avg:  0.1, Max:  0.1, Diff:  0.0, Sum:  0.3, Workers: 4
[5114.775s][debug][gc,phases      ] GC(259)     Dead                           Min: 0, Avg:  0.0, Max: 0, Diff: 0, Sum: 0, Workers: 4
[5114.775s][debug][gc,phases      ] GC(259)     Total                          Min: 11136, Avg: 12072.0, Max: 12544, Diff: 1408, Sum: 48288, Workers: 4
[5114.775s][debug][gc,phases      ] GC(259)   ResolvedMethodTable Weak       Min:  0.0, Avg:  0.0, Max:  0.0, Diff:  0.0, Sum:  0.1, Workers: 4
[5114.775s][debug][gc,phases      ] GC(259)     Dead                           Min: 0, Avg:  0.0, Max: 0, Diff: 0, Sum: 0, Workers: 4
[5114.775s][debug][gc,phases      ] GC(259)     Total                          Min: 1920, Avg: 2046.5, Max: 2238, Diff: 318, Sum: 8186, Workers: 4
[5114.775s][debug][gc,phases      ] GC(259)   JNI Weak                       Min:  0.0, Avg:  0.0, Max:  0.0, Diff:  0.0, Sum:  0.0, Workers: 4
[5114.775s][debug][gc,phases      ] GC(259)     Dead                           Min: 0, Avg:  0.0, Max: 0, Diff: 0, Sum: 0, Workers: 4
[5114.775s][debug][gc,phases      ] GC(259)     Total                          Min: 0, Avg:  0.0, Max: 0, Diff: 0, Sum: 0, Workers: 4
[5114.775s][debug][gc,phases      ] GC(259)   StringDedup Table Weak         Min:  0.0, Avg:  0.0, Max:  0.0, Diff:  0.0, Sum:  0.0, Workers: 4
[5114.775s][debug][gc,phases      ] GC(259)     Dead                           Min: 0, Avg:  0.0, Max: 0, Diff: 0, Sum: 0, Workers: 4
[5114.775s][debug][gc,phases      ] GC(259)     Total                          Min: 0, Avg:  0.0, Max: 0, Diff: 0, Sum: 0, Workers: 4
[5114.775s][debug][gc,phases      ] GC(259)   StringDedup Requests0 Weak     Min:  0.0, Avg:  0.0, Max:  0.0, Diff:  0.0, Sum:  0.0, Workers: 4
[5114.775s][debug][gc,phases      ] GC(259)     Dead                           Min: 0, Avg:  0.0, Max: 0, Diff: 0, Sum: 0, Workers: 4
[5114.775s][debug][gc,phases      ] GC(259)     Total                          Min: 0, Avg:  0.0, Max: 0, Diff: 0, Sum: 0, Workers: 4
[5114.775s][debug][gc,phases      ] GC(259)   StringDedup Requests1 Weak     Min:  0.0, Avg:  0.0, Max:  0.0, Diff:  0.0, Sum:  0.0, Workers: 4
[5114.775s][debug][gc,phases      ] GC(259)     Dead                           Min: 0, Avg:  0.0, Max: 0, Diff: 0, Sum: 0, Workers: 4
[5114.775s][debug][gc,phases      ] GC(259)     Total                          Min: 0, Avg:  0.0, Max: 0, Diff: 0, Sum: 0, Workers: 4
[5114.775s][debug][gc,phases      ] GC(259)   Weak JFR Old Object Samples    Min:  0.0, Avg:  0.0, Max:  0.0, Diff:  0.0, Sum:  0.0, Workers: 4
[5114.775s][debug][gc,phases      ] GC(259)     Dead                           Min: 0, Avg:  0.0, Max: 0, Diff: 0, Sum: 0, Workers: 4
[5114.775s][debug][gc,phases      ] GC(259)     Total                          Min: 0, Avg:  0.0, Max: 0, Diff: 0, Sum: 0, Workers: 4
[5114.775s][debug][gc,phases      ] GC(259) Weak Processing 0.234ms
[5114.775s][debug][gc,age         ] GC(259) Desired survivor size 15728640 bytes, new threshold 15 (max threshold 15)
[5114.775s][info ][gc,heap        ] GC(259) PSYoungGen: 2061344K(2078208K)->1168K(2081792K) Eden: 2060288K(2060288K)->0K(2065408K) From: 1056K(17920K)->1168K(16384K)
[5114.776s][info ][gc,heap        ] GC(259) ParOldGen: 448889K(548864K)->448921K(548864K)
[5114.776s][info ][gc,metaspace   ] GC(259) Metaspace: 81550K(82432K)->81550K(82432K) NonClass: 70208K(70656K)->70208K(70656K) Class: 11342K(11776K)->11342K(11776K)
[5114.776s][info ][gc             ] GC(259) Pause Young (Allocation Failure) 2451M->439M(2569M) 1.774ms
[5114.776s][info ][gc,cpu         ] GC(259) User=0.00s Sys=0.00s Real=0.00s
[5114.776s][info ][safepoint      ] Safepoint "ParallelGCFailedAllocation", Time since last: 13224697679 ns, Reaching safepoint: 34100 ns, At safepoint: 1844409 ns, Total: 1878509 ns
[5120.776s][info ][safepoint      ] Safepoint "Cleanup", Time since last: 6000363811 ns, Reaching safepoint: 50200 ns, At safepoint: 6700 ns, Total: 56900 ns
[5121.776s][info ][safepoint      ] Safepoint "Cleanup", Time since last: 1000097002 ns, Reaching safepoint: 33200 ns, At safepoint: 7600 ns, Total: 40800 ns
[5138.742s][info ][gc,start       ] GC(260) Pause Young (Allocation Failure)
[5138.744s][debug][gc,phases      ] GC(260) Scavenge 1.250ms
[5138.744s][debug][gc,ref         ] GC(260) Skipped phase 1 of Reference Processing: no references
[5138.744s][debug][gc,ref         ] GC(260) ReferenceProcessor::execute queues: 1, RefProcThreadModel::Single, marks_oops_alive: false
[5138.744s][debug][gc,ref         ] GC(260) Skipped phase 3 of Reference Processing: no references
[5138.744s][debug][gc,ref         ] GC(260) Skipped phase 4 of Reference Processing: no references
[5138.744s][debug][gc,phases      ] GC(260) Reference Processing 0.081ms
[5138.744s][debug][gc,phases      ] GC(260)   VM Weak                        Min:  0.0, Avg:  0.0, Max:  0.0, Diff:  0.0, Sum:  0.0, Workers: 4
[5138.744s][debug][gc,phases      ] GC(260)     Dead                           Min: 0, Avg:  0.0, Max: 0, Diff: 0, Sum: 0, Workers: 4
[5138.744s][debug][gc,phases      ] GC(260)     Total                          Min: 0, Avg: 129.8, Max: 462, Diff: 462, Sum: 519, Workers: 4
[5138.744s][debug][gc,phases      ] GC(260)   ObjectSynchronizer Weak        Min:  0.0, Avg:  0.0, Max:  0.0, Diff:  0.0, Sum:  0.0, Workers: 4
[5138.744s][debug][gc,phases      ] GC(260)     Dead                           Min: 0, Avg:  0.0, Max: 0, Diff: 0, Sum: 0, Workers: 4
[5138.744s][debug][gc,phases      ] GC(260)     Total                          Min: 0, Avg: 121.2, Max: 256, Diff: 256, Sum: 485, Workers: 4
[5138.744s][debug][gc,phases      ] GC(260)   JVMTI Tag Weak OopStorage      Min:  0.0, Avg:  0.0, Max:  0.0, Diff:  0.0, Sum:  0.0, Workers: 4
[5138.744s][debug][gc,phases      ] GC(260)     Dead                           Min: 0, Avg:  0.0, Max: 0, Diff: 0, Sum: 0, Workers: 4
[5138.744s][debug][gc,phases      ] GC(260)     Total                          Min: 0, Avg:  0.0, Max: 0, Diff: 0, Sum: 0, Workers: 4
[5138.744s][debug][gc,phases      ] GC(260)   StringTable Weak               Min:  0.1, Avg:  0.1, Max:  0.1, Diff:  0.0, Sum:  0.3, Workers: 4
[5138.744s][debug][gc,phases      ] GC(260)     Dead                           Min: 0, Avg:  0.0, Max: 0, Diff: 0, Sum: 0, Workers: 4
[5138.744s][debug][gc,phases      ] GC(260)     Total                          Min: 11200, Avg: 12072.8, Max: 12480, Diff: 1280, Sum: 48291, Workers: 4
[5138.744s][debug][gc,phases      ] GC(260)   ResolvedMethodTable Weak       Min:  0.0, Avg:  0.0, Max:  0.0, Diff:  0.0, Sum:  0.1, Workers: 4
[5138.744s][debug][gc,phases      ] GC(260)     Dead                           Min: 0, Avg:  0.0, Max: 0, Diff: 0, Sum: 0, Workers: 4
[5138.744s][debug][gc,phases      ] GC(260)     Total                          Min: 1983, Avg: 2046.5, Max: 2171, Diff: 188, Sum: 8186, Workers: 4
[5138.744s][debug][gc,phases      ] GC(260)   JNI Weak                       Min:  0.0, Avg:  0.0, Max:  0.0, Diff:  0.0, Sum:  0.0, Workers: 4
[5138.744s][debug][gc,phases      ] GC(260)     Dead                           Min: 0, Avg:  0.0, Max: 0, Diff: 0, Sum: 0, Workers: 4
[5138.744s][debug][gc,phases      ] GC(260)     Total                          Min: 0, Avg:  0.0, Max: 0, Diff: 0, Sum: 0, Workers: 4
[5138.744s][debug][gc,phases      ] GC(260)   StringDedup Table Weak         Min:  0.0, Avg:  0.0, Max:  0.0, Diff:  0.0, Sum:  0.0, Workers: 4
[5138.744s][debug][gc,phases      ] GC(260)     Dead                           Min: 0, Avg:  0.0, Max: 0, Diff: 0, Sum: 0, Workers: 4
[5138.744s][debug][gc,phases      ] GC(260)     Total                          Min: 0, Avg:  0.0, Max: 0, Diff: 0, Sum: 0, Workers: 4
[5138.744s][debug][gc,phases      ] GC(260)   StringDedup Requests0 Weak     Min:  0.0, Avg:  0.0, Max:  0.0, Diff:  0.0, Sum:  0.0, Workers: 4
[5138.744s][debug][gc,phases      ] GC(260)     Dead                           Min: 0, Avg:  0.0, Max: 0, Diff: 0, Sum: 0, Workers: 4
[5138.744s][debug][gc,phases      ] GC(260)     Total                          Min: 0, Avg:  0.0, Max: 0, Diff: 0, Sum: 0, Workers: 4
[5138.744s][debug][gc,phases      ] GC(260)   StringDedup Requests1 Weak     Min:  0.0, Avg:  0.0, Max:  0.0, Diff:  0.0, Sum:  0.0, Workers: 4
[5138.744s][debug][gc,phases      ] GC(260)     Dead                           Min: 0, Avg:  0.0, Max: 0, Diff: 0, Sum: 0, Workers: 4
[5138.744s][debug][gc,phases      ] GC(260)     Total                          Min: 0, Avg:  0.0, Max: 0, Diff: 0, Sum: 0, Workers: 4
[5138.744s][debug][gc,phases      ] GC(260)   Weak JFR Old Object Samples    Min:  0.0, Avg:  0.0, Max:  0.0, Diff:  0.0, Sum:  0.0, Workers: 4
[5138.744s][debug][gc,phases      ] GC(260)     Dead                           Min: 0, Avg:  0.0, Max: 0, Diff: 0, Sum: 0, Workers: 4
[5138.744s][debug][gc,phases      ] GC(260)     Total                          Min: 0, Avg:  0.0, Max: 0, Diff: 0, Sum: 0, Workers: 4
[5138.744s][debug][gc,phases      ] GC(260) Weak Processing 0.230ms
[5138.744s][debug][gc,age         ] GC(260) Desired survivor size 14680064 bytes, new threshold 15 (max threshold 15)
[5138.744s][info ][gc,heap        ] GC(260) PSYoungGen: 2066576K(2081792K)->1168K(2080768K) Eden: 2065408K(2065408K)->0K(2065408K) From: 1168K(16384K)->1168K(15360K)
[5138.744s][info ][gc,heap        ] GC(260) ParOldGen: 448921K(548864K)->448953K(548864K)
[5138.744s][info ][gc,metaspace   ] GC(260) Metaspace: 81555K(82432K)->81555K(82432K) NonClass: 70212K(70656K)->70212K(70656K) Class: 11342K(11776K)->11342K(11776K)
[5138.744s][info ][gc             ] GC(260) Pause Young (Allocation Failure) 2456M->439M(2568M) 1.643ms
[5138.744s][info ][gc,cpu         ] GC(260) User=0.00s Sys=0.00s Real=0.00s
[5138.744s][info ][safepoint      ] Safepoint "ParallelGCFailedAllocation", Time since last: 16966115263 ns, Reaching safepoint: 95401 ns, At safepoint: 1711108 ns, Total: 1806509 ns
[5152.745s][info ][safepoint      ] Safepoint "Cleanup", Time since last: 14000946020 ns, Reaching safepoint: 42800 ns, At safepoint: 7600 ns, Total: 50400 ns
[5164.594s][info ][gc,start       ] GC(261) Pause Young (Allocation Failure)
[5164.595s][debug][gc,phases      ] GC(261) Scavenge 1.366ms
[5164.595s][debug][gc,ref         ] GC(261) Skipped phase 1 of Reference Processing: no references
[5164.596s][debug][gc,ref         ] GC(261) ReferenceProcessor::execute queues: 1, RefProcThreadModel::Single, marks_oops_alive: false
[5164.596s][debug][gc,ref         ] GC(261) Skipped phase 3 of Reference Processing: no references
[5164.596s][debug][gc,ref         ] GC(261) Skipped phase 4 of Reference Processing: no references
[5164.596s][debug][gc,phases      ] GC(261) Reference Processing 0.084ms
[5164.596s][debug][gc,phases      ] GC(261)   VM Weak                        Min:  0.0, Avg:  0.0, Max:  0.0, Diff:  0.0, Sum:  0.0, Workers: 4
[5164.596s][debug][gc,phases      ] GC(261)     Dead                           Min: 0, Avg:  0.0, Max: 0, Diff: 0, Sum: 0, Workers: 4
[5164.596s][debug][gc,phases      ] GC(261)     Total                          Min: 0, Avg: 129.8, Max: 519, Diff: 519, Sum: 519, Workers: 4
[5164.596s][debug][gc,phases      ] GC(261)   ObjectSynchronizer Weak        Min:  0.0, Avg:  0.0, Max:  0.0, Diff:  0.0, Sum:  0.0, Workers: 4
[5164.596s][debug][gc,phases      ] GC(261)     Dead                           Min: 0, Avg:  0.0, Max: 0, Diff: 0, Sum: 0, Workers: 4
[5164.596s][debug][gc,phases      ] GC(261)     Total                          Min: 0, Avg: 121.2, Max: 320, Diff: 320, Sum: 485, Workers: 4
[5164.596s][debug][gc,phases      ] GC(261)   JVMTI Tag Weak OopStorage      Min:  0.0, Avg:  0.0, Max:  0.0, Diff:  0.0, Sum:  0.0, Workers: 4
[5164.596s][debug][gc,phases      ] GC(261)     Dead                           Min: 0, Avg:  0.0, Max: 0, Diff: 0, Sum: 0, Workers: 4
[5164.596s][debug][gc,phases      ] GC(261)     Total                          Min: 0, Avg:  0.0, Max: 0, Diff: 0, Sum: 0, Workers: 4
[5164.596s][debug][gc,phases      ] GC(261)   StringTable Weak               Min:  0.1, Avg:  0.1, Max:  0.1, Diff:  0.0, Sum:  0.3, Workers: 4
[5164.596s][debug][gc,phases      ] GC(261)     Dead                           Min: 0, Avg:  0.0, Max: 0, Diff: 0, Sum: 0, Workers: 4
[5164.596s][debug][gc,phases      ] GC(261)     Total                          Min: 11264, Avg: 12072.8, Max: 12480, Diff: 1216, Sum: 48291, Workers: 4
[5164.596s][debug][gc,phases      ] GC(261)   ResolvedMethodTable Weak       Min:  0.0, Avg:  0.0, Max:  0.0, Diff:  0.0, Sum:  0.1, Workers: 4
[5164.596s][debug][gc,phases      ] GC(261)     Dead                           Min: 0, Avg:  0.0, Max: 0, Diff: 0, Sum: 0, Workers: 4
[5164.596s][debug][gc,phases      ] GC(261)     Total                          Min: 1792, Avg: 2046.5, Max: 2235, Diff: 443, Sum: 8186, Workers: 4
[5164.596s][debug][gc,phases      ] GC(261)   JNI Weak                       Min:  0.0, Avg:  0.0, Max:  0.0, Diff:  0.0, Sum:  0.0, Workers: 4
[5164.596s][debug][gc,phases      ] GC(261)     Dead                           Min: 0, Avg:  0.0, Max: 0, Diff: 0, Sum: 0, Workers: 4
[5164.596s][debug][gc,phases      ] GC(261)     Total                          Min: 0, Avg:  0.0, Max: 0, Diff: 0, Sum: 0, Workers: 4
[5164.596s][debug][gc,phases      ] GC(261)   StringDedup Table Weak         Min:  0.0, Avg:  0.0, Max:  0.0, Diff:  0.0, Sum:  0.0, Workers: 4
[5164.596s][debug][gc,phases      ] GC(261)     Dead                           Min: 0, Avg:  0.0, Max: 0, Diff: 0, Sum: 0, Workers: 4
[5164.596s][debug][gc,phases      ] GC(261)     Total                          Min: 0, Avg:  0.0, Max: 0, Diff: 0, Sum: 0, Workers: 4
[5164.596s][debug][gc,phases      ] GC(261)   StringDedup Requests0 Weak     Min:  0.0, Avg:  0.0, Max:  0.0, Diff:  0.0, Sum:  0.0, Workers: 4
[5164.596s][debug][gc,phases      ] GC(261)     Dead                           Min: 0, Avg:  0.0, Max: 0, Diff: 0, Sum: 0, Workers: 4
[5164.596s][debug][gc,phases      ] GC(261)     Total                          Min: 0, Avg:  0.0, Max: 0, Diff: 0, Sum: 0, Workers: 4
[5164.596s][debug][gc,phases      ] GC(261)   StringDedup Requests1 Weak     Min:  0.0, Avg:  0.0, Max:  0.0, Diff:  0.0, Sum:  0.0, Workers: 4
[5164.596s][debug][gc,phases      ] GC(261)     Dead                           Min: 0, Avg:  0.0, Max: 0, Diff: 0, Sum: 0, Workers: 4
[5164.596s][debug][gc,phases      ] GC(261)     Total                          Min: 0, Avg:  0.0, Max: 0, Diff: 0, Sum: 0, Workers: 4
[5164.596s][debug][gc,phases      ] GC(261)   Weak JFR Old Object Samples    Min:  0.0, Avg:  0.0, Max:  0.0, Diff:  0.0, Sum:  0.0, Workers: 4
[5164.596s][debug][gc,phases      ] GC(261)     Dead                           Min: 0, Avg:  0.0, Max: 0, Diff: 0, Sum: 0, Workers: 4
[5164.596s][debug][gc,phases      ] GC(261)     Total                          Min: 0, Avg:  0.0, Max: 0, Diff: 0, Sum: 0, Workers: 4
[5164.596s][debug][gc,phases      ] GC(261) Weak Processing 0.228ms
[5164.596s][debug][gc,age         ] GC(261) Desired survivor size 13631488 bytes, new threshold 15 (max threshold 15)
[5164.596s][info ][gc,heap        ] GC(261) PSYoungGen: 2066576K(2080768K)->1088K(2083840K) Eden: 2065408K(2065408K)->0K(2069504K) From: 1168K(15360K)->1088K(14336K)
[5164.596s][info ][gc,heap        ] GC(261) ParOldGen: 448953K(548864K)->448985K(548864K)
[5164.596s][info ][gc,metaspace   ] GC(261) Metaspace: 81556K(82432K)->81556K(82432K) NonClass: 70213K(70656K)->70213K(70656K) Class: 11342K(11776K)->11342K(11776K)
[5164.596s][info ][gc             ] GC(261) Pause Young (Allocation Failure) 2456M->439M(2571M) 1.766ms
[5164.596s][info ][gc,cpu         ] GC(261) User=0.01s Sys=0.00s Real=0.00s
[5164.596s][info ][safepoint      ] Safepoint "ParallelGCFailedAllocation", Time since last: 11848867400 ns, Reaching safepoint: 117201 ns, At safepoint: 1843608 ns, Total: 1960809 ns
[5168.596s][info ][safepoint      ] Safepoint "Cleanup", Time since last: 4000253605 ns, Reaching safepoint: 36900 ns, At safepoint: 2400 ns, Total: 39300 ns
[5171.596s][info ][safepoint      ] Safepoint "Cleanup", Time since last: 3000216103 ns, Reaching safepoint: 38700 ns, At safepoint: 2300 ns, Total: 41000 ns
[5190.143s][info ][gc,start       ] GC(262) Pause Young (Allocation Failure)
[5190.145s][debug][gc,phases      ] GC(262) Scavenge 1.796ms
[5190.145s][debug][gc,ref         ] GC(262) Skipped phase 1 of Reference Processing: no references
[5190.145s][debug][gc,ref         ] GC(262) ReferenceProcessor::execute queues: 1, RefProcThreadModel::Single, marks_oops_alive: false
[5190.145s][debug][gc,ref         ] GC(262) Skipped phase 3 of Reference Processing: no references
[5190.145s][debug][gc,ref         ] GC(262) Skipped phase 4 of Reference Processing: no references
[5190.145s][debug][gc,phases      ] GC(262) Reference Processing 0.083ms
[5190.145s][debug][gc,phases      ] GC(262)   VM Weak                        Min:  0.0, Avg:  0.0, Max:  0.0, Diff:  0.0, Sum:  0.0, Workers: 4
[5190.145s][debug][gc,phases      ] GC(262)     Dead                           Min: 0, Avg:  0.0, Max: 0, Diff: 0, Sum: 0, Workers: 4
[5190.145s][debug][gc,phases      ] GC(262)     Total                          Min: 0, Avg: 129.8, Max: 286, Diff: 286, Sum: 519, Workers: 4
[5190.145s][debug][gc,phases      ] GC(262)   ObjectSynchronizer Weak        Min:  0.0, Avg:  0.0, Max:  0.0, Diff:  0.0, Sum:  0.0, Workers: 4
[5190.145s][debug][gc,phases      ] GC(262)     Dead                           Min: 0, Avg:  0.0, Max: 0, Diff: 0, Sum: 0, Workers: 4
[5190.145s][debug][gc,phases      ] GC(262)     Total                          Min: 0, Avg: 121.2, Max: 293, Diff: 293, Sum: 485, Workers: 4
[5190.145s][debug][gc,phases      ] GC(262)   JVMTI Tag Weak OopStorage      Min:  0.0, Avg:  0.0, Max:  0.0, Diff:  0.0, Sum:  0.0, Workers: 4
[5190.145s][debug][gc,phases      ] GC(262)     Dead                           Min: 0, Avg:  0.0, Max: 0, Diff: 0, Sum: 0, Workers: 4
[5190.145s][debug][gc,phases      ] GC(262)     Total                          Min: 0, Avg:  0.0, Max: 0, Diff: 0, Sum: 0, Workers: 4
[5190.145s][debug][gc,phases      ] GC(262)   StringTable Weak               Min:  0.1, Avg:  0.1, Max:  0.1, Diff:  0.0, Sum:  0.3, Workers: 4
[5190.145s][debug][gc,phases      ] GC(262)     Dead                           Min: 0, Avg:  0.0, Max: 0, Diff: 0, Sum: 0, Workers: 4
[5190.145s][debug][gc,phases      ] GC(262)     Total                          Min: 9070, Avg: 12075.5, Max: 15744, Diff: 6674, Sum: 48302, Workers: 4
[5190.145s][debug][gc,phases      ] GC(262)   ResolvedMethodTable Weak       Min:  0.0, Avg:  0.0, Max:  0.0, Diff:  0.0, Sum:  0.1, Workers: 4
[5190.145s][debug][gc,phases      ] GC(262)     Dead                           Min: 0, Avg:  0.0, Max: 0, Diff: 0, Sum: 0, Workers: 4
[5190.145s][debug][gc,phases      ] GC(262)     Total                          Min: 1536, Avg: 2046.5, Max: 2494, Diff: 958, Sum: 8186, Workers: 4
[5190.145s][debug][gc,phases      ] GC(262)   JNI Weak                       Min:  0.0, Avg:  0.0, Max:  0.0, Diff:  0.0, Sum:  0.0, Workers: 4
[5190.145s][debug][gc,phases      ] GC(262)     Dead                           Min: 0, Avg:  0.0, Max: 0, Diff: 0, Sum: 0, Workers: 4
[5190.145s][debug][gc,phases      ] GC(262)     Total                          Min: 0, Avg:  0.0, Max: 0, Diff: 0, Sum: 0, Workers: 4
[5190.145s][debug][gc,phases      ] GC(262)   StringDedup Table Weak         Min:  0.0, Avg:  0.0, Max:  0.0, Diff:  0.0, Sum:  0.0, Workers: 4
[5190.145s][debug][gc,phases      ] GC(262)     Dead                           Min: 0, Avg:  0.0, Max: 0, Diff: 0, Sum: 0, Workers: 4
[5190.145s][debug][gc,phases      ] GC(262)     Total                          Min: 0, Avg:  0.0, Max: 0, Diff: 0, Sum: 0, Workers: 4
[5190.145s][debug][gc,phases      ] GC(262)   StringDedup Requests0 Weak     Min:  0.0, Avg:  0.0, Max:  0.0, Diff:  0.0, Sum:  0.0, Workers: 4
[5190.145s][debug][gc,phases      ] GC(262)     Dead                           Min: 0, Avg:  0.0, Max: 0, Diff: 0, Sum: 0, Workers: 4
[5190.145s][debug][gc,phases      ] GC(262)     Total                          Min: 0, Avg:  0.0, Max: 0, Diff: 0, Sum: 0, Workers: 4
[5190.145s][debug][gc,phases      ] GC(262)   StringDedup Requests1 Weak     Min:  0.0, Avg:  0.0, Max:  0.0, Diff:  0.0, Sum:  0.0, Workers: 4
[5190.145s][debug][gc,phases      ] GC(262)     Dead                           Min: 0, Avg:  0.0, Max: 0, Diff: 0, Sum: 0, Workers: 4
[5190.145s][debug][gc,phases      ] GC(262)     Total                          Min: 0, Avg:  0.0, Max: 0, Diff: 0, Sum: 0, Workers: 4
[5190.145s][debug][gc,phases      ] GC(262)   Weak JFR Old Object Samples    Min:  0.0, Avg:  0.0, Max:  0.0, Diff:  0.0, Sum:  0.0, Workers: 4
[5190.145s][debug][gc,phases      ] GC(262)     Dead                           Min: 0, Avg:  0.0, Max: 0, Diff: 0, Sum: 0, Workers: 4
[5190.145s][debug][gc,phases      ] GC(262)     Total                          Min: 0, Avg:  0.0, Max: 0, Diff: 0, Sum: 0, Workers: 4
[5190.145s][debug][gc,phases      ] GC(262) Weak Processing 0.240ms
[5190.145s][debug][gc,age         ] GC(262) Desired survivor size 12582912 bytes, new threshold 15 (max threshold 15)
[5190.145s][info ][gc,heap        ] GC(262) PSYoungGen: 2070592K(2083840K)->1200K(2082816K) Eden: 2069504K(2069504K)->0K(2069504K) From: 1088K(14336K)->1200K(13312K)
[5190.145s][info ][gc,heap        ] GC(262) ParOldGen: 448985K(548864K)->449009K(548864K)
[5190.145s][info ][gc,metaspace   ] GC(262) Metaspace: 81558K(82432K)->81558K(82432K) NonClass: 70216K(70656K)->70216K(70656K) Class: 11342K(11776K)->11342K(11776K)
[5190.145s][info ][gc             ] GC(262) Pause Young (Allocation Failure) 2460M->439M(2570M) 2.193ms
[5190.145s][info ][gc,cpu         ] GC(262) User=0.01s Sys=0.00s Real=0.00s
[5190.145s][info ][safepoint      ] Safepoint "ParallelGCFailedAllocation", Time since last: 18546378279 ns, Reaching safepoint: 36000 ns, At safepoint: 2254810 ns, Total: 2290810 ns
[5209.246s][info ][safepoint      ] Safepoint "Cleanup", Time since last: 19101161781 ns, Reaching safepoint: 113601 ns, At safepoint: 11400 ns, Total: 125001 ns
[5213.247s][info ][safepoint      ] Safepoint "Cleanup", Time since last: 4000279702 ns, Reaching safepoint: 44600 ns, At safepoint: 2700 ns, Total: 47300 ns
[5215.297s][info ][gc,start       ] GC(263) Pause Young (Allocation Failure)
[5215.298s][debug][gc,phases      ] GC(263) Scavenge 1.408ms
[5215.298s][debug][gc,ref         ] GC(263) Skipped phase 1 of Reference Processing: no references
[5215.298s][debug][gc,ref         ] GC(263) ReferenceProcessor::execute queues: 1, RefProcThreadModel::Single, marks_oops_alive: false
[5215.298s][debug][gc,ref         ] GC(263) Skipped phase 3 of Reference Processing: no references
[5215.298s][debug][gc,ref         ] GC(263) Skipped phase 4 of Reference Processing: no references
[5215.298s][debug][gc,phases      ] GC(263) Reference Processing 0.086ms
[5215.299s][debug][gc,phases      ] GC(263)   VM Weak                        Min:  0.0, Avg:  0.0, Max:  0.0, Diff:  0.0, Sum:  0.0, Workers: 4
[5215.299s][debug][gc,phases      ] GC(263)     Dead                           Min: 0, Avg:  0.0, Max: 0, Diff: 0, Sum: 0, Workers: 4
[5215.299s][debug][gc,phases      ] GC(263)     Total                          Min: 0, Avg: 129.8, Max: 503, Diff: 503, Sum: 519, Workers: 4
[5215.299s][debug][gc,phases      ] GC(263)   ObjectSynchronizer Weak        Min:  0.0, Avg:  0.0, Max:  0.0, Diff:  0.0, Sum:  0.0, Workers: 4
[5215.299s][debug][gc,phases      ] GC(263)     Dead                           Min: 0, Avg:  0.0, Max: 0, Diff: 0, Sum: 0, Workers: 4
[5215.299s][debug][gc,phases      ] GC(263)     Total                          Min: 0, Avg: 121.2, Max: 256, Diff: 256, Sum: 485, Workers: 4
[5215.299s][debug][gc,phases      ] GC(263)   JVMTI Tag Weak OopStorage      Min:  0.0, Avg:  0.0, Max:  0.0, Diff:  0.0, Sum:  0.0, Workers: 4
[5215.299s][debug][gc,phases      ] GC(263)     Dead                           Min: 0, Avg:  0.0, Max: 0, Diff: 0, Sum: 0, Workers: 4
[5215.299s][debug][gc,phases      ] GC(263)     Total                          Min: 0, Avg:  0.0, Max: 0, Diff: 0, Sum: 0, Workers: 4
[5215.299s][debug][gc,phases      ] GC(263)   StringTable Weak               Min:  0.1, Avg:  0.1, Max:  0.1, Diff:  0.0, Sum:  0.3, Workers: 4
[5215.299s][debug][gc,phases      ] GC(263)     Dead                           Min: 0, Avg:  0.0, Max: 0, Diff: 0, Sum: 0, Workers: 4
[5215.299s][debug][gc,phases      ] GC(263)     Total                          Min: 10798, Avg: 12075.5, Max: 13312, Diff: 2514, Sum: 48302, Workers: 4
[5215.299s][debug][gc,phases      ] GC(263)   ResolvedMethodTable Weak       Min:  0.0, Avg:  0.0, Max:  0.0, Diff:  0.0, Sum:  0.1, Workers: 4
[5215.299s][debug][gc,phases      ] GC(263)     Dead                           Min: 0, Avg:  0.0, Max: 0, Diff: 0, Sum: 0, Workers: 4
[5215.299s][debug][gc,phases      ] GC(263)     Total                          Min: 1920, Avg: 2046.5, Max: 2238, Diff: 318, Sum: 8186, Workers: 4
[5215.299s][debug][gc,phases      ] GC(263)   JNI Weak                       Min:  0.0, Avg:  0.0, Max:  0.0, Diff:  0.0, Sum:  0.0, Workers: 4
[5215.299s][debug][gc,phases      ] GC(263)     Dead                           Min: 0, Avg:  0.0, Max: 0, Diff: 0, Sum: 0, Workers: 4
[5215.299s][debug][gc,phases      ] GC(263)     Total                          Min: 0, Avg:  0.0, Max: 0, Diff: 0, Sum: 0, Workers: 4
[5215.299s][debug][gc,phases      ] GC(263)   StringDedup Table Weak         Min:  0.0, Avg:  0.0, Max:  0.0, Diff:  0.0, Sum:  0.0, Workers: 4
[5215.299s][debug][gc,phases      ] GC(263)     Dead                           Min: 0, Avg:  0.0, Max: 0, Diff: 0, Sum: 0, Workers: 4
[5215.299s][debug][gc,phases      ] GC(263)     Total                          Min: 0, Avg:  0.0, Max: 0, Diff: 0, Sum: 0, Workers: 4
[5215.299s][debug][gc,phases      ] GC(263)   StringDedup Requests0 Weak     Min:  0.0, Avg:  0.0, Max:  0.0, Diff:  0.0, Sum:  0.0, Workers: 4
[5215.299s][debug][gc,phases      ] GC(263)     Dead                           Min: 0, Avg:  0.0, Max: 0, Diff: 0, Sum: 0, Workers: 4
[5215.299s][debug][gc,phases      ] GC(263)     Total                          Min: 0, Avg:  0.0, Max: 0, Diff: 0, Sum: 0, Workers: 4
[5215.299s][debug][gc,phases      ] GC(263)   StringDedup Requests1 Weak     Min:  0.0, Avg:  0.0, Max:  0.0, Diff:  0.0, Sum:  0.0, Workers: 4
[5215.299s][debug][gc,phases      ] GC(263)     Dead                           Min: 0, Avg:  0.0, Max: 0, Diff: 0, Sum: 0, Workers: 4
[5215.299s][debug][gc,phases      ] GC(263)     Total                          Min: 0, Avg:  0.0, Max: 0, Diff: 0, Sum: 0, Workers: 4
[5215.299s][debug][gc,phases      ] GC(263)   Weak JFR Old Object Samples    Min:  0.0, Avg:  0.0, Max:  0.0, Diff:  0.0, Sum:  0.0, Workers: 4
[5215.299s][debug][gc,phases      ] GC(263)     Dead                           Min: 0, Avg:  0.0, Max: 0, Diff: 0, Sum: 0, Workers: 4
[5215.299s][debug][gc,phases      ] GC(263)     Total                          Min: 0, Avg:  0.0, Max: 0, Diff: 0, Sum: 0, Workers: 4
[5215.299s][debug][gc,phases      ] GC(263) Weak Processing 0.237ms
[5215.299s][debug][gc,age         ] GC(263) Desired survivor size 12058624 bytes, new threshold 15 (max threshold 15)
[5215.299s][info ][gc,heap        ] GC(263) PSYoungGen: 2070704K(2082816K)->1152K(2085376K) Eden: 2069504K(2069504K)->0K(2073088K) From: 1200K(13312K)->1152K(12288K)
[5215.299s][info ][gc,heap        ] GC(263) ParOldGen: 449009K(548864K)->449017K(548864K)
[5215.299s][info ][gc,metaspace   ] GC(263) Metaspace: 81558K(82432K)->81558K(82432K) NonClass: 70216K(70656K)->70216K(70656K) Class: 11342K(11776K)->11342K(11776K)
[5215.299s][info ][gc             ] GC(263) Pause Young (Allocation Failure) 2460M->439M(2572M) 1.813ms
[5215.299s][info ][gc,cpu         ] GC(263) User=0.01s Sys=0.00s Real=0.00s
[5215.299s][info ][safepoint      ] Safepoint "ParallelGCFailedAllocation", Time since last: 2050095035 ns, Reaching safepoint: 52401 ns, At safepoint: 1881809 ns, Total: 1934210 ns
[5217.299s][info ][safepoint      ] Safepoint "Cleanup", Time since last: 2000110400 ns, Reaching safepoint: 41000 ns, At safepoint: 7500 ns, Total: 48500 ns
[5218.299s][info ][safepoint      ] Safepoint "Cleanup", Time since last: 1000105801 ns, Reaching safepoint: 43500 ns, At safepoint: 2500 ns, Total: 46000 ns
[5221.299s][info ][safepoint      ] Safepoint "Cleanup", Time since last: 3000200501 ns, Reaching safepoint: 41100 ns, At safepoint: 2900 ns, Total: 44000 ns
[5223.299s][info ][safepoint      ] Safepoint "Cleanup", Time since last: 2000162301 ns, Reaching safepoint: 41700 ns, At safepoint: 2900 ns, Total: 44600 ns
[5233.300s][info ][safepoint      ] Safepoint "Cleanup", Time since last: 10000665902 ns, Reaching safepoint: 43200 ns, At safepoint: 2801 ns, Total: 46001 ns
[5241.044s][info ][gc,start       ] GC(264) Pause Young (Allocation Failure)
[5241.046s][debug][gc,phases      ] GC(264) Scavenge 1.630ms
[5241.046s][debug][gc,ref         ] GC(264) Skipped phase 1 of Reference Processing: no references
[5241.046s][debug][gc,ref         ] GC(264) ReferenceProcessor::execute queues: 1, RefProcThreadModel::Single, marks_oops_alive: false
[5241.046s][debug][gc,ref         ] GC(264) Skipped phase 3 of Reference Processing: no references
[5241.046s][debug][gc,ref         ] GC(264) Skipped phase 4 of Reference Processing: no references
[5241.046s][debug][gc,phases      ] GC(264) Reference Processing 0.076ms
[5241.046s][debug][gc,phases      ] GC(264)   VM Weak                        Min:  0.0, Avg:  0.0, Max:  0.0, Diff:  0.0, Sum:  0.0, Workers: 4
[5241.046s][debug][gc,phases      ] GC(264)     Dead                           Min: 0, Avg:  0.0, Max: 0, Diff: 0, Sum: 0, Workers: 4
[5241.046s][debug][gc,phases      ] GC(264)     Total                          Min: 0, Avg: 129.8, Max: 462, Diff: 462, Sum: 519, Workers: 4
[5241.046s][debug][gc,phases      ] GC(264)   ObjectSynchronizer Weak        Min:  0.0, Avg:  0.0, Max:  0.0, Diff:  0.0, Sum:  0.0, Workers: 4
[5241.046s][debug][gc,phases      ] GC(264)     Dead                           Min: 0, Avg:  0.0, Max: 0, Diff: 0, Sum: 0, Workers: 4
[5241.046s][debug][gc,phases      ] GC(264)     Total                          Min: 0, Avg: 121.2, Max: 293, Diff: 293, Sum: 485, Workers: 4
[5241.046s][debug][gc,phases      ] GC(264)   JVMTI Tag Weak OopStorage      Min:  0.0, Avg:  0.0, Max:  0.0, Diff:  0.0, Sum:  0.0, Workers: 4
[5241.046s][debug][gc,phases      ] GC(264)     Dead                           Min: 0, Avg:  0.0, Max: 0, Diff: 0, Sum: 0, Workers: 4
[5241.046s][debug][gc,phases      ] GC(264)     Total                          Min: 0, Avg:  0.0, Max: 0, Diff: 0, Sum: 0, Workers: 4
[5241.046s][debug][gc,phases      ] GC(264)   StringTable Weak               Min:  0.1, Avg:  0.1, Max:  0.1, Diff:  0.0, Sum:  0.3, Workers: 4
[5241.046s][debug][gc,phases      ] GC(264)     Dead                           Min: 0, Avg:  0.0, Max: 0, Diff: 0, Sum: 0, Workers: 4
[5241.046s][debug][gc,phases      ] GC(264)     Total                          Min: 9216, Avg: 12075.8, Max: 15151, Diff: 5935, Sum: 48303, Workers: 4
[5241.046s][debug][gc,phases      ] GC(264)   ResolvedMethodTable Weak       Min:  0.0, Avg:  0.0, Max:  0.0, Diff:  0.0, Sum:  0.1, Workers: 4
[5241.046s][debug][gc,phases      ] GC(264)     Dead                           Min: 0, Avg:  0.0, Max: 0, Diff: 0, Sum: 0, Workers: 4
[5241.046s][debug][gc,phases      ] GC(264)     Total                          Min: 1536, Avg: 2046.5, Max: 2494, Diff: 958, Sum: 8186, Workers: 4
[5241.046s][debug][gc,phases      ] GC(264)   JNI Weak                       Min:  0.0, Avg:  0.0, Max:  0.0, Diff:  0.0, Sum:  0.0, Workers: 4
[5241.046s][debug][gc,phases      ] GC(264)     Dead                           Min: 0, Avg:  0.0, Max: 0, Diff: 0, Sum: 0, Workers: 4
[5241.046s][debug][gc,phases      ] GC(264)     Total                          Min: 0, Avg:  0.0, Max: 0, Diff: 0, Sum: 0, Workers: 4
[5241.046s][debug][gc,phases      ] GC(264)   StringDedup Table Weak         Min:  0.0, Avg:  0.0, Max:  0.0, Diff:  0.0, Sum:  0.0, Workers: 4
[5241.046s][debug][gc,phases      ] GC(264)     Dead                           Min: 0, Avg:  0.0, Max: 0, Diff: 0, Sum: 0, Workers: 4
[5241.046s][debug][gc,phases      ] GC(264)     Total                          Min: 0, Avg:  0.0, Max: 0, Diff: 0, Sum: 0, Workers: 4
[5241.046s][debug][gc,phases      ] GC(264)   StringDedup Requests0 Weak     Min:  0.0, Avg:  0.0, Max:  0.0, Diff:  0.0, Sum:  0.0, Workers: 4
[5241.046s][debug][gc,phases      ] GC(264)     Dead                           Min: 0, Avg:  0.0, Max: 0, Diff: 0, Sum: 0, Workers: 4
[5241.046s][debug][gc,phases      ] GC(264)     Total                          Min: 0, Avg:  0.0, Max: 0, Diff: 0, Sum: 0, Workers: 4
[5241.046s][debug][gc,phases      ] GC(264)   StringDedup Requests1 Weak     Min:  0.0, Avg:  0.0, Max:  0.0, Diff:  0.0, Sum:  0.0, Workers: 4
[5241.046s][debug][gc,phases      ] GC(264)     Dead                           Min: 0, Avg:  0.0, Max: 0, Diff: 0, Sum: 0, Workers: 4
[5241.046s][debug][gc,phases      ] GC(264)     Total                          Min: 0, Avg:  0.0, Max: 0, Diff: 0, Sum: 0, Workers: 4
[5241.046s][debug][gc,phases      ] GC(264)   Weak JFR Old Object Samples    Min:  0.0, Avg:  0.0, Max:  0.0, Diff:  0.0, Sum:  0.0, Workers: 4
[5241.046s][debug][gc,phases      ] GC(264)     Dead                           Min: 0, Avg:  0.0, Max: 0, Diff: 0, Sum: 0, Workers: 4
[5241.046s][debug][gc,phases      ] GC(264)     Total                          Min: 0, Avg:  0.0, Max: 0, Diff: 0, Sum: 0, Workers: 4
[5241.046s][debug][gc,phases      ] GC(264) Weak Processing 0.242ms
[5241.046s][debug][gc,age         ] GC(264) Desired survivor size 11010048 bytes, new threshold 15 (max threshold 15)
[5241.046s][info ][gc,heap        ] GC(264) PSYoungGen: 2074240K(2085376K)->1120K(2084864K) Eden: 2073088K(2073088K)->0K(2073088K) From: 1152K(12288K)->1120K(11776K)
[5241.046s][info ][gc,heap        ] GC(264) ParOldGen: 449017K(548864K)->449025K(548864K)
[5241.046s][info ][gc,metaspace   ] GC(264) Metaspace: 81559K(82432K)->81559K(82432K) NonClass: 70216K(70656K)->70216K(70656K) Class: 11342K(11776K)->11342K(11776K)
[5241.046s][info ][gc             ] GC(264) Pause Young (Allocation Failure) 2464M->439M(2572M) 2.017ms
[5241.046s][info ][gc,cpu         ] GC(264) User=0.01s Sys=0.00s Real=0.00s
[5241.046s][info ][safepoint      ] Safepoint "ParallelGCFailedAllocation", Time since last: 7744119895 ns, Reaching safepoint: 36700 ns, At safepoint: 2080910 ns, Total: 2117610 ns
[5245.047s][info ][safepoint      ] Safepoint "Cleanup", Time since last: 4000214700 ns, Reaching safepoint: 35200 ns, At safepoint: 2100 ns, Total: 37300 ns
[5251.047s][info ][safepoint      ] Safepoint "Cleanup", Time since last: 6000419100 ns, Reaching safepoint: 56700 ns, At safepoint: 8800 ns, Total: 65500 ns
[5267.794s][info ][gc,start       ] GC(265) Pause Young (Allocation Failure)
[5267.795s][debug][gc,phases      ] GC(265) Scavenge 1.201ms
[5267.795s][debug][gc,ref         ] GC(265) Skipped phase 1 of Reference Processing: no references
[5267.795s][debug][gc,ref         ] GC(265) ReferenceProcessor::execute queues: 1, RefProcThreadModel::Single, marks_oops_alive: false
[5267.795s][debug][gc,ref         ] GC(265) Skipped phase 3 of Reference Processing: no references
[5267.795s][debug][gc,ref         ] GC(265) Skipped phase 4 of Reference Processing: no references
[5267.795s][debug][gc,phases      ] GC(265) Reference Processing 0.084ms
[5267.795s][debug][gc,phases      ] GC(265)   VM Weak                        Min:  0.0, Avg:  0.0, Max:  0.0, Diff:  0.0, Sum:  0.0, Workers: 4
[5267.795s][debug][gc,phases      ] GC(265)     Dead                           Min: 0, Avg:  0.0, Max: 0, Diff: 0, Sum: 0, Workers: 4
[5267.795s][debug][gc,phases      ] GC(265)     Total                          Min: 0, Avg: 129.8, Max: 519, Diff: 519, Sum: 519, Workers: 4
[5267.795s][debug][gc,phases      ] GC(265)   ObjectSynchronizer Weak        Min:  0.0, Avg:  0.0, Max:  0.0, Diff:  0.0, Sum:  0.0, Workers: 4
[5267.795s][debug][gc,phases      ] GC(265)     Dead                           Min: 0, Avg:  0.0, Max: 0, Diff: 0, Sum: 0, Workers: 4
[5267.795s][debug][gc,phases      ] GC(265)     Total                          Min: 0, Avg: 121.2, Max: 485, Diff: 485, Sum: 485, Workers: 4
[5267.795s][debug][gc,phases      ] GC(265)   JVMTI Tag Weak OopStorage      Min:  0.0, Avg:  0.0, Max:  0.0, Diff:  0.0, Sum:  0.0, Workers: 4
[5267.795s][debug][gc,phases      ] GC(265)     Dead                           Min: 0, Avg:  0.0, Max: 0, Diff: 0, Sum: 0, Workers: 4
[5267.795s][debug][gc,phases      ] GC(265)     Total                          Min: 0, Avg:  0.0, Max: 0, Diff: 0, Sum: 0, Workers: 4
[5267.795s][debug][gc,phases      ] GC(265)   StringTable Weak               Min:  0.1, Avg:  0.1, Max:  0.1, Diff:  0.0, Sum:  0.3, Workers: 4
[5267.795s][debug][gc,phases      ] GC(265)     Dead                           Min: 0, Avg:  0.0, Max: 0, Diff: 0, Sum: 0, Workers: 4
[5267.795s][debug][gc,phases      ] GC(265)     Total                          Min: 11712, Avg: 12075.8, Max: 12544, Diff: 832, Sum: 48303, Workers: 4
[5267.795s][debug][gc,phases      ] GC(265)   ResolvedMethodTable Weak       Min:  0.0, Avg:  0.0, Max:  0.0, Diff:  0.0, Sum:  0.0, Workers: 4
[5267.795s][debug][gc,phases      ] GC(265)     Dead                           Min: 0, Avg:  0.0, Max: 0, Diff: 0, Sum: 0, Workers: 4
[5267.795s][debug][gc,phases      ] GC(265)     Total                          Min: 1980, Avg: 2046.5, Max: 2111, Diff: 131, Sum: 8186, Workers: 4
[5267.795s][debug][gc,phases      ] GC(265)   JNI Weak                       Min:  0.0, Avg:  0.0, Max:  0.0, Diff:  0.0, Sum:  0.0, Workers: 4
[5267.795s][debug][gc,phases      ] GC(265)     Dead                           Min: 0, Avg:  0.0, Max: 0, Diff: 0, Sum: 0, Workers: 4
[5267.795s][debug][gc,phases      ] GC(265)     Total                          Min: 0, Avg:  0.0, Max: 0, Diff: 0, Sum: 0, Workers: 4
[5267.795s][debug][gc,phases      ] GC(265)   StringDedup Table Weak         Min:  0.0, Avg:  0.0, Max:  0.0, Diff:  0.0, Sum:  0.0, Workers: 4
[5267.795s][debug][gc,phases      ] GC(265)     Dead                           Min: 0, Avg:  0.0, Max: 0, Diff: 0, Sum: 0, Workers: 4
[5267.795s][debug][gc,phases      ] GC(265)     Total                          Min: 0, Avg:  0.0, Max: 0, Diff: 0, Sum: 0, Workers: 4
[5267.795s][debug][gc,phases      ] GC(265)   StringDedup Requests0 Weak     Min:  0.0, Avg:  0.0, Max:  0.0, Diff:  0.0, Sum:  0.0, Workers: 4
[5267.795s][debug][gc,phases      ] GC(265)     Dead                           Min: 0, Avg:  0.0, Max: 0, Diff: 0, Sum: 0, Workers: 4
[5267.795s][debug][gc,phases      ] GC(265)     Total                          Min: 0, Avg:  0.0, Max: 0, Diff: 0, Sum: 0, Workers: 4
[5267.795s][debug][gc,phases      ] GC(265)   StringDedup Requests1 Weak     Min:  0.0, Avg:  0.0, Max:  0.0, Diff:  0.0, Sum:  0.0, Workers: 4
[5267.795s][debug][gc,phases      ] GC(265)     Dead                           Min: 0, Avg:  0.0, Max: 0, Diff: 0, Sum: 0, Workers: 4
[5267.795s][debug][gc,phases      ] GC(265)     Total                          Min: 0, Avg:  0.0, Max: 0, Diff: 0, Sum: 0, Workers: 4
[5267.795s][debug][gc,phases      ] GC(265)   Weak JFR Old Object Samples    Min:  0.0, Avg:  0.0, Max:  0.0, Diff:  0.0, Sum:  0.0, Workers: 4
[5267.795s][debug][gc,phases      ] GC(265)     Dead                           Min: 0, Avg:  0.0, Max: 0, Diff: 0, Sum: 0, Workers: 4
[5267.795s][debug][gc,phases      ] GC(265)     Total                          Min: 0, Avg:  0.0, Max: 0, Diff: 0, Sum: 0, Workers: 4
[5267.795s][debug][gc,phases      ] GC(265) Weak Processing 0.230ms
[5267.795s][debug][gc,age         ] GC(265) Desired survivor size 10485760 bytes, new threshold 15 (max threshold 15)
[5267.795s][info ][gc,heap        ] GC(265) PSYoungGen: 2074208K(2084864K)->1152K(2086912K) Eden: 2073088K(2073088K)->0K(2076160K) From: 1120K(11776K)->1152K(10752K)
[5267.795s][info ][gc,heap        ] GC(265) ParOldGen: 449025K(548864K)->449065K(548864K)
[5267.795s][info ][gc,metaspace   ] GC(265) Metaspace: 81565K(82432K)->81565K(82432K) NonClass: 70223K(70656K)->70223K(70656K) Class: 11342K(11776K)->11342K(11776K)
[5267.795s][info ][gc             ] GC(265) Pause Young (Allocation Failure) 2464M->439M(2574M) 1.603ms
[5267.795s][info ][gc,cpu         ] GC(265) User=0.01s Sys=0.00s Real=0.00s
[5267.795s][info ][safepoint      ] Safepoint "ParallelGCFailedAllocation", Time since last: 16746387500 ns, Reaching safepoint: 111400 ns, At safepoint: 1675608 ns, Total: 1787008 ns
[5288.797s][info ][safepoint      ] Safepoint "Cleanup", Time since last: 21001319891 ns, Reaching safepoint: 40400 ns, At safepoint: 2900 ns, Total: 43300 ns
[5295.144s][info ][gc,start       ] GC(266) Pause Young (Allocation Failure)
[5295.145s][debug][gc,phases      ] GC(266) Scavenge 1.318ms
[5295.145s][debug][gc,ref         ] GC(266) Skipped phase 1 of Reference Processing: no references
[5295.145s][debug][gc,ref         ] GC(266) ReferenceProcessor::execute queues: 1, RefProcThreadModel::Single, marks_oops_alive: false
[5295.145s][debug][gc,ref         ] GC(266) Skipped phase 3 of Reference Processing: no references
[5295.145s][debug][gc,ref         ] GC(266) Skipped phase 4 of Reference Processing: no references
[5295.145s][debug][gc,phases      ] GC(266) Reference Processing 0.081ms
[5295.145s][debug][gc,phases      ] GC(266)   VM Weak                        Min:  0.0, Avg:  0.0, Max:  0.0, Diff:  0.0, Sum:  0.0, Workers: 4
[5295.145s][debug][gc,phases      ] GC(266)     Dead                           Min: 0, Avg:  0.0, Max: 0, Diff: 0, Sum: 0, Workers: 4
[5295.145s][debug][gc,phases      ] GC(266)     Total                          Min: 0, Avg: 129.8, Max: 519, Diff: 519, Sum: 519, Workers: 4
[5295.146s][debug][gc,phases      ] GC(266)   ObjectSynchronizer Weak        Min:  0.0, Avg:  0.0, Max:  0.0, Diff:  0.0, Sum:  0.0, Workers: 4
[5295.146s][debug][gc,phases      ] GC(266)     Dead                           Min: 0, Avg:  0.0, Max: 0, Diff: 0, Sum: 0, Workers: 4
[5295.146s][debug][gc,phases      ] GC(266)     Total                          Min: 0, Avg: 121.2, Max: 485, Diff: 485, Sum: 485, Workers: 4
[5295.146s][debug][gc,phases      ] GC(266)   JVMTI Tag Weak OopStorage      Min:  0.0, Avg:  0.0, Max:  0.0, Diff:  0.0, Sum:  0.0, Workers: 4
[5295.146s][debug][gc,phases      ] GC(266)     Dead                           Min: 0, Avg:  0.0, Max: 0, Diff: 0, Sum: 0, Workers: 4
[5295.146s][debug][gc,phases      ] GC(266)     Total                          Min: 0, Avg:  0.0, Max: 0, Diff: 0, Sum: 0, Workers: 4
[5295.146s][debug][gc,phases      ] GC(266)   StringTable Weak               Min:  0.1, Avg:  0.1, Max:  0.1, Diff:  0.0, Sum:  0.3, Workers: 4
[5295.146s][debug][gc,phases      ] GC(266)     Dead                           Min: 0, Avg:  0.0, Max: 0, Diff: 0, Sum: 0, Workers: 4
[5295.146s][debug][gc,phases      ] GC(266)     Total                          Min: 9920, Avg: 12077.0, Max: 13824, Diff: 3904, Sum: 48308, Workers: 4
[5295.146s][debug][gc,phases      ] GC(266)   ResolvedMethodTable Weak       Min:  0.0, Avg:  0.0, Max:  0.0, Diff:  0.0, Sum:  0.0, Workers: 4
[5295.146s][debug][gc,phases      ] GC(266)     Dead                           Min: 0, Avg:  0.0, Max: 0, Diff: 0, Sum: 0, Workers: 4
[5295.146s][debug][gc,phases      ] GC(266)     Total                          Min: 1984, Avg: 2046.5, Max: 2111, Diff: 127, Sum: 8186, Workers: 4
[5295.146s][debug][gc,phases      ] GC(266)   JNI Weak                       Min:  0.0, Avg:  0.0, Max:  0.0, Diff:  0.0, Sum:  0.0, Workers: 4
[5295.146s][debug][gc,phases      ] GC(266)     Dead                           Min: 0, Avg:  0.0, Max: 0, Diff: 0, Sum: 0, Workers: 4
[5295.146s][debug][gc,phases      ] GC(266)     Total                          Min: 0, Avg:  0.0, Max: 0, Diff: 0, Sum: 0, Workers: 4
[5295.146s][debug][gc,phases      ] GC(266)   StringDedup Table Weak         Min:  0.0, Avg:  0.0, Max:  0.0, Diff:  0.0, Sum:  0.0, Workers: 4
[5295.146s][debug][gc,phases      ] GC(266)     Dead                           Min: 0, Avg:  0.0, Max: 0, Diff: 0, Sum: 0, Workers: 4
[5295.146s][debug][gc,phases      ] GC(266)     Total                          Min: 0, Avg:  0.0, Max: 0, Diff: 0, Sum: 0, Workers: 4
[5295.146s][debug][gc,phases      ] GC(266)   StringDedup Requests0 Weak     Min:  0.0, Avg:  0.0, Max:  0.0, Diff:  0.0, Sum:  0.0, Workers: 4
[5295.146s][debug][gc,phases      ] GC(266)     Dead                           Min: 0, Avg:  0.0, Max: 0, Diff: 0, Sum: 0, Workers: 4
[5295.146s][debug][gc,phases      ] GC(266)     Total                          Min: 0, Avg:  0.0, Max: 0, Diff: 0, Sum: 0, Workers: 4
[5295.146s][debug][gc,phases      ] GC(266)   StringDedup Requests1 Weak     Min:  0.0, Avg:  0.0, Max:  0.0, Diff:  0.0, Sum:  0.0, Workers: 4
[5295.146s][debug][gc,phases      ] GC(266)     Dead                           Min: 0, Avg:  0.0, Max: 0, Diff: 0, Sum: 0, Workers: 4
[5295.146s][debug][gc,phases      ] GC(266)     Total                          Min: 0, Avg:  0.0, Max: 0, Diff: 0, Sum: 0, Workers: 4
[5295.146s][debug][gc,phases      ] GC(266)   Weak JFR Old Object Samples    Min:  0.0, Avg:  0.0, Max:  0.0, Diff:  0.0, Sum:  0.0, Workers: 4
[5295.146s][debug][gc,phases      ] GC(266)     Dead                           Min: 0, Avg:  0.0, Max: 0, Diff: 0, Sum: 0, Workers: 4
[5295.146s][debug][gc,phases      ] GC(266)     Total                          Min: 0, Avg:  0.0, Max: 0, Diff: 0, Sum: 0, Workers: 4
[5295.146s][debug][gc,phases      ] GC(266) Weak Processing 0.235ms
[5295.146s][debug][gc,age         ] GC(266) Desired survivor size 9437184 bytes, new threshold 15 (max threshold 15)
[5295.146s][info ][gc,heap        ] GC(266) PSYoungGen: 2077312K(2086912K)->1136K(2086400K) Eden: 2076160K(2076160K)->0K(2076160K) From: 1152K(10752K)->1136K(10240K)
[5295.146s][info ][gc,heap        ] GC(266) ParOldGen: 449065K(548864K)->449089K(548864K)
[5295.146s][info ][gc,metaspace   ] GC(266) Metaspace: 81566K(82432K)->81566K(82432K) NonClass: 70223K(70656K)->70223K(70656K) Class: 11342K(11776K)->11342K(11776K)
[5295.146s][info ][gc             ] GC(266) Pause Young (Allocation Failure) 2467M->439M(2573M) 1.713ms
[5295.146s][info ][gc,cpu         ] GC(266) User=0.01s Sys=0.00s Real=0.00s
[5295.146s][info ][safepoint      ] Safepoint "ParallelGCFailedAllocation", Time since last: 6347144426 ns, Reaching safepoint: 31100 ns, At safepoint: 1779708 ns, Total: 1810808 ns
[5299.444s][info ][safepoint      ] Safepoint "Cleanup", Time since last: 4298673100 ns, Reaching safepoint: 30500 ns, At safepoint: 10300 ns, Total: 40800 ns
[5300.445s][info ][safepoint      ] Safepoint "Cleanup", Time since last: 1000104199 ns, Reaching safepoint: 107101 ns, At safepoint: 8100 ns, Total: 115201 ns
[5307.445s][info ][safepoint      ] Safepoint "Cleanup", Time since last: 7000479795 ns, Reaching safepoint: 46800 ns, At safepoint: 12100 ns, Total: 58900 ns
[5308.445s][info ][safepoint      ] Safepoint "Cleanup", Time since last: 1000102600 ns, Reaching safepoint: 33500 ns, At safepoint: 2200 ns, Total: 35700 ns
[5319.645s][info ][gc,start       ] GC(267) Pause Young (Allocation Failure)
[5319.647s][debug][gc,phases      ] GC(267) Scavenge 1.904ms
[5319.647s][debug][gc,ref         ] GC(267) Skipped phase 1 of Reference Processing: no references
[5319.647s][debug][gc,ref         ] GC(267) ReferenceProcessor::execute queues: 1, RefProcThreadModel::Single, marks_oops_alive: false
[5319.647s][debug][gc,ref         ] GC(267) Skipped phase 3 of Reference Processing: no references
[5319.647s][debug][gc,ref         ] GC(267) Skipped phase 4 of Reference Processing: no references
[5319.647s][debug][gc,phases      ] GC(267) Reference Processing 0.084ms
[5319.647s][debug][gc,phases      ] GC(267)   VM Weak                        Min:  0.0, Avg:  0.0, Max:  0.0, Diff:  0.0, Sum:  0.0, Workers: 4
[5319.647s][debug][gc,phases      ] GC(267)     Dead                           Min: 0, Avg:  0.0, Max: 0, Diff: 0, Sum: 0, Workers: 4
[5319.647s][debug][gc,phases      ] GC(267)     Total                          Min: 0, Avg: 129.8, Max: 309, Diff: 309, Sum: 519, Workers: 4
[5319.647s][debug][gc,phases      ] GC(267)   ObjectSynchronizer Weak        Min:  0.0, Avg:  0.0, Max:  0.0, Diff:  0.0, Sum:  0.0, Workers: 4
[5319.647s][debug][gc,phases      ] GC(267)     Dead                           Min: 0, Avg:  0.0, Max: 0, Diff: 0, Sum: 0, Workers: 4
[5319.647s][debug][gc,phases      ] GC(267)     Total                          Min: 0, Avg: 121.2, Max: 256, Diff: 256, Sum: 485, Workers: 4
[5319.647s][debug][gc,phases      ] GC(267)   JVMTI Tag Weak OopStorage      Min:  0.0, Avg:  0.0, Max:  0.0, Diff:  0.0, Sum:  0.0, Workers: 4
[5319.647s][debug][gc,phases      ] GC(267)     Dead                           Min: 0, Avg:  0.0, Max: 0, Diff: 0, Sum: 0, Workers: 4
[5319.647s][debug][gc,phases      ] GC(267)     Total                          Min: 0, Avg:  0.0, Max: 0, Diff: 0, Sum: 0, Workers: 4
[5319.647s][debug][gc,phases      ] GC(267)   StringTable Weak               Min:  0.1, Avg:  0.1, Max:  0.1, Diff:  0.0, Sum:  0.3, Workers: 4
[5319.647s][debug][gc,phases      ] GC(267)     Dead                           Min: 0, Avg:  0.0, Max: 0, Diff: 0, Sum: 0, Workers: 4
[5319.647s][debug][gc,phases      ] GC(267)     Total                          Min: 9472, Avg: 12077.0, Max: 14336, Diff: 4864, Sum: 48308, Workers: 4
[5319.647s][debug][gc,phases      ] GC(267)   ResolvedMethodTable Weak       Min:  0.0, Avg:  0.0, Max:  0.0, Diff:  0.0, Sum:  0.1, Workers: 4
[5319.647s][debug][gc,phases      ] GC(267)     Dead                           Min: 0, Avg:  0.0, Max: 0, Diff: 0, Sum: 0, Workers: 4
[5319.647s][debug][gc,phases      ] GC(267)     Total                          Min: 1663, Avg: 2046.5, Max: 2432, Diff: 769, Sum: 8186, Workers: 4
[5319.647s][debug][gc,phases      ] GC(267)   JNI Weak                       Min:  0.0, Avg:  0.0, Max:  0.0, Diff:  0.0, Sum:  0.0, Workers: 4
[5319.647s][debug][gc,phases      ] GC(267)     Dead                           Min: 0, Avg:  0.0, Max: 0, Diff: 0, Sum: 0, Workers: 4
[5319.647s][debug][gc,phases      ] GC(267)     Total                          Min: 0, Avg:  0.0, Max: 0, Diff: 0, Sum: 0, Workers: 4
[5319.647s][debug][gc,phases      ] GC(267)   StringDedup Table Weak         Min:  0.0, Avg:  0.0, Max:  0.0, Diff:  0.0, Sum:  0.0, Workers: 4
[5319.647s][debug][gc,phases      ] GC(267)     Dead                           Min: 0, Avg:  0.0, Max: 0, Diff: 0, Sum: 0, Workers: 4
[5319.647s][debug][gc,phases      ] GC(267)     Total                          Min: 0, Avg:  0.0, Max: 0, Diff: 0, Sum: 0, Workers: 4
[5319.647s][debug][gc,phases      ] GC(267)   StringDedup Requests0 Weak     Min:  0.0, Avg:  0.0, Max:  0.0, Diff:  0.0, Sum:  0.0, Workers: 4
[5319.647s][debug][gc,phases      ] GC(267)     Dead                           Min: 0, Avg:  0.0, Max: 0, Diff: 0, Sum: 0, Workers: 4
[5319.647s][debug][gc,phases      ] GC(267)     Total                          Min: 0, Avg:  0.0, Max: 0, Diff: 0, Sum: 0, Workers: 4
[5319.647s][debug][gc,phases      ] GC(267)   StringDedup Requests1 Weak     Min:  0.0, Avg:  0.0, Max:  0.0, Diff:  0.0, Sum:  0.0, Workers: 4
[5319.647s][debug][gc,phases      ] GC(267)     Dead                           Min: 0, Avg:  0.0, Max: 0, Diff: 0, Sum: 0, Workers: 4
[5319.647s][debug][gc,phases      ] GC(267)     Total                          Min: 0, Avg:  0.0, Max: 0, Diff: 0, Sum: 0, Workers: 4
[5319.647s][debug][gc,phases      ] GC(267)   Weak JFR Old Object Samples    Min:  0.0, Avg:  0.0, Max:  0.0, Diff:  0.0, Sum:  0.0, Workers: 4
[5319.647s][debug][gc,phases      ] GC(267)     Dead                           Min: 0, Avg:  0.0, Max: 0, Diff: 0, Sum: 0, Workers: 4
[5319.647s][debug][gc,phases      ] GC(267)     Total                          Min: 0, Avg:  0.0, Max: 0, Diff: 0, Sum: 0, Workers: 4
[5319.647s][debug][gc,phases      ] GC(267) Weak Processing 0.248ms
[5319.647s][debug][gc,age         ] GC(267) Desired survivor size 8912896 bytes, new threshold 15 (max threshold 15)
[5319.647s][info ][gc,heap        ] GC(267) PSYoungGen: 2077296K(2086400K)->1248K(2088448K) Eden: 2076160K(2076160K)->0K(2079232K) From: 1136K(10240K)->1248K(9216K)
[5319.647s][info ][gc,heap        ] GC(267) ParOldGen: 449089K(548864K)->449113K(548864K)
[5319.647s][info ][gc,metaspace   ] GC(267) Metaspace: 81566K(82432K)->81566K(82432K) NonClass: 70223K(70656K)->70223K(70656K) Class: 11342K(11776K)->11342K(11776K)
[5319.647s][info ][gc             ] GC(267) Pause Young (Allocation Failure) 2467M->439M(2575M) 2.316ms
[5319.647s][info ][gc,cpu         ] GC(267) User=0.01s Sys=0.00s Real=0.00s
[5319.647s][info ][safepoint      ] Safepoint "ParallelGCFailedAllocation", Time since last: 11199377424 ns, Reaching safepoint: 30600 ns, At safepoint: 2396111 ns, Total: 2426711 ns
[5336.648s][info ][safepoint      ] Safepoint "Cleanup", Time since last: 17001156983 ns, Reaching safepoint: 46800 ns, At safepoint: 2200 ns, Total: 49000 ns
[5342.945s][info ][gc,start       ] GC(268) Pause Young (Allocation Failure)
[5342.947s][debug][gc,phases      ] GC(268) Scavenge 1.816ms
[5342.947s][debug][gc,ref         ] GC(268) Skipped phase 1 of Reference Processing: no references
[5342.947s][debug][gc,ref         ] GC(268) ReferenceProcessor::execute queues: 1, RefProcThreadModel::Single, marks_oops_alive: false
[5342.947s][debug][gc,ref         ] GC(268) Skipped phase 3 of Reference Processing: no references
[5342.947s][debug][gc,ref         ] GC(268) Skipped phase 4 of Reference Processing: no references
[5342.947s][debug][gc,phases      ] GC(268) Reference Processing 0.089ms
[5342.947s][debug][gc,phases      ] GC(268)   VM Weak                        Min:  0.0, Avg:  0.0, Max:  0.0, Diff:  0.0, Sum:  0.0, Workers: 4
[5342.947s][debug][gc,phases      ] GC(268)     Dead                           Min: 0, Avg:  0.0, Max: 0, Diff: 0, Sum: 0, Workers: 4
[5342.947s][debug][gc,phases      ] GC(268)     Total                          Min: 0, Avg: 129.8, Max: 519, Diff: 519, Sum: 519, Workers: 4
[5342.948s][debug][gc,phases      ] GC(268)   ObjectSynchronizer Weak        Min:  0.0, Avg:  0.0, Max:  0.0, Diff:  0.0, Sum:  0.0, Workers: 4
[5342.948s][debug][gc,phases      ] GC(268)     Dead                           Min: 0, Avg:  0.0, Max: 0, Diff: 0, Sum: 0, Workers: 4
[5342.948s][debug][gc,phases      ] GC(268)     Total                          Min: 0, Avg: 121.2, Max: 485, Diff: 485, Sum: 485, Workers: 4
[5342.948s][debug][gc,phases      ] GC(268)   JVMTI Tag Weak OopStorage      Min:  0.0, Avg:  0.0, Max:  0.0, Diff:  0.0, Sum:  0.0, Workers: 4
[5342.948s][debug][gc,phases      ] GC(268)     Dead                           Min: 0, Avg:  0.0, Max: 0, Diff: 0, Sum: 0, Workers: 4
[5342.948s][debug][gc,phases      ] GC(268)     Total                          Min: 0, Avg:  0.0, Max: 0, Diff: 0, Sum: 0, Workers: 4
[5342.948s][debug][gc,phases      ] GC(268)   StringTable Weak               Min:  0.1, Avg:  0.1, Max:  0.1, Diff:  0.0, Sum:  0.3, Workers: 4
[5342.948s][debug][gc,phases      ] GC(268)     Dead                           Min: 0, Avg:  0.0, Max: 0, Diff: 0, Sum: 0, Workers: 4
[5342.948s][debug][gc,phases      ] GC(268)     Total                          Min: 8832, Avg: 12077.0, Max: 15412, Diff: 6580, Sum: 48308, Workers: 4
[5342.948s][debug][gc,phases      ] GC(268)   ResolvedMethodTable Weak       Min:  0.0, Avg:  0.0, Max:  0.0, Diff:  0.0, Sum:  0.1, Workers: 4
[5342.948s][debug][gc,phases      ] GC(268)     Dead                           Min: 0, Avg:  0.0, Max: 0, Diff: 0, Sum: 0, Workers: 4
[5342.948s][debug][gc,phases      ] GC(268)     Total                          Min: 1600, Avg: 2046.5, Max: 2492, Diff: 892, Sum: 8186, Workers: 4
[5342.948s][debug][gc,phases      ] GC(268)   JNI Weak                       Min:  0.0, Avg:  0.0, Max:  0.0, Diff:  0.0, Sum:  0.0, Workers: 4
[5342.948s][debug][gc,phases      ] GC(268)     Dead                           Min: 0, Avg:  0.0, Max: 0, Diff: 0, Sum: 0, Workers: 4
[5342.948s][debug][gc,phases      ] GC(268)     Total                          Min: 0, Avg:  0.0, Max: 0, Diff: 0, Sum: 0, Workers: 4
[5342.948s][debug][gc,phases      ] GC(268)   StringDedup Table Weak         Min:  0.0, Avg:  0.0, Max:  0.0, Diff:  0.0, Sum:  0.0, Workers: 4
[5342.948s][debug][gc,phases      ] GC(268)     Dead                           Min: 0, Avg:  0.0, Max: 0, Diff: 0, Sum: 0, Workers: 4
[5342.948s][debug][gc,phases      ] GC(268)     Total                          Min: 0, Avg:  0.0, Max: 0, Diff: 0, Sum: 0, Workers: 4
[5342.948s][debug][gc,phases      ] GC(268)   StringDedup Requests0 Weak     Min:  0.0, Avg:  0.0, Max:  0.0, Diff:  0.0, Sum:  0.0, Workers: 4
[5342.948s][debug][gc,phases      ] GC(268)     Dead                           Min: 0, Avg:  0.0, Max: 0, Diff: 0, Sum: 0, Workers: 4
[5342.948s][debug][gc,phases      ] GC(268)     Total                          Min: 0, Avg:  0.0, Max: 0, Diff: 0, Sum: 0, Workers: 4
[5342.948s][debug][gc,phases      ] GC(268)   StringDedup Requests1 Weak     Min:  0.0, Avg:  0.0, Max:  0.0, Diff:  0.0, Sum:  0.0, Workers: 4
[5342.948s][debug][gc,phases      ] GC(268)     Dead                           Min: 0, Avg:  0.0, Max: 0, Diff: 0, Sum: 0, Workers: 4
[5342.948s][debug][gc,phases      ] GC(268)     Total                          Min: 0, Avg:  0.0, Max: 0, Diff: 0, Sum: 0, Workers: 4
[5342.948s][debug][gc,phases      ] GC(268)   Weak JFR Old Object Samples    Min:  0.0, Avg:  0.0, Max:  0.0, Diff:  0.0, Sum:  0.0, Workers: 4
[5342.948s][debug][gc,phases      ] GC(268)     Dead                           Min: 0, Avg:  0.0, Max: 0, Diff: 0, Sum: 0, Workers: 4
[5342.948s][debug][gc,phases      ] GC(268)     Total                          Min: 0, Avg:  0.0, Max: 0, Diff: 0, Sum: 0, Workers: 4
[5342.948s][debug][gc,phases      ] GC(268) Weak Processing 0.246ms
[5342.948s][debug][gc,age         ] GC(268) Desired survivor size 8388608 bytes, new threshold 15 (max threshold 15)
[5342.948s][info ][gc,heap        ] GC(268) PSYoungGen: 2080480K(2088448K)->1264K(2087936K) Eden: 2079232K(2079232K)->0K(2079232K) From: 1248K(9216K)->1264K(8704K)
[5342.948s][info ][gc,heap        ] GC(268) ParOldGen: 449113K(548864K)->449145K(548864K)
[5342.948s][info ][gc,metaspace   ] GC(268) Metaspace: 81566K(82432K)->81566K(82432K) NonClass: 70223K(70656K)->70223K(70656K) Class: 11342K(11776K)->11342K(11776K)
[5342.948s][info ][gc             ] GC(268) Pause Young (Allocation Failure) 2470M->439M(2575M) 2.245ms
[5342.948s][info ][gc,cpu         ] GC(268) User=0.00s Sys=0.00s Real=0.00s
[5342.948s][info ][safepoint      ] Safepoint "ParallelGCFailedAllocation", Time since last: 6297029487 ns, Reaching safepoint: 40501 ns, At safepoint: 2309910 ns, Total: 2350411 ns
[5344.948s][info ][safepoint      ] Safepoint "Cleanup", Time since last: 2000147598 ns, Reaching safepoint: 42400 ns, At safepoint: 2600 ns, Total: 45000 ns
[5345.948s][info ][safepoint      ] Safepoint "Cleanup", Time since last: 1000090599 ns, Reaching safepoint: 46100 ns, At safepoint: 2100 ns, Total: 48200 ns
[5359.949s][info ][safepoint      ] Safepoint "Cleanup", Time since last: 14000901882 ns, Reaching safepoint: 43701 ns, At safepoint: 10800 ns, Total: 54501 ns
[5371.950s][info ][safepoint      ] Safepoint "Cleanup", Time since last: 12000959384 ns, Reaching safepoint: 50400 ns, At safepoint: 5100 ns, Total: 55500 ns
[5373.950s][info ][safepoint      ] Safepoint "Cleanup", Time since last: 2000185297 ns, Reaching safepoint: 46700 ns, At safepoint: 12200 ns, Total: 58900 ns
[5653.341s][info ][gc,start       ] GC(269) Pause Young (Allocation Failure)
[5653.344s][debug][gc,phases      ] GC(269) Scavenge 2.163ms
[5653.344s][debug][gc,ref         ] GC(269) Skipped phase 1 of Reference Processing: no references
[5653.344s][debug][gc,ref         ] GC(269) ReferenceProcessor::execute queues: 1, RefProcThreadModel::Single, marks_oops_alive: false
[5653.344s][debug][gc,ref         ] GC(269) ReferenceProcessor::execute queues: 4, RefProcThreadModel::Multi, marks_oops_alive: true
[5653.344s][debug][gc,ref         ] GC(269) Skipped phase 4 of Reference Processing: no references
[5653.344s][debug][gc,phases      ] GC(269) Reference Processing 0.172ms
[5653.344s][debug][gc,phases      ] GC(269)   VM Weak                        Min:  0.0, Avg:  0.0, Max:  0.0, Diff:  0.0, Sum:  0.0, Workers: 4
[5653.344s][debug][gc,phases      ] GC(269)     Dead                           Min: 0, Avg:  0.0, Max: 0, Diff: 0, Sum: 0, Workers: 4
[5653.344s][debug][gc,phases      ] GC(269)     Total                          Min: 0, Avg: 130.0, Max: 520, Diff: 520, Sum: 520, Workers: 4
[5653.344s][debug][gc,phases      ] GC(269)   ObjectSynchronizer Weak        Min:  0.0, Avg:  0.0, Max:  0.0, Diff:  0.0, Sum:  0.0, Workers: 4
[5653.344s][debug][gc,phases      ] GC(269)     Dead                           Min: 0, Avg:  0.0, Max: 0, Diff: 0, Sum: 0, Workers: 4
[5653.344s][debug][gc,phases      ] GC(269)     Total                          Min: 0, Avg: 121.2, Max: 357, Diff: 357, Sum: 485, Workers: 4
[5653.344s][debug][gc,phases      ] GC(269)   JVMTI Tag Weak OopStorage      Min:  0.0, Avg:  0.0, Max:  0.0, Diff:  0.0, Sum:  0.0, Workers: 4
[5653.344s][debug][gc,phases      ] GC(269)     Dead                           Min: 0, Avg:  0.0, Max: 0, Diff: 0, Sum: 0, Workers: 4
[5653.344s][debug][gc,phases      ] GC(269)     Total                          Min: 0, Avg:  0.0, Max: 0, Diff: 0, Sum: 0, Workers: 4
[5653.344s][debug][gc,phases      ] GC(269)   StringTable Weak               Min:  0.1, Avg:  0.1, Max:  0.1, Diff:  0.0, Sum:  0.3, Workers: 4
[5653.344s][debug][gc,phases      ] GC(269)     Dead                           Min: 0, Avg:  0.0, Max: 0, Diff: 0, Sum: 0, Workers: 4
[5653.344s][debug][gc,phases      ] GC(269)     Total                          Min: 11198, Avg: 12078.8, Max: 12864, Diff: 1666, Sum: 48315, Workers: 4
[5653.344s][debug][gc,phases      ] GC(269)   ResolvedMethodTable Weak       Min:  0.0, Avg:  0.0, Max:  0.0, Diff:  0.0, Sum:  0.0, Workers: 4
[5653.344s][debug][gc,phases      ] GC(269)     Dead                           Min: 0, Avg:  0.0, Max: 0, Diff: 0, Sum: 0, Workers: 4
[5653.344s][debug][gc,phases      ] GC(269)     Total                          Min: 1983, Avg: 2046.5, Max: 2110, Diff: 127, Sum: 8186, Workers: 4
[5653.344s][debug][gc,phases      ] GC(269)   JNI Weak                       Min:  0.0, Avg:  0.0, Max:  0.0, Diff:  0.0, Sum:  0.0, Workers: 4
[5653.344s][debug][gc,phases      ] GC(269)     Dead                           Min: 0, Avg:  0.0, Max: 0, Diff: 0, Sum: 0, Workers: 4
[5653.344s][debug][gc,phases      ] GC(269)     Total                          Min: 0, Avg:  0.0, Max: 0, Diff: 0, Sum: 0, Workers: 4
[5653.344s][debug][gc,phases      ] GC(269)   StringDedup Table Weak         Min:  0.0, Avg:  0.0, Max:  0.0, Diff:  0.0, Sum:  0.0, Workers: 4
[5653.344s][debug][gc,phases      ] GC(269)     Dead                           Min: 0, Avg:  0.0, Max: 0, Diff: 0, Sum: 0, Workers: 4
[5653.344s][debug][gc,phases      ] GC(269)     Total                          Min: 0, Avg:  0.0, Max: 0, Diff: 0, Sum: 0, Workers: 4
[5653.344s][debug][gc,phases      ] GC(269)   StringDedup Requests0 Weak     Min:  0.0, Avg:  0.0, Max:  0.0, Diff:  0.0, Sum:  0.0, Workers: 4
[5653.344s][debug][gc,phases      ] GC(269)     Dead                           Min: 0, Avg:  0.0, Max: 0, Diff: 0, Sum: 0, Workers: 4
[5653.344s][debug][gc,phases      ] GC(269)     Total                          Min: 0, Avg:  0.0, Max: 0, Diff: 0, Sum: 0, Workers: 4
[5653.344s][debug][gc,phases      ] GC(269)   StringDedup Requests1 Weak     Min:  0.0, Avg:  0.0, Max:  0.0, Diff:  0.0, Sum:  0.0, Workers: 4
[5653.344s][debug][gc,phases      ] GC(269)     Dead                           Min: 0, Avg:  0.0, Max: 0, Diff: 0, Sum: 0, Workers: 4
[5653.344s][debug][gc,phases      ] GC(269)     Total                          Min: 0, Avg:  0.0, Max: 0, Diff: 0, Sum: 0, Workers: 4
[5653.344s][debug][gc,phases      ] GC(269)   Weak JFR Old Object Samples    Min:  0.0, Avg:  0.0, Max:  0.0, Diff:  0.0, Sum:  0.0, Workers: 4
[5653.344s][debug][gc,phases      ] GC(269)     Dead                           Min: 0, Avg:  0.0, Max: 0, Diff: 0, Sum: 0, Workers: 4
[5653.344s][debug][gc,phases      ] GC(269)     Total                          Min: 0, Avg:  0.0, Max: 0, Diff: 0, Sum: 0, Workers: 4
[5653.344s][debug][gc,phases      ] GC(269) Weak Processing 0.231ms
[5653.344s][debug][gc,age         ] GC(269) Desired survivor size 7864320 bytes, new threshold 15 (max threshold 15)
[5653.344s][info ][gc,heap        ] GC(269) PSYoungGen: 2080496K(2087936K)->1296K(2089472K) Eden: 2079232K(2079232K)->0K(2081280K) From: 1264K(8704K)->1296K(8192K)
[5653.344s][info ][gc,heap        ] GC(269) ParOldGen: 449145K(548864K)->449177K(548864K)
[5653.344s][info ][gc,metaspace   ] GC(269) Metaspace: 81592K(82496K)->81592K(82496K) NonClass: 70247K(70720K)->70247K(70720K) Class: 11344K(11776K)->11344K(11776K)
[5653.344s][info ][gc             ] GC(269) Pause Young (Allocation Failure) 2470M->439M(2576M) 2.675ms
[5653.344s][info ][gc,cpu         ] GC(269) User=0.00s Sys=0.00s Real=0.00s
[5653.344s][info ][safepoint      ] Safepoint "ParallelGCFailedAllocation", Time since last: 279391145206 ns, Reaching safepoint: 33600 ns, At safepoint: 2749713 ns, Total: 2783313 ns
[5721.130s][info ][gc,heap,exit   ] Heap
[5721.131s][info ][gc,heap,exit   ]  PSYoungGen      total 2089472K, used 345136K [0x0000000780000000, 0x0000000800000000, 0x0000000800000000)
[5721.131s][info ][gc,heap,exit   ]   eden space 2081280K, 16% used [0x0000000780000000,0x0000000794fc8240,0x00000007ff080000)
[5721.131s][info ][gc,heap,exit   ]   from space 8192K, 15% used [0x00000007ff800000,0x00000007ff944130,0x0000000800000000)
[5721.131s][info ][gc,heap,exit   ]   to   space 7680K, 0% used [0x00000007ff080000,0x00000007ff080000,0x00000007ff800000)
[5721.131s][info ][gc,heap,exit   ]  ParOldGen       total 548864K, used 449177K [0x0000000740000000, 0x0000000761800000, 0x0000000780000000)
[5721.131s][info ][gc,heap,exit   ]   object space 548864K, 81% used [0x0000000740000000,0x000000075b6a64a8,0x0000000761800000)
[5721.131s][info ][gc,heap,exit   ]  Metaspace       used 81632K, committed 82496K, reserved 1122304K
[5721.131s][info ][gc,heap,exit   ]   class space    used 11350K, committed 11776K, reserved 1048576K
