[0.003s][info][gc] Using Parallel
[0.004s][info][gc,init] Version: 17.0.7+7-LTS (release)
[0.005s][info][gc,init] CPUs: 4 total, 4 available
[0.005s][info][gc,init] Memory: 16003M
[0.005s][info][gc,init] Large Page Support: Disabled
[0.005s][info][gc,init] NUMA Support: Disabled
[0.005s][info][gc,init] Compressed Oops: Enabled (Zero based)
[0.005s][info][gc,init] Alignments: Space 512K, Generation 512K, Heap 2M
[0.005s][info][gc,init] Heap Min Capacity: 2054M
[0.005s][info][gc,init] Heap Initial Capacity: 2054M
[0.005s][info][gc,init] Heap Max Capacity: 3G
[0.005s][info][gc,init] Pre-touch: Disabled
[0.005s][info][gc,init] Parallel Workers: 4
[0.005s][info][gc,metaspace] CDS archive(s) mapped at: [0x0000000800000000-0x0000000800be1000-0x0000000800be1000), size 12455936, SharedBaseAddress: 0x0000000800000000, ArchiveRelocationMode: 0.
[0.005s][info][gc,metaspace] Compressed class space mapped at: 0x0000000801000000-0x0000000841000000, reserved size: 1073741824
[0.005s][info][gc,metaspace] Narrow klass base: 0x0000000800000000, Narrow klass shift: 0, Narrow klass range: 0x100000000
[1.030s][info][safepoint   ] Safepoint "ICBufferFull", Time since last: 1015566170 ns, Reaching safepoint: 187003 ns, At safepoint: 1500 ns, Total: 188503 ns
[1.523s][info][safepoint   ] Safepoint "ICBufferFull", Time since last: 492994734 ns, Reaching safepoint: 165103 ns, At safepoint: 2000 ns, Total: 167103 ns
[1.905s][info][gc,start    ] GC(0) Pause Young (Metadata GC Threshold)
[1.920s][debug][gc,phases   ] GC(0) Scavenge 14.792ms
[1.920s][debug][gc,ref      ] GC(0) Skipped phase 1 of Reference Processing: no references
[1.920s][debug][gc,ref      ] GC(0) ReferenceProcessor::execute queues: 3, RefProcThreadModel::Multi, marks_oops_alive: false
[1.920s][debug][gc,ref      ] GC(0) Skipped phase 3 of Reference Processing: no references
[1.921s][debug][gc,ref      ] GC(0) ReferenceProcessor::execute queues: 1, RefProcThreadModel::Single, marks_oops_alive: false
[1.921s][debug][gc,phases   ] GC(0) Reference Processing 0.341ms
[1.921s][debug][gc,phases   ] GC(0)   VM Weak                        Min:  0.0, Avg:  0.0, Max:  0.0, Diff:  0.0, Sum:  0.0, Workers: 4
[1.921s][debug][gc,phases   ] GC(0)     Dead                           Min: 0, Avg:  0.0, Max: 0, Diff: 0, Sum: 0, Workers: 4
[1.921s][debug][gc,phases   ] GC(0)     Total                          Min: 0, Avg: 58.0, Max: 192, Diff: 192, Sum: 232, Workers: 4
[1.921s][debug][gc,phases   ] GC(0)   ObjectSynchronizer Weak        Min:  0.0, Avg:  0.0, Max:  0.0, Diff:  0.0, Sum:  0.0, Workers: 4
[1.921s][debug][gc,phases   ] GC(0)     Dead                           Min: 0, Avg:  0.5, Max: 2, Diff: 2, Sum: 2, Workers: 4
[1.921s][debug][gc,phases   ] GC(0)     Total                          Min: 0, Avg:  1.8, Max: 7, Diff: 7, Sum: 7, Workers: 4
[1.921s][debug][gc,phases   ] GC(0)   JVMTI Tag Weak OopStorage      Min:  0.0, Avg:  0.0, Max:  0.0, Diff:  0.0, Sum:  0.0, Workers: 4
[1.921s][debug][gc,phases   ] GC(0)     Dead                           Min: 0, Avg:  0.0, Max: 0, Diff: 0, Sum: 0, Workers: 4
[1.921s][debug][gc,phases   ] GC(0)     Total                          Min: 0, Avg:  0.0, Max: 0, Diff: 0, Sum: 0, Workers: 4
[1.921s][debug][gc,phases   ] GC(0)   StringTable Weak               Min:  0.1, Avg:  0.1, Max:  0.1, Diff:  0.0, Sum:  0.3, Workers: 4
[1.921s][debug][gc,phases   ] GC(0)     Dead                           Min: 0, Avg:  6.5, Max: 15, Diff: 15, Sum: 26, Workers: 4
[1.921s][debug][gc,phases   ] GC(0)     Total                          Min: 2752, Avg: 3279.2, Max: 4157, Diff: 1405, Sum: 13117, Workers: 4
[1.921s][debug][gc,phases   ] GC(0)   ResolvedMethodTable Weak       Min:  0.0, Avg:  0.0, Max:  0.0, Diff:  0.0, Sum:  0.0, Workers: 4
[1.921s][debug][gc,phases   ] GC(0)     Dead                           Min: 10, Avg: 20.5, Max: 35, Diff: 25, Sum: 82, Workers: 4
[1.921s][debug][gc,phases   ] GC(0)     Total                          Min: 256, Avg: 320.8, Max: 384, Diff: 128, Sum: 1283, Workers: 4
[1.921s][debug][gc,phases   ] GC(0)   JNI Weak                       Min:  0.0, Avg:  0.0, Max:  0.0, Diff:  0.0, Sum:  0.0, Workers: 4
[1.921s][debug][gc,phases   ] GC(0)     Dead                           Min: 0, Avg:  0.0, Max: 0, Diff: 0, Sum: 0, Workers: 4
[1.921s][debug][gc,phases   ] GC(0)     Total                          Min: 0, Avg: 11.2, Max: 45, Diff: 45, Sum: 45, Workers: 4
[1.921s][debug][gc,phases   ] GC(0)   StringDedup Table Weak         Min:  0.0, Avg:  0.0, Max:  0.0, Diff:  0.0, Sum:  0.0, Workers: 4
[1.921s][debug][gc,phases   ] GC(0)     Dead                           Min: 0, Avg:  0.0, Max: 0, Diff: 0, Sum: 0, Workers: 4
[1.921s][debug][gc,phases   ] GC(0)     Total                          Min: 0, Avg:  0.0, Max: 0, Diff: 0, Sum: 0, Workers: 4
[1.921s][debug][gc,phases   ] GC(0)   StringDedup Requests0 Weak     Min:  0.0, Avg:  0.0, Max:  0.0, Diff:  0.0, Sum:  0.0, Workers: 4
[1.921s][debug][gc,phases   ] GC(0)     Dead                           Min: 0, Avg:  0.0, Max: 0, Diff: 0, Sum: 0, Workers: 4
[1.921s][debug][gc,phases   ] GC(0)     Total                          Min: 0, Avg:  0.0, Max: 0, Diff: 0, Sum: 0, Workers: 4
[1.921s][debug][gc,phases   ] GC(0)   StringDedup Requests1 Weak     Min:  0.0, Avg:  0.0, Max:  0.0, Diff:  0.0, Sum:  0.0, Workers: 4
[1.921s][debug][gc,phases   ] GC(0)     Dead                           Min: 0, Avg:  0.0, Max: 0, Diff: 0, Sum: 0, Workers: 4
[1.921s][debug][gc,phases   ] GC(0)     Total                          Min: 0, Avg:  0.0, Max: 0, Diff: 0, Sum: 0, Workers: 4
[1.921s][debug][gc,phases   ] GC(0)   Weak JFR Old Object Samples    Min:  0.0, Avg:  0.0, Max:  0.0, Diff:  0.0, Sum:  0.0, Workers: 4
[1.921s][debug][gc,phases   ] GC(0)     Dead                           Min: 0, Avg:  0.0, Max: 0, Diff: 0, Sum: 0, Workers: 4
[1.921s][debug][gc,phases   ] GC(0)     Total                          Min: 0, Avg:  0.0, Max: 0, Diff: 0, Sum: 0, Workers: 4
[1.921s][debug][gc,phases   ] GC(0) Weak Processing 0.252ms
[1.921s][debug][gc,age      ] GC(0) Desired survivor size 536870912 bytes, new threshold 7 (max threshold 15)
[1.921s][info ][gc,heap     ] GC(0) PSYoungGen: 272642K(1572864K)->31503K(1572864K) Eden: 272642K(1048576K)->0K(1048576K) From: 0K(524288K)->31503K(524288K)
[1.921s][info ][gc,heap     ] GC(0) ParOldGen: 0K(6144K)->96K(6144K)
[1.921s][info ][gc,metaspace] GC(0) Metaspace: 21177K(21504K)->21177K(21504K) NonClass: 18682K(18880K)->18682K(18880K) Class: 2495K(2624K)->2495K(2624K)
[1.921s][info ][gc          ] GC(0) Pause Young (Metadata GC Threshold) 266M->30M(1542M) 15.726ms
[1.921s][info ][gc,cpu      ] GC(0) User=0.04s Sys=0.00s Real=0.02s
[1.921s][debug][gc,phases   ] GC(1) Pre Compact 0.010ms
[1.921s][info ][gc,start    ] GC(1) Pause Full (Metadata GC Threshold)
[1.921s][info ][gc,phases,start] GC(1) Marking Phase
[1.927s][debug][gc,phases      ] GC(1) Par Mark 5.952ms
[1.927s][debug][gc,ref         ] GC(1) Skipped phase 1 of Reference Processing: no references
[1.927s][debug][gc,ref         ] GC(1) ReferenceProcessor::execute queues: 3, RefProcThreadModel::Multi, marks_oops_alive: false
[1.927s][debug][gc,ref         ] GC(1) Skipped phase 3 of Reference Processing: no references
[1.927s][debug][gc,ref         ] GC(1) ReferenceProcessor::execute queues: 1, RefProcThreadModel::Single, marks_oops_alive: false
[1.927s][debug][gc,phases      ] GC(1) Reference Processing 0.310ms
[1.927s][debug][gc,phases      ] GC(1)   VM Weak                        Min:  0.0, Avg:  0.0, Max:  0.0, Diff:  0.0, Sum:  0.0, Workers: 4
[1.927s][debug][gc,phases      ] GC(1)     Dead                           Min: 0, Avg:  0.0, Max: 0, Diff: 0, Sum: 0, Workers: 4
[1.927s][debug][gc,phases      ] GC(1)     Total                          Min: 0, Avg: 58.0, Max: 168, Diff: 168, Sum: 232, Workers: 4
[1.927s][debug][gc,phases      ] GC(1)   ObjectSynchronizer Weak        Min:  0.0, Avg:  0.0, Max:  0.0, Diff:  0.0, Sum:  0.0, Workers: 4
[1.927s][debug][gc,phases      ] GC(1)     Dead                           Min: 0, Avg:  0.0, Max: 0, Diff: 0, Sum: 0, Workers: 4
[1.927s][debug][gc,phases      ] GC(1)     Total                          Min: 0, Avg:  1.8, Max: 7, Diff: 7, Sum: 7, Workers: 4
[1.927s][debug][gc,phases      ] GC(1)   JVMTI Tag Weak OopStorage      Min:  0.0, Avg:  0.0, Max:  0.0, Diff:  0.0, Sum:  0.0, Workers: 4
[1.927s][debug][gc,phases      ] GC(1)     Dead                           Min: 0, Avg:  0.0, Max: 0, Diff: 0, Sum: 0, Workers: 4
[1.927s][debug][gc,phases      ] GC(1)     Total                          Min: 0, Avg:  0.0, Max: 0, Diff: 0, Sum: 0, Workers: 4
[1.927s][debug][gc,phases      ] GC(1)   StringTable Weak               Min:  0.0, Avg:  0.0, Max:  0.0, Diff:  0.0, Sum:  0.1, Workers: 4
[1.927s][debug][gc,phases      ] GC(1)     Dead                           Min: 0, Avg:  0.0, Max: 0, Diff: 0, Sum: 0, Workers: 4
[1.927s][debug][gc,phases      ] GC(1)     Total                          Min: 0, Avg: 3279.2, Max: 4797, Diff: 4797, Sum: 13117, Workers: 4
[1.927s][debug][gc,phases      ] GC(1)   ResolvedMethodTable Weak       Min:  0.0, Avg:  0.0, Max:  0.0, Diff:  0.0, Sum:  0.0, Workers: 4
[1.927s][debug][gc,phases      ] GC(1)     Dead                           Min: 0, Avg:  0.0, Max: 0, Diff: 0, Sum: 0, Workers: 4
[1.927s][debug][gc,phases      ] GC(1)     Total                          Min: 0, Avg: 320.8, Max: 451, Diff: 451, Sum: 1283, Workers: 4
[1.927s][debug][gc,phases      ] GC(1)   JNI Weak                       Min:  0.0, Avg:  0.0, Max:  0.0, Diff:  0.0, Sum:  0.0, Workers: 4
[1.927s][debug][gc,phases      ] GC(1)     Dead                           Min: 0, Avg:  0.0, Max: 0, Diff: 0, Sum: 0, Workers: 4
[1.927s][debug][gc,phases      ] GC(1)     Total                          Min: 0, Avg: 11.2, Max: 45, Diff: 45, Sum: 45, Workers: 4
[1.927s][debug][gc,phases      ] GC(1)   StringDedup Table Weak         Min:  0.0, Avg:  0.0, Max:  0.0, Diff:  0.0, Sum:  0.0, Workers: 4
[1.927s][debug][gc,phases      ] GC(1)     Dead                           Min: 0, Avg:  0.0, Max: 0, Diff: 0, Sum: 0, Workers: 4
[1.927s][debug][gc,phases      ] GC(1)     Total                          Min: 0, Avg:  0.0, Max: 0, Diff: 0, Sum: 0, Workers: 4
[1.927s][debug][gc,phases      ] GC(1)   StringDedup Requests0 Weak     Min:  0.0, Avg:  0.0, Max:  0.0, Diff:  0.0, Sum:  0.0, Workers: 4
[1.927s][debug][gc,phases      ] GC(1)     Dead                           Min: 0, Avg:  0.0, Max: 0, Diff: 0, Sum: 0, Workers: 4
[1.927s][debug][gc,phases      ] GC(1)     Total                          Min: 0, Avg:  0.0, Max: 0, Diff: 0, Sum: 0, Workers: 4
[1.927s][debug][gc,phases      ] GC(1)   StringDedup Requests1 Weak     Min:  0.0, Avg:  0.0, Max:  0.0, Diff:  0.0, Sum:  0.0, Workers: 4
[1.927s][debug][gc,phases      ] GC(1)     Dead                           Min: 0, Avg:  0.0, Max: 0, Diff: 0, Sum: 0, Workers: 4
[1.927s][debug][gc,phases      ] GC(1)     Total                          Min: 0, Avg:  0.0, Max: 0, Diff: 0, Sum: 0, Workers: 4
[1.927s][debug][gc,phases      ] GC(1)   Weak JFR Old Object Samples    Min:  0.0, Avg:  0.0, Max:  0.0, Diff:  0.0, Sum:  0.0, Workers: 4
[1.927s][debug][gc,phases      ] GC(1)     Dead                           Min: 0, Avg:  0.0, Max: 0, Diff: 0, Sum: 0, Workers: 4
[1.927s][debug][gc,phases      ] GC(1)     Total                          Min: 0, Avg:  0.0, Max: 0, Diff: 0, Sum: 0, Workers: 4
[1.927s][debug][gc,phases      ] GC(1) Weak Processing 0.193ms
[1.927s][debug][gc,phases      ] GC(1) ClassLoaderData 0.007ms
[1.927s][debug][gc,phases      ] GC(1) Trigger cleanups 0.000ms
[1.930s][debug][gc,phases      ] GC(1) Class Unloading 2.575ms
[1.930s][info ][gc,phases      ] GC(1) Marking Phase 9.083ms
[1.930s][info ][gc,phases,start] GC(1) Summary Phase
[1.930s][info ][gc,phases      ] GC(1) Summary Phase 0.005ms
[1.930s][info ][gc,phases,start] GC(1) Adjust Roots
[1.933s][info ][gc,phases      ] GC(1) Adjust Roots 3.131ms
[1.933s][info ][gc,phases,start] GC(1) Compaction Phase
[1.953s][info ][gc,phases      ] GC(1) Compaction Phase 19.418ms
[1.953s][info ][gc,phases,start] GC(1) Post Compact
[1.953s][info ][gc,phases      ] GC(1) Post Compact 0.932ms
[1.954s][info ][gc,heap        ] GC(1) PSYoungGen: 31503K(1572864K)->25592K(1572864K) Eden: 0K(1048576K)->0K(1048576K) From: 31503K(524288K)->25592K(524288K)
[1.954s][info ][gc,heap        ] GC(1) ParOldGen: 96K(6144K)->5853K(6144K)
[1.954s][info ][gc,metaspace   ] GC(1) Metaspace: 21177K(21504K)->21177K(21504K) NonClass: 18682K(18880K)->18682K(18880K) Class: 2495K(2624K)->2495K(2624K)
[1.954s][info ][gc             ] GC(1) Pause Full (Metadata GC Threshold) 30M->30M(1542M) 32.666ms
[1.954s][info ][gc,cpu         ] GC(1) User=0.08s Sys=0.01s Real=0.03s
[1.954s][info ][safepoint      ] Safepoint "CollectForMetadataAllocation", Time since last: 381661949 ns, Reaching safepoint: 124801 ns, At safepoint: 48509804 ns, Total: 48634605 ns
[2.100s][info ][safepoint      ] Safepoint "ICBufferFull", Time since last: 145841715 ns, Reaching safepoint: 234403 ns, At safepoint: 5300 ns, Total: 239703 ns
[2.241s][info ][safepoint      ] Safepoint "ICBufferFull", Time since last: 141261658 ns, Reaching safepoint: 135502 ns, At safepoint: 4900 ns, Total: 140402 ns
[2.487s][info ][safepoint      ] Safepoint "ICBufferFull", Time since last: 245557155 ns, Reaching safepoint: 157802 ns, At safepoint: 4800 ns, Total: 162602 ns
[2.903s][info ][safepoint      ] Safepoint "ICBufferFull", Time since last: 416488583 ns, Reaching safepoint: 182802 ns, At safepoint: 4800 ns, Total: 187602 ns
[3.024s][info ][safepoint      ] Safepoint "ICBufferFull", Time since last: 120210396 ns, Reaching safepoint: 232303 ns, At safepoint: 2200 ns, Total: 234503 ns
[3.158s][info ][safepoint      ] Safepoint "ICBufferFull", Time since last: 133588663 ns, Reaching safepoint: 155102 ns, At safepoint: 8400 ns, Total: 163502 ns
[3.313s][info ][safepoint      ] Safepoint "ICBufferFull", Time since last: 155023429 ns, Reaching safepoint: 171902 ns, At safepoint: 1700 ns, Total: 173602 ns
[3.414s][info ][safepoint      ] Safepoint "ICBufferFull", Time since last: 101196359 ns, Reaching safepoint: 165102 ns, At safepoint: 6300 ns, Total: 171402 ns
[3.596s][info ][safepoint      ] Safepoint "ICBufferFull", Time since last: 181099754 ns, Reaching safepoint: 246003 ns, At safepoint: 10100 ns, Total: 256103 ns
[3.806s][info ][safepoint      ] Safepoint "ICBufferFull", Time since last: 209814611 ns, Reaching safepoint: 245703 ns, At safepoint: 5400 ns, Total: 251103 ns
[3.959s][info ][safepoint      ] Safepoint "ICBufferFull", Time since last: 153630612 ns, Reaching safepoint: 180302 ns, At safepoint: 3100 ns, Total: 183402 ns
[3.977s][info ][gc,start       ] GC(2) Pause Young (Metadata GC Threshold)
[4.032s][debug][gc,phases      ] GC(2) Scavenge 54.972ms
[4.032s][debug][gc,ref         ] GC(2) Skipped phase 1 of Reference Processing: no references
[4.032s][debug][gc,ref         ] GC(2) ReferenceProcessor::execute queues: 4, RefProcThreadModel::Multi, marks_oops_alive: false
[4.032s][debug][gc,ref         ] GC(2) Skipped phase 3 of Reference Processing: no references
[4.032s][debug][gc,ref         ] GC(2) ReferenceProcessor::execute queues: 1, RefProcThreadModel::Single, marks_oops_alive: false
[4.032s][debug][gc,phases      ] GC(2) Reference Processing 0.541ms
[4.033s][debug][gc,phases      ] GC(2)   VM Weak                        Min:  0.0, Avg:  0.0, Max:  0.0, Diff:  0.0, Sum:  0.0, Workers: 4
[4.033s][debug][gc,phases      ] GC(2)     Dead                           Min: 0, Avg:  0.0, Max: 0, Diff: 0, Sum: 0, Workers: 4
[4.033s][debug][gc,phases      ] GC(2)     Total                          Min: 0, Avg: 88.5, Max: 192, Diff: 192, Sum: 354, Workers: 4
[4.033s][debug][gc,phases      ] GC(2)   ObjectSynchronizer Weak        Min:  0.0, Avg:  0.0, Max:  0.0, Diff:  0.0, Sum:  0.0, Workers: 4
[4.033s][debug][gc,phases      ] GC(2)     Dead                           Min: 0, Avg:  0.0, Max: 0, Diff: 0, Sum: 0, Workers: 4
[4.033s][debug][gc,phases      ] GC(2)     Total                          Min: 0, Avg:  1.8, Max: 7, Diff: 7, Sum: 7, Workers: 4
[4.033s][debug][gc,phases      ] GC(2)   JVMTI Tag Weak OopStorage      Min:  0.0, Avg:  0.0, Max:  0.0, Diff:  0.0, Sum:  0.0, Workers: 4
[4.033s][debug][gc,phases      ] GC(2)     Dead                           Min: 0, Avg:  0.0, Max: 0, Diff: 0, Sum: 0, Workers: 4
[4.033s][debug][gc,phases      ] GC(2)     Total                          Min: 0, Avg:  0.0, Max: 0, Diff: 0, Sum: 0, Workers: 4
[4.033s][debug][gc,phases      ] GC(2)   StringTable Weak               Min:  0.2, Avg:  0.2, Max:  0.2, Diff:  0.0, Sum:  0.7, Workers: 4
[4.033s][debug][gc,phases      ] GC(2)     Dead                           Min: 1, Avg:  2.2, Max: 5, Diff: 4, Sum: 9, Workers: 4
[4.033s][debug][gc,phases      ] GC(2)     Total                          Min: 5184, Avg: 6545.0, Max: 7168, Diff: 1984, Sum: 26180, Workers: 4
[4.033s][debug][gc,phases      ] GC(2)   ResolvedMethodTable Weak       Min:  0.0, Avg:  0.0, Max:  0.0, Diff:  0.0, Sum:  0.1, Workers: 4
[4.033s][debug][gc,phases      ] GC(2)     Dead                           Min: 0, Avg: 14.2, Max: 32, Diff: 32, Sum: 57, Workers: 4
[4.033s][debug][gc,phases      ] GC(2)     Total                          Min: 512, Avg: 610.8, Max: 715, Diff: 203, Sum: 2443, Workers: 4
[4.033s][debug][gc,phases      ] GC(2)   JNI Weak                       Min:  0.0, Avg:  0.0, Max:  0.0, Diff:  0.0, Sum:  0.0, Workers: 4
[4.033s][debug][gc,phases      ] GC(2)     Dead                           Min: 0, Avg:  0.0, Max: 0, Diff: 0, Sum: 0, Workers: 4
[4.033s][debug][gc,phases      ] GC(2)     Total                          Min: 0, Avg: 11.2, Max: 45, Diff: 45, Sum: 45, Workers: 4
[4.033s][debug][gc,phases      ] GC(2)   StringDedup Table Weak         Min:  0.0, Avg:  0.0, Max:  0.0, Diff:  0.0, Sum:  0.0, Workers: 4
[4.033s][debug][gc,phases      ] GC(2)     Dead                           Min: 0, Avg:  0.0, Max: 0, Diff: 0, Sum: 0, Workers: 4
[4.033s][debug][gc,phases      ] GC(2)     Total                          Min: 0, Avg:  0.0, Max: 0, Diff: 0, Sum: 0, Workers: 4
[4.033s][debug][gc,phases      ] GC(2)   StringDedup Requests0 Weak     Min:  0.0, Avg:  0.0, Max:  0.0, Diff:  0.0, Sum:  0.0, Workers: 4
[4.033s][debug][gc,phases      ] GC(2)     Dead                           Min: 0, Avg:  0.0, Max: 0, Diff: 0, Sum: 0, Workers: 4
[4.033s][debug][gc,phases      ] GC(2)     Total                          Min: 0, Avg:  0.0, Max: 0, Diff: 0, Sum: 0, Workers: 4
[4.033s][debug][gc,phases      ] GC(2)   StringDedup Requests1 Weak     Min:  0.0, Avg:  0.0, Max:  0.0, Diff:  0.0, Sum:  0.0, Workers: 4
[4.033s][debug][gc,phases      ] GC(2)     Dead                           Min: 0, Avg:  0.0, Max: 0, Diff: 0, Sum: 0, Workers: 4
[4.033s][debug][gc,phases      ] GC(2)     Total                          Min: 0, Avg:  0.0, Max: 0, Diff: 0, Sum: 0, Workers: 4
[4.033s][debug][gc,phases      ] GC(2)   Weak JFR Old Object Samples    Min:  0.0, Avg:  0.0, Max:  0.0, Diff:  0.0, Sum:  0.0, Workers: 4
[4.033s][debug][gc,phases      ] GC(2)     Dead                           Min: 0, Avg:  0.0, Max: 0, Diff: 0, Sum: 0, Workers: 4
[4.033s][debug][gc,phases      ] GC(2)     Total                          Min: 0, Avg:  0.0, Max: 0, Diff: 0, Sum: 0, Workers: 4
[4.033s][debug][gc,phases      ] GC(2) Weak Processing 0.362ms
[4.033s][debug][gc,age         ] GC(2) Desired survivor size 536870912 bytes, new threshold 7 (max threshold 15)
[4.033s][info ][gc,heap        ] GC(2) PSYoungGen: 549881K(1572864K)->82363K(1572864K) Eden: 524288K(1048576K)->0K(1048576K) From: 25592K(524288K)->82363K(524288K)
[4.033s][info ][gc,heap        ] GC(2) ParOldGen: 5853K(6144K)->5861K(6144K)
[4.033s][info ][gc,metaspace   ] GC(2) Metaspace: 35353K(35840K)->35353K(35840K) NonClass: 30710K(30976K)->30710K(30976K) Class: 4643K(4864K)->4643K(4864K)
[4.033s][info ][gc             ] GC(2) Pause Young (Metadata GC Threshold) 542M->86M(1542M) 55.986ms
[4.033s][info ][gc,cpu         ] GC(2) User=0.15s Sys=0.02s Real=0.05s
[4.033s][debug][gc,phases      ] GC(3) Pre Compact 0.008ms
[4.033s][info ][gc,start       ] GC(3) Pause Full (Metadata GC Threshold)
[4.033s][info ][gc,phases,start] GC(3) Marking Phase
[4.068s][debug][gc,phases      ] GC(3) Par Mark 34.843ms
[4.068s][debug][gc,ref         ] GC(3) Skipped phase 1 of Reference Processing: no references
[4.068s][debug][gc,ref         ] GC(3) ReferenceProcessor::execute queues: 4, RefProcThreadModel::Multi, marks_oops_alive: false
[4.068s][debug][gc,ref         ] GC(3) Skipped phase 3 of Reference Processing: no references
[4.068s][debug][gc,ref         ] GC(3) ReferenceProcessor::execute queues: 1, RefProcThreadModel::Single, marks_oops_alive: false
[4.068s][debug][gc,phases      ] GC(3) Reference Processing 0.490ms
[4.068s][debug][gc,phases      ] GC(3)   VM Weak                        Min:  0.0, Avg:  0.0, Max:  0.0, Diff:  0.0, Sum:  0.0, Workers: 4
[4.068s][debug][gc,phases      ] GC(3)     Dead                           Min: 0, Avg:  0.0, Max: 0, Diff: 0, Sum: 0, Workers: 4
[4.068s][debug][gc,phases      ] GC(3)     Total                          Min: 0, Avg: 88.5, Max: 192, Diff: 192, Sum: 354, Workers: 4
[4.068s][debug][gc,phases      ] GC(3)   ObjectSynchronizer Weak        Min:  0.0, Avg:  0.0, Max:  0.0, Diff:  0.0, Sum:  0.0, Workers: 4
[4.068s][debug][gc,phases      ] GC(3)     Dead                           Min: 0, Avg:  0.0, Max: 0, Diff: 0, Sum: 0, Workers: 4
[4.068s][debug][gc,phases      ] GC(3)     Total                          Min: 0, Avg:  1.8, Max: 7, Diff: 7, Sum: 7, Workers: 4
[4.068s][debug][gc,phases      ] GC(3)   JVMTI Tag Weak OopStorage      Min:  0.0, Avg:  0.0, Max:  0.0, Diff:  0.0, Sum:  0.0, Workers: 4
[4.068s][debug][gc,phases      ] GC(3)     Dead                           Min: 0, Avg:  0.0, Max: 0, Diff: 0, Sum: 0, Workers: 4
[4.068s][debug][gc,phases      ] GC(3)     Total                          Min: 0, Avg:  0.0, Max: 0, Diff: 0, Sum: 0, Workers: 4
[4.068s][debug][gc,phases      ] GC(3)   StringTable Weak               Min:  0.0, Avg:  0.1, Max:  0.1, Diff:  0.1, Sum:  0.3, Workers: 4
[4.068s][debug][gc,phases      ] GC(3)     Dead                           Min: 0, Avg:  0.0, Max: 0, Diff: 0, Sum: 0, Workers: 4
[4.068s][debug][gc,phases      ] GC(3)     Total                          Min: 0, Avg: 6545.0, Max: 9088, Diff: 9088, Sum: 26180, Workers: 4
[4.068s][debug][gc,phases      ] GC(3)   ResolvedMethodTable Weak       Min:  0.0, Avg:  0.0, Max:  0.0, Diff:  0.0, Sum:  0.0, Workers: 4
[4.068s][debug][gc,phases      ] GC(3)     Dead                           Min: 0, Avg:  0.0, Max: 0, Diff: 0, Sum: 0, Workers: 4
[4.068s][debug][gc,phases      ] GC(3)     Total                          Min: 0, Avg: 610.8, Max: 832, Diff: 832, Sum: 2443, Workers: 4
[4.068s][debug][gc,phases      ] GC(3)   JNI Weak                       Min:  0.0, Avg:  0.0, Max:  0.0, Diff:  0.0, Sum:  0.0, Workers: 4
[4.068s][debug][gc,phases      ] GC(3)     Dead                           Min: 0, Avg:  0.0, Max: 0, Diff: 0, Sum: 0, Workers: 4
[4.068s][debug][gc,phases      ] GC(3)     Total                          Min: 0, Avg: 11.2, Max: 45, Diff: 45, Sum: 45, Workers: 4
[4.068s][debug][gc,phases      ] GC(3)   StringDedup Table Weak         Min:  0.0, Avg:  0.0, Max:  0.0, Diff:  0.0, Sum:  0.0, Workers: 4
[4.068s][debug][gc,phases      ] GC(3)     Dead                           Min: 0, Avg:  0.0, Max: 0, Diff: 0, Sum: 0, Workers: 4
[4.068s][debug][gc,phases      ] GC(3)     Total                          Min: 0, Avg:  0.0, Max: 0, Diff: 0, Sum: 0, Workers: 4
[4.068s][debug][gc,phases      ] GC(3)   StringDedup Requests0 Weak     Min:  0.0, Avg:  0.0, Max:  0.0, Diff:  0.0, Sum:  0.0, Workers: 4
[4.068s][debug][gc,phases      ] GC(3)     Dead                           Min: 0, Avg:  0.0, Max: 0, Diff: 0, Sum: 0, Workers: 4
[4.068s][debug][gc,phases      ] GC(3)     Total                          Min: 0, Avg:  0.0, Max: 0, Diff: 0, Sum: 0, Workers: 4
[4.068s][debug][gc,phases      ] GC(3)   StringDedup Requests1 Weak     Min:  0.0, Avg:  0.0, Max:  0.0, Diff:  0.0, Sum:  0.0, Workers: 4
[4.068s][debug][gc,phases      ] GC(3)     Dead                           Min: 0, Avg:  0.0, Max: 0, Diff: 0, Sum: 0, Workers: 4
[4.068s][debug][gc,phases      ] GC(3)     Total                          Min: 0, Avg:  0.0, Max: 0, Diff: 0, Sum: 0, Workers: 4
[4.068s][debug][gc,phases      ] GC(3)   Weak JFR Old Object Samples    Min:  0.0, Avg:  0.0, Max:  0.0, Diff:  0.0, Sum:  0.0, Workers: 4
[4.069s][debug][gc,phases      ] GC(3)     Dead                           Min: 0, Avg:  0.0, Max: 0, Diff: 0, Sum: 0, Workers: 4
[4.069s][debug][gc,phases      ] GC(3)     Total                          Min: 0, Avg:  0.0, Max: 0, Diff: 0, Sum: 0, Workers: 4
[4.069s][debug][gc,phases      ] GC(3) Weak Processing 0.256ms
[4.069s][debug][gc,phases      ] GC(3) ClassLoaderData 0.037ms
[4.069s][debug][gc,phases      ] GC(3) Trigger cleanups 0.000ms
[4.074s][debug][gc,phases      ] GC(3) Class Unloading 5.394ms
[4.074s][info ][gc,phases      ] GC(3) Marking Phase 41.090ms
[4.074s][info ][gc,phases,start] GC(3) Summary Phase
[4.074s][info ][gc,phases      ] GC(3) Summary Phase 0.006ms
[4.074s][info ][gc,phases,start] GC(3) Adjust Roots
[4.080s][info ][gc,phases      ] GC(3) Adjust Roots 6.265ms
[4.080s][info ][gc,phases,start] GC(3) Compaction Phase
[4.455s][info ][gc,phases      ] GC(3) Compaction Phase 374.358ms
[4.455s][info ][gc,phases,start] GC(3) Post Compact
[4.456s][info ][gc,phases      ] GC(3) Post Compact 1.201ms
[4.456s][info ][gc,heap        ] GC(3) PSYoungGen: 82363K(1572864K)->82183K(1572864K) Eden: 0K(1048576K)->0K(1048576K) From: 82363K(524288K)->82183K(524288K)
[4.456s][info ][gc,heap        ] GC(3) ParOldGen: 5861K(6144K)->5772K(6144K)
[4.456s][info ][gc,metaspace   ] GC(3) Metaspace: 35353K(35840K)->35353K(35840K) NonClass: 30710K(30976K)->30710K(30976K) Class: 4643K(4864K)->4643K(4864K)
[4.456s][info ][gc             ] GC(3) Pause Full (Metadata GC Threshold) 86M->85M(1542M) 423.042ms
[4.456s][info ][gc,cpu         ] GC(3) User=0.88s Sys=0.01s Real=0.43s
[4.456s][info ][safepoint      ] Safepoint "CollectForMetadataAllocation", Time since last: 17297515 ns, Reaching safepoint: 32901 ns, At safepoint: 479160163 ns, Total: 479193064 ns
[4.726s][info ][safepoint      ] Safepoint "ICBufferFull", Time since last: 269917358 ns, Reaching safepoint: 303404 ns, At safepoint: 4100 ns, Total: 307504 ns
[5.347s][info ][safepoint      ] Safepoint "ICBufferFull", Time since last: 620535722 ns, Reaching safepoint: 175802 ns, At safepoint: 1700 ns, Total: 177502 ns
[5.546s][info ][safepoint      ] Safepoint "ICBufferFull", Time since last: 198772674 ns, Reaching safepoint: 143302 ns, At safepoint: 2600 ns, Total: 145902 ns
[5.679s][info ][safepoint      ] Safepoint "ICBufferFull", Time since last: 132955854 ns, Reaching safepoint: 138902 ns, At safepoint: 1800 ns, Total: 140702 ns
[5.753s][info ][safepoint      ] Safepoint "ICBufferFull", Time since last: 73765944 ns, Reaching safepoint: 138902 ns, At safepoint: 6500 ns, Total: 145402 ns
[5.881s][info ][safepoint      ] Safepoint "ICBufferFull", Time since last: 127996167 ns, Reaching safepoint: 211503 ns, At safepoint: 2100 ns, Total: 213603 ns
[6.031s][info ][safepoint      ] Safepoint "ICBufferFull", Time since last: 149556064 ns, Reaching safepoint: 95201 ns, At safepoint: 3700 ns, Total: 98901 ns
[6.240s][info ][safepoint      ] Safepoint "ICBufferFull", Time since last: 209004085 ns, Reaching safepoint: 225103 ns, At safepoint: 5800 ns, Total: 230903 ns
[6.241s][info ][safepoint      ] Safepoint "ICBufferFull", Time since last: 508207 ns, Reaching safepoint: 102002 ns, At safepoint: 5500 ns, Total: 107502 ns
[6.279s][info ][safepoint      ] Safepoint "ICBufferFull", Time since last: 36404602 ns, Reaching safepoint: 2289032 ns, At safepoint: 10400 ns, Total: 2299432 ns
[6.551s][info ][safepoint      ] Safepoint "ICBufferFull", Time since last: 271370045 ns, Reaching safepoint: 158702 ns, At safepoint: 6900 ns, Total: 165602 ns
[6.727s][info ][safepoint      ] Safepoint "ICBufferFull", Time since last: 176243433 ns, Reaching safepoint: 160602 ns, At safepoint: 5200 ns, Total: 165802 ns
[7.322s][info ][safepoint      ] Safepoint "ICBufferFull", Time since last: 594948812 ns, Reaching safepoint: 183402 ns, At safepoint: 1400 ns, Total: 184802 ns
[7.388s][info ][gc,start       ] GC(4) Pause Young (Metadata GC Threshold)
[7.455s][debug][gc,phases      ] GC(4) Scavenge 67.357ms
[7.455s][debug][gc,ref         ] GC(4) Skipped phase 1 of Reference Processing: no references
[7.455s][debug][gc,ref         ] GC(4) ReferenceProcessor::execute queues: 4, RefProcThreadModel::Multi, marks_oops_alive: false
[7.456s][debug][gc,ref         ] GC(4) Skipped phase 3 of Reference Processing: no references
[7.456s][debug][gc,ref         ] GC(4) ReferenceProcessor::execute queues: 4, RefProcThreadModel::Multi, marks_oops_alive: false
[7.456s][debug][gc,phases      ] GC(4) Reference Processing 0.929ms
[7.456s][debug][gc,phases      ] GC(4)   VM Weak                        Min:  0.0, Avg:  0.0, Max:  0.0, Diff:  0.0, Sum:  0.0, Workers: 4
[7.456s][debug][gc,phases      ] GC(4)     Dead                           Min: 0, Avg:  0.0, Max: 0, Diff: 0, Sum: 0, Workers: 4
[7.456s][debug][gc,phases      ] GC(4)     Total                          Min: 0, Avg: 133.5, Max: 320, Diff: 320, Sum: 534, Workers: 4
[7.456s][debug][gc,phases      ] GC(4)   ObjectSynchronizer Weak        Min:  0.0, Avg:  0.0, Max:  0.0, Diff:  0.0, Sum:  0.0, Workers: 4
[7.456s][debug][gc,phases      ] GC(4)     Dead                           Min: 0, Avg:  1.0, Max: 4, Diff: 4, Sum: 4, Workers: 4
[7.456s][debug][gc,phases      ] GC(4)     Total                          Min: 0, Avg:  4.0, Max: 16, Diff: 16, Sum: 16, Workers: 4
[7.456s][debug][gc,phases      ] GC(4)   JVMTI Tag Weak OopStorage      Min:  0.0, Avg:  0.0, Max:  0.0, Diff:  0.0, Sum:  0.0, Workers: 4
[7.456s][debug][gc,phases      ] GC(4)     Dead                           Min: 0, Avg:  0.0, Max: 0, Diff: 0, Sum: 0, Workers: 4
[7.456s][debug][gc,phases      ] GC(4)     Total                          Min: 0, Avg:  0.0, Max: 0, Diff: 0, Sum: 0, Workers: 4
[7.456s][debug][gc,phases      ] GC(4)   StringTable Weak               Min:  0.0, Avg:  0.2, Max:  0.3, Diff:  0.3, Sum:  0.8, Workers: 4
[7.456s][debug][gc,phases      ] GC(4)     Dead                           Min: 0, Avg:  5.8, Max: 10, Diff: 10, Sum: 23, Workers: 4
[7.456s][debug][gc,phases      ] GC(4)     Total                          Min: 0, Avg: 9041.2, Max: 12352, Diff: 12352, Sum: 36165, Workers: 4
[7.456s][debug][gc,phases      ] GC(4)   ResolvedMethodTable Weak       Min:  0.0, Avg:  0.1, Max:  0.1, Diff:  0.1, Sum:  0.2, Workers: 4
[7.456s][debug][gc,phases      ] GC(4)     Dead                           Min: 0, Avg: 88.2, Max: 182, Diff: 182, Sum: 353, Workers: 4
[7.456s][debug][gc,phases      ] GC(4)     Total                          Min: 0, Avg: 1715.5, Max: 2368, Diff: 2368, Sum: 6862, Workers: 4
[7.456s][debug][gc,phases      ] GC(4)   JNI Weak                       Min:  0.0, Avg:  0.0, Max:  0.0, Diff:  0.0, Sum:  0.0, Workers: 4
[7.456s][debug][gc,phases      ] GC(4)     Dead                           Min: 0, Avg:  0.0, Max: 0, Diff: 0, Sum: 0, Workers: 4
[7.456s][debug][gc,phases      ] GC(4)     Total                          Min: 0, Avg: 14.0, Max: 56, Diff: 56, Sum: 56, Workers: 4
[7.456s][debug][gc,phases      ] GC(4)   StringDedup Table Weak         Min:  0.0, Avg:  0.0, Max:  0.0, Diff:  0.0, Sum:  0.0, Workers: 4
[7.456s][debug][gc,phases      ] GC(4)     Dead                           Min: 0, Avg:  0.0, Max: 0, Diff: 0, Sum: 0, Workers: 4
[7.456s][debug][gc,phases      ] GC(4)     Total                          Min: 0, Avg:  0.0, Max: 0, Diff: 0, Sum: 0, Workers: 4
[7.456s][debug][gc,phases      ] GC(4)   StringDedup Requests0 Weak     Min:  0.0, Avg:  0.0, Max:  0.0, Diff:  0.0, Sum:  0.0, Workers: 4
[7.456s][debug][gc,phases      ] GC(4)     Dead                           Min: 0, Avg:  0.0, Max: 0, Diff: 0, Sum: 0, Workers: 4
[7.456s][debug][gc,phases      ] GC(4)     Total                          Min: 0, Avg:  0.0, Max: 0, Diff: 0, Sum: 0, Workers: 4
[7.456s][debug][gc,phases      ] GC(4)   StringDedup Requests1 Weak     Min:  0.0, Avg:  0.0, Max:  0.0, Diff:  0.0, Sum:  0.0, Workers: 4
[7.456s][debug][gc,phases      ] GC(4)     Dead                           Min: 0, Avg:  0.0, Max: 0, Diff: 0, Sum: 0, Workers: 4
[7.456s][debug][gc,phases      ] GC(4)     Total                          Min: 0, Avg:  0.0, Max: 0, Diff: 0, Sum: 0, Workers: 4
[7.456s][debug][gc,phases      ] GC(4)   Weak JFR Old Object Samples    Min:  0.0, Avg:  0.0, Max:  0.0, Diff:  0.0, Sum:  0.0, Workers: 4
[7.456s][debug][gc,phases      ] GC(4)     Dead                           Min: 0, Avg:  0.0, Max: 0, Diff: 0, Sum: 0, Workers: 4
[7.456s][debug][gc,phases      ] GC(4)     Total                          Min: 0, Avg:  0.0, Max: 0, Diff: 0, Sum: 0, Workers: 4
[7.456s][debug][gc,phases      ] GC(4) Weak Processing 0.500ms
[7.456s][debug][gc,age         ] GC(4) Desired survivor size 536870912 bytes, new threshold 7 (max threshold 15)
[7.456s][info ][gc,heap        ] GC(4) PSYoungGen: 888280K(1572864K)->116638K(1572864K) Eden: 806097K(1048576K)->0K(1048576K) From: 82183K(524288K)->116638K(524288K)
[7.456s][info ][gc,heap        ] GC(4) ParOldGen: 5772K(6144K)->5801K(6144K)
[7.456s][info ][gc,metaspace   ] GC(4) Metaspace: 59093K(59776K)->59093K(59776K) NonClass: 50175K(50560K)->50175K(50560K) Class: 8918K(9216K)->8918K(9216K)
[7.456s][info ][gc             ] GC(4) Pause Young (Metadata GC Threshold) 873M->119M(1542M) 68.878ms
[7.456s][info ][gc,cpu         ] GC(4) User=0.19s Sys=0.05s Real=0.08s
[7.457s][debug][gc,phases      ] GC(5) Pre Compact 0.008ms
[7.457s][info ][gc,start       ] GC(5) Pause Full (Metadata GC Threshold)
[7.457s][info ][gc,phases,start] GC(5) Marking Phase
[7.508s][debug][gc,phases      ] GC(5) Par Mark 51.097ms
[7.508s][debug][gc,ref         ] GC(5) Skipped phase 1 of Reference Processing: no references
[7.508s][debug][gc,ref         ] GC(5) ReferenceProcessor::execute queues: 4, RefProcThreadModel::Multi, marks_oops_alive: false
[7.508s][debug][gc,ref         ] GC(5) Skipped phase 3 of Reference Processing: no references
[7.508s][debug][gc,ref         ] GC(5) ReferenceProcessor::execute queues: 1, RefProcThreadModel::Single, marks_oops_alive: false
[7.508s][debug][gc,phases      ] GC(5) Reference Processing 0.450ms
[7.508s][debug][gc,phases      ] GC(5)   VM Weak                        Min:  0.0, Avg:  0.0, Max:  0.0, Diff:  0.0, Sum:  0.0, Workers: 4
[7.508s][debug][gc,phases      ] GC(5)     Dead                           Min: 0, Avg:  0.0, Max: 0, Diff: 0, Sum: 0, Workers: 4
[7.508s][debug][gc,phases      ] GC(5)     Total                          Min: 0, Avg: 133.5, Max: 384, Diff: 384, Sum: 534, Workers: 4
[7.508s][debug][gc,phases      ] GC(5)   ObjectSynchronizer Weak        Min:  0.0, Avg:  0.0, Max:  0.0, Diff:  0.0, Sum:  0.0, Workers: 4
[7.508s][debug][gc,phases      ] GC(5)     Dead                           Min: 0, Avg:  0.0, Max: 0, Diff: 0, Sum: 0, Workers: 4
[7.508s][debug][gc,phases      ] GC(5)     Total                          Min: 0, Avg:  4.0, Max: 16, Diff: 16, Sum: 16, Workers: 4
[7.508s][debug][gc,phases      ] GC(5)   JVMTI Tag Weak OopStorage      Min:  0.0, Avg:  0.0, Max:  0.0, Diff:  0.0, Sum:  0.0, Workers: 4
[7.508s][debug][gc,phases      ] GC(5)     Dead                           Min: 0, Avg:  0.0, Max: 0, Diff: 0, Sum: 0, Workers: 4
[7.508s][debug][gc,phases      ] GC(5)     Total                          Min: 0, Avg:  0.0, Max: 0, Diff: 0, Sum: 0, Workers: 4
[7.508s][debug][gc,phases      ] GC(5)   StringTable Weak               Min:  0.0, Avg:  0.1, Max:  0.1, Diff:  0.1, Sum:  0.4, Workers: 4
[7.508s][debug][gc,phases      ] GC(5)     Dead                           Min: 0, Avg:  0.0, Max: 0, Diff: 0, Sum: 0, Workers: 4
[7.508s][debug][gc,phases      ] GC(5)     Total                          Min: 0, Avg: 9041.2, Max: 12288, Diff: 12288, Sum: 36165, Workers: 4
[7.508s][debug][gc,phases      ] GC(5)   ResolvedMethodTable Weak       Min:  0.0, Avg:  0.0, Max:  0.0, Diff:  0.0, Sum:  0.1, Workers: 4
[7.508s][debug][gc,phases      ] GC(5)     Dead                           Min: 0, Avg:  0.2, Max: 1, Diff: 1, Sum: 1, Workers: 4
[7.508s][debug][gc,phases      ] GC(5)     Total                          Min: 0, Avg: 1715.5, Max: 2432, Diff: 2432, Sum: 6862, Workers: 4
[7.508s][debug][gc,phases      ] GC(5)   JNI Weak                       Min:  0.0, Avg:  0.0, Max:  0.0, Diff:  0.0, Sum:  0.0, Workers: 4
[7.508s][debug][gc,phases      ] GC(5)     Dead                           Min: 0, Avg:  0.0, Max: 0, Diff: 0, Sum: 0, Workers: 4
[7.508s][debug][gc,phases      ] GC(5)     Total                          Min: 0, Avg: 14.0, Max: 56, Diff: 56, Sum: 56, Workers: 4
[7.508s][debug][gc,phases      ] GC(5)   StringDedup Table Weak         Min:  0.0, Avg:  0.0, Max:  0.0, Diff:  0.0, Sum:  0.0, Workers: 4
[7.508s][debug][gc,phases      ] GC(5)     Dead                           Min: 0, Avg:  0.0, Max: 0, Diff: 0, Sum: 0, Workers: 4
[7.508s][debug][gc,phases      ] GC(5)     Total                          Min: 0, Avg:  0.0, Max: 0, Diff: 0, Sum: 0, Workers: 4
[7.508s][debug][gc,phases      ] GC(5)   StringDedup Requests0 Weak     Min:  0.0, Avg:  0.0, Max:  0.0, Diff:  0.0, Sum:  0.0, Workers: 4
[7.508s][debug][gc,phases      ] GC(5)     Dead                           Min: 0, Avg:  0.0, Max: 0, Diff: 0, Sum: 0, Workers: 4
[7.508s][debug][gc,phases      ] GC(5)     Total                          Min: 0, Avg:  0.0, Max: 0, Diff: 0, Sum: 0, Workers: 4
[7.508s][debug][gc,phases      ] GC(5)   StringDedup Requests1 Weak     Min:  0.0, Avg:  0.0, Max:  0.0, Diff:  0.0, Sum:  0.0, Workers: 4
[7.508s][debug][gc,phases      ] GC(5)     Dead                           Min: 0, Avg:  0.0, Max: 0, Diff: 0, Sum: 0, Workers: 4
[7.508s][debug][gc,phases      ] GC(5)     Total                          Min: 0, Avg:  0.0, Max: 0, Diff: 0, Sum: 0, Workers: 4
[7.508s][debug][gc,phases      ] GC(5)   Weak JFR Old Object Samples    Min:  0.0, Avg:  0.0, Max:  0.0, Diff:  0.0, Sum:  0.0, Workers: 4
[7.508s][debug][gc,phases      ] GC(5)     Dead                           Min: 0, Avg:  0.0, Max: 0, Diff: 0, Sum: 0, Workers: 4
[7.508s][debug][gc,phases      ] GC(5)     Total                          Min: 0, Avg:  0.0, Max: 0, Diff: 0, Sum: 0, Workers: 4
[7.508s][debug][gc,phases      ] GC(5) Weak Processing 0.312ms
[7.509s][debug][gc,phases      ] GC(5) ClassLoaderData 0.065ms
[7.509s][debug][gc,phases      ] GC(5) Trigger cleanups 0.000ms
[7.516s][debug][gc,phases      ] GC(5) Class Unloading 7.209ms
[7.516s][info ][gc,phases      ] GC(5) Marking Phase 59.186ms
[7.516s][info ][gc,phases,start] GC(5) Summary Phase
[7.516s][info ][gc,phases      ] GC(5) Summary Phase 0.006ms
[7.516s][info ][gc,phases,start] GC(5) Adjust Roots
[7.526s][info ][gc,phases      ] GC(5) Adjust Roots 10.538ms
[7.526s][info ][gc,phases,start] GC(5) Compaction Phase
[8.056s][info ][gc,phases      ] GC(5) Compaction Phase 529.830ms
[8.056s][info ][gc,phases,start] GC(5) Post Compact
[8.058s][info ][gc,phases      ] GC(5) Post Compact 1.913ms
[8.058s][info ][gc,heap        ] GC(5) PSYoungGen: 116638K(1572864K)->116375K(1572864K) Eden: 0K(1048576K)->0K(1048576K) From: 116638K(524288K)->116375K(524288K)
[8.058s][info ][gc,heap        ] GC(5) ParOldGen: 5801K(6144K)->5755K(6144K)
[8.058s][info ][gc,metaspace   ] GC(5) Metaspace: 59093K(59776K)->59093K(59776K) NonClass: 50175K(50560K)->50175K(50560K) Class: 8918K(9216K)->8918K(9216K)
[8.058s][info ][gc             ] GC(5) Pause Full (Metadata GC Threshold) 119M->119M(1542M) 601.607ms
[8.058s][info ][gc,cpu         ] GC(5) User=1.25s Sys=0.00s Real=0.60s
[8.058s][info ][safepoint      ] Safepoint "CollectForMetadataAllocation", Time since last: 65221900 ns, Reaching safepoint: 48401 ns, At safepoint: 670628956 ns, Total: 670677357 ns
[8.277s][info ][safepoint      ] Safepoint "ICBufferFull", Time since last: 219000922 ns, Reaching safepoint: 165003 ns, At safepoint: 2700 ns, Total: 167703 ns
[8.764s][info ][safepoint      ] Safepoint "ICBufferFull", Time since last: 486394211 ns, Reaching safepoint: 224803 ns, At safepoint: 10900 ns, Total: 235703 ns
[9.212s][info ][safepoint      ] Safepoint "ICBufferFull", Time since last: 447588373 ns, Reaching safepoint: 203803 ns, At safepoint: 3400 ns, Total: 207203 ns
[9.414s][info ][safepoint      ] Safepoint "ICBufferFull", Time since last: 201883284 ns, Reaching safepoint: 157402 ns, At safepoint: 5500 ns, Total: 162902 ns
[9.816s][info ][safepoint      ] Safepoint "ICBufferFull", Time since last: 401824442 ns, Reaching safepoint: 149302 ns, At safepoint: 6100 ns, Total: 155402 ns
[9.982s][info ][gc,start       ] GC(6) Pause Young (Allocation Failure)
[10.338s][debug][gc,phases      ] GC(6) Scavenge 356.391ms
[10.338s][debug][gc,ref         ] GC(6) Skipped phase 1 of Reference Processing: no references
[10.338s][debug][gc,ref         ] GC(6) ReferenceProcessor::execute queues: 4, RefProcThreadModel::Multi, marks_oops_alive: false
[10.339s][debug][gc,ref         ] GC(6) Skipped phase 3 of Reference Processing: no references
[10.339s][debug][gc,ref         ] GC(6) ReferenceProcessor::execute queues: 1, RefProcThreadModel::Single, marks_oops_alive: false
[10.339s][debug][gc,phases      ] GC(6) Reference Processing 0.678ms
[10.339s][debug][gc,phases      ] GC(6)   VM Weak                        Min:  0.0, Avg:  0.0, Max:  0.0, Diff:  0.0, Sum:  0.0, Workers: 4
[10.339s][debug][gc,phases      ] GC(6)     Dead                           Min: 0, Avg:  0.0, Max: 0, Diff: 0, Sum: 0, Workers: 4
[10.339s][debug][gc,phases      ] GC(6)     Total                          Min: 64, Avg: 151.0, Max: 348, Diff: 284, Sum: 604, Workers: 4
[10.339s][debug][gc,phases      ] GC(6)   ObjectSynchronizer Weak        Min:  0.0, Avg:  0.0, Max:  0.0, Diff:  0.0, Sum:  0.0, Workers: 4
[10.339s][debug][gc,phases      ] GC(6)     Dead                           Min: 0, Avg:  0.0, Max: 0, Diff: 0, Sum: 0, Workers: 4
[10.339s][debug][gc,phases      ] GC(6)     Total                          Min: 0, Avg:  4.0, Max: 16, Diff: 16, Sum: 16, Workers: 4
[10.339s][debug][gc,phases      ] GC(6)   JVMTI Tag Weak OopStorage      Min:  0.0, Avg:  0.0, Max:  0.0, Diff:  0.0, Sum:  0.0, Workers: 4
[10.339s][debug][gc,phases      ] GC(6)     Dead                           Min: 0, Avg:  0.0, Max: 0, Diff: 0, Sum: 0, Workers: 4
[10.339s][debug][gc,phases      ] GC(6)     Total                          Min: 0, Avg:  0.0, Max: 0, Diff: 0, Sum: 0, Workers: 4
[10.339s][debug][gc,phases      ] GC(6)   StringTable Weak               Min:  0.2, Avg:  0.2, Max:  0.3, Diff:  0.0, Sum:  1.0, Workers: 4
[10.339s][debug][gc,phases      ] GC(6)     Dead                           Min: 0, Avg:  2.0, Max: 6, Diff: 6, Sum: 8, Workers: 4
[10.339s][debug][gc,phases      ] GC(6)     Total                          Min: 8960, Avg: 9275.2, Max: 10048, Diff: 1088, Sum: 37101, Workers: 4
[10.339s][debug][gc,phases      ] GC(6)   ResolvedMethodTable Weak       Min:  0.1, Avg:  0.1, Max:  0.1, Diff:  0.0, Sum:  0.2, Workers: 4
[10.339s][debug][gc,phases      ] GC(6)     Dead                           Min: 10, Avg: 19.0, Max: 30, Diff: 20, Sum: 76, Workers: 4
[10.339s][debug][gc,phases      ] GC(6)     Total                          Min: 1602, Avg: 1760.5, Max: 1920, Diff: 318, Sum: 7042, Workers: 4
[10.339s][debug][gc,phases      ] GC(6)   JNI Weak                       Min:  0.0, Avg:  0.0, Max:  0.0, Diff:  0.0, Sum:  0.0, Workers: 4
[10.339s][debug][gc,phases      ] GC(6)     Dead                           Min: 0, Avg:  0.0, Max: 0, Diff: 0, Sum: 0, Workers: 4
[10.339s][debug][gc,phases      ] GC(6)     Total                          Min: 0, Avg: 13.0, Max: 45, Diff: 45, Sum: 52, Workers: 4
[10.339s][debug][gc,phases      ] GC(6)   StringDedup Table Weak         Min:  0.0, Avg:  0.0, Max:  0.0, Diff:  0.0, Sum:  0.0, Workers: 4
[10.339s][debug][gc,phases      ] GC(6)     Dead                           Min: 0, Avg:  0.0, Max: 0, Diff: 0, Sum: 0, Workers: 4
[10.339s][debug][gc,phases      ] GC(6)     Total                          Min: 0, Avg:  0.0, Max: 0, Diff: 0, Sum: 0, Workers: 4
[10.339s][debug][gc,phases      ] GC(6)   StringDedup Requests0 Weak     Min:  0.0, Avg:  0.0, Max:  0.0, Diff:  0.0, Sum:  0.0, Workers: 4
[10.339s][debug][gc,phases      ] GC(6)     Dead                           Min: 0, Avg:  0.0, Max: 0, Diff: 0, Sum: 0, Workers: 4
[10.339s][debug][gc,phases      ] GC(6)     Total                          Min: 0, Avg:  0.0, Max: 0, Diff: 0, Sum: 0, Workers: 4
[10.339s][debug][gc,phases      ] GC(6)   StringDedup Requests1 Weak     Min:  0.0, Avg:  0.0, Max:  0.0, Diff:  0.0, Sum:  0.0, Workers: 4
[10.339s][debug][gc,phases      ] GC(6)     Dead                           Min: 0, Avg:  0.0, Max: 0, Diff: 0, Sum: 0, Workers: 4
[10.339s][debug][gc,phases      ] GC(6)     Total                          Min: 0, Avg:  0.0, Max: 0, Diff: 0, Sum: 0, Workers: 4
[10.339s][debug][gc,phases      ] GC(6)   Weak JFR Old Object Samples    Min:  0.0, Avg:  0.0, Max:  0.0, Diff:  0.0, Sum:  0.0, Workers: 4
[10.339s][debug][gc,phases      ] GC(6)     Dead                           Min: 0, Avg:  0.0, Max: 0, Diff: 0, Sum: 0, Workers: 4
[10.339s][debug][gc,phases      ] GC(6)     Total                          Min: 0, Avg:  0.0, Max: 0, Diff: 0, Sum: 0, Workers: 4
[10.339s][debug][gc,phases      ] GC(6) Weak Processing 0.449ms
[10.339s][debug][gc,age         ] GC(6) Desired survivor size 536870912 bytes, new threshold 7 (max threshold 15)
[10.339s][info ][gc,heap        ] GC(6) PSYoungGen: 1164951K(1572864K)->524279K(1572864K) Eden: 1048576K(1048576K)->0K(1048576K) From: 116375K(524288K)->524279K(524288K)
[10.339s][info ][gc,heap        ] GC(6) ParOldGen: 5755K(6144K)->17059K(17408K)
[10.339s][info ][gc,metaspace   ] GC(6) Metaspace: 62962K(63744K)->62962K(63744K) NonClass: 53582K(54016K)->53582K(54016K) Class: 9380K(9728K)->9380K(9728K)
[10.339s][info ][gc             ] GC(6) Pause Young (Allocation Failure) 1143M->528M(1553M) 357.624ms
[10.339s][info ][gc,cpu         ] GC(6) User=1.03s Sys=0.15s Real=0.36s
[10.339s][debug][gc,phases      ] GC(7) Pre Compact 0.008ms
[10.339s][info ][gc,start       ] GC(7) Pause Full (Ergonomics)
[10.339s][info ][gc,phases,start] GC(7) Marking Phase
[10.581s][debug][gc,phases      ] GC(7) Par Mark 241.276ms
[10.581s][debug][gc,ref         ] GC(7) Skipped phase 1 of Reference Processing: no references
[10.581s][debug][gc,ref         ] GC(7) ReferenceProcessor::execute queues: 4, RefProcThreadModel::Multi, marks_oops_alive: false
[10.581s][debug][gc,ref         ] GC(7) Skipped phase 3 of Reference Processing: no references
[10.581s][debug][gc,ref         ] GC(7) ReferenceProcessor::execute queues: 1, RefProcThreadModel::Single, marks_oops_alive: false
[10.581s][debug][gc,phases      ] GC(7) Reference Processing 0.485ms
[10.582s][debug][gc,phases      ] GC(7)   VM Weak                        Min:  0.0, Avg:  0.0, Max:  0.0, Diff:  0.0, Sum:  0.0, Workers: 4
[10.582s][debug][gc,phases      ] GC(7)     Dead                           Min: 0, Avg:  0.0, Max: 0, Diff: 0, Sum: 0, Workers: 4
[10.582s][debug][gc,phases      ] GC(7)     Total                          Min: 0, Avg: 151.0, Max: 256, Diff: 256, Sum: 604, Workers: 4
[10.582s][debug][gc,phases      ] GC(7)   ObjectSynchronizer Weak        Min:  0.0, Avg:  0.0, Max:  0.0, Diff:  0.0, Sum:  0.0, Workers: 4
[10.582s][debug][gc,phases      ] GC(7)     Dead                           Min: 0, Avg:  0.0, Max: 0, Diff: 0, Sum: 0, Workers: 4
[10.582s][debug][gc,phases      ] GC(7)     Total                          Min: 0, Avg:  4.0, Max: 16, Diff: 16, Sum: 16, Workers: 4
[10.582s][debug][gc,phases      ] GC(7)   JVMTI Tag Weak OopStorage      Min:  0.0, Avg:  0.0, Max:  0.0, Diff:  0.0, Sum:  0.0, Workers: 4
[10.582s][debug][gc,phases      ] GC(7)     Dead                           Min: 0, Avg:  0.0, Max: 0, Diff: 0, Sum: 0, Workers: 4
[10.582s][debug][gc,phases      ] GC(7)     Total                          Min: 0, Avg:  0.0, Max: 0, Diff: 0, Sum: 0, Workers: 4
[10.582s][debug][gc,phases      ] GC(7)   StringTable Weak               Min:  0.1, Avg:  0.1, Max:  0.1, Diff:  0.0, Sum:  0.5, Workers: 4
[10.582s][debug][gc,phases      ] GC(7)     Dead                           Min: 0, Avg:  0.0, Max: 0, Diff: 0, Sum: 0, Workers: 4
[10.582s][debug][gc,phases      ] GC(7)     Total                          Min: 6528, Avg: 9275.2, Max: 10624, Diff: 4096, Sum: 37101, Workers: 4
[10.582s][debug][gc,phases      ] GC(7)   ResolvedMethodTable Weak       Min:  0.0, Avg:  0.0, Max:  0.0, Diff:  0.0, Sum:  0.1, Workers: 4
[10.582s][debug][gc,phases      ] GC(7)     Dead                           Min: 0, Avg:  0.0, Max: 0, Diff: 0, Sum: 0, Workers: 4
[10.582s][debug][gc,phases      ] GC(7)     Total                          Min: 1600, Avg: 1760.5, Max: 1920, Diff: 320, Sum: 7042, Workers: 4
[10.582s][debug][gc,phases      ] GC(7)   JNI Weak                       Min:  0.0, Avg:  0.0, Max:  0.0, Diff:  0.0, Sum:  0.0, Workers: 4
[10.582s][debug][gc,phases      ] GC(7)     Dead                           Min: 0, Avg:  0.0, Max: 0, Diff: 0, Sum: 0, Workers: 4
[10.582s][debug][gc,phases      ] GC(7)     Total                          Min: 0, Avg: 13.0, Max: 45, Diff: 45, Sum: 52, Workers: 4
[10.582s][debug][gc,phases      ] GC(7)   StringDedup Table Weak         Min:  0.0, Avg:  0.0, Max:  0.0, Diff:  0.0, Sum:  0.0, Workers: 4
[10.582s][debug][gc,phases      ] GC(7)     Dead                           Min: 0, Avg:  0.0, Max: 0, Diff: 0, Sum: 0, Workers: 4
[10.582s][debug][gc,phases      ] GC(7)     Total                          Min: 0, Avg:  0.0, Max: 0, Diff: 0, Sum: 0, Workers: 4
[10.582s][debug][gc,phases      ] GC(7)   StringDedup Requests0 Weak     Min:  0.0, Avg:  0.0, Max:  0.0, Diff:  0.0, Sum:  0.0, Workers: 4
[10.582s][debug][gc,phases      ] GC(7)     Dead                           Min: 0, Avg:  0.0, Max: 0, Diff: 0, Sum: 0, Workers: 4
[10.582s][debug][gc,phases      ] GC(7)     Total                          Min: 0, Avg:  0.0, Max: 0, Diff: 0, Sum: 0, Workers: 4
[10.582s][debug][gc,phases      ] GC(7)   StringDedup Requests1 Weak     Min:  0.0, Avg:  0.0, Max:  0.0, Diff:  0.0, Sum:  0.0, Workers: 4
[10.582s][debug][gc,phases      ] GC(7)     Dead                           Min: 0, Avg:  0.0, Max: 0, Diff: 0, Sum: 0, Workers: 4
[10.582s][debug][gc,phases      ] GC(7)     Total                          Min: 0, Avg:  0.0, Max: 0, Diff: 0, Sum: 0, Workers: 4
[10.582s][debug][gc,phases      ] GC(7)   Weak JFR Old Object Samples    Min:  0.0, Avg:  0.0, Max:  0.0, Diff:  0.0, Sum:  0.0, Workers: 4
[10.582s][debug][gc,phases      ] GC(7)     Dead                           Min: 0, Avg:  0.0, Max: 0, Diff: 0, Sum: 0, Workers: 4
[10.582s][debug][gc,phases      ] GC(7)     Total                          Min: 0, Avg:  0.0, Max: 0, Diff: 0, Sum: 0, Workers: 4
[10.582s][debug][gc,phases      ] GC(7) Weak Processing 0.324ms
[10.582s][debug][gc,phases      ] GC(7) ClassLoaderData 0.069ms
[10.582s][debug][gc,phases      ] GC(7) Trigger cleanups 0.000ms
[10.589s][debug][gc,phases      ] GC(7) Class Unloading 7.772ms
[10.589s][info ][gc,phases      ] GC(7) Marking Phase 249.984ms
[10.589s][info ][gc,phases,start] GC(7) Summary Phase
[10.589s][info ][gc,phases      ] GC(7) Summary Phase 0.011ms
[10.589s][info ][gc,phases,start] GC(7) Adjust Roots
[10.605s][info ][gc,phases      ] GC(7) Adjust Roots 15.353ms
[10.605s][info ][gc,phases,start] GC(7) Compaction Phase
[12.635s][info ][gc,phases      ] GC(7) Compaction Phase 2029.908ms
[12.635s][info ][gc,phases,start] GC(7) Post Compact
[12.637s][info ][gc,phases      ] GC(7) Post Compact 2.297ms
[12.637s][info ][gc,heap        ] GC(7) PSYoungGen: 524279K(1572864K)->522861K(1572864K) Eden: 0K(1048576K)->0K(1048576K) From: 524279K(524288K)->522861K(524288K)
[12.637s][info ][gc,heap        ] GC(7) ParOldGen: 17059K(17408K)->16910K(38912K)
[12.637s][info ][gc,metaspace   ] GC(7) Metaspace: 62962K(63744K)->62962K(63744K) NonClass: 53582K(54016K)->53582K(54016K) Class: 9380K(9728K)->9380K(9728K)
[12.637s][info ][gc             ] GC(7) Pause Full (Ergonomics) 528M->527M(1574M) 2297.710ms
[12.637s][info ][gc,cpu         ] GC(7) User=5.34s Sys=0.04s Real=2.30s
[12.637s][info ][safepoint      ] Safepoint "ParallelGCFailedAllocation", Time since last: 165837387 ns, Reaching safepoint: 78701 ns, At safepoint: 2655433123 ns, Total: 2655511824 ns
[13.199s][info ][safepoint      ] Safepoint "ICBufferFull", Time since last: 561101538 ns, Reaching safepoint: 210803 ns, At safepoint: 8300 ns, Total: 219103 ns
[13.484s][info ][safepoint      ] Safepoint "ICBufferFull", Time since last: 285124032 ns, Reaching safepoint: 222403 ns, At safepoint: 9201 ns, Total: 231604 ns
[13.933s][info ][safepoint      ] Safepoint "ICBufferFull", Time since last: 448879690 ns, Reaching safepoint: 203403 ns, At safepoint: 12200 ns, Total: 215603 ns
[14.233s][info ][safepoint      ] Safepoint "ICBufferFull", Time since last: 299041124 ns, Reaching safepoint: 712110 ns, At safepoint: 7700 ns, Total: 719810 ns
[14.468s][info ][safepoint      ] Safepoint "ICBufferFull", Time since last: 235190444 ns, Reaching safepoint: 141402 ns, At safepoint: 7700 ns, Total: 149102 ns
[15.030s][info ][safepoint      ] Safepoint "ICBufferFull", Time since last: 561525044 ns, Reaching safepoint: 195903 ns, At safepoint: 17000 ns, Total: 212903 ns
[15.333s][info ][safepoint      ] Safepoint "ICBufferFull", Time since last: 302769776 ns, Reaching safepoint: 268004 ns, At safepoint: 5300 ns, Total: 273304 ns
[16.363s][info ][safepoint      ] Safepoint "Cleanup", Time since last: 1029574499 ns, Reaching safepoint: 124402 ns, At safepoint: 5400 ns, Total: 129802 ns
[16.758s][info ][safepoint      ] Safepoint "ICBufferFull", Time since last: 395492625 ns, Reaching safepoint: 183003 ns, At safepoint: 5800 ns, Total: 188803 ns
[16.841s][info ][safepoint      ] Safepoint "ICBufferFull", Time since last: 82123920 ns, Reaching safepoint: 225903 ns, At safepoint: 11500 ns, Total: 237403 ns
[16.986s][info ][safepoint      ] Safepoint "ICBufferFull", Time since last: 145345682 ns, Reaching safepoint: 239703 ns, At safepoint: 8100 ns, Total: 247803 ns
[17.081s][info ][safepoint      ] Safepoint "ICBufferFull", Time since last: 94115184 ns, Reaching safepoint: 250703 ns, At safepoint: 11800 ns, Total: 262503 ns
[17.088s][info ][gc,start       ] GC(8) Pause Young (Allocation Failure)
[17.182s][debug][gc,phases      ] GC(8) Scavenge 93.860ms
[17.182s][debug][gc,ref         ] GC(8) Skipped phase 1 of Reference Processing: no references
[17.182s][debug][gc,ref         ] GC(8) ReferenceProcessor::execute queues: 4, RefProcThreadModel::Multi, marks_oops_alive: false
[17.182s][debug][gc,ref         ] GC(8) Skipped phase 3 of Reference Processing: no references
[17.182s][debug][gc,ref         ] GC(8) ReferenceProcessor::execute queues: 1, RefProcThreadModel::Single, marks_oops_alive: false
[17.182s][debug][gc,phases      ] GC(8) Reference Processing 0.879ms
[17.183s][debug][gc,phases      ] GC(8)   VM Weak                        Min:  0.0, Avg:  0.0, Max:  0.0, Diff:  0.0, Sum:  0.0, Workers: 4
[17.183s][debug][gc,phases      ] GC(8)     Dead                           Min: 0, Avg:  0.0, Max: 0, Diff: 0, Sum: 0, Workers: 4
[17.183s][debug][gc,phases      ] GC(8)     Total                          Min: 0, Avg: 161.0, Max: 384, Diff: 384, Sum: 644, Workers: 4
[17.183s][debug][gc,phases      ] GC(8)   ObjectSynchronizer Weak        Min:  0.0, Avg:  0.0, Max:  0.0, Diff:  0.0, Sum:  0.0, Workers: 4
[17.183s][debug][gc,phases      ] GC(8)     Dead                           Min: 0, Avg:  0.5, Max: 2, Diff: 2, Sum: 2, Workers: 4
[17.183s][debug][gc,phases      ] GC(8)     Total                          Min: 0, Avg:  4.8, Max: 19, Diff: 19, Sum: 19, Workers: 4
[17.183s][debug][gc,phases      ] GC(8)   JVMTI Tag Weak OopStorage      Min:  0.0, Avg:  0.0, Max:  0.0, Diff:  0.0, Sum:  0.0, Workers: 4
[17.183s][debug][gc,phases      ] GC(8)     Dead                           Min: 0, Avg:  0.0, Max: 0, Diff: 0, Sum: 0, Workers: 4
[17.183s][debug][gc,phases      ] GC(8)     Total                          Min: 0, Avg:  0.0, Max: 0, Diff: 0, Sum: 0, Workers: 4
[17.183s][debug][gc,phases      ] GC(8)   StringTable Weak               Min:  0.3, Avg:  0.3, Max:  0.3, Diff:  0.0, Sum:  1.2, Workers: 4
[17.183s][debug][gc,phases      ] GC(8)     Dead                           Min: 1, Avg:  2.5, Max: 5, Diff: 4, Sum: 10, Workers: 4
[17.183s][debug][gc,phases      ] GC(8)     Total                          Min: 9152, Avg: 10213.5, Max: 11158, Diff: 2006, Sum: 40854, Workers: 4
[17.183s][debug][gc,phases      ] GC(8)   ResolvedMethodTable Weak       Min:  0.1, Avg:  0.1, Max:  0.1, Diff:  0.0, Sum:  0.3, Workers: 4
[17.183s][debug][gc,phases      ] GC(8)     Dead                           Min: 13, Avg: 41.2, Max: 84, Diff: 71, Sum: 165, Workers: 4
[17.183s][debug][gc,phases      ] GC(8)     Total                          Min: 1600, Avg: 2004.8, Max: 2259, Diff: 659, Sum: 8019, Workers: 4
[17.183s][debug][gc,phases      ] GC(8)   JNI Weak                       Min:  0.0, Avg:  0.0, Max:  0.0, Diff:  0.0, Sum:  0.0, Workers: 4
[17.183s][debug][gc,phases      ] GC(8)     Dead                           Min: 0, Avg:  0.0, Max: 0, Diff: 0, Sum: 0, Workers: 4
[17.183s][debug][gc,phases      ] GC(8)     Total                          Min: 0, Avg: 18.5, Max: 49, Diff: 49, Sum: 74, Workers: 4
[17.183s][debug][gc,phases      ] GC(8)   StringDedup Table Weak         Min:  0.0, Avg:  0.0, Max:  0.0, Diff:  0.0, Sum:  0.0, Workers: 4
[17.183s][debug][gc,phases      ] GC(8)     Dead                           Min: 0, Avg:  0.0, Max: 0, Diff: 0, Sum: 0, Workers: 4
[17.183s][debug][gc,phases      ] GC(8)     Total                          Min: 0, Avg:  0.0, Max: 0, Diff: 0, Sum: 0, Workers: 4
[17.183s][debug][gc,phases      ] GC(8)   StringDedup Requests0 Weak     Min:  0.0, Avg:  0.0, Max:  0.0, Diff:  0.0, Sum:  0.0, Workers: 4
[17.183s][debug][gc,phases      ] GC(8)     Dead                           Min: 0, Avg:  0.0, Max: 0, Diff: 0, Sum: 0, Workers: 4
[17.183s][debug][gc,phases      ] GC(8)     Total                          Min: 0, Avg:  0.0, Max: 0, Diff: 0, Sum: 0, Workers: 4
[17.183s][debug][gc,phases      ] GC(8)   StringDedup Requests1 Weak     Min:  0.0, Avg:  0.0, Max:  0.0, Diff:  0.0, Sum:  0.0, Workers: 4
[17.183s][debug][gc,phases      ] GC(8)     Dead                           Min: 0, Avg:  0.0, Max: 0, Diff: 0, Sum: 0, Workers: 4
[17.183s][debug][gc,phases      ] GC(8)     Total                          Min: 0, Avg:  0.0, Max: 0, Diff: 0, Sum: 0, Workers: 4
[17.183s][debug][gc,phases      ] GC(8)   Weak JFR Old Object Samples    Min:  0.0, Avg:  0.0, Max:  0.0, Diff:  0.0, Sum:  0.0, Workers: 4
[17.183s][debug][gc,phases      ] GC(8)     Dead                           Min: 0, Avg:  0.0, Max: 0, Diff: 0, Sum: 0, Workers: 4
[17.183s][debug][gc,phases      ] GC(8)     Total                          Min: 0, Avg:  0.0, Max: 0, Diff: 0, Sum: 0, Workers: 4
[17.183s][debug][gc,phases      ] GC(8) Weak Processing 0.526ms
[17.183s][debug][gc,age         ] GC(8) Desired survivor size 457703424 bytes, new threshold 8 (max threshold 15)
[17.183s][info ][gc,heap        ] GC(8) PSYoungGen: 1571437K(1572864K)->205635K(1572864K) Eden: 1048576K(1048576K)->0K(1048576K) From: 522861K(524288K)->205635K(524288K)
[17.183s][info ][gc,heap        ] GC(8) ParOldGen: 16910K(38912K)->16934K(38912K)
[17.183s][info ][gc,metaspace   ] GC(8) Metaspace: 73374K(74176K)->73374K(74176K) NonClass: 62583K(63040K)->62583K(63040K) Class: 10791K(11136K)->10791K(11136K)
[17.183s][info ][gc             ] GC(8) Pause Young (Allocation Failure) 1551M->217M(1574M) 95.389ms
[17.183s][info ][gc,cpu         ] GC(8) User=0.28s Sys=0.04s Real=0.09s
[17.183s][info ][safepoint      ] Safepoint "ParallelGCFailedAllocation", Time since last: 6968295 ns, Reaching safepoint: 98402 ns, At safepoint: 95473002 ns, Total: 95571404 ns
[17.326s][info ][safepoint      ] Safepoint "ICBufferFull", Time since last: 142416942 ns, Reaching safepoint: 264003 ns, At safepoint: 10501 ns, Total: 274504 ns
[17.499s][info ][safepoint      ] Safepoint "ICBufferFull", Time since last: 173314863 ns, Reaching safepoint: 265304 ns, At safepoint: 6200 ns, Total: 271504 ns
[17.830s][info ][safepoint      ] Safepoint "ICBufferFull", Time since last: 330904912 ns, Reaching safepoint: 168503 ns, At safepoint: 2400 ns, Total: 170903 ns
[18.815s][info ][safepoint      ] Safepoint "ICBufferFull", Time since last: 984420624 ns, Reaching safepoint: 211303 ns, At safepoint: 8800 ns, Total: 220103 ns
[19.815s][info ][safepoint      ] Safepoint "Cleanup", Time since last: 1000118138 ns, Reaching safepoint: 187203 ns, At safepoint: 8200 ns, Total: 195403 ns
[20.521s][info ][safepoint      ] Safepoint "ICBufferFull", Time since last: 705361419 ns, Reaching safepoint: 142802 ns, At safepoint: 9000 ns, Total: 151802 ns
[21.273s][info ][safepoint      ] Safepoint "ICBufferFull", Time since last: 751619850 ns, Reaching safepoint: 162402 ns, At safepoint: 4900 ns, Total: 167302 ns
[22.420s][info ][safepoint      ] Safepoint "Cleanup", Time since last: 1147506948 ns, Reaching safepoint: 200703 ns, At safepoint: 6500 ns, Total: 207203 ns
[23.421s][info ][safepoint      ] Safepoint "Cleanup", Time since last: 1000100439 ns, Reaching safepoint: 84501 ns, At safepoint: 5500 ns, Total: 90001 ns
[24.421s][info ][safepoint      ] Safepoint "Cleanup", Time since last: 1000105138 ns, Reaching safepoint: 86101 ns, At safepoint: 2300 ns, Total: 88401 ns
[25.421s][info ][safepoint      ] Safepoint "Cleanup", Time since last: 1000104860 ns, Reaching safepoint: 91601 ns, At safepoint: 2800 ns, Total: 94401 ns
[26.421s][info ][safepoint      ] Safepoint "Cleanup", Time since last: 1000105002 ns, Reaching safepoint: 108901 ns, At safepoint: 2300 ns, Total: 111201 ns
[27.421s][info ][safepoint      ] Safepoint "Cleanup", Time since last: 1000108302 ns, Reaching safepoint: 165302 ns, At safepoint: 8600 ns, Total: 173902 ns
[28.617s][info ][gc,start       ] GC(9) Pause Young (Allocation Failure)
[28.690s][debug][gc,phases      ] GC(9) Scavenge 72.621ms
[28.690s][debug][gc,ref         ] GC(9) Skipped phase 1 of Reference Processing: no references
[28.690s][debug][gc,ref         ] GC(9) ReferenceProcessor::execute queues: 4, RefProcThreadModel::Multi, marks_oops_alive: false
[28.691s][debug][gc,ref         ] GC(9) ReferenceProcessor::execute queues: 4, RefProcThreadModel::Multi, marks_oops_alive: true
[28.691s][debug][gc,ref         ] GC(9) ReferenceProcessor::execute queues: 1, RefProcThreadModel::Single, marks_oops_alive: false
[28.691s][debug][gc,phases      ] GC(9) Reference Processing 0.852ms
[28.691s][debug][gc,phases      ] GC(9)   VM Weak                        Min:  0.0, Avg:  0.0, Max:  0.0, Diff:  0.0, Sum:  0.0, Workers: 4
[28.691s][debug][gc,phases      ] GC(9)     Dead                           Min: 0, Avg:  0.0, Max: 0, Diff: 0, Sum: 0, Workers: 4
[28.692s][debug][gc,phases      ] GC(9)     Total                          Min: 0, Avg: 163.2, Max: 448, Diff: 448, Sum: 653, Workers: 4
[28.692s][debug][gc,phases      ] GC(9)   ObjectSynchronizer Weak        Min:  0.0, Avg:  0.0, Max:  0.0, Diff:  0.0, Sum:  0.0, Workers: 4
[28.692s][debug][gc,phases      ] GC(9)     Dead                           Min: 0, Avg:  0.0, Max: 0, Diff: 0, Sum: 0, Workers: 4
[28.692s][debug][gc,phases      ] GC(9)     Total                          Min: 0, Avg:  5.2, Max: 21, Diff: 21, Sum: 21, Workers: 4
[28.692s][debug][gc,phases      ] GC(9)   JVMTI Tag Weak OopStorage      Min:  0.0, Avg:  0.0, Max:  0.0, Diff:  0.0, Sum:  0.0, Workers: 4
[28.692s][debug][gc,phases      ] GC(9)     Dead                           Min: 0, Avg:  0.0, Max: 0, Diff: 0, Sum: 0, Workers: 4
[28.692s][debug][gc,phases      ] GC(9)     Total                          Min: 0, Avg:  0.0, Max: 0, Diff: 0, Sum: 0, Workers: 4
[28.692s][debug][gc,phases      ] GC(9)   StringTable Weak               Min:  0.0, Avg:  0.3, Max:  0.4, Diff:  0.4, Sum:  1.1, Workers: 4
[28.692s][debug][gc,phases      ] GC(9)     Dead                           Min: 0, Avg:  0.5, Max: 1, Diff: 1, Sum: 2, Workers: 4
[28.692s][debug][gc,phases      ] GC(9)     Total                          Min: 0, Avg: 10377.8, Max: 17344, Diff: 17344, Sum: 41511, Workers: 4
[28.692s][debug][gc,phases      ] GC(9)   ResolvedMethodTable Weak       Min:  0.0, Avg:  0.1, Max:  0.1, Diff:  0.1, Sum:  0.3, Workers: 4
[28.692s][debug][gc,phases      ] GC(9)     Dead                           Min: 0, Avg:  5.0, Max: 19, Diff: 19, Sum: 20, Workers: 4
[28.692s][debug][gc,phases      ] GC(9)     Total                          Min: 0, Avg: 2030.8, Max: 2748, Diff: 2748, Sum: 8123, Workers: 4
[28.692s][debug][gc,phases      ] GC(9)   JNI Weak                       Min:  0.0, Avg:  0.0, Max:  0.0, Diff:  0.0, Sum:  0.0, Workers: 4
[28.692s][debug][gc,phases      ] GC(9)     Dead                           Min: 0, Avg:  0.0, Max: 0, Diff: 0, Sum: 0, Workers: 4
[28.692s][debug][gc,phases      ] GC(9)     Total                          Min: 0, Avg: 11.2, Max: 45, Diff: 45, Sum: 45, Workers: 4
[28.692s][debug][gc,phases      ] GC(9)   StringDedup Table Weak         Min:  0.0, Avg:  0.0, Max:  0.0, Diff:  0.0, Sum:  0.0, Workers: 4
[28.692s][debug][gc,phases      ] GC(9)     Dead                           Min: 0, Avg:  0.0, Max: 0, Diff: 0, Sum: 0, Workers: 4
[28.692s][debug][gc,phases      ] GC(9)     Total                          Min: 0, Avg:  0.0, Max: 0, Diff: 0, Sum: 0, Workers: 4
[28.692s][debug][gc,phases      ] GC(9)   StringDedup Requests0 Weak     Min:  0.0, Avg:  0.0, Max:  0.0, Diff:  0.0, Sum:  0.0, Workers: 4
[28.692s][debug][gc,phases      ] GC(9)     Dead                           Min: 0, Avg:  0.0, Max: 0, Diff: 0, Sum: 0, Workers: 4
[28.692s][debug][gc,phases      ] GC(9)     Total                          Min: 0, Avg:  0.0, Max: 0, Diff: 0, Sum: 0, Workers: 4
[28.692s][debug][gc,phases      ] GC(9)   StringDedup Requests1 Weak     Min:  0.0, Avg:  0.0, Max:  0.0, Diff:  0.0, Sum:  0.0, Workers: 4
[28.692s][debug][gc,phases      ] GC(9)     Dead                           Min: 0, Avg:  0.0, Max: 0, Diff: 0, Sum: 0, Workers: 4
[28.692s][debug][gc,phases      ] GC(9)     Total                          Min: 0, Avg:  0.0, Max: 0, Diff: 0, Sum: 0, Workers: 4
[28.692s][debug][gc,phases      ] GC(9)   Weak JFR Old Object Samples    Min:  0.0, Avg:  0.0, Max:  0.0, Diff:  0.0, Sum:  0.0, Workers: 4
[28.692s][debug][gc,phases      ] GC(9)     Dead                           Min: 0, Avg:  0.0, Max: 0, Diff: 0, Sum: 0, Workers: 4
[28.692s][debug][gc,phases      ] GC(9)     Total                          Min: 0, Avg:  0.0, Max: 0, Diff: 0, Sum: 0, Workers: 4
[28.692s][debug][gc,phases      ] GC(9) Weak Processing 0.615ms
[28.692s][debug][gc,age         ] GC(9) Desired survivor size 423100416 bytes, new threshold 9 (max threshold 15)
[28.692s][info ][gc,heap        ] GC(9) PSYoungGen: 1254211K(1572864K)->205850K(1683968K) Eden: 1048576K(1048576K)->0K(1236992K) From: 205635K(524288K)->205850K(446976K)
[28.692s][info ][gc,heap        ] GC(9) ParOldGen: 16934K(38912K)->16950K(38912K)
[28.692s][info ][gc,metaspace   ] GC(9) Metaspace: 74956K(75776K)->74956K(75776K) NonClass: 64108K(64576K)->64108K(64576K) Class: 10848K(11200K)->10848K(11200K)
[28.692s][info ][gc             ] GC(9) Pause Young (Allocation Failure) 1241M->217M(1682M) 74.229ms
[28.692s][info ][gc,cpu         ] GC(9) User=0.26s Sys=0.00s Real=0.07s
[28.692s][info ][safepoint      ] Safepoint "ParallelGCFailedAllocation", Time since last: 1195798822 ns, Reaching safepoint: 107901 ns, At safepoint: 74303133 ns, Total: 74411034 ns
[29.519s][info ][safepoint      ] Safepoint "ICBufferFull", Time since last: 827090997 ns, Reaching safepoint: 303104 ns, At safepoint: 10000 ns, Total: 313104 ns
[30.519s][info ][safepoint      ] Safepoint "Cleanup", Time since last: 1000108602 ns, Reaching safepoint: 73601 ns, At safepoint: 4900 ns, Total: 78501 ns
[31.520s][info ][safepoint      ] Safepoint "Cleanup", Time since last: 1000107401 ns, Reaching safepoint: 160102 ns, At safepoint: 9401 ns, Total: 169503 ns
[32.520s][info ][safepoint      ] Safepoint "Cleanup", Time since last: 1000061000 ns, Reaching safepoint: 79302 ns, At safepoint: 2200 ns, Total: 81502 ns
[33.520s][info ][safepoint      ] Safepoint "Cleanup", Time since last: 1000096451 ns, Reaching safepoint: 42700 ns, At safepoint: 2000 ns, Total: 44700 ns
[34.520s][info ][safepoint      ] Safepoint "Cleanup", Time since last: 1000095334 ns, Reaching safepoint: 61101 ns, At safepoint: 2500 ns, Total: 63601 ns
[35.520s][info ][safepoint      ] Safepoint "Cleanup", Time since last: 1000080333 ns, Reaching safepoint: 67101 ns, At safepoint: 2300 ns, Total: 69401 ns
[36.520s][info ][safepoint      ] Safepoint "Cleanup", Time since last: 1000100034 ns, Reaching safepoint: 129202 ns, At safepoint: 11500 ns, Total: 140702 ns
[38.170s][info ][safepoint      ] Safepoint "Cleanup", Time since last: 1649132881 ns, Reaching safepoint: 169703 ns, At safepoint: 8000 ns, Total: 177703 ns
[39.170s][info ][safepoint      ] Safepoint "Cleanup", Time since last: 1000061433 ns, Reaching safepoint: 67801 ns, At safepoint: 3100 ns, Total: 70901 ns
[40.170s][info ][safepoint      ] Safepoint "Cleanup", Time since last: 1000121634 ns, Reaching safepoint: 69301 ns, At safepoint: 2000 ns, Total: 71301 ns
[40.967s][info ][gc,start       ] GC(10) Pause Young (Allocation Failure)
[41.073s][debug][gc,phases      ] GC(10) Scavenge 106.591ms
[41.073s][debug][gc,ref         ] GC(10) Skipped phase 1 of Reference Processing: no references
[41.074s][debug][gc,ref         ] GC(10) ReferenceProcessor::execute queues: 4, RefProcThreadModel::Multi, marks_oops_alive: false
[41.074s][debug][gc,ref         ] GC(10) Skipped phase 3 of Reference Processing: no references
[41.074s][debug][gc,ref         ] GC(10) ReferenceProcessor::execute queues: 1, RefProcThreadModel::Single, marks_oops_alive: false
[41.074s][debug][gc,phases      ] GC(10) Reference Processing 0.761ms
[41.075s][debug][gc,phases      ] GC(10)   VM Weak                        Min:  0.0, Avg:  0.0, Max:  0.0, Diff:  0.0, Sum:  0.0, Workers: 4
[41.075s][debug][gc,phases      ] GC(10)     Dead                           Min: 0, Avg:  0.0, Max: 0, Diff: 0, Sum: 0, Workers: 4
[41.075s][debug][gc,phases      ] GC(10)     Total                          Min: 0, Avg: 163.2, Max: 384, Diff: 384, Sum: 653, Workers: 4
[41.075s][debug][gc,phases      ] GC(10)   ObjectSynchronizer Weak        Min:  0.0, Avg:  0.0, Max:  0.0, Diff:  0.0, Sum:  0.0, Workers: 4
[41.075s][debug][gc,phases      ] GC(10)     Dead                           Min: 0, Avg:  0.0, Max: 0, Diff: 0, Sum: 0, Workers: 4
[41.075s][debug][gc,phases      ] GC(10)     Total                          Min: 0, Avg:  5.5, Max: 22, Diff: 22, Sum: 22, Workers: 4
[41.075s][debug][gc,phases      ] GC(10)   JVMTI Tag Weak OopStorage      Min:  0.0, Avg:  0.0, Max:  0.0, Diff:  0.0, Sum:  0.0, Workers: 4
[41.075s][debug][gc,phases      ] GC(10)     Dead                           Min: 0, Avg:  0.0, Max: 0, Diff: 0, Sum: 0, Workers: 4
[41.075s][debug][gc,phases      ] GC(10)     Total                          Min: 0, Avg:  0.0, Max: 0, Diff: 0, Sum: 0, Workers: 4
[41.075s][debug][gc,phases      ] GC(10)   StringTable Weak               Min:  0.0, Avg:  0.3, Max:  0.3, Diff:  0.3, Sum:  1.0, Workers: 4
[41.075s][debug][gc,phases      ] GC(10)     Dead                           Min: 0, Avg:  0.2, Max: 1, Diff: 1, Sum: 1, Workers: 4
[41.075s][debug][gc,phases      ] GC(10)     Total                          Min: 0, Avg: 10442.5, Max: 17536, Diff: 17536, Sum: 41770, Workers: 4
[41.075s][debug][gc,phases      ] GC(10)   ResolvedMethodTable Weak       Min:  0.0, Avg:  0.1, Max:  0.1, Diff:  0.1, Sum:  0.2, Workers: 4
[41.075s][debug][gc,phases      ] GC(10)     Dead                           Min: 0, Avg:  0.0, Max: 0, Diff: 0, Sum: 0, Workers: 4
[41.075s][debug][gc,phases      ] GC(10)     Total                          Min: 0, Avg: 2031.5, Max: 3583, Diff: 3583, Sum: 8126, Workers: 4
[41.075s][debug][gc,phases      ] GC(10)   JNI Weak                       Min:  0.0, Avg:  0.0, Max:  0.0, Diff:  0.0, Sum:  0.0, Workers: 4
[41.075s][debug][gc,phases      ] GC(10)     Dead                           Min: 0, Avg:  0.0, Max: 0, Diff: 0, Sum: 0, Workers: 4
[41.075s][debug][gc,phases      ] GC(10)     Total                          Min: 0, Avg: 11.2, Max: 45, Diff: 45, Sum: 45, Workers: 4
[41.075s][debug][gc,phases      ] GC(10)   StringDedup Table Weak         Min:  0.0, Avg:  0.0, Max:  0.0, Diff:  0.0, Sum:  0.0, Workers: 4
[41.075s][debug][gc,phases      ] GC(10)     Dead                           Min: 0, Avg:  0.0, Max: 0, Diff: 0, Sum: 0, Workers: 4
[41.075s][debug][gc,phases      ] GC(10)     Total                          Min: 0, Avg:  0.0, Max: 0, Diff: 0, Sum: 0, Workers: 4
[41.075s][debug][gc,phases      ] GC(10)   StringDedup Requests0 Weak     Min:  0.0, Avg:  0.0, Max:  0.0, Diff:  0.0, Sum:  0.0, Workers: 4
[41.075s][debug][gc,phases      ] GC(10)     Dead                           Min: 0, Avg:  0.0, Max: 0, Diff: 0, Sum: 0, Workers: 4
[41.075s][debug][gc,phases      ] GC(10)     Total                          Min: 0, Avg:  0.0, Max: 0, Diff: 0, Sum: 0, Workers: 4
[41.075s][debug][gc,phases      ] GC(10)   StringDedup Requests1 Weak     Min:  0.0, Avg:  0.0, Max:  0.0, Diff:  0.0, Sum:  0.0, Workers: 4
[41.075s][debug][gc,phases      ] GC(10)     Dead                           Min: 0, Avg:  0.0, Max: 0, Diff: 0, Sum: 0, Workers: 4
[41.075s][debug][gc,phases      ] GC(10)     Total                          Min: 0, Avg:  0.0, Max: 0, Diff: 0, Sum: 0, Workers: 4
[41.075s][debug][gc,phases      ] GC(10)   Weak JFR Old Object Samples    Min:  0.0, Avg:  0.0, Max:  0.0, Diff:  0.0, Sum:  0.0, Workers: 4
[41.075s][debug][gc,phases      ] GC(10)     Dead                           Min: 0, Avg:  0.0, Max: 0, Diff: 0, Sum: 0, Workers: 4
[41.075s][debug][gc,phases      ] GC(10)     Total                          Min: 0, Avg:  0.0, Max: 0, Diff: 0, Sum: 0, Workers: 4
[41.075s][debug][gc,phases      ] GC(10) Weak Processing 0.575ms
[41.075s][debug][gc,age         ] GC(10) Desired survivor size 407896064 bytes, new threshold 10 (max threshold 15)
[41.075s][info ][gc,heap        ] GC(10) PSYoungGen: 1442842K(1683968K)->227516K(1650176K) Eden: 1236992K(1236992K)->0K(1236992K) From: 205850K(446976K)->227516K(413184K)
[41.075s][info ][gc,heap        ] GC(10) ParOldGen: 16950K(38912K)->16958K(38912K)
[41.075s][info ][gc,metaspace   ] GC(10) Metaspace: 75332K(76096K)->75332K(76096K) NonClass: 64480K(64896K)->64480K(64896K) Class: 10851K(11200K)->10851K(11200K)
[41.075s][info ][gc             ] GC(10) Pause Young (Allocation Failure) 1425M->238M(1649M) 108.045ms
[41.075s][info ][gc,cpu         ] GC(10) User=0.28s Sys=0.08s Real=0.11s
[41.075s][info ][safepoint      ] Safepoint "ParallelGCFailedAllocation", Time since last: 796657466 ns, Reaching safepoint: 40200 ns, At safepoint: 108112633 ns, Total: 108152833 ns
[42.075s][info ][safepoint      ] Safepoint "Cleanup", Time since last: 1000046281 ns, Reaching safepoint: 56501 ns, At safepoint: 3100 ns, Total: 59601 ns
[43.075s][info ][safepoint      ] Safepoint "Cleanup", Time since last: 1000104982 ns, Reaching safepoint: 85101 ns, At safepoint: 2500 ns, Total: 87601 ns
[44.075s][info ][safepoint      ] Safepoint "Cleanup", Time since last: 1000097181 ns, Reaching safepoint: 37001 ns, At safepoint: 2600 ns, Total: 39601 ns
[45.075s][info ][safepoint      ] Safepoint "Cleanup", Time since last: 1000099982 ns, Reaching safepoint: 43900 ns, At safepoint: 4500 ns, Total: 48400 ns
[46.076s][info ][safepoint      ] Safepoint "Cleanup", Time since last: 1000104882 ns, Reaching safepoint: 51101 ns, At safepoint: 3400 ns, Total: 54501 ns
[47.076s][info ][safepoint      ] Safepoint "Cleanup", Time since last: 1000107181 ns, Reaching safepoint: 45601 ns, At safepoint: 5700 ns, Total: 51301 ns
[48.076s][info ][safepoint      ] Safepoint "Cleanup", Time since last: 1000093582 ns, Reaching safepoint: 41900 ns, At safepoint: 2500 ns, Total: 44400 ns
[49.076s][info ][safepoint      ] Safepoint "Cleanup", Time since last: 1000097400 ns, Reaching safepoint: 76901 ns, At safepoint: 3200 ns, Total: 80101 ns
[50.076s][info ][safepoint      ] Safepoint "Cleanup", Time since last: 1000094300 ns, Reaching safepoint: 56301 ns, At safepoint: 4700 ns, Total: 61001 ns
[52.076s][info ][safepoint      ] Safepoint "Cleanup", Time since last: 2000174199 ns, Reaching safepoint: 52201 ns, At safepoint: 2400 ns, Total: 54601 ns
[53.077s][info ][safepoint      ] Safepoint "Cleanup", Time since last: 1000109000 ns, Reaching safepoint: 47501 ns, At safepoint: 4800 ns, Total: 52301 ns
[54.077s][info ][safepoint      ] Safepoint "Cleanup", Time since last: 1000094499 ns, Reaching safepoint: 35201 ns, At safepoint: 2300 ns, Total: 37501 ns
[55.077s][info ][safepoint      ] Safepoint "Cleanup", Time since last: 1000101200 ns, Reaching safepoint: 122101 ns, At safepoint: 12301 ns, Total: 134402 ns
[56.077s][info ][safepoint      ] Safepoint "Cleanup", Time since last: 1000099299 ns, Reaching safepoint: 54401 ns, At safepoint: 11900 ns, Total: 66301 ns
[57.077s][info ][safepoint      ] Safepoint "Cleanup", Time since last: 1000110075 ns, Reaching safepoint: 40200 ns, At safepoint: 1800 ns, Total: 42000 ns
[58.077s][info ][safepoint      ] Safepoint "Cleanup", Time since last: 1000123633 ns, Reaching safepoint: 42300 ns, At safepoint: 2900 ns, Total: 45200 ns
[59.078s][info ][safepoint      ] Safepoint "Cleanup", Time since last: 1000101732 ns, Reaching safepoint: 41801 ns, At safepoint: 4800 ns, Total: 46601 ns
[60.078s][info ][safepoint      ] Safepoint "Cleanup", Time since last: 1000099832 ns, Reaching safepoint: 45501 ns, At safepoint: 2700 ns, Total: 48201 ns
[62.078s][info ][safepoint      ] Safepoint "Cleanup", Time since last: 2000167163 ns, Reaching safepoint: 48401 ns, At safepoint: 2500 ns, Total: 50901 ns
[63.078s][info ][safepoint      ] Safepoint "Cleanup", Time since last: 1000108832 ns, Reaching safepoint: 40701 ns, At safepoint: 3000 ns, Total: 43701 ns
[64.490s][info ][gc,start       ] GC(11) Pause Young (Allocation Failure)
[64.577s][debug][gc,phases      ] GC(11) Scavenge 87.416ms
[64.577s][debug][gc,ref         ] GC(11) Skipped phase 1 of Reference Processing: no references
[64.577s][debug][gc,ref         ] GC(11) ReferenceProcessor::execute queues: 4, RefProcThreadModel::Multi, marks_oops_alive: false
[64.578s][debug][gc,ref         ] GC(11) Skipped phase 3 of Reference Processing: no references
[64.578s][debug][gc,ref         ] GC(11) ReferenceProcessor::execute queues: 1, RefProcThreadModel::Single, marks_oops_alive: false
[64.578s][debug][gc,phases      ] GC(11) Reference Processing 0.801ms
[64.578s][debug][gc,phases      ] GC(11)   VM Weak                        Min:  0.0, Avg:  0.0, Max:  0.0, Diff:  0.0, Sum:  0.0, Workers: 4
[64.578s][debug][gc,phases      ] GC(11)     Dead                           Min: 0, Avg:  0.0, Max: 0, Diff: 0, Sum: 0, Workers: 4
[64.578s][debug][gc,phases      ] GC(11)     Total                          Min: 0, Avg: 163.5, Max: 448, Diff: 448, Sum: 654, Workers: 4
[64.578s][debug][gc,phases      ] GC(11)   ObjectSynchronizer Weak        Min:  0.0, Avg:  0.0, Max:  0.0, Diff:  0.0, Sum:  0.0, Workers: 4
[64.578s][debug][gc,phases      ] GC(11)     Dead                           Min: 0, Avg:  0.0, Max: 0, Diff: 0, Sum: 0, Workers: 4
[64.578s][debug][gc,phases      ] GC(11)     Total                          Min: 0, Avg:  5.5, Max: 22, Diff: 22, Sum: 22, Workers: 4
[64.578s][debug][gc,phases      ] GC(11)   JVMTI Tag Weak OopStorage      Min:  0.0, Avg:  0.0, Max:  0.0, Diff:  0.0, Sum:  0.0, Workers: 4
[64.578s][debug][gc,phases      ] GC(11)     Dead                           Min: 0, Avg:  0.0, Max: 0, Diff: 0, Sum: 0, Workers: 4
[64.578s][debug][gc,phases      ] GC(11)     Total                          Min: 0, Avg:  0.0, Max: 0, Diff: 0, Sum: 0, Workers: 4
[64.578s][debug][gc,phases      ] GC(11)   StringTable Weak               Min:  0.3, Avg:  0.3, Max:  0.3, Diff:  0.0, Sum:  1.2, Workers: 4
[64.578s][debug][gc,phases      ] GC(11)     Dead                           Min: 0, Avg:  0.2, Max: 1, Diff: 1, Sum: 1, Workers: 4
[64.578s][debug][gc,phases      ] GC(11)     Total                          Min: 10048, Avg: 10470.8, Max: 10944, Diff: 896, Sum: 41883, Workers: 4
[64.578s][debug][gc,phases      ] GC(11)   ResolvedMethodTable Weak       Min:  0.1, Avg:  0.1, Max:  0.1, Diff:  0.0, Sum:  0.3, Workers: 4
[64.578s][debug][gc,phases      ] GC(11)     Dead                           Min: 0, Avg:  0.0, Max: 0, Diff: 0, Sum: 0, Workers: 4
[64.579s][debug][gc,phases      ] GC(11)     Total                          Min: 1728, Avg: 2035.0, Max: 2304, Diff: 576, Sum: 8140, Workers: 4
[64.579s][debug][gc,phases      ] GC(11)   JNI Weak                       Min:  0.0, Avg:  0.0, Max:  0.0, Diff:  0.0, Sum:  0.0, Workers: 4
[64.579s][debug][gc,phases      ] GC(11)     Dead                           Min: 0, Avg:  0.0, Max: 0, Diff: 0, Sum: 0, Workers: 4
[64.579s][debug][gc,phases      ] GC(11)     Total                          Min: 0, Avg: 11.2, Max: 45, Diff: 45, Sum: 45, Workers: 4
[64.579s][debug][gc,phases      ] GC(11)   StringDedup Table Weak         Min:  0.0, Avg:  0.0, Max:  0.0, Diff:  0.0, Sum:  0.0, Workers: 4
[64.579s][debug][gc,phases      ] GC(11)     Dead                           Min: 0, Avg:  0.0, Max: 0, Diff: 0, Sum: 0, Workers: 4
[64.579s][debug][gc,phases      ] GC(11)     Total                          Min: 0, Avg:  0.0, Max: 0, Diff: 0, Sum: 0, Workers: 4
[64.579s][debug][gc,phases      ] GC(11)   StringDedup Requests0 Weak     Min:  0.0, Avg:  0.0, Max:  0.0, Diff:  0.0, Sum:  0.0, Workers: 4
[64.579s][debug][gc,phases      ] GC(11)     Dead                           Min: 0, Avg:  0.0, Max: 0, Diff: 0, Sum: 0, Workers: 4
[64.579s][debug][gc,phases      ] GC(11)     Total                          Min: 0, Avg:  0.0, Max: 0, Diff: 0, Sum: 0, Workers: 4
[64.579s][debug][gc,phases      ] GC(11)   StringDedup Requests1 Weak     Min:  0.0, Avg:  0.0, Max:  0.0, Diff:  0.0, Sum:  0.0, Workers: 4
[64.579s][debug][gc,phases      ] GC(11)     Dead                           Min: 0, Avg:  0.0, Max: 0, Diff: 0, Sum: 0, Workers: 4
[64.579s][debug][gc,phases      ] GC(11)     Total                          Min: 0, Avg:  0.0, Max: 0, Diff: 0, Sum: 0, Workers: 4
[64.579s][debug][gc,phases      ] GC(11)   Weak JFR Old Object Samples    Min:  0.0, Avg:  0.0, Max:  0.0, Diff:  0.0, Sum:  0.0, Workers: 4
[64.579s][debug][gc,phases      ] GC(11)     Dead                           Min: 0, Avg:  0.0, Max: 0, Diff: 0, Sum: 0, Workers: 4
[64.579s][debug][gc,phases      ] GC(11)     Total                          Min: 0, Avg:  0.0, Max: 0, Diff: 0, Sum: 0, Workers: 4
[64.579s][debug][gc,phases      ] GC(11) Weak Processing 0.542ms
[64.579s][debug][gc,age         ] GC(11) Desired survivor size 395837440 bytes, new threshold 11 (max threshold 15)
[64.579s][info ][gc,heap        ] GC(11) PSYoungGen: 1464508K(1650176K)->227868K(1710592K) Eden: 1236992K(1236992K)->0K(1312256K) From: 227516K(413184K)->227868K(398336K)
[64.579s][info ][gc,heap        ] GC(11) ParOldGen: 16958K(38912K)->16966K(38912K)
[64.579s][info ][gc,metaspace   ] GC(11) Metaspace: 75521K(76288K)->75521K(76288K) NonClass: 64656K(65088K)->64656K(65088K) Class: 10864K(11200K)->10864K(11200K)
[64.579s][info ][gc             ] GC(11) Pause Young (Allocation Failure) 1446M->239M(1708M) 88.882ms
[64.579s][info ][gc,cpu         ] GC(11) User=0.29s Sys=0.00s Real=0.09s
[64.579s][info ][safepoint      ] Safepoint "ParallelGCFailedAllocation", Time since last: 1411551199 ns, Reaching safepoint: 18200 ns, At safepoint: 88955904 ns, Total: 88974104 ns
[65.579s][info ][safepoint      ] Safepoint "Cleanup", Time since last: 1000075841 ns, Reaching safepoint: 39900 ns, At safepoint: 5001 ns, Total: 44901 ns
[67.308s][info ][safepoint      ] Safepoint "Cleanup", Time since last: 1729202334 ns, Reaching safepoint: 117002 ns, At safepoint: 4700 ns, Total: 121702 ns
[68.308s][info ][safepoint      ] Safepoint "Cleanup", Time since last: 1000122538 ns, Reaching safepoint: 51101 ns, At safepoint: 7700 ns, Total: 58801 ns
[69.308s][info ][safepoint      ] Safepoint "Cleanup", Time since last: 1000092538 ns, Reaching safepoint: 64801 ns, At safepoint: 2200 ns, Total: 67001 ns
[70.309s][info ][safepoint      ] Safepoint "Cleanup", Time since last: 1000103538 ns, Reaching safepoint: 57501 ns, At safepoint: 3000 ns, Total: 60501 ns
[71.309s][info ][safepoint      ] Safepoint "Cleanup", Time since last: 1000106838 ns, Reaching safepoint: 142102 ns, At safepoint: 4400 ns, Total: 146502 ns
[72.309s][info ][safepoint      ] Safepoint "Cleanup", Time since last: 1000110238 ns, Reaching safepoint: 205903 ns, At safepoint: 9600 ns, Total: 215503 ns
[73.309s][info ][safepoint      ] Safepoint "Cleanup", Time since last: 1000099190 ns, Reaching safepoint: 53601 ns, At safepoint: 2500 ns, Total: 56101 ns
[74.310s][info ][safepoint      ] Safepoint "Cleanup", Time since last: 1000105723 ns, Reaching safepoint: 50600 ns, At safepoint: 2100 ns, Total: 52700 ns
[75.310s][info ][safepoint      ] Safepoint "Cleanup", Time since last: 1000101723 ns, Reaching safepoint: 39001 ns, At safepoint: 3000 ns, Total: 42001 ns
[76.310s][info ][safepoint      ] Safepoint "Cleanup", Time since last: 1000107323 ns, Reaching safepoint: 50501 ns, At safepoint: 2600 ns, Total: 53101 ns
[77.310s][info ][safepoint      ] Safepoint "Cleanup", Time since last: 1000109023 ns, Reaching safepoint: 59500 ns, At safepoint: 2300 ns, Total: 61800 ns
[78.310s][info ][safepoint      ] Safepoint "Cleanup", Time since last: 1000105123 ns, Reaching safepoint: 35301 ns, At safepoint: 3700 ns, Total: 39001 ns
[79.310s][info ][safepoint      ] Safepoint "Cleanup", Time since last: 1000091023 ns, Reaching safepoint: 50000 ns, At safepoint: 2700 ns, Total: 52700 ns
[80.310s][info ][safepoint      ] Safepoint "Cleanup", Time since last: 1000105423 ns, Reaching safepoint: 21400 ns, At safepoint: 2300 ns, Total: 23700 ns
[81.311s][info ][safepoint      ] Safepoint "Cleanup", Time since last: 1000108835 ns, Reaching safepoint: 117502 ns, At safepoint: 5900 ns, Total: 123402 ns
[82.311s][info ][safepoint      ] Safepoint "Cleanup", Time since last: 1000104479 ns, Reaching safepoint: 47601 ns, At safepoint: 5200 ns, Total: 52801 ns
[83.311s][info ][safepoint      ] Safepoint "Cleanup", Time since last: 1000118780 ns, Reaching safepoint: 51401 ns, At safepoint: 4900 ns, Total: 56301 ns
[84.311s][info ][safepoint      ] Safepoint "Cleanup", Time since last: 1000117179 ns, Reaching safepoint: 38401 ns, At safepoint: 2600 ns, Total: 41001 ns
[85.311s][info ][safepoint      ] Safepoint "Cleanup", Time since last: 1000096980 ns, Reaching safepoint: 33300 ns, At safepoint: 3000 ns, Total: 36300 ns
[86.311s][info ][safepoint      ] Safepoint "Cleanup", Time since last: 1000103480 ns, Reaching safepoint: 71401 ns, At safepoint: 7400 ns, Total: 78801 ns
[86.316s][info ][gc,start       ] GC(12) Pause Young (Allocation Failure)
[86.411s][debug][gc,phases      ] GC(12) Scavenge 94.713ms
[86.411s][debug][gc,ref         ] GC(12) Skipped phase 1 of Reference Processing: no references
[86.411s][debug][gc,ref         ] GC(12) ReferenceProcessor::execute queues: 4, RefProcThreadModel::Multi, marks_oops_alive: false
[86.412s][debug][gc,ref         ] GC(12) Skipped phase 3 of Reference Processing: no references
[86.412s][debug][gc,ref         ] GC(12) ReferenceProcessor::execute queues: 1, RefProcThreadModel::Single, marks_oops_alive: false
[86.412s][debug][gc,phases      ] GC(12) Reference Processing 0.976ms
[86.413s][debug][gc,phases      ] GC(12)   VM Weak                        Min:  0.0, Avg:  0.0, Max:  0.0, Diff:  0.0, Sum:  0.0, Workers: 4
[86.413s][debug][gc,phases      ] GC(12)     Dead                           Min: 0, Avg:  0.0, Max: 0, Diff: 0, Sum: 0, Workers: 4
[86.413s][debug][gc,phases      ] GC(12)     Total                          Min: 0, Avg: 163.8, Max: 448, Diff: 448, Sum: 655, Workers: 4
[86.413s][debug][gc,phases      ] GC(12)   ObjectSynchronizer Weak        Min:  0.0, Avg:  0.0, Max:  0.0, Diff:  0.0, Sum:  0.0, Workers: 4
[86.413s][debug][gc,phases      ] GC(12)     Dead                           Min: 0, Avg:  0.0, Max: 0, Diff: 0, Sum: 0, Workers: 4
[86.413s][debug][gc,phases      ] GC(12)     Total                          Min: 0, Avg:  5.5, Max: 22, Diff: 22, Sum: 22, Workers: 4
[86.413s][debug][gc,phases      ] GC(12)   JVMTI Tag Weak OopStorage      Min:  0.0, Avg:  0.0, Max:  0.0, Diff:  0.0, Sum:  0.0, Workers: 4
[86.413s][debug][gc,phases      ] GC(12)     Dead                           Min: 0, Avg:  0.0, Max: 0, Diff: 0, Sum: 0, Workers: 4
[86.413s][debug][gc,phases      ] GC(12)     Total                          Min: 0, Avg:  0.0, Max: 0, Diff: 0, Sum: 0, Workers: 4
[86.413s][debug][gc,phases      ] GC(12)   StringTable Weak               Min:  0.0, Avg:  0.3, Max:  0.4, Diff:  0.4, Sum:  1.2, Workers: 4
[86.413s][debug][gc,phases      ] GC(12)     Dead                           Min: 0, Avg:  0.5, Max: 2, Diff: 2, Sum: 2, Workers: 4
[86.413s][debug][gc,phases      ] GC(12)     Total                          Min: 0, Avg: 10487.8, Max: 14239, Diff: 14239, Sum: 41951, Workers: 4
[86.413s][debug][gc,phases      ] GC(12)   ResolvedMethodTable Weak       Min:  0.0, Avg:  0.1, Max:  0.1, Diff:  0.1, Sum:  0.3, Workers: 4
[86.413s][debug][gc,phases      ] GC(12)     Dead                           Min: 0, Avg:  4.0, Max: 16, Diff: 16, Sum: 16, Workers: 4
[86.413s][debug][gc,phases      ] GC(12)     Total                          Min: 0, Avg: 2040.5, Max: 2752, Diff: 2752, Sum: 8162, Workers: 4
[86.413s][debug][gc,phases      ] GC(12)   JNI Weak                       Min:  0.0, Avg:  0.0, Max:  0.0, Diff:  0.0, Sum:  0.0, Workers: 4
[86.413s][debug][gc,phases      ] GC(12)     Dead                           Min: 0, Avg:  0.0, Max: 0, Diff: 0, Sum: 0, Workers: 4
[86.413s][debug][gc,phases      ] GC(12)     Total                          Min: 0, Avg: 11.2, Max: 45, Diff: 45, Sum: 45, Workers: 4
[86.413s][debug][gc,phases      ] GC(12)   StringDedup Table Weak         Min:  0.0, Avg:  0.0, Max:  0.0, Diff:  0.0, Sum:  0.0, Workers: 4
[86.413s][debug][gc,phases      ] GC(12)     Dead                           Min: 0, Avg:  0.0, Max: 0, Diff: 0, Sum: 0, Workers: 4
[86.413s][debug][gc,phases      ] GC(12)     Total                          Min: 0, Avg:  0.0, Max: 0, Diff: 0, Sum: 0, Workers: 4
[86.413s][debug][gc,phases      ] GC(12)   StringDedup Requests0 Weak     Min:  0.0, Avg:  0.0, Max:  0.0, Diff:  0.0, Sum:  0.0, Workers: 4
[86.413s][debug][gc,phases      ] GC(12)     Dead                           Min: 0, Avg:  0.0, Max: 0, Diff: 0, Sum: 0, Workers: 4
[86.413s][debug][gc,phases      ] GC(12)     Total                          Min: 0, Avg:  0.0, Max: 0, Diff: 0, Sum: 0, Workers: 4
[86.413s][debug][gc,phases      ] GC(12)   StringDedup Requests1 Weak     Min:  0.0, Avg:  0.0, Max:  0.0, Diff:  0.0, Sum:  0.0, Workers: 4
[86.413s][debug][gc,phases      ] GC(12)     Dead                           Min: 0, Avg:  0.0, Max: 0, Diff: 0, Sum: 0, Workers: 4
[86.413s][debug][gc,phases      ] GC(12)     Total                          Min: 0, Avg:  0.0, Max: 0, Diff: 0, Sum: 0, Workers: 4
[86.413s][debug][gc,phases      ] GC(12)   Weak JFR Old Object Samples    Min:  0.0, Avg:  0.0, Max:  0.0, Diff:  0.0, Sum:  0.0, Workers: 4
[86.413s][debug][gc,phases      ] GC(12)     Dead                           Min: 0, Avg:  0.0, Max: 0, Diff: 0, Sum: 0, Workers: 4
[86.413s][debug][gc,phases      ] GC(12)     Total                          Min: 0, Avg:  0.0, Max: 0, Diff: 0, Sum: 0, Workers: 4
[86.413s][debug][gc,phases      ] GC(12) Weak Processing 0.646ms
[86.413s][debug][gc,age         ] GC(12) Desired survivor size 387973120 bytes, new threshold 12 (max threshold 15)
[86.413s][info ][gc,heap        ] GC(12) PSYoungGen: 1540124K(1710592K)->234319K(1698816K) Eden: 1312256K(1312256K)->0K(1312256K) From: 227868K(398336K)->234319K(386560K)
[86.413s][info ][gc,heap        ] GC(12) ParOldGen: 16966K(38912K)->16974K(38912K)
[86.413s][info ][gc,metaspace   ] GC(12) Metaspace: 75585K(76416K)->75585K(76416K) NonClass: 64715K(65152K)->64715K(65152K) Class: 10870K(11264K)->10870K(11264K)
[86.413s][info ][gc             ] GC(12) Pause Young (Allocation Failure) 1520M->245M(1697M) 96.436ms
[86.413s][info ][gc,cpu         ] GC(12) User=0.25s Sys=0.08s Real=0.09s
[86.413s][info ][safepoint      ] Safepoint "ParallelGCFailedAllocation", Time since last: 4739364 ns, Reaching safepoint: 31101 ns, At safepoint: 96503620 ns, Total: 96534721 ns
[87.413s][info ][safepoint      ] Safepoint "Cleanup", Time since last: 1000085679 ns, Reaching safepoint: 44801 ns, At safepoint: 6100 ns, Total: 50901 ns
[88.413s][info ][safepoint      ] Safepoint "Cleanup", Time since last: 1000101479 ns, Reaching safepoint: 40501 ns, At safepoint: 4900 ns, Total: 45401 ns
[89.413s][info ][safepoint      ] Safepoint "Cleanup", Time since last: 1000096437 ns, Reaching safepoint: 54700 ns, At safepoint: 2400 ns, Total: 57100 ns
[92.413s][info ][safepoint      ] Safepoint "Cleanup", Time since last: 3000225173 ns, Reaching safepoint: 44100 ns, At safepoint: 2200 ns, Total: 46300 ns
[93.414s][info ][safepoint      ] Safepoint "Cleanup", Time since last: 1000096225 ns, Reaching safepoint: 47200 ns, At safepoint: 3800 ns, Total: 51000 ns
[94.414s][info ][safepoint      ] Safepoint "Cleanup", Time since last: 1000102625 ns, Reaching safepoint: 52300 ns, At safepoint: 4101 ns, Total: 56401 ns
[96.414s][info ][safepoint      ] Safepoint "Cleanup", Time since last: 2000431551 ns, Reaching safepoint: 47201 ns, At safepoint: 3000 ns, Total: 50201 ns
[97.414s][info ][safepoint      ] Safepoint "Cleanup", Time since last: 1000073639 ns, Reaching safepoint: 58901 ns, At safepoint: 6800 ns, Total: 65701 ns
[98.415s][info ][safepoint      ] Safepoint "Cleanup", Time since last: 1000114355 ns, Reaching safepoint: 115801 ns, At safepoint: 5400 ns, Total: 121201 ns
[99.415s][info ][safepoint      ] Safepoint "Cleanup", Time since last: 1000105755 ns, Reaching safepoint: 118302 ns, At safepoint: 7600 ns, Total: 125902 ns
[100.415s][info ][safepoint      ] Safepoint "Cleanup", Time since last: 1000100855 ns, Reaching safepoint: 136301 ns, At safepoint: 5200 ns, Total: 141501 ns
[101.415s][info ][safepoint      ] Safepoint "Cleanup", Time since last: 1000103455 ns, Reaching safepoint: 103402 ns, At safepoint: 6600 ns, Total: 110002 ns
[102.416s][info ][safepoint      ] Safepoint "Cleanup", Time since last: 1000121855 ns, Reaching safepoint: 114801 ns, At safepoint: 6600 ns, Total: 121401 ns
[103.416s][info ][safepoint      ] Safepoint "Cleanup", Time since last: 1000101855 ns, Reaching safepoint: 112901 ns, At safepoint: 7301 ns, Total: 120202 ns
[104.416s][info ][safepoint      ] Safepoint "Cleanup", Time since last: 1000101154 ns, Reaching safepoint: 39001 ns, At safepoint: 7400 ns, Total: 46401 ns
[105.416s][info ][safepoint      ] Safepoint "Cleanup", Time since last: 1000122176 ns, Reaching safepoint: 114601 ns, At safepoint: 4200 ns, Total: 118801 ns
[106.416s][info ][safepoint      ] Safepoint "Cleanup", Time since last: 1000112644 ns, Reaching safepoint: 109901 ns, At safepoint: 4800 ns, Total: 114701 ns
[107.417s][info ][safepoint      ] Safepoint "Cleanup", Time since last: 1000107344 ns, Reaching safepoint: 110101 ns, At safepoint: 5000 ns, Total: 115101 ns
[108.417s][info ][safepoint      ] Safepoint "Cleanup", Time since last: 1000119044 ns, Reaching safepoint: 114502 ns, At safepoint: 5200 ns, Total: 119702 ns
[109.417s][info ][safepoint      ] Safepoint "Cleanup", Time since last: 1000095043 ns, Reaching safepoint: 111802 ns, At safepoint: 4800 ns, Total: 116602 ns
[110.417s][info ][safepoint      ] Safepoint "Cleanup", Time since last: 1000104143 ns, Reaching safepoint: 102601 ns, At safepoint: 5500 ns, Total: 108101 ns
[111.417s][info ][safepoint      ] Safepoint "Cleanup", Time since last: 1000115244 ns, Reaching safepoint: 112602 ns, At safepoint: 5500 ns, Total: 118102 ns
[112.418s][info ][safepoint      ] Safepoint "Cleanup", Time since last: 1000118143 ns, Reaching safepoint: 115102 ns, At safepoint: 5200 ns, Total: 120302 ns
[113.418s][info ][safepoint      ] Safepoint "Cleanup", Time since last: 1000100458 ns, Reaching safepoint: 37501 ns, At safepoint: 3200 ns, Total: 40701 ns
[114.418s][info ][safepoint      ] Safepoint "Cleanup", Time since last: 1000104756 ns, Reaching safepoint: 37900 ns, At safepoint: 7500 ns, Total: 45400 ns
[114.566s][info ][gc,start       ] GC(13) Pause Young (Allocation Failure)
[114.648s][debug][gc,phases      ] GC(13) Scavenge 81.876ms
[114.648s][debug][gc,ref         ] GC(13) Skipped phase 1 of Reference Processing: no references
[114.648s][debug][gc,ref         ] GC(13) ReferenceProcessor::execute queues: 4, RefProcThreadModel::Multi, marks_oops_alive: false
[114.649s][debug][gc,ref         ] GC(13) Skipped phase 3 of Reference Processing: no references
[114.649s][debug][gc,ref         ] GC(13) ReferenceProcessor::execute queues: 1, RefProcThreadModel::Single, marks_oops_alive: false
[114.649s][debug][gc,phases      ] GC(13) Reference Processing 1.144ms
[114.650s][debug][gc,phases      ] GC(13)   VM Weak                        Min:  0.0, Avg:  0.0, Max:  0.0, Diff:  0.0, Sum:  0.0, Workers: 4
[114.650s][debug][gc,phases      ] GC(13)     Dead                           Min: 0, Avg:  0.0, Max: 0, Diff: 0, Sum: 0, Workers: 4
[114.650s][debug][gc,phases      ] GC(13)     Total                          Min: 0, Avg: 163.8, Max: 384, Diff: 384, Sum: 655, Workers: 4
[114.650s][debug][gc,phases      ] GC(13)   ObjectSynchronizer Weak        Min:  0.0, Avg:  0.0, Max:  0.0, Diff:  0.0, Sum:  0.0, Workers: 4
[114.650s][debug][gc,phases      ] GC(13)     Dead                           Min: 0, Avg:  0.0, Max: 0, Diff: 0, Sum: 0, Workers: 4
[114.650s][debug][gc,phases      ] GC(13)     Total                          Min: 0, Avg:  5.5, Max: 22, Diff: 22, Sum: 22, Workers: 4
[114.650s][debug][gc,phases      ] GC(13)   JVMTI Tag Weak OopStorage      Min:  0.0, Avg:  0.0, Max:  0.0, Diff:  0.0, Sum:  0.0, Workers: 4
[114.650s][debug][gc,phases      ] GC(13)     Dead                           Min: 0, Avg:  0.0, Max: 0, Diff: 0, Sum: 0, Workers: 4
[114.650s][debug][gc,phases      ] GC(13)     Total                          Min: 0, Avg:  0.0, Max: 0, Diff: 0, Sum: 0, Workers: 4
[114.650s][debug][gc,phases      ] GC(13)   StringTable Weak               Min:  0.0, Avg:  0.3, Max:  0.4, Diff:  0.4, Sum:  1.1, Workers: 4
[114.650s][debug][gc,phases      ] GC(13)     Dead                           Min: 0, Avg:  0.0, Max: 0, Diff: 0, Sum: 0, Workers: 4
[114.650s][debug][gc,phases      ] GC(13)     Total                          Min: 0, Avg: 10494.5, Max: 16896, Diff: 16896, Sum: 41978, Workers: 4
[114.650s][debug][gc,phases      ] GC(13)   ResolvedMethodTable Weak       Min:  0.0, Avg:  0.1, Max:  0.1, Diff:  0.1, Sum:  0.3, Workers: 4
[114.650s][debug][gc,phases      ] GC(13)     Dead                           Min: 0, Avg:  0.0, Max: 0, Diff: 0, Sum: 0, Workers: 4
[114.650s][debug][gc,phases      ] GC(13)     Total                          Min: 0, Avg: 2040.5, Max: 2744, Diff: 2744, Sum: 8162, Workers: 4
[114.650s][debug][gc,phases      ] GC(13)   JNI Weak                       Min:  0.0, Avg:  0.0, Max:  0.0, Diff:  0.0, Sum:  0.0, Workers: 4
[114.650s][debug][gc,phases      ] GC(13)     Dead                           Min: 0, Avg:  0.0, Max: 0, Diff: 0, Sum: 0, Workers: 4
[114.650s][debug][gc,phases      ] GC(13)     Total                          Min: 0, Avg: 11.2, Max: 45, Diff: 45, Sum: 45, Workers: 4
[114.650s][debug][gc,phases      ] GC(13)   StringDedup Table Weak         Min:  0.0, Avg:  0.0, Max:  0.0, Diff:  0.0, Sum:  0.0, Workers: 4
[114.650s][debug][gc,phases      ] GC(13)     Dead                           Min: 0, Avg:  0.0, Max: 0, Diff: 0, Sum: 0, Workers: 4
[114.650s][debug][gc,phases      ] GC(13)     Total                          Min: 0, Avg:  0.0, Max: 0, Diff: 0, Sum: 0, Workers: 4
[114.650s][debug][gc,phases      ] GC(13)   StringDedup Requests0 Weak     Min:  0.0, Avg:  0.0, Max:  0.0, Diff:  0.0, Sum:  0.0, Workers: 4
[114.650s][debug][gc,phases      ] GC(13)     Dead                           Min: 0, Avg:  0.0, Max: 0, Diff: 0, Sum: 0, Workers: 4
[114.650s][debug][gc,phases      ] GC(13)     Total                          Min: 0, Avg:  0.0, Max: 0, Diff: 0, Sum: 0, Workers: 4
[114.650s][debug][gc,phases      ] GC(13)   StringDedup Requests1 Weak     Min:  0.0, Avg:  0.0, Max:  0.0, Diff:  0.0, Sum:  0.0, Workers: 4
[114.650s][debug][gc,phases      ] GC(13)     Dead                           Min: 0, Avg:  0.0, Max: 0, Diff: 0, Sum: 0, Workers: 4
[114.650s][debug][gc,phases      ] GC(13)     Total                          Min: 0, Avg:  0.0, Max: 0, Diff: 0, Sum: 0, Workers: 4
[114.650s][debug][gc,phases      ] GC(13)   Weak JFR Old Object Samples    Min:  0.0, Avg:  0.0, Max:  0.0, Diff:  0.0, Sum:  0.0, Workers: 4
[114.650s][debug][gc,phases      ] GC(13)     Dead                           Min: 0, Avg:  0.0, Max: 0, Diff: 0, Sum: 0, Workers: 4
[114.650s][debug][gc,phases      ] GC(13)     Total                          Min: 0, Avg:  0.0, Max: 0, Diff: 0, Sum: 0, Workers: 4
[114.650s][debug][gc,phases      ] GC(13) Weak Processing 0.680ms
[114.650s][debug][gc,age         ] GC(13) Desired survivor size 380633088 bytes, new threshold 13 (max threshold 15)
[114.650s][info ][gc,heap        ] GC(13) PSYoungGen: 1546575K(1698816K)->234386K(1725440K) Eden: 1312256K(1312256K)->0K(1346560K) From: 234319K(386560K)->234386K(378880K)
[114.650s][info ][gc,heap        ] GC(13) ParOldGen: 16974K(38912K)->17010K(38912K)
[114.650s][info ][gc,metaspace   ] GC(13) Metaspace: 75615K(76480K)->75615K(76480K) NonClass: 64744K(65216K)->64744K(65216K) Class: 10871K(11264K)->10871K(11264K)
[114.650s][info ][gc             ] GC(13) Pause Young (Allocation Failure) 1526M->245M(1723M) 83.814ms
[114.650s][info ][gc,cpu         ] GC(13) User=0.30s Sys=0.00s Real=0.09s
[114.650s][info ][safepoint      ] Safepoint "ParallelGCFailedAllocation", Time since last: 148044926 ns, Reaching safepoint: 21700 ns, At safepoint: 83880252 ns, Total: 83901952 ns
[115.650s][info ][safepoint      ] Safepoint "Cleanup", Time since last: 1000086322 ns, Reaching safepoint: 46501 ns, At safepoint: 4600 ns, Total: 51101 ns
[117.650s][info ][safepoint      ] Safepoint "Cleanup", Time since last: 2000196139 ns, Reaching safepoint: 49600 ns, At safepoint: 3000 ns, Total: 52600 ns
[118.650s][info ][safepoint      ] Safepoint "Cleanup", Time since last: 1000112570 ns, Reaching safepoint: 45901 ns, At safepoint: 2800 ns, Total: 48701 ns
[119.651s][info ][safepoint      ] Safepoint "Cleanup", Time since last: 1000112869 ns, Reaching safepoint: 51701 ns, At safepoint: 3000 ns, Total: 54701 ns
[120.651s][info ][safepoint      ] Safepoint "Cleanup", Time since last: 1000109270 ns, Reaching safepoint: 61900 ns, At safepoint: 2600 ns, Total: 64500 ns
[124.651s][info ][safepoint      ] Safepoint "Cleanup", Time since last: 4000296941 ns, Reaching safepoint: 41700 ns, At safepoint: 4100 ns, Total: 45800 ns
[125.651s][info ][safepoint      ] Safepoint "Cleanup", Time since last: 1000112335 ns, Reaching safepoint: 60601 ns, At safepoint: 2800 ns, Total: 63401 ns
[126.652s][info ][safepoint      ] Safepoint "Cleanup", Time since last: 1000115635 ns, Reaching safepoint: 37700 ns, At safepoint: 2400 ns, Total: 40100 ns
[127.652s][info ][safepoint      ] Safepoint "Cleanup", Time since last: 1000116435 ns, Reaching safepoint: 37701 ns, At safepoint: 2600 ns, Total: 40301 ns
[128.652s][info ][safepoint      ] Safepoint "Cleanup", Time since last: 1000118935 ns, Reaching safepoint: 48100 ns, At safepoint: 3900 ns, Total: 52000 ns
[129.652s][info ][safepoint      ] Safepoint "Cleanup", Time since last: 1000114127 ns, Reaching safepoint: 49501 ns, At safepoint: 5800 ns, Total: 55301 ns
[130.652s][info ][safepoint      ] Safepoint "Cleanup", Time since last: 1000108826 ns, Reaching safepoint: 41401 ns, At safepoint: 2700 ns, Total: 44101 ns
[132.652s][info ][safepoint      ] Safepoint "Cleanup", Time since last: 2000164852 ns, Reaching safepoint: 44000 ns, At safepoint: 1700 ns, Total: 45700 ns
[134.724s][info ][safepoint      ] Safepoint "Cleanup", Time since last: 2071362801 ns, Reaching safepoint: 101301 ns, At safepoint: 6400 ns, Total: 107701 ns
[136.275s][info ][safepoint      ] Safepoint "Cleanup", Time since last: 1551521074 ns, Reaching safepoint: 53101 ns, At safepoint: 2300 ns, Total: 55401 ns
[137.276s][info ][safepoint      ] Safepoint "Cleanup", Time since last: 1000098703 ns, Reaching safepoint: 36401 ns, At safepoint: 2100 ns, Total: 38501 ns
[138.276s][info ][safepoint      ] Safepoint "Cleanup", Time since last: 1000099388 ns, Reaching safepoint: 42000 ns, At safepoint: 4200 ns, Total: 46200 ns
[139.276s][info ][safepoint      ] Safepoint "Cleanup", Time since last: 1000078688 ns, Reaching safepoint: 36700 ns, At safepoint: 8301 ns, Total: 45001 ns
[143.766s][info ][gc,start       ] GC(14) Pause Young (Allocation Failure)
[143.855s][debug][gc,phases      ] GC(14) Scavenge 89.756ms
[143.855s][debug][gc,ref         ] GC(14) Skipped phase 1 of Reference Processing: no references
[143.856s][debug][gc,ref         ] GC(14) ReferenceProcessor::execute queues: 4, RefProcThreadModel::Multi, marks_oops_alive: false
[143.857s][debug][gc,ref         ] GC(14) Skipped phase 3 of Reference Processing: no references
[143.857s][debug][gc,ref         ] GC(14) ReferenceProcessor::execute queues: 1, RefProcThreadModel::Single, marks_oops_alive: false
[143.857s][debug][gc,phases      ] GC(14) Reference Processing 1.113ms
[143.857s][debug][gc,phases      ] GC(14)   VM Weak                        Min:  0.0, Avg:  0.0, Max:  0.0, Diff:  0.0, Sum:  0.0, Workers: 4
[143.857s][debug][gc,phases      ] GC(14)     Dead                           Min: 0, Avg:  0.0, Max: 0, Diff: 0, Sum: 0, Workers: 4
[143.857s][debug][gc,phases      ] GC(14)     Total                          Min: 0, Avg: 163.8, Max: 384, Diff: 384, Sum: 655, Workers: 4
[143.857s][debug][gc,phases      ] GC(14)   ObjectSynchronizer Weak        Min:  0.0, Avg:  0.0, Max:  0.0, Diff:  0.0, Sum:  0.0, Workers: 4
[143.857s][debug][gc,phases      ] GC(14)     Dead                           Min: 0, Avg:  0.0, Max: 0, Diff: 0, Sum: 0, Workers: 4
[143.857s][debug][gc,phases      ] GC(14)     Total                          Min: 0, Avg:  6.0, Max: 24, Diff: 24, Sum: 24, Workers: 4
[143.857s][debug][gc,phases      ] GC(14)   JVMTI Tag Weak OopStorage      Min:  0.0, Avg:  0.0, Max:  0.0, Diff:  0.0, Sum:  0.0, Workers: 4
[143.857s][debug][gc,phases      ] GC(14)     Dead                           Min: 0, Avg:  0.0, Max: 0, Diff: 0, Sum: 0, Workers: 4
[143.857s][debug][gc,phases      ] GC(14)     Total                          Min: 0, Avg:  0.0, Max: 0, Diff: 0, Sum: 0, Workers: 4
[143.857s][debug][gc,phases      ] GC(14)   StringTable Weak               Min:  0.0, Avg:  0.3, Max:  0.4, Diff:  0.4, Sum:  1.1, Workers: 4
[143.857s][debug][gc,phases      ] GC(14)     Dead                           Min: 0, Avg:  0.0, Max: 0, Diff: 0, Sum: 0, Workers: 4
[143.857s][debug][gc,phases      ] GC(14)     Total                          Min: 0, Avg: 10502.5, Max: 14810, Diff: 14810, Sum: 42010, Workers: 4
[143.857s][debug][gc,phases      ] GC(14)   ResolvedMethodTable Weak       Min:  0.0, Avg:  0.1, Max:  0.1, Diff:  0.1, Sum:  0.2, Workers: 4
[143.857s][debug][gc,phases      ] GC(14)     Dead                           Min: 0, Avg:  0.2, Max: 1, Diff: 1, Sum: 1, Workers: 4
[143.857s][debug][gc,phases      ] GC(14)     Total                          Min: 0, Avg: 2040.5, Max: 2787, Diff: 2787, Sum: 8162, Workers: 4
[143.857s][debug][gc,phases      ] GC(14)   JNI Weak                       Min:  0.0, Avg:  0.0, Max:  0.0, Diff:  0.0, Sum:  0.0, Workers: 4
[143.857s][debug][gc,phases      ] GC(14)     Dead                           Min: 0, Avg:  0.0, Max: 0, Diff: 0, Sum: 0, Workers: 4
[143.857s][debug][gc,phases      ] GC(14)     Total                          Min: 0, Avg: 11.2, Max: 45, Diff: 45, Sum: 45, Workers: 4
[143.857s][debug][gc,phases      ] GC(14)   StringDedup Table Weak         Min:  0.0, Avg:  0.0, Max:  0.0, Diff:  0.0, Sum:  0.0, Workers: 4
[143.857s][debug][gc,phases      ] GC(14)     Dead                           Min: 0, Avg:  0.0, Max: 0, Diff: 0, Sum: 0, Workers: 4
[143.857s][debug][gc,phases      ] GC(14)     Total                          Min: 0, Avg:  0.0, Max: 0, Diff: 0, Sum: 0, Workers: 4
[143.857s][debug][gc,phases      ] GC(14)   StringDedup Requests0 Weak     Min:  0.0, Avg:  0.0, Max:  0.0, Diff:  0.0, Sum:  0.0, Workers: 4
[143.857s][debug][gc,phases      ] GC(14)     Dead                           Min: 0, Avg:  0.0, Max: 0, Diff: 0, Sum: 0, Workers: 4
[143.857s][debug][gc,phases      ] GC(14)     Total                          Min: 0, Avg:  0.0, Max: 0, Diff: 0, Sum: 0, Workers: 4
[143.857s][debug][gc,phases      ] GC(14)   StringDedup Requests1 Weak     Min:  0.0, Avg:  0.0, Max:  0.0, Diff:  0.0, Sum:  0.0, Workers: 4
[143.857s][debug][gc,phases      ] GC(14)     Dead                           Min: 0, Avg:  0.0, Max: 0, Diff: 0, Sum: 0, Workers: 4
[143.857s][debug][gc,phases      ] GC(14)     Total                          Min: 0, Avg:  0.0, Max: 0, Diff: 0, Sum: 0, Workers: 4
[143.857s][debug][gc,phases      ] GC(14)   Weak JFR Old Object Samples    Min:  0.0, Avg:  0.0, Max:  0.0, Diff:  0.0, Sum:  0.0, Workers: 4
[143.857s][debug][gc,phases      ] GC(14)     Dead                           Min: 0, Avg:  0.0, Max: 0, Diff: 0, Sum: 0, Workers: 4
[143.857s][debug][gc,phases      ] GC(14)     Total                          Min: 0, Avg:  0.0, Max: 0, Diff: 0, Sum: 0, Workers: 4
[143.857s][debug][gc,phases      ] GC(14) Weak Processing 0.609ms
[143.857s][debug][gc,age         ] GC(14) Desired survivor size 373817344 bytes, new threshold 14 (max threshold 15)
[143.857s][info ][gc,heap        ] GC(14) PSYoungGen: 1580946K(1725440K)->234510K(1718272K) Eden: 1346560K(1346560K)->0K(1346560K) From: 234386K(378880K)->234510K(371712K)
[143.857s][info ][gc,heap        ] GC(14) ParOldGen: 17010K(38912K)->17018K(38912K)
[143.857s][info ][gc,metaspace   ] GC(14) Metaspace: 75624K(76480K)->75624K(76480K) NonClass: 64752K(65216K)->64752K(65216K) Class: 10871K(11264K)->10871K(11264K)
[143.857s][info ][gc             ] GC(14) Pause Young (Allocation Failure) 1560M->245M(1716M) 91.598ms
[143.857s][info ][gc,cpu         ] GC(14) User=0.29s Sys=0.00s Real=0.10s
[143.857s][info ][safepoint      ] Safepoint "ParallelGCFailedAllocation", Time since last: 4489759354 ns, Reaching safepoint: 23100 ns, At safepoint: 91666418 ns, Total: 91689518 ns
[145.858s][info ][safepoint      ] Safepoint "Cleanup", Time since last: 2000153539 ns, Reaching safepoint: 115201 ns, At safepoint: 8500 ns, Total: 123701 ns
[147.858s][info ][safepoint      ] Safepoint "Cleanup", Time since last: 2000186784 ns, Reaching safepoint: 39501 ns, At safepoint: 2600 ns, Total: 42101 ns
[148.858s][info ][safepoint      ] Safepoint "Cleanup", Time since last: 1000111942 ns, Reaching safepoint: 44401 ns, At safepoint: 4300 ns, Total: 48701 ns
[149.858s][info ][safepoint      ] Safepoint "Cleanup", Time since last: 1000106642 ns, Reaching safepoint: 36700 ns, At safepoint: 3300 ns, Total: 40000 ns
[150.858s][info ][safepoint      ] Safepoint "Cleanup", Time since last: 1000116243 ns, Reaching safepoint: 54800 ns, At safepoint: 2700 ns, Total: 57500 ns
[151.858s][info ][safepoint      ] Safepoint "Cleanup", Time since last: 1000117043 ns, Reaching safepoint: 51100 ns, At safepoint: 4400 ns, Total: 55500 ns
[156.859s][info ][safepoint      ] Safepoint "Cleanup", Time since last: 5000331814 ns, Reaching safepoint: 43701 ns, At safepoint: 2600 ns, Total: 46301 ns
[157.859s][info ][safepoint      ] Safepoint "Cleanup", Time since last: 1000100571 ns, Reaching safepoint: 42001 ns, At safepoint: 2900 ns, Total: 44901 ns
[158.859s][info ][safepoint      ] Safepoint "Cleanup", Time since last: 1000111471 ns, Reaching safepoint: 47301 ns, At safepoint: 2800 ns, Total: 50101 ns
[159.859s][info ][safepoint      ] Safepoint "Cleanup", Time since last: 1000108971 ns, Reaching safepoint: 53801 ns, At safepoint: 4200 ns, Total: 58001 ns
[160.859s][info ][safepoint      ] Safepoint "Cleanup", Time since last: 1000071178 ns, Reaching safepoint: 38401 ns, At safepoint: 3800 ns, Total: 42201 ns
[163.860s][info ][safepoint      ] Safepoint "Cleanup", Time since last: 3000232149 ns, Reaching safepoint: 51401 ns, At safepoint: 5400 ns, Total: 56801 ns
[165.860s][info ][safepoint      ] Safepoint "Cleanup", Time since last: 2000128333 ns, Reaching safepoint: 40700 ns, At safepoint: 2500 ns, Total: 43200 ns
[166.860s][info ][safepoint      ] Safepoint "Cleanup", Time since last: 1000104917 ns, Reaching safepoint: 36500 ns, At safepoint: 3000 ns, Total: 39500 ns
[168.860s][info ][safepoint      ] Safepoint "Cleanup", Time since last: 2000166936 ns, Reaching safepoint: 43701 ns, At safepoint: 2200 ns, Total: 45901 ns
[169.860s][info ][safepoint      ] Safepoint "Cleanup", Time since last: 1000098632 ns, Reaching safepoint: 32001 ns, At safepoint: 3400 ns, Total: 35401 ns
[171.861s][info ][safepoint      ] Safepoint "Cleanup", Time since last: 2000168565 ns, Reaching safepoint: 49900 ns, At safepoint: 5900 ns, Total: 55800 ns
[172.265s][info ][gc,start       ] GC(15) Pause Young (Allocation Failure)
[172.343s][debug][gc,phases      ] GC(15) Scavenge 78.232ms
[172.343s][debug][gc,ref         ] GC(15) Skipped phase 1 of Reference Processing: no references
[172.343s][debug][gc,ref         ] GC(15) ReferenceProcessor::execute queues: 4, RefProcThreadModel::Multi, marks_oops_alive: false
[172.344s][debug][gc,ref         ] GC(15) Skipped phase 3 of Reference Processing: no references
[172.344s][debug][gc,ref         ] GC(15) ReferenceProcessor::execute queues: 1, RefProcThreadModel::Single, marks_oops_alive: false
[172.344s][debug][gc,phases      ] GC(15) Reference Processing 1.059ms
[172.345s][debug][gc,phases      ] GC(15)   VM Weak                        Min:  0.0, Avg:  0.0, Max:  0.0, Diff:  0.0, Sum:  0.0, Workers: 4
[172.345s][debug][gc,phases      ] GC(15)     Dead                           Min: 0, Avg:  0.0, Max: 0, Diff: 0, Sum: 0, Workers: 4
[172.345s][debug][gc,phases      ] GC(15)     Total                          Min: 0, Avg: 163.8, Max: 448, Diff: 448, Sum: 655, Workers: 4
[172.345s][debug][gc,phases      ] GC(15)   ObjectSynchronizer Weak        Min:  0.0, Avg:  0.0, Max:  0.0, Diff:  0.0, Sum:  0.0, Workers: 4
[172.345s][debug][gc,phases      ] GC(15)     Dead                           Min: 0, Avg:  0.0, Max: 0, Diff: 0, Sum: 0, Workers: 4
[172.345s][debug][gc,phases      ] GC(15)     Total                          Min: 0, Avg:  6.0, Max: 24, Diff: 24, Sum: 24, Workers: 4
[172.345s][debug][gc,phases      ] GC(15)   JVMTI Tag Weak OopStorage      Min:  0.0, Avg:  0.0, Max:  0.0, Diff:  0.0, Sum:  0.0, Workers: 4
[172.345s][debug][gc,phases      ] GC(15)     Dead                           Min: 0, Avg:  0.0, Max: 0, Diff: 0, Sum: 0, Workers: 4
[172.345s][debug][gc,phases      ] GC(15)     Total                          Min: 0, Avg:  0.0, Max: 0, Diff: 0, Sum: 0, Workers: 4
[172.345s][debug][gc,phases      ] GC(15)   StringTable Weak               Min:  0.0, Avg:  0.3, Max:  0.5, Diff:  0.5, Sum:  1.3, Workers: 4
[172.345s][debug][gc,phases      ] GC(15)     Dead                           Min: 0, Avg:  0.0, Max: 0, Diff: 0, Sum: 0, Workers: 4
[172.345s][debug][gc,phases      ] GC(15)     Total                          Min: 1472, Avg: 10509.2, Max: 14837, Diff: 13365, Sum: 42037, Workers: 4
[172.345s][debug][gc,phases      ] GC(15)   ResolvedMethodTable Weak       Min:  0.0, Avg:  0.1, Max:  0.1, Diff:  0.1, Sum:  0.3, Workers: 4
[172.345s][debug][gc,phases      ] GC(15)     Dead                           Min: 0, Avg:  0.0, Max: 0, Diff: 0, Sum: 0, Workers: 4
[172.345s][debug][gc,phases      ] GC(15)     Total                          Min: 0, Avg: 2040.5, Max: 2795, Diff: 2795, Sum: 8162, Workers: 4
[172.345s][debug][gc,phases      ] GC(15)   JNI Weak                       Min:  0.0, Avg:  0.0, Max:  0.0, Diff:  0.0, Sum:  0.0, Workers: 4
[172.345s][debug][gc,phases      ] GC(15)     Dead                           Min: 0, Avg:  0.0, Max: 0, Diff: 0, Sum: 0, Workers: 4
[172.345s][debug][gc,phases      ] GC(15)     Total                          Min: 0, Avg: 11.2, Max: 45, Diff: 45, Sum: 45, Workers: 4
[172.345s][debug][gc,phases      ] GC(15)   StringDedup Table Weak         Min:  0.0, Avg:  0.0, Max:  0.0, Diff:  0.0, Sum:  0.0, Workers: 4
[172.345s][debug][gc,phases      ] GC(15)     Dead                           Min: 0, Avg:  0.0, Max: 0, Diff: 0, Sum: 0, Workers: 4
[172.345s][debug][gc,phases      ] GC(15)     Total                          Min: 0, Avg:  0.0, Max: 0, Diff: 0, Sum: 0, Workers: 4
[172.345s][debug][gc,phases      ] GC(15)   StringDedup Requests0 Weak     Min:  0.0, Avg:  0.0, Max:  0.0, Diff:  0.0, Sum:  0.0, Workers: 4
[172.345s][debug][gc,phases      ] GC(15)     Dead                           Min: 0, Avg:  0.0, Max: 0, Diff: 0, Sum: 0, Workers: 4
[172.345s][debug][gc,phases      ] GC(15)     Total                          Min: 0, Avg:  0.0, Max: 0, Diff: 0, Sum: 0, Workers: 4
[172.345s][debug][gc,phases      ] GC(15)   StringDedup Requests1 Weak     Min:  0.0, Avg:  0.0, Max:  0.0, Diff:  0.0, Sum:  0.0, Workers: 4
[172.345s][debug][gc,phases      ] GC(15)     Dead                           Min: 0, Avg:  0.0, Max: 0, Diff: 0, Sum: 0, Workers: 4
[172.345s][debug][gc,phases      ] GC(15)     Total                          Min: 0, Avg:  0.0, Max: 0, Diff: 0, Sum: 0, Workers: 4
[172.345s][debug][gc,phases      ] GC(15)   Weak JFR Old Object Samples    Min:  0.0, Avg:  0.0, Max:  0.0, Diff:  0.0, Sum:  0.0, Workers: 4
[172.345s][debug][gc,phases      ] GC(15)     Dead                           Min: 0, Avg:  0.0, Max: 0, Diff: 0, Sum: 0, Workers: 4
[172.345s][debug][gc,phases      ] GC(15)     Total                          Min: 0, Avg:  0.0, Max: 0, Diff: 0, Sum: 0, Workers: 4
[172.345s][debug][gc,phases      ] GC(15) Weak Processing 0.658ms
[172.345s][debug][gc,age         ] GC(15) Desired survivor size 366477312 bytes, new threshold 15 (max threshold 15)
[172.345s][info ][gc,heap        ] GC(15) PSYoungGen: 1581070K(1718272K)->234159K(1739264K) Eden: 1346560K(1346560K)->0K(1374208K) From: 234510K(371712K)->234159K(365056K)
[172.345s][info ][gc,heap        ] GC(15) ParOldGen: 17018K(38912K)->17026K(38912K)
[172.345s][info ][gc,metaspace   ] GC(15) Metaspace: 75630K(76480K)->75630K(76480K) NonClass: 64759K(65216K)->64759K(65216K) Class: 10871K(11264K)->10871K(11264K)
[172.345s][info ][gc             ] GC(15) Pause Young (Allocation Failure) 1560M->245M(1736M) 80.071ms
[172.345s][info ][gc,cpu         ] GC(15) User=0.29s Sys=0.00s Real=0.08s
[172.345s][info ][safepoint      ] Safepoint "ParallelGCFailedAllocation", Time since last: 404021986 ns, Reaching safepoint: 27601 ns, At safepoint: 80138768 ns, Total: 80166369 ns
[174.345s][info ][safepoint      ] Safepoint "Cleanup", Time since last: 2000155165 ns, Reaching safepoint: 44600 ns, At safepoint: 3100 ns, Total: 47700 ns
[175.345s][info ][safepoint      ] Safepoint "Cleanup", Time since last: 1000107133 ns, Reaching safepoint: 51101 ns, At safepoint: 5800 ns, Total: 56901 ns
[180.346s][info ][safepoint      ] Safepoint "Cleanup", Time since last: 5000360309 ns, Reaching safepoint: 39501 ns, At safepoint: 5500 ns, Total: 45001 ns
[184.346s][info ][safepoint      ] Safepoint "Cleanup", Time since last: 4000318062 ns, Reaching safepoint: 53001 ns, At safepoint: 2600 ns, Total: 55601 ns
[191.346s][info ][safepoint      ] Safepoint "Cleanup", Time since last: 7000535316 ns, Reaching safepoint: 39201 ns, At safepoint: 3400 ns, Total: 42601 ns
[202.265s][info ][gc,start       ] GC(16) Pause Young (Allocation Failure)
[202.350s][debug][gc,phases      ] GC(16) Scavenge 84.887ms
[202.350s][debug][gc,ref         ] GC(16) Skipped phase 1 of Reference Processing: no references
[202.350s][debug][gc,ref         ] GC(16) ReferenceProcessor::execute queues: 4, RefProcThreadModel::Multi, marks_oops_alive: false
[202.351s][debug][gc,ref         ] GC(16) Skipped phase 3 of Reference Processing: no references
[202.351s][debug][gc,ref         ] GC(16) ReferenceProcessor::execute queues: 1, RefProcThreadModel::Single, marks_oops_alive: false
[202.351s][debug][gc,phases      ] GC(16) Reference Processing 0.972ms
[202.352s][debug][gc,phases      ] GC(16)   VM Weak                        Min:  0.0, Avg:  0.0, Max:  0.0, Diff:  0.0, Sum:  0.0, Workers: 4
[202.352s][debug][gc,phases      ] GC(16)     Dead                           Min: 0, Avg:  0.0, Max: 0, Diff: 0, Sum: 0, Workers: 4
[202.352s][debug][gc,phases      ] GC(16)     Total                          Min: 0, Avg: 163.8, Max: 384, Diff: 384, Sum: 655, Workers: 4
[202.352s][debug][gc,phases      ] GC(16)   ObjectSynchronizer Weak        Min:  0.0, Avg:  0.0, Max:  0.0, Diff:  0.0, Sum:  0.0, Workers: 4
[202.352s][debug][gc,phases      ] GC(16)     Dead                           Min: 0, Avg:  0.0, Max: 0, Diff: 0, Sum: 0, Workers: 4
[202.352s][debug][gc,phases      ] GC(16)     Total                          Min: 0, Avg:  6.0, Max: 24, Diff: 24, Sum: 24, Workers: 4
[202.352s][debug][gc,phases      ] GC(16)   JVMTI Tag Weak OopStorage      Min:  0.0, Avg:  0.0, Max:  0.0, Diff:  0.0, Sum:  0.0, Workers: 4
[202.352s][debug][gc,phases      ] GC(16)     Dead                           Min: 0, Avg:  0.0, Max: 0, Diff: 0, Sum: 0, Workers: 4
[202.352s][debug][gc,phases      ] GC(16)     Total                          Min: 0, Avg:  0.0, Max: 0, Diff: 0, Sum: 0, Workers: 4
[202.352s][debug][gc,phases      ] GC(16)   StringTable Weak               Min:  0.0, Avg:  0.3, Max:  0.4, Diff:  0.4, Sum:  1.1, Workers: 4
[202.352s][debug][gc,phases      ] GC(16)     Dead                           Min: 0, Avg:  0.0, Max: 0, Diff: 0, Sum: 0, Workers: 4
[202.352s][debug][gc,phases      ] GC(16)     Total                          Min: 0, Avg: 10515.8, Max: 14336, Diff: 14336, Sum: 42063, Workers: 4
[202.352s][debug][gc,phases      ] GC(16)   ResolvedMethodTable Weak       Min:  0.0, Avg:  0.1, Max:  0.1, Diff:  0.1, Sum:  0.3, Workers: 4
[202.352s][debug][gc,phases      ] GC(16)     Dead                           Min: 0, Avg:  0.0, Max: 0, Diff: 0, Sum: 0, Workers: 4
[202.352s][debug][gc,phases      ] GC(16)     Total                          Min: 0, Avg: 2040.5, Max: 3128, Diff: 3128, Sum: 8162, Workers: 4
[202.352s][debug][gc,phases      ] GC(16)   JNI Weak                       Min:  0.0, Avg:  0.0, Max:  0.0, Diff:  0.0, Sum:  0.0, Workers: 4
[202.352s][debug][gc,phases      ] GC(16)     Dead                           Min: 0, Avg:  0.0, Max: 0, Diff: 0, Sum: 0, Workers: 4
[202.352s][debug][gc,phases      ] GC(16)     Total                          Min: 0, Avg: 11.2, Max: 45, Diff: 45, Sum: 45, Workers: 4
[202.352s][debug][gc,phases      ] GC(16)   StringDedup Table Weak         Min:  0.0, Avg:  0.0, Max:  0.0, Diff:  0.0, Sum:  0.0, Workers: 4
[202.352s][debug][gc,phases      ] GC(16)     Dead                           Min: 0, Avg:  0.0, Max: 0, Diff: 0, Sum: 0, Workers: 4
[202.352s][debug][gc,phases      ] GC(16)     Total                          Min: 0, Avg:  0.0, Max: 0, Diff: 0, Sum: 0, Workers: 4
[202.352s][debug][gc,phases      ] GC(16)   StringDedup Requests0 Weak     Min:  0.0, Avg:  0.0, Max:  0.0, Diff:  0.0, Sum:  0.0, Workers: 4
[202.352s][debug][gc,phases      ] GC(16)     Dead                           Min: 0, Avg:  0.0, Max: 0, Diff: 0, Sum: 0, Workers: 4
[202.352s][debug][gc,phases      ] GC(16)     Total                          Min: 0, Avg:  0.0, Max: 0, Diff: 0, Sum: 0, Workers: 4
[202.352s][debug][gc,phases      ] GC(16)   StringDedup Requests1 Weak     Min:  0.0, Avg:  0.0, Max:  0.0, Diff:  0.0, Sum:  0.0, Workers: 4
[202.352s][debug][gc,phases      ] GC(16)     Dead                           Min: 0, Avg:  0.0, Max: 0, Diff: 0, Sum: 0, Workers: 4
[202.352s][debug][gc,phases      ] GC(16)     Total                          Min: 0, Avg:  0.0, Max: 0, Diff: 0, Sum: 0, Workers: 4
[202.352s][debug][gc,phases      ] GC(16)   Weak JFR Old Object Samples    Min:  0.0, Avg:  0.0, Max:  0.0, Diff:  0.0, Sum:  0.0, Workers: 4
[202.352s][debug][gc,phases      ] GC(16)     Dead                           Min: 0, Avg:  0.0, Max: 0, Diff: 0, Sum: 0, Workers: 4
[202.352s][debug][gc,phases      ] GC(16)     Total                          Min: 0, Avg:  0.0, Max: 0, Diff: 0, Sum: 0, Workers: 4
[202.352s][debug][gc,phases      ] GC(16) Weak Processing 0.765ms
[202.352s][debug][gc,age         ] GC(16) Desired survivor size 359137280 bytes, new threshold 15 (max threshold 15)
[202.352s][info ][gc,heap        ] GC(16) PSYoungGen: 1608367K(1739264K)->234115K(1732096K) Eden: 1374208K(1374208K)->0K(1374208K) From: 234159K(365056K)->234115K(357888K)
[202.352s][info ][gc,heap        ] GC(16) ParOldGen: 17026K(38912K)->17034K(38912K)
[202.352s][info ][gc,metaspace   ] GC(16) Metaspace: 75637K(76480K)->75637K(76480K) NonClass: 64765K(65216K)->64765K(65216K) Class: 10871K(11264K)->10871K(11264K)
[202.352s][info ][gc             ] GC(16) Pause Young (Allocation Failure) 1587M->245M(1729M) 86.781ms
[202.352s][info ][gc,cpu         ] GC(16) User=0.27s Sys=0.01s Real=0.09s
[202.352s][info ][safepoint      ] Safepoint "ParallelGCFailedAllocation", Time since last: 10918510439 ns, Reaching safepoint: 38101 ns, At safepoint: 86859268 ns, Total: 86897369 ns
[203.352s][info ][safepoint      ] Safepoint "Cleanup", Time since last: 1000087252 ns, Reaching safepoint: 46001 ns, At safepoint: 4000 ns, Total: 50001 ns
[205.352s][info ][safepoint      ] Safepoint "Cleanup", Time since last: 2000180503 ns, Reaching safepoint: 41501 ns, At safepoint: 2500 ns, Total: 44001 ns
[208.353s][info ][safepoint      ] Safepoint "Cleanup", Time since last: 3000247355 ns, Reaching safepoint: 46901 ns, At safepoint: 4000 ns, Total: 50901 ns
[209.353s][info ][safepoint      ] Safepoint "Cleanup", Time since last: 1000109591 ns, Reaching safepoint: 151502 ns, At safepoint: 6800 ns, Total: 158302 ns
[210.353s][info ][safepoint      ] Safepoint "Cleanup", Time since last: 1000112552 ns, Reaching safepoint: 71401 ns, At safepoint: 2800 ns, Total: 74201 ns
[211.353s][info ][safepoint      ] Safepoint "Cleanup", Time since last: 1000105751 ns, Reaching safepoint: 96101 ns, At safepoint: 3201 ns, Total: 99302 ns
[212.353s][info ][safepoint      ] Safepoint "Cleanup", Time since last: 1000120051 ns, Reaching safepoint: 52901 ns, At safepoint: 3100 ns, Total: 56001 ns
[213.354s][info ][safepoint      ] Safepoint "Cleanup", Time since last: 1000108352 ns, Reaching safepoint: 146002 ns, At safepoint: 5500 ns, Total: 151502 ns
[214.870s][info ][safepoint      ] Safepoint "Cleanup", Time since last: 1516469245 ns, Reaching safepoint: 140202 ns, At safepoint: 5200 ns, Total: 145402 ns
[215.487s][info ][safepoint      ] Safepoint "ParallelGCFailedAllocation", Time since last: 616896636 ns, Reaching safepoint: 69501 ns, At safepoint: 10400 ns, Total: 79901 ns
[215.487s][info ][gc,start       ] GC(17) Pause Young (Allocation Failure)
[215.585s][debug][gc,phases      ] GC(17) Scavenge 98.080ms
[215.586s][debug][gc,ref         ] GC(17) Skipped phase 1 of Reference Processing: no references
[215.586s][debug][gc,ref         ] GC(17) ReferenceProcessor::execute queues: 4, RefProcThreadModel::Multi, marks_oops_alive: false
[215.586s][debug][gc,ref         ] GC(17) Skipped phase 3 of Reference Processing: no references
[215.586s][debug][gc,ref         ] GC(17) ReferenceProcessor::execute queues: 1, RefProcThreadModel::Single, marks_oops_alive: false
[215.586s][debug][gc,phases      ] GC(17) Reference Processing 0.751ms
[215.587s][debug][gc,phases      ] GC(17)   VM Weak                        Min:  0.0, Avg:  0.0, Max:  0.0, Diff:  0.0, Sum:  0.0, Workers: 4
[215.587s][debug][gc,phases      ] GC(17)     Dead                           Min: 0, Avg:  0.0, Max: 0, Diff: 0, Sum: 0, Workers: 4
[215.587s][debug][gc,phases      ] GC(17)     Total                          Min: 64, Avg: 171.5, Max: 320, Diff: 256, Sum: 686, Workers: 4
[215.587s][debug][gc,phases      ] GC(17)   ObjectSynchronizer Weak        Min:  0.0, Avg:  0.0, Max:  0.0, Diff:  0.0, Sum:  0.0, Workers: 4
[215.587s][debug][gc,phases      ] GC(17)     Dead                           Min: 0, Avg:  0.2, Max: 1, Diff: 1, Sum: 1, Workers: 4
[215.587s][debug][gc,phases      ] GC(17)     Total                          Min: 0, Avg:  6.2, Max: 25, Diff: 25, Sum: 25, Workers: 4
[215.587s][debug][gc,phases      ] GC(17)   JVMTI Tag Weak OopStorage      Min:  0.0, Avg:  0.0, Max:  0.0, Diff:  0.0, Sum:  0.0, Workers: 4
[215.587s][debug][gc,phases      ] GC(17)     Dead                           Min: 0, Avg:  0.0, Max: 0, Diff: 0, Sum: 0, Workers: 4
[215.587s][debug][gc,phases      ] GC(17)     Total                          Min: 0, Avg:  0.0, Max: 0, Diff: 0, Sum: 0, Workers: 4
[215.587s][debug][gc,phases      ] GC(17)   StringTable Weak               Min:  0.3, Avg:  0.3, Max:  0.3, Diff:  0.0, Sum:  1.3, Workers: 4
[215.587s][debug][gc,phases      ] GC(17)     Dead                           Min: 0, Avg:  0.5, Max: 2, Diff: 2, Sum: 2, Workers: 4
[215.587s][debug][gc,phases      ] GC(17)     Total                          Min: 9344, Avg: 10570.2, Max: 12224, Diff: 2880, Sum: 42281, Workers: 4
[215.587s][debug][gc,phases      ] GC(17)   ResolvedMethodTable Weak       Min:  0.1, Avg:  0.1, Max:  0.1, Diff:  0.0, Sum:  0.3, Workers: 4
[215.587s][debug][gc,phases      ] GC(17)     Dead                           Min: 0, Avg:  6.2, Max: 20, Diff: 20, Sum: 25, Workers: 4
[215.587s][debug][gc,phases      ] GC(17)     Total                          Min: 1948, Avg: 2086.0, Max: 2368, Diff: 420, Sum: 8344, Workers: 4
[215.587s][debug][gc,phases      ] GC(17)   JNI Weak                       Min:  0.0, Avg:  0.0, Max:  0.0, Diff:  0.0, Sum:  0.0, Workers: 4
[215.587s][debug][gc,phases      ] GC(17)     Dead                           Min: 0, Avg:  0.0, Max: 0, Diff: 0, Sum: 0, Workers: 4
[215.587s][debug][gc,phases      ] GC(17)     Total                          Min: 0, Avg: 11.8, Max: 47, Diff: 47, Sum: 47, Workers: 4
[215.587s][debug][gc,phases      ] GC(17)   StringDedup Table Weak         Min:  0.0, Avg:  0.0, Max:  0.0, Diff:  0.0, Sum:  0.0, Workers: 4
[215.587s][debug][gc,phases      ] GC(17)     Dead                           Min: 0, Avg:  0.0, Max: 0, Diff: 0, Sum: 0, Workers: 4
[215.587s][debug][gc,phases      ] GC(17)     Total                          Min: 0, Avg:  0.0, Max: 0, Diff: 0, Sum: 0, Workers: 4
[215.587s][debug][gc,phases      ] GC(17)   StringDedup Requests0 Weak     Min:  0.0, Avg:  0.0, Max:  0.0, Diff:  0.0, Sum:  0.0, Workers: 4
[215.587s][debug][gc,phases      ] GC(17)     Dead                           Min: 0, Avg:  0.0, Max: 0, Diff: 0, Sum: 0, Workers: 4
[215.587s][debug][gc,phases      ] GC(17)     Total                          Min: 0, Avg:  0.0, Max: 0, Diff: 0, Sum: 0, Workers: 4
[215.587s][debug][gc,phases      ] GC(17)   StringDedup Requests1 Weak     Min:  0.0, Avg:  0.0, Max:  0.0, Diff:  0.0, Sum:  0.0, Workers: 4
[215.587s][debug][gc,phases      ] GC(17)     Dead                           Min: 0, Avg:  0.0, Max: 0, Diff: 0, Sum: 0, Workers: 4
[215.587s][debug][gc,phases      ] GC(17)     Total                          Min: 0, Avg:  0.0, Max: 0, Diff: 0, Sum: 0, Workers: 4
[215.587s][debug][gc,phases      ] GC(17)   Weak JFR Old Object Samples    Min:  0.0, Avg:  0.0, Max:  0.0, Diff:  0.0, Sum:  0.0, Workers: 4
[215.587s][debug][gc,phases      ] GC(17)     Dead                           Min: 0, Avg:  0.0, Max: 0, Diff: 0, Sum: 0, Workers: 4
[215.587s][debug][gc,phases      ] GC(17)     Total                          Min: 0, Avg:  0.0, Max: 0, Diff: 0, Sum: 0, Workers: 4
[215.587s][debug][gc,phases      ] GC(17) Weak Processing 0.552ms
[215.587s][debug][gc,age         ] GC(17) Desired survivor size 360710144 bytes, new threshold 15 (max threshold 15)
[215.587s][info ][gc,heap        ] GC(17) PSYoungGen: 1608323K(1732096K)->256954K(1743360K) Eden: 1374208K(1374208K)->0K(1392640K) From: 234115K(357888K)->256954K(350720K)
[215.587s][info ][gc,heap        ] GC(17) ParOldGen: 17035K(38912K)->17043K(38912K)
[215.587s][info ][gc,metaspace   ] GC(17) Metaspace: 76363K(77248K)->76363K(77248K) NonClass: 65371K(65856K)->65371K(65856K) Class: 10992K(11392K)->10992K(11392K)
[215.587s][info ][gc             ] GC(17) Pause Young (Allocation Failure) 1587M->267M(1740M) 99.482ms
[215.587s][info ][gc,cpu         ] GC(17) User=0.33s Sys=0.01s Real=0.10s
[215.587s][info ][safepoint      ] Safepoint "ParallelGCFailedAllocation", Time since last: 81701 ns, Reaching safepoint: 19300 ns, At safepoint: 99558229 ns, Total: 99577529 ns
[216.587s][info ][safepoint      ] Safepoint "Cleanup", Time since last: 1000079152 ns, Reaching safepoint: 92001 ns, At safepoint: 2700 ns, Total: 94701 ns
[217.897s][info ][safepoint      ] Safepoint "Cleanup", Time since last: 1309322094 ns, Reaching safepoint: 143002 ns, At safepoint: 4300 ns, Total: 147302 ns
[218.897s][info ][safepoint      ] Safepoint "Cleanup", Time since last: 1000120378 ns, Reaching safepoint: 163102 ns, At safepoint: 5300 ns, Total: 168402 ns
[219.897s][info ][safepoint      ] Safepoint "Cleanup", Time since last: 1000119877 ns, Reaching safepoint: 75301 ns, At safepoint: 2500 ns, Total: 77801 ns
[220.897s][info ][safepoint      ] Safepoint "Cleanup", Time since last: 1000109177 ns, Reaching safepoint: 61501 ns, At safepoint: 5600 ns, Total: 67101 ns
[221.897s][info ][safepoint      ] Safepoint "Cleanup", Time since last: 1000102577 ns, Reaching safepoint: 52201 ns, At safepoint: 2600 ns, Total: 54801 ns
[222.898s][info ][safepoint      ] Safepoint "Cleanup", Time since last: 1000111077 ns, Reaching safepoint: 63201 ns, At safepoint: 2400 ns, Total: 65601 ns
[223.898s][info ][safepoint      ] Safepoint "Cleanup", Time since last: 1000108077 ns, Reaching safepoint: 72301 ns, At safepoint: 7100 ns, Total: 79401 ns
[224.898s][info ][safepoint      ] Safepoint "Cleanup", Time since last: 1000115373 ns, Reaching safepoint: 85901 ns, At safepoint: 3100 ns, Total: 89001 ns
[225.898s][info ][safepoint      ] Safepoint "Cleanup", Time since last: 1000133842 ns, Reaching safepoint: 48101 ns, At safepoint: 3100 ns, Total: 51201 ns
[226.898s][info ][safepoint      ] Safepoint "Cleanup", Time since last: 1000107342 ns, Reaching safepoint: 55201 ns, At safepoint: 2500 ns, Total: 57701 ns
[227.898s][info ][safepoint      ] Safepoint "Cleanup", Time since last: 1000092042 ns, Reaching safepoint: 46200 ns, At safepoint: 2200 ns, Total: 48400 ns
[228.899s][info ][safepoint      ] Safepoint "Cleanup", Time since last: 1000105642 ns, Reaching safepoint: 65801 ns, At safepoint: 8400 ns, Total: 74201 ns
[229.899s][info ][safepoint      ] Safepoint "Cleanup", Time since last: 1000084942 ns, Reaching safepoint: 66201 ns, At safepoint: 3000 ns, Total: 69201 ns
[230.899s][info ][safepoint      ] Safepoint "Cleanup", Time since last: 1000107742 ns, Reaching safepoint: 56701 ns, At safepoint: 2900 ns, Total: 59601 ns
[231.899s][info ][safepoint      ] Safepoint "Cleanup", Time since last: 1000080442 ns, Reaching safepoint: 73601 ns, At safepoint: 2400 ns, Total: 76001 ns
[232.899s][info ][safepoint      ] Safepoint "Cleanup", Time since last: 1000101215 ns, Reaching safepoint: 74201 ns, At safepoint: 4901 ns, Total: 79102 ns
[233.899s][info ][safepoint      ] Safepoint "Cleanup", Time since last: 1000068147 ns, Reaching safepoint: 48701 ns, At safepoint: 2600 ns, Total: 51301 ns
[234.900s][info ][safepoint      ] Safepoint "Cleanup", Time since last: 1000115748 ns, Reaching safepoint: 43400 ns, At safepoint: 4400 ns, Total: 47800 ns
[235.900s][info ][safepoint      ] Safepoint "Cleanup", Time since last: 1000119348 ns, Reaching safepoint: 47201 ns, At safepoint: 2400 ns, Total: 49601 ns
[235.916s][info ][gc,start       ] GC(18) Pause Young (Allocation Failure)
[236.005s][debug][gc,phases      ] GC(18) Scavenge 89.704ms
[236.005s][debug][gc,ref         ] GC(18) Skipped phase 1 of Reference Processing: no references
[236.006s][debug][gc,ref         ] GC(18) ReferenceProcessor::execute queues: 4, RefProcThreadModel::Multi, marks_oops_alive: false
[236.007s][debug][gc,ref         ] GC(18) Skipped phase 3 of Reference Processing: no references
[236.007s][debug][gc,ref         ] GC(18) ReferenceProcessor::execute queues: 1, RefProcThreadModel::Single, marks_oops_alive: false
[236.007s][debug][gc,phases      ] GC(18) Reference Processing 1.088ms
[236.007s][debug][gc,phases      ] GC(18)   VM Weak                        Min:  0.0, Avg:  0.0, Max:  0.0, Diff:  0.0, Sum:  0.0, Workers: 4
[236.007s][debug][gc,phases      ] GC(18)     Dead                           Min: 0, Avg:  0.0, Max: 0, Diff: 0, Sum: 0, Workers: 4
[236.007s][debug][gc,phases      ] GC(18)     Total                          Min: 0, Avg: 173.5, Max: 576, Diff: 576, Sum: 694, Workers: 4
[236.007s][debug][gc,phases      ] GC(18)   ObjectSynchronizer Weak        Min:  0.0, Avg:  0.0, Max:  0.0, Diff:  0.0, Sum:  0.0, Workers: 4
[236.007s][debug][gc,phases      ] GC(18)     Dead                           Min: 0, Avg:  0.0, Max: 0, Diff: 0, Sum: 0, Workers: 4
[236.007s][debug][gc,phases      ] GC(18)     Total                          Min: 0, Avg:  6.2, Max: 25, Diff: 25, Sum: 25, Workers: 4
[236.007s][debug][gc,phases      ] GC(18)   JVMTI Tag Weak OopStorage      Min:  0.0, Avg:  0.0, Max:  0.0, Diff:  0.0, Sum:  0.0, Workers: 4
[236.007s][debug][gc,phases      ] GC(18)     Dead                           Min: 0, Avg:  0.0, Max: 0, Diff: 0, Sum: 0, Workers: 4
[236.007s][debug][gc,phases      ] GC(18)     Total                          Min: 0, Avg:  0.0, Max: 0, Diff: 0, Sum: 0, Workers: 4
[236.007s][debug][gc,phases      ] GC(18)   StringTable Weak               Min:  0.0, Avg:  0.2, Max:  0.4, Diff:  0.4, Sum:  0.9, Workers: 4
[236.007s][debug][gc,phases      ] GC(18)     Dead                           Min: 0, Avg:  1.2, Max: 4, Diff: 4, Sum: 5, Workers: 4
[236.007s][debug][gc,phases      ] GC(18)     Total                          Min: 0, Avg: 10608.5, Max: 26562, Diff: 26562, Sum: 42434, Workers: 4
[236.007s][debug][gc,phases      ] GC(18)   ResolvedMethodTable Weak       Min:  0.0, Avg:  0.0, Max:  0.1, Diff:  0.1, Sum:  0.2, Workers: 4
[236.007s][debug][gc,phases      ] GC(18)     Dead                           Min: 0, Avg:  0.0, Max: 0, Diff: 0, Sum: 0, Workers: 4
[236.007s][debug][gc,phases      ] GC(18)     Total                          Min: 0, Avg: 2042.2, Max: 5079, Diff: 5079, Sum: 8169, Workers: 4
[236.007s][debug][gc,phases      ] GC(18)   JNI Weak                       Min:  0.0, Avg:  0.0, Max:  0.0, Diff:  0.0, Sum:  0.0, Workers: 4
[236.007s][debug][gc,phases      ] GC(18)     Dead                           Min: 0, Avg:  0.0, Max: 0, Diff: 0, Sum: 0, Workers: 4
[236.007s][debug][gc,phases      ] GC(18)     Total                          Min: 0, Avg: 11.2, Max: 45, Diff: 45, Sum: 45, Workers: 4
[236.007s][debug][gc,phases      ] GC(18)   StringDedup Table Weak         Min:  0.0, Avg:  0.0, Max:  0.0, Diff:  0.0, Sum:  0.0, Workers: 4
[236.007s][debug][gc,phases      ] GC(18)     Dead                           Min: 0, Avg:  0.0, Max: 0, Diff: 0, Sum: 0, Workers: 4
[236.007s][debug][gc,phases      ] GC(18)     Total                          Min: 0, Avg:  0.0, Max: 0, Diff: 0, Sum: 0, Workers: 4
[236.007s][debug][gc,phases      ] GC(18)   StringDedup Requests0 Weak     Min:  0.0, Avg:  0.0, Max:  0.0, Diff:  0.0, Sum:  0.0, Workers: 4
[236.007s][debug][gc,phases      ] GC(18)     Dead                           Min: 0, Avg:  0.0, Max: 0, Diff: 0, Sum: 0, Workers: 4
[236.007s][debug][gc,phases      ] GC(18)     Total                          Min: 0, Avg:  0.0, Max: 0, Diff: 0, Sum: 0, Workers: 4
[236.007s][debug][gc,phases      ] GC(18)   StringDedup Requests1 Weak     Min:  0.0, Avg:  0.0, Max:  0.0, Diff:  0.0, Sum:  0.0, Workers: 4
[236.007s][debug][gc,phases      ] GC(18)     Dead                           Min: 0, Avg:  0.0, Max: 0, Diff: 0, Sum: 0, Workers: 4
[236.007s][debug][gc,phases      ] GC(18)     Total                          Min: 0, Avg:  0.0, Max: 0, Diff: 0, Sum: 0, Workers: 4
[236.007s][debug][gc,phases      ] GC(18)   Weak JFR Old Object Samples    Min:  0.0, Avg:  0.0, Max:  0.0, Diff:  0.0, Sum:  0.0, Workers: 4
[236.007s][debug][gc,phases      ] GC(18)     Dead                           Min: 0, Avg:  0.0, Max: 0, Diff: 0, Sum: 0, Workers: 4
[236.007s][debug][gc,phases      ] GC(18)     Total                          Min: 0, Avg:  0.0, Max: 0, Diff: 0, Sum: 0, Workers: 4
[236.007s][debug][gc,phases      ] GC(18) Weak Processing 0.706ms
[236.007s][debug][gc,age         ] GC(18) Desired survivor size 361758720 bytes, new threshold 15 (max threshold 15)
[236.007s][info ][gc,heap        ] GC(18) PSYoungGen: 1649594K(1743360K)->259203K(1652224K) Eden: 1392640K(1392640K)->0K(1392640K) From: 256954K(350720K)->259203K(259584K)
[236.007s][info ][gc,heap        ] GC(18) ParOldGen: 17043K(38912K)->17051K(38912K)
[236.007s][info ][gc,metaspace   ] GC(18) Metaspace: 76830K(77696K)->76830K(77696K) NonClass: 65804K(66304K)->65804K(66304K) Class: 11025K(11392K)->11025K(11392K)
[236.007s][info ][gc             ] GC(18) Pause Young (Allocation Failure) 1627M->269M(1651M) 91.605ms
[236.007s][info ][gc,cpu         ] GC(18) User=0.31s Sys=0.00s Real=0.08s
[236.007s][info ][safepoint      ] Safepoint "ParallelGCFailedAllocation", Time since last: 15880707 ns, Reaching safepoint: 42001 ns, At safepoint: 91677696 ns, Total: 91719697 ns
[237.007s][info ][safepoint      ] Safepoint "Cleanup", Time since last: 1000095548 ns, Reaching safepoint: 60500 ns, At safepoint: 6000 ns, Total: 66500 ns
[238.008s][info ][safepoint      ] Safepoint "Cleanup", Time since last: 1000115249 ns, Reaching safepoint: 61500 ns, At safepoint: 3300 ns, Total: 64800 ns
[239.008s][info ][safepoint      ] Safepoint "Cleanup", Time since last: 1000116448 ns, Reaching safepoint: 42801 ns, At safepoint: 2800 ns, Total: 45601 ns
[240.008s][info ][safepoint      ] Safepoint "Cleanup", Time since last: 1000115748 ns, Reaching safepoint: 46801 ns, At safepoint: 2900 ns, Total: 49701 ns
[241.357s][info ][safepoint      ] Safepoint "Cleanup", Time since last: 1348606115 ns, Reaching safepoint: 71701 ns, At safepoint: 2600 ns, Total: 74301 ns
[242.357s][info ][safepoint      ] Safepoint "Cleanup", Time since last: 1000113255 ns, Reaching safepoint: 31700 ns, At safepoint: 3900 ns, Total: 35600 ns
[243.357s][info ][safepoint      ] Safepoint "Cleanup", Time since last: 1000081554 ns, Reaching safepoint: 59101 ns, At safepoint: 3000 ns, Total: 62101 ns
[244.357s][info ][safepoint      ] Safepoint "Cleanup", Time since last: 1000102054 ns, Reaching safepoint: 41901 ns, At safepoint: 2700 ns, Total: 44601 ns
[245.357s][info ][safepoint      ] Safepoint "Cleanup", Time since last: 1000094254 ns, Reaching safepoint: 45901 ns, At safepoint: 2200 ns, Total: 48101 ns
[246.357s][info ][safepoint      ] Safepoint "Cleanup", Time since last: 1000140954 ns, Reaching safepoint: 47001 ns, At safepoint: 2300 ns, Total: 49301 ns
[247.358s][info ][safepoint      ] Safepoint "Cleanup", Time since last: 1000110354 ns, Reaching safepoint: 65501 ns, At safepoint: 2400 ns, Total: 67901 ns
[248.358s][info ][safepoint      ] Safepoint "Cleanup", Time since last: 1000096254 ns, Reaching safepoint: 64301 ns, At safepoint: 12100 ns, Total: 76401 ns
[249.358s][info ][safepoint      ] Safepoint "Cleanup", Time since last: 1000092255 ns, Reaching safepoint: 58901 ns, At safepoint: 2400 ns, Total: 61301 ns
[250.358s][info ][safepoint      ] Safepoint "Cleanup", Time since last: 1000059656 ns, Reaching safepoint: 60000 ns, At safepoint: 2300 ns, Total: 62300 ns
[253.358s][info ][safepoint      ] Safepoint "Cleanup", Time since last: 3000258667 ns, Reaching safepoint: 44101 ns, At safepoint: 5100 ns, Total: 49201 ns
[255.359s][info ][safepoint      ] Safepoint "Cleanup", Time since last: 2000129911 ns, Reaching safepoint: 47000 ns, At safepoint: 3600 ns, Total: 50600 ns
[257.359s][info ][safepoint      ] Safepoint "Cleanup", Time since last: 2000170131 ns, Reaching safepoint: 41901 ns, At safepoint: 2900 ns, Total: 44801 ns
[261.359s][info ][safepoint      ] Safepoint "Cleanup", Time since last: 4000247968 ns, Reaching safepoint: 45100 ns, At safepoint: 2800 ns, Total: 47900 ns
[262.359s][info ][safepoint      ] Safepoint "Cleanup", Time since last: 1000106443 ns, Reaching safepoint: 43000 ns, At safepoint: 3700 ns, Total: 46700 ns
[262.466s][info ][gc,start       ] GC(19) Pause Young (Allocation Failure)
[262.560s][debug][gc,phases      ] GC(19) Scavenge 93.915ms
[262.560s][debug][gc,ref         ] GC(19) Skipped phase 1 of Reference Processing: no references
[262.560s][debug][gc,ref         ] GC(19) ReferenceProcessor::execute queues: 4, RefProcThreadModel::Multi, marks_oops_alive: false
[262.561s][debug][gc,ref         ] GC(19) Skipped phase 3 of Reference Processing: no references
[262.561s][debug][gc,ref         ] GC(19) ReferenceProcessor::execute queues: 1, RefProcThreadModel::Single, marks_oops_alive: false
[262.561s][debug][gc,phases      ] GC(19) Reference Processing 0.915ms
[262.561s][debug][gc,phases      ] GC(19)   VM Weak                        Min:  0.0, Avg:  0.0, Max:  0.0, Diff:  0.0, Sum:  0.0, Workers: 4
[262.561s][debug][gc,phases      ] GC(19)     Dead                           Min: 0, Avg:  0.0, Max: 0, Diff: 0, Sum: 0, Workers: 4
[262.561s][debug][gc,phases      ] GC(19)     Total                          Min: 0, Avg: 173.5, Max: 384, Diff: 384, Sum: 694, Workers: 4
[262.561s][debug][gc,phases      ] GC(19)   ObjectSynchronizer Weak        Min:  0.0, Avg:  0.0, Max:  0.0, Diff:  0.0, Sum:  0.0, Workers: 4
[262.561s][debug][gc,phases      ] GC(19)     Dead                           Min: 0, Avg:  0.0, Max: 0, Diff: 0, Sum: 0, Workers: 4
[262.561s][debug][gc,phases      ] GC(19)     Total                          Min: 0, Avg:  6.2, Max: 25, Diff: 25, Sum: 25, Workers: 4
[262.561s][debug][gc,phases      ] GC(19)   JVMTI Tag Weak OopStorage      Min:  0.0, Avg:  0.0, Max:  0.0, Diff:  0.0, Sum:  0.0, Workers: 4
[262.561s][debug][gc,phases      ] GC(19)     Dead                           Min: 0, Avg:  0.0, Max: 0, Diff: 0, Sum: 0, Workers: 4
[262.561s][debug][gc,phases      ] GC(19)     Total                          Min: 0, Avg:  0.0, Max: 0, Diff: 0, Sum: 0, Workers: 4
[262.561s][debug][gc,phases      ] GC(19)   StringTable Weak               Min:  0.0, Avg:  0.3, Max:  0.4, Diff:  0.4, Sum:  1.1, Workers: 4
[262.561s][debug][gc,phases      ] GC(19)     Dead                           Min: 0, Avg:  0.2, Max: 1, Diff: 1, Sum: 1, Workers: 4
[262.561s][debug][gc,phases      ] GC(19)     Total                          Min: 0, Avg: 10612.0, Max: 15871, Diff: 15871, Sum: 42448, Workers: 4
[262.561s][debug][gc,phases      ] GC(19)   ResolvedMethodTable Weak       Min:  0.0, Avg:  0.1, Max:  0.1, Diff:  0.1, Sum:  0.2, Workers: 4
[262.561s][debug][gc,phases      ] GC(19)     Dead                           Min: 0, Avg:  0.0, Max: 0, Diff: 0, Sum: 0, Workers: 4
[262.561s][debug][gc,phases      ] GC(19)     Total                          Min: 0, Avg: 2043.8, Max: 3428, Diff: 3428, Sum: 8175, Workers: 4
[262.561s][debug][gc,phases      ] GC(19)   JNI Weak                       Min:  0.0, Avg:  0.0, Max:  0.0, Diff:  0.0, Sum:  0.0, Workers: 4
[262.561s][debug][gc,phases      ] GC(19)     Dead                           Min: 0, Avg:  0.0, Max: 0, Diff: 0, Sum: 0, Workers: 4
[262.561s][debug][gc,phases      ] GC(19)     Total                          Min: 0, Avg: 11.2, Max: 45, Diff: 45, Sum: 45, Workers: 4
[262.561s][debug][gc,phases      ] GC(19)   StringDedup Table Weak         Min:  0.0, Avg:  0.0, Max:  0.0, Diff:  0.0, Sum:  0.0, Workers: 4
[262.561s][debug][gc,phases      ] GC(19)     Dead                           Min: 0, Avg:  0.0, Max: 0, Diff: 0, Sum: 0, Workers: 4
[262.561s][debug][gc,phases      ] GC(19)     Total                          Min: 0, Avg:  0.0, Max: 0, Diff: 0, Sum: 0, Workers: 4
[262.561s][debug][gc,phases      ] GC(19)   StringDedup Requests0 Weak     Min:  0.0, Avg:  0.0, Max:  0.0, Diff:  0.0, Sum:  0.0, Workers: 4
[262.561s][debug][gc,phases      ] GC(19)     Dead                           Min: 0, Avg:  0.0, Max: 0, Diff: 0, Sum: 0, Workers: 4
[262.561s][debug][gc,phases      ] GC(19)     Total                          Min: 0, Avg:  0.0, Max: 0, Diff: 0, Sum: 0, Workers: 4
[262.561s][debug][gc,phases      ] GC(19)   StringDedup Requests1 Weak     Min:  0.0, Avg:  0.0, Max:  0.0, Diff:  0.0, Sum:  0.0, Workers: 4
[262.561s][debug][gc,phases      ] GC(19)     Dead                           Min: 0, Avg:  0.0, Max: 0, Diff: 0, Sum: 0, Workers: 4
[262.561s][debug][gc,phases      ] GC(19)     Total                          Min: 0, Avg:  0.0, Max: 0, Diff: 0, Sum: 0, Workers: 4
[262.561s][debug][gc,phases      ] GC(19)   Weak JFR Old Object Samples    Min:  0.0, Avg:  0.0, Max:  0.0, Diff:  0.0, Sum:  0.0, Workers: 4
[262.561s][debug][gc,phases      ] GC(19)     Dead                           Min: 0, Avg:  0.0, Max: 0, Diff: 0, Sum: 0, Workers: 4
[262.561s][debug][gc,phases      ] GC(19)     Total                          Min: 0, Avg:  0.0, Max: 0, Diff: 0, Sum: 0, Workers: 4
[262.561s][debug][gc,phases      ] GC(19) Weak Processing 0.640ms
[262.561s][debug][gc,age         ] GC(19) Desired survivor size 354418688 bytes, new threshold 15 (max threshold 15)
[262.561s][info ][gc,heap        ] GC(19) PSYoungGen: 1651843K(1652224K)->239345K(1751040K) Eden: 1392640K(1392640K)->0K(1397760K) From: 259203K(259584K)->239345K(353280K)
[262.561s][info ][gc,heap        ] GC(19) ParOldGen: 17051K(38912K)->42176K(42496K)
[262.561s][info ][gc,metaspace   ] GC(19) Metaspace: 76894K(77760K)->76894K(77760K) NonClass: 65865K(66368K)->65865K(66368K) Class: 11028K(11392K)->11028K(11392K)
[262.561s][info ][gc             ] GC(19) Pause Young (Allocation Failure) 1629M->274M(1751M) 95.601ms
[262.561s][info ][gc,cpu         ] GC(19) User=0.34s Sys=0.00s Real=0.10s
[262.561s][debug][gc,phases      ] GC(20) Pre Compact 0.009ms
[262.561s][info ][gc,start       ] GC(20) Pause Full (Ergonomics)
[262.561s][info ][gc,phases,start] GC(20) Marking Phase
[262.654s][debug][gc,phases      ] GC(20) Par Mark 92.703ms
[262.654s][debug][gc,ref         ] GC(20) Skipped phase 1 of Reference Processing: no references
[262.655s][debug][gc,ref         ] GC(20) ReferenceProcessor::execute queues: 4, RefProcThreadModel::Multi, marks_oops_alive: false
[262.657s][debug][gc,ref         ] GC(20) Skipped phase 3 of Reference Processing: no references
[262.657s][debug][gc,ref         ] GC(20) ReferenceProcessor::execute queues: 1, RefProcThreadModel::Single, marks_oops_alive: false
[262.657s][debug][gc,phases      ] GC(20) Reference Processing 2.903ms
[262.657s][debug][gc,phases      ] GC(20)   VM Weak                        Min:  0.0, Avg:  0.0, Max:  0.0, Diff:  0.0, Sum:  0.0, Workers: 4
[262.657s][debug][gc,phases      ] GC(20)     Dead                           Min: 0, Avg:  0.0, Max: 0, Diff: 0, Sum: 0, Workers: 4
[262.657s][debug][gc,phases      ] GC(20)     Total                          Min: 0, Avg: 173.5, Max: 384, Diff: 384, Sum: 694, Workers: 4
[262.657s][debug][gc,phases      ] GC(20)   ObjectSynchronizer Weak        Min:  0.0, Avg:  0.0, Max:  0.0, Diff:  0.0, Sum:  0.0, Workers: 4
[262.657s][debug][gc,phases      ] GC(20)     Dead                           Min: 0, Avg:  0.0, Max: 0, Diff: 0, Sum: 0, Workers: 4
[262.657s][debug][gc,phases      ] GC(20)     Total                          Min: 0, Avg:  6.2, Max: 25, Diff: 25, Sum: 25, Workers: 4
[262.658s][debug][gc,phases      ] GC(20)   JVMTI Tag Weak OopStorage      Min:  0.0, Avg:  0.0, Max:  0.0, Diff:  0.0, Sum:  0.0, Workers: 4
[262.658s][debug][gc,phases      ] GC(20)     Dead                           Min: 0, Avg:  0.0, Max: 0, Diff: 0, Sum: 0, Workers: 4
[262.658s][debug][gc,phases      ] GC(20)     Total                          Min: 0, Avg:  0.0, Max: 0, Diff: 0, Sum: 0, Workers: 4
[262.658s][debug][gc,phases      ] GC(20)   StringTable Weak               Min:  0.0, Avg:  0.1, Max:  0.2, Diff:  0.2, Sum:  0.5, Workers: 4
[262.658s][debug][gc,phases      ] GC(20)     Dead                           Min: 0, Avg:  0.0, Max: 0, Diff: 0, Sum: 0, Workers: 4
[262.658s][debug][gc,phases      ] GC(20)     Total                          Min: 0, Avg: 10612.0, Max: 15680, Diff: 15680, Sum: 42448, Workers: 4
[262.658s][debug][gc,phases      ] GC(20)   ResolvedMethodTable Weak       Min:  0.0, Avg:  0.0, Max:  0.0, Diff:  0.0, Sum:  0.1, Workers: 4
[262.658s][debug][gc,phases      ] GC(20)     Dead                           Min: 0, Avg:  0.0, Max: 0, Diff: 0, Sum: 0, Workers: 4
[262.658s][debug][gc,phases      ] GC(20)     Total                          Min: 0, Avg: 2043.8, Max: 2863, Diff: 2863, Sum: 8175, Workers: 4
[262.658s][debug][gc,phases      ] GC(20)   JNI Weak                       Min:  0.0, Avg:  0.0, Max:  0.0, Diff:  0.0, Sum:  0.0, Workers: 4
[262.658s][debug][gc,phases      ] GC(20)     Dead                           Min: 0, Avg:  0.0, Max: 0, Diff: 0, Sum: 0, Workers: 4
[262.658s][debug][gc,phases      ] GC(20)     Total                          Min: 0, Avg: 11.2, Max: 45, Diff: 45, Sum: 45, Workers: 4
[262.658s][debug][gc,phases      ] GC(20)   StringDedup Table Weak         Min:  0.0, Avg:  0.0, Max:  0.0, Diff:  0.0, Sum:  0.0, Workers: 4
[262.658s][debug][gc,phases      ] GC(20)     Dead                           Min: 0, Avg:  0.0, Max: 0, Diff: 0, Sum: 0, Workers: 4
[262.658s][debug][gc,phases      ] GC(20)     Total                          Min: 0, Avg:  0.0, Max: 0, Diff: 0, Sum: 0, Workers: 4
[262.658s][debug][gc,phases      ] GC(20)   StringDedup Requests0 Weak     Min:  0.0, Avg:  0.0, Max:  0.0, Diff:  0.0, Sum:  0.0, Workers: 4
[262.658s][debug][gc,phases      ] GC(20)     Dead                           Min: 0, Avg:  0.0, Max: 0, Diff: 0, Sum: 0, Workers: 4
[262.658s][debug][gc,phases      ] GC(20)     Total                          Min: 0, Avg:  0.0, Max: 0, Diff: 0, Sum: 0, Workers: 4
[262.658s][debug][gc,phases      ] GC(20)   StringDedup Requests1 Weak     Min:  0.0, Avg:  0.0, Max:  0.0, Diff:  0.0, Sum:  0.0, Workers: 4
[262.658s][debug][gc,phases      ] GC(20)     Dead                           Min: 0, Avg:  0.0, Max: 0, Diff: 0, Sum: 0, Workers: 4
[262.658s][debug][gc,phases      ] GC(20)     Total                          Min: 0, Avg:  0.0, Max: 0, Diff: 0, Sum: 0, Workers: 4
[262.658s][debug][gc,phases      ] GC(20)   Weak JFR Old Object Samples    Min:  0.0, Avg:  0.0, Max:  0.0, Diff:  0.0, Sum:  0.0, Workers: 4
[262.658s][debug][gc,phases      ] GC(20)     Dead                           Min: 0, Avg:  0.0, Max: 0, Diff: 0, Sum: 0, Workers: 4
[262.658s][debug][gc,phases      ] GC(20)     Total                          Min: 0, Avg:  0.0, Max: 0, Diff: 0, Sum: 0, Workers: 4
[262.658s][debug][gc,phases      ] GC(20) Weak Processing 0.368ms
[262.658s][debug][gc,phases      ] GC(20) ClassLoaderData 0.086ms
[262.658s][debug][gc,phases      ] GC(20) Trigger cleanups 0.000ms
[262.671s][debug][gc,phases      ] GC(20) Class Unloading 13.668ms
[262.671s][info ][gc,phases      ] GC(20) Marking Phase 109.783ms
[262.671s][info ][gc,phases,start] GC(20) Summary Phase
[262.671s][info ][gc,phases      ] GC(20) Summary Phase 0.009ms
[262.671s][info ][gc,phases,start] GC(20) Adjust Roots
[262.688s][info ][gc,phases      ] GC(20) Adjust Roots 17.063ms
[262.688s][info ][gc,phases,start] GC(20) Compaction Phase
[263.369s][info ][gc,phases      ] GC(20) Compaction Phase 681.110ms
[263.370s][info ][gc,phases,start] GC(20) Post Compact
[263.372s][info ][gc,phases      ] GC(20) Post Compact 2.382ms
[263.372s][info ][gc,heap        ] GC(20) PSYoungGen: 239345K(1751040K)->237061K(1751040K) Eden: 0K(1397760K)->0K(1397760K) From: 239345K(353280K)->237061K(353280K)
[263.372s][info ][gc,heap        ] GC(20) ParOldGen: 42176K(42496K)->42470K(80896K)
[263.372s][info ][gc,metaspace   ] GC(20) Metaspace: 76894K(77760K)->76894K(77760K) NonClass: 65865K(66368K)->65865K(66368K) Class: 11028K(11392K)->11028K(11392K)
[263.372s][info ][gc             ] GC(20) Pause Full (Ergonomics) 274M->272M(1789M) 810.521ms
[263.372s][info ][gc,cpu         ] GC(20) User=2.09s Sys=0.00s Real=0.81s
[263.372s][info ][safepoint      ] Safepoint "ParallelGCFailedAllocation", Time since last: 106562979 ns, Reaching safepoint: 33601 ns, At safepoint: 906231628 ns, Total: 906265229 ns
[264.372s][info ][safepoint      ] Safepoint "Cleanup", Time since last: 1000077142 ns, Reaching safepoint: 37900 ns, At safepoint: 2700 ns, Total: 40600 ns
[268.372s][info ][safepoint      ] Safepoint "Cleanup", Time since last: 4000299341 ns, Reaching safepoint: 38801 ns, At safepoint: 3000 ns, Total: 41801 ns
[269.373s][info ][safepoint      ] Safepoint "Cleanup", Time since last: 1000102142 ns, Reaching safepoint: 50100 ns, At safepoint: 7801 ns, Total: 57901 ns
[271.373s][info ][safepoint      ] Safepoint "Cleanup", Time since last: 2000165883 ns, Reaching safepoint: 32700 ns, At safepoint: 2500 ns, Total: 35200 ns
[272.373s][info ][safepoint      ] Safepoint "Cleanup", Time since last: 1000106242 ns, Reaching safepoint: 50101 ns, At safepoint: 4800 ns, Total: 54901 ns
[273.373s][info ][safepoint      ] Safepoint "Cleanup", Time since last: 1000111364 ns, Reaching safepoint: 51500 ns, At safepoint: 5800 ns, Total: 57300 ns
[274.373s][info ][safepoint      ] Safepoint "Cleanup", Time since last: 1000104832 ns, Reaching safepoint: 46901 ns, At safepoint: 1800 ns, Total: 48701 ns
[276.374s][info ][safepoint      ] Safepoint "Cleanup", Time since last: 2000169362 ns, Reaching safepoint: 41001 ns, At safepoint: 2400 ns, Total: 43401 ns
[277.374s][info ][safepoint      ] Safepoint "Cleanup", Time since last: 1000100031 ns, Reaching safepoint: 36701 ns, At safepoint: 2400 ns, Total: 39101 ns
[278.374s][info ][safepoint      ] Safepoint "Cleanup", Time since last: 1000109932 ns, Reaching safepoint: 44800 ns, At safepoint: 2200 ns, Total: 47000 ns
[279.374s][info ][safepoint      ] Safepoint "Cleanup", Time since last: 1000109432 ns, Reaching safepoint: 43801 ns, At safepoint: 3600 ns, Total: 47401 ns
[280.374s][info ][safepoint      ] Safepoint "Cleanup", Time since last: 1000104131 ns, Reaching safepoint: 52901 ns, At safepoint: 2300 ns, Total: 55201 ns
[281.374s][info ][safepoint      ] Safepoint "Cleanup", Time since last: 1000097490 ns, Reaching safepoint: 48001 ns, At safepoint: 5500 ns, Total: 53501 ns
[283.375s][info ][safepoint      ] Safepoint "Cleanup", Time since last: 2000165219 ns, Reaching safepoint: 103402 ns, At safepoint: 4600 ns, Total: 108002 ns
[284.375s][info ][safepoint      ] Safepoint "Cleanup", Time since last: 1000101310 ns, Reaching safepoint: 38300 ns, At safepoint: 2400 ns, Total: 40700 ns
[285.375s][info ][safepoint      ] Safepoint "Cleanup", Time since last: 1000072610 ns, Reaching safepoint: 48100 ns, At safepoint: 3201 ns, Total: 51301 ns
[286.375s][info ][safepoint      ] Safepoint "Cleanup", Time since last: 1000076909 ns, Reaching safepoint: 39701 ns, At safepoint: 2400 ns, Total: 42101 ns
[287.375s][info ][safepoint      ] Safepoint "Cleanup", Time since last: 1000056109 ns, Reaching safepoint: 48001 ns, At safepoint: 2400 ns, Total: 50401 ns
[288.119s][info ][gc,start       ] GC(21) Pause Young (Allocation Failure)
[288.222s][debug][gc,phases      ] GC(21) Scavenge 103.499ms
[288.222s][debug][gc,ref         ] GC(21) Skipped phase 1 of Reference Processing: no references
[288.223s][debug][gc,ref         ] GC(21) ReferenceProcessor::execute queues: 2, RefProcThreadModel::Multi, marks_oops_alive: false
[288.223s][debug][gc,ref         ] GC(21) Skipped phase 3 of Reference Processing: no references
[288.223s][debug][gc,ref         ] GC(21) ReferenceProcessor::execute queues: 1, RefProcThreadModel::Single, marks_oops_alive: false
[288.223s][debug][gc,phases      ] GC(21) Reference Processing 0.270ms
[288.223s][debug][gc,phases      ] GC(21)   VM Weak                        Min:  0.0, Avg:  0.0, Max:  0.0, Diff:  0.0, Sum:  0.0, Workers: 4
[288.223s][debug][gc,phases      ] GC(21)     Dead                           Min: 0, Avg:  0.0, Max: 0, Diff: 0, Sum: 0, Workers: 4
[288.223s][debug][gc,phases      ] GC(21)     Total                          Min: 0, Avg: 173.5, Max: 438, Diff: 438, Sum: 694, Workers: 4
[288.223s][debug][gc,phases      ] GC(21)   ObjectSynchronizer Weak        Min:  0.0, Avg:  0.0, Max:  0.0, Diff:  0.0, Sum:  0.0, Workers: 4
[288.223s][debug][gc,phases      ] GC(21)     Dead                           Min: 0, Avg:  0.0, Max: 0, Diff: 0, Sum: 0, Workers: 4
[288.223s][debug][gc,phases      ] GC(21)     Total                          Min: 0, Avg:  6.2, Max: 25, Diff: 25, Sum: 25, Workers: 4
[288.223s][debug][gc,phases      ] GC(21)   JVMTI Tag Weak OopStorage      Min:  0.0, Avg:  0.0, Max:  0.0, Diff:  0.0, Sum:  0.0, Workers: 4
[288.223s][debug][gc,phases      ] GC(21)     Dead                           Min: 0, Avg:  0.0, Max: 0, Diff: 0, Sum: 0, Workers: 4
[288.223s][debug][gc,phases      ] GC(21)     Total                          Min: 0, Avg:  0.0, Max: 0, Diff: 0, Sum: 0, Workers: 4
[288.223s][debug][gc,phases      ] GC(21)   StringTable Weak               Min:  0.0, Avg:  0.2, Max:  0.3, Diff:  0.3, Sum:  0.8, Workers: 4
[288.223s][debug][gc,phases      ] GC(21)     Dead                           Min: 0, Avg:  0.0, Max: 0, Diff: 0, Sum: 0, Workers: 4
[288.223s][debug][gc,phases      ] GC(21)     Total                          Min: 0, Avg: 10616.0, Max: 17792, Diff: 17792, Sum: 42464, Workers: 4
[288.223s][debug][gc,phases      ] GC(21)   ResolvedMethodTable Weak       Min:  0.0, Avg:  0.1, Max:  0.1, Diff:  0.1, Sum:  0.2, Workers: 4
[288.223s][debug][gc,phases      ] GC(21)     Dead                           Min: 0, Avg:  0.0, Max: 0, Diff: 0, Sum: 0, Workers: 4
[288.223s][debug][gc,phases      ] GC(21)     Total                          Min: 0, Avg: 2043.8, Max: 3826, Diff: 3826, Sum: 8175, Workers: 4
[288.223s][debug][gc,phases      ] GC(21)   JNI Weak                       Min:  0.0, Avg:  0.0, Max:  0.0, Diff:  0.0, Sum:  0.0, Workers: 4
[288.223s][debug][gc,phases      ] GC(21)     Dead                           Min: 0, Avg:  0.0, Max: 0, Diff: 0, Sum: 0, Workers: 4
[288.223s][debug][gc,phases      ] GC(21)     Total                          Min: 0, Avg: 11.2, Max: 45, Diff: 45, Sum: 45, Workers: 4
[288.223s][debug][gc,phases      ] GC(21)   StringDedup Table Weak         Min:  0.0, Avg:  0.0, Max:  0.0, Diff:  0.0, Sum:  0.0, Workers: 4
[288.223s][debug][gc,phases      ] GC(21)     Dead                           Min: 0, Avg:  0.0, Max: 0, Diff: 0, Sum: 0, Workers: 4
[288.223s][debug][gc,phases      ] GC(21)     Total                          Min: 0, Avg:  0.0, Max: 0, Diff: 0, Sum: 0, Workers: 4
[288.223s][debug][gc,phases      ] GC(21)   StringDedup Requests0 Weak     Min:  0.0, Avg:  0.0, Max:  0.0, Diff:  0.0, Sum:  0.0, Workers: 4
[288.223s][debug][gc,phases      ] GC(21)     Dead                           Min: 0, Avg:  0.0, Max: 0, Diff: 0, Sum: 0, Workers: 4
[288.223s][debug][gc,phases      ] GC(21)     Total                          Min: 0, Avg:  0.0, Max: 0, Diff: 0, Sum: 0, Workers: 4
[288.223s][debug][gc,phases      ] GC(21)   StringDedup Requests1 Weak     Min:  0.0, Avg:  0.0, Max:  0.0, Diff:  0.0, Sum:  0.0, Workers: 4
[288.223s][debug][gc,phases      ] GC(21)     Dead                           Min: 0, Avg:  0.0, Max: 0, Diff: 0, Sum: 0, Workers: 4
[288.223s][debug][gc,phases      ] GC(21)     Total                          Min: 0, Avg:  0.0, Max: 0, Diff: 0, Sum: 0, Workers: 4
[288.223s][debug][gc,phases      ] GC(21)   Weak JFR Old Object Samples    Min:  0.0, Avg:  0.0, Max:  0.0, Diff:  0.0, Sum:  0.0, Workers: 4
[288.223s][debug][gc,phases      ] GC(21)     Dead                           Min: 0, Avg:  0.0, Max: 0, Diff: 0, Sum: 0, Workers: 4
[288.223s][debug][gc,phases      ] GC(21)     Total                          Min: 0, Avg:  0.0, Max: 0, Diff: 0, Sum: 0, Workers: 4
[288.223s][debug][gc,phases      ] GC(21) Weak Processing 0.519ms
[288.223s][debug][gc,age         ] GC(21) Desired survivor size 348127232 bytes, new threshold 15 (max threshold 15)
[288.223s][info ][gc,heap        ] GC(21) PSYoungGen: 1634821K(1751040K)->189795K(1743872K) Eden: 1397760K(1397760K)->0K(1397760K) From: 237061K(353280K)->189795K(346112K)
[288.223s][info ][gc,heap        ] GC(21) ParOldGen: 42470K(80896K)->96737K(96768K)
[288.223s][info ][gc,metaspace   ] GC(21) Metaspace: 76899K(77760K)->76899K(77760K) NonClass: 65870K(66368K)->65870K(66368K) Class: 11028K(11392K)->11028K(11392K)
[288.223s][info ][gc             ] GC(21) Pause Young (Allocation Failure) 1637M->279M(1797M) 104.413ms
[288.223s][info ][gc,cpu         ] GC(21) User=0.32s Sys=0.04s Real=0.10s
[288.223s][debug][gc,phases      ] GC(22) Pre Compact 0.008ms
[288.223s][info ][gc,start       ] GC(22) Pause Full (Ergonomics)
[288.223s][info ][gc,phases,start] GC(22) Marking Phase
[288.326s][debug][gc,phases      ] GC(22) Par Mark 102.204ms
[288.326s][debug][gc,ref         ] GC(22) Skipped phase 1 of Reference Processing: no references
[288.326s][debug][gc,ref         ] GC(22) ReferenceProcessor::execute queues: 4, RefProcThreadModel::Multi, marks_oops_alive: false
[288.326s][debug][gc,ref         ] GC(22) Skipped phase 3 of Reference Processing: no references
[288.326s][debug][gc,ref         ] GC(22) ReferenceProcessor::execute queues: 1, RefProcThreadModel::Single, marks_oops_alive: false
[288.326s][debug][gc,phases      ] GC(22) Reference Processing 0.539ms
[288.326s][debug][gc,phases      ] GC(22)   VM Weak                        Min:  0.0, Avg:  0.0, Max:  0.0, Diff:  0.0, Sum:  0.0, Workers: 4
[288.326s][debug][gc,phases      ] GC(22)     Dead                           Min: 0, Avg:  0.0, Max: 0, Diff: 0, Sum: 0, Workers: 4
[288.326s][debug][gc,phases      ] GC(22)     Total                          Min: 0, Avg: 173.5, Max: 310, Diff: 310, Sum: 694, Workers: 4
[288.326s][debug][gc,phases      ] GC(22)   ObjectSynchronizer Weak        Min:  0.0, Avg:  0.0, Max:  0.0, Diff:  0.0, Sum:  0.0, Workers: 4
[288.326s][debug][gc,phases      ] GC(22)     Dead                           Min: 0, Avg:  0.0, Max: 0, Diff: 0, Sum: 0, Workers: 4
[288.326s][debug][gc,phases      ] GC(22)     Total                          Min: 0, Avg:  6.2, Max: 25, Diff: 25, Sum: 25, Workers: 4
[288.326s][debug][gc,phases      ] GC(22)   JVMTI Tag Weak OopStorage      Min:  0.0, Avg:  0.0, Max:  0.0, Diff:  0.0, Sum:  0.0, Workers: 4
[288.326s][debug][gc,phases      ] GC(22)     Dead                           Min: 0, Avg:  0.0, Max: 0, Diff: 0, Sum: 0, Workers: 4
[288.326s][debug][gc,phases      ] GC(22)     Total                          Min: 0, Avg:  0.0, Max: 0, Diff: 0, Sum: 0, Workers: 4
[288.326s][debug][gc,phases      ] GC(22)   StringTable Weak               Min:  0.1, Avg:  0.1, Max:  0.1, Diff:  0.0, Sum:  0.6, Workers: 4
[288.326s][debug][gc,phases      ] GC(22)     Dead                           Min: 0, Avg:  0.0, Max: 0, Diff: 0, Sum: 0, Workers: 4
[288.326s][debug][gc,phases      ] GC(22)     Total                          Min: 10048, Avg: 10616.0, Max: 11392, Diff: 1344, Sum: 42464, Workers: 4
[288.326s][debug][gc,phases      ] GC(22)   ResolvedMethodTable Weak       Min:  0.0, Avg:  0.0, Max:  0.0, Diff:  0.0, Sum:  0.1, Workers: 4
[288.326s][debug][gc,phases      ] GC(22)     Dead                           Min: 0, Avg:  0.0, Max: 0, Diff: 0, Sum: 0, Workers: 4
[288.326s][debug][gc,phases      ] GC(22)     Total                          Min: 1954, Avg: 2043.8, Max: 2270, Diff: 316, Sum: 8175, Workers: 4
[288.326s][debug][gc,phases      ] GC(22)   JNI Weak                       Min:  0.0, Avg:  0.0, Max:  0.0, Diff:  0.0, Sum:  0.0, Workers: 4
[288.326s][debug][gc,phases      ] GC(22)     Dead                           Min: 0, Avg:  0.0, Max: 0, Diff: 0, Sum: 0, Workers: 4
[288.327s][debug][gc,phases      ] GC(22)     Total                          Min: 0, Avg: 11.2, Max: 45, Diff: 45, Sum: 45, Workers: 4
[288.327s][debug][gc,phases      ] GC(22)   StringDedup Table Weak         Min:  0.0, Avg:  0.0, Max:  0.0, Diff:  0.0, Sum:  0.0, Workers: 4
[288.327s][debug][gc,phases      ] GC(22)     Dead                           Min: 0, Avg:  0.0, Max: 0, Diff: 0, Sum: 0, Workers: 4
[288.327s][debug][gc,phases      ] GC(22)     Total                          Min: 0, Avg:  0.0, Max: 0, Diff: 0, Sum: 0, Workers: 4
[288.327s][debug][gc,phases      ] GC(22)   StringDedup Requests0 Weak     Min:  0.0, Avg:  0.0, Max:  0.0, Diff:  0.0, Sum:  0.0, Workers: 4
[288.327s][debug][gc,phases      ] GC(22)     Dead                           Min: 0, Avg:  0.0, Max: 0, Diff: 0, Sum: 0, Workers: 4
[288.327s][debug][gc,phases      ] GC(22)     Total                          Min: 0, Avg:  0.0, Max: 0, Diff: 0, Sum: 0, Workers: 4
[288.327s][debug][gc,phases      ] GC(22)   StringDedup Requests1 Weak     Min:  0.0, Avg:  0.0, Max:  0.0, Diff:  0.0, Sum:  0.0, Workers: 4
[288.327s][debug][gc,phases      ] GC(22)     Dead                           Min: 0, Avg:  0.0, Max: 0, Diff: 0, Sum: 0, Workers: 4
[288.327s][debug][gc,phases      ] GC(22)     Total                          Min: 0, Avg:  0.0, Max: 0, Diff: 0, Sum: 0, Workers: 4
[288.327s][debug][gc,phases      ] GC(22)   Weak JFR Old Object Samples    Min:  0.0, Avg:  0.0, Max:  0.0, Diff:  0.0, Sum:  0.0, Workers: 4
[288.327s][debug][gc,phases      ] GC(22)     Dead                           Min: 0, Avg:  0.0, Max: 0, Diff: 0, Sum: 0, Workers: 4
[288.327s][debug][gc,phases      ] GC(22)     Total                          Min: 0, Avg:  0.0, Max: 0, Diff: 0, Sum: 0, Workers: 4
[288.327s][debug][gc,phases      ] GC(22) Weak Processing 0.344ms
[288.327s][debug][gc,phases      ] GC(22) ClassLoaderData 0.081ms
[288.327s][debug][gc,phases      ] GC(22) Trigger cleanups 0.001ms
[288.341s][debug][gc,phases      ] GC(22) Class Unloading 14.558ms
[288.341s][info ][gc,phases      ] GC(22) Marking Phase 117.787ms
[288.341s][info ][gc,phases,start] GC(22) Summary Phase
[288.341s][info ][gc,phases      ] GC(22) Summary Phase 0.008ms
[288.341s][info ][gc,phases,start] GC(22) Adjust Roots
[288.364s][info ][gc,phases      ] GC(22) Adjust Roots 22.561ms
[288.364s][info ][gc,phases,start] GC(22) Compaction Phase
[288.791s][info ][gc,phases      ] GC(22) Compaction Phase 426.879ms
[288.791s][info ][gc,phases,start] GC(22) Post Compact
[288.793s][info ][gc,phases      ] GC(22) Post Compact 2.516ms
[288.793s][info ][gc,heap        ] GC(22) PSYoungGen: 189795K(1743872K)->188270K(1743872K) Eden: 0K(1397760K)->0K(1397760K) From: 189795K(346112K)->188270K(346112K)
[288.793s][info ][gc,heap        ] GC(22) ParOldGen: 96737K(96768K)->96451K(167424K)
[288.793s][info ][gc,metaspace   ] GC(22) Metaspace: 76899K(77760K)->76899K(77760K) NonClass: 65870K(66368K)->65870K(66368K) Class: 11028K(11392K)->11028K(11392K)
[288.793s][info ][gc             ] GC(22) Pause Full (Ergonomics) 279M->278M(1866M) 570.046ms
[288.793s][info ][gc,cpu         ] GC(22) User=1.52s Sys=0.01s Real=0.57s
[288.794s][info ][safepoint      ] Safepoint "ParallelGCFailedAllocation", Time since last: 743647323 ns, Reaching safepoint: 113201 ns, At safepoint: 675589924 ns, Total: 675703125 ns
[289.795s][info ][safepoint      ] Safepoint "Cleanup", Time since last: 1000092710 ns, Reaching safepoint: 124802 ns, At safepoint: 5200 ns, Total: 130002 ns
[290.795s][info ][safepoint      ] Safepoint "Cleanup", Time since last: 1000123011 ns, Reaching safepoint: 47700 ns, At safepoint: 3300 ns, Total: 51000 ns
[292.767s][info ][safepoint      ] Safepoint "Cleanup", Time since last: 1972412155 ns, Reaching safepoint: 135401 ns, At safepoint: 5601 ns, Total: 141002 ns
[293.046s][info ][safepoint      ] Safepoint "ICBufferFull", Time since last: 278553179 ns, Reaching safepoint: 224803 ns, At safepoint: 6000 ns, Total: 230803 ns
[294.046s][info ][safepoint      ] Safepoint "Cleanup", Time since last: 1000109811 ns, Reaching safepoint: 108301 ns, At safepoint: 5500 ns, Total: 113801 ns
[295.047s][info ][safepoint      ] Safepoint "Cleanup", Time since last: 1000122611 ns, Reaching safepoint: 86901 ns, At safepoint: 6100 ns, Total: 93001 ns
[296.047s][info ][safepoint      ] Safepoint "Cleanup", Time since last: 1000102811 ns, Reaching safepoint: 50501 ns, At safepoint: 6400 ns, Total: 56901 ns
[297.047s][info ][safepoint      ] Safepoint "Cleanup", Time since last: 1000107394 ns, Reaching safepoint: 37301 ns, At safepoint: 22100 ns, Total: 59401 ns
[300.047s][info ][safepoint      ] Safepoint "Cleanup", Time since last: 3000198877 ns, Reaching safepoint: 41801 ns, At safepoint: 7100 ns, Total: 48901 ns
[309.130s][info ][gc,start       ] GC(23) Pause Young (Allocation Failure)
[309.207s][debug][gc,phases      ] GC(23) Scavenge 76.775ms
[309.207s][debug][gc,ref         ] GC(23) Skipped phase 1 of Reference Processing: no references
[309.207s][debug][gc,ref         ] GC(23) ReferenceProcessor::execute queues: 2, RefProcThreadModel::Multi, marks_oops_alive: false
[309.207s][debug][gc,ref         ] GC(23) Skipped phase 3 of Reference Processing: no references
[309.207s][debug][gc,ref         ] GC(23) ReferenceProcessor::execute queues: 1, RefProcThreadModel::Single, marks_oops_alive: false
[309.207s][debug][gc,phases      ] GC(23) Reference Processing 0.241ms
[309.207s][debug][gc,phases      ] GC(23)   VM Weak                        Min:  0.0, Avg:  0.0, Max:  0.0, Diff:  0.0, Sum:  0.0, Workers: 4
[309.207s][debug][gc,phases      ] GC(23)     Dead                           Min: 0, Avg:  0.0, Max: 0, Diff: 0, Sum: 0, Workers: 4
[309.207s][debug][gc,phases      ] GC(23)     Total                          Min: 0, Avg: 173.8, Max: 567, Diff: 567, Sum: 695, Workers: 4
[309.207s][debug][gc,phases      ] GC(23)   ObjectSynchronizer Weak        Min:  0.0, Avg:  0.0, Max:  0.0, Diff:  0.0, Sum:  0.0, Workers: 4
[309.207s][debug][gc,phases      ] GC(23)     Dead                           Min: 0, Avg:  3.0, Max: 12, Diff: 12, Sum: 12, Workers: 4
[309.207s][debug][gc,phases      ] GC(23)     Total                          Min: 0, Avg: 12.2, Max: 49, Diff: 49, Sum: 49, Workers: 4
[309.207s][debug][gc,phases      ] GC(23)   JVMTI Tag Weak OopStorage      Min:  0.0, Avg:  0.0, Max:  0.0, Diff:  0.0, Sum:  0.0, Workers: 4
[309.207s][debug][gc,phases      ] GC(23)     Dead                           Min: 0, Avg:  0.0, Max: 0, Diff: 0, Sum: 0, Workers: 4
[309.207s][debug][gc,phases      ] GC(23)     Total                          Min: 0, Avg:  0.0, Max: 0, Diff: 0, Sum: 0, Workers: 4
[309.207s][debug][gc,phases      ] GC(23)   StringTable Weak               Min:  0.0, Avg:  0.1, Max:  0.3, Diff:  0.3, Sum:  0.6, Workers: 4
[309.207s][debug][gc,phases      ] GC(23)     Dead                           Min: 0, Avg:  0.5, Max: 1, Diff: 1, Sum: 2, Workers: 4
[309.207s][debug][gc,phases      ] GC(23)     Total                          Min: 0, Avg: 10667.5, Max: 25600, Diff: 25600, Sum: 42670, Workers: 4
[309.207s][debug][gc,phases      ] GC(23)   ResolvedMethodTable Weak       Min:  0.0, Avg:  0.0, Max:  0.1, Diff:  0.1, Sum:  0.2, Workers: 4
[309.207s][debug][gc,phases      ] GC(23)     Dead                           Min: 0, Avg:  7.0, Max: 19, Diff: 19, Sum: 28, Workers: 4
[309.207s][debug][gc,phases      ] GC(23)     Total                          Min: 0, Avg: 2084.2, Max: 5082, Diff: 5082, Sum: 8337, Workers: 4
[309.207s][debug][gc,phases      ] GC(23)   JNI Weak                       Min:  0.0, Avg:  0.0, Max:  0.0, Diff:  0.0, Sum:  0.0, Workers: 4
[309.207s][debug][gc,phases      ] GC(23)     Dead                           Min: 0, Avg:  0.0, Max: 0, Diff: 0, Sum: 0, Workers: 4
[309.207s][debug][gc,phases      ] GC(23)     Total                          Min: 0, Avg: 11.2, Max: 45, Diff: 45, Sum: 45, Workers: 4
[309.207s][debug][gc,phases      ] GC(23)   StringDedup Table Weak         Min:  0.0, Avg:  0.0, Max:  0.0, Diff:  0.0, Sum:  0.0, Workers: 4
[309.207s][debug][gc,phases      ] GC(23)     Dead                           Min: 0, Avg:  0.0, Max: 0, Diff: 0, Sum: 0, Workers: 4
[309.207s][debug][gc,phases      ] GC(23)     Total                          Min: 0, Avg:  0.0, Max: 0, Diff: 0, Sum: 0, Workers: 4
[309.207s][debug][gc,phases      ] GC(23)   StringDedup Requests0 Weak     Min:  0.0, Avg:  0.0, Max:  0.0, Diff:  0.0, Sum:  0.0, Workers: 4
[309.207s][debug][gc,phases      ] GC(23)     Dead                           Min: 0, Avg:  0.0, Max: 0, Diff: 0, Sum: 0, Workers: 4
[309.207s][debug][gc,phases      ] GC(23)     Total                          Min: 0, Avg:  0.0, Max: 0, Diff: 0, Sum: 0, Workers: 4
[309.207s][debug][gc,phases      ] GC(23)   StringDedup Requests1 Weak     Min:  0.0, Avg:  0.0, Max:  0.0, Diff:  0.0, Sum:  0.0, Workers: 4
[309.207s][debug][gc,phases      ] GC(23)     Dead                           Min: 0, Avg:  0.0, Max: 0, Diff: 0, Sum: 0, Workers: 4
[309.207s][debug][gc,phases      ] GC(23)     Total                          Min: 0, Avg:  0.0, Max: 0, Diff: 0, Sum: 0, Workers: 4
[309.207s][debug][gc,phases      ] GC(23)   Weak JFR Old Object Samples    Min:  0.0, Avg:  0.0, Max:  0.0, Diff:  0.0, Sum:  0.0, Workers: 4
[309.207s][debug][gc,phases      ] GC(23)     Dead                           Min: 0, Avg:  0.0, Max: 0, Diff: 0, Sum: 0, Workers: 4
[309.207s][debug][gc,phases      ] GC(23)     Total                          Min: 0, Avg:  0.0, Max: 0, Diff: 0, Sum: 0, Workers: 4
[309.207s][debug][gc,phases      ] GC(23) Weak Processing 0.526ms
[309.207s][debug][gc,age         ] GC(23) Desired survivor size 349700096 bytes, new threshold 15 (max threshold 15)
[309.208s][info ][gc,heap        ] GC(23) PSYoungGen: 1586030K(1743872K)->144154K(1754112K) Eden: 1397760K(1397760K)->0K(1414144K) From: 188270K(346112K)->144154K(339968K)
[309.208s][info ][gc,heap        ] GC(23) ParOldGen: 96451K(167424K)->132971K(167424K)
[309.208s][info ][gc,metaspace   ] GC(23) Metaspace: 77549K(78400K)->77549K(78400K) NonClass: 66394K(66880K)->66394K(66880K) Class: 11155K(11520K)->11155K(11520K)
[309.208s][info ][gc             ] GC(23) Pause Young (Allocation Failure) 1643M->270M(1876M) 77.656ms
[309.208s][info ][gc,cpu         ] GC(23) User=0.25s Sys=0.00s Real=0.07s
[309.208s][debug][gc,phases      ] GC(24) Pre Compact 0.008ms
[309.208s][info ][gc,start       ] GC(24) Pause Full (Ergonomics)
[309.208s][info ][gc,phases,start] GC(24) Marking Phase
[309.301s][debug][gc,phases      ] GC(24) Par Mark 92.962ms
[309.301s][debug][gc,ref         ] GC(24) Skipped phase 1 of Reference Processing: no references
[309.301s][debug][gc,ref         ] GC(24) ReferenceProcessor::execute queues: 4, RefProcThreadModel::Multi, marks_oops_alive: false
[309.303s][debug][gc,ref         ] GC(24) Skipped phase 3 of Reference Processing: no references
[309.303s][debug][gc,ref         ] GC(24) ReferenceProcessor::execute queues: 1, RefProcThreadModel::Single, marks_oops_alive: false
[309.303s][debug][gc,phases      ] GC(24) Reference Processing 2.418ms
[309.303s][debug][gc,phases      ] GC(24)   VM Weak                        Min:  0.0, Avg:  0.0, Max:  0.0, Diff:  0.0, Sum:  0.0, Workers: 4
[309.303s][debug][gc,phases      ] GC(24)     Dead                           Min: 0, Avg:  0.0, Max: 0, Diff: 0, Sum: 0, Workers: 4
[309.303s][debug][gc,phases      ] GC(24)     Total                          Min: 0, Avg: 173.8, Max: 384, Diff: 384, Sum: 695, Workers: 4
[309.303s][debug][gc,phases      ] GC(24)   ObjectSynchronizer Weak        Min:  0.0, Avg:  0.0, Max:  0.0, Diff:  0.0, Sum:  0.0, Workers: 4
[309.303s][debug][gc,phases      ] GC(24)     Dead                           Min: 0, Avg:  0.0, Max: 0, Diff: 0, Sum: 0, Workers: 4
[309.303s][debug][gc,phases      ] GC(24)     Total                          Min: 0, Avg: 12.2, Max: 49, Diff: 49, Sum: 49, Workers: 4
[309.303s][debug][gc,phases      ] GC(24)   JVMTI Tag Weak OopStorage      Min:  0.0, Avg:  0.0, Max:  0.0, Diff:  0.0, Sum:  0.0, Workers: 4
[309.303s][debug][gc,phases      ] GC(24)     Dead                           Min: 0, Avg:  0.0, Max: 0, Diff: 0, Sum: 0, Workers: 4
[309.303s][debug][gc,phases      ] GC(24)     Total                          Min: 0, Avg:  0.0, Max: 0, Diff: 0, Sum: 0, Workers: 4
[309.303s][debug][gc,phases      ] GC(24)   StringTable Weak               Min:  0.0, Avg:  0.1, Max:  0.2, Diff:  0.2, Sum:  0.5, Workers: 4
[309.303s][debug][gc,phases      ] GC(24)     Dead                           Min: 0, Avg:  0.0, Max: 0, Diff: 0, Sum: 0, Workers: 4
[309.303s][debug][gc,phases      ] GC(24)     Total                          Min: 0, Avg: 10667.5, Max: 14400, Diff: 14400, Sum: 42670, Workers: 4
[309.303s][debug][gc,phases      ] GC(24)   ResolvedMethodTable Weak       Min:  0.0, Avg:  0.0, Max:  0.0, Diff:  0.0, Sum:  0.1, Workers: 4
[309.303s][debug][gc,phases      ] GC(24)     Dead                           Min: 0, Avg:  0.0, Max: 0, Diff: 0, Sum: 0, Workers: 4
[309.303s][debug][gc,phases      ] GC(24)     Total                          Min: 0, Avg: 2084.2, Max: 2815, Diff: 2815, Sum: 8337, Workers: 4
[309.303s][debug][gc,phases      ] GC(24)   JNI Weak                       Min:  0.0, Avg:  0.0, Max:  0.0, Diff:  0.0, Sum:  0.0, Workers: 4
[309.303s][debug][gc,phases      ] GC(24)     Dead                           Min: 0, Avg:  0.0, Max: 0, Diff: 0, Sum: 0, Workers: 4
[309.303s][debug][gc,phases      ] GC(24)     Total                          Min: 0, Avg: 11.2, Max: 45, Diff: 45, Sum: 45, Workers: 4
[309.303s][debug][gc,phases      ] GC(24)   StringDedup Table Weak         Min:  0.0, Avg:  0.0, Max:  0.0, Diff:  0.0, Sum:  0.0, Workers: 4
[309.303s][debug][gc,phases      ] GC(24)     Dead                           Min: 0, Avg:  0.0, Max: 0, Diff: 0, Sum: 0, Workers: 4
[309.303s][debug][gc,phases      ] GC(24)     Total                          Min: 0, Avg:  0.0, Max: 0, Diff: 0, Sum: 0, Workers: 4
[309.303s][debug][gc,phases      ] GC(24)   StringDedup Requests0 Weak     Min:  0.0, Avg:  0.0, Max:  0.0, Diff:  0.0, Sum:  0.0, Workers: 4
[309.303s][debug][gc,phases      ] GC(24)     Dead                           Min: 0, Avg:  0.0, Max: 0, Diff: 0, Sum: 0, Workers: 4
[309.303s][debug][gc,phases      ] GC(24)     Total                          Min: 0, Avg:  0.0, Max: 0, Diff: 0, Sum: 0, Workers: 4
[309.303s][debug][gc,phases      ] GC(24)   StringDedup Requests1 Weak     Min:  0.0, Avg:  0.0, Max:  0.0, Diff:  0.0, Sum:  0.0, Workers: 4
[309.303s][debug][gc,phases      ] GC(24)     Dead                           Min: 0, Avg:  0.0, Max: 0, Diff: 0, Sum: 0, Workers: 4
[309.303s][debug][gc,phases      ] GC(24)     Total                          Min: 0, Avg:  0.0, Max: 0, Diff: 0, Sum: 0, Workers: 4
[309.303s][debug][gc,phases      ] GC(24)   Weak JFR Old Object Samples    Min:  0.0, Avg:  0.0, Max:  0.0, Diff:  0.0, Sum:  0.0, Workers: 4
[309.303s][debug][gc,phases      ] GC(24)     Dead                           Min: 0, Avg:  0.0, Max: 0, Diff: 0, Sum: 0, Workers: 4
[309.303s][debug][gc,phases      ] GC(24)     Total                          Min: 0, Avg:  0.0, Max: 0, Diff: 0, Sum: 0, Workers: 4
[309.303s][debug][gc,phases      ] GC(24) Weak Processing 0.373ms
[309.304s][debug][gc,phases      ] GC(24) ClassLoaderData 0.080ms
[309.304s][debug][gc,phases      ] GC(24) Trigger cleanups 0.000ms
[309.317s][debug][gc,phases      ] GC(24) Class Unloading 13.630ms
[309.317s][info ][gc,phases      ] GC(24) Marking Phase 109.554ms
[309.317s][info ][gc,phases,start] GC(24) Summary Phase
[309.317s][info ][gc,phases      ] GC(24) Summary Phase 0.018ms
[309.317s][info ][gc,phases,start] GC(24) Adjust Roots
[309.329s][info ][gc,phases      ] GC(24) Adjust Roots 12.058ms
[309.329s][info ][gc,phases,start] GC(24) Compaction Phase
[309.518s][info ][gc,phases      ] GC(24) Compaction Phase 189.140ms
[309.518s][info ][gc,phases,start] GC(24) Post Compact
[309.520s][info ][gc,phases      ] GC(24) Post Compact 1.215ms
[309.520s][info ][gc,heap        ] GC(24) PSYoungGen: 144154K(1754112K)->108544K(1754112K) Eden: 0K(1414144K)->0K(1414144K) From: 144154K(339968K)->108544K(339968K)
[309.520s][info ][gc,heap        ] GC(24) ParOldGen: 132971K(167424K)->166955K(269824K)
[309.520s][info ][gc,metaspace   ] GC(24) Metaspace: 77549K(78400K)->77549K(78400K) NonClass: 66394K(66880K)->66394K(66880K) Class: 11155K(11520K)->11155K(11520K)
[309.520s][info ][gc             ] GC(24) Pause Full (Ergonomics) 270M->269M(1976M) 312.228ms
[309.520s][info ][gc,cpu         ] GC(24) User=1.00s Sys=0.00s Real=0.32s
[309.520s][info ][safepoint      ] Safepoint "ParallelGCFailedAllocation", Time since last: 9082545670 ns, Reaching safepoint: 93502 ns, At safepoint: 390005219 ns, Total: 390098721 ns
[312.520s][info ][safepoint      ] Safepoint "Cleanup", Time since last: 3000162882 ns, Reaching safepoint: 45800 ns, At safepoint: 1900 ns, Total: 47700 ns
[314.520s][info ][safepoint      ] Safepoint "Cleanup", Time since last: 2000159754 ns, Reaching safepoint: 110902 ns, At safepoint: 6500 ns, Total: 117402 ns
[316.521s][info ][safepoint      ] Safepoint "Cleanup", Time since last: 2000163123 ns, Reaching safepoint: 46100 ns, At safepoint: 2000 ns, Total: 48100 ns
[317.521s][info ][safepoint      ] Safepoint "Cleanup", Time since last: 1000100112 ns, Reaching safepoint: 37500 ns, At safepoint: 3200 ns, Total: 40700 ns
[318.521s][info ][safepoint      ] Safepoint "Cleanup", Time since last: 1000095412 ns, Reaching safepoint: 46201 ns, At safepoint: 3000 ns, Total: 49201 ns
[319.521s][info ][safepoint      ] Safepoint "Cleanup", Time since last: 1000113311 ns, Reaching safepoint: 33501 ns, At safepoint: 2600 ns, Total: 36101 ns
[321.521s][info ][safepoint      ] Safepoint "Cleanup", Time since last: 2000156180 ns, Reaching safepoint: 37900 ns, At safepoint: 2700 ns, Total: 40600 ns
[322.521s][info ][safepoint      ] Safepoint "Cleanup", Time since last: 1000091090 ns, Reaching safepoint: 64401 ns, At safepoint: 4800 ns, Total: 69201 ns
[324.522s][info ][safepoint      ] Safepoint "Cleanup", Time since last: 2000169080 ns, Reaching safepoint: 35300 ns, At safepoint: 2600 ns, Total: 37900 ns
[326.522s][info ][safepoint      ] Safepoint "Cleanup", Time since last: 2000160580 ns, Reaching safepoint: 41700 ns, At safepoint: 4301 ns, Total: 46001 ns
[327.522s][info ][safepoint      ] Safepoint "Cleanup", Time since last: 1000063289 ns, Reaching safepoint: 42501 ns, At safepoint: 5200 ns, Total: 47701 ns
[330.522s][info ][safepoint      ] Safepoint "Cleanup", Time since last: 3000227366 ns, Reaching safepoint: 41900 ns, At safepoint: 2700 ns, Total: 44600 ns
[331.522s][info ][safepoint      ] Safepoint "Cleanup", Time since last: 1000115989 ns, Reaching safepoint: 55801 ns, At safepoint: 8900 ns, Total: 64701 ns
[332.522s][info ][safepoint      ] Safepoint "Cleanup", Time since last: 1000112488 ns, Reaching safepoint: 39901 ns, At safepoint: 5200 ns, Total: 45101 ns
[333.523s][info ][safepoint      ] Safepoint "Cleanup", Time since last: 1000096188 ns, Reaching safepoint: 42800 ns, At safepoint: 2300 ns, Total: 45100 ns
[334.666s][info ][gc,start       ] GC(25) Pause Young (Allocation Failure)
[334.722s][debug][gc,phases      ] GC(25) Scavenge 55.675ms
[334.722s][debug][gc,ref         ] GC(25) Skipped phase 1 of Reference Processing: no references
[334.722s][debug][gc,ref         ] GC(25) ReferenceProcessor::execute queues: 1, RefProcThreadModel::Single, marks_oops_alive: false
[334.722s][debug][gc,ref         ] GC(25) Skipped phase 3 of Reference Processing: no references
[334.722s][debug][gc,ref         ] GC(25) ReferenceProcessor::execute queues: 1, RefProcThreadModel::Single, marks_oops_alive: false
[334.722s][debug][gc,phases      ] GC(25) Reference Processing 0.120ms
[334.722s][debug][gc,phases      ] GC(25)   VM Weak                        Min:  0.0, Avg:  0.0, Max:  0.0, Diff:  0.0, Sum:  0.0, Workers: 4
[334.722s][debug][gc,phases      ] GC(25)     Dead                           Min: 0, Avg:  0.0, Max: 0, Diff: 0, Sum: 0, Workers: 4
[334.722s][debug][gc,phases      ] GC(25)     Total                          Min: 0, Avg: 174.0, Max: 576, Diff: 576, Sum: 696, Workers: 4
[334.722s][debug][gc,phases      ] GC(25)   ObjectSynchronizer Weak        Min:  0.0, Avg:  0.0, Max:  0.0, Diff:  0.0, Sum:  0.0, Workers: 4
[334.722s][debug][gc,phases      ] GC(25)     Dead                           Min: 0, Avg:  0.0, Max: 0, Diff: 0, Sum: 0, Workers: 4
[334.722s][debug][gc,phases      ] GC(25)     Total                          Min: 0, Avg: 12.2, Max: 49, Diff: 49, Sum: 49, Workers: 4
[334.722s][debug][gc,phases      ] GC(25)   JVMTI Tag Weak OopStorage      Min:  0.0, Avg:  0.0, Max:  0.0, Diff:  0.0, Sum:  0.0, Workers: 4
[334.722s][debug][gc,phases      ] GC(25)     Dead                           Min: 0, Avg:  0.0, Max: 0, Diff: 0, Sum: 0, Workers: 4
[334.722s][debug][gc,phases      ] GC(25)     Total                          Min: 0, Avg:  0.0, Max: 0, Diff: 0, Sum: 0, Workers: 4
[334.722s][debug][gc,phases      ] GC(25)   StringTable Weak               Min:  0.0, Avg:  0.1, Max:  0.1, Diff:  0.1, Sum:  0.4, Workers: 4
[334.722s][debug][gc,phases      ] GC(25)     Dead                           Min: 0, Avg:  0.5, Max: 2, Diff: 2, Sum: 2, Workers: 4
[334.722s][debug][gc,phases      ] GC(25)     Total                          Min: 0, Avg: 10675.0, Max: 17024, Diff: 17024, Sum: 42700, Workers: 4
[334.722s][debug][gc,phases      ] GC(25)   ResolvedMethodTable Weak       Min:  0.0, Avg:  0.0, Max:  0.0, Diff:  0.0, Sum:  0.1, Workers: 4
[334.722s][debug][gc,phases      ] GC(25)     Dead                           Min: 0, Avg:  0.0, Max: 0, Diff: 0, Sum: 0, Workers: 4
[334.722s][debug][gc,phases      ] GC(25)     Total                          Min: 0, Avg: 2088.8, Max: 3639, Diff: 3639, Sum: 8355, Workers: 4
[334.722s][debug][gc,phases      ] GC(25)   JNI Weak                       Min:  0.0, Avg:  0.0, Max:  0.0, Diff:  0.0, Sum:  0.0, Workers: 4
[334.722s][debug][gc,phases      ] GC(25)     Dead                           Min: 0, Avg:  0.0, Max: 0, Diff: 0, Sum: 0, Workers: 4
[334.722s][debug][gc,phases      ] GC(25)     Total                          Min: 0, Avg: 11.2, Max: 45, Diff: 45, Sum: 45, Workers: 4
[334.722s][debug][gc,phases      ] GC(25)   StringDedup Table Weak         Min:  0.0, Avg:  0.0, Max:  0.0, Diff:  0.0, Sum:  0.0, Workers: 4
[334.722s][debug][gc,phases      ] GC(25)     Dead                           Min: 0, Avg:  0.0, Max: 0, Diff: 0, Sum: 0, Workers: 4
[334.722s][debug][gc,phases      ] GC(25)     Total                          Min: 0, Avg:  0.0, Max: 0, Diff: 0, Sum: 0, Workers: 4
[334.722s][debug][gc,phases      ] GC(25)   StringDedup Requests0 Weak     Min:  0.0, Avg:  0.0, Max:  0.0, Diff:  0.0, Sum:  0.0, Workers: 4
[334.722s][debug][gc,phases      ] GC(25)     Dead                           Min: 0, Avg:  0.0, Max: 0, Diff: 0, Sum: 0, Workers: 4
[334.722s][debug][gc,phases      ] GC(25)     Total                          Min: 0, Avg:  0.0, Max: 0, Diff: 0, Sum: 0, Workers: 4
[334.722s][debug][gc,phases      ] GC(25)   StringDedup Requests1 Weak     Min:  0.0, Avg:  0.0, Max:  0.0, Diff:  0.0, Sum:  0.0, Workers: 4
[334.722s][debug][gc,phases      ] GC(25)     Dead                           Min: 0, Avg:  0.0, Max: 0, Diff: 0, Sum: 0, Workers: 4
[334.722s][debug][gc,phases      ] GC(25)     Total                          Min: 0, Avg:  0.0, Max: 0, Diff: 0, Sum: 0, Workers: 4
[334.722s][debug][gc,phases      ] GC(25)   Weak JFR Old Object Samples    Min:  0.0, Avg:  0.0, Max:  0.0, Diff:  0.0, Sum:  0.0, Workers: 4
[334.722s][debug][gc,phases      ] GC(25)     Dead                           Min: 0, Avg:  0.0, Max: 0, Diff: 0, Sum: 0, Workers: 4
[334.723s][debug][gc,phases      ] GC(25)     Total                          Min: 0, Avg:  0.0, Max: 0, Diff: 0, Sum: 0, Workers: 4
[334.723s][debug][gc,phases      ] GC(25) Weak Processing 0.314ms
[334.723s][debug][gc,age         ] GC(25) Desired survivor size 361758720 bytes, new threshold 15 (max threshold 15)
[334.723s][info ][gc,heap        ] GC(25) PSYoungGen: 1522688K(1754112K)->70811K(1485312K) Eden: 1414144K(1414144K)->0K(1414144K) From: 108544K(339968K)->70811K(71168K)
[334.723s][info ][gc,heap        ] GC(25) ParOldGen: 166955K(269824K)->205682K(269824K)
[334.723s][info ][gc,metaspace   ] GC(25) Metaspace: 77643K(78528K)->77643K(78528K) NonClass: 66479K(66944K)->66479K(66944K) Class: 11163K(11584K)->11163K(11584K)
[334.723s][info ][gc             ] GC(25) Pause Young (Allocation Failure) 1650M->270M(1714M) 56.217ms
[334.723s][info ][gc,cpu         ] GC(25) User=0.20s Sys=0.00s Real=0.06s
[334.723s][info ][safepoint      ] Safepoint "ParallelGCFailedAllocation", Time since last: 1143656967 ns, Reaching safepoint: 43001 ns, At safepoint: 56286436 ns, Total: 56329437 ns
[335.723s][info ][safepoint      ] Safepoint "Cleanup", Time since last: 1000076488 ns, Reaching safepoint: 41701 ns, At safepoint: 2800 ns, Total: 44501 ns
[338.723s][info ][safepoint      ] Safepoint "Cleanup", Time since last: 3000228438 ns, Reaching safepoint: 48701 ns, At safepoint: 5400 ns, Total: 54101 ns
[340.723s][info ][safepoint      ] Safepoint "Cleanup", Time since last: 2000161449 ns, Reaching safepoint: 37700 ns, At safepoint: 2600 ns, Total: 40300 ns
[343.723s][info ][safepoint      ] Safepoint "Cleanup", Time since last: 3000221023 ns, Reaching safepoint: 38600 ns, At safepoint: 2400 ns, Total: 41000 ns
[344.724s][info ][safepoint      ] Safepoint "Cleanup", Time since last: 1000095375 ns, Reaching safepoint: 43800 ns, At safepoint: 2800 ns, Total: 46600 ns
[345.724s][info ][safepoint      ] Safepoint "Cleanup", Time since last: 1000103984 ns, Reaching safepoint: 36001 ns, At safepoint: 2100 ns, Total: 38101 ns
[347.724s][info ][safepoint      ] Safepoint "Cleanup", Time since last: 2000162270 ns, Reaching safepoint: 43000 ns, At safepoint: 2400 ns, Total: 45400 ns
[348.724s][info ][safepoint      ] Safepoint "Cleanup", Time since last: 1000097086 ns, Reaching safepoint: 36900 ns, At safepoint: 2900 ns, Total: 39800 ns
[349.724s][info ][safepoint      ] Safepoint "Cleanup", Time since last: 1000095885 ns, Reaching safepoint: 86902 ns, At safepoint: 4800 ns, Total: 91702 ns
[350.724s][info ][safepoint      ] Safepoint "Cleanup", Time since last: 1000087185 ns, Reaching safepoint: 34600 ns, At safepoint: 3200 ns, Total: 37800 ns
[352.274s][info ][safepoint      ] Safepoint "Cleanup", Time since last: 1549242271 ns, Reaching safepoint: 62300 ns, At safepoint: 2100 ns, Total: 64400 ns
[353.274s][info ][safepoint      ] Safepoint "Cleanup", Time since last: 1000096959 ns, Reaching safepoint: 38800 ns, At safepoint: 2100 ns, Total: 40900 ns
[357.274s][info ][safepoint      ] Safepoint "Cleanup", Time since last: 4000300811 ns, Reaching safepoint: 38000 ns, At safepoint: 2300 ns, Total: 40300 ns
[359.274s][info ][safepoint      ] Safepoint "Cleanup", Time since last: 2000178355 ns, Reaching safepoint: 48601 ns, At safepoint: 4800 ns, Total: 53401 ns
[360.275s][info ][safepoint      ] Safepoint "Cleanup", Time since last: 1000067320 ns, Reaching safepoint: 39800 ns, At safepoint: 4800 ns, Total: 44600 ns
[360.765s][info ][gc,start       ] GC(26) Pause Young (Allocation Failure)
[360.790s][debug][gc,phases      ] GC(26) Scavenge 24.304ms
[360.790s][debug][gc,ref         ] GC(26) Skipped phase 1 of Reference Processing: no references
[360.790s][debug][gc,ref         ] GC(26) ReferenceProcessor::execute queues: 1, RefProcThreadModel::Single, marks_oops_alive: false
[360.790s][debug][gc,ref         ] GC(26) Skipped phase 3 of Reference Processing: no references
[360.790s][debug][gc,ref         ] GC(26) ReferenceProcessor::execute queues: 1, RefProcThreadModel::Single, marks_oops_alive: false
[360.790s][debug][gc,phases      ] GC(26) Reference Processing 0.102ms
[360.790s][debug][gc,phases      ] GC(26)   VM Weak                        Min:  0.0, Avg:  0.0, Max:  0.0, Diff:  0.0, Sum:  0.0, Workers: 4
[360.790s][debug][gc,phases      ] GC(26)     Dead                           Min: 0, Avg:  0.0, Max: 0, Diff: 0, Sum: 0, Workers: 4
[360.790s][debug][gc,phases      ] GC(26)     Total                          Min: 0, Avg: 174.0, Max: 440, Diff: 440, Sum: 696, Workers: 4
[360.790s][debug][gc,phases      ] GC(26)   ObjectSynchronizer Weak        Min:  0.0, Avg:  0.0, Max:  0.0, Diff:  0.0, Sum:  0.0, Workers: 4
[360.790s][debug][gc,phases      ] GC(26)     Dead                           Min: 0, Avg:  0.0, Max: 0, Diff: 0, Sum: 0, Workers: 4
[360.790s][debug][gc,phases      ] GC(26)     Total                          Min: 0, Avg: 12.2, Max: 49, Diff: 49, Sum: 49, Workers: 4
[360.790s][debug][gc,phases      ] GC(26)   JVMTI Tag Weak OopStorage      Min:  0.0, Avg:  0.0, Max:  0.0, Diff:  0.0, Sum:  0.0, Workers: 4
[360.790s][debug][gc,phases      ] GC(26)     Dead                           Min: 0, Avg:  0.0, Max: 0, Diff: 0, Sum: 0, Workers: 4
[360.790s][debug][gc,phases      ] GC(26)     Total                          Min: 0, Avg:  0.0, Max: 0, Diff: 0, Sum: 0, Workers: 4
[360.790s][debug][gc,phases      ] GC(26)   StringTable Weak               Min:  0.0, Avg:  0.1, Max:  0.1, Diff:  0.1, Sum:  0.4, Workers: 4
[360.790s][debug][gc,phases      ] GC(26)     Dead                           Min: 0, Avg:  0.0, Max: 0, Diff: 0, Sum: 0, Workers: 4
[360.790s][debug][gc,phases      ] GC(26)     Total                          Min: 0, Avg: 10687.8, Max: 17600, Diff: 17600, Sum: 42751, Workers: 4
[360.790s][debug][gc,phases      ] GC(26)   ResolvedMethodTable Weak       Min:  0.0, Avg:  0.0, Max:  0.0, Diff:  0.0, Sum:  0.1, Workers: 4
[360.790s][debug][gc,phases      ] GC(26)     Dead                           Min: 0, Avg:  0.0, Max: 0, Diff: 0, Sum: 0, Workers: 4
[360.790s][debug][gc,phases      ] GC(26)     Total                          Min: 0, Avg: 2090.2, Max: 3434, Diff: 3434, Sum: 8361, Workers: 4
[360.790s][debug][gc,phases      ] GC(26)   JNI Weak                       Min:  0.0, Avg:  0.0, Max:  0.0, Diff:  0.0, Sum:  0.0, Workers: 4
[360.790s][debug][gc,phases      ] GC(26)     Dead                           Min: 0, Avg:  0.0, Max: 0, Diff: 0, Sum: 0, Workers: 4
[360.790s][debug][gc,phases      ] GC(26)     Total                          Min: 0, Avg: 11.2, Max: 45, Diff: 45, Sum: 45, Workers: 4
[360.790s][debug][gc,phases      ] GC(26)   StringDedup Table Weak         Min:  0.0, Avg:  0.0, Max:  0.0, Diff:  0.0, Sum:  0.0, Workers: 4
[360.790s][debug][gc,phases      ] GC(26)     Dead                           Min: 0, Avg:  0.0, Max: 0, Diff: 0, Sum: 0, Workers: 4
[360.790s][debug][gc,phases      ] GC(26)     Total                          Min: 0, Avg:  0.0, Max: 0, Diff: 0, Sum: 0, Workers: 4
[360.790s][debug][gc,phases      ] GC(26)   StringDedup Requests0 Weak     Min:  0.0, Avg:  0.0, Max:  0.0, Diff:  0.0, Sum:  0.0, Workers: 4
[360.790s][debug][gc,phases      ] GC(26)     Dead                           Min: 0, Avg:  0.0, Max: 0, Diff: 0, Sum: 0, Workers: 4
[360.790s][debug][gc,phases      ] GC(26)     Total                          Min: 0, Avg:  0.0, Max: 0, Diff: 0, Sum: 0, Workers: 4
[360.790s][debug][gc,phases      ] GC(26)   StringDedup Requests1 Weak     Min:  0.0, Avg:  0.0, Max:  0.0, Diff:  0.0, Sum:  0.0, Workers: 4
[360.790s][debug][gc,phases      ] GC(26)     Dead                           Min: 0, Avg:  0.0, Max: 0, Diff: 0, Sum: 0, Workers: 4
[360.790s][debug][gc,phases      ] GC(26)     Total                          Min: 0, Avg:  0.0, Max: 0, Diff: 0, Sum: 0, Workers: 4
[360.790s][debug][gc,phases      ] GC(26)   Weak JFR Old Object Samples    Min:  0.0, Avg:  0.0, Max:  0.0, Diff:  0.0, Sum:  0.0, Workers: 4
[360.790s][debug][gc,phases      ] GC(26)     Dead                           Min: 0, Avg:  0.0, Max: 0, Diff: 0, Sum: 0, Workers: 4
[360.790s][debug][gc,phases      ] GC(26)     Total                          Min: 0, Avg:  0.0, Max: 0, Diff: 0, Sum: 0, Workers: 4
[360.790s][debug][gc,phases      ] GC(26) Weak Processing 0.301ms
[360.790s][debug][gc,age         ] GC(26) Desired survivor size 377487360 bytes, new threshold 15 (max threshold 15)
[360.790s][info ][gc,heap        ] GC(26) PSYoungGen: 1484955K(1485312K)->22080K(1713152K) Eden: 1414144K(1414144K)->0K(1359872K) From: 70811K(71168K)->22080K(353280K)
[360.790s][info ][gc,heap        ] GC(26) ParOldGen: 205682K(269824K)->232308K(269824K)
[360.790s][info ][gc,metaspace   ] GC(26) Metaspace: 77678K(78592K)->77678K(78592K) NonClass: 66510K(67008K)->66510K(67008K) Class: 11168K(11584K)->11168K(11584K)
[360.790s][info ][gc             ] GC(26) Pause Young (Allocation Failure) 1651M->248M(1936M) 24.820ms
[360.790s][info ][gc,cpu         ] GC(26) User=0.07s Sys=0.02s Real=0.03s
[360.790s][debug][gc,phases      ] GC(27) Pre Compact 0.008ms
[360.790s][info ][gc,start       ] GC(27) Pause Full (Ergonomics)
[360.790s][info ][gc,phases,start] GC(27) Marking Phase
[360.876s][debug][gc,phases      ] GC(27) Par Mark 86.149ms
[360.877s][debug][gc,ref         ] GC(27) Skipped phase 1 of Reference Processing: no references
[360.877s][debug][gc,ref         ] GC(27) ReferenceProcessor::execute queues: 4, RefProcThreadModel::Multi, marks_oops_alive: false
[360.877s][debug][gc,ref         ] GC(27) Skipped phase 3 of Reference Processing: no references
[360.877s][debug][gc,ref         ] GC(27) ReferenceProcessor::execute queues: 1, RefProcThreadModel::Single, marks_oops_alive: false
[360.877s][debug][gc,phases      ] GC(27) Reference Processing 0.727ms
[360.877s][debug][gc,phases      ] GC(27)   VM Weak                        Min:  0.0, Avg:  0.0, Max:  0.0, Diff:  0.0, Sum:  0.0, Workers: 4
[360.877s][debug][gc,phases      ] GC(27)     Dead                           Min: 0, Avg:  0.0, Max: 0, Diff: 0, Sum: 0, Workers: 4
[360.877s][debug][gc,phases      ] GC(27)     Total                          Min: 120, Avg: 174.0, Max: 256, Diff: 136, Sum: 696, Workers: 4
[360.877s][debug][gc,phases      ] GC(27)   ObjectSynchronizer Weak        Min:  0.0, Avg:  0.0, Max:  0.0, Diff:  0.0, Sum:  0.0, Workers: 4
[360.877s][debug][gc,phases      ] GC(27)     Dead                           Min: 0, Avg:  0.0, Max: 0, Diff: 0, Sum: 0, Workers: 4
[360.877s][debug][gc,phases      ] GC(27)     Total                          Min: 0, Avg: 12.2, Max: 49, Diff: 49, Sum: 49, Workers: 4
[360.877s][debug][gc,phases      ] GC(27)   JVMTI Tag Weak OopStorage      Min:  0.0, Avg:  0.0, Max:  0.0, Diff:  0.0, Sum:  0.0, Workers: 4
[360.877s][debug][gc,phases      ] GC(27)     Dead                           Min: 0, Avg:  0.0, Max: 0, Diff: 0, Sum: 0, Workers: 4
[360.877s][debug][gc,phases      ] GC(27)     Total                          Min: 0, Avg:  0.0, Max: 0, Diff: 0, Sum: 0, Workers: 4
[360.877s][debug][gc,phases      ] GC(27)   StringTable Weak               Min:  0.1, Avg:  0.1, Max:  0.1, Diff:  0.0, Sum:  0.6, Workers: 4
[360.877s][debug][gc,phases      ] GC(27)     Dead                           Min: 0, Avg:  0.0, Max: 0, Diff: 0, Sum: 0, Workers: 4
[360.877s][debug][gc,phases      ] GC(27)     Total                          Min: 9600, Avg: 10687.8, Max: 11776, Diff: 2176, Sum: 42751, Workers: 4
[360.877s][debug][gc,phases      ] GC(27)   ResolvedMethodTable Weak       Min:  0.0, Avg:  0.0, Max:  0.0, Diff:  0.0, Sum:  0.1, Workers: 4
[360.877s][debug][gc,phases      ] GC(27)     Dead                           Min: 0, Avg:  0.0, Max: 0, Diff: 0, Sum: 0, Workers: 4
[360.877s][debug][gc,phases      ] GC(27)     Total                          Min: 1856, Avg: 2090.2, Max: 2240, Diff: 384, Sum: 8361, Workers: 4
[360.878s][debug][gc,phases      ] GC(27)   JNI Weak                       Min:  0.0, Avg:  0.0, Max:  0.0, Diff:  0.0, Sum:  0.0, Workers: 4
[360.878s][debug][gc,phases      ] GC(27)     Dead                           Min: 0, Avg:  0.0, Max: 0, Diff: 0, Sum: 0, Workers: 4
[360.878s][debug][gc,phases      ] GC(27)     Total                          Min: 0, Avg: 11.2, Max: 45, Diff: 45, Sum: 45, Workers: 4
[360.878s][debug][gc,phases      ] GC(27)   StringDedup Table Weak         Min:  0.0, Avg:  0.0, Max:  0.0, Diff:  0.0, Sum:  0.0, Workers: 4
[360.878s][debug][gc,phases      ] GC(27)     Dead                           Min: 0, Avg:  0.0, Max: 0, Diff: 0, Sum: 0, Workers: 4
[360.878s][debug][gc,phases      ] GC(27)     Total                          Min: 0, Avg:  0.0, Max: 0, Diff: 0, Sum: 0, Workers: 4
[360.878s][debug][gc,phases      ] GC(27)   StringDedup Requests0 Weak     Min:  0.0, Avg:  0.0, Max:  0.0, Diff:  0.0, Sum:  0.0, Workers: 4
[360.878s][debug][gc,phases      ] GC(27)     Dead                           Min: 0, Avg:  0.0, Max: 0, Diff: 0, Sum: 0, Workers: 4
[360.878s][debug][gc,phases      ] GC(27)     Total                          Min: 0, Avg:  0.0, Max: 0, Diff: 0, Sum: 0, Workers: 4
[360.878s][debug][gc,phases      ] GC(27)   StringDedup Requests1 Weak     Min:  0.0, Avg:  0.0, Max:  0.0, Diff:  0.0, Sum:  0.0, Workers: 4
[360.878s][debug][gc,phases      ] GC(27)     Dead                           Min: 0, Avg:  0.0, Max: 0, Diff: 0, Sum: 0, Workers: 4
[360.878s][debug][gc,phases      ] GC(27)     Total                          Min: 0, Avg:  0.0, Max: 0, Diff: 0, Sum: 0, Workers: 4
[360.878s][debug][gc,phases      ] GC(27)   Weak JFR Old Object Samples    Min:  0.0, Avg:  0.0, Max:  0.0, Diff:  0.0, Sum:  0.0, Workers: 4
[360.878s][debug][gc,phases      ] GC(27)     Dead                           Min: 0, Avg:  0.0, Max: 0, Diff: 0, Sum: 0, Workers: 4
[360.878s][debug][gc,phases      ] GC(27)     Total                          Min: 0, Avg:  0.0, Max: 0, Diff: 0, Sum: 0, Workers: 4
[360.878s][debug][gc,phases      ] GC(27) Weak Processing 0.322ms
[360.878s][debug][gc,phases      ] GC(27) ClassLoaderData 0.076ms
[360.878s][debug][gc,phases      ] GC(27) Trigger cleanups 0.000ms
[360.891s][debug][gc,phases      ] GC(27) Class Unloading 13.878ms
[360.891s][info ][gc,phases      ] GC(27) Marking Phase 101.203ms
[360.891s][info ][gc,phases,start] GC(27) Summary Phase
[360.891s][info ][gc,phases      ] GC(27) Summary Phase 0.010ms
[360.891s][info ][gc,phases,start] GC(27) Adjust Roots
[360.902s][info ][gc,phases      ] GC(27) Adjust Roots 10.789ms
[360.902s][info ][gc,phases,start] GC(27) Compaction Phase
[361.019s][info ][gc,phases      ] GC(27) Compaction Phase 116.395ms
[361.019s][info ][gc,phases,start] GC(27) Post Compact
[361.019s][info ][gc,phases      ] GC(27) Post Compact 0.686ms
[361.020s][info ][gc,heap        ] GC(27) PSYoungGen: 22080K(1713152K)->0K(1728512K) Eden: 0K(1359872K)->0K(1359872K) From: 22080K(353280K)->0K(368640K)
[361.020s][info ][gc,heap        ] GC(27) ParOldGen: 232308K(269824K)->239967K(376832K)
[361.020s][info ][gc,metaspace   ] GC(27) Metaspace: 77678K(78592K)->77678K(78592K) NonClass: 66510K(67008K)->66510K(67008K) Class: 11168K(11584K)->11168K(11584K)
[361.020s][info ][gc             ] GC(27) Pause Full (Ergonomics) 248M->234M(2056M) 229.338ms
[361.020s][info ][gc,cpu         ] GC(27) User=0.71s Sys=0.00s Real=0.23s
[361.020s][info ][safepoint      ] Safepoint "ParallelGCFailedAllocation", Time since last: 490729004 ns, Reaching safepoint: 108001 ns, At safepoint: 254279313 ns, Total: 254387314 ns
[362.020s][info ][safepoint      ] Safepoint "Cleanup", Time since last: 1000086014 ns, Reaching safepoint: 44200 ns, At safepoint: 2000 ns, Total: 46200 ns
[363.020s][info ][safepoint      ] Safepoint "Cleanup", Time since last: 1000098514 ns, Reaching safepoint: 60701 ns, At safepoint: 3300 ns, Total: 64001 ns
[364.020s][info ][safepoint      ] Safepoint "Cleanup", Time since last: 1000104214 ns, Reaching safepoint: 36100 ns, At safepoint: 2801 ns, Total: 38901 ns
[365.020s][info ][safepoint      ] Safepoint "Cleanup", Time since last: 1000101313 ns, Reaching safepoint: 41201 ns, At safepoint: 3000 ns, Total: 44201 ns
[366.020s][info ][safepoint      ] Safepoint "Cleanup", Time since last: 1000114414 ns, Reaching safepoint: 37400 ns, At safepoint: 6401 ns, Total: 43801 ns
[367.021s][info ][safepoint      ] Safepoint "Cleanup", Time since last: 1000110014 ns, Reaching safepoint: 38900 ns, At safepoint: 2600 ns, Total: 41500 ns
[368.169s][info ][safepoint      ] Safepoint "Cleanup", Time since last: 1148582246 ns, Reaching safepoint: 282004 ns, At safepoint: 10500 ns, Total: 292504 ns
[369.315s][info ][safepoint      ] Safepoint "Cleanup", Time since last: 1145834907 ns, Reaching safepoint: 140002 ns, At safepoint: 6000 ns, Total: 146002 ns
[370.316s][info ][safepoint      ] Safepoint "Cleanup", Time since last: 1000109207 ns, Reaching safepoint: 128702 ns, At safepoint: 5700 ns, Total: 134402 ns
[371.316s][info ][safepoint      ] Safepoint "Cleanup", Time since last: 1000116807 ns, Reaching safepoint: 132901 ns, At safepoint: 6600 ns, Total: 139501 ns
[372.136s][info ][gc,start       ] GC(28) Pause Young (Allocation Failure)
[372.151s][debug][gc,phases      ] GC(28) Scavenge 14.415ms
[372.151s][debug][gc,ref         ] GC(28) Skipped phase 1 of Reference Processing: no references
[372.151s][debug][gc,ref         ] GC(28) ReferenceProcessor::execute queues: 1, RefProcThreadModel::Single, marks_oops_alive: false
[372.151s][debug][gc,ref         ] GC(28) Skipped phase 3 of Reference Processing: no references
[372.151s][debug][gc,ref         ] GC(28) ReferenceProcessor::execute queues: 1, RefProcThreadModel::Single, marks_oops_alive: false
[372.151s][debug][gc,phases      ] GC(28) Reference Processing 0.130ms
[372.151s][debug][gc,phases      ] GC(28)   VM Weak                        Min:  0.0, Avg:  0.1, Max:  0.2, Diff:  0.2, Sum:  0.2, Workers: 4
[372.151s][debug][gc,phases      ] GC(28)     Dead                           Min: 0, Avg:  0.0, Max: 0, Diff: 0, Sum: 0, Workers: 4
[372.151s][debug][gc,phases      ] GC(28)     Total                          Min: 0, Avg: 175.5, Max: 512, Diff: 512, Sum: 702, Workers: 4
[372.151s][debug][gc,phases      ] GC(28)   ObjectSynchronizer Weak        Min:  0.0, Avg:  0.0, Max:  0.0, Diff:  0.0, Sum:  0.0, Workers: 4
[372.151s][debug][gc,phases      ] GC(28)     Dead                           Min: 0, Avg:  0.0, Max: 0, Diff: 0, Sum: 0, Workers: 4
[372.151s][debug][gc,phases      ] GC(28)     Total                          Min: 0, Avg: 12.2, Max: 49, Diff: 49, Sum: 49, Workers: 4
[372.151s][debug][gc,phases      ] GC(28)   JVMTI Tag Weak OopStorage      Min:  0.0, Avg:  0.0, Max:  0.0, Diff:  0.0, Sum:  0.0, Workers: 4
[372.151s][debug][gc,phases      ] GC(28)     Dead                           Min: 0, Avg:  0.0, Max: 0, Diff: 0, Sum: 0, Workers: 4
[372.151s][debug][gc,phases      ] GC(28)     Total                          Min: 0, Avg:  0.0, Max: 0, Diff: 0, Sum: 0, Workers: 4
[372.151s][debug][gc,phases      ] GC(28)   StringTable Weak               Min:  0.0, Avg:  0.1, Max:  0.2, Diff:  0.2, Sum:  0.4, Workers: 4
[372.151s][debug][gc,phases      ] GC(28)     Dead                           Min: 0, Avg:  0.8, Max: 3, Diff: 3, Sum: 3, Workers: 4
[372.151s][debug][gc,phases      ] GC(28)     Total                          Min: 0, Avg: 10711.2, Max: 21597, Diff: 21597, Sum: 42845, Workers: 4
[372.151s][debug][gc,phases      ] GC(28)   ResolvedMethodTable Weak       Min:  0.0, Avg:  0.0, Max:  0.0, Diff:  0.0, Sum:  0.1, Workers: 4
[372.151s][debug][gc,phases      ] GC(28)     Dead                           Min: 0, Avg:  0.0, Max: 0, Diff: 0, Sum: 0, Workers: 4
[372.151s][debug][gc,phases      ] GC(28)     Total                          Min: 0, Avg: 2106.0, Max: 4264, Diff: 4264, Sum: 8424, Workers: 4
[372.151s][debug][gc,phases      ] GC(28)   JNI Weak                       Min:  0.0, Avg:  0.0, Max:  0.0, Diff:  0.0, Sum:  0.0, Workers: 4
[372.151s][debug][gc,phases      ] GC(28)     Dead                           Min: 0, Avg:  0.0, Max: 0, Diff: 0, Sum: 0, Workers: 4
[372.151s][debug][gc,phases      ] GC(28)     Total                          Min: 0, Avg: 11.5, Max: 46, Diff: 46, Sum: 46, Workers: 4
[372.151s][debug][gc,phases      ] GC(28)   StringDedup Table Weak         Min:  0.0, Avg:  0.0, Max:  0.0, Diff:  0.0, Sum:  0.0, Workers: 4
[372.151s][debug][gc,phases      ] GC(28)     Dead                           Min: 0, Avg:  0.0, Max: 0, Diff: 0, Sum: 0, Workers: 4
[372.151s][debug][gc,phases      ] GC(28)     Total                          Min: 0, Avg:  0.0, Max: 0, Diff: 0, Sum: 0, Workers: 4
[372.151s][debug][gc,phases      ] GC(28)   StringDedup Requests0 Weak     Min:  0.0, Avg:  0.0, Max:  0.0, Diff:  0.0, Sum:  0.0, Workers: 4
[372.151s][debug][gc,phases      ] GC(28)     Dead                           Min: 0, Avg:  0.0, Max: 0, Diff: 0, Sum: 0, Workers: 4
[372.151s][debug][gc,phases      ] GC(28)     Total                          Min: 0, Avg:  0.0, Max: 0, Diff: 0, Sum: 0, Workers: 4
[372.151s][debug][gc,phases      ] GC(28)   StringDedup Requests1 Weak     Min:  0.0, Avg:  0.0, Max:  0.0, Diff:  0.0, Sum:  0.0, Workers: 4
[372.151s][debug][gc,phases      ] GC(28)     Dead                           Min: 0, Avg:  0.0, Max: 0, Diff: 0, Sum: 0, Workers: 4
[372.151s][debug][gc,phases      ] GC(28)     Total                          Min: 0, Avg:  0.0, Max: 0, Diff: 0, Sum: 0, Workers: 4
[372.151s][debug][gc,phases      ] GC(28)   Weak JFR Old Object Samples    Min:  0.0, Avg:  0.0, Max:  0.0, Diff:  0.0, Sum:  0.0, Workers: 4
[372.151s][debug][gc,phases      ] GC(28)     Dead                           Min: 0, Avg:  0.0, Max: 0, Diff: 0, Sum: 0, Workers: 4
[372.151s][debug][gc,phases      ] GC(28)     Total                          Min: 0, Avg:  0.0, Max: 0, Diff: 0, Sum: 0, Workers: 4
[372.151s][debug][gc,phases      ] GC(28) Weak Processing 0.504ms
[372.152s][debug][gc,age         ] GC(28) Desired survivor size 384827392 bytes, new threshold 15 (max threshold 15)
[372.152s][info ][gc,heap        ] GC(28) PSYoungGen: 1359872K(1728512K)->28864K(1714176K) Eden: 1359872K(1359872K)->0K(1345536K) From: 0K(368640K)->28864K(368640K)
[372.152s][info ][gc,heap        ] GC(28) ParOldGen: 239967K(376832K)->239975K(376832K)
[372.152s][info ][gc,metaspace   ] GC(28) Metaspace: 77889K(78720K)->77889K(78720K) NonClass: 66686K(67136K)->66686K(67136K) Class: 11203K(11584K)->11203K(11584K)
[372.152s][info ][gc             ] GC(28) Pause Young (Allocation Failure) 1562M->262M(2042M) 15.183ms
[372.152s][info ][gc,cpu         ] GC(28) User=0.04s Sys=0.00s Real=0.01s
[372.152s][info ][safepoint      ] Safepoint "ParallelGCFailedAllocation", Time since last: 820294269 ns, Reaching safepoint: 167002 ns, At safepoint: 15256698 ns, Total: 15423700 ns
[373.152s][info ][safepoint      ] Safepoint "Cleanup", Time since last: 1000085207 ns, Reaching safepoint: 77101 ns, At safepoint: 6500 ns, Total: 83601 ns
[374.152s][info ][safepoint      ] Safepoint "Cleanup", Time since last: 1000110607 ns, Reaching safepoint: 33201 ns, At safepoint: 2800 ns, Total: 36001 ns
[375.152s][info ][safepoint      ] Safepoint "Cleanup", Time since last: 1000093606 ns, Reaching safepoint: 74001 ns, At safepoint: 5700 ns, Total: 79701 ns
[376.152s][info ][safepoint      ] Safepoint "Cleanup", Time since last: 1000106507 ns, Reaching safepoint: 78201 ns, At safepoint: 3400 ns, Total: 81601 ns
[377.152s][info ][safepoint      ] Safepoint "Cleanup", Time since last: 1000113708 ns, Reaching safepoint: 41501 ns, At safepoint: 2400 ns, Total: 43901 ns
[378.153s][info ][safepoint      ] Safepoint "Cleanup", Time since last: 1000099910 ns, Reaching safepoint: 44801 ns, At safepoint: 2800 ns, Total: 47601 ns
[379.153s][info ][safepoint      ] Safepoint "Cleanup", Time since last: 1000115911 ns, Reaching safepoint: 46800 ns, At safepoint: 2700 ns, Total: 49500 ns
[380.153s][info ][safepoint      ] Safepoint "Cleanup", Time since last: 1000102311 ns, Reaching safepoint: 35000 ns, At safepoint: 2000 ns, Total: 37000 ns
[381.153s][info ][safepoint      ] Safepoint "Cleanup", Time since last: 1000099811 ns, Reaching safepoint: 72801 ns, At safepoint: 3200 ns, Total: 76001 ns
[382.153s][info ][safepoint      ] Safepoint "Cleanup", Time since last: 1000117610 ns, Reaching safepoint: 52001 ns, At safepoint: 4100 ns, Total: 56101 ns
[383.153s][info ][safepoint      ] Safepoint "Cleanup", Time since last: 1000142711 ns, Reaching safepoint: 59301 ns, At safepoint: 3800 ns, Total: 63101 ns
[384.154s][info ][safepoint      ] Safepoint "Cleanup", Time since last: 1000119411 ns, Reaching safepoint: 45000 ns, At safepoint: 4800 ns, Total: 49800 ns
[385.154s][info ][safepoint      ] Safepoint "Cleanup", Time since last: 1000106347 ns, Reaching safepoint: 36001 ns, At safepoint: 3600 ns, Total: 39601 ns
[386.154s][info ][safepoint      ] Safepoint "Cleanup", Time since last: 1000119451 ns, Reaching safepoint: 42500 ns, At safepoint: 6400 ns, Total: 48900 ns
[387.154s][info ][safepoint      ] Safepoint "Cleanup", Time since last: 1000089351 ns, Reaching safepoint: 45101 ns, At safepoint: 2700 ns, Total: 47801 ns
[388.154s][info ][safepoint      ] Safepoint "Cleanup", Time since last: 1000100650 ns, Reaching safepoint: 55201 ns, At safepoint: 5600 ns, Total: 60801 ns
[389.154s][info ][safepoint      ] Safepoint "Cleanup", Time since last: 1000116351 ns, Reaching safepoint: 78001 ns, At safepoint: 5700 ns, Total: 83701 ns
[390.155s][info ][safepoint      ] Safepoint "Cleanup", Time since last: 1000098251 ns, Reaching safepoint: 52201 ns, At safepoint: 2900 ns, Total: 55101 ns
[391.155s][info ][safepoint      ] Safepoint "Cleanup", Time since last: 1000056150 ns, Reaching safepoint: 56601 ns, At safepoint: 2300 ns, Total: 58901 ns
[392.155s][info ][safepoint      ] Safepoint "Cleanup", Time since last: 1000109351 ns, Reaching safepoint: 46700 ns, At safepoint: 2300 ns, Total: 49000 ns
[393.617s][info ][gc,start       ] GC(29) Pause Young (Allocation Failure)
[393.628s][debug][gc,phases      ] GC(29) Scavenge 11.801ms
[393.629s][debug][gc,ref         ] GC(29) Skipped phase 1 of Reference Processing: no references
[393.629s][debug][gc,ref         ] GC(29) ReferenceProcessor::execute queues: 1, RefProcThreadModel::Single, marks_oops_alive: false
[393.629s][debug][gc,ref         ] GC(29) Skipped phase 3 of Reference Processing: no references
[393.629s][debug][gc,ref         ] GC(29) ReferenceProcessor::execute queues: 1, RefProcThreadModel::Single, marks_oops_alive: false
[393.629s][debug][gc,phases      ] GC(29) Reference Processing 0.099ms
[393.629s][debug][gc,phases      ] GC(29)   VM Weak                        Min:  0.0, Avg:  0.0, Max:  0.0, Diff:  0.0, Sum:  0.0, Workers: 4
[393.629s][debug][gc,phases      ] GC(29)     Dead                           Min: 0, Avg:  0.0, Max: 0, Diff: 0, Sum: 0, Workers: 4
[393.629s][debug][gc,phases      ] GC(29)     Total                          Min: 0, Avg: 175.5, Max: 640, Diff: 640, Sum: 702, Workers: 4
[393.629s][debug][gc,phases      ] GC(29)   ObjectSynchronizer Weak        Min:  0.0, Avg:  0.0, Max:  0.0, Diff:  0.0, Sum:  0.0, Workers: 4
[393.629s][debug][gc,phases      ] GC(29)     Dead                           Min: 0, Avg:  0.0, Max: 0, Diff: 0, Sum: 0, Workers: 4
[393.629s][debug][gc,phases      ] GC(29)     Total                          Min: 0, Avg: 12.2, Max: 49, Diff: 49, Sum: 49, Workers: 4
[393.629s][debug][gc,phases      ] GC(29)   JVMTI Tag Weak OopStorage      Min:  0.0, Avg:  0.0, Max:  0.0, Diff:  0.0, Sum:  0.0, Workers: 4
[393.629s][debug][gc,phases      ] GC(29)     Dead                           Min: 0, Avg:  0.0, Max: 0, Diff: 0, Sum: 0, Workers: 4
[393.629s][debug][gc,phases      ] GC(29)     Total                          Min: 0, Avg:  0.0, Max: 0, Diff: 0, Sum: 0, Workers: 4
[393.629s][debug][gc,phases      ] GC(29)   StringTable Weak               Min:  0.0, Avg:  0.1, Max:  0.1, Diff:  0.1, Sum:  0.4, Workers: 4
[393.629s][debug][gc,phases      ] GC(29)     Dead                           Min: 0, Avg:  0.2, Max: 1, Diff: 1, Sum: 1, Workers: 4
[393.629s][debug][gc,phases      ] GC(29)     Total                          Min: 0, Avg: 10728.5, Max: 17954, Diff: 17954, Sum: 42914, Workers: 4
[393.629s][debug][gc,phases      ] GC(29)   ResolvedMethodTable Weak       Min:  0.0, Avg:  0.0, Max:  0.0, Diff:  0.0, Sum:  0.1, Workers: 4
[393.629s][debug][gc,phases      ] GC(29)     Dead                           Min: 0, Avg:  0.0, Max: 0, Diff: 0, Sum: 0, Workers: 4
[393.629s][debug][gc,phases      ] GC(29)     Total                          Min: 0, Avg: 2107.0, Max: 3648, Diff: 3648, Sum: 8428, Workers: 4
[393.629s][debug][gc,phases      ] GC(29)   JNI Weak                       Min:  0.0, Avg:  0.0, Max:  0.0, Diff:  0.0, Sum:  0.0, Workers: 4
[393.629s][debug][gc,phases      ] GC(29)     Dead                           Min: 0, Avg:  0.0, Max: 0, Diff: 0, Sum: 0, Workers: 4
[393.629s][debug][gc,phases      ] GC(29)     Total                          Min: 0, Avg: 11.2, Max: 45, Diff: 45, Sum: 45, Workers: 4
[393.629s][debug][gc,phases      ] GC(29)   StringDedup Table Weak         Min:  0.0, Avg:  0.0, Max:  0.0, Diff:  0.0, Sum:  0.0, Workers: 4
[393.629s][debug][gc,phases      ] GC(29)     Dead                           Min: 0, Avg:  0.0, Max: 0, Diff: 0, Sum: 0, Workers: 4
[393.629s][debug][gc,phases      ] GC(29)     Total                          Min: 0, Avg:  0.0, Max: 0, Diff: 0, Sum: 0, Workers: 4
[393.629s][debug][gc,phases      ] GC(29)   StringDedup Requests0 Weak     Min:  0.0, Avg:  0.0, Max:  0.0, Diff:  0.0, Sum:  0.0, Workers: 4
[393.629s][debug][gc,phases      ] GC(29)     Dead                           Min: 0, Avg:  0.0, Max: 0, Diff: 0, Sum: 0, Workers: 4
[393.629s][debug][gc,phases      ] GC(29)     Total                          Min: 0, Avg:  0.0, Max: 0, Diff: 0, Sum: 0, Workers: 4
[393.629s][debug][gc,phases      ] GC(29)   StringDedup Requests1 Weak     Min:  0.0, Avg:  0.0, Max:  0.0, Diff:  0.0, Sum:  0.0, Workers: 4
[393.629s][debug][gc,phases      ] GC(29)     Dead                           Min: 0, Avg:  0.0, Max: 0, Diff: 0, Sum: 0, Workers: 4
[393.629s][debug][gc,phases      ] GC(29)     Total                          Min: 0, Avg:  0.0, Max: 0, Diff: 0, Sum: 0, Workers: 4
[393.629s][debug][gc,phases      ] GC(29)   Weak JFR Old Object Samples    Min:  0.0, Avg:  0.0, Max:  0.0, Diff:  0.0, Sum:  0.0, Workers: 4
[393.629s][debug][gc,phases      ] GC(29)     Dead                           Min: 0, Avg:  0.0, Max: 0, Diff: 0, Sum: 0, Workers: 4
[393.629s][debug][gc,phases      ] GC(29)     Total                          Min: 0, Avg:  0.0, Max: 0, Diff: 0, Sum: 0, Workers: 4
[393.629s][debug][gc,phases      ] GC(29) Weak Processing 0.314ms
[393.629s][debug][gc,age         ] GC(29) Desired survivor size 386400256 bytes, new threshold 15 (max threshold 15)
[393.629s][info ][gc,heap        ] GC(29) PSYoungGen: 1374400K(1714176K)->36944K(1382912K) Eden: 1345536K(1345536K)->0K(1345536K) From: 28864K(368640K)->36944K(37376K)
[393.629s][info ][gc,heap        ] GC(29) ParOldGen: 239975K(376832K)->239983K(376832K)
[393.629s][info ][gc,metaspace   ] GC(29) Metaspace: 78010K(78912K)->78010K(78912K) NonClass: 66802K(67328K)->66802K(67328K) Class: 11207K(11584K)->11207K(11584K)
[393.629s][info ][gc             ] GC(29) Pause Young (Allocation Failure) 1576M->270M(1718M) 12.334ms
[393.629s][info ][gc,cpu         ] GC(29) User=0.05s Sys=0.00s Real=0.01s
[393.629s][info ][safepoint      ] Safepoint "ParallelGCFailedAllocation", Time since last: 1461710603 ns, Reaching safepoint: 23100 ns, At safepoint: 12398759 ns, Total: 12421859 ns
[396.629s][info ][safepoint      ] Safepoint "Cleanup", Time since last: 3000203234 ns, Reaching safepoint: 56901 ns, At safepoint: 2200 ns, Total: 59101 ns
[397.629s][info ][safepoint      ] Safepoint "Cleanup", Time since last: 1000036144 ns, Reaching safepoint: 44200 ns, At safepoint: 2000 ns, Total: 46200 ns
[398.629s][info ][safepoint      ] Safepoint "Cleanup", Time since last: 1000058545 ns, Reaching safepoint: 44300 ns, At safepoint: 2801 ns, Total: 47101 ns
[399.630s][info ][safepoint      ] Safepoint "Cleanup", Time since last: 1000101945 ns, Reaching safepoint: 41500 ns, At safepoint: 3300 ns, Total: 44800 ns
[400.630s][info ][safepoint      ] Safepoint "Cleanup", Time since last: 1000104745 ns, Reaching safepoint: 38601 ns, At safepoint: 3200 ns, Total: 41801 ns
[401.630s][info ][safepoint      ] Safepoint "Cleanup", Time since last: 1000061260 ns, Reaching safepoint: 42601 ns, At safepoint: 3400 ns, Total: 46001 ns
[402.630s][info ][safepoint      ] Safepoint "Cleanup", Time since last: 1000128706 ns, Reaching safepoint: 40201 ns, At safepoint: 2800 ns, Total: 43001 ns
[403.630s][info ][safepoint      ] Safepoint "Cleanup", Time since last: 1000103106 ns, Reaching safepoint: 42001 ns, At safepoint: 4400 ns, Total: 46401 ns
[404.630s][info ][safepoint      ] Safepoint "Cleanup", Time since last: 1000105606 ns, Reaching safepoint: 36301 ns, At safepoint: 2800 ns, Total: 39101 ns
[405.630s][info ][safepoint      ] Safepoint "Cleanup", Time since last: 1000099106 ns, Reaching safepoint: 36900 ns, At safepoint: 2700 ns, Total: 39600 ns
[406.631s][info ][safepoint      ] Safepoint "Cleanup", Time since last: 1000100407 ns, Reaching safepoint: 46100 ns, At safepoint: 4900 ns, Total: 51000 ns
[407.631s][info ][safepoint      ] Safepoint "Cleanup", Time since last: 1000106506 ns, Reaching safepoint: 47001 ns, At safepoint: 4800 ns, Total: 51801 ns
[408.631s][info ][safepoint      ] Safepoint "Cleanup", Time since last: 1000096406 ns, Reaching safepoint: 44001 ns, At safepoint: 2300 ns, Total: 46301 ns
[409.631s][info ][safepoint      ] Safepoint "Cleanup", Time since last: 1000096303 ns, Reaching safepoint: 96801 ns, At safepoint: 4200 ns, Total: 101001 ns
[410.631s][info ][safepoint      ] Safepoint "Cleanup", Time since last: 1000103302 ns, Reaching safepoint: 136002 ns, At safepoint: 13800 ns, Total: 149802 ns
[411.676s][info ][safepoint      ] Safepoint "Cleanup", Time since last: 1044751883 ns, Reaching safepoint: 64500 ns, At safepoint: 2000 ns, Total: 66500 ns
[412.676s][info ][safepoint      ] Safepoint "Cleanup", Time since last: 1000095002 ns, Reaching safepoint: 45801 ns, At safepoint: 2800 ns, Total: 48601 ns
[413.676s][info ][safepoint      ] Safepoint "Cleanup", Time since last: 1000104902 ns, Reaching safepoint: 63201 ns, At safepoint: 6400 ns, Total: 69601 ns
[415.670s][info ][gc,start       ] GC(30) Pause Young (Allocation Failure)
[415.686s][debug][gc,phases      ] GC(30) Scavenge 15.678ms
[415.686s][debug][gc,ref         ] GC(30) Skipped phase 1 of Reference Processing: no references
[415.686s][debug][gc,ref         ] GC(30) ReferenceProcessor::execute queues: 1, RefProcThreadModel::Single, marks_oops_alive: false
[415.686s][debug][gc,ref         ] GC(30) Skipped phase 3 of Reference Processing: no references
[415.686s][debug][gc,ref         ] GC(30) ReferenceProcessor::execute queues: 1, RefProcThreadModel::Single, marks_oops_alive: false
[415.686s][debug][gc,phases      ] GC(30) Reference Processing 0.114ms
[415.687s][debug][gc,phases      ] GC(30)   VM Weak                        Min:  0.0, Avg:  0.0, Max:  0.0, Diff:  0.0, Sum:  0.0, Workers: 4
[415.687s][debug][gc,phases      ] GC(30)     Dead                           Min: 0, Avg:  0.0, Max: 0, Diff: 0, Sum: 0, Workers: 4
[415.687s][debug][gc,phases      ] GC(30)     Total                          Min: 0, Avg: 178.0, Max: 448, Diff: 448, Sum: 712, Workers: 4
[415.687s][debug][gc,phases      ] GC(30)   ObjectSynchronizer Weak        Min:  0.0, Avg:  0.0, Max:  0.0, Diff:  0.0, Sum:  0.0, Workers: 4
[415.687s][debug][gc,phases      ] GC(30)     Dead                           Min: 0, Avg:  0.0, Max: 0, Diff: 0, Sum: 0, Workers: 4
[415.687s][debug][gc,phases      ] GC(30)     Total                          Min: 0, Avg: 12.2, Max: 49, Diff: 49, Sum: 49, Workers: 4
[415.687s][debug][gc,phases      ] GC(30)   JVMTI Tag Weak OopStorage      Min:  0.0, Avg:  0.0, Max:  0.0, Diff:  0.0, Sum:  0.0, Workers: 4
[415.687s][debug][gc,phases      ] GC(30)     Dead                           Min: 0, Avg:  0.0, Max: 0, Diff: 0, Sum: 0, Workers: 4
[415.687s][debug][gc,phases      ] GC(30)     Total                          Min: 0, Avg:  0.0, Max: 0, Diff: 0, Sum: 0, Workers: 4
[415.687s][debug][gc,phases      ] GC(30)   StringTable Weak               Min:  0.0, Avg:  0.1, Max:  0.1, Diff:  0.1, Sum:  0.4, Workers: 4
[415.687s][debug][gc,phases      ] GC(30)     Dead                           Min: 0, Avg:  0.5, Max: 2, Diff: 2, Sum: 2, Workers: 4
[415.687s][debug][gc,phases      ] GC(30)     Total                          Min: 0, Avg: 10743.2, Max: 17693, Diff: 17693, Sum: 42973, Workers: 4
[415.687s][debug][gc,phases      ] GC(30)   ResolvedMethodTable Weak       Min:  0.0, Avg:  0.0, Max:  0.0, Diff:  0.0, Sum:  0.1, Workers: 4
[415.687s][debug][gc,phases      ] GC(30)     Dead                           Min: 0, Avg:  0.0, Max: 0, Diff: 0, Sum: 0, Workers: 4
[415.687s][debug][gc,phases      ] GC(30)     Total                          Min: 0, Avg: 2119.5, Max: 3584, Diff: 3584, Sum: 8478, Workers: 4
[415.687s][debug][gc,phases      ] GC(30)   JNI Weak                       Min:  0.0, Avg:  0.0, Max:  0.0, Diff:  0.0, Sum:  0.0, Workers: 4
[415.687s][debug][gc,phases      ] GC(30)     Dead                           Min: 0, Avg:  0.0, Max: 0, Diff: 0, Sum: 0, Workers: 4
[415.687s][debug][gc,phases      ] GC(30)     Total                          Min: 0, Avg: 11.2, Max: 45, Diff: 45, Sum: 45, Workers: 4
[415.687s][debug][gc,phases      ] GC(30)   StringDedup Table Weak         Min:  0.0, Avg:  0.0, Max:  0.0, Diff:  0.0, Sum:  0.0, Workers: 4
[415.687s][debug][gc,phases      ] GC(30)     Dead                           Min: 0, Avg:  0.0, Max: 0, Diff: 0, Sum: 0, Workers: 4
[415.687s][debug][gc,phases      ] GC(30)     Total                          Min: 0, Avg:  0.0, Max: 0, Diff: 0, Sum: 0, Workers: 4
[415.687s][debug][gc,phases      ] GC(30)   StringDedup Requests0 Weak     Min:  0.0, Avg:  0.0, Max:  0.0, Diff:  0.0, Sum:  0.0, Workers: 4
[415.687s][debug][gc,phases      ] GC(30)     Dead                           Min: 0, Avg:  0.0, Max: 0, Diff: 0, Sum: 0, Workers: 4
[415.687s][debug][gc,phases      ] GC(30)     Total                          Min: 0, Avg:  0.0, Max: 0, Diff: 0, Sum: 0, Workers: 4
[415.687s][debug][gc,phases      ] GC(30)   StringDedup Requests1 Weak     Min:  0.0, Avg:  0.0, Max:  0.0, Diff:  0.0, Sum:  0.0, Workers: 4
[415.687s][debug][gc,phases      ] GC(30)     Dead                           Min: 0, Avg:  0.0, Max: 0, Diff: 0, Sum: 0, Workers: 4
[415.687s][debug][gc,phases      ] GC(30)     Total                          Min: 0, Avg:  0.0, Max: 0, Diff: 0, Sum: 0, Workers: 4
[415.687s][debug][gc,phases      ] GC(30)   Weak JFR Old Object Samples    Min:  0.0, Avg:  0.0, Max:  0.0, Diff:  0.0, Sum:  0.0, Workers: 4
[415.687s][debug][gc,phases      ] GC(30)     Dead                           Min: 0, Avg:  0.0, Max: 0, Diff: 0, Sum: 0, Workers: 4
[415.687s][debug][gc,phases      ] GC(30)     Total                          Min: 0, Avg:  0.0, Max: 0, Diff: 0, Sum: 0, Workers: 4
[415.687s][debug][gc,phases      ] GC(30) Weak Processing 0.336ms
[415.687s][debug][gc,age         ] GC(30) Desired survivor size 382205952 bytes, new threshold 15 (max threshold 15)
[415.687s][info ][gc,heap        ] GC(30) PSYoungGen: 1382480K(1382912K)->45856K(1723904K) Eden: 1345536K(1345536K)->0K(1346560K) From: 36944K(37376K)->45856K(377344K)
[415.687s][info ][gc,heap        ] GC(30) ParOldGen: 239983K(376832K)->239991K(376832K)
[415.687s][info ][gc,metaspace   ] GC(30) Metaspace: 78207K(79104K)->78207K(79104K) NonClass: 66978K(67456K)->66978K(67456K) Class: 11229K(11648K)->11229K(11648K)
[415.687s][info ][gc             ] GC(30) Pause Young (Allocation Failure) 1584M->279M(2051M) 16.236ms
[415.687s][info ][gc,cpu         ] GC(30) User=0.05s Sys=0.00s Real=0.01s
[415.687s][info ][safepoint      ] Safepoint "ParallelGCFailedAllocation", Time since last: 1993899522 ns, Reaching safepoint: 46000 ns, At safepoint: 16308612 ns, Total: 16354612 ns
[416.687s][info ][safepoint      ] Safepoint "Cleanup", Time since last: 1000087202 ns, Reaching safepoint: 36500 ns, At safepoint: 4600 ns, Total: 41100 ns
[417.687s][info ][safepoint      ] Safepoint "Cleanup", Time since last: 1000090193 ns, Reaching safepoint: 38800 ns, At safepoint: 2200 ns, Total: 41000 ns
[418.687s][info ][safepoint      ] Safepoint "Cleanup", Time since last: 1000102590 ns, Reaching safepoint: 39601 ns, At safepoint: 2500 ns, Total: 42101 ns
[419.687s][info ][safepoint      ] Safepoint "Cleanup", Time since last: 1000107789 ns, Reaching safepoint: 39901 ns, At safepoint: 7200 ns, Total: 47101 ns
[420.687s][info ][safepoint      ] Safepoint "Cleanup", Time since last: 1000092090 ns, Reaching safepoint: 32600 ns, At safepoint: 2200 ns, Total: 34800 ns
[421.688s][info ][safepoint      ] Safepoint "Cleanup", Time since last: 1000097590 ns, Reaching safepoint: 47400 ns, At safepoint: 2700 ns, Total: 50100 ns
[422.688s][info ][safepoint      ] Safepoint "Cleanup", Time since last: 1000096890 ns, Reaching safepoint: 42401 ns, At safepoint: 2500 ns, Total: 44901 ns
[425.688s][info ][safepoint      ] Safepoint "Cleanup", Time since last: 3000240065 ns, Reaching safepoint: 65100 ns, At safepoint: 3501 ns, Total: 68601 ns
[426.688s][info ][safepoint      ] Safepoint "Cleanup", Time since last: 1000109085 ns, Reaching safepoint: 37001 ns, At safepoint: 2600 ns, Total: 39601 ns
[427.688s][info ][safepoint      ] Safepoint "Cleanup", Time since last: 1000093585 ns, Reaching safepoint: 34600 ns, At safepoint: 6700 ns, Total: 41300 ns
[428.688s][info ][safepoint      ] Safepoint "Cleanup", Time since last: 1000103286 ns, Reaching safepoint: 38100 ns, At safepoint: 8601 ns, Total: 46701 ns
[430.689s][info ][safepoint      ] Safepoint "Cleanup", Time since last: 2000162570 ns, Reaching safepoint: 43400 ns, At safepoint: 2000 ns, Total: 45400 ns
[431.689s][info ][safepoint      ] Safepoint "Cleanup", Time since last: 1000096886 ns, Reaching safepoint: 46500 ns, At safepoint: 3000 ns, Total: 49500 ns
[432.689s][info ][safepoint      ] Safepoint "Cleanup", Time since last: 1000102786 ns, Reaching safepoint: 48401 ns, At safepoint: 2000 ns, Total: 50401 ns
[433.689s][info ][safepoint      ] Safepoint "Cleanup", Time since last: 1000092323 ns, Reaching safepoint: 42601 ns, At safepoint: 3200 ns, Total: 45801 ns
[434.689s][info ][safepoint      ] Safepoint "Cleanup", Time since last: 1000103439 ns, Reaching safepoint: 41400 ns, At safepoint: 2400 ns, Total: 43800 ns
[435.689s][info ][safepoint      ] Safepoint "Cleanup", Time since last: 1000103939 ns, Reaching safepoint: 39301 ns, At safepoint: 3300 ns, Total: 42601 ns
[436.690s][info ][safepoint      ] Safepoint "Cleanup", Time since last: 1000095339 ns, Reaching safepoint: 39000 ns, At safepoint: 1900 ns, Total: 40900 ns
[438.690s][info ][safepoint      ] Safepoint "Cleanup", Time since last: 2000155878 ns, Reaching safepoint: 54800 ns, At safepoint: 2700 ns, Total: 57500 ns
[439.690s][info ][safepoint      ] Safepoint "Cleanup", Time since last: 1000112851 ns, Reaching safepoint: 44400 ns, At safepoint: 2500 ns, Total: 46900 ns
[439.868s][info ][gc,start       ] GC(31) Pause Young (Allocation Failure)
[439.881s][debug][gc,phases      ] GC(31) Scavenge 13.365ms
[439.881s][debug][gc,ref         ] GC(31) Skipped phase 1 of Reference Processing: no references
[439.881s][debug][gc,ref         ] GC(31) ReferenceProcessor::execute queues: 1, RefProcThreadModel::Single, marks_oops_alive: false
[439.881s][debug][gc,ref         ] GC(31) Skipped phase 3 of Reference Processing: no references
[439.881s][debug][gc,ref         ] GC(31) ReferenceProcessor::execute queues: 1, RefProcThreadModel::Single, marks_oops_alive: false
[439.881s][debug][gc,phases      ] GC(31) Reference Processing 0.109ms
[439.881s][debug][gc,phases      ] GC(31)   VM Weak                        Min:  0.0, Avg:  0.0, Max:  0.0, Diff:  0.0, Sum:  0.0, Workers: 4
[439.881s][debug][gc,phases      ] GC(31)     Dead                           Min: 0, Avg:  0.0, Max: 0, Diff: 0, Sum: 0, Workers: 4
[439.881s][debug][gc,phases      ] GC(31)     Total                          Min: 0, Avg: 178.0, Max: 704, Diff: 704, Sum: 712, Workers: 4
[439.881s][debug][gc,phases      ] GC(31)   ObjectSynchronizer Weak        Min:  0.0, Avg:  0.0, Max:  0.0, Diff:  0.0, Sum:  0.0, Workers: 4
[439.881s][debug][gc,phases      ] GC(31)     Dead                           Min: 0, Avg:  0.0, Max: 0, Diff: 0, Sum: 0, Workers: 4
[439.881s][debug][gc,phases      ] GC(31)     Total                          Min: 0, Avg: 12.2, Max: 49, Diff: 49, Sum: 49, Workers: 4
[439.881s][debug][gc,phases      ] GC(31)   JVMTI Tag Weak OopStorage      Min:  0.0, Avg:  0.0, Max:  0.0, Diff:  0.0, Sum:  0.0, Workers: 4
[439.881s][debug][gc,phases      ] GC(31)     Dead                           Min: 0, Avg:  0.0, Max: 0, Diff: 0, Sum: 0, Workers: 4
[439.881s][debug][gc,phases      ] GC(31)     Total                          Min: 0, Avg:  0.0, Max: 0, Diff: 0, Sum: 0, Workers: 4
[439.881s][debug][gc,phases      ] GC(31)   StringTable Weak               Min:  0.0, Avg:  0.1, Max:  0.1, Diff:  0.1, Sum:  0.4, Workers: 4
[439.881s][debug][gc,phases      ] GC(31)     Dead                           Min: 0, Avg:  0.2, Max: 1, Diff: 1, Sum: 1, Workers: 4
[439.881s][debug][gc,phases      ] GC(31)     Total                          Min: 0, Avg: 10745.5, Max: 16064, Diff: 16064, Sum: 42982, Workers: 4
[439.881s][debug][gc,phases      ] GC(31)   ResolvedMethodTable Weak       Min:  0.0, Avg:  0.0, Max:  0.0, Diff:  0.0, Sum:  0.1, Workers: 4
[439.881s][debug][gc,phases      ] GC(31)     Dead                           Min: 0, Avg:  0.0, Max: 0, Diff: 0, Sum: 0, Workers: 4
[439.881s][debug][gc,phases      ] GC(31)     Total                          Min: 0, Avg: 2121.8, Max: 3648, Diff: 3648, Sum: 8487, Workers: 4
[439.881s][debug][gc,phases      ] GC(31)   JNI Weak                       Min:  0.0, Avg:  0.0, Max:  0.0, Diff:  0.0, Sum:  0.0, Workers: 4
[439.881s][debug][gc,phases      ] GC(31)     Dead                           Min: 0, Avg:  0.0, Max: 0, Diff: 0, Sum: 0, Workers: 4
[439.881s][debug][gc,phases      ] GC(31)     Total                          Min: 0, Avg: 11.2, Max: 45, Diff: 45, Sum: 45, Workers: 4
[439.881s][debug][gc,phases      ] GC(31)   StringDedup Table Weak         Min:  0.0, Avg:  0.0, Max:  0.0, Diff:  0.0, Sum:  0.0, Workers: 4
[439.881s][debug][gc,phases      ] GC(31)     Dead                           Min: 0, Avg:  0.0, Max: 0, Diff: 0, Sum: 0, Workers: 4
[439.881s][debug][gc,phases      ] GC(31)     Total                          Min: 0, Avg:  0.0, Max: 0, Diff: 0, Sum: 0, Workers: 4
[439.881s][debug][gc,phases      ] GC(31)   StringDedup Requests0 Weak     Min:  0.0, Avg:  0.0, Max:  0.0, Diff:  0.0, Sum:  0.0, Workers: 4
[439.881s][debug][gc,phases      ] GC(31)     Dead                           Min: 0, Avg:  0.0, Max: 0, Diff: 0, Sum: 0, Workers: 4
[439.881s][debug][gc,phases      ] GC(31)     Total                          Min: 0, Avg:  0.0, Max: 0, Diff: 0, Sum: 0, Workers: 4
[439.881s][debug][gc,phases      ] GC(31)   StringDedup Requests1 Weak     Min:  0.0, Avg:  0.0, Max:  0.0, Diff:  0.0, Sum:  0.0, Workers: 4
[439.881s][debug][gc,phases      ] GC(31)     Dead                           Min: 0, Avg:  0.0, Max: 0, Diff: 0, Sum: 0, Workers: 4
[439.881s][debug][gc,phases      ] GC(31)     Total                          Min: 0, Avg:  0.0, Max: 0, Diff: 0, Sum: 0, Workers: 4
[439.881s][debug][gc,phases      ] GC(31)   Weak JFR Old Object Samples    Min:  0.0, Avg:  0.0, Max:  0.0, Diff:  0.0, Sum:  0.0, Workers: 4
[439.881s][debug][gc,phases      ] GC(31)     Dead                           Min: 0, Avg:  0.0, Max: 0, Diff: 0, Sum: 0, Workers: 4
[439.881s][debug][gc,phases      ] GC(31)     Total                          Min: 0, Avg:  0.0, Max: 0, Diff: 0, Sum: 0, Workers: 4
[439.881s][debug][gc,phases      ] GC(31) Weak Processing 0.325ms
[439.881s][debug][gc,age         ] GC(31) Desired survivor size 375914496 bytes, new threshold 15 (max threshold 15)
[439.881s][info ][gc,heap        ] GC(31) PSYoungGen: 1392416K(1723904K)->43984K(1719808K) Eden: 1346560K(1346560K)->0K(1346560K) From: 45856K(377344K)->43984K(373248K)
[439.881s][info ][gc,heap        ] GC(31) ParOldGen: 239991K(376832K)->239999K(376832K)
[439.881s][info ][gc,metaspace   ] GC(31) Metaspace: 78279K(79168K)->78279K(79168K) NonClass: 67047K(67520K)->67047K(67520K) Class: 11232K(11648K)->11232K(11648K)
[439.881s][info ][gc             ] GC(31) Pause Young (Allocation Failure) 1594M->277M(2047M) 13.911ms
[439.881s][info ][gc,cpu         ] GC(31) User=0.04s Sys=0.00s Real=0.02s
[439.881s][info ][safepoint      ] Safepoint "ParallelGCFailedAllocation", Time since last: 177483803 ns, Reaching safepoint: 99301 ns, At safepoint: 13976081 ns, Total: 14075382 ns
[440.882s][info ][safepoint      ] Safepoint "Cleanup", Time since last: 1000082673 ns, Reaching safepoint: 42801 ns, At safepoint: 3700 ns, Total: 46501 ns
[441.882s][info ][safepoint      ] Safepoint "Cleanup", Time since last: 1000098330 ns, Reaching safepoint: 53700 ns, At safepoint: 2501 ns, Total: 56201 ns
[442.882s][info ][safepoint      ] Safepoint "Cleanup", Time since last: 1000111433 ns, Reaching safepoint: 35301 ns, At safepoint: 2600 ns, Total: 37901 ns
[444.882s][info ][safepoint      ] Safepoint "Cleanup", Time since last: 2000128866 ns, Reaching safepoint: 33000 ns, At safepoint: 2300 ns, Total: 35300 ns
[448.882s][info ][safepoint      ] Safepoint "Cleanup", Time since last: 4000250932 ns, Reaching safepoint: 32201 ns, At safepoint: 2500 ns, Total: 34701 ns
[450.883s][info ][safepoint      ] Safepoint "Cleanup", Time since last: 2000152755 ns, Reaching safepoint: 39801 ns, At safepoint: 7400 ns, Total: 47201 ns
[467.466s][info ][gc,start       ] GC(32) Pause Young (Allocation Failure)
[467.471s][debug][gc,phases      ] GC(32) Scavenge 4.419ms
[467.471s][debug][gc,ref         ] GC(32) Skipped phase 1 of Reference Processing: no references
[467.471s][debug][gc,ref         ] GC(32) ReferenceProcessor::execute queues: 1, RefProcThreadModel::Single, marks_oops_alive: false
[467.471s][debug][gc,ref         ] GC(32) Skipped phase 3 of Reference Processing: no references
[467.471s][debug][gc,ref         ] GC(32) Skipped phase 4 of Reference Processing: no references
[467.471s][debug][gc,phases      ] GC(32) Reference Processing 0.104ms
[467.471s][debug][gc,phases      ] GC(32)   VM Weak                        Min:  0.0, Avg:  0.0, Max:  0.0, Diff:  0.0, Sum:  0.0, Workers: 4
[467.471s][debug][gc,phases      ] GC(32)     Dead                           Min: 0, Avg:  0.0, Max: 0, Diff: 0, Sum: 0, Workers: 4
[467.471s][debug][gc,phases      ] GC(32)     Total                          Min: 0, Avg: 178.0, Max: 712, Diff: 712, Sum: 712, Workers: 4
[467.471s][debug][gc,phases      ] GC(32)   ObjectSynchronizer Weak        Min:  0.0, Avg:  0.0, Max:  0.0, Diff:  0.0, Sum:  0.0, Workers: 4
[467.471s][debug][gc,phases      ] GC(32)     Dead                           Min: 0, Avg:  0.0, Max: 0, Diff: 0, Sum: 0, Workers: 4
[467.471s][debug][gc,phases      ] GC(32)     Total                          Min: 0, Avg: 12.2, Max: 49, Diff: 49, Sum: 49, Workers: 4
[467.471s][debug][gc,phases      ] GC(32)   JVMTI Tag Weak OopStorage      Min:  0.0, Avg:  0.0, Max:  0.0, Diff:  0.0, Sum:  0.0, Workers: 4
[467.471s][debug][gc,phases      ] GC(32)     Dead                           Min: 0, Avg:  0.0, Max: 0, Diff: 0, Sum: 0, Workers: 4
[467.471s][debug][gc,phases      ] GC(32)     Total                          Min: 0, Avg:  0.0, Max: 0, Diff: 0, Sum: 0, Workers: 4
[467.471s][debug][gc,phases      ] GC(32)   StringTable Weak               Min:  0.0, Avg:  0.1, Max:  0.1, Diff:  0.1, Sum:  0.3, Workers: 4
[467.471s][debug][gc,phases      ] GC(32)     Dead                           Min: 0, Avg:  0.0, Max: 0, Diff: 0, Sum: 0, Workers: 4
[467.471s][debug][gc,phases      ] GC(32)     Total                          Min: 0, Avg: 10745.8, Max: 17960, Diff: 17960, Sum: 42983, Workers: 4
[467.471s][debug][gc,phases      ] GC(32)   ResolvedMethodTable Weak       Min:  0.0, Avg:  0.0, Max:  0.0, Diff:  0.0, Sum:  0.1, Workers: 4
[467.471s][debug][gc,phases      ] GC(32)     Dead                           Min: 0, Avg:  0.0, Max: 0, Diff: 0, Sum: 0, Workers: 4
[467.471s][debug][gc,phases      ] GC(32)     Total                          Min: 0, Avg: 2121.8, Max: 3136, Diff: 3136, Sum: 8487, Workers: 4
[467.471s][debug][gc,phases      ] GC(32)   JNI Weak                       Min:  0.0, Avg:  0.0, Max:  0.0, Diff:  0.0, Sum:  0.0, Workers: 4
[467.471s][debug][gc,phases      ] GC(32)     Dead                           Min: 0, Avg:  0.0, Max: 0, Diff: 0, Sum: 0, Workers: 4
[467.471s][debug][gc,phases      ] GC(32)     Total                          Min: 0, Avg: 11.2, Max: 45, Diff: 45, Sum: 45, Workers: 4
[467.471s][debug][gc,phases      ] GC(32)   StringDedup Table Weak         Min:  0.0, Avg:  0.0, Max:  0.0, Diff:  0.0, Sum:  0.0, Workers: 4
[467.471s][debug][gc,phases      ] GC(32)     Dead                           Min: 0, Avg:  0.0, Max: 0, Diff: 0, Sum: 0, Workers: 4
[467.471s][debug][gc,phases      ] GC(32)     Total                          Min: 0, Avg:  0.0, Max: 0, Diff: 0, Sum: 0, Workers: 4
[467.471s][debug][gc,phases      ] GC(32)   StringDedup Requests0 Weak     Min:  0.0, Avg:  0.0, Max:  0.0, Diff:  0.0, Sum:  0.0, Workers: 4
[467.471s][debug][gc,phases      ] GC(32)     Dead                           Min: 0, Avg:  0.0, Max: 0, Diff: 0, Sum: 0, Workers: 4
[467.471s][debug][gc,phases      ] GC(32)     Total                          Min: 0, Avg:  0.0, Max: 0, Diff: 0, Sum: 0, Workers: 4
[467.471s][debug][gc,phases      ] GC(32)   StringDedup Requests1 Weak     Min:  0.0, Avg:  0.0, Max:  0.0, Diff:  0.0, Sum:  0.0, Workers: 4
[467.471s][debug][gc,phases      ] GC(32)     Dead                           Min: 0, Avg:  0.0, Max: 0, Diff: 0, Sum: 0, Workers: 4
[467.471s][debug][gc,phases      ] GC(32)     Total                          Min: 0, Avg:  0.0, Max: 0, Diff: 0, Sum: 0, Workers: 4
[467.471s][debug][gc,phases      ] GC(32)   Weak JFR Old Object Samples    Min:  0.0, Avg:  0.0, Max:  0.0, Diff:  0.0, Sum:  0.0, Workers: 4
[467.471s][debug][gc,phases      ] GC(32)     Dead                           Min: 0, Avg:  0.0, Max: 0, Diff: 0, Sum: 0, Workers: 4
[467.471s][debug][gc,phases      ] GC(32)     Total                          Min: 0, Avg:  0.0, Max: 0, Diff: 0, Sum: 0, Workers: 4
[467.471s][debug][gc,phases      ] GC(32) Weak Processing 0.312ms
[467.471s][debug][gc,age         ] GC(32) Desired survivor size 373817344 bytes, new threshold 15 (max threshold 15)
[467.471s][info ][gc,heap        ] GC(32) PSYoungGen: 1390544K(1719808K)->8864K(1732096K) Eden: 1346560K(1346560K)->0K(1364992K) From: 43984K(373248K)->8864K(367104K)
[467.471s][info ][gc,heap        ] GC(32) ParOldGen: 239999K(376832K)->240007K(376832K)
[467.471s][info ][gc,metaspace   ] GC(32) Metaspace: 78290K(79232K)->78290K(79232K) NonClass: 67058K(67584K)->67058K(67584K) Class: 11232K(11648K)->11232K(11648K)
[467.471s][info ][gc             ] GC(32) Pause Young (Allocation Failure) 1592M->243M(2059M) 4.932ms
[467.471s][info ][gc,cpu         ] GC(32) User=0.02s Sys=0.00s Real=0.01s
[467.471s][info ][safepoint      ] Safepoint "ParallelGCFailedAllocation", Time since last: 16583820756 ns, Reaching safepoint: 34201 ns, At safepoint: 4986564 ns, Total: 5020765 ns
[470.472s][info ][safepoint      ] Safepoint "Cleanup", Time since last: 3000202846 ns, Reaching safepoint: 36200 ns, At safepoint: 3500 ns, Total: 39700 ns
[476.472s][info ][safepoint      ] Safepoint "Cleanup", Time since last: 6000434673 ns, Reaching safepoint: 37701 ns, At safepoint: 3400 ns, Total: 41101 ns
[491.473s][info ][safepoint      ] Safepoint "Cleanup", Time since last: 15000955923 ns, Reaching safepoint: 47901 ns, At safepoint: 8900 ns, Total: 56801 ns
[498.116s][info ][gc,start       ] GC(33) Pause Young (Allocation Failure)
[498.119s][debug][gc,phases      ] GC(33) Scavenge 2.599ms
[498.119s][debug][gc,ref         ] GC(33) Skipped phase 1 of Reference Processing: no references
[498.119s][debug][gc,ref         ] GC(33) ReferenceProcessor::execute queues: 1, RefProcThreadModel::Single, marks_oops_alive: false
[498.119s][debug][gc,ref         ] GC(33) Skipped phase 3 of Reference Processing: no references
[498.119s][debug][gc,ref         ] GC(33) Skipped phase 4 of Reference Processing: no references
[498.119s][debug][gc,phases      ] GC(33) Reference Processing 0.102ms
[498.119s][debug][gc,phases      ] GC(33)   VM Weak                        Min:  0.0, Avg:  0.0, Max:  0.0, Diff:  0.0, Sum:  0.0, Workers: 4
[498.119s][debug][gc,phases      ] GC(33)     Dead                           Min: 0, Avg:  0.0, Max: 0, Diff: 0, Sum: 0, Workers: 4
[498.119s][debug][gc,phases      ] GC(33)     Total                          Min: 0, Avg: 178.0, Max: 648, Diff: 648, Sum: 712, Workers: 4
[498.119s][debug][gc,phases      ] GC(33)   ObjectSynchronizer Weak        Min:  0.0, Avg:  0.0, Max:  0.0, Diff:  0.0, Sum:  0.0, Workers: 4
[498.119s][debug][gc,phases      ] GC(33)     Dead                           Min: 0, Avg:  0.0, Max: 0, Diff: 0, Sum: 0, Workers: 4
[498.119s][debug][gc,phases      ] GC(33)     Total                          Min: 0, Avg: 12.2, Max: 49, Diff: 49, Sum: 49, Workers: 4
[498.119s][debug][gc,phases      ] GC(33)   JVMTI Tag Weak OopStorage      Min:  0.0, Avg:  0.0, Max:  0.0, Diff:  0.0, Sum:  0.0, Workers: 4
[498.119s][debug][gc,phases      ] GC(33)     Dead                           Min: 0, Avg:  0.0, Max: 0, Diff: 0, Sum: 0, Workers: 4
[498.119s][debug][gc,phases      ] GC(33)     Total                          Min: 0, Avg:  0.0, Max: 0, Diff: 0, Sum: 0, Workers: 4
[498.119s][debug][gc,phases      ] GC(33)   StringTable Weak               Min:  0.1, Avg:  0.1, Max:  0.1, Diff:  0.0, Sum:  0.4, Workers: 4
[498.119s][debug][gc,phases      ] GC(33)     Dead                           Min: 0, Avg:  0.0, Max: 0, Diff: 0, Sum: 0, Workers: 4
[498.119s][debug][gc,phases      ] GC(33)     Total                          Min: 9984, Avg: 10746.2, Max: 12394, Diff: 2410, Sum: 42985, Workers: 4
[498.119s][debug][gc,phases      ] GC(33)   ResolvedMethodTable Weak       Min:  0.0, Avg:  0.0, Max:  0.0, Diff:  0.0, Sum:  0.1, Workers: 4
[498.119s][debug][gc,phases      ] GC(33)     Dead                           Min: 0, Avg:  0.0, Max: 0, Diff: 0, Sum: 0, Workers: 4
[498.119s][debug][gc,phases      ] GC(33)     Total                          Min: 1920, Avg: 2121.8, Max: 2368, Diff: 448, Sum: 8487, Workers: 4
[498.119s][debug][gc,phases      ] GC(33)   JNI Weak                       Min:  0.0, Avg:  0.0, Max:  0.0, Diff:  0.0, Sum:  0.0, Workers: 4
[498.119s][debug][gc,phases      ] GC(33)     Dead                           Min: 0, Avg:  0.0, Max: 0, Diff: 0, Sum: 0, Workers: 4
[498.119s][debug][gc,phases      ] GC(33)     Total                          Min: 0, Avg: 11.2, Max: 45, Diff: 45, Sum: 45, Workers: 4
[498.119s][debug][gc,phases      ] GC(33)   StringDedup Table Weak         Min:  0.0, Avg:  0.0, Max:  0.0, Diff:  0.0, Sum:  0.0, Workers: 4
[498.119s][debug][gc,phases      ] GC(33)     Dead                           Min: 0, Avg:  0.0, Max: 0, Diff: 0, Sum: 0, Workers: 4
[498.119s][debug][gc,phases      ] GC(33)     Total                          Min: 0, Avg:  0.0, Max: 0, Diff: 0, Sum: 0, Workers: 4
[498.119s][debug][gc,phases      ] GC(33)   StringDedup Requests0 Weak     Min:  0.0, Avg:  0.0, Max:  0.0, Diff:  0.0, Sum:  0.0, Workers: 4
[498.119s][debug][gc,phases      ] GC(33)     Dead                           Min: 0, Avg:  0.0, Max: 0, Diff: 0, Sum: 0, Workers: 4
[498.119s][debug][gc,phases      ] GC(33)     Total                          Min: 0, Avg:  0.0, Max: 0, Diff: 0, Sum: 0, Workers: 4
[498.119s][debug][gc,phases      ] GC(33)   StringDedup Requests1 Weak     Min:  0.0, Avg:  0.0, Max:  0.0, Diff:  0.0, Sum:  0.0, Workers: 4
[498.119s][debug][gc,phases      ] GC(33)     Dead                           Min: 0, Avg:  0.0, Max: 0, Diff: 0, Sum: 0, Workers: 4
[498.119s][debug][gc,phases      ] GC(33)     Total                          Min: 0, Avg:  0.0, Max: 0, Diff: 0, Sum: 0, Workers: 4
[498.119s][debug][gc,phases      ] GC(33)   Weak JFR Old Object Samples    Min:  0.0, Avg:  0.0, Max:  0.0, Diff:  0.0, Sum:  0.0, Workers: 4
[498.119s][debug][gc,phases      ] GC(33)     Dead                           Min: 0, Avg:  0.0, Max: 0, Diff: 0, Sum: 0, Workers: 4
[498.119s][debug][gc,phases      ] GC(33)     Total                          Min: 0, Avg:  0.0, Max: 0, Diff: 0, Sum: 0, Workers: 4
[498.119s][debug][gc,phases      ] GC(33) Weak Processing 0.267ms
[498.119s][debug][gc,age         ] GC(33) Desired survivor size 368050176 bytes, new threshold 15 (max threshold 15)
[498.119s][info ][gc,heap        ] GC(33) PSYoungGen: 1373856K(1732096K)->8864K(1730048K) Eden: 1364992K(1364992K)->0K(1364992K) From: 8864K(367104K)->8864K(365056K)
[498.119s][info ][gc,heap        ] GC(33) ParOldGen: 240007K(376832K)->240007K(376832K)
[498.119s][info ][gc,metaspace   ] GC(33) Metaspace: 78290K(79232K)->78290K(79232K) NonClass: 67058K(67584K)->67058K(67584K) Class: 11232K(11648K)->11232K(11648K)
[498.119s][info ][gc             ] GC(33) Pause Young (Allocation Failure) 1576M->243M(2057M) 3.062ms
[498.119s][info ][gc,cpu         ] GC(33) User=0.01s Sys=0.00s Real=0.00s
[498.119s][info ][safepoint      ] Safepoint "ParallelGCFailedAllocation", Time since last: 6643004294 ns, Reaching safepoint: 23000 ns, At safepoint: 3130940 ns, Total: 3153940 ns
[511.120s][info ][safepoint      ] Safepoint "Cleanup", Time since last: 13000764040 ns, Reaching safepoint: 34700 ns, At safepoint: 2200 ns, Total: 36900 ns
[528.716s][info ][gc,start       ] GC(34) Pause Young (Allocation Failure)
[528.720s][debug][gc,phases      ] GC(34) Scavenge 3.890ms
[528.720s][debug][gc,ref         ] GC(34) Skipped phase 1 of Reference Processing: no references
[528.720s][debug][gc,ref         ] GC(34) ReferenceProcessor::execute queues: 1, RefProcThreadModel::Single, marks_oops_alive: false
[528.720s][debug][gc,ref         ] GC(34) Skipped phase 3 of Reference Processing: no references
[528.720s][debug][gc,ref         ] GC(34) Skipped phase 4 of Reference Processing: no references
[528.720s][debug][gc,phases      ] GC(34) Reference Processing 0.099ms
[528.720s][debug][gc,phases      ] GC(34)   VM Weak                        Min:  0.0, Avg:  0.0, Max:  0.0, Diff:  0.0, Sum:  0.0, Workers: 4
[528.720s][debug][gc,phases      ] GC(34)     Dead                           Min: 0, Avg:  0.0, Max: 0, Diff: 0, Sum: 0, Workers: 4
[528.720s][debug][gc,phases      ] GC(34)     Total                          Min: 0, Avg: 178.0, Max: 576, Diff: 576, Sum: 712, Workers: 4
[528.720s][debug][gc,phases      ] GC(34)   ObjectSynchronizer Weak        Min:  0.0, Avg:  0.0, Max:  0.0, Diff:  0.0, Sum:  0.0, Workers: 4
[528.720s][debug][gc,phases      ] GC(34)     Dead                           Min: 0, Avg:  0.0, Max: 0, Diff: 0, Sum: 0, Workers: 4
[528.720s][debug][gc,phases      ] GC(34)     Total                          Min: 0, Avg: 12.2, Max: 49, Diff: 49, Sum: 49, Workers: 4
[528.720s][debug][gc,phases      ] GC(34)   JVMTI Tag Weak OopStorage      Min:  0.0, Avg:  0.0, Max:  0.0, Diff:  0.0, Sum:  0.0, Workers: 4
[528.720s][debug][gc,phases      ] GC(34)     Dead                           Min: 0, Avg:  0.0, Max: 0, Diff: 0, Sum: 0, Workers: 4
[528.720s][debug][gc,phases      ] GC(34)     Total                          Min: 0, Avg:  0.0, Max: 0, Diff: 0, Sum: 0, Workers: 4
[528.720s][debug][gc,phases      ] GC(34)   StringTable Weak               Min:  0.0, Avg:  0.1, Max:  0.1, Diff:  0.1, Sum:  0.3, Workers: 4
[528.720s][debug][gc,phases      ] GC(34)     Dead                           Min: 0, Avg:  0.0, Max: 0, Diff: 0, Sum: 0, Workers: 4
[528.720s][debug][gc,phases      ] GC(34)     Total                          Min: 0, Avg: 10746.5, Max: 18112, Diff: 18112, Sum: 42986, Workers: 4
[528.720s][debug][gc,phases      ] GC(34)   ResolvedMethodTable Weak       Min:  0.0, Avg:  0.0, Max:  0.0, Diff:  0.0, Sum:  0.1, Workers: 4
[528.720s][debug][gc,phases      ] GC(34)     Dead                           Min: 0, Avg:  0.0, Max: 0, Diff: 0, Sum: 0, Workers: 4
[528.720s][debug][gc,phases      ] GC(34)     Total                          Min: 0, Avg: 2121.8, Max: 3815, Diff: 3815, Sum: 8487, Workers: 4
[528.720s][debug][gc,phases      ] GC(34)   JNI Weak                       Min:  0.0, Avg:  0.0, Max:  0.0, Diff:  0.0, Sum:  0.0, Workers: 4
[528.720s][debug][gc,phases      ] GC(34)     Dead                           Min: 0, Avg:  0.0, Max: 0, Diff: 0, Sum: 0, Workers: 4
[528.720s][debug][gc,phases      ] GC(34)     Total                          Min: 0, Avg: 11.2, Max: 45, Diff: 45, Sum: 45, Workers: 4
[528.720s][debug][gc,phases      ] GC(34)   StringDedup Table Weak         Min:  0.0, Avg:  0.0, Max:  0.0, Diff:  0.0, Sum:  0.0, Workers: 4
[528.720s][debug][gc,phases      ] GC(34)     Dead                           Min: 0, Avg:  0.0, Max: 0, Diff: 0, Sum: 0, Workers: 4
[528.720s][debug][gc,phases      ] GC(34)     Total                          Min: 0, Avg:  0.0, Max: 0, Diff: 0, Sum: 0, Workers: 4
[528.720s][debug][gc,phases      ] GC(34)   StringDedup Requests0 Weak     Min:  0.0, Avg:  0.0, Max:  0.0, Diff:  0.0, Sum:  0.0, Workers: 4
[528.720s][debug][gc,phases      ] GC(34)     Dead                           Min: 0, Avg:  0.0, Max: 0, Diff: 0, Sum: 0, Workers: 4
[528.720s][debug][gc,phases      ] GC(34)     Total                          Min: 0, Avg:  0.0, Max: 0, Diff: 0, Sum: 0, Workers: 4
[528.720s][debug][gc,phases      ] GC(34)   StringDedup Requests1 Weak     Min:  0.0, Avg:  0.0, Max:  0.0, Diff:  0.0, Sum:  0.0, Workers: 4
[528.720s][debug][gc,phases      ] GC(34)     Dead                           Min: 0, Avg:  0.0, Max: 0, Diff: 0, Sum: 0, Workers: 4
[528.720s][debug][gc,phases      ] GC(34)     Total                          Min: 0, Avg:  0.0, Max: 0, Diff: 0, Sum: 0, Workers: 4
[528.720s][debug][gc,phases      ] GC(34)   Weak JFR Old Object Samples    Min:  0.0, Avg:  0.0, Max:  0.0, Diff:  0.0, Sum:  0.0, Workers: 4
[528.720s][debug][gc,phases      ] GC(34)     Dead                           Min: 0, Avg:  0.0, Max: 0, Diff: 0, Sum: 0, Workers: 4
[528.720s][debug][gc,phases      ] GC(34)     Total                          Min: 0, Avg:  0.0, Max: 0, Diff: 0, Sum: 0, Workers: 4
[528.720s][debug][gc,phases      ] GC(34) Weak Processing 0.306ms
[528.720s][debug][gc,age         ] GC(34) Desired survivor size 360185856 bytes, new threshold 15 (max threshold 15)
[528.720s][info ][gc,heap        ] GC(34) PSYoungGen: 1373856K(1730048K)->8848K(1745408K) Eden: 1364992K(1364992K)->0K(1385984K) From: 8864K(365056K)->8848K(359424K)
[528.720s][info ][gc,heap        ] GC(34) ParOldGen: 240007K(376832K)->240007K(376832K)
[528.720s][info ][gc,metaspace   ] GC(34) Metaspace: 78294K(79232K)->78294K(79232K) NonClass: 67058K(67584K)->67058K(67584K) Class: 11235K(11648K)->11235K(11648K)
[528.720s][info ][gc             ] GC(34) Pause Young (Allocation Failure) 1576M->243M(2072M) 4.398ms
[528.720s][info ][gc,cpu         ] GC(34) User=0.01s Sys=0.00s Real=0.00s
[528.720s][info ][safepoint      ] Safepoint "ParallelGCFailedAllocation", Time since last: 17595905134 ns, Reaching safepoint: 32800 ns, At safepoint: 4454258 ns, Total: 4487058 ns
[545.722s][info ][safepoint      ] Safepoint "Cleanup", Time since last: 17000992406 ns, Reaching safepoint: 42801 ns, At safepoint: 3600 ns, Total: 46401 ns
[559.865s][info ][gc,start       ] GC(35) Pause Young (Allocation Failure)
[559.867s][debug][gc,phases      ] GC(35) Scavenge 2.725ms
[559.867s][debug][gc,ref         ] GC(35) Skipped phase 1 of Reference Processing: no references
[559.867s][debug][gc,ref         ] GC(35) ReferenceProcessor::execute queues: 1, RefProcThreadModel::Single, marks_oops_alive: false
[559.868s][debug][gc,ref         ] GC(35) Skipped phase 3 of Reference Processing: no references
[559.868s][debug][gc,ref         ] GC(35) Skipped phase 4 of Reference Processing: no references
[559.868s][debug][gc,phases      ] GC(35) Reference Processing 0.116ms
[559.868s][debug][gc,phases      ] GC(35)   VM Weak                        Min:  0.0, Avg:  0.0, Max:  0.0, Diff:  0.0, Sum:  0.0, Workers: 4
[559.868s][debug][gc,phases      ] GC(35)     Dead                           Min: 0, Avg:  0.0, Max: 0, Diff: 0, Sum: 0, Workers: 4
[559.868s][debug][gc,phases      ] GC(35)     Total                          Min: 0, Avg: 178.0, Max: 512, Diff: 512, Sum: 712, Workers: 4
[559.868s][debug][gc,phases      ] GC(35)   ObjectSynchronizer Weak        Min:  0.0, Avg:  0.0, Max:  0.0, Diff:  0.0, Sum:  0.0, Workers: 4
[559.868s][debug][gc,phases      ] GC(35)     Dead                           Min: 0, Avg:  0.0, Max: 0, Diff: 0, Sum: 0, Workers: 4
[559.868s][debug][gc,phases      ] GC(35)     Total                          Min: 0, Avg: 12.2, Max: 49, Diff: 49, Sum: 49, Workers: 4
[559.868s][debug][gc,phases      ] GC(35)   JVMTI Tag Weak OopStorage      Min:  0.0, Avg:  0.0, Max:  0.0, Diff:  0.0, Sum:  0.0, Workers: 4
[559.868s][debug][gc,phases      ] GC(35)     Dead                           Min: 0, Avg:  0.0, Max: 0, Diff: 0, Sum: 0, Workers: 4
[559.868s][debug][gc,phases      ] GC(35)     Total                          Min: 0, Avg:  0.0, Max: 0, Diff: 0, Sum: 0, Workers: 4
[559.868s][debug][gc,phases      ] GC(35)   StringTable Weak               Min:  0.0, Avg:  0.1, Max:  0.1, Diff:  0.1, Sum:  0.4, Workers: 4
[559.868s][debug][gc,phases      ] GC(35)     Dead                           Min: 0, Avg:  0.0, Max: 0, Diff: 0, Sum: 0, Workers: 4
[559.868s][debug][gc,phases      ] GC(35)     Total                          Min: 0, Avg: 10746.5, Max: 17899, Diff: 17899, Sum: 42986, Workers: 4
[559.868s][debug][gc,phases      ] GC(35)   ResolvedMethodTable Weak       Min:  0.0, Avg:  0.0, Max:  0.0, Diff:  0.0, Sum:  0.1, Workers: 4
[559.868s][debug][gc,phases      ] GC(35)     Dead                           Min: 0, Avg:  0.0, Max: 0, Diff: 0, Sum: 0, Workers: 4
[559.868s][debug][gc,phases      ] GC(35)     Total                          Min: 0, Avg: 2121.8, Max: 3648, Diff: 3648, Sum: 8487, Workers: 4
[559.868s][debug][gc,phases      ] GC(35)   JNI Weak                       Min:  0.0, Avg:  0.0, Max:  0.0, Diff:  0.0, Sum:  0.0, Workers: 4
[559.868s][debug][gc,phases      ] GC(35)     Dead                           Min: 0, Avg:  0.0, Max: 0, Diff: 0, Sum: 0, Workers: 4
[559.868s][debug][gc,phases      ] GC(35)     Total                          Min: 0, Avg: 11.2, Max: 45, Diff: 45, Sum: 45, Workers: 4
[559.868s][debug][gc,phases      ] GC(35)   StringDedup Table Weak         Min:  0.0, Avg:  0.0, Max:  0.0, Diff:  0.0, Sum:  0.0, Workers: 4
[559.868s][debug][gc,phases      ] GC(35)     Dead                           Min: 0, Avg:  0.0, Max: 0, Diff: 0, Sum: 0, Workers: 4
[559.868s][debug][gc,phases      ] GC(35)     Total                          Min: 0, Avg:  0.0, Max: 0, Diff: 0, Sum: 0, Workers: 4
[559.868s][debug][gc,phases      ] GC(35)   StringDedup Requests0 Weak     Min:  0.0, Avg:  0.0, Max:  0.0, Diff:  0.0, Sum:  0.0, Workers: 4
[559.868s][debug][gc,phases      ] GC(35)     Dead                           Min: 0, Avg:  0.0, Max: 0, Diff: 0, Sum: 0, Workers: 4
[559.868s][debug][gc,phases      ] GC(35)     Total                          Min: 0, Avg:  0.0, Max: 0, Diff: 0, Sum: 0, Workers: 4
[559.868s][debug][gc,phases      ] GC(35)   StringDedup Requests1 Weak     Min:  0.0, Avg:  0.0, Max:  0.0, Diff:  0.0, Sum:  0.0, Workers: 4
[559.868s][debug][gc,phases      ] GC(35)     Dead                           Min: 0, Avg:  0.0, Max: 0, Diff: 0, Sum: 0, Workers: 4
[559.868s][debug][gc,phases      ] GC(35)     Total                          Min: 0, Avg:  0.0, Max: 0, Diff: 0, Sum: 0, Workers: 4
[559.868s][debug][gc,phases      ] GC(35)   Weak JFR Old Object Samples    Min:  0.0, Avg:  0.0, Max:  0.0, Diff:  0.0, Sum:  0.0, Workers: 4
[559.868s][debug][gc,phases      ] GC(35)     Dead                           Min: 0, Avg:  0.0, Max: 0, Diff: 0, Sum: 0, Workers: 4
[559.868s][debug][gc,phases      ] GC(35)     Total                          Min: 0, Avg:  0.0, Max: 0, Diff: 0, Sum: 0, Workers: 4
[559.868s][debug][gc,phases      ] GC(35) Weak Processing 0.336ms
[559.868s][debug][gc,age         ] GC(35) Desired survivor size 350224384 bytes, new threshold 15 (max threshold 15)
[559.868s][info ][gc,heap        ] GC(35) PSYoungGen: 1394832K(1745408K)->8944K(1737728K) Eden: 1385984K(1385984K)->0K(1385984K) From: 8848K(359424K)->8944K(351744K)
[559.868s][info ][gc,heap        ] GC(35) ParOldGen: 240007K(376832K)->240007K(376832K)
[559.868s][info ][gc,metaspace   ] GC(35) Metaspace: 78295K(79232K)->78295K(79232K) NonClass: 67059K(67584K)->67059K(67584K) Class: 11235K(11648K)->11235K(11648K)
[559.868s][info ][gc             ] GC(35) Pause Young (Allocation Failure) 1596M->243M(2065M) 3.266ms
[559.868s][info ][gc,cpu         ] GC(35) User=0.01s Sys=0.00s Real=0.01s
[559.868s][info ][safepoint      ] Safepoint "ParallelGCFailedAllocation", Time since last: 14143074443 ns, Reaching safepoint: 34500 ns, At safepoint: 3319943 ns, Total: 3354443 ns
[573.869s][info ][safepoint      ] Safepoint "Cleanup", Time since last: 14000892257 ns, Reaching safepoint: 37101 ns, At safepoint: 4400 ns, Total: 41501 ns
[574.869s][info ][safepoint      ] Safepoint "Cleanup", Time since last: 1000110529 ns, Reaching safepoint: 33700 ns, At safepoint: 4800 ns, Total: 38500 ns
[590.615s][info ][gc,start       ] GC(36) Pause Young (Allocation Failure)
[590.618s][debug][gc,phases      ] GC(36) Scavenge 2.790ms
[590.618s][debug][gc,ref         ] GC(36) Skipped phase 1 of Reference Processing: no references
[590.618s][debug][gc,ref         ] GC(36) ReferenceProcessor::execute queues: 1, RefProcThreadModel::Single, marks_oops_alive: false
[590.618s][debug][gc,ref         ] GC(36) Skipped phase 3 of Reference Processing: no references
[590.618s][debug][gc,ref         ] GC(36) ReferenceProcessor::execute queues: 1, RefProcThreadModel::Single, marks_oops_alive: false
[590.618s][debug][gc,phases      ] GC(36) Reference Processing 0.107ms
[590.618s][debug][gc,phases      ] GC(36)   VM Weak                        Min:  0.0, Avg:  0.0, Max:  0.0, Diff:  0.0, Sum:  0.0, Workers: 4
[590.618s][debug][gc,phases      ] GC(36)     Dead                           Min: 0, Avg:  0.0, Max: 0, Diff: 0, Sum: 0, Workers: 4
[590.618s][debug][gc,phases      ] GC(36)     Total                          Min: 0, Avg: 178.0, Max: 448, Diff: 448, Sum: 712, Workers: 4
[590.618s][debug][gc,phases      ] GC(36)   ObjectSynchronizer Weak        Min:  0.0, Avg:  0.0, Max:  0.0, Diff:  0.0, Sum:  0.0, Workers: 4
[590.618s][debug][gc,phases      ] GC(36)     Dead                           Min: 0, Avg:  0.0, Max: 0, Diff: 0, Sum: 0, Workers: 4
[590.618s][debug][gc,phases      ] GC(36)     Total                          Min: 0, Avg: 12.2, Max: 49, Diff: 49, Sum: 49, Workers: 4
[590.618s][debug][gc,phases      ] GC(36)   JVMTI Tag Weak OopStorage      Min:  0.0, Avg:  0.0, Max:  0.0, Diff:  0.0, Sum:  0.0, Workers: 4
[590.618s][debug][gc,phases      ] GC(36)     Dead                           Min: 0, Avg:  0.0, Max: 0, Diff: 0, Sum: 0, Workers: 4
[590.618s][debug][gc,phases      ] GC(36)     Total                          Min: 0, Avg:  0.0, Max: 0, Diff: 0, Sum: 0, Workers: 4
[590.618s][debug][gc,phases      ] GC(36)   StringTable Weak               Min:  0.0, Avg:  0.1, Max:  0.1, Diff:  0.1, Sum:  0.3, Workers: 4
[590.618s][debug][gc,phases      ] GC(36)     Dead                           Min: 0, Avg:  0.0, Max: 0, Diff: 0, Sum: 0, Workers: 4
[590.618s][debug][gc,phases      ] GC(36)     Total                          Min: 0, Avg: 10746.8, Max: 17984, Diff: 17984, Sum: 42987, Workers: 4
[590.618s][debug][gc,phases      ] GC(36)   ResolvedMethodTable Weak       Min:  0.0, Avg:  0.0, Max:  0.0, Diff:  0.0, Sum:  0.1, Workers: 4
[590.618s][debug][gc,phases      ] GC(36)     Dead                           Min: 0, Avg:  0.0, Max: 0, Diff: 0, Sum: 0, Workers: 4
[590.618s][debug][gc,phases      ] GC(36)     Total                          Min: 0, Avg: 2122.2, Max: 3584, Diff: 3584, Sum: 8489, Workers: 4
[590.618s][debug][gc,phases      ] GC(36)   JNI Weak                       Min:  0.0, Avg:  0.0, Max:  0.0, Diff:  0.0, Sum:  0.0, Workers: 4
[590.618s][debug][gc,phases      ] GC(36)     Dead                           Min: 0, Avg:  0.0, Max: 0, Diff: 0, Sum: 0, Workers: 4
[590.618s][debug][gc,phases      ] GC(36)     Total                          Min: 0, Avg: 11.2, Max: 45, Diff: 45, Sum: 45, Workers: 4
[590.618s][debug][gc,phases      ] GC(36)   StringDedup Table Weak         Min:  0.0, Avg:  0.0, Max:  0.0, Diff:  0.0, Sum:  0.0, Workers: 4
[590.618s][debug][gc,phases      ] GC(36)     Dead                           Min: 0, Avg:  0.0, Max: 0, Diff: 0, Sum: 0, Workers: 4
[590.618s][debug][gc,phases      ] GC(36)     Total                          Min: 0, Avg:  0.0, Max: 0, Diff: 0, Sum: 0, Workers: 4
[590.618s][debug][gc,phases      ] GC(36)   StringDedup Requests0 Weak     Min:  0.0, Avg:  0.0, Max:  0.0, Diff:  0.0, Sum:  0.0, Workers: 4
[590.618s][debug][gc,phases      ] GC(36)     Dead                           Min: 0, Avg:  0.0, Max: 0, Diff: 0, Sum: 0, Workers: 4
[590.618s][debug][gc,phases      ] GC(36)     Total                          Min: 0, Avg:  0.0, Max: 0, Diff: 0, Sum: 0, Workers: 4
[590.618s][debug][gc,phases      ] GC(36)   StringDedup Requests1 Weak     Min:  0.0, Avg:  0.0, Max:  0.0, Diff:  0.0, Sum:  0.0, Workers: 4
[590.618s][debug][gc,phases      ] GC(36)     Dead                           Min: 0, Avg:  0.0, Max: 0, Diff: 0, Sum: 0, Workers: 4
[590.618s][debug][gc,phases      ] GC(36)     Total                          Min: 0, Avg:  0.0, Max: 0, Diff: 0, Sum: 0, Workers: 4
[590.618s][debug][gc,phases      ] GC(36)   Weak JFR Old Object Samples    Min:  0.0, Avg:  0.0, Max:  0.0, Diff:  0.0, Sum:  0.0, Workers: 4
[590.618s][debug][gc,phases      ] GC(36)     Dead                           Min: 0, Avg:  0.0, Max: 0, Diff: 0, Sum: 0, Workers: 4
[590.618s][debug][gc,phases      ] GC(36)     Total                          Min: 0, Avg:  0.0, Max: 0, Diff: 0, Sum: 0, Workers: 4
[590.618s][debug][gc,phases      ] GC(36) Weak Processing 0.305ms
[590.618s][debug][gc,age         ] GC(36) Desired survivor size 338690048 bytes, new threshold 15 (max threshold 15)
[590.618s][info ][gc,heap        ] GC(36) PSYoungGen: 1394928K(1737728K)->8848K(1766400K) Eden: 1385984K(1385984K)->0K(1424384K) From: 8944K(351744K)->8848K(342016K)
[590.618s][info ][gc,heap        ] GC(36) ParOldGen: 240007K(376832K)->240007K(376832K)
[590.618s][info ][gc,metaspace   ] GC(36) Metaspace: 78297K(79232K)->78297K(79232K) NonClass: 67060K(67584K)->67060K(67584K) Class: 11236K(11648K)->11236K(11648K)
[590.618s][info ][gc             ] GC(36) Pause Young (Allocation Failure) 1596M->243M(2093M) 3.296ms
[590.618s][info ][gc,cpu         ] GC(36) User=0.01s Sys=0.01s Real=0.01s
[590.618s][info ][safepoint      ] Safepoint "ParallelGCFailedAllocation", Time since last: 15745997894 ns, Reaching safepoint: 99801 ns, At safepoint: 3354943 ns, Total: 3454744 ns
[591.619s][info ][safepoint      ] Safepoint "Cleanup", Time since last: 1000083201 ns, Reaching safepoint: 37801 ns, At safepoint: 3400 ns, Total: 41201 ns
[592.619s][info ][safepoint      ] Safepoint "Cleanup", Time since last: 1000062200 ns, Reaching safepoint: 53001 ns, At safepoint: 6000 ns, Total: 59001 ns
[593.619s][info ][safepoint      ] Safepoint "Cleanup", Time since last: 1000103436 ns, Reaching safepoint: 62300 ns, At safepoint: 5400 ns, Total: 67700 ns
[597.619s][info ][safepoint      ] Safepoint "Cleanup", Time since last: 4000295815 ns, Reaching safepoint: 49300 ns, At safepoint: 2900 ns, Total: 52200 ns
[600.620s][info ][safepoint      ] Safepoint "Cleanup", Time since last: 3000227636 ns, Reaching safepoint: 41201 ns, At safepoint: 3600 ns, Total: 44801 ns
[601.670s][info ][safepoint      ] Safepoint "Cleanup", Time since last: 1050118173 ns, Reaching safepoint: 128802 ns, At safepoint: 15900 ns, Total: 144702 ns
[602.674s][info ][safepoint      ] Safepoint "Cleanup", Time since last: 1004316329 ns, Reaching safepoint: 105401 ns, At safepoint: 6301 ns, Total: 111702 ns
[603.674s][info ][safepoint      ] Safepoint "Cleanup", Time since last: 1000101874 ns, Reaching safepoint: 36901 ns, At safepoint: 4700 ns, Total: 41601 ns
[604.674s][info ][safepoint      ] Safepoint "Cleanup", Time since last: 1000096574 ns, Reaching safepoint: 36701 ns, At safepoint: 2900 ns, Total: 39601 ns
[605.675s][info ][safepoint      ] Safepoint "Cleanup", Time since last: 1000094074 ns, Reaching safepoint: 37601 ns, At safepoint: 8500 ns, Total: 46101 ns
[610.367s][info ][gc,start       ] GC(37) Pause Young (Allocation Failure)
[610.383s][debug][gc,phases      ] GC(37) Scavenge 15.996ms
[610.383s][debug][gc,ref         ] GC(37) Skipped phase 1 of Reference Processing: no references
[610.383s][debug][gc,ref         ] GC(37) ReferenceProcessor::execute queues: 1, RefProcThreadModel::Single, marks_oops_alive: false
[610.383s][debug][gc,ref         ] GC(37) Skipped phase 3 of Reference Processing: no references
[610.383s][debug][gc,ref         ] GC(37) ReferenceProcessor::execute queues: 1, RefProcThreadModel::Single, marks_oops_alive: false
[610.383s][debug][gc,phases      ] GC(37) Reference Processing 0.151ms
[610.383s][debug][gc,phases      ] GC(37)   VM Weak                        Min:  0.0, Avg:  0.0, Max:  0.0, Diff:  0.0, Sum:  0.0, Workers: 4
[610.383s][debug][gc,phases      ] GC(37)     Dead                           Min: 0, Avg:  0.0, Max: 0, Diff: 0, Sum: 0, Workers: 4
[610.383s][debug][gc,phases      ] GC(37)     Total                          Min: 0, Avg: 178.0, Max: 448, Diff: 448, Sum: 712, Workers: 4
[610.383s][debug][gc,phases      ] GC(37)   ObjectSynchronizer Weak        Min:  0.0, Avg:  0.0, Max:  0.0, Diff:  0.0, Sum:  0.0, Workers: 4
[610.383s][debug][gc,phases      ] GC(37)     Dead                           Min: 0, Avg:  0.0, Max: 0, Diff: 0, Sum: 0, Workers: 4
[610.383s][debug][gc,phases      ] GC(37)     Total                          Min: 0, Avg: 12.2, Max: 49, Diff: 49, Sum: 49, Workers: 4
[610.383s][debug][gc,phases      ] GC(37)   JVMTI Tag Weak OopStorage      Min:  0.0, Avg:  0.0, Max:  0.0, Diff:  0.0, Sum:  0.0, Workers: 4
[610.383s][debug][gc,phases      ] GC(37)     Dead                           Min: 0, Avg:  0.0, Max: 0, Diff: 0, Sum: 0, Workers: 4
[610.383s][debug][gc,phases      ] GC(37)     Total                          Min: 0, Avg:  0.0, Max: 0, Diff: 0, Sum: 0, Workers: 4
[610.383s][debug][gc,phases      ] GC(37)   StringTable Weak               Min:  0.0, Avg:  0.1, Max:  0.2, Diff:  0.2, Sum:  0.4, Workers: 4
[610.383s][debug][gc,phases      ] GC(37)     Dead                           Min: 0, Avg:  0.0, Max: 0, Diff: 0, Sum: 0, Workers: 4
[610.383s][debug][gc,phases      ] GC(37)     Total                          Min: 0, Avg: 10748.2, Max: 22335, Diff: 22335, Sum: 42993, Workers: 4
[610.383s][debug][gc,phases      ] GC(37)   ResolvedMethodTable Weak       Min:  0.0, Avg:  0.0, Max:  0.0, Diff:  0.0, Sum:  0.1, Workers: 4
[610.383s][debug][gc,phases      ] GC(37)     Dead                           Min: 0, Avg:  0.0, Max: 0, Diff: 0, Sum: 0, Workers: 4
[610.383s][debug][gc,phases      ] GC(37)     Total                          Min: 0, Avg: 2122.2, Max: 4585, Diff: 4585, Sum: 8489, Workers: 4
[610.383s][debug][gc,phases      ] GC(37)   JNI Weak                       Min:  0.0, Avg:  0.0, Max:  0.0, Diff:  0.0, Sum:  0.0, Workers: 4
[610.383s][debug][gc,phases      ] GC(37)     Dead                           Min: 0, Avg:  0.0, Max: 0, Diff: 0, Sum: 0, Workers: 4
[610.383s][debug][gc,phases      ] GC(37)     Total                          Min: 0, Avg: 11.2, Max: 45, Diff: 45, Sum: 45, Workers: 4
[610.383s][debug][gc,phases      ] GC(37)   StringDedup Table Weak         Min:  0.0, Avg:  0.0, Max:  0.0, Diff:  0.0, Sum:  0.0, Workers: 4
[610.383s][debug][gc,phases      ] GC(37)     Dead                           Min: 0, Avg:  0.0, Max: 0, Diff: 0, Sum: 0, Workers: 4
[610.383s][debug][gc,phases      ] GC(37)     Total                          Min: 0, Avg:  0.0, Max: 0, Diff: 0, Sum: 0, Workers: 4
[610.383s][debug][gc,phases      ] GC(37)   StringDedup Requests0 Weak     Min:  0.0, Avg:  0.0, Max:  0.0, Diff:  0.0, Sum:  0.0, Workers: 4
[610.383s][debug][gc,phases      ] GC(37)     Dead                           Min: 0, Avg:  0.0, Max: 0, Diff: 0, Sum: 0, Workers: 4
[610.383s][debug][gc,phases      ] GC(37)     Total                          Min: 0, Avg:  0.0, Max: 0, Diff: 0, Sum: 0, Workers: 4
[610.383s][debug][gc,phases      ] GC(37)   StringDedup Requests1 Weak     Min:  0.0, Avg:  0.0, Max:  0.0, Diff:  0.0, Sum:  0.0, Workers: 4
[610.383s][debug][gc,phases      ] GC(37)     Dead                           Min: 0, Avg:  0.0, Max: 0, Diff: 0, Sum: 0, Workers: 4
[610.383s][debug][gc,phases      ] GC(37)     Total                          Min: 0, Avg:  0.0, Max: 0, Diff: 0, Sum: 0, Workers: 4
[610.383s][debug][gc,phases      ] GC(37)   Weak JFR Old Object Samples    Min:  0.0, Avg:  0.0, Max:  0.0, Diff:  0.0, Sum:  0.0, Workers: 4
[610.383s][debug][gc,phases      ] GC(37)     Dead                           Min: 0, Avg:  0.0, Max: 0, Diff: 0, Sum: 0, Workers: 4
[610.383s][debug][gc,phases      ] GC(37)     Total                          Min: 0, Avg:  0.0, Max: 0, Diff: 0, Sum: 0, Workers: 4
[610.383s][debug][gc,phases      ] GC(37) Weak Processing 0.484ms
[610.383s][debug][gc,age         ] GC(37) Desired survivor size 322437120 bytes, new threshold 15 (max threshold 15)
[610.383s][info ][gc,heap        ] GC(37) PSYoungGen: 1433232K(1766400K)->29968K(1755136K) Eden: 1424384K(1424384K)->0K(1424384K) From: 8848K(342016K)->29968K(330752K)
[610.383s][info ][gc,heap        ] GC(37) ParOldGen: 240007K(376832K)->240015K(376832K)
[610.383s][info ][gc,metaspace   ] GC(37) Metaspace: 78305K(79232K)->78305K(79232K) NonClass: 67068K(67584K)->67068K(67584K) Class: 11236K(11648K)->11236K(11648K)
[610.383s][info ][gc             ] GC(37) Pause Young (Allocation Failure) 1634M->263M(2082M) 16.757ms
[610.384s][info ][gc,cpu         ] GC(37) User=0.05s Sys=0.00s Real=0.02s
[610.384s][info ][safepoint      ] Safepoint "ParallelGCFailedAllocation", Time since last: 4692052426 ns, Reaching safepoint: 30100 ns, At safepoint: 16837617 ns, Total: 16867717 ns
[614.384s][info ][safepoint      ] Safepoint "Cleanup", Time since last: 4000257170 ns, Reaching safepoint: 81901 ns, At safepoint: 2800 ns, Total: 84701 ns
[615.384s][info ][safepoint      ] Safepoint "Cleanup", Time since last: 1000100493 ns, Reaching safepoint: 35201 ns, At safepoint: 7200 ns, Total: 42401 ns
[616.384s][info ][safepoint      ] Safepoint "Cleanup", Time since last: 1000068592 ns, Reaching safepoint: 37001 ns, At safepoint: 2800 ns, Total: 39801 ns
[623.385s][info ][safepoint      ] Safepoint "Cleanup", Time since last: 7000490490 ns, Reaching safepoint: 34401 ns, At safepoint: 2900 ns, Total: 37301 ns
[628.385s][info ][safepoint      ] Safepoint "Cleanup", Time since last: 5000320935 ns, Reaching safepoint: 28100 ns, At safepoint: 2900 ns, Total: 31000 ns
[637.916s][info ][gc,start       ] GC(38) Pause Young (Allocation Failure)
[637.930s][debug][gc,phases      ] GC(38) Scavenge 14.324ms
[637.930s][debug][gc,ref         ] GC(38) Skipped phase 1 of Reference Processing: no references
[637.930s][debug][gc,ref         ] GC(38) ReferenceProcessor::execute queues: 1, RefProcThreadModel::Single, marks_oops_alive: false
[637.930s][debug][gc,ref         ] GC(38) Skipped phase 3 of Reference Processing: no references
[637.930s][debug][gc,ref         ] GC(38) ReferenceProcessor::execute queues: 1, RefProcThreadModel::Single, marks_oops_alive: false
[637.930s][debug][gc,phases      ] GC(38) Reference Processing 0.149ms
[637.931s][debug][gc,phases      ] GC(38)   VM Weak                        Min:  0.0, Avg:  0.0, Max:  0.0, Diff:  0.0, Sum:  0.0, Workers: 4
[637.931s][debug][gc,phases      ] GC(38)     Dead                           Min: 0, Avg:  0.0, Max: 0, Diff: 0, Sum: 0, Workers: 4
[637.931s][debug][gc,phases      ] GC(38)     Total                          Min: 0, Avg: 178.0, Max: 456, Diff: 456, Sum: 712, Workers: 4
[637.931s][debug][gc,phases      ] GC(38)   ObjectSynchronizer Weak        Min:  0.0, Avg:  0.0, Max:  0.0, Diff:  0.0, Sum:  0.0, Workers: 4
[637.931s][debug][gc,phases      ] GC(38)     Dead                           Min: 0, Avg:  0.0, Max: 0, Diff: 0, Sum: 0, Workers: 4
[637.931s][debug][gc,phases      ] GC(38)     Total                          Min: 0, Avg: 12.2, Max: 49, Diff: 49, Sum: 49, Workers: 4
[637.931s][debug][gc,phases      ] GC(38)   JVMTI Tag Weak OopStorage      Min:  0.0, Avg:  0.0, Max:  0.0, Diff:  0.0, Sum:  0.0, Workers: 4
[637.931s][debug][gc,phases      ] GC(38)     Dead                           Min: 0, Avg:  0.0, Max: 0, Diff: 0, Sum: 0, Workers: 4
[637.931s][debug][gc,phases      ] GC(38)     Total                          Min: 0, Avg:  0.0, Max: 0, Diff: 0, Sum: 0, Workers: 4
[637.931s][debug][gc,phases      ] GC(38)   StringTable Weak               Min:  0.0, Avg:  0.1, Max:  0.2, Diff:  0.2, Sum:  0.4, Workers: 4
[637.931s][debug][gc,phases      ] GC(38)     Dead                           Min: 0, Avg:  0.0, Max: 0, Diff: 0, Sum: 0, Workers: 4
[637.931s][debug][gc,phases      ] GC(38)     Total                          Min: 0, Avg: 10748.5, Max: 21503, Diff: 21503, Sum: 42994, Workers: 4
[637.931s][debug][gc,phases      ] GC(38)   ResolvedMethodTable Weak       Min:  0.0, Avg:  0.0, Max:  0.0, Diff:  0.0, Sum:  0.1, Workers: 4
[637.931s][debug][gc,phases      ] GC(38)     Dead                           Min: 0, Avg:  0.0, Max: 0, Diff: 0, Sum: 0, Workers: 4
[637.931s][debug][gc,phases      ] GC(38)     Total                          Min: 0, Avg: 2122.2, Max: 4265, Diff: 4265, Sum: 8489, Workers: 4
[637.931s][debug][gc,phases      ] GC(38)   JNI Weak                       Min:  0.0, Avg:  0.0, Max:  0.0, Diff:  0.0, Sum:  0.0, Workers: 4
[637.931s][debug][gc,phases      ] GC(38)     Dead                           Min: 0, Avg:  0.0, Max: 0, Diff: 0, Sum: 0, Workers: 4
[637.931s][debug][gc,phases      ] GC(38)     Total                          Min: 0, Avg: 11.2, Max: 45, Diff: 45, Sum: 45, Workers: 4
[637.931s][debug][gc,phases      ] GC(38)   StringDedup Table Weak         Min:  0.0, Avg:  0.0, Max:  0.0, Diff:  0.0, Sum:  0.0, Workers: 4
[637.931s][debug][gc,phases      ] GC(38)     Dead                           Min: 0, Avg:  0.0, Max: 0, Diff: 0, Sum: 0, Workers: 4
[637.931s][debug][gc,phases      ] GC(38)     Total                          Min: 0, Avg:  0.0, Max: 0, Diff: 0, Sum: 0, Workers: 4
[637.931s][debug][gc,phases      ] GC(38)   StringDedup Requests0 Weak     Min:  0.0, Avg:  0.0, Max:  0.0, Diff:  0.0, Sum:  0.0, Workers: 4
[637.931s][debug][gc,phases      ] GC(38)     Dead                           Min: 0, Avg:  0.0, Max: 0, Diff: 0, Sum: 0, Workers: 4
[637.931s][debug][gc,phases      ] GC(38)     Total                          Min: 0, Avg:  0.0, Max: 0, Diff: 0, Sum: 0, Workers: 4
[637.931s][debug][gc,phases      ] GC(38)   StringDedup Requests1 Weak     Min:  0.0, Avg:  0.0, Max:  0.0, Diff:  0.0, Sum:  0.0, Workers: 4
[637.931s][debug][gc,phases      ] GC(38)     Dead                           Min: 0, Avg:  0.0, Max: 0, Diff: 0, Sum: 0, Workers: 4
[637.931s][debug][gc,phases      ] GC(38)     Total                          Min: 0, Avg:  0.0, Max: 0, Diff: 0, Sum: 0, Workers: 4
[637.931s][debug][gc,phases      ] GC(38)   Weak JFR Old Object Samples    Min:  0.0, Avg:  0.0, Max:  0.0, Diff:  0.0, Sum:  0.0, Workers: 4
[637.931s][debug][gc,phases      ] GC(38)     Dead                           Min: 0, Avg:  0.0, Max: 0, Diff: 0, Sum: 0, Workers: 4
[637.931s][debug][gc,phases      ] GC(38)     Total                          Min: 0, Avg:  0.0, Max: 0, Diff: 0, Sum: 0, Workers: 4
[637.931s][debug][gc,phases      ] GC(38) Weak Processing 0.524ms
[637.931s][debug][gc,age         ] GC(38) Desired survivor size 306184192 bytes, new threshold 15 (max threshold 15)
[637.931s][info ][gc,heap        ] GC(38) PSYoungGen: 1454352K(1755136K)->29968K(1798144K) Eden: 1424384K(1424384K)->0K(1483264K) From: 29968K(330752K)->29968K(314880K)
[637.931s][info ][gc,heap        ] GC(38) ParOldGen: 240015K(376832K)->240015K(376832K)
[637.931s][info ][gc,metaspace   ] GC(38) Metaspace: 78309K(79232K)->78309K(79232K) NonClass: 67072K(67584K)->67072K(67584K) Class: 11236K(11648K)->11236K(11648K)
[637.931s][info ][gc             ] GC(38) Pause Young (Allocation Failure) 1654M->263M(2124M) 15.159ms
[637.931s][info ][gc,cpu         ] GC(38) User=0.03s Sys=0.01s Real=0.01s
[637.931s][info ][safepoint      ] Safepoint "ParallelGCFailedAllocation", Time since last: 9530581359 ns, Reaching safepoint: 33801 ns, At safepoint: 15257296 ns, Total: 15291097 ns
[638.931s][info ][safepoint      ] Safepoint "Cleanup", Time since last: 1000091459 ns, Reaching safepoint: 65801 ns, At safepoint: 4400 ns, Total: 70201 ns
[639.931s][info ][safepoint      ] Safepoint "Cleanup", Time since last: 1000100460 ns, Reaching safepoint: 33400 ns, At safepoint: 3700 ns, Total: 37100 ns
[640.931s][info ][safepoint      ] Safepoint "Cleanup", Time since last: 1000104960 ns, Reaching safepoint: 43401 ns, At safepoint: 2300 ns, Total: 45701 ns
[649.932s][info ][safepoint      ] Safepoint "Cleanup", Time since last: 9000602981 ns, Reaching safepoint: 55501 ns, At safepoint: 2400 ns, Total: 57901 ns
[656.933s][info ][safepoint      ] Safepoint "Cleanup", Time since last: 7000477811 ns, Reaching safepoint: 34201 ns, At safepoint: 4200 ns, Total: 38401 ns
[661.933s][info ][safepoint      ] Safepoint "Cleanup", Time since last: 5000313549 ns, Reaching safepoint: 41101 ns, At safepoint: 6000 ns, Total: 47101 ns
[667.415s][info ][gc,start       ] GC(39) Pause Young (Allocation Failure)
[667.427s][debug][gc,phases      ] GC(39) Scavenge 11.472ms
[667.427s][debug][gc,ref         ] GC(39) Skipped phase 1 of Reference Processing: no references
[667.427s][debug][gc,ref         ] GC(39) ReferenceProcessor::execute queues: 1, RefProcThreadModel::Single, marks_oops_alive: false
[667.427s][debug][gc,ref         ] GC(39) Skipped phase 3 of Reference Processing: no references
[667.427s][debug][gc,ref         ] GC(39) ReferenceProcessor::execute queues: 1, RefProcThreadModel::Single, marks_oops_alive: false
[667.427s][debug][gc,phases      ] GC(39) Reference Processing 0.103ms
[667.427s][debug][gc,phases      ] GC(39)   VM Weak                        Min:  0.0, Avg:  0.0, Max:  0.0, Diff:  0.0, Sum:  0.0, Workers: 4
[667.427s][debug][gc,phases      ] GC(39)     Dead                           Min: 0, Avg:  0.0, Max: 0, Diff: 0, Sum: 0, Workers: 4
[667.427s][debug][gc,phases      ] GC(39)     Total                          Min: 0, Avg: 178.0, Max: 448, Diff: 448, Sum: 712, Workers: 4
[667.427s][debug][gc,phases      ] GC(39)   ObjectSynchronizer Weak        Min:  0.0, Avg:  0.0, Max:  0.0, Diff:  0.0, Sum:  0.0, Workers: 4
[667.427s][debug][gc,phases      ] GC(39)     Dead                           Min: 0, Avg:  0.0, Max: 0, Diff: 0, Sum: 0, Workers: 4
[667.427s][debug][gc,phases      ] GC(39)     Total                          Min: 0, Avg: 12.2, Max: 49, Diff: 49, Sum: 49, Workers: 4
[667.427s][debug][gc,phases      ] GC(39)   JVMTI Tag Weak OopStorage      Min:  0.0, Avg:  0.0, Max:  0.0, Diff:  0.0, Sum:  0.0, Workers: 4
[667.427s][debug][gc,phases      ] GC(39)     Dead                           Min: 0, Avg:  0.0, Max: 0, Diff: 0, Sum: 0, Workers: 4
[667.427s][debug][gc,phases      ] GC(39)     Total                          Min: 0, Avg:  0.0, Max: 0, Diff: 0, Sum: 0, Workers: 4
[667.427s][debug][gc,phases      ] GC(39)   StringTable Weak               Min:  0.0, Avg:  0.1, Max:  0.1, Diff:  0.1, Sum:  0.4, Workers: 4
[667.427s][debug][gc,phases      ] GC(39)     Dead                           Min: 0, Avg:  0.0, Max: 0, Diff: 0, Sum: 0, Workers: 4
[667.427s][debug][gc,phases      ] GC(39)     Total                          Min: 0, Avg: 10749.5, Max: 18231, Diff: 18231, Sum: 42998, Workers: 4
[667.427s][debug][gc,phases      ] GC(39)   ResolvedMethodTable Weak       Min:  0.0, Avg:  0.0, Max:  0.0, Diff:  0.0, Sum:  0.1, Workers: 4
[667.427s][debug][gc,phases      ] GC(39)     Dead                           Min: 0, Avg:  0.0, Max: 0, Diff: 0, Sum: 0, Workers: 4
[667.427s][debug][gc,phases      ] GC(39)     Total                          Min: 0, Avg: 2122.5, Max: 3520, Diff: 3520, Sum: 8490, Workers: 4
[667.427s][debug][gc,phases      ] GC(39)   JNI Weak                       Min:  0.0, Avg:  0.0, Max:  0.0, Diff:  0.0, Sum:  0.0, Workers: 4
[667.427s][debug][gc,phases      ] GC(39)     Dead                           Min: 0, Avg:  0.0, Max: 0, Diff: 0, Sum: 0, Workers: 4
[667.427s][debug][gc,phases      ] GC(39)     Total                          Min: 0, Avg: 11.2, Max: 45, Diff: 45, Sum: 45, Workers: 4
[667.427s][debug][gc,phases      ] GC(39)   StringDedup Table Weak         Min:  0.0, Avg:  0.0, Max:  0.0, Diff:  0.0, Sum:  0.0, Workers: 4
[667.427s][debug][gc,phases      ] GC(39)     Dead                           Min: 0, Avg:  0.0, Max: 0, Diff: 0, Sum: 0, Workers: 4
[667.427s][debug][gc,phases      ] GC(39)     Total                          Min: 0, Avg:  0.0, Max: 0, Diff: 0, Sum: 0, Workers: 4
[667.427s][debug][gc,phases      ] GC(39)   StringDedup Requests0 Weak     Min:  0.0, Avg:  0.0, Max:  0.0, Diff:  0.0, Sum:  0.0, Workers: 4
[667.427s][debug][gc,phases      ] GC(39)     Dead                           Min: 0, Avg:  0.0, Max: 0, Diff: 0, Sum: 0, Workers: 4
[667.427s][debug][gc,phases      ] GC(39)     Total                          Min: 0, Avg:  0.0, Max: 0, Diff: 0, Sum: 0, Workers: 4
[667.427s][debug][gc,phases      ] GC(39)   StringDedup Requests1 Weak     Min:  0.0, Avg:  0.0, Max:  0.0, Diff:  0.0, Sum:  0.0, Workers: 4
[667.427s][debug][gc,phases      ] GC(39)     Dead                           Min: 0, Avg:  0.0, Max: 0, Diff: 0, Sum: 0, Workers: 4
[667.427s][debug][gc,phases      ] GC(39)     Total                          Min: 0, Avg:  0.0, Max: 0, Diff: 0, Sum: 0, Workers: 4
[667.427s][debug][gc,phases      ] GC(39)   Weak JFR Old Object Samples    Min:  0.0, Avg:  0.0, Max:  0.0, Diff:  0.0, Sum:  0.0, Workers: 4
[667.427s][debug][gc,phases      ] GC(39)     Dead                           Min: 0, Avg:  0.0, Max: 0, Diff: 0, Sum: 0, Workers: 4
[667.427s][debug][gc,phases      ] GC(39)     Total                          Min: 0, Avg:  0.0, Max: 0, Diff: 0, Sum: 0, Workers: 4
[667.427s][debug][gc,phases      ] GC(39) Weak Processing 0.307ms
[667.427s][debug][gc,age         ] GC(39) Desired survivor size 289406976 bytes, new threshold 15 (max threshold 15)
[667.427s][info ][gc,heap        ] GC(39) PSYoungGen: 1513232K(1798144K)->36208K(1782272K) Eden: 1483264K(1483264K)->0K(1483264K) From: 29968K(314880K)->36208K(299008K)
[667.427s][info ][gc,heap        ] GC(39) ParOldGen: 240015K(376832K)->240015K(376832K)
[667.427s][info ][gc,metaspace   ] GC(39) Metaspace: 78323K(79232K)->78323K(79232K) NonClass: 67086K(67584K)->67086K(67584K) Class: 11237K(11648K)->11237K(11648K)
[667.427s][info ][gc             ] GC(39) Pause Young (Allocation Failure) 1712M->269M(2108M) 12.004ms
[667.427s][info ][gc,cpu         ] GC(39) User=0.04s Sys=0.00s Real=0.01s
[667.427s][info ][safepoint      ] Safepoint "ParallelGCFailedAllocation", Time since last: 5482521749 ns, Reaching safepoint: 31801 ns, At safepoint: 12067955 ns, Total: 12099756 ns
[668.428s][info ][safepoint      ] Safepoint "Cleanup", Time since last: 1000081388 ns, Reaching safepoint: 36701 ns, At safepoint: 2800 ns, Total: 39501 ns
[669.428s][info ][safepoint      ] Safepoint "Cleanup", Time since last: 1000118189 ns, Reaching safepoint: 32100 ns, At safepoint: 3700 ns, Total: 35800 ns
[670.428s][info ][safepoint      ] Safepoint "Cleanup", Time since last: 1000104189 ns, Reaching safepoint: 40900 ns, At safepoint: 3001 ns, Total: 43901 ns
[698.607s][info ][gc,start       ] GC(40) Pause Young (Allocation Failure)
[698.617s][debug][gc,phases      ] GC(40) Scavenge 10.108ms
[698.617s][debug][gc,ref         ] GC(40) Skipped phase 1 of Reference Processing: no references
[698.617s][debug][gc,ref         ] GC(40) ReferenceProcessor::execute queues: 1, RefProcThreadModel::Single, marks_oops_alive: false
[698.617s][debug][gc,ref         ] GC(40) Skipped phase 3 of Reference Processing: no references
[698.617s][debug][gc,ref         ] GC(40) ReferenceProcessor::execute queues: 1, RefProcThreadModel::Single, marks_oops_alive: false
[698.617s][debug][gc,phases      ] GC(40) Reference Processing 0.103ms
[698.618s][debug][gc,phases      ] GC(40)   VM Weak                        Min:  0.0, Avg:  0.0, Max:  0.0, Diff:  0.0, Sum:  0.0, Workers: 4
[698.618s][debug][gc,phases      ] GC(40)     Dead                           Min: 0, Avg:  0.0, Max: 0, Diff: 0, Sum: 0, Workers: 4
[698.618s][debug][gc,phases      ] GC(40)     Total                          Min: 0, Avg: 178.0, Max: 512, Diff: 512, Sum: 712, Workers: 4
[698.618s][debug][gc,phases      ] GC(40)   ObjectSynchronizer Weak        Min:  0.0, Avg:  0.0, Max:  0.0, Diff:  0.0, Sum:  0.0, Workers: 4
[698.618s][debug][gc,phases      ] GC(40)     Dead                           Min: 0, Avg:  0.0, Max: 0, Diff: 0, Sum: 0, Workers: 4
[698.618s][debug][gc,phases      ] GC(40)     Total                          Min: 0, Avg: 12.2, Max: 49, Diff: 49, Sum: 49, Workers: 4
[698.618s][debug][gc,phases      ] GC(40)   JVMTI Tag Weak OopStorage      Min:  0.0, Avg:  0.0, Max:  0.0, Diff:  0.0, Sum:  0.0, Workers: 4
[698.618s][debug][gc,phases      ] GC(40)     Dead                           Min: 0, Avg:  0.0, Max: 0, Diff: 0, Sum: 0, Workers: 4
[698.618s][debug][gc,phases      ] GC(40)     Total                          Min: 0, Avg:  0.0, Max: 0, Diff: 0, Sum: 0, Workers: 4
[698.618s][debug][gc,phases      ] GC(40)   StringTable Weak               Min:  0.0, Avg:  0.1, Max:  0.1, Diff:  0.1, Sum:  0.4, Workers: 4
[698.618s][debug][gc,phases      ] GC(40)     Dead                           Min: 0, Avg:  0.0, Max: 0, Diff: 0, Sum: 0, Workers: 4
[698.618s][debug][gc,phases      ] GC(40)     Total                          Min: 0, Avg: 10749.5, Max: 18103, Diff: 18103, Sum: 42998, Workers: 4
[698.618s][debug][gc,phases      ] GC(40)   ResolvedMethodTable Weak       Min:  0.0, Avg:  0.0, Max:  0.0, Diff:  0.0, Sum:  0.1, Workers: 4
[698.618s][debug][gc,phases      ] GC(40)     Dead                           Min: 0, Avg:  0.0, Max: 0, Diff: 0, Sum: 0, Workers: 4
[698.618s][debug][gc,phases      ] GC(40)     Total                          Min: 0, Avg: 2122.5, Max: 3626, Diff: 3626, Sum: 8490, Workers: 4
[698.618s][debug][gc,phases      ] GC(40)   JNI Weak                       Min:  0.0, Avg:  0.0, Max:  0.0, Diff:  0.0, Sum:  0.0, Workers: 4
[698.618s][debug][gc,phases      ] GC(40)     Dead                           Min: 0, Avg:  0.0, Max: 0, Diff: 0, Sum: 0, Workers: 4
[698.618s][debug][gc,phases      ] GC(40)     Total                          Min: 0, Avg: 11.2, Max: 45, Diff: 45, Sum: 45, Workers: 4
[698.618s][debug][gc,phases      ] GC(40)   StringDedup Table Weak         Min:  0.0, Avg:  0.0, Max:  0.0, Diff:  0.0, Sum:  0.0, Workers: 4
[698.618s][debug][gc,phases      ] GC(40)     Dead                           Min: 0, Avg:  0.0, Max: 0, Diff: 0, Sum: 0, Workers: 4
[698.618s][debug][gc,phases      ] GC(40)     Total                          Min: 0, Avg:  0.0, Max: 0, Diff: 0, Sum: 0, Workers: 4
[698.618s][debug][gc,phases      ] GC(40)   StringDedup Requests0 Weak     Min:  0.0, Avg:  0.0, Max:  0.0, Diff:  0.0, Sum:  0.0, Workers: 4
[698.618s][debug][gc,phases      ] GC(40)     Dead                           Min: 0, Avg:  0.0, Max: 0, Diff: 0, Sum: 0, Workers: 4
[698.618s][debug][gc,phases      ] GC(40)     Total                          Min: 0, Avg:  0.0, Max: 0, Diff: 0, Sum: 0, Workers: 4
[698.618s][debug][gc,phases      ] GC(40)   StringDedup Requests1 Weak     Min:  0.0, Avg:  0.0, Max:  0.0, Diff:  0.0, Sum:  0.0, Workers: 4
[698.618s][debug][gc,phases      ] GC(40)     Dead                           Min: 0, Avg:  0.0, Max: 0, Diff: 0, Sum: 0, Workers: 4
[698.618s][debug][gc,phases      ] GC(40)     Total                          Min: 0, Avg:  0.0, Max: 0, Diff: 0, Sum: 0, Workers: 4
[698.618s][debug][gc,phases      ] GC(40)   Weak JFR Old Object Samples    Min:  0.0, Avg:  0.0, Max:  0.0, Diff:  0.0, Sum:  0.0, Workers: 4
[698.618s][debug][gc,phases      ] GC(40)     Dead                           Min: 0, Avg:  0.0, Max: 0, Diff: 0, Sum: 0, Workers: 4
[698.618s][debug][gc,phases      ] GC(40)     Total                          Min: 0, Avg:  0.0, Max: 0, Diff: 0, Sum: 0, Workers: 4
[698.618s][debug][gc,phases      ] GC(40) Weak Processing 0.312ms
[698.618s][debug][gc,age         ] GC(40) Desired survivor size 273678336 bytes, new threshold 15 (max threshold 15)
[698.618s][info ][gc,heap        ] GC(40) PSYoungGen: 1519472K(1782272K)->33456K(1829888K) Eden: 1483264K(1483264K)->0K(1547264K) From: 36208K(299008K)->33456K(282624K)
[698.618s][info ][gc,heap        ] GC(40) ParOldGen: 240015K(376832K)->240023K(376832K)
[698.618s][info ][gc,metaspace   ] GC(40) Metaspace: 78339K(79232K)->78339K(79232K) NonClass: 67101K(67584K)->67101K(67584K) Class: 11237K(11648K)->11237K(11648K)
[698.618s][info ][gc             ] GC(40) Pause Young (Allocation Failure) 1718M->267M(2155M) 10.644ms
[698.618s][info ][gc,cpu         ] GC(40) User=0.04s Sys=0.00s Real=0.02s
[698.618s][info ][safepoint      ] Safepoint "ParallelGCFailedAllocation", Time since last: 28179019575 ns, Reaching safepoint: 91001 ns, At safepoint: 10712938 ns, Total: 10803939 ns
[731.066s][info ][gc,start       ] GC(41) Pause Young (Allocation Failure)
[731.076s][debug][gc,phases      ] GC(41) Scavenge 10.086ms
[731.076s][debug][gc,ref         ] GC(41) Skipped phase 1 of Reference Processing: no references
[731.076s][debug][gc,ref         ] GC(41) ReferenceProcessor::execute queues: 1, RefProcThreadModel::Single, marks_oops_alive: false
[731.076s][debug][gc,ref         ] GC(41) Skipped phase 3 of Reference Processing: no references
[731.076s][debug][gc,ref         ] GC(41) ReferenceProcessor::execute queues: 1, RefProcThreadModel::Single, marks_oops_alive: false
[731.076s][debug][gc,phases      ] GC(41) Reference Processing 0.116ms
[731.076s][debug][gc,phases      ] GC(41)   VM Weak                        Min:  0.0, Avg:  0.0, Max:  0.0, Diff:  0.0, Sum:  0.0, Workers: 4
[731.076s][debug][gc,phases      ] GC(41)     Dead                           Min: 0, Avg:  0.0, Max: 0, Diff: 0, Sum: 0, Workers: 4
[731.076s][debug][gc,phases      ] GC(41)     Total                          Min: 0, Avg: 178.0, Max: 512, Diff: 512, Sum: 712, Workers: 4
[731.076s][debug][gc,phases      ] GC(41)   ObjectSynchronizer Weak        Min:  0.0, Avg:  0.0, Max:  0.0, Diff:  0.0, Sum:  0.0, Workers: 4
[731.076s][debug][gc,phases      ] GC(41)     Dead                           Min: 0, Avg:  0.0, Max: 0, Diff: 0, Sum: 0, Workers: 4
[731.076s][debug][gc,phases      ] GC(41)     Total                          Min: 0, Avg: 12.2, Max: 49, Diff: 49, Sum: 49, Workers: 4
[731.076s][debug][gc,phases      ] GC(41)   JVMTI Tag Weak OopStorage      Min:  0.0, Avg:  0.0, Max:  0.0, Diff:  0.0, Sum:  0.0, Workers: 4
[731.076s][debug][gc,phases      ] GC(41)     Dead                           Min: 0, Avg:  0.0, Max: 0, Diff: 0, Sum: 0, Workers: 4
[731.076s][debug][gc,phases      ] GC(41)     Total                          Min: 0, Avg:  0.0, Max: 0, Diff: 0, Sum: 0, Workers: 4
[731.076s][debug][gc,phases      ] GC(41)   StringTable Weak               Min:  0.0, Avg:  0.1, Max:  0.1, Diff:  0.1, Sum:  0.4, Workers: 4
[731.076s][debug][gc,phases      ] GC(41)     Dead                           Min: 0, Avg:  0.0, Max: 0, Diff: 0, Sum: 0, Workers: 4
[731.076s][debug][gc,phases      ] GC(41)     Total                          Min: 0, Avg: 10749.5, Max: 17856, Diff: 17856, Sum: 42998, Workers: 4
[731.076s][debug][gc,phases      ] GC(41)   ResolvedMethodTable Weak       Min:  0.0, Avg:  0.0, Max:  0.0, Diff:  0.0, Sum:  0.1, Workers: 4
[731.076s][debug][gc,phases      ] GC(41)     Dead                           Min: 0, Avg:  0.0, Max: 0, Diff: 0, Sum: 0, Workers: 4
[731.076s][debug][gc,phases      ] GC(41)     Total                          Min: 0, Avg: 2122.5, Max: 3818, Diff: 3818, Sum: 8490, Workers: 4
[731.076s][debug][gc,phases      ] GC(41)   JNI Weak                       Min:  0.0, Avg:  0.0, Max:  0.0, Diff:  0.0, Sum:  0.0, Workers: 4
[731.076s][debug][gc,phases      ] GC(41)     Dead                           Min: 0, Avg:  0.0, Max: 0, Diff: 0, Sum: 0, Workers: 4
[731.076s][debug][gc,phases      ] GC(41)     Total                          Min: 0, Avg: 11.2, Max: 45, Diff: 45, Sum: 45, Workers: 4
[731.076s][debug][gc,phases      ] GC(41)   StringDedup Table Weak         Min:  0.0, Avg:  0.0, Max:  0.0, Diff:  0.0, Sum:  0.0, Workers: 4
[731.076s][debug][gc,phases      ] GC(41)     Dead                           Min: 0, Avg:  0.0, Max: 0, Diff: 0, Sum: 0, Workers: 4
[731.076s][debug][gc,phases      ] GC(41)     Total                          Min: 0, Avg:  0.0, Max: 0, Diff: 0, Sum: 0, Workers: 4
[731.076s][debug][gc,phases      ] GC(41)   StringDedup Requests0 Weak     Min:  0.0, Avg:  0.0, Max:  0.0, Diff:  0.0, Sum:  0.0, Workers: 4
[731.076s][debug][gc,phases      ] GC(41)     Dead                           Min: 0, Avg:  0.0, Max: 0, Diff: 0, Sum: 0, Workers: 4
[731.076s][debug][gc,phases      ] GC(41)     Total                          Min: 0, Avg:  0.0, Max: 0, Diff: 0, Sum: 0, Workers: 4
[731.076s][debug][gc,phases      ] GC(41)   StringDedup Requests1 Weak     Min:  0.0, Avg:  0.0, Max:  0.0, Diff:  0.0, Sum:  0.0, Workers: 4
[731.076s][debug][gc,phases      ] GC(41)     Dead                           Min: 0, Avg:  0.0, Max: 0, Diff: 0, Sum: 0, Workers: 4
[731.076s][debug][gc,phases      ] GC(41)     Total                          Min: 0, Avg:  0.0, Max: 0, Diff: 0, Sum: 0, Workers: 4
[731.076s][debug][gc,phases      ] GC(41)   Weak JFR Old Object Samples    Min:  0.0, Avg:  0.0, Max:  0.0, Diff:  0.0, Sum:  0.0, Workers: 4
[731.076s][debug][gc,phases      ] GC(41)     Dead                           Min: 0, Avg:  0.0, Max: 0, Diff: 0, Sum: 0, Workers: 4
[731.076s][debug][gc,phases      ] GC(41)     Total                          Min: 0, Avg:  0.0, Max: 0, Diff: 0, Sum: 0, Workers: 4
[731.076s][debug][gc,phases      ] GC(41) Weak Processing 0.308ms
[731.076s][debug][gc,age         ] GC(41) Desired survivor size 258473984 bytes, new threshold 15 (max threshold 15)
[731.076s][info ][gc,heap        ] GC(41) PSYoungGen: 1580720K(1829888K)->33584K(1814528K) Eden: 1547264K(1547264K)->0K(1547264K) From: 33456K(282624K)->33584K(267264K)
[731.076s][info ][gc,heap        ] GC(41) ParOldGen: 240023K(376832K)->240023K(376832K)
[731.076s][info ][gc,metaspace   ] GC(41) Metaspace: 78343K(79232K)->78343K(79232K) NonClass: 67106K(67584K)->67106K(67584K) Class: 11237K(11648K)->11237K(11648K)
[731.076s][info ][gc             ] GC(41) Pause Young (Allocation Failure) 1778M->267M(2140M) 10.627ms
[731.076s][info ][gc,cpu         ] GC(41) User=0.04s Sys=0.00s Real=0.02s
[731.076s][info ][safepoint      ] Safepoint "ParallelGCFailedAllocation", Time since last: 32448030079 ns, Reaching safepoint: 34700 ns, At safepoint: 10689938 ns, Total: 10724638 ns
[738.077s][info ][safepoint      ] Safepoint "Cleanup", Time since last: 7000391679 ns, Reaching safepoint: 47301 ns, At safepoint: 2100 ns, Total: 49401 ns
[747.078s][info ][safepoint      ] Safepoint "Cleanup", Time since last: 9000585943 ns, Reaching safepoint: 35000 ns, At safepoint: 2400 ns, Total: 37400 ns
[749.078s][info ][safepoint      ] Safepoint "Cleanup", Time since last: 2000171340 ns, Reaching safepoint: 38501 ns, At safepoint: 2700 ns, Total: 41201 ns
[761.079s][info ][safepoint      ] Safepoint "Cleanup", Time since last: 12000767278 ns, Reaching safepoint: 43900 ns, At safepoint: 7801 ns, Total: 51701 ns
[765.066s][info ][gc,start       ] GC(42) Pause Young (Allocation Failure)
[765.077s][debug][gc,phases      ] GC(42) Scavenge 11.768ms
[765.078s][debug][gc,ref         ] GC(42) Skipped phase 1 of Reference Processing: no references
[765.078s][debug][gc,ref         ] GC(42) ReferenceProcessor::execute queues: 1, RefProcThreadModel::Single, marks_oops_alive: false
[765.078s][debug][gc,ref         ] GC(42) Skipped phase 3 of Reference Processing: no references
[765.078s][debug][gc,ref         ] GC(42) ReferenceProcessor::execute queues: 1, RefProcThreadModel::Single, marks_oops_alive: false
[765.078s][debug][gc,phases      ] GC(42) Reference Processing 0.102ms
[765.078s][debug][gc,phases      ] GC(42)   VM Weak                        Min:  0.0, Avg:  0.0, Max:  0.0, Diff:  0.0, Sum:  0.0, Workers: 4
[765.078s][debug][gc,phases      ] GC(42)     Dead                           Min: 0, Avg:  0.0, Max: 0, Diff: 0, Sum: 0, Workers: 4
[765.078s][debug][gc,phases      ] GC(42)     Total                          Min: 0, Avg: 178.0, Max: 584, Diff: 584, Sum: 712, Workers: 4
[765.078s][debug][gc,phases      ] GC(42)   ObjectSynchronizer Weak        Min:  0.0, Avg:  0.0, Max:  0.0, Diff:  0.0, Sum:  0.0, Workers: 4
[765.078s][debug][gc,phases      ] GC(42)     Dead                           Min: 0, Avg:  0.0, Max: 0, Diff: 0, Sum: 0, Workers: 4
[765.078s][debug][gc,phases      ] GC(42)     Total                          Min: 0, Avg: 12.2, Max: 49, Diff: 49, Sum: 49, Workers: 4
[765.078s][debug][gc,phases      ] GC(42)   JVMTI Tag Weak OopStorage      Min:  0.0, Avg:  0.0, Max:  0.0, Diff:  0.0, Sum:  0.0, Workers: 4
[765.078s][debug][gc,phases      ] GC(42)     Dead                           Min: 0, Avg:  0.0, Max: 0, Diff: 0, Sum: 0, Workers: 4
[765.078s][debug][gc,phases      ] GC(42)     Total                          Min: 0, Avg:  0.0, Max: 0, Diff: 0, Sum: 0, Workers: 4
[765.078s][debug][gc,phases      ] GC(42)   StringTable Weak               Min:  0.0, Avg:  0.1, Max:  0.1, Diff:  0.1, Sum:  0.3, Workers: 4
[765.078s][debug][gc,phases      ] GC(42)     Dead                           Min: 0, Avg:  0.0, Max: 0, Diff: 0, Sum: 0, Workers: 4
[765.078s][debug][gc,phases      ] GC(42)     Total                          Min: 0, Avg: 10749.8, Max: 18367, Diff: 18367, Sum: 42999, Workers: 4
[765.078s][debug][gc,phases      ] GC(42)   ResolvedMethodTable Weak       Min:  0.0, Avg:  0.0, Max:  0.0, Diff:  0.0, Sum:  0.1, Workers: 4
[765.078s][debug][gc,phases      ] GC(42)     Dead                           Min: 0, Avg:  0.0, Max: 0, Diff: 0, Sum: 0, Workers: 4
[765.078s][debug][gc,phases      ] GC(42)     Total                          Min: 0, Avg: 2122.5, Max: 3626, Diff: 3626, Sum: 8490, Workers: 4
[765.078s][debug][gc,phases      ] GC(42)   JNI Weak                       Min:  0.0, Avg:  0.0, Max:  0.0, Diff:  0.0, Sum:  0.0, Workers: 4
[765.078s][debug][gc,phases      ] GC(42)     Dead                           Min: 0, Avg:  0.0, Max: 0, Diff: 0, Sum: 0, Workers: 4
[765.078s][debug][gc,phases      ] GC(42)     Total                          Min: 0, Avg: 11.2, Max: 45, Diff: 45, Sum: 45, Workers: 4
[765.078s][debug][gc,phases      ] GC(42)   StringDedup Table Weak         Min:  0.0, Avg:  0.0, Max:  0.0, Diff:  0.0, Sum:  0.0, Workers: 4
[765.078s][debug][gc,phases      ] GC(42)     Dead                           Min: 0, Avg:  0.0, Max: 0, Diff: 0, Sum: 0, Workers: 4
[765.078s][debug][gc,phases      ] GC(42)     Total                          Min: 0, Avg:  0.0, Max: 0, Diff: 0, Sum: 0, Workers: 4
[765.078s][debug][gc,phases      ] GC(42)   StringDedup Requests0 Weak     Min:  0.0, Avg:  0.0, Max:  0.0, Diff:  0.0, Sum:  0.0, Workers: 4
[765.078s][debug][gc,phases      ] GC(42)     Dead                           Min: 0, Avg:  0.0, Max: 0, Diff: 0, Sum: 0, Workers: 4
[765.078s][debug][gc,phases      ] GC(42)     Total                          Min: 0, Avg:  0.0, Max: 0, Diff: 0, Sum: 0, Workers: 4
[765.078s][debug][gc,phases      ] GC(42)   StringDedup Requests1 Weak     Min:  0.0, Avg:  0.0, Max:  0.0, Diff:  0.0, Sum:  0.0, Workers: 4
[765.078s][debug][gc,phases      ] GC(42)     Dead                           Min: 0, Avg:  0.0, Max: 0, Diff: 0, Sum: 0, Workers: 4
[765.078s][debug][gc,phases      ] GC(42)     Total                          Min: 0, Avg:  0.0, Max: 0, Diff: 0, Sum: 0, Workers: 4
[765.078s][debug][gc,phases      ] GC(42)   Weak JFR Old Object Samples    Min:  0.0, Avg:  0.0, Max:  0.0, Diff:  0.0, Sum:  0.0, Workers: 4
[765.078s][debug][gc,phases      ] GC(42)     Dead                           Min: 0, Avg:  0.0, Max: 0, Diff: 0, Sum: 0, Workers: 4
[765.078s][debug][gc,phases      ] GC(42)     Total                          Min: 0, Avg:  0.0, Max: 0, Diff: 0, Sum: 0, Workers: 4
[765.078s][debug][gc,phases      ] GC(42) Weak Processing 0.307ms
[765.078s][debug][gc,age         ] GC(42) Desired survivor size 243793920 bytes, new threshold 15 (max threshold 15)
[765.078s][info ][gc,heap        ] GC(42) PSYoungGen: 1580848K(1814528K)->33552K(1859072K) Eden: 1547264K(1547264K)->0K(1606656K) From: 33584K(267264K)->33552K(252416K)
[765.078s][info ][gc,heap        ] GC(42) ParOldGen: 240023K(376832K)->240023K(376832K)
[765.078s][info ][gc,metaspace   ] GC(42) Metaspace: 78358K(79232K)->78358K(79232K) NonClass: 67119K(67584K)->67119K(67584K) Class: 11238K(11648K)->11238K(11648K)
[765.078s][info ][gc             ] GC(42) Pause Young (Allocation Failure) 1778M->267M(2183M) 12.288ms
[765.078s][info ][gc,cpu         ] GC(42) User=0.03s Sys=0.00s Real=0.02s
[765.078s][info ][safepoint      ] Safepoint "ParallelGCFailedAllocation", Time since last: 3987017903 ns, Reaching safepoint: 39100 ns, At safepoint: 12349359 ns, Total: 12388459 ns
[771.078s][info ][safepoint      ] Safepoint "Cleanup", Time since last: 6000396111 ns, Reaching safepoint: 45001 ns, At safepoint: 2100 ns, Total: 47101 ns
[772.079s][info ][safepoint      ] Safepoint "Cleanup", Time since last: 1000113569 ns, Reaching safepoint: 45700 ns, At safepoint: 3300 ns, Total: 49000 ns
[773.079s][info ][safepoint      ] Safepoint "Cleanup", Time since last: 1000072769 ns, Reaching safepoint: 43100 ns, At safepoint: 9800 ns, Total: 52900 ns
[774.079s][info ][safepoint      ] Safepoint "Cleanup", Time since last: 1000049268 ns, Reaching safepoint: 38701 ns, At safepoint: 3300 ns, Total: 42001 ns
[783.079s][info ][safepoint      ] Safepoint "Cleanup", Time since last: 9000571480 ns, Reaching safepoint: 42401 ns, At safepoint: 2500 ns, Total: 44901 ns
[788.080s][info ][safepoint      ] Safepoint "Cleanup", Time since last: 5000320615 ns, Reaching safepoint: 38301 ns, At safepoint: 2500 ns, Total: 40801 ns
[790.080s][info ][safepoint      ] Safepoint "Cleanup", Time since last: 2000155128 ns, Reaching safepoint: 40000 ns, At safepoint: 2500 ns, Total: 42500 ns
[791.080s][info ][safepoint      ] Safepoint "Cleanup", Time since last: 1000112164 ns, Reaching safepoint: 37101 ns, At safepoint: 5600 ns, Total: 42701 ns
[799.256s][info ][gc,start       ] GC(43) Pause Young (Allocation Failure)
[799.268s][debug][gc,phases      ] GC(43) Scavenge 12.030ms
[799.268s][debug][gc,ref         ] GC(43) Skipped phase 1 of Reference Processing: no references
[799.268s][debug][gc,ref         ] GC(43) ReferenceProcessor::execute queues: 1, RefProcThreadModel::Single, marks_oops_alive: false
[799.268s][debug][gc,ref         ] GC(43) Skipped phase 3 of Reference Processing: no references
[799.268s][debug][gc,ref         ] GC(43) ReferenceProcessor::execute queues: 1, RefProcThreadModel::Single, marks_oops_alive: false
[799.268s][debug][gc,phases      ] GC(43) Reference Processing 0.105ms
[799.268s][debug][gc,phases      ] GC(43)   VM Weak                        Min:  0.0, Avg:  0.0, Max:  0.0, Diff:  0.0, Sum:  0.0, Workers: 4
[799.268s][debug][gc,phases      ] GC(43)     Dead                           Min: 0, Avg:  0.0, Max: 0, Diff: 0, Sum: 0, Workers: 4
[799.268s][debug][gc,phases      ] GC(43)     Total                          Min: 0, Avg: 178.0, Max: 712, Diff: 712, Sum: 712, Workers: 4
[799.268s][debug][gc,phases      ] GC(43)   ObjectSynchronizer Weak        Min:  0.0, Avg:  0.0, Max:  0.0, Diff:  0.0, Sum:  0.0, Workers: 4
[799.268s][debug][gc,phases      ] GC(43)     Dead                           Min: 0, Avg:  0.0, Max: 0, Diff: 0, Sum: 0, Workers: 4
[799.268s][debug][gc,phases      ] GC(43)     Total                          Min: 0, Avg: 12.2, Max: 49, Diff: 49, Sum: 49, Workers: 4
[799.268s][debug][gc,phases      ] GC(43)   JVMTI Tag Weak OopStorage      Min:  0.0, Avg:  0.0, Max:  0.0, Diff:  0.0, Sum:  0.0, Workers: 4
[799.268s][debug][gc,phases      ] GC(43)     Dead                           Min: 0, Avg:  0.0, Max: 0, Diff: 0, Sum: 0, Workers: 4
[799.268s][debug][gc,phases      ] GC(43)     Total                          Min: 0, Avg:  0.0, Max: 0, Diff: 0, Sum: 0, Workers: 4
[799.268s][debug][gc,phases      ] GC(43)   StringTable Weak               Min:  0.1, Avg:  0.1, Max:  0.1, Diff:  0.0, Sum:  0.4, Workers: 4
[799.268s][debug][gc,phases      ] GC(43)     Dead                           Min: 0, Avg:  0.2, Max: 1, Diff: 1, Sum: 1, Workers: 4
[799.268s][debug][gc,phases      ] GC(43)     Total                          Min: 9786, Avg: 10750.2, Max: 12608, Diff: 2822, Sum: 43001, Workers: 4
[799.268s][debug][gc,phases      ] GC(43)   ResolvedMethodTable Weak       Min:  0.0, Avg:  0.0, Max:  0.0, Diff:  0.0, Sum:  0.1, Workers: 4
[799.268s][debug][gc,phases      ] GC(43)     Dead                           Min: 0, Avg:  0.0, Max: 0, Diff: 0, Sum: 0, Workers: 4
[799.268s][debug][gc,phases      ] GC(43)     Total                          Min: 1984, Avg: 2122.8, Max: 2304, Diff: 320, Sum: 8491, Workers: 4
[799.268s][debug][gc,phases      ] GC(43)   JNI Weak                       Min:  0.0, Avg:  0.0, Max:  0.0, Diff:  0.0, Sum:  0.0, Workers: 4
[799.268s][debug][gc,phases      ] GC(43)     Dead                           Min: 0, Avg:  0.0, Max: 0, Diff: 0, Sum: 0, Workers: 4
[799.268s][debug][gc,phases      ] GC(43)     Total                          Min: 0, Avg: 11.2, Max: 45, Diff: 45, Sum: 45, Workers: 4
[799.268s][debug][gc,phases      ] GC(43)   StringDedup Table Weak         Min:  0.0, Avg:  0.0, Max:  0.0, Diff:  0.0, Sum:  0.0, Workers: 4
[799.268s][debug][gc,phases      ] GC(43)     Dead                           Min: 0, Avg:  0.0, Max: 0, Diff: 0, Sum: 0, Workers: 4
[799.268s][debug][gc,phases      ] GC(43)     Total                          Min: 0, Avg:  0.0, Max: 0, Diff: 0, Sum: 0, Workers: 4
[799.268s][debug][gc,phases      ] GC(43)   StringDedup Requests0 Weak     Min:  0.0, Avg:  0.0, Max:  0.0, Diff:  0.0, Sum:  0.0, Workers: 4
[799.268s][debug][gc,phases      ] GC(43)     Dead                           Min: 0, Avg:  0.0, Max: 0, Diff: 0, Sum: 0, Workers: 4
[799.268s][debug][gc,phases      ] GC(43)     Total                          Min: 0, Avg:  0.0, Max: 0, Diff: 0, Sum: 0, Workers: 4
[799.268s][debug][gc,phases      ] GC(43)   StringDedup Requests1 Weak     Min:  0.0, Avg:  0.0, Max:  0.0, Diff:  0.0, Sum:  0.0, Workers: 4
[799.268s][debug][gc,phases      ] GC(43)     Dead                           Min: 0, Avg:  0.0, Max: 0, Diff: 0, Sum: 0, Workers: 4
[799.268s][debug][gc,phases      ] GC(43)     Total                          Min: 0, Avg:  0.0, Max: 0, Diff: 0, Sum: 0, Workers: 4
[799.268s][debug][gc,phases      ] GC(43)   Weak JFR Old Object Samples    Min:  0.0, Avg:  0.0, Max:  0.0, Diff:  0.0, Sum:  0.0, Workers: 4
[799.268s][debug][gc,phases      ] GC(43)     Dead                           Min: 0, Avg:  0.0, Max: 0, Diff: 0, Sum: 0, Workers: 4
[799.268s][debug][gc,phases      ] GC(43)     Total                          Min: 0, Avg:  0.0, Max: 0, Diff: 0, Sum: 0, Workers: 4
[799.268s][debug][gc,phases      ] GC(43) Weak Processing 0.269ms
[799.268s][debug][gc,age         ] GC(43) Desired survivor size 231211008 bytes, new threshold 15 (max threshold 15)
[799.268s][info ][gc,heap        ] GC(43) PSYoungGen: 1640208K(1859072K)->26752K(1844736K) Eden: 1606656K(1606656K)->0K(1606656K) From: 33552K(252416K)->26752K(238080K)
[799.268s][info ][gc,heap        ] GC(43) ParOldGen: 240023K(376832K)->247967K(376832K)
[799.268s][info ][gc,metaspace   ] GC(43) Metaspace: 78386K(79296K)->78386K(79296K) NonClass: 67146K(67648K)->67146K(67648K) Class: 11240K(11648K)->11240K(11648K)
[799.269s][info ][gc             ] GC(43) Pause Young (Allocation Failure) 1836M->268M(2169M) 12.512ms
[799.269s][info ][gc,cpu         ] GC(43) User=0.03s Sys=0.01s Real=0.01s
[799.269s][info ][safepoint      ] Safepoint "ParallelGCFailedAllocation", Time since last: 8175706103 ns, Reaching safepoint: 95401 ns, At safepoint: 12583962 ns, Total: 12679363 ns
[834.765s][info ][gc,start       ] GC(44) Pause Young (Allocation Failure)
[834.773s][debug][gc,phases      ] GC(44) Scavenge 8.168ms
[834.773s][debug][gc,ref         ] GC(44) Skipped phase 1 of Reference Processing: no references
[834.774s][debug][gc,ref         ] GC(44) ReferenceProcessor::execute queues: 1, RefProcThreadModel::Single, marks_oops_alive: false
[834.774s][debug][gc,ref         ] GC(44) Skipped phase 3 of Reference Processing: no references
[834.774s][debug][gc,ref         ] GC(44) ReferenceProcessor::execute queues: 1, RefProcThreadModel::Single, marks_oops_alive: false
[834.774s][debug][gc,phases      ] GC(44) Reference Processing 0.113ms
[834.774s][debug][gc,phases      ] GC(44)   VM Weak                        Min:  0.0, Avg:  0.0, Max:  0.0, Diff:  0.0, Sum:  0.0, Workers: 4
[834.774s][debug][gc,phases      ] GC(44)     Dead                           Min: 0, Avg:  0.0, Max: 0, Diff: 0, Sum: 0, Workers: 4
[834.774s][debug][gc,phases      ] GC(44)     Total                          Min: 0, Avg: 178.0, Max: 392, Diff: 392, Sum: 712, Workers: 4
[834.774s][debug][gc,phases      ] GC(44)   ObjectSynchronizer Weak        Min:  0.0, Avg:  0.0, Max:  0.0, Diff:  0.0, Sum:  0.0, Workers: 4
[834.774s][debug][gc,phases      ] GC(44)     Dead                           Min: 0, Avg:  0.0, Max: 0, Diff: 0, Sum: 0, Workers: 4
[834.774s][debug][gc,phases      ] GC(44)     Total                          Min: 0, Avg: 12.2, Max: 49, Diff: 49, Sum: 49, Workers: 4
[834.774s][debug][gc,phases      ] GC(44)   JVMTI Tag Weak OopStorage      Min:  0.0, Avg:  0.0, Max:  0.0, Diff:  0.0, Sum:  0.0, Workers: 4
[834.774s][debug][gc,phases      ] GC(44)     Dead                           Min: 0, Avg:  0.0, Max: 0, Diff: 0, Sum: 0, Workers: 4
[834.774s][debug][gc,phases      ] GC(44)     Total                          Min: 0, Avg:  0.0, Max: 0, Diff: 0, Sum: 0, Workers: 4
[834.774s][debug][gc,phases      ] GC(44)   StringTable Weak               Min:  0.0, Avg:  0.1, Max:  0.1, Diff:  0.1, Sum:  0.4, Workers: 4
[834.774s][debug][gc,phases      ] GC(44)     Dead                           Min: 0, Avg:  0.0, Max: 0, Diff: 0, Sum: 0, Workers: 4
[834.774s][debug][gc,phases      ] GC(44)     Total                          Min: 0, Avg: 10750.2, Max: 17920, Diff: 17920, Sum: 43001, Workers: 4
[834.774s][debug][gc,phases      ] GC(44)   ResolvedMethodTable Weak       Min:  0.0, Avg:  0.0, Max:  0.0, Diff:  0.0, Sum:  0.1, Workers: 4
[834.774s][debug][gc,phases      ] GC(44)     Dead                           Min: 0, Avg:  0.0, Max: 0, Diff: 0, Sum: 0, Workers: 4
[834.774s][debug][gc,phases      ] GC(44)     Total                          Min: 0, Avg: 2122.8, Max: 2944, Diff: 2944, Sum: 8491, Workers: 4
[834.774s][debug][gc,phases      ] GC(44)   JNI Weak                       Min:  0.0, Avg:  0.0, Max:  0.0, Diff:  0.0, Sum:  0.0, Workers: 4
[834.774s][debug][gc,phases      ] GC(44)     Dead                           Min: 0, Avg:  0.0, Max: 0, Diff: 0, Sum: 0, Workers: 4
[834.774s][debug][gc,phases      ] GC(44)     Total                          Min: 0, Avg: 11.2, Max: 45, Diff: 45, Sum: 45, Workers: 4
[834.774s][debug][gc,phases      ] GC(44)   StringDedup Table Weak         Min:  0.0, Avg:  0.0, Max:  0.0, Diff:  0.0, Sum:  0.0, Workers: 4
[834.774s][debug][gc,phases      ] GC(44)     Dead                           Min: 0, Avg:  0.0, Max: 0, Diff: 0, Sum: 0, Workers: 4
[834.774s][debug][gc,phases      ] GC(44)     Total                          Min: 0, Avg:  0.0, Max: 0, Diff: 0, Sum: 0, Workers: 4
[834.774s][debug][gc,phases      ] GC(44)   StringDedup Requests0 Weak     Min:  0.0, Avg:  0.0, Max:  0.0, Diff:  0.0, Sum:  0.0, Workers: 4
[834.774s][debug][gc,phases      ] GC(44)     Dead                           Min: 0, Avg:  0.0, Max: 0, Diff: 0, Sum: 0, Workers: 4
[834.774s][debug][gc,phases      ] GC(44)     Total                          Min: 0, Avg:  0.0, Max: 0, Diff: 0, Sum: 0, Workers: 4
[834.774s][debug][gc,phases      ] GC(44)   StringDedup Requests1 Weak     Min:  0.0, Avg:  0.0, Max:  0.0, Diff:  0.0, Sum:  0.0, Workers: 4
[834.774s][debug][gc,phases      ] GC(44)     Dead                           Min: 0, Avg:  0.0, Max: 0, Diff: 0, Sum: 0, Workers: 4
[834.774s][debug][gc,phases      ] GC(44)     Total                          Min: 0, Avg:  0.0, Max: 0, Diff: 0, Sum: 0, Workers: 4
[834.774s][debug][gc,phases      ] GC(44)   Weak JFR Old Object Samples    Min:  0.0, Avg:  0.0, Max:  0.0, Diff:  0.0, Sum:  0.0, Workers: 4
[834.774s][debug][gc,phases      ] GC(44)     Dead                           Min: 0, Avg:  0.0, Max: 0, Diff: 0, Sum: 0, Workers: 4
[834.774s][debug][gc,phases      ] GC(44)     Total                          Min: 0, Avg:  0.0, Max: 0, Diff: 0, Sum: 0, Workers: 4
[834.774s][debug][gc,phases      ] GC(44) Weak Processing 0.314ms
[834.774s][debug][gc,age         ] GC(44) Desired survivor size 219152384 bytes, new threshold 15 (max threshold 15)
[834.774s][info ][gc,heap        ] GC(44) PSYoungGen: 1633408K(1844736K)->26512K(1883136K) Eden: 1606656K(1606656K)->0K(1657344K) From: 26752K(238080K)->26512K(225792K)
[834.774s][info ][gc,heap        ] GC(44) ParOldGen: 247967K(376832K)->248039K(376832K)
[834.774s][info ][gc,metaspace   ] GC(44) Metaspace: 78389K(79296K)->78389K(79296K) NonClass: 67149K(67648K)->67149K(67648K) Class: 11240K(11648K)->11240K(11648K)
[834.774s][info ][gc             ] GC(44) Pause Young (Allocation Failure) 1837M->268M(2207M) 8.717ms
[834.774s][info ][gc,cpu         ] GC(44) User=0.03s Sys=0.00s Real=0.01s
[834.774s][info ][safepoint      ] Safepoint "ParallelGCFailedAllocation", Time since last: 35496620070 ns, Reaching safepoint: 23200 ns, At safepoint: 8783334 ns, Total: 8806534 ns
[852.775s][info ][safepoint      ] Safepoint "Cleanup", Time since last: 18001164580 ns, Reaching safepoint: 30200 ns, At safepoint: 25401 ns, Total: 55601 ns
[854.775s][info ][safepoint      ] Safepoint "Cleanup", Time since last: 2000155890 ns, Reaching safepoint: 48501 ns, At safepoint: 3900 ns, Total: 52401 ns
[861.776s][info ][safepoint      ] Safepoint "Cleanup", Time since last: 7000435035 ns, Reaching safepoint: 38701 ns, At safepoint: 2000 ns, Total: 40701 ns
[865.776s][info ][safepoint      ] Safepoint "Cleanup", Time since last: 4000246592 ns, Reaching safepoint: 34001 ns, At safepoint: 4600 ns, Total: 38601 ns
[871.266s][info ][gc,start       ] GC(45) Pause Young (Allocation Failure)
[871.274s][debug][gc,phases      ] GC(45) Scavenge 8.330ms
[871.275s][debug][gc,ref         ] GC(45) Skipped phase 1 of Reference Processing: no references
[871.275s][debug][gc,ref         ] GC(45) ReferenceProcessor::execute queues: 1, RefProcThreadModel::Single, marks_oops_alive: false
[871.275s][debug][gc,ref         ] GC(45) Skipped phase 3 of Reference Processing: no references
[871.275s][debug][gc,ref         ] GC(45) Skipped phase 4 of Reference Processing: no references
[871.275s][debug][gc,phases      ] GC(45) Reference Processing 0.109ms
[871.275s][debug][gc,phases      ] GC(45)   VM Weak                        Min:  0.0, Avg:  0.0, Max:  0.0, Diff:  0.0, Sum:  0.0, Workers: 4
[871.275s][debug][gc,phases      ] GC(45)     Dead                           Min: 0, Avg:  0.0, Max: 0, Diff: 0, Sum: 0, Workers: 4
[871.275s][debug][gc,phases      ] GC(45)     Total                          Min: 0, Avg: 178.0, Max: 704, Diff: 704, Sum: 712, Workers: 4
[871.275s][debug][gc,phases      ] GC(45)   ObjectSynchronizer Weak        Min:  0.0, Avg:  0.0, Max:  0.0, Diff:  0.0, Sum:  0.0, Workers: 4
[871.275s][debug][gc,phases      ] GC(45)     Dead                           Min: 0, Avg:  0.0, Max: 0, Diff: 0, Sum: 0, Workers: 4
[871.275s][debug][gc,phases      ] GC(45)     Total                          Min: 0, Avg: 12.2, Max: 49, Diff: 49, Sum: 49, Workers: 4
[871.275s][debug][gc,phases      ] GC(45)   JVMTI Tag Weak OopStorage      Min:  0.0, Avg:  0.0, Max:  0.0, Diff:  0.0, Sum:  0.0, Workers: 4
[871.275s][debug][gc,phases      ] GC(45)     Dead                           Min: 0, Avg:  0.0, Max: 0, Diff: 0, Sum: 0, Workers: 4
[871.275s][debug][gc,phases      ] GC(45)     Total                          Min: 0, Avg:  0.0, Max: 0, Diff: 0, Sum: 0, Workers: 4
[871.275s][debug][gc,phases      ] GC(45)   StringTable Weak               Min:  0.0, Avg:  0.1, Max:  0.1, Diff:  0.1, Sum:  0.4, Workers: 4
[871.275s][debug][gc,phases      ] GC(45)     Dead                           Min: 0, Avg:  0.0, Max: 0, Diff: 0, Sum: 0, Workers: 4
[871.275s][debug][gc,phases      ] GC(45)     Total                          Min: 0, Avg: 10750.2, Max: 17984, Diff: 17984, Sum: 43001, Workers: 4
[871.275s][debug][gc,phases      ] GC(45)   ResolvedMethodTable Weak       Min:  0.0, Avg:  0.0, Max:  0.1, Diff:  0.1, Sum:  0.1, Workers: 4
[871.275s][debug][gc,phases      ] GC(45)     Dead                           Min: 0, Avg:  0.0, Max: 0, Diff: 0, Sum: 0, Workers: 4
[871.275s][debug][gc,phases      ] GC(45)     Total                          Min: 0, Avg: 2122.8, Max: 3947, Diff: 3947, Sum: 8491, Workers: 4
[871.275s][debug][gc,phases      ] GC(45)   JNI Weak                       Min:  0.0, Avg:  0.0, Max:  0.0, Diff:  0.0, Sum:  0.0, Workers: 4
[871.275s][debug][gc,phases      ] GC(45)     Dead                           Min: 0, Avg:  0.0, Max: 0, Diff: 0, Sum: 0, Workers: 4
[871.275s][debug][gc,phases      ] GC(45)     Total                          Min: 0, Avg: 11.2, Max: 45, Diff: 45, Sum: 45, Workers: 4
[871.275s][debug][gc,phases      ] GC(45)   StringDedup Table Weak         Min:  0.0, Avg:  0.0, Max:  0.0, Diff:  0.0, Sum:  0.0, Workers: 4
[871.275s][debug][gc,phases      ] GC(45)     Dead                           Min: 0, Avg:  0.0, Max: 0, Diff: 0, Sum: 0, Workers: 4
[871.275s][debug][gc,phases      ] GC(45)     Total                          Min: 0, Avg:  0.0, Max: 0, Diff: 0, Sum: 0, Workers: 4
[871.275s][debug][gc,phases      ] GC(45)   StringDedup Requests0 Weak     Min:  0.0, Avg:  0.0, Max:  0.0, Diff:  0.0, Sum:  0.0, Workers: 4
[871.275s][debug][gc,phases      ] GC(45)     Dead                           Min: 0, Avg:  0.0, Max: 0, Diff: 0, Sum: 0, Workers: 4
[871.275s][debug][gc,phases      ] GC(45)     Total                          Min: 0, Avg:  0.0, Max: 0, Diff: 0, Sum: 0, Workers: 4
[871.275s][debug][gc,phases      ] GC(45)   StringDedup Requests1 Weak     Min:  0.0, Avg:  0.0, Max:  0.0, Diff:  0.0, Sum:  0.0, Workers: 4
[871.275s][debug][gc,phases      ] GC(45)     Dead                           Min: 0, Avg:  0.0, Max: 0, Diff: 0, Sum: 0, Workers: 4
[871.275s][debug][gc,phases      ] GC(45)     Total                          Min: 0, Avg:  0.0, Max: 0, Diff: 0, Sum: 0, Workers: 4
[871.275s][debug][gc,phases      ] GC(45)   Weak JFR Old Object Samples    Min:  0.0, Avg:  0.0, Max:  0.0, Diff:  0.0, Sum:  0.0, Workers: 4
[871.275s][debug][gc,phases      ] GC(45)     Dead                           Min: 0, Avg:  0.0, Max: 0, Diff: 0, Sum: 0, Workers: 4
[871.275s][debug][gc,phases      ] GC(45)     Total                          Min: 0, Avg:  0.0, Max: 0, Diff: 0, Sum: 0, Workers: 4
[871.275s][debug][gc,phases      ] GC(45) Weak Processing 0.361ms
[871.275s][debug][gc,age         ] GC(45) Desired survivor size 207093760 bytes, new threshold 15 (max threshold 15)
[871.275s][info ][gc,heap        ] GC(45) PSYoungGen: 1683856K(1883136K)->26528K(1871360K) Eden: 1657344K(1657344K)->0K(1657344K) From: 26512K(225792K)->26528K(214016K)
[871.275s][info ][gc,heap        ] GC(45) ParOldGen: 248039K(376832K)->248103K(376832K)
[871.275s][info ][gc,metaspace   ] GC(45) Metaspace: 78391K(79296K)->78391K(79296K) NonClass: 67151K(67648K)->67151K(67648K) Class: 11240K(11648K)->11240K(11648K)
[871.275s][info ][gc             ] GC(45) Pause Young (Allocation Failure) 1886M->268M(2195M) 8.905ms
[871.275s][info ][gc,cpu         ] GC(45) User=0.04s Sys=0.00s Real=0.01s
[871.275s][info ][safepoint      ] Safepoint "ParallelGCFailedAllocation", Time since last: 5489869460 ns, Reaching safepoint: 30401 ns, At safepoint: 8987336 ns, Total: 9017737 ns
[884.276s][info ][safepoint      ] Safepoint "Cleanup", Time since last: 13000780861 ns, Reaching safepoint: 37700 ns, At safepoint: 2500 ns, Total: 40200 ns
[907.716s][info ][gc,start       ] GC(46) Pause Young (Allocation Failure)
[907.725s][debug][gc,phases      ] GC(46) Scavenge 8.901ms
[907.725s][debug][gc,ref         ] GC(46) Skipped phase 1 of Reference Processing: no references
[907.725s][debug][gc,ref         ] GC(46) ReferenceProcessor::execute queues: 1, RefProcThreadModel::Single, marks_oops_alive: false
[907.725s][debug][gc,ref         ] GC(46) Skipped phase 3 of Reference Processing: no references
[907.725s][debug][gc,ref         ] GC(46) ReferenceProcessor::execute queues: 1, RefProcThreadModel::Single, marks_oops_alive: false
[907.725s][debug][gc,phases      ] GC(46) Reference Processing 0.098ms
[907.725s][debug][gc,phases      ] GC(46)   VM Weak                        Min:  0.0, Avg:  0.0, Max:  0.0, Diff:  0.0, Sum:  0.0, Workers: 4
[907.725s][debug][gc,phases      ] GC(46)     Dead                           Min: 0, Avg:  0.0, Max: 0, Diff: 0, Sum: 0, Workers: 4
[907.725s][debug][gc,phases      ] GC(46)     Total                          Min: 64, Avg: 178.0, Max: 328, Diff: 264, Sum: 712, Workers: 4
[907.725s][debug][gc,phases      ] GC(46)   ObjectSynchronizer Weak        Min:  0.0, Avg:  0.0, Max:  0.0, Diff:  0.0, Sum:  0.0, Workers: 4
[907.725s][debug][gc,phases      ] GC(46)     Dead                           Min: 0, Avg:  0.0, Max: 0, Diff: 0, Sum: 0, Workers: 4
[907.725s][debug][gc,phases      ] GC(46)     Total                          Min: 0, Avg: 12.2, Max: 49, Diff: 49, Sum: 49, Workers: 4
[907.725s][debug][gc,phases      ] GC(46)   JVMTI Tag Weak OopStorage      Min:  0.0, Avg:  0.0, Max:  0.0, Diff:  0.0, Sum:  0.0, Workers: 4
[907.725s][debug][gc,phases      ] GC(46)     Dead                           Min: 0, Avg:  0.0, Max: 0, Diff: 0, Sum: 0, Workers: 4
[907.725s][debug][gc,phases      ] GC(46)     Total                          Min: 0, Avg:  0.0, Max: 0, Diff: 0, Sum: 0, Workers: 4
[907.725s][debug][gc,phases      ] GC(46)   StringTable Weak               Min:  0.1, Avg:  0.1, Max:  0.1, Diff:  0.0, Sum:  0.4, Workers: 4
[907.725s][debug][gc,phases      ] GC(46)     Dead                           Min: 0, Avg:  0.0, Max: 0, Diff: 0, Sum: 0, Workers: 4
[907.725s][debug][gc,phases      ] GC(46)     Total                          Min: 10560, Avg: 10750.2, Max: 10874, Diff: 314, Sum: 43001, Workers: 4
[907.725s][debug][gc,phases      ] GC(46)   ResolvedMethodTable Weak       Min:  0.0, Avg:  0.0, Max:  0.0, Diff:  0.0, Sum:  0.1, Workers: 4
[907.725s][debug][gc,phases      ] GC(46)     Dead                           Min: 0, Avg:  0.0, Max: 0, Diff: 0, Sum: 0, Workers: 4
[907.725s][debug][gc,phases      ] GC(46)     Total                          Min: 1984, Avg: 2122.8, Max: 2347, Diff: 363, Sum: 8491, Workers: 4
[907.725s][debug][gc,phases      ] GC(46)   JNI Weak                       Min:  0.0, Avg:  0.0, Max:  0.0, Diff:  0.0, Sum:  0.0, Workers: 4
[907.725s][debug][gc,phases      ] GC(46)     Dead                           Min: 0, Avg:  0.0, Max: 0, Diff: 0, Sum: 0, Workers: 4
[907.725s][debug][gc,phases      ] GC(46)     Total                          Min: 0, Avg: 11.2, Max: 45, Diff: 45, Sum: 45, Workers: 4
[907.725s][debug][gc,phases      ] GC(46)   StringDedup Table Weak         Min:  0.0, Avg:  0.0, Max:  0.0, Diff:  0.0, Sum:  0.0, Workers: 4
[907.725s][debug][gc,phases      ] GC(46)     Dead                           Min: 0, Avg:  0.0, Max: 0, Diff: 0, Sum: 0, Workers: 4
[907.725s][debug][gc,phases      ] GC(46)     Total                          Min: 0, Avg:  0.0, Max: 0, Diff: 0, Sum: 0, Workers: 4
[907.725s][debug][gc,phases      ] GC(46)   StringDedup Requests0 Weak     Min:  0.0, Avg:  0.0, Max:  0.0, Diff:  0.0, Sum:  0.0, Workers: 4
[907.725s][debug][gc,phases      ] GC(46)     Dead                           Min: 0, Avg:  0.0, Max: 0, Diff: 0, Sum: 0, Workers: 4
[907.725s][debug][gc,phases      ] GC(46)     Total                          Min: 0, Avg:  0.0, Max: 0, Diff: 0, Sum: 0, Workers: 4
[907.725s][debug][gc,phases      ] GC(46)   StringDedup Requests1 Weak     Min:  0.0, Avg:  0.0, Max:  0.0, Diff:  0.0, Sum:  0.0, Workers: 4
[907.725s][debug][gc,phases      ] GC(46)     Dead                           Min: 0, Avg:  0.0, Max: 0, Diff: 0, Sum: 0, Workers: 4
[907.725s][debug][gc,phases      ] GC(46)     Total                          Min: 0, Avg:  0.0, Max: 0, Diff: 0, Sum: 0, Workers: 4
[907.725s][debug][gc,phases      ] GC(46)   Weak JFR Old Object Samples    Min:  0.0, Avg:  0.0, Max:  0.0, Diff:  0.0, Sum:  0.0, Workers: 4
[907.725s][debug][gc,phases      ] GC(46)     Dead                           Min: 0, Avg:  0.0, Max: 0, Diff: 0, Sum: 0, Workers: 4
[907.725s][debug][gc,phases      ] GC(46)     Total                          Min: 0, Avg:  0.0, Max: 0, Diff: 0, Sum: 0, Workers: 4
[907.725s][debug][gc,phases      ] GC(46) Weak Processing 0.295ms
[907.725s][debug][gc,age         ] GC(46) Desired survivor size 195559424 bytes, new threshold 15 (max threshold 15)
[907.725s][info ][gc,heap        ] GC(46) PSYoungGen: 1683872K(1871360K)->26464K(1906176K) Eden: 1657344K(1657344K)->0K(1703936K) From: 26528K(214016K)->26464K(202240K)
[907.725s][info ][gc,heap        ] GC(46) ParOldGen: 248103K(376832K)->248231K(376832K)
[907.725s][info ][gc,metaspace   ] GC(46) Metaspace: 78391K(79296K)->78391K(79296K) NonClass: 67151K(67648K)->67151K(67648K) Class: 11240K(11648K)->11240K(11648K)
[907.725s][info ][gc             ] GC(46) Pause Young (Allocation Failure) 1886M->268M(2229M) 9.411ms
[907.725s][info ][gc,cpu         ] GC(46) User=0.03s Sys=0.00s Real=0.00s
[907.725s][info ][safepoint      ] Safepoint "ParallelGCFailedAllocation", Time since last: 23439992765 ns, Reaching safepoint: 24600 ns, At safepoint: 9496641 ns, Total: 9521241 ns
[917.726s][info ][safepoint      ] Safepoint "Cleanup", Time since last: 10000651412 ns, Reaching safepoint: 40501 ns, At safepoint: 2700 ns, Total: 43201 ns
[931.727s][info ][safepoint      ] Safepoint "Cleanup", Time since last: 14000896726 ns, Reaching safepoint: 36700 ns, At safepoint: 2800 ns, Total: 39500 ns
[932.727s][info ][safepoint      ] Safepoint "Cleanup", Time since last: 1000099403 ns, Reaching safepoint: 34800 ns, At safepoint: 2700 ns, Total: 37500 ns
[941.728s][info ][safepoint      ] Safepoint "Cleanup", Time since last: 9000589692 ns, Reaching safepoint: 44101 ns, At safepoint: 2900 ns, Total: 47001 ns
[943.728s][info ][safepoint      ] Safepoint "Cleanup", Time since last: 2000163524 ns, Reaching safepoint: 45401 ns, At safepoint: 2300 ns, Total: 47701 ns
[944.966s][info ][gc,start       ] GC(47) Pause Young (Allocation Failure)
[944.974s][debug][gc,phases      ] GC(47) Scavenge 8.507ms
[944.974s][debug][gc,ref         ] GC(47) Skipped phase 1 of Reference Processing: no references
[944.974s][debug][gc,ref         ] GC(47) ReferenceProcessor::execute queues: 1, RefProcThreadModel::Single, marks_oops_alive: false
[944.974s][debug][gc,ref         ] GC(47) Skipped phase 3 of Reference Processing: no references
[944.974s][debug][gc,ref         ] GC(47) ReferenceProcessor::execute queues: 1, RefProcThreadModel::Single, marks_oops_alive: false
[944.974s][debug][gc,phases      ] GC(47) Reference Processing 0.099ms
[944.975s][debug][gc,phases      ] GC(47)   VM Weak                        Min:  0.0, Avg:  0.0, Max:  0.0, Diff:  0.0, Sum:  0.0, Workers: 4
[944.975s][debug][gc,phases      ] GC(47)     Dead                           Min: 0, Avg:  0.0, Max: 0, Diff: 0, Sum: 0, Workers: 4
[944.975s][debug][gc,phases      ] GC(47)     Total                          Min: 0, Avg: 178.0, Max: 648, Diff: 648, Sum: 712, Workers: 4
[944.975s][debug][gc,phases      ] GC(47)   ObjectSynchronizer Weak        Min:  0.0, Avg:  0.0, Max:  0.0, Diff:  0.0, Sum:  0.0, Workers: 4
[944.975s][debug][gc,phases      ] GC(47)     Dead                           Min: 0, Avg:  0.0, Max: 0, Diff: 0, Sum: 0, Workers: 4
[944.975s][debug][gc,phases      ] GC(47)     Total                          Min: 0, Avg: 12.2, Max: 49, Diff: 49, Sum: 49, Workers: 4
[944.975s][debug][gc,phases      ] GC(47)   JVMTI Tag Weak OopStorage      Min:  0.0, Avg:  0.0, Max:  0.0, Diff:  0.0, Sum:  0.0, Workers: 4
[944.975s][debug][gc,phases      ] GC(47)     Dead                           Min: 0, Avg:  0.0, Max: 0, Diff: 0, Sum: 0, Workers: 4
[944.975s][debug][gc,phases      ] GC(47)     Total                          Min: 0, Avg:  0.0, Max: 0, Diff: 0, Sum: 0, Workers: 4
[944.975s][debug][gc,phases      ] GC(47)   StringTable Weak               Min:  0.0, Avg:  0.1, Max:  0.1, Diff:  0.1, Sum:  0.4, Workers: 4
[944.975s][debug][gc,phases      ] GC(47)     Dead                           Min: 0, Avg:  0.2, Max: 1, Diff: 1, Sum: 1, Workers: 4
[944.975s][debug][gc,phases      ] GC(47)     Total                          Min: 0, Avg: 10751.2, Max: 20159, Diff: 20159, Sum: 43005, Workers: 4
[944.975s][debug][gc,phases      ] GC(47)   ResolvedMethodTable Weak       Min:  0.0, Avg:  0.0, Max:  0.0, Diff:  0.0, Sum:  0.1, Workers: 4
[944.975s][debug][gc,phases      ] GC(47)     Dead                           Min: 0, Avg:  0.0, Max: 0, Diff: 0, Sum: 0, Workers: 4
[944.975s][debug][gc,phases      ] GC(47)     Total                          Min: 0, Avg: 2123.5, Max: 3566, Diff: 3566, Sum: 8494, Workers: 4
[944.975s][debug][gc,phases      ] GC(47)   JNI Weak                       Min:  0.0, Avg:  0.0, Max:  0.0, Diff:  0.0, Sum:  0.0, Workers: 4
[944.975s][debug][gc,phases      ] GC(47)     Dead                           Min: 0, Avg:  0.0, Max: 0, Diff: 0, Sum: 0, Workers: 4
[944.975s][debug][gc,phases      ] GC(47)     Total                          Min: 0, Avg: 11.2, Max: 45, Diff: 45, Sum: 45, Workers: 4
[944.975s][debug][gc,phases      ] GC(47)   StringDedup Table Weak         Min:  0.0, Avg:  0.0, Max:  0.0, Diff:  0.0, Sum:  0.0, Workers: 4
[944.975s][debug][gc,phases      ] GC(47)     Dead                           Min: 0, Avg:  0.0, Max: 0, Diff: 0, Sum: 0, Workers: 4
[944.975s][debug][gc,phases      ] GC(47)     Total                          Min: 0, Avg:  0.0, Max: 0, Diff: 0, Sum: 0, Workers: 4
[944.975s][debug][gc,phases      ] GC(47)   StringDedup Requests0 Weak     Min:  0.0, Avg:  0.0, Max:  0.0, Diff:  0.0, Sum:  0.0, Workers: 4
[944.975s][debug][gc,phases      ] GC(47)     Dead                           Min: 0, Avg:  0.0, Max: 0, Diff: 0, Sum: 0, Workers: 4
[944.975s][debug][gc,phases      ] GC(47)     Total                          Min: 0, Avg:  0.0, Max: 0, Diff: 0, Sum: 0, Workers: 4
[944.975s][debug][gc,phases      ] GC(47)   StringDedup Requests1 Weak     Min:  0.0, Avg:  0.0, Max:  0.0, Diff:  0.0, Sum:  0.0, Workers: 4
[944.975s][debug][gc,phases      ] GC(47)     Dead                           Min: 0, Avg:  0.0, Max: 0, Diff: 0, Sum: 0, Workers: 4
[944.975s][debug][gc,phases      ] GC(47)     Total                          Min: 0, Avg:  0.0, Max: 0, Diff: 0, Sum: 0, Workers: 4
[944.975s][debug][gc,phases      ] GC(47)   Weak JFR Old Object Samples    Min:  0.0, Avg:  0.0, Max:  0.0, Diff:  0.0, Sum:  0.0, Workers: 4
[944.975s][debug][gc,phases      ] GC(47)     Dead                           Min: 0, Avg:  0.0, Max: 0, Diff: 0, Sum: 0, Workers: 4
[944.975s][debug][gc,phases      ] GC(47)     Total                          Min: 0, Avg:  0.0, Max: 0, Diff: 0, Sum: 0, Workers: 4
[944.975s][debug][gc,phases      ] GC(47) Weak Processing 0.324ms
[944.975s][debug][gc,age         ] GC(47) Desired survivor size 185073664 bytes, new threshold 15 (max threshold 15)
[944.975s][info ][gc,heap        ] GC(47) PSYoungGen: 1730400K(1906176K)->26160K(1894912K) Eden: 1703936K(1703936K)->0K(1703936K) From: 26464K(202240K)->26160K(190976K)
[944.975s][info ][gc,heap        ] GC(47) ParOldGen: 248231K(376832K)->248503K(376832K)
[944.975s][info ][gc,metaspace   ] GC(47) Metaspace: 78412K(79296K)->78412K(79296K) NonClass: 67169K(67648K)->67169K(67648K) Class: 11242K(11648K)->11242K(11648K)
[944.975s][info ][gc             ] GC(47) Pause Young (Allocation Failure) 1932M->268M(2218M) 9.050ms
[944.975s][info ][gc,cpu         ] GC(47) User=0.04s Sys=0.00s Real=0.01s
[944.975s][info ][safepoint      ] Safepoint "ParallelGCFailedAllocation", Time since last: 1237747185 ns, Reaching safepoint: 26600 ns, At safepoint: 9118833 ns, Total: 9145433 ns
[945.975s][info ][safepoint      ] Safepoint "Cleanup", Time since last: 1000077879 ns, Reaching safepoint: 37000 ns, At safepoint: 2100 ns, Total: 39100 ns
[959.976s][info ][safepoint      ] Safepoint "Cleanup", Time since last: 14000910207 ns, Reaching safepoint: 30800 ns, At safepoint: 3600 ns, Total: 34400 ns
[968.977s][info ][safepoint      ] Safepoint "Cleanup", Time since last: 9000583101 ns, Reaching safepoint: 40101 ns, At safepoint: 3300 ns, Total: 43401 ns
[982.207s][info ][gc,start       ] GC(48) Pause Young (Allocation Failure)
[982.215s][debug][gc,phases      ] GC(48) Scavenge 8.824ms
[982.215s][debug][gc,ref         ] GC(48) Skipped phase 1 of Reference Processing: no references
[982.215s][debug][gc,ref         ] GC(48) ReferenceProcessor::execute queues: 1, RefProcThreadModel::Single, marks_oops_alive: false
[982.215s][debug][gc,ref         ] GC(48) Skipped phase 3 of Reference Processing: no references
[982.216s][debug][gc,ref         ] GC(48) ReferenceProcessor::execute queues: 1, RefProcThreadModel::Single, marks_oops_alive: false
[982.216s][debug][gc,phases      ] GC(48) Reference Processing 0.107ms
[982.216s][debug][gc,phases      ] GC(48)   VM Weak                        Min:  0.0, Avg:  0.0, Max:  0.0, Diff:  0.0, Sum:  0.0, Workers: 4
[982.216s][debug][gc,phases      ] GC(48)     Dead                           Min: 0, Avg:  0.0, Max: 0, Diff: 0, Sum: 0, Workers: 4
[982.216s][debug][gc,phases      ] GC(48)     Total                          Min: 0, Avg: 178.0, Max: 456, Diff: 456, Sum: 712, Workers: 4
[982.216s][debug][gc,phases      ] GC(48)   ObjectSynchronizer Weak        Min:  0.0, Avg:  0.0, Max:  0.0, Diff:  0.0, Sum:  0.0, Workers: 4
[982.216s][debug][gc,phases      ] GC(48)     Dead                           Min: 0, Avg:  0.0, Max: 0, Diff: 0, Sum: 0, Workers: 4
[982.216s][debug][gc,phases      ] GC(48)     Total                          Min: 0, Avg: 12.2, Max: 49, Diff: 49, Sum: 49, Workers: 4
[982.216s][debug][gc,phases      ] GC(48)   JVMTI Tag Weak OopStorage      Min:  0.0, Avg:  0.0, Max:  0.0, Diff:  0.0, Sum:  0.0, Workers: 4
[982.216s][debug][gc,phases      ] GC(48)     Dead                           Min: 0, Avg:  0.0, Max: 0, Diff: 0, Sum: 0, Workers: 4
[982.216s][debug][gc,phases      ] GC(48)     Total                          Min: 0, Avg:  0.0, Max: 0, Diff: 0, Sum: 0, Workers: 4
[982.216s][debug][gc,phases      ] GC(48)   StringTable Weak               Min:  0.0, Avg:  0.1, Max:  0.1, Diff:  0.1, Sum:  0.4, Workers: 4
[982.216s][debug][gc,phases      ] GC(48)     Dead                           Min: 0, Avg:  0.0, Max: 0, Diff: 0, Sum: 0, Workers: 4
[982.216s][debug][gc,phases      ] GC(48)     Total                          Min: 576, Avg: 10751.2, Max: 17408, Diff: 16832, Sum: 43005, Workers: 4
[982.216s][debug][gc,phases      ] GC(48)   ResolvedMethodTable Weak       Min:  0.0, Avg:  0.0, Max:  0.0, Diff:  0.0, Sum:  0.1, Workers: 4
[982.216s][debug][gc,phases      ] GC(48)     Dead                           Min: 0, Avg:  0.0, Max: 0, Diff: 0, Sum: 0, Workers: 4
[982.216s][debug][gc,phases      ] GC(48)     Total                          Min: 2048, Avg: 2123.5, Max: 2176, Diff: 128, Sum: 8494, Workers: 4
[982.216s][debug][gc,phases      ] GC(48)   JNI Weak                       Min:  0.0, Avg:  0.0, Max:  0.0, Diff:  0.0, Sum:  0.0, Workers: 4
[982.216s][debug][gc,phases      ] GC(48)     Dead                           Min: 0, Avg:  0.0, Max: 0, Diff: 0, Sum: 0, Workers: 4
[982.216s][debug][gc,phases      ] GC(48)     Total                          Min: 0, Avg: 11.2, Max: 45, Diff: 45, Sum: 45, Workers: 4
[982.216s][debug][gc,phases      ] GC(48)   StringDedup Table Weak         Min:  0.0, Avg:  0.0, Max:  0.0, Diff:  0.0, Sum:  0.0, Workers: 4
[982.216s][debug][gc,phases      ] GC(48)     Dead                           Min: 0, Avg:  0.0, Max: 0, Diff: 0, Sum: 0, Workers: 4
[982.216s][debug][gc,phases      ] GC(48)     Total                          Min: 0, Avg:  0.0, Max: 0, Diff: 0, Sum: 0, Workers: 4
[982.216s][debug][gc,phases      ] GC(48)   StringDedup Requests0 Weak     Min:  0.0, Avg:  0.0, Max:  0.0, Diff:  0.0, Sum:  0.0, Workers: 4
[982.216s][debug][gc,phases      ] GC(48)     Dead                           Min: 0, Avg:  0.0, Max: 0, Diff: 0, Sum: 0, Workers: 4
[982.216s][debug][gc,phases      ] GC(48)     Total                          Min: 0, Avg:  0.0, Max: 0, Diff: 0, Sum: 0, Workers: 4
[982.216s][debug][gc,phases      ] GC(48)   StringDedup Requests1 Weak     Min:  0.0, Avg:  0.0, Max:  0.0, Diff:  0.0, Sum:  0.0, Workers: 4
[982.216s][debug][gc,phases      ] GC(48)     Dead                           Min: 0, Avg:  0.0, Max: 0, Diff: 0, Sum: 0, Workers: 4
[982.216s][debug][gc,phases      ] GC(48)     Total                          Min: 0, Avg:  0.0, Max: 0, Diff: 0, Sum: 0, Workers: 4
[982.216s][debug][gc,phases      ] GC(48)   Weak JFR Old Object Samples    Min:  0.0, Avg:  0.0, Max:  0.0, Diff:  0.0, Sum:  0.0, Workers: 4
[982.216s][debug][gc,phases      ] GC(48)     Dead                           Min: 0, Avg:  0.0, Max: 0, Diff: 0, Sum: 0, Workers: 4
[982.216s][debug][gc,phases      ] GC(48)     Total                          Min: 0, Avg:  0.0, Max: 0, Diff: 0, Sum: 0, Workers: 4
[982.216s][debug][gc,phases      ] GC(48) Weak Processing 0.324ms
[982.216s][debug][gc,age         ] GC(48) Desired survivor size 174587904 bytes, new threshold 15 (max threshold 15)
[982.216s][info ][gc,heap        ] GC(48) PSYoungGen: 1730096K(1894912K)->26240K(1926656K) Eden: 1703936K(1703936K)->0K(1745920K) From: 26160K(190976K)->26240K(180736K)
[982.216s][info ][gc,heap        ] GC(48) ParOldGen: 248503K(376832K)->248511K(376832K)
[982.216s][info ][gc,metaspace   ] GC(48) Metaspace: 78412K(79296K)->78412K(79296K) NonClass: 67170K(67648K)->67170K(67648K) Class: 11242K(11648K)->11242K(11648K)
[982.216s][info ][gc             ] GC(48) Pause Young (Allocation Failure) 1932M->268M(2249M) 9.373ms
[982.216s][info ][gc,cpu         ] GC(48) User=0.03s Sys=0.00s Real=0.02s
[982.216s][info ][safepoint      ] Safepoint "ParallelGCFailedAllocation", Time since last: 13229794619 ns, Reaching safepoint: 111801 ns, At safepoint: 9436425 ns, Total: 9548226 ns
[1020.966s][info ][gc,start       ] GC(49) Pause Young (Allocation Failure)
[1020.974s][debug][gc,phases      ] GC(49) Scavenge 7.902ms
[1020.974s][debug][gc,ref         ] GC(49) Skipped phase 1 of Reference Processing: no references
[1020.974s][debug][gc,ref         ] GC(49) ReferenceProcessor::execute queues: 1, RefProcThreadModel::Single, marks_oops_alive: false
[1020.974s][debug][gc,ref         ] GC(49) Skipped phase 3 of Reference Processing: no references
[1020.974s][debug][gc,ref         ] GC(49) ReferenceProcessor::execute queues: 1, RefProcThreadModel::Single, marks_oops_alive: false
[1020.974s][debug][gc,phases      ] GC(49) Reference Processing 0.099ms
[1020.974s][debug][gc,phases      ] GC(49)   VM Weak                        Min:  0.0, Avg:  0.0, Max:  0.0, Diff:  0.0, Sum:  0.0, Workers: 4
[1020.974s][debug][gc,phases      ] GC(49)     Dead                           Min: 0, Avg:  0.0, Max: 0, Diff: 0, Sum: 0, Workers: 4
[1020.974s][debug][gc,phases      ] GC(49)     Total                          Min: 0, Avg: 178.0, Max: 384, Diff: 384, Sum: 712, Workers: 4
[1020.974s][debug][gc,phases      ] GC(49)   ObjectSynchronizer Weak        Min:  0.0, Avg:  0.0, Max:  0.0, Diff:  0.0, Sum:  0.0, Workers: 4
[1020.974s][debug][gc,phases      ] GC(49)     Dead                           Min: 0, Avg:  0.0, Max: 0, Diff: 0, Sum: 0, Workers: 4
[1020.974s][debug][gc,phases      ] GC(49)     Total                          Min: 0, Avg: 12.2, Max: 49, Diff: 49, Sum: 49, Workers: 4
[1020.974s][debug][gc,phases      ] GC(49)   JVMTI Tag Weak OopStorage      Min:  0.0, Avg:  0.0, Max:  0.0, Diff:  0.0, Sum:  0.0, Workers: 4
[1020.974s][debug][gc,phases      ] GC(49)     Dead                           Min: 0, Avg:  0.0, Max: 0, Diff: 0, Sum: 0, Workers: 4
[1020.974s][debug][gc,phases      ] GC(49)     Total                          Min: 0, Avg:  0.0, Max: 0, Diff: 0, Sum: 0, Workers: 4
[1020.974s][debug][gc,phases      ] GC(49)   StringTable Weak               Min:  0.0, Avg:  0.1, Max:  0.1, Diff:  0.1, Sum:  0.3, Workers: 4
[1020.974s][debug][gc,phases      ] GC(49)     Dead                           Min: 0, Avg:  0.0, Max: 0, Diff: 0, Sum: 0, Workers: 4
[1020.974s][debug][gc,phases      ] GC(49)     Total                          Min: 0, Avg: 10751.2, Max: 18367, Diff: 18367, Sum: 43005, Workers: 4
[1020.974s][debug][gc,phases      ] GC(49)   ResolvedMethodTable Weak       Min:  0.0, Avg:  0.0, Max:  0.0, Diff:  0.0, Sum:  0.1, Workers: 4
[1020.974s][debug][gc,phases      ] GC(49)     Dead                           Min: 0, Avg:  0.0, Max: 0, Diff: 0, Sum: 0, Workers: 4
[1020.974s][debug][gc,phases      ] GC(49)     Total                          Min: 0, Avg: 2123.5, Max: 3694, Diff: 3694, Sum: 8494, Workers: 4
[1020.974s][debug][gc,phases      ] GC(49)   JNI Weak                       Min:  0.0, Avg:  0.0, Max:  0.0, Diff:  0.0, Sum:  0.0, Workers: 4
[1020.974s][debug][gc,phases      ] GC(49)     Dead                           Min: 0, Avg:  0.0, Max: 0, Diff: 0, Sum: 0, Workers: 4
[1020.974s][debug][gc,phases      ] GC(49)     Total                          Min: 0, Avg: 11.2, Max: 45, Diff: 45, Sum: 45, Workers: 4
[1020.974s][debug][gc,phases      ] GC(49)   StringDedup Table Weak         Min:  0.0, Avg:  0.0, Max:  0.0, Diff:  0.0, Sum:  0.0, Workers: 4
[1020.974s][debug][gc,phases      ] GC(49)     Dead                           Min: 0, Avg:  0.0, Max: 0, Diff: 0, Sum: 0, Workers: 4
[1020.974s][debug][gc,phases      ] GC(49)     Total                          Min: 0, Avg:  0.0, Max: 0, Diff: 0, Sum: 0, Workers: 4
[1020.974s][debug][gc,phases      ] GC(49)   StringDedup Requests0 Weak     Min:  0.0, Avg:  0.0, Max:  0.0, Diff:  0.0, Sum:  0.0, Workers: 4
[1020.974s][debug][gc,phases      ] GC(49)     Dead                           Min: 0, Avg:  0.0, Max: 0, Diff: 0, Sum: 0, Workers: 4
[1020.974s][debug][gc,phases      ] GC(49)     Total                          Min: 0, Avg:  0.0, Max: 0, Diff: 0, Sum: 0, Workers: 4
[1020.974s][debug][gc,phases      ] GC(49)   StringDedup Requests1 Weak     Min:  0.0, Avg:  0.0, Max:  0.0, Diff:  0.0, Sum:  0.0, Workers: 4
[1020.974s][debug][gc,phases      ] GC(49)     Dead                           Min: 0, Avg:  0.0, Max: 0, Diff: 0, Sum: 0, Workers: 4
[1020.974s][debug][gc,phases      ] GC(49)     Total                          Min: 0, Avg:  0.0, Max: 0, Diff: 0, Sum: 0, Workers: 4
[1020.974s][debug][gc,phases      ] GC(49)   Weak JFR Old Object Samples    Min:  0.0, Avg:  0.0, Max:  0.0, Diff:  0.0, Sum:  0.0, Workers: 4
[1020.974s][debug][gc,phases      ] GC(49)     Dead                           Min: 0, Avg:  0.0, Max: 0, Diff: 0, Sum: 0, Workers: 4
[1020.974s][debug][gc,phases      ] GC(49)     Total                          Min: 0, Avg:  0.0, Max: 0, Diff: 0, Sum: 0, Workers: 4
[1020.974s][debug][gc,phases      ] GC(49) Weak Processing 0.304ms
[1020.974s][debug][gc,age         ] GC(49) Desired survivor size 164626432 bytes, new threshold 15 (max threshold 15)
[1020.974s][info ][gc,heap        ] GC(49) PSYoungGen: 1772160K(1926656K)->26128K(1916416K) Eden: 1745920K(1745920K)->0K(1745920K) From: 26240K(180736K)->26128K(170496K)
[1020.974s][info ][gc,heap        ] GC(49) ParOldGen: 248511K(376832K)->248527K(376832K)
[1020.974s][info ][gc,metaspace   ] GC(49) Metaspace: 78413K(79296K)->78413K(79296K) NonClass: 67171K(67648K)->67171K(67648K) Class: 11242K(11648K)->11242K(11648K)
[1020.974s][info ][gc             ] GC(49) Pause Young (Allocation Failure) 1973M->268M(2239M) 8.424ms
[1020.974s][info ][gc,cpu         ] GC(49) User=0.03s Sys=0.00s Real=0.01s
[1020.974s][info ][safepoint      ] Safepoint "ParallelGCFailedAllocation", Time since last: 38750013103 ns, Reaching safepoint: 34101 ns, At safepoint: 8491619 ns, Total: 8525720 ns
[1023.975s][info ][safepoint      ] Safepoint "Cleanup", Time since last: 3000150269 ns, Reaching safepoint: 37700 ns, At safepoint: 25001 ns, Total: 62701 ns
[1024.975s][info ][safepoint      ] Safepoint "Cleanup", Time since last: 1000073956 ns, Reaching safepoint: 37801 ns, At safepoint: 3400 ns, Total: 41201 ns
[1028.975s][info ][safepoint      ] Safepoint "Cleanup", Time since last: 4000279509 ns, Reaching safepoint: 36701 ns, At safepoint: 2600 ns, Total: 39301 ns
[1035.976s][info ][safepoint      ] Safepoint "Cleanup", Time since last: 7000442791 ns, Reaching safepoint: 41200 ns, At safepoint: 2400 ns, Total: 43600 ns
[1038.976s][info ][safepoint      ] Safepoint "Cleanup", Time since last: 3000195848 ns, Reaching safepoint: 35601 ns, At safepoint: 5000 ns, Total: 40601 ns
[1052.670s][info ][safepoint      ] Safepoint "Cleanup", Time since last: 13693677416 ns, Reaching safepoint: 50500 ns, At safepoint: 2400 ns, Total: 52900 ns
[1059.016s][info ][gc,start       ] GC(50) Pause Young (Allocation Failure)
[1059.026s][debug][gc,phases      ] GC(50) Scavenge 9.572ms
[1059.026s][debug][gc,ref         ] GC(50) Skipped phase 1 of Reference Processing: no references
[1059.026s][debug][gc,ref         ] GC(50) ReferenceProcessor::execute queues: 1, RefProcThreadModel::Single, marks_oops_alive: false
[1059.026s][debug][gc,ref         ] GC(50) Skipped phase 3 of Reference Processing: no references
[1059.026s][debug][gc,ref         ] GC(50) ReferenceProcessor::execute queues: 1, RefProcThreadModel::Single, marks_oops_alive: false
[1059.026s][debug][gc,phases      ] GC(50) Reference Processing 0.101ms
[1059.026s][debug][gc,phases      ] GC(50)   VM Weak                        Min:  0.0, Avg:  0.0, Max:  0.0, Diff:  0.0, Sum:  0.0, Workers: 4
[1059.026s][debug][gc,phases      ] GC(50)     Dead                           Min: 0, Avg:  0.0, Max: 0, Diff: 0, Sum: 0, Workers: 4
[1059.026s][debug][gc,phases      ] GC(50)     Total                          Min: 0, Avg: 178.0, Max: 512, Diff: 512, Sum: 712, Workers: 4
[1059.026s][debug][gc,phases      ] GC(50)   ObjectSynchronizer Weak        Min:  0.0, Avg:  0.0, Max:  0.0, Diff:  0.0, Sum:  0.0, Workers: 4
[1059.026s][debug][gc,phases      ] GC(50)     Dead                           Min: 0, Avg:  0.0, Max: 0, Diff: 0, Sum: 0, Workers: 4
[1059.026s][debug][gc,phases      ] GC(50)     Total                          Min: 0, Avg: 12.2, Max: 49, Diff: 49, Sum: 49, Workers: 4
[1059.026s][debug][gc,phases      ] GC(50)   JVMTI Tag Weak OopStorage      Min:  0.0, Avg:  0.0, Max:  0.0, Diff:  0.0, Sum:  0.0, Workers: 4
[1059.026s][debug][gc,phases      ] GC(50)     Dead                           Min: 0, Avg:  0.0, Max: 0, Diff: 0, Sum: 0, Workers: 4
[1059.026s][debug][gc,phases      ] GC(50)     Total                          Min: 0, Avg:  0.0, Max: 0, Diff: 0, Sum: 0, Workers: 4
[1059.026s][debug][gc,phases      ] GC(50)   StringTable Weak               Min:  0.0, Avg:  0.1, Max:  0.1, Diff:  0.1, Sum:  0.4, Workers: 4
[1059.026s][debug][gc,phases      ] GC(50)     Dead                           Min: 0, Avg:  0.0, Max: 0, Diff: 0, Sum: 0, Workers: 4
[1059.026s][debug][gc,phases      ] GC(50)     Total                          Min: 0, Avg: 10751.5, Max: 18046, Diff: 18046, Sum: 43006, Workers: 4
[1059.026s][debug][gc,phases      ] GC(50)   ResolvedMethodTable Weak       Min:  0.0, Avg:  0.0, Max:  0.0, Diff:  0.0, Sum:  0.1, Workers: 4
[1059.026s][debug][gc,phases      ] GC(50)     Dead                           Min: 0, Avg:  0.0, Max: 0, Diff: 0, Sum: 0, Workers: 4
[1059.026s][debug][gc,phases      ] GC(50)     Total                          Min: 0, Avg: 2124.0, Max: 3648, Diff: 3648, Sum: 8496, Workers: 4
[1059.026s][debug][gc,phases      ] GC(50)   JNI Weak                       Min:  0.0, Avg:  0.0, Max:  0.0, Diff:  0.0, Sum:  0.0, Workers: 4
[1059.026s][debug][gc,phases      ] GC(50)     Dead                           Min: 0, Avg:  0.0, Max: 0, Diff: 0, Sum: 0, Workers: 4
[1059.026s][debug][gc,phases      ] GC(50)     Total                          Min: 0, Avg: 11.2, Max: 45, Diff: 45, Sum: 45, Workers: 4
[1059.026s][debug][gc,phases      ] GC(50)   StringDedup Table Weak         Min:  0.0, Avg:  0.0, Max:  0.0, Diff:  0.0, Sum:  0.0, Workers: 4
[1059.026s][debug][gc,phases      ] GC(50)     Dead                           Min: 0, Avg:  0.0, Max: 0, Diff: 0, Sum: 0, Workers: 4
[1059.026s][debug][gc,phases      ] GC(50)     Total                          Min: 0, Avg:  0.0, Max: 0, Diff: 0, Sum: 0, Workers: 4
[1059.026s][debug][gc,phases      ] GC(50)   StringDedup Requests0 Weak     Min:  0.0, Avg:  0.0, Max:  0.0, Diff:  0.0, Sum:  0.0, Workers: 4
[1059.026s][debug][gc,phases      ] GC(50)     Dead                           Min: 0, Avg:  0.0, Max: 0, Diff: 0, Sum: 0, Workers: 4
[1059.026s][debug][gc,phases      ] GC(50)     Total                          Min: 0, Avg:  0.0, Max: 0, Diff: 0, Sum: 0, Workers: 4
[1059.026s][debug][gc,phases      ] GC(50)   StringDedup Requests1 Weak     Min:  0.0, Avg:  0.0, Max:  0.0, Diff:  0.0, Sum:  0.0, Workers: 4
[1059.026s][debug][gc,phases      ] GC(50)     Dead                           Min: 0, Avg:  0.0, Max: 0, Diff: 0, Sum: 0, Workers: 4
[1059.026s][debug][gc,phases      ] GC(50)     Total                          Min: 0, Avg:  0.0, Max: 0, Diff: 0, Sum: 0, Workers: 4
[1059.026s][debug][gc,phases      ] GC(50)   Weak JFR Old Object Samples    Min:  0.0, Avg:  0.0, Max:  0.0, Diff:  0.0, Sum:  0.0, Workers: 4
[1059.026s][debug][gc,phases      ] GC(50)     Dead                           Min: 0, Avg:  0.0, Max: 0, Diff: 0, Sum: 0, Workers: 4
[1059.026s][debug][gc,phases      ] GC(50)     Total                          Min: 0, Avg:  0.0, Max: 0, Diff: 0, Sum: 0, Workers: 4
[1059.026s][debug][gc,phases      ] GC(50) Weak Processing 0.313ms
[1059.026s][debug][gc,age         ] GC(50) Desired survivor size 155189248 bytes, new threshold 15 (max threshold 15)
[1059.026s][info ][gc,heap        ] GC(50) PSYoungGen: 1772048K(1916416K)->26096K(1945600K) Eden: 1745920K(1745920K)->0K(1784832K) From: 26128K(170496K)->26096K(160768K)
[1059.026s][info ][gc,heap        ] GC(50) ParOldGen: 248527K(376832K)->248535K(376832K)
[1059.026s][info ][gc,metaspace   ] GC(50) Metaspace: 78418K(79296K)->78418K(79296K) NonClass: 67175K(67648K)->67175K(67648K) Class: 11242K(11648K)->11242K(11648K)
[1059.026s][info ][gc             ] GC(50) Pause Young (Allocation Failure) 1973M->268M(2268M) 10.093ms
[1059.026s][info ][gc,cpu         ] GC(50) User=0.04s Sys=0.00s Real=0.00s
[1059.026s][info ][safepoint      ] Safepoint "ParallelGCFailedAllocation", Time since last: 6346635369 ns, Reaching safepoint: 25100 ns, At safepoint: 10177843 ns, Total: 10202943 ns
[1098.310s][info ][gc,start       ] GC(51) Pause Young (Allocation Failure)
[1098.318s][debug][gc,phases      ] GC(51) Scavenge 8.025ms
[1098.318s][debug][gc,ref         ] GC(51) Skipped phase 1 of Reference Processing: no references
[1098.318s][debug][gc,ref         ] GC(51) ReferenceProcessor::execute queues: 1, RefProcThreadModel::Single, marks_oops_alive: false
[1098.318s][debug][gc,ref         ] GC(51) Skipped phase 3 of Reference Processing: no references
[1098.318s][debug][gc,ref         ] GC(51) ReferenceProcessor::execute queues: 1, RefProcThreadModel::Single, marks_oops_alive: false
[1098.318s][debug][gc,phases      ] GC(51) Reference Processing 0.092ms
[1098.318s][debug][gc,phases      ] GC(51)   VM Weak                        Min:  0.0, Avg:  0.0, Max:  0.0, Diff:  0.0, Sum:  0.0, Workers: 4
[1098.318s][debug][gc,phases      ] GC(51)     Dead                           Min: 0, Avg:  0.0, Max: 0, Diff: 0, Sum: 0, Workers: 4
[1098.318s][debug][gc,phases      ] GC(51)     Total                          Min: 0, Avg: 178.0, Max: 384, Diff: 384, Sum: 712, Workers: 4
[1098.318s][debug][gc,phases      ] GC(51)   ObjectSynchronizer Weak        Min:  0.0, Avg:  0.0, Max:  0.0, Diff:  0.0, Sum:  0.0, Workers: 4
[1098.318s][debug][gc,phases      ] GC(51)     Dead                           Min: 0, Avg:  0.0, Max: 0, Diff: 0, Sum: 0, Workers: 4
[1098.318s][debug][gc,phases      ] GC(51)     Total                          Min: 0, Avg: 12.2, Max: 49, Diff: 49, Sum: 49, Workers: 4
[1098.318s][debug][gc,phases      ] GC(51)   JVMTI Tag Weak OopStorage      Min:  0.0, Avg:  0.0, Max:  0.0, Diff:  0.0, Sum:  0.0, Workers: 4
[1098.318s][debug][gc,phases      ] GC(51)     Dead                           Min: 0, Avg:  0.0, Max: 0, Diff: 0, Sum: 0, Workers: 4
[1098.318s][debug][gc,phases      ] GC(51)     Total                          Min: 0, Avg:  0.0, Max: 0, Diff: 0, Sum: 0, Workers: 4
[1098.318s][debug][gc,phases      ] GC(51)   StringTable Weak               Min:  0.0, Avg:  0.1, Max:  0.1, Diff:  0.1, Sum:  0.3, Workers: 4
[1098.318s][debug][gc,phases      ] GC(51)     Dead                           Min: 0, Avg:  0.0, Max: 0, Diff: 0, Sum: 0, Workers: 4
[1098.318s][debug][gc,phases      ] GC(51)     Total                          Min: 0, Avg: 10751.5, Max: 18879, Diff: 18879, Sum: 43006, Workers: 4
[1098.318s][debug][gc,phases      ] GC(51)   ResolvedMethodTable Weak       Min:  0.0, Avg:  0.0, Max:  0.0, Diff:  0.0, Sum:  0.1, Workers: 4
[1098.318s][debug][gc,phases      ] GC(51)     Dead                           Min: 0, Avg:  0.0, Max: 0, Diff: 0, Sum: 0, Workers: 4
[1098.318s][debug][gc,phases      ] GC(51)     Total                          Min: 0, Avg: 2124.0, Max: 3904, Diff: 3904, Sum: 8496, Workers: 4
[1098.318s][debug][gc,phases      ] GC(51)   JNI Weak                       Min:  0.0, Avg:  0.0, Max:  0.0, Diff:  0.0, Sum:  0.0, Workers: 4
[1098.318s][debug][gc,phases      ] GC(51)     Dead                           Min: 0, Avg:  0.0, Max: 0, Diff: 0, Sum: 0, Workers: 4
[1098.319s][debug][gc,phases      ] GC(51)     Total                          Min: 0, Avg: 11.2, Max: 45, Diff: 45, Sum: 45, Workers: 4
[1098.319s][debug][gc,phases      ] GC(51)   StringDedup Table Weak         Min:  0.0, Avg:  0.0, Max:  0.0, Diff:  0.0, Sum:  0.0, Workers: 4
[1098.319s][debug][gc,phases      ] GC(51)     Dead                           Min: 0, Avg:  0.0, Max: 0, Diff: 0, Sum: 0, Workers: 4
[1098.319s][debug][gc,phases      ] GC(51)     Total                          Min: 0, Avg:  0.0, Max: 0, Diff: 0, Sum: 0, Workers: 4
[1098.319s][debug][gc,phases      ] GC(51)   StringDedup Requests0 Weak     Min:  0.0, Avg:  0.0, Max:  0.0, Diff:  0.0, Sum:  0.0, Workers: 4
[1098.319s][debug][gc,phases      ] GC(51)     Dead                           Min: 0, Avg:  0.0, Max: 0, Diff: 0, Sum: 0, Workers: 4
[1098.319s][debug][gc,phases      ] GC(51)     Total                          Min: 0, Avg:  0.0, Max: 0, Diff: 0, Sum: 0, Workers: 4
[1098.319s][debug][gc,phases      ] GC(51)   StringDedup Requests1 Weak     Min:  0.0, Avg:  0.0, Max:  0.0, Diff:  0.0, Sum:  0.0, Workers: 4
[1098.319s][debug][gc,phases      ] GC(51)     Dead                           Min: 0, Avg:  0.0, Max: 0, Diff: 0, Sum: 0, Workers: 4
[1098.319s][debug][gc,phases      ] GC(51)     Total                          Min: 0, Avg:  0.0, Max: 0, Diff: 0, Sum: 0, Workers: 4
[1098.319s][debug][gc,phases      ] GC(51)   Weak JFR Old Object Samples    Min:  0.0, Avg:  0.0, Max:  0.0, Diff:  0.0, Sum:  0.0, Workers: 4
[1098.319s][debug][gc,phases      ] GC(51)     Dead                           Min: 0, Avg:  0.0, Max: 0, Diff: 0, Sum: 0, Workers: 4
[1098.319s][debug][gc,phases      ] GC(51)     Total                          Min: 0, Avg:  0.0, Max: 0, Diff: 0, Sum: 0, Workers: 4
[1098.319s][debug][gc,phases      ] GC(51) Weak Processing 0.301ms
[1098.319s][debug][gc,age         ] GC(51) Desired survivor size 146276352 bytes, new threshold 15 (max threshold 15)
[1098.319s][info ][gc,heap        ] GC(51) PSYoungGen: 1810928K(1945600K)->26160K(1936384K) Eden: 1784832K(1784832K)->0K(1784832K) From: 26096K(160768K)->26160K(151552K)
[1098.319s][info ][gc,heap        ] GC(51) ParOldGen: 248535K(376832K)->248567K(376832K)
[1098.319s][info ][gc,metaspace   ] GC(51) Metaspace: 78419K(79296K)->78419K(79296K) NonClass: 67176K(67648K)->67176K(67648K) Class: 11242K(11648K)->11242K(11648K)
[1098.319s][info ][gc             ] GC(51) Pause Young (Allocation Failure) 2011M->268M(2259M) 8.534ms
[1098.319s][info ][gc,cpu         ] GC(51) User=0.03s Sys=0.00s Real=0.01s
[1098.319s][info ][safepoint      ] Safepoint "ParallelGCFailedAllocation", Time since last: 39283546873 ns, Reaching safepoint: 105601 ns, At safepoint: 8593519 ns, Total: 8699120 ns
[1134.321s][info ][safepoint      ] Safepoint "Cleanup", Time since last: 36002131640 ns, Reaching safepoint: 102302 ns, At safepoint: 4000 ns, Total: 106302 ns
[1136.321s][info ][safepoint      ] Safepoint "Cleanup", Time since last: 2000168891 ns, Reaching safepoint: 38201 ns, At safepoint: 3100 ns, Total: 41301 ns
[1136.904s][info ][gc,start       ] GC(52) Pause Young (Allocation Failure)
[1136.918s][debug][gc,phases      ] GC(52) Scavenge 13.652ms
[1136.918s][debug][gc,ref         ] GC(52) Skipped phase 1 of Reference Processing: no references
[1136.918s][debug][gc,ref         ] GC(52) ReferenceProcessor::execute queues: 1, RefProcThreadModel::Single, marks_oops_alive: false
[1136.918s][debug][gc,ref         ] GC(52) Skipped phase 3 of Reference Processing: no references
[1136.918s][debug][gc,ref         ] GC(52) ReferenceProcessor::execute queues: 1, RefProcThreadModel::Single, marks_oops_alive: false
[1136.918s][debug][gc,phases      ] GC(52) Reference Processing 0.093ms
[1136.918s][debug][gc,phases      ] GC(52)   VM Weak                        Min:  0.0, Avg:  0.0, Max:  0.0, Diff:  0.0, Sum:  0.0, Workers: 4
[1136.918s][debug][gc,phases      ] GC(52)     Dead                           Min: 0, Avg:  0.0, Max: 0, Diff: 0, Sum: 0, Workers: 4
[1136.918s][debug][gc,phases      ] GC(52)     Total                          Min: 0, Avg: 178.0, Max: 576, Diff: 576, Sum: 712, Workers: 4
[1136.918s][debug][gc,phases      ] GC(52)   ObjectSynchronizer Weak        Min:  0.0, Avg:  0.0, Max:  0.0, Diff:  0.0, Sum:  0.0, Workers: 4
[1136.918s][debug][gc,phases      ] GC(52)     Dead                           Min: 0, Avg:  0.0, Max: 0, Diff: 0, Sum: 0, Workers: 4
[1136.918s][debug][gc,phases      ] GC(52)     Total                          Min: 0, Avg: 12.2, Max: 49, Diff: 49, Sum: 49, Workers: 4
[1136.918s][debug][gc,phases      ] GC(52)   JVMTI Tag Weak OopStorage      Min:  0.0, Avg:  0.0, Max:  0.0, Diff:  0.0, Sum:  0.0, Workers: 4
[1136.918s][debug][gc,phases      ] GC(52)     Dead                           Min: 0, Avg:  0.0, Max: 0, Diff: 0, Sum: 0, Workers: 4
[1136.918s][debug][gc,phases      ] GC(52)     Total                          Min: 0, Avg:  0.0, Max: 0, Diff: 0, Sum: 0, Workers: 4
[1136.918s][debug][gc,phases      ] GC(52)   StringTable Weak               Min:  0.0, Avg:  0.1, Max:  0.1, Diff:  0.1, Sum:  0.4, Workers: 4
[1136.918s][debug][gc,phases      ] GC(52)     Dead                           Min: 0, Avg:  0.0, Max: 0, Diff: 0, Sum: 0, Workers: 4
[1136.918s][debug][gc,phases      ] GC(52)     Total                          Min: 0, Avg: 10754.8, Max: 17931, Diff: 17931, Sum: 43019, Workers: 4
[1136.918s][debug][gc,phases      ] GC(52)   ResolvedMethodTable Weak       Min:  0.0, Avg:  0.0, Max:  0.0, Diff:  0.0, Sum:  0.1, Workers: 4
[1136.918s][debug][gc,phases      ] GC(52)     Dead                           Min: 0, Avg:  0.0, Max: 0, Diff: 0, Sum: 0, Workers: 4
[1136.918s][debug][gc,phases      ] GC(52)     Total                          Min: 0, Avg: 2124.0, Max: 3648, Diff: 3648, Sum: 8496, Workers: 4
[1136.918s][debug][gc,phases      ] GC(52)   JNI Weak                       Min:  0.0, Avg:  0.0, Max:  0.0, Diff:  0.0, Sum:  0.0, Workers: 4
[1136.918s][debug][gc,phases      ] GC(52)     Dead                           Min: 0, Avg:  0.0, Max: 0, Diff: 0, Sum: 0, Workers: 4
[1136.918s][debug][gc,phases      ] GC(52)     Total                          Min: 0, Avg: 11.2, Max: 45, Diff: 45, Sum: 45, Workers: 4
[1136.918s][debug][gc,phases      ] GC(52)   StringDedup Table Weak         Min:  0.0, Avg:  0.0, Max:  0.0, Diff:  0.0, Sum:  0.0, Workers: 4
[1136.918s][debug][gc,phases      ] GC(52)     Dead                           Min: 0, Avg:  0.0, Max: 0, Diff: 0, Sum: 0, Workers: 4
[1136.918s][debug][gc,phases      ] GC(52)     Total                          Min: 0, Avg:  0.0, Max: 0, Diff: 0, Sum: 0, Workers: 4
[1136.918s][debug][gc,phases      ] GC(52)   StringDedup Requests0 Weak     Min:  0.0, Avg:  0.0, Max:  0.0, Diff:  0.0, Sum:  0.0, Workers: 4
[1136.918s][debug][gc,phases      ] GC(52)     Dead                           Min: 0, Avg:  0.0, Max: 0, Diff: 0, Sum: 0, Workers: 4
[1136.918s][debug][gc,phases      ] GC(52)     Total                          Min: 0, Avg:  0.0, Max: 0, Diff: 0, Sum: 0, Workers: 4
[1136.918s][debug][gc,phases      ] GC(52)   StringDedup Requests1 Weak     Min:  0.0, Avg:  0.0, Max:  0.0, Diff:  0.0, Sum:  0.0, Workers: 4
[1136.918s][debug][gc,phases      ] GC(52)     Dead                           Min: 0, Avg:  0.0, Max: 0, Diff: 0, Sum: 0, Workers: 4
[1136.918s][debug][gc,phases      ] GC(52)     Total                          Min: 0, Avg:  0.0, Max: 0, Diff: 0, Sum: 0, Workers: 4
[1136.918s][debug][gc,phases      ] GC(52)   Weak JFR Old Object Samples    Min:  0.0, Avg:  0.0, Max:  0.0, Diff:  0.0, Sum:  0.0, Workers: 4
[1136.918s][debug][gc,phases      ] GC(52)     Dead                           Min: 0, Avg:  0.0, Max: 0, Diff: 0, Sum: 0, Workers: 4
[1136.918s][debug][gc,phases      ] GC(52)     Total                          Min: 0, Avg:  0.0, Max: 0, Diff: 0, Sum: 0, Workers: 4
[1136.918s][debug][gc,phases      ] GC(52) Weak Processing 0.311ms
[1136.918s][debug][gc,age         ] GC(52) Desired survivor size 142082048 bytes, new threshold 15 (max threshold 15)
[1136.918s][info ][gc,heap        ] GC(52) PSYoungGen: 1810992K(1936384K)->4624K(1958400K) Eden: 1784832K(1784832K)->0K(1815552K) From: 26160K(151552K)->4624K(142848K)
[1136.918s][info ][gc,heap        ] GC(52) ParOldGen: 248567K(376832K)->271395K(376832K)
[1136.918s][info ][gc,metaspace   ] GC(52) Metaspace: 78426K(79296K)->78426K(79296K) NonClass: 67183K(67648K)->67183K(67648K) Class: 11242K(11648K)->11242K(11648K)
[1136.918s][info ][gc             ] GC(52) Pause Young (Allocation Failure) 2011M->269M(2280M) 14.180ms
[1136.918s][info ][gc,cpu         ] GC(52) User=0.06s Sys=0.00s Real=0.02s
[1136.918s][info ][safepoint      ] Safepoint "ParallelGCFailedAllocation", Time since last: 582714809 ns, Reaching safepoint: 20901 ns, At safepoint: 14250595 ns, Total: 14271496 ns
[1149.919s][info ][safepoint      ] Safepoint "Cleanup", Time since last: 13000754970 ns, Reaching safepoint: 38200 ns, At safepoint: 2200 ns, Total: 40400 ns
[1150.919s][info ][safepoint      ] Safepoint "Cleanup", Time since last: 1000107017 ns, Reaching safepoint: 34000 ns, At safepoint: 2400 ns, Total: 36400 ns
[1161.920s][info ][safepoint      ] Safepoint "Cleanup", Time since last: 11000758060 ns, Reaching safepoint: 39001 ns, At safepoint: 2200 ns, Total: 41201 ns
[1162.920s][info ][safepoint      ] Safepoint "Cleanup", Time since last: 1000093466 ns, Reaching safepoint: 33800 ns, At safepoint: 2300 ns, Total: 36100 ns
[1164.920s][info ][safepoint      ] Safepoint "Cleanup", Time since last: 2000170931 ns, Reaching safepoint: 38001 ns, At safepoint: 2600 ns, Total: 40601 ns
[1170.921s][info ][safepoint      ] Safepoint "Cleanup", Time since last: 6000340617 ns, Reaching safepoint: 35600 ns, At safepoint: 2800 ns, Total: 38400 ns
[1175.715s][info ][gc,start       ] GC(53) Pause Young (Allocation Failure)
[1175.718s][debug][gc,phases      ] GC(53) Scavenge 2.885ms
[1175.718s][debug][gc,ref         ] GC(53) Skipped phase 1 of Reference Processing: no references
[1175.718s][debug][gc,ref         ] GC(53) ReferenceProcessor::execute queues: 1, RefProcThreadModel::Single, marks_oops_alive: false
[1175.718s][debug][gc,ref         ] GC(53) Skipped phase 3 of Reference Processing: no references
[1175.718s][debug][gc,ref         ] GC(53) ReferenceProcessor::execute queues: 1, RefProcThreadModel::Single, marks_oops_alive: false
[1175.718s][debug][gc,phases      ] GC(53) Reference Processing 0.095ms
[1175.719s][debug][gc,phases      ] GC(53)   VM Weak                        Min:  0.0, Avg:  0.0, Max:  0.0, Diff:  0.0, Sum:  0.0, Workers: 4
[1175.719s][debug][gc,phases      ] GC(53)     Dead                           Min: 0, Avg:  0.0, Max: 0, Diff: 0, Sum: 0, Workers: 4
[1175.719s][debug][gc,phases      ] GC(53)     Total                          Min: 0, Avg: 178.0, Max: 520, Diff: 520, Sum: 712, Workers: 4
[1175.719s][debug][gc,phases      ] GC(53)   ObjectSynchronizer Weak        Min:  0.0, Avg:  0.0, Max:  0.0, Diff:  0.0, Sum:  0.0, Workers: 4
[1175.719s][debug][gc,phases      ] GC(53)     Dead                           Min: 0, Avg:  0.0, Max: 0, Diff: 0, Sum: 0, Workers: 4
[1175.719s][debug][gc,phases      ] GC(53)     Total                          Min: 0, Avg: 12.2, Max: 49, Diff: 49, Sum: 49, Workers: 4
[1175.719s][debug][gc,phases      ] GC(53)   JVMTI Tag Weak OopStorage      Min:  0.0, Avg:  0.0, Max:  0.0, Diff:  0.0, Sum:  0.0, Workers: 4
[1175.719s][debug][gc,phases      ] GC(53)     Dead                           Min: 0, Avg:  0.0, Max: 0, Diff: 0, Sum: 0, Workers: 4
[1175.719s][debug][gc,phases      ] GC(53)     Total                          Min: 0, Avg:  0.0, Max: 0, Diff: 0, Sum: 0, Workers: 4
[1175.719s][debug][gc,phases      ] GC(53)   StringTable Weak               Min:  0.0, Avg:  0.1, Max:  0.1, Diff:  0.1, Sum:  0.3, Workers: 4
[1175.719s][debug][gc,phases      ] GC(53)     Dead                           Min: 0, Avg:  0.0, Max: 0, Diff: 0, Sum: 0, Workers: 4
[1175.719s][debug][gc,phases      ] GC(53)     Total                          Min: 0, Avg: 10755.2, Max: 17997, Diff: 17997, Sum: 43021, Workers: 4
[1175.719s][debug][gc,phases      ] GC(53)   ResolvedMethodTable Weak       Min:  0.0, Avg:  0.0, Max:  0.0, Diff:  0.0, Sum:  0.1, Workers: 4
[1175.719s][debug][gc,phases      ] GC(53)     Dead                           Min: 0, Avg:  0.0, Max: 0, Diff: 0, Sum: 0, Workers: 4
[1175.719s][debug][gc,phases      ] GC(53)     Total                          Min: 0, Avg: 2124.0, Max: 3760, Diff: 3760, Sum: 8496, Workers: 4
[1175.719s][debug][gc,phases      ] GC(53)   JNI Weak                       Min:  0.0, Avg:  0.0, Max:  0.0, Diff:  0.0, Sum:  0.0, Workers: 4
[1175.719s][debug][gc,phases      ] GC(53)     Dead                           Min: 0, Avg:  0.0, Max: 0, Diff: 0, Sum: 0, Workers: 4
[1175.719s][debug][gc,phases      ] GC(53)     Total                          Min: 0, Avg: 11.2, Max: 45, Diff: 45, Sum: 45, Workers: 4
[1175.719s][debug][gc,phases      ] GC(53)   StringDedup Table Weak         Min:  0.0, Avg:  0.0, Max:  0.0, Diff:  0.0, Sum:  0.0, Workers: 4
[1175.719s][debug][gc,phases      ] GC(53)     Dead                           Min: 0, Avg:  0.0, Max: 0, Diff: 0, Sum: 0, Workers: 4
[1175.719s][debug][gc,phases      ] GC(53)     Total                          Min: 0, Avg:  0.0, Max: 0, Diff: 0, Sum: 0, Workers: 4
[1175.719s][debug][gc,phases      ] GC(53)   StringDedup Requests0 Weak     Min:  0.0, Avg:  0.0, Max:  0.0, Diff:  0.0, Sum:  0.0, Workers: 4
[1175.719s][debug][gc,phases      ] GC(53)     Dead                           Min: 0, Avg:  0.0, Max: 0, Diff: 0, Sum: 0, Workers: 4
[1175.719s][debug][gc,phases      ] GC(53)     Total                          Min: 0, Avg:  0.0, Max: 0, Diff: 0, Sum: 0, Workers: 4
[1175.719s][debug][gc,phases      ] GC(53)   StringDedup Requests1 Weak     Min:  0.0, Avg:  0.0, Max:  0.0, Diff:  0.0, Sum:  0.0, Workers: 4
[1175.719s][debug][gc,phases      ] GC(53)     Dead                           Min: 0, Avg:  0.0, Max: 0, Diff: 0, Sum: 0, Workers: 4
[1175.719s][debug][gc,phases      ] GC(53)     Total                          Min: 0, Avg:  0.0, Max: 0, Diff: 0, Sum: 0, Workers: 4
[1175.719s][debug][gc,phases      ] GC(53)   Weak JFR Old Object Samples    Min:  0.0, Avg:  0.0, Max:  0.0, Diff:  0.0, Sum:  0.0, Workers: 4
[1175.719s][debug][gc,phases      ] GC(53)     Dead                           Min: 0, Avg:  0.0, Max: 0, Diff: 0, Sum: 0, Workers: 4
[1175.719s][debug][gc,phases      ] GC(53)     Total                          Min: 0, Avg:  0.0, Max: 0, Diff: 0, Sum: 0, Workers: 4
[1175.719s][debug][gc,phases      ] GC(53) Weak Processing 0.304ms
[1175.719s][debug][gc,age         ] GC(53) Desired survivor size 136839168 bytes, new threshold 15 (max threshold 15)
[1175.719s][info ][gc,heap        ] GC(53) PSYoungGen: 1820176K(1958400K)->4544K(1954304K) Eden: 1815552K(1815552K)->0K(1815552K) From: 4624K(142848K)->4544K(138752K)
[1175.719s][info ][gc,heap        ] GC(53) ParOldGen: 271395K(376832K)->271531K(376832K)
[1175.719s][info ][gc,metaspace   ] GC(53) Metaspace: 78433K(79296K)->78433K(79296K) NonClass: 67191K(67648K)->67191K(67648K) Class: 11242K(11648K)->11242K(11648K)
[1175.719s][info ][gc             ] GC(53) Pause Young (Allocation Failure) 2042M->269M(2276M) 3.380ms
[1175.719s][info ][gc,cpu         ] GC(53) User=0.01s Sys=0.00s Real=0.01s
[1175.719s][info ][safepoint      ] Safepoint "ParallelGCFailedAllocation", Time since last: 4794723993 ns, Reaching safepoint: 94602 ns, At safepoint: 3440846 ns, Total: 3535448 ns
[1177.719s][info ][safepoint      ] Safepoint "Cleanup", Time since last: 2000143541 ns, Reaching safepoint: 37000 ns, At safepoint: 5401 ns, Total: 42401 ns
[1207.721s][info ][safepoint      ] Safepoint "Cleanup", Time since last: 30001864621 ns, Reaching safepoint: 39200 ns, At safepoint: 25801 ns, Total: 65001 ns
[1214.721s][info ][safepoint      ] Safepoint "Cleanup", Time since last: 7000439001 ns, Reaching safepoint: 48300 ns, At safepoint: 3300 ns, Total: 51600 ns
[1214.916s][info ][gc,start       ] GC(54) Pause Young (Allocation Failure)
[1214.919s][debug][gc,phases      ] GC(54) Scavenge 3.643ms
[1214.919s][debug][gc,ref         ] GC(54) Skipped phase 1 of Reference Processing: no references
[1214.919s][debug][gc,ref         ] GC(54) ReferenceProcessor::execute queues: 1, RefProcThreadModel::Single, marks_oops_alive: false
[1214.919s][debug][gc,ref         ] GC(54) Skipped phase 3 of Reference Processing: no references
[1214.919s][debug][gc,ref         ] GC(54) ReferenceProcessor::execute queues: 1, RefProcThreadModel::Single, marks_oops_alive: false
[1214.919s][debug][gc,phases      ] GC(54) Reference Processing 0.097ms
[1214.920s][debug][gc,phases      ] GC(54)   VM Weak                        Min:  0.0, Avg:  0.0, Max:  0.0, Diff:  0.0, Sum:  0.0, Workers: 4
[1214.920s][debug][gc,phases      ] GC(54)     Dead                           Min: 0, Avg:  0.0, Max: 0, Diff: 0, Sum: 0, Workers: 4
[1214.920s][debug][gc,phases      ] GC(54)     Total                          Min: 0, Avg: 178.0, Max: 704, Diff: 704, Sum: 712, Workers: 4
[1214.920s][debug][gc,phases      ] GC(54)   ObjectSynchronizer Weak        Min:  0.0, Avg:  0.0, Max:  0.0, Diff:  0.0, Sum:  0.0, Workers: 4
[1214.920s][debug][gc,phases      ] GC(54)     Dead                           Min: 0, Avg:  0.0, Max: 0, Diff: 0, Sum: 0, Workers: 4
[1214.920s][debug][gc,phases      ] GC(54)     Total                          Min: 0, Avg: 12.2, Max: 49, Diff: 49, Sum: 49, Workers: 4
[1214.920s][debug][gc,phases      ] GC(54)   JVMTI Tag Weak OopStorage      Min:  0.0, Avg:  0.0, Max:  0.0, Diff:  0.0, Sum:  0.0, Workers: 4
[1214.920s][debug][gc,phases      ] GC(54)     Dead                           Min: 0, Avg:  0.0, Max: 0, Diff: 0, Sum: 0, Workers: 4
[1214.920s][debug][gc,phases      ] GC(54)     Total                          Min: 0, Avg:  0.0, Max: 0, Diff: 0, Sum: 0, Workers: 4
[1214.920s][debug][gc,phases      ] GC(54)   StringTable Weak               Min:  0.0, Avg:  0.1, Max:  0.1, Diff:  0.1, Sum:  0.3, Workers: 4
[1214.920s][debug][gc,phases      ] GC(54)     Dead                           Min: 0, Avg:  0.0, Max: 0, Diff: 0, Sum: 0, Workers: 4
[1214.920s][debug][gc,phases      ] GC(54)     Total                          Min: 0, Avg: 10755.2, Max: 16717, Diff: 16717, Sum: 43021, Workers: 4
[1214.920s][debug][gc,phases      ] GC(54)   ResolvedMethodTable Weak       Min:  0.0, Avg:  0.0, Max:  0.0, Diff:  0.0, Sum:  0.1, Workers: 4
[1214.920s][debug][gc,phases      ] GC(54)     Dead                           Min: 0, Avg:  0.0, Max: 0, Diff: 0, Sum: 0, Workers: 4
[1214.920s][debug][gc,phases      ] GC(54)     Total                          Min: 0, Avg: 2124.0, Max: 3568, Diff: 3568, Sum: 8496, Workers: 4
[1214.920s][debug][gc,phases      ] GC(54)   JNI Weak                       Min:  0.0, Avg:  0.0, Max:  0.0, Diff:  0.0, Sum:  0.0, Workers: 4
[1214.920s][debug][gc,phases      ] GC(54)     Dead                           Min: 0, Avg:  0.0, Max: 0, Diff: 0, Sum: 0, Workers: 4
[1214.920s][debug][gc,phases      ] GC(54)     Total                          Min: 0, Avg: 11.2, Max: 45, Diff: 45, Sum: 45, Workers: 4
[1214.920s][debug][gc,phases      ] GC(54)   StringDedup Table Weak         Min:  0.0, Avg:  0.0, Max:  0.0, Diff:  0.0, Sum:  0.0, Workers: 4
[1214.920s][debug][gc,phases      ] GC(54)     Dead                           Min: 0, Avg:  0.0, Max: 0, Diff: 0, Sum: 0, Workers: 4
[1214.920s][debug][gc,phases      ] GC(54)     Total                          Min: 0, Avg:  0.0, Max: 0, Diff: 0, Sum: 0, Workers: 4
[1214.920s][debug][gc,phases      ] GC(54)   StringDedup Requests0 Weak     Min:  0.0, Avg:  0.0, Max:  0.0, Diff:  0.0, Sum:  0.0, Workers: 4
[1214.920s][debug][gc,phases      ] GC(54)     Dead                           Min: 0, Avg:  0.0, Max: 0, Diff: 0, Sum: 0, Workers: 4
[1214.920s][debug][gc,phases      ] GC(54)     Total                          Min: 0, Avg:  0.0, Max: 0, Diff: 0, Sum: 0, Workers: 4
[1214.920s][debug][gc,phases      ] GC(54)   StringDedup Requests1 Weak     Min:  0.0, Avg:  0.0, Max:  0.0, Diff:  0.0, Sum:  0.0, Workers: 4
[1214.920s][debug][gc,phases      ] GC(54)     Dead                           Min: 0, Avg:  0.0, Max: 0, Diff: 0, Sum: 0, Workers: 4
[1214.920s][debug][gc,phases      ] GC(54)     Total                          Min: 0, Avg:  0.0, Max: 0, Diff: 0, Sum: 0, Workers: 4
[1214.920s][debug][gc,phases      ] GC(54)   Weak JFR Old Object Samples    Min:  0.0, Avg:  0.0, Max:  0.0, Diff:  0.0, Sum:  0.0, Workers: 4
[1214.920s][debug][gc,phases      ] GC(54)     Dead                           Min: 0, Avg:  0.0, Max: 0, Diff: 0, Sum: 0, Workers: 4
[1214.920s][debug][gc,phases      ] GC(54)     Total                          Min: 0, Avg:  0.0, Max: 0, Diff: 0, Sum: 0, Workers: 4
[1214.920s][debug][gc,phases      ] GC(54) Weak Processing 0.323ms
[1214.920s][debug][gc,age         ] GC(54) Desired survivor size 132120576 bytes, new threshold 15 (max threshold 15)
[1214.920s][info ][gc,heap        ] GC(54) PSYoungGen: 1820096K(1954304K)->1008K(1968128K) Eden: 1815552K(1815552K)->0K(1834496K) From: 4544K(138752K)->1008K(133632K)
[1214.920s][info ][gc,heap        ] GC(54) ParOldGen: 271531K(376832K)->275171K(376832K)
[1214.920s][info ][gc,metaspace   ] GC(54) Metaspace: 78442K(79296K)->78442K(79296K) NonClass: 67199K(67648K)->67199K(67648K) Class: 11242K(11648K)->11242K(11648K)
[1214.920s][info ][gc             ] GC(54) Pause Young (Allocation Failure) 2042M->269M(2290M) 4.158ms
[1214.920s][info ][gc,cpu         ] GC(54) User=0.00s Sys=0.01s Real=0.00s
[1214.920s][info ][safepoint      ] Safepoint "ParallelGCFailedAllocation", Time since last: 194190605 ns, Reaching safepoint: 23600 ns, At safepoint: 4237755 ns, Total: 4261355 ns
[1217.920s][info ][safepoint      ] Safepoint "Cleanup", Time since last: 3000195585 ns, Reaching safepoint: 34601 ns, At safepoint: 2700 ns, Total: 37301 ns
[1218.920s][info ][safepoint      ] Safepoint "Cleanup", Time since last: 1000102783 ns, Reaching safepoint: 40101 ns, At safepoint: 2300 ns, Total: 42401 ns
[1219.920s][info ][safepoint      ] Safepoint "Cleanup", Time since last: 1000112284 ns, Reaching safepoint: 39100 ns, At safepoint: 2401 ns, Total: 41501 ns
[1255.415s][info ][gc,start       ] GC(55) Pause Young (Allocation Failure)
[1255.417s][debug][gc,phases      ] GC(55) Scavenge 1.437ms
[1255.417s][debug][gc,ref         ] GC(55) Skipped phase 1 of Reference Processing: no references
[1255.417s][debug][gc,ref         ] GC(55) ReferenceProcessor::execute queues: 1, RefProcThreadModel::Single, marks_oops_alive: false
[1255.417s][debug][gc,ref         ] GC(55) Skipped phase 3 of Reference Processing: no references
[1255.417s][debug][gc,ref         ] GC(55) ReferenceProcessor::execute queues: 1, RefProcThreadModel::Single, marks_oops_alive: false
[1255.417s][debug][gc,phases      ] GC(55) Reference Processing 0.083ms
[1255.417s][debug][gc,phases      ] GC(55)   VM Weak                        Min:  0.0, Avg:  0.0, Max:  0.0, Diff:  0.0, Sum:  0.0, Workers: 4
[1255.417s][debug][gc,phases      ] GC(55)     Dead                           Min: 0, Avg:  0.0, Max: 0, Diff: 0, Sum: 0, Workers: 4
[1255.417s][debug][gc,phases      ] GC(55)     Total                          Min: 0, Avg: 178.0, Max: 576, Diff: 576, Sum: 712, Workers: 4
[1255.417s][debug][gc,phases      ] GC(55)   ObjectSynchronizer Weak        Min:  0.0, Avg:  0.0, Max:  0.0, Diff:  0.0, Sum:  0.0, Workers: 4
[1255.417s][debug][gc,phases      ] GC(55)     Dead                           Min: 0, Avg:  0.0, Max: 0, Diff: 0, Sum: 0, Workers: 4
[1255.417s][debug][gc,phases      ] GC(55)     Total                          Min: 0, Avg: 12.2, Max: 49, Diff: 49, Sum: 49, Workers: 4
[1255.417s][debug][gc,phases      ] GC(55)   JVMTI Tag Weak OopStorage      Min:  0.0, Avg:  0.0, Max:  0.0, Diff:  0.0, Sum:  0.0, Workers: 4
[1255.417s][debug][gc,phases      ] GC(55)     Dead                           Min: 0, Avg:  0.0, Max: 0, Diff: 0, Sum: 0, Workers: 4
[1255.417s][debug][gc,phases      ] GC(55)     Total                          Min: 0, Avg:  0.0, Max: 0, Diff: 0, Sum: 0, Workers: 4
[1255.417s][debug][gc,phases      ] GC(55)   StringTable Weak               Min:  0.0, Avg:  0.1, Max:  0.1, Diff:  0.1, Sum:  0.3, Workers: 4
[1255.417s][debug][gc,phases      ] GC(55)     Dead                           Min: 0, Avg:  0.0, Max: 0, Diff: 0, Sum: 0, Workers: 4
[1255.417s][debug][gc,phases      ] GC(55)     Total                          Min: 0, Avg: 10755.2, Max: 18176, Diff: 18176, Sum: 43021, Workers: 4
[1255.417s][debug][gc,phases      ] GC(55)   ResolvedMethodTable Weak       Min:  0.0, Avg:  0.0, Max:  0.0, Diff:  0.0, Sum:  0.1, Workers: 4
[1255.417s][debug][gc,phases      ] GC(55)     Dead                           Min: 0, Avg:  0.0, Max: 0, Diff: 0, Sum: 0, Workers: 4
[1255.417s][debug][gc,phases      ] GC(55)     Total                          Min: 0, Avg: 2124.0, Max: 3760, Diff: 3760, Sum: 8496, Workers: 4
[1255.417s][debug][gc,phases      ] GC(55)   JNI Weak                       Min:  0.0, Avg:  0.0, Max:  0.0, Diff:  0.0, Sum:  0.0, Workers: 4
[1255.417s][debug][gc,phases      ] GC(55)     Dead                           Min: 0, Avg:  0.0, Max: 0, Diff: 0, Sum: 0, Workers: 4
[1255.417s][debug][gc,phases      ] GC(55)     Total                          Min: 0, Avg: 11.2, Max: 45, Diff: 45, Sum: 45, Workers: 4
[1255.417s][debug][gc,phases      ] GC(55)   StringDedup Table Weak         Min:  0.0, Avg:  0.0, Max:  0.0, Diff:  0.0, Sum:  0.0, Workers: 4
[1255.417s][debug][gc,phases      ] GC(55)     Dead                           Min: 0, Avg:  0.0, Max: 0, Diff: 0, Sum: 0, Workers: 4
[1255.417s][debug][gc,phases      ] GC(55)     Total                          Min: 0, Avg:  0.0, Max: 0, Diff: 0, Sum: 0, Workers: 4
[1255.417s][debug][gc,phases      ] GC(55)   StringDedup Requests0 Weak     Min:  0.0, Avg:  0.0, Max:  0.0, Diff:  0.0, Sum:  0.0, Workers: 4
[1255.417s][debug][gc,phases      ] GC(55)     Dead                           Min: 0, Avg:  0.0, Max: 0, Diff: 0, Sum: 0, Workers: 4
[1255.417s][debug][gc,phases      ] GC(55)     Total                          Min: 0, Avg:  0.0, Max: 0, Diff: 0, Sum: 0, Workers: 4
[1255.417s][debug][gc,phases      ] GC(55)   StringDedup Requests1 Weak     Min:  0.0, Avg:  0.0, Max:  0.0, Diff:  0.0, Sum:  0.0, Workers: 4
[1255.417s][debug][gc,phases      ] GC(55)     Dead                           Min: 0, Avg:  0.0, Max: 0, Diff: 0, Sum: 0, Workers: 4
[1255.417s][debug][gc,phases      ] GC(55)     Total                          Min: 0, Avg:  0.0, Max: 0, Diff: 0, Sum: 0, Workers: 4
[1255.417s][debug][gc,phases      ] GC(55)   Weak JFR Old Object Samples    Min:  0.0, Avg:  0.0, Max:  0.0, Diff:  0.0, Sum:  0.0, Workers: 4
[1255.417s][debug][gc,phases      ] GC(55)     Dead                           Min: 0, Avg:  0.0, Max: 0, Diff: 0, Sum: 0, Workers: 4
[1255.417s][debug][gc,phases      ] GC(55)     Total                          Min: 0, Avg:  0.0, Max: 0, Diff: 0, Sum: 0, Workers: 4
[1255.417s][debug][gc,phases      ] GC(55) Weak Processing 0.301ms
[1255.417s][debug][gc,age         ] GC(55) Desired survivor size 126877696 bytes, new threshold 15 (max threshold 15)
[1255.417s][info ][gc,heap        ] GC(55) PSYoungGen: 1835504K(1968128K)->1056K(1963520K) Eden: 1834496K(1834496K)->0K(1834496K) From: 1008K(133632K)->1056K(129024K)
[1255.417s][info ][gc,heap        ] GC(55) ParOldGen: 275171K(376832K)->275227K(376832K)
[1255.417s][info ][gc,metaspace   ] GC(55) Metaspace: 78445K(79296K)->78445K(79296K) NonClass: 67202K(67648K)->67202K(67648K) Class: 11242K(11648K)->11242K(11648K)
[1255.417s][info ][gc             ] GC(55) Pause Young (Allocation Failure) 2061M->269M(2285M) 1.906ms
[1255.417s][info ][gc,cpu         ] GC(55) User=0.00s Sys=0.00s Real=0.01s
[1255.417s][info ][safepoint      ] Safepoint "ParallelGCFailedAllocation", Time since last: 35494821419 ns, Reaching safepoint: 94601 ns, At safepoint: 1985525 ns, Total: 2080126 ns
[1296.765s][info ][gc,start       ] GC(56) Pause Young (Allocation Failure)
[1296.766s][debug][gc,phases      ] GC(56) Scavenge 1.580ms
[1296.766s][debug][gc,ref         ] GC(56) Skipped phase 1 of Reference Processing: no references
[1296.766s][debug][gc,ref         ] GC(56) ReferenceProcessor::execute queues: 1, RefProcThreadModel::Single, marks_oops_alive: false
[1296.766s][debug][gc,ref         ] GC(56) Skipped phase 3 of Reference Processing: no references
[1296.766s][debug][gc,ref         ] GC(56) Skipped phase 4 of Reference Processing: no references
[1296.766s][debug][gc,phases      ] GC(56) Reference Processing 0.087ms
[1296.767s][debug][gc,phases      ] GC(56)   VM Weak                        Min:  0.0, Avg:  0.0, Max:  0.0, Diff:  0.0, Sum:  0.0, Workers: 4
[1296.767s][debug][gc,phases      ] GC(56)     Dead                           Min: 0, Avg:  0.0, Max: 0, Diff: 0, Sum: 0, Workers: 4
[1296.767s][debug][gc,phases      ] GC(56)     Total                          Min: 0, Avg: 178.0, Max: 648, Diff: 648, Sum: 712, Workers: 4
[1296.767s][debug][gc,phases      ] GC(56)   ObjectSynchronizer Weak        Min:  0.0, Avg:  0.0, Max:  0.0, Diff:  0.0, Sum:  0.0, Workers: 4
[1296.767s][debug][gc,phases      ] GC(56)     Dead                           Min: 0, Avg:  0.0, Max: 0, Diff: 0, Sum: 0, Workers: 4
[1296.767s][debug][gc,phases      ] GC(56)     Total                          Min: 0, Avg: 12.2, Max: 49, Diff: 49, Sum: 49, Workers: 4
[1296.767s][debug][gc,phases      ] GC(56)   JVMTI Tag Weak OopStorage      Min:  0.0, Avg:  0.0, Max:  0.0, Diff:  0.0, Sum:  0.0, Workers: 4
[1296.767s][debug][gc,phases      ] GC(56)     Dead                           Min: 0, Avg:  0.0, Max: 0, Diff: 0, Sum: 0, Workers: 4
[1296.767s][debug][gc,phases      ] GC(56)     Total                          Min: 0, Avg:  0.0, Max: 0, Diff: 0, Sum: 0, Workers: 4
[1296.767s][debug][gc,phases      ] GC(56)   StringTable Weak               Min:  0.0, Avg:  0.1, Max:  0.1, Diff:  0.1, Sum:  0.4, Workers: 4
[1296.767s][debug][gc,phases      ] GC(56)     Dead                           Min: 0, Avg:  0.0, Max: 0, Diff: 0, Sum: 0, Workers: 4
[1296.767s][debug][gc,phases      ] GC(56)     Total                          Min: 0, Avg: 10755.2, Max: 18061, Diff: 18061, Sum: 43021, Workers: 4
[1296.767s][debug][gc,phases      ] GC(56)   ResolvedMethodTable Weak       Min:  0.0, Avg:  0.0, Max:  0.0, Diff:  0.0, Sum:  0.1, Workers: 4
[1296.767s][debug][gc,phases      ] GC(56)     Dead                           Min: 0, Avg:  0.0, Max: 0, Diff: 0, Sum: 0, Workers: 4
[1296.767s][debug][gc,phases      ] GC(56)     Total                          Min: 0, Avg: 2124.0, Max: 3696, Diff: 3696, Sum: 8496, Workers: 4
[1296.767s][debug][gc,phases      ] GC(56)   JNI Weak                       Min:  0.0, Avg:  0.0, Max:  0.0, Diff:  0.0, Sum:  0.0, Workers: 4
[1296.767s][debug][gc,phases      ] GC(56)     Dead                           Min: 0, Avg:  0.0, Max: 0, Diff: 0, Sum: 0, Workers: 4
[1296.767s][debug][gc,phases      ] GC(56)     Total                          Min: 0, Avg: 11.2, Max: 45, Diff: 45, Sum: 45, Workers: 4
[1296.767s][debug][gc,phases      ] GC(56)   StringDedup Table Weak         Min:  0.0, Avg:  0.0, Max:  0.0, Diff:  0.0, Sum:  0.0, Workers: 4
[1296.767s][debug][gc,phases      ] GC(56)     Dead                           Min: 0, Avg:  0.0, Max: 0, Diff: 0, Sum: 0, Workers: 4
[1296.767s][debug][gc,phases      ] GC(56)     Total                          Min: 0, Avg:  0.0, Max: 0, Diff: 0, Sum: 0, Workers: 4
[1296.767s][debug][gc,phases      ] GC(56)   StringDedup Requests0 Weak     Min:  0.0, Avg:  0.0, Max:  0.0, Diff:  0.0, Sum:  0.0, Workers: 4
[1296.767s][debug][gc,phases      ] GC(56)     Dead                           Min: 0, Avg:  0.0, Max: 0, Diff: 0, Sum: 0, Workers: 4
[1296.767s][debug][gc,phases      ] GC(56)     Total                          Min: 0, Avg:  0.0, Max: 0, Diff: 0, Sum: 0, Workers: 4
[1296.767s][debug][gc,phases      ] GC(56)   StringDedup Requests1 Weak     Min:  0.0, Avg:  0.0, Max:  0.0, Diff:  0.0, Sum:  0.0, Workers: 4
[1296.767s][debug][gc,phases      ] GC(56)     Dead                           Min: 0, Avg:  0.0, Max: 0, Diff: 0, Sum: 0, Workers: 4
[1296.767s][debug][gc,phases      ] GC(56)     Total                          Min: 0, Avg:  0.0, Max: 0, Diff: 0, Sum: 0, Workers: 4
[1296.767s][debug][gc,phases      ] GC(56)   Weak JFR Old Object Samples    Min:  0.0, Avg:  0.0, Max:  0.0, Diff:  0.0, Sum:  0.0, Workers: 4
[1296.767s][debug][gc,phases      ] GC(56)     Dead                           Min: 0, Avg:  0.0, Max: 0, Diff: 0, Sum: 0, Workers: 4
[1296.767s][debug][gc,phases      ] GC(56)     Total                          Min: 0, Avg:  0.0, Max: 0, Diff: 0, Sum: 0, Workers: 4
[1296.767s][debug][gc,phases      ] GC(56) Weak Processing 0.304ms
[1296.767s][debug][gc,age         ] GC(56) Desired survivor size 121110528 bytes, new threshold 15 (max threshold 15)
[1296.767s][info ][gc,heap        ] GC(56) PSYoungGen: 1835552K(1963520K)->992K(1978880K) Eden: 1834496K(1834496K)->0K(1854976K) From: 1056K(129024K)->992K(123904K)
[1296.767s][info ][gc,heap        ] GC(56) ParOldGen: 275227K(376832K)->275235K(376832K)
[1296.767s][info ][gc,metaspace   ] GC(56) Metaspace: 78459K(79296K)->78459K(79296K) NonClass: 67216K(67648K)->67216K(67648K) Class: 11242K(11648K)->11242K(11648K)
[1296.767s][info ][gc             ] GC(56) Pause Young (Allocation Failure) 2061M->269M(2300M) 2.069ms
[1296.767s][info ][gc,cpu         ] GC(56) User=0.00s Sys=0.00s Real=0.00s
[1296.767s][info ][safepoint      ] Safepoint "ParallelGCFailedAllocation", Time since last: 41347266627 ns, Reaching safepoint: 37601 ns, At safepoint: 2131828 ns, Total: 2169429 ns
[1309.768s][info ][safepoint      ] Safepoint "Cleanup", Time since last: 13000837946 ns, Reaching safepoint: 44700 ns, At safepoint: 6000 ns, Total: 50700 ns
[1338.516s][info ][gc,start       ] GC(57) Pause Young (Allocation Failure)
[1338.518s][debug][gc,phases      ] GC(57) Scavenge 1.547ms
[1338.518s][debug][gc,ref         ] GC(57) Skipped phase 1 of Reference Processing: no references
[1338.518s][debug][gc,ref         ] GC(57) ReferenceProcessor::execute queues: 1, RefProcThreadModel::Single, marks_oops_alive: false
[1338.518s][debug][gc,ref         ] GC(57) Skipped phase 3 of Reference Processing: no references
[1338.518s][debug][gc,ref         ] GC(57) Skipped phase 4 of Reference Processing: no references
[1338.518s][debug][gc,phases      ] GC(57) Reference Processing 0.095ms
[1338.518s][debug][gc,phases      ] GC(57)   VM Weak                        Min:  0.0, Avg:  0.0, Max:  0.0, Diff:  0.0, Sum:  0.0, Workers: 4
[1338.518s][debug][gc,phases      ] GC(57)     Dead                           Min: 0, Avg:  0.0, Max: 0, Diff: 0, Sum: 0, Workers: 4
[1338.518s][debug][gc,phases      ] GC(57)     Total                          Min: 0, Avg: 178.0, Max: 512, Diff: 512, Sum: 712, Workers: 4
[1338.518s][debug][gc,phases      ] GC(57)   ObjectSynchronizer Weak        Min:  0.0, Avg:  0.0, Max:  0.0, Diff:  0.0, Sum:  0.0, Workers: 4
[1338.518s][debug][gc,phases      ] GC(57)     Dead                           Min: 0, Avg:  0.0, Max: 0, Diff: 0, Sum: 0, Workers: 4
[1338.518s][debug][gc,phases      ] GC(57)     Total                          Min: 0, Avg: 12.2, Max: 49, Diff: 49, Sum: 49, Workers: 4
[1338.518s][debug][gc,phases      ] GC(57)   JVMTI Tag Weak OopStorage      Min:  0.0, Avg:  0.0, Max:  0.0, Diff:  0.0, Sum:  0.0, Workers: 4
[1338.518s][debug][gc,phases      ] GC(57)     Dead                           Min: 0, Avg:  0.0, Max: 0, Diff: 0, Sum: 0, Workers: 4
[1338.518s][debug][gc,phases      ] GC(57)     Total                          Min: 0, Avg:  0.0, Max: 0, Diff: 0, Sum: 0, Workers: 4
[1338.518s][debug][gc,phases      ] GC(57)   StringTable Weak               Min:  0.0, Avg:  0.1, Max:  0.1, Diff:  0.1, Sum:  0.3, Workers: 4
[1338.518s][debug][gc,phases      ] GC(57)     Dead                           Min: 0, Avg:  0.0, Max: 0, Diff: 0, Sum: 0, Workers: 4
[1338.518s][debug][gc,phases      ] GC(57)     Total                          Min: 0, Avg: 10755.2, Max: 16832, Diff: 16832, Sum: 43021, Workers: 4
[1338.518s][debug][gc,phases      ] GC(57)   ResolvedMethodTable Weak       Min:  0.0, Avg:  0.0, Max:  0.0, Diff:  0.0, Sum:  0.1, Workers: 4
[1338.518s][debug][gc,phases      ] GC(57)     Dead                           Min: 0, Avg:  0.0, Max: 0, Diff: 0, Sum: 0, Workers: 4
[1338.518s][debug][gc,phases      ] GC(57)     Total                          Min: 0, Avg: 2124.0, Max: 3712, Diff: 3712, Sum: 8496, Workers: 4
[1338.518s][debug][gc,phases      ] GC(57)   JNI Weak                       Min:  0.0, Avg:  0.0, Max:  0.0, Diff:  0.0, Sum:  0.0, Workers: 4
[1338.518s][debug][gc,phases      ] GC(57)     Dead                           Min: 0, Avg:  0.0, Max: 0, Diff: 0, Sum: 0, Workers: 4
[1338.518s][debug][gc,phases      ] GC(57)     Total                          Min: 0, Avg: 11.2, Max: 45, Diff: 45, Sum: 45, Workers: 4
[1338.518s][debug][gc,phases      ] GC(57)   StringDedup Table Weak         Min:  0.0, Avg:  0.0, Max:  0.0, Diff:  0.0, Sum:  0.0, Workers: 4
[1338.518s][debug][gc,phases      ] GC(57)     Dead                           Min: 0, Avg:  0.0, Max: 0, Diff: 0, Sum: 0, Workers: 4
[1338.518s][debug][gc,phases      ] GC(57)     Total                          Min: 0, Avg:  0.0, Max: 0, Diff: 0, Sum: 0, Workers: 4
[1338.518s][debug][gc,phases      ] GC(57)   StringDedup Requests0 Weak     Min:  0.0, Avg:  0.0, Max:  0.0, Diff:  0.0, Sum:  0.0, Workers: 4
[1338.518s][debug][gc,phases      ] GC(57)     Dead                           Min: 0, Avg:  0.0, Max: 0, Diff: 0, Sum: 0, Workers: 4
[1338.518s][debug][gc,phases      ] GC(57)     Total                          Min: 0, Avg:  0.0, Max: 0, Diff: 0, Sum: 0, Workers: 4
[1338.518s][debug][gc,phases      ] GC(57)   StringDedup Requests1 Weak     Min:  0.0, Avg:  0.0, Max:  0.0, Diff:  0.0, Sum:  0.0, Workers: 4
[1338.518s][debug][gc,phases      ] GC(57)     Dead                           Min: 0, Avg:  0.0, Max: 0, Diff: 0, Sum: 0, Workers: 4
[1338.518s][debug][gc,phases      ] GC(57)     Total                          Min: 0, Avg:  0.0, Max: 0, Diff: 0, Sum: 0, Workers: 4
[1338.518s][debug][gc,phases      ] GC(57)   Weak JFR Old Object Samples    Min:  0.0, Avg:  0.0, Max:  0.0, Diff:  0.0, Sum:  0.0, Workers: 4
[1338.518s][debug][gc,phases      ] GC(57)     Dead                           Min: 0, Avg:  0.0, Max: 0, Diff: 0, Sum: 0, Workers: 4
[1338.518s][debug][gc,phases      ] GC(57)     Total                          Min: 0, Avg:  0.0, Max: 0, Diff: 0, Sum: 0, Workers: 4
[1338.518s][debug][gc,phases      ] GC(57) Weak Processing 0.313ms
[1338.518s][debug][gc,age         ] GC(57) Desired survivor size 115343360 bytes, new threshold 15 (max threshold 15)
[1338.518s][info ][gc,heap        ] GC(57) PSYoungGen: 1855968K(1978880K)->976K(1973248K) Eden: 1854976K(1854976K)->0K(1854976K) From: 992K(123904K)->976K(118272K)
[1338.518s][info ][gc,heap        ] GC(57) ParOldGen: 275235K(376832K)->275259K(376832K)
[1338.518s][info ][gc,metaspace   ] GC(57) Metaspace: 78461K(79360K)->78461K(79360K) NonClass: 67218K(67712K)->67218K(67712K) Class: 11242K(11648K)->11242K(11648K)
[1338.518s][info ][gc             ] GC(57) Pause Young (Allocation Failure) 2081M->269M(2295M) 2.039ms
[1338.518s][info ][gc,cpu         ] GC(57) User=0.00s Sys=0.00s Real=0.00s
[1338.518s][info ][safepoint      ] Safepoint "ParallelGCFailedAllocation", Time since last: 28748591790 ns, Reaching safepoint: 37701 ns, At safepoint: 2108128 ns, Total: 2145829 ns
[1380.316s][info ][gc,start       ] GC(58) Pause Young (Allocation Failure)
[1380.317s][debug][gc,phases      ] GC(58) Scavenge 0.986ms
[1380.317s][debug][gc,ref         ] GC(58) Skipped phase 1 of Reference Processing: no references
[1380.317s][debug][gc,ref         ] GC(58) ReferenceProcessor::execute queues: 1, RefProcThreadModel::Single, marks_oops_alive: false
[1380.317s][debug][gc,ref         ] GC(58) Skipped phase 3 of Reference Processing: no references
[1380.317s][debug][gc,ref         ] GC(58) Skipped phase 4 of Reference Processing: no references
[1380.317s][debug][gc,phases      ] GC(58) Reference Processing 0.085ms
[1380.318s][debug][gc,phases      ] GC(58)   VM Weak                        Min:  0.0, Avg:  0.0, Max:  0.0, Diff:  0.0, Sum:  0.0, Workers: 4
[1380.318s][debug][gc,phases      ] GC(58)     Dead                           Min: 0, Avg:  0.0, Max: 0, Diff: 0, Sum: 0, Workers: 4
[1380.318s][debug][gc,phases      ] GC(58)     Total                          Min: 0, Avg: 178.0, Max: 712, Diff: 712, Sum: 712, Workers: 4
[1380.318s][debug][gc,phases      ] GC(58)   ObjectSynchronizer Weak        Min:  0.0, Avg:  0.0, Max:  0.0, Diff:  0.0, Sum:  0.0, Workers: 4
[1380.318s][debug][gc,phases      ] GC(58)     Dead                           Min: 0, Avg:  0.0, Max: 0, Diff: 0, Sum: 0, Workers: 4
[1380.318s][debug][gc,phases      ] GC(58)     Total                          Min: 0, Avg: 12.2, Max: 49, Diff: 49, Sum: 49, Workers: 4
[1380.318s][debug][gc,phases      ] GC(58)   JVMTI Tag Weak OopStorage      Min:  0.0, Avg:  0.0, Max:  0.0, Diff:  0.0, Sum:  0.0, Workers: 4
[1380.318s][debug][gc,phases      ] GC(58)     Dead                           Min: 0, Avg:  0.0, Max: 0, Diff: 0, Sum: 0, Workers: 4
[1380.318s][debug][gc,phases      ] GC(58)     Total                          Min: 0, Avg:  0.0, Max: 0, Diff: 0, Sum: 0, Workers: 4
[1380.318s][debug][gc,phases      ] GC(58)   StringTable Weak               Min:  0.1, Avg:  0.1, Max:  0.1, Diff:  0.0, Sum:  0.4, Workers: 4
[1380.318s][debug][gc,phases      ] GC(58)     Dead                           Min: 0, Avg:  0.0, Max: 0, Diff: 0, Sum: 0, Workers: 4
[1380.318s][debug][gc,phases      ] GC(58)     Total                          Min: 10304, Avg: 10755.5, Max: 11342, Diff: 1038, Sum: 43022, Workers: 4
[1380.318s][debug][gc,phases      ] GC(58)   ResolvedMethodTable Weak       Min:  0.0, Avg:  0.0, Max:  0.0, Diff:  0.0, Sum:  0.1, Workers: 4
[1380.318s][debug][gc,phases      ] GC(58)     Dead                           Min: 0, Avg:  0.0, Max: 0, Diff: 0, Sum: 0, Workers: 4
[1380.318s][debug][gc,phases      ] GC(58)     Total                          Min: 1984, Avg: 2124.0, Max: 2240, Diff: 256, Sum: 8496, Workers: 4
[1380.318s][debug][gc,phases      ] GC(58)   JNI Weak                       Min:  0.0, Avg:  0.0, Max:  0.0, Diff:  0.0, Sum:  0.0, Workers: 4
[1380.318s][debug][gc,phases      ] GC(58)     Dead                           Min: 0, Avg:  0.0, Max: 0, Diff: 0, Sum: 0, Workers: 4
[1380.318s][debug][gc,phases      ] GC(58)     Total                          Min: 0, Avg: 11.2, Max: 45, Diff: 45, Sum: 45, Workers: 4
[1380.318s][debug][gc,phases      ] GC(58)   StringDedup Table Weak         Min:  0.0, Avg:  0.0, Max:  0.0, Diff:  0.0, Sum:  0.0, Workers: 4
[1380.318s][debug][gc,phases      ] GC(58)     Dead                           Min: 0, Avg:  0.0, Max: 0, Diff: 0, Sum: 0, Workers: 4
[1380.318s][debug][gc,phases      ] GC(58)     Total                          Min: 0, Avg:  0.0, Max: 0, Diff: 0, Sum: 0, Workers: 4
[1380.318s][debug][gc,phases      ] GC(58)   StringDedup Requests0 Weak     Min:  0.0, Avg:  0.0, Max:  0.0, Diff:  0.0, Sum:  0.0, Workers: 4
[1380.318s][debug][gc,phases      ] GC(58)     Dead                           Min: 0, Avg:  0.0, Max: 0, Diff: 0, Sum: 0, Workers: 4
[1380.318s][debug][gc,phases      ] GC(58)     Total                          Min: 0, Avg:  0.0, Max: 0, Diff: 0, Sum: 0, Workers: 4
[1380.318s][debug][gc,phases      ] GC(58)   StringDedup Requests1 Weak     Min:  0.0, Avg:  0.0, Max:  0.0, Diff:  0.0, Sum:  0.0, Workers: 4
[1380.318s][debug][gc,phases      ] GC(58)     Dead                           Min: 0, Avg:  0.0, Max: 0, Diff: 0, Sum: 0, Workers: 4
[1380.318s][debug][gc,phases      ] GC(58)     Total                          Min: 0, Avg:  0.0, Max: 0, Diff: 0, Sum: 0, Workers: 4
[1380.318s][debug][gc,phases      ] GC(58)   Weak JFR Old Object Samples    Min:  0.0, Avg:  0.0, Max:  0.0, Diff:  0.0, Sum:  0.0, Workers: 4
[1380.318s][debug][gc,phases      ] GC(58)     Dead                           Min: 0, Avg:  0.0, Max: 0, Diff: 0, Sum: 0, Workers: 4
[1380.318s][debug][gc,phases      ] GC(58)     Total                          Min: 0, Avg:  0.0, Max: 0, Diff: 0, Sum: 0, Workers: 4
[1380.318s][debug][gc,phases      ] GC(58) Weak Processing 0.268ms
[1380.318s][debug][gc,age         ] GC(58) Desired survivor size 109576192 bytes, new threshold 15 (max threshold 15)
[1380.318s][info ][gc,heap        ] GC(58) PSYoungGen: 1855952K(1973248K)->1040K(1990144K) Eden: 1854976K(1854976K)->0K(1877504K) From: 976K(118272K)->1040K(112640K)
[1380.318s][info ][gc,heap        ] GC(58) ParOldGen: 275259K(376832K)->275291K(376832K)
[1380.318s][info ][gc,metaspace   ] GC(58) Metaspace: 78463K(79360K)->78463K(79360K) NonClass: 67219K(67712K)->67219K(67712K) Class: 11243K(11648K)->11243K(11648K)
[1380.318s][info ][gc             ] GC(58) Pause Young (Allocation Failure) 2081M->269M(2311M) 1.421ms
[1380.318s][info ][gc,cpu         ] GC(58) User=0.00s Sys=0.00s Real=0.00s
[1380.318s][info ][safepoint      ] Safepoint "ParallelGCFailedAllocation", Time since last: 41797808001 ns, Reaching safepoint: 23700 ns, At safepoint: 1493820 ns, Total: 1517520 ns
[1384.318s][info ][safepoint      ] Safepoint "Cleanup", Time since last: 4000282055 ns, Reaching safepoint: 40501 ns, At safepoint: 3000 ns, Total: 43501 ns
[1422.616s][info ][gc,start       ] GC(59) Pause Young (Allocation Failure)
[1422.617s][debug][gc,phases      ] GC(59) Scavenge 1.469ms
[1422.617s][debug][gc,ref         ] GC(59) Skipped phase 1 of Reference Processing: no references
[1422.617s][debug][gc,ref         ] GC(59) ReferenceProcessor::execute queues: 1, RefProcThreadModel::Single, marks_oops_alive: false
[1422.617s][debug][gc,ref         ] GC(59) Skipped phase 3 of Reference Processing: no references
[1422.617s][debug][gc,ref         ] GC(59) Skipped phase 4 of Reference Processing: no references
[1422.617s][debug][gc,phases      ] GC(59) Reference Processing 0.097ms
[1422.618s][debug][gc,phases      ] GC(59)   VM Weak                        Min:  0.0, Avg:  0.0, Max:  0.0, Diff:  0.0, Sum:  0.0, Workers: 4
[1422.618s][debug][gc,phases      ] GC(59)     Dead                           Min: 0, Avg:  0.0, Max: 0, Diff: 0, Sum: 0, Workers: 4
[1422.618s][debug][gc,phases      ] GC(59)     Total                          Min: 0, Avg: 178.0, Max: 384, Diff: 384, Sum: 712, Workers: 4
[1422.618s][debug][gc,phases      ] GC(59)   ObjectSynchronizer Weak        Min:  0.0, Avg:  0.0, Max:  0.0, Diff:  0.0, Sum:  0.0, Workers: 4
[1422.618s][debug][gc,phases      ] GC(59)     Dead                           Min: 0, Avg:  0.0, Max: 0, Diff: 0, Sum: 0, Workers: 4
[1422.618s][debug][gc,phases      ] GC(59)     Total                          Min: 0, Avg: 12.2, Max: 49, Diff: 49, Sum: 49, Workers: 4
[1422.618s][debug][gc,phases      ] GC(59)   JVMTI Tag Weak OopStorage      Min:  0.0, Avg:  0.0, Max:  0.0, Diff:  0.0, Sum:  0.0, Workers: 4
[1422.618s][debug][gc,phases      ] GC(59)     Dead                           Min: 0, Avg:  0.0, Max: 0, Diff: 0, Sum: 0, Workers: 4
[1422.618s][debug][gc,phases      ] GC(59)     Total                          Min: 0, Avg:  0.0, Max: 0, Diff: 0, Sum: 0, Workers: 4
[1422.618s][debug][gc,phases      ] GC(59)   StringTable Weak               Min:  0.0, Avg:  0.1, Max:  0.1, Diff:  0.1, Sum:  0.3, Workers: 4
[1422.618s][debug][gc,phases      ] GC(59)     Dead                           Min: 0, Avg:  0.0, Max: 0, Diff: 0, Sum: 0, Workers: 4
[1422.618s][debug][gc,phases      ] GC(59)     Total                          Min: 0, Avg: 10755.8, Max: 18255, Diff: 18255, Sum: 43023, Workers: 4
[1422.618s][debug][gc,phases      ] GC(59)   ResolvedMethodTable Weak       Min:  0.0, Avg:  0.0, Max:  0.0, Diff:  0.0, Sum:  0.1, Workers: 4
[1422.618s][debug][gc,phases      ] GC(59)     Dead                           Min: 0, Avg:  0.0, Max: 0, Diff: 0, Sum: 0, Workers: 4
[1422.618s][debug][gc,phases      ] GC(59)     Total                          Min: 0, Avg: 2124.0, Max: 3696, Diff: 3696, Sum: 8496, Workers: 4
[1422.618s][debug][gc,phases      ] GC(59)   JNI Weak                       Min:  0.0, Avg:  0.0, Max:  0.0, Diff:  0.0, Sum:  0.0, Workers: 4
[1422.618s][debug][gc,phases      ] GC(59)     Dead                           Min: 0, Avg:  0.0, Max: 0, Diff: 0, Sum: 0, Workers: 4
[1422.618s][debug][gc,phases      ] GC(59)     Total                          Min: 0, Avg: 11.2, Max: 45, Diff: 45, Sum: 45, Workers: 4
[1422.618s][debug][gc,phases      ] GC(59)   StringDedup Table Weak         Min:  0.0, Avg:  0.0, Max:  0.0, Diff:  0.0, Sum:  0.0, Workers: 4
[1422.618s][debug][gc,phases      ] GC(59)     Dead                           Min: 0, Avg:  0.0, Max: 0, Diff: 0, Sum: 0, Workers: 4
[1422.618s][debug][gc,phases      ] GC(59)     Total                          Min: 0, Avg:  0.0, Max: 0, Diff: 0, Sum: 0, Workers: 4
[1422.618s][debug][gc,phases      ] GC(59)   StringDedup Requests0 Weak     Min:  0.0, Avg:  0.0, Max:  0.0, Diff:  0.0, Sum:  0.0, Workers: 4
[1422.618s][debug][gc,phases      ] GC(59)     Dead                           Min: 0, Avg:  0.0, Max: 0, Diff: 0, Sum: 0, Workers: 4
[1422.618s][debug][gc,phases      ] GC(59)     Total                          Min: 0, Avg:  0.0, Max: 0, Diff: 0, Sum: 0, Workers: 4
[1422.618s][debug][gc,phases      ] GC(59)   StringDedup Requests1 Weak     Min:  0.0, Avg:  0.0, Max:  0.0, Diff:  0.0, Sum:  0.0, Workers: 4
[1422.618s][debug][gc,phases      ] GC(59)     Dead                           Min: 0, Avg:  0.0, Max: 0, Diff: 0, Sum: 0, Workers: 4
[1422.618s][debug][gc,phases      ] GC(59)     Total                          Min: 0, Avg:  0.0, Max: 0, Diff: 0, Sum: 0, Workers: 4
[1422.618s][debug][gc,phases      ] GC(59)   Weak JFR Old Object Samples    Min:  0.0, Avg:  0.0, Max:  0.0, Diff:  0.0, Sum:  0.0, Workers: 4
[1422.618s][debug][gc,phases      ] GC(59)     Dead                           Min: 0, Avg:  0.0, Max: 0, Diff: 0, Sum: 0, Workers: 4
[1422.618s][debug][gc,phases      ] GC(59)     Total                          Min: 0, Avg:  0.0, Max: 0, Diff: 0, Sum: 0, Workers: 4
[1422.618s][debug][gc,phases      ] GC(59) Weak Processing 0.299ms
[1422.618s][debug][gc,age         ] GC(59) Desired survivor size 104333312 bytes, new threshold 15 (max threshold 15)
[1422.618s][info ][gc,heap        ] GC(59) PSYoungGen: 1878544K(1990144K)->928K(1984512K) Eden: 1877504K(1877504K)->0K(1877504K) From: 1040K(112640K)->928K(107008K)
[1422.618s][info ][gc,heap        ] GC(59) ParOldGen: 275291K(376832K)->275307K(376832K)
[1422.618s][info ][gc,metaspace   ] GC(59) Metaspace: 78470K(79360K)->78470K(79360K) NonClass: 67227K(67712K)->67227K(67712K) Class: 11243K(11648K)->11243K(11648K)
[1422.618s][info ][gc             ] GC(59) Pause Young (Allocation Failure) 2103M->269M(2306M) 1.952ms
[1422.618s][info ][gc,cpu         ] GC(59) User=0.01s Sys=0.00s Real=0.00s
[1422.618s][info ][safepoint      ] Safepoint "ParallelGCFailedAllocation", Time since last: 38297830326 ns, Reaching safepoint: 23400 ns, At safepoint: 2002526 ns, Total: 2025926 ns
[1464.917s][info ][gc,start       ] GC(60) Pause Young (Allocation Failure)
[1464.918s][debug][gc,phases      ] GC(60) Scavenge 1.564ms
[1464.918s][debug][gc,ref         ] GC(60) Skipped phase 1 of Reference Processing: no references
[1464.918s][debug][gc,ref         ] GC(60) ReferenceProcessor::execute queues: 1, RefProcThreadModel::Single, marks_oops_alive: false
[1464.918s][debug][gc,ref         ] GC(60) Skipped phase 3 of Reference Processing: no references
[1464.918s][debug][gc,ref         ] GC(60) Skipped phase 4 of Reference Processing: no references
[1464.918s][debug][gc,phases      ] GC(60) Reference Processing 0.086ms
[1464.918s][debug][gc,phases      ] GC(60)   VM Weak                        Min:  0.0, Avg:  0.0, Max:  0.0, Diff:  0.0, Sum:  0.0, Workers: 4
[1464.919s][debug][gc,phases      ] GC(60)     Dead                           Min: 0, Avg:  0.0, Max: 0, Diff: 0, Sum: 0, Workers: 4
[1464.919s][debug][gc,phases      ] GC(60)     Total                          Min: 0, Avg: 178.0, Max: 712, Diff: 712, Sum: 712, Workers: 4
[1464.919s][debug][gc,phases      ] GC(60)   ObjectSynchronizer Weak        Min:  0.0, Avg:  0.0, Max:  0.0, Diff:  0.0, Sum:  0.0, Workers: 4
[1464.919s][debug][gc,phases      ] GC(60)     Dead                           Min: 0, Avg:  0.0, Max: 0, Diff: 0, Sum: 0, Workers: 4
[1464.919s][debug][gc,phases      ] GC(60)     Total                          Min: 0, Avg: 12.2, Max: 49, Diff: 49, Sum: 49, Workers: 4
[1464.919s][debug][gc,phases      ] GC(60)   JVMTI Tag Weak OopStorage      Min:  0.0, Avg:  0.0, Max:  0.0, Diff:  0.0, Sum:  0.0, Workers: 4
[1464.919s][debug][gc,phases      ] GC(60)     Dead                           Min: 0, Avg:  0.0, Max: 0, Diff: 0, Sum: 0, Workers: 4
[1464.919s][debug][gc,phases      ] GC(60)     Total                          Min: 0, Avg:  0.0, Max: 0, Diff: 0, Sum: 0, Workers: 4
[1464.919s][debug][gc,phases      ] GC(60)   StringTable Weak               Min:  0.1, Avg:  0.1, Max:  0.1, Diff:  0.0, Sum:  0.4, Workers: 4
[1464.919s][debug][gc,phases      ] GC(60)     Dead                           Min: 0, Avg:  0.0, Max: 0, Diff: 0, Sum: 0, Workers: 4
[1464.919s][debug][gc,phases      ] GC(60)     Total                          Min: 10560, Avg: 10755.8, Max: 10944, Diff: 384, Sum: 43023, Workers: 4
[1464.919s][debug][gc,phases      ] GC(60)   ResolvedMethodTable Weak       Min:  0.0, Avg:  0.0, Max:  0.0, Diff:  0.0, Sum:  0.1, Workers: 4
[1464.919s][debug][gc,phases      ] GC(60)     Dead                           Min: 0, Avg:  0.0, Max: 0, Diff: 0, Sum: 0, Workers: 4
[1464.919s][debug][gc,phases      ] GC(60)     Total                          Min: 2048, Avg: 2124.0, Max: 2240, Diff: 192, Sum: 8496, Workers: 4
[1464.919s][debug][gc,phases      ] GC(60)   JNI Weak                       Min:  0.0, Avg:  0.0, Max:  0.0, Diff:  0.0, Sum:  0.0, Workers: 4
[1464.919s][debug][gc,phases      ] GC(60)     Dead                           Min: 0, Avg:  0.0, Max: 0, Diff: 0, Sum: 0, Workers: 4
[1464.919s][debug][gc,phases      ] GC(60)     Total                          Min: 0, Avg: 11.2, Max: 45, Diff: 45, Sum: 45, Workers: 4
[1464.919s][debug][gc,phases      ] GC(60)   StringDedup Table Weak         Min:  0.0, Avg:  0.0, Max:  0.0, Diff:  0.0, Sum:  0.0, Workers: 4
[1464.919s][debug][gc,phases      ] GC(60)     Dead                           Min: 0, Avg:  0.0, Max: 0, Diff: 0, Sum: 0, Workers: 4
[1464.919s][debug][gc,phases      ] GC(60)     Total                          Min: 0, Avg:  0.0, Max: 0, Diff: 0, Sum: 0, Workers: 4
[1464.919s][debug][gc,phases      ] GC(60)   StringDedup Requests0 Weak     Min:  0.0, Avg:  0.0, Max:  0.0, Diff:  0.0, Sum:  0.0, Workers: 4
[1464.919s][debug][gc,phases      ] GC(60)     Dead                           Min: 0, Avg:  0.0, Max: 0, Diff: 0, Sum: 0, Workers: 4
[1464.919s][debug][gc,phases      ] GC(60)     Total                          Min: 0, Avg:  0.0, Max: 0, Diff: 0, Sum: 0, Workers: 4
[1464.919s][debug][gc,phases      ] GC(60)   StringDedup Requests1 Weak     Min:  0.0, Avg:  0.0, Max:  0.0, Diff:  0.0, Sum:  0.0, Workers: 4
[1464.919s][debug][gc,phases      ] GC(60)     Dead                           Min: 0, Avg:  0.0, Max: 0, Diff: 0, Sum: 0, Workers: 4
[1464.919s][debug][gc,phases      ] GC(60)     Total                          Min: 0, Avg:  0.0, Max: 0, Diff: 0, Sum: 0, Workers: 4
[1464.919s][debug][gc,phases      ] GC(60)   Weak JFR Old Object Samples    Min:  0.0, Avg:  0.0, Max:  0.0, Diff:  0.0, Sum:  0.0, Workers: 4
[1464.919s][debug][gc,phases      ] GC(60)     Dead                           Min: 0, Avg:  0.0, Max: 0, Diff: 0, Sum: 0, Workers: 4
[1464.919s][debug][gc,phases      ] GC(60)     Total                          Min: 0, Avg:  0.0, Max: 0, Diff: 0, Sum: 0, Workers: 4
[1464.919s][debug][gc,phases      ] GC(60) Weak Processing 0.273ms
[1464.919s][debug][gc,age         ] GC(60) Desired survivor size 98566144 bytes, new threshold 15 (max threshold 15)
[1464.919s][info ][gc,heap        ] GC(60) PSYoungGen: 1878432K(1984512K)->992K(2000896K) Eden: 1877504K(1877504K)->0K(1899008K) From: 928K(107008K)->992K(101888K)
[1464.919s][info ][gc,heap        ] GC(60) ParOldGen: 275307K(376832K)->275331K(376832K)
[1464.919s][info ][gc,metaspace   ] GC(60) Metaspace: 78470K(79360K)->78470K(79360K) NonClass: 67227K(67712K)->67227K(67712K) Class: 11243K(11648K)->11243K(11648K)
[1464.919s][info ][gc             ] GC(60) Pause Young (Allocation Failure) 2103M->269M(2322M) 2.006ms
[1464.919s][info ][gc,cpu         ] GC(60) User=0.00s Sys=0.00s Real=0.00s
[1464.919s][info ][safepoint      ] Safepoint "ParallelGCFailedAllocation", Time since last: 42298697973 ns, Reaching safepoint: 35001 ns, At safepoint: 2086027 ns, Total: 2121028 ns
[1507.716s][info ][gc,start       ] GC(61) Pause Young (Allocation Failure)
[1507.717s][debug][gc,phases      ] GC(61) Scavenge 1.002ms
[1507.717s][debug][gc,ref         ] GC(61) Skipped phase 1 of Reference Processing: no references
[1507.717s][debug][gc,ref         ] GC(61) ReferenceProcessor::execute queues: 1, RefProcThreadModel::Single, marks_oops_alive: false
[1507.717s][debug][gc,ref         ] GC(61) Skipped phase 3 of Reference Processing: no references
[1507.717s][debug][gc,ref         ] GC(61) Skipped phase 4 of Reference Processing: no references
[1507.717s][debug][gc,phases      ] GC(61) Reference Processing 0.095ms
[1507.717s][debug][gc,phases      ] GC(61)   VM Weak                        Min:  0.0, Avg:  0.0, Max:  0.0, Diff:  0.0, Sum:  0.0, Workers: 4
[1507.717s][debug][gc,phases      ] GC(61)     Dead                           Min: 0, Avg:  0.0, Max: 0, Diff: 0, Sum: 0, Workers: 4
[1507.717s][debug][gc,phases      ] GC(61)     Total                          Min: 0, Avg: 178.0, Max: 584, Diff: 584, Sum: 712, Workers: 4
[1507.717s][debug][gc,phases      ] GC(61)   ObjectSynchronizer Weak        Min:  0.0, Avg:  0.0, Max:  0.0, Diff:  0.0, Sum:  0.0, Workers: 4
[1507.717s][debug][gc,phases      ] GC(61)     Dead                           Min: 0, Avg:  0.0, Max: 0, Diff: 0, Sum: 0, Workers: 4
[1507.717s][debug][gc,phases      ] GC(61)     Total                          Min: 0, Avg: 12.2, Max: 49, Diff: 49, Sum: 49, Workers: 4
[1507.717s][debug][gc,phases      ] GC(61)   JVMTI Tag Weak OopStorage      Min:  0.0, Avg:  0.0, Max:  0.0, Diff:  0.0, Sum:  0.0, Workers: 4
[1507.717s][debug][gc,phases      ] GC(61)     Dead                           Min: 0, Avg:  0.0, Max: 0, Diff: 0, Sum: 0, Workers: 4
[1507.717s][debug][gc,phases      ] GC(61)     Total                          Min: 0, Avg:  0.0, Max: 0, Diff: 0, Sum: 0, Workers: 4
[1507.717s][debug][gc,phases      ] GC(61)   StringTable Weak               Min:  0.0, Avg:  0.1, Max:  0.1, Diff:  0.1, Sum:  0.3, Workers: 4
[1507.717s][debug][gc,phases      ] GC(61)     Dead                           Min: 0, Avg:  0.0, Max: 0, Diff: 0, Sum: 0, Workers: 4
[1507.717s][debug][gc,phases      ] GC(61)     Total                          Min: 0, Avg: 10755.8, Max: 18816, Diff: 18816, Sum: 43023, Workers: 4
[1507.717s][debug][gc,phases      ] GC(61)   ResolvedMethodTable Weak       Min:  0.0, Avg:  0.0, Max:  0.0, Diff:  0.0, Sum:  0.1, Workers: 4
[1507.717s][debug][gc,phases      ] GC(61)     Dead                           Min: 0, Avg:  0.0, Max: 0, Diff: 0, Sum: 0, Workers: 4
[1507.717s][debug][gc,phases      ] GC(61)     Total                          Min: 0, Avg: 2124.0, Max: 3696, Diff: 3696, Sum: 8496, Workers: 4
[1507.717s][debug][gc,phases      ] GC(61)   JNI Weak                       Min:  0.0, Avg:  0.0, Max:  0.0, Diff:  0.0, Sum:  0.0, Workers: 4
[1507.717s][debug][gc,phases      ] GC(61)     Dead                           Min: 0, Avg:  0.0, Max: 0, Diff: 0, Sum: 0, Workers: 4
[1507.717s][debug][gc,phases      ] GC(61)     Total                          Min: 0, Avg: 11.2, Max: 45, Diff: 45, Sum: 45, Workers: 4
[1507.717s][debug][gc,phases      ] GC(61)   StringDedup Table Weak         Min:  0.0, Avg:  0.0, Max:  0.0, Diff:  0.0, Sum:  0.0, Workers: 4
[1507.717s][debug][gc,phases      ] GC(61)     Dead                           Min: 0, Avg:  0.0, Max: 0, Diff: 0, Sum: 0, Workers: 4
[1507.717s][debug][gc,phases      ] GC(61)     Total                          Min: 0, Avg:  0.0, Max: 0, Diff: 0, Sum: 0, Workers: 4
[1507.717s][debug][gc,phases      ] GC(61)   StringDedup Requests0 Weak     Min:  0.0, Avg:  0.0, Max:  0.0, Diff:  0.0, Sum:  0.0, Workers: 4
[1507.717s][debug][gc,phases      ] GC(61)     Dead                           Min: 0, Avg:  0.0, Max: 0, Diff: 0, Sum: 0, Workers: 4
[1507.717s][debug][gc,phases      ] GC(61)     Total                          Min: 0, Avg:  0.0, Max: 0, Diff: 0, Sum: 0, Workers: 4
[1507.717s][debug][gc,phases      ] GC(61)   StringDedup Requests1 Weak     Min:  0.0, Avg:  0.0, Max:  0.0, Diff:  0.0, Sum:  0.0, Workers: 4
[1507.717s][debug][gc,phases      ] GC(61)     Dead                           Min: 0, Avg:  0.0, Max: 0, Diff: 0, Sum: 0, Workers: 4
[1507.717s][debug][gc,phases      ] GC(61)     Total                          Min: 0, Avg:  0.0, Max: 0, Diff: 0, Sum: 0, Workers: 4
[1507.717s][debug][gc,phases      ] GC(61)   Weak JFR Old Object Samples    Min:  0.0, Avg:  0.0, Max:  0.0, Diff:  0.0, Sum:  0.0, Workers: 4
[1507.717s][debug][gc,phases      ] GC(61)     Dead                           Min: 0, Avg:  0.0, Max: 0, Diff: 0, Sum: 0, Workers: 4
[1507.717s][debug][gc,phases      ] GC(61)     Total                          Min: 0, Avg:  0.0, Max: 0, Diff: 0, Sum: 0, Workers: 4
[1507.717s][debug][gc,phases      ] GC(61) Weak Processing 0.280ms
[1507.717s][debug][gc,age         ] GC(61) Desired survivor size 92798976 bytes, new threshold 15 (max threshold 15)
[1507.717s][info ][gc,heap        ] GC(61) PSYoungGen: 1900000K(2000896K)->960K(1995264K) Eden: 1899008K(1899008K)->0K(1899008K) From: 992K(101888K)->960K(96256K)
[1507.717s][info ][gc,heap        ] GC(61) ParOldGen: 275331K(376832K)->275347K(376832K)
[1507.717s][info ][gc,metaspace   ] GC(61) Metaspace: 78470K(79360K)->78470K(79360K) NonClass: 67227K(67712K)->67227K(67712K) Class: 11243K(11648K)->11243K(11648K)
[1507.717s][info ][gc             ] GC(61) Pause Young (Allocation Failure) 2124M->269M(2316M) 1.458ms
[1507.717s][info ][gc,cpu         ] GC(61) User=0.00s Sys=0.00s Real=0.00s
[1507.717s][info ][safepoint      ] Safepoint "ParallelGCFailedAllocation", Time since last: 42797152476 ns, Reaching safepoint: 26001 ns, At safepoint: 1527720 ns, Total: 1553721 ns
[1514.718s][info ][safepoint      ] Safepoint "Cleanup", Time since last: 7000466921 ns, Reaching safepoint: 36400 ns, At safepoint: 1900 ns, Total: 38300 ns
[1549.715s][info ][gc,start       ] GC(62) Pause Young (Allocation Failure)
[1549.717s][debug][gc,phases      ] GC(62) Scavenge 1.650ms
[1549.717s][debug][gc,ref         ] GC(62) Skipped phase 1 of Reference Processing: no references
[1549.717s][debug][gc,ref         ] GC(62) ReferenceProcessor::execute queues: 1, RefProcThreadModel::Single, marks_oops_alive: false
[1549.717s][debug][gc,ref         ] GC(62) Skipped phase 3 of Reference Processing: no references
[1549.717s][debug][gc,ref         ] GC(62) ReferenceProcessor::execute queues: 1, RefProcThreadModel::Single, marks_oops_alive: false
[1549.717s][debug][gc,phases      ] GC(62) Reference Processing 0.093ms
[1549.717s][debug][gc,phases      ] GC(62)   VM Weak                        Min:  0.0, Avg:  0.0, Max:  0.0, Diff:  0.0, Sum:  0.0, Workers: 4
[1549.717s][debug][gc,phases      ] GC(62)     Dead                           Min: 0, Avg:  0.0, Max: 0, Diff: 0, Sum: 0, Workers: 4
[1549.717s][debug][gc,phases      ] GC(62)     Total                          Min: 0, Avg: 178.0, Max: 712, Diff: 712, Sum: 712, Workers: 4
[1549.717s][debug][gc,phases      ] GC(62)   ObjectSynchronizer Weak        Min:  0.0, Avg:  0.0, Max:  0.0, Diff:  0.0, Sum:  0.0, Workers: 4
[1549.717s][debug][gc,phases      ] GC(62)     Dead                           Min: 0, Avg:  0.0, Max: 0, Diff: 0, Sum: 0, Workers: 4
[1549.717s][debug][gc,phases      ] GC(62)     Total                          Min: 0, Avg: 12.2, Max: 49, Diff: 49, Sum: 49, Workers: 4
[1549.717s][debug][gc,phases      ] GC(62)   JVMTI Tag Weak OopStorage      Min:  0.0, Avg:  0.0, Max:  0.0, Diff:  0.0, Sum:  0.0, Workers: 4
[1549.717s][debug][gc,phases      ] GC(62)     Dead                           Min: 0, Avg:  0.0, Max: 0, Diff: 0, Sum: 0, Workers: 4
[1549.717s][debug][gc,phases      ] GC(62)     Total                          Min: 0, Avg:  0.0, Max: 0, Diff: 0, Sum: 0, Workers: 4
[1549.717s][debug][gc,phases      ] GC(62)   StringTable Weak               Min:  0.0, Avg:  0.1, Max:  0.1, Diff:  0.1, Sum:  0.3, Workers: 4
[1549.717s][debug][gc,phases      ] GC(62)     Dead                           Min: 0, Avg:  0.0, Max: 0, Diff: 0, Sum: 0, Workers: 4
[1549.717s][debug][gc,phases      ] GC(62)     Total                          Min: 0, Avg: 10756.0, Max: 18048, Diff: 18048, Sum: 43024, Workers: 4
[1549.717s][debug][gc,phases      ] GC(62)   ResolvedMethodTable Weak       Min:  0.0, Avg:  0.0, Max:  0.0, Diff:  0.0, Sum:  0.1, Workers: 4
[1549.717s][debug][gc,phases      ] GC(62)     Dead                           Min: 0, Avg:  0.0, Max: 0, Diff: 0, Sum: 0, Workers: 4
[1549.717s][debug][gc,phases      ] GC(62)     Total                          Min: 0, Avg: 2124.0, Max: 3696, Diff: 3696, Sum: 8496, Workers: 4
[1549.717s][debug][gc,phases      ] GC(62)   JNI Weak                       Min:  0.0, Avg:  0.0, Max:  0.0, Diff:  0.0, Sum:  0.0, Workers: 4
[1549.717s][debug][gc,phases      ] GC(62)     Dead                           Min: 0, Avg:  0.0, Max: 0, Diff: 0, Sum: 0, Workers: 4
[1549.717s][debug][gc,phases      ] GC(62)     Total                          Min: 0, Avg: 11.2, Max: 45, Diff: 45, Sum: 45, Workers: 4
[1549.717s][debug][gc,phases      ] GC(62)   StringDedup Table Weak         Min:  0.0, Avg:  0.0, Max:  0.0, Diff:  0.0, Sum:  0.0, Workers: 4
[1549.717s][debug][gc,phases      ] GC(62)     Dead                           Min: 0, Avg:  0.0, Max: 0, Diff: 0, Sum: 0, Workers: 4
[1549.717s][debug][gc,phases      ] GC(62)     Total                          Min: 0, Avg:  0.0, Max: 0, Diff: 0, Sum: 0, Workers: 4
[1549.717s][debug][gc,phases      ] GC(62)   StringDedup Requests0 Weak     Min:  0.0, Avg:  0.0, Max:  0.0, Diff:  0.0, Sum:  0.0, Workers: 4
[1549.717s][debug][gc,phases      ] GC(62)     Dead                           Min: 0, Avg:  0.0, Max: 0, Diff: 0, Sum: 0, Workers: 4
[1549.717s][debug][gc,phases      ] GC(62)     Total                          Min: 0, Avg:  0.0, Max: 0, Diff: 0, Sum: 0, Workers: 4
[1549.717s][debug][gc,phases      ] GC(62)   StringDedup Requests1 Weak     Min:  0.0, Avg:  0.0, Max:  0.0, Diff:  0.0, Sum:  0.0, Workers: 4
[1549.717s][debug][gc,phases      ] GC(62)     Dead                           Min: 0, Avg:  0.0, Max: 0, Diff: 0, Sum: 0, Workers: 4
[1549.717s][debug][gc,phases      ] GC(62)     Total                          Min: 0, Avg:  0.0, Max: 0, Diff: 0, Sum: 0, Workers: 4
[1549.717s][debug][gc,phases      ] GC(62)   Weak JFR Old Object Samples    Min:  0.0, Avg:  0.0, Max:  0.0, Diff:  0.0, Sum:  0.0, Workers: 4
[1549.717s][debug][gc,phases      ] GC(62)     Dead                           Min: 0, Avg:  0.0, Max: 0, Diff: 0, Sum: 0, Workers: 4
[1549.717s][debug][gc,phases      ] GC(62)     Total                          Min: 0, Avg:  0.0, Max: 0, Diff: 0, Sum: 0, Workers: 4
[1549.717s][debug][gc,phases      ] GC(62) Weak Processing 0.299ms
[1549.717s][debug][gc,age         ] GC(62) Desired survivor size 87556096 bytes, new threshold 15 (max threshold 15)
[1549.717s][info ][gc,heap        ] GC(62) PSYoungGen: 1899968K(1995264K)->800K(2011648K) Eden: 1899008K(1899008K)->0K(1921024K) From: 960K(96256K)->800K(90624K)
[1549.717s][info ][gc,heap        ] GC(62) ParOldGen: 275347K(376832K)->275579K(376832K)
[1549.717s][info ][gc,metaspace   ] GC(62) Metaspace: 78472K(79360K)->78472K(79360K) NonClass: 67229K(67712K)->67229K(67712K) Class: 11243K(11648K)->11243K(11648K)
[1549.717s][info ][gc             ] GC(62) Pause Young (Allocation Failure) 2124M->269M(2332M) 2.120ms
[1549.717s][info ][gc,cpu         ] GC(62) User=0.00s Sys=0.00s Real=0.01s
[1549.717s][info ][safepoint      ] Safepoint "ParallelGCFailedAllocation", Time since last: 34997215392 ns, Reaching safepoint: 69801 ns, At safepoint: 2192228 ns, Total: 2262029 ns
[1592.766s][info ][gc,start       ] GC(63) Pause Young (Allocation Failure)
[1592.767s][debug][gc,phases      ] GC(63) Scavenge 1.002ms
[1592.767s][debug][gc,ref         ] GC(63) Skipped phase 1 of Reference Processing: no references
[1592.767s][debug][gc,ref         ] GC(63) ReferenceProcessor::execute queues: 1, RefProcThreadModel::Single, marks_oops_alive: false
[1592.767s][debug][gc,ref         ] GC(63) Skipped phase 3 of Reference Processing: no references
[1592.767s][debug][gc,ref         ] GC(63) Skipped phase 4 of Reference Processing: no references
[1592.767s][debug][gc,phases      ] GC(63) Reference Processing 0.090ms
[1592.767s][debug][gc,phases      ] GC(63)   VM Weak                        Min:  0.0, Avg:  0.0, Max:  0.0, Diff:  0.0, Sum:  0.0, Workers: 4
[1592.767s][debug][gc,phases      ] GC(63)     Dead                           Min: 0, Avg:  0.0, Max: 0, Diff: 0, Sum: 0, Workers: 4
[1592.767s][debug][gc,phases      ] GC(63)     Total                          Min: 64, Avg: 178.0, Max: 264, Diff: 200, Sum: 712, Workers: 4
[1592.767s][debug][gc,phases      ] GC(63)   ObjectSynchronizer Weak        Min:  0.0, Avg:  0.0, Max:  0.0, Diff:  0.0, Sum:  0.0, Workers: 4
[1592.767s][debug][gc,phases      ] GC(63)     Dead                           Min: 0, Avg:  0.0, Max: 0, Diff: 0, Sum: 0, Workers: 4
[1592.767s][debug][gc,phases      ] GC(63)     Total                          Min: 0, Avg: 12.2, Max: 49, Diff: 49, Sum: 49, Workers: 4
[1592.767s][debug][gc,phases      ] GC(63)   JVMTI Tag Weak OopStorage      Min:  0.0, Avg:  0.0, Max:  0.0, Diff:  0.0, Sum:  0.0, Workers: 4
[1592.767s][debug][gc,phases      ] GC(63)     Dead                           Min: 0, Avg:  0.0, Max: 0, Diff: 0, Sum: 0, Workers: 4
[1592.767s][debug][gc,phases      ] GC(63)     Total                          Min: 0, Avg:  0.0, Max: 0, Diff: 0, Sum: 0, Workers: 4
[1592.768s][debug][gc,phases      ] GC(63)   StringTable Weak               Min:  0.1, Avg:  0.1, Max:  0.1, Diff:  0.0, Sum:  0.4, Workers: 4
[1592.768s][debug][gc,phases      ] GC(63)     Dead                           Min: 0, Avg:  0.0, Max: 0, Diff: 0, Sum: 0, Workers: 4
[1592.768s][debug][gc,phases      ] GC(63)     Total                          Min: 9424, Avg: 10756.0, Max: 11648, Diff: 2224, Sum: 43024, Workers: 4
[1592.768s][debug][gc,phases      ] GC(63)   ResolvedMethodTable Weak       Min:  0.0, Avg:  0.0, Max:  0.0, Diff:  0.0, Sum:  0.1, Workers: 4
[1592.768s][debug][gc,phases      ] GC(63)     Dead                           Min: 0, Avg:  0.0, Max: 0, Diff: 0, Sum: 0, Workers: 4
[1592.768s][debug][gc,phases      ] GC(63)     Total                          Min: 2048, Avg: 2124.0, Max: 2224, Diff: 176, Sum: 8496, Workers: 4
[1592.768s][debug][gc,phases      ] GC(63)   JNI Weak                       Min:  0.0, Avg:  0.0, Max:  0.0, Diff:  0.0, Sum:  0.0, Workers: 4
[1592.768s][debug][gc,phases      ] GC(63)     Dead                           Min: 0, Avg:  0.0, Max: 0, Diff: 0, Sum: 0, Workers: 4
[1592.768s][debug][gc,phases      ] GC(63)     Total                          Min: 0, Avg: 11.2, Max: 45, Diff: 45, Sum: 45, Workers: 4
[1592.768s][debug][gc,phases      ] GC(63)   StringDedup Table Weak         Min:  0.0, Avg:  0.0, Max:  0.0, Diff:  0.0, Sum:  0.0, Workers: 4
[1592.768s][debug][gc,phases      ] GC(63)     Dead                           Min: 0, Avg:  0.0, Max: 0, Diff: 0, Sum: 0, Workers: 4
[1592.768s][debug][gc,phases      ] GC(63)     Total                          Min: 0, Avg:  0.0, Max: 0, Diff: 0, Sum: 0, Workers: 4
[1592.768s][debug][gc,phases      ] GC(63)   StringDedup Requests0 Weak     Min:  0.0, Avg:  0.0, Max:  0.0, Diff:  0.0, Sum:  0.0, Workers: 4
[1592.768s][debug][gc,phases      ] GC(63)     Dead                           Min: 0, Avg:  0.0, Max: 0, Diff: 0, Sum: 0, Workers: 4
[1592.768s][debug][gc,phases      ] GC(63)     Total                          Min: 0, Avg:  0.0, Max: 0, Diff: 0, Sum: 0, Workers: 4
[1592.768s][debug][gc,phases      ] GC(63)   StringDedup Requests1 Weak     Min:  0.0, Avg:  0.0, Max:  0.0, Diff:  0.0, Sum:  0.0, Workers: 4
[1592.768s][debug][gc,phases      ] GC(63)     Dead                           Min: 0, Avg:  0.0, Max: 0, Diff: 0, Sum: 0, Workers: 4
[1592.768s][debug][gc,phases      ] GC(63)     Total                          Min: 0, Avg:  0.0, Max: 0, Diff: 0, Sum: 0, Workers: 4
[1592.768s][debug][gc,phases      ] GC(63)   Weak JFR Old Object Samples    Min:  0.0, Avg:  0.0, Max:  0.0, Diff:  0.0, Sum:  0.0, Workers: 4
[1592.768s][debug][gc,phases      ] GC(63)     Dead                           Min: 0, Avg:  0.0, Max: 0, Diff: 0, Sum: 0, Workers: 4
[1592.768s][debug][gc,phases      ] GC(63)     Total                          Min: 0, Avg:  0.0, Max: 0, Diff: 0, Sum: 0, Workers: 4
[1592.768s][debug][gc,phases      ] GC(63) Weak Processing 0.285ms
[1592.768s][debug][gc,age         ] GC(63) Desired survivor size 82313216 bytes, new threshold 15 (max threshold 15)
[1592.768s][info ][gc,heap        ] GC(63) PSYoungGen: 1921824K(2011648K)->752K(2006528K) Eden: 1921024K(1921024K)->0K(1921024K) From: 800K(90624K)->752K(85504K)
[1592.768s][info ][gc,heap        ] GC(63) ParOldGen: 275579K(376832K)->275619K(376832K)
[1592.768s][info ][gc,metaspace   ] GC(63) Metaspace: 78473K(79360K)->78473K(79360K) NonClass: 67230K(67712K)->67230K(67712K) Class: 11243K(11648K)->11243K(11648K)
[1592.768s][info ][gc             ] GC(63) Pause Young (Allocation Failure) 2145M->269M(2327M) 1.477ms
[1592.768s][info ][gc,cpu         ] GC(63) User=0.01s Sys=0.00s Real=0.00s
[1592.768s][info ][safepoint      ] Safepoint "ParallelGCFailedAllocation", Time since last: 43048702971 ns, Reaching safepoint: 37400 ns, At safepoint: 1531120 ns, Total: 1568520 ns
[1636.066s][info ][gc,start       ] GC(64) Pause Young (Allocation Failure)
[1636.067s][debug][gc,phases      ] GC(64) Scavenge 1.022ms
[1636.067s][debug][gc,ref         ] GC(64) Skipped phase 1 of Reference Processing: no references
[1636.067s][debug][gc,ref         ] GC(64) ReferenceProcessor::execute queues: 1, RefProcThreadModel::Single, marks_oops_alive: false
[1636.067s][debug][gc,ref         ] GC(64) Skipped phase 3 of Reference Processing: no references
[1636.067s][debug][gc,ref         ] GC(64) Skipped phase 4 of Reference Processing: no references
[1636.067s][debug][gc,phases      ] GC(64) Reference Processing 0.087ms
[1636.067s][debug][gc,phases      ] GC(64)   VM Weak                        Min:  0.0, Avg:  0.0, Max:  0.0, Diff:  0.0, Sum:  0.0, Workers: 4
[1636.067s][debug][gc,phases      ] GC(64)     Dead                           Min: 0, Avg:  0.0, Max: 0, Diff: 0, Sum: 0, Workers: 4
[1636.067s][debug][gc,phases      ] GC(64)     Total                          Min: 0, Avg: 178.0, Max: 448, Diff: 448, Sum: 712, Workers: 4
[1636.067s][debug][gc,phases      ] GC(64)   ObjectSynchronizer Weak        Min:  0.0, Avg:  0.0, Max:  0.0, Diff:  0.0, Sum:  0.0, Workers: 4
[1636.067s][debug][gc,phases      ] GC(64)     Dead                           Min: 0, Avg:  0.0, Max: 0, Diff: 0, Sum: 0, Workers: 4
[1636.067s][debug][gc,phases      ] GC(64)     Total                          Min: 0, Avg: 12.2, Max: 49, Diff: 49, Sum: 49, Workers: 4
[1636.067s][debug][gc,phases      ] GC(64)   JVMTI Tag Weak OopStorage      Min:  0.0, Avg:  0.0, Max:  0.0, Diff:  0.0, Sum:  0.0, Workers: 4
[1636.067s][debug][gc,phases      ] GC(64)     Dead                           Min: 0, Avg:  0.0, Max: 0, Diff: 0, Sum: 0, Workers: 4
[1636.067s][debug][gc,phases      ] GC(64)     Total                          Min: 0, Avg:  0.0, Max: 0, Diff: 0, Sum: 0, Workers: 4
[1636.067s][debug][gc,phases      ] GC(64)   StringTable Weak               Min:  0.0, Avg:  0.1, Max:  0.1, Diff:  0.1, Sum:  0.3, Workers: 4
[1636.067s][debug][gc,phases      ] GC(64)     Dead                           Min: 0, Avg:  0.0, Max: 0, Diff: 0, Sum: 0, Workers: 4
[1636.067s][debug][gc,phases      ] GC(64)     Total                          Min: 0, Avg: 10756.0, Max: 17152, Diff: 17152, Sum: 43024, Workers: 4
[1636.067s][debug][gc,phases      ] GC(64)   ResolvedMethodTable Weak       Min:  0.0, Avg:  0.0, Max:  0.0, Diff:  0.0, Sum:  0.1, Workers: 4
[1636.067s][debug][gc,phases      ] GC(64)     Dead                           Min: 0, Avg:  0.0, Max: 0, Diff: 0, Sum: 0, Workers: 4
[1636.067s][debug][gc,phases      ] GC(64)     Total                          Min: 0, Avg: 2124.0, Max: 3696, Diff: 3696, Sum: 8496, Workers: 4
[1636.067s][debug][gc,phases      ] GC(64)   JNI Weak                       Min:  0.0, Avg:  0.0, Max:  0.0, Diff:  0.0, Sum:  0.0, Workers: 4
[1636.067s][debug][gc,phases      ] GC(64)     Dead                           Min: 0, Avg:  0.0, Max: 0, Diff: 0, Sum: 0, Workers: 4
[1636.067s][debug][gc,phases      ] GC(64)     Total                          Min: 0, Avg: 11.2, Max: 45, Diff: 45, Sum: 45, Workers: 4
[1636.067s][debug][gc,phases      ] GC(64)   StringDedup Table Weak         Min:  0.0, Avg:  0.0, Max:  0.0, Diff:  0.0, Sum:  0.0, Workers: 4
[1636.067s][debug][gc,phases      ] GC(64)     Dead                           Min: 0, Avg:  0.0, Max: 0, Diff: 0, Sum: 0, Workers: 4
[1636.067s][debug][gc,phases      ] GC(64)     Total                          Min: 0, Avg:  0.0, Max: 0, Diff: 0, Sum: 0, Workers: 4
[1636.067s][debug][gc,phases      ] GC(64)   StringDedup Requests0 Weak     Min:  0.0, Avg:  0.0, Max:  0.0, Diff:  0.0, Sum:  0.0, Workers: 4
[1636.067s][debug][gc,phases      ] GC(64)     Dead                           Min: 0, Avg:  0.0, Max: 0, Diff: 0, Sum: 0, Workers: 4
[1636.067s][debug][gc,phases      ] GC(64)     Total                          Min: 0, Avg:  0.0, Max: 0, Diff: 0, Sum: 0, Workers: 4
[1636.067s][debug][gc,phases      ] GC(64)   StringDedup Requests1 Weak     Min:  0.0, Avg:  0.0, Max:  0.0, Diff:  0.0, Sum:  0.0, Workers: 4
[1636.067s][debug][gc,phases      ] GC(64)     Dead                           Min: 0, Avg:  0.0, Max: 0, Diff: 0, Sum: 0, Workers: 4
[1636.067s][debug][gc,phases      ] GC(64)     Total                          Min: 0, Avg:  0.0, Max: 0, Diff: 0, Sum: 0, Workers: 4
[1636.067s][debug][gc,phases      ] GC(64)   Weak JFR Old Object Samples    Min:  0.0, Avg:  0.0, Max:  0.0, Diff:  0.0, Sum:  0.0, Workers: 4
[1636.067s][debug][gc,phases      ] GC(64)     Dead                           Min: 0, Avg:  0.0, Max: 0, Diff: 0, Sum: 0, Workers: 4
[1636.067s][debug][gc,phases      ] GC(64)     Total                          Min: 0, Avg:  0.0, Max: 0, Diff: 0, Sum: 0, Workers: 4
[1636.067s][debug][gc,phases      ] GC(64) Weak Processing 0.319ms
[1636.067s][debug][gc,age         ] GC(64) Desired survivor size 77070336 bytes, new threshold 15 (max threshold 15)
[1636.067s][info ][gc,heap        ] GC(64) PSYoungGen: 1921776K(2006528K)->752K(2021888K) Eden: 1921024K(1921024K)->0K(1941504K) From: 752K(85504K)->752K(80384K)
[1636.067s][info ][gc,heap        ] GC(64) ParOldGen: 275619K(376832K)->275651K(376832K)
[1636.067s][info ][gc,metaspace   ] GC(64) Metaspace: 78473K(79360K)->78473K(79360K) NonClass: 67230K(67712K)->67230K(67712K) Class: 11243K(11648K)->11243K(11648K)
[1636.067s][info ][gc             ] GC(64) Pause Young (Allocation Failure) 2145M->269M(2342M) 1.513ms
[1636.067s][info ][gc,cpu         ] GC(64) User=0.01s Sys=0.00s Real=0.00s
[1636.067s][info ][safepoint      ] Safepoint "ParallelGCFailedAllocation", Time since last: 43298049022 ns, Reaching safepoint: 39000 ns, At safepoint: 1602918 ns, Total: 1641918 ns
[1679.815s][info ][gc,start       ] GC(65) Pause Young (Allocation Failure)
[1679.816s][debug][gc,phases      ] GC(65) Scavenge 1.015ms
[1679.816s][debug][gc,ref         ] GC(65) Skipped phase 1 of Reference Processing: no references
[1679.816s][debug][gc,ref         ] GC(65) Skipped phase 2 of Reference Processing: no references
[1679.816s][debug][gc,ref         ] GC(65) Skipped phase 3 of Reference Processing: no references
[1679.816s][debug][gc,ref         ] GC(65) Skipped phase 4 of Reference Processing: no references
[1679.816s][debug][gc,phases      ] GC(65) Reference Processing 0.020ms
[1679.817s][debug][gc,phases      ] GC(65)   VM Weak                        Min:  0.0, Avg:  0.0, Max:  0.0, Diff:  0.0, Sum:  0.0, Workers: 4
[1679.817s][debug][gc,phases      ] GC(65)     Dead                           Min: 0, Avg:  0.0, Max: 0, Diff: 0, Sum: 0, Workers: 4
[1679.817s][debug][gc,phases      ] GC(65)     Total                          Min: 0, Avg: 178.0, Max: 712, Diff: 712, Sum: 712, Workers: 4
[1679.817s][debug][gc,phases      ] GC(65)   ObjectSynchronizer Weak        Min:  0.0, Avg:  0.0, Max:  0.0, Diff:  0.0, Sum:  0.0, Workers: 4
[1679.817s][debug][gc,phases      ] GC(65)     Dead                           Min: 0, Avg:  0.0, Max: 0, Diff: 0, Sum: 0, Workers: 4
[1679.817s][debug][gc,phases      ] GC(65)     Total                          Min: 0, Avg: 12.2, Max: 49, Diff: 49, Sum: 49, Workers: 4
[1679.817s][debug][gc,phases      ] GC(65)   JVMTI Tag Weak OopStorage      Min:  0.0, Avg:  0.0, Max:  0.0, Diff:  0.0, Sum:  0.0, Workers: 4
[1679.817s][debug][gc,phases      ] GC(65)     Dead                           Min: 0, Avg:  0.0, Max: 0, Diff: 0, Sum: 0, Workers: 4
[1679.817s][debug][gc,phases      ] GC(65)     Total                          Min: 0, Avg:  0.0, Max: 0, Diff: 0, Sum: 0, Workers: 4
[1679.817s][debug][gc,phases      ] GC(65)   StringTable Weak               Min:  0.0, Avg:  0.1, Max:  0.1, Diff:  0.1, Sum:  0.4, Workers: 4
[1679.817s][debug][gc,phases      ] GC(65)     Dead                           Min: 0, Avg:  0.0, Max: 0, Diff: 0, Sum: 0, Workers: 4
[1679.817s][debug][gc,phases      ] GC(65)     Total                          Min: 0, Avg: 10756.0, Max: 16272, Diff: 16272, Sum: 43024, Workers: 4
[1679.817s][debug][gc,phases      ] GC(65)   ResolvedMethodTable Weak       Min:  0.0, Avg:  0.0, Max:  0.0, Diff:  0.0, Sum:  0.1, Workers: 4
[1679.817s][debug][gc,phases      ] GC(65)     Dead                           Min: 0, Avg:  0.0, Max: 0, Diff: 0, Sum: 0, Workers: 4
[1679.817s][debug][gc,phases      ] GC(65)     Total                          Min: 0, Avg: 2124.0, Max: 3840, Diff: 3840, Sum: 8496, Workers: 4
[1679.817s][debug][gc,phases      ] GC(65)   JNI Weak                       Min:  0.0, Avg:  0.0, Max:  0.0, Diff:  0.0, Sum:  0.0, Workers: 4
[1679.817s][debug][gc,phases      ] GC(65)     Dead                           Min: 0, Avg:  0.0, Max: 0, Diff: 0, Sum: 0, Workers: 4
[1679.817s][debug][gc,phases      ] GC(65)     Total                          Min: 0, Avg: 11.2, Max: 45, Diff: 45, Sum: 45, Workers: 4
[1679.817s][debug][gc,phases      ] GC(65)   StringDedup Table Weak         Min:  0.0, Avg:  0.0, Max:  0.0, Diff:  0.0, Sum:  0.0, Workers: 4
[1679.817s][debug][gc,phases      ] GC(65)     Dead                           Min: 0, Avg:  0.0, Max: 0, Diff: 0, Sum: 0, Workers: 4
[1679.817s][debug][gc,phases      ] GC(65)     Total                          Min: 0, Avg:  0.0, Max: 0, Diff: 0, Sum: 0, Workers: 4
[1679.817s][debug][gc,phases      ] GC(65)   StringDedup Requests0 Weak     Min:  0.0, Avg:  0.0, Max:  0.0, Diff:  0.0, Sum:  0.0, Workers: 4
[1679.817s][debug][gc,phases      ] GC(65)     Dead                           Min: 0, Avg:  0.0, Max: 0, Diff: 0, Sum: 0, Workers: 4
[1679.817s][debug][gc,phases      ] GC(65)     Total                          Min: 0, Avg:  0.0, Max: 0, Diff: 0, Sum: 0, Workers: 4
[1679.817s][debug][gc,phases      ] GC(65)   StringDedup Requests1 Weak     Min:  0.0, Avg:  0.0, Max:  0.0, Diff:  0.0, Sum:  0.0, Workers: 4
[1679.817s][debug][gc,phases      ] GC(65)     Dead                           Min: 0, Avg:  0.0, Max: 0, Diff: 0, Sum: 0, Workers: 4
[1679.817s][debug][gc,phases      ] GC(65)     Total                          Min: 0, Avg:  0.0, Max: 0, Diff: 0, Sum: 0, Workers: 4
[1679.817s][debug][gc,phases      ] GC(65)   Weak JFR Old Object Samples    Min:  0.0, Avg:  0.0, Max:  0.0, Diff:  0.0, Sum:  0.0, Workers: 4
[1679.817s][debug][gc,phases      ] GC(65)     Dead                           Min: 0, Avg:  0.0, Max: 0, Diff: 0, Sum: 0, Workers: 4
[1679.817s][debug][gc,phases      ] GC(65)     Total                          Min: 0, Avg:  0.0, Max: 0, Diff: 0, Sum: 0, Workers: 4
[1679.817s][debug][gc,phases      ] GC(65) Weak Processing 0.315ms
[1679.817s][debug][gc,age         ] GC(65) Desired survivor size 72351744 bytes, new threshold 15 (max threshold 15)
[1679.817s][info ][gc,heap        ] GC(65) PSYoungGen: 1942256K(2021888K)->880K(2016768K) Eden: 1941504K(1941504K)->0K(1941504K) From: 752K(80384K)->880K(75264K)
[1679.817s][info ][gc,heap        ] GC(65) ParOldGen: 275651K(376832K)->275675K(376832K)
[1679.817s][info ][gc,metaspace   ] GC(65) Metaspace: 78473K(79360K)->78473K(79360K) NonClass: 67230K(67712K)->67230K(67712K) Class: 11243K(11648K)->11243K(11648K)
[1679.817s][info ][gc             ] GC(65) Pause Young (Allocation Failure) 2165M->270M(2337M) 1.432ms
[1679.817s][info ][gc,cpu         ] GC(65) User=0.01s Sys=0.00s Real=0.01s
[1679.817s][info ][safepoint      ] Safepoint "ParallelGCFailedAllocation", Time since last: 43747917484 ns, Reaching safepoint: 23600 ns, At safepoint: 1507220 ns, Total: 1530820 ns
[1723.565s][info ][gc,start       ] GC(66) Pause Young (Allocation Failure)
[1723.566s][debug][gc,phases      ] GC(66) Scavenge 0.928ms
[1723.566s][debug][gc,ref         ] GC(66) Skipped phase 1 of Reference Processing: no references
[1723.566s][debug][gc,ref         ] GC(66) Skipped phase 2 of Reference Processing: no references
[1723.566s][debug][gc,ref         ] GC(66) Skipped phase 3 of Reference Processing: no references
[1723.566s][debug][gc,ref         ] GC(66) Skipped phase 4 of Reference Processing: no references
[1723.566s][debug][gc,phases      ] GC(66) Reference Processing 0.028ms
[1723.566s][debug][gc,phases      ] GC(66)   VM Weak                        Min:  0.0, Avg:  0.0, Max:  0.0, Diff:  0.0, Sum:  0.0, Workers: 4
[1723.566s][debug][gc,phases      ] GC(66)     Dead                           Min: 0, Avg:  0.0, Max: 0, Diff: 0, Sum: 0, Workers: 4
[1723.566s][debug][gc,phases      ] GC(66)     Total                          Min: 0, Avg: 178.0, Max: 640, Diff: 640, Sum: 712, Workers: 4
[1723.566s][debug][gc,phases      ] GC(66)   ObjectSynchronizer Weak        Min:  0.0, Avg:  0.0, Max:  0.0, Diff:  0.0, Sum:  0.0, Workers: 4
[1723.566s][debug][gc,phases      ] GC(66)     Dead                           Min: 0, Avg:  0.0, Max: 0, Diff: 0, Sum: 0, Workers: 4
[1723.566s][debug][gc,phases      ] GC(66)     Total                          Min: 0, Avg: 12.2, Max: 49, Diff: 49, Sum: 49, Workers: 4
[1723.566s][debug][gc,phases      ] GC(66)   JVMTI Tag Weak OopStorage      Min:  0.0, Avg:  0.0, Max:  0.0, Diff:  0.0, Sum:  0.0, Workers: 4
[1723.566s][debug][gc,phases      ] GC(66)     Dead                           Min: 0, Avg:  0.0, Max: 0, Diff: 0, Sum: 0, Workers: 4
[1723.566s][debug][gc,phases      ] GC(66)     Total                          Min: 0, Avg:  0.0, Max: 0, Diff: 0, Sum: 0, Workers: 4
[1723.566s][debug][gc,phases      ] GC(66)   StringTable Weak               Min:  0.0, Avg:  0.1, Max:  0.1, Diff:  0.1, Sum:  0.4, Workers: 4
[1723.566s][debug][gc,phases      ] GC(66)     Dead                           Min: 0, Avg:  0.0, Max: 0, Diff: 0, Sum: 0, Workers: 4
[1723.566s][debug][gc,phases      ] GC(66)     Total                          Min: 2240, Avg: 10756.0, Max: 15424, Diff: 13184, Sum: 43024, Workers: 4
[1723.566s][debug][gc,phases      ] GC(66)   ResolvedMethodTable Weak       Min:  0.0, Avg:  0.0, Max:  0.0, Diff:  0.0, Sum:  0.1, Workers: 4
[1723.566s][debug][gc,phases      ] GC(66)     Dead                           Min: 0, Avg:  0.0, Max: 0, Diff: 0, Sum: 0, Workers: 4
[1723.566s][debug][gc,phases      ] GC(66)     Total                          Min: 2048, Avg: 2124.0, Max: 2176, Diff: 128, Sum: 8496, Workers: 4
[1723.566s][debug][gc,phases      ] GC(66)   JNI Weak                       Min:  0.0, Avg:  0.0, Max:  0.0, Diff:  0.0, Sum:  0.0, Workers: 4
[1723.566s][debug][gc,phases      ] GC(66)     Dead                           Min: 0, Avg:  0.0, Max: 0, Diff: 0, Sum: 0, Workers: 4
[1723.566s][debug][gc,phases      ] GC(66)     Total                          Min: 0, Avg: 11.2, Max: 45, Diff: 45, Sum: 45, Workers: 4
[1723.566s][debug][gc,phases      ] GC(66)   StringDedup Table Weak         Min:  0.0, Avg:  0.0, Max:  0.0, Diff:  0.0, Sum:  0.0, Workers: 4
[1723.566s][debug][gc,phases      ] GC(66)     Dead                           Min: 0, Avg:  0.0, Max: 0, Diff: 0, Sum: 0, Workers: 4
[1723.566s][debug][gc,phases      ] GC(66)     Total                          Min: 0, Avg:  0.0, Max: 0, Diff: 0, Sum: 0, Workers: 4
[1723.566s][debug][gc,phases      ] GC(66)   StringDedup Requests0 Weak     Min:  0.0, Avg:  0.0, Max:  0.0, Diff:  0.0, Sum:  0.0, Workers: 4
[1723.566s][debug][gc,phases      ] GC(66)     Dead                           Min: 0, Avg:  0.0, Max: 0, Diff: 0, Sum: 0, Workers: 4
[1723.566s][debug][gc,phases      ] GC(66)     Total                          Min: 0, Avg:  0.0, Max: 0, Diff: 0, Sum: 0, Workers: 4
[1723.566s][debug][gc,phases      ] GC(66)   StringDedup Requests1 Weak     Min:  0.0, Avg:  0.0, Max:  0.0, Diff:  0.0, Sum:  0.0, Workers: 4
[1723.566s][debug][gc,phases      ] GC(66)     Dead                           Min: 0, Avg:  0.0, Max: 0, Diff: 0, Sum: 0, Workers: 4
[1723.566s][debug][gc,phases      ] GC(66)     Total                          Min: 0, Avg:  0.0, Max: 0, Diff: 0, Sum: 0, Workers: 4
[1723.566s][debug][gc,phases      ] GC(66)   Weak JFR Old Object Samples    Min:  0.0, Avg:  0.0, Max:  0.0, Diff:  0.0, Sum:  0.0, Workers: 4
[1723.566s][debug][gc,phases      ] GC(66)     Dead                           Min: 0, Avg:  0.0, Max: 0, Diff: 0, Sum: 0, Workers: 4
[1723.566s][debug][gc,phases      ] GC(66)     Total                          Min: 0, Avg:  0.0, Max: 0, Diff: 0, Sum: 0, Workers: 4
[1723.566s][debug][gc,phases      ] GC(66) Weak Processing 0.289ms
[1723.566s][debug][gc,age         ] GC(66) Desired survivor size 67633152 bytes, new threshold 15 (max threshold 15)
[1723.566s][info ][gc,heap        ] GC(66) PSYoungGen: 1942384K(2016768K)->720K(2031104K) Eden: 1941504K(1941504K)->0K(1960448K) From: 880K(75264K)->720K(70656K)
[1723.566s][info ][gc,heap        ] GC(66) ParOldGen: 275675K(376832K)->275691K(376832K)
[1723.566s][info ][gc,metaspace   ] GC(66) Metaspace: 78473K(79360K)->78473K(79360K) NonClass: 67230K(67712K)->67230K(67712K) Class: 11243K(11648K)->11243K(11648K)
[1723.566s][info ][gc             ] GC(66) Pause Young (Allocation Failure) 2166M->269M(2351M) 1.324ms
[1723.566s][info ][gc,cpu         ] GC(66) User=0.00s Sys=0.00s Real=0.00s
[1723.566s][info ][safepoint      ] Safepoint "ParallelGCFailedAllocation", Time since last: 43747939489 ns, Reaching safepoint: 39000 ns, At safepoint: 1394018 ns, Total: 1433018 ns
[1767.716s][info ][gc,start       ] GC(67) Pause Young (Allocation Failure)
[1767.717s][debug][gc,phases      ] GC(67) Scavenge 1.017ms
[1767.717s][debug][gc,ref         ] GC(67) Skipped phase 1 of Reference Processing: no references
[1767.717s][debug][gc,ref         ] GC(67) Skipped phase 2 of Reference Processing: no references
[1767.717s][debug][gc,ref         ] GC(67) Skipped phase 3 of Reference Processing: no references
[1767.717s][debug][gc,ref         ] GC(67) Skipped phase 4 of Reference Processing: no references
[1767.717s][debug][gc,phases      ] GC(67) Reference Processing 0.020ms
[1767.717s][debug][gc,phases      ] GC(67)   VM Weak                        Min:  0.0, Avg:  0.0, Max:  0.0, Diff:  0.0, Sum:  0.0, Workers: 4
[1767.717s][debug][gc,phases      ] GC(67)     Dead                           Min: 0, Avg:  0.0, Max: 0, Diff: 0, Sum: 0, Workers: 4
[1767.717s][debug][gc,phases      ] GC(67)     Total                          Min: 0, Avg: 178.0, Max: 584, Diff: 584, Sum: 712, Workers: 4
[1767.717s][debug][gc,phases      ] GC(67)   ObjectSynchronizer Weak        Min:  0.0, Avg:  0.0, Max:  0.0, Diff:  0.0, Sum:  0.0, Workers: 4
[1767.717s][debug][gc,phases      ] GC(67)     Dead                           Min: 0, Avg:  0.0, Max: 0, Diff: 0, Sum: 0, Workers: 4
[1767.717s][debug][gc,phases      ] GC(67)     Total                          Min: 0, Avg: 12.2, Max: 49, Diff: 49, Sum: 49, Workers: 4
[1767.717s][debug][gc,phases      ] GC(67)   JVMTI Tag Weak OopStorage      Min:  0.0, Avg:  0.0, Max:  0.0, Diff:  0.0, Sum:  0.0, Workers: 4
[1767.717s][debug][gc,phases      ] GC(67)     Dead                           Min: 0, Avg:  0.0, Max: 0, Diff: 0, Sum: 0, Workers: 4
[1767.717s][debug][gc,phases      ] GC(67)     Total                          Min: 0, Avg:  0.0, Max: 0, Diff: 0, Sum: 0, Workers: 4
[1767.717s][debug][gc,phases      ] GC(67)   StringTable Weak               Min:  0.0, Avg:  0.1, Max:  0.1, Diff:  0.1, Sum:  0.3, Workers: 4
[1767.717s][debug][gc,phases      ] GC(67)     Dead                           Min: 0, Avg:  0.0, Max: 0, Diff: 0, Sum: 0, Workers: 4
[1767.717s][debug][gc,phases      ] GC(67)     Total                          Min: 0, Avg: 10759.0, Max: 17564, Diff: 17564, Sum: 43036, Workers: 4
[1767.717s][debug][gc,phases      ] GC(67)   ResolvedMethodTable Weak       Min:  0.0, Avg:  0.0, Max:  0.0, Diff:  0.0, Sum:  0.1, Workers: 4
[1767.717s][debug][gc,phases      ] GC(67)     Dead                           Min: 0, Avg:  0.0, Max: 0, Diff: 0, Sum: 0, Workers: 4
[1767.717s][debug][gc,phases      ] GC(67)     Total                          Min: 0, Avg: 2124.0, Max: 3712, Diff: 3712, Sum: 8496, Workers: 4
[1767.717s][debug][gc,phases      ] GC(67)   JNI Weak                       Min:  0.0, Avg:  0.0, Max:  0.0, Diff:  0.0, Sum:  0.0, Workers: 4
[1767.717s][debug][gc,phases      ] GC(67)     Dead                           Min: 0, Avg:  0.0, Max: 0, Diff: 0, Sum: 0, Workers: 4
[1767.717s][debug][gc,phases      ] GC(67)     Total                          Min: 0, Avg: 11.2, Max: 45, Diff: 45, Sum: 45, Workers: 4
[1767.717s][debug][gc,phases      ] GC(67)   StringDedup Table Weak         Min:  0.0, Avg:  0.0, Max:  0.0, Diff:  0.0, Sum:  0.0, Workers: 4
[1767.717s][debug][gc,phases      ] GC(67)     Dead                           Min: 0, Avg:  0.0, Max: 0, Diff: 0, Sum: 0, Workers: 4
[1767.717s][debug][gc,phases      ] GC(67)     Total                          Min: 0, Avg:  0.0, Max: 0, Diff: 0, Sum: 0, Workers: 4
[1767.717s][debug][gc,phases      ] GC(67)   StringDedup Requests0 Weak     Min:  0.0, Avg:  0.0, Max:  0.0, Diff:  0.0, Sum:  0.0, Workers: 4
[1767.717s][debug][gc,phases      ] GC(67)     Dead                           Min: 0, Avg:  0.0, Max: 0, Diff: 0, Sum: 0, Workers: 4
[1767.717s][debug][gc,phases      ] GC(67)     Total                          Min: 0, Avg:  0.0, Max: 0, Diff: 0, Sum: 0, Workers: 4
[1767.717s][debug][gc,phases      ] GC(67)   StringDedup Requests1 Weak     Min:  0.0, Avg:  0.0, Max:  0.0, Diff:  0.0, Sum:  0.0, Workers: 4
[1767.717s][debug][gc,phases      ] GC(67)     Dead                           Min: 0, Avg:  0.0, Max: 0, Diff: 0, Sum: 0, Workers: 4
[1767.717s][debug][gc,phases      ] GC(67)     Total                          Min: 0, Avg:  0.0, Max: 0, Diff: 0, Sum: 0, Workers: 4
[1767.717s][debug][gc,phases      ] GC(67)   Weak JFR Old Object Samples    Min:  0.0, Avg:  0.0, Max:  0.0, Diff:  0.0, Sum:  0.0, Workers: 4
[1767.717s][debug][gc,phases      ] GC(67)     Dead                           Min: 0, Avg:  0.0, Max: 0, Diff: 0, Sum: 0, Workers: 4
[1767.717s][debug][gc,phases      ] GC(67)     Total                          Min: 0, Avg:  0.0, Max: 0, Diff: 0, Sum: 0, Workers: 4
[1767.717s][debug][gc,phases      ] GC(67) Weak Processing 0.312ms
[1767.717s][debug][gc,age         ] GC(67) Desired survivor size 63438848 bytes, new threshold 15 (max threshold 15)
[1767.717s][info ][gc,heap        ] GC(67) PSYoungGen: 1961168K(2031104K)->880K(2026496K) Eden: 1960448K(1960448K)->0K(1960448K) From: 720K(70656K)->880K(66048K)
[1767.717s][info ][gc,heap        ] GC(67) ParOldGen: 275691K(376832K)->275723K(376832K)
[1767.717s][info ][gc,metaspace   ] GC(67) Metaspace: 78475K(79360K)->78475K(79360K) NonClass: 67231K(67712K)->67231K(67712K) Class: 11243K(11648K)->11243K(11648K)
[1767.717s][info ][gc             ] GC(67) Pause Young (Allocation Failure) 2184M->270M(2347M) 1.433ms
[1767.717s][info ][gc,cpu         ] GC(67) User=0.00s Sys=0.00s Real=0.01s
[1767.717s][info ][safepoint      ] Safepoint "ParallelGCFailedAllocation", Time since last: 44149275104 ns, Reaching safepoint: 38701 ns, At safepoint: 1501019 ns, Total: 1539720 ns
[1800.242s][info ][safepoint      ] Safepoint "Cleanup", Time since last: 32524681339 ns, Reaching safepoint: 35700 ns, At safepoint: 4200 ns, Total: 39900 ns
[1801.242s][info ][safepoint      ] Safepoint "Cleanup", Time since last: 1000067567 ns, Reaching safepoint: 37100 ns, At safepoint: 2000 ns, Total: 39100 ns
[1810.966s][info ][gc,start       ] GC(68) Pause Young (Allocation Failure)
[1810.967s][debug][gc,phases      ] GC(68) Scavenge 1.055ms
[1810.967s][debug][gc,ref         ] GC(68) Skipped phase 1 of Reference Processing: no references
[1810.967s][debug][gc,ref         ] GC(68) ReferenceProcessor::execute queues: 1, RefProcThreadModel::Single, marks_oops_alive: false
[1810.967s][debug][gc,ref         ] GC(68) Skipped phase 3 of Reference Processing: no references
[1810.967s][debug][gc,ref         ] GC(68) ReferenceProcessor::execute queues: 1, RefProcThreadModel::Single, marks_oops_alive: false
[1810.967s][debug][gc,phases      ] GC(68) Reference Processing 0.092ms
[1810.967s][debug][gc,phases      ] GC(68)   VM Weak                        Min:  0.0, Avg:  0.0, Max:  0.0, Diff:  0.0, Sum:  0.0, Workers: 4
[1810.967s][debug][gc,phases      ] GC(68)     Dead                           Min: 0, Avg:  0.0, Max: 0, Diff: 0, Sum: 0, Workers: 4
[1810.967s][debug][gc,phases      ] GC(68)     Total                          Min: 0, Avg: 178.0, Max: 456, Diff: 456, Sum: 712, Workers: 4
[1810.967s][debug][gc,phases      ] GC(68)   ObjectSynchronizer Weak        Min:  0.0, Avg:  0.0, Max:  0.0, Diff:  0.0, Sum:  0.0, Workers: 4
[1810.967s][debug][gc,phases      ] GC(68)     Dead                           Min: 0, Avg:  0.0, Max: 0, Diff: 0, Sum: 0, Workers: 4
[1810.967s][debug][gc,phases      ] GC(68)     Total                          Min: 0, Avg: 12.2, Max: 49, Diff: 49, Sum: 49, Workers: 4
[1810.967s][debug][gc,phases      ] GC(68)   JVMTI Tag Weak OopStorage      Min:  0.0, Avg:  0.0, Max:  0.0, Diff:  0.0, Sum:  0.0, Workers: 4
[1810.967s][debug][gc,phases      ] GC(68)     Dead                           Min: 0, Avg:  0.0, Max: 0, Diff: 0, Sum: 0, Workers: 4
[1810.967s][debug][gc,phases      ] GC(68)     Total                          Min: 0, Avg:  0.0, Max: 0, Diff: 0, Sum: 0, Workers: 4
[1810.967s][debug][gc,phases      ] GC(68)   StringTable Weak               Min:  0.0, Avg:  0.1, Max:  0.1, Diff:  0.1, Sum:  0.3, Workers: 4
[1810.967s][debug][gc,phases      ] GC(68)     Dead                           Min: 0, Avg:  0.5, Max: 2, Diff: 2, Sum: 2, Workers: 4
[1810.967s][debug][gc,phases      ] GC(68)     Total                          Min: 0, Avg: 10765.5, Max: 18238, Diff: 18238, Sum: 43062, Workers: 4
[1810.967s][debug][gc,phases      ] GC(68)   ResolvedMethodTable Weak       Min:  0.0, Avg:  0.0, Max:  0.0, Diff:  0.0, Sum:  0.1, Workers: 4
[1810.967s][debug][gc,phases      ] GC(68)     Dead                           Min: 0, Avg:  0.0, Max: 0, Diff: 0, Sum: 0, Workers: 4
[1810.967s][debug][gc,phases      ] GC(68)     Total                          Min: 0, Avg: 2130.5, Max: 3786, Diff: 3786, Sum: 8522, Workers: 4
[1810.967s][debug][gc,phases      ] GC(68)   JNI Weak                       Min:  0.0, Avg:  0.0, Max:  0.0, Diff:  0.0, Sum:  0.0, Workers: 4
[1810.967s][debug][gc,phases      ] GC(68)     Dead                           Min: 0, Avg:  0.0, Max: 0, Diff: 0, Sum: 0, Workers: 4
[1810.967s][debug][gc,phases      ] GC(68)     Total                          Min: 0, Avg: 11.2, Max: 45, Diff: 45, Sum: 45, Workers: 4
[1810.967s][debug][gc,phases      ] GC(68)   StringDedup Table Weak         Min:  0.0, Avg:  0.0, Max:  0.0, Diff:  0.0, Sum:  0.0, Workers: 4
[1810.967s][debug][gc,phases      ] GC(68)     Dead                           Min: 0, Avg:  0.0, Max: 0, Diff: 0, Sum: 0, Workers: 4
[1810.967s][debug][gc,phases      ] GC(68)     Total                          Min: 0, Avg:  0.0, Max: 0, Diff: 0, Sum: 0, Workers: 4
[1810.967s][debug][gc,phases      ] GC(68)   StringDedup Requests0 Weak     Min:  0.0, Avg:  0.0, Max:  0.0, Diff:  0.0, Sum:  0.0, Workers: 4
[1810.967s][debug][gc,phases      ] GC(68)     Dead                           Min: 0, Avg:  0.0, Max: 0, Diff: 0, Sum: 0, Workers: 4
[1810.967s][debug][gc,phases      ] GC(68)     Total                          Min: 0, Avg:  0.0, Max: 0, Diff: 0, Sum: 0, Workers: 4
[1810.967s][debug][gc,phases      ] GC(68)   StringDedup Requests1 Weak     Min:  0.0, Avg:  0.0, Max:  0.0, Diff:  0.0, Sum:  0.0, Workers: 4
[1810.967s][debug][gc,phases      ] GC(68)     Dead                           Min: 0, Avg:  0.0, Max: 0, Diff: 0, Sum: 0, Workers: 4
[1810.967s][debug][gc,phases      ] GC(68)     Total                          Min: 0, Avg:  0.0, Max: 0, Diff: 0, Sum: 0, Workers: 4
[1810.967s][debug][gc,phases      ] GC(68)   Weak JFR Old Object Samples    Min:  0.0, Avg:  0.0, Max:  0.0, Diff:  0.0, Sum:  0.0, Workers: 4
[1810.967s][debug][gc,phases      ] GC(68)     Dead                           Min: 0, Avg:  0.0, Max: 0, Diff: 0, Sum: 0, Workers: 4
[1810.967s][debug][gc,phases      ] GC(68)     Total                          Min: 0, Avg:  0.0, Max: 0, Diff: 0, Sum: 0, Workers: 4
[1810.967s][debug][gc,phases      ] GC(68) Weak Processing 0.308ms
[1810.967s][debug][gc,age         ] GC(68) Desired survivor size 59244544 bytes, new threshold 15 (max threshold 15)
[1810.967s][info ][gc,heap        ] GC(68) PSYoungGen: 1961328K(2026496K)->720K(2039296K) Eden: 1960448K(1960448K)->0K(1977344K) From: 880K(66048K)->720K(61952K)
[1810.967s][info ][gc,heap        ] GC(68) ParOldGen: 275723K(376832K)->275771K(376832K)
[1810.967s][info ][gc,metaspace   ] GC(68) Metaspace: 78550K(79424K)->78550K(79424K) NonClass: 67291K(67776K)->67291K(67776K) Class: 11258K(11648K)->11258K(11648K)
[1810.967s][info ][gc             ] GC(68) Pause Young (Allocation Failure) 2184M->270M(2359M) 1.545ms
[1810.967s][info ][gc,cpu         ] GC(68) User=0.00s Sys=0.00s Real=0.00s
[1810.967s][info ][safepoint      ] Safepoint "ParallelGCFailedAllocation", Time since last: 9723919575 ns, Reaching safepoint: 36300 ns, At safepoint: 1620122 ns, Total: 1656422 ns
[1814.968s][info ][safepoint      ] Safepoint "Cleanup", Time since last: 4000279170 ns, Reaching safepoint: 123301 ns, At safepoint: 4300 ns, Total: 127601 ns
[1854.315s][info ][gc,start       ] GC(69) Pause Young (Allocation Failure)
[1854.317s][debug][gc,phases      ] GC(69) Scavenge 1.521ms
[1854.317s][debug][gc,ref         ] GC(69) Skipped phase 1 of Reference Processing: no references
[1854.317s][debug][gc,ref         ] GC(69) ReferenceProcessor::execute queues: 1, RefProcThreadModel::Single, marks_oops_alive: false
[1854.317s][debug][gc,ref         ] GC(69) Skipped phase 3 of Reference Processing: no references
[1854.317s][debug][gc,ref         ] GC(69) ReferenceProcessor::execute queues: 1, RefProcThreadModel::Single, marks_oops_alive: false
[1854.317s][debug][gc,phases      ] GC(69) Reference Processing 0.094ms
[1854.317s][debug][gc,phases      ] GC(69)   VM Weak                        Min:  0.0, Avg:  0.0, Max:  0.0, Diff:  0.0, Sum:  0.0, Workers: 4
[1854.317s][debug][gc,phases      ] GC(69)     Dead                           Min: 0, Avg:  0.0, Max: 0, Diff: 0, Sum: 0, Workers: 4
[1854.317s][debug][gc,phases      ] GC(69)     Total                          Min: 0, Avg: 178.0, Max: 512, Diff: 512, Sum: 712, Workers: 4
[1854.317s][debug][gc,phases      ] GC(69)   ObjectSynchronizer Weak        Min:  0.0, Avg:  0.0, Max:  0.0, Diff:  0.0, Sum:  0.0, Workers: 4
[1854.317s][debug][gc,phases      ] GC(69)     Dead                           Min: 0, Avg:  0.0, Max: 0, Diff: 0, Sum: 0, Workers: 4
[1854.317s][debug][gc,phases      ] GC(69)     Total                          Min: 0, Avg: 12.2, Max: 49, Diff: 49, Sum: 49, Workers: 4
[1854.317s][debug][gc,phases      ] GC(69)   JVMTI Tag Weak OopStorage      Min:  0.0, Avg:  0.0, Max:  0.0, Diff:  0.0, Sum:  0.0, Workers: 4
[1854.317s][debug][gc,phases      ] GC(69)     Dead                           Min: 0, Avg:  0.0, Max: 0, Diff: 0, Sum: 0, Workers: 4
[1854.317s][debug][gc,phases      ] GC(69)     Total                          Min: 0, Avg:  0.0, Max: 0, Diff: 0, Sum: 0, Workers: 4
[1854.317s][debug][gc,phases      ] GC(69)   StringTable Weak               Min:  0.0, Avg:  0.1, Max:  0.1, Diff:  0.1, Sum:  0.3, Workers: 4
[1854.317s][debug][gc,phases      ] GC(69)     Dead                           Min: 0, Avg:  0.0, Max: 0, Diff: 0, Sum: 0, Workers: 4
[1854.317s][debug][gc,phases      ] GC(69)     Total                          Min: 0, Avg: 10765.5, Max: 16888, Diff: 16888, Sum: 43062, Workers: 4
[1854.317s][debug][gc,phases      ] GC(69)   ResolvedMethodTable Weak       Min:  0.0, Avg:  0.0, Max:  0.0, Diff:  0.0, Sum:  0.1, Workers: 4
[1854.317s][debug][gc,phases      ] GC(69)     Dead                           Min: 0, Avg:  0.0, Max: 0, Diff: 0, Sum: 0, Workers: 4
[1854.317s][debug][gc,phases      ] GC(69)     Total                          Min: 0, Avg: 2130.5, Max: 3648, Diff: 3648, Sum: 8522, Workers: 4
[1854.317s][debug][gc,phases      ] GC(69)   JNI Weak                       Min:  0.0, Avg:  0.0, Max:  0.0, Diff:  0.0, Sum:  0.0, Workers: 4
[1854.317s][debug][gc,phases      ] GC(69)     Dead                           Min: 0, Avg:  0.0, Max: 0, Diff: 0, Sum: 0, Workers: 4
[1854.317s][debug][gc,phases      ] GC(69)     Total                          Min: 0, Avg: 11.2, Max: 45, Diff: 45, Sum: 45, Workers: 4
[1854.317s][debug][gc,phases      ] GC(69)   StringDedup Table Weak         Min:  0.0, Avg:  0.0, Max:  0.0, Diff:  0.0, Sum:  0.0, Workers: 4
[1854.317s][debug][gc,phases      ] GC(69)     Dead                           Min: 0, Avg:  0.0, Max: 0, Diff: 0, Sum: 0, Workers: 4
[1854.317s][debug][gc,phases      ] GC(69)     Total                          Min: 0, Avg:  0.0, Max: 0, Diff: 0, Sum: 0, Workers: 4
[1854.317s][debug][gc,phases      ] GC(69)   StringDedup Requests0 Weak     Min:  0.0, Avg:  0.0, Max:  0.0, Diff:  0.0, Sum:  0.0, Workers: 4
[1854.317s][debug][gc,phases      ] GC(69)     Dead                           Min: 0, Avg:  0.0, Max: 0, Diff: 0, Sum: 0, Workers: 4
[1854.317s][debug][gc,phases      ] GC(69)     Total                          Min: 0, Avg:  0.0, Max: 0, Diff: 0, Sum: 0, Workers: 4
[1854.317s][debug][gc,phases      ] GC(69)   StringDedup Requests1 Weak     Min:  0.0, Avg:  0.0, Max:  0.0, Diff:  0.0, Sum:  0.0, Workers: 4
[1854.317s][debug][gc,phases      ] GC(69)     Dead                           Min: 0, Avg:  0.0, Max: 0, Diff: 0, Sum: 0, Workers: 4
[1854.317s][debug][gc,phases      ] GC(69)     Total                          Min: 0, Avg:  0.0, Max: 0, Diff: 0, Sum: 0, Workers: 4
[1854.317s][debug][gc,phases      ] GC(69)   Weak JFR Old Object Samples    Min:  0.0, Avg:  0.0, Max:  0.0, Diff:  0.0, Sum:  0.0, Workers: 4
[1854.317s][debug][gc,phases      ] GC(69)     Dead                           Min: 0, Avg:  0.0, Max: 0, Diff: 0, Sum: 0, Workers: 4
[1854.317s][debug][gc,phases      ] GC(69)     Total                          Min: 0, Avg:  0.0, Max: 0, Diff: 0, Sum: 0, Workers: 4
[1854.317s][debug][gc,phases      ] GC(69) Weak Processing 0.309ms
[1854.317s][debug][gc,age         ] GC(69) Desired survivor size 55050240 bytes, new threshold 15 (max threshold 15)
[1854.317s][info ][gc,heap        ] GC(69) PSYoungGen: 1978064K(2039296K)->672K(2035200K) Eden: 1977344K(1977344K)->0K(1977344K) From: 720K(61952K)->672K(57856K)
[1854.317s][info ][gc,heap        ] GC(69) ParOldGen: 275771K(376832K)->275859K(376832K)
[1854.317s][info ][gc,metaspace   ] GC(69) Metaspace: 78551K(79424K)->78551K(79424K) NonClass: 67292K(67776K)->67292K(67776K) Class: 11258K(11648K)->11258K(11648K)
[1854.317s][info ][gc             ] GC(69) Pause Young (Allocation Failure) 2201M->270M(2355M) 2.015ms
[1854.317s][info ][gc,cpu         ] GC(69) User=0.00s Sys=0.00s Real=0.01s
[1854.317s][info ][safepoint      ] Safepoint "ParallelGCFailedAllocation", Time since last: 39347139745 ns, Reaching safepoint: 107702 ns, At safepoint: 2070230 ns, Total: 2177932 ns
[1898.465s][info ][gc,start       ] GC(70) Pause Young (Allocation Failure)
[1898.467s][debug][gc,phases      ] GC(70) Scavenge 1.178ms
[1898.467s][debug][gc,ref         ] GC(70) Skipped phase 1 of Reference Processing: no references
[1898.467s][debug][gc,ref         ] GC(70) ReferenceProcessor::execute queues: 1, RefProcThreadModel::Single, marks_oops_alive: false
[1898.467s][debug][gc,ref         ] GC(70) Skipped phase 3 of Reference Processing: no references
[1898.467s][debug][gc,ref         ] GC(70) Skipped phase 4 of Reference Processing: no references
[1898.467s][debug][gc,phases      ] GC(70) Reference Processing 0.084ms
[1898.467s][debug][gc,phases      ] GC(70)   VM Weak                        Min:  0.0, Avg:  0.0, Max:  0.0, Diff:  0.0, Sum:  0.0, Workers: 4
[1898.467s][debug][gc,phases      ] GC(70)     Dead                           Min: 0, Avg:  0.0, Max: 0, Diff: 0, Sum: 0, Workers: 4
[1898.467s][debug][gc,phases      ] GC(70)     Total                          Min: 0, Avg: 178.0, Max: 392, Diff: 392, Sum: 712, Workers: 4
[1898.467s][debug][gc,phases      ] GC(70)   ObjectSynchronizer Weak        Min:  0.0, Avg:  0.0, Max:  0.0, Diff:  0.0, Sum:  0.0, Workers: 4
[1898.467s][debug][gc,phases      ] GC(70)     Dead                           Min: 0, Avg:  0.0, Max: 0, Diff: 0, Sum: 0, Workers: 4
[1898.467s][debug][gc,phases      ] GC(70)     Total                          Min: 0, Avg: 12.2, Max: 49, Diff: 49, Sum: 49, Workers: 4
[1898.467s][debug][gc,phases      ] GC(70)   JVMTI Tag Weak OopStorage      Min:  0.0, Avg:  0.0, Max:  0.0, Diff:  0.0, Sum:  0.0, Workers: 4
[1898.467s][debug][gc,phases      ] GC(70)     Dead                           Min: 0, Avg:  0.0, Max: 0, Diff: 0, Sum: 0, Workers: 4
[1898.467s][debug][gc,phases      ] GC(70)     Total                          Min: 0, Avg:  0.0, Max: 0, Diff: 0, Sum: 0, Workers: 4
[1898.467s][debug][gc,phases      ] GC(70)   StringTable Weak               Min:  0.0, Avg:  0.1, Max:  0.1, Diff:  0.1, Sum:  0.3, Workers: 4
[1898.467s][debug][gc,phases      ] GC(70)     Dead                           Min: 0, Avg:  0.0, Max: 0, Diff: 0, Sum: 0, Workers: 4
[1898.467s][debug][gc,phases      ] GC(70)     Total                          Min: 0, Avg: 10765.5, Max: 18174, Diff: 18174, Sum: 43062, Workers: 4
[1898.467s][debug][gc,phases      ] GC(70)   ResolvedMethodTable Weak       Min:  0.0, Avg:  0.0, Max:  0.0, Diff:  0.0, Sum:  0.1, Workers: 4
[1898.467s][debug][gc,phases      ] GC(70)     Dead                           Min: 0, Avg:  0.0, Max: 0, Diff: 0, Sum: 0, Workers: 4
[1898.467s][debug][gc,phases      ] GC(70)     Total                          Min: 0, Avg: 2130.5, Max: 3786, Diff: 3786, Sum: 8522, Workers: 4
[1898.467s][debug][gc,phases      ] GC(70)   JNI Weak                       Min:  0.0, Avg:  0.0, Max:  0.0, Diff:  0.0, Sum:  0.0, Workers: 4
[1898.467s][debug][gc,phases      ] GC(70)     Dead                           Min: 0, Avg:  0.0, Max: 0, Diff: 0, Sum: 0, Workers: 4
[1898.467s][debug][gc,phases      ] GC(70)     Total                          Min: 0, Avg: 11.2, Max: 45, Diff: 45, Sum: 45, Workers: 4
[1898.467s][debug][gc,phases      ] GC(70)   StringDedup Table Weak         Min:  0.0, Avg:  0.0, Max:  0.0, Diff:  0.0, Sum:  0.0, Workers: 4
[1898.467s][debug][gc,phases      ] GC(70)     Dead                           Min: 0, Avg:  0.0, Max: 0, Diff: 0, Sum: 0, Workers: 4
[1898.467s][debug][gc,phases      ] GC(70)     Total                          Min: 0, Avg:  0.0, Max: 0, Diff: 0, Sum: 0, Workers: 4
[1898.467s][debug][gc,phases      ] GC(70)   StringDedup Requests0 Weak     Min:  0.0, Avg:  0.0, Max:  0.0, Diff:  0.0, Sum:  0.0, Workers: 4
[1898.467s][debug][gc,phases      ] GC(70)     Dead                           Min: 0, Avg:  0.0, Max: 0, Diff: 0, Sum: 0, Workers: 4
[1898.467s][debug][gc,phases      ] GC(70)     Total                          Min: 0, Avg:  0.0, Max: 0, Diff: 0, Sum: 0, Workers: 4
[1898.467s][debug][gc,phases      ] GC(70)   StringDedup Requests1 Weak     Min:  0.0, Avg:  0.0, Max:  0.0, Diff:  0.0, Sum:  0.0, Workers: 4
[1898.467s][debug][gc,phases      ] GC(70)     Dead                           Min: 0, Avg:  0.0, Max: 0, Diff: 0, Sum: 0, Workers: 4
[1898.467s][debug][gc,phases      ] GC(70)     Total                          Min: 0, Avg:  0.0, Max: 0, Diff: 0, Sum: 0, Workers: 4
[1898.467s][debug][gc,phases      ] GC(70)   Weak JFR Old Object Samples    Min:  0.0, Avg:  0.0, Max:  0.0, Diff:  0.0, Sum:  0.0, Workers: 4
[1898.467s][debug][gc,phases      ] GC(70)     Dead                           Min: 0, Avg:  0.0, Max: 0, Diff: 0, Sum: 0, Workers: 4
[1898.467s][debug][gc,phases      ] GC(70)     Total                          Min: 0, Avg:  0.0, Max: 0, Diff: 0, Sum: 0, Workers: 4
[1898.467s][debug][gc,phases      ] GC(70) Weak Processing 0.304ms
[1898.467s][debug][gc,age         ] GC(70) Desired survivor size 51380224 bytes, new threshold 15 (max threshold 15)
[1898.467s][info ][gc,heap        ] GC(70) PSYoungGen: 1978016K(2035200K)->128K(2046976K) Eden: 1977344K(1977344K)->0K(1993216K) From: 672K(57856K)->128K(53760K)
[1898.467s][info ][gc,heap        ] GC(70) ParOldGen: 275859K(376832K)->276411K(376832K)
[1898.467s][info ][gc,metaspace   ] GC(70) Metaspace: 78551K(79424K)->78551K(79424K) NonClass: 67292K(67776K)->67292K(67776K) Class: 11258K(11648K)->11258K(11648K)
[1898.467s][info ][gc             ] GC(70) Pause Young (Allocation Failure) 2201M->270M(2367M) 1.650ms
[1898.467s][info ][gc,cpu         ] GC(70) User=0.00s Sys=0.00s Real=0.00s
[1898.467s][info ][safepoint      ] Safepoint "ParallelGCFailedAllocation", Time since last: 44148071235 ns, Reaching safepoint: 107201 ns, At safepoint: 1723724 ns, Total: 1830925 ns
[1943.365s][info ][gc,start       ] GC(71) Pause Young (Allocation Failure)
[1943.366s][debug][gc,phases      ] GC(71) Scavenge 0.796ms
[1943.366s][debug][gc,ref         ] GC(71) Skipped phase 1 of Reference Processing: no references
[1943.366s][debug][gc,ref         ] GC(71) Skipped phase 2 of Reference Processing: no references
[1943.366s][debug][gc,ref         ] GC(71) Skipped phase 3 of Reference Processing: no references
[1943.366s][debug][gc,ref         ] GC(71) Skipped phase 4 of Reference Processing: no references
[1943.366s][debug][gc,phases      ] GC(71) Reference Processing 0.019ms
[1943.366s][debug][gc,phases      ] GC(71)   VM Weak                        Min:  0.0, Avg:  0.0, Max:  0.0, Diff:  0.0, Sum:  0.0, Workers: 4
[1943.366s][debug][gc,phases      ] GC(71)     Dead                           Min: 0, Avg:  0.0, Max: 0, Diff: 0, Sum: 0, Workers: 4
[1943.366s][debug][gc,phases      ] GC(71)     Total                          Min: 0, Avg: 178.0, Max: 648, Diff: 648, Sum: 712, Workers: 4
[1943.366s][debug][gc,phases      ] GC(71)   ObjectSynchronizer Weak        Min:  0.0, Avg:  0.0, Max:  0.0, Diff:  0.0, Sum:  0.0, Workers: 4
[1943.366s][debug][gc,phases      ] GC(71)     Dead                           Min: 0, Avg:  0.0, Max: 0, Diff: 0, Sum: 0, Workers: 4
[1943.366s][debug][gc,phases      ] GC(71)     Total                          Min: 0, Avg: 12.2, Max: 49, Diff: 49, Sum: 49, Workers: 4
[1943.366s][debug][gc,phases      ] GC(71)   JVMTI Tag Weak OopStorage      Min:  0.0, Avg:  0.0, Max:  0.0, Diff:  0.0, Sum:  0.0, Workers: 4
[1943.366s][debug][gc,phases      ] GC(71)     Dead                           Min: 0, Avg:  0.0, Max: 0, Diff: 0, Sum: 0, Workers: 4
[1943.366s][debug][gc,phases      ] GC(71)     Total                          Min: 0, Avg:  0.0, Max: 0, Diff: 0, Sum: 0, Workers: 4
[1943.366s][debug][gc,phases      ] GC(71)   StringTable Weak               Min:  0.1, Avg:  0.1, Max:  0.1, Diff:  0.0, Sum:  0.4, Workers: 4
[1943.366s][debug][gc,phases      ] GC(71)     Dead                           Min: 0, Avg:  0.0, Max: 0, Diff: 0, Sum: 0, Workers: 4
[1943.366s][debug][gc,phases      ] GC(71)     Total                          Min: 9791, Avg: 10765.5, Max: 12664, Diff: 2873, Sum: 43062, Workers: 4
[1943.366s][debug][gc,phases      ] GC(71)   ResolvedMethodTable Weak       Min:  0.0, Avg:  0.0, Max:  0.0, Diff:  0.0, Sum:  0.1, Workers: 4
[1943.366s][debug][gc,phases      ] GC(71)     Dead                           Min: 0, Avg:  0.0, Max: 0, Diff: 0, Sum: 0, Workers: 4
[1943.366s][debug][gc,phases      ] GC(71)     Total                          Min: 2048, Avg: 2130.5, Max: 2368, Diff: 320, Sum: 8522, Workers: 4
[1943.366s][debug][gc,phases      ] GC(71)   JNI Weak                       Min:  0.0, Avg:  0.0, Max:  0.0, Diff:  0.0, Sum:  0.0, Workers: 4
[1943.366s][debug][gc,phases      ] GC(71)     Dead                           Min: 0, Avg:  0.0, Max: 0, Diff: 0, Sum: 0, Workers: 4
[1943.366s][debug][gc,phases      ] GC(71)     Total                          Min: 0, Avg: 11.2, Max: 45, Diff: 45, Sum: 45, Workers: 4
[1943.366s][debug][gc,phases      ] GC(71)   StringDedup Table Weak         Min:  0.0, Avg:  0.0, Max:  0.0, Diff:  0.0, Sum:  0.0, Workers: 4
[1943.366s][debug][gc,phases      ] GC(71)     Dead                           Min: 0, Avg:  0.0, Max: 0, Diff: 0, Sum: 0, Workers: 4
[1943.366s][debug][gc,phases      ] GC(71)     Total                          Min: 0, Avg:  0.0, Max: 0, Diff: 0, Sum: 0, Workers: 4
[1943.366s][debug][gc,phases      ] GC(71)   StringDedup Requests0 Weak     Min:  0.0, Avg:  0.0, Max:  0.0, Diff:  0.0, Sum:  0.0, Workers: 4
[1943.366s][debug][gc,phases      ] GC(71)     Dead                           Min: 0, Avg:  0.0, Max: 0, Diff: 0, Sum: 0, Workers: 4
[1943.366s][debug][gc,phases      ] GC(71)     Total                          Min: 0, Avg:  0.0, Max: 0, Diff: 0, Sum: 0, Workers: 4
[1943.366s][debug][gc,phases      ] GC(71)   StringDedup Requests1 Weak     Min:  0.0, Avg:  0.0, Max:  0.0, Diff:  0.0, Sum:  0.0, Workers: 4
[1943.366s][debug][gc,phases      ] GC(71)     Dead                           Min: 0, Avg:  0.0, Max: 0, Diff: 0, Sum: 0, Workers: 4
[1943.366s][debug][gc,phases      ] GC(71)     Total                          Min: 0, Avg:  0.0, Max: 0, Diff: 0, Sum: 0, Workers: 4
[1943.366s][debug][gc,phases      ] GC(71)   Weak JFR Old Object Samples    Min:  0.0, Avg:  0.0, Max:  0.0, Diff:  0.0, Sum:  0.0, Workers: 4
[1943.366s][debug][gc,phases      ] GC(71)     Dead                           Min: 0, Avg:  0.0, Max: 0, Diff: 0, Sum: 0, Workers: 4
[1943.366s][debug][gc,phases      ] GC(71)     Total                          Min: 0, Avg:  0.0, Max: 0, Diff: 0, Sum: 0, Workers: 4
[1943.366s][debug][gc,phases      ] GC(71) Weak Processing 0.269ms
[1943.366s][debug][gc,age         ] GC(71) Desired survivor size 48234496 bytes, new threshold 15 (max threshold 15)
[1943.366s][info ][gc,heap        ] GC(71) PSYoungGen: 1993344K(2046976K)->160K(2043392K) Eden: 1993216K(1993216K)->0K(1993216K) From: 128K(53760K)->160K(50176K)
[1943.366s][info ][gc,heap        ] GC(71) ParOldGen: 276411K(376832K)->276419K(376832K)
[1943.366s][info ][gc,metaspace   ] GC(71) Metaspace: 78551K(79424K)->78551K(79424K) NonClass: 67292K(67776K)->67292K(67776K) Class: 11258K(11648K)->11258K(11648K)
[1943.366s][info ][gc             ] GC(71) Pause Young (Allocation Failure) 2216M->270M(2363M) 1.166ms
[1943.366s][info ][gc,cpu         ] GC(71) User=0.00s Sys=0.00s Real=0.00s
[1943.366s][info ][safepoint      ] Safepoint "ParallelGCFailedAllocation", Time since last: 44897909713 ns, Reaching safepoint: 99802 ns, At safepoint: 1218616 ns, Total: 1318418 ns
[1988.115s][info ][gc,start       ] GC(72) Pause Young (Allocation Failure)
[1988.116s][debug][gc,phases      ] GC(72) Scavenge 0.857ms
[1988.116s][debug][gc,ref         ] GC(72) Skipped phase 1 of Reference Processing: no references
[1988.116s][debug][gc,ref         ] GC(72) Skipped phase 2 of Reference Processing: no references
[1988.116s][debug][gc,ref         ] GC(72) Skipped phase 3 of Reference Processing: no references
[1988.116s][debug][gc,ref         ] GC(72) Skipped phase 4 of Reference Processing: no references
[1988.116s][debug][gc,phases      ] GC(72) Reference Processing 0.028ms
[1988.116s][debug][gc,phases      ] GC(72)   VM Weak                        Min:  0.0, Avg:  0.0, Max:  0.0, Diff:  0.0, Sum:  0.0, Workers: 4
[1988.116s][debug][gc,phases      ] GC(72)     Dead                           Min: 0, Avg:  0.0, Max: 0, Diff: 0, Sum: 0, Workers: 4
[1988.116s][debug][gc,phases      ] GC(72)     Total                          Min: 0, Avg: 178.0, Max: 456, Diff: 456, Sum: 712, Workers: 4
[1988.116s][debug][gc,phases      ] GC(72)   ObjectSynchronizer Weak        Min:  0.0, Avg:  0.0, Max:  0.0, Diff:  0.0, Sum:  0.0, Workers: 4
[1988.116s][debug][gc,phases      ] GC(72)     Dead                           Min: 0, Avg:  0.0, Max: 0, Diff: 0, Sum: 0, Workers: 4
[1988.116s][debug][gc,phases      ] GC(72)     Total                          Min: 0, Avg: 12.2, Max: 49, Diff: 49, Sum: 49, Workers: 4
[1988.116s][debug][gc,phases      ] GC(72)   JVMTI Tag Weak OopStorage      Min:  0.0, Avg:  0.0, Max:  0.0, Diff:  0.0, Sum:  0.0, Workers: 4
[1988.116s][debug][gc,phases      ] GC(72)     Dead                           Min: 0, Avg:  0.0, Max: 0, Diff: 0, Sum: 0, Workers: 4
[1988.116s][debug][gc,phases      ] GC(72)     Total                          Min: 0, Avg:  0.0, Max: 0, Diff: 0, Sum: 0, Workers: 4
[1988.116s][debug][gc,phases      ] GC(72)   StringTable Weak               Min:  0.0, Avg:  0.1, Max:  0.1, Diff:  0.1, Sum:  0.3, Workers: 4
[1988.116s][debug][gc,phases      ] GC(72)     Dead                           Min: 0, Avg:  0.0, Max: 0, Diff: 0, Sum: 0, Workers: 4
[1988.116s][debug][gc,phases      ] GC(72)     Total                          Min: 0, Avg: 10765.5, Max: 17663, Diff: 17663, Sum: 43062, Workers: 4
[1988.116s][debug][gc,phases      ] GC(72)   ResolvedMethodTable Weak       Min:  0.0, Avg:  0.0, Max:  0.0, Diff:  0.0, Sum:  0.1, Workers: 4
[1988.116s][debug][gc,phases      ] GC(72)     Dead                           Min: 0, Avg:  0.0, Max: 0, Diff: 0, Sum: 0, Workers: 4
[1988.116s][debug][gc,phases      ] GC(72)     Total                          Min: 0, Avg: 2130.5, Max: 3648, Diff: 3648, Sum: 8522, Workers: 4
[1988.116s][debug][gc,phases      ] GC(72)   JNI Weak                       Min:  0.0, Avg:  0.0, Max:  0.0, Diff:  0.0, Sum:  0.0, Workers: 4
[1988.116s][debug][gc,phases      ] GC(72)     Dead                           Min: 0, Avg:  0.0, Max: 0, Diff: 0, Sum: 0, Workers: 4
[1988.116s][debug][gc,phases      ] GC(72)     Total                          Min: 0, Avg: 11.2, Max: 45, Diff: 45, Sum: 45, Workers: 4
[1988.116s][debug][gc,phases      ] GC(72)   StringDedup Table Weak         Min:  0.0, Avg:  0.0, Max:  0.0, Diff:  0.0, Sum:  0.0, Workers: 4
[1988.116s][debug][gc,phases      ] GC(72)     Dead                           Min: 0, Avg:  0.0, Max: 0, Diff: 0, Sum: 0, Workers: 4
[1988.116s][debug][gc,phases      ] GC(72)     Total                          Min: 0, Avg:  0.0, Max: 0, Diff: 0, Sum: 0, Workers: 4
[1988.116s][debug][gc,phases      ] GC(72)   StringDedup Requests0 Weak     Min:  0.0, Avg:  0.0, Max:  0.0, Diff:  0.0, Sum:  0.0, Workers: 4
[1988.116s][debug][gc,phases      ] GC(72)     Dead                           Min: 0, Avg:  0.0, Max: 0, Diff: 0, Sum: 0, Workers: 4
[1988.116s][debug][gc,phases      ] GC(72)     Total                          Min: 0, Avg:  0.0, Max: 0, Diff: 0, Sum: 0, Workers: 4
[1988.116s][debug][gc,phases      ] GC(72)   StringDedup Requests1 Weak     Min:  0.0, Avg:  0.0, Max:  0.0, Diff:  0.0, Sum:  0.0, Workers: 4
[1988.116s][debug][gc,phases      ] GC(72)     Dead                           Min: 0, Avg:  0.0, Max: 0, Diff: 0, Sum: 0, Workers: 4
[1988.116s][debug][gc,phases      ] GC(72)     Total                          Min: 0, Avg:  0.0, Max: 0, Diff: 0, Sum: 0, Workers: 4
[1988.116s][debug][gc,phases      ] GC(72)   Weak JFR Old Object Samples    Min:  0.0, Avg:  0.0, Max:  0.0, Diff:  0.0, Sum:  0.0, Workers: 4
[1988.116s][debug][gc,phases      ] GC(72)     Dead                           Min: 0, Avg:  0.0, Max: 0, Diff: 0, Sum: 0, Workers: 4
[1988.116s][debug][gc,phases      ] GC(72)     Total                          Min: 0, Avg:  0.0, Max: 0, Diff: 0, Sum: 0, Workers: 4
[1988.116s][debug][gc,phases      ] GC(72) Weak Processing 0.294ms
[1988.116s][debug][gc,age         ] GC(72) Desired survivor size 44564480 bytes, new threshold 15 (max threshold 15)
[1988.116s][info ][gc,heap        ] GC(72) PSYoungGen: 1993376K(2043392K)->160K(2053632K) Eden: 1993216K(1993216K)->0K(2006528K) From: 160K(50176K)->160K(47104K)
[1988.116s][info ][gc,heap        ] GC(72) ParOldGen: 276419K(376832K)->276427K(376832K)
[1988.116s][info ][gc,metaspace   ] GC(72) Metaspace: 78551K(79424K)->78551K(79424K) NonClass: 67292K(67776K)->67292K(67776K) Class: 11258K(11648K)->11258K(11648K)
[1988.116s][info ][gc             ] GC(72) Pause Young (Allocation Failure) 2216M->270M(2373M) 1.260ms
[1988.116s][info ][gc,cpu         ] GC(72) User=0.01s Sys=0.00s Real=0.01s
[1988.116s][info ][safepoint      ] Safepoint "ParallelGCFailedAllocation", Time since last: 44748789096 ns, Reaching safepoint: 101902 ns, At safepoint: 1341218 ns, Total: 1443120 ns
[2033.315s][info ][gc,start       ] GC(73) Pause Young (Allocation Failure)
[2033.316s][debug][gc,phases      ] GC(73) Scavenge 0.890ms
[2033.316s][debug][gc,ref         ] GC(73) Skipped phase 1 of Reference Processing: no references
[2033.316s][debug][gc,ref         ] GC(73) ReferenceProcessor::execute queues: 1, RefProcThreadModel::Single, marks_oops_alive: false
[2033.316s][debug][gc,ref         ] GC(73) Skipped phase 3 of Reference Processing: no references
[2033.316s][debug][gc,ref         ] GC(73) Skipped phase 4 of Reference Processing: no references
[2033.316s][debug][gc,phases      ] GC(73) Reference Processing 0.095ms
[2033.317s][debug][gc,phases      ] GC(73)   VM Weak                        Min:  0.0, Avg:  0.0, Max:  0.0, Diff:  0.0, Sum:  0.0, Workers: 4
[2033.317s][debug][gc,phases      ] GC(73)     Dead                           Min: 0, Avg:  0.0, Max: 0, Diff: 0, Sum: 0, Workers: 4
[2033.317s][debug][gc,phases      ] GC(73)     Total                          Min: 0, Avg: 178.0, Max: 384, Diff: 384, Sum: 712, Workers: 4
[2033.317s][debug][gc,phases      ] GC(73)   ObjectSynchronizer Weak        Min:  0.0, Avg:  0.0, Max:  0.0, Diff:  0.0, Sum:  0.0, Workers: 4
[2033.317s][debug][gc,phases      ] GC(73)     Dead                           Min: 0, Avg:  0.0, Max: 0, Diff: 0, Sum: 0, Workers: 4
[2033.317s][debug][gc,phases      ] GC(73)     Total                          Min: 0, Avg: 12.2, Max: 49, Diff: 49, Sum: 49, Workers: 4
[2033.317s][debug][gc,phases      ] GC(73)   JVMTI Tag Weak OopStorage      Min:  0.0, Avg:  0.0, Max:  0.0, Diff:  0.0, Sum:  0.0, Workers: 4
[2033.317s][debug][gc,phases      ] GC(73)     Dead                           Min: 0, Avg:  0.0, Max: 0, Diff: 0, Sum: 0, Workers: 4
[2033.317s][debug][gc,phases      ] GC(73)     Total                          Min: 0, Avg:  0.0, Max: 0, Diff: 0, Sum: 0, Workers: 4
[2033.317s][debug][gc,phases      ] GC(73)   StringTable Weak               Min:  0.0, Avg:  0.1, Max:  0.1, Diff:  0.1, Sum:  0.4, Workers: 4
[2033.317s][debug][gc,phases      ] GC(73)     Dead                           Min: 0, Avg:  0.0, Max: 0, Diff: 0, Sum: 0, Workers: 4
[2033.317s][debug][gc,phases      ] GC(73)     Total                          Min: 0, Avg: 10765.5, Max: 18231, Diff: 18231, Sum: 43062, Workers: 4
[2033.317s][debug][gc,phases      ] GC(73)   ResolvedMethodTable Weak       Min:  0.0, Avg:  0.0, Max:  0.0, Diff:  0.0, Sum:  0.1, Workers: 4
[2033.317s][debug][gc,phases      ] GC(73)     Dead                           Min: 0, Avg:  0.0, Max: 0, Diff: 0, Sum: 0, Workers: 4
[2033.317s][debug][gc,phases      ] GC(73)     Total                          Min: 0, Avg: 2130.5, Max: 3594, Diff: 3594, Sum: 8522, Workers: 4
[2033.317s][debug][gc,phases      ] GC(73)   JNI Weak                       Min:  0.0, Avg:  0.0, Max:  0.0, Diff:  0.0, Sum:  0.0, Workers: 4
[2033.317s][debug][gc,phases      ] GC(73)     Dead                           Min: 0, Avg:  0.0, Max: 0, Diff: 0, Sum: 0, Workers: 4
[2033.317s][debug][gc,phases      ] GC(73)     Total                          Min: 0, Avg: 11.2, Max: 45, Diff: 45, Sum: 45, Workers: 4
[2033.317s][debug][gc,phases      ] GC(73)   StringDedup Table Weak         Min:  0.0, Avg:  0.0, Max:  0.0, Diff:  0.0, Sum:  0.0, Workers: 4
[2033.317s][debug][gc,phases      ] GC(73)     Dead                           Min: 0, Avg:  0.0, Max: 0, Diff: 0, Sum: 0, Workers: 4
[2033.317s][debug][gc,phases      ] GC(73)     Total                          Min: 0, Avg:  0.0, Max: 0, Diff: 0, Sum: 0, Workers: 4
[2033.317s][debug][gc,phases      ] GC(73)   StringDedup Requests0 Weak     Min:  0.0, Avg:  0.0, Max:  0.0, Diff:  0.0, Sum:  0.0, Workers: 4
[2033.317s][debug][gc,phases      ] GC(73)     Dead                           Min: 0, Avg:  0.0, Max: 0, Diff: 0, Sum: 0, Workers: 4
[2033.317s][debug][gc,phases      ] GC(73)     Total                          Min: 0, Avg:  0.0, Max: 0, Diff: 0, Sum: 0, Workers: 4
[2033.317s][debug][gc,phases      ] GC(73)   StringDedup Requests1 Weak     Min:  0.0, Avg:  0.0, Max:  0.0, Diff:  0.0, Sum:  0.0, Workers: 4
[2033.317s][debug][gc,phases      ] GC(73)     Dead                           Min: 0, Avg:  0.0, Max: 0, Diff: 0, Sum: 0, Workers: 4
[2033.317s][debug][gc,phases      ] GC(73)     Total                          Min: 0, Avg:  0.0, Max: 0, Diff: 0, Sum: 0, Workers: 4
[2033.317s][debug][gc,phases      ] GC(73)   Weak JFR Old Object Samples    Min:  0.0, Avg:  0.0, Max:  0.0, Diff:  0.0, Sum:  0.0, Workers: 4
[2033.317s][debug][gc,phases      ] GC(73)     Dead                           Min: 0, Avg:  0.0, Max: 0, Diff: 0, Sum: 0, Workers: 4
[2033.317s][debug][gc,phases      ] GC(73)     Total                          Min: 0, Avg:  0.0, Max: 0, Diff: 0, Sum: 0, Workers: 4
[2033.317s][debug][gc,phases      ] GC(73) Weak Processing 0.307ms
[2033.317s][debug][gc,age         ] GC(73) Desired survivor size 41418752 bytes, new threshold 15 (max threshold 15)
[2033.317s][info ][gc,heap        ] GC(73) PSYoungGen: 2006688K(2053632K)->288K(2050048K) Eden: 2006528K(2006528K)->0K(2006528K) From: 160K(47104K)->288K(43520K)
[2033.317s][info ][gc,heap        ] GC(73) ParOldGen: 276427K(376832K)->276451K(376832K)
[2033.317s][info ][gc,metaspace   ] GC(73) Metaspace: 78551K(79424K)->78551K(79424K) NonClass: 67292K(67776K)->67292K(67776K) Class: 11258K(11648K)->11258K(11648K)
[2033.317s][info ][gc             ] GC(73) Pause Young (Allocation Failure) 2229M->270M(2370M) 1.372ms
[2033.317s][info ][gc,cpu         ] GC(73) User=0.00s Sys=0.00s Real=0.01s
[2033.317s][info ][safepoint      ] Safepoint "ParallelGCFailedAllocation", Time since last: 45198927303 ns, Reaching safepoint: 28901 ns, At safepoint: 1447719 ns, Total: 1476620 ns
[2078.516s][info ][gc,start       ] GC(74) Pause Young (Allocation Failure)
[2078.517s][debug][gc,phases      ] GC(74) Scavenge 0.912ms
[2078.517s][debug][gc,ref         ] GC(74) Skipped phase 1 of Reference Processing: no references
[2078.517s][debug][gc,ref         ] GC(74) Skipped phase 2 of Reference Processing: no references
[2078.517s][debug][gc,ref         ] GC(74) Skipped phase 3 of Reference Processing: no references
[2078.517s][debug][gc,ref         ] GC(74) Skipped phase 4 of Reference Processing: no references
[2078.517s][debug][gc,phases      ] GC(74) Reference Processing 0.019ms
[2078.517s][debug][gc,phases      ] GC(74)   VM Weak                        Min:  0.0, Avg:  0.0, Max:  0.0, Diff:  0.0, Sum:  0.0, Workers: 4
[2078.517s][debug][gc,phases      ] GC(74)     Dead                           Min: 0, Avg:  0.0, Max: 0, Diff: 0, Sum: 0, Workers: 4
[2078.517s][debug][gc,phases      ] GC(74)     Total                          Min: 0, Avg: 178.0, Max: 704, Diff: 704, Sum: 712, Workers: 4
[2078.517s][debug][gc,phases      ] GC(74)   ObjectSynchronizer Weak        Min:  0.0, Avg:  0.0, Max:  0.0, Diff:  0.0, Sum:  0.0, Workers: 4
[2078.517s][debug][gc,phases      ] GC(74)     Dead                           Min: 0, Avg:  0.0, Max: 0, Diff: 0, Sum: 0, Workers: 4
[2078.517s][debug][gc,phases      ] GC(74)     Total                          Min: 0, Avg: 12.2, Max: 49, Diff: 49, Sum: 49, Workers: 4
[2078.517s][debug][gc,phases      ] GC(74)   JVMTI Tag Weak OopStorage      Min:  0.0, Avg:  0.0, Max:  0.0, Diff:  0.0, Sum:  0.0, Workers: 4
[2078.517s][debug][gc,phases      ] GC(74)     Dead                           Min: 0, Avg:  0.0, Max: 0, Diff: 0, Sum: 0, Workers: 4
[2078.517s][debug][gc,phases      ] GC(74)     Total                          Min: 0, Avg:  0.0, Max: 0, Diff: 0, Sum: 0, Workers: 4
[2078.517s][debug][gc,phases      ] GC(74)   StringTable Weak               Min:  0.1, Avg:  0.1, Max:  0.1, Diff:  0.0, Sum:  0.4, Workers: 4
[2078.517s][debug][gc,phases      ] GC(74)     Dead                           Min: 0, Avg:  0.0, Max: 0, Diff: 0, Sum: 0, Workers: 4
[2078.517s][debug][gc,phases      ] GC(74)     Total                          Min: 10176, Avg: 10765.5, Max: 11263, Diff: 1087, Sum: 43062, Workers: 4
[2078.517s][debug][gc,phases      ] GC(74)   ResolvedMethodTable Weak       Min:  0.0, Avg:  0.0, Max:  0.0, Diff:  0.0, Sum:  0.1, Workers: 4
[2078.517s][debug][gc,phases      ] GC(74)     Dead                           Min: 0, Avg:  0.0, Max: 0, Diff: 0, Sum: 0, Workers: 4
[2078.517s][debug][gc,phases      ] GC(74)     Total                          Min: 2112, Avg: 2130.5, Max: 2176, Diff: 64, Sum: 8522, Workers: 4
[2078.517s][debug][gc,phases      ] GC(74)   JNI Weak                       Min:  0.0, Avg:  0.0, Max:  0.0, Diff:  0.0, Sum:  0.0, Workers: 4
[2078.517s][debug][gc,phases      ] GC(74)     Dead                           Min: 0, Avg:  0.0, Max: 0, Diff: 0, Sum: 0, Workers: 4
[2078.517s][debug][gc,phases      ] GC(74)     Total                          Min: 0, Avg: 11.2, Max: 45, Diff: 45, Sum: 45, Workers: 4
[2078.517s][debug][gc,phases      ] GC(74)   StringDedup Table Weak         Min:  0.0, Avg:  0.0, Max:  0.0, Diff:  0.0, Sum:  0.0, Workers: 4
[2078.517s][debug][gc,phases      ] GC(74)     Dead                           Min: 0, Avg:  0.0, Max: 0, Diff: 0, Sum: 0, Workers: 4
[2078.517s][debug][gc,phases      ] GC(74)     Total                          Min: 0, Avg:  0.0, Max: 0, Diff: 0, Sum: 0, Workers: 4
[2078.517s][debug][gc,phases      ] GC(74)   StringDedup Requests0 Weak     Min:  0.0, Avg:  0.0, Max:  0.0, Diff:  0.0, Sum:  0.0, Workers: 4
[2078.517s][debug][gc,phases      ] GC(74)     Dead                           Min: 0, Avg:  0.0, Max: 0, Diff: 0, Sum: 0, Workers: 4
[2078.517s][debug][gc,phases      ] GC(74)     Total                          Min: 0, Avg:  0.0, Max: 0, Diff: 0, Sum: 0, Workers: 4
[2078.517s][debug][gc,phases      ] GC(74)   StringDedup Requests1 Weak     Min:  0.0, Avg:  0.0, Max:  0.0, Diff:  0.0, Sum:  0.0, Workers: 4
[2078.517s][debug][gc,phases      ] GC(74)     Dead                           Min: 0, Avg:  0.0, Max: 0, Diff: 0, Sum: 0, Workers: 4
[2078.517s][debug][gc,phases      ] GC(74)     Total                          Min: 0, Avg:  0.0, Max: 0, Diff: 0, Sum: 0, Workers: 4
[2078.517s][debug][gc,phases      ] GC(74)   Weak JFR Old Object Samples    Min:  0.0, Avg:  0.0, Max:  0.0, Diff:  0.0, Sum:  0.0, Workers: 4
[2078.517s][debug][gc,phases      ] GC(74)     Dead                           Min: 0, Avg:  0.0, Max: 0, Diff: 0, Sum: 0, Workers: 4
[2078.518s][debug][gc,phases      ] GC(74)     Total                          Min: 0, Avg:  0.0, Max: 0, Diff: 0, Sum: 0, Workers: 4
[2078.518s][debug][gc,phases      ] GC(74) Weak Processing 0.292ms
[2078.518s][debug][gc,age         ] GC(74) Desired survivor size 38797312 bytes, new threshold 15 (max threshold 15)
[2078.518s][info ][gc,heap        ] GC(74) PSYoungGen: 2006816K(2050048K)->128K(2059264K) Eden: 2006528K(2006528K)->0K(2018816K) From: 288K(43520K)->128K(40448K)
[2078.518s][info ][gc,heap        ] GC(74) ParOldGen: 276451K(376832K)->276467K(376832K)
[2078.518s][info ][gc,metaspace   ] GC(74) Metaspace: 78551K(79424K)->78551K(79424K) NonClass: 67292K(67776K)->67292K(67776K) Class: 11258K(11648K)->11258K(11648K)
[2078.518s][info ][gc             ] GC(74) Pause Young (Allocation Failure) 2229M->270M(2379M) 1.312ms
[2078.518s][info ][gc,cpu         ] GC(74) User=0.01s Sys=0.00s Real=0.00s
[2078.518s][info ][safepoint      ] Safepoint "ParallelGCFailedAllocation", Time since last: 45199342114 ns, Reaching safepoint: 22000 ns, At safepoint: 1370818 ns, Total: 1392818 ns
[2114.520s][info ][safepoint      ] Safepoint "Cleanup", Time since last: 36002083171 ns, Reaching safepoint: 39100 ns, At safepoint: 2200 ns, Total: 41300 ns
[2122.867s][info ][gc,start       ] GC(75) Pause Young (Allocation Failure)
[2122.868s][debug][gc,phases      ] GC(75) Scavenge 1.100ms
[2122.868s][debug][gc,ref         ] GC(75) Skipped phase 1 of Reference Processing: no references
[2122.868s][debug][gc,ref         ] GC(75) ReferenceProcessor::execute queues: 1, RefProcThreadModel::Single, marks_oops_alive: false
[2122.868s][debug][gc,ref         ] GC(75) Skipped phase 3 of Reference Processing: no references
[2122.868s][debug][gc,ref         ] GC(75) ReferenceProcessor::execute queues: 1, RefProcThreadModel::Single, marks_oops_alive: false
[2122.868s][debug][gc,phases      ] GC(75) Reference Processing 0.088ms
[2122.869s][debug][gc,phases      ] GC(75)   VM Weak                        Min:  0.0, Avg:  0.0, Max:  0.0, Diff:  0.0, Sum:  0.0, Workers: 4
[2122.869s][debug][gc,phases      ] GC(75)     Dead                           Min: 0, Avg:  0.0, Max: 0, Diff: 0, Sum: 0, Workers: 4
[2122.869s][debug][gc,phases      ] GC(75)     Total                          Min: 0, Avg: 178.0, Max: 584, Diff: 584, Sum: 712, Workers: 4
[2122.869s][debug][gc,phases      ] GC(75)   ObjectSynchronizer Weak        Min:  0.0, Avg:  0.0, Max:  0.0, Diff:  0.0, Sum:  0.0, Workers: 4
[2122.869s][debug][gc,phases      ] GC(75)     Dead                           Min: 0, Avg:  0.0, Max: 0, Diff: 0, Sum: 0, Workers: 4
[2122.869s][debug][gc,phases      ] GC(75)     Total                          Min: 0, Avg: 12.2, Max: 49, Diff: 49, Sum: 49, Workers: 4
[2122.869s][debug][gc,phases      ] GC(75)   JVMTI Tag Weak OopStorage      Min:  0.0, Avg:  0.0, Max:  0.0, Diff:  0.0, Sum:  0.0, Workers: 4
[2122.869s][debug][gc,phases      ] GC(75)     Dead                           Min: 0, Avg:  0.0, Max: 0, Diff: 0, Sum: 0, Workers: 4
[2122.869s][debug][gc,phases      ] GC(75)     Total                          Min: 0, Avg:  0.0, Max: 0, Diff: 0, Sum: 0, Workers: 4
[2122.869s][debug][gc,phases      ] GC(75)   StringTable Weak               Min:  0.0, Avg:  0.1, Max:  0.1, Diff:  0.1, Sum:  0.3, Workers: 4
[2122.869s][debug][gc,phases      ] GC(75)     Dead                           Min: 0, Avg:  0.0, Max: 0, Diff: 0, Sum: 0, Workers: 4
[2122.869s][debug][gc,phases      ] GC(75)     Total                          Min: 0, Avg: 10765.5, Max: 17654, Diff: 17654, Sum: 43062, Workers: 4
[2122.869s][debug][gc,phases      ] GC(75)   ResolvedMethodTable Weak       Min:  0.0, Avg:  0.0, Max:  0.0, Diff:  0.0, Sum:  0.1, Workers: 4
[2122.869s][debug][gc,phases      ] GC(75)     Dead                           Min: 0, Avg:  0.0, Max: 0, Diff: 0, Sum: 0, Workers: 4
[2122.869s][debug][gc,phases      ] GC(75)     Total                          Min: 0, Avg: 2130.5, Max: 3594, Diff: 3594, Sum: 8522, Workers: 4
[2122.869s][debug][gc,phases      ] GC(75)   JNI Weak                       Min:  0.0, Avg:  0.0, Max:  0.0, Diff:  0.0, Sum:  0.0, Workers: 4
[2122.869s][debug][gc,phases      ] GC(75)     Dead                           Min: 0, Avg:  0.0, Max: 0, Diff: 0, Sum: 0, Workers: 4
[2122.869s][debug][gc,phases      ] GC(75)     Total                          Min: 0, Avg: 11.2, Max: 45, Diff: 45, Sum: 45, Workers: 4
[2122.869s][debug][gc,phases      ] GC(75)   StringDedup Table Weak         Min:  0.0, Avg:  0.0, Max:  0.0, Diff:  0.0, Sum:  0.0, Workers: 4
[2122.869s][debug][gc,phases      ] GC(75)     Dead                           Min: 0, Avg:  0.0, Max: 0, Diff: 0, Sum: 0, Workers: 4
[2122.869s][debug][gc,phases      ] GC(75)     Total                          Min: 0, Avg:  0.0, Max: 0, Diff: 0, Sum: 0, Workers: 4
[2122.869s][debug][gc,phases      ] GC(75)   StringDedup Requests0 Weak     Min:  0.0, Avg:  0.0, Max:  0.0, Diff:  0.0, Sum:  0.0, Workers: 4
[2122.869s][debug][gc,phases      ] GC(75)     Dead                           Min: 0, Avg:  0.0, Max: 0, Diff: 0, Sum: 0, Workers: 4
[2122.869s][debug][gc,phases      ] GC(75)     Total                          Min: 0, Avg:  0.0, Max: 0, Diff: 0, Sum: 0, Workers: 4
[2122.869s][debug][gc,phases      ] GC(75)   StringDedup Requests1 Weak     Min:  0.0, Avg:  0.0, Max:  0.0, Diff:  0.0, Sum:  0.0, Workers: 4
[2122.869s][debug][gc,phases      ] GC(75)     Dead                           Min: 0, Avg:  0.0, Max: 0, Diff: 0, Sum: 0, Workers: 4
[2122.869s][debug][gc,phases      ] GC(75)     Total                          Min: 0, Avg:  0.0, Max: 0, Diff: 0, Sum: 0, Workers: 4
[2122.869s][debug][gc,phases      ] GC(75)   Weak JFR Old Object Samples    Min:  0.0, Avg:  0.0, Max:  0.0, Diff:  0.0, Sum:  0.0, Workers: 4
[2122.869s][debug][gc,phases      ] GC(75)     Dead                           Min: 0, Avg:  0.0, Max: 0, Diff: 0, Sum: 0, Workers: 4
[2122.869s][debug][gc,phases      ] GC(75)     Total                          Min: 0, Avg:  0.0, Max: 0, Diff: 0, Sum: 0, Workers: 4
[2122.869s][debug][gc,phases      ] GC(75) Weak Processing 0.298ms
[2122.869s][debug][gc,age         ] GC(75) Desired survivor size 36175872 bytes, new threshold 15 (max threshold 15)
[2122.869s][info ][gc,heap        ] GC(75) PSYoungGen: 2018944K(2059264K)->128K(2056704K) Eden: 2018816K(2018816K)->0K(2018816K) From: 128K(40448K)->128K(37888K)
[2122.869s][info ][gc,heap        ] GC(75) ParOldGen: 276467K(376832K)->276475K(376832K)
[2122.869s][info ][gc,metaspace   ] GC(75) Metaspace: 78558K(79424K)->78558K(79424K) NonClass: 67299K(67776K)->67299K(67776K) Class: 11258K(11648K)->11258K(11648K)
[2122.869s][info ][gc             ] GC(75) Pause Young (Allocation Failure) 2241M->270M(2376M) 1.573ms
[2122.869s][info ][gc,cpu         ] GC(75) User=0.00s Sys=0.00s Real=0.01s
[2122.869s][info ][safepoint      ] Safepoint "ParallelGCFailedAllocation", Time since last: 8347377203 ns, Reaching safepoint: 32101 ns, At safepoint: 1656822 ns, Total: 1688923 ns
[2168.366s][info ][gc,start       ] GC(76) Pause Young (Allocation Failure)
[2168.367s][debug][gc,phases      ] GC(76) Scavenge 0.935ms
[2168.367s][debug][gc,ref         ] GC(76) Skipped phase 1 of Reference Processing: no references
[2168.367s][debug][gc,ref         ] GC(76) ReferenceProcessor::execute queues: 1, RefProcThreadModel::Single, marks_oops_alive: false
[2168.367s][debug][gc,ref         ] GC(76) Skipped phase 3 of Reference Processing: no references
[2168.367s][debug][gc,ref         ] GC(76) ReferenceProcessor::execute queues: 1, RefProcThreadModel::Single, marks_oops_alive: false
[2168.367s][debug][gc,phases      ] GC(76) Reference Processing 0.098ms
[2168.367s][debug][gc,phases      ] GC(76)   VM Weak                        Min:  0.0, Avg:  0.0, Max:  0.0, Diff:  0.0, Sum:  0.0, Workers: 4
[2168.367s][debug][gc,phases      ] GC(76)     Dead                           Min: 0, Avg:  0.0, Max: 0, Diff: 0, Sum: 0, Workers: 4
[2168.367s][debug][gc,phases      ] GC(76)     Total                          Min: 0, Avg: 178.0, Max: 456, Diff: 456, Sum: 712, Workers: 4
[2168.367s][debug][gc,phases      ] GC(76)   ObjectSynchronizer Weak        Min:  0.0, Avg:  0.0, Max:  0.0, Diff:  0.0, Sum:  0.0, Workers: 4
[2168.367s][debug][gc,phases      ] GC(76)     Dead                           Min: 0, Avg:  0.0, Max: 0, Diff: 0, Sum: 0, Workers: 4
[2168.367s][debug][gc,phases      ] GC(76)     Total                          Min: 0, Avg: 12.2, Max: 49, Diff: 49, Sum: 49, Workers: 4
[2168.367s][debug][gc,phases      ] GC(76)   JVMTI Tag Weak OopStorage      Min:  0.0, Avg:  0.0, Max:  0.0, Diff:  0.0, Sum:  0.0, Workers: 4
[2168.367s][debug][gc,phases      ] GC(76)     Dead                           Min: 0, Avg:  0.0, Max: 0, Diff: 0, Sum: 0, Workers: 4
[2168.367s][debug][gc,phases      ] GC(76)     Total                          Min: 0, Avg:  0.0, Max: 0, Diff: 0, Sum: 0, Workers: 4
[2168.367s][debug][gc,phases      ] GC(76)   StringTable Weak               Min:  0.0, Avg:  0.1, Max:  0.1, Diff:  0.1, Sum:  0.3, Workers: 4
[2168.367s][debug][gc,phases      ] GC(76)     Dead                           Min: 0, Avg:  0.0, Max: 0, Diff: 0, Sum: 0, Workers: 4
[2168.367s][debug][gc,phases      ] GC(76)     Total                          Min: 0, Avg: 10765.8, Max: 18103, Diff: 18103, Sum: 43063, Workers: 4
[2168.367s][debug][gc,phases      ] GC(76)   ResolvedMethodTable Weak       Min:  0.0, Avg:  0.0, Max:  0.0, Diff:  0.0, Sum:  0.1, Workers: 4
[2168.367s][debug][gc,phases      ] GC(76)     Dead                           Min: 0, Avg:  0.0, Max: 0, Diff: 0, Sum: 0, Workers: 4
[2168.367s][debug][gc,phases      ] GC(76)     Total                          Min: 0, Avg: 2130.5, Max: 3712, Diff: 3712, Sum: 8522, Workers: 4
[2168.367s][debug][gc,phases      ] GC(76)   JNI Weak                       Min:  0.0, Avg:  0.0, Max:  0.0, Diff:  0.0, Sum:  0.0, Workers: 4
[2168.367s][debug][gc,phases      ] GC(76)     Dead                           Min: 0, Avg:  0.0, Max: 0, Diff: 0, Sum: 0, Workers: 4
[2168.367s][debug][gc,phases      ] GC(76)     Total                          Min: 0, Avg: 11.2, Max: 45, Diff: 45, Sum: 45, Workers: 4
[2168.367s][debug][gc,phases      ] GC(76)   StringDedup Table Weak         Min:  0.0, Avg:  0.0, Max:  0.0, Diff:  0.0, Sum:  0.0, Workers: 4
[2168.367s][debug][gc,phases      ] GC(76)     Dead                           Min: 0, Avg:  0.0, Max: 0, Diff: 0, Sum: 0, Workers: 4
[2168.367s][debug][gc,phases      ] GC(76)     Total                          Min: 0, Avg:  0.0, Max: 0, Diff: 0, Sum: 0, Workers: 4
[2168.367s][debug][gc,phases      ] GC(76)   StringDedup Requests0 Weak     Min:  0.0, Avg:  0.0, Max:  0.0, Diff:  0.0, Sum:  0.0, Workers: 4
[2168.367s][debug][gc,phases      ] GC(76)     Dead                           Min: 0, Avg:  0.0, Max: 0, Diff: 0, Sum: 0, Workers: 4
[2168.367s][debug][gc,phases      ] GC(76)     Total                          Min: 0, Avg:  0.0, Max: 0, Diff: 0, Sum: 0, Workers: 4
[2168.367s][debug][gc,phases      ] GC(76)   StringDedup Requests1 Weak     Min:  0.0, Avg:  0.0, Max:  0.0, Diff:  0.0, Sum:  0.0, Workers: 4
[2168.367s][debug][gc,phases      ] GC(76)     Dead                           Min: 0, Avg:  0.0, Max: 0, Diff: 0, Sum: 0, Workers: 4
[2168.367s][debug][gc,phases      ] GC(76)     Total                          Min: 0, Avg:  0.0, Max: 0, Diff: 0, Sum: 0, Workers: 4
[2168.367s][debug][gc,phases      ] GC(76)   Weak JFR Old Object Samples    Min:  0.0, Avg:  0.0, Max:  0.0, Diff:  0.0, Sum:  0.0, Workers: 4
[2168.367s][debug][gc,phases      ] GC(76)     Dead                           Min: 0, Avg:  0.0, Max: 0, Diff: 0, Sum: 0, Workers: 4
[2168.367s][debug][gc,phases      ] GC(76)     Total                          Min: 0, Avg:  0.0, Max: 0, Diff: 0, Sum: 0, Workers: 4
[2168.367s][debug][gc,phases      ] GC(76) Weak Processing 0.296ms
[2168.367s][debug][gc,age         ] GC(76) Desired survivor size 33554432 bytes, new threshold 15 (max threshold 15)
[2168.367s][info ][gc,heap        ] GC(76) PSYoungGen: 2018944K(2056704K)->128K(2064384K) Eden: 2018816K(2018816K)->0K(2029056K) From: 128K(37888K)->128K(35328K)
[2168.367s][info ][gc,heap        ] GC(76) ParOldGen: 276475K(376832K)->276491K(376832K)
[2168.367s][info ][gc,metaspace   ] GC(76) Metaspace: 78562K(79424K)->78562K(79424K) NonClass: 67303K(67776K)->67303K(67776K) Class: 11258K(11648K)->11258K(11648K)
[2168.367s][info ][gc             ] GC(76) Pause Young (Allocation Failure) 2241M->270M(2384M) 1.419ms
[2168.367s][info ][gc,cpu         ] GC(76) User=0.00s Sys=0.00s Real=0.00s
[2168.367s][info ][safepoint      ] Safepoint "ParallelGCFailedAllocation", Time since last: 45496986169 ns, Reaching safepoint: 42300 ns, At safepoint: 1496120 ns, Total: 1538420 ns
[2213.365s][info ][gc,start       ] GC(77) Pause Young (Allocation Failure)
[2213.366s][debug][gc,phases      ] GC(77) Scavenge 0.853ms
[2213.366s][debug][gc,ref         ] GC(77) Skipped phase 1 of Reference Processing: no references
[2213.366s][debug][gc,ref         ] GC(77) ReferenceProcessor::execute queues: 1, RefProcThreadModel::Single, marks_oops_alive: false
[2213.366s][debug][gc,ref         ] GC(77) Skipped phase 3 of Reference Processing: no references
[2213.366s][debug][gc,ref         ] GC(77) Skipped phase 4 of Reference Processing: no references
[2213.366s][debug][gc,phases      ] GC(77) Reference Processing 0.093ms
[2213.366s][debug][gc,phases      ] GC(77)   VM Weak                        Min:  0.0, Avg:  0.0, Max:  0.0, Diff:  0.0, Sum:  0.0, Workers: 4
[2213.366s][debug][gc,phases      ] GC(77)     Dead                           Min: 0, Avg:  0.0, Max: 0, Diff: 0, Sum: 0, Workers: 4
[2213.366s][debug][gc,phases      ] GC(77)     Total                          Min: 0, Avg: 178.0, Max: 520, Diff: 520, Sum: 712, Workers: 4
[2213.366s][debug][gc,phases      ] GC(77)   ObjectSynchronizer Weak        Min:  0.0, Avg:  0.0, Max:  0.0, Diff:  0.0, Sum:  0.0, Workers: 4
[2213.366s][debug][gc,phases      ] GC(77)     Dead                           Min: 0, Avg:  0.0, Max: 0, Diff: 0, Sum: 0, Workers: 4
[2213.366s][debug][gc,phases      ] GC(77)     Total                          Min: 0, Avg: 12.2, Max: 49, Diff: 49, Sum: 49, Workers: 4
[2213.366s][debug][gc,phases      ] GC(77)   JVMTI Tag Weak OopStorage      Min:  0.0, Avg:  0.0, Max:  0.0, Diff:  0.0, Sum:  0.0, Workers: 4
[2213.366s][debug][gc,phases      ] GC(77)     Dead                           Min: 0, Avg:  0.0, Max: 0, Diff: 0, Sum: 0, Workers: 4
[2213.366s][debug][gc,phases      ] GC(77)     Total                          Min: 0, Avg:  0.0, Max: 0, Diff: 0, Sum: 0, Workers: 4
[2213.366s][debug][gc,phases      ] GC(77)   StringTable Weak               Min:  0.0, Avg:  0.1, Max:  0.1, Diff:  0.1, Sum:  0.3, Workers: 4
[2213.366s][debug][gc,phases      ] GC(77)     Dead                           Min: 0, Avg:  0.0, Max: 0, Diff: 0, Sum: 0, Workers: 4
[2213.366s][debug][gc,phases      ] GC(77)     Total                          Min: 0, Avg: 10765.8, Max: 16895, Diff: 16895, Sum: 43063, Workers: 4
[2213.366s][debug][gc,phases      ] GC(77)   ResolvedMethodTable Weak       Min:  0.0, Avg:  0.0, Max:  0.0, Diff:  0.0, Sum:  0.1, Workers: 4
[2213.367s][debug][gc,phases      ] GC(77)     Dead                           Min: 0, Avg:  0.0, Max: 0, Diff: 0, Sum: 0, Workers: 4
[2213.367s][debug][gc,phases      ] GC(77)     Total                          Min: 0, Avg: 2130.5, Max: 3712, Diff: 3712, Sum: 8522, Workers: 4
[2213.367s][debug][gc,phases      ] GC(77)   JNI Weak                       Min:  0.0, Avg:  0.0, Max:  0.0, Diff:  0.0, Sum:  0.0, Workers: 4
[2213.367s][debug][gc,phases      ] GC(77)     Dead                           Min: 0, Avg:  0.0, Max: 0, Diff: 0, Sum: 0, Workers: 4
[2213.367s][debug][gc,phases      ] GC(77)     Total                          Min: 0, Avg: 11.2, Max: 45, Diff: 45, Sum: 45, Workers: 4
[2213.367s][debug][gc,phases      ] GC(77)   StringDedup Table Weak         Min:  0.0, Avg:  0.0, Max:  0.0, Diff:  0.0, Sum:  0.0, Workers: 4
[2213.367s][debug][gc,phases      ] GC(77)     Dead                           Min: 0, Avg:  0.0, Max: 0, Diff: 0, Sum: 0, Workers: 4
[2213.367s][debug][gc,phases      ] GC(77)     Total                          Min: 0, Avg:  0.0, Max: 0, Diff: 0, Sum: 0, Workers: 4
[2213.367s][debug][gc,phases      ] GC(77)   StringDedup Requests0 Weak     Min:  0.0, Avg:  0.0, Max:  0.0, Diff:  0.0, Sum:  0.0, Workers: 4
[2213.367s][debug][gc,phases      ] GC(77)     Dead                           Min: 0, Avg:  0.0, Max: 0, Diff: 0, Sum: 0, Workers: 4
[2213.367s][debug][gc,phases      ] GC(77)     Total                          Min: 0, Avg:  0.0, Max: 0, Diff: 0, Sum: 0, Workers: 4
[2213.367s][debug][gc,phases      ] GC(77)   StringDedup Requests1 Weak     Min:  0.0, Avg:  0.0, Max:  0.0, Diff:  0.0, Sum:  0.0, Workers: 4
[2213.367s][debug][gc,phases      ] GC(77)     Dead                           Min: 0, Avg:  0.0, Max: 0, Diff: 0, Sum: 0, Workers: 4
[2213.367s][debug][gc,phases      ] GC(77)     Total                          Min: 0, Avg:  0.0, Max: 0, Diff: 0, Sum: 0, Workers: 4
[2213.367s][debug][gc,phases      ] GC(77)   Weak JFR Old Object Samples    Min:  0.0, Avg:  0.0, Max:  0.0, Diff:  0.0, Sum:  0.0, Workers: 4
[2213.367s][debug][gc,phases      ] GC(77)     Dead                           Min: 0, Avg:  0.0, Max: 0, Diff: 0, Sum: 0, Workers: 4
[2213.367s][debug][gc,phases      ] GC(77)     Total                          Min: 0, Avg:  0.0, Max: 0, Diff: 0, Sum: 0, Workers: 4
[2213.367s][debug][gc,phases      ] GC(77) Weak Processing 0.291ms
[2213.367s][debug][gc,age         ] GC(77) Desired survivor size 30932992 bytes, new threshold 15 (max threshold 15)
[2213.367s][info ][gc,heap        ] GC(77) PSYoungGen: 2029184K(2064384K)->160K(2061824K) Eden: 2029056K(2029056K)->0K(2029056K) From: 128K(35328K)->160K(32768K)
[2213.367s][info ][gc,heap        ] GC(77) ParOldGen: 276491K(376832K)->276507K(376832K)
[2213.367s][info ][gc,metaspace   ] GC(77) Metaspace: 78562K(79424K)->78562K(79424K) NonClass: 67303K(67776K)->67303K(67776K) Class: 11258K(11648K)->11258K(11648K)
[2213.367s][info ][gc             ] GC(77) Pause Young (Allocation Failure) 2251M->270M(2381M) 1.320ms
[2213.367s][info ][gc,cpu         ] GC(77) User=0.01s Sys=0.00s Real=0.00s
[2213.367s][info ][safepoint      ] Safepoint "ParallelGCFailedAllocation", Time since last: 44997816669 ns, Reaching safepoint: 107701 ns, At safepoint: 1403518 ns, Total: 1511219 ns
[2258.968s][info ][gc,start       ] GC(78) Pause Young (Allocation Failure)
[2258.969s][debug][gc,phases      ] GC(78) Scavenge 1.303ms
[2258.969s][debug][gc,ref         ] GC(78) Skipped phase 1 of Reference Processing: no references
[2258.969s][debug][gc,ref         ] GC(78) ReferenceProcessor::execute queues: 1, RefProcThreadModel::Single, marks_oops_alive: false
[2258.969s][debug][gc,ref         ] GC(78) Skipped phase 3 of Reference Processing: no references
[2258.969s][debug][gc,ref         ] GC(78) Skipped phase 4 of Reference Processing: no references
[2258.969s][debug][gc,phases      ] GC(78) Reference Processing 0.086ms
[2258.969s][debug][gc,phases      ] GC(78)   VM Weak                        Min:  0.0, Avg:  0.0, Max:  0.0, Diff:  0.0, Sum:  0.0, Workers: 4
[2258.969s][debug][gc,phases      ] GC(78)     Dead                           Min: 0, Avg:  0.0, Max: 0, Diff: 0, Sum: 0, Workers: 4
[2258.969s][debug][gc,phases      ] GC(78)     Total                          Min: 0, Avg: 178.0, Max: 384, Diff: 384, Sum: 712, Workers: 4
[2258.969s][debug][gc,phases      ] GC(78)   ObjectSynchronizer Weak        Min:  0.0, Avg:  0.0, Max:  0.0, Diff:  0.0, Sum:  0.0, Workers: 4
[2258.969s][debug][gc,phases      ] GC(78)     Dead                           Min: 0, Avg:  0.0, Max: 0, Diff: 0, Sum: 0, Workers: 4
[2258.969s][debug][gc,phases      ] GC(78)     Total                          Min: 0, Avg: 12.2, Max: 49, Diff: 49, Sum: 49, Workers: 4
[2258.969s][debug][gc,phases      ] GC(78)   JVMTI Tag Weak OopStorage      Min:  0.0, Avg:  0.0, Max:  0.0, Diff:  0.0, Sum:  0.0, Workers: 4
[2258.969s][debug][gc,phases      ] GC(78)     Dead                           Min: 0, Avg:  0.0, Max: 0, Diff: 0, Sum: 0, Workers: 4
[2258.969s][debug][gc,phases      ] GC(78)     Total                          Min: 0, Avg:  0.0, Max: 0, Diff: 0, Sum: 0, Workers: 4
[2258.969s][debug][gc,phases      ] GC(78)   StringTable Weak               Min:  0.0, Avg:  0.1, Max:  0.1, Diff:  0.1, Sum:  0.3, Workers: 4
[2258.969s][debug][gc,phases      ] GC(78)     Dead                           Min: 0, Avg:  0.0, Max: 0, Diff: 0, Sum: 0, Workers: 4
[2258.969s][debug][gc,phases      ] GC(78)     Total                          Min: 0, Avg: 10765.8, Max: 18425, Diff: 18425, Sum: 43063, Workers: 4
[2258.969s][debug][gc,phases      ] GC(78)   ResolvedMethodTable Weak       Min:  0.0, Avg:  0.0, Max:  0.0, Diff:  0.0, Sum:  0.1, Workers: 4
[2258.969s][debug][gc,phases      ] GC(78)     Dead                           Min: 0, Avg:  0.0, Max: 0, Diff: 0, Sum: 0, Workers: 4
[2258.969s][debug][gc,phases      ] GC(78)     Total                          Min: 0, Avg: 2130.5, Max: 3200, Diff: 3200, Sum: 8522, Workers: 4
[2258.969s][debug][gc,phases      ] GC(78)   JNI Weak                       Min:  0.0, Avg:  0.0, Max:  0.0, Diff:  0.0, Sum:  0.0, Workers: 4
[2258.969s][debug][gc,phases      ] GC(78)     Dead                           Min: 0, Avg:  0.0, Max: 0, Diff: 0, Sum: 0, Workers: 4
[2258.969s][debug][gc,phases      ] GC(78)     Total                          Min: 0, Avg: 11.2, Max: 45, Diff: 45, Sum: 45, Workers: 4
[2258.969s][debug][gc,phases      ] GC(78)   StringDedup Table Weak         Min:  0.0, Avg:  0.0, Max:  0.0, Diff:  0.0, Sum:  0.0, Workers: 4
[2258.969s][debug][gc,phases      ] GC(78)     Dead                           Min: 0, Avg:  0.0, Max: 0, Diff: 0, Sum: 0, Workers: 4
[2258.969s][debug][gc,phases      ] GC(78)     Total                          Min: 0, Avg:  0.0, Max: 0, Diff: 0, Sum: 0, Workers: 4
[2258.969s][debug][gc,phases      ] GC(78)   StringDedup Requests0 Weak     Min:  0.0, Avg:  0.0, Max:  0.0, Diff:  0.0, Sum:  0.0, Workers: 4
[2258.969s][debug][gc,phases      ] GC(78)     Dead                           Min: 0, Avg:  0.0, Max: 0, Diff: 0, Sum: 0, Workers: 4
[2258.969s][debug][gc,phases      ] GC(78)     Total                          Min: 0, Avg:  0.0, Max: 0, Diff: 0, Sum: 0, Workers: 4
[2258.969s][debug][gc,phases      ] GC(78)   StringDedup Requests1 Weak     Min:  0.0, Avg:  0.0, Max:  0.0, Diff:  0.0, Sum:  0.0, Workers: 4
[2258.969s][debug][gc,phases      ] GC(78)     Dead                           Min: 0, Avg:  0.0, Max: 0, Diff: 0, Sum: 0, Workers: 4
[2258.969s][debug][gc,phases      ] GC(78)     Total                          Min: 0, Avg:  0.0, Max: 0, Diff: 0, Sum: 0, Workers: 4
[2258.969s][debug][gc,phases      ] GC(78)   Weak JFR Old Object Samples    Min:  0.0, Avg:  0.0, Max:  0.0, Diff:  0.0, Sum:  0.0, Workers: 4
[2258.969s][debug][gc,phases      ] GC(78)     Dead                           Min: 0, Avg:  0.0, Max: 0, Diff: 0, Sum: 0, Workers: 4
[2258.969s][debug][gc,phases      ] GC(78)     Total                          Min: 0, Avg:  0.0, Max: 0, Diff: 0, Sum: 0, Workers: 4
[2258.969s][debug][gc,phases      ] GC(78) Weak Processing 0.302ms
[2258.969s][debug][gc,age         ] GC(78) Desired survivor size 28835840 bytes, new threshold 15 (max threshold 15)
[2258.969s][info ][gc,heap        ] GC(78) PSYoungGen: 2029216K(2061824K)->128K(2068992K) Eden: 2029056K(2029056K)->0K(2038784K) From: 160K(32768K)->128K(30208K)
[2258.969s][info ][gc,heap        ] GC(78) ParOldGen: 276507K(376832K)->276515K(376832K)
[2258.969s][info ][gc,metaspace   ] GC(78) Metaspace: 78562K(79424K)->78562K(79424K) NonClass: 67303K(67776K)->67303K(67776K) Class: 11258K(11648K)->11258K(11648K)
[2258.969s][info ][gc             ] GC(78) Pause Young (Allocation Failure) 2251M->270M(2388M) 1.776ms
[2258.970s][info ][gc,cpu         ] GC(78) User=0.00s Sys=0.01s Real=0.00s
[2258.970s][info ][safepoint      ] Safepoint "ParallelGCFailedAllocation", Time since last: 45600965596 ns, Reaching safepoint: 79901 ns, At safepoint: 1852125 ns, Total: 1932026 ns
[2304.715s][info ][gc,start       ] GC(79) Pause Young (Allocation Failure)
[2304.716s][debug][gc,phases      ] GC(79) Scavenge 0.867ms
[2304.716s][debug][gc,ref         ] GC(79) Skipped phase 1 of Reference Processing: no references
[2304.716s][debug][gc,ref         ] GC(79) Skipped phase 2 of Reference Processing: no references
[2304.716s][debug][gc,ref         ] GC(79) Skipped phase 3 of Reference Processing: no references
[2304.716s][debug][gc,ref         ] GC(79) Skipped phase 4 of Reference Processing: no references
[2304.716s][debug][gc,phases      ] GC(79) Reference Processing 0.033ms
[2304.716s][debug][gc,phases      ] GC(79)   VM Weak                        Min:  0.0, Avg:  0.0, Max:  0.0, Diff:  0.0, Sum:  0.0, Workers: 4
[2304.716s][debug][gc,phases      ] GC(79)     Dead                           Min: 0, Avg:  0.0, Max: 0, Diff: 0, Sum: 0, Workers: 4
[2304.716s][debug][gc,phases      ] GC(79)     Total                          Min: 0, Avg: 178.0, Max: 576, Diff: 576, Sum: 712, Workers: 4
[2304.716s][debug][gc,phases      ] GC(79)   ObjectSynchronizer Weak        Min:  0.0, Avg:  0.0, Max:  0.0, Diff:  0.0, Sum:  0.0, Workers: 4
[2304.716s][debug][gc,phases      ] GC(79)     Dead                           Min: 0, Avg:  0.0, Max: 0, Diff: 0, Sum: 0, Workers: 4
[2304.716s][debug][gc,phases      ] GC(79)     Total                          Min: 0, Avg: 12.2, Max: 49, Diff: 49, Sum: 49, Workers: 4
[2304.716s][debug][gc,phases      ] GC(79)   JVMTI Tag Weak OopStorage      Min:  0.0, Avg:  0.0, Max:  0.0, Diff:  0.0, Sum:  0.0, Workers: 4
[2304.716s][debug][gc,phases      ] GC(79)     Dead                           Min: 0, Avg:  0.0, Max: 0, Diff: 0, Sum: 0, Workers: 4
[2304.716s][debug][gc,phases      ] GC(79)     Total                          Min: 0, Avg:  0.0, Max: 0, Diff: 0, Sum: 0, Workers: 4
[2304.716s][debug][gc,phases      ] GC(79)   StringTable Weak               Min:  0.0, Avg:  0.1, Max:  0.1, Diff:  0.1, Sum:  0.3, Workers: 4
[2304.716s][debug][gc,phases      ] GC(79)     Dead                           Min: 0, Avg:  0.0, Max: 0, Diff: 0, Sum: 0, Workers: 4
[2304.716s][debug][gc,phases      ] GC(79)     Total                          Min: 0, Avg: 10766.0, Max: 17856, Diff: 17856, Sum: 43064, Workers: 4
[2304.716s][debug][gc,phases      ] GC(79)   ResolvedMethodTable Weak       Min:  0.0, Avg:  0.0, Max:  0.0, Diff:  0.0, Sum:  0.1, Workers: 4
[2304.716s][debug][gc,phases      ] GC(79)     Dead                           Min: 0, Avg:  0.0, Max: 0, Diff: 0, Sum: 0, Workers: 4
[2304.716s][debug][gc,phases      ] GC(79)     Total                          Min: 0, Avg: 2130.5, Max: 3018, Diff: 3018, Sum: 8522, Workers: 4
[2304.716s][debug][gc,phases      ] GC(79)   JNI Weak                       Min:  0.0, Avg:  0.0, Max:  0.0, Diff:  0.0, Sum:  0.0, Workers: 4
[2304.716s][debug][gc,phases      ] GC(79)     Dead                           Min: 0, Avg:  0.0, Max: 0, Diff: 0, Sum: 0, Workers: 4
[2304.716s][debug][gc,phases      ] GC(79)     Total                          Min: 0, Avg: 11.2, Max: 45, Diff: 45, Sum: 45, Workers: 4
[2304.716s][debug][gc,phases      ] GC(79)   StringDedup Table Weak         Min:  0.0, Avg:  0.0, Max:  0.0, Diff:  0.0, Sum:  0.0, Workers: 4
[2304.716s][debug][gc,phases      ] GC(79)     Dead                           Min: 0, Avg:  0.0, Max: 0, Diff: 0, Sum: 0, Workers: 4
[2304.716s][debug][gc,phases      ] GC(79)     Total                          Min: 0, Avg:  0.0, Max: 0, Diff: 0, Sum: 0, Workers: 4
[2304.716s][debug][gc,phases      ] GC(79)   StringDedup Requests0 Weak     Min:  0.0, Avg:  0.0, Max:  0.0, Diff:  0.0, Sum:  0.0, Workers: 4
[2304.716s][debug][gc,phases      ] GC(79)     Dead                           Min: 0, Avg:  0.0, Max: 0, Diff: 0, Sum: 0, Workers: 4
[2304.716s][debug][gc,phases      ] GC(79)     Total                          Min: 0, Avg:  0.0, Max: 0, Diff: 0, Sum: 0, Workers: 4
[2304.716s][debug][gc,phases      ] GC(79)   StringDedup Requests1 Weak     Min:  0.0, Avg:  0.0, Max:  0.0, Diff:  0.0, Sum:  0.0, Workers: 4
[2304.716s][debug][gc,phases      ] GC(79)     Dead                           Min: 0, Avg:  0.0, Max: 0, Diff: 0, Sum: 0, Workers: 4
[2304.716s][debug][gc,phases      ] GC(79)     Total                          Min: 0, Avg:  0.0, Max: 0, Diff: 0, Sum: 0, Workers: 4
[2304.716s][debug][gc,phases      ] GC(79)   Weak JFR Old Object Samples    Min:  0.0, Avg:  0.0, Max:  0.0, Diff:  0.0, Sum:  0.0, Workers: 4
[2304.716s][debug][gc,phases      ] GC(79)     Dead                           Min: 0, Avg:  0.0, Max: 0, Diff: 0, Sum: 0, Workers: 4
[2304.716s][debug][gc,phases      ] GC(79)     Total                          Min: 0, Avg:  0.0, Max: 0, Diff: 0, Sum: 0, Workers: 4
[2304.716s][debug][gc,phases      ] GC(79) Weak Processing 0.296ms
[2304.716s][debug][gc,age         ] GC(79) Desired survivor size 26738688 bytes, new threshold 15 (max threshold 15)
[2304.716s][info ][gc,heap        ] GC(79) PSYoungGen: 2038912K(2068992K)->128K(2066944K) Eden: 2038784K(2038784K)->0K(2038784K) From: 128K(30208K)->128K(28160K)
[2304.716s][info ][gc,heap        ] GC(79) ParOldGen: 276515K(376832K)->276523K(376832K)
[2304.716s][info ][gc,metaspace   ] GC(79) Metaspace: 78565K(79488K)->78565K(79488K) NonClass: 67306K(67840K)->67306K(67840K) Class: 11258K(11648K)->11258K(11648K)
[2304.716s][info ][gc             ] GC(79) Pause Young (Allocation Failure) 2261M->270M(2386M) 1.274ms
[2304.716s][info ][gc,cpu         ] GC(79) User=0.00s Sys=0.00s Real=0.01s
[2304.716s][info ][safepoint      ] Safepoint "ParallelGCFailedAllocation", Time since last: 45745362605 ns, Reaching safepoint: 62300 ns, At safepoint: 1328618 ns, Total: 1390918 ns
[2350.616s][info ][gc,start       ] GC(80) Pause Young (Allocation Failure)
[2350.617s][debug][gc,phases      ] GC(80) Scavenge 1.125ms
[2350.617s][debug][gc,ref         ] GC(80) Skipped phase 1 of Reference Processing: no references
[2350.617s][debug][gc,ref         ] GC(80) ReferenceProcessor::execute queues: 1, RefProcThreadModel::Single, marks_oops_alive: false
[2350.617s][debug][gc,ref         ] GC(80) Skipped phase 3 of Reference Processing: no references
[2350.617s][debug][gc,ref         ] GC(80) Skipped phase 4 of Reference Processing: no references
[2350.617s][debug][gc,phases      ] GC(80) Reference Processing 0.084ms
[2350.617s][debug][gc,phases      ] GC(80)   VM Weak                        Min:  0.0, Avg:  0.0, Max:  0.0, Diff:  0.0, Sum:  0.0, Workers: 4
[2350.617s][debug][gc,phases      ] GC(80)     Dead                           Min: 0, Avg:  0.0, Max: 0, Diff: 0, Sum: 0, Workers: 4
[2350.617s][debug][gc,phases      ] GC(80)     Total                          Min: 0, Avg: 178.0, Max: 576, Diff: 576, Sum: 712, Workers: 4
[2350.617s][debug][gc,phases      ] GC(80)   ObjectSynchronizer Weak        Min:  0.0, Avg:  0.0, Max:  0.0, Diff:  0.0, Sum:  0.0, Workers: 4
[2350.617s][debug][gc,phases      ] GC(80)     Dead                           Min: 0, Avg:  0.0, Max: 0, Diff: 0, Sum: 0, Workers: 4
[2350.617s][debug][gc,phases      ] GC(80)     Total                          Min: 0, Avg: 12.2, Max: 49, Diff: 49, Sum: 49, Workers: 4
[2350.617s][debug][gc,phases      ] GC(80)   JVMTI Tag Weak OopStorage      Min:  0.0, Avg:  0.0, Max:  0.0, Diff:  0.0, Sum:  0.0, Workers: 4
[2350.617s][debug][gc,phases      ] GC(80)     Dead                           Min: 0, Avg:  0.0, Max: 0, Diff: 0, Sum: 0, Workers: 4
[2350.617s][debug][gc,phases      ] GC(80)     Total                          Min: 0, Avg:  0.0, Max: 0, Diff: 0, Sum: 0, Workers: 4
[2350.617s][debug][gc,phases      ] GC(80)   StringTable Weak               Min:  0.1, Avg:  0.1, Max:  0.1, Diff:  0.0, Sum:  0.4, Workers: 4
[2350.617s][debug][gc,phases      ] GC(80)     Dead                           Min: 0, Avg:  0.0, Max: 0, Diff: 0, Sum: 0, Workers: 4
[2350.617s][debug][gc,phases      ] GC(80)     Total                          Min: 10432, Avg: 10766.0, Max: 11007, Diff: 575, Sum: 43064, Workers: 4
[2350.617s][debug][gc,phases      ] GC(80)   ResolvedMethodTable Weak       Min:  0.0, Avg:  0.0, Max:  0.0, Diff:  0.0, Sum:  0.1, Workers: 4
[2350.617s][debug][gc,phases      ] GC(80)     Dead                           Min: 0, Avg:  0.0, Max: 0, Diff: 0, Sum: 0, Workers: 4
[2350.617s][debug][gc,phases      ] GC(80)     Total                          Min: 2048, Avg: 2130.5, Max: 2186, Diff: 138, Sum: 8522, Workers: 4
[2350.617s][debug][gc,phases      ] GC(80)   JNI Weak                       Min:  0.0, Avg:  0.0, Max:  0.0, Diff:  0.0, Sum:  0.0, Workers: 4
[2350.617s][debug][gc,phases      ] GC(80)     Dead                           Min: 0, Avg:  0.0, Max: 0, Diff: 0, Sum: 0, Workers: 4
[2350.617s][debug][gc,phases      ] GC(80)     Total                          Min: 0, Avg: 11.2, Max: 45, Diff: 45, Sum: 45, Workers: 4
[2350.618s][debug][gc,phases      ] GC(80)   StringDedup Table Weak         Min:  0.0, Avg:  0.0, Max:  0.0, Diff:  0.0, Sum:  0.0, Workers: 4
[2350.618s][debug][gc,phases      ] GC(80)     Dead                           Min: 0, Avg:  0.0, Max: 0, Diff: 0, Sum: 0, Workers: 4
[2350.618s][debug][gc,phases      ] GC(80)     Total                          Min: 0, Avg:  0.0, Max: 0, Diff: 0, Sum: 0, Workers: 4
[2350.618s][debug][gc,phases      ] GC(80)   StringDedup Requests0 Weak     Min:  0.0, Avg:  0.0, Max:  0.0, Diff:  0.0, Sum:  0.0, Workers: 4
[2350.618s][debug][gc,phases      ] GC(80)     Dead                           Min: 0, Avg:  0.0, Max: 0, Diff: 0, Sum: 0, Workers: 4
[2350.618s][debug][gc,phases      ] GC(80)     Total                          Min: 0, Avg:  0.0, Max: 0, Diff: 0, Sum: 0, Workers: 4
[2350.618s][debug][gc,phases      ] GC(80)   StringDedup Requests1 Weak     Min:  0.0, Avg:  0.0, Max:  0.0, Diff:  0.0, Sum:  0.0, Workers: 4
[2350.618s][debug][gc,phases      ] GC(80)     Dead                           Min: 0, Avg:  0.0, Max: 0, Diff: 0, Sum: 0, Workers: 4
[2350.618s][debug][gc,phases      ] GC(80)     Total                          Min: 0, Avg:  0.0, Max: 0, Diff: 0, Sum: 0, Workers: 4
[2350.618s][debug][gc,phases      ] GC(80)   Weak JFR Old Object Samples    Min:  0.0, Avg:  0.0, Max:  0.0, Diff:  0.0, Sum:  0.0, Workers: 4
[2350.618s][debug][gc,phases      ] GC(80)     Dead                           Min: 0, Avg:  0.0, Max: 0, Diff: 0, Sum: 0, Workers: 4
[2350.618s][debug][gc,phases      ] GC(80)     Total                          Min: 0, Avg:  0.0, Max: 0, Diff: 0, Sum: 0, Workers: 4
[2350.618s][debug][gc,phases      ] GC(80) Weak Processing 0.268ms
[2350.618s][debug][gc,age         ] GC(80) Desired survivor size 24641536 bytes, new threshold 15 (max threshold 15)
[2350.618s][info ][gc,heap        ] GC(80) PSYoungGen: 2038912K(2066944K)->128K(2073088K) Eden: 2038784K(2038784K)->0K(2046976K) From: 128K(28160K)->128K(26112K)
[2350.618s][info ][gc,heap        ] GC(80) ParOldGen: 276523K(376832K)->276531K(376832K)
[2350.618s][info ][gc,metaspace   ] GC(80) Metaspace: 78565K(79488K)->78565K(79488K) NonClass: 67306K(67840K)->67306K(67840K) Class: 11258K(11648K)->11258K(11648K)
[2350.618s][info ][gc             ] GC(80) Pause Young (Allocation Failure) 2261M->270M(2392M) 1.572ms
[2350.618s][info ][gc,cpu         ] GC(80) User=0.00s Sys=0.00s Real=0.00s
[2350.618s][info ][safepoint      ] Safepoint "ParallelGCFailedAllocation", Time since last: 45899641665 ns, Reaching safepoint: 29200 ns, At safepoint: 1643622 ns, Total: 1672822 ns
[2396.766s][info ][gc,start       ] GC(81) Pause Young (Allocation Failure)
[2396.767s][debug][gc,phases      ] GC(81) Scavenge 0.977ms
[2396.767s][debug][gc,ref         ] GC(81) Skipped phase 1 of Reference Processing: no references
[2396.767s][debug][gc,ref         ] GC(81) ReferenceProcessor::execute queues: 1, RefProcThreadModel::Single, marks_oops_alive: false
[2396.767s][debug][gc,ref         ] GC(81) Skipped phase 3 of Reference Processing: no references
[2396.767s][debug][gc,ref         ] GC(81) Skipped phase 4 of Reference Processing: no references
[2396.767s][debug][gc,phases      ] GC(81) Reference Processing 0.086ms
[2396.767s][debug][gc,phases      ] GC(81)   VM Weak                        Min:  0.0, Avg:  0.0, Max:  0.0, Diff:  0.0, Sum:  0.0, Workers: 4
[2396.767s][debug][gc,phases      ] GC(81)     Dead                           Min: 0, Avg:  0.0, Max: 0, Diff: 0, Sum: 0, Workers: 4
[2396.767s][debug][gc,phases      ] GC(81)     Total                          Min: 0, Avg: 178.0, Max: 704, Diff: 704, Sum: 712, Workers: 4
[2396.767s][debug][gc,phases      ] GC(81)   ObjectSynchronizer Weak        Min:  0.0, Avg:  0.0, Max:  0.0, Diff:  0.0, Sum:  0.0, Workers: 4
[2396.767s][debug][gc,phases      ] GC(81)     Dead                           Min: 0, Avg:  0.0, Max: 0, Diff: 0, Sum: 0, Workers: 4
[2396.767s][debug][gc,phases      ] GC(81)     Total                          Min: 0, Avg: 12.2, Max: 49, Diff: 49, Sum: 49, Workers: 4
[2396.767s][debug][gc,phases      ] GC(81)   JVMTI Tag Weak OopStorage      Min:  0.0, Avg:  0.0, Max:  0.0, Diff:  0.0, Sum:  0.0, Workers: 4
[2396.767s][debug][gc,phases      ] GC(81)     Dead                           Min: 0, Avg:  0.0, Max: 0, Diff: 0, Sum: 0, Workers: 4
[2396.767s][debug][gc,phases      ] GC(81)     Total                          Min: 0, Avg:  0.0, Max: 0, Diff: 0, Sum: 0, Workers: 4
[2396.767s][debug][gc,phases      ] GC(81)   StringTable Weak               Min:  0.1, Avg:  0.1, Max:  0.1, Diff:  0.0, Sum:  0.4, Workers: 4
[2396.767s][debug][gc,phases      ] GC(81)     Dead                           Min: 0, Avg:  0.0, Max: 0, Diff: 0, Sum: 0, Workers: 4
[2396.767s][debug][gc,phases      ] GC(81)     Total                          Min: 7424, Avg: 10766.0, Max: 13624, Diff: 6200, Sum: 43064, Workers: 4
[2396.767s][debug][gc,phases      ] GC(81)   ResolvedMethodTable Weak       Min:  0.0, Avg:  0.0, Max:  0.0, Diff:  0.0, Sum:  0.1, Workers: 4
[2396.767s][debug][gc,phases      ] GC(81)     Dead                           Min: 0, Avg:  0.0, Max: 0, Diff: 0, Sum: 0, Workers: 4
[2396.767s][debug][gc,phases      ] GC(81)     Total                          Min: 1984, Avg: 2130.5, Max: 2496, Diff: 512, Sum: 8522, Workers: 4
[2396.767s][debug][gc,phases      ] GC(81)   JNI Weak                       Min:  0.0, Avg:  0.0, Max:  0.0, Diff:  0.0, Sum:  0.0, Workers: 4
[2396.767s][debug][gc,phases      ] GC(81)     Dead                           Min: 0, Avg:  0.0, Max: 0, Diff: 0, Sum: 0, Workers: 4
[2396.767s][debug][gc,phases      ] GC(81)     Total                          Min: 0, Avg: 11.2, Max: 45, Diff: 45, Sum: 45, Workers: 4
[2396.767s][debug][gc,phases      ] GC(81)   StringDedup Table Weak         Min:  0.0, Avg:  0.0, Max:  0.0, Diff:  0.0, Sum:  0.0, Workers: 4
[2396.767s][debug][gc,phases      ] GC(81)     Dead                           Min: 0, Avg:  0.0, Max: 0, Diff: 0, Sum: 0, Workers: 4
[2396.767s][debug][gc,phases      ] GC(81)     Total                          Min: 0, Avg:  0.0, Max: 0, Diff: 0, Sum: 0, Workers: 4
[2396.767s][debug][gc,phases      ] GC(81)   StringDedup Requests0 Weak     Min:  0.0, Avg:  0.0, Max:  0.0, Diff:  0.0, Sum:  0.0, Workers: 4
[2396.767s][debug][gc,phases      ] GC(81)     Dead                           Min: 0, Avg:  0.0, Max: 0, Diff: 0, Sum: 0, Workers: 4
[2396.767s][debug][gc,phases      ] GC(81)     Total                          Min: 0, Avg:  0.0, Max: 0, Diff: 0, Sum: 0, Workers: 4
[2396.767s][debug][gc,phases      ] GC(81)   StringDedup Requests1 Weak     Min:  0.0, Avg:  0.0, Max:  0.0, Diff:  0.0, Sum:  0.0, Workers: 4
[2396.767s][debug][gc,phases      ] GC(81)     Dead                           Min: 0, Avg:  0.0, Max: 0, Diff: 0, Sum: 0, Workers: 4
[2396.767s][debug][gc,phases      ] GC(81)     Total                          Min: 0, Avg:  0.0, Max: 0, Diff: 0, Sum: 0, Workers: 4
[2396.767s][debug][gc,phases      ] GC(81)   Weak JFR Old Object Samples    Min:  0.0, Avg:  0.0, Max:  0.0, Diff:  0.0, Sum:  0.0, Workers: 4
[2396.767s][debug][gc,phases      ] GC(81)     Dead                           Min: 0, Avg:  0.0, Max: 0, Diff: 0, Sum: 0, Workers: 4
[2396.767s][debug][gc,phases      ] GC(81)     Total                          Min: 0, Avg:  0.0, Max: 0, Diff: 0, Sum: 0, Workers: 4
[2396.767s][debug][gc,phases      ] GC(81) Weak Processing 0.284ms
[2396.767s][debug][gc,age         ] GC(81) Desired survivor size 22544384 bytes, new threshold 15 (max threshold 15)
[2396.767s][info ][gc,heap        ] GC(81) PSYoungGen: 2047104K(2073088K)->256K(2071040K) Eden: 2046976K(2046976K)->0K(2046976K) From: 128K(26112K)->256K(24064K)
[2396.767s][info ][gc,heap        ] GC(81) ParOldGen: 276531K(376832K)->276539K(376832K)
[2396.767s][info ][gc,metaspace   ] GC(81) Metaspace: 78565K(79488K)->78565K(79488K) NonClass: 67306K(67840K)->67306K(67840K) Class: 11258K(11648K)->11258K(11648K)
[2396.767s][info ][gc             ] GC(81) Pause Young (Allocation Failure) 2269M->270M(2390M) 1.436ms
[2396.767s][info ][gc,cpu         ] GC(81) User=0.00s Sys=0.00s Real=0.00s
[2396.767s][info ][safepoint      ] Safepoint "ParallelGCFailedAllocation", Time since last: 46147904961 ns, Reaching safepoint: 36700 ns, At safepoint: 1508918 ns, Total: 1545618 ns
[2414.768s][info ][safepoint      ] Safepoint "Cleanup", Time since last: 18001140602 ns, Reaching safepoint: 101001 ns, At safepoint: 6001 ns, Total: 107002 ns
[2441.865s][info ][gc,start       ] GC(82) Pause Young (Allocation Failure)
[2441.866s][debug][gc,phases      ] GC(82) Scavenge 1.060ms
[2441.866s][debug][gc,ref         ] GC(82) Skipped phase 1 of Reference Processing: no references
[2441.866s][debug][gc,ref         ] GC(82) ReferenceProcessor::execute queues: 1, RefProcThreadModel::Single, marks_oops_alive: false
[2441.866s][debug][gc,ref         ] GC(82) Skipped phase 3 of Reference Processing: no references
[2441.866s][debug][gc,ref         ] GC(82) ReferenceProcessor::execute queues: 1, RefProcThreadModel::Single, marks_oops_alive: false
[2441.866s][debug][gc,phases      ] GC(82) Reference Processing 0.086ms
[2441.867s][debug][gc,phases      ] GC(82)   VM Weak                        Min:  0.0, Avg:  0.0, Max:  0.0, Diff:  0.0, Sum:  0.0, Workers: 4
[2441.867s][debug][gc,phases      ] GC(82)     Dead                           Min: 0, Avg:  0.0, Max: 0, Diff: 0, Sum: 0, Workers: 4
[2441.867s][debug][gc,phases      ] GC(82)     Total                          Min: 0, Avg: 178.0, Max: 320, Diff: 320, Sum: 712, Workers: 4
[2441.867s][debug][gc,phases      ] GC(82)   ObjectSynchronizer Weak        Min:  0.0, Avg:  0.0, Max:  0.0, Diff:  0.0, Sum:  0.0, Workers: 4
[2441.867s][debug][gc,phases      ] GC(82)     Dead                           Min: 0, Avg:  0.0, Max: 0, Diff: 0, Sum: 0, Workers: 4
[2441.867s][debug][gc,phases      ] GC(82)     Total                          Min: 0, Avg: 12.2, Max: 49, Diff: 49, Sum: 49, Workers: 4
[2441.867s][debug][gc,phases      ] GC(82)   JVMTI Tag Weak OopStorage      Min:  0.0, Avg:  0.0, Max:  0.0, Diff:  0.0, Sum:  0.0, Workers: 4
[2441.867s][debug][gc,phases      ] GC(82)     Dead                           Min: 0, Avg:  0.0, Max: 0, Diff: 0, Sum: 0, Workers: 4
[2441.867s][debug][gc,phases      ] GC(82)     Total                          Min: 0, Avg:  0.0, Max: 0, Diff: 0, Sum: 0, Workers: 4
[2441.867s][debug][gc,phases      ] GC(82)   StringTable Weak               Min:  0.0, Avg:  0.1, Max:  0.1, Diff:  0.1, Sum:  0.3, Workers: 4
[2441.867s][debug][gc,phases      ] GC(82)     Dead                           Min: 0, Avg:  0.0, Max: 0, Diff: 0, Sum: 0, Workers: 4
[2441.867s][debug][gc,phases      ] GC(82)     Total                          Min: 0, Avg: 10766.0, Max: 17598, Diff: 17598, Sum: 43064, Workers: 4
[2441.867s][debug][gc,phases      ] GC(82)   ResolvedMethodTable Weak       Min:  0.0, Avg:  0.0, Max:  0.0, Diff:  0.0, Sum:  0.1, Workers: 4
[2441.867s][debug][gc,phases      ] GC(82)     Dead                           Min: 0, Avg:  0.0, Max: 0, Diff: 0, Sum: 0, Workers: 4
[2441.867s][debug][gc,phases      ] GC(82)     Total                          Min: 0, Avg: 2130.5, Max: 3786, Diff: 3786, Sum: 8522, Workers: 4
[2441.867s][debug][gc,phases      ] GC(82)   JNI Weak                       Min:  0.0, Avg:  0.0, Max:  0.0, Diff:  0.0, Sum:  0.0, Workers: 4
[2441.867s][debug][gc,phases      ] GC(82)     Dead                           Min: 0, Avg:  0.0, Max: 0, Diff: 0, Sum: 0, Workers: 4
[2441.867s][debug][gc,phases      ] GC(82)     Total                          Min: 0, Avg: 11.2, Max: 45, Diff: 45, Sum: 45, Workers: 4
[2441.867s][debug][gc,phases      ] GC(82)   StringDedup Table Weak         Min:  0.0, Avg:  0.0, Max:  0.0, Diff:  0.0, Sum:  0.0, Workers: 4
[2441.867s][debug][gc,phases      ] GC(82)     Dead                           Min: 0, Avg:  0.0, Max: 0, Diff: 0, Sum: 0, Workers: 4
[2441.867s][debug][gc,phases      ] GC(82)     Total                          Min: 0, Avg:  0.0, Max: 0, Diff: 0, Sum: 0, Workers: 4
[2441.867s][debug][gc,phases      ] GC(82)   StringDedup Requests0 Weak     Min:  0.0, Avg:  0.0, Max:  0.0, Diff:  0.0, Sum:  0.0, Workers: 4
[2441.867s][debug][gc,phases      ] GC(82)     Dead                           Min: 0, Avg:  0.0, Max: 0, Diff: 0, Sum: 0, Workers: 4
[2441.867s][debug][gc,phases      ] GC(82)     Total                          Min: 0, Avg:  0.0, Max: 0, Diff: 0, Sum: 0, Workers: 4
[2441.867s][debug][gc,phases      ] GC(82)   StringDedup Requests1 Weak     Min:  0.0, Avg:  0.0, Max:  0.0, Diff:  0.0, Sum:  0.0, Workers: 4
[2441.867s][debug][gc,phases      ] GC(82)     Dead                           Min: 0, Avg:  0.0, Max: 0, Diff: 0, Sum: 0, Workers: 4
[2441.867s][debug][gc,phases      ] GC(82)     Total                          Min: 0, Avg:  0.0, Max: 0, Diff: 0, Sum: 0, Workers: 4
[2441.867s][debug][gc,phases      ] GC(82)   Weak JFR Old Object Samples    Min:  0.0, Avg:  0.0, Max:  0.0, Diff:  0.0, Sum:  0.0, Workers: 4
[2441.867s][debug][gc,phases      ] GC(82)     Dead                           Min: 0, Avg:  0.0, Max: 0, Diff: 0, Sum: 0, Workers: 4
[2441.867s][debug][gc,phases      ] GC(82)     Total                          Min: 0, Avg:  0.0, Max: 0, Diff: 0, Sum: 0, Workers: 4
[2441.867s][debug][gc,phases      ] GC(82) Weak Processing 0.301ms
[2441.867s][debug][gc,age         ] GC(82) Desired survivor size 20971520 bytes, new threshold 15 (max threshold 15)
[2441.867s][info ][gc,heap        ] GC(82) PSYoungGen: 2047232K(2071040K)->160K(2076672K) Eden: 2046976K(2046976K)->0K(2054656K) From: 256K(24064K)->160K(22016K)
[2441.867s][info ][gc,heap        ] GC(82) ParOldGen: 276539K(376832K)->276555K(376832K)
[2441.867s][info ][gc,metaspace   ] GC(82) Metaspace: 78567K(79488K)->78567K(79488K) NonClass: 67308K(67840K)->67308K(67840K) Class: 11258K(11648K)->11258K(11648K)
[2441.867s][info ][gc             ] GC(82) Pause Young (Allocation Failure) 2269M->270M(2396M) 1.525ms
[2441.867s][info ][gc,cpu         ] GC(82) User=0.00s Sys=0.00s Real=0.00s
[2441.867s][info ][safepoint      ] Safepoint "ParallelGCFailedAllocation", Time since last: 27096760343 ns, Reaching safepoint: 104801 ns, At safepoint: 1595121 ns, Total: 1699922 ns
[2487.765s][info ][gc,start       ] GC(83) Pause Young (Allocation Failure)
[2487.766s][debug][gc,phases      ] GC(83) Scavenge 0.904ms
[2487.766s][debug][gc,ref         ] GC(83) Skipped phase 1 of Reference Processing: no references
[2487.766s][debug][gc,ref         ] GC(83) Skipped phase 2 of Reference Processing: no references
[2487.766s][debug][gc,ref         ] GC(83) Skipped phase 3 of Reference Processing: no references
[2487.766s][debug][gc,ref         ] GC(83) Skipped phase 4 of Reference Processing: no references
[2487.766s][debug][gc,phases      ] GC(83) Reference Processing 0.018ms
[2487.766s][debug][gc,phases      ] GC(83)   VM Weak                        Min:  0.0, Avg:  0.0, Max:  0.0, Diff:  0.0, Sum:  0.0, Workers: 4
[2487.766s][debug][gc,phases      ] GC(83)     Dead                           Min: 0, Avg:  0.0, Max: 0, Diff: 0, Sum: 0, Workers: 4
[2487.766s][debug][gc,phases      ] GC(83)     Total                          Min: 0, Avg: 178.0, Max: 648, Diff: 648, Sum: 712, Workers: 4
[2487.766s][debug][gc,phases      ] GC(83)   ObjectSynchronizer Weak        Min:  0.0, Avg:  0.0, Max:  0.0, Diff:  0.0, Sum:  0.0, Workers: 4
[2487.766s][debug][gc,phases      ] GC(83)     Dead                           Min: 0, Avg:  0.0, Max: 0, Diff: 0, Sum: 0, Workers: 4
[2487.766s][debug][gc,phases      ] GC(83)     Total                          Min: 0, Avg: 12.2, Max: 49, Diff: 49, Sum: 49, Workers: 4
[2487.766s][debug][gc,phases      ] GC(83)   JVMTI Tag Weak OopStorage      Min:  0.0, Avg:  0.0, Max:  0.0, Diff:  0.0, Sum:  0.0, Workers: 4
[2487.766s][debug][gc,phases      ] GC(83)     Dead                           Min: 0, Avg:  0.0, Max: 0, Diff: 0, Sum: 0, Workers: 4
[2487.766s][debug][gc,phases      ] GC(83)     Total                          Min: 0, Avg:  0.0, Max: 0, Diff: 0, Sum: 0, Workers: 4
[2487.766s][debug][gc,phases      ] GC(83)   StringTable Weak               Min:  0.0, Avg:  0.1, Max:  0.1, Diff:  0.1, Sum:  0.3, Workers: 4
[2487.766s][debug][gc,phases      ] GC(83)     Dead                           Min: 0, Avg:  0.0, Max: 0, Diff: 0, Sum: 0, Workers: 4
[2487.766s][debug][gc,phases      ] GC(83)     Total                          Min: 0, Avg: 10766.0, Max: 18174, Diff: 18174, Sum: 43064, Workers: 4
[2487.766s][debug][gc,phases      ] GC(83)   ResolvedMethodTable Weak       Min:  0.0, Avg:  0.0, Max:  0.0, Diff:  0.0, Sum:  0.1, Workers: 4
[2487.766s][debug][gc,phases      ] GC(83)     Dead                           Min: 0, Avg:  0.0, Max: 0, Diff: 0, Sum: 0, Workers: 4
[2487.766s][debug][gc,phases      ] GC(83)     Total                          Min: 0, Avg: 2130.5, Max: 3776, Diff: 3776, Sum: 8522, Workers: 4
[2487.766s][debug][gc,phases      ] GC(83)   JNI Weak                       Min:  0.0, Avg:  0.0, Max:  0.0, Diff:  0.0, Sum:  0.0, Workers: 4
[2487.766s][debug][gc,phases      ] GC(83)     Dead                           Min: 0, Avg:  0.0, Max: 0, Diff: 0, Sum: 0, Workers: 4
[2487.766s][debug][gc,phases      ] GC(83)     Total                          Min: 0, Avg: 11.2, Max: 45, Diff: 45, Sum: 45, Workers: 4
[2487.766s][debug][gc,phases      ] GC(83)   StringDedup Table Weak         Min:  0.0, Avg:  0.0, Max:  0.0, Diff:  0.0, Sum:  0.0, Workers: 4
[2487.766s][debug][gc,phases      ] GC(83)     Dead                           Min: 0, Avg:  0.0, Max: 0, Diff: 0, Sum: 0, Workers: 4
[2487.766s][debug][gc,phases      ] GC(83)     Total                          Min: 0, Avg:  0.0, Max: 0, Diff: 0, Sum: 0, Workers: 4
[2487.766s][debug][gc,phases      ] GC(83)   StringDedup Requests0 Weak     Min:  0.0, Avg:  0.0, Max:  0.0, Diff:  0.0, Sum:  0.0, Workers: 4
[2487.766s][debug][gc,phases      ] GC(83)     Dead                           Min: 0, Avg:  0.0, Max: 0, Diff: 0, Sum: 0, Workers: 4
[2487.766s][debug][gc,phases      ] GC(83)     Total                          Min: 0, Avg:  0.0, Max: 0, Diff: 0, Sum: 0, Workers: 4
[2487.766s][debug][gc,phases      ] GC(83)   StringDedup Requests1 Weak     Min:  0.0, Avg:  0.0, Max:  0.0, Diff:  0.0, Sum:  0.0, Workers: 4
[2487.766s][debug][gc,phases      ] GC(83)     Dead                           Min: 0, Avg:  0.0, Max: 0, Diff: 0, Sum: 0, Workers: 4
[2487.766s][debug][gc,phases      ] GC(83)     Total                          Min: 0, Avg:  0.0, Max: 0, Diff: 0, Sum: 0, Workers: 4
[2487.766s][debug][gc,phases      ] GC(83)   Weak JFR Old Object Samples    Min:  0.0, Avg:  0.0, Max:  0.0, Diff:  0.0, Sum:  0.0, Workers: 4
[2487.766s][debug][gc,phases      ] GC(83)     Dead                           Min: 0, Avg:  0.0, Max: 0, Diff: 0, Sum: 0, Workers: 4
[2487.766s][debug][gc,phases      ] GC(83)     Total                          Min: 0, Avg:  0.0, Max: 0, Diff: 0, Sum: 0, Workers: 4
[2487.766s][debug][gc,phases      ] GC(83) Weak Processing 0.307ms
[2487.766s][debug][gc,age         ] GC(83) Desired survivor size 19398656 bytes, new threshold 15 (max threshold 15)
[2487.766s][info ][gc,heap        ] GC(83) PSYoungGen: 2054816K(2076672K)->128K(2075136K) Eden: 2054656K(2054656K)->0K(2054656K) From: 160K(22016K)->128K(20480K)
[2487.766s][info ][gc,heap        ] GC(83) ParOldGen: 276555K(376832K)->276595K(376832K)
[2487.766s][info ][gc,metaspace   ] GC(83) Metaspace: 78567K(79488K)->78567K(79488K) NonClass: 67308K(67840K)->67308K(67840K) Class: 11258K(11648K)->11258K(11648K)
[2487.766s][info ][gc             ] GC(83) Pause Young (Allocation Failure) 2276M->270M(2394M) 1.317ms
[2487.766s][info ][gc,cpu         ] GC(83) User=0.00s Sys=0.00s Real=0.00s
[2487.766s][info ][safepoint      ] Safepoint "ParallelGCFailedAllocation", Time since last: 45898029780 ns, Reaching safepoint: 101802 ns, At safepoint: 1390317 ns, Total: 1492119 ns
[2534.065s][info ][gc,start       ] GC(84) Pause Young (Allocation Failure)
[2534.066s][debug][gc,phases      ] GC(84) Scavenge 0.688ms
[2534.066s][debug][gc,ref         ] GC(84) Skipped phase 1 of Reference Processing: no references
[2534.066s][debug][gc,ref         ] GC(84) Skipped phase 2 of Reference Processing: no references
[2534.066s][debug][gc,ref         ] GC(84) Skipped phase 3 of Reference Processing: no references
[2534.066s][debug][gc,ref         ] GC(84) Skipped phase 4 of Reference Processing: no references
[2534.066s][debug][gc,phases      ] GC(84) Reference Processing 0.018ms
[2534.066s][debug][gc,phases      ] GC(84)   VM Weak                        Min:  0.0, Avg:  0.0, Max:  0.0, Diff:  0.0, Sum:  0.0, Workers: 4
[2534.066s][debug][gc,phases      ] GC(84)     Dead                           Min: 0, Avg:  0.0, Max: 0, Diff: 0, Sum: 0, Workers: 4
[2534.066s][debug][gc,phases      ] GC(84)     Total                          Min: 0, Avg: 178.0, Max: 576, Diff: 576, Sum: 712, Workers: 4
[2534.066s][debug][gc,phases      ] GC(84)   ObjectSynchronizer Weak        Min:  0.0, Avg:  0.0, Max:  0.0, Diff:  0.0, Sum:  0.0, Workers: 4
[2534.066s][debug][gc,phases      ] GC(84)     Dead                           Min: 0, Avg:  0.0, Max: 0, Diff: 0, Sum: 0, Workers: 4
[2534.066s][debug][gc,phases      ] GC(84)     Total                          Min: 0, Avg: 12.2, Max: 49, Diff: 49, Sum: 49, Workers: 4
[2534.066s][debug][gc,phases      ] GC(84)   JVMTI Tag Weak OopStorage      Min:  0.0, Avg:  0.0, Max:  0.0, Diff:  0.0, Sum:  0.0, Workers: 4
[2534.066s][debug][gc,phases      ] GC(84)     Dead                           Min: 0, Avg:  0.0, Max: 0, Diff: 0, Sum: 0, Workers: 4
[2534.066s][debug][gc,phases      ] GC(84)     Total                          Min: 0, Avg:  0.0, Max: 0, Diff: 0, Sum: 0, Workers: 4
[2534.066s][debug][gc,phases      ] GC(84)   StringTable Weak               Min:  0.0, Avg:  0.1, Max:  0.1, Diff:  0.1, Sum:  0.4, Workers: 4
[2534.066s][debug][gc,phases      ] GC(84)     Dead                           Min: 0, Avg:  0.0, Max: 0, Diff: 0, Sum: 0, Workers: 4
[2534.066s][debug][gc,phases      ] GC(84)     Total                          Min: 0, Avg: 10766.0, Max: 18425, Diff: 18425, Sum: 43064, Workers: 4
[2534.066s][debug][gc,phases      ] GC(84)   ResolvedMethodTable Weak       Min:  0.0, Avg:  0.0, Max:  0.0, Diff:  0.0, Sum:  0.1, Workers: 4
[2534.066s][debug][gc,phases      ] GC(84)     Dead                           Min: 0, Avg:  0.0, Max: 0, Diff: 0, Sum: 0, Workers: 4
[2534.066s][debug][gc,phases      ] GC(84)     Total                          Min: 0, Avg: 2130.5, Max: 3712, Diff: 3712, Sum: 8522, Workers: 4
[2534.066s][debug][gc,phases      ] GC(84)   JNI Weak                       Min:  0.0, Avg:  0.0, Max:  0.0, Diff:  0.0, Sum:  0.0, Workers: 4
[2534.066s][debug][gc,phases      ] GC(84)     Dead                           Min: 0, Avg:  0.0, Max: 0, Diff: 0, Sum: 0, Workers: 4
[2534.066s][debug][gc,phases      ] GC(84)     Total                          Min: 0, Avg: 11.2, Max: 45, Diff: 45, Sum: 45, Workers: 4
[2534.066s][debug][gc,phases      ] GC(84)   StringDedup Table Weak         Min:  0.0, Avg:  0.0, Max:  0.0, Diff:  0.0, Sum:  0.0, Workers: 4
[2534.066s][debug][gc,phases      ] GC(84)     Dead                           Min: 0, Avg:  0.0, Max: 0, Diff: 0, Sum: 0, Workers: 4
[2534.066s][debug][gc,phases      ] GC(84)     Total                          Min: 0, Avg:  0.0, Max: 0, Diff: 0, Sum: 0, Workers: 4
[2534.066s][debug][gc,phases      ] GC(84)   StringDedup Requests0 Weak     Min:  0.0, Avg:  0.0, Max:  0.0, Diff:  0.0, Sum:  0.0, Workers: 4
[2534.066s][debug][gc,phases      ] GC(84)     Dead                           Min: 0, Avg:  0.0, Max: 0, Diff: 0, Sum: 0, Workers: 4
[2534.066s][debug][gc,phases      ] GC(84)     Total                          Min: 0, Avg:  0.0, Max: 0, Diff: 0, Sum: 0, Workers: 4
[2534.066s][debug][gc,phases      ] GC(84)   StringDedup Requests1 Weak     Min:  0.0, Avg:  0.0, Max:  0.0, Diff:  0.0, Sum:  0.0, Workers: 4
[2534.066s][debug][gc,phases      ] GC(84)     Dead                           Min: 0, Avg:  0.0, Max: 0, Diff: 0, Sum: 0, Workers: 4
[2534.066s][debug][gc,phases      ] GC(84)     Total                          Min: 0, Avg:  0.0, Max: 0, Diff: 0, Sum: 0, Workers: 4
[2534.066s][debug][gc,phases      ] GC(84)   Weak JFR Old Object Samples    Min:  0.0, Avg:  0.0, Max:  0.0, Diff:  0.0, Sum:  0.0, Workers: 4
[2534.066s][debug][gc,phases      ] GC(84)     Dead                           Min: 0, Avg:  0.0, Max: 0, Diff: 0, Sum: 0, Workers: 4
[2534.066s][debug][gc,phases      ] GC(84)     Total                          Min: 0, Avg:  0.0, Max: 0, Diff: 0, Sum: 0, Workers: 4
[2534.066s][debug][gc,phases      ] GC(84) Weak Processing 0.305ms
[2534.066s][debug][gc,age         ] GC(84) Desired survivor size 17825792 bytes, new threshold 15 (max threshold 15)
[2534.066s][info ][gc,heap        ] GC(84) PSYoungGen: 2054784K(2075136K)->128K(2079744K) Eden: 2054656K(2054656K)->0K(2060800K) From: 128K(20480K)->128K(18944K)
[2534.066s][info ][gc,heap        ] GC(84) ParOldGen: 276595K(376832K)->276603K(376832K)
[2534.066s][info ][gc,metaspace   ] GC(84) Metaspace: 78567K(79488K)->78567K(79488K) NonClass: 67308K(67840K)->67308K(67840K) Class: 11258K(11648K)->11258K(11648K)
[2534.066s][info ][gc             ] GC(84) Pause Young (Allocation Failure) 2276M->270M(2399M) 1.084ms
[2534.066s][info ][gc,cpu         ] GC(84) User=0.01s Sys=0.00s Real=0.00s
[2534.066s][info ][safepoint      ] Safepoint "ParallelGCFailedAllocation", Time since last: 46298526291 ns, Reaching safepoint: 36600 ns, At safepoint: 1139414 ns, Total: 1176014 ns
[2580.466s][info ][gc,start       ] GC(85) Pause Young (Allocation Failure)
[2580.467s][debug][gc,phases      ] GC(85) Scavenge 1.066ms
[2580.467s][debug][gc,ref         ] GC(85) Skipped phase 1 of Reference Processing: no references
[2580.467s][debug][gc,ref         ] GC(85) Skipped phase 2 of Reference Processing: no references
[2580.467s][debug][gc,ref         ] GC(85) Skipped phase 3 of Reference Processing: no references
[2580.467s][debug][gc,ref         ] GC(85) Skipped phase 4 of Reference Processing: no references
[2580.467s][debug][gc,phases      ] GC(85) Reference Processing 0.027ms
[2580.467s][debug][gc,phases      ] GC(85)   VM Weak                        Min:  0.0, Avg:  0.0, Max:  0.0, Diff:  0.0, Sum:  0.0, Workers: 4
[2580.467s][debug][gc,phases      ] GC(85)     Dead                           Min: 0, Avg:  0.0, Max: 0, Diff: 0, Sum: 0, Workers: 4
[2580.467s][debug][gc,phases      ] GC(85)     Total                          Min: 0, Avg: 178.0, Max: 384, Diff: 384, Sum: 712, Workers: 4
[2580.467s][debug][gc,phases      ] GC(85)   ObjectSynchronizer Weak        Min:  0.0, Avg:  0.0, Max:  0.0, Diff:  0.0, Sum:  0.0, Workers: 4
[2580.467s][debug][gc,phases      ] GC(85)     Dead                           Min: 0, Avg:  0.0, Max: 0, Diff: 0, Sum: 0, Workers: 4
[2580.467s][debug][gc,phases      ] GC(85)     Total                          Min: 0, Avg: 12.2, Max: 49, Diff: 49, Sum: 49, Workers: 4
[2580.467s][debug][gc,phases      ] GC(85)   JVMTI Tag Weak OopStorage      Min:  0.0, Avg:  0.0, Max:  0.0, Diff:  0.0, Sum:  0.0, Workers: 4
[2580.467s][debug][gc,phases      ] GC(85)     Dead                           Min: 0, Avg:  0.0, Max: 0, Diff: 0, Sum: 0, Workers: 4
[2580.467s][debug][gc,phases      ] GC(85)     Total                          Min: 0, Avg:  0.0, Max: 0, Diff: 0, Sum: 0, Workers: 4
[2580.467s][debug][gc,phases      ] GC(85)   StringTable Weak               Min:  0.0, Avg:  0.1, Max:  0.2, Diff:  0.2, Sum:  0.4, Workers: 4
[2580.467s][debug][gc,phases      ] GC(85)     Dead                           Min: 0, Avg:  0.0, Max: 0, Diff: 0, Sum: 0, Workers: 4
[2580.467s][debug][gc,phases      ] GC(85)     Total                          Min: 0, Avg: 10766.0, Max: 21887, Diff: 21887, Sum: 43064, Workers: 4
[2580.467s][debug][gc,phases      ] GC(85)   ResolvedMethodTable Weak       Min:  0.0, Avg:  0.0, Max:  0.0, Diff:  0.0, Sum:  0.1, Workers: 4
[2580.467s][debug][gc,phases      ] GC(85)     Dead                           Min: 0, Avg:  0.0, Max: 0, Diff: 0, Sum: 0, Workers: 4
[2580.467s][debug][gc,phases      ] GC(85)     Total                          Min: 0, Avg: 2130.5, Max: 4416, Diff: 4416, Sum: 8522, Workers: 4
[2580.467s][debug][gc,phases      ] GC(85)   JNI Weak                       Min:  0.0, Avg:  0.0, Max:  0.0, Diff:  0.0, Sum:  0.0, Workers: 4
[2580.467s][debug][gc,phases      ] GC(85)     Dead                           Min: 0, Avg:  0.0, Max: 0, Diff: 0, Sum: 0, Workers: 4
[2580.467s][debug][gc,phases      ] GC(85)     Total                          Min: 0, Avg: 11.2, Max: 45, Diff: 45, Sum: 45, Workers: 4
[2580.467s][debug][gc,phases      ] GC(85)   StringDedup Table Weak         Min:  0.0, Avg:  0.0, Max:  0.0, Diff:  0.0, Sum:  0.0, Workers: 4
[2580.467s][debug][gc,phases      ] GC(85)     Dead                           Min: 0, Avg:  0.0, Max: 0, Diff: 0, Sum: 0, Workers: 4
[2580.467s][debug][gc,phases      ] GC(85)     Total                          Min: 0, Avg:  0.0, Max: 0, Diff: 0, Sum: 0, Workers: 4
[2580.467s][debug][gc,phases      ] GC(85)   StringDedup Requests0 Weak     Min:  0.0, Avg:  0.0, Max:  0.0, Diff:  0.0, Sum:  0.0, Workers: 4
[2580.467s][debug][gc,phases      ] GC(85)     Dead                           Min: 0, Avg:  0.0, Max: 0, Diff: 0, Sum: 0, Workers: 4
[2580.467s][debug][gc,phases      ] GC(85)     Total                          Min: 0, Avg:  0.0, Max: 0, Diff: 0, Sum: 0, Workers: 4
[2580.467s][debug][gc,phases      ] GC(85)   StringDedup Requests1 Weak     Min:  0.0, Avg:  0.0, Max:  0.0, Diff:  0.0, Sum:  0.0, Workers: 4
[2580.467s][debug][gc,phases      ] GC(85)     Dead                           Min: 0, Avg:  0.0, Max: 0, Diff: 0, Sum: 0, Workers: 4
[2580.467s][debug][gc,phases      ] GC(85)     Total                          Min: 0, Avg:  0.0, Max: 0, Diff: 0, Sum: 0, Workers: 4
[2580.467s][debug][gc,phases      ] GC(85)   Weak JFR Old Object Samples    Min:  0.0, Avg:  0.0, Max:  0.0, Diff:  0.0, Sum:  0.0, Workers: 4
[2580.467s][debug][gc,phases      ] GC(85)     Dead                           Min: 0, Avg:  0.0, Max: 0, Diff: 0, Sum: 0, Workers: 4
[2580.467s][debug][gc,phases      ] GC(85)     Total                          Min: 0, Avg:  0.0, Max: 0, Diff: 0, Sum: 0, Workers: 4
[2580.467s][debug][gc,phases      ] GC(85) Weak Processing 0.390ms
[2580.467s][debug][gc,age         ] GC(85) Desired survivor size 16777216 bytes, new threshold 15 (max threshold 15)
[2580.467s][info ][gc,heap        ] GC(85) PSYoungGen: 2060928K(2079744K)->160K(2078208K) Eden: 2060800K(2060800K)->0K(2060800K) From: 128K(18944K)->160K(17408K)
[2580.467s][info ][gc,heap        ] GC(85) ParOldGen: 276603K(376832K)->276611K(376832K)
[2580.467s][info ][gc,metaspace   ] GC(85) Metaspace: 78567K(79488K)->78567K(79488K) NonClass: 67308K(67840K)->67308K(67840K) Class: 11258K(11648K)->11258K(11648K)
[2580.467s][info ][gc             ] GC(85) Pause Young (Allocation Failure) 2282M->270M(2397M) 1.568ms
[2580.467s][info ][gc,cpu         ] GC(85) User=0.01s Sys=0.00s Real=0.00s
[2580.467s][info ][safepoint      ] Safepoint "ParallelGCFailedAllocation", Time since last: 46399657070 ns, Reaching safepoint: 34401 ns, At safepoint: 1660021 ns, Total: 1694422 ns
[2626.867s][info ][gc,start       ] GC(86) Pause Young (Allocation Failure)
[2626.868s][debug][gc,phases      ] GC(86) Scavenge 1.079ms
[2626.868s][debug][gc,ref         ] GC(86) Skipped phase 1 of Reference Processing: no references
[2626.868s][debug][gc,ref         ] GC(86) Skipped phase 2 of Reference Processing: no references
[2626.868s][debug][gc,ref         ] GC(86) Skipped phase 3 of Reference Processing: no references
[2626.868s][debug][gc,ref         ] GC(86) Skipped phase 4 of Reference Processing: no references
[2626.868s][debug][gc,phases      ] GC(86) Reference Processing 0.019ms
[2626.868s][debug][gc,phases      ] GC(86)   VM Weak                        Min:  0.0, Avg:  0.0, Max:  0.0, Diff:  0.0, Sum:  0.0, Workers: 4
[2626.868s][debug][gc,phases      ] GC(86)     Dead                           Min: 0, Avg:  0.0, Max: 0, Diff: 0, Sum: 0, Workers: 4
[2626.868s][debug][gc,phases      ] GC(86)     Total                          Min: 0, Avg: 178.0, Max: 712, Diff: 712, Sum: 712, Workers: 4
[2626.868s][debug][gc,phases      ] GC(86)   ObjectSynchronizer Weak        Min:  0.0, Avg:  0.0, Max:  0.0, Diff:  0.0, Sum:  0.0, Workers: 4
[2626.868s][debug][gc,phases      ] GC(86)     Dead                           Min: 0, Avg:  0.0, Max: 0, Diff: 0, Sum: 0, Workers: 4
[2626.868s][debug][gc,phases      ] GC(86)     Total                          Min: 0, Avg: 12.2, Max: 49, Diff: 49, Sum: 49, Workers: 4
[2626.868s][debug][gc,phases      ] GC(86)   JVMTI Tag Weak OopStorage      Min:  0.0, Avg:  0.0, Max:  0.0, Diff:  0.0, Sum:  0.0, Workers: 4
[2626.868s][debug][gc,phases      ] GC(86)     Dead                           Min: 0, Avg:  0.0, Max: 0, Diff: 0, Sum: 0, Workers: 4
[2626.868s][debug][gc,phases      ] GC(86)     Total                          Min: 0, Avg:  0.0, Max: 0, Diff: 0, Sum: 0, Workers: 4
[2626.868s][debug][gc,phases      ] GC(86)   StringTable Weak               Min:  0.1, Avg:  0.1, Max:  0.1, Diff:  0.0, Sum:  0.4, Workers: 4
[2626.868s][debug][gc,phases      ] GC(86)     Dead                           Min: 0, Avg:  0.0, Max: 0, Diff: 0, Sum: 0, Workers: 4
[2626.868s][debug][gc,phases      ] GC(86)     Total                          Min: 10622, Avg: 10766.0, Max: 10874, Diff: 252, Sum: 43064, Workers: 4
[2626.868s][debug][gc,phases      ] GC(86)   ResolvedMethodTable Weak       Min:  0.0, Avg:  0.0, Max:  0.0, Diff:  0.0, Sum:  0.1, Workers: 4
[2626.868s][debug][gc,phases      ] GC(86)     Dead                           Min: 0, Avg:  0.0, Max: 0, Diff: 0, Sum: 0, Workers: 4
[2626.868s][debug][gc,phases      ] GC(86)     Total                          Min: 2048, Avg: 2130.5, Max: 2186, Diff: 138, Sum: 8522, Workers: 4
[2626.868s][debug][gc,phases      ] GC(86)   JNI Weak                       Min:  0.0, Avg:  0.0, Max:  0.0, Diff:  0.0, Sum:  0.0, Workers: 4
[2626.868s][debug][gc,phases      ] GC(86)     Dead                           Min: 0, Avg:  0.0, Max: 0, Diff: 0, Sum: 0, Workers: 4
[2626.868s][debug][gc,phases      ] GC(86)     Total                          Min: 0, Avg: 11.2, Max: 45, Diff: 45, Sum: 45, Workers: 4
[2626.868s][debug][gc,phases      ] GC(86)   StringDedup Table Weak         Min:  0.0, Avg:  0.0, Max:  0.0, Diff:  0.0, Sum:  0.0, Workers: 4
[2626.868s][debug][gc,phases      ] GC(86)     Dead                           Min: 0, Avg:  0.0, Max: 0, Diff: 0, Sum: 0, Workers: 4
[2626.868s][debug][gc,phases      ] GC(86)     Total                          Min: 0, Avg:  0.0, Max: 0, Diff: 0, Sum: 0, Workers: 4
[2626.868s][debug][gc,phases      ] GC(86)   StringDedup Requests0 Weak     Min:  0.0, Avg:  0.0, Max:  0.0, Diff:  0.0, Sum:  0.0, Workers: 4
[2626.868s][debug][gc,phases      ] GC(86)     Dead                           Min: 0, Avg:  0.0, Max: 0, Diff: 0, Sum: 0, Workers: 4
[2626.868s][debug][gc,phases      ] GC(86)     Total                          Min: 0, Avg:  0.0, Max: 0, Diff: 0, Sum: 0, Workers: 4
[2626.868s][debug][gc,phases      ] GC(86)   StringDedup Requests1 Weak     Min:  0.0, Avg:  0.0, Max:  0.0, Diff:  0.0, Sum:  0.0, Workers: 4
[2626.868s][debug][gc,phases      ] GC(86)     Dead                           Min: 0, Avg:  0.0, Max: 0, Diff: 0, Sum: 0, Workers: 4
[2626.868s][debug][gc,phases      ] GC(86)     Total                          Min: 0, Avg:  0.0, Max: 0, Diff: 0, Sum: 0, Workers: 4
[2626.868s][debug][gc,phases      ] GC(86)   Weak JFR Old Object Samples    Min:  0.0, Avg:  0.0, Max:  0.0, Diff:  0.0, Sum:  0.0, Workers: 4
[2626.868s][debug][gc,phases      ] GC(86)     Dead                           Min: 0, Avg:  0.0, Max: 0, Diff: 0, Sum: 0, Workers: 4
[2626.868s][debug][gc,phases      ] GC(86)     Total                          Min: 0, Avg:  0.0, Max: 0, Diff: 0, Sum: 0, Workers: 4
[2626.868s][debug][gc,phases      ] GC(86) Weak Processing 0.275ms
[2626.868s][debug][gc,age         ] GC(86) Desired survivor size 15204352 bytes, new threshold 15 (max threshold 15)
[2626.868s][info ][gc,heap        ] GC(86) PSYoungGen: 2060960K(2078208K)->128K(2082304K) Eden: 2060800K(2060800K)->0K(2065920K) From: 160K(17408K)->128K(16384K)
[2626.868s][info ][gc,heap        ] GC(86) ParOldGen: 276611K(376832K)->276619K(376832K)
[2626.868s][info ][gc,metaspace   ] GC(86) Metaspace: 78567K(79488K)->78567K(79488K) NonClass: 67308K(67840K)->67308K(67840K) Class: 11258K(11648K)->11258K(11648K)
[2626.868s][info ][gc             ] GC(86) Pause Young (Allocation Failure) 2282M->270M(2401M) 1.450ms
[2626.868s][info ][gc,cpu         ] GC(86) User=0.00s Sys=0.00s Real=0.01s
[2626.869s][info ][safepoint      ] Safepoint "ParallelGCFailedAllocation", Time since last: 46399639312 ns, Reaching safepoint: 26900 ns, At safepoint: 1527120 ns, Total: 1554020 ns
[2673.416s][info ][gc,start       ] GC(87) Pause Young (Allocation Failure)
[2673.418s][debug][gc,phases      ] GC(87) Scavenge 1.077ms
[2673.418s][debug][gc,ref         ] GC(87) Skipped phase 1 of Reference Processing: no references
[2673.418s][debug][gc,ref         ] GC(87) Skipped phase 2 of Reference Processing: no references
[2673.418s][debug][gc,ref         ] GC(87) Skipped phase 3 of Reference Processing: no references
[2673.418s][debug][gc,ref         ] GC(87) Skipped phase 4 of Reference Processing: no references
[2673.418s][debug][gc,phases      ] GC(87) Reference Processing 0.019ms
[2673.418s][debug][gc,phases      ] GC(87)   VM Weak                        Min:  0.0, Avg:  0.0, Max:  0.0, Diff:  0.0, Sum:  0.0, Workers: 4
[2673.418s][debug][gc,phases      ] GC(87)     Dead                           Min: 0, Avg:  0.0, Max: 0, Diff: 0, Sum: 0, Workers: 4
[2673.418s][debug][gc,phases      ] GC(87)     Total                          Min: 0, Avg: 178.0, Max: 640, Diff: 640, Sum: 712, Workers: 4
[2673.418s][debug][gc,phases      ] GC(87)   ObjectSynchronizer Weak        Min:  0.0, Avg:  0.0, Max:  0.0, Diff:  0.0, Sum:  0.0, Workers: 4
[2673.418s][debug][gc,phases      ] GC(87)     Dead                           Min: 0, Avg:  0.0, Max: 0, Diff: 0, Sum: 0, Workers: 4
[2673.418s][debug][gc,phases      ] GC(87)     Total                          Min: 0, Avg: 12.2, Max: 49, Diff: 49, Sum: 49, Workers: 4
[2673.418s][debug][gc,phases      ] GC(87)   JVMTI Tag Weak OopStorage      Min:  0.0, Avg:  0.0, Max:  0.0, Diff:  0.0, Sum:  0.0, Workers: 4
[2673.418s][debug][gc,phases      ] GC(87)     Dead                           Min: 0, Avg:  0.0, Max: 0, Diff: 0, Sum: 0, Workers: 4
[2673.418s][debug][gc,phases      ] GC(87)     Total                          Min: 0, Avg:  0.0, Max: 0, Diff: 0, Sum: 0, Workers: 4
[2673.418s][debug][gc,phases      ] GC(87)   StringTable Weak               Min:  0.0, Avg:  0.1, Max:  0.1, Diff:  0.1, Sum:  0.4, Workers: 4
[2673.418s][debug][gc,phases      ] GC(87)     Dead                           Min: 0, Avg:  0.0, Max: 0, Diff: 0, Sum: 0, Workers: 4
[2673.418s][debug][gc,phases      ] GC(87)     Total                          Min: 0, Avg: 10766.0, Max: 17088, Diff: 17088, Sum: 43064, Workers: 4
[2673.418s][debug][gc,phases      ] GC(87)   ResolvedMethodTable Weak       Min:  0.0, Avg:  0.0, Max:  0.0, Diff:  0.0, Sum:  0.1, Workers: 4
[2673.418s][debug][gc,phases      ] GC(87)     Dead                           Min: 0, Avg:  0.0, Max: 0, Diff: 0, Sum: 0, Workers: 4
[2673.418s][debug][gc,phases      ] GC(87)     Total                          Min: 0, Avg: 2130.5, Max: 3722, Diff: 3722, Sum: 8522, Workers: 4
[2673.418s][debug][gc,phases      ] GC(87)   JNI Weak                       Min:  0.0, Avg:  0.0, Max:  0.0, Diff:  0.0, Sum:  0.0, Workers: 4
[2673.418s][debug][gc,phases      ] GC(87)     Dead                           Min: 0, Avg:  0.0, Max: 0, Diff: 0, Sum: 0, Workers: 4
[2673.418s][debug][gc,phases      ] GC(87)     Total                          Min: 0, Avg: 11.2, Max: 45, Diff: 45, Sum: 45, Workers: 4
[2673.418s][debug][gc,phases      ] GC(87)   StringDedup Table Weak         Min:  0.0, Avg:  0.0, Max:  0.0, Diff:  0.0, Sum:  0.0, Workers: 4
[2673.418s][debug][gc,phases      ] GC(87)     Dead                           Min: 0, Avg:  0.0, Max: 0, Diff: 0, Sum: 0, Workers: 4
[2673.418s][debug][gc,phases      ] GC(87)     Total                          Min: 0, Avg:  0.0, Max: 0, Diff: 0, Sum: 0, Workers: 4
[2673.418s][debug][gc,phases      ] GC(87)   StringDedup Requests0 Weak     Min:  0.0, Avg:  0.0, Max:  0.0, Diff:  0.0, Sum:  0.0, Workers: 4
[2673.418s][debug][gc,phases      ] GC(87)     Dead                           Min: 0, Avg:  0.0, Max: 0, Diff: 0, Sum: 0, Workers: 4
[2673.418s][debug][gc,phases      ] GC(87)     Total                          Min: 0, Avg:  0.0, Max: 0, Diff: 0, Sum: 0, Workers: 4
[2673.418s][debug][gc,phases      ] GC(87)   StringDedup Requests1 Weak     Min:  0.0, Avg:  0.0, Max:  0.0, Diff:  0.0, Sum:  0.0, Workers: 4
[2673.418s][debug][gc,phases      ] GC(87)     Dead                           Min: 0, Avg:  0.0, Max: 0, Diff: 0, Sum: 0, Workers: 4
[2673.418s][debug][gc,phases      ] GC(87)     Total                          Min: 0, Avg:  0.0, Max: 0, Diff: 0, Sum: 0, Workers: 4
[2673.418s][debug][gc,phases      ] GC(87)   Weak JFR Old Object Samples    Min:  0.0, Avg:  0.0, Max:  0.0, Diff:  0.0, Sum:  0.0, Workers: 4
[2673.418s][debug][gc,phases      ] GC(87)     Dead                           Min: 0, Avg:  0.0, Max: 0, Diff: 0, Sum: 0, Workers: 4
[2673.418s][debug][gc,phases      ] GC(87)     Total                          Min: 0, Avg:  0.0, Max: 0, Diff: 0, Sum: 0, Workers: 4
[2673.418s][debug][gc,phases      ] GC(87) Weak Processing 0.317ms
[2673.418s][debug][gc,age         ] GC(87) Desired survivor size 14155776 bytes, new threshold 15 (max threshold 15)
[2673.418s][info ][gc,heap        ] GC(87) PSYoungGen: 2066048K(2082304K)->128K(2080768K) Eden: 2065920K(2065920K)->0K(2065920K) From: 128K(16384K)->128K(14848K)
[2673.418s][info ][gc,heap        ] GC(87) ParOldGen: 276619K(376832K)->276627K(376832K)
[2673.418s][info ][gc,metaspace   ] GC(87) Metaspace: 78567K(79488K)->78567K(79488K) NonClass: 67308K(67840K)->67308K(67840K) Class: 11258K(11648K)->11258K(11648K)
[2673.418s][info ][gc             ] GC(87) Pause Young (Allocation Failure) 2287M->270M(2400M) 1.492ms
[2673.418s][info ][gc,cpu         ] GC(87) User=0.00s Sys=0.00s Real=0.00s
[2673.418s][info ][safepoint      ] Safepoint "ParallelGCFailedAllocation", Time since last: 46547820213 ns, Reaching safepoint: 31100 ns, At safepoint: 1564820 ns, Total: 1595920 ns
[2714.420s][info ][safepoint      ] Safepoint "Cleanup", Time since last: 41002476763 ns, Reaching safepoint: 37600 ns, At safepoint: 2100 ns, Total: 39700 ns
[2719.065s][info ][gc,start       ] GC(88) Pause Young (Allocation Failure)
[2719.065s][debug][gc,phases      ] GC(88) Scavenge 0.739ms
[2719.066s][debug][gc,ref         ] GC(88) Skipped phase 1 of Reference Processing: no references
[2719.066s][debug][gc,ref         ] GC(88) ReferenceProcessor::execute queues: 1, RefProcThreadModel::Single, marks_oops_alive: false
[2719.066s][debug][gc,ref         ] GC(88) Skipped phase 3 of Reference Processing: no references
[2719.066s][debug][gc,ref         ] GC(88) ReferenceProcessor::execute queues: 1, RefProcThreadModel::Single, marks_oops_alive: false
[2719.066s][debug][gc,phases      ] GC(88) Reference Processing 0.083ms
[2719.066s][debug][gc,phases      ] GC(88)   VM Weak                        Min:  0.0, Avg:  0.0, Max:  0.0, Diff:  0.0, Sum:  0.0, Workers: 4
[2719.066s][debug][gc,phases      ] GC(88)     Dead                           Min: 0, Avg:  0.0, Max: 0, Diff: 0, Sum: 0, Workers: 4
[2719.066s][debug][gc,phases      ] GC(88)     Total                          Min: 0, Avg: 178.0, Max: 384, Diff: 384, Sum: 712, Workers: 4
[2719.066s][debug][gc,phases      ] GC(88)   ObjectSynchronizer Weak        Min:  0.0, Avg:  0.0, Max:  0.0, Diff:  0.0, Sum:  0.0, Workers: 4
[2719.066s][debug][gc,phases      ] GC(88)     Dead                           Min: 0, Avg:  0.0, Max: 0, Diff: 0, Sum: 0, Workers: 4
[2719.066s][debug][gc,phases      ] GC(88)     Total                          Min: 0, Avg: 12.2, Max: 49, Diff: 49, Sum: 49, Workers: 4
[2719.066s][debug][gc,phases      ] GC(88)   JVMTI Tag Weak OopStorage      Min:  0.0, Avg:  0.0, Max:  0.0, Diff:  0.0, Sum:  0.0, Workers: 4
[2719.066s][debug][gc,phases      ] GC(88)     Dead                           Min: 0, Avg:  0.0, Max: 0, Diff: 0, Sum: 0, Workers: 4
[2719.066s][debug][gc,phases      ] GC(88)     Total                          Min: 0, Avg:  0.0, Max: 0, Diff: 0, Sum: 0, Workers: 4
[2719.066s][debug][gc,phases      ] GC(88)   StringTable Weak               Min:  0.0, Avg:  0.1, Max:  0.1, Diff:  0.1, Sum:  0.3, Workers: 4
[2719.066s][debug][gc,phases      ] GC(88)     Dead                           Min: 0, Avg:  0.0, Max: 0, Diff: 0, Sum: 0, Workers: 4
[2719.066s][debug][gc,phases      ] GC(88)     Total                          Min: 0, Avg: 10767.8, Max: 18240, Diff: 18240, Sum: 43071, Workers: 4
[2719.066s][debug][gc,phases      ] GC(88)   ResolvedMethodTable Weak       Min:  0.0, Avg:  0.0, Max:  0.0, Diff:  0.0, Sum:  0.1, Workers: 4
[2719.066s][debug][gc,phases      ] GC(88)     Dead                           Min: 0, Avg:  0.0, Max: 0, Diff: 0, Sum: 0, Workers: 4
[2719.066s][debug][gc,phases      ] GC(88)     Total                          Min: 0, Avg: 2130.5, Max: 3776, Diff: 3776, Sum: 8522, Workers: 4
[2719.066s][debug][gc,phases      ] GC(88)   JNI Weak                       Min:  0.0, Avg:  0.0, Max:  0.0, Diff:  0.0, Sum:  0.0, Workers: 4
[2719.066s][debug][gc,phases      ] GC(88)     Dead                           Min: 0, Avg:  0.0, Max: 0, Diff: 0, Sum: 0, Workers: 4
[2719.066s][debug][gc,phases      ] GC(88)     Total                          Min: 0, Avg: 11.2, Max: 45, Diff: 45, Sum: 45, Workers: 4
[2719.066s][debug][gc,phases      ] GC(88)   StringDedup Table Weak         Min:  0.0, Avg:  0.0, Max:  0.0, Diff:  0.0, Sum:  0.0, Workers: 4
[2719.066s][debug][gc,phases      ] GC(88)     Dead                           Min: 0, Avg:  0.0, Max: 0, Diff: 0, Sum: 0, Workers: 4
[2719.066s][debug][gc,phases      ] GC(88)     Total                          Min: 0, Avg:  0.0, Max: 0, Diff: 0, Sum: 0, Workers: 4
[2719.066s][debug][gc,phases      ] GC(88)   StringDedup Requests0 Weak     Min:  0.0, Avg:  0.0, Max:  0.0, Diff:  0.0, Sum:  0.0, Workers: 4
[2719.066s][debug][gc,phases      ] GC(88)     Dead                           Min: 0, Avg:  0.0, Max: 0, Diff: 0, Sum: 0, Workers: 4
[2719.066s][debug][gc,phases      ] GC(88)     Total                          Min: 0, Avg:  0.0, Max: 0, Diff: 0, Sum: 0, Workers: 4
[2719.066s][debug][gc,phases      ] GC(88)   StringDedup Requests1 Weak     Min:  0.0, Avg:  0.0, Max:  0.0, Diff:  0.0, Sum:  0.0, Workers: 4
[2719.066s][debug][gc,phases      ] GC(88)     Dead                           Min: 0, Avg:  0.0, Max: 0, Diff: 0, Sum: 0, Workers: 4
[2719.066s][debug][gc,phases      ] GC(88)     Total                          Min: 0, Avg:  0.0, Max: 0, Diff: 0, Sum: 0, Workers: 4
[2719.066s][debug][gc,phases      ] GC(88)   Weak JFR Old Object Samples    Min:  0.0, Avg:  0.0, Max:  0.0, Diff:  0.0, Sum:  0.0, Workers: 4
[2719.066s][debug][gc,phases      ] GC(88)     Dead                           Min: 0, Avg:  0.0, Max: 0, Diff: 0, Sum: 0, Workers: 4
[2719.066s][debug][gc,phases      ] GC(88)     Total                          Min: 0, Avg:  0.0, Max: 0, Diff: 0, Sum: 0, Workers: 4
[2719.066s][debug][gc,phases      ] GC(88) Weak Processing 0.305ms
[2719.066s][debug][gc,age         ] GC(88) Desired survivor size 13107200 bytes, new threshold 15 (max threshold 15)
[2719.066s][info ][gc,heap        ] GC(88) PSYoungGen: 2066048K(2080768K)->128K(2084352K) Eden: 2065920K(2065920K)->0K(2070528K) From: 128K(14848K)->128K(13824K)
[2719.066s][info ][gc,heap        ] GC(88) ParOldGen: 276627K(376832K)->276635K(376832K)
[2719.066s][info ][gc,metaspace   ] GC(88) Metaspace: 78567K(79488K)->78567K(79488K) NonClass: 67308K(67840K)->67308K(67840K) Class: 11258K(11648K)->11258K(11648K)
[2719.066s][info ][gc             ] GC(88) Pause Young (Allocation Failure) 2287M->270M(2403M) 1.221ms
[2719.066s][info ][gc,cpu         ] GC(88) User=0.00s Sys=0.00s Real=0.00s
[2719.066s][info ][safepoint      ] Safepoint "ParallelGCFailedAllocation", Time since last: 4644204875 ns, Reaching safepoint: 21500 ns, At safepoint: 1274817 ns, Total: 1296317 ns
[2765.465s][info ][gc,start       ] GC(89) Pause Young (Allocation Failure)
[2765.466s][debug][gc,phases      ] GC(89) Scavenge 0.689ms
[2765.466s][debug][gc,ref         ] GC(89) Skipped phase 1 of Reference Processing: no references
[2765.466s][debug][gc,ref         ] GC(89) ReferenceProcessor::execute queues: 1, RefProcThreadModel::Single, marks_oops_alive: false
[2765.466s][debug][gc,ref         ] GC(89) Skipped phase 3 of Reference Processing: no references
[2765.466s][debug][gc,ref         ] GC(89) ReferenceProcessor::execute queues: 1, RefProcThreadModel::Single, marks_oops_alive: false
[2765.466s][debug][gc,phases      ] GC(89) Reference Processing 0.084ms
[2765.466s][debug][gc,phases      ] GC(89)   VM Weak                        Min:  0.0, Avg:  0.0, Max:  0.0, Diff:  0.0, Sum:  0.0, Workers: 4
[2765.466s][debug][gc,phases      ] GC(89)     Dead                           Min: 0, Avg:  0.0, Max: 0, Diff: 0, Sum: 0, Workers: 4
[2765.466s][debug][gc,phases      ] GC(89)     Total                          Min: 0, Avg: 178.0, Max: 584, Diff: 584, Sum: 712, Workers: 4
[2765.466s][debug][gc,phases      ] GC(89)   ObjectSynchronizer Weak        Min:  0.0, Avg:  0.0, Max:  0.0, Diff:  0.0, Sum:  0.0, Workers: 4
[2765.466s][debug][gc,phases      ] GC(89)     Dead                           Min: 0, Avg:  0.0, Max: 0, Diff: 0, Sum: 0, Workers: 4
[2765.466s][debug][gc,phases      ] GC(89)     Total                          Min: 0, Avg: 12.2, Max: 49, Diff: 49, Sum: 49, Workers: 4
[2765.466s][debug][gc,phases      ] GC(89)   JVMTI Tag Weak OopStorage      Min:  0.0, Avg:  0.0, Max:  0.0, Diff:  0.0, Sum:  0.0, Workers: 4
[2765.466s][debug][gc,phases      ] GC(89)     Dead                           Min: 0, Avg:  0.0, Max: 0, Diff: 0, Sum: 0, Workers: 4
[2765.466s][debug][gc,phases      ] GC(89)     Total                          Min: 0, Avg:  0.0, Max: 0, Diff: 0, Sum: 0, Workers: 4
[2765.466s][debug][gc,phases      ] GC(89)   StringTable Weak               Min:  0.1, Avg:  0.1, Max:  0.1, Diff:  0.0, Sum:  0.4, Workers: 4
[2765.466s][debug][gc,phases      ] GC(89)     Dead                           Min: 0, Avg:  0.0, Max: 0, Diff: 0, Sum: 0, Workers: 4
[2765.466s][debug][gc,phases      ] GC(89)     Total                          Min: 8960, Avg: 10767.8, Max: 11776, Diff: 2816, Sum: 43071, Workers: 4
[2765.466s][debug][gc,phases      ] GC(89)   ResolvedMethodTable Weak       Min:  0.0, Avg:  0.0, Max:  0.0, Diff:  0.0, Sum:  0.1, Workers: 4
[2765.466s][debug][gc,phases      ] GC(89)     Dead                           Min: 0, Avg:  0.0, Max: 0, Diff: 0, Sum: 0, Workers: 4
[2765.466s][debug][gc,phases      ] GC(89)     Total                          Min: 1994, Avg: 2130.5, Max: 2240, Diff: 246, Sum: 8522, Workers: 4
[2765.466s][debug][gc,phases      ] GC(89)   JNI Weak                       Min:  0.0, Avg:  0.0, Max:  0.0, Diff:  0.0, Sum:  0.0, Workers: 4
[2765.466s][debug][gc,phases      ] GC(89)     Dead                           Min: 0, Avg:  0.0, Max: 0, Diff: 0, Sum: 0, Workers: 4
[2765.466s][debug][gc,phases      ] GC(89)     Total                          Min: 0, Avg: 11.2, Max: 45, Diff: 45, Sum: 45, Workers: 4
[2765.466s][debug][gc,phases      ] GC(89)   StringDedup Table Weak         Min:  0.0, Avg:  0.0, Max:  0.0, Diff:  0.0, Sum:  0.0, Workers: 4
[2765.466s][debug][gc,phases      ] GC(89)     Dead                           Min: 0, Avg:  0.0, Max: 0, Diff: 0, Sum: 0, Workers: 4
[2765.466s][debug][gc,phases      ] GC(89)     Total                          Min: 0, Avg:  0.0, Max: 0, Diff: 0, Sum: 0, Workers: 4
[2765.466s][debug][gc,phases      ] GC(89)   StringDedup Requests0 Weak     Min:  0.0, Avg:  0.0, Max:  0.0, Diff:  0.0, Sum:  0.0, Workers: 4
[2765.466s][debug][gc,phases      ] GC(89)     Dead                           Min: 0, Avg:  0.0, Max: 0, Diff: 0, Sum: 0, Workers: 4
[2765.466s][debug][gc,phases      ] GC(89)     Total                          Min: 0, Avg:  0.0, Max: 0, Diff: 0, Sum: 0, Workers: 4
[2765.466s][debug][gc,phases      ] GC(89)   StringDedup Requests1 Weak     Min:  0.0, Avg:  0.0, Max:  0.0, Diff:  0.0, Sum:  0.0, Workers: 4
[2765.466s][debug][gc,phases      ] GC(89)     Dead                           Min: 0, Avg:  0.0, Max: 0, Diff: 0, Sum: 0, Workers: 4
[2765.466s][debug][gc,phases      ] GC(89)     Total                          Min: 0, Avg:  0.0, Max: 0, Diff: 0, Sum: 0, Workers: 4
[2765.466s][debug][gc,phases      ] GC(89)   Weak JFR Old Object Samples    Min:  0.0, Avg:  0.0, Max:  0.0, Diff:  0.0, Sum:  0.0, Workers: 4
[2765.466s][debug][gc,phases      ] GC(89)     Dead                           Min: 0, Avg:  0.0, Max: 0, Diff: 0, Sum: 0, Workers: 4
[2765.466s][debug][gc,phases      ] GC(89)     Total                          Min: 0, Avg:  0.0, Max: 0, Diff: 0, Sum: 0, Workers: 4
[2765.466s][debug][gc,phases      ] GC(89) Weak Processing 0.300ms
[2765.466s][debug][gc,age         ] GC(89) Desired survivor size 12058624 bytes, new threshold 15 (max threshold 15)
[2765.466s][info ][gc,heap        ] GC(89) PSYoungGen: 2070656K(2084352K)->128K(2083328K) Eden: 2070528K(2070528K)->0K(2070528K) From: 128K(13824K)->128K(12800K)
[2765.466s][info ][gc,heap        ] GC(89) ParOldGen: 276635K(376832K)->276643K(376832K)
[2765.466s][info ][gc,metaspace   ] GC(89) Metaspace: 78567K(79488K)->78567K(79488K) NonClass: 67308K(67840K)->67308K(67840K) Class: 11258K(11648K)->11258K(11648K)
[2765.466s][info ][gc             ] GC(89) Pause Young (Allocation Failure) 2292M->270M(2402M) 1.148ms
[2765.466s][info ][gc,cpu         ] GC(89) User=0.00s Sys=0.00s Real=0.00s
[2765.466s][info ][safepoint      ] Safepoint "ParallelGCFailedAllocation", Time since last: 46399119750 ns, Reaching safepoint: 92301 ns, At safepoint: 1224216 ns, Total: 1316517 ns
[2811.215s][info ][gc,start       ] GC(90) Pause Young (Allocation Failure)
[2811.216s][debug][gc,phases      ] GC(90) Scavenge 0.732ms
[2811.216s][debug][gc,ref         ] GC(90) Skipped phase 1 of Reference Processing: no references
[2811.216s][debug][gc,ref         ] GC(90) Skipped phase 2 of Reference Processing: no references
[2811.216s][debug][gc,ref         ] GC(90) Skipped phase 3 of Reference Processing: no references
[2811.216s][debug][gc,ref         ] GC(90) Skipped phase 4 of Reference Processing: no references
[2811.216s][debug][gc,phases      ] GC(90) Reference Processing 0.019ms
[2811.216s][debug][gc,phases      ] GC(90)   VM Weak                        Min:  0.0, Avg:  0.0, Max:  0.0, Diff:  0.0, Sum:  0.0, Workers: 4
[2811.216s][debug][gc,phases      ] GC(90)     Dead                           Min: 0, Avg:  0.0, Max: 0, Diff: 0, Sum: 0, Workers: 4
[2811.216s][debug][gc,phases      ] GC(90)     Total                          Min: 0, Avg: 178.0, Max: 704, Diff: 704, Sum: 712, Workers: 4
[2811.216s][debug][gc,phases      ] GC(90)   ObjectSynchronizer Weak        Min:  0.0, Avg:  0.0, Max:  0.0, Diff:  0.0, Sum:  0.0, Workers: 4
[2811.216s][debug][gc,phases      ] GC(90)     Dead                           Min: 0, Avg:  0.0, Max: 0, Diff: 0, Sum: 0, Workers: 4
[2811.216s][debug][gc,phases      ] GC(90)     Total                          Min: 0, Avg: 12.2, Max: 49, Diff: 49, Sum: 49, Workers: 4
[2811.216s][debug][gc,phases      ] GC(90)   JVMTI Tag Weak OopStorage      Min:  0.0, Avg:  0.0, Max:  0.0, Diff:  0.0, Sum:  0.0, Workers: 4
[2811.216s][debug][gc,phases      ] GC(90)     Dead                           Min: 0, Avg:  0.0, Max: 0, Diff: 0, Sum: 0, Workers: 4
[2811.216s][debug][gc,phases      ] GC(90)     Total                          Min: 0, Avg:  0.0, Max: 0, Diff: 0, Sum: 0, Workers: 4
[2811.216s][debug][gc,phases      ] GC(90)   StringTable Weak               Min:  0.1, Avg:  0.1, Max:  0.1, Diff:  0.0, Sum:  0.4, Workers: 4
[2811.216s][debug][gc,phases      ] GC(90)     Dead                           Min: 0, Avg:  0.0, Max: 0, Diff: 0, Sum: 0, Workers: 4
[2811.216s][debug][gc,phases      ] GC(90)     Total                          Min: 8256, Avg: 10767.8, Max: 11968, Diff: 3712, Sum: 43071, Workers: 4
[2811.216s][debug][gc,phases      ] GC(90)   ResolvedMethodTable Weak       Min:  0.0, Avg:  0.0, Max:  0.0, Diff:  0.0, Sum:  0.1, Workers: 4
[2811.216s][debug][gc,phases      ] GC(90)     Dead                           Min: 0, Avg:  0.0, Max: 0, Diff: 0, Sum: 0, Workers: 4
[2811.216s][debug][gc,phases      ] GC(90)     Total                          Min: 2048, Avg: 2130.5, Max: 2304, Diff: 256, Sum: 8522, Workers: 4
[2811.216s][debug][gc,phases      ] GC(90)   JNI Weak                       Min:  0.0, Avg:  0.0, Max:  0.0, Diff:  0.0, Sum:  0.0, Workers: 4
[2811.216s][debug][gc,phases      ] GC(90)     Dead                           Min: 0, Avg:  0.0, Max: 0, Diff: 0, Sum: 0, Workers: 4
[2811.216s][debug][gc,phases      ] GC(90)     Total                          Min: 0, Avg: 11.2, Max: 45, Diff: 45, Sum: 45, Workers: 4
[2811.216s][debug][gc,phases      ] GC(90)   StringDedup Table Weak         Min:  0.0, Avg:  0.0, Max:  0.0, Diff:  0.0, Sum:  0.0, Workers: 4
[2811.216s][debug][gc,phases      ] GC(90)     Dead                           Min: 0, Avg:  0.0, Max: 0, Diff: 0, Sum: 0, Workers: 4
[2811.216s][debug][gc,phases      ] GC(90)     Total                          Min: 0, Avg:  0.0, Max: 0, Diff: 0, Sum: 0, Workers: 4
[2811.216s][debug][gc,phases      ] GC(90)   StringDedup Requests0 Weak     Min:  0.0, Avg:  0.0, Max:  0.0, Diff:  0.0, Sum:  0.0, Workers: 4
[2811.216s][debug][gc,phases      ] GC(90)     Dead                           Min: 0, Avg:  0.0, Max: 0, Diff: 0, Sum: 0, Workers: 4
[2811.216s][debug][gc,phases      ] GC(90)     Total                          Min: 0, Avg:  0.0, Max: 0, Diff: 0, Sum: 0, Workers: 4
[2811.216s][debug][gc,phases      ] GC(90)   StringDedup Requests1 Weak     Min:  0.0, Avg:  0.0, Max:  0.0, Diff:  0.0, Sum:  0.0, Workers: 4
[2811.216s][debug][gc,phases      ] GC(90)     Dead                           Min: 0, Avg:  0.0, Max: 0, Diff: 0, Sum: 0, Workers: 4
[2811.216s][debug][gc,phases      ] GC(90)     Total                          Min: 0, Avg:  0.0, Max: 0, Diff: 0, Sum: 0, Workers: 4
[2811.216s][debug][gc,phases      ] GC(90)   Weak JFR Old Object Samples    Min:  0.0, Avg:  0.0, Max:  0.0, Diff:  0.0, Sum:  0.0, Workers: 4
[2811.216s][debug][gc,phases      ] GC(90)     Dead                           Min: 0, Avg:  0.0, Max: 0, Diff: 0, Sum: 0, Workers: 4
[2811.216s][debug][gc,phases      ] GC(90)     Total                          Min: 0, Avg:  0.0, Max: 0, Diff: 0, Sum: 0, Workers: 4
[2811.216s][debug][gc,phases      ] GC(90) Weak Processing 0.300ms
[2811.216s][debug][gc,age         ] GC(90) Desired survivor size 11010048 bytes, new threshold 15 (max threshold 15)
[2811.216s][info ][gc,heap        ] GC(90) PSYoungGen: 2070656K(2083328K)->128K(2086400K) Eden: 2070528K(2070528K)->0K(2074624K) From: 128K(12800K)->128K(11776K)
[2811.216s][info ][gc,heap        ] GC(90) ParOldGen: 276643K(376832K)->276651K(376832K)
[2811.216s][info ][gc,metaspace   ] GC(90) Metaspace: 78567K(79488K)->78567K(79488K) NonClass: 67308K(67840K)->67308K(67840K) Class: 11258K(11648K)->11258K(11648K)
[2811.216s][info ][gc             ] GC(90) Pause Young (Allocation Failure) 2292M->270M(2405M) 1.126ms
[2811.216s][info ][gc,cpu         ] GC(90) User=0.00s Sys=0.00s Real=0.01s
[2811.216s][info ][safepoint      ] Safepoint "ParallelGCFailedAllocation", Time since last: 45748734136 ns, Reaching safepoint: 106801 ns, At safepoint: 1200715 ns, Total: 1307516 ns
[2857.916s][info ][gc,start       ] GC(91) Pause Young (Allocation Failure)
[2857.916s][debug][gc,phases      ] GC(91) Scavenge 0.704ms
[2857.916s][debug][gc,ref         ] GC(91) Skipped phase 1 of Reference Processing: no references
[2857.916s][debug][gc,ref         ] GC(91) Skipped phase 2 of Reference Processing: no references
[2857.916s][debug][gc,ref         ] GC(91) Skipped phase 3 of Reference Processing: no references
[2857.916s][debug][gc,ref         ] GC(91) Skipped phase 4 of Reference Processing: no references
[2857.916s][debug][gc,phases      ] GC(91) Reference Processing 0.019ms
[2857.916s][debug][gc,phases      ] GC(91)   VM Weak                        Min:  0.0, Avg:  0.0, Max:  0.0, Diff:  0.0, Sum:  0.0, Workers: 4
[2857.916s][debug][gc,phases      ] GC(91)     Dead                           Min: 0, Avg:  0.0, Max: 0, Diff: 0, Sum: 0, Workers: 4
[2857.916s][debug][gc,phases      ] GC(91)     Total                          Min: 0, Avg: 178.0, Max: 384, Diff: 384, Sum: 712, Workers: 4
[2857.916s][debug][gc,phases      ] GC(91)   ObjectSynchronizer Weak        Min:  0.0, Avg:  0.0, Max:  0.0, Diff:  0.0, Sum:  0.0, Workers: 4
[2857.916s][debug][gc,phases      ] GC(91)     Dead                           Min: 0, Avg:  0.0, Max: 0, Diff: 0, Sum: 0, Workers: 4
[2857.916s][debug][gc,phases      ] GC(91)     Total                          Min: 0, Avg: 12.2, Max: 49, Diff: 49, Sum: 49, Workers: 4
[2857.917s][debug][gc,phases      ] GC(91)   JVMTI Tag Weak OopStorage      Min:  0.0, Avg:  0.0, Max:  0.0, Diff:  0.0, Sum:  0.0, Workers: 4
[2857.917s][debug][gc,phases      ] GC(91)     Dead                           Min: 0, Avg:  0.0, Max: 0, Diff: 0, Sum: 0, Workers: 4
[2857.917s][debug][gc,phases      ] GC(91)     Total                          Min: 0, Avg:  0.0, Max: 0, Diff: 0, Sum: 0, Workers: 4
[2857.917s][debug][gc,phases      ] GC(91)   StringTable Weak               Min:  0.1, Avg:  0.1, Max:  0.1, Diff:  0.0, Sum:  0.4, Workers: 4
[2857.917s][debug][gc,phases      ] GC(91)     Dead                           Min: 0, Avg:  0.0, Max: 0, Diff: 0, Sum: 0, Workers: 4
[2857.917s][debug][gc,phases      ] GC(91)     Total                          Min: 10304, Avg: 10767.8, Max: 11264, Diff: 960, Sum: 43071, Workers: 4
[2857.917s][debug][gc,phases      ] GC(91)   ResolvedMethodTable Weak       Min:  0.0, Avg:  0.0, Max:  0.0, Diff:  0.0, Sum:  0.1, Workers: 4
[2857.917s][debug][gc,phases      ] GC(91)     Dead                           Min: 0, Avg:  0.0, Max: 0, Diff: 0, Sum: 0, Workers: 4
[2857.917s][debug][gc,phases      ] GC(91)     Total                          Min: 2112, Avg: 2130.5, Max: 2186, Diff: 74, Sum: 8522, Workers: 4
[2857.917s][debug][gc,phases      ] GC(91)   JNI Weak                       Min:  0.0, Avg:  0.0, Max:  0.0, Diff:  0.0, Sum:  0.0, Workers: 4
[2857.917s][debug][gc,phases      ] GC(91)     Dead                           Min: 0, Avg:  0.0, Max: 0, Diff: 0, Sum: 0, Workers: 4
[2857.917s][debug][gc,phases      ] GC(91)     Total                          Min: 0, Avg: 11.2, Max: 45, Diff: 45, Sum: 45, Workers: 4
[2857.917s][debug][gc,phases      ] GC(91)   StringDedup Table Weak         Min:  0.0, Avg:  0.0, Max:  0.0, Diff:  0.0, Sum:  0.0, Workers: 4
[2857.917s][debug][gc,phases      ] GC(91)     Dead                           Min: 0, Avg:  0.0, Max: 0, Diff: 0, Sum: 0, Workers: 4
[2857.917s][debug][gc,phases      ] GC(91)     Total                          Min: 0, Avg:  0.0, Max: 0, Diff: 0, Sum: 0, Workers: 4
[2857.917s][debug][gc,phases      ] GC(91)   StringDedup Requests0 Weak     Min:  0.0, Avg:  0.0, Max:  0.0, Diff:  0.0, Sum:  0.0, Workers: 4
[2857.917s][debug][gc,phases      ] GC(91)     Dead                           Min: 0, Avg:  0.0, Max: 0, Diff: 0, Sum: 0, Workers: 4
[2857.917s][debug][gc,phases      ] GC(91)     Total                          Min: 0, Avg:  0.0, Max: 0, Diff: 0, Sum: 0, Workers: 4
[2857.917s][debug][gc,phases      ] GC(91)   StringDedup Requests1 Weak     Min:  0.0, Avg:  0.0, Max:  0.0, Diff:  0.0, Sum:  0.0, Workers: 4
[2857.917s][debug][gc,phases      ] GC(91)     Dead                           Min: 0, Avg:  0.0, Max: 0, Diff: 0, Sum: 0, Workers: 4
[2857.917s][debug][gc,phases      ] GC(91)     Total                          Min: 0, Avg:  0.0, Max: 0, Diff: 0, Sum: 0, Workers: 4
[2857.917s][debug][gc,phases      ] GC(91)   Weak JFR Old Object Samples    Min:  0.0, Avg:  0.0, Max:  0.0, Diff:  0.0, Sum:  0.0, Workers: 4
[2857.917s][debug][gc,phases      ] GC(91)     Dead                           Min: 0, Avg:  0.0, Max: 0, Diff: 0, Sum: 0, Workers: 4
[2857.917s][debug][gc,phases      ] GC(91)     Total                          Min: 0, Avg:  0.0, Max: 0, Diff: 0, Sum: 0, Workers: 4
[2857.917s][debug][gc,phases      ] GC(91) Weak Processing 0.276ms
[2857.917s][debug][gc,age         ] GC(91) Desired survivor size 9961472 bytes, new threshold 15 (max threshold 15)
[2857.917s][info ][gc,heap        ] GC(91) PSYoungGen: 2074752K(2086400K)->128K(2085376K) Eden: 2074624K(2074624K)->0K(2074624K) From: 128K(11776K)->128K(10752K)
[2857.917s][info ][gc,heap        ] GC(91) ParOldGen: 276651K(376832K)->276667K(376832K)
[2857.917s][info ][gc,metaspace   ] GC(91) Metaspace: 78567K(79488K)->78567K(79488K) NonClass: 67308K(67840K)->67308K(67840K) Class: 11258K(11648K)->11258K(11648K)
[2857.917s][info ][gc             ] GC(91) Pause Young (Allocation Failure) 2296M->270M(2404M) 1.072ms
[2857.917s][info ][gc,cpu         ] GC(91) User=0.01s Sys=0.00s Real=0.01s
[2857.917s][info ][safepoint      ] Safepoint "ParallelGCFailedAllocation", Time since last: 46698973940 ns, Reaching safepoint: 97601 ns, At safepoint: 1153215 ns, Total: 1250816 ns
[2904.468s][info ][gc,start       ] GC(92) Pause Young (Allocation Failure)
[2904.468s][debug][gc,phases      ] GC(92) Scavenge 0.717ms
[2904.468s][debug][gc,ref         ] GC(92) Skipped phase 1 of Reference Processing: no references
[2904.468s][debug][gc,ref         ] GC(92) Skipped phase 2 of Reference Processing: no references
[2904.468s][debug][gc,ref         ] GC(92) Skipped phase 3 of Reference Processing: no references
[2904.468s][debug][gc,ref         ] GC(92) Skipped phase 4 of Reference Processing: no references
[2904.468s][debug][gc,phases      ] GC(92) Reference Processing 0.020ms
[2904.468s][debug][gc,phases      ] GC(92)   VM Weak                        Min:  0.0, Avg:  0.0, Max:  0.0, Diff:  0.0, Sum:  0.0, Workers: 4
[2904.468s][debug][gc,phases      ] GC(92)     Dead                           Min: 0, Avg:  0.0, Max: 0, Diff: 0, Sum: 0, Workers: 4
[2904.468s][debug][gc,phases      ] GC(92)     Total                          Min: 0, Avg: 178.0, Max: 584, Diff: 584, Sum: 712, Workers: 4
[2904.469s][debug][gc,phases      ] GC(92)   ObjectSynchronizer Weak        Min:  0.0, Avg:  0.0, Max:  0.0, Diff:  0.0, Sum:  0.0, Workers: 4
[2904.469s][debug][gc,phases      ] GC(92)     Dead                           Min: 0, Avg:  0.0, Max: 0, Diff: 0, Sum: 0, Workers: 4
[2904.469s][debug][gc,phases      ] GC(92)     Total                          Min: 0, Avg: 12.2, Max: 49, Diff: 49, Sum: 49, Workers: 4
[2904.469s][debug][gc,phases      ] GC(92)   JVMTI Tag Weak OopStorage      Min:  0.0, Avg:  0.0, Max:  0.0, Diff:  0.0, Sum:  0.0, Workers: 4
[2904.469s][debug][gc,phases      ] GC(92)     Dead                           Min: 0, Avg:  0.0, Max: 0, Diff: 0, Sum: 0, Workers: 4
[2904.469s][debug][gc,phases      ] GC(92)     Total                          Min: 0, Avg:  0.0, Max: 0, Diff: 0, Sum: 0, Workers: 4
[2904.469s][debug][gc,phases      ] GC(92)   StringTable Weak               Min:  0.0, Avg:  0.1, Max:  0.1, Diff:  0.1, Sum:  0.3, Workers: 4
[2904.469s][debug][gc,phases      ] GC(92)     Dead                           Min: 0, Avg:  0.0, Max: 0, Diff: 0, Sum: 0, Workers: 4
[2904.469s][debug][gc,phases      ] GC(92)     Total                          Min: 0, Avg: 10767.8, Max: 18816, Diff: 18816, Sum: 43071, Workers: 4
[2904.469s][debug][gc,phases      ] GC(92)   ResolvedMethodTable Weak       Min:  0.0, Avg:  0.0, Max:  0.0, Diff:  0.0, Sum:  0.1, Workers: 4
[2904.469s][debug][gc,phases      ] GC(92)     Dead                           Min: 0, Avg:  0.0, Max: 0, Diff: 0, Sum: 0, Workers: 4
[2904.469s][debug][gc,phases      ] GC(92)     Total                          Min: 0, Avg: 2130.5, Max: 3978, Diff: 3978, Sum: 8522, Workers: 4
[2904.469s][debug][gc,phases      ] GC(92)   JNI Weak                       Min:  0.0, Avg:  0.0, Max:  0.0, Diff:  0.0, Sum:  0.0, Workers: 4
[2904.469s][debug][gc,phases      ] GC(92)     Dead                           Min: 0, Avg:  0.0, Max: 0, Diff: 0, Sum: 0, Workers: 4
[2904.469s][debug][gc,phases      ] GC(92)     Total                          Min: 0, Avg: 11.2, Max: 45, Diff: 45, Sum: 45, Workers: 4
[2904.469s][debug][gc,phases      ] GC(92)   StringDedup Table Weak         Min:  0.0, Avg:  0.0, Max:  0.0, Diff:  0.0, Sum:  0.0, Workers: 4
[2904.469s][debug][gc,phases      ] GC(92)     Dead                           Min: 0, Avg:  0.0, Max: 0, Diff: 0, Sum: 0, Workers: 4
[2904.469s][debug][gc,phases      ] GC(92)     Total                          Min: 0, Avg:  0.0, Max: 0, Diff: 0, Sum: 0, Workers: 4
[2904.469s][debug][gc,phases      ] GC(92)   StringDedup Requests0 Weak     Min:  0.0, Avg:  0.0, Max:  0.0, Diff:  0.0, Sum:  0.0, Workers: 4
[2904.469s][debug][gc,phases      ] GC(92)     Dead                           Min: 0, Avg:  0.0, Max: 0, Diff: 0, Sum: 0, Workers: 4
[2904.469s][debug][gc,phases      ] GC(92)     Total                          Min: 0, Avg:  0.0, Max: 0, Diff: 0, Sum: 0, Workers: 4
[2904.469s][debug][gc,phases      ] GC(92)   StringDedup Requests1 Weak     Min:  0.0, Avg:  0.0, Max:  0.0, Diff:  0.0, Sum:  0.0, Workers: 4
[2904.469s][debug][gc,phases      ] GC(92)     Dead                           Min: 0, Avg:  0.0, Max: 0, Diff: 0, Sum: 0, Workers: 4
[2904.469s][debug][gc,phases      ] GC(92)     Total                          Min: 0, Avg:  0.0, Max: 0, Diff: 0, Sum: 0, Workers: 4
[2904.469s][debug][gc,phases      ] GC(92)   Weak JFR Old Object Samples    Min:  0.0, Avg:  0.0, Max:  0.0, Diff:  0.0, Sum:  0.0, Workers: 4
[2904.469s][debug][gc,phases      ] GC(92)     Dead                           Min: 0, Avg:  0.0, Max: 0, Diff: 0, Sum: 0, Workers: 4
[2904.469s][debug][gc,phases      ] GC(92)     Total                          Min: 0, Avg:  0.0, Max: 0, Diff: 0, Sum: 0, Workers: 4
[2904.469s][debug][gc,phases      ] GC(92) Weak Processing 0.305ms
[2904.469s][debug][gc,age         ] GC(92) Desired survivor size 9437184 bytes, new threshold 15 (max threshold 15)
[2904.469s][info ][gc,heap        ] GC(92) PSYoungGen: 2074752K(2085376K)->128K(2087936K) Eden: 2074624K(2074624K)->0K(2078208K) From: 128K(10752K)->128K(9728K)
[2904.469s][info ][gc,heap        ] GC(92) ParOldGen: 276667K(376832K)->276675K(376832K)
[2904.469s][info ][gc,metaspace   ] GC(92) Metaspace: 78567K(79488K)->78567K(79488K) NonClass: 67308K(67840K)->67308K(67840K) Class: 11258K(11648K)->11258K(11648K)
[2904.469s][info ][gc             ] GC(92) Pause Young (Allocation Failure) 2296M->270M(2407M) 1.127ms
[2904.469s][info ][gc,cpu         ] GC(92) User=0.00s Sys=0.00s Real=0.01s
[2904.469s][info ][safepoint      ] Safepoint "ParallelGCFailedAllocation", Time since last: 46550704102 ns, Reaching safepoint: 99202 ns, At safepoint: 1197917 ns, Total: 1297119 ns
[2951.018s][info ][gc,start       ] GC(93) Pause Young (Allocation Failure)
[2951.019s][debug][gc,phases      ] GC(93) Scavenge 1.107ms
[2951.019s][debug][gc,ref         ] GC(93) Skipped phase 1 of Reference Processing: no references
[2951.019s][debug][gc,ref         ] GC(93) Skipped phase 2 of Reference Processing: no references
[2951.019s][debug][gc,ref         ] GC(93) Skipped phase 3 of Reference Processing: no references
[2951.019s][debug][gc,ref         ] GC(93) Skipped phase 4 of Reference Processing: no references
[2951.019s][debug][gc,phases      ] GC(93) Reference Processing 0.019ms
[2951.019s][debug][gc,phases      ] GC(93)   VM Weak                        Min:  0.0, Avg:  0.0, Max:  0.0, Diff:  0.0, Sum:  0.0, Workers: 4
[2951.019s][debug][gc,phases      ] GC(93)     Dead                           Min: 0, Avg:  0.0, Max: 0, Diff: 0, Sum: 0, Workers: 4
[2951.019s][debug][gc,phases      ] GC(93)     Total                          Min: 0, Avg: 178.0, Max: 512, Diff: 512, Sum: 712, Workers: 4
[2951.019s][debug][gc,phases      ] GC(93)   ObjectSynchronizer Weak        Min:  0.0, Avg:  0.0, Max:  0.0, Diff:  0.0, Sum:  0.0, Workers: 4
[2951.019s][debug][gc,phases      ] GC(93)     Dead                           Min: 0, Avg:  0.0, Max: 0, Diff: 0, Sum: 0, Workers: 4
[2951.019s][debug][gc,phases      ] GC(93)     Total                          Min: 0, Avg: 12.2, Max: 49, Diff: 49, Sum: 49, Workers: 4
[2951.019s][debug][gc,phases      ] GC(93)   JVMTI Tag Weak OopStorage      Min:  0.0, Avg:  0.0, Max:  0.0, Diff:  0.0, Sum:  0.0, Workers: 4
[2951.019s][debug][gc,phases      ] GC(93)     Dead                           Min: 0, Avg:  0.0, Max: 0, Diff: 0, Sum: 0, Workers: 4
[2951.019s][debug][gc,phases      ] GC(93)     Total                          Min: 0, Avg:  0.0, Max: 0, Diff: 0, Sum: 0, Workers: 4
[2951.019s][debug][gc,phases      ] GC(93)   StringTable Weak               Min:  0.0, Avg:  0.1, Max:  0.1, Diff:  0.1, Sum:  0.4, Workers: 4
[2951.019s][debug][gc,phases      ] GC(93)     Dead                           Min: 0, Avg:  0.0, Max: 0, Diff: 0, Sum: 0, Workers: 4
[2951.019s][debug][gc,phases      ] GC(93)     Total                          Min: 0, Avg: 10767.8, Max: 16448, Diff: 16448, Sum: 43071, Workers: 4
[2951.019s][debug][gc,phases      ] GC(93)   ResolvedMethodTable Weak       Min:  0.0, Avg:  0.0, Max:  0.0, Diff:  0.0, Sum:  0.1, Workers: 4
[2951.019s][debug][gc,phases      ] GC(93)     Dead                           Min: 0, Avg:  0.0, Max: 0, Diff: 0, Sum: 0, Workers: 4
[2951.019s][debug][gc,phases      ] GC(93)     Total                          Min: 0, Avg: 2130.5, Max: 3648, Diff: 3648, Sum: 8522, Workers: 4
[2951.019s][debug][gc,phases      ] GC(93)   JNI Weak                       Min:  0.0, Avg:  0.0, Max:  0.0, Diff:  0.0, Sum:  0.0, Workers: 4
[2951.019s][debug][gc,phases      ] GC(93)     Dead                           Min: 0, Avg:  0.0, Max: 0, Diff: 0, Sum: 0, Workers: 4
[2951.019s][debug][gc,phases      ] GC(93)     Total                          Min: 0, Avg: 11.2, Max: 45, Diff: 45, Sum: 45, Workers: 4
[2951.019s][debug][gc,phases      ] GC(93)   StringDedup Table Weak         Min:  0.0, Avg:  0.0, Max:  0.0, Diff:  0.0, Sum:  0.0, Workers: 4
[2951.019s][debug][gc,phases      ] GC(93)     Dead                           Min: 0, Avg:  0.0, Max: 0, Diff: 0, Sum: 0, Workers: 4
[2951.019s][debug][gc,phases      ] GC(93)     Total                          Min: 0, Avg:  0.0, Max: 0, Diff: 0, Sum: 0, Workers: 4
[2951.019s][debug][gc,phases      ] GC(93)   StringDedup Requests0 Weak     Min:  0.0, Avg:  0.0, Max:  0.0, Diff:  0.0, Sum:  0.0, Workers: 4
[2951.019s][debug][gc,phases      ] GC(93)     Dead                           Min: 0, Avg:  0.0, Max: 0, Diff: 0, Sum: 0, Workers: 4
[2951.019s][debug][gc,phases      ] GC(93)     Total                          Min: 0, Avg:  0.0, Max: 0, Diff: 0, Sum: 0, Workers: 4
[2951.019s][debug][gc,phases      ] GC(93)   StringDedup Requests1 Weak     Min:  0.0, Avg:  0.0, Max:  0.0, Diff:  0.0, Sum:  0.0, Workers: 4
[2951.019s][debug][gc,phases      ] GC(93)     Dead                           Min: 0, Avg:  0.0, Max: 0, Diff: 0, Sum: 0, Workers: 4
[2951.019s][debug][gc,phases      ] GC(93)     Total                          Min: 0, Avg:  0.0, Max: 0, Diff: 0, Sum: 0, Workers: 4
[2951.019s][debug][gc,phases      ] GC(93)   Weak JFR Old Object Samples    Min:  0.0, Avg:  0.0, Max:  0.0, Diff:  0.0, Sum:  0.0, Workers: 4
[2951.019s][debug][gc,phases      ] GC(93)     Dead                           Min: 0, Avg:  0.0, Max: 0, Diff: 0, Sum: 0, Workers: 4
[2951.019s][debug][gc,phases      ] GC(93)     Total                          Min: 0, Avg:  0.0, Max: 0, Diff: 0, Sum: 0, Workers: 4
[2951.019s][debug][gc,phases      ] GC(93) Weak Processing 0.319ms
[2951.019s][debug][gc,age         ] GC(93) Desired survivor size 8912896 bytes, new threshold 15 (max threshold 15)
[2951.019s][info ][gc,heap        ] GC(93) PSYoungGen: 2078336K(2087936K)->128K(2087424K) Eden: 2078208K(2078208K)->0K(2078208K) From: 128K(9728K)->128K(9216K)
[2951.019s][info ][gc,heap        ] GC(93) ParOldGen: 276675K(376832K)->276683K(376832K)
[2951.019s][info ][gc,metaspace   ] GC(93) Metaspace: 78567K(79488K)->78567K(79488K) NonClass: 67308K(67840K)->67308K(67840K) Class: 11258K(11648K)->11258K(11648K)
[2951.019s][info ][gc             ] GC(93) Pause Young (Allocation Failure) 2299M->270M(2406M) 1.527ms
[2951.019s][info ][gc,cpu         ] GC(93) User=0.00s Sys=0.00s Real=0.00s
[2951.019s][info ][safepoint      ] Safepoint "ParallelGCFailedAllocation", Time since last: 46549047196 ns, Reaching safepoint: 93802 ns, At safepoint: 1601223 ns, Total: 1695025 ns
[2997.865s][info ][gc,start       ] GC(94) Pause Young (Allocation Failure)
[2997.866s][debug][gc,phases      ] GC(94) Scavenge 0.680ms
[2997.866s][debug][gc,ref         ] GC(94) Skipped phase 1 of Reference Processing: no references
[2997.866s][debug][gc,ref         ] GC(94) Skipped phase 2 of Reference Processing: no references
[2997.866s][debug][gc,ref         ] GC(94) Skipped phase 3 of Reference Processing: no references
[2997.866s][debug][gc,ref         ] GC(94) Skipped phase 4 of Reference Processing: no references
[2997.866s][debug][gc,phases      ] GC(94) Reference Processing 0.019ms
[2997.866s][debug][gc,phases      ] GC(94)   VM Weak                        Min:  0.0, Avg:  0.0, Max:  0.0, Diff:  0.0, Sum:  0.0, Workers: 4
[2997.866s][debug][gc,phases      ] GC(94)     Dead                           Min: 0, Avg:  0.0, Max: 0, Diff: 0, Sum: 0, Workers: 4
[2997.866s][debug][gc,phases      ] GC(94)     Total                          Min: 8, Avg: 178.0, Max: 512, Diff: 504, Sum: 712, Workers: 4
[2997.866s][debug][gc,phases      ] GC(94)   ObjectSynchronizer Weak        Min:  0.0, Avg:  0.0, Max:  0.0, Diff:  0.0, Sum:  0.0, Workers: 4
[2997.866s][debug][gc,phases      ] GC(94)     Dead                           Min: 0, Avg:  0.0, Max: 0, Diff: 0, Sum: 0, Workers: 4
[2997.866s][debug][gc,phases      ] GC(94)     Total                          Min: 0, Avg: 12.2, Max: 49, Diff: 49, Sum: 49, Workers: 4
[2997.866s][debug][gc,phases      ] GC(94)   JVMTI Tag Weak OopStorage      Min:  0.0, Avg:  0.0, Max:  0.0, Diff:  0.0, Sum:  0.0, Workers: 4
[2997.866s][debug][gc,phases      ] GC(94)     Dead                           Min: 0, Avg:  0.0, Max: 0, Diff: 0, Sum: 0, Workers: 4
[2997.866s][debug][gc,phases      ] GC(94)     Total                          Min: 0, Avg:  0.0, Max: 0, Diff: 0, Sum: 0, Workers: 4
[2997.866s][debug][gc,phases      ] GC(94)   StringTable Weak               Min:  0.1, Avg:  0.1, Max:  0.1, Diff:  0.0, Sum:  0.4, Workers: 4
[2997.866s][debug][gc,phases      ] GC(94)     Dead                           Min: 0, Avg:  0.0, Max: 0, Diff: 0, Sum: 0, Workers: 4
[2997.866s][debug][gc,phases      ] GC(94)     Total                          Min: 10367, Avg: 10767.8, Max: 11328, Diff: 961, Sum: 43071, Workers: 4
[2997.866s][debug][gc,phases      ] GC(94)   ResolvedMethodTable Weak       Min:  0.0, Avg:  0.0, Max:  0.0, Diff:  0.0, Sum:  0.1, Workers: 4
[2997.866s][debug][gc,phases      ] GC(94)     Dead                           Min: 0, Avg:  0.0, Max: 0, Diff: 0, Sum: 0, Workers: 4
[2997.866s][debug][gc,phases      ] GC(94)     Total                          Min: 768, Avg: 2130.5, Max: 2762, Diff: 1994, Sum: 8522, Workers: 4
[2997.866s][debug][gc,phases      ] GC(94)   JNI Weak                       Min:  0.0, Avg:  0.0, Max:  0.0, Diff:  0.0, Sum:  0.0, Workers: 4
[2997.866s][debug][gc,phases      ] GC(94)     Dead                           Min: 0, Avg:  0.0, Max: 0, Diff: 0, Sum: 0, Workers: 4
[2997.866s][debug][gc,phases      ] GC(94)     Total                          Min: 0, Avg: 11.2, Max: 45, Diff: 45, Sum: 45, Workers: 4
[2997.866s][debug][gc,phases      ] GC(94)   StringDedup Table Weak         Min:  0.0, Avg:  0.0, Max:  0.0, Diff:  0.0, Sum:  0.0, Workers: 4
[2997.866s][debug][gc,phases      ] GC(94)     Dead                           Min: 0, Avg:  0.0, Max: 0, Diff: 0, Sum: 0, Workers: 4
[2997.866s][debug][gc,phases      ] GC(94)     Total                          Min: 0, Avg:  0.0, Max: 0, Diff: 0, Sum: 0, Workers: 4
[2997.866s][debug][gc,phases      ] GC(94)   StringDedup Requests0 Weak     Min:  0.0, Avg:  0.0, Max:  0.0, Diff:  0.0, Sum:  0.0, Workers: 4
[2997.866s][debug][gc,phases      ] GC(94)     Dead                           Min: 0, Avg:  0.0, Max: 0, Diff: 0, Sum: 0, Workers: 4
[2997.866s][debug][gc,phases      ] GC(94)     Total                          Min: 0, Avg:  0.0, Max: 0, Diff: 0, Sum: 0, Workers: 4
[2997.866s][debug][gc,phases      ] GC(94)   StringDedup Requests1 Weak     Min:  0.0, Avg:  0.0, Max:  0.0, Diff:  0.0, Sum:  0.0, Workers: 4
[2997.866s][debug][gc,phases      ] GC(94)     Dead                           Min: 0, Avg:  0.0, Max: 0, Diff: 0, Sum: 0, Workers: 4
[2997.866s][debug][gc,phases      ] GC(94)     Total                          Min: 0, Avg:  0.0, Max: 0, Diff: 0, Sum: 0, Workers: 4
[2997.866s][debug][gc,phases      ] GC(94)   Weak JFR Old Object Samples    Min:  0.0, Avg:  0.0, Max:  0.0, Diff:  0.0, Sum:  0.0, Workers: 4
[2997.866s][debug][gc,phases      ] GC(94)     Dead                           Min: 0, Avg:  0.0, Max: 0, Diff: 0, Sum: 0, Workers: 4
[2997.866s][debug][gc,phases      ] GC(94)     Total                          Min: 0, Avg:  0.0, Max: 0, Diff: 0, Sum: 0, Workers: 4
[2997.866s][debug][gc,phases      ] GC(94) Weak Processing 0.278ms
[2997.866s][debug][gc,age         ] GC(94) Desired survivor size 7864320 bytes, new threshold 15 (max threshold 15)
[2997.867s][info ][gc,heap        ] GC(94) PSYoungGen: 2078336K(2087424K)->160K(2089472K) Eden: 2078208K(2078208K)->0K(2080768K) From: 128K(9216K)->160K(8704K)
[2997.867s][info ][gc,heap        ] GC(94) ParOldGen: 276683K(376832K)->276699K(376832K)
[2997.867s][info ][gc,metaspace   ] GC(94) Metaspace: 78567K(79488K)->78567K(79488K) NonClass: 67308K(67840K)->67308K(67840K) Class: 11258K(11648K)->11258K(11648K)
[2997.867s][info ][gc             ] GC(94) Pause Young (Allocation Failure) 2299M->270M(2408M) 1.053ms
[2997.867s][info ][gc,cpu         ] GC(94) User=0.01s Sys=0.00s Real=0.00s
[2997.867s][info ][safepoint      ] Safepoint "ParallelGCFailedAllocation", Time since last: 46845994219 ns, Reaching safepoint: 20500 ns, At safepoint: 1126615 ns, Total: 1147115 ns
[3043.815s][info ][gc,start       ] GC(95) Pause Young (Allocation Failure)
[3043.816s][debug][gc,phases      ] GC(95) Scavenge 0.719ms
[3043.816s][debug][gc,ref         ] GC(95) Skipped phase 1 of Reference Processing: no references
[3043.816s][debug][gc,ref         ] GC(95) ReferenceProcessor::execute queues: 1, RefProcThreadModel::Single, marks_oops_alive: false
[3043.816s][debug][gc,ref         ] GC(95) Skipped phase 3 of Reference Processing: no references
[3043.816s][debug][gc,ref         ] GC(95) ReferenceProcessor::execute queues: 1, RefProcThreadModel::Single, marks_oops_alive: false
[3043.816s][debug][gc,phases      ] GC(95) Reference Processing 0.073ms
[3043.816s][debug][gc,phases      ] GC(95)   VM Weak                        Min:  0.0, Avg:  0.0, Max:  0.0, Diff:  0.0, Sum:  0.0, Workers: 4
[3043.816s][debug][gc,phases      ] GC(95)     Dead                           Min: 0, Avg:  0.0, Max: 0, Diff: 0, Sum: 0, Workers: 4
[3043.816s][debug][gc,phases      ] GC(95)     Total                          Min: 0, Avg: 178.0, Max: 712, Diff: 712, Sum: 712, Workers: 4
[3043.816s][debug][gc,phases      ] GC(95)   ObjectSynchronizer Weak        Min:  0.0, Avg:  0.0, Max:  0.0, Diff:  0.0, Sum:  0.0, Workers: 4
[3043.816s][debug][gc,phases      ] GC(95)     Dead                           Min: 0, Avg:  0.0, Max: 0, Diff: 0, Sum: 0, Workers: 4
[3043.816s][debug][gc,phases      ] GC(95)     Total                          Min: 0, Avg: 12.2, Max: 49, Diff: 49, Sum: 49, Workers: 4
[3043.816s][debug][gc,phases      ] GC(95)   JVMTI Tag Weak OopStorage      Min:  0.0, Avg:  0.0, Max:  0.0, Diff:  0.0, Sum:  0.0, Workers: 4
[3043.816s][debug][gc,phases      ] GC(95)     Dead                           Min: 0, Avg:  0.0, Max: 0, Diff: 0, Sum: 0, Workers: 4
[3043.816s][debug][gc,phases      ] GC(95)     Total                          Min: 0, Avg:  0.0, Max: 0, Diff: 0, Sum: 0, Workers: 4
[3043.816s][debug][gc,phases      ] GC(95)   StringTable Weak               Min:  0.0, Avg:  0.1, Max:  0.1, Diff:  0.1, Sum:  0.3, Workers: 4
[3043.816s][debug][gc,phases      ] GC(95)     Dead                           Min: 0, Avg:  0.0, Max: 0, Diff: 0, Sum: 0, Workers: 4
[3043.816s][debug][gc,phases      ] GC(95)     Total                          Min: 0, Avg: 10767.8, Max: 18943, Diff: 18943, Sum: 43071, Workers: 4
[3043.816s][debug][gc,phases      ] GC(95)   ResolvedMethodTable Weak       Min:  0.0, Avg:  0.0, Max:  0.0, Diff:  0.0, Sum:  0.1, Workers: 4
[3043.816s][debug][gc,phases      ] GC(95)     Dead                           Min: 0, Avg:  0.0, Max: 0, Diff: 0, Sum: 0, Workers: 4
[3043.816s][debug][gc,phases      ] GC(95)     Total                          Min: 0, Avg: 2130.5, Max: 3648, Diff: 3648, Sum: 8522, Workers: 4
[3043.816s][debug][gc,phases      ] GC(95)   JNI Weak                       Min:  0.0, Avg:  0.0, Max:  0.0, Diff:  0.0, Sum:  0.0, Workers: 4
[3043.816s][debug][gc,phases      ] GC(95)     Dead                           Min: 0, Avg:  0.0, Max: 0, Diff: 0, Sum: 0, Workers: 4
[3043.816s][debug][gc,phases      ] GC(95)     Total                          Min: 0, Avg: 11.2, Max: 45, Diff: 45, Sum: 45, Workers: 4
[3043.816s][debug][gc,phases      ] GC(95)   StringDedup Table Weak         Min:  0.0, Avg:  0.0, Max:  0.0, Diff:  0.0, Sum:  0.0, Workers: 4
[3043.816s][debug][gc,phases      ] GC(95)     Dead                           Min: 0, Avg:  0.0, Max: 0, Diff: 0, Sum: 0, Workers: 4
[3043.816s][debug][gc,phases      ] GC(95)     Total                          Min: 0, Avg:  0.0, Max: 0, Diff: 0, Sum: 0, Workers: 4
[3043.816s][debug][gc,phases      ] GC(95)   StringDedup Requests0 Weak     Min:  0.0, Avg:  0.0, Max:  0.0, Diff:  0.0, Sum:  0.0, Workers: 4
[3043.816s][debug][gc,phases      ] GC(95)     Dead                           Min: 0, Avg:  0.0, Max: 0, Diff: 0, Sum: 0, Workers: 4
[3043.816s][debug][gc,phases      ] GC(95)     Total                          Min: 0, Avg:  0.0, Max: 0, Diff: 0, Sum: 0, Workers: 4
[3043.816s][debug][gc,phases      ] GC(95)   StringDedup Requests1 Weak     Min:  0.0, Avg:  0.0, Max:  0.0, Diff:  0.0, Sum:  0.0, Workers: 4
[3043.816s][debug][gc,phases      ] GC(95)     Dead                           Min: 0, Avg:  0.0, Max: 0, Diff: 0, Sum: 0, Workers: 4
[3043.816s][debug][gc,phases      ] GC(95)     Total                          Min: 0, Avg:  0.0, Max: 0, Diff: 0, Sum: 0, Workers: 4
[3043.816s][debug][gc,phases      ] GC(95)   Weak JFR Old Object Samples    Min:  0.0, Avg:  0.0, Max:  0.0, Diff:  0.0, Sum:  0.0, Workers: 4
[3043.816s][debug][gc,phases      ] GC(95)     Dead                           Min: 0, Avg:  0.0, Max: 0, Diff: 0, Sum: 0, Workers: 4
[3043.816s][debug][gc,phases      ] GC(95)     Total                          Min: 0, Avg:  0.0, Max: 0, Diff: 0, Sum: 0, Workers: 4
[3043.816s][debug][gc,phases      ] GC(95) Weak Processing 0.302ms
[3043.816s][debug][gc,age         ] GC(95) Desired survivor size 7340032 bytes, new threshold 15 (max threshold 15)
[3043.816s][info ][gc,heap        ] GC(95) PSYoungGen: 2080928K(2089472K)->128K(2088448K) Eden: 2080768K(2080768K)->0K(2080768K) From: 160K(8704K)->128K(7680K)
[3043.816s][info ][gc,heap        ] GC(95) ParOldGen: 276699K(376832K)->276707K(376832K)
[3043.816s][info ][gc,metaspace   ] GC(95) Metaspace: 78595K(79488K)->78595K(79488K) NonClass: 67336K(67840K)->67336K(67840K) Class: 11258K(11648K)->11258K(11648K)
[3043.816s][info ][gc             ] GC(95) Pause Young (Allocation Failure) 2302M->270M(2407M) 1.177ms
[3043.816s][info ][gc,cpu         ] GC(95) User=0.01s Sys=0.00s Real=0.01s
[3043.816s][info ][safepoint      ] Safepoint "ParallelGCFailedAllocation", Time since last: 45948382888 ns, Reaching safepoint: 32601 ns, At safepoint: 1259317 ns, Total: 1291918 ns
[3090.116s][info ][gc,start       ] GC(96) Pause Young (Allocation Failure)
[3090.117s][debug][gc,phases      ] GC(96) Scavenge 0.701ms
[3090.117s][debug][gc,ref         ] GC(96) Skipped phase 1 of Reference Processing: no references
[3090.117s][debug][gc,ref         ] GC(96) Skipped phase 2 of Reference Processing: no references
[3090.117s][debug][gc,ref         ] GC(96) Skipped phase 3 of Reference Processing: no references
[3090.117s][debug][gc,ref         ] GC(96) Skipped phase 4 of Reference Processing: no references
[3090.117s][debug][gc,phases      ] GC(96) Reference Processing 0.019ms
[3090.117s][debug][gc,phases      ] GC(96)   VM Weak                        Min:  0.0, Avg:  0.0, Max:  0.0, Diff:  0.0, Sum:  0.0, Workers: 4
[3090.117s][debug][gc,phases      ] GC(96)     Dead                           Min: 0, Avg:  0.0, Max: 0, Diff: 0, Sum: 0, Workers: 4
[3090.117s][debug][gc,phases      ] GC(96)     Total                          Min: 0, Avg: 178.0, Max: 456, Diff: 456, Sum: 712, Workers: 4
[3090.117s][debug][gc,phases      ] GC(96)   ObjectSynchronizer Weak        Min:  0.0, Avg:  0.0, Max:  0.0, Diff:  0.0, Sum:  0.0, Workers: 4
[3090.117s][debug][gc,phases      ] GC(96)     Dead                           Min: 0, Avg:  0.0, Max: 0, Diff: 0, Sum: 0, Workers: 4
[3090.117s][debug][gc,phases      ] GC(96)     Total                          Min: 0, Avg: 12.2, Max: 49, Diff: 49, Sum: 49, Workers: 4
[3090.117s][debug][gc,phases      ] GC(96)   JVMTI Tag Weak OopStorage      Min:  0.0, Avg:  0.0, Max:  0.0, Diff:  0.0, Sum:  0.0, Workers: 4
[3090.117s][debug][gc,phases      ] GC(96)     Dead                           Min: 0, Avg:  0.0, Max: 0, Diff: 0, Sum: 0, Workers: 4
[3090.117s][debug][gc,phases      ] GC(96)     Total                          Min: 0, Avg:  0.0, Max: 0, Diff: 0, Sum: 0, Workers: 4
[3090.117s][debug][gc,phases      ] GC(96)   StringTable Weak               Min:  0.0, Avg:  0.1, Max:  0.1, Diff:  0.1, Sum:  0.4, Workers: 4
[3090.117s][debug][gc,phases      ] GC(96)     Dead                           Min: 0, Avg:  0.0, Max: 0, Diff: 0, Sum: 0, Workers: 4
[3090.117s][debug][gc,phases      ] GC(96)     Total                          Min: 0, Avg: 10767.8, Max: 17536, Diff: 17536, Sum: 43071, Workers: 4
[3090.117s][debug][gc,phases      ] GC(96)   ResolvedMethodTable Weak       Min:  0.0, Avg:  0.0, Max:  0.0, Diff:  0.0, Sum:  0.1, Workers: 4
[3090.117s][debug][gc,phases      ] GC(96)     Dead                           Min: 0, Avg:  0.0, Max: 0, Diff: 0, Sum: 0, Workers: 4
[3090.117s][debug][gc,phases      ] GC(96)     Total                          Min: 0, Avg: 2130.5, Max: 3712, Diff: 3712, Sum: 8522, Workers: 4
[3090.117s][debug][gc,phases      ] GC(96)   JNI Weak                       Min:  0.0, Avg:  0.0, Max:  0.0, Diff:  0.0, Sum:  0.0, Workers: 4
[3090.117s][debug][gc,phases      ] GC(96)     Dead                           Min: 0, Avg:  0.0, Max: 0, Diff: 0, Sum: 0, Workers: 4
[3090.117s][debug][gc,phases      ] GC(96)     Total                          Min: 0, Avg: 11.2, Max: 45, Diff: 45, Sum: 45, Workers: 4
[3090.117s][debug][gc,phases      ] GC(96)   StringDedup Table Weak         Min:  0.0, Avg:  0.0, Max:  0.0, Diff:  0.0, Sum:  0.0, Workers: 4
[3090.117s][debug][gc,phases      ] GC(96)     Dead                           Min: 0, Avg:  0.0, Max: 0, Diff: 0, Sum: 0, Workers: 4
[3090.117s][debug][gc,phases      ] GC(96)     Total                          Min: 0, Avg:  0.0, Max: 0, Diff: 0, Sum: 0, Workers: 4
[3090.117s][debug][gc,phases      ] GC(96)   StringDedup Requests0 Weak     Min:  0.0, Avg:  0.0, Max:  0.0, Diff:  0.0, Sum:  0.0, Workers: 4
[3090.117s][debug][gc,phases      ] GC(96)     Dead                           Min: 0, Avg:  0.0, Max: 0, Diff: 0, Sum: 0, Workers: 4
[3090.117s][debug][gc,phases      ] GC(96)     Total                          Min: 0, Avg:  0.0, Max: 0, Diff: 0, Sum: 0, Workers: 4
[3090.117s][debug][gc,phases      ] GC(96)   StringDedup Requests1 Weak     Min:  0.0, Avg:  0.0, Max:  0.0, Diff:  0.0, Sum:  0.0, Workers: 4
[3090.117s][debug][gc,phases      ] GC(96)     Dead                           Min: 0, Avg:  0.0, Max: 0, Diff: 0, Sum: 0, Workers: 4
[3090.117s][debug][gc,phases      ] GC(96)     Total                          Min: 0, Avg:  0.0, Max: 0, Diff: 0, Sum: 0, Workers: 4
[3090.117s][debug][gc,phases      ] GC(96)   Weak JFR Old Object Samples    Min:  0.0, Avg:  0.0, Max:  0.0, Diff:  0.0, Sum:  0.0, Workers: 4
[3090.117s][debug][gc,phases      ] GC(96)     Dead                           Min: 0, Avg:  0.0, Max: 0, Diff: 0, Sum: 0, Workers: 4
[3090.117s][debug][gc,phases      ] GC(96)     Total                          Min: 0, Avg:  0.0, Max: 0, Diff: 0, Sum: 0, Workers: 4
[3090.117s][debug][gc,phases      ] GC(96) Weak Processing 0.302ms
[3090.117s][debug][gc,age         ] GC(96) Desired survivor size 6815744 bytes, new threshold 15 (max threshold 15)
[3090.117s][info ][gc,heap        ] GC(96) PSYoungGen: 2080896K(2088448K)->128K(2090496K) Eden: 2080768K(2080768K)->0K(2083328K) From: 128K(7680K)->128K(7168K)
[3090.117s][info ][gc,heap        ] GC(96) ParOldGen: 276707K(376832K)->276715K(376832K)
[3090.117s][info ][gc,metaspace   ] GC(96) Metaspace: 78595K(79488K)->78595K(79488K) NonClass: 67336K(67840K)->67336K(67840K) Class: 11258K(11648K)->11258K(11648K)
[3090.117s][info ][gc             ] GC(96) Pause Young (Allocation Failure) 2302M->270M(2409M) 1.122ms
[3090.117s][info ][gc,cpu         ] GC(96) User=0.00s Sys=0.00s Real=0.00s
[3090.117s][info ][safepoint      ] Safepoint "ParallelGCFailedAllocation", Time since last: 46299794411 ns, Reaching safepoint: 95101 ns, At safepoint: 1181916 ns, Total: 1277017 ns
[3136.666s][info ][gc,start       ] GC(97) Pause Young (Allocation Failure)
[3136.667s][debug][gc,phases      ] GC(97) Scavenge 1.061ms
[3136.667s][debug][gc,ref         ] GC(97) Skipped phase 1 of Reference Processing: no references
[3136.667s][debug][gc,ref         ] GC(97) Skipped phase 2 of Reference Processing: no references
[3136.667s][debug][gc,ref         ] GC(97) Skipped phase 3 of Reference Processing: no references
[3136.667s][debug][gc,ref         ] GC(97) Skipped phase 4 of Reference Processing: no references
[3136.667s][debug][gc,phases      ] GC(97) Reference Processing 0.019ms
[3136.667s][debug][gc,phases      ] GC(97)   VM Weak                        Min:  0.0, Avg:  0.0, Max:  0.0, Diff:  0.0, Sum:  0.0, Workers: 4
[3136.667s][debug][gc,phases      ] GC(97)     Dead                           Min: 0, Avg:  0.0, Max: 0, Diff: 0, Sum: 0, Workers: 4
[3136.667s][debug][gc,phases      ] GC(97)     Total                          Min: 0, Avg: 178.0, Max: 704, Diff: 704, Sum: 712, Workers: 4
[3136.667s][debug][gc,phases      ] GC(97)   ObjectSynchronizer Weak        Min:  0.0, Avg:  0.0, Max:  0.0, Diff:  0.0, Sum:  0.0, Workers: 4
[3136.667s][debug][gc,phases      ] GC(97)     Dead                           Min: 0, Avg:  0.0, Max: 0, Diff: 0, Sum: 0, Workers: 4
[3136.667s][debug][gc,phases      ] GC(97)     Total                          Min: 0, Avg: 12.2, Max: 49, Diff: 49, Sum: 49, Workers: 4
[3136.667s][debug][gc,phases      ] GC(97)   JVMTI Tag Weak OopStorage      Min:  0.0, Avg:  0.0, Max:  0.0, Diff:  0.0, Sum:  0.0, Workers: 4
[3136.667s][debug][gc,phases      ] GC(97)     Dead                           Min: 0, Avg:  0.0, Max: 0, Diff: 0, Sum: 0, Workers: 4
[3136.667s][debug][gc,phases      ] GC(97)     Total                          Min: 0, Avg:  0.0, Max: 0, Diff: 0, Sum: 0, Workers: 4
[3136.667s][debug][gc,phases      ] GC(97)   StringTable Weak               Min:  0.0, Avg:  0.1, Max:  0.1, Diff:  0.1, Sum:  0.4, Workers: 4
[3136.667s][debug][gc,phases      ] GC(97)     Dead                           Min: 0, Avg:  0.0, Max: 0, Diff: 0, Sum: 0, Workers: 4
[3136.667s][debug][gc,phases      ] GC(97)     Total                          Min: 0, Avg: 10767.8, Max: 18624, Diff: 18624, Sum: 43071, Workers: 4
[3136.667s][debug][gc,phases      ] GC(97)   ResolvedMethodTable Weak       Min:  0.0, Avg:  0.0, Max:  0.0, Diff:  0.0, Sum:  0.1, Workers: 4
[3136.667s][debug][gc,phases      ] GC(97)     Dead                           Min: 0, Avg:  0.0, Max: 0, Diff: 0, Sum: 0, Workers: 4
[3136.667s][debug][gc,phases      ] GC(97)     Total                          Min: 0, Avg: 2130.5, Max: 3338, Diff: 3338, Sum: 8522, Workers: 4
[3136.667s][debug][gc,phases      ] GC(97)   JNI Weak                       Min:  0.0, Avg:  0.0, Max:  0.0, Diff:  0.0, Sum:  0.0, Workers: 4
[3136.667s][debug][gc,phases      ] GC(97)     Dead                           Min: 0, Avg:  0.0, Max: 0, Diff: 0, Sum: 0, Workers: 4
[3136.667s][debug][gc,phases      ] GC(97)     Total                          Min: 0, Avg: 11.2, Max: 45, Diff: 45, Sum: 45, Workers: 4
[3136.667s][debug][gc,phases      ] GC(97)   StringDedup Table Weak         Min:  0.0, Avg:  0.0, Max:  0.0, Diff:  0.0, Sum:  0.0, Workers: 4
[3136.667s][debug][gc,phases      ] GC(97)     Dead                           Min: 0, Avg:  0.0, Max: 0, Diff: 0, Sum: 0, Workers: 4
[3136.667s][debug][gc,phases      ] GC(97)     Total                          Min: 0, Avg:  0.0, Max: 0, Diff: 0, Sum: 0, Workers: 4
[3136.667s][debug][gc,phases      ] GC(97)   StringDedup Requests0 Weak     Min:  0.0, Avg:  0.0, Max:  0.0, Diff:  0.0, Sum:  0.0, Workers: 4
[3136.667s][debug][gc,phases      ] GC(97)     Dead                           Min: 0, Avg:  0.0, Max: 0, Diff: 0, Sum: 0, Workers: 4
[3136.667s][debug][gc,phases      ] GC(97)     Total                          Min: 0, Avg:  0.0, Max: 0, Diff: 0, Sum: 0, Workers: 4
[3136.667s][debug][gc,phases      ] GC(97)   StringDedup Requests1 Weak     Min:  0.0, Avg:  0.0, Max:  0.0, Diff:  0.0, Sum:  0.0, Workers: 4
[3136.667s][debug][gc,phases      ] GC(97)     Dead                           Min: 0, Avg:  0.0, Max: 0, Diff: 0, Sum: 0, Workers: 4
[3136.667s][debug][gc,phases      ] GC(97)     Total                          Min: 0, Avg:  0.0, Max: 0, Diff: 0, Sum: 0, Workers: 4
[3136.667s][debug][gc,phases      ] GC(97)   Weak JFR Old Object Samples    Min:  0.0, Avg:  0.0, Max:  0.0, Diff:  0.0, Sum:  0.0, Workers: 4
[3136.667s][debug][gc,phases      ] GC(97)     Dead                           Min: 0, Avg:  0.0, Max: 0, Diff: 0, Sum: 0, Workers: 4
[3136.667s][debug][gc,phases      ] GC(97)     Total                          Min: 0, Avg:  0.0, Max: 0, Diff: 0, Sum: 0, Workers: 4
[3136.667s][debug][gc,phases      ] GC(97) Weak Processing 0.337ms
[3136.667s][debug][gc,age         ] GC(97) Desired survivor size 6291456 bytes, new threshold 15 (max threshold 15)
[3136.667s][info ][gc,heap        ] GC(97) PSYoungGen: 2083456K(2090496K)->128K(2089984K) Eden: 2083328K(2083328K)->0K(2083328K) From: 128K(7168K)->128K(6656K)
[3136.667s][info ][gc,heap        ] GC(97) ParOldGen: 276715K(376832K)->276723K(376832K)
[3136.667s][info ][gc,metaspace   ] GC(97) Metaspace: 78595K(79488K)->78595K(79488K) NonClass: 67336K(67840K)->67336K(67840K) Class: 11258K(11648K)->11258K(11648K)
[3136.667s][info ][gc             ] GC(97) Pause Young (Allocation Failure) 2304M->270M(2409M) 1.493ms
[3136.667s][info ][gc,cpu         ] GC(97) User=0.00s Sys=0.00s Real=0.00s
[3136.667s][info ][safepoint      ] Safepoint "ParallelGCFailedAllocation", Time since last: 46548463277 ns, Reaching safepoint: 69901 ns, At safepoint: 1557720 ns, Total: 1627621 ns
[3150.668s][info ][safepoint      ] Safepoint "Cleanup", Time since last: 14000866714 ns, Reaching safepoint: 28601 ns, At safepoint: 24100 ns, Total: 52701 ns
[3183.615s][info ][gc,start       ] GC(98) Pause Young (Allocation Failure)
[3183.616s][debug][gc,phases      ] GC(98) Scavenge 0.902ms
[3183.616s][debug][gc,ref         ] GC(98) Skipped phase 1 of Reference Processing: no references
[3183.616s][debug][gc,ref         ] GC(98) Skipped phase 2 of Reference Processing: no references
[3183.616s][debug][gc,ref         ] GC(98) Skipped phase 3 of Reference Processing: no references
[3183.616s][debug][gc,ref         ] GC(98) Skipped phase 4 of Reference Processing: no references
[3183.616s][debug][gc,phases      ] GC(98) Reference Processing 0.018ms
[3183.616s][debug][gc,phases      ] GC(98)   VM Weak                        Min:  0.0, Avg:  0.0, Max:  0.0, Diff:  0.0, Sum:  0.0, Workers: 4
[3183.616s][debug][gc,phases      ] GC(98)     Dead                           Min: 0, Avg:  0.0, Max: 0, Diff: 0, Sum: 0, Workers: 4
[3183.616s][debug][gc,phases      ] GC(98)     Total                          Min: 0, Avg: 178.0, Max: 448, Diff: 448, Sum: 712, Workers: 4
[3183.616s][debug][gc,phases      ] GC(98)   ObjectSynchronizer Weak        Min:  0.0, Avg:  0.0, Max:  0.0, Diff:  0.0, Sum:  0.0, Workers: 4
[3183.616s][debug][gc,phases      ] GC(98)     Dead                           Min: 0, Avg:  0.0, Max: 0, Diff: 0, Sum: 0, Workers: 4
[3183.616s][debug][gc,phases      ] GC(98)     Total                          Min: 0, Avg: 12.2, Max: 49, Diff: 49, Sum: 49, Workers: 4
[3183.616s][debug][gc,phases      ] GC(98)   JVMTI Tag Weak OopStorage      Min:  0.0, Avg:  0.0, Max:  0.0, Diff:  0.0, Sum:  0.0, Workers: 4
[3183.616s][debug][gc,phases      ] GC(98)     Dead                           Min: 0, Avg:  0.0, Max: 0, Diff: 0, Sum: 0, Workers: 4
[3183.616s][debug][gc,phases      ] GC(98)     Total                          Min: 0, Avg:  0.0, Max: 0, Diff: 0, Sum: 0, Workers: 4
[3183.616s][debug][gc,phases      ] GC(98)   StringTable Weak               Min:  0.0, Avg:  0.1, Max:  0.1, Diff:  0.1, Sum:  0.3, Workers: 4
[3183.616s][debug][gc,phases      ] GC(98)     Dead                           Min: 0, Avg:  0.0, Max: 0, Diff: 0, Sum: 0, Workers: 4
[3183.616s][debug][gc,phases      ] GC(98)     Total                          Min: 0, Avg: 10767.8, Max: 16447, Diff: 16447, Sum: 43071, Workers: 4
[3183.616s][debug][gc,phases      ] GC(98)   ResolvedMethodTable Weak       Min:  0.0, Avg:  0.0, Max:  0.0, Diff:  0.0, Sum:  0.1, Workers: 4
[3183.616s][debug][gc,phases      ] GC(98)     Dead                           Min: 0, Avg:  0.0, Max: 0, Diff: 0, Sum: 0, Workers: 4
[3183.616s][debug][gc,phases      ] GC(98)     Total                          Min: 0, Avg: 2130.5, Max: 3594, Diff: 3594, Sum: 8522, Workers: 4
[3183.617s][debug][gc,phases      ] GC(98)   JNI Weak                       Min:  0.0, Avg:  0.0, Max:  0.0, Diff:  0.0, Sum:  0.0, Workers: 4
[3183.617s][debug][gc,phases      ] GC(98)     Dead                           Min: 0, Avg:  0.0, Max: 0, Diff: 0, Sum: 0, Workers: 4
[3183.617s][debug][gc,phases      ] GC(98)     Total                          Min: 0, Avg: 11.2, Max: 45, Diff: 45, Sum: 45, Workers: 4
[3183.617s][debug][gc,phases      ] GC(98)   StringDedup Table Weak         Min:  0.0, Avg:  0.0, Max:  0.0, Diff:  0.0, Sum:  0.0, Workers: 4
[3183.617s][debug][gc,phases      ] GC(98)     Dead                           Min: 0, Avg:  0.0, Max: 0, Diff: 0, Sum: 0, Workers: 4
[3183.617s][debug][gc,phases      ] GC(98)     Total                          Min: 0, Avg:  0.0, Max: 0, Diff: 0, Sum: 0, Workers: 4
[3183.617s][debug][gc,phases      ] GC(98)   StringDedup Requests0 Weak     Min:  0.0, Avg:  0.0, Max:  0.0, Diff:  0.0, Sum:  0.0, Workers: 4
[3183.617s][debug][gc,phases      ] GC(98)     Dead                           Min: 0, Avg:  0.0, Max: 0, Diff: 0, Sum: 0, Workers: 4
[3183.617s][debug][gc,phases      ] GC(98)     Total                          Min: 0, Avg:  0.0, Max: 0, Diff: 0, Sum: 0, Workers: 4
[3183.617s][debug][gc,phases      ] GC(98)   StringDedup Requests1 Weak     Min:  0.0, Avg:  0.0, Max:  0.0, Diff:  0.0, Sum:  0.0, Workers: 4
[3183.617s][debug][gc,phases      ] GC(98)     Dead                           Min: 0, Avg:  0.0, Max: 0, Diff: 0, Sum: 0, Workers: 4
[3183.617s][debug][gc,phases      ] GC(98)     Total                          Min: 0, Avg:  0.0, Max: 0, Diff: 0, Sum: 0, Workers: 4
[3183.617s][debug][gc,phases      ] GC(98)   Weak JFR Old Object Samples    Min:  0.0, Avg:  0.0, Max:  0.0, Diff:  0.0, Sum:  0.0, Workers: 4
[3183.617s][debug][gc,phases      ] GC(98)     Dead                           Min: 0, Avg:  0.0, Max: 0, Diff: 0, Sum: 0, Workers: 4
[3183.617s][debug][gc,phases      ] GC(98)     Total                          Min: 0, Avg:  0.0, Max: 0, Diff: 0, Sum: 0, Workers: 4
[3183.617s][debug][gc,phases      ] GC(98) Weak Processing 0.316ms
[3183.617s][debug][gc,age         ] GC(98) Desired survivor size 5767168 bytes, new threshold 15 (max threshold 15)
[3183.617s][info ][gc,heap        ] GC(98) PSYoungGen: 2083456K(2089984K)->192K(2091520K) Eden: 2083328K(2083328K)->0K(2085376K) From: 128K(6656K)->192K(6144K)
[3183.617s][info ][gc,heap        ] GC(98) ParOldGen: 276723K(376832K)->276731K(376832K)
[3183.617s][info ][gc,metaspace   ] GC(98) Metaspace: 78595K(79488K)->78595K(79488K) NonClass: 67336K(67840K)->67336K(67840K) Class: 11258K(11648K)->11258K(11648K)
[3183.617s][info ][gc             ] GC(98) Pause Young (Allocation Failure) 2304M->270M(2410M) 1.311ms
[3183.617s][info ][gc,cpu         ] GC(98) User=0.01s Sys=0.00s Real=0.01s
[3183.617s][info ][safepoint      ] Safepoint "ParallelGCFailedAllocation", Time since last: 32946896125 ns, Reaching safepoint: 42101 ns, At safepoint: 1373718 ns, Total: 1415819 ns
[3230.615s][info ][gc,start       ] GC(99) Pause Young (Allocation Failure)
[3230.616s][debug][gc,phases      ] GC(99) Scavenge 0.737ms
[3230.616s][debug][gc,ref         ] GC(99) Skipped phase 1 of Reference Processing: no references
[3230.616s][debug][gc,ref         ] GC(99) Skipped phase 2 of Reference Processing: no references
[3230.616s][debug][gc,ref         ] GC(99) Skipped phase 3 of Reference Processing: no references
[3230.616s][debug][gc,ref         ] GC(99) Skipped phase 4 of Reference Processing: no references
[3230.616s][debug][gc,phases      ] GC(99) Reference Processing 0.019ms
[3230.616s][debug][gc,phases      ] GC(99)   VM Weak                        Min:  0.0, Avg:  0.0, Max:  0.0, Diff:  0.0, Sum:  0.0, Workers: 4
[3230.616s][debug][gc,phases      ] GC(99)     Dead                           Min: 0, Avg:  0.0, Max: 0, Diff: 0, Sum: 0, Workers: 4
[3230.616s][debug][gc,phases      ] GC(99)     Total                          Min: 0, Avg: 178.0, Max: 448, Diff: 448, Sum: 712, Workers: 4
[3230.616s][debug][gc,phases      ] GC(99)   ObjectSynchronizer Weak        Min:  0.0, Avg:  0.0, Max:  0.0, Diff:  0.0, Sum:  0.0, Workers: 4
[3230.616s][debug][gc,phases      ] GC(99)     Dead                           Min: 0, Avg:  0.0, Max: 0, Diff: 0, Sum: 0, Workers: 4
[3230.616s][debug][gc,phases      ] GC(99)     Total                          Min: 0, Avg: 12.2, Max: 49, Diff: 49, Sum: 49, Workers: 4
[3230.616s][debug][gc,phases      ] GC(99)   JVMTI Tag Weak OopStorage      Min:  0.0, Avg:  0.0, Max:  0.0, Diff:  0.0, Sum:  0.0, Workers: 4
[3230.616s][debug][gc,phases      ] GC(99)     Dead                           Min: 0, Avg:  0.0, Max: 0, Diff: 0, Sum: 0, Workers: 4
[3230.616s][debug][gc,phases      ] GC(99)     Total                          Min: 0, Avg:  0.0, Max: 0, Diff: 0, Sum: 0, Workers: 4
[3230.616s][debug][gc,phases      ] GC(99)   StringTable Weak               Min:  0.1, Avg:  0.1, Max:  0.1, Diff:  0.0, Sum:  0.4, Workers: 4
[3230.616s][debug][gc,phases      ] GC(99)     Dead                           Min: 0, Avg:  0.0, Max: 0, Diff: 0, Sum: 0, Workers: 4
[3230.616s][debug][gc,phases      ] GC(99)     Total                          Min: 10304, Avg: 10767.8, Max: 11072, Diff: 768, Sum: 43071, Workers: 4
[3230.616s][debug][gc,phases      ] GC(99)   ResolvedMethodTable Weak       Min:  0.0, Avg:  0.0, Max:  0.0, Diff:  0.0, Sum:  0.1, Workers: 4
[3230.616s][debug][gc,phases      ] GC(99)     Dead                           Min: 0, Avg:  0.0, Max: 0, Diff: 0, Sum: 0, Workers: 4
[3230.616s][debug][gc,phases      ] GC(99)     Total                          Min: 1984, Avg: 2130.5, Max: 2240, Diff: 256, Sum: 8522, Workers: 4
[3230.616s][debug][gc,phases      ] GC(99)   JNI Weak                       Min:  0.0, Avg:  0.0, Max:  0.0, Diff:  0.0, Sum:  0.0, Workers: 4
[3230.616s][debug][gc,phases      ] GC(99)     Dead                           Min: 0, Avg:  0.0, Max: 0, Diff: 0, Sum: 0, Workers: 4
[3230.616s][debug][gc,phases      ] GC(99)     Total                          Min: 0, Avg: 11.2, Max: 45, Diff: 45, Sum: 45, Workers: 4
[3230.616s][debug][gc,phases      ] GC(99)   StringDedup Table Weak         Min:  0.0, Avg:  0.0, Max:  0.0, Diff:  0.0, Sum:  0.0, Workers: 4
[3230.616s][debug][gc,phases      ] GC(99)     Dead                           Min: 0, Avg:  0.0, Max: 0, Diff: 0, Sum: 0, Workers: 4
[3230.616s][debug][gc,phases      ] GC(99)     Total                          Min: 0, Avg:  0.0, Max: 0, Diff: 0, Sum: 0, Workers: 4
[3230.616s][debug][gc,phases      ] GC(99)   StringDedup Requests0 Weak     Min:  0.0, Avg:  0.0, Max:  0.0, Diff:  0.0, Sum:  0.0, Workers: 4
[3230.616s][debug][gc,phases      ] GC(99)     Dead                           Min: 0, Avg:  0.0, Max: 0, Diff: 0, Sum: 0, Workers: 4
[3230.616s][debug][gc,phases      ] GC(99)     Total                          Min: 0, Avg:  0.0, Max: 0, Diff: 0, Sum: 0, Workers: 4
[3230.616s][debug][gc,phases      ] GC(99)   StringDedup Requests1 Weak     Min:  0.0, Avg:  0.0, Max:  0.0, Diff:  0.0, Sum:  0.0, Workers: 4
[3230.616s][debug][gc,phases      ] GC(99)     Dead                           Min: 0, Avg:  0.0, Max: 0, Diff: 0, Sum: 0, Workers: 4
[3230.616s][debug][gc,phases      ] GC(99)     Total                          Min: 0, Avg:  0.0, Max: 0, Diff: 0, Sum: 0, Workers: 4
[3230.616s][debug][gc,phases      ] GC(99)   Weak JFR Old Object Samples    Min:  0.0, Avg:  0.0, Max:  0.0, Diff:  0.0, Sum:  0.0, Workers: 4
[3230.616s][debug][gc,phases      ] GC(99)     Dead                           Min: 0, Avg:  0.0, Max: 0, Diff: 0, Sum: 0, Workers: 4
[3230.616s][debug][gc,phases      ] GC(99)     Total                          Min: 0, Avg:  0.0, Max: 0, Diff: 0, Sum: 0, Workers: 4
[3230.616s][debug][gc,phases      ] GC(99) Weak Processing 0.292ms
[3230.616s][debug][gc,age         ] GC(99) Desired survivor size 5242880 bytes, new threshold 15 (max threshold 15)
[3230.616s][info ][gc,heap        ] GC(99) PSYoungGen: 2085568K(2091520K)->128K(2091008K) Eden: 2085376K(2085376K)->0K(2085376K) From: 192K(6144K)->128K(5632K)
[3230.616s][info ][gc,heap        ] GC(99) ParOldGen: 276731K(376832K)->276739K(376832K)
[3230.616s][info ][gc,metaspace   ] GC(99) Metaspace: 78595K(79488K)->78595K(79488K) NonClass: 67336K(67840K)->67336K(67840K) Class: 11258K(11648K)->11258K(11648K)
[3230.616s][info ][gc             ] GC(99) Pause Young (Allocation Failure) 2306M->270M(2410M) 1.127ms
[3230.616s][info ][gc,cpu         ] GC(99) User=0.01s Sys=0.00s Real=0.01s
[3230.616s][info ][safepoint      ] Safepoint "ParallelGCFailedAllocation", Time since last: 46998364162 ns, Reaching safepoint: 40801 ns, At safepoint: 1199915 ns, Total: 1240716 ns
[3277.566s][info ][gc,start       ] GC(100) Pause Young (Allocation Failure)
[3277.567s][debug][gc,phases      ] GC(100) Scavenge 1.138ms
[3277.567s][debug][gc,ref         ] GC(100) Skipped phase 1 of Reference Processing: no references
[3277.567s][debug][gc,ref         ] GC(100) Skipped phase 2 of Reference Processing: no references
[3277.567s][debug][gc,ref         ] GC(100) Skipped phase 3 of Reference Processing: no references
[3277.567s][debug][gc,ref         ] GC(100) Skipped phase 4 of Reference Processing: no references
[3277.567s][debug][gc,phases      ] GC(100) Reference Processing 0.022ms
[3277.568s][debug][gc,phases      ] GC(100)   VM Weak                        Min:  0.0, Avg:  0.0, Max:  0.0, Diff:  0.0, Sum:  0.0, Workers: 4
[3277.568s][debug][gc,phases      ] GC(100)     Dead                           Min: 0, Avg:  0.0, Max: 0, Diff: 0, Sum: 0, Workers: 4
[3277.568s][debug][gc,phases      ] GC(100)     Total                          Min: 0, Avg: 178.0, Max: 704, Diff: 704, Sum: 712, Workers: 4
[3277.568s][debug][gc,phases      ] GC(100)   ObjectSynchronizer Weak        Min:  0.0, Avg:  0.0, Max:  0.0, Diff:  0.0, Sum:  0.0, Workers: 4
[3277.568s][debug][gc,phases      ] GC(100)     Dead                           Min: 0, Avg:  0.0, Max: 0, Diff: 0, Sum: 0, Workers: 4
[3277.568s][debug][gc,phases      ] GC(100)     Total                          Min: 0, Avg: 12.2, Max: 49, Diff: 49, Sum: 49, Workers: 4
[3277.568s][debug][gc,phases      ] GC(100)   JVMTI Tag Weak OopStorage      Min:  0.0, Avg:  0.0, Max:  0.0, Diff:  0.0, Sum:  0.0, Workers: 4
[3277.568s][debug][gc,phases      ] GC(100)     Dead                           Min: 0, Avg:  0.0, Max: 0, Diff: 0, Sum: 0, Workers: 4
[3277.568s][debug][gc,phases      ] GC(100)     Total                          Min: 0, Avg:  0.0, Max: 0, Diff: 0, Sum: 0, Workers: 4
[3277.568s][debug][gc,phases      ] GC(100)   StringTable Weak               Min:  0.1, Avg:  0.1, Max:  0.1, Diff:  0.0, Sum:  0.4, Workers: 4
[3277.568s][debug][gc,phases      ] GC(100)     Dead                           Min: 0, Avg:  0.0, Max: 0, Diff: 0, Sum: 0, Workers: 4
[3277.568s][debug][gc,phases      ] GC(100)     Total                          Min: 10368, Avg: 10767.8, Max: 11200, Diff: 832, Sum: 43071, Workers: 4
[3277.568s][debug][gc,phases      ] GC(100)   ResolvedMethodTable Weak       Min:  0.0, Avg:  0.0, Max:  0.0, Diff:  0.0, Sum:  0.1, Workers: 4
[3277.568s][debug][gc,phases      ] GC(100)     Dead                           Min: 0, Avg:  0.0, Max: 0, Diff: 0, Sum: 0, Workers: 4
[3277.568s][debug][gc,phases      ] GC(100)     Total                          Min: 2048, Avg: 2130.5, Max: 2240, Diff: 192, Sum: 8522, Workers: 4
[3277.568s][debug][gc,phases      ] GC(100)   JNI Weak                       Min:  0.0, Avg:  0.0, Max:  0.0, Diff:  0.0, Sum:  0.0, Workers: 4
[3277.568s][debug][gc,phases      ] GC(100)     Dead                           Min: 0, Avg:  0.0, Max: 0, Diff: 0, Sum: 0, Workers: 4
[3277.568s][debug][gc,phases      ] GC(100)     Total                          Min: 0, Avg: 11.2, Max: 45, Diff: 45, Sum: 45, Workers: 4
[3277.568s][debug][gc,phases      ] GC(100)   StringDedup Table Weak         Min:  0.0, Avg:  0.0, Max:  0.0, Diff:  0.0, Sum:  0.0, Workers: 4
[3277.568s][debug][gc,phases      ] GC(100)     Dead                           Min: 0, Avg:  0.0, Max: 0, Diff: 0, Sum: 0, Workers: 4
[3277.568s][debug][gc,phases      ] GC(100)     Total                          Min: 0, Avg:  0.0, Max: 0, Diff: 0, Sum: 0, Workers: 4
[3277.568s][debug][gc,phases      ] GC(100)   StringDedup Requests0 Weak     Min:  0.0, Avg:  0.0, Max:  0.0, Diff:  0.0, Sum:  0.0, Workers: 4
[3277.568s][debug][gc,phases      ] GC(100)     Dead                           Min: 0, Avg:  0.0, Max: 0, Diff: 0, Sum: 0, Workers: 4
[3277.568s][debug][gc,phases      ] GC(100)     Total                          Min: 0, Avg:  0.0, Max: 0, Diff: 0, Sum: 0, Workers: 4
[3277.568s][debug][gc,phases      ] GC(100)   StringDedup Requests1 Weak     Min:  0.0, Avg:  0.0, Max:  0.0, Diff:  0.0, Sum:  0.0, Workers: 4
[3277.568s][debug][gc,phases      ] GC(100)     Dead                           Min: 0, Avg:  0.0, Max: 0, Diff: 0, Sum: 0, Workers: 4
[3277.568s][debug][gc,phases      ] GC(100)     Total                          Min: 0, Avg:  0.0, Max: 0, Diff: 0, Sum: 0, Workers: 4
[3277.568s][debug][gc,phases      ] GC(100)   Weak JFR Old Object Samples    Min:  0.0, Avg:  0.0, Max:  0.0, Diff:  0.0, Sum:  0.0, Workers: 4
[3277.568s][debug][gc,phases      ] GC(100)     Dead                           Min: 0, Avg:  0.0, Max: 0, Diff: 0, Sum: 0, Workers: 4
[3277.568s][debug][gc,phases      ] GC(100)     Total                          Min: 0, Avg:  0.0, Max: 0, Diff: 0, Sum: 0, Workers: 4
[3277.568s][debug][gc,phases      ] GC(100) Weak Processing 0.289ms
[3277.568s][debug][gc,age         ] GC(100) Desired survivor size 4718592 bytes, new threshold 15 (max threshold 15)
[3277.568s][info ][gc,heap        ] GC(100) PSYoungGen: 2085504K(2091008K)->128K(2092544K) Eden: 2085376K(2085376K)->0K(2087424K) From: 128K(5632K)->128K(5120K)
[3277.568s][info ][gc,heap        ] GC(100) ParOldGen: 276739K(376832K)->276747K(376832K)
[3277.568s][info ][gc,metaspace   ] GC(100) Metaspace: 78595K(79488K)->78595K(79488K) NonClass: 67336K(67840K)->67336K(67840K) Class: 11258K(11648K)->11258K(11648K)
[3277.568s][info ][gc             ] GC(100) Pause Young (Allocation Failure) 2306M->270M(2411M) 1.547ms
[3277.568s][info ][gc,cpu         ] GC(100) User=0.01s Sys=0.00s Real=0.01s
[3277.568s][info ][safepoint      ] Safepoint "ParallelGCFailedAllocation", Time since last: 46949851009 ns, Reaching safepoint: 24200 ns, At safepoint: 1619021 ns, Total: 1643221 ns
[3323.666s][info ][gc,start       ] GC(101) Pause Young (Allocation Failure)
[3323.667s][debug][gc,phases      ] GC(101) Scavenge 1.076ms
[3323.667s][debug][gc,ref         ] GC(101) Skipped phase 1 of Reference Processing: no references
[3323.667s][debug][gc,ref         ] GC(101) ReferenceProcessor::execute queues: 1, RefProcThreadModel::Single, marks_oops_alive: false
[3323.667s][debug][gc,ref         ] GC(101) Skipped phase 3 of Reference Processing: no references
[3323.667s][debug][gc,ref         ] GC(101) ReferenceProcessor::execute queues: 1, RefProcThreadModel::Single, marks_oops_alive: false
[3323.667s][debug][gc,phases      ] GC(101) Reference Processing 0.083ms
[3323.667s][debug][gc,phases      ] GC(101)   VM Weak                        Min:  0.0, Avg:  0.0, Max:  0.0, Diff:  0.0, Sum:  0.0, Workers: 4
[3323.667s][debug][gc,phases      ] GC(101)     Dead                           Min: 0, Avg:  0.0, Max: 0, Diff: 0, Sum: 0, Workers: 4
[3323.667s][debug][gc,phases      ] GC(101)     Total                          Min: 0, Avg: 178.0, Max: 576, Diff: 576, Sum: 712, Workers: 4
[3323.667s][debug][gc,phases      ] GC(101)   ObjectSynchronizer Weak        Min:  0.0, Avg:  0.0, Max:  0.0, Diff:  0.0, Sum:  0.0, Workers: 4
[3323.667s][debug][gc,phases      ] GC(101)     Dead                           Min: 0, Avg:  0.0, Max: 0, Diff: 0, Sum: 0, Workers: 4
[3323.667s][debug][gc,phases      ] GC(101)     Total                          Min: 0, Avg: 12.2, Max: 49, Diff: 49, Sum: 49, Workers: 4
[3323.667s][debug][gc,phases      ] GC(101)   JVMTI Tag Weak OopStorage      Min:  0.0, Avg:  0.0, Max:  0.0, Diff:  0.0, Sum:  0.0, Workers: 4
[3323.667s][debug][gc,phases      ] GC(101)     Dead                           Min: 0, Avg:  0.0, Max: 0, Diff: 0, Sum: 0, Workers: 4
[3323.667s][debug][gc,phases      ] GC(101)     Total                          Min: 0, Avg:  0.0, Max: 0, Diff: 0, Sum: 0, Workers: 4
[3323.667s][debug][gc,phases      ] GC(101)   StringTable Weak               Min:  0.0, Avg:  0.1, Max:  0.1, Diff:  0.1, Sum:  0.3, Workers: 4
[3323.667s][debug][gc,phases      ] GC(101)     Dead                           Min: 0, Avg:  0.0, Max: 0, Diff: 0, Sum: 0, Workers: 4
[3323.667s][debug][gc,phases      ] GC(101)     Total                          Min: 0, Avg: 10767.8, Max: 18368, Diff: 18368, Sum: 43071, Workers: 4
[3323.667s][debug][gc,phases      ] GC(101)   ResolvedMethodTable Weak       Min:  0.0, Avg:  0.0, Max:  0.0, Diff:  0.0, Sum:  0.1, Workers: 4
[3323.667s][debug][gc,phases      ] GC(101)     Dead                           Min: 0, Avg:  0.0, Max: 0, Diff: 0, Sum: 0, Workers: 4
[3323.667s][debug][gc,phases      ] GC(101)     Total                          Min: 0, Avg: 2130.5, Max: 3648, Diff: 3648, Sum: 8522, Workers: 4
[3323.667s][debug][gc,phases      ] GC(101)   JNI Weak                       Min:  0.0, Avg:  0.0, Max:  0.0, Diff:  0.0, Sum:  0.0, Workers: 4
[3323.667s][debug][gc,phases      ] GC(101)     Dead                           Min: 0, Avg:  0.0, Max: 0, Diff: 0, Sum: 0, Workers: 4
[3323.667s][debug][gc,phases      ] GC(101)     Total                          Min: 0, Avg: 11.2, Max: 45, Diff: 45, Sum: 45, Workers: 4
[3323.667s][debug][gc,phases      ] GC(101)   StringDedup Table Weak         Min:  0.0, Avg:  0.0, Max:  0.0, Diff:  0.0, Sum:  0.0, Workers: 4
[3323.667s][debug][gc,phases      ] GC(101)     Dead                           Min: 0, Avg:  0.0, Max: 0, Diff: 0, Sum: 0, Workers: 4
[3323.667s][debug][gc,phases      ] GC(101)     Total                          Min: 0, Avg:  0.0, Max: 0, Diff: 0, Sum: 0, Workers: 4
[3323.667s][debug][gc,phases      ] GC(101)   StringDedup Requests0 Weak     Min:  0.0, Avg:  0.0, Max:  0.0, Diff:  0.0, Sum:  0.0, Workers: 4
[3323.667s][debug][gc,phases      ] GC(101)     Dead                           Min: 0, Avg:  0.0, Max: 0, Diff: 0, Sum: 0, Workers: 4
[3323.667s][debug][gc,phases      ] GC(101)     Total                          Min: 0, Avg:  0.0, Max: 0, Diff: 0, Sum: 0, Workers: 4
[3323.667s][debug][gc,phases      ] GC(101)   StringDedup Requests1 Weak     Min:  0.0, Avg:  0.0, Max:  0.0, Diff:  0.0, Sum:  0.0, Workers: 4
[3323.667s][debug][gc,phases      ] GC(101)     Dead                           Min: 0, Avg:  0.0, Max: 0, Diff: 0, Sum: 0, Workers: 4
[3323.667s][debug][gc,phases      ] GC(101)     Total                          Min: 0, Avg:  0.0, Max: 0, Diff: 0, Sum: 0, Workers: 4
[3323.667s][debug][gc,phases      ] GC(101)   Weak JFR Old Object Samples    Min:  0.0, Avg:  0.0, Max:  0.0, Diff:  0.0, Sum:  0.0, Workers: 4
[3323.667s][debug][gc,phases      ] GC(101)     Dead                           Min: 0, Avg:  0.0, Max: 0, Diff: 0, Sum: 0, Workers: 4
[3323.667s][debug][gc,phases      ] GC(101)     Total                          Min: 0, Avg:  0.0, Max: 0, Diff: 0, Sum: 0, Workers: 4
[3323.667s][debug][gc,phases      ] GC(101) Weak Processing 0.298ms
[3323.667s][debug][gc,age         ] GC(101) Desired survivor size 4718592 bytes, new threshold 15 (max threshold 15)
[3323.667s][info ][gc,heap        ] GC(101) PSYoungGen: 2087552K(2092544K)->160K(2092032K) Eden: 2087424K(2087424K)->0K(2087424K) From: 128K(5120K)->160K(4608K)
[3323.667s][info ][gc,heap        ] GC(101) ParOldGen: 276747K(376832K)->276755K(376832K)
[3323.667s][info ][gc,metaspace   ] GC(101) Metaspace: 78595K(79488K)->78595K(79488K) NonClass: 67336K(67840K)->67336K(67840K) Class: 11258K(11648K)->11258K(11648K)
[3323.667s][info ][gc             ] GC(101) Pause Young (Allocation Failure) 2308M->270M(2411M) 1.543ms
[3323.667s][info ][gc,cpu         ] GC(101) User=0.00s Sys=0.00s Real=0.00s
[3323.667s][info ][safepoint      ] Safepoint "ParallelGCFailedAllocation", Time since last: 46097723160 ns, Reaching safepoint: 27701 ns, At safepoint: 1621121 ns, Total: 1648822 ns
[3370.715s][info ][gc,start       ] GC(102) Pause Young (Allocation Failure)
[3370.716s][debug][gc,phases      ] GC(102) Scavenge 1.172ms
[3370.716s][debug][gc,ref         ] GC(102) Skipped phase 1 of Reference Processing: no references
[3370.716s][debug][gc,ref         ] GC(102) ReferenceProcessor::execute queues: 1, RefProcThreadModel::Single, marks_oops_alive: false
[3370.716s][debug][gc,ref         ] GC(102) Skipped phase 3 of Reference Processing: no references
[3370.716s][debug][gc,ref         ] GC(102) ReferenceProcessor::execute queues: 1, RefProcThreadModel::Single, marks_oops_alive: false
[3370.716s][debug][gc,phases      ] GC(102) Reference Processing 0.106ms
[3370.716s][debug][gc,phases      ] GC(102)   VM Weak                        Min:  0.0, Avg:  0.0, Max:  0.0, Diff:  0.0, Sum:  0.0, Workers: 4
[3370.716s][debug][gc,phases      ] GC(102)     Dead                           Min: 0, Avg:  0.0, Max: 0, Diff: 0, Sum: 0, Workers: 4
[3370.716s][debug][gc,phases      ] GC(102)     Total                          Min: 0, Avg: 178.0, Max: 448, Diff: 448, Sum: 712, Workers: 4
[3370.716s][debug][gc,phases      ] GC(102)   ObjectSynchronizer Weak        Min:  0.0, Avg:  0.0, Max:  0.0, Diff:  0.0, Sum:  0.0, Workers: 4
[3370.716s][debug][gc,phases      ] GC(102)     Dead                           Min: 0, Avg:  0.0, Max: 0, Diff: 0, Sum: 0, Workers: 4
[3370.716s][debug][gc,phases      ] GC(102)     Total                          Min: 0, Avg: 12.2, Max: 49, Diff: 49, Sum: 49, Workers: 4
[3370.716s][debug][gc,phases      ] GC(102)   JVMTI Tag Weak OopStorage      Min:  0.0, Avg:  0.0, Max:  0.0, Diff:  0.0, Sum:  0.0, Workers: 4
[3370.716s][debug][gc,phases      ] GC(102)     Dead                           Min: 0, Avg:  0.0, Max: 0, Diff: 0, Sum: 0, Workers: 4
[3370.716s][debug][gc,phases      ] GC(102)     Total                          Min: 0, Avg:  0.0, Max: 0, Diff: 0, Sum: 0, Workers: 4
[3370.716s][debug][gc,phases      ] GC(102)   StringTable Weak               Min:  0.0, Avg:  0.1, Max:  0.1, Diff:  0.1, Sum:  0.3, Workers: 4
[3370.716s][debug][gc,phases      ] GC(102)     Dead                           Min: 0, Avg:  0.0, Max: 0, Diff: 0, Sum: 0, Workers: 4
[3370.716s][debug][gc,phases      ] GC(102)     Total                          Min: 0, Avg: 10767.8, Max: 17920, Diff: 17920, Sum: 43071, Workers: 4
[3370.716s][debug][gc,phases      ] GC(102)   ResolvedMethodTable Weak       Min:  0.0, Avg:  0.0, Max:  0.0, Diff:  0.0, Sum:  0.1, Workers: 4
[3370.716s][debug][gc,phases      ] GC(102)     Dead                           Min: 0, Avg:  0.0, Max: 0, Diff: 0, Sum: 0, Workers: 4
[3370.716s][debug][gc,phases      ] GC(102)     Total                          Min: 0, Avg: 2130.5, Max: 3328, Diff: 3328, Sum: 8522, Workers: 4
[3370.716s][debug][gc,phases      ] GC(102)   JNI Weak                       Min:  0.0, Avg:  0.0, Max:  0.0, Diff:  0.0, Sum:  0.0, Workers: 4
[3370.716s][debug][gc,phases      ] GC(102)     Dead                           Min: 0, Avg:  0.0, Max: 0, Diff: 0, Sum: 0, Workers: 4
[3370.716s][debug][gc,phases      ] GC(102)     Total                          Min: 0, Avg: 11.2, Max: 45, Diff: 45, Sum: 45, Workers: 4
[3370.716s][debug][gc,phases      ] GC(102)   StringDedup Table Weak         Min:  0.0, Avg:  0.0, Max:  0.0, Diff:  0.0, Sum:  0.0, Workers: 4
[3370.716s][debug][gc,phases      ] GC(102)     Dead                           Min: 0, Avg:  0.0, Max: 0, Diff: 0, Sum: 0, Workers: 4
[3370.716s][debug][gc,phases      ] GC(102)     Total                          Min: 0, Avg:  0.0, Max: 0, Diff: 0, Sum: 0, Workers: 4
[3370.716s][debug][gc,phases      ] GC(102)   StringDedup Requests0 Weak     Min:  0.0, Avg:  0.0, Max:  0.0, Diff:  0.0, Sum:  0.0, Workers: 4
[3370.716s][debug][gc,phases      ] GC(102)     Dead                           Min: 0, Avg:  0.0, Max: 0, Diff: 0, Sum: 0, Workers: 4
[3370.716s][debug][gc,phases      ] GC(102)     Total                          Min: 0, Avg:  0.0, Max: 0, Diff: 0, Sum: 0, Workers: 4
[3370.716s][debug][gc,phases      ] GC(102)   StringDedup Requests1 Weak     Min:  0.0, Avg:  0.0, Max:  0.0, Diff:  0.0, Sum:  0.0, Workers: 4
[3370.716s][debug][gc,phases      ] GC(102)     Dead                           Min: 0, Avg:  0.0, Max: 0, Diff: 0, Sum: 0, Workers: 4
[3370.716s][debug][gc,phases      ] GC(102)     Total                          Min: 0, Avg:  0.0, Max: 0, Diff: 0, Sum: 0, Workers: 4
[3370.716s][debug][gc,phases      ] GC(102)   Weak JFR Old Object Samples    Min:  0.0, Avg:  0.0, Max:  0.0, Diff:  0.0, Sum:  0.0, Workers: 4
[3370.716s][debug][gc,phases      ] GC(102)     Dead                           Min: 0, Avg:  0.0, Max: 0, Diff: 0, Sum: 0, Workers: 4
[3370.716s][debug][gc,phases      ] GC(102)     Total                          Min: 0, Avg:  0.0, Max: 0, Diff: 0, Sum: 0, Workers: 4
[3370.716s][debug][gc,phases      ] GC(102) Weak Processing 0.301ms
[3370.716s][debug][gc,age         ] GC(102) Desired survivor size 4194304 bytes, new threshold 15 (max threshold 15)
[3370.716s][info ][gc,heap        ] GC(102) PSYoungGen: 2087584K(2092032K)->128K(2093056K) Eden: 2087424K(2087424K)->0K(2088448K) From: 160K(4608K)->128K(4608K)
[3370.716s][info ][gc,heap        ] GC(102) ParOldGen: 276755K(376832K)->276763K(376832K)
[3370.716s][info ][gc,metaspace   ] GC(102) Metaspace: 78595K(79488K)->78595K(79488K) NonClass: 67336K(67840K)->67336K(67840K) Class: 11258K(11648K)->11258K(11648K)
[3370.716s][info ][gc             ] GC(102) Pause Young (Allocation Failure) 2308M->270M(2412M) 1.664ms
[3370.716s][info ][gc,cpu         ] GC(102) User=0.01s Sys=0.00s Real=0.01s
[3370.716s][info ][safepoint      ] Safepoint "ParallelGCFailedAllocation", Time since last: 47047470279 ns, Reaching safepoint: 100601 ns, At safepoint: 1749523 ns, Total: 1850124 ns
[3416.815s][info ][gc,start       ] GC(103) Pause Young (Allocation Failure)
[3416.816s][debug][gc,phases      ] GC(103) Scavenge 0.926ms
[3416.816s][debug][gc,ref         ] GC(103) Skipped phase 1 of Reference Processing: no references
[3416.816s][debug][gc,ref         ] GC(103) Skipped phase 2 of Reference Processing: no references
[3416.816s][debug][gc,ref         ] GC(103) Skipped phase 3 of Reference Processing: no references
[3416.816s][debug][gc,ref         ] GC(103) Skipped phase 4 of Reference Processing: no references
[3416.816s][debug][gc,phases      ] GC(103) Reference Processing 0.019ms
[3416.817s][debug][gc,phases      ] GC(103)   VM Weak                        Min:  0.0, Avg:  0.0, Max:  0.0, Diff:  0.0, Sum:  0.0, Workers: 4
[3416.817s][debug][gc,phases      ] GC(103)     Dead                           Min: 0, Avg:  0.0, Max: 0, Diff: 0, Sum: 0, Workers: 4
[3416.817s][debug][gc,phases      ] GC(103)     Total                          Min: 0, Avg: 178.0, Max: 520, Diff: 520, Sum: 712, Workers: 4
[3416.817s][debug][gc,phases      ] GC(103)   ObjectSynchronizer Weak        Min:  0.0, Avg:  0.0, Max:  0.0, Diff:  0.0, Sum:  0.0, Workers: 4
[3416.817s][debug][gc,phases      ] GC(103)     Dead                           Min: 0, Avg:  0.0, Max: 0, Diff: 0, Sum: 0, Workers: 4
[3416.817s][debug][gc,phases      ] GC(103)     Total                          Min: 0, Avg: 12.2, Max: 49, Diff: 49, Sum: 49, Workers: 4
[3416.817s][debug][gc,phases      ] GC(103)   JVMTI Tag Weak OopStorage      Min:  0.0, Avg:  0.0, Max:  0.0, Diff:  0.0, Sum:  0.0, Workers: 4
[3416.817s][debug][gc,phases      ] GC(103)     Dead                           Min: 0, Avg:  0.0, Max: 0, Diff: 0, Sum: 0, Workers: 4
[3416.817s][debug][gc,phases      ] GC(103)     Total                          Min: 0, Avg:  0.0, Max: 0, Diff: 0, Sum: 0, Workers: 4
[3416.817s][debug][gc,phases      ] GC(103)   StringTable Weak               Min:  0.0, Avg:  0.1, Max:  0.1, Diff:  0.1, Sum:  0.3, Workers: 4
[3416.817s][debug][gc,phases      ] GC(103)     Dead                           Min: 0, Avg:  0.0, Max: 0, Diff: 0, Sum: 0, Workers: 4
[3416.817s][debug][gc,phases      ] GC(103)     Total                          Min: 0, Avg: 10767.8, Max: 17664, Diff: 17664, Sum: 43071, Workers: 4
[3416.817s][debug][gc,phases      ] GC(103)   ResolvedMethodTable Weak       Min:  0.0, Avg:  0.0, Max:  0.0, Diff:  0.0, Sum:  0.1, Workers: 4
[3416.817s][debug][gc,phases      ] GC(103)     Dead                           Min: 0, Avg:  0.0, Max: 0, Diff: 0, Sum: 0, Workers: 4
[3416.817s][debug][gc,phases      ] GC(103)     Total                          Min: 0, Avg: 2130.5, Max: 3776, Diff: 3776, Sum: 8522, Workers: 4
[3416.817s][debug][gc,phases      ] GC(103)   JNI Weak                       Min:  0.0, Avg:  0.0, Max:  0.0, Diff:  0.0, Sum:  0.0, Workers: 4
[3416.817s][debug][gc,phases      ] GC(103)     Dead                           Min: 0, Avg:  0.0, Max: 0, Diff: 0, Sum: 0, Workers: 4
[3416.817s][debug][gc,phases      ] GC(103)     Total                          Min: 0, Avg: 11.2, Max: 45, Diff: 45, Sum: 45, Workers: 4
[3416.817s][debug][gc,phases      ] GC(103)   StringDedup Table Weak         Min:  0.0, Avg:  0.0, Max:  0.0, Diff:  0.0, Sum:  0.0, Workers: 4
[3416.817s][debug][gc,phases      ] GC(103)     Dead                           Min: 0, Avg:  0.0, Max: 0, Diff: 0, Sum: 0, Workers: 4
[3416.817s][debug][gc,phases      ] GC(103)     Total                          Min: 0, Avg:  0.0, Max: 0, Diff: 0, Sum: 0, Workers: 4
[3416.817s][debug][gc,phases      ] GC(103)   StringDedup Requests0 Weak     Min:  0.0, Avg:  0.0, Max:  0.0, Diff:  0.0, Sum:  0.0, Workers: 4
[3416.817s][debug][gc,phases      ] GC(103)     Dead                           Min: 0, Avg:  0.0, Max: 0, Diff: 0, Sum: 0, Workers: 4
[3416.817s][debug][gc,phases      ] GC(103)     Total                          Min: 0, Avg:  0.0, Max: 0, Diff: 0, Sum: 0, Workers: 4
[3416.817s][debug][gc,phases      ] GC(103)   StringDedup Requests1 Weak     Min:  0.0, Avg:  0.0, Max:  0.0, Diff:  0.0, Sum:  0.0, Workers: 4
[3416.817s][debug][gc,phases      ] GC(103)     Dead                           Min: 0, Avg:  0.0, Max: 0, Diff: 0, Sum: 0, Workers: 4
[3416.817s][debug][gc,phases      ] GC(103)     Total                          Min: 0, Avg:  0.0, Max: 0, Diff: 0, Sum: 0, Workers: 4
[3416.817s][debug][gc,phases      ] GC(103)   Weak JFR Old Object Samples    Min:  0.0, Avg:  0.0, Max:  0.0, Diff:  0.0, Sum:  0.0, Workers: 4
[3416.817s][debug][gc,phases      ] GC(103)     Dead                           Min: 0, Avg:  0.0, Max: 0, Diff: 0, Sum: 0, Workers: 4
[3416.817s][debug][gc,phases      ] GC(103)     Total                          Min: 0, Avg:  0.0, Max: 0, Diff: 0, Sum: 0, Workers: 4
[3416.817s][debug][gc,phases      ] GC(103) Weak Processing 0.296ms
[3416.817s][debug][gc,age         ] GC(103) Desired survivor size 3670016 bytes, new threshold 15 (max threshold 15)
[3416.817s][info ][gc,heap        ] GC(103) PSYoungGen: 2088576K(2093056K)->128K(2092544K) Eden: 2088448K(2088448K)->0K(2088448K) From: 128K(4608K)->128K(4096K)
[3416.817s][info ][gc,heap        ] GC(103) ParOldGen: 276763K(376832K)->276779K(376832K)
[3416.817s][info ][gc,metaspace   ] GC(103) Metaspace: 78595K(79488K)->78595K(79488K) NonClass: 67336K(67840K)->67336K(67840K) Class: 11258K(11648K)->11258K(11648K)
[3416.817s][info ][gc             ] GC(103) Pause Young (Allocation Failure) 2309M->270M(2411M) 1.322ms
[3416.817s][info ][gc,cpu         ] GC(103) User=0.01s Sys=0.00s Real=0.01s
[3416.817s][info ][safepoint      ] Safepoint "ParallelGCFailedAllocation", Time since last: 46098930046 ns, Reaching safepoint: 92701 ns, At safepoint: 1399118 ns, Total: 1491819 ns
[3463.466s][info ][gc,start       ] GC(104) Pause Young (Allocation Failure)
[3463.467s][debug][gc,phases      ] GC(104) Scavenge 0.677ms
[3463.467s][debug][gc,ref         ] GC(104) Skipped phase 1 of Reference Processing: no references
[3463.467s][debug][gc,ref         ] GC(104) Skipped phase 2 of Reference Processing: no references
[3463.467s][debug][gc,ref         ] GC(104) Skipped phase 3 of Reference Processing: no references
[3463.467s][debug][gc,ref         ] GC(104) Skipped phase 4 of Reference Processing: no references
[3463.467s][debug][gc,phases      ] GC(104) Reference Processing 0.020ms
[3463.467s][debug][gc,phases      ] GC(104)   VM Weak                        Min:  0.0, Avg:  0.0, Max:  0.0, Diff:  0.0, Sum:  0.0, Workers: 4
[3463.467s][debug][gc,phases      ] GC(104)     Dead                           Min: 0, Avg:  0.0, Max: 0, Diff: 0, Sum: 0, Workers: 4
[3463.467s][debug][gc,phases      ] GC(104)     Total                          Min: 0, Avg: 178.0, Max: 520, Diff: 520, Sum: 712, Workers: 4
[3463.467s][debug][gc,phases      ] GC(104)   ObjectSynchronizer Weak        Min:  0.0, Avg:  0.0, Max:  0.0, Diff:  0.0, Sum:  0.0, Workers: 4
[3463.467s][debug][gc,phases      ] GC(104)     Dead                           Min: 0, Avg:  0.0, Max: 0, Diff: 0, Sum: 0, Workers: 4
[3463.467s][debug][gc,phases      ] GC(104)     Total                          Min: 0, Avg: 12.2, Max: 49, Diff: 49, Sum: 49, Workers: 4
[3463.467s][debug][gc,phases      ] GC(104)   JVMTI Tag Weak OopStorage      Min:  0.0, Avg:  0.0, Max:  0.0, Diff:  0.0, Sum:  0.0, Workers: 4
[3463.467s][debug][gc,phases      ] GC(104)     Dead                           Min: 0, Avg:  0.0, Max: 0, Diff: 0, Sum: 0, Workers: 4
[3463.467s][debug][gc,phases      ] GC(104)     Total                          Min: 0, Avg:  0.0, Max: 0, Diff: 0, Sum: 0, Workers: 4
[3463.467s][debug][gc,phases      ] GC(104)   StringTable Weak               Min:  0.0, Avg:  0.1, Max:  0.1, Diff:  0.1, Sum:  0.3, Workers: 4
[3463.467s][debug][gc,phases      ] GC(104)     Dead                           Min: 0, Avg:  0.0, Max: 0, Diff: 0, Sum: 0, Workers: 4
[3463.467s][debug][gc,phases      ] GC(104)     Total                          Min: 0, Avg: 10767.8, Max: 17535, Diff: 17535, Sum: 43071, Workers: 4
[3463.467s][debug][gc,phases      ] GC(104)   ResolvedMethodTable Weak       Min:  0.0, Avg:  0.0, Max:  0.0, Diff:  0.0, Sum:  0.1, Workers: 4
[3463.467s][debug][gc,phases      ] GC(104)     Dead                           Min: 0, Avg:  0.0, Max: 0, Diff: 0, Sum: 0, Workers: 4
[3463.467s][debug][gc,phases      ] GC(104)     Total                          Min: 0, Avg: 2130.5, Max: 3904, Diff: 3904, Sum: 8522, Workers: 4
[3463.467s][debug][gc,phases      ] GC(104)   JNI Weak                       Min:  0.0, Avg:  0.0, Max:  0.0, Diff:  0.0, Sum:  0.0, Workers: 4
[3463.467s][debug][gc,phases      ] GC(104)     Dead                           Min: 0, Avg:  0.0, Max: 0, Diff: 0, Sum: 0, Workers: 4
[3463.467s][debug][gc,phases      ] GC(104)     Total                          Min: 0, Avg: 11.2, Max: 45, Diff: 45, Sum: 45, Workers: 4
[3463.467s][debug][gc,phases      ] GC(104)   StringDedup Table Weak         Min:  0.0, Avg:  0.0, Max:  0.0, Diff:  0.0, Sum:  0.0, Workers: 4
[3463.467s][debug][gc,phases      ] GC(104)     Dead                           Min: 0, Avg:  0.0, Max: 0, Diff: 0, Sum: 0, Workers: 4
[3463.467s][debug][gc,phases      ] GC(104)     Total                          Min: 0, Avg:  0.0, Max: 0, Diff: 0, Sum: 0, Workers: 4
[3463.467s][debug][gc,phases      ] GC(104)   StringDedup Requests0 Weak     Min:  0.0, Avg:  0.0, Max:  0.0, Diff:  0.0, Sum:  0.0, Workers: 4
[3463.467s][debug][gc,phases      ] GC(104)     Dead                           Min: 0, Avg:  0.0, Max: 0, Diff: 0, Sum: 0, Workers: 4
[3463.467s][debug][gc,phases      ] GC(104)     Total                          Min: 0, Avg:  0.0, Max: 0, Diff: 0, Sum: 0, Workers: 4
[3463.467s][debug][gc,phases      ] GC(104)   StringDedup Requests1 Weak     Min:  0.0, Avg:  0.0, Max:  0.0, Diff:  0.0, Sum:  0.0, Workers: 4
[3463.467s][debug][gc,phases      ] GC(104)     Dead                           Min: 0, Avg:  0.0, Max: 0, Diff: 0, Sum: 0, Workers: 4
[3463.467s][debug][gc,phases      ] GC(104)     Total                          Min: 0, Avg:  0.0, Max: 0, Diff: 0, Sum: 0, Workers: 4
[3463.467s][debug][gc,phases      ] GC(104)   Weak JFR Old Object Samples    Min:  0.0, Avg:  0.0, Max:  0.0, Diff:  0.0, Sum:  0.0, Workers: 4
[3463.467s][debug][gc,phases      ] GC(104)     Dead                           Min: 0, Avg:  0.0, Max: 0, Diff: 0, Sum: 0, Workers: 4
[3463.467s][debug][gc,phases      ] GC(104)     Total                          Min: 0, Avg:  0.0, Max: 0, Diff: 0, Sum: 0, Workers: 4
[3463.467s][debug][gc,phases      ] GC(104) Weak Processing 0.307ms
[3463.467s][debug][gc,age         ] GC(104) Desired survivor size 3670016 bytes, new threshold 15 (max threshold 15)
[3463.467s][info ][gc,heap        ] GC(104) PSYoungGen: 2088576K(2092544K)->96K(2093568K) Eden: 2088448K(2088448K)->0K(2089984K) From: 128K(4096K)->96K(3584K)
[3463.467s][info ][gc,heap        ] GC(104) ParOldGen: 276779K(376832K)->276787K(376832K)
[3463.467s][info ][gc,metaspace   ] GC(104) Metaspace: 78608K(79488K)->78608K(79488K) NonClass: 67349K(67840K)->67349K(67840K) Class: 11258K(11648K)->11258K(11648K)
[3463.467s][info ][gc             ] GC(104) Pause Young (Allocation Failure) 2309M->270M(2412M) 1.092ms
[3463.467s][info ][gc,cpu         ] GC(104) User=0.00s Sys=0.00s Real=0.00s
[3463.467s][info ][safepoint      ] Safepoint "ParallelGCFailedAllocation", Time since last: 46648892391 ns, Reaching safepoint: 90801 ns, At safepoint: 1150015 ns, Total: 1240816 ns
[3484.468s][info ][safepoint      ] Safepoint "Cleanup", Time since last: 21001235925 ns, Reaching safepoint: 38900 ns, At safepoint: 4801 ns, Total: 43701 ns
[3510.565s][info ][gc,start       ] GC(105) Pause Young (Allocation Failure)
[3510.566s][debug][gc,phases      ] GC(105) Scavenge 1.034ms
[3510.566s][debug][gc,ref         ] GC(105) Skipped phase 1 of Reference Processing: no references
[3510.566s][debug][gc,ref         ] GC(105) Skipped phase 2 of Reference Processing: no references
[3510.566s][debug][gc,ref         ] GC(105) Skipped phase 3 of Reference Processing: no references
[3510.566s][debug][gc,ref         ] GC(105) Skipped phase 4 of Reference Processing: no references
[3510.566s][debug][gc,phases      ] GC(105) Reference Processing 0.020ms
[3510.567s][debug][gc,phases      ] GC(105)   VM Weak                        Min:  0.0, Avg:  0.0, Max:  0.0, Diff:  0.0, Sum:  0.0, Workers: 4
[3510.567s][debug][gc,phases      ] GC(105)     Dead                           Min: 0, Avg:  0.0, Max: 0, Diff: 0, Sum: 0, Workers: 4
[3510.567s][debug][gc,phases      ] GC(105)     Total                          Min: 0, Avg: 178.0, Max: 456, Diff: 456, Sum: 712, Workers: 4
[3510.567s][debug][gc,phases      ] GC(105)   ObjectSynchronizer Weak        Min:  0.0, Avg:  0.0, Max:  0.0, Diff:  0.0, Sum:  0.0, Workers: 4
[3510.567s][debug][gc,phases      ] GC(105)     Dead                           Min: 0, Avg:  0.0, Max: 0, Diff: 0, Sum: 0, Workers: 4
[3510.567s][debug][gc,phases      ] GC(105)     Total                          Min: 0, Avg: 12.2, Max: 49, Diff: 49, Sum: 49, Workers: 4
[3510.567s][debug][gc,phases      ] GC(105)   JVMTI Tag Weak OopStorage      Min:  0.0, Avg:  0.0, Max:  0.0, Diff:  0.0, Sum:  0.0, Workers: 4
[3510.567s][debug][gc,phases      ] GC(105)     Dead                           Min: 0, Avg:  0.0, Max: 0, Diff: 0, Sum: 0, Workers: 4
[3510.567s][debug][gc,phases      ] GC(105)     Total                          Min: 0, Avg:  0.0, Max: 0, Diff: 0, Sum: 0, Workers: 4
[3510.567s][debug][gc,phases      ] GC(105)   StringTable Weak               Min:  0.0, Avg:  0.1, Max:  0.1, Diff:  0.1, Sum:  0.3, Workers: 4
[3510.567s][debug][gc,phases      ] GC(105)     Dead                           Min: 0, Avg:  0.0, Max: 0, Diff: 0, Sum: 0, Workers: 4
[3510.567s][debug][gc,phases      ] GC(105)     Total                          Min: 0, Avg: 10767.8, Max: 17536, Diff: 17536, Sum: 43071, Workers: 4
[3510.567s][debug][gc,phases      ] GC(105)   ResolvedMethodTable Weak       Min:  0.0, Avg:  0.0, Max:  0.0, Diff:  0.0, Sum:  0.1, Workers: 4
[3510.567s][debug][gc,phases      ] GC(105)     Dead                           Min: 0, Avg:  0.0, Max: 0, Diff: 0, Sum: 0, Workers: 4
[3510.567s][debug][gc,phases      ] GC(105)     Total                          Min: 0, Avg: 2130.5, Max: 3776, Diff: 3776, Sum: 8522, Workers: 4
[3510.567s][debug][gc,phases      ] GC(105)   JNI Weak                       Min:  0.0, Avg:  0.0, Max:  0.0, Diff:  0.0, Sum:  0.0, Workers: 4
[3510.567s][debug][gc,phases      ] GC(105)     Dead                           Min: 0, Avg:  0.0, Max: 0, Diff: 0, Sum: 0, Workers: 4
[3510.567s][debug][gc,phases      ] GC(105)     Total                          Min: 0, Avg: 11.2, Max: 45, Diff: 45, Sum: 45, Workers: 4
[3510.567s][debug][gc,phases      ] GC(105)   StringDedup Table Weak         Min:  0.0, Avg:  0.0, Max:  0.0, Diff:  0.0, Sum:  0.0, Workers: 4
[3510.567s][debug][gc,phases      ] GC(105)     Dead                           Min: 0, Avg:  0.0, Max: 0, Diff: 0, Sum: 0, Workers: 4
[3510.567s][debug][gc,phases      ] GC(105)     Total                          Min: 0, Avg:  0.0, Max: 0, Diff: 0, Sum: 0, Workers: 4
[3510.567s][debug][gc,phases      ] GC(105)   StringDedup Requests0 Weak     Min:  0.0, Avg:  0.0, Max:  0.0, Diff:  0.0, Sum:  0.0, Workers: 4
[3510.567s][debug][gc,phases      ] GC(105)     Dead                           Min: 0, Avg:  0.0, Max: 0, Diff: 0, Sum: 0, Workers: 4
[3510.567s][debug][gc,phases      ] GC(105)     Total                          Min: 0, Avg:  0.0, Max: 0, Diff: 0, Sum: 0, Workers: 4
[3510.567s][debug][gc,phases      ] GC(105)   StringDedup Requests1 Weak     Min:  0.0, Avg:  0.0, Max:  0.0, Diff:  0.0, Sum:  0.0, Workers: 4
[3510.567s][debug][gc,phases      ] GC(105)     Dead                           Min: 0, Avg:  0.0, Max: 0, Diff: 0, Sum: 0, Workers: 4
[3510.567s][debug][gc,phases      ] GC(105)     Total                          Min: 0, Avg:  0.0, Max: 0, Diff: 0, Sum: 0, Workers: 4
[3510.567s][debug][gc,phases      ] GC(105)   Weak JFR Old Object Samples    Min:  0.0, Avg:  0.0, Max:  0.0, Diff:  0.0, Sum:  0.0, Workers: 4
[3510.567s][debug][gc,phases      ] GC(105)     Dead                           Min: 0, Avg:  0.0, Max: 0, Diff: 0, Sum: 0, Workers: 4
[3510.567s][debug][gc,phases      ] GC(105)     Total                          Min: 0, Avg:  0.0, Max: 0, Diff: 0, Sum: 0, Workers: 4
[3510.567s][debug][gc,phases      ] GC(105) Weak Processing 0.308ms
[3510.567s][debug][gc,age         ] GC(105) Desired survivor size 3145728 bytes, new threshold 15 (max threshold 15)
[3510.567s][info ][gc,heap        ] GC(105) PSYoungGen: 2090080K(2093568K)->160K(2093568K) Eden: 2089984K(2089984K)->0K(2089984K) From: 96K(3584K)->160K(3584K)
[3510.567s][info ][gc,heap        ] GC(105) ParOldGen: 276787K(376832K)->276795K(376832K)
[3510.567s][info ][gc,metaspace   ] GC(105) Metaspace: 78608K(79488K)->78608K(79488K) NonClass: 67349K(67840K)->67349K(67840K) Class: 11258K(11648K)->11258K(11648K)
[3510.567s][info ][gc             ] GC(105) Pause Young (Allocation Failure) 2311M->270M(2412M) 1.441ms
[3510.567s][info ][gc,cpu         ] GC(105) User=0.00s Sys=0.00s Real=0.00s
[3510.567s][info ][safepoint      ] Safepoint "ParallelGCFailedAllocation", Time since last: 26097032868 ns, Reaching safepoint: 28901 ns, At safepoint: 1516319 ns, Total: 1545220 ns
[3557.565s][info ][gc,start       ] GC(106) Pause Young (Allocation Failure)
[3557.566s][debug][gc,phases      ] GC(106) Scavenge 0.807ms
[3557.566s][debug][gc,ref         ] GC(106) Skipped phase 1 of Reference Processing: no references
[3557.566s][debug][gc,ref         ] GC(106) Skipped phase 2 of Reference Processing: no references
[3557.566s][debug][gc,ref         ] GC(106) Skipped phase 3 of Reference Processing: no references
[3557.566s][debug][gc,ref         ] GC(106) Skipped phase 4 of Reference Processing: no references
[3557.566s][debug][gc,phases      ] GC(106) Reference Processing 0.019ms
[3557.566s][debug][gc,phases      ] GC(106)   VM Weak                        Min:  0.0, Avg:  0.0, Max:  0.0, Diff:  0.0, Sum:  0.0, Workers: 4
[3557.566s][debug][gc,phases      ] GC(106)     Dead                           Min: 0, Avg:  0.0, Max: 0, Diff: 0, Sum: 0, Workers: 4
[3557.566s][debug][gc,phases      ] GC(106)     Total                          Min: 0, Avg: 178.0, Max: 512, Diff: 512, Sum: 712, Workers: 4
[3557.566s][debug][gc,phases      ] GC(106)   ObjectSynchronizer Weak        Min:  0.0, Avg:  0.0, Max:  0.0, Diff:  0.0, Sum:  0.0, Workers: 4
[3557.566s][debug][gc,phases      ] GC(106)     Dead                           Min: 0, Avg:  0.0, Max: 0, Diff: 0, Sum: 0, Workers: 4
[3557.566s][debug][gc,phases      ] GC(106)     Total                          Min: 0, Avg: 12.2, Max: 49, Diff: 49, Sum: 49, Workers: 4
[3557.566s][debug][gc,phases      ] GC(106)   JVMTI Tag Weak OopStorage      Min:  0.0, Avg:  0.0, Max:  0.0, Diff:  0.0, Sum:  0.0, Workers: 4
[3557.566s][debug][gc,phases      ] GC(106)     Dead                           Min: 0, Avg:  0.0, Max: 0, Diff: 0, Sum: 0, Workers: 4
[3557.566s][debug][gc,phases      ] GC(106)     Total                          Min: 0, Avg:  0.0, Max: 0, Diff: 0, Sum: 0, Workers: 4
[3557.566s][debug][gc,phases      ] GC(106)   StringTable Weak               Min:  0.0, Avg:  0.1, Max:  0.1, Diff:  0.1, Sum:  0.3, Workers: 4
[3557.566s][debug][gc,phases      ] GC(106)     Dead                           Min: 0, Avg:  0.0, Max: 0, Diff: 0, Sum: 0, Workers: 4
[3557.566s][debug][gc,phases      ] GC(106)     Total                          Min: 0, Avg: 10767.8, Max: 17856, Diff: 17856, Sum: 43071, Workers: 4
[3557.566s][debug][gc,phases      ] GC(106)   ResolvedMethodTable Weak       Min:  0.0, Avg:  0.0, Max:  0.0, Diff:  0.0, Sum:  0.1, Workers: 4
[3557.566s][debug][gc,phases      ] GC(106)     Dead                           Min: 0, Avg:  0.0, Max: 0, Diff: 0, Sum: 0, Workers: 4
[3557.566s][debug][gc,phases      ] GC(106)     Total                          Min: 0, Avg: 2130.5, Max: 3776, Diff: 3776, Sum: 8522, Workers: 4
[3557.566s][debug][gc,phases      ] GC(106)   JNI Weak                       Min:  0.0, Avg:  0.0, Max:  0.0, Diff:  0.0, Sum:  0.0, Workers: 4
[3557.566s][debug][gc,phases      ] GC(106)     Dead                           Min: 0, Avg:  0.0, Max: 0, Diff: 0, Sum: 0, Workers: 4
[3557.566s][debug][gc,phases      ] GC(106)     Total                          Min: 0, Avg: 11.2, Max: 45, Diff: 45, Sum: 45, Workers: 4
[3557.566s][debug][gc,phases      ] GC(106)   StringDedup Table Weak         Min:  0.0, Avg:  0.0, Max:  0.0, Diff:  0.0, Sum:  0.0, Workers: 4
[3557.566s][debug][gc,phases      ] GC(106)     Dead                           Min: 0, Avg:  0.0, Max: 0, Diff: 0, Sum: 0, Workers: 4
[3557.566s][debug][gc,phases      ] GC(106)     Total                          Min: 0, Avg:  0.0, Max: 0, Diff: 0, Sum: 0, Workers: 4
[3557.566s][debug][gc,phases      ] GC(106)   StringDedup Requests0 Weak     Min:  0.0, Avg:  0.0, Max:  0.0, Diff:  0.0, Sum:  0.0, Workers: 4
[3557.566s][debug][gc,phases      ] GC(106)     Dead                           Min: 0, Avg:  0.0, Max: 0, Diff: 0, Sum: 0, Workers: 4
[3557.566s][debug][gc,phases      ] GC(106)     Total                          Min: 0, Avg:  0.0, Max: 0, Diff: 0, Sum: 0, Workers: 4
[3557.566s][debug][gc,phases      ] GC(106)   StringDedup Requests1 Weak     Min:  0.0, Avg:  0.0, Max:  0.0, Diff:  0.0, Sum:  0.0, Workers: 4
[3557.566s][debug][gc,phases      ] GC(106)     Dead                           Min: 0, Avg:  0.0, Max: 0, Diff: 0, Sum: 0, Workers: 4
[3557.566s][debug][gc,phases      ] GC(106)     Total                          Min: 0, Avg:  0.0, Max: 0, Diff: 0, Sum: 0, Workers: 4
[3557.566s][debug][gc,phases      ] GC(106)   Weak JFR Old Object Samples    Min:  0.0, Avg:  0.0, Max:  0.0, Diff:  0.0, Sum:  0.0, Workers: 4
[3557.566s][debug][gc,phases      ] GC(106)     Dead                           Min: 0, Avg:  0.0, Max: 0, Diff: 0, Sum: 0, Workers: 4
[3557.566s][debug][gc,phases      ] GC(106)     Total                          Min: 0, Avg:  0.0, Max: 0, Diff: 0, Sum: 0, Workers: 4
[3557.566s][debug][gc,phases      ] GC(106) Weak Processing 0.306ms
[3557.566s][debug][gc,age         ] GC(106) Desired survivor size 3145728 bytes, new threshold 15 (max threshold 15)
[3557.566s][info ][gc,heap        ] GC(106) PSYoungGen: 2090144K(2093568K)->160K(2094080K) Eden: 2089984K(2089984K)->0K(2091008K) From: 160K(3584K)->160K(3072K)
[3557.566s][info ][gc,heap        ] GC(106) ParOldGen: 276795K(376832K)->276803K(376832K)
[3557.566s][info ][gc,metaspace   ] GC(106) Metaspace: 78608K(79488K)->78608K(79488K) NonClass: 67349K(67840K)->67349K(67840K) Class: 11258K(11648K)->11258K(11648K)
[3557.566s][info ][gc             ] GC(106) Pause Young (Allocation Failure) 2311M->270M(2413M) 1.212ms
[3557.566s][info ][gc,cpu         ] GC(106) User=0.00s Sys=0.00s Real=0.00s
[3557.566s][info ][safepoint      ] Safepoint "ParallelGCFailedAllocation", Time since last: 46997978974 ns, Reaching safepoint: 92501 ns, At safepoint: 1298217 ns, Total: 1390718 ns
[3602.569s][info ][safepoint      ] Safepoint "Cleanup", Time since last: 45002721994 ns, Reaching safepoint: 42901 ns, At safepoint: 4700 ns, Total: 47601 ns
[3602.916s][info ][gc,start       ] GC(107) Pause Young (Allocation Failure)
[3602.917s][debug][gc,phases      ] GC(107) Scavenge 0.658ms
[3602.917s][debug][gc,ref         ] GC(107) Skipped phase 1 of Reference Processing: no references
[3602.917s][debug][gc,ref         ] GC(107) ReferenceProcessor::execute queues: 1, RefProcThreadModel::Single, marks_oops_alive: false
[3602.917s][debug][gc,ref         ] GC(107) Skipped phase 3 of Reference Processing: no references
[3602.917s][debug][gc,ref         ] GC(107) ReferenceProcessor::execute queues: 1, RefProcThreadModel::Single, marks_oops_alive: false
[3602.917s][debug][gc,phases      ] GC(107) Reference Processing 0.085ms
[3602.917s][debug][gc,phases      ] GC(107)   VM Weak                        Min:  0.0, Avg:  0.0, Max:  0.0, Diff:  0.0, Sum:  0.0, Workers: 4
[3602.917s][debug][gc,phases      ] GC(107)     Dead                           Min: 0, Avg:  0.0, Max: 0, Diff: 0, Sum: 0, Workers: 4
[3602.917s][debug][gc,phases      ] GC(107)     Total                          Min: 0, Avg: 178.0, Max: 512, Diff: 512, Sum: 712, Workers: 4
[3602.917s][debug][gc,phases      ] GC(107)   ObjectSynchronizer Weak        Min:  0.0, Avg:  0.0, Max:  0.0, Diff:  0.0, Sum:  0.0, Workers: 4
[3602.917s][debug][gc,phases      ] GC(107)     Dead                           Min: 0, Avg:  0.0, Max: 0, Diff: 0, Sum: 0, Workers: 4
[3602.917s][debug][gc,phases      ] GC(107)     Total                          Min: 0, Avg: 12.2, Max: 49, Diff: 49, Sum: 49, Workers: 4
[3602.917s][debug][gc,phases      ] GC(107)   JVMTI Tag Weak OopStorage      Min:  0.0, Avg:  0.0, Max:  0.0, Diff:  0.0, Sum:  0.0, Workers: 4
[3602.917s][debug][gc,phases      ] GC(107)     Dead                           Min: 0, Avg:  0.0, Max: 0, Diff: 0, Sum: 0, Workers: 4
[3602.917s][debug][gc,phases      ] GC(107)     Total                          Min: 0, Avg:  0.0, Max: 0, Diff: 0, Sum: 0, Workers: 4
[3602.917s][debug][gc,phases      ] GC(107)   StringTable Weak               Min:  0.1, Avg:  0.1, Max:  0.1, Diff:  0.0, Sum:  0.4, Workers: 4
[3602.917s][debug][gc,phases      ] GC(107)     Dead                           Min: 0, Avg:  0.0, Max: 0, Diff: 0, Sum: 0, Workers: 4
[3602.917s][debug][gc,phases      ] GC(107)     Total                          Min: 9280, Avg: 10767.8, Max: 11455, Diff: 2175, Sum: 43071, Workers: 4
[3602.917s][debug][gc,phases      ] GC(107)   ResolvedMethodTable Weak       Min:  0.0, Avg:  0.0, Max:  0.0, Diff:  0.0, Sum:  0.1, Workers: 4
[3602.917s][debug][gc,phases      ] GC(107)     Dead                           Min: 0, Avg:  0.0, Max: 0, Diff: 0, Sum: 0, Workers: 4
[3602.917s][debug][gc,phases      ] GC(107)     Total                          Min: 2058, Avg: 2130.5, Max: 2176, Diff: 118, Sum: 8522, Workers: 4
[3602.917s][debug][gc,phases      ] GC(107)   JNI Weak                       Min:  0.0, Avg:  0.0, Max:  0.0, Diff:  0.0, Sum:  0.0, Workers: 4
[3602.917s][debug][gc,phases      ] GC(107)     Dead                           Min: 0, Avg:  0.0, Max: 0, Diff: 0, Sum: 0, Workers: 4
[3602.917s][debug][gc,phases      ] GC(107)     Total                          Min: 0, Avg: 11.2, Max: 45, Diff: 45, Sum: 45, Workers: 4
[3602.917s][debug][gc,phases      ] GC(107)   StringDedup Table Weak         Min:  0.0, Avg:  0.0, Max:  0.0, Diff:  0.0, Sum:  0.0, Workers: 4
[3602.917s][debug][gc,phases      ] GC(107)     Dead                           Min: 0, Avg:  0.0, Max: 0, Diff: 0, Sum: 0, Workers: 4
[3602.917s][debug][gc,phases      ] GC(107)     Total                          Min: 0, Avg:  0.0, Max: 0, Diff: 0, Sum: 0, Workers: 4
[3602.917s][debug][gc,phases      ] GC(107)   StringDedup Requests0 Weak     Min:  0.0, Avg:  0.0, Max:  0.0, Diff:  0.0, Sum:  0.0, Workers: 4
[3602.917s][debug][gc,phases      ] GC(107)     Dead                           Min: 0, Avg:  0.0, Max: 0, Diff: 0, Sum: 0, Workers: 4
[3602.917s][debug][gc,phases      ] GC(107)     Total                          Min: 0, Avg:  0.0, Max: 0, Diff: 0, Sum: 0, Workers: 4
[3602.917s][debug][gc,phases      ] GC(107)   StringDedup Requests1 Weak     Min:  0.0, Avg:  0.0, Max:  0.0, Diff:  0.0, Sum:  0.0, Workers: 4
[3602.917s][debug][gc,phases      ] GC(107)     Dead                           Min: 0, Avg:  0.0, Max: 0, Diff: 0, Sum: 0, Workers: 4
[3602.917s][debug][gc,phases      ] GC(107)     Total                          Min: 0, Avg:  0.0, Max: 0, Diff: 0, Sum: 0, Workers: 4
[3602.917s][debug][gc,phases      ] GC(107)   Weak JFR Old Object Samples    Min:  0.0, Avg:  0.0, Max:  0.0, Diff:  0.0, Sum:  0.0, Workers: 4
[3602.917s][debug][gc,phases      ] GC(107)     Dead                           Min: 0, Avg:  0.0, Max: 0, Diff: 0, Sum: 0, Workers: 4
[3602.917s][debug][gc,phases      ] GC(107)     Total                          Min: 0, Avg:  0.0, Max: 0, Diff: 0, Sum: 0, Workers: 4
[3602.917s][debug][gc,phases      ] GC(107) Weak Processing 0.288ms
[3602.917s][debug][gc,age         ] GC(107) Desired survivor size 2621440 bytes, new threshold 15 (max threshold 15)
[3602.917s][info ][gc,heap        ] GC(107) PSYoungGen: 2091168K(2094080K)->128K(2094080K) Eden: 2091008K(2091008K)->0K(2091008K) From: 160K(3072K)->128K(3072K)
[3602.917s][info ][gc,heap        ] GC(107) ParOldGen: 276803K(376832K)->276811K(376832K)
[3602.917s][info ][gc,metaspace   ] GC(107) Metaspace: 78608K(79488K)->78608K(79488K) NonClass: 67350K(67840K)->67350K(67840K) Class: 11258K(11648K)->11258K(11648K)
[3602.917s][info ][gc             ] GC(107) Pause Young (Allocation Failure) 2312M->270M(2413M) 1.114ms
[3602.917s][info ][gc,cpu         ] GC(107) User=0.00s Sys=0.00s Real=0.00s
[3602.917s][info ][safepoint      ] Safepoint "ParallelGCFailedAllocation", Time since last: 346872163 ns, Reaching safepoint: 102202 ns, At safepoint: 1173015 ns, Total: 1275217 ns
[3649.415s][info ][gc,start       ] GC(108) Pause Young (Allocation Failure)
[3649.416s][debug][gc,phases      ] GC(108) Scavenge 1.062ms
[3649.416s][debug][gc,ref         ] GC(108) Skipped phase 1 of Reference Processing: no references
[3649.416s][debug][gc,ref         ] GC(108) ReferenceProcessor::execute queues: 1, RefProcThreadModel::Single, marks_oops_alive: false
[3649.416s][debug][gc,ref         ] GC(108) Skipped phase 3 of Reference Processing: no references
[3649.416s][debug][gc,ref         ] GC(108) ReferenceProcessor::execute queues: 1, RefProcThreadModel::Single, marks_oops_alive: false
[3649.416s][debug][gc,phases      ] GC(108) Reference Processing 0.100ms
[3649.416s][debug][gc,phases      ] GC(108)   VM Weak                        Min:  0.0, Avg:  0.0, Max:  0.0, Diff:  0.0, Sum:  0.0, Workers: 4
[3649.416s][debug][gc,phases      ] GC(108)     Dead                           Min: 0, Avg:  0.0, Max: 0, Diff: 0, Sum: 0, Workers: 4
[3649.416s][debug][gc,phases      ] GC(108)     Total                          Min: 0, Avg: 178.0, Max: 520, Diff: 520, Sum: 712, Workers: 4
[3649.416s][debug][gc,phases      ] GC(108)   ObjectSynchronizer Weak        Min:  0.0, Avg:  0.0, Max:  0.0, Diff:  0.0, Sum:  0.0, Workers: 4
[3649.416s][debug][gc,phases      ] GC(108)     Dead                           Min: 0, Avg:  0.0, Max: 0, Diff: 0, Sum: 0, Workers: 4
[3649.416s][debug][gc,phases      ] GC(108)     Total                          Min: 0, Avg: 12.2, Max: 49, Diff: 49, Sum: 49, Workers: 4
[3649.416s][debug][gc,phases      ] GC(108)   JVMTI Tag Weak OopStorage      Min:  0.0, Avg:  0.0, Max:  0.0, Diff:  0.0, Sum:  0.0, Workers: 4
[3649.416s][debug][gc,phases      ] GC(108)     Dead                           Min: 0, Avg:  0.0, Max: 0, Diff: 0, Sum: 0, Workers: 4
[3649.416s][debug][gc,phases      ] GC(108)     Total                          Min: 0, Avg:  0.0, Max: 0, Diff: 0, Sum: 0, Workers: 4
[3649.416s][debug][gc,phases      ] GC(108)   StringTable Weak               Min:  0.0, Avg:  0.1, Max:  0.1, Diff:  0.1, Sum:  0.3, Workers: 4
[3649.416s][debug][gc,phases      ] GC(108)     Dead                           Min: 0, Avg:  0.0, Max: 0, Diff: 0, Sum: 0, Workers: 4
[3649.416s][debug][gc,phases      ] GC(108)     Total                          Min: 0, Avg: 10768.2, Max: 17217, Diff: 17217, Sum: 43073, Workers: 4
[3649.416s][debug][gc,phases      ] GC(108)   ResolvedMethodTable Weak       Min:  0.0, Avg:  0.0, Max:  0.0, Diff:  0.0, Sum:  0.1, Workers: 4
[3649.416s][debug][gc,phases      ] GC(108)     Dead                           Min: 0, Avg:  0.0, Max: 0, Diff: 0, Sum: 0, Workers: 4
[3649.416s][debug][gc,phases      ] GC(108)     Total                          Min: 0, Avg: 2130.5, Max: 3840, Diff: 3840, Sum: 8522, Workers: 4
[3649.416s][debug][gc,phases      ] GC(108)   JNI Weak                       Min:  0.0, Avg:  0.0, Max:  0.0, Diff:  0.0, Sum:  0.0, Workers: 4
[3649.416s][debug][gc,phases      ] GC(108)     Dead                           Min: 0, Avg:  0.0, Max: 0, Diff: 0, Sum: 0, Workers: 4
[3649.416s][debug][gc,phases      ] GC(108)     Total                          Min: 0, Avg: 11.2, Max: 45, Diff: 45, Sum: 45, Workers: 4
[3649.416s][debug][gc,phases      ] GC(108)   StringDedup Table Weak         Min:  0.0, Avg:  0.0, Max:  0.0, Diff:  0.0, Sum:  0.0, Workers: 4
[3649.416s][debug][gc,phases      ] GC(108)     Dead                           Min: 0, Avg:  0.0, Max: 0, Diff: 0, Sum: 0, Workers: 4
[3649.416s][debug][gc,phases      ] GC(108)     Total                          Min: 0, Avg:  0.0, Max: 0, Diff: 0, Sum: 0, Workers: 4
[3649.416s][debug][gc,phases      ] GC(108)   StringDedup Requests0 Weak     Min:  0.0, Avg:  0.0, Max:  0.0, Diff:  0.0, Sum:  0.0, Workers: 4
[3649.416s][debug][gc,phases      ] GC(108)     Dead                           Min: 0, Avg:  0.0, Max: 0, Diff: 0, Sum: 0, Workers: 4
[3649.416s][debug][gc,phases      ] GC(108)     Total                          Min: 0, Avg:  0.0, Max: 0, Diff: 0, Sum: 0, Workers: 4
[3649.416s][debug][gc,phases      ] GC(108)   StringDedup Requests1 Weak     Min:  0.0, Avg:  0.0, Max:  0.0, Diff:  0.0, Sum:  0.0, Workers: 4
[3649.416s][debug][gc,phases      ] GC(108)     Dead                           Min: 0, Avg:  0.0, Max: 0, Diff: 0, Sum: 0, Workers: 4
[3649.416s][debug][gc,phases      ] GC(108)     Total                          Min: 0, Avg:  0.0, Max: 0, Diff: 0, Sum: 0, Workers: 4
[3649.416s][debug][gc,phases      ] GC(108)   Weak JFR Old Object Samples    Min:  0.0, Avg:  0.0, Max:  0.0, Diff:  0.0, Sum:  0.0, Workers: 4
[3649.416s][debug][gc,phases      ] GC(108)     Dead                           Min: 0, Avg:  0.0, Max: 0, Diff: 0, Sum: 0, Workers: 4
[3649.416s][debug][gc,phases      ] GC(108)     Total                          Min: 0, Avg:  0.0, Max: 0, Diff: 0, Sum: 0, Workers: 4
[3649.416s][debug][gc,phases      ] GC(108) Weak Processing 0.302ms
[3649.416s][debug][gc,age         ] GC(108) Desired survivor size 2621440 bytes, new threshold 15 (max threshold 15)
[3649.416s][info ][gc,heap        ] GC(108) PSYoungGen: 2091136K(2094080K)->96K(2094592K) Eden: 2091008K(2091008K)->0K(2092032K) From: 128K(3072K)->96K(2560K)
[3649.416s][info ][gc,heap        ] GC(108) ParOldGen: 276811K(376832K)->276819K(376832K)
[3649.416s][info ][gc,metaspace   ] GC(108) Metaspace: 78609K(79488K)->78609K(79488K) NonClass: 67350K(67840K)->67350K(67840K) Class: 11258K(11648K)->11258K(11648K)
[3649.416s][info ][gc             ] GC(108) Pause Young (Allocation Failure) 2312M->270M(2413M) 1.561ms
[3649.416s][info ][gc,cpu         ] GC(108) User=0.01s Sys=0.00s Real=0.01s
[3649.416s][info ][safepoint      ] Safepoint "ParallelGCFailedAllocation", Time since last: 46497647136 ns, Reaching safepoint: 33900 ns, At safepoint: 1626321 ns, Total: 1660221 ns
[3659.417s][info ][safepoint      ] Safepoint "Cleanup", Time since last: 10000682411 ns, Reaching safepoint: 109701 ns, At safepoint: 29001 ns, Total: 138702 ns
[3696.166s][info ][gc,start       ] GC(109) Pause Young (Allocation Failure)
[3696.166s][debug][gc,phases      ] GC(109) Scavenge 0.665ms
[3696.166s][debug][gc,ref         ] GC(109) Skipped phase 1 of Reference Processing: no references
[3696.166s][debug][gc,ref         ] GC(109) Skipped phase 2 of Reference Processing: no references
[3696.166s][debug][gc,ref         ] GC(109) Skipped phase 3 of Reference Processing: no references
[3696.166s][debug][gc,ref         ] GC(109) Skipped phase 4 of Reference Processing: no references
[3696.166s][debug][gc,phases      ] GC(109) Reference Processing 0.020ms
[3696.167s][debug][gc,phases      ] GC(109)   VM Weak                        Min:  0.0, Avg:  0.0, Max:  0.0, Diff:  0.0, Sum:  0.0, Workers: 4
[3696.167s][debug][gc,phases      ] GC(109)     Dead                           Min: 0, Avg:  0.0, Max: 0, Diff: 0, Sum: 0, Workers: 4
[3696.167s][debug][gc,phases      ] GC(109)     Total                          Min: 0, Avg: 178.0, Max: 520, Diff: 520, Sum: 712, Workers: 4
[3696.167s][debug][gc,phases      ] GC(109)   ObjectSynchronizer Weak        Min:  0.0, Avg:  0.0, Max:  0.0, Diff:  0.0, Sum:  0.0, Workers: 4
[3696.167s][debug][gc,phases      ] GC(109)     Dead                           Min: 0, Avg:  0.0, Max: 0, Diff: 0, Sum: 0, Workers: 4
[3696.167s][debug][gc,phases      ] GC(109)     Total                          Min: 0, Avg: 12.2, Max: 49, Diff: 49, Sum: 49, Workers: 4
[3696.167s][debug][gc,phases      ] GC(109)   JVMTI Tag Weak OopStorage      Min:  0.0, Avg:  0.0, Max:  0.0, Diff:  0.0, Sum:  0.0, Workers: 4
[3696.167s][debug][gc,phases      ] GC(109)     Dead                           Min: 0, Avg:  0.0, Max: 0, Diff: 0, Sum: 0, Workers: 4
[3696.167s][debug][gc,phases      ] GC(109)     Total                          Min: 0, Avg:  0.0, Max: 0, Diff: 0, Sum: 0, Workers: 4
[3696.167s][debug][gc,phases      ] GC(109)   StringTable Weak               Min:  0.0, Avg:  0.1, Max:  0.1, Diff:  0.1, Sum:  0.3, Workers: 4
[3696.167s][debug][gc,phases      ] GC(109)     Dead                           Min: 0, Avg:  0.0, Max: 0, Diff: 0, Sum: 0, Workers: 4
[3696.167s][debug][gc,phases      ] GC(109)     Total                          Min: 0, Avg: 10768.2, Max: 17152, Diff: 17152, Sum: 43073, Workers: 4
[3696.167s][debug][gc,phases      ] GC(109)   ResolvedMethodTable Weak       Min:  0.0, Avg:  0.0, Max:  0.0, Diff:  0.0, Sum:  0.1, Workers: 4
[3696.167s][debug][gc,phases      ] GC(109)     Dead                           Min: 0, Avg:  0.0, Max: 0, Diff: 0, Sum: 0, Workers: 4
[3696.167s][debug][gc,phases      ] GC(109)     Total                          Min: 0, Avg: 2130.5, Max: 3594, Diff: 3594, Sum: 8522, Workers: 4
[3696.167s][debug][gc,phases      ] GC(109)   JNI Weak                       Min:  0.0, Avg:  0.0, Max:  0.0, Diff:  0.0, Sum:  0.0, Workers: 4
[3696.167s][debug][gc,phases      ] GC(109)     Dead                           Min: 0, Avg:  0.0, Max: 0, Diff: 0, Sum: 0, Workers: 4
[3696.167s][debug][gc,phases      ] GC(109)     Total                          Min: 0, Avg: 11.2, Max: 45, Diff: 45, Sum: 45, Workers: 4
[3696.167s][debug][gc,phases      ] GC(109)   StringDedup Table Weak         Min:  0.0, Avg:  0.0, Max:  0.0, Diff:  0.0, Sum:  0.0, Workers: 4
[3696.167s][debug][gc,phases      ] GC(109)     Dead                           Min: 0, Avg:  0.0, Max: 0, Diff: 0, Sum: 0, Workers: 4
[3696.167s][debug][gc,phases      ] GC(109)     Total                          Min: 0, Avg:  0.0, Max: 0, Diff: 0, Sum: 0, Workers: 4
[3696.167s][debug][gc,phases      ] GC(109)   StringDedup Requests0 Weak     Min:  0.0, Avg:  0.0, Max:  0.0, Diff:  0.0, Sum:  0.0, Workers: 4
[3696.167s][debug][gc,phases      ] GC(109)     Dead                           Min: 0, Avg:  0.0, Max: 0, Diff: 0, Sum: 0, Workers: 4
[3696.167s][debug][gc,phases      ] GC(109)     Total                          Min: 0, Avg:  0.0, Max: 0, Diff: 0, Sum: 0, Workers: 4
[3696.167s][debug][gc,phases      ] GC(109)   StringDedup Requests1 Weak     Min:  0.0, Avg:  0.0, Max:  0.0, Diff:  0.0, Sum:  0.0, Workers: 4
[3696.167s][debug][gc,phases      ] GC(109)     Dead                           Min: 0, Avg:  0.0, Max: 0, Diff: 0, Sum: 0, Workers: 4
[3696.167s][debug][gc,phases      ] GC(109)     Total                          Min: 0, Avg:  0.0, Max: 0, Diff: 0, Sum: 0, Workers: 4
[3696.167s][debug][gc,phases      ] GC(109)   Weak JFR Old Object Samples    Min:  0.0, Avg:  0.0, Max:  0.0, Diff:  0.0, Sum:  0.0, Workers: 4
[3696.167s][debug][gc,phases      ] GC(109)     Dead                           Min: 0, Avg:  0.0, Max: 0, Diff: 0, Sum: 0, Workers: 4
[3696.167s][debug][gc,phases      ] GC(109)     Total                          Min: 0, Avg:  0.0, Max: 0, Diff: 0, Sum: 0, Workers: 4
[3696.167s][debug][gc,phases      ] GC(109) Weak Processing 0.323ms
[3696.167s][debug][gc,age         ] GC(109) Desired survivor size 2621440 bytes, new threshold 15 (max threshold 15)
[3696.167s][info ][gc,heap        ] GC(109) PSYoungGen: 2092128K(2094592K)->128K(2094592K) Eden: 2092032K(2092032K)->0K(2092032K) From: 96K(2560K)->128K(2560K)
[3696.167s][info ][gc,heap        ] GC(109) ParOldGen: 276819K(376832K)->276827K(376832K)
[3696.167s][info ][gc,metaspace   ] GC(109) Metaspace: 78609K(79488K)->78609K(79488K) NonClass: 67350K(67840K)->67350K(67840K) Class: 11258K(11648K)->11258K(11648K)
[3696.167s][info ][gc             ] GC(109) Pause Young (Allocation Failure) 2313M->270M(2413M) 1.085ms
[3696.167s][info ][gc,cpu         ] GC(109) User=0.01s Sys=0.00s Real=0.00s
[3696.167s][info ][safepoint      ] Safepoint "ParallelGCFailedAllocation", Time since last: 36748418990 ns, Reaching safepoint: 37800 ns, At safepoint: 1158415 ns, Total: 1196215 ns
[3743.115s][info ][gc,start       ] GC(110) Pause Young (Allocation Failure)
[3743.116s][debug][gc,phases      ] GC(110) Scavenge 0.776ms
[3743.116s][debug][gc,ref         ] GC(110) Skipped phase 1 of Reference Processing: no references
[3743.116s][debug][gc,ref         ] GC(110) Skipped phase 2 of Reference Processing: no references
[3743.116s][debug][gc,ref         ] GC(110) Skipped phase 3 of Reference Processing: no references
[3743.116s][debug][gc,ref         ] GC(110) Skipped phase 4 of Reference Processing: no references
[3743.116s][debug][gc,phases      ] GC(110) Reference Processing 0.019ms
[3743.116s][debug][gc,phases      ] GC(110)   VM Weak                        Min:  0.0, Avg:  0.0, Max:  0.0, Diff:  0.0, Sum:  0.0, Workers: 4
[3743.116s][debug][gc,phases      ] GC(110)     Dead                           Min: 0, Avg:  0.0, Max: 0, Diff: 0, Sum: 0, Workers: 4
[3743.116s][debug][gc,phases      ] GC(110)     Total                          Min: 0, Avg: 178.0, Max: 392, Diff: 392, Sum: 712, Workers: 4
[3743.116s][debug][gc,phases      ] GC(110)   ObjectSynchronizer Weak        Min:  0.0, Avg:  0.0, Max:  0.0, Diff:  0.0, Sum:  0.0, Workers: 4
[3743.116s][debug][gc,phases      ] GC(110)     Dead                           Min: 0, Avg:  0.0, Max: 0, Diff: 0, Sum: 0, Workers: 4
[3743.116s][debug][gc,phases      ] GC(110)     Total                          Min: 0, Avg: 12.2, Max: 49, Diff: 49, Sum: 49, Workers: 4
[3743.116s][debug][gc,phases      ] GC(110)   JVMTI Tag Weak OopStorage      Min:  0.0, Avg:  0.0, Max:  0.0, Diff:  0.0, Sum:  0.0, Workers: 4
[3743.116s][debug][gc,phases      ] GC(110)     Dead                           Min: 0, Avg:  0.0, Max: 0, Diff: 0, Sum: 0, Workers: 4
[3743.116s][debug][gc,phases      ] GC(110)     Total                          Min: 0, Avg:  0.0, Max: 0, Diff: 0, Sum: 0, Workers: 4
[3743.116s][debug][gc,phases      ] GC(110)   StringTable Weak               Min:  0.1, Avg:  0.1, Max:  0.1, Diff:  0.0, Sum:  0.4, Workers: 4
[3743.116s][debug][gc,phases      ] GC(110)     Dead                           Min: 0, Avg:  0.0, Max: 0, Diff: 0, Sum: 0, Workers: 4
[3743.116s][debug][gc,phases      ] GC(110)     Total                          Min: 10305, Avg: 10768.2, Max: 11200, Diff: 895, Sum: 43073, Workers: 4
[3743.116s][debug][gc,phases      ] GC(110)   ResolvedMethodTable Weak       Min:  0.0, Avg:  0.0, Max:  0.0, Diff:  0.0, Sum:  0.1, Workers: 4
[3743.116s][debug][gc,phases      ] GC(110)     Dead                           Min: 0, Avg:  0.0, Max: 0, Diff: 0, Sum: 0, Workers: 4
[3743.116s][debug][gc,phases      ] GC(110)     Total                          Min: 2048, Avg: 2130.5, Max: 2304, Diff: 256, Sum: 8522, Workers: 4
[3743.116s][debug][gc,phases      ] GC(110)   JNI Weak                       Min:  0.0, Avg:  0.0, Max:  0.0, Diff:  0.0, Sum:  0.0, Workers: 4
[3743.116s][debug][gc,phases      ] GC(110)     Dead                           Min: 0, Avg:  0.0, Max: 0, Diff: 0, Sum: 0, Workers: 4
[3743.116s][debug][gc,phases      ] GC(110)     Total                          Min: 0, Avg: 11.2, Max: 45, Diff: 45, Sum: 45, Workers: 4
[3743.116s][debug][gc,phases      ] GC(110)   StringDedup Table Weak         Min:  0.0, Avg:  0.0, Max:  0.0, Diff:  0.0, Sum:  0.0, Workers: 4
[3743.116s][debug][gc,phases      ] GC(110)     Dead                           Min: 0, Avg:  0.0, Max: 0, Diff: 0, Sum: 0, Workers: 4
[3743.116s][debug][gc,phases      ] GC(110)     Total                          Min: 0, Avg:  0.0, Max: 0, Diff: 0, Sum: 0, Workers: 4
[3743.116s][debug][gc,phases      ] GC(110)   StringDedup Requests0 Weak     Min:  0.0, Avg:  0.0, Max:  0.0, Diff:  0.0, Sum:  0.0, Workers: 4
[3743.116s][debug][gc,phases      ] GC(110)     Dead                           Min: 0, Avg:  0.0, Max: 0, Diff: 0, Sum: 0, Workers: 4
[3743.116s][debug][gc,phases      ] GC(110)     Total                          Min: 0, Avg:  0.0, Max: 0, Diff: 0, Sum: 0, Workers: 4
[3743.116s][debug][gc,phases      ] GC(110)   StringDedup Requests1 Weak     Min:  0.0, Avg:  0.0, Max:  0.0, Diff:  0.0, Sum:  0.0, Workers: 4
[3743.116s][debug][gc,phases      ] GC(110)     Dead                           Min: 0, Avg:  0.0, Max: 0, Diff: 0, Sum: 0, Workers: 4
[3743.116s][debug][gc,phases      ] GC(110)     Total                          Min: 0, Avg:  0.0, Max: 0, Diff: 0, Sum: 0, Workers: 4
[3743.116s][debug][gc,phases      ] GC(110)   Weak JFR Old Object Samples    Min:  0.0, Avg:  0.0, Max:  0.0, Diff:  0.0, Sum:  0.0, Workers: 4
[3743.116s][debug][gc,phases      ] GC(110)     Dead                           Min: 0, Avg:  0.0, Max: 0, Diff: 0, Sum: 0, Workers: 4
[3743.116s][debug][gc,phases      ] GC(110)     Total                          Min: 0, Avg:  0.0, Max: 0, Diff: 0, Sum: 0, Workers: 4
[3743.116s][debug][gc,phases      ] GC(110) Weak Processing 0.262ms
[3743.116s][debug][gc,age         ] GC(110) Desired survivor size 2097152 bytes, new threshold 15 (max threshold 15)
[3743.116s][info ][gc,heap        ] GC(110) PSYoungGen: 2092160K(2094592K)->96K(2095104K) Eden: 2092032K(2092032K)->0K(2092544K) From: 128K(2560K)->96K(2560K)
[3743.116s][info ][gc,heap        ] GC(110) ParOldGen: 276827K(376832K)->276835K(376832K)
[3743.116s][info ][gc,metaspace   ] GC(110) Metaspace: 78609K(79488K)->78609K(79488K) NonClass: 67350K(67840K)->67350K(67840K) Class: 11258K(11648K)->11258K(11648K)
[3743.116s][info ][gc             ] GC(110) Pause Young (Allocation Failure) 2313M->270M(2414M) 1.135ms
[3743.116s][info ][gc,cpu         ] GC(110) User=0.01s Sys=0.00s Real=0.01s
[3743.117s][info ][safepoint      ] Safepoint "ParallelGCFailedAllocation", Time since last: 46948348423 ns, Reaching safepoint: 109002 ns, At safepoint: 1206716 ns, Total: 1315718 ns
[3785.119s][info ][safepoint      ] Safepoint "Cleanup", Time since last: 42002573669 ns, Reaching safepoint: 39601 ns, At safepoint: 22300 ns, Total: 61901 ns
[3790.065s][info ][gc,start       ] GC(111) Pause Young (Allocation Failure)
[3790.067s][debug][gc,phases      ] GC(111) Scavenge 1.161ms
[3790.067s][debug][gc,ref         ] GC(111) Skipped phase 1 of Reference Processing: no references
[3790.067s][debug][gc,ref         ] GC(111) Skipped phase 2 of Reference Processing: no references
[3790.067s][debug][gc,ref         ] GC(111) Skipped phase 3 of Reference Processing: no references
[3790.067s][debug][gc,ref         ] GC(111) Skipped phase 4 of Reference Processing: no references
[3790.067s][debug][gc,phases      ] GC(111) Reference Processing 0.020ms
[3790.067s][debug][gc,phases      ] GC(111)   VM Weak                        Min:  0.0, Avg:  0.0, Max:  0.0, Diff:  0.0, Sum:  0.0, Workers: 4
[3790.067s][debug][gc,phases      ] GC(111)     Dead                           Min: 0, Avg:  0.0, Max: 0, Diff: 0, Sum: 0, Workers: 4
[3790.067s][debug][gc,phases      ] GC(111)     Total                          Min: 0, Avg: 178.0, Max: 584, Diff: 584, Sum: 712, Workers: 4
[3790.067s][debug][gc,phases      ] GC(111)   ObjectSynchronizer Weak        Min:  0.0, Avg:  0.0, Max:  0.0, Diff:  0.0, Sum:  0.0, Workers: 4
[3790.067s][debug][gc,phases      ] GC(111)     Dead                           Min: 0, Avg:  0.0, Max: 0, Diff: 0, Sum: 0, Workers: 4
[3790.067s][debug][gc,phases      ] GC(111)     Total                          Min: 0, Avg: 12.2, Max: 49, Diff: 49, Sum: 49, Workers: 4
[3790.067s][debug][gc,phases      ] GC(111)   JVMTI Tag Weak OopStorage      Min:  0.0, Avg:  0.0, Max:  0.0, Diff:  0.0, Sum:  0.0, Workers: 4
[3790.067s][debug][gc,phases      ] GC(111)     Dead                           Min: 0, Avg:  0.0, Max: 0, Diff: 0, Sum: 0, Workers: 4
[3790.067s][debug][gc,phases      ] GC(111)     Total                          Min: 0, Avg:  0.0, Max: 0, Diff: 0, Sum: 0, Workers: 4
[3790.067s][debug][gc,phases      ] GC(111)   StringTable Weak               Min:  0.0, Avg:  0.1, Max:  0.1, Diff:  0.1, Sum:  0.3, Workers: 4
[3790.067s][debug][gc,phases      ] GC(111)     Dead                           Min: 0, Avg:  0.0, Max: 0, Diff: 0, Sum: 0, Workers: 4
[3790.067s][debug][gc,phases      ] GC(111)     Total                          Min: 0, Avg: 10768.8, Max: 18880, Diff: 18880, Sum: 43075, Workers: 4
[3790.067s][debug][gc,phases      ] GC(111)   ResolvedMethodTable Weak       Min:  0.0, Avg:  0.0, Max:  0.0, Diff:  0.0, Sum:  0.1, Workers: 4
[3790.067s][debug][gc,phases      ] GC(111)     Dead                           Min: 0, Avg:  0.0, Max: 0, Diff: 0, Sum: 0, Workers: 4
[3790.067s][debug][gc,phases      ] GC(111)     Total                          Min: 0, Avg: 2130.5, Max: 3786, Diff: 3786, Sum: 8522, Workers: 4
[3790.067s][debug][gc,phases      ] GC(111)   JNI Weak                       Min:  0.0, Avg:  0.0, Max:  0.0, Diff:  0.0, Sum:  0.0, Workers: 4
[3790.067s][debug][gc,phases      ] GC(111)     Dead                           Min: 0, Avg:  0.0, Max: 0, Diff: 0, Sum: 0, Workers: 4
[3790.067s][debug][gc,phases      ] GC(111)     Total                          Min: 0, Avg: 11.2, Max: 45, Diff: 45, Sum: 45, Workers: 4
[3790.067s][debug][gc,phases      ] GC(111)   StringDedup Table Weak         Min:  0.0, Avg:  0.0, Max:  0.0, Diff:  0.0, Sum:  0.0, Workers: 4
[3790.067s][debug][gc,phases      ] GC(111)     Dead                           Min: 0, Avg:  0.0, Max: 0, Diff: 0, Sum: 0, Workers: 4
[3790.067s][debug][gc,phases      ] GC(111)     Total                          Min: 0, Avg:  0.0, Max: 0, Diff: 0, Sum: 0, Workers: 4
[3790.067s][debug][gc,phases      ] GC(111)   StringDedup Requests0 Weak     Min:  0.0, Avg:  0.0, Max:  0.0, Diff:  0.0, Sum:  0.0, Workers: 4
[3790.067s][debug][gc,phases      ] GC(111)     Dead                           Min: 0, Avg:  0.0, Max: 0, Diff: 0, Sum: 0, Workers: 4
[3790.067s][debug][gc,phases      ] GC(111)     Total                          Min: 0, Avg:  0.0, Max: 0, Diff: 0, Sum: 0, Workers: 4
[3790.067s][debug][gc,phases      ] GC(111)   StringDedup Requests1 Weak     Min:  0.0, Avg:  0.0, Max:  0.0, Diff:  0.0, Sum:  0.0, Workers: 4
[3790.067s][debug][gc,phases      ] GC(111)     Dead                           Min: 0, Avg:  0.0, Max: 0, Diff: 0, Sum: 0, Workers: 4
[3790.067s][debug][gc,phases      ] GC(111)     Total                          Min: 0, Avg:  0.0, Max: 0, Diff: 0, Sum: 0, Workers: 4
[3790.067s][debug][gc,phases      ] GC(111)   Weak JFR Old Object Samples    Min:  0.0, Avg:  0.0, Max:  0.0, Diff:  0.0, Sum:  0.0, Workers: 4
[3790.067s][debug][gc,phases      ] GC(111)     Dead                           Min: 0, Avg:  0.0, Max: 0, Diff: 0, Sum: 0, Workers: 4
[3790.067s][debug][gc,phases      ] GC(111)     Total                          Min: 0, Avg:  0.0, Max: 0, Diff: 0, Sum: 0, Workers: 4
[3790.067s][debug][gc,phases      ] GC(111) Weak Processing 0.297ms
[3790.067s][debug][gc,age         ] GC(111) Desired survivor size 2097152 bytes, new threshold 15 (max threshold 15)
[3790.067s][info ][gc,heap        ] GC(111) PSYoungGen: 2092640K(2095104K)->192K(2094592K) Eden: 2092544K(2092544K)->0K(2092544K) From: 96K(2560K)->192K(2048K)
[3790.067s][info ][gc,heap        ] GC(111) ParOldGen: 276835K(376832K)->276843K(376832K)
[3790.067s][info ][gc,metaspace   ] GC(111) Metaspace: 78617K(79488K)->78617K(79488K) NonClass: 67358K(67840K)->67358K(67840K) Class: 11258K(11648K)->11258K(11648K)
[3790.067s][info ][gc             ] GC(111) Pause Young (Allocation Failure) 2313M->270M(2413M) 1.572ms
[3790.067s][info ][gc,cpu         ] GC(111) User=0.00s Sys=0.00s Real=0.00s
[3790.067s][info ][safepoint      ] Safepoint "ParallelGCFailedAllocation", Time since last: 4946202634 ns, Reaching safepoint: 101901 ns, At safepoint: 1628921 ns, Total: 1730822 ns
[3836.915s][info ][gc,start       ] GC(112) Pause Young (Allocation Failure)
[3836.916s][debug][gc,phases      ] GC(112) Scavenge 1.024ms
[3836.916s][debug][gc,ref         ] GC(112) Skipped phase 1 of Reference Processing: no references
[3836.916s][debug][gc,ref         ] GC(112) Skipped phase 2 of Reference Processing: no references
[3836.916s][debug][gc,ref         ] GC(112) Skipped phase 3 of Reference Processing: no references
[3836.916s][debug][gc,ref         ] GC(112) Skipped phase 4 of Reference Processing: no references
[3836.916s][debug][gc,phases      ] GC(112) Reference Processing 0.019ms
[3836.916s][debug][gc,phases      ] GC(112)   VM Weak                        Min:  0.0, Avg:  0.0, Max:  0.0, Diff:  0.0, Sum:  0.0, Workers: 4
[3836.916s][debug][gc,phases      ] GC(112)     Dead                           Min: 0, Avg:  0.0, Max: 0, Diff: 0, Sum: 0, Workers: 4
[3836.916s][debug][gc,phases      ] GC(112)     Total                          Min: 0, Avg: 178.0, Max: 704, Diff: 704, Sum: 712, Workers: 4
[3836.916s][debug][gc,phases      ] GC(112)   ObjectSynchronizer Weak        Min:  0.0, Avg:  0.0, Max:  0.0, Diff:  0.0, Sum:  0.0, Workers: 4
[3836.916s][debug][gc,phases      ] GC(112)     Dead                           Min: 0, Avg:  0.0, Max: 0, Diff: 0, Sum: 0, Workers: 4
[3836.916s][debug][gc,phases      ] GC(112)     Total                          Min: 0, Avg: 12.2, Max: 49, Diff: 49, Sum: 49, Workers: 4
[3836.916s][debug][gc,phases      ] GC(112)   JVMTI Tag Weak OopStorage      Min:  0.0, Avg:  0.0, Max:  0.0, Diff:  0.0, Sum:  0.0, Workers: 4
[3836.916s][debug][gc,phases      ] GC(112)     Dead                           Min: 0, Avg:  0.0, Max: 0, Diff: 0, Sum: 0, Workers: 4
[3836.916s][debug][gc,phases      ] GC(112)     Total                          Min: 0, Avg:  0.0, Max: 0, Diff: 0, Sum: 0, Workers: 4
[3836.916s][debug][gc,phases      ] GC(112)   StringTable Weak               Min:  0.1, Avg:  0.1, Max:  0.1, Diff:  0.0, Sum:  0.4, Workers: 4
[3836.916s][debug][gc,phases      ] GC(112)     Dead                           Min: 0, Avg:  0.0, Max: 0, Diff: 0, Sum: 0, Workers: 4
[3836.916s][debug][gc,phases      ] GC(112)     Total                          Min: 9152, Avg: 10768.8, Max: 11584, Diff: 2432, Sum: 43075, Workers: 4
[3836.916s][debug][gc,phases      ] GC(112)   ResolvedMethodTable Weak       Min:  0.0, Avg:  0.0, Max:  0.0, Diff:  0.0, Sum:  0.1, Workers: 4
[3836.916s][debug][gc,phases      ] GC(112)     Dead                           Min: 0, Avg:  0.0, Max: 0, Diff: 0, Sum: 0, Workers: 4
[3836.916s][debug][gc,phases      ] GC(112)     Total                          Min: 2048, Avg: 2130.5, Max: 2250, Diff: 202, Sum: 8522, Workers: 4
[3836.917s][debug][gc,phases      ] GC(112)   JNI Weak                       Min:  0.0, Avg:  0.0, Max:  0.0, Diff:  0.0, Sum:  0.0, Workers: 4
[3836.917s][debug][gc,phases      ] GC(112)     Dead                           Min: 0, Avg:  0.0, Max: 0, Diff: 0, Sum: 0, Workers: 4
[3836.917s][debug][gc,phases      ] GC(112)     Total                          Min: 0, Avg: 11.2, Max: 45, Diff: 45, Sum: 45, Workers: 4
[3836.917s][debug][gc,phases      ] GC(112)   StringDedup Table Weak         Min:  0.0, Avg:  0.0, Max:  0.0, Diff:  0.0, Sum:  0.0, Workers: 4
[3836.917s][debug][gc,phases      ] GC(112)     Dead                           Min: 0, Avg:  0.0, Max: 0, Diff: 0, Sum: 0, Workers: 4
[3836.917s][debug][gc,phases      ] GC(112)     Total                          Min: 0, Avg:  0.0, Max: 0, Diff: 0, Sum: 0, Workers: 4
[3836.917s][debug][gc,phases      ] GC(112)   StringDedup Requests0 Weak     Min:  0.0, Avg:  0.0, Max:  0.0, Diff:  0.0, Sum:  0.0, Workers: 4
[3836.917s][debug][gc,phases      ] GC(112)     Dead                           Min: 0, Avg:  0.0, Max: 0, Diff: 0, Sum: 0, Workers: 4
[3836.917s][debug][gc,phases      ] GC(112)     Total                          Min: 0, Avg:  0.0, Max: 0, Diff: 0, Sum: 0, Workers: 4
[3836.917s][debug][gc,phases      ] GC(112)   StringDedup Requests1 Weak     Min:  0.0, Avg:  0.0, Max:  0.0, Diff:  0.0, Sum:  0.0, Workers: 4
[3836.917s][debug][gc,phases      ] GC(112)     Dead                           Min: 0, Avg:  0.0, Max: 0, Diff: 0, Sum: 0, Workers: 4
[3836.917s][debug][gc,phases      ] GC(112)     Total                          Min: 0, Avg:  0.0, Max: 0, Diff: 0, Sum: 0, Workers: 4
[3836.917s][debug][gc,phases      ] GC(112)   Weak JFR Old Object Samples    Min:  0.0, Avg:  0.0, Max:  0.0, Diff:  0.0, Sum:  0.0, Workers: 4
[3836.917s][debug][gc,phases      ] GC(112)     Dead                           Min: 0, Avg:  0.0, Max: 0, Diff: 0, Sum: 0, Workers: 4
[3836.917s][debug][gc,phases      ] GC(112)     Total                          Min: 0, Avg:  0.0, Max: 0, Diff: 0, Sum: 0, Workers: 4
[3836.917s][debug][gc,phases      ] GC(112) Weak Processing 0.272ms
[3836.917s][debug][gc,age         ] GC(112) Desired survivor size 2097152 bytes, new threshold 15 (max threshold 15)
[3836.917s][info ][gc,heap        ] GC(112) PSYoungGen: 2092736K(2094592K)->96K(2095104K) Eden: 2092544K(2092544K)->0K(2093056K) From: 192K(2048K)->96K(2048K)
[3836.917s][info ][gc,heap        ] GC(112) ParOldGen: 276843K(376832K)->276851K(376832K)
[3836.917s][info ][gc,metaspace   ] GC(112) Metaspace: 78617K(79488K)->78617K(79488K) NonClass: 67358K(67840K)->67358K(67840K) Class: 11258K(11648K)->11258K(11648K)
[3836.917s][info ][gc             ] GC(112) Pause Young (Allocation Failure) 2314M->270M(2414M) 1.402ms
[3836.917s][info ][gc,cpu         ] GC(112) User=0.00s Sys=0.00s Real=0.01s
[3836.917s][info ][safepoint      ] Safepoint "ParallelGCFailedAllocation", Time since last: 46847972082 ns, Reaching safepoint: 102701 ns, At safepoint: 1455919 ns, Total: 1558620 ns
[3884.066s][info ][gc,start       ] GC(113) Pause Young (Allocation Failure)
[3884.072s][debug][gc,phases      ] GC(113) Scavenge 5.847ms
[3884.072s][debug][gc,ref         ] GC(113) Skipped phase 1 of Reference Processing: no references
[3884.072s][debug][gc,ref         ] GC(113) Skipped phase 2 of Reference Processing: no references
[3884.072s][debug][gc,ref         ] GC(113) Skipped phase 3 of Reference Processing: no references
[3884.072s][debug][gc,ref         ] GC(113) Skipped phase 4 of Reference Processing: no references
[3884.072s][debug][gc,phases      ] GC(113) Reference Processing 0.030ms
[3884.072s][debug][gc,phases      ] GC(113)   VM Weak                        Min:  0.0, Avg:  0.0, Max:  0.0, Diff:  0.0, Sum:  0.0, Workers: 4
[3884.072s][debug][gc,phases      ] GC(113)     Dead                           Min: 0, Avg:  0.0, Max: 0, Diff: 0, Sum: 0, Workers: 4
[3884.072s][debug][gc,phases      ] GC(113)     Total                          Min: 0, Avg: 178.0, Max: 384, Diff: 384, Sum: 712, Workers: 4
[3884.072s][debug][gc,phases      ] GC(113)   ObjectSynchronizer Weak        Min:  0.0, Avg:  0.0, Max:  0.0, Diff:  0.0, Sum:  0.0, Workers: 4
[3884.072s][debug][gc,phases      ] GC(113)     Dead                           Min: 0, Avg:  0.0, Max: 0, Diff: 0, Sum: 0, Workers: 4
[3884.072s][debug][gc,phases      ] GC(113)     Total                          Min: 0, Avg: 12.2, Max: 49, Diff: 49, Sum: 49, Workers: 4
[3884.072s][debug][gc,phases      ] GC(113)   JVMTI Tag Weak OopStorage      Min:  0.0, Avg:  0.0, Max:  0.0, Diff:  0.0, Sum:  0.0, Workers: 4
[3884.072s][debug][gc,phases      ] GC(113)     Dead                           Min: 0, Avg:  0.0, Max: 0, Diff: 0, Sum: 0, Workers: 4
[3884.072s][debug][gc,phases      ] GC(113)     Total                          Min: 0, Avg:  0.0, Max: 0, Diff: 0, Sum: 0, Workers: 4
[3884.072s][debug][gc,phases      ] GC(113)   StringTable Weak               Min:  0.0, Avg:  0.1, Max:  0.2, Diff:  0.2, Sum:  0.3, Workers: 4
[3884.072s][debug][gc,phases      ] GC(113)     Dead                           Min: 0, Avg:  0.0, Max: 0, Diff: 0, Sum: 0, Workers: 4
[3884.072s][debug][gc,phases      ] GC(113)     Total                          Min: 0, Avg: 10768.8, Max: 21760, Diff: 21760, Sum: 43075, Workers: 4
[3884.072s][debug][gc,phases      ] GC(113)   ResolvedMethodTable Weak       Min:  0.0, Avg:  0.0, Max:  0.0, Diff:  0.0, Sum:  0.1, Workers: 4
[3884.072s][debug][gc,phases      ] GC(113)     Dead                           Min: 0, Avg:  0.0, Max: 0, Diff: 0, Sum: 0, Workers: 4
[3884.072s][debug][gc,phases      ] GC(113)     Total                          Min: 0, Avg: 2130.5, Max: 4362, Diff: 4362, Sum: 8522, Workers: 4
[3884.072s][debug][gc,phases      ] GC(113)   JNI Weak                       Min:  0.0, Avg:  0.0, Max:  0.0, Diff:  0.0, Sum:  0.0, Workers: 4
[3884.072s][debug][gc,phases      ] GC(113)     Dead                           Min: 0, Avg:  0.0, Max: 0, Diff: 0, Sum: 0, Workers: 4
[3884.072s][debug][gc,phases      ] GC(113)     Total                          Min: 0, Avg: 11.2, Max: 45, Diff: 45, Sum: 45, Workers: 4
[3884.072s][debug][gc,phases      ] GC(113)   StringDedup Table Weak         Min:  0.0, Avg:  0.0, Max:  0.0, Diff:  0.0, Sum:  0.0, Workers: 4
[3884.072s][debug][gc,phases      ] GC(113)     Dead                           Min: 0, Avg:  0.0, Max: 0, Diff: 0, Sum: 0, Workers: 4
[3884.072s][debug][gc,phases      ] GC(113)     Total                          Min: 0, Avg:  0.0, Max: 0, Diff: 0, Sum: 0, Workers: 4
[3884.072s][debug][gc,phases      ] GC(113)   StringDedup Requests0 Weak     Min:  0.0, Avg:  0.0, Max:  0.0, Diff:  0.0, Sum:  0.0, Workers: 4
[3884.072s][debug][gc,phases      ] GC(113)     Dead                           Min: 0, Avg:  0.0, Max: 0, Diff: 0, Sum: 0, Workers: 4
[3884.072s][debug][gc,phases      ] GC(113)     Total                          Min: 0, Avg:  0.0, Max: 0, Diff: 0, Sum: 0, Workers: 4
[3884.072s][debug][gc,phases      ] GC(113)   StringDedup Requests1 Weak     Min:  0.0, Avg:  0.0, Max:  0.0, Diff:  0.0, Sum:  0.0, Workers: 4
[3884.072s][debug][gc,phases      ] GC(113)     Dead                           Min: 0, Avg:  0.0, Max: 0, Diff: 0, Sum: 0, Workers: 4
[3884.072s][debug][gc,phases      ] GC(113)     Total                          Min: 0, Avg:  0.0, Max: 0, Diff: 0, Sum: 0, Workers: 4
[3884.072s][debug][gc,phases      ] GC(113)   Weak JFR Old Object Samples    Min:  0.0, Avg:  0.0, Max:  0.0, Diff:  0.0, Sum:  0.0, Workers: 4
[3884.072s][debug][gc,phases      ] GC(113)     Dead                           Min: 0, Avg:  0.0, Max: 0, Diff: 0, Sum: 0, Workers: 4
[3884.072s][debug][gc,phases      ] GC(113)     Total                          Min: 0, Avg:  0.0, Max: 0, Diff: 0, Sum: 0, Workers: 4
[3884.072s][debug][gc,phases      ] GC(113) Weak Processing 0.422ms
[3884.072s][debug][gc,age         ] GC(113) Desired survivor size 1572864 bytes, new threshold 15 (max threshold 15)
[3884.072s][info ][gc,heap        ] GC(113) PSYoungGen: 2093152K(2095104K)->224K(2095104K) Eden: 2093056K(2093056K)->0K(2093056K) From: 96K(2048K)->224K(2048K)
[3884.072s][info ][gc,heap        ] GC(113) ParOldGen: 276851K(376832K)->276859K(376832K)
[3884.072s][info ][gc,metaspace   ] GC(113) Metaspace: 78618K(79488K)->78618K(79488K) NonClass: 67359K(67840K)->67359K(67840K) Class: 11258K(11648K)->11258K(11648K)
[3884.072s][info ][gc             ] GC(113) Pause Young (Allocation Failure) 2314M->270M(2414M) 6.402ms
[3884.072s][info ][gc,cpu         ] GC(113) User=0.00s Sys=0.00s Real=0.01s
[3884.072s][info ][safepoint      ] Safepoint "ParallelGCFailedAllocation", Time since last: 47149097924 ns, Reaching safepoint: 36001 ns, At safepoint: 6462783 ns, Total: 6498784 ns
[3930.266s][info ][gc,start       ] GC(114) Pause Young (Allocation Failure)
[3930.267s][debug][gc,phases      ] GC(114) Scavenge 0.986ms
[3930.267s][debug][gc,ref         ] GC(114) Skipped phase 1 of Reference Processing: no references
[3930.267s][debug][gc,ref         ] GC(114) ReferenceProcessor::execute queues: 1, RefProcThreadModel::Single, marks_oops_alive: false
[3930.267s][debug][gc,ref         ] GC(114) Skipped phase 3 of Reference Processing: no references
[3930.267s][debug][gc,ref         ] GC(114) ReferenceProcessor::execute queues: 1, RefProcThreadModel::Single, marks_oops_alive: false
[3930.267s][debug][gc,phases      ] GC(114) Reference Processing 0.079ms
[3930.267s][debug][gc,phases      ] GC(114)   VM Weak                        Min:  0.0, Avg:  0.0, Max:  0.0, Diff:  0.0, Sum:  0.0, Workers: 4
[3930.267s][debug][gc,phases      ] GC(114)     Dead                           Min: 0, Avg:  0.0, Max: 0, Diff: 0, Sum: 0, Workers: 4
[3930.267s][debug][gc,phases      ] GC(114)     Total                          Min: 0, Avg: 178.0, Max: 512, Diff: 512, Sum: 712, Workers: 4
[3930.267s][debug][gc,phases      ] GC(114)   ObjectSynchronizer Weak        Min:  0.0, Avg:  0.0, Max:  0.0, Diff:  0.0, Sum:  0.0, Workers: 4
[3930.267s][debug][gc,phases      ] GC(114)     Dead                           Min: 0, Avg:  0.0, Max: 0, Diff: 0, Sum: 0, Workers: 4
[3930.267s][debug][gc,phases      ] GC(114)     Total                          Min: 0, Avg: 12.2, Max: 49, Diff: 49, Sum: 49, Workers: 4
[3930.267s][debug][gc,phases      ] GC(114)   JVMTI Tag Weak OopStorage      Min:  0.0, Avg:  0.0, Max:  0.0, Diff:  0.0, Sum:  0.0, Workers: 4
[3930.267s][debug][gc,phases      ] GC(114)     Dead                           Min: 0, Avg:  0.0, Max: 0, Diff: 0, Sum: 0, Workers: 4
[3930.267s][debug][gc,phases      ] GC(114)     Total                          Min: 0, Avg:  0.0, Max: 0, Diff: 0, Sum: 0, Workers: 4
[3930.267s][debug][gc,phases      ] GC(114)   StringTable Weak               Min:  0.1, Avg:  0.1, Max:  0.1, Diff:  0.0, Sum:  0.4, Workers: 4
[3930.267s][debug][gc,phases      ] GC(114)     Dead                           Min: 0, Avg:  0.0, Max: 0, Diff: 0, Sum: 0, Workers: 4
[3930.267s][debug][gc,phases      ] GC(114)     Total                          Min: 10368, Avg: 10768.8, Max: 11264, Diff: 896, Sum: 43075, Workers: 4
[3930.267s][debug][gc,phases      ] GC(114)   ResolvedMethodTable Weak       Min:  0.0, Avg:  0.0, Max:  0.0, Diff:  0.0, Sum:  0.1, Workers: 4
[3930.267s][debug][gc,phases      ] GC(114)     Dead                           Min: 0, Avg:  0.0, Max: 0, Diff: 0, Sum: 0, Workers: 4
[3930.267s][debug][gc,phases      ] GC(114)     Total                          Min: 2058, Avg: 2130.5, Max: 2176, Diff: 118, Sum: 8522, Workers: 4
[3930.267s][debug][gc,phases      ] GC(114)   JNI Weak                       Min:  0.0, Avg:  0.0, Max:  0.0, Diff:  0.0, Sum:  0.0, Workers: 4
[3930.267s][debug][gc,phases      ] GC(114)     Dead                           Min: 0, Avg:  0.0, Max: 0, Diff: 0, Sum: 0, Workers: 4
[3930.267s][debug][gc,phases      ] GC(114)     Total                          Min: 0, Avg: 11.2, Max: 45, Diff: 45, Sum: 45, Workers: 4
[3930.267s][debug][gc,phases      ] GC(114)   StringDedup Table Weak         Min:  0.0, Avg:  0.0, Max:  0.0, Diff:  0.0, Sum:  0.0, Workers: 4
[3930.267s][debug][gc,phases      ] GC(114)     Dead                           Min: 0, Avg:  0.0, Max: 0, Diff: 0, Sum: 0, Workers: 4
[3930.267s][debug][gc,phases      ] GC(114)     Total                          Min: 0, Avg:  0.0, Max: 0, Diff: 0, Sum: 0, Workers: 4
[3930.267s][debug][gc,phases      ] GC(114)   StringDedup Requests0 Weak     Min:  0.0, Avg:  0.0, Max:  0.0, Diff:  0.0, Sum:  0.0, Workers: 4
[3930.267s][debug][gc,phases      ] GC(114)     Dead                           Min: 0, Avg:  0.0, Max: 0, Diff: 0, Sum: 0, Workers: 4
[3930.267s][debug][gc,phases      ] GC(114)     Total                          Min: 0, Avg:  0.0, Max: 0, Diff: 0, Sum: 0, Workers: 4
[3930.267s][debug][gc,phases      ] GC(114)   StringDedup Requests1 Weak     Min:  0.0, Avg:  0.0, Max:  0.0, Diff:  0.0, Sum:  0.0, Workers: 4
[3930.267s][debug][gc,phases      ] GC(114)     Dead                           Min: 0, Avg:  0.0, Max: 0, Diff: 0, Sum: 0, Workers: 4
[3930.267s][debug][gc,phases      ] GC(114)     Total                          Min: 0, Avg:  0.0, Max: 0, Diff: 0, Sum: 0, Workers: 4
[3930.267s][debug][gc,phases      ] GC(114)   Weak JFR Old Object Samples    Min:  0.0, Avg:  0.0, Max:  0.0, Diff:  0.0, Sum:  0.0, Workers: 4
[3930.267s][debug][gc,phases      ] GC(114)     Dead                           Min: 0, Avg:  0.0, Max: 0, Diff: 0, Sum: 0, Workers: 4
[3930.267s][debug][gc,phases      ] GC(114)     Total                          Min: 0, Avg:  0.0, Max: 0, Diff: 0, Sum: 0, Workers: 4
[3930.267s][debug][gc,phases      ] GC(114) Weak Processing 0.274ms
[3930.267s][debug][gc,age         ] GC(114) Desired survivor size 1572864 bytes, new threshold 15 (max threshold 15)
[3930.267s][info ][gc,heap        ] GC(114) PSYoungGen: 2093280K(2095104K)->96K(2095616K) Eden: 2093056K(2093056K)->0K(2094080K) From: 224K(2048K)->96K(1536K)
[3930.267s][info ][gc,heap        ] GC(114) ParOldGen: 276859K(376832K)->276867K(376832K)
[3930.267s][info ][gc,metaspace   ] GC(114) Metaspace: 78619K(79488K)->78619K(79488K) NonClass: 67360K(67840K)->67360K(67840K) Class: 11258K(11648K)->11258K(11648K)
[3930.267s][info ][gc             ] GC(114) Pause Young (Allocation Failure) 2314M->270M(2414M) 1.416ms
[3930.267s][info ][gc,cpu         ] GC(114) User=0.00s Sys=0.00s Real=0.00s
[3930.267s][info ][safepoint      ] Safepoint "ParallelGCFailedAllocation", Time since last: 46193333710 ns, Reaching safepoint: 35800 ns, At safepoint: 1484622 ns, Total: 1520422 ns
[3977.116s][info ][gc,start       ] GC(115) Pause Young (Allocation Failure)
[3977.117s][debug][gc,phases      ] GC(115) Scavenge 0.963ms
[3977.117s][debug][gc,ref         ] GC(115) Skipped phase 1 of Reference Processing: no references
[3977.117s][debug][gc,ref         ] GC(115) Skipped phase 2 of Reference Processing: no references
[3977.117s][debug][gc,ref         ] GC(115) Skipped phase 3 of Reference Processing: no references
[3977.117s][debug][gc,ref         ] GC(115) Skipped phase 4 of Reference Processing: no references
[3977.117s][debug][gc,phases      ] GC(115) Reference Processing 0.019ms
[3977.117s][debug][gc,phases      ] GC(115)   VM Weak                        Min:  0.0, Avg:  0.0, Max:  0.0, Diff:  0.0, Sum:  0.0, Workers: 4
[3977.117s][debug][gc,phases      ] GC(115)     Dead                           Min: 0, Avg:  0.0, Max: 0, Diff: 0, Sum: 0, Workers: 4
[3977.117s][debug][gc,phases      ] GC(115)     Total                          Min: 0, Avg: 178.0, Max: 640, Diff: 640, Sum: 712, Workers: 4
[3977.117s][debug][gc,phases      ] GC(115)   ObjectSynchronizer Weak        Min:  0.0, Avg:  0.0, Max:  0.0, Diff:  0.0, Sum:  0.0, Workers: 4
[3977.117s][debug][gc,phases      ] GC(115)     Dead                           Min: 0, Avg:  0.0, Max: 0, Diff: 0, Sum: 0, Workers: 4
[3977.117s][debug][gc,phases      ] GC(115)     Total                          Min: 0, Avg: 12.2, Max: 49, Diff: 49, Sum: 49, Workers: 4
[3977.117s][debug][gc,phases      ] GC(115)   JVMTI Tag Weak OopStorage      Min:  0.0, Avg:  0.0, Max:  0.0, Diff:  0.0, Sum:  0.0, Workers: 4
[3977.117s][debug][gc,phases      ] GC(115)     Dead                           Min: 0, Avg:  0.0, Max: 0, Diff: 0, Sum: 0, Workers: 4
[3977.117s][debug][gc,phases      ] GC(115)     Total                          Min: 0, Avg:  0.0, Max: 0, Diff: 0, Sum: 0, Workers: 4
[3977.117s][debug][gc,phases      ] GC(115)   StringTable Weak               Min:  0.1, Avg:  0.1, Max:  0.1, Diff:  0.0, Sum:  0.4, Workers: 4
[3977.117s][debug][gc,phases      ] GC(115)     Dead                           Min: 0, Avg:  0.0, Max: 0, Diff: 0, Sum: 0, Workers: 4
[3977.117s][debug][gc,phases      ] GC(115)     Total                          Min: 10624, Avg: 10768.8, Max: 11008, Diff: 384, Sum: 43075, Workers: 4
[3977.117s][debug][gc,phases      ] GC(115)   ResolvedMethodTable Weak       Min:  0.0, Avg:  0.0, Max:  0.0, Diff:  0.0, Sum:  0.1, Workers: 4
[3977.117s][debug][gc,phases      ] GC(115)     Dead                           Min: 0, Avg:  0.0, Max: 0, Diff: 0, Sum: 0, Workers: 4
[3977.117s][debug][gc,phases      ] GC(115)     Total                          Min: 2058, Avg: 2130.5, Max: 2176, Diff: 118, Sum: 8522, Workers: 4
[3977.117s][debug][gc,phases      ] GC(115)   JNI Weak                       Min:  0.0, Avg:  0.0, Max:  0.0, Diff:  0.0, Sum:  0.0, Workers: 4
[3977.117s][debug][gc,phases      ] GC(115)     Dead                           Min: 0, Avg:  0.0, Max: 0, Diff: 0, Sum: 0, Workers: 4
[3977.117s][debug][gc,phases      ] GC(115)     Total                          Min: 0, Avg: 11.2, Max: 45, Diff: 45, Sum: 45, Workers: 4
[3977.117s][debug][gc,phases      ] GC(115)   StringDedup Table Weak         Min:  0.0, Avg:  0.0, Max:  0.0, Diff:  0.0, Sum:  0.0, Workers: 4
[3977.117s][debug][gc,phases      ] GC(115)     Dead                           Min: 0, Avg:  0.0, Max: 0, Diff: 0, Sum: 0, Workers: 4
[3977.117s][debug][gc,phases      ] GC(115)     Total                          Min: 0, Avg:  0.0, Max: 0, Diff: 0, Sum: 0, Workers: 4
[3977.117s][debug][gc,phases      ] GC(115)   StringDedup Requests0 Weak     Min:  0.0, Avg:  0.0, Max:  0.0, Diff:  0.0, Sum:  0.0, Workers: 4
[3977.117s][debug][gc,phases      ] GC(115)     Dead                           Min: 0, Avg:  0.0, Max: 0, Diff: 0, Sum: 0, Workers: 4
[3977.117s][debug][gc,phases      ] GC(115)     Total                          Min: 0, Avg:  0.0, Max: 0, Diff: 0, Sum: 0, Workers: 4
[3977.117s][debug][gc,phases      ] GC(115)   StringDedup Requests1 Weak     Min:  0.0, Avg:  0.0, Max:  0.0, Diff:  0.0, Sum:  0.0, Workers: 4
[3977.117s][debug][gc,phases      ] GC(115)     Dead                           Min: 0, Avg:  0.0, Max: 0, Diff: 0, Sum: 0, Workers: 4
[3977.117s][debug][gc,phases      ] GC(115)     Total                          Min: 0, Avg:  0.0, Max: 0, Diff: 0, Sum: 0, Workers: 4
[3977.117s][debug][gc,phases      ] GC(115)   Weak JFR Old Object Samples    Min:  0.0, Avg:  0.0, Max:  0.0, Diff:  0.0, Sum:  0.0, Workers: 4
[3977.117s][debug][gc,phases      ] GC(115)     Dead                           Min: 0, Avg:  0.0, Max: 0, Diff: 0, Sum: 0, Workers: 4
[3977.117s][debug][gc,phases      ] GC(115)     Total                          Min: 0, Avg:  0.0, Max: 0, Diff: 0, Sum: 0, Workers: 4
[3977.117s][debug][gc,phases      ] GC(115) Weak Processing 0.268ms
[3977.117s][debug][gc,age         ] GC(115) Desired survivor size 1572864 bytes, new threshold 15 (max threshold 15)
[3977.117s][info ][gc,heap        ] GC(115) PSYoungGen: 2094176K(2095616K)->96K(2095616K) Eden: 2094080K(2094080K)->0K(2094080K) From: 96K(1536K)->96K(1536K)
[3977.117s][info ][gc,heap        ] GC(115) ParOldGen: 276867K(376832K)->276875K(376832K)
[3977.117s][info ][gc,metaspace   ] GC(115) Metaspace: 78619K(79488K)->78619K(79488K) NonClass: 67360K(67840K)->67360K(67840K) Class: 11258K(11648K)->11258K(11648K)
[3977.117s][info ][gc             ] GC(115) Pause Young (Allocation Failure) 2315M->270M(2414M) 1.326ms
[3977.117s][info ][gc,cpu         ] GC(115) User=0.00s Sys=0.00s Real=0.00s
[3977.117s][info ][safepoint      ] Safepoint "ParallelGCFailedAllocation", Time since last: 46848750162 ns, Reaching safepoint: 35001 ns, At safepoint: 1396119 ns, Total: 1431120 ns
[4024.215s][info ][gc,start       ] GC(116) Pause Young (Allocation Failure)
[4024.217s][debug][gc,phases      ] GC(116) Scavenge 1.028ms
[4024.217s][debug][gc,ref         ] GC(116) Skipped phase 1 of Reference Processing: no references
[4024.217s][debug][gc,ref         ] GC(116) Skipped phase 2 of Reference Processing: no references
[4024.217s][debug][gc,ref         ] GC(116) Skipped phase 3 of Reference Processing: no references
[4024.217s][debug][gc,ref         ] GC(116) Skipped phase 4 of Reference Processing: no references
[4024.217s][debug][gc,phases      ] GC(116) Reference Processing 0.019ms
[4024.217s][debug][gc,phases      ] GC(116)   VM Weak                        Min:  0.0, Avg:  0.0, Max:  0.0, Diff:  0.0, Sum:  0.0, Workers: 4
[4024.217s][debug][gc,phases      ] GC(116)     Dead                           Min: 0, Avg:  0.0, Max: 0, Diff: 0, Sum: 0, Workers: 4
[4024.217s][debug][gc,phases      ] GC(116)     Total                          Min: 0, Avg: 178.0, Max: 584, Diff: 584, Sum: 712, Workers: 4
[4024.217s][debug][gc,phases      ] GC(116)   ObjectSynchronizer Weak        Min:  0.0, Avg:  0.0, Max:  0.0, Diff:  0.0, Sum:  0.0, Workers: 4
[4024.217s][debug][gc,phases      ] GC(116)     Dead                           Min: 0, Avg:  0.0, Max: 0, Diff: 0, Sum: 0, Workers: 4
[4024.217s][debug][gc,phases      ] GC(116)     Total                          Min: 0, Avg: 12.2, Max: 49, Diff: 49, Sum: 49, Workers: 4
[4024.217s][debug][gc,phases      ] GC(116)   JVMTI Tag Weak OopStorage      Min:  0.0, Avg:  0.0, Max:  0.0, Diff:  0.0, Sum:  0.0, Workers: 4
[4024.217s][debug][gc,phases      ] GC(116)     Dead                           Min: 0, Avg:  0.0, Max: 0, Diff: 0, Sum: 0, Workers: 4
[4024.217s][debug][gc,phases      ] GC(116)     Total                          Min: 0, Avg:  0.0, Max: 0, Diff: 0, Sum: 0, Workers: 4
[4024.217s][debug][gc,phases      ] GC(116)   StringTable Weak               Min:  0.0, Avg:  0.1, Max:  0.1, Diff:  0.1, Sum:  0.3, Workers: 4
[4024.217s][debug][gc,phases      ] GC(116)     Dead                           Min: 0, Avg:  0.0, Max: 0, Diff: 0, Sum: 0, Workers: 4
[4024.217s][debug][gc,phases      ] GC(116)     Total                          Min: 0, Avg: 10768.8, Max: 18752, Diff: 18752, Sum: 43075, Workers: 4
[4024.217s][debug][gc,phases      ] GC(116)   ResolvedMethodTable Weak       Min:  0.0, Avg:  0.0, Max:  0.0, Diff:  0.0, Sum:  0.1, Workers: 4
[4024.217s][debug][gc,phases      ] GC(116)     Dead                           Min: 0, Avg:  0.0, Max: 0, Diff: 0, Sum: 0, Workers: 4
[4024.217s][debug][gc,phases      ] GC(116)     Total                          Min: 0, Avg: 2130.5, Max: 3904, Diff: 3904, Sum: 8522, Workers: 4
[4024.217s][debug][gc,phases      ] GC(116)   JNI Weak                       Min:  0.0, Avg:  0.0, Max:  0.0, Diff:  0.0, Sum:  0.0, Workers: 4
[4024.217s][debug][gc,phases      ] GC(116)     Dead                           Min: 0, Avg:  0.0, Max: 0, Diff: 0, Sum: 0, Workers: 4
[4024.217s][debug][gc,phases      ] GC(116)     Total                          Min: 0, Avg: 11.2, Max: 45, Diff: 45, Sum: 45, Workers: 4
[4024.217s][debug][gc,phases      ] GC(116)   StringDedup Table Weak         Min:  0.0, Avg:  0.0, Max:  0.0, Diff:  0.0, Sum:  0.0, Workers: 4
[4024.217s][debug][gc,phases      ] GC(116)     Dead                           Min: 0, Avg:  0.0, Max: 0, Diff: 0, Sum: 0, Workers: 4
[4024.217s][debug][gc,phases      ] GC(116)     Total                          Min: 0, Avg:  0.0, Max: 0, Diff: 0, Sum: 0, Workers: 4
[4024.217s][debug][gc,phases      ] GC(116)   StringDedup Requests0 Weak     Min:  0.0, Avg:  0.0, Max:  0.0, Diff:  0.0, Sum:  0.0, Workers: 4
[4024.217s][debug][gc,phases      ] GC(116)     Dead                           Min: 0, Avg:  0.0, Max: 0, Diff: 0, Sum: 0, Workers: 4
[4024.217s][debug][gc,phases      ] GC(116)     Total                          Min: 0, Avg:  0.0, Max: 0, Diff: 0, Sum: 0, Workers: 4
[4024.217s][debug][gc,phases      ] GC(116)   StringDedup Requests1 Weak     Min:  0.0, Avg:  0.0, Max:  0.0, Diff:  0.0, Sum:  0.0, Workers: 4
[4024.217s][debug][gc,phases      ] GC(116)     Dead                           Min: 0, Avg:  0.0, Max: 0, Diff: 0, Sum: 0, Workers: 4
[4024.217s][debug][gc,phases      ] GC(116)     Total                          Min: 0, Avg:  0.0, Max: 0, Diff: 0, Sum: 0, Workers: 4
[4024.217s][debug][gc,phases      ] GC(116)   Weak JFR Old Object Samples    Min:  0.0, Avg:  0.0, Max:  0.0, Diff:  0.0, Sum:  0.0, Workers: 4
[4024.217s][debug][gc,phases      ] GC(116)     Dead                           Min: 0, Avg:  0.0, Max: 0, Diff: 0, Sum: 0, Workers: 4
[4024.217s][debug][gc,phases      ] GC(116)     Total                          Min: 0, Avg:  0.0, Max: 0, Diff: 0, Sum: 0, Workers: 4
[4024.217s][debug][gc,phases      ] GC(116) Weak Processing 0.283ms
[4024.217s][debug][gc,age         ] GC(116) Desired survivor size 1572864 bytes, new threshold 15 (max threshold 15)
[4024.217s][info ][gc,heap        ] GC(116) PSYoungGen: 2094176K(2095616K)->128K(2095616K) Eden: 2094080K(2094080K)->0K(2094080K) From: 96K(1536K)->128K(1536K)
[4024.217s][info ][gc,heap        ] GC(116) ParOldGen: 276875K(376832K)->276883K(376832K)
[4024.217s][info ][gc,metaspace   ] GC(116) Metaspace: 78619K(79488K)->78619K(79488K) NonClass: 67360K(67840K)->67360K(67840K) Class: 11258K(11648K)->11258K(11648K)
[4024.217s][info ][gc             ] GC(116) Pause Young (Allocation Failure) 2315M->270M(2414M) 1.407ms
[4024.217s][info ][gc,cpu         ] GC(116) User=0.00s Sys=0.00s Real=0.01s
[4024.217s][info ][safepoint      ] Safepoint "ParallelGCFailedAllocation", Time since last: 47098082989 ns, Reaching safepoint: 103802 ns, At safepoint: 1483920 ns, Total: 1587722 ns
[4071.368s][info ][gc,start       ] GC(117) Pause Young (Allocation Failure)
[4071.370s][debug][gc,phases      ] GC(117) Scavenge 1.962ms
[4071.370s][debug][gc,ref         ] GC(117) Skipped phase 1 of Reference Processing: no references
[4071.370s][debug][gc,ref         ] GC(117) Skipped phase 2 of Reference Processing: no references
[4071.370s][debug][gc,ref         ] GC(117) Skipped phase 3 of Reference Processing: no references
[4071.370s][debug][gc,ref         ] GC(117) Skipped phase 4 of Reference Processing: no references
[4071.370s][debug][gc,phases      ] GC(117) Reference Processing 0.019ms
[4071.370s][debug][gc,phases      ] GC(117)   VM Weak                        Min:  0.0, Avg:  0.0, Max:  0.0, Diff:  0.0, Sum:  0.0, Workers: 4
[4071.370s][debug][gc,phases      ] GC(117)     Dead                           Min: 0, Avg:  0.0, Max: 0, Diff: 0, Sum: 0, Workers: 4
[4071.370s][debug][gc,phases      ] GC(117)     Total                          Min: 0, Avg: 178.0, Max: 320, Diff: 320, Sum: 712, Workers: 4
[4071.370s][debug][gc,phases      ] GC(117)   ObjectSynchronizer Weak        Min:  0.0, Avg:  0.0, Max:  0.0, Diff:  0.0, Sum:  0.0, Workers: 4
[4071.370s][debug][gc,phases      ] GC(117)     Dead                           Min: 0, Avg:  0.0, Max: 0, Diff: 0, Sum: 0, Workers: 4
[4071.370s][debug][gc,phases      ] GC(117)     Total                          Min: 0, Avg: 12.2, Max: 49, Diff: 49, Sum: 49, Workers: 4
[4071.370s][debug][gc,phases      ] GC(117)   JVMTI Tag Weak OopStorage      Min:  0.0, Avg:  0.0, Max:  0.0, Diff:  0.0, Sum:  0.0, Workers: 4
[4071.370s][debug][gc,phases      ] GC(117)     Dead                           Min: 0, Avg:  0.0, Max: 0, Diff: 0, Sum: 0, Workers: 4
[4071.370s][debug][gc,phases      ] GC(117)     Total                          Min: 0, Avg:  0.0, Max: 0, Diff: 0, Sum: 0, Workers: 4
[4071.370s][debug][gc,phases      ] GC(117)   StringTable Weak               Min:  0.0, Avg:  0.1, Max:  0.1, Diff:  0.1, Sum:  0.4, Workers: 4
[4071.370s][debug][gc,phases      ] GC(117)     Dead                           Min: 0, Avg:  0.0, Max: 0, Diff: 0, Sum: 0, Workers: 4
[4071.370s][debug][gc,phases      ] GC(117)     Total                          Min: 0, Avg: 10768.8, Max: 14976, Diff: 14976, Sum: 43075, Workers: 4
[4071.370s][debug][gc,phases      ] GC(117)   ResolvedMethodTable Weak       Min:  0.0, Avg:  0.0, Max:  0.0, Diff:  0.0, Sum:  0.1, Workers: 4
[4071.370s][debug][gc,phases      ] GC(117)     Dead                           Min: 0, Avg:  0.0, Max: 0, Diff: 0, Sum: 0, Workers: 4
[4071.370s][debug][gc,phases      ] GC(117)     Total                          Min: 0, Avg: 2130.5, Max: 3136, Diff: 3136, Sum: 8522, Workers: 4
[4071.370s][debug][gc,phases      ] GC(117)   JNI Weak                       Min:  0.0, Avg:  0.0, Max:  0.0, Diff:  0.0, Sum:  0.0, Workers: 4
[4071.370s][debug][gc,phases      ] GC(117)     Dead                           Min: 0, Avg:  0.0, Max: 0, Diff: 0, Sum: 0, Workers: 4
[4071.370s][debug][gc,phases      ] GC(117)     Total                          Min: 0, Avg: 11.2, Max: 45, Diff: 45, Sum: 45, Workers: 4
[4071.370s][debug][gc,phases      ] GC(117)   StringDedup Table Weak         Min:  0.0, Avg:  0.0, Max:  0.0, Diff:  0.0, Sum:  0.0, Workers: 4
[4071.370s][debug][gc,phases      ] GC(117)     Dead                           Min: 0, Avg:  0.0, Max: 0, Diff: 0, Sum: 0, Workers: 4
[4071.370s][debug][gc,phases      ] GC(117)     Total                          Min: 0, Avg:  0.0, Max: 0, Diff: 0, Sum: 0, Workers: 4
[4071.370s][debug][gc,phases      ] GC(117)   StringDedup Requests0 Weak     Min:  0.0, Avg:  0.0, Max:  0.0, Diff:  0.0, Sum:  0.0, Workers: 4
[4071.370s][debug][gc,phases      ] GC(117)     Dead                           Min: 0, Avg:  0.0, Max: 0, Diff: 0, Sum: 0, Workers: 4
[4071.370s][debug][gc,phases      ] GC(117)     Total                          Min: 0, Avg:  0.0, Max: 0, Diff: 0, Sum: 0, Workers: 4
[4071.370s][debug][gc,phases      ] GC(117)   StringDedup Requests1 Weak     Min:  0.0, Avg:  0.0, Max:  0.0, Diff:  0.0, Sum:  0.0, Workers: 4
[4071.370s][debug][gc,phases      ] GC(117)     Dead                           Min: 0, Avg:  0.0, Max: 0, Diff: 0, Sum: 0, Workers: 4
[4071.370s][debug][gc,phases      ] GC(117)     Total                          Min: 0, Avg:  0.0, Max: 0, Diff: 0, Sum: 0, Workers: 4
[4071.370s][debug][gc,phases      ] GC(117)   Weak JFR Old Object Samples    Min:  0.0, Avg:  0.0, Max:  0.0, Diff:  0.0, Sum:  0.0, Workers: 4
[4071.370s][debug][gc,phases      ] GC(117)     Dead                           Min: 0, Avg:  0.0, Max: 0, Diff: 0, Sum: 0, Workers: 4
[4071.370s][debug][gc,phases      ] GC(117)     Total                          Min: 0, Avg:  0.0, Max: 0, Diff: 0, Sum: 0, Workers: 4
[4071.370s][debug][gc,phases      ] GC(117) Weak Processing 0.303ms
[4071.370s][debug][gc,age         ] GC(117) Desired survivor size 1572864 bytes, new threshold 15 (max threshold 15)
[4071.370s][info ][gc,heap        ] GC(117) PSYoungGen: 2094208K(2095616K)->128K(2095616K) Eden: 2094080K(2094080K)->0K(2094080K) From: 128K(1536K)->128K(1536K)
[4071.370s][info ][gc,heap        ] GC(117) ParOldGen: 276883K(376832K)->276891K(376832K)
[4071.370s][info ][gc,metaspace   ] GC(117) Metaspace: 78619K(79488K)->78619K(79488K) NonClass: 67360K(67840K)->67360K(67840K) Class: 11258K(11648K)->11258K(11648K)
[4071.370s][info ][gc             ] GC(117) Pause Young (Allocation Failure) 2315M->270M(2414M) 2.360ms
[4071.370s][info ][gc,cpu         ] GC(117) User=0.01s Sys=0.00s Real=0.01s
[4071.370s][info ][safepoint      ] Safepoint "ParallelGCFailedAllocation", Time since last: 47150507863 ns, Reaching safepoint: 34400 ns, At safepoint: 2453733 ns, Total: 2488133 ns
[4118.566s][info ][gc,start       ] GC(118) Pause Young (Allocation Failure)
[4118.567s][debug][gc,phases      ] GC(118) Scavenge 1.188ms
[4118.567s][debug][gc,ref         ] GC(118) Skipped phase 1 of Reference Processing: no references
[4118.567s][debug][gc,ref         ] GC(118) Skipped phase 2 of Reference Processing: no references
[4118.567s][debug][gc,ref         ] GC(118) Skipped phase 3 of Reference Processing: no references
[4118.567s][debug][gc,ref         ] GC(118) Skipped phase 4 of Reference Processing: no references
[4118.567s][debug][gc,phases      ] GC(118) Reference Processing 0.029ms
[4118.568s][debug][gc,phases      ] GC(118)   VM Weak                        Min:  0.0, Avg:  0.0, Max:  0.0, Diff:  0.0, Sum:  0.0, Workers: 4
[4118.568s][debug][gc,phases      ] GC(118)     Dead                           Min: 0, Avg:  0.0, Max: 0, Diff: 0, Sum: 0, Workers: 4
[4118.568s][debug][gc,phases      ] GC(118)     Total                          Min: 0, Avg: 178.0, Max: 520, Diff: 520, Sum: 712, Workers: 4
[4118.568s][debug][gc,phases      ] GC(118)   ObjectSynchronizer Weak        Min:  0.0, Avg:  0.0, Max:  0.0, Diff:  0.0, Sum:  0.0, Workers: 4
[4118.568s][debug][gc,phases      ] GC(118)     Dead                           Min: 0, Avg:  0.0, Max: 0, Diff: 0, Sum: 0, Workers: 4
[4118.568s][debug][gc,phases      ] GC(118)     Total                          Min: 0, Avg: 12.2, Max: 49, Diff: 49, Sum: 49, Workers: 4
[4118.568s][debug][gc,phases      ] GC(118)   JVMTI Tag Weak OopStorage      Min:  0.0, Avg:  0.0, Max:  0.0, Diff:  0.0, Sum:  0.0, Workers: 4
[4118.568s][debug][gc,phases      ] GC(118)     Dead                           Min: 0, Avg:  0.0, Max: 0, Diff: 0, Sum: 0, Workers: 4
[4118.568s][debug][gc,phases      ] GC(118)     Total                          Min: 0, Avg:  0.0, Max: 0, Diff: 0, Sum: 0, Workers: 4
[4118.568s][debug][gc,phases      ] GC(118)   StringTable Weak               Min:  0.0, Avg:  0.1, Max:  0.2, Diff:  0.2, Sum:  0.4, Workers: 4
[4118.568s][debug][gc,phases      ] GC(118)     Dead                           Min: 0, Avg:  0.0, Max: 0, Diff: 0, Sum: 0, Workers: 4
[4118.568s][debug][gc,phases      ] GC(118)     Total                          Min: 0, Avg: 10768.8, Max: 22083, Diff: 22083, Sum: 43075, Workers: 4
[4118.568s][debug][gc,phases      ] GC(118)   ResolvedMethodTable Weak       Min:  0.0, Avg:  0.0, Max:  0.0, Diff:  0.0, Sum:  0.1, Workers: 4
[4118.568s][debug][gc,phases      ] GC(118)     Dead                           Min: 0, Avg:  0.0, Max: 0, Diff: 0, Sum: 0, Workers: 4
[4118.568s][debug][gc,phases      ] GC(118)     Total                          Min: 0, Avg: 2130.5, Max: 4362, Diff: 4362, Sum: 8522, Workers: 4
[4118.568s][debug][gc,phases      ] GC(118)   JNI Weak                       Min:  0.0, Avg:  0.0, Max:  0.0, Diff:  0.0, Sum:  0.0, Workers: 4
[4118.568s][debug][gc,phases      ] GC(118)     Dead                           Min: 0, Avg:  0.0, Max: 0, Diff: 0, Sum: 0, Workers: 4
[4118.568s][debug][gc,phases      ] GC(118)     Total                          Min: 0, Avg: 11.2, Max: 45, Diff: 45, Sum: 45, Workers: 4
[4118.568s][debug][gc,phases      ] GC(118)   StringDedup Table Weak         Min:  0.0, Avg:  0.0, Max:  0.0, Diff:  0.0, Sum:  0.0, Workers: 4
[4118.568s][debug][gc,phases      ] GC(118)     Dead                           Min: 0, Avg:  0.0, Max: 0, Diff: 0, Sum: 0, Workers: 4
[4118.568s][debug][gc,phases      ] GC(118)     Total                          Min: 0, Avg:  0.0, Max: 0, Diff: 0, Sum: 0, Workers: 4
[4118.568s][debug][gc,phases      ] GC(118)   StringDedup Requests0 Weak     Min:  0.0, Avg:  0.0, Max:  0.0, Diff:  0.0, Sum:  0.0, Workers: 4
[4118.568s][debug][gc,phases      ] GC(118)     Dead                           Min: 0, Avg:  0.0, Max: 0, Diff: 0, Sum: 0, Workers: 4
[4118.568s][debug][gc,phases      ] GC(118)     Total                          Min: 0, Avg:  0.0, Max: 0, Diff: 0, Sum: 0, Workers: 4
[4118.568s][debug][gc,phases      ] GC(118)   StringDedup Requests1 Weak     Min:  0.0, Avg:  0.0, Max:  0.0, Diff:  0.0, Sum:  0.0, Workers: 4
[4118.568s][debug][gc,phases      ] GC(118)     Dead                           Min: 0, Avg:  0.0, Max: 0, Diff: 0, Sum: 0, Workers: 4
[4118.568s][debug][gc,phases      ] GC(118)     Total                          Min: 0, Avg:  0.0, Max: 0, Diff: 0, Sum: 0, Workers: 4
[4118.568s][debug][gc,phases      ] GC(118)   Weak JFR Old Object Samples    Min:  0.0, Avg:  0.0, Max:  0.0, Diff:  0.0, Sum:  0.0, Workers: 4
[4118.568s][debug][gc,phases      ] GC(118)     Dead                           Min: 0, Avg:  0.0, Max: 0, Diff: 0, Sum: 0, Workers: 4
[4118.568s][debug][gc,phases      ] GC(118)     Total                          Min: 0, Avg:  0.0, Max: 0, Diff: 0, Sum: 0, Workers: 4
[4118.568s][debug][gc,phases      ] GC(118) Weak Processing 0.499ms
[4118.568s][debug][gc,age         ] GC(118) Desired survivor size 1048576 bytes, new threshold 15 (max threshold 15)
[4118.568s][info ][gc,heap        ] GC(118) PSYoungGen: 2094208K(2095616K)->128K(2096128K) Eden: 2094080K(2094080K)->0K(2094592K) From: 128K(1536K)->128K(1536K)
[4118.568s][info ][gc,heap        ] GC(118) ParOldGen: 276891K(376832K)->276899K(376832K)
[4118.568s][info ][gc,metaspace   ] GC(118) Metaspace: 78619K(79488K)->78619K(79488K) NonClass: 67360K(67840K)->67360K(67840K) Class: 11258K(11648K)->11258K(11648K)
[4118.568s][info ][gc             ] GC(118) Pause Young (Allocation Failure) 2315M->270M(2415M) 1.819ms
[4118.568s][info ][gc,cpu         ] GC(118) User=0.00s Sys=0.00s Real=0.01s
[4118.568s][info ][safepoint      ] Safepoint "ParallelGCFailedAllocation", Time since last: 47196033593 ns, Reaching safepoint: 39800 ns, At safepoint: 1899926 ns, Total: 1939726 ns
[4165.765s][info ][gc,start       ] GC(119) Pause Young (Allocation Failure)
[4165.767s][debug][gc,phases      ] GC(119) Scavenge 1.180ms
[4165.767s][debug][gc,ref         ] GC(119) Skipped phase 1 of Reference Processing: no references
[4165.767s][debug][gc,ref         ] GC(119) Skipped phase 2 of Reference Processing: no references
[4165.767s][debug][gc,ref         ] GC(119) Skipped phase 3 of Reference Processing: no references
[4165.767s][debug][gc,ref         ] GC(119) Skipped phase 4 of Reference Processing: no references
[4165.767s][debug][gc,phases      ] GC(119) Reference Processing 0.021ms
[4165.767s][debug][gc,phases      ] GC(119)   VM Weak                        Min:  0.0, Avg:  0.0, Max:  0.0, Diff:  0.0, Sum:  0.0, Workers: 4
[4165.767s][debug][gc,phases      ] GC(119)     Dead                           Min: 0, Avg:  0.0, Max: 0, Diff: 0, Sum: 0, Workers: 4
[4165.767s][debug][gc,phases      ] GC(119)     Total                          Min: 0, Avg: 178.0, Max: 512, Diff: 512, Sum: 712, Workers: 4
[4165.767s][debug][gc,phases      ] GC(119)   ObjectSynchronizer Weak        Min:  0.0, Avg:  0.0, Max:  0.0, Diff:  0.0, Sum:  0.0, Workers: 4
[4165.767s][debug][gc,phases      ] GC(119)     Dead                           Min: 0, Avg:  0.0, Max: 0, Diff: 0, Sum: 0, Workers: 4
[4165.767s][debug][gc,phases      ] GC(119)     Total                          Min: 0, Avg: 12.2, Max: 49, Diff: 49, Sum: 49, Workers: 4
[4165.767s][debug][gc,phases      ] GC(119)   JVMTI Tag Weak OopStorage      Min:  0.0, Avg:  0.0, Max:  0.0, Diff:  0.0, Sum:  0.0, Workers: 4
[4165.767s][debug][gc,phases      ] GC(119)     Dead                           Min: 0, Avg:  0.0, Max: 0, Diff: 0, Sum: 0, Workers: 4
[4165.767s][debug][gc,phases      ] GC(119)     Total                          Min: 0, Avg:  0.0, Max: 0, Diff: 0, Sum: 0, Workers: 4
[4165.767s][debug][gc,phases      ] GC(119)   StringTable Weak               Min:  0.0, Avg:  0.1, Max:  0.1, Diff:  0.1, Sum:  0.3, Workers: 4
[4165.767s][debug][gc,phases      ] GC(119)     Dead                           Min: 0, Avg:  0.0, Max: 0, Diff: 0, Sum: 0, Workers: 4
[4165.767s][debug][gc,phases      ] GC(119)     Total                          Min: 0, Avg: 10770.2, Max: 18944, Diff: 18944, Sum: 43081, Workers: 4
[4165.767s][debug][gc,phases      ] GC(119)   ResolvedMethodTable Weak       Min:  0.0, Avg:  0.0, Max:  0.0, Diff:  0.0, Sum:  0.1, Workers: 4
[4165.767s][debug][gc,phases      ] GC(119)     Dead                           Min: 0, Avg:  0.0, Max: 0, Diff: 0, Sum: 0, Workers: 4
[4165.767s][debug][gc,phases      ] GC(119)     Total                          Min: 0, Avg: 2130.5, Max: 3840, Diff: 3840, Sum: 8522, Workers: 4
[4165.767s][debug][gc,phases      ] GC(119)   JNI Weak                       Min:  0.0, Avg:  0.0, Max:  0.0, Diff:  0.0, Sum:  0.0, Workers: 4
[4165.767s][debug][gc,phases      ] GC(119)     Dead                           Min: 0, Avg:  0.0, Max: 0, Diff: 0, Sum: 0, Workers: 4
[4165.767s][debug][gc,phases      ] GC(119)     Total                          Min: 0, Avg: 11.2, Max: 45, Diff: 45, Sum: 45, Workers: 4
[4165.767s][debug][gc,phases      ] GC(119)   StringDedup Table Weak         Min:  0.0, Avg:  0.0, Max:  0.0, Diff:  0.0, Sum:  0.0, Workers: 4
[4165.767s][debug][gc,phases      ] GC(119)     Dead                           Min: 0, Avg:  0.0, Max: 0, Diff: 0, Sum: 0, Workers: 4
[4165.767s][debug][gc,phases      ] GC(119)     Total                          Min: 0, Avg:  0.0, Max: 0, Diff: 0, Sum: 0, Workers: 4
[4165.767s][debug][gc,phases      ] GC(119)   StringDedup Requests0 Weak     Min:  0.0, Avg:  0.0, Max:  0.0, Diff:  0.0, Sum:  0.0, Workers: 4
[4165.767s][debug][gc,phases      ] GC(119)     Dead                           Min: 0, Avg:  0.0, Max: 0, Diff: 0, Sum: 0, Workers: 4
[4165.767s][debug][gc,phases      ] GC(119)     Total                          Min: 0, Avg:  0.0, Max: 0, Diff: 0, Sum: 0, Workers: 4
[4165.767s][debug][gc,phases      ] GC(119)   StringDedup Requests1 Weak     Min:  0.0, Avg:  0.0, Max:  0.0, Diff:  0.0, Sum:  0.0, Workers: 4
[4165.767s][debug][gc,phases      ] GC(119)     Dead                           Min: 0, Avg:  0.0, Max: 0, Diff: 0, Sum: 0, Workers: 4
[4165.767s][debug][gc,phases      ] GC(119)     Total                          Min: 0, Avg:  0.0, Max: 0, Diff: 0, Sum: 0, Workers: 4
[4165.767s][debug][gc,phases      ] GC(119)   Weak JFR Old Object Samples    Min:  0.0, Avg:  0.0, Max:  0.0, Diff:  0.0, Sum:  0.0, Workers: 4
[4165.767s][debug][gc,phases      ] GC(119)     Dead                           Min: 0, Avg:  0.0, Max: 0, Diff: 0, Sum: 0, Workers: 4
[4165.767s][debug][gc,phases      ] GC(119)     Total                          Min: 0, Avg:  0.0, Max: 0, Diff: 0, Sum: 0, Workers: 4
[4165.767s][debug][gc,phases      ] GC(119) Weak Processing 0.286ms
[4165.767s][debug][gc,age         ] GC(119) Desired survivor size 1048576 bytes, new threshold 15 (max threshold 15)
[4165.767s][info ][gc,heap        ] GC(119) PSYoungGen: 2094720K(2096128K)->160K(2095616K) Eden: 2094592K(2094592K)->0K(2094592K) From: 128K(1536K)->160K(1024K)
[4165.767s][info ][gc,heap        ] GC(119) ParOldGen: 276899K(376832K)->276907K(376832K)
[4165.767s][info ][gc,metaspace   ] GC(119) Metaspace: 78619K(79488K)->78619K(79488K) NonClass: 67360K(67840K)->67360K(67840K) Class: 11258K(11648K)->11258K(11648K)
[4165.767s][info ][gc             ] GC(119) Pause Young (Allocation Failure) 2316M->270M(2414M) 1.576ms
[4165.767s][info ][gc,cpu         ] GC(119) User=0.00s Sys=0.00s Real=0.00s
[4165.767s][info ][safepoint      ] Safepoint "ParallelGCFailedAllocation", Time since last: 47197515030 ns, Reaching safepoint: 24900 ns, At safepoint: 1658122 ns, Total: 1683022 ns
[4212.965s][info ][gc,start       ] GC(120) Pause Young (Allocation Failure)
[4212.966s][debug][gc,phases      ] GC(120) Scavenge 0.720ms
[4212.966s][debug][gc,ref         ] GC(120) Skipped phase 1 of Reference Processing: no references
[4212.966s][debug][gc,ref         ] GC(120) Skipped phase 2 of Reference Processing: no references
[4212.966s][debug][gc,ref         ] GC(120) Skipped phase 3 of Reference Processing: no references
[4212.966s][debug][gc,ref         ] GC(120) Skipped phase 4 of Reference Processing: no references
[4212.966s][debug][gc,phases      ] GC(120) Reference Processing 0.019ms
[4212.966s][debug][gc,phases      ] GC(120)   VM Weak                        Min:  0.0, Avg:  0.0, Max:  0.0, Diff:  0.0, Sum:  0.0, Workers: 4
[4212.966s][debug][gc,phases      ] GC(120)     Dead                           Min: 0, Avg:  0.0, Max: 0, Diff: 0, Sum: 0, Workers: 4
[4212.966s][debug][gc,phases      ] GC(120)     Total                          Min: 0, Avg: 178.0, Max: 576, Diff: 576, Sum: 712, Workers: 4
[4212.966s][debug][gc,phases      ] GC(120)   ObjectSynchronizer Weak        Min:  0.0, Avg:  0.0, Max:  0.0, Diff:  0.0, Sum:  0.0, Workers: 4
[4212.966s][debug][gc,phases      ] GC(120)     Dead                           Min: 0, Avg:  0.0, Max: 0, Diff: 0, Sum: 0, Workers: 4
[4212.966s][debug][gc,phases      ] GC(120)     Total                          Min: 0, Avg: 12.2, Max: 49, Diff: 49, Sum: 49, Workers: 4
[4212.966s][debug][gc,phases      ] GC(120)   JVMTI Tag Weak OopStorage      Min:  0.0, Avg:  0.0, Max:  0.0, Diff:  0.0, Sum:  0.0, Workers: 4
[4212.966s][debug][gc,phases      ] GC(120)     Dead                           Min: 0, Avg:  0.0, Max: 0, Diff: 0, Sum: 0, Workers: 4
[4212.966s][debug][gc,phases      ] GC(120)     Total                          Min: 0, Avg:  0.0, Max: 0, Diff: 0, Sum: 0, Workers: 4
[4212.966s][debug][gc,phases      ] GC(120)   StringTable Weak               Min:  0.0, Avg:  0.1, Max:  0.1, Diff:  0.1, Sum:  0.3, Workers: 4
[4212.966s][debug][gc,phases      ] GC(120)     Dead                           Min: 0, Avg:  0.0, Max: 0, Diff: 0, Sum: 0, Workers: 4
[4212.966s][debug][gc,phases      ] GC(120)     Total                          Min: 0, Avg: 10770.2, Max: 18048, Diff: 18048, Sum: 43081, Workers: 4
[4212.966s][debug][gc,phases      ] GC(120)   ResolvedMethodTable Weak       Min:  0.0, Avg:  0.0, Max:  0.0, Diff:  0.0, Sum:  0.1, Workers: 4
[4212.966s][debug][gc,phases      ] GC(120)     Dead                           Min: 0, Avg:  0.0, Max: 0, Diff: 0, Sum: 0, Workers: 4
[4212.966s][debug][gc,phases      ] GC(120)     Total                          Min: 0, Avg: 2130.5, Max: 3658, Diff: 3658, Sum: 8522, Workers: 4
[4212.966s][debug][gc,phases      ] GC(120)   JNI Weak                       Min:  0.0, Avg:  0.0, Max:  0.0, Diff:  0.0, Sum:  0.0, Workers: 4
[4212.966s][debug][gc,phases      ] GC(120)     Dead                           Min: 0, Avg:  0.0, Max: 0, Diff: 0, Sum: 0, Workers: 4
[4212.966s][debug][gc,phases      ] GC(120)     Total                          Min: 0, Avg: 11.2, Max: 45, Diff: 45, Sum: 45, Workers: 4
[4212.966s][debug][gc,phases      ] GC(120)   StringDedup Table Weak         Min:  0.0, Avg:  0.0, Max:  0.0, Diff:  0.0, Sum:  0.0, Workers: 4
[4212.966s][debug][gc,phases      ] GC(120)     Dead                           Min: 0, Avg:  0.0, Max: 0, Diff: 0, Sum: 0, Workers: 4
[4212.966s][debug][gc,phases      ] GC(120)     Total                          Min: 0, Avg:  0.0, Max: 0, Diff: 0, Sum: 0, Workers: 4
[4212.966s][debug][gc,phases      ] GC(120)   StringDedup Requests0 Weak     Min:  0.0, Avg:  0.0, Max:  0.0, Diff:  0.0, Sum:  0.0, Workers: 4
[4212.966s][debug][gc,phases      ] GC(120)     Dead                           Min: 0, Avg:  0.0, Max: 0, Diff: 0, Sum: 0, Workers: 4
[4212.966s][debug][gc,phases      ] GC(120)     Total                          Min: 0, Avg:  0.0, Max: 0, Diff: 0, Sum: 0, Workers: 4
[4212.966s][debug][gc,phases      ] GC(120)   StringDedup Requests1 Weak     Min:  0.0, Avg:  0.0, Max:  0.0, Diff:  0.0, Sum:  0.0, Workers: 4
[4212.966s][debug][gc,phases      ] GC(120)     Dead                           Min: 0, Avg:  0.0, Max: 0, Diff: 0, Sum: 0, Workers: 4
[4212.966s][debug][gc,phases      ] GC(120)     Total                          Min: 0, Avg:  0.0, Max: 0, Diff: 0, Sum: 0, Workers: 4
[4212.966s][debug][gc,phases      ] GC(120)   Weak JFR Old Object Samples    Min:  0.0, Avg:  0.0, Max:  0.0, Diff:  0.0, Sum:  0.0, Workers: 4
[4212.966s][debug][gc,phases      ] GC(120)     Dead                           Min: 0, Avg:  0.0, Max: 0, Diff: 0, Sum: 0, Workers: 4
[4212.966s][debug][gc,phases      ] GC(120)     Total                          Min: 0, Avg:  0.0, Max: 0, Diff: 0, Sum: 0, Workers: 4
[4212.966s][debug][gc,phases      ] GC(120) Weak Processing 0.304ms
[4212.966s][debug][gc,age         ] GC(120) Desired survivor size 1048576 bytes, new threshold 15 (max threshold 15)
[4212.966s][info ][gc,heap        ] GC(120) PSYoungGen: 2094752K(2095616K)->256K(2096128K) Eden: 2094592K(2094592K)->0K(2095104K) From: 160K(1024K)->256K(1024K)
[4212.966s][info ][gc,heap        ] GC(120) ParOldGen: 276907K(376832K)->276915K(376832K)
[4212.966s][info ][gc,metaspace   ] GC(120) Metaspace: 78619K(79488K)->78619K(79488K) NonClass: 67360K(67840K)->67360K(67840K) Class: 11258K(11648K)->11258K(11648K)
[4212.966s][info ][gc             ] GC(120) Pause Young (Allocation Failure) 2316M->270M(2415M) 1.121ms
[4212.966s][info ][gc,cpu         ] GC(120) User=0.01s Sys=0.00s Real=0.00s
[4212.966s][info ][safepoint      ] Safepoint "ParallelGCFailedAllocation", Time since last: 47198196410 ns, Reaching safepoint: 22001 ns, At safepoint: 1192715 ns, Total: 1214716 ns
[4214.967s][info ][safepoint      ] Safepoint "Cleanup", Time since last: 2000159148 ns, Reaching safepoint: 110701 ns, At safepoint: 4600 ns, Total: 115301 ns
[4259.215s][info ][gc,start       ] GC(121) Pause Young (Allocation Failure)
[4259.216s][debug][gc,phases      ] GC(121) Scavenge 0.768ms
[4259.216s][debug][gc,ref         ] GC(121) Skipped phase 1 of Reference Processing: no references
[4259.216s][debug][gc,ref         ] GC(121) ReferenceProcessor::execute queues: 1, RefProcThreadModel::Single, marks_oops_alive: false
[4259.216s][debug][gc,ref         ] GC(121) Skipped phase 3 of Reference Processing: no references
[4259.216s][debug][gc,ref         ] GC(121) ReferenceProcessor::execute queues: 1, RefProcThreadModel::Single, marks_oops_alive: false
[4259.216s][debug][gc,phases      ] GC(121) Reference Processing 0.087ms
[4259.216s][debug][gc,phases      ] GC(121)   VM Weak                        Min:  0.0, Avg:  0.0, Max:  0.0, Diff:  0.0, Sum:  0.0, Workers: 4
[4259.217s][debug][gc,phases      ] GC(121)     Dead                           Min: 0, Avg:  0.0, Max: 0, Diff: 0, Sum: 0, Workers: 4
[4259.217s][debug][gc,phases      ] GC(121)     Total                          Min: 0, Avg: 178.0, Max: 512, Diff: 512, Sum: 712, Workers: 4
[4259.217s][debug][gc,phases      ] GC(121)   ObjectSynchronizer Weak        Min:  0.0, Avg:  0.0, Max:  0.0, Diff:  0.0, Sum:  0.0, Workers: 4
[4259.217s][debug][gc,phases      ] GC(121)     Dead                           Min: 0, Avg:  0.0, Max: 0, Diff: 0, Sum: 0, Workers: 4
[4259.217s][debug][gc,phases      ] GC(121)     Total                          Min: 0, Avg: 12.2, Max: 49, Diff: 49, Sum: 49, Workers: 4
[4259.217s][debug][gc,phases      ] GC(121)   JVMTI Tag Weak OopStorage      Min:  0.0, Avg:  0.0, Max:  0.0, Diff:  0.0, Sum:  0.0, Workers: 4
[4259.217s][debug][gc,phases      ] GC(121)     Dead                           Min: 0, Avg:  0.0, Max: 0, Diff: 0, Sum: 0, Workers: 4
[4259.217s][debug][gc,phases      ] GC(121)     Total                          Min: 0, Avg:  0.0, Max: 0, Diff: 0, Sum: 0, Workers: 4
[4259.217s][debug][gc,phases      ] GC(121)   StringTable Weak               Min:  0.0, Avg:  0.1, Max:  0.1, Diff:  0.1, Sum:  0.3, Workers: 4
[4259.217s][debug][gc,phases      ] GC(121)     Dead                           Min: 0, Avg:  0.0, Max: 0, Diff: 0, Sum: 0, Workers: 4
[4259.217s][debug][gc,phases      ] GC(121)     Total                          Min: 0, Avg: 10770.2, Max: 19264, Diff: 19264, Sum: 43081, Workers: 4
[4259.217s][debug][gc,phases      ] GC(121)   ResolvedMethodTable Weak       Min:  0.0, Avg:  0.0, Max:  0.0, Diff:  0.0, Sum:  0.1, Workers: 4
[4259.217s][debug][gc,phases      ] GC(121)     Dead                           Min: 0, Avg:  0.0, Max: 0, Diff: 0, Sum: 0, Workers: 4
[4259.217s][debug][gc,phases      ] GC(121)     Total                          Min: 0, Avg: 2130.5, Max: 3264, Diff: 3264, Sum: 8522, Workers: 4
[4259.217s][debug][gc,phases      ] GC(121)   JNI Weak                       Min:  0.0, Avg:  0.0, Max:  0.0, Diff:  0.0, Sum:  0.0, Workers: 4
[4259.217s][debug][gc,phases      ] GC(121)     Dead                           Min: 0, Avg:  0.0, Max: 0, Diff: 0, Sum: 0, Workers: 4
[4259.217s][debug][gc,phases      ] GC(121)     Total                          Min: 0, Avg: 11.2, Max: 45, Diff: 45, Sum: 45, Workers: 4
[4259.217s][debug][gc,phases      ] GC(121)   StringDedup Table Weak         Min:  0.0, Avg:  0.0, Max:  0.0, Diff:  0.0, Sum:  0.0, Workers: 4
[4259.217s][debug][gc,phases      ] GC(121)     Dead                           Min: 0, Avg:  0.0, Max: 0, Diff: 0, Sum: 0, Workers: 4
[4259.217s][debug][gc,phases      ] GC(121)     Total                          Min: 0, Avg:  0.0, Max: 0, Diff: 0, Sum: 0, Workers: 4
[4259.217s][debug][gc,phases      ] GC(121)   StringDedup Requests0 Weak     Min:  0.0, Avg:  0.0, Max:  0.0, Diff:  0.0, Sum:  0.0, Workers: 4
[4259.217s][debug][gc,phases      ] GC(121)     Dead                           Min: 0, Avg:  0.0, Max: 0, Diff: 0, Sum: 0, Workers: 4
[4259.217s][debug][gc,phases      ] GC(121)     Total                          Min: 0, Avg:  0.0, Max: 0, Diff: 0, Sum: 0, Workers: 4
[4259.217s][debug][gc,phases      ] GC(121)   StringDedup Requests1 Weak     Min:  0.0, Avg:  0.0, Max:  0.0, Diff:  0.0, Sum:  0.0, Workers: 4
[4259.217s][debug][gc,phases      ] GC(121)     Dead                           Min: 0, Avg:  0.0, Max: 0, Diff: 0, Sum: 0, Workers: 4
[4259.217s][debug][gc,phases      ] GC(121)     Total                          Min: 0, Avg:  0.0, Max: 0, Diff: 0, Sum: 0, Workers: 4
[4259.217s][debug][gc,phases      ] GC(121)   Weak JFR Old Object Samples    Min:  0.0, Avg:  0.0, Max:  0.0, Diff:  0.0, Sum:  0.0, Workers: 4
[4259.217s][debug][gc,phases      ] GC(121)     Dead                           Min: 0, Avg:  0.0, Max: 0, Diff: 0, Sum: 0, Workers: 4
[4259.217s][debug][gc,phases      ] GC(121)     Total                          Min: 0, Avg:  0.0, Max: 0, Diff: 0, Sum: 0, Workers: 4
[4259.217s][debug][gc,phases      ] GC(121) Weak Processing 0.334ms
[4259.217s][debug][gc,age         ] GC(121) Desired survivor size 1048576 bytes, new threshold 15 (max threshold 15)
[4259.217s][info ][gc,heap        ] GC(121) PSYoungGen: 2095360K(2096128K)->128K(2096128K) Eden: 2095104K(2095104K)->0K(2095104K) From: 256K(1024K)->128K(1024K)
[4259.217s][info ][gc,heap        ] GC(121) ParOldGen: 276915K(376832K)->276923K(376832K)
[4259.217s][info ][gc,metaspace   ] GC(121) Metaspace: 78619K(79488K)->78619K(79488K) NonClass: 67360K(67840K)->67360K(67840K) Class: 11258K(11648K)->11258K(11648K)
[4259.217s][info ][gc             ] GC(121) Pause Young (Allocation Failure) 2316M->270M(2415M) 1.260ms
[4259.217s][info ][gc,cpu         ] GC(121) User=0.00s Sys=0.00s Real=0.01s
[4259.217s][info ][safepoint      ] Safepoint "ParallelGCFailedAllocation", Time since last: 44248570454 ns, Reaching safepoint: 32201 ns, At safepoint: 1323417 ns, Total: 1355618 ns
[4305.915s][info ][gc,start       ] GC(122) Pause Young (Allocation Failure)
[4305.917s][debug][gc,phases      ] GC(122) Scavenge 1.137ms
[4305.917s][debug][gc,ref         ] GC(122) Skipped phase 1 of Reference Processing: no references
[4305.917s][debug][gc,ref         ] GC(122) Skipped phase 2 of Reference Processing: no references
[4305.917s][debug][gc,ref         ] GC(122) Skipped phase 3 of Reference Processing: no references
[4305.917s][debug][gc,ref         ] GC(122) Skipped phase 4 of Reference Processing: no references
[4305.917s][debug][gc,phases      ] GC(122) Reference Processing 0.019ms
[4305.917s][debug][gc,phases      ] GC(122)   VM Weak                        Min:  0.0, Avg:  0.0, Max:  0.0, Diff:  0.0, Sum:  0.0, Workers: 4
[4305.917s][debug][gc,phases      ] GC(122)     Dead                           Min: 0, Avg:  0.0, Max: 0, Diff: 0, Sum: 0, Workers: 4
[4305.917s][debug][gc,phases      ] GC(122)     Total                          Min: 0, Avg: 178.0, Max: 512, Diff: 512, Sum: 712, Workers: 4
[4305.917s][debug][gc,phases      ] GC(122)   ObjectSynchronizer Weak        Min:  0.0, Avg:  0.0, Max:  0.0, Diff:  0.0, Sum:  0.0, Workers: 4
[4305.917s][debug][gc,phases      ] GC(122)     Dead                           Min: 0, Avg:  0.0, Max: 0, Diff: 0, Sum: 0, Workers: 4
[4305.917s][debug][gc,phases      ] GC(122)     Total                          Min: 0, Avg: 12.2, Max: 49, Diff: 49, Sum: 49, Workers: 4
[4305.917s][debug][gc,phases      ] GC(122)   JVMTI Tag Weak OopStorage      Min:  0.0, Avg:  0.0, Max:  0.0, Diff:  0.0, Sum:  0.0, Workers: 4
[4305.917s][debug][gc,phases      ] GC(122)     Dead                           Min: 0, Avg:  0.0, Max: 0, Diff: 0, Sum: 0, Workers: 4
[4305.917s][debug][gc,phases      ] GC(122)     Total                          Min: 0, Avg:  0.0, Max: 0, Diff: 0, Sum: 0, Workers: 4
[4305.917s][debug][gc,phases      ] GC(122)   StringTable Weak               Min:  0.0, Avg:  0.1, Max:  0.1, Diff:  0.1, Sum:  0.3, Workers: 4
[4305.917s][debug][gc,phases      ] GC(122)     Dead                           Min: 0, Avg:  0.0, Max: 0, Diff: 0, Sum: 0, Workers: 4
[4305.917s][debug][gc,phases      ] GC(122)     Total                          Min: 0, Avg: 10770.2, Max: 18953, Diff: 18953, Sum: 43081, Workers: 4
[4305.917s][debug][gc,phases      ] GC(122)   ResolvedMethodTable Weak       Min:  0.0, Avg:  0.0, Max:  0.0, Diff:  0.0, Sum:  0.1, Workers: 4
[4305.917s][debug][gc,phases      ] GC(122)     Dead                           Min: 0, Avg:  0.0, Max: 0, Diff: 0, Sum: 0, Workers: 4
[4305.917s][debug][gc,phases      ] GC(122)     Total                          Min: 0, Avg: 2130.5, Max: 3712, Diff: 3712, Sum: 8522, Workers: 4
[4305.917s][debug][gc,phases      ] GC(122)   JNI Weak                       Min:  0.0, Avg:  0.0, Max:  0.0, Diff:  0.0, Sum:  0.0, Workers: 4
[4305.917s][debug][gc,phases      ] GC(122)     Dead                           Min: 0, Avg:  0.0, Max: 0, Diff: 0, Sum: 0, Workers: 4
[4305.917s][debug][gc,phases      ] GC(122)     Total                          Min: 0, Avg: 11.2, Max: 45, Diff: 45, Sum: 45, Workers: 4
[4305.917s][debug][gc,phases      ] GC(122)   StringDedup Table Weak         Min:  0.0, Avg:  0.0, Max:  0.0, Diff:  0.0, Sum:  0.0, Workers: 4
[4305.917s][debug][gc,phases      ] GC(122)     Dead                           Min: 0, Avg:  0.0, Max: 0, Diff: 0, Sum: 0, Workers: 4
[4305.917s][debug][gc,phases      ] GC(122)     Total                          Min: 0, Avg:  0.0, Max: 0, Diff: 0, Sum: 0, Workers: 4
[4305.917s][debug][gc,phases      ] GC(122)   StringDedup Requests0 Weak     Min:  0.0, Avg:  0.0, Max:  0.0, Diff:  0.0, Sum:  0.0, Workers: 4
[4305.917s][debug][gc,phases      ] GC(122)     Dead                           Min: 0, Avg:  0.0, Max: 0, Diff: 0, Sum: 0, Workers: 4
[4305.917s][debug][gc,phases      ] GC(122)     Total                          Min: 0, Avg:  0.0, Max: 0, Diff: 0, Sum: 0, Workers: 4
[4305.917s][debug][gc,phases      ] GC(122)   StringDedup Requests1 Weak     Min:  0.0, Avg:  0.0, Max:  0.0, Diff:  0.0, Sum:  0.0, Workers: 4
[4305.917s][debug][gc,phases      ] GC(122)     Dead                           Min: 0, Avg:  0.0, Max: 0, Diff: 0, Sum: 0, Workers: 4
[4305.917s][debug][gc,phases      ] GC(122)     Total                          Min: 0, Avg:  0.0, Max: 0, Diff: 0, Sum: 0, Workers: 4
[4305.917s][debug][gc,phases      ] GC(122)   Weak JFR Old Object Samples    Min:  0.0, Avg:  0.0, Max:  0.0, Diff:  0.0, Sum:  0.0, Workers: 4
[4305.917s][debug][gc,phases      ] GC(122)     Dead                           Min: 0, Avg:  0.0, Max: 0, Diff: 0, Sum: 0, Workers: 4
[4305.917s][debug][gc,phases      ] GC(122)     Total                          Min: 0, Avg:  0.0, Max: 0, Diff: 0, Sum: 0, Workers: 4
[4305.917s][debug][gc,phases      ] GC(122) Weak Processing 0.287ms
[4305.917s][debug][gc,age         ] GC(122) Desired survivor size 1048576 bytes, new threshold 15 (max threshold 15)
[4305.917s][info ][gc,heap        ] GC(122) PSYoungGen: 2095232K(2096128K)->128K(2096128K) Eden: 2095104K(2095104K)->0K(2095104K) From: 128K(1024K)->128K(1024K)
[4305.917s][info ][gc,heap        ] GC(122) ParOldGen: 276923K(376832K)->276947K(376832K)
[4305.917s][info ][gc,metaspace   ] GC(122) Metaspace: 78619K(79488K)->78619K(79488K) NonClass: 67360K(67840K)->67360K(67840K) Class: 11258K(11648K)->11258K(11648K)
[4305.917s][info ][gc             ] GC(122) Pause Young (Allocation Failure) 2316M->270M(2415M) 1.517ms
[4305.917s][info ][gc,cpu         ] GC(122) User=0.00s Sys=0.00s Real=0.01s
[4305.917s][info ][safepoint      ] Safepoint "ParallelGCFailedAllocation", Time since last: 46698496619 ns, Reaching safepoint: 109401 ns, At safepoint: 1591021 ns, Total: 1700422 ns
[4352.715s][info ][gc,start       ] GC(123) Pause Young (Allocation Failure)
[4352.716s][debug][gc,phases      ] GC(123) Scavenge 0.758ms
[4352.716s][debug][gc,ref         ] GC(123) Skipped phase 1 of Reference Processing: no references
[4352.716s][debug][gc,ref         ] GC(123) Skipped phase 2 of Reference Processing: no references
[4352.716s][debug][gc,ref         ] GC(123) Skipped phase 3 of Reference Processing: no references
[4352.716s][debug][gc,ref         ] GC(123) Skipped phase 4 of Reference Processing: no references
[4352.716s][debug][gc,phases      ] GC(123) Reference Processing 0.018ms
[4352.716s][debug][gc,phases      ] GC(123)   VM Weak                        Min:  0.0, Avg:  0.0, Max:  0.0, Diff:  0.0, Sum:  0.0, Workers: 4
[4352.716s][debug][gc,phases      ] GC(123)     Dead                           Min: 0, Avg:  0.0, Max: 0, Diff: 0, Sum: 0, Workers: 4
[4352.716s][debug][gc,phases      ] GC(123)     Total                          Min: 0, Avg: 178.0, Max: 648, Diff: 648, Sum: 712, Workers: 4
[4352.716s][debug][gc,phases      ] GC(123)   ObjectSynchronizer Weak        Min:  0.0, Avg:  0.0, Max:  0.0, Diff:  0.0, Sum:  0.0, Workers: 4
[4352.716s][debug][gc,phases      ] GC(123)     Dead                           Min: 0, Avg:  0.0, Max: 0, Diff: 0, Sum: 0, Workers: 4
[4352.716s][debug][gc,phases      ] GC(123)     Total                          Min: 0, Avg: 12.2, Max: 49, Diff: 49, Sum: 49, Workers: 4
[4352.716s][debug][gc,phases      ] GC(123)   JVMTI Tag Weak OopStorage      Min:  0.0, Avg:  0.0, Max:  0.0, Diff:  0.0, Sum:  0.0, Workers: 4
[4352.716s][debug][gc,phases      ] GC(123)     Dead                           Min: 0, Avg:  0.0, Max: 0, Diff: 0, Sum: 0, Workers: 4
[4352.716s][debug][gc,phases      ] GC(123)     Total                          Min: 0, Avg:  0.0, Max: 0, Diff: 0, Sum: 0, Workers: 4
[4352.716s][debug][gc,phases      ] GC(123)   StringTable Weak               Min:  0.0, Avg:  0.1, Max:  0.1, Diff:  0.1, Sum:  0.3, Workers: 4
[4352.716s][debug][gc,phases      ] GC(123)     Dead                           Min: 0, Avg:  0.0, Max: 0, Diff: 0, Sum: 0, Workers: 4
[4352.716s][debug][gc,phases      ] GC(123)     Total                          Min: 0, Avg: 10770.2, Max: 17408, Diff: 17408, Sum: 43081, Workers: 4
[4352.716s][debug][gc,phases      ] GC(123)   ResolvedMethodTable Weak       Min:  0.0, Avg:  0.0, Max:  0.0, Diff:  0.0, Sum:  0.1, Workers: 4
[4352.716s][debug][gc,phases      ] GC(123)     Dead                           Min: 0, Avg:  0.0, Max: 0, Diff: 0, Sum: 0, Workers: 4
[4352.716s][debug][gc,phases      ] GC(123)     Total                          Min: 0, Avg: 2130.5, Max: 3786, Diff: 3786, Sum: 8522, Workers: 4
[4352.716s][debug][gc,phases      ] GC(123)   JNI Weak                       Min:  0.0, Avg:  0.0, Max:  0.0, Diff:  0.0, Sum:  0.0, Workers: 4
[4352.716s][debug][gc,phases      ] GC(123)     Dead                           Min: 0, Avg:  0.0, Max: 0, Diff: 0, Sum: 0, Workers: 4
[4352.716s][debug][gc,phases      ] GC(123)     Total                          Min: 0, Avg: 11.2, Max: 45, Diff: 45, Sum: 45, Workers: 4
[4352.716s][debug][gc,phases      ] GC(123)   StringDedup Table Weak         Min:  0.0, Avg:  0.0, Max:  0.0, Diff:  0.0, Sum:  0.0, Workers: 4
[4352.716s][debug][gc,phases      ] GC(123)     Dead                           Min: 0, Avg:  0.0, Max: 0, Diff: 0, Sum: 0, Workers: 4
[4352.716s][debug][gc,phases      ] GC(123)     Total                          Min: 0, Avg:  0.0, Max: 0, Diff: 0, Sum: 0, Workers: 4
[4352.716s][debug][gc,phases      ] GC(123)   StringDedup Requests0 Weak     Min:  0.0, Avg:  0.0, Max:  0.0, Diff:  0.0, Sum:  0.0, Workers: 4
[4352.716s][debug][gc,phases      ] GC(123)     Dead                           Min: 0, Avg:  0.0, Max: 0, Diff: 0, Sum: 0, Workers: 4
[4352.716s][debug][gc,phases      ] GC(123)     Total                          Min: 0, Avg:  0.0, Max: 0, Diff: 0, Sum: 0, Workers: 4
[4352.716s][debug][gc,phases      ] GC(123)   StringDedup Requests1 Weak     Min:  0.0, Avg:  0.0, Max:  0.0, Diff:  0.0, Sum:  0.0, Workers: 4
[4352.716s][debug][gc,phases      ] GC(123)     Dead                           Min: 0, Avg:  0.0, Max: 0, Diff: 0, Sum: 0, Workers: 4
[4352.716s][debug][gc,phases      ] GC(123)     Total                          Min: 0, Avg:  0.0, Max: 0, Diff: 0, Sum: 0, Workers: 4
[4352.716s][debug][gc,phases      ] GC(123)   Weak JFR Old Object Samples    Min:  0.0, Avg:  0.0, Max:  0.0, Diff:  0.0, Sum:  0.0, Workers: 4
[4352.716s][debug][gc,phases      ] GC(123)     Dead                           Min: 0, Avg:  0.0, Max: 0, Diff: 0, Sum: 0, Workers: 4
[4352.716s][debug][gc,phases      ] GC(123)     Total                          Min: 0, Avg:  0.0, Max: 0, Diff: 0, Sum: 0, Workers: 4
[4352.716s][debug][gc,phases      ] GC(123) Weak Processing 0.307ms
[4352.716s][debug][gc,age         ] GC(123) Desired survivor size 1048576 bytes, new threshold 15 (max threshold 15)
[4352.716s][info ][gc,heap        ] GC(123) PSYoungGen: 2095232K(2096128K)->128K(2096128K) Eden: 2095104K(2095104K)->0K(2095104K) From: 128K(1024K)->128K(1024K)
[4352.716s][info ][gc,heap        ] GC(123) ParOldGen: 276947K(376832K)->276963K(376832K)
[4352.716s][info ][gc,metaspace   ] GC(123) Metaspace: 78621K(79488K)->78621K(79488K) NonClass: 67362K(67840K)->67362K(67840K) Class: 11258K(11648K)->11258K(11648K)
[4352.716s][info ][gc             ] GC(123) Pause Young (Allocation Failure) 2316M->270M(2415M) 1.160ms
[4352.716s][info ][gc,cpu         ] GC(123) User=0.00s Sys=0.00s Real=0.01s
[4352.717s][info ][safepoint      ] Safepoint "ParallelGCFailedAllocation", Time since last: 46798290365 ns, Reaching safepoint: 104202 ns, At safepoint: 1230516 ns, Total: 1334718 ns
[4399.915s][info ][gc,start       ] GC(124) Pause Young (Allocation Failure)
[4399.916s][debug][gc,phases      ] GC(124) Scavenge 0.890ms
[4399.916s][debug][gc,ref         ] GC(124) Skipped phase 1 of Reference Processing: no references
[4399.916s][debug][gc,ref         ] GC(124) Skipped phase 2 of Reference Processing: no references
[4399.916s][debug][gc,ref         ] GC(124) Skipped phase 3 of Reference Processing: no references
[4399.916s][debug][gc,ref         ] GC(124) Skipped phase 4 of Reference Processing: no references
[4399.916s][debug][gc,phases      ] GC(124) Reference Processing 0.019ms
[4399.916s][debug][gc,phases      ] GC(124)   VM Weak                        Min:  0.0, Avg:  0.0, Max:  0.0, Diff:  0.0, Sum:  0.0, Workers: 4
[4399.916s][debug][gc,phases      ] GC(124)     Dead                           Min: 0, Avg:  0.0, Max: 0, Diff: 0, Sum: 0, Workers: 4
[4399.916s][debug][gc,phases      ] GC(124)     Total                          Min: 0, Avg: 178.0, Max: 648, Diff: 648, Sum: 712, Workers: 4
[4399.916s][debug][gc,phases      ] GC(124)   ObjectSynchronizer Weak        Min:  0.0, Avg:  0.0, Max:  0.0, Diff:  0.0, Sum:  0.0, Workers: 4
[4399.916s][debug][gc,phases      ] GC(124)     Dead                           Min: 0, Avg:  0.0, Max: 0, Diff: 0, Sum: 0, Workers: 4
[4399.916s][debug][gc,phases      ] GC(124)     Total                          Min: 0, Avg: 12.2, Max: 49, Diff: 49, Sum: 49, Workers: 4
[4399.916s][debug][gc,phases      ] GC(124)   JVMTI Tag Weak OopStorage      Min:  0.0, Avg:  0.0, Max:  0.0, Diff:  0.0, Sum:  0.0, Workers: 4
[4399.916s][debug][gc,phases      ] GC(124)     Dead                           Min: 0, Avg:  0.0, Max: 0, Diff: 0, Sum: 0, Workers: 4
[4399.916s][debug][gc,phases      ] GC(124)     Total                          Min: 0, Avg:  0.0, Max: 0, Diff: 0, Sum: 0, Workers: 4
[4399.916s][debug][gc,phases      ] GC(124)   StringTable Weak               Min:  0.0, Avg:  0.1, Max:  0.1, Diff:  0.1, Sum:  0.3, Workers: 4
[4399.916s][debug][gc,phases      ] GC(124)     Dead                           Min: 0, Avg:  0.0, Max: 0, Diff: 0, Sum: 0, Workers: 4
[4399.916s][debug][gc,phases      ] GC(124)     Total                          Min: 0, Avg: 10770.8, Max: 17344, Diff: 17344, Sum: 43083, Workers: 4
[4399.916s][debug][gc,phases      ] GC(124)   ResolvedMethodTable Weak       Min:  0.0, Avg:  0.0, Max:  0.0, Diff:  0.0, Sum:  0.1, Workers: 4
[4399.916s][debug][gc,phases      ] GC(124)     Dead                           Min: 0, Avg:  0.0, Max: 0, Diff: 0, Sum: 0, Workers: 4
[4399.916s][debug][gc,phases      ] GC(124)     Total                          Min: 0, Avg: 2130.5, Max: 3712, Diff: 3712, Sum: 8522, Workers: 4
[4399.916s][debug][gc,phases      ] GC(124)   JNI Weak                       Min:  0.0, Avg:  0.0, Max:  0.0, Diff:  0.0, Sum:  0.0, Workers: 4
[4399.916s][debug][gc,phases      ] GC(124)     Dead                           Min: 0, Avg:  0.0, Max: 0, Diff: 0, Sum: 0, Workers: 4
[4399.916s][debug][gc,phases      ] GC(124)     Total                          Min: 0, Avg: 11.2, Max: 45, Diff: 45, Sum: 45, Workers: 4
[4399.916s][debug][gc,phases      ] GC(124)   StringDedup Table Weak         Min:  0.0, Avg:  0.0, Max:  0.0, Diff:  0.0, Sum:  0.0, Workers: 4
[4399.916s][debug][gc,phases      ] GC(124)     Dead                           Min: 0, Avg:  0.0, Max: 0, Diff: 0, Sum: 0, Workers: 4
[4399.916s][debug][gc,phases      ] GC(124)     Total                          Min: 0, Avg:  0.0, Max: 0, Diff: 0, Sum: 0, Workers: 4
[4399.916s][debug][gc,phases      ] GC(124)   StringDedup Requests0 Weak     Min:  0.0, Avg:  0.0, Max:  0.0, Diff:  0.0, Sum:  0.0, Workers: 4
[4399.916s][debug][gc,phases      ] GC(124)     Dead                           Min: 0, Avg:  0.0, Max: 0, Diff: 0, Sum: 0, Workers: 4
[4399.916s][debug][gc,phases      ] GC(124)     Total                          Min: 0, Avg:  0.0, Max: 0, Diff: 0, Sum: 0, Workers: 4
[4399.916s][debug][gc,phases      ] GC(124)   StringDedup Requests1 Weak     Min:  0.0, Avg:  0.0, Max:  0.0, Diff:  0.0, Sum:  0.0, Workers: 4
[4399.916s][debug][gc,phases      ] GC(124)     Dead                           Min: 0, Avg:  0.0, Max: 0, Diff: 0, Sum: 0, Workers: 4
[4399.916s][debug][gc,phases      ] GC(124)     Total                          Min: 0, Avg:  0.0, Max: 0, Diff: 0, Sum: 0, Workers: 4
[4399.916s][debug][gc,phases      ] GC(124)   Weak JFR Old Object Samples    Min:  0.0, Avg:  0.0, Max:  0.0, Diff:  0.0, Sum:  0.0, Workers: 4
[4399.916s][debug][gc,phases      ] GC(124)     Dead                           Min: 0, Avg:  0.0, Max: 0, Diff: 0, Sum: 0, Workers: 4
[4399.917s][debug][gc,phases      ] GC(124)     Total                          Min: 0, Avg:  0.0, Max: 0, Diff: 0, Sum: 0, Workers: 4
[4399.917s][debug][gc,phases      ] GC(124) Weak Processing 0.303ms
[4399.917s][debug][gc,age         ] GC(124) Desired survivor size 1048576 bytes, new threshold 15 (max threshold 15)
[4399.917s][info ][gc,heap        ] GC(124) PSYoungGen: 2095232K(2096128K)->128K(2096128K) Eden: 2095104K(2095104K)->0K(2095104K) From: 128K(1024K)->128K(1024K)
[4399.917s][info ][gc,heap        ] GC(124) ParOldGen: 276963K(376832K)->276971K(376832K)
[4399.917s][info ][gc,metaspace   ] GC(124) Metaspace: 78621K(79488K)->78621K(79488K) NonClass: 67362K(67840K)->67362K(67840K) Class: 11258K(11648K)->11258K(11648K)
[4399.917s][info ][gc             ] GC(124) Pause Young (Allocation Failure) 2316M->270M(2415M) 1.291ms
[4399.917s][info ][gc,cpu         ] GC(124) User=0.00s Sys=0.00s Real=0.01s
[4399.917s][info ][safepoint      ] Safepoint "ParallelGCFailedAllocation", Time since last: 47198644594 ns, Reaching safepoint: 25200 ns, At safepoint: 1376818 ns, Total: 1402018 ns
[4447.116s][info ][gc,start       ] GC(125) Pause Young (Allocation Failure)
[4447.117s][debug][gc,phases      ] GC(125) Scavenge 1.048ms
[4447.117s][debug][gc,ref         ] GC(125) Skipped phase 1 of Reference Processing: no references
[4447.117s][debug][gc,ref         ] GC(125) Skipped phase 2 of Reference Processing: no references
[4447.117s][debug][gc,ref         ] GC(125) Skipped phase 3 of Reference Processing: no references
[4447.117s][debug][gc,ref         ] GC(125) Skipped phase 4 of Reference Processing: no references
[4447.117s][debug][gc,phases      ] GC(125) Reference Processing 0.020ms
[4447.117s][debug][gc,phases      ] GC(125)   VM Weak                        Min:  0.0, Avg:  0.0, Max:  0.0, Diff:  0.0, Sum:  0.0, Workers: 4
[4447.117s][debug][gc,phases      ] GC(125)     Dead                           Min: 0, Avg:  0.0, Max: 0, Diff: 0, Sum: 0, Workers: 4
[4447.117s][debug][gc,phases      ] GC(125)     Total                          Min: 0, Avg: 178.0, Max: 384, Diff: 384, Sum: 712, Workers: 4
[4447.117s][debug][gc,phases      ] GC(125)   ObjectSynchronizer Weak        Min:  0.0, Avg:  0.0, Max:  0.0, Diff:  0.0, Sum:  0.0, Workers: 4
[4447.117s][debug][gc,phases      ] GC(125)     Dead                           Min: 0, Avg:  0.0, Max: 0, Diff: 0, Sum: 0, Workers: 4
[4447.117s][debug][gc,phases      ] GC(125)     Total                          Min: 0, Avg: 12.2, Max: 49, Diff: 49, Sum: 49, Workers: 4
[4447.117s][debug][gc,phases      ] GC(125)   JVMTI Tag Weak OopStorage      Min:  0.0, Avg:  0.0, Max:  0.0, Diff:  0.0, Sum:  0.0, Workers: 4
[4447.117s][debug][gc,phases      ] GC(125)     Dead                           Min: 0, Avg:  0.0, Max: 0, Diff: 0, Sum: 0, Workers: 4
[4447.117s][debug][gc,phases      ] GC(125)     Total                          Min: 0, Avg:  0.0, Max: 0, Diff: 0, Sum: 0, Workers: 4
[4447.117s][debug][gc,phases      ] GC(125)   StringTable Weak               Min:  0.1, Avg:  0.1, Max:  0.1, Diff:  0.0, Sum:  0.4, Workers: 4
[4447.117s][debug][gc,phases      ] GC(125)     Dead                           Min: 0, Avg:  0.0, Max: 0, Diff: 0, Sum: 0, Workers: 4
[4447.117s][debug][gc,phases      ] GC(125)     Total                          Min: 10304, Avg: 10770.8, Max: 11136, Diff: 832, Sum: 43083, Workers: 4
[4447.117s][debug][gc,phases      ] GC(125)   ResolvedMethodTable Weak       Min:  0.0, Avg:  0.0, Max:  0.0, Diff:  0.0, Sum:  0.1, Workers: 4
[4447.117s][debug][gc,phases      ] GC(125)     Dead                           Min: 0, Avg:  0.0, Max: 0, Diff: 0, Sum: 0, Workers: 4
[4447.117s][debug][gc,phases      ] GC(125)     Total                          Min: 2112, Avg: 2130.5, Max: 2176, Diff: 64, Sum: 8522, Workers: 4
[4447.117s][debug][gc,phases      ] GC(125)   JNI Weak                       Min:  0.0, Avg:  0.0, Max:  0.0, Diff:  0.0, Sum:  0.0, Workers: 4
[4447.117s][debug][gc,phases      ] GC(125)     Dead                           Min: 0, Avg:  0.0, Max: 0, Diff: 0, Sum: 0, Workers: 4
[4447.117s][debug][gc,phases      ] GC(125)     Total                          Min: 0, Avg: 11.2, Max: 45, Diff: 45, Sum: 45, Workers: 4
[4447.117s][debug][gc,phases      ] GC(125)   StringDedup Table Weak         Min:  0.0, Avg:  0.0, Max:  0.0, Diff:  0.0, Sum:  0.0, Workers: 4
[4447.117s][debug][gc,phases      ] GC(125)     Dead                           Min: 0, Avg:  0.0, Max: 0, Diff: 0, Sum: 0, Workers: 4
[4447.117s][debug][gc,phases      ] GC(125)     Total                          Min: 0, Avg:  0.0, Max: 0, Diff: 0, Sum: 0, Workers: 4
[4447.117s][debug][gc,phases      ] GC(125)   StringDedup Requests0 Weak     Min:  0.0, Avg:  0.0, Max:  0.0, Diff:  0.0, Sum:  0.0, Workers: 4
[4447.117s][debug][gc,phases      ] GC(125)     Dead                           Min: 0, Avg:  0.0, Max: 0, Diff: 0, Sum: 0, Workers: 4
[4447.117s][debug][gc,phases      ] GC(125)     Total                          Min: 0, Avg:  0.0, Max: 0, Diff: 0, Sum: 0, Workers: 4
[4447.117s][debug][gc,phases      ] GC(125)   StringDedup Requests1 Weak     Min:  0.0, Avg:  0.0, Max:  0.0, Diff:  0.0, Sum:  0.0, Workers: 4
[4447.117s][debug][gc,phases      ] GC(125)     Dead                           Min: 0, Avg:  0.0, Max: 0, Diff: 0, Sum: 0, Workers: 4
[4447.117s][debug][gc,phases      ] GC(125)     Total                          Min: 0, Avg:  0.0, Max: 0, Diff: 0, Sum: 0, Workers: 4
[4447.117s][debug][gc,phases      ] GC(125)   Weak JFR Old Object Samples    Min:  0.0, Avg:  0.0, Max:  0.0, Diff:  0.0, Sum:  0.0, Workers: 4
[4447.117s][debug][gc,phases      ] GC(125)     Dead                           Min: 0, Avg:  0.0, Max: 0, Diff: 0, Sum: 0, Workers: 4
[4447.117s][debug][gc,phases      ] GC(125)     Total                          Min: 0, Avg:  0.0, Max: 0, Diff: 0, Sum: 0, Workers: 4
[4447.117s][debug][gc,phases      ] GC(125) Weak Processing 0.281ms
[4447.117s][debug][gc,age         ] GC(125) Desired survivor size 1048576 bytes, new threshold 15 (max threshold 15)
[4447.117s][info ][gc,heap        ] GC(125) PSYoungGen: 2095232K(2096128K)->192K(2096128K) Eden: 2095104K(2095104K)->0K(2095104K) From: 128K(1024K)->192K(1024K)
[4447.117s][info ][gc,heap        ] GC(125) ParOldGen: 276971K(376832K)->276987K(376832K)
[4447.117s][info ][gc,metaspace   ] GC(125) Metaspace: 78621K(79488K)->78621K(79488K) NonClass: 67362K(67840K)->67362K(67840K) Class: 11258K(11648K)->11258K(11648K)
[4447.117s][info ][gc             ] GC(125) Pause Young (Allocation Failure) 2316M->270M(2415M) 1.444ms
[4447.117s][info ][gc,cpu         ] GC(125) User=0.01s Sys=0.00s Real=0.00s
[4447.117s][info ][safepoint      ] Safepoint "ParallelGCFailedAllocation", Time since last: 47199022412 ns, Reaching safepoint: 41200 ns, At safepoint: 1520320 ns, Total: 1561520 ns
[4494.316s][info ][gc,start       ] GC(126) Pause Young (Allocation Failure)
[4494.317s][debug][gc,phases      ] GC(126) Scavenge 0.668ms
[4494.317s][debug][gc,ref         ] GC(126) Skipped phase 1 of Reference Processing: no references
[4494.317s][debug][gc,ref         ] GC(126) Skipped phase 2 of Reference Processing: no references
[4494.317s][debug][gc,ref         ] GC(126) Skipped phase 3 of Reference Processing: no references
[4494.317s][debug][gc,ref         ] GC(126) Skipped phase 4 of Reference Processing: no references
[4494.317s][debug][gc,phases      ] GC(126) Reference Processing 0.019ms
[4494.317s][debug][gc,phases      ] GC(126)   VM Weak                        Min:  0.0, Avg:  0.0, Max:  0.0, Diff:  0.0, Sum:  0.0, Workers: 4
[4494.317s][debug][gc,phases      ] GC(126)     Dead                           Min: 0, Avg:  0.0, Max: 0, Diff: 0, Sum: 0, Workers: 4
[4494.317s][debug][gc,phases      ] GC(126)     Total                          Min: 0, Avg: 178.0, Max: 648, Diff: 648, Sum: 712, Workers: 4
[4494.317s][debug][gc,phases      ] GC(126)   ObjectSynchronizer Weak        Min:  0.0, Avg:  0.0, Max:  0.0, Diff:  0.0, Sum:  0.0, Workers: 4
[4494.317s][debug][gc,phases      ] GC(126)     Dead                           Min: 0, Avg:  0.0, Max: 0, Diff: 0, Sum: 0, Workers: 4
[4494.317s][debug][gc,phases      ] GC(126)     Total                          Min: 0, Avg: 12.2, Max: 49, Diff: 49, Sum: 49, Workers: 4
[4494.317s][debug][gc,phases      ] GC(126)   JVMTI Tag Weak OopStorage      Min:  0.0, Avg:  0.0, Max:  0.0, Diff:  0.0, Sum:  0.0, Workers: 4
[4494.317s][debug][gc,phases      ] GC(126)     Dead                           Min: 0, Avg:  0.0, Max: 0, Diff: 0, Sum: 0, Workers: 4
[4494.317s][debug][gc,phases      ] GC(126)     Total                          Min: 0, Avg:  0.0, Max: 0, Diff: 0, Sum: 0, Workers: 4
[4494.317s][debug][gc,phases      ] GC(126)   StringTable Weak               Min:  0.0, Avg:  0.1, Max:  0.1, Diff:  0.1, Sum:  0.3, Workers: 4
[4494.317s][debug][gc,phases      ] GC(126)     Dead                           Min: 0, Avg:  0.0, Max: 0, Diff: 0, Sum: 0, Workers: 4
[4494.317s][debug][gc,phases      ] GC(126)     Total                          Min: 0, Avg: 10770.8, Max: 17611, Diff: 17611, Sum: 43083, Workers: 4
[4494.317s][debug][gc,phases      ] GC(126)   ResolvedMethodTable Weak       Min:  0.0, Avg:  0.0, Max:  0.0, Diff:  0.0, Sum:  0.1, Workers: 4
[4494.317s][debug][gc,phases      ] GC(126)     Dead                           Min: 0, Avg:  0.0, Max: 0, Diff: 0, Sum: 0, Workers: 4
[4494.317s][debug][gc,phases      ] GC(126)     Total                          Min: 0, Avg: 2130.5, Max: 3712, Diff: 3712, Sum: 8522, Workers: 4
[4494.317s][debug][gc,phases      ] GC(126)   JNI Weak                       Min:  0.0, Avg:  0.0, Max:  0.0, Diff:  0.0, Sum:  0.0, Workers: 4
[4494.317s][debug][gc,phases      ] GC(126)     Dead                           Min: 0, Avg:  0.0, Max: 0, Diff: 0, Sum: 0, Workers: 4
[4494.317s][debug][gc,phases      ] GC(126)     Total                          Min: 0, Avg: 11.2, Max: 45, Diff: 45, Sum: 45, Workers: 4
[4494.317s][debug][gc,phases      ] GC(126)   StringDedup Table Weak         Min:  0.0, Avg:  0.0, Max:  0.0, Diff:  0.0, Sum:  0.0, Workers: 4
[4494.317s][debug][gc,phases      ] GC(126)     Dead                           Min: 0, Avg:  0.0, Max: 0, Diff: 0, Sum: 0, Workers: 4
[4494.317s][debug][gc,phases      ] GC(126)     Total                          Min: 0, Avg:  0.0, Max: 0, Diff: 0, Sum: 0, Workers: 4
[4494.317s][debug][gc,phases      ] GC(126)   StringDedup Requests0 Weak     Min:  0.0, Avg:  0.0, Max:  0.0, Diff:  0.0, Sum:  0.0, Workers: 4
[4494.317s][debug][gc,phases      ] GC(126)     Dead                           Min: 0, Avg:  0.0, Max: 0, Diff: 0, Sum: 0, Workers: 4
[4494.317s][debug][gc,phases      ] GC(126)     Total                          Min: 0, Avg:  0.0, Max: 0, Diff: 0, Sum: 0, Workers: 4
[4494.317s][debug][gc,phases      ] GC(126)   StringDedup Requests1 Weak     Min:  0.0, Avg:  0.0, Max:  0.0, Diff:  0.0, Sum:  0.0, Workers: 4
[4494.317s][debug][gc,phases      ] GC(126)     Dead                           Min: 0, Avg:  0.0, Max: 0, Diff: 0, Sum: 0, Workers: 4
[4494.317s][debug][gc,phases      ] GC(126)     Total                          Min: 0, Avg:  0.0, Max: 0, Diff: 0, Sum: 0, Workers: 4
[4494.317s][debug][gc,phases      ] GC(126)   Weak JFR Old Object Samples    Min:  0.0, Avg:  0.0, Max:  0.0, Diff:  0.0, Sum:  0.0, Workers: 4
[4494.317s][debug][gc,phases      ] GC(126)     Dead                           Min: 0, Avg:  0.0, Max: 0, Diff: 0, Sum: 0, Workers: 4
[4494.317s][debug][gc,phases      ] GC(126)     Total                          Min: 0, Avg:  0.0, Max: 0, Diff: 0, Sum: 0, Workers: 4
[4494.317s][debug][gc,phases      ] GC(126) Weak Processing 0.293ms
[4494.317s][debug][gc,age         ] GC(126) Desired survivor size 1048576 bytes, new threshold 15 (max threshold 15)
[4494.317s][info ][gc,heap        ] GC(126) PSYoungGen: 2095296K(2096128K)->128K(2096128K) Eden: 2095104K(2095104K)->0K(2095104K) From: 192K(1024K)->128K(1024K)
[4494.317s][info ][gc,heap        ] GC(126) ParOldGen: 276987K(376832K)->277003K(376832K)
[4494.317s][info ][gc,metaspace   ] GC(126) Metaspace: 78621K(79488K)->78621K(79488K) NonClass: 67362K(67840K)->67362K(67840K) Class: 11258K(11648K)->11258K(11648K)
[4494.317s][info ][gc             ] GC(126) Pause Young (Allocation Failure) 2316M->270M(2415M) 1.055ms
[4494.317s][info ][gc,cpu         ] GC(126) User=0.00s Sys=0.00s Real=0.00s
[4494.317s][info ][safepoint      ] Safepoint "ParallelGCFailedAllocation", Time since last: 47198631316 ns, Reaching safepoint: 34501 ns, At safepoint: 1124814 ns, Total: 1159315 ns
[4514.318s][info ][safepoint      ] Safepoint "Cleanup", Time since last: 20001263833 ns, Reaching safepoint: 36600 ns, At safepoint: 2500 ns, Total: 39100 ns
[4540.315s][info ][gc,start       ] GC(127) Pause Young (Allocation Failure)
[4540.316s][debug][gc,phases      ] GC(127) Scavenge 1.059ms
[4540.316s][debug][gc,ref         ] GC(127) Skipped phase 1 of Reference Processing: no references
[4540.316s][debug][gc,ref         ] GC(127) ReferenceProcessor::execute queues: 1, RefProcThreadModel::Single, marks_oops_alive: false
[4540.316s][debug][gc,ref         ] GC(127) Skipped phase 3 of Reference Processing: no references
[4540.316s][debug][gc,ref         ] GC(127) ReferenceProcessor::execute queues: 1, RefProcThreadModel::Single, marks_oops_alive: false
[4540.316s][debug][gc,phases      ] GC(127) Reference Processing 0.085ms
[4540.316s][debug][gc,phases      ] GC(127)   VM Weak                        Min:  0.0, Avg:  0.0, Max:  0.0, Diff:  0.0, Sum:  0.0, Workers: 4
[4540.316s][debug][gc,phases      ] GC(127)     Dead                           Min: 0, Avg:  0.0, Max: 0, Diff: 0, Sum: 0, Workers: 4
[4540.316s][debug][gc,phases      ] GC(127)     Total                          Min: 0, Avg: 178.0, Max: 576, Diff: 576, Sum: 712, Workers: 4
[4540.316s][debug][gc,phases      ] GC(127)   ObjectSynchronizer Weak        Min:  0.0, Avg:  0.0, Max:  0.0, Diff:  0.0, Sum:  0.0, Workers: 4
[4540.316s][debug][gc,phases      ] GC(127)     Dead                           Min: 0, Avg:  0.0, Max: 0, Diff: 0, Sum: 0, Workers: 4
[4540.317s][debug][gc,phases      ] GC(127)     Total                          Min: 0, Avg: 12.2, Max: 49, Diff: 49, Sum: 49, Workers: 4
[4540.317s][debug][gc,phases      ] GC(127)   JVMTI Tag Weak OopStorage      Min:  0.0, Avg:  0.0, Max:  0.0, Diff:  0.0, Sum:  0.0, Workers: 4
[4540.317s][debug][gc,phases      ] GC(127)     Dead                           Min: 0, Avg:  0.0, Max: 0, Diff: 0, Sum: 0, Workers: 4
[4540.317s][debug][gc,phases      ] GC(127)     Total                          Min: 0, Avg:  0.0, Max: 0, Diff: 0, Sum: 0, Workers: 4
[4540.317s][debug][gc,phases      ] GC(127)   StringTable Weak               Min:  0.0, Avg:  0.1, Max:  0.1, Diff:  0.1, Sum:  0.3, Workers: 4
[4540.317s][debug][gc,phases      ] GC(127)     Dead                           Min: 0, Avg:  0.0, Max: 0, Diff: 0, Sum: 0, Workers: 4
[4540.317s][debug][gc,phases      ] GC(127)     Total                          Min: 0, Avg: 10770.8, Max: 17472, Diff: 17472, Sum: 43083, Workers: 4
[4540.317s][debug][gc,phases      ] GC(127)   ResolvedMethodTable Weak       Min:  0.0, Avg:  0.0, Max:  0.0, Diff:  0.0, Sum:  0.1, Workers: 4
[4540.317s][debug][gc,phases      ] GC(127)     Dead                           Min: 0, Avg:  0.0, Max: 0, Diff: 0, Sum: 0, Workers: 4
[4540.317s][debug][gc,phases      ] GC(127)     Total                          Min: 0, Avg: 2130.5, Max: 3840, Diff: 3840, Sum: 8522, Workers: 4
[4540.317s][debug][gc,phases      ] GC(127)   JNI Weak                       Min:  0.0, Avg:  0.0, Max:  0.0, Diff:  0.0, Sum:  0.0, Workers: 4
[4540.317s][debug][gc,phases      ] GC(127)     Dead                           Min: 0, Avg:  0.0, Max: 0, Diff: 0, Sum: 0, Workers: 4
[4540.317s][debug][gc,phases      ] GC(127)     Total                          Min: 0, Avg: 11.2, Max: 45, Diff: 45, Sum: 45, Workers: 4
[4540.317s][debug][gc,phases      ] GC(127)   StringDedup Table Weak         Min:  0.0, Avg:  0.0, Max:  0.0, Diff:  0.0, Sum:  0.0, Workers: 4
[4540.317s][debug][gc,phases      ] GC(127)     Dead                           Min: 0, Avg:  0.0, Max: 0, Diff: 0, Sum: 0, Workers: 4
[4540.317s][debug][gc,phases      ] GC(127)     Total                          Min: 0, Avg:  0.0, Max: 0, Diff: 0, Sum: 0, Workers: 4
[4540.317s][debug][gc,phases      ] GC(127)   StringDedup Requests0 Weak     Min:  0.0, Avg:  0.0, Max:  0.0, Diff:  0.0, Sum:  0.0, Workers: 4
[4540.317s][debug][gc,phases      ] GC(127)     Dead                           Min: 0, Avg:  0.0, Max: 0, Diff: 0, Sum: 0, Workers: 4
[4540.317s][debug][gc,phases      ] GC(127)     Total                          Min: 0, Avg:  0.0, Max: 0, Diff: 0, Sum: 0, Workers: 4
[4540.317s][debug][gc,phases      ] GC(127)   StringDedup Requests1 Weak     Min:  0.0, Avg:  0.0, Max:  0.0, Diff:  0.0, Sum:  0.0, Workers: 4
[4540.317s][debug][gc,phases      ] GC(127)     Dead                           Min: 0, Avg:  0.0, Max: 0, Diff: 0, Sum: 0, Workers: 4
[4540.317s][debug][gc,phases      ] GC(127)     Total                          Min: 0, Avg:  0.0, Max: 0, Diff: 0, Sum: 0, Workers: 4
[4540.317s][debug][gc,phases      ] GC(127)   Weak JFR Old Object Samples    Min:  0.0, Avg:  0.0, Max:  0.0, Diff:  0.0, Sum:  0.0, Workers: 4
[4540.317s][debug][gc,phases      ] GC(127)     Dead                           Min: 0, Avg:  0.0, Max: 0, Diff: 0, Sum: 0, Workers: 4
[4540.317s][debug][gc,phases      ] GC(127)     Total                          Min: 0, Avg:  0.0, Max: 0, Diff: 0, Sum: 0, Workers: 4
[4540.317s][debug][gc,phases      ] GC(127) Weak Processing 0.310ms
[4540.317s][debug][gc,age         ] GC(127) Desired survivor size 1048576 bytes, new threshold 15 (max threshold 15)
[4540.317s][info ][gc,heap        ] GC(127) PSYoungGen: 2095232K(2096128K)->128K(2096128K) Eden: 2095104K(2095104K)->0K(2095104K) From: 128K(1024K)->128K(1024K)
[4540.317s][info ][gc,heap        ] GC(127) ParOldGen: 277003K(376832K)->277011K(376832K)
[4540.317s][info ][gc,metaspace   ] GC(127) Metaspace: 78622K(79488K)->78622K(79488K) NonClass: 67363K(67840K)->67363K(67840K) Class: 11258K(11648K)->11258K(11648K)
[4540.317s][info ][gc             ] GC(127) Pause Young (Allocation Failure) 2316M->270M(2415M) 1.535ms
[4540.317s][info ][gc,cpu         ] GC(127) User=0.00s Sys=0.00s Real=0.01s
[4540.317s][info ][safepoint      ] Safepoint "ParallelGCFailedAllocation", Time since last: 25996699200 ns, Reaching safepoint: 103901 ns, At safepoint: 1611321 ns, Total: 1715222 ns
[4554.318s][info ][safepoint      ] Safepoint "Cleanup", Time since last: 14000895992 ns, Reaching safepoint: 57301 ns, At safepoint: 2600 ns, Total: 59901 ns
[4554.620s][info ][safepoint      ] Safepoint "ICBufferFull", Time since last: 301765167 ns, Reaching safepoint: 260804 ns, At safepoint: 30700 ns, Total: 291504 ns
[4555.620s][info ][safepoint      ] Safepoint "Cleanup", Time since last: 1000100118 ns, Reaching safepoint: 61901 ns, At safepoint: 4500 ns, Total: 66401 ns
[4556.620s][info ][safepoint      ] Safepoint "Cleanup", Time since last: 1000103226 ns, Reaching safepoint: 54101 ns, At safepoint: 1900 ns, Total: 56001 ns
[4558.620s][info ][safepoint      ] Safepoint "Cleanup", Time since last: 2000165668 ns, Reaching safepoint: 39701 ns, At safepoint: 5600 ns, Total: 45301 ns
[4559.620s][info ][safepoint      ] Safepoint "Cleanup", Time since last: 1000106934 ns, Reaching safepoint: 31501 ns, At safepoint: 2700 ns, Total: 34201 ns
[4561.621s][info ][safepoint      ] Safepoint "Cleanup", Time since last: 2000167068 ns, Reaching safepoint: 53501 ns, At safepoint: 2400 ns, Total: 55901 ns
[4562.621s][info ][safepoint      ] Safepoint "Cleanup", Time since last: 1000101635 ns, Reaching safepoint: 31500 ns, At safepoint: 2600 ns, Total: 34100 ns
[4563.621s][info ][safepoint      ] Safepoint "Cleanup", Time since last: 1000095634 ns, Reaching safepoint: 40301 ns, At safepoint: 2800 ns, Total: 43101 ns
[4564.621s][info ][safepoint      ] Safepoint "Cleanup", Time since last: 1000076534 ns, Reaching safepoint: 34300 ns, At safepoint: 12401 ns, Total: 46701 ns
[4565.621s][info ][safepoint      ] Safepoint "Cleanup", Time since last: 1000087331 ns, Reaching safepoint: 35401 ns, At safepoint: 3500 ns, Total: 38901 ns
[4566.621s][info ][safepoint      ] Safepoint "Cleanup", Time since last: 1000101532 ns, Reaching safepoint: 51801 ns, At safepoint: 6000 ns, Total: 57801 ns
[4567.621s][info ][safepoint      ] Safepoint "Cleanup", Time since last: 1000078231 ns, Reaching safepoint: 37201 ns, At safepoint: 2900 ns, Total: 40101 ns
[4569.266s][info ][gc,start       ] GC(128) Pause Young (Allocation Failure)
[4569.270s][debug][gc,phases      ] GC(128) Scavenge 4.230ms
[4569.270s][debug][gc,ref         ] GC(128) Skipped phase 1 of Reference Processing: no references
[4569.270s][debug][gc,ref         ] GC(128) ReferenceProcessor::execute queues: 1, RefProcThreadModel::Single, marks_oops_alive: false
[4569.270s][debug][gc,ref         ] GC(128) ReferenceProcessor::execute queues: 4, RefProcThreadModel::Multi, marks_oops_alive: true
[4569.270s][debug][gc,ref         ] GC(128) ReferenceProcessor::execute queues: 1, RefProcThreadModel::Single, marks_oops_alive: false
[4569.270s][debug][gc,phases      ] GC(128) Reference Processing 0.211ms
[4569.270s][debug][gc,phases      ] GC(128)   VM Weak                        Min:  0.0, Avg:  0.0, Max:  0.0, Diff:  0.0, Sum:  0.0, Workers: 4
[4569.270s][debug][gc,phases      ] GC(128)     Dead                           Min: 0, Avg:  0.0, Max: 0, Diff: 0, Sum: 0, Workers: 4
[4569.270s][debug][gc,phases      ] GC(128)     Total                          Min: 0, Avg: 178.2, Max: 384, Diff: 384, Sum: 713, Workers: 4
[4569.270s][debug][gc,phases      ] GC(128)   ObjectSynchronizer Weak        Min:  0.0, Avg:  0.0, Max:  0.0, Diff:  0.0, Sum:  0.0, Workers: 4
[4569.270s][debug][gc,phases      ] GC(128)     Dead                           Min: 0, Avg:  0.0, Max: 0, Diff: 0, Sum: 0, Workers: 4
[4569.270s][debug][gc,phases      ] GC(128)     Total                          Min: 0, Avg: 12.5, Max: 50, Diff: 50, Sum: 50, Workers: 4
[4569.270s][debug][gc,phases      ] GC(128)   JVMTI Tag Weak OopStorage      Min:  0.0, Avg:  0.0, Max:  0.0, Diff:  0.0, Sum:  0.0, Workers: 4
[4569.270s][debug][gc,phases      ] GC(128)     Dead                           Min: 0, Avg:  0.0, Max: 0, Diff: 0, Sum: 0, Workers: 4
[4569.270s][debug][gc,phases      ] GC(128)     Total                          Min: 0, Avg:  0.0, Max: 0, Diff: 0, Sum: 0, Workers: 4
[4569.270s][debug][gc,phases      ] GC(128)   StringTable Weak               Min:  0.0, Avg:  0.1, Max:  0.1, Diff:  0.1, Sum:  0.3, Workers: 4
[4569.270s][debug][gc,phases      ] GC(128)     Dead                           Min: 0, Avg:  0.2, Max: 1, Diff: 1, Sum: 1, Workers: 4
[4569.270s][debug][gc,phases      ] GC(128)     Total                          Min: 0, Avg: 10778.8, Max: 17835, Diff: 17835, Sum: 43115, Workers: 4
[4569.270s][debug][gc,phases      ] GC(128)   ResolvedMethodTable Weak       Min:  0.0, Avg:  0.0, Max:  0.0, Diff:  0.0, Sum:  0.1, Workers: 4
[4569.270s][debug][gc,phases      ] GC(128)     Dead                           Min: 0, Avg:  0.2, Max: 1, Diff: 1, Sum: 1, Workers: 4
[4569.270s][debug][gc,phases      ] GC(128)     Total                          Min: 0, Avg: 2130.8, Max: 3648, Diff: 3648, Sum: 8523, Workers: 4
[4569.270s][debug][gc,phases      ] GC(128)   JNI Weak                       Min:  0.0, Avg:  0.0, Max:  0.0, Diff:  0.0, Sum:  0.0, Workers: 4
[4569.270s][debug][gc,phases      ] GC(128)     Dead                           Min: 0, Avg:  0.0, Max: 0, Diff: 0, Sum: 0, Workers: 4
[4569.270s][debug][gc,phases      ] GC(128)     Total                          Min: 0, Avg: 11.2, Max: 45, Diff: 45, Sum: 45, Workers: 4
[4569.270s][debug][gc,phases      ] GC(128)   StringDedup Table Weak         Min:  0.0, Avg:  0.0, Max:  0.0, Diff:  0.0, Sum:  0.0, Workers: 4
[4569.270s][debug][gc,phases      ] GC(128)     Dead                           Min: 0, Avg:  0.0, Max: 0, Diff: 0, Sum: 0, Workers: 4
[4569.270s][debug][gc,phases      ] GC(128)     Total                          Min: 0, Avg:  0.0, Max: 0, Diff: 0, Sum: 0, Workers: 4
[4569.270s][debug][gc,phases      ] GC(128)   StringDedup Requests0 Weak     Min:  0.0, Avg:  0.0, Max:  0.0, Diff:  0.0, Sum:  0.0, Workers: 4
[4569.270s][debug][gc,phases      ] GC(128)     Dead                           Min: 0, Avg:  0.0, Max: 0, Diff: 0, Sum: 0, Workers: 4
[4569.270s][debug][gc,phases      ] GC(128)     Total                          Min: 0, Avg:  0.0, Max: 0, Diff: 0, Sum: 0, Workers: 4
[4569.270s][debug][gc,phases      ] GC(128)   StringDedup Requests1 Weak     Min:  0.0, Avg:  0.0, Max:  0.0, Diff:  0.0, Sum:  0.0, Workers: 4
[4569.270s][debug][gc,phases      ] GC(128)     Dead                           Min: 0, Avg:  0.0, Max: 0, Diff: 0, Sum: 0, Workers: 4
[4569.270s][debug][gc,phases      ] GC(128)     Total                          Min: 0, Avg:  0.0, Max: 0, Diff: 0, Sum: 0, Workers: 4
[4569.270s][debug][gc,phases      ] GC(128)   Weak JFR Old Object Samples    Min:  0.0, Avg:  0.0, Max:  0.0, Diff:  0.0, Sum:  0.0, Workers: 4
[4569.270s][debug][gc,phases      ] GC(128)     Dead                           Min: 0, Avg:  0.0, Max: 0, Diff: 0, Sum: 0, Workers: 4
[4569.270s][debug][gc,phases      ] GC(128)     Total                          Min: 0, Avg:  0.0, Max: 0, Diff: 0, Sum: 0, Workers: 4
[4569.270s][debug][gc,phases      ] GC(128) Weak Processing 0.292ms
[4569.270s][debug][gc,age         ] GC(128) Desired survivor size 3145728 bytes, new threshold 14 (max threshold 15)
[4569.270s][info ][gc,heap        ] GC(128) PSYoungGen: 2095232K(2096128K)->1003K(2092032K) Eden: 2095104K(2095104K)->0K(2091008K) From: 128K(1024K)->1003K(1024K)
[4569.270s][info ][gc,heap        ] GC(128) ParOldGen: 277011K(376832K)->282164K(376832K)
[4569.270s][info ][gc,metaspace   ] GC(128) Metaspace: 78733K(79616K)->78733K(79616K) NonClass: 67473K(67968K)->67473K(67968K) Class: 11260K(11648K)->11260K(11648K)
[4569.270s][info ][gc             ] GC(128) Pause Young (Allocation Failure) 2316M->276M(2411M) 4.850ms
[4569.270s][info ][gc,cpu         ] GC(128) User=0.02s Sys=0.00s Real=0.01s
[4569.270s][info ][safepoint      ] Safepoint "ParallelGCFailedAllocation", Time since last: 1644085259 ns, Reaching safepoint: 44101 ns, At safepoint: 4912363 ns, Total: 4956464 ns
[4571.270s][info ][safepoint      ] Safepoint "Cleanup", Time since last: 1999417754 ns, Reaching safepoint: 103801 ns, At safepoint: 2200 ns, Total: 106001 ns
[4572.270s][info ][safepoint      ] Safepoint "Cleanup", Time since last: 1000061632 ns, Reaching safepoint: 40300 ns, At safepoint: 1900 ns, Total: 42200 ns
[4574.270s][info ][safepoint      ] Safepoint "Cleanup", Time since last: 2000157919 ns, Reaching safepoint: 99701 ns, At safepoint: 2700 ns, Total: 102401 ns
[4575.270s][info ][safepoint      ] Safepoint "Cleanup", Time since last: 1000104006 ns, Reaching safepoint: 34000 ns, At safepoint: 2400 ns, Total: 36400 ns
[4576.271s][info ][safepoint      ] Safepoint "Cleanup", Time since last: 1000110606 ns, Reaching safepoint: 46800 ns, At safepoint: 2200 ns, Total: 49000 ns
[4577.271s][info ][safepoint      ] Safepoint "Cleanup", Time since last: 1000095706 ns, Reaching safepoint: 34800 ns, At safepoint: 2600 ns, Total: 37400 ns
[4578.271s][info ][safepoint      ] Safepoint "Cleanup", Time since last: 1000114306 ns, Reaching safepoint: 42901 ns, At safepoint: 2100 ns, Total: 45001 ns
[4579.271s][info ][safepoint      ] Safepoint "Cleanup", Time since last: 1000079505 ns, Reaching safepoint: 51801 ns, At safepoint: 2300 ns, Total: 54101 ns
[4580.271s][info ][safepoint      ] Safepoint "Cleanup", Time since last: 1000098105 ns, Reaching safepoint: 37301 ns, At safepoint: 2000 ns, Total: 39301 ns
[4582.271s][info ][safepoint      ] Safepoint "Cleanup", Time since last: 2000161313 ns, Reaching safepoint: 39201 ns, At safepoint: 2600 ns, Total: 41801 ns
[4584.272s][info ][safepoint      ] Safepoint "Cleanup", Time since last: 2000171114 ns, Reaching safepoint: 39400 ns, At safepoint: 3700 ns, Total: 43100 ns
[4587.272s][info ][safepoint      ] Safepoint "Cleanup", Time since last: 3000225421 ns, Reaching safepoint: 43000 ns, At safepoint: 2200 ns, Total: 45200 ns
[4588.272s][info ][safepoint      ] Safepoint "Cleanup", Time since last: 1000110308 ns, Reaching safepoint: 47000 ns, At safepoint: 4300 ns, Total: 51300 ns
[4590.272s][info ][safepoint      ] Safepoint "Cleanup", Time since last: 2000123574 ns, Reaching safepoint: 40901 ns, At safepoint: 2500 ns, Total: 43401 ns
[4591.272s][info ][safepoint      ] Safepoint "Cleanup", Time since last: 1000100407 ns, Reaching safepoint: 38700 ns, At safepoint: 2500 ns, Total: 41200 ns
[4592.916s][info ][gc,start       ] GC(129) Pause Young (Allocation Failure)
[4592.919s][debug][gc,phases      ] GC(129) Scavenge 2.941ms
[4592.919s][debug][gc,ref         ] GC(129) Skipped phase 1 of Reference Processing: no references
[4592.919s][debug][gc,ref         ] GC(129) ReferenceProcessor::execute queues: 1, RefProcThreadModel::Single, marks_oops_alive: false
[4592.919s][debug][gc,ref         ] GC(129) Skipped phase 3 of Reference Processing: no references
[4592.919s][debug][gc,ref         ] GC(129) ReferenceProcessor::execute queues: 1, RefProcThreadModel::Single, marks_oops_alive: false
[4592.919s][debug][gc,phases      ] GC(129) Reference Processing 0.089ms
[4592.920s][debug][gc,phases      ] GC(129)   VM Weak                        Min:  0.0, Avg:  0.0, Max:  0.0, Diff:  0.0, Sum:  0.0, Workers: 4
[4592.920s][debug][gc,phases      ] GC(129)     Dead                           Min: 0, Avg:  0.0, Max: 0, Diff: 0, Sum: 0, Workers: 4
[4592.920s][debug][gc,phases      ] GC(129)     Total                          Min: 0, Avg: 178.8, Max: 384, Diff: 384, Sum: 715, Workers: 4
[4592.920s][debug][gc,phases      ] GC(129)   ObjectSynchronizer Weak        Min:  0.0, Avg:  0.0, Max:  0.0, Diff:  0.0, Sum:  0.0, Workers: 4
[4592.920s][debug][gc,phases      ] GC(129)     Dead                           Min: 0, Avg:  0.0, Max: 0, Diff: 0, Sum: 0, Workers: 4
[4592.920s][debug][gc,phases      ] GC(129)     Total                          Min: 0, Avg: 12.5, Max: 50, Diff: 50, Sum: 50, Workers: 4
[4592.920s][debug][gc,phases      ] GC(129)   JVMTI Tag Weak OopStorage      Min:  0.0, Avg:  0.0, Max:  0.0, Diff:  0.0, Sum:  0.0, Workers: 4
[4592.920s][debug][gc,phases      ] GC(129)     Dead                           Min: 0, Avg:  0.0, Max: 0, Diff: 0, Sum: 0, Workers: 4
[4592.920s][debug][gc,phases      ] GC(129)     Total                          Min: 0, Avg:  0.0, Max: 0, Diff: 0, Sum: 0, Workers: 4
[4592.920s][debug][gc,phases      ] GC(129)   StringTable Weak               Min:  0.1, Avg:  0.1, Max:  0.1, Diff:  0.0, Sum:  0.4, Workers: 4
[4592.920s][debug][gc,phases      ] GC(129)     Dead                           Min: 0, Avg:  0.2, Max: 1, Diff: 1, Sum: 1, Workers: 4
[4592.920s][debug][gc,phases      ] GC(129)     Total                          Min: 10432, Avg: 10782.0, Max: 11200, Diff: 768, Sum: 43128, Workers: 4
[4592.920s][debug][gc,phases      ] GC(129)   ResolvedMethodTable Weak       Min:  0.0, Avg:  0.0, Max:  0.0, Diff:  0.0, Sum:  0.1, Workers: 4
[4592.920s][debug][gc,phases      ] GC(129)     Dead                           Min: 0, Avg:  0.0, Max: 0, Diff: 0, Sum: 0, Workers: 4
[4592.920s][debug][gc,phases      ] GC(129)     Total                          Min: 1536, Avg: 2134.2, Max: 2496, Diff: 960, Sum: 8537, Workers: 4
[4592.920s][debug][gc,phases      ] GC(129)   JNI Weak                       Min:  0.0, Avg:  0.0, Max:  0.0, Diff:  0.0, Sum:  0.0, Workers: 4
[4592.920s][debug][gc,phases      ] GC(129)     Dead                           Min: 0, Avg:  0.0, Max: 0, Diff: 0, Sum: 0, Workers: 4
[4592.920s][debug][gc,phases      ] GC(129)     Total                          Min: 0, Avg: 11.2, Max: 45, Diff: 45, Sum: 45, Workers: 4
[4592.920s][debug][gc,phases      ] GC(129)   StringDedup Table Weak         Min:  0.0, Avg:  0.0, Max:  0.0, Diff:  0.0, Sum:  0.0, Workers: 4
[4592.920s][debug][gc,phases      ] GC(129)     Dead                           Min: 0, Avg:  0.0, Max: 0, Diff: 0, Sum: 0, Workers: 4
[4592.920s][debug][gc,phases      ] GC(129)     Total                          Min: 0, Avg:  0.0, Max: 0, Diff: 0, Sum: 0, Workers: 4
[4592.920s][debug][gc,phases      ] GC(129)   StringDedup Requests0 Weak     Min:  0.0, Avg:  0.0, Max:  0.0, Diff:  0.0, Sum:  0.0, Workers: 4
[4592.920s][debug][gc,phases      ] GC(129)     Dead                           Min: 0, Avg:  0.0, Max: 0, Diff: 0, Sum: 0, Workers: 4
[4592.920s][debug][gc,phases      ] GC(129)     Total                          Min: 0, Avg:  0.0, Max: 0, Diff: 0, Sum: 0, Workers: 4
[4592.920s][debug][gc,phases      ] GC(129)   StringDedup Requests1 Weak     Min:  0.0, Avg:  0.0, Max:  0.0, Diff:  0.0, Sum:  0.0, Workers: 4
[4592.920s][debug][gc,phases      ] GC(129)     Dead                           Min: 0, Avg:  0.0, Max: 0, Diff: 0, Sum: 0, Workers: 4
[4592.920s][debug][gc,phases      ] GC(129)     Total                          Min: 0, Avg:  0.0, Max: 0, Diff: 0, Sum: 0, Workers: 4
[4592.920s][debug][gc,phases      ] GC(129)   Weak JFR Old Object Samples    Min:  0.0, Avg:  0.0, Max:  0.0, Diff:  0.0, Sum:  0.0, Workers: 4
[4592.920s][debug][gc,phases      ] GC(129)     Dead                           Min: 0, Avg:  0.0, Max: 0, Diff: 0, Sum: 0, Workers: 4
[4592.920s][debug][gc,phases      ] GC(129)     Total                          Min: 0, Avg:  0.0, Max: 0, Diff: 0, Sum: 0, Workers: 4
[4592.920s][debug][gc,phases      ] GC(129) Weak Processing 0.294ms
[4592.920s][debug][gc,age         ] GC(129) Desired survivor size 3145728 bytes, new threshold 15 (max threshold 15)
[4592.920s][info ][gc,heap        ] GC(129) PSYoungGen: 2092011K(2092032K)->1371K(2094080K) Eden: 2091008K(2091008K)->0K(2091008K) From: 1003K(1024K)->1371K(3072K)
[4592.920s][info ][gc,heap        ] GC(129) ParOldGen: 282164K(376832K)->282172K(376832K)
[4592.920s][info ][gc,metaspace   ] GC(129) Metaspace: 78872K(79744K)->78872K(79744K) NonClass: 67597K(68096K)->67597K(68096K) Class: 11275K(11648K)->11275K(11648K)
[4592.920s][info ][gc             ] GC(129) Pause Young (Allocation Failure) 2318M->276M(2413M) 3.419ms
[4592.920s][info ][gc,cpu         ] GC(129) User=0.00s Sys=0.00s Real=0.00s
[4592.920s][info ][safepoint      ] Safepoint "ParallelGCFailedAllocation", Time since last: 1643824486 ns, Reaching safepoint: 109202 ns, At safepoint: 3485444 ns, Total: 3594646 ns
[4593.920s][info ][safepoint      ] Safepoint "Cleanup", Time since last: 1000075406 ns, Reaching safepoint: 41901 ns, At safepoint: 2200 ns, Total: 44101 ns
[4594.920s][info ][safepoint      ] Safepoint "Cleanup", Time since last: 1000095807 ns, Reaching safepoint: 50900 ns, At safepoint: 2700 ns, Total: 53600 ns
[4595.920s][info ][safepoint      ] Safepoint "Cleanup", Time since last: 1000099007 ns, Reaching safepoint: 39901 ns, At safepoint: 2500 ns, Total: 42401 ns
[4597.920s][info ][safepoint      ] Safepoint "Cleanup", Time since last: 2000169990 ns, Reaching safepoint: 31801 ns, At safepoint: 2200 ns, Total: 34001 ns
[4616.618s][info ][gc,start       ] GC(130) Pause Young (Allocation Failure)
[4616.621s][debug][gc,phases      ] GC(130) Scavenge 3.056ms
[4616.621s][debug][gc,ref         ] GC(130) Skipped phase 1 of Reference Processing: no references
[4616.621s][debug][gc,ref         ] GC(130) ReferenceProcessor::execute queues: 1, RefProcThreadModel::Single, marks_oops_alive: false
[4616.621s][debug][gc,ref         ] GC(130) Skipped phase 3 of Reference Processing: no references
[4616.621s][debug][gc,ref         ] GC(130) ReferenceProcessor::execute queues: 1, RefProcThreadModel::Single, marks_oops_alive: false
[4616.621s][debug][gc,phases      ] GC(130) Reference Processing 0.075ms
[4616.621s][debug][gc,phases      ] GC(130)   VM Weak                        Min:  0.0, Avg:  0.0, Max:  0.0, Diff:  0.0, Sum:  0.0, Workers: 4
[4616.621s][debug][gc,phases      ] GC(130)     Dead                           Min: 0, Avg:  0.0, Max: 0, Diff: 0, Sum: 0, Workers: 4
[4616.621s][debug][gc,phases      ] GC(130)     Total                          Min: 64, Avg: 178.8, Max: 448, Diff: 384, Sum: 715, Workers: 4
[4616.621s][debug][gc,phases      ] GC(130)   ObjectSynchronizer Weak        Min:  0.0, Avg:  0.0, Max:  0.0, Diff:  0.0, Sum:  0.0, Workers: 4
[4616.621s][debug][gc,phases      ] GC(130)     Dead                           Min: 0, Avg:  0.0, Max: 0, Diff: 0, Sum: 0, Workers: 4
[4616.621s][debug][gc,phases      ] GC(130)     Total                          Min: 0, Avg: 12.5, Max: 50, Diff: 50, Sum: 50, Workers: 4
[4616.621s][debug][gc,phases      ] GC(130)   JVMTI Tag Weak OopStorage      Min:  0.0, Avg:  0.0, Max:  0.0, Diff:  0.0, Sum:  0.0, Workers: 4
[4616.621s][debug][gc,phases      ] GC(130)     Dead                           Min: 0, Avg:  0.0, Max: 0, Diff: 0, Sum: 0, Workers: 4
[4616.621s][debug][gc,phases      ] GC(130)     Total                          Min: 0, Avg:  0.0, Max: 0, Diff: 0, Sum: 0, Workers: 4
[4616.621s][debug][gc,phases      ] GC(130)   StringTable Weak               Min:  0.1, Avg:  0.1, Max:  0.1, Diff:  0.0, Sum:  0.4, Workers: 4
[4616.621s][debug][gc,phases      ] GC(130)     Dead                           Min: 0, Avg:  0.0, Max: 0, Diff: 0, Sum: 0, Workers: 4
[4616.621s][debug][gc,phases      ] GC(130)     Total                          Min: 9920, Avg: 10782.5, Max: 11199, Diff: 1279, Sum: 43130, Workers: 4
[4616.621s][debug][gc,phases      ] GC(130)   ResolvedMethodTable Weak       Min:  0.0, Avg:  0.0, Max:  0.0, Diff:  0.0, Sum:  0.1, Workers: 4
[4616.621s][debug][gc,phases      ] GC(130)     Dead                           Min: 0, Avg:  0.0, Max: 0, Diff: 0, Sum: 0, Workers: 4
[4616.621s][debug][gc,phases      ] GC(130)     Total                          Min: 2009, Avg: 2134.2, Max: 2240, Diff: 231, Sum: 8537, Workers: 4
[4616.621s][debug][gc,phases      ] GC(130)   JNI Weak                       Min:  0.0, Avg:  0.0, Max:  0.0, Diff:  0.0, Sum:  0.0, Workers: 4
[4616.621s][debug][gc,phases      ] GC(130)     Dead                           Min: 0, Avg:  0.0, Max: 0, Diff: 0, Sum: 0, Workers: 4
[4616.621s][debug][gc,phases      ] GC(130)     Total                          Min: 0, Avg: 11.2, Max: 45, Diff: 45, Sum: 45, Workers: 4
[4616.621s][debug][gc,phases      ] GC(130)   StringDedup Table Weak         Min:  0.0, Avg:  0.0, Max:  0.0, Diff:  0.0, Sum:  0.0, Workers: 4
[4616.621s][debug][gc,phases      ] GC(130)     Dead                           Min: 0, Avg:  0.0, Max: 0, Diff: 0, Sum: 0, Workers: 4
[4616.621s][debug][gc,phases      ] GC(130)     Total                          Min: 0, Avg:  0.0, Max: 0, Diff: 0, Sum: 0, Workers: 4
[4616.621s][debug][gc,phases      ] GC(130)   StringDedup Requests0 Weak     Min:  0.0, Avg:  0.0, Max:  0.0, Diff:  0.0, Sum:  0.0, Workers: 4
[4616.621s][debug][gc,phases      ] GC(130)     Dead                           Min: 0, Avg:  0.0, Max: 0, Diff: 0, Sum: 0, Workers: 4
[4616.621s][debug][gc,phases      ] GC(130)     Total                          Min: 0, Avg:  0.0, Max: 0, Diff: 0, Sum: 0, Workers: 4
[4616.621s][debug][gc,phases      ] GC(130)   StringDedup Requests1 Weak     Min:  0.0, Avg:  0.0, Max:  0.0, Diff:  0.0, Sum:  0.0, Workers: 4
[4616.621s][debug][gc,phases      ] GC(130)     Dead                           Min: 0, Avg:  0.0, Max: 0, Diff: 0, Sum: 0, Workers: 4
[4616.621s][debug][gc,phases      ] GC(130)     Total                          Min: 0, Avg:  0.0, Max: 0, Diff: 0, Sum: 0, Workers: 4
[4616.621s][debug][gc,phases      ] GC(130)   Weak JFR Old Object Samples    Min:  0.0, Avg:  0.0, Max:  0.0, Diff:  0.0, Sum:  0.0, Workers: 4
[4616.621s][debug][gc,phases      ] GC(130)     Dead                           Min: 0, Avg:  0.0, Max: 0, Diff: 0, Sum: 0, Workers: 4
[4616.621s][debug][gc,phases      ] GC(130)     Total                          Min: 0, Avg:  0.0, Max: 0, Diff: 0, Sum: 0, Workers: 4
[4616.621s][debug][gc,phases      ] GC(130) Weak Processing 0.283ms
[4616.621s][debug][gc,age         ] GC(130) Desired survivor size 3145728 bytes, new threshold 15 (max threshold 15)
[4616.621s][info ][gc,heap        ] GC(130) PSYoungGen: 2092379K(2094080K)->1435K(2094080K) Eden: 2091008K(2091008K)->0K(2091008K) From: 1371K(3072K)->1435K(3072K)
[4616.621s][info ][gc,heap        ] GC(130) ParOldGen: 282172K(376832K)->282172K(376832K)
[4616.621s][info ][gc,metaspace   ] GC(130) Metaspace: 78880K(79744K)->78880K(79744K) NonClass: 67605K(68096K)->67605K(68096K) Class: 11275K(11648K)->11275K(11648K)
[4616.621s][info ][gc             ] GC(130) Pause Young (Allocation Failure) 2318M->276M(2413M) 3.497ms
[4616.621s][info ][gc,cpu         ] GC(130) User=0.00s Sys=0.00s Real=0.00s
[4616.621s][info ][safepoint      ] Safepoint "ParallelGCFailedAllocation", Time since last: 18697486372 ns, Reaching safepoint: 32200 ns, At safepoint: 3556346 ns, Total: 3588546 ns
[4640.119s][info ][gc,start       ] GC(131) Pause Young (Allocation Failure)
[4640.121s][debug][gc,phases      ] GC(131) Scavenge 2.339ms
[4640.121s][debug][gc,ref         ] GC(131) Skipped phase 1 of Reference Processing: no references
[4640.121s][debug][gc,ref         ] GC(131) ReferenceProcessor::execute queues: 1, RefProcThreadModel::Single, marks_oops_alive: false
[4640.121s][debug][gc,ref         ] GC(131) Skipped phase 3 of Reference Processing: no references
[4640.121s][debug][gc,ref         ] GC(131) ReferenceProcessor::execute queues: 1, RefProcThreadModel::Single, marks_oops_alive: false
[4640.121s][debug][gc,phases      ] GC(131) Reference Processing 0.088ms
[4640.122s][debug][gc,phases      ] GC(131)   VM Weak                        Min:  0.0, Avg:  0.0, Max:  0.0, Diff:  0.0, Sum:  0.0, Workers: 4
[4640.122s][debug][gc,phases      ] GC(131)     Dead                           Min: 0, Avg:  0.0, Max: 0, Diff: 0, Sum: 0, Workers: 4
[4640.122s][debug][gc,phases      ] GC(131)     Total                          Min: 0, Avg: 178.8, Max: 715, Diff: 715, Sum: 715, Workers: 4
[4640.122s][debug][gc,phases      ] GC(131)   ObjectSynchronizer Weak        Min:  0.0, Avg:  0.0, Max:  0.0, Diff:  0.0, Sum:  0.0, Workers: 4
[4640.122s][debug][gc,phases      ] GC(131)     Dead                           Min: 0, Avg:  0.0, Max: 0, Diff: 0, Sum: 0, Workers: 4
[4640.122s][debug][gc,phases      ] GC(131)     Total                          Min: 0, Avg: 12.5, Max: 50, Diff: 50, Sum: 50, Workers: 4
[4640.122s][debug][gc,phases      ] GC(131)   JVMTI Tag Weak OopStorage      Min:  0.0, Avg:  0.0, Max:  0.0, Diff:  0.0, Sum:  0.0, Workers: 4
[4640.122s][debug][gc,phases      ] GC(131)     Dead                           Min: 0, Avg:  0.0, Max: 0, Diff: 0, Sum: 0, Workers: 4
[4640.122s][debug][gc,phases      ] GC(131)     Total                          Min: 0, Avg:  0.0, Max: 0, Diff: 0, Sum: 0, Workers: 4
[4640.122s][debug][gc,phases      ] GC(131)   StringTable Weak               Min:  0.0, Avg:  0.1, Max:  0.1, Diff:  0.1, Sum:  0.3, Workers: 4
[4640.122s][debug][gc,phases      ] GC(131)     Dead                           Min: 0, Avg:  0.0, Max: 0, Diff: 0, Sum: 0, Workers: 4
[4640.122s][debug][gc,phases      ] GC(131)     Total                          Min: 0, Avg: 10782.5, Max: 16192, Diff: 16192, Sum: 43130, Workers: 4
[4640.122s][debug][gc,phases      ] GC(131)   ResolvedMethodTable Weak       Min:  0.0, Avg:  0.0, Max:  0.0, Diff:  0.0, Sum:  0.1, Workers: 4
[4640.122s][debug][gc,phases      ] GC(131)     Dead                           Min: 0, Avg:  0.0, Max: 0, Diff: 0, Sum: 0, Workers: 4
[4640.122s][debug][gc,phases      ] GC(131)     Total                          Min: 0, Avg: 2134.2, Max: 3673, Diff: 3673, Sum: 8537, Workers: 4
[4640.122s][debug][gc,phases      ] GC(131)   JNI Weak                       Min:  0.0, Avg:  0.0, Max:  0.0, Diff:  0.0, Sum:  0.0, Workers: 4
[4640.122s][debug][gc,phases      ] GC(131)     Dead                           Min: 0, Avg:  0.0, Max: 0, Diff: 0, Sum: 0, Workers: 4
[4640.122s][debug][gc,phases      ] GC(131)     Total                          Min: 0, Avg: 11.2, Max: 45, Diff: 45, Sum: 45, Workers: 4
[4640.122s][debug][gc,phases      ] GC(131)   StringDedup Table Weak         Min:  0.0, Avg:  0.0, Max:  0.0, Diff:  0.0, Sum:  0.0, Workers: 4
[4640.122s][debug][gc,phases      ] GC(131)     Dead                           Min: 0, Avg:  0.0, Max: 0, Diff: 0, Sum: 0, Workers: 4
[4640.122s][debug][gc,phases      ] GC(131)     Total                          Min: 0, Avg:  0.0, Max: 0, Diff: 0, Sum: 0, Workers: 4
[4640.122s][debug][gc,phases      ] GC(131)   StringDedup Requests0 Weak     Min:  0.0, Avg:  0.0, Max:  0.0, Diff:  0.0, Sum:  0.0, Workers: 4
[4640.122s][debug][gc,phases      ] GC(131)     Dead                           Min: 0, Avg:  0.0, Max: 0, Diff: 0, Sum: 0, Workers: 4
[4640.122s][debug][gc,phases      ] GC(131)     Total                          Min: 0, Avg:  0.0, Max: 0, Diff: 0, Sum: 0, Workers: 4
[4640.122s][debug][gc,phases      ] GC(131)   StringDedup Requests1 Weak     Min:  0.0, Avg:  0.0, Max:  0.0, Diff:  0.0, Sum:  0.0, Workers: 4
[4640.122s][debug][gc,phases      ] GC(131)     Dead                           Min: 0, Avg:  0.0, Max: 0, Diff: 0, Sum: 0, Workers: 4
[4640.122s][debug][gc,phases      ] GC(131)     Total                          Min: 0, Avg:  0.0, Max: 0, Diff: 0, Sum: 0, Workers: 4
[4640.122s][debug][gc,phases      ] GC(131)   Weak JFR Old Object Samples    Min:  0.0, Avg:  0.0, Max:  0.0, Diff:  0.0, Sum:  0.0, Workers: 4
[4640.122s][debug][gc,phases      ] GC(131)     Dead                           Min: 0, Avg:  0.0, Max: 0, Diff: 0, Sum: 0, Workers: 4
[4640.122s][debug][gc,phases      ] GC(131)     Total                          Min: 0, Avg:  0.0, Max: 0, Diff: 0, Sum: 0, Workers: 4
[4640.122s][debug][gc,phases      ] GC(131) Weak Processing 0.295ms
[4640.122s][debug][gc,age         ] GC(131) Desired survivor size 3145728 bytes, new threshold 15 (max threshold 15)
[4640.122s][info ][gc,heap        ] GC(131) PSYoungGen: 2092443K(2094080K)->1371K(2094080K) Eden: 2091008K(2091008K)->0K(2091008K) From: 1435K(3072K)->1371K(3072K)
[4640.122s][info ][gc,heap        ] GC(131) ParOldGen: 282172K(376832K)->282172K(376832K)
[4640.122s][info ][gc,metaspace   ] GC(131) Metaspace: 78883K(79744K)->78883K(79744K) NonClass: 67608K(68096K)->67608K(68096K) Class: 11275K(11648K)->11275K(11648K)
[4640.122s][info ][gc             ] GC(131) Pause Young (Allocation Failure) 2318M->276M(2413M) 2.824ms
[4640.122s][info ][gc,cpu         ] GC(131) User=0.01s Sys=0.00s Real=0.00s
[4640.122s][info ][safepoint      ] Safepoint "ParallelGCFailedAllocation", Time since last: 23497446514 ns, Reaching safepoint: 73701 ns, At safepoint: 2909138 ns, Total: 2982839 ns
[4653.123s][info ][safepoint      ] Safepoint "Cleanup", Time since last: 13000810114 ns, Reaching safepoint: 39200 ns, At safepoint: 2101 ns, Total: 41301 ns
[4656.123s][info ][safepoint      ] Safepoint "Cleanup", Time since last: 3000195116 ns, Reaching safepoint: 36301 ns, At safepoint: 1600 ns, Total: 37901 ns
[4660.123s][info ][safepoint      ] Safepoint "Cleanup", Time since last: 4000262422 ns, Reaching safepoint: 33500 ns, At safepoint: 2200 ns, Total: 35700 ns
[4661.766s][info ][gc,start       ] GC(132) Pause Young (Allocation Failure)
[4661.769s][debug][gc,phases      ] GC(132) Scavenge 3.396ms
[4661.769s][debug][gc,ref         ] GC(132) Skipped phase 1 of Reference Processing: no references
[4661.769s][debug][gc,ref         ] GC(132) ReferenceProcessor::execute queues: 1, RefProcThreadModel::Single, marks_oops_alive: false
[4661.769s][debug][gc,ref         ] GC(132) Skipped phase 3 of Reference Processing: no references
[4661.769s][debug][gc,ref         ] GC(132) ReferenceProcessor::execute queues: 1, RefProcThreadModel::Single, marks_oops_alive: false
[4661.769s][debug][gc,phases      ] GC(132) Reference Processing 0.090ms
[4661.769s][debug][gc,phases      ] GC(132)   VM Weak                        Min:  0.0, Avg:  0.0, Max:  0.0, Diff:  0.0, Sum:  0.0, Workers: 4
[4661.769s][debug][gc,phases      ] GC(132)     Dead                           Min: 0, Avg:  0.0, Max: 0, Diff: 0, Sum: 0, Workers: 4
[4661.769s][debug][gc,phases      ] GC(132)     Total                          Min: 0, Avg: 178.8, Max: 715, Diff: 715, Sum: 715, Workers: 4
[4661.769s][debug][gc,phases      ] GC(132)   ObjectSynchronizer Weak        Min:  0.0, Avg:  0.0, Max:  0.0, Diff:  0.0, Sum:  0.0, Workers: 4
[4661.769s][debug][gc,phases      ] GC(132)     Dead                           Min: 0, Avg:  0.0, Max: 0, Diff: 0, Sum: 0, Workers: 4
[4661.769s][debug][gc,phases      ] GC(132)     Total                          Min: 0, Avg: 12.5, Max: 50, Diff: 50, Sum: 50, Workers: 4
[4661.769s][debug][gc,phases      ] GC(132)   JVMTI Tag Weak OopStorage      Min:  0.0, Avg:  0.0, Max:  0.0, Diff:  0.0, Sum:  0.0, Workers: 4
[4661.769s][debug][gc,phases      ] GC(132)     Dead                           Min: 0, Avg:  0.0, Max: 0, Diff: 0, Sum: 0, Workers: 4
[4661.769s][debug][gc,phases      ] GC(132)     Total                          Min: 0, Avg:  0.0, Max: 0, Diff: 0, Sum: 0, Workers: 4
[4661.769s][debug][gc,phases      ] GC(132)   StringTable Weak               Min:  0.0, Avg:  0.1, Max:  0.1, Diff:  0.1, Sum:  0.3, Workers: 4
[4661.769s][debug][gc,phases      ] GC(132)     Dead                           Min: 0, Avg:  0.0, Max: 0, Diff: 0, Sum: 0, Workers: 4
[4661.769s][debug][gc,phases      ] GC(132)     Total                          Min: 0, Avg: 10782.8, Max: 18112, Diff: 18112, Sum: 43131, Workers: 4
[4661.769s][debug][gc,phases      ] GC(132)   ResolvedMethodTable Weak       Min:  0.0, Avg:  0.0, Max:  0.0, Diff:  0.0, Sum:  0.1, Workers: 4
[4661.769s][debug][gc,phases      ] GC(132)     Dead                           Min: 0, Avg:  0.0, Max: 0, Diff: 0, Sum: 0, Workers: 4
[4661.769s][debug][gc,phases      ] GC(132)     Total                          Min: 0, Avg: 2134.2, Max: 3801, Diff: 3801, Sum: 8537, Workers: 4
[4661.769s][debug][gc,phases      ] GC(132)   JNI Weak                       Min:  0.0, Avg:  0.0, Max:  0.0, Diff:  0.0, Sum:  0.0, Workers: 4
[4661.769s][debug][gc,phases      ] GC(132)     Dead                           Min: 0, Avg:  0.0, Max: 0, Diff: 0, Sum: 0, Workers: 4
[4661.769s][debug][gc,phases      ] GC(132)     Total                          Min: 0, Avg: 11.2, Max: 45, Diff: 45, Sum: 45, Workers: 4
[4661.769s][debug][gc,phases      ] GC(132)   StringDedup Table Weak         Min:  0.0, Avg:  0.0, Max:  0.0, Diff:  0.0, Sum:  0.0, Workers: 4
[4661.769s][debug][gc,phases      ] GC(132)     Dead                           Min: 0, Avg:  0.0, Max: 0, Diff: 0, Sum: 0, Workers: 4
[4661.769s][debug][gc,phases      ] GC(132)     Total                          Min: 0, Avg:  0.0, Max: 0, Diff: 0, Sum: 0, Workers: 4
[4661.769s][debug][gc,phases      ] GC(132)   StringDedup Requests0 Weak     Min:  0.0, Avg:  0.0, Max:  0.0, Diff:  0.0, Sum:  0.0, Workers: 4
[4661.769s][debug][gc,phases      ] GC(132)     Dead                           Min: 0, Avg:  0.0, Max: 0, Diff: 0, Sum: 0, Workers: 4
[4661.769s][debug][gc,phases      ] GC(132)     Total                          Min: 0, Avg:  0.0, Max: 0, Diff: 0, Sum: 0, Workers: 4
[4661.769s][debug][gc,phases      ] GC(132)   StringDedup Requests1 Weak     Min:  0.0, Avg:  0.0, Max:  0.0, Diff:  0.0, Sum:  0.0, Workers: 4
[4661.769s][debug][gc,phases      ] GC(132)     Dead                           Min: 0, Avg:  0.0, Max: 0, Diff: 0, Sum: 0, Workers: 4
[4661.769s][debug][gc,phases      ] GC(132)     Total                          Min: 0, Avg:  0.0, Max: 0, Diff: 0, Sum: 0, Workers: 4
[4661.769s][debug][gc,phases      ] GC(132)   Weak JFR Old Object Samples    Min:  0.0, Avg:  0.0, Max:  0.0, Diff:  0.0, Sum:  0.0, Workers: 4
[4661.769s][debug][gc,phases      ] GC(132)     Dead                           Min: 0, Avg:  0.0, Max: 0, Diff: 0, Sum: 0, Workers: 4
[4661.769s][debug][gc,phases      ] GC(132)     Total                          Min: 0, Avg:  0.0, Max: 0, Diff: 0, Sum: 0, Workers: 4
[4661.769s][debug][gc,phases      ] GC(132) Weak Processing 0.294ms
[4661.769s][debug][gc,age         ] GC(132) Desired survivor size 3145728 bytes, new threshold 15 (max threshold 15)
[4661.769s][info ][gc,heap        ] GC(132) PSYoungGen: 2092379K(2094080K)->1723K(2094080K) Eden: 2091008K(2091008K)->0K(2091008K) From: 1371K(3072K)->1723K(3072K)
[4661.769s][info ][gc,heap        ] GC(132) ParOldGen: 282172K(376832K)->282172K(376832K)
[4661.769s][info ][gc,metaspace   ] GC(132) Metaspace: 78885K(79744K)->78885K(79744K) NonClass: 67610K(68096K)->67610K(68096K) Class: 11275K(11648K)->11275K(11648K)
[4661.769s][info ][gc             ] GC(132) Pause Young (Allocation Failure) 2318M->277M(2413M) 3.874ms
[4661.769s][info ][gc,cpu         ] GC(132) User=0.02s Sys=0.00s Real=0.01s
[4661.769s][info ][safepoint      ] Safepoint "ParallelGCFailedAllocation", Time since last: 1642250009 ns, Reaching safepoint: 37600 ns, At safepoint: 3934751 ns, Total: 3972351 ns
[4663.770s][info ][safepoint      ] Safepoint "Cleanup", Time since last: 2000150852 ns, Reaching safepoint: 50101 ns, At safepoint: 7200 ns, Total: 57301 ns
[4673.770s][info ][safepoint      ] Safepoint "Cleanup", Time since last: 10000649520 ns, Reaching safepoint: 41100 ns, At safepoint: 3000 ns, Total: 44100 ns
[4674.771s][info ][safepoint      ] Safepoint "Cleanup", Time since last: 1000109111 ns, Reaching safepoint: 37900 ns, At safepoint: 3100 ns, Total: 41000 ns
[4676.771s][info ][safepoint      ] Safepoint "Cleanup", Time since last: 2000159228 ns, Reaching safepoint: 39900 ns, At safepoint: 2000 ns, Total: 41900 ns
[4683.771s][info ][safepoint      ] Safepoint "Cleanup", Time since last: 7000439110 ns, Reaching safepoint: 31700 ns, At safepoint: 2200 ns, Total: 33900 ns
[4684.644s][info ][gc,start       ] GC(133) Pause Young (Allocation Failure)
[4684.649s][debug][gc,phases      ] GC(133) Scavenge 4.253ms
[4684.649s][debug][gc,ref         ] GC(133) Skipped phase 1 of Reference Processing: no references
[4684.649s][debug][gc,ref         ] GC(133) ReferenceProcessor::execute queues: 1, RefProcThreadModel::Single, marks_oops_alive: false
[4684.649s][debug][gc,ref         ] GC(133) Skipped phase 3 of Reference Processing: no references
[4684.649s][debug][gc,ref         ] GC(133) ReferenceProcessor::execute queues: 1, RefProcThreadModel::Single, marks_oops_alive: false
[4684.649s][debug][gc,phases      ] GC(133) Reference Processing 0.112ms
[4684.649s][debug][gc,phases      ] GC(133)   VM Weak                        Min:  0.0, Avg:  0.0, Max:  0.0, Diff:  0.0, Sum:  0.0, Workers: 4
[4684.649s][debug][gc,phases      ] GC(133)     Dead                           Min: 0, Avg:  0.0, Max: 0, Diff: 0, Sum: 0, Workers: 4
[4684.649s][debug][gc,phases      ] GC(133)     Total                          Min: 0, Avg: 178.8, Max: 459, Diff: 459, Sum: 715, Workers: 4
[4684.649s][debug][gc,phases      ] GC(133)   ObjectSynchronizer Weak        Min:  0.0, Avg:  0.0, Max:  0.0, Diff:  0.0, Sum:  0.0, Workers: 4
[4684.649s][debug][gc,phases      ] GC(133)     Dead                           Min: 0, Avg:  0.0, Max: 0, Diff: 0, Sum: 0, Workers: 4
[4684.649s][debug][gc,phases      ] GC(133)     Total                          Min: 0, Avg: 12.5, Max: 50, Diff: 50, Sum: 50, Workers: 4
[4684.649s][debug][gc,phases      ] GC(133)   JVMTI Tag Weak OopStorage      Min:  0.0, Avg:  0.0, Max:  0.0, Diff:  0.0, Sum:  0.0, Workers: 4
[4684.649s][debug][gc,phases      ] GC(133)     Dead                           Min: 0, Avg:  0.0, Max: 0, Diff: 0, Sum: 0, Workers: 4
[4684.649s][debug][gc,phases      ] GC(133)     Total                          Min: 0, Avg:  0.0, Max: 0, Diff: 0, Sum: 0, Workers: 4
[4684.649s][debug][gc,phases      ] GC(133)   StringTable Weak               Min:  0.0, Avg:  0.1, Max:  0.2, Diff:  0.2, Sum:  0.4, Workers: 4
[4684.649s][debug][gc,phases      ] GC(133)     Dead                           Min: 0, Avg:  0.0, Max: 0, Diff: 0, Sum: 0, Workers: 4
[4684.649s][debug][gc,phases      ] GC(133)     Total                          Min: 0, Avg: 10782.8, Max: 21568, Diff: 21568, Sum: 43131, Workers: 4
[4684.649s][debug][gc,phases      ] GC(133)   ResolvedMethodTable Weak       Min:  0.0, Avg:  0.0, Max:  0.0, Diff:  0.0, Sum:  0.1, Workers: 4
[4684.649s][debug][gc,phases      ] GC(133)     Dead                           Min: 0, Avg:  0.0, Max: 0, Diff: 0, Sum: 0, Workers: 4
[4684.649s][debug][gc,phases      ] GC(133)     Total                          Min: 0, Avg: 2134.2, Max: 4416, Diff: 4416, Sum: 8537, Workers: 4
[4684.649s][debug][gc,phases      ] GC(133)   JNI Weak                       Min:  0.0, Avg:  0.0, Max:  0.0, Diff:  0.0, Sum:  0.0, Workers: 4
[4684.649s][debug][gc,phases      ] GC(133)     Dead                           Min: 0, Avg:  0.0, Max: 0, Diff: 0, Sum: 0, Workers: 4
[4684.649s][debug][gc,phases      ] GC(133)     Total                          Min: 0, Avg: 11.2, Max: 45, Diff: 45, Sum: 45, Workers: 4
[4684.649s][debug][gc,phases      ] GC(133)   StringDedup Table Weak         Min:  0.0, Avg:  0.0, Max:  0.0, Diff:  0.0, Sum:  0.0, Workers: 4
[4684.649s][debug][gc,phases      ] GC(133)     Dead                           Min: 0, Avg:  0.0, Max: 0, Diff: 0, Sum: 0, Workers: 4
[4684.649s][debug][gc,phases      ] GC(133)     Total                          Min: 0, Avg:  0.0, Max: 0, Diff: 0, Sum: 0, Workers: 4
[4684.649s][debug][gc,phases      ] GC(133)   StringDedup Requests0 Weak     Min:  0.0, Avg:  0.0, Max:  0.0, Diff:  0.0, Sum:  0.0, Workers: 4
[4684.649s][debug][gc,phases      ] GC(133)     Dead                           Min: 0, Avg:  0.0, Max: 0, Diff: 0, Sum: 0, Workers: 4
[4684.649s][debug][gc,phases      ] GC(133)     Total                          Min: 0, Avg:  0.0, Max: 0, Diff: 0, Sum: 0, Workers: 4
[4684.649s][debug][gc,phases      ] GC(133)   StringDedup Requests1 Weak     Min:  0.0, Avg:  0.0, Max:  0.0, Diff:  0.0, Sum:  0.0, Workers: 4
[4684.649s][debug][gc,phases      ] GC(133)     Dead                           Min: 0, Avg:  0.0, Max: 0, Diff: 0, Sum: 0, Workers: 4
[4684.649s][debug][gc,phases      ] GC(133)     Total                          Min: 0, Avg:  0.0, Max: 0, Diff: 0, Sum: 0, Workers: 4
[4684.649s][debug][gc,phases      ] GC(133)   Weak JFR Old Object Samples    Min:  0.0, Avg:  0.0, Max:  0.0, Diff:  0.0, Sum:  0.0, Workers: 4
[4684.649s][debug][gc,phases      ] GC(133)     Dead                           Min: 0, Avg:  0.0, Max: 0, Diff: 0, Sum: 0, Workers: 4
[4684.649s][debug][gc,phases      ] GC(133)     Total                          Min: 0, Avg:  0.0, Max: 0, Diff: 0, Sum: 0, Workers: 4
[4684.649s][debug][gc,phases      ] GC(133) Weak Processing 0.451ms
[4684.649s][debug][gc,age         ] GC(133) Desired survivor size 3145728 bytes, new threshold 15 (max threshold 15)
[4684.649s][info ][gc,heap        ] GC(133) PSYoungGen: 2092731K(2094080K)->1931K(2094080K) Eden: 2091008K(2091008K)->0K(2091008K) From: 1723K(3072K)->1931K(3072K)
[4684.649s][info ][gc,heap        ] GC(133) ParOldGen: 282172K(376832K)->282172K(376832K)
[4684.649s][info ][gc,metaspace   ] GC(133) Metaspace: 78887K(79744K)->78887K(79744K) NonClass: 67612K(68096K)->67612K(68096K) Class: 11275K(11648K)->11275K(11648K)
[4684.649s][info ][gc             ] GC(133) Pause Young (Allocation Failure) 2319M->277M(2413M) 4.949ms
[4684.649s][info ][gc,cpu         ] GC(133) User=0.01s Sys=0.00s Real=0.01s
[4684.649s][info ][safepoint      ] Safepoint "ParallelGCFailedAllocation", Time since last: 872951337 ns, Reaching safepoint: 98301 ns, At safepoint: 5021064 ns, Total: 5119365 ns
[4686.650s][info ][safepoint      ] Safepoint "Cleanup", Time since last: 2000149355 ns, Reaching safepoint: 116401 ns, At safepoint: 12300 ns, Total: 128701 ns
[4687.650s][info ][safepoint      ] Safepoint "Cleanup", Time since last: 1000052277 ns, Reaching safepoint: 32201 ns, At safepoint: 2200 ns, Total: 34401 ns
[4688.650s][info ][safepoint      ] Safepoint "Cleanup", Time since last: 1000088477 ns, Reaching safepoint: 38800 ns, At safepoint: 14601 ns, Total: 53401 ns
[4689.650s][info ][safepoint      ] Safepoint "Cleanup", Time since last: 1000094577 ns, Reaching safepoint: 43100 ns, At safepoint: 3000 ns, Total: 46100 ns
[4698.566s][info ][gc,start       ] GC(134) Pause Young (Allocation Failure)
[4698.588s][debug][gc,phases      ] GC(134) Scavenge 22.751ms
[4698.588s][debug][gc,ref         ] GC(134) Skipped phase 1 of Reference Processing: no references
[4698.588s][debug][gc,ref         ] GC(134) ReferenceProcessor::execute queues: 1, RefProcThreadModel::Single, marks_oops_alive: false
[4698.589s][debug][gc,ref         ] GC(134) Skipped phase 3 of Reference Processing: no references
[4698.589s][debug][gc,ref         ] GC(134) ReferenceProcessor::execute queues: 1, RefProcThreadModel::Single, marks_oops_alive: false
[4698.589s][debug][gc,phases      ] GC(134) Reference Processing 0.104ms
[4698.589s][debug][gc,phases      ] GC(134)   VM Weak                        Min:  0.0, Avg:  0.0, Max:  0.0, Diff:  0.0, Sum:  0.0, Workers: 4
[4698.589s][debug][gc,phases      ] GC(134)     Dead                           Min: 0, Avg:  0.0, Max: 0, Diff: 0, Sum: 0, Workers: 4
[4698.589s][debug][gc,phases      ] GC(134)     Total                          Min: 0, Avg: 178.8, Max: 576, Diff: 576, Sum: 715, Workers: 4
[4698.589s][debug][gc,phases      ] GC(134)   ObjectSynchronizer Weak        Min:  0.0, Avg:  0.0, Max:  0.0, Diff:  0.0, Sum:  0.0, Workers: 4
[4698.589s][debug][gc,phases      ] GC(134)     Dead                           Min: 0, Avg:  0.0, Max: 0, Diff: 0, Sum: 0, Workers: 4
[4698.589s][debug][gc,phases      ] GC(134)     Total                          Min: 0, Avg: 12.5, Max: 50, Diff: 50, Sum: 50, Workers: 4
[4698.589s][debug][gc,phases      ] GC(134)   JVMTI Tag Weak OopStorage      Min:  0.0, Avg:  0.0, Max:  0.0, Diff:  0.0, Sum:  0.0, Workers: 4
[4698.589s][debug][gc,phases      ] GC(134)     Dead                           Min: 0, Avg:  0.0, Max: 0, Diff: 0, Sum: 0, Workers: 4
[4698.589s][debug][gc,phases      ] GC(134)     Total                          Min: 0, Avg:  0.0, Max: 0, Diff: 0, Sum: 0, Workers: 4
[4698.589s][debug][gc,phases      ] GC(134)   StringTable Weak               Min:  0.0, Avg:  0.1, Max:  0.1, Diff:  0.1, Sum:  0.3, Workers: 4
[4698.589s][debug][gc,phases      ] GC(134)     Dead                           Min: 0, Avg:  0.0, Max: 0, Diff: 0, Sum: 0, Workers: 4
[4698.589s][debug][gc,phases      ] GC(134)     Total                          Min: 0, Avg: 10783.5, Max: 17152, Diff: 17152, Sum: 43134, Workers: 4
[4698.589s][debug][gc,phases      ] GC(134)   ResolvedMethodTable Weak       Min:  0.0, Avg:  0.0, Max:  0.0, Diff:  0.0, Sum:  0.1, Workers: 4
[4698.589s][debug][gc,phases      ] GC(134)     Dead                           Min: 0, Avg:  0.0, Max: 0, Diff: 0, Sum: 0, Workers: 4
[4698.589s][debug][gc,phases      ] GC(134)     Total                          Min: 0, Avg: 2134.2, Max: 3712, Diff: 3712, Sum: 8537, Workers: 4
[4698.589s][debug][gc,phases      ] GC(134)   JNI Weak                       Min:  0.0, Avg:  0.0, Max:  0.0, Diff:  0.0, Sum:  0.0, Workers: 4
[4698.589s][debug][gc,phases      ] GC(134)     Dead                           Min: 0, Avg:  0.0, Max: 0, Diff: 0, Sum: 0, Workers: 4
[4698.589s][debug][gc,phases      ] GC(134)     Total                          Min: 0, Avg: 11.2, Max: 45, Diff: 45, Sum: 45, Workers: 4
[4698.589s][debug][gc,phases      ] GC(134)   StringDedup Table Weak         Min:  0.0, Avg:  0.0, Max:  0.0, Diff:  0.0, Sum:  0.0, Workers: 4
[4698.589s][debug][gc,phases      ] GC(134)     Dead                           Min: 0, Avg:  0.0, Max: 0, Diff: 0, Sum: 0, Workers: 4
[4698.589s][debug][gc,phases      ] GC(134)     Total                          Min: 0, Avg:  0.0, Max: 0, Diff: 0, Sum: 0, Workers: 4
[4698.589s][debug][gc,phases      ] GC(134)   StringDedup Requests0 Weak     Min:  0.0, Avg:  0.0, Max:  0.0, Diff:  0.0, Sum:  0.0, Workers: 4
[4698.589s][debug][gc,phases      ] GC(134)     Dead                           Min: 0, Avg:  0.0, Max: 0, Diff: 0, Sum: 0, Workers: 4
[4698.589s][debug][gc,phases      ] GC(134)     Total                          Min: 0, Avg:  0.0, Max: 0, Diff: 0, Sum: 0, Workers: 4
[4698.589s][debug][gc,phases      ] GC(134)   StringDedup Requests1 Weak     Min:  0.0, Avg:  0.0, Max:  0.0, Diff:  0.0, Sum:  0.0, Workers: 4
[4698.589s][debug][gc,phases      ] GC(134)     Dead                           Min: 0, Avg:  0.0, Max: 0, Diff: 0, Sum: 0, Workers: 4
[4698.589s][debug][gc,phases      ] GC(134)     Total                          Min: 0, Avg:  0.0, Max: 0, Diff: 0, Sum: 0, Workers: 4
[4698.589s][debug][gc,phases      ] GC(134)   Weak JFR Old Object Samples    Min:  0.0, Avg:  0.0, Max:  0.0, Diff:  0.0, Sum:  0.0, Workers: 4
[4698.589s][debug][gc,phases      ] GC(134)     Dead                           Min: 0, Avg:  0.0, Max: 0, Diff: 0, Sum: 0, Workers: 4
[4698.589s][debug][gc,phases      ] GC(134)     Total                          Min: 0, Avg:  0.0, Max: 0, Diff: 0, Sum: 0, Workers: 4
[4698.589s][debug][gc,phases      ] GC(134) Weak Processing 0.305ms
[4698.589s][debug][gc,age         ] GC(134) Desired survivor size 16252928 bytes, new threshold 14 (max threshold 15)
[4698.589s][info ][gc,heap        ] GC(134) PSYoungGen: 2092939K(2094080K)->3067K(2068480K) Eden: 2091008K(2091008K)->0K(2065408K) From: 1931K(3072K)->3067K(3072K)
[4698.589s][info ][gc,heap        ] GC(134) ParOldGen: 282172K(376832K)->314220K(376832K)
[4698.589s][info ][gc,metaspace   ] GC(134) Metaspace: 78899K(79808K)->78899K(79808K) NonClass: 67622K(68160K)->67622K(68160K) Class: 11276K(11648K)->11276K(11648K)
[4698.589s][info ][gc             ] GC(134) Pause Young (Allocation Failure) 2319M->309M(2388M) 23.270ms
[4698.589s][info ][gc,cpu         ] GC(134) User=0.05s Sys=0.03s Real=0.03s
[4698.589s][info ][safepoint      ] Safepoint "ParallelGCFailedAllocation", Time since last: 8915608398 ns, Reaching safepoint: 50401 ns, At safepoint: 23332497 ns, Total: 23382898 ns
[4706.589s][info ][safepoint      ] Safepoint "Cleanup", Time since last: 8000512276 ns, Reaching safepoint: 36300 ns, At safepoint: 7400 ns, Total: 43700 ns
[4711.590s][info ][safepoint      ] Safepoint "Cleanup", Time since last: 5000347410 ns, Reaching safepoint: 42800 ns, At safepoint: 2900 ns, Total: 45700 ns
[4721.316s][info ][gc,start       ] GC(135) Pause Young (Allocation Failure)
[4721.320s][debug][gc,phases      ] GC(135) Scavenge 3.706ms
[4721.320s][debug][gc,ref         ] GC(135) Skipped phase 1 of Reference Processing: no references
[4721.320s][debug][gc,ref         ] GC(135) ReferenceProcessor::execute queues: 1, RefProcThreadModel::Single, marks_oops_alive: false
[4721.320s][debug][gc,ref         ] GC(135) Skipped phase 3 of Reference Processing: no references
[4721.320s][debug][gc,ref         ] GC(135) ReferenceProcessor::execute queues: 1, RefProcThreadModel::Single, marks_oops_alive: false
[4721.320s][debug][gc,phases      ] GC(135) Reference Processing 0.103ms
[4721.320s][debug][gc,phases      ] GC(135)   VM Weak                        Min:  0.0, Avg:  0.0, Max:  0.0, Diff:  0.0, Sum:  0.0, Workers: 4
[4721.320s][debug][gc,phases      ] GC(135)     Dead                           Min: 0, Avg:  0.0, Max: 0, Diff: 0, Sum: 0, Workers: 4
[4721.320s][debug][gc,phases      ] GC(135)     Total                          Min: 0, Avg: 178.8, Max: 459, Diff: 459, Sum: 715, Workers: 4
[4721.320s][debug][gc,phases      ] GC(135)   ObjectSynchronizer Weak        Min:  0.0, Avg:  0.0, Max:  0.0, Diff:  0.0, Sum:  0.0, Workers: 4
[4721.320s][debug][gc,phases      ] GC(135)     Dead                           Min: 0, Avg:  0.0, Max: 0, Diff: 0, Sum: 0, Workers: 4
[4721.320s][debug][gc,phases      ] GC(135)     Total                          Min: 0, Avg: 12.5, Max: 50, Diff: 50, Sum: 50, Workers: 4
[4721.320s][debug][gc,phases      ] GC(135)   JVMTI Tag Weak OopStorage      Min:  0.0, Avg:  0.0, Max:  0.0, Diff:  0.0, Sum:  0.0, Workers: 4
[4721.320s][debug][gc,phases      ] GC(135)     Dead                           Min: 0, Avg:  0.0, Max: 0, Diff: 0, Sum: 0, Workers: 4
[4721.320s][debug][gc,phases      ] GC(135)     Total                          Min: 0, Avg:  0.0, Max: 0, Diff: 0, Sum: 0, Workers: 4
[4721.320s][debug][gc,phases      ] GC(135)   StringTable Weak               Min:  0.0, Avg:  0.1, Max:  0.1, Diff:  0.1, Sum:  0.3, Workers: 4
[4721.320s][debug][gc,phases      ] GC(135)     Dead                           Min: 0, Avg:  0.0, Max: 0, Diff: 0, Sum: 0, Workers: 4
[4721.320s][debug][gc,phases      ] GC(135)     Total                          Min: 0, Avg: 10783.8, Max: 17088, Diff: 17088, Sum: 43135, Workers: 4
[4721.320s][debug][gc,phases      ] GC(135)   ResolvedMethodTable Weak       Min:  0.0, Avg:  0.0, Max:  0.0, Diff:  0.0, Sum:  0.1, Workers: 4
[4721.320s][debug][gc,phases      ] GC(135)     Dead                           Min: 0, Avg:  0.0, Max: 0, Diff: 0, Sum: 0, Workers: 4
[4721.320s][debug][gc,phases      ] GC(135)     Total                          Min: 0, Avg: 2134.2, Max: 3776, Diff: 3776, Sum: 8537, Workers: 4
[4721.320s][debug][gc,phases      ] GC(135)   JNI Weak                       Min:  0.0, Avg:  0.0, Max:  0.0, Diff:  0.0, Sum:  0.0, Workers: 4
[4721.320s][debug][gc,phases      ] GC(135)     Dead                           Min: 0, Avg:  0.0, Max: 0, Diff: 0, Sum: 0, Workers: 4
[4721.320s][debug][gc,phases      ] GC(135)     Total                          Min: 0, Avg: 11.2, Max: 45, Diff: 45, Sum: 45, Workers: 4
[4721.320s][debug][gc,phases      ] GC(135)   StringDedup Table Weak         Min:  0.0, Avg:  0.0, Max:  0.0, Diff:  0.0, Sum:  0.0, Workers: 4
[4721.320s][debug][gc,phases      ] GC(135)     Dead                           Min: 0, Avg:  0.0, Max: 0, Diff: 0, Sum: 0, Workers: 4
[4721.320s][debug][gc,phases      ] GC(135)     Total                          Min: 0, Avg:  0.0, Max: 0, Diff: 0, Sum: 0, Workers: 4
[4721.320s][debug][gc,phases      ] GC(135)   StringDedup Requests0 Weak     Min:  0.0, Avg:  0.0, Max:  0.0, Diff:  0.0, Sum:  0.0, Workers: 4
[4721.320s][debug][gc,phases      ] GC(135)     Dead                           Min: 0, Avg:  0.0, Max: 0, Diff: 0, Sum: 0, Workers: 4
[4721.320s][debug][gc,phases      ] GC(135)     Total                          Min: 0, Avg:  0.0, Max: 0, Diff: 0, Sum: 0, Workers: 4
[4721.320s][debug][gc,phases      ] GC(135)   StringDedup Requests1 Weak     Min:  0.0, Avg:  0.0, Max:  0.0, Diff:  0.0, Sum:  0.0, Workers: 4
[4721.320s][debug][gc,phases      ] GC(135)     Dead                           Min: 0, Avg:  0.0, Max: 0, Diff: 0, Sum: 0, Workers: 4
[4721.320s][debug][gc,phases      ] GC(135)     Total                          Min: 0, Avg:  0.0, Max: 0, Diff: 0, Sum: 0, Workers: 4
[4721.320s][debug][gc,phases      ] GC(135)   Weak JFR Old Object Samples    Min:  0.0, Avg:  0.0, Max:  0.0, Diff:  0.0, Sum:  0.0, Workers: 4
[4721.320s][debug][gc,phases      ] GC(135)     Dead                           Min: 0, Avg:  0.0, Max: 0, Diff: 0, Sum: 0, Workers: 4
[4721.320s][debug][gc,phases      ] GC(135)     Total                          Min: 0, Avg:  0.0, Max: 0, Diff: 0, Sum: 0, Workers: 4
[4721.320s][debug][gc,phases      ] GC(135) Weak Processing 0.311ms
[4721.320s][debug][gc,age         ] GC(135) Desired survivor size 15204352 bytes, new threshold 15 (max threshold 15)
[4721.320s][info ][gc,heap        ] GC(135) PSYoungGen: 2068475K(2068480K)->4059K(2081280K) Eden: 2065408K(2065408K)->0K(2065408K) From: 3067K(3072K)->4059K(15872K)
[4721.320s][info ][gc,heap        ] GC(135) ParOldGen: 314220K(376832K)->314220K(376832K)
[4721.321s][info ][gc,metaspace   ] GC(135) Metaspace: 78901K(79808K)->78901K(79808K) NonClass: 67624K(68160K)->67624K(68160K) Class: 11276K(11648K)->11276K(11648K)
[4721.321s][info ][gc             ] GC(135) Pause Young (Allocation Failure) 2326M->310M(2400M) 4.219ms
[4721.321s][info ][gc,cpu         ] GC(135) User=0.01s Sys=0.00s Real=0.00s
[4721.321s][info ][safepoint      ] Safepoint "ParallelGCFailedAllocation", Time since last: 9726377001 ns, Reaching safepoint: 37000 ns, At safepoint: 4278555 ns, Total: 4315555 ns
[4723.321s][info ][safepoint      ] Safepoint "Cleanup", Time since last: 2000144071 ns, Reaching safepoint: 30800 ns, At safepoint: 3200 ns, Total: 34000 ns
[4730.321s][info ][safepoint      ] Safepoint "Cleanup", Time since last: 7000495969 ns, Reaching safepoint: 38500 ns, At safepoint: 2700 ns, Total: 41200 ns
[4731.322s][info ][safepoint      ] Safepoint "Cleanup", Time since last: 1000102557 ns, Reaching safepoint: 157903 ns, At safepoint: 15400 ns, Total: 173303 ns
[4733.322s][info ][safepoint      ] Safepoint "Cleanup", Time since last: 2000150064 ns, Reaching safepoint: 37301 ns, At safepoint: 2000 ns, Total: 39301 ns
[4734.322s][info ][safepoint      ] Safepoint "Cleanup", Time since last: 1000101478 ns, Reaching safepoint: 45201 ns, At safepoint: 4400 ns, Total: 49601 ns
[4734.825s][info ][gc,start       ] GC(136) Pause Young (Allocation Failure)
[4734.848s][debug][gc,phases      ] GC(136) Scavenge 22.794ms
[4734.848s][debug][gc,ref         ] GC(136) Skipped phase 1 of Reference Processing: no references
[4734.848s][debug][gc,ref         ] GC(136) ReferenceProcessor::execute queues: 1, RefProcThreadModel::Single, marks_oops_alive: false
[4734.848s][debug][gc,ref         ] GC(136) Skipped phase 3 of Reference Processing: no references
[4734.848s][debug][gc,ref         ] GC(136) ReferenceProcessor::execute queues: 1, RefProcThreadModel::Single, marks_oops_alive: false
[4734.848s][debug][gc,phases      ] GC(136) Reference Processing 0.128ms
[4734.848s][debug][gc,phases      ] GC(136)   VM Weak                        Min:  0.0, Avg:  0.0, Max:  0.0, Diff:  0.0, Sum:  0.0, Workers: 4
[4734.848s][debug][gc,phases      ] GC(136)     Dead                           Min: 0, Avg:  0.0, Max: 0, Diff: 0, Sum: 0, Workers: 4
[4734.848s][debug][gc,phases      ] GC(136)     Total                          Min: 0, Avg: 178.8, Max: 640, Diff: 640, Sum: 715, Workers: 4
[4734.848s][debug][gc,phases      ] GC(136)   ObjectSynchronizer Weak        Min:  0.0, Avg:  0.0, Max:  0.0, Diff:  0.0, Sum:  0.0, Workers: 4
[4734.848s][debug][gc,phases      ] GC(136)     Dead                           Min: 0, Avg:  0.0, Max: 0, Diff: 0, Sum: 0, Workers: 4
[4734.848s][debug][gc,phases      ] GC(136)     Total                          Min: 0, Avg: 12.5, Max: 50, Diff: 50, Sum: 50, Workers: 4
[4734.848s][debug][gc,phases      ] GC(136)   JVMTI Tag Weak OopStorage      Min:  0.0, Avg:  0.0, Max:  0.0, Diff:  0.0, Sum:  0.0, Workers: 4
[4734.848s][debug][gc,phases      ] GC(136)     Dead                           Min: 0, Avg:  0.0, Max: 0, Diff: 0, Sum: 0, Workers: 4
[4734.848s][debug][gc,phases      ] GC(136)     Total                          Min: 0, Avg:  0.0, Max: 0, Diff: 0, Sum: 0, Workers: 4
[4734.848s][debug][gc,phases      ] GC(136)   StringTable Weak               Min:  0.0, Avg:  0.1, Max:  0.1, Diff:  0.1, Sum:  0.4, Workers: 4
[4734.848s][debug][gc,phases      ] GC(136)     Dead                           Min: 0, Avg:  0.0, Max: 0, Diff: 0, Sum: 0, Workers: 4
[4734.848s][debug][gc,phases      ] GC(136)     Total                          Min: 0, Avg: 10784.5, Max: 15040, Diff: 15040, Sum: 43138, Workers: 4
[4734.848s][debug][gc,phases      ] GC(136)   ResolvedMethodTable Weak       Min:  0.0, Avg:  0.0, Max:  0.0, Diff:  0.0, Sum:  0.1, Workers: 4
[4734.848s][debug][gc,phases      ] GC(136)     Dead                           Min: 0, Avg:  0.0, Max: 0, Diff: 0, Sum: 0, Workers: 4
[4734.848s][debug][gc,phases      ] GC(136)     Total                          Min: 0, Avg: 2134.2, Max: 3264, Diff: 3264, Sum: 8537, Workers: 4
[4734.848s][debug][gc,phases      ] GC(136)   JNI Weak                       Min:  0.0, Avg:  0.0, Max:  0.0, Diff:  0.0, Sum:  0.0, Workers: 4
[4734.848s][debug][gc,phases      ] GC(136)     Dead                           Min: 0, Avg:  0.0, Max: 0, Diff: 0, Sum: 0, Workers: 4
[4734.848s][debug][gc,phases      ] GC(136)     Total                          Min: 0, Avg: 11.2, Max: 45, Diff: 45, Sum: 45, Workers: 4
[4734.848s][debug][gc,phases      ] GC(136)   StringDedup Table Weak         Min:  0.0, Avg:  0.0, Max:  0.0, Diff:  0.0, Sum:  0.0, Workers: 4
[4734.848s][debug][gc,phases      ] GC(136)     Dead                           Min: 0, Avg:  0.0, Max: 0, Diff: 0, Sum: 0, Workers: 4
[4734.848s][debug][gc,phases      ] GC(136)     Total                          Min: 0, Avg:  0.0, Max: 0, Diff: 0, Sum: 0, Workers: 4
[4734.848s][debug][gc,phases      ] GC(136)   StringDedup Requests0 Weak     Min:  0.0, Avg:  0.0, Max:  0.0, Diff:  0.0, Sum:  0.0, Workers: 4
[4734.848s][debug][gc,phases      ] GC(136)     Dead                           Min: 0, Avg:  0.0, Max: 0, Diff: 0, Sum: 0, Workers: 4
[4734.848s][debug][gc,phases      ] GC(136)     Total                          Min: 0, Avg:  0.0, Max: 0, Diff: 0, Sum: 0, Workers: 4
[4734.848s][debug][gc,phases      ] GC(136)   StringDedup Requests1 Weak     Min:  0.0, Avg:  0.0, Max:  0.0, Diff:  0.0, Sum:  0.0, Workers: 4
[4734.848s][debug][gc,phases      ] GC(136)     Dead                           Min: 0, Avg:  0.0, Max: 0, Diff: 0, Sum: 0, Workers: 4
[4734.848s][debug][gc,phases      ] GC(136)     Total                          Min: 0, Avg:  0.0, Max: 0, Diff: 0, Sum: 0, Workers: 4
[4734.848s][debug][gc,phases      ] GC(136)   Weak JFR Old Object Samples    Min:  0.0, Avg:  0.0, Max:  0.0, Diff:  0.0, Sum:  0.0, Workers: 4
[4734.848s][debug][gc,phases      ] GC(136)     Dead                           Min: 0, Avg:  0.0, Max: 0, Diff: 0, Sum: 0, Workers: 4
[4734.848s][debug][gc,phases      ] GC(136)     Total                          Min: 0, Avg:  0.0, Max: 0, Diff: 0, Sum: 0, Workers: 4
[4734.848s][debug][gc,phases      ] GC(136) Weak Processing 0.351ms
[4734.848s][debug][gc,age         ] GC(136) Desired survivor size 26214400 bytes, new threshold 14 (max threshold 15)
[4734.848s][info ][gc,heap        ] GC(136) PSYoungGen: 2069467K(2081280K)->14843K(2060800K) Eden: 2065408K(2065408K)->0K(2045952K) From: 4059K(15872K)->14843K(14848K)
[4734.848s][info ][gc,heap        ] GC(136) ParOldGen: 314220K(376832K)->336220K(376832K)
[4734.848s][info ][gc,metaspace   ] GC(136) Metaspace: 78916K(79808K)->78916K(79808K) NonClass: 67639K(68160K)->67639K(68160K) Class: 11277K(11648K)->11277K(11648K)
[4734.848s][info ][gc             ] GC(136) Pause Young (Allocation Failure) 2327M->342M(2380M) 23.382ms
[4734.848s][info ][gc,cpu         ] GC(136) User=0.05s Sys=0.04s Real=0.03s
[4734.848s][info ][safepoint      ] Safepoint "ParallelGCFailedAllocation", Time since last: 503015427 ns, Reaching safepoint: 23600 ns, At safepoint: 23468400 ns, Total: 23492000 ns
[4740.849s][info ][safepoint      ] Safepoint "Cleanup", Time since last: 6000434077 ns, Reaching safepoint: 39600 ns, At safepoint: 3300 ns, Total: 42900 ns
[4741.849s][info ][safepoint      ] Safepoint "Cleanup", Time since last: 1000114943 ns, Reaching safepoint: 65401 ns, At safepoint: 2500 ns, Total: 67901 ns
[4742.849s][info ][safepoint      ] Safepoint "Cleanup", Time since last: 1000119743 ns, Reaching safepoint: 45201 ns, At safepoint: 2600 ns, Total: 47801 ns
[4743.849s][info ][safepoint      ] Safepoint "Cleanup", Time since last: 1000099142 ns, Reaching safepoint: 30001 ns, At safepoint: 2700 ns, Total: 32701 ns
[4746.850s][info ][safepoint      ] Safepoint "Cleanup", Time since last: 3000228827 ns, Reaching safepoint: 39801 ns, At safepoint: 2500 ns, Total: 42301 ns
[4748.420s][info ][gc,start       ] GC(137) Pause Young (Allocation Failure)
[4748.436s][debug][gc,phases      ] GC(137) Scavenge 16.155ms
[4748.436s][debug][gc,ref         ] GC(137) Skipped phase 1 of Reference Processing: no references
[4748.436s][debug][gc,ref         ] GC(137) ReferenceProcessor::execute queues: 1, RefProcThreadModel::Single, marks_oops_alive: false
[4748.436s][debug][gc,ref         ] GC(137) Skipped phase 3 of Reference Processing: no references
[4748.436s][debug][gc,ref         ] GC(137) ReferenceProcessor::execute queues: 1, RefProcThreadModel::Single, marks_oops_alive: false
[4748.436s][debug][gc,phases      ] GC(137) Reference Processing 0.103ms
[4748.436s][debug][gc,phases      ] GC(137)   VM Weak                        Min:  0.0, Avg:  0.0, Max:  0.0, Diff:  0.0, Sum:  0.0, Workers: 4
[4748.436s][debug][gc,phases      ] GC(137)     Dead                           Min: 0, Avg:  0.0, Max: 0, Diff: 0, Sum: 0, Workers: 4
[4748.436s][debug][gc,phases      ] GC(137)     Total                          Min: 0, Avg: 178.8, Max: 651, Diff: 651, Sum: 715, Workers: 4
[4748.436s][debug][gc,phases      ] GC(137)   ObjectSynchronizer Weak        Min:  0.0, Avg:  0.0, Max:  0.0, Diff:  0.0, Sum:  0.0, Workers: 4
[4748.436s][debug][gc,phases      ] GC(137)     Dead                           Min: 0, Avg:  0.0, Max: 0, Diff: 0, Sum: 0, Workers: 4
[4748.436s][debug][gc,phases      ] GC(137)     Total                          Min: 0, Avg: 12.5, Max: 50, Diff: 50, Sum: 50, Workers: 4
[4748.436s][debug][gc,phases      ] GC(137)   JVMTI Tag Weak OopStorage      Min:  0.0, Avg:  0.0, Max:  0.0, Diff:  0.0, Sum:  0.0, Workers: 4
[4748.436s][debug][gc,phases      ] GC(137)     Dead                           Min: 0, Avg:  0.0, Max: 0, Diff: 0, Sum: 0, Workers: 4
[4748.436s][debug][gc,phases      ] GC(137)     Total                          Min: 0, Avg:  0.0, Max: 0, Diff: 0, Sum: 0, Workers: 4
[4748.436s][debug][gc,phases      ] GC(137)   StringTable Weak               Min:  0.0, Avg:  0.1, Max:  0.1, Diff:  0.1, Sum:  0.3, Workers: 4
[4748.436s][debug][gc,phases      ] GC(137)     Dead                           Min: 0, Avg:  0.0, Max: 0, Diff: 0, Sum: 0, Workers: 4
[4748.436s][debug][gc,phases      ] GC(137)     Total                          Min: 0, Avg: 10784.8, Max: 17792, Diff: 17792, Sum: 43139, Workers: 4
[4748.436s][debug][gc,phases      ] GC(137)   ResolvedMethodTable Weak       Min:  0.0, Avg:  0.0, Max:  0.0, Diff:  0.0, Sum:  0.1, Workers: 4
[4748.436s][debug][gc,phases      ] GC(137)     Dead                           Min: 0, Avg:  0.0, Max: 0, Diff: 0, Sum: 0, Workers: 4
[4748.436s][debug][gc,phases      ] GC(137)     Total                          Min: 0, Avg: 2134.2, Max: 3392, Diff: 3392, Sum: 8537, Workers: 4
[4748.436s][debug][gc,phases      ] GC(137)   JNI Weak                       Min:  0.0, Avg:  0.0, Max:  0.0, Diff:  0.0, Sum:  0.0, Workers: 4
[4748.436s][debug][gc,phases      ] GC(137)     Dead                           Min: 0, Avg:  0.0, Max: 0, Diff: 0, Sum: 0, Workers: 4
[4748.436s][debug][gc,phases      ] GC(137)     Total                          Min: 0, Avg: 11.2, Max: 45, Diff: 45, Sum: 45, Workers: 4
[4748.436s][debug][gc,phases      ] GC(137)   StringDedup Table Weak         Min:  0.0, Avg:  0.0, Max:  0.0, Diff:  0.0, Sum:  0.0, Workers: 4
[4748.436s][debug][gc,phases      ] GC(137)     Dead                           Min: 0, Avg:  0.0, Max: 0, Diff: 0, Sum: 0, Workers: 4
[4748.436s][debug][gc,phases      ] GC(137)     Total                          Min: 0, Avg:  0.0, Max: 0, Diff: 0, Sum: 0, Workers: 4
[4748.436s][debug][gc,phases      ] GC(137)   StringDedup Requests0 Weak     Min:  0.0, Avg:  0.0, Max:  0.0, Diff:  0.0, Sum:  0.0, Workers: 4
[4748.436s][debug][gc,phases      ] GC(137)     Dead                           Min: 0, Avg:  0.0, Max: 0, Diff: 0, Sum: 0, Workers: 4
[4748.436s][debug][gc,phases      ] GC(137)     Total                          Min: 0, Avg:  0.0, Max: 0, Diff: 0, Sum: 0, Workers: 4
[4748.436s][debug][gc,phases      ] GC(137)   StringDedup Requests1 Weak     Min:  0.0, Avg:  0.0, Max:  0.0, Diff:  0.0, Sum:  0.0, Workers: 4
[4748.436s][debug][gc,phases      ] GC(137)     Dead                           Min: 0, Avg:  0.0, Max: 0, Diff: 0, Sum: 0, Workers: 4
[4748.436s][debug][gc,phases      ] GC(137)     Total                          Min: 0, Avg:  0.0, Max: 0, Diff: 0, Sum: 0, Workers: 4
[4748.436s][debug][gc,phases      ] GC(137)   Weak JFR Old Object Samples    Min:  0.0, Avg:  0.0, Max:  0.0, Diff:  0.0, Sum:  0.0, Workers: 4
[4748.436s][debug][gc,phases      ] GC(137)     Dead                           Min: 0, Avg:  0.0, Max: 0, Diff: 0, Sum: 0, Workers: 4
[4748.436s][debug][gc,phases      ] GC(137)     Total                          Min: 0, Avg:  0.0, Max: 0, Diff: 0, Sum: 0, Workers: 4
[4748.436s][debug][gc,phases      ] GC(137) Weak Processing 0.289ms
[4748.436s][debug][gc,age         ] GC(137) Desired survivor size 34603008 bytes, new threshold 13 (max threshold 15)
[4748.436s][info ][gc,heap        ] GC(137) PSYoungGen: 2060795K(2060800K)->25580K(2071552K) Eden: 2045952K(2045952K)->0K(2045952K) From: 14843K(14848K)->25580K(25600K)
[4748.436s][info ][gc,heap        ] GC(137) ParOldGen: 336220K(376832K)->345004K(376832K)
[4748.436s][info ][gc,metaspace   ] GC(137) Metaspace: 78922K(79808K)->78922K(79808K) NonClass: 67645K(68160K)->67645K(68160K) Class: 11277K(11648K)->11277K(11648K)
[4748.436s][info ][gc             ] GC(137) Pause Young (Allocation Failure) 2340M->361M(2391M) 16.659ms
[4748.436s][info ][gc,cpu         ] GC(137) User=0.06s Sys=0.00s Real=0.02s
[4748.436s][info ][safepoint      ] Safepoint "ParallelGCFailedAllocation", Time since last: 1569788158 ns, Reaching safepoint: 101902 ns, At safepoint: 16722814 ns, Total: 16824716 ns
[4750.436s][info ][safepoint      ] Safepoint "Cleanup", Time since last: 2000143378 ns, Reaching safepoint: 36201 ns, At safepoint: 2000 ns, Total: 38201 ns
[4752.437s][info ][safepoint      ] Safepoint "Cleanup", Time since last: 2000168329 ns, Reaching safepoint: 31500 ns, At safepoint: 4500 ns, Total: 36000 ns
[4753.437s][info ][safepoint      ] Safepoint "Cleanup", Time since last: 1000113065 ns, Reaching safepoint: 40601 ns, At safepoint: 6900 ns, Total: 47501 ns
[4755.437s][info ][safepoint      ] Safepoint "Cleanup", Time since last: 2000145529 ns, Reaching safepoint: 41400 ns, At safepoint: 3300 ns, Total: 44700 ns
[4756.437s][info ][safepoint      ] Safepoint "Cleanup", Time since last: 1000084665 ns, Reaching safepoint: 39201 ns, At safepoint: 3000 ns, Total: 42201 ns
[4762.437s][info ][safepoint      ] Safepoint "Cleanup", Time since last: 6000331251 ns, Reaching safepoint: 35801 ns, At safepoint: 15800 ns, Total: 51601 ns
[4764.438s][info ][safepoint      ] Safepoint "Cleanup", Time since last: 2000128437 ns, Reaching safepoint: 35800 ns, At safepoint: 2200 ns, Total: 38000 ns
[4767.415s][info ][gc,start       ] GC(138) Pause Young (Allocation Failure)
[4767.430s][debug][gc,phases      ] GC(138) Scavenge 14.166ms
[4767.430s][debug][gc,ref         ] GC(138) Skipped phase 1 of Reference Processing: no references
[4767.430s][debug][gc,ref         ] GC(138) ReferenceProcessor::execute queues: 1, RefProcThreadModel::Single, marks_oops_alive: false
[4767.430s][debug][gc,ref         ] GC(138) Skipped phase 3 of Reference Processing: no references
[4767.430s][debug][gc,ref         ] GC(138) ReferenceProcessor::execute queues: 1, RefProcThreadModel::Single, marks_oops_alive: false
[4767.430s][debug][gc,phases      ] GC(138) Reference Processing 0.091ms
[4767.430s][debug][gc,phases      ] GC(138)   VM Weak                        Min:  0.0, Avg:  0.0, Max:  0.0, Diff:  0.0, Sum:  0.0, Workers: 4
[4767.430s][debug][gc,phases      ] GC(138)     Dead                           Min: 0, Avg:  0.0, Max: 0, Diff: 0, Sum: 0, Workers: 4
[4767.430s][debug][gc,phases      ] GC(138)     Total                          Min: 0, Avg: 178.8, Max: 715, Diff: 715, Sum: 715, Workers: 4
[4767.430s][debug][gc,phases      ] GC(138)   ObjectSynchronizer Weak        Min:  0.0, Avg:  0.0, Max:  0.0, Diff:  0.0, Sum:  0.0, Workers: 4
[4767.430s][debug][gc,phases      ] GC(138)     Dead                           Min: 0, Avg:  0.0, Max: 0, Diff: 0, Sum: 0, Workers: 4
[4767.430s][debug][gc,phases      ] GC(138)     Total                          Min: 0, Avg: 12.5, Max: 50, Diff: 50, Sum: 50, Workers: 4
[4767.430s][debug][gc,phases      ] GC(138)   JVMTI Tag Weak OopStorage      Min:  0.0, Avg:  0.0, Max:  0.0, Diff:  0.0, Sum:  0.0, Workers: 4
[4767.430s][debug][gc,phases      ] GC(138)     Dead                           Min: 0, Avg:  0.0, Max: 0, Diff: 0, Sum: 0, Workers: 4
[4767.430s][debug][gc,phases      ] GC(138)     Total                          Min: 0, Avg:  0.0, Max: 0, Diff: 0, Sum: 0, Workers: 4
[4767.430s][debug][gc,phases      ] GC(138)   StringTable Weak               Min:  0.0, Avg:  0.1, Max:  0.1, Diff:  0.1, Sum:  0.2, Workers: 4
[4767.430s][debug][gc,phases      ] GC(138)     Dead                           Min: 0, Avg:  0.0, Max: 0, Diff: 0, Sum: 0, Workers: 4
[4767.430s][debug][gc,phases      ] GC(138)     Total                          Min: 0, Avg: 10787.8, Max: 22336, Diff: 22336, Sum: 43151, Workers: 4
[4767.430s][debug][gc,phases      ] GC(138)   ResolvedMethodTable Weak       Min:  0.0, Avg:  0.0, Max:  0.0, Diff:  0.0, Sum:  0.1, Workers: 4
[4767.430s][debug][gc,phases      ] GC(138)     Dead                           Min: 0, Avg:  0.0, Max: 0, Diff: 0, Sum: 0, Workers: 4
[4767.430s][debug][gc,phases      ] GC(138)     Total                          Min: 0, Avg: 2134.2, Max: 4377, Diff: 4377, Sum: 8537, Workers: 4
[4767.430s][debug][gc,phases      ] GC(138)   JNI Weak                       Min:  0.0, Avg:  0.0, Max:  0.0, Diff:  0.0, Sum:  0.0, Workers: 4
[4767.430s][debug][gc,phases      ] GC(138)     Dead                           Min: 0, Avg:  0.0, Max: 0, Diff: 0, Sum: 0, Workers: 4
[4767.430s][debug][gc,phases      ] GC(138)     Total                          Min: 0, Avg: 11.2, Max: 45, Diff: 45, Sum: 45, Workers: 4
[4767.430s][debug][gc,phases      ] GC(138)   StringDedup Table Weak         Min:  0.0, Avg:  0.0, Max:  0.0, Diff:  0.0, Sum:  0.0, Workers: 4
[4767.430s][debug][gc,phases      ] GC(138)     Dead                           Min: 0, Avg:  0.0, Max: 0, Diff: 0, Sum: 0, Workers: 4
[4767.430s][debug][gc,phases      ] GC(138)     Total                          Min: 0, Avg:  0.0, Max: 0, Diff: 0, Sum: 0, Workers: 4
[4767.430s][debug][gc,phases      ] GC(138)   StringDedup Requests0 Weak     Min:  0.0, Avg:  0.0, Max:  0.0, Diff:  0.0, Sum:  0.0, Workers: 4
[4767.430s][debug][gc,phases      ] GC(138)     Dead                           Min: 0, Avg:  0.0, Max: 0, Diff: 0, Sum: 0, Workers: 4
[4767.430s][debug][gc,phases      ] GC(138)     Total                          Min: 0, Avg:  0.0, Max: 0, Diff: 0, Sum: 0, Workers: 4
[4767.430s][debug][gc,phases      ] GC(138)   StringDedup Requests1 Weak     Min:  0.0, Avg:  0.0, Max:  0.0, Diff:  0.0, Sum:  0.0, Workers: 4
[4767.430s][debug][gc,phases      ] GC(138)     Dead                           Min: 0, Avg:  0.0, Max: 0, Diff: 0, Sum: 0, Workers: 4
[4767.430s][debug][gc,phases      ] GC(138)     Total                          Min: 0, Avg:  0.0, Max: 0, Diff: 0, Sum: 0, Workers: 4
[4767.430s][debug][gc,phases      ] GC(138)   Weak JFR Old Object Samples    Min:  0.0, Avg:  0.0, Max:  0.0, Diff:  0.0, Sum:  0.0, Workers: 4
[4767.430s][debug][gc,phases      ] GC(138)     Dead                           Min: 0, Avg:  0.0, Max: 0, Diff: 0, Sum: 0, Workers: 4
[4767.430s][debug][gc,phases      ] GC(138)     Total                          Min: 0, Avg:  0.0, Max: 0, Diff: 0, Sum: 0, Workers: 4
[4767.430s][debug][gc,phases      ] GC(138) Weak Processing 0.366ms
[4767.430s][debug][gc,age         ] GC(138) Desired survivor size 39845888 bytes, new threshold 12 (max threshold 15)
[4767.430s][info ][gc,heap        ] GC(138) PSYoungGen: 2071532K(2071552K)->25580K(2044928K) Eden: 2045952K(2045952K)->0K(2019328K) From: 25580K(25600K)->25580K(25600K)
[4767.430s][info ][gc,heap        ] GC(138) ParOldGen: 345004K(376832K)->350452K(376832K)
[4767.430s][info ][gc,metaspace   ] GC(138) Metaspace: 78933K(79808K)->78933K(79808K) NonClass: 67656K(68160K)->67656K(68160K) Class: 11277K(11648K)->11277K(11648K)
[4767.430s][info ][gc             ] GC(138) Pause Young (Allocation Failure) 2359M->367M(2365M) 14.732ms
[4767.430s][info ][gc,cpu         ] GC(138) User=0.06s Sys=0.00s Real=0.02s
[4767.430s][info ][safepoint      ] Safepoint "ParallelGCFailedAllocation", Time since last: 2977563909 ns, Reaching safepoint: 91301 ns, At safepoint: 14803690 ns, Total: 14894991 ns
[4770.430s][info ][safepoint      ] Safepoint "Cleanup", Time since last: 3000208100 ns, Reaching safepoint: 36900 ns, At safepoint: 1900 ns, Total: 38800 ns
[4772.431s][info ][safepoint      ] Safepoint "Cleanup", Time since last: 2000159734 ns, Reaching safepoint: 44200 ns, At safepoint: 2400 ns, Total: 46600 ns
[4774.431s][info ][safepoint      ] Safepoint "Cleanup", Time since last: 2000164707 ns, Reaching safepoint: 26200 ns, At safepoint: 2800 ns, Total: 29000 ns
[4779.431s][info ][safepoint      ] Safepoint "Cleanup", Time since last: 5000340253 ns, Reaching safepoint: 45201 ns, At safepoint: 2100 ns, Total: 47301 ns
[4783.431s][info ][safepoint      ] Safepoint "Cleanup", Time since last: 4000247720 ns, Reaching safepoint: 38001 ns, At safepoint: 2800 ns, Total: 40801 ns
[4786.432s][info ][safepoint      ] Safepoint "Cleanup", Time since last: 3000219673 ns, Reaching safepoint: 35900 ns, At safepoint: 2900 ns, Total: 38800 ns
[4787.094s][info ][gc,start       ] GC(139) Pause Young (Allocation Failure)
[4787.108s][debug][gc,phases      ] GC(139) Scavenge 13.666ms
[4787.108s][debug][gc,ref         ] GC(139) Skipped phase 1 of Reference Processing: no references
[4787.108s][debug][gc,ref         ] GC(139) ReferenceProcessor::execute queues: 1, RefProcThreadModel::Single, marks_oops_alive: false
[4787.108s][debug][gc,ref         ] GC(139) Skipped phase 3 of Reference Processing: no references
[4787.108s][debug][gc,ref         ] GC(139) ReferenceProcessor::execute queues: 1, RefProcThreadModel::Single, marks_oops_alive: false
[4787.108s][debug][gc,phases      ] GC(139) Reference Processing 0.106ms
[4787.108s][debug][gc,phases      ] GC(139)   VM Weak                        Min:  0.0, Avg:  0.0, Max:  0.0, Diff:  0.0, Sum:  0.0, Workers: 4
[4787.108s][debug][gc,phases      ] GC(139)     Dead                           Min: 0, Avg:  0.0, Max: 0, Diff: 0, Sum: 0, Workers: 4
[4787.108s][debug][gc,phases      ] GC(139)     Total                          Min: 0, Avg: 178.8, Max: 384, Diff: 384, Sum: 715, Workers: 4
[4787.109s][debug][gc,phases      ] GC(139)   ObjectSynchronizer Weak        Min:  0.0, Avg:  0.0, Max:  0.0, Diff:  0.0, Sum:  0.0, Workers: 4
[4787.109s][debug][gc,phases      ] GC(139)     Dead                           Min: 0, Avg:  0.0, Max: 0, Diff: 0, Sum: 0, Workers: 4
[4787.109s][debug][gc,phases      ] GC(139)     Total                          Min: 0, Avg: 12.5, Max: 50, Diff: 50, Sum: 50, Workers: 4
[4787.109s][debug][gc,phases      ] GC(139)   JVMTI Tag Weak OopStorage      Min:  0.0, Avg:  0.0, Max:  0.0, Diff:  0.0, Sum:  0.0, Workers: 4
[4787.109s][debug][gc,phases      ] GC(139)     Dead                           Min: 0, Avg:  0.0, Max: 0, Diff: 0, Sum: 0, Workers: 4
[4787.109s][debug][gc,phases      ] GC(139)     Total                          Min: 0, Avg:  0.0, Max: 0, Diff: 0, Sum: 0, Workers: 4
[4787.109s][debug][gc,phases      ] GC(139)   StringTable Weak               Min:  0.0, Avg:  0.1, Max:  0.1, Diff:  0.1, Sum:  0.3, Workers: 4
[4787.109s][debug][gc,phases      ] GC(139)     Dead                           Min: 0, Avg:  0.0, Max: 0, Diff: 0, Sum: 0, Workers: 4
[4787.109s][debug][gc,phases      ] GC(139)     Total                          Min: 0, Avg: 10787.8, Max: 18368, Diff: 18368, Sum: 43151, Workers: 4
[4787.109s][debug][gc,phases      ] GC(139)   ResolvedMethodTable Weak       Min:  0.0, Avg:  0.0, Max:  0.0, Diff:  0.0, Sum:  0.1, Workers: 4
[4787.109s][debug][gc,phases      ] GC(139)     Dead                           Min: 0, Avg:  0.0, Max: 0, Diff: 0, Sum: 0, Workers: 4
[4787.109s][debug][gc,phases      ] GC(139)     Total                          Min: 0, Avg: 2134.2, Max: 3609, Diff: 3609, Sum: 8537, Workers: 4
[4787.109s][debug][gc,phases      ] GC(139)   JNI Weak                       Min:  0.0, Avg:  0.0, Max:  0.0, Diff:  0.0, Sum:  0.0, Workers: 4
[4787.109s][debug][gc,phases      ] GC(139)     Dead                           Min: 0, Avg:  0.0, Max: 0, Diff: 0, Sum: 0, Workers: 4
[4787.109s][debug][gc,phases      ] GC(139)     Total                          Min: 0, Avg: 11.2, Max: 45, Diff: 45, Sum: 45, Workers: 4
[4787.109s][debug][gc,phases      ] GC(139)   StringDedup Table Weak         Min:  0.0, Avg:  0.0, Max:  0.0, Diff:  0.0, Sum:  0.0, Workers: 4
[4787.109s][debug][gc,phases      ] GC(139)     Dead                           Min: 0, Avg:  0.0, Max: 0, Diff: 0, Sum: 0, Workers: 4
[4787.109s][debug][gc,phases      ] GC(139)     Total                          Min: 0, Avg:  0.0, Max: 0, Diff: 0, Sum: 0, Workers: 4
[4787.109s][debug][gc,phases      ] GC(139)   StringDedup Requests0 Weak     Min:  0.0, Avg:  0.0, Max:  0.0, Diff:  0.0, Sum:  0.0, Workers: 4
[4787.109s][debug][gc,phases      ] GC(139)     Dead                           Min: 0, Avg:  0.0, Max: 0, Diff: 0, Sum: 0, Workers: 4
[4787.109s][debug][gc,phases      ] GC(139)     Total                          Min: 0, Avg:  0.0, Max: 0, Diff: 0, Sum: 0, Workers: 4
[4787.109s][debug][gc,phases      ] GC(139)   StringDedup Requests1 Weak     Min:  0.0, Avg:  0.0, Max:  0.0, Diff:  0.0, Sum:  0.0, Workers: 4
[4787.109s][debug][gc,phases      ] GC(139)     Dead                           Min: 0, Avg:  0.0, Max: 0, Diff: 0, Sum: 0, Workers: 4
[4787.109s][debug][gc,phases      ] GC(139)     Total                          Min: 0, Avg:  0.0, Max: 0, Diff: 0, Sum: 0, Workers: 4
[4787.109s][debug][gc,phases      ] GC(139)   Weak JFR Old Object Samples    Min:  0.0, Avg:  0.0, Max:  0.0, Diff:  0.0, Sum:  0.0, Workers: 4
[4787.109s][debug][gc,phases      ] GC(139)     Dead                           Min: 0, Avg:  0.0, Max: 0, Diff: 0, Sum: 0, Workers: 4
[4787.109s][debug][gc,phases      ] GC(139)     Total                          Min: 0, Avg:  0.0, Max: 0, Diff: 0, Sum: 0, Workers: 4
[4787.109s][debug][gc,phases      ] GC(139) Weak Processing 0.303ms
[4787.109s][debug][gc,age         ] GC(139) Desired survivor size 44564480 bytes, new threshold 13 (max threshold 15)
[4787.109s][info ][gc,heap        ] GC(139) PSYoungGen: 2044908K(2044928K)->31036K(2050560K) Eden: 2019328K(2019328K)->0K(2019328K) From: 25580K(25600K)->31036K(31232K)
[4787.109s][info ][gc,heap        ] GC(139) ParOldGen: 350452K(376832K)->350460K(376832K)
[4787.109s][info ][gc,metaspace   ] GC(139) Metaspace: 78942K(79808K)->78942K(79808K) NonClass: 67665K(68160K)->67665K(68160K) Class: 11277K(11648K)->11277K(11648K)
[4787.109s][info ][gc             ] GC(139) Pause Young (Allocation Failure) 2339M->372M(2370M) 14.193ms
[4787.109s][info ][gc,cpu         ] GC(139) User=0.05s Sys=0.00s Real=0.02s
[4787.109s][info ][safepoint      ] Safepoint "ParallelGCFailedAllocation", Time since last: 662659820 ns, Reaching safepoint: 100101 ns, At safepoint: 14254583 ns, Total: 14354684 ns
[4794.109s][info ][safepoint      ] Safepoint "Cleanup", Time since last: 7000430727 ns, Reaching safepoint: 42801 ns, At safepoint: 4300 ns, Total: 47101 ns
[4804.110s][info ][safepoint      ] Safepoint "Cleanup", Time since last: 10000635702 ns, Reaching safepoint: 41501 ns, At safepoint: 3500 ns, Total: 45001 ns
[4806.469s][info ][gc,start       ] GC(140) Pause Young (Allocation Failure)
[4806.480s][debug][gc,phases      ] GC(140) Scavenge 11.260ms
[4806.480s][debug][gc,ref         ] GC(140) Skipped phase 1 of Reference Processing: no references
[4806.480s][debug][gc,ref         ] GC(140) ReferenceProcessor::execute queues: 1, RefProcThreadModel::Single, marks_oops_alive: false
[4806.480s][debug][gc,ref         ] GC(140) Skipped phase 3 of Reference Processing: no references
[4806.480s][debug][gc,ref         ] GC(140) ReferenceProcessor::execute queues: 1, RefProcThreadModel::Single, marks_oops_alive: false
[4806.480s][debug][gc,phases      ] GC(140) Reference Processing 0.108ms
[4806.480s][debug][gc,phases      ] GC(140)   VM Weak                        Min:  0.0, Avg:  0.0, Max:  0.0, Diff:  0.0, Sum:  0.0, Workers: 4
[4806.480s][debug][gc,phases      ] GC(140)     Dead                           Min: 0, Avg:  0.0, Max: 0, Diff: 0, Sum: 0, Workers: 4
[4806.480s][debug][gc,phases      ] GC(140)     Total                          Min: 0, Avg: 178.8, Max: 256, Diff: 256, Sum: 715, Workers: 4
[4806.480s][debug][gc,phases      ] GC(140)   ObjectSynchronizer Weak        Min:  0.0, Avg:  0.0, Max:  0.0, Diff:  0.0, Sum:  0.0, Workers: 4
[4806.480s][debug][gc,phases      ] GC(140)     Dead                           Min: 0, Avg:  0.0, Max: 0, Diff: 0, Sum: 0, Workers: 4
[4806.480s][debug][gc,phases      ] GC(140)     Total                          Min: 0, Avg: 12.5, Max: 50, Diff: 50, Sum: 50, Workers: 4
[4806.480s][debug][gc,phases      ] GC(140)   JVMTI Tag Weak OopStorage      Min:  0.0, Avg:  0.0, Max:  0.0, Diff:  0.0, Sum:  0.0, Workers: 4
[4806.480s][debug][gc,phases      ] GC(140)     Dead                           Min: 0, Avg:  0.0, Max: 0, Diff: 0, Sum: 0, Workers: 4
[4806.480s][debug][gc,phases      ] GC(140)     Total                          Min: 0, Avg:  0.0, Max: 0, Diff: 0, Sum: 0, Workers: 4
[4806.480s][debug][gc,phases      ] GC(140)   StringTable Weak               Min:  0.0, Avg:  0.1, Max:  0.1, Diff:  0.1, Sum:  0.3, Workers: 4
[4806.480s][debug][gc,phases      ] GC(140)     Dead                           Min: 0, Avg:  0.0, Max: 0, Diff: 0, Sum: 0, Workers: 4
[4806.480s][debug][gc,phases      ] GC(140)     Total                          Min: 0, Avg: 10788.8, Max: 18560, Diff: 18560, Sum: 43155, Workers: 4
[4806.480s][debug][gc,phases      ] GC(140)   ResolvedMethodTable Weak       Min:  0.0, Avg:  0.0, Max:  0.0, Diff:  0.0, Sum:  0.1, Workers: 4
[4806.480s][debug][gc,phases      ] GC(140)     Dead                           Min: 0, Avg:  0.0, Max: 0, Diff: 0, Sum: 0, Workers: 4
[4806.480s][debug][gc,phases      ] GC(140)     Total                          Min: 0, Avg: 2134.2, Max: 3737, Diff: 3737, Sum: 8537, Workers: 4
[4806.480s][debug][gc,phases      ] GC(140)   JNI Weak                       Min:  0.0, Avg:  0.0, Max:  0.0, Diff:  0.0, Sum:  0.0, Workers: 4
[4806.480s][debug][gc,phases      ] GC(140)     Dead                           Min: 0, Avg:  0.0, Max: 0, Diff: 0, Sum: 0, Workers: 4
[4806.481s][debug][gc,phases      ] GC(140)     Total                          Min: 0, Avg: 11.2, Max: 45, Diff: 45, Sum: 45, Workers: 4
[4806.481s][debug][gc,phases      ] GC(140)   StringDedup Table Weak         Min:  0.0, Avg:  0.0, Max:  0.0, Diff:  0.0, Sum:  0.0, Workers: 4
[4806.481s][debug][gc,phases      ] GC(140)     Dead                           Min: 0, Avg:  0.0, Max: 0, Diff: 0, Sum: 0, Workers: 4
[4806.481s][debug][gc,phases      ] GC(140)     Total                          Min: 0, Avg:  0.0, Max: 0, Diff: 0, Sum: 0, Workers: 4
[4806.481s][debug][gc,phases      ] GC(140)   StringDedup Requests0 Weak     Min:  0.0, Avg:  0.0, Max:  0.0, Diff:  0.0, Sum:  0.0, Workers: 4
[4806.481s][debug][gc,phases      ] GC(140)     Dead                           Min: 0, Avg:  0.0, Max: 0, Diff: 0, Sum: 0, Workers: 4
[4806.481s][debug][gc,phases      ] GC(140)     Total                          Min: 0, Avg:  0.0, Max: 0, Diff: 0, Sum: 0, Workers: 4
[4806.481s][debug][gc,phases      ] GC(140)   StringDedup Requests1 Weak     Min:  0.0, Avg:  0.0, Max:  0.0, Diff:  0.0, Sum:  0.0, Workers: 4
[4806.481s][debug][gc,phases      ] GC(140)     Dead                           Min: 0, Avg:  0.0, Max: 0, Diff: 0, Sum: 0, Workers: 4
[4806.481s][debug][gc,phases      ] GC(140)     Total                          Min: 0, Avg:  0.0, Max: 0, Diff: 0, Sum: 0, Workers: 4
[4806.481s][debug][gc,phases      ] GC(140)   Weak JFR Old Object Samples    Min:  0.0, Avg:  0.0, Max:  0.0, Diff:  0.0, Sum:  0.0, Workers: 4
[4806.481s][debug][gc,phases      ] GC(140)     Dead                           Min: 0, Avg:  0.0, Max: 0, Diff: 0, Sum: 0, Workers: 4
[4806.481s][debug][gc,phases      ] GC(140)     Total                          Min: 0, Avg:  0.0, Max: 0, Diff: 0, Sum: 0, Workers: 4
[4806.481s][debug][gc,phases      ] GC(140) Weak Processing 0.291ms
[4806.481s][debug][gc,age         ] GC(140) Desired survivor size 46661632 bytes, new threshold 14 (max threshold 15)
[4806.481s][info ][gc,heap        ] GC(140) PSYoungGen: 2050364K(2050560K)->28780K(2049536K) Eden: 2019328K(2019328K)->0K(2006016K) From: 31036K(31232K)->28780K(43520K)
[4806.481s][info ][gc,heap        ] GC(140) ParOldGen: 350460K(376832K)->350460K(376832K)
[4806.481s][info ][gc,metaspace   ] GC(140) Metaspace: 78946K(79808K)->78946K(79808K) NonClass: 67669K(68160K)->67669K(68160K) Class: 11277K(11648K)->11277K(11648K)
[4806.481s][info ][gc             ] GC(140) Pause Young (Allocation Failure) 2344M->370M(2369M) 11.779ms
[4806.481s][info ][gc,cpu         ] GC(140) User=0.04s Sys=0.00s Real=0.01s
[4806.481s][info ][safepoint      ] Safepoint "ParallelGCFailedAllocation", Time since last: 2358910970 ns, Reaching safepoint: 19500 ns, At safepoint: 11845952 ns, Total: 11865452 ns
[4814.481s][info ][safepoint      ] Safepoint "Cleanup", Time since last: 8000520710 ns, Reaching safepoint: 51700 ns, At safepoint: 2100 ns, Total: 53800 ns
[4823.482s][info ][safepoint      ] Safepoint "Cleanup", Time since last: 9000606993 ns, Reaching safepoint: 36900 ns, At safepoint: 2100 ns, Total: 39000 ns
[4828.317s][info ][gc,start       ] GC(141) Pause Young (Allocation Failure)
[4828.328s][debug][gc,phases      ] GC(141) Scavenge 10.717ms
[4828.328s][debug][gc,ref         ] GC(141) Skipped phase 1 of Reference Processing: no references
[4828.328s][debug][gc,ref         ] GC(141) ReferenceProcessor::execute queues: 1, RefProcThreadModel::Single, marks_oops_alive: false
[4828.328s][debug][gc,ref         ] GC(141) Skipped phase 3 of Reference Processing: no references
[4828.328s][debug][gc,ref         ] GC(141) ReferenceProcessor::execute queues: 1, RefProcThreadModel::Single, marks_oops_alive: false
[4828.328s][debug][gc,phases      ] GC(141) Reference Processing 0.097ms
[4828.328s][debug][gc,phases      ] GC(141)   VM Weak                        Min:  0.0, Avg:  0.0, Max:  0.0, Diff:  0.0, Sum:  0.0, Workers: 4
[4828.328s][debug][gc,phases      ] GC(141)     Dead                           Min: 0, Avg:  0.0, Max: 0, Diff: 0, Sum: 0, Workers: 4
[4828.328s][debug][gc,phases      ] GC(141)     Total                          Min: 0, Avg: 178.8, Max: 523, Diff: 523, Sum: 715, Workers: 4
[4828.328s][debug][gc,phases      ] GC(141)   ObjectSynchronizer Weak        Min:  0.0, Avg:  0.0, Max:  0.0, Diff:  0.0, Sum:  0.0, Workers: 4
[4828.328s][debug][gc,phases      ] GC(141)     Dead                           Min: 0, Avg:  0.2, Max: 1, Diff: 1, Sum: 1, Workers: 4
[4828.328s][debug][gc,phases      ] GC(141)     Total                          Min: 0, Avg: 12.8, Max: 51, Diff: 51, Sum: 51, Workers: 4
[4828.328s][debug][gc,phases      ] GC(141)   JVMTI Tag Weak OopStorage      Min:  0.0, Avg:  0.0, Max:  0.0, Diff:  0.0, Sum:  0.0, Workers: 4
[4828.328s][debug][gc,phases      ] GC(141)     Dead                           Min: 0, Avg:  0.0, Max: 0, Diff: 0, Sum: 0, Workers: 4
[4828.328s][debug][gc,phases      ] GC(141)     Total                          Min: 0, Avg:  0.0, Max: 0, Diff: 0, Sum: 0, Workers: 4
[4828.328s][debug][gc,phases      ] GC(141)   StringTable Weak               Min:  0.0, Avg:  0.1, Max:  0.1, Diff:  0.1, Sum:  0.3, Workers: 4
[4828.328s][debug][gc,phases      ] GC(141)     Dead                           Min: 0, Avg:  0.0, Max: 0, Diff: 0, Sum: 0, Workers: 4
[4828.328s][debug][gc,phases      ] GC(141)     Total                          Min: 0, Avg: 10788.8, Max: 18624, Diff: 18624, Sum: 43155, Workers: 4
[4828.328s][debug][gc,phases      ] GC(141)   ResolvedMethodTable Weak       Min:  0.0, Avg:  0.0, Max:  0.0, Diff:  0.0, Sum:  0.1, Workers: 4
[4828.328s][debug][gc,phases      ] GC(141)     Dead                           Min: 0, Avg:  0.0, Max: 0, Diff: 0, Sum: 0, Workers: 4
[4828.328s][debug][gc,phases      ] GC(141)     Total                          Min: 0, Avg: 2134.2, Max: 3776, Diff: 3776, Sum: 8537, Workers: 4
[4828.328s][debug][gc,phases      ] GC(141)   JNI Weak                       Min:  0.0, Avg:  0.0, Max:  0.0, Diff:  0.0, Sum:  0.0, Workers: 4
[4828.328s][debug][gc,phases      ] GC(141)     Dead                           Min: 0, Avg:  0.0, Max: 0, Diff: 0, Sum: 0, Workers: 4
[4828.328s][debug][gc,phases      ] GC(141)     Total                          Min: 0, Avg: 11.2, Max: 45, Diff: 45, Sum: 45, Workers: 4
[4828.328s][debug][gc,phases      ] GC(141)   StringDedup Table Weak         Min:  0.0, Avg:  0.0, Max:  0.0, Diff:  0.0, Sum:  0.0, Workers: 4
[4828.328s][debug][gc,phases      ] GC(141)     Dead                           Min: 0, Avg:  0.0, Max: 0, Diff: 0, Sum: 0, Workers: 4
[4828.328s][debug][gc,phases      ] GC(141)     Total                          Min: 0, Avg:  0.0, Max: 0, Diff: 0, Sum: 0, Workers: 4
[4828.328s][debug][gc,phases      ] GC(141)   StringDedup Requests0 Weak     Min:  0.0, Avg:  0.0, Max:  0.0, Diff:  0.0, Sum:  0.0, Workers: 4
[4828.328s][debug][gc,phases      ] GC(141)     Dead                           Min: 0, Avg:  0.0, Max: 0, Diff: 0, Sum: 0, Workers: 4
[4828.328s][debug][gc,phases      ] GC(141)     Total                          Min: 0, Avg:  0.0, Max: 0, Diff: 0, Sum: 0, Workers: 4
[4828.328s][debug][gc,phases      ] GC(141)   StringDedup Requests1 Weak     Min:  0.0, Avg:  0.0, Max:  0.0, Diff:  0.0, Sum:  0.0, Workers: 4
[4828.328s][debug][gc,phases      ] GC(141)     Dead                           Min: 0, Avg:  0.0, Max: 0, Diff: 0, Sum: 0, Workers: 4
[4828.328s][debug][gc,phases      ] GC(141)     Total                          Min: 0, Avg:  0.0, Max: 0, Diff: 0, Sum: 0, Workers: 4
[4828.328s][debug][gc,phases      ] GC(141)   Weak JFR Old Object Samples    Min:  0.0, Avg:  0.0, Max:  0.0, Diff:  0.0, Sum:  0.0, Workers: 4
[4828.328s][debug][gc,phases      ] GC(141)     Dead                           Min: 0, Avg:  0.0, Max: 0, Diff: 0, Sum: 0, Workers: 4
[4828.328s][debug][gc,phases      ] GC(141)     Total                          Min: 0, Avg:  0.0, Max: 0, Diff: 0, Sum: 0, Workers: 4
[4828.328s][debug][gc,phases      ] GC(141) Weak Processing 0.288ms
[4828.328s][debug][gc,age         ] GC(141) Desired survivor size 48758784 bytes, new threshold 15 (max threshold 15)
[4828.328s][info ][gc,heap        ] GC(141) PSYoungGen: 2034796K(2049536K)->28892K(2035200K) Eden: 2006016K(2006016K)->0K(2006016K) From: 28780K(43520K)->28892K(29184K)
[4828.328s][info ][gc,heap        ] GC(141) ParOldGen: 350460K(376832K)->350460K(376832K)
[4828.328s][info ][gc,metaspace   ] GC(141) Metaspace: 78950K(79808K)->78950K(79808K) NonClass: 67673K(68160K)->67673K(68160K) Class: 11277K(11648K)->11277K(11648K)
[4828.328s][info ][gc             ] GC(141) Pause Young (Allocation Failure) 2329M->370M(2355M) 11.211ms
[4828.328s][info ][gc,cpu         ] GC(141) User=0.04s Sys=0.00s Real=0.01s
[4828.328s][info ][safepoint      ] Safepoint "ParallelGCFailedAllocation", Time since last: 4834969138 ns, Reaching safepoint: 104601 ns, At safepoint: 11283346 ns, Total: 11387947 ns
[4829.328s][info ][safepoint      ] Safepoint "Cleanup", Time since last: 1000078894 ns, Reaching safepoint: 94601 ns, At safepoint: 2700 ns, Total: 97301 ns
[4830.329s][info ][safepoint      ] Safepoint "Cleanup", Time since last: 1000110095 ns, Reaching safepoint: 56301 ns, At safepoint: 2400 ns, Total: 58701 ns
[4832.329s][info ][safepoint      ] Safepoint "Cleanup", Time since last: 2000165889 ns, Reaching safepoint: 37001 ns, At safepoint: 2800 ns, Total: 39801 ns
[4834.329s][info ][safepoint      ] Safepoint "Cleanup", Time since last: 2000159689 ns, Reaching safepoint: 38301 ns, At safepoint: 2600 ns, Total: 40901 ns
[4835.870s][info ][gc,start       ] GC(142) Pause Young (Allocation Failure)
[4835.902s][debug][gc,phases      ] GC(142) Scavenge 32.123ms
[4835.902s][debug][gc,ref         ] GC(142) Skipped phase 1 of Reference Processing: no references
[4835.902s][debug][gc,ref         ] GC(142) ReferenceProcessor::execute queues: 1, RefProcThreadModel::Single, marks_oops_alive: false
[4835.902s][debug][gc,ref         ] GC(142) Skipped phase 3 of Reference Processing: no references
[4835.902s][debug][gc,ref         ] GC(142) ReferenceProcessor::execute queues: 1, RefProcThreadModel::Single, marks_oops_alive: false
[4835.902s][debug][gc,phases      ] GC(142) Reference Processing 0.129ms
[4835.903s][debug][gc,phases      ] GC(142)   VM Weak                        Min:  0.0, Avg:  0.0, Max:  0.0, Diff:  0.0, Sum:  0.0, Workers: 4
[4835.903s][debug][gc,phases      ] GC(142)     Dead                           Min: 0, Avg:  0.0, Max: 0, Diff: 0, Sum: 0, Workers: 4
[4835.903s][debug][gc,phases      ] GC(142)     Total                          Min: 0, Avg: 178.8, Max: 587, Diff: 587, Sum: 715, Workers: 4
[4835.903s][debug][gc,phases      ] GC(142)   ObjectSynchronizer Weak        Min:  0.0, Avg:  0.0, Max:  0.0, Diff:  0.0, Sum:  0.0, Workers: 4
[4835.903s][debug][gc,phases      ] GC(142)     Dead                           Min: 0, Avg:  0.0, Max: 0, Diff: 0, Sum: 0, Workers: 4
[4835.903s][debug][gc,phases      ] GC(142)     Total                          Min: 0, Avg: 12.8, Max: 51, Diff: 51, Sum: 51, Workers: 4
[4835.903s][debug][gc,phases      ] GC(142)   JVMTI Tag Weak OopStorage      Min:  0.0, Avg:  0.0, Max:  0.0, Diff:  0.0, Sum:  0.0, Workers: 4
[4835.903s][debug][gc,phases      ] GC(142)     Dead                           Min: 0, Avg:  0.0, Max: 0, Diff: 0, Sum: 0, Workers: 4
[4835.903s][debug][gc,phases      ] GC(142)     Total                          Min: 0, Avg:  0.0, Max: 0, Diff: 0, Sum: 0, Workers: 4
[4835.903s][debug][gc,phases      ] GC(142)   StringTable Weak               Min:  0.0, Avg:  0.1, Max:  0.2, Diff:  0.2, Sum:  0.4, Workers: 4
[4835.903s][debug][gc,phases      ] GC(142)     Dead                           Min: 0, Avg:  0.0, Max: 0, Diff: 0, Sum: 0, Workers: 4
[4835.903s][debug][gc,phases      ] GC(142)     Total                          Min: 0, Avg: 10791.5, Max: 22272, Diff: 22272, Sum: 43166, Workers: 4
[4835.903s][debug][gc,phases      ] GC(142)   ResolvedMethodTable Weak       Min:  0.0, Avg:  0.0, Max:  0.0, Diff:  0.0, Sum:  0.1, Workers: 4
[4835.903s][debug][gc,phases      ] GC(142)     Dead                           Min: 0, Avg:  0.0, Max: 0, Diff: 0, Sum: 0, Workers: 4
[4835.903s][debug][gc,phases      ] GC(142)     Total                          Min: 0, Avg: 2135.2, Max: 4352, Diff: 4352, Sum: 8541, Workers: 4
[4835.903s][debug][gc,phases      ] GC(142)   JNI Weak                       Min:  0.0, Avg:  0.0, Max:  0.0, Diff:  0.0, Sum:  0.0, Workers: 4
[4835.903s][debug][gc,phases      ] GC(142)     Dead                           Min: 0, Avg:  0.0, Max: 0, Diff: 0, Sum: 0, Workers: 4
[4835.903s][debug][gc,phases      ] GC(142)     Total                          Min: 0, Avg: 11.2, Max: 45, Diff: 45, Sum: 45, Workers: 4
[4835.903s][debug][gc,phases      ] GC(142)   StringDedup Table Weak         Min:  0.0, Avg:  0.0, Max:  0.0, Diff:  0.0, Sum:  0.0, Workers: 4
[4835.903s][debug][gc,phases      ] GC(142)     Dead                           Min: 0, Avg:  0.0, Max: 0, Diff: 0, Sum: 0, Workers: 4
[4835.903s][debug][gc,phases      ] GC(142)     Total                          Min: 0, Avg:  0.0, Max: 0, Diff: 0, Sum: 0, Workers: 4
[4835.903s][debug][gc,phases      ] GC(142)   StringDedup Requests0 Weak     Min:  0.0, Avg:  0.0, Max:  0.0, Diff:  0.0, Sum:  0.0, Workers: 4
[4835.903s][debug][gc,phases      ] GC(142)     Dead                           Min: 0, Avg:  0.0, Max: 0, Diff: 0, Sum: 0, Workers: 4
[4835.903s][debug][gc,phases      ] GC(142)     Total                          Min: 0, Avg:  0.0, Max: 0, Diff: 0, Sum: 0, Workers: 4
[4835.903s][debug][gc,phases      ] GC(142)   StringDedup Requests1 Weak     Min:  0.0, Avg:  0.0, Max:  0.0, Diff:  0.0, Sum:  0.0, Workers: 4
[4835.903s][debug][gc,phases      ] GC(142)     Dead                           Min: 0, Avg:  0.0, Max: 0, Diff: 0, Sum: 0, Workers: 4
[4835.903s][debug][gc,phases      ] GC(142)     Total                          Min: 0, Avg:  0.0, Max: 0, Diff: 0, Sum: 0, Workers: 4
[4835.903s][debug][gc,phases      ] GC(142)   Weak JFR Old Object Samples    Min:  0.0, Avg:  0.0, Max:  0.0, Diff:  0.0, Sum:  0.0, Workers: 4
[4835.903s][debug][gc,phases      ] GC(142)     Dead                           Min: 0, Avg:  0.0, Max: 0, Diff: 0, Sum: 0, Workers: 4
[4835.903s][debug][gc,phases      ] GC(142)     Total                          Min: 0, Avg:  0.0, Max: 0, Diff: 0, Sum: 0, Workers: 4
[4835.903s][debug][gc,phases      ] GC(142) Weak Processing 0.474ms
[4835.903s][debug][gc,age         ] GC(142) Desired survivor size 63438848 bytes, new threshold 14 (max threshold 15)
[4835.903s][info ][gc,heap        ] GC(142) PSYoungGen: 2034908K(2035200K)->47612K(2020864K) Eden: 2006016K(2006016K)->0K(1973248K) From: 28892K(29184K)->47612K(47616K)
[4835.903s][info ][gc,heap        ] GC(142) ParOldGen: 350460K(376832K)->366468K(376832K)
[4835.903s][info ][gc,metaspace   ] GC(142) Metaspace: 78980K(79872K)->78980K(79872K) NonClass: 67700K(68224K)->67700K(68224K) Class: 11280K(11648K)->11280K(11648K)
[4835.903s][info ][gc             ] GC(142) Pause Young (Allocation Failure) 2329M->404M(2341M) 32.852ms
[4835.903s][info ][gc,cpu         ] GC(142) User=0.09s Sys=0.00s Real=0.03s
[4835.903s][debug][gc,phases      ] GC(143) Pre Compact 0.014ms
[4835.903s][info ][gc,start       ] GC(143) Pause Full (Ergonomics)
[4835.903s][info ][gc,phases,start] GC(143) Marking Phase
[4836.003s][debug][gc,phases      ] GC(143) Par Mark 99.676ms
[4836.003s][debug][gc,ref         ] GC(143) ReferenceProcessor::execute queues: 4, RefProcThreadModel::Multi, marks_oops_alive: true
[4836.004s][debug][gc,ref         ] GC(143) ReferenceProcessor::execute queues: 4, RefProcThreadModel::Multi, marks_oops_alive: false
[4836.004s][debug][gc,ref         ] GC(143) Skipped phase 3 of Reference Processing: no references
[4836.004s][debug][gc,ref         ] GC(143) ReferenceProcessor::execute queues: 1, RefProcThreadModel::Single, marks_oops_alive: false
[4836.004s][debug][gc,phases      ] GC(143) Reference Processing 1.484ms
[4836.004s][debug][gc,phases      ] GC(143)   VM Weak                        Min:  0.0, Avg:  0.0, Max:  0.0, Diff:  0.0, Sum:  0.0, Workers: 4
[4836.004s][debug][gc,phases      ] GC(143)     Dead                           Min: 0, Avg: 36.2, Max: 119, Diff: 119, Sum: 145, Workers: 4
[4836.004s][debug][gc,phases      ] GC(143)     Total                          Min: 0, Avg: 178.8, Max: 512, Diff: 512, Sum: 715, Workers: 4
[4836.004s][debug][gc,phases      ] GC(143)   ObjectSynchronizer Weak        Min:  0.0, Avg:  0.0, Max:  0.0, Diff:  0.0, Sum:  0.0, Workers: 4
[4836.004s][debug][gc,phases      ] GC(143)     Dead                           Min: 0, Avg:  0.0, Max: 0, Diff: 0, Sum: 0, Workers: 4
[4836.004s][debug][gc,phases      ] GC(143)     Total                          Min: 0, Avg: 12.8, Max: 51, Diff: 51, Sum: 51, Workers: 4
[4836.004s][debug][gc,phases      ] GC(143)   JVMTI Tag Weak OopStorage      Min:  0.0, Avg:  0.0, Max:  0.0, Diff:  0.0, Sum:  0.0, Workers: 4
[4836.004s][debug][gc,phases      ] GC(143)     Dead                           Min: 0, Avg:  0.0, Max: 0, Diff: 0, Sum: 0, Workers: 4
[4836.004s][debug][gc,phases      ] GC(143)     Total                          Min: 0, Avg:  0.0, Max: 0, Diff: 0, Sum: 0, Workers: 4
[4836.004s][debug][gc,phases      ] GC(143)   StringTable Weak               Min:  0.0, Avg:  0.1, Max:  0.2, Diff:  0.2, Sum:  0.5, Workers: 4
[4836.004s][debug][gc,phases      ] GC(143)     Dead                           Min: 0, Avg: 290.0, Max: 465, Diff: 465, Sum: 1160, Workers: 4
[4836.004s][debug][gc,phases      ] GC(143)     Total                          Min: 0, Avg: 10791.5, Max: 15838, Diff: 15838, Sum: 43166, Workers: 4
[4836.004s][debug][gc,phases      ] GC(143)   ResolvedMethodTable Weak       Min:  0.0, Avg:  0.0, Max:  0.0, Diff:  0.0, Sum:  0.1, Workers: 4
[4836.004s][debug][gc,phases      ] GC(143)     Dead                           Min: 0, Avg: 38.8, Max: 80, Diff: 80, Sum: 155, Workers: 4
[4836.004s][debug][gc,phases      ] GC(143)     Total                          Min: 0, Avg: 2135.2, Max: 3136, Diff: 3136, Sum: 8541, Workers: 4
[4836.004s][debug][gc,phases      ] GC(143)   JNI Weak                       Min:  0.0, Avg:  0.0, Max:  0.0, Diff:  0.0, Sum:  0.0, Workers: 4
[4836.004s][debug][gc,phases      ] GC(143)     Dead                           Min: 0, Avg:  0.0, Max: 0, Diff: 0, Sum: 0, Workers: 4
[4836.004s][debug][gc,phases      ] GC(143)     Total                          Min: 0, Avg: 11.2, Max: 45, Diff: 45, Sum: 45, Workers: 4
[4836.004s][debug][gc,phases      ] GC(143)   StringDedup Table Weak         Min:  0.0, Avg:  0.0, Max:  0.0, Diff:  0.0, Sum:  0.0, Workers: 4
[4836.004s][debug][gc,phases      ] GC(143)     Dead                           Min: 0, Avg:  0.0, Max: 0, Diff: 0, Sum: 0, Workers: 4
[4836.004s][debug][gc,phases      ] GC(143)     Total                          Min: 0, Avg:  0.0, Max: 0, Diff: 0, Sum: 0, Workers: 4
[4836.004s][debug][gc,phases      ] GC(143)   StringDedup Requests0 Weak     Min:  0.0, Avg:  0.0, Max:  0.0, Diff:  0.0, Sum:  0.0, Workers: 4
[4836.004s][debug][gc,phases      ] GC(143)     Dead                           Min: 0, Avg:  0.0, Max: 0, Diff: 0, Sum: 0, Workers: 4
[4836.004s][debug][gc,phases      ] GC(143)     Total                          Min: 0, Avg:  0.0, Max: 0, Diff: 0, Sum: 0, Workers: 4
[4836.004s][debug][gc,phases      ] GC(143)   StringDedup Requests1 Weak     Min:  0.0, Avg:  0.0, Max:  0.0, Diff:  0.0, Sum:  0.0, Workers: 4
[4836.004s][debug][gc,phases      ] GC(143)     Dead                           Min: 0, Avg:  0.0, Max: 0, Diff: 0, Sum: 0, Workers: 4
[4836.004s][debug][gc,phases      ] GC(143)     Total                          Min: 0, Avg:  0.0, Max: 0, Diff: 0, Sum: 0, Workers: 4
[4836.004s][debug][gc,phases      ] GC(143)   Weak JFR Old Object Samples    Min:  0.0, Avg:  0.0, Max:  0.0, Diff:  0.0, Sum:  0.0, Workers: 4
[4836.004s][debug][gc,phases      ] GC(143)     Dead                           Min: 0, Avg:  0.0, Max: 0, Diff: 0, Sum: 0, Workers: 4
[4836.004s][debug][gc,phases      ] GC(143)     Total                          Min: 0, Avg:  0.0, Max: 0, Diff: 0, Sum: 0, Workers: 4
[4836.004s][debug][gc,phases      ] GC(143) Weak Processing 0.358ms
[4836.005s][debug][gc,phases      ] GC(143) ClassLoaderData 0.558ms
[4836.005s][debug][gc,phases      ] GC(143) Trigger cleanups 0.007ms
[4836.029s][debug][gc,phases      ] GC(143) Class Unloading 24.110ms
[4836.029s][info ][gc,phases      ] GC(143) Marking Phase 125.798ms
[4836.029s][info ][gc,phases,start] GC(143) Summary Phase
[4836.029s][info ][gc,phases      ] GC(143) Summary Phase 0.015ms
[4836.029s][info ][gc,phases,start] GC(143) Adjust Roots
[4836.039s][info ][gc,phases      ] GC(143) Adjust Roots 10.724ms
[4836.039s][info ][gc,phases,start] GC(143) Compaction Phase
[4836.144s][info ][gc,phases      ] GC(143) Compaction Phase 104.761ms
[4836.144s][info ][gc,phases,start] GC(143) Post Compact
[4836.146s][info ][gc,phases      ] GC(143) Post Compact 1.780ms
[4836.146s][info ][gc,heap        ] GC(143) PSYoungGen: 47612K(2020864K)->0K(2035200K) Eden: 0K(1973248K)->0K(1973248K) From: 47612K(47616K)->0K(61952K)
[4836.146s][info ][gc,heap        ] GC(143) ParOldGen: 366468K(376832K)->304214K(446976K)
[4836.146s][info ][gc,metaspace   ] GC(143) Metaspace: 78980K(79872K)->78672K(79872K) NonClass: 67700K(68224K)->67466K(68224K) Class: 11280K(11648K)->11206K(11648K)
[4836.146s][info ][gc             ] GC(143) Pause Full (Ergonomics) 404M->297M(2424M) 243.293ms
[4836.146s][info ][gc,cpu         ] GC(143) User=0.80s Sys=0.00s Real=0.24s
[4836.146s][info ][safepoint      ] Safepoint "ParallelGCFailedAllocation", Time since last: 1540902468 ns, Reaching safepoint: 30600 ns, At safepoint: 276294762 ns, Total: 276325362 ns
[4837.146s][info ][safepoint      ] Safepoint "Cleanup", Time since last: 1000095693 ns, Reaching safepoint: 45601 ns, At safepoint: 4200 ns, Total: 49801 ns
[4838.146s][info ][safepoint      ] Safepoint "Cleanup", Time since last: 1000051864 ns, Reaching safepoint: 35600 ns, At safepoint: 2700 ns, Total: 38300 ns
[4839.147s][info ][safepoint      ] Safepoint "Cleanup", Time since last: 1000109765 ns, Reaching safepoint: 34000 ns, At safepoint: 2800 ns, Total: 36800 ns
[4844.147s][info ][safepoint      ] Safepoint "Cleanup", Time since last: 5000354422 ns, Reaching safepoint: 46300 ns, At safepoint: 2600 ns, Total: 48900 ns
[4845.147s][info ][safepoint      ] Safepoint "Cleanup", Time since last: 1000109862 ns, Reaching safepoint: 47600 ns, At safepoint: 2501 ns, Total: 50101 ns
[4847.147s][info ][safepoint      ] Safepoint "Cleanup", Time since last: 2000180751 ns, Reaching safepoint: 120402 ns, At safepoint: 8300 ns, Total: 128702 ns
[4848.148s][info ][safepoint      ] Safepoint "Cleanup", Time since last: 1000099076 ns, Reaching safepoint: 133602 ns, At safepoint: 8300 ns, Total: 141902 ns
[4852.597s][info ][gc,start       ] GC(144) Pause Young (Allocation Failure)
[4852.609s][debug][gc,phases      ] GC(144) Scavenge 12.491ms
[4852.609s][debug][gc,ref         ] GC(144) Skipped phase 1 of Reference Processing: no references
[4852.609s][debug][gc,ref         ] GC(144) Skipped phase 2 of Reference Processing: no references
[4852.609s][debug][gc,ref         ] GC(144) Skipped phase 3 of Reference Processing: no references
[4852.609s][debug][gc,ref         ] GC(144) ReferenceProcessor::execute queues: 1, RefProcThreadModel::Single, marks_oops_alive: false
[4852.609s][debug][gc,phases      ] GC(144) Reference Processing 0.101ms
[4852.609s][debug][gc,phases      ] GC(144)   VM Weak                        Min:  0.0, Avg:  0.0, Max:  0.0, Diff:  0.0, Sum:  0.0, Workers: 4
[4852.609s][debug][gc,phases      ] GC(144)     Dead                           Min: 0, Avg:  0.0, Max: 0, Diff: 0, Sum: 0, Workers: 4
[4852.609s][debug][gc,phases      ] GC(144)     Total                          Min: 0, Avg: 142.5, Max: 570, Diff: 570, Sum: 570, Workers: 4
[4852.609s][debug][gc,phases      ] GC(144)   ObjectSynchronizer Weak        Min:  0.0, Avg:  0.0, Max:  0.0, Diff:  0.0, Sum:  0.0, Workers: 4
[4852.609s][debug][gc,phases      ] GC(144)     Dead                           Min: 0, Avg:  0.0, Max: 0, Diff: 0, Sum: 0, Workers: 4
[4852.609s][debug][gc,phases      ] GC(144)     Total                          Min: 0, Avg: 12.8, Max: 51, Diff: 51, Sum: 51, Workers: 4
[4852.609s][debug][gc,phases      ] GC(144)   JVMTI Tag Weak OopStorage      Min:  0.0, Avg:  0.0, Max:  0.0, Diff:  0.0, Sum:  0.0, Workers: 4
[4852.609s][debug][gc,phases      ] GC(144)     Dead                           Min: 0, Avg:  0.0, Max: 0, Diff: 0, Sum: 0, Workers: 4
[4852.609s][debug][gc,phases      ] GC(144)     Total                          Min: 0, Avg:  0.0, Max: 0, Diff: 0, Sum: 0, Workers: 4
[4852.609s][debug][gc,phases      ] GC(144)   StringTable Weak               Min:  0.0, Avg:  0.1, Max:  0.1, Diff:  0.1, Sum:  0.3, Workers: 4
[4852.609s][debug][gc,phases      ] GC(144)     Dead                           Min: 0, Avg:  0.0, Max: 0, Diff: 0, Sum: 0, Workers: 4
[4852.609s][debug][gc,phases      ] GC(144)     Total                          Min: 0, Avg: 10795.8, Max: 18624, Diff: 18624, Sum: 43183, Workers: 4
[4852.609s][debug][gc,phases      ] GC(144)   ResolvedMethodTable Weak       Min:  0.0, Avg:  0.0, Max:  0.0, Diff:  0.0, Sum:  0.1, Workers: 4
[4852.609s][debug][gc,phases      ] GC(144)     Dead                           Min: 0, Avg:  0.0, Max: 0, Diff: 0, Sum: 0, Workers: 4
[4852.609s][debug][gc,phases      ] GC(144)     Total                          Min: 0, Avg: 2135.2, Max: 3200, Diff: 3200, Sum: 8541, Workers: 4
[4852.609s][debug][gc,phases      ] GC(144)   JNI Weak                       Min:  0.0, Avg:  0.0, Max:  0.0, Diff:  0.0, Sum:  0.0, Workers: 4
[4852.609s][debug][gc,phases      ] GC(144)     Dead                           Min: 0, Avg:  0.0, Max: 0, Diff: 0, Sum: 0, Workers: 4
[4852.609s][debug][gc,phases      ] GC(144)     Total                          Min: 0, Avg: 11.2, Max: 45, Diff: 45, Sum: 45, Workers: 4
[4852.609s][debug][gc,phases      ] GC(144)   StringDedup Table Weak         Min:  0.0, Avg:  0.0, Max:  0.0, Diff:  0.0, Sum:  0.0, Workers: 4
[4852.609s][debug][gc,phases      ] GC(144)     Dead                           Min: 0, Avg:  0.0, Max: 0, Diff: 0, Sum: 0, Workers: 4
[4852.609s][debug][gc,phases      ] GC(144)     Total                          Min: 0, Avg:  0.0, Max: 0, Diff: 0, Sum: 0, Workers: 4
[4852.609s][debug][gc,phases      ] GC(144)   StringDedup Requests0 Weak     Min:  0.0, Avg:  0.0, Max:  0.0, Diff:  0.0, Sum:  0.0, Workers: 4
[4852.609s][debug][gc,phases      ] GC(144)     Dead                           Min: 0, Avg:  0.0, Max: 0, Diff: 0, Sum: 0, Workers: 4
[4852.610s][debug][gc,phases      ] GC(144)     Total                          Min: 0, Avg:  0.0, Max: 0, Diff: 0, Sum: 0, Workers: 4
[4852.610s][debug][gc,phases      ] GC(144)   StringDedup Requests1 Weak     Min:  0.0, Avg:  0.0, Max:  0.0, Diff:  0.0, Sum:  0.0, Workers: 4
[4852.610s][debug][gc,phases      ] GC(144)     Dead                           Min: 0, Avg:  0.0, Max: 0, Diff: 0, Sum: 0, Workers: 4
[4852.610s][debug][gc,phases      ] GC(144)     Total                          Min: 0, Avg:  0.0, Max: 0, Diff: 0, Sum: 0, Workers: 4
[4852.610s][debug][gc,phases      ] GC(144)   Weak JFR Old Object Samples    Min:  0.0, Avg:  0.0, Max:  0.0, Diff:  0.0, Sum:  0.0, Workers: 4
[4852.610s][debug][gc,phases      ] GC(144)     Dead                           Min: 0, Avg:  0.0, Max: 0, Diff: 0, Sum: 0, Workers: 4
[4852.610s][debug][gc,phases      ] GC(144)     Total                          Min: 0, Avg:  0.0, Max: 0, Diff: 0, Sum: 0, Workers: 4
[4852.610s][debug][gc,phases      ] GC(144) Weak Processing 0.299ms
[4852.610s][debug][gc,age         ] GC(144) Desired survivor size 59244544 bytes, new threshold 15 (max threshold 15)
[4852.610s][info ][gc,heap        ] GC(144) PSYoungGen: 1973248K(2035200K)->21456K(2039296K) Eden: 1973248K(1973248K)->0K(1977344K) From: 0K(61952K)->21456K(61952K)
[4852.610s][info ][gc,heap        ] GC(144) ParOldGen: 304214K(446976K)->304214K(446976K)
[4852.610s][info ][gc,metaspace   ] GC(144) Metaspace: 78689K(79872K)->78689K(79872K) NonClass: 67482K(68224K)->67482K(68224K) Class: 11206K(11648K)->11206K(11648K)
[4852.610s][info ][gc             ] GC(144) Pause Young (Allocation Failure) 2224M->318M(2428M) 13.005ms
[4852.610s][info ][gc,cpu         ] GC(144) User=0.04s Sys=0.00s Real=0.01s
[4852.610s][info ][safepoint      ] Safepoint "ParallelGCFailedAllocation", Time since last: 4448752176 ns, Reaching safepoint: 106101 ns, At safepoint: 13080269 ns, Total: 13186370 ns
[4859.610s][info ][safepoint      ] Safepoint "Cleanup", Time since last: 7000406578 ns, Reaching safepoint: 41500 ns, At safepoint: 3500 ns, Total: 45000 ns
[4861.373s][info ][safepoint      ] Safepoint "Cleanup", Time since last: 1762970395 ns, Reaching safepoint: 47501 ns, At safepoint: 13000 ns, Total: 60501 ns
[4866.373s][info ][safepoint      ] Safepoint "Cleanup", Time since last: 5000319739 ns, Reaching safepoint: 41401 ns, At safepoint: 2500 ns, Total: 43901 ns
[4867.366s][info ][gc,start       ] GC(145) Pause Young (Allocation Failure)
[4867.384s][debug][gc,phases      ] GC(145) Scavenge 17.872ms
[4867.384s][debug][gc,ref         ] GC(145) Skipped phase 1 of Reference Processing: no references
[4867.384s][debug][gc,ref         ] GC(145) ReferenceProcessor::execute queues: 1, RefProcThreadModel::Single, marks_oops_alive: false
[4867.384s][debug][gc,ref         ] GC(145) Skipped phase 3 of Reference Processing: no references
[4867.384s][debug][gc,ref         ] GC(145) ReferenceProcessor::execute queues: 1, RefProcThreadModel::Single, marks_oops_alive: false
[4867.384s][debug][gc,phases      ] GC(145) Reference Processing 0.102ms
[4867.384s][debug][gc,phases      ] GC(145)   VM Weak                        Min:  0.0, Avg:  0.0, Max:  0.0, Diff:  0.0, Sum:  0.0, Workers: 4
[4867.384s][debug][gc,phases      ] GC(145)     Dead                           Min: 0, Avg:  0.0, Max: 0, Diff: 0, Sum: 0, Workers: 4
[4867.384s][debug][gc,phases      ] GC(145)     Total                          Min: 0, Avg: 146.2, Max: 393, Diff: 393, Sum: 585, Workers: 4
[4867.384s][debug][gc,phases      ] GC(145)   ObjectSynchronizer Weak        Min:  0.0, Avg:  0.0, Max:  0.0, Diff:  0.0, Sum:  0.0, Workers: 4
[4867.384s][debug][gc,phases      ] GC(145)     Dead                           Min: 0, Avg:  0.0, Max: 0, Diff: 0, Sum: 0, Workers: 4
[4867.384s][debug][gc,phases      ] GC(145)     Total                          Min: 0, Avg: 13.2, Max: 53, Diff: 53, Sum: 53, Workers: 4
[4867.384s][debug][gc,phases      ] GC(145)   JVMTI Tag Weak OopStorage      Min:  0.0, Avg:  0.0, Max:  0.0, Diff:  0.0, Sum:  0.0, Workers: 4
[4867.384s][debug][gc,phases      ] GC(145)     Dead                           Min: 0, Avg:  0.0, Max: 0, Diff: 0, Sum: 0, Workers: 4
[4867.384s][debug][gc,phases      ] GC(145)     Total                          Min: 0, Avg:  0.0, Max: 0, Diff: 0, Sum: 0, Workers: 4
[4867.384s][debug][gc,phases      ] GC(145)   StringTable Weak               Min:  0.0, Avg:  0.1, Max:  0.1, Diff:  0.1, Sum:  0.3, Workers: 4
[4867.384s][debug][gc,phases      ] GC(145)     Dead                           Min: 0, Avg:  0.5, Max: 2, Diff: 2, Sum: 2, Workers: 4
[4867.384s][debug][gc,phases      ] GC(145)     Total                          Min: 0, Avg: 10806.2, Max: 18367, Diff: 18367, Sum: 43225, Workers: 4
[4867.384s][debug][gc,phases      ] GC(145)   ResolvedMethodTable Weak       Min:  0.0, Avg:  0.0, Max:  0.0, Diff:  0.0, Sum:  0.1, Workers: 4
[4867.384s][debug][gc,phases      ] GC(145)     Dead                           Min: 0, Avg:  0.0, Max: 0, Diff: 0, Sum: 0, Workers: 4
[4867.384s][debug][gc,phases      ] GC(145)     Total                          Min: 0, Avg: 2153.8, Max: 3625, Diff: 3625, Sum: 8615, Workers: 4
[4867.384s][debug][gc,phases      ] GC(145)   JNI Weak                       Min:  0.0, Avg:  0.0, Max:  0.0, Diff:  0.0, Sum:  0.0, Workers: 4
[4867.384s][debug][gc,phases      ] GC(145)     Dead                           Min: 0, Avg:  0.0, Max: 0, Diff: 0, Sum: 0, Workers: 4
[4867.384s][debug][gc,phases      ] GC(145)     Total                          Min: 0, Avg: 11.2, Max: 45, Diff: 45, Sum: 45, Workers: 4
[4867.384s][debug][gc,phases      ] GC(145)   StringDedup Table Weak         Min:  0.0, Avg:  0.0, Max:  0.0, Diff:  0.0, Sum:  0.0, Workers: 4
[4867.384s][debug][gc,phases      ] GC(145)     Dead                           Min: 0, Avg:  0.0, Max: 0, Diff: 0, Sum: 0, Workers: 4
[4867.384s][debug][gc,phases      ] GC(145)     Total                          Min: 0, Avg:  0.0, Max: 0, Diff: 0, Sum: 0, Workers: 4
[4867.384s][debug][gc,phases      ] GC(145)   StringDedup Requests0 Weak     Min:  0.0, Avg:  0.0, Max:  0.0, Diff:  0.0, Sum:  0.0, Workers: 4
[4867.384s][debug][gc,phases      ] GC(145)     Dead                           Min: 0, Avg:  0.0, Max: 0, Diff: 0, Sum: 0, Workers: 4
[4867.384s][debug][gc,phases      ] GC(145)     Total                          Min: 0, Avg:  0.0, Max: 0, Diff: 0, Sum: 0, Workers: 4
[4867.384s][debug][gc,phases      ] GC(145)   StringDedup Requests1 Weak     Min:  0.0, Avg:  0.0, Max:  0.0, Diff:  0.0, Sum:  0.0, Workers: 4
[4867.384s][debug][gc,phases      ] GC(145)     Dead                           Min: 0, Avg:  0.0, Max: 0, Diff: 0, Sum: 0, Workers: 4
[4867.384s][debug][gc,phases      ] GC(145)     Total                          Min: 0, Avg:  0.0, Max: 0, Diff: 0, Sum: 0, Workers: 4
[4867.384s][debug][gc,phases      ] GC(145)   Weak JFR Old Object Samples    Min:  0.0, Avg:  0.0, Max:  0.0, Diff:  0.0, Sum:  0.0, Workers: 4
[4867.384s][debug][gc,phases      ] GC(145)     Dead                           Min: 0, Avg:  0.0, Max: 0, Diff: 0, Sum: 0, Workers: 4
[4867.384s][debug][gc,phases      ] GC(145)     Total                          Min: 0, Avg:  0.0, Max: 0, Diff: 0, Sum: 0, Workers: 4
[4867.384s][debug][gc,phases      ] GC(145) Weak Processing 0.300ms
[4867.384s][debug][gc,age         ] GC(145) Desired survivor size 65011712 bytes, new threshold 15 (max threshold 15)
[4867.384s][info ][gc,heap        ] GC(145) PSYoungGen: 1998800K(2039296K)->45744K(2023424K) Eden: 1977344K(1977344K)->0K(1977344K) From: 21456K(61952K)->45744K(46080K)
[4867.384s][info ][gc,heap        ] GC(145) ParOldGen: 304214K(446976K)->304214K(446976K)
[4867.384s][info ][gc,metaspace   ] GC(145) Metaspace: 78932K(79872K)->78932K(79872K) NonClass: 67681K(68224K)->67681K(68224K) Class: 11250K(11648K)->11250K(11648K)
[4867.384s][info ][gc             ] GC(145) Pause Young (Allocation Failure) 2249M->341M(2412M) 18.397ms
[4867.384s][info ][gc,cpu         ] GC(145) User=0.07s Sys=0.00s Real=0.02s
[4867.384s][info ][safepoint      ] Safepoint "ParallelGCFailedAllocation", Time since last: 992386608 ns, Reaching safepoint: 36201 ns, At safepoint: 18457638 ns, Total: 18493839 ns
[4870.385s][info ][safepoint      ] Safepoint "Cleanup", Time since last: 3000197580 ns, Reaching safepoint: 38801 ns, At safepoint: 3600 ns, Total: 42401 ns
[4879.385s][info ][safepoint      ] Safepoint "Cleanup", Time since last: 9000596993 ns, Reaching safepoint: 40301 ns, At safepoint: 4000 ns, Total: 44301 ns
[4884.386s][info ][safepoint      ] Safepoint "Cleanup", Time since last: 5000361762 ns, Reaching safepoint: 65701 ns, At safepoint: 4900 ns, Total: 70601 ns
[4886.386s][info ][safepoint      ] Safepoint "Cleanup", Time since last: 2000155567 ns, Reaching safepoint: 39300 ns, At safepoint: 2200 ns, Total: 41500 ns
[5003.915s][info ][gc,start       ] GC(146) Pause Young (Allocation Failure)
[5003.921s][debug][gc,phases      ] GC(146) Scavenge 6.676ms
[5003.921s][debug][gc,ref         ] GC(146) Skipped phase 1 of Reference Processing: no references
[5003.921s][debug][gc,ref         ] GC(146) ReferenceProcessor::execute queues: 1, RefProcThreadModel::Single, marks_oops_alive: false
[5003.921s][debug][gc,ref         ] GC(146) ReferenceProcessor::execute queues: 4, RefProcThreadModel::Multi, marks_oops_alive: true
[5003.922s][debug][gc,ref         ] GC(146) ReferenceProcessor::execute queues: 1, RefProcThreadModel::Single, marks_oops_alive: false
[5003.922s][debug][gc,phases      ] GC(146) Reference Processing 0.194ms
[5003.922s][debug][gc,phases      ] GC(146)   VM Weak                        Min:  0.0, Avg:  0.0, Max:  0.0, Diff:  0.0, Sum:  0.0, Workers: 4
[5003.922s][debug][gc,phases      ] GC(146)     Dead                           Min: 0, Avg:  0.0, Max: 0, Diff: 0, Sum: 0, Workers: 4
[5003.922s][debug][gc,phases      ] GC(146)     Total                          Min: 0, Avg: 146.2, Max: 439, Diff: 439, Sum: 585, Workers: 4
[5003.922s][debug][gc,phases      ] GC(146)   ObjectSynchronizer Weak        Min:  0.0, Avg:  0.0, Max:  0.0, Diff:  0.0, Sum:  0.0, Workers: 4
[5003.922s][debug][gc,phases      ] GC(146)     Dead                           Min: 0, Avg:  0.2, Max: 1, Diff: 1, Sum: 1, Workers: 4
[5003.922s][debug][gc,phases      ] GC(146)     Total                          Min: 0, Avg: 13.5, Max: 54, Diff: 54, Sum: 54, Workers: 4
[5003.922s][debug][gc,phases      ] GC(146)   JVMTI Tag Weak OopStorage      Min:  0.0, Avg:  0.0, Max:  0.0, Diff:  0.0, Sum:  0.0, Workers: 4
[5003.922s][debug][gc,phases      ] GC(146)     Dead                           Min: 0, Avg:  0.0, Max: 0, Diff: 0, Sum: 0, Workers: 4
[5003.922s][debug][gc,phases      ] GC(146)     Total                          Min: 0, Avg:  0.0, Max: 0, Diff: 0, Sum: 0, Workers: 4
[5003.922s][debug][gc,phases      ] GC(146)   StringTable Weak               Min:  0.1, Avg:  0.1, Max:  0.1, Diff:  0.0, Sum:  0.4, Workers: 4
[5003.922s][debug][gc,phases      ] GC(146)     Dead                           Min: 0, Avg:  0.0, Max: 0, Diff: 0, Sum: 0, Workers: 4
[5003.922s][debug][gc,phases      ] GC(146)     Total                          Min: 9116, Avg: 10806.8, Max: 11903, Diff: 2787, Sum: 43227, Workers: 4
[5003.922s][debug][gc,phases      ] GC(146)   ResolvedMethodTable Weak       Min:  0.0, Avg:  0.0, Max:  0.0, Diff:  0.0, Sum:  0.1, Workers: 4
[5003.922s][debug][gc,phases      ] GC(146)     Dead                           Min: 0, Avg:  0.0, Max: 0, Diff: 0, Sum: 0, Workers: 4
[5003.922s][debug][gc,phases      ] GC(146)     Total                          Min: 2026, Avg: 2153.8, Max: 2495, Diff: 469, Sum: 8615, Workers: 4
[5003.922s][debug][gc,phases      ] GC(146)   JNI Weak                       Min:  0.0, Avg:  0.0, Max:  0.0, Diff:  0.0, Sum:  0.0, Workers: 4
[5003.922s][debug][gc,phases      ] GC(146)     Dead                           Min: 0, Avg:  0.0, Max: 0, Diff: 0, Sum: 0, Workers: 4
[5003.922s][debug][gc,phases      ] GC(146)     Total                          Min: 0, Avg: 11.2, Max: 45, Diff: 45, Sum: 45, Workers: 4
[5003.922s][debug][gc,phases      ] GC(146)   StringDedup Table Weak         Min:  0.0, Avg:  0.0, Max:  0.0, Diff:  0.0, Sum:  0.0, Workers: 4
[5003.922s][debug][gc,phases      ] GC(146)     Dead                           Min: 0, Avg:  0.0, Max: 0, Diff: 0, Sum: 0, Workers: 4
[5003.922s][debug][gc,phases      ] GC(146)     Total                          Min: 0, Avg:  0.0, Max: 0, Diff: 0, Sum: 0, Workers: 4
[5003.922s][debug][gc,phases      ] GC(146)   StringDedup Requests0 Weak     Min:  0.0, Avg:  0.0, Max:  0.0, Diff:  0.0, Sum:  0.0, Workers: 4
[5003.922s][debug][gc,phases      ] GC(146)     Dead                           Min: 0, Avg:  0.0, Max: 0, Diff: 0, Sum: 0, Workers: 4
[5003.922s][debug][gc,phases      ] GC(146)     Total                          Min: 0, Avg:  0.0, Max: 0, Diff: 0, Sum: 0, Workers: 4
[5003.922s][debug][gc,phases      ] GC(146)   StringDedup Requests1 Weak     Min:  0.0, Avg:  0.0, Max:  0.0, Diff:  0.0, Sum:  0.0, Workers: 4
[5003.922s][debug][gc,phases      ] GC(146)     Dead                           Min: 0, Avg:  0.0, Max: 0, Diff: 0, Sum: 0, Workers: 4
[5003.922s][debug][gc,phases      ] GC(146)     Total                          Min: 0, Avg:  0.0, Max: 0, Diff: 0, Sum: 0, Workers: 4
[5003.922s][debug][gc,phases      ] GC(146)   Weak JFR Old Object Samples    Min:  0.0, Avg:  0.0, Max:  0.0, Diff:  0.0, Sum:  0.0, Workers: 4
[5003.922s][debug][gc,phases      ] GC(146)     Dead                           Min: 0, Avg:  0.0, Max: 0, Diff: 0, Sum: 0, Workers: 4
[5003.922s][debug][gc,phases      ] GC(146)     Total                          Min: 0, Avg:  0.0, Max: 0, Diff: 0, Sum: 0, Workers: 4
[5003.922s][debug][gc,phases      ] GC(146) Weak Processing 0.283ms
[5003.922s][debug][gc,age         ] GC(146) Desired survivor size 62390272 bytes, new threshold 15 (max threshold 15)
[5003.922s][info ][gc,heap        ] GC(146) PSYoungGen: 2023088K(2023424K)->13664K(2036224K) Eden: 1977344K(1977344K)->0K(1972736K) From: 45744K(46080K)->13664K(63488K)
[5003.922s][info ][gc,heap        ] GC(146) ParOldGen: 304214K(446976K)->304214K(446976K)
[5003.922s][info ][gc,metaspace   ] GC(146) Metaspace: 78979K(79936K)->78979K(79936K) NonClass: 67726K(68288K)->67726K(68288K) Class: 11253K(11648K)->11253K(11648K)
[5003.922s][info ][gc             ] GC(146) Pause Young (Allocation Failure) 2272M->310M(2425M) 7.263ms
[5003.922s][info ][gc,cpu         ] GC(146) User=0.03s Sys=0.00s Real=0.01s
[5003.922s][info ][safepoint      ] Safepoint "ParallelGCFailedAllocation", Time since last: 117528697664 ns, Reaching safepoint: 35700 ns, At safepoint: 7344602 ns, Total: 7380302 ns
[5004.922s][info ][safepoint      ] Safepoint "Cleanup", Time since last: 1000072100 ns, Reaching safepoint: 104302 ns, At safepoint: 5100 ns, Total: 109402 ns
[5005.302s][info ][gc,heap,exit   ] Heap
[5005.302s][info ][gc,heap,exit   ]  PSYoungGen      total 2036224K, used 191530K [0x0000000780000000, 0x0000000800000000, 0x0000000800000000)
[5005.302s][info ][gc,heap,exit   ]   eden space 1972736K, 9% used [0x0000000780000000,0x000000078adb2838,0x00000007f8680000)
[5005.302s][info ][gc,heap,exit   ]   from space 63488K, 21% used [0x00000007fc200000,0x00000007fcf58160,0x0000000800000000)
[5005.302s][info ][gc,heap,exit   ]   to   space 60928K, 0% used [0x00000007f8680000,0x00000007f8680000,0x00000007fc200000)
[5005.302s][info ][gc,heap,exit   ]  ParOldGen       total 446976K, used 304214K [0x0000000740000000, 0x000000075b480000, 0x0000000780000000)
[5005.302s][info ][gc,heap,exit   ]   object space 446976K, 68% used [0x0000000740000000,0x0000000752915898,0x000000075b480000)
[5005.302s][info ][gc,heap,exit   ]  Metaspace       used 79043K, committed 79936K, reserved 1179648K
[5005.302s][info ][gc,heap,exit   ]   class space    used 11258K, committed 11648K, reserved 1048576K
