[0.004s][info][gc] Using Parallel
[0.005s][info][gc,init] Version: 17.0.9+8-LTS (release)
[0.005s][info][gc,init] CPUs: 4 total, 4 available
[0.005s][info][gc,init] Memory: 15991M
[0.005s][info][gc,init] Large Page Support: Disabled
[0.005s][info][gc,init] NUMA Support: Disabled
[0.005s][info][gc,init] Compressed Oops: Enabled (Zero based)
[0.005s][info][gc,init] Alignments: Space 512K, Generation 512K, Heap 2M
[0.005s][info][gc,init] Heap Min Capacity: 2054M
[0.005s][info][gc,init] Heap Initial Capacity: 2054M
[0.005s][info][gc,init] Heap Max Capacity: 5G
[0.005s][info][gc,init] Pre-touch: Disabled
[0.005s][info][gc,init] Parallel Workers: 4
[0.011s][info][gc,metaspace] CDS archive(s) mapped at: [0x00007f2dd0000000-0x00007f2dd0bc6000-0x00007f2dd0bc6000), size 12345344, SharedBaseAddress: 0x00007f2dd0000000, ArchiveRelocationMode: 1.
[0.011s][info][gc,metaspace] Compressed class space mapped at: 0x00007f2dd1000000-0x00007f2e11000000, reserved size: 1073741824
[0.011s][info][gc,metaspace] Narrow klass base: 0x00007f2dd0000000, Narrow klass shift: 0, Narrow klass range: 0x100000000
[0.820s][info][safepoint   ] Safepoint "ICBufferFull", Time since last: 802939483 ns, Reaching safepoint: 217201 ns, Cleanup: 136301 ns, At safepoint: 8600 ns, Total: 362102 ns
[1.481s][info][safepoint   ] Safepoint "ICBufferFull", Time since last: 660533466 ns, Reaching safepoint: 4100 ns, Cleanup: 355901 ns, At safepoint: 6000 ns, Total: 366001 ns
[2.074s][info][gc,start    ] GC(0) Pause Young (Metadata GC Threshold)
[2.090s][debug][gc,phases   ] GC(0) Scavenge 15.849ms
[2.090s][debug][gc,ref      ] GC(0) Skipped phase 1 of Reference Processing: no references
[2.090s][debug][gc,ref      ] GC(0) ReferenceProcessor::execute queues: 2, RefProcThreadModel::Multi, marks_oops_alive: false
[2.090s][debug][gc,ref      ] GC(0) Skipped phase 3 of Reference Processing: no references
[2.090s][debug][gc,ref      ] GC(0) ReferenceProcessor::execute queues: 1, RefProcThreadModel::Single, marks_oops_alive: false
[2.090s][debug][gc,phases   ] GC(0) Reference Processing 0.313ms
[2.091s][debug][gc,phases   ] GC(0)   VM Weak                        Min:  0.0, Avg:  0.0, Max:  0.0, Diff:  0.0, Sum:  0.0, Workers: 4
[2.091s][debug][gc,phases   ] GC(0)     Dead                           Min: 0, Avg:  0.0, Max: 0, Diff: 0, Sum: 0, Workers: 4
[2.091s][debug][gc,phases   ] GC(0)     Total                          Min: 0, Avg: 56.5, Max: 128, Diff: 128, Sum: 226, Workers: 4
[2.091s][debug][gc,phases   ] GC(0)   ObjectSynchronizer Weak        Min:  0.0, Avg:  0.0, Max:  0.0, Diff:  0.0, Sum:  0.0, Workers: 4
[2.091s][debug][gc,phases   ] GC(0)     Dead                           Min: 0, Avg:  1.2, Max: 5, Diff: 5, Sum: 5, Workers: 4
[2.091s][debug][gc,phases   ] GC(0)     Total                          Min: 0, Avg:  2.5, Max: 10, Diff: 10, Sum: 10, Workers: 4
[2.091s][debug][gc,phases   ] GC(0)   JVMTI Tag Weak OopStorage      Min:  0.0, Avg:  0.0, Max:  0.0, Diff:  0.0, Sum:  0.0, Workers: 4
[2.091s][debug][gc,phases   ] GC(0)     Dead                           Min: 0, Avg:  0.0, Max: 0, Diff: 0, Sum: 0, Workers: 4
[2.091s][debug][gc,phases   ] GC(0)     Total                          Min: 0, Avg:  0.0, Max: 0, Diff: 0, Sum: 0, Workers: 4
[2.091s][debug][gc,phases   ] GC(0)   StringTable Weak               Min:  0.0, Avg:  0.1, Max:  0.1, Diff:  0.1, Sum:  0.4, Workers: 4
[2.091s][debug][gc,phases   ] GC(0)     Dead                           Min: 0, Avg:  6.8, Max: 16, Diff: 16, Sum: 27, Workers: 4
[2.091s][debug][gc,phases   ] GC(0)     Total                          Min: 0, Avg: 3311.2, Max: 4736, Diff: 4736, Sum: 13245, Workers: 4
[2.091s][debug][gc,phases   ] GC(0)   ResolvedMethodTable Weak       Min:  0.0, Avg:  0.0, Max:  0.0, Diff:  0.0, Sum:  0.1, Workers: 4
[2.091s][debug][gc,phases   ] GC(0)     Dead                           Min: 0, Avg: 18.5, Max: 32, Diff: 32, Sum: 74, Workers: 4
[2.091s][debug][gc,phases   ] GC(0)     Total                          Min: 0, Avg: 316.5, Max: 448, Diff: 448, Sum: 1266, Workers: 4
[2.091s][debug][gc,phases   ] GC(0)   JNI Weak                       Min:  0.0, Avg:  0.0, Max:  0.0, Diff:  0.0, Sum:  0.0, Workers: 4
[2.091s][debug][gc,phases   ] GC(0)     Dead                           Min: 0, Avg:  0.0, Max: 0, Diff: 0, Sum: 0, Workers: 4
[2.091s][debug][gc,phases   ] GC(0)     Total                          Min: 0, Avg: 11.2, Max: 45, Diff: 45, Sum: 45, Workers: 4
[2.091s][debug][gc,phases   ] GC(0)   StringDedup Table Weak         Min:  0.0, Avg:  0.0, Max:  0.0, Diff:  0.0, Sum:  0.0, Workers: 4
[2.091s][debug][gc,phases   ] GC(0)     Dead                           Min: 0, Avg:  0.0, Max: 0, Diff: 0, Sum: 0, Workers: 4
[2.091s][debug][gc,phases   ] GC(0)     Total                          Min: 0, Avg:  0.0, Max: 0, Diff: 0, Sum: 0, Workers: 4
[2.091s][debug][gc,phases   ] GC(0)   StringDedup Requests0 Weak     Min:  0.0, Avg:  0.0, Max:  0.0, Diff:  0.0, Sum:  0.0, Workers: 4
[2.091s][debug][gc,phases   ] GC(0)     Dead                           Min: 0, Avg:  0.0, Max: 0, Diff: 0, Sum: 0, Workers: 4
[2.091s][debug][gc,phases   ] GC(0)     Total                          Min: 0, Avg:  0.0, Max: 0, Diff: 0, Sum: 0, Workers: 4
[2.091s][debug][gc,phases   ] GC(0)   StringDedup Requests1 Weak     Min:  0.0, Avg:  0.0, Max:  0.0, Diff:  0.0, Sum:  0.0, Workers: 4
[2.091s][debug][gc,phases   ] GC(0)     Dead                           Min: 0, Avg:  0.0, Max: 0, Diff: 0, Sum: 0, Workers: 4
[2.091s][debug][gc,phases   ] GC(0)     Total                          Min: 0, Avg:  0.0, Max: 0, Diff: 0, Sum: 0, Workers: 4
[2.091s][debug][gc,phases   ] GC(0)   Weak JFR Old Object Samples    Min:  0.0, Avg:  0.0, Max:  0.0, Diff:  0.0, Sum:  0.0, Workers: 4
[2.091s][debug][gc,phases   ] GC(0)     Dead                           Min: 0, Avg:  0.0, Max: 0, Diff: 0, Sum: 0, Workers: 4
[2.091s][debug][gc,phases   ] GC(0)     Total                          Min: 0, Avg:  0.0, Max: 0, Diff: 0, Sum: 0, Workers: 4
[2.091s][debug][gc,phases   ] GC(0) Weak Processing 0.415ms
[2.091s][debug][gc,age      ] GC(0) Desired survivor size 536870912 bytes, new threshold 7 (max threshold 15)
[2.091s][info ][gc,heap     ] GC(0) PSYoungGen: 261911K(1572864K)->32713K(1572864K) Eden: 261911K(1048576K)->0K(1048576K) From: 0K(524288K)->32713K(524288K)
[2.091s][info ][gc,heap     ] GC(0) ParOldGen: 0K(6144K)->104K(6144K)
[2.091s][info ][gc,metaspace] GC(0) Metaspace: 21153K(21504K)->21153K(21504K) NonClass: 18723K(18880K)->18723K(18880K) Class: 2430K(2624K)->2430K(2624K)
[2.091s][info ][gc          ] GC(0) Pause Young (Metadata GC Threshold) 255M->32M(1542M) 16.961ms
[2.091s][info ][gc,cpu      ] GC(0) User=0.05s Sys=0.00s Real=0.02s
[2.091s][debug][gc,phases   ] GC(1) Pre Compact 0.017ms
[2.091s][info ][gc,start    ] GC(1) Pause Full (Metadata GC Threshold)
[2.091s][info ][gc,phases,start] GC(1) Marking Phase
[2.098s][debug][gc,phases      ] GC(1) Par Mark 7.453ms
[2.099s][debug][gc,ref         ] GC(1) Skipped phase 1 of Reference Processing: no references
[2.099s][debug][gc,ref         ] GC(1) ReferenceProcessor::execute queues: 1, RefProcThreadModel::Single, marks_oops_alive: false
[2.099s][debug][gc,ref         ] GC(1) Skipped phase 3 of Reference Processing: no references
[2.099s][debug][gc,ref         ] GC(1) ReferenceProcessor::execute queues: 1, RefProcThreadModel::Single, marks_oops_alive: false
[2.099s][debug][gc,phases      ] GC(1) Reference Processing 0.056ms
[2.099s][debug][gc,phases      ] GC(1)   VM Weak                        Min:  0.0, Avg:  0.0, Max:  0.0, Diff:  0.0, Sum:  0.0, Workers: 4
[2.099s][debug][gc,phases      ] GC(1)     Dead                           Min: 0, Avg:  0.0, Max: 0, Diff: 0, Sum: 0, Workers: 4
[2.099s][debug][gc,phases      ] GC(1)     Total                          Min: 0, Avg: 56.5, Max: 192, Diff: 192, Sum: 226, Workers: 4
[2.099s][debug][gc,phases      ] GC(1)   ObjectSynchronizer Weak        Min:  0.0, Avg:  0.0, Max:  0.0, Diff:  0.0, Sum:  0.0, Workers: 4
[2.099s][debug][gc,phases      ] GC(1)     Dead                           Min: 0, Avg:  0.0, Max: 0, Diff: 0, Sum: 0, Workers: 4
[2.099s][debug][gc,phases      ] GC(1)     Total                          Min: 0, Avg:  2.5, Max: 10, Diff: 10, Sum: 10, Workers: 4
[2.099s][debug][gc,phases      ] GC(1)   JVMTI Tag Weak OopStorage      Min:  0.0, Avg:  0.0, Max:  0.0, Diff:  0.0, Sum:  0.0, Workers: 4
[2.099s][debug][gc,phases      ] GC(1)     Dead                           Min: 0, Avg:  0.0, Max: 0, Diff: 0, Sum: 0, Workers: 4
[2.099s][debug][gc,phases      ] GC(1)     Total                          Min: 0, Avg:  0.0, Max: 0, Diff: 0, Sum: 0, Workers: 4
[2.099s][debug][gc,phases      ] GC(1)   StringTable Weak               Min:  0.0, Avg:  0.0, Max:  0.1, Diff:  0.0, Sum:  0.2, Workers: 4
[2.099s][debug][gc,phases      ] GC(1)     Dead                           Min: 0, Avg:  0.0, Max: 0, Diff: 0, Sum: 0, Workers: 4
[2.099s][debug][gc,phases      ] GC(1)     Total                          Min: 2176, Avg: 3311.2, Max: 3904, Diff: 1728, Sum: 13245, Workers: 4
[2.099s][debug][gc,phases      ] GC(1)   ResolvedMethodTable Weak       Min:  0.0, Avg:  0.0, Max:  0.0, Diff:  0.0, Sum:  0.0, Workers: 4
[2.099s][debug][gc,phases      ] GC(1)     Dead                           Min: 0, Avg:  0.0, Max: 0, Diff: 0, Sum: 0, Workers: 4
[2.099s][debug][gc,phases      ] GC(1)     Total                          Min: 256, Avg: 316.5, Max: 384, Diff: 128, Sum: 1266, Workers: 4
[2.099s][debug][gc,phases      ] GC(1)   JNI Weak                       Min:  0.0, Avg:  0.0, Max:  0.0, Diff:  0.0, Sum:  0.0, Workers: 4
[2.099s][debug][gc,phases      ] GC(1)     Dead                           Min: 0, Avg:  0.0, Max: 0, Diff: 0, Sum: 0, Workers: 4
[2.099s][debug][gc,phases      ] GC(1)     Total                          Min: 0, Avg: 11.2, Max: 45, Diff: 45, Sum: 45, Workers: 4
[2.099s][debug][gc,phases      ] GC(1)   StringDedup Table Weak         Min:  0.0, Avg:  0.0, Max:  0.0, Diff:  0.0, Sum:  0.0, Workers: 4
[2.099s][debug][gc,phases      ] GC(1)     Dead                           Min: 0, Avg:  0.0, Max: 0, Diff: 0, Sum: 0, Workers: 4
[2.099s][debug][gc,phases      ] GC(1)     Total                          Min: 0, Avg:  0.0, Max: 0, Diff: 0, Sum: 0, Workers: 4
[2.099s][debug][gc,phases      ] GC(1)   StringDedup Requests0 Weak     Min:  0.0, Avg:  0.0, Max:  0.0, Diff:  0.0, Sum:  0.0, Workers: 4
[2.099s][debug][gc,phases      ] GC(1)     Dead                           Min: 0, Avg:  0.0, Max: 0, Diff: 0, Sum: 0, Workers: 4
[2.099s][debug][gc,phases      ] GC(1)     Total                          Min: 0, Avg:  0.0, Max: 0, Diff: 0, Sum: 0, Workers: 4
[2.099s][debug][gc,phases      ] GC(1)   StringDedup Requests1 Weak     Min:  0.0, Avg:  0.0, Max:  0.0, Diff:  0.0, Sum:  0.0, Workers: 4
[2.099s][debug][gc,phases      ] GC(1)     Dead                           Min: 0, Avg:  0.0, Max: 0, Diff: 0, Sum: 0, Workers: 4
[2.099s][debug][gc,phases      ] GC(1)     Total                          Min: 0, Avg:  0.0, Max: 0, Diff: 0, Sum: 0, Workers: 4
[2.099s][debug][gc,phases      ] GC(1)   Weak JFR Old Object Samples    Min:  0.0, Avg:  0.0, Max:  0.0, Diff:  0.0, Sum:  0.0, Workers: 4
[2.099s][debug][gc,phases      ] GC(1)     Dead                           Min: 0, Avg:  0.0, Max: 0, Diff: 0, Sum: 0, Workers: 4
[2.099s][debug][gc,phases      ] GC(1)     Total                          Min: 0, Avg:  0.0, Max: 0, Diff: 0, Sum: 0, Workers: 4
[2.099s][debug][gc,phases      ] GC(1) Weak Processing 0.231ms
[2.099s][debug][gc,phases      ] GC(1) ClassLoaderData 0.027ms
[2.099s][debug][gc,phases      ] GC(1) Trigger cleanups 0.000ms
[2.102s][debug][gc,phases      ] GC(1) Class Unloading 2.915ms
[2.102s][debug][gc,phases      ] GC(1) Report Object Count 0.001ms
[2.102s][info ][gc,phases      ] GC(1) Marking Phase 10.760ms
[2.102s][info ][gc,phases,start] GC(1) Summary Phase
[2.102s][info ][gc,phases      ] GC(1) Summary Phase 0.008ms
[2.102s][info ][gc,phases,start] GC(1) Adjust Roots
[2.106s][info ][gc,phases      ] GC(1) Adjust Roots 3.933ms
[2.106s][info ][gc,phases,start] GC(1) Compaction Phase
[2.122s][info ][gc,phases      ] GC(1) Compaction Phase 15.836ms
[2.122s][info ][gc,phases,start] GC(1) Post Compact
[2.123s][info ][gc,phases      ] GC(1) Post Compact 1.028ms
[2.123s][info ][gc,heap        ] GC(1) PSYoungGen: 32713K(1572864K)->26965K(1572864K) Eden: 0K(1048576K)->0K(1048576K) From: 32713K(524288K)->26965K(524288K)
[2.123s][info ][gc,heap        ] GC(1) ParOldGen: 104K(6144K)->5688K(6144K)
[2.123s][info ][gc,metaspace   ] GC(1) Metaspace: 21153K(21504K)->21153K(21504K) NonClass: 18723K(18880K)->18723K(18880K) Class: 2430K(2624K)->2430K(2624K)
[2.123s][info ][gc             ] GC(1) Pause Full (Metadata GC Threshold) 32M->31M(1542M) 31.715ms
[2.123s][info ][gc,cpu         ] GC(1) User=0.09s Sys=0.00s Real=0.03s
[2.123s][info ][safepoint      ] Safepoint "CollectForMetadataAllocation", Time since last: 593211554 ns, Reaching safepoint: 3400 ns, Cleanup: 136101 ns, At safepoint: 48841160 ns, Total: 48980661 ns
[2.315s][info ][safepoint      ] Safepoint "ICBufferFull", Time since last: 191864133 ns, Reaching safepoint: 77900 ns, Cleanup: 143200 ns, At safepoint: 8600 ns, Total: 229700 ns
[2.451s][info ][safepoint      ] Safepoint "ICBufferFull", Time since last: 136417450 ns, Reaching safepoint: 5200 ns, Cleanup: 158500 ns, At safepoint: 2000 ns, Total: 165700 ns
[2.602s][info ][safepoint      ] Safepoint "ICBufferFull", Time since last: 150209395 ns, Reaching safepoint: 3600 ns, Cleanup: 134901 ns, At safepoint: 8700 ns, Total: 147201 ns
[2.772s][info ][safepoint      ] Safepoint "ICBufferFull", Time since last: 170127460 ns, Reaching safepoint: 4200 ns, Cleanup: 194701 ns, At safepoint: 2100 ns, Total: 201001 ns
[3.184s][info ][safepoint      ] Safepoint "ICBufferFull", Time since last: 411356455 ns, Reaching safepoint: 3300 ns, Cleanup: 146100 ns, At safepoint: 1700 ns, Total: 151100 ns
[3.324s][info ][safepoint      ] Safepoint "ICBufferFull", Time since last: 140047262 ns, Reaching safepoint: 4800 ns, Cleanup: 150100 ns, At safepoint: 2500 ns, Total: 157400 ns
[3.814s][info ][safepoint      ] Safepoint "ICBufferFull", Time since last: 490140115 ns, Reaching safepoint: 3300 ns, Cleanup: 165101 ns, At safepoint: 4800 ns, Total: 173201 ns
[4.161s][info ][safepoint      ] Safepoint "ICBufferFull", Time since last: 346335041 ns, Reaching safepoint: 3700 ns, Cleanup: 156100 ns, At safepoint: 6400 ns, Total: 166200 ns
[4.353s][info ][safepoint      ] Safepoint "ICBufferFull", Time since last: 192260234 ns, Reaching safepoint: 3400 ns, Cleanup: 120500 ns, At safepoint: 6000 ns, Total: 129900 ns
[4.570s][info ][safepoint      ] Safepoint "ICBufferFull", Time since last: 217106415 ns, Reaching safepoint: 4300 ns, Cleanup: 139401 ns, At safepoint: 6900 ns, Total: 150601 ns
[4.645s][info ][gc,start       ] GC(2) Pause Young (Metadata GC Threshold)
[4.709s][debug][gc,phases      ] GC(2) Scavenge 64.317ms
[4.709s][debug][gc,ref         ] GC(2) Skipped phase 1 of Reference Processing: no references
[4.709s][debug][gc,ref         ] GC(2) ReferenceProcessor::execute queues: 4, RefProcThreadModel::Multi, marks_oops_alive: false
[4.710s][debug][gc,ref         ] GC(2) Skipped phase 3 of Reference Processing: no references
[4.710s][debug][gc,ref         ] GC(2) ReferenceProcessor::execute queues: 2, RefProcThreadModel::Multi, marks_oops_alive: false
[4.710s][debug][gc,phases      ] GC(2) Reference Processing 0.637ms
[4.710s][debug][gc,phases      ] GC(2)   VM Weak                        Min:  0.0, Avg:  0.0, Max:  0.0, Diff:  0.0, Sum:  0.0, Workers: 4
[4.710s][debug][gc,phases      ] GC(2)     Dead                           Min: 0, Avg:  0.0, Max: 0, Diff: 0, Sum: 0, Workers: 4
[4.710s][debug][gc,phases      ] GC(2)     Total                          Min: 0, Avg: 85.8, Max: 192, Diff: 192, Sum: 343, Workers: 4
[4.710s][debug][gc,phases      ] GC(2)   ObjectSynchronizer Weak        Min:  0.0, Avg:  0.0, Max:  0.0, Diff:  0.0, Sum:  0.0, Workers: 4
[4.710s][debug][gc,phases      ] GC(2)     Dead                           Min: 0, Avg:  0.0, Max: 0, Diff: 0, Sum: 0, Workers: 4
[4.710s][debug][gc,phases      ] GC(2)     Total                          Min: 0, Avg:  2.5, Max: 10, Diff: 10, Sum: 10, Workers: 4
[4.710s][debug][gc,phases      ] GC(2)   JVMTI Tag Weak OopStorage      Min:  0.0, Avg:  0.0, Max:  0.0, Diff:  0.0, Sum:  0.0, Workers: 4
[4.710s][debug][gc,phases      ] GC(2)     Dead                           Min: 0, Avg:  0.0, Max: 0, Diff: 0, Sum: 0, Workers: 4
[4.710s][debug][gc,phases      ] GC(2)     Total                          Min: 0, Avg:  0.0, Max: 0, Diff: 0, Sum: 0, Workers: 4
[4.710s][debug][gc,phases      ] GC(2)   StringTable Weak               Min:  0.0, Avg:  0.2, Max:  0.3, Diff:  0.3, Sum:  0.7, Workers: 4
[4.710s][debug][gc,phases      ] GC(2)     Dead                           Min: 0, Avg:  2.0, Max: 5, Diff: 5, Sum: 8, Workers: 4
[4.710s][debug][gc,phases      ] GC(2)     Total                          Min: 0, Avg: 6631.8, Max: 13632, Diff: 13632, Sum: 26527, Workers: 4
[4.710s][debug][gc,phases      ] GC(2)   ResolvedMethodTable Weak       Min:  0.0, Avg:  0.0, Max:  0.0, Diff:  0.0, Sum:  0.1, Workers: 4
[4.710s][debug][gc,phases      ] GC(2)     Dead                           Min: 0, Avg: 14.0, Max: 39, Diff: 39, Sum: 56, Workers: 4
[4.710s][debug][gc,phases      ] GC(2)     Total                          Min: 0, Avg: 703.2, Max: 1408, Diff: 1408, Sum: 2813, Workers: 4
[4.710s][debug][gc,phases      ] GC(2)   JNI Weak                       Min:  0.0, Avg:  0.0, Max:  0.0, Diff:  0.0, Sum:  0.0, Workers: 4
[4.710s][debug][gc,phases      ] GC(2)     Dead                           Min: 0, Avg:  0.0, Max: 0, Diff: 0, Sum: 0, Workers: 4
[4.710s][debug][gc,phases      ] GC(2)     Total                          Min: 0, Avg: 12.8, Max: 51, Diff: 51, Sum: 51, Workers: 4
[4.710s][debug][gc,phases      ] GC(2)   StringDedup Table Weak         Min:  0.0, Avg:  0.0, Max:  0.0, Diff:  0.0, Sum:  0.0, Workers: 4
[4.710s][debug][gc,phases      ] GC(2)     Dead                           Min: 0, Avg:  0.0, Max: 0, Diff: 0, Sum: 0, Workers: 4
[4.710s][debug][gc,phases      ] GC(2)     Total                          Min: 0, Avg:  0.0, Max: 0, Diff: 0, Sum: 0, Workers: 4
[4.710s][debug][gc,phases      ] GC(2)   StringDedup Requests0 Weak     Min:  0.0, Avg:  0.0, Max:  0.0, Diff:  0.0, Sum:  0.0, Workers: 4
[4.710s][debug][gc,phases      ] GC(2)     Dead                           Min: 0, Avg:  0.0, Max: 0, Diff: 0, Sum: 0, Workers: 4
[4.710s][debug][gc,phases      ] GC(2)     Total                          Min: 0, Avg:  0.0, Max: 0, Diff: 0, Sum: 0, Workers: 4
[4.710s][debug][gc,phases      ] GC(2)   StringDedup Requests1 Weak     Min:  0.0, Avg:  0.0, Max:  0.0, Diff:  0.0, Sum:  0.0, Workers: 4
[4.710s][debug][gc,phases      ] GC(2)     Dead                           Min: 0, Avg:  0.0, Max: 0, Diff: 0, Sum: 0, Workers: 4
[4.710s][debug][gc,phases      ] GC(2)     Total                          Min: 0, Avg:  0.0, Max: 0, Diff: 0, Sum: 0, Workers: 4
[4.710s][debug][gc,phases      ] GC(2)   Weak JFR Old Object Samples    Min:  0.0, Avg:  0.0, Max:  0.0, Diff:  0.0, Sum:  0.0, Workers: 4
[4.710s][debug][gc,phases      ] GC(2)     Dead                           Min: 0, Avg:  0.0, Max: 0, Diff: 0, Sum: 0, Workers: 4
[4.710s][debug][gc,phases      ] GC(2)     Total                          Min: 0, Avg:  0.0, Max: 0, Diff: 0, Sum: 0, Workers: 4
[4.710s][debug][gc,phases      ] GC(2) Weak Processing 0.720ms
[4.710s][debug][gc,age         ] GC(2) Desired survivor size 536870912 bytes, new threshold 7 (max threshold 15)
[4.710s][info ][gc,heap        ] GC(2) PSYoungGen: 572230K(1572864K)->89499K(1572864K) Eden: 545264K(1048576K)->0K(1048576K) From: 26965K(524288K)->89499K(524288K)
[4.710s][info ][gc,heap        ] GC(2) ParOldGen: 5688K(6144K)->5712K(6144K)
[4.710s][info ][gc,metaspace   ] GC(2) Metaspace: 35399K(35840K)->35399K(35840K) NonClass: 30852K(31104K)->30852K(31104K) Class: 4546K(4736K)->4546K(4736K)
[4.711s][info ][gc             ] GC(2) Pause Young (Metadata GC Threshold) 564M->92M(1542M) 65.859ms
[4.711s][info ][gc,cpu         ] GC(2) User=0.15s Sys=0.05s Real=0.06s
[4.711s][debug][gc,phases      ] GC(3) Pre Compact 0.014ms
[4.711s][info ][gc,start       ] GC(3) Pause Full (Metadata GC Threshold)
[4.711s][info ][gc,phases,start] GC(3) Marking Phase
[4.752s][debug][gc,phases      ] GC(3) Par Mark 41.375ms
[4.752s][debug][gc,ref         ] GC(3) Skipped phase 1 of Reference Processing: no references
[4.752s][debug][gc,ref         ] GC(3) ReferenceProcessor::execute queues: 2, RefProcThreadModel::Multi, marks_oops_alive: false
[4.752s][debug][gc,ref         ] GC(3) Skipped phase 3 of Reference Processing: no references
[4.752s][debug][gc,ref         ] GC(3) ReferenceProcessor::execute queues: 1, RefProcThreadModel::Single, marks_oops_alive: false
[4.752s][debug][gc,phases      ] GC(3) Reference Processing 0.202ms
[4.752s][debug][gc,phases      ] GC(3)   VM Weak                        Min:  0.0, Avg:  0.0, Max:  0.0, Diff:  0.0, Sum:  0.0, Workers: 4
[4.752s][debug][gc,phases      ] GC(3)     Dead                           Min: 0, Avg:  0.0, Max: 0, Diff: 0, Sum: 0, Workers: 4
[4.752s][debug][gc,phases      ] GC(3)     Total                          Min: 0, Avg: 85.8, Max: 151, Diff: 151, Sum: 343, Workers: 4
[4.752s][debug][gc,phases      ] GC(3)   ObjectSynchronizer Weak        Min:  0.0, Avg:  0.0, Max:  0.0, Diff:  0.0, Sum:  0.0, Workers: 4
[4.752s][debug][gc,phases      ] GC(3)     Dead                           Min: 0, Avg:  0.0, Max: 0, Diff: 0, Sum: 0, Workers: 4
[4.752s][debug][gc,phases      ] GC(3)     Total                          Min: 0, Avg:  2.5, Max: 10, Diff: 10, Sum: 10, Workers: 4
[4.752s][debug][gc,phases      ] GC(3)   JVMTI Tag Weak OopStorage      Min:  0.0, Avg:  0.0, Max:  0.0, Diff:  0.0, Sum:  0.0, Workers: 4
[4.752s][debug][gc,phases      ] GC(3)     Dead                           Min: 0, Avg:  0.0, Max: 0, Diff: 0, Sum: 0, Workers: 4
[4.752s][debug][gc,phases      ] GC(3)     Total                          Min: 0, Avg:  0.0, Max: 0, Diff: 0, Sum: 0, Workers: 4
[4.752s][debug][gc,phases      ] GC(3)   StringTable Weak               Min:  0.0, Avg:  0.1, Max:  0.1, Diff:  0.1, Sum:  0.3, Workers: 4
[4.752s][debug][gc,phases      ] GC(3)     Dead                           Min: 0, Avg:  0.0, Max: 0, Diff: 0, Sum: 0, Workers: 4
[4.752s][debug][gc,phases      ] GC(3)     Total                          Min: 0, Avg: 6631.8, Max: 9984, Diff: 9984, Sum: 26527, Workers: 4
[4.753s][debug][gc,phases      ] GC(3)   ResolvedMethodTable Weak       Min:  0.0, Avg:  0.0, Max:  0.0, Diff:  0.0, Sum:  0.0, Workers: 4
[4.753s][debug][gc,phases      ] GC(3)     Dead                           Min: 0, Avg:  0.0, Max: 0, Diff: 0, Sum: 0, Workers: 4
[4.753s][debug][gc,phases      ] GC(3)     Total                          Min: 0, Avg: 703.2, Max: 1022, Diff: 1022, Sum: 2813, Workers: 4
[4.753s][debug][gc,phases      ] GC(3)   JNI Weak                       Min:  0.0, Avg:  0.0, Max:  0.0, Diff:  0.0, Sum:  0.0, Workers: 4
[4.753s][debug][gc,phases      ] GC(3)     Dead                           Min: 0, Avg:  0.0, Max: 0, Diff: 0, Sum: 0, Workers: 4
[4.753s][debug][gc,phases      ] GC(3)     Total                          Min: 0, Avg: 12.8, Max: 51, Diff: 51, Sum: 51, Workers: 4
[4.753s][debug][gc,phases      ] GC(3)   StringDedup Table Weak         Min:  0.0, Avg:  0.0, Max:  0.0, Diff:  0.0, Sum:  0.0, Workers: 4
[4.753s][debug][gc,phases      ] GC(3)     Dead                           Min: 0, Avg:  0.0, Max: 0, Diff: 0, Sum: 0, Workers: 4
[4.753s][debug][gc,phases      ] GC(3)     Total                          Min: 0, Avg:  0.0, Max: 0, Diff: 0, Sum: 0, Workers: 4
[4.753s][debug][gc,phases      ] GC(3)   StringDedup Requests0 Weak     Min:  0.0, Avg:  0.0, Max:  0.0, Diff:  0.0, Sum:  0.0, Workers: 4
[4.753s][debug][gc,phases      ] GC(3)     Dead                           Min: 0, Avg:  0.0, Max: 0, Diff: 0, Sum: 0, Workers: 4
[4.753s][debug][gc,phases      ] GC(3)     Total                          Min: 0, Avg:  0.0, Max: 0, Diff: 0, Sum: 0, Workers: 4
[4.753s][debug][gc,phases      ] GC(3)   StringDedup Requests1 Weak     Min:  0.0, Avg:  0.0, Max:  0.0, Diff:  0.0, Sum:  0.0, Workers: 4
[4.753s][debug][gc,phases      ] GC(3)     Dead                           Min: 0, Avg:  0.0, Max: 0, Diff: 0, Sum: 0, Workers: 4
[4.753s][debug][gc,phases      ] GC(3)     Total                          Min: 0, Avg:  0.0, Max: 0, Diff: 0, Sum: 0, Workers: 4
[4.753s][debug][gc,phases      ] GC(3)   Weak JFR Old Object Samples    Min:  0.0, Avg:  0.0, Max:  0.0, Diff:  0.0, Sum:  0.0, Workers: 4
[4.753s][debug][gc,phases      ] GC(3)     Dead                           Min: 0, Avg:  0.0, Max: 0, Diff: 0, Sum: 0, Workers: 4
[4.753s][debug][gc,phases      ] GC(3)     Total                          Min: 0, Avg:  0.0, Max: 0, Diff: 0, Sum: 0, Workers: 4
[4.753s][debug][gc,phases      ] GC(3) Weak Processing 0.285ms
[4.753s][debug][gc,phases      ] GC(3) ClassLoaderData 0.040ms
[4.753s][debug][gc,phases      ] GC(3) Trigger cleanups 0.000ms
[4.759s][debug][gc,phases      ] GC(3) Class Unloading 6.477ms
[4.759s][debug][gc,phases      ] GC(3) Report Object Count 0.002ms
[4.759s][info ][gc,phases      ] GC(3) Marking Phase 48.504ms
[4.759s][info ][gc,phases,start] GC(3) Summary Phase
[4.759s][info ][gc,phases      ] GC(3) Summary Phase 0.007ms
[4.759s][info ][gc,phases,start] GC(3) Adjust Roots
[4.766s][info ][gc,phases      ] GC(3) Adjust Roots 7.096ms
[4.766s][info ][gc,phases,start] GC(3) Compaction Phase
[5.157s][info ][gc,phases      ] GC(3) Compaction Phase 390.435ms
[5.157s][info ][gc,phases,start] GC(3) Post Compact
[5.158s][info ][gc,phases      ] GC(3) Post Compact 0.998ms
[5.158s][info ][gc,heap        ] GC(3) PSYoungGen: 89499K(1572864K)->88830K(1572864K) Eden: 0K(1048576K)->0K(1048576K) From: 89499K(524288K)->88830K(524288K)
[5.158s][info ][gc,heap        ] GC(3) ParOldGen: 5712K(6144K)->6029K(6144K)
[5.158s][info ][gc,metaspace   ] GC(3) Metaspace: 35399K(35840K)->35399K(35840K) NonClass: 30852K(31104K)->30852K(31104K) Class: 4546K(4736K)->4546K(4736K)
[5.158s][info ][gc             ] GC(3) Pause Full (Metadata GC Threshold) 92M->92M(1542M) 447.186ms
[5.158s][info ][gc,cpu         ] GC(3) User=0.95s Sys=0.00s Real=0.45s
[5.158s][info ][safepoint      ] Safepoint "CollectForMetadataAllocation", Time since last: 74239644 ns, Reaching safepoint: 5100 ns, Cleanup: 83701 ns, At safepoint: 513197390 ns, Total: 513286191 ns
[5.559s][info ][safepoint      ] Safepoint "ICBufferFull", Time since last: 400796421 ns, Reaching safepoint: 78300 ns, Cleanup: 210801 ns, At safepoint: 5400 ns, Total: 294501 ns
[6.304s][info ][safepoint      ] Safepoint "ICBufferFull", Time since last: 744465252 ns, Reaching safepoint: 3000 ns, Cleanup: 175901 ns, At safepoint: 4700 ns, Total: 183601 ns
[6.624s][info ][safepoint      ] Safepoint "ICBufferFull", Time since last: 320424955 ns, Reaching safepoint: 82401 ns, Cleanup: 162000 ns, At safepoint: 10900 ns, Total: 255301 ns
[6.802s][info ][safepoint      ] Safepoint "ICBufferFull", Time since last: 176473282 ns, Reaching safepoint: 806002 ns, Cleanup: 140501 ns, At safepoint: 8400 ns, Total: 954903 ns
[6.887s][info ][safepoint      ] Safepoint "ICBufferFull", Time since last: 85270081 ns, Reaching safepoint: 90600 ns, Cleanup: 131900 ns, At safepoint: 8000 ns, Total: 230500 ns
[6.976s][info ][safepoint      ] Safepoint "ICBufferFull", Time since last: 88918793 ns, Reaching safepoint: 74701 ns, Cleanup: 143200 ns, At safepoint: 4600 ns, Total: 222501 ns
[7.153s][info ][safepoint      ] Safepoint "ICBufferFull", Time since last: 176406681 ns, Reaching safepoint: 76400 ns, Cleanup: 161401 ns, At safepoint: 9300 ns, Total: 247101 ns
[7.270s][info ][safepoint      ] Safepoint "ICBufferFull", Time since last: 117112486 ns, Reaching safepoint: 5000 ns, Cleanup: 141200 ns, At safepoint: 2100 ns, Total: 148300 ns
[7.399s][debug][gc,phases      ] GC(4) Pre Compact 0.024ms
[7.399s][info ][gc,start       ] GC(4) Pause Full (Metadata GC Threshold)
[7.399s][info ][gc,phases,start] GC(4) Marking Phase
[7.465s][debug][gc,phases      ] GC(4) Par Mark 65.670ms
[7.465s][debug][gc,ref         ] GC(4) Skipped phase 1 of Reference Processing: no references
[7.465s][debug][gc,ref         ] GC(4) ReferenceProcessor::execute queues: 4, RefProcThreadModel::Multi, marks_oops_alive: false
[7.466s][debug][gc,ref         ] GC(4) Skipped phase 3 of Reference Processing: no references
[7.466s][debug][gc,ref         ] GC(4) ReferenceProcessor::execute queues: 4, RefProcThreadModel::Multi, marks_oops_alive: false
[7.466s][debug][gc,phases      ] GC(4) Reference Processing 1.631ms
[7.467s][debug][gc,phases      ] GC(4)   VM Weak                        Min:  0.0, Avg:  0.0, Max:  0.0, Diff:  0.0, Sum:  0.0, Workers: 4
[7.467s][debug][gc,phases      ] GC(4)     Dead                           Min: 0, Avg:  0.0, Max: 0, Diff: 0, Sum: 0, Workers: 4
[7.467s][debug][gc,phases      ] GC(4)     Total                          Min: 0, Avg: 129.0, Max: 260, Diff: 260, Sum: 516, Workers: 4
[7.467s][debug][gc,phases      ] GC(4)   ObjectSynchronizer Weak        Min:  0.0, Avg:  0.0, Max:  0.0, Diff:  0.0, Sum:  0.0, Workers: 4
[7.467s][debug][gc,phases      ] GC(4)     Dead                           Min: 0, Avg:  0.2, Max: 1, Diff: 1, Sum: 1, Workers: 4
[7.467s][debug][gc,phases      ] GC(4)     Total                          Min: 0, Avg:  2.8, Max: 11, Diff: 11, Sum: 11, Workers: 4
[7.467s][debug][gc,phases      ] GC(4)   JVMTI Tag Weak OopStorage      Min:  0.0, Avg:  0.0, Max:  0.0, Diff:  0.0, Sum:  0.0, Workers: 4
[7.467s][debug][gc,phases      ] GC(4)     Dead                           Min: 0, Avg:  0.0, Max: 0, Diff: 0, Sum: 0, Workers: 4
[7.467s][debug][gc,phases      ] GC(4)     Total                          Min: 0, Avg:  0.0, Max: 0, Diff: 0, Sum: 0, Workers: 4
[7.467s][debug][gc,phases      ] GC(4)   StringTable Weak               Min:  0.0, Avg:  0.1, Max:  0.2, Diff:  0.2, Sum:  0.5, Workers: 4
[7.467s][debug][gc,phases      ] GC(4)     Dead                           Min: 0, Avg:  4.5, Max: 7, Diff: 7, Sum: 18, Workers: 4
[7.467s][debug][gc,phases      ] GC(4)     Total                          Min: 0, Avg: 9018.8, Max: 14059, Diff: 14059, Sum: 36075, Workers: 4
[7.467s][debug][gc,phases      ] GC(4)   ResolvedMethodTable Weak       Min:  0.0, Avg:  0.0, Max:  0.0, Diff:  0.0, Sum:  0.1, Workers: 4
[7.467s][debug][gc,phases      ] GC(4)     Dead                           Min: 0, Avg: 47.5, Max: 74, Diff: 74, Sum: 190, Workers: 4
[7.467s][debug][gc,phases      ] GC(4)     Total                          Min: 0, Avg: 1617.0, Max: 2436, Diff: 2436, Sum: 6468, Workers: 4
[7.467s][debug][gc,phases      ] GC(4)   JNI Weak                       Min:  0.0, Avg:  0.0, Max:  0.0, Diff:  0.0, Sum:  0.0, Workers: 4
[7.467s][debug][gc,phases      ] GC(4)     Dead                           Min: 0, Avg:  0.0, Max: 0, Diff: 0, Sum: 0, Workers: 4
[7.467s][debug][gc,phases      ] GC(4)     Total                          Min: 0, Avg: 11.8, Max: 47, Diff: 47, Sum: 47, Workers: 4
[7.467s][debug][gc,phases      ] GC(4)   StringDedup Table Weak         Min:  0.0, Avg:  0.0, Max:  0.0, Diff:  0.0, Sum:  0.0, Workers: 4
[7.467s][debug][gc,phases      ] GC(4)     Dead                           Min: 0, Avg:  0.0, Max: 0, Diff: 0, Sum: 0, Workers: 4
[7.467s][debug][gc,phases      ] GC(4)     Total                          Min: 0, Avg:  0.0, Max: 0, Diff: 0, Sum: 0, Workers: 4
[7.467s][debug][gc,phases      ] GC(4)   StringDedup Requests0 Weak     Min:  0.0, Avg:  0.0, Max:  0.0, Diff:  0.0, Sum:  0.0, Workers: 4
[7.467s][debug][gc,phases      ] GC(4)     Dead                           Min: 0, Avg:  0.0, Max: 0, Diff: 0, Sum: 0, Workers: 4
[7.467s][debug][gc,phases      ] GC(4)     Total                          Min: 0, Avg:  0.0, Max: 0, Diff: 0, Sum: 0, Workers: 4
[7.467s][debug][gc,phases      ] GC(4)   StringDedup Requests1 Weak     Min:  0.0, Avg:  0.0, Max:  0.0, Diff:  0.0, Sum:  0.0, Workers: 4
[7.467s][debug][gc,phases      ] GC(4)     Dead                           Min: 0, Avg:  0.0, Max: 0, Diff: 0, Sum: 0, Workers: 4
[7.467s][debug][gc,phases      ] GC(4)     Total                          Min: 0, Avg:  0.0, Max: 0, Diff: 0, Sum: 0, Workers: 4
[7.467s][debug][gc,phases      ] GC(4)   Weak JFR Old Object Samples    Min:  0.0, Avg:  0.0, Max:  0.0, Diff:  0.0, Sum:  0.0, Workers: 4
[7.467s][debug][gc,phases      ] GC(4)     Dead                           Min: 0, Avg:  0.0, Max: 0, Diff: 0, Sum: 0, Workers: 4
[7.467s][debug][gc,phases      ] GC(4)     Total                          Min: 0, Avg:  0.0, Max: 0, Diff: 0, Sum: 0, Workers: 4
[7.467s][debug][gc,phases      ] GC(4) Weak Processing 0.384ms
[7.467s][debug][gc,phases      ] GC(4) ClassLoaderData 0.070ms
[7.467s][debug][gc,phases      ] GC(4) Trigger cleanups 0.000ms
[7.474s][debug][gc,phases      ] GC(4) Class Unloading 7.182ms
[7.474s][debug][gc,phases      ] GC(4) Report Object Count 0.002ms
[7.474s][info ][gc,phases      ] GC(4) Marking Phase 75.037ms
[7.474s][info ][gc,phases,start] GC(4) Summary Phase
[7.474s][info ][gc,phases      ] GC(4) Summary Phase 0.015ms
[7.474s][info ][gc,phases,start] GC(4) Adjust Roots
[7.483s][info ][gc,phases      ] GC(4) Adjust Roots 9.097ms
[7.483s][info ][gc,phases,start] GC(4) Compaction Phase
[7.617s][info ][gc,phases      ] GC(4) Compaction Phase 133.454ms
[7.617s][info ][gc,phases,start] GC(4) Post Compact
[7.621s][info ][gc,phases      ] GC(4) Post Compact 4.195ms
[7.621s][info ][gc,heap        ] GC(4) PSYoungGen: 537861K(1572864K)->114217K(1572864K) Eden: 449031K(1048576K)->114217K(1048576K) From: 88830K(524288K)->0K(524288K)
[7.621s][info ][gc,heap        ] GC(4) ParOldGen: 6029K(6144K)->6028K(6144K)
[7.621s][info ][gc,metaspace   ] GC(4) Metaspace: 59177K(59776K)->59177K(59776K) NonClass: 50218K(50560K)->50218K(50560K) Class: 8959K(9216K)->8959K(9216K)
[7.621s][info ][gc             ] GC(4) Pause Full (Metadata GC Threshold) 531M->117M(1542M) 221.959ms
[7.621s][info ][gc,cpu         ] GC(4) User=0.70s Sys=0.04s Real=0.22s
[7.624s][info ][safepoint      ] Safepoint "CollectForMetadataAllocation", Time since last: 128566124 ns, Reaching safepoint: 3500 ns, Cleanup: 103700 ns, At safepoint: 224960441 ns, Total: 225067641 ns
[7.940s][info ][safepoint      ] Safepoint "ICBufferFull", Time since last: 316063842 ns, Reaching safepoint: 82700 ns, Cleanup: 158800 ns, At safepoint: 15300 ns, Total: 256800 ns
[8.114s][info ][safepoint      ] Safepoint "ICBufferFull", Time since last: 173551872 ns, Reaching safepoint: 153001 ns, Cleanup: 129700 ns, At safepoint: 10700 ns, Total: 293401 ns
[8.365s][info ][safepoint      ] Safepoint "ICBufferFull", Time since last: 250971427 ns, Reaching safepoint: 3900 ns, Cleanup: 140100 ns, At safepoint: 5800 ns, Total: 149800 ns
[8.476s][info ][safepoint      ] Safepoint "ICBufferFull", Time since last: 110773265 ns, Reaching safepoint: 65501 ns, Cleanup: 181900 ns, At safepoint: 5800 ns, Total: 253201 ns
[8.688s][info ][safepoint      ] Safepoint "ICBufferFull", Time since last: 211337896 ns, Reaching safepoint: 4800 ns, Cleanup: 205601 ns, At safepoint: 9400 ns, Total: 219801 ns
[9.464s][info ][safepoint      ] Safepoint "ICBufferFull", Time since last: 776483444 ns, Reaching safepoint: 3900 ns, Cleanup: 143301 ns, At safepoint: 1500 ns, Total: 148701 ns
[9.639s][info ][safepoint      ] Safepoint "ICBufferFull", Time since last: 174335694 ns, Reaching safepoint: 5600 ns, Cleanup: 151301 ns, At safepoint: 12300 ns, Total: 169201 ns
[9.975s][debug][gc,phases      ] GC(5) Pre Compact 0.021ms
[9.975s][info ][gc,start       ] GC(5) Pause Full (Ergonomics)
[9.975s][info ][gc,phases,start] GC(5) Marking Phase
[10.163s][debug][gc,phases      ] GC(5) Par Mark 187.555ms
[10.163s][debug][gc,ref         ] GC(5) Skipped phase 1 of Reference Processing: no references
[10.164s][debug][gc,ref         ] GC(5) ReferenceProcessor::execute queues: 4, RefProcThreadModel::Multi, marks_oops_alive: false
[10.164s][debug][gc,ref         ] GC(5) Skipped phase 3 of Reference Processing: no references
[10.165s][debug][gc,ref         ] GC(5) ReferenceProcessor::execute queues: 2, RefProcThreadModel::Multi, marks_oops_alive: false
[10.165s][debug][gc,phases      ] GC(5) Reference Processing 1.869ms
[10.165s][debug][gc,phases      ] GC(5)   VM Weak                        Min:  0.0, Avg:  0.0, Max:  0.0, Diff:  0.0, Sum:  0.0, Workers: 4
[10.165s][debug][gc,phases      ] GC(5)     Dead                           Min: 0, Avg:  0.0, Max: 0, Diff: 0, Sum: 0, Workers: 4
[10.165s][debug][gc,phases      ] GC(5)     Total                          Min: 0, Avg: 153.2, Max: 357, Diff: 357, Sum: 613, Workers: 4
[10.165s][debug][gc,phases      ] GC(5)   ObjectSynchronizer Weak        Min:  0.0, Avg:  0.0, Max:  0.0, Diff:  0.0, Sum:  0.0, Workers: 4
[10.165s][debug][gc,phases      ] GC(5)     Dead                           Min: 0, Avg:  1.2, Max: 5, Diff: 5, Sum: 5, Workers: 4
[10.165s][debug][gc,phases      ] GC(5)     Total                          Min: 0, Avg:  7.0, Max: 28, Diff: 28, Sum: 28, Workers: 4
[10.165s][debug][gc,phases      ] GC(5)   JVMTI Tag Weak OopStorage      Min:  0.0, Avg:  0.0, Max:  0.0, Diff:  0.0, Sum:  0.0, Workers: 4
[10.165s][debug][gc,phases      ] GC(5)     Dead                           Min: 0, Avg:  0.0, Max: 0, Diff: 0, Sum: 0, Workers: 4
[10.165s][debug][gc,phases      ] GC(5)     Total                          Min: 0, Avg:  0.0, Max: 0, Diff: 0, Sum: 0, Workers: 4
[10.165s][debug][gc,phases      ] GC(5)   StringTable Weak               Min:  0.0, Avg:  0.2, Max:  0.2, Diff:  0.2, Sum:  0.6, Workers: 4
[10.165s][debug][gc,phases      ] GC(5)     Dead                           Min: 0, Avg:  4.0, Max: 10, Diff: 10, Sum: 16, Workers: 4
[10.165s][debug][gc,phases      ] GC(5)     Total                          Min: 0, Avg: 9927.0, Max: 14272, Diff: 14272, Sum: 39708, Workers: 4
[10.165s][debug][gc,phases      ] GC(5)   ResolvedMethodTable Weak       Min:  0.0, Avg:  0.0, Max:  0.1, Diff:  0.1, Sum:  0.2, Workers: 4
[10.165s][debug][gc,phases      ] GC(5)     Dead                           Min: 0, Avg: 50.5, Max: 149, Diff: 149, Sum: 202, Workers: 4
[10.165s][debug][gc,phases      ] GC(5)     Total                          Min: 0, Avg: 2138.5, Max: 3136, Diff: 3136, Sum: 8554, Workers: 4
[10.165s][debug][gc,phases      ] GC(5)   JNI Weak                       Min:  0.0, Avg:  0.0, Max:  0.0, Diff:  0.0, Sum:  0.0, Workers: 4
[10.165s][debug][gc,phases      ] GC(5)     Dead                           Min: 0, Avg:  0.0, Max: 0, Diff: 0, Sum: 0, Workers: 4
[10.165s][debug][gc,phases      ] GC(5)     Total                          Min: 0, Avg: 15.5, Max: 48, Diff: 48, Sum: 62, Workers: 4
[10.165s][debug][gc,phases      ] GC(5)   StringDedup Table Weak         Min:  0.0, Avg:  0.0, Max:  0.0, Diff:  0.0, Sum:  0.0, Workers: 4
[10.165s][debug][gc,phases      ] GC(5)     Dead                           Min: 0, Avg:  0.0, Max: 0, Diff: 0, Sum: 0, Workers: 4
[10.165s][debug][gc,phases      ] GC(5)     Total                          Min: 0, Avg:  0.0, Max: 0, Diff: 0, Sum: 0, Workers: 4
[10.165s][debug][gc,phases      ] GC(5)   StringDedup Requests0 Weak     Min:  0.0, Avg:  0.0, Max:  0.0, Diff:  0.0, Sum:  0.0, Workers: 4
[10.165s][debug][gc,phases      ] GC(5)     Dead                           Min: 0, Avg:  0.0, Max: 0, Diff: 0, Sum: 0, Workers: 4
[10.165s][debug][gc,phases      ] GC(5)     Total                          Min: 0, Avg:  0.0, Max: 0, Diff: 0, Sum: 0, Workers: 4
[10.165s][debug][gc,phases      ] GC(5)   StringDedup Requests1 Weak     Min:  0.0, Avg:  0.0, Max:  0.0, Diff:  0.0, Sum:  0.0, Workers: 4
[10.165s][debug][gc,phases      ] GC(5)     Dead                           Min: 0, Avg:  0.0, Max: 0, Diff: 0, Sum: 0, Workers: 4
[10.165s][debug][gc,phases      ] GC(5)     Total                          Min: 0, Avg:  0.0, Max: 0, Diff: 0, Sum: 0, Workers: 4
[10.165s][debug][gc,phases      ] GC(5)   Weak JFR Old Object Samples    Min:  0.0, Avg:  0.0, Max:  0.0, Diff:  0.0, Sum:  0.0, Workers: 4
[10.165s][debug][gc,phases      ] GC(5)     Dead                           Min: 0, Avg:  0.0, Max: 0, Diff: 0, Sum: 0, Workers: 4
[10.165s][debug][gc,phases      ] GC(5)     Total                          Min: 0, Avg:  0.0, Max: 0, Diff: 0, Sum: 0, Workers: 4
[10.165s][debug][gc,phases      ] GC(5) Weak Processing 0.436ms
[10.165s][debug][gc,phases      ] GC(5) ClassLoaderData 0.085ms
[10.165s][debug][gc,phases      ] GC(5) Trigger cleanups 0.000ms
[10.174s][debug][gc,phases      ] GC(5) Class Unloading 9.098ms
[10.174s][debug][gc,phases      ] GC(5) Report Object Count 0.001ms
[10.174s][info ][gc,phases      ] GC(5) Marking Phase 199.138ms
[10.174s][info ][gc,phases,start] GC(5) Summary Phase
[10.174s][info ][gc,phases      ] GC(5) Summary Phase 0.026ms
[10.174s][info ][gc,phases,start] GC(5) Adjust Roots
[10.187s][info ][gc,phases      ] GC(5) Adjust Roots 12.936ms
[10.187s][info ][gc,phases,start] GC(5) Compaction Phase
[10.559s][info ][gc,phases      ] GC(5) Compaction Phase 371.346ms
[10.559s][info ][gc,phases,start] GC(5) Post Compact
[10.564s][info ][gc,phases      ] GC(5) Post Compact 4.827ms
[10.564s][info ][gc,heap        ] GC(5) PSYoungGen: 1048576K(1572864K)->297203K(1572864K) Eden: 1048576K(1048576K)->297203K(1048576K) From: 0K(524288K)->0K(524288K)
[10.564s][info ][gc,heap        ] GC(5) ParOldGen: 6028K(6144K)->5950K(18432K)
[10.564s][info ][gc,metaspace   ] GC(5) Metaspace: 71527K(72320K)->71527K(72320K) NonClass: 60658K(61056K)->60658K(61056K) Class: 10868K(11264K)->10868K(11264K)
[10.564s][info ][gc             ] GC(5) Pause Full (Ergonomics) 1029M->296M(1554M) 588.535ms
[10.564s][info ][gc,cpu         ] GC(5) User=1.97s Sys=0.03s Real=0.60s
[10.564s][info ][safepoint      ] Safepoint "ParallelGCFailedAllocation", Time since last: 336263296 ns, Reaching safepoint: 4300 ns, Cleanup: 82600 ns, At safepoint: 588645669 ns, Total: 588732569 ns
[11.025s][info ][safepoint      ] Safepoint "ICBufferFull", Time since last: 460943821 ns, Reaching safepoint: 4900 ns, Cleanup: 143101 ns, At safepoint: 10000 ns, Total: 158001 ns
[11.314s][info ][safepoint      ] Safepoint "ICBufferFull", Time since last: 289232947 ns, Reaching safepoint: 4600 ns, Cleanup: 155101 ns, At safepoint: 3700 ns, Total: 163401 ns
[11.909s][info ][gc,start       ] GC(6) Pause Young (Allocation Failure)
[12.261s][debug][gc,phases      ] GC(6) Scavenge 351.955ms
[12.261s][debug][gc,ref         ] GC(6) Skipped phase 1 of Reference Processing: no references
[12.261s][debug][gc,ref         ] GC(6) ReferenceProcessor::execute queues: 4, RefProcThreadModel::Multi, marks_oops_alive: false
[12.261s][debug][gc,ref         ] GC(6) Skipped phase 3 of Reference Processing: no references
[12.261s][debug][gc,ref         ] GC(6) ReferenceProcessor::execute queues: 1, RefProcThreadModel::Single, marks_oops_alive: false
[12.261s][debug][gc,phases      ] GC(6) Reference Processing 0.791ms
[12.262s][debug][gc,phases      ] GC(6)   VM Weak                        Min:  0.0, Avg:  0.0, Max:  0.0, Diff:  0.0, Sum:  0.0, Workers: 4
[12.262s][debug][gc,phases      ] GC(6)     Dead                           Min: 0, Avg:  0.0, Max: 0, Diff: 0, Sum: 0, Workers: 4
[12.262s][debug][gc,phases      ] GC(6)     Total                          Min: 54, Avg: 157.5, Max: 256, Diff: 202, Sum: 630, Workers: 4
[12.262s][debug][gc,phases      ] GC(6)   ObjectSynchronizer Weak        Min:  0.0, Avg:  0.0, Max:  0.0, Diff:  0.0, Sum:  0.0, Workers: 4
[12.262s][debug][gc,phases      ] GC(6)     Dead                           Min: 0, Avg:  0.0, Max: 0, Diff: 0, Sum: 0, Workers: 4
[12.262s][debug][gc,phases      ] GC(6)     Total                          Min: 0, Avg:  7.0, Max: 28, Diff: 28, Sum: 28, Workers: 4
[12.262s][debug][gc,phases      ] GC(6)   JVMTI Tag Weak OopStorage      Min:  0.0, Avg:  0.0, Max:  0.0, Diff:  0.0, Sum:  0.0, Workers: 4
[12.262s][debug][gc,phases      ] GC(6)     Dead                           Min: 0, Avg:  0.0, Max: 0, Diff: 0, Sum: 0, Workers: 4
[12.262s][debug][gc,phases      ] GC(6)     Total                          Min: 0, Avg:  0.0, Max: 0, Diff: 0, Sum: 0, Workers: 4
[12.262s][debug][gc,phases      ] GC(6)   StringTable Weak               Min:  0.3, Avg:  0.4, Max:  0.4, Diff:  0.0, Sum:  1.4, Workers: 4
[12.262s][debug][gc,phases      ] GC(6)     Dead                           Min: 0, Avg:  1.2, Max: 5, Diff: 5, Sum: 5, Workers: 4
[12.262s][debug][gc,phases      ] GC(6)     Total                          Min: 8256, Avg: 9994.0, Max: 11560, Diff: 3304, Sum: 39976, Workers: 4
[12.262s][debug][gc,phases      ] GC(6)   ResolvedMethodTable Weak       Min:  0.1, Avg:  0.1, Max:  0.1, Diff:  0.0, Sum:  0.4, Workers: 4
[12.262s][debug][gc,phases      ] GC(6)     Dead                           Min: 1, Avg:  8.8, Max: 26, Diff: 25, Sum: 35, Workers: 4
[12.262s][debug][gc,phases      ] GC(6)     Total                          Min: 1856, Avg: 2137.2, Max: 2304, Diff: 448, Sum: 8549, Workers: 4
[12.262s][debug][gc,phases      ] GC(6)   JNI Weak                       Min:  0.0, Avg:  0.0, Max:  0.0, Diff:  0.0, Sum:  0.0, Workers: 4
[12.262s][debug][gc,phases      ] GC(6)     Dead                           Min: 0, Avg:  0.0, Max: 0, Diff: 0, Sum: 0, Workers: 4
[12.262s][debug][gc,phases      ] GC(6)     Total                          Min: 0, Avg: 14.2, Max: 50, Diff: 50, Sum: 57, Workers: 4
[12.262s][debug][gc,phases      ] GC(6)   StringDedup Table Weak         Min:  0.0, Avg:  0.0, Max:  0.0, Diff:  0.0, Sum:  0.0, Workers: 4
[12.262s][debug][gc,phases      ] GC(6)     Dead                           Min: 0, Avg:  0.0, Max: 0, Diff: 0, Sum: 0, Workers: 4
[12.262s][debug][gc,phases      ] GC(6)     Total                          Min: 0, Avg:  0.0, Max: 0, Diff: 0, Sum: 0, Workers: 4
[12.262s][debug][gc,phases      ] GC(6)   StringDedup Requests0 Weak     Min:  0.0, Avg:  0.0, Max:  0.0, Diff:  0.0, Sum:  0.0, Workers: 4
[12.262s][debug][gc,phases      ] GC(6)     Dead                           Min: 0, Avg:  0.0, Max: 0, Diff: 0, Sum: 0, Workers: 4
[12.262s][debug][gc,phases      ] GC(6)     Total                          Min: 0, Avg:  0.0, Max: 0, Diff: 0, Sum: 0, Workers: 4
[12.262s][debug][gc,phases      ] GC(6)   StringDedup Requests1 Weak     Min:  0.0, Avg:  0.0, Max:  0.0, Diff:  0.0, Sum:  0.0, Workers: 4
[12.262s][debug][gc,phases      ] GC(6)     Dead                           Min: 0, Avg:  0.0, Max: 0, Diff: 0, Sum: 0, Workers: 4
[12.262s][debug][gc,phases      ] GC(6)     Total                          Min: 0, Avg:  0.0, Max: 0, Diff: 0, Sum: 0, Workers: 4
[12.262s][debug][gc,phases      ] GC(6)   Weak JFR Old Object Samples    Min:  0.0, Avg:  0.0, Max:  0.0, Diff:  0.0, Sum:  0.0, Workers: 4
[12.262s][debug][gc,phases      ] GC(6)     Dead                           Min: 0, Avg:  0.0, Max: 0, Diff: 0, Sum: 0, Workers: 4
[12.262s][debug][gc,phases      ] GC(6)     Total                          Min: 0, Avg:  0.0, Max: 0, Diff: 0, Sum: 0, Workers: 4
[12.262s][debug][gc,phases      ] GC(6) Weak Processing 0.612ms
[12.262s][debug][gc,age         ] GC(6) Desired survivor size 536870912 bytes, new threshold 7 (max threshold 15)
[12.262s][info ][gc,heap        ] GC(6) PSYoungGen: 1048576K(1572864K)->511288K(1572864K) Eden: 1048576K(1048576K)->0K(1048576K) From: 0K(524288K)->511288K(524288K)
[12.262s][info ][gc,heap        ] GC(6) ParOldGen: 5950K(18432K)->6004K(18432K)
[12.262s][info ][gc,metaspace   ] GC(6) Metaspace: 72516K(73344K)->72516K(73344K) NonClass: 61529K(61952K)->61529K(61952K) Class: 10987K(11392K)->10987K(11392K)
[12.262s][info ][gc             ] GC(6) Pause Young (Allocation Failure) 1029M->505M(1554M) 353.497ms
[12.262s][info ][gc,cpu         ] GC(6) User=0.91s Sys=0.30s Real=0.35s
[12.262s][info ][safepoint      ] Safepoint "ParallelGCFailedAllocation", Time since last: 593920008 ns, Reaching safepoint: 36400 ns, Cleanup: 144001 ns, At safepoint: 353586924 ns, Total: 353767325 ns
[12.697s][info ][safepoint      ] Safepoint "ICBufferFull", Time since last: 434418324 ns, Reaching safepoint: 74401 ns, Cleanup: 129101 ns, At safepoint: 7600 ns, Total: 211102 ns
[13.020s][info ][safepoint      ] Safepoint "ICBufferFull", Time since last: 322796996 ns, Reaching safepoint: 79000 ns, Cleanup: 171102 ns, At safepoint: 11100 ns, Total: 261202 ns
[13.431s][info ][safepoint      ] Safepoint "ICBufferFull", Time since last: 410708448 ns, Reaching safepoint: 3900 ns, Cleanup: 153801 ns, At safepoint: 5900 ns, Total: 163601 ns
[13.449s][info ][safepoint      ] Safepoint "ICBufferFull", Time since last: 17845132 ns, Reaching safepoint: 79001 ns, Cleanup: 169101 ns, At safepoint: 12500 ns, Total: 260602 ns
[13.540s][info ][safepoint      ] Safepoint "ICBufferFull", Time since last: 91090776 ns, Reaching safepoint: 5300 ns, Cleanup: 168602 ns, At safepoint: 2700 ns, Total: 176602 ns
[13.699s][info ][safepoint      ] Safepoint "ICBufferFull", Time since last: 158854179 ns, Reaching safepoint: 5000 ns, Cleanup: 174201 ns, At safepoint: 7200 ns, Total: 186401 ns
[14.185s][info ][safepoint      ] Safepoint "ICBufferFull", Time since last: 485377502 ns, Reaching safepoint: 78401 ns, Cleanup: 151801 ns, At safepoint: 10200 ns, Total: 240402 ns
[14.822s][info ][safepoint      ] Safepoint "ICBufferFull", Time since last: 637275830 ns, Reaching safepoint: 4900 ns, Cleanup: 136801 ns, At safepoint: 4700 ns, Total: 146401 ns
[15.822s][info ][safepoint      ] Safepoint "Cleanup", Time since last: 1000114922 ns, Reaching safepoint: 4200 ns, Cleanup: 113801 ns, At safepoint: 6400 ns, Total: 124401 ns
[16.822s][info ][safepoint      ] Safepoint "Cleanup", Time since last: 1000108423 ns, Reaching safepoint: 3600 ns, Cleanup: 44100 ns, At safepoint: 14200 ns, Total: 61900 ns
[17.566s][info ][safepoint      ] Safepoint "ICBufferFull", Time since last: 743332583 ns, Reaching safepoint: 155405 ns, Cleanup: 205207 ns, At safepoint: 5500 ns, Total: 366112 ns
[17.816s][info ][safepoint      ] Safepoint "ICBufferFull", Time since last: 249980537 ns, Reaching safepoint: 45601 ns, Cleanup: 186606 ns, At safepoint: 13701 ns, Total: 245908 ns
[18.028s][info ][safepoint      ] Safepoint "ICBufferFull", Time since last: 211095771 ns, Reaching safepoint: 63302 ns, Cleanup: 150005 ns, At safepoint: 12300 ns, Total: 225607 ns
[18.148s][info ][safepoint      ] Safepoint "ICBufferFull", Time since last: 119532591 ns, Reaching safepoint: 141805 ns, Cleanup: 178106 ns, At safepoint: 11300 ns, Total: 331211 ns
[18.318s][info ][safepoint      ] Safepoint "ICBufferFull", Time since last: 170282243 ns, Reaching safepoint: 47101 ns, Cleanup: 142005 ns, At safepoint: 10000 ns, Total: 199106 ns
[18.559s][info ][safepoint      ] Safepoint "ICBufferFull", Time since last: 241166350 ns, Reaching safepoint: 4800 ns, Cleanup: 154805 ns, At safepoint: 2400 ns, Total: 162005 ns
[18.768s][info ][safepoint      ] Safepoint "ICBufferFull", Time since last: 208898600 ns, Reaching safepoint: 5400 ns, Cleanup: 139805 ns, At safepoint: 9200 ns, Total: 154405 ns
[19.189s][info ][gc,start       ] GC(7) Pause Young (Allocation Failure)
[19.302s][debug][gc,phases      ] GC(7) Scavenge 113.110ms
[19.302s][debug][gc,ref         ] GC(7) Skipped phase 1 of Reference Processing: no references
[19.302s][debug][gc,ref         ] GC(7) ReferenceProcessor::execute queues: 4, RefProcThreadModel::Multi, marks_oops_alive: false
[19.303s][debug][gc,ref         ] GC(7) ReferenceProcessor::execute queues: 4, RefProcThreadModel::Multi, marks_oops_alive: true
[19.303s][debug][gc,ref         ] GC(7) ReferenceProcessor::execute queues: 1, RefProcThreadModel::Single, marks_oops_alive: false
[19.303s][debug][gc,phases      ] GC(7) Reference Processing 1.016ms
[19.304s][debug][gc,phases      ] GC(7)   VM Weak                        Min:  0.0, Avg:  0.0, Max:  0.0, Diff:  0.0, Sum:  0.0, Workers: 4
[19.304s][debug][gc,phases      ] GC(7)     Dead                           Min: 0, Avg:  0.0, Max: 0, Diff: 0, Sum: 0, Workers: 4
[19.304s][debug][gc,phases      ] GC(7)     Total                          Min: 0, Avg: 177.5, Max: 384, Diff: 384, Sum: 710, Workers: 4
[19.304s][debug][gc,phases      ] GC(7)   ObjectSynchronizer Weak        Min:  0.0, Avg:  0.0, Max:  0.0, Diff:  0.0, Sum:  0.0, Workers: 4
[19.304s][debug][gc,phases      ] GC(7)     Dead                           Min: 0, Avg:  0.2, Max: 1, Diff: 1, Sum: 1, Workers: 4
[19.304s][debug][gc,phases      ] GC(7)     Total                          Min: 0, Avg:  7.5, Max: 30, Diff: 30, Sum: 30, Workers: 4
[19.304s][debug][gc,phases      ] GC(7)   JVMTI Tag Weak OopStorage      Min:  0.0, Avg:  0.0, Max:  0.0, Diff:  0.0, Sum:  0.0, Workers: 4
[19.304s][debug][gc,phases      ] GC(7)     Dead                           Min: 0, Avg:  0.0, Max: 0, Diff: 0, Sum: 0, Workers: 4
[19.304s][debug][gc,phases      ] GC(7)     Total                          Min: 0, Avg:  0.0, Max: 0, Diff: 0, Sum: 0, Workers: 4
[19.304s][debug][gc,phases      ] GC(7)   StringTable Weak               Min:  0.0, Avg:  0.3, Max:  0.4, Diff:  0.4, Sum:  1.2, Workers: 4
[19.304s][debug][gc,phases      ] GC(7)     Dead                           Min: 0, Avg:  3.0, Max: 7, Diff: 7, Sum: 12, Workers: 4
[19.304s][debug][gc,phases      ] GC(7)     Total                          Min: 0, Avg: 10537.5, Max: 17216, Diff: 17216, Sum: 42150, Workers: 4
[19.304s][debug][gc,phases      ] GC(7)   ResolvedMethodTable Weak       Min:  0.0, Avg:  0.1, Max:  0.1, Diff:  0.1, Sum:  0.3, Workers: 4
[19.304s][debug][gc,phases      ] GC(7)     Dead                           Min: 0, Avg: 46.2, Max: 92, Diff: 92, Sum: 185, Workers: 4
[19.304s][debug][gc,phases      ] GC(7)     Total                          Min: 0, Avg: 2454.0, Max: 4096, Diff: 4096, Sum: 9816, Workers: 4
[19.304s][debug][gc,phases      ] GC(7)   JNI Weak                       Min:  0.0, Avg:  0.0, Max:  0.0, Diff:  0.0, Sum:  0.0, Workers: 4
[19.304s][debug][gc,phases      ] GC(7)     Dead                           Min: 0, Avg:  0.0, Max: 0, Diff: 0, Sum: 0, Workers: 4
[19.304s][debug][gc,phases      ] GC(7)     Total                          Min: 0, Avg: 33.0, Max: 88, Diff: 88, Sum: 132, Workers: 4
[19.304s][debug][gc,phases      ] GC(7)   StringDedup Table Weak         Min:  0.0, Avg:  0.0, Max:  0.0, Diff:  0.0, Sum:  0.0, Workers: 4
[19.304s][debug][gc,phases      ] GC(7)     Dead                           Min: 0, Avg:  0.0, Max: 0, Diff: 0, Sum: 0, Workers: 4
[19.304s][debug][gc,phases      ] GC(7)     Total                          Min: 0, Avg:  0.0, Max: 0, Diff: 0, Sum: 0, Workers: 4
[19.304s][debug][gc,phases      ] GC(7)   StringDedup Requests0 Weak     Min:  0.0, Avg:  0.0, Max:  0.0, Diff:  0.0, Sum:  0.0, Workers: 4
[19.304s][debug][gc,phases      ] GC(7)     Dead                           Min: 0, Avg:  0.0, Max: 0, Diff: 0, Sum: 0, Workers: 4
[19.304s][debug][gc,phases      ] GC(7)     Total                          Min: 0, Avg:  0.0, Max: 0, Diff: 0, Sum: 0, Workers: 4
[19.304s][debug][gc,phases      ] GC(7)   StringDedup Requests1 Weak     Min:  0.0, Avg:  0.0, Max:  0.0, Diff:  0.0, Sum:  0.0, Workers: 4
[19.304s][debug][gc,phases      ] GC(7)     Dead                           Min: 0, Avg:  0.0, Max: 0, Diff: 0, Sum: 0, Workers: 4
[19.304s][debug][gc,phases      ] GC(7)     Total                          Min: 0, Avg:  0.0, Max: 0, Diff: 0, Sum: 0, Workers: 4
[19.304s][debug][gc,phases      ] GC(7)   Weak JFR Old Object Samples    Min:  0.0, Avg:  0.0, Max:  0.0, Diff:  0.0, Sum:  0.0, Workers: 4
[19.304s][debug][gc,phases      ] GC(7)     Dead                           Min: 0, Avg:  0.0, Max: 0, Diff: 0, Sum: 0, Workers: 4
[19.304s][debug][gc,phases      ] GC(7)     Total                          Min: 0, Avg:  0.0, Max: 0, Diff: 0, Sum: 0, Workers: 4
[19.304s][debug][gc,phases      ] GC(7) Weak Processing 0.686ms
[19.304s][debug][gc,age         ] GC(7) Desired survivor size 536870912 bytes, new threshold 7 (max threshold 15)
[19.304s][info ][gc,heap        ] GC(7) PSYoungGen: 1559864K(1572864K)->243305K(1572864K) Eden: 1048576K(1048576K)->0K(1048576K) From: 511288K(524288K)->243305K(524288K)
[19.304s][info ][gc,heap        ] GC(7) ParOldGen: 6004K(18432K)->6028K(18432K)
[19.304s][info ][gc,metaspace   ] GC(7) Metaspace: 80258K(81216K)->80258K(81216K) NonClass: 68181K(68672K)->68181K(68672K) Class: 12076K(12544K)->12076K(12544K)
[19.304s][info ][gc             ] GC(7) Pause Young (Allocation Failure) 1529M->243M(1554M) 114.955ms
[19.304s][info ][gc,cpu         ] GC(7) User=0.32s Sys=0.06s Real=0.12s
[19.305s][info ][safepoint      ] Safepoint "ParallelGCFailedAllocation", Time since last: 419951070 ns, Reaching safepoint: 250008 ns, Cleanup: 157805 ns, At safepoint: 115978175 ns, Total: 116385988 ns
[19.622s][info ][safepoint      ] Safepoint "ICBufferFull", Time since last: 317017319 ns, Reaching safepoint: 6700 ns, Cleanup: 218907 ns, At safepoint: 8401 ns, Total: 234008 ns
[20.266s][info ][safepoint      ] Safepoint "ICBufferFull", Time since last: 643268464 ns, Reaching safepoint: 5600 ns, Cleanup: 183900 ns, At safepoint: 6000 ns, Total: 195500 ns
[20.748s][info ][safepoint      ] Safepoint "ICBufferFull", Time since last: 482120527 ns, Reaching safepoint: 83100 ns, Cleanup: 140801 ns, At safepoint: 6000 ns, Total: 229901 ns
[21.748s][info ][safepoint      ] Safepoint "Cleanup", Time since last: 1000142574 ns, Reaching safepoint: 15400 ns, Cleanup: 112700 ns, At safepoint: 7100 ns, Total: 135200 ns
[22.748s][info ][safepoint      ] Safepoint "Cleanup", Time since last: 1000123075 ns, Reaching safepoint: 8000 ns, Cleanup: 102800 ns, At safepoint: 6300 ns, Total: 117100 ns
[23.749s][info ][safepoint      ] Safepoint "Cleanup", Time since last: 1000114874 ns, Reaching safepoint: 6700 ns, Cleanup: 165301 ns, At safepoint: 6800 ns, Total: 178801 ns
[24.749s][info ][safepoint      ] Safepoint "Cleanup", Time since last: 1000129474 ns, Reaching safepoint: 8100 ns, Cleanup: 119000 ns, At safepoint: 9700 ns, Total: 136800 ns
[25.566s][info ][safepoint      ] Safepoint "ICBufferFull", Time since last: 817195457 ns, Reaching safepoint: 5100 ns, Cleanup: 189706 ns, At safepoint: 4400 ns, Total: 199206 ns
[26.567s][info ][safepoint      ] Safepoint "Cleanup", Time since last: 1000117270 ns, Reaching safepoint: 77503 ns, Cleanup: 58002 ns, At safepoint: 9800 ns, Total: 145305 ns
[27.567s][info ][safepoint      ] Safepoint "Cleanup", Time since last: 1000117270 ns, Reaching safepoint: 75903 ns, Cleanup: 102603 ns, At safepoint: 7700 ns, Total: 186206 ns
[27.869s][info ][gc,start       ] GC(8) Pause Young (Allocation Failure)
[27.956s][debug][gc,phases      ] GC(8) Scavenge 87.453ms
[27.956s][debug][gc,ref         ] GC(8) Skipped phase 1 of Reference Processing: no references
[27.956s][debug][gc,ref         ] GC(8) ReferenceProcessor::execute queues: 4, RefProcThreadModel::Multi, marks_oops_alive: false
[27.957s][debug][gc,ref         ] GC(8) ReferenceProcessor::execute queues: 4, RefProcThreadModel::Multi, marks_oops_alive: true
[27.957s][debug][gc,ref         ] GC(8) ReferenceProcessor::execute queues: 1, RefProcThreadModel::Single, marks_oops_alive: false
[27.957s][debug][gc,phases      ] GC(8) Reference Processing 0.938ms
[27.958s][debug][gc,phases      ] GC(8)   VM Weak                        Min:  0.0, Avg:  0.0, Max:  0.0, Diff:  0.0, Sum:  0.0, Workers: 4
[27.958s][debug][gc,phases      ] GC(8)     Dead                           Min: 0, Avg:  0.0, Max: 0, Diff: 0, Sum: 0, Workers: 4
[27.958s][debug][gc,phases      ] GC(8)     Total                          Min: 0, Avg: 178.8, Max: 448, Diff: 448, Sum: 715, Workers: 4
[27.958s][debug][gc,phases      ] GC(8)   ObjectSynchronizer Weak        Min:  0.0, Avg:  0.0, Max:  0.0, Diff:  0.0, Sum:  0.0, Workers: 4
[27.958s][debug][gc,phases      ] GC(8)     Dead                           Min: 0, Avg:  0.0, Max: 0, Diff: 0, Sum: 0, Workers: 4
[27.958s][debug][gc,phases      ] GC(8)     Total                          Min: 0, Avg:  7.8, Max: 31, Diff: 31, Sum: 31, Workers: 4
[27.958s][debug][gc,phases      ] GC(8)   JVMTI Tag Weak OopStorage      Min:  0.0, Avg:  0.0, Max:  0.0, Diff:  0.0, Sum:  0.0, Workers: 4
[27.958s][debug][gc,phases      ] GC(8)     Dead                           Min: 0, Avg:  0.0, Max: 0, Diff: 0, Sum: 0, Workers: 4
[27.958s][debug][gc,phases      ] GC(8)     Total                          Min: 0, Avg:  0.0, Max: 0, Diff: 0, Sum: 0, Workers: 4
[27.958s][debug][gc,phases      ] GC(8)   StringTable Weak               Min:  0.0, Avg:  0.3, Max:  0.4, Diff:  0.4, Sum:  1.2, Workers: 4
[27.958s][debug][gc,phases      ] GC(8)     Dead                           Min: 0, Avg:  1.2, Max: 5, Diff: 5, Sum: 5, Workers: 4
[27.958s][debug][gc,phases      ] GC(8)     Total                          Min: 0, Avg: 10618.8, Max: 17344, Diff: 17344, Sum: 42475, Workers: 4
[27.958s][debug][gc,phases      ] GC(8)   ResolvedMethodTable Weak       Min:  0.0, Avg:  0.1, Max:  0.1, Diff:  0.1, Sum:  0.3, Workers: 4
[27.958s][debug][gc,phases      ] GC(8)     Dead                           Min: 0, Avg:  5.0, Max: 11, Diff: 11, Sum: 20, Workers: 4
[27.958s][debug][gc,phases      ] GC(8)     Total                          Min: 0, Avg: 2481.8, Max: 4416, Diff: 4416, Sum: 9927, Workers: 4
[27.958s][debug][gc,phases      ] GC(8)   JNI Weak                       Min:  0.0, Avg:  0.0, Max:  0.0, Diff:  0.0, Sum:  0.0, Workers: 4
[27.958s][debug][gc,phases      ] GC(8)     Dead                           Min: 0, Avg:  0.0, Max: 0, Diff: 0, Sum: 0, Workers: 4
[27.958s][debug][gc,phases      ] GC(8)     Total                          Min: 0, Avg: 11.2, Max: 45, Diff: 45, Sum: 45, Workers: 4
[27.958s][debug][gc,phases      ] GC(8)   StringDedup Table Weak         Min:  0.0, Avg:  0.0, Max:  0.0, Diff:  0.0, Sum:  0.0, Workers: 4
[27.958s][debug][gc,phases      ] GC(8)     Dead                           Min: 0, Avg:  0.0, Max: 0, Diff: 0, Sum: 0, Workers: 4
[27.958s][debug][gc,phases      ] GC(8)     Total                          Min: 0, Avg:  0.0, Max: 0, Diff: 0, Sum: 0, Workers: 4
[27.958s][debug][gc,phases      ] GC(8)   StringDedup Requests0 Weak     Min:  0.0, Avg:  0.0, Max:  0.0, Diff:  0.0, Sum:  0.0, Workers: 4
[27.958s][debug][gc,phases      ] GC(8)     Dead                           Min: 0, Avg:  0.0, Max: 0, Diff: 0, Sum: 0, Workers: 4
[27.958s][debug][gc,phases      ] GC(8)     Total                          Min: 0, Avg:  0.0, Max: 0, Diff: 0, Sum: 0, Workers: 4
[27.958s][debug][gc,phases      ] GC(8)   StringDedup Requests1 Weak     Min:  0.0, Avg:  0.0, Max:  0.0, Diff:  0.0, Sum:  0.0, Workers: 4
[27.958s][debug][gc,phases      ] GC(8)     Dead                           Min: 0, Avg:  0.0, Max: 0, Diff: 0, Sum: 0, Workers: 4
[27.958s][debug][gc,phases      ] GC(8)     Total                          Min: 0, Avg:  0.0, Max: 0, Diff: 0, Sum: 0, Workers: 4
[27.958s][debug][gc,phases      ] GC(8)   Weak JFR Old Object Samples    Min:  0.0, Avg:  0.0, Max:  0.0, Diff:  0.0, Sum:  0.0, Workers: 4
[27.958s][debug][gc,phases      ] GC(8)     Dead                           Min: 0, Avg:  0.0, Max: 0, Diff: 0, Sum: 0, Workers: 4
[27.958s][debug][gc,phases      ] GC(8)     Total                          Min: 0, Avg:  0.0, Max: 0, Diff: 0, Sum: 0, Workers: 4
[27.958s][debug][gc,phases      ] GC(8) Weak Processing 0.706ms
[27.958s][debug][gc,age         ] GC(8) Desired survivor size 457703424 bytes, new threshold 8 (max threshold 15)
[27.958s][info ][gc,heap        ] GC(8) PSYoungGen: 1291881K(1572864K)->243419K(1650176K) Eden: 1048576K(1048576K)->0K(1125888K) From: 243305K(524288K)->243419K(524288K)
[27.958s][info ][gc,heap        ] GC(8) ParOldGen: 6028K(18432K)->6036K(18432K)
[27.958s][info ][gc,metaspace   ] GC(8) Metaspace: 81142K(82048K)->81142K(82048K) NonClass: 69007K(69504K)->69007K(69504K) Class: 12134K(12544K)->12134K(12544K)
[27.958s][info ][gc             ] GC(8) Pause Young (Allocation Failure) 1267M->243M(1629M) 89.226ms
[27.958s][info ][gc,cpu         ] GC(8) User=0.30s Sys=0.00s Real=0.09s
[27.958s][info ][safepoint      ] Safepoint "ParallelGCFailedAllocation", Time since last: 301789138 ns, Reaching safepoint: 4700 ns, Cleanup: 28901 ns, At safepoint: 89296881 ns, Total: 89330482 ns
[28.958s][info ][safepoint      ] Safepoint "Cleanup", Time since last: 1000090267 ns, Reaching safepoint: 5700 ns, Cleanup: 74201 ns, At safepoint: 1900 ns, Total: 81801 ns
[29.958s][info ][safepoint      ] Safepoint "Cleanup", Time since last: 1000085035 ns, Reaching safepoint: 6900 ns, Cleanup: 70100 ns, At safepoint: 2300 ns, Total: 79300 ns
[30.959s][info ][safepoint      ] Safepoint "Cleanup", Time since last: 1000105036 ns, Reaching safepoint: 6900 ns, Cleanup: 67700 ns, At safepoint: 10300 ns, Total: 84900 ns
[31.959s][info ][safepoint      ] Safepoint "Cleanup", Time since last: 1000135036 ns, Reaching safepoint: 7300 ns, Cleanup: 41400 ns, At safepoint: 2200 ns, Total: 50900 ns
[33.275s][info ][safepoint      ] Safepoint "Cleanup", Time since last: 1316201238 ns, Reaching safepoint: 2600 ns, Cleanup: 123505 ns, At safepoint: 8000 ns, Total: 134105 ns
[34.370s][info ][safepoint      ] Safepoint "Cleanup", Time since last: 1094758602 ns, Reaching safepoint: 73803 ns, Cleanup: 63403 ns, At safepoint: 5000 ns, Total: 142206 ns
[35.370s][info ][safepoint      ] Safepoint "Cleanup", Time since last: 1000121340 ns, Reaching safepoint: 77401 ns, Cleanup: 25000 ns, At safepoint: 5200 ns, Total: 107601 ns
[36.370s][info ][safepoint      ] Safepoint "Cleanup", Time since last: 1000131144 ns, Reaching safepoint: 67901 ns, Cleanup: 28300 ns, At safepoint: 7000 ns, Total: 103201 ns
[37.371s][info ][safepoint      ] Safepoint "Cleanup", Time since last: 1000118544 ns, Reaching safepoint: 73101 ns, Cleanup: 35300 ns, At safepoint: 6000 ns, Total: 114401 ns
[38.371s][info ][safepoint      ] Safepoint "Cleanup", Time since last: 1000100144 ns, Reaching safepoint: 73100 ns, Cleanup: 10300 ns, At safepoint: 5400 ns, Total: 88800 ns
[39.266s][info ][gc,start       ] GC(9) Pause Young (Allocation Failure)
[39.361s][debug][gc,phases      ] GC(9) Scavenge 94.994ms
[39.361s][debug][gc,ref         ] GC(9) Skipped phase 1 of Reference Processing: no references
[39.362s][debug][gc,ref         ] GC(9) ReferenceProcessor::execute queues: 4, RefProcThreadModel::Multi, marks_oops_alive: false
[39.362s][debug][gc,ref         ] GC(9) Skipped phase 3 of Reference Processing: no references
[39.362s][debug][gc,ref         ] GC(9) ReferenceProcessor::execute queues: 1, RefProcThreadModel::Single, marks_oops_alive: false
[39.362s][debug][gc,phases      ] GC(9) Reference Processing 1.068ms
[39.363s][debug][gc,phases      ] GC(9)   VM Weak                        Min:  0.0, Avg:  0.0, Max:  0.0, Diff:  0.0, Sum:  0.0, Workers: 4
[39.363s][debug][gc,phases      ] GC(9)     Dead                           Min: 0, Avg:  0.0, Max: 0, Diff: 0, Sum: 0, Workers: 4
[39.363s][debug][gc,phases      ] GC(9)     Total                          Min: 75, Avg: 178.8, Max: 320, Diff: 245, Sum: 715, Workers: 4
[39.363s][debug][gc,phases      ] GC(9)   ObjectSynchronizer Weak        Min:  0.0, Avg:  0.0, Max:  0.0, Diff:  0.0, Sum:  0.0, Workers: 4
[39.363s][debug][gc,phases      ] GC(9)     Dead                           Min: 0, Avg:  0.0, Max: 0, Diff: 0, Sum: 0, Workers: 4
[39.363s][debug][gc,phases      ] GC(9)     Total                          Min: 0, Avg:  7.8, Max: 31, Diff: 31, Sum: 31, Workers: 4
[39.363s][debug][gc,phases      ] GC(9)   JVMTI Tag Weak OopStorage      Min:  0.0, Avg:  0.0, Max:  0.0, Diff:  0.0, Sum:  0.0, Workers: 4
[39.363s][debug][gc,phases      ] GC(9)     Dead                           Min: 0, Avg:  0.0, Max: 0, Diff: 0, Sum: 0, Workers: 4
[39.363s][debug][gc,phases      ] GC(9)     Total                          Min: 0, Avg:  0.0, Max: 0, Diff: 0, Sum: 0, Workers: 4
[39.363s][debug][gc,phases      ] GC(9)   StringTable Weak               Min:  0.4, Avg:  0.4, Max:  0.4, Diff:  0.0, Sum:  1.8, Workers: 4
[39.363s][debug][gc,phases      ] GC(9)     Dead                           Min: 0, Avg:  0.0, Max: 0, Diff: 0, Sum: 0, Workers: 4
[39.363s][debug][gc,phases      ] GC(9)     Total                          Min: 9344, Avg: 10674.2, Max: 12096, Diff: 2752, Sum: 42697, Workers: 4
[39.363s][debug][gc,phases      ] GC(9)   ResolvedMethodTable Weak       Min:  0.1, Avg:  0.1, Max:  0.1, Diff:  0.0, Sum:  0.4, Workers: 4
[39.363s][debug][gc,phases      ] GC(9)     Dead                           Min: 0, Avg:  0.0, Max: 0, Diff: 0, Sum: 0, Workers: 4
[39.363s][debug][gc,phases      ] GC(9)     Total                          Min: 1984, Avg: 2481.8, Max: 2752, Diff: 768, Sum: 9927, Workers: 4
[39.363s][debug][gc,phases      ] GC(9)   JNI Weak                       Min:  0.0, Avg:  0.0, Max:  0.0, Diff:  0.0, Sum:  0.0, Workers: 4
[39.363s][debug][gc,phases      ] GC(9)     Dead                           Min: 0, Avg:  0.0, Max: 0, Diff: 0, Sum: 0, Workers: 4
[39.363s][debug][gc,phases      ] GC(9)     Total                          Min: 0, Avg: 11.2, Max: 45, Diff: 45, Sum: 45, Workers: 4
[39.363s][debug][gc,phases      ] GC(9)   StringDedup Table Weak         Min:  0.0, Avg:  0.0, Max:  0.0, Diff:  0.0, Sum:  0.0, Workers: 4
[39.363s][debug][gc,phases      ] GC(9)     Dead                           Min: 0, Avg:  0.0, Max: 0, Diff: 0, Sum: 0, Workers: 4
[39.363s][debug][gc,phases      ] GC(9)     Total                          Min: 0, Avg:  0.0, Max: 0, Diff: 0, Sum: 0, Workers: 4
[39.363s][debug][gc,phases      ] GC(9)   StringDedup Requests0 Weak     Min:  0.0, Avg:  0.0, Max:  0.0, Diff:  0.0, Sum:  0.0, Workers: 4
[39.363s][debug][gc,phases      ] GC(9)     Dead                           Min: 0, Avg:  0.0, Max: 0, Diff: 0, Sum: 0, Workers: 4
[39.363s][debug][gc,phases      ] GC(9)     Total                          Min: 0, Avg:  0.0, Max: 0, Diff: 0, Sum: 0, Workers: 4
[39.363s][debug][gc,phases      ] GC(9)   StringDedup Requests1 Weak     Min:  0.0, Avg:  0.0, Max:  0.0, Diff:  0.0, Sum:  0.0, Workers: 4
[39.363s][debug][gc,phases      ] GC(9)     Dead                           Min: 0, Avg:  0.0, Max: 0, Diff: 0, Sum: 0, Workers: 4
[39.363s][debug][gc,phases      ] GC(9)     Total                          Min: 0, Avg:  0.0, Max: 0, Diff: 0, Sum: 0, Workers: 4
[39.363s][debug][gc,phases      ] GC(9)   Weak JFR Old Object Samples    Min:  0.0, Avg:  0.0, Max:  0.0, Diff:  0.0, Sum:  0.0, Workers: 4
[39.363s][debug][gc,phases      ] GC(9)     Dead                           Min: 0, Avg:  0.0, Max: 0, Diff: 0, Sum: 0, Workers: 4
[39.363s][debug][gc,phases      ] GC(9)     Total                          Min: 0, Avg:  0.0, Max: 0, Diff: 0, Sum: 0, Workers: 4
[39.363s][debug][gc,phases      ] GC(9) Weak Processing 0.737ms
[39.363s][debug][gc,age         ] GC(9) Desired survivor size 432537600 bytes, new threshold 9 (max threshold 15)
[39.363s][info ][gc,heap        ] GC(9) PSYoungGen: 1369307K(1650176K)->243308K(1572864K) Eden: 1125888K(1125888K)->0K(1125888K) From: 243419K(524288K)->243308K(446976K)
[39.363s][info ][gc,heap        ] GC(9) ParOldGen: 6036K(18432K)->6044K(18432K)
[39.363s][info ][gc,metaspace   ] GC(9) Metaspace: 81417K(82304K)->81417K(82304K) NonClass: 69281K(69760K)->69281K(69760K) Class: 12135K(12544K)->12135K(12544K)
[39.363s][info ][gc             ] GC(9) Pause Young (Allocation Failure) 1343M->243M(1554M) 96.949ms
[39.363s][info ][gc,cpu         ] GC(9) User=0.27s Sys=0.07s Real=0.09s
[39.363s][info ][safepoint      ] Safepoint "ParallelGCFailedAllocation", Time since last: 895304007 ns, Reaching safepoint: 6900 ns, Cleanup: 20200 ns, At safepoint: 97039868 ns, Total: 97066968 ns
[40.363s][info ][safepoint      ] Safepoint "Cleanup", Time since last: 1000087643 ns, Reaching safepoint: 6500 ns, Cleanup: 13200 ns, At safepoint: 2500 ns, Total: 22200 ns
[41.364s][info ][safepoint      ] Safepoint "Cleanup", Time since last: 1000116459 ns, Reaching safepoint: 10300 ns, Cleanup: 52701 ns, At safepoint: 5400 ns, Total: 68401 ns
[42.364s][info ][safepoint      ] Safepoint "Cleanup", Time since last: 1000118483 ns, Reaching safepoint: 7300 ns, Cleanup: 18600 ns, At safepoint: 2100 ns, Total: 28000 ns
[43.364s][info ][safepoint      ] Safepoint "Cleanup", Time since last: 1000072983 ns, Reaching safepoint: 6400 ns, Cleanup: 27201 ns, At safepoint: 3300 ns, Total: 36901 ns
[44.364s][info ][safepoint      ] Safepoint "Cleanup", Time since last: 1000126183 ns, Reaching safepoint: 7200 ns, Cleanup: 55601 ns, At safepoint: 2500 ns, Total: 65301 ns
[45.364s][info ][safepoint      ] Safepoint "Cleanup", Time since last: 1000112783 ns, Reaching safepoint: 7500 ns, Cleanup: 14700 ns, At safepoint: 2000 ns, Total: 24200 ns
[46.364s][info ][safepoint      ] Safepoint "Cleanup", Time since last: 1000134584 ns, Reaching safepoint: 78601 ns, Cleanup: 11700 ns, At safepoint: 7700 ns, Total: 98001 ns
[47.365s][info ][safepoint      ] Safepoint "Cleanup", Time since last: 1000135083 ns, Reaching safepoint: 76601 ns, Cleanup: 21200 ns, At safepoint: 6800 ns, Total: 104601 ns
[48.365s][info ][safepoint      ] Safepoint "Cleanup", Time since last: 1000133784 ns, Reaching safepoint: 80101 ns, Cleanup: 31800 ns, At safepoint: 13100 ns, Total: 125001 ns
[49.365s][info ][safepoint      ] Safepoint "Cleanup", Time since last: 1000132684 ns, Reaching safepoint: 75700 ns, Cleanup: 14901 ns, At safepoint: 6400 ns, Total: 97001 ns
[50.365s][info ][safepoint      ] Safepoint "Cleanup", Time since last: 1000124841 ns, Reaching safepoint: 74501 ns, Cleanup: 21500 ns, At safepoint: 6200 ns, Total: 102201 ns
[50.519s][info ][gc,start       ] GC(10) Pause Young (Allocation Failure)
[50.610s][debug][gc,phases      ] GC(10) Scavenge 90.923ms
[50.610s][debug][gc,ref         ] GC(10) Skipped phase 1 of Reference Processing: no references
[50.611s][debug][gc,ref         ] GC(10) ReferenceProcessor::execute queues: 4, RefProcThreadModel::Multi, marks_oops_alive: false
[50.611s][debug][gc,ref         ] GC(10) Skipped phase 3 of Reference Processing: no references
[50.611s][debug][gc,ref         ] GC(10) ReferenceProcessor::execute queues: 1, RefProcThreadModel::Single, marks_oops_alive: false
[50.611s][debug][gc,phases      ] GC(10) Reference Processing 1.005ms
[50.612s][debug][gc,phases      ] GC(10)   VM Weak                        Min:  0.0, Avg:  0.0, Max:  0.0, Diff:  0.0, Sum:  0.0, Workers: 4
[50.612s][debug][gc,phases      ] GC(10)     Dead                           Min: 0, Avg:  0.0, Max: 0, Diff: 0, Sum: 0, Workers: 4
[50.612s][debug][gc,phases      ] GC(10)     Total                          Min: 64, Avg: 178.8, Max: 331, Diff: 267, Sum: 715, Workers: 4
[50.612s][debug][gc,phases      ] GC(10)   ObjectSynchronizer Weak        Min:  0.0, Avg:  0.0, Max:  0.0, Diff:  0.0, Sum:  0.0, Workers: 4
[50.612s][debug][gc,phases      ] GC(10)     Dead                           Min: 0, Avg:  0.0, Max: 0, Diff: 0, Sum: 0, Workers: 4
[50.612s][debug][gc,phases      ] GC(10)     Total                          Min: 0, Avg:  7.8, Max: 31, Diff: 31, Sum: 31, Workers: 4
[50.612s][debug][gc,phases      ] GC(10)   JVMTI Tag Weak OopStorage      Min:  0.0, Avg:  0.0, Max:  0.0, Diff:  0.0, Sum:  0.0, Workers: 4
[50.612s][debug][gc,phases      ] GC(10)     Dead                           Min: 0, Avg:  0.0, Max: 0, Diff: 0, Sum: 0, Workers: 4
[50.612s][debug][gc,phases      ] GC(10)     Total                          Min: 0, Avg:  0.0, Max: 0, Diff: 0, Sum: 0, Workers: 4
[50.612s][debug][gc,phases      ] GC(10)   StringTable Weak               Min:  0.5, Avg:  0.5, Max:  0.5, Diff:  0.0, Sum:  2.0, Workers: 4
[50.612s][debug][gc,phases      ] GC(10)     Dead                           Min: 0, Avg:  0.0, Max: 0, Diff: 0, Sum: 0, Workers: 4
[50.612s][debug][gc,phases      ] GC(10)     Total                          Min: 8768, Avg: 10688.5, Max: 11968, Diff: 3200, Sum: 42754, Workers: 4
[50.612s][debug][gc,phases      ] GC(10)   ResolvedMethodTable Weak       Min:  0.1, Avg:  0.1, Max:  0.1, Diff:  0.0, Sum:  0.6, Workers: 4
[50.612s][debug][gc,phases      ] GC(10)     Dead                           Min: 0, Avg:  0.0, Max: 0, Diff: 0, Sum: 0, Workers: 4
[50.612s][debug][gc,phases      ] GC(10)     Total                          Min: 2375, Avg: 2481.8, Max: 2624, Diff: 249, Sum: 9927, Workers: 4
[50.612s][debug][gc,phases      ] GC(10)   JNI Weak                       Min:  0.0, Avg:  0.0, Max:  0.0, Diff:  0.0, Sum:  0.0, Workers: 4
[50.612s][debug][gc,phases      ] GC(10)     Dead                           Min: 0, Avg:  0.0, Max: 0, Diff: 0, Sum: 0, Workers: 4
[50.612s][debug][gc,phases      ] GC(10)     Total                          Min: 0, Avg: 11.2, Max: 45, Diff: 45, Sum: 45, Workers: 4
[50.612s][debug][gc,phases      ] GC(10)   StringDedup Table Weak         Min:  0.0, Avg:  0.0, Max:  0.0, Diff:  0.0, Sum:  0.0, Workers: 4
[50.612s][debug][gc,phases      ] GC(10)     Dead                           Min: 0, Avg:  0.0, Max: 0, Diff: 0, Sum: 0, Workers: 4
[50.612s][debug][gc,phases      ] GC(10)     Total                          Min: 0, Avg:  0.0, Max: 0, Diff: 0, Sum: 0, Workers: 4
[50.612s][debug][gc,phases      ] GC(10)   StringDedup Requests0 Weak     Min:  0.0, Avg:  0.0, Max:  0.0, Diff:  0.0, Sum:  0.0, Workers: 4
[50.612s][debug][gc,phases      ] GC(10)     Dead                           Min: 0, Avg:  0.0, Max: 0, Diff: 0, Sum: 0, Workers: 4
[50.612s][debug][gc,phases      ] GC(10)     Total                          Min: 0, Avg:  0.0, Max: 0, Diff: 0, Sum: 0, Workers: 4
[50.612s][debug][gc,phases      ] GC(10)   StringDedup Requests1 Weak     Min:  0.0, Avg:  0.0, Max:  0.0, Diff:  0.0, Sum:  0.0, Workers: 4
[50.612s][debug][gc,phases      ] GC(10)     Dead                           Min: 0, Avg:  0.0, Max: 0, Diff: 0, Sum: 0, Workers: 4
[50.612s][debug][gc,phases      ] GC(10)     Total                          Min: 0, Avg:  0.0, Max: 0, Diff: 0, Sum: 0, Workers: 4
[50.612s][debug][gc,phases      ] GC(10)   Weak JFR Old Object Samples    Min:  0.0, Avg:  0.0, Max:  0.0, Diff:  0.0, Sum:  0.0, Workers: 4
[50.612s][debug][gc,phases      ] GC(10)     Dead                           Min: 0, Avg:  0.0, Max: 0, Diff: 0, Sum: 0, Workers: 4
[50.612s][debug][gc,phases      ] GC(10)     Total                          Min: 0, Avg:  0.0, Max: 0, Diff: 0, Sum: 0, Workers: 4
[50.612s][debug][gc,phases      ] GC(10) Weak Processing 0.846ms
[50.612s][debug][gc,age         ] GC(10) Desired survivor size 413138944 bytes, new threshold 10 (max threshold 15)
[50.612s][info ][gc,heap        ] GC(10) PSYoungGen: 1369196K(1572864K)->243262K(1693696K) Eden: 1125888K(1125888K)->0K(1271296K) From: 243308K(446976K)->243262K(422400K)
[50.612s][info ][gc,heap        ] GC(10) ParOldGen: 6044K(18432K)->6052K(18432K)
[50.612s][info ][gc,metaspace   ] GC(10) Metaspace: 81533K(82432K)->81533K(82432K) NonClass: 69397K(69888K)->69397K(69888K) Class: 12135K(12544K)->12135K(12544K)
[50.612s][info ][gc             ] GC(10) Pause Young (Allocation Failure) 1343M->243M(1672M) 92.958ms
[50.612s][info ][gc,cpu         ] GC(10) User=0.33s Sys=0.00s Real=0.09s
[50.612s][info ][safepoint      ] Safepoint "ParallelGCFailedAllocation", Time since last: 153988700 ns, Reaching safepoint: 6100 ns, Cleanup: 4100 ns, At safepoint: 93031885 ns, Total: 93042085 ns
[51.612s][info ][safepoint      ] Safepoint "Cleanup", Time since last: 1000086742 ns, Reaching safepoint: 6400 ns, Cleanup: 50501 ns, At safepoint: 6400 ns, Total: 63301 ns
[52.613s][info ][safepoint      ] Safepoint "Cleanup", Time since last: 1000123841 ns, Reaching safepoint: 9201 ns, Cleanup: 51800 ns, At safepoint: 2500 ns, Total: 63501 ns
[53.613s][info ][safepoint      ] Safepoint "Cleanup", Time since last: 1000086942 ns, Reaching safepoint: 6600 ns, Cleanup: 20700 ns, At safepoint: 2900 ns, Total: 30200 ns
[54.613s][info ][safepoint      ] Safepoint "Cleanup", Time since last: 1000124242 ns, Reaching safepoint: 6900 ns, Cleanup: 28300 ns, At safepoint: 3200 ns, Total: 38400 ns
[55.613s][info ][safepoint      ] Safepoint "Cleanup", Time since last: 1000138642 ns, Reaching safepoint: 7700 ns, Cleanup: 30600 ns, At safepoint: 2600 ns, Total: 40900 ns
[56.613s][info ][safepoint      ] Safepoint "Cleanup", Time since last: 1000113742 ns, Reaching safepoint: 7000 ns, Cleanup: 19400 ns, At safepoint: 2400 ns, Total: 28800 ns
[57.613s][info ][safepoint      ] Safepoint "Cleanup", Time since last: 1000126725 ns, Reaching safepoint: 8800 ns, Cleanup: 20200 ns, At safepoint: 3500 ns, Total: 32500 ns
[58.614s][info ][safepoint      ] Safepoint "Cleanup", Time since last: 1000127713 ns, Reaching safepoint: 5100 ns, Cleanup: 17601 ns, At safepoint: 1900 ns, Total: 24601 ns
[59.614s][info ][safepoint      ] Safepoint "Cleanup", Time since last: 1000117813 ns, Reaching safepoint: 5500 ns, Cleanup: 15900 ns, At safepoint: 2300 ns, Total: 23700 ns
[61.046s][info ][safepoint      ] Safepoint "Cleanup", Time since last: 1432694152 ns, Reaching safepoint: 6100 ns, Cleanup: 18500 ns, At safepoint: 2300 ns, Total: 26900 ns
[62.047s][info ][safepoint      ] Safepoint "Cleanup", Time since last: 1000110214 ns, Reaching safepoint: 7200 ns, Cleanup: 15900 ns, At safepoint: 2400 ns, Total: 25500 ns
[63.047s][info ][safepoint      ] Safepoint "Cleanup", Time since last: 1000128013 ns, Reaching safepoint: 7600 ns, Cleanup: 12900 ns, At safepoint: 2800 ns, Total: 23300 ns
[63.519s][info ][gc,start       ] GC(11) Pause Young (Allocation Failure)
[63.620s][debug][gc,phases      ] GC(11) Scavenge 101.098ms
[63.620s][debug][gc,ref         ] GC(11) Skipped phase 1 of Reference Processing: no references
[63.620s][debug][gc,ref         ] GC(11) ReferenceProcessor::execute queues: 4, RefProcThreadModel::Multi, marks_oops_alive: false
[63.621s][debug][gc,ref         ] GC(11) Skipped phase 3 of Reference Processing: no references
[63.621s][debug][gc,ref         ] GC(11) ReferenceProcessor::execute queues: 1, RefProcThreadModel::Single, marks_oops_alive: false
[63.621s][debug][gc,phases      ] GC(11) Reference Processing 0.843ms
[63.621s][debug][gc,phases      ] GC(11)   VM Weak                        Min:  0.0, Avg:  0.0, Max:  0.0, Diff:  0.0, Sum:  0.0, Workers: 4
[63.621s][debug][gc,phases      ] GC(11)     Dead                           Min: 0, Avg:  0.0, Max: 0, Diff: 0, Sum: 0, Workers: 4
[63.621s][debug][gc,phases      ] GC(11)     Total                          Min: 0, Avg: 178.8, Max: 448, Diff: 448, Sum: 715, Workers: 4
[63.621s][debug][gc,phases      ] GC(11)   ObjectSynchronizer Weak        Min:  0.0, Avg:  0.0, Max:  0.0, Diff:  0.0, Sum:  0.0, Workers: 4
[63.621s][debug][gc,phases      ] GC(11)     Dead                           Min: 0, Avg:  0.0, Max: 0, Diff: 0, Sum: 0, Workers: 4
[63.621s][debug][gc,phases      ] GC(11)     Total                          Min: 0, Avg:  1.0, Max: 4, Diff: 4, Sum: 4, Workers: 4
[63.621s][debug][gc,phases      ] GC(11)   JVMTI Tag Weak OopStorage      Min:  0.0, Avg:  0.0, Max:  0.0, Diff:  0.0, Sum:  0.0, Workers: 4
[63.621s][debug][gc,phases      ] GC(11)     Dead                           Min: 0, Avg:  0.0, Max: 0, Diff: 0, Sum: 0, Workers: 4
[63.621s][debug][gc,phases      ] GC(11)     Total                          Min: 0, Avg:  0.0, Max: 0, Diff: 0, Sum: 0, Workers: 4
[63.621s][debug][gc,phases      ] GC(11)   StringTable Weak               Min:  0.0, Avg:  0.3, Max:  0.4, Diff:  0.4, Sum:  1.1, Workers: 4
[63.621s][debug][gc,phases      ] GC(11)     Dead                           Min: 0, Avg:  0.0, Max: 0, Diff: 0, Sum: 0, Workers: 4
[63.621s][debug][gc,phases      ] GC(11)     Total                          Min: 0, Avg: 10694.8, Max: 17536, Diff: 17536, Sum: 42779, Workers: 4
[63.621s][debug][gc,phases      ] GC(11)   ResolvedMethodTable Weak       Min:  0.0, Avg:  0.1, Max:  0.1, Diff:  0.1, Sum:  0.3, Workers: 4
[63.621s][debug][gc,phases      ] GC(11)     Dead                           Min: 0, Avg:  0.0, Max: 0, Diff: 0, Sum: 0, Workers: 4
[63.621s][debug][gc,phases      ] GC(11)     Total                          Min: 0, Avg: 2481.8, Max: 4480, Diff: 4480, Sum: 9927, Workers: 4
[63.621s][debug][gc,phases      ] GC(11)   JNI Weak                       Min:  0.0, Avg:  0.0, Max:  0.0, Diff:  0.0, Sum:  0.0, Workers: 4
[63.621s][debug][gc,phases      ] GC(11)     Dead                           Min: 0, Avg:  0.0, Max: 0, Diff: 0, Sum: 0, Workers: 4
[63.621s][debug][gc,phases      ] GC(11)     Total                          Min: 0, Avg: 11.2, Max: 45, Diff: 45, Sum: 45, Workers: 4
[63.621s][debug][gc,phases      ] GC(11)   StringDedup Table Weak         Min:  0.0, Avg:  0.0, Max:  0.0, Diff:  0.0, Sum:  0.0, Workers: 4
[63.621s][debug][gc,phases      ] GC(11)     Dead                           Min: 0, Avg:  0.0, Max: 0, Diff: 0, Sum: 0, Workers: 4
[63.621s][debug][gc,phases      ] GC(11)     Total                          Min: 0, Avg:  0.0, Max: 0, Diff: 0, Sum: 0, Workers: 4
[63.621s][debug][gc,phases      ] GC(11)   StringDedup Requests0 Weak     Min:  0.0, Avg:  0.0, Max:  0.0, Diff:  0.0, Sum:  0.0, Workers: 4
[63.621s][debug][gc,phases      ] GC(11)     Dead                           Min: 0, Avg:  0.0, Max: 0, Diff: 0, Sum: 0, Workers: 4
[63.621s][debug][gc,phases      ] GC(11)     Total                          Min: 0, Avg:  0.0, Max: 0, Diff: 0, Sum: 0, Workers: 4
[63.621s][debug][gc,phases      ] GC(11)   StringDedup Requests1 Weak     Min:  0.0, Avg:  0.0, Max:  0.0, Diff:  0.0, Sum:  0.0, Workers: 4
[63.621s][debug][gc,phases      ] GC(11)     Dead                           Min: 0, Avg:  0.0, Max: 0, Diff: 0, Sum: 0, Workers: 4
[63.621s][debug][gc,phases      ] GC(11)     Total                          Min: 0, Avg:  0.0, Max: 0, Diff: 0, Sum: 0, Workers: 4
[63.621s][debug][gc,phases      ] GC(11)   Weak JFR Old Object Samples    Min:  0.0, Avg:  0.0, Max:  0.0, Diff:  0.0, Sum:  0.0, Workers: 4
[63.621s][debug][gc,phases      ] GC(11)     Dead                           Min: 0, Avg:  0.0, Max: 0, Diff: 0, Sum: 0, Workers: 4
[63.621s][debug][gc,phases      ] GC(11)     Total                          Min: 0, Avg:  0.0, Max: 0, Diff: 0, Sum: 0, Workers: 4
[63.621s][debug][gc,phases      ] GC(11) Weak Processing 0.665ms
[63.621s][debug][gc,age         ] GC(11) Desired survivor size 398458880 bytes, new threshold 11 (max threshold 15)
[63.622s][info ][gc,heap        ] GC(11) PSYoungGen: 1514558K(1693696K)->243295K(1674752K) Eden: 1271296K(1271296K)->0K(1271296K) From: 243262K(422400K)->243295K(403456K)
[63.622s][info ][gc,heap        ] GC(11) ParOldGen: 6052K(18432K)->6060K(18432K)
[63.622s][info ][gc,metaspace   ] GC(11) Metaspace: 81548K(82432K)->81548K(82432K) NonClass: 69413K(69888K)->69413K(69888K) Class: 12135K(12544K)->12135K(12544K)
[63.622s][info ][gc             ] GC(11) Pause Young (Allocation Failure) 1484M->243M(1653M) 102.754ms
[63.622s][info ][gc,cpu         ] GC(11) User=0.30s Sys=0.06s Real=0.10s
[63.622s][info ][safepoint      ] Safepoint "ParallelGCFailedAllocation", Time since last: 472006471 ns, Reaching safepoint: 5600 ns, Cleanup: 15500 ns, At safepoint: 102827565 ns, Total: 102848665 ns
[64.622s][info ][safepoint      ] Safepoint "Cleanup", Time since last: 1000089113 ns, Reaching safepoint: 3900 ns, Cleanup: 27600 ns, At safepoint: 6400 ns, Total: 37900 ns
[65.622s][info ][safepoint      ] Safepoint "Cleanup", Time since last: 1000116568 ns, Reaching safepoint: 4400 ns, Cleanup: 13500 ns, At safepoint: 2000 ns, Total: 19900 ns
[66.622s][info ][safepoint      ] Safepoint "Cleanup", Time since last: 1000103411 ns, Reaching safepoint: 4601 ns, Cleanup: 12600 ns, At safepoint: 1700 ns, Total: 18901 ns
[67.622s][info ][safepoint      ] Safepoint "Cleanup", Time since last: 1000113011 ns, Reaching safepoint: 5300 ns, Cleanup: 12500 ns, At safepoint: 2100 ns, Total: 19900 ns
[68.622s][info ][safepoint      ] Safepoint "Cleanup", Time since last: 1000130812 ns, Reaching safepoint: 7600 ns, Cleanup: 18300 ns, At safepoint: 2000 ns, Total: 27900 ns
[69.622s][info ][safepoint      ] Safepoint "Cleanup", Time since last: 1000105911 ns, Reaching safepoint: 5200 ns, Cleanup: 32101 ns, At safepoint: 3200 ns, Total: 40501 ns
[70.623s][info ][safepoint      ] Safepoint "Cleanup", Time since last: 1000131211 ns, Reaching safepoint: 5100 ns, Cleanup: 8500 ns, At safepoint: 1600 ns, Total: 15200 ns
[71.623s][info ][safepoint      ] Safepoint "Cleanup", Time since last: 1000104812 ns, Reaching safepoint: 5400 ns, Cleanup: 12000 ns, At safepoint: 2600 ns, Total: 20000 ns
[73.321s][info ][safepoint      ] Safepoint "Cleanup", Time since last: 1698746562 ns, Reaching safepoint: 2800 ns, Cleanup: 8600 ns, At safepoint: 3300 ns, Total: 14700 ns
[74.322s][info ][safepoint      ] Safepoint "Cleanup", Time since last: 1000120520 ns, Reaching safepoint: 74201 ns, Cleanup: 89900 ns, At safepoint: 6000 ns, Total: 170101 ns
[76.518s][info ][gc,start       ] GC(12) Pause Young (Allocation Failure)
[76.605s][debug][gc,phases      ] GC(12) Scavenge 86.817ms
[76.605s][debug][gc,ref         ] GC(12) Skipped phase 1 of Reference Processing: no references
[76.605s][debug][gc,ref         ] GC(12) ReferenceProcessor::execute queues: 4, RefProcThreadModel::Multi, marks_oops_alive: false
[76.606s][debug][gc,ref         ] GC(12) Skipped phase 3 of Reference Processing: no references
[76.606s][debug][gc,ref         ] GC(12) ReferenceProcessor::execute queues: 1, RefProcThreadModel::Single, marks_oops_alive: false
[76.606s][debug][gc,phases      ] GC(12) Reference Processing 1.084ms
[76.606s][debug][gc,phases      ] GC(12)   VM Weak                        Min:  0.0, Avg:  0.0, Max:  0.0, Diff:  0.0, Sum:  0.0, Workers: 4
[76.607s][debug][gc,phases      ] GC(12)     Dead                           Min: 0, Avg:  0.0, Max: 0, Diff: 0, Sum: 0, Workers: 4
[76.607s][debug][gc,phases      ] GC(12)     Total                          Min: 64, Avg: 178.8, Max: 320, Diff: 256, Sum: 715, Workers: 4
[76.607s][debug][gc,phases      ] GC(12)   ObjectSynchronizer Weak        Min:  0.0, Avg:  0.0, Max:  0.0, Diff:  0.0, Sum:  0.0, Workers: 4
[76.607s][debug][gc,phases      ] GC(12)     Dead                           Min: 0, Avg:  0.0, Max: 0, Diff: 0, Sum: 0, Workers: 4
[76.607s][debug][gc,phases      ] GC(12)     Total                          Min: 0, Avg:  1.0, Max: 4, Diff: 4, Sum: 4, Workers: 4
[76.607s][debug][gc,phases      ] GC(12)   JVMTI Tag Weak OopStorage      Min:  0.0, Avg:  0.0, Max:  0.0, Diff:  0.0, Sum:  0.0, Workers: 4
[76.607s][debug][gc,phases      ] GC(12)     Dead                           Min: 0, Avg:  0.0, Max: 0, Diff: 0, Sum: 0, Workers: 4
[76.607s][debug][gc,phases      ] GC(12)     Total                          Min: 0, Avg:  0.0, Max: 0, Diff: 0, Sum: 0, Workers: 4
[76.607s][debug][gc,phases      ] GC(12)   StringTable Weak               Min:  0.4, Avg:  0.4, Max:  0.4, Diff:  0.0, Sum:  1.6, Workers: 4
[76.607s][debug][gc,phases      ] GC(12)     Dead                           Min: 0, Avg:  0.0, Max: 0, Diff: 0, Sum: 0, Workers: 4
[76.607s][debug][gc,phases      ] GC(12)     Total                          Min: 9767, Avg: 10697.8, Max: 11136, Diff: 1369, Sum: 42791, Workers: 4
[76.607s][debug][gc,phases      ] GC(12)   ResolvedMethodTable Weak       Min:  0.1, Avg:  0.1, Max:  0.1, Diff:  0.0, Sum:  0.5, Workers: 4
[76.607s][debug][gc,phases      ] GC(12)     Dead                           Min: 0, Avg:  0.0, Max: 0, Diff: 0, Sum: 0, Workers: 4
[76.607s][debug][gc,phases      ] GC(12)     Total                          Min: 1984, Avg: 2481.8, Max: 2695, Diff: 711, Sum: 9927, Workers: 4
[76.607s][debug][gc,phases      ] GC(12)   JNI Weak                       Min:  0.0, Avg:  0.0, Max:  0.0, Diff:  0.0, Sum:  0.0, Workers: 4
[76.607s][debug][gc,phases      ] GC(12)     Dead                           Min: 0, Avg:  0.0, Max: 0, Diff: 0, Sum: 0, Workers: 4
[76.607s][debug][gc,phases      ] GC(12)     Total                          Min: 0, Avg: 11.2, Max: 45, Diff: 45, Sum: 45, Workers: 4
[76.607s][debug][gc,phases      ] GC(12)   StringDedup Table Weak         Min:  0.0, Avg:  0.0, Max:  0.0, Diff:  0.0, Sum:  0.0, Workers: 4
[76.607s][debug][gc,phases      ] GC(12)     Dead                           Min: 0, Avg:  0.0, Max: 0, Diff: 0, Sum: 0, Workers: 4
[76.607s][debug][gc,phases      ] GC(12)     Total                          Min: 0, Avg:  0.0, Max: 0, Diff: 0, Sum: 0, Workers: 4
[76.607s][debug][gc,phases      ] GC(12)   StringDedup Requests0 Weak     Min:  0.0, Avg:  0.0, Max:  0.0, Diff:  0.0, Sum:  0.0, Workers: 4
[76.607s][debug][gc,phases      ] GC(12)     Dead                           Min: 0, Avg:  0.0, Max: 0, Diff: 0, Sum: 0, Workers: 4
[76.607s][debug][gc,phases      ] GC(12)     Total                          Min: 0, Avg:  0.0, Max: 0, Diff: 0, Sum: 0, Workers: 4
[76.607s][debug][gc,phases      ] GC(12)   StringDedup Requests1 Weak     Min:  0.0, Avg:  0.0, Max:  0.0, Diff:  0.0, Sum:  0.0, Workers: 4
[76.607s][debug][gc,phases      ] GC(12)     Dead                           Min: 0, Avg:  0.0, Max: 0, Diff: 0, Sum: 0, Workers: 4
[76.607s][debug][gc,phases      ] GC(12)     Total                          Min: 0, Avg:  0.0, Max: 0, Diff: 0, Sum: 0, Workers: 4
[76.607s][debug][gc,phases      ] GC(12)   Weak JFR Old Object Samples    Min:  0.0, Avg:  0.0, Max:  0.0, Diff:  0.0, Sum:  0.0, Workers: 4
[76.607s][debug][gc,phases      ] GC(12)     Dead                           Min: 0, Avg:  0.0, Max: 0, Diff: 0, Sum: 0, Workers: 4
[76.607s][debug][gc,phases      ] GC(12)     Total                          Min: 0, Avg:  0.0, Max: 0, Diff: 0, Sum: 0, Workers: 4
[76.607s][debug][gc,phases      ] GC(12) Weak Processing 0.720ms
[76.607s][debug][gc,age         ] GC(12) Desired survivor size 385875968 bytes, new threshold 12 (max threshold 15)
[76.607s][info ][gc,heap        ] GC(12) PSYoungGen: 1514591K(1674752K)->243298K(1720320K) Eden: 1271296K(1271296K)->0K(1331200K) From: 243295K(403456K)->243298K(389120K)
[76.607s][info ][gc,heap        ] GC(12) ParOldGen: 6060K(18432K)->6068K(18432K)
[76.607s][info ][gc,metaspace   ] GC(12) Metaspace: 81582K(82496K)->81582K(82496K) NonClass: 69445K(69888K)->69445K(69888K) Class: 12137K(12608K)->12137K(12608K)
[76.607s][info ][gc             ] GC(12) Pause Young (Allocation Failure) 1485M->243M(1698M) 88.767ms
[76.607s][info ][gc,cpu         ] GC(12) User=0.32s Sys=0.00s Real=0.09s
[76.607s][info ][safepoint      ] Safepoint "ParallelGCFailedAllocation", Time since last: 2196137210 ns, Reaching safepoint: 4500 ns, Cleanup: 6400 ns, At safepoint: 88845957 ns, Total: 88856857 ns
[77.607s][info ][safepoint      ] Safepoint "Cleanup", Time since last: 1000094419 ns, Reaching safepoint: 8100 ns, Cleanup: 19901 ns, At safepoint: 2000 ns, Total: 30001 ns
[78.607s][info ][safepoint      ] Safepoint "Cleanup", Time since last: 1000133320 ns, Reaching safepoint: 7100 ns, Cleanup: 17900 ns, At safepoint: 2400 ns, Total: 27400 ns
[79.607s][info ][safepoint      ] Safepoint "Cleanup", Time since last: 1000112520 ns, Reaching safepoint: 7600 ns, Cleanup: 14000 ns, At safepoint: 2600 ns, Total: 24200 ns
[80.607s][info ][safepoint      ] Safepoint "Cleanup", Time since last: 1000086320 ns, Reaching safepoint: 6800 ns, Cleanup: 16700 ns, At safepoint: 2200 ns, Total: 25700 ns
[81.607s][info ][safepoint      ] Safepoint "Cleanup", Time since last: 1000128394 ns, Reaching safepoint: 6200 ns, Cleanup: 14900 ns, At safepoint: 2100 ns, Total: 23200 ns
[82.608s][info ][safepoint      ] Safepoint "Cleanup", Time since last: 1000118573 ns, Reaching safepoint: 7700 ns, Cleanup: 14900 ns, At safepoint: 3300 ns, Total: 25900 ns
[84.608s][info ][safepoint      ] Safepoint "Cleanup", Time since last: 2000210245 ns, Reaching safepoint: 9800 ns, Cleanup: 37900 ns, At safepoint: 10700 ns, Total: 58400 ns
[85.608s][info ][safepoint      ] Safepoint "Cleanup", Time since last: 1000115872 ns, Reaching safepoint: 5600 ns, Cleanup: 12901 ns, At safepoint: 2000 ns, Total: 20501 ns
[86.608s][info ][safepoint      ] Safepoint "Cleanup", Time since last: 1000113772 ns, Reaching safepoint: 8500 ns, Cleanup: 17900 ns, At safepoint: 2400 ns, Total: 28800 ns
[87.608s][info ][safepoint      ] Safepoint "Cleanup", Time since last: 1000134773 ns, Reaching safepoint: 9400 ns, Cleanup: 15100 ns, At safepoint: 2400 ns, Total: 26900 ns
[90.166s][info ][gc,start       ] GC(13) Pause Young (Allocation Failure)
[90.262s][debug][gc,phases      ] GC(13) Scavenge 95.016ms
[90.262s][debug][gc,ref         ] GC(13) Skipped phase 1 of Reference Processing: no references
[90.262s][debug][gc,ref         ] GC(13) ReferenceProcessor::execute queues: 4, RefProcThreadModel::Multi, marks_oops_alive: false
[90.262s][debug][gc,ref         ] GC(13) Skipped phase 3 of Reference Processing: no references
[90.262s][debug][gc,ref         ] GC(13) ReferenceProcessor::execute queues: 1, RefProcThreadModel::Single, marks_oops_alive: false
[90.262s][debug][gc,phases      ] GC(13) Reference Processing 0.897ms
[90.263s][debug][gc,phases      ] GC(13)   VM Weak                        Min:  0.0, Avg:  0.0, Max:  0.0, Diff:  0.0, Sum:  0.0, Workers: 4
[90.263s][debug][gc,phases      ] GC(13)     Dead                           Min: 0, Avg:  0.0, Max: 0, Diff: 0, Sum: 0, Workers: 4
[90.263s][debug][gc,phases      ] GC(13)     Total                          Min: 11, Avg: 178.8, Max: 320, Diff: 309, Sum: 715, Workers: 4
[90.263s][debug][gc,phases      ] GC(13)   ObjectSynchronizer Weak        Min:  0.0, Avg:  0.0, Max:  0.0, Diff:  0.0, Sum:  0.0, Workers: 4
[90.263s][debug][gc,phases      ] GC(13)     Dead                           Min: 0, Avg:  0.0, Max: 0, Diff: 0, Sum: 0, Workers: 4
[90.263s][debug][gc,phases      ] GC(13)     Total                          Min: 0, Avg:  1.0, Max: 4, Diff: 4, Sum: 4, Workers: 4
[90.263s][debug][gc,phases      ] GC(13)   JVMTI Tag Weak OopStorage      Min:  0.0, Avg:  0.0, Max:  0.0, Diff:  0.0, Sum:  0.0, Workers: 4
[90.263s][debug][gc,phases      ] GC(13)     Dead                           Min: 0, Avg:  0.0, Max: 0, Diff: 0, Sum: 0, Workers: 4
[90.263s][debug][gc,phases      ] GC(13)     Total                          Min: 0, Avg:  0.0, Max: 0, Diff: 0, Sum: 0, Workers: 4
[90.263s][debug][gc,phases      ] GC(13)   StringTable Weak               Min:  0.4, Avg:  0.4, Max:  0.4, Diff:  0.0, Sum:  1.7, Workers: 4
[90.263s][debug][gc,phases      ] GC(13)     Dead                           Min: 0, Avg:  0.0, Max: 0, Diff: 0, Sum: 0, Workers: 4
[90.263s][debug][gc,phases      ] GC(13)     Total                          Min: 9408, Avg: 10710.0, Max: 11520, Diff: 2112, Sum: 42840, Workers: 4
[90.263s][debug][gc,phases      ] GC(13)   ResolvedMethodTable Weak       Min:  0.1, Avg:  0.1, Max:  0.1, Diff:  0.0, Sum:  0.4, Workers: 4
[90.263s][debug][gc,phases      ] GC(13)     Dead                           Min: 0, Avg:  0.2, Max: 1, Diff: 1, Sum: 1, Workers: 4
[90.263s][debug][gc,phases      ] GC(13)     Total                          Min: 2048, Avg: 2482.0, Max: 2688, Diff: 640, Sum: 9928, Workers: 4
[90.263s][debug][gc,phases      ] GC(13)   JNI Weak                       Min:  0.0, Avg:  0.0, Max:  0.0, Diff:  0.0, Sum:  0.0, Workers: 4
[90.263s][debug][gc,phases      ] GC(13)     Dead                           Min: 0, Avg:  0.0, Max: 0, Diff: 0, Sum: 0, Workers: 4
[90.263s][debug][gc,phases      ] GC(13)     Total                          Min: 0, Avg: 11.2, Max: 45, Diff: 45, Sum: 45, Workers: 4
[90.263s][debug][gc,phases      ] GC(13)   StringDedup Table Weak         Min:  0.0, Avg:  0.0, Max:  0.0, Diff:  0.0, Sum:  0.0, Workers: 4
[90.263s][debug][gc,phases      ] GC(13)     Dead                           Min: 0, Avg:  0.0, Max: 0, Diff: 0, Sum: 0, Workers: 4
[90.263s][debug][gc,phases      ] GC(13)     Total                          Min: 0, Avg:  0.0, Max: 0, Diff: 0, Sum: 0, Workers: 4
[90.263s][debug][gc,phases      ] GC(13)   StringDedup Requests0 Weak     Min:  0.0, Avg:  0.0, Max:  0.0, Diff:  0.0, Sum:  0.0, Workers: 4
[90.263s][debug][gc,phases      ] GC(13)     Dead                           Min: 0, Avg:  0.0, Max: 0, Diff: 0, Sum: 0, Workers: 4
[90.263s][debug][gc,phases      ] GC(13)     Total                          Min: 0, Avg:  0.0, Max: 0, Diff: 0, Sum: 0, Workers: 4
[90.263s][debug][gc,phases      ] GC(13)   StringDedup Requests1 Weak     Min:  0.0, Avg:  0.0, Max:  0.0, Diff:  0.0, Sum:  0.0, Workers: 4
[90.263s][debug][gc,phases      ] GC(13)     Dead                           Min: 0, Avg:  0.0, Max: 0, Diff: 0, Sum: 0, Workers: 4
[90.263s][debug][gc,phases      ] GC(13)     Total                          Min: 0, Avg:  0.0, Max: 0, Diff: 0, Sum: 0, Workers: 4
[90.263s][debug][gc,phases      ] GC(13)   Weak JFR Old Object Samples    Min:  0.0, Avg:  0.0, Max:  0.0, Diff:  0.0, Sum:  0.0, Workers: 4
[90.263s][debug][gc,phases      ] GC(13)     Dead                           Min: 0, Avg:  0.0, Max: 0, Diff: 0, Sum: 0, Workers: 4
[90.263s][debug][gc,phases      ] GC(13)     Total                          Min: 0, Avg:  0.0, Max: 0, Diff: 0, Sum: 0, Workers: 4
[90.263s][debug][gc,phases      ] GC(13) Weak Processing 0.733ms
[90.263s][debug][gc,age         ] GC(13) Desired survivor size 375390208 bytes, new threshold 13 (max threshold 15)
[90.263s][info ][gc,heap        ] GC(13) PSYoungGen: 1574498K(1720320K)->243222K(1708032K) Eden: 1331200K(1331200K)->0K(1331200K) From: 243298K(389120K)->243222K(376832K)
[90.263s][info ][gc,heap        ] GC(13) ParOldGen: 6068K(18432K)->6076K(18432K)
[90.263s][info ][gc,metaspace   ] GC(13) Metaspace: 81595K(82560K)->81595K(82560K) NonClass: 69458K(69952K)->69458K(69952K) Class: 12137K(12608K)->12137K(12608K)
[90.263s][info ][gc             ] GC(13) Pause Young (Allocation Failure) 1543M->243M(1686M) 96.790ms
[90.263s][info ][gc,cpu         ] GC(13) User=0.30s Sys=0.03s Real=0.09s
[90.263s][info ][safepoint      ] Safepoint "ParallelGCFailedAllocation", Time since last: 2558141320 ns, Reaching safepoint: 5801 ns, Cleanup: 16300 ns, At safepoint: 96869653 ns, Total: 96891754 ns
[91.263s][info ][safepoint      ] Safepoint "Cleanup", Time since last: 1000087682 ns, Reaching safepoint: 7000 ns, Cleanup: 14200 ns, At safepoint: 2700 ns, Total: 23900 ns
[92.264s][info ][safepoint      ] Safepoint "Cleanup", Time since last: 1000117181 ns, Reaching safepoint: 6201 ns, Cleanup: 12200 ns, At safepoint: 2000 ns, Total: 20401 ns
[93.264s][info ][safepoint      ] Safepoint "Cleanup", Time since last: 1000133981 ns, Reaching safepoint: 7300 ns, Cleanup: 12801 ns, At safepoint: 2600 ns, Total: 22701 ns
[94.264s][info ][safepoint      ] Safepoint "Cleanup", Time since last: 1000111781 ns, Reaching safepoint: 7700 ns, Cleanup: 15800 ns, At safepoint: 2700 ns, Total: 26200 ns
[95.264s][info ][safepoint      ] Safepoint "Cleanup", Time since last: 1000127582 ns, Reaching safepoint: 5500 ns, Cleanup: 15000 ns, At safepoint: 2200 ns, Total: 22700 ns
[96.264s][info ][safepoint      ] Safepoint "Cleanup", Time since last: 1000082481 ns, Reaching safepoint: 6100 ns, Cleanup: 15201 ns, At safepoint: 2200 ns, Total: 23501 ns
[97.264s][info ][safepoint      ] Safepoint "Cleanup", Time since last: 1000122464 ns, Reaching safepoint: 75000 ns, Cleanup: 11899 ns, At safepoint: 7400 ns, Total: 94299 ns
[98.265s][info ][safepoint      ] Safepoint "Cleanup", Time since last: 1000131561 ns, Reaching safepoint: 79499 ns, Cleanup: 20300 ns, At safepoint: 7900 ns, Total: 107699 ns
[99.265s][info ][safepoint      ] Safepoint "Cleanup", Time since last: 1000126764 ns, Reaching safepoint: 8800 ns, Cleanup: 11300 ns, At safepoint: 8500 ns, Total: 28600 ns
[100.265s][info ][safepoint      ] Safepoint "Cleanup", Time since last: 1000111668 ns, Reaching safepoint: 80000 ns, Cleanup: 17000 ns, At safepoint: 7101 ns, Total: 104101 ns
[101.265s][info ][safepoint      ] Safepoint "Cleanup", Time since last: 1000119167 ns, Reaching safepoint: 78601 ns, Cleanup: 10600 ns, At safepoint: 5500 ns, Total: 94701 ns
[102.265s][info ][safepoint      ] Safepoint "Cleanup", Time since last: 1000124568 ns, Reaching safepoint: 75800 ns, Cleanup: 16300 ns, At safepoint: 6400 ns, Total: 98500 ns
[103.814s][info ][gc,start       ] GC(14) Pause Young (Allocation Failure)
[103.896s][debug][gc,phases      ] GC(14) Scavenge 81.278ms
[103.896s][debug][gc,ref         ] GC(14) Skipped phase 1 of Reference Processing: no references
[103.896s][debug][gc,ref         ] GC(14) ReferenceProcessor::execute queues: 4, RefProcThreadModel::Multi, marks_oops_alive: false
[103.897s][debug][gc,ref         ] GC(14) Skipped phase 3 of Reference Processing: no references
[103.897s][debug][gc,ref         ] GC(14) ReferenceProcessor::execute queues: 1, RefProcThreadModel::Single, marks_oops_alive: false
[103.897s][debug][gc,phases      ] GC(14) Reference Processing 0.940ms
[103.897s][debug][gc,phases      ] GC(14)   VM Weak                        Min:  0.0, Avg:  0.0, Max:  0.0, Diff:  0.0, Sum:  0.0, Workers: 4
[103.897s][debug][gc,phases      ] GC(14)     Dead                           Min: 0, Avg:  0.0, Max: 0, Diff: 0, Sum: 0, Workers: 4
[103.897s][debug][gc,phases      ] GC(14)     Total                          Min: 64, Avg: 178.8, Max: 320, Diff: 256, Sum: 715, Workers: 4
[103.897s][debug][gc,phases      ] GC(14)   ObjectSynchronizer Weak        Min:  0.0, Avg:  0.0, Max:  0.0, Diff:  0.0, Sum:  0.0, Workers: 4
[103.898s][debug][gc,phases      ] GC(14)     Dead                           Min: 0, Avg:  0.0, Max: 0, Diff: 0, Sum: 0, Workers: 4
[103.898s][debug][gc,phases      ] GC(14)     Total                          Min: 0, Avg:  1.0, Max: 4, Diff: 4, Sum: 4, Workers: 4
[103.898s][debug][gc,phases      ] GC(14)   JVMTI Tag Weak OopStorage      Min:  0.0, Avg:  0.0, Max:  0.0, Diff:  0.0, Sum:  0.0, Workers: 4
[103.898s][debug][gc,phases      ] GC(14)     Dead                           Min: 0, Avg:  0.0, Max: 0, Diff: 0, Sum: 0, Workers: 4
[103.898s][debug][gc,phases      ] GC(14)     Total                          Min: 0, Avg:  0.0, Max: 0, Diff: 0, Sum: 0, Workers: 4
[103.898s][debug][gc,phases      ] GC(14)   StringTable Weak               Min:  0.5, Avg:  0.5, Max:  0.5, Diff:  0.0, Sum:  1.9, Workers: 4
[103.898s][debug][gc,phases      ] GC(14)     Dead                           Min: 0, Avg:  0.0, Max: 0, Diff: 0, Sum: 0, Workers: 4
[103.898s][debug][gc,phases      ] GC(14)     Total                          Min: 9216, Avg: 10711.5, Max: 12160, Diff: 2944, Sum: 42846, Workers: 4
[103.898s][debug][gc,phases      ] GC(14)   ResolvedMethodTable Weak       Min:  0.1, Avg:  0.1, Max:  0.1, Diff:  0.0, Sum:  0.5, Workers: 4
[103.898s][debug][gc,phases      ] GC(14)     Dead                           Min: 0, Avg:  0.0, Max: 0, Diff: 0, Sum: 0, Workers: 4
[103.898s][debug][gc,phases      ] GC(14)     Total                          Min: 2432, Avg: 2482.0, Max: 2560, Diff: 128, Sum: 9928, Workers: 4
[103.898s][debug][gc,phases      ] GC(14)   JNI Weak                       Min:  0.0, Avg:  0.0, Max:  0.0, Diff:  0.0, Sum:  0.0, Workers: 4
[103.898s][debug][gc,phases      ] GC(14)     Dead                           Min: 0, Avg:  0.0, Max: 0, Diff: 0, Sum: 0, Workers: 4
[103.898s][debug][gc,phases      ] GC(14)     Total                          Min: 0, Avg: 11.2, Max: 45, Diff: 45, Sum: 45, Workers: 4
[103.898s][debug][gc,phases      ] GC(14)   StringDedup Table Weak         Min:  0.0, Avg:  0.0, Max:  0.0, Diff:  0.0, Sum:  0.0, Workers: 4
[103.898s][debug][gc,phases      ] GC(14)     Dead                           Min: 0, Avg:  0.0, Max: 0, Diff: 0, Sum: 0, Workers: 4
[103.898s][debug][gc,phases      ] GC(14)     Total                          Min: 0, Avg:  0.0, Max: 0, Diff: 0, Sum: 0, Workers: 4
[103.898s][debug][gc,phases      ] GC(14)   StringDedup Requests0 Weak     Min:  0.0, Avg:  0.0, Max:  0.0, Diff:  0.0, Sum:  0.0, Workers: 4
[103.898s][debug][gc,phases      ] GC(14)     Dead                           Min: 0, Avg:  0.0, Max: 0, Diff: 0, Sum: 0, Workers: 4
[103.898s][debug][gc,phases      ] GC(14)     Total                          Min: 0, Avg:  0.0, Max: 0, Diff: 0, Sum: 0, Workers: 4
[103.898s][debug][gc,phases      ] GC(14)   StringDedup Requests1 Weak     Min:  0.0, Avg:  0.0, Max:  0.0, Diff:  0.0, Sum:  0.0, Workers: 4
[103.898s][debug][gc,phases      ] GC(14)     Dead                           Min: 0, Avg:  0.0, Max: 0, Diff: 0, Sum: 0, Workers: 4
[103.898s][debug][gc,phases      ] GC(14)     Total                          Min: 0, Avg:  0.0, Max: 0, Diff: 0, Sum: 0, Workers: 4
[103.898s][debug][gc,phases      ] GC(14)   Weak JFR Old Object Samples    Min:  0.0, Avg:  0.0, Max:  0.0, Diff:  0.0, Sum:  0.0, Workers: 4
[103.898s][debug][gc,phases      ] GC(14)     Dead                           Min: 0, Avg:  0.0, Max: 0, Diff: 0, Sum: 0, Workers: 4
[103.898s][debug][gc,phases      ] GC(14)     Total                          Min: 0, Avg:  0.0, Max: 0, Diff: 0, Sum: 0, Workers: 4
[103.898s][debug][gc,phases      ] GC(14) Weak Processing 0.828ms
[103.898s][debug][gc,age         ] GC(14) Desired survivor size 365428736 bytes, new threshold 14 (max threshold 15)
[103.898s][info ][gc,heap        ] GC(14) PSYoungGen: 1574422K(1708032K)->243241K(1740288K) Eden: 1331200K(1331200K)->0K(1373696K) From: 243222K(376832K)->243241K(366592K)
[103.898s][info ][gc,heap        ] GC(14) ParOldGen: 6076K(18432K)->6084K(18432K)
[103.898s][info ][gc,metaspace   ] GC(14) Metaspace: 81606K(82560K)->81606K(82560K) NonClass: 69468K(69952K)->69468K(69952K) Class: 12137K(12608K)->12137K(12608K)
[103.898s][info ][gc             ] GC(14) Pause Young (Allocation Failure) 1543M->243M(1717M) 83.199ms
[103.898s][info ][gc,cpu         ] GC(14) User=0.32s Sys=0.00s Real=0.09s
[103.898s][info ][safepoint      ] Safepoint "ParallelGCFailedAllocation", Time since last: 1549071596 ns, Reaching safepoint: 5100 ns, Cleanup: 15300 ns, At safepoint: 83279972 ns, Total: 83300372 ns
[104.898s][info ][safepoint      ] Safepoint "Cleanup", Time since last: 1000113568 ns, Reaching safepoint: 6800 ns, Cleanup: 13300 ns, At safepoint: 3600 ns, Total: 23700 ns
[105.898s][info ][safepoint      ] Safepoint "Cleanup", Time since last: 1000141456 ns, Reaching safepoint: 8700 ns, Cleanup: 30000 ns, At safepoint: 3400 ns, Total: 42100 ns
[106.898s][info ][safepoint      ] Safepoint "Cleanup", Time since last: 1000146352 ns, Reaching safepoint: 14600 ns, Cleanup: 30101 ns, At safepoint: 3000 ns, Total: 47701 ns
[107.898s][info ][safepoint      ] Safepoint "Cleanup", Time since last: 1000157276 ns, Reaching safepoint: 7400 ns, Cleanup: 11000 ns, At safepoint: 2400 ns, Total: 20800 ns
[108.899s][info ][safepoint      ] Safepoint "Cleanup", Time since last: 1000119555 ns, Reaching safepoint: 8100 ns, Cleanup: 13600 ns, At safepoint: 2400 ns, Total: 24100 ns
[109.899s][info ][safepoint      ] Safepoint "Cleanup", Time since last: 1000127355 ns, Reaching safepoint: 8100 ns, Cleanup: 14400 ns, At safepoint: 2500 ns, Total: 25000 ns
[110.899s][info ][safepoint      ] Safepoint "Cleanup", Time since last: 1000115555 ns, Reaching safepoint: 6900 ns, Cleanup: 12700 ns, At safepoint: 2500 ns, Total: 22100 ns
[111.899s][info ][safepoint      ] Safepoint "Cleanup", Time since last: 1000117355 ns, Reaching safepoint: 6700 ns, Cleanup: 12400 ns, At safepoint: 2200 ns, Total: 21300 ns
[112.899s][info ][safepoint      ] Safepoint "Cleanup", Time since last: 1000114555 ns, Reaching safepoint: 6800 ns, Cleanup: 13100 ns, At safepoint: 2600 ns, Total: 22500 ns
[113.899s][info ][safepoint      ] Safepoint "Cleanup", Time since last: 1000132310 ns, Reaching safepoint: 6300 ns, Cleanup: 17401 ns, At safepoint: 2200 ns, Total: 25901 ns
[114.899s][info ][safepoint      ] Safepoint "Cleanup", Time since last: 1000123565 ns, Reaching safepoint: 7100 ns, Cleanup: 14501 ns, At safepoint: 2400 ns, Total: 24001 ns
[115.900s][info ][safepoint      ] Safepoint "Cleanup", Time since last: 1000136065 ns, Reaching safepoint: 5101 ns, Cleanup: 17900 ns, At safepoint: 2300 ns, Total: 25301 ns
[116.900s][info ][safepoint      ] Safepoint "Cleanup", Time since last: 1000109265 ns, Reaching safepoint: 8900 ns, Cleanup: 18501 ns, At safepoint: 7700 ns, Total: 35101 ns
[117.900s][info ][safepoint      ] Safepoint "Cleanup", Time since last: 1000122266 ns, Reaching safepoint: 6600 ns, Cleanup: 14700 ns, At safepoint: 2300 ns, Total: 23600 ns
[117.914s][info ][gc,start       ] GC(15) Pause Young (Allocation Failure)
[117.994s][debug][gc,phases      ] GC(15) Scavenge 79.604ms
[117.994s][debug][gc,ref         ] GC(15) Skipped phase 1 of Reference Processing: no references
[117.994s][debug][gc,ref         ] GC(15) ReferenceProcessor::execute queues: 4, RefProcThreadModel::Multi, marks_oops_alive: false
[117.995s][debug][gc,ref         ] GC(15) Skipped phase 3 of Reference Processing: no references
[117.995s][debug][gc,ref         ] GC(15) ReferenceProcessor::execute queues: 1, RefProcThreadModel::Single, marks_oops_alive: false
[117.995s][debug][gc,phases      ] GC(15) Reference Processing 0.965ms
[117.996s][debug][gc,phases      ] GC(15)   VM Weak                        Min:  0.0, Avg:  0.0, Max:  0.0, Diff:  0.0, Sum:  0.0, Workers: 4
[117.996s][debug][gc,phases      ] GC(15)     Dead                           Min: 0, Avg:  0.0, Max: 0, Diff: 0, Sum: 0, Workers: 4
[117.996s][debug][gc,phases      ] GC(15)     Total                          Min: 0, Avg: 178.8, Max: 384, Diff: 384, Sum: 715, Workers: 4
[117.996s][debug][gc,phases      ] GC(15)   ObjectSynchronizer Weak        Min:  0.0, Avg:  0.0, Max:  0.0, Diff:  0.0, Sum:  0.0, Workers: 4
[117.996s][debug][gc,phases      ] GC(15)     Dead                           Min: 0, Avg:  0.0, Max: 0, Diff: 0, Sum: 0, Workers: 4
[117.996s][debug][gc,phases      ] GC(15)     Total                          Min: 0, Avg:  1.0, Max: 4, Diff: 4, Sum: 4, Workers: 4
[117.996s][debug][gc,phases      ] GC(15)   JVMTI Tag Weak OopStorage      Min:  0.0, Avg:  0.0, Max:  0.0, Diff:  0.0, Sum:  0.0, Workers: 4
[117.996s][debug][gc,phases      ] GC(15)     Dead                           Min: 0, Avg:  0.0, Max: 0, Diff: 0, Sum: 0, Workers: 4
[117.996s][debug][gc,phases      ] GC(15)     Total                          Min: 0, Avg:  0.0, Max: 0, Diff: 0, Sum: 0, Workers: 4
[117.996s][debug][gc,phases      ] GC(15)   StringTable Weak               Min:  0.0, Avg:  0.4, Max:  0.5, Diff:  0.5, Sum:  1.5, Workers: 4
[117.996s][debug][gc,phases      ] GC(15)     Dead                           Min: 0, Avg:  0.0, Max: 0, Diff: 0, Sum: 0, Workers: 4
[117.996s][debug][gc,phases      ] GC(15)     Total                          Min: 0, Avg: 10714.2, Max: 17129, Diff: 17129, Sum: 42857, Workers: 4
[117.996s][debug][gc,phases      ] GC(15)   ResolvedMethodTable Weak       Min:  0.0, Avg:  0.1, Max:  0.1, Diff:  0.1, Sum:  0.3, Workers: 4
[117.996s][debug][gc,phases      ] GC(15)     Dead                           Min: 0, Avg:  0.0, Max: 0, Diff: 0, Sum: 0, Workers: 4
[117.996s][debug][gc,phases      ] GC(15)     Total                          Min: 0, Avg: 2482.0, Max: 3776, Diff: 3776, Sum: 9928, Workers: 4
[117.996s][debug][gc,phases      ] GC(15)   JNI Weak                       Min:  0.0, Avg:  0.0, Max:  0.0, Diff:  0.0, Sum:  0.0, Workers: 4
[117.996s][debug][gc,phases      ] GC(15)     Dead                           Min: 0, Avg:  0.0, Max: 0, Diff: 0, Sum: 0, Workers: 4
[117.996s][debug][gc,phases      ] GC(15)     Total                          Min: 0, Avg: 11.2, Max: 45, Diff: 45, Sum: 45, Workers: 4
[117.996s][debug][gc,phases      ] GC(15)   StringDedup Table Weak         Min:  0.0, Avg:  0.0, Max:  0.0, Diff:  0.0, Sum:  0.0, Workers: 4
[117.996s][debug][gc,phases      ] GC(15)     Dead                           Min: 0, Avg:  0.0, Max: 0, Diff: 0, Sum: 0, Workers: 4
[117.996s][debug][gc,phases      ] GC(15)     Total                          Min: 0, Avg:  0.0, Max: 0, Diff: 0, Sum: 0, Workers: 4
[117.996s][debug][gc,phases      ] GC(15)   StringDedup Requests0 Weak     Min:  0.0, Avg:  0.0, Max:  0.0, Diff:  0.0, Sum:  0.0, Workers: 4
[117.996s][debug][gc,phases      ] GC(15)     Dead                           Min: 0, Avg:  0.0, Max: 0, Diff: 0, Sum: 0, Workers: 4
[117.996s][debug][gc,phases      ] GC(15)     Total                          Min: 0, Avg:  0.0, Max: 0, Diff: 0, Sum: 0, Workers: 4
[117.996s][debug][gc,phases      ] GC(15)   StringDedup Requests1 Weak     Min:  0.0, Avg:  0.0, Max:  0.0, Diff:  0.0, Sum:  0.0, Workers: 4
[117.996s][debug][gc,phases      ] GC(15)     Dead                           Min: 0, Avg:  0.0, Max: 0, Diff: 0, Sum: 0, Workers: 4
[117.996s][debug][gc,phases      ] GC(15)     Total                          Min: 0, Avg:  0.0, Max: 0, Diff: 0, Sum: 0, Workers: 4
[117.996s][debug][gc,phases      ] GC(15)   Weak JFR Old Object Samples    Min:  0.0, Avg:  0.0, Max:  0.0, Diff:  0.0, Sum:  0.0, Workers: 4
[117.996s][debug][gc,phases      ] GC(15)     Dead                           Min: 0, Avg:  0.0, Max: 0, Diff: 0, Sum: 0, Workers: 4
[117.996s][debug][gc,phases      ] GC(15)     Total                          Min: 0, Avg:  0.0, Max: 0, Diff: 0, Sum: 0, Workers: 4
[117.996s][debug][gc,phases      ] GC(15) Weak Processing 0.811ms
[117.996s][debug][gc,age         ] GC(15) Desired survivor size 356515840 bytes, new threshold 15 (max threshold 15)
[117.996s][info ][gc,heap        ] GC(15) PSYoungGen: 1616937K(1740288K)->243218K(1730560K) Eden: 1373696K(1373696K)->0K(1373696K) From: 243241K(366592K)->243218K(356864K)
[117.996s][info ][gc,heap        ] GC(15) ParOldGen: 6084K(18432K)->6092K(18432K)
[117.996s][info ][gc,metaspace   ] GC(15) Metaspace: 81624K(82560K)->81624K(82560K) NonClass: 69485K(69952K)->69485K(69952K) Class: 12139K(12608K)->12139K(12608K)
[117.996s][info ][gc             ] GC(15) Pause Young (Allocation Failure) 1584M->243M(1708M) 81.519ms
[117.996s][info ][gc,cpu         ] GC(15) User=0.31s Sys=0.01s Real=0.09s
[117.996s][info ][safepoint      ] Safepoint "ParallelGCFailedAllocation", Time since last: 14548907 ns, Reaching safepoint: 4800 ns, Cleanup: 3600 ns, At safepoint: 81592101 ns, Total: 81600501 ns
[119.996s][info ][safepoint      ] Safepoint "Cleanup", Time since last: 2000160631 ns, Reaching safepoint: 8900 ns, Cleanup: 20000 ns, At safepoint: 5700 ns, Total: 34600 ns
[123.997s][info ][safepoint      ] Safepoint "Cleanup", Time since last: 4000315326 ns, Reaching safepoint: 6400 ns, Cleanup: 29101 ns, At safepoint: 2100 ns, Total: 37601 ns
[124.997s][info ][safepoint      ] Safepoint "Cleanup", Time since last: 1000119035 ns, Reaching safepoint: 7100 ns, Cleanup: 13800 ns, At safepoint: 2300 ns, Total: 23200 ns
[126.997s][info ][safepoint      ] Safepoint "Cleanup", Time since last: 2000176709 ns, Reaching safepoint: 8500 ns, Cleanup: 23500 ns, At safepoint: 2600 ns, Total: 34600 ns
[130.997s][info ][safepoint      ] Safepoint "Cleanup", Time since last: 4000352045 ns, Reaching safepoint: 7400 ns, Cleanup: 14700 ns, At safepoint: 2500 ns, Total: 24600 ns
[131.916s][info ][gc,start       ] GC(16) Pause Young (Allocation Failure)
[131.998s][debug][gc,phases      ] GC(16) Scavenge 82.518ms
[131.998s][debug][gc,ref         ] GC(16) Skipped phase 1 of Reference Processing: no references
[131.998s][debug][gc,ref         ] GC(16) ReferenceProcessor::execute queues: 4, RefProcThreadModel::Multi, marks_oops_alive: false
[131.999s][debug][gc,ref         ] GC(16) Skipped phase 3 of Reference Processing: no references
[131.999s][debug][gc,ref         ] GC(16) ReferenceProcessor::execute queues: 1, RefProcThreadModel::Single, marks_oops_alive: false
[131.999s][debug][gc,phases      ] GC(16) Reference Processing 0.883ms
[132.000s][debug][gc,phases      ] GC(16)   VM Weak                        Min:  0.0, Avg:  0.0, Max:  0.0, Diff:  0.0, Sum:  0.0, Workers: 4
[132.000s][debug][gc,phases      ] GC(16)     Dead                           Min: 0, Avg:  0.0, Max: 0, Diff: 0, Sum: 0, Workers: 4
[132.000s][debug][gc,phases      ] GC(16)     Total                          Min: 128, Avg: 178.8, Max: 267, Diff: 139, Sum: 715, Workers: 4
[132.000s][debug][gc,phases      ] GC(16)   ObjectSynchronizer Weak        Min:  0.0, Avg:  0.0, Max:  0.0, Diff:  0.0, Sum:  0.0, Workers: 4
[132.000s][debug][gc,phases      ] GC(16)     Dead                           Min: 0, Avg:  0.0, Max: 0, Diff: 0, Sum: 0, Workers: 4
[132.000s][debug][gc,phases      ] GC(16)     Total                          Min: 0, Avg:  1.0, Max: 4, Diff: 4, Sum: 4, Workers: 4
[132.000s][debug][gc,phases      ] GC(16)   JVMTI Tag Weak OopStorage      Min:  0.0, Avg:  0.0, Max:  0.0, Diff:  0.0, Sum:  0.0, Workers: 4
[132.000s][debug][gc,phases      ] GC(16)     Dead                           Min: 0, Avg:  0.0, Max: 0, Diff: 0, Sum: 0, Workers: 4
[132.000s][debug][gc,phases      ] GC(16)     Total                          Min: 0, Avg:  0.0, Max: 0, Diff: 0, Sum: 0, Workers: 4
[132.000s][debug][gc,phases      ] GC(16)   StringTable Weak               Min:  0.4, Avg:  0.4, Max:  0.4, Diff:  0.0, Sum:  1.8, Workers: 4
[132.000s][debug][gc,phases      ] GC(16)     Dead                           Min: 0, Avg:  0.0, Max: 0, Diff: 0, Sum: 0, Workers: 4
[132.000s][debug][gc,phases      ] GC(16)     Total                          Min: 10496, Avg: 10715.5, Max: 11008, Diff: 512, Sum: 42862, Workers: 4
[132.000s][debug][gc,phases      ] GC(16)   ResolvedMethodTable Weak       Min:  0.1, Avg:  0.1, Max:  0.1, Diff:  0.0, Sum:  0.5, Workers: 4
[132.000s][debug][gc,phases      ] GC(16)     Dead                           Min: 0, Avg:  0.0, Max: 0, Diff: 0, Sum: 0, Workers: 4
[132.000s][debug][gc,phases      ] GC(16)     Total                          Min: 2112, Avg: 2482.0, Max: 2632, Diff: 520, Sum: 9928, Workers: 4
[132.000s][debug][gc,phases      ] GC(16)   JNI Weak                       Min:  0.0, Avg:  0.0, Max:  0.0, Diff:  0.0, Sum:  0.0, Workers: 4
[132.000s][debug][gc,phases      ] GC(16)     Dead                           Min: 0, Avg:  0.0, Max: 0, Diff: 0, Sum: 0, Workers: 4
[132.000s][debug][gc,phases      ] GC(16)     Total                          Min: 0, Avg: 11.2, Max: 45, Diff: 45, Sum: 45, Workers: 4
[132.000s][debug][gc,phases      ] GC(16)   StringDedup Table Weak         Min:  0.0, Avg:  0.0, Max:  0.0, Diff:  0.0, Sum:  0.0, Workers: 4
[132.000s][debug][gc,phases      ] GC(16)     Dead                           Min: 0, Avg:  0.0, Max: 0, Diff: 0, Sum: 0, Workers: 4
[132.000s][debug][gc,phases      ] GC(16)     Total                          Min: 0, Avg:  0.0, Max: 0, Diff: 0, Sum: 0, Workers: 4
[132.000s][debug][gc,phases      ] GC(16)   StringDedup Requests0 Weak     Min:  0.0, Avg:  0.0, Max:  0.0, Diff:  0.0, Sum:  0.0, Workers: 4
[132.000s][debug][gc,phases      ] GC(16)     Dead                           Min: 0, Avg:  0.0, Max: 0, Diff: 0, Sum: 0, Workers: 4
[132.000s][debug][gc,phases      ] GC(16)     Total                          Min: 0, Avg:  0.0, Max: 0, Diff: 0, Sum: 0, Workers: 4
[132.000s][debug][gc,phases      ] GC(16)   StringDedup Requests1 Weak     Min:  0.0, Avg:  0.0, Max:  0.0, Diff:  0.0, Sum:  0.0, Workers: 4
[132.000s][debug][gc,phases      ] GC(16)     Dead                           Min: 0, Avg:  0.0, Max: 0, Diff: 0, Sum: 0, Workers: 4
[132.000s][debug][gc,phases      ] GC(16)     Total                          Min: 0, Avg:  0.0, Max: 0, Diff: 0, Sum: 0, Workers: 4
[132.000s][debug][gc,phases      ] GC(16)   Weak JFR Old Object Samples    Min:  0.0, Avg:  0.0, Max:  0.0, Diff:  0.0, Sum:  0.0, Workers: 4
[132.000s][debug][gc,phases      ] GC(16)     Dead                           Min: 0, Avg:  0.0, Max: 0, Diff: 0, Sum: 0, Workers: 4
[132.000s][debug][gc,phases      ] GC(16)     Total                          Min: 0, Avg:  0.0, Max: 0, Diff: 0, Sum: 0, Workers: 4
[132.000s][debug][gc,phases      ] GC(16) Weak Processing 0.739ms
[132.000s][debug][gc,age         ] GC(16) Desired survivor size 348127232 bytes, new threshold 15 (max threshold 15)
[132.000s][info ][gc,heap        ] GC(16) PSYoungGen: 1616914K(1730560K)->243242K(1757184K) Eden: 1373696K(1373696K)->0K(1409024K) From: 243218K(356864K)->243242K(348160K)
[132.000s][info ][gc,heap        ] GC(16) ParOldGen: 6092K(18432K)->6100K(18432K)
[132.000s][info ][gc,metaspace   ] GC(16) Metaspace: 81644K(82560K)->81644K(82560K) NonClass: 69505K(69952K)->69505K(69952K) Class: 12139K(12608K)->12139K(12608K)
[132.000s][info ][gc             ] GC(16) Pause Young (Allocation Failure) 1584M->243M(1734M) 84.341ms
[132.000s][info ][gc,cpu         ] GC(16) User=0.32s Sys=0.00s Real=0.08s
[132.000s][info ][safepoint      ] Safepoint "ParallelGCFailedAllocation", Time since last: 918120806 ns, Reaching safepoint: 73500 ns, Cleanup: 9500 ns, At safepoint: 84422026 ns, Total: 84505026 ns
[133.000s][info ][safepoint      ] Safepoint "Cleanup", Time since last: 1000094413 ns, Reaching safepoint: 7200 ns, Cleanup: 12500 ns, At safepoint: 2400 ns, Total: 22100 ns
[134.000s][info ][safepoint      ] Safepoint "Cleanup", Time since last: 1000115614 ns, Reaching safepoint: 6900 ns, Cleanup: 18300 ns, At safepoint: 2300 ns, Total: 27500 ns
[135.000s][info ][safepoint      ] Safepoint "Cleanup", Time since last: 1000113813 ns, Reaching safepoint: 7100 ns, Cleanup: 16000 ns, At safepoint: 2700 ns, Total: 25800 ns
[136.000s][info ][safepoint      ] Safepoint "Cleanup", Time since last: 1000125114 ns, Reaching safepoint: 8000 ns, Cleanup: 22000 ns, At safepoint: 2500 ns, Total: 32500 ns
[137.001s][info ][safepoint      ] Safepoint "Cleanup", Time since last: 1000140013 ns, Reaching safepoint: 5700 ns, Cleanup: 16200 ns, At safepoint: 2200 ns, Total: 24100 ns
[138.001s][info ][safepoint      ] Safepoint "Cleanup", Time since last: 1000173017 ns, Reaching safepoint: 8100 ns, Cleanup: 25500 ns, At safepoint: 2600 ns, Total: 36200 ns
[141.001s][info ][safepoint      ] Safepoint "Cleanup", Time since last: 3000221807 ns, Reaching safepoint: 75501 ns, Cleanup: 10500 ns, At safepoint: 5200 ns, Total: 91201 ns
[143.001s][info ][safepoint      ] Safepoint "Cleanup", Time since last: 2000207081 ns, Reaching safepoint: 5800 ns, Cleanup: 11800 ns, At safepoint: 2300 ns, Total: 19900 ns
[144.002s][info ][safepoint      ] Safepoint "Cleanup", Time since last: 1000111948 ns, Reaching safepoint: 6500 ns, Cleanup: 12200 ns, At safepoint: 2300 ns, Total: 21000 ns
[145.002s][info ][safepoint      ] Safepoint "Cleanup", Time since last: 1000121648 ns, Reaching safepoint: 6300 ns, Cleanup: 14400 ns, At safepoint: 6200 ns, Total: 26900 ns
[146.221s][info ][gc,start       ] GC(17) Pause Young (Allocation Failure)
[146.301s][debug][gc,phases      ] GC(17) Scavenge 80.142ms
[146.301s][debug][gc,ref         ] GC(17) Skipped phase 1 of Reference Processing: no references
[146.301s][debug][gc,ref         ] GC(17) ReferenceProcessor::execute queues: 4, RefProcThreadModel::Multi, marks_oops_alive: false
[146.302s][debug][gc,ref         ] GC(17) Skipped phase 3 of Reference Processing: no references
[146.302s][debug][gc,ref         ] GC(17) ReferenceProcessor::execute queues: 1, RefProcThreadModel::Single, marks_oops_alive: false
[146.302s][debug][gc,phases      ] GC(17) Reference Processing 0.872ms
[146.303s][debug][gc,phases      ] GC(17)   VM Weak                        Min:  0.0, Avg:  0.0, Max:  0.0, Diff:  0.0, Sum:  0.0, Workers: 4
[146.303s][debug][gc,phases      ] GC(17)     Dead                           Min: 0, Avg:  0.0, Max: 0, Diff: 0, Sum: 0, Workers: 4
[146.303s][debug][gc,phases      ] GC(17)     Total                          Min: 11, Avg: 178.8, Max: 384, Diff: 373, Sum: 715, Workers: 4
[146.303s][debug][gc,phases      ] GC(17)   ObjectSynchronizer Weak        Min:  0.0, Avg:  0.0, Max:  0.0, Diff:  0.0, Sum:  0.0, Workers: 4
[146.303s][debug][gc,phases      ] GC(17)     Dead                           Min: 0, Avg:  0.0, Max: 0, Diff: 0, Sum: 0, Workers: 4
[146.303s][debug][gc,phases      ] GC(17)     Total                          Min: 0, Avg:  1.0, Max: 4, Diff: 4, Sum: 4, Workers: 4
[146.303s][debug][gc,phases      ] GC(17)   JVMTI Tag Weak OopStorage      Min:  0.0, Avg:  0.0, Max:  0.0, Diff:  0.0, Sum:  0.0, Workers: 4
[146.303s][debug][gc,phases      ] GC(17)     Dead                           Min: 0, Avg:  0.0, Max: 0, Diff: 0, Sum: 0, Workers: 4
[146.303s][debug][gc,phases      ] GC(17)     Total                          Min: 0, Avg:  0.0, Max: 0, Diff: 0, Sum: 0, Workers: 4
[146.303s][debug][gc,phases      ] GC(17)   StringTable Weak               Min:  0.4, Avg:  0.4, Max:  0.4, Diff:  0.0, Sum:  1.6, Workers: 4
[146.303s][debug][gc,phases      ] GC(17)     Dead                           Min: 0, Avg:  0.0, Max: 0, Diff: 0, Sum: 0, Workers: 4
[146.303s][debug][gc,phases      ] GC(17)     Total                          Min: 8960, Avg: 10718.0, Max: 12280, Diff: 3320, Sum: 42872, Workers: 4
[146.303s][debug][gc,phases      ] GC(17)   ResolvedMethodTable Weak       Min:  0.1, Avg:  0.1, Max:  0.1, Diff:  0.0, Sum:  0.4, Workers: 4
[146.303s][debug][gc,phases      ] GC(17)     Dead                           Min: 0, Avg:  0.0, Max: 0, Diff: 0, Sum: 0, Workers: 4
[146.303s][debug][gc,phases      ] GC(17)     Total                          Min: 2376, Avg: 2482.0, Max: 2560, Diff: 184, Sum: 9928, Workers: 4
[146.303s][debug][gc,phases      ] GC(17)   JNI Weak                       Min:  0.0, Avg:  0.0, Max:  0.0, Diff:  0.0, Sum:  0.0, Workers: 4
[146.303s][debug][gc,phases      ] GC(17)     Dead                           Min: 0, Avg:  0.0, Max: 0, Diff: 0, Sum: 0, Workers: 4
[146.303s][debug][gc,phases      ] GC(17)     Total                          Min: 0, Avg: 11.2, Max: 45, Diff: 45, Sum: 45, Workers: 4
[146.303s][debug][gc,phases      ] GC(17)   StringDedup Table Weak         Min:  0.0, Avg:  0.0, Max:  0.0, Diff:  0.0, Sum:  0.0, Workers: 4
[146.303s][debug][gc,phases      ] GC(17)     Dead                           Min: 0, Avg:  0.0, Max: 0, Diff: 0, Sum: 0, Workers: 4
[146.303s][debug][gc,phases      ] GC(17)     Total                          Min: 0, Avg:  0.0, Max: 0, Diff: 0, Sum: 0, Workers: 4
[146.303s][debug][gc,phases      ] GC(17)   StringDedup Requests0 Weak     Min:  0.0, Avg:  0.0, Max:  0.0, Diff:  0.0, Sum:  0.0, Workers: 4
[146.303s][debug][gc,phases      ] GC(17)     Dead                           Min: 0, Avg:  0.0, Max: 0, Diff: 0, Sum: 0, Workers: 4
[146.303s][debug][gc,phases      ] GC(17)     Total                          Min: 0, Avg:  0.0, Max: 0, Diff: 0, Sum: 0, Workers: 4
[146.303s][debug][gc,phases      ] GC(17)   StringDedup Requests1 Weak     Min:  0.0, Avg:  0.0, Max:  0.0, Diff:  0.0, Sum:  0.0, Workers: 4
[146.303s][debug][gc,phases      ] GC(17)     Dead                           Min: 0, Avg:  0.0, Max: 0, Diff: 0, Sum: 0, Workers: 4
[146.303s][debug][gc,phases      ] GC(17)     Total                          Min: 0, Avg:  0.0, Max: 0, Diff: 0, Sum: 0, Workers: 4
[146.303s][debug][gc,phases      ] GC(17)   Weak JFR Old Object Samples    Min:  0.0, Avg:  0.0, Max:  0.0, Diff:  0.0, Sum:  0.0, Workers: 4
[146.303s][debug][gc,phases      ] GC(17)     Dead                           Min: 0, Avg:  0.0, Max: 0, Diff: 0, Sum: 0, Workers: 4
[146.303s][debug][gc,phases      ] GC(17)     Total                          Min: 0, Avg:  0.0, Max: 0, Diff: 0, Sum: 0, Workers: 4
[146.303s][debug][gc,phases      ] GC(17) Weak Processing 0.686ms
[146.303s][debug][gc,age         ] GC(17) Desired survivor size 340262912 bytes, new threshold 15 (max threshold 15)
[146.303s][info ][gc,heap        ] GC(17) PSYoungGen: 1652266K(1757184K)->243221K(1748992K) Eden: 1409024K(1409024K)->0K(1409024K) From: 243242K(348160K)->243221K(339968K)
[146.303s][info ][gc,heap        ] GC(17) ParOldGen: 6100K(18432K)->6108K(18432K)
[146.303s][info ][gc,metaspace   ] GC(17) Metaspace: 81672K(82624K)->81672K(82624K) NonClass: 69533K(70016K)->69533K(70016K) Class: 12139K(12608K)->12139K(12608K)
[146.303s][info ][gc             ] GC(17) Pause Young (Allocation Failure) 1619M->243M(1726M) 81.846ms
[146.303s][info ][gc,cpu         ] GC(17) User=0.31s Sys=0.00s Real=0.08s
[146.303s][info ][safepoint      ] Safepoint "ParallelGCFailedAllocation", Time since last: 1219299120 ns, Reaching safepoint: 4400 ns, Cleanup: 4600 ns, At safepoint: 81934577 ns, Total: 81943577 ns
[150.303s][info ][safepoint      ] Safepoint "Cleanup", Time since last: 4000316614 ns, Reaching safepoint: 7000 ns, Cleanup: 15100 ns, At safepoint: 2500 ns, Total: 24600 ns
[154.304s][info ][safepoint      ] Safepoint "Cleanup", Time since last: 4000310103 ns, Reaching safepoint: 6900 ns, Cleanup: 16800 ns, At safepoint: 2700 ns, Total: 26400 ns
[155.304s][info ][safepoint      ] Safepoint "Cleanup", Time since last: 1000105683 ns, Reaching safepoint: 5800 ns, Cleanup: 13600 ns, At safepoint: 2100 ns, Total: 21500 ns
[156.304s][info ][safepoint      ] Safepoint "Cleanup", Time since last: 1000116483 ns, Reaching safepoint: 7600 ns, Cleanup: 14100 ns, At safepoint: 2100 ns, Total: 23800 ns
[157.571s][info ][safepoint      ] Safepoint "Cleanup", Time since last: 1266657031 ns, Reaching safepoint: 72301 ns, Cleanup: 16700 ns, At safepoint: 9000 ns, Total: 98001 ns
[158.571s][info ][safepoint      ] Safepoint "Cleanup", Time since last: 1000121483 ns, Reaching safepoint: 4800 ns, Cleanup: 103700 ns, At safepoint: 6501 ns, Total: 115001 ns
[160.022s][info ][safepoint      ] Safepoint "Cleanup", Time since last: 1450847181 ns, Reaching safepoint: 4200 ns, Cleanup: 170801 ns, At safepoint: 5200 ns, Total: 180201 ns
[160.617s][info ][gc,start       ] GC(18) Pause Young (Allocation Failure)
[160.698s][debug][gc,phases      ] GC(18) Scavenge 80.807ms
[160.698s][debug][gc,ref         ] GC(18) Skipped phase 1 of Reference Processing: no references
[160.698s][debug][gc,ref         ] GC(18) ReferenceProcessor::execute queues: 4, RefProcThreadModel::Multi, marks_oops_alive: false
[160.699s][debug][gc,ref         ] GC(18) Skipped phase 3 of Reference Processing: no references
[160.699s][debug][gc,ref         ] GC(18) ReferenceProcessor::execute queues: 1, RefProcThreadModel::Single, marks_oops_alive: false
[160.699s][debug][gc,phases      ] GC(18) Reference Processing 0.766ms
[160.699s][debug][gc,phases      ] GC(18)   VM Weak                        Min:  0.0, Avg:  0.0, Max:  0.0, Diff:  0.0, Sum:  0.0, Workers: 4
[160.699s][debug][gc,phases      ] GC(18)     Dead                           Min: 0, Avg:  0.0, Max: 0, Diff: 0, Sum: 0, Workers: 4
[160.699s][debug][gc,phases      ] GC(18)     Total                          Min: 75, Avg: 178.8, Max: 320, Diff: 245, Sum: 715, Workers: 4
[160.699s][debug][gc,phases      ] GC(18)   ObjectSynchronizer Weak        Min:  0.0, Avg:  0.0, Max:  0.0, Diff:  0.0, Sum:  0.0, Workers: 4
[160.699s][debug][gc,phases      ] GC(18)     Dead                           Min: 0, Avg:  0.0, Max: 0, Diff: 0, Sum: 0, Workers: 4
[160.699s][debug][gc,phases      ] GC(18)     Total                          Min: 0, Avg:  1.2, Max: 5, Diff: 5, Sum: 5, Workers: 4
[160.699s][debug][gc,phases      ] GC(18)   JVMTI Tag Weak OopStorage      Min:  0.0, Avg:  0.0, Max:  0.0, Diff:  0.0, Sum:  0.0, Workers: 4
[160.699s][debug][gc,phases      ] GC(18)     Dead                           Min: 0, Avg:  0.0, Max: 0, Diff: 0, Sum: 0, Workers: 4
[160.699s][debug][gc,phases      ] GC(18)     Total                          Min: 0, Avg:  0.0, Max: 0, Diff: 0, Sum: 0, Workers: 4
[160.699s][debug][gc,phases      ] GC(18)   StringTable Weak               Min:  0.3, Avg:  0.3, Max:  0.3, Diff:  0.0, Sum:  1.4, Workers: 4
[160.699s][debug][gc,phases      ] GC(18)     Dead                           Min: 0, Avg:  0.0, Max: 0, Diff: 0, Sum: 0, Workers: 4
[160.699s][debug][gc,phases      ] GC(18)     Total                          Min: 9792, Avg: 10728.5, Max: 11456, Diff: 1664, Sum: 42914, Workers: 4
[160.699s][debug][gc,phases      ] GC(18)   ResolvedMethodTable Weak       Min:  0.1, Avg:  0.1, Max:  0.1, Diff:  0.0, Sum:  0.4, Workers: 4
[160.699s][debug][gc,phases      ] GC(18)     Dead                           Min: 0, Avg:  0.0, Max: 0, Diff: 0, Sum: 0, Workers: 4
[160.699s][debug][gc,phases      ] GC(18)     Total                          Min: 2176, Avg: 2482.5, Max: 2688, Diff: 512, Sum: 9930, Workers: 4
[160.699s][debug][gc,phases      ] GC(18)   JNI Weak                       Min:  0.0, Avg:  0.0, Max:  0.0, Diff:  0.0, Sum:  0.0, Workers: 4
[160.699s][debug][gc,phases      ] GC(18)     Dead                           Min: 0, Avg:  0.0, Max: 0, Diff: 0, Sum: 0, Workers: 4
[160.699s][debug][gc,phases      ] GC(18)     Total                          Min: 0, Avg: 11.2, Max: 45, Diff: 45, Sum: 45, Workers: 4
[160.699s][debug][gc,phases      ] GC(18)   StringDedup Table Weak         Min:  0.0, Avg:  0.0, Max:  0.0, Diff:  0.0, Sum:  0.0, Workers: 4
[160.699s][debug][gc,phases      ] GC(18)     Dead                           Min: 0, Avg:  0.0, Max: 0, Diff: 0, Sum: 0, Workers: 4
[160.699s][debug][gc,phases      ] GC(18)     Total                          Min: 0, Avg:  0.0, Max: 0, Diff: 0, Sum: 0, Workers: 4
[160.699s][debug][gc,phases      ] GC(18)   StringDedup Requests0 Weak     Min:  0.0, Avg:  0.0, Max:  0.0, Diff:  0.0, Sum:  0.0, Workers: 4
[160.699s][debug][gc,phases      ] GC(18)     Dead                           Min: 0, Avg:  0.0, Max: 0, Diff: 0, Sum: 0, Workers: 4
[160.699s][debug][gc,phases      ] GC(18)     Total                          Min: 0, Avg:  0.0, Max: 0, Diff: 0, Sum: 0, Workers: 4
[160.699s][debug][gc,phases      ] GC(18)   StringDedup Requests1 Weak     Min:  0.0, Avg:  0.0, Max:  0.0, Diff:  0.0, Sum:  0.0, Workers: 4
[160.699s][debug][gc,phases      ] GC(18)     Dead                           Min: 0, Avg:  0.0, Max: 0, Diff: 0, Sum: 0, Workers: 4
[160.699s][debug][gc,phases      ] GC(18)     Total                          Min: 0, Avg:  0.0, Max: 0, Diff: 0, Sum: 0, Workers: 4
[160.699s][debug][gc,phases      ] GC(18)   Weak JFR Old Object Samples    Min:  0.0, Avg:  0.0, Max:  0.0, Diff:  0.0, Sum:  0.0, Workers: 4
[160.699s][debug][gc,phases      ] GC(18)     Dead                           Min: 0, Avg:  0.0, Max: 0, Diff: 0, Sum: 0, Workers: 4
[160.699s][debug][gc,phases      ] GC(18)     Total                          Min: 0, Avg:  0.0, Max: 0, Diff: 0, Sum: 0, Workers: 4
[160.699s][debug][gc,phases      ] GC(18) Weak Processing 0.604ms
[160.699s][debug][gc,age         ] GC(18) Desired survivor size 332922880 bytes, new threshold 15 (max threshold 15)
[160.699s][info ][gc,heap        ] GC(18) PSYoungGen: 1652245K(1748992K)->243390K(1772032K) Eden: 1409024K(1409024K)->0K(1439744K) From: 243221K(339968K)->243390K(332288K)
[160.699s][info ][gc,heap        ] GC(18) ParOldGen: 6108K(18432K)->6116K(18432K)
[160.699s][info ][gc,metaspace   ] GC(18) Metaspace: 81754K(82688K)->81754K(82688K) NonClass: 69610K(70080K)->69610K(70080K) Class: 12143K(12608K)->12143K(12608K)
[160.699s][info ][gc             ] GC(18) Pause Young (Allocation Failure) 1619M->243M(1748M) 82.311ms
[160.699s][info ][gc,cpu         ] GC(18) User=0.32s Sys=0.00s Real=0.08s
[160.699s][info ][safepoint      ] Safepoint "ParallelGCFailedAllocation", Time since last: 594971318 ns, Reaching safepoint: 80101 ns, Cleanup: 30600 ns, At safepoint: 82387570 ns, Total: 82498271 ns
[161.700s][info ][safepoint      ] Safepoint "Cleanup", Time since last: 1000115248 ns, Reaching safepoint: 7600 ns, Cleanup: 72901 ns, At safepoint: 2800 ns, Total: 83301 ns
[162.700s][info ][safepoint      ] Safepoint "Cleanup", Time since last: 1000139999 ns, Reaching safepoint: 6500 ns, Cleanup: 59900 ns, At safepoint: 2600 ns, Total: 69000 ns
[163.620s][info ][safepoint      ] Safepoint "ICBufferFull", Time since last: 920479158 ns, Reaching safepoint: 5200 ns, Cleanup: 164901 ns, At safepoint: 5800 ns, Total: 175901 ns
[164.824s][info ][safepoint      ] Safepoint "Cleanup", Time since last: 1203772983 ns, Reaching safepoint: 4300 ns, Cleanup: 69901 ns, At safepoint: 3500 ns, Total: 77701 ns
[165.824s][info ][safepoint      ] Safepoint "Cleanup", Time since last: 1000109699 ns, Reaching safepoint: 5100 ns, Cleanup: 23700 ns, At safepoint: 2200 ns, Total: 31000 ns
[166.825s][info ][safepoint      ] Safepoint "Cleanup", Time since last: 1000099199 ns, Reaching safepoint: 6200 ns, Cleanup: 98500 ns, At safepoint: 2500 ns, Total: 107200 ns
[167.825s][info ][safepoint      ] Safepoint "Cleanup", Time since last: 1000090699 ns, Reaching safepoint: 4000 ns, Cleanup: 49700 ns, At safepoint: 6501 ns, Total: 60201 ns
[168.825s][info ][safepoint      ] Safepoint "Cleanup", Time since last: 1000117898 ns, Reaching safepoint: 4800 ns, Cleanup: 66701 ns, At safepoint: 2400 ns, Total: 73901 ns
[170.270s][info ][safepoint      ] Safepoint "Cleanup", Time since last: 1444983460 ns, Reaching safepoint: 73500 ns, Cleanup: 88601 ns, At safepoint: 5300 ns, Total: 167401 ns
[171.270s][info ][safepoint      ] Safepoint "Cleanup", Time since last: 1000116473 ns, Reaching safepoint: 79001 ns, Cleanup: 52000 ns, At safepoint: 7100 ns, Total: 138101 ns
[172.271s][info ][safepoint      ] Safepoint "Cleanup", Time since last: 1000138274 ns, Reaching safepoint: 79501 ns, Cleanup: 30500 ns, At safepoint: 6500 ns, Total: 116501 ns
[173.271s][info ][safepoint      ] Safepoint "Cleanup", Time since last: 1000132673 ns, Reaching safepoint: 52201 ns, Cleanup: 47000 ns, At safepoint: 7700 ns, Total: 106901 ns
[173.469s][info ][gc,start       ] GC(19) Pause Young (Allocation Failure)
[173.553s][debug][gc,phases      ] GC(19) Scavenge 84.115ms
[173.553s][debug][gc,ref         ] GC(19) Skipped phase 1 of Reference Processing: no references
[173.554s][debug][gc,ref         ] GC(19) ReferenceProcessor::execute queues: 4, RefProcThreadModel::Multi, marks_oops_alive: false
[173.554s][debug][gc,ref         ] GC(19) Skipped phase 3 of Reference Processing: no references
[173.554s][debug][gc,ref         ] GC(19) ReferenceProcessor::execute queues: 1, RefProcThreadModel::Single, marks_oops_alive: false
[173.554s][debug][gc,phases      ] GC(19) Reference Processing 0.883ms
[173.555s][debug][gc,phases      ] GC(19)   VM Weak                        Min:  0.0, Avg:  0.0, Max:  0.0, Diff:  0.0, Sum:  0.0, Workers: 4
[173.555s][debug][gc,phases      ] GC(19)     Dead                           Min: 0, Avg:  0.0, Max: 0, Diff: 0, Sum: 0, Workers: 4
[173.555s][debug][gc,phases      ] GC(19)     Total                          Min: 76, Avg: 179.0, Max: 320, Diff: 244, Sum: 716, Workers: 4
[173.555s][debug][gc,phases      ] GC(19)   ObjectSynchronizer Weak        Min:  0.0, Avg:  0.0, Max:  0.0, Diff:  0.0, Sum:  0.0, Workers: 4
[173.555s][debug][gc,phases      ] GC(19)     Dead                           Min: 0, Avg:  0.0, Max: 0, Diff: 0, Sum: 0, Workers: 4
[173.555s][debug][gc,phases      ] GC(19)     Total                          Min: 0, Avg:  1.2, Max: 5, Diff: 5, Sum: 5, Workers: 4
[173.555s][debug][gc,phases      ] GC(19)   JVMTI Tag Weak OopStorage      Min:  0.0, Avg:  0.0, Max:  0.0, Diff:  0.0, Sum:  0.0, Workers: 4
[173.555s][debug][gc,phases      ] GC(19)     Dead                           Min: 0, Avg:  0.0, Max: 0, Diff: 0, Sum: 0, Workers: 4
[173.555s][debug][gc,phases      ] GC(19)     Total                          Min: 0, Avg:  0.0, Max: 0, Diff: 0, Sum: 0, Workers: 4
[173.555s][debug][gc,phases      ] GC(19)   StringTable Weak               Min:  0.4, Avg:  0.4, Max:  0.4, Diff:  0.0, Sum:  1.4, Workers: 4
[173.555s][debug][gc,phases      ] GC(19)     Dead                           Min: 0, Avg:  0.2, Max: 1, Diff: 1, Sum: 1, Workers: 4
[173.555s][debug][gc,phases      ] GC(19)     Total                          Min: 8960, Avg: 10785.5, Max: 12102, Diff: 3142, Sum: 43142, Workers: 4
[173.555s][debug][gc,phases      ] GC(19)   ResolvedMethodTable Weak       Min:  0.1, Avg:  0.1, Max:  0.1, Diff:  0.0, Sum:  0.4, Workers: 4
[173.555s][debug][gc,phases      ] GC(19)     Dead                           Min: 0, Avg:  0.0, Max: 0, Diff: 0, Sum: 0, Workers: 4
[173.555s][debug][gc,phases      ] GC(19)     Total                          Min: 2171, Avg: 2494.2, Max: 2687, Diff: 516, Sum: 9977, Workers: 4
[173.555s][debug][gc,phases      ] GC(19)   JNI Weak                       Min:  0.0, Avg:  0.0, Max:  0.0, Diff:  0.0, Sum:  0.0, Workers: 4
[173.555s][debug][gc,phases      ] GC(19)     Dead                           Min: 0, Avg:  0.0, Max: 0, Diff: 0, Sum: 0, Workers: 4
[173.555s][debug][gc,phases      ] GC(19)     Total                          Min: 0, Avg: 11.2, Max: 45, Diff: 45, Sum: 45, Workers: 4
[173.555s][debug][gc,phases      ] GC(19)   StringDedup Table Weak         Min:  0.0, Avg:  0.0, Max:  0.0, Diff:  0.0, Sum:  0.0, Workers: 4
[173.555s][debug][gc,phases      ] GC(19)     Dead                           Min: 0, Avg:  0.0, Max: 0, Diff: 0, Sum: 0, Workers: 4
[173.555s][debug][gc,phases      ] GC(19)     Total                          Min: 0, Avg:  0.0, Max: 0, Diff: 0, Sum: 0, Workers: 4
[173.555s][debug][gc,phases      ] GC(19)   StringDedup Requests0 Weak     Min:  0.0, Avg:  0.0, Max:  0.0, Diff:  0.0, Sum:  0.0, Workers: 4
[173.555s][debug][gc,phases      ] GC(19)     Dead                           Min: 0, Avg:  0.0, Max: 0, Diff: 0, Sum: 0, Workers: 4
[173.555s][debug][gc,phases      ] GC(19)     Total                          Min: 0, Avg:  0.0, Max: 0, Diff: 0, Sum: 0, Workers: 4
[173.555s][debug][gc,phases      ] GC(19)   StringDedup Requests1 Weak     Min:  0.0, Avg:  0.0, Max:  0.0, Diff:  0.0, Sum:  0.0, Workers: 4
[173.555s][debug][gc,phases      ] GC(19)     Dead                           Min: 0, Avg:  0.0, Max: 0, Diff: 0, Sum: 0, Workers: 4
[173.555s][debug][gc,phases      ] GC(19)     Total                          Min: 0, Avg:  0.0, Max: 0, Diff: 0, Sum: 0, Workers: 4
[173.555s][debug][gc,phases      ] GC(19)   Weak JFR Old Object Samples    Min:  0.0, Avg:  0.0, Max:  0.0, Diff:  0.0, Sum:  0.0, Workers: 4
[173.555s][debug][gc,phases      ] GC(19)     Dead                           Min: 0, Avg:  0.0, Max: 0, Diff: 0, Sum: 0, Workers: 4
[173.555s][debug][gc,phases      ] GC(19)     Total                          Min: 0, Avg:  0.0, Max: 0, Diff: 0, Sum: 0, Workers: 4
[173.555s][debug][gc,phases      ] GC(19) Weak Processing 0.632ms
[173.555s][debug][gc,age         ] GC(19) Desired survivor size 327680000 bytes, new threshold 15 (max threshold 15)
[173.555s][info ][gc,heap        ] GC(19) PSYoungGen: 1683134K(1772032K)->217441K(1764864K) Eden: 1439744K(1439744K)->0K(1439744K) From: 243390K(332288K)->217441K(325120K)
[173.555s][info ][gc,heap        ] GC(19) ParOldGen: 6116K(18432K)->32276K(32768K)
[173.555s][info ][gc,metaspace   ] GC(19) Metaspace: 82078K(82944K)->82078K(82944K) NonClass: 69899K(70336K)->69899K(70336K) Class: 12179K(12608K)->12179K(12608K)
[173.555s][info ][gc             ] GC(19) Pause Young (Allocation Failure) 1649M->243M(1755M) 85.775ms
[173.555s][info ][gc,cpu         ] GC(19) User=0.33s Sys=0.00s Real=0.08s
[173.555s][debug][gc,phases      ] GC(20) Pre Compact 0.009ms
[173.555s][info ][gc,start       ] GC(20) Pause Full (Ergonomics)
[173.555s][info ][gc,phases,start] GC(20) Marking Phase
[173.640s][debug][gc,phases      ] GC(20) Par Mark 85.398ms
[173.640s][debug][gc,ref         ] GC(20) Skipped phase 1 of Reference Processing: no references
[173.641s][debug][gc,ref         ] GC(20) ReferenceProcessor::execute queues: 4, RefProcThreadModel::Multi, marks_oops_alive: false
[173.641s][debug][gc,ref         ] GC(20) Skipped phase 3 of Reference Processing: no references
[173.641s][debug][gc,ref         ] GC(20) ReferenceProcessor::execute queues: 1, RefProcThreadModel::Single, marks_oops_alive: false
[173.641s][debug][gc,phases      ] GC(20) Reference Processing 0.469ms
[173.641s][debug][gc,phases      ] GC(20)   VM Weak                        Min:  0.0, Avg:  0.0, Max:  0.0, Diff:  0.0, Sum:  0.0, Workers: 4
[173.641s][debug][gc,phases      ] GC(20)     Dead                           Min: 0, Avg:  0.0, Max: 0, Diff: 0, Sum: 0, Workers: 4
[173.641s][debug][gc,phases      ] GC(20)     Total                          Min: 0, Avg: 179.0, Max: 332, Diff: 332, Sum: 716, Workers: 4
[173.641s][debug][gc,phases      ] GC(20)   ObjectSynchronizer Weak        Min:  0.0, Avg:  0.0, Max:  0.0, Diff:  0.0, Sum:  0.0, Workers: 4
[173.641s][debug][gc,phases      ] GC(20)     Dead                           Min: 0, Avg:  0.0, Max: 0, Diff: 0, Sum: 0, Workers: 4
[173.641s][debug][gc,phases      ] GC(20)     Total                          Min: 0, Avg:  1.2, Max: 5, Diff: 5, Sum: 5, Workers: 4
[173.641s][debug][gc,phases      ] GC(20)   JVMTI Tag Weak OopStorage      Min:  0.0, Avg:  0.0, Max:  0.0, Diff:  0.0, Sum:  0.0, Workers: 4
[173.641s][debug][gc,phases      ] GC(20)     Dead                           Min: 0, Avg:  0.0, Max: 0, Diff: 0, Sum: 0, Workers: 4
[173.641s][debug][gc,phases      ] GC(20)     Total                          Min: 0, Avg:  0.0, Max: 0, Diff: 0, Sum: 0, Workers: 4
[173.641s][debug][gc,phases      ] GC(20)   StringTable Weak               Min:  0.0, Avg:  0.1, Max:  0.2, Diff:  0.2, Sum:  0.6, Workers: 4
[173.641s][debug][gc,phases      ] GC(20)     Dead                           Min: 0, Avg:  0.0, Max: 0, Diff: 0, Sum: 0, Workers: 4
[173.641s][debug][gc,phases      ] GC(20)     Total                          Min: 0, Avg: 10785.5, Max: 15302, Diff: 15302, Sum: 43142, Workers: 4
[173.641s][debug][gc,phases      ] GC(20)   ResolvedMethodTable Weak       Min:  0.0, Avg:  0.0, Max:  0.0, Diff:  0.0, Sum:  0.1, Workers: 4
[173.641s][debug][gc,phases      ] GC(20)     Dead                           Min: 0, Avg:  0.0, Max: 0, Diff: 0, Sum: 0, Workers: 4
[173.641s][debug][gc,phases      ] GC(20)     Total                          Min: 0, Avg: 2494.2, Max: 3583, Diff: 3583, Sum: 9977, Workers: 4
[173.641s][debug][gc,phases      ] GC(20)   JNI Weak                       Min:  0.0, Avg:  0.0, Max:  0.0, Diff:  0.0, Sum:  0.0, Workers: 4
[173.641s][debug][gc,phases      ] GC(20)     Dead                           Min: 0, Avg:  0.0, Max: 0, Diff: 0, Sum: 0, Workers: 4
[173.641s][debug][gc,phases      ] GC(20)     Total                          Min: 0, Avg: 11.2, Max: 45, Diff: 45, Sum: 45, Workers: 4
[173.641s][debug][gc,phases      ] GC(20)   StringDedup Table Weak         Min:  0.0, Avg:  0.0, Max:  0.0, Diff:  0.0, Sum:  0.0, Workers: 4
[173.641s][debug][gc,phases      ] GC(20)     Dead                           Min: 0, Avg:  0.0, Max: 0, Diff: 0, Sum: 0, Workers: 4
[173.641s][debug][gc,phases      ] GC(20)     Total                          Min: 0, Avg:  0.0, Max: 0, Diff: 0, Sum: 0, Workers: 4
[173.641s][debug][gc,phases      ] GC(20)   StringDedup Requests0 Weak     Min:  0.0, Avg:  0.0, Max:  0.0, Diff:  0.0, Sum:  0.0, Workers: 4
[173.641s][debug][gc,phases      ] GC(20)     Dead                           Min: 0, Avg:  0.0, Max: 0, Diff: 0, Sum: 0, Workers: 4
[173.641s][debug][gc,phases      ] GC(20)     Total                          Min: 0, Avg:  0.0, Max: 0, Diff: 0, Sum: 0, Workers: 4
[173.641s][debug][gc,phases      ] GC(20)   StringDedup Requests1 Weak     Min:  0.0, Avg:  0.0, Max:  0.0, Diff:  0.0, Sum:  0.0, Workers: 4
[173.641s][debug][gc,phases      ] GC(20)     Dead                           Min: 0, Avg:  0.0, Max: 0, Diff: 0, Sum: 0, Workers: 4
[173.641s][debug][gc,phases      ] GC(20)     Total                          Min: 0, Avg:  0.0, Max: 0, Diff: 0, Sum: 0, Workers: 4
[173.641s][debug][gc,phases      ] GC(20)   Weak JFR Old Object Samples    Min:  0.0, Avg:  0.0, Max:  0.0, Diff:  0.0, Sum:  0.0, Workers: 4
[173.641s][debug][gc,phases      ] GC(20)     Dead                           Min: 0, Avg:  0.0, Max: 0, Diff: 0, Sum: 0, Workers: 4
[173.641s][debug][gc,phases      ] GC(20)     Total                          Min: 0, Avg:  0.0, Max: 0, Diff: 0, Sum: 0, Workers: 4
[173.641s][debug][gc,phases      ] GC(20) Weak Processing 0.414ms
[173.641s][debug][gc,phases      ] GC(20) ClassLoaderData 0.103ms
[173.641s][debug][gc,phases      ] GC(20) Trigger cleanups 0.000ms
[173.659s][debug][gc,phases      ] GC(20) Class Unloading 17.444ms
[173.659s][debug][gc,phases      ] GC(20) Report Object Count 0.002ms
[173.659s][info ][gc,phases      ] GC(20) Marking Phase 103.907ms
[173.659s][info ][gc,phases,start] GC(20) Summary Phase
[173.659s][info ][gc,phases      ] GC(20) Summary Phase 0.013ms
[173.659s][info ][gc,phases,start] GC(20) Adjust Roots
[173.676s][info ][gc,phases      ] GC(20) Adjust Roots 16.861ms
[173.676s][info ][gc,phases,start] GC(20) Compaction Phase
[174.332s][info ][gc,phases      ] GC(20) Compaction Phase 656.053ms
[174.332s][info ][gc,phases,start] GC(20) Post Compact
[174.335s][info ][gc,phases      ] GC(20) Post Compact 2.617ms
[174.335s][info ][gc,heap        ] GC(20) PSYoungGen: 217441K(1764864K)->215861K(1764864K) Eden: 0K(1439744K)->0K(1439744K) From: 217441K(325120K)->215861K(325120K)
[174.335s][info ][gc,heap        ] GC(20) ParOldGen: 32276K(32768K)->32604K(66560K)
[174.335s][info ][gc,metaspace   ] GC(20) Metaspace: 82078K(82944K)->82078K(82944K) NonClass: 69899K(70336K)->69899K(70336K) Class: 12179K(12608K)->12179K(12608K)
[174.335s][info ][gc             ] GC(20) Pause Full (Ergonomics) 243M->242M(1788M) 779.678ms
[174.335s][info ][gc,cpu         ] GC(20) User=1.96s Sys=0.02s Real=0.78s
[174.335s][info ][safepoint      ] Safepoint "ParallelGCFailedAllocation", Time since last: 198193303 ns, Reaching safepoint: 5300 ns, Cleanup: 10700 ns, At safepoint: 865598989 ns, Total: 865614989 ns
[175.335s][info ][safepoint      ] Safepoint "Cleanup", Time since last: 1000097474 ns, Reaching safepoint: 7200 ns, Cleanup: 39100 ns, At safepoint: 2500 ns, Total: 48800 ns
[176.335s][info ][safepoint      ] Safepoint "Cleanup", Time since last: 1000106974 ns, Reaching safepoint: 5700 ns, Cleanup: 39200 ns, At safepoint: 2000 ns, Total: 46900 ns
[177.587s][info ][safepoint      ] Safepoint "Cleanup", Time since last: 1252149189 ns, Reaching safepoint: 5900 ns, Cleanup: 67500 ns, At safepoint: 19200 ns, Total: 92600 ns
[178.587s][info ][safepoint      ] Safepoint "Cleanup", Time since last: 1000124379 ns, Reaching safepoint: 7701 ns, Cleanup: 27700 ns, At safepoint: 6700 ns, Total: 42101 ns
[179.588s][info ][safepoint      ] Safepoint "Cleanup", Time since last: 1000104379 ns, Reaching safepoint: 5300 ns, Cleanup: 16200 ns, At safepoint: 1900 ns, Total: 23400 ns
[181.080s][info ][safepoint      ] Safepoint "Cleanup", Time since last: 1492573471 ns, Reaching safepoint: 72200 ns, Cleanup: 11300 ns, At safepoint: 9700 ns, Total: 93200 ns
[182.080s][info ][safepoint      ] Safepoint "Cleanup", Time since last: 1000111879 ns, Reaching safepoint: 5100 ns, Cleanup: 21200 ns, At safepoint: 1900 ns, Total: 28200 ns
[183.080s][info ][safepoint      ] Safepoint "Cleanup", Time since last: 1000078779 ns, Reaching safepoint: 5200 ns, Cleanup: 22600 ns, At safepoint: 2000 ns, Total: 29800 ns
[184.081s][info ][safepoint      ] Safepoint "Cleanup", Time since last: 1000110879 ns, Reaching safepoint: 5800 ns, Cleanup: 14200 ns, At safepoint: 2200 ns, Total: 22200 ns
[185.081s][info ][safepoint      ] Safepoint "Cleanup", Time since last: 1000121846 ns, Reaching safepoint: 7000 ns, Cleanup: 15701 ns, At safepoint: 2800 ns, Total: 25501 ns
[186.081s][info ][safepoint      ] Safepoint "Cleanup", Time since last: 1000119745 ns, Reaching safepoint: 7500 ns, Cleanup: 51100 ns, At safepoint: 7100 ns, Total: 65700 ns
[186.418s][info ][gc,start       ] GC(21) Pause Young (Allocation Failure)
[186.510s][debug][gc,phases      ] GC(21) Scavenge 91.670ms
[186.510s][debug][gc,ref         ] GC(21) Skipped phase 1 of Reference Processing: no references
[186.510s][debug][gc,ref         ] GC(21) ReferenceProcessor::execute queues: 4, RefProcThreadModel::Multi, marks_oops_alive: false
[186.510s][debug][gc,ref         ] GC(21) Skipped phase 3 of Reference Processing: no references
[186.510s][debug][gc,ref         ] GC(21) ReferenceProcessor::execute queues: 1, RefProcThreadModel::Single, marks_oops_alive: false
[186.511s][debug][gc,phases      ] GC(21) Reference Processing 0.689ms
[186.511s][debug][gc,phases      ] GC(21)   VM Weak                        Min:  0.0, Avg:  0.0, Max:  0.0, Diff:  0.0, Sum:  0.0, Workers: 4
[186.511s][debug][gc,phases      ] GC(21)     Dead                           Min: 0, Avg:  0.0, Max: 0, Diff: 0, Sum: 0, Workers: 4
[186.511s][debug][gc,phases      ] GC(21)     Total                          Min: 0, Avg: 179.0, Max: 460, Diff: 460, Sum: 716, Workers: 4
[186.511s][debug][gc,phases      ] GC(21)   ObjectSynchronizer Weak        Min:  0.0, Avg:  0.0, Max:  0.0, Diff:  0.0, Sum:  0.0, Workers: 4
[186.511s][debug][gc,phases      ] GC(21)     Dead                           Min: 0, Avg:  0.0, Max: 0, Diff: 0, Sum: 0, Workers: 4
[186.511s][debug][gc,phases      ] GC(21)     Total                          Min: 0, Avg:  1.2, Max: 5, Diff: 5, Sum: 5, Workers: 4
[186.511s][debug][gc,phases      ] GC(21)   JVMTI Tag Weak OopStorage      Min:  0.0, Avg:  0.0, Max:  0.0, Diff:  0.0, Sum:  0.0, Workers: 4
[186.511s][debug][gc,phases      ] GC(21)     Dead                           Min: 0, Avg:  0.0, Max: 0, Diff: 0, Sum: 0, Workers: 4
[186.511s][debug][gc,phases      ] GC(21)     Total                          Min: 0, Avg:  0.0, Max: 0, Diff: 0, Sum: 0, Workers: 4
[186.511s][debug][gc,phases      ] GC(21)   StringTable Weak               Min:  0.3, Avg:  0.3, Max:  0.3, Diff:  0.1, Sum:  1.2, Workers: 4
[186.511s][debug][gc,phases      ] GC(21)     Dead                           Min: 0, Avg:  0.0, Max: 0, Diff: 0, Sum: 0, Workers: 4
[186.511s][debug][gc,phases      ] GC(21)     Total                          Min: 3840, Avg: 10793.8, Max: 18752, Diff: 14912, Sum: 43175, Workers: 4
[186.511s][debug][gc,phases      ] GC(21)   ResolvedMethodTable Weak       Min:  0.0, Avg:  0.1, Max:  0.1, Diff:  0.1, Sum:  0.3, Workers: 4
[186.511s][debug][gc,phases      ] GC(21)     Dead                           Min: 0, Avg:  0.0, Max: 0, Diff: 0, Sum: 0, Workers: 4
[186.511s][debug][gc,phases      ] GC(21)     Total                          Min: 0, Avg: 2494.5, Max: 4480, Diff: 4480, Sum: 9978, Workers: 4
[186.511s][debug][gc,phases      ] GC(21)   JNI Weak                       Min:  0.0, Avg:  0.0, Max:  0.0, Diff:  0.0, Sum:  0.0, Workers: 4
[186.511s][debug][gc,phases      ] GC(21)     Dead                           Min: 0, Avg:  0.0, Max: 0, Diff: 0, Sum: 0, Workers: 4
[186.511s][debug][gc,phases      ] GC(21)     Total                          Min: 0, Avg: 11.2, Max: 45, Diff: 45, Sum: 45, Workers: 4
[186.511s][debug][gc,phases      ] GC(21)   StringDedup Table Weak         Min:  0.0, Avg:  0.0, Max:  0.0, Diff:  0.0, Sum:  0.0, Workers: 4
[186.511s][debug][gc,phases      ] GC(21)     Dead                           Min: 0, Avg:  0.0, Max: 0, Diff: 0, Sum: 0, Workers: 4
[186.511s][debug][gc,phases      ] GC(21)     Total                          Min: 0, Avg:  0.0, Max: 0, Diff: 0, Sum: 0, Workers: 4
[186.511s][debug][gc,phases      ] GC(21)   StringDedup Requests0 Weak     Min:  0.0, Avg:  0.0, Max:  0.0, Diff:  0.0, Sum:  0.0, Workers: 4
[186.511s][debug][gc,phases      ] GC(21)     Dead                           Min: 0, Avg:  0.0, Max: 0, Diff: 0, Sum: 0, Workers: 4
[186.511s][debug][gc,phases      ] GC(21)     Total                          Min: 0, Avg:  0.0, Max: 0, Diff: 0, Sum: 0, Workers: 4
[186.511s][debug][gc,phases      ] GC(21)   StringDedup Requests1 Weak     Min:  0.0, Avg:  0.0, Max:  0.0, Diff:  0.0, Sum:  0.0, Workers: 4
[186.511s][debug][gc,phases      ] GC(21)     Dead                           Min: 0, Avg:  0.0, Max: 0, Diff: 0, Sum: 0, Workers: 4
[186.511s][debug][gc,phases      ] GC(21)     Total                          Min: 0, Avg:  0.0, Max: 0, Diff: 0, Sum: 0, Workers: 4
[186.511s][debug][gc,phases      ] GC(21)   Weak JFR Old Object Samples    Min:  0.0, Avg:  0.0, Max:  0.0, Diff:  0.0, Sum:  0.0, Workers: 4
[186.511s][debug][gc,phases      ] GC(21)     Dead                           Min: 0, Avg:  0.0, Max: 0, Diff: 0, Sum: 0, Workers: 4
[186.511s][debug][gc,phases      ] GC(21)     Total                          Min: 0, Avg:  0.0, Max: 0, Diff: 0, Sum: 0, Workers: 4
[186.511s][debug][gc,phases      ] GC(21) Weak Processing 0.592ms
[186.511s][debug][gc,age         ] GC(21) Desired survivor size 332398592 bytes, new threshold 15 (max threshold 15)
[186.511s][info ][gc,heap        ] GC(21) PSYoungGen: 1655605K(1764864K)->157166K(1767936K) Eden: 1439744K(1439744K)->0K(1447936K) From: 215861K(325120K)->157166K(320000K)
[186.511s][info ][gc,heap        ] GC(21) ParOldGen: 32604K(66560K)->92564K(92672K)
[186.511s][info ][gc,metaspace   ] GC(21) Metaspace: 82105K(83008K)->82105K(83008K) NonClass: 69923K(70400K)->69923K(70400K) Class: 12182K(12608K)->12182K(12608K)
[186.511s][info ][gc             ] GC(21) Pause Young (Allocation Failure) 1648M->243M(1817M) 93.092ms
[186.511s][info ][gc,cpu         ] GC(21) User=0.32s Sys=0.03s Real=0.09s
[186.511s][debug][gc,phases      ] GC(22) Pre Compact 0.008ms
[186.511s][info ][gc,start       ] GC(22) Pause Full (Ergonomics)
[186.511s][info ][gc,phases,start] GC(22) Marking Phase
[186.601s][debug][gc,phases      ] GC(22) Par Mark 89.978ms
[186.601s][debug][gc,ref         ] GC(22) Skipped phase 1 of Reference Processing: no references
[186.601s][debug][gc,ref         ] GC(22) ReferenceProcessor::execute queues: 4, RefProcThreadModel::Multi, marks_oops_alive: false
[186.602s][debug][gc,ref         ] GC(22) Skipped phase 3 of Reference Processing: no references
[186.602s][debug][gc,ref         ] GC(22) ReferenceProcessor::execute queues: 1, RefProcThreadModel::Single, marks_oops_alive: false
[186.602s][debug][gc,phases      ] GC(22) Reference Processing 0.485ms
[186.602s][debug][gc,phases      ] GC(22)   VM Weak                        Min:  0.0, Avg:  0.0, Max:  0.0, Diff:  0.0, Sum:  0.0, Workers: 4
[186.602s][debug][gc,phases      ] GC(22)     Dead                           Min: 0, Avg:  0.0, Max: 0, Diff: 0, Sum: 0, Workers: 4
[186.602s][debug][gc,phases      ] GC(22)     Total                          Min: 76, Avg: 179.0, Max: 256, Diff: 180, Sum: 716, Workers: 4
[186.602s][debug][gc,phases      ] GC(22)   ObjectSynchronizer Weak        Min:  0.0, Avg:  0.0, Max:  0.0, Diff:  0.0, Sum:  0.0, Workers: 4
[186.602s][debug][gc,phases      ] GC(22)     Dead                           Min: 0, Avg:  0.0, Max: 0, Diff: 0, Sum: 0, Workers: 4
[186.602s][debug][gc,phases      ] GC(22)     Total                          Min: 0, Avg:  1.2, Max: 5, Diff: 5, Sum: 5, Workers: 4
[186.602s][debug][gc,phases      ] GC(22)   JVMTI Tag Weak OopStorage      Min:  0.0, Avg:  0.0, Max:  0.0, Diff:  0.0, Sum:  0.0, Workers: 4
[186.602s][debug][gc,phases      ] GC(22)     Dead                           Min: 0, Avg:  0.0, Max: 0, Diff: 0, Sum: 0, Workers: 4
[186.602s][debug][gc,phases      ] GC(22)     Total                          Min: 0, Avg:  0.0, Max: 0, Diff: 0, Sum: 0, Workers: 4
[186.602s][debug][gc,phases      ] GC(22)   StringTable Weak               Min:  0.2, Avg:  0.2, Max:  0.2, Diff:  0.0, Sum:  0.7, Workers: 4
[186.602s][debug][gc,phases      ] GC(22)     Dead                           Min: 0, Avg:  0.0, Max: 0, Diff: 0, Sum: 0, Workers: 4
[186.602s][debug][gc,phases      ] GC(22)     Total                          Min: 9600, Avg: 10793.8, Max: 11431, Diff: 1831, Sum: 43175, Workers: 4
[186.602s][debug][gc,phases      ] GC(22)   ResolvedMethodTable Weak       Min:  0.0, Avg:  0.0, Max:  0.0, Diff:  0.0, Sum:  0.1, Workers: 4
[186.602s][debug][gc,phases      ] GC(22)     Dead                           Min: 0, Avg:  0.0, Max: 0, Diff: 0, Sum: 0, Workers: 4
[186.602s][debug][gc,phases      ] GC(22)     Total                          Min: 2367, Avg: 2494.5, Max: 2687, Diff: 320, Sum: 9978, Workers: 4
[186.602s][debug][gc,phases      ] GC(22)   JNI Weak                       Min:  0.0, Avg:  0.0, Max:  0.0, Diff:  0.0, Sum:  0.0, Workers: 4
[186.602s][debug][gc,phases      ] GC(22)     Dead                           Min: 0, Avg:  0.0, Max: 0, Diff: 0, Sum: 0, Workers: 4
[186.602s][debug][gc,phases      ] GC(22)     Total                          Min: 0, Avg: 11.2, Max: 45, Diff: 45, Sum: 45, Workers: 4
[186.602s][debug][gc,phases      ] GC(22)   StringDedup Table Weak         Min:  0.0, Avg:  0.0, Max:  0.0, Diff:  0.0, Sum:  0.0, Workers: 4
[186.602s][debug][gc,phases      ] GC(22)     Dead                           Min: 0, Avg:  0.0, Max: 0, Diff: 0, Sum: 0, Workers: 4
[186.602s][debug][gc,phases      ] GC(22)     Total                          Min: 0, Avg:  0.0, Max: 0, Diff: 0, Sum: 0, Workers: 4
[186.602s][debug][gc,phases      ] GC(22)   StringDedup Requests0 Weak     Min:  0.0, Avg:  0.0, Max:  0.0, Diff:  0.0, Sum:  0.0, Workers: 4
[186.602s][debug][gc,phases      ] GC(22)     Dead                           Min: 0, Avg:  0.0, Max: 0, Diff: 0, Sum: 0, Workers: 4
[186.602s][debug][gc,phases      ] GC(22)     Total                          Min: 0, Avg:  0.0, Max: 0, Diff: 0, Sum: 0, Workers: 4
[186.602s][debug][gc,phases      ] GC(22)   StringDedup Requests1 Weak     Min:  0.0, Avg:  0.0, Max:  0.0, Diff:  0.0, Sum:  0.0, Workers: 4
[186.602s][debug][gc,phases      ] GC(22)     Dead                           Min: 0, Avg:  0.0, Max: 0, Diff: 0, Sum: 0, Workers: 4
[186.602s][debug][gc,phases      ] GC(22)     Total                          Min: 0, Avg:  0.0, Max: 0, Diff: 0, Sum: 0, Workers: 4
[186.602s][debug][gc,phases      ] GC(22)   Weak JFR Old Object Samples    Min:  0.0, Avg:  0.0, Max:  0.0, Diff:  0.0, Sum:  0.0, Workers: 4
[186.602s][debug][gc,phases      ] GC(22)     Dead                           Min: 0, Avg:  0.0, Max: 0, Diff: 0, Sum: 0, Workers: 4
[186.602s][debug][gc,phases      ] GC(22)     Total                          Min: 0, Avg:  0.0, Max: 0, Diff: 0, Sum: 0, Workers: 4
[186.602s][debug][gc,phases      ] GC(22) Weak Processing 0.391ms
[186.602s][debug][gc,phases      ] GC(22) ClassLoaderData 0.101ms
[186.602s][debug][gc,phases      ] GC(22) Trigger cleanups 0.000ms
[186.620s][debug][gc,phases      ] GC(22) Class Unloading 17.371ms
[186.620s][debug][gc,phases      ] GC(22) Report Object Count 0.002ms
[186.620s][info ][gc,phases      ] GC(22) Marking Phase 108.420ms
[186.620s][info ][gc,phases,start] GC(22) Summary Phase
[186.620s][info ][gc,phases      ] GC(22) Summary Phase 0.009ms
[186.620s][info ][gc,phases,start] GC(22) Adjust Roots
[186.638s][info ][gc,phases      ] GC(22) Adjust Roots 18.373ms
[186.638s][info ][gc,phases,start] GC(22) Compaction Phase
[187.031s][info ][gc,phases      ] GC(22) Compaction Phase 393.227ms
[187.031s][info ][gc,phases,start] GC(22) Post Compact
[187.034s][info ][gc,phases      ] GC(22) Post Compact 2.580ms
[187.034s][info ][gc,heap        ] GC(22) PSYoungGen: 157166K(1767936K)->156126K(1767936K) Eden: 0K(1447936K)->0K(1447936K) From: 157166K(320000K)->156126K(320000K)
[187.034s][info ][gc,heap        ] GC(22) ParOldGen: 92564K(92672K)->92247K(160768K)
[187.034s][info ][gc,metaspace   ] GC(22) Metaspace: 82105K(83008K)->82105K(83008K) NonClass: 69923K(70400K)->69923K(70400K) Class: 12182K(12608K)->12182K(12608K)
[187.034s][info ][gc             ] GC(22) Pause Full (Ergonomics) 243M->242M(1883M) 522.913ms
[187.034s][info ][gc,cpu         ] GC(22) User=1.42s Sys=0.01s Real=0.52s
[187.034s][info ][safepoint      ] Safepoint "ParallelGCFailedAllocation", Time since last: 337107604 ns, Reaching safepoint: 5600 ns, Cleanup: 11201 ns, At safepoint: 616133828 ns, Total: 616150629 ns
[188.034s][info ][safepoint      ] Safepoint "Cleanup", Time since last: 1000085140 ns, Reaching safepoint: 6400 ns, Cleanup: 19100 ns, At safepoint: 2100 ns, Total: 27600 ns
[189.034s][info ][safepoint      ] Safepoint "Cleanup", Time since last: 1000115939 ns, Reaching safepoint: 7900 ns, Cleanup: 31801 ns, At safepoint: 2600 ns, Total: 42301 ns
[190.035s][info ][safepoint      ] Safepoint "Cleanup", Time since last: 1000109639 ns, Reaching safepoint: 6300 ns, Cleanup: 16600 ns, At safepoint: 2100 ns, Total: 25000 ns
[191.035s][info ][safepoint      ] Safepoint "Cleanup", Time since last: 1000333841 ns, Reaching safepoint: 8200 ns, Cleanup: 26000 ns, At safepoint: 9001 ns, Total: 43201 ns
[194.035s][info ][safepoint      ] Safepoint "Cleanup", Time since last: 3000263460 ns, Reaching safepoint: 10700 ns, Cleanup: 15800 ns, At safepoint: 2800 ns, Total: 29300 ns
[195.035s][info ][safepoint      ] Safepoint "Cleanup", Time since last: 1000117962 ns, Reaching safepoint: 6900 ns, Cleanup: 14100 ns, At safepoint: 2700 ns, Total: 23700 ns
[196.036s][info ][safepoint      ] Safepoint "Cleanup", Time since last: 1000133662 ns, Reaching safepoint: 8700 ns, Cleanup: 23700 ns, At safepoint: 2200 ns, Total: 34600 ns
[197.036s][info ][safepoint      ] Safepoint "Cleanup", Time since last: 1000128462 ns, Reaching safepoint: 8600 ns, Cleanup: 29100 ns, At safepoint: 3000 ns, Total: 40700 ns
[199.769s][info ][gc,start       ] GC(23) Pause Young (Allocation Failure)
[199.855s][debug][gc,phases      ] GC(23) Scavenge 85.954ms
[199.855s][debug][gc,ref         ] GC(23) Skipped phase 1 of Reference Processing: no references
[199.855s][debug][gc,ref         ] GC(23) ReferenceProcessor::execute queues: 1, RefProcThreadModel::Single, marks_oops_alive: false
[199.855s][debug][gc,ref         ] GC(23) Skipped phase 3 of Reference Processing: no references
[199.855s][debug][gc,ref         ] GC(23) ReferenceProcessor::execute queues: 1, RefProcThreadModel::Single, marks_oops_alive: false
[199.855s][debug][gc,phases      ] GC(23) Reference Processing 0.129ms
[199.856s][debug][gc,phases      ] GC(23)   VM Weak                        Min:  0.0, Avg:  0.0, Max:  0.0, Diff:  0.0, Sum:  0.0, Workers: 4
[199.856s][debug][gc,phases      ] GC(23)     Dead                           Min: 0, Avg:  0.0, Max: 0, Diff: 0, Sum: 0, Workers: 4
[199.856s][debug][gc,phases      ] GC(23)     Total                          Min: 0, Avg: 179.2, Max: 384, Diff: 384, Sum: 717, Workers: 4
[199.856s][debug][gc,phases      ] GC(23)   ObjectSynchronizer Weak        Min:  0.0, Avg:  0.0, Max:  0.0, Diff:  0.0, Sum:  0.0, Workers: 4
[199.856s][debug][gc,phases      ] GC(23)     Dead                           Min: 0, Avg:  0.0, Max: 0, Diff: 0, Sum: 0, Workers: 4
[199.856s][debug][gc,phases      ] GC(23)     Total                          Min: 0, Avg:  1.2, Max: 5, Diff: 5, Sum: 5, Workers: 4
[199.856s][debug][gc,phases      ] GC(23)   JVMTI Tag Weak OopStorage      Min:  0.0, Avg:  0.0, Max:  0.0, Diff:  0.0, Sum:  0.0, Workers: 4
[199.856s][debug][gc,phases      ] GC(23)     Dead                           Min: 0, Avg:  0.0, Max: 0, Diff: 0, Sum: 0, Workers: 4
[199.856s][debug][gc,phases      ] GC(23)     Total                          Min: 0, Avg:  0.0, Max: 0, Diff: 0, Sum: 0, Workers: 4
[199.856s][debug][gc,phases      ] GC(23)   StringTable Weak               Min:  0.0, Avg:  0.2, Max:  0.3, Diff:  0.2, Sum:  0.9, Workers: 4
[199.856s][debug][gc,phases      ] GC(23)     Dead                           Min: 0, Avg:  0.2, Max: 1, Diff: 1, Sum: 1, Workers: 4
[199.856s][debug][gc,phases      ] GC(23)     Total                          Min: 1152, Avg: 10799.0, Max: 17404, Diff: 16252, Sum: 43196, Workers: 4
[199.856s][debug][gc,phases      ] GC(23)   ResolvedMethodTable Weak       Min:  0.1, Avg:  0.1, Max:  0.1, Diff:  0.0, Sum:  0.4, Workers: 4
[199.856s][debug][gc,phases      ] GC(23)     Dead                           Min: 0, Avg:  0.0, Max: 0, Diff: 0, Sum: 0, Workers: 4
[199.856s][debug][gc,phases      ] GC(23)     Total                          Min: 1984, Avg: 2496.8, Max: 2880, Diff: 896, Sum: 9987, Workers: 4
[199.856s][debug][gc,phases      ] GC(23)   JNI Weak                       Min:  0.0, Avg:  0.0, Max:  0.0, Diff:  0.0, Sum:  0.0, Workers: 4
[199.856s][debug][gc,phases      ] GC(23)     Dead                           Min: 0, Avg:  0.0, Max: 0, Diff: 0, Sum: 0, Workers: 4
[199.856s][debug][gc,phases      ] GC(23)     Total                          Min: 0, Avg: 11.2, Max: 45, Diff: 45, Sum: 45, Workers: 4
[199.856s][debug][gc,phases      ] GC(23)   StringDedup Table Weak         Min:  0.0, Avg:  0.0, Max:  0.0, Diff:  0.0, Sum:  0.0, Workers: 4
[199.856s][debug][gc,phases      ] GC(23)     Dead                           Min: 0, Avg:  0.0, Max: 0, Diff: 0, Sum: 0, Workers: 4
[199.856s][debug][gc,phases      ] GC(23)     Total                          Min: 0, Avg:  0.0, Max: 0, Diff: 0, Sum: 0, Workers: 4
[199.856s][debug][gc,phases      ] GC(23)   StringDedup Requests0 Weak     Min:  0.0, Avg:  0.0, Max:  0.0, Diff:  0.0, Sum:  0.0, Workers: 4
[199.856s][debug][gc,phases      ] GC(23)     Dead                           Min: 0, Avg:  0.0, Max: 0, Diff: 0, Sum: 0, Workers: 4
[199.856s][debug][gc,phases      ] GC(23)     Total                          Min: 0, Avg:  0.0, Max: 0, Diff: 0, Sum: 0, Workers: 4
[199.856s][debug][gc,phases      ] GC(23)   StringDedup Requests1 Weak     Min:  0.0, Avg:  0.0, Max:  0.0, Diff:  0.0, Sum:  0.0, Workers: 4
[199.856s][debug][gc,phases      ] GC(23)     Dead                           Min: 0, Avg:  0.0, Max: 0, Diff: 0, Sum: 0, Workers: 4
[199.856s][debug][gc,phases      ] GC(23)     Total                          Min: 0, Avg:  0.0, Max: 0, Diff: 0, Sum: 0, Workers: 4
[199.856s][debug][gc,phases      ] GC(23)   Weak JFR Old Object Samples    Min:  0.0, Avg:  0.0, Max:  0.0, Diff:  0.0, Sum:  0.0, Workers: 4
[199.856s][debug][gc,phases      ] GC(23)     Dead                           Min: 0, Avg:  0.0, Max: 0, Diff: 0, Sum: 0, Workers: 4
[199.856s][debug][gc,phases      ] GC(23)     Total                          Min: 0, Avg:  0.0, Max: 0, Diff: 0, Sum: 0, Workers: 4
[199.856s][debug][gc,phases      ] GC(23) Weak Processing 0.607ms
[199.856s][debug][gc,age         ] GC(23) Desired survivor size 355991552 bytes, new threshold 15 (max threshold 15)
[199.856s][info ][gc,heap        ] GC(23) PSYoungGen: 1604062K(1767936K)->34811K(1482752K) Eden: 1447936K(1447936K)->0K(1447936K) From: 156126K(320000K)->34811K(34816K)
[199.856s][info ][gc,heap        ] GC(23) ParOldGen: 92247K(160768K)->217768K(218112K)
[199.856s][info ][gc,metaspace   ] GC(23) Metaspace: 82154K(83072K)->82154K(83072K) NonClass: 69964K(70400K)->69964K(70400K) Class: 12190K(12672K)->12190K(12672K)
[199.856s][info ][gc             ] GC(23) Pause Young (Allocation Failure) 1656M->246M(1661M) 86.848ms
[199.856s][info ][gc,cpu         ] GC(23) User=0.28s Sys=0.05s Real=0.09s
[199.856s][debug][gc,phases      ] GC(24) Pre Compact 0.009ms
[199.856s][info ][gc,start       ] GC(24) Pause Full (Ergonomics)
[199.856s][info ][gc,phases,start] GC(24) Marking Phase
[199.946s][debug][gc,phases      ] GC(24) Par Mark 90.407ms
[199.947s][debug][gc,ref         ] GC(24) Skipped phase 1 of Reference Processing: no references
[199.947s][debug][gc,ref         ] GC(24) ReferenceProcessor::execute queues: 4, RefProcThreadModel::Multi, marks_oops_alive: false
[199.947s][debug][gc,ref         ] GC(24) Skipped phase 3 of Reference Processing: no references
[199.947s][debug][gc,ref         ] GC(24) ReferenceProcessor::execute queues: 1, RefProcThreadModel::Single, marks_oops_alive: false
[199.947s][debug][gc,phases      ] GC(24) Reference Processing 0.698ms
[199.947s][debug][gc,phases      ] GC(24)   VM Weak                        Min:  0.0, Avg:  0.0, Max:  0.0, Diff:  0.0, Sum:  0.0, Workers: 4
[199.948s][debug][gc,phases      ] GC(24)     Dead                           Min: 0, Avg:  0.0, Max: 0, Diff: 0, Sum: 0, Workers: 4
[199.948s][debug][gc,phases      ] GC(24)     Total                          Min: 64, Avg: 179.2, Max: 384, Diff: 320, Sum: 717, Workers: 4
[199.948s][debug][gc,phases      ] GC(24)   ObjectSynchronizer Weak        Min:  0.0, Avg:  0.0, Max:  0.0, Diff:  0.0, Sum:  0.0, Workers: 4
[199.948s][debug][gc,phases      ] GC(24)     Dead                           Min: 0, Avg:  0.0, Max: 0, Diff: 0, Sum: 0, Workers: 4
[199.948s][debug][gc,phases      ] GC(24)     Total                          Min: 0, Avg:  1.2, Max: 5, Diff: 5, Sum: 5, Workers: 4
[199.948s][debug][gc,phases      ] GC(24)   JVMTI Tag Weak OopStorage      Min:  0.0, Avg:  0.0, Max:  0.0, Diff:  0.0, Sum:  0.0, Workers: 4
[199.948s][debug][gc,phases      ] GC(24)     Dead                           Min: 0, Avg:  0.0, Max: 0, Diff: 0, Sum: 0, Workers: 4
[199.948s][debug][gc,phases      ] GC(24)     Total                          Min: 0, Avg:  0.0, Max: 0, Diff: 0, Sum: 0, Workers: 4
[199.948s][debug][gc,phases      ] GC(24)   StringTable Weak               Min:  0.2, Avg:  0.2, Max:  0.2, Diff:  0.0, Sum:  0.7, Workers: 4
[199.948s][debug][gc,phases      ] GC(24)     Dead                           Min: 0, Avg:  0.0, Max: 0, Diff: 0, Sum: 0, Workers: 4
[199.948s][debug][gc,phases      ] GC(24)     Total                          Min: 9536, Avg: 10799.0, Max: 11520, Diff: 1984, Sum: 43196, Workers: 4
[199.948s][debug][gc,phases      ] GC(24)   ResolvedMethodTable Weak       Min:  0.0, Avg:  0.0, Max:  0.0, Diff:  0.0, Sum:  0.1, Workers: 4
[199.948s][debug][gc,phases      ] GC(24)     Dead                           Min: 0, Avg:  0.0, Max: 0, Diff: 0, Sum: 0, Workers: 4
[199.948s][debug][gc,phases      ] GC(24)     Total                          Min: 2368, Avg: 2496.8, Max: 2563, Diff: 195, Sum: 9987, Workers: 4
[199.948s][debug][gc,phases      ] GC(24)   JNI Weak                       Min:  0.0, Avg:  0.0, Max:  0.0, Diff:  0.0, Sum:  0.0, Workers: 4
[199.948s][debug][gc,phases      ] GC(24)     Dead                           Min: 0, Avg:  0.0, Max: 0, Diff: 0, Sum: 0, Workers: 4
[199.948s][debug][gc,phases      ] GC(24)     Total                          Min: 0, Avg: 11.2, Max: 45, Diff: 45, Sum: 45, Workers: 4
[199.948s][debug][gc,phases      ] GC(24)   StringDedup Table Weak         Min:  0.0, Avg:  0.0, Max:  0.0, Diff:  0.0, Sum:  0.0, Workers: 4
[199.948s][debug][gc,phases      ] GC(24)     Dead                           Min: 0, Avg:  0.0, Max: 0, Diff: 0, Sum: 0, Workers: 4
[199.948s][debug][gc,phases      ] GC(24)     Total                          Min: 0, Avg:  0.0, Max: 0, Diff: 0, Sum: 0, Workers: 4
[199.948s][debug][gc,phases      ] GC(24)   StringDedup Requests0 Weak     Min:  0.0, Avg:  0.0, Max:  0.0, Diff:  0.0, Sum:  0.0, Workers: 4
[199.948s][debug][gc,phases      ] GC(24)     Dead                           Min: 0, Avg:  0.0, Max: 0, Diff: 0, Sum: 0, Workers: 4
[199.948s][debug][gc,phases      ] GC(24)     Total                          Min: 0, Avg:  0.0, Max: 0, Diff: 0, Sum: 0, Workers: 4
[199.948s][debug][gc,phases      ] GC(24)   StringDedup Requests1 Weak     Min:  0.0, Avg:  0.0, Max:  0.0, Diff:  0.0, Sum:  0.0, Workers: 4
[199.948s][debug][gc,phases      ] GC(24)     Dead                           Min: 0, Avg:  0.0, Max: 0, Diff: 0, Sum: 0, Workers: 4
[199.948s][debug][gc,phases      ] GC(24)     Total                          Min: 0, Avg:  0.0, Max: 0, Diff: 0, Sum: 0, Workers: 4
[199.948s][debug][gc,phases      ] GC(24)   Weak JFR Old Object Samples    Min:  0.0, Avg:  0.0, Max:  0.0, Diff:  0.0, Sum:  0.0, Workers: 4
[199.948s][debug][gc,phases      ] GC(24)     Dead                           Min: 0, Avg:  0.0, Max: 0, Diff: 0, Sum: 0, Workers: 4
[199.948s][debug][gc,phases      ] GC(24)     Total                          Min: 0, Avg:  0.0, Max: 0, Diff: 0, Sum: 0, Workers: 4
[199.948s][debug][gc,phases      ] GC(24) Weak Processing 0.410ms
[199.948s][debug][gc,phases      ] GC(24) ClassLoaderData 0.103ms
[199.948s][debug][gc,phases      ] GC(24) Trigger cleanups 0.000ms
[199.964s][debug][gc,phases      ] GC(24) Class Unloading 16.382ms
[199.964s][debug][gc,phases      ] GC(24) Report Object Count 0.001ms
[199.964s][info ][gc,phases      ] GC(24) Marking Phase 108.111ms
[199.964s][info ][gc,phases,start] GC(24) Summary Phase
[199.964s][info ][gc,phases      ] GC(24) Summary Phase 0.008ms
[199.964s][info ][gc,phases,start] GC(24) Adjust Roots
[199.978s][info ][gc,phases      ] GC(24) Adjust Roots 14.271ms
[199.978s][info ][gc,phases,start] GC(24) Compaction Phase
[200.139s][info ][gc,phases      ] GC(24) Compaction Phase 160.956ms
[200.139s][info ][gc,phases,start] GC(24) Post Compact
[200.141s][info ][gc,phases      ] GC(24) Post Compact 1.526ms
[200.141s][info ][gc,heap        ] GC(24) PSYoungGen: 34811K(1482752K)->34547K(1482752K) Eden: 0K(1447936K)->0K(1447936K) From: 34811K(34816K)->34547K(34816K)
[200.141s][info ][gc,heap        ] GC(24) ParOldGen: 217768K(218112K)->213837K(344576K)
[200.141s][info ][gc,metaspace   ] GC(24) Metaspace: 82154K(83072K)->82154K(83072K) NonClass: 69964K(70400K)->69964K(70400K) Class: 12190K(12672K)->12190K(12672K)
[200.141s][info ][gc             ] GC(24) Pause Full (Ergonomics) 246M->242M(1784M) 285.293ms
[200.141s][info ][gc,cpu         ] GC(24) User=0.99s Sys=0.01s Real=0.28s
[200.141s][info ][safepoint      ] Safepoint "ParallelGCFailedAllocation", Time since last: 2733251610 ns, Reaching safepoint: 5900 ns, Cleanup: 11200 ns, At safepoint: 372290433 ns, Total: 372307533 ns
[201.141s][info ][safepoint      ] Safepoint "Cleanup", Time since last: 1000094615 ns, Reaching safepoint: 7400 ns, Cleanup: 20800 ns, At safepoint: 2600 ns, Total: 30800 ns
[202.142s][info ][safepoint      ] Safepoint "Cleanup", Time since last: 1000167180 ns, Reaching safepoint: 8900 ns, Cleanup: 18101 ns, At safepoint: 3600 ns, Total: 30601 ns
[203.142s][info ][safepoint      ] Safepoint "Cleanup", Time since last: 1000117579 ns, Reaching safepoint: 6400 ns, Cleanup: 20200 ns, At safepoint: 2500 ns, Total: 29100 ns
[204.142s][info ][safepoint      ] Safepoint "Cleanup", Time since last: 1000117880 ns, Reaching safepoint: 6900 ns, Cleanup: 12700 ns, At safepoint: 4600 ns, Total: 24200 ns
[207.142s][info ][safepoint      ] Safepoint "Cleanup", Time since last: 3000247939 ns, Reaching safepoint: 7600 ns, Cleanup: 19300 ns, At safepoint: 2700 ns, Total: 29600 ns
[208.142s][info ][safepoint      ] Safepoint "Cleanup", Time since last: 1000129792 ns, Reaching safepoint: 7700 ns, Cleanup: 16000 ns, At safepoint: 3000 ns, Total: 26700 ns
[209.520s][info ][safepoint      ] Safepoint "Cleanup", Time since last: 1377075110 ns, Reaching safepoint: 80901 ns, Cleanup: 54100 ns, At safepoint: 8900 ns, Total: 143901 ns
[210.520s][info ][safepoint      ] Safepoint "Cleanup", Time since last: 1000122252 ns, Reaching safepoint: 73701 ns, Cleanup: 10200 ns, At safepoint: 6200 ns, Total: 90101 ns
[212.332s][info ][safepoint      ] Safepoint "Cleanup", Time since last: 1811902246 ns, Reaching safepoint: 8200 ns, Cleanup: 41100 ns, At safepoint: 2300 ns, Total: 51600 ns
[212.820s][info ][gc,start       ] GC(25) Pause Young (Allocation Failure)
[212.884s][debug][gc,phases      ] GC(25) Scavenge 63.866ms
[212.884s][debug][gc,ref         ] GC(25) Skipped phase 1 of Reference Processing: no references
[212.884s][debug][gc,ref         ] GC(25) ReferenceProcessor::execute queues: 1, RefProcThreadModel::Single, marks_oops_alive: false
[212.884s][debug][gc,ref         ] GC(25) Skipped phase 3 of Reference Processing: no references
[212.884s][debug][gc,ref         ] GC(25) ReferenceProcessor::execute queues: 1, RefProcThreadModel::Single, marks_oops_alive: false
[212.884s][debug][gc,phases      ] GC(25) Reference Processing 0.144ms
[212.884s][debug][gc,phases      ] GC(25)   VM Weak                        Min:  0.0, Avg:  0.0, Max:  0.0, Diff:  0.0, Sum:  0.0, Workers: 4
[212.884s][debug][gc,phases      ] GC(25)     Dead                           Min: 0, Avg:  0.0, Max: 0, Diff: 0, Sum: 0, Workers: 4
[212.884s][debug][gc,phases      ] GC(25)     Total                          Min: 0, Avg: 179.2, Max: 512, Diff: 512, Sum: 717, Workers: 4
[212.884s][debug][gc,phases      ] GC(25)   ObjectSynchronizer Weak        Min:  0.0, Avg:  0.0, Max:  0.0, Diff:  0.0, Sum:  0.0, Workers: 4
[212.884s][debug][gc,phases      ] GC(25)     Dead                           Min: 0, Avg:  0.0, Max: 0, Diff: 0, Sum: 0, Workers: 4
[212.884s][debug][gc,phases      ] GC(25)     Total                          Min: 0, Avg:  1.2, Max: 5, Diff: 5, Sum: 5, Workers: 4
[212.884s][debug][gc,phases      ] GC(25)   JVMTI Tag Weak OopStorage      Min:  0.0, Avg:  0.0, Max:  0.0, Diff:  0.0, Sum:  0.0, Workers: 4
[212.884s][debug][gc,phases      ] GC(25)     Dead                           Min: 0, Avg:  0.0, Max: 0, Diff: 0, Sum: 0, Workers: 4
[212.884s][debug][gc,phases      ] GC(25)     Total                          Min: 0, Avg:  0.0, Max: 0, Diff: 0, Sum: 0, Workers: 4
[212.884s][debug][gc,phases      ] GC(25)   StringTable Weak               Min:  0.0, Avg:  0.1, Max:  0.3, Diff:  0.3, Sum:  0.6, Workers: 4
[212.884s][debug][gc,phases      ] GC(25)     Dead                           Min: 0, Avg:  0.0, Max: 0, Diff: 0, Sum: 0, Workers: 4
[212.884s][debug][gc,phases      ] GC(25)     Total                          Min: 0, Avg: 10800.0, Max: 22080, Diff: 22080, Sum: 43200, Workers: 4
[212.884s][debug][gc,phases      ] GC(25)   ResolvedMethodTable Weak       Min:  0.0, Avg:  0.0, Max:  0.1, Diff:  0.1, Sum:  0.2, Workers: 4
[212.884s][debug][gc,phases      ] GC(25)     Dead                           Min: 0, Avg:  0.0, Max: 0, Diff: 0, Sum: 0, Workers: 4
[212.884s][debug][gc,phases      ] GC(25)     Total                          Min: 0, Avg: 2496.8, Max: 5187, Diff: 5187, Sum: 9987, Workers: 4
[212.884s][debug][gc,phases      ] GC(25)   JNI Weak                       Min:  0.0, Avg:  0.0, Max:  0.0, Diff:  0.0, Sum:  0.0, Workers: 4
[212.884s][debug][gc,phases      ] GC(25)     Dead                           Min: 0, Avg:  0.0, Max: 0, Diff: 0, Sum: 0, Workers: 4
[212.884s][debug][gc,phases      ] GC(25)     Total                          Min: 0, Avg: 11.2, Max: 45, Diff: 45, Sum: 45, Workers: 4
[212.884s][debug][gc,phases      ] GC(25)   StringDedup Table Weak         Min:  0.0, Avg:  0.0, Max:  0.0, Diff:  0.0, Sum:  0.0, Workers: 4
[212.884s][debug][gc,phases      ] GC(25)     Dead                           Min: 0, Avg:  0.0, Max: 0, Diff: 0, Sum: 0, Workers: 4
[212.884s][debug][gc,phases      ] GC(25)     Total                          Min: 0, Avg:  0.0, Max: 0, Diff: 0, Sum: 0, Workers: 4
[212.884s][debug][gc,phases      ] GC(25)   StringDedup Requests0 Weak     Min:  0.0, Avg:  0.0, Max:  0.0, Diff:  0.0, Sum:  0.0, Workers: 4
[212.884s][debug][gc,phases      ] GC(25)     Dead                           Min: 0, Avg:  0.0, Max: 0, Diff: 0, Sum: 0, Workers: 4
[212.884s][debug][gc,phases      ] GC(25)     Total                          Min: 0, Avg:  0.0, Max: 0, Diff: 0, Sum: 0, Workers: 4
[212.884s][debug][gc,phases      ] GC(25)   StringDedup Requests1 Weak     Min:  0.0, Avg:  0.0, Max:  0.0, Diff:  0.0, Sum:  0.0, Workers: 4
[212.884s][debug][gc,phases      ] GC(25)     Dead                           Min: 0, Avg:  0.0, Max: 0, Diff: 0, Sum: 0, Workers: 4
[212.884s][debug][gc,phases      ] GC(25)     Total                          Min: 0, Avg:  0.0, Max: 0, Diff: 0, Sum: 0, Workers: 4
[212.884s][debug][gc,phases      ] GC(25)   Weak JFR Old Object Samples    Min:  0.0, Avg:  0.0, Max:  0.0, Diff:  0.0, Sum:  0.0, Workers: 4
[212.884s][debug][gc,phases      ] GC(25)     Dead                           Min: 0, Avg:  0.0, Max: 0, Diff: 0, Sum: 0, Workers: 4
[212.884s][debug][gc,phases      ] GC(25)     Total                          Min: 0, Avg:  0.0, Max: 0, Diff: 0, Sum: 0, Workers: 4
[212.884s][debug][gc,phases      ] GC(25) Weak Processing 0.620ms
[212.884s][debug][gc,age         ] GC(25) Desired survivor size 377487360 bytes, new threshold 15 (max threshold 15)
[212.884s][info ][gc,heap        ] GC(25) PSYoungGen: 1482483K(1482752K)->1872K(1707520K) Eden: 1447936K(1447936K)->0K(1359872K) From: 34547K(34816K)->1872K(347648K)
[212.884s][info ][gc,heap        ] GC(25) ParOldGen: 213837K(344576K)->247711K(344576K)
[212.884s][info ][gc,metaspace   ] GC(25) Metaspace: 82169K(83072K)->82169K(83072K) NonClass: 69976K(70400K)->69976K(70400K) Class: 12193K(12672K)->12193K(12672K)
[212.884s][info ][gc             ] GC(25) Pause Young (Allocation Failure) 1656M->243M(2004M) 64.770ms
[212.884s][info ][gc,cpu         ] GC(25) User=0.14s Sys=0.03s Real=0.07s
[212.884s][info ][safepoint      ] Safepoint "ParallelGCFailedAllocation", Time since last: 487919802 ns, Reaching safepoint: 6500 ns, Cleanup: 4400 ns, At safepoint: 64859999 ns, Total: 64870899 ns
[213.885s][info ][safepoint      ] Safepoint "Cleanup", Time since last: 1000093252 ns, Reaching safepoint: 6700 ns, Cleanup: 18900 ns, At safepoint: 2900 ns, Total: 28500 ns
[215.734s][info ][safepoint      ] Safepoint "Cleanup", Time since last: 1849703278 ns, Reaching safepoint: 7500 ns, Cleanup: 33101 ns, At safepoint: 3200 ns, Total: 43801 ns
[216.734s][info ][safepoint      ] Safepoint "Cleanup", Time since last: 1000112452 ns, Reaching safepoint: 6700 ns, Cleanup: 13100 ns, At safepoint: 2400 ns, Total: 22200 ns
[218.735s][info ][safepoint      ] Safepoint "Cleanup", Time since last: 2000127991 ns, Reaching safepoint: 6200 ns, Cleanup: 8700 ns, At safepoint: 2300 ns, Total: 17200 ns
[219.735s][info ][safepoint      ] Safepoint "Cleanup", Time since last: 1000107838 ns, Reaching safepoint: 7500 ns, Cleanup: 28200 ns, At safepoint: 3600 ns, Total: 39300 ns
[220.735s][info ][safepoint      ] Safepoint "Cleanup", Time since last: 1000123039 ns, Reaching safepoint: 8600 ns, Cleanup: 20700 ns, At safepoint: 2700 ns, Total: 32000 ns
[221.735s][info ][safepoint      ] Safepoint "Cleanup", Time since last: 1000115038 ns, Reaching safepoint: 8001 ns, Cleanup: 14500 ns, At safepoint: 2900 ns, Total: 25401 ns
[222.735s][info ][safepoint      ] Safepoint "Cleanup", Time since last: 1000105891 ns, Reaching safepoint: 6300 ns, Cleanup: 17400 ns, At safepoint: 2800 ns, Total: 26500 ns
[223.735s][info ][safepoint      ] Safepoint "Cleanup", Time since last: 1000112080 ns, Reaching safepoint: 7300 ns, Cleanup: 13000 ns, At safepoint: 3400 ns, Total: 23700 ns
[224.735s][info ][safepoint      ] Safepoint "Cleanup", Time since last: 1000102581 ns, Reaching safepoint: 7000 ns, Cleanup: 34100 ns, At safepoint: 3300 ns, Total: 44400 ns
[224.969s][info ][gc,start       ] GC(26) Pause Young (Allocation Failure)
[224.974s][debug][gc,phases      ] GC(26) Scavenge 5.178ms
[224.974s][debug][gc,ref         ] GC(26) Skipped phase 1 of Reference Processing: no references
[224.974s][debug][gc,ref         ] GC(26) ReferenceProcessor::execute queues: 1, RefProcThreadModel::Single, marks_oops_alive: false
[224.974s][debug][gc,ref         ] GC(26) Skipped phase 3 of Reference Processing: no references
[224.974s][debug][gc,ref         ] GC(26) ReferenceProcessor::execute queues: 1, RefProcThreadModel::Single, marks_oops_alive: false
[224.974s][debug][gc,phases      ] GC(26) Reference Processing 0.126ms
[224.975s][debug][gc,phases      ] GC(26)   VM Weak                        Min:  0.0, Avg:  0.0, Max:  0.0, Diff:  0.0, Sum:  0.0, Workers: 4
[224.975s][debug][gc,phases      ] GC(26)     Dead                           Min: 0, Avg:  0.0, Max: 0, Diff: 0, Sum: 0, Workers: 4
[224.975s][debug][gc,phases      ] GC(26)     Total                          Min: 0, Avg: 179.2, Max: 576, Diff: 576, Sum: 717, Workers: 4
[224.975s][debug][gc,phases      ] GC(26)   ObjectSynchronizer Weak        Min:  0.0, Avg:  0.0, Max:  0.0, Diff:  0.0, Sum:  0.0, Workers: 4
[224.975s][debug][gc,phases      ] GC(26)     Dead                           Min: 0, Avg:  0.0, Max: 0, Diff: 0, Sum: 0, Workers: 4
[224.975s][debug][gc,phases      ] GC(26)     Total                          Min: 0, Avg:  1.2, Max: 5, Diff: 5, Sum: 5, Workers: 4
[224.975s][debug][gc,phases      ] GC(26)   JVMTI Tag Weak OopStorage      Min:  0.0, Avg:  0.0, Max:  0.0, Diff:  0.0, Sum:  0.0, Workers: 4
[224.975s][debug][gc,phases      ] GC(26)     Dead                           Min: 0, Avg:  0.0, Max: 0, Diff: 0, Sum: 0, Workers: 4
[224.975s][debug][gc,phases      ] GC(26)     Total                          Min: 0, Avg:  0.0, Max: 0, Diff: 0, Sum: 0, Workers: 4
[224.975s][debug][gc,phases      ] GC(26)   StringTable Weak               Min:  0.0, Avg:  0.1, Max:  0.2, Diff:  0.2, Sum:  0.4, Workers: 4
[224.975s][debug][gc,phases      ] GC(26)     Dead                           Min: 0, Avg:  0.0, Max: 0, Diff: 0, Sum: 0, Workers: 4
[224.975s][debug][gc,phases      ] GC(26)     Total                          Min: 0, Avg: 10801.2, Max: 21760, Diff: 21760, Sum: 43205, Workers: 4
[224.975s][debug][gc,phases      ] GC(26)   ResolvedMethodTable Weak       Min:  0.0, Avg:  0.0, Max:  0.1, Diff:  0.1, Sum:  0.1, Workers: 4
[224.975s][debug][gc,phases      ] GC(26)     Dead                           Min: 0, Avg:  0.0, Max: 0, Diff: 0, Sum: 0, Workers: 4
[224.975s][debug][gc,phases      ] GC(26)     Total                          Min: 0, Avg: 2497.0, Max: 5248, Diff: 5248, Sum: 9988, Workers: 4
[224.975s][debug][gc,phases      ] GC(26)   JNI Weak                       Min:  0.0, Avg:  0.0, Max:  0.0, Diff:  0.0, Sum:  0.0, Workers: 4
[224.975s][debug][gc,phases      ] GC(26)     Dead                           Min: 0, Avg:  0.0, Max: 0, Diff: 0, Sum: 0, Workers: 4
[224.975s][debug][gc,phases      ] GC(26)     Total                          Min: 0, Avg: 11.2, Max: 45, Diff: 45, Sum: 45, Workers: 4
[224.975s][debug][gc,phases      ] GC(26)   StringDedup Table Weak         Min:  0.0, Avg:  0.0, Max:  0.0, Diff:  0.0, Sum:  0.0, Workers: 4
[224.975s][debug][gc,phases      ] GC(26)     Dead                           Min: 0, Avg:  0.0, Max: 0, Diff: 0, Sum: 0, Workers: 4
[224.975s][debug][gc,phases      ] GC(26)     Total                          Min: 0, Avg:  0.0, Max: 0, Diff: 0, Sum: 0, Workers: 4
[224.975s][debug][gc,phases      ] GC(26)   StringDedup Requests0 Weak     Min:  0.0, Avg:  0.0, Max:  0.0, Diff:  0.0, Sum:  0.0, Workers: 4
[224.975s][debug][gc,phases      ] GC(26)     Dead                           Min: 0, Avg:  0.0, Max: 0, Diff: 0, Sum: 0, Workers: 4
[224.975s][debug][gc,phases      ] GC(26)     Total                          Min: 0, Avg:  0.0, Max: 0, Diff: 0, Sum: 0, Workers: 4
[224.975s][debug][gc,phases      ] GC(26)   StringDedup Requests1 Weak     Min:  0.0, Avg:  0.0, Max:  0.0, Diff:  0.0, Sum:  0.0, Workers: 4
[224.975s][debug][gc,phases      ] GC(26)     Dead                           Min: 0, Avg:  0.0, Max: 0, Diff: 0, Sum: 0, Workers: 4
[224.975s][debug][gc,phases      ] GC(26)     Total                          Min: 0, Avg:  0.0, Max: 0, Diff: 0, Sum: 0, Workers: 4
[224.975s][debug][gc,phases      ] GC(26)   Weak JFR Old Object Samples    Min:  0.0, Avg:  0.0, Max:  0.0, Diff:  0.0, Sum:  0.0, Workers: 4
[224.975s][debug][gc,phases      ] GC(26)     Dead                           Min: 0, Avg:  0.0, Max: 0, Diff: 0, Sum: 0, Workers: 4
[224.975s][debug][gc,phases      ] GC(26)     Total                          Min: 0, Avg:  0.0, Max: 0, Diff: 0, Sum: 0, Workers: 4
[224.975s][debug][gc,phases      ] GC(26) Weak Processing 0.524ms
[224.975s][debug][gc,age         ] GC(26) Desired survivor size 391643136 bytes, new threshold 15 (max threshold 15)
[224.975s][info ][gc,heap        ] GC(26) PSYoungGen: 1361744K(1707520K)->1040K(1361408K) Eden: 1359872K(1359872K)->0K(1359872K) From: 1872K(347648K)->1040K(1536K)
[224.975s][info ][gc,heap        ] GC(26) ParOldGen: 247711K(344576K)->248655K(344576K)
[224.975s][info ][gc,metaspace   ] GC(26) Metaspace: 82199K(83136K)->82199K(83136K) NonClass: 70004K(70464K)->70004K(70464K) Class: 12194K(12672K)->12194K(12672K)
[224.975s][info ][gc             ] GC(26) Pause Young (Allocation Failure) 1571M->243M(1666M) 5.963ms
[224.975s][info ][gc,cpu         ] GC(26) User=0.02s Sys=0.00s Real=0.00s
[224.975s][info ][safepoint      ] Safepoint "ParallelGCFailedAllocation", Time since last: 233262418 ns, Reaching safepoint: 4500 ns, Cleanup: 4100 ns, At safepoint: 6040537 ns, Total: 6049137 ns
[227.975s][info ][safepoint      ] Safepoint "Cleanup", Time since last: 3000226578 ns, Reaching safepoint: 6600 ns, Cleanup: 10601 ns, At safepoint: 2600 ns, Total: 19801 ns
[228.975s][info ][safepoint      ] Safepoint "Cleanup", Time since last: 1000135694 ns, Reaching safepoint: 5800 ns, Cleanup: 9500 ns, At safepoint: 2300 ns, Total: 17600 ns
[230.975s][info ][safepoint      ] Safepoint "Cleanup", Time since last: 2000189287 ns, Reaching safepoint: 6600 ns, Cleanup: 13900 ns, At safepoint: 2700 ns, Total: 23200 ns
[231.976s][info ][safepoint      ] Safepoint "Cleanup", Time since last: 1000067094 ns, Reaching safepoint: 6400 ns, Cleanup: 12700 ns, At safepoint: 2200 ns, Total: 21300 ns
[233.976s][info ][safepoint      ] Safepoint "Cleanup", Time since last: 2000224052 ns, Reaching safepoint: 45701 ns, Cleanup: 10700 ns, At safepoint: 8100 ns, Total: 64501 ns
[237.166s][info ][gc,start       ] GC(27) Pause Young (Allocation Failure)
[237.169s][debug][gc,phases      ] GC(27) Scavenge 2.708ms
[237.169s][debug][gc,ref         ] GC(27) Skipped phase 1 of Reference Processing: no references
[237.169s][debug][gc,ref         ] GC(27) ReferenceProcessor::execute queues: 1, RefProcThreadModel::Single, marks_oops_alive: false
[237.169s][debug][gc,ref         ] GC(27) Skipped phase 3 of Reference Processing: no references
[237.169s][debug][gc,ref         ] GC(27) ReferenceProcessor::execute queues: 1, RefProcThreadModel::Single, marks_oops_alive: false
[237.169s][debug][gc,phases      ] GC(27) Reference Processing 0.097ms
[237.170s][debug][gc,phases      ] GC(27)   VM Weak                        Min:  0.0, Avg:  0.0, Max:  0.0, Diff:  0.0, Sum:  0.0, Workers: 4
[237.170s][debug][gc,phases      ] GC(27)     Dead                           Min: 0, Avg:  0.0, Max: 0, Diff: 0, Sum: 0, Workers: 4
[237.170s][debug][gc,phases      ] GC(27)     Total                          Min: 0, Avg: 179.2, Max: 384, Diff: 384, Sum: 717, Workers: 4
[237.170s][debug][gc,phases      ] GC(27)   ObjectSynchronizer Weak        Min:  0.0, Avg:  0.0, Max:  0.0, Diff:  0.0, Sum:  0.0, Workers: 4
[237.170s][debug][gc,phases      ] GC(27)     Dead                           Min: 0, Avg:  0.0, Max: 0, Diff: 0, Sum: 0, Workers: 4
[237.170s][debug][gc,phases      ] GC(27)     Total                          Min: 0, Avg:  1.2, Max: 5, Diff: 5, Sum: 5, Workers: 4
[237.170s][debug][gc,phases      ] GC(27)   JVMTI Tag Weak OopStorage      Min:  0.0, Avg:  0.0, Max:  0.0, Diff:  0.0, Sum:  0.0, Workers: 4
[237.170s][debug][gc,phases      ] GC(27)     Dead                           Min: 0, Avg:  0.0, Max: 0, Diff: 0, Sum: 0, Workers: 4
[237.170s][debug][gc,phases      ] GC(27)     Total                          Min: 0, Avg:  0.0, Max: 0, Diff: 0, Sum: 0, Workers: 4
[237.170s][debug][gc,phases      ] GC(27)   StringTable Weak               Min:  0.0, Avg:  0.1, Max:  0.1, Diff:  0.1, Sum:  0.4, Workers: 4
[237.170s][debug][gc,phases      ] GC(27)     Dead                           Min: 0, Avg:  0.0, Max: 0, Diff: 0, Sum: 0, Workers: 4
[237.170s][debug][gc,phases      ] GC(27)     Total                          Min: 0, Avg: 10802.8, Max: 19456, Diff: 19456, Sum: 43211, Workers: 4
[237.170s][debug][gc,phases      ] GC(27)   ResolvedMethodTable Weak       Min:  0.0, Avg:  0.0, Max:  0.0, Diff:  0.0, Sum:  0.1, Workers: 4
[237.170s][debug][gc,phases      ] GC(27)     Dead                           Min: 0, Avg:  0.0, Max: 0, Diff: 0, Sum: 0, Workers: 4
[237.170s][debug][gc,phases      ] GC(27)     Total                          Min: 0, Avg: 2497.0, Max: 4356, Diff: 4356, Sum: 9988, Workers: 4
[237.170s][debug][gc,phases      ] GC(27)   JNI Weak                       Min:  0.0, Avg:  0.0, Max:  0.0, Diff:  0.0, Sum:  0.0, Workers: 4
[237.170s][debug][gc,phases      ] GC(27)     Dead                           Min: 0, Avg:  0.0, Max: 0, Diff: 0, Sum: 0, Workers: 4
[237.170s][debug][gc,phases      ] GC(27)     Total                          Min: 0, Avg: 11.2, Max: 45, Diff: 45, Sum: 45, Workers: 4
[237.170s][debug][gc,phases      ] GC(27)   StringDedup Table Weak         Min:  0.0, Avg:  0.0, Max:  0.0, Diff:  0.0, Sum:  0.0, Workers: 4
[237.170s][debug][gc,phases      ] GC(27)     Dead                           Min: 0, Avg:  0.0, Max: 0, Diff: 0, Sum: 0, Workers: 4
[237.170s][debug][gc,phases      ] GC(27)     Total                          Min: 0, Avg:  0.0, Max: 0, Diff: 0, Sum: 0, Workers: 4
[237.170s][debug][gc,phases      ] GC(27)   StringDedup Requests0 Weak     Min:  0.0, Avg:  0.0, Max:  0.0, Diff:  0.0, Sum:  0.0, Workers: 4
[237.170s][debug][gc,phases      ] GC(27)     Dead                           Min: 0, Avg:  0.0, Max: 0, Diff: 0, Sum: 0, Workers: 4
[237.170s][debug][gc,phases      ] GC(27)     Total                          Min: 0, Avg:  0.0, Max: 0, Diff: 0, Sum: 0, Workers: 4
[237.170s][debug][gc,phases      ] GC(27)   StringDedup Requests1 Weak     Min:  0.0, Avg:  0.0, Max:  0.0, Diff:  0.0, Sum:  0.0, Workers: 4
[237.170s][debug][gc,phases      ] GC(27)     Dead                           Min: 0, Avg:  0.0, Max: 0, Diff: 0, Sum: 0, Workers: 4
[237.170s][debug][gc,phases      ] GC(27)     Total                          Min: 0, Avg:  0.0, Max: 0, Diff: 0, Sum: 0, Workers: 4
[237.170s][debug][gc,phases      ] GC(27)   Weak JFR Old Object Samples    Min:  0.0, Avg:  0.0, Max:  0.0, Diff:  0.0, Sum:  0.0, Workers: 4
[237.170s][debug][gc,phases      ] GC(27)     Dead                           Min: 0, Avg:  0.0, Max: 0, Diff: 0, Sum: 0, Workers: 4
[237.170s][debug][gc,phases      ] GC(27)     Total                          Min: 0, Avg:  0.0, Max: 0, Diff: 0, Sum: 0, Workers: 4
[237.170s][debug][gc,phases      ] GC(27) Weak Processing 0.330ms
[237.170s][debug][gc,age         ] GC(27) Desired survivor size 398983168 bytes, new threshold 15 (max threshold 15)
[237.170s][info ][gc,heap        ] GC(27) PSYoungGen: 1360912K(1361408K)->1056K(1700352K) Eden: 1359872K(1359872K)->0K(1317888K) From: 1040K(1536K)->1056K(382464K)
[237.170s][info ][gc,heap        ] GC(27) ParOldGen: 248655K(344576K)->248695K(344576K)
[237.170s][info ][gc,metaspace   ] GC(27) Metaspace: 82202K(83136K)->82202K(83136K) NonClass: 70008K(70464K)->70008K(70464K) Class: 12194K(12672K)->12194K(12672K)
[237.170s][info ][gc             ] GC(27) Pause Young (Allocation Failure) 1571M->243M(1997M) 3.290ms
[237.170s][info ][gc,cpu         ] GC(27) User=0.01s Sys=0.00s Real=0.00s
[237.170s][info ][safepoint      ] Safepoint "ParallelGCFailedAllocation", Time since last: 3190521822 ns, Reaching safepoint: 78101 ns, Cleanup: 4500 ns, At safepoint: 3358719 ns, Total: 3441320 ns
[238.170s][info ][safepoint      ] Safepoint "Cleanup", Time since last: 1000089906 ns, Reaching safepoint: 74500 ns, Cleanup: 15901 ns, At safepoint: 5600 ns, Total: 96001 ns
[244.097s][info ][safepoint      ] Safepoint "Cleanup", Time since last: 5926673825 ns, Reaching safepoint: 6301 ns, Cleanup: 11800 ns, At safepoint: 30400 ns, Total: 48501 ns
[248.097s][info ][safepoint      ] Safepoint "Cleanup", Time since last: 4000373721 ns, Reaching safepoint: 7000 ns, Cleanup: 16800 ns, At safepoint: 3200 ns, Total: 27000 ns
[249.097s][info ][safepoint      ] Safepoint "Cleanup", Time since last: 1000125363 ns, Reaching safepoint: 7700 ns, Cleanup: 23900 ns, At safepoint: 8100 ns, Total: 39700 ns
[249.319s][info ][gc,start       ] GC(28) Pause Young (Allocation Failure)
[249.321s][debug][gc,phases      ] GC(28) Scavenge 2.350ms
[249.321s][debug][gc,ref         ] GC(28) Skipped phase 1 of Reference Processing: no references
[249.321s][debug][gc,ref         ] GC(28) ReferenceProcessor::execute queues: 1, RefProcThreadModel::Single, marks_oops_alive: false
[249.321s][debug][gc,ref         ] GC(28) Skipped phase 3 of Reference Processing: no references
[249.321s][debug][gc,ref         ] GC(28) ReferenceProcessor::execute queues: 1, RefProcThreadModel::Single, marks_oops_alive: false
[249.321s][debug][gc,phases      ] GC(28) Reference Processing 0.104ms
[249.321s][debug][gc,phases      ] GC(28)   VM Weak                        Min:  0.0, Avg:  0.0, Max:  0.0, Diff:  0.0, Sum:  0.0, Workers: 4
[249.321s][debug][gc,phases      ] GC(28)     Dead                           Min: 0, Avg:  0.0, Max: 0, Diff: 0, Sum: 0, Workers: 4
[249.321s][debug][gc,phases      ] GC(28)     Total                          Min: 0, Avg: 179.2, Max: 461, Diff: 461, Sum: 717, Workers: 4
[249.321s][debug][gc,phases      ] GC(28)   ObjectSynchronizer Weak        Min:  0.0, Avg:  0.0, Max:  0.0, Diff:  0.0, Sum:  0.0, Workers: 4
[249.321s][debug][gc,phases      ] GC(28)     Dead                           Min: 0, Avg:  0.0, Max: 0, Diff: 0, Sum: 0, Workers: 4
[249.321s][debug][gc,phases      ] GC(28)     Total                          Min: 0, Avg:  1.2, Max: 5, Diff: 5, Sum: 5, Workers: 4
[249.321s][debug][gc,phases      ] GC(28)   JVMTI Tag Weak OopStorage      Min:  0.0, Avg:  0.0, Max:  0.0, Diff:  0.0, Sum:  0.0, Workers: 4
[249.321s][debug][gc,phases      ] GC(28)     Dead                           Min: 0, Avg:  0.0, Max: 0, Diff: 0, Sum: 0, Workers: 4
[249.321s][debug][gc,phases      ] GC(28)     Total                          Min: 0, Avg:  0.0, Max: 0, Diff: 0, Sum: 0, Workers: 4
[249.321s][debug][gc,phases      ] GC(28)   StringTable Weak               Min:  0.1, Avg:  0.1, Max:  0.1, Diff:  0.0, Sum:  0.5, Workers: 4
[249.321s][debug][gc,phases      ] GC(28)     Dead                           Min: 0, Avg:  0.0, Max: 0, Diff: 0, Sum: 0, Workers: 4
[249.321s][debug][gc,phases      ] GC(28)     Total                          Min: 10196, Avg: 10805.0, Max: 11072, Diff: 876, Sum: 43220, Workers: 4
[249.321s][debug][gc,phases      ] GC(28)   ResolvedMethodTable Weak       Min:  0.0, Avg:  0.0, Max:  0.0, Diff:  0.0, Sum:  0.1, Workers: 4
[249.321s][debug][gc,phases      ] GC(28)     Dead                           Min: 0, Avg:  0.0, Max: 0, Diff: 0, Sum: 0, Workers: 4
[249.321s][debug][gc,phases      ] GC(28)     Total                          Min: 2372, Avg: 2497.0, Max: 2560, Diff: 188, Sum: 9988, Workers: 4
[249.321s][debug][gc,phases      ] GC(28)   JNI Weak                       Min:  0.0, Avg:  0.0, Max:  0.0, Diff:  0.0, Sum:  0.0, Workers: 4
[249.321s][debug][gc,phases      ] GC(28)     Dead                           Min: 0, Avg:  0.0, Max: 0, Diff: 0, Sum: 0, Workers: 4
[249.321s][debug][gc,phases      ] GC(28)     Total                          Min: 0, Avg: 11.2, Max: 45, Diff: 45, Sum: 45, Workers: 4
[249.321s][debug][gc,phases      ] GC(28)   StringDedup Table Weak         Min:  0.0, Avg:  0.0, Max:  0.0, Diff:  0.0, Sum:  0.0, Workers: 4
[249.321s][debug][gc,phases      ] GC(28)     Dead                           Min: 0, Avg:  0.0, Max: 0, Diff: 0, Sum: 0, Workers: 4
[249.321s][debug][gc,phases      ] GC(28)     Total                          Min: 0, Avg:  0.0, Max: 0, Diff: 0, Sum: 0, Workers: 4
[249.321s][debug][gc,phases      ] GC(28)   StringDedup Requests0 Weak     Min:  0.0, Avg:  0.0, Max:  0.0, Diff:  0.0, Sum:  0.0, Workers: 4
[249.321s][debug][gc,phases      ] GC(28)     Dead                           Min: 0, Avg:  0.0, Max: 0, Diff: 0, Sum: 0, Workers: 4
[249.321s][debug][gc,phases      ] GC(28)     Total                          Min: 0, Avg:  0.0, Max: 0, Diff: 0, Sum: 0, Workers: 4
[249.321s][debug][gc,phases      ] GC(28)   StringDedup Requests1 Weak     Min:  0.0, Avg:  0.0, Max:  0.0, Diff:  0.0, Sum:  0.0, Workers: 4
[249.321s][debug][gc,phases      ] GC(28)     Dead                           Min: 0, Avg:  0.0, Max: 0, Diff: 0, Sum: 0, Workers: 4
[249.321s][debug][gc,phases      ] GC(28)     Total                          Min: 0, Avg:  0.0, Max: 0, Diff: 0, Sum: 0, Workers: 4
[249.321s][debug][gc,phases      ] GC(28)   Weak JFR Old Object Samples    Min:  0.0, Avg:  0.0, Max:  0.0, Diff:  0.0, Sum:  0.0, Workers: 4
[249.321s][debug][gc,phases      ] GC(28)     Dead                           Min: 0, Avg:  0.0, Max: 0, Diff: 0, Sum: 0, Workers: 4
[249.321s][debug][gc,phases      ] GC(28)     Total                          Min: 0, Avg:  0.0, Max: 0, Diff: 0, Sum: 0, Workers: 4
[249.321s][debug][gc,phases      ] GC(28) Weak Processing 0.315ms
[249.321s][debug][gc,age         ] GC(28) Desired survivor size 401080320 bytes, new threshold 15 (max threshold 15)
[249.321s][info ][gc,heap        ] GC(28) PSYoungGen: 1318944K(1700352K)->1040K(1319424K) Eden: 1317888K(1317888K)->0K(1317888K) From: 1056K(382464K)->1040K(1536K)
[249.321s][info ][gc,heap        ] GC(28) ParOldGen: 248695K(344576K)->248719K(344576K)
[249.321s][info ][gc,metaspace   ] GC(28) Metaspace: 82207K(83136K)->82207K(83136K) NonClass: 70012K(70464K)->70012K(70464K) Class: 12195K(12672K)->12195K(12672K)
[249.321s][info ][gc             ] GC(28) Pause Young (Allocation Failure) 1530M->243M(1625M) 2.882ms
[249.322s][info ][gc,cpu         ] GC(28) User=0.01s Sys=0.00s Real=0.00s
[249.322s][info ][safepoint      ] Safepoint "ParallelGCFailedAllocation", Time since last: 221317604 ns, Reaching safepoint: 5300 ns, Cleanup: 20400 ns, At safepoint: 2947817 ns, Total: 2973517 ns
[250.322s][info ][safepoint      ] Safepoint "Cleanup", Time since last: 1000087864 ns, Reaching safepoint: 4500 ns, Cleanup: 15700 ns, At safepoint: 1700 ns, Total: 21900 ns
[252.322s][info ][safepoint      ] Safepoint "Cleanup", Time since last: 2000199128 ns, Reaching safepoint: 5400 ns, Cleanup: 8500 ns, At safepoint: 2300 ns, Total: 16200 ns
[253.322s][info ][safepoint      ] Safepoint "Cleanup", Time since last: 1000102164 ns, Reaching safepoint: 3300 ns, Cleanup: 6700 ns, At safepoint: 5400 ns, Total: 15400 ns
[255.322s][info ][safepoint      ] Safepoint "Cleanup", Time since last: 2000180228 ns, Reaching safepoint: 5200 ns, Cleanup: 11900 ns, At safepoint: 2200 ns, Total: 19300 ns
[256.322s][info ][safepoint      ] Safepoint "Cleanup", Time since last: 1000111864 ns, Reaching safepoint: 4100 ns, Cleanup: 12500 ns, At safepoint: 2000 ns, Total: 18600 ns
[259.323s][info ][safepoint      ] Safepoint "Cleanup", Time since last: 3000275227 ns, Reaching safepoint: 4000 ns, Cleanup: 10700 ns, At safepoint: 2000 ns, Total: 16700 ns
[261.323s][info ][safepoint      ] Safepoint "Cleanup", Time since last: 2000185302 ns, Reaching safepoint: 5000 ns, Cleanup: 14800 ns, At safepoint: 2000 ns, Total: 21800 ns
[261.420s][info ][gc,start       ] GC(29) Pause Young (Allocation Failure)
[261.423s][debug][gc,phases      ] GC(29) Scavenge 3.230ms
[261.423s][debug][gc,ref         ] GC(29) Skipped phase 1 of Reference Processing: no references
[261.423s][debug][gc,ref         ] GC(29) ReferenceProcessor::execute queues: 1, RefProcThreadModel::Single, marks_oops_alive: false
[261.423s][debug][gc,ref         ] GC(29) Skipped phase 3 of Reference Processing: no references
[261.423s][debug][gc,ref         ] GC(29) ReferenceProcessor::execute queues: 1, RefProcThreadModel::Single, marks_oops_alive: false
[261.423s][debug][gc,phases      ] GC(29) Reference Processing 0.104ms
[261.423s][debug][gc,phases      ] GC(29)   VM Weak                        Min:  0.0, Avg:  0.0, Max:  0.0, Diff:  0.0, Sum:  0.0, Workers: 4
[261.423s][debug][gc,phases      ] GC(29)     Dead                           Min: 0, Avg:  0.0, Max: 0, Diff: 0, Sum: 0, Workers: 4
[261.423s][debug][gc,phases      ] GC(29)     Total                          Min: 0, Avg: 179.2, Max: 653, Diff: 653, Sum: 717, Workers: 4
[261.423s][debug][gc,phases      ] GC(29)   ObjectSynchronizer Weak        Min:  0.0, Avg:  0.0, Max:  0.0, Diff:  0.0, Sum:  0.0, Workers: 4
[261.423s][debug][gc,phases      ] GC(29)     Dead                           Min: 0, Avg:  0.0, Max: 0, Diff: 0, Sum: 0, Workers: 4
[261.423s][debug][gc,phases      ] GC(29)     Total                          Min: 0, Avg:  1.2, Max: 5, Diff: 5, Sum: 5, Workers: 4
[261.423s][debug][gc,phases      ] GC(29)   JVMTI Tag Weak OopStorage      Min:  0.0, Avg:  0.0, Max:  0.0, Diff:  0.0, Sum:  0.0, Workers: 4
[261.423s][debug][gc,phases      ] GC(29)     Dead                           Min: 0, Avg:  0.0, Max: 0, Diff: 0, Sum: 0, Workers: 4
[261.423s][debug][gc,phases      ] GC(29)     Total                          Min: 0, Avg:  0.0, Max: 0, Diff: 0, Sum: 0, Workers: 4
[261.423s][debug][gc,phases      ] GC(29)   StringTable Weak               Min:  0.0, Avg:  0.1, Max:  0.1, Diff:  0.1, Sum:  0.4, Workers: 4
[261.423s][debug][gc,phases      ] GC(29)     Dead                           Min: 0, Avg:  0.0, Max: 0, Diff: 0, Sum: 0, Workers: 4
[261.423s][debug][gc,phases      ] GC(29)     Total                          Min: 0, Avg: 10805.0, Max: 19328, Diff: 19328, Sum: 43220, Workers: 4
[261.423s][debug][gc,phases      ] GC(29)   ResolvedMethodTable Weak       Min:  0.0, Avg:  0.0, Max:  0.0, Diff:  0.0, Sum:  0.1, Workers: 4
[261.423s][debug][gc,phases      ] GC(29)     Dead                           Min: 0, Avg:  0.0, Max: 0, Diff: 0, Sum: 0, Workers: 4
[261.423s][debug][gc,phases      ] GC(29)     Total                          Min: 0, Avg: 2497.0, Max: 4164, Diff: 4164, Sum: 9988, Workers: 4
[261.423s][debug][gc,phases      ] GC(29)   JNI Weak                       Min:  0.0, Avg:  0.0, Max:  0.0, Diff:  0.0, Sum:  0.0, Workers: 4
[261.423s][debug][gc,phases      ] GC(29)     Dead                           Min: 0, Avg:  0.0, Max: 0, Diff: 0, Sum: 0, Workers: 4
[261.423s][debug][gc,phases      ] GC(29)     Total                          Min: 0, Avg: 11.2, Max: 45, Diff: 45, Sum: 45, Workers: 4
[261.423s][debug][gc,phases      ] GC(29)   StringDedup Table Weak         Min:  0.0, Avg:  0.0, Max:  0.0, Diff:  0.0, Sum:  0.0, Workers: 4
[261.423s][debug][gc,phases      ] GC(29)     Dead                           Min: 0, Avg:  0.0, Max: 0, Diff: 0, Sum: 0, Workers: 4
[261.423s][debug][gc,phases      ] GC(29)     Total                          Min: 0, Avg:  0.0, Max: 0, Diff: 0, Sum: 0, Workers: 4
[261.423s][debug][gc,phases      ] GC(29)   StringDedup Requests0 Weak     Min:  0.0, Avg:  0.0, Max:  0.0, Diff:  0.0, Sum:  0.0, Workers: 4
[261.423s][debug][gc,phases      ] GC(29)     Dead                           Min: 0, Avg:  0.0, Max: 0, Diff: 0, Sum: 0, Workers: 4
[261.423s][debug][gc,phases      ] GC(29)     Total                          Min: 0, Avg:  0.0, Max: 0, Diff: 0, Sum: 0, Workers: 4
[261.423s][debug][gc,phases      ] GC(29)   StringDedup Requests1 Weak     Min:  0.0, Avg:  0.0, Max:  0.0, Diff:  0.0, Sum:  0.0, Workers: 4
[261.423s][debug][gc,phases      ] GC(29)     Dead                           Min: 0, Avg:  0.0, Max: 0, Diff: 0, Sum: 0, Workers: 4
[261.423s][debug][gc,phases      ] GC(29)     Total                          Min: 0, Avg:  0.0, Max: 0, Diff: 0, Sum: 0, Workers: 4
[261.423s][debug][gc,phases      ] GC(29)   Weak JFR Old Object Samples    Min:  0.0, Avg:  0.0, Max:  0.0, Diff:  0.0, Sum:  0.0, Workers: 4
[261.423s][debug][gc,phases      ] GC(29)     Dead                           Min: 0, Avg:  0.0, Max: 0, Diff: 0, Sum: 0, Workers: 4
[261.423s][debug][gc,phases      ] GC(29)     Total                          Min: 0, Avg:  0.0, Max: 0, Diff: 0, Sum: 0, Workers: 4
[261.423s][debug][gc,phases      ] GC(29) Weak Processing 0.330ms
[261.423s][debug][gc,age         ] GC(29) Desired survivor size 398458880 bytes, new threshold 15 (max threshold 15)
[261.423s][info ][gc,heap        ] GC(29) PSYoungGen: 1318928K(1319424K)->1008K(1708032K) Eden: 1317888K(1317888K)->0K(1316352K) From: 1040K(1536K)->1008K(391680K)
[261.423s][info ][gc,heap        ] GC(29) ParOldGen: 248719K(344576K)->248743K(344576K)
[261.423s][info ][gc,metaspace   ] GC(29) Metaspace: 82209K(83136K)->82209K(83136K) NonClass: 70014K(70464K)->70014K(70464K) Class: 12195K(12672K)->12195K(12672K)
[261.423s][info ][gc             ] GC(29) Pause Young (Allocation Failure) 1530M->243M(2004M) 3.798ms
[261.424s][info ][gc,cpu         ] GC(29) User=0.01s Sys=0.01s Real=0.01s
[261.424s][info ][safepoint      ] Safepoint "ParallelGCFailedAllocation", Time since last: 96778963 ns, Reaching safepoint: 72001 ns, Cleanup: 9900 ns, At safepoint: 3868822 ns, Total: 3950723 ns
[262.424s][info ][safepoint      ] Safepoint "Cleanup", Time since last: 1000089514 ns, Reaching safepoint: 4000 ns, Cleanup: 10801 ns, At safepoint: 1900 ns, Total: 16701 ns
[264.424s][info ][safepoint      ] Safepoint "Cleanup", Time since last: 2000175828 ns, Reaching safepoint: 5100 ns, Cleanup: 20500 ns, At safepoint: 1901 ns, Total: 27501 ns
[265.424s][info ][safepoint      ] Safepoint "Cleanup", Time since last: 1000111757 ns, Reaching safepoint: 7700 ns, Cleanup: 28000 ns, At safepoint: 5200 ns, Total: 40900 ns
[267.424s][info ][safepoint      ] Safepoint "Cleanup", Time since last: 2000207438 ns, Reaching safepoint: 5600 ns, Cleanup: 13400 ns, At safepoint: 1900 ns, Total: 20900 ns
[268.424s][info ][safepoint      ] Safepoint "Cleanup", Time since last: 1000122669 ns, Reaching safepoint: 5100 ns, Cleanup: 8300 ns, At safepoint: 2400 ns, Total: 15800 ns
[269.424s][info ][safepoint      ] Safepoint "Cleanup", Time since last: 1000111069 ns, Reaching safepoint: 5100 ns, Cleanup: 21100 ns, At safepoint: 2200 ns, Total: 28400 ns
[271.425s][info ][safepoint      ] Safepoint "Cleanup", Time since last: 2000215138 ns, Reaching safepoint: 5000 ns, Cleanup: 11100 ns, At safepoint: 2500 ns, Total: 18600 ns
[273.069s][info ][gc,start       ] GC(30) Pause Young (Allocation Failure)
[273.073s][debug][gc,phases      ] GC(30) Scavenge 3.782ms
[273.073s][debug][gc,ref         ] GC(30) Skipped phase 1 of Reference Processing: no references
[273.073s][debug][gc,ref         ] GC(30) ReferenceProcessor::execute queues: 1, RefProcThreadModel::Single, marks_oops_alive: false
[273.073s][debug][gc,ref         ] GC(30) Skipped phase 3 of Reference Processing: no references
[273.073s][debug][gc,ref         ] GC(30) ReferenceProcessor::execute queues: 1, RefProcThreadModel::Single, marks_oops_alive: false
[273.073s][debug][gc,phases      ] GC(30) Reference Processing 0.116ms
[273.073s][debug][gc,phases      ] GC(30)   VM Weak                        Min:  0.0, Avg:  0.0, Max:  0.0, Diff:  0.0, Sum:  0.0, Workers: 4
[273.073s][debug][gc,phases      ] GC(30)     Dead                           Min: 0, Avg:  0.0, Max: 0, Diff: 0, Sum: 0, Workers: 4
[273.073s][debug][gc,phases      ] GC(30)     Total                          Min: 0, Avg: 179.2, Max: 384, Diff: 384, Sum: 717, Workers: 4
[273.073s][debug][gc,phases      ] GC(30)   ObjectSynchronizer Weak        Min:  0.0, Avg:  0.0, Max:  0.0, Diff:  0.0, Sum:  0.0, Workers: 4
[273.073s][debug][gc,phases      ] GC(30)     Dead                           Min: 0, Avg:  0.0, Max: 0, Diff: 0, Sum: 0, Workers: 4
[273.073s][debug][gc,phases      ] GC(30)     Total                          Min: 0, Avg:  1.2, Max: 5, Diff: 5, Sum: 5, Workers: 4
[273.073s][debug][gc,phases      ] GC(30)   JVMTI Tag Weak OopStorage      Min:  0.0, Avg:  0.0, Max:  0.0, Diff:  0.0, Sum:  0.0, Workers: 4
[273.073s][debug][gc,phases      ] GC(30)     Dead                           Min: 0, Avg:  0.0, Max: 0, Diff: 0, Sum: 0, Workers: 4
[273.073s][debug][gc,phases      ] GC(30)     Total                          Min: 0, Avg:  0.0, Max: 0, Diff: 0, Sum: 0, Workers: 4
[273.073s][debug][gc,phases      ] GC(30)   StringTable Weak               Min:  0.1, Avg:  0.1, Max:  0.1, Diff:  0.0, Sum:  0.5, Workers: 4
[273.073s][debug][gc,phases      ] GC(30)     Dead                           Min: 0, Avg:  0.0, Max: 0, Diff: 0, Sum: 0, Workers: 4
[273.073s][debug][gc,phases      ] GC(30)     Total                          Min: 10560, Avg: 10807.2, Max: 11101, Diff: 541, Sum: 43229, Workers: 4
[273.073s][debug][gc,phases      ] GC(30)   ResolvedMethodTable Weak       Min:  0.0, Avg:  0.0, Max:  0.0, Diff:  0.0, Sum:  0.1, Workers: 4
[273.073s][debug][gc,phases      ] GC(30)     Dead                           Min: 0, Avg:  0.0, Max: 0, Diff: 0, Sum: 0, Workers: 4
[273.073s][debug][gc,phases      ] GC(30)     Total                          Min: 2376, Avg: 2498.0, Max: 2752, Diff: 376, Sum: 9992, Workers: 4
[273.073s][debug][gc,phases      ] GC(30)   JNI Weak                       Min:  0.0, Avg:  0.0, Max:  0.0, Diff:  0.0, Sum:  0.0, Workers: 4
[273.073s][debug][gc,phases      ] GC(30)     Dead                           Min: 0, Avg:  0.0, Max: 0, Diff: 0, Sum: 0, Workers: 4
[273.073s][debug][gc,phases      ] GC(30)     Total                          Min: 0, Avg: 11.2, Max: 45, Diff: 45, Sum: 45, Workers: 4
[273.073s][debug][gc,phases      ] GC(30)   StringDedup Table Weak         Min:  0.0, Avg:  0.0, Max:  0.0, Diff:  0.0, Sum:  0.0, Workers: 4
[273.073s][debug][gc,phases      ] GC(30)     Dead                           Min: 0, Avg:  0.0, Max: 0, Diff: 0, Sum: 0, Workers: 4
[273.073s][debug][gc,phases      ] GC(30)     Total                          Min: 0, Avg:  0.0, Max: 0, Diff: 0, Sum: 0, Workers: 4
[273.073s][debug][gc,phases      ] GC(30)   StringDedup Requests0 Weak     Min:  0.0, Avg:  0.0, Max:  0.0, Diff:  0.0, Sum:  0.0, Workers: 4
[273.073s][debug][gc,phases      ] GC(30)     Dead                           Min: 0, Avg:  0.0, Max: 0, Diff: 0, Sum: 0, Workers: 4
[273.073s][debug][gc,phases      ] GC(30)     Total                          Min: 0, Avg:  0.0, Max: 0, Diff: 0, Sum: 0, Workers: 4
[273.073s][debug][gc,phases      ] GC(30)   StringDedup Requests1 Weak     Min:  0.0, Avg:  0.0, Max:  0.0, Diff:  0.0, Sum:  0.0, Workers: 4
[273.073s][debug][gc,phases      ] GC(30)     Dead                           Min: 0, Avg:  0.0, Max: 0, Diff: 0, Sum: 0, Workers: 4
[273.073s][debug][gc,phases      ] GC(30)     Total                          Min: 0, Avg:  0.0, Max: 0, Diff: 0, Sum: 0, Workers: 4
[273.073s][debug][gc,phases      ] GC(30)   Weak JFR Old Object Samples    Min:  0.0, Avg:  0.0, Max:  0.0, Diff:  0.0, Sum:  0.0, Workers: 4
[273.073s][debug][gc,phases      ] GC(30)     Dead                           Min: 0, Avg:  0.0, Max: 0, Diff: 0, Sum: 0, Workers: 4
[273.073s][debug][gc,phases      ] GC(30)     Total                          Min: 0, Avg:  0.0, Max: 0, Diff: 0, Sum: 0, Workers: 4
[273.073s][debug][gc,phases      ] GC(30) Weak Processing 0.316ms
[273.073s][debug][gc,age         ] GC(30) Desired survivor size 392691712 bytes, new threshold 15 (max threshold 15)
[273.073s][info ][gc,heap        ] GC(30) PSYoungGen: 1317360K(1708032K)->1184K(1705472K) Eden: 1316352K(1316352K)->0K(1316352K) From: 1008K(391680K)->1184K(389120K)
[273.073s][info ][gc,heap        ] GC(30) ParOldGen: 248743K(344576K)->248767K(344576K)
[273.073s][info ][gc,metaspace   ] GC(30) Metaspace: 82220K(83136K)->82220K(83136K) NonClass: 70023K(70464K)->70023K(70464K) Class: 12196K(12672K)->12196K(12672K)
[273.073s][info ][gc             ] GC(30) Pause Young (Allocation Failure) 1529M->244M(2002M) 4.322ms
[273.073s][info ][gc,cpu         ] GC(30) User=0.01s Sys=0.00s Real=0.00s
[273.073s][info ][safepoint      ] Safepoint "ParallelGCFailedAllocation", Time since last: 1644155455 ns, Reaching safepoint: 79601 ns, Cleanup: 4100 ns, At safepoint: 4390024 ns, Total: 4473725 ns
[274.074s][info ][safepoint      ] Safepoint "Cleanup", Time since last: 1000130097 ns, Reaching safepoint: 5000 ns, Cleanup: 12600 ns, At safepoint: 2200 ns, Total: 19800 ns
[276.074s][info ][safepoint      ] Safepoint "Cleanup", Time since last: 2000197715 ns, Reaching safepoint: 5700 ns, Cleanup: 11400 ns, At safepoint: 2500 ns, Total: 19600 ns
[278.988s][info ][safepoint      ] Safepoint "Cleanup", Time since last: 2914096120 ns, Reaching safepoint: 77100 ns, Cleanup: 44100 ns, At safepoint: 11800 ns, Total: 133000 ns
[279.513s][info ][safepoint      ] Safepoint "ICBufferFull", Time since last: 525099061 ns, Reaching safepoint: 4000 ns, Cleanup: 178001 ns, At safepoint: 4800 ns, Total: 186801 ns
[280.474s][info ][gc,start       ] GC(31) Pause Young (Allocation Failure)
[280.489s][debug][gc,phases      ] GC(31) Scavenge 15.224ms
[280.489s][debug][gc,ref         ] GC(31) Skipped phase 1 of Reference Processing: no references
[280.490s][debug][gc,ref         ] GC(31) ReferenceProcessor::execute queues: 1, RefProcThreadModel::Single, marks_oops_alive: false
[280.490s][debug][gc,ref         ] GC(31) Skipped phase 3 of Reference Processing: no references
[280.490s][debug][gc,ref         ] GC(31) ReferenceProcessor::execute queues: 1, RefProcThreadModel::Single, marks_oops_alive: false
[280.490s][debug][gc,phases      ] GC(31) Reference Processing 0.120ms
[280.490s][debug][gc,phases      ] GC(31)   VM Weak                        Min:  0.0, Avg:  0.0, Max:  0.0, Diff:  0.0, Sum:  0.0, Workers: 4
[280.490s][debug][gc,phases      ] GC(31)     Dead                           Min: 0, Avg:  0.0, Max: 0, Diff: 0, Sum: 0, Workers: 4
[280.490s][debug][gc,phases      ] GC(31)     Total                          Min: 0, Avg: 179.5, Max: 462, Diff: 462, Sum: 718, Workers: 4
[280.490s][debug][gc,phases      ] GC(31)   ObjectSynchronizer Weak        Min:  0.0, Avg:  0.0, Max:  0.0, Diff:  0.0, Sum:  0.0, Workers: 4
[280.490s][debug][gc,phases      ] GC(31)     Dead                           Min: 0, Avg:  0.2, Max: 1, Diff: 1, Sum: 1, Workers: 4
[280.490s][debug][gc,phases      ] GC(31)     Total                          Min: 0, Avg:  1.5, Max: 6, Diff: 6, Sum: 6, Workers: 4
[280.490s][debug][gc,phases      ] GC(31)   JVMTI Tag Weak OopStorage      Min:  0.0, Avg:  0.0, Max:  0.0, Diff:  0.0, Sum:  0.0, Workers: 4
[280.490s][debug][gc,phases      ] GC(31)     Dead                           Min: 0, Avg:  0.0, Max: 0, Diff: 0, Sum: 0, Workers: 4
[280.490s][debug][gc,phases      ] GC(31)     Total                          Min: 0, Avg:  0.0, Max: 0, Diff: 0, Sum: 0, Workers: 4
[280.490s][debug][gc,phases      ] GC(31)   StringTable Weak               Min:  0.0, Avg:  0.1, Max:  0.1, Diff:  0.1, Sum:  0.4, Workers: 4
[280.490s][debug][gc,phases      ] GC(31)     Dead                           Min: 0, Avg:  0.2, Max: 1, Diff: 1, Sum: 1, Workers: 4
[280.490s][debug][gc,phases      ] GC(31)     Total                          Min: 0, Avg: 10827.2, Max: 19200, Diff: 19200, Sum: 43309, Workers: 4
[280.490s][debug][gc,phases      ] GC(31)   ResolvedMethodTable Weak       Min:  0.0, Avg:  0.0, Max:  0.0, Diff:  0.0, Sum:  0.1, Workers: 4
[280.490s][debug][gc,phases      ] GC(31)     Dead                           Min: 0, Avg:  4.2, Max: 17, Diff: 17, Sum: 17, Workers: 4
[280.490s][debug][gc,phases      ] GC(31)     Total                          Min: 0, Avg: 2507.8, Max: 4342, Diff: 4342, Sum: 10031, Workers: 4
[280.490s][debug][gc,phases      ] GC(31)   JNI Weak                       Min:  0.0, Avg:  0.0, Max:  0.0, Diff:  0.0, Sum:  0.0, Workers: 4
[280.490s][debug][gc,phases      ] GC(31)     Dead                           Min: 0, Avg:  0.0, Max: 0, Diff: 0, Sum: 0, Workers: 4
[280.490s][debug][gc,phases      ] GC(31)     Total                          Min: 0, Avg: 11.2, Max: 45, Diff: 45, Sum: 45, Workers: 4
[280.490s][debug][gc,phases      ] GC(31)   StringDedup Table Weak         Min:  0.0, Avg:  0.0, Max:  0.0, Diff:  0.0, Sum:  0.0, Workers: 4
[280.490s][debug][gc,phases      ] GC(31)     Dead                           Min: 0, Avg:  0.0, Max: 0, Diff: 0, Sum: 0, Workers: 4
[280.490s][debug][gc,phases      ] GC(31)     Total                          Min: 0, Avg:  0.0, Max: 0, Diff: 0, Sum: 0, Workers: 4
[280.490s][debug][gc,phases      ] GC(31)   StringDedup Requests0 Weak     Min:  0.0, Avg:  0.0, Max:  0.0, Diff:  0.0, Sum:  0.0, Workers: 4
[280.490s][debug][gc,phases      ] GC(31)     Dead                           Min: 0, Avg:  0.0, Max: 0, Diff: 0, Sum: 0, Workers: 4
[280.490s][debug][gc,phases      ] GC(31)     Total                          Min: 0, Avg:  0.0, Max: 0, Diff: 0, Sum: 0, Workers: 4
[280.490s][debug][gc,phases      ] GC(31)   StringDedup Requests1 Weak     Min:  0.0, Avg:  0.0, Max:  0.0, Diff:  0.0, Sum:  0.0, Workers: 4
[280.490s][debug][gc,phases      ] GC(31)     Dead                           Min: 0, Avg:  0.0, Max: 0, Diff: 0, Sum: 0, Workers: 4
[280.490s][debug][gc,phases      ] GC(31)     Total                          Min: 0, Avg:  0.0, Max: 0, Diff: 0, Sum: 0, Workers: 4
[280.490s][debug][gc,phases      ] GC(31)   Weak JFR Old Object Samples    Min:  0.0, Avg:  0.0, Max:  0.0, Diff:  0.0, Sum:  0.0, Workers: 4
[280.490s][debug][gc,phases      ] GC(31)     Dead                           Min: 0, Avg:  0.0, Max: 0, Diff: 0, Sum: 0, Workers: 4
[280.490s][debug][gc,phases      ] GC(31)     Total                          Min: 0, Avg:  0.0, Max: 0, Diff: 0, Sum: 0, Workers: 4
[280.490s][debug][gc,phases      ] GC(31) Weak Processing 0.364ms
[280.490s][debug][gc,age         ] GC(31) Desired survivor size 379060224 bytes, new threshold 15 (max threshold 15)
[280.490s][info ][gc,heap        ] GC(31) PSYoungGen: 1317536K(1705472K)->30704K(1726976K) Eden: 1316352K(1316352K)->0K(1343488K) From: 1184K(389120K)->30704K(383488K)
[280.490s][info ][gc,heap        ] GC(31) ParOldGen: 248767K(344576K)->248799K(344576K)
[280.490s][info ][gc,metaspace   ] GC(31) Metaspace: 82362K(83328K)->82362K(83328K) NonClass: 70149K(70656K)->70149K(70656K) Class: 12213K(12672K)->12213K(12672K)
[280.490s][info ][gc             ] GC(31) Pause Young (Allocation Failure) 1529M->272M(2023M) 15.836ms
[280.490s][info ][gc,cpu         ] GC(31) User=0.06s Sys=0.00s Real=0.02s
[280.490s][info ][safepoint      ] Safepoint "ParallelGCFailedAllocation", Time since last: 960644650 ns, Reaching safepoint: 77700 ns, Cleanup: 145901 ns, At safepoint: 15927284 ns, Total: 16150885 ns
[281.722s][info ][safepoint      ] Safepoint "ICBufferFull", Time since last: 1231310047 ns, Reaching safepoint: 6000 ns, Cleanup: 203601 ns, At safepoint: 2200 ns, Total: 211801 ns
[282.722s][info ][safepoint      ] Safepoint "Cleanup", Time since last: 1000145218 ns, Reaching safepoint: 5800 ns, Cleanup: 62800 ns, At safepoint: 11900 ns, Total: 80500 ns
[283.722s][info ][safepoint      ] Safepoint "Cleanup", Time since last: 1000091518 ns, Reaching safepoint: 7600 ns, Cleanup: 21200 ns, At safepoint: 8100 ns, Total: 36900 ns
[284.722s][info ][safepoint      ] Safepoint "Cleanup", Time since last: 1000124218 ns, Reaching safepoint: 79501 ns, Cleanup: 74700 ns, At safepoint: 12800 ns, Total: 167001 ns
[284.797s][info ][safepoint      ] Safepoint "ICBufferFull", Time since last: 74468459 ns, Reaching safepoint: 78600 ns, Cleanup: 152501 ns, At safepoint: 9400 ns, Total: 240501 ns
[285.319s][info ][safepoint      ] Safepoint "ICBufferFull", Time since last: 521442712 ns, Reaching safepoint: 6700 ns, Cleanup: 173601 ns, At safepoint: 6000 ns, Total: 186301 ns
[286.319s][info ][safepoint      ] Safepoint "Cleanup", Time since last: 1000131618 ns, Reaching safepoint: 76400 ns, Cleanup: 48800 ns, At safepoint: 5300 ns, Total: 130500 ns
[287.525s][info ][safepoint      ] Safepoint "Cleanup", Time since last: 1205677308 ns, Reaching safepoint: 4401 ns, Cleanup: 114400 ns, At safepoint: 7100 ns, Total: 125901 ns
[288.525s][info ][safepoint      ] Safepoint "Cleanup", Time since last: 1000114718 ns, Reaching safepoint: 4700 ns, Cleanup: 17400 ns, At safepoint: 2100 ns, Total: 24200 ns
[290.525s][info ][safepoint      ] Safepoint "Cleanup", Time since last: 2000186557 ns, Reaching safepoint: 5901 ns, Cleanup: 11100 ns, At safepoint: 3300 ns, Total: 20301 ns
[291.525s][info ][safepoint      ] Safepoint "Cleanup", Time since last: 1000146493 ns, Reaching safepoint: 6300 ns, Cleanup: 64400 ns, At safepoint: 2500 ns, Total: 73200 ns
[292.525s][info ][safepoint      ] Safepoint "Cleanup", Time since last: 1000130194 ns, Reaching safepoint: 6300 ns, Cleanup: 69600 ns, At safepoint: 7400 ns, Total: 83300 ns
[293.526s][info ][safepoint      ] Safepoint "Cleanup", Time since last: 1000127593 ns, Reaching safepoint: 5400 ns, Cleanup: 44801 ns, At safepoint: 7900 ns, Total: 58101 ns
[294.526s][info ][safepoint      ] Safepoint "Cleanup", Time since last: 1000124693 ns, Reaching safepoint: 6200 ns, Cleanup: 14400 ns, At safepoint: 2800 ns, Total: 23400 ns
[294.869s][info ][gc,start       ] GC(32) Pause Young (Allocation Failure)
[294.886s][debug][gc,phases      ] GC(32) Scavenge 16.710ms
[294.886s][debug][gc,ref         ] GC(32) Skipped phase 1 of Reference Processing: no references
[294.886s][debug][gc,ref         ] GC(32) ReferenceProcessor::execute queues: 1, RefProcThreadModel::Single, marks_oops_alive: false
[294.886s][debug][gc,ref         ] GC(32) Skipped phase 3 of Reference Processing: no references
[294.886s][debug][gc,ref         ] GC(32) ReferenceProcessor::execute queues: 1, RefProcThreadModel::Single, marks_oops_alive: false
[294.886s][debug][gc,phases      ] GC(32) Reference Processing 0.145ms
[294.886s][debug][gc,phases      ] GC(32)   VM Weak                        Min:  0.0, Avg:  0.0, Max:  0.0, Diff:  0.0, Sum:  0.0, Workers: 4
[294.886s][debug][gc,phases      ] GC(32)     Dead                           Min: 0, Avg:  0.0, Max: 0, Diff: 0, Sum: 0, Workers: 4
[294.886s][debug][gc,phases      ] GC(32)     Total                          Min: 0, Avg: 181.8, Max: 407, Diff: 407, Sum: 727, Workers: 4
[294.886s][debug][gc,phases      ] GC(32)   ObjectSynchronizer Weak        Min:  0.0, Avg:  0.0, Max:  0.0, Diff:  0.0, Sum:  0.0, Workers: 4
[294.886s][debug][gc,phases      ] GC(32)     Dead                           Min: 0, Avg:  4.2, Max: 17, Diff: 17, Sum: 17, Workers: 4
[294.886s][debug][gc,phases      ] GC(32)     Total                          Min: 0, Avg: 15.5, Max: 62, Diff: 62, Sum: 62, Workers: 4
[294.886s][debug][gc,phases      ] GC(32)   JVMTI Tag Weak OopStorage      Min:  0.0, Avg:  0.0, Max:  0.0, Diff:  0.0, Sum:  0.0, Workers: 4
[294.886s][debug][gc,phases      ] GC(32)     Dead                           Min: 0, Avg:  0.0, Max: 0, Diff: 0, Sum: 0, Workers: 4
[294.886s][debug][gc,phases      ] GC(32)     Total                          Min: 0, Avg:  0.0, Max: 0, Diff: 0, Sum: 0, Workers: 4
[294.886s][debug][gc,phases      ] GC(32)   StringTable Weak               Min:  0.0, Avg:  0.1, Max:  0.2, Diff:  0.2, Sum:  0.5, Workers: 4
[294.886s][debug][gc,phases      ] GC(32)     Dead                           Min: 0, Avg:  1.0, Max: 3, Diff: 3, Sum: 4, Workers: 4
[294.886s][debug][gc,phases      ] GC(32)     Total                          Min: 0, Avg: 10919.8, Max: 18880, Diff: 18880, Sum: 43679, Workers: 4
[294.886s][debug][gc,phases      ] GC(32)   ResolvedMethodTable Weak       Min:  0.0, Avg:  0.0, Max:  0.0, Diff:  0.0, Sum:  0.1, Workers: 4
[294.886s][debug][gc,phases      ] GC(32)     Dead                           Min: 0, Avg: 17.2, Max: 30, Diff: 30, Sum: 69, Workers: 4
[294.886s][debug][gc,phases      ] GC(32)     Total                          Min: 0, Avg: 2585.0, Max: 4516, Diff: 4516, Sum: 10340, Workers: 4
[294.886s][debug][gc,phases      ] GC(32)   JNI Weak                       Min:  0.0, Avg:  0.0, Max:  0.0, Diff:  0.0, Sum:  0.0, Workers: 4
[294.886s][debug][gc,phases      ] GC(32)     Dead                           Min: 0, Avg:  0.0, Max: 0, Diff: 0, Sum: 0, Workers: 4
[294.886s][debug][gc,phases      ] GC(32)     Total                          Min: 0, Avg: 11.5, Max: 46, Diff: 46, Sum: 46, Workers: 4
[294.886s][debug][gc,phases      ] GC(32)   StringDedup Table Weak         Min:  0.0, Avg:  0.0, Max:  0.0, Diff:  0.0, Sum:  0.0, Workers: 4
[294.886s][debug][gc,phases      ] GC(32)     Dead                           Min: 0, Avg:  0.0, Max: 0, Diff: 0, Sum: 0, Workers: 4
[294.886s][debug][gc,phases      ] GC(32)     Total                          Min: 0, Avg:  0.0, Max: 0, Diff: 0, Sum: 0, Workers: 4
[294.886s][debug][gc,phases      ] GC(32)   StringDedup Requests0 Weak     Min:  0.0, Avg:  0.0, Max:  0.0, Diff:  0.0, Sum:  0.0, Workers: 4
[294.886s][debug][gc,phases      ] GC(32)     Dead                           Min: 0, Avg:  0.0, Max: 0, Diff: 0, Sum: 0, Workers: 4
[294.886s][debug][gc,phases      ] GC(32)     Total                          Min: 0, Avg:  0.0, Max: 0, Diff: 0, Sum: 0, Workers: 4
[294.886s][debug][gc,phases      ] GC(32)   StringDedup Requests1 Weak     Min:  0.0, Avg:  0.0, Max:  0.0, Diff:  0.0, Sum:  0.0, Workers: 4
[294.886s][debug][gc,phases      ] GC(32)     Dead                           Min: 0, Avg:  0.0, Max: 0, Diff: 0, Sum: 0, Workers: 4
[294.886s][debug][gc,phases      ] GC(32)     Total                          Min: 0, Avg:  0.0, Max: 0, Diff: 0, Sum: 0, Workers: 4
[294.886s][debug][gc,phases      ] GC(32)   Weak JFR Old Object Samples    Min:  0.0, Avg:  0.0, Max:  0.0, Diff:  0.0, Sum:  0.0, Workers: 4
[294.886s][debug][gc,phases      ] GC(32)     Dead                           Min: 0, Avg:  0.0, Max: 0, Diff: 0, Sum: 0, Workers: 4
[294.886s][debug][gc,phases      ] GC(32)     Total                          Min: 0, Avg:  0.0, Max: 0, Diff: 0, Sum: 0, Workers: 4
[294.886s][debug][gc,phases      ] GC(32) Weak Processing 0.381ms
[294.886s][debug][gc,age         ] GC(32) Desired survivor size 362283008 bytes, new threshold 15 (max threshold 15)
[294.886s][info ][gc,heap        ] GC(32) PSYoungGen: 1374192K(1726976K)->43008K(1713664K) Eden: 1343488K(1343488K)->0K(1343488K) From: 30704K(383488K)->43008K(370176K)
[294.886s][info ][gc,heap        ] GC(32) ParOldGen: 248799K(344576K)->248823K(344576K)
[294.886s][info ][gc,metaspace   ] GC(32) Metaspace: 83571K(84480K)->83571K(84480K) NonClass: 71139K(71616K)->71139K(71616K) Class: 12431K(12864K)->12431K(12864K)
[294.886s][info ][gc             ] GC(32) Pause Young (Allocation Failure) 1584M->284M(2010M) 17.389ms
[294.886s][info ][gc,cpu         ] GC(32) User=0.06s Sys=0.00s Real=0.02s
[294.886s][info ][safepoint      ] Safepoint "ParallelGCFailedAllocation", Time since last: 343019015 ns, Reaching safepoint: 84901 ns, Cleanup: 17300 ns, At safepoint: 17494793 ns, Total: 17596994 ns
[295.887s][info ][safepoint      ] Safepoint "Cleanup", Time since last: 1000138693 ns, Reaching safepoint: 7100 ns, Cleanup: 34900 ns, At safepoint: 2700 ns, Total: 44700 ns
[296.887s][info ][safepoint      ] Safepoint "Cleanup", Time since last: 1000112193 ns, Reaching safepoint: 5700 ns, Cleanup: 18100 ns, At safepoint: 1800 ns, Total: 25600 ns
[297.887s][info ][safepoint      ] Safepoint "Cleanup", Time since last: 1000126570 ns, Reaching safepoint: 7400 ns, Cleanup: 16200 ns, At safepoint: 2500 ns, Total: 26100 ns
[298.887s][info ][safepoint      ] Safepoint "Cleanup", Time since last: 1000111104 ns, Reaching safepoint: 6100 ns, Cleanup: 28001 ns, At safepoint: 2300 ns, Total: 36401 ns
[299.887s][info ][safepoint      ] Safepoint "Cleanup", Time since last: 1000109104 ns, Reaching safepoint: 6000 ns, Cleanup: 53900 ns, At safepoint: 7900 ns, Total: 67800 ns
[301.115s][info ][safepoint      ] Safepoint "Cleanup", Time since last: 1227495096 ns, Reaching safepoint: 8800 ns, Cleanup: 38500 ns, At safepoint: 9500 ns, Total: 56800 ns
[302.115s][info ][safepoint      ] Safepoint "Cleanup", Time since last: 1000136105 ns, Reaching safepoint: 74700 ns, Cleanup: 10500 ns, At safepoint: 5900 ns, Total: 91100 ns
[303.115s][info ][safepoint      ] Safepoint "Cleanup", Time since last: 1000112704 ns, Reaching safepoint: 78301 ns, Cleanup: 23400 ns, At safepoint: 6600 ns, Total: 108301 ns
[304.115s][info ][safepoint      ] Safepoint "Cleanup", Time since last: 1000120704 ns, Reaching safepoint: 78900 ns, Cleanup: 16600 ns, At safepoint: 7400 ns, Total: 102900 ns
[305.116s][info ][safepoint      ] Safepoint "Cleanup", Time since last: 1000121804 ns, Reaching safepoint: 76601 ns, Cleanup: 9600 ns, At safepoint: 6100 ns, Total: 92301 ns
[307.116s][info ][safepoint      ] Safepoint "Cleanup", Time since last: 2000188598 ns, Reaching safepoint: 79701 ns, Cleanup: 14700 ns, At safepoint: 6300 ns, Total: 100701 ns
[309.116s][info ][safepoint      ] Safepoint "Cleanup", Time since last: 2000191855 ns, Reaching safepoint: 73600 ns, Cleanup: 17900 ns, At safepoint: 6000 ns, Total: 97500 ns
[310.116s][info ][safepoint      ] Safepoint "Cleanup", Time since last: 1000108378 ns, Reaching safepoint: 72900 ns, Cleanup: 16000 ns, At safepoint: 5800 ns, Total: 94700 ns
[311.117s][info ][safepoint      ] Safepoint "Cleanup", Time since last: 1000135378 ns, Reaching safepoint: 77300 ns, Cleanup: 14000 ns, At safepoint: 7500 ns, Total: 98800 ns
[312.117s][info ][safepoint      ] Safepoint "Cleanup", Time since last: 1000130378 ns, Reaching safepoint: 83000 ns, Cleanup: 15701 ns, At safepoint: 9700 ns, Total: 108401 ns
[312.974s][info ][gc,start       ] GC(33) Pause Young (Allocation Failure)
[312.989s][debug][gc,phases      ] GC(33) Scavenge 14.899ms
[312.989s][debug][gc,ref         ] GC(33) Skipped phase 1 of Reference Processing: no references
[312.989s][debug][gc,ref         ] GC(33) ReferenceProcessor::execute queues: 1, RefProcThreadModel::Single, marks_oops_alive: false
[312.989s][debug][gc,ref         ] GC(33) Skipped phase 3 of Reference Processing: no references
[312.989s][debug][gc,ref         ] GC(33) ReferenceProcessor::execute queues: 1, RefProcThreadModel::Single, marks_oops_alive: false
[312.989s][debug][gc,phases      ] GC(33) Reference Processing 0.131ms
[312.989s][debug][gc,phases      ] GC(33)   VM Weak                        Min:  0.0, Avg:  0.0, Max:  0.0, Diff:  0.0, Sum:  0.0, Workers: 4
[312.989s][debug][gc,phases      ] GC(33)     Dead                           Min: 0, Avg:  0.0, Max: 0, Diff: 0, Sum: 0, Workers: 4
[312.989s][debug][gc,phases      ] GC(33)     Total                          Min: 0, Avg: 181.8, Max: 384, Diff: 384, Sum: 727, Workers: 4
[312.989s][debug][gc,phases      ] GC(33)   ObjectSynchronizer Weak        Min:  0.0, Avg:  0.0, Max:  0.0, Diff:  0.0, Sum:  0.0, Workers: 4
[312.989s][debug][gc,phases      ] GC(33)     Dead                           Min: 0, Avg:  0.2, Max: 1, Diff: 1, Sum: 1, Workers: 4
[312.989s][debug][gc,phases      ] GC(33)     Total                          Min: 0, Avg:  1.5, Max: 6, Diff: 6, Sum: 6, Workers: 4
[312.989s][debug][gc,phases      ] GC(33)   JVMTI Tag Weak OopStorage      Min:  0.0, Avg:  0.0, Max:  0.0, Diff:  0.0, Sum:  0.0, Workers: 4
[312.989s][debug][gc,phases      ] GC(33)     Dead                           Min: 0, Avg:  0.0, Max: 0, Diff: 0, Sum: 0, Workers: 4
[312.989s][debug][gc,phases      ] GC(33)     Total                          Min: 0, Avg:  0.0, Max: 0, Diff: 0, Sum: 0, Workers: 4
[312.989s][debug][gc,phases      ] GC(33)   StringTable Weak               Min:  0.0, Avg:  0.1, Max:  0.1, Diff:  0.1, Sum:  0.4, Workers: 4
[312.989s][debug][gc,phases      ] GC(33)     Dead                           Min: 0, Avg:  0.5, Max: 2, Diff: 2, Sum: 2, Workers: 4
[312.989s][debug][gc,phases      ] GC(33)     Total                          Min: 0, Avg: 10931.5, Max: 19008, Diff: 19008, Sum: 43726, Workers: 4
[312.989s][debug][gc,phases      ] GC(33)   ResolvedMethodTable Weak       Min:  0.0, Avg:  0.0, Max:  0.0, Diff:  0.0, Sum:  0.1, Workers: 4
[312.989s][debug][gc,phases      ] GC(33)     Dead                           Min: 0, Avg:  0.0, Max: 0, Diff: 0, Sum: 0, Workers: 4
[312.989s][debug][gc,phases      ] GC(33)     Total                          Min: 0, Avg: 2587.0, Max: 4524, Diff: 4524, Sum: 10348, Workers: 4
[312.989s][debug][gc,phases      ] GC(33)   JNI Weak                       Min:  0.0, Avg:  0.0, Max:  0.0, Diff:  0.0, Sum:  0.0, Workers: 4
[312.989s][debug][gc,phases      ] GC(33)     Dead                           Min: 0, Avg:  0.0, Max: 0, Diff: 0, Sum: 0, Workers: 4
[312.989s][debug][gc,phases      ] GC(33)     Total                          Min: 0, Avg: 11.2, Max: 45, Diff: 45, Sum: 45, Workers: 4
[312.989s][debug][gc,phases      ] GC(33)   StringDedup Table Weak         Min:  0.0, Avg:  0.0, Max:  0.0, Diff:  0.0, Sum:  0.0, Workers: 4
[312.989s][debug][gc,phases      ] GC(33)     Dead                           Min: 0, Avg:  0.0, Max: 0, Diff: 0, Sum: 0, Workers: 4
[312.989s][debug][gc,phases      ] GC(33)     Total                          Min: 0, Avg:  0.0, Max: 0, Diff: 0, Sum: 0, Workers: 4
[312.989s][debug][gc,phases      ] GC(33)   StringDedup Requests0 Weak     Min:  0.0, Avg:  0.0, Max:  0.0, Diff:  0.0, Sum:  0.0, Workers: 4
[312.989s][debug][gc,phases      ] GC(33)     Dead                           Min: 0, Avg:  0.0, Max: 0, Diff: 0, Sum: 0, Workers: 4
[312.989s][debug][gc,phases      ] GC(33)     Total                          Min: 0, Avg:  0.0, Max: 0, Diff: 0, Sum: 0, Workers: 4
[312.989s][debug][gc,phases      ] GC(33)   StringDedup Requests1 Weak     Min:  0.0, Avg:  0.0, Max:  0.0, Diff:  0.0, Sum:  0.0, Workers: 4
[312.989s][debug][gc,phases      ] GC(33)     Dead                           Min: 0, Avg:  0.0, Max: 0, Diff: 0, Sum: 0, Workers: 4
[312.989s][debug][gc,phases      ] GC(33)     Total                          Min: 0, Avg:  0.0, Max: 0, Diff: 0, Sum: 0, Workers: 4
[312.989s][debug][gc,phases      ] GC(33)   Weak JFR Old Object Samples    Min:  0.0, Avg:  0.0, Max:  0.0, Diff:  0.0, Sum:  0.0, Workers: 4
[312.989s][debug][gc,phases      ] GC(33)     Dead                           Min: 0, Avg:  0.0, Max: 0, Diff: 0, Sum: 0, Workers: 4
[312.989s][debug][gc,phases      ] GC(33)     Total                          Min: 0, Avg:  0.0, Max: 0, Diff: 0, Sum: 0, Workers: 4
[312.989s][debug][gc,phases      ] GC(33) Weak Processing 0.357ms
[312.989s][debug][gc,age         ] GC(33) Desired survivor size 345505792 bytes, new threshold 15 (max threshold 15)
[312.989s][info ][gc,heap        ] GC(33) PSYoungGen: 1386496K(1713664K)->40464K(1759744K) Eden: 1343488K(1343488K)->0K(1405952K) From: 43008K(370176K)->40464K(353792K)
[312.989s][info ][gc,heap        ] GC(33) ParOldGen: 248823K(344576K)->248839K(344576K)
[312.989s][info ][gc,metaspace   ] GC(33) Metaspace: 83615K(84544K)->83615K(84544K) NonClass: 71181K(71680K)->71181K(71680K) Class: 12434K(12864K)->12434K(12864K)
[312.989s][info ][gc             ] GC(33) Pause Young (Allocation Failure) 1596M->282M(2055M) 15.523ms
[312.989s][info ][gc,cpu         ] GC(33) User=0.05s Sys=0.00s Real=0.02s
[312.989s][info ][safepoint      ] Safepoint "ParallelGCFailedAllocation", Time since last: 856859021 ns, Reaching safepoint: 74701 ns, Cleanup: 19800 ns, At safepoint: 15593182 ns, Total: 15687683 ns
[314.202s][info ][safepoint      ] Safepoint "Cleanup", Time since last: 1212829793 ns, Reaching safepoint: 4600 ns, Cleanup: 87401 ns, At safepoint: 7000 ns, Total: 99001 ns
[315.203s][info ][safepoint      ] Safepoint "Cleanup", Time since last: 1000129870 ns, Reaching safepoint: 10500 ns, Cleanup: 121001 ns, At safepoint: 8600 ns, Total: 140101 ns
[316.203s][info ][safepoint      ] Safepoint "Cleanup", Time since last: 1000131571 ns, Reaching safepoint: 14400 ns, Cleanup: 21100 ns, At safepoint: 8700 ns, Total: 44200 ns
[317.203s][info ][safepoint      ] Safepoint "Cleanup", Time since last: 1000103970 ns, Reaching safepoint: 5901 ns, Cleanup: 33200 ns, At safepoint: 2100 ns, Total: 41201 ns
[318.683s][info ][safepoint      ] Safepoint "Cleanup", Time since last: 1479808998 ns, Reaching safepoint: 7100 ns, Cleanup: 32400 ns, At safepoint: 4700 ns, Total: 44200 ns
[319.683s][info ][safepoint      ] Safepoint "Cleanup", Time since last: 1000133571 ns, Reaching safepoint: 10100 ns, Cleanup: 25600 ns, At safepoint: 2700 ns, Total: 38400 ns
[320.683s][info ][safepoint      ] Safepoint "Cleanup", Time since last: 1000128871 ns, Reaching safepoint: 9500 ns, Cleanup: 32900 ns, At safepoint: 2900 ns, Total: 45300 ns
[322.683s][info ][safepoint      ] Safepoint "Cleanup", Time since last: 2000192724 ns, Reaching safepoint: 5900 ns, Cleanup: 12100 ns, At safepoint: 2300 ns, Total: 20300 ns
[323.951s][info ][safepoint      ] Safepoint "Cleanup", Time since last: 1267329622 ns, Reaching safepoint: 7900 ns, Cleanup: 28900 ns, At safepoint: 2800 ns, Total: 39600 ns
[324.951s][info ][safepoint      ] Safepoint "Cleanup", Time since last: 1000165510 ns, Reaching safepoint: 8300 ns, Cleanup: 16700 ns, At safepoint: 3100 ns, Total: 28100 ns
[327.951s][info ][safepoint      ] Safepoint "Cleanup", Time since last: 3000334928 ns, Reaching safepoint: 7100 ns, Cleanup: 13400 ns, At safepoint: 2500 ns, Total: 23000 ns
[328.951s][info ][safepoint      ] Safepoint "Cleanup", Time since last: 1000120010 ns, Reaching safepoint: 9000 ns, Cleanup: 21200 ns, At safepoint: 3100 ns, Total: 33300 ns
[330.952s][info ][safepoint      ] Safepoint "Cleanup", Time since last: 2000197101 ns, Reaching safepoint: 8000 ns, Cleanup: 46200 ns, At safepoint: 8100 ns, Total: 62300 ns
[331.952s][info ][safepoint      ] Safepoint "Cleanup", Time since last: 1000134149 ns, Reaching safepoint: 6800 ns, Cleanup: 91300 ns, At safepoint: 8400 ns, Total: 106500 ns
[332.119s][info ][gc,start       ] GC(34) Pause Young (Allocation Failure)
[332.134s][debug][gc,phases      ] GC(34) Scavenge 15.308ms
[332.134s][debug][gc,ref         ] GC(34) Skipped phase 1 of Reference Processing: no references
[332.134s][debug][gc,ref         ] GC(34) ReferenceProcessor::execute queues: 1, RefProcThreadModel::Single, marks_oops_alive: false
[332.134s][debug][gc,ref         ] GC(34) Skipped phase 3 of Reference Processing: no references
[332.134s][debug][gc,ref         ] GC(34) ReferenceProcessor::execute queues: 1, RefProcThreadModel::Single, marks_oops_alive: false
[332.134s][debug][gc,phases      ] GC(34) Reference Processing 0.126ms
[332.134s][debug][gc,phases      ] GC(34)   VM Weak                        Min:  0.0, Avg:  0.0, Max:  0.0, Diff:  0.0, Sum:  0.0, Workers: 4
[332.134s][debug][gc,phases      ] GC(34)     Dead                           Min: 0, Avg:  0.0, Max: 0, Diff: 0, Sum: 0, Workers: 4
[332.134s][debug][gc,phases      ] GC(34)     Total                          Min: 0, Avg: 182.2, Max: 384, Diff: 384, Sum: 729, Workers: 4
[332.134s][debug][gc,phases      ] GC(34)   ObjectSynchronizer Weak        Min:  0.0, Avg:  0.0, Max:  0.0, Diff:  0.0, Sum:  0.0, Workers: 4
[332.134s][debug][gc,phases      ] GC(34)     Dead                           Min: 0, Avg:  0.2, Max: 1, Diff: 1, Sum: 1, Workers: 4
[332.134s][debug][gc,phases      ] GC(34)     Total                          Min: 0, Avg:  1.8, Max: 7, Diff: 7, Sum: 7, Workers: 4
[332.134s][debug][gc,phases      ] GC(34)   JVMTI Tag Weak OopStorage      Min:  0.0, Avg:  0.0, Max:  0.0, Diff:  0.0, Sum:  0.0, Workers: 4
[332.134s][debug][gc,phases      ] GC(34)     Dead                           Min: 0, Avg:  0.0, Max: 0, Diff: 0, Sum: 0, Workers: 4
[332.135s][debug][gc,phases      ] GC(34)     Total                          Min: 0, Avg:  0.0, Max: 0, Diff: 0, Sum: 0, Workers: 4
[332.135s][debug][gc,phases      ] GC(34)   StringTable Weak               Min:  0.0, Avg:  0.1, Max:  0.2, Diff:  0.2, Sum:  0.5, Workers: 4
[332.135s][debug][gc,phases      ] GC(34)     Dead                           Min: 0, Avg:  0.8, Max: 2, Diff: 2, Sum: 3, Workers: 4
[332.135s][debug][gc,phases      ] GC(34)     Total                          Min: 0, Avg: 10948.5, Max: 17535, Diff: 17535, Sum: 43794, Workers: 4
[332.135s][debug][gc,phases      ] GC(34)   ResolvedMethodTable Weak       Min:  0.0, Avg:  0.0, Max:  0.0, Diff:  0.0, Sum:  0.1, Workers: 4
[332.135s][debug][gc,phases      ] GC(34)     Dead                           Min: 0, Avg:  0.0, Max: 0, Diff: 0, Sum: 0, Workers: 4
[332.135s][debug][gc,phases      ] GC(34)     Total                          Min: 0, Avg: 2602.8, Max: 3712, Diff: 3712, Sum: 10411, Workers: 4
[332.135s][debug][gc,phases      ] GC(34)   JNI Weak                       Min:  0.0, Avg:  0.0, Max:  0.0, Diff:  0.0, Sum:  0.0, Workers: 4
[332.135s][debug][gc,phases      ] GC(34)     Dead                           Min: 0, Avg:  0.0, Max: 0, Diff: 0, Sum: 0, Workers: 4
[332.135s][debug][gc,phases      ] GC(34)     Total                          Min: 0, Avg: 11.8, Max: 47, Diff: 47, Sum: 47, Workers: 4
[332.135s][debug][gc,phases      ] GC(34)   StringDedup Table Weak         Min:  0.0, Avg:  0.0, Max:  0.0, Diff:  0.0, Sum:  0.0, Workers: 4
[332.135s][debug][gc,phases      ] GC(34)     Dead                           Min: 0, Avg:  0.0, Max: 0, Diff: 0, Sum: 0, Workers: 4
[332.135s][debug][gc,phases      ] GC(34)     Total                          Min: 0, Avg:  0.0, Max: 0, Diff: 0, Sum: 0, Workers: 4
[332.135s][debug][gc,phases      ] GC(34)   StringDedup Requests0 Weak     Min:  0.0, Avg:  0.0, Max:  0.0, Diff:  0.0, Sum:  0.0, Workers: 4
[332.135s][debug][gc,phases      ] GC(34)     Dead                           Min: 0, Avg:  0.0, Max: 0, Diff: 0, Sum: 0, Workers: 4
[332.135s][debug][gc,phases      ] GC(34)     Total                          Min: 0, Avg:  0.0, Max: 0, Diff: 0, Sum: 0, Workers: 4
[332.135s][debug][gc,phases      ] GC(34)   StringDedup Requests1 Weak     Min:  0.0, Avg:  0.0, Max:  0.0, Diff:  0.0, Sum:  0.0, Workers: 4
[332.135s][debug][gc,phases      ] GC(34)     Dead                           Min: 0, Avg:  0.0, Max: 0, Diff: 0, Sum: 0, Workers: 4
[332.135s][debug][gc,phases      ] GC(34)     Total                          Min: 0, Avg:  0.0, Max: 0, Diff: 0, Sum: 0, Workers: 4
[332.135s][debug][gc,phases      ] GC(34)   Weak JFR Old Object Samples    Min:  0.0, Avg:  0.0, Max:  0.0, Diff:  0.0, Sum:  0.0, Workers: 4
[332.135s][debug][gc,phases      ] GC(34)     Dead                           Min: 0, Avg:  0.0, Max: 0, Diff: 0, Sum: 0, Workers: 4
[332.135s][debug][gc,phases      ] GC(34)     Total                          Min: 0, Avg:  0.0, Max: 0, Diff: 0, Sum: 0, Workers: 4
[332.135s][debug][gc,phases      ] GC(34) Weak Processing 0.407ms
[332.135s][debug][gc,age         ] GC(34) Desired survivor size 329252864 bytes, new threshold 15 (max threshold 15)
[332.135s][info ][gc,heap        ] GC(34) PSYoungGen: 1446416K(1759744K)->41216K(1743360K) Eden: 1405952K(1405952K)->0K(1405952K) From: 40464K(353792K)->41216K(337408K)
[332.135s][info ][gc,heap        ] GC(34) ParOldGen: 248839K(344576K)->248855K(344576K)
[332.135s][info ][gc,metaspace   ] GC(34) Metaspace: 84025K(84992K)->84025K(84992K) NonClass: 71547K(72064K)->71547K(72064K) Class: 12477K(12928K)->12477K(12928K)
[332.135s][info ][gc             ] GC(34) Pause Young (Allocation Failure) 1655M->283M(2039M) 15.969ms
[332.135s][info ][gc,cpu         ] GC(34) User=0.07s Sys=0.00s Real=0.01s
[332.135s][info ][safepoint      ] Safepoint "ParallelGCFailedAllocation", Time since last: 166676491 ns, Reaching safepoint: 76301 ns, Cleanup: 19400 ns, At safepoint: 16047747 ns, Total: 16143448 ns
[333.135s][info ][safepoint      ] Safepoint "Cleanup", Time since last: 1000092635 ns, Reaching safepoint: 7900 ns, Cleanup: 38100 ns, At safepoint: 2600 ns, Total: 48600 ns
[334.135s][info ][safepoint      ] Safepoint "Cleanup", Time since last: 1000128791 ns, Reaching safepoint: 5400 ns, Cleanup: 15400 ns, At safepoint: 4500 ns, Total: 25300 ns
[335.135s][info ][safepoint      ] Safepoint "Cleanup", Time since last: 1000108290 ns, Reaching safepoint: 10301 ns, Cleanup: 16800 ns, At safepoint: 2700 ns, Total: 29801 ns
[336.135s][info ][safepoint      ] Safepoint "Cleanup", Time since last: 1000109990 ns, Reaching safepoint: 6800 ns, Cleanup: 75701 ns, At safepoint: 5500 ns, Total: 88001 ns
[337.135s][info ][safepoint      ] Safepoint "Cleanup", Time since last: 1000115090 ns, Reaching safepoint: 10500 ns, Cleanup: 34600 ns, At safepoint: 2700 ns, Total: 47800 ns
[338.136s][info ][safepoint      ] Safepoint "Cleanup", Time since last: 1000118838 ns, Reaching safepoint: 7000 ns, Cleanup: 15900 ns, At safepoint: 2700 ns, Total: 25600 ns
[340.136s][info ][safepoint      ] Safepoint "Cleanup", Time since last: 2000175683 ns, Reaching safepoint: 7800 ns, Cleanup: 12901 ns, At safepoint: 2500 ns, Total: 23201 ns
[346.136s][info ][safepoint      ] Safepoint "Cleanup", Time since last: 6000449456 ns, Reaching safepoint: 7600 ns, Cleanup: 15100 ns, At safepoint: 2700 ns, Total: 25400 ns
[351.137s][info ][safepoint      ] Safepoint "Cleanup", Time since last: 5000448649 ns, Reaching safepoint: 7400 ns, Cleanup: 14900 ns, At safepoint: 2400 ns, Total: 24700 ns
[353.137s][info ][safepoint      ] Safepoint "Cleanup", Time since last: 2000186760 ns, Reaching safepoint: 6700 ns, Cleanup: 12300 ns, At safepoint: 2700 ns, Total: 21700 ns
[365.134s][info ][safepoint      ] Safepoint "Cleanup", Time since last: 11996794050 ns, Reaching safepoint: 5900 ns, Cleanup: 15701 ns, At safepoint: 2600 ns, Total: 24201 ns
[371.134s][info ][safepoint      ] Safepoint "Cleanup", Time since last: 6000434210 ns, Reaching safepoint: 7800 ns, Cleanup: 14000 ns, At safepoint: 2900 ns, Total: 24700 ns
[373.134s][info ][safepoint      ] Safepoint "Cleanup", Time since last: 2000195644 ns, Reaching safepoint: 7400 ns, Cleanup: 15200 ns, At safepoint: 2500 ns, Total: 25100 ns
[375.135s][info ][safepoint      ] Safepoint "Cleanup", Time since last: 2000257845 ns, Reaching safepoint: 7200 ns, Cleanup: 13600 ns, At safepoint: 2600 ns, Total: 23400 ns
[377.135s][info ][safepoint      ] Safepoint "Cleanup", Time since last: 2000205045 ns, Reaching safepoint: 7400 ns, Cleanup: 13900 ns, At safepoint: 2700 ns, Total: 24000 ns
[379.135s][info ][safepoint      ] Safepoint "Cleanup", Time since last: 2000168050 ns, Reaching safepoint: 7100 ns, Cleanup: 12500 ns, At safepoint: 2100 ns, Total: 21700 ns
[400.137s][info ][safepoint      ] Safepoint "Cleanup", Time since last: 21001605447 ns, Reaching safepoint: 7900 ns, Cleanup: 13700 ns, At safepoint: 2400 ns, Total: 24000 ns
[401.137s][info ][safepoint      ] Safepoint "Cleanup", Time since last: 1000161119 ns, Reaching safepoint: 6600 ns, Cleanup: 12800 ns, At safepoint: 2600 ns, Total: 22000 ns
[405.137s][info ][safepoint      ] Safepoint "Cleanup", Time since last: 4000318986 ns, Reaching safepoint: 7300 ns, Cleanup: 12400 ns, At safepoint: 2501 ns, Total: 22201 ns
[444.417s][info ][gc,start       ] GC(35) Pause Young (Allocation Failure)
[444.433s][debug][gc,phases      ] GC(35) Scavenge 15.846ms
[444.433s][debug][gc,ref         ] GC(35) Skipped phase 1 of Reference Processing: no references
[444.433s][debug][gc,ref         ] GC(35) ReferenceProcessor::execute queues: 1, RefProcThreadModel::Single, marks_oops_alive: false
[444.433s][debug][gc,ref         ] GC(35) ReferenceProcessor::execute queues: 4, RefProcThreadModel::Multi, marks_oops_alive: true
[444.433s][debug][gc,ref         ] GC(35) ReferenceProcessor::execute queues: 1, RefProcThreadModel::Single, marks_oops_alive: false
[444.433s][debug][gc,phases      ] GC(35) Reference Processing 0.410ms
[444.433s][debug][gc,phases      ] GC(35)   VM Weak                        Min:  0.0, Avg:  0.0, Max:  0.0, Diff:  0.0, Sum:  0.0, Workers: 4
[444.433s][debug][gc,phases      ] GC(35)     Dead                           Min: 0, Avg:  0.0, Max: 0, Diff: 0, Sum: 0, Workers: 4
[444.433s][debug][gc,phases      ] GC(35)     Total                          Min: 0, Avg: 182.5, Max: 576, Diff: 576, Sum: 730, Workers: 4
[444.433s][debug][gc,phases      ] GC(35)   ObjectSynchronizer Weak        Min:  0.0, Avg:  0.0, Max:  0.0, Diff:  0.0, Sum:  0.0, Workers: 4
[444.433s][debug][gc,phases      ] GC(35)     Dead                           Min: 0, Avg:  0.0, Max: 0, Diff: 0, Sum: 0, Workers: 4
[444.433s][debug][gc,phases      ] GC(35)     Total                          Min: 0, Avg:  1.0, Max: 4, Diff: 4, Sum: 4, Workers: 4
[444.433s][debug][gc,phases      ] GC(35)   JVMTI Tag Weak OopStorage      Min:  0.0, Avg:  0.0, Max:  0.0, Diff:  0.0, Sum:  0.0, Workers: 4
[444.433s][debug][gc,phases      ] GC(35)     Dead                           Min: 0, Avg:  0.0, Max: 0, Diff: 0, Sum: 0, Workers: 4
[444.433s][debug][gc,phases      ] GC(35)     Total                          Min: 0, Avg:  0.0, Max: 0, Diff: 0, Sum: 0, Workers: 4
[444.433s][debug][gc,phases      ] GC(35)   StringTable Weak               Min:  0.0, Avg:  0.1, Max:  0.2, Diff:  0.2, Sum:  0.5, Workers: 4
[444.433s][debug][gc,phases      ] GC(35)     Dead                           Min: 0, Avg:  0.0, Max: 0, Diff: 0, Sum: 0, Workers: 4
[444.433s][debug][gc,phases      ] GC(35)     Total                          Min: 0, Avg: 10952.5, Max: 18979, Diff: 18979, Sum: 43810, Workers: 4
[444.433s][debug][gc,phases      ] GC(35)   ResolvedMethodTable Weak       Min:  0.0, Avg:  0.0, Max:  0.0, Diff:  0.0, Sum:  0.1, Workers: 4
[444.433s][debug][gc,phases      ] GC(35)     Dead                           Min: 0, Avg:  0.2, Max: 1, Diff: 1, Sum: 1, Workers: 4
[444.433s][debug][gc,phases      ] GC(35)     Total                          Min: 0, Avg: 2605.0, Max: 4160, Diff: 4160, Sum: 10420, Workers: 4
[444.433s][debug][gc,phases      ] GC(35)   JNI Weak                       Min:  0.0, Avg:  0.0, Max:  0.0, Diff:  0.0, Sum:  0.0, Workers: 4
[444.433s][debug][gc,phases      ] GC(35)     Dead                           Min: 0, Avg:  0.0, Max: 0, Diff: 0, Sum: 0, Workers: 4
[444.433s][debug][gc,phases      ] GC(35)     Total                          Min: 0, Avg: 11.2, Max: 45, Diff: 45, Sum: 45, Workers: 4
[444.433s][debug][gc,phases      ] GC(35)   StringDedup Table Weak         Min:  0.0, Avg:  0.0, Max:  0.0, Diff:  0.0, Sum:  0.0, Workers: 4
[444.433s][debug][gc,phases      ] GC(35)     Dead                           Min: 0, Avg:  0.0, Max: 0, Diff: 0, Sum: 0, Workers: 4
[444.433s][debug][gc,phases      ] GC(35)     Total                          Min: 0, Avg:  0.0, Max: 0, Diff: 0, Sum: 0, Workers: 4
[444.433s][debug][gc,phases      ] GC(35)   StringDedup Requests0 Weak     Min:  0.0, Avg:  0.0, Max:  0.0, Diff:  0.0, Sum:  0.0, Workers: 4
[444.433s][debug][gc,phases      ] GC(35)     Dead                           Min: 0, Avg:  0.0, Max: 0, Diff: 0, Sum: 0, Workers: 4
[444.433s][debug][gc,phases      ] GC(35)     Total                          Min: 0, Avg:  0.0, Max: 0, Diff: 0, Sum: 0, Workers: 4
[444.433s][debug][gc,phases      ] GC(35)   StringDedup Requests1 Weak     Min:  0.0, Avg:  0.0, Max:  0.0, Diff:  0.0, Sum:  0.0, Workers: 4
[444.433s][debug][gc,phases      ] GC(35)     Dead                           Min: 0, Avg:  0.0, Max: 0, Diff: 0, Sum: 0, Workers: 4
[444.433s][debug][gc,phases      ] GC(35)     Total                          Min: 0, Avg:  0.0, Max: 0, Diff: 0, Sum: 0, Workers: 4
[444.433s][debug][gc,phases      ] GC(35)   Weak JFR Old Object Samples    Min:  0.0, Avg:  0.0, Max:  0.0, Diff:  0.0, Sum:  0.0, Workers: 4
[444.433s][debug][gc,phases      ] GC(35)     Dead                           Min: 0, Avg:  0.0, Max: 0, Diff: 0, Sum: 0, Workers: 4
[444.433s][debug][gc,phases      ] GC(35)     Total                          Min: 0, Avg:  0.0, Max: 0, Diff: 0, Sum: 0, Workers: 4
[444.433s][debug][gc,phases      ] GC(35) Weak Processing 0.388ms
[444.433s][debug][gc,age         ] GC(35) Desired survivor size 313524224 bytes, new threshold 15 (max threshold 15)
[444.433s][info ][gc,heap        ] GC(35) PSYoungGen: 1447168K(1743360K)->37056K(1790976K) Eden: 1405952K(1405952K)->0K(1469440K) From: 41216K(337408K)->37056K(321536K)
[444.433s][info ][gc,heap        ] GC(35) ParOldGen: 248855K(344576K)->248879K(344576K)
[444.433s][info ][gc,metaspace   ] GC(35) Metaspace: 84160K(85056K)->84160K(85056K) NonClass: 71672K(72128K)->71672K(72128K) Class: 12487K(12928K)->12487K(12928K)
[444.433s][info ][gc             ] GC(35) Pause Young (Allocation Failure) 1656M->279M(2085M) 16.810ms
[444.434s][info ][gc,cpu         ] GC(35) User=0.06s Sys=0.00s Real=0.01s
[444.434s][info ][safepoint      ] Safepoint "ParallelGCFailedAllocation", Time since last: 39279293478 ns, Reaching safepoint: 4100 ns, Cleanup: 4100 ns, At safepoint: 16887732 ns, Total: 16895932 ns
[445.434s][info ][safepoint      ] Safepoint "Cleanup", Time since last: 1000100555 ns, Reaching safepoint: 77801 ns, Cleanup: 11500 ns, At safepoint: 30400 ns, Total: 119701 ns
[456.360s][info ][safepoint      ] Safepoint "Cleanup", Time since last: 10925745118 ns, Reaching safepoint: 32500 ns, Cleanup: 24900 ns, At safepoint: 7400 ns, Total: 64800 ns
[456.470s][info ][gc,heap,exit   ] Heap
[456.470s][info ][gc,heap,exit   ]  PSYoungGen      total 1790976K, used 242501K [0x0000000780000000, 0x0000000800000000, 0x0000000800000000)
[456.470s][info ][gc,heap,exit   ]   eden space 1469440K, 13% used [0x0000000780000000,0x000000078c8a12d8,0x00000007d9b00000)
[456.470s][info ][gc,heap,exit   ]   from space 321536K, 11% used [0x00000007ec600000,0x00000007eea303b8,0x0000000800000000)
[456.470s][info ][gc,heap,exit   ]   to   space 306176K, 0% used [0x00000007d9b00000,0x00000007d9b00000,0x00000007ec600000)
[456.470s][info ][gc,heap,exit   ]  ParOldGen       total 344576K, used 248879K [0x00000006c0000000, 0x00000006d5080000, 0x0000000780000000)
[456.471s][info ][gc,heap,exit   ]   object space 344576K, 72% used [0x00000006c0000000,0x00000006cf30bec0,0x00000006d5080000)
[456.471s][info ][gc,heap,exit   ]  Metaspace       used 84251K, committed 85184K, reserved 1179648K
[456.471s][info ][gc,heap,exit   ]   class space    used 12508K, committed 12928K, reserved 1048576K
