[0.004s][info][gc] Using Parallel
[0.005s][info][gc,init] Version: 17.0.7+7-LTS (release)
[0.005s][info][gc,init] CPUs: 4 total, 4 available
[0.005s][info][gc,init] Memory: 16003M
[0.005s][info][gc,init] Large Page Support: Disabled
[0.005s][info][gc,init] NUMA Support: Disabled
[0.005s][info][gc,init] Compressed Oops: Enabled (Zero based)
[0.005s][info][gc,init] Alignments: Space 512K, Generation 512K, Heap 2M
[0.005s][info][gc,init] Heap Min Capacity: 2054M
[0.005s][info][gc,init] Heap Initial Capacity: 2054M
[0.005s][info][gc,init] Heap Max Capacity: 3G
[0.005s][info][gc,init] Pre-touch: Disabled
[0.005s][info][gc,init] Parallel Workers: 4
[0.005s][info][gc,metaspace] CDS archive(s) mapped at: [0x0000000800000000-0x0000000800be1000-0x0000000800be1000), size 12455936, SharedBaseAddress: 0x0000000800000000, ArchiveRelocationMode: 0.
[0.005s][info][gc,metaspace] Compressed class space mapped at: 0x0000000801000000-0x0000000841000000, reserved size: 1073741824
[0.005s][info][gc,metaspace] Narrow klass base: 0x0000000800000000, Narrow klass shift: 0, Narrow klass range: 0x100000000
[0.777s][info][safepoint   ] Safepoint "ICBufferFull", Time since last: 765326223 ns, Reaching safepoint: 271201 ns, At safepoint: 4700 ns, Total: 275901 ns
[1.164s][info][safepoint   ] Safepoint "ICBufferFull", Time since last: 386326075 ns, Reaching safepoint: 250201 ns, At safepoint: 8900 ns, Total: 259101 ns
[1.809s][info][gc,start    ] GC(0) Pause Young (Metadata GC Threshold)
[1.822s][debug][gc,phases   ] GC(0) Scavenge 12.703ms
[1.822s][debug][gc,ref      ] GC(0) Skipped phase 1 of Reference Processing: no references
[1.822s][debug][gc,ref      ] GC(0) ReferenceProcessor::execute queues: 3, RefProcThreadModel::Multi, marks_oops_alive: false
[1.823s][debug][gc,ref      ] GC(0) Skipped phase 3 of Reference Processing: no references
[1.823s][debug][gc,ref      ] GC(0) ReferenceProcessor::execute queues: 1, RefProcThreadModel::Single, marks_oops_alive: false
[1.823s][debug][gc,phases   ] GC(0) Reference Processing 0.290ms
[1.823s][debug][gc,phases   ] GC(0)   VM Weak                        Min:  0.0, Avg:  0.0, Max:  0.0, Diff:  0.0, Sum:  0.0, Workers: 4
[1.823s][debug][gc,phases   ] GC(0)     Dead                           Min: 0, Avg:  0.0, Max: 0, Diff: 0, Sum: 0, Workers: 4
[1.823s][debug][gc,phases   ] GC(0)     Total                          Min: 0, Avg: 58.0, Max: 192, Diff: 192, Sum: 232, Workers: 4
[1.823s][debug][gc,phases   ] GC(0)   ObjectSynchronizer Weak        Min:  0.0, Avg:  0.0, Max:  0.0, Diff:  0.0, Sum:  0.0, Workers: 4
[1.823s][debug][gc,phases   ] GC(0)     Dead                           Min: 0, Avg:  1.2, Max: 5, Diff: 5, Sum: 5, Workers: 4
[1.823s][debug][gc,phases   ] GC(0)     Total                          Min: 0, Avg:  2.5, Max: 10, Diff: 10, Sum: 10, Workers: 4
[1.823s][debug][gc,phases   ] GC(0)   JVMTI Tag Weak OopStorage      Min:  0.0, Avg:  0.0, Max:  0.0, Diff:  0.0, Sum:  0.0, Workers: 4
[1.823s][debug][gc,phases   ] GC(0)     Dead                           Min: 0, Avg:  0.0, Max: 0, Diff: 0, Sum: 0, Workers: 4
[1.823s][debug][gc,phases   ] GC(0)     Total                          Min: 0, Avg:  0.0, Max: 0, Diff: 0, Sum: 0, Workers: 4
[1.823s][debug][gc,phases   ] GC(0)   StringTable Weak               Min:  0.1, Avg:  0.1, Max:  0.1, Diff:  0.0, Sum:  0.4, Workers: 4
[1.823s][debug][gc,phases   ] GC(0)     Dead                           Min: 1, Avg:  6.5, Max: 18, Diff: 17, Sum: 26, Workers: 4
[1.823s][debug][gc,phases   ] GC(0)     Total                          Min: 2432, Avg: 3276.8, Max: 3904, Diff: 1472, Sum: 13107, Workers: 4
[1.823s][debug][gc,phases   ] GC(0)   ResolvedMethodTable Weak       Min:  0.0, Avg:  0.0, Max:  0.0, Diff:  0.0, Sum:  0.0, Workers: 4
[1.823s][debug][gc,phases   ] GC(0)     Dead                           Min: 13, Avg: 20.5, Max: 26, Diff: 13, Sum: 82, Workers: 4
[1.823s][debug][gc,phases   ] GC(0)     Total                          Min: 259, Avg: 320.8, Max: 384, Diff: 125, Sum: 1283, Workers: 4
[1.823s][debug][gc,phases   ] GC(0)   JNI Weak                       Min:  0.0, Avg:  0.0, Max:  0.0, Diff:  0.0, Sum:  0.0, Workers: 4
[1.823s][debug][gc,phases   ] GC(0)     Dead                           Min: 0, Avg:  0.0, Max: 0, Diff: 0, Sum: 0, Workers: 4
[1.823s][debug][gc,phases   ] GC(0)     Total                          Min: 0, Avg: 11.2, Max: 45, Diff: 45, Sum: 45, Workers: 4
[1.823s][debug][gc,phases   ] GC(0)   StringDedup Table Weak         Min:  0.0, Avg:  0.0, Max:  0.0, Diff:  0.0, Sum:  0.0, Workers: 4
[1.823s][debug][gc,phases   ] GC(0)     Dead                           Min: 0, Avg:  0.0, Max: 0, Diff: 0, Sum: 0, Workers: 4
[1.823s][debug][gc,phases   ] GC(0)     Total                          Min: 0, Avg:  0.0, Max: 0, Diff: 0, Sum: 0, Workers: 4
[1.823s][debug][gc,phases   ] GC(0)   StringDedup Requests0 Weak     Min:  0.0, Avg:  0.0, Max:  0.0, Diff:  0.0, Sum:  0.0, Workers: 4
[1.823s][debug][gc,phases   ] GC(0)     Dead                           Min: 0, Avg:  0.0, Max: 0, Diff: 0, Sum: 0, Workers: 4
[1.823s][debug][gc,phases   ] GC(0)     Total                          Min: 0, Avg:  0.0, Max: 0, Diff: 0, Sum: 0, Workers: 4
[1.823s][debug][gc,phases   ] GC(0)   StringDedup Requests1 Weak     Min:  0.0, Avg:  0.0, Max:  0.0, Diff:  0.0, Sum:  0.0, Workers: 4
[1.823s][debug][gc,phases   ] GC(0)     Dead                           Min: 0, Avg:  0.0, Max: 0, Diff: 0, Sum: 0, Workers: 4
[1.823s][debug][gc,phases   ] GC(0)     Total                          Min: 0, Avg:  0.0, Max: 0, Diff: 0, Sum: 0, Workers: 4
[1.823s][debug][gc,phases   ] GC(0)   Weak JFR Old Object Samples    Min:  0.0, Avg:  0.0, Max:  0.0, Diff:  0.0, Sum:  0.0, Workers: 4
[1.823s][debug][gc,phases   ] GC(0)     Dead                           Min: 0, Avg:  0.0, Max: 0, Diff: 0, Sum: 0, Workers: 4
[1.823s][debug][gc,phases   ] GC(0)     Total                          Min: 0, Avg:  0.0, Max: 0, Diff: 0, Sum: 0, Workers: 4
[1.823s][debug][gc,phases   ] GC(0) Weak Processing 0.264ms
[1.823s][debug][gc,age      ] GC(0) Desired survivor size 536870912 bytes, new threshold 7 (max threshold 15)
[1.823s][info ][gc,heap     ] GC(0) PSYoungGen: 230702K(1572864K)->31504K(1572864K) Eden: 230702K(1048576K)->0K(1048576K) From: 0K(524288K)->31504K(524288K)
[1.823s][info ][gc,heap     ] GC(0) ParOldGen: 0K(6144K)->96K(6144K)
[1.823s][info ][gc,metaspace] GC(0) Metaspace: 21192K(21504K)->21192K(21504K) NonClass: 18701K(18880K)->18701K(18880K) Class: 2490K(2624K)->2490K(2624K)
[1.823s][info ][gc          ] GC(0) Pause Young (Metadata GC Threshold) 225M->30M(1542M) 13.570ms
[1.823s][info ][gc,cpu      ] GC(0) User=0.05s Sys=0.00s Real=0.01s
[1.823s][debug][gc,phases   ] GC(1) Pre Compact 0.012ms
[1.823s][info ][gc,start    ] GC(1) Pause Full (Metadata GC Threshold)
[1.823s][info ][gc,phases,start] GC(1) Marking Phase
[1.830s][debug][gc,phases      ] GC(1) Par Mark 7.480ms
[1.830s][debug][gc,ref         ] GC(1) Skipped phase 1 of Reference Processing: no references
[1.830s][debug][gc,ref         ] GC(1) ReferenceProcessor::execute queues: 1, RefProcThreadModel::Single, marks_oops_alive: false
[1.831s][debug][gc,ref         ] GC(1) Skipped phase 3 of Reference Processing: no references
[1.831s][debug][gc,ref         ] GC(1) ReferenceProcessor::execute queues: 1, RefProcThreadModel::Single, marks_oops_alive: false
[1.831s][debug][gc,phases      ] GC(1) Reference Processing 0.067ms
[1.831s][debug][gc,phases      ] GC(1)   VM Weak                        Min:  0.0, Avg:  0.0, Max:  0.0, Diff:  0.0, Sum:  0.0, Workers: 4
[1.831s][debug][gc,phases      ] GC(1)     Dead                           Min: 0, Avg:  0.0, Max: 0, Diff: 0, Sum: 0, Workers: 4
[1.831s][debug][gc,phases      ] GC(1)     Total                          Min: 0, Avg: 58.0, Max: 232, Diff: 232, Sum: 232, Workers: 4
[1.831s][debug][gc,phases      ] GC(1)   ObjectSynchronizer Weak        Min:  0.0, Avg:  0.0, Max:  0.0, Diff:  0.0, Sum:  0.0, Workers: 4
[1.831s][debug][gc,phases      ] GC(1)     Dead                           Min: 0, Avg:  0.0, Max: 0, Diff: 0, Sum: 0, Workers: 4
[1.831s][debug][gc,phases      ] GC(1)     Total                          Min: 0, Avg:  2.5, Max: 10, Diff: 10, Sum: 10, Workers: 4
[1.831s][debug][gc,phases      ] GC(1)   JVMTI Tag Weak OopStorage      Min:  0.0, Avg:  0.0, Max:  0.0, Diff:  0.0, Sum:  0.0, Workers: 4
[1.831s][debug][gc,phases      ] GC(1)     Dead                           Min: 0, Avg:  0.0, Max: 0, Diff: 0, Sum: 0, Workers: 4
[1.831s][debug][gc,phases      ] GC(1)     Total                          Min: 0, Avg:  0.0, Max: 0, Diff: 0, Sum: 0, Workers: 4
[1.831s][debug][gc,phases      ] GC(1)   StringTable Weak               Min:  0.0, Avg:  0.0, Max:  0.0, Diff:  0.0, Sum:  0.2, Workers: 4
[1.831s][debug][gc,phases      ] GC(1)     Dead                           Min: 0, Avg:  0.0, Max: 0, Diff: 0, Sum: 0, Workers: 4
[1.831s][debug][gc,phases      ] GC(1)     Total                          Min: 2867, Avg: 3276.8, Max: 3840, Diff: 973, Sum: 13107, Workers: 4
[1.831s][debug][gc,phases      ] GC(1)   ResolvedMethodTable Weak       Min:  0.0, Avg:  0.0, Max:  0.0, Diff:  0.0, Sum:  0.0, Workers: 4
[1.831s][debug][gc,phases      ] GC(1)     Dead                           Min: 0, Avg:  0.0, Max: 0, Diff: 0, Sum: 0, Workers: 4
[1.831s][debug][gc,phases      ] GC(1)     Total                          Min: 195, Avg: 320.8, Max: 384, Diff: 189, Sum: 1283, Workers: 4
[1.831s][debug][gc,phases      ] GC(1)   JNI Weak                       Min:  0.0, Avg:  0.0, Max:  0.0, Diff:  0.0, Sum:  0.0, Workers: 4
[1.831s][debug][gc,phases      ] GC(1)     Dead                           Min: 0, Avg:  0.0, Max: 0, Diff: 0, Sum: 0, Workers: 4
[1.831s][debug][gc,phases      ] GC(1)     Total                          Min: 0, Avg: 11.2, Max: 45, Diff: 45, Sum: 45, Workers: 4
[1.831s][debug][gc,phases      ] GC(1)   StringDedup Table Weak         Min:  0.0, Avg:  0.0, Max:  0.0, Diff:  0.0, Sum:  0.0, Workers: 4
[1.831s][debug][gc,phases      ] GC(1)     Dead                           Min: 0, Avg:  0.0, Max: 0, Diff: 0, Sum: 0, Workers: 4
[1.831s][debug][gc,phases      ] GC(1)     Total                          Min: 0, Avg:  0.0, Max: 0, Diff: 0, Sum: 0, Workers: 4
[1.831s][debug][gc,phases      ] GC(1)   StringDedup Requests0 Weak     Min:  0.0, Avg:  0.0, Max:  0.0, Diff:  0.0, Sum:  0.0, Workers: 4
[1.831s][debug][gc,phases      ] GC(1)     Dead                           Min: 0, Avg:  0.0, Max: 0, Diff: 0, Sum: 0, Workers: 4
[1.831s][debug][gc,phases      ] GC(1)     Total                          Min: 0, Avg:  0.0, Max: 0, Diff: 0, Sum: 0, Workers: 4
[1.831s][debug][gc,phases      ] GC(1)   StringDedup Requests1 Weak     Min:  0.0, Avg:  0.0, Max:  0.0, Diff:  0.0, Sum:  0.0, Workers: 4
[1.831s][debug][gc,phases      ] GC(1)     Dead                           Min: 0, Avg:  0.0, Max: 0, Diff: 0, Sum: 0, Workers: 4
[1.831s][debug][gc,phases      ] GC(1)     Total                          Min: 0, Avg:  0.0, Max: 0, Diff: 0, Sum: 0, Workers: 4
[1.831s][debug][gc,phases      ] GC(1)   Weak JFR Old Object Samples    Min:  0.0, Avg:  0.0, Max:  0.0, Diff:  0.0, Sum:  0.0, Workers: 4
[1.831s][debug][gc,phases      ] GC(1)     Dead                           Min: 0, Avg:  0.0, Max: 0, Diff: 0, Sum: 0, Workers: 4
[1.831s][debug][gc,phases      ] GC(1)     Total                          Min: 0, Avg:  0.0, Max: 0, Diff: 0, Sum: 0, Workers: 4
[1.831s][debug][gc,phases      ] GC(1) Weak Processing 0.208ms
[1.831s][debug][gc,phases      ] GC(1) ClassLoaderData 0.025ms
[1.831s][debug][gc,phases      ] GC(1) Trigger cleanups 0.000ms
[1.834s][debug][gc,phases      ] GC(1) Class Unloading 3.047ms
[1.834s][info ][gc,phases      ] GC(1) Marking Phase 10.891ms
[1.834s][info ][gc,phases,start] GC(1) Summary Phase
[1.834s][info ][gc,phases      ] GC(1) Summary Phase 0.016ms
[1.834s][info ][gc,phases,start] GC(1) Adjust Roots
[1.838s][info ][gc,phases      ] GC(1) Adjust Roots 3.725ms
[1.838s][info ][gc,phases,start] GC(1) Compaction Phase
[1.855s][info ][gc,phases      ] GC(1) Compaction Phase 17.087ms
[1.855s][info ][gc,phases,start] GC(1) Post Compact
[1.856s][info ][gc,phases      ] GC(1) Post Compact 1.055ms
[1.856s][info ][gc,heap        ] GC(1) PSYoungGen: 31504K(1572864K)->25558K(1572864K) Eden: 0K(1048576K)->0K(1048576K) From: 31504K(524288K)->25558K(524288K)
[1.856s][info ][gc,heap        ] GC(1) ParOldGen: 96K(6144K)->5892K(6144K)
[1.856s][info ][gc,metaspace   ] GC(1) Metaspace: 21192K(21504K)->21192K(21504K) NonClass: 18701K(18880K)->18701K(18880K) Class: 2490K(2624K)->2490K(2624K)
[1.856s][info ][gc             ] GC(1) Pause Full (Metadata GC Threshold) 30M->30M(1542M) 32.904ms
[1.856s][info ][gc,cpu         ] GC(1) User=0.09s Sys=0.00s Real=0.03s
[1.856s][info ][safepoint      ] Safepoint "CollectForMetadataAllocation", Time since last: 645409165 ns, Reaching safepoint: 140200 ns, At safepoint: 46588578 ns, Total: 46728778 ns
[2.018s][info ][safepoint      ] Safepoint "ICBufferFull", Time since last: 162195020 ns, Reaching safepoint: 216601 ns, At safepoint: 4400 ns, Total: 221001 ns
[2.130s][info ][safepoint      ] Safepoint "ICBufferFull", Time since last: 111690626 ns, Reaching safepoint: 151901 ns, At safepoint: 7800 ns, Total: 159701 ns
[2.287s][info ][safepoint      ] Safepoint "ICBufferFull", Time since last: 156879299 ns, Reaching safepoint: 160901 ns, At safepoint: 7700 ns, Total: 168601 ns
[2.646s][info ][safepoint      ] Safepoint "ICBufferFull", Time since last: 358982870 ns, Reaching safepoint: 257101 ns, At safepoint: 10500 ns, Total: 267601 ns
[2.858s][info ][safepoint      ] Safepoint "ICBufferFull", Time since last: 211437608 ns, Reaching safepoint: 170201 ns, At safepoint: 8000 ns, Total: 178201 ns
[2.957s][info ][safepoint      ] Safepoint "ICBufferFull", Time since last: 98992178 ns, Reaching safepoint: 134500 ns, At safepoint: 2100 ns, Total: 136600 ns
[3.057s][info ][safepoint      ] Safepoint "ICBufferFull", Time since last: 99724181 ns, Reaching safepoint: 169101 ns, At safepoint: 4800 ns, Total: 173901 ns
[3.225s][info ][safepoint      ] Safepoint "ICBufferFull", Time since last: 167895241 ns, Reaching safepoint: 179701 ns, At safepoint: 6300 ns, Total: 186001 ns
[3.344s][info ][safepoint      ] Safepoint "ICBufferFull", Time since last: 118497252 ns, Reaching safepoint: 159301 ns, At safepoint: 5500 ns, Total: 164801 ns
[3.529s][info ][safepoint      ] Safepoint "ICBufferFull", Time since last: 185000506 ns, Reaching safepoint: 221101 ns, At safepoint: 6200 ns, Total: 227301 ns
[3.758s][info ][safepoint      ] Safepoint "ICBufferFull", Time since last: 228343872 ns, Reaching safepoint: 154901 ns, At safepoint: 9100 ns, Total: 164001 ns
[3.863s][info ][gc,start       ] GC(2) Pause Young (Metadata GC Threshold)
[3.912s][debug][gc,phases      ] GC(2) Scavenge 48.966ms
[3.912s][debug][gc,ref         ] GC(2) Skipped phase 1 of Reference Processing: no references
[3.912s][debug][gc,ref         ] GC(2) ReferenceProcessor::execute queues: 4, RefProcThreadModel::Multi, marks_oops_alive: false
[3.913s][debug][gc,ref         ] GC(2) Skipped phase 3 of Reference Processing: no references
[3.913s][debug][gc,ref         ] GC(2) ReferenceProcessor::execute queues: 1, RefProcThreadModel::Single, marks_oops_alive: false
[3.913s][debug][gc,phases      ] GC(2) Reference Processing 0.540ms
[3.913s][debug][gc,phases      ] GC(2)   VM Weak                        Min:  0.0, Avg:  0.0, Max:  0.0, Diff:  0.0, Sum:  0.0, Workers: 4
[3.913s][debug][gc,phases      ] GC(2)     Dead                           Min: 0, Avg:  0.0, Max: 0, Diff: 0, Sum: 0, Workers: 4
[3.913s][debug][gc,phases      ] GC(2)     Total                          Min: 0, Avg: 88.5, Max: 320, Diff: 320, Sum: 354, Workers: 4
[3.913s][debug][gc,phases      ] GC(2)   ObjectSynchronizer Weak        Min:  0.0, Avg:  0.0, Max:  0.0, Diff:  0.0, Sum:  0.0, Workers: 4
[3.913s][debug][gc,phases      ] GC(2)     Dead                           Min: 0, Avg:  0.0, Max: 0, Diff: 0, Sum: 0, Workers: 4
[3.913s][debug][gc,phases      ] GC(2)     Total                          Min: 0, Avg:  2.5, Max: 10, Diff: 10, Sum: 10, Workers: 4
[3.913s][debug][gc,phases      ] GC(2)   JVMTI Tag Weak OopStorage      Min:  0.0, Avg:  0.0, Max:  0.0, Diff:  0.0, Sum:  0.0, Workers: 4
[3.913s][debug][gc,phases      ] GC(2)     Dead                           Min: 0, Avg:  0.0, Max: 0, Diff: 0, Sum: 0, Workers: 4
[3.913s][debug][gc,phases      ] GC(2)     Total                          Min: 0, Avg:  0.0, Max: 0, Diff: 0, Sum: 0, Workers: 4
[3.913s][debug][gc,phases      ] GC(2)   StringTable Weak               Min:  0.0, Avg:  0.2, Max:  0.2, Diff:  0.2, Sum:  0.6, Workers: 4
[3.913s][debug][gc,phases      ] GC(2)     Dead                           Min: 0, Avg:  2.2, Max: 4, Diff: 4, Sum: 9, Workers: 4
[3.913s][debug][gc,phases      ] GC(2)     Total                          Min: 0, Avg: 6538.8, Max: 10112, Diff: 10112, Sum: 26155, Workers: 4
[3.913s][debug][gc,phases      ] GC(2)   ResolvedMethodTable Weak       Min:  0.0, Avg:  0.0, Max:  0.0, Diff:  0.0, Sum:  0.1, Workers: 4
[3.913s][debug][gc,phases      ] GC(2)     Dead                           Min: 0, Avg: 14.2, Max: 26, Diff: 26, Sum: 57, Workers: 4
[3.913s][debug][gc,phases      ] GC(2)     Total                          Min: 0, Avg: 609.5, Max: 1094, Diff: 1094, Sum: 2438, Workers: 4
[3.913s][debug][gc,phases      ] GC(2)   JNI Weak                       Min:  0.0, Avg:  0.0, Max:  0.0, Diff:  0.0, Sum:  0.0, Workers: 4
[3.913s][debug][gc,phases      ] GC(2)     Dead                           Min: 0, Avg:  0.0, Max: 0, Diff: 0, Sum: 0, Workers: 4
[3.913s][debug][gc,phases      ] GC(2)     Total                          Min: 0, Avg: 11.2, Max: 45, Diff: 45, Sum: 45, Workers: 4
[3.913s][debug][gc,phases      ] GC(2)   StringDedup Table Weak         Min:  0.0, Avg:  0.0, Max:  0.0, Diff:  0.0, Sum:  0.0, Workers: 4
[3.913s][debug][gc,phases      ] GC(2)     Dead                           Min: 0, Avg:  0.0, Max: 0, Diff: 0, Sum: 0, Workers: 4
[3.913s][debug][gc,phases      ] GC(2)     Total                          Min: 0, Avg:  0.0, Max: 0, Diff: 0, Sum: 0, Workers: 4
[3.913s][debug][gc,phases      ] GC(2)   StringDedup Requests0 Weak     Min:  0.0, Avg:  0.0, Max:  0.0, Diff:  0.0, Sum:  0.0, Workers: 4
[3.913s][debug][gc,phases      ] GC(2)     Dead                           Min: 0, Avg:  0.0, Max: 0, Diff: 0, Sum: 0, Workers: 4
[3.913s][debug][gc,phases      ] GC(2)     Total                          Min: 0, Avg:  0.0, Max: 0, Diff: 0, Sum: 0, Workers: 4
[3.913s][debug][gc,phases      ] GC(2)   StringDedup Requests1 Weak     Min:  0.0, Avg:  0.0, Max:  0.0, Diff:  0.0, Sum:  0.0, Workers: 4
[3.913s][debug][gc,phases      ] GC(2)     Dead                           Min: 0, Avg:  0.0, Max: 0, Diff: 0, Sum: 0, Workers: 4
[3.913s][debug][gc,phases      ] GC(2)     Total                          Min: 0, Avg:  0.0, Max: 0, Diff: 0, Sum: 0, Workers: 4
[3.913s][debug][gc,phases      ] GC(2)   Weak JFR Old Object Samples    Min:  0.0, Avg:  0.0, Max:  0.0, Diff:  0.0, Sum:  0.0, Workers: 4
[3.913s][debug][gc,phases      ] GC(2)     Dead                           Min: 0, Avg:  0.0, Max: 0, Diff: 0, Sum: 0, Workers: 4
[3.913s][debug][gc,phases      ] GC(2)     Total                          Min: 0, Avg:  0.0, Max: 0, Diff: 0, Sum: 0, Workers: 4
[3.913s][debug][gc,phases      ] GC(2) Weak Processing 0.413ms
[3.913s][debug][gc,age         ] GC(2) Desired survivor size 536870912 bytes, new threshold 7 (max threshold 15)
[3.913s][info ][gc,heap        ] GC(2) PSYoungGen: 549847K(1572864K)->82316K(1572864K) Eden: 524288K(1048576K)->0K(1048576K) From: 25558K(524288K)->82316K(524288K)
[3.913s][info ][gc,heap        ] GC(2) ParOldGen: 5892K(6144K)->5900K(6144K)
[3.913s][info ][gc,metaspace   ] GC(2) Metaspace: 35342K(35840K)->35342K(35840K) NonClass: 30712K(30976K)->30712K(30976K) Class: 4629K(4864K)->4629K(4864K)
[3.913s][info ][gc             ] GC(2) Pause Young (Metadata GC Threshold) 542M->86M(1542M) 50.034ms
[3.913s][info ][gc,cpu         ] GC(2) User=0.13s Sys=0.05s Real=0.05s
[3.913s][debug][gc,phases      ] GC(3) Pre Compact 0.008ms
[3.913s][info ][gc,start       ] GC(3) Pause Full (Metadata GC Threshold)
[3.913s][info ][gc,phases,start] GC(3) Marking Phase
[3.945s][debug][gc,phases      ] GC(3) Par Mark 32.089ms
[3.945s][debug][gc,ref         ] GC(3) Skipped phase 1 of Reference Processing: no references
[3.946s][debug][gc,ref         ] GC(3) ReferenceProcessor::execute queues: 4, RefProcThreadModel::Multi, marks_oops_alive: false
[3.946s][debug][gc,ref         ] GC(3) Skipped phase 3 of Reference Processing: no references
[3.946s][debug][gc,ref         ] GC(3) ReferenceProcessor::execute queues: 1, RefProcThreadModel::Single, marks_oops_alive: false
[3.946s][debug][gc,phases      ] GC(3) Reference Processing 0.260ms
[3.946s][debug][gc,phases      ] GC(3)   VM Weak                        Min:  0.0, Avg:  0.0, Max:  0.0, Diff:  0.0, Sum:  0.0, Workers: 4
[3.946s][debug][gc,phases      ] GC(3)     Dead                           Min: 0, Avg:  0.0, Max: 0, Diff: 0, Sum: 0, Workers: 4
[3.946s][debug][gc,phases      ] GC(3)     Total                          Min: 0, Avg: 88.5, Max: 320, Diff: 320, Sum: 354, Workers: 4
[3.946s][debug][gc,phases      ] GC(3)   ObjectSynchronizer Weak        Min:  0.0, Avg:  0.0, Max:  0.0, Diff:  0.0, Sum:  0.0, Workers: 4
[3.946s][debug][gc,phases      ] GC(3)     Dead                           Min: 0, Avg:  0.0, Max: 0, Diff: 0, Sum: 0, Workers: 4
[3.946s][debug][gc,phases      ] GC(3)     Total                          Min: 0, Avg:  2.5, Max: 10, Diff: 10, Sum: 10, Workers: 4
[3.946s][debug][gc,phases      ] GC(3)   JVMTI Tag Weak OopStorage      Min:  0.0, Avg:  0.0, Max:  0.0, Diff:  0.0, Sum:  0.0, Workers: 4
[3.946s][debug][gc,phases      ] GC(3)     Dead                           Min: 0, Avg:  0.0, Max: 0, Diff: 0, Sum: 0, Workers: 4
[3.946s][debug][gc,phases      ] GC(3)     Total                          Min: 0, Avg:  0.0, Max: 0, Diff: 0, Sum: 0, Workers: 4
[3.946s][debug][gc,phases      ] GC(3)   StringTable Weak               Min:  0.1, Avg:  0.1, Max:  0.1, Diff:  0.0, Sum:  0.3, Workers: 4
[3.946s][debug][gc,phases      ] GC(3)     Dead                           Min: 0, Avg:  0.0, Max: 0, Diff: 0, Sum: 0, Workers: 4
[3.946s][debug][gc,phases      ] GC(3)     Total                          Min: 5824, Avg: 6538.8, Max: 7403, Diff: 1579, Sum: 26155, Workers: 4
[3.946s][debug][gc,phases      ] GC(3)   ResolvedMethodTable Weak       Min:  0.0, Avg:  0.0, Max:  0.0, Diff:  0.0, Sum:  0.0, Workers: 4
[3.946s][debug][gc,phases      ] GC(3)     Dead                           Min: 0, Avg:  0.0, Max: 0, Diff: 0, Sum: 0, Workers: 4
[3.946s][debug][gc,phases      ] GC(3)     Total                          Min: 576, Avg: 609.5, Max: 640, Diff: 64, Sum: 2438, Workers: 4
[3.946s][debug][gc,phases      ] GC(3)   JNI Weak                       Min:  0.0, Avg:  0.0, Max:  0.0, Diff:  0.0, Sum:  0.0, Workers: 4
[3.946s][debug][gc,phases      ] GC(3)     Dead                           Min: 0, Avg:  0.0, Max: 0, Diff: 0, Sum: 0, Workers: 4
[3.946s][debug][gc,phases      ] GC(3)     Total                          Min: 0, Avg: 11.2, Max: 45, Diff: 45, Sum: 45, Workers: 4
[3.946s][debug][gc,phases      ] GC(3)   StringDedup Table Weak         Min:  0.0, Avg:  0.0, Max:  0.0, Diff:  0.0, Sum:  0.0, Workers: 4
[3.946s][debug][gc,phases      ] GC(3)     Dead                           Min: 0, Avg:  0.0, Max: 0, Diff: 0, Sum: 0, Workers: 4
[3.946s][debug][gc,phases      ] GC(3)     Total                          Min: 0, Avg:  0.0, Max: 0, Diff: 0, Sum: 0, Workers: 4
[3.946s][debug][gc,phases      ] GC(3)   StringDedup Requests0 Weak     Min:  0.0, Avg:  0.0, Max:  0.0, Diff:  0.0, Sum:  0.0, Workers: 4
[3.946s][debug][gc,phases      ] GC(3)     Dead                           Min: 0, Avg:  0.0, Max: 0, Diff: 0, Sum: 0, Workers: 4
[3.946s][debug][gc,phases      ] GC(3)     Total                          Min: 0, Avg:  0.0, Max: 0, Diff: 0, Sum: 0, Workers: 4
[3.946s][debug][gc,phases      ] GC(3)   StringDedup Requests1 Weak     Min:  0.0, Avg:  0.0, Max:  0.0, Diff:  0.0, Sum:  0.0, Workers: 4
[3.946s][debug][gc,phases      ] GC(3)     Dead                           Min: 0, Avg:  0.0, Max: 0, Diff: 0, Sum: 0, Workers: 4
[3.946s][debug][gc,phases      ] GC(3)     Total                          Min: 0, Avg:  0.0, Max: 0, Diff: 0, Sum: 0, Workers: 4
[3.946s][debug][gc,phases      ] GC(3)   Weak JFR Old Object Samples    Min:  0.0, Avg:  0.0, Max:  0.0, Diff:  0.0, Sum:  0.0, Workers: 4
[3.946s][debug][gc,phases      ] GC(3)     Dead                           Min: 0, Avg:  0.0, Max: 0, Diff: 0, Sum: 0, Workers: 4
[3.946s][debug][gc,phases      ] GC(3)     Total                          Min: 0, Avg:  0.0, Max: 0, Diff: 0, Sum: 0, Workers: 4
[3.946s][debug][gc,phases      ] GC(3) Weak Processing 0.249ms
[3.946s][debug][gc,phases      ] GC(3) ClassLoaderData 0.041ms
[3.946s][debug][gc,phases      ] GC(3) Trigger cleanups 0.000ms
[3.952s][debug][gc,phases      ] GC(3) Class Unloading 5.699ms
[3.952s][info ][gc,phases      ] GC(3) Marking Phase 38.419ms
[3.952s][info ][gc,phases,start] GC(3) Summary Phase
[3.952s][info ][gc,phases      ] GC(3) Summary Phase 0.007ms
[3.952s][info ][gc,phases,start] GC(3) Adjust Roots
[3.958s][info ][gc,phases      ] GC(3) Adjust Roots 6.427ms
[3.958s][info ][gc,phases,start] GC(3) Compaction Phase
[4.318s][info ][gc,phases      ] GC(3) Compaction Phase 359.664ms
[4.318s][info ][gc,phases,start] GC(3) Post Compact
[4.319s][info ][gc,phases      ] GC(3) Post Compact 0.820ms
[4.319s][info ][gc,heap        ] GC(3) PSYoungGen: 82316K(1572864K)->82149K(1572864K) Eden: 0K(1048576K)->0K(1048576K) From: 82316K(524288K)->82149K(524288K)
[4.319s][info ][gc,heap        ] GC(3) ParOldGen: 5900K(6144K)->5808K(6144K)
[4.319s][info ][gc,metaspace   ] GC(3) Metaspace: 35342K(35840K)->35342K(35840K) NonClass: 30712K(30976K)->30712K(30976K) Class: 4629K(4864K)->4629K(4864K)
[4.319s][info ][gc             ] GC(3) Pause Full (Metadata GC Threshold) 86M->85M(1542M) 405.463ms
[4.319s][info ][gc,cpu         ] GC(3) User=0.86s Sys=0.01s Real=0.41s
[4.319s][info ][safepoint      ] Safepoint "CollectForMetadataAllocation", Time since last: 105497303 ns, Reaching safepoint: 100000 ns, At safepoint: 455613640 ns, Total: 455713640 ns
[4.812s][info ][safepoint      ] Safepoint "ICBufferFull", Time since last: 492612913 ns, Reaching safepoint: 172300 ns, At safepoint: 1800 ns, Total: 174100 ns
[5.378s][info ][safepoint      ] Safepoint "ICBufferFull", Time since last: 566153505 ns, Reaching safepoint: 208001 ns, At safepoint: 2000 ns, Total: 210001 ns
[5.579s][info ][safepoint      ] Safepoint "ICBufferFull", Time since last: 201173284 ns, Reaching safepoint: 152600 ns, At safepoint: 6300 ns, Total: 158900 ns
[5.659s][info ][safepoint      ] Safepoint "ICBufferFull", Time since last: 79456710 ns, Reaching safepoint: 140900 ns, At safepoint: 6101 ns, Total: 147001 ns
[5.802s][info ][safepoint      ] Safepoint "ICBufferFull", Time since last: 142845856 ns, Reaching safepoint: 178701 ns, At safepoint: 4000 ns, Total: 182701 ns
[5.961s][info ][safepoint      ] Safepoint "ICBufferFull", Time since last: 159225220 ns, Reaching safepoint: 154400 ns, At safepoint: 5000 ns, Total: 159400 ns
[6.247s][info ][safepoint      ] Safepoint "ICBufferFull", Time since last: 285199211 ns, Reaching safepoint: 225301 ns, At safepoint: 9500 ns, Total: 234801 ns
[6.247s][info ][safepoint      ] Safepoint "ICBufferFull", Time since last: 57000 ns, Reaching safepoint: 88101 ns, At safepoint: 10200 ns, Total: 98301 ns
[6.338s][info ][safepoint      ] Safepoint "ICBufferFull", Time since last: 90841554 ns, Reaching safepoint: 255501 ns, At safepoint: 16300 ns, Total: 271801 ns
[6.338s][info ][safepoint      ] Safepoint "ICBufferFull", Time since last: 64500 ns, Reaching safepoint: 95000 ns, At safepoint: 13100 ns, Total: 108100 ns
[6.549s][info ][safepoint      ] Safepoint "ICBufferFull", Time since last: 211010522 ns, Reaching safepoint: 203001 ns, At safepoint: 5700 ns, Total: 208701 ns
[6.732s][info ][safepoint      ] Safepoint "ICBufferFull", Time since last: 182828312 ns, Reaching safepoint: 149901 ns, At safepoint: 6800 ns, Total: 156701 ns
[7.393s][info ][safepoint      ] Safepoint "ICBufferFull", Time since last: 660217171 ns, Reaching safepoint: 171001 ns, At safepoint: 2400 ns, Total: 173401 ns
[7.401s][info ][gc,start       ] GC(4) Pause Young (Metadata GC Threshold)
[7.462s][debug][gc,phases      ] GC(4) Scavenge 60.854ms
[7.462s][debug][gc,ref         ] GC(4) Skipped phase 1 of Reference Processing: no references
[7.462s][debug][gc,ref         ] GC(4) ReferenceProcessor::execute queues: 4, RefProcThreadModel::Multi, marks_oops_alive: false
[7.463s][debug][gc,ref         ] GC(4) Skipped phase 3 of Reference Processing: no references
[7.463s][debug][gc,ref         ] GC(4) ReferenceProcessor::execute queues: 4, RefProcThreadModel::Multi, marks_oops_alive: false
[7.463s][debug][gc,phases      ] GC(4) Reference Processing 0.920ms
[7.463s][debug][gc,phases      ] GC(4)   VM Weak                        Min:  0.0, Avg:  0.0, Max:  0.0, Diff:  0.0, Sum:  0.0, Workers: 4
[7.463s][debug][gc,phases      ] GC(4)     Dead                           Min: 0, Avg:  0.0, Max: 0, Diff: 0, Sum: 0, Workers: 4
[7.463s][debug][gc,phases      ] GC(4)     Total                          Min: 64, Avg: 133.5, Max: 214, Diff: 150, Sum: 534, Workers: 4
[7.463s][debug][gc,phases      ] GC(4)   ObjectSynchronizer Weak        Min:  0.0, Avg:  0.0, Max:  0.0, Diff:  0.0, Sum:  0.0, Workers: 4
[7.463s][debug][gc,phases      ] GC(4)     Dead                           Min: 0, Avg:  0.8, Max: 3, Diff: 3, Sum: 3, Workers: 4
[7.463s][debug][gc,phases      ] GC(4)     Total                          Min: 0, Avg:  5.2, Max: 21, Diff: 21, Sum: 21, Workers: 4
[7.463s][debug][gc,phases      ] GC(4)   JVMTI Tag Weak OopStorage      Min:  0.0, Avg:  0.0, Max:  0.0, Diff:  0.0, Sum:  0.0, Workers: 4
[7.463s][debug][gc,phases      ] GC(4)     Dead                           Min: 0, Avg:  0.0, Max: 0, Diff: 0, Sum: 0, Workers: 4
[7.463s][debug][gc,phases      ] GC(4)     Total                          Min: 0, Avg:  0.0, Max: 0, Diff: 0, Sum: 0, Workers: 4
[7.463s][debug][gc,phases      ] GC(4)   StringTable Weak               Min:  0.3, Avg:  0.3, Max:  0.3, Diff:  0.0, Sum:  1.0, Workers: 4
[7.463s][debug][gc,phases      ] GC(4)     Dead                           Min: 2, Avg:  5.8, Max: 8, Diff: 6, Sum: 23, Workers: 4
[7.463s][debug][gc,phases      ] GC(4)     Total                          Min: 8384, Avg: 9037.0, Max: 9536, Diff: 1152, Sum: 36148, Workers: 4
[7.464s][debug][gc,phases      ] GC(4)   ResolvedMethodTable Weak       Min:  0.1, Avg:  0.1, Max:  0.1, Diff:  0.0, Sum:  0.2, Workers: 4
[7.464s][debug][gc,phases      ] GC(4)     Dead                           Min: 51, Avg: 88.5, Max: 193, Diff: 142, Sum: 354, Workers: 4
[7.464s][debug][gc,phases      ] GC(4)     Total                          Min: 1600, Avg: 1711.5, Max: 1856, Diff: 256, Sum: 6846, Workers: 4
[7.464s][debug][gc,phases      ] GC(4)   JNI Weak                       Min:  0.0, Avg:  0.0, Max:  0.0, Diff:  0.0, Sum:  0.0, Workers: 4
[7.464s][debug][gc,phases      ] GC(4)     Dead                           Min: 0, Avg:  0.0, Max: 0, Diff: 0, Sum: 0, Workers: 4
[7.464s][debug][gc,phases      ] GC(4)     Total                          Min: 0, Avg: 11.2, Max: 45, Diff: 45, Sum: 45, Workers: 4
[7.464s][debug][gc,phases      ] GC(4)   StringDedup Table Weak         Min:  0.0, Avg:  0.0, Max:  0.0, Diff:  0.0, Sum:  0.0, Workers: 4
[7.464s][debug][gc,phases      ] GC(4)     Dead                           Min: 0, Avg:  0.0, Max: 0, Diff: 0, Sum: 0, Workers: 4
[7.464s][debug][gc,phases      ] GC(4)     Total                          Min: 0, Avg:  0.0, Max: 0, Diff: 0, Sum: 0, Workers: 4
[7.464s][debug][gc,phases      ] GC(4)   StringDedup Requests0 Weak     Min:  0.0, Avg:  0.0, Max:  0.0, Diff:  0.0, Sum:  0.0, Workers: 4
[7.464s][debug][gc,phases      ] GC(4)     Dead                           Min: 0, Avg:  0.0, Max: 0, Diff: 0, Sum: 0, Workers: 4
[7.464s][debug][gc,phases      ] GC(4)     Total                          Min: 0, Avg:  0.0, Max: 0, Diff: 0, Sum: 0, Workers: 4
[7.464s][debug][gc,phases      ] GC(4)   StringDedup Requests1 Weak     Min:  0.0, Avg:  0.0, Max:  0.0, Diff:  0.0, Sum:  0.0, Workers: 4
[7.464s][debug][gc,phases      ] GC(4)     Dead                           Min: 0, Avg:  0.0, Max: 0, Diff: 0, Sum: 0, Workers: 4
[7.464s][debug][gc,phases      ] GC(4)     Total                          Min: 0, Avg:  0.0, Max: 0, Diff: 0, Sum: 0, Workers: 4
[7.464s][debug][gc,phases      ] GC(4)   Weak JFR Old Object Samples    Min:  0.0, Avg:  0.0, Max:  0.0, Diff:  0.0, Sum:  0.0, Workers: 4
[7.464s][debug][gc,phases      ] GC(4)     Dead                           Min: 0, Avg:  0.0, Max: 0, Diff: 0, Sum: 0, Workers: 4
[7.464s][debug][gc,phases      ] GC(4)     Total                          Min: 0, Avg:  0.0, Max: 0, Diff: 0, Sum: 0, Workers: 4
[7.464s][debug][gc,phases      ] GC(4) Weak Processing 0.484ms
[7.464s][debug][gc,age         ] GC(4) Desired survivor size 536870912 bytes, new threshold 7 (max threshold 15)
[7.464s][info ][gc,heap        ] GC(4) PSYoungGen: 888200K(1572864K)->115674K(1572864K) Eden: 806051K(1048576K)->0K(1048576K) From: 82149K(524288K)->115674K(524288K)
[7.464s][info ][gc,heap        ] GC(4) ParOldGen: 5808K(6144K)->5841K(6144K)
[7.464s][info ][gc,metaspace   ] GC(4) Metaspace: 59076K(59776K)->59076K(59776K) NonClass: 50176K(50560K)->50176K(50560K) Class: 8900K(9216K)->8900K(9216K)
[7.464s][info ][gc             ] GC(4) Pause Young (Metadata GC Threshold) 873M->118M(1542M) 62.372ms
[7.464s][info ][gc,cpu         ] GC(4) User=0.20s Sys=0.03s Real=0.06s
[7.464s][debug][gc,phases      ] GC(5) Pre Compact 0.008ms
[7.464s][info ][gc,start       ] GC(5) Pause Full (Metadata GC Threshold)
[7.464s][info ][gc,phases,start] GC(5) Marking Phase
[7.510s][debug][gc,phases      ] GC(5) Par Mark 46.754ms
[7.511s][debug][gc,ref         ] GC(5) Skipped phase 1 of Reference Processing: no references
[7.511s][debug][gc,ref         ] GC(5) ReferenceProcessor::execute queues: 4, RefProcThreadModel::Multi, marks_oops_alive: false
[7.511s][debug][gc,ref         ] GC(5) Skipped phase 3 of Reference Processing: no references
[7.511s][debug][gc,ref         ] GC(5) ReferenceProcessor::execute queues: 1, RefProcThreadModel::Single, marks_oops_alive: false
[7.511s][debug][gc,phases      ] GC(5) Reference Processing 0.363ms
[7.511s][debug][gc,phases      ] GC(5)   VM Weak                        Min:  0.0, Avg:  0.0, Max:  0.0, Diff:  0.0, Sum:  0.0, Workers: 4
[7.511s][debug][gc,phases      ] GC(5)     Dead                           Min: 0, Avg:  0.0, Max: 0, Diff: 0, Sum: 0, Workers: 4
[7.511s][debug][gc,phases      ] GC(5)     Total                          Min: 0, Avg: 133.5, Max: 256, Diff: 256, Sum: 534, Workers: 4
[7.511s][debug][gc,phases      ] GC(5)   ObjectSynchronizer Weak        Min:  0.0, Avg:  0.0, Max:  0.0, Diff:  0.0, Sum:  0.0, Workers: 4
[7.511s][debug][gc,phases      ] GC(5)     Dead                           Min: 0, Avg:  0.0, Max: 0, Diff: 0, Sum: 0, Workers: 4
[7.511s][debug][gc,phases      ] GC(5)     Total                          Min: 0, Avg:  5.2, Max: 21, Diff: 21, Sum: 21, Workers: 4
[7.511s][debug][gc,phases      ] GC(5)   JVMTI Tag Weak OopStorage      Min:  0.0, Avg:  0.0, Max:  0.0, Diff:  0.0, Sum:  0.0, Workers: 4
[7.511s][debug][gc,phases      ] GC(5)     Dead                           Min: 0, Avg:  0.0, Max: 0, Diff: 0, Sum: 0, Workers: 4
[7.511s][debug][gc,phases      ] GC(5)     Total                          Min: 0, Avg:  0.0, Max: 0, Diff: 0, Sum: 0, Workers: 4
[7.511s][debug][gc,phases      ] GC(5)   StringTable Weak               Min:  0.1, Avg:  0.1, Max:  0.1, Diff:  0.0, Sum:  0.5, Workers: 4
[7.511s][debug][gc,phases      ] GC(5)     Dead                           Min: 0, Avg:  0.0, Max: 0, Diff: 0, Sum: 0, Workers: 4
[7.511s][debug][gc,phases      ] GC(5)     Total                          Min: 8512, Avg: 9037.0, Max: 9460, Diff: 948, Sum: 36148, Workers: 4
[7.511s][debug][gc,phases      ] GC(5)   ResolvedMethodTable Weak       Min:  0.0, Avg:  0.0, Max:  0.0, Diff:  0.0, Sum:  0.1, Workers: 4
[7.511s][debug][gc,phases      ] GC(5)     Dead                           Min: 0, Avg:  0.2, Max: 1, Diff: 1, Sum: 1, Workers: 4
[7.511s][debug][gc,phases      ] GC(5)     Total                          Min: 1536, Avg: 1711.5, Max: 1854, Diff: 318, Sum: 6846, Workers: 4
[7.511s][debug][gc,phases      ] GC(5)   JNI Weak                       Min:  0.0, Avg:  0.0, Max:  0.0, Diff:  0.0, Sum:  0.0, Workers: 4
[7.511s][debug][gc,phases      ] GC(5)     Dead                           Min: 0, Avg:  0.0, Max: 0, Diff: 0, Sum: 0, Workers: 4
[7.511s][debug][gc,phases      ] GC(5)     Total                          Min: 0, Avg: 11.2, Max: 45, Diff: 45, Sum: 45, Workers: 4
[7.511s][debug][gc,phases      ] GC(5)   StringDedup Table Weak         Min:  0.0, Avg:  0.0, Max:  0.0, Diff:  0.0, Sum:  0.0, Workers: 4
[7.511s][debug][gc,phases      ] GC(5)     Dead                           Min: 0, Avg:  0.0, Max: 0, Diff: 0, Sum: 0, Workers: 4
[7.511s][debug][gc,phases      ] GC(5)     Total                          Min: 0, Avg:  0.0, Max: 0, Diff: 0, Sum: 0, Workers: 4
[7.511s][debug][gc,phases      ] GC(5)   StringDedup Requests0 Weak     Min:  0.0, Avg:  0.0, Max:  0.0, Diff:  0.0, Sum:  0.0, Workers: 4
[7.511s][debug][gc,phases      ] GC(5)     Dead                           Min: 0, Avg:  0.0, Max: 0, Diff: 0, Sum: 0, Workers: 4
[7.511s][debug][gc,phases      ] GC(5)     Total                          Min: 0, Avg:  0.0, Max: 0, Diff: 0, Sum: 0, Workers: 4
[7.511s][debug][gc,phases      ] GC(5)   StringDedup Requests1 Weak     Min:  0.0, Avg:  0.0, Max:  0.0, Diff:  0.0, Sum:  0.0, Workers: 4
[7.511s][debug][gc,phases      ] GC(5)     Dead                           Min: 0, Avg:  0.0, Max: 0, Diff: 0, Sum: 0, Workers: 4
[7.511s][debug][gc,phases      ] GC(5)     Total                          Min: 0, Avg:  0.0, Max: 0, Diff: 0, Sum: 0, Workers: 4
[7.511s][debug][gc,phases      ] GC(5)   Weak JFR Old Object Samples    Min:  0.0, Avg:  0.0, Max:  0.0, Diff:  0.0, Sum:  0.0, Workers: 4
[7.511s][debug][gc,phases      ] GC(5)     Dead                           Min: 0, Avg:  0.0, Max: 0, Diff: 0, Sum: 0, Workers: 4
[7.511s][debug][gc,phases      ] GC(5)     Total                          Min: 0, Avg:  0.0, Max: 0, Diff: 0, Sum: 0, Workers: 4
[7.511s][debug][gc,phases      ] GC(5) Weak Processing 0.306ms
[7.511s][debug][gc,phases      ] GC(5) ClassLoaderData 0.064ms
[7.511s][debug][gc,phases      ] GC(5) Trigger cleanups 0.000ms
[7.519s][debug][gc,phases      ] GC(5) Class Unloading 8.011ms
[7.519s][info ][gc,phases      ] GC(5) Marking Phase 55.585ms
[7.519s][info ][gc,phases,start] GC(5) Summary Phase
[7.519s][info ][gc,phases      ] GC(5) Summary Phase 0.012ms
[7.519s][info ][gc,phases,start] GC(5) Adjust Roots
[7.530s][info ][gc,phases      ] GC(5) Adjust Roots 10.567ms
[7.530s][info ][gc,phases,start] GC(5) Compaction Phase
[8.062s][info ][gc,phases      ] GC(5) Compaction Phase 532.254ms
[8.062s][info ][gc,phases,start] GC(5) Post Compact
[8.064s][info ][gc,phases      ] GC(5) Post Compact 1.378ms
[8.064s][info ][gc,heap        ] GC(5) PSYoungGen: 115674K(1572864K)->115396K(1572864K) Eden: 0K(1048576K)->0K(1048576K) From: 115674K(524288K)->115396K(524288K)
[8.064s][info ][gc,heap        ] GC(5) ParOldGen: 5841K(6144K)->5810K(6144K)
[8.064s][info ][gc,metaspace   ] GC(5) Metaspace: 59076K(59776K)->59076K(59776K) NonClass: 50176K(50560K)->50176K(50560K) Class: 8900K(9216K)->8900K(9216K)
[8.064s][info ][gc             ] GC(5) Pause Full (Metadata GC Threshold) 118M->118M(1542M) 599.931ms
[8.064s][info ][gc,cpu         ] GC(5) User=1.26s Sys=0.01s Real=0.60s
[8.064s][info ][safepoint      ] Safepoint "CollectForMetadataAllocation", Time since last: 8431533 ns, Reaching safepoint: 34100 ns, At safepoint: 662413680 ns, Total: 662447780 ns
[8.265s][info ][safepoint      ] Safepoint "ICBufferFull", Time since last: 200774782 ns, Reaching safepoint: 172501 ns, At safepoint: 6400 ns, Total: 178901 ns
[8.904s][info ][safepoint      ] Safepoint "ICBufferFull", Time since last: 639118789 ns, Reaching safepoint: 226501 ns, At safepoint: 8000 ns, Total: 234501 ns
[9.027s][info ][safepoint      ] Safepoint "ICBufferFull", Time since last: 122432177 ns, Reaching safepoint: 165100 ns, At safepoint: 2700 ns, Total: 167800 ns
[9.255s][info ][safepoint      ] Safepoint "ICBufferFull", Time since last: 228264890 ns, Reaching safepoint: 172100 ns, At safepoint: 7000 ns, Total: 179100 ns
[9.743s][info ][safepoint      ] Safepoint "ICBufferFull", Time since last: 487956301 ns, Reaching safepoint: 155000 ns, At safepoint: 2300 ns, Total: 157300 ns
[9.750s][info ][gc,start       ] GC(6) Pause Young (Allocation Failure)
[10.090s][debug][gc,phases      ] GC(6) Scavenge 339.488ms
[10.090s][debug][gc,ref         ] GC(6) Skipped phase 1 of Reference Processing: no references
[10.090s][debug][gc,ref         ] GC(6) ReferenceProcessor::execute queues: 4, RefProcThreadModel::Multi, marks_oops_alive: false
[10.093s][debug][gc,ref         ] GC(6) Skipped phase 3 of Reference Processing: no references
[10.093s][debug][gc,ref         ] GC(6) ReferenceProcessor::execute queues: 1, RefProcThreadModel::Single, marks_oops_alive: false
[10.093s][debug][gc,phases      ] GC(6) Reference Processing 3.034ms
[10.093s][debug][gc,phases      ] GC(6)   VM Weak                        Min:  0.0, Avg:  0.0, Max:  0.0, Diff:  0.0, Sum:  0.0, Workers: 4
[10.093s][debug][gc,phases      ] GC(6)     Dead                           Min: 0, Avg:  0.0, Max: 0, Diff: 0, Sum: 0, Workers: 4
[10.093s][debug][gc,phases      ] GC(6)     Total                          Min: 0, Avg: 151.0, Max: 320, Diff: 320, Sum: 604, Workers: 4
[10.093s][debug][gc,phases      ] GC(6)   ObjectSynchronizer Weak        Min:  0.0, Avg:  0.0, Max:  0.0, Diff:  0.0, Sum:  0.0, Workers: 4
[10.093s][debug][gc,phases      ] GC(6)     Dead                           Min: 0, Avg:  0.0, Max: 0, Diff: 0, Sum: 0, Workers: 4
[10.093s][debug][gc,phases      ] GC(6)     Total                          Min: 0, Avg:  5.2, Max: 21, Diff: 21, Sum: 21, Workers: 4
[10.093s][debug][gc,phases      ] GC(6)   JVMTI Tag Weak OopStorage      Min:  0.0, Avg:  0.0, Max:  0.0, Diff:  0.0, Sum:  0.0, Workers: 4
[10.093s][debug][gc,phases      ] GC(6)     Dead                           Min: 0, Avg:  0.0, Max: 0, Diff: 0, Sum: 0, Workers: 4
[10.093s][debug][gc,phases      ] GC(6)     Total                          Min: 0, Avg:  0.0, Max: 0, Diff: 0, Sum: 0, Workers: 4
[10.093s][debug][gc,phases      ] GC(6)   StringTable Weak               Min:  0.0, Avg:  0.2, Max:  0.3, Diff:  0.3, Sum:  0.8, Workers: 4
[10.093s][debug][gc,phases      ] GC(6)     Dead                           Min: 0, Avg:  2.0, Max: 5, Diff: 5, Sum: 8, Workers: 4
[10.093s][debug][gc,phases      ] GC(6)     Total                          Min: 0, Avg: 9274.8, Max: 14699, Diff: 14699, Sum: 37099, Workers: 4
[10.093s][debug][gc,phases      ] GC(6)   ResolvedMethodTable Weak       Min:  0.0, Avg:  0.0, Max:  0.1, Diff:  0.1, Sum:  0.2, Workers: 4
[10.093s][debug][gc,phases      ] GC(6)     Dead                           Min: 0, Avg: 19.8, Max: 63, Diff: 63, Sum: 79, Workers: 4
[10.093s][debug][gc,phases      ] GC(6)     Total                          Min: 0, Avg: 1761.0, Max: 2880, Diff: 2880, Sum: 7044, Workers: 4
[10.093s][debug][gc,phases      ] GC(6)   JNI Weak                       Min:  0.0, Avg:  0.0, Max:  0.0, Diff:  0.0, Sum:  0.0, Workers: 4
[10.093s][debug][gc,phases      ] GC(6)     Dead                           Min: 0, Avg:  0.0, Max: 0, Diff: 0, Sum: 0, Workers: 4
[10.093s][debug][gc,phases      ] GC(6)     Total                          Min: 0, Avg: 13.8, Max: 46, Diff: 46, Sum: 55, Workers: 4
[10.093s][debug][gc,phases      ] GC(6)   StringDedup Table Weak         Min:  0.0, Avg:  0.0, Max:  0.0, Diff:  0.0, Sum:  0.0, Workers: 4
[10.093s][debug][gc,phases      ] GC(6)     Dead                           Min: 0, Avg:  0.0, Max: 0, Diff: 0, Sum: 0, Workers: 4
[10.093s][debug][gc,phases      ] GC(6)     Total                          Min: 0, Avg:  0.0, Max: 0, Diff: 0, Sum: 0, Workers: 4
[10.093s][debug][gc,phases      ] GC(6)   StringDedup Requests0 Weak     Min:  0.0, Avg:  0.0, Max:  0.0, Diff:  0.0, Sum:  0.0, Workers: 4
[10.093s][debug][gc,phases      ] GC(6)     Dead                           Min: 0, Avg:  0.0, Max: 0, Diff: 0, Sum: 0, Workers: 4
[10.093s][debug][gc,phases      ] GC(6)     Total                          Min: 0, Avg:  0.0, Max: 0, Diff: 0, Sum: 0, Workers: 4
[10.093s][debug][gc,phases      ] GC(6)   StringDedup Requests1 Weak     Min:  0.0, Avg:  0.0, Max:  0.0, Diff:  0.0, Sum:  0.0, Workers: 4
[10.093s][debug][gc,phases      ] GC(6)     Dead                           Min: 0, Avg:  0.0, Max: 0, Diff: 0, Sum: 0, Workers: 4
[10.093s][debug][gc,phases      ] GC(6)     Total                          Min: 0, Avg:  0.0, Max: 0, Diff: 0, Sum: 0, Workers: 4
[10.093s][debug][gc,phases      ] GC(6)   Weak JFR Old Object Samples    Min:  0.0, Avg:  0.0, Max:  0.0, Diff:  0.0, Sum:  0.0, Workers: 4
[10.093s][debug][gc,phases      ] GC(6)     Dead                           Min: 0, Avg:  0.0, Max: 0, Diff: 0, Sum: 0, Workers: 4
[10.093s][debug][gc,phases      ] GC(6)     Total                          Min: 0, Avg:  0.0, Max: 0, Diff: 0, Sum: 0, Workers: 4
[10.093s][debug][gc,phases      ] GC(6) Weak Processing 0.489ms
[10.093s][debug][gc,age         ] GC(6) Desired survivor size 536870912 bytes, new threshold 7 (max threshold 15)
[10.093s][info ][gc,heap        ] GC(6) PSYoungGen: 1163972K(1572864K)->524264K(1572864K) Eden: 1048576K(1048576K)->0K(1048576K) From: 115396K(524288K)->524264K(524288K)
[10.093s][info ][gc,heap        ] GC(6) ParOldGen: 5810K(6144K)->12250K(12288K)
[10.093s][info ][gc,metaspace   ] GC(6) Metaspace: 63052K(63872K)->63052K(63872K) NonClass: 53672K(54144K)->53672K(54144K) Class: 9379K(9728K)->9379K(9728K)
[10.093s][info ][gc             ] GC(6) Pause Young (Allocation Failure) 1142M->523M(1548M) 343.127ms
[10.093s][info ][gc,cpu         ] GC(6) User=1.06s Sys=0.14s Real=0.34s
[10.093s][debug][gc,phases      ] GC(7) Pre Compact 0.008ms
[10.093s][info ][gc,start       ] GC(7) Pause Full (Ergonomics)
[10.093s][info ][gc,phases,start] GC(7) Marking Phase
[10.329s][debug][gc,phases      ] GC(7) Par Mark 235.421ms
[10.329s][debug][gc,ref         ] GC(7) Skipped phase 1 of Reference Processing: no references
[10.329s][debug][gc,ref         ] GC(7) ReferenceProcessor::execute queues: 4, RefProcThreadModel::Multi, marks_oops_alive: false
[10.329s][debug][gc,ref         ] GC(7) Skipped phase 3 of Reference Processing: no references
[10.329s][debug][gc,ref         ] GC(7) ReferenceProcessor::execute queues: 1, RefProcThreadModel::Single, marks_oops_alive: false
[10.329s][debug][gc,phases      ] GC(7) Reference Processing 0.467ms
[10.330s][debug][gc,phases      ] GC(7)   VM Weak                        Min:  0.0, Avg:  0.0, Max:  0.0, Diff:  0.0, Sum:  0.0, Workers: 4
[10.330s][debug][gc,phases      ] GC(7)     Dead                           Min: 0, Avg:  0.0, Max: 0, Diff: 0, Sum: 0, Workers: 4
[10.330s][debug][gc,phases      ] GC(7)     Total                          Min: 64, Avg: 151.0, Max: 192, Diff: 128, Sum: 604, Workers: 4
[10.330s][debug][gc,phases      ] GC(7)   ObjectSynchronizer Weak        Min:  0.0, Avg:  0.0, Max:  0.0, Diff:  0.0, Sum:  0.0, Workers: 4
[10.330s][debug][gc,phases      ] GC(7)     Dead                           Min: 0, Avg:  0.0, Max: 0, Diff: 0, Sum: 0, Workers: 4
[10.330s][debug][gc,phases      ] GC(7)     Total                          Min: 0, Avg:  5.2, Max: 21, Diff: 21, Sum: 21, Workers: 4
[10.330s][debug][gc,phases      ] GC(7)   JVMTI Tag Weak OopStorage      Min:  0.0, Avg:  0.0, Max:  0.0, Diff:  0.0, Sum:  0.0, Workers: 4
[10.330s][debug][gc,phases      ] GC(7)     Dead                           Min: 0, Avg:  0.0, Max: 0, Diff: 0, Sum: 0, Workers: 4
[10.330s][debug][gc,phases      ] GC(7)     Total                          Min: 0, Avg:  0.0, Max: 0, Diff: 0, Sum: 0, Workers: 4
[10.330s][debug][gc,phases      ] GC(7)   StringTable Weak               Min:  0.1, Avg:  0.1, Max:  0.1, Diff:  0.0, Sum:  0.5, Workers: 4
[10.330s][debug][gc,phases      ] GC(7)     Dead                           Min: 0, Avg:  0.0, Max: 0, Diff: 0, Sum: 0, Workers: 4
[10.330s][debug][gc,phases      ] GC(7)     Total                          Min: 8384, Avg: 9274.8, Max: 10112, Diff: 1728, Sum: 37099, Workers: 4
[10.330s][debug][gc,phases      ] GC(7)   ResolvedMethodTable Weak       Min:  0.0, Avg:  0.0, Max:  0.0, Diff:  0.0, Sum:  0.1, Workers: 4
[10.330s][debug][gc,phases      ] GC(7)     Dead                           Min: 0, Avg:  0.0, Max: 0, Diff: 0, Sum: 0, Workers: 4
[10.330s][debug][gc,phases      ] GC(7)     Total                          Min: 1604, Avg: 1761.0, Max: 1856, Diff: 252, Sum: 7044, Workers: 4
[10.330s][debug][gc,phases      ] GC(7)   JNI Weak                       Min:  0.0, Avg:  0.0, Max:  0.0, Diff:  0.0, Sum:  0.0, Workers: 4
[10.330s][debug][gc,phases      ] GC(7)     Dead                           Min: 0, Avg:  0.0, Max: 0, Diff: 0, Sum: 0, Workers: 4
[10.330s][debug][gc,phases      ] GC(7)     Total                          Min: 0, Avg: 13.8, Max: 46, Diff: 46, Sum: 55, Workers: 4
[10.330s][debug][gc,phases      ] GC(7)   StringDedup Table Weak         Min:  0.0, Avg:  0.0, Max:  0.0, Diff:  0.0, Sum:  0.0, Workers: 4
[10.330s][debug][gc,phases      ] GC(7)     Dead                           Min: 0, Avg:  0.0, Max: 0, Diff: 0, Sum: 0, Workers: 4
[10.330s][debug][gc,phases      ] GC(7)     Total                          Min: 0, Avg:  0.0, Max: 0, Diff: 0, Sum: 0, Workers: 4
[10.330s][debug][gc,phases      ] GC(7)   StringDedup Requests0 Weak     Min:  0.0, Avg:  0.0, Max:  0.0, Diff:  0.0, Sum:  0.0, Workers: 4
[10.330s][debug][gc,phases      ] GC(7)     Dead                           Min: 0, Avg:  0.0, Max: 0, Diff: 0, Sum: 0, Workers: 4
[10.330s][debug][gc,phases      ] GC(7)     Total                          Min: 0, Avg:  0.0, Max: 0, Diff: 0, Sum: 0, Workers: 4
[10.330s][debug][gc,phases      ] GC(7)   StringDedup Requests1 Weak     Min:  0.0, Avg:  0.0, Max:  0.0, Diff:  0.0, Sum:  0.0, Workers: 4
[10.330s][debug][gc,phases      ] GC(7)     Dead                           Min: 0, Avg:  0.0, Max: 0, Diff: 0, Sum: 0, Workers: 4
[10.330s][debug][gc,phases      ] GC(7)     Total                          Min: 0, Avg:  0.0, Max: 0, Diff: 0, Sum: 0, Workers: 4
[10.330s][debug][gc,phases      ] GC(7)   Weak JFR Old Object Samples    Min:  0.0, Avg:  0.0, Max:  0.0, Diff:  0.0, Sum:  0.0, Workers: 4
[10.330s][debug][gc,phases      ] GC(7)     Dead                           Min: 0, Avg:  0.0, Max: 0, Diff: 0, Sum: 0, Workers: 4
[10.330s][debug][gc,phases      ] GC(7)     Total                          Min: 0, Avg:  0.0, Max: 0, Diff: 0, Sum: 0, Workers: 4
[10.330s][debug][gc,phases      ] GC(7) Weak Processing 0.315ms
[10.330s][debug][gc,phases      ] GC(7) ClassLoaderData 0.077ms
[10.330s][debug][gc,phases      ] GC(7) Trigger cleanups 0.000ms
[10.339s][debug][gc,phases      ] GC(7) Class Unloading 9.067ms
[10.339s][info ][gc,phases      ] GC(7) Marking Phase 245.436ms
[10.339s][info ][gc,phases,start] GC(7) Summary Phase
[10.339s][info ][gc,phases      ] GC(7) Summary Phase 0.012ms
[10.339s][info ][gc,phases,start] GC(7) Adjust Roots
[10.352s][info ][gc,phases      ] GC(7) Adjust Roots 13.663ms
[10.353s][info ][gc,phases,start] GC(7) Compaction Phase
[12.475s][info ][gc,phases      ] GC(7) Compaction Phase 2122.628ms
[12.475s][info ][gc,phases,start] GC(7) Post Compact
[12.478s][info ][gc,phases      ] GC(7) Post Compact 2.331ms
[12.478s][info ][gc,heap        ] GC(7) PSYoungGen: 524264K(1572864K)->522873K(1572864K) Eden: 0K(1048576K)->0K(1048576K) From: 524264K(524288K)->522873K(524288K)
[12.478s][info ][gc,heap        ] GC(7) ParOldGen: 12250K(12288K)->12159K(30208K)
[12.478s][info ][gc,metaspace   ] GC(7) Metaspace: 63052K(63872K)->63052K(63872K) NonClass: 53672K(54144K)->53672K(54144K) Class: 9379K(9728K)->9379K(9728K)
[12.478s][info ][gc             ] GC(7) Pause Full (Ergonomics) 523M->522M(1565M) 2384.281ms
[12.478s][info ][gc,cpu         ] GC(7) User=5.56s Sys=0.07s Real=2.39s
[12.478s][info ][safepoint      ] Safepoint "ParallelGCFailedAllocation", Time since last: 7014728 ns, Reaching safepoint: 42500 ns, At safepoint: 2727517624 ns, Total: 2727560124 ns
[13.172s][info ][safepoint      ] Safepoint "ICBufferFull", Time since last: 693645108 ns, Reaching safepoint: 232601 ns, At safepoint: 9800 ns, Total: 242401 ns
[13.370s][info ][safepoint      ] Safepoint "ICBufferFull", Time since last: 198550375 ns, Reaching safepoint: 175100 ns, At safepoint: 7900 ns, Total: 183000 ns
[13.883s][info ][safepoint      ] Safepoint "ICBufferFull", Time since last: 512637301 ns, Reaching safepoint: 221201 ns, At safepoint: 6000 ns, Total: 227201 ns
[14.066s][info ][safepoint      ] Safepoint "ICBufferFull", Time since last: 182523013 ns, Reaching safepoint: 256101 ns, At safepoint: 7400 ns, Total: 263501 ns
[14.279s][info ][safepoint      ] Safepoint "ICBufferFull", Time since last: 213271432 ns, Reaching safepoint: 213301 ns, At safepoint: 9700 ns, Total: 223001 ns
[14.652s][info ][safepoint      ] Safepoint "ICBufferFull", Time since last: 372592755 ns, Reaching safepoint: 161800 ns, At safepoint: 12300 ns, Total: 174100 ns
[15.652s][info ][safepoint      ] Safepoint "Cleanup", Time since last: 1000108904 ns, Reaching safepoint: 173601 ns, At safepoint: 5200 ns, Total: 178801 ns
[15.843s][info ][safepoint      ] Safepoint "ICBufferFull", Time since last: 190122542 ns, Reaching safepoint: 205601 ns, At safepoint: 5700 ns, Total: 211301 ns
[16.332s][info ][safepoint      ] Safepoint "ICBufferFull", Time since last: 489199309 ns, Reaching safepoint: 304602 ns, At safepoint: 8300 ns, Total: 312902 ns
[16.393s][info ][safepoint      ] Safepoint "ICBufferFull", Time since last: 58089226 ns, Reaching safepoint: 2363210 ns, At safepoint: 12300 ns, Total: 2375510 ns
[16.528s][info ][safepoint      ] Safepoint "ICBufferFull", Time since last: 134948627 ns, Reaching safepoint: 147600 ns, At safepoint: 11700 ns, Total: 159300 ns
[16.618s][info ][safepoint      ] Safepoint "ICBufferFull", Time since last: 89588550 ns, Reaching safepoint: 269701 ns, At safepoint: 11300 ns, Total: 281001 ns
[16.785s][info ][safepoint      ] Safepoint "ICBufferFull", Time since last: 166915351 ns, Reaching safepoint: 173401 ns, At safepoint: 2300 ns, Total: 175701 ns
[16.928s][info ][gc,start       ] GC(8) Pause Young (Allocation Failure)
[17.017s][debug][gc,phases      ] GC(8) Scavenge 88.960ms
[17.017s][debug][gc,ref         ] GC(8) Skipped phase 1 of Reference Processing: no references
[17.017s][debug][gc,ref         ] GC(8) ReferenceProcessor::execute queues: 4, RefProcThreadModel::Multi, marks_oops_alive: false
[17.018s][debug][gc,ref         ] GC(8) Skipped phase 3 of Reference Processing: no references
[17.018s][debug][gc,ref         ] GC(8) ReferenceProcessor::execute queues: 1, RefProcThreadModel::Single, marks_oops_alive: false
[17.018s][debug][gc,phases      ] GC(8) Reference Processing 0.877ms
[17.018s][debug][gc,phases      ] GC(8)   VM Weak                        Min:  0.0, Avg:  0.0, Max:  0.0, Diff:  0.0, Sum:  0.0, Workers: 4
[17.018s][debug][gc,phases      ] GC(8)     Dead                           Min: 0, Avg:  0.0, Max: 0, Diff: 0, Sum: 0, Workers: 4
[17.018s][debug][gc,phases      ] GC(8)     Total                          Min: 64, Avg: 162.5, Max: 266, Diff: 202, Sum: 650, Workers: 4
[17.018s][debug][gc,phases      ] GC(8)   ObjectSynchronizer Weak        Min:  0.0, Avg:  0.0, Max:  0.0, Diff:  0.0, Sum:  0.0, Workers: 4
[17.018s][debug][gc,phases      ] GC(8)     Dead                           Min: 0, Avg:  0.2, Max: 1, Diff: 1, Sum: 1, Workers: 4
[17.018s][debug][gc,phases      ] GC(8)     Total                          Min: 0, Avg:  7.0, Max: 28, Diff: 28, Sum: 28, Workers: 4
[17.018s][debug][gc,phases      ] GC(8)   JVMTI Tag Weak OopStorage      Min:  0.0, Avg:  0.0, Max:  0.0, Diff:  0.0, Sum:  0.0, Workers: 4
[17.018s][debug][gc,phases      ] GC(8)     Dead                           Min: 0, Avg:  0.0, Max: 0, Diff: 0, Sum: 0, Workers: 4
[17.018s][debug][gc,phases      ] GC(8)     Total                          Min: 0, Avg:  0.0, Max: 0, Diff: 0, Sum: 0, Workers: 4
[17.018s][debug][gc,phases      ] GC(8)   StringTable Weak               Min:  0.3, Avg:  0.3, Max:  0.3, Diff:  0.0, Sum:  1.3, Workers: 4
[17.018s][debug][gc,phases      ] GC(8)     Dead                           Min: 0, Avg:  2.5, Max: 6, Diff: 6, Sum: 10, Workers: 4
[17.018s][debug][gc,phases      ] GC(8)     Total                          Min: 7872, Avg: 10198.0, Max: 11264, Diff: 3392, Sum: 40792, Workers: 4
[17.018s][debug][gc,phases      ] GC(8)   ResolvedMethodTable Weak       Min:  0.1, Avg:  0.1, Max:  0.1, Diff:  0.0, Sum:  0.4, Workers: 4
[17.018s][debug][gc,phases      ] GC(8)     Dead                           Min: 0, Avg: 43.8, Max: 104, Diff: 104, Sum: 175, Workers: 4
[17.018s][debug][gc,phases      ] GC(8)     Total                          Min: 1280, Avg: 2014.0, Max: 2432, Diff: 1152, Sum: 8056, Workers: 4
[17.018s][debug][gc,phases      ] GC(8)   JNI Weak                       Min:  0.0, Avg:  0.0, Max:  0.0, Diff:  0.0, Sum:  0.0, Workers: 4
[17.018s][debug][gc,phases      ] GC(8)     Dead                           Min: 0, Avg:  0.0, Max: 0, Diff: 0, Sum: 0, Workers: 4
[17.018s][debug][gc,phases      ] GC(8)     Total                          Min: 0, Avg: 29.8, Max: 62, Diff: 62, Sum: 119, Workers: 4
[17.018s][debug][gc,phases      ] GC(8)   StringDedup Table Weak         Min:  0.0, Avg:  0.0, Max:  0.0, Diff:  0.0, Sum:  0.0, Workers: 4
[17.019s][debug][gc,phases      ] GC(8)     Dead                           Min: 0, Avg:  0.0, Max: 0, Diff: 0, Sum: 0, Workers: 4
[17.019s][debug][gc,phases      ] GC(8)     Total                          Min: 0, Avg:  0.0, Max: 0, Diff: 0, Sum: 0, Workers: 4
[17.019s][debug][gc,phases      ] GC(8)   StringDedup Requests0 Weak     Min:  0.0, Avg:  0.0, Max:  0.0, Diff:  0.0, Sum:  0.0, Workers: 4
[17.019s][debug][gc,phases      ] GC(8)     Dead                           Min: 0, Avg:  0.0, Max: 0, Diff: 0, Sum: 0, Workers: 4
[17.019s][debug][gc,phases      ] GC(8)     Total                          Min: 0, Avg:  0.0, Max: 0, Diff: 0, Sum: 0, Workers: 4
[17.019s][debug][gc,phases      ] GC(8)   StringDedup Requests1 Weak     Min:  0.0, Avg:  0.0, Max:  0.0, Diff:  0.0, Sum:  0.0, Workers: 4
[17.019s][debug][gc,phases      ] GC(8)     Dead                           Min: 0, Avg:  0.0, Max: 0, Diff: 0, Sum: 0, Workers: 4
[17.019s][debug][gc,phases      ] GC(8)     Total                          Min: 0, Avg:  0.0, Max: 0, Diff: 0, Sum: 0, Workers: 4
[17.019s][debug][gc,phases      ] GC(8)   Weak JFR Old Object Samples    Min:  0.0, Avg:  0.0, Max:  0.0, Diff:  0.0, Sum:  0.0, Workers: 4
[17.019s][debug][gc,phases      ] GC(8)     Dead                           Min: 0, Avg:  0.0, Max: 0, Diff: 0, Sum: 0, Workers: 4
[17.019s][debug][gc,phases      ] GC(8)     Total                          Min: 0, Avg:  0.0, Max: 0, Diff: 0, Sum: 0, Workers: 4
[17.019s][debug][gc,phases      ] GC(8) Weak Processing 0.591ms
[17.019s][debug][gc,age         ] GC(8) Desired survivor size 456654848 bytes, new threshold 8 (max threshold 15)
[17.019s][info ][gc,heap        ] GC(8) PSYoungGen: 1571449K(1572864K)->208356K(1572864K) Eden: 1048576K(1048576K)->0K(1048576K) From: 522873K(524288K)->208356K(524288K)
[17.019s][info ][gc,heap        ] GC(8) ParOldGen: 12159K(30208K)->12183K(30208K)
[17.019s][info ][gc,metaspace   ] GC(8) Metaspace: 73907K(74752K)->73907K(74752K) NonClass: 63105K(63552K)->63105K(63552K) Class: 10802K(11200K)->10802K(11200K)
[17.019s][info ][gc             ] GC(8) Pause Young (Allocation Failure) 1546M->215M(1565M) 90.560ms
[17.019s][info ][gc,cpu         ] GC(8) User=0.30s Sys=0.04s Real=0.10s
[17.019s][info ][safepoint      ] Safepoint "ParallelGCFailedAllocation", Time since last: 142977658 ns, Reaching safepoint: 169301 ns, At safepoint: 90636754 ns, Total: 90806055 ns
[17.381s][info ][safepoint      ] Safepoint "ICBufferFull", Time since last: 361947913 ns, Reaching safepoint: 262101 ns, At safepoint: 3500 ns, Total: 265601 ns
[18.381s][info ][safepoint      ] Safepoint "Cleanup", Time since last: 1000113104 ns, Reaching safepoint: 153000 ns, At safepoint: 10300 ns, Total: 163300 ns
[19.331s][info ][safepoint      ] Safepoint "ICBufferFull", Time since last: 949427306 ns, Reaching safepoint: 267001 ns, At safepoint: 10400 ns, Total: 277401 ns
[20.331s][info ][safepoint      ] Safepoint "Cleanup", Time since last: 1000089904 ns, Reaching safepoint: 163501 ns, At safepoint: 11700 ns, Total: 175201 ns
[21.286s][info ][safepoint      ] Safepoint "ICBufferFull", Time since last: 954511062 ns, Reaching safepoint: 179200 ns, At safepoint: 5600 ns, Total: 184800 ns
[22.246s][info ][safepoint      ] Safepoint "ICBufferFull", Time since last: 960085367 ns, Reaching safepoint: 183401 ns, At safepoint: 4600 ns, Total: 188001 ns
[23.631s][info ][safepoint      ] Safepoint "Cleanup", Time since last: 1384675445 ns, Reaching safepoint: 212700 ns, At safepoint: 4400 ns, Total: 217100 ns
[24.631s][info ][safepoint      ] Safepoint "Cleanup", Time since last: 1000111916 ns, Reaching safepoint: 147701 ns, At safepoint: 4700 ns, Total: 152401 ns
[25.632s][info ][safepoint      ] Safepoint "Cleanup", Time since last: 1000118815 ns, Reaching safepoint: 176701 ns, At safepoint: 4600 ns, Total: 181301 ns
[26.632s][info ][safepoint      ] Safepoint "Cleanup", Time since last: 1000084816 ns, Reaching safepoint: 155300 ns, At safepoint: 6900 ns, Total: 162200 ns
[27.632s][info ][safepoint      ] Safepoint "Cleanup", Time since last: 1000119716 ns, Reaching safepoint: 176101 ns, At safepoint: 5600 ns, Total: 181701 ns
[28.632s][info ][safepoint      ] Safepoint "Cleanup", Time since last: 1000110725 ns, Reaching safepoint: 186801 ns, At safepoint: 5200 ns, Total: 192001 ns
[29.032s][info ][gc,start       ] GC(9) Pause Young (Allocation Failure)
[29.107s][debug][gc,phases      ] GC(9) Scavenge 74.334ms
[29.107s][debug][gc,ref         ] GC(9) Skipped phase 1 of Reference Processing: no references
[29.107s][debug][gc,ref         ] GC(9) ReferenceProcessor::execute queues: 4, RefProcThreadModel::Multi, marks_oops_alive: false
[29.107s][debug][gc,ref         ] GC(9) ReferenceProcessor::execute queues: 4, RefProcThreadModel::Multi, marks_oops_alive: true
[29.107s][debug][gc,ref         ] GC(9) ReferenceProcessor::execute queues: 1, RefProcThreadModel::Single, marks_oops_alive: false
[29.107s][debug][gc,phases      ] GC(9) Reference Processing 0.871ms
[29.108s][debug][gc,phases      ] GC(9)   VM Weak                        Min:  0.0, Avg:  0.0, Max:  0.0, Diff:  0.0, Sum:  0.0, Workers: 4
[29.108s][debug][gc,phases      ] GC(9)     Dead                           Min: 0, Avg:  0.0, Max: 0, Diff: 0, Sum: 0, Workers: 4
[29.108s][debug][gc,phases      ] GC(9)     Total                          Min: 0, Avg: 162.5, Max: 448, Diff: 448, Sum: 650, Workers: 4
[29.108s][debug][gc,phases      ] GC(9)   ObjectSynchronizer Weak        Min:  0.0, Avg:  0.0, Max:  0.0, Diff:  0.0, Sum:  0.0, Workers: 4
[29.108s][debug][gc,phases      ] GC(9)     Dead                           Min: 0, Avg:  0.0, Max: 0, Diff: 0, Sum: 0, Workers: 4
[29.108s][debug][gc,phases      ] GC(9)     Total                          Min: 0, Avg:  7.2, Max: 29, Diff: 29, Sum: 29, Workers: 4
[29.108s][debug][gc,phases      ] GC(9)   JVMTI Tag Weak OopStorage      Min:  0.0, Avg:  0.0, Max:  0.0, Diff:  0.0, Sum:  0.0, Workers: 4
[29.108s][debug][gc,phases      ] GC(9)     Dead                           Min: 0, Avg:  0.0, Max: 0, Diff: 0, Sum: 0, Workers: 4
[29.108s][debug][gc,phases      ] GC(9)     Total                          Min: 0, Avg:  0.0, Max: 0, Diff: 0, Sum: 0, Workers: 4
[29.108s][debug][gc,phases      ] GC(9)   StringTable Weak               Min:  0.0, Avg:  0.2, Max:  0.3, Diff:  0.3, Sum:  1.0, Workers: 4
[29.108s][debug][gc,phases      ] GC(9)     Dead                           Min: 0, Avg:  0.5, Max: 1, Diff: 1, Sum: 2, Workers: 4
[29.108s][debug][gc,phases      ] GC(9)     Total                          Min: 0, Avg: 10396.8, Max: 18035, Diff: 18035, Sum: 41587, Workers: 4
[29.108s][debug][gc,phases      ] GC(9)   ResolvedMethodTable Weak       Min:  0.0, Avg:  0.1, Max:  0.1, Diff:  0.1, Sum:  0.2, Workers: 4
[29.108s][debug][gc,phases      ] GC(9)     Dead                           Min: 0, Avg:  4.8, Max: 16, Diff: 16, Sum: 19, Workers: 4
[29.108s][debug][gc,phases      ] GC(9)     Total                          Min: 0, Avg: 2024.0, Max: 3456, Diff: 3456, Sum: 8096, Workers: 4
[29.108s][debug][gc,phases      ] GC(9)   JNI Weak                       Min:  0.0, Avg:  0.0, Max:  0.0, Diff:  0.0, Sum:  0.0, Workers: 4
[29.108s][debug][gc,phases      ] GC(9)     Dead                           Min: 0, Avg:  0.0, Max: 0, Diff: 0, Sum: 0, Workers: 4
[29.108s][debug][gc,phases      ] GC(9)     Total                          Min: 0, Avg: 11.2, Max: 45, Diff: 45, Sum: 45, Workers: 4
[29.108s][debug][gc,phases      ] GC(9)   StringDedup Table Weak         Min:  0.0, Avg:  0.0, Max:  0.0, Diff:  0.0, Sum:  0.0, Workers: 4
[29.108s][debug][gc,phases      ] GC(9)     Dead                           Min: 0, Avg:  0.0, Max: 0, Diff: 0, Sum: 0, Workers: 4
[29.108s][debug][gc,phases      ] GC(9)     Total                          Min: 0, Avg:  0.0, Max: 0, Diff: 0, Sum: 0, Workers: 4
[29.108s][debug][gc,phases      ] GC(9)   StringDedup Requests0 Weak     Min:  0.0, Avg:  0.0, Max:  0.0, Diff:  0.0, Sum:  0.0, Workers: 4
[29.108s][debug][gc,phases      ] GC(9)     Dead                           Min: 0, Avg:  0.0, Max: 0, Diff: 0, Sum: 0, Workers: 4
[29.108s][debug][gc,phases      ] GC(9)     Total                          Min: 0, Avg:  0.0, Max: 0, Diff: 0, Sum: 0, Workers: 4
[29.108s][debug][gc,phases      ] GC(9)   StringDedup Requests1 Weak     Min:  0.0, Avg:  0.0, Max:  0.0, Diff:  0.0, Sum:  0.0, Workers: 4
[29.108s][debug][gc,phases      ] GC(9)     Dead                           Min: 0, Avg:  0.0, Max: 0, Diff: 0, Sum: 0, Workers: 4
[29.108s][debug][gc,phases      ] GC(9)     Total                          Min: 0, Avg:  0.0, Max: 0, Diff: 0, Sum: 0, Workers: 4
[29.108s][debug][gc,phases      ] GC(9)   Weak JFR Old Object Samples    Min:  0.0, Avg:  0.0, Max:  0.0, Diff:  0.0, Sum:  0.0, Workers: 4
[29.108s][debug][gc,phases      ] GC(9)     Dead                           Min: 0, Avg:  0.0, Max: 0, Diff: 0, Sum: 0, Workers: 4
[29.108s][debug][gc,phases      ] GC(9)     Total                          Min: 0, Avg:  0.0, Max: 0, Diff: 0, Sum: 0, Workers: 4
[29.108s][debug][gc,phases      ] GC(9) Weak Processing 0.574ms
[29.108s][debug][gc,age         ] GC(9) Desired survivor size 424148992 bytes, new threshold 9 (max threshold 15)
[29.108s][info ][gc,heap        ] GC(9) PSYoungGen: 1256932K(1572864K)->208896K(1682944K) Eden: 1048576K(1048576K)->0K(1236992K) From: 208356K(524288K)->208896K(445952K)
[29.108s][info ][gc,heap        ] GC(9) ParOldGen: 12183K(30208K)->12227K(30208K)
[29.108s][info ][gc,metaspace   ] GC(9) Metaspace: 75098K(75968K)->75098K(75968K) NonClass: 64270K(64768K)->64270K(64768K) Class: 10827K(11200K)->10827K(11200K)
[29.108s][info ][gc             ] GC(9) Pause Young (Allocation Failure) 1239M->215M(1673M) 75.905ms
[29.108s][info ][gc,cpu         ] GC(9) User=0.27s Sys=0.01s Real=0.07s
[29.108s][info ][safepoint      ] Safepoint "ParallelGCFailedAllocation", Time since last: 399680404 ns, Reaching safepoint: 54500 ns, At safepoint: 75964686 ns, Total: 76019186 ns
[30.108s][info ][safepoint      ] Safepoint "Cleanup", Time since last: 1000048461 ns, Reaching safepoint: 77100 ns, At safepoint: 2701 ns, Total: 79801 ns
[31.108s][info ][safepoint      ] Safepoint "Cleanup", Time since last: 1000105261 ns, Reaching safepoint: 71201 ns, At safepoint: 5200 ns, Total: 76401 ns
[32.109s][info ][safepoint      ] Safepoint "Cleanup", Time since last: 1000109562 ns, Reaching safepoint: 148200 ns, At safepoint: 4300 ns, Total: 152500 ns
[33.109s][info ][safepoint      ] Safepoint "Cleanup", Time since last: 1000102162 ns, Reaching safepoint: 70000 ns, At safepoint: 4400 ns, Total: 74400 ns
[34.109s][info ][safepoint      ] Safepoint "Cleanup", Time since last: 1000111062 ns, Reaching safepoint: 62401 ns, At safepoint: 2800 ns, Total: 65201 ns
[35.331s][info ][safepoint      ] Safepoint "ICBufferFull", Time since last: 1221513994 ns, Reaching safepoint: 218201 ns, At safepoint: 15600 ns, Total: 233801 ns
[36.331s][info ][safepoint      ] Safepoint "Cleanup", Time since last: 1000117162 ns, Reaching safepoint: 142901 ns, At safepoint: 5400 ns, Total: 148301 ns
[37.331s][info ][safepoint      ] Safepoint "Cleanup", Time since last: 1000113292 ns, Reaching safepoint: 139600 ns, At safepoint: 4500 ns, Total: 144100 ns
[38.332s][info ][safepoint      ] Safepoint "Cleanup", Time since last: 1000108944 ns, Reaching safepoint: 138200 ns, At safepoint: 6900 ns, Total: 145100 ns
[39.334s][info ][safepoint      ] Safepoint "Cleanup", Time since last: 1001801145 ns, Reaching safepoint: 219400 ns, At safepoint: 10700 ns, Total: 230100 ns
[40.334s][info ][safepoint      ] Safepoint "Cleanup", Time since last: 1000141044 ns, Reaching safepoint: 63900 ns, At safepoint: 8200 ns, Total: 72100 ns
[41.334s][info ][safepoint      ] Safepoint "Cleanup", Time since last: 1000100373 ns, Reaching safepoint: 58300 ns, At safepoint: 6700 ns, Total: 65000 ns
[42.334s][info ][safepoint      ] Safepoint "Cleanup", Time since last: 1000099286 ns, Reaching safepoint: 62900 ns, At safepoint: 11400 ns, Total: 74300 ns
[43.334s][info ][safepoint      ] Safepoint "Cleanup", Time since last: 1000110986 ns, Reaching safepoint: 40500 ns, At safepoint: 2700 ns, Total: 43200 ns
[44.334s][info ][safepoint      ] Safepoint "Cleanup", Time since last: 1000107986 ns, Reaching safepoint: 51300 ns, At safepoint: 3300 ns, Total: 54600 ns
[45.335s][info ][safepoint      ] Safepoint "Cleanup", Time since last: 1000099538 ns, Reaching safepoint: 61201 ns, At safepoint: 3700 ns, Total: 64901 ns
[46.335s][info ][safepoint      ] Safepoint "Cleanup", Time since last: 1000105855 ns, Reaching safepoint: 52500 ns, At safepoint: 2600 ns, Total: 55100 ns
[47.335s][info ][safepoint      ] Safepoint "Cleanup", Time since last: 1000108655 ns, Reaching safepoint: 39300 ns, At safepoint: 4600 ns, Total: 43900 ns
[48.335s][info ][safepoint      ] Safepoint "Cleanup", Time since last: 1000103855 ns, Reaching safepoint: 50200 ns, At safepoint: 2100 ns, Total: 52300 ns
[49.031s][info ][gc,start       ] GC(10) Pause Young (Allocation Failure)
[49.128s][debug][gc,phases      ] GC(10) Scavenge 96.230ms
[49.128s][debug][gc,ref         ] GC(10) Skipped phase 1 of Reference Processing: no references
[49.128s][debug][gc,ref         ] GC(10) ReferenceProcessor::execute queues: 4, RefProcThreadModel::Multi, marks_oops_alive: false
[49.128s][debug][gc,ref         ] GC(10) Skipped phase 3 of Reference Processing: no references
[49.128s][debug][gc,ref         ] GC(10) ReferenceProcessor::execute queues: 1, RefProcThreadModel::Single, marks_oops_alive: false
[49.128s][debug][gc,phases      ] GC(10) Reference Processing 0.839ms
[49.129s][debug][gc,phases      ] GC(10)   VM Weak                        Min:  0.0, Avg:  0.0, Max:  0.0, Diff:  0.0, Sum:  0.0, Workers: 4
[49.129s][debug][gc,phases      ] GC(10)     Dead                           Min: 0, Avg:  0.0, Max: 0, Diff: 0, Sum: 0, Workers: 4
[49.129s][debug][gc,phases      ] GC(10)     Total                          Min: 0, Avg: 163.5, Max: 384, Diff: 384, Sum: 654, Workers: 4
[49.129s][debug][gc,phases      ] GC(10)   ObjectSynchronizer Weak        Min:  0.0, Avg:  0.0, Max:  0.0, Diff:  0.0, Sum:  0.0, Workers: 4
[49.129s][debug][gc,phases      ] GC(10)     Dead                           Min: 0, Avg:  0.0, Max: 0, Diff: 0, Sum: 0, Workers: 4
[49.129s][debug][gc,phases      ] GC(10)     Total                          Min: 0, Avg:  7.2, Max: 29, Diff: 29, Sum: 29, Workers: 4
[49.129s][debug][gc,phases      ] GC(10)   JVMTI Tag Weak OopStorage      Min:  0.0, Avg:  0.0, Max:  0.0, Diff:  0.0, Sum:  0.0, Workers: 4
[49.129s][debug][gc,phases      ] GC(10)     Dead                           Min: 0, Avg:  0.0, Max: 0, Diff: 0, Sum: 0, Workers: 4
[49.129s][debug][gc,phases      ] GC(10)     Total                          Min: 0, Avg:  0.0, Max: 0, Diff: 0, Sum: 0, Workers: 4
[49.129s][debug][gc,phases      ] GC(10)   StringTable Weak               Min:  0.0, Avg:  0.3, Max:  0.3, Diff:  0.3, Sum:  1.0, Workers: 4
[49.129s][debug][gc,phases      ] GC(10)     Dead                           Min: 0, Avg:  0.2, Max: 1, Diff: 1, Sum: 1, Workers: 4
[49.129s][debug][gc,phases      ] GC(10)     Total                          Min: 0, Avg: 10453.8, Max: 18071, Diff: 18071, Sum: 41815, Workers: 4
[49.129s][debug][gc,phases      ] GC(10)   ResolvedMethodTable Weak       Min:  0.0, Avg:  0.1, Max:  0.1, Diff:  0.1, Sum:  0.2, Workers: 4
[49.129s][debug][gc,phases      ] GC(10)     Dead                           Min: 0, Avg:  0.0, Max: 0, Diff: 0, Sum: 0, Workers: 4
[49.129s][debug][gc,phases      ] GC(10)     Total                          Min: 0, Avg: 2028.5, Max: 3378, Diff: 3378, Sum: 8114, Workers: 4
[49.129s][debug][gc,phases      ] GC(10)   JNI Weak                       Min:  0.0, Avg:  0.0, Max:  0.0, Diff:  0.0, Sum:  0.0, Workers: 4
[49.129s][debug][gc,phases      ] GC(10)     Dead                           Min: 0, Avg:  0.0, Max: 0, Diff: 0, Sum: 0, Workers: 4
[49.129s][debug][gc,phases      ] GC(10)     Total                          Min: 0, Avg: 11.5, Max: 46, Diff: 46, Sum: 46, Workers: 4
[49.129s][debug][gc,phases      ] GC(10)   StringDedup Table Weak         Min:  0.0, Avg:  0.0, Max:  0.0, Diff:  0.0, Sum:  0.0, Workers: 4
[49.129s][debug][gc,phases      ] GC(10)     Dead                           Min: 0, Avg:  0.0, Max: 0, Diff: 0, Sum: 0, Workers: 4
[49.129s][debug][gc,phases      ] GC(10)     Total                          Min: 0, Avg:  0.0, Max: 0, Diff: 0, Sum: 0, Workers: 4
[49.129s][debug][gc,phases      ] GC(10)   StringDedup Requests0 Weak     Min:  0.0, Avg:  0.0, Max:  0.0, Diff:  0.0, Sum:  0.0, Workers: 4
[49.129s][debug][gc,phases      ] GC(10)     Dead                           Min: 0, Avg:  0.0, Max: 0, Diff: 0, Sum: 0, Workers: 4
[49.129s][debug][gc,phases      ] GC(10)     Total                          Min: 0, Avg:  0.0, Max: 0, Diff: 0, Sum: 0, Workers: 4
[49.129s][debug][gc,phases      ] GC(10)   StringDedup Requests1 Weak     Min:  0.0, Avg:  0.0, Max:  0.0, Diff:  0.0, Sum:  0.0, Workers: 4
[49.129s][debug][gc,phases      ] GC(10)     Dead                           Min: 0, Avg:  0.0, Max: 0, Diff: 0, Sum: 0, Workers: 4
[49.129s][debug][gc,phases      ] GC(10)     Total                          Min: 0, Avg:  0.0, Max: 0, Diff: 0, Sum: 0, Workers: 4
[49.129s][debug][gc,phases      ] GC(10)   Weak JFR Old Object Samples    Min:  0.0, Avg:  0.0, Max:  0.0, Diff:  0.0, Sum:  0.0, Workers: 4
[49.129s][debug][gc,phases      ] GC(10)     Dead                           Min: 0, Avg:  0.0, Max: 0, Diff: 0, Sum: 0, Workers: 4
[49.129s][debug][gc,phases      ] GC(10)     Total                          Min: 0, Avg:  0.0, Max: 0, Diff: 0, Sum: 0, Workers: 4
[49.129s][debug][gc,phases      ] GC(10) Weak Processing 0.596ms
[49.129s][debug][gc,age         ] GC(10) Desired survivor size 399507456 bytes, new threshold 10 (max threshold 15)
[49.129s][info ][gc,heap        ] GC(10) PSYoungGen: 1445888K(1682944K)->208829K(1651200K) Eden: 1236992K(1236992K)->0K(1236992K) From: 208896K(445952K)->208829K(414208K)
[49.129s][info ][gc,heap        ] GC(10) ParOldGen: 12227K(30208K)->12235K(30208K)
[49.129s][info ][gc,metaspace   ] GC(10) Metaspace: 75479K(76352K)->75479K(76352K) NonClass: 64644K(65088K)->64644K(65088K) Class: 10835K(11264K)->10835K(11264K)
[49.129s][info ][gc             ] GC(10) Pause Young (Allocation Failure) 1423M->215M(1642M) 97.802ms
[49.129s][info ][gc,cpu         ] GC(10) User=0.25s Sys=0.11s Real=0.10s
[49.129s][info ][safepoint      ] Safepoint "ParallelGCFailedAllocation", Time since last: 696160923 ns, Reaching safepoint: 48200 ns, At safepoint: 97871997 ns, Total: 97920197 ns
[50.129s][info ][safepoint      ] Safepoint "Cleanup", Time since last: 1000085055 ns, Reaching safepoint: 108101 ns, At safepoint: 8300 ns, Total: 116401 ns
[51.994s][info ][safepoint      ] Safepoint "Cleanup", Time since last: 1864304959 ns, Reaching safepoint: 44600 ns, At safepoint: 4400 ns, Total: 49000 ns
[53.206s][info ][safepoint      ] Safepoint "Cleanup", Time since last: 1212336607 ns, Reaching safepoint: 168501 ns, At safepoint: 9900 ns, Total: 178401 ns
[54.206s][info ][safepoint      ] Safepoint "Cleanup", Time since last: 1000067744 ns, Reaching safepoint: 51000 ns, At safepoint: 2500 ns, Total: 53500 ns
[55.207s][info ][safepoint      ] Safepoint "Cleanup", Time since last: 1000109245 ns, Reaching safepoint: 55700 ns, At safepoint: 4700 ns, Total: 60400 ns
[57.207s][info ][safepoint      ] Safepoint "Cleanup", Time since last: 2000165489 ns, Reaching safepoint: 48800 ns, At safepoint: 2100 ns, Total: 50900 ns
[59.207s][info ][safepoint      ] Safepoint "Cleanup", Time since last: 2000146588 ns, Reaching safepoint: 57101 ns, At safepoint: 2700 ns, Total: 59801 ns
[60.207s][info ][safepoint      ] Safepoint "Cleanup", Time since last: 1000085544 ns, Reaching safepoint: 44800 ns, At safepoint: 2400 ns, Total: 47200 ns
[61.207s][info ][safepoint      ] Safepoint "Cleanup", Time since last: 1000105925 ns, Reaching safepoint: 52200 ns, At safepoint: 2100 ns, Total: 54300 ns
[62.207s][info ][safepoint      ] Safepoint "Cleanup", Time since last: 1000116087 ns, Reaching safepoint: 39500 ns, At safepoint: 2600 ns, Total: 42100 ns
[63.208s][info ][safepoint      ] Safepoint "Cleanup", Time since last: 1000102887 ns, Reaching safepoint: 49500 ns, At safepoint: 2300 ns, Total: 51800 ns
[64.208s][info ][safepoint      ] Safepoint "Cleanup", Time since last: 1000108187 ns, Reaching safepoint: 50800 ns, At safepoint: 4800 ns, Total: 55600 ns
[66.208s][info ][safepoint      ] Safepoint "Cleanup", Time since last: 2000182974 ns, Reaching safepoint: 117400 ns, At safepoint: 6800 ns, Total: 124200 ns
[67.208s][info ][safepoint      ] Safepoint "Cleanup", Time since last: 1000107187 ns, Reaching safepoint: 44300 ns, At safepoint: 2900 ns, Total: 47200 ns
[68.208s][info ][safepoint      ] Safepoint "Cleanup", Time since last: 1000104687 ns, Reaching safepoint: 43200 ns, At safepoint: 2700 ns, Total: 45900 ns
[69.208s][info ][safepoint      ] Safepoint "Cleanup", Time since last: 1000112168 ns, Reaching safepoint: 34300 ns, At safepoint: 3400 ns, Total: 37700 ns
[69.780s][info ][gc,start       ] GC(11) Pause Young (Allocation Failure)
[69.854s][debug][gc,phases      ] GC(11) Scavenge 74.006ms
[69.855s][debug][gc,ref         ] GC(11) Skipped phase 1 of Reference Processing: no references
[69.855s][debug][gc,ref         ] GC(11) ReferenceProcessor::execute queues: 4, RefProcThreadModel::Multi, marks_oops_alive: false
[69.855s][debug][gc,ref         ] GC(11) Skipped phase 3 of Reference Processing: no references
[69.855s][debug][gc,ref         ] GC(11) ReferenceProcessor::execute queues: 1, RefProcThreadModel::Single, marks_oops_alive: false
[69.855s][debug][gc,phases      ] GC(11) Reference Processing 0.715ms
[69.856s][debug][gc,phases      ] GC(11)   VM Weak                        Min:  0.0, Avg:  0.0, Max:  0.0, Diff:  0.0, Sum:  0.0, Workers: 4
[69.856s][debug][gc,phases      ] GC(11)     Dead                           Min: 0, Avg:  0.0, Max: 0, Diff: 0, Sum: 0, Workers: 4
[69.856s][debug][gc,phases      ] GC(11)     Total                          Min: 78, Avg: 163.5, Max: 256, Diff: 178, Sum: 654, Workers: 4
[69.856s][debug][gc,phases      ] GC(11)   ObjectSynchronizer Weak        Min:  0.0, Avg:  0.0, Max:  0.0, Diff:  0.0, Sum:  0.0, Workers: 4
[69.856s][debug][gc,phases      ] GC(11)     Dead                           Min: 0, Avg:  0.0, Max: 0, Diff: 0, Sum: 0, Workers: 4
[69.856s][debug][gc,phases      ] GC(11)     Total                          Min: 0, Avg:  7.2, Max: 29, Diff: 29, Sum: 29, Workers: 4
[69.856s][debug][gc,phases      ] GC(11)   JVMTI Tag Weak OopStorage      Min:  0.0, Avg:  0.0, Max:  0.0, Diff:  0.0, Sum:  0.0, Workers: 4
[69.856s][debug][gc,phases      ] GC(11)     Dead                           Min: 0, Avg:  0.0, Max: 0, Diff: 0, Sum: 0, Workers: 4
[69.856s][debug][gc,phases      ] GC(11)     Total                          Min: 0, Avg:  0.0, Max: 0, Diff: 0, Sum: 0, Workers: 4
[69.856s][debug][gc,phases      ] GC(11)   StringTable Weak               Min:  0.3, Avg:  0.3, Max:  0.3, Diff:  0.0, Sum:  1.2, Workers: 4
[69.856s][debug][gc,phases      ] GC(11)     Dead                           Min: 0, Avg:  0.0, Max: 0, Diff: 0, Sum: 0, Workers: 4
[69.856s][debug][gc,phases      ] GC(11)     Total                          Min: 9536, Avg: 10466.0, Max: 11328, Diff: 1792, Sum: 41864, Workers: 4
[69.856s][debug][gc,phases      ] GC(11)   ResolvedMethodTable Weak       Min:  0.1, Avg:  0.1, Max:  0.1, Diff:  0.0, Sum:  0.3, Workers: 4
[69.856s][debug][gc,phases      ] GC(11)     Dead                           Min: 0, Avg:  0.0, Max: 0, Diff: 0, Sum: 0, Workers: 4
[69.856s][debug][gc,phases      ] GC(11)     Total                          Min: 1908, Avg: 2028.5, Max: 2302, Diff: 394, Sum: 8114, Workers: 4
[69.856s][debug][gc,phases      ] GC(11)   JNI Weak                       Min:  0.0, Avg:  0.0, Max:  0.0, Diff:  0.0, Sum:  0.0, Workers: 4
[69.856s][debug][gc,phases      ] GC(11)     Dead                           Min: 0, Avg:  0.0, Max: 0, Diff: 0, Sum: 0, Workers: 4
[69.856s][debug][gc,phases      ] GC(11)     Total                          Min: 0, Avg: 11.2, Max: 45, Diff: 45, Sum: 45, Workers: 4
[69.856s][debug][gc,phases      ] GC(11)   StringDedup Table Weak         Min:  0.0, Avg:  0.0, Max:  0.0, Diff:  0.0, Sum:  0.0, Workers: 4
[69.856s][debug][gc,phases      ] GC(11)     Dead                           Min: 0, Avg:  0.0, Max: 0, Diff: 0, Sum: 0, Workers: 4
[69.856s][debug][gc,phases      ] GC(11)     Total                          Min: 0, Avg:  0.0, Max: 0, Diff: 0, Sum: 0, Workers: 4
[69.856s][debug][gc,phases      ] GC(11)   StringDedup Requests0 Weak     Min:  0.0, Avg:  0.0, Max:  0.0, Diff:  0.0, Sum:  0.0, Workers: 4
[69.856s][debug][gc,phases      ] GC(11)     Dead                           Min: 0, Avg:  0.0, Max: 0, Diff: 0, Sum: 0, Workers: 4
[69.856s][debug][gc,phases      ] GC(11)     Total                          Min: 0, Avg:  0.0, Max: 0, Diff: 0, Sum: 0, Workers: 4
[69.856s][debug][gc,phases      ] GC(11)   StringDedup Requests1 Weak     Min:  0.0, Avg:  0.0, Max:  0.0, Diff:  0.0, Sum:  0.0, Workers: 4
[69.856s][debug][gc,phases      ] GC(11)     Dead                           Min: 0, Avg:  0.0, Max: 0, Diff: 0, Sum: 0, Workers: 4
[69.856s][debug][gc,phases      ] GC(11)     Total                          Min: 0, Avg:  0.0, Max: 0, Diff: 0, Sum: 0, Workers: 4
[69.856s][debug][gc,phases      ] GC(11)   Weak JFR Old Object Samples    Min:  0.0, Avg:  0.0, Max:  0.0, Diff:  0.0, Sum:  0.0, Workers: 4
[69.856s][debug][gc,phases      ] GC(11)     Dead                           Min: 0, Avg:  0.0, Max: 0, Diff: 0, Sum: 0, Workers: 4
[69.856s][debug][gc,phases      ] GC(11)     Total                          Min: 0, Avg:  0.0, Max: 0, Diff: 0, Sum: 0, Workers: 4
[69.856s][debug][gc,phases      ] GC(11) Weak Processing 0.530ms
[69.856s][debug][gc,age         ] GC(11) Desired survivor size 380633088 bytes, new threshold 11 (max threshold 15)
[69.856s][info ][gc,heap        ] GC(11) PSYoungGen: 1445821K(1651200K)->208774K(1725440K) Eden: 1236992K(1236992K)->0K(1335296K) From: 208829K(414208K)->208774K(390144K)
[69.856s][info ][gc,heap        ] GC(11) ParOldGen: 12235K(30208K)->12243K(30208K)
[69.856s][info ][gc,metaspace   ] GC(11) Metaspace: 75504K(76352K)->75504K(76352K) NonClass: 64668K(65088K)->64668K(65088K) Class: 10835K(11264K)->10835K(11264K)
[69.856s][info ][gc             ] GC(11) Pause Young (Allocation Failure) 1423M->215M(1714M) 75.409ms
[69.856s][info ][gc,cpu         ] GC(11) User=0.27s Sys=0.01s Real=0.07s
[69.856s][info ][safepoint      ] Safepoint "ParallelGCFailedAllocation", Time since last: 571875309 ns, Reaching safepoint: 41700 ns, At safepoint: 75475492 ns, Total: 75517192 ns
[72.856s][info ][safepoint      ] Safepoint "Cleanup", Time since last: 3000209386 ns, Reaching safepoint: 46700 ns, At safepoint: 3300 ns, Total: 50000 ns
[74.856s][info ][safepoint      ] Safepoint "Cleanup", Time since last: 2000164324 ns, Reaching safepoint: 52000 ns, At safepoint: 6500 ns, Total: 58500 ns
[75.857s][info ][safepoint      ] Safepoint "Cleanup", Time since last: 1000117063 ns, Reaching safepoint: 51600 ns, At safepoint: 4300 ns, Total: 55900 ns
[76.857s][info ][safepoint      ] Safepoint "Cleanup", Time since last: 1000115802 ns, Reaching safepoint: 48400 ns, At safepoint: 5100 ns, Total: 53500 ns
[77.857s][info ][safepoint      ] Safepoint "Cleanup", Time since last: 1000102610 ns, Reaching safepoint: 40900 ns, At safepoint: 2800 ns, Total: 43700 ns
[78.857s][info ][safepoint      ] Safepoint "Cleanup", Time since last: 1000116111 ns, Reaching safepoint: 51800 ns, At safepoint: 2800 ns, Total: 54600 ns
[79.857s][info ][safepoint      ] Safepoint "Cleanup", Time since last: 1000104610 ns, Reaching safepoint: 48600 ns, At safepoint: 3500 ns, Total: 52100 ns
[80.857s][info ][safepoint      ] Safepoint "Cleanup", Time since last: 1000117211 ns, Reaching safepoint: 42800 ns, At safepoint: 4100 ns, Total: 46900 ns
[81.857s][info ][safepoint      ] Safepoint "Cleanup", Time since last: 1000106310 ns, Reaching safepoint: 40800 ns, At safepoint: 2300 ns, Total: 43100 ns
[82.858s][info ][safepoint      ] Safepoint "Cleanup", Time since last: 1000107611 ns, Reaching safepoint: 53400 ns, At safepoint: 7900 ns, Total: 61300 ns
[83.858s][info ][safepoint      ] Safepoint "Cleanup", Time since last: 1000107110 ns, Reaching safepoint: 63200 ns, At safepoint: 4300 ns, Total: 67500 ns
[84.858s][info ][safepoint      ] Safepoint "Cleanup", Time since last: 1000113723 ns, Reaching safepoint: 40200 ns, At safepoint: 3800 ns, Total: 44000 ns
[87.858s][info ][safepoint      ] Safepoint "Cleanup", Time since last: 3000221759 ns, Reaching safepoint: 45600 ns, At safepoint: 7800 ns, Total: 53400 ns
[88.858s][info ][safepoint      ] Safepoint "Cleanup", Time since last: 1000117187 ns, Reaching safepoint: 43100 ns, At safepoint: 3500 ns, Total: 46600 ns
[90.859s][info ][safepoint      ] Safepoint "Cleanup", Time since last: 2000140372 ns, Reaching safepoint: 45701 ns, At safepoint: 4000 ns, Total: 49701 ns
[91.859s][info ][safepoint      ] Safepoint "Cleanup", Time since last: 1000079086 ns, Reaching safepoint: 40800 ns, At safepoint: 2600 ns, Total: 43400 ns
[92.182s][info ][gc,start       ] GC(12) Pause Young (Allocation Failure)
[92.265s][debug][gc,phases      ] GC(12) Scavenge 82.601ms
[92.265s][debug][gc,ref         ] GC(12) Skipped phase 1 of Reference Processing: no references
[92.265s][debug][gc,ref         ] GC(12) ReferenceProcessor::execute queues: 4, RefProcThreadModel::Multi, marks_oops_alive: false
[92.265s][debug][gc,ref         ] GC(12) Skipped phase 3 of Reference Processing: no references
[92.265s][debug][gc,ref         ] GC(12) ReferenceProcessor::execute queues: 1, RefProcThreadModel::Single, marks_oops_alive: false
[92.265s][debug][gc,phases      ] GC(12) Reference Processing 0.846ms
[92.266s][debug][gc,phases      ] GC(12)   VM Weak                        Min:  0.0, Avg:  0.0, Max:  0.0, Diff:  0.0, Sum:  0.0, Workers: 4
[92.266s][debug][gc,phases      ] GC(12)     Dead                           Min: 0, Avg:  0.0, Max: 0, Diff: 0, Sum: 0, Workers: 4
[92.266s][debug][gc,phases      ] GC(12)     Total                          Min: 0, Avg: 163.5, Max: 448, Diff: 448, Sum: 654, Workers: 4
[92.266s][debug][gc,phases      ] GC(12)   ObjectSynchronizer Weak        Min:  0.0, Avg:  0.0, Max:  0.0, Diff:  0.0, Sum:  0.0, Workers: 4
[92.266s][debug][gc,phases      ] GC(12)     Dead                           Min: 0, Avg:  0.0, Max: 0, Diff: 0, Sum: 0, Workers: 4
[92.266s][debug][gc,phases      ] GC(12)     Total                          Min: 0, Avg:  7.2, Max: 29, Diff: 29, Sum: 29, Workers: 4
[92.266s][debug][gc,phases      ] GC(12)   JVMTI Tag Weak OopStorage      Min:  0.0, Avg:  0.0, Max:  0.0, Diff:  0.0, Sum:  0.0, Workers: 4
[92.266s][debug][gc,phases      ] GC(12)     Dead                           Min: 0, Avg:  0.0, Max: 0, Diff: 0, Sum: 0, Workers: 4
[92.266s][debug][gc,phases      ] GC(12)     Total                          Min: 0, Avg:  0.0, Max: 0, Diff: 0, Sum: 0, Workers: 4
[92.266s][debug][gc,phases      ] GC(12)   StringTable Weak               Min:  0.0, Avg:  0.3, Max:  0.4, Diff:  0.4, Sum:  1.1, Workers: 4
[92.266s][debug][gc,phases      ] GC(12)     Dead                           Min: 0, Avg:  0.0, Max: 0, Diff: 0, Sum: 0, Workers: 4
[92.266s][debug][gc,phases      ] GC(12)     Total                          Min: 0, Avg: 10476.0, Max: 17536, Diff: 17536, Sum: 41904, Workers: 4
[92.266s][debug][gc,phases      ] GC(12)   ResolvedMethodTable Weak       Min:  0.0, Avg:  0.1, Max:  0.1, Diff:  0.1, Sum:  0.2, Workers: 4
[92.266s][debug][gc,phases      ] GC(12)     Dead                           Min: 0, Avg:  0.2, Max: 1, Diff: 1, Sum: 1, Workers: 4
[92.266s][debug][gc,phases      ] GC(12)     Total                          Min: 0, Avg: 2028.5, Max: 3584, Diff: 3584, Sum: 8114, Workers: 4
[92.266s][debug][gc,phases      ] GC(12)   JNI Weak                       Min:  0.0, Avg:  0.0, Max:  0.0, Diff:  0.0, Sum:  0.0, Workers: 4
[92.266s][debug][gc,phases      ] GC(12)     Dead                           Min: 0, Avg:  0.0, Max: 0, Diff: 0, Sum: 0, Workers: 4
[92.266s][debug][gc,phases      ] GC(12)     Total                          Min: 0, Avg: 11.2, Max: 45, Diff: 45, Sum: 45, Workers: 4
[92.266s][debug][gc,phases      ] GC(12)   StringDedup Table Weak         Min:  0.0, Avg:  0.0, Max:  0.0, Diff:  0.0, Sum:  0.0, Workers: 4
[92.266s][debug][gc,phases      ] GC(12)     Dead                           Min: 0, Avg:  0.0, Max: 0, Diff: 0, Sum: 0, Workers: 4
[92.266s][debug][gc,phases      ] GC(12)     Total                          Min: 0, Avg:  0.0, Max: 0, Diff: 0, Sum: 0, Workers: 4
[92.266s][debug][gc,phases      ] GC(12)   StringDedup Requests0 Weak     Min:  0.0, Avg:  0.0, Max:  0.0, Diff:  0.0, Sum:  0.0, Workers: 4
[92.266s][debug][gc,phases      ] GC(12)     Dead                           Min: 0, Avg:  0.0, Max: 0, Diff: 0, Sum: 0, Workers: 4
[92.266s][debug][gc,phases      ] GC(12)     Total                          Min: 0, Avg:  0.0, Max: 0, Diff: 0, Sum: 0, Workers: 4
[92.266s][debug][gc,phases      ] GC(12)   StringDedup Requests1 Weak     Min:  0.0, Avg:  0.0, Max:  0.0, Diff:  0.0, Sum:  0.0, Workers: 4
[92.266s][debug][gc,phases      ] GC(12)     Dead                           Min: 0, Avg:  0.0, Max: 0, Diff: 0, Sum: 0, Workers: 4
[92.266s][debug][gc,phases      ] GC(12)     Total                          Min: 0, Avg:  0.0, Max: 0, Diff: 0, Sum: 0, Workers: 4
[92.266s][debug][gc,phases      ] GC(12)   Weak JFR Old Object Samples    Min:  0.0, Avg:  0.0, Max:  0.0, Diff:  0.0, Sum:  0.0, Workers: 4
[92.266s][debug][gc,phases      ] GC(12)     Dead                           Min: 0, Avg:  0.0, Max: 0, Diff: 0, Sum: 0, Workers: 4
[92.266s][debug][gc,phases      ] GC(12)     Total                          Min: 0, Avg:  0.0, Max: 0, Diff: 0, Sum: 0, Workers: 4
[92.266s][debug][gc,phases      ] GC(12) Weak Processing 0.598ms
[92.266s][debug][gc,age         ] GC(12) Desired survivor size 365428736 bytes, new threshold 12 (max threshold 15)
[92.266s][info ][gc,heap        ] GC(12) PSYoungGen: 1544070K(1725440K)->208833K(1707008K) Eden: 1335296K(1335296K)->0K(1335296K) From: 208774K(390144K)->208833K(371712K)
[92.266s][info ][gc,heap        ] GC(12) ParOldGen: 12243K(30208K)->12251K(30208K)
[92.266s][info ][gc,metaspace   ] GC(12) Metaspace: 75520K(76416K)->75520K(76416K) NonClass: 64683K(65152K)->64683K(65152K) Class: 10837K(11264K)->10837K(11264K)
[92.266s][info ][gc             ] GC(12) Pause Young (Allocation Failure) 1519M->215M(1696M) 84.168ms
[92.266s][info ][gc,cpu         ] GC(12) User=0.27s Sys=0.03s Real=0.08s
[92.266s][info ][safepoint      ] Safepoint "ParallelGCFailedAllocation", Time since last: 323084226 ns, Reaching safepoint: 39101 ns, At safepoint: 84231893 ns, Total: 84270994 ns
[93.266s][info ][safepoint      ] Safepoint "Cleanup", Time since last: 1000055988 ns, Reaching safepoint: 44600 ns, At safepoint: 4700 ns, Total: 49300 ns
[98.267s][info ][safepoint      ] Safepoint "Cleanup", Time since last: 5000363344 ns, Reaching safepoint: 46600 ns, At safepoint: 3300 ns, Total: 49900 ns
[99.267s][info ][safepoint      ] Safepoint "Cleanup", Time since last: 1000112288 ns, Reaching safepoint: 116501 ns, At safepoint: 5100 ns, Total: 121601 ns
[100.267s][info ][safepoint      ] Safepoint "Cleanup", Time since last: 1000112589 ns, Reaching safepoint: 46200 ns, At safepoint: 2700 ns, Total: 48900 ns
[104.267s][info ][safepoint      ] Safepoint "Cleanup", Time since last: 4000227999 ns, Reaching safepoint: 42600 ns, At safepoint: 3200 ns, Total: 45800 ns
[105.267s][info ][safepoint      ] Safepoint "Cleanup", Time since last: 1000099816 ns, Reaching safepoint: 45900 ns, At safepoint: 2100 ns, Total: 48000 ns
[106.268s][info ][safepoint      ] Safepoint "Cleanup", Time since last: 1000106516 ns, Reaching safepoint: 48400 ns, At safepoint: 2900 ns, Total: 51300 ns
[107.268s][info ][safepoint      ] Safepoint "Cleanup", Time since last: 1000142216 ns, Reaching safepoint: 49701 ns, At safepoint: 2700 ns, Total: 52401 ns
[113.268s][info ][safepoint      ] Safepoint "Cleanup", Time since last: 6000444594 ns, Reaching safepoint: 54900 ns, At safepoint: 2900 ns, Total: 57800 ns
[114.530s][info ][gc,start       ] GC(13) Pause Young (Allocation Failure)
[114.605s][debug][gc,phases      ] GC(13) Scavenge 74.345ms
[114.605s][debug][gc,ref         ] GC(13) Skipped phase 1 of Reference Processing: no references
[114.605s][debug][gc,ref         ] GC(13) ReferenceProcessor::execute queues: 4, RefProcThreadModel::Multi, marks_oops_alive: false
[114.606s][debug][gc,ref         ] GC(13) Skipped phase 3 of Reference Processing: no references
[114.606s][debug][gc,ref         ] GC(13) ReferenceProcessor::execute queues: 1, RefProcThreadModel::Single, marks_oops_alive: false
[114.606s][debug][gc,phases      ] GC(13) Reference Processing 0.746ms
[114.606s][debug][gc,phases      ] GC(13)   VM Weak                        Min:  0.0, Avg:  0.0, Max:  0.0, Diff:  0.0, Sum:  0.0, Workers: 4
[114.606s][debug][gc,phases      ] GC(13)     Dead                           Min: 0, Avg:  0.0, Max: 0, Diff: 0, Sum: 0, Workers: 4
[114.606s][debug][gc,phases      ] GC(13)     Total                          Min: 0, Avg: 163.5, Max: 334, Diff: 334, Sum: 654, Workers: 4
[114.606s][debug][gc,phases      ] GC(13)   ObjectSynchronizer Weak        Min:  0.0, Avg:  0.0, Max:  0.0, Diff:  0.0, Sum:  0.0, Workers: 4
[114.606s][debug][gc,phases      ] GC(13)     Dead                           Min: 0, Avg:  0.0, Max: 0, Diff: 0, Sum: 0, Workers: 4
[114.606s][debug][gc,phases      ] GC(13)     Total                          Min: 0, Avg:  7.2, Max: 29, Diff: 29, Sum: 29, Workers: 4
[114.606s][debug][gc,phases      ] GC(13)   JVMTI Tag Weak OopStorage      Min:  0.0, Avg:  0.0, Max:  0.0, Diff:  0.0, Sum:  0.0, Workers: 4
[114.606s][debug][gc,phases      ] GC(13)     Dead                           Min: 0, Avg:  0.0, Max: 0, Diff: 0, Sum: 0, Workers: 4
[114.606s][debug][gc,phases      ] GC(13)     Total                          Min: 0, Avg:  0.0, Max: 0, Diff: 0, Sum: 0, Workers: 4
[114.606s][debug][gc,phases      ] GC(13)   StringTable Weak               Min:  0.0, Avg:  0.3, Max:  0.3, Diff:  0.3, Sum:  1.0, Workers: 4
[114.606s][debug][gc,phases      ] GC(13)     Dead                           Min: 0, Avg:  0.0, Max: 0, Diff: 0, Sum: 0, Workers: 4
[114.606s][debug][gc,phases      ] GC(13)     Total                          Min: 0, Avg: 10486.2, Max: 17856, Diff: 17856, Sum: 41945, Workers: 4
[114.606s][debug][gc,phases      ] GC(13)   ResolvedMethodTable Weak       Min:  0.0, Avg:  0.1, Max:  0.1, Diff:  0.1, Sum:  0.2, Workers: 4
[114.606s][debug][gc,phases      ] GC(13)     Dead                           Min: 0, Avg:  0.0, Max: 0, Diff: 0, Sum: 0, Workers: 4
[114.606s][debug][gc,phases      ] GC(13)     Total                          Min: 0, Avg: 2028.5, Max: 3188, Diff: 3188, Sum: 8114, Workers: 4
[114.606s][debug][gc,phases      ] GC(13)   JNI Weak                       Min:  0.0, Avg:  0.0, Max:  0.0, Diff:  0.0, Sum:  0.0, Workers: 4
[114.606s][debug][gc,phases      ] GC(13)     Dead                           Min: 0, Avg:  0.0, Max: 0, Diff: 0, Sum: 0, Workers: 4
[114.606s][debug][gc,phases      ] GC(13)     Total                          Min: 0, Avg: 11.2, Max: 45, Diff: 45, Sum: 45, Workers: 4
[114.606s][debug][gc,phases      ] GC(13)   StringDedup Table Weak         Min:  0.0, Avg:  0.0, Max:  0.0, Diff:  0.0, Sum:  0.0, Workers: 4
[114.606s][debug][gc,phases      ] GC(13)     Dead                           Min: 0, Avg:  0.0, Max: 0, Diff: 0, Sum: 0, Workers: 4
[114.606s][debug][gc,phases      ] GC(13)     Total                          Min: 0, Avg:  0.0, Max: 0, Diff: 0, Sum: 0, Workers: 4
[114.606s][debug][gc,phases      ] GC(13)   StringDedup Requests0 Weak     Min:  0.0, Avg:  0.0, Max:  0.0, Diff:  0.0, Sum:  0.0, Workers: 4
[114.606s][debug][gc,phases      ] GC(13)     Dead                           Min: 0, Avg:  0.0, Max: 0, Diff: 0, Sum: 0, Workers: 4
[114.606s][debug][gc,phases      ] GC(13)     Total                          Min: 0, Avg:  0.0, Max: 0, Diff: 0, Sum: 0, Workers: 4
[114.606s][debug][gc,phases      ] GC(13)   StringDedup Requests1 Weak     Min:  0.0, Avg:  0.0, Max:  0.0, Diff:  0.0, Sum:  0.0, Workers: 4
[114.606s][debug][gc,phases      ] GC(13)     Dead                           Min: 0, Avg:  0.0, Max: 0, Diff: 0, Sum: 0, Workers: 4
[114.606s][debug][gc,phases      ] GC(13)     Total                          Min: 0, Avg:  0.0, Max: 0, Diff: 0, Sum: 0, Workers: 4
[114.606s][debug][gc,phases      ] GC(13)   Weak JFR Old Object Samples    Min:  0.0, Avg:  0.0, Max:  0.0, Diff:  0.0, Sum:  0.0, Workers: 4
[114.606s][debug][gc,phases      ] GC(13)     Dead                           Min: 0, Avg:  0.0, Max: 0, Diff: 0, Sum: 0, Workers: 4
[114.606s][debug][gc,phases      ] GC(13)     Total                          Min: 0, Avg:  0.0, Max: 0, Diff: 0, Sum: 0, Workers: 4
[114.606s][debug][gc,phases      ] GC(13) Weak Processing 0.585ms
[114.606s][debug][gc,age         ] GC(13) Desired survivor size 352845824 bytes, new threshold 13 (max threshold 15)
[114.606s][info ][gc,heap        ] GC(13) PSYoungGen: 1544129K(1707008K)->208918K(1752576K) Eden: 1335296K(1335296K)->0K(1395712K) From: 208833K(371712K)->208918K(356864K)
[114.606s][info ][gc,heap        ] GC(13) ParOldGen: 12251K(30208K)->12259K(30208K)
[114.606s][info ][gc,metaspace   ] GC(13) Metaspace: 75531K(76416K)->75531K(76416K) NonClass: 64694K(65152K)->64694K(65152K) Class: 10837K(11264K)->10837K(11264K)
[114.606s][info ][gc             ] GC(13) Pause Young (Allocation Failure) 1519M->215M(1741M) 75.806ms
[114.606s][info ][gc,cpu         ] GC(13) User=0.28s Sys=0.00s Real=0.07s
[114.606s][info ][safepoint      ] Safepoint "ParallelGCFailedAllocation", Time since last: 1262087728 ns, Reaching safepoint: 45200 ns, At safepoint: 75869372 ns, Total: 75914572 ns
[117.606s][info ][safepoint      ] Safepoint "Cleanup", Time since last: 3000169946 ns, Reaching safepoint: 40000 ns, At safepoint: 2701 ns, Total: 42701 ns
[120.607s][info ][safepoint      ] Safepoint "Cleanup", Time since last: 3000244418 ns, Reaching safepoint: 44800 ns, At safepoint: 2900 ns, Total: 47700 ns
[121.607s][info ][safepoint      ] Safepoint "Cleanup", Time since last: 1000075973 ns, Reaching safepoint: 49600 ns, At safepoint: 3400 ns, Total: 53000 ns
[124.607s][info ][safepoint      ] Safepoint "Cleanup", Time since last: 3000196321 ns, Reaching safepoint: 49300 ns, At safepoint: 2500 ns, Total: 51800 ns
[125.607s][info ][safepoint      ] Safepoint "Cleanup", Time since last: 1000106595 ns, Reaching safepoint: 62301 ns, At safepoint: 5800 ns, Total: 68101 ns
[126.607s][info ][safepoint      ] Safepoint "Cleanup", Time since last: 1000109294 ns, Reaching safepoint: 45301 ns, At safepoint: 4200 ns, Total: 49501 ns
[130.608s][info ][safepoint      ] Safepoint "Cleanup", Time since last: 4000283479 ns, Reaching safepoint: 42000 ns, At safepoint: 3300 ns, Total: 45300 ns
[134.608s][info ][safepoint      ] Safepoint "Cleanup", Time since last: 4000297604 ns, Reaching safepoint: 46700 ns, At safepoint: 4700 ns, Total: 51400 ns
[135.608s][info ][safepoint      ] Safepoint "Cleanup", Time since last: 1000107506 ns, Reaching safepoint: 48601 ns, At safepoint: 4100 ns, Total: 52701 ns
[137.981s][info ][gc,start       ] GC(14) Pause Young (Allocation Failure)
[138.059s][debug][gc,phases      ] GC(14) Scavenge 78.600ms
[138.059s][debug][gc,ref         ] GC(14) Skipped phase 1 of Reference Processing: no references
[138.059s][debug][gc,ref         ] GC(14) ReferenceProcessor::execute queues: 4, RefProcThreadModel::Multi, marks_oops_alive: false
[138.060s][debug][gc,ref         ] GC(14) Skipped phase 3 of Reference Processing: no references
[138.060s][debug][gc,ref         ] GC(14) ReferenceProcessor::execute queues: 1, RefProcThreadModel::Single, marks_oops_alive: false
[138.060s][debug][gc,phases      ] GC(14) Reference Processing 0.845ms
[138.061s][debug][gc,phases      ] GC(14)   VM Weak                        Min:  0.0, Avg:  0.0, Max:  0.0, Diff:  0.0, Sum:  0.0, Workers: 4
[138.061s][debug][gc,phases      ] GC(14)     Dead                           Min: 0, Avg:  0.0, Max: 0, Diff: 0, Sum: 0, Workers: 4
[138.061s][debug][gc,phases      ] GC(14)     Total                          Min: 0, Avg: 163.5, Max: 384, Diff: 384, Sum: 654, Workers: 4
[138.061s][debug][gc,phases      ] GC(14)   ObjectSynchronizer Weak        Min:  0.0, Avg:  0.0, Max:  0.0, Diff:  0.0, Sum:  0.0, Workers: 4
[138.061s][debug][gc,phases      ] GC(14)     Dead                           Min: 0, Avg:  0.0, Max: 0, Diff: 0, Sum: 0, Workers: 4
[138.061s][debug][gc,phases      ] GC(14)     Total                          Min: 0, Avg:  7.2, Max: 29, Diff: 29, Sum: 29, Workers: 4
[138.061s][debug][gc,phases      ] GC(14)   JVMTI Tag Weak OopStorage      Min:  0.0, Avg:  0.0, Max:  0.0, Diff:  0.0, Sum:  0.0, Workers: 4
[138.061s][debug][gc,phases      ] GC(14)     Dead                           Min: 0, Avg:  0.0, Max: 0, Diff: 0, Sum: 0, Workers: 4
[138.061s][debug][gc,phases      ] GC(14)     Total                          Min: 0, Avg:  0.0, Max: 0, Diff: 0, Sum: 0, Workers: 4
[138.061s][debug][gc,phases      ] GC(14)   StringTable Weak               Min:  0.0, Avg:  0.3, Max:  0.4, Diff:  0.4, Sum:  1.1, Workers: 4
[138.061s][debug][gc,phases      ] GC(14)     Dead                           Min: 0, Avg:  0.0, Max: 0, Diff: 0, Sum: 0, Workers: 4
[138.061s][debug][gc,phases      ] GC(14)     Total                          Min: 0, Avg: 10488.8, Max: 17600, Diff: 17600, Sum: 41955, Workers: 4
[138.061s][debug][gc,phases      ] GC(14)   ResolvedMethodTable Weak       Min:  0.1, Avg:  0.1, Max:  0.1, Diff:  0.0, Sum:  0.3, Workers: 4
[138.061s][debug][gc,phases      ] GC(14)     Dead                           Min: 0, Avg:  0.0, Max: 0, Diff: 0, Sum: 0, Workers: 4
[138.061s][debug][gc,phases      ] GC(14)     Total                          Min: 1407, Avg: 2028.5, Max: 2304, Diff: 897, Sum: 8114, Workers: 4
[138.061s][debug][gc,phases      ] GC(14)   JNI Weak                       Min:  0.0, Avg:  0.0, Max:  0.0, Diff:  0.0, Sum:  0.0, Workers: 4
[138.061s][debug][gc,phases      ] GC(14)     Dead                           Min: 0, Avg:  0.0, Max: 0, Diff: 0, Sum: 0, Workers: 4
[138.061s][debug][gc,phases      ] GC(14)     Total                          Min: 0, Avg: 11.2, Max: 45, Diff: 45, Sum: 45, Workers: 4
[138.061s][debug][gc,phases      ] GC(14)   StringDedup Table Weak         Min:  0.0, Avg:  0.0, Max:  0.0, Diff:  0.0, Sum:  0.0, Workers: 4
[138.061s][debug][gc,phases      ] GC(14)     Dead                           Min: 0, Avg:  0.0, Max: 0, Diff: 0, Sum: 0, Workers: 4
[138.061s][debug][gc,phases      ] GC(14)     Total                          Min: 0, Avg:  0.0, Max: 0, Diff: 0, Sum: 0, Workers: 4
[138.061s][debug][gc,phases      ] GC(14)   StringDedup Requests0 Weak     Min:  0.0, Avg:  0.0, Max:  0.0, Diff:  0.0, Sum:  0.0, Workers: 4
[138.061s][debug][gc,phases      ] GC(14)     Dead                           Min: 0, Avg:  0.0, Max: 0, Diff: 0, Sum: 0, Workers: 4
[138.061s][debug][gc,phases      ] GC(14)     Total                          Min: 0, Avg:  0.0, Max: 0, Diff: 0, Sum: 0, Workers: 4
[138.061s][debug][gc,phases      ] GC(14)   StringDedup Requests1 Weak     Min:  0.0, Avg:  0.0, Max:  0.0, Diff:  0.0, Sum:  0.0, Workers: 4
[138.061s][debug][gc,phases      ] GC(14)     Dead                           Min: 0, Avg:  0.0, Max: 0, Diff: 0, Sum: 0, Workers: 4
[138.061s][debug][gc,phases      ] GC(14)     Total                          Min: 0, Avg:  0.0, Max: 0, Diff: 0, Sum: 0, Workers: 4
[138.061s][debug][gc,phases      ] GC(14)   Weak JFR Old Object Samples    Min:  0.0, Avg:  0.0, Max:  0.0, Diff:  0.0, Sum:  0.0, Workers: 4
[138.061s][debug][gc,phases      ] GC(14)     Dead                           Min: 0, Avg:  0.0, Max: 0, Diff: 0, Sum: 0, Workers: 4
[138.061s][debug][gc,phases      ] GC(14)     Total                          Min: 0, Avg:  0.0, Max: 0, Diff: 0, Sum: 0, Workers: 4
[138.061s][debug][gc,phases      ] GC(14) Weak Processing 0.618ms
[138.061s][debug][gc,age         ] GC(14) Desired survivor size 340787200 bytes, new threshold 14 (max threshold 15)
[138.061s][info ][gc,heap        ] GC(14) PSYoungGen: 1604630K(1752576K)->208938K(1740288K) Eden: 1395712K(1395712K)->0K(1395712K) From: 208918K(356864K)->208938K(344576K)
[138.061s][info ][gc,heap        ] GC(14) ParOldGen: 12259K(30208K)->12267K(30208K)
[138.061s][info ][gc,metaspace   ] GC(14) Metaspace: 75537K(76416K)->75537K(76416K) NonClass: 64698K(65152K)->64698K(65152K) Class: 10838K(11264K)->10838K(11264K)
[138.061s][info ][gc             ] GC(14) Pause Young (Allocation Failure) 1578M->216M(1729M) 80.188ms
[138.061s][info ][gc,cpu         ] GC(14) User=0.29s Sys=0.00s Real=0.08s
[138.061s][info ][safepoint      ] Safepoint "ParallelGCFailedAllocation", Time since last: 2372144754 ns, Reaching safepoint: 33300 ns, At safepoint: 80256190 ns, Total: 80289490 ns
[142.061s][info ][safepoint      ] Safepoint "Cleanup", Time since last: 4000278517 ns, Reaching safepoint: 47701 ns, At safepoint: 4100 ns, Total: 51801 ns
[143.061s][info ][safepoint      ] Safepoint "Cleanup", Time since last: 1000116401 ns, Reaching safepoint: 45100 ns, At safepoint: 4600 ns, Total: 49700 ns
[144.061s][info ][safepoint      ] Safepoint "Cleanup", Time since last: 1000122901 ns, Reaching safepoint: 44400 ns, At safepoint: 2400 ns, Total: 46800 ns
[145.062s][info ][safepoint      ] Safepoint "Cleanup", Time since last: 1000108202 ns, Reaching safepoint: 41700 ns, At safepoint: 2600 ns, Total: 44300 ns
[147.062s][info ][safepoint      ] Safepoint "Cleanup", Time since last: 2000122502 ns, Reaching safepoint: 35700 ns, At safepoint: 4200 ns, Total: 39900 ns
[150.062s][info ][safepoint      ] Safepoint "Cleanup", Time since last: 3000208252 ns, Reaching safepoint: 47200 ns, At safepoint: 7100 ns, Total: 54300 ns
[151.062s][info ][safepoint      ] Safepoint "Cleanup", Time since last: 1000108527 ns, Reaching safepoint: 45000 ns, At safepoint: 2700 ns, Total: 47700 ns
[154.062s][info ][safepoint      ] Safepoint "Cleanup", Time since last: 3000220681 ns, Reaching safepoint: 37501 ns, At safepoint: 2500 ns, Total: 40001 ns
[158.063s][info ][safepoint      ] Safepoint "Cleanup", Time since last: 4000293276 ns, Reaching safepoint: 41301 ns, At safepoint: 4200 ns, Total: 45501 ns
[161.482s][info ][gc,start       ] GC(15) Pause Young (Allocation Failure)
[161.556s][debug][gc,phases      ] GC(15) Scavenge 73.717ms
[161.556s][debug][gc,ref         ] GC(15) Skipped phase 1 of Reference Processing: no references
[161.556s][debug][gc,ref         ] GC(15) ReferenceProcessor::execute queues: 4, RefProcThreadModel::Multi, marks_oops_alive: false
[161.557s][debug][gc,ref         ] GC(15) Skipped phase 3 of Reference Processing: no references
[161.557s][debug][gc,ref         ] GC(15) ReferenceProcessor::execute queues: 1, RefProcThreadModel::Single, marks_oops_alive: false
[161.557s][debug][gc,phases      ] GC(15) Reference Processing 0.894ms
[161.557s][debug][gc,phases      ] GC(15)   VM Weak                        Min:  0.0, Avg:  0.0, Max:  0.0, Diff:  0.0, Sum:  0.0, Workers: 4
[161.557s][debug][gc,phases      ] GC(15)     Dead                           Min: 0, Avg:  0.0, Max: 0, Diff: 0, Sum: 0, Workers: 4
[161.557s][debug][gc,phases      ] GC(15)     Total                          Min: 0, Avg: 163.5, Max: 384, Diff: 384, Sum: 654, Workers: 4
[161.557s][debug][gc,phases      ] GC(15)   ObjectSynchronizer Weak        Min:  0.0, Avg:  0.0, Max:  0.0, Diff:  0.0, Sum:  0.0, Workers: 4
[161.557s][debug][gc,phases      ] GC(15)     Dead                           Min: 0, Avg:  0.0, Max: 0, Diff: 0, Sum: 0, Workers: 4
[161.557s][debug][gc,phases      ] GC(15)     Total                          Min: 0, Avg:  7.2, Max: 29, Diff: 29, Sum: 29, Workers: 4
[161.557s][debug][gc,phases      ] GC(15)   JVMTI Tag Weak OopStorage      Min:  0.0, Avg:  0.0, Max:  0.0, Diff:  0.0, Sum:  0.0, Workers: 4
[161.557s][debug][gc,phases      ] GC(15)     Dead                           Min: 0, Avg:  0.0, Max: 0, Diff: 0, Sum: 0, Workers: 4
[161.557s][debug][gc,phases      ] GC(15)     Total                          Min: 0, Avg:  0.0, Max: 0, Diff: 0, Sum: 0, Workers: 4
[161.557s][debug][gc,phases      ] GC(15)   StringTable Weak               Min:  0.0, Avg:  0.3, Max:  0.3, Diff:  0.3, Sum:  1.0, Workers: 4
[161.557s][debug][gc,phases      ] GC(15)     Dead                           Min: 0, Avg:  0.0, Max: 0, Diff: 0, Sum: 0, Workers: 4
[161.557s][debug][gc,phases      ] GC(15)     Total                          Min: 0, Avg: 10494.8, Max: 16960, Diff: 16960, Sum: 41979, Workers: 4
[161.557s][debug][gc,phases      ] GC(15)   ResolvedMethodTable Weak       Min:  0.0, Avg:  0.1, Max:  0.1, Diff:  0.1, Sum:  0.2, Workers: 4
[161.557s][debug][gc,phases      ] GC(15)     Dead                           Min: 0, Avg:  0.0, Max: 0, Diff: 0, Sum: 0, Workers: 4
[161.557s][debug][gc,phases      ] GC(15)     Total                          Min: 0, Avg: 2028.5, Max: 3636, Diff: 3636, Sum: 8114, Workers: 4
[161.557s][debug][gc,phases      ] GC(15)   JNI Weak                       Min:  0.0, Avg:  0.0, Max:  0.0, Diff:  0.0, Sum:  0.0, Workers: 4
[161.557s][debug][gc,phases      ] GC(15)     Dead                           Min: 0, Avg:  0.0, Max: 0, Diff: 0, Sum: 0, Workers: 4
[161.557s][debug][gc,phases      ] GC(15)     Total                          Min: 0, Avg: 11.2, Max: 45, Diff: 45, Sum: 45, Workers: 4
[161.557s][debug][gc,phases      ] GC(15)   StringDedup Table Weak         Min:  0.0, Avg:  0.0, Max:  0.0, Diff:  0.0, Sum:  0.0, Workers: 4
[161.557s][debug][gc,phases      ] GC(15)     Dead                           Min: 0, Avg:  0.0, Max: 0, Diff: 0, Sum: 0, Workers: 4
[161.557s][debug][gc,phases      ] GC(15)     Total                          Min: 0, Avg:  0.0, Max: 0, Diff: 0, Sum: 0, Workers: 4
[161.557s][debug][gc,phases      ] GC(15)   StringDedup Requests0 Weak     Min:  0.0, Avg:  0.0, Max:  0.0, Diff:  0.0, Sum:  0.0, Workers: 4
[161.557s][debug][gc,phases      ] GC(15)     Dead                           Min: 0, Avg:  0.0, Max: 0, Diff: 0, Sum: 0, Workers: 4
[161.557s][debug][gc,phases      ] GC(15)     Total                          Min: 0, Avg:  0.0, Max: 0, Diff: 0, Sum: 0, Workers: 4
[161.557s][debug][gc,phases      ] GC(15)   StringDedup Requests1 Weak     Min:  0.0, Avg:  0.0, Max:  0.0, Diff:  0.0, Sum:  0.0, Workers: 4
[161.557s][debug][gc,phases      ] GC(15)     Dead                           Min: 0, Avg:  0.0, Max: 0, Diff: 0, Sum: 0, Workers: 4
[161.557s][debug][gc,phases      ] GC(15)     Total                          Min: 0, Avg:  0.0, Max: 0, Diff: 0, Sum: 0, Workers: 4
[161.557s][debug][gc,phases      ] GC(15)   Weak JFR Old Object Samples    Min:  0.0, Avg:  0.0, Max:  0.0, Diff:  0.0, Sum:  0.0, Workers: 4
[161.557s][debug][gc,phases      ] GC(15)     Dead                           Min: 0, Avg:  0.0, Max: 0, Diff: 0, Sum: 0, Workers: 4
[161.557s][debug][gc,phases      ] GC(15)     Total                          Min: 0, Avg:  0.0, Max: 0, Diff: 0, Sum: 0, Workers: 4
[161.557s][debug][gc,phases      ] GC(15) Weak Processing 0.593ms
[161.557s][debug][gc,age         ] GC(15) Desired survivor size 330301440 bytes, new threshold 15 (max threshold 15)
[161.557s][info ][gc,heap        ] GC(15) PSYoungGen: 1604650K(1740288K)->208770K(1774592K) Eden: 1395712K(1395712K)->0K(1441792K) From: 208938K(344576K)->208770K(332800K)
[161.557s][info ][gc,heap        ] GC(15) ParOldGen: 12267K(30208K)->12275K(30208K)
[161.557s][info ][gc,metaspace   ] GC(15) Metaspace: 75553K(76416K)->75553K(76416K) NonClass: 64715K(65152K)->64715K(65152K) Class: 10838K(11264K)->10838K(11264K)
[161.557s][info ][gc             ] GC(15) Pause Young (Allocation Failure) 1579M->215M(1762M) 75.342ms
[161.557s][info ][gc,cpu         ] GC(15) User=0.27s Sys=0.00s Real=0.08s
[161.557s][info ][safepoint      ] Safepoint "ParallelGCFailedAllocation", Time since last: 3419221123 ns, Reaching safepoint: 95101 ns, At safepoint: 75415167 ns, Total: 75510268 ns
[164.558s][info ][safepoint      ] Safepoint "Cleanup", Time since last: 3000206436 ns, Reaching safepoint: 45200 ns, At safepoint: 2900 ns, Total: 48100 ns
[165.558s][info ][safepoint      ] Safepoint "Cleanup", Time since last: 1000135050 ns, Reaching safepoint: 42800 ns, At safepoint: 10400 ns, Total: 53200 ns
[166.558s][info ][safepoint      ] Safepoint "Cleanup", Time since last: 1000076350 ns, Reaching safepoint: 40501 ns, At safepoint: 2700 ns, Total: 43201 ns
[185.483s][info ][gc,start       ] GC(16) Pause Young (Allocation Failure)
[185.558s][debug][gc,phases      ] GC(16) Scavenge 75.012ms
[185.558s][debug][gc,ref         ] GC(16) Skipped phase 1 of Reference Processing: no references
[185.558s][debug][gc,ref         ] GC(16) ReferenceProcessor::execute queues: 4, RefProcThreadModel::Multi, marks_oops_alive: false
[185.559s][debug][gc,ref         ] GC(16) Skipped phase 3 of Reference Processing: no references
[185.559s][debug][gc,ref         ] GC(16) ReferenceProcessor::execute queues: 1, RefProcThreadModel::Single, marks_oops_alive: false
[185.559s][debug][gc,phases      ] GC(16) Reference Processing 0.764ms
[185.559s][debug][gc,phases      ] GC(16)   VM Weak                        Min:  0.0, Avg:  0.0, Max:  0.0, Diff:  0.0, Sum:  0.0, Workers: 4
[185.559s][debug][gc,phases      ] GC(16)     Dead                           Min: 0, Avg:  0.0, Max: 0, Diff: 0, Sum: 0, Workers: 4
[185.559s][debug][gc,phases      ] GC(16)     Total                          Min: 0, Avg: 163.5, Max: 384, Diff: 384, Sum: 654, Workers: 4
[185.559s][debug][gc,phases      ] GC(16)   ObjectSynchronizer Weak        Min:  0.0, Avg:  0.0, Max:  0.0, Diff:  0.0, Sum:  0.0, Workers: 4
[185.559s][debug][gc,phases      ] GC(16)     Dead                           Min: 0, Avg:  0.0, Max: 0, Diff: 0, Sum: 0, Workers: 4
[185.559s][debug][gc,phases      ] GC(16)     Total                          Min: 0, Avg:  7.2, Max: 29, Diff: 29, Sum: 29, Workers: 4
[185.559s][debug][gc,phases      ] GC(16)   JVMTI Tag Weak OopStorage      Min:  0.0, Avg:  0.0, Max:  0.0, Diff:  0.0, Sum:  0.0, Workers: 4
[185.559s][debug][gc,phases      ] GC(16)     Dead                           Min: 0, Avg:  0.0, Max: 0, Diff: 0, Sum: 0, Workers: 4
[185.559s][debug][gc,phases      ] GC(16)     Total                          Min: 0, Avg:  0.0, Max: 0, Diff: 0, Sum: 0, Workers: 4
[185.559s][debug][gc,phases      ] GC(16)   StringTable Weak               Min:  0.0, Avg:  0.3, Max:  0.3, Diff:  0.3, Sum:  1.0, Workers: 4
[185.559s][debug][gc,phases      ] GC(16)     Dead                           Min: 0, Avg:  0.0, Max: 0, Diff: 0, Sum: 0, Workers: 4
[185.559s][debug][gc,phases      ] GC(16)     Total                          Min: 0, Avg: 10495.0, Max: 17152, Diff: 17152, Sum: 41980, Workers: 4
[185.559s][debug][gc,phases      ] GC(16)   ResolvedMethodTable Weak       Min:  0.0, Avg:  0.1, Max:  0.1, Diff:  0.1, Sum:  0.2, Workers: 4
[185.559s][debug][gc,phases      ] GC(16)     Dead                           Min: 0, Avg:  0.0, Max: 0, Diff: 0, Sum: 0, Workers: 4
[185.559s][debug][gc,phases      ] GC(16)     Total                          Min: 0, Avg: 2028.5, Max: 3443, Diff: 3443, Sum: 8114, Workers: 4
[185.559s][debug][gc,phases      ] GC(16)   JNI Weak                       Min:  0.0, Avg:  0.0, Max:  0.0, Diff:  0.0, Sum:  0.0, Workers: 4
[185.559s][debug][gc,phases      ] GC(16)     Dead                           Min: 0, Avg:  0.0, Max: 0, Diff: 0, Sum: 0, Workers: 4
[185.559s][debug][gc,phases      ] GC(16)     Total                          Min: 0, Avg: 11.2, Max: 45, Diff: 45, Sum: 45, Workers: 4
[185.559s][debug][gc,phases      ] GC(16)   StringDedup Table Weak         Min:  0.0, Avg:  0.0, Max:  0.0, Diff:  0.0, Sum:  0.0, Workers: 4
[185.559s][debug][gc,phases      ] GC(16)     Dead                           Min: 0, Avg:  0.0, Max: 0, Diff: 0, Sum: 0, Workers: 4
[185.559s][debug][gc,phases      ] GC(16)     Total                          Min: 0, Avg:  0.0, Max: 0, Diff: 0, Sum: 0, Workers: 4
[185.559s][debug][gc,phases      ] GC(16)   StringDedup Requests0 Weak     Min:  0.0, Avg:  0.0, Max:  0.0, Diff:  0.0, Sum:  0.0, Workers: 4
[185.559s][debug][gc,phases      ] GC(16)     Dead                           Min: 0, Avg:  0.0, Max: 0, Diff: 0, Sum: 0, Workers: 4
[185.559s][debug][gc,phases      ] GC(16)     Total                          Min: 0, Avg:  0.0, Max: 0, Diff: 0, Sum: 0, Workers: 4
[185.559s][debug][gc,phases      ] GC(16)   StringDedup Requests1 Weak     Min:  0.0, Avg:  0.0, Max:  0.0, Diff:  0.0, Sum:  0.0, Workers: 4
[185.559s][debug][gc,phases      ] GC(16)     Dead                           Min: 0, Avg:  0.0, Max: 0, Diff: 0, Sum: 0, Workers: 4
[185.559s][debug][gc,phases      ] GC(16)     Total                          Min: 0, Avg:  0.0, Max: 0, Diff: 0, Sum: 0, Workers: 4
[185.559s][debug][gc,phases      ] GC(16)   Weak JFR Old Object Samples    Min:  0.0, Avg:  0.0, Max:  0.0, Diff:  0.0, Sum:  0.0, Workers: 4
[185.559s][debug][gc,phases      ] GC(16)     Dead                           Min: 0, Avg:  0.0, Max: 0, Diff: 0, Sum: 0, Workers: 4
[185.559s][debug][gc,phases      ] GC(16)     Total                          Min: 0, Avg:  0.0, Max: 0, Diff: 0, Sum: 0, Workers: 4
[185.559s][debug][gc,phases      ] GC(16) Weak Processing 0.587ms
[185.559s][debug][gc,age         ] GC(16) Desired survivor size 320339968 bytes, new threshold 15 (max threshold 15)
[185.559s][info ][gc,heap        ] GC(16) PSYoungGen: 1650562K(1774592K)->208781K(1764352K) Eden: 1441792K(1441792K)->0K(1441792K) From: 208770K(332800K)->208781K(322560K)
[185.559s][info ][gc,heap        ] GC(16) ParOldGen: 12275K(30208K)->12283K(30208K)
[185.559s][info ][gc,metaspace   ] GC(16) Metaspace: 75569K(76416K)->75569K(76416K) NonClass: 64730K(65152K)->64730K(65152K) Class: 10838K(11264K)->10838K(11264K)
[185.559s][info ][gc             ] GC(16) Pause Young (Allocation Failure) 1623M->215M(1752M) 76.502ms
[185.559s][info ][gc,cpu         ] GC(16) User=0.27s Sys=0.00s Real=0.08s
[185.559s][info ][safepoint      ] Safepoint "ParallelGCFailedAllocation", Time since last: 18924780980 ns, Reaching safepoint: 44000 ns, At safepoint: 76567667 ns, Total: 76611667 ns
[205.561s][info ][safepoint      ] Safepoint "Cleanup", Time since last: 20001225151 ns, Reaching safepoint: 42200 ns, At safepoint: 5600 ns, Total: 47800 ns
[208.561s][info ][safepoint      ] Safepoint "Cleanup", Time since last: 3000203472 ns, Reaching safepoint: 38701 ns, At safepoint: 2100 ns, Total: 40801 ns
[209.561s][info ][safepoint      ] Safepoint "Cleanup", Time since last: 1000102324 ns, Reaching safepoint: 42100 ns, At safepoint: 2800 ns, Total: 44900 ns
[209.831s][info ][gc,start       ] GC(17) Pause Young (Allocation Failure)
[209.905s][debug][gc,phases      ] GC(17) Scavenge 73.038ms
[209.905s][debug][gc,ref         ] GC(17) Skipped phase 1 of Reference Processing: no references
[209.905s][debug][gc,ref         ] GC(17) ReferenceProcessor::execute queues: 4, RefProcThreadModel::Multi, marks_oops_alive: false
[209.905s][debug][gc,ref         ] GC(17) Skipped phase 3 of Reference Processing: no references
[209.905s][debug][gc,ref         ] GC(17) ReferenceProcessor::execute queues: 1, RefProcThreadModel::Single, marks_oops_alive: false
[209.905s][debug][gc,phases      ] GC(17) Reference Processing 0.724ms
[209.906s][debug][gc,phases      ] GC(17)   VM Weak                        Min:  0.0, Avg:  0.0, Max:  0.0, Diff:  0.0, Sum:  0.0, Workers: 4
[209.906s][debug][gc,phases      ] GC(17)     Dead                           Min: 0, Avg:  0.0, Max: 0, Diff: 0, Sum: 0, Workers: 4
[209.906s][debug][gc,phases      ] GC(17)     Total                          Min: 0, Avg: 163.5, Max: 654, Diff: 654, Sum: 654, Workers: 4
[209.906s][debug][gc,phases      ] GC(17)   ObjectSynchronizer Weak        Min:  0.0, Avg:  0.0, Max:  0.0, Diff:  0.0, Sum:  0.0, Workers: 4
[209.906s][debug][gc,phases      ] GC(17)     Dead                           Min: 0, Avg:  0.0, Max: 0, Diff: 0, Sum: 0, Workers: 4
[209.906s][debug][gc,phases      ] GC(17)     Total                          Min: 0, Avg:  7.2, Max: 29, Diff: 29, Sum: 29, Workers: 4
[209.906s][debug][gc,phases      ] GC(17)   JVMTI Tag Weak OopStorage      Min:  0.0, Avg:  0.0, Max:  0.0, Diff:  0.0, Sum:  0.0, Workers: 4
[209.906s][debug][gc,phases      ] GC(17)     Dead                           Min: 0, Avg:  0.0, Max: 0, Diff: 0, Sum: 0, Workers: 4
[209.906s][debug][gc,phases      ] GC(17)     Total                          Min: 0, Avg:  0.0, Max: 0, Diff: 0, Sum: 0, Workers: 4
[209.906s][debug][gc,phases      ] GC(17)   StringTable Weak               Min:  0.3, Avg:  0.3, Max:  0.3, Diff:  0.0, Sum:  1.3, Workers: 4
[209.906s][debug][gc,phases      ] GC(17)     Dead                           Min: 0, Avg:  0.0, Max: 0, Diff: 0, Sum: 0, Workers: 4
[209.906s][debug][gc,phases      ] GC(17)     Total                          Min: 6912, Avg: 10495.0, Max: 14208, Diff: 7296, Sum: 41980, Workers: 4
[209.906s][debug][gc,phases      ] GC(17)   ResolvedMethodTable Weak       Min:  0.1, Avg:  0.1, Max:  0.1, Diff:  0.0, Sum:  0.3, Workers: 4
[209.906s][debug][gc,phases      ] GC(17)     Dead                           Min: 0, Avg:  0.0, Max: 0, Diff: 0, Sum: 0, Workers: 4
[209.906s][debug][gc,phases      ] GC(17)     Total                          Min: 1472, Avg: 2028.5, Max: 2304, Diff: 832, Sum: 8114, Workers: 4
[209.906s][debug][gc,phases      ] GC(17)   JNI Weak                       Min:  0.0, Avg:  0.0, Max:  0.0, Diff:  0.0, Sum:  0.0, Workers: 4
[209.906s][debug][gc,phases      ] GC(17)     Dead                           Min: 0, Avg:  0.0, Max: 0, Diff: 0, Sum: 0, Workers: 4
[209.906s][debug][gc,phases      ] GC(17)     Total                          Min: 0, Avg: 11.2, Max: 45, Diff: 45, Sum: 45, Workers: 4
[209.906s][debug][gc,phases      ] GC(17)   StringDedup Table Weak         Min:  0.0, Avg:  0.0, Max:  0.0, Diff:  0.0, Sum:  0.0, Workers: 4
[209.906s][debug][gc,phases      ] GC(17)     Dead                           Min: 0, Avg:  0.0, Max: 0, Diff: 0, Sum: 0, Workers: 4
[209.906s][debug][gc,phases      ] GC(17)     Total                          Min: 0, Avg:  0.0, Max: 0, Diff: 0, Sum: 0, Workers: 4
[209.906s][debug][gc,phases      ] GC(17)   StringDedup Requests0 Weak     Min:  0.0, Avg:  0.0, Max:  0.0, Diff:  0.0, Sum:  0.0, Workers: 4
[209.906s][debug][gc,phases      ] GC(17)     Dead                           Min: 0, Avg:  0.0, Max: 0, Diff: 0, Sum: 0, Workers: 4
[209.906s][debug][gc,phases      ] GC(17)     Total                          Min: 0, Avg:  0.0, Max: 0, Diff: 0, Sum: 0, Workers: 4
[209.906s][debug][gc,phases      ] GC(17)   StringDedup Requests1 Weak     Min:  0.0, Avg:  0.0, Max:  0.0, Diff:  0.0, Sum:  0.0, Workers: 4
[209.906s][debug][gc,phases      ] GC(17)     Dead                           Min: 0, Avg:  0.0, Max: 0, Diff: 0, Sum: 0, Workers: 4
[209.906s][debug][gc,phases      ] GC(17)     Total                          Min: 0, Avg:  0.0, Max: 0, Diff: 0, Sum: 0, Workers: 4
[209.906s][debug][gc,phases      ] GC(17)   Weak JFR Old Object Samples    Min:  0.0, Avg:  0.0, Max:  0.0, Diff:  0.0, Sum:  0.0, Workers: 4
[209.906s][debug][gc,phases      ] GC(17)     Dead                           Min: 0, Avg:  0.0, Max: 0, Diff: 0, Sum: 0, Workers: 4
[209.906s][debug][gc,phases      ] GC(17)     Total                          Min: 0, Avg:  0.0, Max: 0, Diff: 0, Sum: 0, Workers: 4
[209.906s][debug][gc,phases      ] GC(17) Weak Processing 0.585ms
[209.906s][debug][gc,age         ] GC(17) Desired survivor size 311427072 bytes, new threshold 15 (max threshold 15)
[209.906s][info ][gc,heap        ] GC(17) PSYoungGen: 1650573K(1764352K)->208799K(1793024K) Eden: 1441792K(1441792K)->0K(1480192K) From: 208781K(322560K)->208799K(312832K)
[209.906s][info ][gc,heap        ] GC(17) ParOldGen: 12283K(30208K)->12291K(30208K)
[209.906s][info ][gc,metaspace   ] GC(17) Metaspace: 75591K(76480K)->75591K(76480K) NonClass: 64752K(65216K)->64752K(65216K) Class: 10838K(11264K)->10838K(11264K)
[209.906s][info ][gc             ] GC(17) Pause Young (Allocation Failure) 1623M->215M(1780M) 74.466ms
[209.906s][info ][gc,cpu         ] GC(17) User=0.27s Sys=0.00s Real=0.07s
[209.906s][info ][safepoint      ] Safepoint "ParallelGCFailedAllocation", Time since last: 270335826 ns, Reaching safepoint: 28300 ns, At safepoint: 74531655 ns, Total: 74559955 ns
[214.906s][info ][safepoint      ] Safepoint "Cleanup", Time since last: 5000341920 ns, Reaching safepoint: 58901 ns, At safepoint: 5600 ns, Total: 64501 ns
[218.907s][info ][safepoint      ] Safepoint "Cleanup", Time since last: 4000241467 ns, Reaching safepoint: 46200 ns, At safepoint: 2500 ns, Total: 48700 ns
[219.907s][info ][safepoint      ] Safepoint "Cleanup", Time since last: 1000088867 ns, Reaching safepoint: 39901 ns, At safepoint: 2600 ns, Total: 42501 ns
[223.907s][info ][safepoint      ] Safepoint "Cleanup", Time since last: 4000304483 ns, Reaching safepoint: 48300 ns, At safepoint: 2500 ns, Total: 50800 ns
[232.908s][info ][safepoint      ] Safepoint "Cleanup", Time since last: 9000609682 ns, Reaching safepoint: 49600 ns, At safepoint: 4700 ns, Total: 54300 ns
[234.482s][info ][gc,start       ] GC(18) Pause Young (Allocation Failure)
[234.554s][debug][gc,phases      ] GC(18) Scavenge 72.270ms
[234.554s][debug][gc,ref         ] GC(18) Skipped phase 1 of Reference Processing: no references
[234.554s][debug][gc,ref         ] GC(18) ReferenceProcessor::execute queues: 4, RefProcThreadModel::Multi, marks_oops_alive: false
[234.555s][debug][gc,ref         ] GC(18) Skipped phase 3 of Reference Processing: no references
[234.555s][debug][gc,ref         ] GC(18) ReferenceProcessor::execute queues: 1, RefProcThreadModel::Single, marks_oops_alive: false
[234.555s][debug][gc,phases      ] GC(18) Reference Processing 0.820ms
[234.556s][debug][gc,phases      ] GC(18)   VM Weak                        Min:  0.0, Avg:  0.0, Max:  0.0, Diff:  0.0, Sum:  0.0, Workers: 4
[234.556s][debug][gc,phases      ] GC(18)     Dead                           Min: 0, Avg:  0.0, Max: 0, Diff: 0, Sum: 0, Workers: 4
[234.556s][debug][gc,phases      ] GC(18)     Total                          Min: 64, Avg: 163.5, Max: 270, Diff: 206, Sum: 654, Workers: 4
[234.556s][debug][gc,phases      ] GC(18)   ObjectSynchronizer Weak        Min:  0.0, Avg:  0.0, Max:  0.0, Diff:  0.0, Sum:  0.0, Workers: 4
[234.556s][debug][gc,phases      ] GC(18)     Dead                           Min: 0, Avg:  0.0, Max: 0, Diff: 0, Sum: 0, Workers: 4
[234.556s][debug][gc,phases      ] GC(18)     Total                          Min: 0, Avg:  7.2, Max: 29, Diff: 29, Sum: 29, Workers: 4
[234.556s][debug][gc,phases      ] GC(18)   JVMTI Tag Weak OopStorage      Min:  0.0, Avg:  0.0, Max:  0.0, Diff:  0.0, Sum:  0.0, Workers: 4
[234.556s][debug][gc,phases      ] GC(18)     Dead                           Min: 0, Avg:  0.0, Max: 0, Diff: 0, Sum: 0, Workers: 4
[234.556s][debug][gc,phases      ] GC(18)     Total                          Min: 0, Avg:  0.0, Max: 0, Diff: 0, Sum: 0, Workers: 4
[234.556s][debug][gc,phases      ] GC(18)   StringTable Weak               Min:  0.3, Avg:  0.3, Max:  0.3, Diff:  0.0, Sum:  1.3, Workers: 4
[234.556s][debug][gc,phases      ] GC(18)     Dead                           Min: 0, Avg:  0.0, Max: 0, Diff: 0, Sum: 0, Workers: 4
[234.556s][debug][gc,phases      ] GC(18)     Total                          Min: 7744, Avg: 10495.8, Max: 11456, Diff: 3712, Sum: 41983, Workers: 4
[234.556s][debug][gc,phases      ] GC(18)   ResolvedMethodTable Weak       Min:  0.1, Avg:  0.1, Max:  0.1, Diff:  0.0, Sum:  0.3, Workers: 4
[234.556s][debug][gc,phases      ] GC(18)     Dead                           Min: 0, Avg:  0.0, Max: 0, Diff: 0, Sum: 0, Workers: 4
[234.556s][debug][gc,phases      ] GC(18)     Total                          Min: 1920, Avg: 2028.5, Max: 2303, Diff: 383, Sum: 8114, Workers: 4
[234.556s][debug][gc,phases      ] GC(18)   JNI Weak                       Min:  0.0, Avg:  0.0, Max:  0.0, Diff:  0.0, Sum:  0.0, Workers: 4
[234.556s][debug][gc,phases      ] GC(18)     Dead                           Min: 0, Avg:  0.0, Max: 0, Diff: 0, Sum: 0, Workers: 4
[234.556s][debug][gc,phases      ] GC(18)     Total                          Min: 0, Avg: 11.2, Max: 45, Diff: 45, Sum: 45, Workers: 4
[234.556s][debug][gc,phases      ] GC(18)   StringDedup Table Weak         Min:  0.0, Avg:  0.0, Max:  0.0, Diff:  0.0, Sum:  0.0, Workers: 4
[234.556s][debug][gc,phases      ] GC(18)     Dead                           Min: 0, Avg:  0.0, Max: 0, Diff: 0, Sum: 0, Workers: 4
[234.556s][debug][gc,phases      ] GC(18)     Total                          Min: 0, Avg:  0.0, Max: 0, Diff: 0, Sum: 0, Workers: 4
[234.556s][debug][gc,phases      ] GC(18)   StringDedup Requests0 Weak     Min:  0.0, Avg:  0.0, Max:  0.0, Diff:  0.0, Sum:  0.0, Workers: 4
[234.556s][debug][gc,phases      ] GC(18)     Dead                           Min: 0, Avg:  0.0, Max: 0, Diff: 0, Sum: 0, Workers: 4
[234.556s][debug][gc,phases      ] GC(18)     Total                          Min: 0, Avg:  0.0, Max: 0, Diff: 0, Sum: 0, Workers: 4
[234.556s][debug][gc,phases      ] GC(18)   StringDedup Requests1 Weak     Min:  0.0, Avg:  0.0, Max:  0.0, Diff:  0.0, Sum:  0.0, Workers: 4
[234.556s][debug][gc,phases      ] GC(18)     Dead                           Min: 0, Avg:  0.0, Max: 0, Diff: 0, Sum: 0, Workers: 4
[234.556s][debug][gc,phases      ] GC(18)     Total                          Min: 0, Avg:  0.0, Max: 0, Diff: 0, Sum: 0, Workers: 4
[234.556s][debug][gc,phases      ] GC(18)   Weak JFR Old Object Samples    Min:  0.0, Avg:  0.0, Max:  0.0, Diff:  0.0, Sum:  0.0, Workers: 4
[234.556s][debug][gc,phases      ] GC(18)     Dead                           Min: 0, Avg:  0.0, Max: 0, Diff: 0, Sum: 0, Workers: 4
[234.556s][debug][gc,phases      ] GC(18)     Total                          Min: 0, Avg:  0.0, Max: 0, Diff: 0, Sum: 0, Workers: 4
[234.556s][debug][gc,phases      ] GC(18) Weak Processing 0.548ms
[234.556s][debug][gc,age         ] GC(18) Desired survivor size 303038464 bytes, new threshold 15 (max threshold 15)
[234.556s][info ][gc,heap        ] GC(18) PSYoungGen: 1688991K(1793024K)->208802K(1784320K) Eden: 1480192K(1480192K)->0K(1480192K) From: 208799K(312832K)->208802K(304128K)
[234.556s][info ][gc,heap        ] GC(18) ParOldGen: 12291K(30208K)->12299K(30208K)
[234.556s][info ][gc,metaspace   ] GC(18) Metaspace: 75594K(76480K)->75594K(76480K) NonClass: 64755K(65216K)->64755K(65216K) Class: 10838K(11264K)->10838K(11264K)
[234.556s][info ][gc             ] GC(18) Pause Young (Allocation Failure) 1661M->215M(1772M) 73.759ms
[234.556s][info ][gc,cpu         ] GC(18) User=0.27s Sys=0.00s Real=0.07s
[234.556s][info ][safepoint      ] Safepoint "ParallelGCFailedAllocation", Time since last: 1573944514 ns, Reaching safepoint: 91600 ns, At safepoint: 73829459 ns, Total: 73921059 ns
[241.556s][info ][safepoint      ] Safepoint "Cleanup", Time since last: 7000488514 ns, Reaching safepoint: 49801 ns, At safepoint: 3100 ns, Total: 52901 ns
[244.033s][info ][safepoint      ] Safepoint "Cleanup", Time since last: 2476529221 ns, Reaching safepoint: 96101 ns, At safepoint: 6300 ns, Total: 102401 ns
[249.033s][info ][safepoint      ] Safepoint "Cleanup", Time since last: 5000310125 ns, Reaching safepoint: 36400 ns, At safepoint: 2600 ns, Total: 39000 ns
[251.033s][info ][safepoint      ] Safepoint "Cleanup", Time since last: 2000161146 ns, Reaching safepoint: 38400 ns, At safepoint: 2500 ns, Total: 40900 ns
[254.034s][info ][safepoint      ] Safepoint "Cleanup", Time since last: 3000181837 ns, Reaching safepoint: 42801 ns, At safepoint: 2800 ns, Total: 45601 ns
[259.180s][info ][gc,start       ] GC(19) Pause Young (Allocation Failure)
[259.256s][debug][gc,phases      ] GC(19) Scavenge 75.651ms
[259.256s][debug][gc,ref         ] GC(19) Skipped phase 1 of Reference Processing: no references
[259.256s][debug][gc,ref         ] GC(19) ReferenceProcessor::execute queues: 4, RefProcThreadModel::Multi, marks_oops_alive: false
[259.256s][debug][gc,ref         ] GC(19) Skipped phase 3 of Reference Processing: no references
[259.256s][debug][gc,ref         ] GC(19) ReferenceProcessor::execute queues: 1, RefProcThreadModel::Single, marks_oops_alive: false
[259.256s][debug][gc,phases      ] GC(19) Reference Processing 0.576ms
[259.257s][debug][gc,phases      ] GC(19)   VM Weak                        Min:  0.0, Avg:  0.0, Max:  0.0, Diff:  0.0, Sum:  0.0, Workers: 4
[259.257s][debug][gc,phases      ] GC(19)     Dead                           Min: 0, Avg:  0.0, Max: 0, Diff: 0, Sum: 0, Workers: 4
[259.257s][debug][gc,phases      ] GC(19)     Total                          Min: 0, Avg: 163.5, Max: 384, Diff: 384, Sum: 654, Workers: 4
[259.257s][debug][gc,phases      ] GC(19)   ObjectSynchronizer Weak        Min:  0.0, Avg:  0.0, Max:  0.0, Diff:  0.0, Sum:  0.0, Workers: 4
[259.257s][debug][gc,phases      ] GC(19)     Dead                           Min: 0, Avg:  0.0, Max: 0, Diff: 0, Sum: 0, Workers: 4
[259.257s][debug][gc,phases      ] GC(19)     Total                          Min: 0, Avg:  7.2, Max: 29, Diff: 29, Sum: 29, Workers: 4
[259.257s][debug][gc,phases      ] GC(19)   JVMTI Tag Weak OopStorage      Min:  0.0, Avg:  0.0, Max:  0.0, Diff:  0.0, Sum:  0.0, Workers: 4
[259.257s][debug][gc,phases      ] GC(19)     Dead                           Min: 0, Avg:  0.0, Max: 0, Diff: 0, Sum: 0, Workers: 4
[259.257s][debug][gc,phases      ] GC(19)     Total                          Min: 0, Avg:  0.0, Max: 0, Diff: 0, Sum: 0, Workers: 4
[259.257s][debug][gc,phases      ] GC(19)   StringTable Weak               Min:  0.0, Avg:  0.3, Max:  0.4, Diff:  0.4, Sum:  1.0, Workers: 4
[259.257s][debug][gc,phases      ] GC(19)     Dead                           Min: 0, Avg:  0.0, Max: 0, Diff: 0, Sum: 0, Workers: 4
[259.257s][debug][gc,phases      ] GC(19)     Total                          Min: 0, Avg: 10495.8, Max: 17600, Diff: 17600, Sum: 41983, Workers: 4
[259.257s][debug][gc,phases      ] GC(19)   ResolvedMethodTable Weak       Min:  0.0, Avg:  0.1, Max:  0.1, Diff:  0.1, Sum:  0.2, Workers: 4
[259.257s][debug][gc,phases      ] GC(19)     Dead                           Min: 0, Avg:  0.0, Max: 0, Diff: 0, Sum: 0, Workers: 4
[259.257s][debug][gc,phases      ] GC(19)     Total                          Min: 0, Avg: 2028.5, Max: 3646, Diff: 3646, Sum: 8114, Workers: 4
[259.257s][debug][gc,phases      ] GC(19)   JNI Weak                       Min:  0.0, Avg:  0.0, Max:  0.0, Diff:  0.0, Sum:  0.0, Workers: 4
[259.257s][debug][gc,phases      ] GC(19)     Dead                           Min: 0, Avg:  0.0, Max: 0, Diff: 0, Sum: 0, Workers: 4
[259.257s][debug][gc,phases      ] GC(19)     Total                          Min: 0, Avg: 11.2, Max: 45, Diff: 45, Sum: 45, Workers: 4
[259.257s][debug][gc,phases      ] GC(19)   StringDedup Table Weak         Min:  0.0, Avg:  0.0, Max:  0.0, Diff:  0.0, Sum:  0.0, Workers: 4
[259.257s][debug][gc,phases      ] GC(19)     Dead                           Min: 0, Avg:  0.0, Max: 0, Diff: 0, Sum: 0, Workers: 4
[259.257s][debug][gc,phases      ] GC(19)     Total                          Min: 0, Avg:  0.0, Max: 0, Diff: 0, Sum: 0, Workers: 4
[259.257s][debug][gc,phases      ] GC(19)   StringDedup Requests0 Weak     Min:  0.0, Avg:  0.0, Max:  0.0, Diff:  0.0, Sum:  0.0, Workers: 4
[259.257s][debug][gc,phases      ] GC(19)     Dead                           Min: 0, Avg:  0.0, Max: 0, Diff: 0, Sum: 0, Workers: 4
[259.257s][debug][gc,phases      ] GC(19)     Total                          Min: 0, Avg:  0.0, Max: 0, Diff: 0, Sum: 0, Workers: 4
[259.257s][debug][gc,phases      ] GC(19)   StringDedup Requests1 Weak     Min:  0.0, Avg:  0.0, Max:  0.0, Diff:  0.0, Sum:  0.0, Workers: 4
[259.257s][debug][gc,phases      ] GC(19)     Dead                           Min: 0, Avg:  0.0, Max: 0, Diff: 0, Sum: 0, Workers: 4
[259.257s][debug][gc,phases      ] GC(19)     Total                          Min: 0, Avg:  0.0, Max: 0, Diff: 0, Sum: 0, Workers: 4
[259.257s][debug][gc,phases      ] GC(19)   Weak JFR Old Object Samples    Min:  0.0, Avg:  0.0, Max:  0.0, Diff:  0.0, Sum:  0.0, Workers: 4
[259.257s][debug][gc,phases      ] GC(19)     Dead                           Min: 0, Avg:  0.0, Max: 0, Diff: 0, Sum: 0, Workers: 4
[259.257s][debug][gc,phases      ] GC(19)     Total                          Min: 0, Avg:  0.0, Max: 0, Diff: 0, Sum: 0, Workers: 4
[259.257s][debug][gc,phases      ] GC(19) Weak Processing 0.591ms
[259.257s][debug][gc,age         ] GC(19) Desired survivor size 297271296 bytes, new threshold 15 (max threshold 15)
[259.257s][info ][gc,heap        ] GC(19) PSYoungGen: 1688994K(1784320K)->183770K(1806848K) Eden: 1480192K(1480192K)->0K(1510912K) From: 208802K(304128K)->183770K(295936K)
[259.257s][info ][gc,heap        ] GC(19) ParOldGen: 12299K(30208K)->37394K(37888K)
[259.257s][info ][gc,metaspace   ] GC(19) Metaspace: 75594K(76480K)->75594K(76480K) NonClass: 64755K(65216K)->64755K(65216K) Class: 10838K(11264K)->10838K(11264K)
[259.257s][info ][gc             ] GC(19) Pause Young (Allocation Failure) 1661M->215M(1801M) 76.940ms
[259.257s][info ][gc,cpu         ] GC(19) User=0.25s Sys=0.01s Real=0.08s
[259.257s][debug][gc,phases      ] GC(20) Pre Compact 0.008ms
[259.257s][info ][gc,start       ] GC(20) Pause Full (Ergonomics)
[259.257s][info ][gc,phases,start] GC(20) Marking Phase
[259.331s][debug][gc,phases      ] GC(20) Par Mark 73.771ms
[259.331s][debug][gc,ref         ] GC(20) Skipped phase 1 of Reference Processing: no references
[259.331s][debug][gc,ref         ] GC(20) ReferenceProcessor::execute queues: 4, RefProcThreadModel::Multi, marks_oops_alive: false
[259.331s][debug][gc,ref         ] GC(20) Skipped phase 3 of Reference Processing: no references
[259.331s][debug][gc,ref         ] GC(20) ReferenceProcessor::execute queues: 1, RefProcThreadModel::Single, marks_oops_alive: false
[259.331s][debug][gc,phases      ] GC(20) Reference Processing 0.478ms
[259.332s][debug][gc,phases      ] GC(20)   VM Weak                        Min:  0.0, Avg:  0.0, Max:  0.0, Diff:  0.0, Sum:  0.0, Workers: 4
[259.332s][debug][gc,phases      ] GC(20)     Dead                           Min: 0, Avg:  0.0, Max: 0, Diff: 0, Sum: 0, Workers: 4
[259.332s][debug][gc,phases      ] GC(20)     Total                          Min: 0, Avg: 163.5, Max: 334, Diff: 334, Sum: 654, Workers: 4
[259.332s][debug][gc,phases      ] GC(20)   ObjectSynchronizer Weak        Min:  0.0, Avg:  0.0, Max:  0.0, Diff:  0.0, Sum:  0.0, Workers: 4
[259.332s][debug][gc,phases      ] GC(20)     Dead                           Min: 0, Avg:  0.0, Max: 0, Diff: 0, Sum: 0, Workers: 4
[259.332s][debug][gc,phases      ] GC(20)     Total                          Min: 0, Avg:  7.2, Max: 29, Diff: 29, Sum: 29, Workers: 4
[259.332s][debug][gc,phases      ] GC(20)   JVMTI Tag Weak OopStorage      Min:  0.0, Avg:  0.0, Max:  0.0, Diff:  0.0, Sum:  0.0, Workers: 4
[259.332s][debug][gc,phases      ] GC(20)     Dead                           Min: 0, Avg:  0.0, Max: 0, Diff: 0, Sum: 0, Workers: 4
[259.332s][debug][gc,phases      ] GC(20)     Total                          Min: 0, Avg:  0.0, Max: 0, Diff: 0, Sum: 0, Workers: 4
[259.332s][debug][gc,phases      ] GC(20)   StringTable Weak               Min:  0.1, Avg:  0.1, Max:  0.1, Diff:  0.0, Sum:  0.6, Workers: 4
[259.332s][debug][gc,phases      ] GC(20)     Dead                           Min: 0, Avg:  0.0, Max: 0, Diff: 0, Sum: 0, Workers: 4
[259.332s][debug][gc,phases      ] GC(20)     Total                          Min: 9728, Avg: 10495.8, Max: 10944, Diff: 1216, Sum: 41983, Workers: 4
[259.332s][debug][gc,phases      ] GC(20)   ResolvedMethodTable Weak       Min:  0.0, Avg:  0.0, Max:  0.0, Diff:  0.0, Sum:  0.1, Workers: 4
[259.332s][debug][gc,phases      ] GC(20)     Dead                           Min: 0, Avg:  0.0, Max: 0, Diff: 0, Sum: 0, Workers: 4
[259.332s][debug][gc,phases      ] GC(20)     Total                          Min: 1856, Avg: 2028.5, Max: 2163, Diff: 307, Sum: 8114, Workers: 4
[259.332s][debug][gc,phases      ] GC(20)   JNI Weak                       Min:  0.0, Avg:  0.0, Max:  0.0, Diff:  0.0, Sum:  0.0, Workers: 4
[259.332s][debug][gc,phases      ] GC(20)     Dead                           Min: 0, Avg:  0.0, Max: 0, Diff: 0, Sum: 0, Workers: 4
[259.332s][debug][gc,phases      ] GC(20)     Total                          Min: 0, Avg: 11.2, Max: 45, Diff: 45, Sum: 45, Workers: 4
[259.332s][debug][gc,phases      ] GC(20)   StringDedup Table Weak         Min:  0.0, Avg:  0.0, Max:  0.0, Diff:  0.0, Sum:  0.0, Workers: 4
[259.332s][debug][gc,phases      ] GC(20)     Dead                           Min: 0, Avg:  0.0, Max: 0, Diff: 0, Sum: 0, Workers: 4
[259.332s][debug][gc,phases      ] GC(20)     Total                          Min: 0, Avg:  0.0, Max: 0, Diff: 0, Sum: 0, Workers: 4
[259.332s][debug][gc,phases      ] GC(20)   StringDedup Requests0 Weak     Min:  0.0, Avg:  0.0, Max:  0.0, Diff:  0.0, Sum:  0.0, Workers: 4
[259.332s][debug][gc,phases      ] GC(20)     Dead                           Min: 0, Avg:  0.0, Max: 0, Diff: 0, Sum: 0, Workers: 4
[259.332s][debug][gc,phases      ] GC(20)     Total                          Min: 0, Avg:  0.0, Max: 0, Diff: 0, Sum: 0, Workers: 4
[259.332s][debug][gc,phases      ] GC(20)   StringDedup Requests1 Weak     Min:  0.0, Avg:  0.0, Max:  0.0, Diff:  0.0, Sum:  0.0, Workers: 4
[259.332s][debug][gc,phases      ] GC(20)     Dead                           Min: 0, Avg:  0.0, Max: 0, Diff: 0, Sum: 0, Workers: 4
[259.332s][debug][gc,phases      ] GC(20)     Total                          Min: 0, Avg:  0.0, Max: 0, Diff: 0, Sum: 0, Workers: 4
[259.332s][debug][gc,phases      ] GC(20)   Weak JFR Old Object Samples    Min:  0.0, Avg:  0.0, Max:  0.0, Diff:  0.0, Sum:  0.0, Workers: 4
[259.332s][debug][gc,phases      ] GC(20)     Dead                           Min: 0, Avg:  0.0, Max: 0, Diff: 0, Sum: 0, Workers: 4
[259.332s][debug][gc,phases      ] GC(20)     Total                          Min: 0, Avg:  0.0, Max: 0, Diff: 0, Sum: 0, Workers: 4
[259.332s][debug][gc,phases      ] GC(20) Weak Processing 0.326ms
[259.332s][debug][gc,phases      ] GC(20) ClassLoaderData 0.076ms
[259.332s][debug][gc,phases      ] GC(20) Trigger cleanups 0.000ms
[259.345s][debug][gc,phases      ] GC(20) Class Unloading 13.808ms
[259.346s][info ][gc,phases      ] GC(20) Marking Phase 88.536ms
[259.346s][info ][gc,phases,start] GC(20) Summary Phase
[259.346s][info ][gc,phases      ] GC(20) Summary Phase 0.008ms
[259.346s][info ][gc,phases,start] GC(20) Adjust Roots
[259.362s][info ][gc,phases      ] GC(20) Adjust Roots 16.207ms
[259.362s][info ][gc,phases,start] GC(20) Compaction Phase
[259.959s][info ][gc,phases      ] GC(20) Compaction Phase 596.958ms
[259.959s][info ][gc,phases,start] GC(20) Post Compact
[259.961s][info ][gc,phases      ] GC(20) Post Compact 2.459ms
[259.961s][info ][gc,heap        ] GC(20) PSYoungGen: 183770K(1806848K)->182215K(1806848K) Eden: 0K(1510912K)->0K(1510912K) From: 183770K(295936K)->182215K(295936K)
[259.961s][info ][gc,heap        ] GC(20) ParOldGen: 37394K(37888K)->37716K(74240K)
[259.961s][info ][gc,metaspace   ] GC(20) Metaspace: 75594K(76480K)->75594K(76480K) NonClass: 64755K(65216K)->64755K(65216K) Class: 10838K(11264K)->10838K(11264K)
[259.961s][info ][gc             ] GC(20) Pause Full (Ergonomics) 215M->214M(1837M) 704.381ms
[259.961s][info ][gc,cpu         ] GC(20) User=1.77s Sys=0.00s Real=0.70s
[259.961s][info ][safepoint      ] Safepoint "ParallelGCFailedAllocation", Time since last: 5146196735 ns, Reaching safepoint: 97001 ns, At safepoint: 781433823 ns, Total: 781530824 ns
[261.962s][info ][safepoint      ] Safepoint "Cleanup", Time since last: 2000143923 ns, Reaching safepoint: 37900 ns, At safepoint: 3300 ns, Total: 41200 ns
[270.962s][info ][safepoint      ] Safepoint "Cleanup", Time since last: 9000580094 ns, Reaching safepoint: 53300 ns, At safepoint: 10000 ns, Total: 63300 ns
[271.962s][info ][safepoint      ] Safepoint "Cleanup", Time since last: 1000111721 ns, Reaching safepoint: 51900 ns, At safepoint: 2700 ns, Total: 54600 ns
[272.963s][info ][safepoint      ] Safepoint "Cleanup", Time since last: 1000108728 ns, Reaching safepoint: 43000 ns, At safepoint: 2500 ns, Total: 45500 ns
[273.963s][info ][safepoint      ] Safepoint "Cleanup", Time since last: 1000100629 ns, Reaching safepoint: 52500 ns, At safepoint: 7300 ns, Total: 59800 ns
[282.963s][info ][safepoint      ] Safepoint "Cleanup", Time since last: 9000612366 ns, Reaching safepoint: 47200 ns, At safepoint: 2400 ns, Total: 49600 ns
[283.963s][info ][safepoint      ] Safepoint "Cleanup", Time since last: 1000075980 ns, Reaching safepoint: 48800 ns, At safepoint: 2500 ns, Total: 51300 ns
[284.333s][info ][gc,start       ] GC(21) Pause Young (Allocation Failure)
[284.412s][debug][gc,phases      ] GC(21) Scavenge 78.569ms
[284.412s][debug][gc,ref         ] GC(21) Skipped phase 1 of Reference Processing: no references
[284.412s][debug][gc,ref         ] GC(21) ReferenceProcessor::execute queues: 2, RefProcThreadModel::Multi, marks_oops_alive: false
[284.412s][debug][gc,ref         ] GC(21) Skipped phase 3 of Reference Processing: no references
[284.412s][debug][gc,ref         ] GC(21) ReferenceProcessor::execute queues: 1, RefProcThreadModel::Single, marks_oops_alive: false
[284.412s][debug][gc,phases      ] GC(21) Reference Processing 0.264ms
[284.412s][debug][gc,phases      ] GC(21)   VM Weak                        Min:  0.0, Avg:  0.0, Max:  0.0, Diff:  0.0, Sum:  0.0, Workers: 4
[284.412s][debug][gc,phases      ] GC(21)     Dead                           Min: 0, Avg:  0.0, Max: 0, Diff: 0, Sum: 0, Workers: 4
[284.412s][debug][gc,phases      ] GC(21)     Total                          Min: 0, Avg: 163.5, Max: 384, Diff: 384, Sum: 654, Workers: 4
[284.412s][debug][gc,phases      ] GC(21)   ObjectSynchronizer Weak        Min:  0.0, Avg:  0.0, Max:  0.0, Diff:  0.0, Sum:  0.0, Workers: 4
[284.412s][debug][gc,phases      ] GC(21)     Dead                           Min: 0, Avg:  0.0, Max: 0, Diff: 0, Sum: 0, Workers: 4
[284.412s][debug][gc,phases      ] GC(21)     Total                          Min: 0, Avg:  7.2, Max: 29, Diff: 29, Sum: 29, Workers: 4
[284.412s][debug][gc,phases      ] GC(21)   JVMTI Tag Weak OopStorage      Min:  0.0, Avg:  0.0, Max:  0.0, Diff:  0.0, Sum:  0.0, Workers: 4
[284.412s][debug][gc,phases      ] GC(21)     Dead                           Min: 0, Avg:  0.0, Max: 0, Diff: 0, Sum: 0, Workers: 4
[284.412s][debug][gc,phases      ] GC(21)     Total                          Min: 0, Avg:  0.0, Max: 0, Diff: 0, Sum: 0, Workers: 4
[284.412s][debug][gc,phases      ] GC(21)   StringTable Weak               Min:  0.0, Avg:  0.2, Max:  0.3, Diff:  0.3, Sum:  0.8, Workers: 4
[284.412s][debug][gc,phases      ] GC(21)     Dead                           Min: 0, Avg:  0.0, Max: 0, Diff: 0, Sum: 0, Workers: 4
[284.412s][debug][gc,phases      ] GC(21)     Total                          Min: 0, Avg: 10498.0, Max: 17920, Diff: 17920, Sum: 41992, Workers: 4
[284.412s][debug][gc,phases      ] GC(21)   ResolvedMethodTable Weak       Min:  0.0, Avg:  0.1, Max:  0.1, Diff:  0.1, Sum:  0.2, Workers: 4
[284.412s][debug][gc,phases      ] GC(21)     Dead                           Min: 0, Avg:  0.0, Max: 0, Diff: 0, Sum: 0, Workers: 4
[284.412s][debug][gc,phases      ] GC(21)     Total                          Min: 0, Avg: 2028.5, Max: 3252, Diff: 3252, Sum: 8114, Workers: 4
[284.412s][debug][gc,phases      ] GC(21)   JNI Weak                       Min:  0.0, Avg:  0.0, Max:  0.0, Diff:  0.0, Sum:  0.0, Workers: 4
[284.412s][debug][gc,phases      ] GC(21)     Dead                           Min: 0, Avg:  0.0, Max: 0, Diff: 0, Sum: 0, Workers: 4
[284.412s][debug][gc,phases      ] GC(21)     Total                          Min: 0, Avg: 11.2, Max: 45, Diff: 45, Sum: 45, Workers: 4
[284.412s][debug][gc,phases      ] GC(21)   StringDedup Table Weak         Min:  0.0, Avg:  0.0, Max:  0.0, Diff:  0.0, Sum:  0.0, Workers: 4
[284.412s][debug][gc,phases      ] GC(21)     Dead                           Min: 0, Avg:  0.0, Max: 0, Diff: 0, Sum: 0, Workers: 4
[284.412s][debug][gc,phases      ] GC(21)     Total                          Min: 0, Avg:  0.0, Max: 0, Diff: 0, Sum: 0, Workers: 4
[284.412s][debug][gc,phases      ] GC(21)   StringDedup Requests0 Weak     Min:  0.0, Avg:  0.0, Max:  0.0, Diff:  0.0, Sum:  0.0, Workers: 4
[284.412s][debug][gc,phases      ] GC(21)     Dead                           Min: 0, Avg:  0.0, Max: 0, Diff: 0, Sum: 0, Workers: 4
[284.412s][debug][gc,phases      ] GC(21)     Total                          Min: 0, Avg:  0.0, Max: 0, Diff: 0, Sum: 0, Workers: 4
[284.412s][debug][gc,phases      ] GC(21)   StringDedup Requests1 Weak     Min:  0.0, Avg:  0.0, Max:  0.0, Diff:  0.0, Sum:  0.0, Workers: 4
[284.412s][debug][gc,phases      ] GC(21)     Dead                           Min: 0, Avg:  0.0, Max: 0, Diff: 0, Sum: 0, Workers: 4
[284.412s][debug][gc,phases      ] GC(21)     Total                          Min: 0, Avg:  0.0, Max: 0, Diff: 0, Sum: 0, Workers: 4
[284.412s][debug][gc,phases      ] GC(21)   Weak JFR Old Object Samples    Min:  0.0, Avg:  0.0, Max:  0.0, Diff:  0.0, Sum:  0.0, Workers: 4
[284.412s][debug][gc,phases      ] GC(21)     Dead                           Min: 0, Avg:  0.0, Max: 0, Diff: 0, Sum: 0, Workers: 4
[284.412s][debug][gc,phases      ] GC(21)     Total                          Min: 0, Avg:  0.0, Max: 0, Diff: 0, Sum: 0, Workers: 4
[284.412s][debug][gc,phases      ] GC(21) Weak Processing 0.512ms
[284.412s][debug][gc,age         ] GC(21) Desired survivor size 300941312 bytes, new threshold 15 (max threshold 15)
[284.412s][info ][gc,heap        ] GC(21) PSYoungGen: 1693127K(1806848K)->129205K(1801216K) Eden: 1510912K(1510912K)->0K(1510912K) From: 182215K(295936K)->129205K(290304K)
[284.412s][info ][gc,heap        ] GC(21) ParOldGen: 37716K(74240K)->91970K(92160K)
[284.412s][info ][gc,metaspace   ] GC(21) Metaspace: 75608K(76480K)->75608K(76480K) NonClass: 64770K(65216K)->64770K(65216K) Class: 10838K(11264K)->10838K(11264K)
[284.412s][info ][gc             ] GC(21) Pause Young (Allocation Failure) 1690M->215M(1849M) 79.497ms
[284.412s][info ][gc,cpu         ] GC(21) User=0.28s Sys=0.00s Real=0.08s
[284.412s][debug][gc,phases      ] GC(22) Pre Compact 0.008ms
[284.412s][info ][gc,start       ] GC(22) Pause Full (Ergonomics)
[284.412s][info ][gc,phases,start] GC(22) Marking Phase
[284.488s][debug][gc,phases      ] GC(22) Par Mark 75.013ms
[284.488s][debug][gc,ref         ] GC(22) Skipped phase 1 of Reference Processing: no references
[284.488s][debug][gc,ref         ] GC(22) ReferenceProcessor::execute queues: 4, RefProcThreadModel::Multi, marks_oops_alive: false
[284.488s][debug][gc,ref         ] GC(22) Skipped phase 3 of Reference Processing: no references
[284.488s][debug][gc,ref         ] GC(22) ReferenceProcessor::execute queues: 1, RefProcThreadModel::Single, marks_oops_alive: false
[284.488s][debug][gc,phases      ] GC(22) Reference Processing 0.579ms
[284.488s][debug][gc,phases      ] GC(22)   VM Weak                        Min:  0.0, Avg:  0.0, Max:  0.0, Diff:  0.0, Sum:  0.0, Workers: 4
[284.488s][debug][gc,phases      ] GC(22)     Dead                           Min: 0, Avg:  0.0, Max: 0, Diff: 0, Sum: 0, Workers: 4
[284.488s][debug][gc,phases      ] GC(22)     Total                          Min: 64, Avg: 163.5, Max: 206, Diff: 142, Sum: 654, Workers: 4
[284.488s][debug][gc,phases      ] GC(22)   ObjectSynchronizer Weak        Min:  0.0, Avg:  0.0, Max:  0.0, Diff:  0.0, Sum:  0.0, Workers: 4
[284.488s][debug][gc,phases      ] GC(22)     Dead                           Min: 0, Avg:  0.0, Max: 0, Diff: 0, Sum: 0, Workers: 4
[284.488s][debug][gc,phases      ] GC(22)     Total                          Min: 0, Avg:  7.2, Max: 29, Diff: 29, Sum: 29, Workers: 4
[284.488s][debug][gc,phases      ] GC(22)   JVMTI Tag Weak OopStorage      Min:  0.0, Avg:  0.0, Max:  0.0, Diff:  0.0, Sum:  0.0, Workers: 4
[284.488s][debug][gc,phases      ] GC(22)     Dead                           Min: 0, Avg:  0.0, Max: 0, Diff: 0, Sum: 0, Workers: 4
[284.488s][debug][gc,phases      ] GC(22)     Total                          Min: 0, Avg:  0.0, Max: 0, Diff: 0, Sum: 0, Workers: 4
[284.488s][debug][gc,phases      ] GC(22)   StringTable Weak               Min:  0.1, Avg:  0.1, Max:  0.1, Diff:  0.0, Sum:  0.6, Workers: 4
[284.488s][debug][gc,phases      ] GC(22)     Dead                           Min: 0, Avg:  0.0, Max: 0, Diff: 0, Sum: 0, Workers: 4
[284.488s][debug][gc,phases      ] GC(22)     Total                          Min: 10112, Avg: 10498.0, Max: 10760, Diff: 648, Sum: 41992, Workers: 4
[284.488s][debug][gc,phases      ] GC(22)   ResolvedMethodTable Weak       Min:  0.0, Avg:  0.0, Max:  0.0, Diff:  0.0, Sum:  0.1, Workers: 4
[284.488s][debug][gc,phases      ] GC(22)     Dead                           Min: 0, Avg:  0.0, Max: 0, Diff: 0, Sum: 0, Workers: 4
[284.488s][debug][gc,phases      ] GC(22)     Total                          Min: 1792, Avg: 2028.5, Max: 2239, Diff: 447, Sum: 8114, Workers: 4
[284.489s][debug][gc,phases      ] GC(22)   JNI Weak                       Min:  0.0, Avg:  0.0, Max:  0.0, Diff:  0.0, Sum:  0.0, Workers: 4
[284.489s][debug][gc,phases      ] GC(22)     Dead                           Min: 0, Avg:  0.0, Max: 0, Diff: 0, Sum: 0, Workers: 4
[284.489s][debug][gc,phases      ] GC(22)     Total                          Min: 0, Avg: 11.2, Max: 45, Diff: 45, Sum: 45, Workers: 4
[284.489s][debug][gc,phases      ] GC(22)   StringDedup Table Weak         Min:  0.0, Avg:  0.0, Max:  0.0, Diff:  0.0, Sum:  0.0, Workers: 4
[284.489s][debug][gc,phases      ] GC(22)     Dead                           Min: 0, Avg:  0.0, Max: 0, Diff: 0, Sum: 0, Workers: 4
[284.489s][debug][gc,phases      ] GC(22)     Total                          Min: 0, Avg:  0.0, Max: 0, Diff: 0, Sum: 0, Workers: 4
[284.489s][debug][gc,phases      ] GC(22)   StringDedup Requests0 Weak     Min:  0.0, Avg:  0.0, Max:  0.0, Diff:  0.0, Sum:  0.0, Workers: 4
[284.489s][debug][gc,phases      ] GC(22)     Dead                           Min: 0, Avg:  0.0, Max: 0, Diff: 0, Sum: 0, Workers: 4
[284.489s][debug][gc,phases      ] GC(22)     Total                          Min: 0, Avg:  0.0, Max: 0, Diff: 0, Sum: 0, Workers: 4
[284.489s][debug][gc,phases      ] GC(22)   StringDedup Requests1 Weak     Min:  0.0, Avg:  0.0, Max:  0.0, Diff:  0.0, Sum:  0.0, Workers: 4
[284.489s][debug][gc,phases      ] GC(22)     Dead                           Min: 0, Avg:  0.0, Max: 0, Diff: 0, Sum: 0, Workers: 4
[284.489s][debug][gc,phases      ] GC(22)     Total                          Min: 0, Avg:  0.0, Max: 0, Diff: 0, Sum: 0, Workers: 4
[284.489s][debug][gc,phases      ] GC(22)   Weak JFR Old Object Samples    Min:  0.0, Avg:  0.0, Max:  0.0, Diff:  0.0, Sum:  0.0, Workers: 4
[284.489s][debug][gc,phases      ] GC(22)     Dead                           Min: 0, Avg:  0.0, Max: 0, Diff: 0, Sum: 0, Workers: 4
[284.489s][debug][gc,phases      ] GC(22)     Total                          Min: 0, Avg:  0.0, Max: 0, Diff: 0, Sum: 0, Workers: 4
[284.489s][debug][gc,phases      ] GC(22) Weak Processing 0.358ms
[284.489s][debug][gc,phases      ] GC(22) ClassLoaderData 0.074ms
[284.489s][debug][gc,phases      ] GC(22) Trigger cleanups 0.000ms
[284.507s][debug][gc,phases      ] GC(22) Class Unloading 18.382ms
[284.507s][info ][gc,phases      ] GC(22) Marking Phase 94.500ms
[284.507s][info ][gc,phases,start] GC(22) Summary Phase
[284.507s][info ][gc,phases      ] GC(22) Summary Phase 0.008ms
[284.507s][info ][gc,phases,start] GC(22) Adjust Roots
[284.522s][info ][gc,phases      ] GC(22) Adjust Roots 15.189ms
[284.522s][info ][gc,phases,start] GC(22) Compaction Phase
[284.855s][info ][gc,phases      ] GC(22) Compaction Phase 333.113ms
[284.855s][info ][gc,phases,start] GC(22) Post Compact
[284.857s][info ][gc,phases      ] GC(22) Post Compact 1.796ms
[284.857s][info ][gc,heap        ] GC(22) PSYoungGen: 129205K(1801216K)->128240K(1801216K) Eden: 0K(1510912K)->0K(1510912K) From: 129205K(290304K)->128240K(290304K)
[284.857s][info ][gc,heap        ] GC(22) ParOldGen: 91970K(92160K)->91688K(161280K)
[284.857s][info ][gc,metaspace   ] GC(22) Metaspace: 75608K(76480K)->75608K(76480K) NonClass: 64770K(65216K)->64770K(65216K) Class: 10838K(11264K)->10838K(11264K)
[284.857s][info ][gc             ] GC(22) Pause Full (Ergonomics) 215M->214M(1916M) 444.839ms
[284.857s][info ][gc,cpu         ] GC(22) User=1.19s Sys=0.01s Real=0.45s
[284.857s][info ][safepoint      ] Safepoint "ParallelGCFailedAllocation", Time since last: 369325349 ns, Reaching safepoint: 109500 ns, At safepoint: 524577081 ns, Total: 524686581 ns
[285.858s][info ][safepoint      ] Safepoint "Cleanup", Time since last: 1000084313 ns, Reaching safepoint: 36500 ns, At safepoint: 2500 ns, Total: 39000 ns
[290.858s][info ][safepoint      ] Safepoint "Cleanup", Time since last: 5000367566 ns, Reaching safepoint: 40000 ns, At safepoint: 2800 ns, Total: 42800 ns
[291.858s][info ][safepoint      ] Safepoint "Cleanup", Time since last: 1000098313 ns, Reaching safepoint: 32200 ns, At safepoint: 2600 ns, Total: 34800 ns
[298.859s][info ][safepoint      ] Safepoint "Cleanup", Time since last: 7000498120 ns, Reaching safepoint: 42900 ns, At safepoint: 19000 ns, Total: 61900 ns
[309.482s][info ][gc,start       ] GC(23) Pause Young (Allocation Failure)
[309.537s][debug][gc,phases      ] GC(23) Scavenge 55.113ms
[309.537s][debug][gc,ref         ] GC(23) Skipped phase 1 of Reference Processing: no references
[309.537s][debug][gc,ref         ] GC(23) ReferenceProcessor::execute queues: 1, RefProcThreadModel::Single, marks_oops_alive: false
[309.537s][debug][gc,ref         ] GC(23) Skipped phase 3 of Reference Processing: no references
[309.537s][debug][gc,ref         ] GC(23) ReferenceProcessor::execute queues: 1, RefProcThreadModel::Single, marks_oops_alive: false
[309.537s][debug][gc,phases      ] GC(23) Reference Processing 0.153ms
[309.538s][debug][gc,phases      ] GC(23)   VM Weak                        Min:  0.0, Avg:  0.0, Max:  0.0, Diff:  0.0, Sum:  0.0, Workers: 4
[309.538s][debug][gc,phases      ] GC(23)     Dead                           Min: 0, Avg:  0.0, Max: 0, Diff: 0, Sum: 0, Workers: 4
[309.538s][debug][gc,phases      ] GC(23)     Total                          Min: 0, Avg: 163.5, Max: 334, Diff: 334, Sum: 654, Workers: 4
[309.538s][debug][gc,phases      ] GC(23)   ObjectSynchronizer Weak        Min:  0.0, Avg:  0.0, Max:  0.0, Diff:  0.0, Sum:  0.0, Workers: 4
[309.538s][debug][gc,phases      ] GC(23)     Dead                           Min: 0, Avg:  0.0, Max: 0, Diff: 0, Sum: 0, Workers: 4
[309.538s][debug][gc,phases      ] GC(23)     Total                          Min: 0, Avg:  7.2, Max: 29, Diff: 29, Sum: 29, Workers: 4
[309.538s][debug][gc,phases      ] GC(23)   JVMTI Tag Weak OopStorage      Min:  0.0, Avg:  0.0, Max:  0.0, Diff:  0.0, Sum:  0.0, Workers: 4
[309.538s][debug][gc,phases      ] GC(23)     Dead                           Min: 0, Avg:  0.0, Max: 0, Diff: 0, Sum: 0, Workers: 4
[309.538s][debug][gc,phases      ] GC(23)     Total                          Min: 0, Avg:  0.0, Max: 0, Diff: 0, Sum: 0, Workers: 4
[309.538s][debug][gc,phases      ] GC(23)   StringTable Weak               Min:  0.0, Avg:  0.2, Max:  0.2, Diff:  0.2, Sum:  0.6, Workers: 4
[309.538s][debug][gc,phases      ] GC(23)     Dead                           Min: 0, Avg:  0.0, Max: 0, Diff: 0, Sum: 0, Workers: 4
[309.538s][debug][gc,phases      ] GC(23)     Total                          Min: 0, Avg: 10498.5, Max: 18304, Diff: 18304, Sum: 41994, Workers: 4
[309.538s][debug][gc,phases      ] GC(23)   ResolvedMethodTable Weak       Min:  0.0, Avg:  0.0, Max:  0.1, Diff:  0.1, Sum:  0.2, Workers: 4
[309.538s][debug][gc,phases      ] GC(23)     Dead                           Min: 0, Avg:  0.0, Max: 0, Diff: 0, Sum: 0, Workers: 4
[309.538s][debug][gc,phases      ] GC(23)     Total                          Min: 0, Avg: 2028.5, Max: 3070, Diff: 3070, Sum: 8114, Workers: 4
[309.538s][debug][gc,phases      ] GC(23)   JNI Weak                       Min:  0.0, Avg:  0.0, Max:  0.0, Diff:  0.0, Sum:  0.0, Workers: 4
[309.538s][debug][gc,phases      ] GC(23)     Dead                           Min: 0, Avg:  0.0, Max: 0, Diff: 0, Sum: 0, Workers: 4
[309.538s][debug][gc,phases      ] GC(23)     Total                          Min: 0, Avg: 11.2, Max: 45, Diff: 45, Sum: 45, Workers: 4
[309.538s][debug][gc,phases      ] GC(23)   StringDedup Table Weak         Min:  0.0, Avg:  0.0, Max:  0.0, Diff:  0.0, Sum:  0.0, Workers: 4
[309.538s][debug][gc,phases      ] GC(23)     Dead                           Min: 0, Avg:  0.0, Max: 0, Diff: 0, Sum: 0, Workers: 4
[309.538s][debug][gc,phases      ] GC(23)     Total                          Min: 0, Avg:  0.0, Max: 0, Diff: 0, Sum: 0, Workers: 4
[309.538s][debug][gc,phases      ] GC(23)   StringDedup Requests0 Weak     Min:  0.0, Avg:  0.0, Max:  0.0, Diff:  0.0, Sum:  0.0, Workers: 4
[309.538s][debug][gc,phases      ] GC(23)     Dead                           Min: 0, Avg:  0.0, Max: 0, Diff: 0, Sum: 0, Workers: 4
[309.538s][debug][gc,phases      ] GC(23)     Total                          Min: 0, Avg:  0.0, Max: 0, Diff: 0, Sum: 0, Workers: 4
[309.538s][debug][gc,phases      ] GC(23)   StringDedup Requests1 Weak     Min:  0.0, Avg:  0.0, Max:  0.0, Diff:  0.0, Sum:  0.0, Workers: 4
[309.538s][debug][gc,phases      ] GC(23)     Dead                           Min: 0, Avg:  0.0, Max: 0, Diff: 0, Sum: 0, Workers: 4
[309.538s][debug][gc,phases      ] GC(23)     Total                          Min: 0, Avg:  0.0, Max: 0, Diff: 0, Sum: 0, Workers: 4
[309.538s][debug][gc,phases      ] GC(23)   Weak JFR Old Object Samples    Min:  0.0, Avg:  0.0, Max:  0.0, Diff:  0.0, Sum:  0.0, Workers: 4
[309.538s][debug][gc,phases      ] GC(23)     Dead                           Min: 0, Avg:  0.0, Max: 0, Diff: 0, Sum: 0, Workers: 4
[309.538s][debug][gc,phases      ] GC(23)     Total                          Min: 0, Avg:  0.0, Max: 0, Diff: 0, Sum: 0, Workers: 4
[309.538s][debug][gc,phases      ] GC(23) Weak Processing 0.458ms
[309.538s][debug][gc,age         ] GC(23) Desired survivor size 308281344 bytes, new threshold 15 (max threshold 15)
[309.538s][info ][gc,heap        ] GC(23) PSYoungGen: 1639152K(1801216K)->93762K(1788928K) Eden: 1510912K(1510912K)->0K(1495040K) From: 128240K(290304K)->93762K(293888K)
[309.538s][info ][gc,heap        ] GC(23) ParOldGen: 91688K(161280K)->127206K(161280K)
[309.538s][info ][gc,metaspace   ] GC(23) Metaspace: 75619K(76480K)->75619K(76480K) NonClass: 64780K(65216K)->64780K(65216K) Class: 10838K(11264K)->10838K(11264K)
[309.538s][info ][gc             ] GC(23) Pause Young (Allocation Failure) 1690M->215M(1904M) 55.848ms
[309.538s][info ][gc,cpu         ] GC(23) User=0.21s Sys=0.00s Real=0.06s
[309.538s][debug][gc,phases      ] GC(24) Pre Compact 0.008ms
[309.538s][info ][gc,start       ] GC(24) Pause Full (Ergonomics)
[309.538s][info ][gc,phases,start] GC(24) Marking Phase
[309.615s][debug][gc,phases      ] GC(24) Par Mark 76.793ms
[309.615s][debug][gc,ref         ] GC(24) Skipped phase 1 of Reference Processing: no references
[309.615s][debug][gc,ref         ] GC(24) ReferenceProcessor::execute queues: 4, RefProcThreadModel::Multi, marks_oops_alive: false
[309.615s][debug][gc,ref         ] GC(24) Skipped phase 3 of Reference Processing: no references
[309.615s][debug][gc,ref         ] GC(24) ReferenceProcessor::execute queues: 1, RefProcThreadModel::Single, marks_oops_alive: false
[309.615s][debug][gc,phases      ] GC(24) Reference Processing 0.495ms
[309.615s][debug][gc,phases      ] GC(24)   VM Weak                        Min:  0.0, Avg:  0.0, Max:  0.0, Diff:  0.0, Sum:  0.0, Workers: 4
[309.615s][debug][gc,phases      ] GC(24)     Dead                           Min: 0, Avg:  0.0, Max: 0, Diff: 0, Sum: 0, Workers: 4
[309.615s][debug][gc,phases      ] GC(24)     Total                          Min: 64, Avg: 163.5, Max: 206, Diff: 142, Sum: 654, Workers: 4
[309.615s][debug][gc,phases      ] GC(24)   ObjectSynchronizer Weak        Min:  0.0, Avg:  0.0, Max:  0.0, Diff:  0.0, Sum:  0.0, Workers: 4
[309.615s][debug][gc,phases      ] GC(24)     Dead                           Min: 0, Avg:  0.0, Max: 0, Diff: 0, Sum: 0, Workers: 4
[309.615s][debug][gc,phases      ] GC(24)     Total                          Min: 0, Avg:  7.2, Max: 29, Diff: 29, Sum: 29, Workers: 4
[309.615s][debug][gc,phases      ] GC(24)   JVMTI Tag Weak OopStorage      Min:  0.0, Avg:  0.0, Max:  0.0, Diff:  0.0, Sum:  0.0, Workers: 4
[309.615s][debug][gc,phases      ] GC(24)     Dead                           Min: 0, Avg:  0.0, Max: 0, Diff: 0, Sum: 0, Workers: 4
[309.615s][debug][gc,phases      ] GC(24)     Total                          Min: 0, Avg:  0.0, Max: 0, Diff: 0, Sum: 0, Workers: 4
[309.615s][debug][gc,phases      ] GC(24)   StringTable Weak               Min:  0.1, Avg:  0.1, Max:  0.1, Diff:  0.0, Sum:  0.6, Workers: 4
[309.615s][debug][gc,phases      ] GC(24)     Dead                           Min: 0, Avg:  0.0, Max: 0, Diff: 0, Sum: 0, Workers: 4
[309.615s][debug][gc,phases      ] GC(24)     Total                          Min: 10058, Avg: 10498.5, Max: 11264, Diff: 1206, Sum: 41994, Workers: 4
[309.615s][debug][gc,phases      ] GC(24)   ResolvedMethodTable Weak       Min:  0.0, Avg:  0.0, Max:  0.0, Diff:  0.0, Sum:  0.1, Workers: 4
[309.616s][debug][gc,phases      ] GC(24)     Dead                           Min: 0, Avg:  0.0, Max: 0, Diff: 0, Sum: 0, Workers: 4
[309.616s][debug][gc,phases      ] GC(24)     Total                          Min: 1920, Avg: 2028.5, Max: 2112, Diff: 192, Sum: 8114, Workers: 4
[309.616s][debug][gc,phases      ] GC(24)   JNI Weak                       Min:  0.0, Avg:  0.0, Max:  0.0, Diff:  0.0, Sum:  0.0, Workers: 4
[309.616s][debug][gc,phases      ] GC(24)     Dead                           Min: 0, Avg:  0.0, Max: 0, Diff: 0, Sum: 0, Workers: 4
[309.616s][debug][gc,phases      ] GC(24)     Total                          Min: 0, Avg: 11.2, Max: 45, Diff: 45, Sum: 45, Workers: 4
[309.616s][debug][gc,phases      ] GC(24)   StringDedup Table Weak         Min:  0.0, Avg:  0.0, Max:  0.0, Diff:  0.0, Sum:  0.0, Workers: 4
[309.616s][debug][gc,phases      ] GC(24)     Dead                           Min: 0, Avg:  0.0, Max: 0, Diff: 0, Sum: 0, Workers: 4
[309.616s][debug][gc,phases      ] GC(24)     Total                          Min: 0, Avg:  0.0, Max: 0, Diff: 0, Sum: 0, Workers: 4
[309.616s][debug][gc,phases      ] GC(24)   StringDedup Requests0 Weak     Min:  0.0, Avg:  0.0, Max:  0.0, Diff:  0.0, Sum:  0.0, Workers: 4
[309.616s][debug][gc,phases      ] GC(24)     Dead                           Min: 0, Avg:  0.0, Max: 0, Diff: 0, Sum: 0, Workers: 4
[309.616s][debug][gc,phases      ] GC(24)     Total                          Min: 0, Avg:  0.0, Max: 0, Diff: 0, Sum: 0, Workers: 4
[309.616s][debug][gc,phases      ] GC(24)   StringDedup Requests1 Weak     Min:  0.0, Avg:  0.0, Max:  0.0, Diff:  0.0, Sum:  0.0, Workers: 4
[309.616s][debug][gc,phases      ] GC(24)     Dead                           Min: 0, Avg:  0.0, Max: 0, Diff: 0, Sum: 0, Workers: 4
[309.616s][debug][gc,phases      ] GC(24)     Total                          Min: 0, Avg:  0.0, Max: 0, Diff: 0, Sum: 0, Workers: 4
[309.616s][debug][gc,phases      ] GC(24)   Weak JFR Old Object Samples    Min:  0.0, Avg:  0.0, Max:  0.0, Diff:  0.0, Sum:  0.0, Workers: 4
[309.616s][debug][gc,phases      ] GC(24)     Dead                           Min: 0, Avg:  0.0, Max: 0, Diff: 0, Sum: 0, Workers: 4
[309.616s][debug][gc,phases      ] GC(24)     Total                          Min: 0, Avg:  0.0, Max: 0, Diff: 0, Sum: 0, Workers: 4
[309.616s][debug][gc,phases      ] GC(24) Weak Processing 0.346ms
[309.616s][debug][gc,phases      ] GC(24) ClassLoaderData 0.079ms
[309.616s][debug][gc,phases      ] GC(24) Trigger cleanups 0.000ms
[309.629s][debug][gc,phases      ] GC(24) Class Unloading 13.624ms
[309.629s][info ][gc,phases      ] GC(24) Marking Phase 91.411ms
[309.629s][info ][gc,phases,start] GC(24) Summary Phase
[309.629s][info ][gc,phases      ] GC(24) Summary Phase 0.017ms
[309.629s][info ][gc,phases,start] GC(24) Adjust Roots
[309.642s][info ][gc,phases      ] GC(24) Adjust Roots 13.020ms
[309.642s][info ][gc,phases,start] GC(24) Compaction Phase
[309.772s][info ][gc,phases      ] GC(24) Compaction Phase 129.943ms
[309.772s][info ][gc,phases,start] GC(24) Post Compact
[309.773s][info ][gc,phases      ] GC(24) Post Compact 1.146ms
[309.774s][info ][gc,heap        ] GC(24) PSYoungGen: 93762K(1788928K)->58662K(1788928K) Eden: 0K(1495040K)->0K(1495040K) From: 93762K(293888K)->58662K(293888K)
[309.774s][info ][gc,heap        ] GC(24) ParOldGen: 127206K(161280K)->161206K(262144K)
[309.774s][info ][gc,metaspace   ] GC(24) Metaspace: 75619K(76480K)->75619K(76480K) NonClass: 64780K(65216K)->64780K(65216K) Class: 10838K(11264K)->10838K(11264K)
[309.774s][info ][gc             ] GC(24) Pause Full (Ergonomics) 215M->214M(2003M) 235.795ms
[309.774s][info ][gc,cpu         ] GC(24) User=0.78s Sys=0.00s Real=0.23s
[309.774s][info ][safepoint      ] Safepoint "ParallelGCFailedAllocation", Time since last: 10623072609 ns, Reaching safepoint: 90100 ns, At safepoint: 291752571 ns, Total: 291842671 ns
[311.774s][info ][safepoint      ] Safepoint "Cleanup", Time since last: 2000151844 ns, Reaching safepoint: 37600 ns, At safepoint: 2600 ns, Total: 40200 ns
[313.774s][info ][safepoint      ] Safepoint "Cleanup", Time since last: 2000186844 ns, Reaching safepoint: 47501 ns, At safepoint: 2200 ns, Total: 49701 ns
[314.977s][info ][safepoint      ] Safepoint "Cleanup", Time since last: 1202790116 ns, Reaching safepoint: 128400 ns, At safepoint: 2400 ns, Total: 130800 ns
[334.280s][info ][gc,start       ] GC(25) Pause Young (Allocation Failure)
[334.322s][debug][gc,phases      ] GC(25) Scavenge 42.187ms
[334.322s][debug][gc,ref         ] GC(25) Skipped phase 1 of Reference Processing: no references
[334.322s][debug][gc,ref         ] GC(25) ReferenceProcessor::execute queues: 1, RefProcThreadModel::Single, marks_oops_alive: false
[334.322s][debug][gc,ref         ] GC(25) Skipped phase 3 of Reference Processing: no references
[334.322s][debug][gc,ref         ] GC(25) ReferenceProcessor::execute queues: 1, RefProcThreadModel::Single, marks_oops_alive: false
[334.322s][debug][gc,phases      ] GC(25) Reference Processing 0.151ms
[334.322s][debug][gc,phases      ] GC(25)   VM Weak                        Min:  0.0, Avg:  0.0, Max:  0.0, Diff:  0.0, Sum:  0.0, Workers: 4
[334.322s][debug][gc,phases      ] GC(25)     Dead                           Min: 0, Avg:  0.0, Max: 0, Diff: 0, Sum: 0, Workers: 4
[334.322s][debug][gc,phases      ] GC(25)     Total                          Min: 0, Avg: 163.8, Max: 399, Diff: 399, Sum: 655, Workers: 4
[334.322s][debug][gc,phases      ] GC(25)   ObjectSynchronizer Weak        Min:  0.0, Avg:  0.0, Max:  0.0, Diff:  0.0, Sum:  0.0, Workers: 4
[334.322s][debug][gc,phases      ] GC(25)     Dead                           Min: 0, Avg:  0.0, Max: 0, Diff: 0, Sum: 0, Workers: 4
[334.322s][debug][gc,phases      ] GC(25)     Total                          Min: 0, Avg:  7.2, Max: 29, Diff: 29, Sum: 29, Workers: 4
[334.322s][debug][gc,phases      ] GC(25)   JVMTI Tag Weak OopStorage      Min:  0.0, Avg:  0.0, Max:  0.0, Diff:  0.0, Sum:  0.0, Workers: 4
[334.322s][debug][gc,phases      ] GC(25)     Dead                           Min: 0, Avg:  0.0, Max: 0, Diff: 0, Sum: 0, Workers: 4
[334.322s][debug][gc,phases      ] GC(25)     Total                          Min: 0, Avg:  0.0, Max: 0, Diff: 0, Sum: 0, Workers: 4
[334.322s][debug][gc,phases      ] GC(25)   StringTable Weak               Min:  0.0, Avg:  0.1, Max:  0.1, Diff:  0.1, Sum:  0.4, Workers: 4
[334.322s][debug][gc,phases      ] GC(25)     Dead                           Min: 0, Avg:  0.5, Max: 2, Diff: 2, Sum: 2, Workers: 4
[334.322s][debug][gc,phases      ] GC(25)     Total                          Min: 0, Avg: 10504.8, Max: 17598, Diff: 17598, Sum: 42019, Workers: 4
[334.322s][debug][gc,phases      ] GC(25)   ResolvedMethodTable Weak       Min:  0.0, Avg:  0.0, Max:  0.0, Diff:  0.0, Sum:  0.1, Workers: 4
[334.322s][debug][gc,phases      ] GC(25)     Dead                           Min: 0, Avg:  0.0, Max: 0, Diff: 0, Sum: 0, Workers: 4
[334.322s][debug][gc,phases      ] GC(25)     Total                          Min: 0, Avg: 2034.0, Max: 3464, Diff: 3464, Sum: 8136, Workers: 4
[334.322s][debug][gc,phases      ] GC(25)   JNI Weak                       Min:  0.0, Avg:  0.0, Max:  0.0, Diff:  0.0, Sum:  0.0, Workers: 4
[334.322s][debug][gc,phases      ] GC(25)     Dead                           Min: 0, Avg:  0.0, Max: 0, Diff: 0, Sum: 0, Workers: 4
[334.322s][debug][gc,phases      ] GC(25)     Total                          Min: 0, Avg: 11.2, Max: 45, Diff: 45, Sum: 45, Workers: 4
[334.322s][debug][gc,phases      ] GC(25)   StringDedup Table Weak         Min:  0.0, Avg:  0.0, Max:  0.0, Diff:  0.0, Sum:  0.0, Workers: 4
[334.322s][debug][gc,phases      ] GC(25)     Dead                           Min: 0, Avg:  0.0, Max: 0, Diff: 0, Sum: 0, Workers: 4
[334.322s][debug][gc,phases      ] GC(25)     Total                          Min: 0, Avg:  0.0, Max: 0, Diff: 0, Sum: 0, Workers: 4
[334.322s][debug][gc,phases      ] GC(25)   StringDedup Requests0 Weak     Min:  0.0, Avg:  0.0, Max:  0.0, Diff:  0.0, Sum:  0.0, Workers: 4
[334.322s][debug][gc,phases      ] GC(25)     Dead                           Min: 0, Avg:  0.0, Max: 0, Diff: 0, Sum: 0, Workers: 4
[334.322s][debug][gc,phases      ] GC(25)     Total                          Min: 0, Avg:  0.0, Max: 0, Diff: 0, Sum: 0, Workers: 4
[334.322s][debug][gc,phases      ] GC(25)   StringDedup Requests1 Weak     Min:  0.0, Avg:  0.0, Max:  0.0, Diff:  0.0, Sum:  0.0, Workers: 4
[334.322s][debug][gc,phases      ] GC(25)     Dead                           Min: 0, Avg:  0.0, Max: 0, Diff: 0, Sum: 0, Workers: 4
[334.322s][debug][gc,phases      ] GC(25)     Total                          Min: 0, Avg:  0.0, Max: 0, Diff: 0, Sum: 0, Workers: 4
[334.322s][debug][gc,phases      ] GC(25)   Weak JFR Old Object Samples    Min:  0.0, Avg:  0.0, Max:  0.0, Diff:  0.0, Sum:  0.0, Workers: 4
[334.322s][debug][gc,phases      ] GC(25)     Dead                           Min: 0, Avg:  0.0, Max: 0, Diff: 0, Sum: 0, Workers: 4
[334.322s][debug][gc,phases      ] GC(25)     Total                          Min: 0, Avg:  0.0, Max: 0, Diff: 0, Sum: 0, Workers: 4
[334.322s][debug][gc,phases      ] GC(25) Weak Processing 0.351ms
[334.322s][debug][gc,age         ] GC(25) Desired survivor size 324009984 bytes, new threshold 15 (max threshold 15)
[334.322s][info ][gc,heap        ] GC(25) PSYoungGen: 1553702K(1788928K)->26896K(1522176K) Eden: 1495040K(1495040K)->0K(1495040K) From: 58662K(293888K)->26896K(27136K)
[334.322s][info ][gc,heap        ] GC(25) ParOldGen: 161206K(262144K)->196851K(262144K)
[334.322s][info ][gc,metaspace   ] GC(25) Metaspace: 75727K(76608K)->75727K(76608K) NonClass: 64877K(65344K)->64877K(65344K) Class: 10849K(11264K)->10849K(11264K)
[334.322s][info ][gc             ] GC(25) Pause Young (Allocation Failure) 1674M->218M(1742M) 42.811ms
[334.322s][info ][gc,cpu         ] GC(25) User=0.16s Sys=0.00s Real=0.04s
[334.323s][info ][safepoint      ] Safepoint "ParallelGCFailedAllocation", Time since last: 19302607353 ns, Reaching safepoint: 38500 ns, At safepoint: 42891346 ns, Total: 42929846 ns
[335.323s][info ][safepoint      ] Safepoint "Cleanup", Time since last: 1000083910 ns, Reaching safepoint: 46801 ns, At safepoint: 2400 ns, Total: 49201 ns
[336.323s][info ][safepoint      ] Safepoint "Cleanup", Time since last: 1000104210 ns, Reaching safepoint: 51400 ns, At safepoint: 6400 ns, Total: 57800 ns
[355.324s][info ][safepoint      ] Safepoint "Cleanup", Time since last: 19001220408 ns, Reaching safepoint: 42900 ns, At safepoint: 3700 ns, Total: 46600 ns
[359.280s][info ][gc,start       ] GC(26) Pause Young (Allocation Failure)
[359.300s][debug][gc,phases      ] GC(26) Scavenge 19.600ms
[359.300s][debug][gc,ref         ] GC(26) Skipped phase 1 of Reference Processing: no references
[359.300s][debug][gc,ref         ] GC(26) ReferenceProcessor::execute queues: 1, RefProcThreadModel::Single, marks_oops_alive: false
[359.300s][debug][gc,ref         ] GC(26) Skipped phase 3 of Reference Processing: no references
[359.300s][debug][gc,ref         ] GC(26) ReferenceProcessor::execute queues: 1, RefProcThreadModel::Single, marks_oops_alive: false
[359.300s][debug][gc,phases      ] GC(26) Reference Processing 0.122ms
[359.300s][debug][gc,phases      ] GC(26)   VM Weak                        Min:  0.0, Avg:  0.0, Max:  0.0, Diff:  0.0, Sum:  0.0, Workers: 4
[359.300s][debug][gc,phases      ] GC(26)     Dead                           Min: 0, Avg:  0.0, Max: 0, Diff: 0, Sum: 0, Workers: 4
[359.300s][debug][gc,phases      ] GC(26)     Total                          Min: 0, Avg: 163.8, Max: 591, Diff: 591, Sum: 655, Workers: 4
[359.300s][debug][gc,phases      ] GC(26)   ObjectSynchronizer Weak        Min:  0.0, Avg:  0.0, Max:  0.0, Diff:  0.0, Sum:  0.0, Workers: 4
[359.300s][debug][gc,phases      ] GC(26)     Dead                           Min: 0, Avg:  0.0, Max: 0, Diff: 0, Sum: 0, Workers: 4
[359.300s][debug][gc,phases      ] GC(26)     Total                          Min: 0, Avg:  7.2, Max: 29, Diff: 29, Sum: 29, Workers: 4
[359.300s][debug][gc,phases      ] GC(26)   JVMTI Tag Weak OopStorage      Min:  0.0, Avg:  0.0, Max:  0.0, Diff:  0.0, Sum:  0.0, Workers: 4
[359.300s][debug][gc,phases      ] GC(26)     Dead                           Min: 0, Avg:  0.0, Max: 0, Diff: 0, Sum: 0, Workers: 4
[359.300s][debug][gc,phases      ] GC(26)     Total                          Min: 0, Avg:  0.0, Max: 0, Diff: 0, Sum: 0, Workers: 4
[359.300s][debug][gc,phases      ] GC(26)   StringTable Weak               Min:  0.0, Avg:  0.1, Max:  0.1, Diff:  0.1, Sum:  0.4, Workers: 4
[359.300s][debug][gc,phases      ] GC(26)     Dead                           Min: 0, Avg:  0.0, Max: 0, Diff: 0, Sum: 0, Workers: 4
[359.300s][debug][gc,phases      ] GC(26)     Total                          Min: 0, Avg: 10504.8, Max: 16703, Diff: 16703, Sum: 42019, Workers: 4
[359.300s][debug][gc,phases      ] GC(26)   ResolvedMethodTable Weak       Min:  0.0, Avg:  0.0, Max:  0.0, Diff:  0.0, Sum:  0.1, Workers: 4
[359.300s][debug][gc,phases      ] GC(26)     Dead                           Min: 0, Avg:  0.0, Max: 0, Diff: 0, Sum: 0, Workers: 4
[359.300s][debug][gc,phases      ] GC(26)     Total                          Min: 0, Avg: 2034.0, Max: 3208, Diff: 3208, Sum: 8136, Workers: 4
[359.300s][debug][gc,phases      ] GC(26)   JNI Weak                       Min:  0.0, Avg:  0.0, Max:  0.0, Diff:  0.0, Sum:  0.0, Workers: 4
[359.300s][debug][gc,phases      ] GC(26)     Dead                           Min: 0, Avg:  0.0, Max: 0, Diff: 0, Sum: 0, Workers: 4
[359.300s][debug][gc,phases      ] GC(26)     Total                          Min: 0, Avg: 11.2, Max: 45, Diff: 45, Sum: 45, Workers: 4
[359.300s][debug][gc,phases      ] GC(26)   StringDedup Table Weak         Min:  0.0, Avg:  0.0, Max:  0.0, Diff:  0.0, Sum:  0.0, Workers: 4
[359.300s][debug][gc,phases      ] GC(26)     Dead                           Min: 0, Avg:  0.0, Max: 0, Diff: 0, Sum: 0, Workers: 4
[359.300s][debug][gc,phases      ] GC(26)     Total                          Min: 0, Avg:  0.0, Max: 0, Diff: 0, Sum: 0, Workers: 4
[359.300s][debug][gc,phases      ] GC(26)   StringDedup Requests0 Weak     Min:  0.0, Avg:  0.0, Max:  0.0, Diff:  0.0, Sum:  0.0, Workers: 4
[359.300s][debug][gc,phases      ] GC(26)     Dead                           Min: 0, Avg:  0.0, Max: 0, Diff: 0, Sum: 0, Workers: 4
[359.300s][debug][gc,phases      ] GC(26)     Total                          Min: 0, Avg:  0.0, Max: 0, Diff: 0, Sum: 0, Workers: 4
[359.300s][debug][gc,phases      ] GC(26)   StringDedup Requests1 Weak     Min:  0.0, Avg:  0.0, Max:  0.0, Diff:  0.0, Sum:  0.0, Workers: 4
[359.300s][debug][gc,phases      ] GC(26)     Dead                           Min: 0, Avg:  0.0, Max: 0, Diff: 0, Sum: 0, Workers: 4
[359.300s][debug][gc,phases      ] GC(26)     Total                          Min: 0, Avg:  0.0, Max: 0, Diff: 0, Sum: 0, Workers: 4
[359.300s][debug][gc,phases      ] GC(26)   Weak JFR Old Object Samples    Min:  0.0, Avg:  0.0, Max:  0.0, Diff:  0.0, Sum:  0.0, Workers: 4
[359.300s][debug][gc,phases      ] GC(26)     Dead                           Min: 0, Avg:  0.0, Max: 0, Diff: 0, Sum: 0, Workers: 4
[359.300s][debug][gc,phases      ] GC(26)     Total                          Min: 0, Avg:  0.0, Max: 0, Diff: 0, Sum: 0, Workers: 4
[359.300s][debug][gc,phases      ] GC(26) Weak Processing 0.335ms
[359.300s][debug][gc,age         ] GC(26) Desired survivor size 338165760 bytes, new threshold 15 (max threshold 15)
[359.300s][info ][gc,heap        ] GC(26) PSYoungGen: 1521936K(1522176K)->2128K(1753088K) Eden: 1495040K(1495040K)->0K(1436672K) From: 26896K(27136K)->2128K(316416K)
[359.300s][info ][gc,heap        ] GC(26) ParOldGen: 196851K(262144K)->222147K(262144K)
[359.300s][info ][gc,metaspace   ] GC(26) Metaspace: 75730K(76608K)->75730K(76608K) NonClass: 64880K(65344K)->64880K(65344K) Class: 10849K(11264K)->10849K(11264K)
[359.300s][info ][gc             ] GC(26) Pause Young (Allocation Failure) 1678M->219M(1968M) 20.204ms
[359.300s][info ][gc,cpu         ] GC(26) User=0.05s Sys=0.01s Real=0.02s
[359.301s][debug][gc,phases      ] GC(27) Pre Compact 0.008ms
[359.301s][info ][gc,start       ] GC(27) Pause Full (Ergonomics)
[359.301s][info ][gc,phases,start] GC(27) Marking Phase
[359.375s][debug][gc,phases      ] GC(27) Par Mark 74.583ms
[359.375s][debug][gc,ref         ] GC(27) Skipped phase 1 of Reference Processing: no references
[359.375s][debug][gc,ref         ] GC(27) ReferenceProcessor::execute queues: 4, RefProcThreadModel::Multi, marks_oops_alive: false
[359.376s][debug][gc,ref         ] GC(27) Skipped phase 3 of Reference Processing: no references
[359.376s][debug][gc,ref         ] GC(27) ReferenceProcessor::execute queues: 1, RefProcThreadModel::Single, marks_oops_alive: false
[359.376s][debug][gc,phases      ] GC(27) Reference Processing 0.742ms
[359.376s][debug][gc,phases      ] GC(27)   VM Weak                        Min:  0.0, Avg:  0.0, Max:  0.0, Diff:  0.0, Sum:  0.0, Workers: 4
[359.376s][debug][gc,phases      ] GC(27)     Dead                           Min: 0, Avg:  0.0, Max: 0, Diff: 0, Sum: 0, Workers: 4
[359.376s][debug][gc,phases      ] GC(27)     Total                          Min: 0, Avg: 163.8, Max: 640, Diff: 640, Sum: 655, Workers: 4
[359.376s][debug][gc,phases      ] GC(27)   ObjectSynchronizer Weak        Min:  0.0, Avg:  0.0, Max:  0.0, Diff:  0.0, Sum:  0.0, Workers: 4
[359.376s][debug][gc,phases      ] GC(27)     Dead                           Min: 0, Avg:  0.0, Max: 0, Diff: 0, Sum: 0, Workers: 4
[359.376s][debug][gc,phases      ] GC(27)     Total                          Min: 0, Avg:  7.2, Max: 29, Diff: 29, Sum: 29, Workers: 4
[359.376s][debug][gc,phases      ] GC(27)   JVMTI Tag Weak OopStorage      Min:  0.0, Avg:  0.0, Max:  0.0, Diff:  0.0, Sum:  0.0, Workers: 4
[359.376s][debug][gc,phases      ] GC(27)     Dead                           Min: 0, Avg:  0.0, Max: 0, Diff: 0, Sum: 0, Workers: 4
[359.376s][debug][gc,phases      ] GC(27)     Total                          Min: 0, Avg:  0.0, Max: 0, Diff: 0, Sum: 0, Workers: 4
[359.376s][debug][gc,phases      ] GC(27)   StringTable Weak               Min:  0.0, Avg:  0.1, Max:  0.2, Diff:  0.2, Sum:  0.5, Workers: 4
[359.376s][debug][gc,phases      ] GC(27)     Dead                           Min: 0, Avg:  0.0, Max: 0, Diff: 0, Sum: 0, Workers: 4
[359.376s][debug][gc,phases      ] GC(27)     Total                          Min: 0, Avg: 10504.8, Max: 16357, Diff: 16357, Sum: 42019, Workers: 4
[359.376s][debug][gc,phases      ] GC(27)   ResolvedMethodTable Weak       Min:  0.0, Avg:  0.0, Max:  0.0, Diff:  0.0, Sum:  0.1, Workers: 4
[359.376s][debug][gc,phases      ] GC(27)     Dead                           Min: 0, Avg:  0.0, Max: 0, Diff: 0, Sum: 0, Workers: 4
[359.376s][debug][gc,phases      ] GC(27)     Total                          Min: 0, Avg: 2034.0, Max: 3008, Diff: 3008, Sum: 8136, Workers: 4
[359.376s][debug][gc,phases      ] GC(27)   JNI Weak                       Min:  0.0, Avg:  0.0, Max:  0.0, Diff:  0.0, Sum:  0.0, Workers: 4
[359.376s][debug][gc,phases      ] GC(27)     Dead                           Min: 0, Avg:  0.0, Max: 0, Diff: 0, Sum: 0, Workers: 4
[359.376s][debug][gc,phases      ] GC(27)     Total                          Min: 0, Avg: 11.2, Max: 45, Diff: 45, Sum: 45, Workers: 4
[359.376s][debug][gc,phases      ] GC(27)   StringDedup Table Weak         Min:  0.0, Avg:  0.0, Max:  0.0, Diff:  0.0, Sum:  0.0, Workers: 4
[359.376s][debug][gc,phases      ] GC(27)     Dead                           Min: 0, Avg:  0.0, Max: 0, Diff: 0, Sum: 0, Workers: 4
[359.376s][debug][gc,phases      ] GC(27)     Total                          Min: 0, Avg:  0.0, Max: 0, Diff: 0, Sum: 0, Workers: 4
[359.376s][debug][gc,phases      ] GC(27)   StringDedup Requests0 Weak     Min:  0.0, Avg:  0.0, Max:  0.0, Diff:  0.0, Sum:  0.0, Workers: 4
[359.376s][debug][gc,phases      ] GC(27)     Dead                           Min: 0, Avg:  0.0, Max: 0, Diff: 0, Sum: 0, Workers: 4
[359.376s][debug][gc,phases      ] GC(27)     Total                          Min: 0, Avg:  0.0, Max: 0, Diff: 0, Sum: 0, Workers: 4
[359.376s][debug][gc,phases      ] GC(27)   StringDedup Requests1 Weak     Min:  0.0, Avg:  0.0, Max:  0.0, Diff:  0.0, Sum:  0.0, Workers: 4
[359.376s][debug][gc,phases      ] GC(27)     Dead                           Min: 0, Avg:  0.0, Max: 0, Diff: 0, Sum: 0, Workers: 4
[359.376s][debug][gc,phases      ] GC(27)     Total                          Min: 0, Avg:  0.0, Max: 0, Diff: 0, Sum: 0, Workers: 4
[359.376s][debug][gc,phases      ] GC(27)   Weak JFR Old Object Samples    Min:  0.0, Avg:  0.0, Max:  0.0, Diff:  0.0, Sum:  0.0, Workers: 4
[359.376s][debug][gc,phases      ] GC(27)     Dead                           Min: 0, Avg:  0.0, Max: 0, Diff: 0, Sum: 0, Workers: 4
[359.376s][debug][gc,phases      ] GC(27)     Total                          Min: 0, Avg:  0.0, Max: 0, Diff: 0, Sum: 0, Workers: 4
[359.376s][debug][gc,phases      ] GC(27) Weak Processing 0.373ms
[359.376s][debug][gc,phases      ] GC(27) ClassLoaderData 0.093ms
[359.376s][debug][gc,phases      ] GC(27) Trigger cleanups 0.000ms
[359.391s][debug][gc,phases      ] GC(27) Class Unloading 14.758ms
[359.391s][info ][gc,phases      ] GC(27) Marking Phase 90.608ms
[359.391s][info ][gc,phases,start] GC(27) Summary Phase
[359.391s][info ][gc,phases      ] GC(27) Summary Phase 0.010ms
[359.391s][info ][gc,phases,start] GC(27) Adjust Roots
[359.402s][info ][gc,phases      ] GC(27) Adjust Roots 10.631ms
[359.402s][info ][gc,phases,start] GC(27) Compaction Phase
[359.479s][info ][gc,phases      ] GC(27) Compaction Phase 76.849ms
[359.479s][info ][gc,phases,start] GC(27) Post Compact
[359.479s][info ][gc,phases      ] GC(27) Post Compact 0.620ms
[359.479s][info ][gc,heap        ] GC(27) PSYoungGen: 2128K(1753088K)->0K(1766912K) Eden: 0K(1436672K)->0K(1436672K) From: 2128K(316416K)->0K(330240K)
[359.479s][info ][gc,heap        ] GC(27) ParOldGen: 222147K(262144K)->220230K(354304K)
[359.479s][info ][gc,metaspace   ] GC(27) Metaspace: 75730K(76608K)->75730K(76608K) NonClass: 64880K(65344K)->64880K(65344K) Class: 10849K(11264K)->10849K(11264K)
[359.480s][info ][gc             ] GC(27) Pause Full (Ergonomics) 219M->215M(2071M) 178.978ms
[359.480s][info ][gc,cpu         ] GC(27) User=0.61s Sys=0.00s Real=0.18s
[359.480s][info ][safepoint      ] Safepoint "ParallelGCFailedAllocation", Time since last: 3956053480 ns, Reaching safepoint: 110001 ns, At safepoint: 199297603 ns, Total: 199407604 ns
[380.481s][info ][safepoint      ] Safepoint "Cleanup", Time since last: 21001412112 ns, Reaching safepoint: 106000 ns, At safepoint: 4800 ns, Total: 110800 ns
[383.482s][info ][gc,start       ] GC(28) Pause Young (Allocation Failure)
[383.483s][debug][gc,phases      ] GC(28) Scavenge 0.788ms
[383.483s][debug][gc,ref         ] GC(28) Skipped phase 1 of Reference Processing: no references
[383.483s][debug][gc,ref         ] GC(28) Skipped phase 2 of Reference Processing: no references
[383.483s][debug][gc,ref         ] GC(28) Skipped phase 3 of Reference Processing: no references
[383.483s][debug][gc,ref         ] GC(28) Skipped phase 4 of Reference Processing: no references
[383.483s][debug][gc,phases      ] GC(28) Reference Processing 0.019ms
[383.483s][debug][gc,phases      ] GC(28)   VM Weak                        Min:  0.0, Avg:  0.0, Max:  0.0, Diff:  0.0, Sum:  0.0, Workers: 4
[383.483s][debug][gc,phases      ] GC(28)     Dead                           Min: 0, Avg:  0.0, Max: 0, Diff: 0, Sum: 0, Workers: 4
[383.483s][debug][gc,phases      ] GC(28)     Total                          Min: 0, Avg: 163.8, Max: 448, Diff: 448, Sum: 655, Workers: 4
[383.483s][debug][gc,phases      ] GC(28)   ObjectSynchronizer Weak        Min:  0.0, Avg:  0.0, Max:  0.0, Diff:  0.0, Sum:  0.0, Workers: 4
[383.483s][debug][gc,phases      ] GC(28)     Dead                           Min: 0, Avg:  0.0, Max: 0, Diff: 0, Sum: 0, Workers: 4
[383.483s][debug][gc,phases      ] GC(28)     Total                          Min: 0, Avg:  7.2, Max: 29, Diff: 29, Sum: 29, Workers: 4
[383.483s][debug][gc,phases      ] GC(28)   JVMTI Tag Weak OopStorage      Min:  0.0, Avg:  0.0, Max:  0.0, Diff:  0.0, Sum:  0.0, Workers: 4
[383.483s][debug][gc,phases      ] GC(28)     Dead                           Min: 0, Avg:  0.0, Max: 0, Diff: 0, Sum: 0, Workers: 4
[383.483s][debug][gc,phases      ] GC(28)     Total                          Min: 0, Avg:  0.0, Max: 0, Diff: 0, Sum: 0, Workers: 4
[383.483s][debug][gc,phases      ] GC(28)   StringTable Weak               Min:  0.0, Avg:  0.1, Max:  0.1, Diff:  0.1, Sum:  0.3, Workers: 4
[383.483s][debug][gc,phases      ] GC(28)     Dead                           Min: 0, Avg:  0.0, Max: 0, Diff: 0, Sum: 0, Workers: 4
[383.483s][debug][gc,phases      ] GC(28)     Total                          Min: 0, Avg: 10505.2, Max: 17701, Diff: 17701, Sum: 42021, Workers: 4
[383.483s][debug][gc,phases      ] GC(28)   ResolvedMethodTable Weak       Min:  0.0, Avg:  0.0, Max:  0.0, Diff:  0.0, Sum:  0.1, Workers: 4
[383.483s][debug][gc,phases      ] GC(28)     Dead                           Min: 0, Avg:  0.0, Max: 0, Diff: 0, Sum: 0, Workers: 4
[383.483s][debug][gc,phases      ] GC(28)     Total                          Min: 0, Avg: 2034.0, Max: 3008, Diff: 3008, Sum: 8136, Workers: 4
[383.483s][debug][gc,phases      ] GC(28)   JNI Weak                       Min:  0.0, Avg:  0.0, Max:  0.0, Diff:  0.0, Sum:  0.0, Workers: 4
[383.483s][debug][gc,phases      ] GC(28)     Dead                           Min: 0, Avg:  0.0, Max: 0, Diff: 0, Sum: 0, Workers: 4
[383.483s][debug][gc,phases      ] GC(28)     Total                          Min: 0, Avg: 11.2, Max: 45, Diff: 45, Sum: 45, Workers: 4
[383.483s][debug][gc,phases      ] GC(28)   StringDedup Table Weak         Min:  0.0, Avg:  0.0, Max:  0.0, Diff:  0.0, Sum:  0.0, Workers: 4
[383.483s][debug][gc,phases      ] GC(28)     Dead                           Min: 0, Avg:  0.0, Max: 0, Diff: 0, Sum: 0, Workers: 4
[383.483s][debug][gc,phases      ] GC(28)     Total                          Min: 0, Avg:  0.0, Max: 0, Diff: 0, Sum: 0, Workers: 4
[383.483s][debug][gc,phases      ] GC(28)   StringDedup Requests0 Weak     Min:  0.0, Avg:  0.0, Max:  0.0, Diff:  0.0, Sum:  0.0, Workers: 4
[383.483s][debug][gc,phases      ] GC(28)     Dead                           Min: 0, Avg:  0.0, Max: 0, Diff: 0, Sum: 0, Workers: 4
[383.483s][debug][gc,phases      ] GC(28)     Total                          Min: 0, Avg:  0.0, Max: 0, Diff: 0, Sum: 0, Workers: 4
[383.483s][debug][gc,phases      ] GC(28)   StringDedup Requests1 Weak     Min:  0.0, Avg:  0.0, Max:  0.0, Diff:  0.0, Sum:  0.0, Workers: 4
[383.483s][debug][gc,phases      ] GC(28)     Dead                           Min: 0, Avg:  0.0, Max: 0, Diff: 0, Sum: 0, Workers: 4
[383.483s][debug][gc,phases      ] GC(28)     Total                          Min: 0, Avg:  0.0, Max: 0, Diff: 0, Sum: 0, Workers: 4
[383.483s][debug][gc,phases      ] GC(28)   Weak JFR Old Object Samples    Min:  0.0, Avg:  0.0, Max:  0.0, Diff:  0.0, Sum:  0.0, Workers: 4
[383.483s][debug][gc,phases      ] GC(28)     Dead                           Min: 0, Avg:  0.0, Max: 0, Diff: 0, Sum: 0, Workers: 4
[383.483s][debug][gc,phases      ] GC(28)     Total                          Min: 0, Avg:  0.0, Max: 0, Diff: 0, Sum: 0, Workers: 4
[383.483s][debug][gc,phases      ] GC(28) Weak Processing 0.303ms
[383.483s][debug][gc,age         ] GC(28) Desired survivor size 346030080 bytes, new threshold 15 (max threshold 15)
[383.483s][info ][gc,heap        ] GC(28) PSYoungGen: 1436672K(1766912K)->352K(1751552K) Eden: 1436672K(1436672K)->0K(1421312K) From: 0K(330240K)->352K(330240K)
[383.483s][info ][gc,heap        ] GC(28) ParOldGen: 220230K(354304K)->220230K(354304K)
[383.483s][info ][gc,metaspace   ] GC(28) Metaspace: 75731K(76608K)->75731K(76608K) NonClass: 64881K(65344K)->64881K(65344K) Class: 10849K(11264K)->10849K(11264K)
[383.483s][info ][gc             ] GC(28) Pause Young (Allocation Failure) 1618M->215M(2056M) 1.196ms
[383.483s][info ][gc,cpu         ] GC(28) User=0.00s Sys=0.00s Real=0.00s
[383.483s][info ][safepoint      ] Safepoint "ParallelGCFailedAllocation", Time since last: 3000591078 ns, Reaching safepoint: 101900 ns, At safepoint: 1252504 ns, Total: 1354404 ns
[400.484s][info ][safepoint      ] Safepoint "Cleanup", Time since last: 17001040980 ns, Reaching safepoint: 45000 ns, At safepoint: 2200 ns, Total: 47200 ns
[407.480s][info ][gc,start       ] GC(29) Pause Young (Allocation Failure)
[407.481s][debug][gc,phases      ] GC(29) Scavenge 0.606ms
[407.481s][debug][gc,ref         ] GC(29) Skipped phase 1 of Reference Processing: no references
[407.481s][debug][gc,ref         ] GC(29) Skipped phase 2 of Reference Processing: no references
[407.481s][debug][gc,ref         ] GC(29) Skipped phase 3 of Reference Processing: no references
[407.481s][debug][gc,ref         ] GC(29) Skipped phase 4 of Reference Processing: no references
[407.481s][debug][gc,phases      ] GC(29) Reference Processing 0.019ms
[407.481s][debug][gc,phases      ] GC(29)   VM Weak                        Min:  0.0, Avg:  0.0, Max:  0.0, Diff:  0.0, Sum:  0.0, Workers: 4
[407.481s][debug][gc,phases      ] GC(29)     Dead                           Min: 0, Avg:  0.0, Max: 0, Diff: 0, Sum: 0, Workers: 4
[407.481s][debug][gc,phases      ] GC(29)     Total                          Min: 0, Avg: 163.8, Max: 384, Diff: 384, Sum: 655, Workers: 4
[407.481s][debug][gc,phases      ] GC(29)   ObjectSynchronizer Weak        Min:  0.0, Avg:  0.0, Max:  0.0, Diff:  0.0, Sum:  0.0, Workers: 4
[407.481s][debug][gc,phases      ] GC(29)     Dead                           Min: 0, Avg:  0.0, Max: 0, Diff: 0, Sum: 0, Workers: 4
[407.481s][debug][gc,phases      ] GC(29)     Total                          Min: 0, Avg:  7.2, Max: 29, Diff: 29, Sum: 29, Workers: 4
[407.481s][debug][gc,phases      ] GC(29)   JVMTI Tag Weak OopStorage      Min:  0.0, Avg:  0.0, Max:  0.0, Diff:  0.0, Sum:  0.0, Workers: 4
[407.481s][debug][gc,phases      ] GC(29)     Dead                           Min: 0, Avg:  0.0, Max: 0, Diff: 0, Sum: 0, Workers: 4
[407.481s][debug][gc,phases      ] GC(29)     Total                          Min: 0, Avg:  0.0, Max: 0, Diff: 0, Sum: 0, Workers: 4
[407.481s][debug][gc,phases      ] GC(29)   StringTable Weak               Min:  0.1, Avg:  0.1, Max:  0.1, Diff:  0.0, Sum:  0.4, Workers: 4
[407.481s][debug][gc,phases      ] GC(29)     Dead                           Min: 0, Avg:  0.0, Max: 0, Diff: 0, Sum: 0, Workers: 4
[407.481s][debug][gc,phases      ] GC(29)     Total                          Min: 9855, Avg: 10505.2, Max: 10816, Diff: 961, Sum: 42021, Workers: 4
[407.481s][debug][gc,phases      ] GC(29)   ResolvedMethodTable Weak       Min:  0.0, Avg:  0.0, Max:  0.0, Diff:  0.0, Sum:  0.1, Workers: 4
[407.481s][debug][gc,phases      ] GC(29)     Dead                           Min: 0, Avg:  0.0, Max: 0, Diff: 0, Sum: 0, Workers: 4
[407.481s][debug][gc,phases      ] GC(29)     Total                          Min: 1984, Avg: 2034.0, Max: 2056, Diff: 72, Sum: 8136, Workers: 4
[407.481s][debug][gc,phases      ] GC(29)   JNI Weak                       Min:  0.0, Avg:  0.0, Max:  0.0, Diff:  0.0, Sum:  0.0, Workers: 4
[407.481s][debug][gc,phases      ] GC(29)     Dead                           Min: 0, Avg:  0.0, Max: 0, Diff: 0, Sum: 0, Workers: 4
[407.481s][debug][gc,phases      ] GC(29)     Total                          Min: 0, Avg: 11.2, Max: 45, Diff: 45, Sum: 45, Workers: 4
[407.481s][debug][gc,phases      ] GC(29)   StringDedup Table Weak         Min:  0.0, Avg:  0.0, Max:  0.0, Diff:  0.0, Sum:  0.0, Workers: 4
[407.481s][debug][gc,phases      ] GC(29)     Dead                           Min: 0, Avg:  0.0, Max: 0, Diff: 0, Sum: 0, Workers: 4
[407.481s][debug][gc,phases      ] GC(29)     Total                          Min: 0, Avg:  0.0, Max: 0, Diff: 0, Sum: 0, Workers: 4
[407.481s][debug][gc,phases      ] GC(29)   StringDedup Requests0 Weak     Min:  0.0, Avg:  0.0, Max:  0.0, Diff:  0.0, Sum:  0.0, Workers: 4
[407.481s][debug][gc,phases      ] GC(29)     Dead                           Min: 0, Avg:  0.0, Max: 0, Diff: 0, Sum: 0, Workers: 4
[407.481s][debug][gc,phases      ] GC(29)     Total                          Min: 0, Avg:  0.0, Max: 0, Diff: 0, Sum: 0, Workers: 4
[407.481s][debug][gc,phases      ] GC(29)   StringDedup Requests1 Weak     Min:  0.0, Avg:  0.0, Max:  0.0, Diff:  0.0, Sum:  0.0, Workers: 4
[407.481s][debug][gc,phases      ] GC(29)     Dead                           Min: 0, Avg:  0.0, Max: 0, Diff: 0, Sum: 0, Workers: 4
[407.481s][debug][gc,phases      ] GC(29)     Total                          Min: 0, Avg:  0.0, Max: 0, Diff: 0, Sum: 0, Workers: 4
[407.481s][debug][gc,phases      ] GC(29)   Weak JFR Old Object Samples    Min:  0.0, Avg:  0.0, Max:  0.0, Diff:  0.0, Sum:  0.0, Workers: 4
[407.481s][debug][gc,phases      ] GC(29)     Dead                           Min: 0, Avg:  0.0, Max: 0, Diff: 0, Sum: 0, Workers: 4
[407.481s][debug][gc,phases      ] GC(29)     Total                          Min: 0, Avg:  0.0, Max: 0, Diff: 0, Sum: 0, Workers: 4
[407.481s][debug][gc,phases      ] GC(29) Weak Processing 0.278ms
[407.481s][debug][gc,age         ] GC(29) Desired survivor size 349700096 bytes, new threshold 15 (max threshold 15)
[407.481s][info ][gc,heap        ] GC(29) PSYoungGen: 1421664K(1751552K)->352K(1421824K) Eden: 1421312K(1421312K)->0K(1421312K) From: 352K(330240K)->352K(512K)
[407.481s][info ][gc,heap        ] GC(29) ParOldGen: 220230K(354304K)->220230K(354304K)
[407.481s][info ][gc,metaspace   ] GC(29) Metaspace: 75733K(76608K)->75733K(76608K) NonClass: 64883K(65344K)->64883K(65344K) Class: 10849K(11264K)->10849K(11264K)
[407.481s][info ][gc             ] GC(29) Pause Young (Allocation Failure) 1603M->215M(1734M) 0.996ms
[407.481s][info ][gc,cpu         ] GC(29) User=0.00s Sys=0.00s Real=0.00s
[407.481s][info ][safepoint      ] Safepoint "ParallelGCFailedAllocation", Time since last: 6996073967 ns, Reaching safepoint: 92300 ns, At safepoint: 1058703 ns, Total: 1151003 ns
[408.482s][info ][safepoint      ] Safepoint "Cleanup", Time since last: 1000084893 ns, Reaching safepoint: 106701 ns, At safepoint: 6200 ns, Total: 112901 ns
[424.483s][info ][safepoint      ] Safepoint "Cleanup", Time since last: 16001022048 ns, Reaching safepoint: 114800 ns, At safepoint: 31500 ns, Total: 146300 ns
[431.280s][info ][gc,start       ] GC(30) Pause Young (Allocation Failure)
[431.281s][debug][gc,phases      ] GC(30) Scavenge 0.694ms
[431.281s][debug][gc,ref         ] GC(30) Skipped phase 1 of Reference Processing: no references
[431.281s][debug][gc,ref         ] GC(30) Skipped phase 2 of Reference Processing: no references
[431.281s][debug][gc,ref         ] GC(30) Skipped phase 3 of Reference Processing: no references
[431.281s][debug][gc,ref         ] GC(30) Skipped phase 4 of Reference Processing: no references
[431.281s][debug][gc,phases      ] GC(30) Reference Processing 0.019ms
[431.281s][debug][gc,phases      ] GC(30)   VM Weak                        Min:  0.0, Avg:  0.0, Max:  0.0, Diff:  0.0, Sum:  0.0, Workers: 4
[431.281s][debug][gc,phases      ] GC(30)     Dead                           Min: 0, Avg:  0.0, Max: 0, Diff: 0, Sum: 0, Workers: 4
[431.281s][debug][gc,phases      ] GC(30)     Total                          Min: 0, Avg: 163.8, Max: 335, Diff: 335, Sum: 655, Workers: 4
[431.281s][debug][gc,phases      ] GC(30)   ObjectSynchronizer Weak        Min:  0.0, Avg:  0.0, Max:  0.0, Diff:  0.0, Sum:  0.0, Workers: 4
[431.281s][debug][gc,phases      ] GC(30)     Dead                           Min: 0, Avg:  0.0, Max: 0, Diff: 0, Sum: 0, Workers: 4
[431.281s][debug][gc,phases      ] GC(30)     Total                          Min: 0, Avg:  7.2, Max: 29, Diff: 29, Sum: 29, Workers: 4
[431.281s][debug][gc,phases      ] GC(30)   JVMTI Tag Weak OopStorage      Min:  0.0, Avg:  0.0, Max:  0.0, Diff:  0.0, Sum:  0.0, Workers: 4
[431.281s][debug][gc,phases      ] GC(30)     Dead                           Min: 0, Avg:  0.0, Max: 0, Diff: 0, Sum: 0, Workers: 4
[431.281s][debug][gc,phases      ] GC(30)     Total                          Min: 0, Avg:  0.0, Max: 0, Diff: 0, Sum: 0, Workers: 4
[431.281s][debug][gc,phases      ] GC(30)   StringTable Weak               Min:  0.0, Avg:  0.1, Max:  0.1, Diff:  0.1, Sum:  0.4, Workers: 4
[431.281s][debug][gc,phases      ] GC(30)     Dead                           Min: 0, Avg:  0.0, Max: 0, Diff: 0, Sum: 0, Workers: 4
[431.281s][debug][gc,phases      ] GC(30)     Total                          Min: 0, Avg: 10505.2, Max: 15719, Diff: 15719, Sum: 42021, Workers: 4
[431.281s][debug][gc,phases      ] GC(30)   ResolvedMethodTable Weak       Min:  0.0, Avg:  0.0, Max:  0.0, Diff:  0.0, Sum:  0.1, Workers: 4
[431.281s][debug][gc,phases      ] GC(30)     Dead                           Min: 0, Avg:  0.0, Max: 0, Diff: 0, Sum: 0, Workers: 4
[431.281s][debug][gc,phases      ] GC(30)     Total                          Min: 0, Avg: 2034.0, Max: 3456, Diff: 3456, Sum: 8136, Workers: 4
[431.281s][debug][gc,phases      ] GC(30)   JNI Weak                       Min:  0.0, Avg:  0.0, Max:  0.0, Diff:  0.0, Sum:  0.0, Workers: 4
[431.281s][debug][gc,phases      ] GC(30)     Dead                           Min: 0, Avg:  0.0, Max: 0, Diff: 0, Sum: 0, Workers: 4
[431.281s][debug][gc,phases      ] GC(30)     Total                          Min: 0, Avg: 11.2, Max: 45, Diff: 45, Sum: 45, Workers: 4
[431.281s][debug][gc,phases      ] GC(30)   StringDedup Table Weak         Min:  0.0, Avg:  0.0, Max:  0.0, Diff:  0.0, Sum:  0.0, Workers: 4
[431.281s][debug][gc,phases      ] GC(30)     Dead                           Min: 0, Avg:  0.0, Max: 0, Diff: 0, Sum: 0, Workers: 4
[431.281s][debug][gc,phases      ] GC(30)     Total                          Min: 0, Avg:  0.0, Max: 0, Diff: 0, Sum: 0, Workers: 4
[431.281s][debug][gc,phases      ] GC(30)   StringDedup Requests0 Weak     Min:  0.0, Avg:  0.0, Max:  0.0, Diff:  0.0, Sum:  0.0, Workers: 4
[431.281s][debug][gc,phases      ] GC(30)     Dead                           Min: 0, Avg:  0.0, Max: 0, Diff: 0, Sum: 0, Workers: 4
[431.281s][debug][gc,phases      ] GC(30)     Total                          Min: 0, Avg:  0.0, Max: 0, Diff: 0, Sum: 0, Workers: 4
[431.281s][debug][gc,phases      ] GC(30)   StringDedup Requests1 Weak     Min:  0.0, Avg:  0.0, Max:  0.0, Diff:  0.0, Sum:  0.0, Workers: 4
[431.281s][debug][gc,phases      ] GC(30)     Dead                           Min: 0, Avg:  0.0, Max: 0, Diff: 0, Sum: 0, Workers: 4
[431.281s][debug][gc,phases      ] GC(30)     Total                          Min: 0, Avg:  0.0, Max: 0, Diff: 0, Sum: 0, Workers: 4
[431.281s][debug][gc,phases      ] GC(30)   Weak JFR Old Object Samples    Min:  0.0, Avg:  0.0, Max:  0.0, Diff:  0.0, Sum:  0.0, Workers: 4
[431.281s][debug][gc,phases      ] GC(30)     Dead                           Min: 0, Avg:  0.0, Max: 0, Diff: 0, Sum: 0, Workers: 4
[431.281s][debug][gc,phases      ] GC(30)     Total                          Min: 0, Avg:  0.0, Max: 0, Diff: 0, Sum: 0, Workers: 4
[431.281s][debug][gc,phases      ] GC(30) Weak Processing 0.317ms
[431.281s][debug][gc,age         ] GC(30) Desired survivor size 348651520 bytes, new threshold 15 (max threshold 15)
[431.281s][info ][gc,heap        ] GC(30) PSYoungGen: 1421664K(1421824K)->352K(1756672K) Eden: 1421312K(1421312K)->0K(1415168K) From: 352K(512K)->352K(341504K)
[431.281s][info ][gc,heap        ] GC(30) ParOldGen: 220230K(354304K)->220230K(354304K)
[431.281s][info ][gc,metaspace   ] GC(30) Metaspace: 75733K(76608K)->75733K(76608K) NonClass: 64883K(65344K)->64883K(65344K) Class: 10849K(11264K)->10849K(11264K)
[431.281s][info ][gc             ] GC(30) Pause Young (Allocation Failure) 1603M->215M(2061M) 1.121ms
[431.281s][info ][gc,cpu         ] GC(30) User=0.01s Sys=0.00s Real=0.00s
[431.281s][info ][safepoint      ] Safepoint "ParallelGCFailedAllocation", Time since last: 6797242684 ns, Reaching safepoint: 77000 ns, At safepoint: 1183504 ns, Total: 1260504 ns
[441.282s][info ][safepoint      ] Safepoint "Cleanup", Time since last: 10000655773 ns, Reaching safepoint: 110700 ns, At safepoint: 4700 ns, Total: 115400 ns
[454.283s][info ][safepoint      ] Safepoint "Cleanup", Time since last: 13000824880 ns, Reaching safepoint: 41600 ns, At safepoint: 2800 ns, Total: 44400 ns
[455.180s][info ][gc,start       ] GC(31) Pause Young (Allocation Failure)
[455.180s][debug][gc,phases      ] GC(31) Scavenge 0.855ms
[455.180s][debug][gc,ref         ] GC(31) Skipped phase 1 of Reference Processing: no references
[455.180s][debug][gc,ref         ] GC(31) Skipped phase 2 of Reference Processing: no references
[455.180s][debug][gc,ref         ] GC(31) Skipped phase 3 of Reference Processing: no references
[455.180s][debug][gc,ref         ] GC(31) Skipped phase 4 of Reference Processing: no references
[455.180s][debug][gc,phases      ] GC(31) Reference Processing 0.035ms
[455.181s][debug][gc,phases      ] GC(31)   VM Weak                        Min:  0.0, Avg:  0.0, Max:  0.0, Diff:  0.0, Sum:  0.0, Workers: 4
[455.181s][debug][gc,phases      ] GC(31)     Dead                           Min: 0, Avg:  0.0, Max: 0, Diff: 0, Sum: 0, Workers: 4
[455.181s][debug][gc,phases      ] GC(31)     Total                          Min: 0, Avg: 163.8, Max: 320, Diff: 320, Sum: 655, Workers: 4
[455.181s][debug][gc,phases      ] GC(31)   ObjectSynchronizer Weak        Min:  0.0, Avg:  0.0, Max:  0.0, Diff:  0.0, Sum:  0.0, Workers: 4
[455.181s][debug][gc,phases      ] GC(31)     Dead                           Min: 0, Avg:  0.0, Max: 0, Diff: 0, Sum: 0, Workers: 4
[455.181s][debug][gc,phases      ] GC(31)     Total                          Min: 0, Avg:  7.2, Max: 29, Diff: 29, Sum: 29, Workers: 4
[455.181s][debug][gc,phases      ] GC(31)   JVMTI Tag Weak OopStorage      Min:  0.0, Avg:  0.0, Max:  0.0, Diff:  0.0, Sum:  0.0, Workers: 4
[455.181s][debug][gc,phases      ] GC(31)     Dead                           Min: 0, Avg:  0.0, Max: 0, Diff: 0, Sum: 0, Workers: 4
[455.181s][debug][gc,phases      ] GC(31)     Total                          Min: 0, Avg:  0.0, Max: 0, Diff: 0, Sum: 0, Workers: 4
[455.181s][debug][gc,phases      ] GC(31)   StringTable Weak               Min:  0.0, Avg:  0.1, Max:  0.1, Diff:  0.1, Sum:  0.3, Workers: 4
[455.181s][debug][gc,phases      ] GC(31)     Dead                           Min: 0, Avg:  0.0, Max: 0, Diff: 0, Sum: 0, Workers: 4
[455.181s][debug][gc,phases      ] GC(31)     Total                          Min: 0, Avg: 10505.2, Max: 16551, Diff: 16551, Sum: 42021, Workers: 4
[455.181s][debug][gc,phases      ] GC(31)   ResolvedMethodTable Weak       Min:  0.0, Avg:  0.0, Max:  0.0, Diff:  0.0, Sum:  0.1, Workers: 4
[455.181s][debug][gc,phases      ] GC(31)     Dead                           Min: 0, Avg:  0.0, Max: 0, Diff: 0, Sum: 0, Workers: 4
[455.181s][debug][gc,phases      ] GC(31)     Total                          Min: 0, Avg: 2034.0, Max: 3464, Diff: 3464, Sum: 8136, Workers: 4
[455.181s][debug][gc,phases      ] GC(31)   JNI Weak                       Min:  0.0, Avg:  0.0, Max:  0.0, Diff:  0.0, Sum:  0.0, Workers: 4
[455.181s][debug][gc,phases      ] GC(31)     Dead                           Min: 0, Avg:  0.0, Max: 0, Diff: 0, Sum: 0, Workers: 4
[455.181s][debug][gc,phases      ] GC(31)     Total                          Min: 0, Avg: 11.2, Max: 45, Diff: 45, Sum: 45, Workers: 4
[455.181s][debug][gc,phases      ] GC(31)   StringDedup Table Weak         Min:  0.0, Avg:  0.0, Max:  0.0, Diff:  0.0, Sum:  0.0, Workers: 4
[455.181s][debug][gc,phases      ] GC(31)     Dead                           Min: 0, Avg:  0.0, Max: 0, Diff: 0, Sum: 0, Workers: 4
[455.181s][debug][gc,phases      ] GC(31)     Total                          Min: 0, Avg:  0.0, Max: 0, Diff: 0, Sum: 0, Workers: 4
[455.181s][debug][gc,phases      ] GC(31)   StringDedup Requests0 Weak     Min:  0.0, Avg:  0.0, Max:  0.0, Diff:  0.0, Sum:  0.0, Workers: 4
[455.181s][debug][gc,phases      ] GC(31)     Dead                           Min: 0, Avg:  0.0, Max: 0, Diff: 0, Sum: 0, Workers: 4
[455.181s][debug][gc,phases      ] GC(31)     Total                          Min: 0, Avg:  0.0, Max: 0, Diff: 0, Sum: 0, Workers: 4
[455.181s][debug][gc,phases      ] GC(31)   StringDedup Requests1 Weak     Min:  0.0, Avg:  0.0, Max:  0.0, Diff:  0.0, Sum:  0.0, Workers: 4
[455.181s][debug][gc,phases      ] GC(31)     Dead                           Min: 0, Avg:  0.0, Max: 0, Diff: 0, Sum: 0, Workers: 4
[455.181s][debug][gc,phases      ] GC(31)     Total                          Min: 0, Avg:  0.0, Max: 0, Diff: 0, Sum: 0, Workers: 4
[455.181s][debug][gc,phases      ] GC(31)   Weak JFR Old Object Samples    Min:  0.0, Avg:  0.0, Max:  0.0, Diff:  0.0, Sum:  0.0, Workers: 4
[455.181s][debug][gc,phases      ] GC(31)     Dead                           Min: 0, Avg:  0.0, Max: 0, Diff: 0, Sum: 0, Workers: 4
[455.181s][debug][gc,phases      ] GC(31)     Total                          Min: 0, Avg:  0.0, Max: 0, Diff: 0, Sum: 0, Workers: 4
[455.181s][debug][gc,phases      ] GC(31) Weak Processing 0.297ms
[455.181s][debug][gc,age         ] GC(31) Desired survivor size 344457216 bytes, new threshold 15 (max threshold 15)
[455.181s][info ][gc,heap        ] GC(31) PSYoungGen: 1415520K(1756672K)->352K(1755648K) Eden: 1415168K(1415168K)->0K(1415168K) From: 352K(341504K)->352K(340480K)
[455.181s][info ][gc,heap        ] GC(31) ParOldGen: 220230K(354304K)->220230K(354304K)
[455.181s][info ][gc,metaspace   ] GC(31) Metaspace: 75735K(76608K)->75735K(76608K) NonClass: 64886K(65344K)->64886K(65344K) Class: 10849K(11264K)->10849K(11264K)
[455.181s][info ][gc             ] GC(31) Pause Young (Allocation Failure) 1597M->215M(2060M) 1.286ms
[455.181s][info ][gc,cpu         ] GC(31) User=0.01s Sys=0.00s Real=0.00s
[455.181s][info ][safepoint      ] Safepoint "ParallelGCFailedAllocation", Time since last: 896611972 ns, Reaching safepoint: 36300 ns, At safepoint: 1342305 ns, Total: 1378605 ns
[465.182s][info ][safepoint      ] Safepoint "Cleanup", Time since last: 10000645711 ns, Reaching safepoint: 110201 ns, At safepoint: 5700 ns, Total: 115901 ns
[475.182s][info ][safepoint      ] Safepoint "Cleanup", Time since last: 10000723423 ns, Reaching safepoint: 104900 ns, At safepoint: 7000 ns, Total: 111900 ns
[478.982s][info ][gc,start       ] GC(32) Pause Young (Allocation Failure)
[478.983s][debug][gc,phases      ] GC(32) Scavenge 0.531ms
[478.983s][debug][gc,ref         ] GC(32) Skipped phase 1 of Reference Processing: no references
[478.983s][debug][gc,ref         ] GC(32) Skipped phase 2 of Reference Processing: no references
[478.983s][debug][gc,ref         ] GC(32) Skipped phase 3 of Reference Processing: no references
[478.983s][debug][gc,ref         ] GC(32) Skipped phase 4 of Reference Processing: no references
[478.983s][debug][gc,phases      ] GC(32) Reference Processing 0.020ms
[478.983s][debug][gc,phases      ] GC(32)   VM Weak                        Min:  0.0, Avg:  0.0, Max:  0.0, Diff:  0.0, Sum:  0.0, Workers: 4
[478.983s][debug][gc,phases      ] GC(32)     Dead                           Min: 0, Avg:  0.0, Max: 0, Diff: 0, Sum: 0, Workers: 4
[478.983s][debug][gc,phases      ] GC(32)     Total                          Min: 0, Avg: 163.8, Max: 591, Diff: 591, Sum: 655, Workers: 4
[478.983s][debug][gc,phases      ] GC(32)   ObjectSynchronizer Weak        Min:  0.0, Avg:  0.0, Max:  0.0, Diff:  0.0, Sum:  0.0, Workers: 4
[478.983s][debug][gc,phases      ] GC(32)     Dead                           Min: 0, Avg:  0.0, Max: 0, Diff: 0, Sum: 0, Workers: 4
[478.983s][debug][gc,phases      ] GC(32)     Total                          Min: 0, Avg:  7.2, Max: 29, Diff: 29, Sum: 29, Workers: 4
[478.983s][debug][gc,phases      ] GC(32)   JVMTI Tag Weak OopStorage      Min:  0.0, Avg:  0.0, Max:  0.0, Diff:  0.0, Sum:  0.0, Workers: 4
[478.983s][debug][gc,phases      ] GC(32)     Dead                           Min: 0, Avg:  0.0, Max: 0, Diff: 0, Sum: 0, Workers: 4
[478.983s][debug][gc,phases      ] GC(32)     Total                          Min: 0, Avg:  0.0, Max: 0, Diff: 0, Sum: 0, Workers: 4
[478.983s][debug][gc,phases      ] GC(32)   StringTable Weak               Min:  0.0, Avg:  0.1, Max:  0.1, Diff:  0.1, Sum:  0.4, Workers: 4
[478.983s][debug][gc,phases      ] GC(32)     Dead                           Min: 0, Avg:  0.0, Max: 0, Diff: 0, Sum: 0, Workers: 4
[478.983s][debug][gc,phases      ] GC(32)     Total                          Min: 0, Avg: 10505.5, Max: 16615, Diff: 16615, Sum: 42022, Workers: 4
[478.983s][debug][gc,phases      ] GC(32)   ResolvedMethodTable Weak       Min:  0.0, Avg:  0.0, Max:  0.0, Diff:  0.0, Sum:  0.1, Workers: 4
[478.983s][debug][gc,phases      ] GC(32)     Dead                           Min: 0, Avg:  0.0, Max: 0, Diff: 0, Sum: 0, Workers: 4
[478.983s][debug][gc,phases      ] GC(32)     Total                          Min: 0, Avg: 2034.0, Max: 3528, Diff: 3528, Sum: 8136, Workers: 4
[478.983s][debug][gc,phases      ] GC(32)   JNI Weak                       Min:  0.0, Avg:  0.0, Max:  0.0, Diff:  0.0, Sum:  0.0, Workers: 4
[478.983s][debug][gc,phases      ] GC(32)     Dead                           Min: 0, Avg:  0.0, Max: 0, Diff: 0, Sum: 0, Workers: 4
[478.983s][debug][gc,phases      ] GC(32)     Total                          Min: 0, Avg: 11.2, Max: 45, Diff: 45, Sum: 45, Workers: 4
[478.983s][debug][gc,phases      ] GC(32)   StringDedup Table Weak         Min:  0.0, Avg:  0.0, Max:  0.0, Diff:  0.0, Sum:  0.0, Workers: 4
[478.983s][debug][gc,phases      ] GC(32)     Dead                           Min: 0, Avg:  0.0, Max: 0, Diff: 0, Sum: 0, Workers: 4
[478.983s][debug][gc,phases      ] GC(32)     Total                          Min: 0, Avg:  0.0, Max: 0, Diff: 0, Sum: 0, Workers: 4
[478.983s][debug][gc,phases      ] GC(32)   StringDedup Requests0 Weak     Min:  0.0, Avg:  0.0, Max:  0.0, Diff:  0.0, Sum:  0.0, Workers: 4
[478.983s][debug][gc,phases      ] GC(32)     Dead                           Min: 0, Avg:  0.0, Max: 0, Diff: 0, Sum: 0, Workers: 4
[478.983s][debug][gc,phases      ] GC(32)     Total                          Min: 0, Avg:  0.0, Max: 0, Diff: 0, Sum: 0, Workers: 4
[478.983s][debug][gc,phases      ] GC(32)   StringDedup Requests1 Weak     Min:  0.0, Avg:  0.0, Max:  0.0, Diff:  0.0, Sum:  0.0, Workers: 4
[478.983s][debug][gc,phases      ] GC(32)     Dead                           Min: 0, Avg:  0.0, Max: 0, Diff: 0, Sum: 0, Workers: 4
[478.983s][debug][gc,phases      ] GC(32)     Total                          Min: 0, Avg:  0.0, Max: 0, Diff: 0, Sum: 0, Workers: 4
[478.983s][debug][gc,phases      ] GC(32)   Weak JFR Old Object Samples    Min:  0.0, Avg:  0.0, Max:  0.0, Diff:  0.0, Sum:  0.0, Workers: 4
[478.983s][debug][gc,phases      ] GC(32)     Dead                           Min: 0, Avg:  0.0, Max: 0, Diff: 0, Sum: 0, Workers: 4
[478.983s][debug][gc,phases      ] GC(32)     Total                          Min: 0, Avg:  0.0, Max: 0, Diff: 0, Sum: 0, Workers: 4
[478.983s][debug][gc,phases      ] GC(32) Weak Processing 0.327ms
[478.983s][debug][gc,age         ] GC(32) Desired survivor size 337641472 bytes, new threshold 15 (max threshold 15)
[478.983s][info ][gc,heap        ] GC(32) PSYoungGen: 1415520K(1755648K)->352K(1767424K) Eden: 1415168K(1415168K)->0K(1431040K) From: 352K(340480K)->352K(336384K)
[478.983s][info ][gc,heap        ] GC(32) ParOldGen: 220230K(354304K)->220230K(354304K)
[478.983s][info ][gc,metaspace   ] GC(32) Metaspace: 75735K(76608K)->75735K(76608K) NonClass: 64886K(65344K)->64886K(65344K) Class: 10849K(11264K)->10849K(11264K)
[478.983s][info ][gc             ] GC(32) Pause Young (Allocation Failure) 1597M->215M(2072M) 0.963ms
[478.983s][info ][gc,cpu         ] GC(32) User=0.00s Sys=0.00s Real=0.00s
[478.983s][info ][safepoint      ] Safepoint "ParallelGCFailedAllocation", Time since last: 3799631034 ns, Reaching safepoint: 23000 ns, At safepoint: 1041004 ns, Total: 1064004 ns
[494.984s][info ][safepoint      ] Safepoint "Cleanup", Time since last: 16000972541 ns, Reaching safepoint: 37000 ns, At safepoint: 2500 ns, Total: 39500 ns
[499.985s][info ][safepoint      ] Safepoint "Cleanup", Time since last: 5000338538 ns, Reaching safepoint: 26700 ns, At safepoint: 2300 ns, Total: 29000 ns
[503.131s][info ][gc,start       ] GC(33) Pause Young (Allocation Failure)
[503.132s][debug][gc,phases      ] GC(33) Scavenge 0.684ms
[503.132s][debug][gc,ref         ] GC(33) Skipped phase 1 of Reference Processing: no references
[503.132s][debug][gc,ref         ] GC(33) Skipped phase 2 of Reference Processing: no references
[503.132s][debug][gc,ref         ] GC(33) Skipped phase 3 of Reference Processing: no references
[503.132s][debug][gc,ref         ] GC(33) Skipped phase 4 of Reference Processing: no references
[503.132s][debug][gc,phases      ] GC(33) Reference Processing 0.018ms
[503.132s][debug][gc,phases      ] GC(33)   VM Weak                        Min:  0.0, Avg:  0.0, Max:  0.0, Diff:  0.0, Sum:  0.0, Workers: 4
[503.132s][debug][gc,phases      ] GC(33)     Dead                           Min: 0, Avg:  0.0, Max: 0, Diff: 0, Sum: 0, Workers: 4
[503.132s][debug][gc,phases      ] GC(33)     Total                          Min: 0, Avg: 163.8, Max: 448, Diff: 448, Sum: 655, Workers: 4
[503.132s][debug][gc,phases      ] GC(33)   ObjectSynchronizer Weak        Min:  0.0, Avg:  0.0, Max:  0.0, Diff:  0.0, Sum:  0.0, Workers: 4
[503.132s][debug][gc,phases      ] GC(33)     Dead                           Min: 0, Avg:  0.0, Max: 0, Diff: 0, Sum: 0, Workers: 4
[503.132s][debug][gc,phases      ] GC(33)     Total                          Min: 0, Avg:  7.2, Max: 29, Diff: 29, Sum: 29, Workers: 4
[503.132s][debug][gc,phases      ] GC(33)   JVMTI Tag Weak OopStorage      Min:  0.0, Avg:  0.0, Max:  0.0, Diff:  0.0, Sum:  0.0, Workers: 4
[503.132s][debug][gc,phases      ] GC(33)     Dead                           Min: 0, Avg:  0.0, Max: 0, Diff: 0, Sum: 0, Workers: 4
[503.132s][debug][gc,phases      ] GC(33)     Total                          Min: 0, Avg:  0.0, Max: 0, Diff: 0, Sum: 0, Workers: 4
[503.132s][debug][gc,phases      ] GC(33)   StringTable Weak               Min:  0.1, Avg:  0.1, Max:  0.1, Diff:  0.0, Sum:  0.4, Workers: 4
[503.132s][debug][gc,phases      ] GC(33)     Dead                           Min: 0, Avg:  0.0, Max: 0, Diff: 0, Sum: 0, Workers: 4
[503.132s][debug][gc,phases      ] GC(33)     Total                          Min: 10280, Avg: 10505.5, Max: 10688, Diff: 408, Sum: 42022, Workers: 4
[503.132s][debug][gc,phases      ] GC(33)   ResolvedMethodTable Weak       Min:  0.0, Avg:  0.0, Max:  0.0, Diff:  0.0, Sum:  0.1, Workers: 4
[503.132s][debug][gc,phases      ] GC(33)     Dead                           Min: 0, Avg:  0.0, Max: 0, Diff: 0, Sum: 0, Workers: 4
[503.132s][debug][gc,phases      ] GC(33)     Total                          Min: 1984, Avg: 2034.0, Max: 2120, Diff: 136, Sum: 8136, Workers: 4
[503.132s][debug][gc,phases      ] GC(33)   JNI Weak                       Min:  0.0, Avg:  0.0, Max:  0.0, Diff:  0.0, Sum:  0.0, Workers: 4
[503.132s][debug][gc,phases      ] GC(33)     Dead                           Min: 0, Avg:  0.0, Max: 0, Diff: 0, Sum: 0, Workers: 4
[503.132s][debug][gc,phases      ] GC(33)     Total                          Min: 0, Avg: 11.2, Max: 45, Diff: 45, Sum: 45, Workers: 4
[503.132s][debug][gc,phases      ] GC(33)   StringDedup Table Weak         Min:  0.0, Avg:  0.0, Max:  0.0, Diff:  0.0, Sum:  0.0, Workers: 4
[503.132s][debug][gc,phases      ] GC(33)     Dead                           Min: 0, Avg:  0.0, Max: 0, Diff: 0, Sum: 0, Workers: 4
[503.132s][debug][gc,phases      ] GC(33)     Total                          Min: 0, Avg:  0.0, Max: 0, Diff: 0, Sum: 0, Workers: 4
[503.132s][debug][gc,phases      ] GC(33)   StringDedup Requests0 Weak     Min:  0.0, Avg:  0.0, Max:  0.0, Diff:  0.0, Sum:  0.0, Workers: 4
[503.132s][debug][gc,phases      ] GC(33)     Dead                           Min: 0, Avg:  0.0, Max: 0, Diff: 0, Sum: 0, Workers: 4
[503.132s][debug][gc,phases      ] GC(33)     Total                          Min: 0, Avg:  0.0, Max: 0, Diff: 0, Sum: 0, Workers: 4
[503.132s][debug][gc,phases      ] GC(33)   StringDedup Requests1 Weak     Min:  0.0, Avg:  0.0, Max:  0.0, Diff:  0.0, Sum:  0.0, Workers: 4
[503.132s][debug][gc,phases      ] GC(33)     Dead                           Min: 0, Avg:  0.0, Max: 0, Diff: 0, Sum: 0, Workers: 4
[503.132s][debug][gc,phases      ] GC(33)     Total                          Min: 0, Avg:  0.0, Max: 0, Diff: 0, Sum: 0, Workers: 4
[503.132s][debug][gc,phases      ] GC(33)   Weak JFR Old Object Samples    Min:  0.0, Avg:  0.0, Max:  0.0, Diff:  0.0, Sum:  0.0, Workers: 4
[503.132s][debug][gc,phases      ] GC(33)     Dead                           Min: 0, Avg:  0.0, Max: 0, Diff: 0, Sum: 0, Workers: 4
[503.132s][debug][gc,phases      ] GC(33)     Total                          Min: 0, Avg:  0.0, Max: 0, Diff: 0, Sum: 0, Workers: 4
[503.132s][debug][gc,phases      ] GC(33) Weak Processing 0.277ms
[503.132s][debug][gc,age         ] GC(33) Desired survivor size 328728576 bytes, new threshold 15 (max threshold 15)
[503.132s][info ][gc,heap        ] GC(33) PSYoungGen: 1431392K(1767424K)->352K(1760768K) Eden: 1431040K(1431040K)->0K(1431040K) From: 352K(336384K)->352K(329728K)
[503.132s][info ][gc,heap        ] GC(33) ParOldGen: 220230K(354304K)->220230K(354304K)
[503.132s][info ][gc,metaspace   ] GC(33) Metaspace: 75739K(76608K)->75739K(76608K) NonClass: 64886K(65344K)->64886K(65344K) Class: 10853K(11264K)->10853K(11264K)
[503.132s][info ][gc             ] GC(33) Pause Young (Allocation Failure) 1612M->215M(2065M) 1.067ms
[503.132s][info ][gc,cpu         ] GC(33) User=0.00s Sys=0.00s Real=0.00s
[503.132s][info ][safepoint      ] Safepoint "ParallelGCFailedAllocation", Time since last: 3146279565 ns, Reaching safepoint: 27700 ns, At safepoint: 1127405 ns, Total: 1155105 ns
[504.132s][info ][safepoint      ] Safepoint "Cleanup", Time since last: 1000091009 ns, Reaching safepoint: 104301 ns, At safepoint: 7200 ns, Total: 111501 ns
[527.282s][info ][gc,start       ] GC(34) Pause Young (Allocation Failure)
[527.283s][debug][gc,phases      ] GC(34) Scavenge 0.872ms
[527.283s][debug][gc,ref         ] GC(34) Skipped phase 1 of Reference Processing: no references
[527.283s][debug][gc,ref         ] GC(34) Skipped phase 2 of Reference Processing: no references
[527.283s][debug][gc,ref         ] GC(34) Skipped phase 3 of Reference Processing: no references
[527.283s][debug][gc,ref         ] GC(34) Skipped phase 4 of Reference Processing: no references
[527.283s][debug][gc,phases      ] GC(34) Reference Processing 0.018ms
[527.283s][debug][gc,phases      ] GC(34)   VM Weak                        Min:  0.0, Avg:  0.0, Max:  0.0, Diff:  0.0, Sum:  0.0, Workers: 4
[527.283s][debug][gc,phases      ] GC(34)     Dead                           Min: 0, Avg:  0.0, Max: 0, Diff: 0, Sum: 0, Workers: 4
[527.283s][debug][gc,phases      ] GC(34)     Total                          Min: 0, Avg: 163.8, Max: 591, Diff: 591, Sum: 655, Workers: 4
[527.283s][debug][gc,phases      ] GC(34)   ObjectSynchronizer Weak        Min:  0.0, Avg:  0.0, Max:  0.0, Diff:  0.0, Sum:  0.0, Workers: 4
[527.283s][debug][gc,phases      ] GC(34)     Dead                           Min: 0, Avg:  0.0, Max: 0, Diff: 0, Sum: 0, Workers: 4
[527.283s][debug][gc,phases      ] GC(34)     Total                          Min: 0, Avg:  7.2, Max: 29, Diff: 29, Sum: 29, Workers: 4
[527.283s][debug][gc,phases      ] GC(34)   JVMTI Tag Weak OopStorage      Min:  0.0, Avg:  0.0, Max:  0.0, Diff:  0.0, Sum:  0.0, Workers: 4
[527.283s][debug][gc,phases      ] GC(34)     Dead                           Min: 0, Avg:  0.0, Max: 0, Diff: 0, Sum: 0, Workers: 4
[527.283s][debug][gc,phases      ] GC(34)     Total                          Min: 0, Avg:  0.0, Max: 0, Diff: 0, Sum: 0, Workers: 4
[527.283s][debug][gc,phases      ] GC(34)   StringTable Weak               Min:  0.0, Avg:  0.1, Max:  0.1, Diff:  0.1, Sum:  0.3, Workers: 4
[527.283s][debug][gc,phases      ] GC(34)     Dead                           Min: 0, Avg:  0.0, Max: 0, Diff: 0, Sum: 0, Workers: 4
[527.283s][debug][gc,phases      ] GC(34)     Total                          Min: 0, Avg: 10505.5, Max: 16640, Diff: 16640, Sum: 42022, Workers: 4
[527.283s][debug][gc,phases      ] GC(34)   ResolvedMethodTable Weak       Min:  0.0, Avg:  0.0, Max:  0.0, Diff:  0.0, Sum:  0.1, Workers: 4
[527.283s][debug][gc,phases      ] GC(34)     Dead                           Min: 0, Avg:  0.0, Max: 0, Diff: 0, Sum: 0, Workers: 4
[527.283s][debug][gc,phases      ] GC(34)     Total                          Min: 0, Avg: 2034.0, Max: 3336, Diff: 3336, Sum: 8136, Workers: 4
[527.283s][debug][gc,phases      ] GC(34)   JNI Weak                       Min:  0.0, Avg:  0.0, Max:  0.0, Diff:  0.0, Sum:  0.0, Workers: 4
[527.283s][debug][gc,phases      ] GC(34)     Dead                           Min: 0, Avg:  0.0, Max: 0, Diff: 0, Sum: 0, Workers: 4
[527.283s][debug][gc,phases      ] GC(34)     Total                          Min: 0, Avg: 11.2, Max: 45, Diff: 45, Sum: 45, Workers: 4
[527.283s][debug][gc,phases      ] GC(34)   StringDedup Table Weak         Min:  0.0, Avg:  0.0, Max:  0.0, Diff:  0.0, Sum:  0.0, Workers: 4
[527.283s][debug][gc,phases      ] GC(34)     Dead                           Min: 0, Avg:  0.0, Max: 0, Diff: 0, Sum: 0, Workers: 4
[527.283s][debug][gc,phases      ] GC(34)     Total                          Min: 0, Avg:  0.0, Max: 0, Diff: 0, Sum: 0, Workers: 4
[527.283s][debug][gc,phases      ] GC(34)   StringDedup Requests0 Weak     Min:  0.0, Avg:  0.0, Max:  0.0, Diff:  0.0, Sum:  0.0, Workers: 4
[527.283s][debug][gc,phases      ] GC(34)     Dead                           Min: 0, Avg:  0.0, Max: 0, Diff: 0, Sum: 0, Workers: 4
[527.283s][debug][gc,phases      ] GC(34)     Total                          Min: 0, Avg:  0.0, Max: 0, Diff: 0, Sum: 0, Workers: 4
[527.283s][debug][gc,phases      ] GC(34)   StringDedup Requests1 Weak     Min:  0.0, Avg:  0.0, Max:  0.0, Diff:  0.0, Sum:  0.0, Workers: 4
[527.283s][debug][gc,phases      ] GC(34)     Dead                           Min: 0, Avg:  0.0, Max: 0, Diff: 0, Sum: 0, Workers: 4
[527.283s][debug][gc,phases      ] GC(34)     Total                          Min: 0, Avg:  0.0, Max: 0, Diff: 0, Sum: 0, Workers: 4
[527.283s][debug][gc,phases      ] GC(34)   Weak JFR Old Object Samples    Min:  0.0, Avg:  0.0, Max:  0.0, Diff:  0.0, Sum:  0.0, Workers: 4
[527.283s][debug][gc,phases      ] GC(34)     Dead                           Min: 0, Avg:  0.0, Max: 0, Diff: 0, Sum: 0, Workers: 4
[527.283s][debug][gc,phases      ] GC(34)     Total                          Min: 0, Avg:  0.0, Max: 0, Diff: 0, Sum: 0, Workers: 4
[527.283s][debug][gc,phases      ] GC(34) Weak Processing 0.306ms
[527.283s][debug][gc,age         ] GC(34) Desired survivor size 318242816 bytes, new threshold 15 (max threshold 15)
[527.283s][info ][gc,heap        ] GC(34) PSYoungGen: 1431392K(1760768K)->352K(1786368K) Eden: 1431040K(1431040K)->0K(1465344K) From: 352K(329728K)->352K(321024K)
[527.283s][info ][gc,heap        ] GC(34) ParOldGen: 220230K(354304K)->220230K(354304K)
[527.283s][info ][gc,metaspace   ] GC(34) Metaspace: 75739K(76608K)->75739K(76608K) NonClass: 64886K(65344K)->64886K(65344K) Class: 10853K(11264K)->10853K(11264K)
[527.283s][info ][gc             ] GC(34) Pause Young (Allocation Failure) 1612M->215M(2090M) 1.279ms
[527.283s][info ][gc,cpu         ] GC(34) User=0.00s Sys=0.00s Real=0.00s
[527.283s][info ][safepoint      ] Safepoint "ParallelGCFailedAllocation", Time since last: 23149579469 ns, Reaching safepoint: 32700 ns, At safepoint: 1334709 ns, Total: 1367409 ns
[539.284s][info ][safepoint      ] Safepoint "Cleanup", Time since last: 12000789911 ns, Reaching safepoint: 40101 ns, At safepoint: 24500 ns, Total: 64601 ns
[552.079s][info ][gc,start       ] GC(35) Pause Young (Allocation Failure)
[552.080s][debug][gc,phases      ] GC(35) Scavenge 0.961ms
[552.080s][debug][gc,ref         ] GC(35) Skipped phase 1 of Reference Processing: no references
[552.080s][debug][gc,ref         ] GC(35) Skipped phase 2 of Reference Processing: no references
[552.080s][debug][gc,ref         ] GC(35) Skipped phase 3 of Reference Processing: no references
[552.080s][debug][gc,ref         ] GC(35) Skipped phase 4 of Reference Processing: no references
[552.080s][debug][gc,phases      ] GC(35) Reference Processing 0.019ms
[552.081s][debug][gc,phases      ] GC(35)   VM Weak                        Min:  0.0, Avg:  0.0, Max:  0.0, Diff:  0.0, Sum:  0.0, Workers: 4
[552.081s][debug][gc,phases      ] GC(35)     Dead                           Min: 0, Avg:  0.0, Max: 0, Diff: 0, Sum: 0, Workers: 4
[552.081s][debug][gc,phases      ] GC(35)     Total                          Min: 0, Avg: 163.8, Max: 655, Diff: 655, Sum: 655, Workers: 4
[552.081s][debug][gc,phases      ] GC(35)   ObjectSynchronizer Weak        Min:  0.0, Avg:  0.0, Max:  0.0, Diff:  0.0, Sum:  0.0, Workers: 4
[552.081s][debug][gc,phases      ] GC(35)     Dead                           Min: 0, Avg:  0.0, Max: 0, Diff: 0, Sum: 0, Workers: 4
[552.081s][debug][gc,phases      ] GC(35)     Total                          Min: 0, Avg:  7.2, Max: 29, Diff: 29, Sum: 29, Workers: 4
[552.081s][debug][gc,phases      ] GC(35)   JVMTI Tag Weak OopStorage      Min:  0.0, Avg:  0.0, Max:  0.0, Diff:  0.0, Sum:  0.0, Workers: 4
[552.081s][debug][gc,phases      ] GC(35)     Dead                           Min: 0, Avg:  0.0, Max: 0, Diff: 0, Sum: 0, Workers: 4
[552.081s][debug][gc,phases      ] GC(35)     Total                          Min: 0, Avg:  0.0, Max: 0, Diff: 0, Sum: 0, Workers: 4
[552.081s][debug][gc,phases      ] GC(35)   StringTable Weak               Min:  0.0, Avg:  0.1, Max:  0.1, Diff:  0.1, Sum:  0.3, Workers: 4
[552.081s][debug][gc,phases      ] GC(35)     Dead                           Min: 0, Avg:  0.0, Max: 0, Diff: 0, Sum: 0, Workers: 4
[552.081s][debug][gc,phases      ] GC(35)     Total                          Min: 0, Avg: 10505.8, Max: 15528, Diff: 15528, Sum: 42023, Workers: 4
[552.081s][debug][gc,phases      ] GC(35)   ResolvedMethodTable Weak       Min:  0.0, Avg:  0.0, Max:  0.0, Diff:  0.0, Sum:  0.1, Workers: 4
[552.081s][debug][gc,phases      ] GC(35)     Dead                           Min: 0, Avg:  0.0, Max: 0, Diff: 0, Sum: 0, Workers: 4
[552.081s][debug][gc,phases      ] GC(35)     Total                          Min: 0, Avg: 2034.0, Max: 3336, Diff: 3336, Sum: 8136, Workers: 4
[552.081s][debug][gc,phases      ] GC(35)   JNI Weak                       Min:  0.0, Avg:  0.0, Max:  0.0, Diff:  0.0, Sum:  0.0, Workers: 4
[552.081s][debug][gc,phases      ] GC(35)     Dead                           Min: 0, Avg:  0.0, Max: 0, Diff: 0, Sum: 0, Workers: 4
[552.081s][debug][gc,phases      ] GC(35)     Total                          Min: 0, Avg: 11.2, Max: 45, Diff: 45, Sum: 45, Workers: 4
[552.081s][debug][gc,phases      ] GC(35)   StringDedup Table Weak         Min:  0.0, Avg:  0.0, Max:  0.0, Diff:  0.0, Sum:  0.0, Workers: 4
[552.081s][debug][gc,phases      ] GC(35)     Dead                           Min: 0, Avg:  0.0, Max: 0, Diff: 0, Sum: 0, Workers: 4
[552.081s][debug][gc,phases      ] GC(35)     Total                          Min: 0, Avg:  0.0, Max: 0, Diff: 0, Sum: 0, Workers: 4
[552.081s][debug][gc,phases      ] GC(35)   StringDedup Requests0 Weak     Min:  0.0, Avg:  0.0, Max:  0.0, Diff:  0.0, Sum:  0.0, Workers: 4
[552.081s][debug][gc,phases      ] GC(35)     Dead                           Min: 0, Avg:  0.0, Max: 0, Diff: 0, Sum: 0, Workers: 4
[552.081s][debug][gc,phases      ] GC(35)     Total                          Min: 0, Avg:  0.0, Max: 0, Diff: 0, Sum: 0, Workers: 4
[552.081s][debug][gc,phases      ] GC(35)   StringDedup Requests1 Weak     Min:  0.0, Avg:  0.0, Max:  0.0, Diff:  0.0, Sum:  0.0, Workers: 4
[552.081s][debug][gc,phases      ] GC(35)     Dead                           Min: 0, Avg:  0.0, Max: 0, Diff: 0, Sum: 0, Workers: 4
[552.081s][debug][gc,phases      ] GC(35)     Total                          Min: 0, Avg:  0.0, Max: 0, Diff: 0, Sum: 0, Workers: 4
[552.081s][debug][gc,phases      ] GC(35)   Weak JFR Old Object Samples    Min:  0.0, Avg:  0.0, Max:  0.0, Diff:  0.0, Sum:  0.0, Workers: 4
[552.081s][debug][gc,phases      ] GC(35)     Dead                           Min: 0, Avg:  0.0, Max: 0, Diff: 0, Sum: 0, Workers: 4
[552.081s][debug][gc,phases      ] GC(35)     Total                          Min: 0, Avg:  0.0, Max: 0, Diff: 0, Sum: 0, Workers: 4
[552.081s][debug][gc,phases      ] GC(35) Weak Processing 0.327ms
[552.081s][debug][gc,age         ] GC(35) Desired survivor size 306708480 bytes, new threshold 15 (max threshold 15)
[552.081s][info ][gc,heap        ] GC(35) PSYoungGen: 1465696K(1786368K)->384K(1776128K) Eden: 1465344K(1465344K)->0K(1465344K) From: 352K(321024K)->384K(310784K)
[552.081s][info ][gc,heap        ] GC(35) ParOldGen: 220230K(354304K)->220230K(354304K)
[552.081s][info ][gc,metaspace   ] GC(35) Metaspace: 75739K(76608K)->75739K(76608K) NonClass: 64886K(65344K)->64886K(65344K) Class: 10853K(11264K)->10853K(11264K)
[552.081s][info ][gc             ] GC(35) Pause Young (Allocation Failure) 1646M->215M(2080M) 1.392ms
[552.081s][info ][gc,cpu         ] GC(35) User=0.00s Sys=0.01s Real=0.00s
[552.081s][info ][safepoint      ] Safepoint "ParallelGCFailedAllocation", Time since last: 12795376530 ns, Reaching safepoint: 28100 ns, At safepoint: 1460112 ns, Total: 1488212 ns
[576.829s][info ][gc,start       ] GC(36) Pause Young (Allocation Failure)
[576.830s][debug][gc,phases      ] GC(36) Scavenge 0.900ms
[576.830s][debug][gc,ref         ] GC(36) Skipped phase 1 of Reference Processing: no references
[576.830s][debug][gc,ref         ] GC(36) Skipped phase 2 of Reference Processing: no references
[576.830s][debug][gc,ref         ] GC(36) Skipped phase 3 of Reference Processing: no references
[576.830s][debug][gc,ref         ] GC(36) Skipped phase 4 of Reference Processing: no references
[576.830s][debug][gc,phases      ] GC(36) Reference Processing 0.018ms
[576.830s][debug][gc,phases      ] GC(36)   VM Weak                        Min:  0.0, Avg:  0.0, Max:  0.0, Diff:  0.0, Sum:  0.0, Workers: 4
[576.830s][debug][gc,phases      ] GC(36)     Dead                           Min: 0, Avg:  0.0, Max: 0, Diff: 0, Sum: 0, Workers: 4
[576.830s][debug][gc,phases      ] GC(36)     Total                          Min: 0, Avg: 163.8, Max: 335, Diff: 335, Sum: 655, Workers: 4
[576.830s][debug][gc,phases      ] GC(36)   ObjectSynchronizer Weak        Min:  0.0, Avg:  0.0, Max:  0.0, Diff:  0.0, Sum:  0.0, Workers: 4
[576.830s][debug][gc,phases      ] GC(36)     Dead                           Min: 0, Avg:  0.0, Max: 0, Diff: 0, Sum: 0, Workers: 4
[576.830s][debug][gc,phases      ] GC(36)     Total                          Min: 0, Avg:  7.2, Max: 29, Diff: 29, Sum: 29, Workers: 4
[576.831s][debug][gc,phases      ] GC(36)   JVMTI Tag Weak OopStorage      Min:  0.0, Avg:  0.0, Max:  0.0, Diff:  0.0, Sum:  0.0, Workers: 4
[576.831s][debug][gc,phases      ] GC(36)     Dead                           Min: 0, Avg:  0.0, Max: 0, Diff: 0, Sum: 0, Workers: 4
[576.831s][debug][gc,phases      ] GC(36)     Total                          Min: 0, Avg:  0.0, Max: 0, Diff: 0, Sum: 0, Workers: 4
[576.831s][debug][gc,phases      ] GC(36)   StringTable Weak               Min:  0.0, Avg:  0.1, Max:  0.1, Diff:  0.1, Sum:  0.3, Workers: 4
[576.831s][debug][gc,phases      ] GC(36)     Dead                           Min: 0, Avg:  0.0, Max: 0, Diff: 0, Sum: 0, Workers: 4
[576.831s][debug][gc,phases      ] GC(36)     Total                          Min: 0, Avg: 10505.8, Max: 17087, Diff: 17087, Sum: 42023, Workers: 4
[576.831s][debug][gc,phases      ] GC(36)   ResolvedMethodTable Weak       Min:  0.0, Avg:  0.0, Max:  0.0, Diff:  0.0, Sum:  0.1, Workers: 4
[576.831s][debug][gc,phases      ] GC(36)     Dead                           Min: 0, Avg:  0.0, Max: 0, Diff: 0, Sum: 0, Workers: 4
[576.831s][debug][gc,phases      ] GC(36)     Total                          Min: 0, Avg: 2034.0, Max: 3400, Diff: 3400, Sum: 8136, Workers: 4
[576.831s][debug][gc,phases      ] GC(36)   JNI Weak                       Min:  0.0, Avg:  0.0, Max:  0.0, Diff:  0.0, Sum:  0.0, Workers: 4
[576.831s][debug][gc,phases      ] GC(36)     Dead                           Min: 0, Avg:  0.0, Max: 0, Diff: 0, Sum: 0, Workers: 4
[576.831s][debug][gc,phases      ] GC(36)     Total                          Min: 0, Avg: 11.2, Max: 45, Diff: 45, Sum: 45, Workers: 4
[576.831s][debug][gc,phases      ] GC(36)   StringDedup Table Weak         Min:  0.0, Avg:  0.0, Max:  0.0, Diff:  0.0, Sum:  0.0, Workers: 4
[576.831s][debug][gc,phases      ] GC(36)     Dead                           Min: 0, Avg:  0.0, Max: 0, Diff: 0, Sum: 0, Workers: 4
[576.831s][debug][gc,phases      ] GC(36)     Total                          Min: 0, Avg:  0.0, Max: 0, Diff: 0, Sum: 0, Workers: 4
[576.831s][debug][gc,phases      ] GC(36)   StringDedup Requests0 Weak     Min:  0.0, Avg:  0.0, Max:  0.0, Diff:  0.0, Sum:  0.0, Workers: 4
[576.831s][debug][gc,phases      ] GC(36)     Dead                           Min: 0, Avg:  0.0, Max: 0, Diff: 0, Sum: 0, Workers: 4
[576.831s][debug][gc,phases      ] GC(36)     Total                          Min: 0, Avg:  0.0, Max: 0, Diff: 0, Sum: 0, Workers: 4
[576.831s][debug][gc,phases      ] GC(36)   StringDedup Requests1 Weak     Min:  0.0, Avg:  0.0, Max:  0.0, Diff:  0.0, Sum:  0.0, Workers: 4
[576.831s][debug][gc,phases      ] GC(36)     Dead                           Min: 0, Avg:  0.0, Max: 0, Diff: 0, Sum: 0, Workers: 4
[576.831s][debug][gc,phases      ] GC(36)     Total                          Min: 0, Avg:  0.0, Max: 0, Diff: 0, Sum: 0, Workers: 4
[576.831s][debug][gc,phases      ] GC(36)   Weak JFR Old Object Samples    Min:  0.0, Avg:  0.0, Max:  0.0, Diff:  0.0, Sum:  0.0, Workers: 4
[576.831s][debug][gc,phases      ] GC(36)     Dead                           Min: 0, Avg:  0.0, Max: 0, Diff: 0, Sum: 0, Workers: 4
[576.831s][debug][gc,phases      ] GC(36)     Total                          Min: 0, Avg:  0.0, Max: 0, Diff: 0, Sum: 0, Workers: 4
[576.831s][debug][gc,phases      ] GC(36) Weak Processing 0.302ms
[576.831s][debug][gc,age         ] GC(36) Desired survivor size 294125568 bytes, new threshold 15 (max threshold 15)
[576.831s][info ][gc,heap        ] GC(36) PSYoungGen: 1465728K(1776128K)->352K(1809920K) Eden: 1465344K(1465344K)->0K(1510400K) From: 384K(310784K)->352K(299520K)
[576.831s][info ][gc,heap        ] GC(36) ParOldGen: 220230K(354304K)->220230K(354304K)
[576.831s][info ][gc,metaspace   ] GC(36) Metaspace: 75740K(76608K)->75740K(76608K) NonClass: 64886K(65344K)->64886K(65344K) Class: 10853K(11264K)->10853K(11264K)
[576.831s][info ][gc             ] GC(36) Pause Young (Allocation Failure) 1646M->215M(2113M) 1.307ms
[576.831s][info ][gc,cpu         ] GC(36) User=0.01s Sys=0.00s Real=0.00s
[576.831s][info ][safepoint      ] Safepoint "ParallelGCFailedAllocation", Time since last: 24748467696 ns, Reaching safepoint: 25101 ns, At safepoint: 1362210 ns, Total: 1387311 ns
[602.331s][info ][gc,start       ] GC(37) Pause Young (Allocation Failure)
[602.331s][debug][gc,phases      ] GC(37) Scavenge 0.673ms
[602.331s][debug][gc,ref         ] GC(37) Skipped phase 1 of Reference Processing: no references
[602.331s][debug][gc,ref         ] GC(37) Skipped phase 2 of Reference Processing: no references
[602.331s][debug][gc,ref         ] GC(37) Skipped phase 3 of Reference Processing: no references
[602.331s][debug][gc,ref         ] GC(37) Skipped phase 4 of Reference Processing: no references
[602.331s][debug][gc,phases      ] GC(37) Reference Processing 0.020ms
[602.331s][debug][gc,phases      ] GC(37)   VM Weak                        Min:  0.0, Avg:  0.0, Max:  0.0, Diff:  0.0, Sum:  0.0, Workers: 4
[602.331s][debug][gc,phases      ] GC(37)     Dead                           Min: 0, Avg:  0.0, Max: 0, Diff: 0, Sum: 0, Workers: 4
[602.332s][debug][gc,phases      ] GC(37)     Total                          Min: 0, Avg: 163.8, Max: 384, Diff: 384, Sum: 655, Workers: 4
[602.332s][debug][gc,phases      ] GC(37)   ObjectSynchronizer Weak        Min:  0.0, Avg:  0.0, Max:  0.0, Diff:  0.0, Sum:  0.0, Workers: 4
[602.332s][debug][gc,phases      ] GC(37)     Dead                           Min: 0, Avg:  0.0, Max: 0, Diff: 0, Sum: 0, Workers: 4
[602.332s][debug][gc,phases      ] GC(37)     Total                          Min: 0, Avg:  7.2, Max: 29, Diff: 29, Sum: 29, Workers: 4
[602.332s][debug][gc,phases      ] GC(37)   JVMTI Tag Weak OopStorage      Min:  0.0, Avg:  0.0, Max:  0.0, Diff:  0.0, Sum:  0.0, Workers: 4
[602.332s][debug][gc,phases      ] GC(37)     Dead                           Min: 0, Avg:  0.0, Max: 0, Diff: 0, Sum: 0, Workers: 4
[602.332s][debug][gc,phases      ] GC(37)     Total                          Min: 0, Avg:  0.0, Max: 0, Diff: 0, Sum: 0, Workers: 4
[602.332s][debug][gc,phases      ] GC(37)   StringTable Weak               Min:  0.0, Avg:  0.1, Max:  0.1, Diff:  0.1, Sum:  0.4, Workers: 4
[602.332s][debug][gc,phases      ] GC(37)     Dead                           Min: 0, Avg:  0.0, Max: 0, Diff: 0, Sum: 0, Workers: 4
[602.332s][debug][gc,phases      ] GC(37)     Total                          Min: 4969, Avg: 10505.8, Max: 13630, Diff: 8661, Sum: 42023, Workers: 4
[602.332s][debug][gc,phases      ] GC(37)   ResolvedMethodTable Weak       Min:  0.0, Avg:  0.0, Max:  0.0, Diff:  0.0, Sum:  0.1, Workers: 4
[602.332s][debug][gc,phases      ] GC(37)     Dead                           Min: 0, Avg:  0.0, Max: 0, Diff: 0, Sum: 0, Workers: 4
[602.332s][debug][gc,phases      ] GC(37)     Total                          Min: 640, Avg: 2034.0, Max: 2624, Diff: 1984, Sum: 8136, Workers: 4
[602.332s][debug][gc,phases      ] GC(37)   JNI Weak                       Min:  0.0, Avg:  0.0, Max:  0.0, Diff:  0.0, Sum:  0.0, Workers: 4
[602.332s][debug][gc,phases      ] GC(37)     Dead                           Min: 0, Avg:  0.0, Max: 0, Diff: 0, Sum: 0, Workers: 4
[602.332s][debug][gc,phases      ] GC(37)     Total                          Min: 0, Avg: 11.2, Max: 45, Diff: 45, Sum: 45, Workers: 4
[602.332s][debug][gc,phases      ] GC(37)   StringDedup Table Weak         Min:  0.0, Avg:  0.0, Max:  0.0, Diff:  0.0, Sum:  0.0, Workers: 4
[602.332s][debug][gc,phases      ] GC(37)     Dead                           Min: 0, Avg:  0.0, Max: 0, Diff: 0, Sum: 0, Workers: 4
[602.332s][debug][gc,phases      ] GC(37)     Total                          Min: 0, Avg:  0.0, Max: 0, Diff: 0, Sum: 0, Workers: 4
[602.332s][debug][gc,phases      ] GC(37)   StringDedup Requests0 Weak     Min:  0.0, Avg:  0.0, Max:  0.0, Diff:  0.0, Sum:  0.0, Workers: 4
[602.332s][debug][gc,phases      ] GC(37)     Dead                           Min: 0, Avg:  0.0, Max: 0, Diff: 0, Sum: 0, Workers: 4
[602.332s][debug][gc,phases      ] GC(37)     Total                          Min: 0, Avg:  0.0, Max: 0, Diff: 0, Sum: 0, Workers: 4
[602.332s][debug][gc,phases      ] GC(37)   StringDedup Requests1 Weak     Min:  0.0, Avg:  0.0, Max:  0.0, Diff:  0.0, Sum:  0.0, Workers: 4
[602.332s][debug][gc,phases      ] GC(37)     Dead                           Min: 0, Avg:  0.0, Max: 0, Diff: 0, Sum: 0, Workers: 4
[602.332s][debug][gc,phases      ] GC(37)     Total                          Min: 0, Avg:  0.0, Max: 0, Diff: 0, Sum: 0, Workers: 4
[602.332s][debug][gc,phases      ] GC(37)   Weak JFR Old Object Samples    Min:  0.0, Avg:  0.0, Max:  0.0, Diff:  0.0, Sum:  0.0, Workers: 4
[602.332s][debug][gc,phases      ] GC(37)     Dead                           Min: 0, Avg:  0.0, Max: 0, Diff: 0, Sum: 0, Workers: 4
[602.332s][debug][gc,phases      ] GC(37)     Total                          Min: 0, Avg:  0.0, Max: 0, Diff: 0, Sum: 0, Workers: 4
[602.332s][debug][gc,phases      ] GC(37) Weak Processing 0.310ms
[602.332s][debug][gc,age         ] GC(37) Desired survivor size 281018368 bytes, new threshold 15 (max threshold 15)
[602.332s][info ][gc,heap        ] GC(37) PSYoungGen: 1510752K(1809920K)->384K(1797632K) Eden: 1510400K(1510400K)->0K(1510400K) From: 352K(299520K)->384K(287232K)
[602.332s][info ][gc,heap        ] GC(37) ParOldGen: 220230K(354304K)->220230K(354304K)
[602.332s][info ][gc,metaspace   ] GC(37) Metaspace: 75740K(76608K)->75740K(76608K) NonClass: 64886K(65344K)->64886K(65344K) Class: 10853K(11264K)->10853K(11264K)
[602.332s][info ][gc             ] GC(37) Pause Young (Allocation Failure) 1690M->215M(2101M) 1.084ms
[602.332s][info ][gc,cpu         ] GC(37) User=0.00s Sys=0.01s Real=0.00s
[602.332s][info ][safepoint      ] Safepoint "ParallelGCFailedAllocation", Time since last: 25499811972 ns, Reaching safepoint: 39900 ns, At safepoint: 1157508 ns, Total: 1197408 ns
[614.333s][info ][safepoint      ] Safepoint "Cleanup", Time since last: 12000734475 ns, Reaching safepoint: 91300 ns, At safepoint: 6700 ns, Total: 98000 ns
[615.333s][info ][safepoint      ] Safepoint "Cleanup", Time since last: 1000110101 ns, Reaching safepoint: 41401 ns, At safepoint: 5900 ns, Total: 47301 ns
[627.333s][info ][safepoint      ] Safepoint "Cleanup", Time since last: 12000714096 ns, Reaching safepoint: 42501 ns, At safepoint: 10400 ns, Total: 52901 ns
[627.581s][info ][gc,start       ] GC(38) Pause Young (Allocation Failure)
[627.582s][debug][gc,phases      ] GC(38) Scavenge 0.675ms
[627.582s][debug][gc,ref         ] GC(38) Skipped phase 1 of Reference Processing: no references
[627.582s][debug][gc,ref         ] GC(38) Skipped phase 2 of Reference Processing: no references
[627.582s][debug][gc,ref         ] GC(38) Skipped phase 3 of Reference Processing: no references
[627.582s][debug][gc,ref         ] GC(38) Skipped phase 4 of Reference Processing: no references
[627.582s][debug][gc,phases      ] GC(38) Reference Processing 0.036ms
[627.582s][debug][gc,phases      ] GC(38)   VM Weak                        Min:  0.0, Avg:  0.0, Max:  0.0, Diff:  0.0, Sum:  0.0, Workers: 4
[627.582s][debug][gc,phases      ] GC(38)     Dead                           Min: 0, Avg:  0.0, Max: 0, Diff: 0, Sum: 0, Workers: 4
[627.582s][debug][gc,phases      ] GC(38)     Total                          Min: 0, Avg: 163.8, Max: 320, Diff: 320, Sum: 655, Workers: 4
[627.582s][debug][gc,phases      ] GC(38)   ObjectSynchronizer Weak        Min:  0.0, Avg:  0.0, Max:  0.0, Diff:  0.0, Sum:  0.0, Workers: 4
[627.582s][debug][gc,phases      ] GC(38)     Dead                           Min: 0, Avg:  0.0, Max: 0, Diff: 0, Sum: 0, Workers: 4
[627.582s][debug][gc,phases      ] GC(38)     Total                          Min: 0, Avg:  7.2, Max: 29, Diff: 29, Sum: 29, Workers: 4
[627.582s][debug][gc,phases      ] GC(38)   JVMTI Tag Weak OopStorage      Min:  0.0, Avg:  0.0, Max:  0.0, Diff:  0.0, Sum:  0.0, Workers: 4
[627.582s][debug][gc,phases      ] GC(38)     Dead                           Min: 0, Avg:  0.0, Max: 0, Diff: 0, Sum: 0, Workers: 4
[627.582s][debug][gc,phases      ] GC(38)     Total                          Min: 0, Avg:  0.0, Max: 0, Diff: 0, Sum: 0, Workers: 4
[627.582s][debug][gc,phases      ] GC(38)   StringTable Weak               Min:  0.0, Avg:  0.1, Max:  0.1, Diff:  0.1, Sum:  0.3, Workers: 4
[627.582s][debug][gc,phases      ] GC(38)     Dead                           Min: 0, Avg:  0.0, Max: 0, Diff: 0, Sum: 0, Workers: 4
[627.582s][debug][gc,phases      ] GC(38)     Total                          Min: 0, Avg: 10511.5, Max: 16639, Diff: 16639, Sum: 42046, Workers: 4
[627.582s][debug][gc,phases      ] GC(38)   ResolvedMethodTable Weak       Min:  0.0, Avg:  0.0, Max:  0.0, Diff:  0.0, Sum:  0.1, Workers: 4
[627.582s][debug][gc,phases      ] GC(38)     Dead                           Min: 0, Avg:  0.0, Max: 0, Diff: 0, Sum: 0, Workers: 4
[627.582s][debug][gc,phases      ] GC(38)     Total                          Min: 0, Avg: 2034.0, Max: 3264, Diff: 3264, Sum: 8136, Workers: 4
[627.582s][debug][gc,phases      ] GC(38)   JNI Weak                       Min:  0.0, Avg:  0.0, Max:  0.0, Diff:  0.0, Sum:  0.0, Workers: 4
[627.582s][debug][gc,phases      ] GC(38)     Dead                           Min: 0, Avg:  0.0, Max: 0, Diff: 0, Sum: 0, Workers: 4
[627.582s][debug][gc,phases      ] GC(38)     Total                          Min: 0, Avg: 11.2, Max: 45, Diff: 45, Sum: 45, Workers: 4
[627.582s][debug][gc,phases      ] GC(38)   StringDedup Table Weak         Min:  0.0, Avg:  0.0, Max:  0.0, Diff:  0.0, Sum:  0.0, Workers: 4
[627.582s][debug][gc,phases      ] GC(38)     Dead                           Min: 0, Avg:  0.0, Max: 0, Diff: 0, Sum: 0, Workers: 4
[627.582s][debug][gc,phases      ] GC(38)     Total                          Min: 0, Avg:  0.0, Max: 0, Diff: 0, Sum: 0, Workers: 4
[627.582s][debug][gc,phases      ] GC(38)   StringDedup Requests0 Weak     Min:  0.0, Avg:  0.0, Max:  0.0, Diff:  0.0, Sum:  0.0, Workers: 4
[627.582s][debug][gc,phases      ] GC(38)     Dead                           Min: 0, Avg:  0.0, Max: 0, Diff: 0, Sum: 0, Workers: 4
[627.582s][debug][gc,phases      ] GC(38)     Total                          Min: 0, Avg:  0.0, Max: 0, Diff: 0, Sum: 0, Workers: 4
[627.582s][debug][gc,phases      ] GC(38)   StringDedup Requests1 Weak     Min:  0.0, Avg:  0.0, Max:  0.0, Diff:  0.0, Sum:  0.0, Workers: 4
[627.582s][debug][gc,phases      ] GC(38)     Dead                           Min: 0, Avg:  0.0, Max: 0, Diff: 0, Sum: 0, Workers: 4
[627.582s][debug][gc,phases      ] GC(38)     Total                          Min: 0, Avg:  0.0, Max: 0, Diff: 0, Sum: 0, Workers: 4
[627.582s][debug][gc,phases      ] GC(38)   Weak JFR Old Object Samples    Min:  0.0, Avg:  0.0, Max:  0.0, Diff:  0.0, Sum:  0.0, Workers: 4
[627.582s][debug][gc,phases      ] GC(38)     Dead                           Min: 0, Avg:  0.0, Max: 0, Diff: 0, Sum: 0, Workers: 4
[627.582s][debug][gc,phases      ] GC(38)     Total                          Min: 0, Avg:  0.0, Max: 0, Diff: 0, Sum: 0, Workers: 4
[627.582s][debug][gc,phases      ] GC(38) Weak Processing 0.294ms
[627.582s][debug][gc,age         ] GC(38) Desired survivor size 267386880 bytes, new threshold 15 (max threshold 15)
[627.582s][info ][gc,heap        ] GC(38) PSYoungGen: 1510784K(1797632K)->480K(1836032K) Eden: 1510400K(1510400K)->0K(1561600K) From: 384K(287232K)->480K(274432K)
[627.582s][info ][gc,heap        ] GC(38) ParOldGen: 220230K(354304K)->220238K(354304K)
[627.582s][info ][gc,metaspace   ] GC(38) Metaspace: 75754K(76608K)->75754K(76608K) NonClass: 64900K(65344K)->64900K(65344K) Class: 10853K(11264K)->10853K(11264K)
[627.582s][info ][gc             ] GC(38) Pause Young (Allocation Failure) 1690M->215M(2139M) 1.095ms
[627.582s][info ][gc,cpu         ] GC(38) User=0.00s Sys=0.00s Real=0.00s
[627.582s][info ][safepoint      ] Safepoint "ParallelGCFailedAllocation", Time since last: 247824096 ns, Reaching safepoint: 34100 ns, At safepoint: 1150609 ns, Total: 1184709 ns
[635.968s][info ][safepoint      ] Safepoint "Cleanup", Time since last: 8385698287 ns, Reaching safepoint: 70800 ns, At safepoint: 10900 ns, Total: 81700 ns
[636.996s][info ][safepoint      ] Safepoint "Cleanup", Time since last: 1027944351 ns, Reaching safepoint: 98000 ns, At safepoint: 4700 ns, Total: 102700 ns
[690.891s][info ][safepoint      ] Safepoint "Cleanup", Time since last: 53894313970 ns, Reaching safepoint: 65900 ns, At safepoint: 7500 ns, Total: 73400 ns
[704.892s][info ][safepoint      ] Safepoint "Cleanup", Time since last: 14001039721 ns, Reaching safepoint: 102200 ns, At safepoint: 5900 ns, Total: 108100 ns
[714.893s][info ][safepoint      ] Safepoint "Cleanup", Time since last: 10000661313 ns, Reaching safepoint: 53300 ns, At safepoint: 9501 ns, Total: 62801 ns
[742.894s][info ][safepoint      ] Safepoint "Cleanup", Time since last: 28001695409 ns, Reaching safepoint: 45900 ns, At safepoint: 2300 ns, Total: 48200 ns
[751.895s][info ][safepoint      ] Safepoint "Cleanup", Time since last: 9000543180 ns, Reaching safepoint: 36700 ns, At safepoint: 3200 ns, Total: 39900 ns
[757.342s][info ][safepoint      ] Safepoint "Cleanup", Time since last: 5446654737 ns, Reaching safepoint: 97100 ns, At safepoint: 7400 ns, Total: 104500 ns
[757.357s][info ][gc,heap,exit   ] Heap
[757.357s][info ][gc,heap,exit   ]  PSYoungGen      total 1836032K, used 1413646K [0x0000000780000000, 0x0000000800000000, 0x0000000800000000)
[757.357s][info ][gc,heap,exit   ]   eden space 1561600K, 90% used [0x0000000780000000,0x00000007d640bb00,0x00000007df500000)
[757.357s][info ][gc,heap,exit   ]   from space 274432K, 0% used [0x00000007ef400000,0x00000007ef478030,0x0000000800000000)
[757.357s][info ][gc,heap,exit   ]   to   space 261120K, 0% used [0x00000007df500000,0x00000007df500000,0x00000007ef400000)
[757.357s][info ][gc,heap,exit   ]  ParOldGen       total 354304K, used 220238K [0x0000000740000000, 0x0000000755a00000, 0x0000000780000000)
[757.357s][info ][gc,heap,exit   ]   object space 354304K, 62% used [0x0000000740000000,0x000000074d713930,0x0000000755a00000)
[757.357s][info ][gc,heap,exit   ]  Metaspace       used 75971K, committed 76800K, reserved 1179648K
[757.357s][info ][gc,heap,exit   ]   class space    used 10886K, committed 11264K, reserved 1048576K
